66.249.71.239 - - [30/Sep/2015:02:30:20 +0800] "GET /content/nav/relationSubject.jsp?relationWords=%E9%AA%A8%E7%AE%AD%E9%A0%AD+&oid=1856974 HTTP/1.1" 200 2990
66.249.71.229 - - [30/Sep/2015:02:30:22 +0800] "GET /content/nav/relationSubject.jsp?relationWords=%E9%AA%A8%E7%AE%AD%E9%A0%AD%20&oid=1856974 HTTP/1.1" 200 2990
66.249.71.229 - - [30/Sep/2015:02:31:06 +0800] "GET /content/nav/relationSubject.jsp?relationWords=%E9%BE%9C%E7%94%B2%E5%8D%9C%E8%BE%AD%E6%AE%98%E7%89%87+&oid=1873023 HTTP/1.1" 200 3071
66.249.71.239 - - [30/Sep/2015:02:31:13 +0800] "GET /content/nav/relationSubject.jsp?relationWords=%E9%BE%9C%E7%94%B2%E5%8D%9C%E8%BE%AD%E6%AE%98%E7%89%87%20&oid=1873023 HTTP/1.1" 200 3071
66.249.71.196 - - [30/Sep/2015:02:31:24 +0800] "GET /digiarch/content/repository/resource_content.jsp?oid=1854654 HTTP/1.1" 404 14873
66.249.71.216 - - [30/Sep/2015:02:32:07 +0800] "GET /content/subject/resource_content.jsp?oid=16777725&queryString=%E5%8F%B0%E7%81%A3%E5%8E%9F%E4%BD%8F%E6%B0%91 HTTP/1.1" 200 33630
66.249.71.239 - - [30/Sep/2015:02:32:25 +0800] "GET /content/nav/relationSubject.jsp?relationWords=%E9%BE%9C%E7%94%B2%E5%8D%9C%E8%BE%AD%E6%AE%98%E7%89%87+&oid=1850102 HTTP/1.1" 200 3071
66.249.71.239 - - [30/Sep/2015:02:32:31 +0800] "GET /content/nav/relationSubject.jsp?relationWords=%E9%BE%9C%E7%94%B2%E5%8D%9C%E8%BE%AD%E6%AE%98%E7%89%87%20&oid=1850102 HTTP/1.1" 200 3071
66.249.71.239 - - [30/Sep/2015:02:33:06 +0800] "GET /content/nav/relationSubject.jsp?relationWords=%E5%AF%8C%E6%B0%91%E7%B8%A3+%E9%99%B8%E6%B8%AC%E5%9C%96+&oid=184914 HTTP/1.1" 200 3129
66.249.71.239 - - [30/Sep/2015:02:33:09 +0800] "GET /content/nav/relationSubject.jsp?relationWords=%E5%AF%8C%E6%B0%91%E7%B8%A3%20%E9%99%B8%E6%B8%AC%E5%9C%96%20&oid=184914 HTTP/1.1" 200 3129
207.46.13.136 - - [30/Sep/2015:02:33:35 +0800] "GET /content/nav/relationSubject.jsp?relationWords=%E6%95%B8%E4%BD%8D%E5%85%B8%E8%97%8F+%E9%89%9B%E5%AD%97+%E9%8A%85%E6%A8%A1+&oid=16777769 HTTP/1.1" 200 11830
66.249.71.249 - - [30/Sep/2015:02:33:50 +0800] "GET /digiarch_en/content/nav/relationSubject.jsp?relationWords=%E4%B8%8A%E8%AA%B2+%E4%B8%AD%E5%A4%AE%E5%9C%96%E6%9B%B8%E9%A4%A8+%E5%9C%8B%E6%A0%A1+%E5%9C%8B%E6%B0%91%E6%95%99%E8%82%B2+%E5%B0%88%E7%A7%91+%E5%B8%AB%E7%AF%84%E5%AD%B8%E6%A0%A1+%E6%95%99%E8%82%B2%E4%BA%BA%E5%93%A1+%E6%95%99%E8%82%B2%E5%BB%B3+%E6%95%99%E8%82%B2%E8%A1%8C%E6%94%BF+%E7%A4%BE%E6%9C%83%E4%B8%AD%E5%BF%83+%E7%B6%93%E8%B2%BB%E4%B8%8D%E8%B6%B3+%E8%81%B7%E6%A0%A1+%E8%81%B7%E6%A5%AD%E5%AD%B8%E6%A0%A1+%E8%81%B7%E6%A5%AD%E6%95%99%E8%82%B2+%E8%87%BA%E5%8D%97%E5%B7%A5%E5%AD%B8%E9%99%A2+%E8%87%BA%E7%81%A3%E5%A4%A7%E5%AD%B8+%E9%A0%90%E7%AE%97+&oid=1540184 HTTP/1.1" 200 8043
66.249.71.249 - - [30/Sep/2015:02:33:51 +0800] "GET /digiarch_en/content/nav/relationSubject.jsp?relationWords=%E4%B8%8A%E8%AA%B2%20%E4%B8%AD%E5%A4%AE%E5%9C%96%E6%9B%B8%E9%A4%A8%20%E5%9C%8B%E6%A0%A1%20%E5%9C%8B%E6%B0%91%E6%95%99%E8%82%B2%20%E5%B0%88%E7%A7%91%20%E5%B8%AB%E7%AF%84%E5%AD%B8%E6%A0%A1%20%E6%95%99%E8%82%B2%E4%BA%BA%E5%93%A1%20%E6%95%99%E8%82%B2%E5%BB%B3%20%E6%95%99%E8%82%B2%E8%A1%8C%E6%94%BF%20%E7%A4%BE%E6%9C%83%E4%B8%AD%E5%BF%83%20%E7%B6%93%E8%B2%BB%E4%B8%8D%E8%B6%B3%20%E8%81%B7%E6%A0%A1%20%E8%81%B7%E6%A5%AD%E5%AD%B8%E6%A0%A1%20%E8%81%B7%E6%A5%AD%E6%95%99%E8%82%B2%20%E8%87%BA%E5%8D%97%E5%B7%A5%E5%AD%B8%E9%99%A2%20%E8%87%BA%E7%81%A3%E5%A4%A7%E5%AD%B8%20%E9%A0%90%E7%AE%97%20&oid=1540184 HTTP/1.1" 200 8043
66.249.71.249 - - [30/Sep/2015:02:33:52 +0800] "GET /content/nav/relationSubject.jsp?relationWords=%E5%8A%89%E7%82%B3+%E7%B0%A1%E6%98%8E%E6%99%AF+%E9%87%91%E7%94%9F+&oid=1890531 HTTP/1.1" 200 3224
66.249.71.239 - - [30/Sep/2015:02:33:54 +0800] "GET /content/nav/relationSubject.jsp?relationWords=%E5%8A%89%E7%82%B3%20%E7%B0%A1%E6%98%8E%E6%99%AF%20%E9%87%91%E7%94%9F%20&oid=1890531 HTTP/1.1" 200 3224
207.46.13.136 - - [30/Sep/2015:02:33:59 +0800] "GET /content/repository/resource_content.jsp?oid=1457080 HTTP/1.1" 200 30131
66.249.71.229 - - [30/Sep/2015:02:34:13 +0800] "GET /content/subject/resource_content.jsp?oid=16777604&queryType=qs&queryString=%E8%87%BA%E7%81%A3%E7%B8%BD%E7%9D%A3%E5%BA%9C HTTP/1.1" 200 59885
180.76.15.34 - - [30/Sep/2015:02:34:16 +0800] "GET /content/repository/resource_content.jsp?oid=1550666 HTTP/1.1" 200 28981
66.249.79.221 - - [30/Sep/2015:02:34:44 +0800] "GET /content/nav/relationSubject.jsp?relationWords=%E5%B8%82%E5%8D%80%E9%81%93%E8%B7%AF+%E6%9D%BF%E6%A9%8B%E5%B8%82+%E8%87%BA%E5%8C%97%E7%B8%A3+%E9%9B%A8%E6%B0%B4%E4%B8%8B%E6%B0%B4%E9%81%93+&oid=1626446 HTTP/1.1" 200 5355
66.249.71.239 - - [30/Sep/2015:02:34:47 +0800] "GET /content/nav/relationSubject.jsp?relationWords=%E5%B8%82%E5%8D%80%E9%81%93%E8%B7%AF%20%E6%9D%BF%E6%A9%8B%E5%B8%82%20%E8%87%BA%E5%8C%97%E7%B8%A3%20%E9%9B%A8%E6%B0%B4%E4%B8%8B%E6%B0%B4%E9%81%93%20&oid=1626446 HTTP/1.1" 200 5355
157.55.39.205 - - [30/Sep/2015:02:35:00 +0800] "GET /content/nav/relationSubject.jsp?relationWords=%E8%8C%84%E8%8B%B3+&oid=16777306 HTTP/1.1" 200 4432
123.125.71.113 - - [30/Sep/2015:02:35:24 +0800] "GET /digiarch_en/content/subject/resource_content.jsp?oid=16777742&queryType=qc HTTP/1.1" 200 34488
66.249.71.239 - - [30/Sep/2015:02:35:26 +0800] "GET /content/nav/relationSubject.jsp?relationWords=%E9%AA%A8%E7%AE%AD%E9%A0%AD+&oid=1859820 HTTP/1.1" 200 2990
66.249.71.239 - - [30/Sep/2015:02:35:28 +0800] "GET /content/nav/relationSubject.jsp?relationWords=%E9%AA%A8%E7%AE%AD%E9%A0%AD%20&oid=1859820 HTTP/1.1" 200 2990
220.181.108.84 - - [30/Sep/2015:02:35:42 +0800] "GET /digiarch_en/content/nav/relationSubject.jsp?relationWords=%E6%9D%8E%E6%BF%9F+%E6%A2%81%E6%80%9D%E6%B0%B8+%E6%AE%B7%E5%A2%9F+%E7%9B%9C%E5%A2%93+%E8%91%A3%E4%BD%9C%E8%B3%93+&oid=16777742 HTTP/1.1" 200 6250
123.126.113.162 - - [30/Sep/2015:02:36:48 +0800] "GET /digiarch/content/repository/resource_content.jsp?oid=2524908 HTTP/1.1" 404 14873
66.249.71.226 - - [30/Sep/2015:02:37:00 +0800] "GET /content/repository/resource_content.jsp?oid=2676414&queryType=qs&queryString=%E5%A5%8E%E6%9E%97 HTTP/1.1" 200 30216
68.180.228.24 - - [30/Sep/2015:02:37:45 +0800] "GET /content/subject/resource_content.jsp?oid=16777337&queryType=qc HTTP/1.1" 200 28272
54.209.56.214 - - [30/Sep/2015:02:37:54 +0800] "GET /content/subject/resource_content.jsp?oid=16777746&queryType=qc HTTP/1.1" 200 39179
66.249.79.221 - - [30/Sep/2015:02:38:25 +0800] "GET /content/repository/resource_content.jsp?oid=19563 HTTP/1.1" 200 29726
66.249.71.239 - - [30/Sep/2015:02:39:27 +0800] "GET /content/nav/relationSubject.jsp?relationWords=&oid=2573046 HTTP/1.1" 200 1405
66.249.71.239 - - [30/Sep/2015:02:39:41 +0800] "GET /content/nav/relationSubject.jsp?relationWords=&oid=2603475 HTTP/1.1" 200 1405
66.249.79.221 - - [30/Sep/2015:02:39:49 +0800] "GET /content/nav/relationSubject.jsp?relationWords=%E9%81%BC%E5%AF%A7+%E9%99%B8%E6%B8%AC%E5%9C%96+&oid=182198 HTTP/1.1" 200 3114
66.249.71.249 - - [30/Sep/2015:02:39:51 +0800] "GET /content/nav/relationSubject.jsp?relationWords=%E9%81%BC%E5%AF%A7%20%E9%99%B8%E6%B8%AC%E5%9C%96%20&oid=182198 HTTP/1.1" 200 3114
220.129.109.246 - - [30/Sep/2015:02:40:13 +0800] "GET /content/nav/relationSubject.jsp?relationWords=%E5%A4%9A%E6%A8%A3%E6%80%A7+%E7%A5%9E%E7%A5%AD+%E8%B2%9D%E5%A1%9A+%E8%B2%9D%E7%A5%9E+%E9%84%92%E6%97%8F+&oid=16777484 HTTP/1.1" 200 7500
66.249.71.239 - - [30/Sep/2015:02:40:30 +0800] "GET /content/repository/resource_content.jsp?oid=1894286 HTTP/1.1" 200 28553
66.249.79.214 - - [30/Sep/2015:02:40:50 +0800] "GET /content/nav/relationSubject.jsp?relationWords=%E9%BE%9C%E7%94%B2%E5%8D%9C%E8%BE%AD%E6%AE%98%E7%89%87+&oid=1873272 HTTP/1.1" 200 3071
66.249.71.249 - - [30/Sep/2015:02:40:53 +0800] "GET /content/nav/relationSubject.jsp?relationWords=%E9%BE%9C%E7%94%B2%E5%8D%9C%E8%BE%AD%E6%AE%98%E7%89%87%20&oid=1873272 HTTP/1.1" 200 3071
66.249.71.229 - - [30/Sep/2015:02:41:12 +0800] "GET /content/subject/resource_content.jsp?oid=16777349 HTTP/1.1" 200 36470
66.249.71.249 - - [30/Sep/2015:02:41:25 +0800] "GET /digiarch_en/content/subject/resource_content.jsp?oid=16777440&queryType=qc HTTP/1.1" 200 45230
123.125.71.112 - - [30/Sep/2015:02:41:35 +0800] "GET /content/subject/resource_content.jsp?oid=16777582 HTTP/1.1" 200 28896
66.249.71.226 - - [30/Sep/2015:02:41:54 +0800] "GET /content/subject/resource_content.jsp?oid=16777633&queryType=qc HTTP/1.1" 200 56617
66.249.71.249 - - [30/Sep/2015:02:42:05 +0800] "GET /content/nav/relationSubject.jsp?relationWords=%E5%8C%97%E6%B5%B7%E5%B7%BF+%E5%9C%B0%E5%BD%A2%E5%9C%96+&oid=217125 HTTP/1.1" 200 3105
66.249.71.239 - - [30/Sep/2015:02:42:07 +0800] "GET /content/nav/relationSubject.jsp?relationWords=%E5%8C%97%E6%B5%B7%E5%B7%BF%20%E5%9C%B0%E5%BD%A2%E5%9C%96%20&oid=217125 HTTP/1.1" 200 3105
66.249.71.249 - - [30/Sep/2015:02:45:10 +0800] "GET /content/nav/relationSubject.jsp?relationWords=%E9%BE%9C%E7%94%B2%E5%8D%9C%E8%BE%AD%E6%AE%98%E7%89%87+&oid=1881701 HTTP/1.1" 200 3071
66.249.71.239 - - [30/Sep/2015:02:45:13 +0800] "GET /content/nav/relationSubject.jsp?relationWords=%E9%BE%9C%E7%94%B2%E5%8D%9C%E8%BE%AD%E6%AE%98%E7%89%87%20&oid=1881701 HTTP/1.1" 200 3071
66.249.71.229 - - [30/Sep/2015:02:45:31 +0800] "GET /content/nav/relationSubject.jsp?relationWords=%E5%B5%8C%E7%89%87+&oid=1868159 HTTP/1.1" 200 2987
66.249.79.214 - - [30/Sep/2015:02:45:32 +0800] "GET /content/nav/relationSubject.jsp?relationWords=%E5%B5%8C%E7%89%87%20&oid=1868159 HTTP/1.1" 200 2987
66.249.71.229 - - [30/Sep/2015:02:46:21 +0800] "GET /content/nav/relationSubject.jsp?relationWords=&oid=2595522 HTTP/1.1" 200 1405
66.249.71.232 - - [30/Sep/2015:02:47:29 +0800] "GET /content/repository/resource_content.jsp?oid=4362688&queryType=qs&queryString=%E7%B1%90%E7%B0%8D HTTP/1.1" 200 28095
220.181.108.177 - - [30/Sep/2015:02:47:40 +0800] "GET /content/subject/resource_content.jsp?oid=16777412 HTTP/1.1" 200 33915
76.30.135.34 - - [30/Sep/2015:02:48:01 +0800] "GET /content/nav/relationSubject.jsp?relationWords=%E6%9D%8E%E6%BF%9F+&oid=16777377 HTTP/1.1" 200 3256
66.249.71.229 - - [30/Sep/2015:02:48:12 +0800] "GET /digiarch_en/content/subject/resource_content.jsp?oid=16777254&queryString=%E5%8F%B0%E7%81%A3%E6%AC%92%E6%A8%B9 HTTP/1.1" 200 31159
66.249.71.229 - - [30/Sep/2015:02:48:30 +0800] "GET /content/nav/relationSubject.jsp?relationWords=&oid=2587523 HTTP/1.1" 200 1405
66.249.71.249 - - [30/Sep/2015:02:48:53 +0800] "GET /content/repository/resource_content.jsp?oid=1819668 HTTP/1.1" 200 28346
66.249.71.249 - - [30/Sep/2015:02:49:35 +0800] "GET /content/repository/resource_content.jsp?oid=1555025 HTTP/1.1" 200 31816
66.249.71.239 - - [30/Sep/2015:02:49:59 +0800] "GET /content/nav/relationSubject.jsp?relationWords=%E5%95%86%E6%A8%99%E6%B3%95+&oid=623961 HTTP/1.1" 200 3782
66.249.71.249 - - [30/Sep/2015:02:50:02 +0800] "GET /content/nav/relationSubject.jsp?relationWords=%E5%95%86%E6%A8%99%E6%B3%95%20&oid=623961 HTTP/1.1" 200 3782
66.249.71.249 - - [30/Sep/2015:02:50:17 +0800] "GET /content/repository/resource_content.jsp?oid=1871150 HTTP/1.1" 200 29544
66.249.71.239 - - [30/Sep/2015:02:50:59 +0800] "GET /content/repository/resource_content.jsp?oid=1536552 HTTP/1.1" 200 28378
66.249.71.249 - - [30/Sep/2015:02:51:41 +0800] "GET /content/repository/resource_content.jsp?oid=1883228 HTTP/1.1" 200 28794
66.249.71.249 - - [30/Sep/2015:02:52:10 +0800] "GET /content/nav/relationSubject.jsp?relationWords=&oid=1620970 HTTP/1.1" 200 1405
66.249.79.207 - - [30/Sep/2015:02:52:24 +0800] "GET /content/repository/resource_content.jsp?oid=1607854 HTTP/1.1" 200 28606
66.249.71.239 - - [30/Sep/2015:02:52:56 +0800] "GET /content/nav/relationSubject.jsp?relationWords=&oid=1839124 HTTP/1.1" 200 1405
66.249.71.239 - - [30/Sep/2015:02:53:05 +0800] "GET /content/repository/resource_content.jsp?oid=194554 HTTP/1.1" 200 29702
66.249.71.158 - - [30/Sep/2015:02:53:41 +0800] "GET /content/nav/relationSubject.jsp?relationWords=%E5%8D%94%E5%B0%89+&oid=2680923 HTTP/1.1" 200 3081
66.249.79.186 - - [30/Sep/2015:02:53:43 +0800] "GET /content/nav/relationSubject.jsp?relationWords=%E5%8D%94%E5%B0%89%20&oid=2680923 HTTP/1.1" 200 3081
66.249.79.207 - - [30/Sep/2015:02:54:29 +0800] "GET /content/repository/resource_content.jsp?oid=1893066 HTTP/1.1" 200 28376
66.249.71.239 - - [30/Sep/2015:02:54:30 +0800] "GET /content/repository/resource_content.jsp?oid=1876963 HTTP/1.1" 200 28745
66.249.71.249 - - [30/Sep/2015:02:54:39 +0800] "GET /content/nav/relationSubject.jsp?relationWords=%E9%BE%9C%E7%94%B2%E5%8D%9C%E8%BE%AD%E6%AE%98%E7%89%87+&oid=1873830 HTTP/1.1" 200 3071
66.249.71.229 - - [30/Sep/2015:02:54:47 +0800] "GET /content/nav/relationSubject.jsp?relationWords=%E9%BE%9C%E7%94%B2%E5%8D%9C%E8%BE%AD%E6%AE%98%E7%89%87%20&oid=1873830 HTTP/1.1" 200 3071
66.249.71.229 - - [30/Sep/2015:02:54:54 +0800] "GET /content/nav/relationSubject.jsp?relationWords=%E9%99%B8%E6%B8%AC%E5%9C%96+%E9%BE%8D%E6%A9%8B+&oid=184057 HTTP/1.1" 200 3114
66.249.71.249 - - [30/Sep/2015:02:55:00 +0800] "GET /content/nav/relationSubject.jsp?relationWords=%E9%99%B8%E6%B8%AC%E5%9C%96%20%E9%BE%8D%E6%A9%8B%20&oid=184057 HTTP/1.1" 200 3114
66.249.71.249 - - [30/Sep/2015:02:55:11 +0800] "GET /content/repository/resource_content.jsp?oid=1891331 HTTP/1.1" 200 28488
66.249.71.229 - - [30/Sep/2015:02:55:15 +0800] "GET /content/nav/relationSubject.jsp?relationWords=%E9%BE%9C%E7%94%B2%E5%8D%9C%E8%BE%AD%E6%AE%98%E7%89%87+&oid=1844082 HTTP/1.1" 200 3071
66.249.71.249 - - [30/Sep/2015:02:55:19 +0800] "GET /content/nav/relationSubject.jsp?relationWords=%E9%BE%9C%E7%94%B2%E5%8D%9C%E8%BE%AD%E6%AE%98%E7%89%87%20&oid=1844082 HTTP/1.1" 200 3071
66.249.71.239 - - [30/Sep/2015:02:55:34 +0800] "GET /content/repository/resource_content.jsp?oid=2596799 HTTP/1.1" 200 29409
122.116.183.131 - - [30/Sep/2015:02:55:37 +0800] "GET /content/repository/resource_content.jsp?oid=2151254 HTTP/1.1" 200 30861
122.116.183.131 - - [30/Sep/2015:02:55:39 +0800] "GET /content/nav/relationSubject.jsp?relationWords=%E6%A0%B2%E5%B1%AC+%E6%A4%8D%E7%89%A9%E7%95%8C+%E6%AE%BC%E6%96%97%E7%A7%91+&oid=2151254 HTTP/1.1" 200 3022
66.249.71.239 - - [30/Sep/2015:02:55:53 +0800] "GET /content/repository/resource_content.jsp?oid=1848171 HTTP/1.1" 200 29474
66.249.71.249 - - [30/Sep/2015:02:56:35 +0800] "GET /content/repository/resource_content.jsp?oid=1607637 HTTP/1.1" 200 28824
66.249.71.249 - - [30/Sep/2015:02:57:17 +0800] "GET /content/repository/resource_content.jsp?oid=1877053 HTTP/1.1" 200 28744
66.249.79.193 - - [30/Sep/2015:02:57:59 +0800] "GET /content/repository/resource_content.jsp?oid=194945 HTTP/1.1" 200 29711
66.249.71.229 - - [30/Sep/2015:02:58:40 +0800] "GET /content/repository/resource_content.jsp?oid=1858263 HTTP/1.1" 200 29371
66.249.71.229 - - [30/Sep/2015:02:59:22 +0800] "GET /content/repository/resource_content.jsp?oid=1841957 HTTP/1.1" 200 28389
66.249.71.249 - - [30/Sep/2015:03:00:02 +0800] "GET /content/nav/relationSubject.jsp?relationWords=&oid=2580755 HTTP/1.1" 200 1405
66.249.71.249 - - [30/Sep/2015:03:00:04 +0800] "GET /content/repository/resource_content.jsp?oid=195542 HTTP/1.1" 200 29720
199.30.24.209 - - [30/Sep/2015:03:00:19 +0800] "GET /content/nav/relationSubject.jsp?relationWords=%E4%BF%9D%E8%AD%89%E9%87%91+%E5%84%B2%E8%93%84+%E5%85%A7%E9%8A%B7+%E5%85%AB%E4%B8%83%E6%B0%B4%E7%81%BD+%E5%85%AC%E7%87%9F%E4%BA%8B%E6%A5%AD+%E5%85%AC%E8%B3%A3%E5%B1%80+%E5%95%86%E6%A5%AD%E9%8A%80%E8%A1%8C+%E5%9C%B0%E6%96%B9%E8%B2%A1%E6%94%BF+%E5%B1%A0%E5%AE%B0%E7%A8%85+%E5%BB%BA%E4%B8%AD+%E5%BC%B5%E5%AF%8C+%E6%89%80%E5%BE%97%E7%A8%85+%E6%97%A5%E6%B2%BB%E6%99%82%E4%BB%A3+%E6%9E%97%E7%94%A2%E7%AE%A1%E7%90%86%E5%B1%80+%E7%81%BD%E5%8D%80+%E7%89%A9%E8%B3%87%E5%B1%80+%E7%A8%85%E6%8D%90+%E7%A8%BD%E5%BE%81+%E7%B5%84%E7%B9%94%E8%A6%8F%E7%A8%8B+%E7%B5%B1%E4%B8%80%E7%99%BC%E7%A5%A8+%E7%B6%9C%E5%90%88%E6%89%80%E5%BE%97%E7%A8%85+%E8%87%BA%E7%81%A3%E9%8A%80%E8%A1%8C+%E8%B2%A1%E6%94%BF+%E9%87%91%E7%94%9F+%E9%A0%90%E7%AE%97+&oid=1548057 HTTP/1.1" 200 6391
66.249.71.239 - - [30/Sep/2015:03:00:24 +0800] "GET /content/nav/relationSubject.jsp?relationWords=%E9%AA%A8%E7%AE%AD%E9%A0%AD+&oid=1856841 HTTP/1.1" 200 2990
66.249.71.249 - - [30/Sep/2015:03:00:26 +0800] "GET /content/nav/relationSubject.jsp?relationWords=%E9%AA%A8%E7%AE%AD%E9%A0%AD%20&oid=1856841 HTTP/1.1" 200 2990
66.249.71.229 - - [30/Sep/2015:03:00:46 +0800] "GET /content/repository/resource_content.jsp?oid=1828076 HTTP/1.1" 200 28635
66.249.71.239 - - [30/Sep/2015:03:01:04 +0800] "GET /content/nav/relationSubject.jsp?relationWords=&oid=1546367 HTTP/1.1" 200 1405
66.249.71.249 - - [30/Sep/2015:03:01:15 +0800] "GET /content/nav/relationSubject.jsp?relationWords=&oid=1875603 HTTP/1.1" 200 1405
66.249.71.239 - - [30/Sep/2015:03:01:28 +0800] "GET /content/repository/resource_content.jsp?oid=1859306 HTTP/1.1" 200 29173
66.249.71.229 - - [30/Sep/2015:03:01:39 +0800] "GET /content/nav/relationSubject.jsp?relationWords=&oid=1811726 HTTP/1.1" 200 1405
66.249.71.249 - - [30/Sep/2015:03:01:44 +0800] "GET /content/nav/relationSubject.jsp?relationWords=%E5%AE%89%E5%B9%B3%E6%B8%AF+%E8%BB%8A%E7%A6%8D+&oid=1620514 HTTP/1.1" 200 4289
66.249.71.249 - - [30/Sep/2015:03:01:49 +0800] "GET /content/nav/relationSubject.jsp?relationWords=%E5%AE%89%E5%B9%B3%E6%B8%AF%20%E8%BB%8A%E7%A6%8D%20&oid=1620514 HTTP/1.1" 200 4289
66.249.71.249 - - [30/Sep/2015:03:02:10 +0800] "GET /content/repository/resource_content.jsp?oid=1892159 HTTP/1.1" 200 28308
66.249.71.249 - - [30/Sep/2015:03:02:28 +0800] "GET /content/nav/relationSubject.jsp?relationWords=&oid=2596799 HTTP/1.1" 200 1405
66.249.71.249 - - [30/Sep/2015:03:02:45 +0800] "GET /content/nav/relationSubject.jsp?relationWords=%E5%9C%B0%E5%BD%A2%E5%9C%96+&oid=186875 HTTP/1.1" 200 3046
66.249.79.200 - - [30/Sep/2015:03:02:48 +0800] "GET /content/nav/relationSubject.jsp?relationWords=%E5%9C%B0%E5%BD%A2%E5%9C%96%20&oid=186875 HTTP/1.1" 200 3046
66.249.79.193 - - [30/Sep/2015:03:02:53 +0800] "GET /content/repository/resource_content.jsp?oid=1780017 HTTP/1.1" 200 26825
66.249.71.239 - - [30/Sep/2015:03:02:58 +0800] "GET /content/nav/relationSubject.jsp?relationWords=%E6%A4%8D%E7%89%A9%E7%95%8C+%E6%AF%9B%E8%8C%9B+%E6%AF%9B%E8%8C%9B%E5%B1%AC+%E6%AF%9B%E8%8C%9B%E7%A7%91+%E6%AF%9B%E8%8E%A8+&oid=1110397 HTTP/1.1" 200 3375
66.249.79.200 - - [30/Sep/2015:03:03:00 +0800] "GET /content/nav/relationSubject.jsp?relationWords=%E6%A4%8D%E7%89%A9%E7%95%8C%20%E6%AF%9B%E8%8C%9B%20%E6%AF%9B%E8%8C%9B%E5%B1%AC%20%E6%AF%9B%E8%8C%9B%E7%A7%91%20%E6%AF%9B%E8%8E%A8%20&oid=1110397 HTTP/1.1" 200 3375
68.180.228.24 - - [30/Sep/2015:03:03:13 +0800] "GET /content/tmp_exh/resource_content.jsp?oid=16777799&queryType=qc%201889 HTTP/1.1" 200 27807
66.249.71.229 - - [30/Sep/2015:03:03:34 +0800] "GET /content/repository/resource_content.jsp?oid=1781237 HTTP/1.1" 200 28471
66.249.71.229 - - [30/Sep/2015:03:04:16 +0800] "GET /content/repository/resource_content.jsp?oid=16928 HTTP/1.1" 200 29761
54.209.56.214 - - [30/Sep/2015:03:04:22 +0800] "GET /content/subject/resource_content.jsp?oid=16777779&queryType=qc HTTP/1.1" 200 37712
68.180.228.24 - - [30/Sep/2015:03:04:29 +0800] "GET /digiarch_en/content/subject/resource_content.jsp?oid=16777305&queryType=qc HTTP/1.1" 200 31939
66.249.71.249 - - [30/Sep/2015:03:04:58 +0800] "GET /content/repository/resource_content.jsp?oid=3349298 HTTP/1.1" 200 27812
66.249.71.207 - - [30/Sep/2015:03:05:39 +0800] "GET /digiarch/content/repository/resource_content.jsp?oid=177024 HTTP/1.1" 404 14873
66.249.71.229 - - [30/Sep/2015:03:05:49 +0800] "GET /content/nav/relationSubject.jsp?relationWords=%E4%B8%8A%E5%B2%A1%E9%8E%AE+%E5%9C%B0%E5%BD%A2%E5%9C%96+&oid=186895 HTTP/1.1" 200 3096
66.249.71.239 - - [30/Sep/2015:03:05:51 +0800] "GET /content/nav/relationSubject.jsp?relationWords=%E4%B8%8A%E5%B2%A1%E9%8E%AE%20%E5%9C%B0%E5%BD%A2%E5%9C%96%20&oid=186895 HTTP/1.1" 200 3096
66.249.79.200 - - [30/Sep/2015:03:06:10 +0800] "GET /content/nav/relationSubject.jsp?relationWords=%E8%87%BA%E5%8C%97%E5%B8%82+&oid=1577953 HTTP/1.1" 200 4562
66.249.79.200 - - [30/Sep/2015:03:06:12 +0800] "GET /content/nav/relationSubject.jsp?relationWords=%E8%87%BA%E5%8C%97%E5%B8%82%20&oid=1577953 HTTP/1.1" 200 4562
66.249.71.217 - - [30/Sep/2015:03:06:21 +0800] "GET /digiarch/content/repository/resource_content.jsp?oid=2551789 HTTP/1.1" 404 14873
66.249.71.249 - - [30/Sep/2015:03:06:24 +0800] "GET /content/nav/relationSubject.jsp?relationWords=%E6%8B%93%E7%89%87+%E7%94%B2%E9%AA%A8%E6%96%87+&oid=1828528 HTTP/1.1" 200 4578
66.249.79.200 - - [30/Sep/2015:03:06:26 +0800] "GET /content/nav/relationSubject.jsp?relationWords=%E6%8B%93%E7%89%87%20%E7%94%B2%E9%AA%A8%E6%96%87%20&oid=1828528 HTTP/1.1" 200 4578
66.249.71.239 - - [30/Sep/2015:03:06:35 +0800] "GET /content/nav/relationSubject.jsp?relationWords=%E9%AA%A8%E7%AE%AD%E9%A0%AD+&oid=1871461 HTTP/1.1" 200 2990
66.249.71.229 - - [30/Sep/2015:03:06:36 +0800] "GET /content/nav/relationSubject.jsp?relationWords=%E9%AA%A8%E7%AE%AD%E9%A0%AD%20&oid=1871461 HTTP/1.1" 200 2990
66.249.71.249 - - [30/Sep/2015:03:06:41 +0800] "GET /content/nav/relationSubject.jsp?relationWords=%E7%8E%89%E6%9D%BF+%E9%95%B7%E6%96%B9%E5%BD%A2%E7%89%8C+&oid=1869976 HTTP/1.1" 200 3084
66.249.71.249 - - [30/Sep/2015:03:06:43 +0800] "GET /content/nav/relationSubject.jsp?relationWords=%E5%9C%8B%E6%B0%91%E5%A4%96%E4%BA%A4+%E5%A4%96%E5%8C%AF+%E6%94%B6%E5%85%A5%E6%A1%88+%E6%BD%AE%E6%B5%81+&oid=1609603 HTTP/1.1" 200 4736
66.249.71.229 - - [30/Sep/2015:03:06:44 +0800] "GET /content/nav/relationSubject.jsp?relationWords=%E7%8E%89%E6%9D%BF%20%E9%95%B7%E6%96%B9%E5%BD%A2%E7%89%8C%20&oid=1869976 HTTP/1.1" 200 3084
66.249.71.249 - - [30/Sep/2015:03:06:44 +0800] "GET /content/nav/relationSubject.jsp?relationWords=%E5%9C%8B%E6%B0%91%E5%A4%96%E4%BA%A4%20%E5%A4%96%E5%8C%AF%20%E6%94%B6%E5%85%A5%E6%A1%88%20%E6%BD%AE%E6%B5%81%20&oid=1609603 HTTP/1.1" 200 4736
66.249.71.229 - - [30/Sep/2015:03:06:53 +0800] "GET /content/nav/relationSubject.jsp?relationWords=&oid=2604575 HTTP/1.1" 200 1405
66.249.71.249 - - [30/Sep/2015:03:07:03 +0800] "GET /content/nav/relationSubject.jsp?relationWords=&oid=831884 HTTP/1.1" 200 1405
66.249.71.216 - - [30/Sep/2015:03:07:04 +0800] "GET /content/repository/resource_content.jsp?oid=16356&queryString=%E6%97%97%E9%AD%9A HTTP/1.1" 200 35257
66.249.71.249 - - [30/Sep/2015:03:07:21 +0800] "GET /content/nav/relationSubject.jsp?relationWords=&oid=681639 HTTP/1.1" 200 1405
66.249.79.200 - - [30/Sep/2015:03:07:46 +0800] "GET /content/nav/relationSubject.jsp?relationWords=%E4%BA%A4%E6%B6%89%E5%93%A1+%E4%BA%BA%E5%90%8D%E6%AC%8A%E5%A8%81+%E5%A4%96%E4%BA%A4%E9%83%A8+%E6%95%B5%E5%83%91+%E9%BB%83%E6%A6%AE+&oid=730440 HTTP/1.1" 200 3694
66.249.79.200 - - [30/Sep/2015:03:07:47 +0800] "GET /content/nav/relationSubject.jsp?relationWords=%E4%BA%A4%E6%B6%89%E5%93%A1%20%E4%BA%BA%E5%90%8D%E6%AC%8A%E5%A8%81%20%E5%A4%96%E4%BA%A4%E9%83%A8%20%E6%95%B5%E5%83%91%20%E9%BB%83%E6%A6%AE%20&oid=730440 HTTP/1.1" 200 3694
207.46.13.79 - - [30/Sep/2015:03:08:25 +0800] "GET /content/nav/relationSubject.jsp?relationWords=%E6%AA%AC%E6%9E%9C+%E8%8A%92%E6%9E%9C+&oid=16777508 HTTP/1.1" 200 4379
66.249.79.207 - - [30/Sep/2015:03:08:30 +0800] "GET /content/nav/relationSubject.jsp?relationWords=&oid=2582064 HTTP/1.1" 200 1405
220.181.108.112 - - [30/Sep/2015:03:08:43 +0800] "GET /content/subject/resource_content.jsp?oid=16777500&queryType=qc HTTP/1.1" 200 33368
66.249.71.229 - - [30/Sep/2015:03:08:47 +0800] "GET /content/nav/relationSubject.jsp?relationWords=&oid=1821602 HTTP/1.1" 200 1405
66.249.71.249 - - [30/Sep/2015:03:09:10 +0800] "GET /content/repository/resource_content.jsp?oid=4351705&queryType=qs&queryString=%E8%84%8A%E6%A4%8E%E5%8B%95%E7%89%A9 HTTP/1.1" 200 33452
66.249.79.193 - - [30/Sep/2015:03:09:43 +0800] "GET /content/nav/relationSubject.jsp?relationWords=%E7%88%AA%E5%93%87%E8%A3%B8%E8%83%B8%E9%AF%99+&oid=16928 HTTP/1.1" 200 3213
66.249.71.229 - - [30/Sep/2015:03:09:46 +0800] "GET /content/nav/relationSubject.jsp?relationWords=%E7%88%AA%E5%93%87%E8%A3%B8%E8%83%B8%E9%AF%99%20&oid=16928 HTTP/1.1" 200 3213
66.249.71.206 - - [30/Sep/2015:03:10:34 +0800] "GET /content/repository/resource_content.jsp?oid=2627807&queryType=qs&queryString=%E5%85%AC%E5%B8%91 HTTP/1.1" 200 29492
66.249.71.229 - - [30/Sep/2015:03:11:17 +0800] "GET /content/repository/resource_content.jsp?oid=1462714 HTTP/1.1" 200 30592
66.249.79.200 - - [30/Sep/2015:03:11:42 +0800] "GET /content/nav/relationSubject.jsp?relationWords=%E6%9E%97%E5%AE%97%E7%94%B7+&oid=1892159 HTTP/1.1" 200 3735
66.249.71.229 - - [30/Sep/2015:03:11:44 +0800] "GET /content/nav/relationSubject.jsp?relationWords=%E6%9E%97%E5%AE%97%E7%94%B7%20&oid=1892159 HTTP/1.1" 200 3735
66.249.71.249 - - [30/Sep/2015:03:11:57 +0800] "GET /content/repository/resource_content.jsp?oid=1635866 HTTP/1.1" 200 28746
123.125.71.92 - - [30/Sep/2015:03:12:35 +0800] "GET /content/repository/resource_content.jsp?oid=4364245 HTTP/1.1" 200 28415
66.249.71.239 - - [30/Sep/2015:03:12:39 +0800] "GET /content/subject/resource_content.jsp?oid=16777540&queryString=%E5%8D%9A%E8%A6%BD%E6%9C%83%20%E5%8E%9F%E5%87%BD%20%E5%8F%B3%E4%BE%8D%E9%83%8E%20%E5%AD%B8%E6%94%BF HTTP/1.1" 200 31551
66.249.71.229 - - [30/Sep/2015:03:13:22 +0800] "GET /content/subject/resource_content.jsp?oid=16777291 HTTP/1.1" 200 28047
66.249.71.207 - - [30/Sep/2015:03:13:47 +0800] "GET /content/nav/relationSubject.jsp?relationWords=%E5%82%B3%E8%87%9A+%E9%99%B3%E5%98%89%E6%B3%B0+&oid=2549669 HTTP/1.1" 200 3134
66.249.71.196 - - [30/Sep/2015:03:13:49 +0800] "GET /content/nav/relationSubject.jsp?relationWords=%E5%82%B3%E8%87%9A%20%E9%99%B3%E5%98%89%E6%B3%B0%20&oid=2549669 HTTP/1.1" 200 3134
66.249.79.207 - - [30/Sep/2015:03:14:04 +0800] "GET /content/repository/resource_content.jsp?oid=2592817 HTTP/1.1" 200 28436
66.249.71.249 - - [30/Sep/2015:03:14:18 +0800] "GET /content/nav/relationSubject.jsp?relationWords=%E7%BF%A6%E8%82%A1%E7%A9%8E+&oid=1462714 HTTP/1.1" 200 3224
66.249.71.239 - - [30/Sep/2015:03:14:20 +0800] "GET /content/nav/relationSubject.jsp?relationWords=%E7%BF%A6%E8%82%A1%E7%A9%8E%20&oid=1462714 HTTP/1.1" 200 3224
66.249.79.193 - - [30/Sep/2015:03:14:42 +0800] "GET /content/nav/relationSubject.jsp?relationWords=%E9%AA%A8%E7%AE%AD%E9%A0%AD+&oid=1859489 HTTP/1.1" 200 2990
66.249.71.229 - - [30/Sep/2015:03:14:44 +0800] "GET /content/nav/relationSubject.jsp?relationWords=%E9%AA%A8%E7%AE%AD%E9%A0%AD%20&oid=1859489 HTTP/1.1" 200 2990
66.249.79.195 - - [30/Sep/2015:03:14:46 +0800] "GET /content/subject/resource_content.jsp?oid=16777350&queryType=qc HTTP/1.1" 200 36270
23.24.198.190 - - [30/Sep/2015:03:15:01 +0800] "GET /content/nav/relationSubject.jsp?relationWords=%E6%9C%A8%E7%8A%80+%E6%A1%82%E8%8A%B1+&oid=16777255 HTTP/1.1" 200 4029
66.249.79.193 - - [30/Sep/2015:03:15:19 +0800] "GET /content/nav/relationSubject.jsp?relationWords=%E4%BA%A4%E6%B6%89%E5%93%A1+%E4%BA%BA%E5%90%8D%E6%AC%8A%E5%A8%81+%E5%A3%BD%E6%98%8C+%E5%A4%96%E4%BA%A4%E9%83%A8+&oid=716073 HTTP/1.1" 200 3245
66.249.71.249 - - [30/Sep/2015:03:15:22 +0800] "GET /content/nav/relationSubject.jsp?relationWords=%E4%BA%A4%E6%B6%89%E5%93%A1%20%E4%BA%BA%E5%90%8D%E6%AC%8A%E5%A8%81%20%E5%A3%BD%E6%98%8C%20%E5%A4%96%E4%BA%A4%E9%83%A8%20&oid=716073 HTTP/1.1" 200 3245
66.249.79.207 - - [30/Sep/2015:03:15:49 +0800] "GET /content/nav/relationSubject.jsp?relationWords=%E9%AA%A8%E6%9F%B6+&oid=1883228 HTTP/1.1" 200 2975
66.249.71.239 - - [30/Sep/2015:03:15:51 +0800] "GET /content/nav/relationSubject.jsp?relationWords=%E9%AA%A8%E6%9F%B6%20&oid=1883228 HTTP/1.1" 200 2975
66.249.71.249 - - [30/Sep/2015:03:16:09 +0800] "GET /content/repository/resource_content.jsp?oid=1605370&queryString=%E5%8B%9E%E5%A7%94%E6%9C%83 HTTP/1.1" 200 32116
66.249.71.249 - - [30/Sep/2015:03:16:20 +0800] "GET /content/nav/relationSubject.jsp?relationWords=%E5%8A%89%E9%82%A6%E5%8F%8B+&oid=1892297 HTTP/1.1" 200 3204
66.249.71.229 - - [30/Sep/2015:03:16:21 +0800] "GET /content/nav/relationSubject.jsp?relationWords=%E5%8A%89%E9%82%A6%E5%8F%8B%20&oid=1892297 HTTP/1.1" 200 3204
66.249.71.239 - - [30/Sep/2015:03:16:51 +0800] "GET /content/repository/resource_content.jsp?oid=194855 HTTP/1.1" 200 29711
66.249.71.239 - - [30/Sep/2015:03:17:35 +0800] "GET /content/repository/resource_content.jsp?oid=1457571 HTTP/1.1" 200 30408
66.249.71.239 - - [30/Sep/2015:03:17:36 +0800] "GET /content/nav/relationSubject.jsp?relationWords=%E6%A2%9D%E7%8B%80%E7%A4%AA%E7%9F%B3+&oid=1850979 HTTP/1.1" 200 3017
66.249.71.239 - - [30/Sep/2015:03:17:38 +0800] "GET /content/nav/relationSubject.jsp?relationWords=%E6%A2%9D%E7%8B%80%E7%A4%AA%E7%9F%B3%20&oid=1850979 HTTP/1.1" 200 3017
66.249.71.239 - - [30/Sep/2015:03:18:01 +0800] "GET /content/repository/resource_content.jsp?oid=20977 HTTP/1.1" 200 29465
66.249.71.239 - - [30/Sep/2015:03:18:15 +0800] "GET /content/repository/resource_content.jsp?oid=1542549 HTTP/1.1" 200 28572
54.209.56.214 - - [30/Sep/2015:03:18:42 +0800] "GET /content/subject/resource_content.jsp?oid=16777566&queryType=qc HTTP/1.1" 200 31748
123.125.71.72 - - [30/Sep/2015:03:18:52 +0800] "GET /content/subject/resource_content.jsp?oid=16777808&queryType=qc HTTP/1.1" 200 39882
66.249.79.207 - - [30/Sep/2015:03:18:57 +0800] "GET /digiarch_en/content/repository/resource_content.jsp?oid=16513&queryString=%E7%AE%B1%E9%AD%A8%20%E8%A7%92%E7%AE%B1%E9%AD%A8 HTTP/1.1" 200 28213
66.249.71.229 - - [30/Sep/2015:03:19:04 +0800] "GET /content/nav/relationSubject.jsp?relationWords=&oid=1818897 HTTP/1.1" 200 1405
66.249.71.242 - - [30/Sep/2015:03:19:39 +0800] "GET /content/pictures/picture_content.jsp?oid=33554759&queryType=qs&queryString=%E7%A7%8B%E6%B5%B7%E6%A3%A0%E5%B1%AC HTTP/1.1" 200 28114
66.249.71.239 - - [30/Sep/2015:03:20:21 +0800] "GET /content/repository/resource_content.jsp?oid=2633067 HTTP/1.1" 200 29242
66.249.71.232 - - [30/Sep/2015:03:20:22 +0800] "GET /content/nav/relationSubject.jsp?relationWords=%E6%96%91%E7%B4%8B%E7%8A%81%E9%A0%AD%E9%B0%A9+%E7%8A%81%E9%A0%AD+%E9%A3%AF%E5%8C%99%E9%AF%8A+%E9%AD%B4%E4%BB%94+&oid=14173 HTTP/1.1" 200 3551
66.249.79.239 - - [30/Sep/2015:03:20:24 +0800] "GET /content/nav/relationSubject.jsp?relationWords=%E6%96%91%E7%B4%8B%E7%8A%81%E9%A0%AD%E9%B0%A9%20%E7%8A%81%E9%A0%AD%20%E9%A3%AF%E5%8C%99%E9%AF%8A%20%E9%AD%B4%E4%BB%94%20&oid=14173 HTTP/1.1" 200 3551
66.249.71.216 - - [30/Sep/2015:03:21:03 +0800] "GET /content/repository/resource_content.jsp?oid=4363709&queryString=%E9%99%B3%E9%9D%96%E5%A7%91 HTTP/1.1" 200 30276
66.249.79.200 - - [30/Sep/2015:03:21:06 +0800] "GET /content/subject/resource_content.jsp?oid=16777568&queryType=qc HTTP/1.1" 200 34862
66.249.71.229 - - [30/Sep/2015:03:21:08 +0800] "GET /content/nav/relationSubject.jsp?relationWords=&oid=2596773 HTTP/1.1" 200 1405
66.249.71.229 - - [30/Sep/2015:03:21:45 +0800] "GET /content/repository/resource_content.jsp?oid=1848198 HTTP/1.1" 200 29634
66.249.71.229 - - [30/Sep/2015:03:22:14 +0800] "GET /content/nav/relationSubject.jsp?relationWords=%E9%8A%80%E5%85%A9+&oid=818760 HTTP/1.1" 200 5365
66.249.79.193 - - [30/Sep/2015:03:22:16 +0800] "GET /content/nav/relationSubject.jsp?relationWords=%E9%8A%80%E5%85%A9%20&oid=818760 HTTP/1.1" 200 5365
66.249.71.249 - - [30/Sep/2015:03:22:27 +0800] "GET /content/repository/resource_content.jsp?oid=1516329 HTTP/1.1" 200 28617
66.249.79.200 - - [30/Sep/2015:03:22:45 +0800] "GET /content/nav/relationSubject.jsp?relationWords=%E6%96%91%E7%9B%94%E9%AD%9A%20%E9%9A%86%E9%A0%AD%E9%AD%9A%E7%A7%91%20&oid=20977 HTTP/1.1" 200 3467
66.249.71.249 - - [30/Sep/2015:03:23:08 +0800] "GET /content/repository/resource_content.jsp?oid=1829482 HTTP/1.1" 200 28635
66.249.71.229 - - [30/Sep/2015:03:23:50 +0800] "GET /content/repository/resource_content.jsp?oid=1607012 HTTP/1.1" 200 28484
66.249.71.229 - - [30/Sep/2015:03:24:20 +0800] "GET /content/nav/relationSubject.jsp?relationWords=%E4%BF%84%E4%BD%BF+%E4%BF%84%E5%95%86+&oid=701729 HTTP/1.1" 200 3153
66.249.71.239 - - [30/Sep/2015:03:24:22 +0800] "GET /content/nav/relationSubject.jsp?relationWords=%E4%BF%84%E4%BD%BF%20%E4%BF%84%E5%95%86%20&oid=701729 HTTP/1.1" 200 3153
66.249.71.249 - - [30/Sep/2015:03:24:30 +0800] "GET /content/nav/relationSubject.jsp?relationWords=%E5%B5%8C%E7%89%87+&oid=1848198 HTTP/1.1" 200 2987
66.249.71.229 - - [30/Sep/2015:03:24:32 +0800] "GET /content/repository/resource_content.jsp?oid=1859056 HTTP/1.1" 200 29160
66.249.79.193 - - [30/Sep/2015:03:24:33 +0800] "GET /content/nav/relationSubject.jsp?relationWords=%E5%B5%8C%E7%89%87%20&oid=1848198 HTTP/1.1" 200 2987
66.249.79.193 - - [30/Sep/2015:03:24:38 +0800] "GET /content/nav/relationSubject.jsp?relationWords=&oid=2552172 HTTP/1.1" 200 1405
66.249.71.249 - - [30/Sep/2015:03:24:55 +0800] "GET /content/nav/relationSubject.jsp?relationWords=%E5%8F%8D%E6%94%BB%E5%A4%A7%E9%99%B8+%E5%BC%B5%E5%AF%8C+%E6%95%99%E5%B8%AB%E6%9C%83%E9%A4%A8+%E7%B8%BD%E9%A0%90%E7%AE%97+%E7%BE%A9%E5%8B%99%E6%95%99%E8%82%B2+%E8%A3%9C%E7%BF%92%E7%8F%AD+%E8%AD%B0%E9%95%B7+%E8%B3%AA%E8%A9%A2+%E9%81%95%E7%AB%A0%E5%BB%BA%E7%AF%89+%E9%87%91%E7%AE%A1+%E9%AB%94%E8%82%B2+%E9%BB%83%E6%9C%9D%E7%90%B4+&oid=1555920 HTTP/1.1" 200 7491
66.249.79.193 - - [30/Sep/2015:03:24:57 +0800] "GET /content/nav/relationSubject.jsp?relationWords=%E5%8F%8D%E6%94%BB%E5%A4%A7%E9%99%B8%20%E5%BC%B5%E5%AF%8C%20%E6%95%99%E5%B8%AB%E6%9C%83%E9%A4%A8%20%E7%B8%BD%E9%A0%90%E7%AE%97%20%E7%BE%A9%E5%8B%99%E6%95%99%E8%82%B2%20%E8%A3%9C%E7%BF%92%E7%8F%AD%20%E8%AD%B0%E9%95%B7%20%E8%B3%AA%E8%A9%A2%20%E9%81%95%E7%AB%A0%E5%BB%BA%E7%AF%89%20%E9%87%91%E7%AE%A1%20%E9%AB%94%E8%82%B2%20%E9%BB%83%E6%9C%9D%E7%90%B4%20&oid=1555920 HTTP/1.1" 200 7491
66.249.79.200 - - [30/Sep/2015:03:25:15 +0800] "GET /content/repository/resource_content.jsp?oid=1607011 HTTP/1.1" 200 28513
66.249.71.229 - - [30/Sep/2015:03:25:56 +0800] "GET /content/repository/resource_content.jsp?oid=1847810 HTTP/1.1" 200 29753
66.249.71.239 - - [30/Sep/2015:03:26:13 +0800] "GET /content/nav/relationSubject.jsp?relationWords=%E6%9D%9C%E8%8B%A5+%E6%9D%9C%E8%8B%A5%E5%B1%AC+&oid=1457571 HTTP/1.1" 200 3244
66.249.71.249 - - [30/Sep/2015:03:26:14 +0800] "GET /content/nav/relationSubject.jsp?relationWords=%E6%9D%9C%E8%8B%A5%20%E6%9D%9C%E8%8B%A5%E5%B1%AC%20&oid=1457571 HTTP/1.1" 200 3244
66.249.71.249 - - [30/Sep/2015:03:26:38 +0800] "GET /content/repository/resource_content.jsp?oid=1847686 HTTP/1.1" 200 29610
207.46.13.33 - - [30/Sep/2015:03:26:48 +0800] "GET /content/subject/resource_content.jsp?oid=16777463&queryType=qc HTTP/1.1" 200 28409
207.46.13.33 - - [30/Sep/2015:03:26:50 +0800] "GET /content/subject/resource_content.jsp?oid=16777805&queryType=qc HTTP/1.1" 200 35157
66.249.71.239 - - [30/Sep/2015:03:27:01 +0800] "GET /content/nav/relationSubject.jsp?relationWords=%E7%88%B6%E5%B7%B1%E7%88%B5+&oid=1828382 HTTP/1.1" 200 3210
66.249.71.239 - - [30/Sep/2015:03:27:03 +0800] "GET /content/nav/relationSubject.jsp?relationWords=%E9%BE%9C%E7%94%B2%E5%8D%9C%E8%BE%AD%E6%AE%98%E7%89%87+&oid=1877053 HTTP/1.1" 200 3071
66.249.71.229 - - [30/Sep/2015:03:27:04 +0800] "GET /content/nav/relationSubject.jsp?relationWords=%E7%88%B6%E5%B7%B1%E7%88%B5%20&oid=1828382 HTTP/1.1" 200 3210
66.249.71.229 - - [30/Sep/2015:03:27:05 +0800] "GET /content/nav/relationSubject.jsp?relationWords=%E9%BE%9C%E7%94%B2%E5%8D%9C%E8%BE%AD%E6%AE%98%E7%89%87%20&oid=1877053 HTTP/1.1" 200 3071
66.249.79.207 - - [30/Sep/2015:03:27:21 +0800] "GET /content/repository/resource_content.jsp?oid=194344 HTTP/1.1" 200 29731
66.249.71.229 - - [30/Sep/2015:03:27:22 +0800] "GET /content/nav/relationSubject.jsp?relationWords=%E5%B7%A1%E6%92%AB+%E7%97%85%E8%BB%80+&oid=2633067 HTTP/1.1" 200 3119
66.249.71.229 - - [30/Sep/2015:03:27:24 +0800] "GET /content/nav/relationSubject.jsp?relationWords=%E5%B7%A1%E6%92%AB%20%E7%97%85%E8%BB%80%20&oid=2633067 HTTP/1.1" 200 3119
66.249.71.229 - - [30/Sep/2015:03:28:02 +0800] "GET /content/repository/resource_content.jsp?oid=194585 HTTP/1.1" 200 29717
66.249.71.249 - - [30/Sep/2015:03:28:06 +0800] "GET /content/nav/relationSubject.jsp?relationWords=%E8%8F%AF%E9%99%B0%E7%B8%A3+%E9%99%B8%E6%B8%AC%E5%9C%96+&oid=178045 HTTP/1.1" 200 3160
66.249.71.249 - - [30/Sep/2015:03:28:07 +0800] "GET /content/nav/relationSubject.jsp?relationWords=%E8%8F%AF%E9%99%B0%E7%B8%A3%20%E9%99%B8%E6%B8%AC%E5%9C%96%20&oid=178045 HTTP/1.1" 200 3160
66.249.71.249 - - [30/Sep/2015:03:28:44 +0800] "GET /content/repository/resource_content.jsp?oid=1842366 HTTP/1.1" 200 28745
66.249.71.249 - - [30/Sep/2015:03:29:26 +0800] "GET /content/repository/resource_content.jsp?oid=1876389 HTTP/1.1" 200 28389
66.249.71.206 - - [30/Sep/2015:03:29:55 +0800] "GET /content/nav/relationSubject.jsp?relationWords=%E4%BA%BA%E5%90%8D%E6%AC%8A%E5%A8%81+%E6%AD%90%E7%99%BB%E7%A7%91+%E9%9B%A3%E6%B0%91+%E9%AB%98%E7%A9%8D%E5%96%84+&oid=702449 HTTP/1.1" 200 3267
66.249.71.216 - - [30/Sep/2015:03:29:57 +0800] "GET /content/nav/relationSubject.jsp?relationWords=%E4%BA%BA%E5%90%8D%E6%AC%8A%E5%A8%81%20%E6%AD%90%E7%99%BB%E7%A7%91%20%E9%9B%A3%E6%B0%91%20%E9%AB%98%E7%A9%8D%E5%96%84%20&oid=702449 HTTP/1.1" 200 3267
207.46.13.33 - - [30/Sep/2015:03:30:02 +0800] "GET /content/subject/resource_content.jsp?oid=16777721&queryType=qc HTTP/1.1" 200 36340
66.249.71.249 - - [30/Sep/2015:03:30:08 +0800] "GET /content/repository/resource_content.jsp?oid=784609 HTTP/1.1" 200 27867
66.249.71.249 - - [30/Sep/2015:03:30:34 +0800] "GET /content/nav/relationSubject.jsp?relationWords=%E6%8B%93%E7%89%87+%E7%94%B2%E9%AA%A8%E6%96%87+&oid=1826261 HTTP/1.1" 200 4578
66.249.79.207 - - [30/Sep/2015:03:30:36 +0800] "GET /content/nav/relationSubject.jsp?relationWords=%E6%8B%93%E7%89%87%20%E7%94%B2%E9%AA%A8%E6%96%87%20&oid=1826261 HTTP/1.1" 200 4578
220.181.108.149 - - [30/Sep/2015:03:30:41 +0800] "GET /content/subject/resource_content.jsp?oid=16777551 HTTP/1.1" 200 32217
220.181.108.99 - - [30/Sep/2015:03:30:43 +0800] "GET /content/nav/relationSubject.jsp?relationWords=%E6%A3%92%E7%90%83+&oid=16777551 HTTP/1.1" 200 7209
66.249.71.229 - - [30/Sep/2015:03:30:50 +0800] "GET /content/repository/resource_content.jsp?oid=1833526 HTTP/1.1" 200 28615
66.249.79.193 - - [30/Sep/2015:03:30:59 +0800] "GET /content/nav/relationSubject.jsp?relationWords=&oid=2592817 HTTP/1.1" 200 1405
66.249.71.229 - - [30/Sep/2015:03:31:02 +0800] "GET /content/nav/relationSubject.jsp?relationWords=&oid=16822 HTTP/1.1" 200 1405
207.46.13.33 - - [30/Sep/2015:03:31:10 +0800] "GET /content/subject/resource_content.jsp?oid=16777458&queryType=qc HTTP/1.1" 200 31609
66.249.71.229 - - [30/Sep/2015:03:31:22 +0800] "GET /content/nav/relationSubject.jsp?relationWords=%E8%98%87%E6%B4%AA%E6%9C%88%E5%AC%8C+%E8%98%87%E8%B2%9E%E6%98%8C+%E9%99%B3%E5%BF%97%E5%BD%AC+&oid=1892529 HTTP/1.1" 200 3314
66.249.79.207 - - [30/Sep/2015:03:31:24 +0800] "GET /content/nav/relationSubject.jsp?relationWords=%E8%98%87%E6%B4%AA%E6%9C%88%E5%AC%8C%20%E8%98%87%E8%B2%9E%E6%98%8C%20%E9%99%B3%E5%BF%97%E5%BD%AC%20&oid=1892529 HTTP/1.1" 200 3314
66.249.71.239 - - [30/Sep/2015:03:31:32 +0800] "GET /content/repository/resource_content.jsp?oid=1892357 HTTP/1.1" 200 28255
66.249.79.207 - - [30/Sep/2015:03:31:34 +0800] "GET /content/nav/relationSubject.jsp?relationWords=&oid=1780433 HTTP/1.1" 200 1405
66.249.71.229 - - [30/Sep/2015:03:31:54 +0800] "GET /content/nav/relationSubject.jsp?relationWords=%E5%99%A8%E7%AF%84+%E5%A4%96%E7%AF%84+&oid=1847686 HTTP/1.1" 200 3068
66.249.71.229 - - [30/Sep/2015:03:31:56 +0800] "GET /content/nav/relationSubject.jsp?relationWords=%E5%99%A8%E7%AF%84%20%E5%A4%96%E7%AF%84%20&oid=1847686 HTTP/1.1" 200 3068
66.249.71.229 - - [30/Sep/2015:03:32:14 +0800] "GET /content/repository/resource_content.jsp?oid=1859837 HTTP/1.1" 200 29064
66.249.71.249 - - [30/Sep/2015:03:32:56 +0800] "GET /content/repository/resource_content.jsp?oid=174366 HTTP/1.1" 200 30227
66.249.71.249 - - [30/Sep/2015:03:33:16 +0800] "GET /content/nav/relationSubject.jsp?relationWords=%E9%BE%9C%E7%94%B2%E5%8D%9C%E8%BE%AD%E6%AE%98%E7%89%87+&oid=1881655 HTTP/1.1" 200 3071
66.249.71.249 - - [30/Sep/2015:03:33:28 +0800] "GET /content/nav/relationSubject.jsp?relationWords=%E9%BE%9C%E7%94%B2%E5%8D%9C%E8%BE%AD%E6%AE%98%E7%89%87%20&oid=1881655 HTTP/1.1" 200 3071
66.249.71.249 - - [30/Sep/2015:03:33:38 +0800] "GET /content/repository/resource_content.jsp?oid=174623 HTTP/1.1" 200 30064
66.249.71.249 - - [30/Sep/2015:03:34:20 +0800] "GET /content/repository/resource_content.jsp?oid=1812396 HTTP/1.1" 200 28675
66.249.71.239 - - [30/Sep/2015:03:35:01 +0800] "GET /content/repository/resource_content.jsp?oid=623986 HTTP/1.1" 200 27893
66.249.71.216 - - [30/Sep/2015:03:35:21 +0800] "GET /content/subject/resource_content.jsp?oid=16777304&queryString= HTTP/1.1" 200 36246
66.249.71.249 - - [30/Sep/2015:03:35:43 +0800] "GET /content/repository/resource_content.jsp?oid=1461737 HTTP/1.1" 200 31421
66.249.79.193 - - [30/Sep/2015:03:35:48 +0800] "GET /content/nav/relationSubject.jsp?relationWords=%E4%BA%BA%E5%90%8D%E6%AC%8A%E5%A8%81+%E6%9C%B1%E5%85%86%E8%8E%98+%E8%8B%B1%E4%BD%BF+&oid=754744 HTTP/1.1" 200 3282
66.249.71.249 - - [30/Sep/2015:03:35:50 +0800] "GET /content/nav/relationSubject.jsp?relationWords=%E4%BA%BA%E5%90%8D%E6%AC%8A%E5%A8%81%20%E6%9C%B1%E5%85%86%E8%8E%98%20%E8%8B%B1%E4%BD%BF%20&oid=754744 HTTP/1.1" 200 3282
66.249.71.249 - - [30/Sep/2015:03:36:25 +0800] "GET /content/repository/resource_content.jsp?oid=2580917 HTTP/1.1" 200 28800
66.249.71.229 - - [30/Sep/2015:03:36:28 +0800] "GET /content/nav/relationSubject.jsp?relationWords=&oid=16777246 HTTP/1.1" 200 1405
207.46.13.33 - - [30/Sep/2015:03:36:30 +0800] "GET /content/subject/resource_content.jsp?oid=16777839&queryType=qc HTTP/1.1" 200 27204
66.249.71.229 - - [30/Sep/2015:03:36:33 +0800] "GET /content/nav/relationSubject.jsp?relationWords=%E7%B5%90%E6%B8%85%E5%86%8A+&oid=766005 HTTP/1.1" 200 3127
66.249.71.239 - - [30/Sep/2015:03:36:35 +0800] "GET /content/nav/relationSubject.jsp?relationWords=%E7%B5%90%E6%B8%85%E5%86%8A%20&oid=766005 HTTP/1.1" 200 3127
66.249.79.181 - - [30/Sep/2015:03:37:08 +0800] "GET /content/repository/resource_content.jsp?oid=16412&queryString=%E5%8D%8A%E9%82%8A%E9%AD%9A%20%E6%89%81%E9%AD%9A%20%E6%AF%94%E7%9B%AE%E9%AD%9A%20%E7%9A%87%E5%B8%9D%E9%AD%9A%20%E9%AB%98%E9%AB%94 HTTP/1.1" 200 35293
66.249.71.239 - - [30/Sep/2015:03:37:28 +0800] "GET /content/nav/relationSubject.jsp?relationWords=%E5%A4%A9%E5%8D%97%E6%98%9F+%E5%A4%A9%E5%8D%97%E6%98%9F%E5%B1%AC+%E5%A4%A9%E5%8D%97%E6%98%9F%E7%A7%91+%E6%A4%8D%E7%89%A9%E7%95%8C+%E8%91%89%E5%A4%A9%E5%8D%97%E6%98%9F+%E9%95%B7%E8%A1%8C%E5%A4%A9%E5%8D%97%E6%98%9F+%E9%9B%B7%E5%85%AC%E7%B5%B1+&oid=1461737 HTTP/1.1" 200 3589
66.249.71.229 - - [30/Sep/2015:03:37:30 +0800] "GET /content/nav/relationSubject.jsp?relationWords=%E5%A4%A9%E5%8D%97%E6%98%9F%20%E5%A4%A9%E5%8D%97%E6%98%9F%E5%B1%AC%20%E5%A4%A9%E5%8D%97%E6%98%9F%E7%A7%91%20%E6%A4%8D%E7%89%A9%E7%95%8C%20%E8%91%89%E5%A4%A9%E5%8D%97%E6%98%9F%20%E9%95%B7%E8%A1%8C%E5%A4%A9%E5%8D%97%E6%98%9F%20%E9%9B%B7%E5%85%AC%E7%B5%B1%20&oid=1461737 HTTP/1.1" 200 3589
66.249.71.196 - - [30/Sep/2015:03:37:49 +0800] "GET /digiarch3/content/subject/resource_content.jsp?oid=16777519&queryType=qc HTTP/1.1" 200 36026
66.249.71.229 - - [30/Sep/2015:03:38:31 +0800] "GET /content/subject/resource_content.jsp?oid=16777317&queryType=qc HTTP/1.1" 200 34911
79.54.41.101 - - [30/Sep/2015:03:38:32 +0800] "GET /content/nav/relationSubject.jsp?relationWords=%E6%9C%A8%E7%8A%80+%E6%A1%82%E8%8A%B1+&oid=16777255 HTTP/1.1" 200 4029
66.249.71.229 - - [30/Sep/2015:03:38:45 +0800] "GET /content/nav/relationSubject.jsp?relationWords=%E6%BC%81%E8%88%9F%E8%9C%91%E8%9E%BA+%E7%95%9A%E7%AE%95%E8%9E%BA+%E8%85%B9%E8%B6%B3%E7%B6%B1+%E8%9C%91%E8%9E%BA+%E9%8C%A6%E8%9C%92%E8%9E%BA+&oid=1636770 HTTP/1.1" 200 3472
66.249.71.239 - - [30/Sep/2015:03:38:46 +0800] "GET /content/nav/relationSubject.jsp?relationWords=%E5%96%AE%E8%89%B2+%E7%81%B0%E5%9F%A0+&oid=194585 HTTP/1.1" 200 3227
66.249.79.200 - - [30/Sep/2015:03:38:47 +0800] "GET /content/nav/relationSubject.jsp?relationWords=%E6%BC%81%E8%88%9F%E8%9C%91%E8%9E%BA%20%E7%95%9A%E7%AE%95%E8%9E%BA%20%E8%85%B9%E8%B6%B3%E7%B6%B1%20%E8%9C%91%E8%9E%BA%20%E9%8C%A6%E8%9C%92%E8%9E%BA%20&oid=1636770 HTTP/1.1" 200 3472
66.249.71.229 - - [30/Sep/2015:03:38:48 +0800] "GET /content/nav/relationSubject.jsp?relationWords=%E5%96%AE%E8%89%B2%20%E7%81%B0%E5%9F%A0%20&oid=194585 HTTP/1.1" 200 3227
66.249.71.239 - - [30/Sep/2015:03:39:13 +0800] "GET /digiarch_en/content/repository/resource_content.jsp?oid=518214&queryString=%E4%BA%9E%E6%88%90%E9%AB%94%20%E5%B0%8F%E5%8D%B7%20%E7%9C%9F%E9%8E%96%E7%AE%A1%20%E9%80%8F%E6%8A%BD%20%E9%8E%96%E7%AE%A1%E5%B1%AC%20%E9%8E%96%E7%AE%A1%E7%A7%91%20%E9%A0%AD%E8%B6%B3%E7%B6%B1 HTTP/1.1" 200 24263
66.249.71.249 - - [30/Sep/2015:03:39:20 +0800] "GET /content/nav/relationSubject.jsp?relationWords=%E4%B8%8A%E9%BA%A5%E7%94%B0+%E5%96%AE%E8%89%B2+&oid=194344 HTTP/1.1" 200 3242
66.249.71.229 - - [30/Sep/2015:03:39:22 +0800] "GET /content/nav/relationSubject.jsp?relationWords=%E4%B8%8A%E9%BA%A5%E7%94%B0%20%E5%96%AE%E8%89%B2%20&oid=194344 HTTP/1.1" 200 3242
66.249.71.226 - - [30/Sep/2015:03:39:55 +0800] "GET /content/subject/resource_content.jsp?oid=16777736&queryType=qc HTTP/1.1" 200 43177
66.249.71.239 - - [30/Sep/2015:03:40:11 +0800] "GET /content/nav/relationSubject.jsp?relationWords=%E4%BD%9C%E6%A1%88+%E6%95%99%E8%82%B2%E5%BB%B3+&oid=1607012 HTTP/1.1" 200 3837
66.249.71.239 - - [30/Sep/2015:03:40:13 +0800] "GET /content/nav/relationSubject.jsp?relationWords=%E4%BD%9C%E6%A1%88%20%E6%95%99%E8%82%B2%E5%BB%B3%20&oid=1607012 HTTP/1.1" 200 3837
66.249.71.206 - - [30/Sep/2015:03:40:37 +0800] "GET /content/subject/resource_content.jsp?oid=16777778&queryType=qs&queryString=%E6%9B%BE%E5%8F%83 HTTP/1.1" 200 37096
66.249.71.239 - - [30/Sep/2015:03:41:19 +0800] "GET /content/repository/resource_content.jsp?oid=1838062 HTTP/1.1" 200 29513
66.249.79.193 - - [30/Sep/2015:03:41:37 +0800] "GET /content/nav/relationSubject.jsp?relationWords=%E5%81%9C%E8%BB%8A%E5%A0%B4+%E8%87%BA%E6%B1%BD+%E8%B3%AA%E8%A9%A2+&oid=1627373 HTTP/1.1" 200 3997
66.249.71.239 - - [30/Sep/2015:03:41:38 +0800] "GET /content/nav/relationSubject.jsp?relationWords=%E5%81%9C%E8%BB%8A%E5%A0%B4%20%E8%87%BA%E6%B1%BD%20%E8%B3%AA%E8%A9%A2%20&oid=1627373 HTTP/1.1" 200 3997
66.249.71.229 - - [30/Sep/2015:03:41:40 +0800] "GET /content/nav/relationSubject.jsp?relationWords=%E6%B0%91%E9%81%B8+%E7%9C%81%E6%94%BF%E5%BA%9C+%E8%87%BA%E5%8D%97%E5%B8%82+%E9%80%80%E4%BC%91%E9%87%91+&oid=1896028 HTTP/1.1" 200 4592
66.249.71.239 - - [30/Sep/2015:03:41:44 +0800] "GET /content/nav/relationSubject.jsp?relationWords=%E6%B0%91%E9%81%B8%20%E7%9C%81%E6%94%BF%E5%BA%9C%20%E8%87%BA%E5%8D%97%E5%B8%82%20%E9%80%80%E4%BC%91%E9%87%91%20&oid=1896028 HTTP/1.1" 200 4592
66.249.79.200 - - [30/Sep/2015:03:41:56 +0800] "GET /content/nav/relationSubject.jsp?relationWords=&oid=2622910 HTTP/1.1" 200 1405
68.180.228.24 - - [30/Sep/2015:03:42:38 +0800] "GET /digiarch_en/content/subject/resource_content.jsp?oid=16777788&queryType=qc HTTP/1.1" 200 38656
123.125.71.116 - - [30/Sep/2015:03:42:59 +0800] "GET /content/subject/resource_content.jsp?oid=16777625 HTTP/1.1" 200 61684
66.249.79.207 - - [30/Sep/2015:03:43:01 +0800] "GET /content/nav/relationSubject.jsp?relationWords=&oid=2586471 HTTP/1.1" 200 1405
66.249.71.158 - - [30/Sep/2015:03:43:25 +0800] "GET /content/repository/resource_content.jsp?oid=4362012&queryString=%E6%B3%95%E4%B8%BB%E5%85%AC HTTP/1.1" 200 28117
66.249.71.249 - - [30/Sep/2015:03:43:38 +0800] "GET /content/nav/relationSubject.jsp?relationWords=&oid=2580917 HTTP/1.1" 200 1405
66.249.71.229 - - [30/Sep/2015:03:44:49 +0800] "GET /content/repository/resource_content.jsp?oid=1899284 HTTP/1.1" 200 29828
66.249.79.195 - - [30/Sep/2015:03:45:04 +0800] "GET /content/repository/resource_content.jsp?oid=2638779&queryString=%E5%B4%87%E5%AE%89 HTTP/1.1" 200 29931
66.249.71.249 - - [30/Sep/2015:03:45:31 +0800] "GET /content/repository/resource_content.jsp?oid=225565 HTTP/1.1" 200 30058
66.249.71.249 - - [30/Sep/2015:03:45:40 +0800] "GET /content/nav/relationSubject.jsp?relationWords=&oid=1850556 HTTP/1.1" 200 1405
66.249.71.229 - - [30/Sep/2015:03:46:09 +0800] "GET /content/nav/relationSubject.jsp?relationWords=%E6%B3%A5%E5%81%B6+%E9%9B%85%E7%BE%8E%E6%97%8F+&oid=1781237 HTTP/1.1" 200 2977
66.249.71.229 - - [30/Sep/2015:03:46:11 +0800] "GET /content/nav/relationSubject.jsp?relationWords=%E6%B3%A5%E5%81%B6%20%E9%9B%85%E7%BE%8E%E6%97%8F%20&oid=1781237 HTTP/1.1" 200 2977
66.249.71.249 - - [30/Sep/2015:03:46:13 +0800] "GET /content/repository/resource_content.jsp?oid=2522864 HTTP/1.1" 200 28339
66.249.71.216 - - [30/Sep/2015:03:46:13 +0800] "GET /content/nav/relationSubject.jsp?relationWords=%E6%95%A3%E8%99%BA%E7%B4%8B%E7%B7%A8%E9%8E%9B+&oid=1849297 HTTP/1.1" 200 3044
207.46.13.33 - - [30/Sep/2015:03:46:16 +0800] "GET /content/subject/resource_content.jsp?oid=16777841&queryType=qc> HTTP/1.1" 200 27550
66.249.71.206 - - [30/Sep/2015:03:46:16 +0800] "GET /content/nav/relationSubject.jsp?relationWords=%E6%95%A3%E8%99%BA%E7%B4%8B%E7%B7%A8%E9%8E%9B%20&oid=1849297 HTTP/1.1" 200 3044
66.249.71.242 - - [30/Sep/2015:03:46:36 +0800] "GET /content/nav/relationSubject.jsp?relationWords=%E9%8E%AE%E8%87%A3+&oid=2666741 HTTP/1.1" 200 3087
207.46.13.33 - - [30/Sep/2015:03:46:37 +0800] "GET /content/subject/resource_content.jsp?oid=16777753&queryType=qc HTTP/1.1" 200 36828
66.249.71.229 - - [30/Sep/2015:03:46:57 +0800] "GET /content/repository/resource_content.jsp?oid=2144031 HTTP/1.1" 200 29324
66.249.71.239 - - [30/Sep/2015:03:46:57 +0800] "GET /content/nav/relationSubject.jsp?relationWords=&oid=2594727 HTTP/1.1" 200 1405
66.249.79.193 - - [30/Sep/2015:03:47:10 +0800] "GET /content/subject/resource_content.jsp?oid=16777305&queryType=qs&queryString=%E5%8D%97%E5%8C%97%E6%9C%9D HTTP/1.1" 200 36029
66.249.71.229 - - [30/Sep/2015:03:47:20 +0800] "GET /digiarch_en/content/nav/relationSubject.jsp?relationWords=%E6%B5%B7%E7%89%9B%E6%B8%AF+%E7%AE%B1%E6%B2%B3%E9%AD%A8+%E7%AE%B1%E9%AD%A8+%E8%A7%92%E7%AE%B1%E9%AD%A8+%E9%AD%A8%E7%A7%91+&oid=16513 HTTP/1.1" 200 3535
66.249.71.249 - - [30/Sep/2015:03:47:22 +0800] "GET /digiarch_en/content/nav/relationSubject.jsp?relationWords=%E6%B5%B7%E7%89%9B%E6%B8%AF%20%E7%AE%B1%E6%B2%B3%E9%AD%A8%20%E7%AE%B1%E9%AD%A8%20%E8%A7%92%E7%AE%B1%E9%AD%A8%20%E9%AD%A8%E7%A7%91%20&oid=16513 HTTP/1.1" 200 3535
66.249.71.229 - - [30/Sep/2015:03:47:36 +0800] "GET /content/repository/resource_content.jsp?oid=1615304 HTTP/1.1" 200 28851
