111.206.36.134 - - [13/Aug/2015:00:39:32 +0800] "GET /digiarch_en/content/repository/resource_content.jsp?oid=14071&queryString=%E7%9C%8B%E8%E5%A920%E8%AD%B7%E5%A3%AB HTTP/1.1" 500 15712
66.249.71.121 - - [13/Aug/2015:00:39:33 +0800] "GET /content/repository/resource_content.jsp?oid=1869936&queryType=qs&queryString=%E8%9F%A0%E9%BE%8D HTTP/1.1" 200 30360
66.249.71.72 - - [13/Aug/2015:00:39:37 +0800] "GET /content/nav/relationSubject.jsp?relationWords=&oid=819884 HTTP/1.1" 200 1405
66.249.71.121 - - [13/Aug/2015:00:39:39 +0800] "GET /content/repository/resource_content.jsp?oid=2519808&queryType=qs&queryString=%E6%A1%90%E6%B2%B9 HTTP/1.1" 200 30282
66.249.71.113 - - [13/Aug/2015:00:39:44 +0800] "GET /content/repository/resource_content.jsp?oid=2679088&queryType=qs&queryString=%E5%A5%8F%E8%AA%BF HTTP/1.1" 200 30046
66.249.79.45 - - [13/Aug/2015:00:39:45 +0800] "GET /content/nav/relationSubject.jsp?relationWords=%E6%A4%8D%E7%89%A9%E7%95%8C+%E8%83%A1%E6%A1%83+%E8%83%A1%E6%A1%83%E7%A7%91+%E9%BB%83%E6%9D%9E+%E9%BB%83%E6%9D%9E%E5%B1%AC+&oid=2152180 HTTP/1.1" 200 3320
66.249.71.72 - - [13/Aug/2015:00:39:46 +0800] "GET /content/nav/relationSubject.jsp?relationWords=&oid=2548731 HTTP/1.1" 200 1405
66.249.79.32 - - [13/Aug/2015:00:39:48 +0800] "GET /content/nav/relationSubject.jsp?relationWords=%E6%A4%8D%E7%89%A9%E7%95%8C%20%E8%83%A1%E6%A1%83%20%E8%83%A1%E6%A1%83%E7%A7%91%20%E9%BB%83%E6%9D%9E%20%E9%BB%83%E6%9D%9E%E5%B1%AC%20&oid=2152180 HTTP/1.1" 200 3320
66.249.71.121 - - [13/Aug/2015:00:39:51 +0800] "GET /content/repository/resource_content.jsp?oid=1852260&queryType=qs&queryString=%E9%82%8A%E9%A3%BE HTTP/1.1" 200 29671
61.135.189.170 - - [13/Aug/2015:00:39:51 +0800] "GET /content/pictures/picture_content.jsp?oid=33554815 HTTP/1.1" 200 27504
66.249.71.105 - - [13/Aug/2015:00:39:55 +0800] "GET /content/repository/resource_content.jsp?oid=2521985&queryType=qs&queryString=%E5%9D%90%E5%90%8D%E6%95%95%E6%9B%B8 HTTP/1.1" 200 29961
66.249.79.32 - - [13/Aug/2015:00:39:58 +0800] "GET /content/nav/relationSubject.jsp?relationWords=%E6%B5%99%E6%9D%B1%E5%8E%98%E9%87%91+%E7%A8%BF%E5%92%A8+%E9%8A%80%E6%95%B8+&oid=578696 HTTP/1.1" 200 3187
66.249.71.121 - - [13/Aug/2015:00:40:01 +0800] "GET /content/repository/resource_content.jsp?oid=4480132&queryType=qs&queryString=%E7%B1%B3%E8%A1%8C HTTP/1.1" 200 28113
66.249.71.113 - - [13/Aug/2015:00:40:03 +0800] "GET /content/nav/relationSubject.jsp?relationWords=&oid=2599017 HTTP/1.1" 200 1405
66.249.71.105 - - [13/Aug/2015:00:40:06 +0800] "GET /content/repository/resource_content.jsp?oid=4363323&queryType=qs&queryString=%E5%90%89%E7%A5%A5%E5%9C%96 HTTP/1.1" 200 29876
66.249.71.72 - - [13/Aug/2015:00:40:08 +0800] "GET /content/nav/relationSubject.jsp?relationWords=%E6%B5%99%E6%9D%B1%E5%8E%98%E9%87%91%20%E7%A8%BF%E5%92%A8%20%E9%8A%80%E6%95%B8%20&oid=578696 HTTP/1.1" 200 3187
66.249.71.121 - - [13/Aug/2015:00:40:12 +0800] "GET /content/repository/resource_content.jsp?oid=2151282&queryType=qs&queryString=%E5%A4%A7%E8%B1%86 HTTP/1.1" 200 31091
61.135.189.170 - - [13/Aug/2015:00:40:16 +0800] "GET /content/pictures/picture_content.jsp?oid=33554816 HTTP/1.1" 200 27829
66.249.71.121 - - [13/Aug/2015:00:40:17 +0800] "GET /content/repository/resource_content.jsp?oid=2607192&queryType=qs&queryString=%E5%A6%A5%E5%BD%B9 HTTP/1.1" 200 29306
66.249.71.113 - - [13/Aug/2015:00:40:23 +0800] "GET /content/repository/resource_content.jsp?oid=2553673&queryType=qs&queryString=%E5%85%A7%E6%B4%8B HTTP/1.1" 200 30333
66.249.79.224 - - [13/Aug/2015:00:40:29 +0800] "GET /content/repository/resource_content.jsp?oid=2678683&queryType=qs&queryString=%E5%A6%A5%E5%BD%B9 HTTP/1.1" 200 30547
66.249.79.236 - - [13/Aug/2015:00:40:35 +0800] "GET /content/repository/resource_content.jsp?oid=2675080&queryType=qs&queryString=%E7%83%8F%E9%87%8C%E9%9B%85%E8%98%87%E5%8F%B0 HTTP/1.1" 200 30441
61.135.189.170 - - [13/Aug/2015:00:40:40 +0800] "GET /content/pictures/picture_content.jsp?oid=33554817 HTTP/1.1" 200 27790
66.249.71.105 - - [13/Aug/2015:00:40:40 +0800] "GET /content/repository/resource_content.jsp?oid=2513505&queryType=qs&queryString=%E5%A4%A9%E4%BF%9D%E7%B8%A3 HTTP/1.1" 200 29932
66.249.71.113 - - [13/Aug/2015:00:40:45 +0800] "GET /content/repository/resource_content.jsp?oid=2636499&queryType=qs&queryString=%E5%9B%9E%E5%8D%97 HTTP/1.1" 200 29857
66.249.71.121 - - [13/Aug/2015:00:40:51 +0800] "GET /content/repository/resource_content.jsp?oid=1852508&queryType=qs&queryString=%E6%B8%A6%E7%B4%8B HTTP/1.1" 200 30320
66.249.71.105 - - [13/Aug/2015:00:40:56 +0800] "GET /content/repository/resource_content.jsp?oid=2678287&queryType=qs&queryString=%E5%A8%81%E5%AF%A7%E5%B7%9E HTTP/1.1" 200 30184
66.249.71.50 - - [13/Aug/2015:00:40:57 +0800] "GET /content/nav/relationSubject.jsp?relationWords=%E5%AD%94%E9%96%80+%E6%AD%A6%E6%96%91%E7%A5%A0+%E6%AD%A6%E6%B0%8F%E7%A5%A0%E5%B7%A6%E7%9F%B3%E5%AE%A4+%E7%95%AB%E5%83%8F%E7%9F%B3+%E9%9D%88%E7%95%B0+%E9%A1%8C%E8%A8%98+%E9%A1%8C%E8%B7%8B+&oid=1811326 HTTP/1.1" 200 5361
61.135.189.170 - - [13/Aug/2015:00:41:00 +0800] "GET /content/repository/resource_content.jsp?oid=1124521&queryType=qc HTTP/1.1" 200 36061
66.249.71.113 - - [13/Aug/2015:00:41:02 +0800] "GET /content/repository/resource_content.jsp?oid=2689479&queryType=qs&queryString=%E5%BB%B3%E5%B7%9E HTTP/1.1" 200 30334
66.249.71.41 - - [13/Aug/2015:00:41:03 +0800] "GET /content/nav/relationSubject.jsp?relationWords=%E5%AD%94%E9%96%80%20%E6%AD%A6%E6%96%91%E7%A5%A0%20%E6%AD%A6%E6%B0%8F%E7%A5%A0%E5%B7%A6%E7%9F%B3%E5%AE%A4%20%E7%95%AB%E5%83%8F%E7%9F%B3%20%E9%9D%88%E7%95%B0%20%E9%A1%8C%E8%A8%98%20%E9%A1%8C%E8%B7%8B%20&oid=1811326 HTTP/1.1" 200 5361
66.249.79.248 - - [13/Aug/2015:00:41:08 +0800] "GET /content/repository/resource_content.jsp?oid=2686585&queryType=qs&queryString=%E6%9D%B1%E5%B7%9D HTTP/1.1" 200 30039
66.249.71.113 - - [13/Aug/2015:00:41:13 +0800] "GET /content/repository/resource_content.jsp?oid=1869963&queryType=qs&queryString=%E9%80%A0%E5%BD%A2 HTTP/1.1" 200 29407
66.249.79.236 - - [13/Aug/2015:00:41:19 +0800] "GET /content/repository/resource_content.jsp?oid=2674427&queryType=qs&queryString=%E5%85%89%E5%B7%9E HTTP/1.1" 200 29759
61.135.189.170 - - [13/Aug/2015:00:41:21 +0800] "GET /content/pictures/picture_content.jsp?oid=33554746&queryType=qc HTTP/1.1" 200 27686
66.249.79.224 - - [13/Aug/2015:00:41:24 +0800] "GET /content/repository/resource_content.jsp?oid=2685028&queryType=qs&queryString=%E5%90%8F%E9%83%A8 HTTP/1.1" 200 30374
66.249.79.248 - - [13/Aug/2015:00:41:25 +0800] "GET /content/repository/resource_content.jsp?oid=2654004&queryType=qs&queryString=%E6%8E%88%E4%BA%8B HTTP/1.1" 200 29910
66.249.71.105 - - [13/Aug/2015:00:41:30 +0800] "GET /content/repository/resource_content.jsp?oid=1849934&queryType=qs&queryString=%E9%A1%9E%E6%AF%94 HTTP/1.1" 200 29841
66.249.79.247 - - [13/Aug/2015:00:41:36 +0800] "GET /content/repository/resource_content.jsp?oid=673821&queryString=%E4%BA%BA%E5%90%8D%E6%AC%8A%E5%A8%81%20%E5%BE%B7%E5%A5%A7%E4%BF%98%E8%99%9C%20%E9%99%B8%E5%BE%B5%E7%A5%A5 HTTP/1.1" 200 28922
66.249.71.105 - - [13/Aug/2015:00:41:41 +0800] "GET /content/repository/resource_content.jsp?oid=1880280&queryType=qs&queryString=%E8%9F%A0%E8%9E%AD%E7%B4%8B HTTP/1.1" 200 30409
123.125.68.174 - - [13/Aug/2015:00:41:43 +0800] "GET /content/repository/resource_content.jsp?oid=2645690 HTTP/1.1" 200 29894
66.249.79.248 - - [13/Aug/2015:00:41:53 +0800] "GET /content/repository/resource_content.jsp?oid=4457985&queryType=qs&queryString=%E6%9E%9C%E7%89%A9 HTTP/1.1" 200 28873
66.249.79.224 - - [13/Aug/2015:00:41:58 +0800] "GET /content/repository/resource_content.jsp?oid=1544032&queryType=qs&queryString=%E5%B8%82%E5%8D%80%E6%94%B9%E6%AD%A3 HTTP/1.1" 200 28895
66.249.71.121 - - [13/Aug/2015:00:42:03 +0800] "GET /content/repository/resource_content.jsp?oid=2521151&queryType=qs&queryString=%E7%93%8A%E5%B7%9E%E5%BA%9C HTTP/1.1" 200 30125
66.249.79.236 - - [13/Aug/2015:00:42:09 +0800] "GET /content/repository/resource_content.jsp?oid=2643470&queryType=qs&queryString=%E7%A7%91%E6%99%AE HTTP/1.1" 200 29983
123.125.71.30 - - [13/Aug/2015:00:42:11 +0800] "GET /content/subject/resource_content.jsp?oid=16777266&queryType=qc HTTP/1.1" 200 35345
66.249.79.248 - - [13/Aug/2015:00:42:15 +0800] "GET /content/repository/resource_content.jsp?oid=2571677&queryType=qs&queryString=%E5%B1%B1%E7%9B%B1%E5%BB%B3 HTTP/1.1" 200 28716
66.249.71.113 - - [13/Aug/2015:00:42:20 +0800] "GET /content/repository/resource_content.jsp?oid=4470387&queryType=qs&queryString=%E5%8C%97%E7%99%BD%E5%B7%9D%E5%AE%AE HTTP/1.1" 200 36197
66.249.71.113 - - [13/Aug/2015:00:42:25 +0800] "GET /content/repository/resource_content.jsp?oid=1778046&queryType=qs&queryString=%E7%A4%BE%E6%9C%83%E6%94%AF%E6%8C%81 HTTP/1.1" 200 45449
66.249.71.64 - - [13/Aug/2015:00:42:27 +0800] "GET /content/nav/relationSubject.jsp?relationWords=%E7%9B%9B%E5%85%B7+%E9%99%B6%E7%A2%97+%E9%9B%85%E7%BE%8E%E6%97%8F+&oid=1781188 HTTP/1.1" 200 3053
66.249.71.60 - - [13/Aug/2015:00:42:29 +0800] "GET /content/nav/relationSubject.jsp?relationWords=%E7%9B%9B%E5%85%B7%20%E9%99%B6%E7%A2%97%20%E9%9B%85%E7%BE%8E%E6%97%8F%20&oid=1781188 HTTP/1.1" 200 3053
66.249.71.105 - - [13/Aug/2015:00:42:31 +0800] "GET /content/repository/resource_content.jsp?oid=1780877&queryType=qs&queryString=%E6%9D%B5%E8%87%BC HTTP/1.1" 200 30701
66.249.79.248 - - [13/Aug/2015:00:42:37 +0800] "GET /content/repository/resource_content.jsp?oid=2690134&queryType=qs&queryString=%E5%89%AF%E7%B8%BD%E5%85%B5 HTTP/1.1" 200 30139
66.249.71.72 - - [13/Aug/2015:00:42:39 +0800] "GET /content/nav/relationSubject.jsp?relationWords=%E6%97%8B%E8%8A%B1%E7%A7%91+%E6%A4%8D%E7%89%A9%E7%95%8C+%E8%8F%9F%E7%B5%B2%E5%AD%90+%E8%8F%9F%E7%B5%B2%E5%AD%90%E5%B1%AC+&oid=2142571 HTTP/1.1" 200 3307
66.249.79.224 - - [13/Aug/2015:00:42:42 +0800] "GET /content/repository/resource_content.jsp?oid=1546411&queryType=qs&queryString=%E8%A1%8C%E6%94%BF%E6%A9%9F%E9%97%9C HTTP/1.1" 200 29719
66.249.71.121 - - [13/Aug/2015:00:42:47 +0800] "GET /content/repository/resource_content.jsp?oid=2682893&queryType=qs&queryString=%E7%89%A7%E7%AB%A5 HTTP/1.1" 200 30280
66.249.71.121 - - [13/Aug/2015:00:42:53 +0800] "GET /content/repository/resource_content.jsp?oid=2683253&queryType=qs&queryString=%E4%BC%AF%E9%BA%9F HTTP/1.1" 200 30627
66.249.79.119 - - [13/Aug/2015:00:42:55 +0800] "GET /content/nav/relationSubject.jsp?relationWords=%E8%97%A9%E5%BA%AB+&oid=2571025 HTTP/1.1" 200 3108
66.249.71.60 - - [13/Aug/2015:00:42:57 +0800] "GET /content/nav/relationSubject.jsp?relationWords=%E6%96%91%E9%B3%A9%E8%8F%8A%E5%B1%AC+%E6%A4%8D%E7%89%A9%E7%95%8C+%E8%8F%8A%E7%A7%91+%E9%81%8E%E5%B1%B1%E9%BE%8D+%E9%9B%99%E5%AD%90%E8%91%89%E6%A4%8D%E7%89%A9+&oid=1105394 HTTP/1.1" 200 3424
66.249.71.113 - - [13/Aug/2015:00:42:58 +0800] "GET /content/repository/resource_content.jsp?oid=679827&queryType=qs&queryString=%E8%8C%B6%E8%88%B9 HTTP/1.1" 200 28112
66.249.71.54 - - [13/Aug/2015:00:42:59 +0800] "GET /content/nav/relationSubject.jsp?relationWords=%E8%97%A9%E5%BA%AB%20&oid=2571025 HTTP/1.1" 200 3108
66.249.71.113 - - [13/Aug/2015:00:43:04 +0800] "GET /content/repository/resource_content.jsp?oid=2510691&queryType=qs&queryString=%E5%8C%B1%E7%B8%A3 HTTP/1.1" 200 29746
66.249.71.113 - - [13/Aug/2015:00:43:10 +0800] "GET /content/repository/resource_content.jsp?oid=2520809&queryType=qs&queryString=%E7%93%8A%E5%B7%9E%E5%BA%9C HTTP/1.1" 200 29877
66.249.71.113 - - [13/Aug/2015:00:43:15 +0800] "GET /content/repository/resource_content.jsp?oid=4496430&queryType=qs&queryString=%E9%87%91%E5%89%9B%E5%B1%B1 HTTP/1.1" 200 28539
66.249.79.45 - - [13/Aug/2015:00:43:16 +0800] "GET /content/nav/relationSubject.jsp?relationWords=%E6%96%91%E9%B3%A9%E8%8F%8A%E5%B1%AC%20%E6%A4%8D%E7%89%A9%E7%95%8C%20%E8%8F%8A%E7%A7%91%20%E9%81%8E%E5%B1%B1%E9%BE%8D%20%E9%9B%99%E5%AD%90%E8%91%89%E6%A4%8D%E7%89%A9%20&oid=1105394 HTTP/1.1" 200 3424
66.249.71.113 - - [13/Aug/2015:00:43:21 +0800] "GET /content/repository/resource_content.jsp?oid=2660391&queryType=qs&queryString=%E9%91%BE%E8%BC%BF HTTP/1.1" 200 30126
66.249.71.113 - - [13/Aug/2015:00:43:26 +0800] "GET /content/repository/resource_content.jsp?oid=2641937&queryType=qs&queryString=%E9%B9%BD%E8%A7%94 HTTP/1.1" 200 30304
66.249.79.248 - - [13/Aug/2015:00:43:32 +0800] "GET /content/repository/resource_content.jsp?oid=4459028&queryType=qs&queryString=%E6%A8%BA%E5%A4%AA HTTP/1.1" 200 29044
66.249.71.121 - - [13/Aug/2015:00:43:37 +0800] "GET /content/repository/resource_content.jsp?oid=2645563&queryType=qs&queryString=%E4%B8%B9%E9%99%BD HTTP/1.1" 200 29821
61.135.189.170 - - [13/Aug/2015:00:43:40 +0800] "GET /content/subject/resource_content.jsp?oid=16777385&queryType=qc HTTP/1.1" 200 34221
66.249.71.3 - - [13/Aug/2015:00:43:43 +0800] "GET /content/repository/resource_content.jsp?oid=4362234&queryType=qs&queryString=%E5%8D%97%E5%8C%97%E6%9C%9D HTTP/1.1" 200 30404
66.249.71.105 - - [13/Aug/2015:00:43:48 +0800] "GET /content/repository/resource_content.jsp?oid=2673267&queryType=qs&queryString=%E7%A5%81%E5%AF%AF%E8%97%BB HTTP/1.1" 200 30271
66.249.71.60 - - [13/Aug/2015:00:43:50 +0800] "GET /content/nav/relationSubject.jsp?relationWords=%E9%AA%A8%E6%9F%B6+&oid=1877166 HTTP/1.1" 200 2975
66.249.71.121 - - [13/Aug/2015:00:43:54 +0800] "GET /content/repository/resource_content.jsp?oid=4362232&queryType=qs&queryString=%E6%B0%B4%E6%9C%88 HTTP/1.1" 200 30356
66.249.71.60 - - [13/Aug/2015:00:43:56 +0800] "GET /content/nav/relationSubject.jsp?relationWords=%E9%AA%A8%E6%9F%B6%20&oid=1877166 HTTP/1.1" 200 2975
66.249.71.64 - - [13/Aug/2015:00:43:58 +0800] "GET /content/nav/relationSubject.jsp?relationWords=%E7%B0%BE%E5%AE%98+&oid=2534922 HTTP/1.1" 200 4428
66.249.79.248 - - [13/Aug/2015:00:44:00 +0800] "GET /content/repository/resource_content.jsp?oid=2670607&queryType=qs&queryString=%E7%A5%81%E5%AF%AF%E8%97%BB HTTP/1.1" 200 30227
118.160.9.250 - - [13/Aug/2015:00:44:01 +0800] "GET /content/subject/resource_content.jsp?oid=16777769&queryType=qc HTTP/1.1" 200 41381
66.249.71.60 - - [13/Aug/2015:00:44:01 +0800] "GET /content/nav/relationSubject.jsp?relationWords=%E7%B0%BE%E5%AE%98%20&oid=2534922 HTTP/1.1" 200 4428
118.160.9.250 - - [13/Aug/2015:00:44:04 +0800] "GET /content/nav/relationSubject.jsp?relationWords=%E6%95%B8%E4%BD%8D%E5%85%B8%E8%97%8F+%E9%89%9B%E5%AD%97+%E9%8A%85%E6%A8%A1+&oid=16777769 HTTP/1.1" 200 11830
66.249.71.113 - - [13/Aug/2015:00:44:05 +0800] "GET /content/repository/resource_content.jsp?oid=2645438&queryType=qs&queryString=%E5%A4%A9%E4%BF%9D%E7%B8%A3 HTTP/1.1" 200 30110
66.249.79.45 - - [13/Aug/2015:00:44:06 +0800] "GET /content/nav/relationSubject.jsp?relationWords=%E5%89%AF%E6%91%BA+%E5%A4%AA%E5%83%95%E5%AF%BA+%E7%A7%BB%E9%80%81+&oid=2672214 HTTP/1.1" 200 3169
66.249.79.236 - - [13/Aug/2015:00:44:11 +0800] "GET /content/repository/resource_content.jsp?oid=1781812&queryType=qs&queryString=%E7%94%B7%E4%B8%8A%E8%A1%A3 HTTP/1.1" 200 29249
66.249.71.72 - - [13/Aug/2015:00:44:11 +0800] "GET /content/nav/relationSubject.jsp?relationWords=%E5%89%AF%E6%91%BA%20%E5%A4%AA%E5%83%95%E5%AF%BA%20%E7%A7%BB%E9%80%81%20&oid=2672214 HTTP/1.1" 200 3169
66.249.71.121 - - [13/Aug/2015:00:44:16 +0800] "GET /content/repository/resource_content.jsp?oid=279221&queryType=qs&queryString=%E5%A4%8F%E8%87%B3 HTTP/1.1" 200 30986
61.135.189.170 - - [13/Aug/2015:00:44:20 +0800] "GET /content/pictures/picture_content.jsp?oid=33554803 HTTP/1.1" 200 27608
66.249.71.105 - - [13/Aug/2015:00:44:22 +0800] "GET /content/repository/resource_content.jsp?oid=2683762&queryType=qs&queryString=%E4%B8%AD%E6%9B%B8%E7%A7%91 HTTP/1.1" 200 30166
66.249.71.105 - - [13/Aug/2015:00:44:27 +0800] "GET /content/repository/resource_content.jsp?oid=2685010&queryType=qs&queryString=%E6%9C%83%E5%8C%AA HTTP/1.1" 200 30309
66.249.71.127 - - [13/Aug/2015:00:44:28 +0800] "GET /content/nav/relationSubject.jsp?relationWords=&oid=2548177 HTTP/1.1" 200 1405
66.249.79.224 - - [13/Aug/2015:00:44:34 +0800] "GET /content/repository/resource_content.jsp?oid=2588936&queryType=qs&queryString=%E6%96%87%E5%85%89 HTTP/1.1" 200 30070
66.249.71.105 - - [13/Aug/2015:00:44:38 +0800] "GET /content/repository/resource_content.jsp?oid=1776329&queryType=qs&queryString=%E5%B0%84%E8%80%B3%E7%A5%AD HTTP/1.1" 200 28752
66.249.79.248 - - [13/Aug/2015:00:44:41 +0800] "GET /content/repository/resource_content.jsp?oid=2663795&queryType=qs&queryString=%E8%83%A1%E9%BE%8D HTTP/1.1" 200 30216
61.135.189.170 - - [13/Aug/2015:00:44:41 +0800] "GET /content/pictures/picture_content.jsp?oid=33554804 HTTP/1.1" 200 27648
66.249.71.121 - - [13/Aug/2015:00:44:44 +0800] "GET /content/repository/resource_content.jsp?oid=2678664&queryType=qs&queryString=%E7%B8%A3%E4%B8%9E HTTP/1.1" 200 30408
66.249.71.105 - - [13/Aug/2015:00:44:50 +0800] "GET /content/repository/resource_content.jsp?oid=1780850&queryType=qs&queryString=%E7%A5%AD%E6%9C%8D HTTP/1.1" 200 29282
66.249.79.224 - - [13/Aug/2015:00:44:56 +0800] "GET /content/repository/resource_content.jsp?oid=1888355&queryType=qs&queryString=%E6%B8%AC%E9%87%8F%E5%9C%96 HTTP/1.1" 200 31786
66.249.79.248 - - [13/Aug/2015:00:45:01 +0800] "GET /content/repository/resource_content.jsp?oid=2676459&queryType=qs&queryString=%E5%88%A9%E5%B7%9D%E7%B8%A3 HTTP/1.1" 200 30509
66.249.79.248 - - [13/Aug/2015:00:45:06 +0800] "GET /content/repository/resource_content.jsp?oid=2572897&queryType=qs&queryString=%E8%87%A8%E5%BE%B7%E4%BA%8C%E5%80%89 HTTP/1.1" 200 29339
66.249.71.60 - - [13/Aug/2015:00:45:07 +0800] "GET /content/nav/relationSubject.jsp?relationWords=%E8%B1%94%E7%B4%AB%E8%8D%8A+&oid=16777307 HTTP/1.1" 200 1881
66.249.71.105 - - [13/Aug/2015:00:45:12 +0800] "GET /content/repository/resource_content.jsp?oid=2683552&queryType=qs&queryString=%E9%9F%93%E5%B4%B6 HTTP/1.1" 200 30383
66.249.71.105 - - [13/Aug/2015:00:45:17 +0800] "GET /content/repository/resource_content.jsp?oid=1782737&queryType=qs&queryString=%E9%A0%B8%E9%A3%BE HTTP/1.1" 200 28976
66.249.71.113 - - [13/Aug/2015:00:45:23 +0800] "GET /content/repository/resource_content.jsp?oid=2641824&queryType=qs&queryString=%E9%96%98%E5%9F%A7 HTTP/1.1" 200 30112
66.249.71.121 - - [13/Aug/2015:00:45:28 +0800] "GET /content/repository/resource_content.jsp?oid=2682703&queryType=qs&queryString=%E9%8A%B7%E5%86%8A HTTP/1.1" 200 30309
66.249.71.121 - - [13/Aug/2015:00:45:34 +0800] "GET /content/repository/resource_content.jsp?oid=2689630&queryType=qs&queryString=%E9%9F%93%E5%B4%B6 HTTP/1.1" 200 30055
66.249.71.113 - - [13/Aug/2015:00:45:35 +0800] "GET /content/nav/relationSubject.jsp?relationWords=%E7%9B%9B%E5%85%B7%20&oid=1782033 HTTP/1.1" 200 2188
66.249.71.121 - - [13/Aug/2015:00:45:37 +0800] "GET /content/nav/relationSubject.jsp?relationWords=%E7%B8%A3%E4%B8%9E%20%E9%A0%86%E5%A4%A9%E5%BA%9C%20&oid=2685028 HTTP/1.1" 200 3152
66.249.71.105 - - [13/Aug/2015:00:45:40 +0800] "GET /content/repository/resource_content.jsp?oid=2519990&queryType=qs&queryString=%E5%84%86%E5%BF%83%E9%8C%84 HTTP/1.1" 200 29895
66.249.71.121 - - [13/Aug/2015:00:45:46 +0800] "GET /content/repository/resource_content.jsp?oid=2519050&queryType=qs&queryString=%E6%9D%9E%E7%B8%A3 HTTP/1.1" 200 30233
66.249.71.105 - - [13/Aug/2015:00:45:51 +0800] "GET /content/repository/resource_content.jsp?oid=4470380&queryType=qs&queryString=%E8%95%83%E5%B1%8B HTTP/1.1" 200 35231
66.249.71.121 - - [13/Aug/2015:00:45:56 +0800] "GET /content/repository/resource_content.jsp?oid=2662076&queryType=qs&queryString=%E8%A9%90%E9%A8%99 HTTP/1.1" 200 29990
66.249.79.72 - - [13/Aug/2015:00:45:58 +0800] "GET /content/nav/relationSubject.jsp?relationWords=&oid=4362234 HTTP/1.1" 200 1405
66.249.71.121 - - [13/Aug/2015:00:46:02 +0800] "GET /content/repository/resource_content.jsp?oid=1863340&queryType=qs&queryString=%E9%99%B0%E7%B4%8B HTTP/1.1" 200 30778
66.249.71.105 - - [13/Aug/2015:00:46:07 +0800] "GET /content/repository/resource_content.jsp?oid=4352855&queryType=qs&queryString=%E5%BA%95%E5%BB%B6%E7%B9%A9%E9%87%A3 HTTP/1.1" 200 34937
66.249.71.113 - - [13/Aug/2015:00:46:13 +0800] "GET /content/repository/resource_content.jsp?oid=2522112&queryType=qs&queryString=%E8%81%96%E5%A3%BD HTTP/1.1" 200 29681
66.249.71.72 - - [13/Aug/2015:00:46:13 +0800] "GET /digiarch_en/content/nav/relationSubject.jsp?relationWords=%E5%B1%B1%E6%AB%BB%E8%8A%B1+&oid=16777304 HTTP/1.1" 200 4441
66.249.71.60 - - [13/Aug/2015:00:46:16 +0800] "GET /digiarch_en/content/nav/relationSubject.jsp?relationWords=%E5%B1%B1%E6%AB%BB%E8%8A%B1%20&oid=16777304 HTTP/1.1" 200 4441
66.249.71.105 - - [13/Aug/2015:00:46:18 +0800] "GET /content/repository/resource_content.jsp?oid=2659574&queryType=qs&queryString=%E5%BA%B6%E5%90%89%E5%A3%AB HTTP/1.1" 200 30094
66.249.71.121 - - [13/Aug/2015:00:46:24 +0800] "GET /content/repository/resource_content.jsp?oid=2643670&queryType=qs&queryString=%E4%B8%89%E5%93%81%E9%A0%82 HTTP/1.1" 200 30065
66.249.71.113 - - [13/Aug/2015:00:46:30 +0800] "GET /content/repository/resource_content.jsp?oid=2663729&queryType=qs&queryString=%E5%82%99%E6%96%87 HTTP/1.1" 200 30087
66.249.79.224 - - [13/Aug/2015:00:46:36 +0800] "GET /content/repository/resource_content.jsp?oid=2560209&queryType=qs&queryString=%E9%99%B5%E5%AF%A2 HTTP/1.1" 200 30509
66.249.79.248 - - [13/Aug/2015:00:46:41 +0800] "GET /content/repository/resource_content.jsp?oid=1852241&queryType=qs&queryString=%E6%AE%98%E9%8A%85%E7%89%87 HTTP/1.1" 200 30051
66.249.79.236 - - [13/Aug/2015:00:46:47 +0800] "GET /content/repository/resource_content.jsp?oid=2654215&queryType=qs&queryString=%E5%85%B8%E7%B0%BF%E5%BB%B3 HTTP/1.1" 200 30057
66.249.71.121 - - [13/Aug/2015:00:46:52 +0800] "GET /content/repository/resource_content.jsp?oid=2579907&queryType=qs&queryString=%E9%B9%BD%E8%A7%94 HTTP/1.1" 200 29736
66.249.79.32 - - [13/Aug/2015:00:46:55 +0800] "GET /content/nav/relationSubject.jsp?relationWords=&oid=2595314 HTTP/1.1" 200 1405
66.249.79.224 - - [13/Aug/2015:00:46:58 +0800] "GET /content/repository/resource_content.jsp?oid=1173992&queryType=qs&queryString=%E5%85%AC%E5%85%B1%E5%BB%BA%E7%AF%89 HTTP/1.1" 200 31131
66.249.79.248 - - [13/Aug/2015:00:47:03 +0800] "GET /content/repository/resource_content.jsp?oid=2522381&queryType=qs&queryString=%E6%9D%B1%E5%B7%9D HTTP/1.1" 200 30509
66.249.71.105 - - [13/Aug/2015:00:47:08 +0800] "GET /content/repository/resource_content.jsp?oid=1568314&queryType=qs&queryString=%E7%81%AB%E8%91%AC%E5%A0%B4 HTTP/1.1" 200 28926
66.249.71.41 - - [13/Aug/2015:00:47:09 +0800] "GET /content/nav/relationSubject.jsp?relationWords=%E4%BA%BA%E5%90%8D%E6%AC%8A%E5%A8%81+%E5%A4%96%E4%BA%A4%E9%83%A8+%E5%BE%B7%E5%A5%A7%E4%BF%98%E8%99%9C+%E8%8F%AF%E5%A2%83+&oid=673821 HTTP/1.1" 200 3890
66.249.79.1 - - [13/Aug/2015:00:47:12 +0800] "GET /content/nav/relationSubject.jsp?relationWords=%E4%BA%BA%E5%90%8D%E6%AC%8A%E5%A8%81%20%E5%A4%96%E4%BA%A4%E9%83%A8%20%E5%BE%B7%E5%A5%A7%E4%BF%98%E8%99%9C%20%E8%8F%AF%E5%A2%83%20&oid=673821 HTTP/1.1" 200 3890
66.249.71.113 - - [13/Aug/2015:00:47:14 +0800] "GET /content/repository/resource_content.jsp?oid=2690070&queryType=qs&queryString=%E5%9B%9B%E9%98%BF HTTP/1.1" 200 30354
66.249.71.113 - - [13/Aug/2015:00:47:20 +0800] "GET /content/repository/resource_content.jsp?oid=2667426&queryType=qs&queryString=%E5%9B%9E%E9%91%BE HTTP/1.1" 200 30057
66.249.79.32 - - [13/Aug/2015:00:47:20 +0800] "GET /content/nav/relationSubject.jsp?relationWords=%E5%B8%83%E8%BE%B2%E6%97%8F+&oid=1782753 HTTP/1.1" 200 3328
66.249.71.64 - - [13/Aug/2015:00:47:23 +0800] "GET /content/nav/relationSubject.jsp?relationWords=%E5%B8%83%E8%BE%B2%E6%97%8F%20&oid=1782753 HTTP/1.1" 200 3328
66.249.71.121 - - [13/Aug/2015:00:47:25 +0800] "GET /content/repository/resource_content.jsp?oid=2549492&queryType=qs&queryString=%E7%94%A8%E5%AF%B6 HTTP/1.1" 200 30057
66.249.71.113 - - [13/Aug/2015:00:47:31 +0800] "GET /content/repository/resource_content.jsp?oid=4465932&queryType=qs&queryString=%E8%88%B9%E8%88%B6 HTTP/1.1" 200 29688
66.249.71.121 - - [13/Aug/2015:00:47:36 +0800] "GET /content/repository/resource_content.jsp?oid=1782168&queryType=qs&queryString=%E9%A1%8D%E9%A3%BE HTTP/1.1" 200 28687
61.135.189.170 - - [13/Aug/2015:00:47:39 +0800] "GET /digiarch3/content/repository/resource_content.jsp?oid=1124651&queryType=qc HTTP/1.1" 200 35365
66.249.79.236 - - [13/Aug/2015:00:47:42 +0800] "GET /content/repository/resource_content.jsp?oid=1869837&queryType=qs&queryString=%E8%9F%A0%E8%9E%AD%E7%B4%8B HTTP/1.1" 200 30171
66.249.71.113 - - [13/Aug/2015:00:47:47 +0800] "GET /content/repository/resource_content.jsp?oid=2519132&queryType=qs&queryString=%E5%BA%B6%E5%90%89%E5%A3%AB HTTP/1.1" 200 30287
66.249.71.121 - - [13/Aug/2015:00:47:53 +0800] "GET /content/repository/resource_content.jsp?oid=4438894&queryType=qs&queryString=%E5%9C%92%E8%97%9D HTTP/1.1" 200 33528
66.249.71.105 - - [13/Aug/2015:00:47:55 +0800] "GET /content/repository/resource_content.jsp?oid=2515944&queryType=qs&queryString=%E5%94%90%E6%B1%9D HTTP/1.1" 200 29963
61.135.189.170 - - [13/Aug/2015:00:47:58 +0800] "GET /digiarch3/content/repository/resource_content.jsp?oid=523612&queryType=qc HTTP/1.1" 200 36017
66.249.79.224 - - [13/Aug/2015:00:47:59 +0800] "GET /content/repository/resource_content.jsp?oid=2679937&queryType=qs&queryString=%E5%BB%82%E7%99%BD%E6%97%97 HTTP/1.1" 200 30243
66.249.79.32 - - [13/Aug/2015:00:47:59 +0800] "GET /content/nav/relationSubject.jsp?relationWords=%E5%A4%A7%E5%AD%B8%E5%A3%AB+&oid=2518469 HTTP/1.1" 200 3114
66.249.79.248 - - [13/Aug/2015:00:48:05 +0800] "GET /content/repository/resource_content.jsp?oid=2678690&queryType=qs&queryString=%E5%B7%A5%E7%AB%A3 HTTP/1.1" 200 29885
66.249.71.64 - - [13/Aug/2015:00:48:08 +0800] "GET /digiarch_en/content/nav/relationSubject.jsp?relationWords=%E5%B1%B1%E6%AB%BB%E8%8A%B1+&oid=16777337 HTTP/1.1" 200 4414
66.249.71.121 - - [13/Aug/2015:00:48:10 +0800] "GET /content/repository/resource_content.jsp?oid=1848641&queryType=qs&queryString=%E9%B1%97%E7%B4%8B HTTP/1.1" 200 30507
66.249.71.60 - - [13/Aug/2015:00:48:12 +0800] "GET /content/nav/relationSubject.jsp?relationWords=%E5%A4%A7%E5%AD%B8%E5%A3%AB%20&oid=2518469 HTTP/1.1" 200 3114
66.249.71.105 - - [13/Aug/2015:00:48:13 +0800] "GET /content/nav/relationSubject.jsp?relationWords=%E6%9C%94%E5%B9%B3%E5%BA%9C%20%E9%A6%AC%E9%82%91%20&oid=2666171 HTTP/1.1" 200 3142
66.249.71.121 - - [13/Aug/2015:00:48:15 +0800] "GET /content/repository/resource_content.jsp?oid=2690067&queryType=qs&queryString=%E7%AB%A0%E4%BA%AC HTTP/1.1" 200 30633
66.249.79.19 - - [13/Aug/2015:00:48:16 +0800] "GET /digiarch_en/content/nav/relationSubject.jsp?relationWords=%E5%B1%B1%E6%AB%BB%E8%8A%B1%20&oid=16777337 HTTP/1.1" 200 4414
66.249.71.121 - - [13/Aug/2015:00:48:21 +0800] "GET /content/repository/resource_content.jsp?oid=2676463&queryType=qs&queryString=%E5%A1%94%E7%88%BE%E5%B7%B4%E5%93%88%E5%8F%B0 HTTP/1.1" 200 30140
66.249.79.248 - - [13/Aug/2015:00:48:27 +0800] "GET /content/repository/resource_content.jsp?oid=4465783&queryType=qs&queryString=%E6%B5%B7%E9%81%8B HTTP/1.1" 200 30031
66.249.71.105 - - [13/Aug/2015:00:48:32 +0800] "GET /content/repository/resource_content.jsp?oid=1529307&queryType=qs&queryString=%E9%87%91%E6%B3%89 HTTP/1.1" 200 30626
61.135.189.170 - - [13/Aug/2015:00:48:37 +0800] "GET /digiarch3/content/subject/resource_content.jsp?oid=16777822&queryType=qc> HTTP/1.1" 200 45436
66.249.71.121 - - [13/Aug/2015:00:48:37 +0800] "GET /content/repository/resource_content.jsp?oid=1833209&queryType=qs&queryString=%E6%88%90%E7%8E%8B HTTP/1.1" 200 31828
66.249.71.113 - - [13/Aug/2015:00:48:43 +0800] "GET /content/repository/resource_content.jsp?oid=2655276&queryType=qs&queryString=%E5%B9%B6%E4%BA%A4 HTTP/1.1" 200 29781
66.249.71.113 - - [13/Aug/2015:00:48:54 +0800] "GET /content/repository/resource_content.jsp?oid=2678779&queryType=qs&queryString=%E8%87%AC%E5%8F%B8 HTTP/1.1" 200 30545
66.249.71.113 - - [13/Aug/2015:00:49:00 +0800] "GET /content/repository/resource_content.jsp?oid=1806879&queryType=qs&queryString=%E4%BC%AF%E9%82%91%E8%80%83 HTTP/1.1" 200 40133
66.249.71.113 - - [13/Aug/2015:00:49:05 +0800] "GET /content/repository/resource_content.jsp?oid=2678523&queryType=qs&queryString=%E7%93%8A%E5%B7%9E%E5%BA%9C HTTP/1.1" 200 30263
66.249.71.121 - - [13/Aug/2015:00:49:11 +0800] "GET /content/repository/resource_content.jsp?oid=2520496&queryType=qs&queryString=%E7%93%8A%E5%B7%9E%E5%BA%9C HTTP/1.1" 200 29952
66.249.71.121 - - [13/Aug/2015:00:49:16 +0800] "GET /content/repository/resource_content.jsp?oid=2670307&queryType=qs&queryString=%E5%A5%8F%E8%AB%8B%E9%99%9B%E8%A6%8B HTTP/1.1" 200 30240
66.249.71.105 - - [13/Aug/2015:00:49:22 +0800] "GET /content/repository/resource_content.jsp?oid=2688175&queryType=qs&queryString=%E7%93%8A%E5%B7%9E%E5%BA%9C HTTP/1.1" 200 30360
66.249.79.248 - - [13/Aug/2015:00:49:28 +0800] "GET /content/repository/resource_content.jsp?oid=2673327&queryType=qs&queryString=%E6%95%98%E5%B7%9E HTTP/1.1" 200 30082
66.249.71.113 - - [13/Aug/2015:00:49:33 +0800] "GET /content/repository/resource_content.jsp?oid=2666535&queryType=qs&queryString=%E9%96%98%E5%9F%A7 HTTP/1.1" 200 30172
66.249.71.121 - - [13/Aug/2015:00:49:38 +0800] "GET /content/repository/resource_content.jsp?oid=2649649&queryType=qs&queryString=%E6%99%AF%E5%A3%BD HTTP/1.1" 200 30097
66.249.71.105 - - [13/Aug/2015:00:49:44 +0800] "GET /content/repository/resource_content.jsp?oid=2638519&queryType=qs&queryString=%E5%A5%8F%E8%AB%8B%E9%99%9B%E8%A6%8B HTTP/1.1" 200 30068
66.249.71.105 - - [13/Aug/2015:00:49:50 +0800] "GET /content/repository/resource_content.jsp?oid=2632324&queryType=qs&queryString=%E5%B1%B1%E7%9B%B1%E5%BB%B3 HTTP/1.1" 200 29327
66.249.71.60 - - [13/Aug/2015:00:49:52 +0800] "GET /content/nav/relationSubject.jsp?relationWords=%E7%94%9F%E5%91%BD%E5%84%80%E7%A6%AE+%E8%B3%BD%E5%A4%8F+%E8%B3%BD%E5%A4%8F%E6%97%8F+&oid=1773183 HTTP/1.1" 200 3166
66.249.71.72 - - [13/Aug/2015:00:49:54 +0800] "GET /content/nav/relationSubject.jsp?relationWords=%E7%A0%A5%E7%9F%B3+&oid=1843474 HTTP/1.1" 200 2985
66.249.79.19 - - [13/Aug/2015:00:49:55 +0800] "GET /content/nav/relationSubject.jsp?relationWords=%E7%94%9F%E5%91%BD%E5%84%80%E7%A6%AE%20%E8%B3%BD%E5%A4%8F%20%E8%B3%BD%E5%A4%8F%E6%97%8F%20&oid=1773183 HTTP/1.1" 200 3166
66.249.71.113 - - [13/Aug/2015:00:49:57 +0800] "GET /content/repository/resource_content.jsp?oid=2511223&queryType=qs&queryString=%E5%BE%81%E8%87%BA HTTP/1.1" 200 29749
66.249.71.60 - - [13/Aug/2015:00:49:57 +0800] "GET /content/nav/relationSubject.jsp?relationWords=%E7%A0%A5%E7%9F%B3%20&oid=1843474 HTTP/1.1" 200 2985
66.249.71.121 - - [13/Aug/2015:00:50:01 +0800] "GET /content/repository/resource_content.jsp?oid=2661089&queryType=qs&queryString=%E5%B1%B1%E7%9B%B1%E5%BB%B3 HTTP/1.1" 200 29832
66.249.71.105 - - [13/Aug/2015:00:50:06 +0800] "GET /content/repository/resource_content.jsp?oid=1783046&queryType=qs&queryString=%E7%84%A1%E8%A2%96%E9%95%B7%E4%B8%8A%E8%A1%A3 HTTP/1.1" 200 28886
111.206.36.10 - - [13/Aug/2015:00:50:09 +0800] "GET /content/subject/resource_content.jsp?oid=16777448 HTTP/1.1" 200 34500
66.249.71.105 - - [13/Aug/2015:00:50:12 +0800] "GET /content/repository/resource_content.jsp?oid=2659964&queryType=qs&queryString=%E8%A8%8A%E7%A9%B6 HTTP/1.1" 200 30229
66.249.71.105 - - [13/Aug/2015:00:50:17 +0800] "GET /content/repository/resource_content.jsp?oid=2679498&queryType=qs&queryString=%E8%A8%8A%E7%A9%B6 HTTP/1.1" 200 30302
66.249.71.60 - - [13/Aug/2015:00:50:23 +0800] "GET /content/repository/resource_content.jsp?oid=16337&queryString=%E6%89%81%E8%8A%B1%E9%B0%B9%20%E9%AF%96%E7%A7%91 HTTP/1.1" 200 35082
66.249.71.113 - - [13/Aug/2015:00:50:28 +0800] "GET /content/repository/resource_content.jsp?oid=1783465&queryType=qs&queryString=%E7%84%A1%E8%A2%96%E9%95%B7%E4%B8%8A%E8%A1%A3 HTTP/1.1" 200 31246
66.249.71.113 - - [13/Aug/2015:00:50:34 +0800] "GET /content/repository/resource_content.jsp?oid=2683254&queryType=qs&queryString=%E6%B0%B8%E5%B7%9E%E5%BA%9C HTTP/1.1" 200 30359
66.249.71.119 - - [13/Aug/2015:00:50:40 +0800] "GET /content/subject/resource_content.jsp?oid=16777787&queryString=%E6%9E%97%E7%8D%BB%E5%A0%82%20%E6%A5%8A%E8%82%87%E5%98%89%20%E6%B2%88%E8%91%86%E7%A6%8E%20%E8%A8%B1%E5%BF%97%20%E8%B0%B7%E5%B7%9D%20%E9%95%B7%E8%B0%B7%E5%B7%9D%20%E9%95%B7%E8%B0%B7%E5%B7%9D%E6%B8%85 HTTP/1.1" 200 57819
123.125.67.144 - - [13/Aug/2015:00:50:42 +0800] "GET /content/repository/resource_content.jsp?oid=4352129 HTTP/1.1" 200 34114
188.165.15.192 - - [13/Aug/2015:00:50:43 +0800] "GET /content/subject/resource_content.jsp?oid=16777734&queryType=qc HTTP/1.1" 200 40293
66.249.79.32 - - [13/Aug/2015:00:50:46 +0800] "GET /content/repository/resource_content.jsp?oid=207462 HTTP/1.1" 200 30459
66.249.71.121 - - [13/Aug/2015:00:50:51 +0800] "GET /content/repository/resource_content.jsp?oid=2680446&queryType=qs&queryString=%E6%9D%B1%E5%B7%9D HTTP/1.1" 200 30437
66.249.79.248 - - [13/Aug/2015:00:50:57 +0800] "GET /content/repository/resource_content.jsp?oid=2684612&queryType=qs&queryString=%E5%A6%A5%E5%BD%B9 HTTP/1.1" 200 30167
66.249.71.60 - - [13/Aug/2015:00:50:57 +0800] "GET /content/nav/relationSubject.jsp?relationWords=API+%E5%A4%AA%E9%AD%AF%E9%96%A3%E7%95%B6%E6%AD%B8+%E6%A4%8D%E7%89%A9%E7%95%8C+%E7%95%B6%E6%AD%B8%E5%B1%AC+%E7%B9%96%E5%BD%A2%E7%A7%91+%E9%9B%99%E5%AD%90%E8%91%89%E6%A4%8D%E7%89%A9+&oid=1108574 HTTP/1.1" 200 4686
66.249.71.113 - - [13/Aug/2015:00:51:02 +0800] "GET /content/repository/resource_content.jsp?oid=568206&queryType=qs&queryString=%E9%90%98%E6%A8%93 HTTP/1.1" 200 27896
66.249.71.113 - - [13/Aug/2015:00:51:07 +0800] "GET /content/repository/resource_content.jsp?oid=2687833&queryType=qs&queryString=%E8%A8%8A%E7%A9%B6 HTTP/1.1" 200 30150
66.249.71.113 - - [13/Aug/2015:00:51:13 +0800] "GET /content/repository/resource_content.jsp?oid=2684250&queryType=qs&queryString=%E5%8F%A4%E5%8C%97%E5%8F%A3 HTTP/1.1" 200 30322
66.249.71.72 - - [13/Aug/2015:00:51:13 +0800] "GET /content/nav/relationSubject.jsp?relationWords=&oid=223591 HTTP/1.1" 200 1405
123.125.68.183 - - [13/Aug/2015:00:51:15 +0800] "GET /digiarch_en/content/repository/resource_content.jsp?oid=523591&queryType=qc HTTP/1.1" 200 26829
66.249.79.224 - - [13/Aug/2015:00:51:19 +0800] "GET /content/repository/resource_content.jsp?oid=2680981&queryType=qs&queryString=%E5%A8%81%E5%AF%A7%E5%B7%9E HTTP/1.1" 200 30330
66.249.71.105 - - [13/Aug/2015:00:51:24 +0800] "GET /content/repository/resource_content.jsp?oid=2676554&queryType=qs&queryString=%E6%99%AF%E5%A3%BD HTTP/1.1" 200 30056
66.249.71.72 - - [13/Aug/2015:00:51:29 +0800] "GET /content/subject/resource_content.jsp?oid=16777698&queryString=%E6%95%B8%E4%BD%8D%E5%AD%B8%E7%BF%92 HTTP/1.1" 200 30195
66.249.71.121 - - [13/Aug/2015:00:51:35 +0800] "GET /content/repository/resource_content.jsp?oid=2631067&queryType=qs&queryString=%E6%9D%8E%E7%91%9E HTTP/1.1" 200 30003
66.249.71.105 - - [13/Aug/2015:00:51:41 +0800] "GET /content/repository/resource_content.jsp?oid=1777988&queryType=qs&queryString=%E7%A4%BE%E6%9C%83%E6%94%AF%E6%8C%81 HTTP/1.1" 200 34991
66.249.71.121 - - [13/Aug/2015:00:51:46 +0800] "GET /content/repository/resource_content.jsp?oid=2689210&queryType=qs&queryString=%E9%B9%BD%E8%8C%B6 HTTP/1.1" 200 30322
66.249.71.105 - - [13/Aug/2015:00:51:52 +0800] "GET /content/repository/resource_content.jsp?oid=2686915&queryType=qs&queryString=%E5%8F%A4%E5%B7%9E HTTP/1.1" 200 30159
66.249.79.248 - - [13/Aug/2015:00:51:58 +0800] "GET /content/repository/resource_content.jsp?oid=2512159&queryType=qs&queryString=%E8%80%81%E4%B8%81%E5%96%AE HTTP/1.1" 200 30004
66.249.79.248 - - [13/Aug/2015:00:52:03 +0800] "GET /content/repository/resource_content.jsp?oid=2689190&queryType=qs&queryString=%E7%A5%81%E5%AF%AF%E8%97%BB HTTP/1.1" 200 30312
66.249.79.45 - - [13/Aug/2015:00:52:07 +0800] "GET /content/nav/relationSubject.jsp?relationWords=&oid=2609904 HTTP/1.1" 200 1405
66.249.71.113 - - [13/Aug/2015:00:52:09 +0800] "GET /content/repository/resource_content.jsp?oid=1172904&queryType=qs&queryString=%E5%85%AC%E5%85%B1%E5%BB%BA%E7%AF%89 HTTP/1.1" 200 33103
66.249.71.113 - - [13/Aug/2015:00:52:14 +0800] "GET /content/repository/resource_content.jsp?oid=2680370&queryType=qs&queryString=%E9%B9%BD%E8%8C%B6 HTTP/1.1" 200 30041
66.249.71.113 - - [13/Aug/2015:00:52:19 +0800] "GET /content/repository/resource_content.jsp?oid=1775861&queryType=qs&queryString=%E7%A4%BE%E6%9C%83%E6%94%AF%E6%8C%81 HTTP/1.1" 200 38688
66.249.79.236 - - [13/Aug/2015:00:52:26 +0800] "GET /content/repository/resource_content.jsp?oid=2666421&queryType=qs&queryString=%E6%B0%B8%E5%B7%9E%E5%BA%9C HTTP/1.1" 200 29868
66.249.71.105 - - [13/Aug/2015:00:52:31 +0800] "GET /content/repository/resource_content.jsp?oid=4364257&queryType=qs&queryString=%E8%97%8F%E8%AA%9E HTTP/1.1" 200 32137
66.249.71.121 - - [13/Aug/2015:00:52:36 +0800] "GET /content/repository/resource_content.jsp?oid=2676364&queryType=qs&queryString=%E9%99%B6%E6%BE%8D HTTP/1.1" 200 30342
66.249.71.113 - - [13/Aug/2015:00:52:42 +0800] "GET /content/repository/resource_content.jsp?oid=2684913&queryType=qs&queryString=%E9%80%B2%E8%B2%A2 HTTP/1.1" 200 30037
66.249.71.121 - - [13/Aug/2015:00:52:47 +0800] "GET /content/repository/resource_content.jsp?oid=2683202&queryType=qs&queryString=%E4%B8%AD%E6%9B%B8%E7%A7%91 HTTP/1.1" 200 30124
66.249.71.45 - - [13/Aug/2015:00:52:55 +0800] "GET /content/nav/relationSubject.jsp?relationWords=&oid=2542714 HTTP/1.1" 200 1405
116.48.40.107 - - [13/Aug/2015:00:52:56 +0800] "GET /content/nav/relationSubject.jsp?relationWords=%E7%B4%AB%E9%88%B4%E8%97%A4+%E8%92%9C%E9%A6%99%E8%97%A4+&oid=16777257 HTTP/1.1" 200 1891
66.249.71.60 - - [13/Aug/2015:00:52:57 +0800] "GET /content/nav/relationSubject.jsp?relationWords=%E4%BA%94%E7%B5%90%E9%84%89+%E5%85%AD%E5%BA%9C+%E8%B6%95%E9%80%9F+&oid=1570295 HTTP/1.1" 200 3766
66.249.79.161 - - [13/Aug/2015:00:52:59 +0800] "GET /digiarch3/content/pictures/picture_content.jsp?oid=33554830&classify=2761 HTTP/1.1" 200 27963
66.249.71.64 - - [13/Aug/2015:00:53:00 +0800] "GET /content/nav/relationSubject.jsp?relationWords=%E4%BA%94%E7%B5%90%E9%84%89%20%E5%85%AD%E5%BA%9C%20%E8%B6%95%E9%80%9F%20&oid=1570295 HTTP/1.1" 200 3766
66.249.71.127 - - [13/Aug/2015:00:53:04 +0800] "GET /content/repository/resource_content.jsp?oid=1775783&queryType=qs&queryString=%E6%9D%B1%E5%9F%94%E7%A4%BE HTTP/1.1" 200 31158
66.249.79.32 - - [13/Aug/2015:00:53:08 +0800] "GET /content/nav/relationSubject.jsp?relationWords=%E4%B8%AD%E5%A4%AE%E5%9C%96%E6%9B%B8%E9%A4%A8+&oid=16777473 HTTP/1.1" 200 6849
66.249.71.64 - - [13/Aug/2015:00:53:10 +0800] "GET /content/repository/resource_content.jsp?oid=3811607&queryString=%E5%88%BA%E6%A1%90%20%E6%A4%8D%E7%89%A9%E7%95%8C%20%E8%A0%B6%E8%B1%86%20%E9%9B%99%E5%AD%90%E8%91%89%E6%A4%8D%E7%89%A9 HTTP/1.1" 200 30990
66.249.79.19 - - [13/Aug/2015:00:53:11 +0800] "GET /content/nav/relationSubject.jsp?relationWords=%E9%BE%9C%E7%94%B2%E5%8D%9C%E8%BE%AD%E6%AE%98%E7%89%87+&oid=1843811 HTTP/1.1" 200 3071
66.249.71.72 - - [13/Aug/2015:00:53:14 +0800] "GET /content/nav/relationSubject.jsp?relationWords=%E9%BE%9C%E7%94%B2%E5%8D%9C%E8%BE%AD%E6%AE%98%E7%89%87%20&oid=1843811 HTTP/1.1" 200 3071
66.249.71.119 - - [13/Aug/2015:00:53:21 +0800] "GET /content/subject/resource_content.jsp?oid=16777733&queryString=%E6%96%87%E7%89%A9%E9%99%B3%E5%88%97%E9%A4%A8%20%E7%94%B2%E9%AA%A8%20%E7%94%B2%E9%AA%A8%E6%96%87%20%E8%91%A3%E4%BD%9C%E8%B3%93 HTTP/1.1" 200 33052
66.249.71.72 - - [13/Aug/2015:00:53:26 +0800] "GET /content/repository/resource_content.jsp?oid=1582896 HTTP/1.1" 200 28841
66.249.71.64 - - [13/Aug/2015:00:53:27 +0800] "GET /content/nav/relationSubject.jsp?relationWords=%E6%A9%84%E6%AC%96%E5%BD%A2%E9%AA%A8%E7%8F%A0+&oid=1862834 HTTP/1.1" 200 3044
123.125.71.76 - - [13/Aug/2015:00:53:28 +0800] "GET /content/repository/resource_content.jsp?oid=2676744&amp;queryString=%E6%81%A4%E5%88%91%20%E7%BD%AA%E5%9B%9A HTTP/1.1" 200 29916
66.249.71.72 - - [13/Aug/2015:00:53:29 +0800] "GET /content/nav/relationSubject.jsp?relationWords=%E9%9B%85%E7%BE%8E%E6%97%8F+&oid=1781292 HTTP/1.1" 200 2870
66.249.71.64 - - [13/Aug/2015:00:53:29 +0800] "GET /content/nav/relationSubject.jsp?relationWords=%E6%A9%84%E6%AC%96%E5%BD%A2%E9%AA%A8%E7%8F%A0%20&oid=1862834 HTTP/1.1" 200 3044
66.249.79.45 - - [13/Aug/2015:00:53:31 +0800] "GET /content/nav/relationSubject.jsp?relationWords=%E9%9B%85%E7%BE%8E%E6%97%8F%20&oid=1781292 HTTP/1.1" 200 2870
66.249.79.19 - - [13/Aug/2015:00:53:33 +0800] "GET /content/subject/resource_content.jsp?oid=16777442&queryString=%E8%A6%96%E8%A6%BA HTTP/1.1" 200 28108
66.249.71.36 - - [13/Aug/2015:00:53:45 +0800] "GET /content/subject/resource_content.jsp?oid=16797295&queryType=qc HTTP/1.1" 200 66254
66.249.71.121 - - [13/Aug/2015:00:53:48 +0800] "GET /content/subject/resource_content.jsp?oid=16777302&queryType=qc HTTP/1.1" 200 33433
66.249.79.135 - - [13/Aug/2015:00:53:54 +0800] "GET /digiarch3/content/subject/resource_content.jsp?oid=16777231&queryType=qs&queryString=%E6%96%87%E7%89%A9%E9%99%B3%E5%88%97%E9%A4%A8 HTTP/1.1" 200 28163
66.249.71.60 - - [13/Aug/2015:00:53:59 +0800] "GET /content/repository/resource_content.jsp?oid=1098726 HTTP/1.1" 200 30912
66.249.71.60 - - [13/Aug/2015:00:54:05 +0800] "GET /content/repository/resource_content.jsp?oid=1532676 HTTP/1.1" 200 28503
66.249.71.64 - - [13/Aug/2015:00:54:11 +0800] "GET /content/repository/resource_content.jsp?oid=1540680 HTTP/1.1" 200 28392
66.249.71.64 - - [13/Aug/2015:00:54:16 +0800] "GET /content/repository/resource_content.jsp?oid=1517124 HTTP/1.1" 200 28556
66.249.79.46 - - [13/Aug/2015:00:54:22 +0800] "GET /content/subject/resource_content.jsp?oid=16777600&queryType=qc HTTP/1.1" 200 50326
66.249.71.119 - - [13/Aug/2015:00:54:27 +0800] "GET /content/repository/resource_content.jsp?oid=14427&queryString=%E5%8D%B0%E5%BA%A6%E6%A7%8D%E9%AD%9A%20%E6%97%97%E9%AD%9A%20%E7%99%BD%E8%82%89%20%E7%AB%8B%E7%BF%85%E6%97%97%E9%AD%9A HTTP/1.1" 200 35181
66.249.79.236 - - [13/Aug/2015:00:54:30 +0800] "GET /content/repository/resource_content.jsp?oid=15160&queryType=qs&queryString=%E7%99%BD%E5%89%8D HTTP/1.1" 200 34131
66.249.71.113 - - [13/Aug/2015:00:54:30 +0800] "GET /content/nav/relationSubject.jsp?relationWords=%E5%90%8F%E9%83%A8%20&oid=2663795 HTTP/1.1" 200 3101
66.249.71.72 - - [13/Aug/2015:00:54:33 +0800] "GET /content/repository/resource_content.jsp?oid=3205034&queryString=%E5%8F%A4%E7%B1%8D%20%E7%B4%A0%E5%95%8F%20%E8%81%AF%E5%90%88%E7%9B%AE%E9%8C%84%20%E9%86%AB%E7%99%82%E5%8F%B2%20%E9%87%8D%E5%BB%A3%20%E9%BB%83%E5%B8%9D%E5%85%A7%E7%B6%93%E7%B4%A0%E5%95%8F HTTP/1.1" 200 30120
66.249.71.14 - - [13/Aug/2015:00:54:38 +0800] "GET /digiarch3/content/subject/resource_content.jsp?oid=16777485&queryType=qs&queryString=%E5%8E%9F%E7%94%9F%E6%A4%8D%E7%89%A9 HTTP/1.1" 200 39389
66.249.71.72 - - [13/Aug/2015:00:54:44 +0800] "GET /content/repository/resource_content.jsp?oid=1887044&queryString=%E5%8E%9A%E6%AE%BC%E7%B8%B1%E7%B0%BE%E8%9B%A4 HTTP/1.1" 200 31840
66.249.71.64 - - [13/Aug/2015:00:54:49 +0800] "GET /content/repository/resource_content.jsp?oid=2470772 HTTP/1.1" 200 29731
66.249.71.72 - - [13/Aug/2015:00:54:50 +0800] "GET /content/nav/relationSubject.jsp?relationWords=%E6%AD%A6%E9%84%89%E9%8E%AE+%E9%99%B8%E6%B8%AC%E5%9C%96+&oid=178155 HTTP/1.1" 200 3129
66.249.71.72 - - [13/Aug/2015:00:54:54 +0800] "GET /content/nav/relationSubject.jsp?relationWords=%E6%AD%A6%E9%84%89%E9%8E%AE%20%E9%99%B8%E6%B8%AC%E5%9C%96%20&oid=178155 HTTP/1.1" 200 3129
66.249.71.72 - - [13/Aug/2015:00:54:57 +0800] "GET /content/repository/resource_content.jsp?oid=1113568 HTTP/1.1" 200 30953
66.249.71.14 - - [13/Aug/2015:00:54:58 +0800] "GET /digiarch3/content/nav/relationSubject.jsp?relationWords=%E6%A0%A1%E5%A4%96%E6%95%99%E5%AD%B8+&oid=16777231 HTTP/1.1" 200 3675
66.249.71.64 - - [13/Aug/2015:00:55:06 +0800] "GET /content/pictures/picture_content.jsp?oid=33554746&queryType=qc HTTP/1.1" 200 27686
66.249.71.60 - - [13/Aug/2015:00:55:07 +0800] "GET /content/nav/relationSubject.jsp?relationWords=%E9%BE%9C%E7%94%B2%E5%8D%9C%E8%BE%AD%E6%AE%98%E7%89%87+&oid=1840421 HTTP/1.1" 200 3071
66.249.71.72 - - [13/Aug/2015:00:55:08 +0800] "GET /content/nav/relationSubject.jsp?relationWords=%E9%BE%9C%E7%94%B2%E5%8D%9C%E8%BE%AD%E6%AE%98%E7%89%87%20&oid=1840421 HTTP/1.1" 200 3071
66.249.79.148 - - [13/Aug/2015:00:55:16 +0800] "GET /content/nav/relationSubject.jsp?relationWords=%E5%8D%97%E7%AE%A1%20&oid=4364476 HTTP/1.1" 200 2994
66.249.71.3 - - [13/Aug/2015:00:55:17 +0800] "GET /content/repository/resource_content.jsp?oid=3032967&queryString=%E5%9C%B0%E8%B3%AA%E5%AD%B8%20%E6%A9%AB%E6%96%B7%E8%A8%98 HTTP/1.1" 200 29367
66.249.71.72 - - [13/Aug/2015:00:55:23 +0800] "GET /content/repository/resource_content.jsp?oid=1457221 HTTP/1.1" 200 31057
66.249.71.60 - - [13/Aug/2015:00:55:28 +0800] "GET /content/repository/resource_content.jsp?oid=1459564&queryString=%E6%9D%9C%E9%B5%91%E8%8A%B1%20%E6%9D%9C%E9%B5%91%E8%8A%B1%E7%A7%91%20%E6%A4%8D%E7%89%A9%E7%95%8C%20%E6%AF%9B%E8%95%8A%E8%8A%B1%20%E8%B6%8A%E6%A9%98%E5%B1%AC HTTP/1.1" 200 31348
66.249.71.3 - - [13/Aug/2015:00:55:34 +0800] "GET /content/subject/resource_content.jsp?oid=16777793&queryType=qc HTTP/1.1" 200 42707
66.249.79.106 - - [13/Aug/2015:00:55:40 +0800] "GET /content/repository/resource_content.jsp?oid=1560480&queryType=qs&queryString=%E8%AA%BF%E6%9F%A5%E8%A1%A8 HTTP/1.1" 200 29246
66.249.71.64 - - [13/Aug/2015:00:55:45 +0800] "GET /content/repository/resource_content.jsp?oid=1889596 HTTP/1.1" 200 28835
66.249.71.121 - - [13/Aug/2015:00:55:56 +0800] "GET /content/repository/resource_content.jsp?oid=4361964&queryType=qs&queryString=%E5%8A%89%E5%85%AC HTTP/1.1" 200 30754
66.249.79.248 - - [13/Aug/2015:00:56:03 +0800] "GET /content/repository/resource_content.jsp?oid=4364669&queryType=qs&queryString=%E5%8D%8D%E5%AD%97%E7%B4%8B HTTP/1.1" 200 29946
66.249.79.224 - - [13/Aug/2015:00:56:08 +0800] "GET /content/repository/resource_content.jsp?oid=2516243&queryType=qs&queryString=%E6%B0%91%E8%AE%8A HTTP/1.1" 200 29654
50.81.165.167 - - [13/Aug/2015:00:56:11 +0800] "GET /content/nav/relationSubject.jsp?relationWords=%E5%8D%83%E5%B9%B4%E6%A1%90+%E6%A1%90%E8%8A%B1+%E6%B2%B9%E6%A1%90+&oid=16777599 HTTP/1.1" 200 3738
66.249.71.113 - - [13/Aug/2015:00:56:13 +0800] "GET /content/repository/resource_content.jsp?oid=1899185&queryType=qs&queryString=%E5%9C%8B%E6%B0%91%E4%BD%8F%E5%AE%85 HTTP/1.1" 200 31176
66.249.71.64 - - [13/Aug/2015:00:56:18 +0800] "GET /content/repository/resource_content.jsp?oid=1095678&queryString=%E6%A3%AE%E6%B0%8F%E8%8F%8A%20%E6%A4%8D%E7%89%A9%E7%95%8C%20%E8%8F%8A%E5%B1%AC%20%E8%8F%8A%E7%A7%91%20%E9%9B%99%E5%AD%90%E8%91%89%E6%A4%8D%E7%89%A9 HTTP/1.1" 200 31138
66.249.71.72 - - [13/Aug/2015:00:56:20 +0800] "GET /content/nav/relationSubject.jsp?relationWords=%E9%8C%A2%E7%B3%A7+&oid=2533088 HTTP/1.1" 200 5260
66.249.71.23 - - [13/Aug/2015:00:56:24 +0800] "GET /digiarch3/content/repository/resource_content.jsp?oid=1126280&queryString=%E5%B0%96%E8%A7%92%E6%B1%9F%E7%8F%A7%E8%9B%A4%20%E6%B1%9F%E7%8F%A7%E8%9B%A4%20%E8%9B%A4%E7%A7%91%20%E8%B2%BD%E8%B2%9D%20%E9%9B%99%E6%AE%BC%E7%B6%B1 HTTP/1.1" 200 32026
66.249.71.60 - - [13/Aug/2015:00:56:26 +0800] "GET /content/nav/relationSubject.jsp?relationWords=%E9%8C%A2%E7%B3%A7%20&oid=2533088 HTTP/1.1" 200 5260
66.249.71.60 - - [13/Aug/2015:00:56:29 +0800] "GET /content/repository/resource_content.jsp?oid=3812372&queryString=%E5%85%89%E5%9B%8A%E7%B4%AB%E6%9F%84%E8%95%A8%20%E7%B4%AB%E6%9F%84%E8%95%A8%E5%B1%AC HTTP/1.1" 200 31866
66.249.71.60 - - [13/Aug/2015:00:56:31 +0800] "GET /content/nav/relationSubject.jsp?relationWords=%E5%88%80%E5%82%B7%E8%8D%89+%E6%A4%8D%E7%89%A9%E7%95%8C+%E8%8B%A6%E8%97%9A%E8%8F%9C%E5%B1%AC+%E8%8F%8A%E7%A7%91+%E9%9B%99%E5%AD%90%E8%91%89%E6%A4%8D%E7%89%A9+&oid=1104715 HTTP/1.1" 200 3555
66.249.71.64 - - [13/Aug/2015:00:56:35 +0800] "GET /content/repository/resource_content.jsp?oid=1774831 HTTP/1.1" 200 29263
66.249.71.23 - - [13/Aug/2015:00:56:46 +0800] "GET /digiarch3/content/repository/resource_content.jsp?oid=16365&queryString=%E6%B0%B4%E6%AF%8D%E9%AF%A7%20%E7%81%B0%E5%8D%97%E9%AF%A7%20%E7%8E%89%E9%AF%A7%20%E7%90%89%E7%92%83%E7%8E%89%E9%AF%A7 HTTP/1.1" 200 34400
66.249.71.72 - - [13/Aug/2015:00:56:50 +0800] "GET /content/nav/relationSubject.jsp?relationWords=%E4%B8%AD%E5%9C%8B%E5%A4%A7%E9%99%B8%E5%9C%B0%E5%9C%96+%E6%9D%BF%E5%B2%A9%E9%8E%AE+&oid=207419 HTTP/1.1" 200 3150
66.249.79.32 - - [13/Aug/2015:00:56:52 +0800] "GET /content/nav/relationSubject.jsp?relationWords=%E4%B8%AD%E5%9C%8B%E5%A4%A7%E9%99%B8%E5%9C%B0%E5%9C%96%20%E6%9D%BF%E5%B2%A9%E9%8E%AE%20&oid=207419 HTTP/1.1" 200 3150
66.249.71.64 - - [13/Aug/2015:00:56:57 +0800] "GET /content/repository/resource_content.jsp?oid=1843838 HTTP/1.1" 200 31180
66.249.71.64 - - [13/Aug/2015:00:57:08 +0800] "GET /content/repository/resource_content.jsp?oid=4352964&queryString=%E7%9F%B3%E6%96%91%20%E7%BA%96%E9%BD%92%E9%B1%B8%20%E9%81%8E%E9%AD%9A%20%E9%AE%A8%E7%A7%91 HTTP/1.1" 200 35386
66.249.71.60 - - [13/Aug/2015:00:57:09 +0800] "GET /content/nav/relationSubject.jsp?relationWords=&oid=2608706 HTTP/1.1" 200 1405
66.249.71.121 - - [13/Aug/2015:00:57:11 +0800] "GET /content/nav/relationSubject.jsp?relationWords=%E5%A1%98%E5%A0%B1%20%E5%B7%A1%E6%8C%89%20&oid=2515944 HTTP/1.1" 200 4425
66.249.79.248 - - [13/Aug/2015:00:57:14 +0800] "GET /content/repository/resource_content.jsp?oid=14342&queryType=qs&queryString=%E7%B6%BE%E9%AF%B7 HTTP/1.1" 200 34259
66.249.71.64 - - [13/Aug/2015:00:57:19 +0800] "GET /content/repository/resource_content.jsp?oid=3811856&queryString=%E5%81%87%E8%8F%9C%E8%B1%86%20%E6%A4%8D%E7%89%A9%E7%95%8C%20%E8%A0%B6%E8%B1%86%20%E9%9B%99%E5%AD%90%E8%91%89%E6%A4%8D%E7%89%A9 HTTP/1.1" 200 31058
66.249.79.45 - - [13/Aug/2015:00:57:31 +0800] "GET /content/repository/resource_content.jsp?oid=1870321&queryString=%E5%BD%A2%E5%99%A8%E6%AE%98%20%E7%99%BD%E9%99%B6 HTTP/1.1" 200 30768
66.249.71.105 - - [13/Aug/2015:00:57:40 +0800] "GET /content/nav/relationSubject.jsp?relationWords=%E5%9C%8B%E6%B0%91%E4%BD%8F%E5%AE%85+%E8%87%BA%E7%81%A3%E7%9C%81+%E8%87%BA%E7%81%A3%E7%9C%81%E6%94%BF%E5%BA%9C+%E8%B2%B8%E6%AC%BE+&oid=1899185 HTTP/1.1" 200 4523
