66.249.71.251 - - [06/Oct/2015:00:16:38 +0800] "GET /content/nav/relationSubject.jsp?relationWords=%E9%99%B8%E6%B8%AC%E5%9C%96%20&oid=224936 HTTP/1.1" 200 3079
66.249.71.251 - - [06/Oct/2015:00:16:39 +0800] "GET /content/nav/relationSubject.jsp?relationWords=%E5%B1%85%E5%BB%B6%E6%BC%A2%E7%B0%A1+%E7%B9%94%E5%93%81+&oid=289679 HTTP/1.1" 200 4730
66.249.71.242 - - [06/Oct/2015:00:16:40 +0800] "GET /content/nav/relationSubject.jsp?relationWords=%E5%B1%85%E5%BB%B6%E6%BC%A2%E7%B0%A1%20%E6%BC%A2%E7%B0%A1%20&oid=280835 HTTP/1.1" 200 3898
66.249.71.242 - - [06/Oct/2015:00:16:44 +0800] "GET /content/repository/resource_content.jsp?oid=1572433 HTTP/1.1" 200 28667
66.249.71.242 - - [06/Oct/2015:00:16:44 +0800] "GET /content/nav/relationSubject.jsp?relationWords=%E9%99%B8%E6%B8%AC%E5%9C%96+&oid=176966 HTTP/1.1" 200 3079
66.249.71.242 - - [06/Oct/2015:00:16:45 +0800] "GET /content/nav/relationSubject.jsp?relationWords=%E6%AE%98%E7%9F%B3%E5%99%A8+&oid=1846354 HTTP/1.1" 200 2996
66.249.71.248 - - [06/Oct/2015:00:16:47 +0800] "GET /content/nav/relationSubject.jsp?relationWords=%E5%8F%B0%E7%81%A3%E9%8A%80%E8%A1%8C+%E6%94%AF%E9%85%8D%E4%BA%BA+%E6%9D%9C%E9%A6%99%E5%9C%8B+&oid=1887352 HTTP/1.1" 200 3222
66.249.71.233 - - [06/Oct/2015:00:16:47 +0800] "GET /content/nav/relationSubject.jsp?relationWords=%E5%B1%85%E5%BB%B6%E6%BC%A2%E7%B0%A1%20%E7%B9%94%E5%93%81%20&oid=289679 HTTP/1.1" 200 4730
66.249.71.251 - - [06/Oct/2015:00:16:50 +0800] "GET /content/repository/resource_content.jsp?oid=1124072 HTTP/1.1" 200 29156
68.180.230.178 - - [06/Oct/2015:00:16:50 +0800] "GET /content/pictures/picture_content.jsp?oid=33554812 HTTP/1.1" 200 27946
66.249.71.251 - - [06/Oct/2015:00:16:50 +0800] "GET /content/nav/relationSubject.jsp?relationWords=%E9%99%B8%E6%B8%AC%E5%9C%96%20&oid=176966 HTTP/1.1" 200 3079
66.249.74.15 - - [06/Oct/2015:00:16:51 +0800] "GET /content/nav/relationSubject.jsp?relationWords=%E9%AA%A8%E7%AE%AD%E9%A0%AD+&oid=1862186 HTTP/1.1" 200 2990
66.249.71.242 - - [06/Oct/2015:00:16:57 +0800] "GET /content/repository/resource_content.jsp?oid=1844636 HTTP/1.1" 200 30023
66.249.79.30 - - [06/Oct/2015:00:16:57 +0800] "GET /content/nav/relationSubject.jsp?relationWords=%E5%8F%B0%E7%81%A3%E9%8A%80%E8%A1%8C%20%E6%94%AF%E9%85%8D%E4%BA%BA%20%E6%9D%9C%E9%A6%99%E5%9C%8B%20&oid=1887352 HTTP/1.1" 200 3222
66.249.71.242 - - [06/Oct/2015:00:16:59 +0800] "GET /content/nav/relationSubject.jsp?relationWords=%E6%AE%98%E7%9F%B3%E5%99%A8%20&oid=1846354 HTTP/1.1" 200 2996
66.249.71.233 - - [06/Oct/2015:00:17:01 +0800] "GET /content/nav/relationSubject.jsp?relationWords=%E9%AA%A8%E7%AE%AD%E9%A0%AD%20&oid=1862186 HTTP/1.1" 200 2990
66.249.71.140 - - [06/Oct/2015:00:17:05 +0800] "GET /content/repository/resource_content.jsp?oid=660589&queryString=%E4%BA%BA%E5%90%8D%E6%AC%8A%E5%A8%81%20%E5%8D%B3%E4%BD%8D%20%E9%AE%91%E8%B2%B4%E5%8D%BF HTTP/1.1" 200 29029
66.249.74.64 - - [06/Oct/2015:00:17:07 +0800] "GET /content/repository/resource_content.jsp?oid=1566319&queryType=qs&queryString=%E6%91%A9%E6%89%98%E8%BB%8A HTTP/1.1" 200 32158
66.249.71.142 - - [06/Oct/2015:00:17:08 +0800] "GET /content/repository/resource_content.jsp?oid=3813793&queryType=qs&queryString=%E7%B4%B0%E8%91%89%E6%9D%9C%E9%B5%91 HTTP/1.1" 200 31508
66.249.71.233 - - [06/Oct/2015:00:17:09 +0800] "GET /content/repository/resource_content.jsp?oid=16359&queryString=%E6%97%97%E9%AD%9A%20%E7%A0%B4%E9%9B%A8%E5%82%98%20%E9%9B%A8%E5%82%98%E6%97%97%E9%AD%9A%20%E9%9B%A8%E7%AC%A0 HTTP/1.1" 200 35078
66.249.71.128 - - [06/Oct/2015:00:17:11 +0800] "GET /content/repository/resource_content.jsp?oid=14827&queryString=%E5%8F%B0%E7%81%A3%E7%89%B9%E6%9C%89%E7%A8%AE%20%E6%A3%98%E8%A3%B8%E7%B5%A8%E9%AE%8B%20%E7%9F%B3%E7%8B%97%E5%85%AC%20%E7%9F%B3%E9%A0%AD%E9%AD%9A HTTP/1.1" 200 34286
66.249.74.62 - - [06/Oct/2015:00:17:13 +0800] "GET /content/repository/resource_content.jsp?oid=2145945&queryString=%E6%A3%8B%E7%9B%A4%E8%85%B3%E6%A8%B9%E5%B1%AC%20%E6%A4%8D%E7%89%A9%E7%95%8C%20%E6%B0%B4%E8%8C%84%E8%8B%B3%20%E7%8E%89%E8%95%8A%E7%A7%91 HTTP/1.1" 200 31149
66.249.71.242 - - [06/Oct/2015:00:17:14 +0800] "GET /content/repository/resource_content.jsp?oid=1551272&queryString=%E5%93%81%E8%B3%AA%E6%A1%88 HTTP/1.1" 200 28999
66.249.71.242 - - [06/Oct/2015:00:17:16 +0800] "GET /content/nav/relationSubject.jsp?relationWords=%E4%BA%BA%E5%90%8D%E6%AC%8A%E5%A8%81+%E5%8D%9A%E9%84%B4+%E8%88%88%E7%99%BB%E5%A0%A1+&oid=757167 HTTP/1.1" 200 3239
66.249.71.251 - - [06/Oct/2015:00:17:17 +0800] "GET /content/nav/relationSubject.jsp?relationWords=%E6%8B%93%E7%89%87+%E7%94%B2%E9%AA%A8%E6%96%87+&oid=1831152 HTTP/1.1" 200 4578
66.249.71.233 - - [06/Oct/2015:00:17:23 +0800] "GET /content/repository/resource_content.jsp?oid=1582274&queryString=%E9%82%B1%E5%89%B5%E7%85%A5 HTTP/1.1" 200 29524
66.249.71.233 - - [06/Oct/2015:00:17:23 +0800] "GET /content/nav/relationSubject.jsp?relationWords=%E4%BA%BA%E5%90%8D%E6%AC%8A%E5%A8%81%20%E5%8D%9A%E9%84%B4%20%E8%88%88%E7%99%BB%E5%A0%A1%20&oid=757167 HTTP/1.1" 200 3239
66.249.71.242 - - [06/Oct/2015:00:17:25 +0800] "GET /content/nav/relationSubject.jsp?relationWords=%E6%8B%93%E7%89%87%20%E7%94%B2%E9%AA%A8%E6%96%87%20&oid=1831152 HTTP/1.1" 200 4578
66.249.71.113 - - [06/Oct/2015:00:17:27 +0800] "GET /content/nav/relationSubject.jsp?relationWords=%E5%85%89%E7%92%B0%E5%A2%83+%E5%91%82%E5%AE%89%E5%BE%B7+%E5%9C%B0%E6%96%B9%E8%B2%A1%E6%94%BF+%E5%B0%8F%E9%96%80+%E5%BC%B5%E5%AF%8C+%E5%BD%8C%E8%A3%9C+%E6%B6%82%E9%BA%97%E7%94%9F+%E6%BE%8E%E6%B9%96%E7%B8%A3+%E7%A8%85%E6%94%B6+%E8%A5%BF%E5%B6%BC+%E8%B2%A1%E6%94%BF+%E8%B3%AA%E8%A9%A2+%E8%B3%AD%E5%A0%B4+%E9%9B%A2%E5%B3%B6+%E9%AB%98%E6%A2%81+&oid=1588306 HTTP/1.1" 200 6461
66.249.71.233 - - [06/Oct/2015:00:17:29 +0800] "GET /content/repository/resource_content.jsp?oid=1552596 HTTP/1.1" 200 28387
66.249.71.242 - - [06/Oct/2015:00:17:30 +0800] "GET /content/repository/resource_content.jsp?oid=1895728 HTTP/1.1" 200 28721
66.249.71.233 - - [06/Oct/2015:00:17:34 +0800] "GET /content/repository/resource_content.jsp?oid=2145662 HTTP/1.1" 200 30998
66.249.71.242 - - [06/Oct/2015:00:17:35 +0800] "GET /content/nav/relationSubject.jsp?relationWords=%E6%A2%85%E8%8E%8A+%E9%99%B8%E6%B8%AC%E5%9C%96+&oid=224644 HTTP/1.1" 200 3114
66.249.71.242 - - [06/Oct/2015:00:17:39 +0800] "GET /content/repository/resource_content.jsp?oid=2470748 HTTP/1.1" 200 29907
66.249.71.233 - - [06/Oct/2015:00:17:42 +0800] "GET /content/nav/relationSubject.jsp?relationWords=%E6%A2%85%E8%8E%8A%20%E9%99%B8%E6%B8%AC%E5%9C%96%20&oid=224644 HTTP/1.1" 200 3114
66.249.74.21 - - [06/Oct/2015:00:17:45 +0800] "GET /content/repository/resource_content.jsp?oid=2668698&queryString=%E7%99%BB%E7%A7%91%E9%8C%84%20%E7%A7%91%E6%AD%A6%20%E7%A7%BB%E9%80%81 HTTP/1.1" 200 29994
66.249.71.242 - - [06/Oct/2015:00:17:58 +0800] "GET /content/repository/resource_content.jsp?oid=2676232&queryString=%E4%BE%BF%E6%B0%91%20%E6%98%8E%E5%BE%A9%20%E8%BE%B2%E6%9E%97%E9%A1%9E HTTP/1.1" 200 30285
66.249.71.242 - - [06/Oct/2015:00:17:58 +0800] "GET /content/nav/relationSubject.jsp?relationWords=&oid=663180 HTTP/1.1" 200 1405
66.249.71.242 - - [06/Oct/2015:00:18:01 +0800] "GET /content/nav/relationSubject.jsp?relationWords=&oid=2600681 HTTP/1.1" 200 1405
66.249.71.251 - - [06/Oct/2015:00:18:03 +0800] "GET /content/nav/relationSubject.jsp?relationWords=&oid=1607173 HTTP/1.1" 200 1405
66.249.71.242 - - [06/Oct/2015:00:18:06 +0800] "GET /content/repository/resource_content.jsp?oid=4474923&queryString=%E5%AD%90%E5%AE%88%E5%94%84 HTTP/1.1" 200 27944
66.249.71.233 - - [06/Oct/2015:00:18:08 +0800] "GET /content/repository/resource_content.jsp?oid=1104000 HTTP/1.1" 200 31084
66.249.71.251 - - [06/Oct/2015:00:18:10 +0800] "GET /content/repository/resource_content.jsp?oid=1101943 HTTP/1.1" 200 30805
66.249.71.233 - - [06/Oct/2015:00:18:12 +0800] "GET /content/repository/resource_content.jsp?oid=1457800&queryString=%E6%A4%8D%E7%89%A9%E7%95%8C%20%E8%8F%8A%E7%A7%91%20%E9%9B%99%E5%AD%90%E8%91%89%E6%A4%8D%E7%89%A9%20%E9%A6%99%E8%8C%B9%20%E9%A6%99%E8%8C%B9%E5%B1%AC HTTP/1.1" 200 31067
66.249.71.251 - - [06/Oct/2015:00:18:15 +0800] "GET /content/nav/relationSubject.jsp?relationWords=%E7%9C%81%E6%94%BF%E5%BA%9C+%E8%87%BA%E7%81%A3%E7%9C%81%E8%AD%B0%E6%9C%83+%E9%99%B3%E7%81%AB%E5%9C%9F+%E9%BB%83%E9%81%8B%E9%87%91+&oid=1529935 HTTP/1.1" 200 4637
66.249.71.121 - - [06/Oct/2015:00:18:17 +0800] "GET /content/repository/resource_content.jsp?oid=2673929&queryType=qs&queryString=%E6%8D%95%E5%BD%B9 HTTP/1.1" 200 30376
66.249.71.251 - - [06/Oct/2015:00:18:18 +0800] "GET /content/repository/resource_content.jsp?oid=2686353&queryString=%E6%95%95%E4%BB%A4%20%E6%BC%95%E8%88%B9%20%E8%AB%8B%E6%95%95 HTTP/1.1" 200 30589
66.249.71.233 - - [06/Oct/2015:00:18:19 +0800] "GET /content/nav/relationSubject.jsp?relationWords=%E7%9C%81%E6%94%BF%E5%BA%9C%20%E8%87%BA%E7%81%A3%E7%9C%81%E8%AD%B0%E6%9C%83%20%E9%99%B3%E7%81%AB%E5%9C%9F%20%E9%BB%83%E9%81%8B%E9%87%91%20&oid=1529935 HTTP/1.1" 200 4637
66.249.71.242 - - [06/Oct/2015:00:18:22 +0800] "GET /content/repository/resource_content.jsp?oid=4362824&queryString=%E9%96%8B%E6%BC%B3%E8%81%96%E7%8E%8B HTTP/1.1" 200 28527
66.249.71.251 - - [06/Oct/2015:00:18:25 +0800] "GET /content/nav/relationSubject.jsp?relationWords=&oid=24151 HTTP/1.1" 200 1405
66.249.71.233 - - [06/Oct/2015:00:18:28 +0800] "GET /content/repository/resource_content.jsp?oid=1548615&queryString=%E4%BA%BA%E9%A1%9E%E5%AD%B8%20%E5%8D%97%E6%96%B9%E8%B3%87%E6%96%99%E9%A4%A8%20%E8%87%AA%E7%84%B6%E7%A7%91%E5%AD%B8%20%E8%95%83%E6%97%8F HTTP/1.1" 200 28754
66.249.71.251 - - [06/Oct/2015:00:18:35 +0800] "GET /content/repository/resource_content.jsp?oid=2470641&queryString=%E6%A0%A1%E5%8F%8B%20%E6%A0%A1%E5%8F%8B%E6%9C%83%20%E8%87%BA%E7%81%A3%E7%B8%BD%E7%9D%A3%E5%BA%9C%20%E9%9B%9C%E8%AA%8C HTTP/1.1" 200 30898
66.249.71.251 - - [06/Oct/2015:00:18:36 +0800] "GET /content/nav/relationSubject.jsp?relationWords=%E5%B5%8C%E7%89%87+&oid=1868724 HTTP/1.1" 200 2987
66.249.74.21 - - [06/Oct/2015:00:18:39 +0800] "GET /content/repository/resource_content.jsp?oid=4361379&queryString=%E8%80%B3%E9%A3%BE%20%E9%84%92%E6%97%8F HTTP/1.1" 200 28490
66.249.71.233 - - [06/Oct/2015:00:18:39 +0800] "GET /content/nav/relationSubject.jsp?relationWords=%E5%B5%8C%E7%89%87%20&oid=1868724 HTTP/1.1" 200 2987
66.249.71.151 - - [06/Oct/2015:00:18:41 +0800] "GET /digiarch3/content/nav/relationSubject.jsp?relationWords=%E5%AE%89%E5%B9%B3%E5%A3%BA+&oid=4361930 HTTP/1.1" 200 2954
66.249.74.18 - - [06/Oct/2015:00:18:45 +0800] "GET /content/repository/resource_content.jsp?oid=1571268&queryString=%E5%9C%B0%E4%B8%8B%E6%B0%B4%20%E8%87%BA%E5%8D%97%E7%B8%A3 HTTP/1.1" 200 29671
66.249.71.233 - - [06/Oct/2015:00:18:49 +0800] "GET /content/repository/resource_content.jsp?oid=1812732 HTTP/1.1" 200 28667
66.249.71.242 - - [06/Oct/2015:00:18:55 +0800] "GET /content/repository/resource_content.jsp?oid=1548852&queryString=%E6%93%B4%E5%BB%BA%20%E6%9E%97%E7%94%B0 HTTP/1.1" 200 29195
66.249.71.251 - - [06/Oct/2015:00:18:55 +0800] "GET /content/nav/relationSubject.jsp?relationWords=&oid=2574498 HTTP/1.1" 200 1405
66.249.71.242 - - [06/Oct/2015:00:18:59 +0800] "GET /content/nav/relationSubject.jsp?relationWords=%E6%8B%93%E7%89%87+%E7%94%B2%E9%AA%A8%E6%96%87+&oid=1808786 HTTP/1.1" 200 4578
66.249.71.233 - - [06/Oct/2015:00:19:03 +0800] "GET /content/nav/relationSubject.jsp?relationWords=%E6%8B%93%E7%89%87%20%E7%94%B2%E9%AA%A8%E6%96%87%20&oid=1808786 HTTP/1.1" 200 4578
66.249.71.233 - - [06/Oct/2015:00:19:04 +0800] "GET /content/nav/relationSubject.jsp?relationWords=%E5%8F%B0%E7%81%A3%E7%B9%A1%E7%B7%9A%E8%8F%8A+%E6%A4%8D%E7%89%A9%E7%95%8C+%E7%B9%A1%E7%B7%9A%E8%8F%8A%E5%B1%AC+%E8%96%94%E8%96%87%E7%9B%AE+%E8%96%94%E8%96%87%E7%A7%91+&oid=3826471 HTTP/1.1" 200 3403
66.249.71.242 - - [06/Oct/2015:00:19:05 +0800] "GET /content/nav/relationSubject.jsp?relationWords=%E9%9A%86%E8%83%8C%E5%B0%8F%E6%B2%99%E4%B8%81+%E9%AF%A1%E7%A7%91+&oid=17980 HTTP/1.1" 200 3299
66.249.71.242 - - [06/Oct/2015:00:19:07 +0800] "GET /content/repository/resource_content.jsp?oid=2152520&queryString=%E5%8F%B0%E7%81%A3%E8%8B%A6%E6%AB%A7%20%E5%8F%B0%E7%81%A3%E9%8C%90%E6%A0%97%20%E6%A0%B2%E5%B1%AC%20%E6%A4%8D%E7%89%A9%E7%95%8C%20%E6%AE%BC%E6%96%97%E7%A7%91 HTTP/1.1" 200 31394
66.249.71.233 - - [06/Oct/2015:00:19:07 +0800] "GET /content/nav/relationSubject.jsp?relationWords=%E5%8F%B0%E7%81%A3%E7%B9%A1%E7%B7%9A%E8%8F%8A%20%E6%A4%8D%E7%89%A9%E7%95%8C%20%E7%B9%A1%E7%B7%9A%E8%8F%8A%E5%B1%AC%20%E8%96%94%E8%96%87%E7%9B%AE%20%E8%96%94%E8%96%87%E7%A7%91%20&oid=3826471 HTTP/1.1" 200 3403
66.249.71.233 - - [06/Oct/2015:00:19:08 +0800] "GET /content/nav/relationSubject.jsp?relationWords=%E9%9A%86%E8%83%8C%E5%B0%8F%E6%B2%99%E4%B8%81%20%E9%AF%A1%E7%A7%91%20&oid=17980 HTTP/1.1" 200 3299
66.249.71.251 - - [06/Oct/2015:00:19:11 +0800] "GET /digiarch_en/content/subject/resource_content.jsp?oid=16777844&queryString= HTTP/1.1" 200 36642
66.249.71.242 - - [06/Oct/2015:00:19:18 +0800] "GET /content/repository/resource_content.jsp?oid=1457958 HTTP/1.1" 200 30059
66.249.71.251 - - [06/Oct/2015:00:19:18 +0800] "GET /content/nav/relationSubject.jsp?relationWords=&oid=2617524 HTTP/1.1" 200 1405
66.249.71.242 - - [06/Oct/2015:00:19:22 +0800] "GET /digiarch_en/content/repository/resource_content.jsp?oid=1599800&queryString=GBIF%20%E5%8F%B0%E7%81%A3%E9%AD%9A%E9%A1%9E%20%E6%B5%B7%E9%AE%AE%20%E7%94%9F%E7%89%A9%E5%A4%9A%E6%A8%A3%E6%80%A7%20%E8%99%B1%E7%9B%AE%E9%AD%9A HTTP/1.1" 200 29302
66.249.74.15 - - [06/Oct/2015:00:19:22 +0800] "GET /content/nav/relationSubject.jsp?relationWords=&oid=2603857 HTTP/1.1" 200 1405
66.249.71.251 - - [06/Oct/2015:00:19:25 +0800] "GET /content/nav/relationSubject.jsp?relationWords=%E5%AE%A2%E9%81%8B+%E6%9E%97%E5%9C%92%E9%84%89+%E6%BA%AA%E5%B7%9E+%E7%B4%85%E7%B6%A0%E7%87%88+&oid=1633086 HTTP/1.1" 200 4064
66.249.71.242 - - [06/Oct/2015:00:19:27 +0800] "GET /content/repository/resource_content.jsp?oid=14890 HTTP/1.1" 200 30884
66.249.71.242 - - [06/Oct/2015:00:19:27 +0800] "GET /content/nav/relationSubject.jsp?relationWords=%E5%AE%A2%E9%81%8B%20%E6%9E%97%E5%9C%92%E9%84%89%20%E6%BA%AA%E5%B7%9E%20%E7%B4%85%E7%B6%A0%E7%87%88%20&oid=1633086 HTTP/1.1" 200 4064
66.249.71.251 - - [06/Oct/2015:00:19:34 +0800] "GET /content/repository/resource_content.jsp?oid=1123931&queryString=%E4%B8%AD%E8%85%B9%E8%B6%B3%E7%9B%AE%20%E5%B8%B6%E7%AE%A1%E8%9D%B8%E7%89%9B%20%E5%B8%B6%E7%AE%A1%E8%9D%B8%E7%89%9B%E7%A7%91%20%E6%96%AF%E6%96%87%E8%B1%AA%20%E8%85%B9%E8%B6%B3%E7%B6%B1 HTTP/1.1" 200 34259
66.249.71.242 - - [06/Oct/2015:00:19:34 +0800] "GET /content/nav/relationSubject.jsp?relationWords=&oid=2523024 HTTP/1.1" 200 1405
66.249.71.233 - - [06/Oct/2015:00:19:36 +0800] "GET /content/nav/relationSubject.jsp?relationWords=&oid=2539030 HTTP/1.1" 200 1405
66.249.71.251 - - [06/Oct/2015:00:19:38 +0800] "GET /content/repository/resource_content.jsp?oid=1107793 HTTP/1.1" 200 31068
66.249.71.242 - - [06/Oct/2015:00:19:43 +0800] "GET /content/repository/resource_content.jsp?oid=1559281 HTTP/1.1" 200 28395
66.249.74.15 - - [06/Oct/2015:00:19:47 +0800] "GET /content/nav/relationSubject.jsp?relationWords=%E5%AB%A9%E8%8E%96%E7%BA%88%E8%8D%89+%E6%95%97%E9%86%AC%E7%A7%91+%E6%A4%8D%E7%89%A9%E7%95%8C+%E7%BA%88%E8%8D%89%E5%B1%AC+&oid=1115849 HTTP/1.1" 200 3281
66.249.71.233 - - [06/Oct/2015:00:19:49 +0800] "GET /content/repository/resource_content.jsp?oid=3818946&queryString=%E7%BE%8A%E8%80%B3%E8%92%9C%E5%B1%AC%20%E9%95%B7%E8%91%89%E7%BE%8A%E8%80%B3%E8%92%9C HTTP/1.1" 200 31526
66.249.71.251 - - [06/Oct/2015:00:19:51 +0800] "GET /content/nav/relationSubject.jsp?relationWords=%E5%AB%A9%E8%8E%96%E7%BA%88%E8%8D%89%20%E6%95%97%E9%86%AC%E7%A7%91%20%E6%A4%8D%E7%89%A9%E7%95%8C%20%E7%BA%88%E8%8D%89%E5%B1%AC%20&oid=1115849 HTTP/1.1" 200 3281
66.249.71.233 - - [06/Oct/2015:00:19:54 +0800] "GET /content/repository/resource_content.jsp?oid=2688264&queryString=%E9%A6%AC%E5%BB%A0 HTTP/1.1" 200 30311
66.249.74.15 - - [06/Oct/2015:00:19:55 +0800] "GET /content/nav/relationSubject.jsp?relationWords=%E6%8B%93%E7%89%87+%E7%94%B2%E9%AA%A8%E6%96%87+&oid=1830568 HTTP/1.1" 200 4578
66.249.71.242 - - [06/Oct/2015:00:19:58 +0800] "GET /content/nav/relationSubject.jsp?relationWords=%E6%8B%93%E7%89%87%20%E7%94%B2%E9%AA%A8%E6%96%87%20&oid=1830568 HTTP/1.1" 200 4578
66.249.71.251 - - [06/Oct/2015:00:20:00 +0800] "GET /content/repository/resource_content.jsp?oid=1463534&queryString=%E6%A4%8D%E7%89%A9%E7%95%8C%20%E8%A3%82%E7%B7%A3%E8%8A%B1 HTTP/1.1" 200 30993
66.249.71.121 - - [06/Oct/2015:00:20:05 +0800] "GET /content/repository/resource_content.jsp?oid=1522409&queryType=qs&queryString=%E8%AA%BF%E6%9F%A5%E8%A1%A8 HTTP/1.1" 200 29302
66.249.71.242 - - [06/Oct/2015:00:20:10 +0800] "GET /content/repository/resource_content.jsp?oid=1458487 HTTP/1.1" 200 30924
223.136.7.22 - - [06/Oct/2015:00:20:11 +0800] "GET /content/nav/relationSubject.jsp?relationWords=%E6%B0%B4%E9%BB%83%E7%9A%AE+&oid=16777535 HTTP/1.1" 200 3630
66.249.71.242 - - [06/Oct/2015:00:20:12 +0800] "GET /content/nav/relationSubject.jsp?relationWords=%E5%B5%8C%E7%89%87+&oid=1867919 HTTP/1.1" 200 2987
66.249.71.233 - - [06/Oct/2015:00:20:16 +0800] "GET /content/repository/resource_content.jsp?oid=1582919 HTTP/1.1" 200 28849
66.249.71.242 - - [06/Oct/2015:00:20:16 +0800] "GET /content/nav/relationSubject.jsp?relationWords=%E5%B5%8C%E7%89%87%20&oid=1867919 HTTP/1.1" 200 2987
66.249.71.121 - - [06/Oct/2015:00:20:21 +0800] "GET /content/repository/resource_content.jsp?oid=1884526&queryType=qs&queryString=%E4%BF%A1%E8%A8%97 HTTP/1.1" 200 29462
66.249.71.242 - - [06/Oct/2015:00:20:24 +0800] "GET /content/nav/relationSubject.jsp?relationWords=%E6%8B%93%E7%89%87+%E7%94%B2%E9%AA%A8%E6%96%87+&oid=1809974 HTTP/1.1" 200 4578
66.249.71.242 - - [06/Oct/2015:00:20:25 +0800] "GET /content/nav/relationSubject.jsp?relationWords=%E5%B1%85%E5%BB%B6%E6%BC%A2%E7%B0%A1+%E6%BC%A2%E7%B0%A1+&oid=279511 HTTP/1.1" 200 3898
66.249.71.251 - - [06/Oct/2015:00:20:27 +0800] "GET /content/repository/resource_content.jsp?oid=1621045 HTTP/1.1" 200 28703
66.249.71.242 - - [06/Oct/2015:00:20:27 +0800] "GET /content/nav/relationSubject.jsp?relationWords=%E6%8B%93%E7%89%87%20%E7%94%B2%E9%AA%A8%E6%96%87%20&oid=1809974 HTTP/1.1" 200 4578
66.249.71.242 - - [06/Oct/2015:00:20:29 +0800] "GET /content/nav/relationSubject.jsp?relationWords=%E5%B1%85%E5%BB%B6%E6%BC%A2%E7%B0%A1%20%E6%BC%A2%E7%B0%A1%20&oid=279511 HTTP/1.1" 200 3898
66.249.71.242 - - [06/Oct/2015:00:20:32 +0800] "GET /content/repository/resource_content.jsp?oid=1860876 HTTP/1.1" 200 29153
66.249.74.15 - - [06/Oct/2015:00:20:38 +0800] "GET /content/subject/resource_content.jsp?oid=16777260&queryString=%E5%B1%B1%E8%8A%99%E8%93%89%20%E6%9C%A8%E6%A7%BF%E5%B1%AC%20%E6%A4%8D%E7%89%A9%E7%95%8C%20%E9%8C%A6%E8%91%B5%20%E9%8C%A6%E8%91%B5%E7%A7%91 HTTP/1.1" 200 38458
66.249.74.21 - - [06/Oct/2015:00:20:42 +0800] "GET /content/repository/resource_content.jsp?oid=2513121 HTTP/1.1" 200 30064
66.249.71.233 - - [06/Oct/2015:00:20:43 +0800] "GET /content/repository/resource_content.jsp?oid=1562150 HTTP/1.1" 200 29446
66.249.71.242 - - [06/Oct/2015:00:20:48 +0800] "GET /content/repository/resource_content.jsp?oid=603828&queryType=qs&queryString=%E5%B0%8F%E5%B9%A1%E9%85%89%E5%90%89 HTTP/1.1" 200 28632
66.249.71.251 - - [06/Oct/2015:00:20:54 +0800] "GET /content/repository/resource_content.jsp?oid=1597264&queryString=%E5%A4%9A%E5%AA%92%E9%AB%94%20%E6%95%B8%E4%BD%8D%E5%85%B8%E8%97%8F%20%E6%95%B8%E4%BD%8D%E5%85%B8%E8%97%8F%E6%8A%80%E8%A1%93%20%E7%9C%8B%E6%9D%BF%20%E9%9B%BB%E8%A6%96%E7%89%86 HTTP/1.1" 200 28891
66.249.71.233 - - [06/Oct/2015:00:20:55 +0800] "GET /content/nav/relationSubject.jsp?relationWords=%E4%BE%BF%E6%B0%91+%E7%9C%81%E6%94%BF%E5%BA%9C+%E9%80%80%E4%BC%91%E9%87%91+&oid=1621118 HTTP/1.1" 200 4542
66.249.71.233 - - [06/Oct/2015:00:20:56 +0800] "GET /content/nav/relationSubject.jsp?relationWords=%E9%BE%9C%E7%94%B2%E5%8D%9C%E8%BE%AD%E6%AE%98%E7%89%87+&oid=1874715 HTTP/1.1" 200 3071
66.249.71.233 - - [06/Oct/2015:00:20:59 +0800] "GET /content/nav/relationSubject.jsp?relationWords=%E4%BE%BF%E6%B0%91%20%E7%9C%81%E6%94%BF%E5%BA%9C%20%E9%80%80%E4%BC%91%E9%87%91%20&oid=1621118 HTTP/1.1" 200 4542
66.249.71.251 - - [06/Oct/2015:00:21:01 +0800] "GET /content/nav/relationSubject.jsp?relationWords=%E9%BE%9C%E7%94%B2%E5%8D%9C%E8%BE%AD%E6%AE%98%E7%89%87%20&oid=1874715 HTTP/1.1" 200 3071
66.249.71.242 - - [06/Oct/2015:00:21:02 +0800] "GET /content/nav/relationSubject.jsp?relationWords=%E9%AA%A8%E7%AE%AD%E9%A0%AD+&oid=1852919 HTTP/1.1" 200 2990
66.249.71.242 - - [06/Oct/2015:00:21:04 +0800] "GET /content/repository/resource_content.jsp?oid=1456578 HTTP/1.1" 200 30928
66.249.71.251 - - [06/Oct/2015:00:21:07 +0800] "GET /content/nav/relationSubject.jsp?relationWords=%E9%AA%A8%E7%AE%AD%E9%A0%AD%20&oid=1852919 HTTP/1.1" 200 2990
66.249.71.233 - - [06/Oct/2015:00:21:10 +0800] "GET /content/nav/relationSubject.jsp?relationWords=%E7%B9%A9%E7%B4%8B%E7%99%BD%E9%99%B6+&oid=1871009 HTTP/1.1" 200 3017
66.249.71.251 - - [06/Oct/2015:00:21:15 +0800] "GET /content/nav/relationSubject.jsp?relationWords=%E7%B9%A9%E7%B4%8B%E7%99%BD%E9%99%B6%20&oid=1871009 HTTP/1.1" 200 3017
66.249.71.242 - - [06/Oct/2015:00:21:23 +0800] "GET /content/nav/relationSubject.jsp?relationWords=&oid=1812218 HTTP/1.1" 200 1405
66.249.71.251 - - [06/Oct/2015:00:21:35 +0800] "GET /content/nav/relationSubject.jsp?relationWords=%E8%A9%A6%E4%BF%B8+&oid=2550428 HTTP/1.1" 200 3081
66.249.71.233 - - [06/Oct/2015:00:21:38 +0800] "GET /content/nav/relationSubject.jsp?relationWords=%E8%A9%A6%E4%BF%B8%20&oid=2550428 HTTP/1.1" 200 3081
66.249.71.233 - - [06/Oct/2015:00:21:42 +0800] "GET /content/repository/resource_content.jsp?oid=1807149 HTTP/1.1" 200 28402
66.249.74.122 - - [06/Oct/2015:00:21:50 +0800] "GET /digiarch3/content/pictures/picture_content.jsp?oid=33554954&classify=2762 HTTP/1.1" 200 27099
66.249.74.18 - - [06/Oct/2015:00:21:50 +0800] "GET /content/nav/relationSubject.jsp?relationWords=%E7%88%B6%E6%88%8A+&oid=1813320 HTTP/1.1" 200 3231
66.249.71.233 - - [06/Oct/2015:00:21:54 +0800] "GET /content/nav/relationSubject.jsp?relationWords=%E7%88%B6%E6%88%8A%20&oid=1813320 HTTP/1.1" 200 3231
66.249.71.251 - - [06/Oct/2015:00:22:05 +0800] "GET /content/repository/resource_content.jsp?oid=1116109 HTTP/1.1" 200 31363
66.249.71.251 - - [06/Oct/2015:00:22:05 +0800] "GET /content/nav/relationSubject.jsp?relationWords=%E9%96%8B%E6%BC%B3%E8%81%96%E7%8E%8B+&oid=4362824 HTTP/1.1" 200 2754
66.249.71.233 - - [06/Oct/2015:00:22:08 +0800] "GET /content/nav/relationSubject.jsp?relationWords=%E9%96%8B%E6%BC%B3%E8%81%96%E7%8E%8B%20&oid=4362824 HTTP/1.1" 200 2754
66.249.71.233 - - [06/Oct/2015:00:22:10 +0800] "GET /digiarch_en/content/repository/resource_content.jsp?oid=2150599&queryString=%E8%98%AD%E5%B6%BC%E7%BE%85%E6%BC%A2%E6%9D%BE HTTP/1.1" 200 23823
66.249.71.242 - - [06/Oct/2015:00:22:13 +0800] "GET /content/nav/relationSubject.jsp?relationWords=&oid=2607225 HTTP/1.1" 200 1405
66.249.71.233 - - [06/Oct/2015:00:22:17 +0800] "GET /content/nav/relationSubject.jsp?relationWords=%E9%BE%9C%E7%94%B2%E5%8D%9C%E8%BE%AD%E6%AE%98%E7%89%87+&oid=1860871 HTTP/1.1" 200 3071
131.253.25.167 - - [06/Oct/2015:00:22:18 +0800] "GET /content/nav/relationSubject.jsp?relationWords=%E5%B7%A5%E5%8F%8B+%E9%9D%92%E8%BC%94%E6%9C%83+&oid=1595620 HTTP/1.1" 200 3695
66.249.71.251 - - [06/Oct/2015:00:22:19 +0800] "GET /content/nav/relationSubject.jsp?relationWords=&oid=2576030 HTTP/1.1" 200 1405
66.249.71.242 - - [06/Oct/2015:00:22:22 +0800] "GET /content/nav/relationSubject.jsp?relationWords=%E9%BE%9C%E7%94%B2%E5%8D%9C%E8%BE%AD%E6%AE%98%E7%89%87%20&oid=1860871 HTTP/1.1" 200 3071
66.249.71.233 - - [06/Oct/2015:00:22:31 +0800] "GET /content/repository/resource_content.jsp?oid=1775694 HTTP/1.1" 200 26872
66.249.71.105 - - [06/Oct/2015:00:22:36 +0800] "GET /content/repository/resource_content.jsp?oid=4362825&queryType=qs&queryString=%E5%8C%97%E6%B8%AF%E6%9C%9D%E5%A4%A9%E5%AE%AE HTTP/1.1" 200 28240
66.249.71.251 - - [06/Oct/2015:00:22:41 +0800] "GET /content/exhibit/exhibit.jsp?oid=16777728 HTTP/1.1" 200 26107
66.249.71.242 - - [06/Oct/2015:00:22:47 +0800] "GET /content/nav/relationSubject.jsp?relationWords=%E9%AA%A8%E7%AE%AD%E9%A0%AD+&oid=1872295 HTTP/1.1" 200 2990
66.249.71.233 - - [06/Oct/2015:00:22:51 +0800] "GET /content/nav/relationSubject.jsp?relationWords=%E5%80%99%E9%81%B8%E4%BA%BA%20%E6%8E%9B%E6%97%97%20%E6%A8%99%E8%AA%9E%20%E7%9C%8B%E6%9D%BF%20&oid=1597264 HTTP/1.1" 200 7341
66.249.71.251 - - [06/Oct/2015:00:22:55 +0800] "GET /content/subject/resource_content.jsp?oid=16797244&queryString= HTTP/1.1" 200 50442
66.249.71.233 - - [06/Oct/2015:00:22:55 +0800] "GET /content/nav/relationSubject.jsp?relationWords=%E9%AA%A8%E7%AE%AD%E9%A0%AD%20&oid=1872295 HTTP/1.1" 200 2990
66.249.71.251 - - [06/Oct/2015:00:22:58 +0800] "GET /content/repository/resource_content.jsp?oid=1608481 HTTP/1.1" 200 28648
66.249.71.251 - - [06/Oct/2015:00:23:00 +0800] "GET /content/nav/relationSubject.jsp?relationWords=&oid=2598024 HTTP/1.1" 200 1405
66.249.71.242 - - [06/Oct/2015:00:23:03 +0800] "GET /content/repository/resource_content.jsp?oid=3357582&queryString=%E5%A5%87%E5%AD%97 HTTP/1.1" 200 28935
66.249.74.18 - - [06/Oct/2015:00:23:03 +0800] "GET /content/nav/relationSubject.jsp?relationWords=&oid=2614008 HTTP/1.1" 200 1405
66.249.71.251 - - [06/Oct/2015:00:23:08 +0800] "GET /content/repository/resource_content.jsp?oid=1615450 HTTP/1.1" 200 28955
66.249.71.251 - - [06/Oct/2015:00:23:09 +0800] "GET /content/subject/resource_content.jsp?oid=16777396&queryString=%E9%9D%92%E5%89%9B%E6%AB%9F HTTP/1.1" 200 34713
66.249.71.251 - - [06/Oct/2015:00:23:11 +0800] "GET /content/nav/relationSubject.jsp?relationWords=&oid=2534898 HTTP/1.1" 200 1405
66.249.71.242 - - [06/Oct/2015:00:23:16 +0800] "GET /content/repository/resource_content.jsp?oid=1109867 HTTP/1.1" 200 31184
66.249.71.233 - - [06/Oct/2015:00:23:20 +0800] "GET /content/subject/resource_content.jsp?oid=16777728 HTTP/1.1" 200 65177
66.249.71.242 - - [06/Oct/2015:00:23:22 +0800] "GET /content/nav/relationSubject.jsp?relationWords=&oid=750458 HTTP/1.1" 200 1405
66.249.71.129 - - [06/Oct/2015:00:23:25 +0800] "GET /content/nav/relationSubject.jsp?relationWords=%E7%A8%85%E9%8A%80+%E9%8A%80%E5%85%A9+&oid=2683402 HTTP/1.1" 200 5340
66.249.71.248 - - [06/Oct/2015:00:23:28 +0800] "GET /content/nav/relationSubject.jsp?relationWords=%E7%A8%85%E9%8A%80%20%E9%8A%80%E5%85%A9%20&oid=2683402 HTTP/1.1" 200 5340
66.249.71.233 - - [06/Oct/2015:00:23:41 +0800] "GET /content/subject/resource_content.jsp?oid=16797240&queryType=qc HTTP/1.1" 200 42460
66.249.74.18 - - [06/Oct/2015:00:23:52 +0800] "GET /content/repository/resource_content.jsp?oid=2148061 HTTP/1.1" 200 30856
66.249.74.15 - - [06/Oct/2015:00:23:58 +0800] "GET /content/repository/resource_content.jsp?oid=2607675 HTTP/1.1" 200 29034
66.249.71.233 - - [06/Oct/2015:00:24:02 +0800] "GET /content/repository/resource_content.jsp?oid=177248 HTTP/1.1" 200 30078
66.249.71.242 - - [06/Oct/2015:00:24:08 +0800] "GET /content/repository/resource_content.jsp?oid=2525118 HTTP/1.1" 200 28731
66.249.74.18 - - [06/Oct/2015:00:24:11 +0800] "GET /content/nav/relationSubject.jsp?relationWords=%E5%90%B3%E4%B8%80%E8%A1%9B%20%E6%B0%91%E6%84%8F%E4%BB%A3%E8%A1%A8%20%E8%BE%B2%E6%9C%83%E7%B8%BD%E5%B9%B9%E4%BA%8B%20&oid=1562150 HTTP/1.1" 200 5244
66.249.71.242 - - [06/Oct/2015:00:24:13 +0800] "GET /content/repository/resource_content.jsp?oid=1631440 HTTP/1.1" 200 28698
66.249.71.242 - - [06/Oct/2015:00:24:14 +0800] "GET /content/nav/relationSubject.jsp?relationWords=%E7%81%B0%E6%9C%A8%E5%B1%AC+&oid=2149060 HTTP/1.1" 200 2990
66.249.71.233 - - [06/Oct/2015:00:24:17 +0800] "GET /content/nav/relationSubject.jsp?relationWords=%E7%81%B0%E6%9C%A8%E5%B1%AC%20&oid=2149060 HTTP/1.1" 200 2990
66.249.74.15 - - [06/Oct/2015:00:24:19 +0800] "GET /content/repository/resource_content.jsp?oid=1840590 HTTP/1.1" 200 28744
66.249.74.15 - - [06/Oct/2015:00:24:24 +0800] "GET /content/repository/resource_content.jsp?oid=2575269 HTTP/1.1" 200 29227
66.249.71.233 - - [06/Oct/2015:00:24:29 +0800] "GET /content/repository/resource_content.jsp?oid=2575089 HTTP/1.1" 200 29039
66.249.71.251 - - [06/Oct/2015:00:24:35 +0800] "GET /content/repository/resource_content.jsp?oid=2555423 HTTP/1.1" 200 28746
66.249.71.233 - - [06/Oct/2015:00:24:40 +0800] "GET /content/repository/resource_content.jsp?oid=2559659 HTTP/1.1" 200 29234
66.249.71.233 - - [06/Oct/2015:00:24:46 +0800] "GET /content/repository/resource_content.jsp?oid=2573725 HTTP/1.1" 200 28871
66.249.71.251 - - [06/Oct/2015:00:24:49 +0800] "GET /content/nav/relationSubject.jsp?relationWords=%E4%B8%AD%E8%85%B9%E8%B6%B3%E7%9B%AE+%E7%8E%89%E9%BB%8D%E8%9E%BA+%E7%8E%89%E9%BB%8D%E8%9E%BA%E7%A7%91+%E8%85%B9%E8%B6%B3%E7%B6%B1+&oid=1124941 HTTP/1.1" 200 3414
66.249.71.233 - - [06/Oct/2015:00:24:50 +0800] "GET /content/nav/relationSubject.jsp?relationWords=%E9%8A%85%E9%8F%83+&oid=1874728 HTTP/1.1" 200 2963
66.249.74.15 - - [06/Oct/2015:00:24:52 +0800] "GET /content/repository/resource_content.jsp?oid=2538654 HTTP/1.1" 200 28954
66.249.71.242 - - [06/Oct/2015:00:24:52 +0800] "GET /content/nav/relationSubject.jsp?relationWords=%E4%B8%AD%E8%85%B9%E8%B6%B3%E7%9B%AE%20%E7%8E%89%E9%BB%8D%E8%9E%BA%20%E7%8E%89%E9%BB%8D%E8%9E%BA%E7%A7%91%20%E8%85%B9%E8%B6%B3%E7%B6%B1%20&oid=1124941 HTTP/1.1" 200 3414
66.249.71.251 - - [06/Oct/2015:00:24:56 +0800] "GET /content/repository/resource_content.jsp?oid=2574052 HTTP/1.1" 200 28647
66.249.74.15 - - [06/Oct/2015:00:24:57 +0800] "GET /content/nav/relationSubject.jsp?relationWords=%E9%8A%85%E9%8F%83%20&oid=1874728 HTTP/1.1" 200 2963
66.249.71.233 - - [06/Oct/2015:00:25:00 +0800] "GET /content/nav/relationSubject.jsp?relationWords=&oid=2602307 HTTP/1.1" 200 1405
66.249.71.233 - - [06/Oct/2015:00:25:02 +0800] "GET /content/repository/resource_content.jsp?oid=2573682 HTTP/1.1" 200 28896
66.249.71.242 - - [06/Oct/2015:00:25:02 +0800] "GET /content/nav/relationSubject.jsp?relationWords=&oid=2585239 HTTP/1.1" 200 1405
66.249.71.251 - - [06/Oct/2015:00:25:07 +0800] "GET /content/repository/resource_content.jsp?oid=2573719 HTTP/1.1" 200 28939
66.249.71.233 - - [06/Oct/2015:00:25:11 +0800] "GET /content/nav/relationSubject.jsp?relationWords=%E9%AA%A8%E7%AE%AD%E9%A0%AD+&oid=1860613 HTTP/1.1" 200 2990
66.249.71.242 - - [06/Oct/2015:00:25:13 +0800] "GET /content/repository/resource_content.jsp?oid=2567939 HTTP/1.1" 200 28948
66.249.71.233 - - [06/Oct/2015:00:25:16 +0800] "GET /content/nav/relationSubject.jsp?relationWords=%E9%AA%A8%E7%AE%AD%E9%A0%AD%20&oid=1860613 HTTP/1.1" 200 2990
66.249.74.15 - - [06/Oct/2015:00:25:19 +0800] "GET /content/repository/resource_content.jsp?oid=2567985 HTTP/1.1" 200 28714
66.249.71.233 - - [06/Oct/2015:00:25:19 +0800] "GET /content/nav/relationSubject.jsp?relationWords=&oid=2599576 HTTP/1.1" 200 1405
66.249.71.251 - - [06/Oct/2015:00:25:20 +0800] "GET /content/nav/relationSubject.jsp?relationWords=%E9%AA%A8%E9%8C%90+&oid=1878037 HTTP/1.1" 200 2963
66.249.71.233 - - [06/Oct/2015:00:25:24 +0800] "GET /content/repository/resource_content.jsp?oid=2559137 HTTP/1.1" 200 28180
66.249.71.251 - - [06/Oct/2015:00:25:24 +0800] "GET /content/nav/relationSubject.jsp?relationWords=%E9%AA%A8%E9%8C%90%20&oid=1878037 HTTP/1.1" 200 2963
180.176.109.42 - - [06/Oct/2015:00:25:24 +0800] "GET /content/nav/relationSubject.jsp?relationWords=&oid=16777459 HTTP/1.1" 200 1405
66.249.71.251 - - [06/Oct/2015:00:25:27 +0800] "GET /content/nav/relationSubject.jsp?relationWords=%E9%AA%A8%E7%AE%AD%E9%A0%AD+&oid=1861759 HTTP/1.1" 200 2990
66.249.71.242 - - [06/Oct/2015:00:25:29 +0800] "GET /content/repository/resource_content.jsp?oid=738130 HTTP/1.1" 200 28345
66.249.71.242 - - [06/Oct/2015:00:25:31 +0800] "GET /content/nav/relationSubject.jsp?relationWords=%E9%AA%A8%E7%AE%AD%E9%A0%AD%20&oid=1861759 HTTP/1.1" 200 2990
66.249.71.242 - - [06/Oct/2015:00:25:32 +0800] "GET /content/nav/relationSubject.jsp?relationWords=%E5%A5%8F%E8%AC%9D%E8%AA%BF%E7%BD%B2+&oid=2536448 HTTP/1.1" 200 2172
66.249.71.233 - - [06/Oct/2015:00:25:33 +0800] "GET /content/nav/relationSubject.jsp?relationWords=%E9%AA%A8%E9%8C%90+&oid=1851740 HTTP/1.1" 200 2963
66.249.71.233 - - [06/Oct/2015:00:25:34 +0800] "GET /content/nav/relationSubject.jsp?relationWords=%E5%A5%8F%E8%AC%9D%E8%AA%BF%E7%BD%B2%20&oid=2536448 HTTP/1.1" 200 2172
66.249.71.233 - - [06/Oct/2015:00:25:36 +0800] "GET /content/repository/resource_content.jsp?oid=2470337 HTTP/1.1" 200 29763
66.249.71.233 - - [06/Oct/2015:00:25:36 +0800] "GET /content/nav/relationSubject.jsp?relationWords=%E9%AA%A8%E9%8C%90%20&oid=1851740 HTTP/1.1" 200 2963
66.249.71.130 - - [06/Oct/2015:00:25:45 +0800] "GET /content/repository/resource_content.jsp?oid=1780842&queryType=qs&queryString=%E8%85%B0%E9%A3%BE HTTP/1.1" 200 29376
66.249.71.233 - - [06/Oct/2015:00:25:48 +0800] "GET /content/nav/relationSubject.jsp?relationWords=%E9%87%8D%E7%88%B5+&oid=1828089 HTTP/1.1" 200 3075
66.249.71.251 - - [06/Oct/2015:00:25:50 +0800] "GET /content/subject/resource_content.jsp?oid=16777289&queryString= HTTP/1.1" 200 40479
66.249.71.251 - - [06/Oct/2015:00:25:51 +0800] "GET /content/nav/relationSubject.jsp?relationWords=%E9%87%8D%E7%88%B5%20&oid=1828089 HTTP/1.1" 200 3075
66.249.71.251 - - [06/Oct/2015:00:25:56 +0800] "GET /content/repository/resource_content.jsp?oid=1773767 HTTP/1.1" 200 27445
66.249.71.233 - - [06/Oct/2015:00:25:57 +0800] "GET /content/nav/relationSubject.jsp?relationWords=&oid=2580911 HTTP/1.1" 200 1405
66.249.71.233 - - [06/Oct/2015:00:26:07 +0800] "GET /digiarch_en/content/repository/resource_content.jsp?oid=15723&queryString=%E5%B8%B6%E5%B0%BE%E6%96%B0%E9%9A%86%E9%AD%9A%20%E6%96%B0%E9%9A%86%20%E9%9A%86%E9%A0%AD%E9%AD%9A%20%E9%9A%86%E9%A0%AD%E9%AD%9A%E7%A7%91 HTTP/1.1" 200 26862
66.249.71.233 - - [06/Oct/2015:00:26:12 +0800] "GET /content/repository/resource_content.jsp?oid=2150599&queryString=%E6%9D%BE%E6%9D%89%20%E6%9D%BE%E7%A7%91%20%E6%A4%8D%E7%89%A9%E7%95%8C%20%E6%AF%AC%E6%9E%9C%20%E7%BE%85%E6%BC%A2%E6%9D%BE%20%E7%BE%85%E6%BC%A2%E6%9D%BE%E5%B1%AC%20%E8%98%AD%E5%B6%BC%E7%BE%85%E6%BC%A2%E6%9D%BE HTTP/1.1" 200 31277
66.249.71.242 - - [06/Oct/2015:00:26:17 +0800] "GET /content/repository/resource_content.jsp?oid=1607207 HTTP/1.1" 200 28450
66.249.71.251 - - [06/Oct/2015:00:26:21 +0800] "GET /content/nav/relationSubject.jsp?relationWords=%E5%84%80%E5%99%A8+&oid=1588128 HTTP/1.1" 200 7284
66.249.71.251 - - [06/Oct/2015:00:26:23 +0800] "GET /content/repository/resource_content.jsp?oid=4387939&queryString=%E5%B9%B3%E5%9F%94%E6%97%8F%20%E6%95%B8%E4%BD%8D%E5%85%B8%E8%97%8F%20%E7%9F%AE%E9%9D%88%E7%A5%AD%20%E8%A5%BF%E6%8B%89%E9%9B%85%E6%97%8F%20%E8%B3%BD%E5%A4%8F%E6%97%8F%20%E9%81%94%E6%82%9F%E6%97%8F%20%E9%AD%AF%E5%87%B1%E6%97%8F HTTP/1.1" 200 31605
66.249.71.242 - - [06/Oct/2015:00:26:25 +0800] "GET /content/nav/relationSubject.jsp?relationWords=%E5%84%80%E5%99%A8%20&oid=1588128 HTTP/1.1" 200 7284
66.249.71.140 - - [06/Oct/2015:00:26:28 +0800] "GET /content/repository/resource_content.jsp?oid=2633940&queryType=qs&queryString=%E6%9D%8E%E6%9D%BE HTTP/1.1" 200 29898
66.249.71.251 - - [06/Oct/2015:00:26:32 +0800] "GET /content/nav/relationSubject.jsp?relationWords=&oid=696694 HTTP/1.1" 200 1405
66.249.71.233 - - [06/Oct/2015:00:26:34 +0800] "GET /content/repository/resource_content.jsp?oid=1820572 HTTP/1.1" 200 28873
66.249.71.129 - - [06/Oct/2015:00:26:39 +0800] "GET /content/repository/resource_content.jsp?oid=1887194&queryString=%E5%8D%81%E5%85%AB%E8%99%9F%20%E6%98%8E%E6%B2%BB%E5%9B%9B%E5%8D%81%E4%B8%89%E5%B9%B4 HTTP/1.1" 200 30907
66.249.71.233 - - [06/Oct/2015:00:26:44 +0800] "GET /content/repository/resource_content.jsp?oid=2152078&queryString=%E7%B4%85%E6%A5%A0%20%E8%B1%AC%E8%85%B3%E6%A5%A0 HTTP/1.1" 200 30976
66.249.71.233 - - [06/Oct/2015:00:26:50 +0800] "GET /content/subject/resource_content.jsp?oid=16777605&queryType=qs&queryString=%E8%AD%B0%E6%9C%83 HTTP/1.1" 200 41550
66.249.71.251 - - [06/Oct/2015:00:26:53 +0800] "GET /content/nav/relationSubject.jsp?relationWords=%E5%BD%AD%E5%AD%9F%E7%B7%9D+%E6%88%B0%E7%95%A5%E9%A1%A7%E5%95%8F+%E7%B8%BD%E7%B5%B1%E5%BA%9C+%E8%A8%B4%E8%A8%9F+%E8%B3%AA%E8%A9%A2+&oid=1601316 HTTP/1.1" 200 4004
66.249.71.233 - - [06/Oct/2015:00:26:55 +0800] "GET /content/subject/resource_content.jsp?oid=16777699&queryType=qs&queryString=%E5%AF%A6%E8%B8%90%E5%AD%B8%E7%A4%BE HTTP/1.1" 200 54049
66.249.74.18 - - [06/Oct/2015:00:26:56 +0800] "GET /content/nav/relationSubject.jsp?relationWords=%E5%BD%AD%E5%AD%9F%E7%B7%9D%20%E6%88%B0%E7%95%A5%E9%A1%A7%E5%95%8F%20%E7%B8%BD%E7%B5%B1%E5%BA%9C%20%E8%A8%B4%E8%A8%9F%20%E8%B3%AA%E8%A9%A2%20&oid=1601316 HTTP/1.1" 200 4004
66.249.71.233 - - [06/Oct/2015:00:26:57 +0800] "GET /content/nav/relationSubject.jsp?relationWords=&oid=1850484 HTTP/1.1" 200 1405
66.249.71.242 - - [06/Oct/2015:00:27:01 +0800] "GET /content/repository/resource_content.jsp?oid=1103697&queryString=%E6%97%8B%E8%8A%B1%E7%A7%91%20%E6%A4%8D%E7%89%A9%E7%95%8C%20%E7%89%BD%E7%89%9B%20%E7%89%BD%E7%89%9B%E5%B1%AC HTTP/1.1" 200 31181
66.249.71.142 - - [06/Oct/2015:00:27:04 +0800] "GET /content/nav/relationSubject.jsp?relationWords=%E5%8D%97%E6%B9%96%E5%A4%A7%E5%B1%B1+%E5%BF%97%E4%BD%B3%E9%99%BD%E6%9D%9C%E9%B5%91+%E6%9D%9C%E9%B5%91+%E6%9D%9C%E9%B5%91%E8%8A%B1+%E6%9D%9C%E9%B5%91%E8%8A%B1%E5%B1%AC+%E6%9D%9C%E9%B5%91%E8%8A%B1%E7%A7%91+%E6%A4%8D%E7%89%A9%E7%95%8C+%E7%B4%B0%E8%91%89%E6%9D%9C%E9%B5%91+&oid=3813793 HTTP/1.1" 200 5403
66.249.71.251 - - [06/Oct/2015:00:27:06 +0800] "GET /content/repository/resource_content.jsp?oid=1177244 HTTP/1.1" 200 27677
66.249.71.242 - - [06/Oct/2015:00:27:06 +0800] "GET /content/nav/relationSubject.jsp?relationWords=%E4%BA%BA%E5%90%8D%E6%AC%8A%E5%A8%81+%E6%9C%B1%E5%85%86%E8%8E%98+%E8%8B%B1%E4%BD%BF+&oid=741522 HTTP/1.1" 200 3282
66.249.74.64 - - [06/Oct/2015:00:27:07 +0800] "GET /content/nav/relationSubject.jsp?relationWords=%E5%8D%97%E6%B9%96%E5%A4%A7%E5%B1%B1%20%E5%BF%97%E4%BD%B3%E9%99%BD%E6%9D%9C%E9%B5%91%20%E6%9D%9C%E9%B5%91%20%E6%9D%9C%E9%B5%91%E8%8A%B1%20%E6%9D%9C%E9%B5%91%E8%8A%B1%E5%B1%AC%20%E6%9D%9C%E9%B5%91%E8%8A%B1%E7%A7%91%20%E6%A4%8D%E7%89%A9%E7%95%8C%20%E7%B4%B0%E8%91%89%E6%9D%9C%E9%B5%91%20&oid=3813793 HTTP/1.1" 200 5403
66.249.71.242 - - [06/Oct/2015:00:27:09 +0800] "GET /content/nav/relationSubject.jsp?relationWords=%E4%BA%BA%E5%90%8D%E6%AC%8A%E5%A8%81%20%E6%9C%B1%E5%85%86%E8%8E%98%20%E8%8B%B1%E4%BD%BF%20&oid=741522 HTTP/1.1" 200 3282
66.249.71.251 - - [06/Oct/2015:00:27:11 +0800] "GET /content/repository/resource_content.jsp?oid=1852366&queryString=%E9%AA%A8%E6%A3%B1%E8%84%8A%E5%B5%8C%E7%89%87 HTTP/1.1" 200 30362
66.249.79.27 - - [06/Oct/2015:00:27:17 +0800] "GET /content/repository/resource_content.jsp?oid=2659987&queryType=qs&queryString=%E7%A7%BB%E9%80%81 HTTP/1.1" 200 30241
66.249.74.21 - - [06/Oct/2015:00:27:23 +0800] "GET /content/repository/resource_content.jsp?oid=1820576 HTTP/1.1" 200 28336
66.249.71.242 - - [06/Oct/2015:00:27:23 +0800] "GET /content/nav/relationSubject.jsp?relationWords=%E5%AF%A6%E9%A9%97%E6%9E%97%20%E8%87%BA%E5%A4%A7%20%E8%BE%B2%E5%AD%B8%E9%99%A2%20&oid=1552877 HTTP/1.1" 200 4784
66.249.71.233 - - [06/Oct/2015:00:27:25 +0800] "GET /content/nav/relationSubject.jsp?relationWords=%E5%AE%89%E5%85%A8%E6%A1%88+%E5%BA%9C%E5%BB%BA%E6%B0%B4+%E6%B0%B4%E5%AD%97+%E8%B1%90%E6%BF%B1%E9%84%89+&oid=1632260 HTTP/1.1" 200 3303
66.249.71.242 - - [06/Oct/2015:00:27:27 +0800] "GET /content/repository/resource_content.jsp?oid=1521023 HTTP/1.1" 200 29863
66.249.71.251 - - [06/Oct/2015:00:27:28 +0800] "GET /content/nav/relationSubject.jsp?relationWords=%E5%AE%89%E5%85%A8%E6%A1%88%20%E5%BA%9C%E5%BB%BA%E6%B0%B4%20%E6%B0%B4%E5%AD%97%20%E8%B1%90%E6%BF%B1%E9%84%89%20&oid=1632260 HTTP/1.1" 200 3303
66.249.71.251 - - [06/Oct/2015:00:27:33 +0800] "GET /content/repository/resource_content.jsp?oid=1522649 HTTP/1.1" 200 29149
66.249.74.21 - - [06/Oct/2015:00:27:39 +0800] "GET /content/subject/resource_content.jsp?oid=16777749&queryType=qs&queryString=%E6%B3%95%E6%9C%83 HTTP/1.1" 200 41439
66.249.71.233 - - [06/Oct/2015:00:27:39 +0800] "GET /content/nav/relationSubject.jsp?relationWords=&oid=2598032 HTTP/1.1" 200 1405
66.249.71.251 - - [06/Oct/2015:00:27:44 +0800] "GET /content/nav/relationSubject.jsp?relationWords=%E5%8B%9E%E5%B7%A5%E4%BF%9D%E9%9A%AA+%E7%A4%BE%E6%9C%83%E8%99%95+&oid=1556959 HTTP/1.1" 200 3688
66.249.71.251 - - [06/Oct/2015:00:27:46 +0800] "GET /content/nav/relationSubject.jsp?relationWords=%E5%8B%9E%E5%B7%A5%E4%BF%9D%E9%9A%AA%20%E7%A4%BE%E6%9C%83%E8%99%95%20&oid=1556959 HTTP/1.1" 200 3688
66.249.71.233 - - [06/Oct/2015:00:27:49 +0800] "GET /content/repository/resource_content.jsp?oid=1890011 HTTP/1.1" 200 28902
66.249.71.242 - - [06/Oct/2015:00:27:56 +0800] "GET /content/repository/resource_content.jsp?oid=1456617 HTTP/1.1" 200 30913
66.249.71.251 - - [06/Oct/2015:00:27:58 +0800] "GET /content/nav/relationSubject.jsp?relationWords=%E8%A4%90%E7%91%AA%E7%91%99%E7%8F%A0%E9%A3%BE+&oid=1870089 HTTP/1.1" 200 3044
66.249.71.140 - - [06/Oct/2015:00:28:00 +0800] "GET /content/repository/resource_content.jsp?oid=2599504&queryType=qs&queryString=%E8%A5%BF%E6%B6%BC HTTP/1.1" 200 29097
66.249.71.233 - - [06/Oct/2015:00:28:01 +0800] "GET /content/repository/resource_content.jsp?oid=1518500 HTTP/1.1" 200 28783
66.249.71.233 - - [06/Oct/2015:00:28:01 +0800] "GET /content/nav/relationSubject.jsp?relationWords=%E8%A4%90%E7%91%AA%E7%91%99%E7%8F%A0%E9%A3%BE%20&oid=1870089 HTTP/1.1" 200 3044
66.249.71.242 - - [06/Oct/2015:00:28:05 +0800] "GET /content/repository/resource_content.jsp?oid=2146926&queryString=%E5%8F%B0%E7%81%A3%E4%BA%94%E8%91%89%E6%9D%BE%20%E6%9D%BE%E5%B1%AC%20%E6%9D%BE%E6%9D%89%20%E6%9D%BE%E7%A7%91%20%E6%A4%8D%E7%89%A9%E7%95%8C%20%E6%AF%AC%E6%9E%9C HTTP/1.1" 200 31396
66.249.74.21 - - [06/Oct/2015:00:28:20 +0800] "GET /content/nav/relationSubject.jsp?relationWords=&oid=2620278 HTTP/1.1" 200 1405
66.249.71.242 - - [06/Oct/2015:00:28:22 +0800] "GET /content/repository/resource_content.jsp?oid=2145058&queryString=%E8%B9%84%E8%93%8B%E8%95%A8%E5%B1%AC%20%E9%98%BF%E9%87%8C%E5%B1%B1%E8%B9%84%E8%93%8B%E8%95%A8 HTTP/1.1" 200 31550
66.249.71.130 - - [06/Oct/2015:00:28:27 +0800] "GET /digiarch3/content/repository/resource_content.jsp?oid=15793&queryString=%E5%B8%B6%E5%B0%BE%E6%96%B0%E9%9A%86%E9%AD%9A HTTP/1.1" 200 35371
66.249.71.251 - - [06/Oct/2015:00:28:32 +0800] "GET /digiarch_en/content/subject/resource_content.jsp?oid=16777839&queryType=qc HTTP/1.1" 200 21614
66.249.71.251 - - [06/Oct/2015:00:28:38 +0800] "GET /content/subject/resource_content.jsp?oid=16777486 HTTP/1.1" 200 42090
66.249.71.250 - - [06/Oct/2015:00:28:41 +0800] "GET /content/nav/relationSubject.jsp?relationWords=%E6%A3%8B%E7%9B%A4%E8%85%B3%E6%A8%B9%E5%B1%AC+%E6%A4%8D%E7%89%A9%E7%95%8C+%E6%B0%B4%E8%8C%84%E8%8B%B3+%E7%8E%89%E8%95%8A%E7%A7%91+&oid=2145945 HTTP/1.1" 200 4157
66.249.71.233 - - [06/Oct/2015:00:28:42 +0800] "GET /content/nav/relationSubject.jsp?relationWords=%E4%BA%A4%E6%B6%89%E5%93%A1+%E4%BA%BA%E5%90%8D%E6%AC%8A%E5%A8%81+%E5%A4%96%E4%BA%A4%E9%83%A8+%E6%95%B5%E5%83%91+%E9%BB%83%E6%A6%AE+&oid=734960 HTTP/1.1" 200 3694
66.249.71.242 - - [06/Oct/2015:00:28:44 +0800] "GET /content/repository/resource_content.jsp?oid=1609237 HTTP/1.1" 200 28441
66.249.74.21 - - [06/Oct/2015:00:28:46 +0800] "GET /content/nav/relationSubject.jsp?relationWords=%E4%BA%A4%E6%B6%89%E5%93%A1%20%E4%BA%BA%E5%90%8D%E6%AC%8A%E5%A8%81%20%E5%A4%96%E4%BA%A4%E9%83%A8%20%E6%95%B5%E5%83%91%20%E9%BB%83%E6%A6%AE%20&oid=734960 HTTP/1.1" 200 3694
66.249.71.250 - - [06/Oct/2015:00:28:47 +0800] "GET /content/nav/relationSubject.jsp?relationWords=%E6%A3%8B%E7%9B%A4%E8%85%B3%E6%A8%B9%E5%B1%AC%20%E6%A4%8D%E7%89%A9%E7%95%8C%20%E6%B0%B4%E8%8C%84%E8%8B%B3%20%E7%8E%89%E8%95%8A%E7%A7%91%20&oid=2145945 HTTP/1.1" 200 4157
203.64.182.187 - - [06/Oct/2015:00:28:48 +0800] "GET /content/subject/resource_content.jsp?oid=16777365&queryString= HTTP/1.1" 200 34481
203.64.182.187 - - [06/Oct/2015:00:28:49 +0800] "GET /content/nav/relationSubject.jsp?relationWords=&oid=16777365 HTTP/1.1" 200 1405
66.249.74.15 - - [06/Oct/2015:00:28:49 +0800] "GET /content/repository/resource_content.jsp?oid=1813839 HTTP/1.1" 200 28855
66.249.71.251 - - [06/Oct/2015:00:28:54 +0800] "GET /content/repository/resource_content.jsp?oid=1108118 HTTP/1.1" 200 31436
66.249.71.242 - - [06/Oct/2015:00:28:59 +0800] "GET /content/repository/resource_content.jsp?oid=2532097 HTTP/1.1" 200 28682
66.249.71.251 - - [06/Oct/2015:00:29:00 +0800] "GET /content/nav/relationSubject.jsp?relationWords=&oid=2560288 HTTP/1.1" 200 1405
66.249.71.242 - - [06/Oct/2015:00:29:05 +0800] "GET /content/repository/resource_content.jsp?oid=1609262 HTTP/1.1" 200 28501
123.205.24.17 - - [06/Oct/2015:00:29:06 +0800] "GET /content/nav/relationSubject.jsp?relationWords=%E5%8F%B0%E7%81%A3%E6%AC%92%E6%A8%B9+%E8%8B%A6%E8%8B%93%E8%88%85+&oid=16777254 HTTP/1.1" 200 4285
66.249.71.251 - - [06/Oct/2015:00:29:10 +0800] "GET /content/repository/resource_content.jsp?oid=18741 HTTP/1.1" 200 29725
66.249.71.251 - - [06/Oct/2015:00:29:15 +0800] "GET /content/repository/resource_content.jsp?oid=2613942 HTTP/1.1" 200 30075
66.249.71.251 - - [06/Oct/2015:00:29:16 +0800] "GET /content/nav/relationSubject.jsp?relationWords=%E6%A6%AE%E6%81%A9+%E7%A5%A8%E7%B0%BD+&oid=2675292 HTTP/1.1" 200 3128
66.249.71.233 - - [06/Oct/2015:00:29:21 +0800] "GET /content/repository/resource_content.jsp?oid=1614401 HTTP/1.1" 200 28342
66.249.71.233 - - [06/Oct/2015:00:29:21 +0800] "GET /content/nav/relationSubject.jsp?relationWords=%E6%A6%AE%E6%81%A9%20%E7%A5%A8%E7%B0%BD%20&oid=2675292 HTTP/1.1" 200 3128
66.249.71.233 - - [06/Oct/2015:00:29:26 +0800] "GET /content/repository/resource_content.jsp?oid=4550297&queryString=%E6%A0%B8%E8%9E%BA%20%E8%85%B9%E8%B6%B3%E7%B6%B1 HTTP/1.1" 200 30305
66.249.71.45 - - [06/Oct/2015:00:29:28 +0800] "GET /content/nav/relationSubject.jsp?relationWords=%E5%AD%90%E5%AE%AE+%E6%80%A5%E6%80%A7%E5%AD%90+&oid=4469935 HTTP/1.1" 200 3297
66.249.71.242 - - [06/Oct/2015:00:29:32 +0800] "GET /content/repository/resource_content.jsp?oid=1850217 HTTP/1.1" 200 29174
66.249.71.54 - - [06/Oct/2015:00:29:32 +0800] "GET /content/nav/relationSubject.jsp?relationWords=%E5%AD%90%E5%AE%AE%20%E6%80%A5%E6%80%A7%E5%AD%90%20&oid=4469935 HTTP/1.1" 200 3297
66.249.71.233 - - [06/Oct/2015:00:29:34 +0800] "GET /content/nav/relationSubject.jsp?relationWords=%E5%9C%B0%E5%BD%A2%E5%9C%96+%E7%8B%97%E8%81%9E%E6%B4%9E+&oid=219743 HTTP/1.1" 200 3096
66.249.71.233 - - [06/Oct/2015:00:29:37 +0800] "GET /content/repository/resource_content.jsp?oid=1612659 HTTP/1.1" 200 28333
66.249.71.233 - - [06/Oct/2015:00:29:43 +0800] "GET /content/repository/resource_content.jsp?oid=1628433 HTTP/1.1" 200 28505
66.249.71.233 - - [06/Oct/2015:00:29:43 +0800] "GET /content/nav/relationSubject.jsp?relationWords=%E5%9C%B0%E5%BD%A2%E5%9C%96%20%E7%8B%97%E8%81%9E%E6%B4%9E%20&oid=219743 HTTP/1.1" 200 3096
66.249.71.233 - - [06/Oct/2015:00:29:48 +0800] "GET /content/repository/resource_content.jsp?oid=2591544 HTTP/1.1" 200 28453
66.249.71.233 - - [06/Oct/2015:00:29:53 +0800] "GET /content/repository/resource_content.jsp?oid=1635724 HTTP/1.1" 200 28730
66.249.71.242 - - [06/Oct/2015:00:29:55 +0800] "GET /content/nav/relationSubject.jsp?relationWords=%E8%B3%9E%E5%AF%B6%E6%98%9F+&oid=794132 HTTP/1.1" 200 3010
66.249.71.233 - - [06/Oct/2015:00:29:56 +0800] "GET /content/nav/relationSubject.jsp?relationWords=&oid=2595503 HTTP/1.1" 200 1405
66.249.71.251 - - [06/Oct/2015:00:29:57 +0800] "GET /content/nav/relationSubject.jsp?relationWords=%E8%B3%9E%E5%AF%B6%E6%98%9F%20&oid=794132 HTTP/1.1" 200 3010
66.249.71.233 - - [06/Oct/2015:00:29:59 +0800] "GET /content/repository/resource_content.jsp?oid=2587093 HTTP/1.1" 200 28678
66.249.71.233 - - [06/Oct/2015:00:30:00 +0800] "GET /content/nav/relationSubject.jsp?relationWords=%E5%A4%A7%E8%8B%9E%E9%B4%A8%E8%B7%96%E8%8D%89+%E5%A4%A7%E8%91%89%E9%B4%A8%E8%B7%96%E8%8D%89+%E9%B4%A8%E8%B7%96%E8%8D%89%E5%B1%AC+&oid=1113008 HTTP/1.1" 200 3401
66.249.71.242 - - [06/Oct/2015:00:30:04 +0800] "GET /content/repository/resource_content.jsp?oid=2567407 HTTP/1.1" 200 28835
66.249.71.242 - - [06/Oct/2015:00:30:05 +0800] "GET /content/nav/relationSubject.jsp?relationWords=%E5%A4%A7%E8%8B%9E%E9%B4%A8%E8%B7%96%E8%8D%89%20%E5%A4%A7%E8%91%89%E9%B4%A8%E8%B7%96%E8%8D%89%20%E9%B4%A8%E8%B7%96%E8%8D%89%E5%B1%AC%20&oid=1113008 HTTP/1.1" 200 3401
66.249.71.242 - - [06/Oct/2015:00:30:05 +0800] "GET /content/nav/relationSubject.jsp?relationWords=%E5%90%8C%E7%9F%A5+&oid=776555 HTTP/1.1" 200 3999
66.249.71.242 - - [06/Oct/2015:00:30:09 +0800] "GET /content/repository/resource_content.jsp?oid=1812740 HTTP/1.1" 200 28658
66.249.71.233 - - [06/Oct/2015:00:30:10 +0800] "GET /content/nav/relationSubject.jsp?relationWords=%E5%90%8C%E7%9F%A5%20&oid=776555 HTTP/1.1" 200 3999
66.249.71.242 - - [06/Oct/2015:00:30:15 +0800] "GET /content/repository/resource_content.jsp?oid=1637095 HTTP/1.1" 200 29281
66.249.74.15 - - [06/Oct/2015:00:30:15 +0800] "GET /content/nav/relationSubject.jsp?relationWords=&oid=2531666 HTTP/1.1" 200 1405
66.249.71.233 - - [06/Oct/2015:00:30:20 +0800] "GET /content/repository/resource_content.jsp?oid=1839207 HTTP/1.1" 200 29130
66.249.71.242 - - [06/Oct/2015:00:30:23 +0800] "GET /content/nav/relationSubject.jsp?relationWords=%E5%B1%B1%E8%83%9E+&oid=1595199 HTTP/1.1" 200 3699
66.249.71.242 - - [06/Oct/2015:00:30:26 +0800] "GET /content/repository/resource_content.jsp?oid=1891808 HTTP/1.1" 200 28396
66.249.71.242 - - [06/Oct/2015:00:30:26 +0800] "GET /content/nav/relationSubject.jsp?relationWords=%E5%B1%B1%E8%83%9E%20&oid=1595199 HTTP/1.1" 200 3699
66.249.71.242 - - [06/Oct/2015:00:30:31 +0800] "GET /content/repository/resource_content.jsp?oid=1813004 HTTP/1.1" 200 28720
66.249.71.242 - - [06/Oct/2015:00:30:36 +0800] "GET /content/repository/resource_content.jsp?oid=1637049 HTTP/1.1" 200 31093
66.249.71.242 - - [06/Oct/2015:00:30:37 +0800] "GET /content/nav/relationSubject.jsp?relationWords=%E5%96%AE%E8%89%B2+%E9%82%A6%E5%B7%B4%E8%8E%8A+%E9%9D%92%E6%B5%B7+&oid=198809 HTTP/1.1" 200 3311
66.249.71.251 - - [06/Oct/2015:00:30:40 +0800] "GET /content/nav/relationSubject.jsp?relationWords=%E5%96%AE%E8%89%B2%20%E9%82%A6%E5%B7%B4%E8%8E%8A%20%E9%9D%92%E6%B5%B7%20&oid=198809 HTTP/1.1" 200 3311
