66.249.79.127 - - [31/Aug/2015:09:48:18 +0800] "GET /content/nav/relationSubject.jsp?relationWords=%E5%A4%9A%E7%BE%85+%E9%A0%86%E6%B2%BB%E5%B8%9D+&oid=2674310 HTTP/1.1" 200 3879
66.249.71.113 - - [31/Aug/2015:09:48:21 +0800] "GET /content/nav/relationSubject.jsp?relationWords=%E5%A4%9A%E7%BE%85%20%E9%A0%86%E6%B2%BB%E5%B8%9D%20&oid=2674310 HTTP/1.1" 200 3879
203.66.245.250 - - [31/Aug/2015:09:48:49 +0800] "GET /content/repository/resource_content.jsp?oid=14714&queryString=?????????%20??????%20??????%20???????? HTTP/1.1" 200 34847
66.249.71.249 - - [31/Aug/2015:09:49:14 +0800] "GET /content/tmp_exh/resource_content.jsp?oid=16777847&queryType=qc HTTP/1.1" 200 45322
66.249.71.217 - - [31/Aug/2015:09:49:16 +0800] "GET /digiarch3/content/subject/resource_content.jsp?oid=16777706&queryType=qs&queryString=%E8%87%BA%E7%81%A3%E6%96%87%E5%8C%96 HTTP/1.1" 200 53808
66.249.71.217 - - [31/Aug/2015:09:49:28 +0800] "GET /content/repository/resource_content.jsp?oid=4439801&queryString=%E5%B1%B1%E6%9C%AC%E5%85%83%E5%B8%A5 HTTP/1.1" 200 28483
66.249.71.207 - - [31/Aug/2015:09:49:43 +0800] "GET /digiarch3/content/repository/resource_content.jsp?oid=16506&queryString=%E9%89%A4%E9%B1%97%E9%AD%A8%20%E9%B1%97%E9%AD%A8 HTTP/1.1" 200 34181
66.249.71.207 - - [31/Aug/2015:09:49:57 +0800] "GET /digiarch3/content/pictures/picture_content.jsp?oid=33554830&classify=2761 HTTP/1.1" 200 27963
66.249.71.45 - - [31/Aug/2015:09:50:16 +0800] "GET /content/nav/relationSubject.jsp?relationWords=%E6%BC%A2%E7%B0%A1+&oid=16777409 HTTP/1.1" 200 3820
66.249.71.45 - - [31/Aug/2015:09:50:18 +0800] "GET /content/nav/relationSubject.jsp?relationWords=%E6%BC%A2%E7%B0%A1%20&oid=16777409 HTTP/1.1" 200 3820
66.249.71.229 - - [31/Aug/2015:09:50:27 +0800] "GET /content/subject/resource_content.jsp?oid=16777698 HTTP/1.1" 200 29897
123.125.71.85 - - [31/Aug/2015:09:50:53 +0800] "GET /content/subject/resource_content.jsp?oid=16777387&queryType=qc HTTP/1.1" 200 34459
101.226.169.225 - - [31/Aug/2015:09:52:04 +0800] "GET /digiarch3/content/subject/resource_content.jsp?oid=16777298&queryType=qc HTTP/1.1" 200 28231
66.249.71.229 - - [31/Aug/2015:09:52:24 +0800] "GET /content/repository/resource_content.jsp?oid=2149940 HTTP/1.1" 200 30817
101.226.168.209 - - [31/Aug/2015:09:52:34 +0800] "GET /digiarch3/content/subject/resource_content.jsp?oid=16777257&queryType=qc HTTP/1.1" 200 31199
66.249.71.196 - - [31/Aug/2015:09:52:38 +0800] "GET /digiarch3/content/repository/resource_content.jsp?oid=2470818&queryString=%E4%BC%8A%E8%83%BD%E5%98%89%E7%9F%A9%20%E5%8F%B0%E7%81%A3%E5%8E%9F%E4%BD%8F%E6%B0%91 HTTP/1.1" 200 30095
223.142.53.12 - - [31/Aug/2015:09:52:58 +0800] "GET /content/nav/relationSubject.jsp?relationWords=%E7%99%BD%E5%8D%83%E5%B1%A4+&oid=16777287 HTTP/1.1" 200 3852
66.249.71.239 - - [31/Aug/2015:09:53:07 +0800] "GET /content/repository/resource_content.jsp?oid=1110813 HTTP/1.1" 200 31423
66.249.71.229 - - [31/Aug/2015:09:53:45 +0800] "GET /content/repository/resource_content.jsp?oid=1111493&queryString=%E8%98%AD%E5%B6%BC%E7%BE%85%E6%BC%A2%E6%9D%BE HTTP/1.1" 200 31267
101.226.166.252 - - [31/Aug/2015:09:54:10 +0800] "GET /digiarch3/content/subject/resource_content.jsp?oid=16777407&queryType=qc HTTP/1.1" 200 31975
101.226.167.198 - - [31/Aug/2015:09:54:51 +0800] "GET /digiarch3/content/subject/resource_content.jsp?oid=16777293&queryType=qc HTTP/1.1" 200 32160
66.249.71.239 - - [31/Aug/2015:09:55:24 +0800] "GET /content/subject/resource_content.jsp?oid=16797239&queryType=qc HTTP/1.1" 200 44010
66.249.71.216 - - [31/Aug/2015:09:55:33 +0800] "GET /content/nav/relationSubject.jsp?relationWords=%E9%81%BA%E6%A3%84+&oid=2685253 HTTP/1.1" 200 3918
66.249.71.216 - - [31/Aug/2015:09:55:35 +0800] "GET /content/nav/relationSubject.jsp?relationWords=%E9%81%BA%E6%A3%84%20&oid=2685253 HTTP/1.1" 200 3918
66.249.71.36 - - [31/Aug/2015:09:55:36 +0800] "GET /content/repository/resource_content.jsp?oid=15371&queryType=qs&queryString=%E9%AD%9A%E6%A7%8D HTTP/1.1" 200 35153
66.249.71.249 - - [31/Aug/2015:09:55:50 +0800] "GET /content/repository/resource_content.jsp?oid=1516797 HTTP/1.1" 200 29058
66.249.71.239 - - [31/Aug/2015:09:56:17 +0800] "GET /content/repository/resource_content.jsp?oid=14427&queryString=%E5%8D%B0%E5%BA%A6%E6%A7%8D%E9%AD%9A%20%E6%97%97%E9%AD%9A%20%E7%99%BD%E8%82%89%20%E7%AB%8B%E7%BF%85%E6%97%97%E9%AD%9A HTTP/1.1" 200 35170
66.249.79.207 - - [31/Aug/2015:09:56:31 +0800] "GET /content/repository/resource_content.jsp?oid=15363&queryString=%E4%B8%89%E7%B7%9A%E9%9B%9E%E9%AD%9A HTTP/1.1" 200 35135
101.226.168.224 - - [31/Aug/2015:09:56:59 +0800] "GET /digiarch3/content/subject/resource_content.jsp?oid=16777597&queryType=qc HTTP/1.1" 200 28112
66.249.71.105 - - [31/Aug/2015:09:57:02 +0800] "GET /content/nav/relationSubject.jsp?relationWords=%E4%BA%BA%E5%90%8D%E6%AC%8A%E5%A8%81+%E4%BF%84%E9%BB%A8+%E6%96%B0%E7%9D%A3+%E6%9C%B1%E9%82%87%E5%85%B8+&oid=667741 HTTP/1.1" 200 3288
66.249.71.121 - - [31/Aug/2015:09:57:04 +0800] "GET /content/nav/relationSubject.jsp?relationWords=%E4%BA%BA%E5%90%8D%E6%AC%8A%E5%A8%81%20%E4%BF%84%E9%BB%A8%20%E6%96%B0%E7%9D%A3%20%E6%9C%B1%E9%82%87%E5%85%B8%20&oid=667741 HTTP/1.1" 200 3288
66.249.71.121 - - [31/Aug/2015:09:57:13 +0800] "GET /content/nav/relationSubject.jsp?relationWords=%E5%8F%B0%E7%81%A3%E5%8E%9F%E4%BD%8F%E6%B0%91+%E6%B0%91%E6%97%8F%E5%AD%B8+%E6%B0%91%E6%97%8F%E8%AA%8C+%E7%89%A9%E8%B3%AA%E6%96%87%E5%8C%96+%E8%87%BA%E7%81%A3%E5%8E%9F%E4%BD%8F%E6%B0%91+&oid=1777638 HTTP/1.1" 200 7445
66.249.71.113 - - [31/Aug/2015:09:57:42 +0800] "GET /content/repository/resource_content.jsp?oid=2561126&queryType=qs&queryString=%E6%B2%B3%E5%8C%97%E7%9C%81 HTTP/1.1" 200 28876
114.36.237.109 - - [31/Aug/2015:09:58:31 +0800] "GET /content/subject/resource_content.jsp?oid=16777599&queryString= HTTP/1.1" 200 36977
114.36.237.109 - - [31/Aug/2015:09:58:31 +0800] "GET /content/nav/relationSubject.jsp?relationWords=%E5%8D%83%E5%B9%B4%E6%A1%90+%E6%A1%90%E8%8A%B1+%E6%B2%B9%E6%A1%90+&oid=16777599 HTTP/1.1" 200 3738
66.249.71.229 - - [31/Aug/2015:09:58:33 +0800] "GET /content/repository/resource_content.jsp?oid=1597692 HTTP/1.1" 200 28442
66.249.71.216 - - [31/Aug/2015:09:58:47 +0800] "GET /content/subject/resource_content.jsp?oid=16777688&queryType=qc HTTP/1.1" 200 39211
114.36.237.109 - - [31/Aug/2015:09:59:04 +0800] "GET /content/subject/resource_content.jsp?oid=16777448&queryString= HTTP/1.1" 200 34500
114.36.237.109 - - [31/Aug/2015:09:59:04 +0800] "GET /content/nav/relationSubject.jsp?relationWords=%E5%B1%B1%E8%8C%B6%E8%8A%B1+%E6%9B%BC%E9%99%80%E7%BE%85%E8%8A%B1+&oid=16777448 HTTP/1.1" 200 1894
66.249.71.207 - - [31/Aug/2015:09:59:41 +0800] "GET /digiarch3/content/subject/resource_content.jsp?oid=16777737&queryType=qs&queryString=%E4%B8%89%E4%B8%8A HTTP/1.1" 200 32151
66.249.71.105 - - [31/Aug/2015:10:00:36 +0800] "GET /content/nav/relationSubject.jsp?relationWords=%E5%90%8F%E9%83%A8+%E9%96%A9%E7%9C%81+&oid=2656600 HTTP/1.1" 200 3115
66.249.71.105 - - [31/Aug/2015:10:00:37 +0800] "GET /content/nav/relationSubject.jsp?relationWords=%E5%B7%A1%E6%8C%89+%E5%B7%A1%E6%8C%89%E5%BE%A1%E5%8F%B2+%E5%BE%A1%E5%8F%B2+&oid=2516045 HTTP/1.1" 200 3213
66.249.71.105 - - [31/Aug/2015:10:00:38 +0800] "GET /content/nav/relationSubject.jsp?relationWords=%E5%90%8F%E9%83%A8%20%E9%96%A9%E7%9C%81%20&oid=2656600 HTTP/1.1" 200 3115
66.249.71.105 - - [31/Aug/2015:10:00:39 +0800] "GET /content/nav/relationSubject.jsp?relationWords=%E5%B7%A1%E6%8C%89%20%E5%B7%A1%E6%8C%89%E5%BE%A1%E5%8F%B2%20%E5%BE%A1%E5%8F%B2%20&oid=2516045 HTTP/1.1" 200 3213
123.125.71.46 - - [31/Aug/2015:10:00:52 +0800] "GET /content/subject/resource_content.jsp?oid=16777381&queryType=qc HTTP/1.1" 200 37136
68.180.228.24 - - [31/Aug/2015:10:01:01 +0800] "GET /content/subject/resource_content.jsp?oid=16777544&queryType=qc HTTP/1.1" 200 35821
157.55.39.198 - - [31/Aug/2015:10:01:22 +0800] "GET /content/repository/resource_content.jsp?oid=4364366&queryType=qs&queryString=%E4%B8%83%E7%88%BA HTTP/1.1" 200 28110
66.249.71.249 - - [31/Aug/2015:10:01:33 +0800] "GET /content/repository/resource_content.jsp?oid=2548537 HTTP/1.1" 200 29178
66.249.71.239 - - [31/Aug/2015:10:01:38 +0800] "GET /content/repository/resource_content.jsp?oid=1774703 HTTP/1.1" 200 26812
66.249.71.249 - - [31/Aug/2015:10:01:39 +0800] "GET /content/repository/resource_content.jsp?oid=2635878 HTTP/1.1" 200 30021
66.249.71.239 - - [31/Aug/2015:10:01:47 +0800] "GET /content/repository/resource_content.jsp?oid=1636457 HTTP/1.1" 200 28999
66.249.71.45 - - [31/Aug/2015:10:02:14 +0800] "GET /content/subject/resource_content.jsp?oid=16777753&queryString=GIS%20GPS HTTP/1.1" 200 37017
66.249.71.249 - - [31/Aug/2015:10:02:27 +0800] "GET /content/repository/resource_content.jsp?oid=1527732 HTTP/1.1" 200 29828
66.249.79.200 - - [31/Aug/2015:10:02:43 +0800] "GET /content/repository/resource_content.jsp?oid=1626368 HTTP/1.1" 200 29600
114.36.237.109 - - [31/Aug/2015:10:03:57 +0800] "GET /content/subject/resource_content.jsp?oid=16777351&queryString= HTTP/1.1" 200 34074
114.36.237.109 - - [31/Aug/2015:10:03:57 +0800] "GET /content/nav/relationSubject.jsp?relationWords=%E6%B4%8B%E7%8E%89%E8%98%AD+&oid=16777351 HTTP/1.1" 200 3545
66.249.71.239 - - [31/Aug/2015:10:04:46 +0800] "GET /content/repository/resource_content.jsp?oid=1631669 HTTP/1.1" 200 29535
66.249.71.239 - - [31/Aug/2015:10:04:47 +0800] "GET /content/repository/resource_content.jsp?oid=1548814 HTTP/1.1" 200 29089
66.249.79.193 - - [31/Aug/2015:10:05:11 +0800] "GET /content/repository/resource_content.jsp?oid=1462799 HTTP/1.1" 200 31341
182.118.22.250 - - [31/Aug/2015:10:05:50 +0800] "GET /digiarch3/content/subject/resource_content.jsp?oid=16777471&queryType=qc HTTP/1.1" 200 30229
66.249.71.207 - - [31/Aug/2015:10:06:04 +0800] "GET /digiarch3/content/repository/resource_content.jsp?oid=4457206&queryString=%E7%99%BD%E9%AC%9A%E5%85%AC HTTP/1.1" 200 28242
66.249.71.239 - - [31/Aug/2015:10:06:05 +0800] "GET /content/repository/resource_content.jsp?oid=1606527 HTTP/1.1" 200 28398
66.249.79.181 - - [31/Aug/2015:10:06:05 +0800] "GET /content/nav/relationSubject.jsp?relationWords=%E5%B9%95%E5%8F%8B+&oid=2682916 HTTP/1.1" 200 3090
66.249.71.216 - - [31/Aug/2015:10:06:09 +0800] "GET /content/nav/relationSubject.jsp?relationWords=%E5%B9%95%E5%8F%8B%20&oid=2682916 HTTP/1.1" 200 3090
66.249.79.127 - - [31/Aug/2015:10:06:11 +0800] "GET /content/repository/resource_content.jsp?oid=203908&queryType=qs&queryString=%E5%90%88%E7%9B%9B HTTP/1.1" 200 30542
182.118.20.174 - - [31/Aug/2015:10:06:23 +0800] "GET /digiarch3/content/subject/resource_content.jsp?oid=16777292&queryType=qc HTTP/1.1" 200 28022
66.249.71.239 - - [31/Aug/2015:10:06:37 +0800] "GET /content/subject/resource_content.jsp?oid=16777485&queryType=qs&queryString=%E5%A4%A7%E8%A7%80%E5%9C%92 HTTP/1.1" 200 39367
66.249.71.207 - - [31/Aug/2015:10:07:30 +0800] "GET /content/nav/relationSubject.jsp?relationWords=%E7%9F%AE%E9%9D%88%E7%A5%AD+%E7%A5%AD%E5%84%80+%E8%B3%BD%E5%A4%8F+%E8%B3%BD%E5%A4%8F%E6%97%8F+%E8%B3%BD%E5%A4%8F%E7%9F%AE%E9%9D%88%E7%A5%AD+&oid=4387851 HTTP/1.1" 200 4149
66.249.71.207 - - [31/Aug/2015:10:07:31 +0800] "GET /content/nav/relationSubject.jsp?relationWords=%E7%9F%AE%E9%9D%88%E7%A5%AD%20%E7%A5%AD%E5%84%80%20%E8%B3%BD%E5%A4%8F%20%E8%B3%BD%E5%A4%8F%E6%97%8F%20%E8%B3%BD%E5%A4%8F%E7%9F%AE%E9%9D%88%E7%A5%AD%20&oid=4387851 HTTP/1.1" 200 4149
66.249.79.207 - - [31/Aug/2015:10:07:45 +0800] "GET /content/repository/resource_content.jsp?oid=2530192 HTTP/1.1" 200 28720
66.249.71.105 - - [31/Aug/2015:10:07:45 +0800] "GET /content/nav/relationSubject.jsp?relationWords=%E7%8B%97%E9%B0%B7+%E7%B4%85%E5%B0%BE+&oid=15918 HTTP/1.1" 200 3472
66.249.71.113 - - [31/Aug/2015:10:07:47 +0800] "GET /content/nav/relationSubject.jsp?relationWords=%E7%8B%97%E9%B0%B7%20%E7%B4%85%E5%B0%BE%20&oid=15918 HTTP/1.1" 200 3472
220.136.40.120 - - [31/Aug/2015:10:07:59 +0800] "GET /content/nav/relationSubject.jsp?relationWords=%E8%96%9C%E8%8D%94+&oid=16777485 HTTP/1.1" 200 3561
66.249.71.249 - - [31/Aug/2015:10:08:14 +0800] "GET /digiarch_en/content/subject/resource_content.jsp?oid=16777601&queryType=qc HTTP/1.1" 200 46084
66.249.79.193 - - [31/Aug/2015:10:08:15 +0800] "GET /content/repository/resource_content.jsp?oid=1895876 HTTP/1.1" 200 28391
66.249.71.217 - - [31/Aug/2015:10:08:54 +0800] "GET /digiarch3/content/repository/resource_content.jsp?oid=1081599&queryString=%E5%A8%98%E4%BB%94%E9%AD%9A%20%E5%B8%B6%E5%B0%BE%E6%96%B0%E9%9A%86%E9%AD%9A%20%E6%96%B0%E9%9A%86%20%E8%8A%B1%E5%B0%BE%20%E8%A7%92%E9%BE%8D%20%E9%9A%86%E9%A0%AD%E9%AD%9A%20%E9%9A%86%E9%A0%AD%E9%AD%9A%E7%A7%91%20%E9%B0%AD%E9%AD%9A%20%E9%B8%9A%E9%AF%9B HTTP/1.1" 200 35073
66.249.71.216 - - [31/Aug/2015:10:09:40 +0800] "GET /content/nav/relationSubject.jsp?relationWords=%E7%AF%86%E5%8B%99+%E7%BD%B2%E7%AF%86+%E8%AC%9D%E5%BE%B7+&oid=2671023 HTTP/1.1" 200 3154
66.249.71.206 - - [31/Aug/2015:10:09:42 +0800] "GET /content/nav/relationSubject.jsp?relationWords=%E7%AF%86%E5%8B%99%20%E7%BD%B2%E7%AF%86%20%E8%AC%9D%E5%BE%B7%20&oid=2671023 HTTP/1.1" 200 3154
42.79.124.146 - - [31/Aug/2015:10:10:07 +0800] "GET /content/nav/relationSubject.jsp?relationWords=%E8%8A%B1%E8%94%93+%E8%94%93%E6%BE%A4%E8%98%AD+&oid=16777266 HTTP/1.1" 200 4225
66.249.71.217 - - [31/Aug/2015:10:10:36 +0800] "GET /digiarch3/content/nav/relationSubject.jsp?relationWords=%E7%9F%A5%E8%AD%98%E5%BA%AB+&oid=16777369 HTTP/1.1" 200 1881
66.249.71.217 - - [31/Aug/2015:10:10:37 +0800] "GET /digiarch3/content/nav/relationSubject.jsp?relationWords=%E7%9F%A5%E8%AD%98%E5%BA%AB%20&oid=16777369 HTTP/1.1" 200 1881
163.16.249.231 - - [31/Aug/2015:10:10:41 +0800] "GET /content/subject/resource_content.jsp?oid=16777654&queryString HTTP/1.1" 200 63665
163.16.249.231 - - [31/Aug/2015:10:10:43 +0800] "GET /content/nav/relationSubject.jsp?relationWords=%E6%9E%97%E7%A5%96%E5%A3%BD+&oid=16777654 HTTP/1.1" 200 2333
66.249.79.200 - - [31/Aug/2015:10:10:47 +0800] "GET /content/repository/resource_content.jsp?oid=23751 HTTP/1.1" 200 29681
66.249.71.121 - - [31/Aug/2015:10:10:48 +0800] "GET /content/repository/resource_content.jsp?oid=4363114&queryType=qs&queryString=%E6%8C%87%E5%8D%97%E5%AE%AE HTTP/1.1" 200 28108
66.249.71.121 - - [31/Aug/2015:10:11:13 +0800] "GET /content/nav/relationSubject.jsp?relationWords=&oid=2561126 HTTP/1.1" 200 1405
66.249.71.229 - - [31/Aug/2015:10:11:18 +0800] "GET /digiarch_en/content/nav/relationSubject.jsp?relationWords=%E6%A5%8A%E9%9B%B2%E8%90%8D+%E7%9A%87%E6%B0%91%E5%A5%89%E5%85%AC%E6%9C%83+%E8%87%BA%E7%81%A3%E6%96%87%E5%AD%B8+&oid=2470508 HTTP/1.1" 200 4530
66.249.71.229 - - [31/Aug/2015:10:11:24 +0800] "GET /digiarch_en/content/nav/relationSubject.jsp?relationWords=%E6%A5%8A%E9%9B%B2%E8%90%8D%20%E7%9A%87%E6%B0%91%E5%A5%89%E5%85%AC%E6%9C%83%20%E8%87%BA%E7%81%A3%E6%96%87%E5%AD%B8%20&oid=2470508 HTTP/1.1" 200 4530
66.249.71.105 - - [31/Aug/2015:10:11:39 +0800] "GET /content/repository/resource_content.jsp?oid=4363659&queryType=qs&queryString=%E5%85%AB%E5%AE%B6%E5%B0%87 HTTP/1.1" 200 28085
66.249.79.193 - - [31/Aug/2015:10:12:44 +0800] "GET /content/nav/relationSubject.jsp?relationWords=%E5%81%A5%E5%BA%B7%E6%A1%88+%E5%8D%97%E6%8A%95%E5%B8%82+%E5%8D%97%E6%8A%95%E7%B8%A3%E6%94%BF%E5%BA%9C+%E7%B8%A3%E6%94%BF%E5%BA%9C+%E8%BA%AB%E5%BF%83+&oid=1622186 HTTP/1.1" 200 7272
66.249.71.249 - - [31/Aug/2015:10:12:46 +0800] "GET /content/nav/relationSubject.jsp?relationWords=%E5%81%A5%E5%BA%B7%E6%A1%88%20%E5%8D%97%E6%8A%95%E5%B8%82%20%E5%8D%97%E6%8A%95%E7%B8%A3%E6%94%BF%E5%BA%9C%20%E7%B8%A3%E6%94%BF%E5%BA%9C%20%E8%BA%AB%E5%BF%83%20&oid=1622186 HTTP/1.1" 200 7272
66.249.71.226 - - [31/Aug/2015:10:12:48 +0800] "GET /content/nav/relationSubject.jsp?relationWords=%E4%BD%9C%E5%86%8A%E5%A4%A7%E6%96%B9%E9%BC%8E+%E5%A4%A7%E9%BC%8E+&oid=1813703 HTTP/1.1" 200 3225
66.249.71.206 - - [31/Aug/2015:10:12:49 +0800] "GET /content/nav/relationSubject.jsp?relationWords=%E4%BD%9C%E5%86%8A%E5%A4%A7%E6%96%B9%E9%BC%8E%20%E5%A4%A7%E9%BC%8E%20&oid=1813703 HTTP/1.1" 200 3225
202.128.253.92 - - [31/Aug/2015:10:13:30 +0800] "GET /content/nav/relationSubject.jsp?relationWords=%E6%9C%A8%E7%8A%80+%E6%A1%82%E8%8A%B1+&oid=16777255 HTTP/1.1" 200 4029
66.249.71.226 - - [31/Aug/2015:10:13:53 +0800] "GET /content/repository/resource_content.jsp?oid=4363669&queryType=qs&queryString=%E7%94%A2%E5%A9%A6 HTTP/1.1" 200 29793
66.249.71.206 - - [31/Aug/2015:10:13:54 +0800] "GET /content/repository/resource_content.jsp?oid=2602148&queryType=qs&queryString=%E6%A1%83%E6%A8%B9 HTTP/1.1" 200 29195
1.163.17.189 - - [31/Aug/2015:10:14:24 +0800] "GET /content/repository/resource_content.jsp?oid=1896815 HTTP/1.1" 200 29749
1.163.17.189 - - [31/Aug/2015:10:14:26 +0800] "GET /content/nav/relationSubject.jsp?relationWords=%E6%89%BF%E9%A0%98%E6%AC%8A+%E7%9C%81%E6%94%BF%E5%BA%9C+%E8%87%BA%E5%8D%97%E7%B8%A3+&oid=1896815 HTTP/1.1" 200 4557
66.249.71.239 - - [31/Aug/2015:10:14:38 +0800] "GET /content/repository/resource_content.jsp?oid=1875428&queryString=%E6%96%B9%E5%BD%9D%20%E7%88%B6%E8%BE%9B%20%E7%9B%B8%E4%BD%9C%E7%88%B6%E8%BE%9B%E5%B0%8A HTTP/1.1" 200 29737
123.125.71.31 - - [31/Aug/2015:10:14:43 +0800] "GET /content/subject/resource_content.jsp?oid=16777508&queryType=qc HTTP/1.1" 200 36288
66.249.71.226 - - [31/Aug/2015:10:15:07 +0800] "GET /content/repository/resource_content.jsp?oid=1583211&queryString=%E6%90%B6%E5%8A%AB%E6%A1%88 HTTP/1.1" 200 37109
66.249.71.121 - - [31/Aug/2015:10:15:47 +0800] "GET /content/nav/relationSubject.jsp?relationWords=%E6%A4%8D%E7%89%A9%E7%95%8C+%E7%9B%B8%E6%80%9D%E6%A8%B9+%E7%9B%B8%E6%80%9D%E6%A8%B9%E5%B1%AC+%E8%A0%B6%E8%B1%86+%E9%9B%99%E5%AD%90%E8%91%89+%E9%9B%99%E5%AD%90%E8%91%89%E6%A4%8D%E7%89%A9+&oid=1463148 HTTP/1.1" 200 4275
66.249.71.105 - - [31/Aug/2015:10:15:49 +0800] "GET /content/nav/relationSubject.jsp?relationWords=%E6%A4%8D%E7%89%A9%E7%95%8C%20%E7%9B%B8%E6%80%9D%E6%A8%B9%20%E7%9B%B8%E6%80%9D%E6%A8%B9%E5%B1%AC%20%E8%A0%B6%E8%B1%86%20%E9%9B%99%E5%AD%90%E8%91%89%20%E9%9B%99%E5%AD%90%E8%91%89%E6%A4%8D%E7%89%A9%20&oid=1463148 HTTP/1.1" 200 4275
66.249.71.239 - - [31/Aug/2015:10:16:54 +0800] "GET /content/repository/resource_content.jsp?oid=1892947 HTTP/1.1" 200 28339
66.249.71.239 - - [31/Aug/2015:10:16:54 +0800] "GET /content/nav/relationSubject.jsp?relationWords=%E6%8E%A5%E9%AA%A8%E6%9C%A8%E5%B1%AC+%E8%92%B4%E8%97%8B%E5%B1%AC+&oid=1108002 HTTP/1.1" 200 2197
66.249.79.200 - - [31/Aug/2015:10:16:56 +0800] "GET /content/subject/resource_content.jsp?oid=16777692 HTTP/1.1" 200 36451
66.249.71.229 - - [31/Aug/2015:10:16:57 +0800] "GET /content/nav/relationSubject.jsp?relationWords=%E6%8E%A5%E9%AA%A8%E6%9C%A8%E5%B1%AC%20%E8%92%B4%E8%97%8B%E5%B1%AC%20&oid=1108002 HTTP/1.1" 200 2197
66.249.71.239 - - [31/Aug/2015:10:17:20 +0800] "GET /content/repository/resource_content.jsp?oid=1114931 HTTP/1.1" 200 31028
123.192.40.108 - - [31/Aug/2015:10:18:53 +0800] "GET /content/repository/resource_content.jsp?oid=1531853 HTTP/1.1" 200 29328
123.192.40.108 - - [31/Aug/2015:10:18:57 +0800] "GET /content/nav/relationSubject.jsp?relationWords=%E4%BA%8C%E4%BA%8C%E5%85%AB+%E5%8F%A4%E4%BA%AD+%E5%91%A8%E7%81%B6+%E5%9C%B0%E8%99%9F+%E6%9E%97%E4%BD%9B%E6%A8%B9+%E7%9C%81%E6%94%BF%E5%BA%9C+%E8%87%BA%E5%8C%97%E5%B8%82+%E8%87%BA%E7%81%A3%E7%9C%81+%E9%90%B5%E8%B7%AF%E5%B1%80+&oid=1531853 HTTP/1.1" 200 4812
66.249.71.121 - - [31/Aug/2015:10:19:17 +0800] "GET /content/nav/relationSubject.jsp?relationWords=%E4%B8%AD%E5%9C%8B%E5%A4%A7%E9%99%B8%E5%9C%B0%E5%9C%96%20%E5%90%88%E7%9B%9B%20&oid=203908 HTTP/1.1" 200 3252
66.249.71.249 - - [31/Aug/2015:10:20:17 +0800] "GET /content/repository/resource_content.jsp?oid=1890184 HTTP/1.1" 200 28447
66.249.71.239 - - [31/Aug/2015:10:20:47 +0800] "GET /digiarch_en/content/repository/resource_content.jsp?oid=1807775&queryString=%E6%8B%93%E7%89%87%20%E6%BC%A2%E4%BB%A3 HTTP/1.1" 200 23858
66.249.71.229 - - [31/Aug/2015:10:21:02 +0800] "GET /content/subject/resource_content.jsp?oid=16777443 HTTP/1.1" 200 40047
66.249.79.207 - - [31/Aug/2015:10:22:52 +0800] "GET /digiarch_en/content/nav/relationSubject.jsp?relationWords=%E5%A8%98%E4%BB%94%E9%AD%9A+%E6%9C%B1%E6%96%91%E5%A4%A7%E5%92%BD%E9%B8%9A%E9%AF%9B+%E6%9C%B1%E6%96%91%E5%A4%A7%E5%92%BD%E9%BD%92%E9%AF%9B+%E7%8F%A0%E6%96%91%E5%A4%A7%E5%92%BD%E9%BD%92%E9%AD%9A+%E7%9F%B3%E6%96%91%E9%BE%8D+%E7%B6%B2%E7%B4%8B%E6%9B%B2%E9%BD%92%E9%B8%9A%E9%AF%9B+%E9%9A%86%E9%A0%AD%E9%AD%9A%E7%A7%91+%E9%B8%9A%E9%AF%9B+&oid=15789 HTTP/1.1" 200 3993
66.249.71.239 - - [31/Aug/2015:10:22:53 +0800] "GET /digiarch_en/content/nav/relationSubject.jsp?relationWords=%E5%A8%98%E4%BB%94%E9%AD%9A%20%E6%9C%B1%E6%96%91%E5%A4%A7%E5%92%BD%E9%B8%9A%E9%AF%9B%20%E6%9C%B1%E6%96%91%E5%A4%A7%E5%92%BD%E9%BD%92%E9%AF%9B%20%E7%8F%A0%E6%96%91%E5%A4%A7%E5%92%BD%E9%BD%92%E9%AD%9A%20%E7%9F%B3%E6%96%91%E9%BE%8D%20%E7%B6%B2%E7%B4%8B%E6%9B%B2%E9%BD%92%E9%B8%9A%E9%AF%9B%20%E9%9A%86%E9%A0%AD%E9%AD%9A%E7%A7%91%20%E9%B8%9A%E9%AF%9B%20&oid=15789 HTTP/1.1" 200 3993
66.249.71.229 - - [31/Aug/2015:10:23:03 +0800] "GET /content/repository/resource_content.jsp?oid=1894286 HTTP/1.1" 200 28552
66.249.71.113 - - [31/Aug/2015:10:23:06 +0800] "GET /content/repository/resource_content.jsp?oid=1887634&queryType=qs&queryString=%E6%BA%90%E6%B0%8F HTTP/1.1" 200 30274
66.249.71.249 - - [31/Aug/2015:10:23:15 +0800] "GET /content/nav/relationSubject.jsp?relationWords=%E5%85%AB%E8%A7%92%E8%8C%B4%E9%A6%99%E5%B1%AC+%E6%9D%B1%E4%BA%9E%E5%85%AB%E8%A7%92+%E6%A4%8D%E7%89%A9%E7%95%8C+%E8%8C%B4%E9%A6%99+&oid=1112810 HTTP/1.1" 200 3362
66.249.71.249 - - [31/Aug/2015:10:23:18 +0800] "GET /content/subject/resource_content.jsp?oid=16797282&queryType=qc HTTP/1.1" 200 78894
117.56.215.12 - - [31/Aug/2015:10:23:26 +0800] "GET /content/nav/relationSubject.jsp?relationWords=&oid=16777459 HTTP/1.1" 200 1405
66.249.71.229 - - [31/Aug/2015:10:24:02 +0800] "GET /content/repository/resource_content.jsp?oid=1530004 HTTP/1.1" 200 28451
66.249.71.206 - - [31/Aug/2015:10:24:13 +0800] "GET /content/nav/relationSubject.jsp?relationWords=%E5%8D%91%E5%8D%97%E6%BA%AA+%E5%B8%83%E8%BE%B2+%E5%B8%83%E8%BE%B2%E6%97%8F+%E6%97%A5%E6%B2%BB%E6%99%82%E6%9C%9F+%E9%83%A1%E7%A4%BE%E7%BE%A4+&oid=1778785 HTTP/1.1" 200 3358
66.249.71.206 - - [31/Aug/2015:10:24:16 +0800] "GET /content/nav/relationSubject.jsp?relationWords=%E5%8D%91%E5%8D%97%E6%BA%AA%20%E5%B8%83%E8%BE%B2%20%E5%B8%83%E8%BE%B2%E6%97%8F%20%E6%97%A5%E6%B2%BB%E6%99%82%E6%9C%9F%20%E9%83%A1%E7%A4%BE%E7%BE%A4%20&oid=1778785 HTTP/1.1" 200 3358
66.249.71.216 - - [31/Aug/2015:10:24:17 +0800] "GET /content/tmp_exh/resource_content.jsp?oid=16777844&queryString= HTTP/1.1" 200 37007
66.249.71.121 - - [31/Aug/2015:10:25:50 +0800] "GET /content/nav/relationSubject.jsp?relationWords=%E8%BE%9B%E5%A4%B7+&oid=16777479 HTTP/1.1" 200 1412
66.249.71.121 - - [31/Aug/2015:10:25:52 +0800] "GET /content/nav/relationSubject.jsp?relationWords=%E8%BE%9B%E5%A4%B7%20&oid=16777479 HTTP/1.1" 200 1412
66.249.71.229 - - [31/Aug/2015:10:26:04 +0800] "GET /content/repository/resource_content.jsp?oid=1896942 HTTP/1.1" 200 28848
66.249.71.229 - - [31/Aug/2015:10:26:16 +0800] "GET /content/nav/relationSubject.jsp?relationWords=%E6%A4%8D%E7%89%A9%E7%95%8C+%E8%8B%A6%E6%BB%87%E8%8F%9C+%E8%8B%A6%E8%8B%A3%E8%8F%9C%E5%B1%AC+%E8%8B%A6%E8%8F%9C+%E8%8F%8A%E7%A7%91+%E9%9B%99%E5%AD%90%E8%91%89%E6%A4%8D%E7%89%A9+&oid=1096634 HTTP/1.1" 200 3441
66.249.71.249 - - [31/Aug/2015:10:26:17 +0800] "GET /content/repository/resource_content.jsp?oid=3339009 HTTP/1.1" 200 29915
66.249.71.229 - - [31/Aug/2015:10:26:18 +0800] "GET /content/repository/resource_content.jsp?oid=1891336 HTTP/1.1" 200 28382
66.249.71.229 - - [31/Aug/2015:10:26:19 +0800] "GET /content/nav/relationSubject.jsp?relationWords=%E6%A4%8D%E7%89%A9%E7%95%8C%20%E8%8B%A6%E6%BB%87%E8%8F%9C%20%E8%8B%A6%E8%8B%A3%E8%8F%9C%E5%B1%AC%20%E8%8B%A6%E8%8F%9C%20%E8%8F%8A%E7%A7%91%20%E9%9B%99%E5%AD%90%E8%91%89%E6%A4%8D%E7%89%A9%20&oid=1096634 HTTP/1.1" 200 3441
66.249.71.249 - - [31/Aug/2015:10:26:33 +0800] "GET /content/repository/resource_content.jsp?oid=1081406&queryString=%E6%96%A7%E9%AD%9A%20%E6%B5%B7%E6%B4%8B%E6%96%A7%E9%AD%9A%20%E8%A4%B6%E8%83%B8%E9%AD%9A%20%E9%8A%80%E6%96%A7%20%E9%A0%AD%E6%A3%98%E7%87%AD%E5%85%89%E9%AD%9A HTTP/1.1" 200 34469
66.249.71.239 - - [31/Aug/2015:10:26:48 +0800] "GET /content/repository/resource_content.jsp?oid=1890724 HTTP/1.1" 200 28396
66.249.71.239 - - [31/Aug/2015:10:27:02 +0800] "GET /content/repository/resource_content.jsp?oid=1849974&queryString=%E5%9C%88%E8%B6%B3%E6%AE%98%E4%BB%B6 HTTP/1.1" 200 29263
66.249.71.229 - - [31/Aug/2015:10:27:11 +0800] "GET /content/nav/relationSubject.jsp?relationWords=%E5%88%91%E9%83%A8+&oid=2674276 HTTP/1.1" 200 3095
66.249.71.249 - - [31/Aug/2015:10:27:17 +0800] "GET /content/nav/relationSubject.jsp?relationWords=%E5%88%91%E9%83%A8%20&oid=2674276 HTTP/1.1" 200 3095
66.249.71.229 - - [31/Aug/2015:10:28:56 +0800] "GET /digiarch_en/content/nav/relationSubject.jsp?relationWords=%E6%96%B9%E8%B2%9D%E5%A1%8A%E9%A0%85%E9%A3%BE+%E8%B2%9D%E5%A1%8A%E9%A0%85%E9%A3%BE+%E9%A0%85%E9%A3%BE+&oid=1780336 HTTP/1.1" 200 3077
66.249.79.200 - - [31/Aug/2015:10:28:58 +0800] "GET /digiarch_en/content/nav/relationSubject.jsp?relationWords=%E6%96%B9%E8%B2%9D%E5%A1%8A%E9%A0%85%E9%A3%BE%20%E8%B2%9D%E5%A1%8A%E9%A0%85%E9%A3%BE%20%E9%A0%85%E9%A3%BE%20&oid=1780336 HTTP/1.1" 200 3077
66.249.71.229 - - [31/Aug/2015:10:29:03 +0800] "GET /content/repository/resource_content.jsp?oid=1457775 HTTP/1.1" 200 30818
66.249.71.239 - - [31/Aug/2015:10:29:04 +0800] "GET /content/repository/resource_content.jsp?oid=1589151 HTTP/1.1" 200 28487
66.249.71.239 - - [31/Aug/2015:10:29:18 +0800] "GET /content/repository/resource_content.jsp?oid=1518682 HTTP/1.1" 200 28704
66.249.71.229 - - [31/Aug/2015:10:29:32 +0800] "GET /content/repository/resource_content.jsp?oid=1522602 HTTP/1.1" 200 28867
66.249.71.239 - - [31/Aug/2015:10:31:34 +0800] "GET /digiarch_en/content/repository/resource_content.jsp?oid=4739281&queryString=%E7%9F%AE%E9%9D%88%E7%A5%AD%20%E7%A5%AD%E5%84%80%20%E8%B3%BD%E5%A4%8F%20%E8%B3%BD%E5%A4%8F%E6%97%8F HTTP/1.1" 200 24865
66.249.71.249 - - [31/Aug/2015:10:32:33 +0800] "GET /content/repository/resource_content.jsp?oid=1104302 HTTP/1.1" 200 30919
66.249.71.249 - - [31/Aug/2015:10:32:47 +0800] "GET /content/pictures/picture_content.jsp?oid=33554816 HTTP/1.1" 200 27829
66.249.71.249 - - [31/Aug/2015:10:33:02 +0800] "GET /content/repository/resource_content.jsp?oid=1102606 HTTP/1.1" 200 30977
66.249.71.249 - - [31/Aug/2015:10:33:19 +0800] "GET /content/repository/resource_content.jsp?oid=1596647 HTTP/1.1" 200 28428
66.249.71.36 - - [31/Aug/2015:10:33:20 +0800] "GET /content/nav/relationSubject.jsp?relationWords=%E9%98%BF%E5%8B%83%E5%8B%92+&oid=16777407 HTTP/1.1" 200 2911
66.249.71.54 - - [31/Aug/2015:10:33:23 +0800] "GET /content/nav/relationSubject.jsp?relationWords=%E9%98%BF%E5%8B%83%E5%8B%92%20&oid=16777407 HTTP/1.1" 200 2911
66.249.71.196 - - [31/Aug/2015:10:35:02 +0800] "GET /digiarch3/content/subject/resource_content.jsp?oid=16777348&queryType=qs&queryString=%E9%9D%92%E9%8A%85%E5%88%80 HTTP/1.1" 200 47790
66.249.71.217 - - [31/Aug/2015:10:35:03 +0800] "GET /digiarch3/content/repository/resource_content.jsp?oid=1847893&queryType=qs&queryString=%E5%B0%96%E5%BA%95 HTTP/1.1" 200 30009
66.249.71.206 - - [31/Aug/2015:10:35:05 +0800] "GET /content/subject/resource_content.jsp?oid=16777488&queryType=qc HTTP/1.1" 200 60895
66.249.71.113 - - [31/Aug/2015:10:36:22 +0800] "GET /content/nav/relationSubject.jsp?relationWords=%E5%8A%83%E6%92%A5%20%E5%9C%8B%E6%BA%90%20%E6%9D%9C%E7%A5%96%E5%9F%B9%20%E6%9D%9C%E9%A6%99%E5%9C%8B%20%E6%BA%90%E6%B0%8F%E7%89%A9%E8%AA%9E%20&oid=1887634 HTTP/1.1" 200 3292
66.249.71.217 - - [31/Aug/2015:10:36:25 +0800] "GET /digiarch3/content/pictures/picture_content.jsp?oid=33554728&classify=2259 HTTP/1.1" 200 27801
66.249.71.229 - - [31/Aug/2015:10:37:10 +0800] "GET /content/nav/relationSubject.jsp?relationWords=%E4%BD%9B%E7%94%B2+%E4%BD%9B%E7%94%B2%E8%8D%89+%E4%BD%9B%E7%94%B2%E8%8D%89%E5%B1%AC+%E6%A4%8D%E7%89%A9%E7%95%8C+%E7%A9%97%E8%8A%B1%E5%85%AB%E5%AF%B6+%E8%96%94%E8%96%87%E7%9B%AE+&oid=1102456 HTTP/1.1" 200 3429
66.249.71.239 - - [31/Aug/2015:10:37:12 +0800] "GET /content/nav/relationSubject.jsp?relationWords=%E4%BD%9B%E7%94%B2%20%E4%BD%9B%E7%94%B2%E8%8D%89%20%E4%BD%9B%E7%94%B2%E8%8D%89%E5%B1%AC%20%E6%A4%8D%E7%89%A9%E7%95%8C%20%E7%A9%97%E8%8A%B1%E5%85%AB%E5%AF%B6%20%E8%96%94%E8%96%87%E7%9B%AE%20&oid=1102456 HTTP/1.1" 200 3429
36.236.17.34 - - [31/Aug/2015:10:37:44 +0800] "GET /content/nav/relationSubject.jsp?relationWords=%E9%BB%91%E6%9D%BF%E6%A8%B9+&oid=16777262 HTTP/1.1" 200 3253
223.136.39.184 - - [31/Aug/2015:10:38:07 +0800] "GET /content/subject/resource_content.jsp?oid=16797240&queryType=qc HTTP/1.1" 200 42460
223.136.39.184 - - [31/Aug/2015:10:38:10 +0800] "GET /content/nav/relationSubject.jsp?relationWords=&oid=16797240 HTTP/1.1" 200 1405
66.249.71.207 - - [31/Aug/2015:10:38:13 +0800] "GET /digiarch3/content/repository/resource_content.jsp?oid=2689557&queryString=%E5%A0%82%E9%8A%9C%20%E5%BB%82%E7%B4%85%E6%97%97%20%E6%97%97%E6%BC%A2%E8%BB%8D%20%E9%8A%9C%E4%BA%8B HTTP/1.1" 200 30764
66.249.71.206 - - [31/Aug/2015:10:38:17 +0800] "GET /content/subject/resource_content.jsp?oid=16797282&queryType=qc HTTP/1.1" 200 78894
66.249.71.239 - - [31/Aug/2015:10:38:18 +0800] "GET /content/subject/resource_content.jsp?oid=16777820&queryString= HTTP/1.1" 200 36941
125.231.51.80 - - [31/Aug/2015:10:38:55 +0800] "GET /content/nav/relationSubject.jsp?relationWords=%E6%9C%A8%E7%8A%80+%E6%A1%82%E8%8A%B1+&oid=16777255 HTTP/1.1" 200 4029
66.249.71.249 - - [31/Aug/2015:10:39:02 +0800] "GET /content/subject/resource_content.jsp?oid=16777732 HTTP/1.1" 200 31189
66.249.71.206 - - [31/Aug/2015:10:39:18 +0800] "GET /content/repository/resource_content.jsp?oid=4362814&queryString=%E9%9F%8B%E9%A6%B1 HTTP/1.1" 200 27736
66.249.71.229 - - [31/Aug/2015:10:39:35 +0800] "GET /content/repository/resource_content.jsp?oid=2557638 HTTP/1.1" 200 28832
66.249.71.229 - - [31/Aug/2015:10:39:50 +0800] "GET /content/repository/resource_content.jsp?oid=1461829 HTTP/1.1" 200 31128
66.249.71.216 - - [31/Aug/2015:10:39:54 +0800] "GET /content/repository/resource_content.jsp?oid=3814046&queryString=%E5%A4%A7%E6%88%9F%20%E5%A4%A7%E6%88%9F%E5%B1%AC%20%E5%A4%A7%E6%88%9F%E7%A7%91%20%E5%A4%AA%E9%AD%AF%E9%96%A3%E5%A4%A7%E6%88%9F%20%E6%A4%8D%E7%89%A9%E7%95%8C HTTP/1.1" 200 31274
123.125.67.145 - - [31/Aug/2015:10:39:58 +0800] "GET /content/repository/resource_content.jsp?oid=16332 HTTP/1.1" 200 34248
66.249.71.226 - - [31/Aug/2015:10:40:02 +0800] "GET /content/subject/resource_content.jsp?oid=16777811&queryString=%E6%80%9D%E6%83%B3%20%E7%A4%BE%E6%9C%83%E5%AD%B8 HTTP/1.1" 200 30799
66.249.71.229 - - [31/Aug/2015:10:40:10 +0800] "GET /content/nav/relationSubject.jsp?relationWords=%E8%B3%AA%E8%A9%A2+&oid=1596647 HTTP/1.1" 200 3912
66.249.71.196 - - [31/Aug/2015:10:40:15 +0800] "GET /digiarch3/content/nav/relationSubject.jsp?relationWords=%E6%89%8B%E9%90%B2+%E9%8A%85%E6%89%8B%E9%90%B2+&oid=1780377 HTTP/1.1" 200 2983
66.249.71.229 - - [31/Aug/2015:10:40:16 +0800] "GET /content/nav/relationSubject.jsp?relationWords=%E8%B3%AA%E8%A9%A2%20&oid=1596647 HTTP/1.1" 200 3912
66.249.71.207 - - [31/Aug/2015:10:40:18 +0800] "GET /digiarch3/content/nav/relationSubject.jsp?relationWords=%E6%89%8B%E9%90%B2%20%E9%8A%85%E6%89%8B%E9%90%B2%20&oid=1780377 HTTP/1.1" 200 2983
163.16.95.183 - - [31/Aug/2015:10:41:05 +0800] "GET /content/nav/relationSubject.jsp?relationWords=%E9%BE%8D%E5%B1%B1%E6%96%87%E5%8C%96+&oid=16777626 HTTP/1.1" 200 1884
123.125.68.165 - - [31/Aug/2015:10:41:09 +0800] "GET /content/repository/resource_content.jsp?oid=4364245 HTTP/1.1" 200 28415
66.249.71.229 - - [31/Aug/2015:10:41:23 +0800] "GET /content/subject/resource_content.jsp?oid=16777312&queryType=qs&queryString=%E5%90%88%E6%8E%8C HTTP/1.1" 200 28194
66.249.71.226 - - [31/Aug/2015:10:41:25 +0800] "GET /content/subject/resource_content.jsp?oid=16797281&queryType=qc HTTP/1.1" 200 52952
66.249.71.239 - - [31/Aug/2015:10:41:34 +0800] "GET /content/nav/relationSubject.jsp?relationWords=%E6%B0%B4%E7%AB%B9%E8%91%89%E5%B1%AC+%E7%B4%B0%E7%AB%B9%E7%AF%99%E8%8D%89+&oid=2151151 HTTP/1.1" 200 3063
66.249.71.229 - - [31/Aug/2015:10:41:37 +0800] "GET /content/nav/relationSubject.jsp?relationWords=%E6%B0%B4%E7%AB%B9%E8%91%89%E5%B1%AC%20%E7%B4%B0%E7%AB%B9%E7%AF%99%E8%8D%89%20&oid=2151151 HTTP/1.1" 200 3063
66.249.71.249 - - [31/Aug/2015:10:41:41 +0800] "GET /content/repository/resource_content.jsp?oid=1776536 HTTP/1.1" 200 27515
66.249.71.239 - - [31/Aug/2015:10:42:13 +0800] "GET /content/nav/relationSubject.jsp?relationWords=%E6%A4%8D%E7%89%A9%E7%95%8C+%E7%A0%82%E5%9C%B0%E9%87%8E%E7%99%BE%E5%90%88+%E8%A0%B6%E8%B1%86+%E9%87%8E%E7%99%BE%E5%90%88%E5%B1%AC+%E9%9B%99%E5%AD%90%E8%91%89%E6%A4%8D%E7%89%A9+&oid=1461829 HTTP/1.1" 200 3281
66.249.71.249 - - [31/Aug/2015:10:42:15 +0800] "GET /content/nav/relationSubject.jsp?relationWords=%E6%A4%8D%E7%89%A9%E7%95%8C%20%E7%A0%82%E5%9C%B0%E9%87%8E%E7%99%BE%E5%90%88%20%E8%A0%B6%E8%B1%86%20%E9%87%8E%E7%99%BE%E5%90%88%E5%B1%AC%20%E9%9B%99%E5%AD%90%E8%91%89%E6%A4%8D%E7%89%A9%20&oid=1461829 HTTP/1.1" 200 3281
66.249.71.229 - - [31/Aug/2015:10:42:18 +0800] "GET /content/subject/resource_content.jsp?oid=16797287&queryType=qc HTTP/1.1" 200 88347
66.249.71.239 - - [31/Aug/2015:10:42:36 +0800] "GET /digiarch_en/content/repository/resource_content.jsp?oid=2150316&queryString=%E7%83%8F%E5%BF%83%E7%9F%B3%20%E9%B1%B8%E9%B0%BB HTTP/1.1" 200 23622
66.249.71.229 - - [31/Aug/2015:10:42:53 +0800] "GET /content/repository/resource_content.jsp?oid=1107988 HTTP/1.1" 200 30862
66.249.71.216 - - [31/Aug/2015:10:43:01 +0800] "GET /content/nav/relationSubject.jsp?relationWords=%E5%96%AE%E8%89%B2+%E6%A2%93%E6%BD%BC+&oid=199656 HTTP/1.1" 200 3227
66.249.71.226 - - [31/Aug/2015:10:43:04 +0800] "GET /content/nav/relationSubject.jsp?relationWords=%E5%96%AE%E8%89%B2%20%E6%A2%93%E6%BD%BC%20&oid=199656 HTTP/1.1" 200 3227
66.249.71.196 - - [31/Aug/2015:10:43:13 +0800] "GET /digiarch3/content/nav/relationSubject.jsp?relationWords=%E5%A0%82%E9%8A%9C+%E5%A5%8F%E6%B4%BE+&oid=2689557 HTTP/1.1" 200 3107
66.249.79.193 - - [31/Aug/2015:10:43:15 +0800] "GET /content/subject/resource_content.jsp?oid=16777640&queryString=%E6%9E%97%E7%8D%BB%E5%A0%82%20%E7%81%8C%E5%9C%92%E5%85%88%E7%94%9F%20%E9%9C%A7%E5%B3%B0 HTTP/1.1" 200 61904
66.249.71.196 - - [31/Aug/2015:10:43:16 +0800] "GET /digiarch3/content/nav/relationSubject.jsp?relationWords=%E5%A0%82%E9%8A%9C%20%E5%A5%8F%E6%B4%BE%20&oid=2689557 HTTP/1.1" 200 3107
66.249.71.239 - - [31/Aug/2015:10:44:26 +0800] "GET /content/repository/resource_content.jsp?oid=1563360&queryString=%E9%80%80%E4%BC%91%E5%88%B6%E5%BA%A6 HTTP/1.1" 200 29537
66.249.71.217 - - [31/Aug/2015:10:44:33 +0800] "GET /content/nav/relationSubject.jsp?relationWords=%E7%99%BD%E8%89%B2%E4%BB%A4%E6%97%97+%E7%A5%AD%E5%84%80+%E8%A5%BF%E6%8B%89%E9%9B%85%E6%97%8F+&oid=1782864 HTTP/1.1" 200 4152
66.249.71.207 - - [31/Aug/2015:10:44:35 +0800] "GET /content/nav/relationSubject.jsp?relationWords=%E7%99%BD%E8%89%B2%E4%BB%A4%E6%97%97%20%E7%A5%AD%E5%84%80%20%E8%A5%BF%E6%8B%89%E9%9B%85%E6%97%8F%20&oid=1782864 HTTP/1.1" 200 4152
60.248.237.214 - - [31/Aug/2015:10:44:46 +0800] "GET /content/repository/resource_content.jsp?oid=1565432 HTTP/1.1" 200 31122
60.248.237.214 - - [31/Aug/2015:10:44:51 +0800] "GET /content/nav/relationSubject.jsp?relationWords=%E5%AE%89%E6%B2%99+%E6%A2%93%E5%AE%98%E9%84%89+%E6%B2%99%E9%B9%BF+%E7%9C%81%E6%94%BF%E5%BA%9C+%E7%A7%BB%E9%80%81+%E7%B8%A3%E6%94%BF%E5%BA%9C+%E8%A8%B4%E9%A1%98+%E8%BE%B2%E6%9C%83%E7%90%86%E4%BA%8B+%E9%BB%83%E6%B8%85+&oid=1565432 HTTP/1.1" 200 4479
66.249.71.229 - - [31/Aug/2015:10:45:13 +0800] "GET /content/repository/resource_content.jsp?oid=1890746 HTTP/1.1" 200 28348
163.23.115.47 - - [31/Aug/2015:10:45:20 +0800] "GET /content/nav/relationSubject.jsp?relationWords=%E9%BB%91%E6%9D%BF%E6%A8%B9+&oid=16777262 HTTP/1.1" 200 3253
66.249.71.229 - - [31/Aug/2015:10:45:25 +0800] "GET /content/repository/resource_content.jsp?oid=2146065 HTTP/1.1" 200 31018
66.249.71.229 - - [31/Aug/2015:10:46:06 +0800] "GET /content/repository/resource_content.jsp?oid=1516770 HTTP/1.1" 200 28562
66.249.79.61 - - [31/Aug/2015:10:46:22 +0800] "GET /content/nav/relationSubject.jsp?relationWords=%E6%B0%91%E6%97%8F%E5%AD%B8+%E6%B0%91%E9%96%93%E4%BF%A1%E4%BB%B0+&oid=16777557 HTTP/1.1" 200 5123
66.249.71.54 - - [31/Aug/2015:10:46:25 +0800] "GET /content/nav/relationSubject.jsp?relationWords=%E6%B0%91%E6%97%8F%E5%AD%B8%20%E6%B0%91%E9%96%93%E4%BF%A1%E4%BB%B0%20&oid=16777557 HTTP/1.1" 200 5123
66.249.71.113 - - [31/Aug/2015:10:47:03 +0800] "GET /content/nav/relationSubject.jsp?relationWords=%E7%B8%A3%E6%94%BF%E5%BA%9C+%E8%A5%BF%E8%9E%BA+%E8%A5%BF%E8%9E%BA%E9%8E%AE+%E9%9B%B2%E6%9E%97%E7%B8%A3%E6%94%BF%E5%BA%9C+&oid=1516698 HTTP/1.1" 200 6218
66.249.71.249 - - [31/Aug/2015:10:47:23 +0800] "GET /content/repository/resource_content.jsp?oid=1622091 HTTP/1.1" 200 28813
66.249.71.54 - - [31/Aug/2015:10:47:37 +0800] "GET /content/repository/resource_content.jsp?oid=4363114&queryType=qs&queryString=%E6%8C%87%E5%8D%97%E5%AE%AE HTTP/1.1" 200 28123
66.249.71.249 - - [31/Aug/2015:10:48:31 +0800] "GET /content/repository/resource_content.jsp?oid=2521891&queryString=%E5%AE%98%E7%94%9F HTTP/1.1" 200 30141
66.249.71.249 - - [31/Aug/2015:10:48:31 +0800] "GET /content/nav/relationSubject.jsp?relationWords=&oid=2529803 HTTP/1.1" 200 1405
66.249.79.200 - - [31/Aug/2015:10:48:52 +0800] "GET /content/subject/resource_content.jsp?oid=16777364&queryString=%E9%BB%83%E6%A7%90 HTTP/1.1" 200 35063
66.249.71.216 - - [31/Aug/2015:10:50:23 +0800] "GET /content/subject/resource_content.jsp?oid=16797294&queryType=qc HTTP/1.1" 200 45274
66.249.71.229 - - [31/Aug/2015:10:50:24 +0800] "GET /digiarch_en/content/pictures/picture_content.jsp?oid=33554819&queryType=qc HTTP/1.1" 200 21990
68.180.228.24 - - [31/Aug/2015:10:50:59 +0800] "GET /content/subject/resource_content.jsp?oid=16777344&queryType=qc HTTP/1.1" 200 47662
66.249.71.229 - - [31/Aug/2015:10:51:51 +0800] "GET /content/repository/resource_content.jsp?oid=1564105 HTTP/1.1" 200 29670
66.249.71.229 - - [31/Aug/2015:10:52:01 +0800] "GET /content/nav/relationSubject.jsp?relationWords=%E5%8F%A4%E6%96%87%E6%9B%B8+%E5%A5%91%E7%B4%84%E6%96%87%E6%9B%B8+%E6%96%B0%E6%B8%AF%E6%96%87%E6%9B%B8+%E8%A5%BF%E6%8B%89%E9%9B%85+%E8%A5%BF%E6%8B%89%E9%9B%85%E6%97%8F+&oid=1773399 HTTP/1.1" 200 4589
66.249.71.239 - - [31/Aug/2015:10:52:17 +0800] "GET /content/nav/relationSubject.jsp?relationWords=%E5%96%AE%E8%89%B2+&oid=193065 HTTP/1.1" 200 3192
66.249.79.200 - - [31/Aug/2015:10:52:23 +0800] "GET /content/nav/relationSubject.jsp?relationWords=%E5%8F%A4%E6%96%87%E6%9B%B8%20%E5%A5%91%E7%B4%84%E6%96%87%E6%9B%B8%20%E6%96%B0%E6%B8%AF%E6%96%87%E6%9B%B8%20%E8%A5%BF%E6%8B%89%E9%9B%85%20%E8%A5%BF%E6%8B%89%E9%9B%85%E6%97%8F%20&oid=1773399 HTTP/1.1" 200 4589
66.249.71.239 - - [31/Aug/2015:10:52:28 +0800] "GET /content/nav/relationSubject.jsp?relationWords=%E5%96%AE%E8%89%B2%20&oid=193065 HTTP/1.1" 200 3192
66.249.71.239 - - [31/Aug/2015:10:52:33 +0800] "GET /content/repository/resource_content.jsp?oid=1890498 HTTP/1.1" 200 28407
123.205.75.41 - - [31/Aug/2015:10:52:35 +0800] "GET /content/subject/resource_content.jsp?oid=16797271&queryType=qc HTTP/1.1" 200 55170
66.249.71.239 - - [31/Aug/2015:10:52:37 +0800] "GET /content/tmp_tec/resource_content.jsp?oid=16777736 HTTP/1.1" 200 36881
123.205.75.41 - - [31/Aug/2015:10:52:37 +0800] "GET /content/nav/relationSubject.jsp?relationWords=&oid=16797271 HTTP/1.1" 200 1405
66.249.71.249 - - [31/Aug/2015:10:52:41 +0800] "GET /content/subject/resource_content.jsp?oid=16777773&queryType=qc HTTP/1.1" 200 54825
66.249.71.207 - - [31/Aug/2015:10:53:25 +0800] "GET /digiarch3/content/pictures/picture_content.jsp?oid=33554770&classify=2562 HTTP/1.1" 200 28447
66.249.71.36 - - [31/Aug/2015:10:54:07 +0800] "GET /content/repository/resource_content.jsp?oid=4438074&queryString=%E6%94%BF%E6%B2%BB%E6%99%82%E8%A9%95 HTTP/1.1" 200 28485
66.249.71.249 - - [31/Aug/2015:10:54:22 +0800] "GET /digiarch_en/content/repository/resource_content.jsp?oid=3205037&queryString=%E4%B8%AD%E5%BA%B8%20%E5%82%85%E6%96%AF%E5%B9%B4%E5%9C%96%E6%9B%B8%E9%A4%A8%20%E6%9B%B2%E8%AD%9C%20%E9%BB%83%E5%B8%9D%E5%85%A7%E7%B6%93%E7%B4%A0%E5%95%8F HTTP/1.1" 200 24029
66.249.79.73 - - [31/Aug/2015:10:54:47 +0800] "GET /content/nav/relationSubject.jsp?relationWords=%E4%BD%8F%E9%83%BD%E5%B1%80+%E5%81%8F%E9%81%A0%E5%9C%B0%E5%8D%80+%E5%85%AC%E5%85%B1%E8%A8%AD%E6%96%BD+%E5%96%84%E5%8C%96%E9%8E%AE+%E5%9C%8B%E5%AE%85+%E5%9C%8D%E6%A8%99+%E5%AE%89%E5%AE%9A%E9%84%89+%E5%B7%A5%E7%A8%8B%E6%8B%9B%E6%A8%99+%E6%8B%9B%E6%A8%99+%E6%B0%B4%E5%9C%B3+%E7%83%8F%E5%B1%B1%E9%A0%AD%E6%B0%B4%E5%BA%AB+%E7%9B%AE%E6%A8%99+%E8%87%AA%E4%BE%86%E6%B0%B4+%E8%87%BA%E5%8D%97%E7%B8%A3+%E9%83%BD%E5%B8%82%E8%A8%88%E7%95%AB+&oid=1613159 HTTP/1.1" 200 7285
66.249.71.54 - - [31/Aug/2015:10:54:49 +0800] "GET /content/nav/relationSubject.jsp?relationWords=%E4%BD%8F%E9%83%BD%E5%B1%80%20%E5%81%8F%E9%81%A0%E5%9C%B0%E5%8D%80%20%E5%85%AC%E5%85%B1%E8%A8%AD%E6%96%BD%20%E5%96%84%E5%8C%96%E9%8E%AE%20%E5%9C%8B%E5%AE%85%20%E5%9C%8D%E6%A8%99%20%E5%AE%89%E5%AE%9A%E9%84%89%20%E5%B7%A5%E7%A8%8B%E6%8B%9B%E6%A8%99%20%E6%8B%9B%E6%A8%99%20%E6%B0%B4%E5%9C%B3%20%E7%83%8F%E5%B1%B1%E9%A0%AD%E6%B0%B4%E5%BA%AB%20%E7%9B%AE%E6%A8%99%20%E8%87%AA%E4%BE%86%E6%B0%B4%20%E8%87%BA%E5%8D%97%E7%B8%A3%20%E9%83%BD%E5%B8%82%E8%A8%88%E7%95%AB%20&oid=1613159 HTTP/1.1" 200 7285
1.174.116.227 - - [31/Aug/2015:10:55:20 +0800] "GET /content/subject/resource_content.jsp?oid=16797290&queryType=qc HTTP/1.1" 200 48346
1.174.116.227 - - [31/Aug/2015:10:55:22 +0800] "GET /content/nav/relationSubject.jsp?relationWords=%E5%8D%97%E5%B3%B6%E6%B0%91%E6%97%8F+&oid=16797290 HTTP/1.1" 200 3008
66.249.71.229 - - [31/Aug/2015:10:56:27 +0800] "GET /content/repository/resource_content.jsp?oid=1892335 HTTP/1.1" 200 28542
66.249.71.239 - - [31/Aug/2015:10:56:39 +0800] "GET /content/subject/resource_content.jsp?oid=16777443&queryString=%E8%98%AD%E5%B6%BC%E7%BE%85%E6%BC%A2%E6%9D%BE HTTP/1.1" 200 41349
66.249.71.113 - - [31/Aug/2015:10:57:00 +0800] "GET /content/repository/resource_content.jsp?oid=591381&queryType=qs&queryString=%E4%BF%9D%E5%88%A9 HTTP/1.1" 200 28536
66.249.71.239 - - [31/Aug/2015:10:57:01 +0800] "GET /content/nav/relationSubject.jsp?relationWords=%E4%B8%89%E9%87%8D%E5%B8%82+%E4%BF%9D%E5%A4%A7+%E5%B8%82%E5%85%AC%E6%89%80+%E7%92%B0%E4%BF%9D+%E7%9C%81%E6%94%BF%E5%BA%9C+&oid=1624247 HTTP/1.1" 200 5396
66.249.71.239 - - [31/Aug/2015:10:57:03 +0800] "GET /content/nav/relationSubject.jsp?relationWords=%E4%B8%89%E9%87%8D%E5%B8%82%20%E4%BF%9D%E5%A4%A7%20%E5%B8%82%E5%85%AC%E6%89%80%20%E7%92%B0%E4%BF%9D%20%E7%9C%81%E6%94%BF%E5%BA%9C%20&oid=1624247 HTTP/1.1" 200 5396
66.249.71.249 - - [31/Aug/2015:10:57:39 +0800] "GET /content/subject/resource_content.jsp?oid=16777728 HTTP/1.1" 200 65177
66.249.71.239 - - [31/Aug/2015:10:57:48 +0800] "GET /content/nav/relationSubject.jsp?relationWords=%E5%A4%A7%E5%AD%B8%E5%A3%AB%20%E5%AE%98%E7%94%9F%20&oid=2521891 HTTP/1.1" 200 3149
36.235.96.41 - - [31/Aug/2015:10:57:51 +0800] "GET /content/nav/relationSubject.jsp?relationWords=%E5%BF%97%E4%BD%B3%E9%99%BD%E6%9D%9C%E9%B5%91+%E6%9D%9C%E9%B5%91+%E6%9D%9C%E9%B5%91%E8%8A%B1+%E7%99%BD%E7%90%89%E7%90%83%E6%9D%9C%E9%B5%91+&oid=16777345 HTTP/1.1" 200 5018
66.249.71.229 - - [31/Aug/2015:10:58:03 +0800] "GET /content/repository/resource_content.jsp?oid=1114611 HTTP/1.1" 200 29459
175.180.94.91 - - [31/Aug/2015:10:58:08 +0800] "GET /content/nav/relationSubject.jsp?relationWords=&oid=16777459 HTTP/1.1" 200 1405
66.249.71.229 - - [31/Aug/2015:10:58:19 +0800] "GET /content/repository/resource_content.jsp?oid=1451375 HTTP/1.1" 200 29889
175.180.94.91 - - [31/Aug/2015:10:58:47 +0800] "GET /content/subject/resource_content.jsp?oid=16777753 HTTP/1.1" 200 36817
175.180.94.91 - - [31/Aug/2015:10:58:48 +0800] "GET /content/nav/relationSubject.jsp?relationWords=GIS+%E6%95%B8%E4%BD%8D%E5%85%B8%E8%97%8F+%E9%81%99%E6%B8%AC%E5%BD%B1%E5%83%8F+&oid=16777753 HTTP/1.1" 200 5952
175.180.94.91 - - [31/Aug/2015:10:59:14 +0800] "GET /content/nav/relationSubject.jsp?relationWords=&oid=16777459 HTTP/1.1" 200 1405
66.249.71.249 - - [31/Aug/2015:10:59:24 +0800] "GET /content/repository/resource_content.jsp?oid=1813935 HTTP/1.1" 200 28539
66.249.79.193 - - [31/Aug/2015:10:59:51 +0800] "GET /content/repository/resource_content.jsp?oid=1108818 HTTP/1.1" 200 30583
66.249.71.239 - - [31/Aug/2015:11:00:25 +0800] "GET /content/subject/resource_content.jsp?oid=16777698 HTTP/1.1" 200 29897
111.80.121.104 - - [31/Aug/2015:11:00:33 +0800] "GET /digiarch_en/content/subject/resource_content.jsp?oid=16777268&queryString HTTP/1.1" 200 38299
111.80.121.104 - - [31/Aug/2015:11:00:35 +0800] "GET /digiarch_en/content/nav/relationSubject.jsp?relationWords=%E6%9B%B2%E5%86%B0+&oid=16777268 HTTP/1.1" 200 3450
66.249.71.229 - - [31/Aug/2015:11:02:25 +0800] "GET /content/repository/resource_content.jsp?oid=1114674 HTTP/1.1" 200 29506
66.249.71.229 - - [31/Aug/2015:11:02:26 +0800] "GET /content/repository/resource_content.jsp?oid=1105285 HTTP/1.1" 200 30654
66.249.71.249 - - [31/Aug/2015:11:02:38 +0800] "GET /content/subject/resource_content.jsp?oid=16777641 HTTP/1.1" 200 49686
175.180.94.91 - - [31/Aug/2015:11:02:39 +0800] "GET /content/nav/relationSubject.jsp?relationWords=&oid=16777459 HTTP/1.1" 200 1405
175.180.94.91 - - [31/Aug/2015:11:02:43 +0800] "GET /content/subject/resource_content.jsp?oid=16777706 HTTP/1.1" 200 53849
175.180.94.91 - - [31/Aug/2015:11:02:43 +0800] "GET /content/nav/relationSubject.jsp?relationWords=%E5%A0%A1%E5%9C%96+&oid=16777706 HTTP/1.1" 200 2864
66.249.71.249 - - [31/Aug/2015:11:02:43 +0800] "GET /content/nav/relationSubject.jsp?relationWords=%E7%94%B7%E7%94%A8%E5%90%8A%E8%A4%B2+&oid=1780179 HTTP/1.1" 200 2981
66.249.71.239 - - [31/Aug/2015:11:02:45 +0800] "GET /content/nav/relationSubject.jsp?relationWords=%E7%94%B7%E7%94%A8%E5%90%8A%E8%A4%B2%20&oid=1780179 HTTP/1.1" 200 2981
66.249.71.196 - - [31/Aug/2015:11:03:07 +0800] "GET /content/repository/resource_content.jsp?oid=4439801&queryString=%E5%B1%B1%E6%9C%AC%E5%85%83%E5%B8%A5 HTTP/1.1" 200 28483
66.249.71.206 - - [31/Aug/2015:11:03:11 +0800] "GET /content/nav/relationSubject.jsp?relationWords=%E8%88%B9%E5%BD%A2%E8%96%84%E6%AE%BC%E8%9B%A4+%E8%96%84%E6%AE%BC+%E8%96%84%E6%AE%BC%E8%9B%A4+%E8%96%84%E6%AE%BC%E8%9B%A4%E5%B1%AC+%E8%96%84%E6%AE%BC%E8%9B%A4%E7%A7%91+%E8%9B%A4%E7%A7%91+%E8%BB%9F%E9%AB%94%E5%8B%95%E7%89%A9%E9%96%80+%E9%9B%99%E6%AE%BC%E7%B6%B1+&oid=4551587 HTTP/1.1" 200 3732
66.249.71.206 - - [31/Aug/2015:11:03:14 +0800] "GET /content/nav/relationSubject.jsp?relationWords=%E8%88%B9%E5%BD%A2%E8%96%84%E6%AE%BC%E8%9B%A4%20%E8%96%84%E6%AE%BC%20%E8%96%84%E6%AE%BC%E8%9B%A4%20%E8%96%84%E6%AE%BC%E8%9B%A4%E5%B1%AC%20%E8%96%84%E6%AE%BC%E8%9B%A4%E7%A7%91%20%E8%9B%A4%E7%A7%91%20%E8%BB%9F%E9%AB%94%E5%8B%95%E7%89%A9%E9%96%80%20%E9%9B%99%E6%AE%BC%E7%B6%B1%20&oid=4551587 HTTP/1.1" 200 3732
66.249.71.229 - - [31/Aug/2015:11:04:15 +0800] "GET /content/repository/resource_content.jsp?oid=1774348 HTTP/1.1" 200 26808
66.249.71.113 - - [31/Aug/2015:11:05:05 +0800] "GET /content/nav/relationSubject.jsp?relationWords=%E8%94%A1%E4%BB%8B%E9%9B%84+%E9%87%91%E5%BE%B7+%E9%99%B3%E9%87%91+&oid=1889604 HTTP/1.1" 200 3220
66.249.71.113 - - [31/Aug/2015:11:05:07 +0800] "GET /content/nav/relationSubject.jsp?relationWords=%E8%94%A1%E4%BB%8B%E9%9B%84%20%E9%87%91%E5%BE%B7%20%E9%99%B3%E9%87%91%20&oid=1889604 HTTP/1.1" 200 3220
66.249.79.200 - - [31/Aug/2015:11:05:30 +0800] "GET /content/repository/resource_content.jsp?oid=2560057 HTTP/1.1" 200 28901
66.249.71.249 - - [31/Aug/2015:11:05:32 +0800] "GET /content/nav/relationSubject.jsp?relationWords=%E4%BA%94%E5%8A%A0%E7%A7%91+%E5%85%AB%E8%A7%92%E9%87%91%E7%9B%A4+%E6%A4%8D%E7%89%A9%E7%95%8C+&oid=1095577 HTTP/1.1" 200 3281
66.249.71.239 - - [31/Aug/2015:11:05:35 +0800] "GET /content/nav/relationSubject.jsp?relationWords=%E4%BA%94%E5%8A%A0%E7%A7%91%20%E5%85%AB%E8%A7%92%E9%87%91%E7%9B%A4%20%E6%A4%8D%E7%89%A9%E7%95%8C%20&oid=1095577 HTTP/1.1" 200 3281
66.249.71.239 - - [31/Aug/2015:11:06:00 +0800] "GET /content/repository/resource_content.jsp?oid=1893683 HTTP/1.1" 200 28387
66.249.71.229 - - [31/Aug/2015:11:06:13 +0800] "GET /content/repository/resource_content.jsp?oid=15730&queryString=%E8%93%8B%E9%A6%AC%E6%B0%8F%E7%9B%94%E9%AD%9A HTTP/1.1" 200 36033
66.249.71.121 - - [31/Aug/2015:11:06:36 +0800] "GET /content/repository/resource_content.jsp?oid=4362901&queryType=qs&queryString=%E5%85%AB%E5%AE%B6%E5%B0%87 HTTP/1.1" 200 28225
66.249.71.105 - - [31/Aug/2015:11:06:37 +0800] "GET /content/repository/resource_content.jsp?oid=15216&queryString=%E6%B5%B7%E8%98%AD%20%E7%94%98%E4%BB%94%E9%AD%9A%20%E8%98%AD%E5%BE%B7 HTTP/1.1" 200 34054
101.226.168.208 - - [31/Aug/2015:11:07:58 +0800] "GET /digiarch_en/content/subject/resource_content.jsp?oid=16777764&queryType=qc HTTP/1.1" 200 36856
66.249.71.249 - - [31/Aug/2015:11:08:58 +0800] "GET /digiarch_en/content/repository/resource_content.jsp?oid=1126280&queryString=%E5%B0%96%E8%A7%92%E6%B1%9F%E7%8F%A7%E8%9B%A4%20%E6%B1%9F%E7%8F%A7%E8%9B%A4%20%E8%9B%A4%E7%A7%91%20%E8%B2%BD%E8%B2%9D%20%E9%9B%99%E6%AE%BC%E7%B6%B1 HTTP/1.1" 200 24242
66.249.71.249 - - [31/Aug/2015:11:09:52 +0800] "GET /content/repository/resource_content.jsp?oid=1109867 HTTP/1.1" 200 31184
129.82.195.26 - - [31/Aug/2015:11:10:34 +0800] "GET /content/subject/resource_content.jsp?oid=16777706 HTTP/1.1" 200 53849
66.249.71.229 - - [31/Aug/2015:11:10:40 +0800] "GET /digiarch_en/content/nav/relationSubject.jsp?relationWords=%E5%9C%93%E8%91%89%E9%8C%A6%E8%91%B5+%E6%A4%8D%E7%89%A9%E7%95%8C+%E9%8C%A6%E8%91%B5+%E9%8C%A6%E8%91%B5%E5%B1%AC+%E9%8C%A6%E8%91%B5%E7%A7%91+&oid=3813194 HTTP/1.1" 200 3319
66.249.71.249 - - [31/Aug/2015:11:10:42 +0800] "GET /digiarch_en/content/nav/relationSubject.jsp?relationWords=%E5%9C%93%E8%91%89%E9%8C%A6%E8%91%B5%20%E6%A4%8D%E7%89%A9%E7%95%8C%20%E9%8C%A6%E8%91%B5%20%E9%8C%A6%E8%91%B5%E5%B1%AC%20%E9%8C%A6%E8%91%B5%E7%A7%91%20&oid=3813194 HTTP/1.1" 200 3319
129.82.195.26 - - [31/Aug/2015:11:10:43 +0800] "GET /content/nav/relationSubject.jsp?relationWords=%E5%A0%A1%E5%9C%96+&oid=16777706 HTTP/1.1" 200 2864
