66.249.71.105 - - [30/Aug/2015:03:44:30 +0800] "GET /content/nav/relationSubject.jsp?relationWords=%E5%88%80%E9%AD%9A%20%E5%8F%B2%E6%B0%8F%20%E5%8F%B2%E6%B0%8F%E8%B5%A4%E5%88%80%E9%AD%9A%20%E7%B4%85%E7%B0%BE%E9%AD%9A%20%E8%B5%A4%E5%88%80%E9%AD%9A%20&oid=4352541 HTTP/1.1" 200 3634
66.249.71.121 - - [30/Aug/2015:03:44:35 +0800] "GET /content/repository/resource_content.jsp?oid=4362900&queryType=qs&queryString=%E4%BB%A3%E5%A4%A9%E5%BA%9C HTTP/1.1" 200 28170
66.249.71.216 - - [30/Aug/2015:03:44:35 +0800] "GET /content/nav/relationSubject.jsp?relationWords=%E6%A5%9E%E5%9A%B4%E7%B6%93+&oid=3357948 HTTP/1.1" 200 3062
66.249.71.216 - - [30/Aug/2015:03:44:38 +0800] "GET /content/nav/relationSubject.jsp?relationWords=%E6%A5%9E%E5%9A%B4%E7%B6%93%20&oid=3357948 HTTP/1.1" 200 3062
66.249.71.121 - - [30/Aug/2015:03:44:38 +0800] "GET /content/nav/relationSubject.jsp?relationWords=%E4%B8%AD%E5%9C%8B%E5%A4%A7%E9%99%B8%E5%9C%B0%E5%9C%96+%E9%95%B7%E8%B1%90%E9%8E%AE+&oid=206801 HTTP/1.1" 200 3159
66.249.71.105 - - [30/Aug/2015:03:44:41 +0800] "GET /content/nav/relationSubject.jsp?relationWords=%E4%B8%AD%E5%9C%8B%E5%A4%A7%E9%99%B8%E5%9C%B0%E5%9C%96%20%E9%95%B7%E8%B1%90%E9%8E%AE%20&oid=206801 HTTP/1.1" 200 3159
66.249.71.239 - - [30/Aug/2015:03:44:53 +0800] "GET /digiarch_en/content/nav/relationSubject.jsp?relationWords=%E4%B8%AD%E8%85%B9%E8%B6%B3%E7%9B%AE+%E4%B9%9D%E5%B1%A4%E8%9E%BA+%E8%85%B9%E8%B6%B3%E7%B6%B1+%E8%9E%BA%E7%B5%B2+%E8%B1%AC%E5%85%AC%E8%9E%BA+%E9%8C%90%E8%9E%BA+%E9%91%BD%E4%BB%94%E8%9E%BA+&oid=518117 HTTP/1.1" 200 3550
66.249.71.249 - - [30/Aug/2015:03:44:56 +0800] "GET /digiarch_en/content/nav/relationSubject.jsp?relationWords=%E4%B8%AD%E8%85%B9%E8%B6%B3%E7%9B%AE%20%E4%B9%9D%E5%B1%A4%E8%9E%BA%20%E8%85%B9%E8%B6%B3%E7%B6%B1%20%E8%9E%BA%E7%B5%B2%20%E8%B1%AC%E5%85%AC%E8%9E%BA%20%E9%8C%90%E8%9E%BA%20%E9%91%BD%E4%BB%94%E8%9E%BA%20&oid=518117 HTTP/1.1" 200 3550
66.249.71.226 - - [30/Aug/2015:03:45:42 +0800] "GET /content/tmp_exh/resource_content.jsp?oid=16777846&queryType=qc HTTP/1.1" 200 44789
66.249.71.249 - - [30/Aug/2015:03:45:57 +0800] "GET /content/nav/relationSubject.jsp?relationWords=%E6%8B%93%E7%89%87+%E7%94%B2%E9%AA%A8%E6%96%87+&oid=1810198 HTTP/1.1" 200 4578
66.249.71.239 - - [30/Aug/2015:03:46:00 +0800] "GET /content/nav/relationSubject.jsp?relationWords=%E6%8B%93%E7%89%87%20%E7%94%B2%E9%AA%A8%E6%96%87%20&oid=1810198 HTTP/1.1" 200 4578
66.249.71.217 - - [30/Aug/2015:03:47:08 +0800] "GET /digiarch3/content/nav/relationSubject.jsp?relationWords=%E6%9D%BF%E6%A9%9F%E9%AD%A8+%E9%B1%97%E9%AD%A8%E7%A7%91+%E9%BB%91%E5%B8%B6%E9%BB%83%E9%B1%97%E9%AD%A8+&oid=1437538 HTTP/1.1" 200 3525
66.249.71.196 - - [30/Aug/2015:03:47:11 +0800] "GET /digiarch3/content/nav/relationSubject.jsp?relationWords=%E6%9D%BF%E6%A9%9F%E9%AD%A8%20%E9%B1%97%E9%AD%A8%E7%A7%91%20%E9%BB%91%E5%B8%B6%E9%BB%83%E9%B1%97%E9%AD%A8%20&oid=1437538 HTTP/1.1" 200 3525
66.249.71.217 - - [30/Aug/2015:03:47:31 +0800] "GET /digiarch3/content/subject/resource_content.jsp?oid=16777299&queryString=%E5%9C%8B%E9%9A%9B%E6%9B%B8%E5%B1%95%20%E6%95%B8%E4%BD%8D%E5%85%B8%E8%97%8F%20%E6%95%B8%E4%BD%8D%E5%AD%B8%E7%BF%92%20%E7%A7%91%E6%8A%80%20%E8%A6%96%E8%A6%BA%20%E8%A6%96%E8%A6%BA%E8%A8%AD%E8%A8%88 HTTP/1.1" 200 35786
66.249.71.196 - - [30/Aug/2015:03:47:49 +0800] "GET /digiarch3/content/repository/resource_content.jsp?oid=1621690&queryType=qs&queryString=%E4%B8%AD%E5%B0%8F%E4%BC%81%E6%A5%AD HTTP/1.1" 200 29677
66.249.71.121 - - [30/Aug/2015:03:47:59 +0800] "GET /content/nav/relationSubject.jsp?relationWords=%E5%B5%8C%E7%89%87+%E8%84%8A%E8%83%8C%E5%B5%8C%E7%89%87+%E8%9A%8C%E8%84%8A%E8%83%8C%E5%B5%8C%E7%89%87+&oid=1851195 HTTP/1.1" 200 3132
66.249.71.121 - - [30/Aug/2015:03:48:01 +0800] "GET /content/nav/relationSubject.jsp?relationWords=%E5%B5%8C%E7%89%87%20%E8%84%8A%E8%83%8C%E5%B5%8C%E7%89%87%20%E8%9A%8C%E8%84%8A%E8%83%8C%E5%B5%8C%E7%89%87%20&oid=1851195 HTTP/1.1" 200 3132
66.249.79.200 - - [30/Aug/2015:03:48:07 +0800] "GET /content/subject/resource_content.jsp?oid=16777331 HTTP/1.1" 200 32084
217.73.208.147 - - [30/Aug/2015:03:48:08 +0800] "GET /digiarch_en/content/subject/resource_content.jsp?oid=16777736&queryType=qc HTTP/1.0" 200 40892
66.249.71.249 - - [30/Aug/2015:03:48:08 +0800] "GET /content/repository/resource_content.jsp?oid=2152326&queryString=%E5%B0%96%E8%88%8C%E8%8B%A3%E8%8B%94%E5%B1%AC%20%E5%B0%96%E8%88%8C%E8%8D%89%20%E5%B0%96%E8%88%8C%E8%8D%89%E5%B1%AC%20%E6%A4%8D%E7%89%A9%E7%95%8C%20%E7%8E%84%E5%8F%83%20%E8%8B%A6%E8%8B%A3%E8%8B%94%E7%A7%91 HTTP/1.1" 200 31495
157.55.39.202 - - [30/Aug/2015:03:48:14 +0800] "GET /content/subject/resource_content.jsp?oid=16797244&queryString= HTTP/1.1" 200 50441
66.249.71.196 - - [30/Aug/2015:03:48:24 +0800] "GET /digiarch3/content/pictures/picture_content.jsp?oid=33554627&classify=2261 HTTP/1.1" 200 26992
66.249.71.113 - - [30/Aug/2015:03:48:26 +0800] "GET /content/nav/relationSubject.jsp?relationWords=%E4%B8%AD%E5%9C%8B%E5%A4%A7%E9%99%B8%E5%9C%B0%E5%9C%96+%E9%9B%92%E5%8D%97%E7%B8%A3+&oid=207397 HTTP/1.1" 200 3169
66.249.71.105 - - [30/Aug/2015:03:48:31 +0800] "GET /content/nav/relationSubject.jsp?relationWords=%E4%B8%AD%E5%9C%8B%E5%A4%A7%E9%99%B8%E5%9C%B0%E5%9C%96%20%E9%9B%92%E5%8D%97%E7%B8%A3%20&oid=207397 HTTP/1.1" 200 3169
66.249.79.127 - - [30/Aug/2015:03:48:38 +0800] "GET /content/nav/relationSubject.jsp?relationWords=%E5%85%B8%E7%B1%8D%E5%BB%B3+&oid=2674327 HTTP/1.1" 200 3060
66.249.71.121 - - [30/Aug/2015:03:48:40 +0800] "GET /content/nav/relationSubject.jsp?relationWords=%E5%85%B8%E7%B1%8D%E5%BB%B3%20&oid=2674327 HTTP/1.1" 200 3060
66.249.71.121 - - [30/Aug/2015:03:48:42 +0800] "GET /content/repository/resource_content.jsp?oid=4363659&queryType=qs&queryString=%E5%85%AB%E5%AE%B6%E5%B0%87 HTTP/1.1" 200 28085
66.249.71.196 - - [30/Aug/2015:03:49:00 +0800] "GET /digiarch3/content/pictures/picture_content.jsp?oid=33554735&classify=2259 HTTP/1.1" 200 27911
66.249.71.239 - - [30/Aug/2015:03:49:55 +0800] "GET /content/nav/relationSubject.jsp?relationWords=%E5%8F%B0%E7%81%A3%E8%83%A1%E6%A1%83+%E6%A0%B8%E6%A1%83+%E6%A4%8D%E7%89%A9%E7%95%8C+%E8%83%A1%E6%A1%83+%E8%83%A1%E6%A1%83%E5%B1%AC+%E8%83%A1%E6%A1%83%E7%A7%91+%E9%87%8E%E6%A0%B8%E6%A1%83+&oid=2152136 HTTP/1.1" 200 3470
66.249.79.200 - - [30/Aug/2015:03:49:58 +0800] "GET /content/nav/relationSubject.jsp?relationWords=%E5%8F%B0%E7%81%A3%E8%83%A1%E6%A1%83%20%E6%A0%B8%E6%A1%83%20%E6%A4%8D%E7%89%A9%E7%95%8C%20%E8%83%A1%E6%A1%83%20%E8%83%A1%E6%A1%83%E5%B1%AC%20%E8%83%A1%E6%A1%83%E7%A7%91%20%E9%87%8E%E6%A0%B8%E6%A1%83%20&oid=2152136 HTTP/1.1" 200 3470
66.249.71.217 - - [30/Aug/2015:03:50:30 +0800] "GET /digiarch3/content/subject/resource_content.jsp?oid=16777349&queryType=qs&queryString=%E5%86%AC%E5%A4%A9 HTTP/1.1" 200 36794
66.249.71.249 - - [30/Aug/2015:03:50:31 +0800] "GET /content/subject/resource_content.jsp?oid=16777544&queryString= HTTP/1.1" 200 35835
66.249.71.207 - - [30/Aug/2015:03:50:32 +0800] "GET /digiarch3/content/pictures/picture_content.jsp?oid=33554774&classify=2562 HTTP/1.1" 200 27690
66.249.71.113 - - [30/Aug/2015:03:50:46 +0800] "GET /content/nav/relationSubject.jsp?relationWords=%E7%9C%8B%E6%9D%BF+%E7%A0%82%E7%B3%96+&oid=4488887 HTTP/1.1" 200 3368
66.249.71.121 - - [30/Aug/2015:03:50:48 +0800] "GET /content/nav/relationSubject.jsp?relationWords=%E7%9C%8B%E6%9D%BF%20%E7%A0%82%E7%B3%96%20&oid=4488887 HTTP/1.1" 200 3368
66.249.71.249 - - [30/Aug/2015:03:50:53 +0800] "GET /content/nav/relationSubject.jsp?relationWords=%E5%90%8F%E9%83%A8+&oid=2639273 HTTP/1.1" 200 3101
66.249.71.249 - - [30/Aug/2015:03:50:56 +0800] "GET /content/nav/relationSubject.jsp?relationWords=%E5%90%8F%E9%83%A8%20&oid=2639273 HTTP/1.1" 200 3101
66.249.71.249 - - [30/Aug/2015:03:51:02 +0800] "GET /content/nav/relationSubject.jsp?relationWords=%E4%BA%BA%E6%B0%91%E5%9C%98%E9%AB%94+%E5%8F%83%E8%AD%B0%E5%93%A1+%E5%8F%83%E8%AD%B0%E6%9C%83+%E5%8F%B0%E7%81%A3%E7%9C%81+%E6%95%88%E7%8E%87+%E6%A5%8A%E9%99%B6+%E7%9C%81%E6%94%BF%E5%BA%9C+%E8%A1%8C%E6%94%BF%E8%99%95%E5%88%86+%E9%A6%AC%E6%9C%89%E5%B2%B3+&oid=1519028 HTTP/1.1" 200 4857
66.249.71.249 - - [30/Aug/2015:03:51:05 +0800] "GET /content/nav/relationSubject.jsp?relationWords=%E4%BA%BA%E6%B0%91%E5%9C%98%E9%AB%94%20%E5%8F%83%E8%AD%B0%E5%93%A1%20%E5%8F%83%E8%AD%B0%E6%9C%83%20%E5%8F%B0%E7%81%A3%E7%9C%81%20%E6%95%88%E7%8E%87%20%E6%A5%8A%E9%99%B6%20%E7%9C%81%E6%94%BF%E5%BA%9C%20%E8%A1%8C%E6%94%BF%E8%99%95%E5%88%86%20%E9%A6%AC%E6%9C%89%E5%B2%B3%20&oid=1519028 HTTP/1.1" 200 4857
66.249.79.115 - - [30/Aug/2015:03:51:07 +0800] "GET /content/nav/relationSubject.jsp?relationWords=%E5%80%89%E5%84%B2+&oid=2640132 HTTP/1.1" 200 3987
66.249.71.113 - - [30/Aug/2015:03:51:20 +0800] "GET /content/nav/relationSubject.jsp?relationWords=%E5%B1%85%E5%BB%B6%E6%BC%A2%E7%B0%A1+&oid=280815 HTTP/1.1" 200 1418
66.249.71.113 - - [30/Aug/2015:03:51:21 +0800] "GET /content/nav/relationSubject.jsp?relationWords=%E5%80%89%E5%84%B2%20&oid=2640132 HTTP/1.1" 200 3987
66.249.71.121 - - [30/Aug/2015:03:51:22 +0800] "GET /content/nav/relationSubject.jsp?relationWords=%E5%B1%85%E5%BB%B6%E6%BC%A2%E7%B0%A1%20&oid=280815 HTTP/1.1" 200 1418
66.249.71.113 - - [30/Aug/2015:03:51:29 +0800] "GET /content/nav/relationSubject.jsp?relationWords=%E5%A5%91%E5%B0%BE+&oid=2526668 HTTP/1.1" 200 4489
66.249.79.127 - - [30/Aug/2015:03:51:31 +0800] "GET /content/nav/relationSubject.jsp?relationWords=%E5%A5%91%E5%B0%BE%20&oid=2526668 HTTP/1.1" 200 4489
66.249.71.113 - - [30/Aug/2015:03:51:43 +0800] "GET /content/nav/relationSubject.jsp?relationWords=%E8%B3%A6%E5%BD%B9+&oid=3125158 HTTP/1.1" 200 3993
66.249.71.121 - - [30/Aug/2015:03:51:46 +0800] "GET /content/nav/relationSubject.jsp?relationWords=%E8%B3%A6%E5%BD%B9%20&oid=3125158 HTTP/1.1" 200 3993
66.249.71.121 - - [30/Aug/2015:03:51:54 +0800] "GET /content/nav/relationSubject.jsp?relationWords=%E4%B8%81%E4%BA%8B+%E5%85%B5%E4%B8%81+&oid=2673584 HTTP/1.1" 200 4023
66.249.71.121 - - [30/Aug/2015:03:51:57 +0800] "GET /content/nav/relationSubject.jsp?relationWords=%E4%B8%81%E4%BA%8B%20%E5%85%B5%E4%B8%81%20&oid=2673584 HTTP/1.1" 200 4023
66.249.71.105 - - [30/Aug/2015:03:51:59 +0800] "GET /content/nav/relationSubject.jsp?relationWords=%E4%BF%9D%E7%95%99%E5%9C%B0+%E4%BF%A1%E7%BE%A9%E9%84%89+%E5%9C%B0%E4%BF%9D+%E6%94%BF%E5%BA%9C%E5%B1%B1+%E7%B8%A3%E6%94%BF%E5%BA%9C+&oid=1546746 HTTP/1.1" 200 7242
66.249.71.121 - - [30/Aug/2015:03:52:01 +0800] "GET /content/nav/relationSubject.jsp?relationWords=%E4%BF%9D%E7%95%99%E5%9C%B0%20%E4%BF%A1%E7%BE%A9%E9%84%89%20%E5%9C%B0%E4%BF%9D%20%E6%94%BF%E5%BA%9C%E5%B1%B1%20%E7%B8%A3%E6%94%BF%E5%BA%9C%20&oid=1546746 HTTP/1.1" 200 7242
66.249.71.105 - - [30/Aug/2015:03:53:02 +0800] "GET /content/nav/relationSubject.jsp?relationWords=%E6%9F%91%E6%A9%98+%E6%9F%91%E6%A9%98%E5%B1%AC+%E6%A1%B6%E6%9F%91+%E6%A4%8D%E7%89%A9%E7%95%8C+%E8%8A%B8%E9%A6%99+%E8%8A%B8%E9%A6%99%E7%A7%91+%E9%AB%98%E7%89%86%E6%A1%B6%E6%9F%91+&oid=2143181 HTTP/1.1" 200 4766
66.249.71.113 - - [30/Aug/2015:03:53:05 +0800] "GET /content/nav/relationSubject.jsp?relationWords=%E6%9F%91%E6%A9%98%20%E6%9F%91%E6%A9%98%E5%B1%AC%20%E6%A1%B6%E6%9F%91%20%E6%A4%8D%E7%89%A9%E7%95%8C%20%E8%8A%B8%E9%A6%99%20%E8%8A%B8%E9%A6%99%E7%A7%91%20%E9%AB%98%E7%89%86%E6%A1%B6%E6%9F%91%20&oid=2143181 HTTP/1.1" 200 4766
66.249.71.121 - - [30/Aug/2015:03:53:06 +0800] "GET /content/nav/relationSubject.jsp?relationWords=%E5%9B%9B%E9%BD%92%E9%AD%A8+%E8%A7%92%E5%B0%96%E9%BC%BB%E9%AD%A8+%E9%AD%A8%E7%A7%91+&oid=22025 HTTP/1.1" 200 3169
66.249.71.121 - - [30/Aug/2015:03:53:20 +0800] "GET /content/nav/relationSubject.jsp?relationWords=%E9%A1%8F%E6%96%99%E5%BA%AB+&oid=2657435 HTTP/1.1" 200 3102
66.249.71.113 - - [30/Aug/2015:03:53:22 +0800] "GET /content/nav/relationSubject.jsp?relationWords=%E9%A1%8F%E6%96%99%E5%BA%AB%20&oid=2657435 HTTP/1.1" 200 3102
66.249.71.121 - - [30/Aug/2015:03:53:26 +0800] "GET /content/nav/relationSubject.jsp?relationWords=%E5%9B%9B%E9%BD%92%E9%AD%A8%20%E8%A7%92%E5%B0%96%E9%BC%BB%E9%AD%A8%20%E9%AD%A8%E7%A7%91%20&oid=22025 HTTP/1.1" 200 3169
66.249.71.196 - - [30/Aug/2015:03:53:30 +0800] "GET /digiarch3/content/pictures/picture_content.jsp?oid=33554770&classify=2562 HTTP/1.1" 200 28447
66.249.71.239 - - [30/Aug/2015:03:53:31 +0800] "GET /content/repository/resource_content.jsp?oid=15313&queryString=%E9%9B%9E%E9%AD%9A HTTP/1.1" 200 35941
66.249.71.121 - - [30/Aug/2015:03:53:31 +0800] "GET /content/nav/relationSubject.jsp?relationWords=%E4%BD%BF%E7%94%A8%E5%9F%B7%E7%85%A7+%E4%BE%BF%E6%B0%91+%E5%BB%BA%E7%AF%89%E5%9F%B7%E7%85%A7+%E5%BB%BA%E7%AF%89%E5%B8%AB+%E6%AC%8A%E5%88%A9+%E8%A8%AD%E8%A8%88%E5%9C%96+%E9%9B%A3%E6%B0%91+&oid=1566224 HTTP/1.1" 200 4200
66.249.71.121 - - [30/Aug/2015:03:53:32 +0800] "GET /content/nav/relationSubject.jsp?relationWords=%E4%BD%BF%E7%94%A8%E5%9F%B7%E7%85%A7%20%E4%BE%BF%E6%B0%91%20%E5%BB%BA%E7%AF%89%E5%9F%B7%E7%85%A7%20%E5%BB%BA%E7%AF%89%E5%B8%AB%20%E6%AC%8A%E5%88%A9%20%E8%A8%AD%E8%A8%88%E5%9C%96%20%E9%9B%A3%E6%B0%91%20&oid=1566224 HTTP/1.1" 200 4200
66.249.71.216 - - [30/Aug/2015:03:53:50 +0800] "GET /content/subject/resource_content.jsp?oid=16777769&queryType=qc HTTP/1.1" 200 41392
66.249.71.113 - - [30/Aug/2015:03:53:54 +0800] "GET /content/nav/relationSubject.jsp?relationWords=%E6%9E%97%E5%A4%94%E9%BE%8D+%E6%9E%97%E9%9A%8E%E5%A0%82+%E8%B3%80%E5%B9%B4%E6%98%8E%E4%BF%A1%E7%89%87+&oid=1888625 HTTP/1.1" 200 3326
66.249.71.121 - - [30/Aug/2015:03:53:55 +0800] "GET /content/nav/relationSubject.jsp?relationWords=%E6%9E%97%E5%A4%94%E9%BE%8D%20%E6%9E%97%E9%9A%8E%E5%A0%82%20%E8%B3%80%E5%B9%B4%E6%98%8E%E4%BF%A1%E7%89%87%20&oid=1888625 HTTP/1.1" 200 3326
66.249.71.113 - - [30/Aug/2015:03:54:10 +0800] "GET /content/repository/resource_content.jsp?oid=2522280&queryType=qs&queryString=%E5%85%83%E7%BD%B2 HTTP/1.1" 200 30191
66.249.71.105 - - [30/Aug/2015:03:54:18 +0800] "GET /content/nav/relationSubject.jsp?relationWords=%E4%BC%8A%E7%8A%81+&oid=2685013 HTTP/1.1" 200 3123
66.249.71.113 - - [30/Aug/2015:03:54:19 +0800] "GET /content/nav/relationSubject.jsp?relationWords=%E5%8D%A1%E6%B0%8F+%E7%8B%97%E6%97%97%E4%BB%94+&oid=4353177 HTTP/1.1" 200 3459
66.249.79.121 - - [30/Aug/2015:03:54:21 +0800] "GET /content/nav/relationSubject.jsp?relationWords=%E5%8D%A1%E6%B0%8F%20%E7%8B%97%E6%97%97%E4%BB%94%20&oid=4353177 HTTP/1.1" 200 3459
66.249.71.105 - - [30/Aug/2015:03:54:22 +0800] "GET /content/nav/relationSubject.jsp?relationWords=%E4%BC%8A%E7%8A%81%20&oid=2685013 HTTP/1.1" 200 3123
157.55.39.138 - - [30/Aug/2015:03:54:39 +0800] "GET /content/nav/relationSubject.jsp?relationWords=%E6%8E%A8%E8%83%8C%E5%9C%96+&oid=16797244 HTTP/1.1" 200 2217
66.249.71.113 - - [30/Aug/2015:03:54:41 +0800] "GET /content/nav/relationSubject.jsp?relationWords=%E6%AD%90%E7%BE%85%E5%B7%B4+&oid=4441304 HTTP/1.1" 200 3218
66.249.71.105 - - [30/Aug/2015:03:54:43 +0800] "GET /content/nav/relationSubject.jsp?relationWords=%E6%AD%90%E7%BE%85%E5%B7%B4%20&oid=4441304 HTTP/1.1" 200 3218
66.249.71.216 - - [30/Aug/2015:03:54:44 +0800] "GET /content/nav/relationSubject.jsp?relationWords=%E6%B4%AA%E6%B4%9E%E7%B8%A3+&oid=2645202 HTTP/1.1" 200 3064
66.249.71.206 - - [30/Aug/2015:03:54:46 +0800] "GET /content/nav/relationSubject.jsp?relationWords=%E6%B4%AA%E6%B4%9E%E7%B8%A3%20&oid=2645202 HTTP/1.1" 200 3064
66.249.71.229 - - [30/Aug/2015:03:54:51 +0800] "GET /content/repository/resource_content.jsp?oid=2470672&queryString=%E6%95%B8%E4%BD%8D%E5%85%B8%E8%97%8F%20%E7%A0%94%E8%A8%8E%E6%9C%83 HTTP/1.1" 200 30897
66.249.79.127 - - [30/Aug/2015:03:54:58 +0800] "GET /content/nav/relationSubject.jsp?relationWords=%E9%AA%A8%E7%AD%92+&oid=1851795 HTTP/1.1" 200 2963
114.25.239.186 - - [30/Aug/2015:03:55:05 +0800] "GET /content/repository/resource_content.jsp?oid=1078289 HTTP/1.1" 200 29188
114.25.239.186 - - [30/Aug/2015:03:55:06 +0800] "GET /content/nav/relationSubject.jsp?relationWords=%E6%B0%91%E6%B3%95+%E6%B3%95%E9%99%A2+%E8%87%BA%E7%81%A3%E7%B8%BD%E7%9D%A3%E5%BA%9C+%E9%AB%98%E7%AD%89%E6%B3%95%E9%99%A2+&oid=1078289 HTTP/1.1" 200 4980
66.249.71.229 - - [30/Aug/2015:03:55:11 +0800] "GET /content/subject/resource_content.jsp?oid=16777619&queryType=qs&queryString=%E5%A9%9A%E7%A6%AE%E7%BF%92%E4%BF%97 HTTP/1.1" 200 78740
66.249.71.229 - - [30/Aug/2015:03:55:14 +0800] "GET /content/nav/relationSubject.jsp?relationWords=%E4%BA%8C%E6%9E%97+%E6%B0%B8%E5%9F%BA+%E8%BE%B2%E5%9C%B0%E9%87%8D%E5%8A%83+%E9%87%8D%E5%8A%83%E5%8D%80+&oid=1635302 HTTP/1.1" 200 5326
66.249.71.239 - - [30/Aug/2015:03:55:17 +0800] "GET /content/nav/relationSubject.jsp?relationWords=%E4%BA%8C%E6%9E%97%20%E6%B0%B8%E5%9F%BA%20%E8%BE%B2%E5%9C%B0%E9%87%8D%E5%8A%83%20%E9%87%8D%E5%8A%83%E5%8D%80%20&oid=1635302 HTTP/1.1" 200 5326
66.249.71.113 - - [30/Aug/2015:03:56:07 +0800] "GET /content/nav/relationSubject.jsp?relationWords=&oid=2611207 HTTP/1.1" 200 1405
66.249.71.249 - - [30/Aug/2015:03:56:31 +0800] "GET /content/repository/resource_content.jsp?oid=3357582&queryString=%E5%A5%87%E5%AD%97 HTTP/1.1" 200 28925
66.249.71.249 - - [30/Aug/2015:03:56:31 +0800] "GET /content/repository/resource_content.jsp?oid=1451375 HTTP/1.1" 200 29889
66.249.71.249 - - [30/Aug/2015:03:56:37 +0800] "GET /content/nav/relationSubject.jsp?relationWords=%E5%B8%83%E8%BE%B2%E6%97%8F+%E9%83%A1%E7%A4%BE%E7%BE%A4+&oid=1774550 HTTP/1.1" 200 3378
66.249.71.239 - - [30/Aug/2015:03:56:39 +0800] "GET /content/nav/relationSubject.jsp?relationWords=%E5%B8%83%E8%BE%B2%E6%97%8F%20%E9%83%A1%E7%A4%BE%E7%BE%A4%20&oid=1774550 HTTP/1.1" 200 3378
66.249.71.249 - - [30/Aug/2015:03:56:45 +0800] "GET /digiarch_en/content/repository/resource_content.jsp?oid=1774618&queryString=%E5%88%BA%E6%A1%90%20%E7%8F%8A%E7%91%9A%E5%88%BA%E6%A1%90 HTTP/1.1" 200 24522
66.249.71.249 - - [30/Aug/2015:03:56:59 +0800] "GET /content/repository/resource_content.jsp?oid=1813935 HTTP/1.1" 200 28530
66.249.71.239 - - [30/Aug/2015:03:57:01 +0800] "GET /content/nav/relationSubject.jsp?relationWords=%E5%9B%BA%E5%AE%9A%E8%B3%87%E7%94%A2+%E6%93%B4%E5%BB%BA+%E6%9C%AA%E4%BE%86%E7%99%BC%E5%B1%95+%E7%B5%90%E8%AA%9E+%E7%B6%93%E6%BF%9F%E6%94%BF%E7%AD%96+%E9%A0%90%E7%AE%97+%E9%AB%98%E9%9B%84%E6%B8%AF%E5%8B%99%E5%B1%80+&oid=1591636 HTTP/1.1" 200 6359
66.249.71.249 - - [30/Aug/2015:03:57:04 +0800] "GET /content/nav/relationSubject.jsp?relationWords=%E5%9B%BA%E5%AE%9A%E8%B3%87%E7%94%A2%20%E6%93%B4%E5%BB%BA%20%E6%9C%AA%E4%BE%86%E7%99%BC%E5%B1%95%20%E7%B5%90%E8%AA%9E%20%E7%B6%93%E6%BF%9F%E6%94%BF%E7%AD%96%20%E9%A0%90%E7%AE%97%20%E9%AB%98%E9%9B%84%E6%B8%AF%E5%8B%99%E5%B1%80%20&oid=1591636 HTTP/1.1" 200 6359
66.249.71.226 - - [30/Aug/2015:03:57:14 +0800] "GET /content/subject/resource_content.jsp?oid=16777446&queryType=qc HTTP/1.1" 200 42206
66.249.71.121 - - [30/Aug/2015:03:57:29 +0800] "GET /content/nav/relationSubject.jsp?relationWords=%E6%AD%A6%E5%A8%81%E9%8E%AE+&oid=2635293 HTTP/1.1" 200 1890
66.249.71.113 - - [30/Aug/2015:03:57:31 +0800] "GET /content/nav/relationSubject.jsp?relationWords=%E5%90%8F%E9%83%A8%E7%82%BA%E7%8E%8B+%E7%84%A1%E9%8C%AB+&oid=2674664 HTTP/1.1" 200 3155
66.249.79.115 - - [30/Aug/2015:03:57:32 +0800] "GET /content/nav/relationSubject.jsp?relationWords=%E6%AD%A6%E5%A8%81%E9%8E%AE%20&oid=2635293 HTTP/1.1" 200 1890
66.249.71.113 - - [30/Aug/2015:03:57:35 +0800] "GET /content/nav/relationSubject.jsp?relationWords=%E5%90%8F%E9%83%A8%E7%82%BA%E7%8E%8B%20%E7%84%A1%E9%8C%AB%20&oid=2674664 HTTP/1.1" 200 3155
66.249.71.229 - - [30/Aug/2015:03:57:50 +0800] "GET /content/nav/relationSubject.jsp?relationWords=%E5%8D%9A%E5%B9%B3+%E5%96%AE%E8%89%B2+%E6%99%89%E5%86%80%E9%AD%AF%E8%B1%AB+%E9%84%82%E5%8D%9A+&oid=190939 HTTP/1.1" 200 3361
66.249.71.229 - - [30/Aug/2015:03:57:52 +0800] "GET /content/nav/relationSubject.jsp?relationWords=%E5%8D%9A%E5%B9%B3%20%E5%96%AE%E8%89%B2%20%E6%99%89%E5%86%80%E9%AD%AF%E8%B1%AB%20%E9%84%82%E5%8D%9A%20&oid=190939 HTTP/1.1" 200 3361
66.249.71.121 - - [30/Aug/2015:03:59:25 +0800] "GET /content/nav/relationSubject.jsp?relationWords=%E7%A6%AE%E9%83%A8+&oid=2640538 HTTP/1.1" 200 3060
66.249.79.115 - - [30/Aug/2015:03:59:27 +0800] "GET /content/nav/relationSubject.jsp?relationWords=%E7%A6%AE%E9%83%A8%20&oid=2640538 HTTP/1.1" 200 3060
66.249.71.113 - - [30/Aug/2015:03:59:33 +0800] "GET /content/nav/relationSubject.jsp?relationWords=%E6%BC%A2%E6%9C%AC%E5%A0%82+&oid=2659544 HTTP/1.1" 200 3117
66.249.71.121 - - [30/Aug/2015:03:59:35 +0800] "GET /content/nav/relationSubject.jsp?relationWords=%E6%BC%A2%E6%9C%AC%E5%A0%82%20&oid=2659544 HTTP/1.1" 200 3117
66.249.71.229 - - [30/Aug/2015:03:59:40 +0800] "GET /content/subject/resource_content.jsp?oid=16797244&queryString= HTTP/1.1" 200 50441
66.249.71.54 - - [30/Aug/2015:03:59:41 +0800] "GET /content/repository/resource_content.jsp?oid=4438074&queryString=%E6%94%BF%E6%B2%BB%E6%99%82%E8%A9%95 HTTP/1.1" 200 28485
66.249.71.207 - - [30/Aug/2015:03:59:53 +0800] "GET /digiarch3/content/pictures/picture_content.jsp?oid=33554828&classify=2761 HTTP/1.1" 200 28025
66.249.71.113 - - [30/Aug/2015:04:00:06 +0800] "GET /content/nav/relationSubject.jsp?relationWords=%E5%83%B9%E9%8A%80+%E5%88%91%E9%83%A8+%E8%B1%AB%E7%9C%81+%E8%B4%93%E8%B4%96+%E9%8A%80%E5%85%A9+&oid=2512058 HTTP/1.1" 200 5420
66.249.71.105 - - [30/Aug/2015:04:00:06 +0800] "GET /content/nav/relationSubject.jsp?relationWords=%E6%B0%B8%E5%96%84+%E7%BD%B0%E4%BF%B8+&oid=2687893 HTTP/1.1" 200 4888
66.249.71.105 - - [30/Aug/2015:04:00:09 +0800] "GET /content/nav/relationSubject.jsp?relationWords=%E5%83%B9%E9%8A%80%20%E5%88%91%E9%83%A8%20%E8%B1%AB%E7%9C%81%20%E8%B4%93%E8%B4%96%20%E9%8A%80%E5%85%A9%20&oid=2512058 HTTP/1.1" 200 5420
66.249.71.121 - - [30/Aug/2015:04:00:10 +0800] "GET /content/nav/relationSubject.jsp?relationWords=%E6%B0%B8%E5%96%84%20%E7%BD%B0%E4%BF%B8%20&oid=2687893 HTTP/1.1" 200 4888
66.249.71.249 - - [30/Aug/2015:04:00:12 +0800] "GET /content/nav/relationSubject.jsp?relationWords=%E6%B5%B7%E8%9C%A5%E9%AD%9A+%E7%95%B0%E9%B1%97%E6%B5%B7%E8%9C%A5%E9%AD%9A+&oid=1772933 HTTP/1.1" 200 3336
66.249.71.249 - - [30/Aug/2015:04:00:14 +0800] "GET /content/nav/relationSubject.jsp?relationWords=%E7%B4%85%E5%B0%BE+%E7%B4%85%E5%B0%BE%E8%9D%B4%E8%9D%B6%E9%AD%9A+%E8%9D%B4%E8%9D%B6%E9%AD%9A+&oid=33554885 HTTP/1.1" 200 3527
66.249.71.239 - - [30/Aug/2015:04:00:15 +0800] "GET /content/nav/relationSubject.jsp?relationWords=%E6%B5%B7%E8%9C%A5%E9%AD%9A%20%E7%95%B0%E9%B1%97%E6%B5%B7%E8%9C%A5%E9%AD%9A%20&oid=1772933 HTTP/1.1" 200 3336
66.249.71.229 - - [30/Aug/2015:04:00:16 +0800] "GET /content/nav/relationSubject.jsp?relationWords=%E7%B4%85%E5%B0%BE%20%E7%B4%85%E5%B0%BE%E8%9D%B4%E8%9D%B6%E9%AD%9A%20%E8%9D%B4%E8%9D%B6%E9%AD%9A%20&oid=33554885 HTTP/1.1" 200 3527
66.249.71.239 - - [30/Aug/2015:04:00:18 +0800] "GET /content/subject/resource_content.jsp?oid=16797340&queryType=qc HTTP/1.1" 200 63036
66.249.71.113 - - [30/Aug/2015:04:00:22 +0800] "GET /content/nav/relationSubject.jsp?relationWords=%E9%8C%A2%E7%B3%A7+&oid=2664365 HTTP/1.1" 200 5260
66.249.71.113 - - [30/Aug/2015:04:00:25 +0800] "GET /content/nav/relationSubject.jsp?relationWords=%E9%8C%A2%E7%B3%A7%20&oid=2664365 HTTP/1.1" 200 5260
66.249.71.239 - - [30/Aug/2015:04:00:42 +0800] "GET /content/repository/resource_content.jsp?oid=1174342 HTTP/1.1" 200 28768
66.249.71.105 - - [30/Aug/2015:04:00:49 +0800] "GET /content/nav/relationSubject.jsp?relationWords=%E7%B1%B3%E7%9F%B3+%E8%B3%91%E5%8D%B9+%E9%8A%80%E5%85%A9+&oid=2512198 HTTP/1.1" 200 5435
66.249.79.115 - - [30/Aug/2015:04:00:51 +0800] "GET /content/nav/relationSubject.jsp?relationWords=%E7%B1%B3%E7%9F%B3%20%E8%B3%91%E5%8D%B9%20%E9%8A%80%E5%85%A9%20&oid=2512198 HTTP/1.1" 200 5435
66.249.71.54 - - [30/Aug/2015:04:01:09 +0800] "GET /content/nav/relationSubject.jsp?relationWords=%E6%92%AD%E7%A8%AE%E7%A5%AD+%E7%A5%AD%E5%84%80+&oid=4388449 HTTP/1.1" 200 4079
66.249.71.229 - - [30/Aug/2015:04:01:24 +0800] "GET /content/nav/relationSubject.jsp?relationWords=%E4%BA%BA%E5%A3%BD%E4%BF%9D%E9%9A%AA+%E5%A3%BD%E9%9A%AA+%E5%B0%8F%E6%B8%AF%E9%84%89+%E6%AD%A3%E7%BE%A9%E6%A1%88+%E7%8E%8B%E5%AE%8B%E7%93%8A%E8%8B%B1+%E8%87%BA%E7%81%A3%E4%BA%BA%E5%A3%BD+%E8%A2%AB%E5%AE%B3%E4%BA%BA+%E9%99%B3%E5%A4%A9%E4%BD%91+%E9%BB%83%E5%B9%B3+%E9%BB%83%E7%82%B3%E7%85%8C+%E9%BB%83%E7%A7%8B%E6%9C%88+&oid=1530968 HTTP/1.1" 200 4803
66.249.71.36 - - [30/Aug/2015:04:01:25 +0800] "GET /content/nav/relationSubject.jsp?relationWords=%E6%B0%B4%E5%99%A8+&oid=4362380 HTTP/1.1" 200 2987
66.249.71.36 - - [30/Aug/2015:04:01:27 +0800] "GET /content/nav/relationSubject.jsp?relationWords=%E6%B0%B4%E5%99%A8%20&oid=4362380 HTTP/1.1" 200 2987
66.249.79.200 - - [30/Aug/2015:04:01:32 +0800] "GET /content/nav/relationSubject.jsp?relationWords=%E4%BA%BA%E5%A3%BD%E4%BF%9D%E9%9A%AA%20%E5%A3%BD%E9%9A%AA%20%E5%B0%8F%E6%B8%AF%E9%84%89%20%E6%AD%A3%E7%BE%A9%E6%A1%88%20%E7%8E%8B%E5%AE%8B%E7%93%8A%E8%8B%B1%20%E8%87%BA%E7%81%A3%E4%BA%BA%E5%A3%BD%20%E8%A2%AB%E5%AE%B3%E4%BA%BA%20%E9%99%B3%E5%A4%A9%E4%BD%91%20%E9%BB%83%E5%B9%B3%20%E9%BB%83%E7%82%B3%E7%85%8C%20%E9%BB%83%E7%A7%8B%E6%9C%88%20&oid=1530968 HTTP/1.1" 200 4803
66.249.71.239 - - [30/Aug/2015:04:01:58 +0800] "GET /content/nav/relationSubject.jsp?relationWords=%E6%A4%8D%E7%89%A9%E7%95%8C%20%E8%8E%8E%E8%8D%89%20%E8%8E%8E%E8%8D%89%E7%A7%91%20%E8%92%B2%E8%8D%89%20&oid=1458472 HTTP/1.1" 200 3258
66.249.71.121 - - [30/Aug/2015:04:02:14 +0800] "GET /content/nav/relationSubject.jsp?relationWords=%E7%A6%AE%E9%83%A8+%E8%A1%8C%E8%80%95%E8%80%A4%E7%A6%AE+&oid=2635550 HTTP/1.1" 200 3125
66.249.71.121 - - [30/Aug/2015:04:02:17 +0800] "GET /content/nav/relationSubject.jsp?relationWords=%E7%A6%AE%E9%83%A8%20%E8%A1%8C%E8%80%95%E8%80%A4%E7%A6%AE%20&oid=2635550 HTTP/1.1" 200 3125
66.249.71.113 - - [30/Aug/2015:04:02:21 +0800] "GET /content/nav/relationSubject.jsp?relationWords=%E5%92%A8%E7%B2%B5%E7%9D%A3+%E8%8B%B1%E4%BD%BF+%E8%B3%BC%E7%B7%9A+&oid=813220 HTTP/1.1" 200 3252
66.249.79.121 - - [30/Aug/2015:04:02:23 +0800] "GET /content/nav/relationSubject.jsp?relationWords=%E5%92%A8%E7%B2%B5%E7%9D%A3%20%E8%8B%B1%E4%BD%BF%20%E8%B3%BC%E7%B7%9A%20&oid=813220 HTTP/1.1" 200 3252
220.181.108.180 - - [30/Aug/2015:04:02:33 +0800] "GET /content/subject/resource_content.jsp?oid=16777680 HTTP/1.1" 200 33410
217.73.208.147 - - [30/Aug/2015:04:02:40 +0800] "GET /digiarch_en/content/subject/resource_content.jsp?oid=16777448&queryType=qc HTTP/1.0" 200 31332
66.249.71.229 - - [30/Aug/2015:04:02:41 +0800] "GET /content/repository/resource_content.jsp?oid=1105285 HTTP/1.1" 200 30654
66.249.71.206 - - [30/Aug/2015:04:02:45 +0800] "GET /content/nav/relationSubject.jsp?relationWords=%E4%BF%B8%E6%BB%BF+%E7%87%9F%E5%8F%83%E5%B0%87+%E9%96%A9%E6%B5%99%E7%B8%BD%E7%9D%A3+&oid=2551212 HTTP/1.1" 200 3205
66.249.71.206 - - [30/Aug/2015:04:02:52 +0800] "GET /content/nav/relationSubject.jsp?relationWords=%E4%BF%B8%E6%BB%BF%20%E7%87%9F%E5%8F%83%E5%B0%87%20%E9%96%A9%E6%B5%99%E7%B8%BD%E7%9D%A3%20&oid=2551212 HTTP/1.1" 200 3205
66.249.71.249 - - [30/Aug/2015:04:02:55 +0800] "GET /content/pictures/picture_content.jsp?oid=33554818 HTTP/1.1" 200 27808
66.249.71.121 - - [30/Aug/2015:04:03:10 +0800] "GET /content/repository/resource_content.jsp?oid=4362710&queryType=qs&queryString=%E4%B8%8A%E6%B8%85%E9%9D%88%E5%AF%B6%E5%A4%A9%E5%B0%8A HTTP/1.1" 200 28367
66.249.71.105 - - [30/Aug/2015:04:03:22 +0800] "GET /content/nav/relationSubject.jsp?relationWords=%E4%B8%8A%E8%AB%AD+%E4%B8%8A%E8%AB%AD%E4%BA%8B+%E5%90%8F%E9%83%A8+%E8%AB%AD%E4%BA%8B+&oid=2683569 HTTP/1.1" 200 3191
66.249.71.113 - - [30/Aug/2015:04:03:24 +0800] "GET /content/nav/relationSubject.jsp?relationWords=%E4%B8%8A%E8%AB%AD%20%E4%B8%8A%E8%AB%AD%E4%BA%8B%20%E5%90%8F%E9%83%A8%20%E8%AB%AD%E4%BA%8B%20&oid=2683569 HTTP/1.1" 200 3191
66.249.71.249 - - [30/Aug/2015:04:03:42 +0800] "GET /content/repository/resource_content.jsp?oid=1114674 HTTP/1.1" 200 29505
66.249.71.249 - - [30/Aug/2015:04:03:42 +0800] "GET /content/subject/resource_content.jsp?oid=16777308 HTTP/1.1" 200 28084
66.249.71.105 - - [30/Aug/2015:04:03:58 +0800] "GET /content/nav/relationSubject.jsp?relationWords=%E5%88%91%E9%83%A8+&oid=2658012 HTTP/1.1" 200 3095
66.249.71.207 - - [30/Aug/2015:04:04:15 +0800] "GET /digiarch3/content/nav/relationSubject.jsp?relationWords=%E5%AE%89%E5%85%A8%E5%B8%BD+%E8%B3%AA%E8%A9%A2+&oid=1607101 HTTP/1.1" 200 3962
66.249.71.217 - - [30/Aug/2015:04:04:21 +0800] "GET /digiarch3/content/nav/relationSubject.jsp?relationWords=%E5%AE%89%E5%85%A8%E5%B8%BD%20%E8%B3%AA%E8%A9%A2%20&oid=1607101 HTTP/1.1" 200 3962
66.249.71.121 - - [30/Aug/2015:04:04:50 +0800] "GET /content/nav/relationSubject.jsp?relationWords=%E4%B8%8A%E8%AB%AD+%E7%A7%BB%E6%9C%83+&oid=2658198 HTTP/1.1" 200 3102
66.249.71.113 - - [30/Aug/2015:04:04:52 +0800] "GET /content/nav/relationSubject.jsp?relationWords=%E4%B8%8A%E8%AB%AD%20%E7%A7%BB%E6%9C%83%20&oid=2658198 HTTP/1.1" 200 3102
66.249.79.121 - - [30/Aug/2015:04:05:55 +0800] "GET /content/nav/relationSubject.jsp?relationWords=%E5%A4%A7%E7%94%B2%E4%BF%A1%E7%94%A8%E7%B5%84%E5%90%88+%E6%9D%9C%E6%B8%85+%E6%9D%9C%E9%A6%99+%E6%9D%9C%E9%A6%99%E5%9C%8B+&oid=1887303 HTTP/1.1" 200 3272
66.249.71.105 - - [30/Aug/2015:04:05:57 +0800] "GET /content/nav/relationSubject.jsp?relationWords=%E5%A4%A7%E7%94%B2%E4%BF%A1%E7%94%A8%E7%B5%84%E5%90%88%20%E6%9D%9C%E6%B8%85%20%E6%9D%9C%E9%A6%99%20%E6%9D%9C%E9%A6%99%E5%9C%8B%20&oid=1887303 HTTP/1.1" 200 3272
66.249.71.249 - - [30/Aug/2015:04:06:28 +0800] "GET /content/nav/relationSubject.jsp?relationWords=%E7%9A%87%E8%80%83+%E7%A6%AE%E9%83%A8+&oid=2642835 HTTP/1.1" 200 3095
66.249.71.239 - - [30/Aug/2015:04:06:30 +0800] "GET /content/nav/relationSubject.jsp?relationWords=%E7%9A%87%E8%80%83%20%E7%A6%AE%E9%83%A8%20&oid=2642835 HTTP/1.1" 200 3095
66.249.71.113 - - [30/Aug/2015:04:06:38 +0800] "GET /content/nav/relationSubject.jsp?relationWords=%E7%82%BA%E7%8E%89+%E7%8E%89%E7%89%92%E9%A4%A8+&oid=2637246 HTTP/1.1" 200 3128
66.249.71.105 - - [30/Aug/2015:04:06:40 +0800] "GET /content/nav/relationSubject.jsp?relationWords=%E5%9C%8B%E6%9C%89%E8%B2%A1%E7%94%A2+%E7%8E%89%E9%87%8C+%E8%87%BA%E9%B3%B3+%E8%AD%B0%E9%95%B7+%E9%8C%A6%E5%92%8C+&oid=1531767 HTTP/1.1" 200 7111
66.249.71.113 - - [30/Aug/2015:04:06:41 +0800] "GET /content/nav/relationSubject.jsp?relationWords=%E7%82%BA%E7%8E%89%20%E7%8E%89%E7%89%92%E9%A4%A8%20&oid=2637246 HTTP/1.1" 200 3128
66.249.71.105 - - [30/Aug/2015:04:06:42 +0800] "GET /content/nav/relationSubject.jsp?relationWords=%E5%9C%8B%E6%9C%89%E8%B2%A1%E7%94%A2%20%E7%8E%89%E9%87%8C%20%E8%87%BA%E9%B3%B3%20%E8%AD%B0%E9%95%B7%20%E9%8C%A6%E5%92%8C%20&oid=1531767 HTTP/1.1" 200 7111
66.249.71.121 - - [30/Aug/2015:04:06:44 +0800] "GET /content/repository/resource_content.jsp?oid=2643768&queryType=qs&queryString=%E5%85%AB%E9%81%94 HTTP/1.1" 200 30327
66.249.71.229 - - [30/Aug/2015:04:07:02 +0800] "GET /content/repository/resource_content.jsp?oid=2149940 HTTP/1.1" 200 30817
66.249.71.239 - - [30/Aug/2015:04:07:07 +0800] "GET /content/nav/relationSubject.jsp?relationWords=%E5%8D%87%E7%BD%B2+%E9%83%BD%E5%8F%B8+&oid=2673264 HTTP/1.1" 200 3092
66.249.71.249 - - [30/Aug/2015:04:07:09 +0800] "GET /content/nav/relationSubject.jsp?relationWords=%E5%8D%87%E7%BD%B2%20%E9%83%BD%E5%8F%B8%20&oid=2673264 HTTP/1.1" 200 3092
66.249.71.216 - - [30/Aug/2015:04:07:22 +0800] "GET /content/repository/resource_content.jsp?oid=2150417&queryString=%E5%A4%A7%E8%91%89%E6%A5%93%E5%AF%84%E7%94%9F%E5%B1%AC HTTP/1.1" 200 30839
199.30.25.181 - - [30/Aug/2015:04:07:24 +0800] "GET /content/nav/relationSubject.jsp?relationWords=%E8%BE%9B%E5%A4%B7+&oid=16777479 HTTP/1.1" 200 1412
66.249.71.113 - - [30/Aug/2015:04:07:48 +0800] "GET /content/nav/relationSubject.jsp?relationWords=%E5%88%91%E9%83%A8+&oid=2631560 HTTP/1.1" 200 3095
66.249.71.113 - - [30/Aug/2015:04:07:51 +0800] "GET /content/nav/relationSubject.jsp?relationWords=%E5%88%91%E9%83%A8%20&oid=2631560 HTTP/1.1" 200 3095
66.249.71.226 - - [30/Aug/2015:04:08:10 +0800] "GET /content/nav/relationSubject.jsp?relationWords=%E6%96%B0%E5%8C%96%E9%8E%AE+%E6%B0%91%E6%94%BF%E9%A1%9E+%E7%9F%A5%E6%AF%8D%E7%BE%A9+%E7%A6%8F%E5%88%A9%E7%A4%BE+%E7%B6%AD%E6%B0%91+%E8%81%AF%E5%8B%A4+%E8%87%BA%E5%8D%97%E7%B8%A3+&oid=1550039 HTTP/1.1" 200 6131
66.249.71.216 - - [30/Aug/2015:04:08:12 +0800] "GET /content/nav/relationSubject.jsp?relationWords=%E6%96%B0%E5%8C%96%E9%8E%AE%20%E6%B0%91%E6%94%BF%E9%A1%9E%20%E7%9F%A5%E6%AF%8D%E7%BE%A9%20%E7%A6%8F%E5%88%A9%E7%A4%BE%20%E7%B6%AD%E6%B0%91%20%E8%81%AF%E5%8B%A4%20%E8%87%BA%E5%8D%97%E7%B8%A3%20&oid=1550039 HTTP/1.1" 200 6131
66.249.71.121 - - [30/Aug/2015:04:08:15 +0800] "GET /content/nav/relationSubject.jsp?relationWords=%E7%A5%AD%E5%84%80+&oid=4739414 HTTP/1.1" 200 4078
66.249.79.115 - - [30/Aug/2015:04:08:17 +0800] "GET /content/nav/relationSubject.jsp?relationWords=%E7%A5%AD%E5%84%80%20&oid=4739414 HTTP/1.1" 200 4078
66.249.79.121 - - [30/Aug/2015:04:08:23 +0800] "GET /content/nav/relationSubject.jsp?relationWords=%E5%8D%A1%E7%92%B0+%E6%B4%BB%E5%8B%95%E5%8D%A1%E7%92%B0+&oid=1848868 HTTP/1.1" 200 3046
66.249.71.206 - - [30/Aug/2015:04:08:26 +0800] "GET /content/nav/relationSubject.jsp?relationWords=&oid=1835015 HTTP/1.1" 200 1405
66.249.71.121 - - [30/Aug/2015:04:08:28 +0800] "GET /content/nav/relationSubject.jsp?relationWords=%E5%8D%A1%E7%92%B0%20%E6%B4%BB%E5%8B%95%E5%8D%A1%E7%92%B0%20&oid=1848868 HTTP/1.1" 200 3046
66.249.79.200 - - [30/Aug/2015:04:08:46 +0800] "GET /content/nav/relationSubject.jsp?relationWords=%E5%8A%A0%E9%8A%9C+&oid=2677068 HTTP/1.1" 200 3995
66.249.71.249 - - [30/Aug/2015:04:08:48 +0800] "GET /content/nav/relationSubject.jsp?relationWords=%E5%8A%A0%E9%8A%9C%20&oid=2677068 HTTP/1.1" 200 3995
66.249.71.113 - - [30/Aug/2015:04:08:52 +0800] "GET /content/nav/relationSubject.jsp?relationWords=%E5%90%8F%E9%83%A8+&oid=2677957 HTTP/1.1" 200 3101
66.249.79.121 - - [30/Aug/2015:04:08:55 +0800] "GET /content/nav/relationSubject.jsp?relationWords=%E5%B7%A1%E6%92%AB+&oid=2670373 HTTP/1.1" 200 3084
66.249.71.229 - - [30/Aug/2015:04:08:59 +0800] "GET /content/subject/resource_content.jsp?oid=16777661&queryString=%E7%A0%94%E8%A8%8E%E6%9C%83 HTTP/1.1" 200 27346
66.249.71.239 - - [30/Aug/2015:04:09:00 +0800] "GET /content/repository/resource_content.jsp?oid=1124021&queryString=%E6%97%A5%E6%9C%AC%E7%AC%A0%E8%9A%B6 HTTP/1.1" 200 32381
66.249.71.113 - - [30/Aug/2015:04:09:00 +0800] "GET /content/nav/relationSubject.jsp?relationWords=%E5%B7%A1%E6%92%AB%20&oid=2670373 HTTP/1.1" 200 3084
66.249.71.121 - - [30/Aug/2015:04:09:13 +0800] "GET /content/nav/relationSubject.jsp?relationWords=%E5%90%8F%E9%83%A8%20&oid=2677957 HTTP/1.1" 200 3101
66.249.71.229 - - [30/Aug/2015:04:09:29 +0800] "GET /content/nav/relationSubject.jsp?relationWords=%E9%99%B8%E6%B8%AC%E5%9C%96+&oid=178246 HTTP/1.1" 200 3079
66.249.71.226 - - [30/Aug/2015:04:09:30 +0800] "GET /content/nav/relationSubject.jsp?relationWords=%E5%AF%B6%E9%A6%AC+%E6%BC%A2%E6%9C%AC%E5%A0%82+&oid=2684538 HTTP/1.1" 200 3152
66.249.71.239 - - [30/Aug/2015:04:09:31 +0800] "GET /content/nav/relationSubject.jsp?relationWords=%E9%99%B8%E6%B8%AC%E5%9C%96%20&oid=178246 HTTP/1.1" 200 3079
66.249.71.216 - - [30/Aug/2015:04:09:32 +0800] "GET /content/nav/relationSubject.jsp?relationWords=%E5%AF%B6%E9%A6%AC%20%E6%BC%A2%E6%9C%AC%E5%A0%82%20&oid=2684538 HTTP/1.1" 200 3152
66.249.71.206 - - [30/Aug/2015:04:09:36 +0800] "GET /content/nav/relationSubject.jsp?relationWords=%E4%BF%9D%E5%81%A5+%E5%81%A5%E5%BA%B7%E6%A1%88+%E5%9B%9B%E5%BA%9C+%E8%A8%BA%E7%99%82+&oid=1570057 HTTP/1.1" 200 3360
66.249.71.216 - - [30/Aug/2015:04:09:38 +0800] "GET /content/nav/relationSubject.jsp?relationWords=%E4%BF%9D%E5%81%A5%20%E5%81%A5%E5%BA%B7%E6%A1%88%20%E5%9B%9B%E5%BA%9C%20%E8%A8%BA%E7%99%82%20&oid=1570057 HTTP/1.1" 200 3360
66.249.71.217 - - [30/Aug/2015:04:09:40 +0800] "GET /digiarch3/content/subject/resource_content.jsp?oid=16777443&queryType=qc HTTP/1.1" 200 40049
66.249.71.45 - - [30/Aug/2015:04:09:41 +0800] "GET /content/nav/relationSubject.jsp?relationWords=%E6%A5%8A%E9%B3%B3%E9%B3%B4+%E8%AA%BF%E6%9F%A5%E5%93%A1+&oid=609976 HTTP/1.1" 200 3520
66.249.71.36 - - [30/Aug/2015:04:09:46 +0800] "GET /content/nav/relationSubject.jsp?relationWords=%E6%A5%8A%E9%B3%B3%E9%B3%B4%20%E8%AA%BF%E6%9F%A5%E5%93%A1%20&oid=609976 HTTP/1.1" 200 3520
66.249.71.229 - - [30/Aug/2015:04:09:54 +0800] "GET /content/subject/resource_content.jsp?oid=16777822&queryType=qs&queryString=%E5%9C%8B%E7%AB%8B%E8%87%BA%E7%81%A3%E5%A4%A7%E5%AD%B8 HTTP/1.1" 200 45617
66.249.71.113 - - [30/Aug/2015:04:09:54 +0800] "GET /content/nav/relationSubject.jsp?relationWords=%E5%90%8F%E9%83%A8+%E7%8D%B2%E8%B3%8A+&oid=2669608 HTTP/1.1" 200 4015
66.249.71.113 - - [30/Aug/2015:04:09:57 +0800] "GET /content/nav/relationSubject.jsp?relationWords=%E5%90%8F%E9%83%A8%20%E7%8D%B2%E8%B3%8A%20&oid=2669608 HTTP/1.1" 200 4015
66.249.71.216 - - [30/Aug/2015:04:10:01 +0800] "GET /content/nav/relationSubject.jsp?relationWords=%E8%A1%A8%E5%BD%B0+&oid=1539192 HTTP/1.1" 200 5417
66.249.71.206 - - [30/Aug/2015:04:10:05 +0800] "GET /content/nav/relationSubject.jsp?relationWords=%E8%A1%A8%E5%BD%B0%20&oid=1539192 HTTP/1.1" 200 5417
66.249.71.121 - - [30/Aug/2015:04:10:21 +0800] "GET /content/nav/relationSubject.jsp?relationWords=%E9%99%B8%E6%B8%AC%E5%9C%96+&oid=217260 HTTP/1.1" 200 3079
66.249.71.121 - - [30/Aug/2015:04:10:23 +0800] "GET /content/nav/relationSubject.jsp?relationWords=%E9%99%B8%E6%B8%AC%E5%9C%96%20&oid=217260 HTTP/1.1" 200 3079
66.249.71.105 - - [30/Aug/2015:04:10:39 +0800] "GET /content/nav/relationSubject.jsp?relationWords=%E5%90%8F%E9%83%A8+%E6%85%B6%E9%99%BD+%E6%85%B6%E9%99%BD%E5%BA%9C+%E7%9F%A5%E5%BA%9C+%E9%8E%AE%E8%A5%BF%E5%BA%9C+&oid=2683974 HTTP/1.1" 200 3271
66.249.71.113 - - [30/Aug/2015:04:10:40 +0800] "GET /content/nav/relationSubject.jsp?relationWords=%E5%90%8F%E9%83%A8+%E5%A4%A7%E9%81%B8%E5%BA%9C+&oid=2512379 HTTP/1.1" 200 3151
66.249.71.105 - - [30/Aug/2015:04:10:41 +0800] "GET /content/nav/relationSubject.jsp?relationWords=%E5%90%8F%E9%83%A8%20%E5%A4%A7%E9%81%B8%E5%BA%9C%20&oid=2512379 HTTP/1.1" 200 3151
66.249.71.249 - - [30/Aug/2015:04:10:43 +0800] "GET /content/repository/resource_content.jsp?oid=1894286 HTTP/1.1" 200 28566
66.249.71.105 - - [30/Aug/2015:04:10:43 +0800] "GET /content/nav/relationSubject.jsp?relationWords=%E5%90%8F%E9%83%A8%20%E6%85%B6%E9%99%BD%20%E6%85%B6%E9%99%BD%E5%BA%9C%20%E7%9F%A5%E5%BA%9C%20%E9%8E%AE%E8%A5%BF%E5%BA%9C%20&oid=2683974 HTTP/1.1" 200 3271
66.249.71.239 - - [30/Aug/2015:04:11:50 +0800] "GET /content/nav/relationSubject.jsp?relationWords=%E6%A4%8D%E7%89%A9%E7%95%8C+%E6%AD%90%E6%B4%B2%E9%BB%83%E8%8F%80+%E8%8F%8A%E7%A7%91+%E9%9B%99%E5%AD%90%E8%91%89+%E9%9B%99%E5%AD%90%E8%91%89%E6%A4%8D%E7%89%A9+%E9%BB%83%E8%8F%80+%E9%BB%83%E8%8F%80%E5%B1%AC+&oid=1106019 HTTP/1.1" 200 3530
66.249.71.121 - - [30/Aug/2015:04:11:51 +0800] "GET /content/nav/relationSubject.jsp?relationWords=&oid=2674376 HTTP/1.1" 200 1405
66.249.71.239 - - [30/Aug/2015:04:11:52 +0800] "GET /content/nav/relationSubject.jsp?relationWords=%E6%A4%8D%E7%89%A9%E7%95%8C%20%E6%AD%90%E6%B4%B2%E9%BB%83%E8%8F%80%20%E8%8F%8A%E7%A7%91%20%E9%9B%99%E5%AD%90%E8%91%89%20%E9%9B%99%E5%AD%90%E8%91%89%E6%A4%8D%E7%89%A9%20%E9%BB%83%E8%8F%80%20%E9%BB%83%E8%8F%80%E5%B1%AC%20&oid=1106019 HTTP/1.1" 200 3530
66.249.71.249 - - [30/Aug/2015:04:12:13 +0800] "GET /content/subject/resource_content.jsp?oid=16777640&queryString=%E6%9E%97%E7%8D%BB%E5%A0%82%20%E7%81%8C%E5%9C%92%E5%85%88%E7%94%9F%20%E9%9C%A7%E5%B3%B0 HTTP/1.1" 200 62173
66.249.71.239 - - [30/Aug/2015:04:12:19 +0800] "GET /content/nav/relationSubject.jsp?relationWords=%E7%89%9B%E5%B1%8E%E9%AF%BD%E4%BB%94+%E9%AF%89%E7%A7%91+&oid=4352014 HTTP/1.1" 200 3589
66.249.71.249 - - [30/Aug/2015:04:12:22 +0800] "GET /content/nav/relationSubject.jsp?relationWords=%E7%89%9B%E5%B1%8E%E9%AF%BD%E4%BB%94%20%E9%AF%89%E7%A7%91%20&oid=4352014 HTTP/1.1" 200 3589
217.73.208.147 - - [30/Aug/2015:04:12:37 +0800] "GET /digiarch_en/content/subject/resource_content.jsp?oid=16777599&queryType=qc HTTP/1.0" 200 33391
66.249.79.193 - - [30/Aug/2015:04:12:41 +0800] "GET /content/nav/relationSubject.jsp?relationWords=&oid=2565261 HTTP/1.1" 200 1405
66.249.71.229 - - [30/Aug/2015:04:12:51 +0800] "GET /digiarch_en/content/repository/resource_content.jsp?oid=1126280&queryString=%E5%B0%96%E8%A7%92%E6%B1%9F%E7%8F%A7%E8%9B%A4%20%E6%B1%9F%E7%8F%A7%E8%9B%A4%20%E8%9B%A4%E7%A7%91%20%E8%B2%BD%E8%B2%9D%20%E9%9B%99%E6%AE%BC%E7%B6%B1 HTTP/1.1" 200 24266
66.249.71.196 - - [30/Aug/2015:04:13:00 +0800] "GET /digiarch3/content/nav/relationSubject.jsp?relationWords=&oid=2521062 HTTP/1.1" 200 1405
66.249.71.121 - - [30/Aug/2015:04:13:10 +0800] "GET /content/nav/relationSubject.jsp?relationWords=%E7%B9%85%E7%B5%B2+&oid=627611 HTTP/1.1" 200 3588
66.249.71.105 - - [30/Aug/2015:04:13:12 +0800] "GET /content/nav/relationSubject.jsp?relationWords=%E7%B9%85%E7%B5%B2%20&oid=627611 HTTP/1.1" 200 3588
66.249.71.113 - - [30/Aug/2015:04:13:14 +0800] "GET /content/repository/resource_content.jsp?oid=2599019&queryType=qs&queryString=%E6%9D%8E%E7%A6%8E HTTP/1.1" 200 29215
66.249.71.229 - - [30/Aug/2015:04:13:19 +0800] "GET /content/repository/resource_content.jsp?oid=1774348 HTTP/1.1" 200 26808
66.249.71.229 - - [30/Aug/2015:04:13:32 +0800] "GET /content/repository/resource_content.jsp?oid=3820351&queryString=%E7%B4%AB%E8%96%87 HTTP/1.1" 200 31373
66.249.71.105 - - [30/Aug/2015:04:13:32 +0800] "GET /content/nav/relationSubject.jsp?relationWords=%E5%8A%A0%E8%9A%8B%E5%9F%94+%E5%B9%B3%E5%9F%94%E6%97%8F+%E6%9D%B1%E5%8A%A0+%E6%B0%91%E6%97%8F%E9%9F%B3%E6%A8%82+%E8%A5%BF%E6%8B%89%E9%9B%85%E6%97%8F+%E9%A6%AC%E5%8D%A1%E9%81%93%E6%97%8F+&oid=1775971 HTTP/1.1" 200 4213
66.249.71.121 - - [30/Aug/2015:04:13:35 +0800] "GET /content/nav/relationSubject.jsp?relationWords=%E5%8A%A0%E8%9A%8B%E5%9F%94%20%E5%B9%B3%E5%9F%94%E6%97%8F%20%E6%9D%B1%E5%8A%A0%20%E6%B0%91%E6%97%8F%E9%9F%B3%E6%A8%82%20%E8%A5%BF%E6%8B%89%E9%9B%85%E6%97%8F%20%E9%A6%AC%E5%8D%A1%E9%81%93%E6%97%8F%20&oid=1775971 HTTP/1.1" 200 4213
123.125.71.13 - - [30/Aug/2015:04:13:48 +0800] "GET /content/repository/resource_content.jsp?oid=2580145 HTTP/1.1" 200 29706
66.249.71.206 - - [30/Aug/2015:04:15:21 +0800] "GET /content/subject/resource_content.jsp?oid=16777484&queryType=qc HTTP/1.1" 200 72157
66.249.71.121 - - [30/Aug/2015:04:15:34 +0800] "GET /content/repository/resource_content.jsp?oid=4387854&queryType=qs&queryString=%E7%B1%B3%E9%85%92 HTTP/1.1" 200 30517
66.249.71.105 - - [30/Aug/2015:04:15:47 +0800] "GET /content/repository/resource_content.jsp?oid=2661280&queryType=qs&queryString=%E6%B0%B8%E5%AE%9A HTTP/1.1" 200 30151
66.249.71.226 - - [30/Aug/2015:04:16:00 +0800] "GET /content/repository/resource_content.jsp?oid=15295&queryString=%E5%A8%98%E4%BB%94%E9%AD%9A%20%E5%B8%B6%E5%B0%BE%E6%96%B0%E9%9A%86%E9%AD%9A%20%E8%8A%B1%E5%B0%BE%20%E8%A7%92%E9%BE%8D%20%E9%9A%86%E9%A0%AD%E9%AD%9A%E7%A7%91%20%E9%B0%AD%E9%AD%9A%20%E9%B8%9A%E9%AF%9B HTTP/1.1" 200 34712
66.249.71.121 - - [30/Aug/2015:04:16:15 +0800] "GET /content/repository/resource_content.jsp?oid=2681715&queryType=qs&queryString=%E4%B8%89%E6%B3%B0 HTTP/1.1" 200 30370
66.249.71.249 - - [30/Aug/2015:04:16:28 +0800] "GET /content/repository/resource_content.jsp?oid=1554944 HTTP/1.1" 200 31739
66.249.71.113 - - [30/Aug/2015:04:16:47 +0800] "GET /content/nav/relationSubject.jsp?relationWords=%E9%BB%83%E5%AE%B6%E5%B6%BA%E7%95%AB%E8%B1%A1+&oid=1832402 HTTP/1.1" 200 3072
66.249.71.121 - - [30/Aug/2015:04:16:49 +0800] "GET /content/nav/relationSubject.jsp?relationWords=%E9%BB%83%E5%AE%B6%E5%B6%BA%E7%95%AB%E8%B1%A1%20&oid=1832402 HTTP/1.1" 200 3072
66.249.79.195 - - [30/Aug/2015:04:16:50 +0800] "GET /content/nav/relationSubject.jsp?relationWords=%E7%99%BD%E5%8D%83%E5%B1%A4+&oid=16777313 HTTP/1.1" 200 3846
66.249.71.206 - - [30/Aug/2015:04:16:52 +0800] "GET /content/nav/relationSubject.jsp?relationWords=%E7%99%BD%E5%8D%83%E5%B1%A4%20&oid=16777313 HTTP/1.1" 200 3846
66.249.71.113 - - [30/Aug/2015:04:16:58 +0800] "GET /content/nav/relationSubject.jsp?relationWords=&oid=2571057 HTTP/1.1" 200 1405
66.249.71.113 - - [30/Aug/2015:04:17:02 +0800] "GET /content/nav/relationSubject.jsp?relationWords=%E5%8A%9F%E6%9B%B9+%E6%B2%82%E6%B0%B4+%E7%9F%B3%E9%97%95+&oid=1814336 HTTP/1.1" 200 4192
66.249.71.105 - - [30/Aug/2015:04:17:04 +0800] "GET /content/nav/relationSubject.jsp?relationWords=%E5%8A%9F%E6%9B%B9%20%E6%B2%82%E6%B0%B4%20%E7%9F%B3%E9%97%95%20&oid=1814336 HTTP/1.1" 200 4192
217.73.208.147 - - [30/Aug/2015:04:17:06 +0800] "GET /digiarch_en/content/subject/resource_content.jsp?oid=16777721&queryType=qc HTTP/1.0" 200 31280
66.249.71.229 - - [30/Aug/2015:04:17:11 +0800] "GET /content/nav/relationSubject.jsp?relationWords=%E5%8F%B0%E7%81%A3%E4%BA%8C%E8%91%89%E6%9D%BE+%E6%9D%BE%E5%B1%AC+%E6%9D%BE%E6%9D%89+%E6%9D%BE%E7%A7%91+%E6%A4%8D%E7%89%A9%E7%95%8C+%E6%AF%AC%E6%9E%9C+&oid=2151163 HTTP/1.1" 200 3378
66.249.71.229 - - [30/Aug/2015:04:17:13 +0800] "GET /content/nav/relationSubject.jsp?relationWords=%E5%8F%B0%E7%81%A3%E4%BA%8C%E8%91%89%E6%9D%BE%20%E6%9D%BE%E5%B1%AC%20%E6%9D%BE%E6%9D%89%20%E6%9D%BE%E7%A7%91%20%E6%A4%8D%E7%89%A9%E7%95%8C%20%E6%AF%AC%E6%9E%9C%20&oid=2151163 HTTP/1.1" 200 3378
66.249.71.113 - - [30/Aug/2015:04:17:23 +0800] "GET /content/nav/relationSubject.jsp?relationWords=%E6%B5%B7%E5%AF%87+%E6%BB%BF%E6%96%87+%E6%BB%BF%E6%96%87%E6%9C%AC+&oid=2677858 HTTP/1.1" 200 3151
66.249.71.121 - - [30/Aug/2015:04:17:25 +0800] "GET /content/nav/relationSubject.jsp?relationWords=%E6%B5%B7%E5%AF%87%20%E6%BB%BF%E6%96%87%20%E6%BB%BF%E6%96%87%E6%9C%AC%20&oid=2677858 HTTP/1.1" 200 3151
66.249.79.115 - - [30/Aug/2015:04:17:43 +0800] "GET /content/nav/relationSubject.jsp?relationWords=%E7%A5%96%E9%9D%88+%E7%A5%96%E9%9D%88%E5%B1%8B+%E7%A5%AD%E5%84%80+&oid=4388145 HTTP/1.1" 200 4133
66.249.71.121 - - [30/Aug/2015:04:17:45 +0800] "GET /content/nav/relationSubject.jsp?relationWords=%E7%A5%96%E9%9D%88%20%E7%A5%96%E9%9D%88%E5%B1%8B%20%E7%A5%AD%E5%84%80%20&oid=4388145 HTTP/1.1" 200 4133
66.249.71.121 - - [30/Aug/2015:04:17:55 +0800] "GET /content/nav/relationSubject.jsp?relationWords=%E8%87%A8%E6%B8%85+%E9%8A%80%E7%B1%B3+&oid=2510272 HTTP/1.1" 200 4059
66.249.71.113 - - [30/Aug/2015:04:17:58 +0800] "GET /content/nav/relationSubject.jsp?relationWords=%E8%87%A8%E6%B8%85%20%E9%8A%80%E7%B1%B3%20&oid=2510272 HTTP/1.1" 200 4059
66.249.71.239 - - [30/Aug/2015:04:18:20 +0800] "GET /content/subject/resource_content.jsp?oid=16777443&queryString=%E8%98%AD%E5%B6%BC%E7%BE%85%E6%BC%A2%E6%9D%BE HTTP/1.1" 200 41397
66.249.71.249 - - [30/Aug/2015:04:18:34 +0800] "GET /content/repository/resource_content.jsp?oid=1102606 HTTP/1.1" 200 30991
66.249.71.229 - - [30/Aug/2015:04:18:46 +0800] "GET /content/repository/resource_content.jsp?oid=1776471 HTTP/1.1" 200 27239
66.249.79.121 - - [30/Aug/2015:04:18:56 +0800] "GET /content/nav/relationSubject.jsp?relationWords=%E7%97%85%E5%BA%8A+%E7%99%82%E9%A4%8A%E9%99%A2+%E7%B2%BE%E7%A5%9E%E7%97%85%E6%82%A3+&oid=1551221 HTTP/1.1" 200 6560
66.249.79.179 - - [30/Aug/2015:04:18:57 +0800] "GET /digiarch3/content/nav/relationSubject.jsp?relationWords=%E8%85%B9%E8%B6%B3%E7%B6%B1+%E8%8A%B1%E9%9D%92%E8%9E%BA+%E8%93%AE%E8%8A%B1%E9%9D%92%E8%9E%BA+%E8%93%AE%E8%8A%B1%E9%9D%92%E8%9E%BA%E7%A7%91+%E8%BB%9F%E9%AB%94%E5%8B%95%E7%89%A9%E9%96%80+%E9%9D%92%E8%9E%BA+%E9%B5%9C%E8%B6%B3%E9%9D%92%E8%9E%BA+&oid=4548143 HTTP/1.1" 200 3586
66.249.71.105 - - [30/Aug/2015:04:18:58 +0800] "GET /content/nav/relationSubject.jsp?relationWords=%E7%97%85%E5%BA%8A%20%E7%99%82%E9%A4%8A%E9%99%A2%20%E7%B2%BE%E7%A5%9E%E7%97%85%E6%82%A3%20&oid=1551221 HTTP/1.1" 200 6560
66.249.71.207 - - [30/Aug/2015:04:19:00 +0800] "GET /digiarch3/content/nav/relationSubject.jsp?relationWords=%E8%85%B9%E8%B6%B3%E7%B6%B1%20%E8%8A%B1%E9%9D%92%E8%9E%BA%20%E8%93%AE%E8%8A%B1%E9%9D%92%E8%9E%BA%20%E8%93%AE%E8%8A%B1%E9%9D%92%E8%9E%BA%E7%A7%91%20%E8%BB%9F%E9%AB%94%E5%8B%95%E7%89%A9%E9%96%80%20%E9%9D%92%E8%9E%BA%20%E9%B5%9C%E8%B6%B3%E9%9D%92%E8%9E%BA%20&oid=4548143 HTTP/1.1" 200 3586
66.249.71.229 - - [30/Aug/2015:04:19:01 +0800] "GET /content/repository/resource_content.jsp?oid=1594740&queryType=qs&queryString=%E8%AD%B7%E7%90%86%E4%BA%BA%E5%93%A1 HTTP/1.1" 200 28668
66.249.71.249 - - [30/Aug/2015:04:19:14 +0800] "GET /digiarch_en/content/repository/resource_content.jsp?oid=4388083&queryString=%E4%BA%94%E5%B9%B4%E7%A5%AD%20%E5%88%BA%E7%90%83%20%E7%A5%AD%E5%84%80 HTTP/1.1" 200 24919
66.249.71.113 - - [30/Aug/2015:04:19:25 +0800] "GET /content/nav/relationSubject.jsp?relationWords=%E5%99%B6%E7%91%AA%E8%98%AD%E6%97%8F+%E9%81%A0%E6%97%8F+&oid=1774605 HTTP/1.1" 200 2975
66.249.71.36 - - [30/Aug/2015:04:19:27 +0800] "GET /content/repository/resource_content.jsp?oid=523619&queryType=qc&queryString= HTTP/1.1" 200 35644
66.249.71.121 - - [30/Aug/2015:04:19:29 +0800] "GET /content/nav/relationSubject.jsp?relationWords=%E5%99%B6%E7%91%AA%E8%98%AD%E6%97%8F%20%E9%81%A0%E6%97%8F%20&oid=1774605 HTTP/1.1" 200 2975
66.249.79.115 - - [30/Aug/2015:04:19:51 +0800] "GET /content/nav/relationSubject.jsp?relationWords=%E5%A4%AA%E5%83%95%E5%AF%BA+%E9%A8%8D%E9%A6%AC%E7%BE%A4+&oid=2674669 HTTP/1.1" 200 3164
66.249.71.113 - - [30/Aug/2015:04:19:52 +0800] "GET /content/nav/relationSubject.jsp?relationWords=%E5%A4%AA%E5%83%95%E5%AF%BA%20%E9%A8%8D%E9%A6%AC%E7%BE%A4%20&oid=2674669 HTTP/1.1" 200 3164
114.36.225.243 - - [30/Aug/2015:04:20:17 +0800] "GET /content/nav/relationSubject.jsp?relationWords=%E6%BE%A4%E8%98%AD+%E8%8A%B1%E8%94%93+%E8%94%93%E6%BE%A4+%E8%94%93%E6%BE%A4%E8%98%AD+&oid=16777266 HTTP/1.1" 200 4343
66.249.71.229 - - [30/Aug/2015:04:20:21 +0800] "GET /content/nav/relationSubject.jsp?relationWords=%E5%88%91%E9%83%A8+&oid=2674747 HTTP/1.1" 200 3095
66.249.71.249 - - [30/Aug/2015:04:20:23 +0800] "GET /content/nav/relationSubject.jsp?relationWords=%E5%88%91%E9%83%A8%20&oid=2674747 HTTP/1.1" 200 3095
66.249.71.105 - - [30/Aug/2015:04:20:33 +0800] "GET /content/nav/relationSubject.jsp?relationWords=%E5%91%A8%E5%80%89+&oid=4361969 HTTP/1.1" 200 3006
66.249.71.121 - - [30/Aug/2015:04:20:49 +0800] "GET /content/nav/relationSubject.jsp?relationWords=%E6%B3%B0%E9%9B%85+%E6%B3%B0%E9%9B%85%E6%97%8F+%E7%B7%A8%E7%B6%B2+%E7%B7%A8%E7%B6%B2%E9%87%9D+&oid=1782944 HTTP/1.1" 200 3842
66.249.71.121 - - [30/Aug/2015:04:20:54 +0800] "GET /content/nav/relationSubject.jsp?relationWords=%E6%B3%B0%E9%9B%85%20%E6%B3%B0%E9%9B%85%E6%97%8F%20%E7%B7%A8%E7%B6%B2%20%E7%B7%A8%E7%B6%B2%E9%87%9D%20&oid=1782944 HTTP/1.1" 200 3842
66.249.71.249 - - [30/Aug/2015:04:21:29 +0800] "GET /content/subject/resource_content.jsp?oid=16777503&queryString= HTTP/1.1" 200 40648
