66.249.74.60 - - [13/Oct/2015:08:49:43 +0800] "GET /content/nav/relationSubject.jsp?relationWords=%E4%BF%9D%E9%9A%AA+%E4%BF%9D%E9%9A%AA%E9%87%91+%E5%AD%98%E6%AC%BE+%E6%97%A5%E6%93%9A%E6%99%82%E4%BB%A3+%E7%9C%81%E6%94%BF%E5%BA%9C+%E8%87%BA%E7%81%A3%E7%9C%81%E8%AD%B0%E6%9C%83+%E8%B3%B4%E6%B7%B5%E5%B9%B3+%E9%83%B5%E4%BE%BF+%E9%83%B5%E4%BE%BF%E5%AD%98%E6%AC%BE+%E9%83%B5%E5%B1%80+&oid=1533141 HTTP/1.1" 200 4907
66.249.71.60 - - [13/Oct/2015:08:49:44 +0800] "GET /content/repository/resource_content.jsp?oid=830960 HTTP/1.1" 200 28052
66.249.71.41 - - [13/Oct/2015:08:49:45 +0800] "GET /content/nav/relationSubject.jsp?relationWords=%E4%BF%9D%E9%9A%AA%20%E4%BF%9D%E9%9A%AA%E9%87%91%20%E5%AD%98%E6%AC%BE%20%E6%97%A5%E6%93%9A%E6%99%82%E4%BB%A3%20%E7%9C%81%E6%94%BF%E5%BA%9C%20%E8%87%BA%E7%81%A3%E7%9C%81%E8%AD%B0%E6%9C%83%20%E8%B3%B4%E6%B7%B5%E5%B9%B3%20%E9%83%B5%E4%BE%BF%20%E9%83%B5%E4%BE%BF%E5%AD%98%E6%AC%BE%20%E9%83%B5%E5%B1%80%20&oid=1533141 HTTP/1.1" 200 4907
66.249.71.60 - - [13/Oct/2015:08:50:17 +0800] "GET /content/repository/resource_content.jsp?oid=1110806 HTTP/1.1" 200 29729
66.249.71.64 - - [13/Oct/2015:08:50:34 +0800] "GET /content/nav/relationSubject.jsp?relationWords=%E5%90%8F%E9%83%A8+%E5%A4%A9%E6%B4%A5%E7%B8%A3+%E5%A5%89%E8%AB%AD+&oid=2640387 HTTP/1.1" 200 3171
66.249.71.64 - - [13/Oct/2015:08:50:36 +0800] "GET /content/nav/relationSubject.jsp?relationWords=%E5%90%8F%E9%83%A8%20%E5%A4%A9%E6%B4%A5%E7%B8%A3%20%E5%A5%89%E8%AB%AD%20&oid=2640387 HTTP/1.1" 200 3171
66.249.71.60 - - [13/Oct/2015:08:50:45 +0800] "GET /content/repository/resource_content.jsp?oid=2623743 HTTP/1.1" 200 28977
66.249.71.64 - - [13/Oct/2015:08:51:18 +0800] "GET /content/repository/resource_content.jsp?oid=1115086 HTTP/1.1" 200 30725
66.249.71.60 - - [13/Oct/2015:08:51:47 +0800] "GET /content/repository/resource_content.jsp?oid=1462295 HTTP/1.1" 200 31376
66.249.71.5 - - [13/Oct/2015:08:52:17 +0800] "GET /digiarch3/content/repository/resource_content.jsp?oid=15347&queryType=qs&queryString=%E7%80%89%E6%B9%96 HTTP/1.1" 200 34372
157.55.39.228 - - [13/Oct/2015:08:52:30 +0800] "GET /content/repository/resource_content.jsp?oid=523997&queryType=qc HTTP/1.1" 200 35627
66.249.71.72 - - [13/Oct/2015:08:52:48 +0800] "GET /content/repository/resource_content.jsp?oid=1541831 HTTP/1.1" 200 28587
66.249.71.23 - - [13/Oct/2015:08:53:00 +0800] "GET /digiarch3/content/repository/resource_content.jsp?oid=2679499&queryType=qs&queryString=%E5%8A%A0%E6%81%A9 HTTP/1.1" 200 30482
66.249.71.60 - - [13/Oct/2015:08:53:18 +0800] "GET /content/repository/resource_content.jsp?oid=1517684 HTTP/1.1" 200 28395
66.249.71.41 - - [13/Oct/2015:08:53:29 +0800] "GET /content/nav/relationSubject.jsp?relationWords=%E4%B8%AD%E8%97%A5+%E4%BF%A1%E7%94%A8%E5%90%88%E4%BD%9C%E7%A4%BE+%E5%8D%B0%E8%8A%B1%E7%A8%85+%E6%95%99%E8%82%B2%E5%BB%B3+%E7%87%9F%E6%A5%AD%E7%A8%85+%E7%A8%85%E6%8D%90+%E7%A8%85%E6%94%B6+%E7%B6%9C%E5%90%88%E6%89%80%E5%BE%97%E7%A8%85+%E8%87%BA%E4%B8%AD%E5%B8%82+%E8%87%BA%E4%B8%AD%E5%B8%82%E8%AD%B0%E6%9C%83+%E8%99%95%E9%95%B7+%E8%B2%A1%E6%94%BF%E5%BB%B3+&oid=1549803 HTTP/1.1" 200 5376
66.249.71.50 - - [13/Oct/2015:08:53:30 +0800] "GET /content/nav/relationSubject.jsp?relationWords=%E4%B8%AD%E8%97%A5%20%E4%BF%A1%E7%94%A8%E5%90%88%E4%BD%9C%E7%A4%BE%20%E5%8D%B0%E8%8A%B1%E7%A8%85%20%E6%95%99%E8%82%B2%E5%BB%B3%20%E7%87%9F%E6%A5%AD%E7%A8%85%20%E7%A8%85%E6%8D%90%20%E7%A8%85%E6%94%B6%20%E7%B6%9C%E5%90%88%E6%89%80%E5%BE%97%E7%A8%85%20%E8%87%BA%E4%B8%AD%E5%B8%82%20%E8%87%BA%E4%B8%AD%E5%B8%82%E8%AD%B0%E6%9C%83%20%E8%99%95%E9%95%B7%20%E8%B2%A1%E6%94%BF%E5%BB%B3%20&oid=1549803 HTTP/1.1" 200 5376
66.249.71.50 - - [13/Oct/2015:08:53:42 +0800] "GET /content/nav/relationSubject.jsp?relationWords=%E5%8F%B0%E7%81%A3%E7%A7%8B%E6%B5%B7%E6%A3%A0+%E6%A4%8D%E7%89%A9%E7%95%8C+%E7%A7%8B%E6%B5%B7%E6%A3%A0%E5%B1%AC+%E7%A7%8B%E6%B5%B7%E6%A3%A0%E7%A7%91+%E8%8F%AB%E8%8F%9C+&oid=1107694 HTTP/1.1" 200 3519
66.249.71.41 - - [13/Oct/2015:08:53:44 +0800] "GET /content/nav/relationSubject.jsp?relationWords=%E5%8F%B0%E7%81%A3%E7%A7%8B%E6%B5%B7%E6%A3%A0%20%E6%A4%8D%E7%89%A9%E7%95%8C%20%E7%A7%8B%E6%B5%B7%E6%A3%A0%E5%B1%AC%20%E7%A7%8B%E6%B5%B7%E6%A3%A0%E7%A7%91%20%E8%8F%AB%E8%8F%9C%20&oid=1107694 HTTP/1.1" 200 3519
66.249.71.60 - - [13/Oct/2015:08:53:49 +0800] "GET /content/repository/resource_content.jsp?oid=2689251&queryString=%E5%A5%8F%E6%91%BA HTTP/1.1" 200 30789
66.249.71.50 - - [13/Oct/2015:08:54:20 +0800] "GET /content/repository/resource_content.jsp?oid=3821878&queryString=%E6%84%9B%E7%8E%89%E5%AD%90%20%E6%A4%8D%E7%89%A9%E7%95%8C%20%E6%A6%95%E5%B1%AC HTTP/1.1" 200 30906
66.249.74.18 - - [13/Oct/2015:08:54:51 +0800] "GET /content/repository/resource_content.jsp?oid=2632638 HTTP/1.1" 200 29387
163.32.230.119 - - [13/Oct/2015:08:54:53 +0800] "GET /content/nav/relationSubject.jsp?relationWords=%E9%98%BF%E5%8B%83%E5%8B%92+&oid=16777368 HTTP/1.1" 200 2917
66.249.71.50 - - [13/Oct/2015:08:55:21 +0800] "GET /content/repository/resource_content.jsp?oid=1553796&queryString=%E6%86%B2%E6%B3%95 HTTP/1.1" 200 30384
66.249.71.64 - - [13/Oct/2015:08:55:42 +0800] "GET /content/nav/relationSubject.jsp?relationWords=%E5%A4%A7%E4%BD%BF+%E9%B9%BD%E5%8B%99+%E9%B9%BD%E8%AA%B2+&oid=2520929 HTTP/1.1" 200 4470
66.249.71.72 - - [13/Oct/2015:08:55:45 +0800] "GET /content/nav/relationSubject.jsp?relationWords=%E5%A4%A7%E4%BD%BF%20%E9%B9%BD%E5%8B%99%20%E9%B9%BD%E8%AA%B2%20&oid=2520929 HTTP/1.1" 200 4470
66.249.71.50 - - [13/Oct/2015:08:55:52 +0800] "GET /content/repository/resource_content.jsp?oid=3818673&queryString=%E5%A4%A7%E6%88%9F%20%E5%A4%A7%E6%88%9F%E7%A7%91%20%E5%BB%A3%E6%9D%B1%E6%B2%B9%E6%A1%90%20%E6%A4%8D%E7%89%A9%E7%95%8C%20%E6%B2%B9%E6%A1%90%E5%B1%AC%20%E7%9A%BA%E6%A1%90 HTTP/1.1" 200 31174
66.249.74.60 - - [13/Oct/2015:08:56:23 +0800] "GET /content/repository/resource_content.jsp?oid=1874630&queryString=%E7%8A%A7%E9%A6%96%20%E7%8D%B8%E9%9D%A2%E7%B4%8B HTTP/1.1" 200 30902
66.249.71.41 - - [13/Oct/2015:08:56:53 +0800] "GET /content/repository/resource_content.jsp?oid=1595360&queryType=qs&queryString=%E7%99%BE%E8%B2%A8%E5%85%AC%E5%8F%B8 HTTP/1.1" 200 31867
66.249.71.60 - - [13/Oct/2015:08:57:24 +0800] "GET /content/repository/resource_content.jsp?oid=1078442 HTTP/1.1" 200 29195
66.249.74.120 - - [13/Oct/2015:08:57:29 +0800] "GET /digiarch3/content/subject/resource_content.jsp?oid=16777376&queryType=qs&queryString=%E6%81%86%E6%98%A5%E5%8D%8A%E5%B3%B6 HTTP/1.1" 200 35824
66.249.74.60 - - [13/Oct/2015:08:57:55 +0800] "GET /content/repository/resource_content.jsp?oid=1779912&queryString=%E5%A4%9A%E6%A8%A3%E6%80%A7%20%E6%A3%B2%E5%9C%B0%20%E9%9B%85%E7%BE%8E%E6%97%8F HTTP/1.1" 200 33855
66.249.71.64 - - [13/Oct/2015:08:58:28 +0800] "GET /content/repository/resource_content.jsp?oid=3819386&queryString=%E6%A1%90%E8%91%89%20%E6%B5%B7%E6%A1%90%20%E6%B5%B7%E6%A1%90%E8%91%89%E7%99%BD%E8%8B%B1%20%E7%8E%89%E5%B1%B1%E8%8C%84%20%E7%99%BD%E8%8B%B1%20%E8%8C%84%E5%B1%AC HTTP/1.1" 200 31106
66.249.71.50 - - [13/Oct/2015:08:58:56 +0800] "GET /content/repository/resource_content.jsp?oid=1572514&queryString=%E4%BA%8C%E4%BA%8C%E5%BA%9C%20%E5%BA%9C%E5%BB%BA%E6%B0%B4%20%E6%B0%B4%E5%AD%97%20%E6%B0%B4%E8%B3%87%E6%BA%90%20%E9%81%94%E8%A6%8B HTTP/1.1" 200 29421
66.249.71.41 - - [13/Oct/2015:08:59:26 +0800] "GET /content/repository/resource_content.jsp?oid=1575353&queryString=%E9%86%AB%E8%AD%B7%E4%BA%BA%E5%93%A1 HTTP/1.1" 200 29879
66.249.71.50 - - [13/Oct/2015:08:59:57 +0800] "GET /content/repository/resource_content.jsp?oid=4360560&queryString=%E7%BE%BD%E5%86%A0 HTTP/1.1" 200 28102
66.249.71.72 - - [13/Oct/2015:09:00:27 +0800] "GET /content/repository/resource_content.jsp?oid=2676141&queryString=%E5%A5%8F%E6%B5%99%20%E6%B5%99%E7%9C%81%20%E9%8A%80%E6%95%B8 HTTP/1.1" 200 30307
66.249.71.64 - - [13/Oct/2015:09:00:58 +0800] "GET /digiarch_en/content/repository/resource_content.jsp?oid=15175&queryString=%E5%B0%BE%E6%96%91 HTTP/1.1" 200 25781
66.249.71.64 - - [13/Oct/2015:09:01:29 +0800] "GET /content/repository/resource_content.jsp?oid=1545153 HTTP/1.1" 200 29772
66.249.71.64 - - [13/Oct/2015:09:01:59 +0800] "GET /content/repository/resource_content.jsp?oid=2690049&queryString=%E5%88%91%E7%A7%91%20%E7%A7%91%E6%8A%84 HTTP/1.1" 200 30265
66.249.71.146 - - [13/Oct/2015:09:02:10 +0800] "GET /content/repository/resource_content.jsp?oid=2670920&queryType=qs&queryString=%E5%A9%AA%E7%B4%A2 HTTP/1.1" 200 30517
66.249.71.60 - - [13/Oct/2015:09:02:13 +0800] "GET /content/nav/relationSubject.jsp?relationWords=%E6%9F%BF%E6%A8%B9+%E6%A4%8D%E7%89%A9%E7%95%8C+%E6%A5%8A%E6%A1%90%E8%91%89%E7%81%B0%E6%9C%A8+%E7%81%B0%E6%9C%A8+%E7%81%B0%E6%9C%A8%E5%B1%AC+&oid=3813151 HTTP/1.1" 200 3437
66.249.71.64 - - [13/Oct/2015:09:02:14 +0800] "GET /content/nav/relationSubject.jsp?relationWords=%E6%9F%BF%E6%A8%B9%20%E6%A4%8D%E7%89%A9%E7%95%8C%20%E6%A5%8A%E6%A1%90%E8%91%89%E7%81%B0%E6%9C%A8%20%E7%81%B0%E6%9C%A8%20%E7%81%B0%E6%9C%A8%E5%B1%AC%20&oid=3813151 HTTP/1.1" 200 3437
66.249.71.72 - - [13/Oct/2015:09:02:30 +0800] "GET /content/repository/resource_content.jsp?oid=2679416&queryString=%E5%AD%B8%E6%94%BF%20%E7%A6%AE%E9%83%A8 HTTP/1.1" 200 30297
66.249.71.60 - - [13/Oct/2015:09:03:01 +0800] "GET /content/repository/resource_content.jsp?oid=2575947 HTTP/1.1" 200 29436
66.249.74.15 - - [13/Oct/2015:09:03:32 +0800] "GET /digiarch_en/content/subject/resource_content.jsp?oid=16777617&queryType=qs&queryString=%E8%87%BA%E7%81%A3%E7%B8%BD%E7%9D%A3%E5%BA%9C HTTP/1.1" 200 48891
66.249.71.59 - - [13/Oct/2015:09:03:35 +0800] "GET /content/nav/relationSubject.jsp?relationWords=%E5%9C%B0%E5%BD%A2%E5%9C%96+&oid=216983 HTTP/1.1" 200 3046
66.249.71.41 - - [13/Oct/2015:09:03:37 +0800] "GET /content/nav/relationSubject.jsp?relationWords=%E5%9C%B0%E5%BD%A2%E5%9C%96%20&oid=216983 HTTP/1.1" 200 3046
66.249.71.60 - - [13/Oct/2015:09:04:02 +0800] "GET /content/repository/resource_content.jsp?oid=14100&queryString=%E5%85%AC%E7%89%9B%20%E6%B5%B7%E7%89%9B%20%E6%B5%B7%E9%BA%92%E9%BA%9F%20%E8%85%B9%E8%B6%B3%E7%B6%B1 HTTP/1.1" 200 35889
66.249.71.60 - - [13/Oct/2015:09:04:33 +0800] "GET /content/repository/resource_content.jsp?oid=2683489&queryString=%E5%A5%8F%E6%B4%BE%20%E9%99%B3%E5%98%89%E6%B3%B0 HTTP/1.1" 200 31146
66.249.71.60 - - [13/Oct/2015:09:05:03 +0800] "GET /content/repository/resource_content.jsp?oid=2150053 HTTP/1.1" 200 31325
66.249.71.60 - - [13/Oct/2015:09:06:04 +0800] "GET /digiarch_en/content/repository/resource_content.jsp?oid=2666200&queryString=%E4%BD%95%E6%B0%8F%20%E5%84%92%E5%AD%B8%20%E6%B1%A0%E7%B8%A3 HTTP/1.1" 200 23834
66.249.71.5 - - [13/Oct/2015:09:06:13 +0800] "GET /digiarch3/content/repository/resource_content.jsp?oid=15368&queryType=qs&queryString=%E7%9F%B3%E9%B1%B8 HTTP/1.1" 200 34632
66.249.71.60 - - [13/Oct/2015:09:06:35 +0800] "GET /content/repository/resource_content.jsp?oid=1606047 HTTP/1.1" 200 28707
66.249.71.64 - - [13/Oct/2015:09:07:06 +0800] "GET /content/repository/resource_content.jsp?oid=1460004 HTTP/1.1" 200 30121
66.249.71.121 - - [13/Oct/2015:09:07:37 +0800] "GET /content/repository/resource_content.jsp?oid=2638257&queryType=qs&queryString=%E5%BB%BA%E9%99%BD%E7%B8%A3 HTTP/1.1" 200 30147
66.249.71.60 - - [13/Oct/2015:09:08:09 +0800] "GET /content/repository/resource_content.jsp?oid=2143610&queryString=%E7%AE%A1%E5%94%87%E8%98%AD%20%E8%98%AD%E5%B6%BC%E7%AE%A1%E5%94%87%E8%98%AD HTTP/1.1" 200 30105
66.249.71.105 - - [13/Oct/2015:09:08:38 +0800] "GET /content/repository/resource_content.jsp?oid=14247&queryType=qs&queryString=%E8%A3%B8%E8%83%B8%E9%AF%99 HTTP/1.1" 200 34077
66.249.71.64 - - [13/Oct/2015:09:09:08 +0800] "GET /content/repository/resource_content.jsp?oid=1113487 HTTP/1.1" 200 31476
188.143.232.24 - - [13/Oct/2015:09:09:57 +0800] "GET /content/repository/resource_content.jsp?oid=1113768&queryType=qs&queryString=%E8%BB%8A%E5%89%8D%E8%8D%89 HTTP/1.1" 200 31310
188.143.232.24 - - [13/Oct/2015:09:10:04 +0800] "GET /digiarch_en/content/repository/resource_content.jsp?oid=1112385&queryString=%E6%A3%8B%E7%9B%A4%E8%85%B3%E6%A8%B9%20%E6%A3%8B%E7%9B%A4%E8%85%B3%E6%A8%B9%E5%B1%AC%20%E6%A4%8D%E7%89%A9%E7%95%8C%20%E7%8E%89%E8%95%8A%E7%A7%91 HTTP/1.1" 200 23997
188.143.232.24 - - [13/Oct/2015:09:10:05 +0800] "GET /digiarch_en/content/repository/resource_content.jsp?oid=1112384&queryString=%E6%A3%8B%E7%9B%A4%E8%85%B3%E6%A8%B9%20%E6%A3%8B%E7%9B%A4%E8%85%B3%E6%A8%B9%E5%B1%AC%20%E6%A4%8D%E7%89%A9%E7%95%8C%20%E7%8E%89%E8%95%8A%E7%A7%91 HTTP/1.1" 200 23979
188.143.232.24 - - [13/Oct/2015:09:10:07 +0800] "GET /content/repository/resource_content.jsp?oid=1112384&queryString=%E6%A3%8B%E7%9B%A4%E8%85%B3%E6%A8%B9%20%E6%A3%8B%E7%9B%A4%E8%85%B3%E6%A8%B9%E5%B1%AC%20%E6%A4%8D%E7%89%A9%E7%95%8C%20%E7%8E%89%E8%95%8A%E7%A7%91 HTTP/1.1" 200 31518
66.249.77.85 - - [13/Oct/2015:09:10:10 +0800] "GET /content/repository/resource_content.jsp?oid=3204982&queryType=qs&queryString=%E5%94%B1%E5%92%8C%E8%A9%A9 HTTP/1.1" 200 29649
188.143.232.24 - - [13/Oct/2015:09:10:12 +0800] "GET /content/repository/resource_content.jsp?oid=3815334&queryString=%E6%A3%8B%E7%9B%A4%E8%85%B3%E6%A8%B9%20%E6%A3%8B%E7%9B%A4%E8%85%B3%E6%A8%B9%E5%B1%AC%20%E6%A4%8D%E7%89%A9%E7%95%8C%20%E6%B0%B4%E8%8C%84%20%E6%B0%B4%E8%8C%84%E8%8B%B3%20%E7%8E%89%E8%95%8A%E7%A7%91%20%E8%85%B3%E6%A8%B9%20%E8%8C%84%E8%8B%B3 HTTP/1.1" 200 30527
188.143.232.24 - - [13/Oct/2015:09:10:12 +0800] "GET /content/repository/resource_content.jsp?oid=1112385&queryString=%E6%A3%8B%E7%9B%A4%E8%85%B3%E6%A8%B9%20%E6%A3%8B%E7%9B%A4%E8%85%B3%E6%A8%B9%E5%B1%AC%20%E6%A4%8D%E7%89%A9%E7%95%8C%20%E7%8E%89%E8%95%8A%E7%A7%91 HTTP/1.1" 200 31536
188.143.232.24 - - [13/Oct/2015:09:10:13 +0800] "GET /digiarch_en/content/repository/resource_content.jsp?oid=2147050&queryString=%E6%A3%8B%E7%9B%A4%E8%85%B3%E6%A8%B9%20%E6%A3%8B%E7%9B%A4%E8%85%B3%E6%A8%B9%E5%B1%AC%20%E6%A4%8D%E7%89%A9%E7%95%8C%20%E7%8E%89%E8%95%8A%E7%A7%91 HTTP/1.1" 200 23772
188.143.232.24 - - [13/Oct/2015:09:10:16 +0800] "GET /content/repository/resource_content.jsp?oid=3818879&queryString=%E6%A4%8D%E7%89%A9%E7%95%8C%20%E8%8A%B8%E9%A6%99%20%E8%8A%B8%E9%A6%99%E7%A7%91%20%E9%A3%9B%E9%BE%8D%E6%8E%8C%E8%A1%80%20%E9%A3%9B%E9%BE%8D%E6%8E%8C%E8%A1%80%E5%B1%AC HTTP/1.1" 200 31308
188.143.232.24 - - [13/Oct/2015:09:10:23 +0800] "GET /content/repository/resource_content.jsp?oid=1102606 HTTP/1.1" 200 30977
66.249.74.18 - - [13/Oct/2015:09:10:26 +0800] "GET /content/nav/relationSubject.jsp?relationWords=%E5%8D%91%E5%8D%97%E6%97%8F+%E7%B6%81%E8%A4%B2+&oid=4364427 HTTP/1.1" 200 2998
188.143.232.11 - - [13/Oct/2015:09:10:54 +0800] "GET /content/repository/resource_content.jsp?oid=3822765&queryString=%E6%A4%8D%E7%89%A9%E7%95%8C%20%E7%9F%B3%E8%93%AF%E8%93%89 HTTP/1.1" 200 30997
188.143.232.24 - - [13/Oct/2015:09:11:02 +0800] "GET /content/repository/resource_content.jsp?oid=1113768&queryString=%E6%A4%8D%E7%89%A9%E7%95%8C%20%E6%AF%9B%E8%BB%8A%E5%89%8D%E8%8D%89%20%E8%BB%8A%E5%89%8D%E5%B1%AC%20%E8%BB%8A%E5%89%8D%E8%8D%89 HTTP/1.1" 200 31305
66.249.71.121 - - [13/Oct/2015:09:11:11 +0800] "GET /content/repository/resource_content.jsp?oid=200773&queryType=qs&queryString=%E9%AD%AF%E6%B2%B3 HTTP/1.1" 200 29921
151.80.31.120 - - [13/Oct/2015:09:11:15 +0800] "GET /content/subject/resource_content.jsp?oid=16777741&queryType=qc HTTP/1.1" 200 53530
66.249.71.72 - - [13/Oct/2015:09:11:21 +0800] "GET /content/nav/relationSubject.jsp?relationWords=%E7%9C%81%E8%AD%B0%E6%9C%83+%E7%A5%A8%E6%93%9A%E6%B3%95+%E7%BD%B0%E9%8D%B0+%E8%87%BA%E5%8C%97%E5%9C%B0%E6%96%B9%E6%B3%95%E9%99%A2+%E9%83%AD%E7%A7%8B%E7%85%8C+&oid=1530778 HTTP/1.1" 200 5749
66.249.71.72 - - [13/Oct/2015:09:11:23 +0800] "GET /content/nav/relationSubject.jsp?relationWords=%E7%9C%81%E8%AD%B0%E6%9C%83%20%E7%A5%A8%E6%93%9A%E6%B3%95%20%E7%BD%B0%E9%8D%B0%20%E8%87%BA%E5%8C%97%E5%9C%B0%E6%96%B9%E6%B3%95%E9%99%A2%20%E9%83%AD%E7%A7%8B%E7%85%8C%20&oid=1530778 HTTP/1.1" 200 5749
66.249.71.72 - - [13/Oct/2015:09:11:44 +0800] "GET /content/nav/relationSubject.jsp?relationWords=%E5%B7%AB%E5%B8%AB+%E5%B7%AB%E5%B8%AB%E9%81%93%E5%85%B7+%E6%B3%95%E5%99%A8+%E6%B3%B0%E9%9B%85%E6%97%8F+&oid=1783228 HTTP/1.1" 200 3960
66.249.71.72 - - [13/Oct/2015:09:11:45 +0800] "GET /content/nav/relationSubject.jsp?relationWords=%E5%B7%AB%E5%B8%AB%20%E5%B7%AB%E5%B8%AB%E9%81%93%E5%85%B7%20%E6%B3%95%E5%99%A8%20%E6%B3%B0%E9%9B%85%E6%97%8F%20&oid=1783228 HTTP/1.1" 200 3960
163.30.58.131 - - [13/Oct/2015:09:12:30 +0800] "GET /content/nav/relationSubject.jsp?relationWords=%E8%8A%B1%E8%94%93+%E8%94%93%E6%BE%A4%E8%98%AD+&oid=16777266 HTTP/1.1" 200 4225
66.249.79.179 - - [13/Oct/2015:09:12:35 +0800] "GET /content/nav/relationSubject.jsp?relationWords=%E7%90%89%E7%92%83%E7%8F%A0+%E7%99%BD%E7%B4%8B+&oid=4363311 HTTP/1.1" 200 3260
66.249.71.131 - - [13/Oct/2015:09:12:37 +0800] "GET /content/nav/relationSubject.jsp?relationWords=%E7%90%89%E7%92%83%E7%8F%A0%20%E7%99%BD%E7%B4%8B%20&oid=4363311 HTTP/1.1" 200 3260
66.249.74.18 - - [13/Oct/2015:09:12:44 +0800] "GET /content/repository/resource_content.jsp?oid=1521121 HTTP/1.1" 200 28717
66.249.74.122 - - [13/Oct/2015:09:13:14 +0800] "GET /digiarch3/content/repository/resource_content.jsp?oid=15100&queryString=%E5%9A%B4%E5%85%AC%E4%BB%94%20%E5%A4%A7%E7%9C%BC%E9%AF%9B%20%E5%A4%A7%E7%9C%BC%E9%AF%9B%E7%A7%91%20%E5%A4%A7%E9%B1%97%E5%A4%A7%E7%9C%BC%E9%AF%9B%20%E7%B4%85%E7%9B%AE%E9%B0%B1%20%E9%AF%9B%E7%A7%91 HTTP/1.1" 200 34854
66.249.71.60 - - [13/Oct/2015:09:13:44 +0800] "GET /content/repository/resource_content.jsp?oid=1113656 HTTP/1.1" 200 30802
66.249.74.124 - - [13/Oct/2015:09:14:03 +0800] "GET /digiarch3/content/nav/relationSubject.jsp?relationWords=%E6%89%93%E9%90%B5%E5%A9%86%20%E6%96%91%E8%83%A1%E6%A4%92%E9%AF%9B%20%E7%9F%B3%E9%B1%B8%20%E9%BB%83%E6%96%91%20%E9%BB%83%E9%BB%9E%E7%9F%B3%E9%B1%B8%20&oid=15368 HTTP/1.1" 200 3532
207.46.13.99 - - [13/Oct/2015:09:14:36 +0800] "GET /content/nav/relationSubject.jsp?relationWords=%E5%A4%9A%E6%A8%A3%E6%80%A7+&oid=16777462 HTTP/1.1" 200 4316
66.249.74.21 - - [13/Oct/2015:09:14:46 +0800] "GET /digiarch_en/content/repository/resource_content.jsp?oid=3205037&queryString=%E4%B8%AD%E5%BA%B8%20%E5%82%85%E6%96%AF%E5%B9%B4%E5%9C%96%E6%9B%B8%E9%A4%A8%20%E6%9B%B2%E8%AD%9C%20%E9%BB%83%E5%B8%9D%E5%85%A7%E7%B6%93%E7%B4%A0%E5%95%8F HTTP/1.1" 200 24029
66.249.71.14 - - [13/Oct/2015:09:14:46 +0800] "GET /digiarch3/content/nav/relationSubject.jsp?relationWords=%E5%9A%B4%E5%85%AC%E4%BB%94+%E5%A4%A7%E7%9C%BC%E9%AF%9B%E7%A7%91+%E6%97%A5%E6%9C%AC%E5%A4%A7%E7%9C%BC%E9%AF%9B+%E7%B4%85%E7%9B%AE%E9%B0%B1+&oid=15100 HTTP/1.1" 200 3569
66.249.71.23 - - [13/Oct/2015:09:14:48 +0800] "GET /digiarch3/content/nav/relationSubject.jsp?relationWords=%E5%9A%B4%E5%85%AC%E4%BB%94%20%E5%A4%A7%E7%9C%BC%E9%AF%9B%E7%A7%91%20%E6%97%A5%E6%9C%AC%E5%A4%A7%E7%9C%BC%E9%AF%9B%20%E7%B4%85%E7%9B%AE%E9%B0%B1%20&oid=15100 HTTP/1.1" 200 3569
66.249.71.14 - - [13/Oct/2015:09:14:54 +0800] "GET /content/nav/relationSubject.jsp?relationWords=%E5%8A%9F%E6%9B%B9+%E5%BA%96%E5%BB%9A+%E6%AD%A6%E6%A2%81%E7%A5%A0+%E6%AD%A6%E6%A2%81%E7%A5%A0%E7%95%AB%E5%83%8F+%E8%99%95%E5%A3%AB+%E8%B1%AB%E8%AE%93+%E9%8D%BE%E9%9B%A2+%E9%9D%88%E7%95%B0+%E9%A1%8C%E8%A8%98+&oid=1834339 HTTP/1.1" 200 5119
66.249.71.23 - - [13/Oct/2015:09:14:56 +0800] "GET /content/nav/relationSubject.jsp?relationWords=%E5%8A%9F%E6%9B%B9%20%E5%BA%96%E5%BB%9A%20%E6%AD%A6%E6%A2%81%E7%A5%A0%20%E6%AD%A6%E6%A2%81%E7%A5%A0%E7%95%AB%E5%83%8F%20%E8%99%95%E5%A3%AB%20%E8%B1%AB%E8%AE%93%20%E9%8D%BE%E9%9B%A2%20%E9%9D%88%E7%95%B0%20%E9%A1%8C%E8%A8%98%20&oid=1834339 HTTP/1.1" 200 5119
66.249.71.23 - - [13/Oct/2015:09:15:18 +0800] "GET /digiarch3/content/pictures/picture_content.jsp?oid=33554825&classify=2761 HTTP/1.1" 200 27872
66.249.71.5 - - [13/Oct/2015:09:15:47 +0800] "GET /digiarch3/content/repository/resource_content.jsp?oid=4457206&queryString=%E7%99%BD%E9%AC%9A%E5%85%AC HTTP/1.1" 200 28242
66.249.71.64 - - [13/Oct/2015:09:16:17 +0800] "GET /content/pictures/picture_content.jsp?oid=33554814 HTTP/1.1" 200 27631
66.249.71.41 - - [13/Oct/2015:09:16:22 +0800] "GET /content/nav/relationSubject.jsp?relationWords=%E4%BA%A4%E5%A4%A7+%E5%90%B3%E4%B8%80%E8%A1%9B+%E5%9C%8B%E5%BA%AB+%E5%BE%90%E5%A0%85+%E6%83%85%E5%BD%A2%E6%A1%88+%E6%9D%8E%E6%BA%90%E6%A3%A7+%E6%A8%99%E5%94%AE+%E6%AA%9C%E6%9C%A8+%E6%B4%AA%E6%8E%9B+%E7%9C%81%E6%94%BF%E5%BA%9C+%E7%AB%A0%E5%8D%9A%E9%9A%86+%E8%87%BA%E7%81%A3%E7%9C%81%E8%AD%B0%E6%9C%83+%E8%94%A1%E9%8C%A6%E6%A3%9F+%E8%A8%B1%E6%96%B0%E6%9E%9D+%E9%99%B3%E8%88%88%E7%9B%9B+%E9%BB%83%E5%8D%A0%E5%B2%B8+&oid=1901294 HTTP/1.1" 200 5147
66.249.74.60 - - [13/Oct/2015:09:16:24 +0800] "GET /content/nav/relationSubject.jsp?relationWords=%E4%BA%A4%E5%A4%A7%20%E5%90%B3%E4%B8%80%E8%A1%9B%20%E5%9C%8B%E5%BA%AB%20%E5%BE%90%E5%A0%85%20%E6%83%85%E5%BD%A2%E6%A1%88%20%E6%9D%8E%E6%BA%90%E6%A3%A7%20%E6%A8%99%E5%94%AE%20%E6%AA%9C%E6%9C%A8%20%E6%B4%AA%E6%8E%9B%20%E7%9C%81%E6%94%BF%E5%BA%9C%20%E7%AB%A0%E5%8D%9A%E9%9A%86%20%E8%87%BA%E7%81%A3%E7%9C%81%E8%AD%B0%E6%9C%83%20%E8%94%A1%E9%8C%A6%E6%A3%9F%20%E8%A8%B1%E6%96%B0%E6%9E%9D%20%E9%99%B3%E8%88%88%E7%9B%9B%20%E9%BB%83%E5%8D%A0%E5%B2%B8%20&oid=1901294 HTTP/1.1" 200 5147
66.249.77.97 - - [13/Oct/2015:09:16:49 +0800] "GET /content/repository/resource_content.jsp?oid=4362315&queryString=%E5%B7%A1%E7%8B%A9%20%E7%8E%8B%E8%88%B9%20%E9%96%8B%E5%85%89 HTTP/1.1" 200 28030
66.249.74.15 - - [13/Oct/2015:09:17:19 +0800] "GET /content/repository/resource_content.jsp?oid=1621465 HTTP/1.1" 200 28760
66.249.71.64 - - [13/Oct/2015:09:17:49 +0800] "GET /content/repository/resource_content.jsp?oid=1534387 HTTP/1.1" 200 29085
66.249.74.21 - - [13/Oct/2015:09:18:18 +0800] "GET /content/nav/relationSubject.jsp?relationWords=%E7%A6%AE%E9%83%A8+%E7%B7%9E%E7%96%8B+&oid=2660497 HTTP/1.1" 200 4013
66.249.71.60 - - [13/Oct/2015:09:18:20 +0800] "GET /content/repository/resource_content.jsp?oid=2144171 HTTP/1.1" 200 30843
66.249.71.64 - - [13/Oct/2015:09:18:20 +0800] "GET /content/nav/relationSubject.jsp?relationWords=%E7%A6%AE%E9%83%A8%20%E7%B7%9E%E7%96%8B%20&oid=2660497 HTTP/1.1" 200 4013
66.249.71.23 - - [13/Oct/2015:09:18:51 +0800] "GET /digiarch3/content/repository/resource_content.jsp?oid=1081677&queryString=%E5%89%9D%E7%9A%AE%E9%AD%9A%20%E5%96%AE%E6%A3%98%E9%AD%A8%E7%A7%91%20%E7%B2%97%E7%9A%AE%E7%8B%84%20%E9%95%B7%E5%B0%BE%E9%9D%A9%E5%96%AE%E6%A3%98%E9%AD%A8 HTTP/1.1" 200 34871
66.249.71.5 - - [13/Oct/2015:09:19:21 +0800] "GET /digiarch3/content/repository/resource_content.jsp?oid=2674719&queryString=%E5%9B%9B%E5%BA%9C%20%E5%BA%9C%E8%BE%B2%E6%BC%81%E5%AD%97%20%E5%BE%8C%E5%A3%81%E6%B9%96%20%E6%81%86%E6%98%A5%E9%8E%AE HTTP/1.1" 200 30041
157.55.39.227 - - [13/Oct/2015:09:19:33 +0800] "GET /content/nav/relationSubject.jsp?relationWords=%E8%BE%9B%E5%A4%B7+&oid=16777479 HTTP/1.1" 200 1412
66.249.71.59 - - [13/Oct/2015:09:19:39 +0800] "GET /content/nav/relationSubject.jsp?relationWords=%E5%B1%85%E5%BB%B6%E6%BC%A2%E7%B0%A1+%E6%BC%A2%E7%B0%A1+&oid=279195 HTTP/1.1" 200 3898
66.249.71.59 - - [13/Oct/2015:09:19:41 +0800] "GET /content/nav/relationSubject.jsp?relationWords=%E5%B1%85%E5%BB%B6%E6%BC%A2%E7%B0%A1%20%E6%BC%A2%E7%B0%A1%20&oid=279195 HTTP/1.1" 200 3898
66.249.71.64 - - [13/Oct/2015:09:19:52 +0800] "GET /content/repository/resource_content.jsp?oid=1847975 HTTP/1.1" 200 29757
207.46.13.109 - - [13/Oct/2015:09:20:03 +0800] "GET /content/nav/relationSubject.jsp?relationWords=%E9%BB%91%E6%9D%BF%E6%A8%B9+&oid=16777262 HTTP/1.1" 200 3253
66.249.74.120 - - [13/Oct/2015:09:20:11 +0800] "GET /digiarch3/content/nav/relationSubject.jsp?relationWords=%E5%9B%9B%E5%BA%9C+%E8%99%A7%E7%BC%BA+%E9%8A%80%E5%85%A9+&oid=2674719 HTTP/1.1" 200 5435
66.249.74.124 - - [13/Oct/2015:09:20:13 +0800] "GET /digiarch3/content/nav/relationSubject.jsp?relationWords=%E5%9B%9B%E5%BA%9C%20%E8%99%A7%E7%BC%BA%20%E9%8A%80%E5%85%A9%20&oid=2674719 HTTP/1.1" 200 5435
210.71.217.244 - - [13/Oct/2015:09:20:48 +0800] "GET /content/subject/resource_content.jsp?oid=16777753 HTTP/1.1" 200 36817
210.71.217.244 - - [13/Oct/2015:09:20:49 +0800] "GET /content/nav/relationSubject.jsp?relationWords=GIS+%E6%95%B8%E4%BD%8D%E5%85%B8%E8%97%8F+%E9%81%99%E6%B8%AC%E5%BD%B1%E5%83%8F+&oid=16777753 HTTP/1.1" 200 5952
66.249.71.64 - - [13/Oct/2015:09:20:53 +0800] "GET /content/repository/resource_content.jsp?oid=3815195&queryString=%E5%B1%B1%E6%A3%95%20%E5%B8%83%E8%BE%B2%E6%97%8F HTTP/1.1" 200 31242
123.125.71.113 - - [13/Oct/2015:09:21:15 +0800] "GET /content/tmp_tec/resource_content.jsp?oid=16777717 HTTP/1.1" 200 30964
66.249.77.97 - - [13/Oct/2015:09:21:36 +0800] "GET /content/nav/relationSubject.jsp?relationWords=%E5%8D%97%E6%98%8C%E5%BA%9C+%E5%90%8C%E7%9F%A5+%E5%90%8F%E9%83%A8+&oid=2680608 HTTP/1.1" 200 4077
66.249.79.24 - - [13/Oct/2015:09:21:43 +0800] "GET /content/nav/relationSubject.jsp?relationWords=%E5%8D%97%E6%98%8C%E5%BA%9C%20%E5%90%8C%E7%9F%A5%20%E5%90%8F%E9%83%A8%20&oid=2680608 HTTP/1.1" 200 4077
66.249.71.131 - - [13/Oct/2015:09:22:16 +0800] "GET /content/nav/relationSubject.jsp?relationWords=%E5%9C%8B%E6%B3%B0%20%E5%A9%AA%E7%B4%A2%20%E6%AC%BD%E5%A4%A9%E7%9B%A3%20&oid=2670920 HTTP/1.1" 200 3169
66.249.71.60 - - [13/Oct/2015:09:22:25 +0800] "GET /content/repository/resource_content.jsp?oid=197026&queryString=%E6%9D%B1%E5%8C%97%E9%99%B8%E6%B8%AC%E5%9C%96%20%E8%A5%BF%E9%98%BF%E5%8A%9B%E4%BA%A2 HTTP/1.1" 200 30007
66.249.71.60 - - [13/Oct/2015:09:23:26 +0800] "GET /content/repository/resource_content.jsp?oid=2549625 HTTP/1.1" 200 29499
66.249.71.64 - - [13/Oct/2015:09:23:41 +0800] "GET /content/repository/resource_content.jsp?oid=1599817&queryString=%E5%81%8F%E9%81%A0%E5%9C%B0%E5%8D%80%20%E5%85%A7%E9%96%80%E9%84%89%20%E8%8C%85%E5%9F%94%20%E9%9B%9C%E7%B3%A7%E4%BD%9C%E7%89%A9 HTTP/1.1" 200 35663
66.249.71.64 - - [13/Oct/2015:09:24:25 +0800] "GET /content/nav/relationSubject.jsp?relationWords=&oid=2599286 HTTP/1.1" 200 1405
66.249.71.64 - - [13/Oct/2015:09:24:44 +0800] "GET /content/nav/relationSubject.jsp?relationWords=&oid=2621053 HTTP/1.1" 200 1405
66.249.71.64 - - [13/Oct/2015:09:24:58 +0800] "GET /content/repository/resource_content.jsp?oid=1568292 HTTP/1.1" 200 32271
66.249.71.64 - - [13/Oct/2015:09:25:21 +0800] "GET /content/nav/relationSubject.jsp?relationWords=%E6%96%B9%E8%B2%9D%E5%A1%8A%E9%A0%85%E9%A3%BE+&oid=1780329 HTTP/1.1" 200 3011
66.249.71.64 - - [13/Oct/2015:09:25:22 +0800] "GET /content/nav/relationSubject.jsp?relationWords=%E6%96%B9%E8%B2%9D%E5%A1%8A%E9%A0%85%E9%A3%BE%20&oid=1780329 HTTP/1.1" 200 3011
220.133.204.97 - - [13/Oct/2015:09:25:31 +0800] "GET /content/nav/relationSubject.jsp?relationWords=%E8%8B%A6%E8%8B%93+&oid=16777317 HTTP/1.1" 200 3183
66.249.77.91 - - [13/Oct/2015:09:26:31 +0800] "GET /content/repository/resource_content.jsp?oid=2663258&queryType=qs&queryString=%E9%BB%83%E5%B7%BE HTTP/1.1" 200 29980
66.249.71.72 - - [13/Oct/2015:09:27:01 +0800] "GET /content/repository/resource_content.jsp?oid=1538300 HTTP/1.1" 200 28487
111.240.171.176 - - [13/Oct/2015:09:27:24 +0800] "GET /content/nav/relationSubject.jsp?relationWords=&oid=16777342 HTTP/1.1" 200 1405
66.249.71.14 - - [13/Oct/2015:09:27:31 +0800] "GET /digiarch3/content/repository/resource_content.jsp?oid=1595339&queryType=qs&queryString=%E8%84%AB%E6%B0%B4 HTTP/1.1" 200 34573
66.249.71.60 - - [13/Oct/2015:09:28:04 +0800] "GET /content/repository/resource_content.jsp?oid=1112688 HTTP/1.1" 200 29777
66.249.71.23 - - [13/Oct/2015:09:28:05 +0800] "GET /digiarch3/content/subject/resource_content.jsp?oid=16777539&queryType=qs&queryString=%E7%94%A2%E6%A5%AD%E7%99%BC%E5%B1%95 HTTP/1.1" 200 31829
66.249.77.91 - - [13/Oct/2015:09:28:33 +0800] "GET /content/repository/resource_content.jsp?oid=4483709&queryType=qs&queryString=%E4%BD%9B%E8%98%AD%E8%A5%BF HTTP/1.1" 200 28321
66.249.71.72 - - [13/Oct/2015:09:29:03 +0800] "GET /content/repository/resource_content.jsp?oid=1096934 HTTP/1.1" 200 30823
66.249.71.50 - - [13/Oct/2015:09:29:34 +0800] "GET /content/repository/resource_content.jsp?oid=3820351&queryString=%E5%A4%A7%E8%8A%B1%E7%B4%AB%E8%96%87 HTTP/1.1" 200 31488
66.249.74.60 - - [13/Oct/2015:09:30:05 +0800] "GET /content/repository/resource_content.jsp?oid=2145002&queryString=%E5%A4%A9%E8%8D%89%E9%B3%B3%E5%B0%BE%E8%95%A8%20%E6%A4%8D%E7%89%A9%E7%95%8C%20%E6%B0%B4%E9%BE%8D%E9%AA%A8%20%E8%95%A8%E9%A1%9E%E6%A4%8D%E7%89%A9%20%E9%B3%B3%E5%B0%BE%E8%95%A8%E5%B1%AC%20%E9%B3%B3%E5%B0%BE%E8%95%A8%E7%A7%91 HTTP/1.1" 200 31511
66.249.71.50 - - [13/Oct/2015:09:30:12 +0800] "GET /content/nav/relationSubject.jsp?relationWords=%E5%81%BD%E8%97%A5%20%E5%82%B3%E6%9F%93%E7%97%85%20%E5%8C%96%E5%A6%9D%E5%93%81%20%E5%9C%8B%E6%B0%91%E5%AD%B8%E6%A0%A1%20%E5%9C%8B%E9%9A%9B%E6%80%A7%20%E5%AF%86%E9%86%AB%20%E6%9F%93%E6%96%99%20%E7%98%A7%E7%96%BE%20%E7%BE%8E%E6%8F%B4%E6%9C%83%20%E8%97%A5%E5%93%81%20%E8%99%95%E9%95%B7%20%E8%A1%80%E5%9E%8B%20%E8%AD%A6%E5%AF%9F%20%E8%B3%AA%E8%A9%A2%20%E9%86%AB%E5%B8%AB%E6%B3%95%20%E9%A0%90%E7%AE%97%20&oid=1547397 HTTP/1.1" 200 5520
36.234.140.220 - - [13/Oct/2015:09:30:33 +0800] "GET /content/nav/relationSubject.jsp?relationWords=%E9%BB%91%E6%9D%BF%E6%A8%B9+&oid=16777262 HTTP/1.1" 200 3253
66.249.71.59 - - [13/Oct/2015:09:30:35 +0800] "GET /content/repository/resource_content.jsp?oid=202743&queryType=qs&queryString=%E5%93%88%E7%88%BE%E6%BF%B1 HTTP/1.1" 200 30685
66.249.71.50 - - [13/Oct/2015:09:31:06 +0800] "GET /content/repository/resource_content.jsp?oid=15297&queryType=qs&queryString=%E6%89%80%E7%BE%85%E9%96%80 HTTP/1.1" 200 34332
66.249.71.5 - - [13/Oct/2015:09:31:36 +0800] "GET /digiarch3/content/repository/resource_content.jsp?oid=4588667&queryType=qs&queryString=%E7%B2%97%E7%B9%A9%E7%B4%8B HTTP/1.1" 200 29329
66.249.71.60 - - [13/Oct/2015:09:31:52 +0800] "GET /content/nav/relationSubject.jsp?relationWords=%E5%8F%A3%E7%B9%AA%E8%A7%A3%E8%AA%AA+%E5%9C%9F%E5%A3%BA+&oid=4437604 HTTP/1.1" 200 3328
66.249.71.60 - - [13/Oct/2015:09:31:54 +0800] "GET /content/nav/relationSubject.jsp?relationWords=%E5%8F%A3%E7%B9%AA%E8%A7%A3%E8%AA%AA%20%E5%9C%9F%E5%A3%BA%20&oid=4437604 HTTP/1.1" 200 3328
66.249.71.60 - - [13/Oct/2015:09:31:57 +0800] "GET /content/nav/relationSubject.jsp?relationWords=%E7%8F%8D%E7%8F%A0%E8%8C%85%E5%B1%AC+&oid=1106208 HTTP/1.1" 200 3013
66.249.71.60 - - [13/Oct/2015:09:31:58 +0800] "GET /content/nav/relationSubject.jsp?relationWords=%E7%8F%8D%E7%8F%A0%E8%8C%85%E5%B1%AC%20&oid=1106208 HTTP/1.1" 200 3013
66.249.71.60 - - [13/Oct/2015:09:32:07 +0800] "GET /content/repository/resource_content.jsp?oid=1561050 HTTP/1.1" 200 28526
66.249.77.97 - - [13/Oct/2015:09:32:25 +0800] "GET /content/repository/resource_content.jsp?oid=2649728&queryType=qs&queryString=%E6%B1%AA%E6%B8%85 HTTP/1.1" 200 29934
66.249.71.64 - - [13/Oct/2015:09:32:38 +0800] "GET /content/repository/resource_content.jsp?oid=3825739&queryString=%E6%87%B8%E9%89%A4%E5%AD%90%E5%B1%AC%20%E6%A4%8D%E7%89%A9%E7%95%8C%20%E8%83%A1%E6%B0%8F%E6%87%B8%E9%89%A4%E5%AD%90%20%E8%96%94%E8%96%87%E7%9B%AE%20%E8%96%94%E8%96%87%E7%A7%91 HTTP/1.1" 200 31293
66.249.71.60 - - [13/Oct/2015:09:33:11 +0800] "GET /content/repository/resource_content.jsp?oid=1111079 HTTP/1.1" 200 31074
66.249.71.72 - - [13/Oct/2015:09:33:39 +0800] "GET /content/repository/resource_content.jsp?oid=3205450&queryString=%E6%98%8E%E5%88%8A%E6%9C%AC%20%E7%B4%A0%E5%95%8F%20%E8%81%AF%E5%90%88%E7%9B%AE%E9%8C%84%20%E9%86%AB%E7%99%82%E5%8F%B2%20%E9%87%8D%E5%BB%A3%20%E9%BB%83%E5%B8%9D%E5%85%A7%E7%B6%93%20%E9%BB%83%E5%B8%9D%E5%85%A7%E7%B6%93%E7%B4%A0%E5%95%8F HTTP/1.1" 200 29858
66.249.71.72 - - [13/Oct/2015:09:34:10 +0800] "GET /content/repository/resource_content.jsp?oid=1103899 HTTP/1.1" 200 30434
66.249.71.72 - - [13/Oct/2015:09:34:40 +0800] "GET /content/repository/resource_content.jsp?oid=1462477&queryString=%E5%9C%B0%E9%8C%A6%E8%8D%89%E5%B1%AC HTTP/1.1" 200 31228
66.249.77.85 - - [13/Oct/2015:09:35:11 +0800] "GET /content/repository/resource_content.jsp?oid=4363797&queryString=%E4%BA%9E%E6%97%8F%20%E6%8B%89%E7%93%A6%E7%88%BE%20%E7%90%89%E7%92%83%E7%8F%A0 HTTP/1.1" 200 28352
123.125.71.107 - - [13/Oct/2015:09:35:20 +0800] "GET /content/subject/resource_content.jsp?oid=16777347 HTTP/1.1" 200 33736
66.249.71.59 - - [13/Oct/2015:09:35:37 +0800] "GET /content/nav/relationSubject.jsp?relationWords=%E5%8F%83%E5%B0%87%E4%BA%8B+%E8%A3%9C%E5%8F%83%E5%B0%87+%E9%80%B2%E5%BF%A0+&oid=2687644 HTTP/1.1" 200 3157
66.249.71.41 - - [13/Oct/2015:09:35:39 +0800] "GET /content/nav/relationSubject.jsp?relationWords=%E5%8F%83%E5%B0%87%E4%BA%8B%20%E8%A3%9C%E5%8F%83%E5%B0%87%20%E9%80%B2%E5%BF%A0%20&oid=2687644 HTTP/1.1" 200 3157
66.249.71.72 - - [13/Oct/2015:09:35:41 +0800] "GET /content/repository/resource_content.jsp?oid=1103267 HTTP/1.1" 200 31088
66.249.71.121 - - [13/Oct/2015:09:35:51 +0800] "GET /content/nav/relationSubject.jsp?relationWords=%E5%9C%8B%E5%AD%90%E7%9B%A3+&oid=2646140 HTTP/1.1" 200 3075
66.249.71.121 - - [13/Oct/2015:09:35:52 +0800] "GET /content/nav/relationSubject.jsp?relationWords=%E5%9C%8B%E5%AD%90%E7%9B%A3%20&oid=2646140 HTTP/1.1" 200 3075
203.72.63.253 - - [13/Oct/2015:09:36:03 +0800] "GET /content/nav/relationSubject.jsp?relationWords=%E9%84%AD%E6%88%90%E5%8A%9F+&oid=16777440 HTTP/1.1" 200 3538
66.249.71.113 - - [13/Oct/2015:09:36:12 +0800] "GET /content/repository/resource_content.jsp?oid=1820783&queryType=qs&queryString=%E5%8D%97%E7%96%86 HTTP/1.1" 200 28873
66.249.71.121 - - [13/Oct/2015:09:36:43 +0800] "GET /content/repository/resource_content.jsp?oid=2679029&queryType=qs&queryString=%E9%89%9B%E9%81%8B HTTP/1.1" 200 30359
66.249.71.64 - - [13/Oct/2015:09:37:15 +0800] "GET /content/repository/resource_content.jsp?oid=14996&queryString=%E8%97%8D%E9%BB%9E%E7%9F%B3%E6%96%91%E9%AD%9A%20%E9%AE%A8%E7%A7%91 HTTP/1.1" 200 35339
66.249.71.105 - - [13/Oct/2015:09:37:44 +0800] "GET /content/repository/resource_content.jsp?oid=4363103&queryType=qs&queryString=%E6%96%B0%E6%B8%AF%E5%A5%89%E5%A4%A9%E5%AE%AE HTTP/1.1" 200 28321
111.83.135.220 - - [13/Oct/2015:09:38:14 +0800] "GET /content/subject/resource_content.jsp?oid=16797287&queryType=qc HTTP/1.1" 200 88347
66.249.71.72 - - [13/Oct/2015:09:38:15 +0800] "GET /content/subject/resource_content.jsp?oid=16777538&queryString=%E5%8F%B0%E7%81%A3%E5%9C%8B%20%E5%9C%8B%E6%9C%89%E6%9E%97%20%E8%B3%AA%E8%A9%A2%20%E8%BE%B2%E6%9E%97%20%E8%BE%B2%E6%9E%97%E5%BB%B3%20%E8%BE%B2%E8%97%A5%20%E9%80%A0%E6%9E%97%20%E9%98%B2%E6%B4%AA%20%E9%99%B3%E6%96%B0%E7%99%BC HTTP/1.1" 200 31745
111.83.135.220 - - [13/Oct/2015:09:38:16 +0800] "GET /content/nav/relationSubject.jsp?relationWords=%E5%8F%B0%E7%81%A3%E5%8E%9F%E4%BD%8F%E6%B0%91+&oid=16797287 HTTP/1.1" 200 4742
66.249.71.72 - - [13/Oct/2015:09:38:37 +0800] "GET /content/nav/relationSubject.jsp?relationWords=&oid=2598199 HTTP/1.1" 200 1405
208.115.113.86 - - [13/Oct/2015:09:38:39 +0800] "GET /content/subject/resource_content.jsp?oid=16777345&queryType=qc HTTP/1.1" 200 35045
66.249.71.50 - - [13/Oct/2015:09:38:40 +0800] "GET /content/nav/relationSubject.jsp?relationWords=%E5%85%AC%E6%95%99%E4%BA%BA%E5%93%A1+%E8%A8%AD%E5%AD%97+&oid=1571426 HTTP/1.1" 200 4288
66.249.74.64 - - [13/Oct/2015:09:38:42 +0800] "GET /content/nav/relationSubject.jsp?relationWords=%E5%85%AC%E6%95%99%E4%BA%BA%E5%93%A1%20%E8%A8%AD%E5%AD%97%20&oid=1571426 HTTP/1.1" 200 4288
66.249.74.21 - - [13/Oct/2015:09:38:46 +0800] "GET /content/repository/resource_content.jsp?oid=1098081&queryString=%E5%8F%B0%E7%81%A3%E8%92%B2%E5%85%AC%E8%8B%B1%20%E6%A4%8D%E7%89%A9%E7%95%8C%20%E8%8F%8A%E7%A7%91%20%E8%92%B2%E5%85%AC%E8%8B%B1%E5%B1%AC%20%E9%9B%99%E5%AD%90%E8%91%89%E6%A4%8D%E7%89%A9 HTTP/1.1" 200 31402
66.249.71.23 - - [13/Oct/2015:09:39:17 +0800] "GET /digiarch3/content/subject/resource_content.jsp?oid=16777824&queryType=qs&queryString=%E5%B0%8F%E7%90%89%E7%90%83 HTTP/1.1" 200 42415
66.249.79.30 - - [13/Oct/2015:09:39:47 +0800] "GET /content/subject/resource_content.jsp?oid=16777509&queryType=qs&queryString=%E9%BB%A8%E5%85%A7%E5%88%9D%E9%81%B8 HTTP/1.1" 200 33432
66.249.77.85 - - [13/Oct/2015:09:40:17 +0800] "GET /content/subject/resource_content.jsp?oid=16777620&queryString=%E4%BC%B0%E5%83%B9%20%E4%BC%B0%E5%83%B9%E5%96%AE%20%E8%87%A8%E6%99%82%E7%9C%81%E8%AD%B0%E6%9C%83%20%E8%87%BA%E4%B8%AD%E5%8D%80%20%E8%87%BA%E7%81%A3%E7%9C%81%20%E8%87%BA%E7%81%A3%E9%9B%BB%E5%8A%9B%E5%85%AC%E5%8F%B8%20%E9%9C%A7%E5%B3%B0 HTTP/1.1" 200 55526
66.249.71.64 - - [13/Oct/2015:09:40:48 +0800] "GET /digiarch_en/content/repository/resource_content.jsp?oid=1834264&queryString=%E4%B8%89%E4%B8%8A%20%E6%88%8A%E5%8D%88%20%E6%8B%93%E7%89%87%20%E7%94%B2%E9%AA%A8%20%E7%94%B2%E9%AA%A8%E6%96%87 HTTP/1.1" 200 24027
66.249.71.60 - - [13/Oct/2015:09:41:19 +0800] "GET /content/repository/resource_content.jsp?oid=2148819 HTTP/1.1" 200 30926
66.249.71.64 - - [13/Oct/2015:09:41:49 +0800] "GET /content/repository/resource_content.jsp?oid=1603736 HTTP/1.1" 200 28979
66.249.77.85 - - [13/Oct/2015:09:41:58 +0800] "GET /content/nav/relationSubject.jsp?relationWords=%E6%AD%A3%E7%99%BD%E6%97%97%20&oid=2649728 HTTP/1.1" 200 3090
66.249.71.72 - - [13/Oct/2015:09:42:20 +0800] "GET /content/repository/resource_content.jsp?oid=17537 HTTP/1.1" 200 29748
61.60.126.4 - - [13/Oct/2015:09:43:09 +0800] "GET /content/repository/resource_content.jsp?oid=4588526&queryType=qs&queryString=%E6%9B%B8%E7%95%AB HTTP/1.1" 200 29061
61.60.126.4 - - [13/Oct/2015:09:43:11 +0800] "GET /content/nav/relationSubject.jsp?relationWords=%E7%95%AB%E5%AE%B6+%E8%87%BA%E7%81%A3%E7%B8%BD%E7%9D%A3%E5%BA%9C+&oid=4588526 HTTP/1.1" 200 3428
66.249.71.14 - - [13/Oct/2015:09:44:00 +0800] "GET /content/nav/relationSubject.jsp?relationWords=%E6%A4%8D%E7%89%A9%E7%95%8C+%E7%9B%B8%E6%80%9D%E6%A8%B9+%E7%9B%B8%E6%80%9D%E6%A8%B9%E5%B1%AC+%E8%A0%B6%E8%B1%86+%E9%9B%99%E5%AD%90%E8%91%89%E6%A4%8D%E7%89%A9+&oid=2148639 HTTP/1.1" 200 4215
66.249.71.5 - - [13/Oct/2015:09:44:02 +0800] "GET /content/nav/relationSubject.jsp?relationWords=%E6%A4%8D%E7%89%A9%E7%95%8C%20%E7%9B%B8%E6%80%9D%E6%A8%B9%20%E7%9B%B8%E6%80%9D%E6%A8%B9%E5%B1%AC%20%E8%A0%B6%E8%B1%86%20%E9%9B%99%E5%AD%90%E8%91%89%E6%A4%8D%E7%89%A9%20&oid=2148639 HTTP/1.1" 200 4215
157.55.39.163 - - [13/Oct/2015:09:44:17 +0800] "GET /content/nav/relationSubject.jsp?relationWords=%E6%AA%AC%E6%9E%9C+%E8%8A%92%E6%9E%9C+&oid=16777508 HTTP/1.1" 200 4379
118.160.222.87 - - [13/Oct/2015:09:44:18 +0800] "GET /content/nav/relationSubject.jsp?relationWords=%E6%9C%A8%E7%8A%80+%E6%A1%82%E8%8A%B1+&oid=16777255 HTTP/1.1" 200 4029
66.249.71.64 - - [13/Oct/2015:09:44:40 +0800] "GET /content/nav/relationSubject.jsp?relationWords=%E5%85%AC%E5%8B%99%E5%93%A1+%E5%90%B3%E5%A4%A9+%E5%9C%9F%E5%9C%B0%E6%89%80%E6%9C%89%E6%AC%8A+%E5%B0%87%E5%A4%B1+%E6%87%B2%E6%88%92%E5%A7%94%E5%93%A1%E6%9C%83+%E6%89%80%E6%9C%89%E6%AC%8A%E7%A7%BB%E8%BD%89+%E7%9C%81%E6%94%BF%E5%BA%9C+%E7%A7%BB%E8%BD%89%E7%99%BB%E8%A8%98+%E7%A7%BB%E9%80%81+%E8%87%BA%E5%8D%97%E5%B8%82+%E8%87%BA%E5%8D%97%E5%B8%82%E6%94%BF%E5%BA%9C+%E8%87%BA%E5%8D%97%E7%B8%A3%E6%94%BF%E5%BA%9C+&oid=1896769 HTTP/1.1" 200 5127
112.5.236.82 - - [13/Oct/2015:09:44:50 +0800] "GET /content/tmp_tec/resource_content.jsp?oid=16777714 HTTP/1.1" 200 38293
66.249.74.124 - - [13/Oct/2015:09:44:54 +0800] "GET /digiarch3/content/repository/resource_content.jsp?oid=1897806&queryString=%E5%9B%BA%E5%AE%9A%E8%B3%87%E7%94%A2%20%E5%9C%9F%E5%9C%B0%E9%8A%80%E8%A1%8C%20%E5%9C%B0%E8%99%9F%20%E8%87%BA%E5%8C%97%E5%B8%82%20%E8%87%BA%E7%81%A3%E7%9C%81%E6%94%BF%E5%BA%9C%20%E9%87%91%E4%BE%86%20%E9%A0%90%E7%AE%97%20%E9%AB%98%E9%9B%84%E5%B8%82 HTTP/1.1" 200 30461
207.46.13.99 - - [13/Oct/2015:09:46:53 +0800] "GET /content/repository/resource_content.jsp?oid=1599767&queryType=qs&queryString=%E5%AE%89%E5%85%A8%E5%B8%BD HTTP/1.1" 200 45247
68.180.228.24 - - [13/Oct/2015:09:46:54 +0800] "GET /digiarch_en/content/subject/resource_content.jsp?oid=16777329&queryType=qc HTTP/1.1" 200 22164
66.249.71.64 - - [13/Oct/2015:09:46:56 +0800] "GET /content/repository/resource_content.jsp?oid=1097245 HTTP/1.1" 200 30892
66.249.71.72 - - [13/Oct/2015:09:47:08 +0800] "GET /content/nav/relationSubject.jsp?relationWords=%E5%9C%B0%E5%BD%A2%E5%9C%96+&oid=189448 HTTP/1.1" 200 3046
66.249.71.60 - - [13/Oct/2015:09:47:10 +0800] "GET /content/nav/relationSubject.jsp?relationWords=%E5%9C%B0%E5%BD%A2%E5%9C%96%20&oid=189448 HTTP/1.1" 200 3046
66.249.71.113 - - [13/Oct/2015:09:47:26 +0800] "GET /content/repository/resource_content.jsp?oid=1615879&queryType=qs&queryString=%E5%BA%9C%E8%BE%B2%E6%BC%81%E5%AD%97 HTTP/1.1" 200 29309
66.249.74.18 - - [13/Oct/2015:09:48:28 +0800] "GET /content/subject/resource_content.jsp?oid=16777746&queryType=qs&queryString=%E7%A7%8B%E5%88%80%E9%AD%9A HTTP/1.1" 200 39123
66.249.71.23 - - [13/Oct/2015:09:49:14 +0800] "GET /digiarch3/content/nav/relationSubject.jsp?relationWords=%E7%8B%97%E9%B0%B7+&oid=4352394 HTTP/1.1" 200 3437
66.249.71.23 - - [13/Oct/2015:09:49:16 +0800] "GET /digiarch3/content/nav/relationSubject.jsp?relationWords=%E7%8B%97%E9%B0%B7%20&oid=4352394 HTTP/1.1" 200 3437
66.249.71.60 - - [13/Oct/2015:09:49:54 +0800] "GET /content/repository/resource_content.jsp?oid=1105860 HTTP/1.1" 200 31075
66.249.71.113 - - [13/Oct/2015:09:49:59 +0800] "GET /content/subject/resource_content.jsp?oid=16777570&queryType=qc%3E HTTP/1.1" 200 40485
66.249.74.120 - - [13/Oct/2015:09:50:31 +0800] "GET /digiarch3/content/repository/resource_content.jsp?oid=15724&queryType=qs&queryString=%E9%B8%9A%E5%93%A5 HTTP/1.1" 200 34278
118.167.97.34 - - [13/Oct/2015:09:51:36 +0800] "GET /content/repository/resource_content.jsp?oid=1530775 HTTP/1.1" 200 28825
118.167.97.34 - - [13/Oct/2015:09:51:37 +0800] "GET /content/nav/relationSubject.jsp?relationWords=%E5%BE%8B%E5%B8%AB+%E6%9C%83%E8%A8%88%E5%B8%AB+%E7%A0%B4%E7%94%A2+%E7%AE%A1%E7%90%86%E4%BA%BA+%E8%87%BA%E5%8C%97%E5%9C%B0%E6%96%B9%E6%B3%95%E9%99%A2+%E9%99%B3%E4%B8%96%E6%98%8C+%E9%BB%83%E5%A5%87%E6%AD%A3+&oid=1530775 HTTP/1.1" 200 9028
113.196.32.36 - - [13/Oct/2015:09:52:07 +0800] "GET /content/nav/relationSubject.jsp?relationWords=%E5%B1%B1%E6%AB%BB%E8%8A%B1+&oid=16777304 HTTP/1.1" 200 4452
66.249.71.113 - - [13/Oct/2015:09:52:08 +0800] "GET /content/nav/relationSubject.jsp?relationWords=%E5%A5%B3%E5%B7%AB+%E7%B6%81%E8%85%BF%E5%B8%83+&oid=1780837 HTTP/1.1" 200 3066
66.249.71.105 - - [13/Oct/2015:09:52:09 +0800] "GET /content/nav/relationSubject.jsp?relationWords=%E5%A5%B3%E5%B7%AB%20%E7%B6%81%E8%85%BF%E5%B8%83%20&oid=1780837 HTTP/1.1" 200 3066
66.249.71.60 - - [13/Oct/2015:09:52:19 +0800] "GET /content/tmp_exh/resource_content.jsp?oid=16777817&queryType=qc HTTP/1.1" 200 34748
66.249.71.254 - - [13/Oct/2015:09:53:01 +0800] "GET /content/nav/relationSubject.jsp?relationWords=%E5%96%AE%E8%89%B2+%E6%BB%8B%E9%99%BD%E7%B8%A3+&oid=191834 HTTP/1.1" 200 3262
66.249.71.131 - - [13/Oct/2015:09:53:02 +0800] "GET /content/nav/relationSubject.jsp?relationWords=%E5%96%AE%E8%89%B2%20%E6%BB%8B%E9%99%BD%E7%B8%A3%20&oid=191834 HTTP/1.1" 200 3262
61.60.126.4 - - [13/Oct/2015:09:54:01 +0800] "GET /content/repository/resource_content.jsp?oid=4437566&queryType=null&queryString= HTTP/1.1" 200 29010
66.249.71.60 - - [13/Oct/2015:09:54:15 +0800] "GET /digiarch_en/content/repository/resource_content.jsp?oid=15100&queryString=%E5%9A%B4%E5%85%AC%E4%BB%94%20%E5%A4%A7%E7%9C%BC%E9%AF%9B%20%E5%A4%A7%E7%9C%BC%E9%AF%9B%E7%A7%91%20%E5%A4%A7%E9%B1%97%E5%A4%A7%E7%9C%BC%E9%AF%9B%20%E7%B4%85%E7%9B%AE%E9%B0%B1%20%E9%BA%A5%E6%B0%8F HTTP/1.1" 200 27430
61.60.126.4 - - [13/Oct/2015:09:54:18 +0800] "GET /content/nav/relationSubject.jsp?relationWords=%E5%8D%B7%E9%A6%96+&oid=4437566 HTTP/1.1" 200 2927
66.249.74.18 - - [13/Oct/2015:09:54:36 +0800] "GET /content/repository/resource_content.jsp?oid=1588381 HTTP/1.1" 200 28613
66.249.77.97 - - [13/Oct/2015:09:55:06 +0800] "GET /content/repository/resource_content.jsp?oid=2631833&queryType=qs&queryString=%E8%94%A1%E6%98%8E HTTP/1.1" 200 29122
66.249.71.64 - - [13/Oct/2015:09:55:36 +0800] "GET /content/repository/resource_content.jsp?oid=16298&queryString=%E5%88%BA%E5%B0%BE%E9%AF%9B%E7%A7%91%20%E5%89%9D%E7%9A%AE%E4%BB%94%20%E6%89%93%E9%90%B5%E5%A9%86%20%E9%A0%B0%E5%90%BB%E9%BC%BB%E9%AD%9A%20%E9%BB%91%E8%83%8C%E9%BC%BB%E9%AD%9A HTTP/1.1" 200 34633
61.60.126.4 - - [13/Oct/2015:09:56:06 +0800] "GET /content/repository/resource_content.jsp?oid=1777643&queryType=null&queryString=%2B%E6%95%B8%E4%BD%8D%E5%85%B8%E8%97%8F HTTP/1.1" 200 27738
61.60.126.4 - - [13/Oct/2015:09:56:06 +0800] "GET /content/nav/relationSubject.jsp?relationWords=%E4%BA%BA%E9%A1%9E%E5%AD%B8%E7%B3%BB+%E5%8F%B0%E7%81%A3%E5%A4%A7%E5%AD%B8+%E5%B9%B3%E5%9F%94%E6%97%8F+%E6%95%B8%E4%BD%8D%E5%85%B8%E8%97%8F+%E7%B3%BB%E7%B5%B1%E5%BB%BA%E7%AB%8B+&oid=1777643 HTTP/1.1" 200 7991
66.249.71.60 - - [13/Oct/2015:09:56:07 +0800] "GET /content/repository/resource_content.jsp?oid=1108955 HTTP/1.1" 200 31469
61.60.126.4 - - [13/Oct/2015:09:56:21 +0800] "GET /content/repository/resource_content.jsp?oid=1777639&queryType=null&queryString=%2B%E6%95%B8%E4%BD%8D%E5%85%B8%E8%97%8F HTTP/1.1" 200 27687
61.60.126.4 - - [13/Oct/2015:09:56:21 +0800] "GET /content/nav/relationSubject.jsp?relationWords=%E5%8F%B0%E7%81%A3%E5%8E%9F%E4%BD%8F%E6%B0%91+%E5%8F%B2%E5%89%8D%E9%A4%A8+%E6%95%B8%E4%BD%8D%E5%85%B8%E8%97%8F+%E6%95%B8%E4%BD%8D%E5%8D%9A%E7%89%A9%E9%A4%A8+%E8%87%BA%E7%81%A3%E5%8E%9F%E4%BD%8F%E6%B0%91+&oid=1777639 HTTP/1.1" 200 13002
66.249.71.60 - - [13/Oct/2015:09:56:38 +0800] "GET /content/repository/resource_content.jsp?oid=745721&queryString=%E6%A4%8D%E7%89%A9%E7%95%8C%20%E7%99%BD%E8%8B%B1%20%E8%8C%84%E5%B1%AC%20%E8%8C%84%E7%A7%91 HTTP/1.1" 200 28890
66.249.71.14 - - [13/Oct/2015:09:57:08 +0800] "GET /digiarch3/content/repository/resource_content.jsp?oid=1571114&queryType=qs&queryString=%E5%A5%B3%E9%9D%92%E5%B9%B4 HTTP/1.1" 200 30507
61.60.126.4 - - [13/Oct/2015:09:57:11 +0800] "GET /content/repository/resource_content.jsp?oid=1777639&queryType=null&queryString=%2B%E6%95%B8%E4%BD%8D%E5%85%B8%E8%97%8F HTTP/1.1" 200 27687
61.60.126.4 - - [13/Oct/2015:09:57:12 +0800] "GET /content/repository/resource_content.jsp?oid=1777639&queryType=null&queryString=%2B%E6%95%B8%E4%BD%8D%E5%85%B8%E8%97%8F HTTP/1.1" 200 27687
61.60.126.4 - - [13/Oct/2015:09:57:12 +0800] "GET /content/nav/relationSubject.jsp?relationWords=%E5%8F%B0%E7%81%A3%E5%8E%9F%E4%BD%8F%E6%B0%91+%E5%8F%B2%E5%89%8D%E9%A4%A8+%E6%95%B8%E4%BD%8D%E5%85%B8%E8%97%8F+%E6%95%B8%E4%BD%8D%E5%8D%9A%E7%89%A9%E9%A4%A8+%E8%87%BA%E7%81%A3%E5%8E%9F%E4%BD%8F%E6%B0%91+&oid=1777639 HTTP/1.1" 200 13002
61.60.126.4 - - [13/Oct/2015:09:57:12 +0800] "GET /content/nav/relationSubject.jsp?relationWords=%E5%8F%B0%E7%81%A3%E5%8E%9F%E4%BD%8F%E6%B0%91+%E5%8F%B2%E5%89%8D%E9%A4%A8+%E6%95%B8%E4%BD%8D%E5%85%B8%E8%97%8F+%E6%95%B8%E4%BD%8D%E5%8D%9A%E7%89%A9%E9%A4%A8+%E8%87%BA%E7%81%A3%E5%8E%9F%E4%BD%8F%E6%B0%91+&oid=1777639 HTTP/1.1" 200 13002
61.60.126.4 - - [13/Oct/2015:09:57:18 +0800] "GET /content/repository/resource_content.jsp?oid=1778584&queryType=null&queryString=%2B%E6%95%B8%E4%BD%8D%E5%85%B8%E8%97%8F HTTP/1.1" 200 35759
61.60.126.4 - - [13/Oct/2015:09:57:19 +0800] "GET /content/nav/relationSubject.jsp?relationWords=%E5%A4%AA%E9%AD%AF%E9%96%A3%E6%97%8F+%E6%95%B8%E4%BD%8D%E5%85%B8%E8%97%8F+%E6%95%B8%E4%BD%8D%E5%8D%9A%E7%89%A9%E9%A4%A8+&oid=1778584 HTTP/1.1" 200 7743
66.249.71.64 - - [13/Oct/2015:09:57:41 +0800] "GET /content/repository/resource_content.jsp?oid=1456735 HTTP/1.1" 200 30825
66.249.71.72 - - [13/Oct/2015:09:58:10 +0800] "GET /content/repository/resource_content.jsp?oid=1462626 HTTP/1.1" 200 31273
61.60.126.4 - - [13/Oct/2015:09:58:17 +0800] "GET /content/tmp_tec/resource_content.jsp?oid=16777734 HTTP/1.1" 200 36946
61.60.126.4 - - [13/Oct/2015:09:58:19 +0800] "GET /content/nav/relationSubject.jsp?relationWords=%E6%95%B8%E4%BD%8D%E5%85%B8%E8%97%8F+%E7%A7%91%E6%99%AE+&oid=16777734 HTTP/1.1" 200 7799
66.249.71.113 - - [13/Oct/2015:09:58:38 +0800] "GET /content/repository/resource_content.jsp?oid=2645042&queryType=qs&queryString=%E4%BF%9D%E5%AE%9A%E7%B8%A3 HTTP/1.1" 200 29823
66.249.71.60 - - [13/Oct/2015:09:58:40 +0800] "GET /content/repository/resource_content.jsp?oid=1099343 HTTP/1.1" 200 31056
66.249.71.60 - - [13/Oct/2015:09:59:11 +0800] "GET /content/repository/resource_content.jsp?oid=1462245 HTTP/1.1" 200 30480
157.55.39.163 - - [13/Oct/2015:09:59:12 +0800] "GET /content/nav/relationSubject.jsp?relationWords=%E7%9B%B8%E6%80%9D%E6%A8%B9+&oid=16777519 HTTP/1.1" 200 3659
114.27.161.51 - - [13/Oct/2015:09:59:41 +0800] "GET /content/nav/relationSubject.jsp?relationWords=%E5%B1%B1%E6%AB%BB%E8%8A%B1+&oid=16777304 HTTP/1.1" 200 4452
66.249.71.64 - - [13/Oct/2015:09:59:44 +0800] "GET /content/repository/resource_content.jsp?oid=1456643 HTTP/1.1" 200 29734
211.74.63.74 - - [13/Oct/2015:10:00:08 +0800] "GET /content/nav/relationSubject.jsp?relationWords=%E6%9C%A8%E7%8A%80+%E6%A1%82%E8%8A%B1+&oid=16777255 HTTP/1.1" 200 4029
66.249.71.50 - - [13/Oct/2015:10:00:13 +0800] "GET /content/repository/resource_content.jsp?oid=714352&queryString=%E6%BE%B3%E5%A4%A7%E5%88%A9%E4%BA%9E%20%E9%A6%AC%E5%85%8B%E6%96%AF HTTP/1.1" 200 29191
66.249.71.41 - - [13/Oct/2015:10:00:43 +0800] "GET /content/repository/resource_content.jsp?oid=1895161&queryString=%E5%8C%85%E7%A8%AE%E8%8C%B6%20%E7%83%8F%E9%BE%8D%E8%8C%B6%20%E8%87%BA%E7%81%A3%E7%9C%81%20%E8%87%BA%E7%81%A3%E7%9C%81%E6%94%BF%E5%BA%9C HTTP/1.1" 200 31056
66.249.71.59 - - [13/Oct/2015:10:01:13 +0800] "GET /content/repository/resource_content.jsp?oid=1814596&queryString=%E6%8B%89%E7%B8%B4%20%E6%8B%93%E7%89%87%20%E7%95%AB%E5%83%8F%E7%9F%B3%20%E9%BB%83%E5%AE%B6%E5%B6%BA%E7%95%AB%E8%B1%A1 HTTP/1.1" 200 32002
66.249.71.41 - - [13/Oct/2015:10:01:30 +0800] "GET /content/nav/relationSubject.jsp?relationWords=%E6%9D%9C%E9%B5%91%E8%8A%B1%E5%B1%AC+&oid=1462436 HTTP/1.1" 200 2981
66.249.71.41 - - [13/Oct/2015:10:01:32 +0800] "GET /content/nav/relationSubject.jsp?relationWords=%E6%9D%9C%E9%B5%91%E8%8A%B1%E5%B1%AC%20&oid=1462436 HTTP/1.1" 200 2981
66.249.71.50 - - [13/Oct/2015:10:01:44 +0800] "GET /content/repository/resource_content.jsp?oid=1896873&queryString=%E5%8F%97%E5%AE%B3%E8%80%85%20%E6%95%B4%E4%BF%AE%20%E8%B3%AA%E8%A9%A2%20%E9%AB%98%E9%80%9F%E5%85%AC%E8%B7%AF%20%E9%AB%98%E9%80%9F%E9%90%B5%E8%B7%AF HTTP/1.1" 200 30857
66.249.71.50 - - [13/Oct/2015:10:02:15 +0800] "GET /content/repository/resource_content.jsp?oid=4362017&queryType=qs&queryString=%E5%9C%9F%E5%9C%B0%E5%85%AC HTTP/1.1" 200 36188
