223.142.231.89 - - [03/Sep/2015:03:59:59 +0800] "GET /content/nav/relationSubject.jsp?relationWords=%E5%94%87%E5%BD%A2%E7%A7%91+%E6%A4%8D%E7%89%A9%E7%95%8C+%E7%B4%AB%E7%B7%A3%E8%8A%B1+%E7%B4%AB%E8%8A%B1+%E7%B4%AB%E8%8A%B1%E9%BC%A0%E5%B0%BE%E8%8D%89+%E8%96%84%E8%8D%B7+%E9%98%BF%E9%87%8C%E5%B1%B1%E7%B4%AB%E5%8F%83+%E9%9B%99%E5%AD%90%E8%91%89+%E9%9B%99%E5%AD%90%E8%91%89%E6%A4%8D%E7%89%A9+%E9%BC%A0%E5%B0%BE%E8%8D%89+%E9%BC%A0%E5%B0%BE%E8%8D%89%E5%B1%AC+&oid=2152957 HTTP/1.1" 200 3785
66.249.71.217 - - [03/Sep/2015:04:00:07 +0800] "GET /digiarch3/content/nav/relationSubject.jsp?relationWords=%E6%B5%B7%E6%A3%A0+%E7%A7%8B%E6%B5%B7%E6%A3%A0+&oid=16777308 HTTP/1.1" 200 4905
66.249.71.196 - - [03/Sep/2015:04:00:17 +0800] "GET /digiarch3/content/nav/relationSubject.jsp?relationWords=%E6%B5%B7%E6%A3%A0%20%E7%A7%8B%E6%B5%B7%E6%A3%A0%20&oid=16777308 HTTP/1.1" 200 4905
66.249.71.105 - - [03/Sep/2015:04:00:21 +0800] "GET /content/repository/resource_content.jsp?oid=1777618&queryType=qs&queryString=%E6%96%87%E5%8C%96%E7%94%A2%E6%A5%AD HTTP/1.1" 200 35009
66.249.71.105 - - [03/Sep/2015:04:00:44 +0800] "GET /content/repository/resource_content.jsp?oid=4354914&queryType=qs&queryString=%E7%B5%B2%E8%B6%B3%E9%B1%B8%E7%A7%91 HTTP/1.1" 200 29805
66.249.71.54 - - [03/Sep/2015:04:01:05 +0800] "GET /content/nav/relationSubject.jsp?relationWords=%E7%81%AB%E7%87%92%E5%B3%B6+&oid=4468254 HTTP/1.1" 200 3181
66.249.71.105 - - [03/Sep/2015:04:01:07 +0800] "GET /content/repository/resource_content.jsp?oid=4588946&queryType=qs&queryString=%E9%BE%9C%E5%BD%A2 HTTP/1.1" 200 28324
66.249.71.54 - - [03/Sep/2015:04:01:12 +0800] "GET /content/nav/relationSubject.jsp?relationWords=%E7%81%AB%E7%87%92%E5%B3%B6%20&oid=4468254 HTTP/1.1" 200 3181
66.249.71.105 - - [03/Sep/2015:04:01:30 +0800] "GET /content/repository/resource_content.jsp?oid=2642667&queryType=qs&queryString=%E7%8E%8B%E9%80%B2%E5%BF%A0 HTTP/1.1" 200 29664
66.249.71.113 - - [03/Sep/2015:04:01:53 +0800] "GET /content/repository/resource_content.jsp?oid=2608318&queryType=qs&queryString=%E8%98%86%E8%87%BA HTTP/1.1" 200 29392
66.249.71.113 - - [03/Sep/2015:04:02:17 +0800] "GET /content/repository/resource_content.jsp?oid=2674828&queryType=qs&queryString=%E5%88%A9%E6%B4%A5%E7%B8%A3 HTTP/1.1" 200 29930
66.249.79.193 - - [03/Sep/2015:04:02:26 +0800] "GET /content/nav/relationSubject.jsp?relationWords=%E5%BC%B5%E8%B2%B4%E6%9C%A8+%E7%9C%81%E6%94%BF%E5%BA%9C+%E7%B6%AD%E6%B0%91+%E8%87%BA%E4%B8%AD%E7%B8%A3+&oid=1899010 HTTP/1.1" 200 4592
66.249.71.229 - - [03/Sep/2015:04:02:30 +0800] "GET /content/nav/relationSubject.jsp?relationWords=%E5%BC%B5%E8%B2%B4%E6%9C%A8%20%E7%9C%81%E6%94%BF%E5%BA%9C%20%E7%B6%AD%E6%B0%91%20%E8%87%BA%E4%B8%AD%E7%B8%A3%20&oid=1899010 HTTP/1.1" 200 4592
66.249.71.113 - - [03/Sep/2015:04:02:40 +0800] "GET /content/repository/resource_content.jsp?oid=2616044&queryType=qs&queryString=%E9%A6%AC%E7%91%9C HTTP/1.1" 200 29203
66.249.71.121 - - [03/Sep/2015:04:03:03 +0800] "GET /content/repository/resource_content.jsp?oid=672797&queryType=qs&queryString=%E7%83%8F%E7%A7%91 HTTP/1.1" 200 28963
66.249.71.113 - - [03/Sep/2015:04:03:27 +0800] "GET /content/repository/resource_content.jsp?oid=2521696&queryType=qs&queryString=%E6%B6%BC%E8%8E%8A HTTP/1.1" 200 30052
66.249.71.216 - - [03/Sep/2015:04:03:40 +0800] "GET /content/nav/relationSubject.jsp?relationWords=%E4%BA%A4%E9%80%9A%E5%AE%89%E5%85%A8+%E5%85%AB%E5%BA%9C+%E5%9C%8B%E8%B1%90+%E5%AE%89%E5%85%A8%E6%A1%88+%E5%B9%B3%E4%BA%A4%E9%81%93+%E5%BD%AD%E5%8E%9D+%E9%90%B5%E8%B7%AF%E5%B1%80+%E9%BA%B5%E7%B2%89+&oid=1572630 HTTP/1.1" 200 5034
66.249.71.206 - - [03/Sep/2015:04:03:45 +0800] "GET /content/nav/relationSubject.jsp?relationWords=%E4%BA%A4%E9%80%9A%E5%AE%89%E5%85%A8%20%E5%85%AB%E5%BA%9C%20%E5%9C%8B%E8%B1%90%20%E5%AE%89%E5%85%A8%E6%A1%88%20%E5%B9%B3%E4%BA%A4%E9%81%93%20%E5%BD%AD%E5%8E%9D%20%E9%90%B5%E8%B7%AF%E5%B1%80%20%E9%BA%B5%E7%B2%89%20&oid=1572630 HTTP/1.1" 200 5034
66.249.71.113 - - [03/Sep/2015:04:03:50 +0800] "GET /content/repository/resource_content.jsp?oid=668801&queryType=qs&queryString=%E6%96%87%E4%BF%A1 HTTP/1.1" 200 29229
66.249.71.121 - - [03/Sep/2015:04:04:12 +0800] "GET /content/repository/resource_content.jsp?oid=2518399&queryType=qs&queryString=%E8%AA%98%E5%A7%A6 HTTP/1.1" 200 29845
66.249.71.113 - - [03/Sep/2015:04:04:36 +0800] "GET /content/repository/resource_content.jsp?oid=2665167&queryType=qs&queryString=%E9%AB%98%E8%AA%A0 HTTP/1.1" 200 30358
66.249.71.121 - - [03/Sep/2015:04:04:44 +0800] "GET /content/nav/relationSubject.jsp?relationWords=&oid=2687343 HTTP/1.1" 200 1405
66.249.71.229 - - [03/Sep/2015:04:04:59 +0800] "GET /digiarch_en/content/repository/resource_content.jsp?oid=1603542&queryString=%E7%9C%8B%E6%9D%BF HTTP/1.1" 200 22914
66.249.71.113 - - [03/Sep/2015:04:05:22 +0800] "GET /content/repository/resource_content.jsp?oid=1847893&queryType=qs&queryString=%E5%8F%A3%E8%85%B9%E7%89%87 HTTP/1.1" 200 30201
66.249.79.115 - - [03/Sep/2015:04:05:35 +0800] "GET /content/nav/relationSubject.jsp?relationWords=%E5%85%AC%E5%8B%99%E4%BA%BA%E5%93%A1+%E5%85%B8%E8%A9%A6+%E5%87%8C%E7%B4%94%E8%81%B2+%E9%AB%98%E7%AD%89%E8%80%83%E8%A9%A6+&oid=4364580 HTTP/1.1" 200 3254
66.249.79.127 - - [03/Sep/2015:04:05:38 +0800] "GET /content/nav/relationSubject.jsp?relationWords=%E5%85%AC%E5%8B%99%E4%BA%BA%E5%93%A1%20%E5%85%B8%E8%A9%A6%20%E5%87%8C%E7%B4%94%E8%81%B2%20%E9%AB%98%E7%AD%89%E8%80%83%E8%A9%A6%20&oid=4364580 HTTP/1.1" 200 3254
66.249.71.113 - - [03/Sep/2015:04:05:45 +0800] "GET /content/repository/resource_content.jsp?oid=2682446&queryType=qs&queryString=%E6%B7%B3%E7%BD%B2 HTTP/1.1" 200 30053
66.249.71.113 - - [03/Sep/2015:04:06:08 +0800] "GET /content/repository/resource_content.jsp?oid=2660001&queryType=qs&queryString=%E8%A7%A3%E7%94%98%E7%9C%81 HTTP/1.1" 200 29866
66.249.71.249 - - [03/Sep/2015:04:06:27 +0800] "GET /content/repository/resource_content.jsp?oid=2522426&queryType=qs&queryString=%E5%9F%8E%E5%AE%88 HTTP/1.1" 200 30500
66.249.79.115 - - [03/Sep/2015:04:06:32 +0800] "GET /content/repository/resource_content.jsp?oid=14525&queryType=qs&queryString=%E6%9C%88%E9%AD%9A HTTP/1.1" 200 33424
66.249.71.45 - - [03/Sep/2015:04:06:32 +0800] "GET /content/nav/relationSubject.jsp?relationWords=%E5%A5%B3%E7%B6%81%E8%85%BF+%E7%B6%81%E8%85%BF+%E9%84%92%E6%97%8F+&oid=1782755 HTTP/1.1" 200 3099
66.249.79.193 - - [03/Sep/2015:04:06:39 +0800] "GET /content/subject/resource_content.jsp?oid=16777640&queryString=%E6%9E%97%E7%8D%BB%E5%A0%82%20%E7%81%8C%E5%9C%92%E5%85%88%E7%94%9F%20%E9%9C%A7%E5%B3%B0 HTTP/1.1" 200 62173
66.249.71.54 - - [03/Sep/2015:04:06:44 +0800] "GET /content/nav/relationSubject.jsp?relationWords=%E5%A5%B3%E7%B6%81%E8%85%BF%20%E7%B6%81%E8%85%BF%20%E9%84%92%E6%97%8F%20&oid=1782755 HTTP/1.1" 200 3099
66.249.71.105 - - [03/Sep/2015:04:06:55 +0800] "GET /content/repository/resource_content.jsp?oid=173732&queryType=qs&queryString=%E9%9D%A2%E7%A9%8D%E5%9C%96 HTTP/1.1" 200 31462
66.249.71.121 - - [03/Sep/2015:04:06:58 +0800] "GET /content/nav/relationSubject.jsp?relationWords=&oid=4588946 HTTP/1.1" 200 1405
66.249.79.121 - - [03/Sep/2015:04:06:58 +0800] "GET /content/nav/relationSubject.jsp?relationWords=%E7%B5%B2%E8%B6%B3%E9%B1%B8+%E7%B5%B2%E8%B6%B3%E9%B1%B8%E7%A7%91+&oid=4354914 HTTP/1.1" 200 2727
66.249.71.229 - - [03/Sep/2015:04:07:07 +0800] "GET /content/nav/relationSubject.jsp?relationWords=%E4%BA%BA%E5%90%8D%E6%AC%8A%E5%A8%81+%E5%8B%B3%E7%AB%A0+%E6%B1%AA%E6%A6%AE%E5%AF%B6+%E7%A7%98%E9%AD%AF+&oid=757782 HTTP/1.1" 200 3386
66.249.71.239 - - [03/Sep/2015:04:07:09 +0800] "GET /content/nav/relationSubject.jsp?relationWords=%E4%BA%BA%E5%90%8D%E6%AC%8A%E5%A8%81%20%E5%8B%B3%E7%AB%A0%20%E6%B1%AA%E6%A6%AE%E5%AF%B6%20%E7%A7%98%E9%AD%AF%20&oid=757782 HTTP/1.1" 200 3386
66.249.71.105 - - [03/Sep/2015:04:07:14 +0800] "GET /content/nav/relationSubject.jsp?relationWords=%E7%B5%B2%E8%B6%B3%E9%B1%B8%20%E7%B5%B2%E8%B6%B3%E9%B1%B8%E7%A7%91%20&oid=4354914 HTTP/1.1" 200 2727
66.249.71.105 - - [03/Sep/2015:04:07:18 +0800] "GET /content/repository/resource_content.jsp?oid=4203872&queryType=qs&queryString=%E6%A4%8D%E7%89%A9%E6%A0%B9 HTTP/1.1" 200 30238
66.249.79.207 - - [03/Sep/2015:04:07:33 +0800] "GET /content/nav/relationSubject.jsp?relationWords=%E5%A4%A7%E9%A0%AD%E8%8C%B6+%E5%A4%A7%E9%A0%AD%E8%8C%B6%E5%B1%AC+%E8%8C%B6%E5%B1%AC+&oid=2146622 HTTP/1.1" 200 3168
66.249.71.239 - - [03/Sep/2015:04:07:37 +0800] "GET /content/nav/relationSubject.jsp?relationWords=%E5%A4%A7%E9%A0%AD%E8%8C%B6%20%E5%A4%A7%E9%A0%AD%E8%8C%B6%E5%B1%AC%20%E8%8C%B6%E5%B1%AC%20&oid=2146622 HTTP/1.1" 200 3168
66.249.79.127 - - [03/Sep/2015:04:07:40 +0800] "GET /content/nav/relationSubject.jsp?relationWords=%E4%BC%8A%E5%A6%BB+%E5%88%91%E9%83%A8+&oid=2643653 HTTP/1.1" 200 3130
66.249.71.113 - - [03/Sep/2015:04:07:41 +0800] "GET /content/repository/resource_content.jsp?oid=2514164&queryType=qs&queryString=%E5%BB%96%E6%96%87 HTTP/1.1" 200 29642
66.249.79.121 - - [03/Sep/2015:04:07:43 +0800] "GET /content/nav/relationSubject.jsp?relationWords=%E4%BC%8A%E5%A6%BB%20%E5%88%91%E9%83%A8%20&oid=2643653 HTTP/1.1" 200 3130
66.249.79.207 - - [03/Sep/2015:04:07:54 +0800] "GET /content/nav/relationSubject.jsp?relationWords=%E5%8F%B0%E7%81%A3%E7%9C%81+%E5%91%82%E4%B8%96%E6%98%8E+&oid=1518682 HTTP/1.1" 200 5865
66.249.71.239 - - [03/Sep/2015:04:07:59 +0800] "GET /content/nav/relationSubject.jsp?relationWords=%E5%8F%B0%E7%81%A3%E7%9C%81%20%E5%91%82%E4%B8%96%E6%98%8E%20&oid=1518682 HTTP/1.1" 200 5865
66.249.71.113 - - [03/Sep/2015:04:08:04 +0800] "GET /content/repository/resource_content.jsp?oid=671329&queryType=qs&queryString=%E8%AB%87%E5%88%A4 HTTP/1.1" 200 28902
66.249.71.121 - - [03/Sep/2015:04:08:27 +0800] "GET /content/repository/resource_content.jsp?oid=1627106&queryType=qs&queryString=%E7%B5%90%E6%A7%8B%E6%94%B9%E9%9D%A9 HTTP/1.1" 200 29016
66.249.71.249 - - [03/Sep/2015:04:08:39 +0800] "GET /content/nav/relationSubject.jsp?relationWords=%E8%94%A1%E7%BE%8E+%E9%84%AD%E9%87%91%E9%88%B4+%E9%8D%BE%E7%B4%B9+%E9%8D%BE%E7%B4%B9%E5%92%8C+%E9%BB%83%E6%9C%A8+%E9%BB%83%E6%9C%A8%E6%B7%BB+&oid=1893737 HTTP/1.1" 200 3326
66.249.71.239 - - [03/Sep/2015:04:08:42 +0800] "GET /content/nav/relationSubject.jsp?relationWords=%E8%94%A1%E7%BE%8E%20%E9%84%AD%E9%87%91%E9%88%B4%20%E9%8D%BE%E7%B4%B9%20%E9%8D%BE%E7%B4%B9%E5%92%8C%20%E9%BB%83%E6%9C%A8%20%E9%BB%83%E6%9C%A8%E6%B7%BB%20&oid=1893737 HTTP/1.1" 200 3326
68.180.228.24 - - [03/Sep/2015:04:08:46 +0800] "GET /content/subject/resource_content.jsp?oid=16777393&queryType=qc HTTP/1.1" 200 27881
66.249.71.105 - - [03/Sep/2015:04:08:51 +0800] "GET /content/repository/resource_content.jsp?oid=2643660&queryType=qs&queryString=%E5%88%A9%E5%B7%9D HTTP/1.1" 200 30150
66.249.79.115 - - [03/Sep/2015:04:09:14 +0800] "GET /content/repository/resource_content.jsp?oid=4491331&queryType=qs&queryString=%E5%BE%A1%E8%87%A8 HTTP/1.1" 200 28356
66.249.71.105 - - [03/Sep/2015:04:09:37 +0800] "GET /content/repository/resource_content.jsp?oid=2668687&queryType=qs&queryString=%E9%A8%BE%E5%83%B9 HTTP/1.1" 200 29292
66.249.79.115 - - [03/Sep/2015:04:10:01 +0800] "GET /content/repository/resource_content.jsp?oid=1780746&queryType=qs&queryString=%E5%8F%A3%E7%AC%9B HTTP/1.1" 200 28346
66.249.71.121 - - [03/Sep/2015:04:10:03 +0800] "GET /content/nav/relationSubject.jsp?relationWords=%E4%BA%BA%E5%90%8D%E6%AC%8A%E5%A8%81+%E4%BF%84%E5%9C%8B+%E6%9B%B9%E6%B1%9D%E9%9C%96+%E6%B1%9D%E9%9C%96+%E7%83%8F%E7%A7%91+&oid=672797 HTTP/1.1" 200 3290
66.249.71.113 - - [03/Sep/2015:04:10:05 +0800] "GET /content/nav/relationSubject.jsp?relationWords=%E4%BA%BA%E5%90%8D%E6%AC%8A%E5%A8%81%20%E4%BF%84%E5%9C%8B%20%E6%9B%B9%E6%B1%9D%E9%9C%96%20%E6%B1%9D%E9%9C%96%20%E7%83%8F%E7%A7%91%20&oid=672797 HTTP/1.1" 200 3290
66.249.79.115 - - [03/Sep/2015:04:10:24 +0800] "GET /content/repository/resource_content.jsp?oid=4351984&queryType=qs&queryString=%E7%88%AC%E5%B2%A9%E9%B0%8D HTTP/1.1" 200 34366
66.249.71.105 - - [03/Sep/2015:04:10:46 +0800] "GET /content/repository/resource_content.jsp?oid=2675667&queryType=qs&queryString=%E7%A6%8F%E5%96%84 HTTP/1.1" 200 29871
66.249.71.206 - - [03/Sep/2015:04:11:10 +0800] "GET /content/repository/resource_content.jsp?oid=3814046&queryString=%E5%A4%A7%E6%88%9F%20%E5%A4%A7%E6%88%9F%E5%B1%AC%20%E5%A4%A7%E6%88%9F%E7%A7%91%20%E5%A4%AA%E9%AD%AF%E9%96%A3%E5%A4%A7%E6%88%9F%20%E6%A4%8D%E7%89%A9%E7%95%8C HTTP/1.1" 200 31302
66.249.71.113 - - [03/Sep/2015:04:11:33 +0800] "GET /content/repository/resource_content.jsp?oid=2644531&queryType=qs&queryString=%E9%8E%AE%E8%BF%AA%E9%81%93 HTTP/1.1" 200 30039
66.249.71.105 - - [03/Sep/2015:04:11:56 +0800] "GET /content/repository/resource_content.jsp?oid=3400024&queryType=qs&queryString=%E5%87%8C%E6%B2%B3%E7%89%A7%E5%BB%A0 HTTP/1.1" 200 28899
66.249.71.121 - - [03/Sep/2015:04:12:05 +0800] "GET /content/nav/relationSubject.jsp?relationWords=%E5%88%91%E9%83%A8+%E5%88%A9%E5%B7%9D+%E5%88%A9%E5%B7%9D%E7%B8%A3+&oid=2643660 HTTP/1.1" 200 3180
66.249.71.113 - - [03/Sep/2015:04:12:08 +0800] "GET /content/nav/relationSubject.jsp?relationWords=%E5%88%91%E9%83%A8%20%E5%88%A9%E5%B7%9D%20%E5%88%A9%E5%B7%9D%E7%B8%A3%20&oid=2643660 HTTP/1.1" 200 3180
66.249.71.105 - - [03/Sep/2015:04:12:19 +0800] "GET /content/repository/resource_content.jsp?oid=2510765&queryType=qs&queryString=%E7%B4%8B%E9%8A%80 HTTP/1.1" 200 30037
66.249.79.121 - - [03/Sep/2015:04:12:43 +0800] "GET /content/repository/resource_content.jsp?oid=637808&queryType=qs&queryString=%E5%A4%A7%E7%B4%A2 HTTP/1.1" 200 28669
123.125.71.90 - - [03/Sep/2015:04:13:01 +0800] "GET /content/subject/resource_content.jsp?oid=16777291 HTTP/1.1" 200 28075
66.249.71.113 - - [03/Sep/2015:04:13:05 +0800] "GET /content/repository/resource_content.jsp?oid=2651946&queryType=qs&queryString=%E8%92%9C%E9%A0%AD HTTP/1.1" 200 30196
220.181.108.105 - - [03/Sep/2015:04:13:12 +0800] "GET /content/nav/relationSubject.jsp?relationWords=%E6%BE%A4%E8%98%AD+%E8%8A%B1%E8%94%93+%E8%94%93%E6%BE%A4+%E8%94%93%E6%BE%A4%E8%98%AD+&oid=16777291 HTTP/1.1" 200 4623
66.249.71.113 - - [03/Sep/2015:04:13:20 +0800] "GET /content/nav/relationSubject.jsp?relationWords=%E5%A0%82%E9%8A%9C+%E9%8A%9C%E4%BA%8B+%E9%91%B2%E8%97%8D%E6%97%97+&oid=2652703 HTTP/1.1" 200 3178
188.165.15.198 - - [03/Sep/2015:04:13:20 +0800] "GET /digiarch3/content/subject/resource_content.jsp?oid=16777254&queryType=qc HTTP/1.1" 200 34769
66.249.71.121 - - [03/Sep/2015:04:13:23 +0800] "GET /content/nav/relationSubject.jsp?relationWords=%E5%A0%82%E9%8A%9C%20%E9%8A%9C%E4%BA%8B%20%E9%91%B2%E8%97%8D%E6%97%97%20&oid=2652703 HTTP/1.1" 200 3178
66.249.71.105 - - [03/Sep/2015:04:13:29 +0800] "GET /content/repository/resource_content.jsp?oid=1624813&queryType=qs&queryString=%E5%B0%9A%E5%8B%87 HTTP/1.1" 200 28917
188.165.15.198 - - [03/Sep/2015:04:13:29 +0800] "GET /digiarch3/content/subject/resource_content.jsp?oid=16777439&queryType=qc HTTP/1.1" 200 36226
188.165.15.198 - - [03/Sep/2015:04:13:42 +0800] "GET /digiarch3/content/subject/resource_content.jsp?oid=16777438&queryType=qc HTTP/1.1" 200 28658
66.249.79.127 - - [03/Sep/2015:04:13:52 +0800] "GET /content/repository/resource_content.jsp?oid=1851409&queryType=qs&queryString=%E8%9A%8C%E7%B4%90 HTTP/1.1" 200 29838
188.165.15.198 - - [03/Sep/2015:04:13:53 +0800] "GET /digiarch3/content/subject/resource_content.jsp?oid=16797243&queryType=qc HTTP/1.1" 200 56179
188.165.15.198 - - [03/Sep/2015:04:14:03 +0800] "GET /digiarch3/content/subject/resource_content.jsp?oid=16777649&queryType=qc HTTP/1.1" 200 54800
188.165.15.198 - - [03/Sep/2015:04:14:11 +0800] "GET /digiarch3/content/subject/resource_content.jsp?oid=16797257&queryType=qc HTTP/1.1" 200 47942
66.249.71.105 - - [03/Sep/2015:04:14:15 +0800] "GET /content/repository/resource_content.jsp?oid=2549065&queryType=qs&queryString=%E6%B7%AE%E9%B9%BA HTTP/1.1" 200 29778
101.226.168.232 - - [03/Sep/2015:04:14:36 +0800] "GET /digiarch3/content/pictures/picture_content.jsp?oid=33554848&queryType=qc HTTP/1.1" 200 27780
66.249.71.105 - - [03/Sep/2015:04:14:38 +0800] "GET /content/repository/resource_content.jsp?oid=2517020&queryType=qs&queryString=%E8%B1%BA%E7%8B%BC HTTP/1.1" 200 29817
66.249.71.121 - - [03/Sep/2015:04:15:01 +0800] "GET /content/repository/resource_content.jsp?oid=1811220&queryType=qs&queryString=%E6%AD%A6%E6%B0%8F%E7%A5%A0%E5%B7%A6%E7%9F%B3%E5%AE%A4 HTTP/1.1" 200 35492
66.249.71.113 - - [03/Sep/2015:04:15:14 +0800] "GET /content/nav/relationSubject.jsp?relationWords=%E8%88%9B%E8%AA%A4+&oid=750571 HTTP/1.1" 200 3126
66.249.79.127 - - [03/Sep/2015:04:15:19 +0800] "GET /content/nav/relationSubject.jsp?relationWords=%E8%88%9B%E8%AA%A4%20&oid=750571 HTTP/1.1" 200 3126
66.249.71.121 - - [03/Sep/2015:04:15:25 +0800] "GET /content/repository/resource_content.jsp?oid=1778437&queryType=qs&queryString=%E7%B6%AD%E7%89%B9 HTTP/1.1" 200 37996
182.118.25.212 - - [03/Sep/2015:04:15:37 +0800] "GET /digiarch3/content/subject/resource_content.jsp?oid=16777601&queryType=qc HTTP/1.1" 200 59091
66.249.71.216 - - [03/Sep/2015:04:15:44 +0800] "GET /content/subject/resource_content.jsp?oid=16777303&queryString=%E7%83%8F%E8%80%B3%E9%B0%BB%20%E8%8A%B1%E9%B0%BB%20%E8%8A%B1%E9%B0%BB%E9%B1%BA%20%E9%B0%BB%E9%B1%BA%20%E9%B0%BB%E9%B1%BA%E7%A7%91%20%E9%B1%B8%E9%B0%BB HTTP/1.1" 200 35243
66.249.71.121 - - [03/Sep/2015:04:15:48 +0800] "GET /content/repository/resource_content.jsp?oid=2605371&queryType=qs&queryString=%E7%BE%85%E6%BC%A2%E9%96%80 HTTP/1.1" 200 30075
66.249.71.239 - - [03/Sep/2015:04:15:58 +0800] "GET /content/nav/relationSubject.jsp?relationWords=%E4%B8%8B%E6%B0%B4%E9%81%93+%E4%BA%A4%E9%80%9A%E7%B3%BB%E7%B5%B1+%E5%81%9C%E8%BB%8A%E5%A0%B4+%E5%85%AC%E5%85%B1%E5%B7%A5%E7%A8%8B+%E5%85%AC%E5%9C%92%E8%A6%8F%E5%8A%83+%E5%8D%80%E5%9F%9F%E8%A8%88%E7%95%AB+%E5%9C%8B%E6%B0%91%E4%BD%8F%E5%AE%85+%E5%A4%A7%E7%9C%BE%E6%8D%B7%E9%81%8B+%E5%A4%A7%E7%9C%BE%E6%8D%B7%E9%81%8B%E7%B3%BB%E7%B5%B1+%E5%BD%B0%E6%BF%B1%E9%81%8A%E6%A8%82%E5%8D%80+%E6%8D%B7%E9%81%8B+%E6%B1%A1%E6%B0%B4%E4%B8%8B%E6%B0%B4%E9%81%93+%E7%89%B9%E5%AE%9A%E5%8D%80+%E7%AB%B9%E7%A7%91+%E7%B3%BB%E7%B5%B1%E8%A6%8F%E5%8A%83+%E7%B5%90%E8%AA%9E+%E8%87%BA%E4%B8%AD%E6%B8%AF+%E8%A7%80%E5%85%89%E9%81%8A%E6%86%A9+%E9%81%8A%E6%A8%82%E5%8D%80+%E9%81%93%E8%B7%AF%E5%B7%A5%E7%A8%8B+%E9%83%BD%E5%B8%82%E7%99%BC%E5%B1%95+%E9%83%BD%E5%B8%82%E8%A8%88%E7%95%AB+%E9%83%BD%E6%9C%83%E5%8D%80+%E9%9B%A8%E6%B0%B4%E4%B8%8B%E6%B0%B4%E9%81%93+%E9%A0%90%E7%AE%97+&oid=1593118 HTTP/1.1" 200 7691
66.249.79.200 - - [03/Sep/2015:04:16:05 +0800] "GET /content/nav/relationSubject.jsp?relationWords=%E4%B8%8B%E6%B0%B4%E9%81%93%20%E4%BA%A4%E9%80%9A%E7%B3%BB%E7%B5%B1%20%E5%81%9C%E8%BB%8A%E5%A0%B4%20%E5%85%AC%E5%85%B1%E5%B7%A5%E7%A8%8B%20%E5%85%AC%E5%9C%92%E8%A6%8F%E5%8A%83%20%E5%8D%80%E5%9F%9F%E8%A8%88%E7%95%AB%20%E5%9C%8B%E6%B0%91%E4%BD%8F%E5%AE%85%20%E5%A4%A7%E7%9C%BE%E6%8D%B7%E9%81%8B%20%E5%A4%A7%E7%9C%BE%E6%8D%B7%E9%81%8B%E7%B3%BB%E7%B5%B1%20%E5%BD%B0%E6%BF%B1%E9%81%8A%E6%A8%82%E5%8D%80%20%E6%8D%B7%E9%81%8B%20%E6%B1%A1%E6%B0%B4%E4%B8%8B%E6%B0%B4%E9%81%93%20%E7%89%B9%E5%AE%9A%E5%8D%80%20%E7%AB%B9%E7%A7%91%20%E7%B3%BB%E7%B5%B1%E8%A6%8F%E5%8A%83%20%E7%B5%90%E8%AA%9E%20%E8%87%BA%E4%B8%AD%E6%B8%AF%20%E8%A7%80%E5%85%89%E9%81%8A%E6%86%A9%20%E9%81%8A%E6%A8%82%E5%8D%80%20%E9%81%93%E8%B7%AF%E5%B7%A5%E7%A8%8B%20%E9%83%BD%E5%B8%82%E7%99%BC%E5%B1%95%20%E9%83%BD%E5%B8%82%E8%A8%88%E7%95%AB%20%E9%83%BD%E6%9C%83%E5%8D%80%20%E9%9B%A8%E6%B0%B4%E4%B8%8B%E6%B0%B4%E9%81%93%20%E9%A0%90%E7%AE%97%20&oid=1593118 HTTP/1.1" 200 7691
66.249.71.121 - - [03/Sep/2015:04:16:11 +0800] "GET /content/repository/resource_content.jsp?oid=787651&queryType=qs&queryString=%E5%8D%97%E8%A5%BF%E6%B2%B3 HTTP/1.1" 200 28220
66.249.71.105 - - [03/Sep/2015:04:16:30 +0800] "GET /content/nav/relationSubject.jsp?relationWords=%E5%B7%A1%E6%92%AB+%E7%96%8F%E9%98%B2+%E9%98%B2%E6%96%87%E8%81%B7+&oid=2510765 HTTP/1.1" 200 3193
66.249.79.127 - - [03/Sep/2015:04:16:33 +0800] "GET /content/nav/relationSubject.jsp?relationWords=%E5%B7%A1%E6%92%AB%20%E7%96%8F%E9%98%B2%20%E9%98%B2%E6%96%87%E8%81%B7%20&oid=2510765 HTTP/1.1" 200 3193
66.249.71.121 - - [03/Sep/2015:04:16:35 +0800] "GET /content/repository/resource_content.jsp?oid=1516294&queryType=qs&queryString=%E8%94%A1%E4%BB%81 HTTP/1.1" 200 29090
66.249.71.249 - - [03/Sep/2015:04:16:35 +0800] "GET /content/nav/relationSubject.jsp?relationWords=%E5%85%AC%E8%B3%A3%E5%93%81+%E5%85%AC%E8%B3%A3%E5%B1%80+%E6%8B%9B%E6%A8%99+%E8%87%BA%E7%81%A3%E7%9C%81+%E8%8F%B8%E8%91%89+%E8%8F%B8%E9%85%92+%E8%8F%B8%E9%85%92%E5%85%AC%E8%B3%A3+%E8%8F%B8%E9%85%92%E5%85%AC%E8%B3%A3%E5%B1%80+&oid=1636059 HTTP/1.1" 200 4693
66.249.71.229 - - [03/Sep/2015:04:16:46 +0800] "GET /content/nav/relationSubject.jsp?relationWords=%E5%85%AC%E8%B3%A3%E5%93%81%20%E5%85%AC%E8%B3%A3%E5%B1%80%20%E6%8B%9B%E6%A8%99%20%E8%87%BA%E7%81%A3%E7%9C%81%20%E8%8F%B8%E8%91%89%20%E8%8F%B8%E9%85%92%20%E8%8F%B8%E9%85%92%E5%85%AC%E8%B3%A3%20%E8%8F%B8%E9%85%92%E5%85%AC%E8%B3%A3%E5%B1%80%20&oid=1636059 HTTP/1.1" 200 4693
66.249.71.105 - - [03/Sep/2015:04:16:57 +0800] "GET /content/repository/resource_content.jsp?oid=2663913&queryType=qs&queryString=%E5%B0%84%E5%B8%83%E9%9D%B6 HTTP/1.1" 200 29944
66.249.71.121 - - [03/Sep/2015:04:17:16 +0800] "GET /content/nav/relationSubject.jsp?relationWords=%E7%A5%A8%E7%B0%BD+%E9%A8%BE%E5%83%B9+&oid=2668687 HTTP/1.1" 200 3128
66.249.71.121 - - [03/Sep/2015:04:17:19 +0800] "GET /content/nav/relationSubject.jsp?relationWords=%E7%A5%A8%E7%B0%BD%20%E9%A8%BE%E5%83%B9%20&oid=2668687 HTTP/1.1" 200 3128
66.249.71.113 - - [03/Sep/2015:04:17:21 +0800] "GET /content/repository/resource_content.jsp?oid=1521520&queryType=qs&queryString=%E9%AB%98%E9%9B%84%E7%B8%A3%E8%AD%B0%E6%9C%83 HTTP/1.1" 200 29215
188.165.15.198 - - [03/Sep/2015:04:17:39 +0800] "GET /digiarch3/content/subject/resource_content.jsp?oid=16777787&queryType=qc HTTP/1.1" 200 57843
66.249.71.105 - - [03/Sep/2015:04:17:39 +0800] "GET /content/nav/relationSubject.jsp?relationWords=%E4%BA%BA%E5%90%8D%E6%AC%8A%E5%A8%81+%E5%A4%A7%E7%B4%A2+%E8%89%BE%E6%96%AF+%E8%89%BE%E6%96%AF%E6%95%A6+&oid=637808 HTTP/1.1" 200 3283
66.249.79.115 - - [03/Sep/2015:04:17:42 +0800] "GET /content/nav/relationSubject.jsp?relationWords=%E4%BA%BA%E5%90%8D%E6%AC%8A%E5%A8%81%20%E5%A4%A7%E7%B4%A2%20%E8%89%BE%E6%96%AF%20%E8%89%BE%E6%96%AF%E6%95%A6%20&oid=637808 HTTP/1.1" 200 3283
66.249.71.105 - - [03/Sep/2015:04:17:44 +0800] "GET /content/repository/resource_content.jsp?oid=2548359&queryType=qs&queryString=%E6%AF%9B%E6%96%87%E9%BE%8D HTTP/1.1" 200 29513
66.249.71.105 - - [03/Sep/2015:04:18:07 +0800] "GET /content/repository/resource_content.jsp?oid=3356329&queryType=qs&queryString=%E4%B8%81%E5%BD%9D HTTP/1.1" 200 29640
66.249.71.121 - - [03/Sep/2015:04:18:28 +0800] "GET /content/nav/relationSubject.jsp?relationWords=%E4%BA%BA%E5%90%8D%E6%AC%8A%E5%A8%81+%E5%8F%83%E6%94%B7+%E5%A4%96%E5%8B%99%E7%9C%81+%E5%A4%AA%E5%B9%B3%E6%B4%8B%E6%9C%83+%E6%96%BD%E8%82%87%E5%9F%BA+%E7%8E%8B%E5%AF%B5%E6%83%A0+%E9%A1%A7%E7%B6%AD%E9%88%9E+&oid=750102 HTTP/1.1" 200 3349
66.249.71.105 - - [03/Sep/2015:04:18:30 +0800] "GET /content/repository/resource_content.jsp?oid=4446265&queryType=qs&queryString=%E6%9C%9D%E9%AE%AE%E7%B1%B3 HTTP/1.1" 200 28617
66.249.79.115 - - [03/Sep/2015:04:18:32 +0800] "GET /content/nav/relationSubject.jsp?relationWords=%E4%BA%BA%E5%90%8D%E6%AC%8A%E5%A8%81%20%E5%8F%83%E6%94%B7%20%E5%A4%96%E5%8B%99%E7%9C%81%20%E5%A4%AA%E5%B9%B3%E6%B4%8B%E6%9C%83%20%E6%96%BD%E8%82%87%E5%9F%BA%20%E7%8E%8B%E5%AF%B5%E6%83%A0%20%E9%A1%A7%E7%B6%AD%E9%88%9E%20&oid=750102 HTTP/1.1" 200 3349
182.118.25.215 - - [03/Sep/2015:04:18:40 +0800] "GET /digiarch3/content/repository/resource_content.jsp?oid=523612&queryType=qc HTTP/1.1" 200 36028
66.249.71.113 - - [03/Sep/2015:04:18:53 +0800] "GET /content/repository/resource_content.jsp?oid=2625018&queryType=qs&queryString=%E6%BE%A0%E6%B1%A0 HTTP/1.1" 200 29235
66.249.71.226 - - [03/Sep/2015:04:19:38 +0800] "GET /content/nav/relationSubject.jsp?relationWords=%E5%9C%B0%E9%8C%A6+%E5%9C%B0%E9%8C%A6%E8%8D%89+%E5%9C%B0%E9%8C%A6%E8%8D%89%E5%B1%AC+%E5%A4%A7%E6%88%9F+%E5%A4%A7%E6%88%9F%E7%A7%91+%E6%A4%8D%E7%89%A9%E7%95%8C+%E9%B5%9D%E9%91%BE%E9%BC%BB%E5%A4%A7%E6%88%9F+&oid=3814046 HTTP/1.1" 200 3491
66.249.71.216 - - [03/Sep/2015:04:19:43 +0800] "GET /content/nav/relationSubject.jsp?relationWords=%E5%9C%B0%E9%8C%A6%20%E5%9C%B0%E9%8C%A6%E8%8D%89%20%E5%9C%B0%E9%8C%A6%E8%8D%89%E5%B1%AC%20%E5%A4%A7%E6%88%9F%20%E5%A4%A7%E6%88%9F%E7%A7%91%20%E6%A4%8D%E7%89%A9%E7%95%8C%20%E9%B5%9D%E9%91%BE%E9%BC%BB%E5%A4%A7%E6%88%9F%20&oid=3814046 HTTP/1.1" 200 3491
66.249.79.127 - - [03/Sep/2015:04:20:09 +0800] "GET /content/nav/relationSubject.jsp?relationWords=%E5%8F%83%E7%B8%A3%E5%AE%98+%E5%B7%A1%E6%8C%89+%E5%B7%A1%E6%8C%89%E5%BE%A1%E5%8F%B2+%E5%BE%A1%E5%8F%B2+&oid=2517020 HTTP/1.1" 200 3263
66.249.71.105 - - [03/Sep/2015:04:20:13 +0800] "GET /content/nav/relationSubject.jsp?relationWords=%E5%8F%83%E7%B8%A3%E5%AE%98%20%E5%B7%A1%E6%8C%89%20%E5%B7%A1%E6%8C%89%E5%BE%A1%E5%8F%B2%20%E5%BE%A1%E5%8F%B2%20&oid=2517020 HTTP/1.1" 200 3263
66.249.79.200 - - [03/Sep/2015:04:20:26 +0800] "GET /content/pictures/picture_content.jsp?oid=33554814 HTTP/1.1" 200 27631
182.118.20.231 - - [03/Sep/2015:04:20:30 +0800] "GET /digiarch3/content/subject/resource_content.jsp?oid=16777604&queryType=qc HTTP/1.1" 200 59754
66.249.71.113 - - [03/Sep/2015:04:21:05 +0800] "GET /content/nav/relationSubject.jsp?relationWords=%E5%89%BF%E8%B3%8A+%E5%B7%A1%E6%92%AB+%E6%B1%9F%E5%AF%A7+&oid=2547304 HTTP/1.1" 200 4057
66.249.71.113 - - [03/Sep/2015:04:21:08 +0800] "GET /content/nav/relationSubject.jsp?relationWords=%E5%89%BF%E8%B3%8A%20%E5%B7%A1%E6%92%AB%20%E6%B1%9F%E5%AF%A7%20&oid=2547304 HTTP/1.1" 200 4057
66.249.71.207 - - [03/Sep/2015:04:21:12 +0800] "GET /digiarch3/content/pictures/picture_content.jsp?oid=33554774&classify=2562 HTTP/1.1" 200 27697
66.249.71.249 - - [03/Sep/2015:04:21:35 +0800] "GET /content/subject/resource_content.jsp?oid=16797240&queryType=qc HTTP/1.1" 200 42460
66.249.71.105 - - [03/Sep/2015:04:21:53 +0800] "GET /content/nav/relationSubject.jsp?relationWords=&oid=2688658 HTTP/1.1" 200 1405
66.249.71.239 - - [03/Sep/2015:04:22:22 +0800] "GET /content/repository/resource_content.jsp?oid=16356&queryString=%E6%97%97%E9%AD%9A HTTP/1.1" 200 35243
66.249.79.200 - - [03/Sep/2015:04:22:41 +0800] "GET /content/nav/relationSubject.jsp?relationWords=&oid=1817914 HTTP/1.1" 200 1405
66.249.79.115 - - [03/Sep/2015:04:22:48 +0800] "GET /content/nav/relationSubject.jsp?relationWords=%E5%90%8F%E9%83%A8+%E7%B8%A3%E4%B8%9E+&oid=2605371 HTTP/1.1" 200 3136
66.249.79.115 - - [03/Sep/2015:04:22:51 +0800] "GET /content/nav/relationSubject.jsp?relationWords=%E5%90%8F%E9%83%A8%20%E7%B8%A3%E4%B8%9E%20&oid=2605371 HTTP/1.1" 200 3136
66.249.71.121 - - [03/Sep/2015:04:23:04 +0800] "GET /content/nav/relationSubject.jsp?relationWords=%E5%8F%83%E8%AD%B0%E6%9C%83+%E5%8F%B8%E6%9F%A5+%E6%90%8D%E5%A4%B1%E6%A1%88+%E7%9C%81%E6%94%BF%E5%BA%9C+%E8%87%BA%E5%8D%97%E7%B8%A3+%E8%87%BA%E7%81%A3%E7%9C%81+%E8%87%BA%E7%81%A3%E7%9C%81%E5%8F%83%E8%AD%B0%E6%9C%83+%E8%94%A1%E4%BB%81+%E8%94%A1%E4%BB%81%E7%82%BA+&oid=1516294 HTTP/1.1" 200 4872
66.249.79.121 - - [03/Sep/2015:04:23:06 +0800] "GET /content/nav/relationSubject.jsp?relationWords=%E8%90%AC%E5%8D%9A+&oid=4471321 HTTP/1.1" 200 3228
66.249.71.216 - - [03/Sep/2015:04:23:08 +0800] "GET /content/repository/resource_content.jsp?oid=228491&queryString=%E8%80%83%E5%9F%8E%E7%B8%A3 HTTP/1.1" 200 30496
66.249.79.121 - - [03/Sep/2015:04:23:09 +0800] "GET /content/nav/relationSubject.jsp?relationWords=%E5%8F%83%E8%AD%B0%E6%9C%83%20%E5%8F%B8%E6%9F%A5%20%E6%90%8D%E5%A4%B1%E6%A1%88%20%E7%9C%81%E6%94%BF%E5%BA%9C%20%E8%87%BA%E5%8D%97%E7%B8%A3%20%E8%87%BA%E7%81%A3%E7%9C%81%20%E8%87%BA%E7%81%A3%E7%9C%81%E5%8F%83%E8%AD%B0%E6%9C%83%20%E8%94%A1%E4%BB%81%20%E8%94%A1%E4%BB%81%E7%82%BA%20&oid=1516294 HTTP/1.1" 200 4872
66.249.71.113 - - [03/Sep/2015:04:23:13 +0800] "GET /content/nav/relationSubject.jsp?relationWords=%E8%90%AC%E5%8D%9A%20&oid=4471321 HTTP/1.1" 200 3228
66.249.71.226 - - [03/Sep/2015:04:23:33 +0800] "GET /content/subject/resource_content.jsp?oid=16777570&queryType=qs&queryString=%E6%B0%91%E6%97%8F%E5%AD%B8 HTTP/1.1" 200 40444
66.249.71.216 - - [03/Sep/2015:04:23:37 +0800] "GET /content/nav/relationSubject.jsp?relationWords=%E6%8E%88%E8%88%87%E5%BC%8F%20%E8%87%BA%E4%B8%AD%E5%B8%AB%E7%AF%84%E5%AD%B8%E6%A0%A1%20%E8%87%BA%E7%81%A3%E7%B8%BD%E7%9D%A3%E5%BA%9C%20&oid=1887694 HTTP/1.1" 200 3533
66.249.71.216 - - [03/Sep/2015:04:23:54 +0800] "GET /content/repository/resource_content.jsp?oid=2511851&queryType=qs&queryString=%E5%9F%8E%E9%9A%8D%E5%BB%9F HTTP/1.1" 200 30171
66.249.71.239 - - [03/Sep/2015:04:24:18 +0800] "GET /content/subject/resource_content.jsp?oid=16777822&queryType=qs&queryString=%E6%AA%B3%E6%A6%94%E8%87%BC HTTP/1.1" 200 45917
66.249.71.229 - - [03/Sep/2015:04:24:35 +0800] "GET /content/nav/relationSubject.jsp?relationWords=%E5%8F%B0%E7%81%A3%E5%8E%9F%E4%BD%8F%E6%B0%91+%E7%89%A9%E8%B3%AA%E6%96%87%E5%8C%96+&oid=1773799 HTTP/1.1" 200 5099
66.249.71.239 - - [03/Sep/2015:04:24:41 +0800] "GET /content/repository/resource_content.jsp?oid=1560401 HTTP/1.1" 200 28744
66.249.71.239 - - [03/Sep/2015:04:24:47 +0800] "GET /content/nav/relationSubject.jsp?relationWords=%E5%8F%B0%E7%81%A3%E5%8E%9F%E4%BD%8F%E6%B0%91%20%E7%89%A9%E8%B3%AA%E6%96%87%E5%8C%96%20&oid=1773799 HTTP/1.1" 200 5099
66.249.71.249 - - [03/Sep/2015:04:26:14 +0800] "GET /content/repository/resource_content.jsp?oid=1891375 HTTP/1.1" 200 28276
66.249.79.193 - - [03/Sep/2015:04:26:54 +0800] "GET /content/nav/relationSubject.jsp?relationWords=%E6%89%81%E6%9F%8F+%E6%89%81%E6%9F%8F%E5%B1%AC+%E6%9D%BE%E6%9D%89+%E6%9F%8F%E7%A7%91+%E6%A4%8D%E7%89%A9%E7%95%8C+%E6%AF%AC%E6%9E%9C+%E7%B4%85%E6%AA%9C+&oid=2152345 HTTP/1.1" 200 3434
66.249.71.229 - - [03/Sep/2015:04:26:56 +0800] "GET /content/nav/relationSubject.jsp?relationWords=%E6%89%81%E6%9F%8F%20%E6%89%81%E6%9F%8F%E5%B1%AC%20%E6%9D%BE%E6%9D%89%20%E6%9F%8F%E7%A7%91%20%E6%A4%8D%E7%89%A9%E7%95%8C%20%E6%AF%AC%E6%9E%9C%20%E7%B4%85%E6%AA%9C%20&oid=2152345 HTTP/1.1" 200 3434
66.249.71.229 - - [03/Sep/2015:04:27:23 +0800] "GET /content/repository/resource_content.jsp?oid=2662395 HTTP/1.1" 200 29753
66.249.71.105 - - [03/Sep/2015:04:27:46 +0800] "GET /content/repository/resource_content.jsp?oid=2562022&queryType=qs&queryString=%E6%9D%8E%E7%99%BB%E7%A7%91 HTTP/1.1" 200 29270
66.249.79.200 - - [03/Sep/2015:04:27:58 +0800] "GET /content/subject/resource_content.jsp?oid=16797246&queryType=qc HTTP/1.1" 200 43651
66.249.79.127 - - [03/Sep/2015:04:28:10 +0800] "GET /content/repository/resource_content.jsp?oid=1538972&queryType=qs&queryString=%E7%A8%BB%E8%B0%B7 HTTP/1.1" 200 29367
66.249.79.172 - - [03/Sep/2015:04:28:25 +0800] "GET /digiarch3/content/nav/relationSubject.jsp?relationWords=%E5%90%8F%E9%83%A8+&oid=2683195 HTTP/1.1" 200 3101
66.249.71.217 - - [03/Sep/2015:04:28:29 +0800] "GET /digiarch3/content/nav/relationSubject.jsp?relationWords=%E5%90%8F%E9%83%A8%20&oid=2683195 HTTP/1.1" 200 3101
66.249.79.121 - - [03/Sep/2015:04:28:33 +0800] "GET /content/repository/resource_content.jsp?oid=2630448&queryType=qs&queryString=%E8%BB%8D%E5%82%99 HTTP/1.1" 200 29119
66.249.71.206 - - [03/Sep/2015:04:28:39 +0800] "GET /content/nav/relationSubject.jsp?relationWords=%E6%92%AD%E7%A8%AE%E7%A5%AD+%E6%AD%B2%E6%99%82%E7%A5%AD%E5%84%80+%E6%B3%B0%E9%9B%85%E6%97%8F+%E7%A5%AD%E5%84%80+%E8%B3%BD%E5%A4%8F%E6%97%8F+&oid=1778154 HTTP/1.1" 200 4981
66.249.71.206 - - [03/Sep/2015:04:28:45 +0800] "GET /content/nav/relationSubject.jsp?relationWords=%E6%92%AD%E7%A8%AE%E7%A5%AD%20%E6%AD%B2%E6%99%82%E7%A5%AD%E5%84%80%20%E6%B3%B0%E9%9B%85%E6%97%8F%20%E7%A5%AD%E5%84%80%20%E8%B3%BD%E5%A4%8F%E6%97%8F%20&oid=1778154 HTTP/1.1" 200 4981
66.249.71.113 - - [03/Sep/2015:04:28:56 +0800] "GET /content/repository/resource_content.jsp?oid=4486691&queryType=qs&queryString=%E7%90%BA%E7%91%AF%E9%90%B5%E5%99%A8 HTTP/1.1" 200 28654
66.249.71.113 - - [03/Sep/2015:04:29:19 +0800] "GET /content/repository/resource_content.jsp?oid=4362279&queryType=qs&queryString=%E9%AD%AF%E7%8F%AD HTTP/1.1" 200 34790
66.249.71.105 - - [03/Sep/2015:04:29:42 +0800] "GET /content/repository/resource_content.jsp?oid=14669&queryType=qs&queryString=%E7%B6%AD%E5%BE%B7 HTTP/1.1" 200 35623
66.249.71.239 - - [03/Sep/2015:04:29:57 +0800] "GET /content/nav/relationSubject.jsp?relationWords=%E8%94%A1%E4%BB%8B%E9%9B%84+&oid=1891375 HTTP/1.1" 200 3190
66.249.71.239 - - [03/Sep/2015:04:30:04 +0800] "GET /content/nav/relationSubject.jsp?relationWords=%E8%94%A1%E4%BB%8B%E9%9B%84%20&oid=1891375 HTTP/1.1" 200 3190
66.249.71.105 - - [03/Sep/2015:04:30:28 +0800] "GET /content/repository/resource_content.jsp?oid=1780825&queryType=qs&queryString=%E9%98%BF%E5%A6%B9 HTTP/1.1" 200 29101
66.249.71.113 - - [03/Sep/2015:04:30:51 +0800] "GET /content/repository/resource_content.jsp?oid=733628&queryType=qs&queryString=%E6%A0%BC%E8%98%AD HTTP/1.1" 200 29043
66.249.71.113 - - [03/Sep/2015:04:31:14 +0800] "GET /content/repository/resource_content.jsp?oid=4470391&queryType=qs&queryString=%E8%AD%B7%E8%AC%A8 HTTP/1.1" 200 41950
66.249.71.121 - - [03/Sep/2015:04:31:38 +0800] "GET /content/nav/relationSubject.jsp?relationWords=%E5%9B%9E%E4%BA%AC+&oid=2517465 HTTP/1.1" 200 3081
66.249.71.113 - - [03/Sep/2015:04:31:42 +0800] "GET /content/nav/relationSubject.jsp?relationWords=%E5%9B%9E%E4%BA%AC%20&oid=2517465 HTTP/1.1" 200 3081
66.249.79.121 - - [03/Sep/2015:04:32:02 +0800] "GET /content/repository/resource_content.jsp?oid=289090&queryType=qs&queryString=%E9%9B%92%E9%99%BD HTTP/1.1" 200 29391
66.249.71.239 - - [03/Sep/2015:04:32:16 +0800] "GET /content/pictures/picture_content.jsp?oid=33554807 HTTP/1.1" 200 27687
66.249.71.113 - - [03/Sep/2015:04:32:24 +0800] "GET /content/repository/resource_content.jsp?oid=4588943&queryType=qs&queryString=%E9%BE%9C%E5%BD%A2 HTTP/1.1" 200 28324
66.249.71.113 - - [03/Sep/2015:04:32:48 +0800] "GET /content/repository/resource_content.jsp?oid=639744&queryType=qs&queryString=%E4%B8%81%E5%A3%AB%E6%BA%90 HTTP/1.1" 200 28747
66.249.71.121 - - [03/Sep/2015:04:32:56 +0800] "GET /content/nav/relationSubject.jsp?relationWords=%E8%A5%BF%E7%90%B3+&oid=2682552 HTTP/1.1" 200 2703
66.249.71.105 - - [03/Sep/2015:04:33:03 +0800] "GET /content/nav/relationSubject.jsp?relationWords=%E8%A5%BF%E7%90%B3%20&oid=2682552 HTTP/1.1" 200 2703
66.249.71.105 - - [03/Sep/2015:04:33:10 +0800] "GET /content/repository/resource_content.jsp?oid=2581271&queryType=qs&queryString=%E8%8C%82%E6%A6%AE HTTP/1.1" 200 29261
66.249.71.121 - - [03/Sep/2015:04:33:35 +0800] "GET /content/repository/resource_content.jsp?oid=2511453&queryType=qs&queryString=%E5%BA%B6%E7%8D%84 HTTP/1.1" 200 30019
66.249.71.229 - - [03/Sep/2015:04:33:38 +0800] "GET /content/nav/relationSubject.jsp?relationWords=%E5%85%AC%E5%8B%99%E4%BA%BA%E5%93%A1+%E7%9C%81%E8%AD%B0%E6%9C%83+%E8%87%A8%E6%99%82%E7%9C%81%E8%AD%B0%E6%9C%83+%E8%87%BA%E7%81%A3%E7%9C%81+&oid=1543310 HTTP/1.1" 200 5327
68.180.228.24 - - [03/Sep/2015:04:33:45 +0800] "GET /digiarch_en/content/subject/resource_content.jsp?oid=16777484&queryType=qc HTTP/1.1" 200 67106
66.249.79.200 - - [03/Sep/2015:04:33:50 +0800] "GET /content/nav/relationSubject.jsp?relationWords=%E5%85%AC%E5%8B%99%E4%BA%BA%E5%93%A1%20%E7%9C%81%E8%AD%B0%E6%9C%83%20%E8%87%A8%E6%99%82%E7%9C%81%E8%AD%B0%E6%9C%83%20%E8%87%BA%E7%81%A3%E7%9C%81%20&oid=1543310 HTTP/1.1" 200 5327
66.249.71.249 - - [03/Sep/2015:04:33:54 +0800] "GET /content/nav/relationSubject.jsp?relationWords=%E6%96%B0%E8%87%BA%E5%B9%A3+%E7%A4%BE%E6%9C%83%E9%BB%A8+%E8%87%BA%E7%81%A3%E7%9C%81+%E8%87%BA%E7%81%A3%E7%9C%81%E6%94%BF%E5%BA%9C+%E9%A0%90%E7%AE%97+&oid=1532699 HTTP/1.1" 200 4558
66.249.71.113 - - [03/Sep/2015:04:33:57 +0800] "GET /content/repository/resource_content.jsp?oid=191198&queryType=qs&queryString=%E5%AF%9F%E7%BD%95 HTTP/1.1" 200 29962
66.249.79.207 - - [03/Sep/2015:04:33:58 +0800] "GET /content/nav/relationSubject.jsp?relationWords=%E6%96%B0%E8%87%BA%E5%B9%A3%20%E7%A4%BE%E6%9C%83%E9%BB%A8%20%E8%87%BA%E7%81%A3%E7%9C%81%20%E8%87%BA%E7%81%A3%E7%9C%81%E6%94%BF%E5%BA%9C%20%E9%A0%90%E7%AE%97%20&oid=1532699 HTTP/1.1" 200 4558
68.180.228.24 - - [03/Sep/2015:04:34:00 +0800] "GET /digiarch_en/content/subject/resource_content.jsp?oid=16777376&queryType=qc HTTP/1.1" 200 30355
66.249.71.249 - - [03/Sep/2015:04:34:19 +0800] "GET /content/repository/resource_content.jsp?oid=1532521 HTTP/1.1" 200 29728
66.249.71.121 - - [03/Sep/2015:04:34:20 +0800] "GET /content/repository/resource_content.jsp?oid=2512723&queryType=qs&queryString=%E7%8E%8B%E7%94%AB HTTP/1.1" 200 29925
66.249.71.121 - - [03/Sep/2015:04:34:43 +0800] "GET /content/repository/resource_content.jsp?oid=1560618&queryType=qs&queryString=%E7%BE%8E%E5%92%8C HTTP/1.1" 200 28881
68.180.228.24 - - [03/Sep/2015:04:34:58 +0800] "GET /digiarch_en/content/subject/resource_content.jsp?oid=16777312&queryType=qc HTTP/1.1" 200 22590
66.249.71.113 - - [03/Sep/2015:04:35:03 +0800] "GET /content/nav/relationSubject.jsp?relationWords=&oid=1173682 HTTP/1.1" 200 1405
66.249.71.105 - - [03/Sep/2015:04:35:06 +0800] "GET /content/repository/resource_content.jsp?oid=2470832&queryType=qs&queryString=%E8%B3%B4%E5%92%8C HTTP/1.1" 200 29691
66.249.71.226 - - [03/Sep/2015:04:35:14 +0800] "GET /content/nav/relationSubject.jsp?relationWords=%E4%BA%94%E5%AD%90%E7%99%BB%E7%A7%91+%E5%A4%A9%E5%AE%98%E8%B3%9C%E7%A6%8F+%E6%9C%A8%E9%9B%95%E7%89%88%E7%95%AB+&oid=4362405 HTTP/1.1" 200 3171
66.249.71.239 - - [03/Sep/2015:04:35:18 +0800] "GET /content/nav/relationSubject.jsp?relationWords=%E5%85%A7%E5%8B%99%E5%BA%9C+%E5%AE%98%E7%BC%BA%E4%BA%8B+%E9%A9%97%E6%94%BE%E5%AE%98+&oid=2653376 HTTP/1.1" 200 3178
66.249.79.193 - - [03/Sep/2015:04:35:19 +0800] "GET /digiarch_en/content/nav/relationSubject.jsp?relationWords=%E4%B8%AD%E5%BA%B8+%E5%8F%A4%E7%B1%8D+%E8%81%AF%E5%90%88%E7%9B%AE%E9%8C%84+&oid=3205203 HTTP/1.1" 200 4400
66.249.71.121 - - [03/Sep/2015:04:35:19 +0800] "GET /content/nav/relationSubject.jsp?relationWords=%E9%A1%8D%E5%B8%B6+&oid=1780825 HTTP/1.1" 200 3037
66.249.71.113 - - [03/Sep/2015:04:35:23 +0800] "GET /content/nav/relationSubject.jsp?relationWords=%E9%A1%8D%E5%B8%B6%20&oid=1780825 HTTP/1.1" 200 3037
66.249.79.207 - - [03/Sep/2015:04:35:24 +0800] "GET /content/nav/relationSubject.jsp?relationWords=%E5%85%A7%E5%8B%99%E5%BA%9C%20%E5%AE%98%E7%BC%BA%E4%BA%8B%20%E9%A9%97%E6%94%BE%E5%AE%98%20&oid=2653376 HTTP/1.1" 200 3178
66.249.71.239 - - [03/Sep/2015:04:35:25 +0800] "GET /digiarch_en/content/nav/relationSubject.jsp?relationWords=%E4%B8%AD%E5%BA%B8%20%E5%8F%A4%E7%B1%8D%20%E8%81%AF%E5%90%88%E7%9B%AE%E9%8C%84%20&oid=3205203 HTTP/1.1" 200 4400
66.249.79.121 - - [03/Sep/2015:04:35:30 +0800] "GET /content/repository/resource_content.jsp?oid=690783&queryType=qs&queryString=%E8%B5%A4%E5%A1%94 HTTP/1.1" 200 28875
68.180.230.178 - - [03/Sep/2015:04:35:36 +0800] "GET /content/subject/resource_content.jsp?oid=16797287&queryType=qc HTTP/1.1" 200 88698
68.180.230.178 - - [03/Sep/2015:04:35:46 +0800] "GET /content/subject/resource_content.jsp?oid=16777349&queryType=qc HTTP/1.1" 200 36495
66.249.71.105 - - [03/Sep/2015:04:35:53 +0800] "GET /content/repository/resource_content.jsp?oid=2515835&queryType=qs&queryString=%E7%AF%80%E7%90%86 HTTP/1.1" 200 29582
66.249.79.193 - - [03/Sep/2015:04:35:57 +0800] "GET /content/nav/relationSubject.jsp?relationWords=&oid=681394 HTTP/1.1" 200 1405
68.180.230.178 - - [03/Sep/2015:04:35:59 +0800] "GET /content/subject/resource_content.jsp?oid=16777495&queryType=qc HTTP/1.1" 200 34811
68.180.230.178 - - [03/Sep/2015:04:36:05 +0800] "GET /content/subject/resource_content.jsp?oid=16777399&queryType=qc HTTP/1.1" 200 28353
66.249.71.113 - - [03/Sep/2015:04:36:06 +0800] "GET /content/nav/relationSubject.jsp?relationWords=&oid=2559145 HTTP/1.1" 200 1405
68.180.230.178 - - [03/Sep/2015:04:36:08 +0800] "GET /content/subject/resource_content.jsp?oid=16777498&queryType=qc HTTP/1.1" 200 40494
66.249.71.105 - - [03/Sep/2015:04:36:16 +0800] "GET /content/repository/resource_content.jsp?oid=4351975&queryType=qs&queryString=%E7%B6%BE%E9%AF%B7 HTTP/1.1" 200 34233
68.180.230.178 - - [03/Sep/2015:04:36:20 +0800] "GET /content/subject/resource_content.jsp?oid=16777476&queryType=qc HTTP/1.1" 200 54252
66.249.71.239 - - [03/Sep/2015:04:36:26 +0800] "GET /content/nav/relationSubject.jsp?relationWords=%E6%9D%8E%E5%A5%BD%E7%94%9F+%E7%9C%81%E6%94%BF%E5%BA%9C+%E8%87%BA%E7%81%A3%E7%9C%81%E6%9C%A8+&oid=1524645 HTTP/1.1" 200 4572
66.249.71.239 - - [03/Sep/2015:04:36:30 +0800] "GET /content/nav/relationSubject.jsp?relationWords=%E6%9D%8E%E5%A5%BD%E7%94%9F%20%E7%9C%81%E6%94%BF%E5%BA%9C%20%E8%87%BA%E7%81%A3%E7%9C%81%E6%9C%A8%20&oid=1524645 HTTP/1.1" 200 4572
68.180.230.178 - - [03/Sep/2015:04:36:36 +0800] "GET /content/subject/resource_content.jsp?oid=16777840&queryType=qc HTTP/1.1" 200 40660
66.249.71.121 - - [03/Sep/2015:04:36:36 +0800] "GET /content/nav/relationSubject.jsp?relationWords=%E6%B1%AA%E5%A4%A7%E7%87%AE+&oid=811471 HTTP/1.1" 200 3109
66.249.71.121 - - [03/Sep/2015:04:36:39 +0800] "GET /content/repository/resource_content.jsp?oid=2689922&queryType=qs&queryString=%E6%85%B6%E9%BD%A1 HTTP/1.1" 200 30119
68.180.230.178 - - [03/Sep/2015:04:36:42 +0800] "GET /content/subject/resource_content.jsp?oid=16777654&queryType=qc HTTP/1.1" 200 63663
66.249.71.105 - - [03/Sep/2015:04:36:43 +0800] "GET /content/nav/relationSubject.jsp?relationWords=%E6%B1%AA%E5%A4%A7%E7%87%AE%20&oid=811471 HTTP/1.1" 200 3109
188.165.15.198 - - [03/Sep/2015:04:36:53 +0800] "GET /content/subject/resource_content.jsp?oid=16777741&queryType=qc HTTP/1.1" 200 53530
66.249.71.121 - - [03/Sep/2015:04:37:02 +0800] "GET /content/repository/resource_content.jsp?oid=16286&queryType=qs&queryString=%E5%88%BA%E5%B0%BE%E9%AF%9B HTTP/1.1" 200 34877
68.180.230.178 - - [03/Sep/2015:04:37:09 +0800] "GET /content/subject/resource_content.jsp?oid=16777484&queryType=qc HTTP/1.1" 200 72157
66.249.71.113 - - [03/Sep/2015:04:37:25 +0800] "GET /content/repository/resource_content.jsp?oid=1595961&queryType=qs&queryString=%E6%99%BA%E9%9A%9C HTTP/1.1" 200 28659
66.249.71.113 - - [03/Sep/2015:04:37:49 +0800] "GET /content/repository/resource_content.jsp?oid=555750&queryType=qs&queryString=%E5%A4%B7%E6%9B%B8 HTTP/1.1" 200 27989
66.249.71.249 - - [03/Sep/2015:04:37:54 +0800] "GET /content/nav/relationSubject.jsp?relationWords=%E6%B3%B0%E9%9B%85%E6%97%8F+%E7%8D%B5%E9%A6%96%E8%A2%8B+%E7%9B%9B%E5%85%B7+&oid=1783219 HTTP/1.1" 200 3850
66.249.71.239 - - [03/Sep/2015:04:37:57 +0800] "GET /content/nav/relationSubject.jsp?relationWords=%E6%B3%B0%E9%9B%85%E6%97%8F%20%E7%8D%B5%E9%A6%96%E8%A2%8B%20%E7%9B%9B%E5%85%B7%20&oid=1783219 HTTP/1.1" 200 3850
66.249.79.127 - - [03/Sep/2015:04:38:12 +0800] "GET /content/repository/resource_content.jsp?oid=2660760&queryType=qs&queryString=%E6%B9%AF%E5%B1%B1 HTTP/1.1" 200 29681
68.180.228.24 - - [03/Sep/2015:04:38:24 +0800] "GET /digiarch_en/content/subject/resource_content.jsp?oid=16777609&queryType=qc HTTP/1.1" 200 43103
66.249.71.105 - - [03/Sep/2015:04:38:35 +0800] "GET /content/repository/resource_content.jsp?oid=4511325&queryType=qs&queryString=%E6%B3%95%E8%97%8F HTTP/1.1" 200 28687
68.180.230.178 - - [03/Sep/2015:04:38:46 +0800] "GET /content/subject/resource_content.jsp?oid=16777556&queryType=qc HTTP/1.1" 200 40296
66.249.71.121 - - [03/Sep/2015:04:38:58 +0800] "GET /content/repository/resource_content.jsp?oid=3810758&queryType=qs&queryString=%E8%BF%B4%E5%90%91 HTTP/1.1" 200 29074
66.249.71.121 - - [03/Sep/2015:04:39:21 +0800] "GET /content/repository/resource_content.jsp?oid=2644364&queryType=qs&queryString=%E9%8A%80%E9%8C%81 HTTP/1.1" 200 29739
66.249.79.193 - - [03/Sep/2015:04:39:30 +0800] "GET /content/nav/relationSubject.jsp?relationWords=&oid=2567792 HTTP/1.1" 200 1405
157.55.39.70 - - [03/Sep/2015:04:39:32 +0800] "GET /content/subject/resource_content.jsp?oid=16797244&queryString= HTTP/1.1" 200 50441
66.249.71.113 - - [03/Sep/2015:04:39:40 +0800] "GET /content/nav/relationSubject.jsp?relationWords=%E4%B8%AD%E8%85%B9%E8%B6%B3%E7%9B%AE+%E5%B1%B1%E8%9D%B8%E7%89%9B%E7%A7%91+%E5%BE%AE%E5%B1%B1%E8%9D%B8%E7%89%9B+%E8%85%B9%E8%B6%B3%E7%B6%B1+%E8%9E%BA%E7%B7%9A+%E8%BB%9F%E9%AB%94%E5%8B%95%E7%89%A9%E9%96%80+&oid=4549784 HTTP/1.1" 200 3551
66.249.71.105 - - [03/Sep/2015:04:39:44 +0800] "GET /content/repository/resource_content.jsp?oid=1899058&queryType=qs&queryString=%E5%BB%96%E6%96%87 HTTP/1.1" 200 29655
66.249.79.127 - - [03/Sep/2015:04:39:45 +0800] "GET /content/nav/relationSubject.jsp?relationWords=%E4%B8%AD%E8%85%B9%E8%B6%B3%E7%9B%AE%20%E5%B1%B1%E8%9D%B8%E7%89%9B%E7%A7%91%20%E5%BE%AE%E5%B1%B1%E8%9D%B8%E7%89%9B%20%E8%85%B9%E8%B6%B3%E7%B6%B1%20%E8%9E%BA%E7%B7%9A%20%E8%BB%9F%E9%AB%94%E5%8B%95%E7%89%A9%E9%96%80%20&oid=4549784 HTTP/1.1" 200 3551
157.55.39.70 - - [03/Sep/2015:04:39:50 +0800] "GET /content/nav/relationSubject.jsp?relationWords=%E6%8E%A8%E8%83%8C%E5%9C%96+&oid=16797244 HTTP/1.1" 200 2217
220.181.108.144 - - [03/Sep/2015:04:39:57 +0800] "GET /content/repository/resource_content.jsp?oid=1521824 HTTP/1.1" 200 28934
66.249.71.113 - - [03/Sep/2015:04:40:08 +0800] "GET /content/repository/resource_content.jsp?oid=1624643&queryType=qs&queryString=%E6%B0%B4%E8%A7%A3 HTTP/1.1" 200 28990
220.181.108.106 - - [03/Sep/2015:04:40:16 +0800] "GET /content/nav/relationSubject.jsp?relationWords=%E5%81%A5%E5%BA%B7%E6%AA%A2%E6%9F%A5+%E5%85%AC%E5%85%B1%E8%A1%9B%E7%94%9F+%E6%BD%98%E6%9C%88%E8%8B%B1+%E7%A4%BE%E6%9C%83%E8%99%95+%E8%87%BA%E5%8C%97%E5%B8%82+%E8%A1%9B%E7%94%9F%E9%99%A2+%E9%A3%9F%E5%A0%82+&oid=1521824 HTTP/1.1" 200 4877
66.249.71.196 - - [03/Sep/2015:04:40:27 +0800] "GET /digiarch3/content/nav/relationSubject.jsp?relationWords=%E4%B8%8A%E8%AB%AD+%E4%B8%8A%E8%AB%AD%E4%BA%8B+%E8%AB%AD%E4%BA%8B+&oid=2686412 HTTP/1.1" 200 3142
66.249.71.105 - - [03/Sep/2015:04:40:31 +0800] "GET /content/repository/resource_content.jsp?oid=559697&queryType=qs&queryString=%E8%8C%B6%E6%96%A4 HTTP/1.1" 200 28062
66.249.71.196 - - [03/Sep/2015:04:40:36 +0800] "GET /digiarch3/content/nav/relationSubject.jsp?relationWords=%E4%B8%8A%E8%AB%AD%20%E4%B8%8A%E8%AB%AD%E4%BA%8B%20%E8%AB%AD%E4%BA%8B%20&oid=2686412 HTTP/1.1" 200 3142
66.249.71.105 - - [03/Sep/2015:04:40:54 +0800] "GET /content/repository/resource_content.jsp?oid=1884645&queryType=qs&queryString=%E8%A7%92%E4%B8%B8%E5%95%86%E6%9C%83 HTTP/1.1" 200 30698
66.249.71.249 - - [03/Sep/2015:04:41:10 +0800] "GET /content/subject/resource_content.jsp?oid=16777569&queryString=%E5%A5%B3%E6%80%A7%20%E6%94%BF%E6%B2%BB%20%E6%97%A5%E8%A8%98%20%E6%9E%97%E7%8D%BB%E5%A0%82%20%E7%81%8C%E5%9C%92%E5%85%88%E7%94%9F HTTP/1.1" 500 15712
66.249.79.127 - - [03/Sep/2015:04:41:21 +0800] "GET /content/repository/resource_content.jsp?oid=2598521&queryType=qs&queryString=%E6%90%B6%E5%8A%AB%E6%A1%88 HTTP/1.1" 200 29921
66.249.79.193 - - [03/Sep/2015:04:41:26 +0800] "GET /content/subject/resource_content.jsp?oid=16777571&queryString=%E5%A5%B3%E6%80%A7%20%E6%94%BF%E6%B2%BB%20%E6%97%A5%E8%A8%98%20%E6%9E%97%E7%8D%BB%E5%A0%82%20%E7%81%8C%E5%9C%92%E5%85%88%E7%94%9F HTTP/1.1" 500 15712
66.249.71.113 - - [03/Sep/2015:04:41:40 +0800] "GET /content/repository/resource_content.jsp?oid=1548854&queryType=qs&queryString=%E6%93%B4%E5%BB%BA HTTP/1.1" 200 29190
66.249.71.121 - - [03/Sep/2015:04:42:03 +0800] "GET /content/repository/resource_content.jsp?oid=622332&queryType=qs&queryString=%E7%A1%9D%E8%A7%94 HTTP/1.1" 200 28621
66.249.71.105 - - [03/Sep/2015:04:42:13 +0800] "GET /content/nav/relationSubject.jsp?relationWords=%E4%BA%BA%E5%90%8D%E6%AC%8A%E5%A8%81+%E6%A0%BC%E8%98%AD+%E7%9B%B4%E9%9A%B8%E7%9C%81+&oid=733628 HTTP/1.1" 200 3199
68.180.230.178 - - [03/Sep/2015:04:42:16 +0800] "GET /content/subject/resource_content.jsp?oid=16777559&queryType=qc HTTP/1.1" 200 42464
66.249.71.105 - - [03/Sep/2015:04:42:16 +0800] "GET /content/nav/relationSubject.jsp?relationWords=%E4%BA%BA%E5%90%8D%E6%AC%8A%E5%A8%81%20%E6%A0%BC%E8%98%AD%20%E7%9B%B4%E9%9A%B8%E7%9C%81%20&oid=733628 HTTP/1.1" 200 3199
66.249.71.121 - - [03/Sep/2015:04:42:27 +0800] "GET /content/repository/resource_content.jsp?oid=1893899&queryType=qs&queryString=%E5%BC%B5%E6%B8%85%E8%8A%B3 HTTP/1.1" 200 29020
66.249.71.249 - - [03/Sep/2015:04:42:30 +0800] "GET /content/nav/relationSubject.jsp?relationWords=%E9%99%B8%E6%B8%AC%E5%9C%96+%E9%AD%AF%E7%94%B8%E7%B8%A3+&oid=184992 HTTP/1.1" 200 3129
66.249.71.239 - - [03/Sep/2015:04:42:39 +0800] "GET /content/nav/relationSubject.jsp?relationWords=%E9%99%B8%E6%B8%AC%E5%9C%96%20%E9%AD%AF%E7%94%B8%E7%B8%A3%20&oid=184992 HTTP/1.1" 200 3129
66.249.71.121 - - [03/Sep/2015:04:42:50 +0800] "GET /content/repository/resource_content.jsp?oid=2516726&queryType=qs&queryString=%E9%AB%98%E7%99%BB HTTP/1.1" 200 29796
66.249.71.113 - - [03/Sep/2015:04:43:13 +0800] "GET /content/repository/resource_content.jsp?oid=1780748&queryType=qs&queryString=%E5%8F%A3%E7%AC%9B HTTP/1.1" 200 28328
220.181.108.100 - - [03/Sep/2015:04:43:15 +0800] "GET /content/subject/resource_content.jsp?oid=16777742&queryType=qc HTTP/1.1" 200 38988
123.125.71.23 - - [03/Sep/2015:04:43:26 +0800] "GET /content/nav/relationSubject.jsp?relationWords=%E6%9D%8E%E6%BF%9F+%E6%A2%81%E6%80%9D%E6%B0%B8+%E6%AE%B7%E5%A2%9F+%E7%9B%9C%E5%A2%93+%E8%91%A3%E4%BD%9C%E8%B3%93+&oid=16777742 HTTP/1.1" 200 6261
66.249.71.229 - - [03/Sep/2015:04:43:37 +0800] "GET /digiarch_en/content/repository/resource_content.jsp?oid=1777168&queryString=%E5%B7%B4%E5%89%87%E6%B5%B7%E6%97%8F%20%E5%B7%B4%E5%AE%B0%E6%97%8F%20%E6%BC%A2%E5%8C%96 HTTP/1.1" 200 27540
66.249.71.229 - - [03/Sep/2015:04:43:49 +0800] "GET /content/nav/relationSubject.jsp?relationWords=%E5%88%91%E9%83%A8+&oid=2661685 HTTP/1.1" 200 3095
66.249.71.239 - - [03/Sep/2015:04:43:51 +0800] "GET /content/nav/relationSubject.jsp?relationWords=%E5%88%91%E9%83%A8%20&oid=2661685 HTTP/1.1" 200 3095
66.249.71.105 - - [03/Sep/2015:04:43:59 +0800] "GET /content/repository/resource_content.jsp?oid=1876591&queryType=qs&queryString=%E7%99%BD%E9%87%89 HTTP/1.1" 200 29123
66.249.79.115 - - [03/Sep/2015:04:44:23 +0800] "GET /content/repository/resource_content.jsp?oid=2672167&queryType=qs&queryString=%E4%BA%AC%E7%BD%B2 HTTP/1.1" 200 30602
66.249.71.36 - - [03/Sep/2015:04:44:35 +0800] "GET /content/nav/relationSubject.jsp?relationWords=%E6%91%A9%E5%88%A9%E9%AD%9A+%E6%91%A9%E9%BA%97+&oid=4352028 HTTP/1.1" 200 3400
