207.46.13.117 - - [26/Sep/2015:03:02:48 +0800] "GET /content/subject/resource_content.jsp?oid=16777753&queryType=qc HTTP/1.1" 200 36817
66.249.79.200 - - [26/Sep/2015:03:03:03 +0800] "GET /content/repository/resource_content.jsp?oid=4363155&queryString=%E4%BB%B2%E7%94%B1%20%E6%9D%B5%E8%87%BC HTTP/1.1" 200 28152
207.46.13.117 - - [26/Sep/2015:03:03:11 +0800] "GET /content/tmp_auth/resource_content.jsp?oid=16777777 HTTP/1.1" 200 29418
66.249.71.249 - - [26/Sep/2015:03:03:21 +0800] "GET /digiarch_en/content/nav/relationSubject.jsp?relationWords=%E6%95%B8%E4%BD%8D%E5%85%B8%E8%97%8F+%E6%B0%91%E6%97%8F%E5%AD%B8+%E7%99%BC%E8%A1%A8%E6%9C%83+&oid=16777370 HTTP/1.1" 200 12260
66.249.71.229 - - [26/Sep/2015:03:03:23 +0800] "GET /digiarch_en/content/nav/relationSubject.jsp?relationWords=%E6%95%B8%E4%BD%8D%E5%85%B8%E8%97%8F%20%E6%B0%91%E6%97%8F%E5%AD%B8%20%E7%99%BC%E8%A1%A8%E6%9C%83%20&oid=16777370 HTTP/1.1" 200 12260
66.249.71.229 - - [26/Sep/2015:03:03:57 +0800] "GET /content/pictures/picture_content.jsp?oid=33554728 HTTP/1.1" 200 27791
68.180.228.24 - - [26/Sep/2015:03:04:07 +0800] "GET /content/subject/resource_content.jsp?oid=16777341&queryString= HTTP/1.1" 200 37160
66.249.71.249 - - [26/Sep/2015:03:04:17 +0800] "GET /content/nav/relationSubject.jsp?relationWords=%E5%90%B3%E8%90%AC%E6%81%AD+%E6%9E%97%E7%94%A2%E7%AE%A1%E7%90%86%E5%B1%80+%E7%9C%81%E6%94%BF%E5%BA%9C+%E8%A1%8C%E6%94%BF%E6%AC%8A+&oid=1524555 HTTP/1.1" 200 4637
66.249.79.193 - - [26/Sep/2015:03:04:19 +0800] "GET /content/nav/relationSubject.jsp?relationWords=%E5%90%B3%E8%90%AC%E6%81%AD%20%E6%9E%97%E7%94%A2%E7%AE%A1%E7%90%86%E5%B1%80%20%E7%9C%81%E6%94%BF%E5%BA%9C%20%E8%A1%8C%E6%94%BF%E6%AC%8A%20&oid=1524555 HTTP/1.1" 200 4637
66.249.71.226 - - [26/Sep/2015:03:04:37 +0800] "GET /content/nav/relationSubject.jsp?relationWords=&oid=14642 HTTP/1.1" 200 1405
66.249.71.239 - - [26/Sep/2015:03:04:50 +0800] "GET /content/repository/resource_content.jsp?oid=1562351 HTTP/1.1" 200 28617
157.55.39.53 - - [26/Sep/2015:03:04:54 +0800] "GET /content/repository/resource_content.jsp?oid=1569860 HTTP/1.1" 200 28735
66.249.71.105 - - [26/Sep/2015:03:04:55 +0800] "GET /content/repository/resource_content.jsp?oid=1812780&queryType=qs&queryString=%E6%AC%BE%E8%AD%98 HTTP/1.1" 200 28307
207.46.13.120 - - [26/Sep/2015:03:05:00 +0800] "GET /content/tmp_tec/resource_content.jsp?oid=16777730 HTTP/1.1" 200 42450
66.249.79.193 - - [26/Sep/2015:03:05:09 +0800] "GET /content/subject/resource_content.jsp?oid=16797234&queryType=qc HTTP/1.1" 200 46558
66.249.71.229 - - [26/Sep/2015:03:05:12 +0800] "GET /content/nav/relationSubject.jsp?relationWords=%E5%8D%B7%E8%80%B3%E5%B1%AC+%E6%A4%8D%E7%89%A9%E7%95%8C+%E7%9F%B3%E7%AB%B9+%E7%9F%B3%E7%AB%B9%E7%A7%91+%E9%AB%98%E5%B1%B1%E5%8D%B7%E8%80%B3+&oid=1104571 HTTP/1.1" 200 3352
66.249.71.239 - - [26/Sep/2015:03:05:13 +0800] "GET /content/nav/relationSubject.jsp?relationWords=%E5%8D%B7%E8%80%B3%E5%B1%AC%20%E6%A4%8D%E7%89%A9%E7%95%8C%20%E7%9F%B3%E7%AB%B9%20%E7%9F%B3%E7%AB%B9%E7%A7%91%20%E9%AB%98%E5%B1%B1%E5%8D%B7%E8%80%B3%20&oid=1104571 HTTP/1.1" 200 3352
157.55.39.200 - - [26/Sep/2015:03:05:17 +0800] "GET /content/subject/resource_content.jsp?oid=16777779&queryType=qc HTTP/1.1" 200 37723
66.249.71.54 - - [26/Sep/2015:03:05:43 +0800] "GET /content/repository/resource_content.jsp?oid=4474505&queryString=%E9%97%9C%E6%9D%B1%E5%BB%B3 HTTP/1.1" 200 28386
66.249.71.249 - - [26/Sep/2015:03:06:01 +0800] "GET /content/subject/resource_content.jsp?oid=16797244&queryString= HTTP/1.1" 200 50441
66.249.71.45 - - [26/Sep/2015:03:06:42 +0800] "GET /content/nav/relationSubject.jsp?relationWords=%E5%90%8F%E9%83%A8+%E5%A7%94%E7%BD%B2+&oid=2686536 HTTP/1.1" 200 4000
66.249.79.179 - - [26/Sep/2015:03:06:44 +0800] "GET /content/nav/relationSubject.jsp?relationWords=%E5%90%8F%E9%83%A8%20%E5%A7%94%E7%BD%B2%20&oid=2686536 HTTP/1.1" 200 4000
66.249.71.249 - - [26/Sep/2015:03:06:55 +0800] "GET /content/subject/resource_content.jsp?oid=16777732 HTTP/1.1" 200 31189
66.249.71.121 - - [26/Sep/2015:03:07:05 +0800] "GET /content/nav/relationSubject.jsp?relationWords=%E5%9D%90%E6%89%A3+&oid=2642939 HTTP/1.1" 200 3093
66.249.71.121 - - [26/Sep/2015:03:07:07 +0800] "GET /content/nav/relationSubject.jsp?relationWords=%E5%9D%90%E6%89%A3%20&oid=2642939 HTTP/1.1" 200 3093
66.249.71.249 - - [26/Sep/2015:03:07:30 +0800] "GET /content/tmp_exh/resource_content.jsp?oid=16777847&queryType=qc HTTP/1.1" 200 45322
66.249.71.207 - - [26/Sep/2015:03:08:06 +0800] "GET /digiarch3/content/repository/resource_content.jsp?oid=4353498&queryString=%E9%BB%91%E6%96%91%E9%BE%8D%E8%86%BD%20%E9%BE%8D%E8%86%BD HTTP/1.1" 200 34960
66.249.71.105 - - [26/Sep/2015:03:08:24 +0800] "GET /content/repository/resource_content.jsp?oid=4362417&queryType=qs&queryString=%E9%AC%B1%E5%A3%98 HTTP/1.1" 200 28231
66.249.79.200 - - [26/Sep/2015:03:08:36 +0800] "GET /digiarch_en/content/nav/relationSubject.jsp?relationWords=%E7%B4%A2%E5%BC%95%E5%9C%96+%E8%88%AA%E7%A9%BA%E5%9C%96+&oid=185822 HTTP/1.1" 200 3272
66.249.71.239 - - [26/Sep/2015:03:08:38 +0800] "GET /digiarch_en/content/nav/relationSubject.jsp?relationWords=%E7%B4%A2%E5%BC%95%E5%9C%96%20%E8%88%AA%E7%A9%BA%E5%9C%96%20&oid=185822 HTTP/1.1" 200 3272
66.249.71.239 - - [26/Sep/2015:03:08:42 +0800] "GET /content/repository/resource_content.jsp?oid=1457782 HTTP/1.1" 200 30793
66.249.79.221 - - [26/Sep/2015:03:09:28 +0800] "GET /content/nav/relationSubject.jsp?relationWords=%E5%A4%A7%E8%91%89%E5%B1%B1%E6%AC%96+&oid=16777293 HTTP/1.1" 200 4484
66.249.71.225 - - [26/Sep/2015:03:09:29 +0800] "GET /content/nav/relationSubject.jsp?relationWords=%E5%A4%A7%E8%91%89%E5%B1%B1%E6%AC%96%20&oid=16777293 HTTP/1.1" 200 4484
66.249.71.249 - - [26/Sep/2015:03:09:47 +0800] "GET /content/nav/relationSubject.jsp?relationWords=%E6%A5%8A%E6%81%AD%E5%A8%81+%E6%A5%8A%E6%81%AD%E5%BF%97+%E8%8F%8A%E6%B1%A0%E5%AF%AC+&oid=2470834 HTTP/1.1" 200 2291
66.249.71.229 - - [26/Sep/2015:03:09:54 +0800] "GET /content/repository/resource_content.jsp?oid=1847994 HTTP/1.1" 200 29693
207.46.13.120 - - [26/Sep/2015:03:10:07 +0800] "GET /content/nav/relationSubject.jsp?relationWords=%E8%8B%A6%E8%8B%93+&oid=16777317 HTTP/1.1" 200 3183
66.249.71.229 - - [26/Sep/2015:03:10:12 +0800] "GET /content/subject/resource_content.jsp?oid=16777626&queryType=qc%3E HTTP/1.1" 200 43195
66.249.71.239 - - [26/Sep/2015:03:10:12 +0800] "GET /content/nav/relationSubject.jsp?relationWords=%E9%83%BD%E5%AF%9F%E9%99%A2+&oid=2510686 HTTP/1.1" 200 3075
66.249.71.239 - - [26/Sep/2015:03:10:14 +0800] "GET /content/nav/relationSubject.jsp?relationWords=%E9%83%BD%E5%AF%9F%E9%99%A2%20&oid=2510686 HTTP/1.1" 200 3075
66.249.71.249 - - [26/Sep/2015:03:10:47 +0800] "GET /content/repository/resource_content.jsp?oid=1126281&queryString=%E6%AE%BC%E8%8F%9C%E8%9B%A4%E7%A7%91%20%E7%B6%A0%E6%AE%BC%E8%8F%9C%E8%9B%A4%20%E8%B2%BD%E8%B2%9D%20%E8%BB%9F%E9%AB%94%E5%8B%95%E7%89%A9%E9%96%80%20%E9%9B%99%E6%AE%BC%E7%B6%B1 HTTP/1.1" 200 32237
207.46.13.117 - - [26/Sep/2015:03:11:07 +0800] "GET /content/tmp_auth/resource_content.jsp?oid=16777809 HTTP/1.1" 200 37139
207.46.13.120 - - [26/Sep/2015:03:11:34 +0800] "GET /content/subject/resource_content.jsp?oid=16777262&queryType=qc HTTP/1.1" 200 32198
66.249.71.229 - - [26/Sep/2015:03:12:16 +0800] "GET /content/repository/resource_content.jsp?oid=2572844 HTTP/1.1" 200 28966
66.249.71.239 - - [26/Sep/2015:03:12:18 +0800] "GET /content/tmp_tec/resource_content.jsp?oid=16777753 HTTP/1.1" 200 33895
66.249.71.249 - - [26/Sep/2015:03:12:34 +0800] "GET /content/repository/resource_content.jsp?oid=3357417 HTTP/1.1" 200 28332
66.249.71.229 - - [26/Sep/2015:03:12:52 +0800] "GET /content/repository/resource_content.jsp?oid=192113 HTTP/1.1" 200 29727
66.249.71.226 - - [26/Sep/2015:03:13:01 +0800] "GET /content/nav/relationSubject.jsp?relationWords=%E6%8F%80%E5%93%A1+&oid=2676070 HTTP/1.1" 200 3093
66.249.71.216 - - [26/Sep/2015:03:13:03 +0800] "GET /content/nav/relationSubject.jsp?relationWords=%E6%8F%80%E5%93%A1%20&oid=2676070 HTTP/1.1" 200 3093
66.249.71.239 - - [26/Sep/2015:03:13:09 +0800] "GET /content/repository/resource_content.jsp?oid=1595138 HTTP/1.1" 200 28620
66.249.71.121 - - [26/Sep/2015:03:13:25 +0800] "GET /content/pictures/picture_content.jsp?oid=33554654&queryType=qs&queryString=%E8%95%A8%E9%A1%9E%E6%A4%8D%E7%89%A9 HTTP/1.1" 200 27399
66.249.71.249 - - [26/Sep/2015:03:13:27 +0800] "GET /content/repository/resource_content.jsp?oid=1604873 HTTP/1.1" 200 28495
207.46.13.120 - - [26/Sep/2015:03:13:38 +0800] "GET /content/subject/resource_content.jsp?oid=16777512&queryType=qc HTTP/1.1" 200 34534
66.249.71.239 - - [26/Sep/2015:03:13:45 +0800] "GET /content/repository/resource_content.jsp?oid=23562 HTTP/1.1" 200 29994
66.249.71.226 - - [26/Sep/2015:03:14:04 +0800] "GET /content/repository/resource_content.jsp?oid=563031&queryString=%E5%9C%8B%E9%A7%90%E5%BB%88%20%E6%96%BD%E6%99%BA%E6%96%87 HTTP/1.1" 200 28285
66.249.71.249 - - [26/Sep/2015:03:14:21 +0800] "GET /content/repository/resource_content.jsp?oid=1636595 HTTP/1.1" 200 28423
66.249.71.249 - - [26/Sep/2015:03:14:39 +0800] "GET /content/repository/resource_content.jsp?oid=1542653 HTTP/1.1" 200 28550
66.249.79.193 - - [26/Sep/2015:03:14:57 +0800] "GET /content/repository/resource_content.jsp?oid=2558753 HTTP/1.1" 200 28908
66.249.71.249 - - [26/Sep/2015:03:15:15 +0800] "GET /content/repository/resource_content.jsp?oid=701415 HTTP/1.1" 200 28266
66.249.71.249 - - [26/Sep/2015:03:15:32 +0800] "GET /content/repository/resource_content.jsp?oid=1604160 HTTP/1.1" 200 28681
66.249.71.249 - - [26/Sep/2015:03:15:50 +0800] "GET /content/repository/resource_content.jsp?oid=767707 HTTP/1.1" 200 27935
66.249.71.229 - - [26/Sep/2015:03:16:08 +0800] "GET /content/repository/resource_content.jsp?oid=1774974 HTTP/1.1" 200 27329
123.125.71.17 - - [26/Sep/2015:03:16:10 +0800] "GET /content/subject/resource_content.jsp?oid=16777216 HTTP/1.1" 200 25605
66.249.71.249 - - [26/Sep/2015:03:16:26 +0800] "GET /content/repository/resource_content.jsp?oid=2146222 HTTP/1.1" 200 30905
66.249.71.239 - - [26/Sep/2015:03:16:33 +0800] "GET /content/nav/relationSubject.jsp?relationWords=&oid=1177404 HTTP/1.1" 200 1405
66.249.71.229 - - [26/Sep/2015:03:16:43 +0800] "GET /content/repository/resource_content.jsp?oid=199591 HTTP/1.1" 200 29712
66.249.71.239 - - [26/Sep/2015:03:17:02 +0800] "GET /content/repository/resource_content.jsp?oid=1813009 HTTP/1.1" 200 28671
110.28.214.62 - - [26/Sep/2015:03:17:04 +0800] "GET /content/nav/relationSubject.jsp?relationWords=%E7%A9%97%E8%8A%B1%E5%B1%B1%E5%A5%88+%E9%87%8E%E8%96%91%E8%8A%B1+&oid=16777263 HTTP/1.1" 200 3284
66.249.71.229 - - [26/Sep/2015:03:17:19 +0800] "GET /content/repository/resource_content.jsp?oid=2584640 HTTP/1.1" 200 28842
66.249.71.54 - - [26/Sep/2015:03:17:21 +0800] "GET /content/nav/relationSubject.jsp?relationWords=%E5%85%AB%E5%88%86%E6%9B%B8+%E6%99%89%E5%8D%BF+%E6%AD%A6%E6%96%91%E7%A5%A0+%E6%AD%A6%E6%B0%8F%E7%A5%A0%E5%B7%A6%E7%9F%B3%E5%AE%A4+%E6%B4%9B%E6%B0%8F+&oid=1811220 HTTP/1.1" 200 4617
66.249.71.54 - - [26/Sep/2015:03:17:22 +0800] "GET /content/nav/relationSubject.jsp?relationWords=%E5%85%AB%E5%88%86%E6%9B%B8%20%E6%99%89%E5%8D%BF%20%E6%AD%A6%E6%96%91%E7%A5%A0%20%E6%AD%A6%E6%B0%8F%E7%A5%A0%E5%B7%A6%E7%9F%B3%E5%AE%A4%20%E6%B4%9B%E6%B0%8F%20&oid=1811220 HTTP/1.1" 200 4617
66.249.71.249 - - [26/Sep/2015:03:17:37 +0800] "GET /content/repository/resource_content.jsp?oid=1813750 HTTP/1.1" 200 28952
207.46.13.163 - - [26/Sep/2015:03:17:40 +0800] "GET /content/subject/resource_content.jsp?oid=16777840&queryType=qc> HTTP/1.1" 200 40660
66.249.71.207 - - [26/Sep/2015:03:17:40 +0800] "GET /content/repository/resource_content.jsp?oid=4351935&queryType=qs&queryString=%E7%87%A7%E9%AF%9B HTTP/1.1" 200 34486
207.46.13.163 - - [26/Sep/2015:03:17:50 +0800] "GET /content/nav/relationSubject.jsp?relationWords=&oid=16777342 HTTP/1.1" 200 1405
66.249.71.229 - - [26/Sep/2015:03:17:55 +0800] "GET /content/repository/resource_content.jsp?oid=1588689 HTTP/1.1" 200 28414
66.249.71.229 - - [26/Sep/2015:03:18:13 +0800] "GET /digiarch_en/content/repository/resource_content.jsp?oid=188860&queryString=%E4%BA%A4%E7%95%8C%E5%9C%96%20%E9%AD%AF%E5%85%8B HTTP/1.1" 200 24088
66.249.71.239 - - [26/Sep/2015:03:18:31 +0800] "GET /digiarch_en/content/repository/resource_content.jsp?oid=4548027&queryString=%E5%BD%88%E9%A0%AD%E8%9E%BA%20%E6%9E%95%E9%A0%AD%E8%9E%BA%20%E6%A6%A7%E8%9E%BA%20%E6%A6%A7%E8%9E%BA%E5%B1%AC%20%E6%A9%99%E5%8F%A3%E6%A6%A7%E8%9E%BA%20%E7%B4%85%E5%8F%A3%E6%A6%A7%E8%9E%BA%20%E8%85%B9%E8%B6%B3%E7%B6%B1%20%E9%8E%96%E5%8C%99%E8%9E%BA HTTP/1.1" 200 24229
66.249.71.239 - - [26/Sep/2015:03:18:48 +0800] "GET /digiarch_en/content/repository/resource_content.jsp?oid=187315&queryString=%E5%B7%9D%E9%BB%94%20%E6%BB%87%E6%A1%82%20%E8%81%AF%E7%95%8C%E5%9C%96 HTTP/1.1" 200 24091
66.249.71.239 - - [26/Sep/2015:03:19:06 +0800] "GET /content/repository/resource_content.jsp?oid=1821190 HTTP/1.1" 200 28330
66.249.71.249 - - [26/Sep/2015:03:19:24 +0800] "GET /content/repository/resource_content.jsp?oid=1625168 HTTP/1.1" 200 28848
66.249.71.229 - - [26/Sep/2015:03:19:42 +0800] "GET /content/repository/resource_content.jsp?oid=1812375 HTTP/1.1" 200 28479
66.249.71.249 - - [26/Sep/2015:03:19:44 +0800] "GET /content/nav/relationSubject.jsp?relationWords=%E4%BF%A1%E7%94%A8%E5%90%88%E4%BD%9C%E7%A4%BE+%E7%B6%93%E7%90%86%E4%BA%BA+&oid=1621458 HTTP/1.1" 200 4585
66.249.71.249 - - [26/Sep/2015:03:19:46 +0800] "GET /content/nav/relationSubject.jsp?relationWords=%E4%BF%A1%E7%94%A8%E5%90%88%E4%BD%9C%E7%A4%BE%20%E7%B6%93%E7%90%86%E4%BA%BA%20&oid=1621458 HTTP/1.1" 200 4585
66.249.71.249 - - [26/Sep/2015:03:20:00 +0800] "GET /content/repository/resource_content.jsp?oid=1592944 HTTP/1.1" 200 28543
66.249.71.239 - - [26/Sep/2015:03:20:17 +0800] "GET /content/repository/resource_content.jsp?oid=192155 HTTP/1.1" 200 29715
66.249.71.239 - - [26/Sep/2015:03:20:35 +0800] "GET /digiarch_en/content/repository/resource_content.jsp?oid=1462926&queryString=%E6%9D%9C%E9%B5%91%E8%8A%B1%20%E6%9D%9C%E9%B5%91%E8%8A%B1%E5%B1%AC%20%E6%9D%9C%E9%B5%91%E8%8A%B1%E7%A7%91%20%E6%A4%8D%E7%89%A9%E7%95%8C%20%E7%B4%85%E6%AF%9B%E6%9D%9C%E9%B5%91 HTTP/1.1" 200 23907
66.249.71.229 - - [26/Sep/2015:03:20:53 +0800] "GET /content/repository/resource_content.jsp?oid=1605021 HTTP/1.1" 200 28473
123.125.71.70 - - [26/Sep/2015:03:20:58 +0800] "GET /content/subject/resource_content.jsp?oid=16777449 HTTP/1.1" 200 28797
66.249.71.239 - - [26/Sep/2015:03:21:11 +0800] "GET /content/repository/resource_content.jsp?oid=794379 HTTP/1.1" 200 27913
66.249.71.249 - - [26/Sep/2015:03:21:29 +0800] "GET /content/repository/resource_content.jsp?oid=1815079 HTTP/1.1" 200 28936
66.249.79.193 - - [26/Sep/2015:03:21:47 +0800] "GET /content/repository/resource_content.jsp?oid=1614618 HTTP/1.1" 200 28714
66.249.79.200 - - [26/Sep/2015:03:22:05 +0800] "GET /content/repository/resource_content.jsp?oid=1174188 HTTP/1.1" 200 28780
66.249.71.249 - - [26/Sep/2015:03:22:22 +0800] "GET /content/repository/resource_content.jsp?oid=1631056 HTTP/1.1" 200 28859
157.55.39.200 - - [26/Sep/2015:03:22:25 +0800] "GET /content/subject/resource_content.jsp?oid=16777788&queryType=qc HTTP/1.1" 200 42893
66.249.79.200 - - [26/Sep/2015:03:22:41 +0800] "GET /content/repository/resource_content.jsp?oid=1596771 HTTP/1.1" 200 28754
66.249.79.195 - - [26/Sep/2015:03:22:42 +0800] "GET /content/nav/relationSubject.jsp?relationWords=&oid=2637819 HTTP/1.1" 200 1405
66.249.71.249 - - [26/Sep/2015:03:22:44 +0800] "GET /content/nav/relationSubject.jsp?relationWords=%E4%BA%8C%E5%B4%99%E9%84%89+%E7%9C%81%E6%94%BF%E5%BA%9C+&oid=1898913 HTTP/1.1" 200 4507
66.249.71.229 - - [26/Sep/2015:03:22:45 +0800] "GET /content/nav/relationSubject.jsp?relationWords=%E4%BA%8C%E5%B4%99%E9%84%89%20%E7%9C%81%E6%94%BF%E5%BA%9C%20&oid=1898913 HTTP/1.1" 200 4507
207.46.13.120 - - [26/Sep/2015:03:22:47 +0800] "GET /content/subject/resource_content.jsp?oid=16777742&queryType=qc HTTP/1.1" 200 39026
66.249.71.226 - - [26/Sep/2015:03:22:55 +0800] "GET /content/repository/resource_content.jsp?oid=1844664&queryString=%E6%8F%90%E6%A2%81%E5%8D%A3%20%E7%8D%B8%E9%9D%A2%E7%B4%8B%20%E9%85%92%E5%99%A8 HTTP/1.1" 200 31038
66.249.71.249 - - [26/Sep/2015:03:22:58 +0800] "GET /content/repository/resource_content.jsp?oid=16189 HTTP/1.1" 200 30685
66.249.71.229 - - [26/Sep/2015:03:23:16 +0800] "GET /content/repository/resource_content.jsp?oid=1774962 HTTP/1.1" 200 27223
68.180.228.24 - - [26/Sep/2015:03:23:16 +0800] "GET /content/pictures/picture_content.jsp?oid=33554745&queryType=qc HTTP/1.1" 200 27791
66.249.79.200 - - [26/Sep/2015:03:23:34 +0800] "GET /digiarch_en/content/repository/resource_content.jsp?oid=2514630&queryString=%E8%A1%B0%E8%80%81 HTTP/1.1" 200 23622
66.249.71.249 - - [26/Sep/2015:03:23:52 +0800] "GET /content/repository/resource_content.jsp?oid=1892542 HTTP/1.1" 200 28546
157.55.39.200 - - [26/Sep/2015:03:24:05 +0800] "GET /content/subject/resource_content.jsp?oid=16777455&queryType=qc HTTP/1.1" 200 33606
66.249.71.249 - - [26/Sep/2015:03:24:09 +0800] "GET /content/repository/resource_content.jsp?oid=1589295 HTTP/1.1" 200 28365
66.249.79.193 - - [26/Sep/2015:03:24:28 +0800] "GET /content/repository/resource_content.jsp?oid=791854 HTTP/1.1" 200 28132
61.135.189.170 - - [26/Sep/2015:03:24:35 +0800] "GET /digiarch/content/repository/resource_content.jsp?oid=2644714 HTTP/1.1" 404 14873
66.249.71.249 - - [26/Sep/2015:03:24:45 +0800] "GET /content/repository/resource_content.jsp?oid=740987 HTTP/1.1" 200 29137
207.46.13.163 - - [26/Sep/2015:03:24:55 +0800] "GET /content/tmp_tec/resource_content.jsp?oid=16777734 HTTP/1.1" 200 36946
61.135.189.170 - - [26/Sep/2015:03:24:57 +0800] "GET /digiarch/content/repository/resource_content.jsp?oid=2644586 HTTP/1.1" 404 14873
66.249.71.239 - - [26/Sep/2015:03:25:03 +0800] "GET /content/repository/resource_content.jsp?oid=2145259 HTTP/1.1" 200 30820
207.46.13.120 - - [26/Sep/2015:03:25:15 +0800] "GET /content/tmp_tec/resource_content.jsp?oid=16777837 HTTP/1.1" 200 35568
61.135.189.170 - - [26/Sep/2015:03:25:16 +0800] "GET /digiarch/content/repository/resource_content.jsp?oid=2644584 HTTP/1.1" 404 14873
66.249.71.239 - - [26/Sep/2015:03:25:21 +0800] "GET /content/repository/resource_content.jsp?oid=1605183 HTTP/1.1" 200 28490
68.180.228.24 - - [26/Sep/2015:03:25:31 +0800] "GET /content/repository/resource_content.jsp?oid=524007&queryType=qc HTTP/1.1" 200 35454
207.46.13.120 - - [26/Sep/2015:03:25:35 +0800] "GET /content/tmp_tec/resource_content.jsp?oid=16777730 HTTP/1.1" 200 42439
61.135.189.170 - - [26/Sep/2015:03:25:38 +0800] "GET /digiarch/content/repository/resource_content.jsp?oid=2542412 HTTP/1.1" 404 14873
66.249.71.239 - - [26/Sep/2015:03:25:39 +0800] "GET /content/repository/resource_content.jsp?oid=1614919 HTTP/1.1" 200 28392
68.180.228.24 - - [26/Sep/2015:03:25:54 +0800] "GET /content/repository/resource_content.jsp?oid=523952&queryType=qc HTTP/1.1" 200 36039
66.249.79.207 - - [26/Sep/2015:03:25:57 +0800] "GET /content/repository/resource_content.jsp?oid=16051 HTTP/1.1" 200 29168
61.135.189.170 - - [26/Sep/2015:03:25:59 +0800] "GET /digiarch/content/repository/resource_content.jsp?oid=2542319 HTTP/1.1" 404 14873
106.143.217.139 - - [26/Sep/2015:03:26:03 +0800] "GET /content/repository/resource_content.jsp?oid=2516954 HTTP/1.1" 200 29945
220.181.108.102 - - [26/Sep/2015:03:26:03 +0800] "GET /content/subject/resource_content.jsp?oid=16777352 HTTP/1.1" 200 28007
106.143.217.139 - - [26/Sep/2015:03:26:05 +0800] "GET /content/nav/relationSubject.jsp?relationWords=%E5%B7%A1%E6%92%AB+&oid=2516954 HTTP/1.1" 200 3084
66.249.71.206 - - [26/Sep/2015:03:26:12 +0800] "GET /content/subject/resource_content.jsp?oid=16777599&queryType=qc HTTP/1.1" 200 36988
66.249.71.249 - - [26/Sep/2015:03:26:14 +0800] "GET /content/repository/resource_content.jsp?oid=1820606 HTTP/1.1" 200 28817
207.46.13.120 - - [26/Sep/2015:03:26:16 +0800] "GET /content/subject/resource_content.jsp?oid=16777537&queryType=qc HTTP/1.1" 200 30742
61.135.189.170 - - [26/Sep/2015:03:26:19 +0800] "GET /digiarch/content/repository/resource_content.jsp?oid=2541899 HTTP/1.1" 404 14873
66.249.71.239 - - [26/Sep/2015:03:26:32 +0800] "GET /content/repository/resource_content.jsp?oid=1813483 HTTP/1.1" 200 28326
61.135.189.170 - - [26/Sep/2015:03:26:43 +0800] "GET /digiarch/content/repository/resource_content.jsp?oid=2538578 HTTP/1.1" 404 14873
68.180.228.24 - - [26/Sep/2015:03:26:43 +0800] "GET /digiarch_en/content/subject/resource_content.jsp?oid=16777413&queryType=qc HTTP/1.1" 200 28338
66.249.71.249 - - [26/Sep/2015:03:26:50 +0800] "GET /content/repository/resource_content.jsp?oid=1595634 HTTP/1.1" 200 28681
61.135.189.170 - - [26/Sep/2015:03:27:05 +0800] "GET /digiarch/content/repository/resource_content.jsp?oid=2527505 HTTP/1.1" 404 14873
66.249.71.36 - - [26/Sep/2015:03:27:08 +0800] "GET /content/repository/resource_content.jsp?oid=4358064&queryType=qs&queryString=%E6%B0%B4%E8%8A%8B HTTP/1.1" 200 28176
66.249.71.36 - - [26/Sep/2015:03:27:26 +0800] "GET /content/repository/resource_content.jsp?oid=785486&queryType=qs&queryString=%E6%85%B6%E5%B8%B8 HTTP/1.1" 200 28092
61.135.189.170 - - [26/Sep/2015:03:27:28 +0800] "GET /digiarch/content/repository/resource_content.jsp?oid=2521907 HTTP/1.1" 404 14873
66.249.71.239 - - [26/Sep/2015:03:27:43 +0800] "GET /content/repository/resource_content.jsp?oid=1889646 HTTP/1.1" 200 28410
66.249.79.207 - - [26/Sep/2015:03:27:47 +0800] "GET /content/nav/relationSubject.jsp?relationWords=%E4%BB%A5%E7%AC%A6%E5%AF%A6%E9%9A%9B%E6%A1%88+%E7%9C%81%E6%94%BF%E5%BA%9C+%E8%87%A8%E6%99%82%E7%9C%81%E8%AD%B0%E6%9C%83+%E8%87%BA%E7%81%A3%E7%9C%81+%E9%A6%AC%E6%9C%89%E5%B2%B3+&oid=1528277 HTTP/1.1" 200 4717
66.249.71.239 - - [26/Sep/2015:03:27:49 +0800] "GET /content/nav/relationSubject.jsp?relationWords=%E4%BB%A5%E7%AC%A6%E5%AF%A6%E9%9A%9B%E6%A1%88%20%E7%9C%81%E6%94%BF%E5%BA%9C%20%E8%87%A8%E6%99%82%E7%9C%81%E8%AD%B0%E6%9C%83%20%E8%87%BA%E7%81%A3%E7%9C%81%20%E9%A6%AC%E6%9C%89%E5%B2%B3%20&oid=1528277 HTTP/1.1" 200 4717
61.135.189.170 - - [26/Sep/2015:03:27:49 +0800] "GET /digiarch/content/repository/resource_content.jsp?oid=2531673 HTTP/1.1" 404 14873
66.249.71.36 - - [26/Sep/2015:03:27:55 +0800] "GET /content/nav/relationSubject.jsp?relationWords=%E5%93%A1%E5%A4%96%E9%83%8E+%E6%BC%A2%E5%93%A1+%E7%A6%8F%E5%BB%BA%E5%8F%B8+&oid=2689559 HTTP/1.1" 200 3199
66.249.71.36 - - [26/Sep/2015:03:27:56 +0800] "GET /content/nav/relationSubject.jsp?relationWords=%E5%93%A1%E5%A4%96%E9%83%8E%20%E6%BC%A2%E5%93%A1%20%E7%A6%8F%E5%BB%BA%E5%8F%B8%20&oid=2689559 HTTP/1.1" 200 3199
66.249.71.249 - - [26/Sep/2015:03:28:01 +0800] "GET /content/repository/resource_content.jsp?oid=17969 HTTP/1.1" 200 29759
61.135.189.170 - - [26/Sep/2015:03:28:11 +0800] "GET /digiarch/content/repository/resource_content.jsp?oid=2640601 HTTP/1.1" 404 14873
66.249.79.207 - - [26/Sep/2015:03:28:20 +0800] "GET /content/repository/resource_content.jsp?oid=745211 HTTP/1.1" 200 28275
61.135.189.170 - - [26/Sep/2015:03:28:33 +0800] "GET /digiarch/content/repository/resource_content.jsp?oid=2640573 HTTP/1.1" 404 14873
101.226.166.230 - - [26/Sep/2015:03:28:47 +0800] "GET /content/pictures/picture_content.jsp?oid=33554810&queryType=qc HTTP/1.1" 200 27894
66.249.71.229 - - [26/Sep/2015:03:28:55 +0800] "GET /content/repository/resource_content.jsp?oid=2547391 HTTP/1.1" 200 28787
61.135.189.170 - - [26/Sep/2015:03:29:01 +0800] "GET /digiarch/content/repository/resource_content.jsp?oid=2640247 HTTP/1.1" 404 14873
66.249.71.249 - - [26/Sep/2015:03:29:13 +0800] "GET /content/repository/resource_content.jsp?oid=16198 HTTP/1.1" 200 30705
61.135.189.170 - - [26/Sep/2015:03:29:23 +0800] "GET /digiarch/content/repository/resource_content.jsp?oid=2640082 HTTP/1.1" 404 14873
66.249.79.200 - - [26/Sep/2015:03:29:31 +0800] "GET /content/repository/resource_content.jsp?oid=2547491 HTTP/1.1" 200 28846
61.135.189.170 - - [26/Sep/2015:03:29:46 +0800] "GET /digiarch/content/repository/resource_content.jsp?oid=2606711 HTTP/1.1" 404 14873
66.249.79.200 - - [26/Sep/2015:03:29:48 +0800] "GET /content/repository/resource_content.jsp?oid=668400 HTTP/1.1" 200 28842
66.249.79.200 - - [26/Sep/2015:03:30:06 +0800] "GET /content/repository/resource_content.jsp?oid=617513 HTTP/1.1" 200 28413
61.135.189.170 - - [26/Sep/2015:03:30:10 +0800] "GET /digiarch/content/repository/resource_content.jsp?oid=2606499 HTTP/1.1" 404 14873
66.249.71.239 - - [26/Sep/2015:03:30:24 +0800] "GET /content/repository/resource_content.jsp?oid=1815090 HTTP/1.1" 200 28331
61.135.189.170 - - [26/Sep/2015:03:30:32 +0800] "GET /digiarch/content/repository/resource_content.jsp?oid=2606509 HTTP/1.1" 404 14873
66.249.79.193 - - [26/Sep/2015:03:30:42 +0800] "GET /content/repository/resource_content.jsp?oid=2149991 HTTP/1.1" 200 30765
157.55.39.200 - - [26/Sep/2015:03:30:44 +0800] "GET /content/subject/resource_content.jsp?oid=16777749&queryType=qc HTTP/1.1" 200 41248
66.249.71.229 - - [26/Sep/2015:03:31:00 +0800] "GET /content/repository/resource_content.jsp?oid=4458011&queryType=qs&queryString=%E5%8C%85%E7%A8%AE%E8%8C%B6 HTTP/1.1" 200 28390
61.135.189.170 - - [26/Sep/2015:03:31:03 +0800] "GET /digiarch/content/repository/resource_content.jsp?oid=2606213 HTTP/1.1" 404 14873
61.135.189.170 - - [26/Sep/2015:03:31:17 +0800] "GET /digiarch/content/repository/resource_content.jsp?oid=2602664 HTTP/1.1" 404 14873
66.249.71.239 - - [26/Sep/2015:03:31:17 +0800] "GET /content/repository/resource_content.jsp?oid=826010 HTTP/1.1" 200 27827
66.249.71.229 - - [26/Sep/2015:03:31:35 +0800] "GET /content/repository/resource_content.jsp?oid=2144376 HTTP/1.1" 200 30890
61.135.189.170 - - [26/Sep/2015:03:31:39 +0800] "GET /digiarch/content/repository/resource_content.jsp?oid=2606229 HTTP/1.1" 404 14873
207.46.13.120 - - [26/Sep/2015:03:31:42 +0800] "GET /content/subject/resource_content.jsp?oid=16777742&queryType=qc HTTP/1.1" 200 39037
66.249.71.239 - - [26/Sep/2015:03:31:53 +0800] "GET /content/repository/resource_content.jsp?oid=228679 HTTP/1.1" 200 30109
61.135.189.170 - - [26/Sep/2015:03:32:03 +0800] "GET /digiarch/content/repository/resource_content.jsp?oid=2606494 HTTP/1.1" 404 14873
66.249.71.54 - - [26/Sep/2015:03:32:11 +0800] "GET /content/repository/resource_content.jsp?oid=4362417&queryString=%E6%A1%83%E7%AC%A6%20%E7%A5%9E%E8%8D%BC%20%E9%AC%B1%E5%A3%98 HTTP/1.1" 200 28246
66.249.71.216 - - [26/Sep/2015:03:32:13 +0800] "GET /content/nav/relationSubject.jsp?relationWords=%E6%97%A5%E6%9C%AC%E7%83%8F%E9%AD%B4+%E6%B7%B1%E6%B5%B7%E4%B8%89%E8%A7%92%E4%BB%94+%E7%83%8F%E9%AD%B4+%E9%BB%91%E7%9A%AE%E5%88%80+%E9%BB%91%E9%A3%9B%E5%88%80+&oid=4352433 HTTP/1.1" 200 3649
66.249.71.239 - - [26/Sep/2015:03:32:15 +0800] "GET /content/nav/relationSubject.jsp?relationWords=&oid=2603409 HTTP/1.1" 200 1405
66.249.71.216 - - [26/Sep/2015:03:32:16 +0800] "GET /content/nav/relationSubject.jsp?relationWords=%E6%97%A5%E6%9C%AC%E7%83%8F%E9%AD%B4%20%E6%B7%B1%E6%B5%B7%E4%B8%89%E8%A7%92%E4%BB%94%20%E7%83%8F%E9%AD%B4%20%E9%BB%91%E7%9A%AE%E5%88%80%20%E9%BB%91%E9%A3%9B%E5%88%80%20&oid=4352433 HTTP/1.1" 200 3649
61.135.189.170 - - [26/Sep/2015:03:32:25 +0800] "GET /digiarch/content/repository/resource_content.jsp?oid=2604656 HTTP/1.1" 404 14873
66.249.71.249 - - [26/Sep/2015:03:32:29 +0800] "GET /content/repository/resource_content.jsp?oid=3356380 HTTP/1.1" 200 28937
66.249.71.229 - - [26/Sep/2015:03:32:31 +0800] "GET /content/nav/relationSubject.jsp?relationWords=%E4%B9%B3%E6%A5%AD+%E5%91%B3%E5%85%A8+%E5%BC%B5%E8%89%AF+%E7%B6%93%E6%BF%9F%E7%99%BC%E5%B1%95+%E8%BE%B2%E6%9E%97%E9%A1%9E+&oid=1565725 HTTP/1.1" 200 5313
66.249.71.229 - - [26/Sep/2015:03:32:32 +0800] "GET /content/nav/relationSubject.jsp?relationWords=%E4%B9%B3%E6%A5%AD%20%E5%91%B3%E5%85%A8%20%E5%BC%B5%E8%89%AF%20%E7%B6%93%E6%BF%9F%E7%99%BC%E5%B1%95%20%E8%BE%B2%E6%9E%97%E9%A1%9E%20&oid=1565725 HTTP/1.1" 200 5313
66.249.71.249 - - [26/Sep/2015:03:32:36 +0800] "GET /content/nav/relationSubject.jsp?relationWords=%E4%BA%8C%E6%B0%A7%E5%8C%96%E9%88%A6+%E6%9D%9C%E9%82%A6+%E8%A7%80%E9%9F%B3%E9%84%89+&oid=1611961 HTTP/1.1" 200 4041
66.249.71.239 - - [26/Sep/2015:03:32:38 +0800] "GET /content/nav/relationSubject.jsp?relationWords=%E4%BA%8C%E6%B0%A7%E5%8C%96%E9%88%A6%20%E6%9D%9C%E9%82%A6%20%E8%A7%80%E9%9F%B3%E9%84%89%20&oid=1611961 HTTP/1.1" 200 4041
66.249.71.249 - - [26/Sep/2015:03:32:47 +0800] "GET /content/repository/resource_content.jsp?oid=1818104 HTTP/1.1" 200 28340
61.135.189.170 - - [26/Sep/2015:03:32:48 +0800] "GET /digiarch/content/repository/resource_content.jsp?oid=2666768 HTTP/1.1" 404 14873
66.249.71.196 - - [26/Sep/2015:03:32:53 +0800] "GET /digiarch3/content/nav/relationSubject.jsp?relationWords=%E5%B1%B1%E8%8A%99%E8%93%89+&oid=16777280 HTTP/1.1" 200 4396
66.249.71.217 - - [26/Sep/2015:03:32:54 +0800] "GET /digiarch3/content/nav/relationSubject.jsp?relationWords=%E5%B1%B1%E8%8A%99%E8%93%89%20&oid=16777280 HTTP/1.1" 200 4396
66.249.71.249 - - [26/Sep/2015:03:33:02 +0800] "GET /content/nav/relationSubject.jsp?relationWords=%E5%85%A7%E9%8A%B7+%E5%A4%96%E5%8C%AF+%E5%B0%8D%E5%A4%96%E8%B2%BF%E6%98%93+%E7%A0%82%E7%B3%96+%E8%87%BA%E7%B3%96+&oid=1627892 HTTP/1.1" 200 4676
207.46.13.163 - - [26/Sep/2015:03:33:04 +0800] "GET /content/subject/resource_content.jsp?oid=16777495&queryType=qc HTTP/1.1" 200 34818
66.249.71.239 - - [26/Sep/2015:03:33:05 +0800] "GET /content/repository/resource_content.jsp?oid=1774218 HTTP/1.1" 200 26816
61.135.189.170 - - [26/Sep/2015:03:33:13 +0800] "GET /digiarch/content/repository/resource_content.jsp?oid=2605410 HTTP/1.1" 404 14873
66.249.79.200 - - [26/Sep/2015:03:33:23 +0800] "GET /content/repository/resource_content.jsp?oid=2547410 HTTP/1.1" 200 28946
61.135.189.170 - - [26/Sep/2015:03:33:34 +0800] "GET /digiarch/content/repository/resource_content.jsp?oid=2666002 HTTP/1.1" 404 14873
66.249.79.193 - - [26/Sep/2015:03:33:41 +0800] "GET /content/repository/resource_content.jsp?oid=1820073 HTTP/1.1" 200 28964
66.249.71.249 - - [26/Sep/2015:03:33:42 +0800] "GET /content/nav/relationSubject.jsp?relationWords=%E5%A4%A9%E4%BD%BF%20%E6%89%81%E9%AF%8A%20%E6%93%AC%E8%83%8C%E6%96%91%20%E7%90%B5%E7%90%B6%E9%AE%AB%20&oid=16777347 HTTP/1.1" 200 4198
61.135.189.170 - - [26/Sep/2015:03:33:55 +0800] "GET /digiarch/content/repository/resource_content.jsp?oid=2667601 HTTP/1.1" 404 14873
66.249.79.200 - - [26/Sep/2015:03:33:59 +0800] "GET /content/repository/resource_content.jsp?oid=1776553 HTTP/1.1" 200 26825
188.165.15.201 - - [26/Sep/2015:03:34:11 +0800] "GET /digiarch3/content/tmp_tec/resource_content.jsp?oid=16777731 HTTP/1.1" 200 39235
61.135.189.170 - - [26/Sep/2015:03:34:14 +0800] "GET /digiarch/content/repository/resource_content.jsp?oid=2666979 HTTP/1.1" 404 14873
66.249.71.249 - - [26/Sep/2015:03:34:16 +0800] "GET /content/repository/resource_content.jsp?oid=1457387 HTTP/1.1" 200 30797
61.135.189.170 - - [26/Sep/2015:03:34:35 +0800] "GET /digiarch/content/repository/resource_content.jsp?oid=2667486 HTTP/1.1" 404 14873
66.249.71.249 - - [26/Sep/2015:03:34:51 +0800] "GET /content/repository/resource_content.jsp?oid=1817034 HTTP/1.1" 200 28735
61.135.189.170 - - [26/Sep/2015:03:34:55 +0800] "GET /digiarch/content/repository/resource_content.jsp?oid=2666610 HTTP/1.1" 404 14873
207.46.13.120 - - [26/Sep/2015:03:35:06 +0800] "GET /content/subject/resource_content.jsp?oid=16797257&queryType=qc HTTP/1.1" 200 47864
66.249.71.229 - - [26/Sep/2015:03:35:09 +0800] "GET /content/repository/resource_content.jsp?oid=1826107 HTTP/1.1" 200 29761
61.135.189.170 - - [26/Sep/2015:03:35:16 +0800] "GET /digiarch/content/repository/resource_content.jsp?oid=2667221 HTTP/1.1" 404 14873
157.55.39.200 - - [26/Sep/2015:03:35:17 +0800] "GET /content/subject/resource_content.jsp?oid=16777463&queryType=qc HTTP/1.1" 200 28398
220.181.108.180 - - [26/Sep/2015:03:35:35 +0800] "GET /content/subject/resource_content.jsp?oid=16777436 HTTP/1.1" 200 28563
61.135.189.170 - - [26/Sep/2015:03:35:37 +0800] "GET /digiarch/content/repository/resource_content.jsp?oid=2636654 HTTP/1.1" 404 14873
66.249.71.239 - - [26/Sep/2015:03:35:45 +0800] "GET /content/repository/resource_content.jsp?oid=1619071 HTTP/1.1" 200 28586
61.135.189.170 - - [26/Sep/2015:03:35:58 +0800] "GET /digiarch/content/repository/resource_content.jsp?oid=2636757 HTTP/1.1" 404 14873
66.249.71.229 - - [26/Sep/2015:03:36:03 +0800] "GET /content/repository/resource_content.jsp?oid=1598276 HTTP/1.1" 200 28416
61.135.189.170 - - [26/Sep/2015:03:36:18 +0800] "GET /digiarch/content/repository/resource_content.jsp?oid=2636632 HTTP/1.1" 404 14873
66.249.71.249 - - [26/Sep/2015:03:36:21 +0800] "GET /content/repository/resource_content.jsp?oid=1610306 HTTP/1.1" 200 28564
66.249.71.206 - - [26/Sep/2015:03:36:30 +0800] "GET /content/nav/relationSubject.jsp?relationWords=%E5%8F%B0%E7%81%A3%E4%BD%95%E9%A6%96%E7%83%8F+%E6%A4%8D%E7%89%A9%E7%95%8C+%E8%93%BC%E5%B1%AC+%E8%93%BC%E7%A7%91+&oid=3822634 HTTP/1.1" 200 3565
66.249.71.216 - - [26/Sep/2015:03:36:31 +0800] "GET /content/nav/relationSubject.jsp?relationWords=%E5%8F%B0%E7%81%A3%E4%BD%95%E9%A6%96%E7%83%8F%20%E6%A4%8D%E7%89%A9%E7%95%8C%20%E8%93%BC%E5%B1%AC%20%E8%93%BC%E7%A7%91%20&oid=3822634 HTTP/1.1" 200 3565
66.249.71.239 - - [26/Sep/2015:03:36:38 +0800] "GET /content/repository/resource_content.jsp?oid=3339749 HTTP/1.1" 200 29427
66.249.71.239 - - [26/Sep/2015:03:36:39 +0800] "GET /content/nav/relationSubject.jsp?relationWords=%E7%88%B6%E8%BE%9B%E9%BC%8E+&oid=3040278 HTTP/1.1" 200 3252
61.135.189.170 - - [26/Sep/2015:03:36:40 +0800] "GET /digiarch/content/repository/resource_content.jsp?oid=2636811 HTTP/1.1" 404 14873
66.249.71.229 - - [26/Sep/2015:03:36:41 +0800] "GET /content/nav/relationSubject.jsp?relationWords=%E7%88%B6%E8%BE%9B%E9%BC%8E%20&oid=3040278 HTTP/1.1" 200 3252
66.249.71.249 - - [26/Sep/2015:03:36:56 +0800] "GET /content/repository/resource_content.jsp?oid=1611050 HTTP/1.1" 200 29229
61.135.189.170 - - [26/Sep/2015:03:36:58 +0800] "GET /digiarch/content/repository/resource_content.jsp?oid=2636886 HTTP/1.1" 404 14873
66.249.71.249 - - [26/Sep/2015:03:37:09 +0800] "GET /content/nav/relationSubject.jsp?relationWords=%E6%9F%B3%E8%91%89%E9%B1%97%E7%90%83%E8%8A%B1+%E6%A4%8D%E7%89%A9%E7%95%8C+%E7%88%B5%E5%BA%8A%E7%A7%91+%E7%8E%84%E5%8F%83+%E9%B1%97%E7%90%83%E8%8A%B1%E5%B1%AC+&oid=1102822 HTTP/1.1" 200 3488
66.249.71.239 - - [26/Sep/2015:03:37:10 +0800] "GET /content/nav/relationSubject.jsp?relationWords=%E6%9F%B3%E8%91%89%E9%B1%97%E7%90%83%E8%8A%B1%20%E6%A4%8D%E7%89%A9%E7%95%8C%20%E7%88%B5%E5%BA%8A%E7%A7%91%20%E7%8E%84%E5%8F%83%20%E9%B1%97%E7%90%83%E8%8A%B1%E5%B1%AC%20&oid=1102822 HTTP/1.1" 200 3488
66.249.79.200 - - [26/Sep/2015:03:37:15 +0800] "GET /content/repository/resource_content.jsp?oid=1887088&queryString=%E5%A4%A7%E6%AE%BC%E4%BB%94%20%E6%B7%BA%E8%9C%8A%20%E7%B0%BE%E8%9B%A4%E7%9B%AE%20%E7%B0%BE%E8%9B%A4%E7%A7%91%20%E7%B6%B4%E9%8C%A6%E8%9B%A4%20%E8%9D%B4%E8%9D%B6%E7%93%9C%E5%AD%90%E8%9B%A4%20%E9%9B%99%E6%AE%BC%E7%B6%B1 HTTP/1.1" 200 32283
61.135.189.170 - - [26/Sep/2015:03:37:20 +0800] "GET /digiarch/content/repository/resource_content.jsp?oid=2636785 HTTP/1.1" 404 14873
66.249.71.239 - - [26/Sep/2015:03:37:32 +0800] "GET /content/repository/resource_content.jsp?oid=1108301&queryString=%E6%A4%8D%E7%89%A9%E7%95%8C%20%E8%8F%8A%E7%A7%91%20%E9%9B%99%E5%AD%90%E8%91%89%20%E9%9B%99%E5%AD%90%E8%91%89%E6%A4%8D%E7%89%A9%20%E9%AC%BC%E9%87%9D%20%E9%AC%BC%E9%87%9D%E5%B1%AC%20%E9%AC%BC%E9%87%9D%E8%88%85 HTTP/1.1" 200 31321
61.135.189.170 - - [26/Sep/2015:03:37:41 +0800] "GET /digiarch/content/repository/resource_content.jsp?oid=2636749 HTTP/1.1" 404 14873
66.249.71.196 - - [26/Sep/2015:03:37:50 +0800] "GET /digiarch3/content/subject/resource_content.jsp?oid=16777293&queryString=%E5%A4%A7%E8%91%89%E5%B1%B1%E6%AC%96 HTTP/1.1" 200 32379
61.135.189.170 - - [26/Sep/2015:03:38:03 +0800] "GET /digiarch/content/repository/resource_content.jsp?oid=2636674 HTTP/1.1" 404 14873
61.135.189.170 - - [26/Sep/2015:03:38:24 +0800] "GET /digiarch/content/repository/resource_content.jsp?oid=2684593 HTTP/1.1" 404 14873
66.249.71.249 - - [26/Sep/2015:03:38:25 +0800] "GET /content/repository/resource_content.jsp?oid=2150917 HTTP/1.1" 200 31044
61.135.189.170 - - [26/Sep/2015:03:38:42 +0800] "GET /digiarch/content/repository/resource_content.jsp?oid=2684739 HTTP/1.1" 404 14873
66.249.71.239 - - [26/Sep/2015:03:38:43 +0800] "GET /digiarch_en/content/repository/resource_content.jsp?oid=1123952&queryType=qc HTTP/1.1" 200 27350
61.135.189.170 - - [26/Sep/2015:03:39:00 +0800] "GET /digiarch/content/repository/resource_content.jsp?oid=2684709 HTTP/1.1" 404 14873
66.249.71.249 - - [26/Sep/2015:03:39:02 +0800] "GET /content/subject/resource_content.jsp?oid=16777840&queryType=qc HTTP/1.1" 200 40649
66.249.71.207 - - [26/Sep/2015:03:39:19 +0800] "GET /digiarch3/content/repository/resource_content.jsp?oid=1081599&queryString=%E5%A8%98%E4%BB%94%E9%AD%9A%20%E5%B8%B6%E5%B0%BE%E6%96%B0%E9%9A%86%E9%AD%9A%20%E6%96%B0%E9%9A%86%20%E8%8A%B1%E5%B0%BE%20%E8%A7%92%E9%BE%8D%20%E9%9A%86%E9%A0%AD%E9%AD%9A%20%E9%9A%86%E9%A0%AD%E9%AD%9A%E7%A7%91%20%E9%B0%AD%E9%AD%9A%20%E9%B8%9A%E9%AF%9B HTTP/1.1" 200 35205
61.135.189.170 - - [26/Sep/2015:03:39:20 +0800] "GET /digiarch/content/repository/resource_content.jsp?oid=2673233 HTTP/1.1" 404 14873
123.125.71.69 - - [26/Sep/2015:03:39:30 +0800] "GET /content/repository/resource_content.jsp?oid=1525886 HTTP/1.1" 200 28946
123.125.71.42 - - [26/Sep/2015:03:39:35 +0800] "GET /digiarch_en/content/repository/resource_content.jsp?oid=1124214&queryType=qc HTTP/1.1" 200 30581
123.125.71.52 - - [26/Sep/2015:03:39:35 +0800] "GET /content/repository/resource_content.jsp?oid=2574318 HTTP/1.1" 200 29417
61.135.189.170 - - [26/Sep/2015:03:39:41 +0800] "GET /digiarch/content/repository/resource_content.jsp?oid=2675056 HTTP/1.1" 404 14873
123.125.71.90 - - [26/Sep/2015:03:39:42 +0800] "GET /content/repository/resource_content.jsp?oid=588424 HTTP/1.1" 200 28344
123.125.71.49 - - [26/Sep/2015:03:39:45 +0800] "GET /content/repository/resource_content.jsp?oid=1841592 HTTP/1.1" 200 28374
61.135.189.170 - - [26/Sep/2015:03:39:59 +0800] "GET /digiarch/content/repository/resource_content.jsp?oid=2510991 HTTP/1.1" 404 14873
66.249.71.226 - - [26/Sep/2015:03:40:12 +0800] "GET /content/repository/resource_content.jsp?oid=14669&queryString=%E5%AD%B8%E4%BB%94%20%E5%AF%AC%E5%B0%BE%E9%B6%B4%E9%B1%B5%20%E7%99%BD%E5%A4%A9%E9%9D%92%E6%97%97%20%E9%87%9D%E9%AD%9A%20%E9%9D%92%E6%97%97%20%E9%B6%B4%E9%B1%B5%E7%A7%91 HTTP/1.1" 200 36458
61.135.189.170 - - [26/Sep/2015:03:40:16 +0800] "GET /digiarch/content/repository/resource_content.jsp?oid=2510816 HTTP/1.1" 404 14873
66.249.71.239 - - [26/Sep/2015:03:40:19 +0800] "GET /content/nav/relationSubject.jsp?relationWords=%E5%9C%9F%E5%9C%B0%E9%8A%80%E8%A1%8C+%E5%AD%98%E6%AC%BE+%E5%B7%A5%E5%A0%B4+%E5%B7%A5%E7%A8%8B%E5%B8%AB+%E6%A9%9F%E6%A2%B0+%E7%8E%8B%E7%94%B0+%E7%A6%8F%E5%88%A9%E7%A4%BE+%E7%B4%A1%E7%B9%94%E5%BB%A0+%E9%BB%83%E6%A8%B9+&oid=1537729 HTTP/1.1" 200 4620
66.249.71.229 - - [26/Sep/2015:03:40:20 +0800] "GET /content/nav/relationSubject.jsp?relationWords=%E5%9C%9F%E5%9C%B0%E9%8A%80%E8%A1%8C%20%E5%AD%98%E6%AC%BE%20%E5%B7%A5%E5%A0%B4%20%E5%B7%A5%E7%A8%8B%E5%B8%AB%20%E6%A9%9F%E6%A2%B0%20%E7%8E%8B%E7%94%B0%20%E7%A6%8F%E5%88%A9%E7%A4%BE%20%E7%B4%A1%E7%B9%94%E5%BB%A0%20%E9%BB%83%E6%A8%B9%20&oid=1537729 HTTP/1.1" 200 4620
220.181.108.115 - - [26/Sep/2015:03:40:27 +0800] "GET /content/subject/resource_content.jsp?oid=16777584 HTTP/1.1" 200 26618
66.249.71.226 - - [26/Sep/2015:03:40:30 +0800] "GET /content/subject/resource_content.jsp?oid=16797253&queryType=qc HTTP/1.1" 200 42834
66.249.79.193 - - [26/Sep/2015:03:40:32 +0800] "GET /content/nav/relationSubject.jsp?relationWords=%E9%9A%86%E9%A0%AD%E9%AD%9A%E7%A7%91+%E9%9B%99%E5%B8%B6%E7%8B%90%E9%AF%9B+&oid=21085 HTTP/1.1" 200 3327
66.249.71.239 - - [26/Sep/2015:03:40:34 +0800] "GET /content/nav/relationSubject.jsp?relationWords=%E9%9A%86%E9%A0%AD%E9%AD%9A%E7%A7%91%20%E9%9B%99%E5%B8%B6%E7%8B%90%E9%AF%9B%20&oid=21085 HTTP/1.1" 200 3327
61.135.189.170 - - [26/Sep/2015:03:40:38 +0800] "GET /digiarch/content/repository/resource_content.jsp?oid=2510904 HTTP/1.1" 404 14873
66.249.71.216 - - [26/Sep/2015:03:40:48 +0800] "GET /content/subject/resource_content.jsp?oid=16777746&queryString= HTTP/1.1" 200 39179
61.135.189.170 - - [26/Sep/2015:03:40:56 +0800] "GET /digiarch/content/repository/resource_content.jsp?oid=2510932 HTTP/1.1" 404 14873
66.249.71.206 - - [26/Sep/2015:03:41:06 +0800] "GET /content/repository/resource_content.jsp?oid=2531676&queryString=%E5%B8%82%E5%83%B9 HTTP/1.1" 200 29063
61.135.189.170 - - [26/Sep/2015:03:41:13 +0800] "GET /digiarch/content/repository/resource_content.jsp?oid=2511171 HTTP/1.1" 404 14873
207.46.13.163 - - [26/Sep/2015:03:41:18 +0800] "GET /content/subject/resource_content.jsp?oid=16777841&queryType=qc> HTTP/1.1" 200 27550
66.249.79.200 - - [26/Sep/2015:03:41:24 +0800] "GET /content/repository/resource_content.jsp?oid=1460056 HTTP/1.1" 200 30913
61.135.189.170 - - [26/Sep/2015:03:41:34 +0800] "GET /digiarch/content/repository/resource_content.jsp?oid=2513056 HTTP/1.1" 404 14873
66.249.71.239 - - [26/Sep/2015:03:41:48 +0800] "GET /content/nav/relationSubject.jsp?relationWords=%E6%B5%B7%E9%BE%8D+%E6%B5%B7%E9%BE%8D%E7%A7%91+%E7%9F%9B%E5%90%BB+%E9%BB%91%E7%92%B0%E6%B5%B7%E9%BE%8D+&oid=14785 HTTP/1.1" 200 3631
66.249.71.239 - - [26/Sep/2015:03:41:49 +0800] "GET /content/nav/relationSubject.jsp?relationWords=%E6%B5%B7%E9%BE%8D%20%E6%B5%B7%E9%BE%8D%E7%A7%91%20%E7%9F%9B%E5%90%BB%20%E9%BB%91%E7%92%B0%E6%B5%B7%E9%BE%8D%20&oid=14785 HTTP/1.1" 200 3631
61.135.189.170 - - [26/Sep/2015:03:41:53 +0800] "GET /digiarch/content/repository/resource_content.jsp?oid=2513515 HTTP/1.1" 404 14873
66.249.71.249 - - [26/Sep/2015:03:41:59 +0800] "GET /content/repository/resource_content.jsp?oid=1779369 HTTP/1.1" 200 27452
61.135.189.170 - - [26/Sep/2015:03:42:14 +0800] "GET /digiarch/content/repository/resource_content.jsp?oid=2513197 HTTP/1.1" 404 14873
66.249.71.249 - - [26/Sep/2015:03:42:17 +0800] "GET /content/repository/resource_content.jsp?oid=1105585 HTTP/1.1" 200 31300
66.249.71.239 - - [26/Sep/2015:03:42:35 +0800] "GET /content/repository/resource_content.jsp?oid=1874694 HTTP/1.1" 200 28974
61.135.189.170 - - [26/Sep/2015:03:42:37 +0800] "GET /digiarch/content/repository/resource_content.jsp?oid=2513225 HTTP/1.1" 404 14873
66.249.71.239 - - [26/Sep/2015:03:42:53 +0800] "GET /content/repository/resource_content.jsp?oid=1777188 HTTP/1.1" 200 26937
61.135.189.170 - - [26/Sep/2015:03:42:54 +0800] "GET /digiarch/content/repository/resource_content.jsp?oid=2681426 HTTP/1.1" 404 14873
66.249.71.229 - - [26/Sep/2015:03:43:11 +0800] "GET /content/repository/resource_content.jsp?oid=1781215 HTTP/1.1" 200 27929
61.135.189.170 - - [26/Sep/2015:03:43:13 +0800] "GET /digiarch/content/repository/resource_content.jsp?oid=2681614 HTTP/1.1" 404 14873
66.249.71.249 - - [26/Sep/2015:03:43:14 +0800] "GET /content/repository/resource_content.jsp?oid=4352968&queryString=%E5%B8%B6%E5%B0%BE%E6%96%B0%E9%9A%86%E9%AD%9A HTTP/1.1" 200 35193
66.249.71.239 - - [26/Sep/2015:03:43:28 +0800] "GET /content/repository/resource_content.jsp?oid=1605471 HTTP/1.1" 200 28609
61.135.189.170 - - [26/Sep/2015:03:43:31 +0800] "GET /digiarch/content/repository/resource_content.jsp?oid=2681333 HTTP/1.1" 404 14873
66.249.71.229 - - [26/Sep/2015:03:43:46 +0800] "GET /content/repository/resource_content.jsp?oid=23372 HTTP/1.1" 200 29575
61.135.189.170 - - [26/Sep/2015:03:43:57 +0800] "GET /digiarch/content/repository/resource_content.jsp?oid=2681423 HTTP/1.1" 404 14873
66.249.71.239 - - [26/Sep/2015:03:44:03 +0800] "GET /content/nav/relationSubject.jsp?relationWords=%E5%A2%9E%E7%94%A2%E6%A1%88+%E5%BA%9C%E8%BE%B2%E6%BC%81%E5%AD%97+&oid=1552519 HTTP/1.1" 200 3346
61.135.189.170 - - [26/Sep/2015:03:44:05 +0800] "GET /digiarch/content/repository/resource_content.jsp?oid=2684535 HTTP/1.1" 404 14873
66.249.71.229 - - [26/Sep/2015:03:44:05 +0800] "GET /digiarch_en/content/repository/resource_content.jsp?oid=1462199&queryString=%E5%A4%A7%E6%88%9F%20%E5%A4%A7%E6%88%9F%E5%B1%AC%20%E5%A4%A7%E6%88%9F%E7%A7%91%20%E6%A4%8D%E7%89%A9%E7%95%8C HTTP/1.1" 200 23619
66.249.79.207 - - [26/Sep/2015:03:44:05 +0800] "GET /content/nav/relationSubject.jsp?relationWords=%E5%A2%9E%E7%94%A2%E6%A1%88%20%E5%BA%9C%E8%BE%B2%E6%BC%81%E5%AD%97%20&oid=1552519 HTTP/1.1" 200 3346
66.249.71.216 - - [26/Sep/2015:03:44:12 +0800] "GET /content/nav/relationSubject.jsp?relationWords=%E5%AE%98%E5%B1%80+%E5%B8%8C%E6%A0%B8+%E6%BB%87%E7%9C%81+%E8%81%AF%E9%8A%9C+%E9%B9%BD%E7%A8%85+&oid=592848 HTTP/1.1" 200 3221
66.249.71.226 - - [26/Sep/2015:03:44:14 +0800] "GET /content/nav/relationSubject.jsp?relationWords=%E5%AE%98%E5%B1%80%20%E5%B8%8C%E6%A0%B8%20%E6%BB%87%E7%9C%81%20%E8%81%AF%E9%8A%9C%20%E9%B9%BD%E7%A8%85%20&oid=592848 HTTP/1.1" 200 3221
66.249.79.193 - - [26/Sep/2015:03:44:23 +0800] "GET /content/repository/resource_content.jsp?oid=1900280&queryString=%E5%85%AC%E5%85%B1%E8%A8%AD%E6%96%BD%20%E5%AE%9C%E8%98%AD%E7%B8%A3%E6%94%BF%E5%BA%9C%20%E6%B0%B4%E5%88%A9%E5%B1%80%20%E7%A4%81%E6%BA%AA%E9%84%89%20%E9%A0%90%E7%AE%97 HTTP/1.1" 200 33201
66.249.71.249 - - [26/Sep/2015:03:44:29 +0800] "GET /content/nav/relationSubject.jsp?relationWords=%E9%BE%9C%E7%94%B2%E5%8D%9C%E8%BE%AD%E6%AE%98%E7%89%87+&oid=1838848 HTTP/1.1" 200 3071
66.249.71.229 - - [26/Sep/2015:03:44:31 +0800] "GET /content/nav/relationSubject.jsp?relationWords=%E9%BE%9C%E7%94%B2%E5%8D%9C%E8%BE%AD%E6%AE%98%E7%89%87%20&oid=1838848 HTTP/1.1" 200 3071
61.135.189.170 - - [26/Sep/2015:03:44:37 +0800] "GET /digiarch/content/repository/resource_content.jsp?oid=2684482 HTTP/1.1" 404 14873
66.249.71.239 - - [26/Sep/2015:03:44:42 +0800] "GET /content/repository/resource_content.jsp?oid=2143287 HTTP/1.1" 200 29583
61.135.189.170 - - [26/Sep/2015:03:44:45 +0800] "GET /digiarch/content/repository/resource_content.jsp?oid=2684450 HTTP/1.1" 404 14873
66.249.71.239 - - [26/Sep/2015:03:44:58 +0800] "GET /content/repository/resource_content.jsp?oid=821771 HTTP/1.1" 200 28177
61.135.189.170 - - [26/Sep/2015:03:45:06 +0800] "GET /digiarch/content/repository/resource_content.jsp?oid=2596894 HTTP/1.1" 404 14873
180.76.15.27 - - [26/Sep/2015:03:45:10 +0800] "GET /content/subject/resource_content.jsp?oid=16797244&queryString= HTTP/1.1" 200 50441
66.249.79.207 - - [26/Sep/2015:03:45:16 +0800] "GET /content/repository/resource_content.jsp?oid=1628662 HTTP/1.1" 200 28671
220.181.108.99 - - [26/Sep/2015:03:45:20 +0800] "GET /content/subject/resource_content.jsp?oid=16777626 HTTP/1.1" 200 43195
61.135.189.170 - - [26/Sep/2015:03:45:28 +0800] "GET /digiarch/content/repository/resource_content.jsp?oid=2574816 HTTP/1.1" 404 14873
66.249.71.249 - - [26/Sep/2015:03:45:40 +0800] "GET /content/repository/resource_content.jsp?oid=1890058 HTTP/1.1" 200 28498
123.125.71.92 - - [26/Sep/2015:03:45:42 +0800] "GET /content/repository/resource_content.jsp?oid=228800 HTTP/1.1" 200 30109
123.125.71.84 - - [26/Sep/2015:03:45:44 +0800] "GET /content/repository/resource_content.jsp?oid=1576686 HTTP/1.1" 200 28809
123.125.71.27 - - [26/Sep/2015:03:45:48 +0800] "GET /content/repository/resource_content.jsp?oid=1545649 HTTP/1.1" 200 28771
61.135.189.170 - - [26/Sep/2015:03:45:49 +0800] "GET /digiarch/content/repository/resource_content.jsp?oid=2643519 HTTP/1.1" 404 14873
66.249.71.249 - - [26/Sep/2015:03:45:51 +0800] "GET /content/repository/resource_content.jsp?oid=2148741 HTTP/1.1" 200 30055
61.135.189.170 - - [26/Sep/2015:03:46:05 +0800] "GET /digiarch/content/repository/resource_content.jsp?oid=2643485 HTTP/1.1" 404 14873
66.249.79.200 - - [26/Sep/2015:03:46:10 +0800] "GET /content/repository/resource_content.jsp?oid=1516117 HTTP/1.1" 200 28835
61.135.189.170 - - [26/Sep/2015:03:46:22 +0800] "GET /digiarch/content/repository/resource_content.jsp?oid=2684531 HTTP/1.1" 404 14873
66.249.71.249 - - [26/Sep/2015:03:46:27 +0800] "GET /content/repository/resource_content.jsp?oid=1782506 HTTP/1.1" 200 28101
61.135.189.170 - - [26/Sep/2015:03:46:41 +0800] "GET /digiarch/content/repository/resource_content.jsp?oid=2643401 HTTP/1.1" 404 14873
207.46.13.163 - - [26/Sep/2015:03:46:42 +0800] "GET /content/subject/resource_content.jsp?oid=16777837&queryType=qc HTTP/1.1" 200 37550
66.249.71.229 - - [26/Sep/2015:03:46:45 +0800] "GET /content/repository/resource_content.jsp?oid=1562332 HTTP/1.1" 200 28838
61.135.189.170 - - [26/Sep/2015:03:46:57 +0800] "GET /digiarch/content/repository/resource_content.jsp?oid=2643488 HTTP/1.1" 404 14873
66.249.71.239 - - [26/Sep/2015:03:47:03 +0800] "GET /content/repository/resource_content.jsp?oid=1631000 HTTP/1.1" 200 28500
182.118.20.162 - - [26/Sep/2015:03:47:05 +0800] "GET /content/subject/resource_content.jsp?oid=16777766&queryType=qc%3E HTTP/1.1" 200 50579
61.135.189.170 - - [26/Sep/2015:03:47:14 +0800] "GET /digiarch/content/repository/resource_content.jsp?oid=2643311 HTTP/1.1" 404 14873
66.249.71.249 - - [26/Sep/2015:03:47:21 +0800] "GET /content/repository/resource_content.jsp?oid=16632 HTTP/1.1" 200 29561
61.135.189.170 - - [26/Sep/2015:03:47:29 +0800] "GET /digiarch/content/repository/resource_content.jsp?oid=2643389 HTTP/1.1" 404 14873
66.249.71.216 - - [26/Sep/2015:03:47:31 +0800] "GET /content/repository/resource_content.jsp?oid=2688766&queryString=%E5%82%85%E6%96%AF%E5%B9%B4%E5%9C%96%E6%9B%B8%E9%A4%A8%20%E6%95%A6%E7%85%8C HTTP/1.1" 200 30120
66.249.71.249 - - [26/Sep/2015:03:47:38 +0800] "GET /content/repository/resource_content.jsp?oid=1812746 HTTP/1.1" 200 28645
61.135.189.170 - - [26/Sep/2015:03:47:46 +0800] "GET /digiarch/content/repository/resource_content.jsp?oid=2643426 HTTP/1.1" 404 14873
66.249.71.229 - - [26/Sep/2015:03:47:48 +0800] "GET /content/nav/relationSubject.jsp?relationWords=%E6%9F%83%E6%9C%A8%E5%B1%AC+%E6%A4%8D%E7%89%A9%E7%95%8C+%E7%B1%B3%E7%A2%8E%E6%9F%83%E6%9C%A8+&oid=1459261 HTTP/1.1" 200 3253
66.249.71.249 - - [26/Sep/2015:03:47:50 +0800] "GET /content/nav/relationSubject.jsp?relationWords=%E6%9F%83%E6%9C%A8%E5%B1%AC%20%E6%A4%8D%E7%89%A9%E7%95%8C%20%E7%B1%B3%E7%A2%8E%E6%9F%83%E6%9C%A8%20&oid=1459261 HTTP/1.1" 200 3253
