106.38.241.163 - - [10/Sep/2015:05:23:49 +0800] "GET /content/repository/resource_content.jsp?oid=188699&queryType=null&queryString=%2B%E5%9C%B0%E5%BD%A2%E5%9C%96%2B%2B%E5%8D%97%E6%98%8C HTTP/1.1" 200 30847
66.249.71.249 - - [10/Sep/2015:05:24:10 +0800] "GET /content/nav/relationSubject.jsp?relationWords=%E5%85%AC%E5%91%8A%E5%9C%B0%E5%83%B9+%E5%98%89%E7%BE%A9%E7%B8%A3%E6%94%BF%E5%BA%9C+%E6%B0%91%E6%94%BF%E9%A1%9E+%E8%AC%9D%E6%B8%85%E6%B0%B4+&oid=1574536 HTTP/1.1" 200 3878
66.249.79.207 - - [10/Sep/2015:05:24:16 +0800] "GET /content/nav/relationSubject.jsp?relationWords=%E5%85%AC%E5%91%8A%E5%9C%B0%E5%83%B9%20%E5%98%89%E7%BE%A9%E7%B8%A3%E6%94%BF%E5%BA%9C%20%E6%B0%91%E6%94%BF%E9%A1%9E%20%E8%AC%9D%E6%B8%85%E6%B0%B4%20&oid=1574536 HTTP/1.1" 200 3878
66.249.71.239 - - [10/Sep/2015:05:24:24 +0800] "GET /content/nav/relationSubject.jsp?relationWords=%E5%95%86%E8%89%B1%E6%A1%88+%E7%87%9F%E6%A5%AD%E7%A8%85+%E7%B5%B1%E4%B8%80%E7%99%BC%E7%A5%A8+%E8%87%BA%E5%8C%97%E5%B8%82+%E8%87%BA%E7%81%A3%E7%9C%81+%E8%89%B1%E6%A1%88+%E8%B2%A1%E7%A8%85+&oid=1631522 HTTP/1.1" 200 4742
66.249.79.200 - - [10/Sep/2015:05:24:29 +0800] "GET /content/nav/relationSubject.jsp?relationWords=%E5%95%86%E8%89%B1%E6%A1%88%20%E7%87%9F%E6%A5%AD%E7%A8%85%20%E7%B5%B1%E4%B8%80%E7%99%BC%E7%A5%A8%20%E8%87%BA%E5%8C%97%E5%B8%82%20%E8%87%BA%E7%81%A3%E7%9C%81%20%E8%89%B1%E6%A1%88%20%E8%B2%A1%E7%A8%85%20&oid=1631522 HTTP/1.1" 200 4742
66.249.79.207 - - [10/Sep/2015:05:24:47 +0800] "GET /content/nav/relationSubject.jsp?relationWords=%E5%BC%B5%E5%85%81+%E6%9B%B8%E8%A8%98%E5%AE%98+&oid=818443 HTTP/1.1" 200 3248
66.249.71.229 - - [10/Sep/2015:05:24:49 +0800] "GET /digiarch_en/content/repository/resource_content.jsp?oid=1627024&queryString=%E5%AE%9C%E8%98%AD%E7%B8%A3%E5%A4%A7%E5%90%8C%E9%84%89%20%E8%BE%B2%E6%9D%91%E9%9B%BB%E5%8C%96 HTTP/1.1" 200 23197
66.249.71.239 - - [10/Sep/2015:05:24:52 +0800] "GET /content/nav/relationSubject.jsp?relationWords=%E5%BC%B5%E5%85%81%20%E6%9B%B8%E8%A8%98%E5%AE%98%20&oid=818443 HTTP/1.1" 200 3248
66.249.71.249 - - [10/Sep/2015:05:26:04 +0800] "GET /content/repository/resource_content.jsp?oid=1458544 HTTP/1.1" 200 30730
221.172.213.6 - - [10/Sep/2015:05:26:16 +0800] "GET /content/tmp_auth/resource_content.jsp?oid=16777759 HTTP/1.1" 200 25306
221.172.213.6 - - [10/Sep/2015:05:26:17 +0800] "GET /content/tmp_auth/resource_content.jsp?oid=16777758 HTTP/1.1" 200 25309
221.172.213.6 - - [10/Sep/2015:05:26:18 +0800] "GET /content/tmp_tec/resource_content.jsp?oid=16777734 HTTP/1.1" 200 36938
221.172.213.6 - - [10/Sep/2015:05:26:18 +0800] "GET /content/tmp_auth/resource_content.jsp?oid=16777777 HTTP/1.1" 200 29410
221.172.213.6 - - [10/Sep/2015:05:26:18 +0800] "GET /content/tmp_auth/resource_content.jsp?oid=16777809 HTTP/1.1" 200 37131
221.172.213.6 - - [10/Sep/2015:05:26:19 +0800] "GET /content/tmp_auth/resource_content.jsp?oid=16777810 HTTP/1.1" 200 40583
221.172.213.6 - - [10/Sep/2015:05:26:19 +0800] "GET /content/tmp_tec/resource_content.jsp?oid=16777730 HTTP/1.1" 200 42431
221.172.213.6 - - [10/Sep/2015:05:26:19 +0800] "GET /content/tmp_tec/resource_content.jsp?oid=16777731 HTTP/1.1" 200 39218
66.249.79.172 - - [10/Sep/2015:05:26:20 +0800] "GET /content/nav/relationSubject.jsp?relationWords=%E4%B8%8A%E8%AB%AD+%E4%B8%8A%E8%AB%AD%E4%BA%8B+%E8%AB%AD%E4%BA%8B+&oid=2684121 HTTP/1.1" 200 3142
221.172.213.6 - - [10/Sep/2015:05:26:23 +0800] "GET /content/tmp_tec/resource_content.jsp?oid=16777753 HTTP/1.1" 200 33887
66.249.79.186 - - [10/Sep/2015:05:26:26 +0800] "GET /content/nav/relationSubject.jsp?relationWords=%E4%B8%8A%E8%AB%AD%20%E4%B8%8A%E8%AB%AD%E4%BA%8B%20%E8%AB%AD%E4%BA%8B%20&oid=2684121 HTTP/1.1" 200 3142
66.249.71.249 - - [10/Sep/2015:05:26:43 +0800] "GET /content/nav/relationSubject.jsp?relationWords=%E5%86%B7%E6%B0%A3+%E6%BA%AB%E5%BA%A6%E8%A8%88+%E9%90%B5%E8%B7%AF%E5%B1%80+&oid=1614388 HTTP/1.1" 200 5089
66.249.71.229 - - [10/Sep/2015:05:26:48 +0800] "GET /content/nav/relationSubject.jsp?relationWords=%E5%86%B7%E6%B0%A3%20%E6%BA%AB%E5%BA%A6%E8%A8%88%20%E9%90%B5%E8%B7%AF%E5%B1%80%20&oid=1614388 HTTP/1.1" 200 5089
66.249.71.239 - - [10/Sep/2015:05:27:11 +0800] "GET /content/repository/resource_content.jsp?oid=2149635 HTTP/1.1" 200 30847
106.38.241.163 - - [10/Sep/2015:05:27:19 +0800] "GET /content/pictures/picture_content.jsp?oid=33554783&queryType=qc HTTP/1.1" 200 27997
66.249.79.200 - - [10/Sep/2015:05:27:47 +0800] "GET /digiarch_en/content/nav/relationSubject.jsp?relationWords=%E5%8F%B0%E6%9D%B1%E8%98%87%E9%90%B5+%E6%A4%8D%E7%89%A9%E7%95%8C+&oid=2149364 HTTP/1.1" 200 3806
66.249.71.229 - - [10/Sep/2015:05:27:52 +0800] "GET /digiarch_en/content/nav/relationSubject.jsp?relationWords=%E5%8F%B0%E6%9D%B1%E8%98%87%E9%90%B5%20%E6%A4%8D%E7%89%A9%E7%95%8C%20&oid=2149364 HTTP/1.1" 200 3806
66.249.71.121 - - [10/Sep/2015:05:28:00 +0800] "GET /content/nav/relationSubject.jsp?relationWords=%E5%93%81%E8%B3%AA+%E5%9E%83%E5%9C%BE%E8%99%95%E7%90%86+%E5%A4%A9%E7%84%B6%E7%81%BD%E5%AE%B3+%E5%B7%A5%E7%A8%8B%E6%8B%9B%E6%A8%99+%E7%A9%A9%E5%81%A5+%E8%87%AA%E7%84%B6%E7%94%9F%E6%85%8B+%E8%B2%A1%E6%94%BF+&oid=1595030 HTTP/1.1" 200 5660
66.249.79.127 - - [10/Sep/2015:05:28:06 +0800] "GET /content/nav/relationSubject.jsp?relationWords=%E5%93%81%E8%B3%AA%20%E5%9E%83%E5%9C%BE%E8%99%95%E7%90%86%20%E5%A4%A9%E7%84%B6%E7%81%BD%E5%AE%B3%20%E5%B7%A5%E7%A8%8B%E6%8B%9B%E6%A8%99%20%E7%A9%A9%E5%81%A5%20%E8%87%AA%E7%84%B6%E7%94%9F%E6%85%8B%20%E8%B2%A1%E6%94%BF%20&oid=1595030 HTTP/1.1" 200 5660
66.249.71.239 - - [10/Sep/2015:05:28:19 +0800] "GET /content/repository/resource_content.jsp?oid=2510728 HTTP/1.1" 200 30097
66.249.71.121 - - [10/Sep/2015:05:28:19 +0800] "GET /content/nav/relationSubject.jsp?relationWords=%E6%BC%95%E7%B3%A7+%E6%BC%95%E9%81%8B+&oid=2511668 HTTP/1.1" 200 4047
66.249.71.105 - - [10/Sep/2015:05:28:25 +0800] "GET /content/nav/relationSubject.jsp?relationWords=%E6%BC%95%E7%B3%A7%20%E6%BC%95%E9%81%8B%20&oid=2511668 HTTP/1.1" 200 4047
106.38.241.163 - - [10/Sep/2015:05:28:46 +0800] "GET /digiarch_en/content/subject/resource_content.jsp?oid=16777618&queryType=qc> HTTP/1.1" 200 33633
66.249.71.121 - - [10/Sep/2015:05:28:52 +0800] "GET /content/nav/relationSubject.jsp?relationWords=%E4%BA%BA%E5%90%8D%E6%AC%8A%E5%A8%81+%E8%88%92%E7%88%BE%E6%9B%BC+%E8%AC%99%E5%90%89+%E9%BA%BB%E5%85%8B+%E9%BA%BB%E5%85%8B%E9%A1%9E+&oid=761469 HTTP/1.1" 200 3345
66.249.79.115 - - [10/Sep/2015:05:28:57 +0800] "GET /content/nav/relationSubject.jsp?relationWords=%E4%BA%BA%E5%90%8D%E6%AC%8A%E5%A8%81%20%E8%88%92%E7%88%BE%E6%9B%BC%20%E8%AC%99%E5%90%89%20%E9%BA%BB%E5%85%8B%20%E9%BA%BB%E5%85%8B%E9%A1%9E%20&oid=761469 HTTP/1.1" 200 3345
66.249.71.229 - - [10/Sep/2015:05:29:06 +0800] "GET /content/nav/relationSubject.jsp?relationWords=&oid=2621616 HTTP/1.1" 200 1405
106.38.241.163 - - [10/Sep/2015:05:29:16 +0800] "GET /digiarch_en/content/subject/resource_content.jsp?oid=16777439&queryType=qc HTTP/1.1" 200 30802
66.249.71.249 - - [10/Sep/2015:05:29:26 +0800] "GET /content/repository/resource_content.jsp?oid=1614779 HTTP/1.1" 200 29110
106.38.241.163 - - [10/Sep/2015:05:29:56 +0800] "GET /digiarch_en/content/subject/resource_content.jsp?oid=16777591&queryType=qc> HTTP/1.1" 200 33786
123.125.71.115 - - [10/Sep/2015:05:30:20 +0800] "GET /content/tmp_tec/resource_content.jsp?oid=16777715 HTTP/1.1" 200 32402
66.249.71.229 - - [10/Sep/2015:05:30:38 +0800] "GET /content/repository/resource_content.jsp?oid=16559 HTTP/1.1" 200 34546
106.38.241.163 - - [10/Sep/2015:05:30:46 +0800] "GET /digiarch_en/content/subject/resource_content.jsp?oid=16777497&queryType=qc HTTP/1.1" 200 35003
106.38.241.163 - - [10/Sep/2015:05:31:17 +0800] "GET /digiarch_en/content/subject/resource_content.jsp?oid=16777837&queryType=qc HTTP/1.1" 200 31565
66.249.79.188 - - [10/Sep/2015:05:31:47 +0800] "GET /content/repository/resource_content.jsp?oid=2636749&queryType=qs&queryString=%E9%BB%83%E9%81%93 HTTP/1.1" 200 30343
106.38.241.163 - - [10/Sep/2015:05:31:59 +0800] "GET /digiarch_en/content/subject/resource_content.jsp?oid=16777336&queryType=qc HTTP/1.1" 200 27515
66.249.79.200 - - [10/Sep/2015:05:32:06 +0800] "GET /content/nav/relationSubject.jsp?relationWords=%E5%BF%97%E4%BD%B3%E9%99%BD%E6%9D%9C%E9%B5%91+%E6%9D%9C%E9%B5%91%E8%8A%B1+%E6%9D%9C%E9%B5%91%E8%8A%B1%E5%B1%AC+%E6%9D%9C%E9%B5%91%E8%8A%B1%E7%A7%91+%E6%A4%8D%E7%89%A9%E7%95%8C+&oid=1462215 HTTP/1.1" 200 4805
66.249.71.239 - - [10/Sep/2015:05:32:11 +0800] "GET /content/nav/relationSubject.jsp?relationWords=%E5%BF%97%E4%BD%B3%E9%99%BD%E6%9D%9C%E9%B5%91%20%E6%9D%9C%E9%B5%91%E8%8A%B1%20%E6%9D%9C%E9%B5%91%E8%8A%B1%E5%B1%AC%20%E6%9D%9C%E9%B5%91%E8%8A%B1%E7%A7%91%20%E6%A4%8D%E7%89%A9%E7%95%8C%20&oid=1462215 HTTP/1.1" 200 4805
66.249.71.226 - - [10/Sep/2015:05:32:55 +0800] "GET /content/repository/resource_content.jsp?oid=2663491&queryType=qs&queryString=%E8%88%8D%E4%BA%BA HTTP/1.1" 200 29926
66.249.71.206 - - [10/Sep/2015:05:34:05 +0800] "GET /content/repository/resource_content.jsp?oid=4362315&queryString=%E5%B7%A1%E7%8B%A9%20%E7%8E%8B%E8%88%B9%20%E9%96%8B%E5%85%89 HTTP/1.1" 200 28030
66.249.71.229 - - [10/Sep/2015:05:34:15 +0800] "GET /content/nav/relationSubject.jsp?relationWords=%E7%9C%81%E8%AD%B0%E6%9C%83+%E7%B8%A3%E8%AD%B0%E6%9C%83+%E8%87%A8%E6%99%82%E7%9C%81%E8%AD%B0%E6%9C%83+%E8%87%BA%E5%8C%97%E7%B8%A3+%E8%87%BA%E5%8C%97%E7%B8%A3%E8%AD%B0%E6%9C%83+%E8%87%BA%E7%81%A3%E7%9C%81+&oid=1545575 HTTP/1.1" 200 5465
66.249.71.239 - - [10/Sep/2015:05:34:19 +0800] "GET /content/nav/relationSubject.jsp?relationWords=%E7%9C%81%E8%AD%B0%E6%9C%83%20%E7%B8%A3%E8%AD%B0%E6%9C%83%20%E8%87%A8%E6%99%82%E7%9C%81%E8%AD%B0%E6%9C%83%20%E8%87%BA%E5%8C%97%E7%B8%A3%20%E8%87%BA%E5%8C%97%E7%B8%A3%E8%AD%B0%E6%9C%83%20%E8%87%BA%E7%81%A3%E7%9C%81%20&oid=1545575 HTTP/1.1" 200 5465
66.249.79.195 - - [10/Sep/2015:05:34:29 +0800] "GET /content/nav/relationSubject.jsp?relationWords=%E6%90%B6%E5%8A%AB+&oid=2636749 HTTP/1.1" 200 3105
66.249.71.216 - - [10/Sep/2015:05:34:34 +0800] "GET /content/nav/relationSubject.jsp?relationWords=%E6%90%B6%E5%8A%AB%20&oid=2636749 HTTP/1.1" 200 3105
66.249.71.113 - - [10/Sep/2015:05:34:36 +0800] "GET /content/nav/relationSubject.jsp?relationWords=%E7%84%9A%E5%B1%8D+&oid=2687037 HTTP/1.1" 200 3121
66.249.71.105 - - [10/Sep/2015:05:34:41 +0800] "GET /content/nav/relationSubject.jsp?relationWords=%E7%84%9A%E5%B1%8D%20&oid=2687037 HTTP/1.1" 200 3121
66.249.79.115 - - [10/Sep/2015:05:35:04 +0800] "GET /content/nav/relationSubject.jsp?relationWords=%E4%BA%A4%E6%B6%89%E5%93%A1+%E4%BA%A4%E6%B6%89%E7%BD%B2+%E4%BA%BA%E5%90%8D%E6%AC%8A%E5%A8%81+%E5%93%88%E5%9F%A0+%E5%93%88%E7%88%BE%E6%BF%B1+%E5%A4%96%E4%BA%A4%E9%83%A8+%E6%BF%B1%E6%B1%9F%E7%B8%A3+%E8%8F%AF%E6%B4%8B+%E8%A8%B4%E8%A8%9F+%E9%81%93%E5%B0%B9+&oid=708045 HTTP/1.1" 200 4093
66.249.71.113 - - [10/Sep/2015:05:35:09 +0800] "GET /content/nav/relationSubject.jsp?relationWords=%E4%BA%A4%E6%B6%89%E5%93%A1%20%E4%BA%A4%E6%B6%89%E7%BD%B2%20%E4%BA%BA%E5%90%8D%E6%AC%8A%E5%A8%81%20%E5%93%88%E5%9F%A0%20%E5%93%88%E7%88%BE%E6%BF%B1%20%E5%A4%96%E4%BA%A4%E9%83%A8%20%E6%BF%B1%E6%B1%9F%E7%B8%A3%20%E8%8F%AF%E6%B4%8B%20%E8%A8%B4%E8%A8%9F%20%E9%81%93%E5%B0%B9%20&oid=708045 HTTP/1.1" 200 4093
66.249.71.249 - - [10/Sep/2015:05:35:17 +0800] "GET /content/repository/resource_content.jsp?oid=1576449 HTTP/1.1" 200 28683
66.249.79.127 - - [10/Sep/2015:05:35:26 +0800] "GET /content/nav/relationSubject.jsp?relationWords=%E6%8F%90%E7%9D%A3+&oid=2537985 HTTP/1.1" 200 3993
66.249.71.105 - - [10/Sep/2015:05:35:32 +0800] "GET /content/nav/relationSubject.jsp?relationWords=%E6%8F%90%E7%9D%A3%20&oid=2537985 HTTP/1.1" 200 3993
199.30.24.81 - - [10/Sep/2015:05:37:08 +0800] "GET /content/nav/relationSubject.jsp?relationWords=%E4%BC%8A%E8%83%BD%E5%98%89%E7%9F%A9+%E5%8F%B0%E7%81%A3%E5%8E%9F%E4%BD%8F%E6%B0%91+&oid=1774650 HTTP/1.1" 200 5124
66.249.71.105 - - [10/Sep/2015:05:37:16 +0800] "GET /content/nav/relationSubject.jsp?relationWords=%E5%85%B5%E7%B1%B3+%E8%88%B9%E6%88%B6+&oid=2542913 HTTP/1.1" 200 4442
66.249.71.121 - - [10/Sep/2015:05:37:21 +0800] "GET /content/nav/relationSubject.jsp?relationWords=%E5%85%B5%E7%B1%B3%20%E8%88%B9%E6%88%B6%20&oid=2542913 HTTP/1.1" 200 4442
66.249.71.105 - - [10/Sep/2015:05:38:29 +0800] "GET /content/nav/relationSubject.jsp?relationWords=%E7%A6%AE%E9%83%A8+%E9%A6%AC%E9%A7%9D+&oid=2521765 HTTP/1.1" 200 3092
66.249.71.113 - - [10/Sep/2015:05:38:35 +0800] "GET /content/nav/relationSubject.jsp?relationWords=%E7%A6%AE%E9%83%A8%20%E9%A6%AC%E9%A7%9D%20&oid=2521765 HTTP/1.1" 200 3092
66.249.71.207 - - [10/Sep/2015:05:38:45 +0800] "GET /digiarch3/content/pictures/picture_content.jsp?oid=33554825&classify=2761 HTTP/1.1" 200 27872
66.249.79.207 - - [10/Sep/2015:05:38:45 +0800] "GET /content/nav/relationSubject.jsp?relationWords=%E4%BB%A4%E7%AF%80+%E5%85%83%E6%97%A6+%E9%96%A9%E6%B5%99+%E9%96%A9%E6%B5%99%E7%B8%BD%E7%9D%A3+&oid=2519269 HTTP/1.1" 200 4553
66.249.71.249 - - [10/Sep/2015:05:38:50 +0800] "GET /content/nav/relationSubject.jsp?relationWords=%E5%AF%B6%E8%9E%BA+%E8%90%AC%E5%AF%B6+%E8%90%AC%E5%AF%B6%E8%9E%BA+&oid=33554978 HTTP/1.1" 200 3293
66.249.79.193 - - [10/Sep/2015:05:38:52 +0800] "GET /content/nav/relationSubject.jsp?relationWords=%E4%BB%A4%E7%AF%80%20%E5%85%83%E6%97%A6%20%E9%96%A9%E6%B5%99%20%E9%96%A9%E6%B5%99%E7%B8%BD%E7%9D%A3%20&oid=2519269 HTTP/1.1" 200 4553
66.249.71.113 - - [10/Sep/2015:05:38:54 +0800] "GET /content/nav/relationSubject.jsp?relationWords=%E5%8D%B0%E5%8B%99+%E5%A7%94%E7%BD%B2+&oid=2688341 HTTP/1.1" 200 3995
157.55.39.173 - - [10/Sep/2015:05:38:55 +0800] "GET /content/nav/relationSubject.jsp?relationWords=%E5%BF%97%E4%BD%B3%E9%99%BD%E6%9D%9C%E9%B5%91+%E6%9D%9C%E9%B5%91+%E6%9D%9C%E9%B5%91%E8%8A%B1+%E7%99%BD%E7%90%89%E7%90%83%E6%9D%9C%E9%B5%91+&oid=16777345 HTTP/1.1" 200 5018
66.249.71.239 - - [10/Sep/2015:05:38:55 +0800] "GET /content/nav/relationSubject.jsp?relationWords=%E5%AF%B6%E8%9E%BA%20%E8%90%AC%E5%AF%B6%20%E8%90%AC%E5%AF%B6%E8%9E%BA%20&oid=33554978 HTTP/1.1" 200 3293
66.249.71.113 - - [10/Sep/2015:05:38:58 +0800] "GET /content/repository/resource_content.jsp?oid=1833653&queryType=qs&queryString=%E7%8E%8B%E6%AC%BD HTTP/1.1" 200 31753
66.249.79.115 - - [10/Sep/2015:05:39:00 +0800] "GET /content/nav/relationSubject.jsp?relationWords=%E5%8D%B0%E5%8B%99%20%E5%A7%94%E7%BD%B2%20&oid=2688341 HTTP/1.1" 200 3995
66.249.71.121 - - [10/Sep/2015:05:39:09 +0800] "GET /content/nav/relationSubject.jsp?relationWords=%E4%BA%9E%E9%81%8B+%E4%BB%A3%E8%AA%B2%E6%95%99%E5%B8%AB+%E5%81%8F%E9%81%A0%E5%9C%B0%E5%8D%80+%E5%9C%A8%E8%81%B7%E8%A8%93%E7%B7%B4+%E5%B0%88%E7%A7%91+%E5%B1%B1%E5%9C%B0%E9%84%89+%E5%B1%B1%E8%83%9E+%E6%95%99%E8%82%B2%E5%BB%B3+%E6%95%99%E8%82%B2%E6%A9%9F%E6%9C%83%E5%9D%87%E7%AD%89+%E6%96%B0%E8%81%9E%E8%99%95+%E7%95%A2%E6%A5%AD%E7%94%9F+%E8%80%B3%E6%9C%B5+%E8%99%95%E9%95%B7+%E8%B3%AA%E8%A9%A2+%E9%80%B2%E4%BF%AE+%E9%AB%98%E8%81%B7+&oid=1605322 HTTP/1.1" 200 3819
66.249.71.121 - - [10/Sep/2015:05:39:21 +0800] "GET /content/nav/relationSubject.jsp?relationWords=%E5%B7%A6%E7%BF%BC%E7%A8%85+%E7%9B%88%E9%A4%98+%E7%A8%85%E5%8B%99+%E9%8A%80%E6%95%B8+&oid=2639111 HTTP/1.1" 200 3204
66.249.71.105 - - [10/Sep/2015:05:39:28 +0800] "GET /content/nav/relationSubject.jsp?relationWords=%E5%B7%A6%E7%BF%BC%E7%A8%85%20%E7%9B%88%E9%A4%98%20%E7%A8%85%E5%8B%99%20%E9%8A%80%E6%95%B8%20&oid=2639111 HTTP/1.1" 200 3204
66.249.71.105 - - [10/Sep/2015:05:39:39 +0800] "GET /content/nav/relationSubject.jsp?relationWords=&oid=2598573 HTTP/1.1" 200 1405
66.249.71.121 - - [10/Sep/2015:05:39:46 +0800] "GET /content/nav/relationSubject.jsp?relationWords=%E4%BA%94%E7%A9%80+%E8%80%A4%E7%94%B0+%E9%A0%86%E5%A4%A9+%E9%A0%86%E5%A4%A9%E5%BA%9C+&oid=2514241 HTTP/1.1" 200 3213
66.249.71.229 - - [10/Sep/2015:05:39:55 +0800] "GET /content/pictures/picture_content.jsp?oid=33554814 HTTP/1.1" 200 27631
66.249.71.121 - - [10/Sep/2015:05:39:55 +0800] "GET /content/nav/relationSubject.jsp?relationWords=%E4%BA%94%E7%A9%80%20%E8%80%A4%E7%94%B0%20%E9%A0%86%E5%A4%A9%20%E9%A0%86%E5%A4%A9%E5%BA%9C%20&oid=2514241 HTTP/1.1" 200 3213
106.38.241.163 - - [10/Sep/2015:05:40:44 +0800] "GET /content/repository/resource_content.jsp?oid=523997&queryType=qc HTTP/1.1" 200 35638
66.249.71.239 - - [10/Sep/2015:05:40:59 +0800] "GET /content/repository/resource_content.jsp?oid=1893683 HTTP/1.1" 200 28387
106.38.241.163 - - [10/Sep/2015:05:41:10 +0800] "GET /content/repository/resource_content.jsp?oid=1124521&queryType=qc HTTP/1.1" 200 36080
106.38.241.163 - - [10/Sep/2015:05:42:18 +0800] "GET /content/tmp_exh/resource_content.jsp?oid=16777712&queryType=qc%201921 HTTP/1.1" 200 32378
66.249.71.249 - - [10/Sep/2015:05:42:25 +0800] "GET /content/nav/relationSubject.jsp?relationWords=%E5%85%AC%E5%B8%91+&oid=1608074 HTTP/1.1" 200 4310
66.249.71.239 - - [10/Sep/2015:05:42:32 +0800] "GET /content/nav/relationSubject.jsp?relationWords=%E5%85%AC%E5%B8%91%20&oid=1608074 HTTP/1.1" 200 4310
66.249.71.121 - - [10/Sep/2015:05:42:47 +0800] "GET /content/nav/relationSubject.jsp?relationWords=%E5%B7%A5%E9%83%A8+&oid=3125066 HTTP/1.1" 200 3068
66.249.71.121 - - [10/Sep/2015:05:42:51 +0800] "GET /content/nav/relationSubject.jsp?relationWords=%E5%B7%A5%E9%83%A8%20&oid=3125066 HTTP/1.1" 200 3068
66.249.79.127 - - [10/Sep/2015:05:43:22 +0800] "GET /content/nav/relationSubject.jsp?relationWords=%E6%8E%92%E7%81%A3%E6%97%8F%E5%A9%9A%E7%A6%AE+%E7%94%9F%E5%91%BD%E5%84%80%E7%A6%AE+&oid=1773696 HTTP/1.1" 200 3118
66.249.71.121 - - [10/Sep/2015:05:43:28 +0800] "GET /content/nav/relationSubject.jsp?relationWords=%E6%8E%92%E7%81%A3%E6%97%8F%E5%A9%9A%E7%A6%AE%20%E7%94%9F%E5%91%BD%E5%84%80%E7%A6%AE%20&oid=1773696 HTTP/1.1" 200 3118
66.249.71.121 - - [10/Sep/2015:05:43:32 +0800] "GET /content/nav/relationSubject.jsp?relationWords=%E5%8A%AB%E6%A1%88+%E5%90%8F%E9%83%A8+%E7%9F%A5%E5%B7%9E+%E9%80%A3%E5%8A%AB+&oid=2646629 HTTP/1.1" 200 3206
66.249.71.105 - - [10/Sep/2015:05:43:38 +0800] "GET /content/nav/relationSubject.jsp?relationWords=%E5%8A%AB%E6%A1%88%20%E5%90%8F%E9%83%A8%20%E7%9F%A5%E5%B7%9E%20%E9%80%A3%E5%8A%AB%20&oid=2646629 HTTP/1.1" 200 3206
66.249.79.195 - - [10/Sep/2015:05:44:27 +0800] "GET /content/subject/resource_content.jsp?oid=16777818&queryString=%E5%B7%A1%E7%8B%A9%20%E7%8E%8B%E8%88%B9%20%E9%96%8B%E5%85%89 HTTP/1.1" 200 39769
207.46.13.146 - - [10/Sep/2015:05:44:50 +0800] "GET /content/nav/relationSubject.jsp?relationWords=%E7%A9%97%E8%8A%B1%E5%B1%B1%E5%A5%88+%E9%87%8E%E8%96%91%E8%8A%B1+&oid=16777263 HTTP/1.1" 200 3284
1.168.28.18 - - [10/Sep/2015:05:45:31 +0800] "GET /content/subject/resource_content.jsp?oid=16797240&queryType=qc HTTP/1.1" 200 42460
1.168.28.18 - - [10/Sep/2015:05:45:32 +0800] "GET /content/nav/relationSubject.jsp?relationWords=&oid=16797240 HTTP/1.1" 200 1405
66.249.79.200 - - [10/Sep/2015:05:45:39 +0800] "GET /content/nav/relationSubject.jsp?relationWords=%E5%93%A8%E6%8E%A2+%E5%93%A8%E6%8E%A2%E5%A4%B7+%E5%A4%B7%E6%83%85+&oid=2544958 HTTP/1.1" 200 3130
66.249.71.229 - - [10/Sep/2015:05:45:45 +0800] "GET /content/nav/relationSubject.jsp?relationWords=%E5%93%A8%E6%8E%A2%20%E5%93%A8%E6%8E%A2%E5%A4%B7%20%E5%A4%B7%E6%83%85%20&oid=2544958 HTTP/1.1" 200 3130
66.249.71.239 - - [10/Sep/2015:05:46:37 +0800] "GET /content/nav/relationSubject.jsp?relationWords=%E5%90%8F%E9%83%A8+%E5%A5%89%E8%AB%AD+&oid=2641720 HTTP/1.1" 200 3121
66.249.71.249 - - [10/Sep/2015:05:46:43 +0800] "GET /content/nav/relationSubject.jsp?relationWords=%E5%90%8F%E9%83%A8%20%E5%A5%89%E8%AB%AD%20&oid=2641720 HTTP/1.1" 200 3121
66.249.79.121 - - [10/Sep/2015:05:47:06 +0800] "GET /content/nav/relationSubject.jsp?relationWords=%E4%B8%AD%E5%9C%8B%E5%A4%A7%E9%99%B8%E5%9C%B0%E5%9C%96+%E9%AB%98%E6%9D%91+&oid=201925 HTTP/1.1" 200 3364
66.249.71.105 - - [10/Sep/2015:05:47:11 +0800] "GET /content/nav/relationSubject.jsp?relationWords=%E4%B8%AD%E5%9C%8B%E5%A4%A7%E9%99%B8%E5%9C%B0%E5%9C%96%20%E9%AB%98%E6%9D%91%20&oid=201925 HTTP/1.1" 200 3364
66.249.71.113 - - [10/Sep/2015:05:47:22 +0800] "GET /content/nav/relationSubject.jsp?relationWords=%E5%90%91%E5%A4%A9%E8%99%8E+%E5%A4%A7%E9%A0%AD%E4%B8%81+%E6%97%A5%E6%9C%AC%E7%9E%BB%E6%98%9F%E9%AD%9A+%E7%9C%BC%E9%8F%A1%E9%AD%9A+%E7%9E%BB%E6%98%9F%E9%AD%9A+&oid=15909 HTTP/1.1" 200 3621
66.249.71.121 - - [10/Sep/2015:05:47:23 +0800] "GET /content/nav/relationSubject.jsp?relationWords=%E4%B8%AD%E6%9B%B8%E4%BA%8B+%E6%BC%A2%E7%A5%A8+%E7%A5%A8%E7%B0%BD+&oid=2654060 HTTP/1.1" 200 3181
66.249.71.105 - - [10/Sep/2015:05:47:28 +0800] "GET /content/nav/relationSubject.jsp?relationWords=%E5%90%91%E5%A4%A9%E8%99%8E%20%E5%A4%A7%E9%A0%AD%E4%B8%81%20%E6%97%A5%E6%9C%AC%E7%9E%BB%E6%98%9F%E9%AD%9A%20%E7%9C%BC%E9%8F%A1%E9%AD%9A%20%E7%9E%BB%E6%98%9F%E9%AD%9A%20&oid=15909 HTTP/1.1" 200 3621
66.249.79.121 - - [10/Sep/2015:05:47:29 +0800] "GET /content/nav/relationSubject.jsp?relationWords=%E4%B8%AD%E6%9B%B8%E4%BA%8B%20%E6%BC%A2%E7%A5%A8%20%E7%A5%A8%E7%B0%BD%20&oid=2654060 HTTP/1.1" 200 3181
66.249.71.113 - - [10/Sep/2015:05:47:44 +0800] "GET /content/nav/relationSubject.jsp?relationWords=%E5%B7%A1%E6%8C%89+%E5%B7%A1%E6%8C%89%E4%BD%BF+%E6%BA%AB%E5%AE%97%E5%A0%AF+&oid=653852 HTTP/1.1" 200 3196
66.249.71.105 - - [10/Sep/2015:05:47:49 +0800] "GET /content/nav/relationSubject.jsp?relationWords=%E5%B7%A1%E6%8C%89%20%E5%B7%A1%E6%8C%89%E4%BD%BF%20%E6%BA%AB%E5%AE%97%E5%A0%AF%20&oid=653852 HTTP/1.1" 200 3196
66.249.71.239 - - [10/Sep/2015:05:47:59 +0800] "GET /content/nav/relationSubject.jsp?relationWords=&oid=1559440 HTTP/1.1" 200 1405
106.38.241.163 - - [10/Sep/2015:05:48:01 +0800] "GET /content/subject/resource_content.jsp?oid=16777709&queryType=qc HTTP/1.1" 200 27617
66.249.71.226 - - [10/Sep/2015:05:48:01 +0800] "GET /content/repository/resource_content.jsp?oid=3813864&queryString=%E5%A4%A7%E9%87%91%E6%98%9F%E8%95%A8%20%E5%A4%A7%E9%87%91%E6%98%9F%E8%95%A8%E5%B1%AC%20%E6%A4%8D%E7%89%A9%E7%95%8C%20%E6%B0%B4%E9%BE%8D%E9%AA%A8%20%E8%95%A8%E9%A1%9E%E6%A4%8D%E7%89%A9%20%E9%87%91%E6%98%9F%E8%95%A8 HTTP/1.1" 200 31392
106.38.241.163 - - [10/Sep/2015:05:48:18 +0800] "GET /content/subject/resource_content.jsp?oid=16777641&queryType=qc HTTP/1.1" 200 49686
106.38.241.163 - - [10/Sep/2015:05:48:34 +0800] "GET /digiarch_en/content/tmp_exh/resource_content.jsp?oid=16777827&queryType=qc HTTP/1.1" 200 28836
66.249.71.229 - - [10/Sep/2015:05:48:39 +0800] "GET /content/nav/relationSubject.jsp?relationWords=%E6%96%B0%E6%95%99+&oid=1611046 HTTP/1.1" 200 4064
66.249.71.105 - - [10/Sep/2015:05:48:40 +0800] "GET /content/nav/relationSubject.jsp?relationWords=&oid=2600128 HTTP/1.1" 200 1405
66.249.79.200 - - [10/Sep/2015:05:48:44 +0800] "GET /content/nav/relationSubject.jsp?relationWords=%E6%96%B0%E6%95%99%20&oid=1611046 HTTP/1.1" 200 4064
106.38.241.163 - - [10/Sep/2015:05:48:49 +0800] "GET /content/subject/resource_content.jsp?oid=16777637&queryType=qc HTTP/1.1" 200 26092
66.249.79.207 - - [10/Sep/2015:05:48:54 +0800] "GET /content/nav/relationSubject.jsp?relationWords=%E5%9C%B0%E6%96%B9%E6%B3%95%E9%99%A2+%E6%94%AF%E6%8B%82+%E6%98%8E%E4%BF%A1%E7%89%87+%E6%9D%9C%E9%A6%99+%E6%9D%9C%E9%A6%99%E5%9C%8B+%E6%B3%95%E9%99%A2+%E8%87%BA%E4%B8%AD%E5%9C%B0%E6%96%B9%E6%B3%95%E9%99%A2+&oid=1887684 HTTP/1.1" 200 4500
66.249.79.193 - - [10/Sep/2015:05:48:58 +0800] "GET /content/nav/relationSubject.jsp?relationWords=%E5%9C%B0%E6%96%B9%E6%B3%95%E9%99%A2%20%E6%94%AF%E6%8B%82%20%E6%98%8E%E4%BF%A1%E7%89%87%20%E6%9D%9C%E9%A6%99%20%E6%9D%9C%E9%A6%99%E5%9C%8B%20%E6%B3%95%E9%99%A2%20%E8%87%BA%E4%B8%AD%E5%9C%B0%E6%96%B9%E6%B3%95%E9%99%A2%20&oid=1887684 HTTP/1.1" 200 4500
66.249.71.121 - - [10/Sep/2015:05:48:59 +0800] "GET /content/nav/relationSubject.jsp?relationWords=%E5%9C%9F%E5%9C%B0%E6%94%BF%E7%AD%96+&oid=1546143 HTTP/1.1" 200 7174
106.38.241.163 - - [10/Sep/2015:05:49:08 +0800] "GET /digiarch_en/content/tmp_exh/resource_content.jsp?oid=16777800&queryType=qc HTTP/1.1" 200 26324
66.249.79.200 - - [10/Sep/2015:05:49:08 +0800] "GET /content/subject/resource_content.jsp?oid=16777630&queryType=qs&queryString=%E6%9E%97%E7%8D%BB%E5%A0%82 HTTP/1.1" 200 64908
66.249.71.121 - - [10/Sep/2015:05:49:08 +0800] "GET /content/nav/relationSubject.jsp?relationWords=%E5%9C%9F%E5%9C%B0%E6%94%BF%E7%AD%96%20&oid=1546143 HTTP/1.1" 200 7174
66.249.79.67 - - [10/Sep/2015:05:49:09 +0800] "GET /content/nav/relationSubject.jsp?relationWords=%E5%85%83%E6%97%A6+%E7%A6%AE%E9%83%A8+&oid=2667736 HTTP/1.1" 200 3984
66.249.71.54 - - [10/Sep/2015:05:49:14 +0800] "GET /content/nav/relationSubject.jsp?relationWords=%E5%85%83%E6%97%A6%20%E7%A6%AE%E9%83%A8%20&oid=2667736 HTTP/1.1" 200 3984
42.70.225.16 - - [10/Sep/2015:05:49:28 +0800] "GET /content/nav/relationSubject.jsp?relationWords=%E8%A5%BF%E8%9E%BA%E5%A4%A7%E6%A9%8B+&oid=16777581 HTTP/1.1" 200 8161
68.180.228.24 - - [10/Sep/2015:05:50:07 +0800] "GET /content/subject/resource_content.jsp?oid=16777295&queryType=qc HTTP/1.1" 200 28484
66.249.79.121 - - [10/Sep/2015:05:50:30 +0800] "GET /content/nav/relationSubject.jsp?relationWords=%E5%B0%9A%E5%8B%87+%E6%95%99%E8%82%B2%E4%BA%BA%E5%93%A1+%E6%95%99%E8%82%B2%E5%BB%B3+%E7%A4%BE%E6%9C%83%E6%95%99%E8%82%B2+%E7%B5%90%E8%AA%9E+&oid=1624813 HTTP/1.1" 200 4634
111.206.36.139 - - [10/Sep/2015:05:50:31 +0800] "GET /content/repository/resource_content.jsp?oid=2542280 HTTP/1.1" 200 28729
66.249.71.113 - - [10/Sep/2015:05:50:38 +0800] "GET /content/nav/relationSubject.jsp?relationWords=%E5%B0%9A%E5%8B%87%20%E6%95%99%E8%82%B2%E4%BA%BA%E5%93%A1%20%E6%95%99%E8%82%B2%E5%BB%B3%20%E7%A4%BE%E6%9C%83%E6%95%99%E8%82%B2%20%E7%B5%90%E8%AA%9E%20&oid=1624813 HTTP/1.1" 200 4634
123.125.67.208 - - [10/Sep/2015:05:50:50 +0800] "GET /content/repository/resource_content.jsp?oid=588258 HTTP/1.1" 200 28417
123.125.67.208 - - [10/Sep/2015:05:50:50 +0800] "GET /content/repository/resource_content.jsp?oid=4363203 HTTP/1.1" 200 28796
123.125.67.207 - - [10/Sep/2015:05:50:55 +0800] "GET /content/repository/resource_content.jsp?oid=1078358 HTTP/1.1" 200 29511
123.125.67.206 - - [10/Sep/2015:05:50:59 +0800] "GET /content/repository/resource_content.jsp?oid=1826448 HTTP/1.1" 200 28175
157.55.39.90 - - [10/Sep/2015:05:52:25 +0800] "GET /content/nav/relationSubject.jsp?relationWords=%E9%BB%83%E6%A7%90+&oid=16777364 HTTP/1.1" 200 2681
66.249.79.207 - - [10/Sep/2015:05:52:32 +0800] "GET /content/subject/resource_content.jsp?oid=16777531&queryString=%E4%BD%9C%E5%86%8A%E5%A4%A7%E6%96%B9%E9%BC%8E%20%E5%A4%A7%E9%BC%8E HTTP/1.1" 200 42186
66.249.71.105 - - [10/Sep/2015:05:53:30 +0800] "GET /content/nav/relationSubject.jsp?relationWords=%E8%B5%B7%E5%B1%85%E6%B3%A8+&oid=2679585 HTTP/1.1" 200 3144
111.206.36.15 - - [10/Sep/2015:05:53:31 +0800] "GET /content/repository/resource_content.jsp?oid=2684301&queryType=qs&queryString=%E5%AF%94%E6%83%85 HTTP/1.1" 200 29956
66.249.71.121 - - [10/Sep/2015:05:53:36 +0800] "GET /content/nav/relationSubject.jsp?relationWords=%E8%B5%B7%E5%B1%85%E6%B3%A8%20&oid=2679585 HTTP/1.1" 200 3144
66.249.71.239 - - [10/Sep/2015:05:53:40 +0800] "GET /content/repository/resource_content.jsp?oid=1783111&queryString=%E6%B3%B0%E9%9B%85%E6%97%8F%20%E9%85%92%E5%99%A8 HTTP/1.1" 200 28219
66.249.79.200 - - [10/Sep/2015:05:54:54 +0800] "GET /digiarch_en/content/repository/resource_content.jsp?oid=3811607&queryString=%E5%88%BA%E6%A1%90%20%E6%A4%8D%E7%89%A9%E7%95%8C%20%E8%A0%B6%E8%B1%86%20%E9%9B%99%E5%AD%90%E8%91%89%E6%A4%8D%E7%89%A9 HTTP/1.1" 200 23482
66.249.71.239 - - [10/Sep/2015:05:55:59 +0800] "GET /content/repository/resource_content.jsp?oid=1592681 HTTP/1.1" 200 28647
106.38.241.163 - - [10/Sep/2015:05:56:06 +0800] "GET /content/subject/resource_content.jsp?oid=16777360&queryType=qc HTTP/1.1" 200 45942
66.249.71.196 - - [10/Sep/2015:05:56:16 +0800] "GET /content/nav/relationSubject.jsp?relationWords=%E5%8F%83%E7%96%8F%E9%98%B2%E6%AD%A6%E8%81%B7+%E6%AD%A6%E8%81%B7+%E7%96%8F%E9%98%B2+%E9%98%B2%E6%AD%A6%E8%81%B7+&oid=2521598 HTTP/1.1" 200 4587
66.249.79.186 - - [10/Sep/2015:05:56:18 +0800] "GET /content/nav/relationSubject.jsp?relationWords=%E5%8F%83%E7%96%8F%E9%98%B2%E6%AD%A6%E8%81%B7%20%E6%AD%A6%E8%81%B7%20%E7%96%8F%E9%98%B2%20%E9%98%B2%E6%AD%A6%E8%81%B7%20&oid=2521598 HTTP/1.1" 200 4587
157.55.39.173 - - [10/Sep/2015:05:56:30 +0800] "GET /content/nav/relationSubject.jsp?relationWords=%E7%A9%97%E8%8A%B1%E5%B1%B1%E5%A5%88+%E9%87%8E%E8%96%91%E8%8A%B1+&oid=16777263 HTTP/1.1" 200 3284
66.249.79.193 - - [10/Sep/2015:05:57:09 +0800] "GET /content/repository/resource_content.jsp?oid=2546474 HTTP/1.1" 200 28960
123.125.71.84 - - [10/Sep/2015:05:58:02 +0800] "GET /content/repository/resource_content.jsp?oid=1627122 HTTP/1.1" 200 28662
66.249.79.193 - - [10/Sep/2015:05:58:12 +0800] "GET /content/nav/relationSubject.jsp?relationWords=&oid=2511017 HTTP/1.1" 200 1405
66.249.71.249 - - [10/Sep/2015:05:58:18 +0800] "GET /content/repository/resource_content.jsp?oid=1603291 HTTP/1.1" 200 29150
66.249.71.229 - - [10/Sep/2015:05:59:26 +0800] "GET /content/repository/resource_content.jsp?oid=1589226 HTTP/1.1" 200 29436
66.249.71.229 - - [10/Sep/2015:05:59:31 +0800] "GET /content/nav/relationSubject.jsp?relationWords=%E6%95%99%E8%82%B2%E4%BA%BA%E5%93%A1+&oid=1632663 HTTP/1.1" 200 3662
66.249.71.229 - - [10/Sep/2015:05:59:38 +0800] "GET /content/nav/relationSubject.jsp?relationWords=%E6%95%99%E8%82%B2%E4%BA%BA%E5%93%A1%20&oid=1632663 HTTP/1.1" 200 3662
123.125.68.143 - - [10/Sep/2015:06:00:21 +0800] "GET /content/repository/resource_content.jsp?oid=2640953 HTTP/1.1" 200 29486
66.249.71.249 - - [10/Sep/2015:06:00:24 +0800] "GET /content/nav/relationSubject.jsp?relationWords=%E4%B8%AD%E8%85%B9+%E4%B8%AD%E8%85%B9%E8%B6%B3%E7%9B%AE+%E5%AF%B6%E8%9E%BA+%E5%AF%B6%E8%9E%BA%E5%B1%AC+%E5%AF%B6%E8%9E%BA%E7%A7%91+%E7%B4%AB%E8%8A%B1+%E7%B4%AB%E8%8A%B1%E5%AF%B6%E8%9E%BA+%E8%85%B9%E8%B6%B3%E7%B6%B1+&oid=1886870 HTTP/1.1" 200 3558
66.249.71.229 - - [10/Sep/2015:06:00:30 +0800] "GET /content/nav/relationSubject.jsp?relationWords=%E4%B8%AD%E8%85%B9%20%E4%B8%AD%E8%85%B9%E8%B6%B3%E7%9B%AE%20%E5%AF%B6%E8%9E%BA%20%E5%AF%B6%E8%9E%BA%E5%B1%AC%20%E5%AF%B6%E8%9E%BA%E7%A7%91%20%E7%B4%AB%E8%8A%B1%20%E7%B4%AB%E8%8A%B1%E5%AF%B6%E8%9E%BA%20%E8%85%B9%E8%B6%B3%E7%B6%B1%20&oid=1886870 HTTP/1.1" 200 3558
66.249.71.249 - - [10/Sep/2015:06:00:38 +0800] "GET /content/repository/resource_content.jsp?oid=1578894 HTTP/1.1" 200 28360
66.249.79.121 - - [10/Sep/2015:06:01:41 +0800] "GET /content/nav/relationSubject.jsp?relationWords=&oid=2585141 HTTP/1.1" 200 1405
66.249.71.249 - - [10/Sep/2015:06:01:45 +0800] "GET /content/repository/resource_content.jsp?oid=2654137 HTTP/1.1" 200 29905
66.249.71.206 - - [10/Sep/2015:06:02:59 +0800] "GET /content/repository/resource_content.jsp?oid=4443220&queryType=qs&queryString=%E5%8D%97%E6%94%AF%E9%82%A3 HTTP/1.1" 200 32973
66.249.71.229 - - [10/Sep/2015:06:03:08 +0800] "GET /content/nav/relationSubject.jsp?relationWords=%E4%BB%A5%E7%AC%A6%E5%AF%A6%E9%9A%9B%E6%A1%88+%E7%9C%81%E6%94%BF%E5%BA%9C+%E8%B2%A1%E6%94%BF+%E8%B2%A1%E6%94%BF%E6%94%B6%E6%94%AF+&oid=1546080 HTTP/1.1" 200 4637
66.249.79.193 - - [10/Sep/2015:06:03:10 +0800] "GET /content/nav/relationSubject.jsp?relationWords=%E4%BB%A5%E7%AC%A6%E5%AF%A6%E9%9A%9B%E6%A1%88%20%E7%9C%81%E6%94%BF%E5%BA%9C%20%E8%B2%A1%E6%94%BF%20%E8%B2%A1%E6%94%BF%E6%94%B6%E6%94%AF%20&oid=1546080 HTTP/1.1" 200 4637
66.249.79.193 - - [10/Sep/2015:06:03:12 +0800] "GET /content/nav/relationSubject.jsp?relationWords=%E5%B1%B1%E8%83%9E+%E7%B6%93%E6%BF%9F%E7%99%BC%E5%B1%95+%E8%87%BA%E7%81%A3%E7%9C%81+%E8%B3%AA%E8%A9%A2+%E9%A0%90%E7%AE%97+&oid=1603291 HTTP/1.1" 200 4513
66.249.71.239 - - [10/Sep/2015:06:03:17 +0800] "GET /content/nav/relationSubject.jsp?relationWords=%E5%B1%B1%E8%83%9E%20%E7%B6%93%E6%BF%9F%E7%99%BC%E5%B1%95%20%E8%87%BA%E7%81%A3%E7%9C%81%20%E8%B3%AA%E8%A9%A2%20%E9%A0%90%E7%AE%97%20&oid=1603291 HTTP/1.1" 200 4513
61.135.190.69 - - [10/Sep/2015:06:03:23 +0800] "GET /content/subject/resource_content.jsp?oid=16777256 HTTP/1.1" 200 37110
111.206.36.139 - - [10/Sep/2015:06:03:23 +0800] "GET /content/repository/resource_content.jsp?oid=3205168 HTTP/1.1" 200 29747
106.38.241.163 - - [10/Sep/2015:06:03:42 +0800] "GET /content/subject/resource_content.jsp?oid=16777740&queryType=qc HTTP/1.1" 200 41298
111.206.36.137 - - [10/Sep/2015:06:03:51 +0800] "GET /content/repository/resource_content.jsp?oid=4362231 HTTP/1.1" 200 30390
66.249.79.193 - - [10/Sep/2015:06:04:05 +0800] "GET /content/repository/resource_content.jsp?oid=1628620 HTTP/1.1" 200 29106
123.125.68.156 - - [10/Sep/2015:06:04:17 +0800] "GET /content/repository/resource_content.jsp?oid=1531109 HTTP/1.1" 200 30226
111.206.36.17 - - [10/Sep/2015:06:04:18 +0800] "GET /content/repository/resource_content.jsp?oid=1810244 HTTP/1.1" 200 29417
66.249.71.239 - - [10/Sep/2015:06:04:24 +0800] "GET /content/nav/relationSubject.jsp?relationWords=%E6%94%BF%E9%A2%A8+%E6%96%B7%E7%AB%A0+%E8%87%BA%E5%8C%97%E7%B8%A3%E6%94%BF%E5%BA%9C+%E8%A8%B4%E9%A1%98+%E8%B2%A1%E6%94%BF%E9%A1%9E+&oid=1589226 HTTP/1.1" 200 5718
123.125.67.152 - - [10/Sep/2015:06:04:28 +0800] "GET /digiarch_en/content/repository/resource_content.jsp?oid=14226&queryString=%E7%83%8F%E5%BF%83%E7%9F%B3%20%E9%B1%B8%E9%B0%BB HTTP/1.1" 200 27747
123.125.68.163 - - [10/Sep/2015:06:04:28 +0800] "GET /content/repository/resource_content.jsp?oid=1607496 HTTP/1.1" 200 29094
66.249.79.193 - - [10/Sep/2015:06:04:30 +0800] "GET /content/nav/relationSubject.jsp?relationWords=%E8%94%A1%E4%BB%8B%E9%9B%84+%E9%8D%BE%E7%B4%B9%E5%92%8C+%E9%BB%83%E6%B0%B8+&oid=1894158 HTTP/1.1" 200 3285
66.249.71.239 - - [10/Sep/2015:06:04:33 +0800] "GET /content/nav/relationSubject.jsp?relationWords=%E6%94%BF%E9%A2%A8%20%E6%96%B7%E7%AB%A0%20%E8%87%BA%E5%8C%97%E7%B8%A3%E6%94%BF%E5%BA%9C%20%E8%A8%B4%E9%A1%98%20%E8%B2%A1%E6%94%BF%E9%A1%9E%20&oid=1589226 HTTP/1.1" 200 5718
66.249.71.239 - - [10/Sep/2015:06:04:35 +0800] "GET /content/nav/relationSubject.jsp?relationWords=%E8%94%A1%E4%BB%8B%E9%9B%84%20%E9%8D%BE%E7%B4%B9%E5%92%8C%20%E9%BB%83%E6%B0%B8%20&oid=1894158 HTTP/1.1" 200 3285
111.206.36.132 - - [10/Sep/2015:06:04:38 +0800] "GET /content/repository/resource_content.jsp?oid=3041548 HTTP/1.1" 200 29458
66.249.71.229 - - [10/Sep/2015:06:04:40 +0800] "GET /content/nav/relationSubject.jsp?relationWords=%E5%9C%B0%E6%94%BF%E4%BA%8B%E5%8B%99%E6%89%80+%E6%88%B6%E6%94%BF%E4%BA%8B%E5%8B%99%E6%89%80+%E6%95%88%E7%8E%87+%E7%9C%81%E6%94%BF%E5%BA%9C+%E8%A1%8C%E6%94%BF%E7%AE%A1%E7%90%86+&oid=1628620 HTTP/1.1" 200 4717
66.249.71.229 - - [10/Sep/2015:06:04:45 +0800] "GET /content/nav/relationSubject.jsp?relationWords=%E5%9C%B0%E6%94%BF%E4%BA%8B%E5%8B%99%E6%89%80%20%E6%88%B6%E6%94%BF%E4%BA%8B%E5%8B%99%E6%89%80%20%E6%95%88%E7%8E%87%20%E7%9C%81%E6%94%BF%E5%BA%9C%20%E8%A1%8C%E6%94%BF%E7%AE%A1%E7%90%86%20&oid=1628620 HTTP/1.1" 200 4717
106.38.241.163 - - [10/Sep/2015:06:05:03 +0800] "GET /digiarch_en/content/pictures/picture_content.jsp?oid=33554830&queryType=qc HTTP/1.1" 200 22179
123.125.67.210 - - [10/Sep/2015:06:05:08 +0800] "GET /content/repository/resource_content.jsp?oid=1888978 HTTP/1.1" 200 29016
66.249.71.239 - - [10/Sep/2015:06:05:10 +0800] "GET /content/nav/relationSubject.jsp?relationWords=%E6%8D%90%E7%9B%A3+%E6%94%B6%E6%8D%90%E7%9B%A3+%E9%8A%80%E4%BA%8B+&oid=3123775 HTTP/1.1" 200 3166
66.249.71.206 - - [10/Sep/2015:06:05:13 +0800] "GET /content/repository/resource_content.jsp?oid=2598574&queryType=qs&queryString=%E7%9F%B3%E9%A6%99%E7%88%90 HTTP/1.1" 200 29278
106.38.241.163 - - [10/Sep/2015:06:05:17 +0800] "GET /digiarch_en/content/pictures/picture_content.jsp?oid=33554804&queryType=qc HTTP/1.1" 200 21874
123.125.67.207 - - [10/Sep/2015:06:05:26 +0800] "GET /content/repository/resource_content.jsp?oid=4364547 HTTP/1.1" 200 30202
66.249.71.239 - - [10/Sep/2015:06:05:33 +0800] "GET /content/nav/relationSubject.jsp?relationWords=%E4%BA%A4%E9%80%9A%E5%AE%89%E5%85%A8+%E5%AE%89%E5%85%A8%E6%A1%88+%E5%BB%BA%E8%88%88+%E7%85%A7%E6%98%8E%E8%A8%AD%E5%82%99+%E8%A5%BF%E8%9E%BA+%E8%A5%BF%E8%9E%BA%E5%A4%A7%E6%A9%8B+&oid=1585890 HTTP/1.1" 200 5214
66.249.71.239 - - [10/Sep/2015:06:05:38 +0800] "GET /content/nav/relationSubject.jsp?relationWords=%E4%BA%A4%E9%80%9A%E5%AE%89%E5%85%A8%20%E5%AE%89%E5%85%A8%E6%A1%88%20%E5%BB%BA%E8%88%88%20%E7%85%A7%E6%98%8E%E8%A8%AD%E5%82%99%20%E8%A5%BF%E8%9E%BA%20%E8%A5%BF%E8%9E%BA%E5%A4%A7%E6%A9%8B%20&oid=1585890 HTTP/1.1" 200 5214
106.38.241.163 - - [10/Sep/2015:06:05:48 +0800] "GET /content/tmp_exh/resource_content.jsp?oid=16777831&queryType=qc%201889 HTTP/1.1" 200 34304
106.38.241.163 - - [10/Sep/2015:06:06:03 +0800] "GET /content/tmp_exh/resource_content.jsp?oid=16777826&queryType=qc%201890 HTTP/1.1" 200 30918
66.249.71.216 - - [10/Sep/2015:06:06:06 +0800] "GET /content/repository/resource_content.jsp?oid=1896755&queryString=%E5%9C%B0%E7%B1%8D%E5%9C%96 HTTP/1.1" 200 30783
123.125.67.206 - - [10/Sep/2015:06:06:07 +0800] "GET /content/repository/resource_content.jsp?oid=2574318 HTTP/1.1" 200 29417
66.249.71.229 - - [10/Sep/2015:06:06:08 +0800] "GET /content/nav/relationSubject.jsp?relationWords=%E6%A9%84%E6%AC%96%E5%BD%A2+%E6%A9%84%E6%AC%96%E5%BD%A2%E9%AA%A8%E7%8F%A0+%E6%AC%96%E5%BD%A2%E9%AA%A8%E7%8F%A0+%E9%AA%A8%E7%8F%A0+&oid=1862795 HTTP/1.1" 200 3179
123.125.67.153 - - [10/Sep/2015:06:06:10 +0800] "GET /content/repository/resource_content.jsp?oid=1533337 HTTP/1.1" 200 29445
66.249.79.193 - - [10/Sep/2015:06:06:13 +0800] "GET /content/nav/relationSubject.jsp?relationWords=%E6%A9%84%E6%AC%96%E5%BD%A2%20%E6%A9%84%E6%AC%96%E5%BD%A2%E9%AA%A8%E7%8F%A0%20%E6%AC%96%E5%BD%A2%E9%AA%A8%E7%8F%A0%20%E9%AA%A8%E7%8F%A0%20&oid=1862795 HTTP/1.1" 200 3179
106.38.241.163 - - [10/Sep/2015:06:06:17 +0800] "GET /content/tmp_tec/resource_content.jsp?oid=16777714 HTTP/1.1" 200 38293
66.249.71.206 - - [10/Sep/2015:06:06:23 +0800] "GET /content/subject/resource_content.jsp?oid=16777818&queryType=qc HTTP/1.1" 200 38841
106.38.241.163 - - [10/Sep/2015:06:06:33 +0800] "GET /content/tmp_auth/resource_content.jsp?oid=16777681 HTTP/1.1" 200 30816
66.249.79.207 - - [10/Sep/2015:06:06:41 +0800] "GET /content/nav/relationSubject.jsp?relationWords=%E5%90%8F%E9%83%A8+&oid=2676655 HTTP/1.1" 200 3101
66.249.71.249 - - [10/Sep/2015:06:06:47 +0800] "GET /content/nav/relationSubject.jsp?relationWords=%E5%90%8F%E9%83%A8%20&oid=2676655 HTTP/1.1" 200 3101
106.38.241.163 - - [10/Sep/2015:06:06:47 +0800] "GET /digiarch_en/content/repository/resource_content.jsp?oid=1124938&queryType=qc HTTP/1.1" 200 30228
106.38.241.163 - - [10/Sep/2015:06:07:02 +0800] "GET /digiarch_en/content/repository/resource_content.jsp?oid=523561&queryType=qc HTTP/1.1" 200 27698
123.125.68.160 - - [10/Sep/2015:06:07:14 +0800] "GET /digiarch_en/content/repository/resource_content.jsp?oid=4362868&queryString=%E7%8E%89%E7%9A%87%E5%A4%A7%E5%B8%9D%20%E8%81%96%E5%A3%BD HTTP/1.1" 200 25399
68.180.228.24 - - [10/Sep/2015:06:07:15 +0800] "GET /content/repository/resource_content.jsp?oid=2145776 HTTP/1.1" 200 30817
66.249.79.127 - - [10/Sep/2015:06:07:21 +0800] "GET /content/nav/relationSubject.jsp?relationWords=%E6%9C%A8%E4%B9%83%E4%BC%8A+%E6%9C%A8%E4%B9%83%E4%BC%8A%E8%8A%8B%E8%9E%BA+%E8%85%B9%E8%B6%B3%E7%B6%B1+%E8%8A%8B%E8%9E%BA+%E8%8A%8B%E8%9E%BA%E5%B1%AC+%E8%8A%8B%E8%9E%BA%E7%A7%91+%E8%BB%9F%E9%AB%94%E5%8B%95%E7%89%A9%E9%96%80+&oid=4550465 HTTP/1.1" 200 3588
66.249.71.239 - - [10/Sep/2015:06:07:22 +0800] "GET /content/nav/relationSubject.jsp?relationWords=%E5%8F%83%E8%AD%B0%E6%9C%83+%E7%81%A3%E7%9C%81%E6%94%BF%E5%BA%9C+%E7%9C%81%E6%94%BF%E5%BA%9C+%E8%87%BA%E6%9D%B1%E7%B8%A3+%E8%87%BA%E6%9D%B1%E7%B8%A3%E5%8F%83%E8%AD%B0%E6%9C%83+%E8%87%BA%E7%81%A3%E7%9C%81+%E8%87%BA%E7%81%A3%E7%9C%81%E5%8F%83%E8%AD%B0%E6%9C%83+%E8%87%BA%E7%81%A3%E7%9C%81%E6%94%BF%E5%BA%9C+&oid=1517045 HTTP/1.1" 200 4942
111.206.36.146 - - [10/Sep/2015:06:07:23 +0800] "GET /digiarch_en/content/pictures/picture_content.jsp?oid=33554834&queryType=qc HTTP/1.1" 200 21964
66.249.71.113 - - [10/Sep/2015:06:07:26 +0800] "GET /content/nav/relationSubject.jsp?relationWords=%E6%9C%A8%E4%B9%83%E4%BC%8A%20%E6%9C%A8%E4%B9%83%E4%BC%8A%E8%8A%8B%E8%9E%BA%20%E8%85%B9%E8%B6%B3%E7%B6%B1%20%E8%8A%8B%E8%9E%BA%20%E8%8A%8B%E8%9E%BA%E5%B1%AC%20%E8%8A%8B%E8%9E%BA%E7%A7%91%20%E8%BB%9F%E9%AB%94%E5%8B%95%E7%89%A9%E9%96%80%20&oid=4550465 HTTP/1.1" 200 3588
66.249.71.249 - - [10/Sep/2015:06:07:28 +0800] "GET /content/nav/relationSubject.jsp?relationWords=%E5%8F%83%E8%AD%B0%E6%9C%83%20%E7%81%A3%E7%9C%81%E6%94%BF%E5%BA%9C%20%E7%9C%81%E6%94%BF%E5%BA%9C%20%E8%87%BA%E6%9D%B1%E7%B8%A3%20%E8%87%BA%E6%9D%B1%E7%B8%A3%E5%8F%83%E8%AD%B0%E6%9C%83%20%E8%87%BA%E7%81%A3%E7%9C%81%20%E8%87%BA%E7%81%A3%E7%9C%81%E5%8F%83%E8%AD%B0%E6%9C%83%20%E8%87%BA%E7%81%A3%E7%9C%81%E6%94%BF%E5%BA%9C%20&oid=1517045 HTTP/1.1" 200 4942
111.206.36.140 - - [10/Sep/2015:06:07:46 +0800] "GET /content/repository/resource_content.jsp?oid=1460400 HTTP/1.1" 200 30876
66.249.71.229 - - [10/Sep/2015:06:07:51 +0800] "GET /content/nav/relationSubject.jsp?relationWords=%E4%BA%A4%E9%80%9A%E9%83%A8+%E5%8C%97%E6%8A%95%E9%9B%BB%E4%BF%A1%E5%B1%80+%E9%9B%BB%E4%BF%A1+%E9%9B%BB%E4%BF%A1%E5%B1%80+%E9%9B%BB%E8%A9%B1+&oid=1530238 HTTP/1.1" 200 4357
66.249.71.249 - - [10/Sep/2015:06:07:59 +0800] "GET /content/nav/relationSubject.jsp?relationWords=%E4%BA%A4%E9%80%9A%E9%83%A8%20%E5%8C%97%E6%8A%95%E9%9B%BB%E4%BF%A1%E5%B1%80%20%E9%9B%BB%E4%BF%A1%20%E9%9B%BB%E4%BF%A1%E5%B1%80%20%E9%9B%BB%E8%A9%B1%20&oid=1530238 HTTP/1.1" 200 4357
66.249.71.121 - - [10/Sep/2015:06:08:43 +0800] "GET /content/nav/relationSubject.jsp?relationWords=%E9%A6%AC%E5%85%88%E8%92%BF%E5%B1%AC+&oid=1458045 HTTP/1.1" 200 2161
66.249.79.115 - - [10/Sep/2015:06:08:49 +0800] "GET /content/nav/relationSubject.jsp?relationWords=%E9%A6%AC%E5%85%88%E8%92%BF%E5%B1%AC%20&oid=1458045 HTTP/1.1" 200 2161
123.125.67.210 - - [10/Sep/2015:06:09:35 +0800] "GET /content/repository/resource_content.jsp?oid=603052 HTTP/1.1" 200 28485
123.125.67.152 - - [10/Sep/2015:06:09:37 +0800] "GET /content/subject/resource_content.jsp?oid=16777360&queryType=qc HTTP/1.1" 200 45942
123.125.67.215 - - [10/Sep/2015:06:09:42 +0800] "GET /content/repository/resource_content.jsp?oid=1852529 HTTP/1.1" 200 30072
66.249.71.216 - - [10/Sep/2015:06:09:47 +0800] "GET /content/nav/relationSubject.jsp?relationWords=&oid=2598574 HTTP/1.1" 200 1405
66.249.71.239 - - [10/Sep/2015:06:09:50 +0800] "GET /content/repository/resource_content.jsp?oid=16365 HTTP/1.1" 200 34224
66.249.79.121 - - [10/Sep/2015:06:09:58 +0800] "GET /content/nav/relationSubject.jsp?relationWords=%E9%A9%9B%E7%AB%99+&oid=2657631 HTTP/1.1" 200 4860
66.249.71.113 - - [10/Sep/2015:06:09:59 +0800] "GET /content/nav/relationSubject.jsp?relationWords=%E5%AE%88%E5%82%99%E4%BA%8B+&oid=2551213 HTTP/1.1" 200 3090
66.249.79.127 - - [10/Sep/2015:06:10:04 +0800] "GET /content/nav/relationSubject.jsp?relationWords=%E5%AE%88%E5%82%99%E4%BA%8B%20&oid=2551213 HTTP/1.1" 200 3090
66.249.71.121 - - [10/Sep/2015:06:10:06 +0800] "GET /content/nav/relationSubject.jsp?relationWords=%E9%A9%9B%E7%AB%99%20&oid=2657631 HTTP/1.1" 200 4860
123.125.68.187 - - [10/Sep/2015:06:10:12 +0800] "GET /content/repository/resource_content.jsp?oid=197667 HTTP/1.1" 200 29819
111.206.36.146 - - [10/Sep/2015:06:10:22 +0800] "GET /content/subject/resource_content.jsp?oid=16777418&queryType=qc HTTP/1.1" 200 36604
66.249.71.239 - - [10/Sep/2015:06:10:56 +0800] "GET /content/nav/relationSubject.jsp?relationWords=%E6%BB%95%E7%B8%A3+&oid=1832548 HTTP/1.1" 200 3033
66.249.71.239 - - [10/Sep/2015:06:11:02 +0800] "GET /content/nav/relationSubject.jsp?relationWords=%E6%BB%95%E7%B8%A3%20&oid=1832548 HTTP/1.1" 200 3033
123.125.67.208 - - [10/Sep/2015:06:11:15 +0800] "GET /content/repository/resource_content.jsp?oid=3812616 HTTP/1.1" 200 31616
66.249.71.113 - - [10/Sep/2015:06:11:16 +0800] "GET /content/nav/relationSubject.jsp?relationWords=%E4%B8%BB%E7%B0%BF+%E7%8E%8B%E5%A4%A2%E9%BA%9F+&oid=3127881 HTTP/1.1" 200 3140
66.249.71.121 - - [10/Sep/2015:06:11:22 +0800] "GET /content/nav/relationSubject.jsp?relationWords=%E4%B8%BB%E7%B0%BF%20%E7%8E%8B%E5%A4%A2%E9%BA%9F%20&oid=3127881 HTTP/1.1" 200 3140
66.249.71.249 - - [10/Sep/2015:06:11:26 +0800] "GET /content/nav/relationSubject.jsp?relationWords=%E6%B0%B4%E6%AF%8D%E9%AF%A7+&oid=16365 HTTP/1.1" 200 3326
123.125.68.162 - - [10/Sep/2015:06:11:30 +0800] "GET /content/repository/resource_content.jsp?oid=4353436 HTTP/1.1" 200 37097
123.125.68.178 - - [10/Sep/2015:06:11:35 +0800] "GET /content/repository/resource_content.jsp?oid=586366 HTTP/1.1" 200 28553
123.125.68.151 - - [10/Sep/2015:06:11:35 +0800] "GET /content/repository/resource_content.jsp?oid=1843507 HTTP/1.1" 200 28776
123.125.68.166 - - [10/Sep/2015:06:11:35 +0800] "GET /content/subject/resource_content.jsp?oid=16797294&queryType=qc HTTP/1.1" 200 45274
123.125.67.210 - - [10/Sep/2015:06:11:38 +0800] "GET /content/repository/resource_content.jsp?oid=1594441 HTTP/1.1" 200 28640
66.249.71.239 - - [10/Sep/2015:06:11:46 +0800] "GET /content/nav/relationSubject.jsp?relationWords=%E6%B0%B4%E6%AF%8D%E9%AF%A7%20&oid=16365 HTTP/1.1" 200 3326
123.125.71.18 - - [10/Sep/2015:06:11:52 +0800] "GET /content/repository/resource_content.jsp?oid=596840 HTTP/1.1" 200 28593
66.249.71.121 - - [10/Sep/2015:06:12:03 +0800] "GET /content/nav/relationSubject.jsp?relationWords=&oid=2596822 HTTP/1.1" 200 1405
123.125.68.147 - - [10/Sep/2015:06:12:04 +0800] "GET /content/repository/resource_content.jsp?oid=2577665 HTTP/1.1" 200 29331
66.249.71.229 - - [10/Sep/2015:06:12:09 +0800] "GET /content/subject/resource_content.jsp?oid=16777738&queryString=%E5%8F%A4%E8%AC%A0%20%E5%A5%BD%E8%8C%B6%20%E7%A5%AD%E5%84%80%20%E8%B1%90%E5%B9%B4%E7%A5%AD%20%E9%AD%AF%E5%87%B1%20%E9%AD%AF%E5%87%B1%E6%97%8F HTTP/1.1" 200 50797
220.181.108.152 - - [10/Sep/2015:06:12:12 +0800] "GET /content/nav/relationSubject.jsp?relationWords=%E4%BA%AC%E6%B4%A5+%E6%B5%A6%E8%B7%AF+%E8%91%A1%E4%BD%BF+%E8%B2%A8%E9%81%8B+&oid=596840 HTTP/1.1" 200 3656
106.38.241.163 - - [10/Sep/2015:06:12:27 +0800] "GET /content/tmp_tec/resource_content.jsp?oid=16777710 HTTP/1.1" 200 27195
123.125.67.208 - - [10/Sep/2015:06:12:28 +0800] "GET /content/repository/resource_content.jsp?oid=595439 HTTP/1.1" 200 28522
123.125.68.166 - - [10/Sep/2015:06:12:28 +0800] "GET /content/repository/resource_content.jsp?oid=1841592 HTTP/1.1" 200 28374
123.125.68.162 - - [10/Sep/2015:06:12:28 +0800] "GET /content/repository/resource_content.jsp?oid=1816565 HTTP/1.1" 200 31228
61.135.190.199 - - [10/Sep/2015:06:12:30 +0800] "GET /content/repository/resource_content.jsp?oid=603829 HTTP/1.1" 200 28480
123.125.68.139 - - [10/Sep/2015:06:12:30 +0800] "GET /content/repository/resource_content.jsp?oid=1098959 HTTP/1.1" 200 30899
66.249.79.207 - - [10/Sep/2015:06:12:33 +0800] "GET /content/nav/relationSubject.jsp?relationWords=%E6%B3%B0%E9%9B%85%E6%97%8F+%E6%BF%BE%E9%85%92%E5%99%A8+%E9%85%92%E5%99%A8+&oid=1783111 HTTP/1.1" 200 4132
66.249.71.229 - - [10/Sep/2015:06:12:39 +0800] "GET /content/nav/relationSubject.jsp?relationWords=%E6%B3%B0%E9%9B%85%E6%97%8F%20%E6%BF%BE%E9%85%92%E5%99%A8%20%E9%85%92%E5%99%A8%20&oid=1783111 HTTP/1.1" 200 4132
66.249.71.121 - - [10/Sep/2015:06:12:47 +0800] "GET /content/nav/relationSubject.jsp?relationWords=%E5%9C%8B%E5%9C%96+%E5%9C%B0%E7%90%83%E7%A7%91%E5%AD%B8+%E5%9C%B0%E8%B3%AA%E5%AD%B8+%E5%A4%A7%E9%9C%87+%E5%A4%A7%E9%9C%87%E7%81%BD+&oid=1078435 HTTP/1.1" 200 8083
111.206.36.147 - - [10/Sep/2015:06:12:48 +0800] "GET /digiarch_en/content/repository/resource_content.jsp?oid=1888235&queryString=%E6%96%BD%E8%A1%8C%E6%A1%88%20%E6%9D%8E%E5%8D%BF%E9%9B%B2%20%E6%9D%8E%E6%99%A8%E9%90%98%20%E6%9E%97%E9%B6%B4%E5%B9%B4%20%E6%A5%8A%E8%82%87%E5%98%89 HTTP/1.1" 200 24021
66.249.79.127 - - [10/Sep/2015:06:12:55 +0800] "GET /content/nav/relationSubject.jsp?relationWords=%E5%9C%8B%E5%9C%96%20%E5%9C%B0%E7%90%83%E7%A7%91%E5%AD%B8%20%E5%9C%B0%E8%B3%AA%E5%AD%B8%20%E5%A4%A7%E9%9C%87%20%E5%A4%A7%E9%9C%87%E7%81%BD%20&oid=1078435 HTTP/1.1" 200 8083
66.249.71.229 - - [10/Sep/2015:06:13:10 +0800] "GET /content/nav/relationSubject.jsp?relationWords=%E4%BA%9E%E9%81%8B+%E4%BA%9E%E9%81%8B%E6%9C%83+%E7%B4%80%E6%94%BF+%E9%AB%94%E8%82%B2+&oid=1613491 HTTP/1.1" 200 8373
66.249.71.249 - - [10/Sep/2015:06:13:18 +0800] "GET /content/repository/resource_content.jsp?oid=1811454 HTTP/1.1" 200 28695
66.249.71.229 - - [10/Sep/2015:06:13:18 +0800] "GET /content/nav/relationSubject.jsp?relationWords=%E4%BA%9E%E9%81%8B%20%E4%BA%9E%E9%81%8B%E6%9C%83%20%E7%B4%80%E6%94%BF%20%E9%AB%94%E8%82%B2%20&oid=1613491 HTTP/1.1" 200 8373
66.249.71.113 - - [10/Sep/2015:06:13:26 +0800] "GET /content/nav/relationSubject.jsp?relationWords=&oid=2685277 HTTP/1.1" 200 1405
61.135.190.72 - - [10/Sep/2015:06:13:46 +0800] "GET /content/repository/resource_content.jsp?oid=2646217 HTTP/1.1" 200 29902
66.249.71.229 - - [10/Sep/2015:06:13:53 +0800] "GET /content/nav/relationSubject.jsp?relationWords=&oid=1584859 HTTP/1.1" 200 1405
123.125.68.168 - - [10/Sep/2015:06:14:03 +0800] "GET /content/repository/resource_content.jsp?oid=4352969 HTTP/1.1" 200 35173
111.206.36.140 - - [10/Sep/2015:06:14:10 +0800] "GET /content/repository/resource_content.jsp?oid=1813703&queryString=%E5%A4%A7%E9%BC%8E+ HTTP/1.1" 200 29243
111.206.36.8 - - [10/Sep/2015:06:14:11 +0800] "GET /content/repository/resource_content.jsp?oid=1816033 HTTP/1.1" 200 34731
111.206.36.133 - - [10/Sep/2015:06:14:13 +0800] "GET /content/repository/resource_content.jsp?oid=1827802 HTTP/1.1" 200 28625
111.206.36.19 - - [10/Sep/2015:06:14:19 +0800] "GET /content/repository/resource_content.jsp?oid=2605709 HTTP/1.1" 200 29098
123.125.68.177 - - [10/Sep/2015:06:14:22 +0800] "GET /digiarch_en/content/subject/resource_content.jsp?oid=16777395&queryType=qc HTTP/1.1" 200 29084
66.249.71.239 - - [10/Sep/2015:06:14:27 +0800] "GET /content/repository/resource_content.jsp?oid=1782489 HTTP/1.1" 200 28354
66.249.79.115 - - [10/Sep/2015:06:14:30 +0800] "GET /content/nav/relationSubject.jsp?relationWords=%E5%8F%83%E7%B8%A3%E5%AE%98+%E5%B7%A1%E6%92%AB+%E8%AB%B1%E7%9B%9C+&oid=2522207 HTTP/1.1" 200 3169
66.249.79.127 - - [10/Sep/2015:06:14:35 +0800] "GET /content/nav/relationSubject.jsp?relationWords=%E5%8F%83%E7%B8%A3%E5%AE%98%20%E5%B7%A1%E6%92%AB%20%E8%AB%B1%E7%9B%9C%20&oid=2522207 HTTP/1.1" 200 3169
66.249.71.229 - - [10/Sep/2015:06:14:40 +0800] "GET /content/nav/relationSubject.jsp?relationWords=%E5%85%A9%E7%95%B6+%E5%88%B6%E6%9C%8D+%E5%93%A1%E5%B7%A5%E5%88%B6%E6%9C%8D+%E6%A0%B8%E5%AD%90+%E6%A0%B8%E5%AD%90%E6%AD%A6%E5%99%A8+%E6%B4%A5%E8%B2%BC+%E8%87%BA%E5%8C%97%E5%B8%82+%E8%B2%A8%E9%81%8B+&oid=1553664 HTTP/1.1" 200 4583
