66.249.71.229 - - [27/Sep/2015:05:06:14 +0800] "GET /content/nav/relationSubject.jsp?relationWords=%E4%BB%A4%E7%AF%80%20&oid=2524222 HTTP/1.1" 200 4421
66.249.71.239 - - [27/Sep/2015:05:06:30 +0800] "GET /content/subject/resource_content.jsp?oid=16777640&queryString=%E6%9E%97%E7%8D%BB%E5%A0%82%20%E7%81%8C%E5%9C%92%E5%85%88%E7%94%9F%20%E9%9C%A7%E5%B3%B0 HTTP/1.1" 200 61904
68.180.228.24 - - [27/Sep/2015:05:06:56 +0800] "GET /content/subject/resource_content.jsp?oid=16797291&queryType=qc HTTP/1.1" 200 51028
66.249.71.229 - - [27/Sep/2015:05:07:09 +0800] "GET /content/nav/relationSubject.jsp?relationWords=%E6%9C%83%E8%AD%B0%E7%B4%80%E9%8C%84+%E6%B0%91%E6%94%BF%E9%83%A8+&oid=1536239 HTTP/1.1" 200 4302
66.249.79.193 - - [27/Sep/2015:05:07:13 +0800] "GET /content/subject/resource_content.jsp?oid=16777649&queryType=qs&queryString=%E5%8F%83%E8%AD%B0%E6%9C%83 HTTP/1.1" 200 54666
182.118.22.142 - - [27/Sep/2015:05:07:16 +0800] "GET /content/tmp_auth/resource_content.jsp?oid=16777365 HTTP/1.1" 200 31162
114.26.119.104 - - [27/Sep/2015:05:07:33 +0800] "GET /content/nav/relationSubject.jsp?relationWords=%E5%A4%A7%E8%91%89%E5%B1%B1%E6%AC%96+%E6%8B%BC%E6%9D%BF%E8%88%9F+%E9%81%94%E6%82%9F%E6%97%8F+&oid=16777270 HTTP/1.1" 200 4585
220.181.108.141 - - [27/Sep/2015:05:07:48 +0800] "GET /content/subject/resource_content.jsp?oid=16777233 HTTP/1.1" 200 29715
66.249.71.196 - - [27/Sep/2015:05:07:53 +0800] "GET /content/repository/resource_content.jsp?oid=811896&queryType=qs&queryString=%E6%A6%AE%E4%B8%89%E9%83%8E HTTP/1.1" 200 28162
220.181.108.121 - - [27/Sep/2015:05:07:59 +0800] "GET /content/nav/relationSubject.jsp?relationWords=&oid=16777233 HTTP/1.1" 200 1405
66.249.71.239 - - [27/Sep/2015:05:08:22 +0800] "GET /content/repository/resource_content.jsp?oid=1888192 HTTP/1.1" 200 30004
207.46.13.120 - - [27/Sep/2015:05:08:52 +0800] "GET /content/tmp_auth/resource_content.jsp?oid=16777759 HTTP/1.1" 200 25314
66.249.71.217 - - [27/Sep/2015:05:09:17 +0800] "GET /digiarch3/content/subject/resource_content.jsp?oid=16777484&queryType=qs&queryString=%E7%9F%B3%E9%A0%AD%E5%85%AC HTTP/1.1" 200 72103
66.249.71.239 - - [27/Sep/2015:05:09:55 +0800] "GET /content/nav/relationSubject.jsp?relationWords=&oid=2571493 HTTP/1.1" 200 1405
66.249.71.229 - - [27/Sep/2015:05:10:03 +0800] "GET /digiarch_en/content/repository/resource_content.jsp?oid=3812655&queryString=%E6%A4%8D%E7%89%A9%E7%95%8C%20%E6%B0%B4%E9%BE%8D%E9%AA%A8%20%E6%B0%B4%E9%BE%8D%E9%AA%A8%E7%A7%91%20%E7%8E%89%E5%B1%B1%E8%8C%80%E8%95%A8%20%E8%8C%80%E8%95%A8%E5%B1%AC%20%E8%95%A8%E9%A1%9E%E6%A4%8D%E7%89%A9 HTTP/1.1" 200 23946
66.249.71.206 - - [27/Sep/2015:05:10:41 +0800] "GET /content/subject/resource_content.jsp?oid=16777396&queryString=%E9%9D%92%E5%89%9B%E6%AB%9F HTTP/1.1" 200 34724
66.249.71.249 - - [27/Sep/2015:05:11:13 +0800] "GET /content/nav/relationSubject.jsp?relationWords=%E8%87%BA%E5%8D%97%E7%B8%A3+%E8%A5%BF%E6%B8%AF+%E8%BE%B2%E5%9C%B0%E9%87%8D%E5%8A%83+&oid=1628482 HTTP/1.1" 200 5418
66.249.71.229 - - [27/Sep/2015:05:11:16 +0800] "GET /content/nav/relationSubject.jsp?relationWords=%E8%87%BA%E5%8D%97%E7%B8%A3%20%E8%A5%BF%E6%B8%AF%20%E8%BE%B2%E5%9C%B0%E9%87%8D%E5%8A%83%20&oid=1628482 HTTP/1.1" 200 5418
66.249.79.186 - - [27/Sep/2015:05:11:24 +0800] "GET /digiarch3/content/pictures/picture_content.jsp?oid=33554774&classify=2562 HTTP/1.1" 200 27697
66.249.71.249 - - [27/Sep/2015:05:11:29 +0800] "GET /content/nav/relationSubject.jsp?relationWords=&oid=2605082 HTTP/1.1" 200 1405
207.46.13.120 - - [27/Sep/2015:05:11:42 +0800] "GET /content/subject/resource_content.jsp?oid=16777376&queryType=qc HTTP/1.1" 200 35872
66.249.71.249 - - [27/Sep/2015:05:11:48 +0800] "GET /content/repository/resource_content.jsp?oid=1782090 HTTP/1.1" 200 29160
207.46.13.163 - - [27/Sep/2015:05:12:46 +0800] "GET /nav/relationSubject.jsp?relationWords=%E5%8D%83%E5%B9%B4%E6%A1%90+%E6%A1%90%E8%8A%B1+%E6%B2%B9%E6%A1%90+&oid=16777599 HTTP/1.1" 404 14873
66.249.71.113 - - [27/Sep/2015:05:13:24 +0800] "GET /content/repository/resource_content.jsp?oid=15837&queryType=qs&queryString=%E7%89%87%E5%BD%A2 HTTP/1.1" 200 35269
207.46.13.163 - - [27/Sep/2015:05:13:29 +0800] "GET /content/tmp_exh/resource_content.jsp?oid=16777848&queryType=qc HTTP/1.1" 200 37207
66.249.71.36 - - [27/Sep/2015:05:13:29 +0800] "GET /content/repository/resource_content.jsp?oid=4451456&queryString=%E5%8D%97%E6%B4%8B%E7%BE%A4%E5%B3%B6 HTTP/1.1" 200 28860
66.249.71.239 - - [27/Sep/2015:05:15:04 +0800] "GET /content/subject/resource_content.jsp?oid=16777491&queryString=%E5%8F%B0%E7%81%A3%E5%8E%9F%E4%BD%8F%E6%B0%91%20%E5%B0%91%E6%95%B8%E6%B0%91%E6%97%8F%20%E5%B8%83%E8%BE%B2%E6%97%8F%20%E6%B3%B0%E9%9B%85%E6%97%8F%20%E9%84%92%E6%97%8F HTTP/1.1" 200 48384
66.249.71.249 - - [27/Sep/2015:05:16:45 +0800] "GET /content/repository/resource_content.jsp?oid=1774949 HTTP/1.1" 200 30443
66.249.71.249 - - [27/Sep/2015:05:16:59 +0800] "GET /content/subject/resource_content.jsp?oid=16777626&queryType=qc%3E HTTP/1.1" 200 43195
66.249.71.206 - - [27/Sep/2015:05:17:41 +0800] "GET /content/repository/resource_content.jsp?oid=2660832&queryType=qs&queryString=%E7%A7%81%E5%8F%83 HTTP/1.1" 200 30113
66.249.71.229 - - [27/Sep/2015:05:17:59 +0800] "GET /content/nav/relationSubject.jsp?relationWords=&oid=2582994 HTTP/1.1" 200 1405
207.46.13.163 - - [27/Sep/2015:05:18:18 +0800] "GET /content/nav/relationSubject.jsp?relationWords=%E6%9C%A8%E7%8A%80+%E6%A1%82%E8%8A%B1+&oid=16777255 HTTP/1.1" 200 4029
66.249.71.249 - - [27/Sep/2015:05:18:22 +0800] "GET /content/repository/resource_content.jsp?oid=230002 HTTP/1.1" 200 30124
66.249.79.207 - - [27/Sep/2015:05:19:05 +0800] "GET /content/repository/resource_content.jsp?oid=229541 HTTP/1.1" 200 30108
207.46.13.163 - - [27/Sep/2015:05:19:14 +0800] "GET /content/subject/resource_content.jsp?oid=16777448&queryType=qc HTTP/1.1" 200 34500
123.125.71.70 - - [27/Sep/2015:05:19:23 +0800] "GET /content/repository/resource_content.jsp?oid=2664582 HTTP/1.1" 200 29654
66.249.71.239 - - [27/Sep/2015:05:19:36 +0800] "GET /content/nav/relationSubject.jsp?relationWords=%E6%A4%8D%E7%89%A9%E7%95%8C+%E6%A8%9F%E5%B1%AC+%E6%A8%9F%E7%A7%91+%E9%A6%99%E6%A1%82+&oid=1458604 HTTP/1.1" 200 3040
66.249.79.200 - - [27/Sep/2015:05:19:38 +0800] "GET /content/nav/relationSubject.jsp?relationWords=%E6%A4%8D%E7%89%A9%E7%95%8C%20%E6%A8%9F%E5%B1%AC%20%E6%A8%9F%E7%A7%91%20%E9%A6%99%E6%A1%82%20&oid=1458604 HTTP/1.1" 200 3040
207.46.13.171 - - [27/Sep/2015:05:19:44 +0800] "GET /content/subject/resource_content.jsp?oid=16797234&queryType=qc HTTP/1.1" 200 46558
66.249.71.216 - - [27/Sep/2015:05:19:46 +0800] "GET /content/repository/resource_content.jsp?oid=4354065&queryType=qs&queryString=%E5%A4%A7%E5%BE%8C%E6%96%B9 HTTP/1.1" 200 36049
66.249.71.105 - - [27/Sep/2015:05:20:06 +0800] "GET /content/repository/resource_content.jsp?oid=2521755&queryType=qs&queryString=%E6%B1%BE%E5%B7%9E HTTP/1.1" 200 29854
207.46.13.171 - - [27/Sep/2015:05:20:14 +0800] "GET /content/subject/resource_content.jsp?oid=16777599&queryType=qc HTTP/1.1" 200 36977
66.249.71.239 - - [27/Sep/2015:05:20:28 +0800] "GET /content/repository/resource_content.jsp?oid=830568 HTTP/1.1" 200 27953
66.249.71.249 - - [27/Sep/2015:05:21:09 +0800] "GET /content/nav/relationSubject.jsp?relationWords=%E6%9F%84%E7%9C%BC%E7%9B%AE%20%E8%85%B9%E8%B6%B3%E7%B6%B1%20%E8%9B%9E%E8%9D%93%20&oid=1124912 HTTP/1.1" 200 3272
66.249.71.239 - - [27/Sep/2015:05:21:10 +0800] "GET /content/repository/resource_content.jsp?oid=1816743 HTTP/1.1" 200 28896
66.249.71.229 - - [27/Sep/2015:05:21:52 +0800] "GET /content/repository/resource_content.jsp?oid=1597558 HTTP/1.1" 200 28531
66.249.71.239 - - [27/Sep/2015:05:22:34 +0800] "GET /content/repository/resource_content.jsp?oid=739001 HTTP/1.1" 200 28738
66.249.71.239 - - [27/Sep/2015:05:23:16 +0800] "GET /content/repository/resource_content.jsp?oid=1632359 HTTP/1.1" 200 28431
66.249.71.113 - - [27/Sep/2015:05:23:27 +0800] "GET /content/repository/resource_content.jsp?oid=2640103&queryType=qs&queryString=%E9%8A%B7%E9%B9%BD HTTP/1.1" 200 30375
68.180.228.24 - - [27/Sep/2015:05:23:34 +0800] "GET /digiarch_en/content/subject/resource_content.jsp?oid=16777402&queryType=qc HTTP/1.1" 200 21957
66.249.79.200 - - [27/Sep/2015:05:23:59 +0800] "GET /content/repository/resource_content.jsp?oid=1457721 HTTP/1.1" 200 31093
49.219.98.13 - - [27/Sep/2015:05:24:33 +0800] "GET /content/repository/resource_content.jsp?oid=1812005&queryType=qs&queryString=%E7%8E%8B%E6%99%BA%E6%98%8E HTTP/1.1" 200 28842
49.219.98.13 - - [27/Sep/2015:05:24:34 +0800] "GET /content/nav/relationSubject.jsp?relationWords=%E6%B2%99%E9%96%80+%E6%B5%AE%E5%9C%96+%E7%8E%8B%E6%99%BA%E6%98%8E+%E8%A5%BF%E9%AD%8F+%E9%AD%8F%E7%8E%8B+&oid=1812005 HTTP/1.1" 200 4402
66.249.71.239 - - [27/Sep/2015:05:24:40 +0800] "GET /content/repository/resource_content.jsp?oid=822650 HTTP/1.1" 200 27983
66.249.71.206 - - [27/Sep/2015:05:24:43 +0800] "GET /content/subject/resource_content.jsp?oid=16777291&queryType=qc HTTP/1.1" 200 28058
66.249.71.216 - - [27/Sep/2015:05:25:08 +0800] "GET /content/subject/resource_content.jsp?oid=16797245&queryType=qc HTTP/1.1" 200 48121
66.249.71.113 - - [27/Sep/2015:05:25:22 +0800] "GET /content/pictures/picture_content.jsp?oid=33554544&queryType=qs&queryString=%E7%A8%BB%E7%A9%97 HTTP/1.1" 200 27458
49.219.98.13 - - [27/Sep/2015:05:25:22 +0800] "GET /content/repository/resource_content.jsp?oid=1812005 HTTP/1.1" 200 28678
49.219.98.13 - - [27/Sep/2015:05:25:23 +0800] "GET /content/nav/relationSubject.jsp?relationWords=%E6%B2%99%E9%96%80+%E6%B5%AE%E5%9C%96+%E7%8E%8B%E6%99%BA%E6%98%8E+%E8%A5%BF%E9%AD%8F+%E9%AD%8F%E7%8E%8B+&oid=1812005 HTTP/1.1" 200 4402
66.249.71.229 - - [27/Sep/2015:05:25:38 +0800] "GET /content/nav/relationSubject.jsp?relationWords=&oid=2622659 HTTP/1.1" 200 1405
66.249.71.113 - - [27/Sep/2015:05:26:04 +0800] "GET /content/pictures/picture_content.jsp?oid=33554509&queryType=qs&queryString=%E5%85%B8%E9%9B%85 HTTP/1.1" 200 27098
207.46.13.163 - - [27/Sep/2015:05:26:44 +0800] "GET /content/subject/resource_content.jsp?oid=16777488&queryType=qc HTTP/1.1" 200 60884
66.249.71.54 - - [27/Sep/2015:05:26:46 +0800] "GET /content/repository/resource_content.jsp?oid=669748&queryString=%E6%8A%84%E6%A1%88 HTTP/1.1" 200 29246
66.249.71.249 - - [27/Sep/2015:05:26:46 +0800] "GET /content/nav/relationSubject.jsp?relationWords=%E9%AB%98%E7%B4%9A%E4%B8%AD%E5%AD%B8+&oid=1632359 HTTP/1.1" 200 6006
66.249.71.54 - - [27/Sep/2015:05:26:48 +0800] "GET /content/repository/resource_content.jsp?oid=2666755&queryType=qs&queryString=%E4%B8%81%E5%96%AE HTTP/1.1" 200 30154
66.249.79.200 - - [27/Sep/2015:05:26:49 +0800] "GET /content/nav/relationSubject.jsp?relationWords=%E9%AB%98%E7%B4%9A%E4%B8%AD%E5%AD%B8%20&oid=1632359 HTTP/1.1" 200 6006
66.249.79.186 - - [27/Sep/2015:05:27:28 +0800] "GET /content/repository/resource_content.jsp?oid=672506&queryString=%E5%B8%8C%E5%91%8A%20%E6%9D%8E%E7%9B%B8 HTTP/1.1" 200 29280
66.249.71.249 - - [27/Sep/2015:05:27:41 +0800] "GET /content/nav/relationSubject.jsp?relationWords=%E4%BA%BA%E5%90%8D%E6%AC%8A%E5%A8%81+%E7%B1%8D%E5%A5%A7%E4%BF%98+&oid=739001 HTTP/1.1" 200 3114
66.249.71.229 - - [27/Sep/2015:05:27:43 +0800] "GET /content/nav/relationSubject.jsp?relationWords=%E4%BA%BA%E5%90%8D%E6%AC%8A%E5%A8%81%20%E7%B1%8D%E5%A5%A7%E4%BF%98%20&oid=739001 HTTP/1.1" 200 3114
66.249.79.193 - - [27/Sep/2015:05:28:02 +0800] "GET /digiarch_en/content/nav/relationSubject.jsp?relationWords=%E5%B7%A6%E9%8C%90%E8%9E%BA+%E5%B7%A6%E9%8C%90%E8%9E%BA%E7%A7%91+%E8%85%B9%E8%B6%B3%E7%B6%B1+%E9%9B%99%E7%8F%A0%E8%9E%BA%E5%B1%AC+&oid=3808591 HTTP/1.1" 200 3393
66.249.71.239 - - [27/Sep/2015:05:28:04 +0800] "GET /digiarch_en/content/nav/relationSubject.jsp?relationWords=%E5%B7%A6%E9%8C%90%E8%9E%BA%20%E5%B7%A6%E9%8C%90%E8%9E%BA%E7%A7%91%20%E8%85%B9%E8%B6%B3%E7%B6%B1%20%E9%9B%99%E7%8F%A0%E8%9E%BA%E5%B1%AC%20&oid=3808591 HTTP/1.1" 200 3393
157.55.39.115 - - [27/Sep/2015:05:28:17 +0800] "GET /content/subject/resource_content.jsp?oid=16777470&queryType=qc HTTP/1.1" 200 29361
66.249.71.239 - - [27/Sep/2015:05:28:29 +0800] "GET /content/repository/resource_content.jsp?oid=1781632 HTTP/1.1" 200 28330
207.46.13.120 - - [27/Sep/2015:05:28:37 +0800] "GET /content/subject/resource_content.jsp?oid=16777568&queryType=qc HTTP/1.1" 200 34862
66.249.79.188 - - [27/Sep/2015:05:28:52 +0800] "GET /content/repository/resource_content.jsp?oid=2645788&queryType=qs&queryString=%E9%BB%83%E8%B2%B4 HTTP/1.1" 200 30337
66.249.79.200 - - [27/Sep/2015:05:29:13 +0800] "GET /content/nav/relationSubject.jsp?relationWords=&oid=1630751 HTTP/1.1" 200 1405
66.249.71.54 - - [27/Sep/2015:05:29:32 +0800] "GET /content/nav/relationSubject.jsp?relationWords=%E5%85%A7%E7%B0%BE+%E5%A4%96%E7%B0%BE+%E5%B7%A1%E6%92%AB+%E9%84%89%E8%A9%A6+&oid=2521847 HTTP/1.1" 200 5412
66.249.71.206 - - [27/Sep/2015:05:29:34 +0800] "GET /content/repository/resource_content.jsp?oid=2658455&queryType=qs&queryString=%E5%BE%8C%E6%AE%BF HTTP/1.1" 200 30004
66.249.79.172 - - [27/Sep/2015:05:29:35 +0800] "GET /content/nav/relationSubject.jsp?relationWords=%E5%85%A7%E7%B0%BE%20%E5%A4%96%E7%B0%BE%20%E5%B7%A1%E6%92%AB%20%E9%84%89%E8%A9%A6%20&oid=2521847 HTTP/1.1" 200 5412
66.249.71.206 - - [27/Sep/2015:05:30:10 +0800] "GET /content/repository/resource_content.jsp?oid=1104717&queryString=%E6%B0%B4%E6%BB%B8%20%E6%B0%B4%E6%BB%B8%E5%82%B3%20%E7%B4%85%E6%A8%93%20%E7%B4%85%E6%A8%93%E5%A4%A2 HTTP/1.1" 200 31131
66.249.71.217 - - [27/Sep/2015:05:30:16 +0800] "GET /content/repository/resource_content.jsp?oid=1888618&queryType=qs&queryString=%E4%B8%AD%E5%9C%8B%E6%B0%91%E4%BF%97%E5%AD%B8%E6%9C%83 HTTP/1.1" 200 30683
66.249.71.249 - - [27/Sep/2015:05:30:19 +0800] "GET /content/nav/relationSubject.jsp?relationWords=&oid=2590078 HTTP/1.1" 200 1405
66.249.71.45 - - [27/Sep/2015:05:30:20 +0800] "GET /content/nav/relationSubject.jsp?relationWords=%E9%BB%91%E5%9C%B0+&oid=4475441 HTTP/1.1" 200 4198
66.249.79.179 - - [27/Sep/2015:05:30:22 +0800] "GET /content/nav/relationSubject.jsp?relationWords=%E9%BB%91%E5%9C%B0%20&oid=4475441 HTTP/1.1" 200 4198
66.249.71.36 - - [27/Sep/2015:05:30:28 +0800] "GET /content/nav/relationSubject.jsp?relationWords=%E4%BA%BA%E5%90%8D%E6%AC%8A%E5%A8%81%20%E4%BF%84%E5%BA%AB%20%E5%B8%8C%E5%91%8A%20%E6%A1%82%E8%8A%B3%20&oid=672506 HTTP/1.1" 200 3228
123.125.71.53 - - [27/Sep/2015:05:30:57 +0800] "GET /content/tmp_auth/resource_content.jsp?oid=16777373 HTTP/1.1" 200 26943
66.249.79.207 - - [27/Sep/2015:05:30:58 +0800] "GET /content/repository/resource_content.jsp?oid=2535417 HTTP/1.1" 200 28792
207.46.13.120 - - [27/Sep/2015:05:31:19 +0800] "GET /content/subject/resource_content.jsp?oid=16777841&queryType=qc HTTP/1.1" 200 27539
207.46.13.163 - - [27/Sep/2015:05:31:38 +0800] "GET /content/subject/resource_content.jsp?oid=16777469&queryType=qc HTTP/1.1" 200 31173
66.249.71.226 - - [27/Sep/2015:05:31:39 +0800] "GET /content/subject/resource_content.jsp?oid=16777669&queryType=qs&queryString=%E7%9C%81%E8%AD%B0%E6%9C%83 HTTP/1.1" 200 47187
66.249.71.226 - - [27/Sep/2015:05:31:40 +0800] "GET /content/nav/relationSubject.jsp?relationWords=%E5%85%AC%E7%87%9F%E4%BA%8B%E6%A5%AD+%E5%9C%9F%E5%9C%B0%E5%88%A9%E7%94%A8+%E6%88%BF%E6%8D%90+%E6%94%BE%E7%A7%9F+%E7%9B%88%E9%A4%98+%E7%A8%85%E6%94%B6+%E8%B2%A1%E6%94%BF+%E8%B2%A1%E6%94%BF%E6%94%B6%E6%94%AF+%E8%BE%B2%E6%9E%97%E5%BB%B3+&oid=1562361 HTTP/1.1" 200 5157
66.249.71.216 - - [27/Sep/2015:05:31:49 +0800] "GET /content/nav/relationSubject.jsp?relationWords=%E5%85%AC%E7%87%9F%E4%BA%8B%E6%A5%AD%20%E5%9C%9F%E5%9C%B0%E5%88%A9%E7%94%A8%20%E6%88%BF%E6%8D%90%20%E6%94%BE%E7%A7%9F%20%E7%9B%88%E9%A4%98%20%E7%A8%85%E6%94%B6%20%E8%B2%A1%E6%94%BF%20%E8%B2%A1%E6%94%BF%E6%94%B6%E6%94%AF%20%E8%BE%B2%E6%9E%97%E5%BB%B3%20&oid=1562361 HTTP/1.1" 200 5157
66.249.79.193 - - [27/Sep/2015:05:31:57 +0800] "GET /content/subject/resource_content.jsp?oid=16777481&queryString=%E5%BD%A9%E7%B9%AA HTTP/1.1" 200 112351
66.249.71.239 - - [27/Sep/2015:05:32:21 +0800] "GET /content/repository/resource_content.jsp?oid=222980 HTTP/1.1" 200 30058
66.249.71.249 - - [27/Sep/2015:05:32:31 +0800] "GET /content/nav/relationSubject.jsp?relationWords=%E5%81%87%E8%93%AC%E5%B1%AC+%E5%8A%A0%E6%8B%BF%E5%A4%A7%E8%93%AC+%E6%A4%8D%E7%89%A9%E7%95%8C+%E8%8F%8A%E7%A7%91+%E9%9B%99%E5%AD%90%E8%91%89%E6%A4%8D%E7%89%A9+&oid=1105864 HTTP/1.1" 200 3414
66.249.71.45 - - [27/Sep/2015:05:32:32 +0800] "GET /content/nav/relationSubject.jsp?relationWords=%E5%88%91%E9%83%A8%20%E5%B7%9E%E6%B0%91%E4%BA%BA%20&oid=2666755 HTTP/1.1" 200 3145
66.249.71.229 - - [27/Sep/2015:05:32:33 +0800] "GET /content/nav/relationSubject.jsp?relationWords=%E5%81%87%E8%93%AC%E5%B1%AC%20%E5%8A%A0%E6%8B%BF%E5%A4%A7%E8%93%AC%20%E6%A4%8D%E7%89%A9%E7%95%8C%20%E8%8F%8A%E7%A7%91%20%E9%9B%99%E5%AD%90%E8%91%89%E6%A4%8D%E7%89%A9%20&oid=1105864 HTTP/1.1" 200 3414
66.249.71.239 - - [27/Sep/2015:05:33:03 +0800] "GET /content/repository/resource_content.jsp?oid=19003 HTTP/1.1" 200 29689
207.46.13.163 - - [27/Sep/2015:05:33:11 +0800] "GET /content/subject/resource_content.jsp?oid=16777746&queryType=qc HTTP/1.1" 200 39168
66.249.71.216 - - [27/Sep/2015:05:33:31 +0800] "GET /content/repository/resource_content.jsp?oid=1574529&queryType=qs&queryString=%E4%BB%A3%E7%90%86%E4%BA%BA HTTP/1.1" 200 29138
178.150.15.194 - - [27/Sep/2015:05:33:31 +0800] "GET /content/subject/resource_content.jsp?oid=16777652&queryType=qs&queryString=%E9%9B%BB%E5%AD%90%E5%A0%B1 HTTP/1.0" 200 30366
66.249.79.207 - - [27/Sep/2015:05:33:46 +0800] "GET /content/repository/resource_content.jsp?oid=4739284&queryString=%E4%BA%94%E5%B3%B0%E7%9F%AE%E4%BA%BA%E7%A5%AD%20%E7%A5%AD%E5%84%80%20%E8%B3%BD%E5%A4%8F%20%E8%B3%BD%E5%A4%8F%E6%97%8F%20%E8%B5%A4%E6%A5%8A%20%E8%BF%8E%E7%A5%9E HTTP/1.1" 200 32059
66.249.79.200 - - [27/Sep/2015:05:34:28 +0800] "GET /content/repository/resource_content.jsp?oid=1175983 HTTP/1.1" 200 27272
66.249.79.188 - - [27/Sep/2015:05:34:35 +0800] "GET /content/nav/relationSubject.jsp?relationWords=%E5%A5%89%E8%AB%AD+%E6%AD%A6%E8%88%89+%E6%AE%BF%E8%A9%A6+&oid=2658455 HTTP/1.1" 200 4451
66.249.71.206 - - [27/Sep/2015:05:34:37 +0800] "GET /content/nav/relationSubject.jsp?relationWords=%E5%A5%89%E8%AB%AD%20%E6%AD%A6%E8%88%89%20%E6%AE%BF%E8%A9%A6%20&oid=2658455 HTTP/1.1" 200 4451
66.249.71.229 - - [27/Sep/2015:05:35:09 +0800] "GET /content/repository/resource_content.jsp?oid=1515548 HTTP/1.1" 200 28651
66.249.79.200 - - [27/Sep/2015:05:35:12 +0800] "GET /digiarch_en/content/repository/resource_content.jsp?oid=4499678&queryString=%E7%9C%8B%E6%9D%BF%20%E7%A0%82%E7%B3%96 HTTP/1.1" 200 23395
157.55.39.115 - - [27/Sep/2015:05:35:51 +0800] "GET /content/subject/resource_content.jsp?oid=16777840&queryType=qc> HTTP/1.1" 200 40649
66.249.79.200 - - [27/Sep/2015:05:35:52 +0800] "GET /content/repository/resource_content.jsp?oid=1895926 HTTP/1.1" 200 28553
66.249.79.179 - - [27/Sep/2015:05:36:05 +0800] "GET /content/nav/relationSubject.jsp?relationWords=%E4%B8%AD%E5%9C%8B%E6%B0%91%E4%BF%97%E5%AD%B8%E6%9C%83+%E5%87%8C%E7%B4%94%E8%81%B2+%E5%B1%88%E8%90%AC%E9%87%8C+%E5%BC%B5%E6%96%87%E7%92%B0+%E6%9D%8E%E6%BF%9F+%E6%9D%8E%E9%A8%B0%E5%B6%BD+%E6%9E%97%E8%A1%A1%E9%81%93+%E6%A5%8A%E9%9B%B2%E8%90%8D+%E7%9F%B3%E7%92%8B%E5%A6%82+%E8%8A%AE%E9%80%B8%E5%A4%AB+%E8%91%A3%E4%BD%9C%E8%B3%93+%E9%99%B3%E5%9C%8B%E9%88%9E+%E9%99%B3%E7%B4%B9%E9%A6%A8+%E9%A1%8C%E5%90%8D%E9%8C%84+%E9%BB%83%E5%BE%97%E6%99%82+%E9%BB%83%E7%B4%94%E9%9D%92+&oid=1888618 HTTP/1.1" 200 6129
66.249.71.207 - - [27/Sep/2015:05:36:07 +0800] "GET /content/nav/relationSubject.jsp?relationWords=%E4%B8%AD%E5%9C%8B%E6%B0%91%E4%BF%97%E5%AD%B8%E6%9C%83%20%E5%87%8C%E7%B4%94%E8%81%B2%20%E5%B1%88%E8%90%AC%E9%87%8C%20%E5%BC%B5%E6%96%87%E7%92%B0%20%E6%9D%8E%E6%BF%9F%20%E6%9D%8E%E9%A8%B0%E5%B6%BD%20%E6%9E%97%E8%A1%A1%E9%81%93%20%E6%A5%8A%E9%9B%B2%E8%90%8D%20%E7%9F%B3%E7%92%8B%E5%A6%82%20%E8%8A%AE%E9%80%B8%E5%A4%AB%20%E8%91%A3%E4%BD%9C%E8%B3%93%20%E9%99%B3%E5%9C%8B%E9%88%9E%20%E9%99%B3%E7%B4%B9%E9%A6%A8%20%E9%A1%8C%E5%90%8D%E9%8C%84%20%E9%BB%83%E5%BE%97%E6%99%82%20%E9%BB%83%E7%B4%94%E9%9D%92%20&oid=1888618 HTTP/1.1" 200 6129
66.249.79.207 - - [27/Sep/2015:05:36:14 +0800] "GET /content/repository/resource_content.jsp?oid=740521 HTTP/1.1" 200 28349
1.175.246.219 - - [27/Sep/2015:05:36:20 +0800] "GET /content/repository/resource_content.jsp?oid=4588725&queryType=qs&queryString=%E7%B9%A9%E7%B4%8B%E9%99%B6 HTTP/1.1" 200 29644
1.175.246.219 - - [27/Sep/2015:05:36:21 +0800] "GET /content/nav/relationSubject.jsp?relationWords=&oid=4588725 HTTP/1.1" 200 1405
66.249.71.229 - - [27/Sep/2015:05:36:41 +0800] "GET /content/nav/relationSubject.jsp?relationWords=%E5%87%8C%E7%B4%94%E8%81%B2+&oid=1175983 HTTP/1.1" 200 3089
66.249.79.207 - - [27/Sep/2015:05:36:44 +0800] "GET /content/nav/relationSubject.jsp?relationWords=%E5%87%8C%E7%B4%94%E8%81%B2%20&oid=1175983 HTTP/1.1" 200 3089
66.249.71.249 - - [27/Sep/2015:05:36:52 +0800] "GET /content/repository/resource_content.jsp?oid=1615199 HTTP/1.1" 200 28405
68.180.228.24 - - [27/Sep/2015:05:37:21 +0800] "GET /content/subject/resource_content.jsp?oid=16777761&queryType=qc HTTP/1.1" 200 32733
66.249.71.229 - - [27/Sep/2015:05:38:33 +0800] "GET /content/repository/resource_content.jsp?oid=1888599&queryString=%E6%A5%8A%E6%95%A6%E8%AC%A8%20%E9%82%B1%E5%9D%A4%E5%9C%9F HTTP/1.1" 200 28364
207.46.13.163 - - [27/Sep/2015:05:39:13 +0800] "GET /content/subject/resource_content.jsp?oid=16777604&queryType=qc HTTP/1.1" 200 59773
66.249.71.239 - - [27/Sep/2015:05:39:19 +0800] "GET /content/nav/relationSubject.jsp?relationWords=%E6%A0%BC%E4%BC%AF%E4%BD%9C%E6%99%89%E5%A7%AC%E7%B0%8B+&oid=1819229 HTTP/1.1" 200 2913
66.249.71.249 - - [27/Sep/2015:05:39:21 +0800] "GET /content/nav/relationSubject.jsp?relationWords=%E6%A0%BC%E4%BC%AF%E4%BD%9C%E6%99%89%E5%A7%AC%E7%B0%8B%20&oid=1819229 HTTP/1.1" 200 2913
207.46.13.171 - - [27/Sep/2015:05:40:13 +0800] "GET /content/subject/resource_content.jsp?oid=16777734&queryType=qc HTTP/1.1" 200 40302
66.249.71.206 - - [27/Sep/2015:05:40:45 +0800] "GET /content/subject/resource_content.jsp?oid=16777344&queryType=qc HTTP/1.1" 200 47673
66.249.79.193 - - [27/Sep/2015:05:41:14 +0800] "GET /content/nav/relationSubject.jsp?relationWords=%E5%8F%B0%E7%81%A3%E6%87%B8%E9%89%A4%E5%AD%90+%E6%87%B8%E9%89%A4%E5%AD%90%E5%B1%AC+%E6%A4%8D%E7%89%A9%E7%95%8C+%E8%96%94%E8%96%87%E7%9B%AE+%E8%96%94%E8%96%87%E7%A7%91+&oid=1108868 HTTP/1.1" 200 3399
66.249.71.239 - - [27/Sep/2015:05:41:27 +0800] "GET /content/pictures/picture_content.jsp?oid=33554818 HTTP/1.1" 200 27801
207.46.13.120 - - [27/Sep/2015:05:41:47 +0800] "GET /content/subject/resource_content.jsp?oid=16777566&queryType=qc HTTP/1.1" 200 31748
66.249.71.239 - - [27/Sep/2015:05:41:55 +0800] "GET /content/subject/resource_content.jsp?oid=16777735&queryType=qs&queryString=%E8%83%A1%E5%8F%B0%E9%BA%97 HTTP/1.1" 200 32507
66.249.79.195 - - [27/Sep/2015:05:42:09 +0800] "GET /content/subject/resource_content.jsp?oid=16777635&queryType=qc HTTP/1.1" 200 63981
66.249.71.249 - - [27/Sep/2015:05:42:09 +0800] "GET /content/nav/relationSubject.jsp?relationWords=%E5%9F%BA%E9%9A%86%E5%B8%82%E8%AD%B0%E6%9C%83+%E5%AD%98%E6%AC%BE+%E8%8B%97%E6%A0%97%E7%B8%A3%E8%AD%B0%E6%9C%83+&oid=1521313 HTTP/1.1" 200 4133
66.249.79.200 - - [27/Sep/2015:05:42:11 +0800] "GET /content/nav/relationSubject.jsp?relationWords=%E5%9F%BA%E9%9A%86%E5%B8%82%E8%AD%B0%E6%9C%83%20%E5%AD%98%E6%AC%BE%20%E8%8B%97%E6%A0%97%E7%B8%A3%E8%AD%B0%E6%9C%83%20&oid=1521313 HTTP/1.1" 200 4133
220.181.108.115 - - [27/Sep/2015:05:42:39 +0800] "GET /nav/relationSubject.jsp?relationWords=&oid=16777542 HTTP/1.1" 404 14873
66.249.71.229 - - [27/Sep/2015:05:43:29 +0800] "GET /content/nav/relationSubject.jsp?relationWords=%E5%B7%A1%E6%8C%89%E5%BE%A1%E5%8F%B2+%E6%B7%AE%E6%8F%9A+%E9%8A%80%E4%BA%8B+&oid=2517046 HTTP/1.1" 200 3190
66.249.71.249 - - [27/Sep/2015:05:43:31 +0800] "GET /content/nav/relationSubject.jsp?relationWords=%E5%B7%A1%E6%8C%89%E5%BE%A1%E5%8F%B2%20%E6%B7%AE%E6%8F%9A%20%E9%8A%80%E4%BA%8B%20&oid=2517046 HTTP/1.1" 200 3190
66.249.71.229 - - [27/Sep/2015:05:43:33 +0800] "GET /content/subject/resource_content.jsp?oid=16777349&queryString=%E9%9D%92%E5%89%9B%E6%AB%9F HTTP/1.1" 200 36854
66.249.71.229 - - [27/Sep/2015:05:43:34 +0800] "GET /content/repository/resource_content.jsp?oid=1577188 HTTP/1.1" 200 32740
66.249.71.229 - - [27/Sep/2015:05:43:38 +0800] "GET /digiarch_en/content/nav/relationSubject.jsp?relationWords=%E5%8F%B0%E7%81%A3%E6%B0%B4%E9%BE%8D%E9%AA%A8%20%E6%A4%8D%E7%89%A9%E7%95%8C%20%E6%B0%B4%E9%BE%8D%E9%AA%A8%20%E6%B0%B4%E9%BE%8D%E9%AA%A8%E5%B1%AC%20%E6%B0%B4%E9%BE%8D%E9%AA%A8%E7%A7%91%20%E8%95%A8%E9%A1%9E%E6%A4%8D%E7%89%A9%20&oid=3812655 HTTP/1.1" 200 3511
66.249.71.239 - - [27/Sep/2015:05:44:18 +0800] "GET /content/nav/relationSubject.jsp?relationWords=%E6%A4%8D%E7%89%A9%E7%95%8C+%E6%AF%9B%E8%8C%9B+%E6%B3%A1%E8%8A%B1%E6%A8%B9%E5%B1%AC+%E7%B6%A0%E6%A8%9F+&oid=1095588 HTTP/1.1" 200 3294
66.249.71.239 - - [27/Sep/2015:05:44:20 +0800] "GET /content/nav/relationSubject.jsp?relationWords=%E6%A4%8D%E7%89%A9%E7%95%8C%20%E6%AF%9B%E8%8C%9B%20%E6%B3%A1%E8%8A%B1%E6%A8%B9%E5%B1%AC%20%E7%B6%A0%E6%A8%9F%20&oid=1095588 HTTP/1.1" 200 3294
54.209.56.214 - - [27/Sep/2015:05:45:00 +0800] "GET /content/subject/resource_content.jsp?oid=16777561&queryType=qc HTTP/1.1" 200 40974
66.249.71.121 - - [27/Sep/2015:05:45:15 +0800] "GET /content/repository/resource_content.jsp?oid=2687073&queryType=qs&queryString=%E6%98%8C%E5%9F%8E HTTP/1.1" 200 30349
66.249.71.206 - - [27/Sep/2015:05:45:38 +0800] "GET /content/subject/resource_content.jsp?oid=16777448&queryType=qc HTTP/1.1" 200 34511
182.118.25.232 - - [27/Sep/2015:05:46:08 +0800] "GET /content/pictures/picture_content.jsp?oid=33554735 HTTP/1.1" 200 27901
207.46.13.163 - - [27/Sep/2015:05:46:26 +0800] "GET /content/subject/resource_content.jsp?oid=16777453&queryType=qc HTTP/1.1" 200 28659
66.249.71.239 - - [27/Sep/2015:05:46:55 +0800] "GET /content/repository/resource_content.jsp?oid=1773298&queryString=%E5%8D%97%E5%8B%A2%E9%98%BF%E7%BE%8E%E6%97%8F%20%E7%94%9F%E5%91%BD%E5%84%80%E7%A6%AE HTTP/1.1" 200 32710
76.24.57.197 - - [27/Sep/2015:05:47:26 +0800] "GET /content/nav/relationSubject.jsp?relationWords=%E5%B1%B1%E8%8A%99%E8%93%89+%E6%9C%A8%E8%8A%99%E8%93%89+%E8%96%9B%E6%BF%A4+%E9%86%89%E8%8A%99%E8%93%89+&oid=16777260 HTTP/1.1" 200 4595
101.226.167.237 - - [27/Sep/2015:05:48:19 +0800] "GET /content/pictures/picture_content.jsp?oid=33554802 HTTP/1.1" 200 27545
66.249.71.239 - - [27/Sep/2015:05:48:37 +0800] "GET /content/repository/resource_content.jsp?oid=1548206 HTTP/1.1" 200 30431
66.249.71.229 - - [27/Sep/2015:05:49:18 +0800] "GET /content/nav/relationSubject.jsp?relationWords=&oid=2601196 HTTP/1.1" 200 1405
66.249.79.246 - - [27/Sep/2015:05:49:48 +0800] "GET /content/nav/relationSubject.jsp?relationWords=%E5%9C%8B%E5%AD%90%E7%9B%A3+&oid=2571283 HTTP/1.1" 200 3087
66.249.79.193 - - [27/Sep/2015:05:49:51 +0800] "GET /content/subject/resource_content.jsp?oid=16797287&queryType=qc HTTP/1.1" 200 88347
66.249.71.105 - - [27/Sep/2015:05:49:51 +0800] "GET /content/nav/relationSubject.jsp?relationWords=%E5%9C%8B%E5%AD%90%E7%9B%A3%20&oid=2571283 HTTP/1.1" 200 3087
66.249.71.105 - - [27/Sep/2015:05:50:17 +0800] "GET /content/repository/resource_content.jsp?oid=1545221&queryType=qs&queryString=%E7%B7%9A%E8%A5%BF HTTP/1.1" 200 28607
66.249.71.229 - - [27/Sep/2015:05:51:16 +0800] "GET /content/repository/resource_content.jsp?oid=1109989&queryString=%E7%A7%8B%E6%B5%B7%E6%A3%A0%E5%B1%AC HTTP/1.1" 200 31525
207.46.13.163 - - [27/Sep/2015:05:51:37 +0800] "GET /content/subject/resource_content.jsp?oid=16777841&queryType=qc> HTTP/1.1" 200 27539
66.249.71.45 - - [27/Sep/2015:05:51:58 +0800] "GET /content/repository/resource_content.jsp?oid=1577367&queryType=qs&queryString=%E6%9D%8E%E5%AD%98%E6%95%AC HTTP/1.1" 200 30103
207.46.13.120 - - [27/Sep/2015:05:52:11 +0800] "GET /content/subject/resource_content.jsp?oid=16777460&queryType=qc HTTP/1.1" 200 38823
66.249.71.121 - - [27/Sep/2015:05:52:38 +0800] "GET /content/repository/resource_content.jsp?oid=15575&queryString=%E4%B8%89%E7%88%AA%E4%BB%94%20%E4%B8%89%E7%B7%9A%E9%9B%9E%E9%AD%9A%20%E7%9F%B3%E9%B1%B8%20%E9%9B%9E%E4%BB%94%E9%AD%9A%20%E9%9B%9E%E9%AD%9A%20%E9%BB%83%E9%9B%9E%20%E9%BB%83%E9%9B%9E%E4%BB%94 HTTP/1.1" 200 34322
66.249.71.229 - - [27/Sep/2015:05:52:49 +0800] "GET /content/nav/relationSubject.jsp?relationWords=%E6%9E%97%E5%AE%B6%E8%8A%B1%E5%9C%92+%E7%9C%81%E6%94%BF%E5%BA%9C+&oid=1559761 HTTP/1.1" 200 4522
66.249.79.193 - - [27/Sep/2015:05:52:51 +0800] "GET /content/nav/relationSubject.jsp?relationWords=%E6%9E%97%E5%AE%B6%E8%8A%B1%E5%9C%92%20%E7%9C%81%E6%94%BF%E5%BA%9C%20&oid=1559761 HTTP/1.1" 200 4522
66.249.71.206 - - [27/Sep/2015:05:53:20 +0800] "GET /content/repository/resource_content.jsp?oid=1811779&queryType=qs&queryString=%E7%A7%A6%E7%8E%8B HTTP/1.1" 200 36176
66.249.71.226 - - [27/Sep/2015:05:53:38 +0800] "GET /content/repository/resource_content.jsp?oid=1783057&queryString=%E6%B3%B0%E9%9B%85%E6%97%8F%20%E8%82%9A%E5%85%9C HTTP/1.1" 200 28174
66.249.71.36 - - [27/Sep/2015:05:54:02 +0800] "GET /content/subject/resource_content.jsp?oid=16777452&queryType=qs&queryString=%E7%A0%B4%E5%9F%8E%E5%AD%90 HTTP/1.1" 200 33205
68.180.228.24 - - [27/Sep/2015:05:54:07 +0800] "GET /digiarch_en/content/subject/resource_content.jsp?oid=16777433&queryType=qc HTTP/1.1" 200 22731
220.181.108.88 - - [27/Sep/2015:05:54:11 +0800] "GET /nav/relationSubject.jsp?relationWords=%E6%9C%A8%E7%8A%80+%E6%A1%82%E8%8A%B1+&oid=16777255 HTTP/1.1" 404 14873
66.249.71.229 - - [27/Sep/2015:05:54:43 +0800] "GET /content/repository/resource_content.jsp?oid=1631676 HTTP/1.1" 200 28562
66.249.71.249 - - [27/Sep/2015:05:55:18 +0800] "GET /content/subject/resource_content.jsp?oid=16777723 HTTP/1.1" 200 29601
66.249.79.207 - - [27/Sep/2015:05:55:26 +0800] "GET /content/repository/resource_content.jsp?oid=1535425 HTTP/1.1" 200 30204
66.249.71.206 - - [27/Sep/2015:05:55:38 +0800] "GET /content/nav/relationSubject.jsp?relationWords=%E8%96%A6%E6%96%B0%E8%8C%B6%E8%8A%BD+%E8%99%95%E5%B7%9E+&oid=2628432 HTTP/1.1" 200 3161
66.249.71.229 - - [27/Sep/2015:05:55:39 +0800] "GET /content/nav/relationSubject.jsp?relationWords=%E5%93%A1%E5%A4%96%E9%83%8E+&oid=2532742 HTTP/1.1" 200 3117
66.249.79.188 - - [27/Sep/2015:05:55:40 +0800] "GET /content/nav/relationSubject.jsp?relationWords=%E8%96%A6%E6%96%B0%E8%8C%B6%E8%8A%BD%20%E8%99%95%E5%B7%9E%20&oid=2628432 HTTP/1.1" 200 3161
66.249.71.229 - - [27/Sep/2015:05:55:41 +0800] "GET /content/nav/relationSubject.jsp?relationWords=%E5%93%A1%E5%A4%96%E9%83%8E%20&oid=2532742 HTTP/1.1" 200 3117
207.46.13.163 - - [27/Sep/2015:05:55:54 +0800] "GET /content/subject/resource_content.jsp?oid=16777275 HTTP/1.1" 200 34218
66.249.79.207 - - [27/Sep/2015:05:56:08 +0800] "GET /content/subject/resource_content.jsp?oid=16777462&queryString=%E5%85%AB%E5%90%89%E7%A5%A5%20%E5%A4%9A%E6%A8%A3%E6%80%A7%20%E5%BD%A9%E7%B9%AA%20%E8%9E%BA%E9%88%BF%20%E9%83%B5%E7%A5%A8 HTTP/1.1" 200 55349
66.249.71.249 - - [27/Sep/2015:05:56:49 +0800] "GET /content/repository/resource_content.jsp?oid=2511908 HTTP/1.1" 200 29089
66.249.79.200 - - [27/Sep/2015:05:57:00 +0800] "GET /content/repository/resource_content.jsp?oid=1525081 HTTP/1.1" 200 29086
66.249.71.239 - - [27/Sep/2015:05:57:31 +0800] "GET /content/repository/resource_content.jsp?oid=1603994 HTTP/1.1" 200 28669
66.249.79.207 - - [27/Sep/2015:05:57:47 +0800] "GET /content/nav/relationSubject.jsp?relationWords=%E6%8C%87%E5%B0%8E%E8%80%85+%E9%83%A8%E8%90%BD%E6%9C%83+&oid=2470649 HTTP/1.1" 200 3462
66.249.71.229 - - [27/Sep/2015:05:57:57 +0800] "GET /content/nav/relationSubject.jsp?relationWords=%E5%8F%B3%E7%87%9F+%E5%AE%88%E5%82%99%E4%BA%8B+%E7%87%9F%E5%AE%88%E5%82%99+&oid=2577993 HTTP/1.1" 200 3220
66.249.71.229 - - [27/Sep/2015:05:57:59 +0800] "GET /content/nav/relationSubject.jsp?relationWords=%E5%8F%B3%E7%87%9F%20%E5%AE%88%E5%82%99%E4%BA%8B%20%E7%87%9F%E5%AE%88%E5%82%99%20&oid=2577993 HTTP/1.1" 200 3220
66.249.71.249 - - [27/Sep/2015:05:58:00 +0800] "GET /content/nav/relationSubject.jsp?relationWords=%E9%99%B5%E9%BD%92%E8%95%A8+%E9%99%B5%E9%BD%92%E8%95%A8%E5%B1%AC+&oid=1113672 HTTP/1.1" 200 3289
66.249.71.249 - - [27/Sep/2015:05:58:01 +0800] "GET /content/nav/relationSubject.jsp?relationWords=%E9%99%B5%E9%BD%92%E8%95%A8%20%E9%99%B5%E9%BD%92%E8%95%A8%E5%B1%AC%20&oid=1113672 HTTP/1.1" 200 3289
66.249.71.229 - - [27/Sep/2015:05:58:13 +0800] "GET /content/repository/resource_content.jsp?oid=2148883 HTTP/1.1" 200 30882
122.24.157.141 - - [27/Sep/2015:05:58:16 +0800] "GET /content/repository/resource_content.jsp?oid=1843939&queryString=%E6%8F%90%E6%A2%81%E5%8D%A3%20%E7%8D%B8%E9%9D%A2%E7%B4%8B%20%E9%85%92%E5%99%A8 HTTP/1.1" 200 30406
122.24.157.141 - - [27/Sep/2015:05:58:19 +0800] "GET /content/nav/relationSubject.jsp?relationWords=%E7%8D%B8%E9%9D%A2%E7%B4%8B%E7%93%BF+&oid=1843939 HTTP/1.1" 200 1893
66.249.71.249 - - [27/Sep/2015:05:58:49 +0800] "GET /content/nav/relationSubject.jsp?relationWords=%E5%85%94%E5%B0%BE%E8%8D%89+%E5%85%94%E5%B0%BE%E8%8D%89%E5%B1%AC+%E6%A4%8D%E7%89%A9%E7%95%8C+%E8%A0%B6%E8%B1%86+%E9%9B%99%E5%AD%90%E8%91%89%E6%A4%8D%E7%89%A9+&oid=2144404 HTTP/1.1" 200 3432
66.249.71.249 - - [27/Sep/2015:05:58:51 +0800] "GET /content/nav/relationSubject.jsp?relationWords=%E5%85%94%E5%B0%BE%E8%8D%89%20%E5%85%94%E5%B0%BE%E8%8D%89%E5%B1%AC%20%E6%A4%8D%E7%89%A9%E7%95%8C%20%E8%A0%B6%E8%B1%86%20%E9%9B%99%E5%AD%90%E8%91%89%E6%A4%8D%E7%89%A9%20&oid=2144404 HTTP/1.1" 200 3432
66.249.79.200 - - [27/Sep/2015:05:58:56 +0800] "GET /content/repository/resource_content.jsp?oid=1833024 HTTP/1.1" 200 29251
66.249.79.193 - - [27/Sep/2015:05:59:25 +0800] "GET /content/nav/relationSubject.jsp?relationWords=%E7%A6%AE%E9%83%A8+&oid=2511908 HTTP/1.1" 200 3060
66.249.71.249 - - [27/Sep/2015:05:59:27 +0800] "GET /content/nav/relationSubject.jsp?relationWords=%E7%A6%AE%E9%83%A8%20&oid=2511908 HTTP/1.1" 200 3060
66.249.71.239 - - [27/Sep/2015:05:59:37 +0800] "GET /content/repository/resource_content.jsp?oid=1107278 HTTP/1.1" 200 31411
66.249.71.229 - - [27/Sep/2015:06:00:19 +0800] "GET /content/repository/resource_content.jsp?oid=1609329 HTTP/1.1" 200 28872
66.249.71.229 - - [27/Sep/2015:06:00:20 +0800] "GET /digiarch_en/content/repository/resource_content.jsp?oid=759492&queryString=%E6%99%BA%E6%85%A7%E8%B2%A1%E7%94%A2%E6%AC%8A%20%E8%91%97%E4%BD%9C%E6%AC%8A%E6%B3%95 HTTP/1.1" 200 23087
66.249.71.229 - - [27/Sep/2015:06:00:29 +0800] "GET /content/nav/relationSubject.jsp?relationWords=%E6%A4%8D%E7%89%A9%E7%95%8C+%E8%98%AD%E5%B1%AC+%E8%A7%80%E9%9F%B3%E8%98%AD+%E9%B3%B6%E5%B0%BE%E7%A7%91+&oid=2144708 HTTP/1.1" 200 3092
66.249.79.207 - - [27/Sep/2015:06:00:31 +0800] "GET /content/nav/relationSubject.jsp?relationWords=%E6%A4%8D%E7%89%A9%E7%95%8C%20%E8%98%AD%E5%B1%AC%20%E8%A7%80%E9%9F%B3%E8%98%AD%20%E9%B3%B6%E5%B0%BE%E7%A7%91%20&oid=2144708 HTTP/1.1" 200 3092
66.249.71.249 - - [27/Sep/2015:06:01:01 +0800] "GET /digiarch_en/content/repository/resource_content.jsp?oid=1126011&queryString=%E4%B8%AD%E8%85%B9%E8%B6%B3%E7%9B%AE%20%E6%B3%A2%E7%B4%8B%E7%8E%89%E9%BB%8D%E8%9E%BA%20%E7%8E%89%E9%BB%8D%E8%9E%BA%E5%B1%AC%20%E7%8E%89%E9%BB%8D%E8%9E%BA%E7%A7%91%20%E8%85%B9%E8%B6%B3%E7%B6%B1 HTTP/1.1" 200 24413
157.55.39.115 - - [27/Sep/2015:06:01:07 +0800] "GET /content/subject/resource_content.jsp?oid=16777842&queryType=qc HTTP/1.1" 200 36275
66.249.71.239 - - [27/Sep/2015:06:01:43 +0800] "GET /content/repository/resource_content.jsp?oid=4448349&queryString=%E6%AE%B7%E5%A2%9F%20%E8%BB%8A%E9%A6%AC%E5%9D%91 HTTP/1.1" 200 28326
207.46.13.163 - - [27/Sep/2015:06:02:20 +0800] "GET /content/subject/resource_content.jsp?oid=16777825&queryType=qc HTTP/1.1" 200 41691
66.249.71.249 - - [27/Sep/2015:06:02:25 +0800] "GET /content/repository/resource_content.jsp?oid=1779655 HTTP/1.1" 200 27446
66.249.71.249 - - [27/Sep/2015:06:02:44 +0800] "GET /content/nav/relationSubject.jsp?relationWords=%E4%B8%89%E8%85%B3%E5%89%AA%20%E6%85%88%E5%A7%91%E5%B1%AC%20%E6%A4%8D%E7%89%A9%E7%95%8C%20%E6%B0%B4%E8%8A%8B%20%E6%BE%A4%E7%80%89%20%E6%BE%A4%E7%80%89%E7%A7%91%20&oid=2151369 HTTP/1.1" 200 3383
66.249.71.229 - - [27/Sep/2015:06:03:07 +0800] "GET /content/repository/resource_content.jsp?oid=822333 HTTP/1.1" 200 28042
66.249.71.249 - - [27/Sep/2015:06:03:28 +0800] "GET /content/nav/relationSubject.jsp?relationWords=%E4%BA%A4%E9%80%9A%E8%99%95%20%E5%85%AC%E8%B7%AF%E5%B1%80%20%E5%8D%97%E6%8A%95%E7%B8%A3%E8%AD%B0%E6%9C%83%20%E6%9A%A8%E5%8D%97%20%E6%9D%8E%E8%90%AC%E6%9E%9D%20%E6%B1%BD%E8%BB%8A%E8%B2%A8%E9%81%8B%20%E8%87%BA%E7%81%A3%E7%9C%81%20%E8%94%A1%E6%B1%9F%E6%B7%AE%20&oid=1525081 HTTP/1.1" 200 6000
66.249.71.239 - - [27/Sep/2015:06:03:49 +0800] "GET /digiarch_en/content/repository/resource_content.jsp?oid=1591032&queryString=%E5%8F%B0%E7%81%A3%E5%8E%9F%E4%BD%8F%E6%B0%91%20%E5%9F%BA%E5%9B%A0%20%E7%94%9F%E7%89%A9%E5%A4%9A%E6%A8%A3%E6%80%A7%20%E9%81%BA%E5%82%B3 HTTP/1.1" 200 22962
66.249.71.196 - - [27/Sep/2015:06:04:17 +0800] "GET /content/nav/relationSubject.jsp?relationWords=&oid=2657213 HTTP/1.1" 200 1405
66.249.71.239 - - [27/Sep/2015:06:04:21 +0800] "GET /digiarch_en/content/nav/relationSubject.jsp?relationWords=%E4%B8%89%E6%B0%91%E4%B8%BB%E7%BE%A9+%E4%B8%8D%E6%B3%95%E4%B9%8B%E5%BE%92+%E4%BE%BF%E6%B0%91+%E5%80%99%E9%81%B8%E4%BA%BA+%E5%85%AC%E5%8B%99%E5%93%A1+%E5%9C%8B%E6%B0%91%E5%AD%B8%E6%A0%A1+%E5%9C%8B%E9%9A%9B%E8%B2%BF%E6%98%93+%E5%A4%96%E5%8C%AF+%E5%A4%A7%E5%B0%88%E9%99%A2%E6%A0%A1+%E5%A4%AA%E4%BF%9D%E5%A4%AA%E5%A6%B9+%E5%AD%B8%E9%BD%A1%E5%85%92%E7%AB%A5+%E5%B7%A5%E5%BB%A0%E7%99%BB%E8%A8%98+%E5%BB%BA%E8%A8%AD%E5%B1%80+%E6%86%B2%E6%B3%95+%E6%89%92%E6%89%8B+%E6%95%88%E7%8E%87+%E6%99%AE%E9%81%B8+%E6%B0%B4%E5%9C%9F+%E6%B3%95%E9%99%A2+%E6%B5%81%E6%B0%93+%E6%B8%85%E5%AF%92+%E7%9B%A3%E5%AF%9F%E9%99%A2+%E7%A7%BB%E9%80%81+%E7%A8%85%E5%8B%99+%E7%A8%85%E6%8D%90+%E7%A8%BD%E5%BE%81+%E8%81%AF%E7%99%BC+%E8%87%BA%E4%B8%AD%E5%B8%82+%E8%87%BA%E7%81%A3%E9%8A%80%E8%A1%8C+%E8%87%BA%E9%8A%80+%E8%99%95%E9%95%B7+%E8%A9%90%E6%AC%BA+%E8%AD%A6%E5%8B%99%E8%99%95+%E8%AD%A6%E5%AF%9F+%E8%BE%B2%E7%94%A2+%E9%80%A0%E6%9E%97+%E9%A0%90%E7%AE%97+%E9%BB%83%E4%B8%BB+&oid=1568015 HTTP/1.1" 200 5564
66.249.79.193 - - [27/Sep/2015:06:04:23 +0800] "GET /digiarch_en/content/nav/relationSubject.jsp?relationWords=%E4%B8%89%E6%B0%91%E4%B8%BB%E7%BE%A9%20%E4%B8%8D%E6%B3%95%E4%B9%8B%E5%BE%92%20%E4%BE%BF%E6%B0%91%20%E5%80%99%E9%81%B8%E4%BA%BA%20%E5%85%AC%E5%8B%99%E5%93%A1%20%E5%9C%8B%E6%B0%91%E5%AD%B8%E6%A0%A1%20%E5%9C%8B%E9%9A%9B%E8%B2%BF%E6%98%93%20%E5%A4%96%E5%8C%AF%20%E5%A4%A7%E5%B0%88%E9%99%A2%E6%A0%A1%20%E5%A4%AA%E4%BF%9D%E5%A4%AA%E5%A6%B9%20%E5%AD%B8%E9%BD%A1%E5%85%92%E7%AB%A5%20%E5%B7%A5%E5%BB%A0%E7%99%BB%E8%A8%98%20%E5%BB%BA%E8%A8%AD%E5%B1%80%20%E6%86%B2%E6%B3%95%20%E6%89%92%E6%89%8B%20%E6%95%88%E7%8E%87%20%E6%99%AE%E9%81%B8%20%E6%B0%B4%E5%9C%9F%20%E6%B3%95%E9%99%A2%20%E6%B5%81%E6%B0%93%20%E6%B8%85%E5%AF%92%20%E7%9B%A3%E5%AF%9F%E9%99%A2%20%E7%A7%BB%E9%80%81%20%E7%A8%85%E5%8B%99%20%E7%A8%85%E6%8D%90%20%E7%A8%BD%E5%BE%81%20%E8%81%AF%E7%99%BC%20%E8%87%BA%E4%B8%AD%E5%B8%82%20%E8%87%BA%E7%81%A3%E9%8A%80%E8%A1%8C%20%E8%87%BA%E9%8A%80%20%E8%99%95%E9%95%B7%20%E8%A9%90%E6%AC%BA%20%E8%AD%A6%E5%8B%99%E8%99%95%20%E8%AD%A6%E5%AF%9F%20%E8%BE%B2%E7%94%A2%20%E9%80%A0%E6%9E%97%20%E9%A0%90%E7%AE%97%20%E9%BB%83%E4%B8%BB%20&oid=1568015 HTTP/1.1" 200 5564
66.249.71.239 - - [27/Sep/2015:06:04:33 +0800] "GET /content/repository/resource_content.jsp?oid=2143386 HTTP/1.1" 200 29434
66.249.71.239 - - [27/Sep/2015:06:05:09 +0800] "GET /content/nav/relationSubject.jsp?relationWords=%E5%85%AC%E6%95%99%E4%BA%BA%E5%93%A1+%E9%9B%A2%E5%B3%B6+&oid=1631676 HTTP/1.1" 200 4138
66.249.71.249 - - [27/Sep/2015:06:05:11 +0800] "GET /content/nav/relationSubject.jsp?relationWords=%E5%85%AC%E6%95%99%E4%BA%BA%E5%93%A1%20%E9%9B%A2%E5%B3%B6%20&oid=1631676 HTTP/1.1" 200 4138
66.249.71.239 - - [27/Sep/2015:06:05:13 +0800] "GET /content/repository/resource_content.jsp?oid=1634371 HTTP/1.1" 200 28472
180.217.226.143 - - [27/Sep/2015:06:05:39 +0800] "GET /content/nav/relationSubject.jsp?relationWords=%E5%8F%B0%E7%81%A3%E6%AC%92%E6%A8%B9+%E8%8B%A6%E8%8B%93%E8%88%85+&oid=16777254 HTTP/1.1" 200 4285
66.249.71.249 - - [27/Sep/2015:06:05:55 +0800] "GET /content/repository/resource_content.jsp?oid=1608718 HTTP/1.1" 200 28479
66.249.71.249 - - [27/Sep/2015:06:06:11 +0800] "GET /content/nav/relationSubject.jsp?relationWords=%E9%81%8E%E6%BB%87%E9%8A%85+&oid=2531473 HTTP/1.1" 200 3129
66.249.71.239 - - [27/Sep/2015:06:06:14 +0800] "GET /content/nav/relationSubject.jsp?relationWords=%E9%81%8E%E6%BB%87%E9%8A%85%20&oid=2531473 HTTP/1.1" 200 3129
66.249.79.193 - - [27/Sep/2015:06:06:37 +0800] "GET /content/repository/resource_content.jsp?oid=1780315 HTTP/1.1" 200 28209
66.249.71.229 - - [27/Sep/2015:06:07:04 +0800] "GET /content/nav/relationSubject.jsp?relationWords=%E6%9D%8E%E8%A9%A9%E7%9B%8A+%E8%98%87%E6%B4%AA%E6%9C%88%E5%AC%8C+&oid=1890008 HTTP/1.1" 200 3283
66.249.79.200 - - [27/Sep/2015:06:07:06 +0800] "GET /content/nav/relationSubject.jsp?relationWords=%E6%9D%8E%E8%A9%A9%E7%9B%8A%20%E8%98%87%E6%B4%AA%E6%9C%88%E5%AC%8C%20&oid=1890008 HTTP/1.1" 200 3283
66.249.79.207 - - [27/Sep/2015:06:07:11 +0800] "GET /content/nav/relationSubject.jsp?relationWords=%E6%AE%B7%E5%A2%9F+&oid=4448349 HTTP/1.1" 200 2943
66.249.71.239 - - [27/Sep/2015:06:07:14 +0800] "GET /content/nav/relationSubject.jsp?relationWords=%E6%AE%B7%E5%A2%9F%20&oid=4448349 HTTP/1.1" 200 2943
66.249.79.200 - - [27/Sep/2015:06:07:19 +0800] "GET /content/repository/resource_content.jsp?oid=1600314 HTTP/1.1" 200 28858
150.70.173.6 - - [27/Sep/2015:06:07:37 +0800] "GET /content/repository/resource_content.jsp?oid=1843939&queryString=%E6%8F%90%E6%A2%81%E5%8D%A3%20%E7%8D%B8%E9%9D%A2%E7%B4%8B%20%E9%85%92%E5%99%A8 HTTP/1.1" 200 30406
66.249.71.249 - - [27/Sep/2015:06:07:52 +0800] "GET /content/nav/relationSubject.jsp?relationWords=%E5%95%86%E6%B0%91%E9%83%A8+%E6%81%B0%E5%85%8B%E5%9C%96+%E7%AB%A0%E4%BA%AC+&oid=822333 HTTP/1.1" 200 3213
66.249.71.229 - - [27/Sep/2015:06:08:00 +0800] "GET /content/repository/resource_content.jsp?oid=1617341 HTTP/1.1" 200 28673
207.46.13.171 - - [27/Sep/2015:06:08:09 +0800] "GET /content/nav/relationSubject.jsp?relationWords=&oid=16777459 HTTP/1.1" 200 1405
66.249.71.239 - - [27/Sep/2015:06:08:09 +0800] "GET /content/nav/relationSubject.jsp?relationWords=%E5%95%86%E6%B0%91%E9%83%A8%20%E6%81%B0%E5%85%8B%E5%9C%96%20%E7%AB%A0%E4%BA%AC%20&oid=822333 HTTP/1.1" 200 3213
66.249.71.249 - - [27/Sep/2015:06:08:10 +0800] "GET /content/nav/relationSubject.jsp?relationWords=&oid=2566665 HTTP/1.1" 200 1405
66.249.71.249 - - [27/Sep/2015:06:08:42 +0800] "GET /content/repository/resource_content.jsp?oid=1573791 HTTP/1.1" 200 28533
66.249.71.229 - - [27/Sep/2015:06:08:43 +0800] "GET /content/repository/resource_content.jsp?oid=1889985 HTTP/1.1" 200 28800
66.249.71.249 - - [27/Sep/2015:06:09:01 +0800] "GET /content/nav/relationSubject.jsp?relationWords=%E4%BA%BA%E5%90%8D%E6%AC%8A%E5%A8%81+%E8%8C%83%E5%85%B6%E5%85%89+%E9%8A%9C%E5%90%8D+&oid=702887 HTTP/1.1" 200 3229
66.249.71.239 - - [27/Sep/2015:06:09:03 +0800] "GET /content/nav/relationSubject.jsp?relationWords=%E4%BA%BA%E5%90%8D%E6%AC%8A%E5%A8%81%20%E8%8C%83%E5%85%B6%E5%85%89%20%E9%8A%9C%E5%90%8D%20&oid=702887 HTTP/1.1" 200 3229
66.249.71.239 - - [27/Sep/2015:06:09:24 +0800] "GET /digiarch_en/content/repository/resource_content.jsp?oid=692828&queryString=%E4%BA%BA%E5%90%8D%E6%AC%8A%E5%A8%81%20%E4%BF%84%E4%BA%9E%20%E4%BF%84%E5%9C%8B HTTP/1.1" 200 22690
207.46.13.171 - - [27/Sep/2015:06:09:30 +0800] "GET /content/subject/resource_content.jsp?oid=16777601&queryType=qc HTTP/1.1" 200 59092
66.249.79.193 - - [27/Sep/2015:06:09:57 +0800] "GET /content/nav/relationSubject.jsp?relationWords=%E5%BD%B0%E5%8C%96%E9%8A%80%E8%A1%8C+%E9%80%BE%E6%94%BE%E6%AF%94+&oid=1634371 HTTP/1.1" 200 3292
66.249.71.249 - - [27/Sep/2015:06:10:00 +0800] "GET /content/nav/relationSubject.jsp?relationWords=%E5%BD%B0%E5%8C%96%E9%8A%80%E8%A1%8C%20%E9%80%BE%E6%94%BE%E6%AF%94%20&oid=1634371 HTTP/1.1" 200 3292
66.249.71.229 - - [27/Sep/2015:06:10:06 +0800] "GET /content/repository/resource_content.jsp?oid=1604238 HTTP/1.1" 200 28383
66.249.71.239 - - [27/Sep/2015:06:10:12 +0800] "GET /content/nav/relationSubject.jsp?relationWords=%E7%8F%A0%E4%B8%B2%E9%A0%85%E9%A3%BE+&oid=1780315 HTTP/1.1" 200 2999
66.249.71.239 - - [27/Sep/2015:06:10:24 +0800] "GET /content/nav/relationSubject.jsp?relationWords=%E7%8F%A0%E4%B8%B2%E9%A0%85%E9%A3%BE%20&oid=1780315 HTTP/1.1" 200 2999
66.249.71.229 - - [27/Sep/2015:06:10:45 +0800] "GET /content/nav/relationSubject.jsp?relationWords=&oid=2605015 HTTP/1.1" 200 1405
66.249.79.193 - - [27/Sep/2015:06:10:49 +0800] "GET /content/repository/resource_content.jsp?oid=2144893 HTTP/1.1" 200 28342
66.249.71.249 - - [27/Sep/2015:06:10:49 +0800] "GET /content/nav/relationSubject.jsp?relationWords=%E7%89%B9%E5%AE%9A%E5%8D%80+&oid=1608718 HTTP/1.1" 200 6626
66.249.71.249 - - [27/Sep/2015:06:10:51 +0800] "GET /content/nav/relationSubject.jsp?relationWords=%E7%89%B9%E5%AE%9A%E5%8D%80%20&oid=1608718 HTTP/1.1" 200 6626
66.249.71.229 - - [27/Sep/2015:06:10:55 +0800] "GET /content/nav/relationSubject.jsp?relationWords=%E5%85%AB%E6%97%97+%E5%AE%8C%E6%AC%A0+&oid=2519823 HTTP/1.1" 200 3136
66.249.71.239 - - [27/Sep/2015:06:11:00 +0800] "GET /content/nav/relationSubject.jsp?relationWords=%E5%85%AB%E6%97%97%20%E5%AE%8C%E6%AC%A0%20&oid=2519823 HTTP/1.1" 200 3136
66.249.71.249 - - [27/Sep/2015:06:11:30 +0800] "GET /content/repository/resource_content.jsp?oid=774239 HTTP/1.1" 200 28009
182.118.20.253 - - [27/Sep/2015:06:12:00 +0800] "GET /content/pictures/picture_content.jsp?oid=33554733 HTTP/1.1" 200 27964
66.249.71.249 - - [27/Sep/2015:06:12:04 +0800] "GET /content/repository/resource_content.jsp?oid=1108213&queryString=%E6%A4%8D%E7%89%A9%E7%95%8C%20%E8%89%BE%E7%B4%8D%E9%A6%99%E5%B1%AC%20%E8%8F%8A%E7%A7%91%20%E8%A3%82%E8%91%89%E8%89%BE%E7%B4%8D%E9%A6%99%20%E9%9B%99%E5%AD%90%E8%91%89%E6%A4%8D%E7%89%A9 HTTP/1.1" 200 31828
74.12.38.175 - - [27/Sep/2015:06:12:14 +0800] "GET /content/nav/relationSubject.jsp?relationWords=&oid=16777342 HTTP/1.1" 200 1405
151.80.31.121 - - [27/Sep/2015:06:12:37 +0800] "GET /content/tmp_tec/resource_content.jsp?oid=16777837 HTTP/1.1" 200 35568
66.249.79.193 - - [27/Sep/2015:06:12:54 +0800] "GET /content/repository/resource_content.jsp?oid=1554109 HTTP/1.1" 200 28904
66.249.71.216 - - [27/Sep/2015:06:13:36 +0800] "GET /content/repository/resource_content.jsp?oid=2648797&queryType=qs&queryString=%E6%8C%AA%E5%A2%8A HTTP/1.1" 200 29657
66.249.71.36 - - [27/Sep/2015:06:13:45 +0800] "GET /content/repository/resource_content.jsp?oid=2645262&queryString=%E6%B7%BB%E6%B4%BE HTTP/1.1" 200 30090
66.249.71.229 - - [27/Sep/2015:06:14:06 +0800] "GET /digiarch_en/content/nav/relationSubject.jsp?relationWords=%E5%9F%BA%E5%9B%A0%E5%B7%A5%E7%A8%8B+%E6%96%B0%E7%94%9F%E5%85%92+%E7%96%AB%E8%8B%97+%E8%82%9D%E7%82%8E+%E8%82%9D%E7%82%8E%E7%96%AB%E8%8B%97+%E8%A1%80%E6%BC%BF+&oid=1591032 HTTP/1.1" 200 7114
66.249.71.249 - - [27/Sep/2015:06:14:09 +0800] "GET /digiarch_en/content/nav/relationSubject.jsp?relationWords=%E5%9F%BA%E5%9B%A0%E5%B7%A5%E7%A8%8B%20%E6%96%B0%E7%94%9F%E5%85%92%20%E7%96%AB%E8%8B%97%20%E8%82%9D%E7%82%8E%20%E8%82%9D%E7%82%8E%E7%96%AB%E8%8B%97%20%E8%A1%80%E6%BC%BF%20&oid=1591032 HTTP/1.1" 200 7114
66.249.71.249 - - [27/Sep/2015:06:14:18 +0800] "GET /content/repository/resource_content.jsp?oid=25246 HTTP/1.1" 200 29859
66.249.79.193 - - [27/Sep/2015:06:15:00 +0800] "GET /content/repository/resource_content.jsp?oid=2589570 HTTP/1.1" 200 28771
207.46.13.120 - - [27/Sep/2015:06:15:06 +0800] "GET /content/subject/resource_content.jsp?oid=16777404&queryType=qc HTTP/1.1" 200 27559
66.249.71.239 - - [27/Sep/2015:06:15:08 +0800] "GET /digiarch_en/content/nav/relationSubject.jsp?relationWords=%E8%87%BA%E9%9B%BB+%E8%BE%B2%E6%9D%91%E9%9B%BB%E5%8C%96+%E9%84%89%E5%85%AC%E6%89%80+&oid=1524174 HTTP/1.1" 200 5503
66.249.71.249 - - [27/Sep/2015:06:15:10 +0800] "GET /digiarch_en/content/nav/relationSubject.jsp?relationWords=%E8%87%BA%E9%9B%BB%20%E8%BE%B2%E6%9D%91%E9%9B%BB%E5%8C%96%20%E9%84%89%E5%85%AC%E6%89%80%20&oid=1524174 HTTP/1.1" 200 5503
207.46.13.163 - - [27/Sep/2015:06:15:25 +0800] "GET /content/tmp_exh/resource_content.jsp?oid=16777750&queryType=qc HTTP/1.1" 200 32507
182.118.22.203 - - [27/Sep/2015:06:15:42 +0800] "GET /content/subject/resource_content.jsp?oid=16777286&queryType=qc HTTP/1.1" 200 37571
182.118.21.232 - - [27/Sep/2015:06:16:02 +0800] "GET /content/subject/resource_content.jsp?oid=16777367&queryType=qc HTTP/1.1" 200 26023
66.249.79.200 - - [27/Sep/2015:06:16:24 +0800] "GET /content/repository/resource_content.jsp?oid=1462042 HTTP/1.1" 200 31135
66.249.71.206 - - [27/Sep/2015:06:17:07 +0800] "GET /content/repository/resource_content.jsp?oid=1173472&queryType=qs&queryString=%E6%A5%8A%E5%A7%93 HTTP/1.1" 200 29475
123.125.71.80 - - [27/Sep/2015:06:17:14 +0800] "GET /content/repository/resource_content.jsp?oid=3205259 HTTP/1.1" 200 29491
66.249.71.229 - - [27/Sep/2015:06:17:16 +0800] "GET /content/nav/relationSubject.jsp?relationWords=%E5%85%AC%E6%95%99%E4%BA%BA%E5%93%A1+%E5%B9%B4%E7%B5%82%E7%8D%8E%E9%87%91+%E6%95%88%E7%8E%87+&oid=1554109 HTTP/1.1" 200 4203
66.249.71.54 - - [27/Sep/2015:06:17:18 +0800] "GET /content/nav/relationSubject.jsp?relationWords=%E6%94%BB%E9%98%B2%E6%88%B0%20&oid=4442830 HTTP/1.1" 200 3101
66.249.71.239 - - [27/Sep/2015:06:17:19 +0800] "GET /content/nav/relationSubject.jsp?relationWords=%E5%85%AC%E6%95%99%E4%BA%BA%E5%93%A1%20%E5%B9%B4%E7%B5%82%E7%8D%8E%E9%87%91%20%E6%95%88%E7%8E%87%20&oid=1554109 HTTP/1.1" 200 4203
66.249.79.193 - - [27/Sep/2015:06:17:21 +0800] "GET /content/nav/relationSubject.jsp?relationWords=%E4%BE%BF%E6%B0%91+%E5%BA%9C%E4%BA%A4%E8%B7%AF+%E8%85%B3%E8%B8%8F%E8%BB%8A+&oid=1535794 HTTP/1.1" 200 3205
66.249.71.239 - - [27/Sep/2015:06:17:23 +0800] "GET /content/nav/relationSubject.jsp?relationWords=%E4%BE%BF%E6%B0%91%20%E5%BA%9C%E4%BA%A4%E8%B7%AF%20%E8%85%B3%E8%B8%8F%E8%BB%8A%20&oid=1535794 HTTP/1.1" 200 3205
220.181.108.107 - - [27/Sep/2015:06:17:33 +0800] "GET /content/nav/relationSubject.jsp?relationWords=%E6%98%8E%E5%88%8A%E6%9C%AC+%E8%81%AF%E5%90%88%E7%9B%AE%E9%8C%84+%E8%8D%89%E5%A0%82%E8%A9%A9%E9%A4%98+%E8%A9%9E%E9%81%B8+&oid=3205259 HTTP/1.1" 200 2647
