66.249.71.239 - - [25/Sep/2015:01:02:41 +0800] "GET /content/nav/relationSubject.jsp?relationWords=%E5%9C%B0%E5%83%B9+%E5%B9%B4%E7%B5%82%E7%8D%8E%E9%87%91+%E6%B0%91%E5%9C%8B%E5%9B%9B%E5%8D%81%E4%BA%94%E5%B9%B4+&oid=1544780 HTTP/1.1" 200 3268
66.249.71.229 - - [25/Sep/2015:01:02:45 +0800] "GET /content/repository/resource_content.jsp?oid=175322 HTTP/1.1" 200 30123
66.249.71.249 - - [25/Sep/2015:01:02:45 +0800] "GET /content/nav/relationSubject.jsp?relationWords=%E5%9C%B0%E5%83%B9%20%E5%B9%B4%E7%B5%82%E7%8D%8E%E9%87%91%20%E6%B0%91%E5%9C%8B%E5%9B%9B%E5%8D%81%E4%BA%94%E5%B9%B4%20&oid=1544780 HTTP/1.1" 200 3268
66.249.71.239 - - [25/Sep/2015:01:02:46 +0800] "GET /content/nav/relationSubject.jsp?relationWords=%E4%BF%9D%E7%95%99%E5%9C%B0+%E5%85%AC%E5%85%B1%E8%A8%AD%E6%96%BD+%E5%8D%80%E5%9F%9F%E8%A8%88%E7%95%AB+%E6%B0%B4%E5%85%AC%E5%8F%B8+%E6%B0%B4%E8%B3%87%E6%BA%90+%E8%87%AA%E4%BE%86%E6%B0%B4+%E8%8A%B1%E5%A3%87+%E9%83%BD%E5%B8%82%E8%A8%88%E7%95%AB+&oid=1625605 HTTP/1.1" 200 7941
66.249.79.193 - - [25/Sep/2015:01:02:47 +0800] "GET /content/nav/relationSubject.jsp?relationWords=%E5%85%AC%E7%87%9F%E4%BA%8B%E6%A5%AD+%E5%A4%96%E5%8C%AF+%E7%B6%93%E6%BF%9F%E9%83%A8+%E8%80%95%E8%80%85%E6%9C%89%E5%85%B6%E7%94%B0+%E8%B2%B8%E6%AC%BE+&oid=1524151 HTTP/1.1" 200 4474
66.249.71.249 - - [25/Sep/2015:01:02:49 +0800] "GET /content/repository/resource_content.jsp?oid=1534964 HTTP/1.1" 200 28687
66.249.71.239 - - [25/Sep/2015:01:02:50 +0800] "GET /content/nav/relationSubject.jsp?relationWords=%E4%BF%9D%E7%95%99%E5%9C%B0%20%E5%85%AC%E5%85%B1%E8%A8%AD%E6%96%BD%20%E5%8D%80%E5%9F%9F%E8%A8%88%E7%95%AB%20%E6%B0%B4%E5%85%AC%E5%8F%B8%20%E6%B0%B4%E8%B3%87%E6%BA%90%20%E8%87%AA%E4%BE%86%E6%B0%B4%20%E8%8A%B1%E5%A3%87%20%E9%83%BD%E5%B8%82%E8%A8%88%E7%95%AB%20&oid=1625605 HTTP/1.1" 200 7941
66.249.71.249 - - [25/Sep/2015:01:02:51 +0800] "GET /content/nav/relationSubject.jsp?relationWords=%E5%85%AC%E7%87%9F%E4%BA%8B%E6%A5%AD%20%E5%A4%96%E5%8C%AF%20%E7%B6%93%E6%BF%9F%E9%83%A8%20%E8%80%95%E8%80%85%E6%9C%89%E5%85%B6%E7%94%B0%20%E8%B2%B8%E6%AC%BE%20&oid=1524151 HTTP/1.1" 200 4474
66.249.71.207 - - [25/Sep/2015:01:02:52 +0800] "GET /digiarch/content/repository/resource_content.jsp?oid=1850460 HTTP/1.1" 404 14873
66.249.71.239 - - [25/Sep/2015:01:02:55 +0800] "GET /content/repository/resource_content.jsp?oid=1847995 HTTP/1.1" 200 30057
66.249.71.54 - - [25/Sep/2015:01:02:59 +0800] "GET /content/repository/resource_content.jsp?oid=2684912&queryString=%E5%85%B5%E8%88%B9 HTTP/1.1" 200 30497
66.249.71.239 - - [25/Sep/2015:01:03:00 +0800] "GET /content/nav/relationSubject.jsp?relationWords=%E9%BB%B4%E8%BA%AB%E8%A3%B8%E8%83%B8%E9%AF%99+&oid=18090 HTTP/1.1" 200 3225
66.249.79.200 - - [25/Sep/2015:01:03:02 +0800] "GET /content/nav/relationSubject.jsp?relationWords=%E9%BB%B4%E8%BA%AB%E8%A3%B8%E8%83%B8%E9%AF%99%20&oid=18090 HTTP/1.1" 200 3225
66.249.71.239 - - [25/Sep/2015:01:03:03 +0800] "GET /content/repository/resource_content.jsp?oid=2610795&queryString=%E7%9B%A7%E9%80%B8%E5%B3%B0%20%E9%99%B3%E6%8C%AF%20%E9%BB%83%E6%AD%A3 HTTP/1.1" 200 30121
66.249.71.239 - - [25/Sep/2015:01:03:07 +0800] "GET /content/repository/resource_content.jsp?oid=1543172 HTTP/1.1" 200 32839
66.249.71.229 - - [25/Sep/2015:01:03:09 +0800] "GET /digiarch_en/content/nav/relationSubject.jsp?relationWords=%E4%B8%AD%E8%85%B9%E8%B6%B3%E7%9B%AE+%E8%85%B9%E8%B6%B3%E7%B6%B1+%E8%BB%9F%E9%AB%94%E5%8B%95%E7%89%A9%E9%96%80+%E9%8C%90%E8%9E%BA+&oid=4548982 HTTP/1.1" 200 3468
66.249.79.193 - - [25/Sep/2015:01:03:10 +0800] "GET /digiarch_en/content/nav/relationSubject.jsp?relationWords=%E4%B8%AD%E8%85%B9%E8%B6%B3%E7%9B%AE%20%E8%85%B9%E8%B6%B3%E7%B6%B1%20%E8%BB%9F%E9%AB%94%E5%8B%95%E7%89%A9%E9%96%80%20%E9%8C%90%E8%9E%BA%20&oid=4548982 HTTP/1.1" 200 3468
66.249.71.229 - - [25/Sep/2015:01:03:12 +0800] "GET /content/repository/resource_content.jsp?oid=2516807&queryString=%E6%AC%BD%E5%91%BD%20%E6%B4%AA%E7%82%BA%20%E7%B6%93%E7%95%A5 HTTP/1.1" 200 30017
66.249.79.186 - - [25/Sep/2015:01:03:16 +0800] "GET /content/repository/resource_content.jsp?oid=15447&queryString=%E5%8F%AB%E5%A7%91%E9%AD%9A%20%E5%A7%91%E9%AD%9A%20%E7%9F%B3%E9%A6%96%E9%AD%9A%20%E7%9F%B3%E9%A6%96%E9%AD%9A%E7%A7%91 HTTP/1.1" 200 36257
66.249.71.206 - - [25/Sep/2015:01:03:24 +0800] "GET /content/repository/resource_content.jsp?oid=584797&queryType=qs&queryString=%E5%8F%B0%E5%8E%9F HTTP/1.1" 200 28499
66.249.71.54 - - [25/Sep/2015:01:03:25 +0800] "GET /content/nav/relationSubject.jsp?relationWords=%E5%95%86%E6%A5%AD%E9%8A%80%E8%A1%8C+%E8%8A%9D%E5%8A%A0%E5%93%A5+&oid=589871 HTTP/1.1" 200 4082
66.249.71.249 - - [25/Sep/2015:01:03:27 +0800] "GET /content/repository/resource_content.jsp?oid=2514419 HTTP/1.1" 200 29693
66.249.71.54 - - [25/Sep/2015:01:03:27 +0800] "GET /content/nav/relationSubject.jsp?relationWords=%E5%95%86%E6%A5%AD%E9%8A%80%E8%A1%8C%20%E8%8A%9D%E5%8A%A0%E5%93%A5%20&oid=589871 HTTP/1.1" 200 4082
66.249.79.228 - - [25/Sep/2015:01:03:30 +0800] "GET /content/subject/resource_content.jsp?oid=16777298&queryType=qc HTTP/1.1" 200 28236
66.249.79.200 - - [25/Sep/2015:01:03:31 +0800] "GET /content/nav/relationSubject.jsp?relationWords=%E7%94%A2%E6%A5%AD%E9%81%93%E8%B7%AF+%E7%9C%81%E6%94%BF%E5%BA%9C+&oid=1535672 HTTP/1.1" 200 4522
66.249.79.207 - - [25/Sep/2015:01:03:34 +0800] "GET /content/nav/relationSubject.jsp?relationWords=%E7%94%A2%E6%A5%AD%E9%81%93%E8%B7%AF%20%E7%9C%81%E6%94%BF%E5%BA%9C%20&oid=1535672 HTTP/1.1" 200 4522
66.249.71.105 - - [25/Sep/2015:01:03:37 +0800] "GET /content/repository/resource_content.jsp?oid=2519566&queryType=qs&queryString=%E8%93%AC%E8%90%8A%E7%B8%A3 HTTP/1.1" 200 29629
66.249.71.239 - - [25/Sep/2015:01:03:37 +0800] "GET /content/nav/relationSubject.jsp?relationWords=%E7%97%85%E8%8F%8C+&oid=4501479 HTTP/1.1" 200 6733
66.249.79.207 - - [25/Sep/2015:01:03:40 +0800] "GET /digiarch_en/content/repository/resource_content.jsp?oid=1110941&queryString=%E4%B9%9D%E8%8A%8E%20%E7%B4%AB%E8%96%87%E5%B1%AC HTTP/1.1" 200 23961
66.249.71.249 - - [25/Sep/2015:01:03:40 +0800] "GET /content/nav/relationSubject.jsp?relationWords=%E7%97%85%E8%8F%8C%20&oid=4501479 HTTP/1.1" 200 6733
66.249.71.121 - - [25/Sep/2015:01:03:41 +0800] "GET /content/nav/relationSubject.jsp?relationWords=%E5%90%8F%E9%83%A8+%E5%93%A1%E5%A4%96%E9%83%8E+%E6%96%87%E6%B5%B7+%E6%96%AC%E7%9B%A3%E5%80%99+&oid=2667440 HTTP/1.1" 200 3236
66.249.79.246 - - [25/Sep/2015:01:03:43 +0800] "GET /content/nav/relationSubject.jsp?relationWords=%E5%90%8F%E9%83%A8%20%E5%93%A1%E5%A4%96%E9%83%8E%20%E6%96%87%E6%B5%B7%20%E6%96%AC%E7%9B%A3%E5%80%99%20&oid=2667440 HTTP/1.1" 200 3236
66.249.71.239 - - [25/Sep/2015:01:03:49 +0800] "GET /content/repository/resource_content.jsp?oid=4360720&queryString=%E7%89%A9%E8%B3%AA%E6%96%87%E5%8C%96%20%E9%A6%AC%E5%A4%AA%E5%AE%89 HTTP/1.1" 200 28206
66.249.71.54 - - [25/Sep/2015:01:03:53 +0800] "GET /content/repository/resource_content.jsp?oid=2681857&queryType=qs&queryString=%E6%88%B4%E8%A1%A2%E4%BA%A8 HTTP/1.1" 200 30225
66.249.71.105 - - [25/Sep/2015:01:03:53 +0800] "GET /content/nav/relationSubject.jsp?relationWords=%E5%85%A7%E7%A7%91+%E6%9D%9C%E6%B8%85+%E8%94%A1%E9%8C%A6%E9%B6%AF+&oid=1888264 HTTP/1.1" 200 3258
66.249.71.105 - - [25/Sep/2015:01:03:55 +0800] "GET /content/nav/relationSubject.jsp?relationWords=%E5%85%A7%E7%A7%91%20%E6%9D%9C%E6%B8%85%20%E8%94%A1%E9%8C%A6%E9%B6%AF%20&oid=1888264 HTTP/1.1" 200 3258
66.249.71.206 - - [25/Sep/2015:01:03:57 +0800] "GET /content/repository/resource_content.jsp?oid=1529059&queryType=qs&queryString=%E5%B0%88%E9%96%80%E5%AD%B8%E6%A0%A1 HTTP/1.1" 200 29328
66.249.79.253 - - [25/Sep/2015:01:04:02 +0800] "GET /content/repository/resource_content.jsp?oid=2512610&queryType=qs&queryString=%E5%BC%B5%E6%A5%B7 HTTP/1.1" 200 29875
66.249.71.239 - - [25/Sep/2015:01:04:03 +0800] "GET /content/nav/relationSubject.jsp?relationWords=%E5%86%AC%E9%9D%92%E5%B1%AC+%E5%86%AC%E9%9D%92%E7%A7%91+%E6%A4%8D%E7%89%A9%E7%95%8C+%E8%A1%9B%E7%9F%9B+%E9%87%91%E5%B9%B3%E6%B0%8F%E5%86%AC%E9%9D%92+&oid=1096211 HTTP/1.1" 200 3377
66.249.71.207 - - [25/Sep/2015:01:04:06 +0800] "GET /digiarch3/content/repository/resource_content.jsp?oid=15275&queryType=qs&queryString=%E9%A4%8A%E6%AE%96%E9%AD%9A%E9%A1%9E HTTP/1.1" 200 34134
66.249.71.239 - - [25/Sep/2015:01:04:09 +0800] "GET /content/repository/resource_content.jsp?oid=794182 HTTP/1.1" 200 27821
66.249.71.54 - - [25/Sep/2015:01:04:11 +0800] "GET /content/nav/relationSubject.jsp?relationWords=%E5%8A%89%E6%B4%AA+%E5%91%A8%E5%85%AC+%E5%98%89%E7%A5%A5%E7%B8%A3+%E5%B1%B1%E5%B7%A6+%E6%88%90%E7%8E%8B+%E9%A1%8C%E8%A8%98+&oid=1832825 HTTP/1.1" 200 5016
66.249.71.45 - - [25/Sep/2015:01:04:12 +0800] "GET /content/nav/relationSubject.jsp?relationWords=%E5%8A%89%E6%B4%AA%20%E5%91%A8%E5%85%AC%20%E5%98%89%E7%A5%A5%E7%B8%A3%20%E5%B1%B1%E5%B7%A6%20%E6%88%90%E7%8E%8B%20%E9%A1%8C%E8%A8%98%20&oid=1832825 HTTP/1.1" 200 5016
66.249.71.217 - - [25/Sep/2015:01:04:14 +0800] "GET /digiarch3/content/repository/resource_content.jsp?oid=1081606&queryType=qs&queryString=%E9%9A%86%E9%A0%AD%E9%AD%9A HTTP/1.1" 200 33659
66.249.71.239 - - [25/Sep/2015:01:04:15 +0800] "GET /content/repository/resource_content.jsp?oid=2144677 HTTP/1.1" 200 30965
66.249.79.193 - - [25/Sep/2015:01:04:36 +0800] "GET /content/nav/relationSubject.jsp?relationWords=%E8%9D%B4%E8%9D%B6%E9%AD%9A%E7%A7%91+%E9%8A%80%E6%96%91%E8%9D%B6%E9%AD%9A+&oid=4355853 HTTP/1.1" 200 3227
66.249.71.239 - - [25/Sep/2015:01:04:39 +0800] "GET /content/nav/relationSubject.jsp?relationWords=%E8%9D%B4%E8%9D%B6%E9%AD%9A%E7%A7%91%20%E9%8A%80%E6%96%91%E8%9D%B6%E9%AD%9A%20&oid=4355853 HTTP/1.1" 200 3227
66.249.71.229 - - [25/Sep/2015:01:04:50 +0800] "GET /content/nav/relationSubject.jsp?relationWords=%E4%BA%A4%E9%80%9A%E9%83%A8+%E7%94%B2%E7%A8%AE%E8%BB%8A%E8%BC%9B+&oid=1560962 HTTP/1.1" 200 5170
66.249.71.217 - - [25/Sep/2015:01:04:52 +0800] "GET /content/repository/resource_content.jsp?oid=1893920&queryType=qs&queryString=%E8%98%87%E6%96%87%E9%9B%84 HTTP/1.1" 200 28875
66.249.71.229 - - [25/Sep/2015:01:04:53 +0800] "GET /content/nav/relationSubject.jsp?relationWords=%E4%BA%A4%E9%80%9A%E9%83%A8%20%E7%94%B2%E7%A8%AE%E8%BB%8A%E8%BC%9B%20&oid=1560962 HTTP/1.1" 200 5170
66.249.71.229 - - [25/Sep/2015:01:04:56 +0800] "GET /content/nav/relationSubject.jsp?relationWords=%E5%8F%83%E8%AD%B0%E6%9C%83+%E5%8F%B0%E5%8D%97%E7%B8%A3%E6%94%BF%E5%BA%9C+%E5%8F%B0%E7%81%A3%E7%9C%81+%E5%90%88%E4%BD%9C%E8%BE%B2%E5%A0%B4+%E5%BB%96%E8%88%88+%E5%BC%B5%E5%A2%9E%E9%BD%A1+%E7%81%A3%E7%9C%81%E6%94%BF%E5%BA%9C+&oid=1516696 HTTP/1.1" 200 5525
66.249.71.249 - - [25/Sep/2015:01:05:00 +0800] "GET /content/nav/relationSubject.jsp?relationWords=%E5%8F%83%E8%AD%B0%E6%9C%83%20%E5%8F%B0%E5%8D%97%E7%B8%A3%E6%94%BF%E5%BA%9C%20%E5%8F%B0%E7%81%A3%E7%9C%81%20%E5%90%88%E4%BD%9C%E8%BE%B2%E5%A0%B4%20%E5%BB%96%E8%88%88%20%E5%BC%B5%E5%A2%9E%E9%BD%A1%20%E7%81%A3%E7%9C%81%E6%94%BF%E5%BA%9C%20&oid=1516696 HTTP/1.1" 200 5525
66.249.71.121 - - [25/Sep/2015:01:05:06 +0800] "GET /content/nav/relationSubject.jsp?relationWords=%E5%90%B3%E7%9F%B3+%E5%B0%8F%E6%B8%AF%E9%84%89+%E7%9C%81%E6%94%BF%E5%BA%9C+%E7%9F%B3%E6%A5%A0+%E9%83%BD%E5%B8%82%E8%A8%88%E5%8A%83+%E9%AB%98%E9%9B%84%E5%B8%82+&oid=1532096 HTTP/1.1" 200 4692
66.249.71.105 - - [25/Sep/2015:01:05:08 +0800] "GET /content/nav/relationSubject.jsp?relationWords=%E5%90%B3%E7%9F%B3%20%E5%B0%8F%E6%B8%AF%E9%84%89%20%E7%9C%81%E6%94%BF%E5%BA%9C%20%E7%9F%B3%E6%A5%A0%20%E9%83%BD%E5%B8%82%E8%A8%88%E5%8A%83%20%E9%AB%98%E9%9B%84%E5%B8%82%20&oid=1532096 HTTP/1.1" 200 4692
66.249.79.193 - - [25/Sep/2015:01:05:12 +0800] "GET /digiarch_en/content/nav/relationSubject.jsp?relationWords=%E5%A4%AA%E6%AD%B2+&oid=4363006 HTTP/1.1" 200 2980
66.249.79.200 - - [25/Sep/2015:01:05:14 +0800] "GET /content/repository/resource_content.jsp?oid=2543860 HTTP/1.1" 200 29116
66.249.71.249 - - [25/Sep/2015:01:05:14 +0800] "GET /digiarch_en/content/nav/relationSubject.jsp?relationWords=%E5%A4%AA%E6%AD%B2%20&oid=4363006 HTTP/1.1" 200 2980
66.249.71.229 - - [25/Sep/2015:01:05:16 +0800] "GET /content/repository/resource_content.jsp?oid=1632891 HTTP/1.1" 200 28797
66.249.71.229 - - [25/Sep/2015:01:05:19 +0800] "GET /content/repository/resource_content.jsp?oid=2150389 HTTP/1.1" 200 30435
66.249.71.229 - - [25/Sep/2015:01:05:19 +0800] "GET /content/nav/relationSubject.jsp?relationWords=&oid=2595411 HTTP/1.1" 200 1405
66.249.71.229 - - [25/Sep/2015:01:05:21 +0800] "GET /content/repository/resource_content.jsp?oid=762104 HTTP/1.1" 200 27973
66.249.71.216 - - [25/Sep/2015:01:05:22 +0800] "GET /content/subject/resource_content.jsp?oid=16777389&queryType=qs&queryString=%E8%BE%B2%E6%B0%91%E9%81%8B%E5%8B%95 HTTP/1.1" 200 27855
66.249.71.113 - - [25/Sep/2015:01:05:22 +0800] "GET /content/nav/relationSubject.jsp?relationWords=%E5%B0%96%E9%A0%AD%E9%BE%8D+%E7%8A%81%E9%A0%AD+%E9%A3%AF%E5%8C%99%E9%AF%8A+%E9%AD%B4%E4%BB%94+%E9%BE%8D%E7%B4%8B+&oid=14175 HTTP/1.1" 200 3554
66.249.79.207 - - [25/Sep/2015:01:05:24 +0800] "GET /digiarch_en/content/repository/resource_content.jsp?oid=2679009&queryString=%E5%8D%A1%E5%80%AB%20%E5%96%80%E6%8B%89%20%E6%9F%A5%E9%96%B1 HTTP/1.1" 200 24254
66.249.71.105 - - [25/Sep/2015:01:05:25 +0800] "GET /content/nav/relationSubject.jsp?relationWords=%E5%B0%96%E9%A0%AD%E9%BE%8D%20%E7%8A%81%E9%A0%AD%20%E9%A3%AF%E5%8C%99%E9%AF%8A%20%E9%AD%B4%E4%BB%94%20%E9%BE%8D%E7%B4%8B%20&oid=14175 HTTP/1.1" 200 3554
66.249.79.193 - - [25/Sep/2015:01:05:28 +0800] "GET /content/repository/resource_content.jsp?oid=1851658 HTTP/1.1" 200 29508
66.249.71.249 - - [25/Sep/2015:01:05:40 +0800] "GET /content/repository/resource_content.jsp?oid=1107937 HTTP/1.1" 200 30882
68.180.228.24 - - [25/Sep/2015:01:05:43 +0800] "GET /content/subject/resource_content.jsp?oid=16777378&queryType=qc HTTP/1.1" 200 33340
123.125.71.78 - - [25/Sep/2015:01:05:44 +0800] "GET /content/subject/resource_content.jsp?oid=16777600 HTTP/1.1" 200 50315
66.249.71.105 - - [25/Sep/2015:01:05:44 +0800] "GET /content/repository/resource_content.jsp?oid=2671806&queryType=qs&queryString=%E9%B9%BD%E6%A2%9F HTTP/1.1" 200 29989
66.249.71.249 - - [25/Sep/2015:01:05:46 +0800] "GET /content/nav/relationSubject.jsp?relationWords=%E8%87%BA%E7%81%A3%E7%9C%81%E8%AD%B0%E6%9C%83+%E8%AD%B0%E9%95%B7+&oid=1620023 HTTP/1.1" 200 5898
66.249.71.121 - - [25/Sep/2015:01:05:49 +0800] "GET /content/repository/resource_content.jsp?oid=4354656&queryType=qs&queryString=%E8%BB%9F%E7%B5%84%E7%B9%94 HTTP/1.1" 200 34311
66.249.79.200 - - [25/Sep/2015:01:05:50 +0800] "GET /content/nav/relationSubject.jsp?relationWords=%E8%87%BA%E7%81%A3%E7%9C%81%E8%AD%B0%E6%9C%83%20%E8%AD%B0%E9%95%B7%20&oid=1620023 HTTP/1.1" 200 5898
123.125.71.55 - - [25/Sep/2015:01:05:51 +0800] "GET /content/nav/relationSubject.jsp?relationWords=&oid=16777600 HTTP/1.1" 200 1405
66.249.71.121 - - [25/Sep/2015:01:05:53 +0800] "GET /content/repository/resource_content.jsp?oid=1779003&queryType=qs&queryString=%E4%BD%B5%E7%99%BC%E7%97%87 HTTP/1.1" 200 35932
66.249.79.200 - - [25/Sep/2015:01:06:00 +0800] "GET /content/nav/relationSubject.jsp?relationWords=%E5%B0%8F%E6%B8%AF%E9%84%89+%E6%B0%B4%E5%88%A9%E5%B1%80+%E7%B4%85%E6%AF%9B%E6%B8%AF+&oid=1633773 HTTP/1.1" 200 5016
66.249.79.193 - - [25/Sep/2015:01:06:02 +0800] "GET /content/repository/resource_content.jsp?oid=1570757 HTTP/1.1" 200 28658
66.249.79.207 - - [25/Sep/2015:01:06:02 +0800] "GET /content/nav/relationSubject.jsp?relationWords=%E5%B0%8F%E6%B8%AF%E9%84%89%20%E6%B0%B4%E5%88%A9%E5%B1%80%20%E7%B4%85%E6%AF%9B%E6%B8%AF%20&oid=1633773 HTTP/1.1" 200 5016
66.249.79.207 - - [25/Sep/2015:01:06:04 +0800] "GET /digiarch_en/content/repository/resource_content.jsp?oid=1530316&queryString=%E7%B4%80%E5%BF%B5%E9%A4%A8%20%E8%83%A1%E9%81%A9%20%E9%81%A9%E4%B9%8B HTTP/1.1" 200 23221
66.249.79.193 - - [25/Sep/2015:01:06:04 +0800] "GET /content/nav/relationSubject.jsp?relationWords=%E6%A3%98%E8%8C%84%E9%AD%9A+%E7%B4%85%E7%89%99%E6%A3%98%E8%8C%84%E9%AD%9A+&oid=4354317 HTTP/1.1" 200 3411
66.249.79.207 - - [25/Sep/2015:01:06:07 +0800] "GET /content/nav/relationSubject.jsp?relationWords=%E6%A3%98%E8%8C%84%E9%AD%9A%20%E7%B4%85%E7%89%99%E6%A3%98%E8%8C%84%E9%AD%9A%20&oid=4354317 HTTP/1.1" 200 3411
66.249.71.249 - - [25/Sep/2015:01:06:09 +0800] "GET /content/repository/resource_content.jsp?oid=1552057 HTTP/1.1" 200 28615
66.249.79.207 - - [25/Sep/2015:01:06:18 +0800] "GET /content/repository/resource_content.jsp?oid=1623019 HTTP/1.1" 200 28797
66.249.71.229 - - [25/Sep/2015:01:06:20 +0800] "GET /content/nav/relationSubject.jsp?relationWords=%E5%9C%B0%E7%B1%8D%E5%9C%96+&oid=187649 HTTP/1.1" 200 4180
120.101.40.196 - - [25/Sep/2015:01:06:21 +0800] "GET /content/repository/resource_content.jsp?oid=3825234&queryString=%E6%A4%8D%E7%89%A9%E7%95%8C%20%E6%AF%9B%E8%8C%9B%20%E6%AF%9B%E8%8C%9B%E7%A7%91%20%E7%83%8F%E9%A0%AD%E5%B1%AC%20%E8%94%93%E7%83%8F%E9%A0%AD HTTP/1.1" 200 31420
66.249.71.249 - - [25/Sep/2015:01:06:22 +0800] "GET /content/repository/resource_content.jsp?oid=1776947&queryString=%E9%A6%98%E9%A6%96 HTTP/1.1" 200 29672
120.101.40.196 - - [25/Sep/2015:01:06:22 +0800] "GET /content/nav/relationSubject.jsp?relationWords=%E6%A4%8D%E7%89%A9%E7%95%8C+%E6%AF%9B%E8%8C%9B+%E6%AF%9B%E8%8C%9B%E7%A7%91+%E7%83%8F%E9%A0%AD%E5%B1%AC+%E8%94%93%E7%83%8F%E9%A0%AD+&oid=3825234 HTTP/1.1" 200 3376
66.249.71.229 - - [25/Sep/2015:01:06:26 +0800] "GET /content/nav/relationSubject.jsp?relationWords=%E5%9C%B0%E7%B1%8D%E5%9C%96%20&oid=187649 HTTP/1.1" 200 4180
66.249.71.249 - - [25/Sep/2015:01:06:31 +0800] "GET /content/nav/relationSubject.jsp?relationWords=%E5%9C%96%E6%8E%A5%E5%90%88%E8%A1%A8+%E5%9C%B0%E5%BD%A2%E5%9C%96+%E5%BD%B0%E5%BE%B7%E5%BA%9C+&oid=175859 HTTP/1.1" 200 3181
66.249.71.45 - - [25/Sep/2015:01:06:34 +0800] "GET /content/repository/resource_content.jsp?oid=1543019&queryString=%E6%9F%91%E6%A9%98 HTTP/1.1" 200 30987
66.249.71.229 - - [25/Sep/2015:01:06:35 +0800] "GET /content/nav/relationSubject.jsp?relationWords=%E5%9C%96%E6%8E%A5%E5%90%88%E8%A1%A8%20%E5%9C%B0%E5%BD%A2%E5%9C%96%20%E5%BD%B0%E5%BE%B7%E5%BA%9C%20&oid=175859 HTTP/1.1" 200 3181
66.249.79.195 - - [25/Sep/2015:01:06:38 +0800] "GET /content/repository/resource_content.jsp?oid=2683086&queryType=qs&queryString=%E6%9C%94%E5%B9%B3%E5%BA%9C HTTP/1.1" 200 30336
66.249.71.226 - - [25/Sep/2015:01:06:40 +0800] "GET /content/nav/relationSubject.jsp?relationWords=%E5%90%8F%E9%83%A8+%E5%BD%99%E9%A1%8C+&oid=2643683 HTTP/1.1" 200 4021
66.249.71.216 - - [25/Sep/2015:01:06:42 +0800] "GET /content/nav/relationSubject.jsp?relationWords=%E5%90%8F%E9%83%A8%20%E5%BD%99%E9%A1%8C%20&oid=2643683 HTTP/1.1" 200 4021
66.249.79.193 - - [25/Sep/2015:01:06:51 +0800] "GET /content/repository/resource_content.jsp?oid=205386 HTTP/1.1" 200 30369
66.249.71.249 - - [25/Sep/2015:01:06:51 +0800] "GET /content/nav/relationSubject.jsp?relationWords=%E5%81%9C%E8%BB%8A%E5%A0%B4+%E6%A4%8D%E7%89%A9%E4%BA%BA+%E6%AE%98%E9%9A%9C%E7%A6%8F%E5%88%A9%E6%B3%95+%E7%A4%BE%E6%9C%83%E8%99%95+%E8%87%BA%E6%B1%BD+%E9%81%8A%E6%A8%82%E8%A8%AD%E6%96%BD+%E9%81%95%E7%AB%A0%E5%BB%BA%E7%AF%89+%E9%AB%98%E7%88%BE%E5%A4%AB+&oid=1614366 HTTP/1.1" 200 7843
180.188.176.21 - - [25/Sep/2015:01:06:54 +0800] "GET /content/nav/relationSubject.jsp?relationWords=%E5%B1%B1%E8%8A%99%E8%93%89+%E6%9C%A8%E8%8A%99%E8%93%89+%E8%96%9B%E6%BF%A4+%E9%86%89%E8%8A%99%E8%93%89+&oid=16777260 HTTP/1.1" 200 4595
66.249.79.193 - - [25/Sep/2015:01:06:54 +0800] "GET /content/nav/relationSubject.jsp?relationWords=%E5%81%9C%E8%BB%8A%E5%A0%B4%20%E6%A4%8D%E7%89%A9%E4%BA%BA%20%E6%AE%98%E9%9A%9C%E7%A6%8F%E5%88%A9%E6%B3%95%20%E7%A4%BE%E6%9C%83%E8%99%95%20%E8%87%BA%E6%B1%BD%20%E9%81%8A%E6%A8%82%E8%A8%AD%E6%96%BD%20%E9%81%95%E7%AB%A0%E5%BB%BA%E7%AF%89%20%E9%AB%98%E7%88%BE%E5%A4%AB%20&oid=1614366 HTTP/1.1" 200 7843
66.249.71.239 - - [25/Sep/2015:01:06:56 +0800] "GET /content/nav/relationSubject.jsp?relationWords=%E4%B8%AD%E8%85%B9%E8%B6%B3%E7%9B%AE+%E5%B1%B1%E8%9D%B8%E7%89%9B%E7%A7%91+%E8%85%B9%E8%B6%B3%E7%B6%B1+%E9%AB%98%E5%A1%94%E5%BE%AE%E5%B1%B1%E8%9D%B8%E7%89%9B+&oid=1636941 HTTP/1.1" 200 3335
66.249.71.239 - - [25/Sep/2015:01:06:58 +0800] "GET /content/repository/resource_content.jsp?oid=2627727 HTTP/1.1" 200 29538
66.249.79.193 - - [25/Sep/2015:01:06:59 +0800] "GET /content/subject/resource_content.jsp?oid=16777421 HTTP/1.1" 200 34298
66.249.71.229 - - [25/Sep/2015:01:07:00 +0800] "GET /content/nav/relationSubject.jsp?relationWords=%E4%B8%AD%E8%85%B9%E8%B6%B3%E7%9B%AE%20%E5%B1%B1%E8%9D%B8%E7%89%9B%E7%A7%91%20%E8%85%B9%E8%B6%B3%E7%B6%B1%20%E9%AB%98%E5%A1%94%E5%BE%AE%E5%B1%B1%E8%9D%B8%E7%89%9B%20&oid=1636941 HTTP/1.1" 200 3335
66.249.71.239 - - [25/Sep/2015:01:07:03 +0800] "GET /content/repository/resource_content.jsp?oid=1601360 HTTP/1.1" 200 28481
66.249.71.229 - - [25/Sep/2015:01:07:03 +0800] "GET /content/nav/relationSubject.jsp?relationWords=%E5%90%88%E8%90%8C+%E5%90%88%E8%90%8C%E5%B1%AC+%E6%A4%8D%E7%89%A9%E7%95%8C+%E8%A0%B6%E8%B1%86+%E9%9B%99%E5%AD%90%E8%91%89%E6%A4%8D%E7%89%A9+&oid=2148838 HTTP/1.1" 200 3334
66.249.71.249 - - [25/Sep/2015:01:07:04 +0800] "GET /content/nav/relationSubject.jsp?relationWords=%E5%90%88%E8%90%8C%20%E5%90%88%E8%90%8C%E5%B1%AC%20%E6%A4%8D%E7%89%A9%E7%95%8C%20%E8%A0%B6%E8%B1%86%20%E9%9B%99%E5%AD%90%E8%91%89%E6%A4%8D%E7%89%A9%20&oid=2148838 HTTP/1.1" 200 3334
66.249.71.105 - - [25/Sep/2015:01:07:08 +0800] "GET /content/repository/resource_content.jsp?oid=2552865&queryType=qs&queryString=%E5%A4%AB%E9%A6%AC HTTP/1.1" 200 30333
66.249.71.229 - - [25/Sep/2015:01:07:09 +0800] "GET /content/nav/relationSubject.jsp?relationWords=%E6%9D%8E%E5%AD%90%E9%A7%B8+%E6%9E%97%E5%BF%A0+&oid=1890752 HTTP/1.1" 200 3259
66.249.71.239 - - [25/Sep/2015:01:07:11 +0800] "GET /content/repository/resource_content.jsp?oid=4353619&queryString=%E6%A9%AB%E5%B8%B6%20%E6%B2%99%E9%B0%8D HTTP/1.1" 200 33500
66.249.71.229 - - [25/Sep/2015:01:07:12 +0800] "GET /content/nav/relationSubject.jsp?relationWords=%E6%9D%8E%E5%AD%90%E9%A7%B8%20%E6%9E%97%E5%BF%A0%20&oid=1890752 HTTP/1.1" 200 3259
66.249.71.45 - - [25/Sep/2015:01:07:15 +0800] "GET /content/repository/resource_content.jsp?oid=1554852&queryString=%E6%88%B4%E9%80%B2%20%E7%B5%B3%E5%B7%9E%E6%9D%B1%E9%9B%8D%20%E9%99%A2%E6%9C%AC HTTP/1.1" 200 29364
66.249.71.206 - - [25/Sep/2015:01:07:16 +0800] "GET /content/repository/resource_content.jsp?oid=2660730&queryType=qs&queryString=%E8%AA%A5%E5%91%BD HTTP/1.1" 200 30043
66.249.71.239 - - [25/Sep/2015:01:07:24 +0800] "GET /content/repository/resource_content.jsp?oid=1126238 HTTP/1.1" 200 32017
66.249.71.239 - - [25/Sep/2015:01:07:35 +0800] "GET /content/nav/relationSubject.jsp?relationWords=%E7%9C%81%E6%94%BF%E5%BA%9C+%E9%80%A0%E6%9E%97+&oid=1518418 HTTP/1.1" 200 4492
66.249.79.193 - - [25/Sep/2015:01:07:37 +0800] "GET /content/nav/relationSubject.jsp?relationWords=%E7%9C%81%E6%94%BF%E5%BA%9C%20%E9%80%A0%E6%9E%97%20&oid=1518418 HTTP/1.1" 200 4492
68.180.228.24 - - [25/Sep/2015:01:07:39 +0800] "GET /digiarch_en/content/subject/resource_content.jsp?oid=16777743&queryType=qc HTTP/1.1" 200 27660
66.249.71.105 - - [25/Sep/2015:01:07:53 +0800] "GET /content/nav/relationSubject.jsp?relationWords=%E4%BA%BA%E5%90%8D%E6%AC%8A%E5%A8%81+%E4%BB%A3%E9%81%94+%E5%8A%89%E5%B4%87%E5%82%91+%E5%8F%83%E8%AC%80%E7%B8%BD%E9%95%B7+%E5%B8%8C%E4%BB%A3+&oid=755586 HTTP/1.1" 200 3626
66.249.71.121 - - [25/Sep/2015:01:07:55 +0800] "GET /content/nav/relationSubject.jsp?relationWords=%E4%BA%BA%E5%90%8D%E6%AC%8A%E5%A8%81%20%E4%BB%A3%E9%81%94%20%E5%8A%89%E5%B4%87%E5%82%91%20%E5%8F%83%E8%AC%80%E7%B8%BD%E9%95%B7%20%E5%B8%8C%E4%BB%A3%20&oid=755586 HTTP/1.1" 200 3626
50.140.200.63 - - [25/Sep/2015:01:08:09 +0800] "GET /content/nav/relationSubject.jsp?relationWords=%E7%83%8F%E5%BF%83%E7%9F%B3+%E9%B1%B8%E9%B0%BB+&oid=16777303 HTTP/1.1" 200 4004
66.249.71.229 - - [25/Sep/2015:01:08:15 +0800] "GET /content/repository/resource_content.jsp?oid=1583733 HTTP/1.1" 200 28578
66.249.79.193 - - [25/Sep/2015:01:08:18 +0800] "GET /content/repository/resource_content.jsp?oid=1563869 HTTP/1.1" 200 28611
66.249.71.249 - - [25/Sep/2015:01:08:19 +0800] "GET /content/repository/resource_content.jsp?oid=1543131 HTTP/1.1" 200 29182
66.249.71.229 - - [25/Sep/2015:01:08:22 +0800] "GET /content/repository/resource_content.jsp?oid=1780643&queryString=%E5%A5%97%E8%A2%96 HTTP/1.1" 200 29424
66.249.71.206 - - [25/Sep/2015:01:08:28 +0800] "GET /content/repository/resource_content.jsp?oid=1515749&queryString=%E5%A4%9A%E5%AA%92%E9%AB%94%20%E5%AA%92%E9%AB%94%20%E6%95%B8%E4%BD%8D%E5%85%B8%E8%97%8F%20%E6%AA%94%E6%A1%88%E7%AE%A1%E7%90%86 HTTP/1.1" 200 29149
66.249.71.45 - - [25/Sep/2015:01:08:34 +0800] "GET /content/subject/resource_content.jsp?oid=16777401&queryType=qs&queryString=%E9%98%BF%E5%8B%83%E5%8B%92 HTTP/1.1" 200 28705
66.249.71.121 - - [25/Sep/2015:01:08:34 +0800] "GET /content/nav/relationSubject.jsp?relationWords=%E6%94%B6%E7%9B%8A%E6%A1%88+%E8%BE%B2%E6%A5%AD%E6%A9%9F%E6%A2%B0%E5%8C%96+%E8%BE%B2%E6%A9%9F%E5%85%B7+%E8%BE%B2%E7%94%A2%E5%93%81+&oid=1601874 HTTP/1.1" 200 4043
66.249.71.105 - - [25/Sep/2015:01:08:36 +0800] "GET /content/nav/relationSubject.jsp?relationWords=%E6%94%B6%E7%9B%8A%E6%A1%88%20%E8%BE%B2%E6%A5%AD%E6%A9%9F%E6%A2%B0%E5%8C%96%20%E8%BE%B2%E6%A9%9F%E5%85%B7%20%E8%BE%B2%E7%94%A2%E5%93%81%20&oid=1601874 HTTP/1.1" 200 4043
66.249.71.54 - - [25/Sep/2015:01:08:41 +0800] "GET /content/repository/resource_content.jsp?oid=2650840&queryString=%E8%A5%B2%E5%B0%81 HTTP/1.1" 200 30004
66.249.71.121 - - [25/Sep/2015:01:08:43 +0800] "GET /content/repository/resource_content.jsp?oid=1887829&queryType=qs&queryString=%E5%90%B3%E7%99%BE%E5%B7%9D HTTP/1.1" 200 29998
66.249.71.249 - - [25/Sep/2015:01:08:44 +0800] "GET /content/subject/resource_content.jsp?oid=16797282&queryType=qc HTTP/1.1" 200 78895
66.249.79.207 - - [25/Sep/2015:01:08:49 +0800] "GET /content/repository/resource_content.jsp?oid=185184 HTTP/1.1" 200 30210
66.249.79.193 - - [25/Sep/2015:01:08:52 +0800] "GET /content/repository/resource_content.jsp?oid=1776536 HTTP/1.1" 200 27515
66.249.71.229 - - [25/Sep/2015:01:08:56 +0800] "GET /content/repository/resource_content.jsp?oid=1809998&queryString=%E5%AD%94%E9%96%80%20%E6%95%A6%E7%85%8C%20%E6%AD%A6%E6%96%91%E7%A5%A0%20%E6%AD%A6%E6%B0%8F%E7%A5%A0%E5%B7%A6%E7%9F%B3%E5%AE%A4%20%E7%95%AB%E5%83%8F%E7%9F%B3%20%E9%95%B7%E5%8F%B2%20%E9%9D%88%E7%95%B0%20%E9%A1%8C%E8%A8%98 HTTP/1.1" 200 43880
66.249.71.196 - - [25/Sep/2015:01:08:59 +0800] "GET /digiarch3/content/repository/resource_content.jsp?oid=4353262&queryString=%E6%A2%9D%E7%B4%8B%E8%93%8B%E5%88%BA%E9%AD%9A HTTP/1.1" 200 35352
66.249.71.196 - - [25/Sep/2015:01:09:02 +0800] "GET /content/repository/resource_content.jsp?oid=15294&queryString=%E7%83%8F%E5%B0%BE%E5%86%AC%E4%BB%94 HTTP/1.1" 200 34855
66.249.79.200 - - [25/Sep/2015:01:09:08 +0800] "GET /content/repository/resource_content.jsp?oid=2470356 HTTP/1.1" 200 28843
66.249.79.207 - - [25/Sep/2015:01:09:11 +0800] "GET /content/repository/resource_content.jsp?oid=821934 HTTP/1.1" 200 27965
66.249.71.216 - - [25/Sep/2015:01:09:15 +0800] "GET /content/nav/relationSubject.jsp?relationWords=%E5%85%A7%E8%8B%B3%E5%AD%90+%E6%A4%8D%E7%89%A9%E7%95%8C+%E6%A8%9F%E7%A7%91+%E9%87%A3%E6%A8%9F%E5%B1%AC+&oid=1104646 HTTP/1.1" 200 3265
66.249.79.195 - - [25/Sep/2015:01:09:16 +0800] "GET /content/nav/relationSubject.jsp?relationWords=%E5%85%A7%E8%8B%B3%E5%AD%90%20%E6%A4%8D%E7%89%A9%E7%95%8C%20%E6%A8%9F%E7%A7%91%20%E9%87%A3%E6%A8%9F%E5%B1%AC%20&oid=1104646 HTTP/1.1" 200 3265
66.249.71.229 - - [25/Sep/2015:01:09:18 +0800] "GET /content/repository/resource_content.jsp?oid=1898184 HTTP/1.1" 200 28990
66.249.79.195 - - [25/Sep/2015:01:09:22 +0800] "GET /content/repository/resource_content.jsp?oid=2678990&queryType=qs&queryString=%E6%B0%B4%E5%B8%AB%E7%87%9F HTTP/1.1" 200 30218
66.249.71.105 - - [25/Sep/2015:01:09:23 +0800] "GET /content/nav/relationSubject.jsp?relationWords=%E5%85%AC%E8%B3%A3%E5%B1%80+%E5%88%9D%E4%B8%AD+%E5%9C%9F%E5%9C%B0%E5%A2%9E%E5%80%BC%E7%A8%85+%E6%95%99%E8%82%B2%E6%94%BF%E7%AD%96+%E6%96%B0%E6%95%99+%E6%A0%A1%E8%88%8D+%E6%B1%9F%E5%AD%90%E7%BF%A0+%E8%87%BA%E5%8C%97%E5%B8%82+%E8%8F%AF%E6%B1%9F+%E8%B3%AA%E8%A9%A2+%E9%98%B2%E6%B4%AA+%E9%99%B3%E6%84%B7+&oid=1548323 HTTP/1.1" 200 5052
66.249.71.105 - - [25/Sep/2015:01:09:25 +0800] "GET /content/nav/relationSubject.jsp?relationWords=%E5%85%AC%E8%B3%A3%E5%B1%80%20%E5%88%9D%E4%B8%AD%20%E5%9C%9F%E5%9C%B0%E5%A2%9E%E5%80%BC%E7%A8%85%20%E6%95%99%E8%82%B2%E6%94%BF%E7%AD%96%20%E6%96%B0%E6%95%99%20%E6%A0%A1%E8%88%8D%20%E6%B1%9F%E5%AD%90%E7%BF%A0%20%E8%87%BA%E5%8C%97%E5%B8%82%20%E8%8F%AF%E6%B1%9F%20%E8%B3%AA%E8%A9%A2%20%E9%98%B2%E6%B4%AA%20%E9%99%B3%E6%84%B7%20&oid=1548323 HTTP/1.1" 200 5052
66.249.79.188 - - [25/Sep/2015:01:09:30 +0800] "GET /content/repository/resource_content.jsp?oid=4512146&queryType=qs&queryString=%E7%9B%B8%E5%B7%9E HTTP/1.1" 200 28970
66.249.79.200 - - [25/Sep/2015:01:09:33 +0800] "GET /content/repository/resource_content.jsp?oid=1523214 HTTP/1.1" 200 28930
66.249.71.239 - - [25/Sep/2015:01:09:36 +0800] "GET /content/tmp_exh/resource_content.jsp?oid=16777848&queryType=qc HTTP/1.1" 200 37207
66.249.71.239 - - [25/Sep/2015:01:09:38 +0800] "GET /content/repository/resource_content.jsp?oid=4354162&queryString=%E5%A4%A9%E4%BD%BF%20%E6%89%81%E9%AF%8A%20%E6%93%AC%E8%83%8C%E6%96%91%20%E7%90%B5%E7%90%B6%E9%AE%AB HTTP/1.1" 200 33326
66.249.71.216 - - [25/Sep/2015:01:09:41 +0800] "GET /content/nav/relationSubject.jsp?relationWords=%E6%88%90%E4%BB%94%E4%B8%81+%E6%B5%B7%E9%AF%B0+%E7%99%BD%E8%82%89+&oid=4353870 HTTP/1.1" 200 3497
66.249.71.239 - - [25/Sep/2015:01:09:43 +0800] "GET /content/repository/resource_content.jsp?oid=1195079 HTTP/1.1" 200 29078
66.249.71.226 - - [25/Sep/2015:01:09:44 +0800] "GET /content/nav/relationSubject.jsp?relationWords=%E6%88%90%E4%BB%94%E4%B8%81%20%E6%B5%B7%E9%AF%B0%20%E7%99%BD%E8%82%89%20&oid=4353870 HTTP/1.1" 200 3497
66.249.71.226 - - [25/Sep/2015:01:09:52 +0800] "GET /content/repository/resource_content.jsp?oid=1587962&queryString=%E6%89%80%E5%BE%97%E7%A8%85%E7%A8%85%E7%8E%87%20%E6%B4%97%E6%9F%93%E6%A5%AD HTTP/1.1" 200 31331
66.249.71.121 - - [25/Sep/2015:01:09:56 +0800] "GET /content/repository/resource_content.jsp?oid=2657063&queryType=qs&queryString=%E6%AD%A6%E8%8B%B1%E6%AE%BF HTTP/1.1" 200 30499
66.249.71.206 - - [25/Sep/2015:01:09:58 +0800] "GET /content/repository/resource_content.jsp?oid=2673519&queryType=qs&queryString=%E7%B1%B3%E5%8B%92 HTTP/1.1" 200 30216
66.249.71.239 - - [25/Sep/2015:01:10:01 +0800] "GET /content/repository/resource_content.jsp?oid=1604545 HTTP/1.1" 200 28676
66.249.71.249 - - [25/Sep/2015:01:10:09 +0800] "GET /content/repository/resource_content.jsp?oid=1524972 HTTP/1.1" 200 28696
66.249.71.206 - - [25/Sep/2015:01:10:10 +0800] "GET /content/nav/relationSubject.jsp?relationWords=%E5%88%91%E9%83%A8+%E5%AF%A7%E8%97%A9%E5%8F%B8+%E6%B1%9F%E5%AF%A7+&oid=2681334 HTTP/1.1" 200 3180
66.249.71.206 - - [25/Sep/2015:01:10:12 +0800] "GET /content/nav/relationSubject.jsp?relationWords=%E5%88%91%E9%83%A8%20%E5%AF%A7%E8%97%A9%E5%8F%B8%20%E6%B1%9F%E5%AF%A7%20&oid=2681334 HTTP/1.1" 200 3180
220.181.108.141 - - [25/Sep/2015:01:10:14 +0800] "GET /content/subject/resource_content.jsp?oid=16777712 HTTP/1.1" 200 34853
66.249.71.105 - - [25/Sep/2015:01:10:14 +0800] "GET /content/repository/resource_content.jsp?oid=2515157&queryType=qs&queryString=%E7%A2%BE%E7%B1%B3 HTTP/1.1" 200 29848
66.249.71.215 - - [25/Sep/2015:01:10:20 +0800] "GET /content/tmp_auth/resource_content.jsp?oid=16777810 HTTP/1.1" 200 40595
66.249.71.54 - - [25/Sep/2015:01:10:22 +0800] "GET /content/nav/relationSubject.jsp?relationWords=%E4%B8%AD%E6%9B%B8%E7%A7%91%20%E5%91%88%E9%81%9E%E8%86%B3%E7%89%8C%20&oid=2666509 HTTP/1.1" 200 3164
66.249.71.239 - - [25/Sep/2015:01:10:25 +0800] "GET /content/repository/resource_content.jsp?oid=179453&queryString=%E5%B7%A6%E8%A1%9B HTTP/1.1" 200 30284
220.181.108.103 - - [25/Sep/2015:01:10:25 +0800] "GET /content/nav/relationSubject.jsp?relationWords=%E6%95%B8%E4%BD%8D%E5%85%B8%E8%97%8F+&oid=16777712 HTTP/1.1" 200 5879
66.249.79.193 - - [25/Sep/2015:01:10:30 +0800] "GET /content/repository/resource_content.jsp?oid=207363 HTTP/1.1" 200 30459
66.249.71.54 - - [25/Sep/2015:01:10:32 +0800] "GET /content/repository/resource_content.jsp?oid=4362012&queryString=%E6%B3%95%E4%B8%BB%E5%85%AC HTTP/1.1" 200 28117
66.249.71.113 - - [25/Sep/2015:01:10:33 +0800] "GET /content/repository/resource_content.jsp?oid=1888264&queryType=qs&queryString=%E5%85%A7%E7%A7%91 HTTP/1.1" 200 30535
66.249.71.249 - - [25/Sep/2015:01:10:50 +0800] "GET /content/repository/resource_content.jsp?oid=1458576 HTTP/1.1" 200 31205
66.249.79.207 - - [25/Sep/2015:01:10:55 +0800] "GET /content/nav/relationSubject.jsp?relationWords=%E5%9C%9F%E7%89%9B%E5%85%A5%E7%9F%B3+%E6%9C%A8%E9%98%B2%E5%B7%B1+%E6%9C%A8%E9%98%B2%E5%B7%B1%E5%B1%AC+%E6%A4%8D%E7%89%A9%E7%95%8C+%E6%AF%9B%E8%8C%9B+&oid=2152228 HTTP/1.1" 200 3411
66.249.71.239 - - [25/Sep/2015:01:10:57 +0800] "GET /content/nav/relationSubject.jsp?relationWords=%E5%9C%9F%E7%89%9B%E5%85%A5%E7%9F%B3%20%E6%9C%A8%E9%98%B2%E5%B7%B1%20%E6%9C%A8%E9%98%B2%E5%B7%B1%E5%B1%AC%20%E6%A4%8D%E7%89%A9%E7%95%8C%20%E6%AF%9B%E8%8C%9B%20&oid=2152228 HTTP/1.1" 200 3411
66.249.71.249 - - [25/Sep/2015:01:11:08 +0800] "GET /digiarch_en/content/nav/relationSubject.jsp?relationWords=%E7%9A%87%E8%BC%BF+&oid=2688117 HTTP/1.1" 200 2547
66.249.71.249 - - [25/Sep/2015:01:11:10 +0800] "GET /digiarch_en/content/nav/relationSubject.jsp?relationWords=%E7%9A%87%E8%BC%BF%20&oid=2688117 HTTP/1.1" 200 2547
66.249.79.246 - - [25/Sep/2015:01:11:23 +0800] "GET /content/nav/relationSubject.jsp?relationWords=%E4%BA%94%E5%BA%9C%E5%8D%83%E6%AD%B2+%E5%85%AB%E5%AE%B6%E5%B0%87+&oid=4362901 HTTP/1.1" 200 3091
66.249.79.193 - - [25/Sep/2015:01:11:26 +0800] "GET /content/repository/resource_content.jsp?oid=179287 HTTP/1.1" 200 30097
66.249.71.239 - - [25/Sep/2015:01:11:28 +0800] "GET /content/repository/resource_content.jsp?oid=1889243&queryString=%E9%B3%B3%E5%B1%B1%E5%B8%82 HTTP/1.1" 200 29071
66.249.71.229 - - [25/Sep/2015:01:11:28 +0800] "GET /content/nav/relationSubject.jsp?relationWords=%E4%BA%BA%E8%A1%8C%E9%81%93+%E5%8B%9D%E8%B1%90+%E5%AE%89%E5%85%A8%E6%A1%88+%E5%B1%8F%E6%9D%B1%E5%B8%82+%E5%B9%B3%E4%BA%A4%E9%81%93+%E6%9D%B1%E5%8B%9D+%E9%85%92%E5%BB%A0+%E9%90%B5%E8%B7%AF%E5%B1%80+%E9%90%B5%E8%B7%AF%E5%B9%B3%E4%BA%A4%E9%81%93+&oid=1568091 HTTP/1.1" 200 5663
66.249.71.113 - - [25/Sep/2015:01:11:29 +0800] "GET /content/nav/relationSubject.jsp?relationWords=%E4%BA%94%E5%BA%9C%E5%8D%83%E6%AD%B2%20%E5%85%AB%E5%AE%B6%E5%B0%87%20&oid=4362901 HTTP/1.1" 200 3091
66.249.71.249 - - [25/Sep/2015:01:11:30 +0800] "GET /content/repository/resource_content.jsp?oid=1634283 HTTP/1.1" 200 29082
66.249.71.239 - - [25/Sep/2015:01:11:31 +0800] "GET /content/nav/relationSubject.jsp?relationWords=%E4%BA%BA%E8%A1%8C%E9%81%93%20%E5%8B%9D%E8%B1%90%20%E5%AE%89%E5%85%A8%E6%A1%88%20%E5%B1%8F%E6%9D%B1%E5%B8%82%20%E5%B9%B3%E4%BA%A4%E9%81%93%20%E6%9D%B1%E5%8B%9D%20%E9%85%92%E5%BB%A0%20%E9%90%B5%E8%B7%AF%E5%B1%80%20%E9%90%B5%E8%B7%AF%E5%B9%B3%E4%BA%A4%E9%81%93%20&oid=1568091 HTTP/1.1" 200 5663
66.249.71.249 - - [25/Sep/2015:01:11:32 +0800] "GET /digiarch_en/content/repository/resource_content.jsp?oid=1598715&queryString=%E5%96%84%E6%9C%AC%20%E6%98%8E%E5%88%8A%E6%9C%AC%20%E7%97%85%E6%A9%9F%E6%B0%A3%E5%AE%9C%20%E7%B4%A0%E5%95%8F%20%E8%81%AF%E5%90%88%E7%9B%AE%E9%8C%84%20%E9%86%AB%E7%99%82%E5%8F%B2 HTTP/1.1" 200 29820
66.249.79.193 - - [25/Sep/2015:01:11:36 +0800] "GET /content/repository/resource_content.jsp?oid=2522675 HTTP/1.1" 200 29127
66.249.79.200 - - [25/Sep/2015:01:11:44 +0800] "GET /content/repository/resource_content.jsp?oid=1894425 HTTP/1.1" 200 28713
66.249.71.226 - - [25/Sep/2015:01:11:51 +0800] "GET /content/repository/resource_content.jsp?oid=1781656&queryType=qs&queryString=%E9%9D%B4%E5%BD%A2 HTTP/1.1" 200 28566
66.249.71.239 - - [25/Sep/2015:01:11:54 +0800] "GET /content/repository/resource_content.jsp?oid=1543772 HTTP/1.1" 200 28694
66.249.79.179 - - [25/Sep/2015:01:12:02 +0800] "GET /content/repository/resource_content.jsp?oid=1106691&queryString=%E6%A4%8D%E7%89%A9%E7%95%8C%20%E8%8F%8A%E7%A7%91%20%E9%9B%99%E5%AD%90%E8%91%89%E6%A4%8D%E7%89%A9%20%E9%9D%92%E6%9C%A8%E9%A6%99%E5%B1%AC%20%E9%B3%B3%E6%AF%9B%E8%8F%8A HTTP/1.1" 200 31643
66.249.71.45 - - [25/Sep/2015:01:12:02 +0800] "GET /content/repository/resource_content.jsp?oid=2626930&queryType=qs&queryString=%E5%B7%9D%E5%8C%97%E9%81%93 HTTP/1.1" 200 30257
66.249.71.113 - - [25/Sep/2015:01:12:04 +0800] "GET /content/repository/resource_content.jsp?oid=1621242&queryType=qs&queryString=%E4%B9%BE%E7%87%A5%E6%A9%9F HTTP/1.1" 200 29047
66.249.71.206 - - [25/Sep/2015:01:12:09 +0800] "GET /content/repository/resource_content.jsp?oid=4549008&queryType=qs&queryString=%E8%9A%AF%E8%9A%93%E8%9E%BA HTTP/1.1" 200 30112
66.249.79.186 - - [25/Sep/2015:01:12:21 +0800] "GET /content/repository/resource_content.jsp?oid=4362036&queryString=%E9%A6%99%E6%97%97 HTTP/1.1" 200 28414
66.249.71.121 - - [25/Sep/2015:01:12:24 +0800] "GET /content/repository/resource_content.jsp?oid=2629678&queryType=qs&queryString=%E7%A5%88%E8%B3%9C HTTP/1.1" 200 29359
66.249.79.193 - - [25/Sep/2015:01:12:28 +0800] "GET /digiarch_en/content/repository/resource_content.jsp?oid=4354132&queryString=%E5%B0%96%E9%A0%AD%E9%BE%8D%20%E7%8A%81%E9%A0%AD%20%E9%A3%AF%E5%8C%99%20%E9%A3%AF%E5%8C%99%E9%AF%8A%20%E9%AD%B4%E4%BB%94%20%E9%BE%8D%E7%B4%8B HTTP/1.1" 200 26522
66.249.71.249 - - [25/Sep/2015:01:12:31 +0800] "GET /content/repository/resource_content.jsp?oid=1616514 HTTP/1.1" 200 29940
66.249.71.239 - - [25/Sep/2015:01:12:39 +0800] "GET /content/repository/resource_content.jsp?oid=1617587 HTTP/1.1" 200 28887
66.249.71.105 - - [25/Sep/2015:01:12:43 +0800] "GET /content/repository/resource_content.jsp?oid=1888105&queryType=qs&queryString=%E6%9D%8E%E5%A5%8E HTTP/1.1" 200 29969
66.249.71.229 - - [25/Sep/2015:01:12:50 +0800] "GET /content/repository/resource_content.jsp?oid=2525290 HTTP/1.1" 200 29972
66.249.71.229 - - [25/Sep/2015:01:12:53 +0800] "GET /content/nav/relationSubject.jsp?relationWords=%E7%88%B6%E6%88%8A%E7%88%B5+&oid=1813378 HTTP/1.1" 200 3196
66.249.71.121 - - [25/Sep/2015:01:12:54 +0800] "GET /content/repository/resource_content.jsp?oid=1172906&queryType=qs&queryString=%E6%88%92%E6%8C%87 HTTP/1.1" 200 33977
66.249.79.200 - - [25/Sep/2015:01:12:55 +0800] "GET /content/nav/relationSubject.jsp?relationWords=%E7%88%B6%E6%88%8A%E7%88%B5%20&oid=1813378 HTTP/1.1" 200 3196
66.249.71.249 - - [25/Sep/2015:01:12:57 +0800] "GET /content/nav/relationSubject.jsp?relationWords=&oid=2576908 HTTP/1.1" 200 1405
66.249.71.121 - - [25/Sep/2015:01:13:00 +0800] "GET /content/repository/resource_content.jsp?oid=686031&queryType=qs&queryString=%E7%8E%8B%E6%BF%A4 HTTP/1.1" 200 29354
66.249.71.239 - - [25/Sep/2015:01:13:03 +0800] "GET /content/nav/relationSubject.jsp?relationWords=%E8%AD%A6%E5%82%99%E7%B8%BD%E5%8F%B8%E4%BB%A4%E9%83%A8%20%E9%A6%AC%E4%BE%86%E8%A5%BF%E4%BA%9E%20&oid=1896994 HTTP/1.1" 200 5165
66.249.71.249 - - [25/Sep/2015:01:13:08 +0800] "GET /content/tmp_exh/resource_content.jsp?oid=16777750&queryType=qc HTTP/1.1" 200 32507
66.249.71.239 - - [25/Sep/2015:01:13:12 +0800] "GET /content/repository/resource_content.jsp?oid=1613596 HTTP/1.1" 200 28701
66.249.71.239 - - [25/Sep/2015:01:13:13 +0800] "GET /content/repository/resource_content.jsp?oid=2146764&queryString=%E5%B1%B1%E9%BB%91%20%E5%B1%B1%E9%BB%91%E6%89%81%E8%B1%86%E5%B1%AC%20%E6%A4%8D%E7%89%A9%E7%95%8C%20%E8%A0%B6%E8%B1%86%20%E9%9B%99%E5%AD%90%E8%91%89%E6%A4%8D%E7%89%A9 HTTP/1.1" 200 31224
66.249.71.36 - - [25/Sep/2015:01:13:14 +0800] "GET /content/nav/relationSubject.jsp?relationWords=%E6%93%AC%E4%B8%89%E6%A3%98%E9%AD%A8+&oid=33554794 HTTP/1.1" 200 3431
66.249.79.200 - - [25/Sep/2015:01:13:16 +0800] "GET /content/repository/resource_content.jsp?oid=1592774&queryType=qs&queryString=%E5%85%AC%E6%AC%8A%E5%8A%9B HTTP/1.1" 200 29475
66.249.71.54 - - [25/Sep/2015:01:13:16 +0800] "GET /content/nav/relationSubject.jsp?relationWords=%E6%93%AC%E4%B8%89%E6%A3%98%E9%AD%A8%20&oid=33554794 HTTP/1.1" 200 3431
66.249.71.105 - - [25/Sep/2015:01:13:19 +0800] "GET /content/nav/relationSubject.jsp?relationWords=%E4%B9%BE%E7%87%A5%E5%A0%B4+&oid=4458960 HTTP/1.1" 200 2627
66.249.71.113 - - [25/Sep/2015:01:13:21 +0800] "GET /content/nav/relationSubject.jsp?relationWords=%E4%B9%BE%E7%87%A5%E5%A0%B4%20&oid=4458960 HTTP/1.1" 200 2627
66.249.71.229 - - [25/Sep/2015:01:13:23 +0800] "GET /digiarch_en/content/repository/resource_content.jsp?oid=14226&queryString=%E7%83%8F%E5%BF%83%E7%9F%B3%20%E9%B1%B8%E9%B0%BB HTTP/1.1" 200 27747
66.249.71.217 - - [25/Sep/2015:01:13:27 +0800] "GET /digiarch3/content/subject/resource_content.jsp?oid=16777475&queryType=qs&queryString=%E5%9C%8B%E6%B0%91%E5%B0%8F%E5%AD%B8 HTTP/1.1" 200 62074
66.249.71.216 - - [25/Sep/2015:01:13:28 +0800] "GET /content/nav/relationSubject.jsp?relationWords=%E4%BF%B1%E6%A8%82%E9%83%A8+%E9%9F%B3%E6%A8%82%E6%9C%83+&oid=4478552 HTTP/1.1" 200 5556
66.249.71.249 - - [25/Sep/2015:01:13:34 +0800] "GET /content/repository/resource_content.jsp?oid=1592950 HTTP/1.1" 200 28445
66.249.79.172 - - [25/Sep/2015:01:13:39 +0800] "GET /digiarch3/content/repository/resource_content.jsp?oid=4457206&queryString=%E7%99%BD%E9%AC%9A%E5%85%AC HTTP/1.1" 200 28288
66.249.71.216 - - [25/Sep/2015:01:13:39 +0800] "GET /content/repository/resource_content.jsp?oid=14669&queryString=%E5%AD%B8%E4%BB%94%20%E5%AF%AC%E5%B0%BE%E9%B6%B4%E9%B1%B5%20%E7%99%BD%E5%A4%A9%E9%9D%92%E6%97%97%20%E9%87%9D%E9%AD%9A%20%E9%9D%92%E6%97%97%20%E9%B6%B4%E9%B1%B5%E7%A7%91 HTTP/1.1" 200 36458
66.249.71.249 - - [25/Sep/2015:01:13:41 +0800] "GET /content/nav/relationSubject.jsp?relationWords=%E5%9D%90%E5%90%8D%E6%95%95%E6%9B%B8+%E7%9C%81%E9%8C%A2%E6%B3%95+%E8%A3%95%E8%AA%A0+&oid=2616209 HTTP/1.1" 200 3202
66.249.71.249 - - [25/Sep/2015:01:13:42 +0800] "GET /content/nav/relationSubject.jsp?relationWords=%E5%9D%90%E5%90%8D%E6%95%95%E6%9B%B8+%E7%B8%BD%E5%85%B5%E5%AE%98+%E9%B6%B4%E9%BA%97+&oid=2616120 HTTP/1.1" 200 3238
66.249.79.207 - - [25/Sep/2015:01:13:43 +0800] "GET /content/nav/relationSubject.jsp?relationWords=%E5%9D%90%E5%90%8D%E6%95%95%E6%9B%B8%20%E7%9C%81%E9%8C%A2%E6%B3%95%20%E8%A3%95%E8%AA%A0%20&oid=2616209 HTTP/1.1" 200 3202
66.249.71.249 - - [25/Sep/2015:01:13:44 +0800] "GET /content/nav/relationSubject.jsp?relationWords=%E5%9D%90%E5%90%8D%E6%95%95%E6%9B%B8%20%E7%B8%BD%E5%85%B5%E5%AE%98%20%E9%B6%B4%E9%BA%97%20&oid=2616120 HTTP/1.1" 200 3238
66.249.79.207 - - [25/Sep/2015:01:14:21 +0800] "GET /content/nav/relationSubject.jsp?relationWords=%E7%94%B0%E8%B3%A6+%E8%87%BA%E7%81%A3%E7%9C%81+%E8%87%BA%E7%81%A3%E7%9C%81%E6%94%BF%E5%BA%9C+&oid=1897100 HTTP/1.1" 200 4458
66.249.71.239 - - [25/Sep/2015:01:14:22 +0800] "GET /content/nav/relationSubject.jsp?relationWords=%E7%94%B0%E8%B3%A6%20%E8%87%BA%E7%81%A3%E7%9C%81%20%E8%87%BA%E7%81%A3%E7%9C%81%E6%94%BF%E5%BA%9C%20&oid=1897100 HTTP/1.1" 200 4458
66.249.79.193 - - [25/Sep/2015:01:14:26 +0800] "GET /content/repository/resource_content.jsp?oid=2683000&queryString=%E5%B0%91%E5%8D%BF%20%E9%B4%BB%E8%87%9A%E5%AF%BA HTTP/1.1" 200 30236
66.249.71.196 - - [25/Sep/2015:01:14:35 +0800] "GET /digiarch3/content/subject/resource_content.jsp?oid=16777345&queryType=qc HTTP/1.1" 200 35062
66.249.71.239 - - [25/Sep/2015:01:14:38 +0800] "GET /content/nav/relationSubject.jsp?relationWords=%E9%BB%83%E6%9D%BE%E8%98%AD%20&oid=33554762 HTTP/1.1" 200 2978
123.125.71.58 - - [25/Sep/2015:01:14:41 +0800] "GET /content/subject/resource_content.jsp?oid=16777567 HTTP/1.1" 200 37411
66.249.79.239 - - [25/Sep/2015:01:14:50 +0800] "GET /content/repository/resource_content.jsp?oid=2470613&queryType=qs&queryString=%E5%8F%A4%E8%B9%9F%E4%BF%9D%E5%AD%98 HTTP/1.1" 200 30254
66.249.71.229 - - [25/Sep/2015:01:14:51 +0800] "GET /content/repository/resource_content.jsp?oid=1523664 HTTP/1.1" 200 28895
66.249.71.206 - - [25/Sep/2015:01:14:53 +0800] "GET /content/subject/resource_content.jsp?oid=16777812&queryString=%E4%B8%AD%E5%BA%B8%20%E5%8F%A4%E7%B1%8D%20%E8%81%AF%E5%90%88%E7%9B%AE%E9%8C%84 HTTP/1.1" 200 38063
66.249.71.217 - - [25/Sep/2015:01:14:56 +0800] "GET /digiarch3/content/repository/resource_content.jsp?oid=1081677&queryString=%E5%89%9D%E7%9A%AE%E9%AD%9A%20%E5%96%AE%E6%A3%98%E9%AD%A8%E7%A7%91%20%E7%B5%A8%E9%B1%97%E5%89%AF%E5%96%AE%E6%A3%98%E9%AD%A8%20%E9%B1%97%E9%AD%A8 HTTP/1.1" 200 34899
66.249.71.239 - - [25/Sep/2015:01:15:00 +0800] "GET /content/repository/resource_content.jsp?oid=782838 HTTP/1.1" 200 28135
66.249.71.206 - - [25/Sep/2015:01:15:07 +0800] "GET /content/repository/resource_content.jsp?oid=2656415&queryType=qs&queryString=%E5%AE%9A%E7%AB%A0 HTTP/1.1" 200 30281
66.249.71.206 - - [25/Sep/2015:01:15:15 +0800] "GET /content/repository/resource_content.jsp?oid=1569070&queryType=qs&queryString=%E9%96%A9%E5%8D%97%E8%AA%9E HTTP/1.1" 200 32565
66.249.79.179 - - [25/Sep/2015:01:15:16 +0800] "GET /content/nav/relationSubject.jsp?relationWords=%E5%9F%8E%E5%AF%9F+&oid=2686417 HTTP/1.1" 200 3155
66.249.71.217 - - [25/Sep/2015:01:15:18 +0800] "GET /content/nav/relationSubject.jsp?relationWords=%E5%9F%8E%E5%AF%9F%20&oid=2686417 HTTP/1.1" 200 3155
66.249.71.239 - - [25/Sep/2015:01:15:19 +0800] "GET /content/repository/resource_content.jsp?oid=1571317 HTTP/1.1" 200 28776
66.249.71.229 - - [25/Sep/2015:01:15:25 +0800] "GET /content/exhibit/exhibit.jsp?oid=16777800 HTTP/1.1" 200 26107
66.249.71.121 - - [25/Sep/2015:01:15:29 +0800] "GET /content/repository/resource_content.jsp?oid=4363193&queryType=qs&queryString=%E5%91%82%E6%B4%9E%E8%B3%93 HTTP/1.1" 200 29128
66.249.71.229 - - [25/Sep/2015:01:15:37 +0800] "GET /content/repository/resource_content.jsp?oid=1541889 HTTP/1.1" 200 28760
66.249.79.200 - - [25/Sep/2015:01:15:41 +0800] "GET /content/repository/resource_content.jsp?oid=1596087 HTTP/1.1" 200 28574
66.249.71.225 - - [25/Sep/2015:01:15:42 +0800] "GET /content/repository/resource_content.jsp?oid=523591&queryType=qc HTTP/1.1" 200 36819
66.249.79.207 - - [25/Sep/2015:01:15:44 +0800] "GET /digiarch_en/content/repository/resource_content.jsp?oid=1887481&queryString=%E5%87%BA%E5%BC%B5%20%E7%A4%BE%E6%9C%83%E5%AD%B8 HTTP/1.1" 200 24492
66.249.71.249 - - [25/Sep/2015:01:15:47 +0800] "GET /content/repository/resource_content.jsp?oid=753512 HTTP/1.1" 200 28837
66.249.71.45 - - [25/Sep/2015:01:15:50 +0800] "GET /content/repository/resource_content.jsp?oid=2654919&queryType=qs&queryString=%E8%A8%B1%E4%B8%96%E4%BA%A8 HTTP/1.1" 200 30289
66.249.71.206 - - [25/Sep/2015:01:15:55 +0800] "GET /content/subject/resource_content.jsp?oid=16797292&queryType=qc HTTP/1.1" 200 57225
66.249.71.229 - - [25/Sep/2015:01:15:56 +0800] "GET /content/nav/relationSubject.jsp?relationWords=%E9%AA%A8%E7%89%99+&oid=1846513 HTTP/1.1" 200 2963
66.249.71.249 - - [25/Sep/2015:01:15:57 +0800] "GET /content/nav/relationSubject.jsp?relationWords=%E9%AA%A8%E7%89%99%20&oid=1846513 HTTP/1.1" 200 2963
66.249.71.239 - - [25/Sep/2015:01:15:59 +0800] "GET /content/repository/resource_content.jsp?oid=1608570 HTTP/1.1" 200 29051
66.249.71.36 - - [25/Sep/2015:01:16:02 +0800] "GET /content/repository/resource_content.jsp?oid=1806903&queryType=qs&queryString=%E5%AE%B4%E6%A8%82 HTTP/1.1" 200 30736
66.249.71.206 - - [25/Sep/2015:01:16:05 +0800] "GET /content/repository/resource_content.jsp?oid=4364321&queryType=qs&queryString=%E6%8E%9B%E8%BB%B8 HTTP/1.1" 200 28553
66.249.71.113 - - [25/Sep/2015:01:16:09 +0800] "GET /content/repository/resource_content.jsp?oid=4354372&queryType=qs&queryString=%E9%AF%A8%E9%AE%AB HTTP/1.1" 200 34406
66.249.79.200 - - [25/Sep/2015:01:16:17 +0800] "GET /content/subject/resource_content.jsp?oid=16797256&queryString= HTTP/1.1" 200 45235
66.249.71.249 - - [25/Sep/2015:01:16:22 +0800] "GET /content/nav/relationSubject.jsp?relationWords=%E4%BF%9D%E9%9A%AA+%E5%85%AC%E5%8B%99%E4%BA%BA%E5%93%A1+%E6%B0%91%E9%81%B8+%E7%A6%8F%E5%88%A9%E4%BA%92%E5%8A%A9+%E7%B8%A3%E8%BD%84%E5%B8%82+%E9%80%80%E8%81%B7%E9%85%AC%E5%8B%9E%E9%87%91+&oid=1628396 HTTP/1.1" 200 5292
66.249.71.229 - - [25/Sep/2015:01:16:23 +0800] "GET /content/nav/relationSubject.jsp?relationWords=%E4%BF%9D%E9%9A%AA%20%E5%85%AC%E5%8B%99%E4%BA%BA%E5%93%A1%20%E6%B0%91%E9%81%B8%20%E7%A6%8F%E5%88%A9%E4%BA%92%E5%8A%A9%20%E7%B8%A3%E8%BD%84%E5%B8%82%20%E9%80%80%E8%81%B7%E9%85%AC%E5%8B%9E%E9%87%91%20&oid=1628396 HTTP/1.1" 200 5292
66.249.71.206 - - [25/Sep/2015:01:16:30 +0800] "GET /content/repository/resource_content.jsp?oid=2688395&queryType=qs&queryString=%E5%88%86%E6%B5%99 HTTP/1.1" 200 29997
66.249.71.216 - - [25/Sep/2015:01:16:32 +0800] "GET /content/nav/relationSubject.jsp?relationWords=%E8%8B%97%E7%94%B7+%E8%B7%B3%E8%8A%B1+&oid=1173489 HTTP/1.1" 200 3070
66.249.71.216 - - [25/Sep/2015:01:16:34 +0800] "GET /content/repository/resource_content.jsp?oid=15876&queryType=qs&queryString=%E6%96%9C%E5%B8%B6 HTTP/1.1" 200 34616
66.249.71.226 - - [25/Sep/2015:01:16:34 +0800] "GET /content/nav/relationSubject.jsp?relationWords=%E8%8B%97%E7%94%B7%20%E8%B7%B3%E8%8A%B1%20&oid=1173489 HTTP/1.1" 200 3070
66.249.71.239 - - [25/Sep/2015:01:16:37 +0800] "GET /digiarch_en/content/repository/resource_content.jsp?oid=1616605&queryString=%E7%9C%8B%E6%9D%BF%20%E7%A0%82%E7%B3%96 HTTP/1.1" 200 22984
66.249.71.249 - - [25/Sep/2015:01:16:45 +0800] "GET /digiarch_en/content/repository/resource_content.jsp?oid=2674739&queryString=%E5%9C%B0%E5%9F%BA%20%E5%BB%82%E7%99%BD%20%E5%BB%82%E7%99%BD%E6%97%82%20%E7%99%BD%E6%97%82 HTTP/1.1" 200 24005
66.249.71.229 - - [25/Sep/2015:01:16:48 +0800] "GET /digiarch_en/content/repository/resource_content.jsp?oid=1124514&queryString=%E6%B7%BA%E8%9C%8A%20%E7%B0%BE%E8%9B%A4%E7%9B%AE%20%E7%B0%BE%E8%9B%A4%E7%A7%91%20%E8%BB%9F%E9%AB%94%E5%8B%95%E7%89%A9%E9%96%80%20%E9%9B%99%E6%AE%BC%E7%B6%B1 HTTP/1.1" 200 24977
66.249.71.229 - - [25/Sep/2015:01:16:49 +0800] "GET /content/repository/resource_content.jsp?oid=15104&queryString=%E5%9A%B4%E5%85%AC%E4%BB%94%20%E5%A4%A7%E7%9C%BC%E9%AF%9B%E7%A7%91%20%E6%97%A5%E6%9C%AC%E5%A4%A7%E7%9C%BC%E9%AF%9B%20%E7%B4%85%E7%9B%AE%E9%B0%B1 HTTP/1.1" 200 34810
66.249.71.239 - - [25/Sep/2015:01:16:50 +0800] "GET /content/nav/relationSubject.jsp?relationWords=%E6%A4%8D%E7%89%A9%E7%95%8C+%E8%8F%8A%E7%A7%91+%E8%B1%AC%E8%8D%89+%E8%B1%AC%E8%8D%89%E5%B1%AC+%E9%9B%99%E5%AD%90%E8%91%89%E6%A4%8D%E7%89%A9+&oid=1104429 HTTP/1.1" 200 3320
