66.249.71.121 - - [13/Sep/2015:13:34:13 +0800] "GET /content/nav/relationSubject.jsp?relationWords=&oid=2622244 HTTP/1.1" 200 1405
66.249.71.239 - - [13/Sep/2015:13:35:24 +0800] "GET /content/repository/resource_content.jsp?oid=1582837 HTTP/1.1" 200 28490
111.81.90.157 - - [13/Sep/2015:13:36:07 +0800] "GET /content/nav/relationSubject.jsp?relationWords=%E5%8D%83%E5%B9%B4%E6%A1%90+%E6%A1%90%E8%8A%B1+%E6%B2%B9%E6%A1%90+&oid=16777599 HTTP/1.1" 200 3738
66.249.71.229 - - [13/Sep/2015:13:36:56 +0800] "GET /content/repository/resource_content.jsp?oid=737397 HTTP/1.1" 200 27845
123.125.68.155 - - [13/Sep/2015:13:37:11 +0800] "GET /digiarch3/content/subject/resource_content.jsp?oid=16777317&queryType=qc HTTP/1.1" 200 34913
66.249.71.206 - - [13/Sep/2015:13:37:20 +0800] "GET /content/nav/relationSubject.jsp?relationWords=%E6%B8%AF%E6%94%AF%E5%BB%B3+%E8%95%83%E7%A4%BE+&oid=1779333 HTTP/1.1" 200 3547
66.249.71.226 - - [13/Sep/2015:13:37:27 +0800] "GET /content/nav/relationSubject.jsp?relationWords=%E6%B8%AF%E6%94%AF%E5%BB%B3%20%E8%95%83%E7%A4%BE%20&oid=1779333 HTTP/1.1" 200 3547
66.249.71.249 - - [13/Sep/2015:13:37:32 +0800] "GET /content/nav/relationSubject.jsp?relationWords=%E7%AC%9B%E9%AF%9B+%E7%AC%9B%E9%AF%9B%E7%A7%91+%E9%AF%9B%E7%A7%91+%E9%BB%83%E8%B6%B3%E7%AC%9B%E9%AF%9B+&oid=17462 HTTP/1.1" 200 3441
66.249.71.249 - - [13/Sep/2015:13:37:38 +0800] "GET /content/nav/relationSubject.jsp?relationWords=%E7%AC%9B%E9%AF%9B%20%E7%AC%9B%E9%AF%9B%E7%A7%91%20%E9%AF%9B%E7%A7%91%20%E9%BB%83%E8%B6%B3%E7%AC%9B%E9%AF%9B%20&oid=17462 HTTP/1.1" 200 3441
66.249.71.207 - - [13/Sep/2015:13:38:29 +0800] "GET /content/repository/resource_content.jsp?oid=1773184&queryType=qs&queryString=%E5%9F%BA%E6%9C%AC%E5%88%86%E9%A1%9E HTTP/1.1" 200 34436
66.249.71.121 - - [13/Sep/2015:13:38:47 +0800] "GET /content/nav/relationSubject.jsp?relationWords=%E5%9B%9B%E5%BA%9C+%E5%9B%B0%E8%8B%A6%E6%A1%88+%E6%95%B7%E5%9C%B0+%E7%9C%81%E6%94%BF%E5%BA%9C+&oid=1545983 HTTP/1.1" 200 4577
66.249.71.105 - - [13/Sep/2015:13:38:53 +0800] "GET /content/nav/relationSubject.jsp?relationWords=%E5%9B%9B%E5%BA%9C%20%E5%9B%B0%E8%8B%A6%E6%A1%88%20%E6%95%B7%E5%9C%B0%20%E7%9C%81%E6%94%BF%E5%BA%9C%20&oid=1545983 HTTP/1.1" 200 4577
66.249.71.249 - - [13/Sep/2015:13:39:35 +0800] "GET /content/nav/relationSubject.jsp?relationWords=%E5%85%AC%E7%94%A8%E9%9B%BB%E8%A9%B1+%E9%9B%BB%E8%A9%B1+&oid=1582837 HTTP/1.1" 200 3537
66.249.71.249 - - [13/Sep/2015:13:39:40 +0800] "GET /content/nav/relationSubject.jsp?relationWords=%E9%AA%A8%E7%AE%AD%E9%A0%AD+&oid=1853900 HTTP/1.1" 200 2990
66.249.71.229 - - [13/Sep/2015:13:39:41 +0800] "GET /content/nav/relationSubject.jsp?relationWords=%E5%85%AC%E7%94%A8%E9%9B%BB%E8%A9%B1%20%E9%9B%BB%E8%A9%B1%20&oid=1582837 HTTP/1.1" 200 3537
66.249.71.249 - - [13/Sep/2015:13:39:44 +0800] "GET /content/nav/relationSubject.jsp?relationWords=%E9%AA%A8%E7%AE%AD%E9%A0%AD%20&oid=1853900 HTTP/1.1" 200 2990
66.249.71.239 - - [13/Sep/2015:13:41:28 +0800] "GET /content/nav/relationSubject.jsp?relationWords=%E7%B4%85%E5%8D%81%E5%AD%97+%E7%B4%85%E5%8D%81%E5%AD%97%E6%9C%83+&oid=737397 HTTP/1.1" 200 5272
66.249.71.239 - - [13/Sep/2015:13:41:33 +0800] "GET /content/repository/resource_content.jsp?oid=17813 HTTP/1.1" 200 29767
66.249.71.229 - - [13/Sep/2015:13:41:34 +0800] "GET /content/nav/relationSubject.jsp?relationWords=%E7%B4%85%E5%8D%81%E5%AD%97%20%E7%B4%85%E5%8D%81%E5%AD%97%E6%9C%83%20&oid=737397 HTTP/1.1" 200 5272
66.249.71.121 - - [13/Sep/2015:13:41:42 +0800] "GET /content/repository/resource_content.jsp?oid=2682633&queryType=qs&queryString=%E9%8A%85%E8%88%A1 HTTP/1.1" 200 29969
66.249.71.249 - - [13/Sep/2015:13:43:07 +0800] "GET /content/repository/resource_content.jsp?oid=2665086 HTTP/1.1" 200 29737
68.180.228.24 - - [13/Sep/2015:13:43:27 +0800] "GET /content/subject/resource_content.jsp?oid=16777549&queryString= HTTP/1.1" 200 38037
68.180.228.24 - - [13/Sep/2015:13:43:28 +0800] "GET /digiarch_en/content/subject/resource_content.jsp?oid=16777451&queryType=qc HTTP/1.1" 200 22724
66.249.71.206 - - [13/Sep/2015:13:44:38 +0800] "GET /content/subject/resource_content.jsp?oid=16777488&queryType=qc HTTP/1.1" 200 60925
61.63.99.111 - - [13/Sep/2015:13:45:14 +0800] "GET /content/repository/resource_content.jsp?oid=1774601 HTTP/1.1" 200 26925
61.63.99.111 - - [13/Sep/2015:13:45:14 +0800] "GET /content/repository/resource_content.jsp?oid=1774601 HTTP/1.1" 200 26925
61.63.99.111 - - [13/Sep/2015:13:45:21 +0800] "GET /content/nav/relationSubject.jsp?relationWords=%E5%AF%AB%E7%9C%9F%E9%9B%86+%E5%B0%91%E6%95%B8%E6%B0%91%E6%97%8F+&oid=1774601 HTTP/1.1" 200 6344
207.46.13.7 - - [13/Sep/2015:13:45:54 +0800] "GET /content/subject/resource_content.jsp?oid=16777312&queryType=qc HTTP/1.1" 200 28136
66.249.71.206 - - [13/Sep/2015:13:46:10 +0800] "GET /content/subject/resource_content.jsp?oid=16777604&queryType=qc HTTP/1.1" 200 59766
220.181.108.186 - - [13/Sep/2015:13:47:24 +0800] "GET /content/subject/resource_content.jsp?oid=16777645&queryType=qc HTTP/1.1" 200 63945
111.249.71.126 - - [13/Sep/2015:13:47:33 +0800] "GET /content/nav/relationSubject.jsp?relationWords=%E8%8C%84%E8%8B%B3+&oid=16777306 HTTP/1.1" 200 4432
68.180.228.24 - - [13/Sep/2015:13:47:48 +0800] "GET /content/pictures/picture_content.jsp?oid=33554805 HTTP/1.1" 200 27617
66.249.71.249 - - [13/Sep/2015:13:48:34 +0800] "GET /content/nav/relationSubject.jsp?relationWords=%E7%AC%9B%E9%AF%9B+%E7%AC%9B%E9%AF%9B%E7%A7%91+%E8%B5%A4%E9%B0%AD%E7%AC%9B%E9%AF%9B+%E9%AF%9B%E7%A7%91+&oid=17813 HTTP/1.1" 200 3441
66.249.71.249 - - [13/Sep/2015:13:48:38 +0800] "GET /content/nav/relationSubject.jsp?relationWords=%E7%AC%9B%E9%AF%9B%20%E7%AC%9B%E9%AF%9B%E7%A7%91%20%E8%B5%A4%E9%B0%AD%E7%AC%9B%E9%AF%9B%20%E9%AF%9B%E7%A7%91%20&oid=17813 HTTP/1.1" 200 3441
66.249.71.196 - - [13/Sep/2015:13:49:18 +0800] "GET /digiarch3/content/subject/resource_content.jsp?oid=16777484&queryType=qs&queryString=%E5%8B%95%E7%89%A9%E5%AD%B8 HTTP/1.1" 200 72139
220.181.108.120 - - [13/Sep/2015:13:49:25 +0800] "GET /content/subject/resource_content.jsp?oid=16777297&queryType=qc HTTP/1.1" 200 31755
66.249.71.105 - - [13/Sep/2015:13:51:04 +0800] "GET /content/nav/relationSubject.jsp?relationWords=%E5%A5%8F%E6%91%BA%20&oid=2641271 HTTP/1.1" 200 3066
223.136.228.135 - - [13/Sep/2015:13:51:13 +0800] "GET /content/subject/resource_content.jsp?oid=16777753 HTTP/1.1" 200 36831
223.136.228.135 - - [13/Sep/2015:13:51:14 +0800] "GET /content/nav/relationSubject.jsp?relationWords=GIS+%E6%95%B8%E4%BD%8D%E5%85%B8%E8%97%8F+%E9%81%99%E6%B8%AC+%E9%81%99%E6%B8%AC%E5%BD%B1%E5%83%8F+&oid=16777753 HTTP/1.1" 200 9620
66.249.71.249 - - [13/Sep/2015:13:51:38 +0800] "GET /content/nav/relationSubject.jsp?relationWords=%E9%81%A0%E6%B4%8B%E6%BC%81%E6%A5%AD+&oid=1560063 HTTP/1.1" 200 4207
66.249.71.239 - - [13/Sep/2015:13:51:43 +0800] "GET /content/nav/relationSubject.jsp?relationWords=%E9%81%A0%E6%B4%8B%E6%BC%81%E6%A5%AD%20&oid=1560063 HTTP/1.1" 200 4207
140.117.88.142 - - [13/Sep/2015:13:53:09 +0800] "GET /digiarch3/content/subject/resource_content.jsp?oid=16777686&queryString=%E5%85%AC%E5%85%B1%E9%9B%BB%E8%A6%96%20%E5%85%AC%E6%B0%91%20%E5%85%AC%E8%A6%96 HTTP/1.1" 200 32146
140.117.88.142 - - [13/Sep/2015:13:53:09 +0800] "GET /digiarch3/content/nav/relationSubject.jsp?relationWords=%E5%85%AC%E8%A6%96+%E5%A3%BD%E5%8F%B8+&oid=16777686 HTTP/1.1" 200 2666
66.249.71.113 - - [13/Sep/2015:13:53:17 +0800] "GET /content/nav/relationSubject.jsp?relationWords=%E5%B7%A5%E9%83%A8%20%E9%8A%85%E8%88%A1%20&oid=2682633 HTTP/1.1" 200 3103
220.181.108.154 - - [13/Sep/2015:13:53:49 +0800] "GET /content/tmp_tec/resource_content.jsp?oid=16777704 HTTP/1.1" 200 25467
151.80.31.115 - - [13/Sep/2015:13:55:09 +0800] "GET /content/subject/resource_content.jsp?oid=16777463&queryType=qc HTTP/1.1" 200 28392
140.117.88.142 - - [13/Sep/2015:13:56:09 +0800] "GET /digiarch3/content/subject/resource_content.jsp?oid=16777686&queryString=%E5%85%AC%E5%85%B1%E9%9B%BB%E8%A6%96%20%E5%85%AC%E6%B0%91%20%E5%85%AC%E8%A6%96 HTTP/1.1" 200 32146
140.117.88.142 - - [13/Sep/2015:13:56:09 +0800] "GET /digiarch3/content/nav/relationSubject.jsp?relationWords=%E5%85%AC%E8%A6%96+%E5%A3%BD%E5%8F%B8+&oid=16777686 HTTP/1.1" 200 2666
114.46.199.66 - - [13/Sep/2015:13:56:21 +0800] "GET /content/nav/relationSubject.jsp?relationWords=%E5%9D%AA%E6%9E%97%E7%A7%8B%E6%B5%B7%E6%A3%A0+%E6%B5%B7%E6%A3%A0+%E7%A7%8B%E6%B5%B7%E6%A3%A0+&oid=16777493 HTTP/1.1" 200 4994
66.249.71.113 - - [13/Sep/2015:13:56:49 +0800] "GET /content/repository/resource_content.jsp?oid=2665363&queryType=qs&queryString=%E5%A4%8F%E7%B8%A3 HTTP/1.1" 200 30495
68.180.228.24 - - [13/Sep/2015:13:56:53 +0800] "GET /digiarch_en/content/subject/resource_content.jsp?oid=16777839&queryType=qc> HTTP/1.1" 200 21614
66.249.71.121 - - [13/Sep/2015:13:58:06 +0800] "GET /content/nav/relationSubject.jsp?relationWords=&oid=2622488 HTTP/1.1" 200 1405
66.249.71.196 - - [13/Sep/2015:13:59:05 +0800] "GET /digiarch3/content/nav/relationSubject.jsp?relationWords=%E7%81%AB%E7%AE%AD%E8%9D%B6+%E8%9D%B4%E8%9D%B6%E9%AD%9A%E7%A7%91+%E9%BB%83%E9%91%B7%E5%8F%A3%E9%AD%9A+&oid=15530 HTTP/1.1" 200 3360
66.249.71.196 - - [13/Sep/2015:13:59:10 +0800] "GET /digiarch3/content/nav/relationSubject.jsp?relationWords=%E7%81%AB%E7%AE%AD%E8%9D%B6%20%E8%9D%B4%E8%9D%B6%E9%AD%9A%E7%A7%91%20%E9%BB%83%E9%91%B7%E5%8F%A3%E9%AD%9A%20&oid=15530 HTTP/1.1" 200 3360
66.249.71.249 - - [13/Sep/2015:14:01:39 +0800] "GET /content/nav/relationSubject.jsp?relationWords=%E5%96%AE%E8%89%B2+&oid=194581 HTTP/1.1" 200 3192
66.249.71.229 - - [13/Sep/2015:14:01:43 +0800] "GET /content/nav/relationSubject.jsp?relationWords=%E5%96%AE%E8%89%B2%20&oid=194581 HTTP/1.1" 200 3192
66.249.71.113 - - [13/Sep/2015:14:04:00 +0800] "GET /content/nav/relationSubject.jsp?relationWords=&oid=2637998 HTTP/1.1" 200 1405
66.249.71.113 - - [13/Sep/2015:14:04:20 +0800] "GET /content/nav/relationSubject.jsp?relationWords=%E5%8F%83%E7%9F%A5+%E5%90%8F%E9%83%A8+%E7%B3%A7%E4%BA%8B+%E9%8C%A2%E7%B3%A7+&oid=2661177 HTTP/1.1" 200 5412
66.249.71.121 - - [13/Sep/2015:14:04:25 +0800] "GET /content/nav/relationSubject.jsp?relationWords=%E5%8F%83%E7%9F%A5%20%E5%90%8F%E9%83%A8%20%E7%B3%A7%E4%BA%8B%20%E9%8C%A2%E7%B3%A7%20&oid=2661177 HTTP/1.1" 200 5412
36.233.17.199 - - [13/Sep/2015:14:05:06 +0800] "GET /content/nav/relationSubject.jsp?relationWords=%E6%B0%B4%E9%BB%83%E7%9A%AE+&oid=16777535 HTTP/1.1" 200 3630
68.180.228.24 - - [13/Sep/2015:14:05:41 +0800] "GET /content/subject/resource_content.jsp?oid=16777386 HTTP/1.1" 200 38782
66.249.71.105 - - [13/Sep/2015:14:06:40 +0800] "GET /content/nav/relationSubject.jsp?relationWords=%E5%BD%99%E9%A1%8C+&oid=2511033 HTTP/1.1" 200 3921
66.249.71.121 - - [13/Sep/2015:14:06:46 +0800] "GET /content/nav/relationSubject.jsp?relationWords=%E5%BD%99%E9%A1%8C%20&oid=2511033 HTTP/1.1" 200 3921
1.34.91.108 - - [13/Sep/2015:14:06:48 +0800] "GET /content/nav/relationSubject.jsp?relationWords=&oid=16777459 HTTP/1.1" 200 1405
104.250.147.218 - - [13/Sep/2015:14:09:13 +0800] "GET /digiarch_en/content/tmp_exh/resource_content.jsp?oid=16777844&queryType=qc HTTP/1.0" 200 31454
66.249.71.196 - - [13/Sep/2015:14:09:28 +0800] "GET /digiarch3/content/subject/resource_content.jsp?oid=16777633&queryType=qs&queryString=%E5%AE%97%E6%95%99%E4%BF%A1%E4%BB%B0 HTTP/1.1" 200 56583
207.46.13.7 - - [13/Sep/2015:14:10:12 +0800] "GET /content/nav/relationSubject.jsp?relationWords=%E6%9C%A8%E7%8A%80+%E6%A1%82%E8%8A%B1+&oid=16777255 HTTP/1.1" 200 4029
66.249.71.239 - - [13/Sep/2015:14:11:11 +0800] "GET /content/nav/relationSubject.jsp?relationWords=%E4%B8%AD%E5%92%8C%E5%B8%82+%E4%B8%AD%E5%A4%AE%E5%9C%96%E6%9B%B8%E9%A4%A8+%E4%B8%AD%E5%B0%8F%E4%BC%81%E6%A5%AD+%E5%85%AC%E7%AB%8B%E5%AD%B8%E6%A0%A1+%E5%8C%97%E4%BA%8C%E9%AB%98+%E5%9C%B0%E5%83%B9+%E5%9C%B0%E6%94%BF%E8%99%95+%E5%A4%AE%E5%9C%96+%E7%B8%BD%E8%B3%AA%E8%A9%A2+%E8%87%BA%E5%8C%97%E5%B8%82+%E8%87%BA%E5%8C%97%E7%B8%A3+%E8%87%BA%E5%8C%97%E9%86%AB%E9%99%A2+%E8%B3%AA%E8%A9%A2+%E9%83%BD%E6%9C%83%E5%8D%80+%E9%97%9C%E4%B8%AD+&oid=1609027 HTTP/1.1" 200 7425
66.249.71.249 - - [13/Sep/2015:14:11:17 +0800] "GET /content/nav/relationSubject.jsp?relationWords=%E4%B8%AD%E5%92%8C%E5%B8%82%20%E4%B8%AD%E5%A4%AE%E5%9C%96%E6%9B%B8%E9%A4%A8%20%E4%B8%AD%E5%B0%8F%E4%BC%81%E6%A5%AD%20%E5%85%AC%E7%AB%8B%E5%AD%B8%E6%A0%A1%20%E5%8C%97%E4%BA%8C%E9%AB%98%20%E5%9C%B0%E5%83%B9%20%E5%9C%B0%E6%94%BF%E8%99%95%20%E5%A4%AE%E5%9C%96%20%E7%B8%BD%E8%B3%AA%E8%A9%A2%20%E8%87%BA%E5%8C%97%E5%B8%82%20%E8%87%BA%E5%8C%97%E7%B8%A3%20%E8%87%BA%E5%8C%97%E9%86%AB%E9%99%A2%20%E8%B3%AA%E8%A9%A2%20%E9%83%BD%E6%9C%83%E5%8D%80%20%E9%97%9C%E4%B8%AD%20&oid=1609027 HTTP/1.1" 200 7425
66.249.71.105 - - [13/Sep/2015:14:11:57 +0800] "GET /content/repository/resource_content.jsp?oid=1551423&queryType=qs&queryString=%E5%A4%A7%E5%9F%94%E9%84%89 HTTP/1.1" 200 28768
66.249.71.196 - - [13/Sep/2015:14:12:43 +0800] "GET /digiarch3/content/repository/resource_content.jsp?oid=2674250&queryString=%E5%88%91%E9%83%A8%E5%B0%9A%E6%9B%B8 HTTP/1.1" 200 30424
66.249.71.121 - - [13/Sep/2015:14:12:59 +0800] "GET /content/nav/relationSubject.jsp?relationWords=%E5%AD%9F%E8%89%AE+&oid=683432 HTTP/1.1" 200 2914
66.249.71.113 - - [13/Sep/2015:14:13:02 +0800] "GET /content/nav/relationSubject.jsp?relationWords=%E5%AD%9F%E8%89%AE%20&oid=683432 HTTP/1.1" 200 2914
66.249.71.217 - - [13/Sep/2015:14:13:10 +0800] "GET /digiarch3/content/repository/resource_content.jsp?oid=2670829&queryType=qs&queryString=%E5%BB%93%E7%88%BE%E5%96%80 HTTP/1.1" 200 30119
66.249.71.239 - - [13/Sep/2015:14:13:25 +0800] "GET /content/subject/resource_content.jsp?oid=16777448&queryType=qc HTTP/1.1" 200 34534
66.249.71.239 - - [13/Sep/2015:14:13:37 +0800] "GET /content/nav/relationSubject.jsp?relationWords=%E5%90%8A%E7%9F%B3%E8%8B%A3%E8%8B%94+%E5%90%8A%E7%9F%B3%E8%8B%A3%E8%8B%94%E5%B1%AC+%E6%A4%8D%E7%89%A9%E7%95%8C+%E7%8E%84%E5%8F%83+%E7%9F%B3%E5%90%8A%E8%98%AD+%E7%9F%B3%E5%90%8A%E8%98%AD%E5%B1%AC+%E8%8B%A6%E8%8B%A3%E8%8B%94%E7%A7%91+&oid=2152318 HTTP/1.1" 200 3606
66.249.71.249 - - [13/Sep/2015:14:13:44 +0800] "GET /content/nav/relationSubject.jsp?relationWords=%E5%90%8A%E7%9F%B3%E8%8B%A3%E8%8B%94%20%E5%90%8A%E7%9F%B3%E8%8B%A3%E8%8B%94%E5%B1%AC%20%E6%A4%8D%E7%89%A9%E7%95%8C%20%E7%8E%84%E5%8F%83%20%E7%9F%B3%E5%90%8A%E8%98%AD%20%E7%9F%B3%E5%90%8A%E8%98%AD%E5%B1%AC%20%E8%8B%A6%E8%8B%A3%E8%8B%94%E7%A7%91%20&oid=2152318 HTTP/1.1" 200 3606
66.249.71.206 - - [13/Sep/2015:14:13:49 +0800] "GET /content/subject/resource_content.jsp?oid=16777633&queryType=qc HTTP/1.1" 200 56617
101.226.166.254 - - [13/Sep/2015:14:15:08 +0800] "GET /digiarch3/content/repository/resource_content.jsp?oid=1124651&queryType=qc HTTP/1.1" 200 35362
66.249.71.249 - - [13/Sep/2015:14:15:56 +0800] "GET /content/nav/relationSubject.jsp?relationWords=%E6%89%81%E8%8A%B1%E9%B0%B9+%E8%88%B5%E9%B0%B9+%E9%AF%96%E7%A7%91+&oid=4353441 HTTP/1.1" 200 3358
220.181.108.123 - - [13/Sep/2015:14:15:56 +0800] "GET /content/subject/resource_content.jsp?oid=16777457&queryType=qc HTTP/1.1" 200 29741
66.249.71.239 - - [13/Sep/2015:14:16:02 +0800] "GET /content/nav/relationSubject.jsp?relationWords=%E6%89%81%E8%8A%B1%E9%B0%B9%20%E8%88%B5%E9%B0%B9%20%E9%AF%96%E7%A7%91%20&oid=4353441 HTTP/1.1" 200 3358
101.226.168.234 - - [13/Sep/2015:14:16:25 +0800] "GET /digiarch3/content/subject/resource_content.jsp?oid=16777448&queryType=qc HTTP/1.1" 200 34499
104.250.147.218 - - [13/Sep/2015:14:16:34 +0800] "GET /digiarch_en/content/subject/resource_content.jsp?oid=16777568&queryType=qc HTTP/1.0" 200 28973
207.46.13.92 - - [13/Sep/2015:14:17:01 +0800] "GET /content/repository/resource_content.jsp?oid=23580 HTTP/1.1" 200 29907
223.136.228.135 - - [13/Sep/2015:14:17:05 +0800] "GET /content/subject/resource_content.jsp?oid=16777753 HTTP/1.1" 200 36831
223.136.228.135 - - [13/Sep/2015:14:17:07 +0800] "GET /content/subject/resource_content.jsp?oid=16777753 HTTP/1.1" 200 36831
223.136.228.135 - - [13/Sep/2015:14:17:08 +0800] "GET /content/nav/relationSubject.jsp?relationWords=GIS+%E6%95%B8%E4%BD%8D%E5%85%B8%E8%97%8F+%E9%81%99%E6%B8%AC+%E9%81%99%E6%B8%AC%E5%BD%B1%E5%83%8F+&oid=16777753 HTTP/1.1" 200 9620
207.46.13.71 - - [13/Sep/2015:14:17:23 +0800] "GET /content/tmp_auth/resource_content.jsp?oid=16777809 HTTP/1.1" 200 37139
66.249.71.229 - - [13/Sep/2015:14:17:40 +0800] "GET /digiarch_en/content/nav/relationSubject.jsp?relationWords=%E6%A4%8D%E7%89%A9%E7%95%8C+%E7%94%B0%E8%B1%86+%E8%A0%B6%E8%B1%86+%E8%A0%B6%E8%B1%86%E5%B1%AC+%E9%9B%99%E5%AD%90%E8%91%89%E6%A4%8D%E7%89%A9+%E9%A6%AC%E9%BD%92%E8%B1%86+&oid=3811607 HTTP/1.1" 200 3308
101.226.166.228 - - [13/Sep/2015:14:17:46 +0800] "GET /digiarch3/content/subject/resource_content.jsp?oid=16777456&queryType=qc HTTP/1.1" 200 34432
66.249.71.217 - - [13/Sep/2015:14:17:47 +0800] "GET /digiarch3/content/subject/resource_content.jsp?oid=16777481&queryType=qs&queryString=%E9%87%8B%E8%BF%A6%E7%89%9F%E5%B0%BC HTTP/1.1" 200 111448
66.249.71.239 - - [13/Sep/2015:14:17:47 +0800] "GET /digiarch_en/content/nav/relationSubject.jsp?relationWords=%E6%A4%8D%E7%89%A9%E7%95%8C%20%E7%94%B0%E8%B1%86%20%E8%A0%B6%E8%B1%86%20%E8%A0%B6%E8%B1%86%E5%B1%AC%20%E9%9B%99%E5%AD%90%E8%91%89%E6%A4%8D%E7%89%A9%20%E9%A6%AC%E9%BD%92%E8%B1%86%20&oid=3811607 HTTP/1.1" 200 3308
66.249.71.229 - - [13/Sep/2015:14:17:55 +0800] "GET /content/nav/relationSubject.jsp?relationWords=%E5%9C%8B%E5%AE%85+&oid=1628263 HTTP/1.1" 200 5224
68.180.228.24 - - [13/Sep/2015:14:18:02 +0800] "GET /digiarch_en/content/pictures/picture_content.jsp?oid=33554486&queryType=qc HTTP/1.1" 200 21635
66.249.71.229 - - [13/Sep/2015:14:18:03 +0800] "GET /content/nav/relationSubject.jsp?relationWords=%E5%9C%8B%E5%AE%85%20&oid=1628263 HTTP/1.1" 200 5224
66.249.71.113 - - [13/Sep/2015:14:18:29 +0800] "GET /content/nav/relationSubject.jsp?relationWords=%E5%AF%B6%E6%BA%90+%E5%AF%B6%E6%BA%90%E5%B1%80+%E5%B7%A5%E9%83%A8+&oid=2661992 HTTP/1.1" 200 3153
66.249.71.105 - - [13/Sep/2015:14:18:34 +0800] "GET /content/nav/relationSubject.jsp?relationWords=%E5%AF%B6%E6%BA%90%20%E5%AF%B6%E6%BA%90%E5%B1%80%20%E5%B7%A5%E9%83%A8%20&oid=2661992 HTTP/1.1" 200 3153
66.249.71.207 - - [13/Sep/2015:14:18:53 +0800] "GET /digiarch3/content/nav/relationSubject.jsp?relationWords=%E5%88%91%E9%83%A8%E5%B0%9A%E6%9B%B8+&oid=2674250 HTTP/1.1" 200 3123
66.249.71.207 - - [13/Sep/2015:14:18:57 +0800] "GET /digiarch3/content/nav/relationSubject.jsp?relationWords=%E5%88%91%E9%83%A8%E5%B0%9A%E6%9B%B8%20&oid=2674250 HTTP/1.1" 200 3123
66.249.71.113 - - [13/Sep/2015:14:19:31 +0800] "GET /content/repository/resource_content.jsp?oid=2511636&queryType=qs&queryString=%E5%AE%88%E5%82%99%E7%97%85 HTTP/1.1" 200 30111
66.249.79.172 - - [13/Sep/2015:14:20:08 +0800] "GET /digiarch3/content/repository/resource_content.jsp?oid=2150316&queryString=%E7%83%8F%E5%BF%83%E7%9F%B3%20%E9%B1%B8%E9%B0%BB HTTP/1.1" 200 31081
207.46.13.92 - - [13/Sep/2015:14:20:36 +0800] "GET /content/nav/relationSubject.jsp?relationWords=%E7%B4%85%E6%A5%A0+%E8%B1%AC%E8%85%B3%E6%A5%A0+&oid=16777302 HTTP/1.1" 200 3693
66.249.71.113 - - [13/Sep/2015:14:20:51 +0800] "GET /content/nav/relationSubject.jsp?relationWords=%E5%A4%8F%E4%BB%A4%E7%87%9F+%E5%AE%89%E9%9D%9E%E4%BB%96%E5%91%BD+%E7%95%A2%E6%A5%AD%E7%94%9F+%E8%83%BD%E5%8A%9B%E5%88%86%E7%8F%AD+%E8%B3%AA%E8%A9%A2+%E9%9B%BB%E5%8B%95%E7%8E%A9%E5%85%B7+&oid=1598952 HTTP/1.1" 200 4207
66.249.71.113 - - [13/Sep/2015:14:20:55 +0800] "GET /content/nav/relationSubject.jsp?relationWords=%E5%A4%8F%E4%BB%A4%E7%87%9F%20%E5%AE%89%E9%9D%9E%E4%BB%96%E5%91%BD%20%E7%95%A2%E6%A5%AD%E7%94%9F%20%E8%83%BD%E5%8A%9B%E5%88%86%E7%8F%AD%20%E8%B3%AA%E8%A9%A2%20%E9%9B%BB%E5%8B%95%E7%8E%A9%E5%85%B7%20&oid=1598952 HTTP/1.1" 200 4207
66.249.71.45 - - [13/Sep/2015:14:22:18 +0800] "GET /content/nav/relationSubject.jsp?relationWords=%E7%94%B7%E4%B8%8A%E8%A1%A3+%E9%AD%AF%E5%87%B1%E6%97%8F+&oid=1782394 HTTP/1.1" 200 3026
66.249.71.36 - - [13/Sep/2015:14:22:21 +0800] "GET /content/nav/relationSubject.jsp?relationWords=%E7%94%B7%E4%B8%8A%E8%A1%A3%20%E9%AD%AF%E5%87%B1%E6%97%8F%20&oid=1782394 HTTP/1.1" 200 3026
68.180.228.24 - - [13/Sep/2015:14:22:43 +0800] "GET /digiarch_en/content/pictures/picture_content.jsp?oid=33554742 HTTP/1.1" 200 21700
66.249.71.249 - - [13/Sep/2015:14:23:01 +0800] "GET /content/nav/relationSubject.jsp?relationWords=%E7%8E%89%E9%BB%8D%E8%9E%BA+%E9%87%91%E5%A1%94%E7%8E%89%E9%BB%8D%E8%9E%BA+&oid=33554943 HTTP/1.1" 200 3314
66.249.71.239 - - [13/Sep/2015:14:23:05 +0800] "GET /content/nav/relationSubject.jsp?relationWords=%E7%8E%89%E9%BB%8D%E8%9E%BA%20%E9%87%91%E5%A1%94%E7%8E%89%E9%BB%8D%E8%9E%BA%20&oid=33554943 HTTP/1.1" 200 3314
66.249.71.121 - - [13/Sep/2015:14:23:07 +0800] "GET /content/nav/relationSubject.jsp?relationWords=%E5%8F%83%E8%AD%B0%E6%9C%83+%E5%8F%B0%E7%81%A3%E7%9C%81+%E6%9F%A5%E6%9F%90+%E7%B8%A3%E6%94%BF%E5%BA%9C+%E8%B2%A0%E8%B2%AC%E4%BA%BA+&oid=1518400 HTTP/1.1" 200 8050
66.249.71.121 - - [13/Sep/2015:14:23:10 +0800] "GET /content/nav/relationSubject.jsp?relationWords=%E5%8F%83%E8%AD%B0%E6%9C%83%20%E5%8F%B0%E7%81%A3%E7%9C%81%20%E6%9F%A5%E6%9F%90%20%E7%B8%A3%E6%94%BF%E5%BA%9C%20%E8%B2%A0%E8%B2%AC%E4%BA%BA%20&oid=1518400 HTTP/1.1" 200 8050
180.218.154.70 - - [13/Sep/2015:14:23:16 +0800] "GET /content/nav/relationSubject.jsp?relationWords=%E9%BB%91%E6%9D%BF%E6%A8%B9+&oid=16777262 HTTP/1.1" 200 3253
66.249.71.121 - - [13/Sep/2015:14:23:18 +0800] "GET /content/nav/relationSubject.jsp?relationWords=%E5%8F%83%E5%B0%87%E4%BA%8B+%E9%96%A9%E6%B5%99%E7%B8%BD%E7%9D%A3+&oid=2542561 HTTP/1.1" 200 3170
66.249.71.113 - - [13/Sep/2015:14:23:22 +0800] "GET /content/nav/relationSubject.jsp?relationWords=%E5%8F%83%E5%B0%87%E4%BA%8B%20%E9%96%A9%E6%B5%99%E7%B8%BD%E7%9D%A3%20&oid=2542561 HTTP/1.1" 200 3170
59.126.253.95 - - [13/Sep/2015:14:23:31 +0800] "GET /content/nav/relationSubject.jsp?relationWords=%E5%B1%B1%E8%8A%99%E8%93%89+%E6%9C%A8%E8%8A%99%E8%93%89+%E8%96%9B%E6%BF%A4+%E9%86%89%E8%8A%99%E8%93%89+&oid=16777260 HTTP/1.1" 200 4595
180.218.154.70 - - [13/Sep/2015:14:23:44 +0800] "GET /content/repository/resource_content.jsp?oid=1104158&queryString=%E9%BB%91%E6%9D%BF%E6%A8%B9 HTTP/1.1" 200 31087
180.218.154.70 - - [13/Sep/2015:14:23:45 +0800] "GET /content/nav/relationSubject.jsp?relationWords=%E5%A4%BE%E7%AB%B9%E6%A1%83+%E5%A4%BE%E7%AB%B9%E6%A1%83%E7%A7%91+%E6%A4%8D%E7%89%A9%E7%95%8C+%E9%BB%91%E6%9D%BF%E6%A8%B9+%E9%BE%8D%E8%86%BD+&oid=1104158 HTTP/1.1" 200 4620
68.180.228.24 - - [13/Sep/2015:14:24:32 +0800] "GET /digiarch_en/content/subject/resource_content.jsp?oid=16777399&queryType=qc HTTP/1.1" 200 22599
123.125.71.85 - - [13/Sep/2015:14:24:47 +0800] "GET /content/repository/resource_content.jsp?oid=583836 HTTP/1.1" 200 28796
66.249.71.206 - - [13/Sep/2015:14:25:10 +0800] "GET /content/nav/relationSubject.jsp?relationWords=%E4%B8%8A%E8%AB%AD%E4%BA%8B+%E5%AE%97%E4%BA%BA%E5%BA%9C+&oid=2686851 HTTP/1.1" 200 3080
66.249.71.216 - - [13/Sep/2015:14:25:13 +0800] "GET /content/nav/relationSubject.jsp?relationWords=%E4%B8%8A%E8%AB%AD%E4%BA%8B%20%E5%AE%97%E4%BA%BA%E5%BA%9C%20&oid=2686851 HTTP/1.1" 200 3080
68.180.228.24 - - [13/Sep/2015:14:25:37 +0800] "GET /digiarch_en/content/subject/resource_content.jsp?oid=16777418&queryType=qc HTTP/1.1" 200 31841
157.55.39.240 - - [13/Sep/2015:14:26:08 +0800] "GET /content/repository/resource_content.jsp?oid=1562727 HTTP/1.1" 200 42796
182.118.20.219 - - [13/Sep/2015:14:26:12 +0800] "GET /digiarch3/content/tmp_exh/resource_content.jsp?oid=16777849&queryType=qc HTTP/1.1" 200 31865
211.74.191.85 - - [13/Sep/2015:14:26:19 +0800] "GET /content/subject/resource_content.jsp?oid=16777448&queryType=qc HTTP/1.1" 200 34545
211.74.191.85 - - [13/Sep/2015:14:26:21 +0800] "GET /content/nav/relationSubject.jsp?relationWords=%E5%B1%B1%E8%8C%B6%E8%8A%B1+%E6%9B%BC%E9%99%80%E7%BE%85+%E6%9B%BC%E9%99%80%E7%BE%85%E8%8A%B1+%E8%8C%B6%E8%8A%B1+&oid=16777448 HTTP/1.1" 200 3399
207.46.13.7 - - [13/Sep/2015:14:27:10 +0800] "GET /content/subject/resource_content.jsp?oid=16777841&queryType=qc> HTTP/1.1" 200 27550
66.249.71.196 - - [13/Sep/2015:14:27:20 +0800] "GET /digiarch3/content/repository/resource_content.jsp?oid=4359558&queryType=qs&queryString=%E5%AE%A4%E5%85%A7%E8%A3%9D%E9%A3%BE HTTP/1.1" 200 28180
207.46.13.7 - - [13/Sep/2015:14:27:36 +0800] "GET /content/subject/resource_content.jsp?oid=16777706 HTTP/1.1" 200 53891
66.249.71.239 - - [13/Sep/2015:14:28:05 +0800] "GET /content/nav/relationSubject.jsp?relationWords=%E5%85%B8%E7%B1%8D%E5%BB%B3+%E9%84%89%E8%A9%A6+&oid=2634817 HTTP/1.1" 200 5360
66.249.71.249 - - [13/Sep/2015:14:28:08 +0800] "GET /content/nav/relationSubject.jsp?relationWords=%E5%85%B8%E7%B1%8D%E5%BB%B3%20%E9%84%89%E8%A9%A6%20&oid=2634817 HTTP/1.1" 200 5360
207.46.13.71 - - [13/Sep/2015:14:28:09 +0800] "GET /content/subject/resource_content.jsp?oid=16777839&queryType=qc HTTP/1.1" 200 27204
66.249.71.229 - - [13/Sep/2015:14:29:24 +0800] "GET /content/nav/relationSubject.jsp?relationWords=%E4%B8%98%E5%BF%B5%E5%8F%B0+%E4%BD%99%E9%99%B3%E6%9C%88%E7%91%9B+%E6%9D%8E%E6%BA%90%E6%A3%A7+%E6%AC%8A%E5%88%A9+%E7%9B%A3%E5%A7%94+%E7%9B%A3%E5%AF%9F%E5%A7%94%E5%93%A1+%E7%9C%81%E6%94%BF%E5%BA%9C+%E8%87%BA%E7%81%A3%E7%9C%81%E8%AD%B0%E6%9C%83+%E8%A8%B1%E4%B8%96%E8%B3%A2+%E8%A8%B1%E6%96%B0%E6%9E%9D+%E9%81%B8%E8%88%89%E7%BD%B7%E5%85%8D%E6%B3%95+%E9%83%AD%E9%9B%A8%E6%96%B0+%E9%BB%83%E5%A0%AF+%E9%BB%83%E9%81%8B%E9%87%91+&oid=1896279 HTTP/1.1" 200 6038
66.249.79.193 - - [13/Sep/2015:14:29:30 +0800] "GET /content/nav/relationSubject.jsp?relationWords=%E4%B8%98%E5%BF%B5%E5%8F%B0%20%E4%BD%99%E9%99%B3%E6%9C%88%E7%91%9B%20%E6%9D%8E%E6%BA%90%E6%A3%A7%20%E6%AC%8A%E5%88%A9%20%E7%9B%A3%E5%A7%94%20%E7%9B%A3%E5%AF%9F%E5%A7%94%E5%93%A1%20%E7%9C%81%E6%94%BF%E5%BA%9C%20%E8%87%BA%E7%81%A3%E7%9C%81%E8%AD%B0%E6%9C%83%20%E8%A8%B1%E4%B8%96%E8%B3%A2%20%E8%A8%B1%E6%96%B0%E6%9E%9D%20%E9%81%B8%E8%88%89%E7%BD%B7%E5%85%8D%E6%B3%95%20%E9%83%AD%E9%9B%A8%E6%96%B0%20%E9%BB%83%E5%A0%AF%20%E9%BB%83%E9%81%8B%E9%87%91%20&oid=1896279 HTTP/1.1" 200 6038
66.249.71.217 - - [13/Sep/2015:14:31:18 +0800] "GET /digiarch3/content/nav/relationSubject.jsp?relationWords=%E5%AE%A4%E5%85%A7%E8%A3%9D%E9%A3%BE+&oid=4359558 HTTP/1.1" 200 2437
66.249.71.196 - - [13/Sep/2015:14:31:21 +0800] "GET /digiarch3/content/nav/relationSubject.jsp?relationWords=%E5%AE%A4%E5%85%A7%E8%A3%9D%E9%A3%BE%20&oid=4359558 HTTP/1.1" 200 2437
66.249.71.239 - - [13/Sep/2015:14:31:22 +0800] "GET /content/nav/relationSubject.jsp?relationWords=%E4%B8%AD%E5%9C%8B%E5%A4%A7%E9%99%B8%E5%9C%B0%E5%9C%96+&oid=207984 HTTP/1.1" 200 1424
66.249.71.249 - - [13/Sep/2015:14:31:24 +0800] "GET /content/nav/relationSubject.jsp?relationWords=%E4%B8%AD%E5%9C%8B%E5%A4%A7%E9%99%B8%E5%9C%B0%E5%9C%96%20&oid=207984 HTTP/1.1" 200 1424
121.41.114.164 - - [13/Sep/2015:14:31:35 +0800] "GET /content/subject/resource_content.jsp?oid=16777333&queryType=qc HTTP/1.0" 200 31956
120.26.0.137 - - [13/Sep/2015:14:31:35 +0800] "GET /content/subject/resource_content.jsp?oid=16777626&queryType=qc HTTP/1.0" 200 43125
121.41.114.164 - - [13/Sep/2015:04:30:29 +0800] "GET /content/tmp_exh/resource_content.jsp?oid=16777849&queryType=qc HTTP/1.0" 200 31829
121.41.60.73 - - [13/Sep/2015:04:30:29 +0800] "GET /content/subject/resource_content.jsp?oid=16777431&queryType=qc HTTP/1.0" 200 36943
120.26.2.174 - - [13/Sep/2015:04:30:29 +0800] "GET /content/subject/resource_content.jsp?oid=16777621&queryType=qc HTTP/1.0" 200 35730
120.26.0.60 - - [13/Sep/2015:14:31:36 +0800] "GET /content/subject/resource_content.jsp?oid=16777334&queryType=qc HTTP/1.0" 200 27743
120.26.0.227 - - [13/Sep/2015:14:31:38 +0800] "GET /content/subject/resource_content.jsp?oid=16777337&queryType=qc HTTP/1.0" 200 28236
121.41.103.106 - - [13/Sep/2015:14:31:38 +0800] "GET /content/subject/resource_content.jsp?oid=16777336&queryType=qc HTTP/1.0" 200 32057
120.26.0.126 - - [13/Sep/2015:14:31:38 +0800] "GET /content/subject/resource_content.jsp?oid=16777519&queryType=qc HTTP/1.0" 200 35980
120.26.2.192 - - [13/Sep/2015:14:31:38 +0800] "GET /content/subject/resource_content.jsp?oid=16797291&queryType=qc HTTP/1.0" 200 51073
120.26.2.234 - - [13/Sep/2015:14:31:38 +0800] "GET /content/subject/resource_content.jsp?oid=16777835&queryType=qc HTTP/1.0" 200 51205
120.26.0.137 - - [13/Sep/2015:14:31:39 +0800] "GET /content/subject/resource_content.jsp?oid=16777475&queryType=qc HTTP/1.0" 200 62028
121.40.142.136 - - [13/Sep/2015:14:31:40 +0800] "GET /content/subject/resource_content.jsp?oid=16777508&queryType=qc HTTP/1.0" 200 36235
121.40.142.136 - - [13/Sep/2015:14:31:41 +0800] "GET /content/subject/resource_content.jsp?oid=16777423&queryType=qc HTTP/1.0" 200 39642
120.26.2.217 - - [13/Sep/2015:14:31:41 +0800] "GET /content/subject/resource_content.jsp?oid=16777476&queryType=qc HTTP/1.0" 200 54180
120.26.2.186 - - [13/Sep/2015:14:31:44 +0800] "GET /content/subject/resource_content.jsp?oid=16797294&queryType=qc HTTP/1.0" 200 45221
211.74.191.85 - - [13/Sep/2015:14:31:57 +0800] "GET /content/subject/resource_content.jsp?oid=16777448&queryType=qc HTTP/1.1" 200 34545
211.74.191.85 - - [13/Sep/2015:14:31:57 +0800] "GET /content/nav/relationSubject.jsp?relationWords=%E5%B1%B1%E8%8C%B6%E8%8A%B1+%E6%9B%BC%E9%99%80%E7%BE%85+%E6%9B%BC%E9%99%80%E7%BE%85%E8%8A%B1+%E8%8C%B6%E8%8A%B1+&oid=16777448 HTTP/1.1" 200 3399
66.249.71.105 - - [13/Sep/2015:14:32:01 +0800] "GET /content/nav/relationSubject.jsp?relationWords=%E6%AD%A6%E8%8B%B1%E6%AE%BF+&oid=2662192 HTTP/1.1" 200 3066
66.249.71.105 - - [13/Sep/2015:14:32:04 +0800] "GET /content/nav/relationSubject.jsp?relationWords=%E6%AD%A6%E8%8B%B1%E6%AE%BF%20&oid=2662192 HTTP/1.1" 200 3066
220.181.108.181 - - [13/Sep/2015:14:33:38 +0800] "GET /content/subject/resource_content.jsp?oid=16777387&queryType=qc HTTP/1.1" 200 34443
66.249.71.196 - - [13/Sep/2015:14:33:43 +0800] "GET /digiarch3/content/repository/resource_content.jsp?oid=2684234&queryString=%E5%BE%A1%E9%96%80%20%E7%9F%A5%E7%85%A7%20%E7%A5%A8%E7%B0%BD HTTP/1.1" 200 30380
140.112.218.140 - - [13/Sep/2015:14:33:43 +0800] "GET /content/subject/resource_content.jsp?oid=16777769&queryType=qc HTTP/1.1" 200 41381
140.112.218.140 - - [13/Sep/2015:14:33:45 +0800] "GET /content/nav/relationSubject.jsp?relationWords=%E6%95%B8%E4%BD%8D%E5%85%B8%E8%97%8F+%E9%89%9B%E5%AD%97+%E9%8A%85%E6%A8%A1+&oid=16777769 HTTP/1.1" 200 11830
66.249.71.217 - - [13/Sep/2015:14:34:05 +0800] "GET /digiarch3/content/repository/resource_content.jsp?oid=1123464&queryString=%E6%AE%BA%E6%89%8B%20%E6%AE%BA%E6%89%8B%E8%8A%8B%E8%9E%BA%20%E8%8A%8B%E8%9E%BA HTTP/1.1" 200 34794
66.249.71.105 - - [13/Sep/2015:14:34:35 +0800] "GET /content/repository/resource_content.jsp?oid=4364072&queryType=qs&queryString=%E4%B9%BE%E5%9D%A4 HTTP/1.1" 200 28792
66.249.71.217 - - [13/Sep/2015:14:36:42 +0800] "GET /digiarch3/content/repository/resource_content.jsp?oid=523999&queryType=qc HTTP/1.1" 200 36380
66.249.71.207 - - [13/Sep/2015:14:37:40 +0800] "GET /digiarch3/content/repository/resource_content.jsp?oid=2512801&queryType=qs&queryString=%E5%BB%93%E7%88%BE%E5%96%80 HTTP/1.1" 200 30034
66.249.71.229 - - [13/Sep/2015:14:38:00 +0800] "GET /content/nav/relationSubject.jsp?relationWords=%E6%BE%8E%E6%B9%96%E7%B8%A3+%E9%83%AD%E7%9F%B3%E9%A0%AD+%E9%8C%A2%E6%98%8C%E7%A5%9A+&oid=1524678 HTTP/1.1" 200 4440
66.249.71.207 - - [13/Sep/2015:14:38:22 +0800] "GET /digiarch3/content/repository/resource_content.jsp?oid=1844672&queryString=%E5%BC%93%E5%BD%A2%20%E5%BC%93%E5%BD%A2%E5%99%A8 HTTP/1.1" 200 30311
68.180.228.24 - - [13/Sep/2015:14:38:41 +0800] "GET /content/repository/resource_content.jsp?oid=1583597 HTTP/1.1" 200 30785
66.249.71.217 - - [13/Sep/2015:14:38:53 +0800] "GET /digiarch3/content/nav/relationSubject.jsp?relationWords=%E8%85%B9%E8%B6%B3%E7%B6%B1+%E8%8A%8B%E8%9E%BA%E5%B1%AC+%E8%8A%8B%E8%9E%BA%E7%A7%91+%E8%8A%B1%E7%92%B0%E8%8A%8B%E8%9E%BA+&oid=1123464 HTTP/1.1" 200 3374
182.118.22.141 - - [13/Sep/2015:14:38:56 +0800] "GET /digiarch3/content/pictures/picture_content.jsp?oid=33554838&queryType=qc HTTP/1.1" 200 28022
66.249.71.207 - - [13/Sep/2015:14:38:56 +0800] "GET /digiarch3/content/nav/relationSubject.jsp?relationWords=%E8%85%B9%E8%B6%B3%E7%B6%B1%20%E8%8A%8B%E8%9E%BA%E5%B1%AC%20%E8%8A%8B%E8%9E%BA%E7%A7%91%20%E8%8A%B1%E7%92%B0%E8%8A%8B%E8%9E%BA%20&oid=1123464 HTTP/1.1" 200 3374
66.249.71.207 - - [13/Sep/2015:14:40:10 +0800] "GET /digiarch3/content/nav/relationSubject.jsp?relationWords=%E6%95%95%E6%9B%B8+%E9%81%94%E8%B3%B4+&oid=2653682 HTTP/1.1" 200 3122
66.249.71.217 - - [13/Sep/2015:14:40:15 +0800] "GET /digiarch3/content/nav/relationSubject.jsp?relationWords=%E6%95%95%E6%9B%B8%20%E9%81%94%E8%B3%B4%20&oid=2653682 HTTP/1.1" 200 3122
66.249.71.196 - - [13/Sep/2015:14:40:26 +0800] "GET /digiarch3/content/repository/resource_content.jsp?oid=2685320&queryString=%E7%A5%A8%E7%B0%BD%20%E9%9A%A8%E5%9C%8D HTTP/1.1" 200 30273
1.161.120.178 - - [13/Sep/2015:14:40:28 +0800] "GET /content/subject/resource_content.jsp?oid=16777427&queryString=%E5%A4%A9%E4%BD%BF%20%E6%89%81%E9%AF%8A%20%E6%93%AC%E8%83%8C%E6%96%91%20%E7%90%B5%E7%90%B6%E9%AE%AB HTTP/1.1" 200 33096
1.161.120.178 - - [13/Sep/2015:14:40:30 +0800] "GET /content/nav/relationSubject.jsp?relationWords=%E6%89%81%E9%AF%8A+%E7%90%B5%E7%90%B6%E9%AE%AB+%E9%9B%B2%E7%B4%8B%E7%90%B5%E7%90%B6%E9%AE%AB+&oid=16777427 HTTP/1.1" 200 4198
66.249.71.207 - - [13/Sep/2015:14:40:45 +0800] "GET /digiarch3/content/repository/resource_content.jsp?oid=4411267&queryString=%E9%99%B6%E7%B4%A1%E8%BC%AA HTTP/1.1" 200 29047
68.180.228.24 - - [13/Sep/2015:14:40:46 +0800] "GET /content/subject/resource_content.jsp?oid=16777770&queryType=qc HTTP/1.1" 200 53870
60.246.173.232 - - [13/Sep/2015:14:40:49 +0800] "GET /content/subject/resource_content.jsp?oid=16797281&queryType=qc HTTP/1.1" 200 53084
60.246.173.232 - - [13/Sep/2015:14:40:52 +0800] "GET /content/nav/relationSubject.jsp?relationWords=%E5%AA%92%E9%AB%94+&oid=16797281 HTTP/1.1" 200 5011
66.249.71.207 - - [13/Sep/2015:14:41:11 +0800] "GET /digiarch3/content/repository/resource_content.jsp?oid=2682668&queryString=%E4%BB%BB%E9%82%B1%20%E5%B7%A5%E9%83%A8%20%E6%BC%AB%E5%8F%A3%20%E9%82%B1%E7%B8%A3 HTTP/1.1" 200 30248
66.249.79.172 - - [13/Sep/2015:14:41:30 +0800] "GET /digiarch3/content/repository/resource_content.jsp?oid=2682668&queryString=%E5%B7%A5%E9%83%A8%20%E7%A0%B2%E4%BD%8D HTTP/1.1" 200 30248
66.249.71.121 - - [13/Sep/2015:14:42:11 +0800] "GET /content/repository/resource_content.jsp?oid=2638553&queryType=qs&queryString=%E7%9F%B3%E5%A0%A4 HTTP/1.1" 200 30174
66.249.71.217 - - [13/Sep/2015:14:42:18 +0800] "GET /digiarch3/content/nav/relationSubject.jsp?relationWords=%E5%BC%93%E5%BD%A2%E5%99%A8+&oid=1844672 HTTP/1.1" 200 2999
66.249.71.196 - - [13/Sep/2015:14:42:22 +0800] "GET /digiarch3/content/nav/relationSubject.jsp?relationWords=%E5%BC%93%E5%BD%A2%E5%99%A8%20&oid=1844672 HTTP/1.1" 200 2999
66.249.71.229 - - [13/Sep/2015:14:43:06 +0800] "GET /content/subject/resource_content.jsp?oid=16777349 HTTP/1.1" 200 36484
66.249.71.196 - - [13/Sep/2015:14:43:56 +0800] "GET /digiarch3/content/repository/resource_content.jsp?oid=2689767&queryString=%E5%88%97%E9%BC%8E%20%E6%96%B9%E9%BC%8E%20%E9%9B%B2%E9%9B%B7%20%E9%9B%B2%E9%9B%B7%E7%B4%8B%20%E9%9B%B2%E9%9B%B7%E7%B4%8B%E5%88%97%E9%BC%8E%20%E9%9B%B7%E7%B4%8B%20%E9%9D%92%E9%8A%85%E5%99%A8 HTTP/1.1" 200 30269
66.249.71.196 - - [13/Sep/2015:14:44:02 +0800] "GET /digiarch3/content/repository/resource_content.jsp?oid=4470949&queryString=%E5%8D%9A%E8%A6%BD%E6%9C%83%20%E5%8F%B0%E7%81%A3%E5%9C%8B%20%E6%95%B8%E4%BD%8D%E5%85%B8%E8%97%8F%20%E6%96%87%E5%8C%96%E5%89%B5%E6%84%8F%20%E6%96%87%E5%8C%96%E5%89%B5%E6%84%8F%E7%94%A2%E6%A5%AD HTTP/1.1" 200 30081
66.249.71.207 - - [13/Sep/2015:14:45:07 +0800] "GET /digiarch3/content/nav/relationSubject.jsp?relationWords=%E9%99%B6%E7%B4%A1%E8%BC%AA+&oid=4411267 HTTP/1.1" 200 2992
66.249.71.217 - - [13/Sep/2015:14:45:10 +0800] "GET /digiarch3/content/nav/relationSubject.jsp?relationWords=%E9%99%B6%E7%B4%A1%E8%BC%AA%20&oid=4411267 HTTP/1.1" 200 2992
66.249.71.105 - - [13/Sep/2015:14:45:43 +0800] "GET /content/nav/relationSubject.jsp?relationWords=%E5%88%91%E9%83%A8+%E5%A5%8F%E5%8F%83+&oid=2686656 HTTP/1.1" 200 3130
66.249.71.121 - - [13/Sep/2015:14:45:47 +0800] "GET /content/nav/relationSubject.jsp?relationWords=%E5%88%91%E9%83%A8%20%E5%A5%8F%E5%8F%83%20&oid=2686656 HTTP/1.1" 200 3130
66.249.71.217 - - [13/Sep/2015:14:46:11 +0800] "GET /digiarch3/content/subject/resource_content.jsp?oid=16777614&queryType=qs&queryString=%E8%97%8F%E5%82%B3 HTTP/1.1" 200 48994
66.249.71.217 - - [13/Sep/2015:14:46:22 +0800] "GET /digiarch3/content/repository/resource_content.jsp?oid=2644182&queryString=%E5%A4%96%E4%BA%A4%E9%83%A8%20%E6%96%87%E5%85%B7%20%E7%9C%BE%E8%AD%B0%E9%99%A2%20%E8%8F%AF%E4%B8%80%20%E8%94%A1%E9%B4%BB%E6%96%87%20%E8%AD%B0%E9%95%B7%20%E9%A0%98%E4%BA%8B%E9%A4%A8 HTTP/1.1" 200 30168
66.249.71.207 - - [13/Sep/2015:14:46:36 +0800] "GET /digiarch3/content/repository/resource_content.jsp?oid=4453425&queryType=qs&queryString=%E5%8B%95%E7%89%A9%E5%9C%92 HTTP/1.1" 200 29686
66.249.71.207 - - [13/Sep/2015:14:46:42 +0800] "GET /digiarch3/content/repository/resource_content.jsp?oid=2640725&queryString=%E5%BB%93%E7%88%BE%E5%96%80 HTTP/1.1" 200 30432
123.125.71.75 - - [13/Sep/2015:14:46:53 +0800] "GET /content/subject/resource_content.jsp?oid=16777518 HTTP/1.1" 200 27901
66.249.71.217 - - [13/Sep/2015:14:47:18 +0800] "GET /digiarch3/content/nav/relationSubject.jsp?relationWords=%E5%A4%BE%E6%9D%BF+%E7%A5%A8%E7%B0%BD+&oid=2685320 HTTP/1.1" 200 3134
66.249.71.217 - - [13/Sep/2015:14:47:23 +0800] "GET /digiarch3/content/nav/relationSubject.jsp?relationWords=%E5%A4%BE%E6%9D%BF%20%E7%A5%A8%E7%B0%BD%20&oid=2685320 HTTP/1.1" 200 3134
66.249.71.196 - - [13/Sep/2015:14:47:26 +0800] "GET /digiarch3/content/repository/resource_content.jsp?oid=2522158&queryString=%E7%9B%A3%E7%8A%AF%E7%97%85 HTTP/1.1" 200 30314
66.249.71.217 - - [13/Sep/2015:14:47:28 +0800] "GET /digiarch3/content/nav/relationSubject.jsp?relationWords=%E4%B8%AD%E8%85%B9%E8%B6%B3%E7%9B%AE+%E8%85%B9%E8%B6%B3%E7%B6%B1+%E8%9C%98%E8%9B%9B%E8%9E%BA+%E9%B3%B3%E5%87%B0%E8%9E%BA+&oid=523999 HTTP/1.1" 200 3417
66.249.71.207 - - [13/Sep/2015:14:47:31 +0800] "GET /digiarch3/content/nav/relationSubject.jsp?relationWords=%E4%B8%AD%E8%85%B9%E8%B6%B3%E7%9B%AE%20%E8%85%B9%E8%B6%B3%E7%B6%B1%20%E8%9C%98%E8%9B%9B%E8%9E%BA%20%E9%B3%B3%E5%87%B0%E8%9E%BA%20&oid=523999 HTTP/1.1" 200 3417
66.249.71.217 - - [13/Sep/2015:14:47:58 +0800] "GET /digiarch3/content/repository/resource_content.jsp?oid=2684586&queryString=%E7%A5%A8%E7%B0%BD HTTP/1.1" 200 30464
66.249.71.207 - - [13/Sep/2015:14:48:59 +0800] "GET /content/nav/relationSubject.jsp?relationWords=%E7%A5%9E%E4%B8%BB%E7%89%8C+%E7%A5%9E%E9%BE%95+&oid=4363924 HTTP/1.1" 200 3004
66.249.71.207 - - [13/Sep/2015:14:49:03 +0800] "GET /content/nav/relationSubject.jsp?relationWords=%E7%A5%9E%E4%B8%BB%E7%89%8C%20%E7%A5%9E%E9%BE%95%20&oid=4363924 HTTP/1.1" 200 3004
68.180.230.178 - - [13/Sep/2015:14:49:18 +0800] "GET /content/subject/resource_content.jsp?oid=16777471&queryType=qc HTTP/1.1" 200 30261
140.116.133.232 - - [13/Sep/2015:14:49:26 +0800] "GET /content/subject/resource_content.jsp?oid=16797295&queryType=qc HTTP/1.1" 200 66377
140.116.133.232 - - [13/Sep/2015:14:49:26 +0800] "GET /content/nav/relationSubject.jsp?relationWords=&oid=16797295 HTTP/1.1" 200 1405
66.249.71.105 - - [13/Sep/2015:14:49:45 +0800] "GET /content/repository/resource_content.jsp?oid=2679008&queryType=qs&queryString=%E8%BF%AA%E5%8C%96%E5%B7%9E HTTP/1.1" 200 30137
66.249.71.217 - - [13/Sep/2015:14:49:49 +0800] "GET /digiarch3/content/repository/resource_content.jsp?oid=4363319&queryString=%E6%96%87%E6%AE%8A%20%E6%96%87%E6%AE%8A%E8%8F%A9%E8%96%A9 HTTP/1.1" 200 34723
66.249.71.207 - - [13/Sep/2015:14:49:55 +0800] "GET /digiarch2/content/repository/resource_content.jsp?oid=1780230&queryType=qc HTTP/1.1" 200 8640
66.249.71.196 - - [13/Sep/2015:14:50:04 +0800] "GET /digiarch3/content/repository/resource_content.jsp?oid=1610356&queryString=%E5%8F%B0%E7%81%A3%E5%8E%9F%E4%BD%8F%E6%B0%91%20%E5%9F%BA%E5%9B%A0%20%E5%A4%9A%E6%A8%A3%E6%80%A7%20%E7%94%9F%E7%89%A9%E5%A4%9A%E6%A8%A3%E6%80%A7%20%E9%81%BA%E5%82%B3 HTTP/1.1" 200 28997
66.249.71.217 - - [13/Sep/2015:14:50:29 +0800] "GET /digiarch3/content/repository/resource_content.jsp?oid=2685013&queryString=%E4%BC%8A%E7%8A%81 HTTP/1.1" 200 30417
66.249.71.196 - - [13/Sep/2015:14:50:58 +0800] "GET /digiarch3/content/repository/resource_content.jsp?oid=4363598&queryString=%E7%9C%9F%E5%90%9B%20%E9%97%9C%E5%B8%9D HTTP/1.1" 200 28481
66.249.71.196 - - [13/Sep/2015:14:51:15 +0800] "GET /digiarch3/content/nav/relationSubject.jsp?relationWords=%E5%8D%B7%E9%A6%96+&oid=4453425 HTTP/1.1" 200 2927
66.249.71.196 - - [13/Sep/2015:14:51:18 +0800] "GET /digiarch3/content/nav/relationSubject.jsp?relationWords=%E5%8D%B7%E9%A6%96%20&oid=4453425 HTTP/1.1" 200 2927
66.249.71.216 - - [13/Sep/2015:14:51:31 +0800] "GET /content/nav/relationSubject.jsp?relationWords=%E5%90%8C%E6%A5%AD%E5%85%AC%E6%9C%83+%E6%B4%8B%E8%8F%87+%E7%9C%81%E6%94%BF%E5%BA%9C+%E8%88%B9%E8%88%B6+&oid=1900073 HTTP/1.1" 200 4592
66.249.71.226 - - [13/Sep/2015:14:51:35 +0800] "GET /content/nav/relationSubject.jsp?relationWords=%E5%90%8C%E6%A5%AD%E5%85%AC%E6%9C%83%20%E6%B4%8B%E8%8F%87%20%E7%9C%81%E6%94%BF%E5%BA%9C%20%E8%88%B9%E8%88%B6%20&oid=1900073 HTTP/1.1" 200 4592
220.181.108.102 - - [13/Sep/2015:14:52:20 +0800] "GET /content/subject/resource_content.jsp?oid=16777731&queryType=qc HTTP/1.1" 200 43396
66.249.71.217 - - [13/Sep/2015:14:52:20 +0800] "GET /digiarch3/content/nav/relationSubject.jsp?relationWords=%E4%BE%8D%E8%AE%80+%E7%A5%A8%E7%B0%BD+&oid=2684586 HTTP/1.1" 200 3131
66.249.71.217 - - [13/Sep/2015:14:52:25 +0800] "GET /digiarch3/content/nav/relationSubject.jsp?relationWords=%E4%BE%8D%E8%AE%80%20%E7%A5%A8%E7%B0%BD%20&oid=2684586 HTTP/1.1" 200 3131
66.249.71.217 - - [13/Sep/2015:14:52:37 +0800] "GET /digiarch3/content/repository/resource_content.jsp?oid=2682576&queryString=%E9%81%A3%E7%8A%AF HTTP/1.1" 200 30236
66.249.71.113 - - [13/Sep/2015:14:52:39 +0800] "GET /content/nav/relationSubject.jsp?relationWords=%E5%B7%A5%E9%83%A8%20%E6%BC%A2%E9%99%BD%20%E6%BC%A2%E9%99%BD%E5%BA%9C%20%E7%9F%B3%E5%A0%A4%20&oid=2638553 HTTP/1.1" 200 4071
66.249.71.196 - - [13/Sep/2015:14:52:56 +0800] "GET /digiarch3/content/repository/resource_content.jsp?oid=1101458&queryString=%E6%A4%8D%E7%89%A9%E7%95%8C%20%E8%85%BA%E6%AF%9B%E9%9D%92%E6%9C%A8%E9%A6%99%20%E8%8F%8A%E7%A7%91%20%E9%9B%99%E5%AD%90%E8%91%89%E6%A4%8D%E7%89%A9%20%E9%9D%92%E6%9C%A8%E9%A6%99%E5%B1%AC%20%E9%AB%98%E5%B1%B1%E9%9D%92%E6%9C%A8%E9%A6%99 HTTP/1.1" 200 31892
66.249.71.217 - - [13/Sep/2015:14:53:22 +0800] "GET /digiarch3/content/repository/resource_content.jsp?oid=1781875&queryString=%E7%94%B7%E8%A3%99 HTTP/1.1" 200 28857
66.249.71.207 - - [13/Sep/2015:14:53:49 +0800] "GET /digiarch3/content/repository/resource_content.jsp?oid=2679396&queryString=%E4%B8%8A%E8%AB%AD%E4%BA%8B%20%E5%B7%A5%E9%83%A8 HTTP/1.1" 200 30696
66.249.71.217 - - [13/Sep/2015:14:54:06 +0800] "GET /digiarch3/content/repository/resource_content.jsp?oid=4358620&queryString=%E5%AE%A4%E5%85%A7%E8%A3%9D%E9%A3%BE HTTP/1.1" 200 28180
66.249.71.207 - - [13/Sep/2015:14:54:17 +0800] "GET /digiarch3/content/repository/resource_content.jsp?oid=2678698&queryString=%E6%BB%87%E7%9C%81 HTTP/1.1" 200 30157
66.249.71.217 - - [13/Sep/2015:14:54:24 +0800] "GET /digiarch3/content/nav/relationSubject.jsp?relationWords=%E9%97%9C%E5%B8%9D+&oid=4363598 HTTP/1.1" 200 3081
66.249.71.217 - - [13/Sep/2015:14:54:29 +0800] "GET /digiarch3/content/nav/relationSubject.jsp?relationWords=%E9%97%9C%E5%B8%9D%20&oid=4363598 HTTP/1.1" 200 3081
66.249.71.196 - - [13/Sep/2015:14:54:31 +0800] "GET /digiarch3/content/nav/relationSubject.jsp?relationWords=%E5%85%8D%E7%A8%85%E9%A1%8D+%E5%9C%8B%E7%A8%85+%E8%87%BA%E7%81%A3%E7%9C%81+%E9%81%BA%E5%82%B3+&oid=1610356 HTTP/1.1" 200 4463
66.249.71.196 - - [13/Sep/2015:14:54:34 +0800] "GET /digiarch3/content/nav/relationSubject.jsp?relationWords=%E4%BC%8A%E7%8A%81+&oid=2685013 HTTP/1.1" 200 3123
66.249.71.207 - - [13/Sep/2015:14:54:36 +0800] "GET /digiarch3/content/nav/relationSubject.jsp?relationWords=%E5%85%8D%E7%A8%85%E9%A1%8D%20%E5%9C%8B%E7%A8%85%20%E8%87%BA%E7%81%A3%E7%9C%81%20%E9%81%BA%E5%82%B3%20&oid=1610356 HTTP/1.1" 200 4463
66.249.71.217 - - [13/Sep/2015:14:54:38 +0800] "GET /digiarch3/content/nav/relationSubject.jsp?relationWords=%E4%BC%8A%E7%8A%81%20&oid=2685013 HTTP/1.1" 200 3123
66.249.71.217 - - [13/Sep/2015:14:54:40 +0800] "GET /digiarch3/content/nav/relationSubject.jsp?relationWords=%E8%AD%B0%E9%95%B7+%E9%95%B7%E8%98%86+%E9%B9%BD%E5%8B%99+&oid=2644182 HTTP/1.1" 200 5346
66.249.71.196 - - [13/Sep/2015:14:54:45 +0800] "GET /digiarch3/content/nav/relationSubject.jsp?relationWords=%E8%AD%B0%E9%95%B7%20%E9%95%B7%E8%98%86%20%E9%B9%BD%E5%8B%99%20&oid=2644182 HTTP/1.1" 200 5346
207.46.13.7 - - [13/Sep/2015:14:54:58 +0800] "GET /content/nav/relationSubject.jsp?relationWords=%E5%AF%86%E6%AF%9B+%E5%AF%86%E6%AF%9B%E8%92%9F%E8%92%BB+%E5%AF%86%E6%AF%9B%E9%AD%94%E8%8A%8B+%E8%92%9F%E8%92%BB+%E9%AD%94%E8%8A%8B+&oid=33554451 HTTP/1.1" 200 3535
66.249.71.36 - - [13/Sep/2015:14:55:22 +0800] "GET /content/repository/resource_content.jsp?oid=4362836&queryString=%E9%87%91%E7%B4%99 HTTP/1.1" 200 30384
66.249.71.239 - - [13/Sep/2015:14:55:29 +0800] "GET /digiarch_en/content/repository/resource_content.jsp?oid=16378&queryString=%E5%8D%8A%E9%82%8A%E9%AD%9A%20%E6%89%81%E9%AD%9A%20%E6%AF%94%E7%9B%AE%E9%AD%9A%20%E7%9A%87%E5%B8%9D%E9%AD%9A HTTP/1.1" 200 27105
66.249.71.207 - - [13/Sep/2015:14:55:36 +0800] "GET /digiarch3/content/repository/resource_content.jsp?oid=2521579&queryString=%E7%96%8F%E9%98%B2 HTTP/1.1" 200 30216
220.181.108.109 - - [13/Sep/2015:14:55:43 +0800] "GET /content/repository/resource_content.jsp?oid=586366 HTTP/1.1" 200 28553
68.180.228.24 - - [13/Sep/2015:14:55:44 +0800] "GET /content/tmp_exh/resource_content.jsp?oid=16777712&queryType=qc HTTP/1.1" 200 32367
66.249.71.217 - - [13/Sep/2015:14:55:52 +0800] "GET /digiarch3/content/repository/resource_content.jsp?oid=2518217&queryString=%E5%8F%83%E7%96%8F%E9%98%B2%E6%AD%A6%E8%81%B7%20%E9%96%A9%E6%B5%99%E7%B8%BD%E7%9D%A3 HTTP/1.1" 200 30584
68.180.228.24 - - [13/Sep/2015:14:56:11 +0800] "GET /content/tmp_exh/resource_content.jsp?oid=16777802&queryType=qc HTTP/1.1" 200 28944
66.249.71.217 - - [13/Sep/2015:14:56:17 +0800] "GET /digiarch3/content/repository/resource_content.jsp?oid=2666391&queryString=%E5%B7%A5%E9%83%A8%20%E9%8A%80%E5%85%A9 HTTP/1.1" 200 30769
66.249.71.207 - - [13/Sep/2015:14:56:35 +0800] "GET /digiarch3/content/repository/resource_content.jsp?oid=2683000&queryString=%E5%B0%91%E5%8D%BF%20%E9%B4%BB%E8%87%9A%E5%AF%BA HTTP/1.1" 200 30238
112.105.150.217 - - [13/Sep/2015:14:56:36 +0800] "GET /content/subject/resource_content.jsp?oid=16777766&queryString=%E7%89%A1%E4%B8%B9%E7%A4%BE HTTP/1.1" 200 51474
112.105.150.217 - - [13/Sep/2015:14:56:36 +0800] "GET /content/nav/relationSubject.jsp?relationWords=%E4%BF%9D%E5%8A%9B+%E6%81%86%E6%98%A5%E5%8D%8A%E5%B3%B6+%E7%89%A1%E4%B8%B9%E7%A4%BE%E4%BA%8B%E4%BB%B6+%E7%95%AA%E7%A4%BE+&oid=16777766 HTTP/1.1" 200 4011
66.249.71.229 - - [13/Sep/2015:14:56:51 +0800] "GET /content/nav/relationSubject.jsp?relationWords=%E5%9B%9B%E7%A8%9C%E9%A3%84%E6%8B%82%E8%8D%89+%E9%A3%84%E6%8B%82%E8%8D%89%E5%B1%AC+&oid=2151560 HTTP/1.1" 200 3281
66.249.71.239 - - [13/Sep/2015:14:56:54 +0800] "GET /content/nav/relationSubject.jsp?relationWords=%E5%9B%9B%E7%A8%9C%E9%A3%84%E6%8B%82%E8%8D%89%20%E9%A3%84%E6%8B%82%E8%8D%89%E5%B1%AC%20&oid=2151560 HTTP/1.1" 200 3281
68.180.228.24 - - [13/Sep/2015:14:57:07 +0800] "GET /digiarch_en/content/subject/resource_content.jsp?oid=16777347&queryType=qc HTTP/1.1" 200 28842
66.249.71.105 - - [13/Sep/2015:14:57:15 +0800] "GET /content/repository/resource_content.jsp?oid=1777953&queryType=qs&queryString=%E5%A5%B3%E6%80%A7%E4%B8%BB%E7%BE%A9 HTTP/1.1" 200 38286
66.249.71.217 - - [13/Sep/2015:14:57:16 +0800] "GET /digiarch3/content/nav/relationSubject.jsp?relationWords=%E4%B8%8A%E8%AB%AD%E4%BA%8B+&oid=2679396 HTTP/1.1" 200 3030
66.249.71.229 - - [13/Sep/2015:14:57:20 +0800] "GET /content/nav/relationSubject.jsp?relationWords=%E7%A8%85%E6%8D%90+%E8%99%95%E9%95%B7+&oid=1558023 HTTP/1.1" 200 4021
66.249.71.217 - - [13/Sep/2015:14:57:21 +0800] "GET /digiarch3/content/nav/relationSubject.jsp?relationWords=%E4%B8%8A%E8%AB%AD%E4%BA%8B%20&oid=2679396 HTTP/1.1" 200 3030
66.249.79.193 - - [13/Sep/2015:14:57:24 +0800] "GET /content/nav/relationSubject.jsp?relationWords=%E7%A8%85%E6%8D%90%20%E8%99%95%E9%95%B7%20&oid=1558023 HTTP/1.1" 200 4021
115.145.34.100 - - [13/Sep/2015:14:57:59 +0800] "GET /content/repository/resource_content.jsp?oid=1826049&queryString=%E5%90%89%E4%B8%81%20%E5%AD%90%E7%92%8B%E9%90%98%20%E9%BE%A2%E9%90%98 HTTP/1.1" 200 29989
66.249.71.217 - - [13/Sep/2015:14:58:01 +0800] "GET /digiarch3/content/nav/relationSubject.jsp?relationWords=%E6%A4%8D%E7%89%A9%E7%95%8C+%E8%85%BA%E6%AF%9B%E9%9D%92%E6%9C%A8%E9%A6%99+%E8%8F%8A%E7%A7%91+%E9%9B%99%E5%AD%90%E8%91%89%E6%A4%8D%E7%89%A9+%E9%9D%92%E6%9C%A8%E9%A6%99%E5%B1%AC+%E9%AB%98%E5%B1%B1%E9%9D%92%E6%9C%A8%E9%A6%99+&oid=1101458 HTTP/1.1" 200 3578
115.145.34.100 - - [13/Sep/2015:14:58:04 +0800] "GET /content/nav/relationSubject.jsp?relationWords=%E5%90%89%E4%B8%81+%E5%AD%90%E7%92%8B%E9%90%98+%E9%BE%A2%E9%90%98+&oid=1826049 HTTP/1.1" 200 3175
66.249.71.207 - - [13/Sep/2015:14:58:04 +0800] "GET /digiarch3/content/nav/relationSubject.jsp?relationWords=%E6%A4%8D%E7%89%A9%E7%95%8C%20%E8%85%BA%E6%AF%9B%E9%9D%92%E6%9C%A8%E9%A6%99%20%E8%8F%8A%E7%A7%91%20%E9%9B%99%E5%AD%90%E8%91%89%E6%A4%8D%E7%89%A9%20%E9%9D%92%E6%9C%A8%E9%A6%99%E5%B1%AC%20%E9%AB%98%E5%B1%B1%E9%9D%92%E6%9C%A8%E9%A6%99%20&oid=1101458 HTTP/1.1" 200 3578
66.249.71.207 - - [13/Sep/2015:14:58:22 +0800] "GET /digiarch/content/repository/resource_content.jsp?oid=184328 HTTP/1.1" 404 14873
66.249.71.196 - - [13/Sep/2015:14:58:27 +0800] "GET /digiarch3/content/nav/relationSubject.jsp?relationWords=%E7%94%B7%E8%A3%99+&oid=1781875 HTTP/1.1" 200 2927
66.249.79.200 - - [13/Sep/2015:14:58:28 +0800] "GET /content/nav/relationSubject.jsp?relationWords=%E5%B1%B1%E8%9E%9E%E8%9D%97%E5%B1%AC+&oid=1463900 HTTP/1.1" 200 2965
66.249.71.217 - - [13/Sep/2015:14:58:30 +0800] "GET /digiarch3/content/nav/relationSubject.jsp?relationWords=%E7%94%B7%E8%A3%99%20&oid=1781875 HTTP/1.1" 200 2927
