66.249.74.72 - - [10/Nov/2015:02:41:35 +0800] "GET /content/repository/resource_content.jsp?oid=1578226&queryString=%E7%9C%BC%E7%96%BE%20%E9%BB%B4%E6%AF%92 HTTP/1.1" 200 28840
157.55.39.108 - - [10/Nov/2015:02:41:37 +0800] "GET /content/subject/resource_content.jsp?oid=16777331&queryString HTTP/1.1" 200 32084
157.55.39.34 - - [10/Nov/2015:02:41:58 +0800] "GET /content/subject/resource_content.jsp?oid=16777422 HTTP/1.1" 200 44811
66.249.71.5 - - [10/Nov/2015:02:41:58 +0800] "GET /content/repository/resource_content.jsp?oid=1123411&queryString=%E8%85%B9%E8%B6%B3%E7%B6%B1%20%E8%88%B9%E9%95%B7%E8%8A%8B%E8%9E%BA%20%E8%8A%8B%E8%9E%BA%E5%B1%AC%20%E8%8A%8B%E8%9E%BA%E7%A7%91 HTTP/1.1" 200 35287
66.249.71.5 - - [10/Nov/2015:02:42:22 +0800] "GET /content/repository/resource_content.jsp?oid=2521831&queryString=%E4%B8%BB%E7%B0%BF%20%E6%AC%BD%E5%A4%A9%E7%9B%A3 HTTP/1.1" 200 30143
66.249.71.60 - - [10/Nov/2015:02:42:24 +0800] "GET /content/nav/relationSubject.jsp?relationWords=%E5%8F%B0%E7%81%A3%E5%AF%B6%E9%90%B8%E8%8A%B1+%E5%AF%B6%E9%90%B8%E8%8D%89%E5%B1%AC+%E6%A4%8D%E7%89%A9%E7%95%8C+%E7%99%BE%E5%90%88%E7%A7%91+&oid=2145200 HTTP/1.1" 200 3357
66.249.71.60 - - [10/Nov/2015:02:42:25 +0800] "GET /content/nav/relationSubject.jsp?relationWords=%E5%8F%B0%E7%81%A3%E5%AF%B6%E9%90%B8%E8%8A%B1%20%E5%AF%B6%E9%90%B8%E8%8D%89%E5%B1%AC%20%E6%A4%8D%E7%89%A9%E7%95%8C%20%E7%99%BE%E5%90%88%E7%A7%91%20&oid=2145200 HTTP/1.1" 200 3357
157.55.39.34 - - [10/Nov/2015:02:42:40 +0800] "GET /content/subject/resource_content.jsp?oid=16777361&queryType=qc HTTP/1.1" 200 31893
66.249.71.14 - - [10/Nov/2015:02:42:46 +0800] "GET /digiarch3/content/repository/resource_content.jsp?oid=1123131&queryString=%E5%B7%96%E8%9E%BA%20%E8%85%B9%E8%B6%B3%E7%B6%B1%20%E9%AA%A8%E8%9E%BA%20%E9%AA%A8%E8%9E%BA%E7%A7%91 HTTP/1.1" 200 35764
157.55.39.34 - - [10/Nov/2015:02:42:58 +0800] "GET /digiarch_en/content/repository/resource_content.jsp?oid=1591895&queryString=%E6%96%87%E5%8C%96%E4%B8%AD%E5%BF%83 HTTP/1.1" 200 36831
101.226.168.198 - - [10/Nov/2015:02:43:04 +0800] "GET /digiarch3/content/subject/resource_content.jsp?oid=16777560&queryType=qc HTTP/1.1" 200 28623
66.249.71.5 - - [10/Nov/2015:02:43:10 +0800] "GET /content/repository/resource_content.jsp?oid=1125262&queryString=%E6%B3%95%E8%9E%BA%E7%A7%91%20%E7%95%B0%E8%B6%B3%E7%9B%AE%20%E8%85%B9%E8%B6%B3%E7%B6%B1%20%E8%BB%9F%E9%AB%94%E5%8B%95%E7%89%A9%E9%96%80%20%E9%B6%89%E6%B3%95%E8%9E%BA HTTP/1.1" 200 34235
66.249.71.14 - - [10/Nov/2015:02:43:34 +0800] "GET /digiarch3/content/repository/resource_content.jsp?oid=2655680&queryType=qs&queryString=%E6%99%AF%E9%99%B5 HTTP/1.1" 200 29884
157.55.39.34 - - [10/Nov/2015:02:43:37 +0800] "GET /content/repository/resource_content.jsp?oid=1531355 HTTP/1.1" 200 29656
66.249.71.5 - - [10/Nov/2015:02:43:57 +0800] "GET /content/repository/resource_content.jsp?oid=4356553&queryString=%E5%8D%B0%E5%BA%A6%E9%B0%B3%20%E5%9C%93%E7%9C%BC%E4%BB%94%20%E9%BB%91%E5%8F%A3%E9%B0%B3 HTTP/1.1" 200 29919
1.169.72.207 - - [10/Nov/2015:02:44:02 +0800] "GET /content/repository/resource_content.jsp?oid=1896082&queryString=%E5%80%99%E9%81%B8%E4%BA%BA%20%E6%B0%91%E6%84%8F%E4%BB%A3%E8%A1%A8 HTTP/1.1" 200 30797
1.169.72.207 - - [10/Nov/2015:02:44:04 +0800] "GET /content/nav/relationSubject.jsp?relationWords=%E4%BD%8F%E9%99%A2%E9%86%AB%E7%99%82+%E6%B0%91%E6%84%8F%E4%BB%A3%E8%A1%A8+%E6%B0%91%E6%94%BF%E5%BB%B3+%E7%9C%81%E6%94%BF%E5%BA%9C+%E7%A6%8F%E5%88%A9%E4%BA%92%E5%8A%A9+%E8%87%BA%E7%81%A3%E7%9C%81%E6%94%BF%E5%BA%9C+&oid=1896082 HTTP/1.1" 200 4782
66.249.71.64 - - [10/Nov/2015:02:44:08 +0800] "GET /content/nav/relationSubject.jsp?relationWords=%E5%9C%8B%E6%B3%B0+%E6%87%8B%E5%8A%9F+%E9%83%BD%E5%8F%B8+&oid=2655716 HTTP/1.1" 200 3136
66.249.74.98 - - [10/Nov/2015:02:44:13 +0800] "GET /digiarch_en/content/repository/resource_content.jsp?oid=4353755&queryString=%E9%87%9D%E7%89%9B%E5%B0%BE HTTP/1.1" 200 26657
157.55.39.108 - - [10/Nov/2015:02:44:17 +0800] "GET /content/repository/resource_content.jsp?oid=15306 HTTP/1.1" 200 34551
66.249.71.64 - - [10/Nov/2015:02:44:21 +0800] "GET /content/repository/resource_content.jsp?oid=15156&queryString=%E5%96%AE%E8%89%B2%20%E5%AE%98%E5%AF%A8%20%E6%99%89%E5%86%80%E9%AD%AF%E8%B1%AB HTTP/1.1" 200 33965
182.118.21.237 - - [10/Nov/2015:02:44:23 +0800] "GET /digiarch3/content/subject/resource_content.jsp?oid=16777408&queryType=qc HTTP/1.1" 200 27791
66.249.71.14 - - [10/Nov/2015:02:44:45 +0800] "GET /content/repository/resource_content.jsp?oid=703653&queryString=%E4%BA%BA%E5%90%8D%E6%AC%8A%E5%A8%81%20%E5%8B%9E%E8%BE%B2%20%E8%8E%AB%E6%96%AF%E7%A7%91%20%E9%A1%8F%E6%83%A0%E6%85%B6 HTTP/1.1" 200 29186
66.249.71.5 - - [10/Nov/2015:02:44:45 +0800] "GET /content/nav/relationSubject.jsp?relationWords=%E6%92%B2%E6%BB%85+%E7%9C%BC%E7%96%BE+%E7%A4%BE%E6%9C%83%E7%A6%8F%E5%88%A9%E5%9F%BA%E9%87%91+&oid=1578226 HTTP/1.1" 200 3323
66.249.71.5 - - [10/Nov/2015:02:44:47 +0800] "GET /content/nav/relationSubject.jsp?relationWords=%E6%92%B2%E6%BB%85%20%E7%9C%BC%E7%96%BE%20%E7%A4%BE%E6%9C%83%E7%A6%8F%E5%88%A9%E5%9F%BA%E9%87%91%20&oid=1578226 HTTP/1.1" 200 3323
40.77.167.18 - - [10/Nov/2015:02:44:55 +0800] "GET /content/nav/relationSubject.jsp?relationWords=%E9%98%BF%E5%8B%83%E5%8B%92+&oid=16777368 HTTP/1.1" 200 2917
66.249.71.72 - - [10/Nov/2015:02:44:57 +0800] "GET /content/nav/relationSubject.jsp?relationWords=%E5%88%91%E9%83%A8+%E6%87%89%E5%85%83+&oid=2629791 HTTP/1.1" 200 3130
66.249.71.60 - - [10/Nov/2015:02:44:58 +0800] "GET /content/nav/relationSubject.jsp?relationWords=%E5%88%91%E9%83%A8%20%E6%87%89%E5%85%83%20&oid=2629791 HTTP/1.1" 200 3130
66.249.71.60 - - [10/Nov/2015:02:45:05 +0800] "GET /content/nav/relationSubject.jsp?relationWords=%E6%9D%8E%E4%BA%A6%E5%9C%92%20%E6%B3%B0%E9%9B%85%E6%97%8F%20&oid=4357238 HTTP/1.1" 200 3791
66.249.71.5 - - [10/Nov/2015:02:45:09 +0800] "GET /content/repository/resource_content.jsp?oid=4468832&queryString=%E4%B8%89%E7%94%B0%E6%9C%83%20%E5%9C%96%E6%9B%B8%E9%A4%A8%E6%A1%88%E5%85%A7%20%E5%A1%BE%E5%A0%B1%20%E7%B6%AD%E6%8C%81%E6%9C%83%E5%A0%B1%E5%91%8A%20%E9%9B%9C%E5%A0%B1 HTTP/1.1" 200 28892
66.249.71.5 - - [10/Nov/2015:02:45:33 +0800] "GET /content/repository/resource_content.jsp?oid=4353186&queryString=%E5%9E%82%E5%B8%B6%E5%A4%A9%E7%AB%BA%E9%AF%9B%20%E5%A4%A7%E7%9B%AE%E5%81%B4%E4%BB%94%20%E5%A4%A7%E9%9D%A2%E5%81%B4%E4%BB%94%20%E5%A4%A9%E7%AB%BA%E9%AF%9B%E7%A7%91 HTTP/1.1" 200 34391
66.249.71.60 - - [10/Nov/2015:02:45:52 +0800] "GET /content/nav/relationSubject.jsp?relationWords=%E5%88%91%E9%83%A8+%E6%B5%99%E7%9C%81+%E8%80%81%E4%B8%81%E5%96%AE+&oid=2536518 HTTP/1.1" 200 3189
66.249.71.60 - - [10/Nov/2015:02:45:53 +0800] "GET /content/nav/relationSubject.jsp?relationWords=%E4%BA%A4%E9%80%9A%E9%83%A8+%E4%BF%9D%E5%88%A9%E6%AC%8A+%E8%86%A0%E6%B2%82+&oid=591202 HTTP/1.1" 200 4797
66.249.71.60 - - [10/Nov/2015:02:45:54 +0800] "GET /content/nav/relationSubject.jsp?relationWords=%E5%88%91%E9%83%A8%20%E6%B5%99%E7%9C%81%20%E8%80%81%E4%B8%81%E5%96%AE%20&oid=2536518 HTTP/1.1" 200 3189
66.249.71.60 - - [10/Nov/2015:02:45:55 +0800] "GET /content/nav/relationSubject.jsp?relationWords=%E4%BA%A4%E9%80%9A%E9%83%A8%20%E4%BF%9D%E5%88%A9%E6%AC%8A%20%E8%86%A0%E6%B2%82%20&oid=591202 HTTP/1.1" 200 4797
157.55.39.108 - - [10/Nov/2015:02:45:57 +0800] "GET /content/repository/resource_content.jsp?oid=1531892 HTTP/1.1" 200 30038
66.249.71.5 - - [10/Nov/2015:02:45:59 +0800] "GET /content/repository/resource_content.jsp?oid=2142580&queryString=%E5%81%87%E6%A1%AB%E6%AC%8F%20%E7%83%8F%E6%AF%9B%E8%95%A8%E5%B1%AC HTTP/1.1" 200 31478
66.249.74.72 - - [10/Nov/2015:02:46:22 +0800] "GET /content/repository/resource_content.jsp?oid=4492965&queryString=%E4%B8%89%E7%94%B0%E6%9C%83%20%E5%9C%96%E6%9B%B8%E9%A4%A8%E6%A1%88%E5%85%A7%20%E5%A1%BE%E5%A0%B1%20%E7%B6%AD%E6%8C%81%E6%9C%83%E5%A0%B1%E5%91%8A%20%E9%9B%9C%E5%A0%B1 HTTP/1.1" 200 29871
157.55.39.108 - - [10/Nov/2015:02:46:37 +0800] "GET /content/repository/resource_content.jsp?oid=15319 HTTP/1.1" 200 34655
66.249.74.100 - - [10/Nov/2015:02:46:45 +0800] "GET /digiarch_en/content/repository/resource_content.jsp?oid=1782724&queryString=%E5%88%BA%E5%B0%BE%E9%AD%9A%20%E5%88%BA%E5%B0%BE%E9%AF%9B%E7%A7%91%20%E6%9D%9C%E6%B0%8F%E5%88%BA%E5%B0%BE%E9%AF%9B%20%E7%9C%BC%E7%B4%8B%20%E7%B2%97%E7%9A%AE%E4%BB%94%20%E9%A1%8D%E5%B8%B6 HTTP/1.1" 200 23264
66.249.71.5 - - [10/Nov/2015:02:47:11 +0800] "GET /content/repository/resource_content.jsp?oid=1112967&queryString=%E6%93%AC%E9%B1%97%E6%AF%9B%E8%95%A8%20%E6%93%AC%E9%B1%97%E6%AF%9B%E8%95%A8%E5%B1%AC HTTP/1.1" 200 30548
66.249.71.5 - - [10/Nov/2015:02:47:33 +0800] "GET /content/repository/resource_content.jsp?oid=4353704&queryString=%E7%94%98%E4%BB%94%E9%AD%9A%20%E9%AB%98%E9%AB%94 HTTP/1.1" 200 34624
157.55.39.108 - - [10/Nov/2015:02:47:37 +0800] "GET /content/subject/resource_content.jsp?oid=16777276 HTTP/1.1" 200 32525
101.226.167.198 - - [10/Nov/2015:02:47:42 +0800] "GET /digiarch3/content/subject/resource_content.jsp?oid=16777297&queryType=qc HTTP/1.1" 200 31726
66.249.71.5 - - [10/Nov/2015:02:47:57 +0800] "GET /content/repository/resource_content.jsp?oid=4364390&queryString=%E5%A5%91%E7%B4%84%E6%9B%B8%20%E8%B3%A3%E8%B2%B7%E5%A5%91%E7%B4%84%20%E9%8A%83%E5%99%A8 HTTP/1.1" 200 28070
118.160.217.223 - - [10/Nov/2015:02:48:02 +0800] "GET /content/nav/relationSubject.jsp?relationWords=%E7%B4%AB%E8%96%87+&oid=16777424 HTTP/1.1" 200 4000
157.55.39.34 - - [10/Nov/2015:02:48:19 +0800] "GET /content/repository/resource_content.jsp?oid=1531358&queryString=%E6%96%B0%E8%87%BA%E5%B9%A3%20%E7%9C%81%E6%94%BF%E5%BA%9C%20%E8%A8%98%E8%80%85%E6%9C%83%20%E9%99%B3%E5%A9%89%E7%9C%9F HTTP/1.1" 200 31026
66.249.71.5 - - [10/Nov/2015:02:48:21 +0800] "GET /content/repository/resource_content.jsp?oid=2679481&queryString=%E6%8F%90%E7%9D%A3%20%E9%A1%8C%E5%A0%B1%E5%88%B0%E4%BB%BB HTTP/1.1" 200 30683
66.249.74.102 - - [10/Nov/2015:02:48:33 +0800] "GET /content/nav/relationSubject.jsp?relationWords=%E8%97%8D%E6%96%B0%E9%9B%80%E9%AF%9B+%E8%97%8D%E9%BB%91%E6%96%B0%E9%9B%80%E9%AF%9B+%E9%9B%80%E9%AF%9B%E7%A7%91+&oid=15672 HTTP/1.1" 200 3210
66.249.71.60 - - [10/Nov/2015:02:48:35 +0800] "GET /content/nav/relationSubject.jsp?relationWords=%E8%97%8D%E6%96%B0%E9%9B%80%E9%AF%9B%20%E8%97%8D%E9%BB%91%E6%96%B0%E9%9B%80%E9%AF%9B%20%E9%9B%80%E9%AF%9B%E7%A7%91%20&oid=15672 HTTP/1.1" 200 3210
66.249.71.23 - - [10/Nov/2015:02:48:46 +0800] "GET /content/repository/resource_content.jsp?oid=1112971&queryString=%E6%93%AC%E9%B1%97%E6%AF%9B%E8%95%A8%20%E6%93%AC%E9%B1%97%E6%AF%9B%E8%95%A8%E5%B1%AC HTTP/1.1" 200 30794
157.55.39.34 - - [10/Nov/2015:02:48:57 +0800] "GET /content/subject/resource_content.jsp?oid=16777264&queryString=%E6%A1%83%E7%AC%A6%20%E7%A5%9E%E8%8D%BC%20%E9%AC%B1%E5%A3%98 HTTP/1.1" 200 38317
66.249.74.98 - - [10/Nov/2015:02:49:08 +0800] "GET /content/repository/resource_content.jsp?oid=828890 HTTP/1.1" 200 27877
66.249.71.72 - - [10/Nov/2015:02:49:09 +0800] "GET /content/repository/resource_content.jsp?oid=4362884&queryString=%E5%A4%A7%E7%94%B2%E9%8E%AE%20%E5%A4%A9%E4%B8%8A%E8%81%96%E6%AF%8D%20%E5%B9%B3%E5%AE%89%E7%AC%A6%20%E8%A7%80%E9%9F%B3%E4%BD%9B%E7%A5%96%20%E9%8E%AE%E7%80%BE%E5%AE%AE HTTP/1.1" 200 31405
157.55.39.108 - - [10/Nov/2015:02:49:17 +0800] "GET /content/subject/resource_content.jsp?oid=16777266&queryType=qc HTTP/1.1" 200 35335
66.249.74.72 - - [10/Nov/2015:02:49:33 +0800] "GET /content/repository/resource_content.jsp?oid=704063&queryString=%E4%BA%BA%E5%90%8D%E6%AC%8A%E5%A8%81%20%E5%8B%9E%E8%BE%B2%20%E8%8E%AB%E6%96%AF%E7%A7%91%20%E9%A1%8F%E6%83%A0%E6%85%B6 HTTP/1.1" 200 29106
101.226.168.200 - - [10/Nov/2015:02:49:50 +0800] "GET /digiarch3/content/subject/resource_content.jsp?oid=16777617&queryType=qc HTTP/1.1" 200 61002
66.249.71.5 - - [10/Nov/2015:02:49:56 +0800] "GET /content/repository/resource_content.jsp?oid=2682934&queryString=%E7%A6%AE%E9%83%A8%20%E8%BC%BF%E5%9C%96 HTTP/1.1" 200 30235
101.226.166.197 - - [10/Nov/2015:02:50:11 +0800] "GET /digiarch3/content/tmp_exh/resource_content.jsp?oid=16777851&queryType=qc HTTP/1.1" 200 45680
66.249.74.72 - - [10/Nov/2015:02:50:21 +0800] "GET /content/repository/resource_content.jsp?oid=3808597&queryString=%E5%B7%A6%E9%8C%90%E8%9E%BA%20%E5%B7%A6%E9%8C%90%E8%9E%BA%E7%A7%91%20%E8%85%B9%E8%B6%B3%E7%B6%B1 HTTP/1.1" 200 31355
66.249.71.60 - - [10/Nov/2015:02:50:44 +0800] "GET /content/repository/resource_content.jsp?oid=1844868&queryString=%E5%9C%93%E6%A7%93%E9%A0%AD%20%E5%A4%94%E9%BE%8D%E7%B4%8B%20%E8%BB%8A%E9%A6%AC%E5%99%A8 HTTP/1.1" 200 30732
66.249.71.5 - - [10/Nov/2015:02:51:08 +0800] "GET /content/repository/resource_content.jsp?oid=4354289&queryString=%E5%9E%82%E5%B8%B6%E5%A4%A9%E7%AB%BA%E9%AF%9B%20%E5%A4%A7%E7%9B%AE%E5%81%B4%E4%BB%94%20%E5%A4%A7%E9%9D%A2%E5%81%B4%E4%BB%94%20%E5%A4%A9%E7%AB%BA%E9%AF%9B%E7%A7%91 HTTP/1.1" 200 33341
66.249.71.23 - - [10/Nov/2015:02:51:32 +0800] "GET /content/repository/resource_content.jsp?oid=2679416&queryString=%E7%A6%AE%E9%83%A8%20%E8%BC%BF%E5%9C%96 HTTP/1.1" 200 30289
66.249.71.23 - - [10/Nov/2015:02:51:35 +0800] "GET /content/nav/relationSubject.jsp?relationWords=%E4%B8%89%E7%94%B0%E6%9C%83+%E5%9C%96%E6%9B%B8%E9%A4%A8%E6%A1%88%E5%85%A7+%E5%A1%BE%E5%A0%B1+%E7%B6%AD%E6%8C%81%E6%9C%83%E5%A0%B1%E5%91%8A+%E9%9B%9C%E5%A0%B1+&oid=4492965 HTTP/1.1" 200 3368
66.249.71.5 - - [10/Nov/2015:02:51:37 +0800] "GET /content/nav/relationSubject.jsp?relationWords=%E4%B8%89%E7%94%B0%E6%9C%83%20%E5%9C%96%E6%9B%B8%E9%A4%A8%E6%A1%88%E5%85%A7%20%E5%A1%BE%E5%A0%B1%20%E7%B6%AD%E6%8C%81%E6%9C%83%E5%A0%B1%E5%91%8A%20%E9%9B%9C%E5%A0%B1%20&oid=4492965 HTTP/1.1" 200 3368
66.249.74.72 - - [10/Nov/2015:02:51:56 +0800] "GET /content/repository/resource_content.jsp?oid=16318&queryString=%E5%B7%B4%E6%8B%89%E5%BA%AB%E7%AD%94%20%E6%97%A5%E6%9C%AC%E9%87%91%E6%A2%AD%E9%AD%9A%20%E7%AB%B9%E6%A2%AD%20%E9%87%91%E6%A2%AD%E9%AD%9A HTTP/1.1" 200 34737
66.249.71.60 - - [10/Nov/2015:02:52:02 +0800] "GET /content/nav/relationSubject.jsp?relationWords=%E9%AA%A8%E7%9F%A2+&oid=1863262 HTTP/1.1" 200 2963
66.249.71.60 - - [10/Nov/2015:02:52:04 +0800] "GET /content/nav/relationSubject.jsp?relationWords=%E9%AA%A8%E7%9F%A2%20&oid=1863262 HTTP/1.1" 200 2963
66.249.71.5 - - [10/Nov/2015:02:52:24 +0800] "GET /content/repository/resource_content.jsp?oid=1457143&queryString=%E5%81%87%E6%A1%AB%E6%AC%8F%20%E7%83%8F%E6%AF%9B%E8%95%A8%E5%B1%AC HTTP/1.1" 200 30927
66.249.71.5 - - [10/Nov/2015:02:52:27 +0800] "GET /digiarch3/content/nav/relationSubject.jsp?relationWords=&oid=2655680 HTTP/1.1" 200 1405
66.249.71.14 - - [10/Nov/2015:02:52:44 +0800] "GET /content/repository/resource_content.jsp?oid=703806&queryString=%E4%BA%BA%E5%90%8D%E6%AC%8A%E5%A8%81%20%E5%8B%9E%E8%BE%B2%20%E8%8E%AB%E6%96%AF%E7%A7%91%20%E9%A1%8F%E6%83%A0%E6%85%B6 HTTP/1.1" 200 29154
157.55.39.136 - - [10/Nov/2015:02:52:57 +0800] "GET /content/subject/resource_content.jsp?oid=16777379&queryString=%E5%A4%9A%E5%AA%92%E9%AB%94%20%E6%95%B8%E4%BD%8D%E5%85%B8%E8%97%8F%20%E6%AA%94%E6%A1%88%E7%AE%A1%E7%90%86 HTTP/1.1" 200 43493
66.249.71.14 - - [10/Nov/2015:02:53:08 +0800] "GET /content/nav/relationSubject.jsp?relationWords=%E4%BA%BA%E5%90%8D%E6%AC%8A%E5%A8%81+%E5%8B%9E%E8%BE%B2+%E5%9C%8B%E4%BB%A3+%E5%A4%96%E4%BA%A4%E9%83%A8+&oid=704063 HTTP/1.1" 200 3530
66.249.71.5 - - [10/Nov/2015:02:53:18 +0800] "GET /content/nav/relationSubject.jsp?relationWords=%E4%BA%BA%E5%90%8D%E6%AC%8A%E5%A8%81%20%E5%8B%9E%E8%BE%B2%20%E5%9C%8B%E4%BB%A3%20%E5%A4%96%E4%BA%A4%E9%83%A8%20&oid=704063 HTTP/1.1" 200 3530
66.249.74.61 - - [10/Nov/2015:02:53:30 +0800] "GET /content/nav/relationSubject.jsp?relationWords=%E5%B7%A1%E6%92%AB+&oid=2632766 HTTP/1.1" 200 3084
66.249.71.23 - - [10/Nov/2015:02:53:31 +0800] "GET /content/repository/resource_content.jsp?oid=2682920&queryString=%E7%9B%B4%E7%9C%81%20%E8%80%97%E7%BE%A8%E9%8A%80%20%E9%8A%80%E6%95%B8 HTTP/1.1" 200 30396
66.249.71.5 - - [10/Nov/2015:02:53:32 +0800] "GET /content/nav/relationSubject.jsp?relationWords=%E7%A6%AE%E9%83%A8%20&oid=2682934 HTTP/1.1" 200 3087
66.249.71.113 - - [10/Nov/2015:02:53:32 +0800] "GET /content/nav/relationSubject.jsp?relationWords=%E5%B7%A1%E6%92%AB%20&oid=2632766 HTTP/1.1" 200 3084
66.249.71.5 - - [10/Nov/2015:02:53:55 +0800] "GET /content/repository/resource_content.jsp?oid=3813864&queryString=%E6%A4%8D%E7%89%A9%E7%95%8C%20%E6%B0%B4%E9%BE%8D%E9%AA%A8%20%E8%95%A8%E9%A1%9E%E6%A4%8D%E7%89%A9%20%E9%87%91%E6%98%9F%E8%95%A8%20%E9%87%91%E6%98%9F%E8%95%A8%E5%B1%AC HTTP/1.1" 200 31402
182.118.21.238 - - [10/Nov/2015:02:53:59 +0800] "GET /digiarch3/content/tmp_exh/resource_content.jsp?oid=16777848&queryType=qc%201890 HTTP/1.1" 200 37206
66.249.71.5 - - [10/Nov/2015:02:54:00 +0800] "GET /content/nav/relationSubject.jsp?relationWords=%E4%BA%BA%E5%90%8D%E6%AC%8A%E5%A8%81+%E5%8B%9E%E8%BE%B2+%E5%9C%8B%E4%BB%A3+%E5%A4%96%E4%BA%A4%E9%83%A8+%E6%9B%B8%E8%A8%98%E5%AE%98+&oid=703653 HTTP/1.1" 200 3580
66.249.71.5 - - [10/Nov/2015:02:54:01 +0800] "GET /content/nav/relationSubject.jsp?relationWords=%E9%99%B3%E5%98%89%E6%B3%B0+&oid=2549699 HTTP/1.1" 200 3099
66.249.71.5 - - [10/Nov/2015:02:54:02 +0800] "GET /content/nav/relationSubject.jsp?relationWords=%E4%BA%BA%E5%90%8D%E6%AC%8A%E5%A8%81%20%E5%8B%9E%E8%BE%B2%20%E5%9C%8B%E4%BB%A3%20%E5%A4%96%E4%BA%A4%E9%83%A8%20%E6%9B%B8%E8%A8%98%E5%AE%98%20&oid=703653 HTTP/1.1" 200 3580
66.249.71.5 - - [10/Nov/2015:02:54:03 +0800] "GET /content/nav/relationSubject.jsp?relationWords=%E9%99%B3%E5%98%89%E6%B3%B0%20&oid=2549699 HTTP/1.1" 200 3099
66.249.71.72 - - [10/Nov/2015:02:54:04 +0800] "GET /content/repository/resource_content.jsp?oid=4352538&queryString=%E6%A3%98%E8%B5%A4%20%E7%B4%85%E7%B0%BE%E9%AD%9A%20%E8%B5%A4%E5%88%80%E9%AD%9A HTTP/1.1" 200 34459
66.249.71.5 - - [10/Nov/2015:02:54:21 +0800] "GET /content/repository/resource_content.jsp?oid=1109318&queryString=%E5%81%87%E6%A1%AB%E6%AC%8F%20%E7%83%8F%E6%AF%9B%E8%95%A8%E5%B1%AC HTTP/1.1" 200 30415
66.249.71.14 - - [10/Nov/2015:02:54:45 +0800] "GET /content/repository/resource_content.jsp?oid=1112799&queryString=%E5%81%87%E6%A1%AB%E6%AC%8F%20%E7%83%8F%E6%AF%9B%E8%95%A8%E5%B1%AC HTTP/1.1" 200 30347
66.249.71.5 - - [10/Nov/2015:02:55:07 +0800] "GET /content/repository/resource_content.jsp?oid=1887753&queryString=%E5%A5%91%E7%B4%84%E6%9B%B8%20%E8%B3%A3%E8%B2%B7%E5%A5%91%E7%B4%84%20%E9%8A%83%E5%99%A8 HTTP/1.1" 200 31908
66.249.71.14 - - [10/Nov/2015:02:55:26 +0800] "GET /content/nav/relationSubject.jsp?relationWords=%E5%A5%91%E7%B4%84%E6%96%87%E6%9B%B8+%E5%A5%91%E7%B4%84%E6%9B%B8+&oid=4364390 HTTP/1.1" 200 3866
66.249.71.5 - - [10/Nov/2015:02:55:28 +0800] "GET /content/nav/relationSubject.jsp?relationWords=%E5%A5%91%E7%B4%84%E6%96%87%E6%9B%B8%20%E5%A5%91%E7%B4%84%E6%9B%B8%20&oid=4364390 HTTP/1.1" 200 3866
66.249.71.5 - - [10/Nov/2015:02:55:31 +0800] "GET /content/repository/resource_content.jsp?oid=1546121&queryString=%E4%BA%BA%E5%90%8D%E6%AC%8A%E5%A8%81%20%E5%8B%9E%E8%BE%B2%20%E5%96%80%E6%8B%89%E7%BD%95%20%E5%9C%8B%E4%BB%A3%20%E5%A4%96%E4%BA%A4%E9%83%A8 HTTP/1.1" 200 29302
66.249.71.155 - - [10/Nov/2015:02:55:31 +0800] "GET /content/nav/relationSubject.jsp?relationWords=&oid=4362230 HTTP/1.1" 200 1405
157.55.39.108 - - [10/Nov/2015:02:55:37 +0800] "GET /content/repository/resource_content.jsp?oid=1573896 HTTP/1.1" 200 28627
182.118.20.212 - - [10/Nov/2015:02:55:39 +0800] "GET /digiarch3/content/subject/resource_content.jsp?oid=16777503&queryType=qc HTTP/1.1" 200 40619
66.249.71.5 - - [10/Nov/2015:02:55:55 +0800] "GET /content/repository/resource_content.jsp?oid=2690085&queryString=%E7%A6%AE%E9%83%A8%20%E8%BC%BF%E5%9C%96 HTTP/1.1" 200 30614
66.249.71.5 - - [10/Nov/2015:02:56:06 +0800] "GET /content/nav/relationSubject.jsp?relationWords=%E6%93%AC%E9%B1%97%E6%AF%9B%E8%95%A8+%E6%93%AC%E9%B1%97%E6%AF%9B%E8%95%A8%E5%B1%AC+&oid=1112971 HTTP/1.1" 200 3178
66.249.71.5 - - [10/Nov/2015:02:56:08 +0800] "GET /content/nav/relationSubject.jsp?relationWords=%E6%93%AC%E9%B1%97%E6%AF%9B%E8%95%A8%20%E6%93%AC%E9%B1%97%E6%AF%9B%E8%95%A8%E5%B1%AC%20&oid=1112971 HTTP/1.1" 200 3178
157.55.39.108 - - [10/Nov/2015:02:56:17 +0800] "GET /content/repository/resource_content.jsp?oid=1106469 HTTP/1.1" 200 31337
66.249.71.5 - - [10/Nov/2015:02:56:19 +0800] "GET /content/repository/resource_content.jsp?oid=3819183&queryString=%E6%A4%8D%E7%89%A9%E7%95%8C%20%E6%B0%B4%E9%BE%8D%E9%AA%A8%20%E8%95%A8%E9%A1%9E%E6%A4%8D%E7%89%A9%20%E9%87%91%E6%98%9F%E8%95%A8%20%E9%87%91%E6%98%9F%E8%95%A8%E5%B1%AC HTTP/1.1" 200 31364
66.249.71.72 - - [10/Nov/2015:02:56:43 +0800] "GET /content/repository/resource_content.jsp?oid=2684206&queryString=%E6%9D%BE%E9%B6%B4%E9%BD%8B%20%E9%8A%80%E5%85%A9 HTTP/1.1" 200 30405
66.249.71.23 - - [10/Nov/2015:02:56:45 +0800] "GET /content/nav/relationSubject.jsp?relationWords=%E7%83%8F%E6%AF%9B%E8%95%A8%E5%B1%AC+%E9%9F%93%E6%B0%8F%E7%83%8F%E6%AF%9B%E8%95%A8+&oid=1112799 HTTP/1.1" 200 3139
66.249.71.5 - - [10/Nov/2015:02:56:47 +0800] "GET /content/nav/relationSubject.jsp?relationWords=%E7%83%8F%E6%AF%9B%E8%95%A8%E5%B1%AC%20%E9%9F%93%E6%B0%8F%E7%83%8F%E6%AF%9B%E8%95%A8%20&oid=1112799 HTTP/1.1" 200 3139
66.249.71.60 - - [10/Nov/2015:02:57:07 +0800] "GET /content/repository/resource_content.jsp?oid=2684996&queryString=%E6%9D%BE%E9%B6%B4%E9%BD%8B%20%E9%8A%80%E5%85%A9 HTTP/1.1" 200 30312
66.249.71.5 - - [10/Nov/2015:02:57:29 +0800] "GET /content/nav/relationSubject.jsp?relationWords=%E7%83%8F%E6%AF%9B%E8%95%A8%E5%B1%AC+%E9%9B%89%E5%B0%BE%E7%83%8F%E6%AF%9B%E8%95%A8+&oid=2142580 HTTP/1.1" 200 3139
66.249.71.60 - - [10/Nov/2015:02:57:31 +0800] "GET /content/repository/resource_content.jsp?oid=3818673&queryString=%E5%9C%B0%E9%8C%A6%20%E5%9C%B0%E9%8C%A6%E8%8D%89%20%E5%9C%B0%E9%8C%A6%E8%8D%89%E5%B1%AC%20%E5%A4%A7%E6%88%9F%20%E5%A4%A7%E6%88%9F%E7%A7%91%20%E5%B0%8F%E8%91%89%E5%A4%A7%E6%88%9F%20%E6%A4%8D%E7%89%A9%E7%95%8C HTTP/1.1" 200 31199
66.249.71.5 - - [10/Nov/2015:02:57:31 +0800] "GET /content/nav/relationSubject.jsp?relationWords=%E7%83%8F%E6%AF%9B%E8%95%A8%E5%B1%AC%20%E9%9B%89%E5%B0%BE%E7%83%8F%E6%AF%9B%E8%95%A8%20&oid=2142580 HTTP/1.1" 200 3139
66.249.71.60 - - [10/Nov/2015:02:57:55 +0800] "GET /content/repository/resource_content.jsp?oid=2667602&queryString=%E6%9D%BE%E9%B6%B4%E9%BD%8B%20%E9%8A%80%E5%85%A9 HTTP/1.1" 200 30453
157.55.39.108 - - [10/Nov/2015:02:58:17 +0800] "GET /content/repository/resource_content.jsp?oid=1107696&queryString=%E6%B5%B7%E6%A3%A0%20%E7%A7%8B%E6%B5%B7%E6%A3%A0 HTTP/1.1" 200 31680
66.249.71.5 - - [10/Nov/2015:02:58:19 +0800] "GET /content/repository/resource_content.jsp?oid=3812370&queryString=%E6%A4%8D%E7%89%A9%E7%95%8C%20%E6%B0%B4%E9%BE%8D%E9%AA%A8%20%E8%95%A8%E9%A1%9E%E6%A4%8D%E7%89%A9%20%E9%87%91%E6%98%9F%E8%95%A8%20%E9%87%91%E6%98%9F%E8%95%A8%E5%B1%AC HTTP/1.1" 200 31401
66.249.71.14 - - [10/Nov/2015:02:58:32 +0800] "GET /content/nav/relationSubject.jsp?relationWords=%E7%83%8F%E6%AF%9B%E8%95%A8%E5%B1%AC+%E9%9F%93%E6%B0%8F%E7%83%8F%E6%AF%9B%E8%95%A8+&oid=1109318 HTTP/1.1" 200 3139
66.249.71.5 - - [10/Nov/2015:02:58:34 +0800] "GET /content/nav/relationSubject.jsp?relationWords=%E7%83%8F%E6%AF%9B%E8%95%A8%E5%B1%AC%20%E9%9F%93%E6%B0%8F%E7%83%8F%E6%AF%9B%E8%95%A8%20&oid=1109318 HTTP/1.1" 200 3139
66.249.71.23 - - [10/Nov/2015:02:58:42 +0800] "GET /content/repository/resource_content.jsp?oid=2689287&queryString=%E6%8F%90%E7%9D%A3%20%E9%A1%8C%E5%A0%B1%E5%88%B0%E4%BB%BB HTTP/1.1" 200 30250
66.249.71.5 - - [10/Nov/2015:02:59:06 +0800] "GET /content/repository/resource_content.jsp?oid=2662987&queryString=%E7%A6%AE%E9%83%A8%20%E8%BC%BF%E5%9C%96 HTTP/1.1" 200 30740
157.55.39.108 - - [10/Nov/2015:02:59:17 +0800] "GET /content/repository/resource_content.jsp?oid=1114370&queryString=%E5%B1%B1%E7%99%BD%E8%98%AD%20%E7%99%BD%E8%98%AD%20%E7%B5%A8%E5%B1%B1%E7%99%BD%E8%98%AD HTTP/1.1" 200 30945
66.249.71.5 - - [10/Nov/2015:02:59:30 +0800] "GET /content/repository/resource_content.jsp?oid=3813815&queryString=%E6%93%AC%E9%B1%97%E6%AF%9B%E8%95%A8%20%E6%93%AC%E9%B1%97%E6%AF%9B%E8%95%A8%E5%B1%AC HTTP/1.1" 200 31487
157.55.39.108 - - [10/Nov/2015:02:59:38 +0800] "GET /content/repository/resource_content.jsp?oid=1123464 HTTP/1.1" 200 34728
27.242.3.104 - - [10/Nov/2015:02:59:40 +0800] "GET /content/repository/resource_content.jsp?oid=1813704&queryString=%E5%A4%A7%E9%BC%8E%20%E6%B0%B8%E5%AF%B6 HTTP/1.1" 200 29242
27.242.3.104 - - [10/Nov/2015:02:59:41 +0800] "GET /content/nav/relationSubject.jsp?relationWords=%E4%BD%9C%E5%86%8A%E5%A4%A7%E6%96%B9%E9%BC%8E+%E5%A4%A7%E9%BC%8E+&oid=1813704 HTTP/1.1" 200 3225
27.242.3.104 - - [10/Nov/2015:02:59:42 +0800] "HEAD /content/repository/resource_content.jsp?oid=1813704&queryString=%E5%A4%A7%E9%BC%8E%20%E6%B0%B8%E5%AF%B6 HTTP/1.1" 200 -
27.242.3.104 - - [10/Nov/2015:02:59:43 +0800] "HEAD /content/repository/resource_content.jsp?oid=1813704&queryString=%E5%A4%A7%E9%BC%8E%20%E6%B0%B8%E5%AF%B6 HTTP/1.1" 200 -
27.242.3.104 - - [10/Nov/2015:02:59:45 +0800] "GET /content/repository/resource_content.jsp?oid=1813704&queryString=%E5%A4%A7%E9%BC%8E%20%E6%B0%B8%E5%AF%B6 HTTP/1.1" 200 29242
66.249.71.5 - - [10/Nov/2015:02:59:54 +0800] "GET /content/repository/resource_content.jsp?oid=1899610&queryString=%E5%A5%91%E7%B4%84%E6%9B%B8%20%E8%B3%A3%E8%B2%B7%E5%A5%91%E7%B4%84%20%E9%8A%83%E5%99%A8 HTTP/1.1" 200 30623
157.55.39.136 - - [10/Nov/2015:02:59:57 +0800] "GET /content/subject/resource_content.jsp?oid=16777259 HTTP/1.1" 200 34722
66.249.71.14 - - [10/Nov/2015:03:00:03 +0800] "GET /content/nav/relationSubject.jsp?relationWords=%E9%BB%91%E5%8F%A3%E9%B0%B3+&oid=4356553 HTTP/1.1" 200 3139
66.249.71.5 - - [10/Nov/2015:03:00:05 +0800] "GET /content/nav/relationSubject.jsp?relationWords=%E9%BB%91%E5%8F%A3%E9%B0%B3%20&oid=4356553 HTTP/1.1" 200 3139
66.249.71.5 - - [10/Nov/2015:03:00:12 +0800] "GET /content/nav/relationSubject.jsp?relationWords=%E5%81%87%E6%A1%AB%E6%AC%8F+%E6%A1%AB%E6%AC%8F%E5%B1%AC+&oid=1457143 HTTP/1.1" 200 3017
66.249.71.5 - - [10/Nov/2015:03:00:13 +0800] "GET /content/nav/relationSubject.jsp?relationWords=%E5%81%87%E6%A1%AB%E6%AC%8F%20%E6%A1%AB%E6%AC%8F%E5%B1%AC%20&oid=1457143 HTTP/1.1" 200 3017
66.249.71.5 - - [10/Nov/2015:03:00:18 +0800] "GET /content/repository/resource_content.jsp?oid=4351946&queryString=%E5%8D%B0%E5%BA%A6%E9%B0%B3%20%E5%9C%93%E7%9C%BC%E4%BB%94%20%E9%BB%91%E5%8F%A3%E9%B0%B3 HTTP/1.1" 200 34032
66.249.74.74 - - [10/Nov/2015:03:00:43 +0800] "GET /content/repository/resource_content.jsp?oid=4364391&queryString=%E5%A5%91%E7%B4%84%E6%9B%B8%20%E8%B3%A3%E8%B2%B7%E5%A5%91%E7%B4%84%20%E9%8A%83%E5%99%A8 HTTP/1.1" 200 28036
66.249.71.14 - - [10/Nov/2015:03:00:53 +0800] "GET /content/nav/relationSubject.jsp?relationWords=%E6%93%AC%E9%B1%97%E6%AF%9B%E8%95%A8+%E6%93%AC%E9%B1%97%E6%AF%9B%E8%95%A8%E5%B1%AC+&oid=1112967 HTTP/1.1" 200 3178
66.249.71.5 - - [10/Nov/2015:03:00:55 +0800] "GET /content/nav/relationSubject.jsp?relationWords=%E6%93%AC%E9%B1%97%E6%AF%9B%E8%95%A8%20%E6%93%AC%E9%B1%97%E6%AF%9B%E8%95%A8%E5%B1%AC%20&oid=1112967 HTTP/1.1" 200 3178
157.55.39.34 - - [10/Nov/2015:03:00:56 +0800] "GET /content/repository/resource_content.jsp?oid=1099711 HTTP/1.1" 200 31183
66.249.71.5 - - [10/Nov/2015:03:01:06 +0800] "GET /content/repository/resource_content.jsp?oid=1546824&queryString=%E6%89%B9%E7%99%BC%E5%B8%82%E5%A0%B4%20%E6%B0%B4%E9%8A%80%E5%8A%91%20%E8%85%8E%E8%87%9F%E7%97%85%20%E8%BE%B2%E8%97%A5 HTTP/1.1" 200 29743
157.55.39.34 - - [10/Nov/2015:03:01:19 +0800] "GET /content/repository/resource_content.jsp?oid=1095150 HTTP/1.1" 200 31103
66.249.71.60 - - [10/Nov/2015:03:01:30 +0800] "GET /content/repository/resource_content.jsp?oid=19161&queryString=%E5%AF%B6%E5%88%80%E9%AD%9A HTTP/1.1" 200 29887
157.55.39.34 - - [10/Nov/2015:03:01:37 +0800] "GET /content/repository/resource_content.jsp?oid=1107696 HTTP/1.1" 200 31506
66.249.71.60 - - [10/Nov/2015:03:01:41 +0800] "GET /content/nav/relationSubject.jsp?relationWords=%E5%9C%B0%E5%BD%A2%E5%9C%96+%E6%A2%AF%E5%AD%90%E7%9F%B3+&oid=229513 HTTP/1.1" 200 3096
66.249.71.60 - - [10/Nov/2015:03:01:42 +0800] "GET /content/nav/relationSubject.jsp?relationWords=%E5%9C%B0%E5%BD%A2%E5%9C%96%20%E6%A2%AF%E5%AD%90%E7%9F%B3%20&oid=229513 HTTP/1.1" 200 3096
66.249.71.5 - - [10/Nov/2015:03:01:44 +0800] "GET /content/nav/relationSubject.jsp?relationWords=%E5%9C%93%E7%9C%BC%E4%BB%94+%E8%84%82%E7%9C%BC%E9%AF%A1+%E9%AF%A1%E7%A7%91+&oid=4351946 HTTP/1.1" 200 3333
66.249.71.5 - - [10/Nov/2015:03:01:46 +0800] "GET /content/nav/relationSubject.jsp?relationWords=%E5%9C%93%E7%9C%BC%E4%BB%94%20%E8%84%82%E7%9C%BC%E9%AF%A1%20%E9%AF%A1%E7%A7%91%20&oid=4351946 HTTP/1.1" 200 3333
66.249.71.5 - - [10/Nov/2015:03:01:54 +0800] "GET /content/repository/resource_content.jsp?oid=14356&queryString=%E5%8D%B0%E5%BA%A6%E9%B0%B3%20%E5%9C%93%E7%9C%BC%E4%BB%94%20%E9%BB%91%E5%8F%A3%E9%B0%B3 HTTP/1.1" 200 34076
66.249.71.64 - - [10/Nov/2015:03:02:18 +0800] "GET /content/repository/resource_content.jsp?oid=2688821&queryString=%E5%8D%97%E6%96%B0%E9%97%9C%20%E5%B7%A5%E9%83%A8%20%E9%97%9C%E7%A8%85 HTTP/1.1" 200 30738
157.55.39.108 - - [10/Nov/2015:03:02:37 +0800] "GET /content/repository/resource_content.jsp?oid=15867&queryString=%E6%93%AC%E9%B1%B8%20%E6%A3%98%E8%8C%84%E9%AD%9A%20%E6%B2%88%E6%B0%8F%20%E7%8B%97%E6%AF%8D%20%E7%8B%97%E6%AF%8D%E9%AD%9A%20%E7%B5%A8%E6%AF%9B%E9%AF%8A%20%E8%A3%B8%E8%83%B8%20%E8%A3%B8%E8%83%B8%E9%AF%99%20%E9%82%B5%E6%B0%8F%20%E9%A6%AC%E5%8F%A3%E9%AD%9A%20%E9%AE%9F%E9%B1%87%20%E9%BB%91%E7%89%99%E6%A3%98%E8%8C%84%E9%AD%9A HTTP/1.1" 200 33307
66.249.71.60 - - [10/Nov/2015:03:02:42 +0800] "GET /content/repository/resource_content.jsp?oid=1125065&queryString=%E6%A4%8D%E7%89%A9%E7%95%8C%20%E7%89%BB%E7%89%9B%E5%85%92%E8%8B%97%20%E7%B4%AB%E8%8A%B1%20%E9%85%A2%E6%BC%BF%E8%8D%89%20%E9%85%A2%E9%86%AC%E8%8D%89%E5%B1%AC HTTP/1.1" 200 35721
66.249.71.60 - - [10/Nov/2015:03:03:06 +0800] "GET /content/repository/resource_content.jsp?oid=14599&queryString=%E5%96%AC%E6%B0%8F%E7%9F%AD%E7%A8%9A%E9%B1%88%20%E7%A8%9A%E9%B1%88%E7%A7%91%20%E9%AC%9A%E7%A8%9A%E9%B1%88 HTTP/1.1" 200 33547
157.55.39.108 - - [10/Nov/2015:03:03:17 +0800] "GET /content/repository/resource_content.jsp?oid=1124637 HTTP/1.1" 200 31883
66.249.71.5 - - [10/Nov/2015:03:03:25 +0800] "GET /content/nav/relationSubject.jsp?relationWords=%E6%8F%90%E7%9D%A3+&oid=2689287 HTTP/1.1" 200 3993
66.249.71.5 - - [10/Nov/2015:03:03:27 +0800] "GET /content/nav/relationSubject.jsp?relationWords=%E6%8F%90%E7%9D%A3%20&oid=2689287 HTTP/1.1" 200 3993
66.249.77.97 - - [10/Nov/2015:03:03:28 +0800] "GET /content/nav/relationSubject.jsp?relationWords=%E5%AF%AC%E5%B0%BE%E6%96%9C%E9%BD%92%E9%AF%8A+%E5%AF%AC%E5%B0%BE%E6%9B%B2%E9%BD%92%E9%AE%AB+%E5%B0%96%E9%A0%AD%E6%B2%99+%E7%99%BD%E7%9C%BC%E9%AE%AB%E7%A7%91+&oid=14114 HTTP/1.1" 200 3601
66.249.71.5 - - [10/Nov/2015:03:03:29 +0800] "GET /content/repository/resource_content.jsp?oid=1532397&queryString=%E5%8D%93%E8%98%AD%E9%8E%AE%20%E8%AD%A6%E5%AF%9F%E5%88%B6%E5%BA%A6%20%E9%80%A0%E6%9E%97 HTTP/1.1" 200 30024
157.55.39.108 - - [10/Nov/2015:03:03:37 +0800] "GET /content/repository/resource_content.jsp?oid=1124938 HTTP/1.1" 200 38982
66.249.71.64 - - [10/Nov/2015:03:03:53 +0800] "GET /content/repository/resource_content.jsp?oid=1531358&queryString=%E4%BF%9D%E5%AE%89%E5%8F%B8%20%E5%8F%B8%E4%BB%A4%E9%83%A8%20%E6%B2%88%E5%B4%87%20%E8%87%BA%E5%8C%97%E5%B8%82%20%E8%87%BA%E7%81%A3%E7%9C%81%20%E8%87%BA%E7%81%A3%E7%9C%81%E5%8F%83%E8%AD%B0%E6%9C%83 HTTP/1.1" 200 31110
66.249.71.14 - - [10/Nov/2015:03:04:02 +0800] "GET /content/nav/relationSubject.jsp?relationWords=%E4%B8%89%E5%8F%89%E8%95%A8+%E5%B7%9D%E4%B8%8A%E6%B0%8F+%E6%93%AC%E9%B1%97%E6%AF%9B%E8%95%A8+%E6%93%AC%E9%B1%97%E6%AF%9B%E8%95%A8%E5%B1%AC+%E6%A4%8D%E7%89%A9%E7%95%8C+%E6%B0%B4%E9%BE%8D%E9%AA%A8+%E8%95%A8%E9%A1%9E%E6%A4%8D%E7%89%A9+&oid=3813815 HTTP/1.1" 200 3572
157.55.39.171 - - [10/Nov/2015:03:04:04 +0800] "GET /content/subject/resource_content.jsp?oid=16777412 HTTP/1.1" 200 33915
66.249.71.5 - - [10/Nov/2015:03:04:04 +0800] "GET /content/nav/relationSubject.jsp?relationWords=%E4%B8%89%E5%8F%89%E8%95%A8%20%E5%B7%9D%E4%B8%8A%E6%B0%8F%20%E6%93%AC%E9%B1%97%E6%AF%9B%E8%95%A8%20%E6%93%AC%E9%B1%97%E6%AF%9B%E8%95%A8%E5%B1%AC%20%E6%A4%8D%E7%89%A9%E7%95%8C%20%E6%B0%B4%E9%BE%8D%E9%AA%A8%20%E8%95%A8%E9%A1%9E%E6%A4%8D%E7%89%A9%20&oid=3813815 HTTP/1.1" 200 3572
66.249.71.23 - - [10/Nov/2015:03:04:05 +0800] "GET /content/repository/resource_content.jsp?oid=2519821&queryString=%E5%88%91%E9%83%A8%20%E5%A4%A7%E5%BE%B7 HTTP/1.1" 200 30601
66.249.71.60 - - [10/Nov/2015:03:04:17 +0800] "GET /content/repository/resource_content.jsp?oid=14175&queryString=%E7%8A%81%E9%A0%AD%20%E8%A8%B1%E6%B0%8F%20%E8%A8%B1%E6%B0%8F%E7%8A%81%E9%A0%AD%E9%B0%A9%20%E9%A3%AF%E5%8C%99%20%E9%A3%AF%E5%8C%99%E9%AF%8A%20%E9%AD%B4%E4%BB%94 HTTP/1.1" 200 33792
157.55.39.34 - - [10/Nov/2015:03:04:19 +0800] "GET /content/repository/resource_content.jsp?oid=1111973 HTTP/1.1" 200 29666
66.249.71.5 - - [10/Nov/2015:03:04:30 +0800] "GET /content/nav/relationSubject.jsp?relationWords=%E4%BA%BA%E5%90%8D%E6%AC%8A%E5%A8%81+%E5%8B%9E%E8%BE%B2+%E5%9C%8B%E4%BB%A3+%E5%A4%96%E4%BA%A4%E9%83%A8+&oid=703806 HTTP/1.1" 200 3530
66.249.74.72 - - [10/Nov/2015:03:04:31 +0800] "GET /content/nav/relationSubject.jsp?relationWords=%E4%BA%BA%E5%90%8D%E6%AC%8A%E5%A8%81%20%E5%8B%9E%E8%BE%B2%20%E5%9C%8B%E4%BB%A3%20%E5%A4%96%E4%BA%A4%E9%83%A8%20&oid=703806 HTTP/1.1" 200 3530
157.55.39.108 - - [10/Nov/2015:03:04:36 +0800] "GET /content/repository/resource_content.jsp?oid=15869&queryString=%E6%93%AC%E9%B1%B8%20%E6%A3%98%E8%8C%84%E9%AD%9A%20%E6%B2%88%E6%B0%8F%20%E7%8B%97%E6%AF%8D%20%E7%8B%97%E6%AF%8D%E9%AD%9A%20%E7%B5%A8%E6%AF%9B%E9%AF%8A%20%E8%A3%B8%E8%83%B8%20%E8%A3%B8%E8%83%B8%E9%AF%99%20%E9%82%B5%E6%B0%8F%20%E9%A6%AC%E5%8F%A3%E9%AD%9A%20%E9%AE%9F%E9%B1%87%20%E9%BB%91%E7%89%99%E6%A3%98%E8%8C%84%E9%AD%9A HTTP/1.1" 200 34115
66.249.71.50 - - [10/Nov/2015:03:04:41 +0800] "GET /content/repository/resource_content.jsp?oid=4500213&queryType=qs&queryString=%E8%87%BA%E5%8C%97%E5%B8%9D%E5%9C%8B%E5%A4%A7%E5%AD%B8 HTTP/1.1" 200 30002
66.249.74.100 - - [10/Nov/2015:03:05:06 +0800] "GET /content/repository/resource_content.jsp?oid=15918&queryString=%E5%B7%B4%E6%94%8F%20%E7%84%A1%E6%96%91%20%E7%B4%85%E5%B0%BE%20%E7%B4%85%E7%93%9C%E9%AD%9A HTTP/1.1" 200 35168
157.55.39.171 - - [10/Nov/2015:03:05:06 +0800] "GET /content/subject/resource_content.jsp?oid=16777386&queryString HTTP/1.1" 200 38782
66.249.71.60 - - [10/Nov/2015:03:05:12 +0800] "GET /content/nav/relationSubject.jsp?relationWords=%E7%94%9F%E5%93%A1+&oid=2518535 HTTP/1.1" 200 3083
66.249.71.60 - - [10/Nov/2015:03:05:13 +0800] "GET /content/nav/relationSubject.jsp?relationWords=%E7%94%9F%E5%93%A1%20&oid=2518535 HTTP/1.1" 200 3083
157.55.39.108 - - [10/Nov/2015:03:05:17 +0800] "GET /content/repository/resource_content.jsp?oid=14231&queryString=%E8%96%AF%E9%B0%BB%20%E8%99%8E%E9%B0%BB%20%E8%A4%90%E8%A3%B8%E8%87%80%E9%AF%99%20%E8%A4%90%E9%AB%98%E7%9C%89%E9%B1%94%20%E9%8C%A2%E9%B0%BB HTTP/1.1" 200 35426
66.249.71.41 - - [10/Nov/2015:03:05:29 +0800] "GET /content/repository/resource_content.jsp?oid=15446&queryType=qs&queryString=%E5%BA%95%E5%88%BA%E7%B6%B2 HTTP/1.1" 200 36321
157.55.39.108 - - [10/Nov/2015:03:05:36 +0800] "GET /content/repository/resource_content.jsp?oid=14232&queryString=%E8%96%AF%E9%B0%BB%20%E8%99%8E%E9%B0%BB%20%E8%A4%90%E8%A3%B8%E8%87%80%E9%AF%99%20%E8%A4%90%E9%AB%98%E7%9C%89%E9%B1%94%20%E9%8C%A2%E9%B0%BB HTTP/1.1" 200 33973
66.249.71.23 - - [10/Nov/2015:03:05:53 +0800] "GET /content/repository/resource_content.jsp?oid=674588&queryString=%E4%BA%BA%E5%90%8D%E6%AC%8A%E5%A8%81%20%E4%BF%84%E6%96%B0%E9%BB%A8%20%E6%AD%90%E7%99%BB%E7%A7%91%20%E6%B5%B7%E7%89%99%20%E9%A1%8F%E6%83%A0%E6%85%B6 HTTP/1.1" 200 28932
66.249.77.85 - - [10/Nov/2015:03:06:03 +0800] "GET /content/nav/relationSubject.jsp?relationWords=%E6%9C%A8%E9%9B%95+%E6%9C%A8%E9%9B%95%E7%89%88%E7%95%AB+%E7%89%88%E7%95%AB+%E9%AC%B1%E5%A3%98+&oid=4362417 HTTP/1.1" 200 3870
66.249.77.85 - - [10/Nov/2015:03:06:04 +0800] "GET /content/nav/relationSubject.jsp?relationWords=%E6%9C%A8%E9%9B%95%20%E6%9C%A8%E9%9B%95%E7%89%88%E7%95%AB%20%E7%89%88%E7%95%AB%20%E9%AC%B1%E5%A3%98%20&oid=4362417 HTTP/1.1" 200 3870
66.249.71.5 - - [10/Nov/2015:03:06:05 +0800] "GET /content/nav/relationSubject.jsp?relationWords=%E5%A4%A7%E6%9E%97%E5%8D%80+%E5%A5%91%E7%B4%84%E6%9B%B8+%E5%AD%AB%E6%B5%B7+%E6%9E%97%E5%8B%99%E5%B1%80+%E6%9E%97%E5%8D%80%E7%AE%A1%E7%90%86%E8%99%95+%E6%B1%9F%E6%81%A9+%E7%9C%81%E6%94%BF%E5%BA%9C+%E8%87%BA%E7%81%A3%E7%9C%81%E6%94%BF%E5%BA%9C+%E8%B2%A0%E8%B2%AC%E4%BA%BA+%E9%98%B2%E8%85%90+&oid=1899610 HTTP/1.1" 200 4922
66.249.71.5 - - [10/Nov/2015:03:06:07 +0800] "GET /content/nav/relationSubject.jsp?relationWords=%E5%A4%A7%E6%9E%97%E5%8D%80%20%E5%A5%91%E7%B4%84%E6%9B%B8%20%E5%AD%AB%E6%B5%B7%20%E6%9E%97%E5%8B%99%E5%B1%80%20%E6%9E%97%E5%8D%80%E7%AE%A1%E7%90%86%E8%99%95%20%E6%B1%9F%E6%81%A9%20%E7%9C%81%E6%94%BF%E5%BA%9C%20%E8%87%BA%E7%81%A3%E7%9C%81%E6%94%BF%E5%BA%9C%20%E8%B2%A0%E8%B2%AC%E4%BA%BA%20%E9%98%B2%E8%85%90%20&oid=1899610 HTTP/1.1" 200 4922
157.55.39.171 - - [10/Nov/2015:03:06:17 +0800] "GET /content/subject/resource_content.jsp?oid=16777347&queryType=qc HTTP/1.1" 200 33736
66.249.71.5 - - [10/Nov/2015:03:06:18 +0800] "GET /content/nav/relationSubject.jsp?relationWords=%E5%A5%91%E7%B4%84%E6%96%87%E6%9B%B8+%E5%A5%91%E7%B4%84%E6%9B%B8+&oid=4364391 HTTP/1.1" 200 3878
66.249.71.5 - - [10/Nov/2015:03:06:20 +0800] "GET /content/nav/relationSubject.jsp?relationWords=%E5%A5%91%E7%B4%84%E6%96%87%E6%9B%B8%20%E5%A5%91%E7%B4%84%E6%9B%B8%20&oid=4364391 HTTP/1.1" 200 3878
157.55.39.172 - - [10/Nov/2015:03:06:37 +0800] "GET /content/repository/resource_content.jsp?oid=1125720 HTTP/1.1" 200 29074
66.249.71.14 - - [10/Nov/2015:03:06:41 +0800] "GET /digiarch3/content/repository/resource_content.jsp?oid=1782891&queryType=qs&queryString=%E7%B9%94%E5%B8%B6 HTTP/1.1" 200 30262
66.249.71.5 - - [10/Nov/2015:03:07:05 +0800] "GET /content/repository/resource_content.jsp?oid=3339554&queryString=%E5%8D%97%E6%B4%8B%E9%AF%BD%E4%BB%94%20%E5%B0%BC%E7%BE%85%E5%8F%A3%E5%AD%B5%E9%AD%9A%20%E5%B0%BC%E7%BE%85%E5%90%B3%E9%83%AD%E9%AD%9A%20%E6%85%88%E9%AF%9B%E7%A7%91 HTTP/1.1" 200 29681
157.55.39.171 - - [10/Nov/2015:03:07:17 +0800] "GET /content/repository/resource_content.jsp?oid=15305&queryString=%E5%96%AE%E6%96%91%E7%AC%9B%E9%AF%9B%20%E7%AC%9B%E9%AF%9B%E7%A7%91%20%E8%B5%A4%E7%AD%86%E4%BB%94 HTTP/1.1" 200 34805
66.249.71.59 - - [10/Nov/2015:03:07:26 +0800] "GET /content/nav/relationSubject.jsp?relationWords=%E6%A3%98%E9%A0%AD%E6%A2%85%E7%AB%A5%E9%AD%9A+%E7%9F%B3%E9%A6%96%E9%AD%9A%E7%A7%91+&oid=15446 HTTP/1.1" 200 3142
66.249.71.41 - - [10/Nov/2015:03:07:28 +0800] "GET /content/nav/relationSubject.jsp?relationWords=%E6%A3%98%E9%A0%AD%E6%A2%85%E7%AB%A5%E9%AD%9A%20%E7%9F%B3%E9%A6%96%E9%AD%9A%E7%A7%91%20&oid=15446 HTTP/1.1" 200 3142
66.249.71.5 - - [10/Nov/2015:03:07:29 +0800] "GET /content/repository/resource_content.jsp?oid=2689563&queryString=%E4%B8%AD%E5%9C%8B%E5%85%B1%E7%94%A2%E9%BB%A8%20%E5%9B%9E%E6%B0%91%20%E5%B0%91%E6%95%B8%E6%B0%91%E6%97%8F HTTP/1.1" 200 30585
157.55.39.34 - - [10/Nov/2015:03:07:37 +0800] "GET /content/repository/resource_content.jsp?oid=1113743&queryString=%E5%8F%B0%E7%81%A3%E5%B1%B1%E6%A1%82%E8%8A%B1%20%E5%A0%B1%E6%98%A5%E8%8A%B1%20%E5%B1%B1%E6%A1%82%20%E5%B1%B1%E6%A1%82%E8%8A%B1%20%E5%B1%B1%E6%A1%82%E8%8A%B1%E5%B1%AC%20%E6%98%A5%E8%8A%B1%20%E6%A1%82%E8%8A%B1%20%E6%A4%8D%E7%89%A9%E7%95%8C%20%E7%B4%AB%E9%87%91%E7%89%9B%20%E7%B4%AB%E9%87%91%E7%89%9B%E7%A7%91 HTTP/1.1" 200 31748
66.249.71.60 - - [10/Nov/2015:03:07:55 +0800] "GET /content/repository/resource_content.jsp?oid=2152608&queryString=%E7%95%AB%E7%9C%89%E8%8E%8E%E8%8D%89%20%E8%8E%8E%E8%8D%89%E5%B1%AC HTTP/1.1" 200 31215
157.55.39.34 - - [10/Nov/2015:03:07:58 +0800] "GET /content/repository/resource_content.jsp?oid=1114042 HTTP/1.1" 200 31723
66.249.71.60 - - [10/Nov/2015:03:08:17 +0800] "GET /content/repository/resource_content.jsp?oid=3817453&queryString=%E6%A4%8D%E7%89%A9%E7%95%8C%20%E7%AE%AD%E8%91%89%E8%93%BC%20%E8%93%BC%E5%B1%AC%20%E8%93%BC%E7%A7%91 HTTP/1.1" 200 31200
66.249.71.60 - - [10/Nov/2015:03:08:40 +0800] "GET /content/repository/resource_content.jsp?oid=2674824&queryString=%E8%A0%B9%E5%BD%B9 HTTP/1.1" 200 29812
66.249.71.5 - - [10/Nov/2015:03:09:05 +0800] "GET /content/repository/resource_content.jsp?oid=2519054&queryString=%E5%B7%A1%E6%8C%89%E5%BE%A1%E5%8F%B2%20%E5%BC%B7%E7%9B%9C%20%E7%94%B3%E5%A0%B1 HTTP/1.1" 200 30841
66.249.74.102 - - [10/Nov/2015:03:09:07 +0800] "GET /content/repository/resource_content.jsp?oid=1899749&queryString=%E6%95%88%E7%8E%87%20%E7%A8%BB%E4%BD%9C%20%E7%A8%BB%E8%B0%B7%20%E7%B3%A7%E9%A3%9F%E5%B1%80%20%E8%BE%B2%E6%9E%97%20%E8%BE%B2%E6%9E%97%E5%BB%B3 HTTP/1.1" 200 30055
157.55.39.108 - - [10/Nov/2015:03:09:17 +0800] "GET /content/repository/resource_content.jsp?oid=14417 HTTP/1.1" 200 34520
66.249.71.60 - - [10/Nov/2015:03:09:29 +0800] "GET /content/repository/resource_content.jsp?oid=2681124&queryString=%E5%90%8F%E9%83%A8%20%E6%88%90%E9%83%BD%E7%B8%A3%20%E8%8F%AF%E9%99%BD HTTP/1.1" 200 30464
157.55.39.172 - - [10/Nov/2015:03:09:40 +0800] "GET /content/subject/resource_content.jsp?oid=16777284&queryType=qc HTTP/1.1" 200 36937
68.180.228.24 - - [10/Nov/2015:03:09:42 +0800] "GET /content/subject/resource_content.jsp?oid=16777746 HTTP/1.1" 200 39168
66.249.71.64 - - [10/Nov/2015:03:09:52 +0800] "GET /content/repository/resource_content.jsp?oid=4353186&queryString=%E5%A4%A7%E9%9D%A2%E5%81%B4%E4%BB%94%20%E6%96%B7%E7%B7%9A%E9%9B%99%E9%82%8A%E9%AD%9A%20%E7%8E%BB%E7%92%83%E9%AD%9A%20%E9%9B%99%E9%82%8A%E9%AD%9A HTTP/1.1" 200 34399
66.249.71.50 - - [10/Nov/2015:03:10:06 +0800] "GET /content/nav/relationSubject.jsp?relationWords=%E5%9B%BA%E5%AE%9A%E8%B3%87%E7%94%A2%20%E5%9C%9F%E5%9C%B0%E9%8A%80%E8%A1%8C%20%E5%9C%B0%E8%99%9F%20%E8%87%BA%E5%8C%97%E5%B8%82%20%E8%87%BA%E7%81%A3%E7%9C%81%E6%94%BF%E5%BA%9C%20%E9%87%91%E4%BE%86%20%E9%A0%90%E7%AE%97%20%E9%AB%98%E9%9B%84%E5%B8%82%20&oid=1897846 HTTP/1.1" 200 5659
66.249.71.60 - - [10/Nov/2015:03:10:16 +0800] "GET /content/repository/resource_content.jsp?oid=2684586&queryString=%E5%93%A1%E5%A4%96%E9%83%8E%20%E7%A5%A8%E7%B0%BD%20%E7%B7%9E%E7%96%8B%E5%BA%AB HTTP/1.1" 200 30462
66.249.71.5 - - [10/Nov/2015:03:10:16 +0800] "GET /content/nav/relationSubject.jsp?relationWords=%E4%BF%9D%E8%AD%89%E4%BA%BA+%E5%A5%91%E7%B4%84%E6%9B%B8+%E5%B0%8F%E6%9E%97%E8%BA%8B%E9%80%A0+%E6%9D%9C%E7%A5%96%E5%9F%B9+%E6%9D%9C%E9%A6%99%E5%9C%8B+%E7%94%9F%E5%91%BD%E4%BF%9D%E9%9A%AA+&oid=1887753 HTTP/1.1" 200 3450
66.249.71.5 - - [10/Nov/2015:03:10:18 +0800] "GET /content/nav/relationSubject.jsp?relationWords=%E5%AE%97%E6%97%A8%E6%A1%88+%E6%89%80%E5%BE%97%E7%A8%85+%E6%89%B9%E7%99%BC%E5%B8%82%E5%A0%B4+%E7%87%9F%E5%88%A9%E4%BA%8B%E6%A5%AD+%E7%87%9F%E6%A5%AD%E7%A8%85+%E8%87%BA%E7%81%A3%E7%9C%81+%E8%B3%A6%E8%AA%B2+&oid=1546824 HTTP/1.1" 200 4658
66.249.71.5 - - [10/Nov/2015:03:10:20 +0800] "GET /content/nav/relationSubject.jsp?relationWords=%E5%AE%97%E6%97%A8%E6%A1%88%20%E6%89%80%E5%BE%97%E7%A8%85%20%E6%89%B9%E7%99%BC%E5%B8%82%E5%A0%B4%20%E7%87%9F%E5%88%A9%E4%BA%8B%E6%A5%AD%20%E7%87%9F%E6%A5%AD%E7%A8%85%20%E8%87%BA%E7%81%A3%E7%9C%81%20%E8%B3%A6%E8%AA%B2%20&oid=1546824 HTTP/1.1" 200 4658
66.249.71.64 - - [10/Nov/2015:03:10:40 +0800] "GET /content/repository/resource_content.jsp?oid=15296&queryString=%E6%96%91%E5%B0%BE%20%E7%83%8F%E5%B0%BE%E5%86%AC%E4%BB%94%20%E9%B1%97%E9%B0%AD%E6%A2%85%E9%AF%9B HTTP/1.1" 200 34744
66.249.71.72 - - [10/Nov/2015:03:10:50 +0800] "GET /content/nav/relationSubject.jsp?relationWords=%E5%AF%B6%E5%88%80%E9%AD%9A+&oid=19161 HTTP/1.1" 200 3320
66.249.71.60 - - [10/Nov/2015:03:10:52 +0800] "GET /content/nav/relationSubject.jsp?relationWords=%E5%AF%B6%E5%88%80%E9%AD%9A%20&oid=19161 HTTP/1.1" 200 3320
157.55.39.34 - - [10/Nov/2015:03:10:57 +0800] "GET /content/repository/resource_content.jsp?oid=1124651&queryType=qc HTTP/1.1" 200 35363
66.249.71.60 - - [10/Nov/2015:03:11:06 +0800] "GET /content/repository/resource_content.jsp?oid=2149688&queryString=%E6%A4%86%E5%B1%AC HTTP/1.1" 200 29410
66.249.71.5 - - [10/Nov/2015:03:11:28 +0800] "GET /content/repository/resource_content.jsp?oid=1461646&queryString=%E6%9D%9C%E9%B5%91%E8%8A%B1%E5%B1%AC HTTP/1.1" 200 31092
157.55.39.34 - - [10/Nov/2015:03:11:37 +0800] "GET /content/repository/resource_content.jsp?oid=15871&queryString=%E6%93%AC%E9%B1%B8%20%E7%B1%B3%E9%A6%AC%E6%93%AC%E9%B1%B8 HTTP/1.1" 200 33855
66.249.71.155 - - [10/Nov/2015:03:11:45 +0800] "GET /content/nav/relationSubject.jsp?relationWords=%E5%AE%A2%E5%AE%B6%E6%96%87%E7%89%A9%E9%A4%A8+&oid=1598638 HTTP/1.1" 200 2720
66.249.71.155 - - [10/Nov/2015:03:11:47 +0800] "GET /content/nav/relationSubject.jsp?relationWords=%E5%AE%A2%E5%AE%B6%E6%96%87%E7%89%A9%E9%A4%A8%20&oid=1598638 HTTP/1.1" 200 2720
66.249.71.72 - - [10/Nov/2015:03:11:48 +0800] "GET /content/nav/relationSubject.jsp?relationWords=%E4%BE%8D%E8%AE%80+%E7%A5%A8%E7%B0%BD+&oid=2684586 HTTP/1.1" 200 3131
66.249.71.60 - - [10/Nov/2015:03:11:50 +0800] "GET /content/nav/relationSubject.jsp?relationWords=%E4%BE%8D%E8%AE%80%20%E7%A5%A8%E7%B0%BD%20&oid=2684586 HTTP/1.1" 200 3131
66.249.71.60 - - [10/Nov/2015:03:11:52 +0800] "GET /content/repository/resource_content.jsp?oid=1813992&queryString=%E4%BA%9E%E8%A7%9A%20%E9%A1%8C%E8%A8%98 HTTP/1.1" 200 34384
157.55.39.136 - - [10/Nov/2015:03:11:56 +0800] "GET /content/repository/resource_content.jsp?oid=1100282&queryString=%E5%8B%95%E5%AD%B8%20%E6%95%B8%E4%BD%8D%E5%85%B8%E8%97%8F%20%E9%A6%AC%E6%8B%89%E6%9D%BE HTTP/1.1" 200 31192
66.249.71.5 - - [10/Nov/2015:03:12:16 +0800] "GET /content/repository/resource_content.jsp?oid=4411605&queryString=%E7%9B%9B%E5%85%B7%20%E9%99%B6%E7%BD%90 HTTP/1.1" 200 29509
157.55.39.136 - - [10/Nov/2015:03:12:16 +0800] "GET /content/repository/resource_content.jsp?oid=1101091 HTTP/1.1" 200 31322
66.249.71.64 - - [10/Nov/2015:03:12:40 +0800] "GET /digiarch_en/content/repository/resource_content.jsp?oid=1126281&queryString=%E5%B0%96%E8%A7%92%E6%B1%9F%E7%8F%A7%E8%9B%A4%20%E6%B1%9F%E7%8F%A7%E8%9B%A4%20%E8%9B%A4%E7%A7%91%20%E8%B2%BD%E8%B2%9D%20%E9%9B%99%E6%AE%BC%E7%B6%B1 HTTP/1.1" 200 24165
66.249.74.72 - - [10/Nov/2015:03:13:02 +0800] "GET /digiarch3/content/nav/relationSubject.jsp?relationWords=%E6%B3%B0%E9%9B%85%E6%97%8F+%E7%A6%AE%E7%94%A8%E7%9F%AD%E8%A1%A3+%E7%B6%B2%E8%A2%8B+%E8%80%B3%E9%A3%BE+%E8%85%B3%E9%A3%BE+%E8%87%82%E9%88%B4+%E9%A0%85%E9%A3%BE+&oid=1782891 HTTP/1.1" 200 4028
66.249.71.5 - - [10/Nov/2015:03:13:04 +0800] "GET /content/repository/resource_content.jsp?oid=2565486&queryString=%E4%BB%A4%E6%97%97%20%E5%AE%9A%E5%8D%97%E7%8E%8B%20%E7%B8%BD%E5%85%B5%E5%AE%98 HTTP/1.1" 200 30691
66.249.71.5 - - [10/Nov/2015:03:13:04 +0800] "GET /digiarch3/content/nav/relationSubject.jsp?relationWords=%E6%B3%B0%E9%9B%85%E6%97%8F%20%E7%A6%AE%E7%94%A8%E7%9F%AD%E8%A1%A3%20%E7%B6%B2%E8%A2%8B%20%E8%80%B3%E9%A3%BE%20%E8%85%B3%E9%A3%BE%20%E8%87%82%E9%88%B4%20%E9%A0%85%E9%A3%BE%20&oid=1782891 HTTP/1.1" 200 4028
157.55.39.108 - - [10/Nov/2015:03:13:17 +0800] "GET /content/repository/resource_content.jsp?oid=1457086 HTTP/1.1" 200 31053
66.249.71.72 - - [10/Nov/2015:03:13:21 +0800] "GET /content/nav/relationSubject.jsp?relationWords=%E7%96%8F%E7%A9%97%E8%8E%8E%E8%8D%89+%E8%8E%8E%E8%8D%89%E5%B1%AC+&oid=2152608 HTTP/1.1" 200 3127
66.249.71.60 - - [10/Nov/2015:03:13:24 +0800] "GET /content/nav/relationSubject.jsp?relationWords=%E7%96%8F%E7%A9%97%E8%8E%8E%E8%8D%89%20%E8%8E%8E%E8%8D%89%E5%B1%AC%20&oid=2152608 HTTP/1.1" 200 3127
66.249.71.60 - - [10/Nov/2015:03:13:28 +0800] "GET /content/subject/resource_content.jsp?oid=16777706 HTTP/1.1" 200 53849
157.55.39.108 - - [10/Nov/2015:03:13:37 +0800] "GET /content/repository/resource_content.jsp?oid=1462063 HTTP/1.1" 200 31319
66.249.71.72 - - [10/Nov/2015:03:13:45 +0800] "GET /content/nav/relationSubject.jsp?relationWords=%E6%87%87%E8%BD%89+%E7%9C%81%E6%94%BF%E5%BA%9C+%E8%87%BA%E5%8C%97%E7%B8%A3+%E8%95%AD%E6%B8%85%E6%B0%B4+&oid=1524722 HTTP/1.1" 200 4592
66.249.71.60 - - [10/Nov/2015:03:13:48 +0800] "GET /content/nav/relationSubject.jsp?relationWords=%E6%87%87%E8%BD%89%20%E7%9C%81%E6%94%BF%E5%BA%9C%20%E8%87%BA%E5%8C%97%E7%B8%A3%20%E8%95%AD%E6%B8%85%E6%B0%B4%20&oid=1524722 HTTP/1.1" 200 4592
66.249.71.23 - - [10/Nov/2015:03:13:51 +0800] "GET /content/repository/resource_content.jsp?oid=15485&queryString=%E4%B8%89%E8%A7%92%E4%BB%94%20%E5%96%AE%E9%B0%AD%E9%AD%9A%20%E6%93%AC%E9%87%91%E7%9C%BC%E9%AF%9B%20%E7%99%BD%E7%B7%A3%E6%93%AC%E9%87%91%E7%9C%BC%E9%AF%9B%20%E7%9A%AE%E5%88%80%20%E8%A7%A3%E9%A4%8C%E5%88%80%20%E9%AF%9B%E7%A7%91 HTTP/1.1" 200 34537
68.180.228.24 - - [10/Nov/2015:03:13:52 +0800] "GET /digiarch_en/content/subject/resource_content.jsp?oid=16777427&queryType=qc HTTP/1.1" 200 27461
66.249.71.60 - - [10/Nov/2015:03:14:11 +0800] "GET /content/nav/relationSubject.jsp?relationWords=%E6%A4%86%E5%B1%AC+%E9%8D%B5%E5%AD%90%E6%AB%9F+&oid=2149688 HTTP/1.1" 200 3417
66.249.71.60 - - [10/Nov/2015:03:14:13 +0800] "GET /content/nav/relationSubject.jsp?relationWords=%E6%A4%86%E5%B1%AC%20%E9%8D%B5%E5%AD%90%E6%AB%9F%20&oid=2149688 HTTP/1.1" 200 3417
66.249.71.60 - - [10/Nov/2015:03:14:15 +0800] "GET /content/subject/resource_content.jsp?oid=16777699&queryString=%E4%BF%9D%E7%95%99%E5%9C%B0%20%E5%B1%B1%E5%9C%B0%E5%90%8C%E8%83%9E%20%E7%9C%81%E6%94%BF%E5%BA%9C%20%E7%9C%81%E8%AD%B0%E6%9C%83%20%E8%87%BA%E7%81%A3%E7%9C%81%E8%AD%B0%E6%9C%83%20%E8%94%A1%E6%9D%8E%E9%B4%A6 HTTP/1.1" 200 54146
66.249.71.5 - - [10/Nov/2015:03:14:39 +0800] "GET /content/repository/resource_content.jsp?oid=1575379&queryString=%E5%86%B7%E6%B0%A3%20%E5%86%B7%E6%B0%A3%E8%88%B9%20%E7%BE%A9%E5%A4%A7%E5%88%A9%20%E8%87%BA%E8%95%89%20%E8%8A%B1%E8%B2%BB%20%E9%80%9A%E9%A2%A8%E8%88%B9 HTTP/1.1" 200 29219
66.249.71.5 - - [10/Nov/2015:03:15:03 +0800] "GET /content/repository/resource_content.jsp?oid=14728&queryString=%E7%87%A7%E9%AF%9B%20%E9%87%8D%E8%83%B8%E6%A3%98%E9%AF%9B%20%E9%AF%9B%E7%A7%91 HTTP/1.1" 200 34897
66.249.71.5 - - [10/Nov/2015:03:15:27 +0800] "GET /content/repository/resource_content.jsp?oid=2677002&queryString=%E5%90%8F%E9%83%A8%20%E7%BF%B0%E6%9E%97%E5%AE%98 HTTP/1.1" 200 30483
66.249.71.64 - - [10/Nov/2015:03:15:35 +0800] "GET /content/nav/relationSubject.jsp?relationWords=%E6%AD%B7%E5%8F%B2%E5%8D%9A%E7%89%A9%E9%A4%A8+&oid=2470623 HTTP/1.1" 200 3783
66.249.71.5 - - [10/Nov/2015:03:15:36 +0800] "GET /digiarch3/content/nav/relationSubject.jsp?relationWords=&oid=4362384 HTTP/1.1" 200 1405
