66.249.71.229 - - [26/Sep/2015:05:11:06 +0800] "GET /content/nav/relationSubject.jsp?relationWords=%E8%B3%BD%E5%A4%8F%E6%97%8F+&oid=3334399 HTTP/1.1" 200 3146
66.249.79.200 - - [26/Sep/2015:05:11:07 +0800] "GET /content/nav/relationSubject.jsp?relationWords=%E5%B8%83%E8%BE%B2%E6%97%8F%20%E9%A3%AF%E5%8C%99%20&oid=1782706 HTTP/1.1" 200 3326
66.249.71.229 - - [26/Sep/2015:05:11:08 +0800] "GET /content/nav/relationSubject.jsp?relationWords=%E8%B3%BD%E5%A4%8F%E6%97%8F%20&oid=3334399 HTTP/1.1" 200 3146
66.249.71.105 - - [26/Sep/2015:05:11:10 +0800] "GET /content/repository/resource_content.jsp?oid=4362710&queryType=qs&queryString=%E4%B8%8A%E6%B8%85%E9%9D%88%E5%AF%B6%E5%A4%A9%E5%B0%8A HTTP/1.1" 200 28327
66.249.71.249 - - [26/Sep/2015:05:11:14 +0800] "GET /content/nav/relationSubject.jsp?relationWords=%E7%88%B6%E7%94%B2+%E7%88%B6%E7%94%B2%E7%88%B5+&oid=1813142 HTTP/1.1" 200 3256
66.249.71.249 - - [26/Sep/2015:05:11:16 +0800] "GET /content/nav/relationSubject.jsp?relationWords=%E7%88%B6%E7%94%B2%20%E7%88%B6%E7%94%B2%E7%88%B5%20&oid=1813142 HTTP/1.1" 200 3256
66.249.71.226 - - [26/Sep/2015:05:11:17 +0800] "GET /content/repository/resource_content.jsp?oid=3205433&queryString=%E5%8F%A4%E7%B1%8D%20%E7%B4%A0%E5%95%8F%20%E8%81%AF%E5%90%88%E7%9B%AE%E9%8C%84%20%E9%86%AB%E7%99%82%E5%8F%B2%20%E9%87%8D%E5%BB%A3%20%E9%BB%83%E5%B8%9D%E5%85%A7%E7%B6%93%E7%B4%A0%E5%95%8F HTTP/1.1" 200 30703
66.249.71.239 - - [26/Sep/2015:05:11:28 +0800] "GET /content/tmp_exh/resource_content.jsp?oid=16777813&queryString= HTTP/1.1" 200 39080
66.249.71.249 - - [26/Sep/2015:05:11:30 +0800] "GET /content/nav/relationSubject.jsp?relationWords=%E6%93%BA%E5%A4%B7+&oid=1174842 HTTP/1.1" 200 2975
66.249.71.239 - - [26/Sep/2015:05:11:31 +0800] "GET /content/subject/resource_content.jsp?oid=16777656&queryString=%E6%A3%98%E8%A3%B8%E7%B5%A8%E9%AE%8B HTTP/1.1" 500 15712
66.249.79.200 - - [26/Sep/2015:05:11:32 +0800] "GET /content/nav/relationSubject.jsp?relationWords=%E6%93%BA%E5%A4%B7%20&oid=1174842 HTTP/1.1" 200 2975
66.249.71.249 - - [26/Sep/2015:05:11:58 +0800] "GET /content/nav/relationSubject.jsp?relationWords=%E5%9B%97%E9%BC%8E+&oid=1815090 HTTP/1.1" 200 3147
66.249.79.200 - - [26/Sep/2015:05:12:00 +0800] "GET /content/nav/relationSubject.jsp?relationWords=%E5%9B%97%E9%BC%8E%20&oid=1815090 HTTP/1.1" 200 3147
66.249.71.206 - - [26/Sep/2015:05:12:06 +0800] "GET /content/subject/resource_content.jsp?oid=16777221&queryString=%E6%BC%A2%E4%BB%A3%20%E6%BC%A2%E7%B0%A1%20%E7%95%AA%E7%A4%BE%E9%87%87%E9%A2%A8%E5%9C%96%20%E7%B0%A1%E7%89%98 HTTP/1.1" 200 23566
66.249.79.239 - - [26/Sep/2015:05:12:36 +0800] "GET /content/nav/relationSubject.jsp?relationWords=%E5%8D%91%E5%8D%97%E6%97%8F+%E7%94%B7%E5%AD%90%E6%8A%AB%E8%82%A9+&oid=4364429 HTTP/1.1" 200 3271
66.249.79.246 - - [26/Sep/2015:05:12:38 +0800] "GET /content/nav/relationSubject.jsp?relationWords=%E5%8D%91%E5%8D%97%E6%97%8F%20%E7%94%B7%E5%AD%90%E6%8A%AB%E8%82%A9%20&oid=4364429 HTTP/1.1" 200 3271
66.249.71.249 - - [26/Sep/2015:05:12:40 +0800] "GET /content/repository/resource_content.jsp?oid=680455&queryString=%E7%87%AE%E5%85%83%20%E8%A2%81%E4%B8%96%E5%87%B1 HTTP/1.1" 200 28019
66.249.71.249 - - [26/Sep/2015:05:12:57 +0800] "GET /content/repository/resource_content.jsp?oid=1458937 HTTP/1.1" 200 31035
66.249.71.196 - - [26/Sep/2015:05:13:15 +0800] "GET /digiarch3/content/subject/resource_content.jsp?oid=16777519&queryType=qc HTTP/1.1" 200 36026
66.249.71.229 - - [26/Sep/2015:05:13:33 +0800] "GET /content/subject/resource_content.jsp?oid=16777647 HTTP/1.1" 200 56476
66.249.71.229 - - [26/Sep/2015:05:13:47 +0800] "GET /content/nav/relationSubject.jsp?relationWords=%E5%9B%9B%E5%BA%9C+%E5%A2%9E%E7%94%A2%E6%A1%88+%E5%B8%82%E5%A0%B4%E7%AE%A1%E7%90%86+%E5%BA%9C%E8%BE%B2%E5%B8%82+%E8%87%BA%E5%8C%97%E5%B8%82+&oid=1549356 HTTP/1.1" 200 4490
66.249.71.229 - - [26/Sep/2015:05:13:48 +0800] "GET /content/nav/relationSubject.jsp?relationWords=%E5%9B%9B%E5%BA%9C%20%E5%A2%9E%E7%94%A2%E6%A1%88%20%E5%B8%82%E5%A0%B4%E7%AE%A1%E7%90%86%20%E5%BA%9C%E8%BE%B2%E5%B8%82%20%E8%87%BA%E5%8C%97%E5%B8%82%20&oid=1549356 HTTP/1.1" 200 4490
66.249.71.239 - - [26/Sep/2015:05:13:51 +0800] "GET /content/repository/resource_content.jsp?oid=1624305 HTTP/1.1" 200 28528
66.249.71.217 - - [26/Sep/2015:05:14:08 +0800] "GET /content/repository/resource_content.jsp?oid=1774988&queryType=qs&queryString=%E9%A3%B2%E9%A3%9F%E6%96%87%E5%8C%96 HTTP/1.1" 200 29529
66.249.71.249 - - [26/Sep/2015:05:14:12 +0800] "GET /content/nav/relationSubject.jsp?relationWords=%E5%B0%96%E8%B1%90+%E7%9C%81%E6%94%BF%E5%BA%9C+%E8%87%BA%E7%81%A3%E7%9C%81%E8%AD%B0%E6%9C%83+%E8%94%A1%E9%B4%BB%E6%96%87+&oid=1534229 HTTP/1.1" 200 4622
66.249.71.229 - - [26/Sep/2015:05:14:14 +0800] "GET /content/nav/relationSubject.jsp?relationWords=%E5%B0%96%E8%B1%90%20%E7%9C%81%E6%94%BF%E5%BA%9C%20%E8%87%BA%E7%81%A3%E7%9C%81%E8%AD%B0%E6%9C%83%20%E8%94%A1%E9%B4%BB%E6%96%87%20&oid=1534229 HTTP/1.1" 200 4622
131.253.38.69 - - [26/Sep/2015:05:14:18 +0800] "GET /content/repository/resource_content.jsp?oid=4352116&queryType=qs&queryString=%E8%99%B1%E7%9B%AE%E9%AD%9A HTTP/1.1" 200 35351
131.253.38.69 - - [26/Sep/2015:05:14:22 +0800] "GET /content/nav/relationSubject.jsp?relationWords=%E5%AE%89%E5%B9%B3%E9%AD%9A+%E6%B5%B7%E8%8D%89%E9%AD%9A+%E8%99%B1%E7%9B%AE%E9%AD%9A+%E9%81%AE%E7%9B%AE%E9%AD%9A+&oid=4352116 HTTP/1.1" 200 7517
131.253.24.121 - - [26/Sep/2015:05:14:25 +0800] "GET /content/repository/resource_content.jsp?oid=4352116 HTTP/1.1" 200 34823
66.249.71.229 - - [26/Sep/2015:05:14:26 +0800] "GET /content/tmp_tec/resource_content.jsp?oid=16777714 HTTP/1.1" 200 38293
66.249.71.249 - - [26/Sep/2015:05:14:42 +0800] "GET /content/nav/relationSubject.jsp?relationWords=%E4%BA%BA%E6%B0%91%E5%9C%98%E9%AB%94+%E5%85%A8%E6%B0%91%E5%81%A5%E4%BF%9D+%E5%85%A8%E6%B0%91%E5%81%A5%E5%BA%B7%E4%BF%9D%E9%9A%AA+%E5%BF%97%E9%A1%98%E6%9C%8D%E5%8B%99+%E6%AE%98%E9%9A%9C+%E6%AE%98%E9%9A%9C%E7%A6%8F%E5%88%A9+%E7%84%A1%E9%9A%9C%E7%A4%99%E7%92%B0%E5%A2%83+%E7%A4%BE%E5%B7%A5+%E7%A4%BE%E6%9C%83%E5%9C%98%E9%AB%94+%E7%A4%BE%E6%9C%83%E6%95%91%E5%8A%A9+%E7%A4%BE%E6%9C%83%E7%A6%8F%E5%88%A9+%E7%A4%BE%E6%9C%83%E8%99%95+%E7%A4%BE%E6%9C%83%E9%A2%A8%E6%B0%A3+%E7%B5%90%E8%AA%9E+%E8%80%81%E4%BA%BA%E7%A6%8F%E5%88%A9+%E8%99%95%E9%95%B7+&oid=1590355 HTTP/1.1" 200 6182
66.249.71.229 - - [26/Sep/2015:05:14:44 +0800] "GET /content/nav/relationSubject.jsp?relationWords=%E4%BA%BA%E6%B0%91%E5%9C%98%E9%AB%94%20%E5%85%A8%E6%B0%91%E5%81%A5%E4%BF%9D%20%E5%85%A8%E6%B0%91%E5%81%A5%E5%BA%B7%E4%BF%9D%E9%9A%AA%20%E5%BF%97%E9%A1%98%E6%9C%8D%E5%8B%99%20%E6%AE%98%E9%9A%9C%20%E6%AE%98%E9%9A%9C%E7%A6%8F%E5%88%A9%20%E7%84%A1%E9%9A%9C%E7%A4%99%E7%92%B0%E5%A2%83%20%E7%A4%BE%E5%B7%A5%20%E7%A4%BE%E6%9C%83%E5%9C%98%E9%AB%94%20%E7%A4%BE%E6%9C%83%E6%95%91%E5%8A%A9%20%E7%A4%BE%E6%9C%83%E7%A6%8F%E5%88%A9%20%E7%A4%BE%E6%9C%83%E8%99%95%20%E7%A4%BE%E6%9C%83%E9%A2%A8%E6%B0%A3%20%E7%B5%90%E8%AA%9E%20%E8%80%81%E4%BA%BA%E7%A6%8F%E5%88%A9%20%E8%99%95%E9%95%B7%20&oid=1590355 HTTP/1.1" 200 6182
66.249.71.239 - - [26/Sep/2015:05:14:54 +0800] "GET /content/nav/relationSubject.jsp?relationWords=%E5%81%87%E7%B9%A1%E7%90%83+%E5%BF%8D%E5%86%AC%E7%A7%91+%E6%A4%8D%E7%89%A9%E7%95%8C+&oid=1463680 HTTP/1.1" 200 3264
66.249.71.229 - - [26/Sep/2015:05:14:56 +0800] "GET /content/nav/relationSubject.jsp?relationWords=%E5%81%87%E7%B9%A1%E7%90%83%20%E5%BF%8D%E5%86%AC%E7%A7%91%20%E6%A4%8D%E7%89%A9%E7%95%8C%20&oid=1463680 HTTP/1.1" 200 3264
66.249.71.229 - - [26/Sep/2015:05:15:02 +0800] "GET /content/subject/resource_content.jsp?oid=16777280&queryType=qs&queryString=%E7%A7%8B%E5%A4%A9 HTTP/1.1" 200 31046
66.249.71.229 - - [26/Sep/2015:05:15:31 +0800] "GET /content/nav/relationSubject.jsp?relationWords=%E9%9B%BB%E8%A9%B1+&oid=1614919 HTTP/1.1" 200 3472
66.249.79.207 - - [26/Sep/2015:05:15:34 +0800] "GET /content/nav/relationSubject.jsp?relationWords=%E9%9B%BB%E8%A9%B1%20&oid=1614919 HTTP/1.1" 200 3472
207.46.13.163 - - [26/Sep/2015:05:15:35 +0800] "GET /content/subject/resource_content.jsp?oid=16797256&queryType=qc HTTP/1.1" 200 45235
66.249.71.206 - - [26/Sep/2015:05:15:36 +0800] "GET /content/repository/resource_content.jsp?oid=1834278&queryString=%E6%8B%89%E7%B8%B4%20%E6%8B%93%E7%89%87%20%E7%95%AB%E5%83%8F%E7%9F%B3%20%E9%BB%83%E5%AE%B6%E5%B6%BA%E7%95%AB%E8%B1%A1 HTTP/1.1" 200 32270
66.249.71.196 - - [26/Sep/2015:05:15:38 +0800] "GET /digiarch3/content/repository/resource_content.jsp?oid=15582&queryString=%E6%96%91%E7%9F%B3%20%E6%96%91%E7%9F%B3%E9%AF%9B%20%E7%9F%B3%E9%AF%9B%20%E7%A1%AC%E6%AE%BC%E4%BB%94%20%E9%AF%9B%E7%A7%91 HTTP/1.1" 200 34878
66.249.71.229 - - [26/Sep/2015:05:15:49 +0800] "GET /content/nav/relationSubject.jsp?relationWords=&oid=1175178 HTTP/1.1" 200 1405
66.249.71.229 - - [26/Sep/2015:05:15:56 +0800] "GET /content/repository/resource_content.jsp?oid=1531240 HTTP/1.1" 200 29417
66.249.71.216 - - [26/Sep/2015:05:17:25 +0800] "GET /content/repository/resource_content.jsp?oid=2634957&queryType=qs&queryString=%E5%90%B3%E6%B0%B8 HTTP/1.1" 200 29756
66.249.71.36 - - [26/Sep/2015:05:17:27 +0800] "GET /content/nav/relationSubject.jsp?relationWords=%E9%AD%9A%E7%B0%8D+&oid=1781551 HTTP/1.1" 200 2927
66.249.71.36 - - [26/Sep/2015:05:17:29 +0800] "GET /content/nav/relationSubject.jsp?relationWords=%E9%AD%9A%E7%B0%8D%20&oid=1781551 HTTP/1.1" 200 2927
66.249.71.249 - - [26/Sep/2015:05:17:43 +0800] "GET /content/repository/resource_content.jsp?oid=2150289 HTTP/1.1" 200 30890
66.249.71.249 - - [26/Sep/2015:05:17:53 +0800] "GET /content/nav/relationSubject.jsp?relationWords=%E6%8A%AB%E9%87%9D%E8%91%89+%E6%A4%8D%E7%89%A9%E7%95%8C+%E7%8E%89%E5%B1%B1%E8%82%BA%E5%BD%A2%E8%8D%89+%E8%82%BA%E5%BD%A2%E8%8D%89+%E8%82%BA%E5%BD%A2%E8%8D%89%E5%B1%AC+%E9%BE%8D%E8%86%BD+%E9%BE%8D%E8%86%BD%E7%A7%91+&oid=2145924 HTTP/1.1" 200 3708
66.249.79.200 - - [26/Sep/2015:05:17:55 +0800] "GET /content/nav/relationSubject.jsp?relationWords=%E6%8A%AB%E9%87%9D%E8%91%89%20%E6%A4%8D%E7%89%A9%E7%95%8C%20%E7%8E%89%E5%B1%B1%E8%82%BA%E5%BD%A2%E8%8D%89%20%E8%82%BA%E5%BD%A2%E8%8D%89%20%E8%82%BA%E5%BD%A2%E8%8D%89%E5%B1%AC%20%E9%BE%8D%E8%86%BD%20%E9%BE%8D%E8%86%BD%E7%A7%91%20&oid=2145924 HTTP/1.1" 200 3708
66.249.79.200 - - [26/Sep/2015:05:18:19 +0800] "GET /content/repository/resource_content.jsp?oid=1461892 HTTP/1.1" 200 31587
207.46.13.163 - - [26/Sep/2015:05:18:23 +0800] "GET /content/subject/resource_content.jsp?oid=16777788&queryType=qc HTTP/1.1" 200 42882
66.249.71.239 - - [26/Sep/2015:05:18:38 +0800] "GET /content/repository/resource_content.jsp?oid=1463297 HTTP/1.1" 200 31053
157.55.39.7 - - [26/Sep/2015:05:18:43 +0800] "GET /content/subject/resource_content.jsp?oid=16777615&queryType=qc HTTP/1.1" 200 37930
66.249.71.239 - - [26/Sep/2015:05:18:54 +0800] "GET /content/subject/resource_content.jsp?oid=16777676&queryType=qs&queryString=%E6%BC%81%E6%A5%AD%E8%B3%87%E6%BA%90 HTTP/1.1" 200 46204
66.249.71.239 - - [26/Sep/2015:05:18:55 +0800] "GET /content/nav/relationSubject.jsp?relationWords=%E4%BA%8B%E6%8A%84+%E7%9F%A5%E7%85%A7+%E9%AB%98%E5%95%9F+&oid=791854 HTTP/1.1" 200 3169
66.249.71.229 - - [26/Sep/2015:05:18:57 +0800] "GET /content/nav/relationSubject.jsp?relationWords=%E4%BA%8B%E6%8A%84%20%E7%9F%A5%E7%85%A7%20%E9%AB%98%E5%95%9F%20&oid=791854 HTTP/1.1" 200 3169
66.249.71.239 - - [26/Sep/2015:05:19:24 +0800] "GET /content/nav/relationSubject.jsp?relationWords=%E7%9C%81%E6%94%BF%E5%BA%9C+%E7%B5%84%E7%B9%94%E8%A6%8F%E7%A8%8B+%E8%87%A8%E6%99%82%E7%9C%81%E8%AD%B0%E6%9C%83+%E8%87%BA%E7%81%A3%E7%9C%81+%E9%83%AD%E7%A7%8B%E7%85%8C+&oid=1525856 HTTP/1.1" 200 4702
66.249.71.205 - - [26/Sep/2015:05:19:26 +0800] "GET /content/nav/relationSubject.jsp?relationWords=%E4%BA%A4%E9%80%9A%E8%99%95+%E4%BB%A3%E8%A1%A8%E4%BA%BA+%E5%85%AC%E5%9C%92%E9%A0%90%E5%AE%9A%E5%9C%B0+%E5%8F%B0%E7%81%A3%E7%9C%81+%E5%90%88%E4%BD%9C%E7%A4%BE+%E5%90%8C%E6%A5%AD%E5%B7%A5%E6%9C%83+%E5%9C%8B%E9%98%B2%E9%83%A8+%E5%9C%9F%E5%9C%B0%E4%BB%A3%E6%9B%B8%E4%BA%BA+%E5%9C%B0%E4%B8%8A%E7%89%A9+%E5%9C%B0%E6%94%BF%E5%B1%80+%E5%A4%A7%E9%BE%8D%E5%B3%92+%E5%A8%9B%E6%A8%82%E7%A8%85+%E5%B7%A5%E6%9C%83+%E5%BC%B5%E6%B7%BB%E8%B2%B4+%E6%90%8D%E5%A4%B1%E6%A1%88+%E6%9C%83%E5%8B%99%E6%A1%88+%E6%9C%83%E8%AD%B0%E7%B4%80%E9%8C%84+%E6%9E%97%E7%94%A2+%E6%9E%97%E7%95%AA%E5%A9%86+%E6%A9%AB%E5%B1%B1%E9%84%89+%E6%B5%B7%E5%9F%94%E6%96%B0%E7%94%9F%E5%9C%B0+%E7%81%A3%E7%9C%81%E6%94%BF%E5%BA%9C+%E7%9C%81%E8%AD%B0%E6%9C%83+%E7%A8%85%E7%8E%87+%E7%A8%AE%E9%A6%AC+%E8%87%BA%E4%B8%AD%E7%B8%A3%E8%BE%B2%E6%9C%83+%E8%87%BA%E5%8C%97%E5%B8%82+%E8%87%BA%E7%81%A3%E7%9C%81+%E8%98%87%E6%BE%B3%E6%B8%AF+%E8%A8%B1%E5%8F%AF%E8%AD%89+%E8%AB%8B%E9%91%92+%E8%AD%A6%E5%82%99%E7%B8%BD%E5%8F%B8%E4%BB%A4%E9%83%A8+%E8%BE%B2%E6%9E%97+%E9%81%8A%E8%97%9D%E5%A0%B4+%E9%AB%98%E9%9B%84%E5%B8%82+&oid=1551650 HTTP/1.1" 200 7391
66.249.71.229 - - [26/Sep/2015:05:19:26 +0800] "GET /content/nav/relationSubject.jsp?relationWords=%E6%90%B6%E4%BF%AE+%E7%83%8F%E6%97%A5%E9%84%89+%E7%83%8F%E6%BA%AA+%E8%8A%AC%E5%9C%92+%E8%AB%8B%E9%80%9F%E6%B4%BE+&oid=1889422 HTTP/1.1" 200 4137
66.249.71.225 - - [26/Sep/2015:05:19:28 +0800] "GET /content/nav/relationSubject.jsp?relationWords=%E4%BA%A4%E9%80%9A%E8%99%95%20%E4%BB%A3%E8%A1%A8%E4%BA%BA%20%E5%85%AC%E5%9C%92%E9%A0%90%E5%AE%9A%E5%9C%B0%20%E5%8F%B0%E7%81%A3%E7%9C%81%20%E5%90%88%E4%BD%9C%E7%A4%BE%20%E5%90%8C%E6%A5%AD%E5%B7%A5%E6%9C%83%20%E5%9C%8B%E9%98%B2%E9%83%A8%20%E5%9C%9F%E5%9C%B0%E4%BB%A3%E6%9B%B8%E4%BA%BA%20%E5%9C%B0%E4%B8%8A%E7%89%A9%20%E5%9C%B0%E6%94%BF%E5%B1%80%20%E5%A4%A7%E9%BE%8D%E5%B3%92%20%E5%A8%9B%E6%A8%82%E7%A8%85%20%E5%B7%A5%E6%9C%83%20%E5%BC%B5%E6%B7%BB%E8%B2%B4%20%E6%90%8D%E5%A4%B1%E6%A1%88%20%E6%9C%83%E5%8B%99%E6%A1%88%20%E6%9C%83%E8%AD%B0%E7%B4%80%E9%8C%84%20%E6%9E%97%E7%94%A2%20%E6%9E%97%E7%95%AA%E5%A9%86%20%E6%A9%AB%E5%B1%B1%E9%84%89%20%E6%B5%B7%E5%9F%94%E6%96%B0%E7%94%9F%E5%9C%B0%20%E7%81%A3%E7%9C%81%E6%94%BF%E5%BA%9C%20%E7%9C%81%E8%AD%B0%E6%9C%83%20%E7%A8%85%E7%8E%87%20%E7%A8%AE%E9%A6%AC%20%E8%87%BA%E4%B8%AD%E7%B8%A3%E8%BE%B2%E6%9C%83%20%E8%87%BA%E5%8C%97%E5%B8%82%20%E8%87%BA%E7%81%A3%E7%9C%81%20%E8%98%87%E6%BE%B3%E6%B8%AF%20%E8%A8%B1%E5%8F%AF%E8%AD%89%20%E8%AB%8B%E9%91%92%20%E8%AD%A6%E5%82%99%E7%B8%BD%E5%8F%B8%E4%BB%A4%E9%83%A8%20%E8%BE%B2%E6%9E%97%20%E9%81%8A%E8%97%9D%E5%A0%B4%20%E9%AB%98%E9%9B%84%E5%B8%82%20&oid=1551650 HTTP/1.1" 200 7391
66.249.71.239 - - [26/Sep/2015:05:19:29 +0800] "GET /content/nav/relationSubject.jsp?relationWords=%E6%90%B6%E4%BF%AE%20%E7%83%8F%E6%97%A5%E9%84%89%20%E7%83%8F%E6%BA%AA%20%E8%8A%AC%E5%9C%92%20%E8%AB%8B%E9%80%9F%E6%B4%BE%20&oid=1889422 HTTP/1.1" 200 4137
66.249.71.249 - - [26/Sep/2015:05:19:47 +0800] "GET /digiarch_en/content/repository/resource_content.jsp?oid=1603542&queryString=%E7%9C%8B%E6%9D%BF HTTP/1.1" 200 22908
66.249.71.216 - - [26/Sep/2015:05:19:59 +0800] "GET /content/subject/resource_content.jsp?oid=16777415&queryType=qc HTTP/1.1" 200 28396
207.46.13.120 - - [26/Sep/2015:05:20:01 +0800] "GET /content/tmp_auth/resource_content.jsp?oid=16777810 HTTP/1.1" 200 40602
66.249.79.193 - - [26/Sep/2015:05:20:06 +0800] "GET /content/repository/resource_content.jsp?oid=1773955 HTTP/1.1" 200 30834
66.249.71.229 - - [26/Sep/2015:05:20:23 +0800] "GET /content/repository/resource_content.jsp?oid=1518712 HTTP/1.1" 200 28919
66.249.71.229 - - [26/Sep/2015:05:20:27 +0800] "GET /content/nav/relationSubject.jsp?relationWords=%E6%9E%97%E6%B0%B4%E6%9C%A8+&oid=1892572 HTTP/1.1" 200 3183
66.249.71.249 - - [26/Sep/2015:05:20:29 +0800] "GET /content/nav/relationSubject.jsp?relationWords=%E6%9E%97%E6%B0%B4%E6%9C%A8%20&oid=1892572 HTTP/1.1" 200 3183
66.249.71.229 - - [26/Sep/2015:05:20:39 +0800] "GET /content/nav/relationSubject.jsp?relationWords=&oid=752068 HTTP/1.1" 200 1405
66.249.71.121 - - [26/Sep/2015:05:20:41 +0800] "GET /content/repository/resource_content.jsp?oid=1821113&queryType=qs&queryString=%E8%97%BA%E7%9B%B8%E5%A6%82 HTTP/1.1" 200 44806
66.249.71.54 - - [26/Sep/2015:05:20:41 +0800] "GET /content/nav/relationSubject.jsp?relationWords=%E5%A4%A9%E6%B4%A5%E9%81%93+%E9%81%93%E5%BA%AB+%E9%8A%80%E5%85%A9+&oid=2638968 HTTP/1.1" 200 5450
66.249.71.249 - - [26/Sep/2015:05:20:43 +0800] "GET /content/nav/relationSubject.jsp?relationWords=%E9%BE%9C%E7%94%B2%E5%8D%9C%E8%BE%AD%E6%AE%98%E7%89%87+&oid=1839814 HTTP/1.1" 200 3071
66.249.71.36 - - [26/Sep/2015:05:20:44 +0800] "GET /content/nav/relationSubject.jsp?relationWords=%E5%A4%A9%E6%B4%A5%E9%81%93%20%E9%81%93%E5%BA%AB%20%E9%8A%80%E5%85%A9%20&oid=2638968 HTTP/1.1" 200 5450
66.249.71.239 - - [26/Sep/2015:05:20:45 +0800] "GET /content/nav/relationSubject.jsp?relationWords=%E7%89%B9%E5%AE%9A%E5%8D%80+%E8%87%BA%E4%B8%AD%E6%B8%AF+&oid=1622072 HTTP/1.1" 200 4757
66.249.71.229 - - [26/Sep/2015:05:20:45 +0800] "GET /content/nav/relationSubject.jsp?relationWords=%E9%BE%9C%E7%94%B2%E5%8D%9C%E8%BE%AD%E6%AE%98%E7%89%87%20&oid=1839814 HTTP/1.1" 200 3071
66.249.71.229 - - [26/Sep/2015:05:20:47 +0800] "GET /content/nav/relationSubject.jsp?relationWords=%E7%89%B9%E5%AE%9A%E5%8D%80%20%E8%87%BA%E4%B8%AD%E6%B8%AF%20&oid=1622072 HTTP/1.1" 200 4757
207.46.13.163 - - [26/Sep/2015:05:20:52 +0800] "GET /content/subject/resource_content.jsp?oid=16777517&queryType=qc HTTP/1.1" 200 51842
66.249.71.121 - - [26/Sep/2015:05:20:59 +0800] "GET /content/repository/resource_content.jsp?oid=1554977&queryType=qs&queryString=%E5%9A%B4%E5%8E%B2 HTTP/1.1" 200 29659
207.46.13.120 - - [26/Sep/2015:05:21:07 +0800] "GET /content/nav/relationSubject.jsp?relationWords=&oid=16777641 HTTP/1.1" 200 1405
66.249.79.193 - - [26/Sep/2015:05:21:13 +0800] "GET /content/nav/relationSubject.jsp?relationWords=%E5%85%AC%E8%B7%AF%E5%B1%80+%E5%9C%B0%E8%99%9F+%E5%A3%AB%E6%9E%97%E5%8D%80+%E6%96%B0%E5%BA%97%E5%B8%82+%E6%9F%91%E5%AD%90%E7%80%A8+%E7%91%9E%E8%8A%B3%E9%8E%AE+%E8%87%BA%E5%8C%97%E5%B8%82+%E8%87%BA%E5%8C%97%E7%B8%A3+%E8%87%BA%E7%81%A3%E7%9C%81%E6%94%BF%E5%BA%9C+&oid=1898567 HTTP/1.1" 200 4872
66.249.71.249 - - [26/Sep/2015:05:21:14 +0800] "GET /content/nav/relationSubject.jsp?relationWords=%E4%BA%A4%E9%80%9A%E9%83%A8+%E5%85%AB%E5%8D%A6%E5%B1%B1+%E5%BD%B0%E5%8C%96%E5%B8%82+&oid=1888871 HTTP/1.1" 200 4443
66.249.71.229 - - [26/Sep/2015:05:21:15 +0800] "GET /content/nav/relationSubject.jsp?relationWords=%E5%85%AC%E8%B7%AF%E5%B1%80%20%E5%9C%B0%E8%99%9F%20%E5%A3%AB%E6%9E%97%E5%8D%80%20%E6%96%B0%E5%BA%97%E5%B8%82%20%E6%9F%91%E5%AD%90%E7%80%A8%20%E7%91%9E%E8%8A%B3%E9%8E%AE%20%E8%87%BA%E5%8C%97%E5%B8%82%20%E8%87%BA%E5%8C%97%E7%B8%A3%20%E8%87%BA%E7%81%A3%E7%9C%81%E6%94%BF%E5%BA%9C%20&oid=1898567 HTTP/1.1" 200 4872
66.249.71.229 - - [26/Sep/2015:05:21:17 +0800] "GET /content/repository/resource_content.jsp?oid=1173738 HTTP/1.1" 200 28809
66.249.71.249 - - [26/Sep/2015:05:21:17 +0800] "GET /content/nav/relationSubject.jsp?relationWords=%E4%BA%A4%E9%80%9A%E9%83%A8%20%E5%85%AB%E5%8D%A6%E5%B1%B1%20%E5%BD%B0%E5%8C%96%E5%B8%82%20&oid=1888871 HTTP/1.1" 200 4443
66.249.71.249 - - [26/Sep/2015:05:21:34 +0800] "GET /content/repository/resource_content.jsp?oid=1457570 HTTP/1.1" 200 31263
66.249.71.229 - - [26/Sep/2015:05:21:45 +0800] "GET /content/nav/relationSubject.jsp?relationWords=%E7%B0%BE%E8%9B%A4%E7%9B%AE+%E7%B0%BE%E8%9B%A4%E7%A7%91+%E9%9B%99%E6%AE%BC%E7%B6%B1+&oid=1124504 HTTP/1.1" 200 1435
66.249.71.229 - - [26/Sep/2015:05:21:48 +0800] "GET /content/nav/relationSubject.jsp?relationWords=%E7%B0%BE%E8%9B%A4%E7%9B%AE%20%E7%B0%BE%E8%9B%A4%E7%A7%91%20%E9%9B%99%E6%AE%BC%E7%B6%B1%20&oid=1124504 HTTP/1.1" 200 1435
66.249.71.216 - - [26/Sep/2015:05:21:53 +0800] "GET /content/subject/resource_content.jsp?oid=16777714&queryString= HTTP/1.1" 200 42393
66.249.71.226 - - [26/Sep/2015:05:22:10 +0800] "GET /content/repository/resource_content.jsp?oid=1547404&queryString=%E5%88%A9%E7%99%A9%E7%97%85%20%E6%A8%82%E7%94%9F%E7%99%82%E9%A4%8A%E9%99%A2 HTTP/1.1" 200 29933
66.249.71.217 - - [26/Sep/2015:05:22:28 +0800] "GET /digiarch3/content/subject/resource_content.jsp?oid=16777446&queryType=qs&queryString=%E5%AE%A2%E8%A3%BD%E5%8C%96 HTTP/1.1" 200 42144
66.249.71.239 - - [26/Sep/2015:05:22:33 +0800] "GET /content/nav/relationSubject.jsp?relationWords=%E5%85%B5%E5%BD%B9%E6%B3%95+%E5%90%B3%E4%B8%80%E8%A1%9B+%E5%AF%9F%E5%A0%B1+%E5%BC%B5%E5%AF%8C+%E5%BC%B5%E6%8C%AF%E7%94%9F+%E6%9D%8E%E6%BA%90%E6%A3%A7+%E6%A2%81%E8%A8%B1%E6%98%A5%E8%8F%8A+%E6%AC%8A%E5%88%A9+%E8%91%89%E7%82%B3%E7%85%8C+%E8%A8%B1%E9%87%91%E5%BE%B7+%E8%AD%B0%E9%95%B7+%E8%B3%AA%E8%A9%A2+%E9%9B%BB%E8%A9%B1+&oid=1602388 HTTP/1.1" 200 7073
66.249.71.229 - - [26/Sep/2015:05:22:35 +0800] "GET /content/nav/relationSubject.jsp?relationWords=%E5%85%B5%E5%BD%B9%E6%B3%95%20%E5%90%B3%E4%B8%80%E8%A1%9B%20%E5%AF%9F%E5%A0%B1%20%E5%BC%B5%E5%AF%8C%20%E5%BC%B5%E6%8C%AF%E7%94%9F%20%E6%9D%8E%E6%BA%90%E6%A3%A7%20%E6%A2%81%E8%A8%B1%E6%98%A5%E8%8F%8A%20%E6%AC%8A%E5%88%A9%20%E8%91%89%E7%82%B3%E7%85%8C%20%E8%A8%B1%E9%87%91%E5%BE%B7%20%E8%AD%B0%E9%95%B7%20%E8%B3%AA%E8%A9%A2%20%E9%9B%BB%E8%A9%B1%20&oid=1602388 HTTP/1.1" 200 7073
66.249.79.181 - - [26/Sep/2015:05:22:47 +0800] "GET /content/subject/resource_content.jsp?oid=16797291&queryType=qc HTTP/1.1" 200 51028
66.249.71.249 - - [26/Sep/2015:05:23:18 +0800] "GET /content/nav/relationSubject.jsp?relationWords=%E7%A5%AD%E5%84%80+&oid=4739070 HTTP/1.1" 200 4078
66.249.71.239 - - [26/Sep/2015:05:23:20 +0800] "GET /content/nav/relationSubject.jsp?relationWords=%E7%A5%AD%E5%84%80%20&oid=4739070 HTTP/1.1" 200 4078
66.249.71.249 - - [26/Sep/2015:05:23:22 +0800] "GET /content/nav/relationSubject.jsp?relationWords=%E4%B8%8A%E8%AB%AD+%E5%90%8F%E9%83%A8+%E7%A7%BB%E6%9C%83+&oid=2640813 HTTP/1.1" 200 3151
66.249.71.239 - - [26/Sep/2015:05:23:24 +0800] "GET /content/nav/relationSubject.jsp?relationWords=%E4%B8%8A%E8%AB%AD%20%E5%90%8F%E9%83%A8%20%E7%A7%BB%E6%9C%83%20&oid=2640813 HTTP/1.1" 200 3151
66.249.71.239 - - [26/Sep/2015:05:24:18 +0800] "GET /content/tmp_exh/resource_content.jsp?oid=16777850&queryType=qc%201890 HTTP/1.1" 200 44448
101.226.167.230 - - [26/Sep/2015:05:24:24 +0800] "GET /digiarch3/content/subject/resource_content.jsp?oid=16777484&queryType=qc HTTP/1.1" 200 72181
66.249.71.196 - - [26/Sep/2015:05:24:33 +0800] "GET /digiarch3/content/pictures/picture_content.jsp?oid=33554728&classify=2259 HTTP/1.1" 200 27801
66.249.79.207 - - [26/Sep/2015:05:24:51 +0800] "GET /content/subject/resource_content.jsp?oid=16777443&queryString=%E8%98%AD%E5%B6%BC%E7%BE%85%E6%BC%A2%E6%9D%BE HTTP/1.1" 200 41349
66.249.71.249 - - [26/Sep/2015:05:25:14 +0800] "GET /content/nav/relationSubject.jsp?relationWords=&oid=2544260 HTTP/1.1" 200 1405
66.249.71.196 - - [26/Sep/2015:05:25:17 +0800] "GET /content/nav/relationSubject.jsp?relationWords=%E5%8A%89%E7%82%B3+%E8%94%A1%E4%BB%8B%E9%9B%84+%E8%98%87%E6%B4%AA%E6%9C%88%E5%AC%8C+%E9%BB%83%E7%A7%80+&oid=1889710 HTTP/1.1" 200 3335
66.249.71.217 - - [26/Sep/2015:05:25:21 +0800] "GET /content/nav/relationSubject.jsp?relationWords=%E5%8A%89%E7%82%B3%20%E8%94%A1%E4%BB%8B%E9%9B%84%20%E8%98%87%E6%B4%AA%E6%9C%88%E5%AC%8C%20%E9%BB%83%E7%A7%80%20&oid=1889710 HTTP/1.1" 200 3335
66.249.79.239 - - [26/Sep/2015:05:25:27 +0800] "GET /content/pictures/picture_content.jsp?oid=33554531&queryType=qs&queryString=%E5%85%B8%E9%9B%85 HTTP/1.1" 200 27426
66.249.71.249 - - [26/Sep/2015:05:25:29 +0800] "GET /content/nav/relationSubject.jsp?relationWords=%E4%BA%A4%E9%80%9A%E5%AE%89%E5%85%A8+%E5%AE%89%E5%85%A8%E6%A1%88+%E7%83%8F%E6%97%A5+%E7%83%8F%E6%97%A5%E9%84%89+%E8%87%BA%E4%B8%AD%E7%B8%A3+%E9%9B%86%E6%B3%89%E6%A9%8B+&oid=1589443 HTTP/1.1" 200 5523
66.249.71.229 - - [26/Sep/2015:05:25:31 +0800] "GET /content/nav/relationSubject.jsp?relationWords=%E4%BA%A4%E9%80%9A%E5%AE%89%E5%85%A8%20%E5%AE%89%E5%85%A8%E6%A1%88%20%E7%83%8F%E6%97%A5%20%E7%83%8F%E6%97%A5%E9%84%89%20%E8%87%BA%E4%B8%AD%E7%B8%A3%20%E9%9B%86%E6%B3%89%E6%A9%8B%20&oid=1589443 HTTP/1.1" 200 5523
66.249.79.193 - - [26/Sep/2015:05:26:02 +0800] "GET /content/repository/resource_content.jsp?oid=1456561 HTTP/1.1" 200 30796
66.249.71.249 - - [26/Sep/2015:05:26:34 +0800] "GET /content/nav/relationSubject.jsp?relationWords=%E7%88%B6%E7%99%B8+&oid=1812416 HTTP/1.1" 200 3195
66.249.79.207 - - [26/Sep/2015:05:26:38 +0800] "GET /content/repository/resource_content.jsp?oid=2143184 HTTP/1.1" 200 30381
66.249.71.239 - - [26/Sep/2015:05:26:38 +0800] "GET /content/nav/relationSubject.jsp?relationWords=%E7%88%B6%E7%99%B8%20&oid=1812416 HTTP/1.1" 200 3195
66.249.71.229 - - [26/Sep/2015:05:26:58 +0800] "GET /content/repository/resource_content.jsp?oid=2145869 HTTP/1.1" 200 29960
66.249.71.249 - - [26/Sep/2015:05:27:00 +0800] "GET /content/nav/relationSubject.jsp?relationWords=%E5%8C%97%E9%84%92+%E6%88%90%E4%BA%BA%E6%95%99%E8%82%B2+%E6%BB%BF%E6%84%8F%E5%BA%A6+%E9%84%92%E6%97%8F+&oid=1776861 HTTP/1.1" 200 3313
66.249.71.239 - - [26/Sep/2015:05:27:02 +0800] "GET /content/nav/relationSubject.jsp?relationWords=%E5%8C%97%E9%84%92%20%E6%88%90%E4%BA%BA%E6%95%99%E8%82%B2%20%E6%BB%BF%E6%84%8F%E5%BA%A6%20%E9%84%92%E6%97%8F%20&oid=1776861 HTTP/1.1" 200 3313
220.181.108.99 - - [26/Sep/2015:05:27:03 +0800] "GET /content/subject/resource_content.jsp?oid=16777706 HTTP/1.1" 200 53849
66.249.71.36 - - [26/Sep/2015:05:27:07 +0800] "GET /content/nav/relationSubject.jsp?relationWords=%E7%94%B2%E5%B0%BB%E9%AD%9A+%E8%93%8B%E5%88%BA%E9%AD%9A+&oid=16607 HTTP/1.1" 200 3422
66.249.71.45 - - [26/Sep/2015:05:27:11 +0800] "GET /content/nav/relationSubject.jsp?relationWords=%E7%94%B2%E5%B0%BB%E9%AD%9A%20%E8%93%8B%E5%88%BA%E9%AD%9A%20&oid=16607 HTTP/1.1" 200 3422
111.13.102.5 - - [26/Sep/2015:05:27:19 +0800] "GET /content/repository/resource_content.jsp?oid=1611018 HTTP/1.1" 200 28709
66.249.71.239 - - [26/Sep/2015:05:27:20 +0800] "GET /content/nav/relationSubject.jsp?relationWords=%E5%90%8F%E9%83%A8+&oid=2687219 HTTP/1.1" 200 3101
207.46.13.120 - - [26/Sep/2015:05:27:21 +0800] "GET /content/repository/resource_content.jsp?oid=1517545 HTTP/1.1" 200 28753
66.249.71.229 - - [26/Sep/2015:05:27:22 +0800] "GET /content/nav/relationSubject.jsp?relationWords=%E5%90%8F%E9%83%A8%20&oid=2687219 HTTP/1.1" 200 3101
123.125.71.31 - - [26/Sep/2015:05:27:25 +0800] "GET /content/subject/resource_content.jsp?oid=16777270&queryType=qc HTTP/1.1" 200 33808
66.249.71.113 - - [26/Sep/2015:05:27:31 +0800] "GET /content/repository/resource_content.jsp?oid=4362900&queryType=qs&queryString=%E4%BB%A3%E5%A4%A9%E5%BA%9C HTTP/1.1" 200 28170
123.125.71.73 - - [26/Sep/2015:05:27:32 +0800] "GET /content/repository/resource_content.jsp?oid=1899515 HTTP/1.1" 200 29809
66.249.71.249 - - [26/Sep/2015:05:27:49 +0800] "GET /content/repository/resource_content.jsp?oid=4353093&queryString=%E5%85%AD%E5%B8%B6%E7%B7%9A%E7%B4%8B%E9%AD%9A%20%E5%85%AD%E7%B7%9A%E9%BB%91%E9%B1%B8%20%E5%8C%85%E5%85%AC%20%E9%AE%A8%E7%A7%91 HTTP/1.1" 200 34702
66.249.71.229 - - [26/Sep/2015:05:28:07 +0800] "GET /digiarch_en/content/repository/resource_content.jsp?oid=2516796&queryString=%E4%BB%A3%E5%A4%A9%E5%B7%A1%E7%8B%A9%20%E5%B7%A1%E7%8B%A9%20%E6%95%95%E4%BB%A4 HTTP/1.1" 200 23421
66.249.71.216 - - [26/Sep/2015:05:28:40 +0800] "GET /content/nav/relationSubject.jsp?relationWords=%E9%9D%92%E5%89%9B%E6%AB%9F+&oid=16777349 HTTP/1.1" 200 4006
66.249.79.193 - - [26/Sep/2015:05:28:42 +0800] "GET /content/tmp_exh/resource_content.jsp?oid=16777849&queryString= HTTP/1.1" 200 32528
66.249.71.229 - - [26/Sep/2015:05:28:51 +0800] "GET /content/nav/relationSubject.jsp?relationWords=&oid=1174818 HTTP/1.1" 200 1405
66.249.79.207 - - [26/Sep/2015:05:29:01 +0800] "GET /content/repository/resource_content.jsp?oid=1451375 HTTP/1.1" 200 29889
66.249.71.239 - - [26/Sep/2015:05:29:15 +0800] "GET /digiarch_en/content/nav/relationSubject.jsp?relationWords=%E5%88%BA%E6%A1%90+%E6%A4%8D%E7%89%A9%E7%95%8C+%E8%A0%B6%E8%B1%86+%E9%9B%99%E5%AD%90%E8%91%89%E6%A4%8D%E7%89%A9+&oid=1463142 HTTP/1.1" 200 4200
66.249.71.239 - - [26/Sep/2015:05:29:23 +0800] "GET /content/nav/relationSubject.jsp?relationWords=%E4%B8%AD%E5%A4%AE%E7%BE%8E%E8%A1%93%E5%8D%94%E6%9C%83+%E6%99%AF%E6%B7%B3+%E6%9D%9C%E9%A6%99%E5%9C%8B+%E7%94%9F%E7%B5%B9+%E7%B5%B9%E6%9C%AC+&oid=1887358 HTTP/1.1" 200 3307
66.249.71.239 - - [26/Sep/2015:05:29:26 +0800] "GET /content/nav/relationSubject.jsp?relationWords=%E4%B8%AD%E5%A4%AE%E7%BE%8E%E8%A1%93%E5%8D%94%E6%9C%83%20%E6%99%AF%E6%B7%B3%20%E6%9D%9C%E9%A6%99%E5%9C%8B%20%E7%94%9F%E7%B5%B9%20%E7%B5%B9%E6%9C%AC%20&oid=1887358 HTTP/1.1" 200 3307
123.125.71.81 - - [26/Sep/2015:05:29:26 +0800] "GET /content/repository/resource_content.jsp?oid=1123926&queryType=qc HTTP/1.1" 200 37084
66.249.71.239 - - [26/Sep/2015:05:29:37 +0800] "GET /content/repository/resource_content.jsp?oid=1110813 HTTP/1.1" 200 31423
66.249.71.229 - - [26/Sep/2015:05:29:54 +0800] "GET /content/repository/resource_content.jsp?oid=1568176 HTTP/1.1" 200 28513
66.249.71.229 - - [26/Sep/2015:05:30:03 +0800] "GET /content/nav/relationSubject.jsp?relationWords=%E5%8F%B0%E5%AE%89+%E9%81%BC%E5%AF%A7+%E9%99%B8%E6%B8%AC%E5%9C%96+&oid=182710 HTTP/1.1" 200 3149
66.249.71.229 - - [26/Sep/2015:05:30:06 +0800] "GET /content/nav/relationSubject.jsp?relationWords=%E5%8F%B0%E5%AE%89%20%E9%81%BC%E5%AF%A7%20%E9%99%B8%E6%B8%AC%E5%9C%96%20&oid=182710 HTTP/1.1" 200 3149
66.249.79.200 - - [26/Sep/2015:05:30:48 +0800] "GET /content/repository/resource_content.jsp?oid=1813703 HTTP/1.1" 200 29127
123.125.71.38 - - [26/Sep/2015:05:31:18 +0800] "GET /content/repository/resource_content.jsp?oid=1851692 HTTP/1.1" 200 29924
123.125.71.112 - - [26/Sep/2015:05:31:22 +0800] "GET /content/repository/resource_content.jsp?oid=2658993 HTTP/1.1" 200 30089
66.249.79.193 - - [26/Sep/2015:05:31:41 +0800] "GET /content/tmp_exh/resource_content.jsp?oid=16777833&queryString= HTTP/1.1" 200 35202
66.249.71.239 - - [26/Sep/2015:05:31:41 +0800] "GET /content/nav/relationSubject.jsp?relationWords=%E5%B8%83%E8%BE%B2%E6%97%8F+&oid=1779924 HTTP/1.1" 200 3328
66.249.71.239 - - [26/Sep/2015:05:31:43 +0800] "GET /content/nav/relationSubject.jsp?relationWords=%E5%B8%83%E8%BE%B2%E6%97%8F%20&oid=1779924 HTTP/1.1" 200 3328
66.249.71.113 - - [26/Sep/2015:05:31:55 +0800] "GET /content/nav/relationSubject.jsp?relationWords=%E4%B8%AD%E5%A4%AE%E7%BE%8E%E8%A1%93%E5%8D%94%E6%9C%83+%E6%9D%9C%E9%A6%99%E5%9C%8B+&oid=1887359 HTTP/1.1" 200 3202
66.249.71.113 - - [26/Sep/2015:05:31:58 +0800] "GET /content/nav/relationSubject.jsp?relationWords=%E4%B8%AD%E5%A4%AE%E7%BE%8E%E8%A1%93%E5%8D%94%E6%9C%83%20%E6%9D%9C%E9%A6%99%E5%9C%8B%20&oid=1887359 HTTP/1.1" 200 3202
66.249.71.229 - - [26/Sep/2015:05:32:17 +0800] "GET /content/pictures/picture_content.jsp?oid=33554773&classify=2562 HTTP/1.1" 200 27704
66.249.79.181 - - [26/Sep/2015:05:32:31 +0800] "GET /content/nav/relationSubject.jsp?relationWords=%E4%B8%8D%E6%99%AF%E6%B0%A3+%E4%BA%BA%E5%8F%A3%E8%86%A8%E8%84%B9+%E5%95%86%E6%A5%AD%E5%9C%98%E9%AB%94+%E9%9B%9C%E8%AA%8C+&oid=1552803 HTTP/1.1" 200 3586
66.249.71.226 - - [26/Sep/2015:05:32:33 +0800] "GET /content/nav/relationSubject.jsp?relationWords=%E4%B8%8D%E6%99%AF%E6%B0%A3%20%E4%BA%BA%E5%8F%A3%E8%86%A8%E8%84%B9%20%E5%95%86%E6%A5%AD%E5%9C%98%E9%AB%94%20%E9%9B%9C%E8%AA%8C%20&oid=1552803 HTTP/1.1" 200 3586
66.249.71.249 - - [26/Sep/2015:05:32:34 +0800] "GET /digiarch_en/content/repository/resource_content.jsp?oid=4363112&queryString=%E9%96%8B%E6%BC%B3%E8%81%96%E7%8E%8B HTTP/1.1" 200 21676
123.125.71.44 - - [26/Sep/2015:05:32:48 +0800] "GET /content/repository/resource_content.jsp?oid=1844664 HTTP/1.1" 200 30763
123.125.71.18 - - [26/Sep/2015:05:32:49 +0800] "GET /content/repository/resource_content.jsp?oid=2559903 HTTP/1.1" 200 29877
66.249.71.239 - - [26/Sep/2015:05:32:52 +0800] "GET /content/repository/resource_content.jsp?oid=1112043 HTTP/1.1" 200 30965
66.249.79.186 - - [26/Sep/2015:05:33:02 +0800] "GET /digiarch3/content/repository/resource_content.jsp?oid=1081672&queryString=%E4%B8%89%E5%88%BA%E9%AD%A8%20%E4%B8%89%E8%85%B3%E9%87%98%20%E4%B8%89%E8%A7%92%E7%8B%84%20%E5%80%92%E6%A3%98%E5%89%AF%E4%B8%89%E6%A3%98%E9%AD%A8%20%E6%93%AC%E4%B8%89%E6%A3%98%E9%AD%A8%E7%A7%91 HTTP/1.1" 200 34802
66.249.71.239 - - [26/Sep/2015:05:33:10 +0800] "GET /digiarch_en/content/repository/resource_content.jsp?oid=1126281&queryString=%E5%B0%96%E8%A7%92%E6%B1%9F%E7%8F%A7%E8%9B%A4%20%E6%B1%9F%E7%8F%A7%E8%9B%A4%20%E8%9B%A4%E7%A7%91%20%E8%B2%BD%E8%B2%9D%20%E9%9B%99%E6%AE%BC%E7%B6%B1 HTTP/1.1" 200 24165
66.249.71.249 - - [26/Sep/2015:05:33:15 +0800] "GET /content/nav/relationSubject.jsp?relationWords=%E9%BE%8D%E9%96%80%E5%B1%B1+&oid=1821026 HTTP/1.1" 200 3093
66.249.71.239 - - [26/Sep/2015:05:33:17 +0800] "GET /content/nav/relationSubject.jsp?relationWords=%E9%99%B8%E6%B8%AC%E5%9C%96+%E9%9B%99%E6%BA%AA%E5%8F%A3+&oid=221654 HTTP/1.1" 200 3129
66.249.79.200 - - [26/Sep/2015:05:33:19 +0800] "GET /content/nav/relationSubject.jsp?relationWords=%E9%BE%8D%E9%96%80%E5%B1%B1%20&oid=1821026 HTTP/1.1" 200 3093
66.249.71.249 - - [26/Sep/2015:05:33:20 +0800] "GET /content/nav/relationSubject.jsp?relationWords=%E9%99%B8%E6%B8%AC%E5%9C%96%20%E9%9B%99%E6%BA%AA%E5%8F%A3%20&oid=221654 HTTP/1.1" 200 3129
66.249.71.239 - - [26/Sep/2015:05:33:28 +0800] "GET /content/repository/resource_content.jsp?oid=1890498 HTTP/1.1" 200 28407
66.249.71.239 - - [26/Sep/2015:05:33:36 +0800] "GET /content/nav/relationSubject.jsp?relationWords=&oid=1570250 HTTP/1.1" 200 1405
66.249.71.229 - - [26/Sep/2015:05:33:46 +0800] "GET /content/repository/resource_content.jsp?oid=1462624 HTTP/1.1" 200 30903
66.249.71.239 - - [26/Sep/2015:05:33:53 +0800] "GET /content/nav/relationSubject.jsp?relationWords=%E9%BE%9C%E7%94%B2%E5%8D%9C%E8%BE%AD%E6%AE%98%E7%89%87+&oid=1840232 HTTP/1.1" 200 3071
66.249.71.239 - - [26/Sep/2015:05:33:54 +0800] "GET /content/nav/relationSubject.jsp?relationWords=%E9%BE%9C%E7%94%B2%E5%8D%9C%E8%BE%AD%E6%AE%98%E7%89%87%20&oid=1840232 HTTP/1.1" 200 3071
66.249.71.217 - - [26/Sep/2015:05:34:04 +0800] "GET /digiarch3/content/pictures/picture_content.jsp?oid=33554774&classify=2562 HTTP/1.1" 200 27690
66.249.71.121 - - [26/Sep/2015:05:34:04 +0800] "GET /content/nav/relationSubject.jsp?relationWords=%E5%88%91%E9%83%A8+%E5%91%88%E6%8E%A7%E6%A1%88+%E5%AD%AB%E6%B0%8F+%E5%AE%9B%E5%B9%B3+&oid=2647142 HTTP/1.1" 200 3259
66.249.79.195 - - [26/Sep/2015:05:34:22 +0800] "GET /content/subject/resource_content.jsp?oid=16777448&queryType=qc HTTP/1.1" 200 34511
66.249.79.193 - - [26/Sep/2015:05:34:32 +0800] "GET /content/nav/relationSubject.jsp?relationWords=%E5%90%8C%E6%A5%AD%E5%85%AC%E6%9C%83+%E5%93%81%E8%B3%AA+%E8%87%A8%E6%99%82%E7%9C%81%E8%AD%B0%E6%9C%83+%E8%87%BA%E7%81%A3%E7%9C%81+&oid=1524078 HTTP/1.1" 200 4637
66.249.71.229 - - [26/Sep/2015:05:34:33 +0800] "GET /content/nav/relationSubject.jsp?relationWords=%E5%90%8C%E6%A5%AD%E5%85%AC%E6%9C%83%20%E5%93%81%E8%B3%AA%20%E8%87%A8%E6%99%82%E7%9C%81%E8%AD%B0%E6%9C%83%20%E8%87%BA%E7%81%A3%E7%9C%81%20&oid=1524078 HTTP/1.1" 200 4637
66.249.71.239 - - [26/Sep/2015:05:34:34 +0800] "GET /content/nav/relationSubject.jsp?relationWords=%E6%B5%B7%E6%98%9F%E5%B0%8F%E7%B0%BE%E8%9B%A4+%E7%B0%BE%E8%9B%A4%E7%9B%AE+%E7%B0%BE%E8%9B%A4%E7%A7%91+%E9%9B%99%E6%AE%BC%E7%B6%B1+&oid=1124387 HTTP/1.1" 200 2594
66.249.71.239 - - [26/Sep/2015:05:34:36 +0800] "GET /content/nav/relationSubject.jsp?relationWords=%E6%B5%B7%E6%98%9F%E5%B0%8F%E7%B0%BE%E8%9B%A4%20%E7%B0%BE%E8%9B%A4%E7%9B%AE%20%E7%B0%BE%E8%9B%A4%E7%A7%91%20%E9%9B%99%E6%AE%BC%E7%B6%B1%20&oid=1124387 HTTP/1.1" 200 2594
66.249.79.200 - - [26/Sep/2015:05:34:40 +0800] "GET /content/repository/resource_content.jsp?oid=1112444 HTTP/1.1" 200 31367
66.249.71.229 - - [26/Sep/2015:05:34:57 +0800] "GET /content/repository/resource_content.jsp?oid=1104302 HTTP/1.1" 200 30919
66.249.79.207 - - [26/Sep/2015:05:34:59 +0800] "GET /content/nav/relationSubject.jsp?relationWords=%E4%BA%BA%E5%90%8D%E6%AC%8A%E5%A8%81+%E6%95%B5%E4%BF%98+&oid=738957 HTTP/1.1" 200 3147
66.249.71.229 - - [26/Sep/2015:05:35:02 +0800] "GET /content/nav/relationSubject.jsp?relationWords=%E4%BA%BA%E5%90%8D%E6%AC%8A%E5%A8%81%20%E6%95%B5%E4%BF%98%20&oid=738957 HTTP/1.1" 200 3147
66.249.79.193 - - [26/Sep/2015:05:35:16 +0800] "GET /content/repository/resource_content.jsp?oid=1783173 HTTP/1.1" 200 28091
66.249.71.205 - - [26/Sep/2015:05:35:24 +0800] "GET /content/subject/resource_content.jsp?oid=16777331&queryType=qc HTTP/1.1" 200 32088
66.249.79.195 - - [26/Sep/2015:05:35:35 +0800] "GET /content/nav/relationSubject.jsp?relationWords=%E4%BA%94%E6%A3%98%E9%AF%9B+%E4%BA%94%E6%A3%98%E9%AF%9B%E7%A7%91+%E5%A4%A9%E7%8B%97%E6%97%97%E9%AF%9B+&oid=1081604 HTTP/1.1" 200 3466
66.249.71.216 - - [26/Sep/2015:05:35:37 +0800] "GET /content/nav/relationSubject.jsp?relationWords=%E4%BA%94%E6%A3%98%E9%AF%9B%20%E4%BA%94%E6%A3%98%E9%AF%9B%E7%A7%91%20%E5%A4%A9%E7%8B%97%E6%97%97%E9%AF%9B%20&oid=1081604 HTTP/1.1" 200 3466
66.249.71.216 - - [26/Sep/2015:05:35:51 +0800] "GET /content/subject/resource_content.jsp?oid=16797281&queryType=qc HTTP/1.1" 200 52953
66.249.71.239 - - [26/Sep/2015:05:35:53 +0800] "GET /content/nav/relationSubject.jsp?relationWords=%E5%BD%9D%E6%96%87%E6%96%87%E6%9B%B8+&oid=1176876 HTTP/1.1" 200 2981
66.249.71.239 - - [26/Sep/2015:05:35:56 +0800] "GET /content/nav/relationSubject.jsp?relationWords=%E5%BD%9D%E6%96%87%E6%96%87%E6%9B%B8%20&oid=1176876 HTTP/1.1" 200 2981
66.249.71.229 - - [26/Sep/2015:05:36:05 +0800] "GET /content/nav/relationSubject.jsp?relationWords=&oid=1636595 HTTP/1.1" 200 1405
66.249.71.249 - - [26/Sep/2015:05:36:08 +0800] "GET /content/repository/resource_content.jsp?oid=2144393 HTTP/1.1" 200 31015
66.249.71.229 - - [26/Sep/2015:05:36:12 +0800] "GET /content/nav/relationSubject.jsp?relationWords=%E5%9D%90%E5%90%8D%E6%95%95%E6%9B%B8+&oid=2614272 HTTP/1.1" 200 3129
66.249.79.181 - - [26/Sep/2015:05:36:13 +0800] "GET /content/nav/relationSubject.jsp?relationWords=%E5%88%91%E9%83%A8+%E6%83%85%E7%9C%9F%E5%BE%8B+%E7%A7%8B%E6%B1%BA+%E7%B5%9E%E7%9B%A3%E5%80%99+&oid=2542567 HTTP/1.1" 200 3230
66.249.71.226 - - [26/Sep/2015:05:36:15 +0800] "GET /content/nav/relationSubject.jsp?relationWords=%E5%88%91%E9%83%A8%20%E6%83%85%E7%9C%9F%E5%BE%8B%20%E7%A7%8B%E6%B1%BA%20%E7%B5%9E%E7%9B%A3%E5%80%99%20&oid=2542567 HTTP/1.1" 200 3230
66.249.71.229 - - [26/Sep/2015:05:36:25 +0800] "GET /content/nav/relationSubject.jsp?relationWords=%E6%B0%B4%E5%88%A9%E6%B3%95+&oid=1889482 HTTP/1.1" 200 7745
66.249.71.239 - - [26/Sep/2015:05:36:26 +0800] "GET /content/repository/resource_content.jsp?oid=1893944 HTTP/1.1" 200 28438
66.249.71.239 - - [26/Sep/2015:05:36:27 +0800] "GET /content/nav/relationSubject.jsp?relationWords=%E6%B0%B4%E5%88%A9%E6%B3%95%20&oid=1889482 HTTP/1.1" 200 7745
66.249.79.207 - - [26/Sep/2015:05:36:36 +0800] "GET /content/nav/relationSubject.jsp?relationWords=%E5%85%AB%E5%BA%9C+%E8%AD%A6%E5%AF%9F+&oid=1560750 HTTP/1.1" 200 4538
66.249.71.249 - - [26/Sep/2015:05:36:39 +0800] "GET /content/nav/relationSubject.jsp?relationWords=%E5%85%AB%E5%BA%9C%20%E8%AD%A6%E5%AF%9F%20&oid=1560750 HTTP/1.1" 200 4538
66.249.79.207 - - [26/Sep/2015:05:36:45 +0800] "GET /content/subject/resource_content.jsp?oid=16777624 HTTP/1.1" 200 119492
66.249.71.215 - - [26/Sep/2015:05:37:19 +0800] "GET /content/subject/resource_content.jsp?oid=16777469&queryType=qc HTTP/1.1" 200 31177
66.249.71.239 - - [26/Sep/2015:05:37:20 +0800] "GET /digiarch_en/content/repository/resource_content.jsp?oid=1125734&queryString=%E4%B8%89%E8%A7%92%E8%9E%BA%E4%BB%94%20%E5%87%B9%E8%9E%BA%20%E8%85%B9%E8%B6%B3%E7%B6%B1%20%E9%90%98%E8%9E%BA%E7%A7%91%20%E9%9D%92%E8%8C%B5%E8%9E%BA%20%E9%BB%91%E9%90%98%E8%9E%BA HTTP/1.1" 200 26070
111.13.102.7 - - [26/Sep/2015:05:37:29 +0800] "GET /content/pictures/picture_content.jsp?oid=33554820 HTTP/1.1" 200 27879
66.249.71.217 - - [26/Sep/2015:05:37:34 +0800] "GET /digiarch3/content/nav/relationSubject.jsp?relationWords=%E5%A4%A7%E8%91%89%E5%B1%B1+%E5%A4%A7%E8%91%89%E5%B1%B1%E6%AC%96+%E5%B1%B1%E6%AC%96+&oid=16777293 HTTP/1.1" 200 4600
66.249.71.207 - - [26/Sep/2015:05:37:36 +0800] "GET /digiarch3/content/nav/relationSubject.jsp?relationWords=%E5%A4%A7%E8%91%89%E5%B1%B1%20%E5%A4%A7%E8%91%89%E5%B1%B1%E6%AC%96%20%E5%B1%B1%E6%AC%96%20&oid=16777293 HTTP/1.1" 200 4600
66.249.71.249 - - [26/Sep/2015:05:37:38 +0800] "GET /content/repository/resource_content.jsp?oid=1813935 HTTP/1.1" 200 28540
123.125.71.43 - - [26/Sep/2015:05:37:38 +0800] "GET /content/subject/resource_content.jsp?oid=16777822&queryType=qc HTTP/1.1" 200 45434
66.249.71.54 - - [26/Sep/2015:05:38:13 +0800] "GET /content/subject/resource_content.jsp?oid=16777484&queryType=qc HTTP/1.1" 200 72186
66.249.71.239 - - [26/Sep/2015:05:38:19 +0800] "GET /content/nav/relationSubject.jsp?relationWords=%E9%B3%A5%E7%88%B5+&oid=1813009 HTTP/1.1" 200 3075
66.249.71.239 - - [26/Sep/2015:05:38:21 +0800] "GET /content/nav/relationSubject.jsp?relationWords=%E9%B3%A5%E7%88%B5%20&oid=1813009 HTTP/1.1" 200 3075
66.249.79.200 - - [26/Sep/2015:05:38:32 +0800] "GET /content/subject/resource_content.jsp?oid=16777745&queryType=qc HTTP/1.1" 200 35935
66.249.71.229 - - [26/Sep/2015:05:38:49 +0800] "GET /content/repository/resource_content.jsp?oid=1110587 HTTP/1.1" 200 31266
66.249.71.249 - - [26/Sep/2015:05:39:07 +0800] "GET /content/repository/resource_content.jsp?oid=1844843 HTTP/1.1" 200 29580
66.249.71.207 - - [26/Sep/2015:05:39:25 +0800] "GET /digiarch3/content/subject/resource_content.jsp?oid=16777715&queryType=qs&queryString=%E6%95%99%E6%9D%90 HTTP/1.1" 200 34828
66.249.71.249 - - [26/Sep/2015:05:39:43 +0800] "GET /content/subject/resource_content.jsp?oid=16797282&queryType=qc HTTP/1.1" 200 78895
66.249.71.229 - - [26/Sep/2015:05:40:02 +0800] "GET /content/repository/resource_content.jsp?oid=1456905 HTTP/1.1" 200 29822
66.249.71.229 - - [26/Sep/2015:05:40:12 +0800] "GET /content/nav/relationSubject.jsp?relationWords=%E6%93%BA%E5%A4%B7+&oid=1177704 HTTP/1.1" 200 2975
66.249.71.229 - - [26/Sep/2015:05:40:14 +0800] "GET /content/nav/relationSubject.jsp?relationWords=%E6%93%BA%E5%A4%B7%20&oid=1177704 HTTP/1.1" 200 2975
66.249.71.207 - - [26/Sep/2015:05:40:18 +0800] "GET /digiarch3/content/repository/resource_content.jsp?oid=16506&queryString=%E9%89%A4%E9%B1%97%E9%AD%A8%20%E9%B1%97%E9%AD%A8 HTTP/1.1" 200 34181
123.125.71.76 - - [26/Sep/2015:05:40:34 +0800] "GET /content/subject/resource_content.jsp?oid=16777432 HTTP/1.1" 200 28844
66.249.71.249 - - [26/Sep/2015:05:40:39 +0800] "GET /content/nav/relationSubject.jsp?relationWords=%E5%BD%B9%E7%94%B7+%E8%87%BA%E7%81%A3%E7%9C%81+%E8%87%BA%E7%81%A3%E7%9C%81%E6%94%BF%E5%BA%9C+&oid=1522655 HTTP/1.1" 200 4458
66.249.71.239 - - [26/Sep/2015:05:40:41 +0800] "GET /content/nav/relationSubject.jsp?relationWords=%E5%BD%B9%E7%94%B7%20%E8%87%BA%E7%81%A3%E7%9C%81%20%E8%87%BA%E7%81%A3%E7%9C%81%E6%94%BF%E5%BA%9C%20&oid=1522655 HTTP/1.1" 200 4458
66.249.79.193 - - [26/Sep/2015:05:40:46 +0800] "GET /content/nav/relationSubject.jsp?relationWords=%E5%8F%B0%E7%81%A3%E9%A6%AC%E9%86%89%E6%9C%A8+&oid=33554698 HTTP/1.1" 200 3192
66.249.79.188 - - [26/Sep/2015:05:40:55 +0800] "GET /content/repository/resource_content.jsp?oid=4362337&queryString=%E9%96%8B%E5%85%89 HTTP/1.1" 200 28007
123.125.71.87 - - [26/Sep/2015:05:40:56 +0800] "GET /content/repository/resource_content.jsp?oid=2634812&queryType=qs&queryString=%E9%BC%8E%E6%96%87 HTTP/1.1" 200 30216
66.249.71.249 - - [26/Sep/2015:05:41:00 +0800] "GET /content/nav/relationSubject.jsp?relationWords=%E9%BE%9C%E7%94%B2%E5%8D%9C%E8%BE%AD%E6%AE%98%E7%89%87+&oid=1838442 HTTP/1.1" 200 3071
150.70.173.42 - - [26/Sep/2015:05:41:00 +0800] "GET /digiarch3/content/subject/resource_content.jsp?oid=16777726&queryType=qs&queryString=%E9%99%B6%E7%BD%90%E8%85%B9%E9%83%A8 HTTP/1.1" 200 36272
66.249.71.249 - - [26/Sep/2015:05:41:02 +0800] "GET /content/nav/relationSubject.jsp?relationWords=%E9%BE%9C%E7%94%B2%E5%8D%9C%E8%BE%AD%E6%AE%98%E7%89%87%20&oid=1838442 HTTP/1.1" 200 3071
66.249.71.229 - - [26/Sep/2015:05:41:12 +0800] "GET /content/repository/resource_content.jsp?oid=15363&queryString=%E4%B8%89%E7%B7%9A%E9%9B%9E%E9%AD%9A HTTP/1.1" 200 35135
66.249.79.179 - - [26/Sep/2015:05:41:30 +0800] "GET /content/repository/resource_content.jsp?oid=4362012&queryString=%E6%B3%95%E4%B8%BB%E5%85%AC HTTP/1.1" 200 28117
66.249.71.249 - - [26/Sep/2015:05:41:49 +0800] "GET /content/subject/resource_content.jsp?oid=16777487&queryString=%E7%B5%90%E8%AA%9E%20%E8%91%97%E4%BD%9C%E6%AC%8A HTTP/1.1" 200 44966
66.249.71.229 - - [26/Sep/2015:05:41:54 +0800] "GET /content/nav/relationSubject.jsp?relationWords=%E5%B0%8F%E8%B2%93%E8%9B%A4%E5%B1%AC+%E7%B0%BE%E8%9B%A4%E7%9B%AE+%E8%9B%A4%E7%A7%91+%E9%9B%99%E6%AE%BC%E7%B6%B1+&oid=1124247 HTTP/1.1" 200 1445
66.249.71.229 - - [26/Sep/2015:05:41:55 +0800] "GET /content/nav/relationSubject.jsp?relationWords=%E5%B0%8F%E8%B2%93%E8%9B%A4%E5%B1%AC%20%E7%B0%BE%E8%9B%A4%E7%9B%AE%20%E8%9B%A4%E7%A7%91%20%E9%9B%99%E6%AE%BC%E7%B6%B1%20&oid=1124247 HTTP/1.1" 200 1445
66.249.71.113 - - [26/Sep/2015:05:42:27 +0800] "GET /content/nav/relationSubject.jsp?relationWords=%E5%B7%A1%E6%92%AB+%E7%A7%91%E8%88%89+&oid=2627952 HTTP/1.1" 200 5186
66.249.71.121 - - [26/Sep/2015:05:42:29 +0800] "GET /content/nav/relationSubject.jsp?relationWords=%E5%B7%A1%E6%92%AB%20%E7%A7%91%E8%88%89%20&oid=2627952 HTTP/1.1" 200 5186
66.249.71.206 - - [26/Sep/2015:05:42:41 +0800] "GET /content/tmp_exh/resource_content.jsp?oid=16777248&queryString= HTTP/1.1" 200 25028
66.249.71.229 - - [26/Sep/2015:05:42:59 +0800] "GET /content/subject/resource_content.jsp?oid=16797240&queryType=qc HTTP/1.1" 200 42460
66.249.71.239 - - [26/Sep/2015:05:43:17 +0800] "GET /content/repository/resource_content.jsp?oid=1458723 HTTP/1.1" 200 30975
66.249.71.239 - - [26/Sep/2015:05:43:36 +0800] "GET /content/nav/relationSubject.jsp?relationWords=%E7%A6%AE%E9%83%A8+&oid=2690059 HTTP/1.1" 200 3060
66.249.71.239 - - [26/Sep/2015:05:43:38 +0800] "GET /content/nav/relationSubject.jsp?relationWords=%E7%A6%AE%E9%83%A8%20&oid=2690059 HTTP/1.1" 200 3060
66.249.79.179 - - [26/Sep/2015:05:43:50 +0800] "GET /content/nav/relationSubject.jsp?relationWords=%E6%AD%A3%E9%87%91%E9%8A%80%E8%A1%8C%20%E9%B9%BD%E9%A4%98%20&oid=592819 HTTP/1.1" 200 3777
66.249.71.239 - - [26/Sep/2015:05:43:52 +0800] "GET /content/repository/resource_content.jsp?oid=1554977 HTTP/1.1" 200 29554
66.249.79.200 - - [26/Sep/2015:05:44:11 +0800] "GET /content/repository/resource_content.jsp?oid=1176559 HTTP/1.1" 200 27182
68.180.228.24 - - [26/Sep/2015:05:44:27 +0800] "GET /content/subject/resource_content.jsp?oid=16777701&queryType=qc HTTP/1.1" 200 37539
66.249.71.239 - - [26/Sep/2015:05:44:28 +0800] "GET /content/repository/resource_content.jsp?oid=2583333 HTTP/1.1" 200 28832
66.249.71.217 - - [26/Sep/2015:05:44:40 +0800] "GET /digiarch3/content/nav/relationSubject.jsp?relationWords=%E5%AE%B5%E7%A6%81+%E7%AB%B9%E7%AD%8F+&oid=1545946 HTTP/1.1" 200 3589
66.249.71.207 - - [26/Sep/2015:05:44:42 +0800] "GET /digiarch3/content/nav/relationSubject.jsp?relationWords=%E5%AE%B5%E7%A6%81%20%E7%AB%B9%E7%AD%8F%20&oid=1545946 HTTP/1.1" 200 3589
66.249.71.121 - - [26/Sep/2015:05:44:46 +0800] "GET /content/repository/resource_content.jsp?oid=2639099&queryType=qs&queryString=%E7%B9%BC%E7%88%B6 HTTP/1.1" 200 30186
66.249.71.113 - - [26/Sep/2015:05:45:02 +0800] "GET /content/nav/relationSubject.jsp?relationWords=%E5%8D%97%E6%8A%95%E5%BB%B3+&oid=4458200 HTTP/1.1" 200 3059
66.249.71.239 - - [26/Sep/2015:05:45:04 +0800] "GET /content/repository/resource_content.jsp?oid=1572359 HTTP/1.1" 200 28694
66.249.71.121 - - [26/Sep/2015:05:45:04 +0800] "GET /content/nav/relationSubject.jsp?relationWords=%E5%8D%97%E6%8A%95%E5%BB%B3%20&oid=4458200 HTTP/1.1" 200 3059
66.249.71.249 - - [26/Sep/2015:05:45:21 +0800] "GET /content/repository/resource_content.jsp?oid=15190&queryString=%E6%B2%99%E8%85%B8%E4%BB%94 HTTP/1.1" 200 35544
66.249.71.196 - - [26/Sep/2015:05:45:39 +0800] "GET /digiarch3/content/subject/resource_content.jsp?oid=16777475&queryType=qs&queryString=%E9%BE%8D%E8%9D%A6 HTTP/1.1" 200 62175
66.249.71.207 - - [26/Sep/2015:05:45:57 +0800] "GET /digiarch3/content/repository/resource_content.jsp?oid=16533&queryType=qs&queryString=%E6%AF%92%E7%B4%A0 HTTP/1.1" 200 35495
66.249.79.193 - - [26/Sep/2015:05:46:07 +0800] "GET /digiarch_en/content/repository/resource_content.jsp?oid=15258&queryString=%E6%B2%B9%E7%94%98%20%E9%95%B7%E9%B0%AD%E9%B0%A4%20%E9%BB%83%E5%B0%BE HTTP/1.1" 200 26400
66.249.71.196 - - [26/Sep/2015:05:46:15 +0800] "GET /digiarch3/content/subject/resource_content.jsp?oid=16777713&queryType=qs&queryString=%E6%B0%91%E6%94%BF%E5%BB%B3 HTTP/1.1" 200 43860
66.249.79.193 - - [26/Sep/2015:05:47:02 +0800] "GET /content/nav/relationSubject.jsp?relationWords=&oid=1821190 HTTP/1.1" 200 1405
123.125.71.85 - - [26/Sep/2015:05:47:16 +0800] "GET /content/repository/resource_content.jsp?oid=1607496 HTTP/1.1" 200 29094
123.125.71.106 - - [26/Sep/2015:05:47:20 +0800] "GET /content/repository/resource_content.jsp?oid=1826448 HTTP/1.1" 200 28175
123.125.71.80 - - [26/Sep/2015:05:47:22 +0800] "GET /content/repository/resource_content.jsp?oid=2533041 HTTP/1.1" 200 28772
220.181.108.152 - - [26/Sep/2015:05:47:23 +0800] "GET /content/subject/resource_content.jsp?oid=16777586 HTTP/1.1" 200 30904
111.13.102.5 - - [26/Sep/2015:05:47:23 +0800] "GET /content/repository/resource_content.jsp?oid=592549 HTTP/1.1" 200 28373
66.249.71.239 - - [26/Sep/2015:05:47:27 +0800] "GET /content/subject/resource_content.jsp?oid=16777292&queryString=%E5%A4%A7%E8%91%89%E5%B1%B1%E6%AC%96%20%E6%8B%BC%E6%9D%BF%E8%88%9F%20%E9%81%94%E6%82%9F%E6%97%8F HTTP/1.1" 200 28114
123.125.71.84 - - [26/Sep/2015:05:47:28 +0800] "GET /content/subject/resource_content.jsp?oid=16777420 HTTP/1.1" 200 30170
123.125.71.85 - - [26/Sep/2015:05:47:28 +0800] "GET /content/repository/resource_content.jsp?oid=2522511 HTTP/1.1" 200 30220
66.249.71.216 - - [26/Sep/2015:05:47:37 +0800] "GET /content/subject/resource_content.jsp?oid=16777469&queryType=qc HTTP/1.1" 200 31184
220.181.108.96 - - [26/Sep/2015:05:47:40 +0800] "GET /content/nav/relationSubject.jsp?relationWords=%E6%95%99%E6%A1%88+%E6%95%B8%E4%BD%8D%E5%85%B8%E8%97%8F+&oid=16777586 HTTP/1.1" 200 7674
66.249.71.239 - - [26/Sep/2015:05:48:20 +0800] "GET /content/subject/resource_content.jsp?oid=16797340&queryType=qc HTTP/1.1" 200 63036
66.249.79.246 - - [26/Sep/2015:05:49:14 +0800] "GET /content/repository/resource_content.jsp?oid=4363582&queryType=qs&queryString=%E5%BC%B5%E5%A4%A9%E5%B8%AB HTTP/1.1" 200 28048
66.249.71.229 - - [26/Sep/2015:05:49:30 +0800] "GET /content/nav/relationSubject.jsp?relationWords=%E9%97%9C%E8%81%96%E5%B8%9D%E5%90%9B+&oid=4363268 HTTP/1.1" 200 3101
