221.194.129.96 - - [10/Feb/2014:13:49:25 +0800] "GET /content/subject/resource_content.jsp?oid=16777498&queryType=qc HTTP/1.0" 200 39457
221.194.129.96 - - [10/Feb/2014:13:49:31 +0800] "GET /content/subject/resource_content.jsp?oid=16777499&queryType=qc HTTP/1.0" 200 43404
114.24.160.232 - - [10/Feb/2014:13:49:35 +0800] "GET /content/exhibit/exhibit.jsp?oid=16777751 HTTP/1.1" 200 24870
114.24.160.232 - - [10/Feb/2014:13:49:36 +0800] "GET /content/exhibit/exhibit_content.jsp?oid=16777751 HTTP/1.1" 200 17496
221.194.129.96 - - [10/Feb/2014:13:49:37 +0800] "GET /content/subject/resource_content.jsp?oid=16777713&queryType=qc HTTP/1.0" 200 42870
221.194.129.96 - - [10/Feb/2014:13:49:58 +0800] "GET /content/subject/resource_content.jsp?oid=16777699&queryType=qc HTTP/1.0" 200 53079
221.194.129.96 - - [10/Feb/2014:13:50:01 +0800] "GET /content/subject/resource_content.jsp?oid=16777744&queryType=qc HTTP/1.0" 200 40104
61.218.108.178 - - [10/Feb/2014:13:50:19 +0800] "GET /content/nav/relationSubject.jsp?relationWords=%E7%A7%91%E8%88%89+&oid=16777506 HTTP/1.1" 200 5095
66.249.77.195 - - [10/Feb/2014:13:50:24 +0800] "GET /content/repository/resource_content.jsp?oid=1549946&queryString=%E6%A9%9F%E8%80%95 HTTP/1.1" 200 30616
175.96.239.105 - - [10/Feb/2014:13:51:50 +0800] "GET /content/repository/resource_content.jsp?oid=1104302 HTTP/1.1" 200 29770
175.96.239.105 - - [10/Feb/2014:13:51:57 +0800] "GET /content/nav/relationSubject.jsp?relationWords=%E6%A4%8D%E7%89%A9%E7%95%8C+%E8%8B%A6%E7%93%9C+%E8%8B%A6%E7%93%9C%E5%B1%AC+%E8%8F%AB%E8%8F%9C+%E8%91%AB%E8%98%86%E7%A7%91+&oid=1104302 HTTP/1.1" 200 3292
66.249.74.221 - - [10/Feb/2014:13:52:13 +0800] "GET /content/repository/resource_content.jsp?oid=1547775 HTTP/1.1" 200 27890
66.249.77.195 - - [10/Feb/2014:13:52:48 +0800] "GET /content/repository/resource_content.jsp?oid=1550524&queryString=%E6%A9%9F%E8%80%95 HTTP/1.1" 200 28083
114.34.53.42 - - [10/Feb/2014:13:53:08 +0800] "GET /content/nav/relationSubject.jsp?relationWords=%E6%B8%85%E8%81%96%E7%A5%96+%E8%81%96%E7%A5%96+&oid=16777381 HTTP/1.1" 200 3977
114.34.53.42 - - [10/Feb/2014:13:54:26 +0800] "GET /content/subject/resource_content.jsp?oid=16777449&queryString=%E6%B8%85%E8%81%96%E7%A5%96%20%E8%81%96%E7%A5%96 HTTP/1.1" 200 27871
114.34.53.42 - - [10/Feb/2014:13:54:26 +0800] "GET /content/nav/relationSubject.jsp?relationWords=%E6%B8%85%E8%81%96%E7%A5%96+%E8%81%96%E7%A5%96+%E8%A9%94%E6%9B%B8+&oid=16777449 HTTP/1.1" 200 3646
111.242.197.209 - - [10/Feb/2014:13:55:03 +0800] "GET /content/nav/relationSubject.jsp?relationWords=%E5%88%97%E9%BC%8E+%E6%96%B9%E9%BC%8E+%E9%9B%B2%E9%9B%B7+%E9%9B%B2%E9%9B%B7%E7%B4%8B+%E9%9B%B2%E9%9B%B7%E7%B4%8B%E5%88%97%E9%BC%8E+%E9%9B%B7%E7%B4%8B+%E9%9D%92%E9%8A%85%E5%99%A8+&oid=16777446 HTTP/1.1" 200 4260
66.249.77.195 - - [10/Feb/2014:13:55:11 +0800] "GET /content/repository/resource_content.jsp?oid=1550814&queryString=%E5%AD%B8%E5%8A%9B%E9%91%91%E5%AE%9A%20%E9%AB%98%E8%81%B7 HTTP/1.1" 200 29957
210.208.205.253 - - [10/Feb/2014:13:55:39 +0800] "GET /content/nav/relationSubject.jsp?relationWords=%E5%B1%B1%E6%AB%BB%E8%8A%B1+&oid=16777304 HTTP/1.1" 200 4460
66.249.77.195 - - [10/Feb/2014:13:55:51 +0800] "GET /content/nav/relationSubject.jsp?relationWords=%E5%BC%B7%E7%94%9F+%E6%A9%9F%E8%80%95+%E8%80%95%E8%80%98+%E8%BE%B2%E7%94%A2+%E8%BE%B2%E7%94%A2%E5%AD%97+&oid=1550524 HTTP/1.1" 200 4498
66.249.77.195 - - [10/Feb/2014:13:55:52 +0800] "GET /content/nav/relationSubject.jsp?relationWords=%E5%9C%8B%E6%A0%A1+%E5%9C%8B%E9%98%B2%E9%83%A8+%E5%B8%AB%E7%AF%84%E7%94%9F+%E6%99%AE%E8%80%83+%E8%80%83%E7%B8%BE+%E9%80%B2%E4%BF%AE+%E9%87%91%E8%B0%B7+%E9%AB%98%E6%99%AE%E8%80%83+%E9%AB%98%E8%81%B7+&oid=1550814 HTTP/1.1" 200 3417
66.249.77.195 - - [10/Feb/2014:13:55:58 +0800] "GET /content/nav/relationSubject.jsp?relationWords=%E4%BA%8C%E4%BA%8C%E5%BA%9C+%E4%BA%8C%E5%BA%9C%E6%95%99+%E5%BD%B9%E7%94%B7+%E6%96%87%E7%9B%B2%E6%A1%88+%E8%A3%9C%E7%BF%92%E7%8F%AD+&oid=1547775 HTTP/1.1" 200 3775
66.249.77.195 - - [10/Feb/2014:13:55:59 +0800] "GET /content/nav/relationSubject.jsp?relationWords=%E6%95%99%E8%82%B2%E6%A1%88+%E8%87%BA%E5%8D%97%E7%B8%A3+%E8%88%88%E8%BE%B2+&oid=1539640 HTTP/1.1" 200 5462
203.65.106.21 - - [10/Feb/2014:13:56:02 +0800] "GET /content/nav/relationSubject.jsp?relationWords=%E6%B8%85%E8%81%96%E7%A5%96+%E8%81%96%E7%A5%96+&oid=16777381 HTTP/1.1" 200 3977
66.249.77.195 - - [10/Feb/2014:13:57:34 +0800] "GET /content/repository/resource_content.jsp?oid=1550826&queryString=%E7%B5%B1%E4%B8%80%E7%99%BC%E7%A5%A8 HTTP/1.1" 200 29434
66.249.77.195 - - [10/Feb/2014:13:58:22 +0800] "GET /content/repository/resource_content.jsp?oid=1633208 HTTP/1.1" 200 27540
140.109.6.85 - - [10/Feb/2014:13:59:21 +0800] "GET /content/nav/relationSubject.jsp?relationWords=%E6%B8%85%E8%81%96%E7%A5%96+%E8%81%96%E7%A5%96+&oid=16777381 HTTP/1.1" 200 3977
66.249.77.195 - - [10/Feb/2014:13:59:25 +0800] "GET /content/repository/resource_content.jsp?oid=1461759 HTTP/1.1" 200 29960
210.71.216.252 - - [10/Feb/2014:13:59:27 +0800] "GET /content/subject/resource_content.jsp?oid=16777729&queryType=qc HTTP/1.1" 200 50716
210.71.216.252 - - [10/Feb/2014:13:59:29 +0800] "GET /content/nav/relationSubject.jsp?relationWords=%E8%83%A1%E9%81%A9+&oid=16777729 HTTP/1.1" 200 4912
66.249.77.195 - - [10/Feb/2014:13:59:43 +0800] "GET /content/subject/resource_content.jsp?oid=16777476&queryString=%E5%A4%9A%E6%A8%A3%E6%80%A7%20%E7%8F%A0%E6%AF%8D%E8%B2%9D%20%E7%8F%A0%E8%A1%A3%20%E8%B2%9D%E7%8F%A0 HTTP/1.1" 200 53211
66.249.77.195 - - [10/Feb/2014:13:59:58 +0800] "GET /content/repository/resource_content.jsp?oid=1550827&queryString=%E7%B5%B1%E4%B8%80%E7%99%BC%E7%A5%A8 HTTP/1.1" 200 29764
220.181.108.117 - - [10/Feb/2014:14:01:04 +0800] "GET /content/repository/resource_content.jsp?oid=3121435 HTTP/1.1" 200 28887
114.27.56.214 - - [10/Feb/2014:14:02:14 +0800] "GET /content/nav/relationSubject.jsp?relationWords=&oid=16777342 HTTP/1.1" 200 1413
66.249.77.195 - - [10/Feb/2014:14:02:21 +0800] "GET /content/repository/resource_content.jsp?oid=1550835&queryString=%E7%B5%B1%E4%B8%80%E7%99%BC%E7%A5%A8 HTTP/1.1" 200 28948
220.132.10.237 - - [10/Feb/2014:14:02:37 +0800] "GET /content/pictures/picture_content.jsp?oid=33554797 HTTP/1.1" 200 26849
220.132.10.237 - - [10/Feb/2014:14:02:38 +0800] "GET /content/nav/relationSubject.jsp?relationWords=%E7%B4%85%E5%B8%B6%E6%93%AC%E8%8A%B1%E9%B1%B8+%E8%8A%B1%E9%B1%B8+&oid=33554797 HTTP/1.1" 200 3429
114.34.80.105 - - [10/Feb/2014:14:03:20 +0800] "GET /content/nav/relationSubject.jsp?relationWords=%E6%B8%85%E8%81%96%E7%A5%96+%E8%81%96%E7%A5%96+&oid=16777381 HTTP/1.1" 200 3977
114.34.80.105 - - [10/Feb/2014:14:03:46 +0800] "GET /content/subject/resource_content.jsp?oid=16777449&queryString=%E6%B8%85%E8%81%96%E7%A5%96%20%E8%81%96%E7%A5%96 HTTP/1.1" 200 27871
114.34.80.105 - - [10/Feb/2014:14:03:47 +0800] "GET /content/nav/relationSubject.jsp?relationWords=%E6%B8%85%E8%81%96%E7%A5%96+%E8%81%96%E7%A5%96+%E8%A9%94%E6%9B%B8+&oid=16777449 HTTP/1.1" 200 3646
66.249.77.195 - - [10/Feb/2014:14:04:44 +0800] "GET /content/repository/resource_content.jsp?oid=1550839&queryString=%E4%B8%AD%E7%AD%89%E5%AD%B8%E6%A0%A1%20%E6%95%99%E5%AD%B8%E6%A1%88%20%E9%AB%94%E8%82%B2%20%E9%AB%94%E8%82%B2%E6%95%99%E5%AD%B8 HTTP/1.1" 200 29560
114.34.80.105 - - [10/Feb/2014:14:04:57 +0800] "GET /content/subject/resource_content.jsp?oid=16777449&queryType=qs&queryString=%E6%B8%85%E8%81%96%E7%A5%96 HTTP/1.1" 200 27871
114.34.80.105 - - [10/Feb/2014:14:04:58 +0800] "GET /content/nav/relationSubject.jsp?relationWords=%E6%B8%85%E8%81%96%E7%A5%96+%E8%81%96%E7%A5%96+%E8%A9%94%E6%9B%B8+&oid=16777449 HTTP/1.1" 200 3646
114.40.176.215 - - [10/Feb/2014:14:05:45 +0800] "GET /content/nav/relationSubject.jsp?relationWords=%E5%A4%8F%E5%A4%9C+%E6%B0%B4%E8%8C%84+%E6%B0%B4%E8%8C%84%E8%8B%B3+%E8%8C%84%E8%8B%B3+&oid=16777503 HTTP/1.1" 200 4559
123.240.101.115 - - [10/Feb/2014:14:06:23 +0800] "GET /content/nav/relationSubject.jsp?relationWords=&oid=16777543 HTTP/1.1" 200 1413
114.32.18.34 - - [10/Feb/2014:14:06:33 +0800] "GET /content/nav/relationSubject.jsp?relationWords=%E6%B8%85%E4%BB%A3%E7%A7%91%E8%88%89+%E7%A7%91%E8%88%89+%E9%AD%9A%E8%BA%8D+&oid=16777536 HTTP/1.1" 200 4909
66.249.77.195 - - [10/Feb/2014:14:06:34 +0800] "GET /content/repository/resource_content.jsp?oid=1097431 HTTP/1.1" 200 29828
61.63.81.166 - - [10/Feb/2014:14:07:04 +0800] "GET /content/nav/relationSubject.jsp?relationWords=%E6%BE%A4%E8%98%AD+%E8%8A%B1%E8%94%93+%E8%94%93%E6%BE%A4+%E8%94%93%E6%BE%A4%E8%98%AD+&oid=16777266 HTTP/1.1" 200 4351
66.249.77.195 - - [10/Feb/2014:14:07:07 +0800] "GET /content/repository/resource_content.jsp?oid=1550840&queryString=%E6%93%B4%E5%BB%BA%20%E6%9D%B1%E8%BE%B2%20%E7%B6%AD%E6%B0%91 HTTP/1.1" 200 28822
66.249.74.221 - - [10/Feb/2014:14:07:31 +0800] "GET /content/nav/relationSubject.jsp?relationWords=%E7%94%B3%E5%A0%B1+%E7%A8%85%E5%8B%99+%E7%A8%85%E6%B3%95+%E7%B5%B1%E4%B8%80%E7%99%BC%E7%A5%A8+%E8%B2%A1%E6%94%BF+%E8%B2%A1%E6%94%BF%E5%BB%B3+%E9%97%9C%E7%A8%85+%E9%97%9C%E7%A8%85%E6%B3%95+&oid=1550826 HTTP/1.1" 200 6421
66.249.77.195 - - [10/Feb/2014:14:07:32 +0800] "GET /content/nav/relationSubject.jsp?relationWords=%E6%B1%BD%E8%BB%8A%E8%B2%A8%E9%81%8B+%E7%B5%B1%E4%B8%80%E7%99%BC%E7%A5%A8+%E8%B2%A8%E9%81%8B+&oid=1550835 HTTP/1.1" 200 3905
66.249.77.195 - - [10/Feb/2014:14:07:33 +0800] "GET /content/nav/relationSubject.jsp?relationWords=%E6%97%A5%E6%93%9A%E6%99%82%E4%BB%A3+%E7%A8%85%E6%B3%95+%E7%B5%B1%E4%B8%80%E7%99%BC%E7%A5%A8+%E8%AA%B2%E7%A8%85+%E8%B2%A7%E7%AA%AE+&oid=1550827 HTTP/1.1" 200 4194
66.249.77.195 - - [10/Feb/2014:14:07:34 +0800] "GET /content/nav/relationSubject.jsp?relationWords=%E4%B8%AD%E7%AD%89%E5%AD%B8%E6%A0%A1+%E5%9C%8B%E6%A0%A1+%E9%90%98%E9%BB%9E%E8%B2%BB+%E9%AB%94%E8%82%B2+&oid=1550839 HTTP/1.1" 200 8288
66.249.77.195 - - [10/Feb/2014:14:07:35 +0800] "GET /content/nav/relationSubject.jsp?relationWords=%E4%BD%9B%E7%94%B2%E8%8D%89%E5%B1%AC+%E6%A4%8D%E7%89%A9%E7%95%8C+%E7%A9%97%E8%8A%B1%E5%85%AB%E5%AF%B6+%E8%96%94%E8%96%87%E7%9B%AE+&oid=1097431 HTTP/1.1" 200 3353
59.125.214.253 - - [10/Feb/2014:14:08:04 +0800] "GET /content/nav/relationSubject.jsp?relationWords=%E5%88%97%E9%BC%8E+%E6%96%B9%E9%BC%8E+%E9%9B%B2%E9%9B%B7+%E9%9B%B2%E9%9B%B7%E7%B4%8B+%E9%9B%B2%E9%9B%B7%E7%B4%8B%E5%88%97%E9%BC%8E+%E9%9B%B7%E7%B4%8B+%E9%9D%92%E9%8A%85%E5%99%A8+&oid=16777446 HTTP/1.1" 200 4260
182.233.130.9 - - [10/Feb/2014:14:08:12 +0800] "GET /content/subject/resource_content.jsp?oid=16777581&queryType=qs&queryString=%E5%8F%83%E8%AD%B0%E6%9C%83 HTTP/1.1" 200 47446
182.233.130.9 - - [10/Feb/2014:14:08:13 +0800] "GET /content/nav/relationSubject.jsp?relationWords=%E8%A5%BF%E8%9E%BA+%E8%A5%BF%E8%9E%BA%E5%A4%A7%E6%A9%8B+&oid=16777581 HTTP/1.1" 200 4462
114.42.108.196 - - [10/Feb/2014:14:08:15 +0800] "GET /content/exhibit/exhibit.jsp?oid=16777778 HTTP/1.1" 200 24870
114.42.108.196 - - [10/Feb/2014:14:08:16 +0800] "GET /content/exhibit/exhibit_content.jsp?oid=16777778 HTTP/1.1" 200 20277
184.173.183.174 - - [10/Feb/2014:14:08:52 +0800] "GET /content/subject/resource_content.jsp?oid=16777381&queryType=qs&queryString=%25E6%2598%258E%25E6%25B8%2585%25E6%25AA%2594%25E6%25A1%2588 HTTP/1.1" 500 15533
59.125.214.253 - - [10/Feb/2014:14:09:16 +0800] "GET /content/nav/relationSubject.jsp?relationWords=%E5%95%86%E7%8E%8B%E5%A4%A7%E5%A2%93+%E9%9D%92%E9%8A%85%E4%BA%BA%E9%9D%A2+&oid=16777559 HTTP/1.1" 200 2674
114.26.251.188 - - [10/Feb/2014:14:09:27 +0800] "GET /content/nav/relationSubject.jsp?relationWords=%E5%8F%B0%E7%81%A3%E6%AC%92%E6%A8%B9+%E6%AC%92%E6%A8%B9+%E8%8B%A6%E8%8B%93+%E8%8B%A6%E8%8B%93%E8%88%85+&oid=16777254 HTTP/1.1" 200 4391
66.249.77.195 - - [10/Feb/2014:14:09:31 +0800] "GET /content/repository/resource_content.jsp?oid=1550842&queryString=%E5%95%86%E5%B0%88%20%E5%95%86%E8%81%B7%20%E8%81%B7%E6%A5%AD%E6%95%99%E8%82%B2 HTTP/1.1" 200 30388
66.249.77.172 - - [10/Feb/2014:14:10:08 +0800] "GET /content/subject/resource_content.jsp?oid=16777632&queryString= HTTP/1.1" 200 31565
117.56.227.1 - - [10/Feb/2014:14:10:09 +0800] "GET /content/nav/relationSubject.jsp?relationWords=&oid=16777459 HTTP/1.1" 200 1413
210.61.40.181 - - [10/Feb/2014:14:10:55 +0800] "GET /content/nav/relationSubject.jsp?relationWords=%E7%A7%91%E8%88%89+&oid=16777506 HTTP/1.1" 200 5095
211.75.6.13 - - [10/Feb/2014:14:11:16 +0800] "GET /content/subject/resource_content.jsp?oid=16777729&queryType=qc HTTP/1.1" 200 50716
211.75.6.13 - - [10/Feb/2014:14:11:20 +0800] "GET /content/nav/relationSubject.jsp?relationWords=%E8%83%A1%E9%81%A9+&oid=16777729 HTTP/1.1" 200 4912
114.32.18.34 - - [10/Feb/2014:14:11:22 +0800] "GET /content/subject/resource_content.jsp?oid=16777381&queryType=qs&queryString=%E6%98%8E%E6%B8%85%E6%AA%94%E6%A1%88 HTTP/1.1" 200 36118
163.21.219.250 - - [10/Feb/2014:14:11:22 +0800] "GET /content/nav/relationSubject.jsp?relationWords=%E7%A7%91%E8%88%89+&oid=16777506 HTTP/1.1" 200 5095
114.32.18.34 - - [10/Feb/2014:14:11:22 +0800] "GET /content/nav/relationSubject.jsp?relationWords=%E6%B8%85%E8%81%96%E7%A5%96+%E8%81%96%E7%A5%96+&oid=16777381 HTTP/1.1" 200 3977
114.32.18.34 - - [10/Feb/2014:14:11:45 +0800] "GET /content/nav/relationSubject.jsp?relationWords=%E6%B8%85%E4%BB%A3%E7%A7%91%E8%88%89+%E7%A7%91%E8%88%89+%E9%AD%9A%E8%BA%8D+&oid=16777536 HTTP/1.1" 200 4909
163.30.20.158 - - [10/Feb/2014:14:11:49 +0800] "GET /content/subject/resource_content.jsp?oid=16777381&queryType=qs&queryString=%E5%BA%B7%E7%86%99 HTTP/1.1" 200 36632
163.30.20.158 - - [10/Feb/2014:14:11:49 +0800] "GET /content/nav/relationSubject.jsp?relationWords=%E6%B8%85%E8%81%96%E7%A5%96+%E8%81%96%E7%A5%96+&oid=16777381 HTTP/1.1" 200 3977
66.249.74.221 - - [10/Feb/2014:14:11:55 +0800] "GET /content/repository/resource_content.jsp?oid=1550843&queryString=%E4%BB%A3%E5%9C%8B%20%E5%81%A5%E5%BA%B7%E6%A1%88%20%E5%AD%B8%E6%A0%A1%E6%95%99%E5%AE%A4%20%E7%85%A7%E6%98%8E%E8%A8%AD%E5%82%99 HTTP/1.1" 200 30867
1.173.53.75 - - [10/Feb/2014:14:12:24 +0800] "GET /content/nav/relationSubject.jsp?relationWords=%E6%B8%85%E8%81%96%E7%A5%96+%E8%81%96%E7%A5%96+&oid=16777381 HTTP/1.1" 200 3977
220.228.149.108 - - [10/Feb/2014:14:13:30 +0800] "GET /content/repository/resource_content.jsp?oid=1555936 HTTP/1.0" 200 31579
220.228.149.108 - - [10/Feb/2014:14:13:34 +0800] "GET /content/nav/relationSubject.jsp?relationWords=%E4%BA%94%E5%88%86%E5%9F%94+%E5%83%91%E7%94%9F+%E5%9C%8B%E6%B0%91%E5%AD%B8%E6%A0%A1+%E5%AD%B8%E7%94%B0+%E5%B8%AB%E7%AF%84%E5%AD%B8%E6%A0%A1+%E6%94%BE%E7%A7%9F+%E6%95%99%E5%B8%AB%E6%9C%83%E9%A4%A8+%E6%95%99%E8%82%B2%E5%BB%B3+%E6%B8%85%E5%AF%92+%E7%BE%A9%E5%8B%99%E6%95%99%E8%82%B2+%E8%87%BA%E5%8C%97%E5%B8%82+%E8%87%BA%E5%8C%97%E5%B8%82%E6%94%BF%E5%BA%9C+%E8%B3%AA%E8%A9%A2+%E9%84%AD%E5%AE%8B%E6%9F%B3+&oid=1555936 HTTP/1.0" 200 5246
66.249.77.172 - - [10/Feb/2014:14:13:47 +0800] "GET /content/subject/resource_content.jsp?oid=16777569&queryType=qs&queryString=%E5%A5%BD%E8%90%8A%E5%A1%A2 HTTP/1.1" 200 54951
163.30.20.158 - - [10/Feb/2014:14:13:59 +0800] "GET /content/subject/resource_content.jsp?oid=16777449&queryType=qs&queryString=%E6%B8%85%E8%81%96%E7%A5%96 HTTP/1.1" 200 27871
163.30.20.158 - - [10/Feb/2014:14:13:59 +0800] "GET /content/nav/relationSubject.jsp?relationWords=%E6%B8%85%E8%81%96%E7%A5%96+%E8%81%96%E7%A5%96+%E8%A9%94%E6%9B%B8+&oid=16777449 HTTP/1.1" 200 3646
163.30.20.158 - - [10/Feb/2014:14:14:16 +0800] "GET /content/repository/resource_content.jsp?oid=279215&queryString=?????????%20??????%20?????? HTTP/1.1" 200 30977
163.30.20.158 - - [10/Feb/2014:14:14:17 +0800] "GET /content/nav/relationSubject.jsp?relationWords=%E5%85%83%E5%BA%B7+%E5%B1%85%E5%BB%B6%E6%BC%A2%E7%B0%A1+%E6%BC%A2%E7%B0%A1+%E8%A9%94%E6%9B%B8+&oid=279215 HTTP/1.1" 200 4340
66.249.77.236 - - [10/Feb/2014:14:14:17 +0800] "GET /content/repository/resource_content.jsp?oid=14071&queryString=%E5%8A%A9%E7%94%A2%E5%A3%AB%20%E5%A5%B3%E9%9D%92%E5%B9%B4%20%E5%B1%B1%E5%9C%B0%E9%84%89%20%E8%97%A5%E5%93%81%20%E8%A1%9B%E7%94%9F%E6%89%80%20%E8%AD%B7%E5%A3%AB%20%E8%AD%B7%E7%90%86 HTTP/1.1" 200 34621
184.173.183.171 - - [10/Feb/2014:14:15:01 +0800] "GET /content/subject/resource_content.jsp?oid=16777440&queryType=qs&queryString=%25E6%2598%258E%25E6%25B8%2585%25E6%25AA%2594%25E6%25A1%2588 HTTP/1.1" 500 15533
184.173.183.173 - - [10/Feb/2014:14:15:23 +0800] "GET /content/repository/resource_content.jsp?oid=2569326&queryType=qs&queryString=%252B%25E5%25B9%25B4%25E7%25BE%25B9%25E5%25A0%25AF HTTP/1.1" 500 15533
66.249.74.162 - - [10/Feb/2014:14:15:26 +0800] "GET /content/subject/resource_content.jsp?oid=16777378&queryString=%E5%A4%A7%E8%8A%B1%E7%B4%AB%E8%96%87%20%E7%B4%AB%E8%96%87 HTTP/1.1" 200 32566
66.249.74.221 - - [10/Feb/2014:14:15:35 +0800] "GET /content/subject/resource_content.jsp?oid=16777235&queryString=%E6%95%B8%E4%BD%8D%E5%85%B8%E8%97%8F%E5%B1%95%E7%A4%BA HTTP/1.1" 200 25647
184.173.183.173 - - [10/Feb/2014:14:16:40 +0800] "GET /content/subject/resource_content.jsp?oid=16777536&queryType=qs&queryString=%25E6%2598%258E%25E6%25B8%2585%25E6%25AA%2594%25E6%25A1%2588 HTTP/1.1" 500 15533
66.249.77.62 - - [10/Feb/2014:14:16:41 +0800] "GET /digiarch3/content/repository/resource_content.jsp?oid=1896235&queryType=qs&queryString=%E7%9C%BE%E8%AD%B0%E9%99%A2 HTTP/1.1" 200 28431
66.249.74.221 - - [10/Feb/2014:14:19:04 +0800] "GET /content/repository/resource_content.jsp?oid=1552526&queryString=%E5%9C%8B%E6%9C%AC%E6%A1%88 HTTP/1.1" 200 28712
66.249.77.195 - - [10/Feb/2014:14:19:20 +0800] "GET /content/nav/relationSubject.jsp?relationWords=%E5%88%9D%E4%B8%AD+%E5%B1%B1%E5%9C%B0%E9%9D%92%E5%B9%B4+%E6%95%99%E8%82%B2%E5%BB%B3+%E6%9D%B1%E8%BE%B2+&oid=1550840 HTTP/1.1" 200 3781
66.249.77.62 - - [10/Feb/2014:14:19:22 +0800] "GET /digiarch3/content/nav/relationSubject.jsp?relationWords=%E7%81%A3%E7%9C%81%E6%94%BF%E5%BA%9C+%E7%9C%81%E6%94%BF%E5%BA%9C+%E7%9C%BE%E8%AD%B0%E9%99%A2+%E8%87%BA%E7%81%A3%E7%9C%81+%E8%87%BA%E7%81%A3%E7%9C%81%E6%94%BF%E5%BA%9C+&oid=1896235 HTTP/1.1" 200 4710
66.249.77.236 - - [10/Feb/2014:14:19:26 +0800] "GET /content/nav/relationSubject.jsp?relationWords=%E7%BF%85%E6%B2%99+%E8%AD%B7%E5%A3%AB+%E9%8F%BD%E9%AC%9A%E9%AE%AB+&oid=14071 HTTP/1.1" 200 3424
66.249.77.62 - - [10/Feb/2014:14:19:27 +0800] "GET /digiarch3/content/nav/relationSubject.jsp?relationWords=%E7%81%A3%E7%9C%81%E6%94%BF%E5%BA%9C%20%E7%9C%81%E6%94%BF%E5%BA%9C%20%E7%9C%BE%E8%AD%B0%E9%99%A2%20%E8%87%BA%E7%81%A3%E7%9C%81%20%E8%87%BA%E7%81%A3%E7%9C%81%E6%94%BF%E5%BA%9C%20&oid=1896235 HTTP/1.1" 200 4710
66.249.74.162 - - [10/Feb/2014:14:19:32 +0800] "GET /content/nav/relationSubject.jsp?relationWords=%E7%BF%85%E6%B2%99%20%E8%AD%B7%E5%A3%AB%20%E9%8F%BD%E9%AC%9A%E9%AE%AB%20&oid=14071 HTTP/1.1" 200 3424
118.165.95.202 - - [10/Feb/2014:14:19:56 +0800] "GET /content/nav/relationSubject.jsp?relationWords=%E6%B8%85%E8%81%96%E7%A5%96+%E8%81%96%E7%A5%96+&oid=16777381 HTTP/1.1" 200 3977
118.165.95.202 - - [10/Feb/2014:14:20:03 +0800] "GET /content/subject/resource_content.jsp?oid=16777381&queryType=qs&queryString=%E6%B8%85%E8%81%96%E7%A5%96 HTTP/1.1" 200 35943
118.165.95.202 - - [10/Feb/2014:14:20:03 +0800] "GET /content/nav/relationSubject.jsp?relationWords=%E6%B8%85%E8%81%96%E7%A5%96+%E8%81%96%E7%A5%96+&oid=16777381 HTTP/1.1" 200 3977
66.249.74.221 - - [10/Feb/2014:14:21:28 +0800] "GET /content/repository/resource_content.jsp?oid=1552756&queryString=%E6%B4%BD%E5%95%86 HTTP/1.1" 200 31365
66.249.77.62 - - [10/Feb/2014:14:23:51 +0800] "GET /digiarch3/content/repository/resource_content.jsp?oid=1896249&queryType=qs&queryString=%E7%9C%BE%E8%AD%B0%E9%99%A2 HTTP/1.1" 200 28561
140.112.88.251 - - [10/Feb/2014:14:24:00 +0800] "GET /content/nav/relationSubject.jsp?relationWords=%E5%A4%A7%E8%8A%B1%E7%B4%AB%E8%96%87+%E7%B4%AB%E8%96%87+&oid=16777378 HTTP/1.1" 200 4062
163.21.46.253 - - [10/Feb/2014:14:24:04 +0800] "GET /content/exhibit/exhibit.jsp?oid=16777771 HTTP/1.1" 200 24870
163.21.46.253 - - [10/Feb/2014:14:24:05 +0800] "GET /content/exhibit/exhibit_content.jsp?oid=16777771 HTTP/1.1" 200 18754
172.1.157.41 - - [10/Feb/2014:14:24:26 +0800] "GET /content/nav/relationSubject.jsp?relationWords=%E5%B1%B1%E8%8A%99%E8%93%89+%E6%9C%A8%E8%8A%99%E8%93%89+%E8%96%9B%E6%BF%A4+%E9%86%89%E8%8A%99%E8%93%89+&oid=16777260 HTTP/1.1" 200 4603
66.249.77.172 - - [10/Feb/2014:14:24:42 +0800] "GET /content/subject/resource_content.jsp?oid=16777371&queryType=qs&queryString=GIS HTTP/1.1" 200 47830
219.85.128.193 - - [10/Feb/2014:14:25:00 +0800] "GET /content/nav/relationSubject.jsp?relationWords=%E5%B1%B1%E6%AB%BB%E8%8A%B1+&oid=16777304 HTTP/1.1" 200 4460
203.67.131.71 - - [10/Feb/2014:14:25:13 +0800] "GET /content/nav/relationSubject.jsp?relationWords=%E7%A7%91%E8%88%89+&oid=16777506 HTTP/1.1" 200 5095
111.248.75.89 - - [10/Feb/2014:14:26:11 +0800] "GET /content/nav/relationSubject.jsp?relationWords=%E6%9C%A8%E7%8A%80+%E6%A1%82%E8%8A%B1+&oid=16777255 HTTP/1.1" 200 4037
66.249.77.195 - - [10/Feb/2014:14:26:14 +0800] "GET /content/repository/resource_content.jsp?oid=1552765&queryString=%E6%9D%B1%E8%B1%90%20%E9%81%BC%E5%AF%A7%20%E9%99%B8%E6%B8%AC%E5%9C%96 HTTP/1.1" 200 35467
66.249.77.195 - - [10/Feb/2014:14:28:12 +0800] "GET /content/repository/resource_content.jsp?oid=1558965 HTTP/1.1" 200 27508
66.249.77.172 - - [10/Feb/2014:14:28:37 +0800] "GET /content/repository/resource_content.jsp?oid=1561781&queryType=qs&queryString=%E8%B2%A1%E7%94%A2%E6%AC%8A HTTP/1.1" 200 32310
218.187.129.243 - - [10/Feb/2014:14:28:45 +0800] "GET /content/nav/relationSubject.jsp?relationWords=%E8%96%9C%E8%8D%94+&oid=16777485 HTTP/1.1" 200 3569
123.204.89.146 - - [10/Feb/2014:14:29:04 +0800] "GET /content/subject/resource_content.jsp?oid=16777506&queryType=qs&queryString=%E6%B4%8B%E5%8B%99%E9%81%8B%E5%8B%95 HTTP/1.1" 200 44541
123.204.89.146 - - [10/Feb/2014:14:29:07 +0800] "GET /content/nav/relationSubject.jsp?relationWords=%E7%A7%91%E8%88%89+&oid=16777506 HTTP/1.1" 200 5095
140.109.192.172 - - [10/Feb/2014:14:29:46 +0800] "GET /content/repository/resource_content.jsp?oid=1618269 HTTP/1.1" 200 27953
140.109.192.172 - - [10/Feb/2014:14:29:47 +0800] "GET /content/nav/relationSubject.jsp?relationWords=%E5%85%AC%E5%8B%99%E5%93%A1+%E6%95%99%E8%81%B7%E5%93%A1+%E9%80%80%E9%99%A4%E5%BD%B9%E8%BB%8D%E4%BA%BA+&oid=1618269 HTTP/1.1" 200 4073
66.249.74.7 - - [10/Feb/2014:14:30:58 +0800] "GET /digiarch3/content/nav/relationSubject.jsp?relationWords=%E5%A4%96%E4%BA%A4%E9%83%A8+%E6%96%87%E5%85%B7+%E7%9C%BE%E8%AD%B0%E9%99%A2+%E8%8F%AF%E4%B8%80+%E8%94%A1%E9%B4%BB%E6%96%87+%E8%AD%B0%E9%95%B7+%E9%A0%98%E4%BA%8B%E9%A4%A8+&oid=1896249 HTTP/1.1" 200 5549
66.249.77.195 - - [10/Feb/2014:14:31:00 +0800] "GET /content/repository/resource_content.jsp?oid=1552766&queryString=%E5%91%A8%E8%8F%8A%E6%9D%91%20%E8%99%95%E9%95%B7%20%E8%AD%A6%E5%8B%99%E8%99%95%20%E9%95%B7%E5%91%A8 HTTP/1.1" 200 29925
66.249.77.195 - - [10/Feb/2014:14:31:03 +0800] "GET /content/nav/relationSubject.jsp?relationWords=%E5%8F%8D%E5%85%B1+%E5%8F%8D%E5%85%B1%E6%8A%97%E4%BF%84+%E5%9C%8B%E6%9C%AC%E6%A1%88+%E6%8E%A8%E5%BB%A3%E6%95%99%E8%82%B2+%E6%95%99%E8%82%B2%E5%88%B6%E5%BA%A6+%E8%BE%B2%E6%A5%AD%E6%8E%A8%E5%BB%A3+%E8%BE%B2%E6%B0%91%E7%94%9F%E6%B4%BB+%E8%BE%B2%E7%94%A2+&oid=1552526 HTTP/1.1" 200 3953
66.249.77.195 - - [10/Feb/2014:14:31:04 +0800] "GET /content/nav/relationSubject.jsp?relationWords=%E4%BD%8E%E5%88%A9+%E5%90%88%E4%BD%9C%E9%87%91%E5%BA%AB+%E5%9C%9F%E5%9C%B0%E9%8A%80%E8%A1%8C+%E5%BB%BA%E7%AF%89%E6%9C%83+%E6%A9%9F%E6%A2%B0+%E6%B4%BD%E5%95%86+%E7%B3%A7%E9%A3%9F%E5%A2%9E%E7%94%A2+%E7%B3%A7%E9%A3%9F%E5%B1%80+%E7%BE%8E%E6%8F%B4+%E8%BC%94%E5%B0%8E%E6%9C%83+%E8%BE%B2%E6%A5%AD%E6%A9%9F%E6%A2%B0+%E8%BE%B2%E6%A5%AD%E6%A9%9F%E6%A2%B0%E5%8C%96+%E9%80%A0%E6%9E%97+%E9%87%91%E5%BA%AB+&oid=1552756 HTTP/1.1" 200 5353
66.249.77.195 - - [10/Feb/2014:14:31:07 +0800] "GET /content/nav/relationSubject.jsp?relationWords=%E4%BF%9D%E9%9A%AA+%E5%85%AC%E8%B7%AF%E5%B1%80+%E5%8F%B8%E6%A9%9F+%E5%9C%B0%E5%9D%80+%E5%A4%A7%E5%8E%9F+%E5%B7%A5%E8%B3%87+%E5%B9%B3%E4%BA%A4%E9%81%93+%E6%93%B4%E5%BB%BA+%E6%9D%B1%E8%B1%90+%E6%9F%8F%E6%B2%B9%E8%B7%AF%E9%9D%A2+%E6%A9%AB%E8%B2%AB%E5%85%AC%E8%B7%AF+%E6%B8%AF%E5%8B%99+%E6%B8%AF%E5%8B%99%E5%B1%80+%E7%89%8C%E7%85%A7+%E7%9B%88%E9%A4%98+%E7%A2%BC%E9%A0%AD%E5%B7%A5%E4%BA%BA+%E7%BE%8E%E6%8F%B4+%E8%88%AA%E7%B7%9A+%E8%B2%A8%E8%BC%AA+%E9%90%B5%E8%B7%AF%E5%B1%80+%E9%99%B8%E6%A9%8B+%E9%AB%98%E9%9B%84%E6%B8%AF+%E9%AB%98%E9%A6%AC%E7%B7%9A+&oid=1552765 HTTP/1.1" 200 4305
66.249.77.62 - - [10/Feb/2014:14:31:13 +0800] "GET /digiarch3/content/nav/relationSubject.jsp?relationWords=%E5%A4%96%E4%BA%A4%E9%83%A8%20%E6%96%87%E5%85%B7%20%E7%9C%BE%E8%AD%B0%E9%99%A2%20%E8%8F%AF%E4%B8%80%20%E8%94%A1%E9%B4%BB%E6%96%87%20%E8%AD%B0%E9%95%B7%20%E9%A0%98%E4%BA%8B%E9%A4%A8%20&oid=1896249 HTTP/1.1" 200 5549
66.249.77.195 - - [10/Feb/2014:14:31:14 +0800] "GET /content/nav/relationSubject.jsp?relationWords=%E6%97%85%E6%A1%88+&oid=1558965 HTTP/1.1" 200 3756
66.249.77.172 - - [10/Feb/2014:14:31:22 +0800] "GET /content/nav/relationSubject.jsp?relationWords=%E4%BA%BA%E6%B0%91%E5%9C%98%E9%AB%94+%E5%85%AC%E8%B3%A3%E5%B1%80+%E5%8D%B0%E8%8A%B1%E7%A8%85+%E5%8D%B0%E8%8A%B1%E7%A8%85%E6%B3%95+%E5%A4%96%E5%8C%AF+%E6%B0%91%E4%B8%BB%E6%94%BF%E6%B2%BB+%E7%87%9F%E6%A5%AD%E7%A8%85+%E7%94%9F%E7%94%A2%E4%BA%8B%E6%A5%AD+%E7%94%A2%E6%AC%8A+%E7%95%B6%E6%AD%B8%E9%85%92+%E7%A8%85%E6%B3%95+%E7%B6%93%E6%BF%9F%E4%BD%9C%E6%88%B0+%E8%8F%B8%E8%91%89+%E8%8F%B8%E9%85%92+%E8%8F%B8%E9%85%92%E5%85%AC%E8%B3%A3+%E8%8F%B8%E9%85%92%E5%85%AC%E8%B3%A3%E5%B1%80+%E8%B2%A1%E7%94%A2%E6%AC%8A+%E8%B2%A1%E7%A8%85+%E8%B2%B8%E6%AC%BE+&oid=1561781 HTTP/1.1" 200 6020
114.34.80.105 - - [10/Feb/2014:14:32:23 +0800] "GET /content/subject/resource_content.jsp?oid=16777536&queryType=qs&queryString=%E5%B7%A5%E4%BD%9C%E5%AE%A4 HTTP/1.1" 200 34006
114.34.80.105 - - [10/Feb/2014:14:32:24 +0800] "GET /content/nav/relationSubject.jsp?relationWords=%E6%B8%85%E4%BB%A3%E7%A7%91%E8%88%89+%E7%A7%91%E8%88%89+%E9%AD%9A%E8%BA%8D+&oid=16777536 HTTP/1.1" 200 4909
114.34.80.105 - - [10/Feb/2014:14:32:55 +0800] "GET /content/subject/resource_content.jsp?oid=16777506&queryType=qs&queryString=%E5%B7%A5%E4%BD%9C%E5%AE%A4 HTTP/1.1" 200 44607
114.34.80.105 - - [10/Feb/2014:14:32:56 +0800] "GET /content/nav/relationSubject.jsp?relationWords=%E7%A7%91%E8%88%89+&oid=16777506 HTTP/1.1" 200 5095
66.249.77.195 - - [10/Feb/2014:14:33:24 +0800] "GET /content/repository/resource_content.jsp?oid=1552766&queryString=%E5%AE%89%E5%85%A8%E6%A1%88%20%E6%B6%88%E6%B3%A2%E5%A1%8A%20%E7%99%BD%E5%AE%88%E8%93%AE%20%E8%87%BA%E6%9D%B1%E7%B8%A3 HTTP/1.1" 200 29983
163.21.200.252 - - [10/Feb/2014:14:33:48 +0800] "GET /content/nav/relationSubject.jsp?relationWords=%E5%8F%B0%E7%81%A3%E6%AC%92%E6%A8%B9+%E6%AC%92%E6%A8%B9+%E8%8B%A6%E8%8B%93+%E8%8B%A6%E8%8B%93%E8%88%85+&oid=16777254 HTTP/1.1" 200 4391
111.235.217.84 - - [10/Feb/2014:14:33:53 +0800] "GET /content/nav/relationSubject.jsp?relationWords=%E5%8D%9C%E8%BE%AD+%E7%94%B2%E9%AA%A8+%E7%94%B2%E9%AA%A8%E6%96%87+%E7%AE%97%E5%91%BD+&oid=16777289 HTTP/1.1" 200 3599
114.34.80.105 - - [10/Feb/2014:14:34:11 +0800] "GET /content/subject/resource_content.jsp?oid=16777766&queryType=qs&queryString=%E6%B4%8B%E5%8B%99%E9%81%8B%E5%8B%95 HTTP/1.1" 200 49691
114.34.80.105 - - [10/Feb/2014:14:34:12 +0800] "GET /content/nav/relationSubject.jsp?relationWords=%E4%BF%9D%E5%8A%9B+%E6%81%86%E6%98%A5%E5%8D%8A%E5%B3%B6+%E7%89%A1%E4%B8%B9%E7%A4%BE%E4%BA%8B%E4%BB%B6+%E7%95%AA%E7%A4%BE+&oid=16777766 HTTP/1.1" 200 4019
163.21.200.252 - - [10/Feb/2014:14:34:37 +0800] "GET /content/subject/resource_content.jsp?oid=16777276&queryString=%E5%8F%B0%E7%81%A3%E6%AC%92%E6%A8%B9%20%E6%AC%92%E6%A8%B9%20%E8%8B%A6%E8%8B%93%20%E8%8B%A6%E8%8B%93%E8%88%85 HTTP/1.1" 200 31513
163.21.200.252 - - [10/Feb/2014:14:34:37 +0800] "GET /content/nav/relationSubject.jsp?relationWords=%E5%8F%B0%E7%81%A3%E6%AC%92%E6%A8%B9+%E6%AC%92%E6%A8%B9+&oid=16777276 HTTP/1.1" 200 4260
117.56.242.181 - - [10/Feb/2014:14:35:10 +0800] "GET /content/nav/relationSubject.jsp?relationWords=%E7%A7%91%E8%88%89+&oid=16777506 HTTP/1.1" 200 5095
117.56.242.181 - - [10/Feb/2014:14:35:20 +0800] "GET /content/nav/relationSubject.jsp?relationWords=%E7%A7%91%E8%88%89+&oid=16777506 HTTP/1.1" 200 5095
66.249.77.195 - - [10/Feb/2014:14:35:22 +0800] "GET /content/repository/resource_content.jsp?oid=1097245 HTTP/1.1" 200 29768
66.249.77.195 - - [10/Feb/2014:14:35:47 +0800] "GET /content/repository/resource_content.jsp?oid=1552779&queryString=%E6%9D%B1%E8%B1%90%20%E9%81%BC%E5%AF%A7%20%E9%99%B8%E6%B8%AC%E5%9C%96 HTTP/1.1" 200 28408
117.56.242.181 - - [10/Feb/2014:14:36:06 +0800] "GET /content/nav/relationSubject.jsp?relationWords=%E7%A7%91%E8%88%89+&oid=16777506 HTTP/1.1" 200 5095
117.56.242.181 - - [10/Feb/2014:14:36:37 +0800] "GET /content/nav/relationSubject.jsp?relationWords=%E7%A7%91%E8%88%89+&oid=16777506 HTTP/1.1" 200 5095
66.249.77.195 - - [10/Feb/2014:14:37:27 +0800] "GET /content/subject/resource_content.jsp?oid=16777462&queryType=qc HTTP/1.1" 200 54363
192.192.136.244 - - [10/Feb/2014:14:37:31 +0800] "GET /content/nav/relationSubject.jsp?relationWords=%E6%A5%93%E9%A6%99+&oid=16777275 HTTP/1.0" 200 3846
157.55.36.37 - - [10/Feb/2014:14:37:48 +0800] "GET /content/nav/relationSubject.jsp?relationWords=%E5%8F%B0%E7%81%A3%E6%AC%92%E6%A8%B9+%E6%AC%92%E6%A8%B9+%E8%8B%A6%E8%8B%93+%E8%8B%A6%E8%8B%93%E8%88%85+&oid=16777254 HTTP/1.1" 200 4391
66.249.77.195 - - [10/Feb/2014:14:38:10 +0800] "GET /content/repository/resource_content.jsp?oid=1552785&queryString=%E6%9D%B1%E8%B1%90%20%E9%81%BC%E5%AF%A7%20%E9%99%B8%E6%B8%AC%E5%9C%96 HTTP/1.1" 200 29928
210.71.217.244 - - [10/Feb/2014:14:38:26 +0800] "GET /content/nav/relationSubject.jsp?relationWords=%E6%BE%A4%E8%98%AD+%E8%8A%B1%E8%94%93+%E8%94%93%E6%BE%A4+%E8%94%93%E6%BE%A4%E8%98%AD+&oid=16777266 HTTP/1.1" 200 4351
66.249.77.172 - - [10/Feb/2014:14:40:30 +0800] "GET /content/subject/resource_content.jsp?oid=16777469&queryType=qc HTTP/1.1" 200 30196
66.249.77.236 - - [10/Feb/2014:14:40:34 +0800] "GET /content/repository/resource_content.jsp?oid=2679419&queryString=%E5%8A%A9%E7%94%A2%E5%A3%AB%20%E5%A5%B3%E9%9D%92%E5%B9%B4%20%E5%B1%B1%E5%9C%B0%E9%84%89%20%E8%97%A5%E5%93%81%20%E8%A1%9B%E7%94%9F%E6%89%80%20%E8%AD%B7%E5%A3%AB%20%E8%AD%B7%E7%90%86 HTTP/1.1" 200 29560
114.34.80.105 - - [10/Feb/2014:14:41:20 +0800] "GET /content/subject/resource_content.jsp?oid=16777449&queryType=qs&queryString=%E6%B8%85%E8%81%96%E7%A5%96 HTTP/1.1" 200 27871
114.34.80.105 - - [10/Feb/2014:14:41:21 +0800] "GET /content/nav/relationSubject.jsp?relationWords=%E6%B8%85%E8%81%96%E7%A5%96+%E8%81%96%E7%A5%96+%E8%A9%94%E6%9B%B8+&oid=16777449 HTTP/1.1" 200 3646
220.136.215.194 - - [10/Feb/2014:14:42:15 +0800] "GET /content/nav/relationSubject.jsp?relationWords=%E6%B8%85%E8%81%96%E7%A5%96+%E8%81%96%E7%A5%96+&oid=16777381 HTTP/1.1" 200 3977
66.249.77.195 - - [10/Feb/2014:14:42:34 +0800] "GET /content/repository/resource_content.jsp?oid=1537073 HTTP/1.1" 200 27773
66.249.77.236 - - [10/Feb/2014:14:42:35 +0800] "GET /content/nav/relationSubject.jsp?relationWords=%E4%BA%AC%E9%99%9B+%E5%8D%B0%E5%8B%99+%E8%AD%B7%E7%90%86+&oid=2679419 HTTP/1.1" 200 4046
66.249.74.221 - - [10/Feb/2014:14:42:36 +0800] "GET /content/nav/relationSubject.jsp?relationWords=%E6%9D%B1%E8%B1%90+%E7%89%8C%E7%85%A7+&oid=1552779 HTTP/1.1" 200 3278
66.249.77.195 - - [10/Feb/2014:14:42:37 +0800] "GET /content/nav/relationSubject.jsp?relationWords=%E4%BA%A4%E9%80%9A%E8%99%95+%E5%85%AC%E6%95%99%E4%BA%BA%E5%93%A1+%E5%85%AC%E8%B7%AF%E5%B1%80+%E5%B9%B3%E4%BA%A4%E9%81%93+%E6%9D%B1%E8%B1%90+%E8%87%BA%E4%B8%AD%E7%B8%A3+%E9%A0%90%E7%AE%97+&oid=1552785 HTTP/1.1" 200 5614
66.249.77.195 - - [10/Feb/2014:14:42:40 +0800] "GET /content/nav/relationSubject.jsp?relationWords=%E5%8F%B0%E7%81%A3%E7%A7%8B%E6%B5%B7%E6%A3%A0+%E6%A4%8D%E7%89%A9%E7%95%8C+%E6%B5%B7%E6%A3%A0+%E7%A7%8B%E6%B5%B7%E6%A3%A0+%E7%A7%8B%E6%B5%B7%E6%A3%A0%E5%B1%AC+%E7%A7%8B%E6%B5%B7%E6%A3%A0%E7%A7%91+%E8%8F%AB%E8%8F%9C+&oid=1097245 HTTP/1.1" 200 5389
66.249.77.236 - - [10/Feb/2014:14:42:41 +0800] "GET /content/nav/relationSubject.jsp?relationWords=%E4%BA%AC%E9%99%9B%20%E5%8D%B0%E5%8B%99%20%E8%AD%B7%E7%90%86%20&oid=2679419 HTTP/1.1" 200 4046
66.249.77.195 - - [10/Feb/2014:14:42:57 +0800] "GET /content/repository/resource_content.jsp?oid=1552798&queryString=%E5%AD%B8%E5%8A%9B%E9%91%91%E5%AE%9A%20%E9%AB%98%E8%81%B7 HTTP/1.1" 200 28990
223.142.118.5 - - [10/Feb/2014:14:44:27 +0800] "GET /content/tmp_exh/resource_content.jsp?oid=16777789&queryType=qc HTTP/1.1" 200 40771
220.181.108.182 - - [10/Feb/2014:14:44:28 +0800] "GET /content/repository/resource_content.jsp?oid=2641443 HTTP/1.1" 200 29199
223.142.118.5 - - [10/Feb/2014:14:44:30 +0800] "GET /content/nav/relationSubject.jsp?relationWords=%E5%9C%8B%E9%9A%9B%E6%9B%B8%E5%B1%95+%E6%80%9D%E6%83%B3+%E6%96%87%E6%98%9F+%E7%9A%87%E8%BC%BF+%E9%87%8D%E6%85%B6%E5%8D%97%E8%B7%AF+&oid=16777789 HTTP/1.1" 200 5051
61.135.169.37 - - [10/Feb/2014:14:44:33 +0800] "HEAD /content/repository/resource_content.jsp?oid=2669681 HTTP/1.0" 200 -
120.14.153.17 - - [10/Feb/2014:14:44:42 +0800] "GET /content/repository/resource_content.jsp?oid=2669681 HTTP/1.1" 200 29062
120.14.153.17 - - [10/Feb/2014:14:45:02 +0800] "GET /content/nav/relationSubject.jsp?relationWords=%E5%B7%A1%E6%92%AB+&oid=2669681 HTTP/1.1" 200 3092
223.142.118.5 - - [10/Feb/2014:14:45:08 +0800] "GET /content/subject/resource_content.jsp?oid=16777360&queryType=qc HTTP/1.1" 200 44960
223.142.118.5 - - [10/Feb/2014:14:45:09 +0800] "GET /content/nav/relationSubject.jsp?relationWords=%E6%8B%93%E7%89%87+%E6%BC%A2%E4%BB%A3+&oid=16777360 HTTP/1.1" 200 4512
66.249.74.221 - - [10/Feb/2014:14:45:21 +0800] "GET /content/repository/resource_content.jsp?oid=1552813&queryString=%E4%B8%AD%E8%88%88%E8%99%9F%20%E4%BA%A4%E6%B5%81%E9%81%93%20%E5%8D%81%E4%BA%8C%E9%BB%9E%20%E9%87%8E%E9%9B%9E%E8%BB%8A%20%E9%90%B5%E5%85%AC%E8%B7%AF%20%E9%AB%98%E9%80%9F%E5%85%AC%E8%B7%AF HTTP/1.1" 200 30308
210.69.122.4 - - [10/Feb/2014:14:45:58 +0800] "GET /content/nav/relationSubject.jsp?relationWords=%E6%B8%85%E8%81%96%E7%A5%96+%E8%81%96%E7%A5%96+&oid=16777381 HTTP/1.1" 200 3977
112.105.156.155 - - [10/Feb/2014:14:47:02 +0800] "GET /content/nav/relationSubject.jsp?relationWords=%E5%B1%85%E5%BB%B6%E6%BC%A2%E7%B0%A1+%E6%A1%83%E7%AC%A6+%E6%BC%A2%E7%B0%A1+&oid=16777264 HTTP/1.1" 200 4228
60.245.46.218 - - [10/Feb/2014:14:47:21 +0800] "GET /content/nav/relationSubject.jsp?relationWords=%E7%83%8F%E5%BF%83%E7%9F%B3+%E9%B1%B8%E9%B0%BB+&oid=16777303 HTTP/1.1" 200 4012
66.249.77.195 - - [10/Feb/2014:14:47:43 +0800] "GET /content/repository/resource_content.jsp?oid=1552815&queryString=%E5%85%AC%E8%BB%8A%20%E5%B8%82%E5%BA%9C HTTP/1.1" 200 32488
211.73.184.81 - - [10/Feb/2014:14:48:01 +0800] "GET /content/subject/resource_content.jsp?oid=16777753 HTTP/1.1" 200 35850
120.14.153.17 - - [10/Feb/2014:14:49:32 +0800] "GET /content/repository/resource_content.jsp?oid=2663660&queryType=null&queryString=%E7%B8%BD%E5%85%B5%E5%AE%98 HTTP/1.1" 200 29255
120.14.153.17 - - [10/Feb/2014:14:49:39 +0800] "GET /content/nav/relationSubject.jsp?relationWords=%E5%8A%84%E4%BA%8B+%E5%B2%B3%E5%B7%9E+&oid=2663660 HTTP/1.1" 200 3148
66.249.77.195 - - [10/Feb/2014:14:49:47 +0800] "GET /content/repository/resource_content.jsp?oid=1112276 HTTP/1.1" 200 28536
66.249.74.221 - - [10/Feb/2014:14:50:07 +0800] "GET /content/repository/resource_content.jsp?oid=1553001&queryString=%E9%BA%B5%E7%B2%89 HTTP/1.1" 200 29670
111.249.254.86 - - [10/Feb/2014:14:50:19 +0800] "GET /content/nav/relationSubject.jsp?relationWords=%E6%B8%85%E4%BB%A3%E7%A7%91%E8%88%89+%E7%A7%91%E8%88%89+%E9%AD%9A%E8%BA%8D+&oid=16777536 HTTP/1.1" 200 4909
203.65.106.21 - - [10/Feb/2014:14:50:22 +0800] "GET /content/subject/resource_content.jsp?oid=16777449&queryString=%E6%B8%85%E8%81%96%E7%A5%96%20%E8%81%96%E7%A5%96 HTTP/1.1" 200 27871
203.65.106.21 - - [10/Feb/2014:14:50:23 +0800] "GET /content/nav/relationSubject.jsp?relationWords=%E6%B8%85%E8%81%96%E7%A5%96+%E8%81%96%E7%A5%96+%E8%A9%94%E6%9B%B8+&oid=16777449 HTTP/1.1" 200 3646
120.14.153.17 - - [10/Feb/2014:14:50:30 +0800] "GET /content/repository/resource_content.jsp?oid=2522180&queryType=null&queryString=%E7%B8%BD%E5%85%B5%E5%AE%98 HTTP/1.1" 200 29427
120.14.153.17 - - [10/Feb/2014:14:50:38 +0800] "GET /content/nav/relationSubject.jsp?relationWords=%E5%85%97%E5%B7%9E+%E6%95%95%E6%9B%B8+%E7%B8%BD%E5%85%B5%E5%AE%98+&oid=2522180 HTTP/1.1" 200 3198
220.142.185.230 - - [10/Feb/2014:14:52:04 +0800] "GET /content/nav/relationSubject.jsp?relationWords=%E6%B8%85%E8%81%96%E7%A5%96+%E8%81%96%E7%A5%96+&oid=16777381 HTTP/1.1" 200 3977
66.249.77.195 - - [10/Feb/2014:14:52:30 +0800] "GET /content/repository/resource_content.jsp?oid=1553196&queryString=%E5%8D%97%E6%A6%AE HTTP/1.1" 200 32021
66.249.74.221 - - [10/Feb/2014:14:54:11 +0800] "GET /content/nav/relationSubject.jsp?relationWords=%E4%BA%BA%E4%BA%8B%E5%88%B6%E5%BA%A6%20%E4%BA%BA%E5%8F%A3%E5%A3%93%E5%8A%9B%20%E5%85%AC%E8%B3%A3%E5%B1%80%20%E5%9C%9F%E5%9C%B0%E6%94%BF%E7%AD%96%20%E5%AE%98%E5%A0%B4%20%E5%AE%B5%E7%A6%81%20%E5%B8%82%E5%BA%9C%20%E5%BC%8A%E6%A1%88%20%E6%93%B4%E5%BB%BA%20%E6%9E%97%E7%A7%8B%E8%8B%B1%20%E6%AC%8A%E5%88%A9%E9%87%91%20%E6%B0%91%E6%84%8F%20%E6%B5%B7%E5%9F%94%E6%96%B0%E7%94%9F%E5%9C%B0%20%E7%A4%BE%E6%9C%83%E9%A2%A8%E6%B0%A3%20%E9%81%95%E5%BB%BA%20%E9%83%BD%E5%B8%82%E8%A8%88%E5%8A%83%20%E9%A2%A8%E6%99%AF%E5%8D%80%20&oid=1552815 HTTP/1.1" 200 6557
66.249.77.195 - - [10/Feb/2014:14:54:16 +0800] "GET /content/repository/resource_content.jsp?oid=1626374 HTTP/1.1" 200 27945
220.96.115.130 - - [10/Feb/2014:14:54:19 +0800] "GET /content/nav/relationSubject.jsp?relationWords=%E6%B8%85%E4%BB%A3%E7%A7%91%E8%88%89+%E7%A7%91%E8%88%89+%E9%AD%9A%E8%BA%8D+&oid=16777536 HTTP/1.1" 200 4909
66.249.77.195 - - [10/Feb/2014:14:54:20 +0800] "GET /content/nav/relationSubject.jsp?relationWords=%E4%BF%9D%E5%AE%89%E6%9E%97+%E5%85%AB%E6%96%97%E5%AD%90+%E5%8D%97%E6%A6%AE+%E5%A4%96%E5%8C%AF+%E5%AE%89%E6%9E%97+%E5%B7%A5%E6%A5%AD%E5%8C%96+%E6%93%B4%E5%BB%BA+%E6%94%BE%E7%A7%9F+%E6%9A%96%E6%9A%96+%E6%9E%97%E5%8B%99%E5%B1%80+%E6%9F%91%E6%A1%94+%E6%A3%AE%E6%9E%97%E6%B3%95+%E6%B0%B4%E6%BA%90%E6%B6%B5%E9%A4%8A+%E6%B3%95%E9%99%A2+%E7%A8%BB%E8%B0%B7+%E7%B3%A7%E9%A3%9F%E5%B1%80+%E7%BE%8E%E6%8F%B4+%E9%80%A0%E6%9E%97+%E9%95%B7%E5%BA%9A+%E9%99%B3%E9%95%B7%E5%BA%9A+%E9%A0%90%E7%AE%97+&oid=1553196 HTTP/1.1" 200 6751
66.249.77.195 - - [10/Feb/2014:14:54:24 +0800] "GET /content/nav/relationSubject.jsp?relationWords=%E5%B2%A9%E7%A9%B4%E8%95%A8+%E7%A8%80%E5%AD%90%E8%95%A8+%E7%A8%80%E5%AD%90%E8%95%A8%E5%B1%AC+%E8%95%A8%E5%B1%AC+&oid=1112276 HTTP/1.1" 200 3212
66.249.77.195 - - [10/Feb/2014:14:54:25 +0800] "GET /content/nav/relationSubject.jsp?relationWords=%E4%BA%BA%E5%8F%A3%E5%95%8F%E9%A1%8C+%E5%85%B1%E5%90%8C%E9%81%8B%E9%8A%B7+%E5%9C%B0%E4%B8%8B%E6%B0%B4+%E6%A9%9F%E6%A2%B0+%E6%B0%B4%E6%BA%90%E9%96%8B%E7%99%BC+%E7%95%A2%E6%A5%AD%E7%94%9F+%E8%BE%B2%E6%A5%AD%E6%A9%9F%E6%A2%B0+%E8%BE%B2%E6%A5%AD%E6%A9%9F%E6%A2%B0%E5%8C%96+%E9%AB%98%E8%81%B7+&oid=1552798 HTTP/1.1" 200 4055
66.249.77.195 - - [10/Feb/2014:14:54:25 +0800] "GET /content/nav/relationSubject.jsp?relationWords=%E7%B3%A7%E9%A3%9F%E5%B1%80+%E8%84%85%E8%BF%AB+%E8%B0%B7%E5%83%B9+%E8%B2%A1%E6%94%BF+%E8%B2%B8%E6%AC%BE+%E9%A0%90%E7%AE%97+%E9%BA%B5%E7%B2%89+&oid=1553001 HTTP/1.1" 200 5379
123.125.71.94 - - [10/Feb/2014:14:54:42 +0800] "GET /content/repository/resource_content.jsp?oid=2685556 HTTP/1.1" 200 29275
66.249.77.195 - - [10/Feb/2014:14:54:53 +0800] "GET /content/repository/resource_content.jsp?oid=1553779&queryString=%E5%81%A5%E5%BA%B7%E6%A1%88%20%E6%93%B4%E5%BB%BA%20%E9%AB%94%E8%82%B2 HTTP/1.1" 200 31817
220.96.115.130 - - [10/Feb/2014:14:55:02 +0800] "GET /content/subject/resource_content.jsp?oid=16777381&queryType=qs&queryString=%E5%B7%A5%E4%BD%9C%E5%AE%A4 HTTP/1.1" 200 36123
220.96.115.130 - - [10/Feb/2014:14:55:06 +0800] "GET /content/nav/relationSubject.jsp?relationWords=%E6%B8%85%E8%81%96%E7%A5%96+%E8%81%96%E7%A5%96+&oid=16777381 HTTP/1.1" 200 3977
220.96.115.130 - - [10/Feb/2014:14:55:18 +0800] "GET /content/subject/resource_content.jsp?oid=16777449&queryString=?????????%20?????? HTTP/1.1" 200 27871
220.96.115.130 - - [10/Feb/2014:14:55:22 +0800] "GET /content/nav/relationSubject.jsp?relationWords=%E6%B8%85%E8%81%96%E7%A5%96+%E8%81%96%E7%A5%96+%E8%A9%94%E6%9B%B8+&oid=16777449 HTTP/1.1" 200 3646
66.249.77.195 - - [10/Feb/2014:14:55:38 +0800] "GET /content/subject/resource_content.jsp?oid=16777630&queryString=%E6%A5%8A%E6%B0%B4%E5%BF%83 HTTP/1.1" 200 64014
218.166.204.246 - - [10/Feb/2014:14:55:39 +0800] "GET /content/nav/relationSubject.jsp?relationWords=%E6%B8%85%E8%81%96%E7%A5%96+%E8%81%96%E7%A5%96+&oid=16777381 HTTP/1.1" 200 3977
210.240.112.254 - - [10/Feb/2014:14:55:43 +0800] "GET /content/nav/relationSubject.jsp?relationWords=%E9%BB%91%E6%9D%BF%E6%A8%B9+&oid=16777262 HTTP/1.1" 200 3261
66.249.74.221 - - [10/Feb/2014:14:56:50 +0800] "GET /content/tmp_exh/resource_content.jsp?oid=16777711&queryType=qc HTTP/1.1" 200 25463
66.249.77.195 - - [10/Feb/2014:14:57:00 +0800] "GET /content/repository/resource_content.jsp?oid=1177060 HTTP/1.1" 200 26862
66.249.77.236 - - [10/Feb/2014:14:57:17 +0800] "GET /content/repository/resource_content.jsp?oid=2689479&queryString=%E5%8A%A9%E7%94%A2%E5%A3%AB%20%E5%A5%B3%E9%9D%92%E5%B9%B4%20%E5%B1%B1%E5%9C%B0%E9%84%89%20%E8%97%A5%E5%93%81%20%E8%A1%9B%E7%94%9F%E6%89%80%20%E8%AD%B7%E5%A3%AB%20%E8%AD%B7%E7%90%86 HTTP/1.1" 200 29566
59.124.152.172 - - [10/Feb/2014:14:57:54 +0800] "GET /content/nav/relationSubject.jsp?relationWords=%E6%B8%85%E8%81%96%E7%A5%96+%E8%81%96%E7%A5%96+&oid=16777381 HTTP/1.1" 200 3977
210.240.33.234 - - [10/Feb/2014:14:58:41 +0800] "GET /content/nav/relationSubject.jsp?relationWords=%E6%AA%AC%E6%9E%9C+%E6%B5%B7%E6%AA%AC%E6%9E%9C+&oid=16777376 HTTP/1.1" 200 4466
66.249.74.221 - - [10/Feb/2014:14:59:40 +0800] "GET /content/repository/resource_content.jsp?oid=1553779&queryString=%E5%B0%88%E7%A7%91%20%E8%81%B7%E6%A0%A1 HTTP/1.1" 200 31701
118.166.122.121 - - [10/Feb/2014:15:00:42 +0800] "GET /content/nav/relationSubject.jsp?relationWords=%E6%B8%85%E8%81%96%E7%A5%96+%E8%81%96%E7%A5%96+&oid=16777381 HTTP/1.1" 200 3977
66.249.77.195 - - [10/Feb/2014:15:02:03 +0800] "GET /content/repository/resource_content.jsp?oid=1553779&queryString=%E6%93%B4%E5%BB%BA%20%E6%9D%B1%E8%BE%B2%20%E7%B6%AD%E6%B0%91 HTTP/1.1" 200 31817
210.240.112.254 - - [10/Feb/2014:15:03:12 +0800] "GET /content/nav/relationSubject.jsp?relationWords=%E9%BB%91%E6%9D%BF%E6%A8%B9+&oid=16777262 HTTP/1.1" 200 3261
5.10.83.103 - - [10/Feb/2014:15:03:26 +0800] "GET /content/subject/resource_content.jsp?oid=16777284&queryType=qc HTTP/1.1" 200 35955
211.76.155.12 - - [10/Feb/2014:15:03:42 +0800] "GET /content/repository/resource_content.jsp?oid=1609851 HTTP/1.1" 200 28035
211.76.155.12 - - [10/Feb/2014:15:03:50 +0800] "GET /content/nav/relationSubject.jsp?relationWords=%E5%88%A9%E7%8E%87+%E8%B2%B8%E6%AC%BE+&oid=1609851 HTTP/1.1" 200 4538
66.249.77.236 - - [10/Feb/2014:15:04:00 +0800] "GET /content/subject/resource_content.jsp?oid=16777271&queryType=qc HTTP/1.1" 200 28211
66.249.74.221 - - [10/Feb/2014:15:04:27 +0800] "GET /content/repository/resource_content.jsp?oid=1553786&queryString=%E4%B9%9D%E5%B9%B4%E4%B8%80%E8%B2%AB%20%E5%9C%8B%E6%B0%91%E6%95%99%E8%82%B2 HTTP/1.1" 200 29914
66.249.77.236 - - [10/Feb/2014:15:06:05 +0800] "GET /content/nav/relationSubject.jsp?relationWords=%E5%B7%A1%E6%92%AB+%E8%AD%B7%E7%90%86+&oid=2689479 HTTP/1.1" 200 4002
66.249.77.195 - - [10/Feb/2014:15:06:11 +0800] "GET /content/nav/relationSubject.jsp?relationWords=%E6%B1%A1%E6%B0%B4%E8%99%95%E7%90%86+%E6%B1%A1%E6%B0%B4%E8%99%95%E7%90%86%E5%A0%B4+&oid=1626374 HTTP/1.1" 200 6023
66.249.74.162 - - [10/Feb/2014:15:06:12 +0800] "GET /content/nav/relationSubject.jsp?relationWords=%E5%B7%A1%E6%92%AB%20%E8%AD%B7%E7%90%86%20&oid=2689479 HTTP/1.1" 200 4002
114.43.103.75 - - [10/Feb/2014:15:06:47 +0800] "GET /content/nav/relationSubject.jsp?relationWords=%E8%BF%91%E4%BB%A3%E5%8F%B2+&oid=16777498 HTTP/1.1" 200 7298
66.249.77.236 - - [10/Feb/2014:15:06:50 +0800] "GET /content/repository/resource_content.jsp?oid=4354074&queryString=%E5%8A%A9%E7%94%A2%E5%A3%AB%20%E5%A5%B3%E9%9D%92%E5%B9%B4%20%E5%B1%B1%E5%9C%B0%E9%84%89%20%E8%97%A5%E5%93%81%20%E8%A1%9B%E7%94%9F%E6%89%80%20%E8%AD%B7%E5%A3%AB%20%E8%AD%B7%E7%90%86 HTTP/1.1" 200 34535
140.109.16.165 - - [10/Feb/2014:15:07:36 +0800] "GET /content/subject/resource_content.jsp?oid=16777753 HTTP/1.0" 200 35806
140.109.16.165 - - [10/Feb/2014:15:07:37 +0800] "GET /content/subject/resource_content.jsp?oid=16777750 HTTP/1.0" 200 32439
140.109.16.165 - - [10/Feb/2014:15:07:38 +0800] "GET /content/subject/resource_content.jsp?oid=16777751 HTTP/1.0" 200 32592
140.109.16.165 - - [10/Feb/2014:15:07:41 +0800] "GET /content/subject/resource_content.jsp?oid=16777748 HTTP/1.0" 200 38687
117.56.243.229 - - [10/Feb/2014:15:07:41 +0800] "GET /content/nav/relationSubject.jsp?relationWords=%E5%8F%B0%E7%81%A3%E6%AC%92%E6%A8%B9+%E6%AC%92%E6%A8%B9+%E8%8B%A6%E8%8B%93+%E8%8B%A6%E8%8B%93%E8%88%85+&oid=16777254 HTTP/1.1" 200 4391
114.43.103.75 - - [10/Feb/2014:15:07:54 +0800] "GET /content/subject/resource_content.jsp?oid=16777749&queryType=qc HTTP/1.1" 200 40261
114.43.103.75 - - [10/Feb/2014:15:07:55 +0800] "GET /content/nav/relationSubject.jsp?relationWords=%E5%82%85%E6%96%AF%E5%B9%B4+%E5%9F%8E%E5%AD%90%E5%B4%96+%E6%A2%81%E5%95%9F%E8%B6%85+%E6%A2%81%E6%80%9D%E6%B0%B8+%E9%BE%8D%E5%B1%B1%E6%96%87%E5%8C%96+&oid=16777749 HTTP/1.1" 200 4710
210.240.33.234 - - [10/Feb/2014:15:07:55 +0800] "GET /content/nav/relationSubject.jsp?relationWords=%E6%AA%AC%E6%9E%9C+%E8%8A%92%E6%9E%9C+&oid=16777508 HTTP/1.1" 200 4387
163.23.68.62 - - [10/Feb/2014:15:09:10 +0800] "GET /content/nav/relationSubject.jsp?relationWords=%E8%96%9C%E8%8D%94+&oid=16777485 HTTP/1.1" 200 3569
66.249.77.195 - - [10/Feb/2014:15:09:13 +0800] "GET /content/repository/resource_content.jsp?oid=1553794&queryString=%E6%80%9D%E6%83%B3%20%E6%B0%91%E9%98%B2%20%E6%B6%88%E9%98%B2%20%E8%AD%A6%E5%AF%9F HTTP/1.1" 200 31295
163.23.68.62 - - [10/Feb/2014:15:09:52 +0800] "GET /content/nav/relationSubject.jsp?relationWords=%E8%96%9C%E8%8D%94+&oid=16777485 HTTP/1.1" 200 3569
114.43.103.75 - - [10/Feb/2014:15:10:33 +0800] "GET /content/repository/resource_content.jsp?oid=1835011&queryString=????????%20?????????%20?????????%20???????X?%20?????????? HTTP/1.1" 200 29834
114.43.103.75 - - [10/Feb/2014:15:10:33 +0800] "GET /content/nav/relationSubject.jsp?relationWords=%E5%9F%8E%E5%AD%90%E5%B4%96+&oid=1835011 HTTP/1.1" 200 1898
114.43.103.75 - - [10/Feb/2014:15:10:44 +0800] "GET /content/repository/resource_content.jsp?oid=1515392&queryString=????????%20?????????%20?????????%20???????X?%20?????????? HTTP/1.1" 200 28328
114.43.103.75 - - [10/Feb/2014:15:10:44 +0800] "GET /content/nav/relationSubject.jsp?relationWords=%E5%82%85%E6%96%AF%E5%B9%B4+%E5%8F%83%E8%AD%B0%E6%9C%83+%E5%8F%B0%E7%81%A3%E5%A4%A7%E5%AD%B8+%E5%8F%B0%E7%81%A3%E7%9C%81+%E5%8F%B0%E7%81%A3%E7%9C%81%E4%B8%BB%E5%B8%AD+%E8%83%A1%E9%81%A9+%E8%83%A1%E9%81%A9%E4%B9%8B+%E8%BD%89%E8%83%A1+%E9%81%A9%E4%B9%8B+%E9%99%B3%E8%AA%A0+&oid=1515392 HTTP/1.1" 200 5194
66.249.77.195 - - [10/Feb/2014:15:11:22 +0800] "GET /content/repository/resource_content.jsp?oid=1527757 HTTP/1.1" 200 28081
66.249.77.195 - - [10/Feb/2014:15:11:36 +0800] "GET /content/repository/resource_content.jsp?oid=1553794&queryString=%E6%87%89%E5%8F%AC%E5%A5%B3%20%E6%87%89%E5%8F%AC%E5%A5%B3%E9%83%8E%20%E8%AD%A6%E5%AF%9F HTTP/1.1" 200 31295
114.43.103.75 - - [10/Feb/2014:15:11:41 +0800] "GET /content/repository/resource_content.jsp?oid=4364539&queryString=????????%20?????X???%20??X????????%20??X??????%20??X????????????%20??????%20?????????%20??????%20??????%20?????? HTTP/1.1" 200 29600
114.43.103.75 - - [10/Feb/2014:15:11:41 +0800] "GET /content/nav/relationSubject.jsp?relationWords=%E5%87%8C%E7%B4%94%E8%81%B2+%E5%8F%B0%E7%81%A3%E5%A4%A7%E5%AD%B8+%E5%A5%91%E7%B4%84%E6%96%87%E6%9B%B8+%E8%81%98%E6%9B%B8+&oid=4364539 HTTP/1.1" 200 3262
66.249.77.195 - - [10/Feb/2014:15:11:54 +0800] "GET /content/subject/resource_content.jsp?oid=16777512&queryType=qc HTTP/1.1" 200 33533
66.249.74.162 - - [10/Feb/2014:15:12:00 +0800] "GET /content/subject/resource_content.jsp?oid=16777318&queryType=qc HTTP/1.1" 200 22742
114.43.103.75 - - [10/Feb/2014:15:12:14 +0800] "GET /content/repository/resource_content.jsp?oid=4364540&queryString=????????%20?????X???%20??X????????%20??X??????%20??X????????????%20??????%20?????????%20??????%20??????%20?????? HTTP/1.1" 200 29713
114.43.103.75 - - [10/Feb/2014:15:12:14 +0800] "GET /content/nav/relationSubject.jsp?relationWords=%E5%87%8C%E7%B4%94%E8%81%B2+%E5%8F%B0%E7%81%A3%E5%A4%A7%E5%AD%B8+%E5%A5%91%E7%B4%84%E6%96%87%E6%9B%B8+%E8%81%98%E6%9B%B8+&oid=4364540 HTTP/1.1" 200 3262
101.226.168.209 - - [10/Feb/2014:15:12:28 +0800] "GET /content/subject/resource_content.jsp?oid=16777604&queryType=qc HTTP/1.1" 200 58763
114.43.103.75 - - [10/Feb/2014:15:12:44 +0800] "GET /content/repository/resource_content.jsp?oid=4364541&queryString=????????%20?????X???%20??X????????%20??X??????%20??X????????????%20??????%20?????????%20??????%20??????%20?????? HTTP/1.1" 200 29544
114.43.103.75 - - [10/Feb/2014:15:12:45 +0800] "GET /content/nav/relationSubject.jsp?relationWords=%E5%87%8C%E7%B4%94%E8%81%B2+%E5%8F%B0%E7%81%A3%E5%A4%A7%E5%AD%B8+%E5%A5%91%E7%B4%84%E6%96%87%E6%9B%B8+%E8%81%98%E6%9B%B8+&oid=4364541 HTTP/1.1" 200 3262
114.43.103.75 - - [10/Feb/2014:15:13:26 +0800] "GET /content/repository/resource_content.jsp?oid=4364542&queryString=????????%20?????X???%20??X????????%20??X??????%20??X????????????%20??????%20?????????%20??????%20??????%20?????? HTTP/1.1" 200 29556
114.43.103.75 - - [10/Feb/2014:15:13:26 +0800] "GET /content/nav/relationSubject.jsp?relationWords=%E5%87%8C%E7%B4%94%E8%81%B2+%E5%8F%B0%E7%81%A3%E5%A4%A7%E5%AD%B8+%E5%A5%91%E7%B4%84%E6%96%87%E6%9B%B8+%E8%81%98%E6%9B%B8+&oid=4364542 HTTP/1.1" 200 3262
114.43.103.75 - - [10/Feb/2014:15:13:41 +0800] "GET /content/subject/resource_content.jsp?oid=16777729&queryString=????????%20?????X???%20??X????????%20??X??????%20??X????????????%20??????%20?????????%20??????%20??????%20?????? HTTP/1.1" 200 54069
114.43.103.75 - - [10/Feb/2014:15:13:41 +0800] "GET /content/nav/relationSubject.jsp?relationWords=%E8%83%A1%E9%81%A9+&oid=16777729 HTTP/1.1" 200 4912
