66.249.74.98 - - [15/Nov/2015:05:00:32 +0800] "GET /content/nav/relationSubject.jsp?relationWords=%E6%8B%93%E7%89%87%20%E7%94%B2%E9%AA%A8%E6%96%87%20&oid=3351664 HTTP/1.1" 200 4578
66.249.71.64 - - [15/Nov/2015:05:00:33 +0800] "GET /content/repository/resource_content.jsp?oid=206590 HTTP/1.1" 200 30443
66.249.74.98 - - [15/Nov/2015:05:00:36 +0800] "GET /content/nav/relationSubject.jsp?relationWords=%E9%80%83%E4%BF%98+&oid=738480 HTTP/1.1" 200 2992
66.249.71.60 - - [15/Nov/2015:05:00:38 +0800] "GET /content/nav/relationSubject.jsp?relationWords=%E9%80%83%E4%BF%98%20&oid=738480 HTTP/1.1" 200 2992
66.249.74.98 - - [15/Nov/2015:05:01:17 +0800] "GET /content/repository/resource_content.jsp?oid=1852260 HTTP/1.1" 200 29704
66.249.71.64 - - [15/Nov/2015:05:01:59 +0800] "GET /content/repository/resource_content.jsp?oid=207808 HTTP/1.1" 200 30452
66.249.71.64 - - [15/Nov/2015:05:02:42 +0800] "GET /content/repository/resource_content.jsp?oid=2518731 HTTP/1.1" 200 30131
61.135.189.96 - - [15/Nov/2015:05:02:47 +0800] "GET /digiarch3/content/subject/resource_content.jsp?oid=16777709&queryType=qc> HTTP/1.1" 200 27616
61.135.189.96 - - [15/Nov/2015:05:02:58 +0800] "GET /digiarch3/content/subject/resource_content.jsp?oid=16777697&queryType=qc HTTP/1.1" 200 27611
61.135.189.96 - - [15/Nov/2015:05:03:11 +0800] "GET /digiarch3/content/tmp_exh/resource_content.jsp?oid=16777686&queryType=qc HTTP/1.1" 200 29152
66.249.74.102 - - [15/Nov/2015:05:03:26 +0800] "GET /content/repository/resource_content.jsp?oid=2632851 HTTP/1.1" 200 29070
61.135.189.96 - - [15/Nov/2015:05:03:36 +0800] "GET /digiarch3/content/tmp_auth/resource_content.jsp?oid=16777410 HTTP/1.1" 200 25396
61.135.189.96 - - [15/Nov/2015:05:03:50 +0800] "GET /digiarch3/content/subject/resource_content.jsp?oid=16777699&queryType=qc HTTP/1.1" 200 54148
66.249.71.60 - - [15/Nov/2015:05:03:55 +0800] "GET /content/nav/relationSubject.jsp?relationWords=%E5%B1%85%E5%BB%B6%E6%BC%A2%E7%B0%A1+&oid=284954 HTTP/1.1" 200 1418
66.249.71.60 - - [15/Nov/2015:05:03:56 +0800] "GET /content/nav/relationSubject.jsp?relationWords=%E5%B1%85%E5%BB%B6%E6%BC%A2%E7%B0%A1%20&oid=284954 HTTP/1.1" 200 1418
61.135.189.96 - - [15/Nov/2015:05:04:04 +0800] "GET /digiarch3/content/tmp_tec/resource_content.jsp?oid=16777717 HTTP/1.1" 200 30966
66.249.74.98 - - [15/Nov/2015:05:04:08 +0800] "GET /content/repository/resource_content.jsp?oid=217437 HTTP/1.1" 200 30639
66.249.74.100 - - [15/Nov/2015:05:04:15 +0800] "GET /content/repository/resource_content.jsp?oid=674609 HTTP/1.1" 200 28982
66.249.71.60 - - [15/Nov/2015:05:04:16 +0800] "GET /content/nav/relationSubject.jsp?relationWords=%E5%B0%8F%E8%91%89%E8%83%A1%E9%A0%B9%E5%AD%90+%E6%A4%8D%E7%89%A9%E7%95%8C+%E8%83%A1%E9%A0%B9%E5%AD%90+%E8%83%A1%E9%A0%B9%E5%AD%90%E5%B1%AC+%E9%BC%A0%E6%9D%8E+&oid=1106123 HTTP/1.1" 200 3401
61.135.189.96 - - [15/Nov/2015:05:04:16 +0800] "GET /digiarch3/content/subject/resource_content.jsp?oid=16777452&queryType=qc HTTP/1.1" 200 33290
66.249.74.98 - - [15/Nov/2015:05:04:19 +0800] "GET /content/nav/relationSubject.jsp?relationWords=%E5%B0%8F%E8%91%89%E8%83%A1%E9%A0%B9%E5%AD%90%20%E6%A4%8D%E7%89%A9%E7%95%8C%20%E8%83%A1%E9%A0%B9%E5%AD%90%20%E8%83%A1%E9%A0%B9%E5%AD%90%E5%B1%AC%20%E9%BC%A0%E6%9D%8E%20&oid=1106123 HTTP/1.1" 200 3401
66.249.74.102 - - [15/Nov/2015:05:04:51 +0800] "GET /content/repository/resource_content.jsp?oid=1877139 HTTP/1.1" 200 29329
66.249.71.72 - - [15/Nov/2015:05:05:33 +0800] "GET /content/nav/relationSubject.jsp?relationWords=%E9%99%B8%E6%B8%AC%E5%9C%96+%E9%A4%98%E6%9D%AD+&oid=221938 HTTP/1.1" 200 3138
66.249.74.100 - - [15/Nov/2015:05:05:34 +0800] "GET /content/repository/resource_content.jsp?oid=1103683 HTTP/1.1" 200 30952
66.249.71.60 - - [15/Nov/2015:05:05:35 +0800] "GET /content/nav/relationSubject.jsp?relationWords=%E9%99%B8%E6%B8%AC%E5%9C%96%20%E9%A4%98%E6%9D%AD%20&oid=221938 HTTP/1.1" 200 3138
66.249.71.60 - - [15/Nov/2015:05:05:46 +0800] "GET /content/nav/relationSubject.jsp?relationWords=%E7%9F%B3%E9%A6%96%E9%AD%9A%E7%A7%91+%E9%AE%B8%E9%AD%9A+&oid=21805 HTTP/1.1" 200 3286
66.249.71.60 - - [15/Nov/2015:05:05:47 +0800] "GET /content/nav/relationSubject.jsp?relationWords=%E7%9F%B3%E9%A6%96%E9%AD%9A%E7%A7%91%20%E9%AE%B8%E9%AD%9A%20&oid=21805 HTTP/1.1" 200 3286
66.249.71.60 - - [15/Nov/2015:05:06:17 +0800] "GET /content/repository/resource_content.jsp?oid=207938 HTTP/1.1" 200 30452
66.249.71.60 - - [15/Nov/2015:05:06:35 +0800] "GET /content/nav/relationSubject.jsp?relationWords=%E9%99%B8%E6%B8%AC%E5%9C%96+&oid=217437 HTTP/1.1" 200 3079
66.249.71.60 - - [15/Nov/2015:05:06:37 +0800] "GET /content/nav/relationSubject.jsp?relationWords=%E9%99%B8%E6%B8%AC%E5%9C%96%20&oid=217437 HTTP/1.1" 200 3079
66.249.71.60 - - [15/Nov/2015:05:07:12 +0800] "GET /content/nav/relationSubject.jsp?relationWords=%E4%BA%BA%E5%90%8D%E6%AC%8A%E5%A8%81+%E4%BF%84%E8%92%99+%E6%B2%88%E5%B4%87+%E8%8E%AB%E6%96%AF%E7%A7%91+&oid=674609 HTTP/1.1" 200 3241
66.249.71.60 - - [15/Nov/2015:05:07:14 +0800] "GET /content/nav/relationSubject.jsp?relationWords=%E4%BA%BA%E5%90%8D%E6%AC%8A%E5%A8%81%20%E4%BF%84%E8%92%99%20%E6%B2%88%E5%B4%87%20%E8%8E%AB%E6%96%AF%E7%A7%91%20&oid=674609 HTTP/1.1" 200 3241
66.249.71.64 - - [15/Nov/2015:05:08:25 +0800] "GET /content/repository/resource_content.jsp?oid=1557877 HTTP/1.1" 200 29081
66.249.71.60 - - [15/Nov/2015:05:09:08 +0800] "GET /content/repository/resource_content.jsp?oid=2661263 HTTP/1.1" 200 30076
66.249.71.72 - - [15/Nov/2015:05:09:09 +0800] "GET /content/nav/relationSubject.jsp?relationWords=%E7%A0%B2%E5%BD%88%E5%BD%A2%E7%9F%B3%E5%99%A8+&oid=1877139 HTTP/1.1" 200 3044
66.249.71.60 - - [15/Nov/2015:05:09:11 +0800] "GET /content/nav/relationSubject.jsp?relationWords=%E7%A0%B2%E5%BD%88%E5%BD%A2%E7%9F%B3%E5%99%A8%20&oid=1877139 HTTP/1.1" 200 3044
66.249.71.60 - - [15/Nov/2015:05:09:15 +0800] "GET /content/nav/relationSubject.jsp?relationWords=%E5%B0%8F%E8%98%97%E5%B1%AC+%E6%A4%8D%E7%89%A9%E7%95%8C+%E6%AF%9B%E8%8C%9B+%E7%8E%89%E5%B1%B1%E5%B0%8F%E8%98%97+&oid=1110322 HTTP/1.1" 200 3329
66.249.71.60 - - [15/Nov/2015:05:09:17 +0800] "GET /content/nav/relationSubject.jsp?relationWords=%E5%B0%8F%E8%98%97%E5%B1%AC%20%E6%A4%8D%E7%89%A9%E7%95%8C%20%E6%AF%9B%E8%8C%9B%20%E7%8E%89%E5%B1%B1%E5%B0%8F%E8%98%97%20&oid=1110322 HTTP/1.1" 200 3329
140.127.11.39 - - [15/Nov/2015:05:09:41 +0800] "GET /content/repository/resource_content.jsp?oid=3812660&queryString=%E6%9C%A8%E8%8D%B7%20%E6%9C%A8%E8%8D%B7%E5%B1%AC HTTP/1.1" 200 31005
140.127.11.39 - - [15/Nov/2015:05:09:42 +0800] "GET /content/nav/relationSubject.jsp?relationWords=%E6%9C%A8%E8%8D%B7%E5%B1%AC+%E6%A4%8D%E7%89%A9%E7%95%8C+%E6%B8%AF%E5%8F%A3%E6%9C%A8%E8%8D%B7+&oid=3812660 HTTP/1.1" 200 3180
66.249.71.64 - - [15/Nov/2015:05:09:43 +0800] "GET /content/nav/relationSubject.jsp?relationWords=%E4%B8%AD%E5%9C%8B%E5%A4%A7%E9%99%B8%E5%9C%B0%E5%9C%96+%E5%A1%98%E9%9B%86+&oid=207938 HTTP/1.1" 200 3290
66.249.71.60 - - [15/Nov/2015:05:09:44 +0800] "GET /content/nav/relationSubject.jsp?relationWords=%E4%B8%AD%E5%9C%8B%E5%A4%A7%E9%99%B8%E5%9C%B0%E5%9C%96%20%E5%A1%98%E9%9B%86%20&oid=207938 HTTP/1.1" 200 3290
66.249.71.60 - - [15/Nov/2015:05:09:51 +0800] "GET /content/repository/resource_content.jsp?oid=1457797 HTTP/1.1" 200 30992
61.135.189.96 - - [15/Nov/2015:05:09:56 +0800] "GET /digiarch2/content/repository/resource_content.jsp?oid=174242&queryType=qc HTTP/1.1" 200 10089
61.135.189.96 - - [15/Nov/2015:05:10:08 +0800] "GET /digiarch2/content/repository/resource_content.jsp?oid=1095090&queryType=qc HTTP/1.1" 200 10027
66.249.71.60 - - [15/Nov/2015:05:10:13 +0800] "GET /content/nav/relationSubject.jsp?relationWords=%E5%B7%A1%E6%92%AB+%E7%B3%A7%E4%BA%8B+%E9%8C%A2%E7%B3%A7+&oid=2521042 HTTP/1.1" 200 5360
66.249.71.60 - - [15/Nov/2015:05:10:15 +0800] "GET /content/nav/relationSubject.jsp?relationWords=%E5%B7%A1%E6%92%AB%20%E7%B3%A7%E4%BA%8B%20%E9%8C%A2%E7%B3%A7%20&oid=2521042 HTTP/1.1" 200 5360
61.135.189.96 - - [15/Nov/2015:05:10:34 +0800] "GET /digiarch3/content/pictures/picture_content.jsp?oid=33554838&queryType=qc HTTP/1.1" 200 28020
61.135.189.96 - - [15/Nov/2015:05:10:46 +0800] "GET /digiarch/content/repository/resource_content.jsp?oid=2627282 HTTP/1.1" 404 14873
157.55.39.166 - - [15/Nov/2015:05:11:09 +0800] "GET /content/pictures/picture_content.jsp?oid=33554860&queryType=qc HTTP/1.1" 200 27875
157.55.39.166 - - [15/Nov/2015:05:11:10 +0800] "GET /content/subject/resource_content.jsp?oid=16777332&queryType=qc HTTP/1.1" 200 32794
157.55.39.166 - - [15/Nov/2015:05:11:11 +0800] "GET /content/subject/resource_content.jsp?oid=16777633&queryType=qc HTTP/1.1" 200 56614
157.55.39.166 - - [15/Nov/2015:05:11:12 +0800] "GET /content/subject/resource_content.jsp?oid=16777766&queryType=qc HTTP/1.1" 200 50598
157.55.39.166 - - [15/Nov/2015:05:11:12 +0800] "GET /content/subject/resource_content.jsp?oid=16797240&queryType=qc HTTP/1.1" 200 42457
157.55.39.166 - - [15/Nov/2015:05:11:13 +0800] "GET /content/subject/resource_content.jsp?oid=16797244&queryType=qc HTTP/1.1" 200 50439
157.55.39.166 - - [15/Nov/2015:05:11:14 +0800] "GET /content/repository/resource_content.jsp?oid=1522392&queryType=qs&queryString=%E6%96%B0%E6%B5%A6 HTTP/1.1" 200 28884
157.55.39.166 - - [15/Nov/2015:05:11:15 +0800] "GET /content/repository/resource_content.jsp?oid=1579133&queryString=%E5%BB%A3%E6%92%AD%20%E5%BB%A3%E6%92%AD%E9%9B%BB%E5%8F%B0%20%E6%95%99%E8%82%B2%E5%BB%A3%E6%92%AD%E9%9B%BB%E5%8F%B0 HTTP/1.1" 200 29424
157.55.39.166 - - [15/Nov/2015:05:11:16 +0800] "GET /content/repository/resource_content.jsp?oid=1598717&queryString=%E5%BB%A3%E6%92%AD%20%E5%BB%A3%E6%92%AD%E9%9B%BB%E5%8F%B0%20%E6%95%99%E8%82%B2%E5%BB%A3%E6%92%AD%E9%9B%BB%E5%8F%B0 HTTP/1.1" 200 47206
66.249.71.60 - - [15/Nov/2015:05:11:19 +0800] "GET /content/repository/resource_content.jsp?oid=1461383 HTTP/1.1" 200 30817
157.55.39.219 - - [15/Nov/2015:05:11:28 +0800] "GET /content/repository/resource_content.jsp?oid=16343&queryType=qs&queryString=%E8%83%B8%E7%94%B2 HTTP/1.1" 200 35386
157.55.39.219 - - [15/Nov/2015:05:11:30 +0800] "GET /content/pictures/picture_content.jsp?oid=33554733 HTTP/1.1" 200 27961
157.55.39.219 - - [15/Nov/2015:05:11:31 +0800] "GET /content/subject/resource_content.jsp?oid=16777467&queryType=qc HTTP/1.1" 200 70791
157.55.39.219 - - [15/Nov/2015:05:11:32 +0800] "GET /content/subject/resource_content.jsp?oid=16777764&queryType=qc HTTP/1.1" 200 40788
157.55.39.219 - - [15/Nov/2015:05:11:33 +0800] "GET /content/subject/resource_content.jsp?oid=16777783&queryType=qc HTTP/1.1" 200 58240
157.55.39.219 - - [15/Nov/2015:05:11:34 +0800] "GET /content/subject/resource_content.jsp?oid=16797260&queryType=qc HTTP/1.1" 200 47338
157.55.39.219 - - [15/Nov/2015:05:11:35 +0800] "GET /content/subject/resource_content.jsp?oid=16797290&queryType=qc HTTP/1.1" 200 48344
157.55.39.219 - - [15/Nov/2015:05:11:35 +0800] "GET /content/tmp_tec/resource_content.jsp?oid=16777705 HTTP/1.1" 200 26762
157.55.39.219 - - [15/Nov/2015:05:11:37 +0800] "GET /content/repository/resource_content.jsp?oid=1566972&queryString=%E5%BB%A3%E6%92%AD%20%E5%BB%A3%E6%92%AD%E9%9B%BB%E5%8F%B0%20%E6%95%99%E8%82%B2%E5%BB%A3%E6%92%AD%E9%9B%BB%E5%8F%B0 HTTP/1.1" 200 31503
157.55.39.171 - - [15/Nov/2015:05:11:49 +0800] "GET /content/subject/resource_content.jsp?oid=16777488&queryType=qc HTTP/1.1" 200 60892
157.55.39.171 - - [15/Nov/2015:05:11:50 +0800] "GET /content/subject/resource_content.jsp?oid=16777715&queryType=qc HTTP/1.1" 200 34776
157.55.39.171 - - [15/Nov/2015:05:11:51 +0800] "GET /content/subject/resource_content.jsp?oid=16797245&queryType=qc HTTP/1.1" 200 48119
157.55.39.171 - - [15/Nov/2015:05:11:52 +0800] "GET /content/subject/resource_content.jsp?oid=16797256&queryType=qc HTTP/1.1" 200 45233
157.55.39.171 - - [15/Nov/2015:05:11:53 +0800] "GET /content/subject/resource_content.jsp?oid=16797297&queryType=qc HTTP/1.1" 200 67885
157.55.39.171 - - [15/Nov/2015:05:11:54 +0800] "GET /content/subject/resource_content.jsp?oid=16797340&queryType=qc HTTP/1.1" 200 63034
157.55.39.171 - - [15/Nov/2015:05:11:55 +0800] "GET /content/repository/resource_content.jsp?oid=1776120&queryType=qs&queryString=%E5%9C%8B%E8%AA%9E%E7%A7%91 HTTP/1.1" 200 48009
157.55.39.163 - - [15/Nov/2015:05:12:09 +0800] "GET /content/subject/resource_content.jsp?oid=16797295&queryType=qc HTTP/1.1" 200 66252
157.55.39.163 - - [15/Nov/2015:05:12:10 +0800] "GET /content/subject/resource_content.jsp?oid=16777496&queryType=qc HTTP/1.1" 200 53150
157.55.39.163 - - [15/Nov/2015:05:12:11 +0800] "GET /content/subject/resource_content.jsp?oid=16777660&queryType=qc HTTP/1.1" 200 70774
157.55.39.163 - - [15/Nov/2015:05:12:12 +0800] "GET /content/subject/resource_content.jsp?oid=16797291&queryType=qc HTTP/1.1" 200 51026
157.55.39.163 - - [15/Nov/2015:05:12:12 +0800] "GET /content/tmp_tec/resource_content.jsp?oid=16777724 HTTP/1.1" 200 26087
157.55.39.163 - - [15/Nov/2015:05:12:13 +0800] "GET /content/repository/resource_content.jsp?oid=1550853&queryString=%E5%BB%A3%E6%92%AD%20%E5%BB%A3%E6%92%AD%E9%9B%BB%E5%8F%B0%20%E6%95%99%E8%82%B2%E5%BB%A3%E6%92%AD%E9%9B%BB%E5%8F%B0 HTTP/1.1" 200 29584
140.127.11.39 - - [15/Nov/2015:05:12:28 +0800] "GET /content/repository/resource_content.jsp?oid=3818192&queryType=null&queryString=%E5%B0%8F%E8%91%89%E8%B5%A4%E6%A5%A0 HTTP/1.1" 200 31315
140.127.11.39 - - [15/Nov/2015:05:12:28 +0800] "GET /content/nav/relationSubject.jsp?relationWords=%E5%B0%8F%E8%91%89%E8%B5%A4%E6%A5%A0+%E6%A1%83%E9%87%91%E5%AD%83+%E6%A1%83%E9%87%91%E5%AD%83%E7%A7%91+%E6%A4%8D%E7%89%A9%E7%95%8C+%E8%B5%A4%E6%A5%A0%E5%B1%AC+&oid=3818192 HTTP/1.1" 200 3408
68.180.228.24 - - [15/Nov/2015:05:14:32 +0800] "GET /content/subject/resource_content.jsp?oid=16777839&queryType=qc> HTTP/1.1" 200 27190
66.249.71.60 - - [15/Nov/2015:05:14:32 +0800] "GET /content/nav/relationSubject.jsp?relationWords=&oid=1852260 HTTP/1.1" 200 1405
66.249.71.60 - - [15/Nov/2015:05:14:41 +0800] "GET /content/nav/relationSubject.jsp?relationWords=%E9%AA%A8%E7%AE%AD%E9%A0%AD+&oid=1860839 HTTP/1.1" 200 2990
66.249.74.98 - - [15/Nov/2015:05:14:43 +0800] "GET /content/nav/relationSubject.jsp?relationWords=%E9%AA%A8%E7%AE%AD%E9%A0%AD%20&oid=1860839 HTTP/1.1" 200 2990
66.249.71.60 - - [15/Nov/2015:05:14:49 +0800] "GET /content/nav/relationSubject.jsp?relationWords=&oid=2564019 HTTP/1.1" 200 1405
66.249.74.98 - - [15/Nov/2015:05:15:00 +0800] "GET /content/nav/relationSubject.jsp?relationWords=%E7%9B%A3%E7%8A%AF%E7%97%85+&oid=2524567 HTTP/1.1" 200 3066
66.249.71.60 - - [15/Nov/2015:05:15:02 +0800] "GET /content/nav/relationSubject.jsp?relationWords=%E7%9B%A3%E7%8A%AF%E7%97%85%20&oid=2524567 HTTP/1.1" 200 3066
66.249.71.121 - - [15/Nov/2015:05:15:11 +0800] "GET /content/nav/relationSubject.jsp?relationWords=%E5%B7%B4%E5%89%87%E6%B5%B7%E6%97%8F+%E5%B9%B3%E5%9F%94%E6%97%8F+&oid=1775225 HTTP/1.1" 200 3110
66.249.71.105 - - [15/Nov/2015:05:15:13 +0800] "GET /content/nav/relationSubject.jsp?relationWords=%E5%B7%B4%E5%89%87%E6%B5%B7%E6%97%8F%20%E5%B9%B3%E5%9F%94%E6%97%8F%20&oid=1775225 HTTP/1.1" 200 3110
66.249.71.60 - - [15/Nov/2015:05:15:53 +0800] "GET /content/nav/relationSubject.jsp?relationWords=&oid=2531903 HTTP/1.1" 200 1405
66.249.71.60 - - [15/Nov/2015:05:16:22 +0800] "GET /content/nav/relationSubject.jsp?relationWords=&oid=1808400 HTTP/1.1" 200 1405
68.180.228.24 - - [15/Nov/2015:05:17:02 +0800] "GET /content/subject/resource_content.jsp?oid=16777532&queryType=qc HTTP/1.1" 200 34705
66.249.71.72 - - [15/Nov/2015:05:17:13 +0800] "GET /content/nav/relationSubject.jsp?relationWords=&oid=764284 HTTP/1.1" 200 1405
66.249.77.85 - - [15/Nov/2015:05:18:24 +0800] "GET /content/repository/resource_content.jsp?oid=2147913&queryString=%E5%B0%8F%E8%91%89%E7%BE%85%E6%BC%A2%E6%9D%BE%20%E6%9D%BE%E6%9D%89%20%E6%9D%BE%E7%A7%91%20%E6%A4%8D%E7%89%A9%E7%95%8C%20%E6%AF%AC%E6%9E%9C%20%E7%BE%85%E6%BC%A2%E6%9D%BE%20%E7%BE%85%E6%BC%A2%E6%9D%BE%E5%B1%AC HTTP/1.1" 200 31579
66.249.71.60 - - [15/Nov/2015:05:18:27 +0800] "GET /content/repository/resource_content.jsp?oid=729038 HTTP/1.1" 200 28905
68.180.228.24 - - [15/Nov/2015:05:18:30 +0800] "GET /content/subject/resource_content.jsp?oid=16797234&queryType=qc HTTP/1.1" 200 46555
66.249.74.98 - - [15/Nov/2015:05:19:10 +0800] "GET /content/repository/resource_content.jsp?oid=192859 HTTP/1.1" 200 29712
118.165.57.185 - - [15/Nov/2015:05:19:48 +0800] "GET /content/nav/relationSubject.jsp?relationWords=%E8%8B%A6%E8%8B%93+&oid=16777317 HTTP/1.1" 200 3183
66.249.71.72 - - [15/Nov/2015:05:19:53 +0800] "GET /content/repository/resource_content.jsp?oid=2574372 HTTP/1.1" 200 28692
66.249.71.60 - - [15/Nov/2015:05:21:18 +0800] "GET /content/repository/resource_content.jsp?oid=1870589 HTTP/1.1" 200 29726
66.249.71.64 - - [15/Nov/2015:05:22:01 +0800] "GET /content/repository/resource_content.jsp?oid=1894407 HTTP/1.1" 200 28325
66.249.71.72 - - [15/Nov/2015:05:22:04 +0800] "GET /content/nav/relationSubject.jsp?relationWords=&oid=2574372 HTTP/1.1" 200 1405
66.249.74.98 - - [15/Nov/2015:05:22:45 +0800] "GET /content/repository/resource_content.jsp?oid=2584590 HTTP/1.1" 200 28935
66.249.71.113 - - [15/Nov/2015:05:23:03 +0800] "GET /content/nav/relationSubject.jsp?relationWords=&oid=3399789 HTTP/1.1" 200 1405
66.249.71.64 - - [15/Nov/2015:05:24:01 +0800] "GET /content/nav/relationSubject.jsp?relationWords=%E7%8F%8D%E7%8F%A0%E8%8C%85%E5%B1%AC+%E8%BC%AA%E8%91%89%E7%8F%8D%E7%8F%A0%E8%8C%85+&oid=1456870 HTTP/1.1" 200 3317
66.249.71.60 - - [15/Nov/2015:05:24:02 +0800] "GET /content/nav/relationSubject.jsp?relationWords=%E7%8F%8D%E7%8F%A0%E8%8C%85%E5%B1%AC%20%E8%BC%AA%E8%91%89%E7%8F%8D%E7%8F%A0%E8%8C%85%20&oid=1456870 HTTP/1.1" 200 3317
66.249.77.97 - - [15/Nov/2015:05:24:10 +0800] "GET /content/subject/resource_content.jsp?oid=16777381&queryType=qs&queryString=%E9%81%BA%E8%A9%94 HTTP/1.1" 200 37202
66.249.74.102 - - [15/Nov/2015:05:24:54 +0800] "GET /content/repository/resource_content.jsp?oid=1781596&queryString=%E5%AE%B6%E5%B1%8B%E8%A3%9D%E9%A3%BE%20%E9%9B%85%E7%BE%8E%E6%97%8F%20%E9%9B%95%E5%88%BB%E6%9D%BF HTTP/1.1" 200 29164
66.249.71.64 - - [15/Nov/2015:05:25:36 +0800] "GET /content/repository/resource_content.jsp?oid=1546127&queryString=%E5%A4%A7%E7%94%9F%20%E5%BD%B9%E7%94%B7%20%E7%AC%A6%E6%B0%91%20%E8%87%A8%E6%99%82%E5%8F%AC%E9%9B%86 HTTP/1.1" 200 29296
66.249.71.60 - - [15/Nov/2015:05:26:19 +0800] "GET /content/repository/resource_content.jsp?oid=1600771 HTTP/1.1" 200 28994
66.249.71.72 - - [15/Nov/2015:05:27:02 +0800] "GET /content/repository/resource_content.jsp?oid=16262&queryType=qs&queryString=%E7%87%95%E9%AD%9A HTTP/1.1" 200 35705
66.249.71.113 - - [15/Nov/2015:05:28:24 +0800] "GET /content/repository/resource_content.jsp?oid=1899560&queryType=qs&queryString=%E5%85%AC%E8%88%88 HTTP/1.1" 200 29192
66.249.71.105 - - [15/Nov/2015:05:28:24 +0800] "GET /content/nav/relationSubject.jsp?relationWords=%E4%B8%89%E6%B0%91%E4%B8%BB%E7%BE%A9+%E4%B8%AD%E5%A4%AE%E4%BF%A1%E8%A8%97%E5%B1%80+%E4%BA%BA%E5%8F%A3%E5%95%8F%E9%A1%8C+%E4%BA%BA%E6%B0%91%E5%9C%98%E9%AB%94+%E5%8F%8D%E5%B0%8D%E9%BB%A8+%E5%8F%B0%E7%81%A3%E4%BA%BA+%E5%8F%B0%E7%81%A3%E9%8A%80%E8%A1%8C+%E5%9C%B0%E6%96%B9%E8%87%AA%E6%B2%BB+%E5%A4%96%E7%9C%81%E4%BA%BA+%E5%AD%AB%E4%B8%AD%E5%B1%B1%E5%85%88%E7%94%9F+%E5%B0%8D%E5%A4%96%E8%B2%BF%E6%98%93+%E5%B8%9D%E5%9C%8B%E4%B8%BB%E7%BE%A9+%E6%86%B2%E6%B3%95+%E6%94%BF%E9%BB%A8+%E6%A5%AD%E4%B8%BB+%E6%B3%95%E6%B2%BB+%E6%B5%81%E6%B0%93+%E7%B0%A1%E4%BB%BB+%E7%B5%90%E7%A4%BE+%E7%B6%93%E6%BF%9F%E6%94%BF%E7%AD%96+%E8%87%AA%E7%94%B1%E4%B8%AD%E5%9C%8B+%E8%87%BA%E7%81%A3%E9%8A%80%E8%A1%8C+%E9%99%90%E5%88%B6%E5%87%BA%E5%A2%83+&oid=1547592 HTTP/1.1" 200 7613
66.249.71.105 - - [15/Nov/2015:05:28:26 +0800] "GET /content/nav/relationSubject.jsp?relationWords=%E4%B8%89%E6%B0%91%E4%B8%BB%E7%BE%A9%20%E4%B8%AD%E5%A4%AE%E4%BF%A1%E8%A8%97%E5%B1%80%20%E4%BA%BA%E5%8F%A3%E5%95%8F%E9%A1%8C%20%E4%BA%BA%E6%B0%91%E5%9C%98%E9%AB%94%20%E5%8F%8D%E5%B0%8D%E9%BB%A8%20%E5%8F%B0%E7%81%A3%E4%BA%BA%20%E5%8F%B0%E7%81%A3%E9%8A%80%E8%A1%8C%20%E5%9C%B0%E6%96%B9%E8%87%AA%E6%B2%BB%20%E5%A4%96%E7%9C%81%E4%BA%BA%20%E5%AD%AB%E4%B8%AD%E5%B1%B1%E5%85%88%E7%94%9F%20%E5%B0%8D%E5%A4%96%E8%B2%BF%E6%98%93%20%E5%B8%9D%E5%9C%8B%E4%B8%BB%E7%BE%A9%20%E6%86%B2%E6%B3%95%20%E6%94%BF%E9%BB%A8%20%E6%A5%AD%E4%B8%BB%20%E6%B3%95%E6%B2%BB%20%E6%B5%81%E6%B0%93%20%E7%B0%A1%E4%BB%BB%20%E7%B5%90%E7%A4%BE%20%E7%B6%93%E6%BF%9F%E6%94%BF%E7%AD%96%20%E8%87%AA%E7%94%B1%E4%B8%AD%E5%9C%8B%20%E8%87%BA%E7%81%A3%E9%8A%80%E8%A1%8C%20%E9%99%90%E5%88%B6%E5%87%BA%E5%A2%83%20&oid=1547592 HTTP/1.1" 200 7613
66.249.71.72 - - [15/Nov/2015:05:28:28 +0800] "GET /content/repository/resource_content.jsp?oid=2675451 HTTP/1.1" 200 29709
66.249.77.97 - - [15/Nov/2015:05:28:53 +0800] "GET /content/subject/resource_content.jsp?oid=16777744&queryType=qc HTTP/1.1" 200 41046
66.249.71.60 - - [15/Nov/2015:05:29:11 +0800] "GET /digiarch_en/content/subject/resource_content.jsp?oid=16777571&queryType=qc HTTP/1.1" 200 25188
66.249.71.72 - - [15/Nov/2015:05:29:54 +0800] "GET /content/repository/resource_content.jsp?oid=1542673 HTTP/1.1" 200 28738
66.249.71.64 - - [15/Nov/2015:05:29:59 +0800] "GET /content/nav/relationSubject.jsp?relationWords=%E5%90%8F%E9%83%A8+&oid=2632851 HTTP/1.1" 200 3101
66.249.71.60 - - [15/Nov/2015:05:30:01 +0800] "GET /content/nav/relationSubject.jsp?relationWords=%E5%90%8F%E9%83%A8%20&oid=2632851 HTTP/1.1" 200 3101
66.249.74.100 - - [15/Nov/2015:05:30:37 +0800] "GET /content/repository/resource_content.jsp?oid=1619588 HTTP/1.1" 200 28890
68.180.228.24 - - [15/Nov/2015:05:30:42 +0800] "GET /content/pictures/picture_content.jsp?oid=33554884&queryType=qc HTTP/1.1" 200 27928
66.249.71.60 - - [15/Nov/2015:05:31:20 +0800] "GET /content/repository/resource_content.jsp?oid=2520239 HTTP/1.1" 200 29844
66.249.71.64 - - [15/Nov/2015:05:31:33 +0800] "GET /content/nav/relationSubject.jsp?relationWords=&oid=2617802 HTTP/1.1" 200 1405
66.249.71.60 - - [15/Nov/2015:05:31:46 +0800] "GET /content/nav/relationSubject.jsp?relationWords=&oid=2675451 HTTP/1.1" 200 1405
66.249.71.60 - - [15/Nov/2015:05:32:03 +0800] "GET /content/repository/resource_content.jsp?oid=1579540 HTTP/1.1" 200 28544
66.249.71.164 - - [15/Nov/2015:05:32:46 +0800] "GET /content/repository/resource_content.jsp?oid=2656371&queryString=%E6%BC%A2%E5%80%89%E5%B7%AE HTTP/1.1" 200 30142
66.249.71.64 - - [15/Nov/2015:05:33:14 +0800] "GET /content/nav/relationSubject.jsp?relationWords=%E6%B3%B0%E6%AD%A6%E9%84%89+%E8%90%AC%E5%AE%89%E6%9D%91+%E8%90%AC%E5%AE%89%E6%BA%AA+%E9%90%B5%E7%B7%9A%E6%A9%8B+&oid=1619588 HTTP/1.1" 200 6412
66.249.71.60 - - [15/Nov/2015:05:33:15 +0800] "GET /content/nav/relationSubject.jsp?relationWords=%E6%B3%B0%E6%AD%A6%E9%84%89%20%E8%90%AC%E5%AE%89%E6%9D%91%20%E8%90%AC%E5%AE%89%E6%BA%AA%20%E9%90%B5%E7%B7%9A%E6%A9%8B%20&oid=1619588 HTTP/1.1" 200 6412
66.249.74.100 - - [15/Nov/2015:05:33:29 +0800] "GET /content/repository/resource_content.jsp?oid=2659683 HTTP/1.1" 200 29899
68.180.228.24 - - [15/Nov/2015:05:33:48 +0800] "GET /digiarch_en/content/pictures/picture_content.jsp?oid=33554738 HTTP/1.1" 200 21899
66.249.71.60 - - [15/Nov/2015:05:34:11 +0800] "GET /content/repository/resource_content.jsp?oid=2687571 HTTP/1.1" 200 29742
66.249.71.72 - - [15/Nov/2015:05:34:54 +0800] "GET /content/repository/resource_content.jsp?oid=2685849 HTTP/1.1" 200 29816
66.249.71.60 - - [15/Nov/2015:05:34:59 +0800] "GET /content/nav/relationSubject.jsp?relationWords=%E6%B3%A8%E6%84%8F%E4%BA%8B%E9%A0%85+%E8%87%BA%E7%81%A3%E7%9C%81+%E9%83%BD%E5%B8%82%E8%A8%88%E7%95%AB+&oid=1592927 HTTP/1.1" 200 4473
66.249.71.60 - - [15/Nov/2015:05:35:02 +0800] "GET /content/nav/relationSubject.jsp?relationWords=%E6%B3%A8%E6%84%8F%E4%BA%8B%E9%A0%85%20%E8%87%BA%E7%81%A3%E7%9C%81%20%E9%83%BD%E5%B8%82%E8%A8%88%E7%95%AB%20&oid=1592927 HTTP/1.1" 200 4473
208.115.113.86 - - [15/Nov/2015:05:35:35 +0800] "GET /content/subject/resource_content.jsp?oid=16777367 HTTP/1.1" 200 26028
66.249.71.60 - - [15/Nov/2015:05:35:37 +0800] "GET /content/repository/resource_content.jsp?oid=2152568 HTTP/1.1" 200 31252
66.249.71.64 - - [15/Nov/2015:05:36:05 +0800] "GET /content/nav/relationSubject.jsp?relationWords=%E5%9C%93%E6%B5%B7%E7%87%95+%E5%9C%93%E7%9C%BC%E7%87%95%E9%AD%9A+%E7%87%95%E9%AD%9A+%E7%99%BD%E9%AF%A7%E7%A7%91+%E9%AF%A7%E4%BB%94+&oid=16262 HTTP/1.1" 200 4283
66.249.71.60 - - [15/Nov/2015:05:36:06 +0800] "GET /content/nav/relationSubject.jsp?relationWords=%E5%9C%93%E6%B5%B7%E7%87%95%20%E5%9C%93%E7%9C%BC%E7%87%95%E9%AD%9A%20%E7%87%95%E9%AD%9A%20%E7%99%BD%E9%AF%A7%E7%A7%91%20%E9%AF%A7%E4%BB%94%20&oid=16262 HTTP/1.1" 200 4283
66.249.71.60 - - [15/Nov/2015:05:36:14 +0800] "GET /content/nav/relationSubject.jsp?relationWords=%E8%88%A1%E9%9A%BB+&oid=2687571 HTTP/1.1" 200 3069
66.249.71.60 - - [15/Nov/2015:05:36:15 +0800] "GET /content/nav/relationSubject.jsp?relationWords=%E8%88%A1%E9%9A%BB%20&oid=2687571 HTTP/1.1" 200 3069
66.249.71.60 - - [15/Nov/2015:05:36:20 +0800] "GET /content/repository/resource_content.jsp?oid=2675692 HTTP/1.1" 200 29499
66.249.71.64 - - [15/Nov/2015:05:37:03 +0800] "GET /content/repository/resource_content.jsp?oid=173842 HTTP/1.1" 200 30821
66.249.71.5 - - [15/Nov/2015:05:37:46 +0800] "GET /digiarch3/content/subject/resource_content.jsp?oid=16777487&queryType=qs&queryString=%E8%B2%A1%E7%94%A2%E6%AC%8A HTTP/1.1" 200 45004
66.249.71.72 - - [15/Nov/2015:05:38:22 +0800] "GET /content/nav/relationSubject.jsp?relationWords=%E9%8C%A2%E6%B3%95%E5%A0%82+&oid=2685849 HTTP/1.1" 200 3132
66.249.71.72 - - [15/Nov/2015:05:38:24 +0800] "GET /content/nav/relationSubject.jsp?relationWords=%E9%8C%A2%E6%B3%95%E5%A0%82%20&oid=2685849 HTTP/1.1" 200 3132
66.249.71.64 - - [15/Nov/2015:05:38:26 +0800] "GET /content/repository/resource_content.jsp?oid=1550870 HTTP/1.1" 200 28592
66.249.71.23 - - [15/Nov/2015:05:38:29 +0800] "GET /content/repository/resource_content.jsp?oid=2674931&queryString=%E4%B8%81%E6%86%82%20%E6%97%97%E6%BB%BF%E6%B4%B2%20%E6%AD%A3%E7%B4%85%E6%97%97 HTTP/1.1" 200 30110
66.249.71.72 - - [15/Nov/2015:05:39:12 +0800] "GET /content/repository/resource_content.jsp?oid=2513048 HTTP/1.1" 200 30023
66.249.71.64 - - [15/Nov/2015:05:39:55 +0800] "GET /content/repository/resource_content.jsp?oid=2518881 HTTP/1.1" 200 29747
66.249.71.64 - - [15/Nov/2015:05:40:06 +0800] "GET /content/nav/relationSubject.jsp?relationWords=%E5%81%8F%E6%B2%85+%E5%B7%A1%E6%92%AB+&oid=2631886 HTTP/1.1" 200 3119
66.249.71.60 - - [15/Nov/2015:05:40:08 +0800] "GET /content/nav/relationSubject.jsp?relationWords=%E5%81%8F%E6%B2%85%20%E5%B7%A1%E6%92%AB%20&oid=2631886 HTTP/1.1" 200 3119
66.249.71.72 - - [15/Nov/2015:05:42:04 +0800] "GET /content/repository/resource_content.jsp?oid=1096168 HTTP/1.1" 200 30494
66.249.71.60 - - [15/Nov/2015:05:42:26 +0800] "GET /content/nav/relationSubject.jsp?relationWords=%E5%8D%81%E5%AD%97%E8%8A%B1%E7%A7%91+%E6%A4%8D%E7%89%A9%E7%95%8C+%E8%91%B6%E8%97%B6+%E8%91%B6%E8%97%B6%E5%B1%AC+%E9%9B%99%E5%AD%90%E8%91%89%E6%A4%8D%E7%89%A9+&oid=1110265 HTTP/1.1" 200 3366
66.249.71.60 - - [15/Nov/2015:05:42:28 +0800] "GET /content/nav/relationSubject.jsp?relationWords=%E5%8D%81%E5%AD%97%E8%8A%B1%E7%A7%91%20%E6%A4%8D%E7%89%A9%E7%95%8C%20%E8%91%B6%E8%97%B6%20%E8%91%B6%E8%97%B6%E5%B1%AC%20%E9%9B%99%E5%AD%90%E8%91%89%E6%A4%8D%E7%89%A9%20&oid=1110265 HTTP/1.1" 200 3366
66.249.71.60 - - [15/Nov/2015:05:43:05 +0800] "GET /content/nav/relationSubject.jsp?relationWords=&oid=2537357 HTTP/1.1" 200 1405
66.249.71.121 - - [15/Nov/2015:05:43:22 +0800] "GET /content/nav/relationSubject.jsp?relationWords=%E6%96%A7%E9%AD%9A+%E6%B5%B7%E6%B4%8B%E6%96%A7%E9%AD%9A+%E8%A4%B6%E8%83%B8%E9%AD%9A+%E9%8A%80%E6%96%A7+&oid=4353894 HTTP/1.1" 200 3535
66.249.71.113 - - [15/Nov/2015:05:43:24 +0800] "GET /content/nav/relationSubject.jsp?relationWords=%E6%96%A7%E9%AD%9A%20%E6%B5%B7%E6%B4%8B%E6%96%A7%E9%AD%9A%20%E8%A4%B6%E8%83%B8%E9%AD%9A%20%E9%8A%80%E6%96%A7%20&oid=4353894 HTTP/1.1" 200 3535
199.30.25.7 - - [15/Nov/2015:05:44:54 +0800] "GET /content/nav/relationSubject.jsp?relationWords=%E5%9D%AA%E6%9E%97%E7%A7%8B%E6%B5%B7%E6%A3%A0+%E7%A7%8B%E6%B5%B7%E6%A3%A0+&oid=16777493 HTTP/1.1" 200 4931
66.249.71.64 - - [15/Nov/2015:05:45:23 +0800] "GET /content/nav/relationSubject.jsp?relationWords=%E7%9F%A5%E5%B7%9E+&oid=2514795 HTTP/1.1" 200 3102
66.249.71.64 - - [15/Nov/2015:05:45:24 +0800] "GET /content/nav/relationSubject.jsp?relationWords=%E7%9F%A5%E5%B7%9E%20&oid=2514795 HTTP/1.1" 200 3102
66.249.77.97 - - [15/Nov/2015:05:45:41 +0800] "GET /content/nav/relationSubject.jsp?relationWords=%E4%BA%BA%E5%90%8D%E6%AC%8A%E5%A8%81+%E7%89%B9%E7%BE%85%E9%82%91+%E7%8E%8B%E6%AD%A3%E5%BB%B7+%E9%9B%BB%E7%A8%B1+%E9%A6%AE%E7%8E%89%E7%A5%A5+&oid=686143 HTTP/1.1" 200 3465
66.249.77.85 - - [15/Nov/2015:05:45:43 +0800] "GET /content/nav/relationSubject.jsp?relationWords=%E4%BA%BA%E5%90%8D%E6%AC%8A%E5%A8%81%20%E7%89%B9%E7%BE%85%E9%82%91%20%E7%8E%8B%E6%AD%A3%E5%BB%B7%20%E9%9B%BB%E7%A8%B1%20%E9%A6%AE%E7%8E%89%E7%A5%A5%20&oid=686143 HTTP/1.1" 200 3465
66.249.71.72 - - [15/Nov/2015:05:46:16 +0800] "GET /content/repository/resource_content.jsp?oid=2628584 HTTP/1.1" 200 29695
66.249.71.64 - - [15/Nov/2015:05:46:21 +0800] "GET /content/repository/resource_content.jsp?oid=1862410 HTTP/1.1" 200 29466
45.36.18.233 - - [15/Nov/2015:05:46:54 +0800] "GET /digiarch3/content/subject/resource_content.jsp?oid=16777514&queryType=qs&queryString=%E5%82%85%E6%96%AF%E5%B9%B4 HTTP/1.1" 200 42798
45.36.18.233 - - [15/Nov/2015:05:46:56 +0800] "GET /digiarch3/content/nav/relationSubject.jsp?relationWords=%E5%8F%A4%E5%9C%B0%E5%9C%96+&oid=16777514 HTTP/1.1" 200 3976
66.249.71.64 - - [15/Nov/2015:05:47:06 +0800] "GET /content/repository/resource_content.jsp?oid=2149153 HTTP/1.1" 200 30628
66.249.71.72 - - [15/Nov/2015:05:47:09 +0800] "GET /content/nav/relationSubject.jsp?relationWords=%E6%9F%B3%E8%91%89%E7%AE%AC%E5%B1%AC+&oid=1113928 HTTP/1.1" 200 3013
66.249.71.60 - - [15/Nov/2015:05:47:11 +0800] "GET /content/nav/relationSubject.jsp?relationWords=%E6%9F%B3%E8%91%89%E7%AE%AC%E5%B1%AC%20&oid=1113928 HTTP/1.1" 200 3013
66.249.71.64 - - [15/Nov/2015:05:47:47 +0800] "GET /content/repository/resource_content.jsp?oid=1875259 HTTP/1.1" 200 28744
66.249.71.155 - - [15/Nov/2015:05:48:03 +0800] "GET /content/nav/relationSubject.jsp?relationWords=%E5%90%8F%E9%83%A8%20%E6%9B%B2%E9%9D%96%20&oid=2687482 HTTP/1.1" 200 3136
66.249.71.64 - - [15/Nov/2015:05:48:30 +0800] "GET /content/repository/resource_content.jsp?oid=2540118 HTTP/1.1" 200 28843
66.249.71.60 - - [15/Nov/2015:05:49:13 +0800] "GET /content/repository/resource_content.jsp?oid=2568345 HTTP/1.1" 200 28778
66.249.74.98 - - [15/Nov/2015:05:49:31 +0800] "GET /content/repository/resource_content.jsp?oid=1627135 HTTP/1.1" 200 29095
66.249.71.64 - - [15/Nov/2015:05:49:56 +0800] "GET /content/repository/resource_content.jsp?oid=1868902 HTTP/1.1" 200 29334
66.249.71.64 - - [15/Nov/2015:05:50:41 +0800] "GET /content/repository/resource_content.jsp?oid=2145730 HTTP/1.1" 200 30466
66.249.74.98 - - [15/Nov/2015:05:50:56 +0800] "GET /content/nav/relationSubject.jsp?relationWords=%E9%AA%A8%E7%AE%AD%E9%A0%AD+&oid=1853811 HTTP/1.1" 200 2990
66.249.71.60 - - [15/Nov/2015:05:50:58 +0800] "GET /content/nav/relationSubject.jsp?relationWords=%E9%AA%A8%E7%AE%AD%E9%A0%AD%20&oid=1853811 HTTP/1.1" 200 2990
66.249.71.60 - - [15/Nov/2015:05:51:22 +0800] "GET /content/repository/resource_content.jsp?oid=25059 HTTP/1.1" 200 29879
66.249.71.64 - - [15/Nov/2015:05:51:55 +0800] "GET /content/nav/relationSubject.jsp?relationWords=%E5%8F%B0%E7%81%A3%E6%AC%BE%E5%86%AC+%E5%B1%B1%E8%8F%8A+%E6%A4%8D%E7%89%A9%E7%95%8C+%E6%AC%BE%E5%86%AC%E5%B1%AC+%E8%8F%8A%E7%A7%91+%E9%9B%99%E5%AD%90%E8%91%89%E6%A4%8D%E7%89%A9+&oid=1110396 HTTP/1.1" 200 3435
66.249.71.60 - - [15/Nov/2015:05:51:57 +0800] "GET /content/nav/relationSubject.jsp?relationWords=%E5%8F%B0%E7%81%A3%E6%AC%BE%E5%86%AC%20%E5%B1%B1%E8%8F%8A%20%E6%A4%8D%E7%89%A9%E7%95%8C%20%E6%AC%BE%E5%86%AC%E5%B1%AC%20%E8%8F%8A%E7%A7%91%20%E9%9B%99%E5%AD%90%E8%91%89%E6%A4%8D%E7%89%A9%20&oid=1110396 HTTP/1.1" 200 3435
66.249.71.64 - - [15/Nov/2015:05:52:07 +0800] "GET /content/repository/resource_content.jsp?oid=2142837 HTTP/1.1" 200 30713
66.249.71.60 - - [15/Nov/2015:05:52:48 +0800] "GET /content/repository/resource_content.jsp?oid=291240 HTTP/1.1" 200 29341
66.249.71.64 - - [15/Nov/2015:05:53:31 +0800] "GET /content/repository/resource_content.jsp?oid=2524697 HTTP/1.1" 200 28975
68.180.228.24 - - [15/Nov/2015:05:53:32 +0800] "GET /digiarch_en/content/subject/resource_content.jsp?oid=16777701&queryType=qc HTTP/1.1" 200 32031
66.249.71.72 - - [15/Nov/2015:05:54:10 +0800] "GET /content/nav/relationSubject.jsp?relationWords=&oid=1820652 HTTP/1.1" 200 1405
66.249.74.98 - - [15/Nov/2015:05:54:14 +0800] "GET /content/repository/resource_content.jsp?oid=1542260&queryString=%E6%96%87%E5%8C%96%E4%B8%AD%E5%BF%83%20%E6%B5%B7%E9%AE%AE%20%E7%94%9F%E7%89%A9%E5%A4%9A%E6%A8%A3%E6%80%A7 HTTP/1.1" 200 29530
66.249.71.64 - - [15/Nov/2015:05:54:57 +0800] "GET /content/tmp_tec/resource_content.jsp?oid=16777686 HTTP/1.1" 200 29033
66.249.71.64 - - [15/Nov/2015:05:55:29 +0800] "GET /content/nav/relationSubject.jsp?relationWords=&oid=2524697 HTTP/1.1" 200 1405
66.249.74.102 - - [15/Nov/2015:05:55:40 +0800] "GET /content/repository/resource_content.jsp?oid=1578286 HTTP/1.1" 200 28557
66.249.71.105 - - [15/Nov/2015:05:56:23 +0800] "GET /content/repository/resource_content.jsp?oid=1778000&queryType=qs&queryString=%E5%B0%BF%E8%B7%AF%E7%B5%90%E7%9F%B3 HTTP/1.1" 200 43035
66.249.71.60 - - [15/Nov/2015:05:56:33 +0800] "GET /content/nav/relationSubject.jsp?relationWords=%E6%94%A4%E8%B2%A9+%E7%9C%81%E6%94%BF%E5%BA%9C+%E8%87%BA%E5%8D%97%E7%B8%A3+%E8%87%BA%E5%8D%97%E7%B8%A3%E8%AD%B0%E6%9C%83+&oid=1521652 HTTP/1.1" 200 4622
66.249.71.60 - - [15/Nov/2015:05:56:35 +0800] "GET /content/nav/relationSubject.jsp?relationWords=%E6%94%A4%E8%B2%A9%20%E7%9C%81%E6%94%BF%E5%BA%9C%20%E8%87%BA%E5%8D%97%E7%B8%A3%20%E8%87%BA%E5%8D%97%E7%B8%A3%E8%AD%B0%E6%9C%83%20&oid=1521652 HTTP/1.1" 200 4622
66.249.71.60 - - [15/Nov/2015:05:57:49 +0800] "GET /content/repository/resource_content.jsp?oid=1105975&queryString=%E4%BA%94%E5%8A%A0%E7%A7%91%20%E6%A4%8D%E7%89%A9%E7%95%8C%20%E9%B5%9D%E6%8E%8C%E6%9F%B4%20%E9%B5%9D%E6%8E%8C%E6%9F%B4%E5%B1%AC HTTP/1.1" 200 31172
66.249.71.72 - - [15/Nov/2015:05:58:31 +0800] "GET /content/repository/resource_content.jsp?oid=1589528 HTTP/1.1" 200 28332
66.249.71.60 - - [15/Nov/2015:05:59:14 +0800] "GET /content/repository/resource_content.jsp?oid=2600845 HTTP/1.1" 200 29663
199.30.24.164 - - [15/Nov/2015:05:59:15 +0800] "GET /content/nav/relationSubject.jsp?relationWords=%E8%8A%B1%E8%94%93+%E8%94%93%E6%BE%A4%E8%98%AD+&oid=16777266 HTTP/1.1" 200 4225
66.249.71.113 - - [15/Nov/2015:05:59:50 +0800] "GET /content/repository/resource_content.jsp?oid=1081576&queryType=qs&queryString=%E5%A4%A9%E7%AB%BA%E9%AF%9B HTTP/1.1" 200 33360
66.249.74.98 - - [15/Nov/2015:05:59:53 +0800] "GET /content/nav/relationSubject.jsp?relationWords=%E5%8D%B7%E8%80%B3%E5%B1%AC+%E6%A4%8D%E7%89%A9%E7%95%8C+%E7%8E%89%E5%B1%B1%E5%8D%B7%E8%80%B3+%E7%9F%B3%E7%AB%B9+%E7%9F%B3%E7%AB%B9%E7%A7%91+&oid=1459467 HTTP/1.1" 200 3397
66.249.71.60 - - [15/Nov/2015:05:59:54 +0800] "GET /content/nav/relationSubject.jsp?relationWords=%E5%8D%B7%E8%80%B3%E5%B1%AC%20%E6%A4%8D%E7%89%A9%E7%95%8C%20%E7%8E%89%E5%B1%B1%E5%8D%B7%E8%80%B3%20%E7%9F%B3%E7%AB%B9%20%E7%9F%B3%E7%AB%B9%E7%A7%91%20&oid=1459467 HTTP/1.1" 200 3397
66.249.71.64 - - [15/Nov/2015:05:59:57 +0800] "GET /content/repository/resource_content.jsp?oid=2516269 HTTP/1.1" 200 29793
66.249.71.155 - - [15/Nov/2015:06:01:23 +0800] "GET /content/repository/resource_content.jsp?oid=2687482&queryType=qs&queryString=%E6%9B%B2%E9%9D%96%E5%BA%9C HTTP/1.1" 200 30177
66.249.71.60 - - [15/Nov/2015:06:02:06 +0800] "GET /content/repository/resource_content.jsp?oid=1110344 HTTP/1.1" 200 31610
66.249.71.60 - - [15/Nov/2015:06:02:22 +0800] "GET /content/nav/relationSubject.jsp?relationWords=%E8%AD%A6%E5%AF%9F%E5%B1%80+&oid=1605525 HTTP/1.1" 200 4343
66.249.71.60 - - [15/Nov/2015:06:02:23 +0800] "GET /content/nav/relationSubject.jsp?relationWords=%E8%AD%A6%E5%AF%9F%E5%B1%80%20&oid=1605525 HTTP/1.1" 200 4343
66.249.71.60 - - [15/Nov/2015:06:02:49 +0800] "GET /content/repository/resource_content.jsp?oid=2511361 HTTP/1.1" 200 29764
66.249.71.60 - - [15/Nov/2015:06:03:32 +0800] "GET /content/repository/resource_content.jsp?oid=2525577 HTTP/1.1" 200 29455
66.249.71.5 - - [15/Nov/2015:06:04:15 +0800] "GET /digiarch3/content/subject/resource_content.jsp?oid=16777739&queryType=qs&queryString=%E6%B0%91%E6%97%8F%E8%AA%8C HTTP/1.1" 200 36015
66.249.77.91 - - [15/Nov/2015:06:04:15 +0800] "GET /content/nav/relationSubject.jsp?relationWords=%E5%AE%89%E5%B9%B3%E9%AD%9A+%E6%B5%B7%E8%8D%89%E9%AD%9A+%E8%99%B1%E7%9B%AE%E9%AD%9A+%E8%99%B1%E9%BA%BB%E9%AD%9A+%E9%81%AE%E7%9B%AE%E9%AD%9A+&oid=14376 HTTP/1.1" 200 7611
123.194.224.73 - - [15/Nov/2015:06:04:46 +0800] "GET /content/nav/relationSubject.jsp?relationWords=%E8%8B%A6%E8%8B%93+&oid=16777317 HTTP/1.1" 200 3183
66.249.71.60 - - [15/Nov/2015:06:04:58 +0800] "GET /content/repository/resource_content.jsp?oid=2544659 HTTP/1.1" 200 28956
66.249.71.64 - - [15/Nov/2015:06:05:20 +0800] "GET /digiarch_en/content/nav/relationSubject.jsp?relationWords=%E6%9E%97%E7%8D%BB%E5%A0%82+%E7%81%8C%E5%9C%92%E5%85%88%E7%94%9F+%E9%9C%A7%E5%B3%B0+&oid=16777783 HTTP/1.1" 200 6017
66.249.71.60 - - [15/Nov/2015:06:05:22 +0800] "GET /digiarch_en/content/nav/relationSubject.jsp?relationWords=%E6%9E%97%E7%8D%BB%E5%A0%82%20%E7%81%8C%E5%9C%92%E5%85%88%E7%94%9F%20%E9%9C%A7%E5%B3%B0%20&oid=16777783 HTTP/1.1" 200 6017
66.249.71.64 - - [15/Nov/2015:06:05:41 +0800] "GET /content/repository/resource_content.jsp?oid=1097132 HTTP/1.1" 200 30469
66.249.71.72 - - [15/Nov/2015:06:05:51 +0800] "GET /content/nav/relationSubject.jsp?relationWords=%E5%B1%85%E5%BB%B6%E6%BC%A2%E7%B0%A1+%E6%BC%A2%E7%B0%A1+&oid=279459 HTTP/1.1" 200 3898
66.249.71.60 - - [15/Nov/2015:06:05:52 +0800] "GET /content/nav/relationSubject.jsp?relationWords=%E5%B1%85%E5%BB%B6%E6%BC%A2%E7%B0%A1%20%E6%BC%A2%E7%B0%A1%20&oid=279459 HTTP/1.1" 200 3898
66.249.71.60 - - [15/Nov/2015:06:06:24 +0800] "GET /content/repository/resource_content.jsp?oid=2544034 HTTP/1.1" 200 28936
66.249.71.60 - - [15/Nov/2015:06:07:07 +0800] "GET /content/repository/resource_content.jsp?oid=1101691 HTTP/1.1" 200 30839
66.249.71.72 - - [15/Nov/2015:06:07:33 +0800] "GET /content/nav/relationSubject.jsp?relationWords=%E6%9D%B1%E7%9F%B3%E9%84%89+%E7%89%A1%E8%A0%A3+%E8%BE%B2%E6%9E%97%E5%BB%B3+%E9%85%8D%E9%8A%B7+%E9%BB%83%E6%BA%90%E5%B1%B1+&oid=1524693 HTTP/1.1" 200 3498
66.249.71.60 - - [15/Nov/2015:06:07:34 +0800] "GET /content/nav/relationSubject.jsp?relationWords=%E6%9D%B1%E7%9F%B3%E9%84%89%20%E7%89%A1%E8%A0%A3%20%E8%BE%B2%E6%9E%97%E5%BB%B3%20%E9%85%8D%E9%8A%B7%20%E9%BB%83%E6%BA%90%E5%B1%B1%20&oid=1524693 HTTP/1.1" 200 3498
66.249.71.60 - - [15/Nov/2015:06:07:50 +0800] "GET /content/repository/resource_content.jsp?oid=2520711 HTTP/1.1" 200 30214
66.249.74.102 - - [15/Nov/2015:06:08:33 +0800] "GET /content/repository/resource_content.jsp?oid=1841906 HTTP/1.1" 200 28744
66.249.71.60 - - [15/Nov/2015:06:08:39 +0800] "GET /content/nav/relationSubject.jsp?relationWords=%E5%96%AE%E8%89%B2%E6%97%A5%E8%A3%BD+%E7%B6%8F%E9%81%A0%E5%9C%B0%E5%8D%80+&oid=200250 HTTP/1.1" 200 3129
66.249.71.60 - - [15/Nov/2015:06:08:40 +0800] "GET /content/nav/relationSubject.jsp?relationWords=%E5%96%AE%E8%89%B2%E6%97%A5%E8%A3%BD%20%E7%B6%8F%E9%81%A0%E5%9C%B0%E5%8D%80%20&oid=200250 HTTP/1.1" 200 3129
66.249.71.60 - - [15/Nov/2015:06:09:01 +0800] "GET /content/nav/relationSubject.jsp?relationWords=&oid=2600312 HTTP/1.1" 200 1405
66.249.71.60 - - [15/Nov/2015:06:09:16 +0800] "GET /content/repository/resource_content.jsp?oid=2545956 HTTP/1.1" 200 29021
66.249.71.60 - - [15/Nov/2015:06:09:24 +0800] "GET /content/nav/relationSubject.jsp?relationWords=%E5%9C%8B%E6%B0%91%E5%B0%8F%E5%AD%B8+&oid=1627049 HTTP/1.1" 200 5598
66.249.71.60 - - [15/Nov/2015:06:09:25 +0800] "GET /content/nav/relationSubject.jsp?relationWords=%E5%9C%8B%E6%B0%91%E5%B0%8F%E5%AD%B8%20&oid=1627049 HTTP/1.1" 200 5598
66.249.71.72 - - [15/Nov/2015:06:09:58 +0800] "GET /content/repository/resource_content.jsp?oid=2675306 HTTP/1.1" 200 29843
66.249.71.72 - - [15/Nov/2015:06:10:15 +0800] "GET /content/repository/resource_content.jsp?oid=2680875&queryString=%E5%85%88%E6%BC%95 HTTP/1.1" 200 30222
68.180.228.24 - - [15/Nov/2015:06:10:58 +0800] "GET /digiarch_en/content/pictures/picture_content.jsp?oid=33554730&queryType=qc HTTP/1.1" 200 22033
68.180.228.24 - - [15/Nov/2015:06:11:24 +0800] "GET /content/repository/resource_content.jsp?oid=1099924 HTTP/1.1" 200 30992
66.249.71.60 - - [15/Nov/2015:06:11:24 +0800] "GET /content/repository/resource_content.jsp?oid=16634 HTTP/1.1" 200 29694
157.55.39.166 - - [15/Nov/2015:06:11:26 +0800] "GET /content/subject/resource_content.jsp?oid=16797244&queryString= HTTP/1.1" 200 50439
66.249.71.72 - - [15/Nov/2015:06:12:31 +0800] "GET /content/nav/relationSubject.jsp?relationWords=%E5%9C%B0%E5%BD%A2%E5%9C%96+%E8%88%88%E7%A6%8F%E9%8E%AE+&oid=230028 HTTP/1.1" 200 3096
66.249.71.60 - - [15/Nov/2015:06:12:32 +0800] "GET /content/nav/relationSubject.jsp?relationWords=%E5%9C%B0%E5%BD%A2%E5%9C%96%20%E8%88%88%E7%A6%8F%E9%8E%AE%20&oid=230028 HTTP/1.1" 200 3096
66.249.71.64 - - [15/Nov/2015:06:12:50 +0800] "GET /content/repository/resource_content.jsp?oid=1876275 HTTP/1.1" 200 29093
66.249.74.98 - - [15/Nov/2015:06:13:20 +0800] "GET /content/nav/relationSubject.jsp?relationWords=%E6%8D%90%E7%9B%A3+%E7%A7%BB%E6%9C%83+%E9%8A%80%E5%85%A9+&oid=2628584 HTTP/1.1" 200 5445
66.249.74.98 - - [15/Nov/2015:06:13:21 +0800] "GET /content/nav/relationSubject.jsp?relationWords=%E6%8D%90%E7%9B%A3%20%E7%A7%BB%E6%9C%83%20%E9%8A%80%E5%85%A9%20&oid=2628584 HTTP/1.1" 200 5445
66.249.74.98 - - [15/Nov/2015:06:13:31 +0800] "GET /content/nav/relationSubject.jsp?relationWords=%E7%9F%B3%E9%B1%B8+&oid=16634 HTTP/1.1" 200 3393
66.249.74.98 - - [15/Nov/2015:06:13:33 +0800] "GET /content/nav/relationSubject.jsp?relationWords=%E7%9F%B3%E9%B1%B8%20&oid=16634 HTTP/1.1" 200 3393
66.249.74.98 - - [15/Nov/2015:06:14:17 +0800] "GET /content/repository/resource_content.jsp?oid=1591524 HTTP/1.1" 200 28504
66.249.71.60 - - [15/Nov/2015:06:14:59 +0800] "GET /content/repository/resource_content.jsp?oid=2524377 HTTP/1.1" 200 28719
66.249.71.64 - - [15/Nov/2015:06:15:06 +0800] "GET /content/nav/relationSubject.jsp?relationWords=%E5%94%90%E6%9D%BE%E8%8D%89%E5%B1%AC+%E5%AF%86%E8%91%89%E5%94%90%E6%9D%BE%E8%8D%89+%E6%A4%8D%E7%89%A9%E7%95%8C+%E6%AF%9B%E8%8C%9B+%E6%AF%9B%E8%8C%9B%E7%A7%91+&oid=1104677 HTTP/1.1" 200 3417
114.47.82.190 - - [15/Nov/2015:06:15:39 +0800] "GET /content/nav/relationSubject.jsp?relationWords=&oid=16777328 HTTP/1.1" 200 1405
66.249.71.23 - - [15/Nov/2015:06:15:42 +0800] "GET /digiarch3/content/repository/resource_content.jsp?oid=15156&queryString=%E4%BF%9D%E5%8A%9B%20%E5%96%AE%E8%89%B2 HTTP/1.1" 200 33965
66.249.71.60 - - [15/Nov/2015:06:16:25 +0800] "GET /content/repository/resource_content.jsp?oid=661645 HTTP/1.1" 200 28815
66.249.71.72 - - [15/Nov/2015:06:16:54 +0800] "GET /content/nav/relationSubject.jsp?relationWords=%E4%B8%AD%E5%9C%8B%E5%A4%A7%E9%99%B8%E5%9C%B0%E5%9C%96+%E5%A4%A7%E6%B2%99%E5%9D%AA+&oid=208260 HTTP/1.1" 200 3141
66.249.74.98 - - [15/Nov/2015:06:16:56 +0800] "GET /content/nav/relationSubject.jsp?relationWords=%E4%B8%AD%E5%9C%8B%E5%A4%A7%E9%99%B8%E5%9C%B0%E5%9C%96%20%E5%A4%A7%E6%B2%99%E5%9D%AA%20&oid=208260 HTTP/1.1" 200 3141
66.249.79.27 - - [15/Nov/2015:06:17:09 +0800] "GET /content/subject/resource_content.jsp?oid=16777783&queryType=qc HTTP/1.1" 200 58240
66.249.71.60 - - [15/Nov/2015:06:17:28 +0800] "GET /content/nav/relationSubject.jsp?relationWords=%E5%B7%A1%E6%92%AB+%E6%B1%9F%E5%AF%A7+&oid=2546232 HTTP/1.1" 200 3122
66.249.71.60 - - [15/Nov/2015:06:17:30 +0800] "GET /content/nav/relationSubject.jsp?relationWords=%E5%B7%A1%E6%92%AB%20%E6%B1%9F%E5%AF%A7%20&oid=2546232 HTTP/1.1" 200 3122
66.249.71.72 - - [15/Nov/2015:06:17:51 +0800] "GET /content/repository/resource_content.jsp?oid=1631753 HTTP/1.1" 200 28791
188.165.15.117 - - [15/Nov/2015:06:18:32 +0800] "GET /content/tmp_tec/resource_content.jsp?oid=16777731 HTTP/1.1" 200 39218
66.249.71.64 - - [15/Nov/2015:06:18:34 +0800] "GET /content/repository/resource_content.jsp?oid=1572673 HTTP/1.1" 200 28922
66.249.71.60 - - [15/Nov/2015:06:19:17 +0800] "GET /content/repository/resource_content.jsp?oid=1102749&queryString=%E5%BF%8D%E5%86%AC%E5%B1%AC%20%E5%BF%8D%E5%86%AC%E7%A7%91%20%E6%A4%8D%E7%89%A9%E7%95%8C%20%E8%A3%A1%E7%99%BD%E5%BF%8D%E5%86%AC HTTP/1.1" 200 31372
66.249.71.60 - - [15/Nov/2015:06:19:24 +0800] "GET /content/nav/relationSubject.jsp?relationWords=%E4%BA%BA%E5%90%8D%E6%AC%8A%E5%A8%81+%E4%BF%84%E5%A2%83+&oid=661645 HTTP/1.1" 200 3225
66.249.71.72 - - [15/Nov/2015:06:19:25 +0800] "GET /content/nav/relationSubject.jsp?relationWords=%E4%BA%BA%E5%90%8D%E6%AC%8A%E5%A8%81%20%E4%BF%84%E5%A2%83%20&oid=661645 HTTP/1.1" 200 3225
66.249.71.60 - - [15/Nov/2015:06:20:00 +0800] "GET /content/repository/resource_content.jsp?oid=173432 HTTP/1.1" 200 30282
66.249.71.121 - - [15/Nov/2015:06:20:43 +0800] "GET /content/repository/resource_content.jsp?oid=2510782&queryType=qs&queryString=%E6%9C%9D%E9%82%91%E7%B8%A3 HTTP/1.1" 200 30221
66.249.71.60 - - [15/Nov/2015:06:21:56 +0800] "GET /content/nav/relationSubject.jsp?relationWords=%E8%87%BA%E7%81%A3%E9%80%9A%E4%BF%A1+&oid=4488525 HTTP/1.1" 200 2981
66.249.71.60 - - [15/Nov/2015:06:21:57 +0800] "GET /content/nav/relationSubject.jsp?relationWords=%E8%87%BA%E7%81%A3%E9%80%9A%E4%BF%A1%20&oid=4488525 HTTP/1.1" 200 2981
66.249.71.60 - - [15/Nov/2015:06:22:09 +0800] "GET /content/repository/resource_content.jsp?oid=2149353 HTTP/1.1" 200 31121
66.249.71.60 - - [15/Nov/2015:06:22:51 +0800] "GET /content/repository/resource_content.jsp?oid=1607044 HTTP/1.1" 200 28726
66.249.71.60 - - [15/Nov/2015:06:23:36 +0800] "GET /content/repository/resource_content.jsp?oid=1108253 HTTP/1.1" 200 30439
66.249.71.5 - - [15/Nov/2015:06:24:14 +0800] "GET /digiarch3/content/nav/relationSubject.jsp?relationWords=%E7%83%8F%E5%B0%BE%E5%86%AC%E4%BB%94+%E9%BB%83%E5%B0%BE+%E9%BB%83%E5%B0%BE%E6%A2%85%E9%AF%9B+&oid=15294 HTTP/1.1" 200 3447
66.249.71.64 - - [15/Nov/2015:06:24:15 +0800] "GET /content/nav/relationSubject.jsp?relationWords=%E4%BB%A3%E8%AA%B2%E6%95%99%E5%B8%AB+%E5%85%AC%E6%95%99%E4%BA%BA%E5%93%A1+%E5%B9%B4%E7%B5%82%E7%8D%8E%E9%87%91+&oid=1607044 HTTP/1.1" 200 4233
66.249.71.5 - - [15/Nov/2015:06:24:16 +0800] "GET /digiarch3/content/nav/relationSubject.jsp?relationWords=%E7%83%8F%E5%B0%BE%E5%86%AC%E4%BB%94%20%E9%BB%83%E5%B0%BE%20%E9%BB%83%E5%B0%BE%E6%A2%85%E9%AF%9B%20&oid=15294 HTTP/1.1" 200 3447
66.249.74.98 - - [15/Nov/2015:06:24:17 +0800] "GET /content/nav/relationSubject.jsp?relationWords=%E4%BB%A3%E8%AA%B2%E6%95%99%E5%B8%AB%20%E5%85%AC%E6%95%99%E4%BA%BA%E5%93%A1%20%E5%B9%B4%E7%B5%82%E7%8D%8E%E9%87%91%20&oid=1607044 HTTP/1.1" 200 4233
157.55.39.213 - - [15/Nov/2015:06:24:41 +0800] "GET /content/nav/relationSubject.jsp?relationWords=%E6%8B%93%E7%89%87+%E7%A7%A6%E7%8E%8B+&oid=16777556 HTTP/1.1" 200 5098
66.249.71.60 - - [15/Nov/2015:06:25:00 +0800] "GET /content/repository/resource_content.jsp?oid=226382 HTTP/1.1" 200 30078
66.249.71.5 - - [15/Nov/2015:06:25:43 +0800] "GET /content/repository/resource_content.jsp?oid=2686320&queryString=%E4%BA%8B%E6%8A%84%20%E5%90%8F%E9%83%A8%E5%B0%9A%E6%9B%B8 HTTP/1.1" 200 30656
66.249.71.5 - - [15/Nov/2015:06:25:49 +0800] "GET /content/nav/relationSubject.jsp?relationWords=%E5%90%8F%E9%83%A8%E5%B0%9A%E6%9B%B8+%E7%BF%B0%E6%9E%97%E9%99%A2+&oid=2686320 HTTP/1.1" 200 3176
66.249.71.5 - - [15/Nov/2015:06:25:51 +0800] "GET /content/nav/relationSubject.jsp?relationWords=%E5%90%8F%E9%83%A8%E5%B0%9A%E6%9B%B8%20%E7%BF%B0%E6%9E%97%E9%99%A2%20&oid=2686320 HTTP/1.1" 200 3176
66.249.71.72 - - [15/Nov/2015:06:25:52 +0800] "GET /content/nav/relationSubject.jsp?relationWords=&oid=831953 HTTP/1.1" 200 1405
66.249.71.64 - - [15/Nov/2015:06:26:26 +0800] "GET /content/repository/resource_content.jsp?oid=2581372 HTTP/1.1" 200 29047
66.249.71.60 - - [15/Nov/2015:06:27:09 +0800] "GET /content/repository/resource_content.jsp?oid=1634931&queryString=%E5%AD%B8%E6%A0%A1%E6%95%99%E5%B8%AB HTTP/1.1" 200 28864
66.249.71.64 - - [15/Nov/2015:06:27:52 +0800] "GET /content/repository/resource_content.jsp?oid=2520839 HTTP/1.1" 200 29789
66.249.71.72 - - [15/Nov/2015:06:28:01 +0800] "GET /content/nav/relationSubject.jsp?relationWords=%E7%9C%81%E6%94%BF%E5%BA%9C+%E7%BD%B0%E9%8D%B0+&oid=1535560 HTTP/1.1" 200 4492
66.249.71.60 - - [15/Nov/2015:06:28:03 +0800] "GET /content/nav/relationSubject.jsp?relationWords=%E7%9C%81%E6%94%BF%E5%BA%9C%20%E7%BD%B0%E9%8D%B0%20&oid=1535560 HTTP/1.1" 200 4492
66.249.71.60 - - [15/Nov/2015:06:28:26 +0800] "GET /content/nav/relationSubject.jsp?relationWords=%E6%97%A5%E6%9C%AC%E9%B8%9A%E9%AF%89+%E8%A0%94%E9%AD%9A+%E9%B8%9A%E5%93%A5+%E9%B8%9A%E5%93%A5%E9%AD%9A+%E9%B8%9A%E5%98%B4%E9%AD%9A+&oid=1081613 HTTP/1.1" 200 3517
66.249.71.60 - - [15/Nov/2015:06:28:35 +0800] "GET /content/repository/resource_content.jsp?oid=203498 HTTP/1.1" 200 30479
66.249.71.113 - - [15/Nov/2015:06:29:16 +0800] "GET /content/nav/relationSubject.jsp?relationWords=%E5%8E%9F%E6%BC%A2+%E5%99%B6%E7%91%AA%E8%98%AD%E6%97%8F+%E5%A4%AA%E9%AD%AF%E9%96%A3%E6%97%8F+%E6%B3%B0%E9%9B%85%E6%97%8F+&oid=1777789 HTTP/1.1" 200 3906
66.249.71.60 - - [15/Nov/2015:06:29:18 +0800] "GET /content/repository/resource_content.jsp?oid=2590416 HTTP/1.1" 200 29355
66.249.71.105 - - [15/Nov/2015:06:29:18 +0800] "GET /content/nav/relationSubject.jsp?relationWords=%E5%8E%9F%E6%BC%A2%20%E5%99%B6%E7%91%AA%E8%98%AD%E6%97%8F%20%E5%A4%AA%E9%AD%AF%E9%96%A3%E6%97%8F%20%E6%B3%B0%E9%9B%85%E6%97%8F%20&oid=1777789 HTTP/1.1" 200 3906
66.249.71.64 - - [15/Nov/2015:06:30:01 +0800] "GET /content/repository/resource_content.jsp?oid=1540332 HTTP/1.1" 200 29234
66.249.71.60 - - [15/Nov/2015:06:30:44 +0800] "GET /content/repository/resource_content.jsp?oid=1567951 HTTP/1.1" 200 29735
66.249.71.60 - - [15/Nov/2015:06:30:59 +0800] "GET /content/repository/resource_content.jsp?oid=1891494 HTTP/1.1" 200 28467
66.249.71.60 - - [15/Nov/2015:06:31:27 +0800] "GET /content/repository/resource_content.jsp?oid=2151358 HTTP/1.1" 200 31149
