66.249.71.50 - - [09/Oct/2015:09:49:16 +0800] "GET /content/nav/relationSubject.jsp?relationWords=%E4%BA%BA%E5%90%8D%E6%AC%8A%E5%A8%81+%E5%9C%8B%E4%BB%A3+%E8%91%97%E4%BD%9C%E6%AC%8A+&oid=759524 HTTP/1.1" 200 5718
66.249.71.41 - - [09/Oct/2015:09:49:19 +0800] "GET /content/nav/relationSubject.jsp?relationWords=%E4%BA%BA%E5%90%8D%E6%AC%8A%E5%A8%81%20%E5%9C%8B%E4%BB%A3%20%E8%91%97%E4%BD%9C%E6%AC%8A%20&oid=759524 HTTP/1.1" 200 5718
68.180.228.24 - - [09/Oct/2015:09:49:27 +0800] "GET /content/pictures/picture_content.jsp?oid=33554814 HTTP/1.1" 200 27631
66.249.71.41 - - [09/Oct/2015:09:49:51 +0800] "GET /content/nav/relationSubject.jsp?relationWords=%E5%85%AC%E5%B8%91+%E5%95%86%E8%81%B7+%E5%BC%B5%E4%BF%8A%E9%9B%84+%E5%BC%B5%E8%B2%B4%E6%9C%A8+%E6%9E%97%E7%BE%A9%E9%9B%84+%E6%A0%A1%E8%88%8D+%E7%9C%81%E6%94%BF%E5%BA%9C+%E8%81%B7%E6%A0%A1+%E8%87%BA%E7%81%A3%E7%9C%81%E8%AD%B0%E6%9C%83+%E9%99%B3%E9%8C%AB+&oid=1896752 HTTP/1.1" 200 4564
66.249.71.41 - - [09/Oct/2015:09:49:52 +0800] "GET /content/nav/relationSubject.jsp?relationWords=%E5%85%AC%E5%B8%91%20%E5%95%86%E8%81%B7%20%E5%BC%B5%E4%BF%8A%E9%9B%84%20%E5%BC%B5%E8%B2%B4%E6%9C%A8%20%E6%9E%97%E7%BE%A9%E9%9B%84%20%E6%A0%A1%E8%88%8D%20%E7%9C%81%E6%94%BF%E5%BA%9C%20%E8%81%B7%E6%A0%A1%20%E8%87%BA%E7%81%A3%E7%9C%81%E8%AD%B0%E6%9C%83%20%E9%99%B3%E9%8C%AB%20&oid=1896752 HTTP/1.1" 200 4564
68.180.228.24 - - [09/Oct/2015:09:50:07 +0800] "GET /digiarch_en/content/subject/resource_content.jsp?oid=16777601&queryType=qc HTTP/1.1" 200 46195
157.55.39.50 - - [09/Oct/2015:09:50:10 +0800] "GET /content/tmp_exh/resource_content.jsp?oid=16777724&queryType=qc HTTP/1.1" 200 26196
66.249.71.50 - - [09/Oct/2015:09:50:28 +0800] "GET /content/nav/relationSubject.jsp?relationWords=%E5%81%8F%E9%81%A0%E5%9C%B0%E5%8D%80+%E5%85%AC%E5%91%8A%E5%9C%B0%E5%83%B9+%E5%85%AC%E7%AB%8B%E9%86%AB%E9%99%A2+%E5%8B%9E%E4%BF%9D+%E5%98%89%E7%BE%A9%E9%86%AB%E9%99%A2+%E5%9C%9F%E5%9C%B0%E6%89%80%E6%9C%89%E6%AC%8A+%E5%9C%B0%E6%94%BF%E8%99%95+%E5%B8%AB%E5%B0%88+%E6%89%80%E6%9C%89%E6%AC%8A%E4%BA%BA+%E6%B0%91%E6%94%BF%E5%BB%B3+%E7%A4%BE%E5%B7%A5+%E7%A4%BE%E6%9C%83%E5%B7%A5%E4%BD%9C+%E7%A4%BE%E6%9C%83%E7%A6%8F%E5%88%A9+%E7%A4%BE%E6%9C%83%E8%99%95+%E8%87%AA%E4%B8%BB%E6%AC%8A+%E8%99%95%E9%95%B7+%E8%A1%9B%E7%94%9F%E6%89%80+%E8%A1%9B%E7%94%9F%E8%99%95+%E8%AA%BF%E8%A7%A3%E5%A7%94%E5%93%A1%E6%9C%83+%E8%AD%A6%E5%8B%99%E8%99%95+%E8%BB%8A%E7%A6%8D+%E8%BD%89%E8%BB%AB+&oid=1597580 HTTP/1.1" 200 4179
66.249.71.59 - - [09/Oct/2015:09:50:31 +0800] "GET /content/nav/relationSubject.jsp?relationWords=%E5%81%8F%E9%81%A0%E5%9C%B0%E5%8D%80%20%E5%85%AC%E5%91%8A%E5%9C%B0%E5%83%B9%20%E5%85%AC%E7%AB%8B%E9%86%AB%E9%99%A2%20%E5%8B%9E%E4%BF%9D%20%E5%98%89%E7%BE%A9%E9%86%AB%E9%99%A2%20%E5%9C%9F%E5%9C%B0%E6%89%80%E6%9C%89%E6%AC%8A%20%E5%9C%B0%E6%94%BF%E8%99%95%20%E5%B8%AB%E5%B0%88%20%E6%89%80%E6%9C%89%E6%AC%8A%E4%BA%BA%20%E6%B0%91%E6%94%BF%E5%BB%B3%20%E7%A4%BE%E5%B7%A5%20%E7%A4%BE%E6%9C%83%E5%B7%A5%E4%BD%9C%20%E7%A4%BE%E6%9C%83%E7%A6%8F%E5%88%A9%20%E7%A4%BE%E6%9C%83%E8%99%95%20%E8%87%AA%E4%B8%BB%E6%AC%8A%20%E8%99%95%E9%95%B7%20%E8%A1%9B%E7%94%9F%E6%89%80%20%E8%A1%9B%E7%94%9F%E8%99%95%20%E8%AA%BF%E8%A7%A3%E5%A7%94%E5%93%A1%E6%9C%83%20%E8%AD%A6%E5%8B%99%E8%99%95%20%E8%BB%8A%E7%A6%8D%20%E8%BD%89%E8%BB%AB%20&oid=1597580 HTTP/1.1" 200 4179
66.249.77.97 - - [09/Oct/2015:09:50:53 +0800] "GET /content/subject/resource_content.jsp?oid=16777293&queryString=%E5%A4%A7%E8%91%89%E5%B1%B1%E6%AC%96%20%E5%B1%B1%E6%AC%96%20%E6%9F%BF%E6%A8%B9%20%E6%A4%8D%E7%89%A9%E7%95%8C HTTP/1.1" 200 32388
66.249.77.91 - - [09/Oct/2015:09:52:33 +0800] "GET /content/subject/resource_content.jsp?oid=16777706&queryType=qs&queryString=%E6%AF%94%E4%BE%8B%E5%B0%BA HTTP/1.1" 200 53812
66.249.71.72 - - [09/Oct/2015:09:52:47 +0800] "GET /content/nav/relationSubject.jsp?relationWords=&oid=1580345 HTTP/1.1" 200 1405
66.249.77.91 - - [09/Oct/2015:09:53:22 +0800] "GET /content/nav/relationSubject.jsp?relationWords=%E4%BA%BA%E5%90%8D%E6%AC%8A%E5%A8%81+%E5%85%AC%E5%82%B5+%E6%8C%AA%E5%A8%81+%E6%B9%AF%E5%A7%86+%E9%A1%8F%E6%83%A0%E6%85%B6+&oid=744702 HTTP/1.1" 200 5101
66.249.77.85 - - [09/Oct/2015:09:53:24 +0800] "GET /content/nav/relationSubject.jsp?relationWords=%E7%A6%AE%E9%83%A8+%E9%8A%9C%E5%90%8D+&oid=2674941 HTTP/1.1" 200 3095
66.249.77.91 - - [09/Oct/2015:09:53:25 +0800] "GET /content/nav/relationSubject.jsp?relationWords=%E4%BA%BA%E5%90%8D%E6%AC%8A%E5%A8%81%20%E5%85%AC%E5%82%B5%20%E6%8C%AA%E5%A8%81%20%E6%B9%AF%E5%A7%86%20%E9%A1%8F%E6%83%A0%E6%85%B6%20&oid=744702 HTTP/1.1" 200 5101
66.249.77.97 - - [09/Oct/2015:09:53:26 +0800] "GET /content/nav/relationSubject.jsp?relationWords=%E7%A6%AE%E9%83%A8%20%E9%8A%9C%E5%90%8D%20&oid=2674941 HTTP/1.1" 200 3095
65.52.240.20 - - [09/Oct/2015:09:53:44 +0800] "GET /content/subject/resource_content.jsp?oid=16777569&queryString HTTP/1.1" 200 55973
66.249.77.85 - - [09/Oct/2015:09:53:55 +0800] "GET /content/subject/resource_content.jsp?oid=16777299&queryType=qs&queryString=%E7%A4%BE%E6%9C%83%E7%A7%91%E5%AD%B8 HTTP/1.1" 200 36035
157.55.39.45 - - [09/Oct/2015:09:55:00 +0800] "GET /digiarch_en/content/subject/resource_content.jsp?oid=16777559&queryType=qc HTTP/1.1" 200 32034
66.249.71.72 - - [09/Oct/2015:09:55:29 +0800] "GET /content/nav/relationSubject.jsp?relationWords=&oid=1850147 HTTP/1.1" 200 1405
66.249.77.97 - - [09/Oct/2015:09:55:34 +0800] "GET /content/subject/resource_content.jsp?oid=16777575&queryString=%E5%8F%A4%E5%9C%B0%E5%9C%96 HTTP/1.1" 200 29096
66.249.71.41 - - [09/Oct/2015:09:55:41 +0800] "GET /content/nav/relationSubject.jsp?relationWords=%E5%8F%83%E8%AD%B0%E6%9C%83%20%E5%8F%B0%E7%81%A3%E7%9C%81%20%E8%A1%8C%E6%94%BF%E9%95%B7%E5%AE%98%E5%85%AC%E7%BD%B2%20&oid=1515331 HTTP/1.1" 200 4559
66.249.71.72 - - [09/Oct/2015:09:55:51 +0800] "GET /content/repository/resource_content.jsp?oid=1814599 HTTP/1.1" 200 29082
66.249.71.113 - - [09/Oct/2015:09:57:30 +0800] "GET /content/repository/resource_content.jsp?oid=4353946&queryType=qs&queryString=%E8%A7%92%E9%AD%9A HTTP/1.1" 200 34247
220.181.108.113 - - [09/Oct/2015:09:57:36 +0800] "GET /digiarch_en/content/pictures/picture_content.jsp?oid=33554834&queryType=qc HTTP/1.1" 200 21974
220.181.108.110 - - [09/Oct/2015:09:57:53 +0800] "GET /digiarch_en/content/nav/relationSubject.jsp?relationWords=%E6%9C%88%E6%96%91%E8%9D%B4%E8%9D%B6%E9%AD%9A+%E8%9D%B4%E8%9D%B6%E9%AD%9A+&oid=33554834 HTTP/1.1" 200 3397
37.59.19.36 - - [09/Oct/2015:09:59:01 +0800] "GET /content/subject/resource_content.jsp?oid=16777785&queryType=qc HTTP/1.1" 200 49917
66.249.77.91 - - [09/Oct/2015:09:59:09 +0800] "GET /content/repository/resource_content.jsp?oid=1884301&queryType=qs&queryString=%E6%AD%9B%E5%8F%A3 HTTP/1.1" 200 29297
66.249.71.41 - - [09/Oct/2015:10:00:24 +0800] "GET /content/nav/relationSubject.jsp?relationWords=%E5%85%AC%E8%B7%AF%E5%B1%80+%E6%9D%8E%E6%BA%90%E6%A3%A7+%E6%9F%A5%E6%9F%90+%E8%AD%A6%E5%8B%99%E8%99%95+%E8%B3%AA%E8%A9%A2+&oid=1560574 HTTP/1.1" 200 5776
66.249.71.50 - - [09/Oct/2015:10:00:26 +0800] "GET /content/nav/relationSubject.jsp?relationWords=%E5%85%AC%E8%B7%AF%E5%B1%80%20%E6%9D%8E%E6%BA%90%E6%A3%A7%20%E6%9F%A5%E6%9F%90%20%E8%AD%A6%E5%8B%99%E8%99%95%20%E8%B3%AA%E8%A9%A2%20&oid=1560574 HTTP/1.1" 200 5776
66.249.71.72 - - [09/Oct/2015:10:01:08 +0800] "GET /content/nav/relationSubject.jsp?relationWords=%E5%B1%B1%E8%9E%9E%E8%9D%97%20%E5%B1%B1%E8%9E%9E%E8%9D%97%E5%B1%AC%20%E6%A4%8D%E7%89%A9%E7%95%8C%20%E8%9E%9E%E8%9D%97%20%E8%A0%B6%E8%B1%86%20%E8%AE%8A%E8%91%89%E5%B1%B1%E8%9E%9E%E8%9D%97%20%E9%9B%99%E5%AD%90%E8%91%89%20%E9%9B%99%E5%AD%90%E8%91%89%E6%A4%8D%E7%89%A9%20&oid=2147686 HTTP/1.1" 200 3607
66.249.71.64 - - [09/Oct/2015:10:02:27 +0800] "GET /content/repository/resource_content.jsp?oid=2615306 HTTP/1.1" 200 29391
157.55.39.126 - - [09/Oct/2015:10:02:32 +0800] "GET /digiarch/content/repository/resource_content.jsp?oid=1812500 HTTP/1.1" 404 14873
66.249.71.72 - - [09/Oct/2015:10:03:21 +0800] "GET /content/nav/relationSubject.jsp?relationWords=%E5%BF%8D%E5%86%AC%E7%A7%91+%E6%A4%8D%E7%89%A9%E7%95%8C+%E7%8B%B9%E8%91%89+&oid=1463338 HTTP/1.1" 200 3404
66.249.71.64 - - [09/Oct/2015:10:03:23 +0800] "GET /content/nav/relationSubject.jsp?relationWords=%E5%BF%8D%E5%86%AC%E7%A7%91%20%E6%A4%8D%E7%89%A9%E7%95%8C%20%E7%8B%B9%E8%91%89%20&oid=1463338 HTTP/1.1" 200 3404
180.76.15.25 - - [09/Oct/2015:10:03:50 +0800] "GET /content/repository/resource_content.jsp?oid=591766&queryString=%E5%BB%B6%E9%97%93%20%E8%AD%9A%E5%BB%B6%E9%97%93 HTTP/1.1" 200 28498
66.249.74.60 - - [09/Oct/2015:10:04:35 +0800] "GET /content/nav/relationSubject.jsp?relationWords=%E5%87%8C%E7%B4%94%E8%81%B2+%E5%A5%91%E7%B4%84%E6%96%87%E6%9B%B8+%E8%81%98%E6%9B%B8+&oid=4364524 HTTP/1.1" 200 3189
66.249.71.41 - - [09/Oct/2015:10:04:37 +0800] "GET /content/nav/relationSubject.jsp?relationWords=%E5%87%8C%E7%B4%94%E8%81%B2%20%E5%A5%91%E7%B4%84%E6%96%87%E6%9B%B8%20%E8%81%98%E6%9B%B8%20&oid=4364524 HTTP/1.1" 200 3189
61.223.83.139 - - [09/Oct/2015:10:04:40 +0800] "GET /content/nav/relationSubject.jsp?relationWords=%E9%BB%91%E6%9D%BF%E6%A8%B9+&oid=16777262 HTTP/1.1" 200 3253
66.249.71.64 - - [09/Oct/2015:10:05:45 +0800] "GET /content/repository/resource_content.jsp?oid=1894337 HTTP/1.1" 200 28346
66.249.71.60 - - [09/Oct/2015:10:05:50 +0800] "GET /content/nav/relationSubject.jsp?relationWords=%E4%BF%84%E6%B3%95+%E6%B1%9F%E6%B5%B7%E9%97%9C+&oid=798879 HTTP/1.1" 200 3149
66.249.71.72 - - [09/Oct/2015:10:05:52 +0800] "GET /content/nav/relationSubject.jsp?relationWords=%E4%BF%84%E6%B3%95%20%E6%B1%9F%E6%B5%B7%E9%97%9C%20&oid=798879 HTTP/1.1" 200 3149
66.249.74.21 - - [09/Oct/2015:10:06:15 +0800] "GET /content/subject/resource_content.jsp?oid=16777497&queryType=qs&queryString=%E7%B6%B2%E7%AB%99%E6%9C%8D%E5%8B%99 HTTP/1.1" 200 40732
66.249.71.64 - - [09/Oct/2015:10:06:45 +0800] "GET /content/nav/relationSubject.jsp?relationWords=%E9%99%B8%E6%B8%AC%E5%9C%96+&oid=221658 HTTP/1.1" 200 3079
66.249.71.60 - - [09/Oct/2015:10:06:47 +0800] "GET /content/nav/relationSubject.jsp?relationWords=%E9%99%B8%E6%B8%AC%E5%9C%96%20&oid=221658 HTTP/1.1" 200 3079
66.249.71.60 - - [09/Oct/2015:10:06:51 +0800] "GET /content/nav/relationSubject.jsp?relationWords=%E5%85%AC%E8%B7%AF%E5%B1%80%20%E5%8D%A1%E8%BB%8A%20%E6%96%87%E7%A5%A5%20%E7%89%8C%E7%85%A7%20%E8%87%BA%E5%8D%97%E7%B8%A3%20%E8%95%AD%E6%96%87%E7%A5%A5%20&oid=1525052 HTTP/1.1" 200 3582
61.230.64.144 - - [09/Oct/2015:10:07:00 +0800] "GET /content/subject/resource_content.jsp?oid=16777569&queryString HTTP/1.1" 200 55973
61.230.64.144 - - [09/Oct/2015:10:07:01 +0800] "GET /content/nav/relationSubject.jsp?relationWords=%E5%BE%B7%E5%A5%A7+%E6%88%B0%E4%BF%98+&oid=16777569 HTTP/1.1" 200 3574
66.249.71.60 - - [09/Oct/2015:10:07:16 +0800] "GET /content/nav/relationSubject.jsp?relationWords=&oid=1614872 HTTP/1.1" 200 1405
61.223.83.139 - - [09/Oct/2015:10:07:20 +0800] "GET /content/nav/relationSubject.jsp?relationWords=%E9%BB%91%E6%9D%BF%E6%A8%B9+&oid=16777262 HTTP/1.1" 200 3253
66.249.71.72 - - [09/Oct/2015:10:07:24 +0800] "GET /content/repository/resource_content.jsp?oid=1584477 HTTP/1.1" 200 28710
66.249.71.60 - - [09/Oct/2015:10:08:39 +0800] "GET /content/nav/relationSubject.jsp?relationWords=%E4%BA%BA%E5%90%8D%E6%AC%8A%E5%A8%81+%E5%A4%8F%E8%A9%92%E9%9C%86+%E7%A7%98%E9%AD%AF+&oid=757205 HTTP/1.1" 200 3438
66.249.74.18 - - [09/Oct/2015:10:08:52 +0800] "GET /content/nav/relationSubject.jsp?relationWords=%E4%BA%BA%E5%90%8D%E6%AC%8A%E5%A8%81%20%E5%A4%8F%E8%A9%92%E9%9C%86%20%E7%A7%98%E9%AD%AF%20&oid=757205 HTTP/1.1" 200 3438
66.249.71.60 - - [09/Oct/2015:10:09:03 +0800] "GET /content/repository/resource_content.jsp?oid=1841917 HTTP/1.1" 200 28758
66.249.71.41 - - [09/Oct/2015:10:09:09 +0800] "GET /content/nav/relationSubject.jsp?relationWords=%E6%95%99%E8%82%B2%E6%A1%88+%E8%AA%B2%E7%A8%8B%E6%A8%99%E6%BA%96+&oid=1560142 HTTP/1.1" 200 3421
66.249.71.50 - - [09/Oct/2015:10:09:11 +0800] "GET /content/nav/relationSubject.jsp?relationWords=%E6%95%99%E8%82%B2%E6%A1%88%20%E8%AA%B2%E7%A8%8B%E6%A8%99%E6%BA%96%20&oid=1560142 HTTP/1.1" 200 3421
157.55.39.147 - - [09/Oct/2015:10:09:33 +0800] "GET /digiarch_en/content/subject/resource_content.jsp?oid=16777395&queryType=qc HTTP/1.1" 200 29084
220.134.113.189 - - [09/Oct/2015:10:09:34 +0800] "GET /content/subject/resource_content.jsp?oid=16777569&queryString HTTP/1.1" 200 55973
220.134.113.189 - - [09/Oct/2015:10:09:36 +0800] "GET /content/nav/relationSubject.jsp?relationWords=%E5%BE%B7%E5%A5%A7+%E6%88%B0%E4%BF%98+&oid=16777569 HTTP/1.1" 200 3574
157.55.39.148 - - [09/Oct/2015:10:09:56 +0800] "GET /content/repository/resource_content.jsp?oid=2616062 HTTP/1.1" 200 28863
66.249.71.72 - - [09/Oct/2015:10:10:22 +0800] "GET /content/nav/relationSubject.jsp?relationWords=&oid=825985 HTTP/1.1" 200 1405
66.249.71.60 - - [09/Oct/2015:10:10:42 +0800] "GET /content/repository/resource_content.jsp?oid=1826644 HTTP/1.1" 200 28511
66.249.74.18 - - [09/Oct/2015:10:11:01 +0800] "GET /content/nav/relationSubject.jsp?relationWords=&oid=1813610 HTTP/1.1" 200 1405
66.249.71.64 - - [09/Oct/2015:10:11:28 +0800] "GET /content/nav/relationSubject.jsp?relationWords=%E5%91%82%E5%AE%89%E5%BE%B7+%E5%BA%9C%E5%BB%BA%E6%B0%B4+%E6%B0%B4%E5%AD%97+%E7%99%BD%E6%B2%B3%E6%B0%B4%E5%BA%AB+%E8%91%89%E5%AF%92%E9%9D%92+%E8%91%A3%E9%8C%A6%E6%A8%B9+%E9%AB%98%E8%82%B2%E4%BB%81+&oid=1585335 HTTP/1.1" 200 4875
66.249.74.21 - - [09/Oct/2015:10:11:30 +0800] "GET /content/nav/relationSubject.jsp?relationWords=%E5%91%82%E5%AE%89%E5%BE%B7%20%E5%BA%9C%E5%BB%BA%E6%B0%B4%20%E6%B0%B4%E5%AD%97%20%E7%99%BD%E6%B2%B3%E6%B0%B4%E5%BA%AB%20%E8%91%89%E5%AF%92%E9%9D%92%20%E8%91%A3%E9%8C%A6%E6%A8%B9%20%E9%AB%98%E8%82%B2%E4%BB%81%20&oid=1585335 HTTP/1.1" 200 4875
220.134.113.189 - - [09/Oct/2015:10:11:49 +0800] "GET /content/repository/resource_content.jsp?oid=673998&queryString=%E5%BE%B7%E5%A5%A7%20%E6%88%B0%E4%BF%98 HTTP/1.1" 200 28849
220.134.113.189 - - [09/Oct/2015:10:11:49 +0800] "GET /content/nav/relationSubject.jsp?relationWords=%E4%BA%BA%E5%90%8D%E6%AC%8A%E5%A8%81+%E5%A4%96%E4%BA%A4%E9%83%A8+%E5%A5%A7%E4%BF%98+%E5%BE%B7%E5%A5%A7+%E5%BE%B7%E5%A5%A7%E4%BF%98+%E5%BE%B7%E5%A5%A7%E4%BF%98%E8%99%9C+%E8%8F%AF%E5%A2%83+&oid=673998 HTTP/1.1" 200 4841
42.66.10.57 - - [09/Oct/2015:10:11:58 +0800] "GET /content/subject/resource_content.jsp?oid=16797287&queryType=qc HTTP/1.1" 200 88698
42.66.10.57 - - [09/Oct/2015:10:12:00 +0800] "GET /content/nav/relationSubject.jsp?relationWords=%E5%8F%B0%E7%81%A3%E5%8E%9F%E4%BD%8F%E6%B0%91+&oid=16797287 HTTP/1.1" 200 4742
66.249.71.60 - - [09/Oct/2015:10:12:21 +0800] "GET /content/repository/resource_content.jsp?oid=1871865 HTTP/1.1" 200 29505
203.73.18.219 - - [09/Oct/2015:10:12:47 +0800] "GET /content/subject/resource_content.jsp?oid=16777569&queryString HTTP/1.1" 200 55973
157.55.39.28 - - [09/Oct/2015:10:13:02 +0800] "GET /content/nav/relationSubject.jsp?relationWords=%E6%AA%AC%E6%9E%9C+%E8%8A%92%E6%9E%9C+&oid=16777508 HTTP/1.1" 200 4379
66.249.71.72 - - [09/Oct/2015:10:14:01 +0800] "GET /content/repository/resource_content.jsp?oid=2541782 HTTP/1.1" 200 28795
42.75.254.144 - - [09/Oct/2015:10:15:33 +0800] "GET /content/nav/relationSubject.jsp?relationWords=%E7%A9%97%E8%8A%B1%E5%B1%B1%E5%A5%88+%E9%87%8E%E8%96%91%E8%8A%B1+&oid=16777263 HTTP/1.1" 200 3284
42.75.112.197 - - [09/Oct/2015:10:15:34 +0800] "GET /content/subject/resource_content.jsp?oid=16777569&queryString HTTP/1.1" 200 55973
42.75.112.197 - - [09/Oct/2015:10:15:36 +0800] "GET /content/nav/relationSubject.jsp?relationWords=%E5%BE%B7%E5%A5%A7+%E6%88%B0%E4%BF%98+&oid=16777569 HTTP/1.1" 200 3574
66.249.71.60 - - [09/Oct/2015:10:15:40 +0800] "GET /content/repository/resource_content.jsp?oid=1882024 HTTP/1.1" 200 29142
157.55.39.29 - - [09/Oct/2015:10:15:50 +0800] "GET /content/nav/relationSubject.jsp?relationWords=%E6%A1%83%E7%AC%A6+%E7%A5%9E%E8%8D%BC+%E9%AC%B1%E5%A3%98+&oid=16777450 HTTP/1.1" 200 4156
66.249.77.97 - - [09/Oct/2015:10:17:19 +0800] "GET /content/repository/resource_content.jsp?oid=2536319&queryString=%E5%A7%91%E5%A1%98%20%E6%96%B0%E7%B4%84%20%E7%85%A7%E6%96%B0 HTTP/1.1" 200 29689
210.71.171.98 - - [09/Oct/2015:10:17:21 +0800] "GET /content/nav/relationSubject.jsp?relationWords=%E5%A4%A7%E8%91%89%E5%B1%B1+%E5%A4%A7%E8%91%89%E5%B1%B1%E6%AC%96+%E5%B1%B1%E6%AC%96+%E6%8B%BC%E6%9D%BF%E8%88%9F+%E9%81%94%E6%82%9F+%E9%81%94%E6%82%9F%E6%97%8F+&oid=16777270 HTTP/1.1" 200 4822
66.249.71.64 - - [09/Oct/2015:10:18:25 +0800] "GET /content/subject/resource_content.jsp?oid=16777354 HTTP/1.1" 200 27813
180.76.15.135 - - [09/Oct/2015:10:18:50 +0800] "GET /content/repository/resource_content.jsp?oid=2146702&queryString=%E6%A0%A1%E6%AC%91%20%E6%A4%86%E5%B1%AC%20%E6%A4%8D%E7%89%A9%E7%95%8C%20%E6%AE%BC%E6%96%97%E7%A7%91%20%E9%90%B5%E6%A4%86%20%E9%9D%92%E5%89%9B%E6%AB%9F HTTP/1.1" 200 31344
66.249.71.164 - - [09/Oct/2015:10:18:58 +0800] "GET /content/repository/resource_content.jsp?oid=1111493&queryString=%E7%BE%85%E6%BC%A2%E6%9D%BE%20%E8%98%AD%E5%B6%BC%E7%BE%85%E6%BC%A2%E6%9D%BE HTTP/1.1" 200 31294
66.249.71.72 - - [09/Oct/2015:10:20:45 +0800] "GET /digiarch_en/content/nav/relationSubject.jsp?relationWords=%E5%B8%AB%E7%AF%84%E5%AD%B8%E6%A0%A1+%E6%95%99%E8%82%B2%E6%A1%88+%E8%87%BA%E5%8D%97%E5%B8%82+%E8%87%BA%E5%8D%97%E5%B8%AB%E7%AF%84+&oid=1546895 HTTP/1.1" 200 3592
66.249.71.64 - - [09/Oct/2015:10:20:50 +0800] "GET /digiarch_en/content/nav/relationSubject.jsp?relationWords=%E5%B8%AB%E7%AF%84%E5%AD%B8%E6%A0%A1%20%E6%95%99%E8%82%B2%E6%A1%88%20%E8%87%BA%E5%8D%97%E5%B8%82%20%E8%87%BA%E5%8D%97%E5%B8%AB%E7%AF%84%20&oid=1546895 HTTP/1.1" 200 3592
123.241.69.154 - - [09/Oct/2015:10:22:14 +0800] "GET /content/nav/relationSubject.jsp?relationWords=%E5%8F%B0%E7%81%A3%E6%AC%92%E6%A8%B9+%E6%AC%92%E6%A8%B9+%E8%8B%A6%E8%8B%93+%E8%8B%A6%E8%8B%93%E8%88%85+&oid=16777254 HTTP/1.1" 200 4383
220.132.172.91 - - [09/Oct/2015:10:22:16 +0800] "GET /content/tmp_tec/resource_content.jsp?oid=16777714 HTTP/1.1" 200 38293
66.249.71.113 - - [09/Oct/2015:10:22:17 +0800] "GET /content/repository/resource_content.jsp?oid=2687414&queryType=qs&queryString=%E7%8F%AD%E9%A4%A8 HTTP/1.1" 200 30127
220.132.172.91 - - [09/Oct/2015:10:22:21 +0800] "GET /content/nav/relationSubject.jsp?relationWords=GIS+%E5%9C%B0%E5%BD%A2%E5%9C%96+%E5%A0%A1%E5%9C%96+%E8%95%83%E5%9C%B0+&oid=16777714 HTTP/1.1" 200 4619
66.249.74.18 - - [09/Oct/2015:10:22:49 +0800] "GET /content/nav/relationSubject.jsp?relationWords=%E5%82%AC%E7%A7%91+&oid=2549213 HTTP/1.1" 200 3108
66.249.71.72 - - [09/Oct/2015:10:22:50 +0800] "GET /content/nav/relationSubject.jsp?relationWords=%E5%82%AC%E7%A7%91%20&oid=2549213 HTTP/1.1" 200 3108
66.249.71.64 - - [09/Oct/2015:10:23:55 +0800] "GET /content/repository/resource_content.jsp?oid=1625011 HTTP/1.1" 200 28848
52.19.43.172 - - [09/Oct/2015:10:24:15 +0800] "GET /content/subject/resource_content.jsp?oid=16777721&queryType=qc HTTP/1.1" 200 36360
66.249.71.60 - - [09/Oct/2015:10:25:02 +0800] "GET /content/nav/relationSubject.jsp?relationWords=%E5%9C%9F%E9%BB%A8%E5%8F%83+%E5%9C%9F%E9%BB%A8%E5%8F%83%E5%B1%AC+%E6%A1%94%E6%A2%97+%E6%A1%94%E6%A2%97%E7%A7%91+%E6%A4%8D%E7%89%A9%E7%95%8C+%E9%87%91%E9%8C%A2%E8%B1%B9+%E9%BB%A8%E5%8F%83+&oid=1102234 HTTP/1.1" 200 3494
66.249.71.64 - - [09/Oct/2015:10:25:06 +0800] "GET /content/nav/relationSubject.jsp?relationWords=%E5%9C%9F%E9%BB%A8%E5%8F%83%20%E5%9C%9F%E9%BB%A8%E5%8F%83%E5%B1%AC%20%E6%A1%94%E6%A2%97%20%E6%A1%94%E6%A2%97%E7%A7%91%20%E6%A4%8D%E7%89%A9%E7%95%8C%20%E9%87%91%E9%8C%A2%E8%B1%B9%20%E9%BB%A8%E5%8F%83%20&oid=1102234 HTTP/1.1" 200 3494
66.249.71.72 - - [09/Oct/2015:10:25:21 +0800] "GET /content/nav/relationSubject.jsp?relationWords=%E8%94%A1%E7%BE%8E+%E9%84%AD%E9%87%91%E9%88%B4+%E9%8D%BE%E7%B4%B9+%E9%8D%BE%E7%B4%B9%E5%92%8C+&oid=1893979 HTTP/1.1" 200 3251
157.55.39.76 - - [09/Oct/2015:10:25:22 +0800] "GET /content/nav/relationSubject.jsp?relationWords=%E5%8F%B0%E6%9D%B1%E8%98%87%E9%90%B5+&oid=16777386 HTTP/1.1" 200 4092
66.249.71.72 - - [09/Oct/2015:10:25:25 +0800] "GET /content/nav/relationSubject.jsp?relationWords=%E8%94%A1%E7%BE%8E%20%E9%84%AD%E9%87%91%E9%88%B4%20%E9%8D%BE%E7%B4%B9%20%E9%8D%BE%E7%B4%B9%E5%92%8C%20&oid=1893979 HTTP/1.1" 200 3251
66.249.71.64 - - [09/Oct/2015:10:25:34 +0800] "GET /content/repository/resource_content.jsp?oid=175543 HTTP/1.1" 200 30104
66.249.71.72 - - [09/Oct/2015:10:25:41 +0800] "GET /content/subject/resource_content.jsp?oid=16777571&queryString=%E5%A5%B3%E6%80%A7%20%E6%94%BF%E6%B2%BB%20%E6%97%A5%E8%A8%98%20%E6%9E%97%E7%8D%BB%E5%A0%82%20%E7%81%8C%E5%9C%92%E5%85%88%E7%94%9F HTTP/1.1" 500 15712
66.249.71.41 - - [09/Oct/2015:10:26:59 +0800] "GET /content/nav/relationSubject.jsp?relationWords=%E6%8B%93%E7%89%87+%E7%94%B2%E9%AA%A8+%E7%94%B2%E9%AA%A8%E6%96%87+%E7%A5%96%E4%B9%99+&oid=3040289 HTTP/1.1" 200 4676
66.249.71.59 - - [09/Oct/2015:10:27:00 +0800] "GET /content/nav/relationSubject.jsp?relationWords=%E6%8B%93%E7%89%87%20%E7%94%B2%E9%AA%A8%20%E7%94%B2%E9%AA%A8%E6%96%87%20%E7%A5%96%E4%B9%99%20&oid=3040289 HTTP/1.1" 200 4676
66.249.71.60 - - [09/Oct/2015:10:27:13 +0800] "GET /content/subject/resource_content.jsp?oid=16777569&queryString=%E5%A5%B3%E6%80%A7%20%E6%94%BF%E6%B2%BB%20%E6%97%A5%E8%A8%98%20%E6%9E%97%E7%8D%BB%E5%A0%82%20%E7%81%8C%E5%9C%92%E5%85%88%E7%94%9F HTTP/1.1" 500 15712
66.249.71.164 - - [09/Oct/2015:10:27:24 +0800] "GET /content/repository/resource_content.jsp?oid=2684864&queryType=qs&queryString=%E7%B7%B4%E6%B9%96 HTTP/1.1" 200 30430
66.249.71.64 - - [09/Oct/2015:10:28:52 +0800] "GET /content/repository/resource_content.jsp?oid=1457324 HTTP/1.1" 200 31032
66.249.71.60 - - [09/Oct/2015:10:28:52 +0800] "GET /content/subject/resource_content.jsp?oid=16777408&queryString=%E5%A5%B3%E6%80%A7%20%E6%94%BF%E6%B2%BB%20%E6%97%A5%E8%A8%98%20%E6%9E%97%E7%8D%BB%E5%A0%82%20%E7%81%8C%E5%9C%92%E5%85%88%E7%94%9F HTTP/1.1" 500 15712
66.249.71.72 - - [09/Oct/2015:10:29:03 +0800] "GET /content/nav/relationSubject.jsp?relationWords=%E4%B8%AD%E8%85%B9+%E4%B8%AD%E8%85%B9%E8%B6%B3%E7%9B%AE+%E7%94%B0%E8%9E%BA+%E7%94%B0%E8%9E%BA%E7%A7%91+%E8%85%B9%E8%B6%B3%E7%B6%B1+&oid=1124925 HTTP/1.1" 200 3546
66.249.71.64 - - [09/Oct/2015:10:29:09 +0800] "GET /content/nav/relationSubject.jsp?relationWords=%E4%B8%AD%E8%85%B9%20%E4%B8%AD%E8%85%B9%E8%B6%B3%E7%9B%AE%20%E7%94%B0%E8%9E%BA%20%E7%94%B0%E8%9E%BA%E7%A7%91%20%E8%85%B9%E8%B6%B3%E7%B6%B1%20&oid=1124925 HTTP/1.1" 200 3546
66.249.71.72 - - [09/Oct/2015:10:29:50 +0800] "GET /content/nav/relationSubject.jsp?relationWords=%E7%9F%B3%E7%8B%97%E5%85%AC%20%E7%9F%B3%E9%A0%AD%E9%AD%9A%20%E8%99%8E%E9%AD%9A%20%E9%AC%BC%E8%99%8E%E9%AD%9A%20%E9%AD%9A%E8%99%8E%20&oid=14832 HTTP/1.1" 200 3505
66.249.71.50 - - [09/Oct/2015:10:30:31 +0800] "GET /content/repository/resource_content.jsp?oid=1597580&queryType=qs&queryString=%E8%87%AA%E4%B8%BB%E6%AC%8A HTTP/1.1" 200 33654
66.249.77.91 - - [09/Oct/2015:10:31:27 +0800] "GET /content/nav/relationSubject.jsp?relationWords=%E5%B8%83%E8%BE%B2%E6%97%8F+%E7%A5%96%E9%9D%88+%E9%99%B6%E8%97%9D+&oid=1776126 HTTP/1.1" 200 3222
66.249.71.60 - - [09/Oct/2015:10:32:12 +0800] "GET /content/nav/relationSubject.jsp?relationWords=&oid=2569055 HTTP/1.1" 200 1405
111.240.174.144 - - [09/Oct/2015:10:33:28 +0800] "GET /content/nav/relationSubject.jsp?relationWords=&oid=16777459 HTTP/1.1" 200 1405
66.249.71.173 - - [09/Oct/2015:10:33:32 +0800] "GET /content/nav/relationSubject.jsp?relationWords=%E5%A4%A7%E7%9B%AE%E5%81%B4%E4%BB%94%20%E5%A4%A7%E9%9D%A2%E5%81%B4%E4%BB%94%20%E5%A4%A9%E7%AB%BA%E9%AF%9B%20%E5%A4%A9%E7%AB%BA%E9%AF%9B%E7%A7%91%20%E6%89%81%E9%A0%AD%E5%A4%A9%E7%AB%BA%E9%AF%9B%20%E9%AF%9B%E7%A7%91%20&oid=15133 HTTP/1.1" 200 3696
111.83.101.105 - - [09/Oct/2015:10:33:36 +0800] "GET /content/repository/resource_content.jsp?oid=2148993 HTTP/1.1" 200 30986
111.83.101.105 - - [09/Oct/2015:10:33:38 +0800] "GET /content/nav/relationSubject.jsp?relationWords=%E5%A4%A7%E8%8A%B1%E9%BB%83%E6%A7%90+%E6%A4%8D%E7%89%A9%E7%95%8C+%E6%B1%BA%E6%98%8E+%E6%B1%BA%E6%98%8E%E5%B1%AC+%E8%A0%B6%E8%B1%86+%E9%9B%99%E5%AD%90%E8%91%89+%E9%9B%99%E5%AD%90%E8%91%89%E6%A4%8D%E7%89%A9+%E9%BB%83%E6%A7%90+&oid=2148993 HTTP/1.1" 200 4379
111.83.101.105 - - [09/Oct/2015:10:33:42 +0800] "GET /content/subject/resource_content.jsp?oid=16777364&queryString=%E5%A4%A7%E8%8A%B1%E9%BB%83%E6%A7%90%20%E6%A4%8D%E7%89%A9%E7%95%8C%20%E6%B1%BA%E6%98%8E%20%E6%B1%BA%E6%98%8E%E5%B1%AC%20%E8%A0%B6%E8%B1%86%20%E9%9B%99%E5%AD%90%E8%91%89%20%E9%9B%99%E5%AD%90%E8%91%89%E6%A4%8D%E7%89%A9%20%E9%BB%83%E6%A7%90 HTTP/1.1" 200 35063
111.83.101.105 - - [09/Oct/2015:10:33:43 +0800] "GET /content/nav/relationSubject.jsp?relationWords=%E9%BB%83%E6%A7%90+&oid=16777364 HTTP/1.1" 200 2681
66.249.71.50 - - [09/Oct/2015:10:33:50 +0800] "GET /content/repository/resource_content.jsp?oid=2690085&queryString=%E5%9B%9B%E5%BA%AB%E5%85%A8%E6%9B%B8%20%E7%A6%AE%E9%83%A8 HTTP/1.1" 200 30626
111.240.174.144 - - [09/Oct/2015:10:33:58 +0800] "GET /content/subject/resource_content.jsp?oid=16777459&queryType=qs&queryString=%E5%9C%B0%E5%BD%A2%E5%9C%96 HTTP/1.1" 200 39847
111.240.174.144 - - [09/Oct/2015:10:33:58 +0800] "GET /content/nav/relationSubject.jsp?relationWords=&oid=16777459 HTTP/1.1" 200 1405
66.249.71.72 - - [09/Oct/2015:10:34:33 +0800] "GET /content/nav/relationSubject.jsp?relationWords=%E6%94%BE%E7%A7%9F+%E6%AD%A3%E7%BE%A9%E6%A1%88+%E7%9C%81%E6%94%BF%E5%BA%9C+%E8%87%BA%E5%8D%97%E7%B8%A3+%E8%AD%B0%E9%95%B7+&oid=1896718 HTTP/1.1" 200 4627
66.249.71.64 - - [09/Oct/2015:10:34:36 +0800] "GET /content/nav/relationSubject.jsp?relationWords=%E6%94%BE%E7%A7%9F%20%E6%AD%A3%E7%BE%A9%E6%A1%88%20%E7%9C%81%E6%94%BF%E5%BA%9C%20%E8%87%BA%E5%8D%97%E7%B8%A3%20%E8%AD%B0%E9%95%B7%20&oid=1896718 HTTP/1.1" 200 4627
223.137.21.33 - - [09/Oct/2015:10:34:57 +0800] "GET /content/nav/relationSubject.jsp?relationWords=%E5%8F%B0%E7%81%A3%E6%AC%92%E6%A8%B9+%E6%AC%92%E6%A8%B9+%E8%8B%A6%E8%8B%93+%E8%8B%A6%E8%8B%93%E8%88%85+&oid=16777254 HTTP/1.1" 200 4383
130.193.48.19 - - [09/Oct/2015:10:35:04 +0800] "GET /content/subject/resource_content.jsp?oid=16797294&queryType=qc HTTP/1.1" 200 45274
66.249.71.72 - - [09/Oct/2015:10:35:29 +0800] "GET /content/repository/resource_content.jsp?oid=1524752 HTTP/1.1" 200 28911
42.99.164.95 - - [09/Oct/2015:10:35:36 +0800] "GET /content/subject/resource_content.jsp?oid=16777569&queryString HTTP/1.1" 200 55973
66.249.71.72 - - [09/Oct/2015:10:36:08 +0800] "GET /content/repository/resource_content.jsp?oid=3334402 HTTP/1.1" 200 26990
157.55.39.45 - - [09/Oct/2015:10:36:24 +0800] "GET /digiarch_en/content/subject/resource_content.jsp?oid=16777424&queryType=qc HTTP/1.1" 200 36361
111.83.101.105 - - [09/Oct/2015:10:36:44 +0800] "GET /content/repository/resource_content.jsp?oid=2148993 HTTP/1.1" 200 30986
111.83.101.105 - - [09/Oct/2015:10:36:44 +0800] "GET /content/nav/relationSubject.jsp?relationWords=%E5%A4%A7%E8%8A%B1%E9%BB%83%E6%A7%90+%E6%A4%8D%E7%89%A9%E7%95%8C+%E6%B1%BA%E6%98%8E+%E6%B1%BA%E6%98%8E%E5%B1%AC+%E8%A0%B6%E8%B1%86+%E9%9B%99%E5%AD%90%E8%91%89+%E9%9B%99%E5%AD%90%E8%91%89%E6%A4%8D%E7%89%A9+%E9%BB%83%E6%A7%90+&oid=2148993 HTTP/1.1" 200 4379
66.249.71.64 - - [09/Oct/2015:10:36:53 +0800] "GET /content/nav/relationSubject.jsp?relationWords=%E4%BA%A4%E6%B6%89%E5%93%A1+%E4%BA%BA%E5%90%8D%E6%AC%8A%E5%A8%81+%E5%A4%96%E4%BA%A4%E9%83%A8+%E5%BE%B7%E8%8F%AF+&oid=740769 HTTP/1.1" 200 3875
66.249.71.60 - - [09/Oct/2015:10:36:54 +0800] "GET /content/nav/relationSubject.jsp?relationWords=%E4%BA%A4%E6%B6%89%E5%93%A1%20%E4%BA%BA%E5%90%8D%E6%AC%8A%E5%A8%81%20%E5%A4%96%E4%BA%A4%E9%83%A8%20%E5%BE%B7%E8%8F%AF%20&oid=740769 HTTP/1.1" 200 3875
111.83.101.105 - - [09/Oct/2015:10:36:58 +0800] "GET /digiarch_en/content/repository/resource_content.jsp?oid=2148993&queryString=%E9%BB%83%E6%A7%90 HTTP/1.1" 200 23588
111.83.101.105 - - [09/Oct/2015:10:36:59 +0800] "GET /digiarch_en/content/nav/relationSubject.jsp?relationWords=%E5%A4%A7%E8%8A%B1%E9%BB%83%E6%A7%90+%E6%A4%8D%E7%89%A9%E7%95%8C+%E6%B1%BA%E6%98%8E+%E6%B1%BA%E6%98%8E%E5%B1%AC+%E8%A0%B6%E8%B1%86+%E9%9B%99%E5%AD%90%E8%91%89+%E9%9B%99%E5%AD%90%E8%91%89%E6%A4%8D%E7%89%A9+%E9%BB%83%E6%A7%90+&oid=2148993 HTTP/1.1" 200 4368
66.249.71.60 - - [09/Oct/2015:10:37:08 +0800] "GET /content/repository/resource_content.jsp?oid=725380&queryString=%E4%BA%BA%E5%90%8D%E6%AC%8A%E5%A8%81%20%E6%9E%97%E6%AC%8A%E5%8A%A9%20%E8%89%BE%E6%96%AF%E6%95%A6%20%E8%8A%AE%E6%81%A9%E6%96%BD%20%E9%80%9A%E8%A1%8C%E5%88%B8 HTTP/1.1" 200 29754
223.142.175.171 - - [09/Oct/2015:10:38:39 +0800] "GET /content/subject/resource_content.jsp?oid=16777396&queryString=%E9%9D%92%E5%89%9B%E6%AB%9F HTTP/1.1" 200 34727
223.142.175.171 - - [09/Oct/2015:10:38:44 +0800] "GET /content/nav/relationSubject.jsp?relationWords=%E9%9D%92%E5%89%9B+%E9%9D%92%E5%89%9B%E6%AB%9F+&oid=16777396 HTTP/1.1" 200 4042
66.249.71.64 - - [09/Oct/2015:10:38:47 +0800] "GET /content/repository/resource_content.jsp?oid=1107393 HTTP/1.1" 200 30819
68.180.228.24 - - [09/Oct/2015:10:39:27 +0800] "GET /digiarch_en/content/subject/resource_content.jsp?oid=16777730&queryType=qc HTTP/1.1" 200 43264
157.55.39.45 - - [09/Oct/2015:10:39:35 +0800] "GET /digiarch_en/content/subject/resource_content.jsp?oid=16777377&queryType=qc HTTP/1.1" 200 50675
157.55.39.44 - - [09/Oct/2015:10:40:16 +0800] "GET /content/subject/resource_content.jsp?oid=16797290&queryString HTTP/1.1" 200 48337
223.142.175.171 - - [09/Oct/2015:10:40:32 +0800] "GET /content/subject/resource_content.jsp?oid=16777349&queryString=%E9%9D%92%E5%89%9B%20%E9%9D%92%E5%89%9B%E6%AB%9F HTTP/1.1" 200 36868
223.142.175.171 - - [09/Oct/2015:10:40:32 +0800] "GET /content/nav/relationSubject.jsp?relationWords=%E9%9D%92%E5%89%9B+%E9%9D%92%E5%89%9B%E6%AB%9F+&oid=16777349 HTTP/1.1" 200 4048
66.249.71.105 - - [09/Oct/2015:10:41:20 +0800] "GET /content/nav/relationSubject.jsp?relationWords=&oid=2675226 HTTP/1.1" 200 1405
223.142.175.171 - - [09/Oct/2015:10:41:22 +0800] "GET /content/subject/resource_content.jsp?oid=16777349&queryString=%E9%9D%92%E5%89%9B%20%E9%9D%92%E5%89%9B%E6%AB%9F HTTP/1.1" 200 36868
223.142.175.171 - - [09/Oct/2015:10:41:23 +0800] "GET /content/nav/relationSubject.jsp?relationWords=%E9%9D%92%E5%89%9B+%E9%9D%92%E5%89%9B%E6%AB%9F+&oid=16777349 HTTP/1.1" 200 4048
123.203.89.216 - - [09/Oct/2015:10:41:26 +0800] "GET /content/repository/resource_content.jsp?oid=2671412 HTTP/1.1" 200 29540
123.203.89.216 - - [09/Oct/2015:10:41:27 +0800] "GET /content/nav/relationSubject.jsp?relationWords=%E5%B9%B3%E5%B1%B1%E7%B8%A3+%E9%8A%80%E7%A9%80+&oid=2671412 HTTP/1.1" 200 3143
66.249.71.155 - - [09/Oct/2015:10:42:05 +0800] "GET /content/repository/resource_content.jsp?oid=816722&queryType=qs&queryString=%E9%A6%AC%E5%9F%A0 HTTP/1.1" 200 28335
157.55.39.76 - - [09/Oct/2015:10:42:34 +0800] "GET /digiarch_en/content/subject/resource_content.jsp?oid=16777255&queryType=qc HTTP/1.1" 200 29297
66.249.71.72 - - [09/Oct/2015:10:42:51 +0800] "GET /digiarch_en/content/tmp_tec/resource_content.jsp?oid=16777730 HTTP/1.1" 200 36974
61.135.169.8 - - [09/Oct/2015:10:43:02 +0800] "HEAD /content/repository/resource_content.jsp?oid=199998 HTTP/1.1" 200 -
117.158.98.25 - - [09/Oct/2015:10:43:05 +0800] "GET /content/repository/resource_content.jsp?oid=199998 HTTP/1.1" 200 29732
61.135.169.9 - - [09/Oct/2015:10:43:12 +0800] "HEAD /content/repository/resource_content.jsp?oid=199998 HTTP/1.1" 200 -
117.158.98.25 - - [09/Oct/2015:10:43:14 +0800] "GET /content/repository/resource_content.jsp?oid=199998 HTTP/1.1" 200 29732
131.253.25.251 - - [09/Oct/2015:10:43:32 +0800] "GET /content/nav/relationSubject.jsp?relationWords=%E8%B1%94%E7%B4%AB%E8%8D%8A+&oid=16777307 HTTP/1.1" 200 1881
66.249.71.60 - - [09/Oct/2015:10:43:44 +0800] "GET /content/repository/resource_content.jsp?oid=4739395&queryString=%E9%9D%92%E5%B0%91%E5%B9%B4 HTTP/1.1" 200 30802
66.249.74.18 - - [09/Oct/2015:10:43:46 +0800] "GET /content/subject/resource_content.jsp?oid=16777728&amp;queryType=qc HTTP/1.1" 200 65185
157.55.39.28 - - [09/Oct/2015:10:45:13 +0800] "GET /digiarch_en/content/subject/resource_content.jsp?oid=16777376&queryType=qc HTTP/1.1" 200 30355
66.249.71.64 - - [09/Oct/2015:10:45:25 +0800] "GET /digiarch_en/content/repository/resource_content.jsp?oid=15293&queryString=%E7%83%8F%E5%B0%BE%E5%86%AC%E4%BB%94%20%E9%BB%83%E6%A2%85 HTTP/1.1" 200 27289
123.125.71.78 - - [09/Oct/2015:10:45:43 +0800] "GET /digiarch_en/content/subject/resource_content.jsp?oid=16777512&queryType=qc HTTP/1.1" 200 27754
220.181.108.122 - - [09/Oct/2015:10:46:01 +0800] "GET /digiarch_en/content/nav/relationSubject.jsp?relationWords=%E6%93%AC%E9%B1%B8+%E7%B1%B3%E9%A6%AC%E6%93%AC%E9%B1%B8+&oid=16777512 HTTP/1.1" 200 4346
66.249.79.27 - - [09/Oct/2015:10:46:33 +0800] "GET /content/subject/resource_content.jsp?oid=16777730&queryType=qc HTTP/1.1" 200 46348
66.249.71.173 - - [09/Oct/2015:10:48:24 +0800] "GET /content/nav/relationSubject.jsp?relationWords=%E5%90%88%E4%BD%9C%E7%A4%BE+%E5%91%A8%E7%99%BE%E9%8D%8A+%E6%90%8D%E5%A4%B1%E6%A1%88+%E7%9C%81%E6%94%BF%E5%BA%9C+%E8%87%BA%E5%8C%97%E5%B8%82+%E8%87%BA%E7%81%A3%E7%9C%81%E6%94%BF%E5%BA%9C+%E9%8C%A6%E7%94%BA+&oid=1521761 HTTP/1.1" 200 4772
66.249.79.179 - - [09/Oct/2015:10:48:26 +0800] "GET /content/nav/relationSubject.jsp?relationWords=%E5%90%88%E4%BD%9C%E7%A4%BE%20%E5%91%A8%E7%99%BE%E9%8D%8A%20%E6%90%8D%E5%A4%B1%E6%A1%88%20%E7%9C%81%E6%94%BF%E5%BA%9C%20%E8%87%BA%E5%8C%97%E5%B8%82%20%E8%87%BA%E7%81%A3%E7%9C%81%E6%94%BF%E5%BA%9C%20%E9%8C%A6%E7%94%BA%20&oid=1521761 HTTP/1.1" 200 4772
66.249.71.60 - - [09/Oct/2015:10:48:33 +0800] "GET /content/nav/relationSubject.jsp?relationWords=%E5%85%AC%E8%B7%AF%E5%B1%80+%E6%B1%95%E5%B0%BE+%E9%84%89%E9%81%93+&oid=1627967 HTTP/1.1" 200 4617
66.249.71.60 - - [09/Oct/2015:10:48:42 +0800] "GET /content/repository/resource_content.jsp?oid=2512514 HTTP/1.1" 200 29911
180.76.15.27 - - [09/Oct/2015:10:48:50 +0800] "GET /content/repository/resource_content.jsp?oid=177130 HTTP/1.1" 200 30079
66.249.71.23 - - [09/Oct/2015:10:49:30 +0800] "GET /content/nav/relationSubject.jsp?relationWords=%E4%BD%90%E4%B9%85%E9%96%93+%E4%BD%90%E4%B9%85%E9%96%93%E5%B7%A6%E9%A6%AC%E5%A4%AA+%E5%BA%B6%E5%8B%99+%E5%BA%B6%E5%8B%99%E8%AA%B2+%E6%9D%9C%E6%B8%85+%E8%87%BA%E4%B8%AD%E5%BB%B3+&oid=1887398 HTTP/1.1" 200 3444
66.249.74.124 - - [09/Oct/2015:10:49:32 +0800] "GET /content/nav/relationSubject.jsp?relationWords=%E4%BD%90%E4%B9%85%E9%96%93%20%E4%BD%90%E4%B9%85%E9%96%93%E5%B7%A6%E9%A6%AC%E5%A4%AA%20%E5%BA%B6%E5%8B%99%20%E5%BA%B6%E5%8B%99%E8%AA%B2%20%E6%9D%9C%E6%B8%85%20%E8%87%BA%E4%B8%AD%E5%BB%B3%20&oid=1887398 HTTP/1.1" 200 3444
66.249.71.72 - - [09/Oct/2015:10:50:20 +0800] "GET /content/repository/resource_content.jsp?oid=1549301 HTTP/1.1" 200 29728
157.55.39.28 - - [09/Oct/2015:10:50:42 +0800] "GET /digiarch_en/content/subject/resource_content.jsp?oid=16777296&queryType=qc HTTP/1.1" 200 27299
36.235.236.114 - - [09/Oct/2015:10:51:06 +0800] "GET /content/subject/resource_content.jsp?oid=16777706 HTTP/1.1" 200 53891
66.249.71.72 - - [09/Oct/2015:10:51:10 +0800] "GET /content/nav/relationSubject.jsp?relationWords=%E5%9C%B0%E5%BD%A2%E5%9C%96+%E6%B0%B8%E4%BB%81+&oid=219705 HTTP/1.1" 200 3081
66.249.71.64 - - [09/Oct/2015:10:51:12 +0800] "GET /content/nav/relationSubject.jsp?relationWords=%E5%9C%B0%E5%BD%A2%E5%9C%96%20%E6%B0%B8%E4%BB%81%20&oid=219705 HTTP/1.1" 200 3081
130.193.48.19 - - [09/Oct/2015:10:51:36 +0800] "GET /content/subject/resource_content.jsp?oid=16777654&queryString HTTP/1.1" 200 63652
66.249.71.64 - - [09/Oct/2015:10:51:59 +0800] "GET /content/repository/resource_content.jsp?oid=16573 HTTP/1.1" 200 29756
66.249.71.60 - - [09/Oct/2015:10:53:39 +0800] "GET /content/repository/resource_content.jsp?oid=14748&queryString=%E6%9D%BE%E6%AF%AC%20%E6%9D%BE%E6%AF%AC%E9%AD%9A HTTP/1.1" 200 36744
66.249.71.14 - - [09/Oct/2015:10:55:18 +0800] "GET /digiarch3/content/repository/resource_content.jsp?oid=1555252&queryType=qs&queryString=%E6%A8%82%E7%94%9F%E7%99%82%E9%A4%8A%E9%99%A2 HTTP/1.1" 200 30302
68.180.228.24 - - [09/Oct/2015:10:55:26 +0800] "GET /digiarch_en/content/subject/resource_content.jsp?oid=16777559&queryType=qc HTTP/1.1" 200 32034
68.180.228.24 - - [09/Oct/2015:10:55:58 +0800] "GET /content/subject/resource_content.jsp?oid=16777439&queryType=qc HTTP/1.1" 200 36224
68.180.228.24 - - [09/Oct/2015:10:56:04 +0800] "GET /digiarch_en/content/subject/resource_content.jsp?oid=16777841&queryType=qc HTTP/1.1" 200 21861
68.180.228.24 - - [09/Oct/2015:10:56:30 +0800] "GET /digiarch_en/content/subject/resource_content.jsp?oid=16777749&queryType=qc HTTP/1.1" 200 36675
68.180.228.24 - - [09/Oct/2015:10:56:53 +0800] "GET /digiarch_en/content/subject/resource_content.jsp?oid=16777303&queryType=qc HTTP/1.1" 200 28155
66.249.71.41 - - [09/Oct/2015:10:56:58 +0800] "GET /content/repository/resource_content.jsp?oid=1081673&queryString=%E4%B8%89%E6%A3%98 HTTP/1.1" 200 34436
68.180.228.24 - - [09/Oct/2015:10:57:08 +0800] "GET /digiarch_en/content/subject/resource_content.jsp?oid=16777469&queryType=qc HTTP/1.1" 200 25850
66.249.71.50 - - [09/Oct/2015:10:58:38 +0800] "GET /content/repository/resource_content.jsp?oid=1081446&queryType=qs&queryString=%E6%B4%9B%E6%B0%8F%E7%8B%97%E6%AF%8D%E9%AD%9A HTTP/1.1" 200 29630
61.228.222.43 - - [09/Oct/2015:10:58:38 +0800] "GET /content/subject/resource_content.jsp?oid=16777254&queryString= HTTP/1.1" 200 34767
61.228.222.43 - - [09/Oct/2015:10:58:44 +0800] "GET /content/nav/relationSubject.jsp?relationWords=%E5%8F%B0%E7%81%A3%E6%AC%92%E6%A8%B9+%E6%AC%92%E6%A8%B9+%E8%8B%A6%E8%8B%93+%E8%8B%A6%E8%8B%93%E8%88%85+&oid=16777254 HTTP/1.1" 200 4383
66.249.77.97 - - [09/Oct/2015:10:59:36 +0800] "GET /content/nav/relationSubject.jsp?relationWords=%E5%B0%8F%E8%91%89%E7%BE%85%E6%BC%A2%E6%9D%BE%20%E6%9D%BE%E6%9D%89%20%E6%9D%BE%E7%A7%91%20%E6%A4%8D%E7%89%A9%E7%95%8C%20%E6%AF%AC%E6%9E%9C%20%E7%BE%85%E6%BC%A2%E6%9D%BE%20%E7%BE%85%E6%BC%A2%E6%9D%BE%E5%B1%AC%20&oid=2147913 HTTP/1.1" 200 4619
68.180.228.24 - - [09/Oct/2015:10:59:59 +0800] "GET /digiarch_en/content/subject/resource_content.jsp?oid=16777512&queryType=qc HTTP/1.1" 200 27754
66.249.74.15 - - [09/Oct/2015:11:00:16 +0800] "GET /content/repository/resource_content.jsp?oid=1569981&queryString=%E4%B8%8A%E4%B8%96%20%E4%B8%96%E7%B3%BB%20%E9%AB%98%E5%8F%A5%E9%BA%97 HTTP/1.1" 200 32849
66.249.71.41 - - [09/Oct/2015:11:01:21 +0800] "GET /content/nav/relationSubject.jsp?relationWords=%E9%96%8B%E5%85%89+&oid=4362315 HTTP/1.1" 200 3917
66.249.71.41 - - [09/Oct/2015:11:01:22 +0800] "GET /content/nav/relationSubject.jsp?relationWords=%E9%96%8B%E5%85%89%20&oid=4362315 HTTP/1.1" 200 3917
123.125.71.17 - - [09/Oct/2015:11:02:52 +0800] "GET /content/subject/resource_content.jsp?oid=16777496 HTTP/1.1" 200 53142
66.249.71.60 - - [09/Oct/2015:11:03:16 +0800] "GET /content/nav/relationSubject.jsp?relationWords=%E5%B8%B6%E5%B0%BE%E6%96%B0%E9%9A%86%E9%AD%9A+&oid=33554847 HTTP/1.1" 200 3249
66.249.71.72 - - [09/Oct/2015:11:03:18 +0800] "GET /content/nav/relationSubject.jsp?relationWords=%E5%B8%B6%E5%B0%BE%E6%96%B0%E9%9A%86%E9%AD%9A%20&oid=33554847 HTTP/1.1" 200 3249
66.249.71.64 - - [09/Oct/2015:11:03:33 +0800] "GET /content/repository/resource_content.jsp?oid=1533526 HTTP/1.1" 200 29191
66.249.71.72 - - [09/Oct/2015:11:04:19 +0800] "GET /content/nav/relationSubject.jsp?relationWords=%E4%BA%95%E9%99%98+&oid=804135 HTTP/1.1" 200 3064
66.249.74.15 - - [09/Oct/2015:11:04:21 +0800] "GET /content/nav/relationSubject.jsp?relationWords=%E4%BA%95%E9%99%98%20&oid=804135 HTTP/1.1" 200 3064
66.249.71.41 - - [09/Oct/2015:11:05:12 +0800] "GET /content/repository/resource_content.jsp?oid=1569261&queryType=qs&queryString=%E5%8C%85%E7%A8%AE%E8%8C%B6 HTTP/1.1" 200 29111
114.47.37.22 - - [09/Oct/2015:11:05:38 +0800] "GET /content/subject/resource_content.jsp?oid=16777471&queryType=qc HTTP/1.1" 200 30261
114.47.37.22 - - [09/Oct/2015:11:05:41 +0800] "GET /content/nav/relationSubject.jsp?relationWords=%E7%BE%85%E6%BC%A2%E6%9D%BE+%E8%98%AD%E5%B6%BC%E7%BE%85%E6%BC%A2%E6%9D%BE+&oid=16777471 HTTP/1.1" 200 4360
66.249.71.60 - - [09/Oct/2015:11:06:51 +0800] "GET /content/repository/resource_content.jsp?oid=4451389&queryString=%E6%AF%94%E5%BE%8B%E8%B3%93%20%E8%B2%A1%E6%94%BF%20%E9%87%91%E8%9E%8D HTTP/1.1" 200 30152
66.249.71.50 - - [09/Oct/2015:11:07:26 +0800] "GET /content/nav/relationSubject.jsp?relationWords=%E5%88%A9%E7%94%9F+%E5%9C%8B%E9%98%B2%E9%83%A8+%E8%82%A1%E4%BB%BD%E6%9C%89%E9%99%90%E5%85%AC%E5%8F%B8+%E8%87%BA%E5%8C%97%E5%B8%82+%E8%BF%AA%E5%8C%96%E8%A1%97+%E9%98%B2%E7%A9%BA+%E9%99%B3%E5%92%8C%E9%8C%A6+%E9%AB%98%E5%B0%84%E7%A0%B2%E5%8F%B8%E4%BB%A4%E9%83%A8+&oid=1522281 HTTP/1.1" 200 5822
66.249.74.64 - - [09/Oct/2015:11:07:28 +0800] "GET /content/nav/relationSubject.jsp?relationWords=%E5%88%A9%E7%94%9F%20%E5%9C%8B%E9%98%B2%E9%83%A8%20%E8%82%A1%E4%BB%BD%E6%9C%89%E9%99%90%E5%85%AC%E5%8F%B8%20%E8%87%BA%E5%8C%97%E5%B8%82%20%E8%BF%AA%E5%8C%96%E8%A1%97%20%E9%98%B2%E7%A9%BA%20%E9%99%B3%E5%92%8C%E9%8C%A6%20%E9%AB%98%E5%B0%84%E7%A0%B2%E5%8F%B8%E4%BB%A4%E9%83%A8%20&oid=1522281 HTTP/1.1" 200 5822
130.193.48.19 - - [09/Oct/2015:11:07:34 +0800] "GET /content/subject/resource_content.jsp?oid=16777283&queryString HTTP/1.1" 200 28099
1.173.212.93 - - [09/Oct/2015:11:08:38 +0800] "GET /content/nav/relationSubject.jsp?relationWords=%E5%B1%B1%E8%8A%99%E8%93%89+%E6%9C%A8%E8%8A%99%E8%93%89+%E8%96%9B%E6%BF%A4+%E9%86%89%E8%8A%99%E8%93%89+&oid=16777260 HTTP/1.1" 200 4595
66.249.71.60 - - [09/Oct/2015:11:08:51 +0800] "GET /content/repository/resource_content.jsp?oid=1781023&queryString=%E7%A5%AD%E7%A5%80%E7%94%A8%E6%8E%98%E6%A3%92%20%E9%9B%85%E7%BE%8E%E6%97%8F HTTP/1.1" 200 28895
223.136.137.114 - - [09/Oct/2015:11:09:34 +0800] "GET /content/nav/relationSubject.jsp?relationWords=&oid=16777459 HTTP/1.1" 200 1405
66.249.71.60 - - [09/Oct/2015:11:10:11 +0800] "GET /content/nav/relationSubject.jsp?relationWords=%E5%8D%B5%E8%91%89%E9%BC%A0%E5%B0%BE%E8%8D%89+%E5%94%87%E5%BD%A2%E7%A7%91+%E6%A4%8D%E7%89%A9%E7%95%8C+%E8%8F%8C%E6%9F%B1%E7%B4%AB%E5%8F%83+%E8%96%84%E8%8D%B7+%E9%9B%99%E5%AD%90%E8%91%89+%E9%9B%99%E5%AD%90%E8%91%89%E6%A4%8D%E7%89%A9+%E9%BC%A0%E5%B0%BE%E8%8D%89+%E9%BC%A0%E5%B0%BE%E8%8D%89%E5%B1%AC+&oid=2152624 HTTP/1.1" 200 3681
66.249.71.60 - - [09/Oct/2015:11:10:12 +0800] "GET /content/nav/relationSubject.jsp?relationWords=%E5%8D%B5%E8%91%89%E9%BC%A0%E5%B0%BE%E8%8D%89%20%E5%94%87%E5%BD%A2%E7%A7%91%20%E6%A4%8D%E7%89%A9%E7%95%8C%20%E8%8F%8C%E6%9F%B1%E7%B4%AB%E5%8F%83%20%E8%96%84%E8%8D%B7%20%E9%9B%99%E5%AD%90%E8%91%89%20%E9%9B%99%E5%AD%90%E8%91%89%E6%A4%8D%E7%89%A9%20%E9%BC%A0%E5%B0%BE%E8%8D%89%20%E9%BC%A0%E5%B0%BE%E8%8D%89%E5%B1%AC%20&oid=2152624 HTTP/1.1" 200 3681
66.249.71.72 - - [09/Oct/2015:11:10:51 +0800] "GET /content/repository/resource_content.jsp?oid=1101778 HTTP/1.1" 200 31435
220.181.108.91 - - [09/Oct/2015:11:11:26 +0800] "GET /content/subject/resource_content.jsp?oid=16777769&amp;queryString= HTTP/1.1" 200 41381
66.249.71.60 - - [09/Oct/2015:11:12:35 +0800] "GET /content/nav/relationSubject.jsp?relationWords=%E5%8F%B0%E7%81%A3%E5%B1%B1%E7%99%BD%E8%98%AD%20%E5%B1%B1%E7%99%BD%E8%98%AD%20%E6%A4%8D%E7%89%A9%E7%95%8C%20%E7%99%BD%E8%98%AD%20%E7%B4%AB%E8%8F%80%20%E7%B4%AB%E8%8F%80%E5%B1%AC%20%E8%8F%8A%E7%A7%91%20%E9%9B%99%E5%AD%90%E8%91%89%20%E9%9B%99%E5%AD%90%E8%91%89%E6%A4%8D%E7%89%A9%20&oid=1103990 HTTP/1.1" 200 3574
66.249.74.15 - - [09/Oct/2015:11:13:10 +0800] "GET /content/nav/relationSubject.jsp?relationWords=%E6%9B%B3%E7%B5%B2+%E6%9B%B3%E7%B5%B2%E9%B0%8F+&oid=16777425 HTTP/1.1" 200 3874
66.249.71.60 - - [09/Oct/2015:11:13:13 +0800] "GET /content/nav/relationSubject.jsp?relationWords=%E6%9B%B3%E7%B5%B2%20%E6%9B%B3%E7%B5%B2%E9%B0%8F%20&oid=16777425 HTTP/1.1" 200 3874
36.239.126.132 - - [09/Oct/2015:11:13:37 +0800] "GET /content/subject/resource_content.jsp?oid=16777569&queryString HTTP/1.1" 200 55973
36.239.126.132 - - [09/Oct/2015:11:13:39 +0800] "GET /content/nav/relationSubject.jsp?relationWords=%E5%BE%B7%E5%A5%A7+%E6%88%B0%E4%BF%98+&oid=16777569 HTTP/1.1" 200 3574
66.249.77.97 - - [09/Oct/2015:11:14:15 +0800] "GET /content/nav/relationSubject.jsp?relationWords=%E5%8A%A0%E5%BF%97+%E5%B0%91%E6%A3%98%E8%83%A1%E6%A4%92%E9%AF%9B+%E7%9F%B3%E9%B1%B8+%E8%83%A1%E6%A4%92%E9%AF%9B+%E9%9B%9E%E4%BB%94%E9%AD%9A+&oid=15359 HTTP/1.1" 200 3590
66.249.77.97 - - [09/Oct/2015:11:14:17 +0800] "GET /content/nav/relationSubject.jsp?relationWords=%E5%8A%A0%E5%BF%97%20%E5%B0%91%E6%A3%98%E8%83%A1%E6%A4%92%E9%AF%9B%20%E7%9F%B3%E9%B1%B8%20%E8%83%A1%E6%A4%92%E9%AF%9B%20%E9%9B%9E%E4%BB%94%E9%AD%9A%20&oid=15359 HTTP/1.1" 200 3590
66.249.71.72 - - [09/Oct/2015:11:14:53 +0800] "GET /content/repository/resource_content.jsp?oid=1108640&queryString=%E8%80%81%E9%B8%9B%E8%8D%89%E5%B1%AC HTTP/1.1" 200 31114
66.249.71.64 - - [09/Oct/2015:11:16:16 +0800] "GET /content/nav/relationSubject.jsp?relationWords=%E5%8D%97%E7%AE%A1+&oid=4364474 HTTP/1.1" 200 2994
66.249.71.72 - - [09/Oct/2015:11:16:17 +0800] "GET /content/nav/relationSubject.jsp?relationWords=%E5%8D%97%E7%AE%A1%20&oid=4364474 HTTP/1.1" 200 2994
66.249.77.91 - - [09/Oct/2015:11:18:51 +0800] "GET /content/subject/resource_content.jsp?oid=16777832&queryString=%E6%AE%B7%E5%A2%9F HTTP/1.1" 200 31101
66.249.71.60 - - [09/Oct/2015:11:18:53 +0800] "GET /digiarch_en/content/nav/relationSubject.jsp?relationWords=%E5%A0%B1%E6%98%A5%E8%8A%B1+%E5%B1%B1%E6%A1%82%E8%8A%B1+%E5%B1%B1%E6%A1%82%E8%8A%B1%E5%B1%AC+%E6%A4%8D%E7%89%A9%E7%95%8C+%E7%B4%AB%E9%87%91%E7%89%9B%E7%A7%91+&oid=3822542 HTTP/1.1" 200 3461
66.249.71.64 - - [09/Oct/2015:11:18:56 +0800] "GET /digiarch_en/content/nav/relationSubject.jsp?relationWords=%E5%A0%B1%E6%98%A5%E8%8A%B1%20%E5%B1%B1%E6%A1%82%E8%8A%B1%20%E5%B1%B1%E6%A1%82%E8%8A%B1%E5%B1%AC%20%E6%A4%8D%E7%89%A9%E7%95%8C%20%E7%B4%AB%E9%87%91%E7%89%9B%E7%A7%91%20&oid=3822542 HTTP/1.1" 200 3461
66.249.71.121 - - [09/Oct/2015:11:21:23 +0800] "GET /content/nav/relationSubject.jsp?relationWords=%E4%BA%BA%E5%90%8D%E6%AC%8A%E5%A8%81+%E5%B0%8F%E5%B9%A1%E9%85%89%E5%90%89+%E6%A6%AE%E4%B8%B8+%E7%9F%A5%E7%85%A7+%E7%A0%B2%E8%89%A6+&oid=630444 HTTP/1.1" 200 3299
157.55.39.45 - - [09/Oct/2015:11:21:23 +0800] "GET /content/repository/resource_content.jsp?oid=1099711 HTTP/1.1" 200 31256
66.249.71.113 - - [09/Oct/2015:11:21:26 +0800] "GET /content/nav/relationSubject.jsp?relationWords=%E4%BA%BA%E5%90%8D%E6%AC%8A%E5%A8%81%20%E5%B0%8F%E5%B9%A1%E9%85%89%E5%90%89%20%E6%A6%AE%E4%B8%B8%20%E7%9F%A5%E7%85%A7%20%E7%A0%B2%E8%89%A6%20&oid=630444 HTTP/1.1" 200 3299
66.249.71.164 - - [09/Oct/2015:11:22:51 +0800] "GET /content/repository/resource_content.jsp?oid=4474505&queryType=qs&queryString=%E9%97%9C%E6%9D%B1%E5%BB%B3 HTTP/1.1" 200 28386
157.55.39.45 - - [09/Oct/2015:11:23:17 +0800] "GET /digiarch_en/content/subject/resource_content.jsp?oid=16777387&queryType=qc HTTP/1.1" 200 28976
66.249.71.72 - - [09/Oct/2015:11:23:21 +0800] "GET /content/nav/relationSubject.jsp?relationWords=&oid=2574937 HTTP/1.1" 200 1405
59.127.169.53 - - [09/Oct/2015:11:23:34 +0800] "GET /content/nav/relationSubject.jsp?relationWords=%E5%B1%B1%E8%8A%99%E8%93%89+%E6%9C%A8%E8%8A%99%E8%93%89+%E8%96%9B%E6%BF%A4+%E9%86%89%E8%8A%99%E8%93%89+&oid=16777260 HTTP/1.1" 200 4595
68.180.228.24 - - [09/Oct/2015:11:23:48 +0800] "GET /digiarch_en/content/subject/resource_content.jsp?oid=16777618&queryType=qc HTTP/1.1" 200 33747
68.180.228.24 - - [09/Oct/2015:11:23:55 +0800] "GET /content/subject/resource_content.jsp?oid=16777443&queryType=qc HTTP/1.1" 200 40095
1.169.11.219 - - [09/Oct/2015:11:25:29 +0800] "GET /content/nav/relationSubject.jsp?relationWords=%E5%8D%83%E5%B9%B4%E6%A1%90+%E6%A1%90%E8%8A%B1+%E6%B2%B9%E6%A1%90+&oid=16777599 HTTP/1.1" 200 3738
157.55.39.45 - - [09/Oct/2015:11:25:36 +0800] "GET /digiarch_en/content/subject/resource_content.jsp?oid=16777349&queryType=qc HTTP/1.1" 200 32736
66.249.77.85 - - [09/Oct/2015:11:26:40 +0800] "GET /content/nav/relationSubject.jsp?relationWords=%E5%8E%9F%E4%BD%8F%E6%B0%91%E6%96%87%E5%8C%96+%E5%BC%B5%E5%A4%A7%E6%98%A5+%E7%94%B0%E9%9B%85%E5%90%84+&oid=1775301 HTTP/1.1" 200 7298
66.249.77.97 - - [09/Oct/2015:11:26:42 +0800] "GET /content/nav/relationSubject.jsp?relationWords=%E5%8E%9F%E4%BD%8F%E6%B0%91%E6%96%87%E5%8C%96%20%E5%BC%B5%E5%A4%A7%E6%98%A5%20%E7%94%B0%E9%9B%85%E5%90%84%20&oid=1775301 HTTP/1.1" 200 7298
66.249.74.21 - - [09/Oct/2015:11:26:52 +0800] "GET /content/repository/resource_content.jsp?oid=1810952&queryString=%E6%B0%B8%E5%85%83%20%E9%A1%8C%E8%A8%98 HTTP/1.1" 200 33493
66.249.74.21 - - [09/Oct/2015:11:26:54 +0800] "GET /content/nav/relationSubject.jsp?relationWords=%E6%AF%9B%E7%9F%B3%E9%B1%89+%E6%AF%9B%E8%86%9A%E7%9F%B3%E9%B1%89+%E6%AF%9B%E8%86%9A%E7%9F%B3%E9%B1%89%E7%A7%91+%E7%9F%B3%E9%B1%89+&oid=1123080 HTTP/1.1" 200 3375
66.249.71.64 - - [09/Oct/2015:11:26:56 +0800] "GET /content/nav/relationSubject.jsp?relationWords=%E6%AF%9B%E7%9F%B3%E9%B1%89%20%E6%AF%9B%E8%86%9A%E7%9F%B3%E9%B1%89%20%E6%AF%9B%E8%86%9A%E7%9F%B3%E9%B1%89%E7%A7%91%20%E7%9F%B3%E9%B1%89%20&oid=1123080 HTTP/1.1" 200 3375
123.125.71.42 - - [09/Oct/2015:11:28:35 +0800] "GET /content/repository/resource_content.jsp?oid=523631&queryType=qc HTTP/1.1" 200 35646
66.249.71.72 - - [09/Oct/2015:11:28:51 +0800] "GET /content/subject/resource_content.jsp?oid=16777256&queryString=%E7%9C%81%E7%87%9F%E4%BA%8B%E6%A5%AD%20%E7%A8%85%E6%8D%90%20%E7%A8%85%E6%8D%90%E7%A8%BD%E5%BE%B5%20%E8%B2%A1%E5%8B%99%20%E8%B2%A1%E5%8B%99%E7%AE%A1%E7%90%86%20%E8%B2%A1%E6%94%BF%20%E8%B2%A1%E6%94%BF%E5%BB%B3%20%E9%87%91%E8%9E%8D HTTP/1.1" 200 37372
157.55.39.28 - - [09/Oct/2015:11:29:36 +0800] "GET /digiarch_en/content/subject/resource_content.jsp?oid=16777607&queryType=qc HTTP/1.1" 200 37334
66.249.71.41 - - [09/Oct/2015:11:29:53 +0800] "GET /content/nav/relationSubject.jsp?relationWords=%E5%81%8F%E9%81%A0%E5%9C%B0%E5%8D%80+%E5%90%B3%E9%B3%B3+%E5%95%86%E8%81%B7+%E5%9C%8B%E6%B0%91%E6%95%99%E8%82%B2+%E5%B1%B1%E5%9C%B0%E9%84%89+%E5%B1%B1%E8%83%9E+%E5%B8%AB%E7%AF%84%E6%95%99%E8%82%B2+%E6%95%99%E6%9D%90+%E6%95%99%E8%82%B2%E5%BB%B3+%E6%96%B0%E8%81%9E%E8%99%95+%E6%A6%AE%E6%BA%90+%E7%87%9F%E9%A4%8A%E5%8D%88%E9%A4%90+%E8%81%B7%E6%A0%A1+%E8%B3%AA%E8%A9%A2+%E9%9B%A2%E5%B3%B6+%E9%9B%BB%E8%A6%96%E5%8A%87+%E9%AB%94%E8%82%B2+%E9%AB%98%E8%81%B7+&oid=1617213 HTTP/1.1" 200 4344
