66.249.71.229 - - [08/Sep/2015:00:59:58 +0800] "GET /content/nav/relationSubject.jsp?relationWords=%E4%B8%81%E7%91%9E%E5%BD%AC+%E4%BD%95%E7%BE%A9+%E5%8D%A0%E9%AD%81+%E5%8F%83%E8%AD%B0%E5%93%A1+%E5%8F%83%E8%AD%B0%E6%9C%83+%E5%8F%B0%E7%81%A3%E7%9C%81+%E5%B0%8D%E5%A4%96%E8%B2%BF%E6%98%93+%E5%BC%B5%E6%8C%AF+%E5%BC%B5%E6%8C%AF%E7%94%9F+%E5%BC%B5%E7%91%9E+%E5%BC%B5%E7%91%9E%E9%BA%92+%E6%8C%AF%E7%94%9F+%E6%9E%97%E4%B8%96%E5%8D%97+%E6%AE%B7%E5%8D%A0%E9%AD%81+%E7%9B%A7%E6%A0%B9%E5%BE%B7+%E7%9C%81%E6%94%BF%E5%BA%9C+%E8%AC%9D%E6%BC%A2%E5%84%92+%E9%83%AD%E5%9C%8B%E5%9F%BA+%E9%83%AD%E9%9B%A8+%E9%83%AD%E9%9B%A8%E6%96%B0+%E9%9B%A8%E6%96%B0+&oid=1519254 HTTP/1.1" 200 5367
66.249.71.239 - - [08/Sep/2015:01:00:06 +0800] "GET /content/nav/relationSubject.jsp?relationWords=%E4%B8%81%E7%91%9E%E5%BD%AC%20%E4%BD%95%E7%BE%A9%20%E5%8D%A0%E9%AD%81%20%E5%8F%83%E8%AD%B0%E5%93%A1%20%E5%8F%83%E8%AD%B0%E6%9C%83%20%E5%8F%B0%E7%81%A3%E7%9C%81%20%E5%B0%8D%E5%A4%96%E8%B2%BF%E6%98%93%20%E5%BC%B5%E6%8C%AF%20%E5%BC%B5%E6%8C%AF%E7%94%9F%20%E5%BC%B5%E7%91%9E%20%E5%BC%B5%E7%91%9E%E9%BA%92%20%E6%8C%AF%E7%94%9F%20%E6%9E%97%E4%B8%96%E5%8D%97%20%E6%AE%B7%E5%8D%A0%E9%AD%81%20%E7%9B%A7%E6%A0%B9%E5%BE%B7%20%E7%9C%81%E6%94%BF%E5%BA%9C%20%E8%AC%9D%E6%BC%A2%E5%84%92%20%E9%83%AD%E5%9C%8B%E5%9F%BA%20%E9%83%AD%E9%9B%A8%20%E9%83%AD%E9%9B%A8%E6%96%B0%20%E9%9B%A8%E6%96%B0%20&oid=1519254 HTTP/1.1" 200 5367
66.249.71.239 - - [08/Sep/2015:01:00:09 +0800] "GET /content/nav/relationSubject.jsp?relationWords=%E9%81%93%E5%82%B3+&oid=2615085 HTTP/1.1" 200 3239
66.249.71.239 - - [08/Sep/2015:01:00:09 +0800] "GET /content/nav/relationSubject.jsp?relationWords=%E5%85%AC%E5%85%B1%E5%B7%A5%E7%A8%8B+%E5%85%AC%E8%B7%AF%E5%B1%80+%E5%9C%9F%E5%AD%97+%E6%9F%8F%E6%B2%B9%E8%B7%AF%E9%9D%A2+%E8%87%BA%E5%8D%97%E5%B8%82%E6%94%BF%E5%BA%9C+%E8%87%BA%E5%8D%97%E5%B8%82%E7%81%A3+&oid=1558438 HTTP/1.1" 200 4857
66.249.71.105 - - [08/Sep/2015:01:00:11 +0800] "GET /content/nav/relationSubject.jsp?relationWords=%E5%B7%A1%E6%8C%89+%E5%B7%A1%E6%8C%89%E5%BE%A1%E5%8F%B2+%E5%BE%A1%E5%8F%B2+&oid=2549226 HTTP/1.1" 200 3213
66.249.71.229 - - [08/Sep/2015:01:00:15 +0800] "GET /content/nav/relationSubject.jsp?relationWords=%E5%85%AC%E5%85%B1%E5%B7%A5%E7%A8%8B%20%E5%85%AC%E8%B7%AF%E5%B1%80%20%E5%9C%9F%E5%AD%97%20%E6%9F%8F%E6%B2%B9%E8%B7%AF%E9%9D%A2%20%E8%87%BA%E5%8D%97%E5%B8%82%E6%94%BF%E5%BA%9C%20%E8%87%BA%E5%8D%97%E5%B8%82%E7%81%A3%20&oid=1558438 HTTP/1.1" 200 4857
66.249.71.113 - - [08/Sep/2015:01:00:17 +0800] "GET /content/nav/relationSubject.jsp?relationWords=%E5%B7%A1%E6%8C%89%20%E5%B7%A1%E6%8C%89%E5%BE%A1%E5%8F%B2%20%E5%BE%A1%E5%8F%B2%20&oid=2549226 HTTP/1.1" 200 3213
66.249.71.229 - - [08/Sep/2015:01:00:22 +0800] "GET /content/nav/relationSubject.jsp?relationWords=%E9%81%93%E5%82%B3%20&oid=2615085 HTTP/1.1" 200 3239
66.249.71.249 - - [08/Sep/2015:01:00:23 +0800] "GET /content/nav/relationSubject.jsp?relationWords=%E6%93%AC%E7%BD%AA+&oid=2518761 HTTP/1.1" 200 3110
66.249.71.239 - - [08/Sep/2015:01:00:30 +0800] "GET /content/nav/relationSubject.jsp?relationWords=%E6%93%AC%E7%BD%AA%20&oid=2518761 HTTP/1.1" 200 3110
66.249.71.239 - - [08/Sep/2015:01:00:34 +0800] "GET /content/nav/relationSubject.jsp?relationWords=%E9%87%91%E7%B5%B2%E6%A1%83+%E9%87%91%E7%B5%B2%E6%A1%83%E5%B1%AC+&oid=1107833 HTTP/1.1" 200 3084
66.249.71.229 - - [08/Sep/2015:01:00:39 +0800] "GET /content/nav/relationSubject.jsp?relationWords=%E6%A0%A1%E6%AC%91+%E6%A4%86%E5%B1%AC+%E6%A4%8D%E7%89%A9%E7%95%8C+%E6%AE%BC%E6%96%97%E7%A7%91+%E9%90%B5%E6%A4%86+%E9%9D%92%E5%89%9B%E6%AB%9F+&oid=2146560 HTTP/1.1" 200 4562
66.249.71.249 - - [08/Sep/2015:01:00:39 +0800] "GET /content/nav/relationSubject.jsp?relationWords=%E9%87%91%E7%B5%B2%E6%A1%83%20%E9%87%91%E7%B5%B2%E6%A1%83%E5%B1%AC%20&oid=1107833 HTTP/1.1" 200 3084
66.249.71.249 - - [08/Sep/2015:01:00:44 +0800] "GET /content/nav/relationSubject.jsp?relationWords=%E6%A0%A1%E6%AC%91%20%E6%A4%86%E5%B1%AC%20%E6%A4%8D%E7%89%A9%E7%95%8C%20%E6%AE%BC%E6%96%97%E7%A7%91%20%E9%90%B5%E6%A4%86%20%E9%9D%92%E5%89%9B%E6%AB%9F%20&oid=2146560 HTTP/1.1" 200 4562
66.249.71.249 - - [08/Sep/2015:01:00:49 +0800] "GET /content/nav/relationSubject.jsp?relationWords=%E5%8D%97%E6%98%9F%E7%A7%91+%E5%8F%B0%E7%81%A3%E9%9D%92%E8%8A%8B+%E5%A4%A9%E5%8D%97%E6%98%9F+%E5%A4%A9%E5%8D%97%E6%98%9F%E7%A7%91+%E5%B1%B1%E8%8A%8B+%E6%A4%8D%E7%89%A9%E7%95%8C+%E8%8A%8B%E5%B1%AC+%E9%9D%92%E8%8A%8B+&oid=2148369 HTTP/1.1" 200 3549
66.249.71.249 - - [08/Sep/2015:01:00:55 +0800] "GET /content/nav/relationSubject.jsp?relationWords=%E5%8D%97%E6%98%9F%E7%A7%91%20%E5%8F%B0%E7%81%A3%E9%9D%92%E8%8A%8B%20%E5%A4%A9%E5%8D%97%E6%98%9F%20%E5%A4%A9%E5%8D%97%E6%98%9F%E7%A7%91%20%E5%B1%B1%E8%8A%8B%20%E6%A4%8D%E7%89%A9%E7%95%8C%20%E8%8A%8B%E5%B1%AC%20%E9%9D%92%E8%8A%8B%20&oid=2148369 HTTP/1.1" 200 3549
66.249.71.249 - - [08/Sep/2015:01:00:55 +0800] "GET /content/nav/relationSubject.jsp?relationWords=%E4%B8%83%E5%BA%9C%E4%BA%BA+%E4%BD%9C%E6%A1%88+%E5%B7%A5%E4%BD%9C%E6%A1%88+%E8%87%BA%E5%8C%97%E5%B8%82+&oid=1571862 HTTP/1.1" 200 4708
66.249.71.229 - - [08/Sep/2015:01:01:01 +0800] "GET /content/nav/relationSubject.jsp?relationWords=%E4%B8%83%E5%BA%9C%E4%BA%BA%20%E4%BD%9C%E6%A1%88%20%E5%B7%A5%E4%BD%9C%E6%A1%88%20%E8%87%BA%E5%8C%97%E5%B8%82%20&oid=1571862 HTTP/1.1" 200 4708
66.249.71.229 - - [08/Sep/2015:01:01:56 +0800] "GET /digiarch_en/content/nav/relationSubject.jsp?relationWords=%E6%BC%A2%E7%A5%A8+%E7%A7%BB%E6%9C%83+&oid=2659869 HTTP/1.1" 200 3113
66.249.71.229 - - [08/Sep/2015:01:02:01 +0800] "GET /digiarch_en/content/nav/relationSubject.jsp?relationWords=%E6%BC%A2%E7%A5%A8%20%E7%A7%BB%E6%9C%83%20&oid=2659869 HTTP/1.1" 200 3113
123.204.105.123 - - [08/Sep/2015:01:02:52 +0800] "GET /content/nav/relationSubject.jsp?relationWords=%E6%AA%AC%E6%9E%9C+%E8%8A%92%E6%9E%9C+&oid=16777508 HTTP/1.1" 200 4379
66.249.71.229 - - [08/Sep/2015:01:02:53 +0800] "GET /content/nav/relationSubject.jsp?relationWords=%E6%9B%B3%E7%B5%B2+%E9%87%91%E9%8C%A2%E4%BB%94+&oid=15275 HTTP/1.1" 200 4143
66.249.71.216 - - [08/Sep/2015:01:02:54 +0800] "GET /content/repository/resource_content.jsp?oid=2687142&queryString=%E7%B7%A9%E5%BE%B5 HTTP/1.1" 200 30446
66.249.71.239 - - [08/Sep/2015:01:02:59 +0800] "GET /content/nav/relationSubject.jsp?relationWords=%E6%9B%B3%E7%B5%B2%20%E9%87%91%E9%8C%A2%E4%BB%94%20&oid=15275 HTTP/1.1" 200 4143
207.46.13.169 - - [08/Sep/2015:01:03:04 +0800] "GET /content/subject/resource_content.jsp?oid=16777753 HTTP/1.1" 200 36817
66.249.71.229 - - [08/Sep/2015:01:03:06 +0800] "GET /content/nav/relationSubject.jsp?relationWords=%E5%8D%97%E6%8A%95%E7%9F%B3%E6%AB%9F+%E6%9F%AF%E5%B1%AC+%E6%A4%8D%E7%89%A9%E7%95%8C+%E6%AE%BC%E6%96%97%E7%A7%91+&oid=2146369 HTTP/1.1" 200 2854
66.249.71.239 - - [08/Sep/2015:01:03:07 +0800] "GET /content/nav/relationSubject.jsp?relationWords=%E6%9D%B1%E5%8C%97%E9%99%B8%E6%B8%AC%E5%9C%96+&oid=181391 HTTP/1.1" 200 3100
66.249.71.105 - - [08/Sep/2015:01:03:10 +0800] "GET /content/nav/relationSubject.jsp?relationWords=%E6%B5%B7%E9%AF%A1%E9%AF%89+%E7%9F%AD%E9%AC%9A%E5%89%AF%E7%B7%8B%E9%AF%89+%E7%9F%AD%E9%AC%9A%E6%B5%B7%E9%AF%A1%E9%AF%89+%E7%A7%8B%E5%A7%91+%E9%AC%9A%E5%93%A5+%E9%AC%9A%E9%AF%9B%E7%A7%91+&oid=15470 HTTP/1.1" 200 3633
66.249.71.239 - - [08/Sep/2015:01:03:12 +0800] "GET /content/nav/relationSubject.jsp?relationWords=%E5%8D%97%E6%8A%95%E7%9F%B3%E6%AB%9F%20%E6%9F%AF%E5%B1%AC%20%E6%A4%8D%E7%89%A9%E7%95%8C%20%E6%AE%BC%E6%96%97%E7%A7%91%20&oid=2146369 HTTP/1.1" 200 2854
66.249.71.239 - - [08/Sep/2015:01:03:14 +0800] "GET /content/nav/relationSubject.jsp?relationWords=%E6%9D%B1%E5%8C%97%E9%99%B8%E6%B8%AC%E5%9C%96%20&oid=181391 HTTP/1.1" 200 3100
66.249.71.121 - - [08/Sep/2015:01:03:17 +0800] "GET /content/nav/relationSubject.jsp?relationWords=%E6%B5%B7%E9%AF%A1%E9%AF%89%20%E7%9F%AD%E9%AC%9A%E5%89%AF%E7%B7%8B%E9%AF%89%20%E7%9F%AD%E9%AC%9A%E6%B5%B7%E9%AF%A1%E9%AF%89%20%E7%A7%8B%E5%A7%91%20%E9%AC%9A%E5%93%A5%20%E9%AC%9A%E9%AF%9B%E7%A7%91%20&oid=15470 HTTP/1.1" 200 3633
66.249.79.193 - - [08/Sep/2015:01:03:27 +0800] "GET /content/nav/relationSubject.jsp?relationWords=%E5%B0%8F%E7%9C%BC%E8%8A%B1%E7%B0%BE%E8%9B%A4+&oid=33554900 HTTP/1.1" 200 3177
66.249.79.200 - - [08/Sep/2015:01:03:34 +0800] "GET /content/nav/relationSubject.jsp?relationWords=%E5%B0%8F%E7%9C%BC%E8%8A%B1%E7%B0%BE%E8%9B%A4%20&oid=33554900 HTTP/1.1" 200 3177
66.249.71.239 - - [08/Sep/2015:01:03:41 +0800] "GET /content/repository/resource_content.jsp?oid=2640189 HTTP/1.1" 200 29887
66.249.71.105 - - [08/Sep/2015:01:03:47 +0800] "GET /content/nav/relationSubject.jsp?relationWords=%E5%AD%9F%E8%89%AE+%E7%A8%85%E5%8F%B8+&oid=683434 HTTP/1.1" 200 3207
66.249.71.121 - - [08/Sep/2015:01:03:52 +0800] "GET /content/nav/relationSubject.jsp?relationWords=%E5%AD%9F%E8%89%AE%20%E7%A8%85%E5%8F%B8%20&oid=683434 HTTP/1.1" 200 3207
207.46.13.19 - - [08/Sep/2015:01:04:10 +0800] "GET /content/nav/relationSubject.jsp?relationWords=GIS+%E6%95%B8%E4%BD%8D%E5%85%B8%E8%97%8F+%E9%81%99%E6%B8%AC%E5%BD%B1%E5%83%8F+&oid=16777753 HTTP/1.1" 200 5952
66.249.71.249 - - [08/Sep/2015:01:04:16 +0800] "GET /content/nav/relationSubject.jsp?relationWords=&oid=2675574 HTTP/1.1" 200 1405
66.249.71.249 - - [08/Sep/2015:01:04:52 +0800] "GET /content/nav/relationSubject.jsp?relationWords=%E5%85%B5%E5%82%99%E9%81%93+%E5%BE%B7%E5%85%B5+&oid=2546450 HTTP/1.1" 200 3140
66.249.71.239 - - [08/Sep/2015:01:04:57 +0800] "GET /content/nav/relationSubject.jsp?relationWords=&oid=2580910 HTTP/1.1" 200 1405
66.249.71.113 - - [08/Sep/2015:01:05:00 +0800] "GET /content/nav/relationSubject.jsp?relationWords=%E5%96%AE%E8%89%B2+%E5%A4%A9%E7%9B%AE+&oid=201664 HTTP/1.1" 200 3227
66.249.71.113 - - [08/Sep/2015:01:05:06 +0800] "GET /content/nav/relationSubject.jsp?relationWords=%E5%96%AE%E8%89%B2%20%E5%A4%A9%E7%9B%AE%20&oid=201664 HTTP/1.1" 200 3227
66.249.71.121 - - [08/Sep/2015:01:05:33 +0800] "GET /content/nav/relationSubject.jsp?relationWords=%E5%B7%A5%E9%83%A8+&oid=2522022 HTTP/1.1" 200 3068
66.249.79.115 - - [08/Sep/2015:01:05:34 +0800] "GET /content/nav/relationSubject.jsp?relationWords=%E7%8B%97%E6%AF%8D+%E9%BB%91%E7%8B%97%E6%AF%8D+&oid=4354531 HTTP/1.1" 200 3367
66.249.79.121 - - [08/Sep/2015:01:05:40 +0800] "GET /content/nav/relationSubject.jsp?relationWords=%E5%B7%A5%E9%83%A8%20&oid=2522022 HTTP/1.1" 200 3068
66.249.71.105 - - [08/Sep/2015:01:05:42 +0800] "GET /content/nav/relationSubject.jsp?relationWords=%E7%8B%97%E6%AF%8D%20%E9%BB%91%E7%8B%97%E6%AF%8D%20&oid=4354531 HTTP/1.1" 200 3367
66.249.71.249 - - [08/Sep/2015:01:05:50 +0800] "GET /content/nav/relationSubject.jsp?relationWords=%E5%8F%B0%E7%81%A3%E9%B1%97%E7%90%83%E8%8A%B1+%E6%A4%8D%E7%89%A9%E7%95%8C+%E7%88%B5%E5%BA%8A+%E7%88%B5%E5%BA%8A%E7%A7%91+%E7%8E%84%E5%8F%83+%E9%B1%97%E7%90%83%E8%8A%B1+%E9%B1%97%E7%90%83%E8%8A%B1%E5%B1%AC+&oid=1102295 HTTP/1.1" 200 3530
66.249.71.239 - - [08/Sep/2015:01:05:51 +0800] "GET /content/nav/relationSubject.jsp?relationWords=%E5%85%B5%E5%82%99%E9%81%93%20%E5%BE%B7%E5%85%B5%20&oid=2546450 HTTP/1.1" 200 3140
66.249.79.127 - - [08/Sep/2015:01:05:55 +0800] "GET /content/nav/relationSubject.jsp?relationWords=%E5%A7%94%E7%BD%B2+%E7%9F%A5%E5%BA%9C+&oid=2635987 HTTP/1.1" 200 3989
66.249.79.127 - - [08/Sep/2015:01:05:59 +0800] "GET /content/nav/relationSubject.jsp?relationWords=%E7%B3%A7%E4%BA%8B+%E9%8C%A2%E7%B3%A7+%E9%96%A9%E6%B5%99+%E9%96%A9%E6%B5%99%E7%B8%BD%E7%9D%A3+%E9%B9%BD%E8%AA%B2+&oid=2552985 HTTP/1.1" 200 5451
66.249.71.249 - - [08/Sep/2015:01:06:00 +0800] "GET /content/nav/relationSubject.jsp?relationWords=%E5%8F%B0%E7%81%A3%E9%B1%97%E7%90%83%E8%8A%B1%20%E6%A4%8D%E7%89%A9%E7%95%8C%20%E7%88%B5%E5%BA%8A%20%E7%88%B5%E5%BA%8A%E7%A7%91%20%E7%8E%84%E5%8F%83%20%E9%B1%97%E7%90%83%E8%8A%B1%20%E9%B1%97%E7%90%83%E8%8A%B1%E5%B1%AC%20&oid=1102295 HTTP/1.1" 200 3530
66.249.71.105 - - [08/Sep/2015:01:06:01 +0800] "GET /content/nav/relationSubject.jsp?relationWords=%E5%A7%94%E7%BD%B2%20%E7%9F%A5%E5%BA%9C%20&oid=2635987 HTTP/1.1" 200 3989
66.249.71.121 - - [08/Sep/2015:01:06:05 +0800] "GET /content/nav/relationSubject.jsp?relationWords=%E7%B3%A7%E4%BA%8B%20%E9%8C%A2%E7%B3%A7%20%E9%96%A9%E6%B5%99%20%E9%96%A9%E6%B5%99%E7%B8%BD%E7%9D%A3%20%E9%B9%BD%E8%AA%B2%20&oid=2552985 HTTP/1.1" 200 5451
114.47.3.178 - - [08/Sep/2015:01:06:07 +0800] "GET /content/repository/resource_content.jsp?oid=2148241 HTTP/1.1" 200 30735
114.47.3.178 - - [08/Sep/2015:01:06:08 +0800] "GET /content/nav/relationSubject.jsp?relationWords=%E5%86%87%E6%A8%9F+%E6%A4%8D%E7%89%A9%E7%95%8C+%E6%A8%9F%E5%B1%AC+%E6%A8%9F%E7%A7%91+&oid=2148241 HTTP/1.1" 200 3173
66.249.71.239 - - [08/Sep/2015:01:06:13 +0800] "GET /content/nav/relationSubject.jsp?relationWords=%E4%B8%89%E4%B8%83%E4%BA%94+%E5%88%A9%E6%BD%A4+%E5%9C%B0%E7%A7%9F+%E5%B7%A5%E8%B3%87+%E7%94%9F%E7%94%A2%E6%88%90%E6%9C%AC+%E7%9C%81%E6%94%BF%E5%BA%9C+%E8%8F%B8%E8%91%89+%E8%8F%B8%E9%85%92%E5%85%AC%E8%B3%A3%E5%B1%80+&oid=1635477 HTTP/1.1" 200 4792
66.249.71.239 - - [08/Sep/2015:01:06:19 +0800] "GET /content/nav/relationSubject.jsp?relationWords=%E4%B8%89%E4%B8%83%E4%BA%94%20%E5%88%A9%E6%BD%A4%20%E5%9C%B0%E7%A7%9F%20%E5%B7%A5%E8%B3%87%20%E7%94%9F%E7%94%A2%E6%88%90%E6%9C%AC%20%E7%9C%81%E6%94%BF%E5%BA%9C%20%E8%8F%B8%E8%91%89%20%E8%8F%B8%E9%85%92%E5%85%AC%E8%B3%A3%E5%B1%80%20&oid=1635477 HTTP/1.1" 200 4792
66.249.71.113 - - [08/Sep/2015:01:06:39 +0800] "GET /content/repository/resource_content.jsp?oid=4456793&queryType=qs&queryString=%E6%A1%B6%E6%9F%91 HTTP/1.1" 200 28568
66.249.71.121 - - [08/Sep/2015:01:06:40 +0800] "GET /content/nav/relationSubject.jsp?relationWords=%E5%A4%A7%E8%87%A3%E4%BA%8B+%E7%A6%AE%E9%83%A8+&oid=2656705 HTTP/1.1" 200 3110
66.249.71.113 - - [08/Sep/2015:01:06:46 +0800] "GET /content/nav/relationSubject.jsp?relationWords=%E5%A4%A7%E8%87%A3%E4%BA%8B%20%E7%A6%AE%E9%83%A8%20&oid=2656705 HTTP/1.1" 200 3110
66.249.71.45 - - [08/Sep/2015:01:06:53 +0800] "GET /content/repository/resource_content.jsp?oid=1552243&queryType=qs&queryString=%E6%8E%A8%E5%BB%A3%E6%95%99%E8%82%B2 HTTP/1.1" 200 28998
66.249.71.105 - - [08/Sep/2015:01:07:09 +0800] "GET /content/nav/relationSubject.jsp?relationWords=%E6%9C%B1%E9%9B%80+%E6%B2%88%E6%B0%8F+%E7%A5%9E%E9%81%93+%E9%83%BD%E5%B0%89+%E9%A1%8C%E8%A8%98+%E9%BE%8D%E7%92%A7+&oid=1834375 HTTP/1.1" 200 5315
66.249.71.105 - - [08/Sep/2015:01:07:15 +0800] "GET /content/nav/relationSubject.jsp?relationWords=%E6%9C%B1%E9%9B%80%20%E6%B2%88%E6%B0%8F%20%E7%A5%9E%E9%81%93%20%E9%83%BD%E5%B0%89%20%E9%A1%8C%E8%A8%98%20%E9%BE%8D%E7%92%A7%20&oid=1834375 HTTP/1.1" 200 5315
66.249.71.226 - - [08/Sep/2015:01:07:17 +0800] "GET /content/repository/resource_content.jsp?oid=1592768&queryString=%E8%87%BA%E7%81%A3%E5%8F%B2 HTTP/1.1" 200 30315
66.249.71.205 - - [08/Sep/2015:01:07:30 +0800] "GET /content/nav/relationSubject.jsp?relationWords=%E4%BF%9D%E7%94%9F%E5%A4%A7%E5%B8%9D%20&oid=4361953 HTTP/1.1" 200 3059
66.249.71.239 - - [08/Sep/2015:01:07:32 +0800] "GET /content/nav/relationSubject.jsp?relationWords=%E7%9C%81%E6%94%BF%E5%BA%9C+%E8%87%BA%E7%81%A3%E9%9B%BB%E5%8A%9B%E5%85%AC%E5%8F%B8+&oid=1562196 HTTP/1.1" 200 4552
66.249.71.249 - - [08/Sep/2015:01:07:38 +0800] "GET /content/nav/relationSubject.jsp?relationWords=%E7%9C%81%E6%94%BF%E5%BA%9C%20%E8%87%BA%E7%81%A3%E9%9B%BB%E5%8A%9B%E5%85%AC%E5%8F%B8%20&oid=1562196 HTTP/1.1" 200 4552
68.180.228.24 - - [08/Sep/2015:01:07:40 +0800] "GET /content/pictures/picture_content.jsp?oid=33554802 HTTP/1.1" 200 27545
66.249.71.217 - - [08/Sep/2015:01:07:41 +0800] "GET /digiarch3/content/repository/resource_content.jsp?oid=1849926&queryType=qs&queryString=%E9%99%B0%E6%96%87 HTTP/1.1" 200 31357
66.249.71.121 - - [08/Sep/2015:01:07:43 +0800] "GET /content/nav/relationSubject.jsp?relationWords=%E5%8F%B0%E7%81%A3%E5%8E%9F%E4%BD%8F%E6%B0%91+%E6%B3%B0%E9%9B%85%E6%97%8F+&oid=1775203 HTTP/1.1" 200 4833
66.249.71.121 - - [08/Sep/2015:01:07:53 +0800] "GET /content/nav/relationSubject.jsp?relationWords=%E5%8F%B0%E7%81%A3%E5%8E%9F%E4%BD%8F%E6%B0%91%20%E6%B3%B0%E9%9B%85%E6%97%8F%20&oid=1775203 HTTP/1.1" 200 4833
66.249.71.121 - - [08/Sep/2015:01:08:00 +0800] "GET /content/nav/relationSubject.jsp?relationWords=%E5%A5%B3%E4%B8%8A%E8%A1%A3+%E9%AD%AF%E5%87%B1+%E9%AD%AF%E5%87%B1%E6%97%8F+&oid=1782391 HTTP/1.1" 200 3122
66.249.71.239 - - [08/Sep/2015:01:08:01 +0800] "GET /content/nav/relationSubject.jsp?relationWords=%E5%B7%A1%E6%8C%89+&oid=2662731 HTTP/1.1" 200 3096
66.249.79.186 - - [08/Sep/2015:01:08:07 +0800] "GET /digiarch3/content/repository/resource_content.jsp?oid=1124667&queryString=%E6%BB%91%E5%9C%93%E8%9C%91%E8%9E%BA%20%E8%85%B9%E8%B6%B3%E7%B6%B1%20%E8%9C%91%E8%9E%BA HTTP/1.1" 200 39051
66.249.71.121 - - [08/Sep/2015:01:08:07 +0800] "GET /content/nav/relationSubject.jsp?relationWords=%E5%A5%B3%E4%B8%8A%E8%A1%A3%20%E9%AD%AF%E5%87%B1%20%E9%AD%AF%E5%87%B1%E6%97%8F%20&oid=1782391 HTTP/1.1" 200 3122
66.249.71.249 - - [08/Sep/2015:01:08:12 +0800] "GET /content/nav/relationSubject.jsp?relationWords=%E5%B7%A1%E6%8C%89%20&oid=2662731 HTTP/1.1" 200 3096
66.249.71.229 - - [08/Sep/2015:01:08:26 +0800] "GET /content/nav/relationSubject.jsp?relationWords=%E4%B8%BB%E8%A8%88%E4%BA%BA%E5%93%A1+%E4%B8%BB%E8%A8%88%E8%99%95+%E5%AF%A9%E8%A8%88%E8%99%95+%E6%B3%95%E9%99%A2+%E7%9B%A3%E5%AF%9F%E4%BA%BA+%E9%80%BE%E6%9C%9F%E6%94%BE%E6%AC%BE+&oid=1576151 HTTP/1.1" 200 5189
66.249.71.249 - - [08/Sep/2015:01:08:33 +0800] "GET /content/nav/relationSubject.jsp?relationWords=%E8%81%96%E8%AB%AD+%E8%AB%AD%E4%BA%8B+&oid=2543934 HTTP/1.1" 200 4379
66.249.71.229 - - [08/Sep/2015:01:08:40 +0800] "GET /content/nav/relationSubject.jsp?relationWords=%E4%B8%BB%E8%A8%88%E4%BA%BA%E5%93%A1%20%E4%B8%BB%E8%A8%88%E8%99%95%20%E5%AF%A9%E8%A8%88%E8%99%95%20%E6%B3%95%E9%99%A2%20%E7%9B%A3%E5%AF%9F%E4%BA%BA%20%E9%80%BE%E6%9C%9F%E6%94%BE%E6%AC%BE%20&oid=1576151 HTTP/1.1" 200 5189
66.249.71.249 - - [08/Sep/2015:01:08:48 +0800] "GET /content/nav/relationSubject.jsp?relationWords=%E8%81%96%E8%AB%AD%20%E8%AB%AD%E4%BA%8B%20&oid=2543934 HTTP/1.1" 200 4379
66.249.71.239 - - [08/Sep/2015:01:08:53 +0800] "GET /content/repository/resource_content.jsp?oid=223345 HTTP/1.1" 200 30058
66.249.79.115 - - [08/Sep/2015:01:08:53 +0800] "GET /content/nav/relationSubject.jsp?relationWords=%E4%B8%83%E6%B0%B4+%E5%85%AB%E4%B8%83%E6%B0%B4%E7%81%BD+%E5%9C%B0%E5%83%B9+%E5%A4%A7%E8%82%9A%E6%BA%AA+%E5%BD%B0%E5%8C%96%E5%B8%82+%E6%9E%97%E6%98%8E%E5%BE%B7+%E6%9E%97%E7%89%9B+%E6%9E%97%E7%89%9B%E6%B8%AF+%E7%8E%8B%E5%AE%89+%E7%8E%8B%E5%AE%89%E9%A0%86+%E7%9C%81%E6%94%BF%E5%BA%9C+%E7%9C%81%E8%AD%B0%E6%9C%83+%E7%A7%81%E6%9C%89%E5%9C%9F%E5%9C%B0+%E8%87%BA%E7%81%A3%E7%9C%81+%E8%87%BA%E7%81%A3%E7%9C%81%E8%AD%B0%E6%9C%83+%E9%99%B3%E7%AD%86+&oid=1533415 HTTP/1.1" 200 6089
66.249.71.113 - - [08/Sep/2015:01:09:03 +0800] "GET /content/nav/relationSubject.jsp?relationWords=%E4%B8%83%E6%B0%B4%20%E5%85%AB%E4%B8%83%E6%B0%B4%E7%81%BD%20%E5%9C%B0%E5%83%B9%20%E5%A4%A7%E8%82%9A%E6%BA%AA%20%E5%BD%B0%E5%8C%96%E5%B8%82%20%E6%9E%97%E6%98%8E%E5%BE%B7%20%E6%9E%97%E7%89%9B%20%E6%9E%97%E7%89%9B%E6%B8%AF%20%E7%8E%8B%E5%AE%89%20%E7%8E%8B%E5%AE%89%E9%A0%86%20%E7%9C%81%E6%94%BF%E5%BA%9C%20%E7%9C%81%E8%AD%B0%E6%9C%83%20%E7%A7%81%E6%9C%89%E5%9C%9F%E5%9C%B0%20%E8%87%BA%E7%81%A3%E7%9C%81%20%E8%87%BA%E7%81%A3%E7%9C%81%E8%AD%B0%E6%9C%83%20%E9%99%B3%E7%AD%86%20&oid=1533415 HTTP/1.1" 200 6089
66.249.71.121 - - [08/Sep/2015:01:09:09 +0800] "GET /content/nav/relationSubject.jsp?relationWords=%E5%88%91%E9%83%A8+%E8%B3%91%E4%BA%8B+%E9%99%B3%E7%8E%89+&oid=2668218 HTTP/1.1" 200 3159
66.249.71.121 - - [08/Sep/2015:01:09:17 +0800] "GET /content/nav/relationSubject.jsp?relationWords=%E5%88%91%E9%83%A8%20%E8%B3%91%E4%BA%8B%20%E9%99%B3%E7%8E%89%20&oid=2668218 HTTP/1.1" 200 3159
66.249.71.105 - - [08/Sep/2015:01:09:29 +0800] "GET /content/nav/relationSubject.jsp?relationWords=%E5%90%8F%E9%83%A8+&oid=2682733 HTTP/1.1" 200 3101
66.249.71.113 - - [08/Sep/2015:01:09:35 +0800] "GET /content/nav/relationSubject.jsp?relationWords=%E5%90%8F%E9%83%A8%20&oid=2682733 HTTP/1.1" 200 3101
66.249.71.249 - - [08/Sep/2015:01:09:38 +0800] "GET /content/nav/relationSubject.jsp?relationWords=%E4%BD%95%E9%87%91%E7%94%9F+%E4%BE%BF%E6%B0%91+%E7%99%BC%E9%9B%BB%E5%BB%A0+%E8%83%A1%E4%B8%99%E7%94%B3+%E8%B3%B4%E6%A3%AE%E6%9E%97+%E9%87%91%E7%94%9F+%E9%90%B5%E8%B7%AF%E5%B1%80+%E9%9B%BB%E4%BF%A1+%E9%9B%BB%E4%BF%A1%E5%B1%80+%E9%A0%90%E7%AE%97+&oid=1540211 HTTP/1.1" 200 6050
66.249.71.249 - - [08/Sep/2015:01:09:53 +0800] "GET /content/nav/relationSubject.jsp?relationWords=%E4%BD%95%E9%87%91%E7%94%9F%20%E4%BE%BF%E6%B0%91%20%E7%99%BC%E9%9B%BB%E5%BB%A0%20%E8%83%A1%E4%B8%99%E7%94%B3%20%E8%B3%B4%E6%A3%AE%E6%9E%97%20%E9%87%91%E7%94%9F%20%E9%90%B5%E8%B7%AF%E5%B1%80%20%E9%9B%BB%E4%BF%A1%20%E9%9B%BB%E4%BF%A1%E5%B1%80%20%E9%A0%90%E7%AE%97%20&oid=1540211 HTTP/1.1" 200 6050
66.249.71.229 - - [08/Sep/2015:01:10:19 +0800] "GET /content/nav/relationSubject.jsp?relationWords=%E5%BA%AB%E9%A0%85+%E7%82%BA%E7%87%9F%E5%93%A1+&oid=2640189 HTTP/1.1" 200 3116
66.249.71.249 - - [08/Sep/2015:01:10:26 +0800] "GET /content/nav/relationSubject.jsp?relationWords=%E5%BA%AB%E9%A0%85%20%E7%82%BA%E7%87%9F%E5%93%A1%20&oid=2640189 HTTP/1.1" 200 3116
66.249.71.206 - - [08/Sep/2015:01:10:29 +0800] "GET /content/subject/resource_content.jsp?oid=16777450&queryString= HTTP/1.1" 200 28909
175.180.89.221 - - [08/Sep/2015:01:10:43 +0800] "GET /content/repository/resource_content.jsp?oid=1081576&queryType=qs&queryString=%E5%A4%A9%E7%AB%BA%E9%AF%9B HTTP/1.1" 200 33364
66.249.71.229 - - [08/Sep/2015:01:11:17 +0800] "GET /content/subject/resource_content.jsp?oid=16777721&queryString=%E6%A4%8D%E7%89%A9%E7%95%8C%20%E7%8E%89%E5%B1%B1%E8%96%84%E9%9B%AA%E8%8D%89%20%E8%8F%8A%E7%A7%91%20%E8%96%84%E9%9B%AA%E8%8D%89%E5%B1%AC%20%E9%9B%99%E5%AD%90%E8%91%89%E6%A4%8D%E7%89%A9 HTTP/1.1" 200 36216
66.249.71.249 - - [08/Sep/2015:01:11:25 +0800] "GET /content/nav/relationSubject.jsp?relationWords=%E4%B8%80%E5%BA%9C%E6%95%99+&oid=1570473 HTTP/1.1" 200 3548
66.249.71.249 - - [08/Sep/2015:01:11:32 +0800] "GET /content/nav/relationSubject.jsp?relationWords=%E4%B8%80%E5%BA%9C%E6%95%99%20&oid=1570473 HTTP/1.1" 200 3548
66.249.71.226 - - [08/Sep/2015:01:11:41 +0800] "GET /content/subject/resource_content.jsp?oid=16797292&queryType=qc HTTP/1.1" 200 57225
66.249.71.113 - - [08/Sep/2015:01:11:55 +0800] "GET /content/nav/relationSubject.jsp?relationWords=%E5%AE%8B%E6%99%AF+&oid=2521342 HTTP/1.1" 200 2251
66.249.71.229 - - [08/Sep/2015:01:11:56 +0800] "GET /digiarch_en/content/nav/relationSubject.jsp?relationWords=%E5%B7%A1%E6%92%AB+%E9%BB%83%E6%A6%AE+&oid=2631428 HTTP/1.1" 200 3112
114.43.104.106 - - [08/Sep/2015:01:11:57 +0800] "GET /content/nav/relationSubject.jsp?relationWords=%E7%B4%85%E6%A5%A0+%E8%B1%AC%E8%85%B3%E6%A5%A0+&oid=16777302 HTTP/1.1" 200 3693
66.249.79.228 - - [08/Sep/2015:01:11:58 +0800] "GET /content/repository/resource_content.jsp?oid=1899111&queryString=%E5%BD%B0%E5%8C%96%E5%B8%82%20%E6%B0%91%E6%94%BF%E5%BB%B3%20%E7%B2%BE%E7%A5%9E%E7%97%85%20%E7%B5%90%E6%A0%B8%E7%97%85%20%E7%B8%A3%E6%94%BF%E5%BA%9C%20%E7%B8%A3%E8%BD%84%E5%B8%82%20%E8%87%BA%E5%8C%97%E7%B8%A3%20%E9%86%AB%E8%AD%B7%E4%BA%BA%E5%93%A1 HTTP/1.1" 200 31605
66.249.71.206 - - [08/Sep/2015:01:11:58 +0800] "GET /content/nav/relationSubject.jsp?relationWords=%E5%B1%B1%E8%83%9E+%E6%96%BD%E6%94%BF%E8%A8%88%E7%95%AB+%E6%B0%91%E6%94%BF%E5%BB%B3+%E7%9B%A3%E5%AF%9F%E9%99%A2+%E7%A7%BB%E9%80%81+%E8%87%BA%E7%81%A3%E5%8F%B2+%E9%A0%90%E7%AE%97+&oid=1592768 HTTP/1.1" 200 5042
66.249.71.113 - - [08/Sep/2015:01:12:01 +0800] "GET /content/nav/relationSubject.jsp?relationWords=%E5%AE%8B%E6%99%AF%20&oid=2521342 HTTP/1.1" 200 2251
66.249.71.249 - - [08/Sep/2015:01:12:02 +0800] "GET /digiarch_en/content/nav/relationSubject.jsp?relationWords=%E5%B7%A1%E6%92%AB%20%E9%BB%83%E6%A6%AE%20&oid=2631428 HTTP/1.1" 200 3112
66.249.71.239 - - [08/Sep/2015:01:12:05 +0800] "GET /content/subject/resource_content.jsp?oid=16797244&queryString= HTTP/1.1" 200 50441
66.249.71.216 - - [08/Sep/2015:01:12:07 +0800] "GET /content/nav/relationSubject.jsp?relationWords=%E5%B1%B1%E8%83%9E%20%E6%96%BD%E6%94%BF%E8%A8%88%E7%95%AB%20%E6%B0%91%E6%94%BF%E5%BB%B3%20%E7%9B%A3%E5%AF%9F%E9%99%A2%20%E7%A7%BB%E9%80%81%20%E8%87%BA%E7%81%A3%E5%8F%B2%20%E9%A0%90%E7%AE%97%20&oid=1592768 HTTP/1.1" 200 5042
66.249.71.249 - - [08/Sep/2015:01:12:12 +0800] "GET /content/nav/relationSubject.jsp?relationWords=%E5%8D%97%E9%99%BD%E7%B8%A3+%E7%9F%B3%E6%A9%8B+%E7%9F%B3%E6%A9%8B%E9%8E%AE+&oid=1807253 HTTP/1.1" 200 3175
66.249.71.239 - - [08/Sep/2015:01:12:33 +0800] "GET /content/nav/relationSubject.jsp?relationWords=%E5%8D%97%E9%99%BD%E7%B8%A3%20%E7%9F%B3%E6%A9%8B%20%E7%9F%B3%E6%A9%8B%E9%8E%AE%20&oid=1807253 HTTP/1.1" 200 3175
66.249.71.229 - - [08/Sep/2015:01:12:51 +0800] "GET /content/nav/relationSubject.jsp?relationWords=%E6%99%AE%E5%88%BA%E7%89%B9%E8%8D%89+%E6%99%AE%E5%89%8C%E7%89%B9%E8%8D%89+%E6%99%AE%E5%89%8C%E7%89%B9%E8%8D%89%E5%B1%AC+%E6%A1%94%E6%A2%97+%E6%A1%94%E6%A2%97%E7%A7%91+%E6%A4%8D%E7%89%A9%E7%95%8C+&oid=1102518 HTTP/1.1" 200 3497
66.249.71.229 - - [08/Sep/2015:01:12:53 +0800] "GET /content/pictures/picture_content.jsp?oid=33554814 HTTP/1.1" 200 27631
66.249.71.239 - - [08/Sep/2015:01:12:57 +0800] "GET /content/nav/relationSubject.jsp?relationWords=%E6%99%AE%E5%88%BA%E7%89%B9%E8%8D%89%20%E6%99%AE%E5%89%8C%E7%89%B9%E8%8D%89%20%E6%99%AE%E5%89%8C%E7%89%B9%E8%8D%89%E5%B1%AC%20%E6%A1%94%E6%A2%97%20%E6%A1%94%E6%A2%97%E7%A7%91%20%E6%A4%8D%E7%89%A9%E7%95%8C%20&oid=1102518 HTTP/1.1" 200 3497
66.249.71.113 - - [08/Sep/2015:01:13:54 +0800] "GET /content/nav/relationSubject.jsp?relationWords=%E5%B7%A1%E6%92%AB+%E6%B0%91%E5%AE%85+&oid=2522321 HTTP/1.1" 200 3119
66.249.71.121 - - [08/Sep/2015:01:13:55 +0800] "GET /content/nav/relationSubject.jsp?relationWords=%E9%A0%86%E6%B2%BB%E5%B8%9D+&oid=2674311 HTTP/1.1" 200 3864
66.249.71.113 - - [08/Sep/2015:01:14:01 +0800] "GET /content/nav/relationSubject.jsp?relationWords=%E9%A0%86%E6%B2%BB%E5%B8%9D%20&oid=2674311 HTTP/1.1" 200 3864
66.249.71.54 - - [08/Sep/2015:01:14:04 +0800] "GET /content/repository/resource_content.jsp?oid=4362033&queryType=qs&queryString=%E5%8C%97%E6%B8%AF%E6%9C%9D%E5%A4%A9%E5%AE%AE HTTP/1.1" 200 28346
198.27.82.153 - - [08/Sep/2015:01:14:13 +0800] "GET /content/subject/resource_content.jsp?oid=16777503&queryString= HTTP/1.0" 200 40575
66.249.71.113 - - [08/Sep/2015:01:14:16 +0800] "GET /content/nav/relationSubject.jsp?relationWords=%E4%BA%A4%E6%B6%89%E5%93%A1+%E4%BA%BA%E5%90%8D%E6%AC%8A%E5%A8%81+%E5%A4%96%E4%BA%A4%E9%83%A8+%E5%B1%8D%E6%A0%BC+%E5%BC%B5%E4%BD%9C%E9%9C%96+&oid=710079 HTTP/1.1" 200 3925
66.249.71.121 - - [08/Sep/2015:01:14:25 +0800] "GET /content/nav/relationSubject.jsp?relationWords=%E4%BA%A4%E6%B6%89%E5%93%A1%20%E4%BA%BA%E5%90%8D%E6%AC%8A%E5%A8%81%20%E5%A4%96%E4%BA%A4%E9%83%A8%20%E5%B1%8D%E6%A0%BC%20%E5%BC%B5%E4%BD%9C%E9%9C%96%20&oid=710079 HTTP/1.1" 200 3925
66.249.71.229 - - [08/Sep/2015:01:14:28 +0800] "GET /content/repository/resource_content.jsp?oid=1890580 HTTP/1.1" 200 28589
66.249.79.193 - - [08/Sep/2015:01:14:53 +0800] "GET /content/repository/resource_content.jsp?oid=1774348 HTTP/1.1" 200 26808
66.249.71.36 - - [08/Sep/2015:01:15:16 +0800] "GET /content/repository/resource_content.jsp?oid=4438074&queryString=%E6%94%BF%E6%B2%BB%E6%99%82%E8%A9%95 HTTP/1.1" 200 28485
66.249.71.239 - - [08/Sep/2015:01:15:40 +0800] "GET /content/repository/resource_content.jsp?oid=1530004 HTTP/1.1" 200 28451
66.249.71.216 - - [08/Sep/2015:01:15:41 +0800] "GET /content/nav/relationSubject.jsp?relationWords=&oid=2637696 HTTP/1.1" 200 1405
66.249.71.239 - - [08/Sep/2015:01:16:14 +0800] "GET /content/nav/relationSubject.jsp?relationWords=%E5%87%8C%E7%B4%94%E8%81%B2+%E5%8B%B3%E7%AB%A0+%E5%9C%8B%E6%B0%91%E6%94%BF%E5%BA%9C+&oid=4364584 HTTP/1.1" 200 3189
66.249.71.249 - - [08/Sep/2015:01:16:20 +0800] "GET /content/nav/relationSubject.jsp?relationWords=%E5%87%8C%E7%B4%94%E8%81%B2%20%E5%8B%B3%E7%AB%A0%20%E5%9C%8B%E6%B0%91%E6%94%BF%E5%BA%9C%20&oid=4364584 HTTP/1.1" 200 3189
66.249.71.207 - - [08/Sep/2015:01:16:28 +0800] "GET /digiarch3/content/pictures/picture_content.jsp?oid=33554770&classify=2562 HTTP/1.1" 200 28447
66.249.71.121 - - [08/Sep/2015:01:16:30 +0800] "GET /content/nav/relationSubject.jsp?relationWords=%E4%BA%A4%E9%80%9A%E5%AE%89%E5%85%A8+%E4%BA%A4%E9%80%9A%E7%B3%BB%E7%B5%B1+%E5%85%AC%E8%B7%AF%E5%B1%80+%E5%AE%A2%E9%81%8B+%E5%B9%B3%E4%BA%A4%E9%81%93+%E6%A8%99%E8%AA%9E+%E6%BC%AB%E7%95%AB+%E9%87%91%E9%A6%AC%E8%99%9F+%E9%90%B5%E8%B7%AF%E5%B1%80+&oid=1568000 HTTP/1.1" 200 4686
66.249.71.113 - - [08/Sep/2015:01:16:37 +0800] "GET /content/nav/relationSubject.jsp?relationWords=%E5%88%91%E9%83%A8+%E8%AD%B0%E7%BD%AA+%E9%80%83%E5%A5%B4+&oid=2525413 HTTP/1.1" 200 3165
66.249.71.121 - - [08/Sep/2015:01:16:38 +0800] "GET /content/nav/relationSubject.jsp?relationWords=%E4%BA%A4%E9%80%9A%E5%AE%89%E5%85%A8%20%E4%BA%A4%E9%80%9A%E7%B3%BB%E7%B5%B1%20%E5%85%AC%E8%B7%AF%E5%B1%80%20%E5%AE%A2%E9%81%8B%20%E5%B9%B3%E4%BA%A4%E9%81%93%20%E6%A8%99%E8%AA%9E%20%E6%BC%AB%E7%95%AB%20%E9%87%91%E9%A6%AC%E8%99%9F%20%E9%90%B5%E8%B7%AF%E5%B1%80%20&oid=1568000 HTTP/1.1" 200 4686
66.249.71.229 - - [08/Sep/2015:01:16:43 +0800] "GET /content/nav/relationSubject.jsp?relationWords=%E4%BF%9D%E5%81%A5+%E5%81%BD%E8%97%A5+%E5%82%B3%E6%9F%93%E7%97%85+%E5%82%B3%E6%9F%93%E7%97%85%E9%98%B2%E6%B2%BB+%E5%85%AC%E5%85%B1%E8%A1%9B%E7%94%9F+%E5%8E%98%E8%A8%82+%E5%9C%8B%E6%A0%A1+%E5%A0%86%E8%82%A5+%E5%AF%84%E7%94%9F%E8%9F%B2+%E6%80%A7%E7%97%85+%E6%B0%B4%E8%B3%AA+%E6%B0%B4%E8%B3%AA%E6%AA%A2%E9%A9%97+%E7%94%B3%E5%A0%B1+%E7%97%85%E5%AA%92+%E7%99%BD%E5%96%89+%E7%A0%82%E7%9C%BC+%E7%B5%84%E7%B9%94%E8%A6%8F%E7%A8%8B+%E7%B5%90%E6%A0%B8%E7%97%85+%E7%BD%90%E9%A0%AD%E9%A3%9F%E5%93%81+%E8%97%A5%E5%93%81%E7%AE%A1%E7%90%86+%E8%99%95%E9%95%B7+%E8%A1%9B%E7%94%9F%E5%B7%A5%E7%A8%8B+%E8%A1%9B%E7%94%9F%E8%99%95+%E8%A1%9B%E7%94%9F%E9%99%A2+%E9%A1%8F%E6%98%A5%E8%BC%9D+%E9%A3%9F%E5%93%81%E8%A1%9B%E7%94%9F+%E9%A3%9F%E5%93%81%E8%A1%9B%E7%94%9F%E6%B3%95+%E9%A3%9F%E7%89%A9%E4%B8%AD%E6%AF%92+&oid=1546315 HTTP/1.1" 200 4455
66.249.71.113 - - [08/Sep/2015:01:16:44 +0800] "GET /content/nav/relationSubject.jsp?relationWords=%E5%88%91%E9%83%A8%20%E8%AD%B0%E7%BD%AA%20%E9%80%83%E5%A5%B4%20&oid=2525413 HTTP/1.1" 200 3165
66.249.79.207 - - [08/Sep/2015:01:16:50 +0800] "GET /content/nav/relationSubject.jsp?relationWords=%E4%BF%9D%E5%81%A5%20%E5%81%BD%E8%97%A5%20%E5%82%B3%E6%9F%93%E7%97%85%20%E5%82%B3%E6%9F%93%E7%97%85%E9%98%B2%E6%B2%BB%20%E5%85%AC%E5%85%B1%E8%A1%9B%E7%94%9F%20%E5%8E%98%E8%A8%82%20%E5%9C%8B%E6%A0%A1%20%E5%A0%86%E8%82%A5%20%E5%AF%84%E7%94%9F%E8%9F%B2%20%E6%80%A7%E7%97%85%20%E6%B0%B4%E8%B3%AA%20%E6%B0%B4%E8%B3%AA%E6%AA%A2%E9%A9%97%20%E7%94%B3%E5%A0%B1%20%E7%97%85%E5%AA%92%20%E7%99%BD%E5%96%89%20%E7%A0%82%E7%9C%BC%20%E7%B5%84%E7%B9%94%E8%A6%8F%E7%A8%8B%20%E7%B5%90%E6%A0%B8%E7%97%85%20%E7%BD%90%E9%A0%AD%E9%A3%9F%E5%93%81%20%E8%97%A5%E5%93%81%E7%AE%A1%E7%90%86%20%E8%99%95%E9%95%B7%20%E8%A1%9B%E7%94%9F%E5%B7%A5%E7%A8%8B%20%E8%A1%9B%E7%94%9F%E8%99%95%20%E8%A1%9B%E7%94%9F%E9%99%A2%20%E9%A1%8F%E6%98%A5%E8%BC%9D%20%E9%A3%9F%E5%93%81%E8%A1%9B%E7%94%9F%20%E9%A3%9F%E5%93%81%E8%A1%9B%E7%94%9F%E6%B3%95%20%E9%A3%9F%E7%89%A9%E4%B8%AD%E6%AF%92%20&oid=1546315 HTTP/1.1" 200 4455
66.249.71.239 - - [08/Sep/2015:01:16:52 +0800] "GET /content/repository/resource_content.jsp?oid=3357582&queryString=%E5%A5%87%E5%AD%97 HTTP/1.1" 200 28934
66.249.71.239 - - [08/Sep/2015:01:17:07 +0800] "GET /content/nav/relationSubject.jsp?relationWords=%E5%90%8F%E9%83%A8+%E7%9B%88%E9%A4%98+&oid=2670087 HTTP/1.1" 200 3136
66.249.71.216 - - [08/Sep/2015:01:17:15 +0800] "GET /content/repository/resource_content.jsp?oid=761885&queryString=%E5%B7%A5%E5%B7%A1%E5%B1%80%20%E7%A5%88%E9%80%9F%20%E9%99%B3%E6%99%AF%E7%A7%80 HTTP/1.1" 200 28317
66.249.71.249 - - [08/Sep/2015:01:17:15 +0800] "GET /content/nav/relationSubject.jsp?relationWords=%E5%90%8F%E9%83%A8%20%E7%9B%88%E9%A4%98%20&oid=2670087 HTTP/1.1" 200 3136
66.249.71.229 - - [08/Sep/2015:01:17:17 +0800] "GET /content/repository/resource_content.jsp?oid=1451375 HTTP/1.1" 200 29889
66.249.79.207 - - [08/Sep/2015:01:17:39 +0800] "GET /content/nav/relationSubject.jsp?relationWords=%E6%9E%97%E7%8D%BB%E5%A0%82%20%E7%81%8C%E5%9C%92%E5%85%88%E7%94%9F%20&oid=16777640 HTTP/1.1" 200 4093
66.249.71.121 - - [08/Sep/2015:01:17:54 +0800] "GET /content/nav/relationSubject.jsp?relationWords=&oid=2623312 HTTP/1.1" 200 1405
66.249.71.229 - - [08/Sep/2015:01:18:14 +0800] "GET /content/nav/relationSubject.jsp?relationWords=&oid=2596396 HTTP/1.1" 200 1405
66.249.71.249 - - [08/Sep/2015:01:19:02 +0800] "GET /content/nav/relationSubject.jsp?relationWords=%E4%B8%AD%E5%9C%8B%E5%A4%A7%E9%99%B8%E5%9C%B0%E5%9C%96+%E6%B5%AE%E7%9F%B3%E5%A2%9F+&oid=206055 HTTP/1.1" 200 2842
66.249.71.229 - - [08/Sep/2015:01:19:12 +0800] "GET /content/nav/relationSubject.jsp?relationWords=%E4%B8%AD%E5%9C%8B%E5%A4%A7%E9%99%B8%E5%9C%B0%E5%9C%96%20%E6%B5%AE%E7%9F%B3%E5%A2%9F%20&oid=206055 HTTP/1.1" 200 2842
66.249.71.239 - - [08/Sep/2015:01:19:16 +0800] "GET /content/subject/resource_content.jsp?oid=16797242&queryType=qc HTTP/1.1" 200 46766
66.249.71.105 - - [08/Sep/2015:01:19:17 +0800] "GET /content/nav/relationSubject.jsp?relationWords=&oid=2659480 HTTP/1.1" 200 1405
66.249.71.229 - - [08/Sep/2015:01:19:20 +0800] "GET /content/nav/relationSubject.jsp?relationWords=%E6%A5%8A%E5%8B%B3+%E6%BC%A2%E7%A5%A8+%E7%A5%A8%E7%B0%BD+%E8%A9%A6%E4%BF%B8+&oid=2684537 HTTP/1.1" 200 3201
66.249.71.229 - - [08/Sep/2015:01:19:26 +0800] "GET /content/nav/relationSubject.jsp?relationWords=%E6%A5%8A%E5%8B%B3%20%E6%BC%A2%E7%A5%A8%20%E7%A5%A8%E7%B0%BD%20%E8%A9%A6%E4%BF%B8%20&oid=2684537 HTTP/1.1" 200 3201
66.249.71.249 - - [08/Sep/2015:01:19:29 +0800] "GET /content/nav/relationSubject.jsp?relationWords=%E9%99%B8%E6%B8%AC%E5%9C%96+&oid=223345 HTTP/1.1" 200 3079
66.249.71.229 - - [08/Sep/2015:01:19:40 +0800] "GET /digiarch_en/content/repository/resource_content.jsp?oid=3205037&queryString=%E4%B8%AD%E5%BA%B8%20%E5%82%85%E6%96%AF%E5%B9%B4%E5%9C%96%E6%9B%B8%E9%A4%A8%20%E6%9B%B2%E8%AD%9C%20%E9%BB%83%E5%B8%9D%E5%85%A7%E7%B6%93%E7%B4%A0%E5%95%8F HTTP/1.1" 200 24029
66.249.71.239 - - [08/Sep/2015:01:19:40 +0800] "GET /content/nav/relationSubject.jsp?relationWords=%E9%99%B8%E6%B8%AC%E5%9C%96%20&oid=223345 HTTP/1.1" 200 3079
66.249.71.216 - - [08/Sep/2015:01:19:54 +0800] "GET /content/nav/relationSubject.jsp?relationWords=%E6%85%B6%E7%A5%9D%E6%AF%8D%E8%A6%AA%E7%AF%80+%E6%B5%81%E8%BD%89%E5%B9%B4%E8%8F%AF+&oid=16777588 HTTP/1.1" 200 3262
66.249.71.113 - - [08/Sep/2015:01:19:55 +0800] "GET /content/nav/relationSubject.jsp?relationWords=%E5%90%8F%E9%83%A8+%E5%A7%94%E7%BD%B2+%E5%AF%B6%E6%85%B6%E5%BA%9C+%E7%9F%A5%E5%BA%9C+&oid=2664090 HTTP/1.1" 200 4085
66.249.71.206 - - [08/Sep/2015:01:20:00 +0800] "GET /content/nav/relationSubject.jsp?relationWords=%E6%85%B6%E7%A5%9D%E6%AF%8D%E8%A6%AA%E7%AF%80%20%E6%B5%81%E8%BD%89%E5%B9%B4%E8%8F%AF%20&oid=16777588 HTTP/1.1" 200 3262
66.249.71.121 - - [08/Sep/2015:01:20:01 +0800] "GET /content/nav/relationSubject.jsp?relationWords=%E5%90%8F%E9%83%A8%20%E5%A7%94%E7%BD%B2%20%E5%AF%B6%E6%85%B6%E5%BA%9C%20%E7%9F%A5%E5%BA%9C%20&oid=2664090 HTTP/1.1" 200 4085
66.249.71.249 - - [08/Sep/2015:01:20:04 +0800] "GET /digiarch_en/content/pictures/picture_content.jsp?oid=33554819&queryType=qc HTTP/1.1" 200 21990
66.249.71.105 - - [08/Sep/2015:01:20:06 +0800] "GET /content/nav/relationSubject.jsp?relationWords=&oid=2521194 HTTP/1.1" 200 1405
66.249.71.113 - - [08/Sep/2015:01:20:12 +0800] "GET /content/nav/relationSubject.jsp?relationWords=%E5%B7%A1%E6%92%AB+&oid=3126175 HTTP/1.1" 200 3084
66.249.71.113 - - [08/Sep/2015:01:20:19 +0800] "GET /content/nav/relationSubject.jsp?relationWords=%E5%B7%A1%E6%92%AB%20&oid=3126175 HTTP/1.1" 200 3084
66.249.71.113 - - [08/Sep/2015:01:20:21 +0800] "GET /content/nav/relationSubject.jsp?relationWords=%E5%90%8F%E9%83%A8+%E7%9B%A3%E7%8A%AF+&oid=2642902 HTTP/1.1" 200 4021
66.249.71.121 - - [08/Sep/2015:01:20:28 +0800] "GET /content/repository/resource_content.jsp?oid=2686369&queryType=qs&queryString=%E6%9E%B7%E8%99%9F HTTP/1.1" 200 30248
66.249.71.113 - - [08/Sep/2015:01:20:28 +0800] "GET /content/nav/relationSubject.jsp?relationWords=%E5%90%8F%E9%83%A8%20%E7%9B%A3%E7%8A%AF%20&oid=2642902 HTTP/1.1" 200 4021
66.249.71.121 - - [08/Sep/2015:01:20:40 +0800] "GET /content/nav/relationSubject.jsp?relationWords=%E5%90%8F%E9%83%A8+&oid=2660875 HTTP/1.1" 200 3101
66.249.71.229 - - [08/Sep/2015:01:20:43 +0800] "GET /content/nav/relationSubject.jsp?relationWords=%E4%BA%8C%E4%BB%81+%E5%B7%A5%E7%A8%8B%E8%B2%BB+%E8%BE%B2%E6%B0%91%E7%94%9F%E6%B4%BB+&oid=1578953 HTTP/1.1" 200 4429
66.249.79.115 - - [08/Sep/2015:01:20:50 +0800] "GET /content/nav/relationSubject.jsp?relationWords=%E5%90%8F%E9%83%A8%20&oid=2660875 HTTP/1.1" 200 3101
66.249.71.249 - - [08/Sep/2015:01:20:52 +0800] "GET /content/repository/resource_content.jsp?oid=206625 HTTP/1.1" 200 30439
66.249.71.113 - - [08/Sep/2015:01:20:57 +0800] "GET /content/nav/relationSubject.jsp?relationWords=&oid=2587544 HTTP/1.1" 200 1405
66.249.71.229 - - [08/Sep/2015:01:21:22 +0800] "GET /content/nav/relationSubject.jsp?relationWords=&oid=2599243 HTTP/1.1" 200 1405
66.249.71.105 - - [08/Sep/2015:01:21:43 +0800] "GET /content/nav/relationSubject.jsp?relationWords=%E7%83%8F%E6%8B%89+%E7%B1%B3%E7%9F%B3+&oid=2690013 HTTP/1.1" 200 3101
66.249.79.115 - - [08/Sep/2015:01:21:50 +0800] "GET /content/nav/relationSubject.jsp?relationWords=&oid=2577169 HTTP/1.1" 200 1405
66.249.71.121 - - [08/Sep/2015:01:21:52 +0800] "GET /content/nav/relationSubject.jsp?relationWords=%E7%83%8F%E6%8B%89%20%E7%B1%B3%E7%9F%B3%20&oid=2690013 HTTP/1.1" 200 3101
66.249.71.105 - - [08/Sep/2015:01:21:55 +0800] "GET /content/nav/relationSubject.jsp?relationWords=%E5%A4%A7%E5%AD%B8%E5%A3%AB+%E6%AC%BD%E5%91%BD+%E8%A9%A9%E9%A1%8C+&oid=2531196 HTTP/1.1" 200 3184
66.249.71.105 - - [08/Sep/2015:01:22:00 +0800] "GET /content/nav/relationSubject.jsp?relationWords=%E5%88%A9%E5%90%89+%E5%9C%8B%E6%9C%89%E6%9E%97+%E5%AD%98%E7%BD%AE%E6%9E%97+%E5%B9%B3%E5%9C%B0%E5%B1%B1%E8%83%9E+%E5%B9%B4%E7%B5%82%E7%8D%8E%E9%87%91+%E6%90%B6%E4%BF%AE+%E6%94%BE%E7%A7%9F+%E6%9D%B1%E5%AF%8C+%E6%9E%97%E9%87%8E+%E6%A9%9F%E5%A0%B4+%E7%A7%80%E5%A7%91%E9%91%BE%E6%BA%AA%E6%A9%8B+%E7%AB%A0%E5%8D%9A%E9%9A%86+%E8%87%BA%E6%9D%B1%E7%B8%A3+%E8%B2%B8%E6%AC%BE+%E8%B3%AA%E8%A9%A2+%E9%A2%A8%E7%81%BD+&oid=1555008 HTTP/1.1" 200 4657
1.164.8.83 - - [08/Sep/2015:01:22:04 +0800] "GET /content/nav/relationSubject.jsp?relationWords=%E6%9C%A8%E7%8A%80+%E6%A1%82%E8%8A%B1+&oid=16777255 HTTP/1.1" 200 4029
66.249.71.121 - - [08/Sep/2015:01:22:05 +0800] "GET /content/nav/relationSubject.jsp?relationWords=%E5%A4%A7%E5%AD%B8%E5%A3%AB%20%E6%AC%BD%E5%91%BD%20%E8%A9%A9%E9%A1%8C%20&oid=2531196 HTTP/1.1" 200 3184
66.249.71.113 - - [08/Sep/2015:01:22:06 +0800] "GET /content/nav/relationSubject.jsp?relationWords=%E5%88%A9%E5%90%89%20%E5%9C%8B%E6%9C%89%E6%9E%97%20%E5%AD%98%E7%BD%AE%E6%9E%97%20%E5%B9%B3%E5%9C%B0%E5%B1%B1%E8%83%9E%20%E5%B9%B4%E7%B5%82%E7%8D%8E%E9%87%91%20%E6%90%B6%E4%BF%AE%20%E6%94%BE%E7%A7%9F%20%E6%9D%B1%E5%AF%8C%20%E6%9E%97%E9%87%8E%20%E6%A9%9F%E5%A0%B4%20%E7%A7%80%E5%A7%91%E9%91%BE%E6%BA%AA%E6%A9%8B%20%E7%AB%A0%E5%8D%9A%E9%9A%86%20%E8%87%BA%E6%9D%B1%E7%B8%A3%20%E8%B2%B8%E6%AC%BE%20%E8%B3%AA%E8%A9%A2%20%E9%A2%A8%E7%81%BD%20&oid=1555008 HTTP/1.1" 200 4657
73.3.150.200 - - [08/Sep/2015:01:22:21 +0800] "GET /content/nav/relationSubject.jsp?relationWords=%E7%9B%B8%E6%80%9D%E6%A8%B9+&oid=16777519 HTTP/1.1" 200 3659
66.249.71.249 - - [08/Sep/2015:01:22:30 +0800] "GET /content/nav/relationSubject.jsp?relationWords=&oid=2150987 HTTP/1.1" 200 1405
66.249.71.215 - - [08/Sep/2015:01:22:33 +0800] "GET /content/repository/resource_content.jsp?oid=1566382&queryType=qs&queryString=%E6%B0%B4%E8%B3%87%E6%BA%90 HTTP/1.1" 200 29160
66.249.79.121 - - [08/Sep/2015:01:22:36 +0800] "GET /content/nav/relationSubject.jsp?relationWords=%E5%8A%89%E6%B4%AA+%E5%91%A8%E5%85%AC+%E5%98%89%E7%A5%A5%E7%B8%A3+%E5%B1%B1%E5%B7%A6+%E6%88%90%E7%8E%8B+%E9%A1%8C%E8%A8%98+&oid=1832825 HTTP/1.1" 200 5016
66.249.71.113 - - [08/Sep/2015:01:22:43 +0800] "GET /content/nav/relationSubject.jsp?relationWords=%E5%8A%89%E6%B4%AA%20%E5%91%A8%E5%85%AC%20%E5%98%89%E7%A5%A5%E7%B8%A3%20%E5%B1%B1%E5%B7%A6%20%E6%88%90%E7%8E%8B%20%E9%A1%8C%E8%A8%98%20&oid=1832825 HTTP/1.1" 200 5016
66.249.71.249 - - [08/Sep/2015:01:22:51 +0800] "GET /content/subject/resource_content.jsp?oid=16777349&queryType=qs&queryString=%E9%A3%9F%E7%89%A9%E9%8F%88 HTTP/1.1" 200 36425
218.208.254.121 - - [08/Sep/2015:01:23:03 +0800] "GET /content/nav/relationSubject.jsp?relationWords=&oid=16777576 HTTP/1.1" 200 1405
66.249.71.105 - - [08/Sep/2015:01:23:17 +0800] "GET /content/nav/relationSubject.jsp?relationWords=%E6%A1%8C%E8%A3%99+%E6%A8%82%E5%9C%98+&oid=4364062 HTTP/1.1" 200 3010
66.249.71.105 - - [08/Sep/2015:01:23:23 +0800] "GET /content/nav/relationSubject.jsp?relationWords=%E6%A1%8C%E8%A3%99%20%E6%A8%82%E5%9C%98%20&oid=4364062 HTTP/1.1" 200 3010
157.55.39.173 - - [08/Sep/2015:01:23:37 +0800] "GET /content/nav/relationSubject.jsp?relationWords=&oid=16777542 HTTP/1.1" 200 1405
66.249.71.206 - - [08/Sep/2015:01:23:39 +0800] "GET /content/subject/resource_content.jsp?oid=16797290&queryType=qc HTTP/1.1" 200 48346
180.217.0.213 - - [08/Sep/2015:01:23:52 +0800] "GET /content/nav/relationSubject.jsp?relationWords=%E9%9D%92%E5%89%9B%E6%AB%9F+&oid=16777349 HTTP/1.1" 200 4006
66.249.71.249 - - [08/Sep/2015:01:24:01 +0800] "GET /content/nav/relationSubject.jsp?relationWords=%E7%81%A3%E7%9C%81%E6%94%BF%E5%BA%9C+%E7%9C%81%E6%94%BF%E5%BA%9C+%E7%B5%84%E7%B9%94%E8%A6%8F%E7%A8%8B+%E8%82%A1%E4%BB%BD%E6%9C%89%E9%99%90%E5%85%AC%E5%8F%B8+%E8%87%BA%E7%81%A3%E7%9C%81+%E8%87%BA%E7%81%A3%E7%9C%81%E6%94%BF%E5%BA%9C+&oid=1894731 HTTP/1.1" 200 4812
66.249.71.229 - - [08/Sep/2015:01:24:03 +0800] "GET /content/subject/resource_content.jsp?oid=16797258&queryType=qc HTTP/1.1" 200 56110
66.249.71.249 - - [08/Sep/2015:01:24:07 +0800] "GET /content/nav/relationSubject.jsp?relationWords=%E7%81%A3%E7%9C%81%E6%94%BF%E5%BA%9C%20%E7%9C%81%E6%94%BF%E5%BA%9C%20%E7%B5%84%E7%B9%94%E8%A6%8F%E7%A8%8B%20%E8%82%A1%E4%BB%BD%E6%9C%89%E9%99%90%E5%85%AC%E5%8F%B8%20%E8%87%BA%E7%81%A3%E7%9C%81%20%E8%87%BA%E7%81%A3%E7%9C%81%E6%94%BF%E5%BA%9C%20&oid=1894731 HTTP/1.1" 200 4812
66.249.71.216 - - [08/Sep/2015:01:24:27 +0800] "GET /content/subject/resource_content.jsp?oid=16777733&queryString=%E6%BC%A2%E4%BB%A3%20%E6%BC%A2%E7%B0%A1%20%E7%95%AA%E7%A4%BE%20%E7%95%AA%E7%A4%BE%E9%87%87%E9%A2%A8%E5%9C%96%20%E7%B0%A1%E7%89%98%20%E9%87%87%E9%A2%A8%E5%9C%96 HTTP/1.1" 200 33478
66.249.71.249 - - [08/Sep/2015:01:24:51 +0800] "GET /content/repository/resource_content.jsp?oid=1599051 HTTP/1.1" 200 28458
66.249.71.239 - - [08/Sep/2015:01:25:09 +0800] "GET /content/nav/relationSubject.jsp?relationWords=&oid=2519811 HTTP/1.1" 200 1405
66.249.71.113 - - [08/Sep/2015:01:25:16 +0800] "GET /content/nav/relationSubject.jsp?relationWords=%E9%AD%AF%E5%87%B1%E6%97%8F+&oid=1782555 HTTP/1.1" 200 3026
66.249.71.105 - - [08/Sep/2015:01:25:23 +0800] "GET /content/nav/relationSubject.jsp?relationWords=%E9%AD%AF%E5%87%B1%E6%97%8F%20&oid=1782555 HTTP/1.1" 200 3026
66.249.71.36 - - [08/Sep/2015:01:25:37 +0800] "GET /content/nav/relationSubject.jsp?relationWords=%E7%A6%AE%E9%83%A8+%E9%84%89%E8%A9%A6+&oid=2679038 HTTP/1.1" 200 5324
66.249.71.105 - - [08/Sep/2015:01:25:39 +0800] "GET /content/repository/resource_content.jsp?oid=2517878&queryType=qs&queryString=%E9%A6%AC%E5%85%86 HTTP/1.1" 200 29844
66.249.71.229 - - [08/Sep/2015:01:25:42 +0800] "GET /content/nav/relationSubject.jsp?relationWords=%E5%8A%AB%E9%A1%8C+%E5%B7%A1%E6%92%AB+%E7%96%8F%E9%98%B2+%E9%98%B2%E6%96%87%E8%81%B7+&oid=2510385 HTTP/1.1" 200 3228
66.249.71.105 - - [08/Sep/2015:01:25:45 +0800] "GET /content/nav/relationSubject.jsp?relationWords=%E5%B7%A5%E9%83%A8+&oid=2653200 HTTP/1.1" 200 3068
66.249.71.113 - - [08/Sep/2015:01:25:46 +0800] "GET /content/nav/relationSubject.jsp?relationWords=%E5%88%97%E9%BC%8E+%E6%B3%A2%E5%B8%B6%E7%B4%8B%E5%88%97%E9%BC%8E+&oid=1869710 HTTP/1.1" 200 3079
66.249.71.45 - - [08/Sep/2015:01:25:46 +0800] "GET /content/nav/relationSubject.jsp?relationWords=%E7%A6%AE%E9%83%A8%20%E9%84%89%E8%A9%A6%20&oid=2679038 HTTP/1.1" 200 5324
66.249.71.113 - - [08/Sep/2015:01:25:51 +0800] "GET /content/nav/relationSubject.jsp?relationWords=%E5%B7%A5%E9%83%A8%20&oid=2653200 HTTP/1.1" 200 3068
66.249.71.105 - - [08/Sep/2015:01:25:52 +0800] "GET /content/nav/relationSubject.jsp?relationWords=%E5%88%97%E9%BC%8E%20%E6%B3%A2%E5%B8%B6%E7%B4%8B%E5%88%97%E9%BC%8E%20&oid=1869710 HTTP/1.1" 200 3079
66.249.79.193 - - [08/Sep/2015:01:25:53 +0800] "GET /content/nav/relationSubject.jsp?relationWords=%E5%8A%AB%E9%A1%8C%20%E5%B7%A1%E6%92%AB%20%E7%96%8F%E9%98%B2%20%E9%98%B2%E6%96%87%E8%81%B7%20&oid=2510385 HTTP/1.1" 200 3228
66.249.71.249 - - [08/Sep/2015:01:25:59 +0800] "GET /content/nav/relationSubject.jsp?relationWords=%E5%85%B5%E9%A4%89+%E9%A4%89%E4%BA%8B+&oid=2519862 HTTP/1.1" 200 4454
66.249.71.121 - - [08/Sep/2015:01:26:00 +0800] "GET /content/nav/relationSubject.jsp?relationWords=&oid=2612091 HTTP/1.1" 200 1405
66.249.71.249 - - [08/Sep/2015:01:26:03 +0800] "GET /content/repository/resource_content.jsp?oid=16516&queryString=%E6%B5%B7%E7%89%9B%E6%B8%AF%20%E7%AE%B1%E6%B2%B3%E9%AD%A8%20%E7%AE%B1%E9%AD%A8%20%E8%A7%92%E7%AE%B1%E9%AD%A8%20%E9%AD%A8%E7%A7%91 HTTP/1.1" 200 35034
66.249.71.229 - - [08/Sep/2015:01:26:05 +0800] "GET /content/nav/relationSubject.jsp?relationWords=%E5%85%B5%E9%A4%89%20%E9%A4%89%E4%BA%8B%20&oid=2519862 HTTP/1.1" 200 4454
66.249.79.121 - - [08/Sep/2015:01:26:06 +0800] "GET /content/nav/relationSubject.jsp?relationWords=%E5%90%8F%E9%83%A8+%E6%9C%A8%E5%8C%A3+&oid=2688367 HTTP/1.1" 200 3136
66.249.71.113 - - [08/Sep/2015:01:26:14 +0800] "GET /content/nav/relationSubject.jsp?relationWords=%E5%90%8F%E9%83%A8%20%E6%9C%A8%E5%8C%A3%20&oid=2688367 HTTP/1.1" 200 3136
66.249.71.121 - - [08/Sep/2015:01:26:25 +0800] "GET /content/nav/relationSubject.jsp?relationWords=%E5%B7%A5%E9%83%A8+&oid=2644667 HTTP/1.1" 200 3068
66.249.71.206 - - [08/Sep/2015:01:26:27 +0800] "GET /content/repository/resource_content.jsp?oid=14417&queryString=%E5%B9%B3%E9%B0%AD%E9%B0%8D%E7%A7%91%20%E6%B2%88%E6%B0%8F%20%E7%88%AC%E5%B2%A9%E9%B0%8D%20%E7%9F%B3%E8%B2%BC%E4%BB%94 HTTP/1.1" 200 34734
66.249.71.105 - - [08/Sep/2015:01:26:31 +0800] "GET /content/nav/relationSubject.jsp?relationWords=%E5%B7%A5%E9%83%A8%20&oid=2644667 HTTP/1.1" 200 3068
66.249.71.216 - - [08/Sep/2015:01:26:51 +0800] "GET /content/repository/resource_content.jsp?oid=1126281&queryString=%E5%AD%94%E9%9B%80%E8%9B%A4%20%E6%AE%BC%E8%8F%9C%E8%9B%A4%E7%A7%91%20%E7%B6%A0%E6%AE%BC%E8%8F%9C%E8%9B%A4%20%E7%BF%A1%E7%BF%A0%E8%B2%BD%E8%B2%9D%20%E8%B2%BD%E8%B2%9D%20%E9%9B%99%E6%AE%BC%E7%B6%B1 HTTP/1.1" 200 32537
66.249.71.121 - - [08/Sep/2015:01:27:29 +0800] "GET /content/nav/relationSubject.jsp?relationWords=%E5%8E%9A%E6%AE%BC%E6%A8%B9%E5%B1%AC+%E6%81%86%E6%98%A5%E5%8E%9A%E6%AE%BC%E6%A8%B9+%E6%A4%8D%E7%89%A9%E7%95%8C+%E7%B4%AB%E8%8D%89%E7%A7%91+&oid=1103943 HTTP/1.1" 200 3345
66.249.79.127 - - [08/Sep/2015:01:27:34 +0800] "GET /content/nav/relationSubject.jsp?relationWords=%E5%8E%9A%E6%AE%BC%E6%A8%B9%E5%B1%AC%20%E6%81%86%E6%98%A5%E5%8E%9A%E6%AE%BC%E6%A8%B9%20%E6%A4%8D%E7%89%A9%E7%95%8C%20%E7%B4%AB%E8%8D%89%E7%A7%91%20&oid=1103943 HTTP/1.1" 200 3345
66.249.71.113 - - [08/Sep/2015:01:27:35 +0800] "GET /content/nav/relationSubject.jsp?relationWords=%E4%B8%BB%E4%BB%BB%E7%A7%98%E6%9B%B8+%E5%85%83%E9%BC%8E+%E6%AA%A2%E5%8D%B7+%E8%A1%8C%E6%94%BF%E8%A8%B4%E8%A8%9F+%E8%A8%B4%E9%A1%98+&oid=1562218 HTTP/1.1" 200 4210
66.249.71.121 - - [08/Sep/2015:01:27:41 +0800] "GET /content/nav/relationSubject.jsp?relationWords=%E4%B8%BB%E4%BB%BB%E7%A7%98%E6%9B%B8%20%E5%85%83%E9%BC%8E%20%E6%AA%A2%E5%8D%B7%20%E8%A1%8C%E6%94%BF%E8%A8%B4%E8%A8%9F%20%E8%A8%B4%E9%A1%98%20&oid=1562218 HTTP/1.1" 200 4210
66.249.71.205 - - [08/Sep/2015:01:27:51 +0800] "GET /content/repository/resource_content.jsp?oid=1556297&queryString=%E4%BA%8C%E6%AC%A1%E5%A4%A7%E6%88%B0%20%E5%8F%A3%E8%BF%B0%E6%AD%B7%E5%8F%B2%20%E5%8F%B0%E7%81%A3%E5%8E%9F%E4%BD%8F%E6%B0%91%20%E9%AB%98%E7%A0%82%E7%BE%A9%E5%8B%87%E9%9A%8A HTTP/1.1" 200 29210
66.249.71.121 - - [08/Sep/2015:01:28:24 +0800] "GET /content/nav/relationSubject.jsp?relationWords=&oid=2583712 HTTP/1.1" 200 1405
66.249.71.249 - - [08/Sep/2015:01:28:42 +0800] "GET /content/nav/relationSubject.jsp?relationWords=%E5%AE%8F%E9%81%93+%E9%A1%8C%E8%A8%98+&oid=1832385 HTTP/1.1" 200 4830
66.249.71.239 - - [08/Sep/2015:01:28:48 +0800] "GET /content/nav/relationSubject.jsp?relationWords=%E5%AE%8F%E9%81%93%20%E9%A1%8C%E8%A8%98%20&oid=1832385 HTTP/1.1" 200 4830
66.249.71.105 - - [08/Sep/2015:01:28:49 +0800] "GET /content/nav/relationSubject.jsp?relationWords=%E5%90%8F%E9%83%A8+%E6%A8%82%E6%B8%85+&oid=2667473 HTTP/1.1" 200 3136
66.249.71.239 - - [08/Sep/2015:01:28:51 +0800] "GET /content/subject/resource_content.jsp?oid=16777704 HTTP/1.1" 200 26343
66.249.71.121 - - [08/Sep/2015:01:28:56 +0800] "GET /content/nav/relationSubject.jsp?relationWords=%E5%90%8F%E9%83%A8%20%E6%A8%82%E6%B8%85%20&oid=2667473 HTTP/1.1" 200 3136
66.249.79.207 - - [08/Sep/2015:01:29:22 +0800] "GET /content/subject/resource_content.jsp?oid=16777262&queryString=%E5%A4%BE%E7%AB%B9%E6%A1%83%20%E5%A4%BE%E7%AB%B9%E6%A1%83%E7%A7%91%20%E6%A4%8D%E7%89%A9%E7%95%8C%20%E9%BB%91%E6%9D%BF%E6%A8%B9%20%E9%BE%8D%E8%86%BD HTTP/1.1" 200 33188
66.249.71.105 - - [08/Sep/2015:01:29:22 +0800] "GET /content/nav/relationSubject.jsp?relationWords=%E5%AF%B6%E6%BA%90%E5%B1%80+%E5%B7%A5%E9%83%A8+%E6%BC%A2%E7%9B%A3%E7%9D%A3+&oid=2681063 HTTP/1.1" 200 3168
66.249.71.105 - - [08/Sep/2015:01:29:29 +0800] "GET /content/nav/relationSubject.jsp?relationWords=%E5%AF%B6%E6%BA%90%E5%B1%80%20%E5%B7%A5%E9%83%A8%20%E6%BC%A2%E7%9B%A3%E7%9D%A3%20&oid=2681063 HTTP/1.1" 200 3168
66.249.71.239 - - [08/Sep/2015:01:29:39 +0800] "GET /digiarch_en/content/subject/resource_content.jsp?oid=16777619&queryString=%E7%A6%AE%E6%9C%8D%20%E7%A6%AE%E9%83%A8 HTTP/1.1" 200 50989
68.180.228.24 - - [08/Sep/2015:01:29:46 +0800] "GET /content/repository/resource_content.jsp?oid=1172750 HTTP/1.1" 200 29600
66.249.71.113 - - [08/Sep/2015:01:29:47 +0800] "GET /content/nav/relationSubject.jsp?relationWords=%E5%8D%B7%E9%A6%96+&oid=4459796 HTTP/1.1" 200 2927
66.249.71.121 - - [08/Sep/2015:01:29:53 +0800] "GET /content/nav/relationSubject.jsp?relationWords=%E5%8D%B7%E9%A6%96%20&oid=4459796 HTTP/1.1" 200 2927
