66.249.71.60 - - [15/Nov/2015:03:36:10 +0800] "GET /content/nav/relationSubject.jsp?relationWords=%E5%AF%B6%E5%8D%97%E5%B1%80+%E5%B1%80%E9%BC%93%E9%91%84+%E5%B7%A1%E6%92%AB+&oid=2519458 HTTP/1.1" 200 3184
66.249.71.60 - - [15/Nov/2015:03:36:12 +0800] "GET /content/nav/relationSubject.jsp?relationWords=%E5%AF%B6%E5%8D%97%E5%B1%80%20%E5%B1%80%E9%BC%93%E9%91%84%20%E5%B7%A1%E6%92%AB%20&oid=2519458 HTTP/1.1" 200 3184
66.249.71.64 - - [15/Nov/2015:03:37:34 +0800] "GET /content/repository/resource_content.jsp?oid=1112171 HTTP/1.1" 200 30081
66.249.71.72 - - [15/Nov/2015:03:38:58 +0800] "GET /content/repository/resource_content.jsp?oid=1535092 HTTP/1.1" 200 28576
68.180.230.178 - - [15/Nov/2015:03:40:42 +0800] "GET /content/pictures/picture_content.jsp?oid=33554803 HTTP/1.1" 200 27605
40.77.167.100 - - [15/Nov/2015:03:42:15 +0800] "GET /content/nav/relationSubject.jsp?relationWords=%E7%99%BD%E5%8D%83%E5%B1%A4+&oid=16777287 HTTP/1.1" 200 3852
66.249.71.60 - - [15/Nov/2015:03:43:15 +0800] "GET /content/repository/resource_content.jsp?oid=819382 HTTP/1.1" 200 27939
66.249.74.100 - - [15/Nov/2015:03:43:59 +0800] "GET /content/repository/resource_content.jsp?oid=1853133 HTTP/1.1" 200 29486
66.249.71.64 - - [15/Nov/2015:03:44:41 +0800] "GET /content/repository/resource_content.jsp?oid=1818212 HTTP/1.1" 200 28480
66.249.71.60 - - [15/Nov/2015:03:45:24 +0800] "GET /content/repository/resource_content.jsp?oid=280907 HTTP/1.1" 200 29531
66.249.71.60 - - [15/Nov/2015:03:46:07 +0800] "GET /content/repository/resource_content.jsp?oid=229023 HTTP/1.1" 200 30094
66.249.71.64 - - [15/Nov/2015:03:46:29 +0800] "GET /content/nav/relationSubject.jsp?relationWords=&oid=2547757 HTTP/1.1" 200 1405
66.249.71.60 - - [15/Nov/2015:03:46:50 +0800] "GET /content/repository/resource_content.jsp?oid=2565342 HTTP/1.1" 200 28833
66.249.71.64 - - [15/Nov/2015:03:47:33 +0800] "GET /content/repository/resource_content.jsp?oid=2575713 HTTP/1.1" 200 29107
66.249.71.64 - - [15/Nov/2015:03:48:06 +0800] "GET /content/nav/relationSubject.jsp?relationWords=%E4%BD%95%E5%81%A5+%E5%85%AC%E6%95%99%E4%BA%BA%E5%93%A1+%E7%8D%8E%E5%AD%B8%E9%87%91+%E7%A4%BE%E6%9C%83%E6%9C%8D%E5%8B%99+%E7%A4%BE%E6%9C%83%E9%A2%A8%E6%B0%A3+%E8%99%95%E9%95%B7+&oid=1566330 HTTP/1.1" 200 4353
66.249.71.60 - - [15/Nov/2015:03:48:08 +0800] "GET /content/nav/relationSubject.jsp?relationWords=%E4%BD%95%E5%81%A5%20%E5%85%AC%E6%95%99%E4%BA%BA%E5%93%A1%20%E7%8D%8E%E5%AD%B8%E9%87%91%20%E7%A4%BE%E6%9C%83%E6%9C%8D%E5%8B%99%20%E7%A4%BE%E6%9C%83%E9%A2%A8%E6%B0%A3%20%E8%99%95%E9%95%B7%20&oid=1566330 HTTP/1.1" 200 4353
66.249.71.60 - - [15/Nov/2015:03:48:16 +0800] "GET /content/repository/resource_content.jsp?oid=4469239 HTTP/1.1" 200 28185
66.249.71.72 - - [15/Nov/2015:03:48:59 +0800] "GET /content/repository/resource_content.jsp?oid=1853671 HTTP/1.1" 200 29521
66.249.71.72 - - [15/Nov/2015:03:49:04 +0800] "GET /content/nav/relationSubject.jsp?relationWords=%E9%BE%9C%E7%94%B2%E5%8D%9C%E8%BE%AD%E6%AE%98%E7%89%87+&oid=1839241 HTTP/1.1" 200 3071
66.249.71.60 - - [15/Nov/2015:03:49:05 +0800] "GET /content/nav/relationSubject.jsp?relationWords=%E9%BE%9C%E7%94%B2%E5%8D%9C%E8%BE%AD%E6%AE%98%E7%89%87%20&oid=1839241 HTTP/1.1" 200 3071
66.249.71.72 - - [15/Nov/2015:03:49:42 +0800] "GET /content/repository/resource_content.jsp?oid=1782856 HTTP/1.1" 200 28332
66.249.71.64 - - [15/Nov/2015:03:50:25 +0800] "GET /content/repository/resource_content.jsp?oid=1629427 HTTP/1.1" 200 28552
66.249.71.121 - - [15/Nov/2015:03:51:08 +0800] "GET /content/repository/resource_content.jsp?oid=1888622&queryType=qs&queryString=%E6%9E%97%E5%A4%94%E9%BE%8D HTTP/1.1" 200 30217
66.249.74.102 - - [15/Nov/2015:03:52:04 +0800] "GET /content/nav/relationSubject.jsp?relationWords=%E5%B1%85%E5%BB%B6%E6%BC%A2%E7%B0%A1+%E6%BC%A2%E7%B0%A1+&oid=290481 HTTP/1.1" 200 3898
66.249.71.60 - - [15/Nov/2015:03:52:06 +0800] "GET /content/nav/relationSubject.jsp?relationWords=%E5%B1%85%E5%BB%B6%E6%BC%A2%E7%B0%A1%20%E6%BC%A2%E7%B0%A1%20&oid=290481 HTTP/1.1" 200 3898
66.249.74.100 - - [15/Nov/2015:03:52:52 +0800] "GET /content/repository/resource_content.jsp?oid=1109051 HTTP/1.1" 200 29810
68.180.228.24 - - [15/Nov/2015:03:52:59 +0800] "GET /content/tmp_tec/resource_content.jsp?oid=16777734 HTTP/1.1" 200 36946
66.249.74.102 - - [15/Nov/2015:03:53:18 +0800] "GET /content/nav/relationSubject.jsp?relationWords=%E5%85%AC%E7%94%A2%E7%AE%A1%E7%90%86%E8%99%95+%E5%8F%83%E8%AD%B0%E5%93%A1+%E6%A5%8A%E9%99%B6+%E8%90%AC%E7%A6%8F%E9%BA%9F+%E8%AC%9D%E6%BC%A2%E5%84%92+%E9%83%AD%E9%9B%A8%E6%96%B0+&oid=1517584 HTTP/1.1" 200 6558
66.249.74.98 - - [15/Nov/2015:03:53:20 +0800] "GET /content/nav/relationSubject.jsp?relationWords=%E5%85%AC%E7%94%A2%E7%AE%A1%E7%90%86%E8%99%95%20%E5%8F%83%E8%AD%B0%E5%93%A1%20%E6%A5%8A%E9%99%B6%20%E8%90%AC%E7%A6%8F%E9%BA%9F%20%E8%AC%9D%E6%BC%A2%E5%84%92%20%E9%83%AD%E9%9B%A8%E6%96%B0%20&oid=1517584 HTTP/1.1" 200 6558
52.23.156.32 - - [15/Nov/2015:03:53:53 +0800] "GET /content/subject/resource_content.jsp?oid=16777819&queryString= HTTP/1.1" 200 35423
66.249.71.64 - - [15/Nov/2015:03:54:00 +0800] "GET /content/repository/resource_content.jsp?oid=3819813&queryString=%E5%AF%8C%E8%B2%B4%E8%B1%86%20%E6%A4%8D%E7%89%A9%E7%95%8C%20%E8%99%8E%E7%88%AA%E8%B1%86%20%E8%A0%B6%E8%B1%86%20%E9%9B%99%E5%AD%90%E8%91%89%E6%A4%8D%E7%89%A9 HTTP/1.1" 200 31298
66.249.71.60 - - [15/Nov/2015:03:54:11 +0800] "GET /content/nav/relationSubject.jsp?relationWords=%E4%BF%B8%E9%8A%80+%E5%B7%A1%E6%92%AB+&oid=2511481 HTTP/1.1" 200 4010
66.249.71.60 - - [15/Nov/2015:03:54:12 +0800] "GET /content/nav/relationSubject.jsp?relationWords=%E4%BF%B8%E9%8A%80%20%E5%B7%A1%E6%92%AB%20&oid=2511481 HTTP/1.1" 200 4010
68.180.228.24 - - [15/Nov/2015:03:54:48 +0800] "GET /digiarch_en/content/subject/resource_content.jsp?oid=16777488&queryType=qc HTTP/1.1" 200 52931
66.249.71.60 - - [15/Nov/2015:03:55:26 +0800] "GET /content/repository/resource_content.jsp?oid=1896493 HTTP/1.1" 200 28792
66.249.74.61 - - [15/Nov/2015:03:56:28 +0800] "GET /content/nav/relationSubject.jsp?relationWords=%E5%8F%83%E8%AD%B0%E5%93%A1+%E5%BC%B5%E6%8C%AF%E7%94%9F+%E6%BC%81%E6%9C%83+%E8%87%BA%E5%8C%97%E5%9C%B0%E6%96%B9%E6%B3%95%E9%99%A2+%E8%95%AD%E4%BE%86%E7%99%BC+&oid=1518459 HTTP/1.1" 200 4445
66.249.71.105 - - [15/Nov/2015:03:56:30 +0800] "GET /content/nav/relationSubject.jsp?relationWords=%E5%8F%83%E8%AD%B0%E5%93%A1%20%E5%BC%B5%E6%8C%AF%E7%94%9F%20%E6%BC%81%E6%9C%83%20%E8%87%BA%E5%8C%97%E5%9C%B0%E6%96%B9%E6%B3%95%E9%99%A2%20%E8%95%AD%E4%BE%86%E7%99%BC%20&oid=1518459 HTTP/1.1" 200 4445
68.180.228.24 - - [15/Nov/2015:03:56:45 +0800] "GET /content/subject/resource_content.jsp?oid=16777353&queryType=qc HTTP/1.1" 200 28824
66.249.77.85 - - [15/Nov/2015:03:56:51 +0800] "GET /content/repository/resource_content.jsp?oid=1532338&queryString=%E4%B8%AD%E5%9C%8B%E6%96%87%E5%8C%96%20%E6%96%87%E5%8C%96%E5%BE%A9%E8%88%88%20%E6%96%87%E5%8C%96%E5%BE%A9%E8%88%88%E9%81%8B%E5%8B%95%20%E8%88%AA%E7%B7%9A%20%E8%AD%A6%E5%8B%99%E8%99%95%20%E8%B5%B0%E7%A7%81 HTTP/1.1" 200 30645
68.180.228.24 - - [15/Nov/2015:03:57:33 +0800] "GET /content/subject/resource_content.jsp?oid=16777726&queryType=qc HTTP/1.1" 200 36292
66.249.74.100 - - [15/Nov/2015:03:57:35 +0800] "GET /content/repository/resource_content.jsp?oid=3405935 HTTP/1.1" 200 29629
66.249.71.60 - - [15/Nov/2015:03:58:07 +0800] "GET /content/nav/relationSubject.jsp?relationWords=%E5%99%B6%E7%91%AA%E8%98%AD%E6%97%8F+%E7%9B%9B%E5%85%B7+%E9%99%B6%E7%BD%90+&oid=1782856 HTTP/1.1" 200 3096
66.249.71.60 - - [15/Nov/2015:03:58:08 +0800] "GET /content/nav/relationSubject.jsp?relationWords=%E5%99%B6%E7%91%AA%E8%98%AD%E6%97%8F%20%E7%9B%9B%E5%85%B7%20%E9%99%B6%E7%BD%90%20&oid=1782856 HTTP/1.1" 200 3096
66.249.71.60 - - [15/Nov/2015:03:58:17 +0800] "GET /content/repository/resource_content.jsp?oid=1611384 HTTP/1.1" 200 29112
66.249.71.64 - - [15/Nov/2015:03:59:00 +0800] "GET /content/repository/resource_content.jsp?oid=1901091&queryType=qs&queryString=%E5%AF%A9%E8%A8%88 HTTP/1.1" 200 29964
66.249.71.72 - - [15/Nov/2015:03:59:29 +0800] "GET /content/nav/relationSubject.jsp?relationWords=&oid=2565342 HTTP/1.1" 200 1405
111.249.103.121 - - [15/Nov/2015:04:02:21 +0800] "GET /content/nav/relationSubject.jsp?relationWords=%E6%8B%93%E7%89%87+%E7%A7%A6%E7%8E%8B+&oid=16777556 HTTP/1.1" 200 5098
66.249.74.102 - - [15/Nov/2015:04:06:23 +0800] "GET /content/nav/relationSubject.jsp?relationWords=%E9%9B%BB%E8%A6%96%E8%87%BA+&oid=1634466 HTTP/1.1" 200 3419
66.249.71.60 - - [15/Nov/2015:04:06:24 +0800] "GET /content/nav/relationSubject.jsp?relationWords=%E9%9B%BB%E8%A6%96%E8%87%BA%20&oid=1634466 HTTP/1.1" 200 3419
66.249.71.60 - - [15/Nov/2015:04:07:36 +0800] "GET /content/repository/resource_content.jsp?oid=1827951 HTTP/1.1" 200 28790
66.249.71.60 - - [15/Nov/2015:04:08:28 +0800] "GET /content/nav/relationSubject.jsp?relationWords=%E6%91%BA%E7%89%87+&oid=819382 HTTP/1.1" 200 3038
66.249.71.60 - - [15/Nov/2015:04:08:30 +0800] "GET /content/nav/relationSubject.jsp?relationWords=%E6%91%BA%E7%89%87%20&oid=819382 HTTP/1.1" 200 3038
111.206.36.142 - - [15/Nov/2015:04:08:51 +0800] "GET /digiarch_en/content/subject/resource_content.jsp?oid=16777701&queryType=qc HTTP/1.1" 200 32031
66.249.71.5 - - [15/Nov/2015:04:09:01 +0800] "GET /content/repository/resource_content.jsp?oid=2568897&queryString=%E7%A9%8D%E7%A9%80 HTTP/1.1" 200 30068
66.249.71.60 - - [15/Nov/2015:04:09:44 +0800] "GET /content/repository/resource_content.jsp?oid=1607847 HTTP/1.1" 200 28641
66.249.71.72 - - [15/Nov/2015:04:10:27 +0800] "GET /content/repository/resource_content.jsp?oid=4458892 HTTP/1.1" 200 28163
66.249.71.72 - - [15/Nov/2015:04:10:30 +0800] "GET /content/nav/relationSubject.jsp?relationWords=%E7%BE%88%E9%A3%BE+%E8%BB%8A%E9%A6%AC%E5%99%A8+&oid=1876044 HTTP/1.1" 200 3081
66.249.71.60 - - [15/Nov/2015:04:10:31 +0800] "GET /content/nav/relationSubject.jsp?relationWords=%E7%BE%88%E9%A3%BE%20%E8%BB%8A%E9%A6%AC%E5%99%A8%20&oid=1876044 HTTP/1.1" 200 3081
66.249.71.60 - - [15/Nov/2015:04:11:10 +0800] "GET /content/repository/resource_content.jsp?oid=2576109 HTTP/1.1" 200 29577
66.249.74.98 - - [15/Nov/2015:04:11:54 +0800] "GET /content/repository/resource_content.jsp?oid=1777416 HTTP/1.1" 200 27248
157.55.39.116 - - [15/Nov/2015:04:11:58 +0800] "GET /content/subject/resource_content.jsp?oid=16777349&queryType=qc HTTP/1.1" 200 36478
66.249.71.60 - - [15/Nov/2015:04:12:36 +0800] "GET /content/repository/resource_content.jsp?oid=184189 HTTP/1.1" 200 30212
66.249.71.60 - - [15/Nov/2015:04:12:39 +0800] "GET /content/nav/relationSubject.jsp?relationWords=%E5%85%B1%E5%BB%9A%E9%BC%8E+&oid=1818212 HTTP/1.1" 200 3180
66.249.71.60 - - [15/Nov/2015:04:12:41 +0800] "GET /content/nav/relationSubject.jsp?relationWords=%E5%85%B1%E5%BB%9A%E9%BC%8E%20&oid=1818212 HTTP/1.1" 200 3180
66.249.71.60 - - [15/Nov/2015:04:13:19 +0800] "GET /content/repository/resource_content.jsp?oid=2149185 HTTP/1.1" 200 31237
66.249.74.61 - - [15/Nov/2015:04:14:03 +0800] "GET /content/repository/resource_content.jsp?oid=1573464&queryType=qs&queryString=%E7%9B%B8%E7%BA%8C HTTP/1.1" 200 28571
66.249.79.172 - - [15/Nov/2015:04:14:10 +0800] "GET /content/repository/resource_content.jsp?oid=2687482&queryType=qs&queryString=%E6%9B%B2%E9%9D%96%E5%BA%9C HTTP/1.1" 200 30177
66.249.77.91 - - [15/Nov/2015:04:14:45 +0800] "GET /content/tmp_tec/resource_content.jsp?oid=16777725 HTTP/1.1" 200 29754
66.249.71.60 - - [15/Nov/2015:04:15:20 +0800] "GET /content/nav/relationSubject.jsp?relationWords=%E4%BA%BA%E6%AC%8A+%E6%8D%8F%E8%A9%9E+%E7%99%82%E9%A4%8A%E9%99%A2+%E8%87%BA%E5%8C%97%E5%B8%82+&oid=1896493 HTTP/1.1" 200 4416
66.249.71.60 - - [15/Nov/2015:04:15:22 +0800] "GET /content/nav/relationSubject.jsp?relationWords=%E4%BA%BA%E6%AC%8A%20%E6%8D%8F%E8%A9%9E%20%E7%99%82%E9%A4%8A%E9%99%A2%20%E8%87%BA%E5%8C%97%E5%B8%82%20&oid=1896493 HTTP/1.1" 200 4416
66.249.71.113 - - [15/Nov/2015:04:15:28 +0800] "GET /content/repository/resource_content.jsp?oid=3211632&queryType=qs&queryString=%E7%A9%B4%E5%B1%85 HTTP/1.1" 200 36187
66.249.71.14 - - [15/Nov/2015:04:15:47 +0800] "GET /content/nav/relationSubject.jsp?relationWords=%E5%B8%B8%E5%B9%B3+%E7%A9%8D%E7%A9%80+&oid=2568897 HTTP/1.1" 200 3112
66.249.71.5 - - [15/Nov/2015:04:15:50 +0800] "GET /content/nav/relationSubject.jsp?relationWords=%E5%B8%B8%E5%B9%B3%20%E7%A9%8D%E7%A9%80%20&oid=2568897 HTTP/1.1" 200 3112
66.249.74.59 - - [15/Nov/2015:04:16:11 +0800] "GET /content/repository/resource_content.jsp?oid=4470380&queryType=qs&queryString=%E6%87%89%E6%8F%B4%E9%9A%8A HTTP/1.1" 200 35256
66.249.71.60 - - [15/Nov/2015:04:16:15 +0800] "GET /content/subject/resource_content.jsp?oid=16777822&queryType=qs&queryString=%E4%B8%AD%E5%9C%8B%E9%86%AB%E5%AD%B8 HTTP/1.1" 200 45406
61.135.189.96 - - [15/Nov/2015:04:16:22 +0800] "GET /digiarch/content/repository/resource_content.jsp?oid=4471183 HTTP/1.1" 404 14873
66.249.71.60 - - [15/Nov/2015:04:16:30 +0800] "GET /content/nav/relationSubject.jsp?relationWords=%E7%88%B6%E4%B9%99%E7%88%B5+&oid=1828039 HTTP/1.1" 200 3197
66.249.71.60 - - [15/Nov/2015:04:16:32 +0800] "GET /content/nav/relationSubject.jsp?relationWords=%E7%88%B6%E4%B9%99%E7%88%B5%20&oid=1828039 HTTP/1.1" 200 3197
66.249.74.102 - - [15/Nov/2015:04:16:54 +0800] "GET /content/repository/resource_content.jsp?oid=1111578 HTTP/1.1" 200 31109
61.135.189.96 - - [15/Nov/2015:04:17:00 +0800] "GET /digiarch/content/repository/resource_content.jsp?oid=2672023 HTTP/1.1" 404 14873
61.135.189.96 - - [15/Nov/2015:04:17:20 +0800] "GET /digiarch/content/repository/resource_content.jsp?oid=2511265 HTTP/1.1" 404 14873
61.135.189.96 - - [15/Nov/2015:04:17:40 +0800] "GET /digiarch/content/repository/resource_content.jsp?oid=1125183 HTTP/1.1" 404 14873
61.135.189.96 - - [15/Nov/2015:04:17:59 +0800] "GET /digiarch/content/repository/resource_content.jsp?oid=2673441 HTTP/1.1" 404 14873
66.249.77.91 - - [15/Nov/2015:04:18:07 +0800] "GET /content/nav/relationSubject.jsp?relationWords=%E5%90%8F%E9%83%A8+&oid=2657068 HTTP/1.1" 200 3101
66.249.77.85 - - [15/Nov/2015:04:18:10 +0800] "GET /content/nav/relationSubject.jsp?relationWords=%E5%90%8F%E9%83%A8%20&oid=2657068 HTTP/1.1" 200 3101
61.135.189.96 - - [15/Nov/2015:04:18:19 +0800] "GET /digiarch/content/repository/resource_content.jsp?oid=4475913 HTTP/1.1" 404 14873
66.249.71.173 - - [15/Nov/2015:04:18:20 +0800] "GET /content/repository/resource_content.jsp?oid=2634969&queryType=qs&queryString=%E7%8E%8B%E5%8D%87 HTTP/1.1" 200 29999
61.135.189.96 - - [15/Nov/2015:04:18:39 +0800] "GET /digiarch/content/repository/resource_content.jsp?oid=1884485 HTTP/1.1" 404 14873
61.135.189.96 - - [15/Nov/2015:04:18:58 +0800] "GET /digiarch/content/repository/resource_content.jsp?oid=4470737 HTTP/1.1" 404 14873
66.249.71.64 - - [15/Nov/2015:04:19:03 +0800] "GET /content/nav/relationSubject.jsp?relationWords=&oid=2576109 HTTP/1.1" 200 1405
66.249.79.186 - - [15/Nov/2015:04:19:18 +0800] "GET /content/nav/relationSubject.jsp?relationWords=%E6%9C%A8%E9%9B%95%E6%9D%BF+%E7%B1%A4%E8%A9%A9+&oid=4363545 HTTP/1.1" 200 3004
61.135.189.96 - - [15/Nov/2015:04:19:19 +0800] "GET /digiarch/content/repository/resource_content.jsp?oid=4463451 HTTP/1.1" 404 14873
66.249.71.155 - - [15/Nov/2015:04:19:21 +0800] "GET /content/nav/relationSubject.jsp?relationWords=%E6%9C%A8%E9%9B%95%E6%9D%BF%20%E7%B1%A4%E8%A9%A9%20&oid=4363545 HTTP/1.1" 200 3004
61.135.189.96 - - [15/Nov/2015:04:19:39 +0800] "GET /digiarch/content/repository/resource_content.jsp?oid=3032999 HTTP/1.1" 404 14873
66.249.71.72 - - [15/Nov/2015:04:19:56 +0800] "GET /digiarch_en/content/nav/relationSubject.jsp?relationWords=%E8%8A%B1%E8%94%93+%E8%94%93%E6%BE%A4%E8%98%AD+&oid=16777298 HTTP/1.1" 200 4208
61.135.189.96 - - [15/Nov/2015:04:19:59 +0800] "GET /digiarch/content/repository/resource_content.jsp?oid=2687256 HTTP/1.1" 404 14873
66.249.71.60 - - [15/Nov/2015:04:19:59 +0800] "GET /digiarch_en/content/nav/relationSubject.jsp?relationWords=%E8%8A%B1%E8%94%93%20%E8%94%93%E6%BE%A4%E8%98%AD%20&oid=16777298 HTTP/1.1" 200 4208
61.135.189.96 - - [15/Nov/2015:04:20:18 +0800] "GET /digiarch/content/repository/resource_content.jsp?oid=4589508 HTTP/1.1" 404 14873
61.135.189.96 - - [15/Nov/2015:04:20:37 +0800] "GET /digiarch/content/repository/resource_content.jsp?oid=4589478 HTTP/1.1" 404 14873
61.135.189.96 - - [15/Nov/2015:04:20:58 +0800] "GET /digiarch/content/repository/resource_content.jsp?oid=2553382 HTTP/1.1" 404 14873
66.249.71.64 - - [15/Nov/2015:04:21:10 +0800] "GET /content/repository/resource_content.jsp?oid=1893602 HTTP/1.1" 200 28241
66.249.71.64 - - [15/Nov/2015:04:21:11 +0800] "GET /content/nav/relationSubject.jsp?relationWords=%E9%AA%A8%E7%AE%AD%E9%A0%AD+&oid=1872527 HTTP/1.1" 200 2990
101.226.166.233 - - [15/Nov/2015:04:21:13 +0800] "GET /digiarch3/content/subject/resource_content.jsp?oid=16777279&queryType=qc HTTP/1.1" 200 33686
61.135.189.96 - - [15/Nov/2015:04:21:18 +0800] "GET /digiarch/content/repository/resource_content.jsp?oid=2636981 HTTP/1.1" 404 14873
66.249.71.60 - - [15/Nov/2015:04:21:21 +0800] "GET /content/nav/relationSubject.jsp?relationWords=%E9%AA%A8%E7%AE%AD%E9%A0%AD%20&oid=1872527 HTTP/1.1" 200 2990
66.249.71.60 - - [15/Nov/2015:04:21:29 +0800] "GET /content/nav/relationSubject.jsp?relationWords=%E7%BC%BA%E4%BA%8B+&oid=2686821 HTTP/1.1" 200 3102
66.249.71.60 - - [15/Nov/2015:04:21:37 +0800] "GET /content/nav/relationSubject.jsp?relationWords=%E7%BC%BA%E4%BA%8B%20&oid=2686821 HTTP/1.1" 200 3102
61.135.189.96 - - [15/Nov/2015:04:21:41 +0800] "GET /digiarch/content/repository/resource_content.jsp?oid=739412 HTTP/1.1" 404 14873
66.249.71.64 - - [15/Nov/2015:04:21:43 +0800] "GET /content/repository/resource_content.jsp?oid=721940&queryString=%E4%BA%8B%E7%91%9E%20%E4%BA%BA%E5%90%8D%E6%AC%8A%E5%A8%81%20%E7%A7%98%E9%AD%AF%20%E8%A3%81%E5%88%A4%E6%AC%8A%E4%BA%8B%20%E9%9B%B7%E5%A0%AF%E6%AD%A6%E5%BE%B7%20%E9%A0%98%E4%BA%8B%E8%A3%81%E5%88%A4%E6%AC%8A%20%E9%A6%AC%E5%85%8B%E8%AC%A8 HTTP/1.1" 200 29190
61.135.189.96 - - [15/Nov/2015:04:22:01 +0800] "GET /digiarch/content/repository/resource_content.jsp?oid=4456877 HTTP/1.1" 404 14873
66.249.74.98 - - [15/Nov/2015:04:22:05 +0800] "GET /content/subject/resource_content.jsp?oid=16777822&queryType=qs&queryString=%E4%B8%AD%E5%9C%8B%E9%86%AB%E5%AD%B8 HTTP/1.1" 200 45406
61.135.189.96 - - [15/Nov/2015:04:22:20 +0800] "GET /digiarch/content/repository/resource_content.jsp?oid=2646351 HTTP/1.1" 404 14873
66.249.71.72 - - [15/Nov/2015:04:22:37 +0800] "GET /content/repository/resource_content.jsp?oid=2660164 HTTP/1.1" 200 29760
61.135.189.96 - - [15/Nov/2015:04:22:41 +0800] "GET /digiarch/content/repository/resource_content.jsp?oid=183499 HTTP/1.1" 404 14873
61.135.189.96 - - [15/Nov/2015:04:23:01 +0800] "GET /digiarch/content/repository/resource_content.jsp?oid=2655564 HTTP/1.1" 404 14873
61.135.189.96 - - [15/Nov/2015:04:23:21 +0800] "GET /digiarch/content/repository/resource_content.jsp?oid=4499583 HTTP/1.1" 404 14873
66.249.74.98 - - [15/Nov/2015:04:23:29 +0800] "GET /content/nav/relationSubject.jsp?relationWords=%E9%87%8E%E8%B1%AC%E7%89%99%E5%B0%96%E5%99%A8+&oid=1852500 HTTP/1.1" 200 3044
66.249.71.60 - - [15/Nov/2015:04:23:31 +0800] "GET /content/nav/relationSubject.jsp?relationWords=%E9%87%8E%E8%B1%AC%E7%89%99%E5%B0%96%E5%99%A8%20&oid=1852500 HTTP/1.1" 200 3044
66.249.74.98 - - [15/Nov/2015:04:23:38 +0800] "GET /content/nav/relationSubject.jsp?relationWords=&oid=1777416 HTTP/1.1" 200 1405
182.118.21.219 - - [15/Nov/2015:04:23:39 +0800] "GET /digiarch3/content/subject/resource_content.jsp?oid=16777391&queryType=qc HTTP/1.1" 200 41627
61.135.189.96 - - [15/Nov/2015:04:23:40 +0800] "GET /digiarch/content/repository/resource_content.jsp?oid=1888303 HTTP/1.1" 404 14873
101.226.166.233 - - [15/Nov/2015:04:23:51 +0800] "GET /digiarch3/content/subject/resource_content.jsp?oid=16777724&queryType=qc HTTP/1.1" 200 26390
101.226.166.226 - - [15/Nov/2015:04:23:51 +0800] "GET /digiarch3/content/subject/resource_content.jsp?oid=16777550&queryType=qc HTTP/1.1" 200 30196
61.135.189.96 - - [15/Nov/2015:04:24:00 +0800] "GET /digiarch/content/repository/resource_content.jsp?oid=1888044 HTTP/1.1" 404 14873
61.135.189.96 - - [15/Nov/2015:04:24:20 +0800] "GET /digiarch/content/repository/resource_content.jsp?oid=2547485 HTTP/1.1" 404 14873
61.135.189.96 - - [15/Nov/2015:04:24:37 +0800] "GET /digiarch/content/repository/resource_content.jsp?oid=2627131 HTTP/1.1" 404 14873
61.135.189.96 - - [15/Nov/2015:04:26:13 +0800] "GET /digiarch/content/repository/resource_content.jsp?oid=2612982 HTTP/1.1" 404 14873
61.135.189.96 - - [15/Nov/2015:04:26:31 +0800] "GET /digiarch/content/repository/resource_content.jsp?oid=1580225 HTTP/1.1" 404 14873
66.249.71.72 - - [15/Nov/2015:04:26:49 +0800] "GET /content/nav/relationSubject.jsp?relationWords=%E4%B8%AD%E5%BE%B7+%E4%BA%BA%E5%90%8D%E6%AC%8A%E5%A8%81+%E5%B0%8F%E5%B9%A1%E9%85%89%E5%90%89+%E8%A3%81%E5%88%A4%E6%AC%8A%E4%BA%8B+%E9%A0%98%E4%BA%8B%E8%A3%81%E5%88%A4%E6%AC%8A+&oid=721940 HTTP/1.1" 200 3369
61.135.189.96 - - [15/Nov/2015:04:26:52 +0800] "GET /digiarch/content/repository/resource_content.jsp?oid=4588961 HTTP/1.1" 404 14873
66.249.74.98 - - [15/Nov/2015:04:26:57 +0800] "GET /content/nav/relationSubject.jsp?relationWords=%E4%B8%AD%E5%BE%B7%20%E4%BA%BA%E5%90%8D%E6%AC%8A%E5%A8%81%20%E5%B0%8F%E5%B9%A1%E9%85%89%E5%90%89%20%E8%A3%81%E5%88%A4%E6%AC%8A%E4%BA%8B%20%E9%A0%98%E4%BA%8B%E8%A3%81%E5%88%A4%E6%AC%8A%20&oid=721940 HTTP/1.1" 200 3369
61.135.189.96 - - [15/Nov/2015:04:27:10 +0800] "GET /digiarch/content/repository/resource_content.jsp?oid=2631749 HTTP/1.1" 404 14873
66.249.74.98 - - [15/Nov/2015:04:27:11 +0800] "GET /content/nav/relationSubject.jsp?relationWords=%E9%95%B7%E5%B9%B9%E5%B1%B1+%E9%99%B8%E6%B8%AC%E5%9C%96+&oid=184189 HTTP/1.1" 200 3129
66.249.74.98 - - [15/Nov/2015:04:27:13 +0800] "GET /content/nav/relationSubject.jsp?relationWords=%E9%95%B7%E5%B9%B9%E5%B1%B1%20%E9%99%B8%E6%B8%AC%E5%9C%96%20&oid=184189 HTTP/1.1" 200 3129
61.135.189.96 - - [15/Nov/2015:04:27:29 +0800] "GET /digiarch/content/repository/resource_content.jsp?oid=2626284 HTTP/1.1" 404 14873
66.249.71.121 - - [15/Nov/2015:04:27:38 +0800] "GET /content/repository/resource_content.jsp?oid=1811906&queryType=qs&queryString=%E5%B0%91%E6%9E%97%E5%AF%BA HTTP/1.1" 200 30708
61.135.189.96 - - [15/Nov/2015:04:27:47 +0800] "GET /digiarch/content/repository/resource_content.jsp?oid=2671648 HTTP/1.1" 404 14873
61.135.189.96 - - [15/Nov/2015:04:28:04 +0800] "GET /digiarch/content/repository/resource_content.jsp?oid=2685605 HTTP/1.1" 404 14873
66.249.74.100 - - [15/Nov/2015:04:28:22 +0800] "GET /content/repository/resource_content.jsp?oid=2542985 HTTP/1.1" 200 29406
61.135.189.96 - - [15/Nov/2015:04:28:23 +0800] "GET /digiarch/content/repository/resource_content.jsp?oid=2631332 HTTP/1.1" 404 14873
61.135.189.96 - - [15/Nov/2015:04:28:40 +0800] "GET /digiarch/content/repository/resource_content.jsp?oid=2524878 HTTP/1.1" 404 14873
66.249.71.173 - - [15/Nov/2015:04:28:41 +0800] "GET /content/nav/relationSubject.jsp?relationWords=%E5%88%91%E9%83%A8+&oid=2634969 HTTP/1.1" 200 3095
66.249.71.155 - - [15/Nov/2015:04:28:43 +0800] "GET /content/nav/relationSubject.jsp?relationWords=%E5%88%91%E9%83%A8%20&oid=2634969 HTTP/1.1" 200 3095
61.135.189.96 - - [15/Nov/2015:04:28:58 +0800] "GET /digiarch/content/repository/resource_content.jsp?oid=2634401 HTTP/1.1" 404 14873
66.249.71.60 - - [15/Nov/2015:04:28:59 +0800] "GET /content/nav/relationSubject.jsp?relationWords=%E5%B1%85%E5%BB%B6%E6%BC%A2%E7%B0%A1+%E6%BC%A2%E7%B0%A1+&oid=289897 HTTP/1.1" 200 3898
66.249.71.60 - - [15/Nov/2015:04:29:02 +0800] "GET /content/nav/relationSubject.jsp?relationWords=%E5%B1%85%E5%BB%B6%E6%BC%A2%E7%B0%A1%20%E6%BC%A2%E7%B0%A1%20&oid=289897 HTTP/1.1" 200 3898
66.249.74.100 - - [15/Nov/2015:04:29:04 +0800] "GET /content/repository/resource_content.jsp?oid=2678400 HTTP/1.1" 200 29796
61.135.189.96 - - [15/Nov/2015:04:29:14 +0800] "GET /digiarch/content/repository/resource_content.jsp?oid=2666606 HTTP/1.1" 404 14873
61.135.189.96 - - [15/Nov/2015:04:29:31 +0800] "GET /digiarch/content/repository/resource_content.jsp?oid=2642310 HTTP/1.1" 404 14873
61.135.189.96 - - [15/Nov/2015:04:29:48 +0800] "GET /digiarch/content/repository/resource_content.jsp?oid=2626273 HTTP/1.1" 404 14873
66.249.71.72 - - [15/Nov/2015:04:29:56 +0800] "GET /content/nav/relationSubject.jsp?relationWords=%E6%9D%9C%E9%B5%91%E8%8A%B1+%E6%9D%9C%E9%B5%91%E8%8A%B1%E7%A7%91+%E6%A4%8D%E7%89%A9%E7%95%8C+%E7%99%BD%E7%8F%A0%E6%A8%B9+%E7%99%BD%E7%8F%A0%E6%A8%B9%E5%B1%AC+&oid=1109051 HTTP/1.1" 200 4723
66.249.71.60 - - [15/Nov/2015:04:29:57 +0800] "GET /content/nav/relationSubject.jsp?relationWords=%E6%9D%9C%E9%B5%91%E8%8A%B1%20%E6%9D%9C%E9%B5%91%E8%8A%B1%E7%A7%91%20%E6%A4%8D%E7%89%A9%E7%95%8C%20%E7%99%BD%E7%8F%A0%E6%A8%B9%20%E7%99%BD%E7%8F%A0%E6%A8%B9%E5%B1%AC%20&oid=1109051 HTTP/1.1" 200 4723
123.125.71.22 - - [15/Nov/2015:04:30:05 +0800] "GET /digiarch_en/content/subject/resource_content.jsp?oid=16777512&queryType=qc HTTP/1.1" 200 27757
61.135.189.96 - - [15/Nov/2015:04:30:05 +0800] "GET /digiarch/content/repository/resource_content.jsp?oid=4463623 HTTP/1.1" 404 14873
66.249.71.113 - - [15/Nov/2015:04:30:22 +0800] "GET /content/nav/relationSubject.jsp?relationWords=%E5%8C%97%E9%BD%8A+%E5%B0%91%E6%9E%97%E5%AF%BA+%E5%B8%AB%E6%AF%94+%E6%AF%94%E4%B8%98+%E6%AF%94%E4%B8%98%E5%B0%BC+%E6%B3%95%E7%95%8C+%E7%B6%AD%E9%82%A3+%E8%81%9A%E6%B2%AB+%E8%88%8D%E5%88%A9+%E8%B6%99%E5%85%83+%E9%80%A0%E5%83%8F%E8%A8%98+%E9%80%A0%E8%B1%A1+%E9%82%91%E4%B8%BB+%E9%82%91%E5%AD%90+%E9%82%91%E5%B8%AB+%E9%82%91%E7%BE%A9+%E9%83%BD%E7%B6%AD%E9%82%A3+%E9%96%8B%E5%85%89+%E9%BD%8A%E6%AD%A6+&oid=1811906 HTTP/1.1" 200 4824
66.249.74.61 - - [15/Nov/2015:04:30:25 +0800] "GET /content/nav/relationSubject.jsp?relationWords=%E5%8C%97%E9%BD%8A%20%E5%B0%91%E6%9E%97%E5%AF%BA%20%E5%B8%AB%E6%AF%94%20%E6%AF%94%E4%B8%98%20%E6%AF%94%E4%B8%98%E5%B0%BC%20%E6%B3%95%E7%95%8C%20%E7%B6%AD%E9%82%A3%20%E8%81%9A%E6%B2%AB%20%E8%88%8D%E5%88%A9%20%E8%B6%99%E5%85%83%20%E9%80%A0%E5%83%8F%E8%A8%98%20%E9%80%A0%E8%B1%A1%20%E9%82%91%E4%B8%BB%20%E9%82%91%E5%AD%90%20%E9%82%91%E5%B8%AB%20%E9%82%91%E7%BE%A9%20%E9%83%BD%E7%B6%AD%E9%82%A3%20%E9%96%8B%E5%85%89%20%E9%BD%8A%E6%AD%A6%20&oid=1811906 HTTP/1.1" 200 4824
61.135.189.96 - - [15/Nov/2015:04:30:25 +0800] "GET /digiarch/content/repository/resource_content.jsp?oid=2573002 HTTP/1.1" 404 14873
61.135.189.96 - - [15/Nov/2015:04:30:43 +0800] "GET /digiarch/content/repository/resource_content.jsp?oid=1884570 HTTP/1.1" 404 14873
61.135.189.96 - - [15/Nov/2015:04:31:01 +0800] "GET /digiarch/content/repository/resource_content.jsp?oid=1884624 HTTP/1.1" 404 14873
61.135.189.96 - - [15/Nov/2015:04:31:18 +0800] "GET /digiarch/content/repository/resource_content.jsp?oid=3355165 HTTP/1.1" 404 14873
61.135.189.96 - - [15/Nov/2015:04:31:35 +0800] "GET /digiarch/content/repository/resource_content.jsp?oid=4448251 HTTP/1.1" 404 14873
66.249.71.60 - - [15/Nov/2015:04:31:50 +0800] "GET /content/nav/relationSubject.jsp?relationWords=&oid=1562634 HTTP/1.1" 200 1405
61.135.189.96 - - [15/Nov/2015:04:31:51 +0800] "GET /digiarch/content/repository/resource_content.jsp?oid=2626919 HTTP/1.1" 404 14873
61.135.189.96 - - [15/Nov/2015:04:32:07 +0800] "GET /digiarch/content/repository/resource_content.jsp?oid=2521644 HTTP/1.1" 404 14873
157.55.39.136 - - [15/Nov/2015:04:32:12 +0800] "GET /content/subject/resource_content.jsp?oid=16797287&queryType=qc HTTP/1.1" 200 88344
61.135.189.96 - - [15/Nov/2015:04:32:23 +0800] "GET /digiarch/content/repository/resource_content.jsp?oid=2539026 HTTP/1.1" 404 14873
61.135.189.96 - - [15/Nov/2015:04:32:39 +0800] "GET /digiarch/content/repository/resource_content.jsp?oid=2665938 HTTP/1.1" 404 14873
61.135.189.96 - - [15/Nov/2015:04:32:54 +0800] "GET /digiarch/content/repository/resource_content.jsp?oid=731689 HTTP/1.1" 404 14873
66.249.71.64 - - [15/Nov/2015:04:33:07 +0800] "GET /content/nav/relationSubject.jsp?relationWords=%E5%B7%A5%E9%83%A8+&oid=2678400 HTTP/1.1" 200 3068
61.135.189.96 - - [15/Nov/2015:04:33:10 +0800] "GET /digiarch/content/repository/resource_content.jsp?oid=2547302 HTTP/1.1" 404 14873
66.249.71.60 - - [15/Nov/2015:04:33:21 +0800] "GET /content/nav/relationSubject.jsp?relationWords=%E5%B7%A5%E9%83%A8%20&oid=2678400 HTTP/1.1" 200 3068
61.135.189.96 - - [15/Nov/2015:04:33:28 +0800] "GET /digiarch/content/repository/resource_content.jsp?oid=2648653 HTTP/1.1" 404 14873
61.135.189.96 - - [15/Nov/2015:04:33:44 +0800] "GET /digiarch/content/repository/resource_content.jsp?oid=2518259 HTTP/1.1" 404 14873
61.135.189.96 - - [15/Nov/2015:04:34:02 +0800] "GET /digiarch/content/repository/resource_content.jsp?oid=2684886 HTTP/1.1" 404 14873
61.135.189.96 - - [15/Nov/2015:04:34:18 +0800] "GET /digiarch/content/repository/resource_content.jsp?oid=2644006 HTTP/1.1" 404 14873
61.135.189.96 - - [15/Nov/2015:04:34:34 +0800] "GET /digiarch/content/repository/resource_content.jsp?oid=2627532 HTTP/1.1" 404 14873
61.135.189.96 - - [15/Nov/2015:04:34:50 +0800] "GET /digiarch/content/repository/resource_content.jsp?oid=1884541 HTTP/1.1" 404 14873
40.77.167.100 - - [15/Nov/2015:04:35:05 +0800] "GET /content/nav/relationSubject.jsp?relationWords=%E5%8F%B0%E7%81%A3%E5%8E%9F%E4%BD%8F%E6%B0%91+&oid=16797287 HTTP/1.1" 200 4742
61.135.189.96 - - [15/Nov/2015:04:35:06 +0800] "GET /digiarch/content/repository/resource_content.jsp?oid=2629084 HTTP/1.1" 404 14873
61.135.189.96 - - [15/Nov/2015:04:35:21 +0800] "GET /digiarch/content/repository/resource_content.jsp?oid=2638490 HTTP/1.1" 404 14873
61.135.189.96 - - [15/Nov/2015:04:35:37 +0800] "GET /digiarch/content/repository/resource_content.jsp?oid=2510581 HTTP/1.1" 404 14873
61.135.189.96 - - [15/Nov/2015:04:35:53 +0800] "GET /digiarch/content/repository/resource_content.jsp?oid=2676779 HTTP/1.1" 404 14873
61.135.189.96 - - [15/Nov/2015:04:36:09 +0800] "GET /digiarch/content/repository/resource_content.jsp?oid=2637162 HTTP/1.1" 404 14873
61.135.189.96 - - [15/Nov/2015:04:36:25 +0800] "GET /digiarch/content/repository/resource_content.jsp?oid=2671616 HTTP/1.1" 404 14873
61.135.189.96 - - [15/Nov/2015:04:36:40 +0800] "GET /digiarch/content/repository/resource_content.jsp?oid=2659109 HTTP/1.1" 404 14873
68.180.228.24 - - [15/Nov/2015:04:36:46 +0800] "GET /content/subject/resource_content.jsp?oid=16797234&queryType=qc HTTP/1.1" 200 46555
61.135.189.96 - - [15/Nov/2015:04:36:55 +0800] "GET /digiarch/content/repository/resource_content.jsp?oid=2558565 HTTP/1.1" 404 14873
66.249.71.72 - - [15/Nov/2015:04:36:56 +0800] "GET /content/repository/resource_content.jsp?oid=2537357 HTTP/1.1" 200 28632
66.249.71.64 - - [15/Nov/2015:04:36:58 +0800] "GET /content/repository/resource_content.jsp?oid=2584590 HTTP/1.1" 200 28935
61.135.189.96 - - [15/Nov/2015:04:37:11 +0800] "GET /digiarch/content/repository/resource_content.jsp?oid=2628549 HTTP/1.1" 404 14873
180.153.236.117 - - [15/Nov/2015:04:37:15 +0800] "GET /content/repository/resource_content.jsp?oid=523925&queryType=qc HTTP/1.1" 200 35038
61.135.189.96 - - [15/Nov/2015:04:37:27 +0800] "GET /digiarch/content/repository/resource_content.jsp?oid=2576069 HTTP/1.1" 404 14873
66.249.71.64 - - [15/Nov/2015:04:37:39 +0800] "GET /content/repository/resource_content.jsp?oid=750111 HTTP/1.1" 200 28296
61.135.189.96 - - [15/Nov/2015:04:37:43 +0800] "GET /digiarch/content/repository/resource_content.jsp?oid=1124761 HTTP/1.1" 404 14873
61.135.189.96 - - [15/Nov/2015:04:37:59 +0800] "GET /digiarch/content/repository/resource_content.jsp?oid=2615404 HTTP/1.1" 404 14873
61.135.189.96 - - [15/Nov/2015:04:38:13 +0800] "GET /digiarch/content/repository/resource_content.jsp?oid=2627509 HTTP/1.1" 404 14873
66.249.71.60 - - [15/Nov/2015:04:38:22 +0800] "GET /content/repository/resource_content.jsp?oid=1864170 HTTP/1.1" 200 29833
61.135.189.96 - - [15/Nov/2015:04:38:28 +0800] "GET /digiarch/content/repository/resource_content.jsp?oid=1778761 HTTP/1.1" 404 14873
61.135.189.96 - - [15/Nov/2015:04:38:43 +0800] "GET /digiarch/content/repository/resource_content.jsp?oid=2511655 HTTP/1.1" 404 14873
61.135.189.96 - - [15/Nov/2015:04:38:57 +0800] "GET /digiarch/content/repository/resource_content.jsp?oid=702651 HTTP/1.1" 404 14873
66.249.71.64 - - [15/Nov/2015:04:39:05 +0800] "GET /content/repository/resource_content.jsp?oid=1836770 HTTP/1.1" 200 28388
61.135.189.96 - - [15/Nov/2015:04:39:13 +0800] "GET /digiarch/content/repository/resource_content.jsp?oid=1124296 HTTP/1.1" 404 14873
61.135.189.96 - - [15/Nov/2015:04:39:30 +0800] "GET /digiarch/content/repository/resource_content.jsp?oid=2676916 HTTP/1.1" 404 14873
220.181.108.96 - - [15/Nov/2015:04:39:31 +0800] "GET /content/subject/resource_content.jsp?oid=16777499 HTTP/1.1" 200 44435
66.249.74.102 - - [15/Nov/2015:04:39:39 +0800] "GET /content/nav/relationSubject.jsp?relationWords=%E4%B9%9D%E5%B2%B8%E6%BA%AA+%E5%A0%A4%E9%98%B2%E6%A1%88+%E5%AF%8C%E9%87%8C+%E7%9C%81%E6%94%BF%E5%BA%9C+&oid=1543844 HTTP/1.1" 200 4592
66.249.71.60 - - [15/Nov/2015:04:39:41 +0800] "GET /content/nav/relationSubject.jsp?relationWords=%E4%B9%9D%E5%B2%B8%E6%BA%AA%20%E5%A0%A4%E9%98%B2%E6%A1%88%20%E5%AF%8C%E9%87%8C%20%E7%9C%81%E6%94%BF%E5%BA%9C%20&oid=1543844 HTTP/1.1" 200 4592
61.135.189.96 - - [15/Nov/2015:04:39:45 +0800] "GET /digiarch/content/repository/resource_content.jsp?oid=696515 HTTP/1.1" 404 14873
66.249.71.72 - - [15/Nov/2015:04:39:48 +0800] "GET /content/repository/resource_content.jsp?oid=2583878 HTTP/1.1" 200 28885
61.135.189.96 - - [15/Nov/2015:04:39:58 +0800] "GET /digiarch/content/repository/resource_content.jsp?oid=2679400 HTTP/1.1" 404 14873
61.135.189.96 - - [15/Nov/2015:04:40:13 +0800] "GET /digiarch/content/repository/resource_content.jsp?oid=2548626 HTTP/1.1" 404 14873
61.135.189.96 - - [15/Nov/2015:04:40:28 +0800] "GET /digiarch/content/repository/resource_content.jsp?oid=2554267 HTTP/1.1" 404 14873
66.249.71.64 - - [15/Nov/2015:04:40:31 +0800] "GET /content/repository/resource_content.jsp?oid=288819 HTTP/1.1" 200 28213
66.249.74.98 - - [15/Nov/2015:04:40:42 +0800] "GET /content/nav/relationSubject.jsp?relationWords=%E5%9F%8E%E5%BB%82%E5%9C%96+%E6%85%88%E8%B0%BF%E7%B8%A3+&oid=183944 HTTP/1.1" 200 3163
61.135.189.96 - - [15/Nov/2015:04:40:43 +0800] "GET /digiarch/content/repository/resource_content.jsp?oid=2554339 HTTP/1.1" 404 14873
66.249.71.60 - - [15/Nov/2015:04:40:45 +0800] "GET /content/nav/relationSubject.jsp?relationWords=%E5%9F%8E%E5%BB%82%E5%9C%96%20%E6%85%88%E8%B0%BF%E7%B8%A3%20&oid=183944 HTTP/1.1" 200 3163
1.168.209.217 - - [15/Nov/2015:04:40:56 +0800] "GET /content/nav/relationSubject.jsp?relationWords=%E7%A9%97%E8%8A%B1%E5%B1%B1%E5%A5%88+%E9%87%8E%E8%96%91%E8%8A%B1+&oid=16777263 HTTP/1.1" 200 3284
61.135.189.96 - - [15/Nov/2015:04:40:57 +0800] "GET /digiarch/content/repository/resource_content.jsp?oid=2524617 HTTP/1.1" 404 14873
61.135.189.96 - - [15/Nov/2015:04:41:12 +0800] "GET /digiarch/content/repository/resource_content.jsp?oid=2523469 HTTP/1.1" 404 14873
66.249.71.60 - - [15/Nov/2015:04:41:14 +0800] "GET /content/repository/resource_content.jsp?oid=2518598 HTTP/1.1" 200 29307
61.135.189.96 - - [15/Nov/2015:04:41:26 +0800] "GET /digiarch/content/repository/resource_content.jsp?oid=2523629 HTTP/1.1" 404 14873
61.135.189.96 - - [15/Nov/2015:04:41:39 +0800] "GET /digiarch/content/repository/resource_content.jsp?oid=2558264 HTTP/1.1" 404 14873
61.135.189.96 - - [15/Nov/2015:04:41:54 +0800] "GET /digiarch/content/repository/resource_content.jsp?oid=2523403 HTTP/1.1" 404 14873
66.249.71.72 - - [15/Nov/2015:04:41:56 +0800] "GET /content/nav/relationSubject.jsp?relationWords=%E9%AA%A8%E6%9F%B6+&oid=1864170 HTTP/1.1" 200 2975
66.249.74.98 - - [15/Nov/2015:04:41:57 +0800] "GET /content/repository/resource_content.jsp?oid=1853102 HTTP/1.1" 200 29485
66.249.71.60 - - [15/Nov/2015:04:41:58 +0800] "GET /content/nav/relationSubject.jsp?relationWords=%E9%AA%A8%E6%9F%B6%20&oid=1864170 HTTP/1.1" 200 2975
61.135.189.96 - - [15/Nov/2015:04:42:08 +0800] "GET /digiarch/content/repository/resource_content.jsp?oid=4589525 HTTP/1.1" 404 14873
61.135.189.96 - - [15/Nov/2015:04:42:23 +0800] "GET /digiarch/content/repository/resource_content.jsp?oid=2537023 HTTP/1.1" 404 14873
61.135.189.96 - - [15/Nov/2015:04:42:37 +0800] "GET /digiarch/content/repository/resource_content.jsp?oid=2554289 HTTP/1.1" 404 14873
66.249.74.98 - - [15/Nov/2015:04:42:40 +0800] "GET /content/repository/resource_content.jsp?oid=1890904 HTTP/1.1" 200 28611
61.135.189.96 - - [15/Nov/2015:04:42:50 +0800] "GET /digiarch/content/repository/resource_content.jsp?oid=2553436 HTTP/1.1" 404 14873
61.135.189.96 - - [15/Nov/2015:04:43:03 +0800] "GET /digiarch/content/repository/resource_content.jsp?oid=2524607 HTTP/1.1" 404 14873
66.249.71.64 - - [15/Nov/2015:04:43:14 +0800] "GET /content/nav/relationSubject.jsp?relationWords=&oid=2581452 HTTP/1.1" 200 1405
61.135.189.96 - - [15/Nov/2015:04:43:17 +0800] "GET /digiarch/content/repository/resource_content.jsp?oid=4589511 HTTP/1.1" 404 14873
66.249.71.60 - - [15/Nov/2015:04:43:22 +0800] "GET /content/repository/resource_content.jsp?oid=16252 HTTP/1.1" 200 30707
61.135.189.96 - - [15/Nov/2015:04:43:30 +0800] "GET /digiarch/content/repository/resource_content.jsp?oid=2555265 HTTP/1.1" 404 14873
61.135.189.96 - - [15/Nov/2015:04:43:43 +0800] "GET /digiarch/content/repository/resource_content.jsp?oid=2566572 HTTP/1.1" 404 14873
61.135.189.96 - - [15/Nov/2015:04:43:57 +0800] "GET /digiarch/content/repository/resource_content.jsp?oid=2547815 HTTP/1.1" 404 14873
66.249.71.64 - - [15/Nov/2015:04:44:05 +0800] "GET /content/repository/resource_content.jsp?oid=2568873 HTTP/1.1" 200 28711
61.135.189.96 - - [15/Nov/2015:04:44:10 +0800] "GET /digiarch/content/repository/resource_content.jsp?oid=2571980 HTTP/1.1" 404 14873
66.249.74.100 - - [15/Nov/2015:04:44:11 +0800] "GET /content/nav/relationSubject.jsp?relationWords=%E6%88%9F%E8%91%89%E7%94%B0%E8%96%AF+%E8%96%AF%E8%95%B7%E5%B1%AC+&oid=2152889 HTTP/1.1" 200 3056
66.249.71.60 - - [15/Nov/2015:04:44:14 +0800] "GET /content/nav/relationSubject.jsp?relationWords=%E6%88%9F%E8%91%89%E7%94%B0%E8%96%AF%20%E8%96%AF%E8%95%B7%E5%B1%AC%20&oid=2152889 HTTP/1.1" 200 3056
66.249.71.60 - - [15/Nov/2015:04:44:20 +0800] "GET /content/nav/relationSubject.jsp?relationWords=&oid=2584590 HTTP/1.1" 200 1405
61.135.189.96 - - [15/Nov/2015:04:44:24 +0800] "GET /digiarch/content/repository/resource_content.jsp?oid=2528023 HTTP/1.1" 404 14873
61.135.189.96 - - [15/Nov/2015:04:44:37 +0800] "GET /digiarch/content/repository/resource_content.jsp?oid=4589616 HTTP/1.1" 404 14873
66.249.71.64 - - [15/Nov/2015:04:44:48 +0800] "GET /content/repository/resource_content.jsp?oid=1869395 HTTP/1.1" 200 28744
61.135.189.96 - - [15/Nov/2015:04:44:50 +0800] "GET /digiarch/content/repository/resource_content.jsp?oid=2537031 HTTP/1.1" 404 14873
61.135.189.96 - - [15/Nov/2015:04:45:04 +0800] "GET /digiarch/content/repository/resource_content.jsp?oid=2554340 HTTP/1.1" 404 14873
66.249.71.72 - - [15/Nov/2015:04:45:06 +0800] "GET /content/nav/relationSubject.jsp?relationWords=&oid=2599590 HTTP/1.1" 200 1405
66.249.71.60 - - [15/Nov/2015:04:45:08 +0800] "GET /content/nav/relationSubject.jsp?relationWords=%E5%B1%85%E5%BB%B6%E6%BC%A2%E7%B0%A1+%E6%BC%A2%E7%B0%A1+&oid=288819 HTTP/1.1" 200 3898
66.249.71.60 - - [15/Nov/2015:04:45:11 +0800] "GET /content/nav/relationSubject.jsp?relationWords=%E5%B1%85%E5%BB%B6%E6%BC%A2%E7%B0%A1%20%E6%BC%A2%E7%B0%A1%20&oid=288819 HTTP/1.1" 200 3898
61.135.189.96 - - [15/Nov/2015:04:45:18 +0800] "GET /digiarch/content/repository/resource_content.jsp?oid=2524712 HTTP/1.1" 404 14873
66.249.71.14 - - [15/Nov/2015:04:45:32 +0800] "GET /digiarch3/content/repository/resource_content.jsp?oid=3823959&queryString=%E6%A4%8D%E7%89%A9%E7%95%8C%20%E8%8C%9C%E8%8D%89%20%E8%8C%9C%E8%8D%89%E6%A8%B9%20%E8%8C%9C%E8%8D%89%E7%A7%91%20%E9%BE%8D%E8%9D%A6 HTTP/1.1" 200 31395
66.249.71.121 - - [15/Nov/2015:04:46:14 +0800] "GET /content/repository/resource_content.jsp?oid=4360784&queryType=qs&queryString=%E9%8A%80%E5%B8%BD HTTP/1.1" 200 28219
66.249.71.105 - - [15/Nov/2015:04:46:57 +0800] "GET /content/repository/resource_content.jsp?oid=1899580&queryString=%E4%B8%AD%E5%A3%A2%E9%8E%AE%20%E5%B7%A5%E6%A5%AD%E7%94%A8%E5%9C%B0%20%E6%9D%8E%E7%82%B3%E7%9B%9B%20%E6%9E%97%E7%99%BB%20%E9%BB%83%E5%85%89%E5%B9%B3 HTTP/1.1" 200 30588
66.249.71.72 - - [15/Nov/2015:04:47:40 +0800] "GET /content/subject/resource_content.jsp?oid=16777349&queryType=qs&queryString=%E6%97%8F%E7%BE%A4 HTTP/1.1" 200 36980
66.249.71.5 - - [15/Nov/2015:04:48:27 +0800] "GET /digiarch3/content/nav/relationSubject.jsp?relationWords=%E7%94%B2%E9%AA%A8%20&oid=16777288 HTTP/1.1" 200 3015
66.249.71.5 - - [15/Nov/2015:04:48:52 +0800] "GET /content/nav/relationSubject.jsp?relationWords=%E7%9B%94%E5%B8%BD+&oid=4364071 HTTP/1.1" 200 2996
66.249.71.5 - - [15/Nov/2015:04:48:53 +0800] "GET /content/nav/relationSubject.jsp?relationWords=%E7%9B%94%E5%B8%BD%20&oid=4364071 HTTP/1.1" 200 2996
220.181.108.105 - - [15/Nov/2015:04:48:57 +0800] "GET /digiarch_en/content/subject/resource_content.jsp?oid=16777746&queryType=qc HTTP/1.1" 200 35513
66.249.71.60 - - [15/Nov/2015:04:49:39 +0800] "GET /content/nav/relationSubject.jsp?relationWords=&oid=2568873 HTTP/1.1" 200 1405
66.249.71.60 - - [15/Nov/2015:04:49:48 +0800] "GET /content/nav/relationSubject.jsp?relationWords=%E5%88%91%E9%83%A8+&oid=2518598 HTTP/1.1" 200 3095
66.249.71.64 - - [15/Nov/2015:04:49:49 +0800] "GET /content/subject/resource_content.jsp?oid=16777348&queryType=qs&queryString=%E5%B0%8F%E5%AE%A2%E8%BB%8A HTTP/1.1" 200 47902
66.249.74.98 - - [15/Nov/2015:04:49:50 +0800] "GET /content/nav/relationSubject.jsp?relationWords=%E5%88%91%E9%83%A8%20&oid=2518598 HTTP/1.1" 200 3095
66.249.74.100 - - [15/Nov/2015:04:50:33 +0800] "GET /content/repository/resource_content.jsp?oid=4457602&queryString=%E7%B0%BE%E8%9B%A4%E7%9B%AE%20%E7%B4%85%E6%A8%B9%E6%9E%97%20%E8%9B%A4%E7%A7%91%20%E9%9B%99%E6%AE%BC%E7%B6%B1 HTTP/1.1" 200 28387
66.249.77.85 - - [15/Nov/2015:04:50:50 +0800] "GET /content/nav/relationSubject.jsp?relationWords=%E7%94%B2%E9%AA%A8+&oid=16777288 HTTP/1.1" 200 3015
66.249.74.63 - - [15/Nov/2015:04:51:16 +0800] "GET /content/repository/resource_content.jsp?oid=2686719&queryType=qs&queryString=%E9%BB%83%E4%BB%95%E7%B0%A1 HTTP/1.1" 200 30384
66.249.71.60 - - [15/Nov/2015:04:51:33 +0800] "GET /content/nav/relationSubject.jsp?relationWords=%E5%81%87%E5%90%AB%E7%BE%9E%E8%8D%89+%E5%B1%B1%E6%89%81%E8%B1%86+%E6%A4%8D%E7%89%A9%E7%95%8C+%E6%B1%BA%E6%98%8E%E5%B1%AC+%E8%A0%B6%E8%B1%86+%E9%9B%99%E5%AD%90%E8%91%89%E6%A4%8D%E7%89%A9+&oid=2146360 HTTP/1.1" 200 3463
66.249.71.60 - - [15/Nov/2015:04:51:35 +0800] "GET /content/nav/relationSubject.jsp?relationWords=%E5%81%87%E5%90%AB%E7%BE%9E%E8%8D%89%20%E5%B1%B1%E6%89%81%E8%B1%86%20%E6%A4%8D%E7%89%A9%E7%95%8C%20%E6%B1%BA%E6%98%8E%E5%B1%AC%20%E8%A0%B6%E8%B1%86%20%E9%9B%99%E5%AD%90%E8%91%89%E6%A4%8D%E7%89%A9%20&oid=2146360 HTTP/1.1" 200 3463
66.249.71.164 - - [15/Nov/2015:04:51:38 +0800] "GET /content/nav/relationSubject.jsp?relationWords=%E4%BD%8E%E5%88%A9+%E4%BF%9D%E7%95%99%E5%9C%B0+%E5%9C%8B%E6%9C%89%E6%9E%97+%E6%B0%B4%E5%9C%9F%E4%BF%9D%E6%8C%81+%E7%95%9C%E7%89%A7+%E7%B3%A7%E9%A3%9F%E5%A2%9E%E7%94%A2+%E7%B3%A7%E9%A3%9F%E5%B1%80+%E7%B6%93%E6%BF%9F%E9%83%A8+%E8%87%BA%E7%B3%96+%E8%94%97%E8%8B%97+%E8%BE%B2%E7%89%A7+%E8%BE%B2%E7%89%A7%E5%B1%80+%E8%BE%B2%E8%97%A5+%E9%80%A0%E6%9E%97+&oid=1559135 HTTP/1.1" 200 5657
66.249.71.155 - - [15/Nov/2015:04:51:40 +0800] "GET /content/nav/relationSubject.jsp?relationWords=%E4%BD%8E%E5%88%A9%20%E4%BF%9D%E7%95%99%E5%9C%B0%20%E5%9C%8B%E6%9C%89%E6%9E%97%20%E6%B0%B4%E5%9C%9F%E4%BF%9D%E6%8C%81%20%E7%95%9C%E7%89%A7%20%E7%B3%A7%E9%A3%9F%E5%A2%9E%E7%94%A2%20%E7%B3%A7%E9%A3%9F%E5%B1%80%20%E7%B6%93%E6%BF%9F%E9%83%A8%20%E8%87%BA%E7%B3%96%20%E8%94%97%E8%8B%97%20%E8%BE%B2%E7%89%A7%20%E8%BE%B2%E7%89%A7%E5%B1%80%20%E8%BE%B2%E8%97%A5%20%E9%80%A0%E6%9E%97%20&oid=1559135 HTTP/1.1" 200 5657
66.249.71.121 - - [15/Nov/2015:04:51:58 +0800] "GET /content/repository/resource_content.jsp?oid=2688146&queryType=qs&queryString=%E5%80%89%E5%BB%92 HTTP/1.1" 200 30527
68.5.231.134 - - [15/Nov/2015:04:52:40 +0800] "GET /content/nav/relationSubject.jsp?relationWords=%E7%83%8F%E5%BF%83%E7%9F%B3+%E9%B1%B8%E9%B0%BB+&oid=16777303 HTTP/1.1" 200 4004
66.249.71.5 - - [15/Nov/2015:04:52:41 +0800] "GET /digiarch3/content/subject/resource_content.jsp?oid=16777776&queryType=qs&queryString=%E7%81%8C%E5%9C%92 HTTP/1.1" 200 61433
68.5.231.134 - - [15/Nov/2015:04:53:31 +0800] "GET /content/subject/resource_content.jsp?oid=16777331&queryString=%E7%83%8F%E5%BF%83%E7%9F%B3%20%E9%B1%B8%E9%B0%BB HTTP/1.1" 200 31988
68.5.231.134 - - [15/Nov/2015:04:53:32 +0800] "GET /content/nav/relationSubject.jsp?relationWords=%E7%83%8F%E5%BF%83%E7%9F%B3+&oid=16777331 HTTP/1.1" 200 3897
66.249.71.60 - - [15/Nov/2015:04:54:07 +0800] "GET /content/repository/resource_content.jsp?oid=2581799 HTTP/1.1" 200 29030
66.249.74.100 - - [15/Nov/2015:04:54:25 +0800] "GET /content/repository/resource_content.jsp?oid=1850727 HTTP/1.1" 200 29565
66.249.71.72 - - [15/Nov/2015:04:54:25 +0800] "GET /content/nav/relationSubject.jsp?relationWords=%E7%9D%A3%E6%92%AB+%E9%81%95%E9%99%90+&oid=2548039 HTTP/1.1" 200 4043
66.249.71.60 - - [15/Nov/2015:04:54:27 +0800] "GET /content/nav/relationSubject.jsp?relationWords=%E7%9D%A3%E6%92%AB%20%E9%81%95%E9%99%90%20&oid=2548039 HTTP/1.1" 200 4043
76.167.67.218 - - [15/Nov/2015:04:54:30 +0800] "GET /content/nav/relationSubject.jsp?relationWords=%E5%B7%B4%E9%BB%8E%E5%92%8C%E6%9C%83+&oid=16777248 HTTP/1.1" 200 3536
66.249.71.113 - - [15/Nov/2015:04:54:45 +0800] "GET /content/nav/relationSubject.jsp?relationWords=%E5%85%89%E5%BE%A9%E9%84%89+%E5%AF%8C%E6%BA%90+%E6%9E%97%E6%B0%B8%E6%A8%91+%E7%9C%81%E6%94%BF%E5%BA%9C+%E8%87%A8%E6%99%82%E7%9C%81%E8%AD%B0%E6%9C%83+%E8%87%BA%E7%81%A3%E7%9C%81+%E8%BE%B2%E6%9D%91%E9%9B%BB%E5%8C%96+&oid=1527286 HTTP/1.1" 200 4787
66.249.71.105 - - [15/Nov/2015:04:54:47 +0800] "GET /content/nav/relationSubject.jsp?relationWords=%E5%85%89%E5%BE%A9%E9%84%89%20%E5%AF%8C%E6%BA%90%20%E6%9E%97%E6%B0%B8%E6%A8%91%20%E7%9C%81%E6%94%BF%E5%BA%9C%20%E8%87%A8%E6%99%82%E7%9C%81%E8%AD%B0%E6%9C%83%20%E8%87%BA%E7%81%A3%E7%9C%81%20%E8%BE%B2%E6%9D%91%E9%9B%BB%E5%8C%96%20&oid=1527286 HTTP/1.1" 200 4787
66.249.71.60 - - [15/Nov/2015:04:54:49 +0800] "GET /content/nav/relationSubject.jsp?relationWords=%E9%AA%A8%E7%AE%AD%E9%A0%AD+&oid=1853102 HTTP/1.1" 200 2990
66.249.74.74 - - [15/Nov/2015:04:54:52 +0800] "GET /digiarch3/content/pictures/picture_content.jsp?oid=33554774&classify=2562 HTTP/1.1" 200 27687
66.249.71.60 - - [15/Nov/2015:04:54:52 +0800] "GET /content/nav/relationSubject.jsp?relationWords=%E9%AA%A8%E7%AE%AD%E9%A0%AD%20&oid=1853102 HTTP/1.1" 200 2990
76.167.67.218 - - [15/Nov/2015:04:55:00 +0800] "GET /content/repository/resource_content.jsp?oid=717628&queryString=?P?????????? HTTP/1.1" 200 28860
76.167.67.218 - - [15/Nov/2015:04:55:00 +0800] "GET /content/nav/relationSubject.jsp?relationWords=%E4%BA%BA%E5%90%8D%E6%AC%8A%E5%A8%81+%E5%A4%96%E4%BA%A4%E9%83%A8+%E5%B7%B4%E9%BB%8E%E5%92%8C%E6%9C%83+&oid=717628 HTTP/1.1" 200 4608
66.249.71.72 - - [15/Nov/2015:04:55:32 +0800] "GET /content/repository/resource_content.jsp?oid=1459265 HTTP/1.1" 200 30880
66.249.71.5 - - [15/Nov/2015:04:56:16 +0800] "GET /digiarch3/content/repository/resource_content.jsp?oid=1104315&queryString=%E6%A4%8D%E7%89%A9%E7%95%8C%20%E6%AF%9B%E8%8C%9B%20%E6%AF%9B%E8%8C%9B%E7%A7%91%20%E7%83%8F%E9%A0%AD%E5%B1%AC%20%E8%94%93%E7%83%8F%E9%A0%AD HTTP/1.1" 200 31215
76.167.67.218 - - [15/Nov/2015:04:57:01 +0800] "GET /content/repository/resource_content.jsp?oid=717600&queryString=?P?????????? HTTP/1.1" 200 28985
76.167.67.218 - - [15/Nov/2015:04:57:02 +0800] "GET /content/nav/relationSubject.jsp?relationWords=%E4%BA%BA%E5%90%8D%E6%AC%8A%E5%A8%81+%E5%A4%96%E4%BA%A4%E9%83%A8+%E5%B7%B4%E9%BB%8E%E5%92%8C%E6%9C%83+%E8%8A%AE%E6%81%A9%E6%96%BD+&oid=717600 HTTP/1.1" 200 4668
66.249.77.97 - - [15/Nov/2015:04:57:41 +0800] "GET /content/subject/resource_content.jsp?oid=16777570&queryType=qs&queryString=%E5%9C%8B%E6%B0%91%E6%94%BF%E5%BA%9C HTTP/1.1" 200 40479
66.249.71.72 - - [15/Nov/2015:04:57:42 +0800] "GET /content/subject/resource_content.jsp?oid=16777517&queryType=qs&queryString=%E8%9A%B5%E4%BB%94%E7%85%8E HTTP/1.1" 200 51738
66.249.71.64 - - [15/Nov/2015:04:58:24 +0800] "GET /content/repository/resource_content.jsp?oid=207156 HTTP/1.1" 200 30452
66.249.71.60 - - [15/Nov/2015:04:59:07 +0800] "GET /content/repository/resource_content.jsp?oid=577960&queryString=%E6%9B%B9%E9%9B%B2%E7%A5%A5 HTTP/1.1" 200 28160
66.249.71.64 - - [15/Nov/2015:04:59:50 +0800] "GET /content/repository/resource_content.jsp?oid=2638890 HTTP/1.1" 200 30260
76.167.67.218 - - [15/Nov/2015:04:59:54 +0800] "GET /content/repository/resource_content.jsp?oid=719031&queryString=?P?????????? HTTP/1.1" 200 28985
76.167.67.218 - - [15/Nov/2015:04:59:55 +0800] "GET /content/nav/relationSubject.jsp?relationWords=%E4%BA%BA%E5%90%8D%E6%AC%8A%E5%A8%81+%E5%A4%96%E4%BA%A4%E9%83%A8+%E5%B7%B4%E9%BB%8E%E5%92%8C%E6%9C%83+%E8%8A%AE%E6%81%A9%E6%96%BD+&oid=719031 HTTP/1.1" 200 4668
66.249.71.64 - - [15/Nov/2015:05:00:06 +0800] "GET /content/nav/relationSubject.jsp?relationWords=%E5%8F%B0%E7%81%A3%E7%A7%8B%E6%B5%B7%E6%A3%A0+%E6%A4%8D%E7%89%A9%E7%95%8C+%E7%A7%8B%E6%B5%B7%E6%A3%A0%E5%B1%AC+%E7%A7%8B%E6%B5%B7%E6%A3%A0%E7%A7%91+%E8%8F%AB%E8%8F%9C+&oid=1107695 HTTP/1.1" 200 3519
76.167.67.218 - - [15/Nov/2015:05:00:20 +0800] "GET /content/repository/resource_content.jsp?oid=720275&queryString=?P?????????? HTTP/1.1" 200 28896
76.167.67.218 - - [15/Nov/2015:05:00:20 +0800] "GET /content/nav/relationSubject.jsp?relationWords=%E4%BA%BA%E5%90%8D%E6%AC%8A%E5%A8%81+%E5%B7%B4%E9%BB%8E%E5%92%8C%E6%9C%83+%E9%A1%8F%E6%83%A0%E6%85%B6+&oid=720275 HTTP/1.1" 200 3917
66.249.71.60 - - [15/Nov/2015:05:00:30 +0800] "GET /content/nav/relationSubject.jsp?relationWords=%E6%8B%93%E7%89%87+%E7%94%B2%E9%AA%A8%E6%96%87+&oid=3351664 HTTP/1.1" 200 4578
199.30.24.103 - - [15/Nov/2015:05:00:31 +0800] "GET /content/nav/relationSubject.jsp?relationWords=%E9%BB%83%E6%A7%90+&oid=16777364 HTTP/1.1" 200 2681
