66.249.71.60 - - [11/Aug/2015:02:17:48 +0800] "GET /content/nav/relationSubject.jsp?relationWords=%E4%B8%AD%E5%A3%A2+%E4%B8%AD%E5%A3%A2%E5%B8%82+%E7%B6%9C%E5%90%88%E9%AB%98%E4%B8%AD+&oid=1620280 HTTP/1.1" 200 4507
66.249.71.60 - - [11/Aug/2015:02:17:50 +0800] "GET /content/repository/resource_content.jsp?oid=1123795 HTTP/1.1" 200 32044
66.249.79.19 - - [11/Aug/2015:02:17:51 +0800] "GET /content/nav/relationSubject.jsp?relationWords=%E4%B8%AD%E5%A3%A2%20%E4%B8%AD%E5%A3%A2%E5%B8%82%20%E7%B6%9C%E5%90%88%E9%AB%98%E4%B8%AD%20&oid=1620280 HTTP/1.1" 200 4507
66.249.71.72 - - [11/Aug/2015:02:18:08 +0800] "GET /content/nav/relationSubject.jsp?relationWords=%E6%B5%B7%E6%89%87+%E6%B5%B7%E6%89%87%E8%9B%A4+%E6%B5%B7%E6%89%87%E8%9B%A4%E5%B1%AC+%E6%B5%B7%E6%89%87%E8%9B%A4%E7%A7%91+%E7%99%BD%E7%A2%9F%E6%B5%B7%E6%89%87%E8%9B%A4+%E8%9B%A4%E7%A7%91+%E9%9B%99%E6%AE%BC%E7%B6%B1+%E9%B6%AF%E8%9B%A4+%E9%B6%AF%E8%9B%A4%E7%9B%AE+&oid=1123795 HTTP/1.1" 200 3687
66.249.71.72 - - [11/Aug/2015:02:18:11 +0800] "GET /content/nav/relationSubject.jsp?relationWords=%E6%B5%B7%E6%89%87%20%E6%B5%B7%E6%89%87%E8%9B%A4%20%E6%B5%B7%E6%89%87%E8%9B%A4%E5%B1%AC%20%E6%B5%B7%E6%89%87%E8%9B%A4%E7%A7%91%20%E7%99%BD%E7%A2%9F%E6%B5%B7%E6%89%87%E8%9B%A4%20%E8%9B%A4%E7%A7%91%20%E9%9B%99%E6%AE%BC%E7%B6%B1%20%E9%B6%AF%E8%9B%A4%20%E9%B6%AF%E8%9B%A4%E7%9B%AE%20&oid=1123795 HTTP/1.1" 200 3687
66.249.71.72 - - [11/Aug/2015:02:19:13 +0800] "GET /content/subject/resource_content.jsp?oid=16777737 HTTP/1.1" 200 32091
66.249.71.72 - - [11/Aug/2015:02:19:54 +0800] "GET /content/subject/resource_content.jsp?oid=16797335&queryType=qc HTTP/1.1" 200 60643
66.249.71.64 - - [11/Aug/2015:02:20:15 +0800] "GET /content/repository/resource_content.jsp?oid=1105285 HTTP/1.1" 200 30654
66.249.71.64 - - [11/Aug/2015:02:20:35 +0800] "GET /digiarch_en/content/repository/resource_content.jsp?oid=2150316&queryString=%E7%83%8F%E5%BF%83%E7%9F%B3%20%E9%B1%B8%E9%B0%BB HTTP/1.1" 200 23622
66.249.71.60 - - [11/Aug/2015:02:21:38 +0800] "GET /content/repository/resource_content.jsp?oid=1112444 HTTP/1.1" 200 31367
66.249.71.60 - - [11/Aug/2015:02:21:58 +0800] "GET /content/repository/resource_content.jsp?oid=1516770 HTTP/1.1" 200 28562
113.210.8.140 - - [11/Aug/2015:02:22:08 +0800] "GET /content/nav/relationSubject.jsp?relationWords=%E7%99%BD%E5%8D%83%E5%B1%A4+&oid=16777287 HTTP/1.1" 200 3852
66.249.71.60 - - [11/Aug/2015:02:22:19 +0800] "GET /content/tmp_exh/resource_content.jsp?oid=16777760&queryType=qc HTTP/1.1" 200 35810
66.249.71.3 - - [11/Aug/2015:02:22:27 +0800] "GET /content/nav/relationSubject.jsp?relationWords=%E8%A5%BF%E8%9E%BA+%E8%A5%BF%E8%9E%BA%E5%A4%A7%E6%A9%8B+&oid=16777581 HTTP/1.1" 200 4454
66.249.71.119 - - [11/Aug/2015:02:22:30 +0800] "GET /content/nav/relationSubject.jsp?relationWords=%E8%A5%BF%E8%9E%BA%20%E8%A5%BF%E8%9E%BA%E5%A4%A7%E6%A9%8B%20&oid=16777581 HTTP/1.1" 200 4454
66.249.71.105 - - [11/Aug/2015:02:22:40 +0800] "GET /content/repository/resource_content.jsp?oid=14669&queryType=qs&queryString=%E9%B6%B4%E9%B1%B5 HTTP/1.1" 200 35739
66.249.71.60 - - [11/Aug/2015:02:23:00 +0800] "GET /digiarch_en/content/repository/resource_content.jsp?oid=3205037&queryString=%E4%B8%AD%E5%BA%B8%20%E5%82%85%E6%96%AF%E5%B9%B4%E5%9C%96%E6%9B%B8%E9%A4%A8%20%E6%9B%B2%E8%AD%9C%20%E9%BB%83%E5%B8%9D%E5%85%A7%E7%B6%93%E7%B4%A0%E5%95%8F HTTP/1.1" 200 24039
66.249.71.119 - - [11/Aug/2015:02:23:21 +0800] "GET /content/repository/resource_content.jsp?oid=4362814&queryString=%E9%9F%8B%E9%A6%B1 HTTP/1.1" 200 27736
66.249.71.64 - - [11/Aug/2015:02:24:03 +0800] "GET /content/repository/resource_content.jsp?oid=1114931 HTTP/1.1" 200 31048
157.55.39.189 - - [11/Aug/2015:02:24:19 +0800] "GET /content/repository/resource_content.jsp?oid=1553786 HTTP/1.1" 200 30557
68.180.228.24 - - [11/Aug/2015:02:24:33 +0800] "GET /digiarch_en/content/subject/resource_content.jsp?oid=16777264&queryType=qc HTTP/1.1" 200 34249
207.46.13.63 - - [11/Aug/2015:02:24:40 +0800] "GET /content/pictures/picture_content.jsp?oid=33554739 HTTP/1.1" 200 27697
66.249.79.19 - - [11/Aug/2015:02:24:47 +0800] "GET /content/nav/relationSubject.jsp?relationWords=%E5%B1%85%E5%BB%B6%E6%BC%A2%E7%B0%A1+%E6%BC%A2%E7%B0%A1+&oid=281645 HTTP/1.1" 200 3898
66.249.71.60 - - [11/Aug/2015:02:24:51 +0800] "GET /content/nav/relationSubject.jsp?relationWords=%E5%B1%85%E5%BB%B6%E6%BC%A2%E7%B0%A1%20%E6%BC%A2%E7%B0%A1%20&oid=281645 HTTP/1.1" 200 3898
66.249.71.45 - - [11/Aug/2015:02:25:14 +0800] "GET /content/subject/resource_content.jsp?oid=16777549&queryType=qc HTTP/1.1" 200 38041
66.249.71.60 - - [11/Aug/2015:02:25:26 +0800] "GET /content/pictures/picture_content.jsp?oid=33554746 HTTP/1.1" 200 27700
123.125.71.39 - - [11/Aug/2015:02:26:00 +0800] "GET /content/subject/resource_content.jsp?oid=16777355&queryType=qc HTTP/1.1" 200 28627
66.249.71.72 - - [11/Aug/2015:02:26:07 +0800] "GET /content/subject/resource_content.jsp?oid=16797242&queryType=qc HTTP/1.1" 200 46766
66.249.71.60 - - [11/Aug/2015:02:26:30 +0800] "GET /content/repository/resource_content.jsp?oid=1109867 HTTP/1.1" 200 31314
66.249.71.72 - - [11/Aug/2015:02:27:09 +0800] "GET /content/repository/resource_content.jsp?oid=2470672&queryString=%E6%95%B8%E4%BD%8D%E5%85%B8%E8%97%8F%20%E7%A0%94%E8%A8%8E%E6%9C%83 HTTP/1.1" 200 30897
66.249.71.72 - - [11/Aug/2015:02:27:51 +0800] "GET /content/nav/relationSubject.jsp?relationWords=%E6%B4%8B%E7%8E%89%E8%98%AD+&oid=16777351 HTTP/1.1" 200 3545
68.180.228.24 - - [11/Aug/2015:02:28:48 +0800] "GET /content/subject/resource_content.jsp?oid=16777272&queryType=qc HTTP/1.1" 200 45197
66.249.79.72 - - [11/Aug/2015:02:28:54 +0800] "GET /content/subject/resource_content.jsp?oid=16777519&queryType=qs&queryString=%E9%80%A0%E6%9E%97%E6%A8%B9%E7%A8%AE HTTP/1.1" 200 36010
66.249.71.72 - - [11/Aug/2015:02:29:34 +0800] "GET /content/repository/resource_content.jsp?oid=1108010 HTTP/1.1" 200 31000
66.249.71.72 - - [11/Aug/2015:02:30:16 +0800] "GET /content/pictures/picture_content.jsp?oid=33554788&queryType=qc HTTP/1.1" 200 27718
66.249.71.64 - - [11/Aug/2015:02:31:18 +0800] "GET /content/repository/resource_content.jsp?oid=17256 HTTP/1.1" 200 29628
66.249.71.60 - - [11/Aug/2015:02:31:32 +0800] "GET /content/nav/relationSubject.jsp?relationWords=&oid=17256 HTTP/1.1" 200 1405
66.249.79.45 - - [11/Aug/2015:02:32:41 +0800] "GET /content/repository/resource_content.jsp?oid=1562739 HTTP/1.1" 200 28564
66.249.71.60 - - [11/Aug/2015:02:32:51 +0800] "GET /content/nav/relationSubject.jsp?relationWords=%E4%BE%BF%E6%B0%91+%E9%9B%BB%E8%A9%B1+&oid=1562739 HTTP/1.1" 200 3140
66.249.71.60 - - [11/Aug/2015:02:32:52 +0800] "GET /content/nav/relationSubject.jsp?relationWords=%E4%BE%BF%E6%B0%91%20%E9%9B%BB%E8%A9%B1%20&oid=1562739 HTTP/1.1" 200 3140
66.249.79.19 - - [11/Aug/2015:02:33:02 +0800] "GET /content/repository/resource_content.jsp?oid=2516199 HTTP/1.1" 200 29683
66.249.71.64 - - [11/Aug/2015:02:33:21 +0800] "GET /content/nav/relationSubject.jsp?relationWords=%E4%B9%9D%E6%B1%9F+%E7%B8%BD%E5%85%B5%E5%AE%98+&oid=2516199 HTTP/1.1" 200 3173
66.249.71.60 - - [11/Aug/2015:02:33:23 +0800] "GET /content/repository/resource_content.jsp?oid=2673515 HTTP/1.1" 200 30024
66.249.71.60 - - [11/Aug/2015:02:33:24 +0800] "GET /content/nav/relationSubject.jsp?relationWords=%E4%B9%9D%E6%B1%9F%20%E7%B8%BD%E5%85%B5%E5%AE%98%20&oid=2516199 HTTP/1.1" 200 3173
66.249.71.64 - - [11/Aug/2015:02:33:33 +0800] "GET /content/nav/relationSubject.jsp?relationWords=&oid=2673515 HTTP/1.1" 200 1405
128.95.86.238 - - [11/Aug/2015:02:33:37 +0800] "GET /content/repository/resource_content.jsp?oid=4439080&queryType=qs&queryString=%E6%88%B0%E7%88%AD%E5%8F%B2 HTTP/1.1" 200 28360
128.95.86.238 - - [11/Aug/2015:02:33:44 +0800] "GET /content/nav/relationSubject.jsp?relationWords=%E6%88%B0%E7%88%AD%E5%8F%B2+&oid=4439080 HTTP/1.1" 200 3471
66.249.79.32 - - [11/Aug/2015:02:33:44 +0800] "GET /content/repository/resource_content.jsp?oid=2670371 HTTP/1.1" 200 30424
66.249.71.72 - - [11/Aug/2015:02:34:01 +0800] "GET /content/nav/relationSubject.jsp?relationWords=%E7%90%A6%E5%96%84+%E7%90%A6%E5%96%84%E5%A5%8F+&oid=2670371 HTTP/1.1" 200 3182
66.249.71.60 - - [11/Aug/2015:02:34:03 +0800] "GET /content/nav/relationSubject.jsp?relationWords=%E7%90%A6%E5%96%84%20%E7%90%A6%E5%96%84%E5%A5%8F%20&oid=2670371 HTTP/1.1" 200 3182
66.249.71.64 - - [11/Aug/2015:02:34:04 +0800] "GET /content/repository/resource_content.jsp?oid=1853917 HTTP/1.1" 200 29973
128.95.86.238 - - [11/Aug/2015:02:34:06 +0800] "GET /content/repository/resource_content.jsp?oid=4442781&queryString=%E6%88%B0%E7%88%AD%E5%8F%B2 HTTP/1.1" 200 29067
128.95.86.238 - - [11/Aug/2015:02:34:07 +0800] "GET /content/nav/relationSubject.jsp?relationWords=%E6%88%B0%E7%88%AD%E5%8F%B2+&oid=4442781 HTTP/1.1" 200 3228
66.249.71.64 - - [11/Aug/2015:02:34:22 +0800] "GET /content/nav/relationSubject.jsp?relationWords=%E9%AA%A8%E7%AE%AD%E9%A0%AD+&oid=1853917 HTTP/1.1" 200 2990
66.249.71.72 - - [11/Aug/2015:02:34:25 +0800] "GET /content/repository/resource_content.jsp?oid=2675745 HTTP/1.1" 200 29512
66.249.71.64 - - [11/Aug/2015:02:34:25 +0800] "GET /content/nav/relationSubject.jsp?relationWords=%E9%AA%A8%E7%AE%AD%E9%A0%AD%20&oid=1853917 HTTP/1.1" 200 2990
66.249.71.72 - - [11/Aug/2015:02:34:35 +0800] "GET /content/nav/relationSubject.jsp?relationWords=%E6%A0%A1%E5%B0%8D+&oid=2675745 HTTP/1.1" 200 3072
66.249.71.72 - - [11/Aug/2015:02:34:37 +0800] "GET /content/nav/relationSubject.jsp?relationWords=%E6%A0%A1%E5%B0%8D%20&oid=2675745 HTTP/1.1" 200 3072
66.249.71.64 - - [11/Aug/2015:02:35:06 +0800] "GET /content/repository/resource_content.jsp?oid=1630413 HTTP/1.1" 200 28477
66.249.71.60 - - [11/Aug/2015:02:35:11 +0800] "GET /content/nav/relationSubject.jsp?relationWords=&oid=1630413 HTTP/1.1" 200 1405
128.95.86.238 - - [11/Aug/2015:02:35:22 +0800] "GET /content/repository/resource_content.jsp?oid=4442813&queryString=%E6%88%B0%E7%88%AD%E5%8F%B2 HTTP/1.1" 200 29068
128.95.86.238 - - [11/Aug/2015:02:35:23 +0800] "GET /content/nav/relationSubject.jsp?relationWords=%E6%88%B0%E7%88%AD%E5%8F%B2+&oid=4442813 HTTP/1.1" 200 3228
66.249.71.60 - - [11/Aug/2015:02:35:27 +0800] "GET /content/repository/resource_content.jsp?oid=205487 HTTP/1.1" 200 30399
220.181.108.176 - - [11/Aug/2015:02:35:38 +0800] "GET /digiarch_en/content/subject/resource_content.jsp?oid=16777279&queryType=qc HTTP/1.1" 200 28076
66.249.71.72 - - [11/Aug/2015:02:35:39 +0800] "GET /content/nav/relationSubject.jsp?relationWords=%E4%B8%AD%E5%9C%8B%E5%A4%A7%E9%99%B8%E5%9C%B0%E5%9C%96+%E6%B1%9F%E5%9F%8E+%E9%80%A3%E6%B1%9F%E5%9F%8E+&oid=205487 HTTP/1.1" 200 3176
66.249.71.60 - - [11/Aug/2015:02:35:42 +0800] "GET /content/nav/relationSubject.jsp?relationWords=%E4%B8%AD%E5%9C%8B%E5%A4%A7%E9%99%B8%E5%9C%B0%E5%9C%96%20%E6%B1%9F%E5%9F%8E%20%E9%80%A3%E6%B1%9F%E5%9F%8E%20&oid=205487 HTTP/1.1" 200 3176
66.249.71.64 - - [11/Aug/2015:02:35:47 +0800] "GET /content/repository/resource_content.jsp?oid=1823295 HTTP/1.1" 200 28637
66.249.71.64 - - [11/Aug/2015:02:36:00 +0800] "GET /content/subject/resource_content.jsp?oid=16777745&queryType=qc HTTP/1.1" 200 35935
66.249.79.19 - - [11/Aug/2015:02:36:09 +0800] "GET /content/repository/resource_content.jsp?oid=1809179 HTTP/1.1" 200 28187
66.249.71.72 - - [11/Aug/2015:02:36:17 +0800] "GET /content/nav/relationSubject.jsp?relationWords=%E6%8B%93%E7%89%87+%E7%94%B2%E9%AA%A8+%E7%94%B2%E9%AA%A8%E6%96%87+&oid=1823295 HTTP/1.1" 200 4627
66.249.71.72 - - [11/Aug/2015:02:36:19 +0800] "GET /content/nav/relationSubject.jsp?relationWords=%E6%8B%93%E7%89%87%20%E7%94%B2%E9%AA%A8%20%E7%94%B2%E9%AA%A8%E6%96%87%20&oid=1823295 HTTP/1.1" 200 4627
66.249.71.60 - - [11/Aug/2015:02:36:25 +0800] "GET /content/nav/relationSubject.jsp?relationWords=%E6%8B%93%E7%89%87+%E7%94%B2%E9%AA%A8+%E7%94%B2%E9%AA%A8%E6%96%87+&oid=1809179 HTTP/1.1" 200 4627
66.249.71.64 - - [11/Aug/2015:02:36:28 +0800] "GET /content/nav/relationSubject.jsp?relationWords=%E6%8B%93%E7%89%87%20%E7%94%B2%E9%AA%A8%20%E7%94%B2%E9%AA%A8%E6%96%87%20&oid=1809179 HTTP/1.1" 200 4627
66.249.71.64 - - [11/Aug/2015:02:36:29 +0800] "GET /content/repository/resource_content.jsp?oid=2601362 HTTP/1.1" 200 29591
66.249.71.60 - - [11/Aug/2015:02:36:44 +0800] "GET /content/nav/relationSubject.jsp?relationWords=&oid=2601362 HTTP/1.1" 200 1405
66.249.71.64 - - [11/Aug/2015:02:36:50 +0800] "GET /content/repository/resource_content.jsp?oid=1823325 HTTP/1.1" 200 28731
66.249.71.72 - - [11/Aug/2015:02:37:03 +0800] "GET /content/nav/relationSubject.jsp?relationWords=%E6%8B%93%E7%89%87+%E7%94%B2%E9%AA%A8+%E7%94%B2%E9%AA%A8%E6%96%87+&oid=1823325 HTTP/1.1" 200 4627
66.249.71.72 - - [11/Aug/2015:02:37:04 +0800] "GET /content/nav/relationSubject.jsp?relationWords=%E6%8B%93%E7%89%87%20%E7%94%B2%E9%AA%A8%20%E7%94%B2%E9%AA%A8%E6%96%87%20&oid=1823325 HTTP/1.1" 200 4627
66.249.71.72 - - [11/Aug/2015:02:37:10 +0800] "GET /content/repository/resource_content.jsp?oid=16337&queryString=%E6%89%81%E8%8A%B1%E9%B0%B9%20%E9%AF%96%E7%A7%91 HTTP/1.1" 200 35082
66.249.79.32 - - [11/Aug/2015:02:37:32 +0800] "GET /content/repository/resource_content.jsp?oid=184023 HTTP/1.1" 200 30213
66.249.71.72 - - [11/Aug/2015:02:37:41 +0800] "GET /content/nav/relationSubject.jsp?relationWords=%E4%B8%89%E6%9F%AF%E6%A8%B9+%E9%99%B8%E6%B8%AC%E5%9C%96+&oid=184023 HTTP/1.1" 200 3129
66.249.71.60 - - [11/Aug/2015:02:37:42 +0800] "GET /content/nav/relationSubject.jsp?relationWords=%E4%B8%89%E6%9F%AF%E6%A8%B9%20%E9%99%B8%E6%B8%AC%E5%9C%96%20&oid=184023 HTTP/1.1" 200 3129
66.249.71.60 - - [11/Aug/2015:02:37:52 +0800] "GET /content/repository/resource_content.jsp?oid=1818877 HTTP/1.1" 200 28328
66.249.71.64 - - [11/Aug/2015:02:38:01 +0800] "GET /content/nav/relationSubject.jsp?relationWords=&oid=1818877 HTTP/1.1" 200 1405
66.249.71.60 - - [11/Aug/2015:02:38:13 +0800] "GET /content/repository/resource_content.jsp?oid=196103 HTTP/1.1" 200 29739
66.249.71.64 - - [11/Aug/2015:02:38:24 +0800] "GET /content/nav/relationSubject.jsp?relationWords=%E5%96%AE%E8%89%B2+%E6%9D%B1%E5%8C%97%E5%9C%B0%E5%8D%80+&oid=196103 HTTP/1.1" 200 3257
66.249.71.72 - - [11/Aug/2015:02:38:26 +0800] "GET /content/nav/relationSubject.jsp?relationWords=%E5%96%AE%E8%89%B2%20%E6%9D%B1%E5%8C%97%E5%9C%B0%E5%8D%80%20&oid=196103 HTTP/1.1" 200 3257
66.249.71.72 - - [11/Aug/2015:02:38:33 +0800] "GET /content/repository/resource_content.jsp?oid=1586805 HTTP/1.1" 200 28774
66.249.71.60 - - [11/Aug/2015:02:38:52 +0800] "GET /content/nav/relationSubject.jsp?relationWords=%E5%8A%8D%E6%BD%AD+%E5%BA%9C%E5%BB%BA%E6%B0%B4+%E6%B0%B4%E5%AD%97+%E6%B8%B8%E8%88%88+&oid=1586805 HTTP/1.1" 200 3462
66.249.71.64 - - [11/Aug/2015:02:38:54 +0800] "GET /content/repository/resource_content.jsp?oid=1621172 HTTP/1.1" 200 28749
66.249.71.72 - - [11/Aug/2015:02:38:55 +0800] "GET /content/nav/relationSubject.jsp?relationWords=%E5%8A%8D%E6%BD%AD%20%E5%BA%9C%E5%BB%BA%E6%B0%B4%20%E6%B0%B4%E5%AD%97%20%E6%B8%B8%E8%88%88%20&oid=1586805 HTTP/1.1" 200 3462
66.249.71.64 - - [11/Aug/2015:02:39:05 +0800] "GET /content/nav/relationSubject.jsp?relationWords=%E5%B1%B1%E5%9C%B0%E6%94%BF%E7%AD%96+%E5%B1%B1%E8%83%9E+&oid=1621172 HTTP/1.1" 200 3764
66.249.71.60 - - [11/Aug/2015:02:39:07 +0800] "GET /content/nav/relationSubject.jsp?relationWords=%E5%B1%B1%E5%9C%B0%E6%94%BF%E7%AD%96%20%E5%B1%B1%E8%83%9E%20&oid=1621172 HTTP/1.1" 200 3764
66.249.71.60 - - [11/Aug/2015:02:39:15 +0800] "GET /content/repository/resource_content.jsp?oid=1612952 HTTP/1.1" 200 28506
66.249.71.60 - - [11/Aug/2015:02:39:18 +0800] "GET /content/nav/relationSubject.jsp?relationWords=%E4%BA%AC%E5%B1%B1+%E6%9E%97%E5%90%8C+%E6%A3%B2%E9%96%91%E5%AF%BA+%E7%8E%84%E5%AE%97+%E9%80%A0%E5%83%8F%E8%A8%98+%E9%82%91%E7%BE%A9+&oid=1811893 HTTP/1.1" 200 3354
66.249.71.72 - - [11/Aug/2015:02:39:21 +0800] "GET /content/nav/relationSubject.jsp?relationWords=%E4%BA%AC%E5%B1%B1%20%E6%9E%97%E5%90%8C%20%E6%A3%B2%E9%96%91%E5%AF%BA%20%E7%8E%84%E5%AE%97%20%E9%80%A0%E5%83%8F%E8%A8%98%20%E9%82%91%E7%BE%A9%20&oid=1811893 HTTP/1.1" 200 3354
207.46.13.137 - - [11/Aug/2015:02:39:25 +0800] "GET /content/subject/resource_content.jsp?oid=16777743&queryType=qc HTTP/1.1" 200 32569
66.249.71.64 - - [11/Aug/2015:02:39:26 +0800] "GET /content/nav/relationSubject.jsp?relationWords=%E4%BA%94%E8%82%A1%E9%84%89+&oid=1612952 HTTP/1.1" 200 3488
66.249.71.64 - - [11/Aug/2015:02:39:28 +0800] "GET /content/nav/relationSubject.jsp?relationWords=%E4%BA%94%E8%82%A1%E9%84%89%20&oid=1612952 HTTP/1.1" 200 3488
66.249.71.127 - - [11/Aug/2015:02:39:36 +0800] "GET /content/repository/resource_content.jsp?oid=2674390&queryType=qs&queryString=%E6%A1%82%E5%B9%B3 HTTP/1.1" 200 29816
66.249.71.3 - - [11/Aug/2015:02:39:38 +0800] "GET /content/nav/relationSubject.jsp?relationWords=%E5%88%91%E9%83%A8+&oid=2674390 HTTP/1.1" 200 3095
66.249.71.3 - - [11/Aug/2015:02:39:39 +0800] "GET /content/nav/relationSubject.jsp?relationWords=%E5%88%91%E9%83%A8%20&oid=2674390 HTTP/1.1" 200 3095
66.249.79.72 - - [11/Aug/2015:02:39:57 +0800] "GET /content/repository/resource_content.jsp?oid=2636138&queryType=qs&queryString=%E6%B6%87%E5%B7%9E HTTP/1.1" 200 30059
128.95.86.238 - - [11/Aug/2015:02:40:04 +0800] "OPTIONS /digiarch3/content/nav/relationSubject.jsp?relationWords=%E6%88%B0%E7%88%AD%E5%8F%B2+&oid=4439080 HTTP/1.1" 200 3471
66.249.79.46 - - [11/Aug/2015:02:40:18 +0800] "GET /content/repository/resource_content.jsp?oid=2512504&queryType=qs&queryString=%E9%AB%98%E7%99%BB HTTP/1.1" 200 30200
66.249.79.72 - - [11/Aug/2015:02:40:22 +0800] "GET /content/nav/relationSubject.jsp?relationWords=%E6%B9%96%E5%BB%A3+%E6%B9%96%E5%BB%A3%E7%B8%BD%E7%9D%A3+%E7%BC%BA%E4%BA%8B+&oid=2512504 HTTP/1.1" 200 3184
66.249.71.119 - - [11/Aug/2015:02:40:24 +0800] "GET /content/nav/relationSubject.jsp?relationWords=%E6%B9%96%E5%BB%A3%20%E6%B9%96%E5%BB%A3%E7%B8%BD%E7%9D%A3%20%E7%BC%BA%E4%BA%8B%20&oid=2512504 HTTP/1.1" 200 3184
66.249.71.54 - - [11/Aug/2015:02:40:26 +0800] "GET /content/tmp_exh/resource_content.jsp?oid=16777763&queryString= HTTP/1.1" 200 31624
66.249.71.3 - - [11/Aug/2015:02:40:38 +0800] "GET /content/repository/resource_content.jsp?oid=2511162&queryType=qs&queryString=%E9%91%AA%E9%97%9C HTTP/1.1" 200 30028
68.180.228.24 - - [11/Aug/2015:02:40:40 +0800] "GET /content/repository/resource_content.jsp?oid=523290&queryType=qc HTTP/1.1" 200 37131
66.249.71.60 - - [11/Aug/2015:02:40:41 +0800] "GET /content/nav/relationSubject.jsp?relationWords=%E5%BA%AB%E6%94%B6%E6%A1%88+&oid=1620733 HTTP/1.1" 200 4661
66.249.71.64 - - [11/Aug/2015:02:40:43 +0800] "GET /content/nav/relationSubject.jsp?relationWords=%E5%BA%AB%E6%94%B6%E6%A1%88%20&oid=1620733 HTTP/1.1" 200 4661
66.249.71.3 - - [11/Aug/2015:02:40:44 +0800] "GET /content/nav/relationSubject.jsp?relationWords=%E5%90%8C%E7%9F%A5+%E7%A8%85%E5%8B%99+&oid=2511162 HTTP/1.1" 200 4040
66.249.71.119 - - [11/Aug/2015:02:40:45 +0800] "GET /content/nav/relationSubject.jsp?relationWords=%E5%90%8C%E7%9F%A5%20%E7%A8%85%E5%8B%99%20&oid=2511162 HTTP/1.1" 200 4040
66.249.71.23 - - [11/Aug/2015:02:40:58 +0800] "GET /digiarch3/content/subject/resource_content.jsp?oid=16777396&queryString=%E9%9D%92%E5%89%9B%E6%AB%9F HTTP/1.1" 200 34715
66.249.71.127 - - [11/Aug/2015:02:41:19 +0800] "GET /content/repository/resource_content.jsp?oid=1862379&queryType=qs&queryString=%E4%B8%AD%E8%84%8A HTTP/1.1" 200 30336
66.249.71.3 - - [11/Aug/2015:02:41:22 +0800] "GET /content/nav/relationSubject.jsp?relationWords=%E9%8A%85%E6%88%88+&oid=1862379 HTTP/1.1" 200 2963
66.249.71.3 - - [11/Aug/2015:02:41:24 +0800] "GET /content/nav/relationSubject.jsp?relationWords=%E9%8A%85%E6%88%88%20&oid=1862379 HTTP/1.1" 200 2963
66.249.79.59 - - [11/Aug/2015:02:41:40 +0800] "GET /content/subject/resource_content.jsp?oid=16777499&queryType=qs&queryString=%E9%9D%9E%E7%87%9F%E5%88%A9%E7%B5%84%E7%B9%94 HTTP/1.1" 200 44444
66.249.79.45 - - [11/Aug/2015:02:42:01 +0800] "GET /content/subject/resource_content.jsp?oid=16777540&queryType=qs&queryString=%E9%99%B3%E9%83%81%E7%A7%80 HTTP/1.1" 200 31580
66.249.71.127 - - [11/Aug/2015:02:42:22 +0800] "GET /content/nav/relationSubject.jsp?relationWords=&oid=16777499 HTTP/1.1" 200 1405
66.249.71.64 - - [11/Aug/2015:02:42:30 +0800] "GET /content/nav/relationSubject.jsp?relationWords=%E5%8D%9A%E8%A6%BD%E6%9C%83%20%E5%8F%B0%E7%81%A3%E5%9C%8B%20%E6%95%B8%E4%BD%8D%E5%85%B8%E8%97%8F%20%E6%96%87%E5%8C%96%E5%89%B5%E6%84%8F%20%E6%96%87%E5%8C%96%E5%89%B5%E6%84%8F%E7%94%A2%E6%A5%AD%20&oid=16777540 HTTP/1.1" 200 8180
66.249.71.72 - - [11/Aug/2015:02:42:42 +0800] "GET /content/repository/resource_content.jsp?oid=2520416 HTTP/1.1" 200 30304
66.249.71.72 - - [11/Aug/2015:02:43:02 +0800] "GET /content/nav/relationSubject.jsp?relationWords=%E5%AE%88%E5%82%99%E4%BA%8B+&oid=2520416 HTTP/1.1" 200 3090
66.249.71.64 - - [11/Aug/2015:02:43:03 +0800] "GET /content/repository/resource_content.jsp?oid=3125025 HTTP/1.1" 200 29341
66.249.71.60 - - [11/Aug/2015:02:43:04 +0800] "GET /content/nav/relationSubject.jsp?relationWords=%E5%AE%88%E5%82%99%E4%BA%8B%20&oid=2520416 HTTP/1.1" 200 3090
157.55.39.189 - - [11/Aug/2015:02:43:07 +0800] "GET /content/subject/resource_content.jsp?oid=16777840&queryType=qc> HTTP/1.1" 200 40649
66.249.71.60 - - [11/Aug/2015:02:43:14 +0800] "GET /content/nav/relationSubject.jsp?relationWords=%E5%85%A9%E6%B5%99+&oid=3125025 HTTP/1.1" 200 3090
66.249.79.19 - - [11/Aug/2015:02:43:17 +0800] "GET /content/nav/relationSubject.jsp?relationWords=%E5%85%A9%E6%B5%99%20&oid=3125025 HTTP/1.1" 200 3090
66.249.79.32 - - [11/Aug/2015:02:43:24 +0800] "GET /content/repository/resource_content.jsp?oid=2664490 HTTP/1.1" 200 29868
66.249.71.60 - - [11/Aug/2015:02:43:40 +0800] "GET /content/nav/relationSubject.jsp?relationWords=%E5%A4%AA%E5%B8%B8%E5%AF%BA+%E8%88%92%E8%8B%B1+%E8%8B%B1%E4%BB%A3+&oid=2664490 HTTP/1.1" 200 3136
66.249.71.72 - - [11/Aug/2015:02:43:42 +0800] "GET /content/nav/relationSubject.jsp?relationWords=%E5%A4%AA%E5%B8%B8%E5%AF%BA%20%E8%88%92%E8%8B%B1%20%E8%8B%B1%E4%BB%A3%20&oid=2664490 HTTP/1.1" 200 3136
66.249.71.119 - - [11/Aug/2015:02:43:44 +0800] "GET /content/repository/resource_content.jsp?oid=15397&queryString=%E7%95%B0%E9%BB%91%E9%AF%9B%20%E9%BB%91%E9%AF%9B%20%E9%BD%92%E9%AF%9B%20%E9%BE%8D%E5%8D%A0 HTTP/1.1" 200 35103
66.249.71.3 - - [11/Aug/2015:02:43:54 +0800] "GET /content/nav/relationSubject.jsp?relationWords=%E6%A3%98%E9%BE%8D+%E8%A3%B8%E9%A0%B0%E9%AF%9B+%E9%A0%B0%E9%AF%9B+%E9%BE%8D%E5%8D%A0+%E9%BE%8D%E5%B0%96+&oid=15397 HTTP/1.1" 200 3455
66.249.71.3 - - [11/Aug/2015:02:43:56 +0800] "GET /content/nav/relationSubject.jsp?relationWords=%E6%A3%98%E9%BE%8D%20%E8%A3%B8%E9%A0%B0%E9%AF%9B%20%E9%A0%B0%E9%AF%9B%20%E9%BE%8D%E5%8D%A0%20%E9%BE%8D%E5%B0%96%20&oid=15397 HTTP/1.1" 200 3455
207.46.13.63 - - [11/Aug/2015:02:44:05 +0800] "GET /content/nav/relationSubject.jsp?relationWords=&oid=16777459 HTTP/1.1" 200 1405
68.180.228.24 - - [11/Aug/2015:02:44:43 +0800] "GET /content/pictures/picture_content.jsp?oid=33554796 HTTP/1.1" 200 27306
66.249.71.64 - - [11/Aug/2015:02:44:48 +0800] "GET /content/pictures/picture_content.jsp?oid=33554749 HTTP/1.1" 200 27589
207.46.13.137 - - [11/Aug/2015:02:45:16 +0800] "GET /content/subject/resource_content.jsp?oid=16777779&queryType=qc HTTP/1.1" 200 37714
66.249.71.36 - - [11/Aug/2015:02:46:09 +0800] "GET /content/repository/resource_content.jsp?oid=4362901&queryString=%E5%85%AB%E5%AE%B6%E5%B0%87 HTTP/1.1" 200 28240
66.249.71.60 - - [11/Aug/2015:02:46:30 +0800] "GET /content/repository/resource_content.jsp?oid=14427&queryString=%E5%8D%B0%E5%BA%A6%E6%A7%8D%E9%AD%9A%20%E6%97%97%E9%AD%9A%20%E7%99%BD%E8%82%89%20%E7%AB%8B%E7%BF%85%E6%97%97%E9%AD%9A HTTP/1.1" 200 35338
207.46.13.137 - - [11/Aug/2015:02:46:51 +0800] "GET /content/nav/relationSubject.jsp?relationWords=&oid=16777459 HTTP/1.1" 200 1405
66.249.71.119 - - [11/Aug/2015:02:47:03 +0800] "GET /content/nav/relationSubject.jsp?relationWords=%E5%90%8F%E9%83%A8+%E5%BC%B5%E8%90%AC+%E9%8C%A2%E7%B3%A7+&oid=2636138 HTTP/1.1" 200 5377
66.249.71.3 - - [11/Aug/2015:02:47:07 +0800] "GET /content/nav/relationSubject.jsp?relationWords=%E5%90%8F%E9%83%A8%20%E5%BC%B5%E8%90%AC%20%E9%8C%A2%E7%B3%A7%20&oid=2636138 HTTP/1.1" 200 5377
66.249.71.23 - - [11/Aug/2015:02:47:53 +0800] "GET /digiarch3/content/repository/resource_content.jsp?oid=16410&queryString=%E4%BA%94%E7%9C%BC%E6%96%91%20%E5%8D%8A%E9%82%8A%E9%AD%9A%20%E6%89%81%E9%AD%9A%20%E6%AF%94%E7%9B%AE%E9%AD%9A%20%E7%9A%87%E5%B8%9D%E9%AD%9A HTTP/1.1" 200 35036
66.249.79.19 - - [11/Aug/2015:02:48:35 +0800] "GET /digiarch_en/content/repository/resource_content.jsp?oid=1887481&queryString=%E5%87%BA%E5%BC%B5%20%E7%A4%BE%E6%9C%83%E5%AD%B8 HTTP/1.1" 200 24499
66.249.71.72 - - [11/Aug/2015:02:48:55 +0800] "GET /digiarch_en/content/repository/resource_content.jsp?oid=1807775&queryString=%E6%8B%93%E7%89%87%20%E6%BC%A2%E4%BB%A3 HTTP/1.1" 200 23859
66.249.71.3 - - [11/Aug/2015:02:49:16 +0800] "GET /content/repository/resource_content.jsp?oid=4362315&queryString=%E5%B7%A1%E7%8B%A9%20%E7%8E%8B%E8%88%B9%20%E9%96%8B%E5%85%89 HTTP/1.1" 200 28030
66.249.71.64 - - [11/Aug/2015:02:49:58 +0800] "GET /content/subject/resource_content.jsp?oid=16777429 HTTP/1.1" 200 31100
66.249.71.45 - - [11/Aug/2015:02:51:00 +0800] "GET /content/repository/resource_content.jsp?oid=1536063&queryType=qs&queryString=%E7%B8%B1%E7%81%AB HTTP/1.1" 200 29659
66.249.71.54 - - [11/Aug/2015:02:51:09 +0800] "GET /content/nav/relationSubject.jsp?relationWords=%E7%99%82%E9%A4%8A%E9%99%A2+%E7%B2%BE%E7%A5%9E%E7%97%85+%E7%B2%BE%E7%A5%9E%E7%97%85%E6%82%A3+%E7%B8%B1%E7%81%AB+&oid=1536063 HTTP/1.1" 200 7453
66.249.79.106 - - [11/Aug/2015:02:51:12 +0800] "GET /content/nav/relationSubject.jsp?relationWords=%E7%99%82%E9%A4%8A%E9%99%A2%20%E7%B2%BE%E7%A5%9E%E7%97%85%20%E7%B2%BE%E7%A5%9E%E7%97%85%E6%82%A3%20%E7%B8%B1%E7%81%AB%20&oid=1536063 HTTP/1.1" 200 7453
66.249.79.19 - - [11/Aug/2015:02:52:03 +0800] "GET /content/subject/resource_content.jsp?oid=16797292&queryType=qc HTTP/1.1" 200 57225
66.249.71.60 - - [11/Aug/2015:02:52:22 +0800] "GET /content/subject/resource_content.jsp?oid=16777745&queryType=qc HTTP/1.1" 200 35935
66.249.71.60 - - [11/Aug/2015:02:52:43 +0800] "GET /content/subject/resource_content.jsp?oid=16797239&queryType=qc HTTP/1.1" 200 44010
66.249.71.60 - - [11/Aug/2015:02:53:04 +0800] "GET /content/repository/resource_content.jsp?oid=15460&queryString=%E5%B8%95%E9%A0%AD%20%E5%BD%AD%E7%B4%8D%E7%9F%B3%E9%A6%96%E9%AD%9A%20%E7%99%BD%E5%A7%91%E9%AD%9A%20%E7%9F%B3%E9%A6%96%E9%AD%9A%E7%A7%91 HTTP/1.1" 200 37959
66.249.71.72 - - [11/Aug/2015:02:53:37 +0800] "GET /content/subject/resource_content.jsp?oid=16797234&queryType=qc HTTP/1.1" 200 46558
66.249.71.119 - - [11/Aug/2015:02:54:06 +0800] "GET /content/subject/resource_content.jsp?oid=16797295&queryType=qc HTTP/1.1" 200 66377
207.46.13.63 - - [11/Aug/2015:02:54:19 +0800] "GET /content/subject/resource_content.jsp?oid=16777470&queryType=qc HTTP/1.1" 200 29374
66.249.71.60 - - [11/Aug/2015:02:54:27 +0800] "GET /content/pictures/picture_content.jsp?oid=33554816 HTTP/1.1" 200 27839
66.249.71.72 - - [11/Aug/2015:02:55:08 +0800] "GET /digiarch_en/content/pictures/picture_content.jsp?oid=33554819&queryType=qc HTTP/1.1" 200 21997
66.249.79.59 - - [11/Aug/2015:02:55:51 +0800] "GET /content/subject/resource_content.jsp?oid=16797282&queryType=qc HTTP/1.1" 200 78849
66.249.79.32 - - [11/Aug/2015:02:56:11 +0800] "GET /content/subject/resource_content.jsp?oid=16777342&queryType=qc HTTP/1.1" 200 33223
66.249.71.45 - - [11/Aug/2015:02:56:22 +0800] "GET /content/nav/relationSubject.jsp?relationWords=%E6%AE%B7%E5%95%86+%E9%99%B6%E4%BF%91+&oid=16777549 HTTP/1.1" 200 3217
66.249.71.45 - - [11/Aug/2015:02:56:23 +0800] "GET /content/nav/relationSubject.jsp?relationWords=%E6%AE%B7%E5%95%86%20%E9%99%B6%E4%BF%91%20&oid=16777549 HTTP/1.1" 200 3217
66.249.71.64 - - [11/Aug/2015:02:56:52 +0800] "GET /content/repository/resource_content.jsp?oid=224233 HTTP/1.1" 200 30079
66.249.71.64 - - [11/Aug/2015:02:57:13 +0800] "GET /content/nav/relationSubject.jsp?relationWords=%E9%99%B8%E6%B8%AC%E5%9C%96+%E9%BB%83%E6%B2%99%E6%A9%8B+&oid=224233 HTTP/1.1" 200 3129
66.249.71.60 - - [11/Aug/2015:02:57:15 +0800] "GET /content/nav/relationSubject.jsp?relationWords=%E9%99%B8%E6%B8%AC%E5%9C%96%20%E9%BB%83%E6%B2%99%E6%A9%8B%20&oid=224233 HTTP/1.1" 200 3129
66.249.79.148 - - [11/Aug/2015:02:57:33 +0800] "GET /digiarch/content/repository/resource_content.jsp?oid=2651872 HTTP/1.1" 404 14873
68.180.228.24 - - [11/Aug/2015:02:57:48 +0800] "GET /content/repository/resource_content.jsp?oid=1124521&queryType=qc HTTP/1.1" 200 36105
66.249.71.72 - - [11/Aug/2015:02:57:54 +0800] "GET /content/repository/resource_content.jsp?oid=2653599 HTTP/1.1" 200 29624
66.249.71.64 - - [11/Aug/2015:02:58:15 +0800] "GET /content/repository/resource_content.jsp?oid=2687402 HTTP/1.1" 200 29692
66.249.71.60 - - [11/Aug/2015:02:58:28 +0800] "GET /content/nav/relationSubject.jsp?relationWords=&oid=2687402 HTTP/1.1" 200 1405
66.249.71.60 - - [11/Aug/2015:02:58:36 +0800] "GET /content/repository/resource_content.jsp?oid=2679373 HTTP/1.1" 200 29773
66.249.71.60 - - [11/Aug/2015:02:58:51 +0800] "GET /content/nav/relationSubject.jsp?relationWords=%E8%A2%81%E5%AE%88+%E8%A2%81%E5%AE%88%E4%BE%97+&oid=2679373 HTTP/1.1" 200 3145
66.249.71.64 - - [11/Aug/2015:02:58:53 +0800] "GET /content/nav/relationSubject.jsp?relationWords=%E8%A2%81%E5%AE%88%20%E8%A2%81%E5%AE%88%E4%BE%97%20&oid=2679373 HTTP/1.1" 200 3145
66.249.71.60 - - [11/Aug/2015:02:58:56 +0800] "GET /content/subject/resource_content.jsp?oid=16777332 HTTP/1.1" 200 32786
66.249.71.113 - - [11/Aug/2015:02:59:17 +0800] "GET /content/subject/resource_content.jsp?oid=16777376&queryType=qc HTTP/1.1" 200 35866
66.249.71.60 - - [11/Aug/2015:02:59:38 +0800] "GET /content/nav/relationSubject.jsp?relationWords=%E5%B7%A5%E9%83%A8+&oid=2653599 HTTP/1.1" 200 3068
66.249.71.60 - - [11/Aug/2015:02:59:40 +0800] "GET /content/nav/relationSubject.jsp?relationWords=%E5%B7%A5%E9%83%A8%20&oid=2653599 HTTP/1.1" 200 3068
66.249.71.113 - - [11/Aug/2015:02:59:49 +0800] "GET /content/nav/relationSubject.jsp?relationWords=%E6%AA%AC%E6%9E%9C+%E6%B5%B7%E6%AA%AC%E6%9E%9C+&oid=16777376 HTTP/1.1" 200 4458
66.249.71.105 - - [11/Aug/2015:02:59:51 +0800] "GET /content/nav/relationSubject.jsp?relationWords=%E6%AA%AC%E6%9E%9C%20%E6%B5%B7%E6%AA%AC%E6%9E%9C%20&oid=16777376 HTTP/1.1" 200 4458
66.249.71.64 - - [11/Aug/2015:02:59:58 +0800] "GET /content/repository/resource_content.jsp?oid=1874199 HTTP/1.1" 200 28401
207.46.13.63 - - [11/Aug/2015:03:00:10 +0800] "GET /content/nav/relationSubject.jsp?relationWords=%E6%9C%A8%E7%8A%80+%E6%A1%82%E8%8A%B1+&oid=16777255 HTTP/1.1" 200 4029
66.249.71.64 - - [11/Aug/2015:03:00:18 +0800] "GET /digiarch_en/content/exhibit/exhibit.jsp?oid=16777672 HTTP/1.1" 200 20346
66.249.71.60 - - [11/Aug/2015:03:00:33 +0800] "GET /digiarch_en/content/exhibit/exhibit_content.jsp?oid=16777672 HTTP/1.1" 200 15968
66.249.79.32 - - [11/Aug/2015:03:00:41 +0800] "GET /content/repository/resource_content.jsp?oid=1594094 HTTP/1.1" 200 28531
66.249.71.60 - - [11/Aug/2015:03:00:44 +0800] "GET /content/nav/relationSubject.jsp?relationWords=%E5%8D%9C%E8%BE%AD+%E5%8D%9C%E8%BE%AD%E6%AE%98%E7%89%87+%E6%AE%98%E7%89%87+%E9%BE%9C%E7%94%B2+%E9%BE%9C%E7%94%B2%E5%8D%9C%E8%BE%AD+%E9%BE%9C%E7%94%B2%E5%8D%9C%E8%BE%AD%E6%AE%98%E7%89%87+&oid=1874199 HTTP/1.1" 200 3389
66.249.71.72 - - [11/Aug/2015:03:00:46 +0800] "GET /content/nav/relationSubject.jsp?relationWords=%E5%8D%9C%E8%BE%AD%20%E5%8D%9C%E8%BE%AD%E6%AE%98%E7%89%87%20%E6%AE%98%E7%89%87%20%E9%BE%9C%E7%94%B2%20%E9%BE%9C%E7%94%B2%E5%8D%9C%E8%BE%AD%20%E9%BE%9C%E7%94%B2%E5%8D%9C%E8%BE%AD%E6%AE%98%E7%89%87%20&oid=1874199 HTTP/1.1" 200 3389
66.249.79.19 - - [11/Aug/2015:03:01:01 +0800] "GET /content/repository/resource_content.jsp?oid=1871077 HTTP/1.1" 200 29385
66.249.71.60 - - [11/Aug/2015:03:01:05 +0800] "GET /content/nav/relationSubject.jsp?relationWords=%E6%98%A5%E7%AF%80+%E8%87%BA%E6%B1%BD+%E9%AB%98%E9%80%9F%E5%85%AC%E8%B7%AF+&oid=1594094 HTTP/1.1" 200 4195
66.249.71.64 - - [11/Aug/2015:03:01:07 +0800] "GET /content/nav/relationSubject.jsp?relationWords=%E6%98%A5%E7%AF%80%20%E8%87%BA%E6%B1%BD%20%E9%AB%98%E9%80%9F%E5%85%AC%E8%B7%AF%20&oid=1594094 HTTP/1.1" 200 4195
66.249.71.64 - - [11/Aug/2015:03:01:21 +0800] "GET /content/repository/resource_content.jsp?oid=830254 HTTP/1.1" 200 28031
66.249.71.72 - - [11/Aug/2015:03:01:24 +0800] "GET /content/nav/relationSubject.jsp?relationWords=%E7%99%BD%E9%99%B6+%E7%B9%A9%E7%B4%8B+%E7%B9%A9%E7%B4%8B%E7%99%BD%E9%99%B6+&oid=1871077 HTTP/1.1" 200 3171
66.249.71.72 - - [11/Aug/2015:03:01:28 +0800] "GET /content/nav/relationSubject.jsp?relationWords=%E7%99%BD%E9%99%B6%20%E7%B9%A9%E7%B4%8B%20%E7%B9%A9%E7%B4%8B%E7%99%BD%E9%99%B6%20&oid=1871077 HTTP/1.1" 200 3171
66.249.71.72 - - [11/Aug/2015:03:01:42 +0800] "GET /content/repository/resource_content.jsp?oid=2677479 HTTP/1.1" 200 28928
66.249.71.72 - - [11/Aug/2015:03:01:46 +0800] "GET /content/nav/relationSubject.jsp?relationWords=%E6%9D%B1%E7%9D%A3+%E9%B4%A8%E7%B6%A0%E6%B1%9F+&oid=830254 HTTP/1.1" 200 3177
66.249.79.19 - - [11/Aug/2015:03:01:47 +0800] "GET /content/nav/relationSubject.jsp?relationWords=%E6%9D%B1%E7%9D%A3%20%E9%B4%A8%E7%B6%A0%E6%B1%9F%20&oid=830254 HTTP/1.1" 200 3177
66.249.71.64 - - [11/Aug/2015:03:01:55 +0800] "GET /content/nav/relationSubject.jsp?relationWords=&oid=2677479 HTTP/1.1" 200 1405
66.249.71.60 - - [11/Aug/2015:03:02:03 +0800] "GET /content/repository/resource_content.jsp?oid=281526 HTTP/1.1" 200 29543
66.249.71.64 - - [11/Aug/2015:03:02:24 +0800] "GET /content/repository/resource_content.jsp?oid=1861703 HTTP/1.1" 200 29156
66.249.71.64 - - [11/Aug/2015:03:02:25 +0800] "GET /content/nav/relationSubject.jsp?relationWords=%E5%B1%85%E5%BB%B6%E6%BC%A2%E7%B0%A1+%E6%BC%A2%E7%B0%A1+&oid=281526 HTTP/1.1" 200 3898
66.249.71.119 - - [11/Aug/2015:03:02:27 +0800] "GET /content/subject/resource_content.jsp?oid=16777780&queryString=%E6%93%AC%E9%B1%B8%20%E6%B2%99%E9%B1%B8%20%E6%B5%B7%E7%8B%97%E7%94%98%E4%BB%94%20%E8%88%89%E7%9B%AE%E9%AD%9A%20%E8%8A%B1%E7%8B%97%E6%AF%8D%E6%B5%B7%20%E9%9B%A8%E5%82%98%E9%96%82%20%E9%BB%83%E6%93%AC%E9%B1%B8 HTTP/1.1" 200 34319
66.249.71.64 - - [11/Aug/2015:03:02:27 +0800] "GET /content/nav/relationSubject.jsp?relationWords=%E5%B1%85%E5%BB%B6%E6%BC%A2%E7%B0%A1%20%E6%BC%A2%E7%B0%A1%20&oid=281526 HTTP/1.1" 200 3898
66.249.71.60 - - [11/Aug/2015:03:02:38 +0800] "GET /content/nav/relationSubject.jsp?relationWords=%E9%AA%A8%E7%AE%AD%E9%A0%AD+&oid=1861703 HTTP/1.1" 200 2990
66.249.71.64 - - [11/Aug/2015:03:02:40 +0800] "GET /content/nav/relationSubject.jsp?relationWords=%E9%AA%A8%E7%AE%AD%E9%A0%AD%20&oid=1861703 HTTP/1.1" 200 2990
66.249.71.60 - - [11/Aug/2015:03:02:44 +0800] "GET /content/repository/resource_content.jsp?oid=1862646 HTTP/1.1" 200 29355
66.249.71.64 - - [11/Aug/2015:03:03:05 +0800] "GET /content/repository/resource_content.jsp?oid=280965 HTTP/1.1" 200 29596
66.249.79.32 - - [11/Aug/2015:03:03:26 +0800] "GET /content/repository/resource_content.jsp?oid=1859964 HTTP/1.1" 200 28724
66.249.71.64 - - [11/Aug/2015:03:03:36 +0800] "GET /content/nav/relationSubject.jsp?relationWords=%E9%AA%A8%E7%AE%AD%E9%A0%AD+&oid=1859964 HTTP/1.1" 200 2990
66.249.71.64 - - [11/Aug/2015:03:03:37 +0800] "GET /content/nav/relationSubject.jsp?relationWords=%E5%B1%85%E5%BB%B6%E6%BC%A2%E7%B0%A1+%E6%BC%A2%E7%B0%A1+&oid=280965 HTTP/1.1" 200 3898
66.249.71.72 - - [11/Aug/2015:03:03:37 +0800] "GET /content/nav/relationSubject.jsp?relationWords=%E9%AA%A8%E7%AE%AD%E9%A0%AD%20&oid=1859964 HTTP/1.1" 200 2990
66.249.71.64 - - [11/Aug/2015:03:03:39 +0800] "GET /content/nav/relationSubject.jsp?relationWords=%E5%B1%85%E5%BB%B6%E6%BC%A2%E7%B0%A1%20%E6%BC%A2%E7%B0%A1%20&oid=280965 HTTP/1.1" 200 3898
66.249.71.60 - - [11/Aug/2015:03:03:46 +0800] "GET /content/repository/resource_content.jsp?oid=281552 HTTP/1.1" 200 28433
66.249.79.45 - - [11/Aug/2015:03:04:08 +0800] "GET /content/repository/resource_content.jsp?oid=281477 HTTP/1.1" 200 29403
66.249.71.64 - - [11/Aug/2015:03:04:20 +0800] "GET /content/nav/relationSubject.jsp?relationWords=%E5%B1%85%E5%BB%B6%E6%BC%A2%E7%B0%A1+%E6%BC%A2%E7%B0%A1+&oid=281477 HTTP/1.1" 200 3898
66.249.71.64 - - [11/Aug/2015:03:04:22 +0800] "GET /content/nav/relationSubject.jsp?relationWords=%E5%B1%85%E5%BB%B6%E6%BC%A2%E7%B0%A1%20%E6%BC%A2%E7%B0%A1%20&oid=281477 HTTP/1.1" 200 3898
66.249.71.64 - - [11/Aug/2015:03:04:24 +0800] "GET /content/nav/relationSubject.jsp?relationWords=%E5%B1%85%E5%BB%B6%E6%BC%A2%E7%B0%A1+%E6%BC%A2%E7%B0%A1+&oid=281552 HTTP/1.1" 200 3898
66.249.79.32 - - [11/Aug/2015:03:04:25 +0800] "GET /content/nav/relationSubject.jsp?relationWords=%E5%B1%85%E5%BB%B6%E6%BC%A2%E7%B0%A1%20%E6%BC%A2%E7%B0%A1%20&oid=281552 HTTP/1.1" 200 3898
66.249.71.72 - - [11/Aug/2015:03:04:28 +0800] "GET /content/repository/resource_content.jsp?oid=1841380 HTTP/1.1" 200 29143
66.249.71.64 - - [11/Aug/2015:03:04:43 +0800] "GET /content/nav/relationSubject.jsp?relationWords=%E5%8D%9C%E8%BE%AD+%E5%8D%9C%E8%BE%AD%E6%AE%98%E7%89%87+%E6%AE%98%E7%89%87+%E9%BE%9C%E7%94%B2+%E9%BE%9C%E7%94%B2%E5%8D%9C%E8%BE%AD+%E9%BE%9C%E7%94%B2%E5%8D%9C%E8%BE%AD%E6%AE%98%E7%89%87+&oid=1841380 HTTP/1.1" 200 3389
66.249.79.32 - - [11/Aug/2015:03:04:44 +0800] "GET /content/nav/relationSubject.jsp?relationWords=%E5%8D%9C%E8%BE%AD%20%E5%8D%9C%E8%BE%AD%E6%AE%98%E7%89%87%20%E6%AE%98%E7%89%87%20%E9%BE%9C%E7%94%B2%20%E9%BE%9C%E7%94%B2%E5%8D%9C%E8%BE%AD%20%E9%BE%9C%E7%94%B2%E5%8D%9C%E8%BE%AD%E6%AE%98%E7%89%87%20&oid=1841380 HTTP/1.1" 200 3389
66.249.71.60 - - [11/Aug/2015:03:04:49 +0800] "GET /content/repository/resource_content.jsp?oid=1819210 HTTP/1.1" 200 28286
66.249.71.64 - - [11/Aug/2015:03:05:01 +0800] "GET /content/nav/relationSubject.jsp?relationWords=&oid=1819210 HTTP/1.1" 200 1405
66.249.71.72 - - [11/Aug/2015:03:05:09 +0800] "GET /content/repository/resource_content.jsp?oid=2562249 HTTP/1.1" 200 28638
66.249.71.64 - - [11/Aug/2015:03:05:30 +0800] "GET /content/repository/resource_content.jsp?oid=21236 HTTP/1.1" 200 29932
66.249.71.64 - - [11/Aug/2015:03:05:50 +0800] "GET /content/nav/relationSubject.jsp?relationWords=%E5%8F%AB%E5%A7%91%E9%AD%9A+%E5%A7%91%E9%AD%9A+%E7%9F%B3%E9%A6%96%E9%AD%9A+%E7%9F%B3%E9%A6%96%E9%AD%9A%E7%A7%91+%E9%81%93%E6%B0%8F+&oid=21236 HTTP/1.1" 200 3491
66.249.71.72 - - [11/Aug/2015:03:05:51 +0800] "GET /content/repository/resource_content.jsp?oid=227597 HTTP/1.1" 200 30189
66.249.71.64 - - [11/Aug/2015:03:05:52 +0800] "GET /content/nav/relationSubject.jsp?relationWords=%E5%8F%AB%E5%A7%91%E9%AD%9A%20%E5%A7%91%E9%AD%9A%20%E7%9F%B3%E9%A6%96%E9%AD%9A%20%E7%9F%B3%E9%A6%96%E9%AD%9A%E7%A7%91%20%E9%81%93%E6%B0%8F%20&oid=21236 HTTP/1.1" 200 3491
66.249.71.60 - - [11/Aug/2015:03:06:01 +0800] "GET /content/nav/relationSubject.jsp?relationWords=%E6%A9%84%E6%AC%96%E5%BD%A2+%E6%A9%84%E6%AC%96%E5%BD%A2%E9%AA%A8%E7%8F%A0+%E6%AC%96%E5%BD%A2%E9%AA%A8%E7%8F%A0+%E9%AA%A8%E7%8F%A0+&oid=1862646 HTTP/1.1" 200 3179
66.249.71.64 - - [11/Aug/2015:03:06:04 +0800] "GET /content/nav/relationSubject.jsp?relationWords=%E6%A9%84%E6%AC%96%E5%BD%A2%20%E6%A9%84%E6%AC%96%E5%BD%A2%E9%AA%A8%E7%8F%A0%20%E6%AC%96%E5%BD%A2%E9%AA%A8%E7%8F%A0%20%E9%AA%A8%E7%8F%A0%20&oid=1862646 HTTP/1.1" 200 3179
66.249.71.64 - - [11/Aug/2015:03:06:05 +0800] "GET /content/nav/relationSubject.jsp?relationWords=%E5%9B%9B%E5%B7%9D%E7%9C%81%E5%9C%B0%E5%BD%A2%E5%9C%96+%E5%9C%B0%E5%BD%A2%E5%9C%96+&oid=227597 HTTP/1.1" 200 3141
66.249.71.64 - - [11/Aug/2015:03:06:07 +0800] "GET /content/nav/relationSubject.jsp?relationWords=%E5%9B%9B%E5%B7%9D%E7%9C%81%E5%9C%B0%E5%BD%A2%E5%9C%96%20%E5%9C%B0%E5%BD%A2%E5%9C%96%20&oid=227597 HTTP/1.1" 200 3141
66.249.71.64 - - [11/Aug/2015:03:06:12 +0800] "GET /content/repository/resource_content.jsp?oid=1874789 HTTP/1.1" 200 28401
66.249.71.72 - - [11/Aug/2015:03:06:18 +0800] "GET /content/nav/relationSubject.jsp?relationWords=&oid=2562249 HTTP/1.1" 200 1405
66.249.71.60 - - [11/Aug/2015:03:06:32 +0800] "GET /content/repository/resource_content.jsp?oid=22769 HTTP/1.1" 200 29871
66.249.71.64 - - [11/Aug/2015:03:06:38 +0800] "GET /content/nav/relationSubject.jsp?relationWords=%E5%8D%9C%E8%BE%AD+%E5%8D%9C%E8%BE%AD%E6%AE%98%E7%89%87+%E6%AE%98%E7%89%87+%E9%BE%9C%E7%94%B2+%E9%BE%9C%E7%94%B2%E5%8D%9C%E8%BE%AD+%E9%BE%9C%E7%94%B2%E5%8D%9C%E8%BE%AD%E6%AE%98%E7%89%87+&oid=1874789 HTTP/1.1" 200 3389
66.249.71.64 - - [11/Aug/2015:03:06:40 +0800] "GET /content/nav/relationSubject.jsp?relationWords=%E5%8D%9C%E8%BE%AD%20%E5%8D%9C%E8%BE%AD%E6%AE%98%E7%89%87%20%E6%AE%98%E7%89%87%20%E9%BE%9C%E7%94%B2%20%E9%BE%9C%E7%94%B2%E5%8D%9C%E8%BE%AD%20%E9%BE%9C%E7%94%B2%E5%8D%9C%E8%BE%AD%E6%AE%98%E7%89%87%20&oid=1874789 HTTP/1.1" 200 3389
207.46.13.137 - - [11/Aug/2015:03:06:41 +0800] "GET /content/repository/resource_content.jsp?oid=1887762&queryType=qs&queryString=%E9%99%B3%E5%A4%A9%E9%80%81 HTTP/1.1" 200 30247
66.249.71.72 - - [11/Aug/2015:03:06:49 +0800] "GET /content/repository/resource_content.jsp?oid=3826225&queryString=%E6%87%B8%E9%89%A4%E5%AD%90%E5%B1%AC%20%E6%9F%B3%E6%B0%8F%E6%87%B8%E9%89%A4%E5%AD%90%20%E6%A4%8D%E7%89%A9%E7%95%8C%20%E8%96%94%E8%96%87%E7%9B%AE%20%E8%96%94%E8%96%87%E7%A7%91 HTTP/1.1" 200 31397
66.249.71.72 - - [11/Aug/2015:03:06:49 +0800] "GET /content/nav/relationSubject.jsp?relationWords=%E6%A3%98%E9%AE%AB+%E7%87%88%E7%B1%A0%E6%A3%98%E9%AE%AB+&oid=22769 HTTP/1.1" 200 3375
66.249.71.64 - - [11/Aug/2015:03:06:51 +0800] "GET /content/nav/relationSubject.jsp?relationWords=%E6%A3%98%E9%AE%AB%20%E7%87%88%E7%B1%A0%E6%A3%98%E9%AE%AB%20&oid=22769 HTTP/1.1" 200 3375
66.249.71.64 - - [11/Aug/2015:03:06:53 +0800] "GET /content/repository/resource_content.jsp?oid=2142876 HTTP/1.1" 200 31461
66.249.71.60 - - [11/Aug/2015:03:07:16 +0800] "GET /content/repository/resource_content.jsp?oid=2143031 HTTP/1.1" 200 30404
66.249.71.64 - - [11/Aug/2015:03:07:21 +0800] "GET /content/nav/relationSubject.jsp?relationWords=%E6%9D%9C%E9%B5%91+%E6%9D%9C%E9%B5%91%E8%8A%B1+%E6%9D%9C%E9%B5%91%E8%8A%B1%E5%B1%AC+%E6%9D%9C%E9%B5%91%E8%8A%B1%E7%A7%91+%E6%A4%8D%E7%89%A9%E7%95%8C+%E9%87%91%E6%AF%9B+%E9%87%91%E6%AF%9B%E6%9D%9C%E9%B5%91+&oid=2142876 HTTP/1.1" 200 5192
66.249.71.72 - - [11/Aug/2015:03:07:25 +0800] "GET /content/nav/relationSubject.jsp?relationWords=%E6%9D%9C%E9%B5%91%20%E6%9D%9C%E9%B5%91%E8%8A%B1%20%E6%9D%9C%E9%B5%91%E8%8A%B1%E5%B1%AC%20%E6%9D%9C%E9%B5%91%E8%8A%B1%E7%A7%91%20%E6%A4%8D%E7%89%A9%E7%95%8C%20%E9%87%91%E6%AF%9B%20%E9%87%91%E6%AF%9B%E6%9D%9C%E9%B5%91%20&oid=2142876 HTTP/1.1" 200 5192
66.249.71.60 - - [11/Aug/2015:03:07:26 +0800] "GET /content/nav/relationSubject.jsp?relationWords=%E5%81%87%E6%9F%83%E6%9C%A8+%E6%9F%83%E6%9C%A8+%E6%9F%83%E6%9C%A8%E5%B1%AC+&oid=2143031 HTTP/1.1" 200 3246
66.249.71.64 - - [11/Aug/2015:03:07:29 +0800] "GET /content/nav/relationSubject.jsp?relationWords=%E5%81%87%E6%9F%83%E6%9C%A8%20%E6%9F%83%E6%9C%A8%20%E6%9F%83%E6%9C%A8%E5%B1%AC%20&oid=2143031 HTTP/1.1" 200 3246
66.249.71.64 - - [11/Aug/2015:03:07:34 +0800] "GET /content/repository/resource_content.jsp?oid=824928 HTTP/1.1" 200 28069
66.249.71.60 - - [11/Aug/2015:03:07:47 +0800] "GET /content/nav/relationSubject.jsp?relationWords=%E5%93%88%E7%88%BE%E6%BF%B1+%E5%95%86%E5%9F%A0+%E6%91%BA%E6%8A%84%E7%A8%BF+%E7%A8%BF%E5%92%A8+&oid=824928 HTTP/1.1" 200 3305
66.249.71.72 - - [11/Aug/2015:03:07:51 +0800] "GET /content/nav/relationSubject.jsp?relationWords=%E5%93%88%E7%88%BE%E6%BF%B1%20%E5%95%86%E5%9F%A0%20%E6%91%BA%E6%8A%84%E7%A8%BF%20%E7%A8%BF%E5%92%A8%20&oid=824928 HTTP/1.1" 200 3305
66.249.71.60 - - [11/Aug/2015:03:07:55 +0800] "GET /content/repository/resource_content.jsp?oid=223998 HTTP/1.1" 200 30049
66.249.71.64 - - [11/Aug/2015:03:08:23 +0800] "GET /content/repository/resource_content.jsp?oid=2147602 HTTP/1.1" 200 30283
66.249.71.64 - - [11/Aug/2015:03:08:24 +0800] "GET /content/nav/relationSubject.jsp?relationWords=%E9%99%B8%E6%B8%AC%E5%9C%96+&oid=223998 HTTP/1.1" 200 3079
66.249.71.72 - - [11/Aug/2015:03:08:26 +0800] "GET /content/nav/relationSubject.jsp?relationWords=%E9%99%B8%E6%B8%AC%E5%9C%96%20&oid=223998 HTTP/1.1" 200 3079
66.249.79.45 - - [11/Aug/2015:03:08:37 +0800] "GET /content/repository/resource_content.jsp?oid=1599396 HTTP/1.1" 200 28613
66.249.71.60 - - [11/Aug/2015:03:08:39 +0800] "GET /content/nav/relationSubject.jsp?relationWords=%E8%92%9F%E8%92%BB+&oid=2147602 HTTP/1.1" 200 3275
66.249.71.72 - - [11/Aug/2015:03:08:41 +0800] "GET /content/nav/relationSubject.jsp?relationWords=%E8%92%9F%E8%92%BB%20&oid=2147602 HTTP/1.1" 200 3275
199.30.24.57 - - [11/Aug/2015:03:08:49 +0800] "GET /content/nav/relationSubject.jsp?relationWords=%E6%9C%A8%E7%8A%80+%E6%A1%82%E8%8A%B1+&oid=16777255 HTTP/1.1" 200 4029
66.249.71.64 - - [11/Aug/2015:03:08:57 +0800] "GET /content/repository/resource_content.jsp?oid=1849661 HTTP/1.1" 200 29612
66.249.71.60 - - [11/Aug/2015:03:09:06 +0800] "GET /content/nav/relationSubject.jsp?relationWords=%E5%9C%8B%E6%B0%91%E4%B8%AD%E5%AD%B8+%E5%9C%B0%E6%96%B9%E6%95%99%E8%82%B2+%E6%95%99%E8%82%B2%E6%A1%88+%E8%98%86%E7%AB%B9%E9%84%89+&oid=1599396 HTTP/1.1" 200 3536
66.249.71.72 - - [11/Aug/2015:03:09:08 +0800] "GET /content/nav/relationSubject.jsp?relationWords=%E5%9C%8B%E6%B0%91%E4%B8%AD%E5%AD%B8%20%E5%9C%B0%E6%96%B9%E6%95%99%E8%82%B2%20%E6%95%99%E8%82%B2%E6%A1%88%20%E8%98%86%E7%AB%B9%E9%84%89%20&oid=1599396 HTTP/1.1" 200 3536
66.249.71.64 - - [11/Aug/2015:03:09:10 +0800] "GET /content/nav/relationSubject.jsp?relationWords=%E9%AA%A8%E7%8F%A0+&oid=1849661 HTTP/1.1" 200 2984
66.249.71.72 - - [11/Aug/2015:03:09:12 +0800] "GET /content/nav/relationSubject.jsp?relationWords=%E9%AA%A8%E7%8F%A0%20&oid=1849661 HTTP/1.1" 200 2984
66.249.71.113 - - [11/Aug/2015:03:10:00 +0800] "GET /content/repository/resource_content.jsp?oid=14970&queryType=qs&queryString=%E9%BB%91%E9%B1%B8 HTTP/1.1" 200 34383
66.249.71.64 - - [11/Aug/2015:03:10:20 +0800] "GET /content/repository/resource_content.jsp?oid=1629911&queryString=%E8%91%97%E4%BD%9C%E6%AC%8A HTTP/1.1" 200 28926
66.249.71.60 - - [11/Aug/2015:03:10:37 +0800] "GET /content/nav/relationSubject.jsp?relationWords=%E6%AC%8A%E5%88%A9+%E8%91%97%E4%BD%9C%E6%AC%8A+%E8%91%97%E4%BD%9C%E6%AC%8A%E6%B3%95+&oid=1629911 HTTP/1.1" 200 6940
66.249.71.64 - - [11/Aug/2015:03:10:40 +0800] "GET /content/nav/relationSubject.jsp?relationWords=%E6%AC%8A%E5%88%A9%20%E8%91%97%E4%BD%9C%E6%AC%8A%20%E8%91%97%E4%BD%9C%E6%AC%8A%E6%B3%95%20&oid=1629911 HTTP/1.1" 200 6940
66.249.71.127 - - [11/Aug/2015:03:10:42 +0800] "GET /content/repository/resource_content.jsp?oid=4363495&queryString=%E6%B0%B4%E4%BB%99%E5%B0%8A%E7%8E%8B HTTP/1.1" 200 29736
66.249.71.72 - - [11/Aug/2015:03:11:23 +0800] "GET /content/repository/resource_content.jsp?oid=3339745 HTTP/1.1" 200 29592
66.249.71.5 - - [11/Aug/2015:03:11:43 +0800] "GET /digiarch3/content/subject/resource_content.jsp?oid=16797257&queryString= HTTP/1.1" 200 47864
66.249.71.14 - - [11/Aug/2015:03:11:53 +0800] "GET /digiarch3/content/nav/relationSubject.jsp?relationWords=%E6%B0%91%E7%94%9F%E7%A4%BE%E5%8D%80+&oid=16797257 HTTP/1.1" 200 2234
66.249.71.5 - - [11/Aug/2015:03:11:56 +0800] "GET /digiarch3/content/nav/relationSubject.jsp?relationWords=%E6%B0%91%E7%94%9F%E7%A4%BE%E5%8D%80%20&oid=16797257 HTTP/1.1" 200 2234
66.249.71.54 - - [11/Aug/2015:03:12:04 +0800] "GET /content/repository/resource_content.jsp?oid=4362904&queryString=%E5%85%AB%E5%AE%B6%E5%B0%87 HTTP/1.1" 200 28214
66.249.71.64 - - [11/Aug/2015:03:12:04 +0800] "GET /content/nav/relationSubject.jsp?relationWords=%E6%B5%B7%E9%BE%8D+%E6%B5%B7%E9%BE%8D%E7%A7%91+%E7%9F%AD%E5%B0%BE%E6%B5%B7%E9%BE%8D+&oid=3339745 HTTP/1.1" 200 3596
66.249.71.60 - - [11/Aug/2015:03:12:06 +0800] "GET /content/nav/relationSubject.jsp?relationWords=%E6%B5%B7%E9%BE%8D%20%E6%B5%B7%E9%BE%8D%E7%A7%91%20%E7%9F%AD%E5%B0%BE%E6%B5%B7%E9%BE%8D%20&oid=3339745 HTTP/1.1" 200 3596
66.249.71.60 - - [11/Aug/2015:03:12:45 +0800] "GET /content/tmp_tec/resource_content.jsp?oid=16777714 HTTP/1.1" 200 38293
123.125.68.167 - - [11/Aug/2015:03:13:01 +0800] "GET /content/subject/resource_content.jsp?oid=16777594&queryType=qc HTTP/1.1" 200 40422
66.249.71.64 - - [11/Aug/2015:03:13:06 +0800] "GET /content/repository/resource_content.jsp?oid=827534 HTTP/1.1" 200 27897
66.249.71.72 - - [11/Aug/2015:03:13:20 +0800] "GET /content/nav/relationSubject.jsp?relationWords=%E6%B1%9F%E5%AD%9C+&oid=827534 HTTP/1.1" 200 3108
66.249.71.60 - - [11/Aug/2015:03:13:22 +0800] "GET /content/nav/relationSubject.jsp?relationWords=%E6%B1%9F%E5%AD%9C%20&oid=827534 HTTP/1.1" 200 3108
66.249.71.60 - - [11/Aug/2015:03:13:27 +0800] "GET /content/repository/resource_content.jsp?oid=1095855 HTTP/1.1" 200 31117
66.249.71.72 - - [11/Aug/2015:03:13:48 +0800] "GET /content/subject/resource_content.jsp?oid=16777721&queryString=%E6%A4%8D%E7%89%A9%E7%95%8C%20%E7%8E%89%E5%B1%B1%E8%96%84%E9%9B%AA%E8%8D%89%20%E8%8F%8A%E7%A7%91%20%E8%96%84%E9%9B%AA%E8%8D%89%E5%B1%AC%20%E9%9B%99%E5%AD%90%E8%91%89%E6%A4%8D%E7%89%A9 HTTP/1.1" 200 36236
66.249.71.64 - - [11/Aug/2015:03:14:29 +0800] "GET /content/subject/resource_content.jsp?oid=16797340&queryType=qc HTTP/1.1" 200 63036
66.249.71.72 - - [11/Aug/2015:03:15:11 +0800] "GET /content/subject/resource_content.jsp?oid=16777624 HTTP/1.1" 200 119492
66.249.71.105 - - [11/Aug/2015:03:15:31 +0800] "GET /content/repository/resource_content.jsp?oid=4363114&queryType=qs&queryString=%E6%8C%87%E5%8D%97%E5%AE%AE HTTP/1.1" 200 28108
66.249.71.64 - - [11/Aug/2015:03:15:37 +0800] "GET /content/repository/resource_content.jsp?oid=2151556 HTTP/1.1" 200 31122
157.55.39.187 - - [11/Aug/2015:03:16:02 +0800] "GET /digiarch_en/content/repository/resource_content.jsp?oid=1591895&queryString=%E6%96%87%E5%8C%96%E4%B8%AD%E5%BF%83 HTTP/1.1" 200 36865
66.249.71.64 - - [11/Aug/2015:03:16:13 +0800] "GET /content/subject/resource_content.jsp?oid=16777670 HTTP/1.1" 200 34157
207.46.13.63 - - [11/Aug/2015:03:16:51 +0800] "GET /content/subject/resource_content.jsp?oid=16777262&queryType=qc HTTP/1.1" 200 32151
66.249.71.64 - - [11/Aug/2015:03:17:36 +0800] "GET /content/repository/resource_content.jsp?oid=1562351 HTTP/1.1" 200 28617
66.249.71.60 - - [11/Aug/2015:03:18:17 +0800] "GET /content/repository/resource_content.jsp?oid=1110587 HTTP/1.1" 200 31280
66.249.71.14 - - [11/Aug/2015:03:18:38 +0800] "GET /digiarch3/content/pictures/picture_content.jsp?oid=33554627&classify=2261 HTTP/1.1" 200 26992
