66.249.71.60 - - [25/Oct/2015:14:42:21 +0800] "GET /content/nav/relationSubject.jsp?relationWords=%E4%BA%A4%E9%80%9A%E8%99%95+%E4%BD%B3%E9%87%8C+%E5%AE%A2%E9%81%8B+%E5%B9%B3%E4%BA%A4%E9%81%93+%E6%9E%97%E5%85%A8+%E6%9E%97%E5%85%A8%E7%A6%8F+%E6%A9%9F%E9%97%9C%E8%BB%8A+%E7%9C%81%E6%94%BF%E5%BA%9C+%E8%82%A1%E4%BB%BD%E6%9C%89%E9%99%90%E5%85%AC%E5%8F%B8+%E8%87%BA%E5%8D%97%E7%B8%A3+%E8%87%BA%E7%B3%96+%E8%91%A3%E4%BA%8B%E9%95%B7+%E8%BB%8A%E7%A6%8D+&oid=1896463 HTTP/1.1" 200 5027
66.249.71.72 - - [25/Oct/2015:14:42:23 +0800] "GET /content/nav/relationSubject.jsp?relationWords=%E4%BA%A4%E9%80%9A%E8%99%95%20%E4%BD%B3%E9%87%8C%20%E5%AE%A2%E9%81%8B%20%E5%B9%B3%E4%BA%A4%E9%81%93%20%E6%9E%97%E5%85%A8%20%E6%9E%97%E5%85%A8%E7%A6%8F%20%E6%A9%9F%E9%97%9C%E8%BB%8A%20%E7%9C%81%E6%94%BF%E5%BA%9C%20%E8%82%A1%E4%BB%BD%E6%9C%89%E9%99%90%E5%85%AC%E5%8F%B8%20%E8%87%BA%E5%8D%97%E7%B8%A3%20%E8%87%BA%E7%B3%96%20%E8%91%A3%E4%BA%8B%E9%95%B7%20%E8%BB%8A%E7%A6%8D%20&oid=1896463 HTTP/1.1" 200 5027
66.249.71.72 - - [25/Oct/2015:14:42:30 +0800] "GET /content/repository/resource_content.jsp?oid=1619601 HTTP/1.1" 200 28976
140.135.232.36 - - [25/Oct/2015:14:43:36 +0800] "GET /content/subject/resource_content.jsp?oid=16777706 HTTP/1.1" 200 53891
140.135.232.36 - - [25/Oct/2015:14:43:37 +0800] "GET /content/nav/relationSubject.jsp?relationWords=%E5%A0%A1%E5%9C%96+&oid=16777706 HTTP/1.1" 200 2864
106.120.173.97 - - [25/Oct/2015:14:43:50 +0800] "GET /digiarch/content/repository/resource_content.jsp?oid=291117 HTTP/1.1" 404 14873
38.111.147.84 - - [25/Oct/2015:14:45:02 +0800] "GET /digiarch3/content/subject/resource_content.jsp?oid=16777753&queryType=qc HTTP/1.0" 200 36775
66.249.71.113 - - [25/Oct/2015:14:45:23 +0800] "GET /content/nav/relationSubject.jsp?relationWords=&oid=4203510 HTTP/1.1" 200 1405
66.249.79.186 - - [25/Oct/2015:14:45:38 +0800] "GET /content/repository/resource_content.jsp?oid=2654037&queryString=%E5%BB%82%E9%BB%83%E6%97%97 HTTP/1.1" 200 30526
114.36.213.253 - - [25/Oct/2015:14:45:55 +0800] "GET /content/nav/relationSubject.jsp?relationWords=%E5%8F%B0%E7%81%A3%E6%AC%92%E6%A8%B9+%E6%AC%92%E6%A8%B9+%E8%8B%A6%E8%8B%93+%E8%8B%A6%E8%8B%93%E8%88%85+&oid=16777254 HTTP/1.1" 200 4383
66.249.74.79 - - [25/Oct/2015:14:46:15 +0800] "GET /content/nav/relationSubject.jsp?relationWords=%E4%BA%BA%E5%90%8D%E6%AC%8A%E5%A8%81+%E5%9C%8B%E4%BB%A3+%E5%A4%96%E4%BA%A4%E9%83%A8+%E5%BB%9F%E8%A1%97+&oid=692489 HTTP/1.1" 200 3530
66.249.71.105 - - [25/Oct/2015:14:46:18 +0800] "GET /content/nav/relationSubject.jsp?relationWords=%E4%BA%BA%E5%90%8D%E6%AC%8A%E5%A8%81%20%E5%9C%8B%E4%BB%A3%20%E5%A4%96%E4%BA%A4%E9%83%A8%20%E5%BB%9F%E8%A1%97%20&oid=692489 HTTP/1.1" 200 3530
101.13.240.226 - - [25/Oct/2015:14:46:48 +0800] "GET /content/subject/resource_content.jsp?oid=16797259&queryType=qc HTTP/1.1" 200 44075
101.13.240.226 - - [25/Oct/2015:14:46:51 +0800] "GET /content/nav/relationSubject.jsp?relationWords=&oid=16797259 HTTP/1.1" 200 1405
220.181.108.153 - - [25/Oct/2015:14:48:36 +0800] "GET /content/subject/resource_content.jsp?oid=16777554 HTTP/1.1" 200 39591
66.249.71.64 - - [25/Oct/2015:14:49:06 +0800] "GET /content/subject/resource_content.jsp?oid=16777425 HTTP/1.1" 200 35699
101.13.240.226 - - [25/Oct/2015:14:49:20 +0800] "GET /content/subject/resource_content.jsp?oid=16797259&queryType=qc HTTP/1.1" 200 44075
101.13.240.226 - - [25/Oct/2015:14:49:21 +0800] "GET /content/nav/relationSubject.jsp?relationWords=&oid=16797259 HTTP/1.1" 200 1405
66.249.71.113 - - [25/Oct/2015:14:49:27 +0800] "GET /content/nav/relationSubject.jsp?relationWords=%E5%88%91%E9%83%A8+%E9%83%BD%E5%8F%B8+&oid=2631240 HTTP/1.1" 200 3130
66.249.74.77 - - [25/Oct/2015:14:49:29 +0800] "GET /content/nav/relationSubject.jsp?relationWords=%E5%88%91%E9%83%A8%20%E9%83%BD%E5%8F%B8%20&oid=2631240 HTTP/1.1" 200 3130
66.249.71.64 - - [25/Oct/2015:14:50:30 +0800] "GET /content/repository/resource_content.jsp?oid=2687399&queryString=%E6%B1%9F%E9%99%B5%20%E9%99%B5%E7%B8%A3%20%E9%99%B8%E6%B8%AC%E5%9C%96 HTTP/1.1" 200 30365
38.111.147.84 - - [25/Oct/2015:14:51:18 +0800] "GET /digiarch3/content/subject/resource_content.jsp?oid=16777448&queryType=qc HTTP/1.0" 200 34458
101.13.96.185 - - [25/Oct/2015:14:52:32 +0800] "GET /content/nav/relationSubject.jsp?relationWords=&oid=16777459 HTTP/1.1" 200 1405
66.249.77.91 - - [25/Oct/2015:14:52:56 +0800] "GET /content/repository/resource_content.jsp?oid=2150277&queryString=%E5%B1%B1%E8%8A%99%E8%93%89 HTTP/1.1" 200 31135
66.249.71.105 - - [25/Oct/2015:14:53:01 +0800] "GET /content/nav/relationSubject.jsp?relationWords=%E4%B8%8A%E8%AB%AD+&oid=2687770 HTTP/1.1" 200 3057
66.249.74.79 - - [25/Oct/2015:14:53:04 +0800] "GET /content/nav/relationSubject.jsp?relationWords=%E4%B8%8A%E8%AB%AD%20&oid=2687770 HTTP/1.1" 200 3057
66.249.79.172 - - [25/Oct/2015:14:53:04 +0800] "GET /content/nav/relationSubject.jsp?relationWords=%E6%B8%85%E5%8E%98+&oid=2676282 HTTP/1.1" 200 3075
66.249.71.164 - - [25/Oct/2015:14:53:07 +0800] "GET /content/nav/relationSubject.jsp?relationWords=%E6%B8%85%E5%8E%98%20&oid=2676282 HTTP/1.1" 200 3075
66.249.71.155 - - [25/Oct/2015:14:53:15 +0800] "GET /content/nav/relationSubject.jsp?relationWords=%E5%A0%82%E9%8A%9C%20%E5%BB%82%E9%BB%83%20%E5%BB%82%E9%BB%83%E6%97%97%20%E9%BB%83%E6%97%97%20&oid=2654037 HTTP/1.1" 200 3213
66.249.71.50 - - [25/Oct/2015:14:54:13 +0800] "GET /content/pictures/picture_content.jsp?oid=33554784&queryType=qc HTTP/1.1" 200 27807
101.13.96.185 - - [25/Oct/2015:14:55:03 +0800] "GET /content/nav/relationSubject.jsp?relationWords=&oid=16777459 HTTP/1.1" 200 1405
101.13.96.185 - - [25/Oct/2015:14:55:05 +0800] "GET /content/nav/relationSubject.jsp?relationWords=&oid=16777459 HTTP/1.1" 200 1405
66.249.71.72 - - [25/Oct/2015:14:55:23 +0800] "GET /content/repository/resource_content.jsp?oid=16811 HTTP/1.1" 200 29625
38.111.147.84 - - [25/Oct/2015:14:56:37 +0800] "GET /digiarch3/content/subject/resource_content.jsp?oid=16777469&queryType=qc HTTP/1.0" 200 31138
140.112.1.98 - - [25/Oct/2015:14:57:51 +0800] "GET /content/nav/relationSubject.jsp?relationWords=&oid=16777328 HTTP/1.1" 200 1405
66.249.77.85 - - [25/Oct/2015:14:58:41 +0800] "GET /content/nav/relationSubject.jsp?relationWords=%E6%A1%83%E9%87%91%E5%AD%83+%E6%A1%83%E9%87%91%E5%AD%83%E7%A7%91+%E6%A4%8D%E7%89%A9%E7%95%8C+%E6%A5%A0%E5%B1%AC+%E8%B5%A4%E6%A5%A0+%E8%B5%A4%E6%A5%A0%E5%B1%AC+%E9%AB%98%E5%A3%AB%E4%BD%9B+%E9%AB%98%E5%A3%AB%E4%BD%9B%E8%B5%A4%E6%A5%A0+&oid=3818684 HTTP/1.1" 200 3545
66.249.77.85 - - [25/Oct/2015:14:58:43 +0800] "GET /content/nav/relationSubject.jsp?relationWords=%E6%A1%83%E9%87%91%E5%AD%83%20%E6%A1%83%E9%87%91%E5%AD%83%E7%A7%91%20%E6%A4%8D%E7%89%A9%E7%95%8C%20%E6%A5%A0%E5%B1%AC%20%E8%B5%A4%E6%A5%A0%20%E8%B5%A4%E6%A5%A0%E5%B1%AC%20%E9%AB%98%E5%A3%AB%E4%BD%9B%20%E9%AB%98%E5%A3%AB%E4%BD%9B%E8%B5%A4%E6%A5%A0%20&oid=3818684 HTTP/1.1" 200 3545
66.249.71.64 - - [25/Oct/2015:14:59:03 +0800] "GET /content/nav/relationSubject.jsp?relationWords=%E5%AE%A2%E8%8B%B1%E5%A4%A7%E8%BE%AD%E5%85%B8+&oid=3334369 HTTP/1.1" 200 1896
66.249.71.72 - - [25/Oct/2015:14:59:05 +0800] "GET /content/nav/relationSubject.jsp?relationWords=%E5%AE%A2%E8%8B%B1%E5%A4%A7%E8%BE%AD%E5%85%B8%20&oid=3334369 HTTP/1.1" 200 1896
219.71.73.31 - - [25/Oct/2015:14:59:12 +0800] "GET /content/nav/relationSubject.jsp?relationWords=&oid=16777342 HTTP/1.1" 200 1405
66.249.71.64 - - [25/Oct/2015:14:59:13 +0800] "GET /content/nav/relationSubject.jsp?relationWords=%E7%99%BD%E9%B3%B3%20%E9%B3%B3%E8%98%AD%20&oid=33554564 HTTP/1.1" 200 3151
123.125.71.114 - - [25/Oct/2015:15:00:06 +0800] "GET /content/repository/resource_content.jsp?oid=3205427 HTTP/1.1" 200 29527
114.36.245.211 - - [25/Oct/2015:15:00:18 +0800] "GET /content/subject/resource_content.jsp?oid=16777787&queryString=%E5%AD%90%E5%AE%88%E5%94%84%20%E6%80%9D%E6%83%B3%20%E7%9A%87%E6%B0%91%E5%A5%89%E5%85%AC%E6%9C%83%20%E8%88%88%E4%BA%9E HTTP/1.1" 200 58503
114.36.245.211 - - [25/Oct/2015:15:00:21 +0800] "GET /content/nav/relationSubject.jsp?relationWords=%E5%A4%AA%E5%B9%B3%E6%B4%8B%E6%88%B0%E7%88%AD+%E7%9A%87%E6%B0%91+%E7%9A%87%E6%B0%91%E5%A5%89%E5%85%AC%E6%9C%83+%E8%B0%B7%E5%B7%9D+%E8%BB%8D%E8%A8%93+%E9%95%B7%E8%B0%B7%E5%B7%9D+%E9%95%B7%E8%B0%B7%E5%B7%9D%E6%B8%85+&oid=16777787 HTTP/1.1" 200 5093
118.160.28.198 - - [25/Oct/2015:15:00:41 +0800] "GET /digiarch3/content/repository/resource_content.jsp?oid=518070&queryString=%E6%89%81%E8%9D%B8%E7%89%9B%E7%A7%91%20%E6%9F%84%E7%9C%BC%E7%9B%AE%20%E7%90%83%E8%9D%B8%E7%89%9B%20%E8%85%B9%E8%B6%B3%E7%B6%B1 HTTP/1.1" 200 33320
118.160.28.198 - - [25/Oct/2015:15:00:42 +0800] "GET /digiarch3/content/nav/relationSubject.jsp?relationWords=%E5%8F%B0%E7%81%A3%E7%90%83%E8%9D%B8%E7%89%9B+%E6%89%81%E8%9D%B8%E7%89%9B%E7%A7%91+%E6%9F%84%E7%9C%BC%E7%9B%AE+%E8%85%B9%E8%B6%B3%E7%B6%B1+&oid=518070 HTTP/1.1" 200 3393
38.111.147.84 - - [25/Oct/2015:15:02:28 +0800] "GET /digiarch3/content/subject/resource_content.jsp?oid=16777470&queryType=qc HTTP/1.0" 200 29326
66.249.71.14 - - [25/Oct/2015:15:02:41 +0800] "GET /digiarch3/content/repository/resource_content.jsp?oid=15255&queryType=qs&queryString=%E6%B3%A2%E6%96%AF%E7%81%A3 HTTP/1.1" 200 34301
66.249.71.64 - - [25/Oct/2015:15:02:53 +0800] "GET /content/nav/relationSubject.jsp?relationWords=&oid=2689580 HTTP/1.1" 200 1405
207.46.13.179 - - [25/Oct/2015:15:03:34 +0800] "GET /content/repository/resource_content.jsp?oid=1900099 HTTP/1.1" 200 31479
66.249.77.91 - - [25/Oct/2015:15:04:17 +0800] "GET /content/nav/relationSubject.jsp?relationWords=%E5%B1%B1%E8%8A%99%E8%93%89%20%E6%9C%A8%E6%A7%BF%20%E6%9C%A8%E6%A7%BF%E5%B1%AC%20%E6%A4%8D%E7%89%A9%E7%95%8C%20%E9%8C%A6%E8%91%B5%20%E9%8C%A6%E8%91%B5%E7%A7%91%20&oid=2150277 HTTP/1.1" 200 5037
66.249.71.64 - - [25/Oct/2015:15:05:08 +0800] "GET /content/repository/resource_content.jsp?oid=1636194 HTTP/1.1" 200 28910
66.249.71.113 - - [25/Oct/2015:15:05:25 +0800] "GET /content/nav/relationSubject.jsp?relationWords=%E8%83%B8%E9%A3%BE+&oid=4363786 HTTP/1.1" 200 2945
66.249.71.121 - - [25/Oct/2015:15:05:26 +0800] "GET /content/nav/relationSubject.jsp?relationWords=%E8%83%B8%E9%A3%BE%20&oid=4363786 HTTP/1.1" 200 2945
123.125.71.43 - - [25/Oct/2015:15:05:52 +0800] "GET /content/subject/resource_content.jsp?oid=16777429 HTTP/1.1" 200 31100
220.142.79.127 - - [25/Oct/2015:15:06:41 +0800] "GET /content/subject/resource_content.jsp?oid=16797271&queryType=qc HTTP/1.1" 200 55290
220.142.79.127 - - [25/Oct/2015:15:06:47 +0800] "GET /content/nav/relationSubject.jsp?relationWords=&oid=16797271 HTTP/1.1" 200 1405
66.249.71.155 - - [25/Oct/2015:15:06:54 +0800] "GET /content/nav/relationSubject.jsp?relationWords=%E5%8F%83%E5%B0%87%E4%BA%8B+%E5%8F%83%E9%9D%A9+&oid=2684212 HTTP/1.1" 200 4017
66.249.79.186 - - [25/Oct/2015:15:06:55 +0800] "GET /content/nav/relationSubject.jsp?relationWords=%E5%8F%83%E5%B0%87%E4%BA%8B%20%E5%8F%83%E9%9D%A9%20&oid=2684212 HTTP/1.1" 200 4017
66.249.71.72 - - [25/Oct/2015:15:07:34 +0800] "GET /content/repository/resource_content.jsp?oid=1112497 HTTP/1.1" 200 31516
68.180.228.24 - - [25/Oct/2015:15:07:55 +0800] "GET /content/subject/resource_content.jsp?oid=16777640&queryType=qc HTTP/1.1" 200 62277
68.180.230.178 - - [25/Oct/2015:15:08:03 +0800] "GET /content/subject/resource_content.jsp?oid=16777448&queryType=qc HTTP/1.1" 200 34545
38.111.147.84 - - [25/Oct/2015:15:08:06 +0800] "GET /digiarch3/content/subject/resource_content.jsp?oid=16777471&queryType=qc HTTP/1.0" 200 30195
68.180.228.24 - - [25/Oct/2015:15:09:05 +0800] "GET /content/subject/resource_content.jsp?oid=16797242&queryType=qc HTTP/1.1" 200 46766
68.180.228.24 - - [25/Oct/2015:15:09:53 +0800] "GET /content/subject/resource_content.jsp?oid=16777378&queryType=qc HTTP/1.1" 200 33345
123.125.71.38 - - [25/Oct/2015:15:11:38 +0800] "GET /content/repository/resource_content.jsp?oid=588432 HTTP/1.1" 200 28330
218.166.153.226 - - [25/Oct/2015:15:11:43 +0800] "GET /content/subject/resource_content.jsp?oid=16777706 HTTP/1.1" 200 53891
66.249.71.113 - - [25/Oct/2015:15:11:48 +0800] "GET /content/nav/relationSubject.jsp?relationWords=%E6%8F%92%E7%95%AB+&oid=606887 HTTP/1.1" 200 3313
66.249.74.75 - - [25/Oct/2015:15:11:50 +0800] "GET /content/nav/relationSubject.jsp?relationWords=%E6%8F%92%E7%95%AB%20&oid=606887 HTTP/1.1" 200 3313
218.166.153.226 - - [25/Oct/2015:15:11:51 +0800] "GET /content/nav/relationSubject.jsp?relationWords=%E5%A0%A1%E5%9C%96+&oid=16777706 HTTP/1.1" 200 2864
66.249.71.60 - - [25/Oct/2015:15:12:19 +0800] "GET /content/repository/resource_content.jsp?oid=1608743 HTTP/1.1" 200 28461
66.249.71.60 - - [25/Oct/2015:15:12:42 +0800] "GET /content/nav/relationSubject.jsp?relationWords=%E7%A4%BE%E6%9C%83%E5%95%8F%E9%A1%8C%20%E9%86%AB%E5%B8%AB%E6%B3%95%20&oid=1636194 HTTP/1.1" 200 4036
66.249.71.72 - - [25/Oct/2015:15:12:55 +0800] "GET /content/nav/relationSubject.jsp?relationWords=%E5%BD%AD%E6%B0%8F%20%E5%BD%AD%E6%B0%8F%E6%9F%B3%E8%91%89%E8%8F%9C%20%E6%9F%B3%E8%91%89%E8%8F%9C%20%E6%9F%B3%E8%91%89%E8%8F%9C%E5%B1%AC%20%E6%A1%83%E9%87%91%E5%AD%83%20%E6%A4%8D%E7%89%A9%E7%95%8C%20%E7%B6%B2%E7%B1%BD%E6%9F%B3%E8%91%89%E8%8F%9C%20&oid=1112497 HTTP/1.1" 200 3601
66.249.71.60 - - [25/Oct/2015:15:13:23 +0800] "GET /digiarch_en/content/subject/resource_content.jsp?oid=16777633&queryType=qc HTTP/1.1" 200 39124
38.111.147.84 - - [25/Oct/2015:15:13:53 +0800] "GET /digiarch3/content/subject/resource_content.jsp?oid=16777496&queryType=qc HTTP/1.0" 200 53084
27.246.9.157 - - [25/Oct/2015:15:13:57 +0800] "GET /content/nav/relationSubject.jsp?relationWords=&oid=16777459 HTTP/1.1" 200 1405
106.38.241.143 - - [25/Oct/2015:15:14:14 +0800] "GET /content/tmp_exh/resource_content.jsp?oid=16777739&queryType=qc HTTP/1.1" 200 32490
66.249.71.72 - - [25/Oct/2015:15:14:27 +0800] "GET /content/repository/resource_content.jsp?oid=290575 HTTP/1.1" 200 28433
40.77.167.41 - - [25/Oct/2015:15:14:42 +0800] "GET /content/nav/relationSubject.jsp?relationWords=%E7%99%BD%E5%8D%83%E5%B1%A4+&oid=16777287 HTTP/1.1" 200 3852
66.249.71.64 - - [25/Oct/2015:15:14:52 +0800] "GET /content/subject/resource_content.jsp?oid=16777663 HTTP/1.1" 200 25484
66.249.71.14 - - [25/Oct/2015:15:14:53 +0800] "GET /digiarch3/content/nav/relationSubject.jsp?relationWords=%E6%9C%A8%E8%91%89%20%E7%9B%AE%E5%AD%94%20&oid=15255 HTTP/1.1" 200 3493
68.180.228.24 - - [25/Oct/2015:15:15:14 +0800] "GET /content/subject/resource_content.jsp?oid=16777492&queryType=qc HTTP/1.1" 200 35491
66.249.71.72 - - [25/Oct/2015:15:15:30 +0800] "GET /content/nav/relationSubject.jsp?relationWords=%E5%9C%93%E8%85%B9+%E8%8D%B7%E8%91%89+&oid=1842849 HTTP/1.1" 200 3388
66.249.71.64 - - [25/Oct/2015:15:15:31 +0800] "GET /content/nav/relationSubject.jsp?relationWords=%E5%9C%93%E8%85%B9%20%E8%8D%B7%E8%91%89%20&oid=1842849 HTTP/1.1" 200 3388
36.234.42.235 - - [25/Oct/2015:15:15:40 +0800] "GET /content/repository/resource_content.jsp?oid=1173449&queryString=%E5%B0%91%E6%95%B8%E6%B0%91%E6%97%8F%20%E7%99%BD%E8%8B%97%20%E8%8B%97%E6%97%8F%20%E8%9A%A9%E5%B0%A4%20%E9%9D%92%E8%8B%97 HTTP/1.1" 200 29900
36.234.42.235 - - [25/Oct/2015:15:15:42 +0800] "GET /content/nav/relationSubject.jsp?relationWords=%E7%99%BD%E8%8B%97+%E8%8B%97%E5%A5%B3+&oid=1173449 HTTP/1.1" 200 2998
211.72.155.55 - - [25/Oct/2015:15:16:03 +0800] "GET /content/repository/resource_content.jsp?oid=3825155&queryString=%E5%B7%A8%E8%91%89%E8%8A%B1%E9%81%A0%E5%BF%97%20%E6%A4%8D%E7%89%A9%E7%95%8C%20%E9%81%A0%E5%BF%97%20%E9%81%A0%E5%BF%97%E5%B1%AC%20%E9%81%A0%E5%BF%97%E7%A7%91 HTTP/1.1" 200 31156
211.72.155.55 - - [25/Oct/2015:15:16:06 +0800] "GET /content/nav/relationSubject.jsp?relationWords=%E5%9C%93%E9%8C%90%E8%8A%B1%E9%81%A0%E5%BF%97+%E6%A4%8D%E7%89%A9%E7%95%8C+%E8%8A%B1%E9%81%A0%E5%BF%97+%E9%81%A0%E5%BF%97+%E9%81%A0%E5%BF%97%E5%B1%AC+%E9%81%A0%E5%BF%97%E7%A7%91+&oid=3825155 HTTP/1.1" 200 3418
106.38.241.143 - - [25/Oct/2015:15:16:07 +0800] "GET /content/tmp_exh/resource_content.jsp?oid=16777737&queryType=qc HTTP/1.1" 200 29828
36.230.247.102 - - [25/Oct/2015:15:16:20 +0800] "GET /content/repository/resource_content.jsp?oid=1457691&queryString=%E6%A4%8D%E7%89%A9%E7%95%8C%20%E8%96%AF%E8%95%B7%E5%B1%AC%20%E8%96%AF%E8%95%B7%E7%A7%91%20%E8%A3%A1%E7%99%BD%E8%91%89%E8%96%AF%E6%A6%94 HTTP/1.1" 200 31120
36.230.247.102 - - [25/Oct/2015:15:16:21 +0800] "GET /content/nav/relationSubject.jsp?relationWords=%E6%A4%8D%E7%89%A9%E7%95%8C+%E7%99%BD%E8%91%89+%E7%99%BD%E8%91%89%E8%96%AF%E6%A6%94+%E8%96%AF%E6%A6%94+%E8%96%AF%E8%95%B7+%E8%96%AF%E8%95%B7%E5%B1%AC+%E8%96%AF%E8%95%B7%E7%A7%91+%E8%A3%A1%E7%99%BD%E8%91%89%E8%96%AF%E6%A6%94+&oid=1457691 HTTP/1.1" 200 3523
106.38.241.143 - - [25/Oct/2015:15:16:50 +0800] "GET /content/subject/resource_content.jsp?oid=16777333&queryType=qc HTTP/1.1" 200 32004
218.173.71.76 - - [25/Oct/2015:15:16:55 +0800] "GET /content/repository/resource_content.jsp?oid=2151297&queryString=%E5%85%94%E5%B0%BE%E8%8D%89%E5%B1%AC%20%E5%A4%A7%E8%91%89%E5%85%94%E5%B0%BE%E8%8D%89%20%E6%A4%8D%E7%89%A9%E7%95%8C%20%E8%A0%B6%E8%B1%86%20%E9%9B%99%E5%AD%90%E8%91%89%E6%A4%8D%E7%89%A9 HTTP/1.1" 200 31432
218.173.71.76 - - [25/Oct/2015:15:16:55 +0800] "GET /content/nav/relationSubject.jsp?relationWords=%E5%85%94%E5%B0%BE%E8%8D%89+%E5%85%94%E5%B0%BE%E8%8D%89%E5%B1%AC+%E5%A4%A7%E8%91%89%E5%85%94%E5%B0%BE%E8%8D%89+%E6%A4%8D%E7%89%A9%E7%95%8C+%E8%A0%B6%E8%B1%86+%E9%9B%99%E5%AD%90%E8%91%89+%E9%9B%99%E5%AD%90%E8%91%89%E6%A4%8D%E7%89%A9+&oid=2151297 HTTP/1.1" 200 3550
49.214.98.216 - - [25/Oct/2015:15:17:08 +0800] "GET /content/subject/resource_content.jsp?oid=16797240&queryType=qc HTTP/1.1" 200 42460
49.214.98.216 - - [25/Oct/2015:15:17:08 +0800] "GET /content/nav/relationSubject.jsp?relationWords=&oid=16797240 HTTP/1.1" 200 1405
106.38.241.143 - - [25/Oct/2015:15:17:30 +0800] "GET /content/subject/resource_content.jsp?oid=16777479&queryType=qc HTTP/1.1" 200 35800
116.16.162.239 - - [25/Oct/2015:15:17:55 +0800] "GET /favicon.ico?oid=16777665 HTTP/1.1" 404 14873
106.38.241.143 - - [25/Oct/2015:15:18:11 +0800] "GET /content/subject/resource_content.jsp?oid=16777572&queryType=qc HTTP/1.1" 200 30679
106.38.241.143 - - [25/Oct/2015:15:19:39 +0800] "GET /content/subject/resource_content.jsp?oid=16777341&queryType=qc HTTP/1.1" 200 37171
38.111.147.84 - - [25/Oct/2015:15:19:40 +0800] "GET /digiarch3/content/subject/resource_content.jsp?oid=16777499&queryType=qc HTTP/1.0" 200 44388
66.249.71.72 - - [25/Oct/2015:15:19:45 +0800] "GET /digiarch_en/content/repository/resource_content.jsp?oid=1112386&queryString=%E8%8C%84%E8%8B%B3 HTTP/1.1" 200 24042
111.253.212.160 - - [25/Oct/2015:15:20:21 +0800] "GET /content/nav/relationSubject.jsp?relationWords=%E8%B1%94%E7%B4%AB%E8%8D%8A+&oid=16777307 HTTP/1.1" 200 1881
106.38.241.143 - - [25/Oct/2015:15:20:32 +0800] "GET /content/subject/resource_content.jsp?oid=16777281&queryType=qc HTTP/1.1" 200 28200
66.249.71.60 - - [25/Oct/2015:15:21:25 +0800] "GET /content/repository/resource_content.jsp?oid=1535098 HTTP/1.1" 200 28541
106.38.241.143 - - [25/Oct/2015:15:21:50 +0800] "GET /content/subject/resource_content.jsp?oid=16777722&queryType=qc HTTP/1.1" 200 28634
66.249.71.64 - - [25/Oct/2015:15:22:10 +0800] "GET /content/repository/resource_content.jsp?oid=15491&queryString=%E9%8A%80%E9%AF%A7 HTTP/1.1" 200 35017
1.168.194.69 - - [25/Oct/2015:15:22:28 +0800] "GET /content/nav/relationSubject.jsp?relationWords=%E5%8F%B0%E7%81%A3%E6%AC%92%E6%A8%B9+%E6%AC%92%E6%A8%B9+%E8%8B%A6%E8%8B%93+%E8%8B%A6%E8%8B%93%E8%88%85+&oid=16777254 HTTP/1.1" 200 4383
106.38.241.143 - - [25/Oct/2015:15:22:34 +0800] "GET /content/subject/resource_content.jsp?oid=16777726&queryType=qc HTTP/1.1" 200 36427
220.181.108.123 - - [25/Oct/2015:15:23:51 +0800] "GET /content/repository/resource_content.jsp?oid=593065 HTTP/1.1" 200 28552
223.138.209.65 - - [25/Oct/2015:15:23:54 +0800] "GET /content/nav/relationSubject.jsp?relationWords=%E6%9C%A8%E7%8A%80+%E6%A1%82%E8%8A%B1+&oid=16777255 HTTP/1.1" 200 4029
66.249.71.14 - - [25/Oct/2015:15:24:38 +0800] "GET /digiarch3/content/pictures/picture_content.jsp?oid=33554628&classify=2562 HTTP/1.1" 200 27495
46.4.32.75 - - [25/Oct/2015:15:24:52 +0800] "GET /content/subject/resource_content.jsp?oid=16777279&queryType=qc HTTP/1.0" 200 34063
46.4.32.75 - - [25/Oct/2015:15:24:56 +0800] "GET /content/subject/resource_content.jsp?oid=16777452&queryType=qc HTTP/1.0" 200 33236
46.4.32.75 - - [25/Oct/2015:15:25:00 +0800] "GET /content/subject/resource_content.jsp?oid=16777454&queryType=qc HTTP/1.0" 200 30086
46.4.32.75 - - [25/Oct/2015:15:25:04 +0800] "GET /content/subject/resource_content.jsp?oid=16777506&queryType=qc HTTP/1.0" 200 45570
46.4.32.75 - - [25/Oct/2015:15:25:07 +0800] "GET /content/subject/resource_content.jsp?oid=16777514&queryType=qc HTTP/1.0" 200 42781
46.4.32.75 - - [25/Oct/2015:15:25:12 +0800] "GET /content/subject/resource_content.jsp?oid=16777619&queryType=qc HTTP/1.0" 200 78669
66.249.71.64 - - [25/Oct/2015:15:25:13 +0800] "GET /content/nav/relationSubject.jsp?relationWords=%E7%BE%8E%E5%B0%91%E5%A5%B3%20&oid=16777663 HTTP/1.1" 200 2214
46.4.32.75 - - [25/Oct/2015:15:25:16 +0800] "GET /content/subject/resource_content.jsp?oid=16777620&queryType=qc HTTP/1.0" 200 54747
38.111.147.84 - - [25/Oct/2015:15:25:17 +0800] "GET /digiarch3/content/subject/resource_content.jsp?oid=16777566&queryType=qc HTTP/1.0" 200 31713
46.4.32.75 - - [25/Oct/2015:15:25:20 +0800] "GET /content/subject/resource_content.jsp?oid=16777621&queryType=qc HTTP/1.0" 200 35719
46.4.32.75 - - [25/Oct/2015:15:25:23 +0800] "GET /content/subject/resource_content.jsp?oid=16777626&queryType=qc HTTP/1.0" 200 43114
46.4.32.75 - - [25/Oct/2015:15:25:28 +0800] "GET /content/subject/resource_content.jsp?oid=16777656&queryType=qc HTTP/1.0" 200 63424
46.4.32.75 - - [25/Oct/2015:15:25:32 +0800] "GET /content/subject/resource_content.jsp?oid=16777710&queryType=qc HTTP/1.0" 200 27761
46.4.32.75 - - [25/Oct/2015:15:25:36 +0800] "GET /content/subject/resource_content.jsp?oid=16797260&queryType=qc HTTP/1.0" 200 47287
46.4.32.75 - - [25/Oct/2015:15:25:40 +0800] "GET /content/subject/resource_content.jsp?oid=16797271&queryType=qc HTTP/1.0" 200 55229
46.4.32.75 - - [25/Oct/2015:15:25:44 +0800] "GET /content/subject/resource_content.jsp?oid=16797293&queryType=qc HTTP/1.0" 200 46190
66.249.77.85 - - [25/Oct/2015:15:26:00 +0800] "GET /content/nav/relationSubject.jsp?relationWords=&oid=16777652 HTTP/1.1" 200 1405
219.79.23.3 - - [25/Oct/2015:15:26:18 +0800] "GET /content/nav/relationSubject.jsp?relationWords=%E8%96%9C%E8%8D%94+&oid=16777485 HTTP/1.1" 200 3561
106.38.241.143 - - [25/Oct/2015:15:26:56 +0800] "GET /content/subject/resource_content.jsp?oid=16777715&queryType=qc HTTP/1.1" 200 34750
66.249.71.60 - - [25/Oct/2015:15:27:04 +0800] "GET /content/repository/resource_content.jsp?oid=17884 HTTP/1.1" 200 29747
66.249.71.64 - - [25/Oct/2015:15:27:26 +0800] "GET /content/nav/relationSubject.jsp?relationWords=%E5%B1%85%E5%BB%B6%E6%BC%A2%E7%B0%A1+%E6%BC%A2%E7%B0%A1+&oid=282132 HTTP/1.1" 200 3898
66.249.71.64 - - [25/Oct/2015:15:27:27 +0800] "GET /content/nav/relationSubject.jsp?relationWords=%E5%B1%85%E5%BB%B6%E6%BC%A2%E7%B0%A1%20%E6%BC%A2%E7%B0%A1%20&oid=282132 HTTP/1.1" 200 3898
117.19.112.244 - - [25/Oct/2015:15:27:28 +0800] "GET /content/nav/relationSubject.jsp?relationWords=%E8%8B%A6%E8%8B%93+&oid=16777317 HTTP/1.1" 200 3183
106.38.241.143 - - [25/Oct/2015:15:28:25 +0800] "GET /content/repository/resource_content.jsp?oid=1125115&queryType=qc HTTP/1.1" 200 34995
66.249.71.64 - - [25/Oct/2015:15:28:46 +0800] "GET /digiarch_en/content/nav/relationSubject.jsp?relationWords=%E6%A3%8B%E7%9B%A4%E8%85%B3%E6%A8%B9%20%E6%A3%8B%E7%9B%A4%E8%85%B3%E6%A8%B9%E5%B1%AC%20%E6%A4%8D%E7%89%A9%E7%95%8C%20%E6%B0%B4%E8%8C%84%20%E6%B0%B4%E8%8C%84%E8%8B%B3%20%E7%8E%89%E8%95%8A%E7%A7%91%20%E8%85%B3%E6%A8%B9%20%E8%8C%84%E8%8B%B3%20&oid=1112386 HTTP/1.1" 200 5288
220.181.108.163 - - [25/Oct/2015:15:28:56 +0800] "GET /content/repository/resource_content.jsp?oid=2666019 HTTP/1.1" 200 29877
106.38.241.143 - - [25/Oct/2015:15:29:03 +0800] "GET /content/repository/resource_content.jsp?oid=1535331 HTTP/1.1" 200 31294
66.249.71.60 - - [25/Oct/2015:15:29:30 +0800] "GET /content/repository/resource_content.jsp?oid=2145781&queryString=%E5%8D%97%E6%B9%96%E5%A4%A7%E5%B1%B1%20%E6%9D%9C%E9%B5%91%20%E7%8E%89%E5%B1%B1%E6%9D%9C%E9%B5%91%20%E7%B4%B0%E8%91%89%E6%9D%9C%E9%B5%91%20%E8%A5%BF%E6%96%BD%E8%8A%B1 HTTP/1.1" 200 31134
140.136.208.6 - - [25/Oct/2015:15:30:01 +0800] "GET /content/repository/resource_content.jsp?oid=783627&queryType=qs&queryString=%2B%E8%A2%81%E4%B8%96%E5%87%B1 HTTP/1.1" 200 27772
140.136.208.6 - - [25/Oct/2015:15:30:11 +0800] "GET /content/nav/relationSubject.jsp?relationWords=&oid=783627 HTTP/1.1" 200 1405
106.38.241.143 - - [25/Oct/2015:15:30:13 +0800] "GET /content/repository/resource_content.jsp?oid=1123624&queryType=qc HTTP/1.1" 200 32859
106.38.241.143 - - [25/Oct/2015:15:30:44 +0800] "GET /content/repository/resource_content.jsp?oid=1124751&queryType=qc HTTP/1.1" 200 35388
38.111.147.84 - - [25/Oct/2015:15:30:50 +0800] "GET /digiarch3/content/subject/resource_content.jsp?oid=16777568&queryType=qc HTTP/1.0" 200 34820
111.250.187.3 - - [25/Oct/2015:15:30:58 +0800] "GET /content/repository/resource_content.jsp?oid=14412&queryType=qs&queryString=%E6%B7%A1%E6%B0%B4%E9%AD%9A HTTP/1.1" 200 34040
111.250.187.3 - - [25/Oct/2015:15:30:59 +0800] "GET /content/nav/relationSubject.jsp?relationWords=%E6%BA%AA%E5%93%A5%E4%BB%94+%E7%B4%85%E8%B2%93+%E9%97%8A%E5%98%B4%E9%83%8E+%E9%AF%89%E7%A7%91+&oid=14412 HTTP/1.1" 200 3560
140.136.208.6 - - [25/Oct/2015:15:31:18 +0800] "GET /content/repository/resource_content.jsp?oid=4437526&queryType=qs&queryString=%2B%E8%A2%81%E4%B8%96%E5%87%B1 HTTP/1.1" 200 29207
140.136.208.6 - - [25/Oct/2015:15:31:22 +0800] "GET /content/nav/relationSubject.jsp?relationWords=%E8%87%BA%E7%81%A3%E7%B8%BD%E7%9D%A3%E5%BA%9C+%E8%A2%81%E4%B8%96%E5%87%B1+&oid=4437526 HTTP/1.1" 200 3443
111.250.187.3 - - [25/Oct/2015:15:31:27 +0800] "GET /content/repository/resource_content.jsp?oid=14413&queryType=qs&queryString=%E6%B7%A1%E6%B0%B4%E9%AD%9A HTTP/1.1" 200 34083
111.250.187.3 - - [25/Oct/2015:15:31:27 +0800] "GET /content/nav/relationSubject.jsp?relationWords=%E6%BA%AA%E5%93%A5%E4%BB%94+%E7%B4%85%E8%B2%93+%E9%AF%89%E7%A7%91+&oid=14413 HTTP/1.1" 200 3486
106.38.241.143 - - [25/Oct/2015:15:32:03 +0800] "GET /content/pictures/picture_content.jsp?oid=33554840&queryType=qc HTTP/1.1" 200 27866
66.249.71.64 - - [25/Oct/2015:15:32:24 +0800] "GET /content/nav/relationSubject.jsp?relationWords=%E4%B8%BB%E8%A8%88%E8%99%95+%E7%89%B9%E7%A8%AE%E5%9F%BA%E9%87%91+%E7%B6%9C%E5%90%88%E9%A0%90%E7%AE%97+%E8%87%BA%E7%81%A3%E7%9C%81%E6%94%BF%E5%BA%9C+%E8%A1%8C%E6%94%BF%E9%99%A2%E4%B8%BB%E8%A8%88%E8%99%95+%E8%BE%B2%E6%9E%97%E5%BB%B3+%E9%A0%90%E7%AE%97+&oid=1532761 HTTP/1.1" 200 5570
66.249.71.64 - - [25/Oct/2015:15:32:25 +0800] "GET /content/nav/relationSubject.jsp?relationWords=%E4%B8%BB%E8%A8%88%E8%99%95%20%E7%89%B9%E7%A8%AE%E5%9F%BA%E9%87%91%20%E7%B6%9C%E5%90%88%E9%A0%90%E7%AE%97%20%E8%87%BA%E7%81%A3%E7%9C%81%E6%94%BF%E5%BA%9C%20%E8%A1%8C%E6%94%BF%E9%99%A2%E4%B8%BB%E8%A8%88%E8%99%95%20%E8%BE%B2%E6%9E%97%E5%BB%B3%20%E9%A0%90%E7%AE%97%20&oid=1532761 HTTP/1.1" 200 5570
66.249.71.60 - - [25/Oct/2015:15:32:58 +0800] "GET /content/nav/relationSubject.jsp?relationWords=%E9%87%91%E9%AF%A7%20%E9%8A%80%E5%A4%A7%E7%9C%BC%E9%AF%A7%20%E9%8A%80%E9%AF%A7%20%E9%8A%80%E9%B1%97%E9%AF%A7%20%E9%8A%80%E9%B1%97%E9%AF%A7%E7%A7%91%20&oid=15491 HTTP/1.1" 200 3611
114.24.20.136 - - [25/Oct/2015:15:33:20 +0800] "GET /content/repository/resource_content.jsp?oid=572058&queryType=qs&queryString=%E6%88%B4%E5%BE%B7 HTTP/1.1" 200 28118
114.24.20.136 - - [25/Oct/2015:15:33:21 +0800] "GET /content/nav/relationSubject.jsp?relationWords=%E5%A6%A5%E8%BE%A6+%E6%88%B4%E5%BE%B7+%E6%88%B4%E5%BE%B7%E7%94%9F+%E7%A7%9F%E5%B1%8B+%E8%8B%B1%E6%95%99%E5%A3%AB+&oid=572058 HTTP/1.1" 200 3851
123.240.57.64 - - [25/Oct/2015:15:33:52 +0800] "GET /content/nav/relationSubject.jsp?relationWords=%E6%B5%B7%E6%A3%A0+%E7%A7%8B%E6%B5%B7%E6%A3%A0+&oid=16777279 HTTP/1.1" 200 4913
66.249.71.14 - - [25/Oct/2015:15:34:15 +0800] "GET /digiarch3/content/nav/relationSubject.jsp?relationWords=%E7%B5%A8%E5%B1%B1%E7%99%BD%E8%98%AD+&oid=33554628 HTTP/1.1" 200 3161
66.249.71.23 - - [25/Oct/2015:15:34:16 +0800] "GET /digiarch3/content/nav/relationSubject.jsp?relationWords=%E7%B5%A8%E5%B1%B1%E7%99%BD%E8%98%AD%20&oid=33554628 HTTP/1.1" 200 3161
66.249.71.60 - - [25/Oct/2015:15:34:22 +0800] "GET /content/repository/resource_content.jsp?oid=1637044&queryString=%E8%85%B9%E8%B6%B3%E7%B6%B1%20%E8%8A%8B%E8%9E%BA%E5%B1%AC%20%E8%8A%8B%E8%9E%BA%E7%A7%91%20%E9%9B%B2%E6%9C%B5%E8%8A%8B%E8%9E%BA HTTP/1.1" 200 31417
66.249.71.60 - - [25/Oct/2015:15:34:41 +0800] "GET /content/repository/resource_content.jsp?oid=1576449 HTTP/1.1" 200 28683
114.42.141.91 - - [25/Oct/2015:15:35:06 +0800] "GET /content/nav/relationSubject.jsp?relationWords=%E5%B1%B1%E8%8A%99%E8%93%89+%E6%9C%A8%E8%8A%99%E8%93%89+%E8%96%9B%E6%BF%A4+%E9%86%89%E8%8A%99%E8%93%89+&oid=16777260 HTTP/1.1" 200 4595
106.38.241.143 - - [25/Oct/2015:15:35:15 +0800] "GET /digiarch_en/content/subject/resource_content.jsp?oid=16777685&queryType=qc HTTP/1.1" 200 31838
106.38.241.143 - - [25/Oct/2015:15:35:55 +0800] "GET /digiarch_en/content/subject/resource_content.jsp?oid=16777467&queryType=qc HTTP/1.1" 200 73513
106.38.241.143 - - [25/Oct/2015:15:36:32 +0800] "GET /digiarch_en/content/subject/resource_content.jsp?oid=16777327&queryType=qc HTTP/1.1" 200 18022
38.111.147.84 - - [25/Oct/2015:15:36:44 +0800] "GET /digiarch3/content/subject/resource_content.jsp?oid=16777600&queryType=qc HTTP/1.0" 200 50257
66.249.71.105 - - [25/Oct/2015:15:36:48 +0800] "GET /content/repository/resource_content.jsp?oid=1552373&queryType=qs&queryString=%E9%9B%BB%E8%A7%A3 HTTP/1.1" 200 32814
66.249.79.186 - - [25/Oct/2015:15:36:50 +0800] "GET /content/subject/resource_content.jsp?oid=16797293&queryType=qc HTTP/1.1" 200 46243
106.38.241.143 - - [25/Oct/2015:15:37:06 +0800] "GET /digiarch_en/content/subject/resource_content.jsp?oid=16777254&queryType=qc HTTP/1.1" 200 30816
66.249.71.60 - - [25/Oct/2015:15:37:07 +0800] "GET /content/nav/relationSubject.jsp?relationWords=%E6%9D%9C%E9%B5%91%20%E6%9D%9C%E9%B5%91%E8%8A%B1%20%E6%9D%9C%E9%B5%91%E8%8A%B1%E5%B1%AC%20%E6%9D%9C%E9%B5%91%E8%8A%B1%E7%A7%91%20%E6%A3%AE%E6%B0%8F%E6%9D%9C%E9%B5%91%20%E6%A4%8D%E7%89%A9%E7%95%8C%20&oid=2145781 HTTP/1.1" 200 5136
68.180.228.24 - - [25/Oct/2015:15:37:08 +0800] "GET /content/subject/resource_content.jsp?oid=16777468&queryType=qc HTTP/1.1" 200 33264
66.249.71.64 - - [25/Oct/2015:15:37:28 +0800] "GET /content/nav/relationSubject.jsp?relationWords=%E5%A7%A6%E6%AE%BA+&oid=2519185 HTTP/1.1" 200 3062
66.249.71.72 - - [25/Oct/2015:15:37:29 +0800] "GET /content/nav/relationSubject.jsp?relationWords=%E5%A7%A6%E6%AE%BA%20&oid=2519185 HTTP/1.1" 200 3062
106.38.241.143 - - [25/Oct/2015:15:37:39 +0800] "GET /digiarch_en/content/subject/resource_content.jsp?oid=16777618&queryType=qc HTTP/1.1" 200 33747
66.249.71.60 - - [25/Oct/2015:15:37:53 +0800] "GET /content/subject/resource_content.jsp?oid=16777262&queryString=%E9%BB%91%E6%9D%BF%E6%A8%B9 HTTP/1.1" 200 33202
106.38.241.143 - - [25/Oct/2015:15:38:14 +0800] "GET /digiarch_en/content/subject/resource_content.jsp?oid=16777266&queryType=qc HTTP/1.1" 200 32729
68.180.228.24 - - [25/Oct/2015:15:38:37 +0800] "GET /digiarch_en/content/subject/resource_content.jsp?oid=16777600&queryType=qc HTTP/1.1" 200 38077
66.249.71.105 - - [25/Oct/2015:15:38:57 +0800] "GET /content/repository/resource_content.jsp?oid=2683720&queryType=qs&queryString=%E5%AF%B6%E6%BA%90%E5%B1%80 HTTP/1.1" 200 30213
106.38.241.143 - - [25/Oct/2015:15:39:21 +0800] "GET /content/tmp_exh/resource_content.jsp?oid=16777850&queryType=qc HTTP/1.1" 200 44459
106.38.241.143 - - [25/Oct/2015:15:39:48 +0800] "GET /content/repository/resource_content.jsp?oid=517984&queryType=qc HTTP/1.1" 200 41122
68.180.228.24 - - [25/Oct/2015:15:39:48 +0800] "GET /digiarch_en/content/pictures/picture_content.jsp?oid=33554788 HTTP/1.1" 200 21944
66.249.71.60 - - [25/Oct/2015:15:40:01 +0800] "GET /content/repository/resource_content.jsp?oid=2516064 HTTP/1.1" 200 29900
66.249.71.105 - - [25/Oct/2015:15:40:02 +0800] "GET /content/nav/relationSubject.jsp?relationWords=%E5%AE%AE%E5%A0%B1+%E6%8E%8C%E5%84%80%E5%8F%B8+&oid=2634788 HTTP/1.1" 200 3155
66.249.71.105 - - [25/Oct/2015:15:40:03 +0800] "GET /content/nav/relationSubject.jsp?relationWords=%E5%AE%AE%E5%A0%B1%20%E6%8E%8C%E5%84%80%E5%8F%B8%20&oid=2634788 HTTP/1.1" 200 3155
106.38.241.143 - - [25/Oct/2015:15:40:26 +0800] "GET /content/repository/resource_content.jsp?oid=523584&queryType=qc HTTP/1.1" 200 37007
66.249.71.60 - - [25/Oct/2015:15:41:05 +0800] "GET /content/repository/resource_content.jsp?oid=1112629 HTTP/1.1" 200 31017
66.249.71.64 - - [25/Oct/2015:15:41:41 +0800] "GET /digiarch_en/content/repository/resource_content.jsp?oid=1517342&queryString=%E6%96%87%E5%8C%96%E4%B8%AD%E5%BF%83%20%E7%A4%BE%E6%9C%83%E5%AD%B8%20%E7%AB%8B%E6%B3%95%E9%99%A2 HTTP/1.1" 200 24709
68.180.228.24 - - [25/Oct/2015:15:42:03 +0800] "GET /content/subject/resource_content.jsp?oid=16777842&queryType=qc HTTP/1.1" 200 36275
66.249.71.121 - - [25/Oct/2015:15:42:09 +0800] "GET /content/repository/resource_content.jsp?oid=1888086&queryType=qs&queryString=%E6%B0%B8%E5%B1%B1%E7%9B%9B%E9%8E%AE HTTP/1.1" 200 31123
38.111.147.84 - - [25/Oct/2015:15:43:05 +0800] "GET /digiarch3/content/subject/resource_content.jsp?oid=16777601&queryType=qc HTTP/1.0" 200 59026
114.27.213.183 - - [25/Oct/2015:15:43:11 +0800] "GET /content/repository/resource_content.jsp?oid=2680197&queryString=%E6%95%95%E4%BB%A4%20%E7%9D%A3%E6%92%AB%20%E8%AB%8B%E6%95%95 HTTP/1.1" 200 30566
114.27.213.183 - - [25/Oct/2015:15:43:13 +0800] "GET /content/nav/relationSubject.jsp?relationWords=%E5%8C%BE%E9%A1%8D+%E5%B7%A5%E9%83%A8+%E8%AB%8B%E6%95%95+&oid=2680197 HTTP/1.1" 200 3138
66.249.74.21 - - [25/Oct/2015:15:44:08 +0800] "GET /content/repository/resource_content.jsp?oid=1870435 HTTP/1.1" 200 30250
66.249.71.59 - - [25/Oct/2015:15:44:16 +0800] "GET /content/pictures/picture_content.jsp?oid=33554515&classify= HTTP/1.1" 200 26988
114.42.141.91 - - [25/Oct/2015:15:44:28 +0800] "GET /content/nav/relationSubject.jsp?relationWords=%E5%B1%B1%E8%8A%99%E8%93%89+%E6%9C%A8%E8%8A%99%E8%93%89+%E8%96%9B%E6%BF%A4+%E9%86%89%E8%8A%99%E8%93%89+&oid=16777260 HTTP/1.1" 200 4595
66.249.74.15 - - [25/Oct/2015:15:44:55 +0800] "GET /content/nav/relationSubject.jsp?relationWords=%E7%95%B0%E8%87%82%E8%8A%B1%E9%AE%A8%20%E8%8A%B1%E9%AE%A8%20%E9%AE%A8%E7%A7%91%20&oid=17884 HTTP/1.1" 200 3411
68.180.228.24 - - [25/Oct/2015:15:45:13 +0800] "GET /content/subject/resource_content.jsp?oid=16777293&queryType=qc HTTP/1.1" 200 32195
39.8.224.162 - - [25/Oct/2015:15:45:41 +0800] "GET /content/nav/relationSubject.jsp?relationWords=%E7%A9%97%E8%8A%B1%E5%B1%B1%E5%A5%88+%E9%87%8E%E8%96%91%E8%8A%B1+&oid=16777263 HTTP/1.1" 200 3284
123.125.71.72 - - [25/Oct/2015:15:46:12 +0800] "GET /content/repository/resource_content.jsp?oid=2678978 HTTP/1.1" 200 30257
66.249.71.121 - - [25/Oct/2015:15:46:56 +0800] "GET /content/nav/relationSubject.jsp?relationWords=%E5%85%AC%E9%96%8B%E6%8B%9B%E6%A8%99%20%E5%A4%A7%E8%B2%9D%20%E5%A4%A7%E8%B2%9D%E6%B9%96%20%E5%B1%B1%E5%B4%A9%20%E6%84%9B%E6%B2%B3%20%E6%8B%9B%E6%A8%99%20%E6%90%8D%E5%AE%B3%E8%A3%9C%E5%84%9F%20%E6%95%91%E6%BF%9F%E9%87%91%20%E6%A2%93%E5%AE%98%E9%84%89%20%E7%8E%8B%E5%9C%8B%E7%99%BC%20%E7%94%A2%E6%AC%8A%20%E7%B3%96%E5%BB%A0%20%E7%B6%93%E6%BF%9F%E9%83%A8%20%E8%87%BA%E7%81%A3%E9%9B%BB%E5%8A%9B%E5%85%AC%E5%8F%B8%20%E8%87%BA%E7%B3%96%20%E8%B3%AA%E8%A9%A2%20%E8%BC%94%E4%BB%81%20%E8%BC%94%E4%BB%81%E5%A4%A7%E5%AD%B8%20%E9%83%BD%E5%B8%82%E5%BB%BA%E8%A8%AD%20%E9%98%BF%E5%85%AC%E5%BA%97%20%E9%98%BF%E5%85%AC%E5%BA%97%E6%B0%B4%E5%BA%AB%20%E9%9B%BB%E8%A7%A3%20%E9%AB%98%E9%9B%84%E5%B8%82%20%E9%AD%9A%E8%8B%97%20%E9%B0%B1%E9%AD%9A%20&oid=1552373 HTTP/1.1" 200 4872
66.249.79.27 - - [25/Oct/2015:15:47:56 +0800] "GET /content/subject/resource_content.jsp?oid=16777488&queryType=qc HTTP/1.1" 200 60925
66.249.74.60 - - [25/Oct/2015:15:48:33 +0800] "GET /content/pictures/picture_content.jsp?oid=33554455&classify= HTTP/1.1" 200 27224
119.236.101.131 - - [25/Oct/2015:15:48:46 +0800] "GET /content/nav/relationSubject.jsp?relationWords=%E8%B1%94%E7%B4%AB%E8%8D%8A+&oid=16777307 HTTP/1.1" 200 1881
66.249.74.21 - - [25/Oct/2015:15:49:00 +0800] "GET /content/repository/resource_content.jsp?oid=1812489 HTTP/1.1" 200 28622
38.111.147.84 - - [25/Oct/2015:15:49:07 +0800] "GET /digiarch3/content/subject/resource_content.jsp?oid=16777615&queryType=qc HTTP/1.0" 200 37887
66.249.71.60 - - [25/Oct/2015:15:49:15 +0800] "GET /content/repository/resource_content.jsp?oid=1525217 HTTP/1.1" 200 28987
106.38.241.143 - - [25/Oct/2015:15:50:02 +0800] "GET /digiarch_en/content/tmp_exh/resource_content.jsp?oid=16777847&queryType=qc%201890 HTTP/1.1" 200 39822
106.38.241.143 - - [25/Oct/2015:15:50:20 +0800] "GET /digiarch_en/content/tmp_exh/resource_content.jsp?oid=16777847&queryType=qc HTTP/1.1" 200 39822
66.249.74.77 - - [25/Oct/2015:15:50:20 +0800] "GET /content/nav/relationSubject.jsp?relationWords=%E5%8D%97%E8%8F%AF%E8%96%AF%E8%95%B7+%E8%96%AF%E8%95%B7%E5%B1%AC+&oid=2142702 HTTP/1.1" 200 3227
66.249.71.105 - - [25/Oct/2015:15:50:33 +0800] "GET /content/nav/relationSubject.jsp?relationWords=%E5%8D%97%E8%8F%AF%E8%96%AF%E8%95%B7%20%E8%96%AF%E8%95%B7%E5%B1%AC%20&oid=2142702 HTTP/1.1" 200 3227
106.38.241.143 - - [25/Oct/2015:15:50:55 +0800] "GET /content/tmp_auth/resource_content.jsp?oid=16777633 HTTP/1.1" 200 52602
123.125.71.83 - - [25/Oct/2015:15:51:59 +0800] "GET /content/repository/resource_content.jsp?oid=2599665 HTTP/1.1" 200 29486
66.249.74.21 - - [25/Oct/2015:15:53:51 +0800] "GET /content/repository/resource_content.jsp?oid=1100765 HTTP/1.1" 200 31163
66.249.74.15 - - [25/Oct/2015:15:54:21 +0800] "GET /content/repository/resource_content.jsp?oid=1107438 HTTP/1.1" 200 31240
68.180.228.24 - - [25/Oct/2015:15:55:17 +0800] "GET /content/subject/resource_content.jsp?oid=16777272 HTTP/1.1" 200 45197
38.111.147.84 - - [25/Oct/2015:15:55:32 +0800] "GET /digiarch3/content/subject/resource_content.jsp?oid=16777623&queryType=qc HTTP/1.0" 200 31901
66.249.71.64 - - [25/Oct/2015:15:56:18 +0800] "GET /content/repository/resource_content.jsp?oid=1104116&queryString=%E5%81%87%E9%85%B8%E6%BC%BF%20%E6%A4%8D%E7%89%A9%E7%95%8C%20%E7%A2%A7%E6%9E%9C%E8%8D%89%E5%B1%AC%20%E7%B4%AB%E8%8D%89%E7%A7%91 HTTP/1.1" 200 31288
123.125.71.115 - - [25/Oct/2015:15:57:47 +0800] "GET /digiarch_en/content/subject/resource_content.jsp?oid=16777741&queryType=qc HTTP/1.1" 200 54372
66.249.71.60 - - [25/Oct/2015:15:57:51 +0800] "GET /content/nav/relationSubject.jsp?relationWords=%E8%85%B9%E8%B6%B3%E7%B6%B1%20%E8%8A%8B%E8%9E%BA%20%E8%8A%8B%E8%9E%BA%E5%B1%AC%20%E8%8A%8B%E8%9E%BA%E7%A7%91%20%E9%9B%B2%E6%9C%B5%E8%8A%8B%E8%9E%BA%20&oid=1637044 HTTP/1.1" 200 3443
66.249.74.75 - - [25/Oct/2015:15:58:08 +0800] "GET /content/nav/relationSubject.jsp?relationWords=%E5%81%A5%E5%BA%B7%E6%A1%88+%E5%B8%AB%E7%AF%84%E7%94%9F+%E7%BE%88%E6%8A%BC+&oid=1553966 HTTP/1.1" 200 3517
66.249.71.113 - - [25/Oct/2015:15:58:10 +0800] "GET /content/nav/relationSubject.jsp?relationWords=%E5%81%A5%E5%BA%B7%E6%A1%88%20%E5%B8%AB%E7%AF%84%E7%94%9F%20%E7%BE%88%E6%8A%BC%20&oid=1553966 HTTP/1.1" 200 3517
66.249.74.15 - - [25/Oct/2015:15:58:45 +0800] "GET /digiarch_en/content/repository/resource_content.jsp?oid=202743&queryString=%E4%B8%AD%E5%9C%8B%E5%A4%A7%E9%99%B8%E5%9C%B0%E5%9C%96%20%E5%93%88%E7%88%BE%E6%BF%B1 HTTP/1.1" 200 24265
66.249.71.72 - - [25/Oct/2015:16:00:34 +0800] "GET /digiarch_en/content/nav/relationSubject.jsp?relationWords=%E5%85%AC%E8%B3%A3%E4%BA%8B%E6%A5%AD%20%E5%8F%83%E8%AD%B0%E6%9C%83%20%E5%8F%B0%E7%81%A3%E7%9C%81%20%E5%9C%B0%E6%96%B9%E8%B2%A1%E6%94%BF%20%E6%B3%95%E9%99%A2%20%E7%89%B9%E5%88%A5%E9%A0%90%E7%AE%97%20%E7%AB%8B%E6%B3%95%E9%99%A2%20%E7%B8%A3%E8%AD%B0%E6%9C%83%20%E8%94%A3%E7%B8%BD%E7%B5%B1%20%E8%B2%A1%E6%94%BF%20%E8%B2%A1%E6%94%BF%E6%94%B6%E6%94%AF%20%E9%9B%B2%E6%9E%97%E7%B8%A3%E8%AD%B0%E6%9C%83%20%E9%A0%90%E7%AE%97%20&oid=1517342 HTTP/1.1" 200 5799
118.233.95.51 - - [25/Oct/2015:16:01:02 +0800] "GET /content/subject/resource_content.jsp?oid=16777706 HTTP/1.1" 200 53891
118.233.95.51 - - [25/Oct/2015:16:01:04 +0800] "GET /content/nav/relationSubject.jsp?relationWords=%E5%A0%A1%E5%9C%96+&oid=16777706 HTTP/1.1" 200 2864
38.111.147.84 - - [25/Oct/2015:16:02:14 +0800] "GET /digiarch3/content/subject/resource_content.jsp?oid=16777657&queryType=qc HTTP/1.0" 200 71691
66.249.77.85 - - [25/Oct/2015:16:02:23 +0800] "GET /content/subject/resource_content.jsp?oid=16797253&queryType=qc HTTP/1.1" 200 43053
60.248.222.1 - - [25/Oct/2015:16:02:36 +0800] "GET /content/exhibit/exhibit.jsp?oid=16777843 HTTP/1.1" 200 26107
60.248.222.1 - - [25/Oct/2015:16:02:37 +0800] "GET /content/exhibit/exhibit_content.jsp?oid=16777843 HTTP/1.1" 200 18534
66.249.74.124 - - [25/Oct/2015:16:03:28 +0800] "GET /digiarch3/content/repository/resource_content.jsp?oid=15075&queryString=%E5%87%86%E9%9B%80%E9%AF%9B%20%E7%B4%85%E7%8D%85%E5%85%AC%20%E7%B4%85%E8%B2%93%E4%BB%94%20%E7%B4%AB%E8%83%8C%E5%87%86%E9%9B%80%E9%AF%9B%20%E9%9B%80%E9%AF%9B%E7%A7%91%20%E9%A6%AC%E4%BE%86%E4%BA%9E HTTP/1.1" 200 35854
150.70.173.46 - - [25/Oct/2015:16:03:29 +0800] "GET /content/subject/resource_content.jsp?oid=16777660&queryType=qs&queryString=%E7%9A%87%E6%B0%91%E5%A5%89%E5%85%AC%E6%9C%83 HTTP/1.1" 200 70756
106.38.241.143 - - [25/Oct/2015:16:03:40 +0800] "GET /digiarch_en/content/repository/resource_content.jsp?oid=1123348&queryType=qc HTTP/1.1" 200 25055
150.70.173.55 - - [25/Oct/2015:16:03:45 +0800] "GET /content/subject/resource_content.jsp?oid=16777660&queryType=qs&queryString=%E7%9A%87%E6%B0%91%E5%A5%89%E5%85%AC%E6%9C%83 HTTP/1.1" 200 70756
106.38.241.143 - - [25/Oct/2015:16:04:08 +0800] "GET /digiarch_en/content/pictures/picture_content.jsp?oid=33554783&queryType=qc HTTP/1.1" 200 22230
106.38.241.143 - - [25/Oct/2015:16:04:21 +0800] "GET /digiarch_en/content/pictures/picture_content.jsp?oid=33554691&queryType=qc HTTP/1.1" 200 21803
182.155.232.84 - - [25/Oct/2015:16:04:24 +0800] "GET /content/nav/relationSubject.jsp?relationWords=%E7%A9%97%E8%8A%B1%E5%B1%B1%E5%A5%88+%E9%87%8E%E8%96%91%E8%8A%B1+&oid=16777263 HTTP/1.1" 200 3284
66.249.71.64 - - [25/Oct/2015:16:04:26 +0800] "GET /content/nav/relationSubject.jsp?relationWords=%E5%90%8C%E6%A5%AD%E5%85%AC%E6%9C%83+%E6%96%B0%E8%87%BA%E5%B9%A3+%E8%87%BA%E7%81%A3%E7%9C%81+&oid=1525217 HTTP/1.1" 200 4572
66.249.71.64 - - [25/Oct/2015:16:04:29 +0800] "GET /content/nav/relationSubject.jsp?relationWords=%E5%90%8C%E6%A5%AD%E5%85%AC%E6%9C%83%20%E6%96%B0%E8%87%BA%E5%B9%A3%20%E8%87%BA%E7%81%A3%E7%9C%81%20&oid=1525217 HTTP/1.1" 200 4572
106.38.241.143 - - [25/Oct/2015:16:04:37 +0800] "GET /digiarch_en/content/repository/resource_content.jsp?oid=1124651&queryType=qc HTTP/1.1" 200 25761
131.253.25.155 - - [25/Oct/2015:16:05:05 +0800] "GET /content/nav/relationSubject.jsp?relationWords=%E4%B8%89%E8%BC%AA%E8%BB%8A+%E5%90%88%E4%BD%9C%E7%A4%BE+%E5%91%82%E5%AE%89%E5%BE%B7+%E5%AE%89%E5%BE%B7+%E5%B7%A5%E6%9C%83+%E6%98%A5%E8%8F%8A+%E6%A2%81%E8%A8%B1%E6%98%A5%E8%8F%8A+%E6%B8%AF%E5%8B%99+%E6%B8%AF%E5%8B%99%E5%B1%80+%E7%8D%B8%E9%81%8B+%E7%8D%B8%E9%81%8B%E6%A5%AD%E8%BB%8A+%E7%9C%81%E6%94%BF%E5%BA%9C+%E7%9C%81%E8%AD%B0%E6%9C%83+%E8%81%B7%E6%A5%AD%E5%B7%A5%E6%9C%83+%E8%87%BA%E7%81%A3%E7%9C%81+%E8%87%BA%E7%81%A3%E7%9C%81%E8%AD%B0%E6%9C%83+%E8%94%A1%E4%BB%8B%E9%9B%84+%E8%94%A1%E5%BB%BA%E7%94%9F+%E8%94%A1%E6%9D%8E%E9%B4%A6+%E8%94%A1%E9%8C%A6%E6%A3%9F+%E8%A8%B1%E6%98%A5%E8%8F%8A+%E8%AC%9D%E8%B2%B4+%E8%AD%B0%E9%95%B7+%E9%AB%98%E9%9B%84%E5%B8%82+%E9%AB%98%E9%9B%84%E6%B8%AF+%E9%AB%98%E9%9B%84%E6%B8%AF%E5%8B%99%E5%B1%80+%E9%AD%8F%E7%B6%B8%E6%B4%B2+&oid=1900099 HTTP/1.1" 200 6767
66.249.71.14 - - [25/Oct/2015:16:06:03 +0800] "GET /content/repository/resource_content.jsp?oid=15764&queryString=%E6%9E%97%E6%8A%95%20%E6%B5%B7%E9%BE%8D%20%E7%83%88%E4%BB%94%20%E7%AE%A1%E5%94%87%E9%AD%9A%20%E9%87%91%E6%A2%AD%20%E9%87%91%E6%A2%AD%E9%B8%9A%E9%AF%9B%20%E9%9A%86%E9%A0%AD%E9%AD%9A%E7%A7%91 HTTP/1.1" 200 35586
66.249.71.60 - - [25/Oct/2015:16:06:38 +0800] "GET /content/subject/resource_content.jsp?oid=16797253&queryType=qc HTTP/1.1" 200 43053
36.225.197.46 - - [25/Oct/2015:16:07:10 +0800] "GET /content/repository/resource_content.jsp?oid=1531332 HTTP/1.1" 200 28572
36.225.197.46 - - [25/Oct/2015:16:07:11 +0800] "GET /content/nav/relationSubject.jsp?relationWords=%E8%87%BA%E7%81%A3%E7%9C%81+%E8%AD%A6%E6%B0%91%E5%8D%94%E6%9C%83+&oid=1531332 HTTP/1.1" 200 4408
66.249.71.23 - - [25/Oct/2015:16:07:24 +0800] "GET /content/nav/relationSubject.jsp?relationWords=%E4%B8%AD%E5%9F%8E%E5%AF%9F+&oid=2689223 HTTP/1.1" 200 3131
66.249.74.120 - - [25/Oct/2015:16:07:25 +0800] "GET /content/nav/relationSubject.jsp?relationWords=%E4%B8%AD%E5%9F%8E%E5%AF%9F%20&oid=2689223 HTTP/1.1" 200 3131
66.249.71.72 - - [25/Oct/2015:16:07:26 +0800] "GET /content/nav/relationSubject.jsp?relationWords=%E8%A2%81%E4%B8%96%E5%87%B1+&oid=4445439 HTTP/1.1" 200 2924
66.249.71.72 - - [25/Oct/2015:16:07:28 +0800] "GET /content/nav/relationSubject.jsp?relationWords=%E8%A2%81%E4%B8%96%E5%87%B1%20&oid=4445439 HTTP/1.1" 200 2924
106.38.241.143 - - [25/Oct/2015:16:07:48 +0800] "GET /content/tmp_auth/resource_content.jsp?oid=16777672 HTTP/1.1" 200 32077
66.249.71.72 - - [25/Oct/2015:16:08:29 +0800] "GET /content/repository/resource_content.jsp?oid=1898801 HTTP/1.1" 200 28844
66.249.71.23 - - [25/Oct/2015:16:08:46 +0800] "GET /digiarch3/content/subject/resource_content.jsp?oid=16777484&queryType=qs&queryString=%E7%9F%B3%E9%A0%AD%E5%85%AC HTTP/1.1" 200 72139
66.249.71.60 - - [25/Oct/2015:16:09:03 +0800] "GET /content/nav/relationSubject.jsp?relationWords=%E5%88%BB%E7%B4%8B%E7%99%BD%E9%99%B6%20%E5%BD%A2%E5%99%A8%E6%AE%98%20%E6%AE%98%E7%89%87%20%E7%99%BD%E9%99%B6%20%E7%99%BD%E9%99%B6%E8%B1%86%20%E8%B1%86%E5%BD%A2%E5%99%A8%20%E9%99%B6%E8%B1%86%20&oid=1870435 HTTP/1.1" 200 3308
66.249.77.97 - - [25/Oct/2015:16:09:50 +0800] "GET /content/subject/resource_content.jsp?oid=16797271&queryType=qc HTTP/1.1" 200 55290
61.231.41.165 - - [25/Oct/2015:16:10:47 +0800] "GET /content/nav/relationSubject.jsp?relationWords=%E9%BB%91%E6%9D%BF%E6%A8%B9+&oid=16777262 HTTP/1.1" 200 3253
66.249.71.64 - - [25/Oct/2015:16:10:54 +0800] "GET /digiarch_en/content/repository/resource_content.jsp?oid=15214&queryString=%E5%A4%A7%E5%B0%BE%20%E7%94%98%E4%BB%94%E9%AD%9A%20%E8%8C%83%E6%B0%8F HTTP/1.1" 200 27001
66.249.71.14 - - [25/Oct/2015:16:11:26 +0800] "GET /content/nav/relationSubject.jsp?relationWords=%E6%AC%BD%E5%A4%A9%E7%9B%A3+&oid=2640633 HTTP/1.1" 200 3093
66.249.71.14 - - [25/Oct/2015:16:11:28 +0800] "GET /content/nav/relationSubject.jsp?relationWords=%E6%AC%BD%E5%A4%A9%E7%9B%A3%20&oid=2640633 HTTP/1.1" 200 3093
66.249.71.72 - - [25/Oct/2015:16:11:58 +0800] "GET /content/repository/resource_content.jsp?oid=2150392 HTTP/1.1" 200 30977
66.249.71.60 - - [25/Oct/2015:16:13:20 +0800] "GET /content/repository/resource_content.jsp?oid=1596672 HTTP/1.1" 200 28694
39.13.194.101 - - [25/Oct/2015:16:13:36 +0800] "GET /content/repository/resource_content.jsp?oid=1598370 HTTP/1.1" 200 28798
39.13.194.101 - - [25/Oct/2015:16:13:39 +0800] "GET /content/nav/relationSubject.jsp?relationWords=%E4%BA%8C%E6%B0%B4+&oid=1598370 HTTP/1.1" 200 3448
66.249.71.60 - - [25/Oct/2015:16:14:06 +0800] "GET /content/subject/resource_content.jsp?oid=16777483&queryType=qs&queryString=%E5%B0%88%E8%B3%A3%E5%B1%80 HTTP/1.1" 200 43875
123.125.71.109 - - [25/Oct/2015:16:14:40 +0800] "GET /content/repository/resource_content.jsp?oid=2687847&queryType=qs&queryString=%E6%97%A8%E7%9F%A5 HTTP/1.1" 200 30011
66.249.74.18 - - [25/Oct/2015:16:15:10 +0800] "GET /content/subject/resource_content.jsp?oid=16777660&queryType=qs&queryString=%E6%84%9B%E5%9C%8B%E5%A9%A6%E4%BA%BA%E6%9C%83 HTTP/1.1" 200 70741
66.249.71.64 - - [25/Oct/2015:16:15:32 +0800] "GET /content/nav/relationSubject.jsp?relationWords=%E5%81%87%E9%85%B8%E6%BC%BF%20%E6%A4%8D%E7%89%A9%E7%95%8C%20%E7%A2%A7%E6%9E%9C%E8%8D%89%20%E7%A2%A7%E6%9E%9C%E8%8D%89%E5%B1%AC%20%E7%B4%AB%E8%8D%89%20%E7%B4%AB%E8%8D%89%E7%A7%91%20&oid=1104116 HTTP/1.1" 200 3442
66.249.74.18 - - [25/Oct/2015:16:15:57 +0800] "GET /content/nav/relationSubject.jsp?relationWords=%E5%9C%B0%E6%96%B9%E8%87%AA%E6%B2%BB+%E5%BD%B9%E6%94%BF+%E5%BD%B9%E7%94%B7+%E6%B0%91%E6%94%BF%E5%BB%B3+%E6%B5%B7%E5%9F%94%E6%96%B0%E7%94%9F%E5%9C%B0+%E8%AD%A6%E5%8B%99%E8%99%95+%E8%AD%A6%E6%B0%91%E5%8D%94%E6%9C%83+%E8%B4%85%E5%A4%AB+%E9%80%A0%E6%9E%97+%E9%84%89%E9%8E%AE%E9%95%B7+%E9%87%8C%E5%B9%B9%E4%BA%8B+%E9%87%91%E8%B0%B7+%E9%98%BF%E9%87%8C%E5%B1%B1%E6%9E%97%E5%A0%B4+%E9%AB%94%E4%BD%8D+%E9%AB%98%E9%AB%94+&oid=1547126 HTTP/1.1" 200 4120
66.249.71.64 - - [25/Oct/2015:16:15:59 +0800] "GET /content/nav/relationSubject.jsp?relationWords=%E5%9C%B0%E6%96%B9%E8%87%AA%E6%B2%BB%20%E5%BD%B9%E6%94%BF%20%E5%BD%B9%E7%94%B7%20%E6%B0%91%E6%94%BF%E5%BB%B3%20%E6%B5%B7%E5%9F%94%E6%96%B0%E7%94%9F%E5%9C%B0%20%E8%AD%A6%E5%8B%99%E8%99%95%20%E8%AD%A6%E6%B0%91%E5%8D%94%E6%9C%83%20%E8%B4%85%E5%A4%AB%20%E9%80%A0%E6%9E%97%20%E9%84%89%E9%8E%AE%E9%95%B7%20%E9%87%8C%E5%B9%B9%E4%BA%8B%20%E9%87%91%E8%B0%B7%20%E9%98%BF%E9%87%8C%E5%B1%B1%E6%9E%97%E5%A0%B4%20%E9%AB%94%E4%BD%8D%20%E9%AB%98%E9%AB%94%20&oid=1547126 HTTP/1.1" 200 4120
1.174.179.143 - - [25/Oct/2015:16:16:13 +0800] "GET /content/repository/resource_content.jsp?oid=1104302 HTTP/1.1" 200 30919
66.249.71.60 - - [25/Oct/2015:16:16:14 +0800] "GET /content/repository/resource_content.jsp?oid=1896650 HTTP/1.1" 200 28778
66.249.71.5 - - [25/Oct/2015:16:16:14 +0800] "GET /digiarch3/content/nav/relationSubject.jsp?relationWords=%E5%87%86%E9%9B%80%E9%AF%9B+%E7%B4%85%E7%8D%85%E5%85%AC+%E7%B4%85%E8%B2%93%E4%BB%94+%E8%A4%90%E5%87%86%E9%9B%80%E9%AF%9B+%E9%9B%80%E9%AF%9B%E7%A7%91+&oid=15075 HTTP/1.1" 200 3645
1.174.179.143 - - [25/Oct/2015:16:16:15 +0800] "GET /content/nav/relationSubject.jsp?relationWords=%E6%A4%8D%E7%89%A9%E7%95%8C+%E8%8B%A6%E7%93%9C+%E8%8B%A6%E7%93%9C%E5%B1%AC+%E8%8F%AB%E8%8F%9C+%E8%91%AB%E8%98%86%E7%A7%91+&oid=1104302 HTTP/1.1" 200 3284
