66.249.74.59 - - [14/Nov/2015:05:05:03 +0800] "GET /content/nav/relationSubject.jsp?relationWords=%E5%94%90%E6%A6%AE%20%E6%9D%8E%E7%A7%8B%E9%81%A0%20%E8%B3%AA%E8%A9%A2%20&oid=1547355 HTTP/1.1" 200 5329
66.249.71.105 - - [14/Nov/2015:05:06:16 +0800] "GET /content/nav/relationSubject.jsp?relationWords=%E5%8F%A4%E5%8C%97%E5%8F%A3+%E6%8F%90%E7%9D%A3+%E6%99%AF%E9%99%B5+%E7%91%9E%E8%8A%9D+%E7%BD%B2%E7%9B%B4%E9%9A%B8+&oid=2519625 HTTP/1.1" 200 4163
66.249.71.105 - - [14/Nov/2015:05:06:18 +0800] "GET /content/nav/relationSubject.jsp?relationWords=%E5%8F%A4%E5%8C%97%E5%8F%A3%20%E6%8F%90%E7%9D%A3%20%E6%99%AF%E9%99%B5%20%E7%91%9E%E8%8A%9D%20%E7%BD%B2%E7%9B%B4%E9%9A%B8%20&oid=2519625 HTTP/1.1" 200 4163
123.125.71.71 - - [14/Nov/2015:05:07:21 +0800] "GET /content/subject/resource_content.jsp?oid=16777615&queryType=qc HTTP/1.1" 200 37930
66.249.71.72 - - [14/Nov/2015:05:08:39 +0800] "GET /content/nav/relationSubject.jsp?relationWords=&oid=2587363 HTTP/1.1" 200 1405
66.249.71.72 - - [14/Nov/2015:05:09:39 +0800] "GET /content/repository/resource_content.jsp?oid=2551791 HTTP/1.1" 200 29699
66.249.71.60 - - [14/Nov/2015:05:13:36 +0800] "GET /content/repository/resource_content.jsp?oid=590060 HTTP/1.1" 200 27912
66.249.71.14 - - [14/Nov/2015:05:14:11 +0800] "GET /digiarch3/content/nav/relationSubject.jsp?relationWords=%E7%B1%A4%E7%AD%92+&oid=4362360 HTTP/1.1" 200 2951
66.249.71.5 - - [14/Nov/2015:05:14:13 +0800] "GET /digiarch3/content/nav/relationSubject.jsp?relationWords=%E7%B1%A4%E7%AD%92%20&oid=4362360 HTTP/1.1" 200 2951
66.249.71.60 - - [14/Nov/2015:05:14:27 +0800] "GET /content/nav/relationSubject.jsp?relationWords=&oid=590060 HTTP/1.1" 200 1405
66.249.71.60 - - [14/Nov/2015:05:14:30 +0800] "GET /content/nav/relationSubject.jsp?relationWords=%E9%84%92%E6%97%8F+&oid=3334402 HTTP/1.1" 200 3163
66.249.71.64 - - [14/Nov/2015:05:14:33 +0800] "GET /content/repository/resource_content.jsp?oid=2148372 HTTP/1.1" 200 30696
66.249.71.60 - - [14/Nov/2015:05:14:33 +0800] "GET /content/nav/relationSubject.jsp?relationWords=%E9%84%92%E6%97%8F%20&oid=3334402 HTTP/1.1" 200 3163
66.249.71.60 - - [14/Nov/2015:05:14:36 +0800] "GET /content/nav/relationSubject.jsp?relationWords=%E5%A4%A7%E8%91%89%E9%87%8E%E7%99%BE%E5%90%88%20%E6%A4%8D%E7%89%A9%E7%95%8C%20%E8%A0%B6%E8%B1%86%20%E9%87%8E%E7%99%BE%E5%90%88%E5%B1%AC%20%E9%9B%99%E5%AD%90%E8%91%89%E6%A4%8D%E7%89%A9%20&oid=1461697 HTTP/1.1" 200 3414
68.180.228.24 - - [14/Nov/2015:05:19:17 +0800] "GET /digiarch_en/content/subject/resource_content.jsp?oid=16777303&queryType=qc HTTP/1.1" 200 28161
66.249.71.60 - - [14/Nov/2015:05:19:23 +0800] "GET /content/repository/resource_content.jsp?oid=1833603 HTTP/1.1" 200 28631
198.24.239.34 - - [14/Nov/2015:05:19:51 +0800] "GET /content/nav/relationSubject.jsp?relationWords=%E7%A9%97%E8%8A%B1%E5%B1%B1%E5%A5%88+%E9%87%8E%E8%96%91%E8%8A%B1+&oid=16777263 HTTP/1.1" 200 3284
66.249.71.60 - - [14/Nov/2015:05:20:24 +0800] "GET /content/nav/relationSubject.jsp?relationWords=&oid=2556009 HTTP/1.1" 200 1405
66.249.71.5 - - [14/Nov/2015:05:23:03 +0800] "GET /digiarch3/content/repository/resource_content.jsp?oid=1081572&queryType=qs&queryString=%E9%A3%BC%E6%96%99 HTTP/1.1" 200 33506
66.249.71.60 - - [14/Nov/2015:05:24:15 +0800] "GET /content/repository/resource_content.jsp?oid=1827964 HTTP/1.1" 200 28859
66.249.71.72 - - [14/Nov/2015:05:29:07 +0800] "GET /content/repository/resource_content.jsp?oid=1877142 HTTP/1.1" 200 29059
68.180.228.24 - - [14/Nov/2015:05:32:55 +0800] "GET /content/subject/resource_content.jsp?oid=16777257&queryType=qc HTTP/1.1" 200 31200
68.180.228.24 - - [14/Nov/2015:05:33:06 +0800] "GET /content/pictures/picture_content.jsp?oid=33554790 HTTP/1.1" 200 27623
66.249.74.100 - - [14/Nov/2015:05:33:59 +0800] "GET /content/repository/resource_content.jsp?oid=2677714 HTTP/1.1" 200 28867
66.249.71.105 - - [14/Nov/2015:05:34:10 +0800] "GET /content/nav/relationSubject.jsp?relationWords=%E5%B1%B1%E5%9F%94%E5%A7%9C+%E6%8F%9A%E6%B3%A2+%E6%8F%9A%E6%B3%A2%E5%B1%AC+%E6%A4%8D%E7%89%A9%E7%95%8C+%E7%99%BD%E5%9F%94%E5%A7%9C+%E9%A7%81%E9%AA%A8%E4%B8%B9+%E9%BE%8D%E8%86%BD+&oid=2153004 HTTP/1.1" 200 3648
66.249.71.105 - - [14/Nov/2015:05:34:12 +0800] "GET /content/nav/relationSubject.jsp?relationWords=%E5%B1%B1%E5%9F%94%E5%A7%9C%20%E6%8F%9A%E6%B3%A2%20%E6%8F%9A%E6%B3%A2%E5%B1%AC%20%E6%A4%8D%E7%89%A9%E7%95%8C%20%E7%99%BD%E5%9F%94%E5%A7%9C%20%E9%A7%81%E9%AA%A8%E4%B8%B9%20%E9%BE%8D%E8%86%BD%20&oid=2153004 HTTP/1.1" 200 3648
40.77.167.16 - - [14/Nov/2015:05:37:28 +0800] "GET /content/subject/resource_content.jsp?oid=16777746&queryType=qc HTTP/1.1" 200 39168
66.249.71.14 - - [14/Nov/2015:05:38:51 +0800] "GET /digiarch3/content/subject/resource_content.jsp?oid=16777728&queryType=qs&queryString=%E8%BE%B2%E6%A5%AD%E5%A7%94%E5%93%A1%E6%9C%83 HTTP/1.1" 200 65174
220.181.108.149 - - [14/Nov/2015:05:39:50 +0800] "GET /content/subject/resource_content.jsp?oid=16777621 HTTP/1.1" 200 35774
66.249.71.60 - - [14/Nov/2015:05:40:52 +0800] "GET /content/nav/relationSubject.jsp?relationWords=%E5%B0%8F%E6%AF%9B%E6%B0%88%E8%8B%94%20%E6%A4%8D%E7%89%A9%E7%95%8C%20%E8%8C%85%E8%86%8F%E8%8F%9C%E5%B1%AC%20%E8%8C%85%E8%86%8F%E8%8F%9C%E7%A7%91%20&oid=1103019 HTTP/1.1" 200 3337
66.249.77.85 - - [14/Nov/2015:05:42:42 +0800] "GET /content/repository/resource_content.jsp?oid=1098434&queryString=%E4%BF%B1%E6%A8%82%E9%83%A8%20%E6%84%9B%E5%9C%8B%E5%A9%A6%E4%BA%BA%E6%9C%83%20%E6%A1%94%E6%A2%97 HTTP/1.1" 200 31217
66.249.71.72 - - [14/Nov/2015:05:43:42 +0800] "GET /content/repository/resource_content.jsp?oid=1844850&queryType=qs&queryString=%E5%A4%94%E7%B4%8B HTTP/1.1" 200 32614
66.249.71.64 - - [14/Nov/2015:05:46:27 +0800] "GET /content/nav/relationSubject.jsp?relationWords=%E6%AD%A6%E5%93%A1+&oid=2557173 HTTP/1.1" 200 3099
66.249.71.60 - - [14/Nov/2015:05:46:28 +0800] "GET /content/nav/relationSubject.jsp?relationWords=%E6%AD%A6%E5%93%A1%20&oid=2557173 HTTP/1.1" 200 3099
66.249.71.121 - - [14/Nov/2015:05:48:35 +0800] "GET /content/repository/resource_content.jsp?oid=14410&queryType=qs&queryString=%E5%94%87%E5%8F%A3 HTTP/1.1" 200 35179
68.180.228.24 - - [14/Nov/2015:05:48:55 +0800] "GET /digiarch_en/content/subject/resource_content.jsp?oid=16777654&queryType=qc HTTP/1.1" 200 46923
66.249.71.72 - - [14/Nov/2015:05:49:39 +0800] "GET /content/nav/relationSubject.jsp?relationWords=%E6%8B%93%E7%89%87+%E7%94%B2%E9%AA%A8%E6%96%87+&oid=1833603 HTTP/1.1" 200 4578
66.249.71.60 - - [14/Nov/2015:05:49:40 +0800] "GET /content/nav/relationSubject.jsp?relationWords=%E6%8B%93%E7%89%87%20%E7%94%B2%E9%AA%A8%E6%96%87%20&oid=1833603 HTTP/1.1" 200 4578
66.249.71.72 - - [14/Nov/2015:05:51:53 +0800] "GET /content/nav/relationSubject.jsp?relationWords=&oid=2571305 HTTP/1.1" 200 1405
66.249.71.72 - - [14/Nov/2015:05:52:31 +0800] "GET /content/repository/resource_content.jsp?oid=1781101&queryString=%E7%9B%9B%E5%85%B7%20%E9%9B%85%E7%BE%8E%20%E9%9B%85%E7%BE%8E%E6%97%8F%20%E9%AD%9A%E9%89%A4%E7%9B%92 HTTP/1.1" 200 28664
118.167.58.74 - - [14/Nov/2015:05:53:08 +0800] "GET /content/subject/resource_content.jsp?oid=16777581&queryString HTTP/1.1" 200 48438
118.167.58.74 - - [14/Nov/2015:05:53:10 +0800] "GET /content/nav/relationSubject.jsp?relationWords=%E8%A5%BF%E8%9E%BA%E5%A4%A7%E6%A9%8B+&oid=16777581 HTTP/1.1" 200 8161
66.249.71.64 - - [14/Nov/2015:05:53:26 +0800] "GET /content/repository/resource_content.jsp?oid=2150806&queryString=%E5%AF%AC%E7%BF%BC%E8%B1%86%20%E6%A4%8D%E7%89%A9%E7%95%8C%20%E8%A0%B6%E8%B1%86%20%E8%B3%BD%E8%8A%BB%E8%B1%86%E5%B1%AC%20%E9%9B%99%E5%AD%90%E8%91%89%E6%A4%8D%E7%89%A9 HTTP/1.1" 200 31263
220.181.108.179 - - [14/Nov/2015:05:56:06 +0800] "GET /content/subject/resource_content.jsp?oid=16777591&queryType=qc HTTP/1.1" 200 40758
66.249.71.105 - - [14/Nov/2015:05:58:18 +0800] "GET /content/repository/resource_content.jsp?oid=1778512&queryType=qs&queryString=%E5%B1%B1%E7%BE%8E%E7%A4%BE%E5%8D%80 HTTP/1.1" 200 33018
66.249.71.72 - - [14/Nov/2015:05:58:26 +0800] "GET /digiarch_en/content/nav/relationSubject.jsp?relationWords=%E5%A4%9A%E5%AA%92%E9%AB%94+&oid=1895045 HTTP/1.1" 200 3991
66.249.71.60 - - [14/Nov/2015:05:58:28 +0800] "GET /digiarch_en/content/nav/relationSubject.jsp?relationWords=%E5%A4%9A%E5%AA%92%E9%AB%94%20&oid=1895045 HTTP/1.1" 200 3991
40.77.167.16 - - [14/Nov/2015:05:58:47 +0800] "GET /content/subject/resource_content.jsp?oid=16777714 HTTP/1.1" 200 42382
66.249.71.60 - - [14/Nov/2015:05:59:12 +0800] "GET /content/nav/relationSubject.jsp?relationWords=%E4%BA%BA%E6%B0%91%E6%AC%8A%E5%88%A9+%E5%85%AC%E5%85%B1%E5%A0%B4%E6%89%80+%E5%B0%8E%E9%81%8A+%E6%88%B6%E5%8F%A3%E6%9F%A5%E5%AF%9F+%E8%87%BA%E7%81%A3%E7%9C%81+%E8%AD%A6%E5%8B%99%E8%99%95+%E9%A4%90%E5%BB%B3+&oid=1519881 HTTP/1.1" 200 5494
66.249.71.60 - - [14/Nov/2015:05:59:13 +0800] "GET /content/nav/relationSubject.jsp?relationWords=%E4%BA%BA%E6%B0%91%E6%AC%8A%E5%88%A9%20%E5%85%AC%E5%85%B1%E5%A0%B4%E6%89%80%20%E5%B0%8E%E9%81%8A%20%E6%88%B6%E5%8F%A3%E6%9F%A5%E5%AF%9F%20%E8%87%BA%E7%81%A3%E7%9C%81%20%E8%AD%A6%E5%8B%99%E8%99%95%20%E9%A4%90%E5%BB%B3%20&oid=1519881 HTTP/1.1" 200 5494
66.249.71.113 - - [14/Nov/2015:06:02:18 +0800] "GET /content/repository/resource_content.jsp?oid=2666557&queryType=qs&queryString=%E8%8B%97%E7%96%86 HTTP/1.1" 200 30443
66.249.71.60 - - [14/Nov/2015:06:02:41 +0800] "GET /content/nav/relationSubject.jsp?relationWords=%E5%8D%97%E6%B9%96%E5%A4%A7%E5%B1%B1+%E5%BF%97%E4%BD%B3%E9%99%BD%E6%9D%9C%E9%B5%91+%E6%9D%9C%E9%B5%91+%E6%9D%9C%E9%B5%91%E8%8A%B1+%E6%9D%9C%E9%B5%91%E8%8A%B1%E5%B1%AC+%E6%9D%9C%E9%B5%91%E8%8A%B1%E7%A7%91+%E6%A4%8D%E7%89%A9%E7%95%8C+%E7%B4%B0%E8%91%89%E6%9D%9C%E9%B5%91+&oid=1462832 HTTP/1.1" 200 5403
66.249.74.98 - - [14/Nov/2015:06:02:43 +0800] "GET /content/nav/relationSubject.jsp?relationWords=%E5%8D%97%E6%B9%96%E5%A4%A7%E5%B1%B1%20%E5%BF%97%E4%BD%B3%E9%99%BD%E6%9D%9C%E9%B5%91%20%E6%9D%9C%E9%B5%91%20%E6%9D%9C%E9%B5%91%E8%8A%B1%20%E6%9D%9C%E9%B5%91%E8%8A%B1%E5%B1%AC%20%E6%9D%9C%E9%B5%91%E8%8A%B1%E7%A7%91%20%E6%A4%8D%E7%89%A9%E7%95%8C%20%E7%B4%B0%E8%91%89%E6%9D%9C%E9%B5%91%20&oid=1462832 HTTP/1.1" 200 5403
66.249.71.60 - - [14/Nov/2015:06:03:07 +0800] "GET /content/nav/relationSubject.jsp?relationWords=&oid=2677714 HTTP/1.1" 200 1405
66.249.71.113 - - [14/Nov/2015:06:03:10 +0800] "GET /content/repository/resource_content.jsp?oid=3410548&queryType=qs&queryString=%E6%B7%AE%E9%B9%BA HTTP/1.1" 200 29472
40.77.167.88 - - [14/Nov/2015:06:03:29 +0800] "GET /content/nav/relationSubject.jsp?relationWords=%E9%BB%91%E6%9D%BF%E6%A8%B9+&oid=16777262 HTTP/1.1" 200 3253
66.249.71.60 - - [14/Nov/2015:06:04:06 +0800] "GET /content/nav/relationSubject.jsp?relationWords=%E5%8C%88%E4%BF%98+&oid=740077 HTTP/1.1" 200 3073
66.249.71.60 - - [14/Nov/2015:06:04:08 +0800] "GET /content/nav/relationSubject.jsp?relationWords=%E5%8C%88%E4%BF%98%20&oid=740077 HTTP/1.1" 200 3073
66.249.71.72 - - [14/Nov/2015:06:07:10 +0800] "GET /content/nav/relationSubject.jsp?relationWords=%E4%BA%BA%E5%90%8D%E6%AC%8A%E5%A8%81+%E5%BA%AB%E5%80%AB+%E5%BE%B7%E4%BF%98+&oid=739297 HTTP/1.1" 200 3193
66.249.71.60 - - [14/Nov/2015:06:07:12 +0800] "GET /content/nav/relationSubject.jsp?relationWords=%E4%BA%BA%E5%90%8D%E6%AC%8A%E5%A8%81%20%E5%BA%AB%E5%80%AB%20%E5%BE%B7%E4%BF%98%20&oid=739297 HTTP/1.1" 200 3193
66.249.71.155 - - [14/Nov/2015:06:08:02 +0800] "GET /content/repository/resource_content.jsp?oid=2545464&queryType=qs&queryString=%E5%93%A8%E5%AE%98 HTTP/1.1" 200 29094
66.249.71.14 - - [14/Nov/2015:06:09:17 +0800] "GET /digiarch3/content/nav/relationSubject.jsp?relationWords=&oid=16777728 HTTP/1.1" 200 1405
66.249.77.91 - - [14/Nov/2015:06:12:06 +0800] "GET /content/repository/resource_content.jsp?oid=1598717&queryString=%E8%87%BA%E9%90%B5%20%E9%9B%BB%E8%A6%96%E7%89%86 HTTP/1.1" 200 47440
220.181.108.81 - - [14/Nov/2015:06:12:20 +0800] "GET /digiarch_en/content/subject/resource_content.jsp?oid=16777631&queryType=qc HTTP/1.1" 200 25924
66.249.71.60 - - [14/Nov/2015:06:12:54 +0800] "GET /content/repository/resource_content.jsp?oid=1605502 HTTP/1.1" 200 28902
66.249.79.179 - - [14/Nov/2015:06:17:20 +0800] "GET /content/nav/relationSubject.jsp?relationWords=%E5%88%91%E9%83%A8+%E5%91%88%E6%8E%A7%E6%A1%88+%E8%A0%A1%E7%B8%A3+&oid=2673881 HTTP/1.1" 200 3186
66.249.71.155 - - [14/Nov/2015:06:17:21 +0800] "GET /content/nav/relationSubject.jsp?relationWords=%E5%88%91%E9%83%A8%20%E5%91%88%E6%8E%A7%E6%A1%88%20%E8%A0%A1%E7%B8%A3%20&oid=2673881 HTTP/1.1" 200 3186
66.249.71.60 - - [14/Nov/2015:06:17:46 +0800] "GET /content/repository/resource_content.jsp?oid=1607353 HTTP/1.1" 200 28353
68.180.228.24 - - [14/Nov/2015:06:17:56 +0800] "GET /digiarch_en/content/subject/resource_content.jsp?oid=16777312&queryType=qc HTTP/1.1" 200 22590
66.249.71.64 - - [14/Nov/2015:06:18:19 +0800] "GET /content/nav/relationSubject.jsp?relationWords=%E6%94%B6%E7%9B%8A%E6%A1%88+%E7%B3%96%E6%A5%AD+%E8%94%97%E8%BE%B2+&oid=1560736 HTTP/1.1" 200 3874
66.249.71.60 - - [14/Nov/2015:06:18:20 +0800] "GET /content/nav/relationSubject.jsp?relationWords=%E6%94%B6%E7%9B%8A%E6%A1%88%20%E7%B3%96%E6%A5%AD%20%E8%94%97%E8%BE%B2%20&oid=1560736 HTTP/1.1" 200 3874
66.249.71.121 - - [14/Nov/2015:06:19:58 +0800] "GET /content/nav/relationSubject.jsp?relationWords=%E5%8C%97%E9%84%92+%E5%B1%B1%E7%BE%8E%E7%A4%BE%E5%8D%80+%E6%B0%B8%E7%BA%8C%E7%99%BC%E5%B1%95+%E7%92%B0%E5%A2%83%E4%BF%9D%E8%AD%B7+%E7%A4%BE%E5%8D%80%E7%87%9F%E9%80%A0+%E7%A4%BE%E5%8D%80%E7%B8%BD%E9%AB%94%E7%87%9F%E9%80%A0+%E9%84%92%E6%97%8F+&oid=1778512 HTTP/1.1" 200 3553
66.249.71.105 - - [14/Nov/2015:06:20:00 +0800] "GET /content/nav/relationSubject.jsp?relationWords=%E5%8C%97%E9%84%92%20%E5%B1%B1%E7%BE%8E%E7%A4%BE%E5%8D%80%20%E6%B0%B8%E7%BA%8C%E7%99%BC%E5%B1%95%20%E7%92%B0%E5%A2%83%E4%BF%9D%E8%AD%B7%20%E7%A4%BE%E5%8D%80%E7%87%9F%E9%80%A0%20%E7%A4%BE%E5%8D%80%E7%B8%BD%E9%AB%94%E7%87%9F%E9%80%A0%20%E9%84%92%E6%97%8F%20&oid=1778512 HTTP/1.1" 200 3553
66.249.71.23 - - [14/Nov/2015:06:20:39 +0800] "GET /digiarch3/content/nav/relationSubject.jsp?relationWords=%E5%94%87%E9%AD%9A+%E6%9E%97%E6%8A%95+%E6%B5%B7%E9%BE%8D+%E7%83%88%E4%BB%94+%E7%AE%A1%E5%94%87%E9%AD%9A+%E9%87%91%E6%A2%AD+%E9%87%91%E6%A2%AD%E9%B8%9A%E9%AF%9B+%E9%9A%86%E9%A0%AD%E9%AD%9A+%E9%9A%86%E9%A0%AD%E9%AD%9A%E7%A7%91+%E9%B8%9A%E9%AF%9B+&oid=15713 HTTP/1.1" 200 3872
66.249.71.5 - - [14/Nov/2015:06:20:41 +0800] "GET /digiarch3/content/nav/relationSubject.jsp?relationWords=%E5%94%87%E9%AD%9A%20%E6%9E%97%E6%8A%95%20%E6%B5%B7%E9%BE%8D%20%E7%83%88%E4%BB%94%20%E7%AE%A1%E5%94%87%E9%AD%9A%20%E9%87%91%E6%A2%AD%20%E9%87%91%E6%A2%AD%E9%B8%9A%E9%AF%9B%20%E9%9A%86%E9%A0%AD%E9%AD%9A%20%E9%9A%86%E9%A0%AD%E9%AD%9A%E7%A7%91%20%E9%B8%9A%E9%AF%9B%20&oid=15713 HTTP/1.1" 200 3872
66.249.74.102 - - [14/Nov/2015:06:22:38 +0800] "GET /content/repository/resource_content.jsp?oid=1619164 HTTP/1.1" 200 28423
66.249.71.60 - - [14/Nov/2015:06:25:22 +0800] "GET /content/nav/relationSubject.jsp?relationWords=&oid=2601617 HTTP/1.1" 200 1405
66.249.71.64 - - [14/Nov/2015:06:25:35 +0800] "GET /content/nav/relationSubject.jsp?relationWords=%E4%B8%8D%E6%99%AF%E6%B0%A3+%E4%BD%8F%E5%AE%85%E8%B2%B8%E6%AC%BE+%E4%BF%A1%E7%94%A8%E5%8D%A1+%E5%88%A9%E7%8E%87+%E5%8C%AF%E7%8E%87+%E5%90%88%E4%BF%A1+%E5%9C%8B%E6%B0%91%E4%BD%8F%E5%AE%85+%E6%88%BF%E5%9C%B0%E7%94%A2+%E8%96%AA%E8%B3%87%E6%89%80%E5%BE%97+%E8%AD%A6%E5%AF%9F+%E8%B2%A1%E6%94%BF%E6%94%B6%E6%94%AF+%E8%B3%AA%E8%A9%A2+%E9%87%91%E4%BE%86+&oid=1620951 HTTP/1.1" 200 4718
66.249.71.60 - - [14/Nov/2015:06:25:36 +0800] "GET /content/nav/relationSubject.jsp?relationWords=%E4%B8%8D%E6%99%AF%E6%B0%A3%20%E4%BD%8F%E5%AE%85%E8%B2%B8%E6%AC%BE%20%E4%BF%A1%E7%94%A8%E5%8D%A1%20%E5%88%A9%E7%8E%87%20%E5%8C%AF%E7%8E%87%20%E5%90%88%E4%BF%A1%20%E5%9C%8B%E6%B0%91%E4%BD%8F%E5%AE%85%20%E6%88%BF%E5%9C%B0%E7%94%A2%20%E8%96%AA%E8%B3%87%E6%89%80%E5%BE%97%20%E8%AD%A6%E5%AF%9F%20%E8%B2%A1%E6%94%BF%E6%94%B6%E6%94%AF%20%E8%B3%AA%E8%A9%A2%20%E9%87%91%E4%BE%86%20&oid=1620951 HTTP/1.1" 200 4718
114.136.188.20 - - [14/Nov/2015:06:26:33 +0800] "GET /content/repository/resource_content.jsp?oid=1899284 HTTP/1.1" 200 29828
114.136.188.20 - - [14/Nov/2015:06:26:34 +0800] "GET /content/nav/relationSubject.jsp?relationWords=%E5%BC%B5%E5%AF%8C+%E5%BC%B5%E6%8C%AF%E7%94%9F+%E5%BE%B7%E8%A8%98+%E6%9E%97%E6%96%87%E4%BB%81+%E6%9E%97%E6%98%8E%E5%BE%B7+%E7%9C%81%E6%94%BF%E5%BA%9C+%E8%82%A1%E4%BB%BD%E6%9C%89%E9%99%90%E5%85%AC%E5%8F%B8+%E8%87%BA%E5%8C%97%E5%B8%82+%E8%91%A3%E4%BA%8B%E9%95%B7+%E8%AC%9D%E6%98%A5%E6%9C%A8+&oid=1899284 HTTP/1.1" 200 4922
66.249.71.72 - - [14/Nov/2015:06:27:30 +0800] "GET /content/repository/resource_content.jsp?oid=2597658 HTTP/1.1" 200 28814
157.55.39.105 - - [14/Nov/2015:06:27:30 +0800] "GET /content/repository/resource_content.jsp?oid=1599767&queryType=qs&queryString=%E5%AE%89%E5%85%A8%E5%B8%BD HTTP/1.1" 200 45247
66.249.77.97 - - [14/Nov/2015:06:27:31 +0800] "GET /content/nav/relationSubject.jsp?relationWords=%E7%AB%A0%E9%AD%9A+%E8%88%B9%E8%9B%B8+%E8%88%B9%E8%9B%B8%E5%B1%AC+%E9%97%8A%E8%88%B9%E8%9B%B8+%E9%A0%AD%E8%B6%B3%E7%B6%B1+&oid=1123966 HTTP/1.1" 200 3287
114.136.188.20 - - [14/Nov/2015:06:27:31 +0800] "GET /content/repository/resource_content.jsp?oid=1899284 HTTP/1.1" 200 29828
114.136.188.20 - - [14/Nov/2015:06:27:32 +0800] "GET /content/nav/relationSubject.jsp?relationWords=%E5%BC%B5%E5%AF%8C+%E5%BC%B5%E6%8C%AF%E7%94%9F+%E5%BE%B7%E8%A8%98+%E6%9E%97%E6%96%87%E4%BB%81+%E6%9E%97%E6%98%8E%E5%BE%B7+%E7%9C%81%E6%94%BF%E5%BA%9C+%E8%82%A1%E4%BB%BD%E6%9C%89%E9%99%90%E5%85%AC%E5%8F%B8+%E8%87%BA%E5%8C%97%E5%B8%82+%E8%91%A3%E4%BA%8B%E9%95%B7+%E8%AC%9D%E6%98%A5%E6%9C%A8+&oid=1899284 HTTP/1.1" 200 4922
66.249.77.85 - - [14/Nov/2015:06:27:32 +0800] "GET /content/nav/relationSubject.jsp?relationWords=%E7%AB%A0%E9%AD%9A%20%E8%88%B9%E8%9B%B8%20%E8%88%B9%E8%9B%B8%E5%B1%AC%20%E9%97%8A%E8%88%B9%E8%9B%B8%20%E9%A0%AD%E8%B6%B3%E7%B6%B1%20&oid=1123966 HTTP/1.1" 200 3287
114.136.188.20 - - [14/Nov/2015:06:27:39 +0800] "GET /content/repository/resource_content.jsp?oid=1531358&queryString=%E5%BC%B5%E5%AF%8C%20%E5%BC%B5%E6%8C%AF%E7%94%9F%20%E5%BE%B7%E8%A8%98%20%E6%9E%97%E6%96%87%E4%BB%81%20%E6%9E%97%E6%98%8E%E5%BE%B7%20%E7%9C%81%E6%94%BF%E5%BA%9C%20%E8%82%A1%E4%BB%BD%E6%9C%89%E9%99%90%E5%85%AC%E5%8F%B8%20%E8%87%BA%E5%8C%97%E5%B8%82%20%E8%91%A3%E4%BA%8B%E9%95%B7%20%E8%AC%9D%E6%98%A5%E6%9C%A8 HTTP/1.1" 200 31200
114.136.188.20 - - [14/Nov/2015:06:27:40 +0800] "GET /content/nav/relationSubject.jsp?relationWords=%E5%90%8C%E6%A5%AD%E5%85%AC%E6%9C%83+%E5%90%B3%E6%9C%89%E5%B1%B1+%E7%9C%81%E6%94%BF%E5%BA%9C+%E8%87%BA%E4%B8%AD%E7%B8%A3+%E8%87%BA%E5%8C%97%E5%B8%82+%E8%8C%B6%E5%AE%A4+%E8%AA%BF%E6%9F%A5%E7%A0%94%E7%A9%B6+&oid=1531358 HTTP/1.1" 200 4658
66.249.71.64 - - [14/Nov/2015:06:28:33 +0800] "GET /content/nav/relationSubject.jsp?relationWords=%E9%AA%A8%E6%9F%B6+&oid=1852791 HTTP/1.1" 200 2975
66.249.71.60 - - [14/Nov/2015:06:28:34 +0800] "GET /content/nav/relationSubject.jsp?relationWords=%E9%AA%A8%E6%9F%B6%20&oid=1852791 HTTP/1.1" 200 2975
68.180.228.24 - - [14/Nov/2015:06:29:15 +0800] "GET /digiarch_en/content/subject/resource_content.jsp?oid=16777600&queryType=qc HTTP/1.1" 200 37855
68.180.228.24 - - [14/Nov/2015:06:30:07 +0800] "GET /digiarch_en/content/pictures/picture_content.jsp?oid=33554816 HTTP/1.1" 200 22055
66.249.74.102 - - [14/Nov/2015:06:31:47 +0800] "GET /content/repository/resource_content.jsp?oid=1550054 HTTP/1.1" 200 28619
66.249.71.64 - - [14/Nov/2015:06:32:21 +0800] "GET /content/repository/resource_content.jsp?oid=2562920 HTTP/1.1" 200 29079
180.76.15.30 - - [14/Nov/2015:06:36:31 +0800] "GET /content/repository/resource_content.jsp?oid=1098870&queryString=%E7%A0%B4%E5%B8%83%E5%AD%90%20%E7%A0%B4%E5%B8%83%E5%AD%90%E5%B1%AC HTTP/1.1" 200 31489
123.125.68.187 - - [14/Nov/2015:06:37:04 +0800] "GET /digiarch_en/content/repository/resource_content.jsp?oid=217066&queryString=GIS%E5%9C%B0%E5%BD%A2%E5%9C%96%20%E5%A0%A1%E5%9C%96%20%E8%95%83%E5%9C%B0 HTTP/1.1" 500 15712
66.249.71.72 - - [14/Nov/2015:06:37:13 +0800] "GET /content/repository/resource_content.jsp?oid=1546804&queryString=%E8%81%B7%E6%A5%AD%E5%AD%B8%E6%A0%A1%20%E9%AB%98%E7%B4%9A%E8%81%B7%E6%A5%AD%E5%AD%B8%E6%A0%A1 HTTP/1.1" 200 29419
66.249.71.72 - - [14/Nov/2015:06:37:17 +0800] "GET /content/nav/relationSubject.jsp?relationWords=%E5%87%B1%E9%81%94%E6%A0%BC%E8%98%AD%E6%97%8F+%E5%8D%91%E5%8D%97%E6%97%8F+%E5%99%B6%E7%91%AA%E8%98%AD%E6%97%8F+%E5%B7%B4%E5%89%87%E6%B5%B7%E6%97%8F+%E5%B8%83%E8%BE%B2%E6%97%8F+%E7%89%A9%E8%B3%AA%E6%96%87%E5%8C%96+%E7%AB%B9%E5%99%A8+%E8%87%BA%E7%81%A3%E5%9C%9F%E8%91%97+%E8%B3%BD%E5%A4%8F%E6%97%8F+%E9%81%93%E5%8D%A1%E6%96%AF%E6%97%8F+%E9%84%92%E6%97%8F+%E9%9B%85%E7%BE%8E%E6%97%8F+&oid=1777268 HTTP/1.1" 200 3785
66.249.71.60 - - [14/Nov/2015:06:37:21 +0800] "GET /content/nav/relationSubject.jsp?relationWords=%E5%87%B1%E9%81%94%E6%A0%BC%E8%98%AD%E6%97%8F%20%E5%8D%91%E5%8D%97%E6%97%8F%20%E5%99%B6%E7%91%AA%E8%98%AD%E6%97%8F%20%E5%B7%B4%E5%89%87%E6%B5%B7%E6%97%8F%20%E5%B8%83%E8%BE%B2%E6%97%8F%20%E7%89%A9%E8%B3%AA%E6%96%87%E5%8C%96%20%E7%AB%B9%E5%99%A8%20%E8%87%BA%E7%81%A3%E5%9C%9F%E8%91%97%20%E8%B3%BD%E5%A4%8F%E6%97%8F%20%E9%81%93%E5%8D%A1%E6%96%AF%E6%97%8F%20%E9%84%92%E6%97%8F%20%E9%9B%85%E7%BE%8E%E6%97%8F%20&oid=1777268 HTTP/1.1" 200 3785
180.176.53.236 - - [14/Nov/2015:06:37:49 +0800] "GET /content/tmp_exh/resource_content.jsp?oid=16777849&queryString= HTTP/1.1" 200 32528
180.176.53.236 - - [14/Nov/2015:06:37:50 +0800] "GET /content/nav/relationSubject.jsp?relationWords=&oid=16777849 HTTP/1.1" 200 1405
131.253.25.139 - - [14/Nov/2015:06:41:03 +0800] "GET /content/nav/relationSubject.jsp?relationWords=%E5%B7%A1%E7%8B%A9+%E7%8E%8B%E8%88%B9+&oid=16777798 HTTP/1.1" 200 4751
66.249.71.64 - - [14/Nov/2015:06:41:36 +0800] "GET /content/repository/resource_content.jsp?oid=14996&queryString=%E8%97%8D%E9%BB%9E%E7%9F%B3%E6%96%91%E9%AD%9A%20%E9%AE%A8%E7%A7%91 HTTP/1.1" 200 35339
66.249.77.91 - - [14/Nov/2015:06:42:05 +0800] "GET /content/repository/resource_content.jsp?oid=1577946&queryString=%E4%B8%B9%E9%BA%A5%20%E4%BA%BA%E5%90%8D%E6%AC%8A%E5%A8%81%20%E5%BE%90%E4%B8%96%E6%98%8C HTTP/1.1" 200 29884
66.249.77.91 - - [14/Nov/2015:06:42:07 +0800] "GET /content/nav/relationSubject.jsp?relationWords=%E7%81%AB%E8%97%A5+&oid=2679012 HTTP/1.1" 200 3053
66.249.77.85 - - [14/Nov/2015:06:42:09 +0800] "GET /content/nav/relationSubject.jsp?relationWords=%E7%81%AB%E8%97%A5%20&oid=2679012 HTTP/1.1" 200 3053
66.249.77.85 - - [14/Nov/2015:06:42:29 +0800] "GET /content/nav/relationSubject.jsp?relationWords=%E5%8C%96%E5%A6%9D%E5%93%81+%E5%A4%9A%E6%A8%A3%E6%80%A7+%E5%B0%8F%E5%90%83+&oid=16777467 HTTP/1.1" 200 7322
220.181.108.186 - - [14/Nov/2015:06:44:52 +0800] "GET /content/subject/resource_content.jsp?oid=16777442&queryType=qc HTTP/1.1" 200 27851
66.249.77.91 - - [14/Nov/2015:06:45:04 +0800] "GET /content/nav/relationSubject.jsp?relationWords=%E5%81%87%E6%B5%B7%E9%A6%AC%E9%BD%92+%E5%81%87%E6%B5%B7%E9%A6%AC%E9%BD%92%E5%B1%AC+%E6%A4%8D%E7%89%A9%E7%95%8C+%E7%95%AA%E6%9D%8F+%E7%9F%B3%E7%AB%B9+&oid=3815385 HTTP/1.1" 200 3379
66.249.77.85 - - [14/Nov/2015:06:45:05 +0800] "GET /content/nav/relationSubject.jsp?relationWords=%E5%81%87%E6%B5%B7%E9%A6%AC%E9%BD%92%20%E5%81%87%E6%B5%B7%E9%A6%AC%E9%BD%92%E5%B1%AC%20%E6%A4%8D%E7%89%A9%E7%95%8C%20%E7%95%AA%E6%9D%8F%20%E7%9F%B3%E7%AB%B9%20&oid=3815385 HTTP/1.1" 200 3379
66.249.71.64 - - [14/Nov/2015:06:45:07 +0800] "GET /content/nav/relationSubject.jsp?relationWords=%E9%BE%8D%E5%8D%A0+%E9%BE%8D%E5%B0%96+&oid=15395 HTTP/1.1" 200 3328
66.249.71.60 - - [14/Nov/2015:06:45:08 +0800] "GET /content/nav/relationSubject.jsp?relationWords=%E9%BE%8D%E5%8D%A0%20%E9%BE%8D%E5%B0%96%20&oid=15395 HTTP/1.1" 200 3328
66.249.71.64 - - [14/Nov/2015:06:45:52 +0800] "GET /content/nav/relationSubject.jsp?relationWords=&oid=2578863 HTTP/1.1" 200 1405
66.249.79.27 - - [14/Nov/2015:06:46:39 +0800] "GET /content/nav/relationSubject.jsp?relationWords=%E5%8E%9A%E6%AE%BC%E4%BB%94+%E5%A4%A7%E7%9B%AE%E4%BB%94+%E7%80%BE%E5%85%AC%E5%A6%BE+%E8%B5%A4%E6%9D%BE%E6%AF%AC+%E9%87%91%E9%B1%97%E7%94%B2+%E9%87%91%E9%B1%97%E9%AD%9A%E7%A7%91+%E9%8B%B8%E9%B1%97+%E9%90%B5%E7%94%B2%E5%85%B5+%E9%90%B5%E7%B7%9A%E5%A9%86+%E9%B1%97%E9%AD%9A+&oid=14755 HTTP/1.1" 200 3795
66.249.71.64 - - [14/Nov/2015:06:46:57 +0800] "GET /content/repository/resource_content.jsp?oid=1862204 HTTP/1.1" 200 29169
66.249.71.72 - - [14/Nov/2015:06:48:11 +0800] "GET /content/nav/relationSubject.jsp?relationWords=%E5%85%AC%E5%82%B5+%E5%88%A9%E7%8E%87+&oid=1605235 HTTP/1.1" 200 4101
66.249.71.60 - - [14/Nov/2015:06:48:12 +0800] "GET /content/nav/relationSubject.jsp?relationWords=%E5%85%AC%E5%82%B5%20%E5%88%A9%E7%8E%87%20&oid=1605235 HTTP/1.1" 200 4101
66.249.74.98 - - [14/Nov/2015:06:48:30 +0800] "GET /digiarch_en/content/nav/relationSubject.jsp?relationWords=%E5%90%8F%E9%83%A8+%E6%96%B9%E9%BC%8E+&oid=2689767 HTTP/1.1" 200 3204
66.249.71.60 - - [14/Nov/2015:06:48:32 +0800] "GET /digiarch_en/content/nav/relationSubject.jsp?relationWords=%E5%90%8F%E9%83%A8%20%E6%96%B9%E9%BC%8E%20&oid=2689767 HTTP/1.1" 200 3204
66.249.71.60 - - [14/Nov/2015:06:49:00 +0800] "GET /content/nav/relationSubject.jsp?relationWords=&oid=2595481 HTTP/1.1" 200 1405
68.180.228.24 - - [14/Nov/2015:06:50:21 +0800] "GET /digiarch_en/content/pictures/picture_content.jsp?oid=33554691&queryType=qc HTTP/1.1" 200 21803
66.249.71.173 - - [14/Nov/2015:06:51:26 +0800] "GET /content/repository/resource_content.jsp?oid=4364390&queryString=%E5%A5%91%E7%B4%84%E6%96%87%E6%9B%B8%20%E5%A5%91%E7%B4%84%E6%9B%B8 HTTP/1.1" 200 28111
66.249.71.173 - - [14/Nov/2015:06:51:49 +0800] "GET /content/repository/resource_content.jsp?oid=1895036&queryString=%E5%9C%B0%E7%B1%8D%E5%9C%96 HTTP/1.1" 200 29362
66.249.71.173 - - [14/Nov/2015:06:52:05 +0800] "GET /content/nav/relationSubject.jsp?relationWords=%E5%9C%8B%E6%9C%89%E8%B2%A1%E7%94%A2+%E5%9C%B0%E7%B1%8D%E5%9C%96+%E5%BB%BA%E7%AF%89%E5%9F%B7%E7%85%A7+%E8%87%BA%E7%81%A3%E7%9C%81+%E8%AC%84%E6%9C%AC+%E8%B2%A1%E6%94%BF%E9%83%A8+%E9%83%BD%E5%B8%82%E7%99%BC%E5%B1%95+&oid=1895036 HTTP/1.1" 200 4673
66.249.71.155 - - [14/Nov/2015:06:52:07 +0800] "GET /content/nav/relationSubject.jsp?relationWords=%E5%9C%8B%E6%9C%89%E8%B2%A1%E7%94%A2%20%E5%9C%B0%E7%B1%8D%E5%9C%96%20%E5%BB%BA%E7%AF%89%E5%9F%B7%E7%85%A7%20%E8%87%BA%E7%81%A3%E7%9C%81%20%E8%AC%84%E6%9C%AC%20%E8%B2%A1%E6%94%BF%E9%83%A8%20%E9%83%BD%E5%B8%82%E7%99%BC%E5%B1%95%20&oid=1895036 HTTP/1.1" 200 4673
66.249.71.60 - - [14/Nov/2015:06:52:50 +0800] "GET /content/nav/relationSubject.jsp?relationWords=&oid=1634904 HTTP/1.1" 200 1405
66.249.71.60 - - [14/Nov/2015:06:53:16 +0800] "GET /content/nav/relationSubject.jsp?relationWords=&oid=2575632 HTTP/1.1" 200 1405
66.249.71.60 - - [14/Nov/2015:06:53:30 +0800] "GET /content/nav/relationSubject.jsp?relationWords=%E5%9C%8B%E6%9C%89%E6%9E%97+%E6%9D%8E%E7%85%A5+%E6%9D%8E%E7%85%A5%E6%AF%93+%E9%BB%83%E6%98%A5%E4%BE%86+&oid=1518367 HTTP/1.1" 200 4004
66.249.71.60 - - [14/Nov/2015:06:53:31 +0800] "GET /content/nav/relationSubject.jsp?relationWords=%E5%9C%8B%E6%9C%89%E6%9E%97%20%E6%9D%8E%E7%85%A5%20%E6%9D%8E%E7%85%A5%E6%AF%93%20%E9%BB%83%E6%98%A5%E4%BE%86%20&oid=1518367 HTTP/1.1" 200 4004
66.249.71.60 - - [14/Nov/2015:06:54:23 +0800] "GET /content/nav/relationSubject.jsp?relationWords=&oid=2585847 HTTP/1.1" 200 1405
66.249.71.64 - - [14/Nov/2015:06:54:46 +0800] "GET /content/nav/relationSubject.jsp?relationWords=&oid=2562920 HTTP/1.1" 200 1405
66.249.71.5 - - [14/Nov/2015:06:56:41 +0800] "GET /digiarch3/content/repository/resource_content.jsp?oid=2146269&queryString=%E5%A4%A7%E6%88%9F%20%E5%A4%A7%E6%88%9F%E7%A7%91%20%E5%BB%A3%E6%9D%B1%E6%B2%B9%E6%A1%90%20%E6%A4%8D%E7%89%A9%E7%95%8C%20%E6%B2%B9%E6%A1%90%E5%B1%AC%20%E7%9A%BA%E6%A1%90 HTTP/1.1" 200 31060
66.249.71.72 - - [14/Nov/2015:06:57:21 +0800] "GET /content/nav/relationSubject.jsp?relationWords=%E6%A2%9D%E7%8B%80%E7%A4%AA%E7%9F%B3+&oid=1850862 HTTP/1.1" 200 3017
66.249.71.60 - - [14/Nov/2015:06:57:22 +0800] "GET /content/nav/relationSubject.jsp?relationWords=%E6%A2%9D%E7%8B%80%E7%A4%AA%E7%9F%B3%20&oid=1850862 HTTP/1.1" 200 3017
40.77.167.69 - - [14/Nov/2015:06:57:34 +0800] "GET /content/tmp_tec/resource_content.jsp?oid=16777736 HTTP/1.1" 200 36881
40.77.167.69 - - [14/Nov/2015:06:57:52 +0800] "GET /content/nav/relationSubject.jsp?relationWords=%E8%8A%B1%E8%94%93+%E8%94%93%E6%BE%A4%E8%98%AD+&oid=16777266 HTTP/1.1" 200 4225
123.125.71.115 - - [14/Nov/2015:07:01:06 +0800] "GET /content/subject/resource_content.jsp?oid=16777423&queryType=qc HTTP/1.1" 200 39714
66.249.71.60 - - [14/Nov/2015:07:01:16 +0800] "GET /content/repository/resource_content.jsp?oid=1586538 HTTP/1.1" 200 28659
66.249.71.14 - - [14/Nov/2015:07:01:31 +0800] "GET /digiarch3/content/nav/relationSubject.jsp?relationWords=%E5%A4%A7%E6%88%9F+%E5%A4%A7%E6%88%9F%E5%B1%AC+%E5%A4%A7%E6%88%9F%E7%A7%91+%E6%A4%8D%E7%89%A9%E7%95%8C+&oid=2146269 HTTP/1.1" 200 3329
66.249.74.100 - - [14/Nov/2015:07:01:33 +0800] "GET /content/repository/resource_content.jsp?oid=14607&queryType=qs&queryString=%E7%94%B2%E6%AE%BC%E9%A1%9E HTTP/1.1" 200 35152
66.249.71.5 - - [14/Nov/2015:07:01:33 +0800] "GET /digiarch3/content/nav/relationSubject.jsp?relationWords=%E5%A4%A7%E6%88%9F%20%E5%A4%A7%E6%88%9F%E5%B1%AC%20%E5%A4%A7%E6%88%9F%E7%A7%91%20%E6%A4%8D%E7%89%A9%E7%95%8C%20&oid=2146269 HTTP/1.1" 200 3329
66.249.71.72 - - [14/Nov/2015:07:01:47 +0800] "GET /content/nav/relationSubject.jsp?relationWords=&oid=14607 HTTP/1.1" 200 1405
180.76.15.140 - - [14/Nov/2015:07:03:05 +0800] "GET /content/repository/resource_content.jsp?oid=4458808&queryType=qs&queryString=%E7%94%98%E8%97%B7 HTTP/1.1" 200 28711
61.227.247.212 - - [14/Nov/2015:07:03:11 +0800] "GET /content/repository/resource_content.jsp?oid=1109632&queryString=%E5%B9%B9%E8%8A%B1%E6%A6%95%20%E6%A4%8D%E7%89%A9%E7%95%8C%20%E6%A6%95%E5%B1%AC HTTP/1.1" 200 30924
61.227.247.212 - - [14/Nov/2015:07:03:13 +0800] "GET /content/nav/relationSubject.jsp?relationWords=%E5%B9%B9%E8%8A%B1%E6%A6%95+%E6%A4%8D%E7%89%A9%E7%95%8C+%E6%A6%95%E5%B1%AC+&oid=1109632 HTTP/1.1" 200 3303
66.249.71.60 - - [14/Nov/2015:07:04:21 +0800] "GET /digiarch_en/content/nav/relationSubject.jsp?relationWords=%E5%8D%97%E4%BA%9E%E8%9D%B8%E7%89%9B%E7%A7%91+%E5%A4%9A%E8%AE%8A%E9%AB%98%E8%85%B0%E8%9D%B8%E7%89%9B+%E6%9F%84%E7%9C%BC%E7%9B%AE+%E6%A0%97%E8%9D%B8%E7%89%9B%E5%B1%AC+%E8%85%B9%E8%B6%B3%E7%B6%B1+%E8%BB%9F%E9%AB%94%E5%8B%95%E7%89%A9%E9%96%80+&oid=4550044 HTTP/1.1" 200 3548
66.249.71.60 - - [14/Nov/2015:07:04:22 +0800] "GET /digiarch_en/content/nav/relationSubject.jsp?relationWords=%E5%8D%97%E4%BA%9E%E8%9D%B8%E7%89%9B%E7%A7%91%20%E5%A4%9A%E8%AE%8A%E9%AB%98%E8%85%B0%E8%9D%B8%E7%89%9B%20%E6%9F%84%E7%9C%BC%E7%9B%AE%20%E6%A0%97%E8%9D%B8%E7%89%9B%E5%B1%AC%20%E8%85%B9%E8%B6%B3%E7%B6%B1%20%E8%BB%9F%E9%AB%94%E5%8B%95%E7%89%A9%E9%96%80%20&oid=4550044 HTTP/1.1" 200 3548
66.249.74.63 - - [14/Nov/2015:07:06:10 +0800] "GET /content/nav/relationSubject.jsp?relationWords=%E5%80%89%E5%BB%92+%E5%98%89%E6%87%89+%E5%B8%B8%E5%B9%B3%E5%80%89+%E5%BB%92%E4%BA%8B+%E6%87%89%E5%B7%9E+&oid=2681016 HTTP/1.1" 200 3233
66.249.74.59 - - [14/Nov/2015:07:06:12 +0800] "GET /content/nav/relationSubject.jsp?relationWords=%E5%80%89%E5%BB%92%20%E5%98%89%E6%87%89%20%E5%B8%B8%E5%B9%B3%E5%80%89%20%E5%BB%92%E4%BA%8B%20%E6%87%89%E5%B7%9E%20&oid=2681016 HTTP/1.1" 200 3233
66.249.71.60 - - [14/Nov/2015:07:06:23 +0800] "GET /content/nav/relationSubject.jsp?relationWords=&oid=2560468 HTTP/1.1" 200 1405
66.249.71.23 - - [14/Nov/2015:07:06:24 +0800] "GET /digiarch3/content/repository/resource_content.jsp?oid=14741&queryType=qs&queryString=%E9%A6%AC%E7%B4%B9%E7%88%BE HTTP/1.1" 200 36560
66.249.71.14 - - [14/Nov/2015:07:06:40 +0800] "GET /digiarch3/content/nav/relationSubject.jsp?relationWords=%E7%80%BE%E5%85%AC%E5%A6%BE+%E9%87%91%E9%B1%97%E7%94%B2+%E9%87%91%E9%B1%97%E9%AD%9A%E7%A7%91+%E9%90%B5%E7%94%B2%E5%85%B5+%E9%90%B5%E7%B7%9A%E5%A9%86+%E9%BB%91%E9%BB%9E%E6%A3%98%E9%B1%97%E9%AD%9A+&oid=14741 HTTP/1.1" 200 3760
66.249.71.5 - - [14/Nov/2015:07:06:43 +0800] "GET /digiarch3/content/nav/relationSubject.jsp?relationWords=%E7%80%BE%E5%85%AC%E5%A6%BE%20%E9%87%91%E9%B1%97%E7%94%B2%20%E9%87%91%E9%B1%97%E9%AD%9A%E7%A7%91%20%E9%90%B5%E7%94%B2%E5%85%B5%20%E9%90%B5%E7%B7%9A%E5%A9%86%20%E9%BB%91%E9%BB%9E%E6%A3%98%E9%B1%97%E9%AD%9A%20&oid=14741 HTTP/1.1" 200 3760
66.249.74.102 - - [14/Nov/2015:07:07:51 +0800] "GET /content/nav/relationSubject.jsp?relationWords=%E7%89%9B%E5%B0%BE%E9%AD%9A+%E7%89%9B%E5%B0%BE%E9%AD%9A%E7%A7%91+&oid=24766 HTTP/1.1" 200 3493
66.249.71.60 - - [14/Nov/2015:07:07:53 +0800] "GET /content/nav/relationSubject.jsp?relationWords=%E7%89%9B%E5%B0%BE%E9%AD%9A%20%E7%89%9B%E5%B0%BE%E9%AD%9A%E7%A7%91%20&oid=24766 HTTP/1.1" 200 3493
66.249.71.23 - - [14/Nov/2015:07:11:16 +0800] "GET /content/repository/resource_content.jsp?oid=2660885&queryString=%E7%82%BA%E8%88%88%20%E8%88%88%E5%AE%89 HTTP/1.1" 200 30360
36.228.138.81 - - [14/Nov/2015:07:13:43 +0800] "GET /content/repository/resource_content.jsp?oid=1580986 HTTP/1.1" 200 28535
36.228.138.81 - - [14/Nov/2015:07:13:43 +0800] "GET /content/nav/relationSubject.jsp?relationWords=%E6%B0%91%E9%81%B8+&oid=1580986 HTTP/1.1" 200 5530
66.249.71.64 - - [14/Nov/2015:07:14:39 +0800] "GET /content/nav/relationSubject.jsp?relationWords=%E6%94%A4%E8%B2%A9+%E7%9C%81%E6%94%BF%E5%BA%9C+%E8%87%A8%E6%99%82%E7%9C%81%E8%AD%B0%E6%9C%83+%E8%87%BA%E7%81%A3%E7%9C%81+%E9%9B%A3%E6%B0%91+%E9%BB%83%E6%88%90%E9%87%91+&oid=1526103 HTTP/1.1" 200 4707
66.249.71.60 - - [14/Nov/2015:07:14:41 +0800] "GET /content/nav/relationSubject.jsp?relationWords=%E6%94%A4%E8%B2%A9%20%E7%9C%81%E6%94%BF%E5%BA%9C%20%E8%87%A8%E6%99%82%E7%9C%81%E8%AD%B0%E6%9C%83%20%E8%87%BA%E7%81%A3%E7%9C%81%20%E9%9B%A3%E6%B0%91%20%E9%BB%83%E6%88%90%E9%87%91%20&oid=1526103 HTTP/1.1" 200 4707
66.249.71.105 - - [14/Nov/2015:07:14:57 +0800] "GET /content/nav/relationSubject.jsp?relationWords=%E6%9E%97%E6%B8%85%E6%9D%BE+%E8%94%A1%E4%BB%8B%E9%9B%84+&oid=1890335 HTTP/1.1" 200 3290
66.249.71.105 - - [14/Nov/2015:07:14:59 +0800] "GET /content/nav/relationSubject.jsp?relationWords=%E6%9E%97%E6%B8%85%E6%9D%BE%20%E8%94%A1%E4%BB%8B%E9%9B%84%20&oid=1890335 HTTP/1.1" 200 3290
66.249.71.72 - - [14/Nov/2015:07:15:48 +0800] "GET /content/nav/relationSubject.jsp?relationWords=%E7%89%87%E5%82%AC+&oid=831345 HTTP/1.1" 200 3087
66.249.71.60 - - [14/Nov/2015:07:15:49 +0800] "GET /content/nav/relationSubject.jsp?relationWords=%E7%89%87%E5%82%AC%20&oid=831345 HTTP/1.1" 200 3087
66.249.71.64 - - [14/Nov/2015:07:16:08 +0800] "GET /content/repository/resource_content.jsp?oid=3821784&queryString=%E5%8F%B0%E7%81%A3%E5%97%A9%E5%90%B6%E8%8D%89%20%E5%97%A9%E5%90%B6%E8%8D%89%E5%B1%AC%20%E6%A4%8D%E7%89%A9%E7%95%8C%20%E8%96%94%E8%96%87%E7%9B%AE%20%E8%99%8E%E8%80%B3%E8%8D%89%E7%A7%91 HTTP/1.1" 200 31553
123.125.71.49 - - [14/Nov/2015:07:17:21 +0800] "GET /content/subject/resource_content.jsp?oid=16777568&queryType=qc HTTP/1.1" 200 34862
66.249.74.98 - - [14/Nov/2015:07:18:09 +0800] "GET /content/nav/relationSubject.jsp?relationWords=%E5%8F%B0%E7%81%A3%E5%97%A9%E5%90%B6%E8%8D%89+%E5%97%A9%E5%90%B6%E8%8D%89%E5%B1%AC+%E6%A4%8D%E7%89%A9%E7%95%8C+%E8%96%94%E8%96%87%E7%9B%AE+%E8%99%8E%E8%80%B3%E8%8D%89%E7%A7%91+&oid=3821784 HTTP/1.1" 200 3454
66.249.71.60 - - [14/Nov/2015:07:18:11 +0800] "GET /content/nav/relationSubject.jsp?relationWords=%E5%8F%B0%E7%81%A3%E5%97%A9%E5%90%B6%E8%8D%89%20%E5%97%A9%E5%90%B6%E8%8D%89%E5%B1%AC%20%E6%A4%8D%E7%89%A9%E7%95%8C%20%E8%96%94%E8%96%87%E7%9B%AE%20%E8%99%8E%E8%80%B3%E8%8D%89%E7%A7%91%20&oid=3821784 HTTP/1.1" 200 3454
66.249.71.60 - - [14/Nov/2015:07:20:41 +0800] "GET /content/nav/relationSubject.jsp?relationWords=%E5%9C%9F%E5%9C%B0%E6%89%80%E6%9C%89%E6%AC%8A%E4%BA%BA+%E5%B7%A5%E7%A8%8B%E5%8F%97%E7%9B%8A%E8%B2%BB+&oid=1589912 HTTP/1.1" 200 4002
66.249.71.60 - - [14/Nov/2015:07:20:52 +0800] "GET /content/nav/relationSubject.jsp?relationWords=%E5%9C%9F%E5%9C%B0%E6%89%80%E6%9C%89%E6%AC%8A%E4%BA%BA%20%E5%B7%A5%E7%A8%8B%E5%8F%97%E7%9B%8A%E8%B2%BB%20&oid=1589912 HTTP/1.1" 200 4002
66.249.71.60 - - [14/Nov/2015:07:20:53 +0800] "GET /content/nav/relationSubject.jsp?relationWords=%E7%9F%B3%E7%9C%BC+&oid=1877115 HTTP/1.1" 200 2963
66.249.71.60 - - [14/Nov/2015:07:20:55 +0800] "GET /content/nav/relationSubject.jsp?relationWords=%E7%9F%B3%E7%9C%BC%20&oid=1877115 HTTP/1.1" 200 2963
66.249.71.113 - - [14/Nov/2015:07:20:56 +0800] "GET /content/repository/resource_content.jsp?oid=1596646&queryType=qs&queryString=%E6%89%8B%E6%A6%B4%E5%BD%88 HTTP/1.1" 200 35931
66.249.71.64 - - [14/Nov/2015:07:21:00 +0800] "GET /content/repository/resource_content.jsp?oid=1099028 HTTP/1.1" 200 31004
66.249.71.72 - - [14/Nov/2015:07:21:44 +0800] "GET /content/nav/relationSubject.jsp?relationWords=%E5%B0%8F%E5%B1%AF%E5%A2%93+&oid=1834995 HTTP/1.1" 200 3026
66.249.71.60 - - [14/Nov/2015:07:21:45 +0800] "GET /content/nav/relationSubject.jsp?relationWords=%E5%B0%8F%E5%B1%AF%E5%A2%93%20&oid=1834995 HTTP/1.1" 200 3026
66.249.77.85 - - [14/Nov/2015:07:22:16 +0800] "GET /content/nav/relationSubject.jsp?relationWords=%E4%B8%AD%E5%BE%B7+%E4%BA%BA%E5%90%8D%E6%AC%8A%E5%A8%81+%E9%A1%8F%E6%83%A0%E6%85%B6+&oid=740929 HTTP/1.1" 200 3167
66.249.77.85 - - [14/Nov/2015:07:22:18 +0800] "GET /content/nav/relationSubject.jsp?relationWords=%E4%B8%AD%E5%BE%B7%20%E4%BA%BA%E5%90%8D%E6%AC%8A%E5%A8%81%20%E9%A1%8F%E6%83%A0%E6%85%B6%20&oid=740929 HTTP/1.1" 200 3167
66.249.71.64 - - [14/Nov/2015:07:22:51 +0800] "GET /content/nav/relationSubject.jsp?relationWords=%E8%87%BA%E7%81%A3%E7%9C%81+%E8%AD%B0%E9%95%B7+%E9%8C%A6%E6%A8%99%E8%B3%BD+%E9%AB%94%E8%82%B2+&oid=1895240 HTTP/1.1" 200 4463
66.249.71.60 - - [14/Nov/2015:07:22:54 +0800] "GET /content/nav/relationSubject.jsp?relationWords=%E8%87%BA%E7%81%A3%E7%9C%81%20%E8%AD%B0%E9%95%B7%20%E9%8C%A6%E6%A8%99%E8%B3%BD%20%E9%AB%94%E8%82%B2%20&oid=1895240 HTTP/1.1" 200 4463
101.139.97.57 - - [14/Nov/2015:07:24:51 +0800] "GET /digiarch3/content/subject/resource_content.jsp?oid=16777519&queryType=qc HTTP/1.1" 200 36026
101.139.97.57 - - [14/Nov/2015:07:24:55 +0800] "GET /digiarch3/content/nav/relationSubject.jsp?relationWords=%E7%9B%B8%E6%80%9D%E6%A8%B9+&oid=16777519 HTTP/1.1" 200 3659
66.249.71.105 - - [14/Nov/2015:07:25:08 +0800] "GET /content/nav/relationSubject.jsp?relationWords=%E5%90%8F%E9%83%A8+&oid=2688812 HTTP/1.1" 200 3101
66.249.71.105 - - [14/Nov/2015:07:25:11 +0800] "GET /content/nav/relationSubject.jsp?relationWords=%E5%90%8F%E9%83%A8%20&oid=2688812 HTTP/1.1" 200 3101
124.8.74.33 - - [14/Nov/2015:07:25:21 +0800] "GET /content/tmp_exh/resource_content.jsp?oid=16777849&queryString= HTTP/1.1" 200 32528
124.8.74.33 - - [14/Nov/2015:07:25:21 +0800] "GET /content/nav/relationSubject.jsp?relationWords=&oid=16777849 HTTP/1.1" 200 1405
40.77.167.100 - - [14/Nov/2015:07:25:37 +0800] "GET /content/repository/resource_content.jsp?oid=1773504 HTTP/1.1" 200 30263
66.249.77.85 - - [14/Nov/2015:07:25:52 +0800] "GET /content/subject/resource_content.jsp?oid=16797258&queryType=qc HTTP/1.1" 200 56110
101.139.97.57 - - [14/Nov/2015:07:29:10 +0800] "GET /digiarch3/content/subject/resource_content.jsp?oid=16777519&queryType=qc HTTP/1.1" 200 36026
101.139.97.57 - - [14/Nov/2015:07:29:14 +0800] "GET /digiarch3/content/nav/relationSubject.jsp?relationWords=%E7%9B%B8%E6%80%9D%E6%A8%B9+&oid=16777519 HTTP/1.1" 200 3659
66.249.74.98 - - [14/Nov/2015:07:29:27 +0800] "GET /content/nav/relationSubject.jsp?relationWords=%E6%AC%96%E5%BD%A2%E9%AA%A8%E7%8F%A0+&oid=1851492 HTTP/1.1" 200 3023
66.249.71.60 - - [14/Nov/2015:07:29:29 +0800] "GET /content/nav/relationSubject.jsp?relationWords=%E6%AC%96%E5%BD%A2%E9%AA%A8%E7%8F%A0%20&oid=1851492 HTTP/1.1" 200 3023
66.249.71.60 - - [14/Nov/2015:07:29:39 +0800] "GET /content/nav/relationSubject.jsp?relationWords=&oid=2564492 HTTP/1.1" 200 1405
66.249.71.72 - - [14/Nov/2015:07:30:43 +0800] "GET /content/tmp_exh/resource_content.jsp?oid=16777836&queryType=qc HTTP/1.1" 302 -
66.249.71.60 - - [14/Nov/2015:07:30:46 +0800] "GET /content/repository/resource_content.jsp?oid=4353093&queryString=%E5%85%AD%E5%B8%B6%E7%B7%9A%E7%B4%8B%E9%AD%9A%20%E5%85%AD%E7%B7%9A%E9%BB%91%E9%B1%B8%20%E5%8C%85%E5%85%AC%20%E9%AE%A8%E7%A7%91 HTTP/1.1" 200 34702
66.249.71.64 - - [14/Nov/2015:07:30:57 +0800] "GET /content/nav/relationSubject.jsp?relationWords=&oid=2582670 HTTP/1.1" 200 1405
66.249.71.60 - - [14/Nov/2015:07:31:21 +0800] "GET /content/nav/relationSubject.jsp?relationWords=%E4%B8%89%E5%8F%89%E9%A0%82+%E9%99%B8%E6%B8%AC%E5%9C%96+&oid=217271 HTTP/1.1" 200 3129
66.249.71.60 - - [14/Nov/2015:07:31:23 +0800] "GET /content/nav/relationSubject.jsp?relationWords=%E4%B8%89%E5%8F%89%E9%A0%82%20%E9%99%B8%E6%B8%AC%E5%9C%96%20&oid=217271 HTTP/1.1" 200 3129
66.249.71.60 - - [14/Nov/2015:07:31:35 +0800] "GET /content/nav/relationSubject.jsp?relationWords=&oid=2576883 HTTP/1.1" 200 1405
66.249.71.113 - - [14/Nov/2015:07:35:36 +0800] "GET /content/repository/resource_content.jsp?oid=1887934&queryString=%E5%BC%B5%E7%84%B1%E7%94%9F%20%E5%BD%B0%E5%8C%96%E9%8A%80%E8%A1%8C%20%E6%9D%9C%E9%A6%99%E5%9C%8B HTTP/1.1" 200 31679
66.249.71.72 - - [14/Nov/2015:07:39:21 +0800] "GET /content/repository/resource_content.jsp?oid=2673652 HTTP/1.1" 200 29852
66.249.74.61 - - [14/Nov/2015:07:40:28 +0800] "GET /content/repository/resource_content.jsp?oid=2673723&queryType=qs&queryString=%E9%8A%85%E6%A2%81%E7%B8%A3 HTTP/1.1" 200 30159
40.77.167.70 - - [14/Nov/2015:07:41:40 +0800] "GET /content/repository/resource_content.jsp?oid=1602234&queryType=qs&queryString=%E7%B1%B3%E8%A3%BD HTTP/1.1" 200 42366
66.249.71.72 - - [14/Nov/2015:07:44:22 +0800] "GET /content/nav/relationSubject.jsp?relationWords=%E5%B5%8C%E7%89%87+&oid=1868232 HTTP/1.1" 200 2987
66.249.71.60 - - [14/Nov/2015:07:44:24 +0800] "GET /content/nav/relationSubject.jsp?relationWords=%E5%B5%8C%E7%89%87%20&oid=1868232 HTTP/1.1" 200 2987
66.249.77.91 - - [14/Nov/2015:07:45:20 +0800] "GET /content/subject/resource_content.jsp?oid=16777725&queryType=qs&queryString=%E8%87%BA%E7%81%A3%E5%8E%9F%E4%BD%8F%E6%B0%91 HTTP/1.1" 200 33505
66.249.71.72 - - [14/Nov/2015:07:46:41 +0800] "GET /content/repository/resource_content.jsp?oid=2667935&queryString=%E7%B2%B5%E6%B5%B7%E9%97%9C%20%E9%97%9C%E7%A8%85 HTTP/1.1" 200 30286
66.249.77.97 - - [14/Nov/2015:07:47:13 +0800] "GET /content/nav/relationSubject.jsp?relationWords=%E5%8F%B0%E7%81%A3%E5%8E%9F%E4%BD%8F%E6%B0%91+%E6%95%B8%E4%BD%8D%E5%85%B8%E8%97%8F+&oid=16777725 HTTP/1.1" 200 7508
66.249.71.72 - - [14/Nov/2015:07:50:11 +0800] "GET /content/repository/resource_content.jsp?oid=217972&queryString=%E9%99%B8%E6%B8%AC%E5%9C%96%20%E9%99%B8%E8%89%AF%E7%B8%A3 HTTP/1.1" 200 30981
66.249.71.60 - - [14/Nov/2015:07:50:24 +0800] "GET /content/nav/relationSubject.jsp?relationWords=%E9%9D%92%E6%B5%B7%E7%9C%81%E5%9C%B0%E5%BD%A2%E5%9C%96+&oid=182793 HTTP/1.1" 200 3119
66.249.71.105 - - [14/Nov/2015:07:50:26 +0800] "GET /content/repository/resource_content.jsp?oid=4364229&queryType=qs&queryString=%E9%9B%9C%E7%B3%A7 HTTP/1.1" 200 29901
66.249.74.102 - - [14/Nov/2015:07:50:26 +0800] "GET /content/nav/relationSubject.jsp?relationWords=%E9%9D%92%E6%B5%B7%E7%9C%81%E5%9C%B0%E5%BD%A2%E5%9C%96%20&oid=182793 HTTP/1.1" 200 3119
66.249.74.98 - - [14/Nov/2015:07:51:33 +0800] "GET /content/nav/relationSubject.jsp?relationWords=%E6%8B%93%E7%89%87+%E7%94%B2%E9%AA%A8%E6%96%87+&oid=1821628 HTTP/1.1" 200 4578
66.249.71.60 - - [14/Nov/2015:07:51:34 +0800] "GET /content/nav/relationSubject.jsp?relationWords=%E6%8B%93%E7%89%87%20%E7%94%B2%E9%AA%A8%E6%96%87%20&oid=1821628 HTTP/1.1" 200 4578
115.43.94.222 - - [14/Nov/2015:07:52:17 +0800] "GET /content/repository/resource_content.jsp?oid=1100847&queryString=%E5%8E%9A%E6%AE%BC%E6%A8%B9%E5%B1%AC%20%E6%A4%8D%E7%89%A9%E7%95%8C%20%E7%A0%B4%E7%9A%AE%E7%83%8F%20%E7%B4%AB%E8%8D%89%E7%A7%91 HTTP/1.1" 200 31200
115.43.94.222 - - [14/Nov/2015:07:52:20 +0800] "GET /content/nav/relationSubject.jsp?relationWords=%E5%8E%9A%E6%AE%BC%E6%A8%B9%E5%B1%AC+%E6%A4%8D%E7%89%A9%E7%95%8C+%E7%A0%B4%E7%9A%AE%E7%83%8F+%E7%B4%AB%E8%8D%89%E7%A7%91+&oid=1100847 HTTP/1.1" 200 3295
66.249.71.60 - - [14/Nov/2015:07:52:53 +0800] "GET /content/nav/relationSubject.jsp?relationWords=%E8%AD%89%E5%88%B8%E4%BA%A4%E6%98%93%E6%89%80+&oid=1543273 HTTP/1.1" 200 4320
66.249.71.60 - - [14/Nov/2015:07:52:55 +0800] "GET /content/nav/relationSubject.jsp?relationWords=%E8%AD%89%E5%88%B8%E4%BA%A4%E6%98%93%E6%89%80%20&oid=1543273 HTTP/1.1" 200 4320
66.249.71.60 - - [14/Nov/2015:07:53:29 +0800] "GET /content/nav/relationSubject.jsp?relationWords=%E5%B0%81%E5%B7%9D%E7%B8%A3+%E9%99%B8%E6%B8%AC%E5%9C%96+&oid=218367 HTTP/1.1" 200 3129
66.249.71.60 - - [14/Nov/2015:07:53:31 +0800] "GET /content/nav/relationSubject.jsp?relationWords=%E5%B0%81%E5%B7%9D%E7%B8%A3%20%E9%99%B8%E6%B8%AC%E5%9C%96%20&oid=218367 HTTP/1.1" 200 3129
66.249.71.5 - - [14/Nov/2015:07:54:27 +0800] "GET /content/nav/relationSubject.jsp?relationWords=%E7%A5%A8%E7%B0%BD+&oid=2660885 HTTP/1.1" 200 3093
66.249.71.5 - - [14/Nov/2015:07:54:29 +0800] "GET /content/nav/relationSubject.jsp?relationWords=%E7%A5%A8%E7%B0%BD%20&oid=2660885 HTTP/1.1" 200 3093
66.249.71.72 - - [14/Nov/2015:07:55:11 +0800] "GET /content/nav/relationSubject.jsp?relationWords=%E9%AA%A8%E9%8C%90+&oid=1845073 HTTP/1.1" 200 2963
66.249.74.98 - - [14/Nov/2015:07:55:13 +0800] "GET /content/nav/relationSubject.jsp?relationWords=%E9%AA%A8%E9%8C%90%20&oid=1845073 HTTP/1.1" 200 2963
66.249.71.113 - - [14/Nov/2015:07:55:28 +0800] "GET /content/nav/relationSubject.jsp?relationWords=%E8%97%8F%E6%97%8F%20&oid=4364229 HTTP/1.1" 200 2171
68.180.230.178 - - [14/Nov/2015:07:57:49 +0800] "GET /content/subject/resource_content.jsp?oid=16797281&queryType=qc HTTP/1.1" 200 52953
66.249.71.72 - - [14/Nov/2015:08:00:06 +0800] "GET /content/nav/relationSubject.jsp?relationWords=%E5%9C%B0%E5%BD%A2%E5%9C%96+%E6%B2%82%E6%B0%B4+&oid=230059 HTTP/1.1" 200 4668
66.249.71.60 - - [14/Nov/2015:08:00:08 +0800] "GET /content/nav/relationSubject.jsp?relationWords=%E5%9C%B0%E5%BD%A2%E5%9C%96%20%E6%B2%82%E6%B0%B4%20&oid=230059 HTTP/1.1" 200 4668
66.249.71.60 - - [14/Nov/2015:08:00:22 +0800] "GET /content/nav/relationSubject.jsp?relationWords=%E9%BE%9C%E8%85%B9%E7%94%B2+&oid=1837423 HTTP/1.1" 200 3026
66.249.74.98 - - [14/Nov/2015:08:00:23 +0800] "GET /content/nav/relationSubject.jsp?relationWords=%E9%BE%9C%E8%85%B9%E7%94%B2%20&oid=1837423 HTTP/1.1" 200 3026
223.142.146.47 - - [14/Nov/2015:08:04:52 +0800] "GET /content/nav/relationSubject.jsp?relationWords=%E9%BB%91%E6%9D%BF%E6%A8%B9+&oid=16777262 HTTP/1.1" 200 3253
220.181.108.145 - - [14/Nov/2015:08:06:07 +0800] "GET /content/subject/resource_content.jsp?oid=16777482&queryType=qc HTTP/1.1" 200 37206
66.249.71.72 - - [14/Nov/2015:08:07:14 +0800] "GET /content/nav/relationSubject.jsp?relationWords=&oid=1626172 HTTP/1.1" 200 1405
39.9.3.53 - - [14/Nov/2015:08:07:23 +0800] "GET /content/subject/resource_content.jsp?oid=16777776&queryType=qc HTTP/1.1" 200 61601
39.9.3.53 - - [14/Nov/2015:08:07:28 +0800] "GET /content/nav/relationSubject.jsp?relationWords=%E7%81%8C%E5%9C%92%E5%85%88%E7%94%9F+%E9%87%91%E6%B3%B0+&oid=16777776 HTTP/1.1" 200 4257
40.77.167.62 - - [14/Nov/2015:08:09:07 +0800] "GET /content/nav/relationSubject.jsp?relationWords=&oid=16777543 HTTP/1.1" 200 1405
66.249.71.64 - - [14/Nov/2015:08:09:39 +0800] "GET /content/repository/resource_content.jsp?oid=1847114 HTTP/1.1" 200 29188
182.118.21.207 - - [14/Nov/2015:08:09:55 +0800] "GET /content/subject/resource_content.jsp?oid=16777616&queryType=qc HTTP/1.1" 200 27171
182.118.21.218 - - [14/Nov/2015:08:10:02 +0800] "GET /content/tmp_exh/resource_content.jsp?oid=16777754&queryType=qc HTTP/1.1" 302 -
66.249.71.64 - - [14/Nov/2015:08:10:06 +0800] "GET /content/repository/resource_content.jsp?oid=518134&queryString=%E4%B8%AD%E8%85%B9%E8%B6%B3%E7%9B%AE%20%E8%85%B9%E8%B6%B3%E7%B6%B1%20%E9%8C%90%E8%9C%B7%20%E9%8C%90%E8%9C%B7%E7%A7%91 HTTP/1.1" 200 31338
111.82.175.27 - - [14/Nov/2015:08:11:04 +0800] "GET /content/repository/resource_content.jsp?oid=1775977 HTTP/1.1" 200 32402
111.82.175.27 - - [14/Nov/2015:08:11:06 +0800] "GET /content/nav/relationSubject.jsp?relationWords=%E6%89%93%E8%B2%93+%E6%B4%AA%E9%9B%85%E6%97%8F+%E7%95%AA%E7%A4%BE+&oid=1775977 HTTP/1.1" 200 3674
66.249.71.72 - - [14/Nov/2015:08:11:54 +0800] "GET /content/nav/relationSubject.jsp?relationWords=&oid=23630 HTTP/1.1" 200 1405
66.249.71.64 - - [14/Nov/2015:08:14:01 +0800] "GET /content/nav/relationSubject.jsp?relationWords=&oid=1606597 HTTP/1.1" 200 1405
66.249.71.60 - - [14/Nov/2015:08:16:46 +0800] "GET /content/nav/relationSubject.jsp?relationWords=&oid=2520585 HTTP/1.1" 200 1405
66.249.71.121 - - [14/Nov/2015:08:17:26 +0800] "GET /content/nav/relationSubject.jsp?relationWords=%E7%9F%B3%E9%91%BF+&oid=4362165 HTTP/1.1" 200 3000
66.249.71.105 - - [14/Nov/2015:08:17:28 +0800] "GET /content/nav/relationSubject.jsp?relationWords=%E7%9F%B3%E9%91%BF%20&oid=4362165 HTTP/1.1" 200 3000
66.249.71.60 - - [14/Nov/2015:08:17:52 +0800] "GET /content/nav/relationSubject.jsp?relationWords=%E5%88%BA%E5%B0%BE%E9%AF%9B+%E5%88%BA%E5%B0%BE%E9%AF%9B%E7%A7%91+%E6%AB%9B%E9%BD%92%E5%88%BA%E5%B0%BE+%E9%9B%99%E6%96%91+&oid=3111910 HTTP/1.1" 200 3558
66.249.71.60 - - [14/Nov/2015:08:17:53 +0800] "GET /content/nav/relationSubject.jsp?relationWords=%E5%88%BA%E5%B0%BE%E9%AF%9B%20%E5%88%BA%E5%B0%BE%E9%AF%9B%E7%A7%91%20%E6%AB%9B%E9%BD%92%E5%88%BA%E5%B0%BE%20%E9%9B%99%E6%96%91%20&oid=3111910 HTTP/1.1" 200 3558
114.136.6.106 - - [14/Nov/2015:08:19:13 +0800] "GET /content/tmp_exh/resource_content.jsp?oid=16777849&queryString= HTTP/1.1" 200 32528
114.136.6.106 - - [14/Nov/2015:08:19:15 +0800] "GET /content/nav/relationSubject.jsp?relationWords=&oid=16777849 HTTP/1.1" 200 1405
66.249.71.14 - - [14/Nov/2015:08:19:22 +0800] "GET /digiarch/content/repository/resource_content.jsp?oid=1848862 HTTP/1.1" 404 14873
66.249.71.64 - - [14/Nov/2015:08:19:56 +0800] "GET /content/repository/resource_content.jsp?oid=2684997&queryString=%E4%BF%B8%E4%BA%8B%20%E6%9D%8E%E6%88%90%20%E8%A9%A6%E4%BF%B8 HTTP/1.1" 200 30125
150.70.173.45 - - [14/Nov/2015:08:21:00 +0800] "GET /content/tmp_exh/resource_content.jsp?oid=16777849&queryString= HTTP/1.1" 200 32528
66.249.71.64 - - [14/Nov/2015:08:21:03 +0800] "GET /content/nav/relationSubject.jsp?relationWords=%E7%9B%A3%E7%8A%AF%E7%97%85+&oid=2554314 HTTP/1.1" 200 3066
66.249.74.98 - - [14/Nov/2015:08:21:05 +0800] "GET /content/nav/relationSubject.jsp?relationWords=%E7%9B%A3%E7%8A%AF%E7%97%85%20&oid=2554314 HTTP/1.1" 200 3066
