66.249.71.72 - - [30/Oct/2015:05:26:49 +0800] "GET /content/nav/relationSubject.jsp?relationWords=%E5%9C%9F%E5%9C%B0%E9%8A%80%E8%A1%8C+%E8%87%A8%E6%99%82%E7%9C%81%E8%AD%B0%E6%9C%83+%E8%87%BA%E7%81%A3%E7%9C%81+&oid=1543313 HTTP/1.1" 200 4488
66.249.71.72 - - [30/Oct/2015:05:26:53 +0800] "GET /content/nav/relationSubject.jsp?relationWords=%E5%9C%9F%E5%9C%B0%E9%8A%80%E8%A1%8C%20%E8%87%A8%E6%99%82%E7%9C%81%E8%AD%B0%E6%9C%83%20%E8%87%BA%E7%81%A3%E7%9C%81%20&oid=1543313 HTTP/1.1" 200 4488
66.249.71.64 - - [30/Oct/2015:05:28:12 +0800] "GET /content/repository/resource_content.jsp?oid=2662073 HTTP/1.1" 200 30053
157.55.39.14 - - [30/Oct/2015:05:28:14 +0800] "GET /content/repository/resource_content.jsp?oid=1633846 HTTP/1.1" 200 28943
66.249.74.100 - - [30/Oct/2015:05:29:46 +0800] "GET /content/subject/resource_content.jsp?oid=16777803&queryType=qc HTTP/1.1" 200 33506
66.249.71.72 - - [30/Oct/2015:05:30:17 +0800] "GET /content/repository/resource_content.jsp?oid=2146089 HTTP/1.1" 200 30945
66.249.71.60 - - [30/Oct/2015:05:30:35 +0800] "GET /content/nav/relationSubject.jsp?relationWords=%E5%8A%A0%E6%B2%B9%E7%AB%99+%E7%9F%B3%E6%B2%B9+%E9%B3%B3%E5%B1%B1%E5%B8%82+&oid=1593385 HTTP/1.1" 200 3783
66.249.71.64 - - [30/Oct/2015:05:30:39 +0800] "GET /content/nav/relationSubject.jsp?relationWords=%E5%8A%A0%E6%B2%B9%E7%AB%99%20%E7%9F%B3%E6%B2%B9%20%E9%B3%B3%E5%B1%B1%E5%B8%82%20&oid=1593385 HTTP/1.1" 200 3783
66.249.77.85 - - [30/Oct/2015:05:32:13 +0800] "GET /content/repository/resource_content.jsp?oid=743181&queryString=%E4%B8%AD%E5%BE%B7%20%E7%AD%86%E9%8C%84%20%E7%B0%BD%E5%AD%97%E7%AD%86 HTTP/1.1" 200 28806
66.249.71.72 - - [30/Oct/2015:05:32:22 +0800] "GET /content/repository/resource_content.jsp?oid=3818071&queryString=%E5%A4%A7%E8%91%89%E5%B1%B1%E6%AC%96%20%E6%8B%BC%E6%9D%BF%E8%88%9F%20%E9%81%94%E6%82%9F%E6%97%8F HTTP/1.1" 200 31052
66.249.74.100 - - [30/Oct/2015:05:33:01 +0800] "GET /content/nav/relationSubject.jsp?relationWords=%E5%BD%A9%E7%B9%AA%20&oid=16777833 HTTP/1.1" 200 4749
220.137.109.204 - - [30/Oct/2015:05:33:05 +0800] "GET /content/nav/relationSubject.jsp?relationWords=%E8%96%9C%E8%8D%94+&oid=16777485 HTTP/1.1" 200 3561
66.249.71.60 - - [30/Oct/2015:05:33:27 +0800] "GET /content/repository/resource_content.jsp?oid=1576449 HTTP/1.1" 200 28683
220.181.108.146 - - [30/Oct/2015:05:34:08 +0800] "GET /content/subject/resource_content.jsp?oid=16777656&queryType=qc HTTP/1.1" 200 63538
66.249.71.64 - - [30/Oct/2015:05:34:27 +0800] "GET /content/repository/resource_content.jsp?oid=14230&queryString=%E5%8F%B0%E7%81%A3%E9%AD%9A%E9%A1%9E%20%E5%A4%9A%E6%A8%A3%E6%80%A7%20%E6%B5%B7%E9%AE%AE%20%E7%92%B0%E4%BF%9D%20%E7%94%9F%E7%89%A9%E5%A4%9A%E6%A8%A3%E6%80%A7%20%E9%8C%A2%E9%B0%BB HTTP/1.1" 200 34550
66.249.77.85 - - [30/Oct/2015:05:34:40 +0800] "GET /content/subject/resource_content.jsp?oid=16777688&queryString= HTTP/1.1" 200 39211
157.55.39.24 - - [30/Oct/2015:05:34:48 +0800] "GET /content/subject/resource_content.jsp?oid=16777468&queryType=qc HTTP/1.1" 200 33255
66.249.74.100 - - [30/Oct/2015:05:35:55 +0800] "GET /content/subject/resource_content.jsp?oid=16797335&queryType=qc HTTP/1.1" 200 60397
66.249.71.64 - - [30/Oct/2015:05:36:32 +0800] "GET /content/repository/resource_content.jsp?oid=1891434 HTTP/1.1" 200 28371
220.181.108.86 - - [30/Oct/2015:05:38:18 +0800] "GET /content/subject/resource_content.jsp?oid=16777699 HTTP/1.1" 200 54149
66.249.71.60 - - [30/Oct/2015:05:38:36 +0800] "GET /content/repository/resource_content.jsp?oid=2520308 HTTP/1.1" 200 30169
66.249.74.102 - - [30/Oct/2015:05:38:42 +0800] "GET /content/nav/relationSubject.jsp?relationWords=&oid=2613869 HTTP/1.1" 200 1405
66.249.71.121 - - [30/Oct/2015:05:39:02 +0800] "GET /content/nav/relationSubject.jsp?relationWords=%E6%85%B6%E5%AE%89+&oid=4362849 HTTP/1.1" 200 3081
66.249.74.63 - - [30/Oct/2015:05:39:04 +0800] "GET /content/nav/relationSubject.jsp?relationWords=%E6%85%B6%E5%AE%89%20&oid=4362849 HTTP/1.1" 200 3081
66.249.71.5 - - [30/Oct/2015:05:39:36 +0800] "GET /digiarch3/content/subject/resource_content.jsp?oid=16777519&queryType=qc HTTP/1.1" 200 36026
66.249.71.23 - - [30/Oct/2015:05:40:50 +0800] "GET /digiarch3/content/subject/resource_content.jsp?oid=16777619&queryType=qs&queryString=%E6%9E%97%E7%A5%96%E5%A3%BD HTTP/1.1" 200 78632
66.249.71.64 - - [30/Oct/2015:05:41:05 +0800] "GET /content/nav/relationSubject.jsp?relationWords=%E6%9E%97%E6%B0%B4%E6%9C%A8+%E9%99%B3%E6%98%8E%E6%96%87+&oid=1891434 HTTP/1.1" 200 3217
66.249.71.72 - - [30/Oct/2015:05:41:09 +0800] "GET /content/nav/relationSubject.jsp?relationWords=%E6%9E%97%E6%B0%B4%E6%9C%A8%20%E9%99%B3%E6%98%8E%E6%96%87%20&oid=1891434 HTTP/1.1" 200 3217
66.249.71.64 - - [30/Oct/2015:05:42:03 +0800] "GET /content/subject/resource_content.jsp?oid=16777472&queryString=%E5%A4%9A%E6%A8%A3%E6%80%A7%20%E9%AD%AF%E5%87%B1%E6%97%8F%20%E9%B8%9A%E9%B5%A1%E8%9E%BA HTTP/1.1" 200 64777
180.76.15.34 - - [30/Oct/2015:05:42:16 +0800] "GET /content/repository/resource_content.jsp?oid=1773472 HTTP/1.1" 200 28419
66.249.71.173 - - [30/Oct/2015:05:42:28 +0800] "GET /content/nav/relationSubject.jsp?relationWords=%E5%9C%B0%E8%B3%AA%E5%AD%B8+%E8%87%BA%E7%81%A3%E7%B8%BD%E7%9D%A3%E5%BA%9C+%E8%98%AD%E9%A0%98%E6%9D%B1%E5%8D%B0%E5%BA%A6+&oid=3032969 HTTP/1.1" 200 3206
66.249.71.164 - - [30/Oct/2015:05:42:30 +0800] "GET /content/nav/relationSubject.jsp?relationWords=%E5%9C%B0%E8%B3%AA%E5%AD%B8%20%E8%87%BA%E7%81%A3%E7%B8%BD%E7%9D%A3%E5%BA%9C%20%E8%98%AD%E9%A0%98%E6%9D%B1%E5%8D%B0%E5%BA%A6%20&oid=3032969 HTTP/1.1" 200 3206
66.249.71.64 - - [30/Oct/2015:05:42:46 +0800] "GET /content/subject/resource_content.jsp?oid=16777491&queryType=qs&queryString=%E7%8F%A0%E4%B8%B2 HTTP/1.1" 200 49201
66.249.77.85 - - [30/Oct/2015:05:43:22 +0800] "GET /content/nav/relationSubject.jsp?relationWords=%E4%B8%AD%E5%BE%B7%20%E4%BA%BA%E5%90%8D%E6%AC%8A%E5%A8%81%20%E9%A1%8F%E6%83%A0%E6%85%B6%20&oid=743181 HTTP/1.1" 200 3164
66.249.71.64 - - [30/Oct/2015:05:44:51 +0800] "GET /content/repository/resource_content.jsp?oid=2686124&queryString=%E9%83%BD%E5%AF%9F%E9%99%A2 HTTP/1.1" 200 30521
66.249.71.164 - - [30/Oct/2015:05:45:45 +0800] "GET /content/repository/resource_content.jsp?oid=2656272&queryType=qs&queryString=%E6%A5%8A%E6%88%90 HTTP/1.1" 200 30362
220.181.108.162 - - [30/Oct/2015:05:46:18 +0800] "GET /content/subject/resource_content.jsp?oid=16777658 HTTP/1.1" 200 27487
66.249.71.64 - - [30/Oct/2015:05:48:12 +0800] "GET /content/subject/resource_content.jsp?oid=16797293&queryType=qc HTTP/1.1" 200 46243
66.249.79.27 - - [30/Oct/2015:05:49:54 +0800] "GET /content/nav/relationSubject.jsp?relationWords=%E6%9D%B1%E6%B2%B3%E6%9D%91+&oid=1607569 HTTP/1.1" 200 3467
66.249.77.91 - - [30/Oct/2015:05:49:57 +0800] "GET /content/nav/relationSubject.jsp?relationWords=%E6%9D%B1%E6%B2%B3%E6%9D%91%20&oid=1607569 HTTP/1.1" 200 3467
66.249.71.60 - - [30/Oct/2015:05:51:06 +0800] "GET /content/repository/resource_content.jsp?oid=1898286&queryString=%E5%AE%9C%E8%98%AD%E7%B8%A3%E5%A4%A7%E5%90%8C%E9%84%89%20%E5%B7%A5%E7%A8%8B%E8%B2%BB%20%E6%A8%99%E5%94%AE%20%E6%B0%B4%E8%8D%92%E6%A1%88%20%E9%84%89%E5%85%AC%E6%89%80 HTTP/1.1" 200 29775
66.249.71.72 - - [30/Oct/2015:05:51:54 +0800] "GET /content/subject/resource_content.jsp?oid=16797290&queryType=qc HTTP/1.1" 200 48346
66.249.71.164 - - [30/Oct/2015:05:52:20 +0800] "GET /content/nav/relationSubject.jsp?relationWords=%E5%88%91%E9%83%A8%20&oid=2656272 HTTP/1.1" 200 3095
66.249.71.72 - - [30/Oct/2015:05:52:29 +0800] "GET /content/nav/relationSubject.jsp?relationWords=%E6%97%A5%E6%9C%AC%E9%AF%B7+%E9%AF%B7%E7%A7%91+&oid=24030 HTTP/1.1" 200 3246
66.249.71.64 - - [30/Oct/2015:05:52:31 +0800] "GET /content/nav/relationSubject.jsp?relationWords=%E6%97%A5%E6%9C%AC%E9%AF%B7%20%E9%AF%B7%E7%A7%91%20&oid=24030 HTTP/1.1" 200 3246
68.180.228.24 - - [30/Oct/2015:05:54:00 +0800] "GET /content/subject/resource_content.jsp?oid=16777709&queryType=qc HTTP/1.1" 200 27617
220.181.108.101 - - [30/Oct/2015:05:54:17 +0800] "GET /content/repository/resource_content.jsp?oid=592095 HTTP/1.1" 200 28332
31.205.105.123 - - [30/Oct/2015:06:00:40 +0800] "GET /content/subject/resource_content.jsp?oid=16777801&queryType=qc HTTP/1.1" 200 43010
31.205.105.123 - - [30/Oct/2015:06:00:43 +0800] "GET /content/nav/relationSubject.jsp?relationWords=%E6%8F%90%E6%A2%81%E5%8D%A3+%E7%8D%B8%E9%9D%A2%E7%B4%8B+%E9%85%92%E5%99%A8+&oid=16777801 HTTP/1.1" 200 3586
188.165.15.169 - - [30/Oct/2015:06:01:34 +0800] "GET /digiarch3/content/subject/resource_content.jsp?oid=16797335&queryType=qc HTTP/1.1" 200 60643
123.125.71.54 - - [30/Oct/2015:06:02:17 +0800] "GET /content/subject/resource_content.jsp?oid=16777312 HTTP/1.1" 200 28136
66.249.82.215 - - [30/Oct/2015:06:02:53 +0800] "GET /content/repository/resource_content.jsp?oid=4364145&queryString=%E6%9D%8E%E5%BA%9C%E5%8D%83%E6%AD%B2 HTTP/1.1" 200 28629
66.249.82.205 - - [30/Oct/2015:06:02:53 +0800] "GET /content/nav/relationSubject.jsp?relationWords=%E6%9D%8E%E5%BA%9C%E5%8D%83%E6%AD%B2+&oid=4364145 HTTP/1.1" 200 2757
101.12.97.112 - - [30/Oct/2015:06:03:14 +0800] "GET /content/subject/resource_content.jsp?oid=16777814&queryString=%E6%80%9D%E6%83%B3%20%E9%87%8D%E6%85%B6%E5%8D%97%E8%B7%AF HTTP/1.1" 200 31203
101.12.97.112 - - [30/Oct/2015:06:03:17 +0800] "GET /content/nav/relationSubject.jsp?relationWords=%E6%80%9D%E6%83%B3+%E8%87%BA%E5%A4%A7+%E9%87%8D%E6%85%B6%E5%8D%97%E8%B7%AF+&oid=16777814 HTTP/1.1" 200 5934
66.249.71.64 - - [30/Oct/2015:06:03:35 +0800] "GET /content/repository/resource_content.jsp?oid=2148789 HTTP/1.1" 200 31287
66.249.71.64 - - [30/Oct/2015:06:05:25 +0800] "GET /content/subject/resource_content.jsp?oid=16797240&queryType=qc HTTP/1.1" 200 42460
66.249.71.173 - - [30/Oct/2015:06:05:25 +0800] "GET /content/nav/relationSubject.jsp?relationWords=%E5%A4%A7%E8%91%89%E5%B1%B1+%E5%A4%A7%E8%91%89%E5%B1%B1%E6%AC%96+%E5%B1%B1%E6%AC%96+&oid=16777292 HTTP/1.1" 200 4600
66.249.71.155 - - [30/Oct/2015:06:05:27 +0800] "GET /content/nav/relationSubject.jsp?relationWords=%E5%A4%A7%E8%91%89%E5%B1%B1%20%E5%A4%A7%E8%91%89%E5%B1%B1%E6%AC%96%20%E5%B1%B1%E6%AC%96%20&oid=16777292 HTTP/1.1" 200 4600
40.77.167.41 - - [30/Oct/2015:06:05:43 +0800] "GET /content/nav/relationSubject.jsp?relationWords=%E9%BB%91%E6%9D%BF%E6%A8%B9+&oid=16777262 HTTP/1.1" 200 3253
68.180.228.24 - - [30/Oct/2015:06:06:38 +0800] "GET /digiarch_en/content/subject/resource_content.jsp?oid=16777605&queryType=qc HTTP/1.1" 200 31238
66.249.71.64 - - [30/Oct/2015:06:09:50 +0800] "GET /content/subject/resource_content.jsp?oid=16777802&queryString=%E4%B8%B9%E5%BE%92%20%E7%88%B6%E5%A3%AC%20%E7%88%B6%E5%A3%AC%E7%88%B5%20%E8%88%8A%E5%A0%82%20%E8%88%8A%E8%97%8F%20%E9%A1%8C%E8%A8%98 HTTP/1.1" 200 30130
123.125.71.89 - - [30/Oct/2015:06:10:17 +0800] "GET /content/repository/resource_content.jsp?oid=2623413 HTTP/1.1" 200 29286
31.205.105.123 - - [30/Oct/2015:06:10:57 +0800] "GET /content/exhibit/exhibit.jsp?oid=16777672 HTTP/1.1" 200 26107
31.205.105.123 - - [30/Oct/2015:06:10:59 +0800] "GET /content/exhibit/exhibit_content.jsp?oid=16777672 HTTP/1.1" 200 17070
66.249.71.72 - - [30/Oct/2015:06:11:47 +0800] "GET /content/nav/relationSubject.jsp?relationWords=%E5%8F%B8%E6%A9%9F+%E5%B7%A5%E5%8F%8B+%E6%8A%80%E5%B7%A5+&oid=1636260 HTTP/1.1" 200 3910
66.249.71.60 - - [30/Oct/2015:06:11:49 +0800] "GET /content/nav/relationSubject.jsp?relationWords=%E5%8F%B8%E6%A9%9F%20%E5%B7%A5%E5%8F%8B%20%E6%8A%80%E5%B7%A5%20&oid=1636260 HTTP/1.1" 200 3910
66.249.74.72 - - [30/Oct/2015:06:11:55 +0800] "GET /content/repository/resource_content.jsp?oid=2150069&queryString=%E9%9D%92%E5%89%9B%E6%AB%9F HTTP/1.1" 200 31351
192.92.196.48 - - [30/Oct/2015:06:13:42 +0800] "GET /content/nav/relationSubject.jsp?relationWords=%E5%BE%A9%E8%88%88%E8%88%AA%E7%A9%BA+%E6%9E%97%E6%B0%B8%E6%A8%91+&oid=16777595 HTTP/1.1" 200 4461
66.249.71.113 - - [30/Oct/2015:06:13:59 +0800] "GET /content/repository/resource_content.jsp?oid=1779923&queryType=qs&queryString=%E4%B8%89%E9%85%B8%E7%94%98%E6%B2%B9%E8%84%82 HTTP/1.1" 200 41888
106.38.241.143 - - [30/Oct/2015:06:14:49 +0800] "GET /content/tmp_exh/resource_content.jsp?oid=16777851&queryType=qc%201890 HTTP/1.1" 200 45692
106.38.241.143 - - [30/Oct/2015:06:15:27 +0800] "GET /content/tmp_exh/resource_content.jsp?oid=16777851&queryType=qc HTTP/1.1" 200 45692
31.205.105.123 - - [30/Oct/2015:06:16:19 +0800] "GET /content/subject/resource_content.jsp?oid=16777781&queryType=qs&queryString=%E9%AB%98%E6%85%88%E7%BE%8E%E6%97%A5%E8%A8%98 HTTP/1.1" 200 57774
31.205.105.123 - - [30/Oct/2015:06:16:20 +0800] "GET /content/nav/relationSubject.jsp?relationWords=%E6%A5%8A%E8%82%87%E5%98%89+&oid=16777781 HTTP/1.1" 200 2610
31.205.105.123 - - [30/Oct/2015:06:16:22 +0800] "GET /content/subject/resource_content.jsp?oid=16777633&queryType=qs&queryString=%E9%AB%98%E6%85%88%E7%BE%8E%E6%97%A5%E8%A8%98 HTTP/1.1" 200 56896
31.205.105.123 - - [30/Oct/2015:06:16:22 +0800] "GET /content/nav/relationSubject.jsp?relationWords=&oid=16777633 HTTP/1.1" 200 1405
106.38.241.143 - - [30/Oct/2015:06:16:30 +0800] "GET /content/tmp_exh/resource_content.jsp?oid=16777851&queryType=qc HTTP/1.1" 200 45681
66.249.71.60 - - [30/Oct/2015:06:17:18 +0800] "GET /content/nav/relationSubject.jsp?relationWords=&oid=2604981 HTTP/1.1" 200 1405
106.38.241.143 - - [30/Oct/2015:06:17:51 +0800] "GET /content/tmp_exh/resource_content.jsp?oid=16777851&queryType=qc%201890 HTTP/1.1" 200 45681
66.249.74.98 - - [30/Oct/2015:06:18:10 +0800] "GET /content/nav/relationSubject.jsp?relationWords=%E5%B7%A1%E6%92%AB+%E6%B0%91%E5%AE%85+%E7%AB%8A%E5%8F%83+%E8%AD%B7%E7%90%86+&oid=2511086 HTTP/1.1" 200 4070
66.249.71.64 - - [30/Oct/2015:06:18:12 +0800] "GET /content/nav/relationSubject.jsp?relationWords=%E5%B7%A1%E6%92%AB%20%E6%B0%91%E5%AE%85%20%E7%AB%8A%E5%8F%83%20%E8%AD%B7%E7%90%86%20&oid=2511086 HTTP/1.1" 200 4070
106.38.241.143 - - [30/Oct/2015:06:18:14 +0800] "GET /digiarch_en/content/tmp_exh/resource_content.jsp?oid=16777851&queryType=qc HTTP/1.1" 200 40181
220.181.108.122 - - [30/Oct/2015:06:18:17 +0800] "GET /content/subject/resource_content.jsp?oid=16777261 HTTP/1.1" 200 29776
66.249.71.64 - - [30/Oct/2015:06:19:23 +0800] "GET /content/nav/relationSubject.jsp?relationWords=%E6%96%91%E7%AF%80%E6%A5%8A%E6%A1%83%E8%9E%BA+%E6%A5%8A%E6%A1%83+%E6%A5%8A%E6%A1%83%E8%9E%BA+%E8%85%B9%E8%B6%B3%E7%B6%B1+%E8%BB%9F%E9%AB%94%E5%8B%95%E7%89%A9%E9%96%80+&oid=4548979 HTTP/1.1" 200 3411
66.249.71.72 - - [30/Oct/2015:06:19:25 +0800] "GET /content/nav/relationSubject.jsp?relationWords=%E6%96%91%E7%AF%80%E6%A5%8A%E6%A1%83%E8%9E%BA%20%E6%A5%8A%E6%A1%83%20%E6%A5%8A%E6%A1%83%E8%9E%BA%20%E8%85%B9%E8%B6%B3%E7%B6%B1%20%E8%BB%9F%E9%AB%94%E5%8B%95%E7%89%A9%E9%96%80%20&oid=4548979 HTTP/1.1" 200 3411
106.38.241.143 - - [30/Oct/2015:06:19:39 +0800] "GET /digiarch_en/content/tmp_exh/resource_content.jsp?oid=16777851&queryType=qc%201890 HTTP/1.1" 200 40181
66.249.79.27 - - [30/Oct/2015:06:19:54 +0800] "GET /content/nav/relationSubject.jsp?relationWords=%E5%AD%9F%E5%AE%9A+%E7%8D%A8%E6%9C%A8%E8%88%9F+&oid=1174650 HTTP/1.1" 200 3028
66.249.79.27 - - [30/Oct/2015:06:19:56 +0800] "GET /content/nav/relationSubject.jsp?relationWords=%E5%AD%9F%E5%AE%9A%20%E7%8D%A8%E6%9C%A8%E8%88%9F%20&oid=1174650 HTTP/1.1" 200 3028
66.249.71.60 - - [30/Oct/2015:06:20:11 +0800] "GET /content/nav/relationSubject.jsp?relationWords=%E8%85%B9%E8%B6%B3%E7%B6%B1+%E8%8A%8B%E8%9E%BA%E5%B1%AC+%E8%8A%8B%E8%9E%BA%E7%A7%91+%E8%8A%B1%E5%86%A0%E8%8A%8B%E8%9E%BA+%E8%BB%9F%E9%AB%94%E5%8B%95%E7%89%A9%E9%96%80+&oid=4550404 HTTP/1.1" 200 3447
66.249.71.72 - - [30/Oct/2015:06:20:14 +0800] "GET /content/repository/resource_content.jsp?oid=2150411&queryString=%E5%8D%97%E6%9F%AF%20%E5%B6%BA%E5%8D%97%E6%9F%AF%20%E6%9D%B1%E5%8D%97%E7%9F%B3%E6%AB%9F%20%E6%9F%AF%E5%B1%AC%20%E6%A4%8D%E7%89%A9%E7%95%8C%20%E6%AE%BC%E6%96%97%E7%A7%91%20%E7%9F%AD%E5%B0%BE%E8%91%89%E7%9F%B3%E6%AB%9F%20%E7%9F%B3%E6%AB%9F HTTP/1.1" 200 31181
66.249.74.102 - - [30/Oct/2015:06:20:15 +0800] "GET /content/nav/relationSubject.jsp?relationWords=%E8%85%B9%E8%B6%B3%E7%B6%B1%20%E8%8A%8B%E8%9E%BA%E5%B1%AC%20%E8%8A%8B%E8%9E%BA%E7%A7%91%20%E8%8A%B1%E5%86%A0%E8%8A%8B%E8%9E%BA%20%E8%BB%9F%E9%AB%94%E5%8B%95%E7%89%A9%E9%96%80%20&oid=4550404 HTTP/1.1" 200 3447
66.249.71.14 - - [30/Oct/2015:06:20:20 +0800] "GET /digiarch3/content/subject/resource_content.jsp?oid=16777446&queryType=qs&queryString=%E9%9B%B7%E7%B4%8B HTTP/1.1" 200 42123
61.135.189.96 - - [30/Oct/2015:06:20:42 +0800] "GET /digiarch/content/repository/resource_content.jsp?oid=2470197 HTTP/1.1" 404 14873
61.135.189.96 - - [30/Oct/2015:06:21:16 +0800] "GET /digiarch/content/repository/resource_content.jsp?oid=2470341 HTTP/1.1" 404 14873
66.249.71.72 - - [30/Oct/2015:06:21:26 +0800] "GET /content/repository/resource_content.jsp?oid=697281 HTTP/1.1" 200 28479
61.135.189.96 - - [30/Oct/2015:06:21:31 +0800] "GET /digiarch/content/repository/resource_content.jsp?oid=2470525 HTTP/1.1" 404 14873
66.249.71.64 - - [30/Oct/2015:06:21:38 +0800] "GET /content/nav/relationSubject.jsp?relationWords=%E4%BA%BA%E5%90%8D%E6%AC%8A%E5%A8%81+%E5%BE%B7%E8%8F%AF%E9%8A%80%E8%A1%8C+%E6%9C%B1%E9%82%87%E5%85%B8+%E9%99%B8%E5%BE%B5%E7%A5%A5+&oid=740326 HTTP/1.1" 200 3232
66.249.71.64 - - [30/Oct/2015:06:21:40 +0800] "GET /content/nav/relationSubject.jsp?relationWords=%E4%BA%BA%E5%90%8D%E6%AC%8A%E5%A8%81%20%E5%BE%B7%E8%8F%AF%E9%8A%80%E8%A1%8C%20%E6%9C%B1%E9%82%87%E5%85%B8%20%E9%99%B8%E5%BE%B5%E7%A5%A5%20&oid=740326 HTTP/1.1" 200 3232
61.135.189.96 - - [30/Oct/2015:06:21:48 +0800] "GET /digiarch/content/repository/resource_content.jsp?oid=2470517 HTTP/1.1" 404 14873
61.135.189.96 - - [30/Oct/2015:06:22:05 +0800] "GET /digiarch/content/repository/resource_content.jsp?oid=2647657 HTTP/1.1" 404 14873
66.249.71.64 - - [30/Oct/2015:06:22:18 +0800] "GET /content/subject/resource_content.jsp?oid=16777736&queryType=qs&queryString=%E7%8E%89%E5%B1%B1%E5%9C%93%E6%9F%8F HTTP/1.1" 200 43141
61.135.189.96 - - [30/Oct/2015:06:22:22 +0800] "GET /digiarch/content/repository/resource_content.jsp?oid=2629113 HTTP/1.1" 404 14873
61.135.189.96 - - [30/Oct/2015:06:22:38 +0800] "GET /digiarch/content/repository/resource_content.jsp?oid=2616339 HTTP/1.1" 404 14873
31.13.113.91 - - [30/Oct/2015:06:22:44 +0800] "GET /content/subject/resource_content.jsp?oid=16777781&queryType=qs&queryString=%E9%AB%98%E6%85%88%E7%BE%8E%E6%97%A5%E8%A8%98 HTTP/1.1" 200 57774
61.135.189.96 - - [30/Oct/2015:06:22:54 +0800] "GET /digiarch/content/repository/resource_content.jsp?oid=2631672 HTTP/1.1" 404 14873
61.135.189.96 - - [30/Oct/2015:06:23:12 +0800] "GET /digiarch/content/repository/resource_content.jsp?oid=2645769 HTTP/1.1" 404 14873
61.135.189.96 - - [30/Oct/2015:06:23:30 +0800] "GET /digiarch/content/repository/resource_content.jsp?oid=2511612 HTTP/1.1" 404 14873
61.135.189.96 - - [30/Oct/2015:06:23:48 +0800] "GET /digiarch/content/repository/resource_content.jsp?oid=2510916 HTTP/1.1" 404 14873
66.249.71.14 - - [30/Oct/2015:06:24:00 +0800] "GET /digiarch3/content/repository/resource_content.jsp?oid=14732&queryString=%E6%89%81%E6%A3%98%E9%AF%9B%20%E6%89%93%E9%90%B5%E5%A9%86%20%E6%A3%98%E9%AF%9B%20%E9%AF%9B%E7%A7%91 HTTP/1.1" 200 34119
61.135.189.96 - - [30/Oct/2015:06:24:08 +0800] "GET /digiarch/content/repository/resource_content.jsp?oid=709650 HTTP/1.1" 404 14873
66.249.71.72 - - [30/Oct/2015:06:24:23 +0800] "GET /content/repository/resource_content.jsp?oid=1821641 HTTP/1.1" 200 28777
61.135.189.96 - - [30/Oct/2015:06:24:26 +0800] "GET /digiarch/content/repository/resource_content.jsp?oid=4463715 HTTP/1.1" 404 14873
61.135.189.96 - - [30/Oct/2015:06:24:43 +0800] "GET /digiarch/content/repository/resource_content.jsp?oid=2641753 HTTP/1.1" 404 14873
220.181.108.146 - - [30/Oct/2015:06:24:57 +0800] "GET /content/repository/resource_content.jsp?oid=199998 HTTP/1.1" 200 29732
61.135.189.96 - - [30/Oct/2015:06:25:03 +0800] "GET /digiarch/content/repository/resource_content.jsp?oid=740824 HTTP/1.1" 404 14873
61.135.189.96 - - [30/Oct/2015:06:25:20 +0800] "GET /digiarch/content/repository/resource_content.jsp?oid=4458867 HTTP/1.1" 404 14873
66.249.77.97 - - [30/Oct/2015:06:25:20 +0800] "GET /content/subject/resource_content.jsp?oid=16777714&queryType=qc HTTP/1.1" 200 42393
61.135.189.96 - - [30/Oct/2015:06:25:37 +0800] "GET /digiarch/content/repository/resource_content.jsp?oid=726991 HTTP/1.1" 404 14873
66.249.77.97 - - [30/Oct/2015:06:25:53 +0800] "GET /content/nav/relationSubject.jsp?relationWords=%E5%B0%8B%E5%AF%B6+%E6%95%B8%E4%BD%8D%E5%85%B8%E8%97%8F+%E9%9B%BB%E5%AD%90%E6%9B%B8+&oid=16777793 HTTP/1.1" 200 5964
61.135.189.96 - - [30/Oct/2015:06:25:55 +0800] "GET /digiarch/content/repository/resource_content.jsp?oid=2516607 HTTP/1.1" 404 14873
66.249.77.91 - - [30/Oct/2015:06:25:55 +0800] "GET /content/nav/relationSubject.jsp?relationWords=%E5%B0%8B%E5%AF%B6%20%E6%95%B8%E4%BD%8D%E5%85%B8%E8%97%8F%20%E9%9B%BB%E5%AD%90%E6%9B%B8%20&oid=16777793 HTTP/1.1" 200 5964
68.180.230.178 - - [30/Oct/2015:06:26:08 +0800] "GET /content/subject/resource_content.jsp?oid=16777470&queryType=qc HTTP/1.1" 200 29372
61.135.189.96 - - [30/Oct/2015:06:26:11 +0800] "GET /digiarch/content/repository/resource_content.jsp?oid=703398 HTTP/1.1" 404 14873
66.249.71.72 - - [30/Oct/2015:06:26:28 +0800] "GET /content/repository/resource_content.jsp?oid=2672003 HTTP/1.1" 200 29361
66.249.71.155 - - [30/Oct/2015:06:26:28 +0800] "GET /content/nav/relationSubject.jsp?relationWords=%E4%BF%9D%E9%9A%AA+%E4%BF%9D%E9%9A%AA%E9%87%91+%E5%8A%89%E9%87%91%E7%B4%84+%E5%90%B3%E6%B3%89%E6%B4%9D+%E5%98%89%E7%BE%A9%E5%B8%82+%E5%AF%9F%E6%A0%B8%E6%A1%88+%E5%BC%B5%E5%AF%8C+%E5%BE%90%E5%A0%85+%E6%85%B0%E5%95%8F%E9%87%91+%E6%95%91%E6%BF%9F%E9%87%91+%E6%9D%8E%E9%9B%85%E6%A8%B5+%E6%9E%97%E7%A6%8F%E5%9C%B0+%E6%A2%81%E8%A8%B1%E6%98%A5%E8%8F%8A+%E7%81%AB%E9%9A%AA+%E7%81%BD%E5%8D%80+%E7%94%A2%E7%89%A9%E4%BF%9D%E9%9A%AA+%E7%9C%81%E6%94%BF%E5%BA%9C+%E8%87%BA%E5%8D%97%E7%B8%A3+%E8%87%BA%E7%81%A3%E7%9C%81%E8%AD%B0%E6%9C%83+%E8%94%A1%E9%8C%A6%E6%A3%9F+%E8%94%A1%E9%B4%BB%E6%96%87+%E8%94%A3%E5%A4%A9%E9%99%8D+%E8%A8%B1%E4%B8%96%E8%B3%A2+%E8%AB%8B%E5%AF%9F+%E8%AD%B0%E9%95%B7+%E8%B2%A1%E6%94%BF+%E9%99%B3%E8%8F%AF%E5%AE%97+&oid=1530915 HTTP/1.1" 200 5697
61.135.189.96 - - [30/Oct/2015:06:26:29 +0800] "GET /digiarch/content/repository/resource_content.jsp?oid=2518667 HTTP/1.1" 404 14873
66.249.71.173 - - [30/Oct/2015:06:26:30 +0800] "GET /content/nav/relationSubject.jsp?relationWords=%E4%BF%9D%E9%9A%AA%20%E4%BF%9D%E9%9A%AA%E9%87%91%20%E5%8A%89%E9%87%91%E7%B4%84%20%E5%90%B3%E6%B3%89%E6%B4%9D%20%E5%98%89%E7%BE%A9%E5%B8%82%20%E5%AF%9F%E6%A0%B8%E6%A1%88%20%E5%BC%B5%E5%AF%8C%20%E5%BE%90%E5%A0%85%20%E6%85%B0%E5%95%8F%E9%87%91%20%E6%95%91%E6%BF%9F%E9%87%91%20%E6%9D%8E%E9%9B%85%E6%A8%B5%20%E6%9E%97%E7%A6%8F%E5%9C%B0%20%E6%A2%81%E8%A8%B1%E6%98%A5%E8%8F%8A%20%E7%81%AB%E9%9A%AA%20%E7%81%BD%E5%8D%80%20%E7%94%A2%E7%89%A9%E4%BF%9D%E9%9A%AA%20%E7%9C%81%E6%94%BF%E5%BA%9C%20%E8%87%BA%E5%8D%97%E7%B8%A3%20%E8%87%BA%E7%81%A3%E7%9C%81%E8%AD%B0%E6%9C%83%20%E8%94%A1%E9%8C%A6%E6%A3%9F%20%E8%94%A1%E9%B4%BB%E6%96%87%20%E8%94%A3%E5%A4%A9%E9%99%8D%20%E8%A8%B1%E4%B8%96%E8%B3%A2%20%E8%AB%8B%E5%AF%9F%20%E8%AD%B0%E9%95%B7%20%E8%B2%A1%E6%94%BF%20%E9%99%B3%E8%8F%AF%E5%AE%97%20&oid=1530915 HTTP/1.1" 200 5697
66.249.74.63 - - [30/Oct/2015:06:26:32 +0800] "GET /content/nav/relationSubject.jsp?relationWords=%E9%96%8B%E5%85%89+&oid=4362315 HTTP/1.1" 200 3917
66.249.71.113 - - [30/Oct/2015:06:26:35 +0800] "GET /content/nav/relationSubject.jsp?relationWords=%E9%96%8B%E5%85%89%20&oid=4362315 HTTP/1.1" 200 3917
61.135.189.96 - - [30/Oct/2015:06:26:46 +0800] "GET /digiarch/content/repository/resource_content.jsp?oid=1870820 HTTP/1.1" 404 14873
61.135.189.96 - - [30/Oct/2015:06:27:04 +0800] "GET /digiarch/content/repository/resource_content.jsp?oid=2571696 HTTP/1.1" 404 14873
61.135.189.96 - - [30/Oct/2015:06:27:21 +0800] "GET /digiarch/content/repository/resource_content.jsp?oid=2571840 HTTP/1.1" 404 14873
223.138.145.26 - - [30/Oct/2015:06:27:31 +0800] "GET /content/nav/relationSubject.jsp?relationWords=%E7%A9%97%E8%8A%B1%E5%B1%B1%E5%A5%88+%E9%87%8E%E8%96%91%E8%8A%B1+&oid=16777263 HTTP/1.1" 200 3284
61.135.189.96 - - [30/Oct/2015:06:27:39 +0800] "GET /digiarch/content/repository/resource_content.jsp?oid=2571632 HTTP/1.1" 404 14873
61.135.189.96 - - [30/Oct/2015:06:27:56 +0800] "GET /digiarch/content/repository/resource_content.jsp?oid=2567345 HTTP/1.1" 404 14873
36.231.23.181 - - [30/Oct/2015:06:28:02 +0800] "GET /content/nav/relationSubject.jsp?relationWords=&oid=16777459 HTTP/1.1" 200 1405
61.135.189.96 - - [30/Oct/2015:06:28:13 +0800] "GET /digiarch/content/repository/resource_content.jsp?oid=2517921 HTTP/1.1" 404 14873
61.135.189.96 - - [30/Oct/2015:06:28:30 +0800] "GET /digiarch/content/repository/resource_content.jsp?oid=702535 HTTP/1.1" 404 14873
66.249.77.91 - - [30/Oct/2015:06:28:33 +0800] "GET /content/repository/resource_content.jsp?oid=15285&queryString=%E5%B8%86%E9%B0%AD%E9%AD%B4%20%E7%83%8F%E9%AD%B4%20%E9%AD%9A%E9%A1%9E%E6%A8%99%E6%9C%AC HTTP/1.1" 200 35067
61.135.189.96 - - [30/Oct/2015:06:28:48 +0800] "GET /digiarch/content/repository/resource_content.jsp?oid=2628262 HTTP/1.1" 404 14873
61.135.189.96 - - [30/Oct/2015:06:29:07 +0800] "GET /digiarch/content/repository/resource_content.jsp?oid=4461543 HTTP/1.1" 404 14873
61.135.189.96 - - [30/Oct/2015:06:29:23 +0800] "GET /digiarch/content/repository/resource_content.jsp?oid=2516108 HTTP/1.1" 404 14873
66.249.77.85 - - [30/Oct/2015:06:29:29 +0800] "GET /content/nav/relationSubject.jsp?relationWords=%E7%8D%B8%E9%9D%A2+%E7%8D%B8%E9%9D%A2%E9%8A%85%E6%B3%A1+%E8%BB%8A%E9%A6%AC%E5%99%A8+%E9%8A%85%E6%B3%A1+&oid=1875478 HTTP/1.1" 200 3956
66.249.77.85 - - [30/Oct/2015:06:29:31 +0800] "GET /content/nav/relationSubject.jsp?relationWords=%E7%8D%B8%E9%9D%A2%20%E7%8D%B8%E9%9D%A2%E9%8A%85%E6%B3%A1%20%E8%BB%8A%E9%A6%AC%E5%99%A8%20%E9%8A%85%E6%B3%A1%20&oid=1875478 HTTP/1.1" 200 3956
61.135.189.96 - - [30/Oct/2015:06:29:40 +0800] "GET /digiarch/content/repository/resource_content.jsp?oid=704661 HTTP/1.1" 404 14873
61.135.189.96 - - [30/Oct/2015:06:29:55 +0800] "GET /digiarch/content/repository/resource_content.jsp?oid=740974 HTTP/1.1" 404 14873
36.231.23.181 - - [30/Oct/2015:06:30:02 +0800] "GET /content/subject/resource_content.jsp?oid=16777728&queryType=null&queryString=%2B%E5%A0%A1%E5%9C%96 HTTP/1.1" 200 65351
36.231.23.181 - - [30/Oct/2015:06:30:07 +0800] "GET /content/nav/relationSubject.jsp?relationWords=&oid=16777728 HTTP/1.1" 200 1405
61.135.189.96 - - [30/Oct/2015:06:30:12 +0800] "GET /digiarch/content/repository/resource_content.jsp?oid=2646354 HTTP/1.1" 404 14873
66.249.71.64 - - [30/Oct/2015:06:30:25 +0800] "GET /content/nav/relationSubject.jsp?relationWords=%E6%B3%95%E9%99%A2+%E7%9C%81%E8%AD%B0%E6%9C%83+%E8%87%B4%E8%A9%9E+%E8%87%BA%E7%81%A3%E7%9C%81+%E8%87%BA%E7%81%A3%E7%9C%81%E8%AD%B0%E6%9C%83+%E8%87%BA%E7%81%A3%E9%AB%98%E7%AD%89%E6%B3%95%E9%99%A2+%E9%AB%98%E7%AD%89%E6%B3%95%E9%99%A2+&oid=1620162 HTTP/1.1" 200 5525
66.249.71.64 - - [30/Oct/2015:06:30:27 +0800] "GET /content/nav/relationSubject.jsp?relationWords=%E6%B3%95%E9%99%A2%20%E7%9C%81%E8%AD%B0%E6%9C%83%20%E8%87%B4%E8%A9%9E%20%E8%87%BA%E7%81%A3%E7%9C%81%20%E8%87%BA%E7%81%A3%E7%9C%81%E8%AD%B0%E6%9C%83%20%E8%87%BA%E7%81%A3%E9%AB%98%E7%AD%89%E6%B3%95%E9%99%A2%20%E9%AB%98%E7%AD%89%E6%B3%95%E9%99%A2%20&oid=1620162 HTTP/1.1" 200 5525
61.135.189.96 - - [30/Oct/2015:06:30:28 +0800] "GET /digiarch/content/repository/resource_content.jsp?oid=701198 HTTP/1.1" 404 14873
66.249.71.64 - - [30/Oct/2015:06:30:36 +0800] "GET /content/nav/relationSubject.jsp?relationWords=%E7%88%B6%E4%B9%99%E7%B0%8B+&oid=1821641 HTTP/1.1" 200 3191
66.249.71.60 - - [30/Oct/2015:06:30:38 +0800] "GET /content/repository/resource_content.jsp?oid=2150411&queryString=%E4%B8%89%E6%96%97%E7%9F%B3%E6%AB%9F%20%E6%9F%AF%E5%B1%AC%20%E6%A4%8D%E7%89%A9%E7%95%8C%20%E6%AE%BC%E6%96%97%E7%A7%91 HTTP/1.1" 200 31297
66.249.71.60 - - [30/Oct/2015:06:30:38 +0800] "GET /content/nav/relationSubject.jsp?relationWords=%E7%88%B6%E4%B9%99%E7%B0%8B%20&oid=1821641 HTTP/1.1" 200 3191
61.135.189.96 - - [30/Oct/2015:06:30:44 +0800] "GET /digiarch/content/repository/resource_content.jsp?oid=3355255 HTTP/1.1" 404 14873
61.135.189.96 - - [30/Oct/2015:06:31:00 +0800] "GET /digiarch/content/repository/resource_content.jsp?oid=4442619 HTTP/1.1" 404 14873
61.135.189.96 - - [30/Oct/2015:06:31:17 +0800] "GET /digiarch/content/repository/resource_content.jsp?oid=744605 HTTP/1.1" 404 14873
61.135.189.96 - - [30/Oct/2015:06:31:33 +0800] "GET /digiarch/content/repository/resource_content.jsp?oid=2630648 HTTP/1.1" 404 14873
123.125.71.41 - - [30/Oct/2015:06:31:37 +0800] "GET /content/repository/resource_content.jsp?oid=1554063 HTTP/1.1" 200 28697
61.135.189.96 - - [30/Oct/2015:06:31:49 +0800] "GET /digiarch/content/repository/resource_content.jsp?oid=703200 HTTP/1.1" 404 14873
220.181.108.94 - - [30/Oct/2015:06:31:54 +0800] "GET /content/nav/relationSubject.jsp?relationWords=%E8%87%BA%E6%9D%B1%E7%B8%A3+%E8%AD%A6%E5%AF%9F%E5%B1%80+&oid=1554063 HTTP/1.1" 200 5033
61.135.189.96 - - [30/Oct/2015:06:32:06 +0800] "GET /digiarch/content/repository/resource_content.jsp?oid=2652494 HTTP/1.1" 404 14873
61.135.189.96 - - [30/Oct/2015:06:32:22 +0800] "GET /digiarch/content/repository/resource_content.jsp?oid=4456593 HTTP/1.1" 404 14873
61.135.189.96 - - [30/Oct/2015:06:32:39 +0800] "GET /digiarch/content/repository/resource_content.jsp?oid=2685072 HTTP/1.1" 404 14873
66.249.71.64 - - [30/Oct/2015:06:32:43 +0800] "GET /content/subject/resource_content.jsp?oid=16777440&queryType=qs&queryString=%E8%87%BA%E7%81%A3%E5%8F%B2 HTTP/1.1" 200 50057
61.135.189.96 - - [30/Oct/2015:06:32:55 +0800] "GET /digiarch/content/repository/resource_content.jsp?oid=2659186 HTTP/1.1" 404 14873
61.135.189.96 - - [30/Oct/2015:06:33:10 +0800] "GET /digiarch/content/repository/resource_content.jsp?oid=4470908 HTTP/1.1" 404 14873
61.135.189.96 - - [30/Oct/2015:06:33:25 +0800] "GET /digiarch/content/repository/resource_content.jsp?oid=2654839 HTTP/1.1" 404 14873
61.135.189.96 - - [30/Oct/2015:06:33:41 +0800] "GET /digiarch/content/repository/resource_content.jsp?oid=2674846 HTTP/1.1" 404 14873
61.135.189.96 - - [30/Oct/2015:06:33:56 +0800] "GET /digiarch/content/repository/resource_content.jsp?oid=2672238 HTTP/1.1" 404 14873
61.135.189.96 - - [30/Oct/2015:06:34:13 +0800] "GET /digiarch/content/repository/resource_content.jsp?oid=1820288 HTTP/1.1" 404 14873
61.135.189.96 - - [30/Oct/2015:06:34:28 +0800] "GET /digiarch/content/repository/resource_content.jsp?oid=3355585 HTTP/1.1" 404 14873
61.135.189.96 - - [30/Oct/2015:06:34:44 +0800] "GET /digiarch/content/repository/resource_content.jsp?oid=3355582 HTTP/1.1" 404 14873
66.249.74.100 - - [30/Oct/2015:06:34:48 +0800] "GET /content/repository/resource_content.jsp?oid=1632523 HTTP/1.1" 200 29247
71.244.150.46 - - [30/Oct/2015:06:34:56 +0800] "GET /content/nav/relationSubject.jsp?relationWords=&oid=16777459 HTTP/1.1" 200 1405
61.135.189.96 - - [30/Oct/2015:06:34:58 +0800] "GET /digiarch/content/repository/resource_content.jsp?oid=4589128 HTTP/1.1" 404 14873
61.135.189.96 - - [30/Oct/2015:06:35:12 +0800] "GET /digiarch/content/repository/resource_content.jsp?oid=1174189 HTTP/1.1" 404 14873
61.135.189.96 - - [30/Oct/2015:06:35:28 +0800] "GET /digiarch/content/repository/resource_content.jsp?oid=1174820 HTTP/1.1" 404 14873
61.135.189.96 - - [30/Oct/2015:06:35:44 +0800] "GET /digiarch/content/repository/resource_content.jsp?oid=2530729 HTTP/1.1" 404 14873
61.135.189.96 - - [30/Oct/2015:06:36:00 +0800] "GET /digiarch/content/repository/resource_content.jsp?oid=2530960 HTTP/1.1" 404 14873
66.249.71.72 - - [30/Oct/2015:06:36:08 +0800] "GET /content/nav/relationSubject.jsp?relationWords=%E5%B4%B4%E5%9F%A0%20%E6%9D%B1%E7%9D%A3%20%E7%B5%90%E7%A4%BE%20%E9%9B%BB%E9%81%94%20&oid=697281 HTTP/1.1" 200 3219
61.135.189.96 - - [30/Oct/2015:06:36:14 +0800] "GET /digiarch/content/repository/resource_content.jsp?oid=2533754 HTTP/1.1" 404 14873
61.135.189.96 - - [30/Oct/2015:06:36:28 +0800] "GET /digiarch/content/repository/resource_content.jsp?oid=2531366 HTTP/1.1" 404 14873
61.135.189.96 - - [30/Oct/2015:06:36:44 +0800] "GET /digiarch/content/repository/resource_content.jsp?oid=2533062 HTTP/1.1" 404 14873
61.135.189.96 - - [30/Oct/2015:06:36:59 +0800] "GET /digiarch/content/repository/resource_content.jsp?oid=2533006 HTTP/1.1" 404 14873
66.249.71.64 - - [30/Oct/2015:06:37:02 +0800] "GET /content/nav/relationSubject.jsp?relationWords=&oid=1573989 HTTP/1.1" 200 1405
61.135.189.96 - - [30/Oct/2015:06:37:13 +0800] "GET /digiarch/content/repository/resource_content.jsp?oid=2532993 HTTP/1.1" 404 14873
61.135.189.96 - - [30/Oct/2015:06:37:28 +0800] "GET /digiarch/content/repository/resource_content.jsp?oid=2540304 HTTP/1.1" 404 14873
61.135.189.96 - - [30/Oct/2015:06:37:44 +0800] "GET /digiarch/content/repository/resource_content.jsp?oid=2533224 HTTP/1.1" 404 14873
61.135.189.96 - - [30/Oct/2015:06:38:01 +0800] "GET /digiarch/content/repository/resource_content.jsp?oid=2533175 HTTP/1.1" 404 14873
123.125.71.76 - - [30/Oct/2015:06:38:17 +0800] "GET /content/subject/resource_content.jsp?oid=16777406 HTTP/1.1" 200 32895
61.135.189.96 - - [30/Oct/2015:06:38:18 +0800] "GET /digiarch/content/repository/resource_content.jsp?oid=2569464 HTTP/1.1" 404 14873
111.82.154.63 - - [30/Oct/2015:06:38:30 +0800] "GET /content/nav/relationSubject.jsp?relationWords=%E5%A4%8F%E5%A4%9C+%E6%B0%B4%E8%8C%84%E8%8B%B3+&oid=16777503 HTTP/1.1" 200 3687
61.135.189.96 - - [30/Oct/2015:06:38:34 +0800] "GET /digiarch/content/repository/resource_content.jsp?oid=1818172 HTTP/1.1" 404 14873
61.135.189.96 - - [30/Oct/2015:06:38:49 +0800] "GET /digiarch/content/repository/resource_content.jsp?oid=1818170 HTTP/1.1" 404 14873
66.249.74.100 - - [30/Oct/2015:06:38:58 +0800] "GET /content/repository/resource_content.jsp?oid=714287 HTTP/1.1" 200 29133
61.135.189.96 - - [30/Oct/2015:06:39:03 +0800] "GET /digiarch/content/repository/resource_content.jsp?oid=1818169 HTTP/1.1" 404 14873
61.135.189.96 - - [30/Oct/2015:06:39:17 +0800] "GET /digiarch/content/repository/resource_content.jsp?oid=1818155 HTTP/1.1" 404 14873
61.135.189.96 - - [30/Oct/2015:06:39:32 +0800] "GET /digiarch/content/repository/resource_content.jsp?oid=1816799 HTTP/1.1" 404 14873
157.55.39.24 - - [30/Oct/2015:06:39:42 +0800] "GET /content/repository/resource_content.jsp?oid=1104048&queryString=%E4%BF%84%E6%B0%8F%E6%9F%BF%20%E5%8F%B0%E6%9D%B1%E6%9F%BF%20%E6%9F%BF%E6%A8%B9%20%E6%9F%BF%E6%A8%B9%E5%B1%AC%20%E6%9F%BF%E6%A8%B9%E7%A7%91%20%E6%A4%8D%E7%89%A9%E7%95%8C HTTP/1.1" 200 31628
61.135.189.96 - - [30/Oct/2015:06:39:48 +0800] "GET /digiarch/content/repository/resource_content.jsp?oid=1816766 HTTP/1.1" 404 14873
61.135.189.96 - - [30/Oct/2015:06:40:02 +0800] "GET /digiarch/content/repository/resource_content.jsp?oid=1816819 HTTP/1.1" 404 14873
207.46.13.183 - - [30/Oct/2015:06:40:03 +0800] "GET /content/repository/resource_content.jsp?oid=4363881&queryString=%E4%B8%83%E5%A8%98%E5%AA%BD%E4%BA%AD HTTP/1.1" 200 29206
61.135.189.96 - - [30/Oct/2015:06:40:16 +0800] "GET /digiarch/content/repository/resource_content.jsp?oid=1816769 HTTP/1.1" 404 14873
61.135.189.96 - - [30/Oct/2015:06:40:30 +0800] "GET /digiarch/content/repository/resource_content.jsp?oid=1816811 HTTP/1.1" 404 14873
61.135.189.96 - - [30/Oct/2015:06:40:43 +0800] "GET /digiarch/content/repository/resource_content.jsp?oid=2538520 HTTP/1.1" 404 14873
61.135.189.96 - - [30/Oct/2015:06:40:58 +0800] "GET /digiarch/content/repository/resource_content.jsp?oid=2665713 HTTP/1.1" 404 14873
66.249.71.64 - - [30/Oct/2015:06:40:58 +0800] "GET /content/nav/relationSubject.jsp?relationWords=%E7%81%A3%E7%9C%81%E6%94%BF%E5%BA%9C+%E7%9C%81%E6%94%BF%E5%BA%9C+%E7%A8%85%E6%8D%90+%E7%A8%BD%E5%BE%81+%E8%87%BA%E7%81%A3%E7%9C%81+%E8%87%BA%E7%81%A3%E7%9C%81%E6%94%BF%E5%BA%9C+%E9%A0%90%E7%AE%97+%E9%A0%90%E7%AE%97%E6%9B%B8+&oid=1900366 HTTP/1.1" 200 4807
66.249.71.64 - - [30/Oct/2015:06:41:00 +0800] "GET /content/nav/relationSubject.jsp?relationWords=%E7%81%A3%E7%9C%81%E6%94%BF%E5%BA%9C%20%E7%9C%81%E6%94%BF%E5%BA%9C%20%E7%A8%85%E6%8D%90%20%E7%A8%BD%E5%BE%81%20%E8%87%BA%E7%81%A3%E7%9C%81%20%E8%87%BA%E7%81%A3%E7%9C%81%E6%94%BF%E5%BA%9C%20%E9%A0%90%E7%AE%97%20%E9%A0%90%E7%AE%97%E6%9B%B8%20&oid=1900366 HTTP/1.1" 200 4807
66.249.71.5 - - [30/Oct/2015:06:41:02 +0800] "GET /digiarch3/content/subject/resource_content.jsp?oid=16777349&queryType=qc HTTP/1.1" 200 36486
61.135.189.96 - - [30/Oct/2015:06:41:12 +0800] "GET /digiarch/content/repository/resource_content.jsp?oid=614753 HTTP/1.1" 404 14873
61.135.189.96 - - [30/Oct/2015:06:41:26 +0800] "GET /digiarch/content/repository/resource_content.jsp?oid=614757 HTTP/1.1" 404 14873
61.135.189.96 - - [30/Oct/2015:06:41:40 +0800] "GET /digiarch/content/repository/resource_content.jsp?oid=4443093 HTTP/1.1" 404 14873
61.135.189.96 - - [30/Oct/2015:06:41:53 +0800] "GET /digiarch/content/repository/resource_content.jsp?oid=1884586 HTTP/1.1" 404 14873
61.135.189.96 - - [30/Oct/2015:06:42:12 +0800] "GET /digiarch/content/repository/resource_content.jsp?oid=4471300 HTTP/1.1" 404 14873
180.76.15.12 - - [30/Oct/2015:06:42:16 +0800] "GET /content/repository/resource_content.jsp?oid=1109790 HTTP/1.1" 200 30981
61.135.189.96 - - [30/Oct/2015:06:42:26 +0800] "GET /digiarch/content/repository/resource_content.jsp?oid=2671603 HTTP/1.1" 404 14873
61.135.189.96 - - [30/Oct/2015:06:42:39 +0800] "GET /digiarch/content/repository/resource_content.jsp?oid=2675915 HTTP/1.1" 404 14873
61.135.189.96 - - [30/Oct/2015:06:42:53 +0800] "GET /digiarch/content/repository/resource_content.jsp?oid=2525526 HTTP/1.1" 404 14873
61.135.189.96 - - [30/Oct/2015:06:43:06 +0800] "GET /digiarch/content/repository/resource_content.jsp?oid=2688885 HTTP/1.1" 404 14873
66.249.77.85 - - [30/Oct/2015:06:43:07 +0800] "GET /content/repository/resource_content.jsp?oid=2662581&queryString=%E6%9C%A8%E8%B3%8A%20%E8%B3%8A%E5%8C%AA HTTP/1.1" 200 30510
61.135.189.96 - - [30/Oct/2015:06:43:20 +0800] "GET /digiarch/content/repository/resource_content.jsp?oid=2632555 HTTP/1.1" 404 14873
61.135.189.96 - - [30/Oct/2015:06:43:35 +0800] "GET /digiarch/content/repository/resource_content.jsp?oid=2640370 HTTP/1.1" 404 14873
61.135.189.96 - - [30/Oct/2015:06:43:49 +0800] "GET /digiarch/content/repository/resource_content.jsp?oid=2671181 HTTP/1.1" 404 14873
61.135.189.96 - - [30/Oct/2015:06:44:02 +0800] "GET /digiarch/content/repository/resource_content.jsp?oid=2521580 HTTP/1.1" 404 14873
61.135.189.96 - - [30/Oct/2015:06:44:16 +0800] "GET /digiarch/content/repository/resource_content.jsp?oid=2525465 HTTP/1.1" 404 14873
68.180.228.24 - - [30/Oct/2015:06:44:23 +0800] "GET /content/pictures/picture_content.jsp?oid=33554744 HTTP/1.1" 200 27515
61.135.189.96 - - [30/Oct/2015:06:44:30 +0800] "GET /digiarch/content/repository/resource_content.jsp?oid=2525529 HTTP/1.1" 404 14873
61.135.189.96 - - [30/Oct/2015:06:44:44 +0800] "GET /digiarch/content/repository/resource_content.jsp?oid=1878289 HTTP/1.1" 404 14873
66.249.71.14 - - [30/Oct/2015:06:44:46 +0800] "GET /content/nav/relationSubject.jsp?relationWords=%E6%A0%A1%E6%AC%91+%E6%A4%86%E5%B1%AC+%E6%A4%8D%E7%89%A9%E7%95%8C+%E6%AE%BC%E6%96%97%E7%A7%91+%E9%90%B5%E6%A4%86+%E9%9D%92%E5%89%9B%E6%AB%9F+&oid=2150069 HTTP/1.1" 200 4562
66.249.71.23 - - [30/Oct/2015:06:44:47 +0800] "GET /content/nav/relationSubject.jsp?relationWords=%E6%A0%A1%E6%AC%91%20%E6%A4%86%E5%B1%AC%20%E6%A4%8D%E7%89%A9%E7%95%8C%20%E6%AE%BC%E6%96%97%E7%A7%91%20%E9%90%B5%E6%A4%86%20%E9%9D%92%E5%89%9B%E6%AB%9F%20&oid=2150069 HTTP/1.1" 200 4562
220.181.108.143 - - [30/Oct/2015:06:44:57 +0800] "GET /content/repository/resource_content.jsp?oid=791761 HTTP/1.1" 200 27880
61.135.189.96 - - [30/Oct/2015:06:44:58 +0800] "GET /digiarch/content/repository/resource_content.jsp?oid=2675974 HTTP/1.1" 404 14873
61.135.189.96 - - [30/Oct/2015:06:45:11 +0800] "GET /digiarch/content/repository/resource_content.jsp?oid=2626167 HTTP/1.1" 404 14873
66.249.71.14 - - [30/Oct/2015:06:45:12 +0800] "GET /content/repository/resource_content.jsp?oid=2667987&queryString=%E5%A4%9A%E7%BE%85%20%E5%BF%97%E6%B8%85%20%E8%AB%A1%E8%99%9F HTTP/1.1" 200 30244
61.231.17.130 - - [30/Oct/2015:06:45:15 +0800] "GET /content/nav/relationSubject.jsp?relationWords=&oid=16777543 HTTP/1.1" 200 1405
61.135.189.96 - - [30/Oct/2015:06:45:24 +0800] "GET /digiarch/content/repository/resource_content.jsp?oid=2653938 HTTP/1.1" 404 14873
66.249.71.173 - - [30/Oct/2015:06:45:30 +0800] "GET /content/nav/relationSubject.jsp?relationWords=%E9%9D%92%E5%89%9B+%E9%9D%92%E5%89%9B%E6%AB%9F+&oid=16777349 HTTP/1.1" 200 4048
66.249.71.173 - - [30/Oct/2015:06:45:32 +0800] "GET /content/nav/relationSubject.jsp?relationWords=%E9%9D%92%E5%89%9B%20%E9%9D%92%E5%89%9B%E6%AB%9F%20&oid=16777349 HTTP/1.1" 200 4048
61.135.189.96 - - [30/Oct/2015:06:45:38 +0800] "GET /digiarch/content/repository/resource_content.jsp?oid=741458 HTTP/1.1" 404 14873
61.135.189.96 - - [30/Oct/2015:06:45:51 +0800] "GET /digiarch/content/repository/resource_content.jsp?oid=2674043 HTTP/1.1" 404 14873
61.135.189.96 - - [30/Oct/2015:06:46:05 +0800] "GET /digiarch/content/repository/resource_content.jsp?oid=1812955 HTTP/1.1" 404 14873
61.135.189.96 - - [30/Oct/2015:06:46:17 +0800] "GET /digiarch/content/repository/resource_content.jsp?oid=1597314 HTTP/1.1" 404 14873
61.135.189.96 - - [30/Oct/2015:06:46:30 +0800] "GET /digiarch/content/repository/resource_content.jsp?oid=1617956 HTTP/1.1" 404 14873
61.135.189.96 - - [30/Oct/2015:06:46:43 +0800] "GET /digiarch/content/repository/resource_content.jsp?oid=1578346 HTTP/1.1" 404 14873
66.249.71.64 - - [30/Oct/2015:06:47:17 +0800] "GET /content/repository/resource_content.jsp?oid=2148639&queryString=%E6%A4%8D%E7%89%A9%E7%95%8C%20%E7%9B%B8%E6%80%9D%E6%A8%B9%20%E7%9B%B8%E6%80%9D%E6%A8%B9%E5%B1%AC%20%E8%A0%B6%E8%B1%86%20%E9%9B%99%E5%AD%90%E8%91%89%E6%A4%8D%E7%89%A9 HTTP/1.1" 200 31278
66.249.71.113 - - [30/Oct/2015:06:49:24 +0800] "GET /content/nav/relationSubject.jsp?relationWords=%E5%86%8D%E8%88%88+%E5%A4%A7%E7%A4%BE+%E5%A4%A7%E7%A4%BE%E9%84%89+%E5%BE%B7%E6%84%8F%E6%A1%88+%E6%94%BE%E7%A7%9F+%E9%98%BF%E8%93%AE%E9%84%89+&oid=1564860 HTTP/1.1" 200 3605
66.249.71.105 - - [30/Oct/2015:06:49:26 +0800] "GET /content/nav/relationSubject.jsp?relationWords=%E5%86%8D%E8%88%88%20%E5%A4%A7%E7%A4%BE%20%E5%A4%A7%E7%A4%BE%E9%84%89%20%E5%BE%B7%E6%84%8F%E6%A1%88%20%E6%94%BE%E7%A7%9F%20%E9%98%BF%E8%93%AE%E9%84%89%20&oid=1564860 HTTP/1.1" 200 3605
66.249.79.186 - - [30/Oct/2015:06:50:00 +0800] "GET /content/nav/relationSubject.jsp?relationWords=%E4%B8%83%E6%98%9F%E4%BB%94+%E6%A3%98%E8%94%A5%E4%BB%94+%E9%AC%BC%E5%B9%B3+&oid=15252 HTTP/1.1" 200 3562
66.249.71.155 - - [30/Oct/2015:06:50:03 +0800] "GET /content/nav/relationSubject.jsp?relationWords=%E4%B8%83%E6%98%9F%E4%BB%94%20%E6%A3%98%E8%94%A5%E4%BB%94%20%E9%AC%BC%E5%B9%B3%20&oid=15252 HTTP/1.1" 200 3562
66.249.71.105 - - [30/Oct/2015:06:51:26 +0800] "GET /content/repository/resource_content.jsp?oid=4363655&queryType=qs&queryString=%E5%85%AB%E5%AE%B6%E5%B0%87 HTTP/1.1" 200 29316
220.181.108.115 - - [30/Oct/2015:06:51:37 +0800] "GET /content/subject/resource_content.jsp?oid=16777261&queryType=qc HTTP/1.1" 200 29776
219.85.93.23 - - [30/Oct/2015:06:51:41 +0800] "GET /content/subject/resource_content.jsp?oid=16797295&queryType=qc HTTP/1.1" 200 66254
219.85.93.23 - - [30/Oct/2015:06:51:42 +0800] "GET /content/nav/relationSubject.jsp?relationWords=&oid=16797295 HTTP/1.1" 200 1405
66.249.71.64 - - [30/Oct/2015:06:51:58 +0800] "GET /m/content/repository/resource_content.jsp?oid=2149790&queryString=%E5%98%89%E8%B3%9C%E6%9C%A8%E5%B1%AC%20%E5%A4%A7%E9%A2%A8%E5%AD%90%20%E6%A4%8D%E7%89%A9%E7%95%8C%20%E8%8F%AB%E8%8F%9C%20%E8%96%84%E8%91%89%E5%98%89%E8%B3%9C%E6%9C%A8 HTTP/1.1" 404 14873
66.249.71.155 - - [30/Oct/2015:06:53:31 +0800] "GET /content/repository/resource_content.jsp?oid=1782085&queryString=%E7%9B%9B%E5%85%B7%20%E8%8A%B1%E7%B4%8B%E9%99%B6%E7%BD%90 HTTP/1.1" 200 28706
65.185.30.133 - - [30/Oct/2015:06:54:03 +0800] "GET /content/repository/resource_content.jsp?oid=3354052&queryType=qs&queryString=%E8%80%85%E5%A5%B3 HTTP/1.1" 200 29473
65.185.30.133 - - [30/Oct/2015:06:54:06 +0800] "GET /content/nav/relationSubject.jsp?relationWords=%E5%85%95%E8%A7%A5+%E8%80%85%E5%A5%B3%E8%A7%A5+%E8%80%85%E5%A7%A4%E8%A7%A5+&oid=3354052 HTTP/1.1" 200 3199
66.249.71.64 - - [30/Oct/2015:06:54:11 +0800] "GET /content/nav/relationSubject.jsp?relationWords=&oid=1874753 HTTP/1.1" 200 1405
66.249.71.60 - - [30/Oct/2015:06:54:57 +0800] "GET /content/nav/relationSubject.jsp?relationWords=%E7%8E%89%E5%BB%A9+%E9%99%B8%E6%B8%AC%E5%9C%96+&oid=216316 HTTP/1.1" 200 3102
66.249.71.60 - - [30/Oct/2015:06:55:24 +0800] "GET /content/nav/relationSubject.jsp?relationWords=%E7%8E%89%E5%BB%A9%20%E9%99%B8%E6%B8%AC%E5%9C%96%20&oid=216316 HTTP/1.1" 200 3102
66.249.71.72 - - [30/Oct/2015:06:55:36 +0800] "GET /content/repository/resource_content.jsp?oid=1515699 HTTP/1.1" 200 28800
66.249.71.14 - - [30/Oct/2015:06:56:23 +0800] "GET /digiarch3/content/subject/resource_content.jsp?oid=16777349&queryType=qc HTTP/1.1" 200 36486
66.249.77.85 - - [30/Oct/2015:06:57:41 +0800] "GET /content/repository/resource_content.jsp?oid=2656050&queryType=qs&queryString=%E5%BA%9C%E5%AD%B8 HTTP/1.1" 200 30171
220.181.108.119 - - [30/Oct/2015:06:58:19 +0800] "GET /content/repository/resource_content.jsp?oid=2690059 HTTP/1.1" 200 29813
66.249.77.97 - - [30/Oct/2015:06:59:23 +0800] "GET /content/subject/resource_content.jsp?oid=16777512&queryType=qc HTTP/1.1" 200 34534
66.249.71.173 - - [30/Oct/2015:07:01:38 +0800] "GET /content/nav/relationSubject.jsp?relationWords=%E6%A4%8D%E7%89%A9%E7%95%8C+%E6%A8%9F%E5%B1%AC+%E6%A8%9F%E7%A7%91+%E7%99%BD%E8%91%89+%E7%99%BD%E8%91%89%E9%87%A3%E6%A8%9F+%E9%87%A3%E6%A8%9F+%E9%87%A3%E6%A8%9F%E5%B1%AC+&oid=2152639 HTTP/1.1" 200 3396
66.249.71.155 - - [30/Oct/2015:07:01:40 +0800] "GET /content/nav/relationSubject.jsp?relationWords=%E6%A4%8D%E7%89%A9%E7%95%8C%20%E6%A8%9F%E5%B1%AC%20%E6%A8%9F%E7%A7%91%20%E7%99%BD%E8%91%89%20%E7%99%BD%E8%91%89%E9%87%A3%E6%A8%9F%20%E9%87%A3%E6%A8%9F%20%E9%87%A3%E6%A8%9F%E5%B1%AC%20&oid=2152639 HTTP/1.1" 200 3396
66.249.74.102 - - [30/Oct/2015:07:01:51 +0800] "GET /content/repository/resource_content.jsp?oid=1890372 HTTP/1.1" 200 28329
66.249.71.64 - - [30/Oct/2015:07:03:00 +0800] "GET /content/nav/relationSubject.jsp?relationWords=%E5%A2%9E%E7%94%A2%E6%A1%88+%E5%AE%9C%E8%98%AD%E7%B8%A3%E5%A4%A7%E5%90%8C%E9%84%89+&oid=1551128 HTTP/1.1" 200 3376
66.249.77.85 - - [30/Oct/2015:07:03:07 +0800] "GET /content/repository/resource_content.jsp?oid=1572177&queryType=qs&queryString=%E5%AE%9C%E6%9E%97 HTTP/1.1" 200 29560
66.249.71.173 - - [30/Oct/2015:07:03:23 +0800] "GET /content/nav/relationSubject.jsp?relationWords=%E5%85%AB%E5%88%86%E6%9B%B8+%E6%99%89%E5%8D%BF+%E6%9D%B5%E8%87%BC+%E6%AD%A6%E6%96%91%E7%A5%A0+%E6%AD%A6%E6%B0%8F%E7%A5%A0%E5%B7%A6%E7%9F%B3%E5%AE%A4+%E6%B4%9B%E6%B0%8F+%E9%A1%8C%E8%A8%98+&oid=1811219 HTTP/1.1" 200 5535
66.249.79.186 - - [30/Oct/2015:07:03:25 +0800] "GET /content/nav/relationSubject.jsp?relationWords=%E5%85%AB%E5%88%86%E6%9B%B8%20%E6%99%89%E5%8D%BF%20%E6%9D%B5%E8%87%BC%20%E6%AD%A6%E6%96%91%E7%A5%A0%20%E6%AD%A6%E6%B0%8F%E7%A5%A0%E5%B7%A6%E7%9F%B3%E5%AE%A4%20%E6%B4%9B%E6%B0%8F%20%E9%A1%8C%E8%A8%98%20&oid=1811219 HTTP/1.1" 200 5535
66.249.71.60 - - [30/Oct/2015:07:03:55 +0800] "GET /content/repository/resource_content.jsp?oid=3339721 HTTP/1.1" 200 29537
61.135.189.96 - - [30/Oct/2015:07:04:41 +0800] "GET /content/subject/resource_content.jsp?oid=16797293&queryType=qc HTTP/1.1" 200 46243
123.125.71.106 - - [30/Oct/2015:07:04:57 +0800] "GET /content/repository/resource_content.jsp?oid=1894384&queryString=%E6%B1%9F%E4%B8%8A%E6%B8%85%20%E9%99%B3%E6%98%8E%E6%96%87%20%E9%A1%8F%E6%B8%85%E6%A8%99 HTTP/1.1" 200 29027
220.181.108.111 - - [30/Oct/2015:07:05:29 +0800] "GET /content/nav/relationSubject.jsp?relationWords=%E6%9E%97%E6%98%A5+%E6%9E%97%E6%AD%A3+%E6%A5%8A%E7%A7%8B%E8%88%88+%E6%B1%9F%E4%B8%8A%E6%B8%85+&oid=1894384 HTTP/1.1" 200 3338
66.249.71.60 - - [30/Oct/2015:07:06:00 +0800] "GET /content/repository/resource_content.jsp?oid=1594732 HTTP/1.1" 200 28613
61.135.189.96 - - [30/Oct/2015:07:06:30 +0800] "GET /content/subject/resource_content.jsp?oid=16777706&queryType=qc HTTP/1.1" 200 53841
66.249.71.60 - - [30/Oct/2015:07:06:43 +0800] "GET /content/nav/relationSubject.jsp?relationWords=%E4%B8%89%E5%8F%89%E8%95%A8+%E4%B8%89%E5%8F%89%E8%95%A8%E5%B1%AC+%E8%95%A8%E5%B1%AC+%E8%A7%80%E9%9F%B3%E4%B8%89%E5%8F%89%E8%95%A8+%E9%99%B0%E5%9C%B0%E4%B8%89%E5%8F%89%E8%95%A8+&oid=1112197 HTTP/1.1" 200 3446
66.249.71.64 - - [30/Oct/2015:07:06:44 +0800] "GET /content/nav/relationSubject.jsp?relationWords=%E4%B8%89%E5%8F%89%E8%95%A8%20%E4%B8%89%E5%8F%89%E8%95%A8%E5%B1%AC%20%E8%95%A8%E5%B1%AC%20%E8%A7%80%E9%9F%B3%E4%B8%89%E5%8F%89%E8%95%A8%20%E9%99%B0%E5%9C%B0%E4%B8%89%E5%8F%89%E8%95%A8%20&oid=1112197 HTTP/1.1" 200 3446
66.249.77.91 - - [30/Oct/2015:07:06:52 +0800] "GET /content/subject/resource_content.jsp?oid=16777710&queryType=qc HTTP/1.1" 200 27819
66.249.71.72 - - [30/Oct/2015:07:07:36 +0800] "GET /content/nav/relationSubject.jsp?relationWords=%E4%B8%89%E6%96%97%E7%9F%B3%E6%AB%9F+%E6%9F%AF%E5%B1%AC+%E6%A4%8D%E7%89%A9%E7%95%8C+%E6%AE%BC%E6%96%97%E7%A7%91+&oid=2150411 HTTP/1.1" 200 3500
66.249.71.72 - - [30/Oct/2015:07:08:07 +0800] "GET /content/repository/resource_content.jsp?oid=2147794 HTTP/1.1" 200 30690
61.135.189.96 - - [30/Oct/2015:07:08:48 +0800] "GET /content/tmp_exh/resource_content.jsp?oid=16777763&queryType=qc HTTP/1.1" 200 31595
61.135.189.96 - - [30/Oct/2015:07:09:01 +0800] "GET /content/subject/resource_content.jsp?oid=16777350&queryType=qc HTTP/1.1" 200 36251
218.173.56.153 - - [30/Oct/2015:07:09:10 +0800] "GET /content/subject/resource_content.jsp?oid=16777404&queryString HTTP/1.1" 200 27559
218.173.56.153 - - [30/Oct/2015:07:09:12 +0800] "GET /content/nav/relationSubject.jsp?relationWords=%E9%BB%83%E6%A7%90+&oid=16777404 HTTP/1.1" 200 2928
173.252.88.94 - - [30/Oct/2015:07:09:15 +0800] "GET /content/subject/resource_content.jsp?oid=16777404&queryString HTTP/1.1" 200 27559
61.135.189.96 - - [30/Oct/2015:07:09:16 +0800] "GET /digiarch3/content/tmp_tec/resource_content.jsp?oid=16777740 HTTP/1.1" 200 39308
