61.135.189.96 - - [07/Nov/2015:12:39:34 +0800] "GET /digiarch/content/repository/resource_content.jsp?oid=2654436 HTTP/1.1" 404 14873
61.135.189.96 - - [07/Nov/2015:12:39:49 +0800] "GET /digiarch/content/repository/resource_content.jsp?oid=1818720 HTTP/1.1" 404 14873
49.214.241.101 - - [07/Nov/2015:12:39:57 +0800] "GET /content/repository/resource_content.jsp?oid=2656762&queryType=qs&queryString=%E6%9D%8E%E8%A1%9B HTTP/1.1" 200 29760
49.214.241.101 - - [07/Nov/2015:12:39:57 +0800] "GET /content/nav/relationSubject.jsp?relationWords=&oid=2656762 HTTP/1.1" 200 1405
61.135.189.96 - - [07/Nov/2015:12:40:04 +0800] "GET /digiarch/content/repository/resource_content.jsp?oid=1818512 HTTP/1.1" 404 14873
61.135.189.96 - - [07/Nov/2015:12:40:18 +0800] "GET /digiarch/content/repository/resource_content.jsp?oid=1818521 HTTP/1.1" 404 14873
61.135.189.96 - - [07/Nov/2015:12:40:32 +0800] "GET /digiarch/content/repository/resource_content.jsp?oid=615704 HTTP/1.1" 404 14873
66.249.71.64 - - [07/Nov/2015:12:40:45 +0800] "GET /digiarch_en/content/repository/resource_content.jsp?oid=1531358&queryString=%E5%8F%83%E8%AD%B0%E5%93%A1%20%E5%8F%83%E8%AD%B0%E6%9C%83%20%E5%8F%B0%E7%81%A3%E7%9C%81%20%E7%9C%81%E6%94%BF%E5%BA%9C%20%E8%98%87%E6%83%9F%E6%A2%81%20%E9%BB%83%E7%B4%94%E9%9D%92 HTTP/1.1" 200 25436
66.249.71.64 - - [07/Nov/2015:12:40:46 +0800] "GET /content/repository/resource_content.jsp?oid=1562613&queryString=%E5%9C%B0%E6%96%B9%E6%95%99%E8%82%B2%20%E6%95%99%E8%82%B2%E5%BB%B3%20%E6%95%99%E8%82%B2%E6%A1%88%20%E8%81%B7%E6%A5%AD%E5%AD%B8%E6%A0%A1 HTTP/1.1" 200 29516
61.135.189.96 - - [07/Nov/2015:12:40:47 +0800] "GET /digiarch/content/repository/resource_content.jsp?oid=2627556 HTTP/1.1" 404 14873
61.135.189.96 - - [07/Nov/2015:12:41:02 +0800] "GET /digiarch/content/repository/resource_content.jsp?oid=2646943 HTTP/1.1" 404 14873
61.135.189.96 - - [07/Nov/2015:12:41:18 +0800] "GET /digiarch/content/repository/resource_content.jsp?oid=1818775 HTTP/1.1" 404 14873
61.135.189.96 - - [07/Nov/2015:12:41:33 +0800] "GET /digiarch/content/repository/resource_content.jsp?oid=1818936 HTTP/1.1" 404 14873
61.135.189.96 - - [07/Nov/2015:12:41:48 +0800] "GET /digiarch/content/repository/resource_content.jsp?oid=1819501 HTTP/1.1" 404 14873
61.135.189.96 - - [07/Nov/2015:12:42:04 +0800] "GET /digiarch/content/repository/resource_content.jsp?oid=1819765 HTTP/1.1" 404 14873
61.135.189.96 - - [07/Nov/2015:12:42:20 +0800] "GET /digiarch/content/repository/resource_content.jsp?oid=2673890 HTTP/1.1" 404 14873
61.135.189.96 - - [07/Nov/2015:12:42:36 +0800] "GET /digiarch/content/repository/resource_content.jsp?oid=4461255 HTTP/1.1" 404 14873
61.135.189.96 - - [07/Nov/2015:12:42:51 +0800] "GET /digiarch/content/repository/resource_content.jsp?oid=2638309 HTTP/1.1" 404 14873
61.135.189.96 - - [07/Nov/2015:12:43:05 +0800] "GET /digiarch/content/repository/resource_content.jsp?oid=4470404 HTTP/1.1" 404 14873
68.180.228.24 - - [07/Nov/2015:12:43:11 +0800] "GET /content/subject/resource_content.jsp?oid=16777302&queryType=qc HTTP/1.1" 200 33444
61.135.189.96 - - [07/Nov/2015:12:43:18 +0800] "GET /digiarch/content/repository/resource_content.jsp?oid=2688420 HTTP/1.1" 404 14873
61.135.189.96 - - [07/Nov/2015:12:43:32 +0800] "GET /digiarch/content/repository/resource_content.jsp?oid=2679604 HTTP/1.1" 404 14873
220.138.67.138 - - [07/Nov/2015:12:43:42 +0800] "GET /content/tmp_exh/resource_content.jsp?oid=16777714&queryType=qc HTTP/1.1" 200 38247
66.249.71.164 - - [07/Nov/2015:12:43:44 +0800] "GET /content/repository/resource_content.jsp?oid=3822479&queryType=qs&queryString=%E5%87%8C%E9%9C%84 HTTP/1.1" 200 31237
220.138.67.138 - - [07/Nov/2015:12:43:45 +0800] "GET /content/nav/relationSubject.jsp?relationWords=GIS+%E5%9C%B0%E5%BD%A2%E5%9C%96+%E5%A0%A1%E5%9C%96+%E8%95%83%E5%9C%B0+&oid=16777714 HTTP/1.1" 200 4619
61.135.189.96 - - [07/Nov/2015:12:43:45 +0800] "GET /digiarch/content/repository/resource_content.jsp?oid=2632449 HTTP/1.1" 404 14873
61.135.189.96 - - [07/Nov/2015:12:44:00 +0800] "GET /digiarch/content/repository/resource_content.jsp?oid=2530669 HTTP/1.1" 404 14873
61.135.189.96 - - [07/Nov/2015:12:44:15 +0800] "GET /digiarch/content/repository/resource_content.jsp?oid=2530683 HTTP/1.1" 404 14873
61.135.189.96 - - [07/Nov/2015:12:44:31 +0800] "GET /digiarch/content/repository/resource_content.jsp?oid=2529989 HTTP/1.1" 404 14873
61.135.189.96 - - [07/Nov/2015:12:44:44 +0800] "GET /digiarch/content/repository/resource_content.jsp?oid=2518283 HTTP/1.1" 404 14873
1.161.231.66 - - [07/Nov/2015:12:44:50 +0800] "GET /content/nav/relationSubject.jsp?relationWords=%E6%A5%93%E9%A6%99+&oid=16777275 HTTP/1.1" 200 3838
61.135.189.96 - - [07/Nov/2015:12:44:58 +0800] "GET /digiarch/content/repository/resource_content.jsp?oid=2675604 HTTP/1.1" 404 14873
68.180.228.24 - - [07/Nov/2015:12:45:05 +0800] "GET /content/subject/resource_content.jsp?oid=16777721&queryType=qc HTTP/1.1" 200 36349
61.135.189.96 - - [07/Nov/2015:12:45:13 +0800] "GET /digiarch/content/repository/resource_content.jsp?oid=2643828 HTTP/1.1" 404 14873
61.135.189.96 - - [07/Nov/2015:12:45:26 +0800] "GET /digiarch/content/repository/resource_content.jsp?oid=2686538 HTTP/1.1" 404 14873
61.135.189.96 - - [07/Nov/2015:12:45:42 +0800] "GET /digiarch/content/repository/resource_content.jsp?oid=4462778 HTTP/1.1" 404 14873
61.135.189.96 - - [07/Nov/2015:12:45:56 +0800] "GET /digiarch/content/repository/resource_content.jsp?oid=2629369 HTTP/1.1" 404 14873
66.249.71.23 - - [07/Nov/2015:12:46:32 +0800] "GET /digiarch3/content/repository/resource_content.jsp?oid=4352501&queryType=qs&queryString=%E6%B0%B4%E8%B3%AA HTTP/1.1" 200 34436
66.249.71.60 - - [07/Nov/2015:12:46:54 +0800] "GET /content/tmp_exh/resource_content.jsp?oid=16777849&queryString= HTTP/1.1" 200 32528
123.125.71.110 - - [07/Nov/2015:12:47:06 +0800] "GET /content/repository/resource_content.jsp?oid=175727 HTTP/1.1" 200 30095
66.249.71.60 - - [07/Nov/2015:12:48:56 +0800] "GET /content/nav/relationSubject.jsp?relationWords=%E5%87%BA%E9%9B%B2+%E6%A4%8D%E7%89%A9%E7%95%8C+%E6%B5%B7%E6%A3%A0+%E7%A7%8B%E6%B5%B7%E6%A3%A0+%E7%A7%8B%E6%B5%B7%E6%A3%A0%E5%B1%AC+%E7%A7%8B%E6%B5%B7%E6%A3%A0%E7%A7%91+%E8%8F%AB%E8%8F%9C+&oid=3813889 HTTP/1.1" 200 5300
66.249.71.64 - - [07/Nov/2015:12:48:57 +0800] "GET /content/nav/relationSubject.jsp?relationWords=%E5%87%BA%E9%9B%B2%20%E6%A4%8D%E7%89%A9%E7%95%8C%20%E6%B5%B7%E6%A3%A0%20%E7%A7%8B%E6%B5%B7%E6%A3%A0%20%E7%A7%8B%E6%B5%B7%E6%A3%A0%E5%B1%AC%20%E7%A7%8B%E6%B5%B7%E6%A3%A0%E7%A7%91%20%E8%8F%AB%E8%8F%9C%20&oid=3813889 HTTP/1.1" 200 5300
106.1.133.77 - - [07/Nov/2015:12:49:08 +0800] "GET /content/nav/relationSubject.jsp?relationWords=%E5%8F%B0%E7%81%A3%E6%AC%92%E6%A8%B9+%E6%AC%92%E6%A8%B9+%E8%8B%A6%E8%8B%93+%E8%8B%A6%E8%8B%93%E8%88%85+&oid=16777254 HTTP/1.1" 200 4383
1.161.231.66 - - [07/Nov/2015:12:49:48 +0800] "GET /content/subject/resource_content.jsp?oid=16777274&queryString= HTTP/1.1" 200 35506
1.161.231.66 - - [07/Nov/2015:12:49:50 +0800] "GET /content/nav/relationSubject.jsp?relationWords=%E9%9D%92%E6%A5%93+&oid=16777274 HTTP/1.1" 200 3565
66.249.71.72 - - [07/Nov/2015:12:49:54 +0800] "GET /content/repository/resource_content.jsp?oid=1106275&queryString=%E5%8E%9A%E6%AE%BC%E6%A8%B9%20%E5%8E%9A%E6%AE%BC%E6%A8%B9%E5%B1%AC%20%E6%A4%8D%E7%89%A9%E7%95%8C%20%E7%B4%AB%E8%8D%89%E7%A7%91 HTTP/1.1" 200 31726
66.249.71.5 - - [07/Nov/2015:12:51:26 +0800] "GET /content/nav/relationSubject.jsp?relationWords=%E6%B9%96%E5%BB%A3+%E6%B9%96%E5%BB%A3%E7%B8%BD%E7%9D%A3+&oid=2517464 HTTP/1.1" 200 3164
66.249.71.64 - - [07/Nov/2015:12:51:39 +0800] "GET /content/nav/relationSubject.jsp?relationWords=%E5%BC%93%E6%9E%9C%E9%BB%8D+%E5%BC%93%E6%9E%9C%E9%BB%8D%E5%B1%AC+%E6%95%A3%E7%A9%97%E5%BC%93%E6%9E%9C%E9%BB%8D+&oid=1109530 HTTP/1.1" 200 3223
66.249.71.64 - - [07/Nov/2015:12:51:41 +0800] "GET /content/nav/relationSubject.jsp?relationWords=%E5%BC%93%E6%9E%9C%E9%BB%8D%20%E5%BC%93%E6%9E%9C%E9%BB%8D%E5%B1%AC%20%E6%95%A3%E7%A9%97%E5%BC%93%E6%9E%9C%E9%BB%8D%20&oid=1109530 HTTP/1.1" 200 3223
66.249.71.72 - - [07/Nov/2015:12:52:54 +0800] "GET /content/repository/resource_content.jsp?oid=1106307&queryString=%E5%B0%BC%E6%B0%8F%E6%93%AC%E9%A6%AC%E5%81%95%E8%8A%B1%20%E6%93%AC%E9%A6%AC%E5%81%95%E8%8A%B1%E5%B1%AC HTTP/1.1" 200 31846
123.125.71.47 - - [07/Nov/2015:12:52:55 +0800] "GET /content/subject/resource_content.jsp?oid=16777653&queryType=qc HTTP/1.1" 200 57817
66.249.74.100 - - [07/Nov/2015:12:55:24 +0800] "GET /content/subject/resource_content.jsp?oid=16777270&queryString=%E5%A4%A7%E8%91%89%E5%B1%B1%E6%AC%96 HTTP/1.1" 200 34455
66.249.71.121 - - [07/Nov/2015:12:56:04 +0800] "GET /content/repository/resource_content.jsp?oid=4363114&queryType=qs&queryString=%E6%8C%87%E5%8D%97%E5%AE%AE HTTP/1.1" 200 28108
66.249.71.121 - - [07/Nov/2015:12:56:56 +0800] "GET /content/nav/relationSubject.jsp?relationWords=%E5%AD%9A%E4%BD%91%E5%B8%9D%E5%90%9B+%E6%8C%87%E5%8D%97%E5%AE%AE+&oid=4363114 HTTP/1.1" 200 2185
66.249.77.85 - - [07/Nov/2015:12:57:20 +0800] "GET /content/subject/resource_content.jsp?oid=16777328&queryType=qc HTTP/1.1" 200 35573
66.249.71.64 - - [07/Nov/2015:13:01:50 +0800] "GET /content/subject/resource_content.jsp?oid=16777715&queryType=qc HTTP/1.1" 200 34750
66.249.71.72 - - [07/Nov/2015:13:02:18 +0800] "GET /content/repository/resource_content.jsp?oid=4361949&queryType=qs&queryString=%E6%96%87%E6%AE%8A HTTP/1.1" 200 32431
66.249.71.14 - - [07/Nov/2015:13:02:21 +0800] "GET /digiarch3/content/pictures/picture_content.jsp?oid=33554825&classify=2761 HTTP/1.1" 200 27872
66.249.79.172 - - [07/Nov/2015:13:02:51 +0800] "GET /content/subject/resource_content.jsp?oid=16777736&queryType=qc HTTP/1.1" 200 43188
61.135.189.96 - - [07/Nov/2015:13:03:13 +0800] "GET /digiarch3/content/pictures/picture_content.jsp?oid=33554823&queryType=qc HTTP/1.1" 200 27852
66.249.71.64 - - [07/Nov/2015:13:03:24 +0800] "GET /content/repository/resource_content.jsp?oid=1531358&queryString=%E5%9C%B0%E6%96%B9%E7%B8%BD%E9%A0%90%E7%AE%97%20%E6%9C%83%E8%AD%B0%E7%B4%80%E9%8C%84%20%E6%AD%B2%E5%85%A5%20%E6%AD%B2%E5%87%BA%20%E7%9C%81%E6%94%BF%E5%BA%9C%20%E7%B8%BD%E9%A0%90%E7%AE%97%20%E8%87%B4%E8%A9%9E%20%E8%AD%B0%E9%95%B7%20%E9%A0%90%E7%AE%97 HTTP/1.1" 200 31031
61.135.189.96 - - [07/Nov/2015:13:03:28 +0800] "GET /digiarch3/content/subject/resource_content.jsp?oid=16777540&queryType=qc> HTTP/1.1" 200 31601
66.249.71.72 - - [07/Nov/2015:13:03:35 +0800] "GET /content/nav/relationSubject.jsp?relationWords=&oid=4361949 HTTP/1.1" 200 1405
61.135.189.96 - - [07/Nov/2015:13:03:43 +0800] "GET /digiarch3/content/subject/resource_content.jsp?oid=16777424&queryType=qc HTTP/1.1" 200 38683
61.135.189.96 - - [07/Nov/2015:13:03:58 +0800] "GET /digiarch3/content/subject/resource_content.jsp?oid=16777657&queryType=qc> HTTP/1.1" 200 71768
66.249.71.72 - - [07/Nov/2015:13:04:07 +0800] "GET /content/repository/resource_content.jsp?oid=1537398 HTTP/1.1" 200 29424
66.249.71.64 - - [07/Nov/2015:13:04:14 +0800] "GET /content/nav/relationSubject.jsp?relationWords=%E4%BE%BF%E6%B0%91+%E5%9C%9F%E5%9C%B0%E5%BB%BA%E7%89%A9+&oid=1576449 HTTP/1.1" 200 3170
66.249.71.72 - - [07/Nov/2015:13:05:14 +0800] "GET /content/repository/resource_content.jsp?oid=1893683 HTTP/1.1" 200 28401
66.249.71.121 - - [07/Nov/2015:13:05:15 +0800] "GET /content/pictures/picture_content.jsp?oid=33554531&queryType=qs&queryString=%E5%85%B8%E9%9B%85 HTTP/1.1" 200 27426
223.138.114.119 - - [07/Nov/2015:13:05:22 +0800] "GET /content/nav/relationSubject.jsp?relationWords=%E8%96%9C%E8%8D%94+&oid=16777485 HTTP/1.1" 200 3561
66.249.71.14 - - [07/Nov/2015:13:06:21 +0800] "GET /digiarch3/content/nav/relationSubject.jsp?relationWords=%E6%BC%A2%E7%B0%A1+&oid=16777409 HTTP/1.1" 200 3820
66.249.71.14 - - [07/Nov/2015:13:06:23 +0800] "GET /digiarch3/content/nav/relationSubject.jsp?relationWords=%E6%BC%A2%E7%B0%A1%20&oid=16777409 HTTP/1.1" 200 3820
42.72.79.32 - - [07/Nov/2015:13:07:08 +0800] "GET /content/repository/resource_content.jsp?oid=1598851 HTTP/1.1" 200 28736
42.72.79.32 - - [07/Nov/2015:13:07:10 +0800] "GET /content/nav/relationSubject.jsp?relationWords=%E5%9C%B0%E4%B8%8B%E5%8C%96+&oid=1598851 HTTP/1.1" 200 19630
66.249.71.72 - - [07/Nov/2015:13:07:20 +0800] "GET /content/nav/relationSubject.jsp?relationWords=%E5%85%AC%E8%81%B7%E4%BA%BA%E5%93%A1+%E6%A6%AE%E6%B0%91+%E8%80%81%E6%A6%AE%E6%B0%91+&oid=1629201 HTTP/1.1" 200 5924
66.249.71.60 - - [07/Nov/2015:13:07:22 +0800] "GET /content/nav/relationSubject.jsp?relationWords=%E5%85%AC%E8%81%B7%E4%BA%BA%E5%93%A1%20%E6%A6%AE%E6%B0%91%20%E8%80%81%E6%A6%AE%E6%B0%91%20&oid=1629201 HTTP/1.1" 200 5924
61.135.189.96 - - [07/Nov/2015:13:07:40 +0800] "GET /digiarch3/content/tmp_exh/resource_content.jsp?oid=16777844&queryType=qc HTTP/1.1" 200 36998
61.135.189.96 - - [07/Nov/2015:13:07:54 +0800] "GET /digiarch3/content/tmp_exh/resource_content.jsp?oid=16777844&queryType=qc%201890 HTTP/1.1" 200 36998
66.249.71.60 - - [07/Nov/2015:13:08:15 +0800] "GET /content/subject/resource_content.jsp?oid=16797292&queryType=qc HTTP/1.1" 200 57226
61.135.189.96 - - [07/Nov/2015:13:08:21 +0800] "GET /content/subject/resource_content.jsp?oid=16777276&queryType=qc HTTP/1.1" 200 32531
66.249.71.72 - - [07/Nov/2015:13:08:22 +0800] "GET /content/repository/resource_content.jsp?oid=1548802&queryString=%E5%8C%97%E8%BF%B4%E9%90%B5%E8%B7%AF%20%E5%8D%97%E5%8C%97%E9%AB%98%E9%80%9F%E5%85%AC%E8%B7%AF%20%E8%98%87%E8%8A%B1%E5%85%AC%E8%B7%AF%20%E8%BB%8A%E7%A6%8D HTTP/1.1" 200 29128
61.135.189.96 - - [07/Nov/2015:13:08:35 +0800] "GET /digiarch3/content/pictures/picture_content.jsp?oid=33554750 HTTP/1.1" 200 27569
61.135.189.96 - - [07/Nov/2015:13:10:07 +0800] "GET /content/tmp_exh/resource_content.jsp?oid=16777848&queryType=qc HTTP/1.1" 200 37199
180.176.24.35 - - [07/Nov/2015:13:10:09 +0800] "GET /content/nav/relationSubject.jsp?relationWords=%E7%83%8F%E5%BF%83%E7%9F%B3+%E9%B1%B8%E9%B0%BB+&oid=16777303 HTTP/1.1" 200 4004
61.135.189.96 - - [07/Nov/2015:13:10:33 +0800] "GET /digiarch2/content/repository/resource_content.jsp?oid=279195&queryType=qc HTTP/1.1" 200 10002
61.135.189.96 - - [07/Nov/2015:13:10:46 +0800] "GET /digiarch2/content/repository/resource_content.jsp?oid=279196&queryType=qc HTTP/1.1" 200 9540
123.125.71.113 - - [07/Nov/2015:13:10:48 +0800] "GET /content/repository/resource_content.jsp?oid=1622192 HTTP/1.1" 200 29013
61.135.189.96 - - [07/Nov/2015:13:11:13 +0800] "GET /digiarch3/content/subject/resource_content.jsp?oid=16777625&queryType=qc> HTTP/1.1" 200 61686
66.249.71.64 - - [07/Nov/2015:13:11:26 +0800] "GET /content/repository/resource_content.jsp?oid=1527925&queryString=%E4%B8%AD%E5%9C%8B%E5%A4%A7%E9%99%B8%E5%9C%B0%E5%9C%96%20%E6%BD%AD%E5%AD%90 HTTP/1.1" 200 29266
66.249.71.72 - - [07/Nov/2015:13:11:59 +0800] "GET /content/repository/resource_content.jsp?oid=1110245 HTTP/1.1" 200 31447
66.249.71.60 - - [07/Nov/2015:13:12:50 +0800] "GET /content/repository/resource_content.jsp?oid=1635342 HTTP/1.1" 200 30060
66.249.71.60 - - [07/Nov/2015:13:13:44 +0800] "GET /content/nav/relationSubject.jsp?relationWords=%E4%BD%95%E9%87%91%E7%94%9F+%E5%9C%8B%E7%AD%96%E6%A1%88+%E6%BD%AD%E5%AD%90+%E7%9C%81%E6%94%BF%E5%BA%9C+%E7%9C%81%E8%AD%B0%E6%9C%83+%E7%B3%96%E5%BB%A0+%E7%B3%96%E6%A5%AD+%E8%87%A8%E6%99%82%E7%9C%81%E8%AD%B0%E6%9C%83+%E8%87%BA%E7%81%A3%E7%9C%81+%E9%87%91%E7%94%9F+&oid=1527925 HTTP/1.1" 200 5711
66.249.71.60 - - [07/Nov/2015:13:13:46 +0800] "GET /content/nav/relationSubject.jsp?relationWords=%E4%BD%95%E9%87%91%E7%94%9F%20%E5%9C%8B%E7%AD%96%E6%A1%88%20%E6%BD%AD%E5%AD%90%20%E7%9C%81%E6%94%BF%E5%BA%9C%20%E7%9C%81%E8%AD%B0%E6%9C%83%20%E7%B3%96%E5%BB%A0%20%E7%B3%96%E6%A5%AD%20%E8%87%A8%E6%99%82%E7%9C%81%E8%AD%B0%E6%9C%83%20%E8%87%BA%E7%81%A3%E7%9C%81%20%E9%87%91%E7%94%9F%20&oid=1527925 HTTP/1.1" 200 5711
66.249.71.121 - - [07/Nov/2015:13:14:35 +0800] "GET /content/repository/resource_content.jsp?oid=4352009&queryType=qs&queryString=%E6%B2%B3%E5%BA%95 HTTP/1.1" 200 34326
39.8.205.177 - - [07/Nov/2015:13:15:41 +0800] "GET /content/nav/relationSubject.jsp?relationWords=%E8%8B%A6%E8%8B%93+&oid=16777317 HTTP/1.1" 200 3183
66.249.71.23 - - [07/Nov/2015:13:17:46 +0800] "GET /digiarch3/content/subject/resource_content.jsp?oid=16777484&queryType=qs&queryString=%E7%9F%B3%E9%A0%AD%E5%85%AC HTTP/1.1" 200 72139
66.249.77.97 - - [07/Nov/2015:13:17:54 +0800] "GET /content/nav/relationSubject.jsp?relationWords=%E4%B8%8B%E6%B0%B4%E9%81%93+%E4%B9%9D%E5%B9%B4%E5%9C%8B%E6%95%99+%E5%85%AC%E5%85%B1%E5%BB%BA%E8%A8%AD+%E5%9C%9F%E5%9C%B0%E5%A2%9E%E5%80%BC%E7%A8%85+%E5%9C%B0%E5%83%B9+%E5%9C%B0%E5%83%B9%E7%A8%85+%E5%A2%9E%E5%80%BC%E7%A8%85+%E5%BE%81%E6%94%B6%E9%A1%8D+%E9%81%93%E8%B7%AF%E5%B7%A5%E7%A8%8B+%E9%83%BD%E5%B8%82%E8%A8%88%E5%8A%83+%E9%A0%90%E7%AE%97+&oid=1581199 HTTP/1.1" 200 5145
66.249.77.91 - - [07/Nov/2015:13:17:56 +0800] "GET /content/nav/relationSubject.jsp?relationWords=%E4%B8%8B%E6%B0%B4%E9%81%93%20%E4%B9%9D%E5%B9%B4%E5%9C%8B%E6%95%99%20%E5%85%AC%E5%85%B1%E5%BB%BA%E8%A8%AD%20%E5%9C%9F%E5%9C%B0%E5%A2%9E%E5%80%BC%E7%A8%85%20%E5%9C%B0%E5%83%B9%20%E5%9C%B0%E5%83%B9%E7%A8%85%20%E5%A2%9E%E5%80%BC%E7%A8%85%20%E5%BE%81%E6%94%B6%E9%A1%8D%20%E9%81%93%E8%B7%AF%E5%B7%A5%E7%A8%8B%20%E9%83%BD%E5%B8%82%E8%A8%88%E5%8A%83%20%E9%A0%90%E7%AE%97%20&oid=1581199 HTTP/1.1" 200 5145
66.249.71.64 - - [07/Nov/2015:13:18:39 +0800] "GET /content/subject/resource_content.jsp?oid=16777484&queryString=%E8%80%B3%E9%A3%BE%20%E9%84%92%E6%97%8F HTTP/1.1" 200 72072
125.224.114.234 - - [07/Nov/2015:13:18:59 +0800] "GET /content/nav/relationSubject.jsp?relationWords=%E8%A5%BF%E8%9E%BA+%E8%A5%BF%E8%9E%BA%E5%A4%A7%E6%A9%8B+&oid=16777581 HTTP/1.1" 200 4454
66.249.71.72 - - [07/Nov/2015:13:20:45 +0800] "GET /content/repository/resource_content.jsp?oid=1576449 HTTP/1.1" 200 28683
66.249.71.72 - - [07/Nov/2015:13:20:46 +0800] "GET /content/repository/resource_content.jsp?oid=2149647 HTTP/1.1" 200 30932
66.249.71.60 - - [07/Nov/2015:13:20:47 +0800] "GET /content/repository/resource_content.jsp?oid=1552766&queryString=%E5%85%AB%E5%BA%9C%E7%A4%BE%20%E5%8D%91%E5%8D%97%E9%84%89%20%E5%A4%A7%E5%8D%97%E6%9D%91%20%E6%80%A5%E6%95%91%20%E8%87%BA%E6%9D%B1%E7%B8%A3%20%E8%89%BE%E7%88%BE%E8%A5%BF%E9%A2%B1%E9%A2%A8 HTTP/1.1" 200 30858
66.249.71.64 - - [07/Nov/2015:13:21:30 +0800] "GET /content/repository/resource_content.jsp?oid=1550995 HTTP/1.1" 200 28759
66.249.71.60 - - [07/Nov/2015:13:21:37 +0800] "GET /content/nav/relationSubject.jsp?relationWords=%E6%9D%8E%E9%9B%85%E6%99%AF+%E9%BB%83%E6%B0%B8+%E9%BB%83%E6%B0%B8%E6%AC%BD+&oid=1891993 HTTP/1.1" 200 3302
66.249.74.98 - - [07/Nov/2015:13:21:38 +0800] "GET /content/nav/relationSubject.jsp?relationWords=%E6%9D%8E%E9%9B%85%E6%99%AF%20%E9%BB%83%E6%B0%B8%20%E9%BB%83%E6%B0%B8%E6%AC%BD%20&oid=1891993 HTTP/1.1" 200 3302
66.249.71.60 - - [07/Nov/2015:13:21:51 +0800] "GET /content/repository/resource_content.jsp?oid=1602340 HTTP/1.1" 200 28854
66.249.71.64 - - [07/Nov/2015:13:22:23 +0800] "GET /content/repository/resource_content.jsp?oid=2646513&queryType=qs&queryString=%E9%B3%B3%E9%99%BD%E9%97%9C HTTP/1.1" 200 30222
66.249.77.97 - - [07/Nov/2015:13:22:45 +0800] "GET /content/nav/relationSubject.jsp?relationWords=%E7%B4%85%E5%B0%BE+%E7%B4%85%E5%B0%BE%E5%86%AC%E4%BB%94+%E9%87%91%E7%B7%9A%E9%AD%9A+%E9%87%91%E7%B7%9A%E9%AD%9A%E7%A7%91+%E9%8C%90%E9%BD%92+%E9%BB%83%E5%B8%B6%E9%8C%90%E9%BD%92%E9%AF%9B+%E9%BD%92%E9%AF%9B+&oid=4354417 HTTP/1.1" 200 3727
66.249.77.97 - - [07/Nov/2015:13:22:46 +0800] "GET /content/nav/relationSubject.jsp?relationWords=%E7%B4%85%E5%B0%BE%20%E7%B4%85%E5%B0%BE%E5%86%AC%E4%BB%94%20%E9%87%91%E7%B7%9A%E9%AD%9A%20%E9%87%91%E7%B7%9A%E9%AD%9A%E7%A7%91%20%E9%8C%90%E9%BD%92%20%E9%BB%83%E5%B8%B6%E9%8C%90%E9%BD%92%E9%AF%9B%20%E9%BD%92%E9%AF%9B%20&oid=4354417 HTTP/1.1" 200 3727
203.70.93.227 - - [07/Nov/2015:13:23:30 +0800] "GET /content/nav/relationSubject.jsp?relationWords=%E8%8B%A6%E8%8B%93+&oid=16777317 HTTP/1.1" 200 3183
66.249.71.64 - - [07/Nov/2015:13:23:44 +0800] "GET /digiarch_en/content/repository/resource_content.jsp?oid=1774618&queryString=%E5%88%BA%E6%A1%90%20%E7%8F%8A%E7%91%9A%E5%88%BA%E6%A1%90 HTTP/1.1" 200 24522
66.249.71.60 - - [07/Nov/2015:13:23:51 +0800] "GET /content/nav/relationSubject.jsp?relationWords=%E5%8D%97%E5%AF%AE%20%E5%8D%97%E5%AF%AE%E6%BC%81%E6%B8%AF%20%E7%9B%AE%E6%A8%99%20%E9%81%A0%E6%B4%8B%E6%BC%81%E8%88%B9%20%E9%9B%BB%E6%A1%BF%20&oid=1537398 HTTP/1.1" 200 6855
66.249.71.72 - - [07/Nov/2015:13:24:02 +0800] "GET /content/nav/relationSubject.jsp?relationWords=%E5%85%AC%E5%9F%94%20%E6%A9%9F%E6%A2%B0%20%E6%A9%AB%E8%B2%AB%E5%85%AC%E8%B7%AF%20%E7%87%9F%E6%A5%AD%E7%A8%85%20%E7%A8%85%E7%8E%87%20%E8%BE%B2%E6%A5%AD%E6%A9%9F%E6%A2%B0%20%E8%BE%B2%E6%A5%AD%E6%A9%9F%E6%A2%B0%E5%8C%96%20%E9%9B%86%E9%9B%86%20&oid=1635342 HTTP/1.1" 200 4990
66.249.71.60 - - [07/Nov/2015:13:24:16 +0800] "GET /content/repository/resource_content.jsp?oid=1892947 HTTP/1.1" 200 28339
1.162.45.120 - - [07/Nov/2015:13:25:19 +0800] "GET /content/repository/resource_content.jsp?oid=1776065 HTTP/1.1" 200 29664
1.162.45.120 - - [07/Nov/2015:13:25:21 +0800] "GET /content/nav/relationSubject.jsp?relationWords=%E5%8D%91%E5%8D%97%E6%97%8F+&oid=1776065 HTTP/1.1" 200 3206
1.172.160.9 - - [07/Nov/2015:13:25:43 +0800] "GET /digiarch3/content/repository/resource_content.jsp?oid=16492&queryType=qs&queryString=%E5%89%9D%E7%9A%AE%E9%AD%9A HTTP/1.1" 200 35772
1.172.160.9 - - [07/Nov/2015:13:25:43 +0800] "GET /digiarch3/content/nav/relationSubject.jsp?relationWords=%E5%89%9D%E7%9A%AE%E9%AD%9A+%E5%96%AE%E6%A3%98%E9%AD%A8%E7%A7%91+%E5%96%AE%E8%A7%92%E9%9D%A9%E5%96%AE%E6%A3%98%E9%AD%A8+%E5%96%AE%E8%A7%92%E9%9D%A9%E9%AD%A8+%E8%88%88%E9%81%94+%E8%96%84%E8%91%89+%E9%81%94%E4%BB%94+&oid=16492 HTTP/1.1" 200 3696
36.228.1.17 - - [07/Nov/2015:13:26:45 +0800] "GET /content/nav/relationSubject.jsp?relationWords=&oid=16777459 HTTP/1.1" 200 1405
66.249.71.60 - - [07/Nov/2015:13:26:46 +0800] "GET /content/repository/resource_content.jsp?oid=1098365&queryString=%E5%8D%88%E6%99%82%E8%8A%B1%20%E6%A4%8D%E7%89%A9%E7%95%8C%20%E8%91%89%E9%87%91%20%E8%96%84%E8%91%89%20%E9%87%91%E5%8D%88%E6%99%82%E8%8A%B1%20%E9%87%91%E5%8D%88%E6%99%82%E8%8A%B1%E5%B1%AC%20%E9%8C%A6%E8%91%B5%20%E9%8C%A6%E8%91%B5%E7%A7%91 HTTP/1.1" 200 31284
66.249.71.64 - - [07/Nov/2015:13:27:18 +0800] "GET /content/repository/resource_content.jsp?oid=4388405&queryString=%E5%85%A5%E7%89%B9%E5%B8%AB%E7%A7%91%20%E5%9C%8B%E6%A0%A1%20%E5%B0%B1%E8%AE%80%E6%A1%88%20%E5%B8%AB%E5%B0%88 HTTP/1.1" 200 30966
66.249.71.72 - - [07/Nov/2015:13:27:20 +0800] "GET /content/nav/relationSubject.jsp?relationWords=%E5%8F%83%E8%AD%B0%E6%9C%83+%E5%8F%B0%E7%81%A3%E7%9C%81+%E6%A8%9F%E8%85%A6+%E6%A8%9F%E8%85%A6%E5%B1%80+%E6%B1%BA%E7%AE%97+%E7%95%9C%E7%94%A2+%E8%8C%B6%E6%A5%AD+%E8%BE%B2%E6%9E%97+%E8%BE%B2%E6%9E%97%E5%85%AC%E5%8F%B8+&oid=1518938 HTTP/1.1" 200 5372
66.249.71.60 - - [07/Nov/2015:13:27:51 +0800] "GET /digiarch_en/content/nav/relationSubject.jsp?relationWords=%E7%8B%97%E9%B0%B7+%E7%B4%85%E5%B0%BE+&oid=15918 HTTP/1.1" 200 3465
66.249.74.102 - - [07/Nov/2015:13:27:53 +0800] "GET /digiarch_en/content/nav/relationSubject.jsp?relationWords=%E7%8B%97%E9%B0%B7%20%E7%B4%85%E5%B0%BE%20&oid=15918 HTTP/1.1" 200 3465
66.249.71.113 - - [07/Nov/2015:13:29:55 +0800] "GET /content/repository/resource_content.jsp?oid=1894384&queryType=qs&queryString=%E6%A5%8A%E7%A7%8B HTTP/1.1" 200 28986
66.249.71.72 - - [07/Nov/2015:13:29:56 +0800] "GET /content/repository/resource_content.jsp?oid=1114931 HTTP/1.1" 200 31049
66.249.71.60 - - [07/Nov/2015:13:30:18 +0800] "GET /content/repository/resource_content.jsp?oid=811765 HTTP/1.1" 200 27915
66.249.71.72 - - [07/Nov/2015:13:32:19 +0800] "GET /content/nav/relationSubject.jsp?relationWords=%E5%8F%B8%E4%BB%A4%E9%83%A8%20%E6%89%80%E5%BE%97%E7%A8%85%20%E7%A8%85%E6%8D%90%20%E7%A8%BD%E5%BE%81%20%E8%87%BA%E4%B8%AD%E5%B8%82%20%E8%B2%A1%E6%94%BF%20%E8%B2%A1%E6%94%BF%E9%A1%9E%20&oid=1550995 HTTP/1.1" 200 5908
66.249.71.60 - - [07/Nov/2015:13:32:55 +0800] "GET /content/repository/resource_content.jsp?oid=1895161&queryString=%E4%B8%80%E5%BA%9C%E4%BA%BA%20%E4%BB%A5%E7%AC%A6%E5%AF%A6%E9%9A%9B%E6%A1%88%20%E5%85%AC%E5%8B%99%E4%BA%BA%E5%93%A1%20%E7%9C%81%E6%94%BF%E5%BA%9C HTTP/1.1" 200 31008
66.249.71.64 - - [07/Nov/2015:13:32:58 +0800] "GET /content/repository/resource_content.jsp?oid=1551044&queryString=%E6%8A%B5%E6%8A%BC%E6%AC%8A%E8%A8%AD%E5%AE%9A HTTP/1.1" 200 28814
66.249.71.64 - - [07/Nov/2015:13:33:49 +0800] "GET /content/repository/resource_content.jsp?oid=2679447&queryString=%E5%80%89%E5%84%B2%20%E6%8D%90%E7%9B%A3%20%E9%BA%A5%E7%9F%B3 HTTP/1.1" 200 30436
123.125.71.36 - - [07/Nov/2015:13:34:29 +0800] "GET /content/repository/resource_content.jsp?oid=1537947 HTTP/1.1" 200 28919
40.77.167.57 - - [07/Nov/2015:13:35:51 +0800] "GET /content/nav/relationSubject.jsp?relationWords=&oid=16777543 HTTP/1.1" 200 1405
66.249.71.60 - - [07/Nov/2015:13:35:54 +0800] "GET /content/repository/resource_content.jsp?oid=1104531 HTTP/1.1" 200 31327
66.249.71.14 - - [07/Nov/2015:13:35:56 +0800] "GET /digiarch3/content/pictures/picture_content.jsp?oid=33554731&classify=2259 HTTP/1.1" 200 27764
117.19.98.152 - - [07/Nov/2015:13:36:11 +0800] "GET /content/tmp_exh/resource_content.jsp?oid=16777849&queryType=qc HTTP/1.1" 200 32528
117.19.98.152 - - [07/Nov/2015:13:36:13 +0800] "GET /content/nav/relationSubject.jsp?relationWords=&oid=16777849 HTTP/1.1" 200 1405
66.249.71.173 - - [07/Nov/2015:13:36:16 +0800] "GET /content/nav/relationSubject.jsp?relationWords=%E4%B8%89%E8%85%B3%E5%89%AA+%E6%85%88%E5%A7%91+%E6%85%88%E5%A7%91%E5%B1%AC+%E6%A4%8D%E7%89%A9%E7%95%8C+%E6%B0%B4%E8%8A%8B+%E6%BE%A4%E7%80%89+%E6%BE%A4%E7%80%89%E7%A7%91+&oid=2151369 HTTP/1.1" 200 3407
66.249.71.164 - - [07/Nov/2015:13:36:17 +0800] "GET /content/nav/relationSubject.jsp?relationWords=%E4%B8%89%E8%85%B3%E5%89%AA%20%E6%85%88%E5%A7%91%20%E6%85%88%E5%A7%91%E5%B1%AC%20%E6%A4%8D%E7%89%A9%E7%95%8C%20%E6%B0%B4%E8%8A%8B%20%E6%BE%A4%E7%80%89%20%E6%BE%A4%E7%80%89%E7%A7%91%20&oid=2151369 HTTP/1.1" 200 3407
157.55.39.80 - - [07/Nov/2015:13:37:39 +0800] "GET /content/repository/resource_content.jsp?oid=1820438 HTTP/1.1" 200 28802
140.112.25.98 - - [07/Nov/2015:13:37:40 +0800] "GET /digiarch3/content/repository/resource_content.jsp?oid=4551479&queryString=%E6%97%A5%E6%9C%AC%E7%AC%A0%E8%9A%B6 HTTP/1.1" 200 30822
140.112.25.98 - - [07/Nov/2015:13:37:42 +0800] "GET /digiarch3/content/nav/relationSubject.jsp?relationWords=%E6%97%A5%E6%9C%AC%E7%AC%A0%E8%9A%B6+%E7%AC%A0%E8%9A%B6%E5%B1%AC+%E8%9A%B6%E7%A7%91+%E8%BB%9F%E9%AB%94%E5%8B%95%E7%89%A9%E9%96%80+%E9%9B%99%E6%AE%BC%E7%B6%B1+%E9%AD%81%E8%9B%A4+&oid=4551479 HTTP/1.1" 200 3451
40.77.167.57 - - [07/Nov/2015:13:38:51 +0800] "GET /content/nav/relationSubject.jsp?relationWords=%E5%8F%B0%E6%9D%B1%E8%98%87%E9%90%B5+&oid=16777386 HTTP/1.1" 200 4092
66.249.74.100 - - [07/Nov/2015:13:38:57 +0800] "GET /content/subject/resource_content.jsp?oid=16777458 HTTP/1.1" 200 31598
66.249.71.72 - - [07/Nov/2015:13:39:05 +0800] "GET /content/repository/resource_content.jsp?oid=1897846&queryString=%E5%9C%B0%E8%99%9F%20%E8%87%BA%E5%8C%97%E5%B8%82%20%E8%87%BA%E7%81%A3%E7%9C%81%E6%94%BF%E5%BA%9C%20%E8%90%AC%E8%8F%AF%20%E9%90%B5%E8%B7%AF%E5%B1%80 HTTP/1.1" 200 30898
66.249.71.14 - - [07/Nov/2015:13:39:10 +0800] "GET /digiarch3/content/subject/resource_content.jsp?oid=16777443&queryType=qc HTTP/1.1" 200 40049
40.77.167.57 - - [07/Nov/2015:13:39:34 +0800] "GET /content/nav/relationSubject.jsp?relationWords=%E6%B0%B4%E9%BB%83%E7%9A%AE+&oid=16777535 HTTP/1.1" 200 3630
66.249.71.60 - - [07/Nov/2015:13:39:38 +0800] "GET /content/subject/resource_content.jsp?oid=16777443 HTTP/1.1" 200 40095
66.249.71.121 - - [07/Nov/2015:13:40:31 +0800] "GET /content/nav/relationSubject.jsp?relationWords=%E7%A8%8B%E6%B0%8F+%E8%80%85%E5%A5%B3+%E8%80%85%E5%A5%B3%E8%A7%A5+%E9%A1%8C%E8%A8%98+&oid=1817786 HTTP/1.1" 200 4932
123.125.67.206 - - [07/Nov/2015:13:40:32 +0800] "GET /content/repository/resource_content.jsp?oid=603829 HTTP/1.1" 200 28494
66.249.71.121 - - [07/Nov/2015:13:40:33 +0800] "GET /content/nav/relationSubject.jsp?relationWords=%E7%A8%8B%E6%B0%8F%20%E8%80%85%E5%A5%B3%20%E8%80%85%E5%A5%B3%E8%A7%A5%20%E9%A1%8C%E8%A8%98%20&oid=1817786 HTTP/1.1" 200 4932
66.249.71.60 - - [07/Nov/2015:13:41:15 +0800] "GET /content/nav/relationSubject.jsp?relationWords=%E7%9C%81%E6%94%BF%E5%BA%9C+%E7%9C%81%E8%AD%B0%E6%9C%83+%E8%87%A8%E6%99%82%E7%9C%81%E8%AD%B0%E6%9C%83+%E8%87%BA%E5%8D%97%E5%B8%82+%E8%87%BA%E7%81%A3%E7%9C%81+%E8%AC%9D%E4%BD%9B%E7%94%9F+&oid=1521973 HTTP/1.1" 200 5543
66.249.71.60 - - [07/Nov/2015:13:41:17 +0800] "GET /content/nav/relationSubject.jsp?relationWords=%E7%9C%81%E6%94%BF%E5%BA%9C%20%E7%9C%81%E8%AD%B0%E6%9C%83%20%E8%87%A8%E6%99%82%E7%9C%81%E8%AD%B0%E6%9C%83%20%E8%87%BA%E5%8D%97%E5%B8%82%20%E8%87%BA%E7%81%A3%E7%9C%81%20%E8%AC%9D%E4%BD%9B%E7%94%9F%20&oid=1521973 HTTP/1.1" 200 5543
111.250.9.191 - - [07/Nov/2015:13:41:18 +0800] "GET /content/repository/resource_content.jsp?oid=14087&queryString=%E5%B0%96%E5%90%BB%20%E5%B0%96%E9%A0%AD%E6%9B%B2%E9%BD%92%E9%AE%AB%20%E5%B0%96%E9%A0%AD%E6%B2%99%20%E6%B2%99%E6%A2%9D%20%E7%99%BD%E7%9C%BC%E9%AE%AB%E7%A7%91 HTTP/1.1" 200 35095
111.250.9.191 - - [07/Nov/2015:13:41:19 +0800] "GET /content/nav/relationSubject.jsp?relationWords=%E6%B2%99%E6%A2%9D+%E7%81%B0%E8%B2%82%E9%AE%AB+%E8%B2%82%E9%AE%AB+&oid=14087 HTTP/1.1" 200 3396
66.249.71.60 - - [07/Nov/2015:13:42:05 +0800] "GET /content/repository/resource_content.jsp?oid=1629878 HTTP/1.1" 200 28837
68.180.228.24 - - [07/Nov/2015:13:42:52 +0800] "GET /content/subject/resource_content.jsp?oid=16777421&queryType=qc HTTP/1.1" 200 34224
66.249.71.64 - - [07/Nov/2015:13:42:53 +0800] "GET /content/nav/relationSubject.jsp?relationWords=%E6%96%B0%E5%8C%96%E9%8E%AE+%E8%99%8E%E9%A0%AD%E5%9F%A4+&oid=1565782 HTTP/1.1" 200 4876
66.249.71.60 - - [07/Nov/2015:13:42:54 +0800] "GET /content/nav/relationSubject.jsp?relationWords=%E6%96%B0%E5%8C%96%E9%8E%AE%20%E8%99%8E%E9%A0%AD%E5%9F%A4%20&oid=1565782 HTTP/1.1" 200 4876
66.249.71.60 - - [07/Nov/2015:13:43:05 +0800] "GET /content/nav/relationSubject.jsp?relationWords=&oid=1890862 HTTP/1.1" 200 1405
217.120.81.64 - - [07/Nov/2015:13:43:43 +0800] "GET /digiarch2/content/repository/resource_content.jsp?queryString=%E5%99%A8%E7%89%A9&oid=4362981&queryType=qc HTTP/1.1" 200 9125
217.120.81.64 - - [07/Nov/2015:13:43:48 +0800] "GET /digiarch2/content/repository/resource_content.jsp?queryString=%E5%99%A8%E7%89%A9&oid=4362981&queryType=qc HTTP/1.1" 200 9125
66.249.71.121 - - [07/Nov/2015:13:43:49 +0800] "GET /content/nav/relationSubject.jsp?relationWords=%E4%BA%BA%E9%A1%9E%E5%AD%B8+%E6%B0%91%E6%97%8F%E8%AA%8C+%E7%A4%BE%E6%9C%83%E7%A6%8F%E5%88%A9+%E8%80%81%E4%BA%BA%E7%85%A7%E8%AD%B7+%E8%AD%B7%E7%90%86+%E9%81%94%E6%82%9F+%E9%9B%85%E7%BE%8E+%E9%9B%85%E7%BE%8E%E6%97%8F+&oid=1777815 HTTP/1.1" 200 4376
66.249.71.121 - - [07/Nov/2015:13:43:51 +0800] "GET /content/nav/relationSubject.jsp?relationWords=%E4%BA%BA%E9%A1%9E%E5%AD%B8%20%E6%B0%91%E6%97%8F%E8%AA%8C%20%E7%A4%BE%E6%9C%83%E7%A6%8F%E5%88%A9%20%E8%80%81%E4%BA%BA%E7%85%A7%E8%AD%B7%20%E8%AD%B7%E7%90%86%20%E9%81%94%E6%82%9F%20%E9%9B%85%E7%BE%8E%20%E9%9B%85%E7%BE%8E%E6%97%8F%20&oid=1777815 HTTP/1.1" 200 4376
66.249.71.60 - - [07/Nov/2015:13:44:08 +0800] "GET /content/nav/relationSubject.jsp?relationWords=%E8%87%BA%E7%81%A3%E9%80%9A%E4%BF%A1+&oid=4488663 HTTP/1.1" 200 2981
66.249.71.64 - - [07/Nov/2015:13:44:09 +0800] "GET /content/nav/relationSubject.jsp?relationWords=%E8%87%BA%E7%81%A3%E9%80%9A%E4%BF%A1%20&oid=4488663 HTTP/1.1" 200 2981
66.249.74.98 - - [07/Nov/2015:13:45:16 +0800] "GET /content/repository/resource_content.jsp?oid=1899374&queryString=%E9%AF%9B%E7%A7%91%20%E9%BB%83%E9%8C%AB%20%E9%BB%83%E9%8C%AB%E9%AF%9B HTTP/1.1" 200 29446
217.120.81.64 - - [07/Nov/2015:13:45:26 +0800] "GET /digiarch2/content/repository/resource_content.jsp?queryString=%E5%99%A8%E7%89%A9&oid=4362975&queryType=qc HTTP/1.1" 200 9125
217.120.81.64 - - [07/Nov/2015:13:45:29 +0800] "GET /digiarch2/content/repository/resource_content.jsp?queryString=%E5%99%A8%E7%89%A9&oid=4362975&queryType=qc HTTP/1.1" 200 9125
66.249.74.100 - - [07/Nov/2015:13:46:25 +0800] "GET /content/nav/relationSubject.jsp?relationWords=%E6%95%99%E6%A1%88%20%E6%95%B8%E4%BD%8D%E5%85%B8%E8%97%8F%20&oid=16777586 HTTP/1.1" 200 7674
66.249.71.72 - - [07/Nov/2015:13:47:42 +0800] "GET /content/nav/relationSubject.jsp?relationWords=%E9%99%B8%E6%B8%AC%E5%9C%96+&oid=178177 HTTP/1.1" 200 3079
66.249.71.60 - - [07/Nov/2015:13:47:43 +0800] "GET /content/nav/relationSubject.jsp?relationWords=%E9%99%B8%E6%B8%AC%E5%9C%96%20&oid=178177 HTTP/1.1" 200 3079
66.249.74.102 - - [07/Nov/2015:13:47:47 +0800] "GET /content/repository/resource_content.jsp?oid=1519560 HTTP/1.1" 200 28555
123.125.67.154 - - [07/Nov/2015:13:47:51 +0800] "GET /content/subject/resource_content.jsp?oid=16777315&queryType=qc HTTP/1.1" 200 30032
66.249.71.64 - - [07/Nov/2015:13:48:24 +0800] "GET /content/repository/resource_content.jsp?oid=2685626&queryString=%E5%85%B8%E7%B1%8D%E5%BB%B3%20%E5%A4%A7%E7%A5%80%20%E5%A4%A9%E5%A3%87 HTTP/1.1" 200 30250
66.249.71.64 - - [07/Nov/2015:13:48:25 +0800] "GET /content/repository/resource_content.jsp?oid=174729&queryString=%E4%B8%AD%E5%9C%8B%E5%A4%A7%E9%99%B8%E5%9C%B0%E5%9C%96%20%E5%BC%B5%E9%99%B6%E9%9B%86 HTTP/1.1" 200 30253
66.249.71.5 - - [07/Nov/2015:13:49:05 +0800] "GET /digiarch3/content/nav/relationSubject.jsp?relationWords=%E6%B5%B7%E8%91%B5+%E6%B5%B7%E8%91%B5%E9%AD%9A+%E7%9C%BC%E6%96%91+%E7%9C%BC%E6%96%91%E6%B5%B7%E8%91%B5%E9%AD%9A+&oid=33554733 HTTP/1.1" 200 3670
66.249.74.74 - - [07/Nov/2015:13:49:07 +0800] "GET /digiarch3/content/nav/relationSubject.jsp?relationWords=%E6%B5%B7%E8%91%B5%20%E6%B5%B7%E8%91%B5%E9%AD%9A%20%E7%9C%BC%E6%96%91%20%E7%9C%BC%E6%96%91%E6%B5%B7%E8%91%B5%E9%AD%9A%20&oid=33554733 HTTP/1.1" 200 3670
217.120.81.64 - - [07/Nov/2015:13:49:10 +0800] "GET /digiarch2/content/repository/resource_content.jsp?queryString=%E5%99%A8%E7%89%A9&oid=4362975&queryType=qc HTTP/1.1" 200 9125
217.120.81.64 - - [07/Nov/2015:13:49:14 +0800] "GET /digiarch2/content/repository/resource_content.jsp?queryString=%E5%99%A8%E7%89%A9&oid=4362975&queryType=qc HTTP/1.1" 200 9125
66.249.71.60 - - [07/Nov/2015:13:50:19 +0800] "GET /content/nav/relationSubject.jsp?relationWords=%E7%99%BE%E5%90%88%E5%B1%AC%20%E9%87%8E%E7%99%BE%E5%90%88%20%E9%87%8E%E7%99%BE%E5%90%88%E5%B1%AC%20&oid=1462019 HTTP/1.1" 200 3300
66.249.71.64 - - [07/Nov/2015:13:50:31 +0800] "GET /content/nav/relationSubject.jsp?relationWords=%E5%A4%A7%E7%9B%AE%E4%BB%94+%E6%8E%98%E6%B0%8F%E6%93%AC%E6%A3%98%E9%AF%9B+%E6%8E%98%E6%B0%8F%E6%A3%98%E9%87%91%E7%9C%BC%E9%AF%9B+%E6%A3%98%E9%AF%9B+%E7%B4%85%E5%A4%A7%E7%9B%AE%E4%BB%94+%E9%87%91%E7%9C%BC%E9%AF%9B+%E9%AF%9B%E7%A7%91+&oid=14732 HTTP/1.1" 200 3816
101.139.154.88 - - [07/Nov/2015:13:50:42 +0800] "GET /content/repository/resource_content.jsp?oid=2149631 HTTP/1.1" 200 30955
101.139.154.88 - - [07/Nov/2015:13:50:45 +0800] "GET /content/nav/relationSubject.jsp?relationWords=%E6%A0%B2%E5%B1%AC+%E6%A4%8D%E7%89%A9%E7%95%8C+%E6%AE%BC%E6%96%97%E7%A7%91+&oid=2149631 HTTP/1.1" 200 3022
66.249.71.64 - - [07/Nov/2015:13:51:35 +0800] "GET /content/repository/resource_content.jsp?oid=2667602&queryString=%E5%B7%A5%E9%83%A8%20%E6%B5%B7%E5%A1%98 HTTP/1.1" 200 30522
66.249.71.72 - - [07/Nov/2015:13:54:27 +0800] "GET /content/nav/relationSubject.jsp?relationWords=%E7%8E%89%E5%B1%B1%E7%9F%B3%E6%9D%BE+%E7%9F%B3%E6%9D%BE+&oid=1458254 HTTP/1.1" 200 3200
66.249.71.64 - - [07/Nov/2015:13:54:29 +0800] "GET /content/nav/relationSubject.jsp?relationWords=%E7%8E%89%E5%B1%B1%E7%9F%B3%E6%9D%BE%20%E7%9F%B3%E6%9D%BE%20&oid=1458254 HTTP/1.1" 200 3200
66.249.71.60 - - [07/Nov/2015:13:54:34 +0800] "GET /content/repository/resource_content.jsp?oid=15443&queryString=%E5%8F%AB%E5%A7%91%E9%AD%9A%20%E5%A4%A7%E9%BC%BB%E5%AD%94%E5%8F%AB%E5%A7%91%E9%AD%9A%20%E5%A7%91%E9%AD%9A%20%E7%9F%B3%E9%A6%96%E9%AD%9A%20%E7%9F%B3%E9%A6%96%E9%AD%9A%E7%A7%91 HTTP/1.1" 200 36978
66.249.71.72 - - [07/Nov/2015:13:54:37 +0800] "GET /content/subject/resource_content.jsp?oid=16777556 HTTP/1.1" 200 40285
66.249.71.64 - - [07/Nov/2015:13:54:38 +0800] "GET /content/repository/resource_content.jsp?oid=1887009&queryString=%E6%A2%85%E5%B1%B1%E9%84%89%20%E6%B0%B4%E5%AD%97%20%E7%94%A2%E9%81%93%20%E8%BE%B2%E7%94%A2%E5%93%81 HTTP/1.1" 200 31695
66.249.71.72 - - [07/Nov/2015:13:55:06 +0800] "GET /content/nav/relationSubject.jsp?relationWords=%E5%85%AD%E5%BA%9C%20%E6%9C%B1%E4%B8%80%E8%B2%B4%20%E6%9E%97%E7%88%BD%E6%96%87%20%E7%83%88%E5%A3%AB%20%E7%A6%8F%E6%98%9F%20%E7%BE%85%E7%A6%8F%E6%98%9F%20%E8%94%A1%E6%B8%85%20%E8%94%A1%E6%B8%85%E7%90%B3%20&oid=1572153 HTTP/1.1" 200 4727
223.139.69.62 - - [07/Nov/2015:13:55:12 +0800] "GET /content/nav/relationSubject.jsp?relationWords=%E8%8B%A6%E8%8B%93+&oid=16777317 HTTP/1.1" 200 3183
140.116.76.37 - - [07/Nov/2015:13:56:11 +0800] "GET /content/subject/resource_content.jsp?oid=16797257&queryType=qc HTTP/1.1" 200 47942
140.116.76.37 - - [07/Nov/2015:13:56:12 +0800] "GET /content/nav/relationSubject.jsp?relationWords=%E6%B0%91%E7%94%9F%E7%A4%BE%E5%8D%80+&oid=16797257 HTTP/1.1" 200 2234
66.249.71.60 - - [07/Nov/2015:13:58:02 +0800] "GET /content/nav/relationSubject.jsp?relationWords=%E7%A8%85%E9%8A%80+%E9%B3%B3%E9%99%BD+%E9%B3%B3%E9%99%BD%E9%97%9C+&oid=2646513 HTTP/1.1" 200 5376
66.249.71.64 - - [07/Nov/2015:13:58:04 +0800] "GET /content/nav/relationSubject.jsp?relationWords=%E7%A8%85%E9%8A%80%20%E9%B3%B3%E9%99%BD%20%E9%B3%B3%E9%99%BD%E9%97%9C%20&oid=2646513 HTTP/1.1" 200 5376
66.249.71.64 - - [07/Nov/2015:13:58:19 +0800] "GET /content/repository/resource_content.jsp?oid=1111760&queryString=%E6%A4%8D%E7%89%A9%E7%95%8C%20%E7%9D%A1%E8%93%AE%20%E7%9D%A1%E8%93%AE%E5%B1%AC%20%E7%9D%A1%E8%93%AE%E7%A7%91%20%E8%93%AE%E5%B1%AC HTTP/1.1" 200 30806
36.239.245.210 - - [07/Nov/2015:13:59:02 +0800] "GET /content/repository/resource_content.jsp?oid=2150581 HTTP/1.1" 200 30958
36.239.245.210 - - [07/Nov/2015:13:59:09 +0800] "GET /content/nav/relationSubject.jsp?relationWords=%E5%8F%B0%E7%81%A3%E7%81%B0%E6%AF%9B%E8%B1%86+%E6%A4%8D%E7%89%A9%E7%95%8C+%E7%81%B0%E6%AF%9B%E8%B1%86+%E7%81%B0%E6%AF%9B%E8%B1%86%E5%B1%AC+%E8%A0%B6%E8%B1%86+%E9%9B%99%E5%AD%90%E8%91%89+%E9%9B%99%E5%AD%90%E8%91%89%E6%A4%8D%E7%89%A9+&oid=2150581 HTTP/1.1" 200 3514
66.249.71.5 - - [07/Nov/2015:13:59:16 +0800] "GET /content/nav/relationSubject.jsp?relationWords=%E5%8C%97%E6%8A%95%E9%8E%AE+%E5%BC%B5%E5%AF%8C+%E6%9D%8E%E5%BB%BA+%E6%9D%8E%E5%BB%BA%E5%92%8C+%E6%9D%8E%E7%82%B3%E7%9B%9B+%E6%9D%8E%E7%A7%8B%E9%81%A0+%E6%B0%B4%E6%AC%8A+%E7%9C%81%E6%94%BF%E5%BA%9C+%E7%9C%81%E8%AD%B0%E6%9C%83+%E8%87%AA%E4%BE%86%E6%B0%B4+%E8%87%AA%E4%BE%86%E6%B0%B4%E5%BB%A0+%E8%87%BA%E7%81%A3%E7%9C%81+%E8%87%BA%E7%81%A3%E7%9C%81%E8%AD%B0%E6%9C%83+%E8%94%A1%E9%8C%A6%E6%A3%9F+%E8%A8%B1%E6%96%B0%E6%9E%9D+%E8%BE%B2%E7%94%B0%E6%B0%B4%E5%88%A9%E6%9C%83+%E9%84%AD%E5%A4%A7%E6%B4%BD+%E9%99%B3%E7%81%AB+%E9%99%B3%E7%81%AB%E5%9C%9F+%E9%99%B3%E9%87%8D%E5%85%89+%E9%A3%B2%E7%94%A8%E6%B0%B4+&oid=1898984 HTTP/1.1" 200 6425
66.249.71.23 - - [07/Nov/2015:13:59:19 +0800] "GET /content/nav/relationSubject.jsp?relationWords=%E5%8C%97%E6%8A%95%E9%8E%AE%20%E5%BC%B5%E5%AF%8C%20%E6%9D%8E%E5%BB%BA%20%E6%9D%8E%E5%BB%BA%E5%92%8C%20%E6%9D%8E%E7%82%B3%E7%9B%9B%20%E6%9D%8E%E7%A7%8B%E9%81%A0%20%E6%B0%B4%E6%AC%8A%20%E7%9C%81%E6%94%BF%E5%BA%9C%20%E7%9C%81%E8%AD%B0%E6%9C%83%20%E8%87%AA%E4%BE%86%E6%B0%B4%20%E8%87%AA%E4%BE%86%E6%B0%B4%E5%BB%A0%20%E8%87%BA%E7%81%A3%E7%9C%81%20%E8%87%BA%E7%81%A3%E7%9C%81%E8%AD%B0%E6%9C%83%20%E8%94%A1%E9%8C%A6%E6%A3%9F%20%E8%A8%B1%E6%96%B0%E6%9E%9D%20%E8%BE%B2%E7%94%B0%E6%B0%B4%E5%88%A9%E6%9C%83%20%E9%84%AD%E5%A4%A7%E6%B4%BD%20%E9%99%B3%E7%81%AB%20%E9%99%B3%E7%81%AB%E5%9C%9F%20%E9%99%B3%E9%87%8D%E5%85%89%20%E9%A3%B2%E7%94%A8%E6%B0%B4%20&oid=1898984 HTTP/1.1" 200 6425
66.249.74.98 - - [07/Nov/2015:14:00:46 +0800] "GET /content/repository/resource_content.jsp?oid=4437732&queryString=%E4%BA%BA%E5%90%8D%E6%AC%8A%E5%A8%81%20%E5%8F%88%E8%8F%AF%20%E8%8F%AF%E5%83%91%20%E9%80%83%E4%BF%98%20%E9%81%8E%E6%BF%80%E6%B4%BE%20%E9%AE%91%E8%B2%B4%E5%8D%BF HTTP/1.1" 200 29714
66.249.71.72 - - [07/Nov/2015:14:00:47 +0800] "GET /content/repository/resource_content.jsp?oid=2667229&queryString=%E6%97%97%E6%BC%A2%E8%BB%8D%20%E6%AD%A3%E7%B4%85%E6%97%97%20%E9%8A%9C%E4%BA%8B HTTP/1.1" 200 30302
66.249.71.5 - - [07/Nov/2015:14:03:42 +0800] "GET /content/nav/relationSubject.jsp?relationWords=%E7%8B%97%E6%AF%8D+%E7%8B%97%E6%AF%8D%E6%A2%AD+%E8%9B%87%E9%AF%94+%E9%9B%B2%E7%B4%8B%E8%9B%87%E9%AF%94+&oid=14465 HTTP/1.1" 200 3467
66.249.71.5 - - [07/Nov/2015:14:03:44 +0800] "GET /content/nav/relationSubject.jsp?relationWords=%E7%8B%97%E6%AF%8D%20%E7%8B%97%E6%AF%8D%E6%A2%AD%20%E8%9B%87%E9%AF%94%20%E9%9B%B2%E7%B4%8B%E8%9B%87%E9%AF%94%20&oid=14465 HTTP/1.1" 200 3467
66.249.71.60 - - [07/Nov/2015:14:03:45 +0800] "GET /content/repository/resource_content.jsp?oid=2684450&queryString=%E7%90%86%E8%97%A9%E9%99%A2%20%E9%A9%97%E6%94%BE%E5%AE%98 HTTP/1.1" 200 30303
66.249.71.64 - - [07/Nov/2015:14:03:46 +0800] "GET /content/repository/resource_content.jsp?oid=1894687&queryString=%E4%BF%9D%E5%AE%89%E6%9E%97%20%E6%B7%BB%E8%B2%A1%20%E8%BE%B2%E6%9E%97%E9%A1%9E HTTP/1.1" 200 28942
66.249.71.64 - - [07/Nov/2015:14:04:03 +0800] "GET /content/nav/relationSubject.jsp?relationWords=%E7%99%BD%E5%8D%83%E5%B1%A4%20&oid=16777287 HTTP/1.1" 200 3852
117.19.98.152 - - [07/Nov/2015:14:04:12 +0800] "GET /content/tmp_exh/resource_content.jsp?oid=16777849&queryType=qc HTTP/1.1" 200 32528
117.19.98.152 - - [07/Nov/2015:14:04:14 +0800] "GET /content/nav/relationSubject.jsp?relationWords=&oid=16777849 HTTP/1.1" 200 1405
66.249.77.91 - - [07/Nov/2015:14:05:13 +0800] "GET /content/subject/resource_content.jsp?oid=16777714&queryType=qc HTTP/1.1" 200 42393
66.249.71.64 - - [07/Nov/2015:14:06:48 +0800] "GET /digiarch_en/content/nav/relationSubject.jsp?relationWords=%E4%B8%AD%E5%AD%B8%E6%95%99%E8%82%B2+%E4%BA%BA%E4%BA%8B%E5%88%B6%E5%BA%A6+%E5%85%AC%E7%AB%8B%E5%AD%B8%E6%A0%A1+%E5%88%9D%E4%B8%AD+%E5%8B%9D%E8%B2%A0+%E5%9C%8B%E6%A0%A1+%E5%9C%8B%E6%A0%A1%E6%95%99%E5%B8%AB+%E5%9C%8B%E6%B0%91%E6%95%99%E8%82%B2+%E5%9C%B0%E6%96%B9%E6%B4%BE%E7%B3%BB+%E5%A2%9E%E5%BB%BA+%E5%A4%96%E8%B3%BC+%E5%AD%B8%E5%88%B6+%E5%AD%B8%E6%A0%A1%E6%95%99%E8%82%B2+%E5%B0%88%E7%A7%91+%E5%B8%AB%E7%AF%84%E5%AD%B8%E6%A0%A1+%E5%B8%AB%E7%AF%84%E6%95%99%E8%82%B2+%E6%95%99%E6%9D%90+%E6%95%99%E8%82%B2%E4%BA%BA%E5%93%A1+%E6%95%99%E8%82%B2%E5%88%B6%E5%BA%A6+%E6%95%99%E8%82%B2%E5%BB%B3+%E6%95%99%E8%82%B2%E8%A1%8C%E6%94%BF+%E6%95%99%E8%82%B2%E8%A8%AD%E6%96%BD+%E6%97%A5%E6%93%9A%E6%99%82%E6%9C%9F+%E6%A8%99%E6%BA%96%E5%8C%96+%E7%95%A2%E6%A5%AD%E7%94%9F+%E7%9A%87%E6%B0%91+%E7%9B%AE%E6%A8%99+%E7%A4%BE%E6%9C%83%E6%95%99%E8%82%B2+%E7%A7%81%E7%AB%8B%E5%AD%B8%E6%A0%A1+%E7%A7%91%E5%AD%B8%E6%95%99%E8%82%B2+%E7%BE%A9%E5%8B%99%E6%95%99%E8%82%B2+%E8%80%83%E9%81%B8%E9%83%A8+%E8%81%B7%E6%A5%AD%E5%AD%B8%E6%A0%A1+%E8%81%B7%E6%A5%AD%E6%95%99%E8%82%B2+%E8%A1%8C%E6%94%BF%E6%A9%9F%E9%97%9C+%E8%A6%96%E8%81%BD%E6%95%99%E8%82%B2+%E8%AA%B2%E7%A8%8B%E6%A8%99%E6%BA%96+%E9%80%B2%E4%BF%AE+%E9%AB%94%E8%82%B2+%E9%AB%94%E8%82%B2%E5%A0%B4+%E9%AB%98%E7%AD%89%E6%95%99%E8%82%B2+&oid=1546237 HTTP/1.1" 200 6768
66.249.71.64 - - [07/Nov/2015:14:06:49 +0800] "GET /digiarch_en/content/nav/relationSubject.jsp?relationWords=%E4%B8%AD%E5%AD%B8%E6%95%99%E8%82%B2%20%E4%BA%BA%E4%BA%8B%E5%88%B6%E5%BA%A6%20%E5%85%AC%E7%AB%8B%E5%AD%B8%E6%A0%A1%20%E5%88%9D%E4%B8%AD%20%E5%8B%9D%E8%B2%A0%20%E5%9C%8B%E6%A0%A1%20%E5%9C%8B%E6%A0%A1%E6%95%99%E5%B8%AB%20%E5%9C%8B%E6%B0%91%E6%95%99%E8%82%B2%20%E5%9C%B0%E6%96%B9%E6%B4%BE%E7%B3%BB%20%E5%A2%9E%E5%BB%BA%20%E5%A4%96%E8%B3%BC%20%E5%AD%B8%E5%88%B6%20%E5%AD%B8%E6%A0%A1%E6%95%99%E8%82%B2%20%E5%B0%88%E7%A7%91%20%E5%B8%AB%E7%AF%84%E5%AD%B8%E6%A0%A1%20%E5%B8%AB%E7%AF%84%E6%95%99%E8%82%B2%20%E6%95%99%E6%9D%90%20%E6%95%99%E8%82%B2%E4%BA%BA%E5%93%A1%20%E6%95%99%E8%82%B2%E5%88%B6%E5%BA%A6%20%E6%95%99%E8%82%B2%E5%BB%B3%20%E6%95%99%E8%82%B2%E8%A1%8C%E6%94%BF%20%E6%95%99%E8%82%B2%E8%A8%AD%E6%96%BD%20%E6%97%A5%E6%93%9A%E6%99%82%E6%9C%9F%20%E6%A8%99%E6%BA%96%E5%8C%96%20%E7%95%A2%E6%A5%AD%E7%94%9F%20%E7%9A%87%E6%B0%91%20%E7%9B%AE%E6%A8%99%20%E7%A4%BE%E6%9C%83%E6%95%99%E8%82%B2%20%E7%A7%81%E7%AB%8B%E5%AD%B8%E6%A0%A1%20%E7%A7%91%E5%AD%B8%E6%95%99%E8%82%B2%20%E7%BE%A9%E5%8B%99%E6%95%99%E8%82%B2%20%E8%80%83%E9%81%B8%E9%83%A8%20%E8%81%B7%E6%A5%AD%E5%AD%B8%E6%A0%A1%20%E8%81%B7%E6%A5%AD%E6%95%99%E8%82%B2%20%E8%A1%8C%E6%94%BF%E6%A9%9F%E9%97%9C%20%E8%A6%96%E8%81%BD%E6%95%99%E8%82%B2%20%E8%AA%B2%E7%A8%8B%E6%A8%99%E6%BA%96%20%E9%80%B2%E4%BF%AE%20%E9%AB%94%E8%82%B2%20%E9%AB%94%E8%82%B2%E5%A0%B4%20%E9%AB%98%E7%AD%89%E6%95%99%E8%82%B2%20&oid=1546237 HTTP/1.1" 200 6768
66.249.71.60 - - [07/Nov/2015:14:06:56 +0800] "GET /content/repository/resource_content.jsp?oid=1596087 HTTP/1.1" 200 28574
66.249.71.164 - - [07/Nov/2015:14:06:57 +0800] "GET /content/pictures/picture_content.jsp?oid=33554811 HTTP/1.1" 200 27679
151.80.31.143 - - [07/Nov/2015:14:07:46 +0800] "GET /content/tmp_exh/resource_content.jsp?oid=16777750&queryType=qc HTTP/1.1" 200 32499
140.123.41.107 - - [07/Nov/2015:14:09:26 +0800] "GET /content/tmp_exh/resource_content.jsp?oid=16777750&queryType=qc HTTP/1.1" 200 32507
140.123.41.107 - - [07/Nov/2015:14:09:27 +0800] "GET /content/nav/relationSubject.jsp?relationWords=&oid=16777750 HTTP/1.1" 200 1405
66.249.71.64 - - [07/Nov/2015:14:09:57 +0800] "GET /content/repository/resource_content.jsp?oid=2147062 HTTP/1.1" 200 31181
66.249.71.72 - - [07/Nov/2015:14:09:58 +0800] "GET /content/repository/resource_content.jsp?oid=14760&queryString=%E8%99%8E%E7%A7%91%20%E9%BB%91%E9%B0%AD HTTP/1.1" 200 35546
66.249.71.64 - - [07/Nov/2015:14:11:49 +0800] "GET /content/nav/relationSubject.jsp?relationWords=%E4%BF%9D%E5%88%A9%20%E5%8C%96%E5%AD%B8%E5%B7%A5%E6%A5%AD%20%E5%A4%96%E5%8C%AF%20%E5%B7%A5%E6%A5%AD%E6%A1%88%20&oid=1535029 HTTP/1.1" 200 4661
36.226.41.128 - - [07/Nov/2015:14:12:01 +0800] "GET /content/nav/relationSubject.jsp?relationWords=%E9%84%AD%E6%88%90%E5%8A%9F+&oid=16777440 HTTP/1.1" 200 3538
66.249.77.97 - - [07/Nov/2015:14:12:38 +0800] "GET /content/nav/relationSubject.jsp?relationWords=%E6%BE%A4%E8%98%AD+%E8%8A%B1%E8%94%93+%E8%94%93%E6%BE%A4+%E8%94%93%E6%BE%A4%E8%98%AD+&oid=16777266 HTTP/1.1" 200 4343
66.249.77.97 - - [07/Nov/2015:14:13:04 +0800] "GET /content/subject/resource_content.jsp?oid=16777736&queryString= HTTP/1.1" 200 43195
66.249.71.72 - - [07/Nov/2015:14:13:05 +0800] "GET /content/repository/resource_content.jsp?oid=1900228&queryString=%E5%8D%A1%E8%BB%8A%20%E6%95%99%E8%82%B2%E5%BB%B3%20%E8%98%87%E8%8A%B1%E5%85%AC%E8%B7%AF%20%E8%A8%88%E7%A8%8B%E8%BB%8A%20%E8%B2%A8%E9%81%8B%20%E9%81%8A%E8%A6%BD%E8%BB%8A HTTP/1.1" 200 29594
66.249.71.64 - - [07/Nov/2015:14:13:57 +0800] "GET /content/repository/resource_content.jsp?oid=1887135&queryString=%E7%B0%BE%E8%9B%A4%E7%9B%AE%20%E7%B4%AB%E6%99%83%E8%82%89%20%E8%9B%A4%E7%A7%91%20%E8%A5%BF%E6%96%BD%E8%88%8C%20%E8%A5%BF%E6%96%BD%E8%88%8C%E5%B1%AC%20%E8%A5%BF%E8%82%9A%E8%88%8C%20%E9%9B%99%E6%AE%BC%E7%B6%B1%20%E9%9B%99%E7%B7%9A%E8%A1%80%E8%9A%B6 HTTP/1.1" 200 32737
101.13.128.199 - - [07/Nov/2015:14:14:11 +0800] "GET /digiarch3/content/nav/relationSubject.jsp?relationWords=%E6%89%93%E9%90%B5%E5%A9%86+%E6%A2%9D%E7%B4%8B%E7%9F%B3%E9%B1%B8+%E6%A2%9D%E7%B4%8B%E8%83%A1%E6%A4%92%E9%AF%9B+%E7%9F%B3%E9%B1%B8+&oid=15371 HTTP/1.1" 200 3507
119.147.225.213 - - [07/Nov/2015:14:14:36 +0800] "GET /content/subject/resource_content.jsp?oid=16777609&queryType=qc HTTP/1.1" 200 58370
66.249.71.60 - - [07/Nov/2015:14:15:04 +0800] "GET /content/nav/relationSubject.jsp?relationWords=%E6%9B%BE%E6%96%87%E6%B0%B4%E5%BA%AB+%E7%81%A3%E7%9C%81%E6%94%BF%E5%BA%9C+%E7%9C%81%E6%94%BF%E5%BA%9C+%E7%B5%84%E7%B9%94%E8%A6%8F%E7%A8%8B+%E8%87%BA%E7%81%A3%E7%9C%81+%E8%87%BA%E7%81%A3%E7%9C%81%E6%94%BF%E5%BA%9C+&oid=1894678 HTTP/1.1" 200 4782
66.249.71.60 - - [07/Nov/2015:14:15:07 +0800] "GET /content/nav/relationSubject.jsp?relationWords=%E6%9B%BE%E6%96%87%E6%B0%B4%E5%BA%AB%20%E7%81%A3%E7%9C%81%E6%94%BF%E5%BA%9C%20%E7%9C%81%E6%94%BF%E5%BA%9C%20%E7%B5%84%E7%B9%94%E8%A6%8F%E7%A8%8B%20%E8%87%BA%E7%81%A3%E7%9C%81%20%E8%87%BA%E7%81%A3%E7%9C%81%E6%94%BF%E5%BA%9C%20&oid=1894678 HTTP/1.1" 200 4782
66.249.71.72 - - [07/Nov/2015:14:16:14 +0800] "GET /content/repository/resource_content.jsp?oid=1898984&queryString=%E7%B6%AD%E6%B0%91%20%E8%BE%B2%E7%94%B0%E6%B0%B4%E5%88%A9%E6%9C%83 HTTP/1.1" 200 31093
66.249.77.91 - - [07/Nov/2015:14:16:15 +0800] "GET /content/subject/resource_content.jsp?oid=16777736&queryType=qc HTTP/1.1" 200 43195
66.249.71.60 - - [07/Nov/2015:14:18:36 +0800] "GET /content/nav/relationSubject.jsp?relationWords=%E5%A4%A7%E9%A2%A8%E5%AD%90+%E5%B1%B1%E6%A1%90%E5%AD%90+%E5%B1%B1%E6%A1%90%E5%AD%90%E5%B1%AC+%E6%A4%8D%E7%89%A9%E7%95%8C+%E8%8F%AB%E8%8F%9C+&oid=2149426 HTTP/1.1" 200 3330
66.249.71.72 - - [07/Nov/2015:14:18:39 +0800] "GET /content/nav/relationSubject.jsp?relationWords=%E5%A4%A7%E9%A2%A8%E5%AD%90%20%E5%B1%B1%E6%A1%90%E5%AD%90%20%E5%B1%B1%E6%A1%90%E5%AD%90%E5%B1%AC%20%E6%A4%8D%E7%89%A9%E7%95%8C%20%E8%8F%AB%E8%8F%9C%20&oid=2149426 HTTP/1.1" 200 3330
66.249.71.164 - - [07/Nov/2015:14:18:44 +0800] "GET /content/nav/relationSubject.jsp?relationWords=%E5%8D%97%E6%B9%96%E5%A4%A7%E5%B1%B1+%E5%8D%97%E6%B9%96%E6%9D%9C%E9%B5%91+%E6%9D%9C%E9%B5%91+%E7%8E%89%E5%B1%B1%E6%9D%9C%E9%B5%91+%E7%B4%B0%E8%91%89+%E7%B4%B0%E8%91%89%E6%9D%9C%E9%B5%91+%E8%A5%BF%E6%96%BD+%E8%A5%BF%E6%96%BD%E8%8A%B1+&oid=16777736 HTTP/1.1" 200 5393
66.249.71.164 - - [07/Nov/2015:14:18:45 +0800] "GET /content/nav/relationSubject.jsp?relationWords=%E5%8D%97%E6%B9%96%E5%A4%A7%E5%B1%B1%20%E5%8D%97%E6%B9%96%E6%9D%9C%E9%B5%91%20%E6%9D%9C%E9%B5%91%20%E7%8E%89%E5%B1%B1%E6%9D%9C%E9%B5%91%20%E7%B4%B0%E8%91%89%20%E7%B4%B0%E8%91%89%E6%9D%9C%E9%B5%91%20%E8%A5%BF%E6%96%BD%20%E8%A5%BF%E6%96%BD%E8%8A%B1%20&oid=16777736 HTTP/1.1" 200 5393
66.249.74.100 - - [07/Nov/2015:14:19:31 +0800] "GET /content/repository/resource_content.jsp?oid=1530058&queryString=%E6%94%BE%E5%AF%AC%E6%A1%88%20%E8%87%BA%E7%81%A3%E7%9C%81 HTTP/1.1" 200 31682
101.1.207.38 - - [07/Nov/2015:14:19:39 +0800] "GET /content/subject/resource_content.jsp?oid=16797282&queryType=qc HTTP/1.1" 200 78850
101.1.207.38 - - [07/Nov/2015:14:19:41 +0800] "GET /content/nav/relationSubject.jsp?relationWords=%E6%AE%96%E6%B0%91%E7%B5%B1%E6%B2%BB+&oid=16797282 HTTP/1.1" 200 2852
