42.120.160.61 - - [19/Sep/2015:18:17:00 +0800] "GET /content/subject/resource_content.jsp?oid=16777288&queryType=qc HTTP/1.1" 200 43948
42.156.139.61 - - [19/Sep/2015:18:17:02 +0800] "GET /content/subject/resource_content.jsp?oid=16777352&queryType=qc HTTP/1.1" 200 28007
42.156.137.61 - - [19/Sep/2015:18:17:03 +0800] "GET /content/tmp_exh/resource_content.jsp?oid=16777817&queryType=qc%201890 HTTP/1.1" 200 34748
42.156.139.61 - - [19/Sep/2015:18:17:09 +0800] "GET /content/subject/resource_content.jsp?oid=16777328&queryType=qc HTTP/1.1" 200 35562
42.156.137.61 - - [19/Sep/2015:18:17:11 +0800] "GET /digiarch_en/content/subject/resource_content.jsp?oid=16777255&queryType=qc HTTP/1.1" 200 29303
66.249.71.216 - - [19/Sep/2015:18:17:11 +0800] "GET /content/subject/resource_content.jsp?oid=16777286&queryType=qc HTTP/1.1" 200 37590
42.156.138.61 - - [19/Sep/2015:18:17:15 +0800] "GET /content/subject/resource_content.jsp?oid=16777499&queryType=qc HTTP/1.1" 200 44438
111.254.227.194 - - [19/Sep/2015:18:17:24 +0800] "GET /content/nav/relationSubject.jsp?relationWords=%E5%8F%B0%E7%81%A3%E6%AC%92%E6%A8%B9+%E8%8B%A6%E8%8B%93%E8%88%85+&oid=16777254 HTTP/1.1" 200 4285
207.46.13.140 - - [19/Sep/2015:18:18:07 +0800] "GET /content/subject/resource_content.jsp?oid=16777264&querytype=qc HTTP/1.1" 200 37679
66.249.71.229 - - [19/Sep/2015:18:20:18 +0800] "GET /content/subject/resource_content.jsp?oid=16777744&queryType=qc HTTP/1.1" 200 41038
101.14.131.196 - - [19/Sep/2015:18:23:18 +0800] "GET /content/repository/resource_content.jsp?oid=1544156 HTTP/1.1" 200 30435
101.14.131.196 - - [19/Sep/2015:18:23:21 +0800] "GET /content/nav/relationSubject.jsp?relationWords=%E6%92%B2%E6%BB%85+%E7%98%A7%E7%96%BE+%E8%99%95%E9%95%B7+%E8%9B%94%E8%9F%B2+%E8%AD%B7%E7%90%86+%E9%A0%90%E9%98%B2+&oid=1544156 HTTP/1.1" 200 4179
66.249.71.196 - - [19/Sep/2015:18:24:26 +0800] "GET /digiarch3/content/repository/resource_content.jsp?oid=3813890&queryString=%E6%A4%8D%E7%89%A9%E7%95%8C%20%E6%B5%B7%E6%A3%A0%20%E7%A7%8B%E6%B5%B7%E6%A3%A0%20%E7%A7%8B%E6%B5%B7%E6%A3%A0%E5%B1%AC%20%E7%A7%8B%E6%B5%B7%E6%A3%A0%E7%A7%91%20%E8%8F%AB%E8%8F%9C HTTP/1.1" 200 31489
114.24.31.82 - - [19/Sep/2015:18:25:16 +0800] "GET /content/nav/relationSubject.jsp?relationWords=%E8%96%9C%E8%8D%94+&oid=16777485 HTTP/1.1" 200 3561
114.43.70.84 - - [19/Sep/2015:18:27:15 +0800] "GET /content/nav/relationSubject.jsp?relationWords=%E5%8F%B0%E7%81%A3%E6%AC%92%E6%A8%B9+%E8%8B%A6%E8%8B%93%E8%88%85+&oid=16777254 HTTP/1.1" 200 4285
114.43.70.84 - - [19/Sep/2015:18:28:22 +0800] "GET /content/subject/resource_content.jsp?oid=16777276&queryString=%E5%8F%B0%E7%81%A3%E6%AC%92%E6%A8%B9%20%E8%8B%A6%E8%8B%93%E8%88%85 HTTP/1.1" 200 32628
114.43.70.84 - - [19/Sep/2015:18:28:23 +0800] "GET /content/nav/relationSubject.jsp?relationWords=%E5%8F%B0%E7%81%A3%E6%AC%92%E6%A8%B9+&oid=16777276 HTTP/1.1" 200 4203
65.49.14.73 - - [19/Sep/2015:18:28:27 +0800] "GET /content/nav/relationSubject.jsp?relationWords=%E7%B4%AB%E8%96%87+&oid=16777424 HTTP/1.1" 200 4000
114.43.70.84 - - [19/Sep/2015:18:29:14 +0800] "GET /content/subject/resource_content.jsp?oid=16777254&queryString=%E5%8F%B0%E7%81%A3%E6%AC%92%E6%A8%B9 HTTP/1.1" 200 35171
114.43.70.84 - - [19/Sep/2015:18:29:14 +0800] "GET /content/nav/relationSubject.jsp?relationWords=%E5%8F%B0%E7%81%A3%E6%AC%92%E6%A8%B9+%E8%8B%A6%E8%8B%93%E8%88%85+&oid=16777254 HTTP/1.1" 200 4285
66.249.71.216 - - [19/Sep/2015:18:29:42 +0800] "GET /content/repository/resource_content.jsp?oid=4362075&queryType=qs&queryString=%E8%B5%B7%E4%B9%A9 HTTP/1.1" 200 30025
66.249.71.196 - - [19/Sep/2015:18:31:44 +0800] "GET /digiarch3/content/nav/relationSubject.jsp?relationWords=%E6%A4%8D%E7%89%A9%E7%95%8C+%E7%A7%8B%E6%B5%B7%E6%A3%A0+%E7%A7%8B%E6%B5%B7%E6%A3%A0%E5%B1%AC+%E7%A7%8B%E6%B5%B7%E6%A3%A0%E7%A7%91+%E8%8F%AB%E8%8F%9C+&oid=3813890 HTTP/1.1" 200 5174
66.249.71.196 - - [19/Sep/2015:18:31:47 +0800] "GET /digiarch3/content/nav/relationSubject.jsp?relationWords=%E6%A4%8D%E7%89%A9%E7%95%8C%20%E7%A7%8B%E6%B5%B7%E6%A3%A0%20%E7%A7%8B%E6%B5%B7%E6%A3%A0%E5%B1%AC%20%E7%A7%8B%E6%B5%B7%E6%A3%A0%E7%A7%91%20%E8%8F%AB%E8%8F%9C%20&oid=3813890 HTTP/1.1" 200 5174
114.43.70.84 - - [19/Sep/2015:18:32:21 +0800] "GET /content/subject/resource_content.jsp?oid=16777483&queryString= HTTP/1.1" 200 43824
114.43.70.84 - - [19/Sep/2015:18:32:21 +0800] "GET /content/nav/relationSubject.jsp?relationWords=%E5%8F%B0%E7%81%A3%E5%8E%9F%E4%BD%8F%E6%B0%91+%E7%85%99%E6%96%97+%E8%8F%B8%E8%8D%89+&oid=16777483 HTTP/1.1" 200 5127
140.115.183.173 - - [19/Sep/2015:18:34:10 +0800] "GET /content/repository/resource_content.jsp?oid=4493339&queryType=qs&queryString=%E8%8D%80%E5%AD%90 HTTP/1.1" 200 28305
140.115.183.173 - - [19/Sep/2015:18:34:13 +0800] "GET /content/nav/relationSubject.jsp?relationWords=%E8%8D%80%E5%AD%90+%E8%AA%8D%E8%AD%98%E8%AB%96+&oid=4493339 HTTP/1.1" 200 3096
114.43.70.84 - - [19/Sep/2015:18:35:27 +0800] "GET /content/subject/resource_content.jsp?oid=16777612&queryString= HTTP/1.1" 200 42526
114.43.70.84 - - [19/Sep/2015:18:35:27 +0800] "GET /content/nav/relationSubject.jsp?relationWords=&oid=16777612 HTTP/1.1" 200 1405
68.180.228.24 - - [19/Sep/2015:18:35:38 +0800] "GET /content/subject/resource_content.jsp?oid=16777412&queryType=qc HTTP/1.1" 200 33915
123.193.156.205 - - [19/Sep/2015:18:36:35 +0800] "GET /content/nav/relationSubject.jsp?relationWords=&oid=16777426 HTTP/1.1" 200 1405
66.249.71.121 - - [19/Sep/2015:18:42:13 +0800] "GET /content/repository/resource_content.jsp?oid=4363280&queryType=qs&queryString=%E5%B8%AB%E5%88%A9%E6%B3%95 HTTP/1.1" 200 33295
111.243.34.95 - - [19/Sep/2015:18:43:59 +0800] "GET /content/nav/relationSubject.jsp?relationWords=%E9%9D%92%E5%89%9B%E6%AB%9F+&oid=16777349 HTTP/1.1" 200 4006
66.249.71.105 - - [19/Sep/2015:18:45:21 +0800] "GET /content/repository/resource_content.jsp?oid=2663921&queryType=qs&queryString=%E5%A5%B8%E6%B0%91 HTTP/1.1" 200 30014
120.88.255.102 - - [19/Sep/2015:18:45:43 +0800] "GET /content/nav/relationSubject.jsp?relationWords=&oid=16777576 HTTP/1.1" 200 1405
36.238.7.140 - - [19/Sep/2015:18:47:34 +0800] "GET /content/nav/relationSubject.jsp?relationWords=%E6%9C%A8%E7%8A%80+%E6%A1%82%E8%8A%B1+&oid=16777255 HTTP/1.1" 200 4029
101.226.51.230 - - [19/Sep/2015:18:48:46 +0800] "GET /content/subject/resource_content.jsp?oid=16777448 HTTP/1.1" 200 34500
1.161.239.84 - - [19/Sep/2015:18:49:51 +0800] "GET /content/nav/relationSubject.jsp?relationWords=%E7%A9%97%E8%8A%B1%E5%B1%B1%E5%A5%88+%E9%87%8E%E8%96%91%E8%8A%B1+&oid=16777263 HTTP/1.1" 200 3284
66.249.71.113 - - [19/Sep/2015:18:50:36 +0800] "GET /content/nav/relationSubject.jsp?relationWords=%E5%88%91%E9%83%A8+%E5%A5%B8%E6%B0%91+&oid=2663921 HTTP/1.1" 200 3130
66.249.71.121 - - [19/Sep/2015:18:50:39 +0800] "GET /content/nav/relationSubject.jsp?relationWords=%E5%88%91%E9%83%A8%20%E5%A5%B8%E6%B0%91%20&oid=2663921 HTTP/1.1" 200 3130
123.125.71.69 - - [19/Sep/2015:18:52:28 +0800] "GET /content/repository/resource_content.jsp?oid=175518 HTTP/1.1" 200 30109
123.125.71.40 - - [19/Sep/2015:18:52:29 +0800] "GET /content/repository/resource_content.jsp?oid=595116 HTTP/1.1" 200 28575
207.46.13.170 - - [19/Sep/2015:18:52:29 +0800] "GET /content/nav/relationSubject.jsp?relationWords=%E8%8C%84%E8%8B%B3+&oid=16777306 HTTP/1.1" 200 4432
123.125.71.51 - - [19/Sep/2015:18:52:34 +0800] "GET /content/repository/resource_content.jsp?oid=587511 HTTP/1.1" 200 28560
111.13.102.138 - - [19/Sep/2015:18:52:37 +0800] "GET /content/repository/resource_content.jsp?oid=1809998&queryString=%E5%9C%B0%E5%9C%96+%E5%A0%A1%E5%9C%96+%E6%AD%B7%E5%8F%B2+%E8%87%BA%E7%81%A3+ HTTP/1.1" 200 44054
111.13.102.138 - - [19/Sep/2015:18:52:38 +0800] "GET /digiarch_en/content/subject/resource_content.jsp?oid=16777529&queryType=qc%3E HTTP/1.1" 200 22181
123.125.71.12 - - [19/Sep/2015:18:52:52 +0800] "GET /digiarch_en/content/subject/resource_content.jsp?oid=16777379&queryType=qc HTTP/1.1" 200 39287
122.24.157.141 - - [19/Sep/2015:18:53:22 +0800] "GET /content/repository/resource_content.jsp?oid=1820995 HTTP/1.1" 200 29497
122.24.157.141 - - [19/Sep/2015:18:53:24 +0800] "GET /content/nav/relationSubject.jsp?relationWords=%E5%B0%8F%E8%87%A3%E9%82%91%E6%96%9D+%E7%8E%8B%E6%98%93+&oid=1820995 HTTP/1.1" 200 2544
68.180.228.24 - - [19/Sep/2015:18:55:11 +0800] "GET /digiarch_en/content/subject/resource_content.jsp?oid=16777387&queryType=qc HTTP/1.1" 200 28985
114.45.200.168 - - [19/Sep/2015:18:59:57 +0800] "GET /content/nav/relationSubject.jsp?relationWords=%E7%B4%85%E6%A5%A0+%E8%B1%AC%E8%85%B3%E6%A5%A0+&oid=16777302 HTTP/1.1" 200 3693
36.236.242.223 - - [19/Sep/2015:19:01:52 +0800] "GET /content/subject/resource_content.jsp?oid=16777617&queryType=qc HTTP/1.1" 200 61014
36.236.242.223 - - [19/Sep/2015:19:01:53 +0800] "HEAD /content/subject/resource_content.jsp?oid=16777617&queryType=qc HTTP/1.1" 200 -
36.236.242.223 - - [19/Sep/2015:19:01:54 +0800] "GET /content/subject/resource_content.jsp?oid=16777617&queryType=qc HTTP/1.1" 200 61014
36.236.242.223 - - [19/Sep/2015:19:01:55 +0800] "GET /content/nav/relationSubject.jsp?relationWords=%E7%94%A2%E5%A9%86+%E7%94%A2%E5%A9%A6+&oid=16777617 HTTP/1.1" 200 4361
66.249.71.239 - - [19/Sep/2015:19:07:16 +0800] "GET /content/subject/resource_content.jsp?oid=16777640&queryString=%E6%9E%97%E7%8D%BB%E5%A0%82%20%E7%81%8C%E5%9C%92%E5%85%88%E7%94%9F%20%E9%9C%A7%E5%B3%B0 HTTP/1.1" 200 61904
42.79.162.101 - - [19/Sep/2015:19:07:24 +0800] "GET /content/nav/relationSubject.jsp?relationWords=%E5%9D%AA%E6%9E%97%E7%A7%8B%E6%B5%B7%E6%A3%A0+%E7%A7%8B%E6%B5%B7%E6%A3%A0+&oid=16777493 HTTP/1.1" 200 4931
66.249.71.216 - - [19/Sep/2015:19:07:35 +0800] "GET /m/content/subject/resource_content.jsp?oid=16777666&queryString= HTTP/1.1" 404 14873
208.115.113.94 - - [19/Sep/2015:19:07:56 +0800] "GET /content/subject/resource_content.jsp?oid=16777780&queryType=qc HTTP/1.1" 200 33947
36.236.242.223 - - [19/Sep/2015:19:10:47 +0800] "HEAD /content/subject/resource_content.jsp?oid=16777617&queryType=qc HTTP/1.1" 200 -
36.236.242.223 - - [19/Sep/2015:19:10:48 +0800] "GET /content/subject/resource_content.jsp?oid=16777617&queryType=qc HTTP/1.1" 200 61014
66.249.79.73 - - [19/Sep/2015:19:12:18 +0800] "GET /content/repository/resource_content.jsp?oid=1573353&queryType=qs&queryString=%E5%A5%B3%E9%9D%92%E5%B9%B4 HTTP/1.1" 200 29199
114.44.112.248 - - [19/Sep/2015:19:12:24 +0800] "GET /content/nav/relationSubject.jsp?relationWords=&oid=16777459 HTTP/1.1" 200 1405
42.78.131.77 - - [19/Sep/2015:19:13:08 +0800] "GET /content/exhibit/exhibit_content.jsp?oid=16777848&queryType=qc&queryString= HTTP/1.1" 200 21313
106.38.241.163 - - [19/Sep/2015:19:13:17 +0800] "GET /content/tmp_tec/resource_content.jsp?oid=16777718 HTTP/1.1" 200 31057
106.38.241.163 - - [19/Sep/2015:19:14:57 +0800] "GET /content/subject/resource_content.jsp?oid=16777291&queryType=qc HTTP/1.1" 200 28058
106.38.241.163 - - [19/Sep/2015:19:15:31 +0800] "GET /content/subject/resource_content.jsp?oid=16777484&queryType=qc HTTP/1.1" 200 72193
106.38.241.163 - - [19/Sep/2015:19:16:06 +0800] "GET /content/subject/resource_content.jsp?oid=16777628&queryType=qc HTTP/1.1" 200 30041
66.249.71.113 - - [19/Sep/2015:19:16:39 +0800] "GET /content/repository/resource_content.jsp?oid=1615361&queryType=qs&queryString=%E5%B4%99%E8%83%8C%E9%84%89 HTTP/1.1" 200 29405
106.38.241.163 - - [19/Sep/2015:19:16:44 +0800] "GET /content/subject/resource_content.jsp?oid=16777530&queryType=qc HTTP/1.1" 200 33420
66.249.71.105 - - [19/Sep/2015:19:16:49 +0800] "GET /content/nav/relationSubject.jsp?relationWords=%E5%B4%99%E8%83%8C%E9%84%89+%E6%B0%B4%E5%85%AC%E5%8F%B8+%E6%B7%A8%E6%B0%B4%E5%A0%B4+%E7%92%B0%E4%BF%9D+%E8%87%AA%E4%BE%86%E6%B0%B4+%E8%87%BA%E7%B3%96+&oid=1615361 HTTP/1.1" 200 6324
66.249.71.113 - - [19/Sep/2015:19:16:51 +0800] "GET /content/nav/relationSubject.jsp?relationWords=%E5%B4%99%E8%83%8C%E9%84%89%20%E6%B0%B4%E5%85%AC%E5%8F%B8%20%E6%B7%A8%E6%B0%B4%E5%A0%B4%20%E7%92%B0%E4%BF%9D%20%E8%87%AA%E4%BE%86%E6%B0%B4%20%E8%87%BA%E7%B3%96%20&oid=1615361 HTTP/1.1" 200 6324
106.38.241.163 - - [19/Sep/2015:19:17:22 +0800] "GET /content/subject/resource_content.jsp?oid=16777396&queryType=qc HTTP/1.1" 200 34862
106.38.241.163 - - [19/Sep/2015:19:17:47 +0800] "GET /content/repository/resource_content.jsp?oid=1463559 HTTP/1.1" 200 31022
219.85.208.114 - - [19/Sep/2015:19:17:48 +0800] "GET /content/nav/relationSubject.jsp?relationWords=&oid=16777459 HTTP/1.1" 200 1405
68.180.228.24 - - [19/Sep/2015:19:17:56 +0800] "GET /content/subject/resource_content.jsp?oid=16797259&queryType=qc HTTP/1.1" 200 44075
106.38.241.163 - - [19/Sep/2015:19:17:58 +0800] "GET /content/subject/resource_content.jsp?oid=16777728&queryType=qc HTTP/1.1" 200 65188
130.54.130.238 - - [19/Sep/2015:19:18:09 +0800] "GET /content/repository/resource_content.jsp?oid=16409&queryString=%E5%9C%9F%E4%BD%90%20%E5%A4%A7%E7%94%B2%E9%83%A1%E5%BD%B9%E6%89%80%20%E6%97%A5%E7%9B%9B%20%E6%B1%9F%E5%B1%B1%E6%A8%93%20%E9%83%B5%E4%BE%BF%E5%B1%80 HTTP/1.1" 200 33796
130.54.130.238 - - [19/Sep/2015:19:18:10 +0800] "GET /content/nav/relationSubject.jsp?relationWords=%E5%8D%8A%E9%82%8A%E9%AD%9A+%E5%9C%9F%E4%BD%90+%E6%89%81%E9%AD%9A+%E6%AF%94%E7%9B%AE%E9%AD%9A+%E7%9A%87%E5%B8%9D%E9%AD%9A+&oid=16409 HTTP/1.1" 200 3635
106.38.241.163 - - [19/Sep/2015:19:18:18 +0800] "GET /content/repository/resource_content.jsp?oid=1123236&queryType=qc HTTP/1.1" 200 34313
39.13.67.120 - - [19/Sep/2015:19:18:27 +0800] "GET /content/nav/relationSubject.jsp?relationWords=&oid=16777600 HTTP/1.1" 200 1405
106.38.241.163 - - [19/Sep/2015:19:18:54 +0800] "GET /content/repository/resource_content.jsp?oid=523605&queryType=qc HTTP/1.1" 200 36307
66.249.71.105 - - [19/Sep/2015:19:19:47 +0800] "GET /content/repository/resource_content.jsp?oid=1538184&queryType=qs&queryString=%E5%B1%8F%E6%9D%B1%E7%B8%A3%E6%94%BF%E5%BA%9C HTTP/1.1" 200 29055
106.38.241.163 - - [19/Sep/2015:19:20:22 +0800] "GET /content/repository/resource_content.jsp?oid=224329&queryType=qs&queryString=%2B%2B%E5%9C%B0%E5%BD%A2%E5%9C%96+%2B%E6%B1%9F%E8%A5%BF+%2B%E6%B1%9F%E8%A5%BF HTTP/1.1" 200 30643
66.249.71.113 - - [19/Sep/2015:19:20:54 +0800] "GET /content/nav/relationSubject.jsp?relationWords=%E5%86%B7%E6%B0%A3+%E5%A4%96%E8%B3%BC+%E7%87%9F%E9%80%A0%E5%BB%A0+%E7%B5%90%E5%8C%AF+%E8%87%BA%E7%81%A3%E7%9C%81%E6%94%BF%E5%BA%9C+%E8%87%BA%E7%81%A3%E7%9C%81%E8%AD%B0%E6%9C%83+%E8%B2%A1%E6%94%BF%E5%BB%B3+%E9%9B%BB%E6%B0%A3%E8%A8%AD%E5%82%99+&oid=1530058 HTTP/1.1" 200 5529
66.249.71.105 - - [19/Sep/2015:19:20:56 +0800] "GET /content/nav/relationSubject.jsp?relationWords=%E5%86%B7%E6%B0%A3%20%E5%A4%96%E8%B3%BC%20%E7%87%9F%E9%80%A0%E5%BB%A0%20%E7%B5%90%E5%8C%AF%20%E8%87%BA%E7%81%A3%E7%9C%81%E6%94%BF%E5%BA%9C%20%E8%87%BA%E7%81%A3%E7%9C%81%E8%AD%B0%E6%9C%83%20%E8%B2%A1%E6%94%BF%E5%BB%B3%20%E9%9B%BB%E6%B0%A3%E8%A8%AD%E5%82%99%20&oid=1530058 HTTP/1.1" 200 5529
42.72.124.70 - - [19/Sep/2015:19:21:12 +0800] "GET /content/nav/relationSubject.jsp?relationWords=%E8%96%9C%E8%8D%94+&oid=16777485 HTTP/1.1" 200 3561
66.249.71.113 - - [19/Sep/2015:19:22:55 +0800] "GET /content/repository/resource_content.jsp?oid=2666186&queryType=qs&queryString=%E5%B4%94%E6%B0%8F HTTP/1.1" 200 29762
66.249.71.113 - - [19/Sep/2015:19:23:23 +0800] "GET /content/nav/relationSubject.jsp?relationWords=&oid=2666186 HTTP/1.1" 200 1405
68.180.228.24 - - [19/Sep/2015:19:23:42 +0800] "GET /content/subject/resource_content.jsp?oid=16777640&queryType=qc HTTP/1.1" 200 62008
106.38.241.163 - - [19/Sep/2015:19:24:19 +0800] "GET /digiarch_en/content/subject/resource_content.jsp?oid=16777648&queryType=qc HTTP/1.1" 200 25424
220.136.246.29 - - [19/Sep/2015:19:25:00 +0800] "GET /content/nav/relationSubject.jsp?relationWords=%E5%8F%B0%E7%81%A3%E6%AC%92%E6%A8%B9+%E8%8B%A6%E8%8B%93%E8%88%85+&oid=16777254 HTTP/1.1" 200 4285
208.115.113.94 - - [19/Sep/2015:19:25:10 +0800] "GET /digiarch_en/content/subject/resource_content.jsp?oid=16777344&queryType=qc HTTP/1.1" 200 42672
106.38.241.163 - - [19/Sep/2015:19:25:18 +0800] "GET /digiarch_en/content/subject/resource_content.jsp?oid=16777782&queryType=qc> HTTP/1.1" 200 44483
217.73.208.148 - - [19/Sep/2015:19:25:19 +0800] "GET /content/subject/resource_content.jsp?oid=16777841&queryType=qc> HTTP/1.0" 200 27503
106.38.241.163 - - [19/Sep/2015:19:25:51 +0800] "GET /digiarch_en/content/subject/resource_content.jsp?oid=16777744&queryType=qc HTTP/1.1" 200 36169
59.127.161.169 - - [19/Sep/2015:19:25:58 +0800] "GET /content/repository/resource_content.jsp?oid=1101673 HTTP/1.1" 200 31312
59.127.161.169 - - [19/Sep/2015:19:25:59 +0800] "GET /content/nav/relationSubject.jsp?relationWords=%E6%A4%8D%E7%89%A9%E7%95%8C+%E7%8D%BC%E7%8C%B4%E6%A1%83+%E7%8D%BC%E7%8C%B4%E6%A1%83%E5%B1%AC+%E7%8D%BC%E7%8C%B4%E6%A1%83%E7%A7%91+&oid=1101673 HTTP/1.1" 200 3367
66.249.71.121 - - [19/Sep/2015:19:26:03 +0800] "GET /content/repository/resource_content.jsp?oid=2516196&queryType=qs&queryString=%E6%B2%B3%E6%B3%8A HTTP/1.1" 200 29681
106.38.241.163 - - [19/Sep/2015:19:26:23 +0800] "GET /digiarch_en/content/subject/resource_content.jsp?oid=16777780&queryType=qc HTTP/1.1" 200 28389
66.249.71.105 - - [19/Sep/2015:19:26:28 +0800] "GET /content/nav/relationSubject.jsp?relationWords=&oid=2516196 HTTP/1.1" 200 1405
157.55.39.143 - - [19/Sep/2015:19:26:33 +0800] "GET /content/subject/resource_content.jsp?oid=16777263 HTTP/1.1" 200 30872
106.38.241.163 - - [19/Sep/2015:19:26:53 +0800] "GET /digiarch_en/content/subject/resource_content.jsp?oid=16777670&queryType=qc HTTP/1.1" 200 28460
106.38.241.163 - - [19/Sep/2015:19:27:23 +0800] "GET /digiarch_en/content/subject/resource_content.jsp?oid=16777397&queryType=qc HTTP/1.1" 200 23676
218.187.85.225 - - [19/Sep/2015:19:27:54 +0800] "GET /content/nav/relationSubject.jsp?relationWords=%E6%9C%A8%E7%8A%80+%E6%A1%82%E8%8A%B1+&oid=16777255 HTTP/1.1" 200 4029
211.73.187.85 - - [19/Sep/2015:19:28:49 +0800] "GET /content/nav/relationSubject.jsp?relationWords=%E7%9B%B8%E6%80%9D%E6%A8%B9+&oid=16777519 HTTP/1.1" 200 3659
66.249.71.105 - - [19/Sep/2015:19:28:50 +0800] "GET /content/nav/relationSubject.jsp?relationWords=%E5%B1%8F%E6%9D%B1%E7%B8%A3%E6%94%BF%E5%BA%9C+%E6%96%B0%E5%9C%92%E9%84%89+%E8%87%A8%E6%99%82%E7%9C%81%E8%AD%B0%E6%9C%83+%E8%87%BA%E7%81%A3%E7%9C%81+%E8%94%A1%E8%B3%9E+&oid=1538184 HTTP/1.1" 200 4588
66.249.79.127 - - [19/Sep/2015:19:28:52 +0800] "GET /content/nav/relationSubject.jsp?relationWords=%E5%B1%8F%E6%9D%B1%E7%B8%A3%E6%94%BF%E5%BA%9C%20%E6%96%B0%E5%9C%92%E9%84%89%20%E8%87%A8%E6%99%82%E7%9C%81%E8%AD%B0%E6%9C%83%20%E8%87%BA%E7%81%A3%E7%9C%81%20%E8%94%A1%E8%B3%9E%20&oid=1538184 HTTP/1.1" 200 4588
66.249.71.121 - - [19/Sep/2015:19:29:11 +0800] "GET /content/repository/resource_content.jsp?oid=4437529&queryType=qs&queryString=%E5%8D%97%E6%96%B9%E8%B3%87%E6%96%99%E9%A4%A8 HTTP/1.1" 200 28438
66.249.71.113 - - [19/Sep/2015:19:29:51 +0800] "GET /content/nav/relationSubject.jsp?relationWords=%E5%8D%97%E6%96%B9%E8%B3%87%E6%96%99%E9%A4%A8+%E8%B2%A1%E5%9C%98%E6%B3%95%E4%BA%BA+&oid=4437529 HTTP/1.1" 200 4244
66.249.71.105 - - [19/Sep/2015:19:29:54 +0800] "GET /content/nav/relationSubject.jsp?relationWords=%E5%8D%97%E6%96%B9%E8%B3%87%E6%96%99%E9%A4%A8%20%E8%B2%A1%E5%9C%98%E6%B3%95%E4%BA%BA%20&oid=4437529 HTTP/1.1" 200 4244
66.249.71.229 - - [19/Sep/2015:19:30:31 +0800] "GET /content/subject/resource_content.jsp?oid=16797242&queryType=qc HTTP/1.1" 200 46766
66.249.71.249 - - [19/Sep/2015:19:32:17 +0800] "GET /content/repository/resource_content.jsp?oid=1896113 HTTP/1.1" 200 28807
157.55.39.143 - - [19/Sep/2015:19:32:18 +0800] "GET /content/subject/resource_content.jsp?oid=16777736&queryType=qc HTTP/1.1" 200 43166
66.249.79.193 - - [19/Sep/2015:19:32:21 +0800] "GET /content/nav/relationSubject.jsp?relationWords=%E5%85%AC%E6%95%99%E4%BA%BA%E5%93%A1+%E8%87%BA%E7%81%A3%E7%9C%81+&oid=1896113 HTTP/1.1" 200 4408
66.249.71.239 - - [19/Sep/2015:19:32:24 +0800] "GET /content/nav/relationSubject.jsp?relationWords=%E5%85%AC%E6%95%99%E4%BA%BA%E5%93%A1%20%E8%87%BA%E7%81%A3%E7%9C%81%20&oid=1896113 HTTP/1.1" 200 4408
66.249.71.105 - - [19/Sep/2015:19:32:34 +0800] "GET /content/nav/relationSubject.jsp?relationWords=%E5%85%A7%E5%8B%99%E5%BA%9C+%E5%A0%82%E9%8A%9C+&oid=2654783 HTTP/1.1" 200 3143
66.249.71.105 - - [19/Sep/2015:19:32:35 +0800] "GET /content/nav/relationSubject.jsp?relationWords=%E5%85%A7%E5%8B%99%E5%BA%9C%20%E5%A0%82%E9%8A%9C%20&oid=2654783 HTTP/1.1" 200 3143
157.55.39.142 - - [19/Sep/2015:19:33:04 +0800] "GET /content/subject/resource_content.jsp?oid=16777736&queryType=qc HTTP/1.1" 200 43166
207.46.13.170 - - [19/Sep/2015:19:34:29 +0800] "GET /content/subject/resource_content.jsp?oid=16777741&queryType=qc HTTP/1.1" 200 53538
106.38.241.163 - - [19/Sep/2015:19:34:50 +0800] "GET /content/repository/resource_content.jsp?oid=1124516&queryType=qc HTTP/1.1" 200 36250
101.12.83.200 - - [19/Sep/2015:19:35:06 +0800] "GET /content/repository/resource_content.jsp?oid=1544156 HTTP/1.1" 200 30435
106.38.241.163 - - [19/Sep/2015:19:35:14 +0800] "GET /content/repository/resource_content.jsp?oid=523869&queryType=qc HTTP/1.1" 200 36878
66.249.71.121 - - [19/Sep/2015:19:35:26 +0800] "GET /content/repository/resource_content.jsp?oid=2666843&queryType=qs&queryString=%E6%9D%8E%E4%BF%A1 HTTP/1.1" 200 29822
207.46.13.140 - - [19/Sep/2015:19:36:35 +0800] "GET /content/subject/resource_content.jsp?oid=16777741&queryType=qc HTTP/1.1" 200 53538
123.125.71.79 - - [19/Sep/2015:19:36:35 +0800] "GET /content/repository/resource_content.jsp?oid=2612134 HTTP/1.1" 200 29269
68.180.228.24 - - [19/Sep/2015:19:36:38 +0800] "GET /content/subject/resource_content.jsp?oid=16777450&queryType=qc HTTP/1.1" 200 28898
207.46.13.140 - - [19/Sep/2015:19:36:57 +0800] "GET /content/subject/resource_content.jsp?oid=16777549&queryType=qc HTTP/1.1" 200 38055
49.217.84.215 - - [19/Sep/2015:19:37:34 +0800] "GET /content/subject/resource_content.jsp?oid=16777753 HTTP/1.1" 200 36817
49.217.84.215 - - [19/Sep/2015:19:37:36 +0800] "GET /content/nav/relationSubject.jsp?relationWords=GIS+%E6%95%B8%E4%BD%8D%E5%85%B8%E8%97%8F+%E9%81%99%E6%B8%AC%E5%BD%B1%E5%83%8F+&oid=16777753 HTTP/1.1" 200 5952
207.46.13.170 - - [19/Sep/2015:19:37:46 +0800] "GET /content/subject/resource_content.jsp?oid=16777448&queryType=qc HTTP/1.1" 200 34511
207.46.13.170 - - [19/Sep/2015:19:38:26 +0800] "GET /content/subject/resource_content.jsp?oid=16777448&queryType=qc HTTP/1.1" 200 34511
66.249.71.121 - - [19/Sep/2015:19:38:34 +0800] "GET /content/repository/resource_content.jsp?oid=2671637&queryType=qs&queryString=%E8%A5%B2%E4%B8%96 HTTP/1.1" 200 29898
66.249.71.113 - - [19/Sep/2015:19:38:58 +0800] "GET /content/nav/relationSubject.jsp?relationWords=%E5%90%8F%E9%83%A8+%E7%A7%BB%E9%80%81+&oid=2671637 HTTP/1.1" 200 3136
66.249.71.105 - - [19/Sep/2015:19:39:01 +0800] "GET /content/nav/relationSubject.jsp?relationWords=%E5%90%8F%E9%83%A8%20%E7%A7%BB%E9%80%81%20&oid=2671637 HTTP/1.1" 200 3136
106.38.241.163 - - [19/Sep/2015:19:40:17 +0800] "GET /digiarch_en/content/tmp_tec/resource_content.jsp?oid=16777728 HTTP/1.1" 200 53152
157.55.39.143 - - [19/Sep/2015:19:40:26 +0800] "GET /content/subject/resource_content.jsp?oid=16777764&queryType=qc HTTP/1.1" 200 40791
106.38.241.163 - - [19/Sep/2015:19:40:30 +0800] "GET /digiarch_en/content/tmp_tec/resource_content.jsp?oid=16777433 HTTP/1.1" 200 22130
157.55.39.66 - - [19/Sep/2015:19:40:32 +0800] "GET /content/subject/resource_content.jsp?oid=16777764&queryType=qc HTTP/1.1" 200 40791
106.38.241.163 - - [19/Sep/2015:19:40:53 +0800] "GET /content/subject/resource_content.jsp?oid=16777839&queryType=qc HTTP/1.1" 200 27193
106.38.241.163 - - [19/Sep/2015:19:41:05 +0800] "GET /content/subject/resource_content.jsp?oid=16777840&queryType=qc HTTP/1.1" 200 40649
111.83.207.164 - - [19/Sep/2015:19:41:26 +0800] "GET /content/repository/resource_content.jsp?oid=1112444 HTTP/1.1" 200 31367
111.83.207.164 - - [19/Sep/2015:19:41:29 +0800] "GET /content/nav/relationSubject.jsp?relationWords=%E5%B1%B1%E6%9E%87%E6%9D%B7+%E6%9E%87%E6%9D%B7+%E6%A4%8D%E7%89%A9%E7%95%8C+%E8%96%94%E8%96%87%E7%9B%AE+%E8%96%94%E8%96%87%E7%A7%91+&oid=1112444 HTTP/1.1" 200 3479
66.249.71.105 - - [19/Sep/2015:19:41:42 +0800] "GET /content/repository/resource_content.jsp?oid=2518845&queryType=qs&queryString=%E6%9D%8E%E6%88%90 HTTP/1.1" 200 29769
68.180.228.24 - - [19/Sep/2015:19:43:57 +0800] "GET /content/pictures/picture_content.jsp?oid=33554740 HTTP/1.1" 200 27212
66.249.71.121 - - [19/Sep/2015:19:44:50 +0800] "GET /content/repository/resource_content.jsp?oid=4362658&queryType=qs&queryString=%E4%B8%89%E8%BA%AB HTTP/1.1" 200 30369
207.46.13.170 - - [19/Sep/2015:19:45:00 +0800] "GET /content/tmp_auth/resource_content.jsp?oid=16777758 HTTP/1.1" 200 25317
157.55.39.142 - - [19/Sep/2015:19:47:02 +0800] "GET /content/subject/resource_content.jsp?oid=16777463&queryType=qc HTTP/1.1" 200 28409
183.90.36.194 - - [19/Sep/2015:19:47:09 +0800] "GET /content/subject/resource_content.jsp?oid=16777692 HTTP/1.1" 200 36451
183.90.36.194 - - [19/Sep/2015:19:47:12 +0800] "GET /content/nav/relationSubject.jsp?relationWords=&oid=16777692 HTTP/1.1" 200 1405
66.249.71.113 - - [19/Sep/2015:19:47:58 +0800] "GET /content/repository/resource_content.jsp?oid=1597377&queryType=qs&queryString=%E5%92%96%E5%95%A1%E9%A4%A8 HTTP/1.1" 200 29694
106.38.241.163 - - [19/Sep/2015:19:48:42 +0800] "GET /content/subject/resource_content.jsp?oid=16777806&queryType=qc HTTP/1.1" 200 48566
106.38.241.163 - - [19/Sep/2015:19:49:16 +0800] "GET /content/subject/resource_content.jsp?oid=16777787&queryType=qc HTTP/1.1" 200 57468
66.249.71.239 - - [19/Sep/2015:19:49:21 +0800] "GET /digiarch_en/content/repository/resource_content.jsp?oid=1640484&queryString=%E5%8D%97%E6%96%B9%E8%B3%87%E6%96%99%E9%A4%A8%20%E6%94%AF%E9%82%A3%E4%BA%8B%E8%AE%8A%20%E7%9A%87%E8%BB%8D HTTP/1.1" 200 23216
223.136.157.132 - - [19/Sep/2015:19:49:27 +0800] "GET /content/subject/resource_content.jsp?oid=16797271&queryType=qc HTTP/1.1" 200 55170
223.136.157.132 - - [19/Sep/2015:19:49:31 +0800] "GET /content/nav/relationSubject.jsp?relationWords=&oid=16797271 HTTP/1.1" 200 1405
66.249.71.113 - - [19/Sep/2015:19:49:34 +0800] "GET /content/nav/relationSubject.jsp?relationWords=%E5%90%8C%E6%A5%AD%E5%85%AC%E6%9C%83+%E5%90%B3%E9%B4%BB%E6%A3%AE+%E5%91%A8%E5%8D%97+%E5%92%96%E5%95%A1%E9%A4%A8+%E5%A4%9C%E7%B8%BD%E6%9C%83+%E5%AE%A2%E9%81%8B+%E6%B1%BD%E8%BB%8A%E9%81%8B%E8%BC%B8%E6%A5%AD+%E7%87%9F%E6%A5%AD%E7%A8%85+%E8%87%BA%E7%81%A3%E7%9C%81+%E8%8C%B6%E5%AE%A4+%E8%B2%A1%E6%94%BF%E9%A1%9E+%E8%B2%A8%E9%81%8B+&oid=1597377 HTTP/1.1" 200 4992
66.249.71.113 - - [19/Sep/2015:19:49:36 +0800] "GET /content/nav/relationSubject.jsp?relationWords=%E5%90%8C%E6%A5%AD%E5%85%AC%E6%9C%83%20%E5%90%B3%E9%B4%BB%E6%A3%AE%20%E5%91%A8%E5%8D%97%20%E5%92%96%E5%95%A1%E9%A4%A8%20%E5%A4%9C%E7%B8%BD%E6%9C%83%20%E5%AE%A2%E9%81%8B%20%E6%B1%BD%E8%BB%8A%E9%81%8B%E8%BC%B8%E6%A5%AD%20%E7%87%9F%E6%A5%AD%E7%A8%85%20%E8%87%BA%E7%81%A3%E7%9C%81%20%E8%8C%B6%E5%AE%A4%20%E8%B2%A1%E6%94%BF%E9%A1%9E%20%E8%B2%A8%E9%81%8B%20&oid=1597377 HTTP/1.1" 200 4992
207.46.13.140 - - [19/Sep/2015:19:50:05 +0800] "GET /content/subject/resource_content.jsp?oid=16777500&queryType=qc HTTP/1.1" 200 33379
66.249.79.127 - - [19/Sep/2015:19:51:06 +0800] "GET /content/repository/resource_content.jsp?oid=2470539&queryType=qs&queryString=%E5%8C%97%E5%8E%9F%E6%94%BF%E5%90%89 HTTP/1.1" 200 30581
157.55.39.143 - - [19/Sep/2015:19:51:22 +0800] "GET /content/subject/resource_content.jsp?oid=16777805&queryType=qc HTTP/1.1" 200 35157
157.55.39.66 - - [19/Sep/2015:19:51:44 +0800] "GET /content/subject/resource_content.jsp?oid=16777463&queryType=qc HTTP/1.1" 200 28409
66.249.71.239 - - [19/Sep/2015:19:53:14 +0800] "GET /content/subject/resource_content.jsp?oid=16777601&queryType=qs&queryString=%E7%9F%A5%E8%AD%98%E5%88%86%E5%AD%90 HTTP/1.1" 200 59067
66.249.71.113 - - [19/Sep/2015:19:54:13 +0800] "GET /content/repository/resource_content.jsp?oid=1851132&queryType=qs&queryString=%E9%AA%A8%E7%89%87 HTTP/1.1" 200 30037
66.249.71.121 - - [19/Sep/2015:19:54:27 +0800] "GET /content/nav/relationSubject.jsp?relationWords=%E9%AA%A8%E7%89%99+&oid=1851132 HTTP/1.1" 200 2963
207.46.13.140 - - [19/Sep/2015:19:54:29 +0800] "GET /content/tmp_auth/resource_content.jsp?oid=16777758 HTTP/1.1" 200 25317
66.249.71.105 - - [19/Sep/2015:19:54:29 +0800] "GET /content/nav/relationSubject.jsp?relationWords=%E9%AA%A8%E7%89%99%20&oid=1851132 HTTP/1.1" 200 2963
106.38.241.163 - - [19/Sep/2015:19:54:48 +0800] "GET /content/tmp_exh/resource_content.jsp?oid=16777849&queryType=qc HTTP/1.1" 200 31866
106.38.241.163 - - [19/Sep/2015:19:55:00 +0800] "GET /content/tmp_exh/resource_content.jsp?oid=16777831&queryType=qc HTTP/1.1" 200 34304
157.55.39.142 - - [19/Sep/2015:19:55:03 +0800] "GET /content/subject/resource_content.jsp?oid=16797242&queryType=qc HTTP/1.1" 200 46766
106.38.241.163 - - [19/Sep/2015:19:55:41 +0800] "GET /content/subject/resource_content.jsp?oid=16777329&queryType=qc HTTP/1.1" 200 27826
207.46.13.140 - - [19/Sep/2015:19:55:51 +0800] "GET /content/tmp_exh/resource_content.jsp?oid=16777848&queryType=qc%201890 HTTP/1.1" 200 37207
207.46.13.170 - - [19/Sep/2015:19:56:16 +0800] "GET /content/subject/resource_content.jsp?oid=16777500&queryType=qc HTTP/1.1" 200 33379
106.38.241.163 - - [19/Sep/2015:19:56:31 +0800] "GET /digiarch_en/content/pictures/picture_content.jsp?oid=33554833&queryType=qc HTTP/1.1" 200 21953
106.38.241.163 - - [19/Sep/2015:19:56:31 +0800] "GET /content/tmp_auth/resource_content.jsp?oid=16777777 HTTP/1.1" 200 29418
157.55.39.66 - - [19/Sep/2015:19:56:37 +0800] "GET /content/subject/resource_content.jsp?oid=16777838&queryType=qc HTTP/1.1" 200 59049
106.38.241.163 - - [19/Sep/2015:19:56:43 +0800] "GET /digiarch_en/content/pictures/picture_content.jsp?oid=33554787 HTTP/1.1" 200 22128
66.249.71.113 - - [19/Sep/2015:19:57:21 +0800] "GET /content/repository/resource_content.jsp?oid=1811131&queryType=qs&queryString=%E5%A5%B3%E5%AA%A7 HTTP/1.1" 200 48931
180.217.25.51 - - [19/Sep/2015:19:57:30 +0800] "GET /content/subject/resource_content.jsp?oid=16797271&queryType=qc HTTP/1.1" 200 55170
180.217.25.51 - - [19/Sep/2015:19:57:36 +0800] "GET /content/nav/relationSubject.jsp?relationWords=&oid=16797271 HTTP/1.1" 200 1405
208.115.113.86 - - [19/Sep/2015:19:58:07 +0800] "GET /content/subject/resource_content.jsp?oid=16777664&queryType=qc HTTP/1.1" 200 48167
207.46.13.170 - - [19/Sep/2015:19:58:50 +0800] "GET /content/subject/resource_content.jsp?oid=16777805&queryType=qc HTTP/1.1" 200 35157
157.55.39.143 - - [19/Sep/2015:19:59:05 +0800] "GET /content/tmp_auth/resource_content.jsp?oid=16777810 HTTP/1.1" 200 40591
106.38.241.163 - - [19/Sep/2015:19:59:26 +0800] "GET /digiarch_en/content/repository/resource_content.jsp?oid=1124751&queryType=qc HTTP/1.1" 200 26621
66.249.71.113 - - [19/Sep/2015:20:00:29 +0800] "GET /content/repository/resource_content.jsp?oid=2522225&queryType=qs&queryString=%E6%97%82%E4%B8%81 HTTP/1.1" 200 30066
66.249.71.113 - - [19/Sep/2015:20:00:41 +0800] "GET /content/nav/relationSubject.jsp?relationWords=%E9%80%9A%E5%88%A4+&oid=2522225 HTTP/1.1" 200 3096
66.249.71.121 - - [19/Sep/2015:20:00:43 +0800] "GET /content/nav/relationSubject.jsp?relationWords=%E9%80%9A%E5%88%A4%20&oid=2522225 HTTP/1.1" 200 3096
122.100.187.2 - - [19/Sep/2015:20:00:50 +0800] "GET /content/repository/resource_content.jsp?oid=2142571&queryString=%E6%97%8B%E8%8A%B1%E7%A7%91%20%E6%A4%8D%E7%89%A9%E7%95%8C%20%E8%8F%9F%E7%B5%B2%E5%AD%90%20%E8%8F%9F%E7%B5%B2%E5%AD%90%E5%B1%AC HTTP/1.1" 200 31083
122.100.187.2 - - [19/Sep/2015:20:00:52 +0800] "GET /content/nav/relationSubject.jsp?relationWords=%E6%97%8B%E8%8A%B1%E7%A7%91+%E6%A4%8D%E7%89%A9%E7%95%8C+%E8%8F%9F%E7%B5%B2%E5%AD%90+%E8%8F%9F%E7%B5%B2%E5%AD%90%E5%B1%AC+&oid=2142571 HTTP/1.1" 200 3307
157.55.39.66 - - [19/Sep/2015:20:01:39 +0800] "GET /content/subject/resource_content.jsp?oid=16797242&queryType=qc HTTP/1.1" 200 46766
106.38.241.163 - - [19/Sep/2015:20:02:25 +0800] "GET /content/tmp_auth/resource_content.jsp?oid=16777672 HTTP/1.1" 200 32077
207.46.13.170 - - [19/Sep/2015:20:03:27 +0800] "GET /content/tmp_exh/resource_content.jsp?oid=16777848&queryType=qc%201890 HTTP/1.1" 200 37207
66.249.71.113 - - [19/Sep/2015:20:03:37 +0800] "GET /content/repository/resource_content.jsp?oid=1869936&queryType=qs&queryString=%E8%9F%A0%E9%BE%8D%E7%B4%8B HTTP/1.1" 200 30389
66.249.71.249 - - [19/Sep/2015:20:03:54 +0800] "GET /content/repository/resource_content.jsp?oid=2591814 HTTP/1.1" 200 28549
66.249.71.239 - - [19/Sep/2015:20:03:58 +0800] "GET /content/nav/relationSubject.jsp?relationWords=&oid=2591814 HTTP/1.1" 200 1405
207.46.13.170 - - [19/Sep/2015:20:04:03 +0800] "GET /content/subject/resource_content.jsp?oid=16777838&queryType=qc HTTP/1.1" 200 59049
66.249.71.121 - - [19/Sep/2015:20:04:13 +0800] "GET /content/nav/relationSubject.jsp?relationWords=%E8%9F%A0%E8%9E%AD%E7%B4%8B%E5%88%97%E9%BC%8E+&oid=1869936 HTTP/1.1" 200 3092
207.46.13.170 - - [19/Sep/2015:20:05:29 +0800] "GET /content/subject/resource_content.jsp?oid=16797282&queryType=qc HTTP/1.1" 200 78894
1.171.232.202 - - [19/Sep/2015:20:05:43 +0800] "GET /content/subject/resource_content.jsp?oid=16777706 HTTP/1.1" 200 53849
1.171.232.202 - - [19/Sep/2015:20:05:45 +0800] "GET /content/nav/relationSubject.jsp?relationWords=%E5%A0%A1%E5%9C%96+&oid=16777706 HTTP/1.1" 200 2864
207.46.13.170 - - [19/Sep/2015:20:06:35 +0800] "GET /content/subject/resource_content.jsp?oid=16777471&queryType=qc HTTP/1.1" 200 30230
66.249.71.121 - - [19/Sep/2015:20:06:44 +0800] "GET /content/repository/resource_content.jsp?oid=1546412&queryType=qs&queryString=%E6%9C%9F%E6%9C%9B HTTP/1.1" 200 29574
66.249.71.113 - - [19/Sep/2015:20:06:55 +0800] "GET /content/nav/relationSubject.jsp?relationWords=%E6%95%88%E7%8E%87+%E6%9C%9F%E6%9C%9B+%E6%AC%8A%E5%92%8C+&oid=1546412 HTTP/1.1" 200 4029
66.249.71.121 - - [19/Sep/2015:20:06:57 +0800] "GET /content/nav/relationSubject.jsp?relationWords=%E6%95%88%E7%8E%87%20%E6%9C%9F%E6%9C%9B%20%E6%AC%8A%E5%92%8C%20&oid=1546412 HTTP/1.1" 200 4029
1.172.241.116 - - [19/Sep/2015:20:08:58 +0800] "GET /content/subject/resource_content.jsp?oid=16797239&queryType=qc HTTP/1.1" 200 44010
1.172.241.116 - - [19/Sep/2015:20:09:02 +0800] "GET /content/nav/relationSubject.jsp?relationWords=&oid=16797239 HTTP/1.1" 200 1405
175.98.71.160 - - [19/Sep/2015:20:09:04 +0800] "GET /content/nav/relationSubject.jsp?relationWords=&oid=16777459 HTTP/1.1" 200 1405
66.249.71.113 - - [19/Sep/2015:20:09:52 +0800] "GET /content/repository/resource_content.jsp?oid=2640490&queryType=qs&queryString=%E9%B9%BD%E5%B1%B1%E7%B8%A3 HTTP/1.1" 200 30146
66.249.71.105 - - [19/Sep/2015:20:10:05 +0800] "GET /content/nav/relationSubject.jsp?relationWords=%E5%AD%80%E5%A9%A6+%E9%B9%BD%E5%B1%B1%E7%B8%A3+&oid=2640490 HTTP/1.1" 200 3164
66.249.71.121 - - [19/Sep/2015:20:10:06 +0800] "GET /content/nav/relationSubject.jsp?relationWords=%E5%AD%80%E5%A9%A6%20%E9%B9%BD%E5%B1%B1%E7%B8%A3%20&oid=2640490 HTTP/1.1" 200 3164
157.55.39.143 - - [19/Sep/2015:20:10:09 +0800] "GET /content/tmp_auth/resource_content.jsp?oid=16777810 HTTP/1.1" 200 40591
111.13.102.138 - - [19/Sep/2015:20:11:32 +0800] "GET /content/repository/resource_content.jsp?oid=15744 HTTP/1.1" 200 36006
123.125.71.69 - - [19/Sep/2015:20:11:34 +0800] "GET /content/repository/resource_content.jsp?oid=175535 HTTP/1.1" 200 30104
66.249.71.239 - - [19/Sep/2015:20:13:00 +0800] "GET /content/repository/resource_content.jsp?oid=1597456 HTTP/1.1" 200 28608
66.249.71.229 - - [19/Sep/2015:20:13:11 +0800] "GET /content/nav/relationSubject.jsp?relationWords=%E5%8D%97%E6%A6%AE+&oid=1597456 HTTP/1.1" 200 6645
66.249.71.249 - - [19/Sep/2015:20:13:13 +0800] "GET /content/nav/relationSubject.jsp?relationWords=%E5%8D%97%E6%A6%AE%20&oid=1597456 HTTP/1.1" 200 6645
207.46.13.170 - - [19/Sep/2015:20:14:40 +0800] "GET /content/subject/resource_content.jsp?oid=16777838&queryType=qc> HTTP/1.1" 200 59060
1.175.196.70 - - [19/Sep/2015:20:14:48 +0800] "GET /content/nav/relationSubject.jsp?relationWords=%E5%8F%B0%E7%81%A3%E6%AC%92%E6%A8%B9+%E8%8B%A6%E8%8B%93%E8%88%85+&oid=16777254 HTTP/1.1" 200 4285
157.55.39.66 - - [19/Sep/2015:20:15:19 +0800] "GET /content/subject/resource_content.jsp?oid=16797282&queryType=qc HTTP/1.1" 200 78894
157.55.39.143 - - [19/Sep/2015:20:15:30 +0800] "GET /content/subject/resource_content.jsp?oid=16777741&queryType=qc HTTP/1.1" 200 53549
61.135.189.124 - - [19/Sep/2015:20:15:33 +0800] "GET /content/pictures/picture_content.jsp?oid=33554732 HTTP/1.1" 200 27604
66.249.71.239 - - [19/Sep/2015:20:15:58 +0800] "GET /content/repository/resource_content.jsp?oid=2616180 HTTP/1.1" 200 28953
66.249.71.217 - - [19/Sep/2015:20:16:07 +0800] "GET /digiarch/content/repository/resource_content.jsp?oid=1849769 HTTP/1.1" 404 14873
207.46.13.170 - - [19/Sep/2015:20:16:47 +0800] "GET /content/tmp_tec/resource_content.jsp?oid=16777753 HTTP/1.1" 200 33906
207.46.13.140 - - [19/Sep/2015:20:16:59 +0800] "GET /content/subject/resource_content.jsp?oid=16777471&queryType=qc HTTP/1.1" 200 30230
123.125.71.108 - - [19/Sep/2015:20:17:12 +0800] "GET /content/subject/resource_content.jsp?oid=16777654&queryType=qc HTTP/1.1" 200 63665
123.125.71.81 - - [19/Sep/2015:20:17:50 +0800] "GET /content/pictures/picture_content.jsp?oid=33554749 HTTP/1.1" 200 27589
180.176.169.37 - - [19/Sep/2015:20:18:04 +0800] "GET /content/nav/relationSubject.jsp?relationWords=%E9%9D%92%E6%A5%93+&oid=16777274 HTTP/1.1" 200 3565
66.249.71.239 - - [19/Sep/2015:20:18:36 +0800] "GET /content/repository/resource_content.jsp?oid=627542 HTTP/1.1" 200 28931
66.249.71.239 - - [19/Sep/2015:20:18:40 +0800] "GET /content/nav/relationSubject.jsp?relationWords=%E4%BA%BA%E5%90%8D%E6%AC%8A%E5%A8%81+%E5%95%86%E8%A1%8C+%E9%BA%BB%E5%85%8B%E9%A1%9E+&oid=627542 HTTP/1.1" 200 4215
66.249.71.249 - - [19/Sep/2015:20:18:42 +0800] "GET /content/nav/relationSubject.jsp?relationWords=%E4%BA%BA%E5%90%8D%E6%AC%8A%E5%A8%81%20%E5%95%86%E8%A1%8C%20%E9%BA%BB%E5%85%8B%E9%A1%9E%20&oid=627542 HTTP/1.1" 200 4215
207.46.13.170 - - [19/Sep/2015:20:21:09 +0800] "GET /content/subject/resource_content.jsp?oid=16777617&queryType=qc HTTP/1.1" 200 61014
101.12.18.67 - - [19/Sep/2015:20:21:55 +0800] "GET /content/subject/resource_content.jsp?oid=16777688&queryType=qc HTTP/1.1" 200 39211
68.180.228.24 - - [19/Sep/2015:20:21:55 +0800] "GET /content/subject/resource_content.jsp?oid=16777449&queryType=qc HTTP/1.1" 200 28797
101.12.18.67 - - [19/Sep/2015:20:21:57 +0800] "GET /content/nav/relationSubject.jsp?relationWords=%E5%8F%B0%E7%81%A3%E7%89%B9%E6%9C%89%E7%A8%AE+%E6%A3%98%E8%A3%B8%E7%B5%A8%E9%AE%8B+%E7%9F%B3%E7%8B%97%E5%85%AC+%E7%9F%B3%E9%A0%AD%E9%AD%9A+&oid=16777688 HTTP/1.1" 200 4155
123.192.241.229 - - [19/Sep/2015:20:22:02 +0800] "GET /content/nav/relationSubject.jsp?relationWords=&oid=16777459 HTTP/1.1" 200 1405
207.46.13.170 - - [19/Sep/2015:20:22:04 +0800] "GET /content/subject/resource_content.jsp?oid=16777801&queryType=qc HTTP/1.1" 200 43021
66.249.71.249 - - [19/Sep/2015:20:22:49 +0800] "GET /content/nav/relationSubject.jsp?relationWords=%E5%9D%90%E5%90%8D%E6%95%95%E6%9B%B8%20%E6%8F%90%E7%9D%A3%20%E6%A5%8A%E8%8A%B3%20&oid=2616180 HTTP/1.1" 200 4093
157.55.39.143 - - [19/Sep/2015:20:23:12 +0800] "GET /content/subject/resource_content.jsp?oid=16777838&queryType=qc> HTTP/1.1" 200 59060
66.249.71.206 - - [19/Sep/2015:20:25:03 +0800] "GET /content/subject/resource_content.jsp?oid=16797335&queryType=qc HTTP/1.1" 200 60397
207.46.13.170 - - [19/Sep/2015:20:25:12 +0800] "GET /content/subject/resource_content.jsp?oid=16777805&queryType=qc HTTP/1.1" 200 35146
66.249.71.249 - - [19/Sep/2015:20:25:31 +0800] "GET /content/subject/resource_content.jsp?oid=16777633 HTTP/1.1" 200 56606
157.55.39.143 - - [19/Sep/2015:20:27:25 +0800] "GET /content/subject/resource_content.jsp?oid=16777721&queryType=qc HTTP/1.1" 200 36340
114.42.57.164 - - [19/Sep/2015:20:27:29 +0800] "GET /content/repository/resource_content.jsp?oid=2144885&queryString=%E5%89%B2%E9%9B%9E%E8%8A%92%20%E5%89%B2%E9%9B%9E%E8%8A%92%E5%B1%AC%20%E5%8F%B0%E7%81%A3%E5%89%B2%E9%9B%9E%20%E6%A4%8D%E7%89%A9%E7%95%8C%20%E8%8E%8E%E8%8D%89%20%E8%8E%8E%E8%8D%89%E7%A7%91 HTTP/1.1" 200 31549
114.42.57.164 - - [19/Sep/2015:20:27:30 +0800] "GET /content/nav/relationSubject.jsp?relationWords=%E5%89%B2%E9%9B%9E%E8%8A%92+%E5%89%B2%E9%9B%9E%E8%8A%92%E5%B1%AC+%E5%8F%B0%E7%81%A3%E5%89%B2%E9%9B%9E+%E6%A4%8D%E7%89%A9%E7%95%8C+%E8%8E%8E%E8%8D%89+%E8%8E%8E%E8%8D%89%E7%A7%91+&oid=2144885 HTTP/1.1" 200 3403
223.139.92.180 - - [19/Sep/2015:20:28:02 +0800] "GET /content/repository/resource_content.jsp?oid=4364140&queryString=%E6%B3%95%E4%B8%BB%E5%85%AC HTTP/1.1" 200 28732
223.139.92.180 - - [19/Sep/2015:20:28:04 +0800] "GET /content/nav/relationSubject.jsp?relationWords=%E6%B3%95%E4%B8%BB%E5%85%AC+&oid=4364140 HTTP/1.1" 200 2978
223.139.92.180 - - [19/Sep/2015:20:28:09 +0800] "GET /content/repository/resource_content.jsp?oid=4364151&queryString=%E6%B3%95%E4%B8%BB%E5%85%AC HTTP/1.1" 200 28873
223.139.92.180 - - [19/Sep/2015:20:28:09 +0800] "GET /content/nav/relationSubject.jsp?relationWords=%E6%B3%95%E4%B8%BB%E5%85%AC+%E7%9B%94%E5%B8%BD+&oid=4364151 HTTP/1.1" 200 3046
223.139.92.180 - - [19/Sep/2015:20:28:11 +0800] "GET /content/repository/resource_content.jsp?oid=4364016&queryString=%E6%B3%95%E4%B8%BB%E5%85%AC%20%E7%9B%94%E5%B8%BD HTTP/1.1" 200 28936
223.139.92.180 - - [19/Sep/2015:20:28:11 +0800] "GET /content/nav/relationSubject.jsp?relationWords=%E7%9B%94%E5%B8%BD+&oid=4364016 HTTP/1.1" 200 2999
42.78.252.19 - - [19/Sep/2015:20:28:15 +0800] "GET /content/nav/relationSubject.jsp?relationWords=&oid=16777328 HTTP/1.1" 200 1405
223.139.92.180 - - [19/Sep/2015:20:28:19 +0800] "GET /content/repository/resource_content.jsp?oid=4364166&queryString=%E6%B3%95%E4%B8%BB%E5%85%AC%20%E7%9B%94%E5%B8%BD HTTP/1.1" 200 28948
223.139.92.180 - - [19/Sep/2015:20:28:20 +0800] "GET /content/nav/relationSubject.jsp?relationWords=%E7%9B%94%E5%B8%BD+&oid=4364166 HTTP/1.1" 200 2996
1.165.85.71 - - [19/Sep/2015:20:28:23 +0800] "GET /content/nav/relationSubject.jsp?relationWords=%E8%8A%B1%E8%94%93+%E8%94%93%E6%BE%A4%E8%98%AD+&oid=16777266 HTTP/1.1" 200 4225
114.42.57.164 - - [19/Sep/2015:20:28:26 +0800] "GET /content/repository/resource_content.jsp?oid=2144885&queryString=%E5%89%B2%E9%9B%9E%E8%8A%92%20%E5%89%B2%E9%9B%9E%E8%8A%92%E5%B1%AC%20%E5%8F%B0%E7%81%A3%E5%89%B2%E9%9B%9E%20%E6%A4%8D%E7%89%A9%E7%95%8C%20%E8%8E%8E%E8%8D%89%20%E8%8E%8E%E8%8D%89%E7%A7%91 HTTP/1.1" 200 31549
114.42.57.164 - - [19/Sep/2015:20:28:27 +0800] "GET /content/nav/relationSubject.jsp?relationWords=%E5%89%B2%E9%9B%9E%E8%8A%92+%E5%89%B2%E9%9B%9E%E8%8A%92%E5%B1%AC+%E5%8F%B0%E7%81%A3%E5%89%B2%E9%9B%9E+%E6%A4%8D%E7%89%A9%E7%95%8C+%E8%8E%8E%E8%8D%89+%E8%8E%8E%E8%8D%89%E7%A7%91+&oid=2144885 HTTP/1.1" 200 3403
66.249.71.36 - - [19/Sep/2015:20:28:39 +0800] "GET /content/subject/resource_content.jsp?oid=16777344&queryType=qc HTTP/1.1" 200 47666
223.138.123.42 - - [19/Sep/2015:20:29:25 +0800] "GET /content/nav/relationSubject.jsp?relationWords=%E8%8C%84%E8%8B%B3+&oid=16777306 HTTP/1.1" 200 4432
157.55.39.66 - - [19/Sep/2015:20:30:05 +0800] "GET /content/subject/resource_content.jsp?oid=16777842&queryType=qc> HTTP/1.1" 200 36275
157.55.39.143 - - [19/Sep/2015:20:31:20 +0800] "GET /content/subject/resource_content.jsp?oid=16777618&queryType=qc HTTP/1.1" 200 47587
157.55.39.143 - - [19/Sep/2015:20:31:43 +0800] "GET /content/subject/resource_content.jsp?oid=16777420&queryType=qc HTTP/1.1" 200 30170
199.168.139.173 - - [19/Sep/2015:20:32:39 +0800] "GET /digiarch_en/content/subject/resource_content.jsp?oid=16777743&queryString= HTTP/1.1" 200 27660
199.168.139.173 - - [19/Sep/2015:20:32:40 +0800] "POST /digiarch_en/content/subject/resource_content.jsp?oid=16777743&queryString= HTTP/1.1" 200 27660
42.78.252.19 - - [19/Sep/2015:20:34:09 +0800] "GET /content/nav/relationSubject.jsp?relationWords=&oid=16777328 HTTP/1.1" 200 1405
66.249.71.121 - - [19/Sep/2015:20:34:55 +0800] "GET /content/repository/resource_content.jsp?oid=4353622&queryType=qs&queryString=%E6%BD%9F%E6%B9%96 HTTP/1.1" 200 34409
66.249.71.36 - - [19/Sep/2015:20:36:40 +0800] "GET /content/nav/relationSubject.jsp?relationWords=%E5%A5%B3%E9%9D%92%E5%B9%B4+%E5%B0%8E%E9%81%8A+%E5%B1%B1%E8%83%9E+&oid=1573353 HTTP/1.1" 200 3688
66.249.79.73 - - [19/Sep/2015:20:36:42 +0800] "GET /content/nav/relationSubject.jsp?relationWords=%E5%A5%B3%E9%9D%92%E5%B9%B4%20%E5%B0%8E%E9%81%8A%20%E5%B1%B1%E8%83%9E%20&oid=1573353 HTTP/1.1" 200 3688
61.223.204.82 - - [19/Sep/2015:20:36:43 +0800] "GET /content/nav/relationSubject.jsp?relationWords=%E5%8F%B0%E7%81%A3%E6%AC%92%E6%A8%B9+%E8%8B%A6%E8%8B%93%E8%88%85+&oid=16777254 HTTP/1.1" 200 4285
121.174.83.46 - - [19/Sep/2015:20:37:12 +0800] "GET /content/nav/relationSubject.jsp?relationWords=%E9%BB%91%E6%9D%BF%E6%A8%B9+&oid=16777262 HTTP/1.1" 200 3253
207.46.13.170 - - [19/Sep/2015:20:37:54 +0800] "GET /content/subject/resource_content.jsp?oid=16777745&queryType=qc HTTP/1.1" 200 35935
66.249.71.113 - - [19/Sep/2015:20:38:03 +0800] "GET /content/repository/resource_content.jsp?oid=2603872&queryType=qs&queryString=%E5%8F%B2%E7%B6%B1 HTTP/1.1" 200 29608
157.55.39.66 - - [19/Sep/2015:20:38:16 +0800] "GET /content/subject/resource_content.jsp?oid=16797239&queryType=qc HTTP/1.1" 200 44010
66.249.71.113 - - [19/Sep/2015:20:38:52 +0800] "GET /content/repository/resource_content.jsp?oid=783908&queryType=qs&queryString=%E9%9B%9E%E9%A0%AD HTTP/1.1" 200 28176
66.249.71.121 - - [19/Sep/2015:20:38:57 +0800] "GET /content/nav/relationSubject.jsp?relationWords=&oid=2603872 HTTP/1.1" 200 1405
111.82.100.187 - - [19/Sep/2015:20:40:40 +0800] "GET /content/nav/relationSubject.jsp?relationWords=%E5%8D%83%E5%B9%B4%E6%A1%90+%E6%A1%90%E8%8A%B1+%E6%B2%B9%E6%A1%90+&oid=16777599 HTTP/1.1" 200 3738
66.249.71.229 - - [19/Sep/2015:20:41:11 +0800] "GET /content/repository/resource_content.jsp?oid=1633194 HTTP/1.1" 200 28628
66.249.71.239 - - [19/Sep/2015:20:41:30 +0800] "GET /content/subject/resource_content.jsp?oid=16777720&queryType=qc HTTP/1.1" 200 29905
66.249.71.239 - - [19/Sep/2015:20:44:18 +0800] "GET /content/repository/resource_content.jsp?oid=2146611&queryString=%E5%86%AC%E9%9D%92%E6%B2%B9%E6%A8%B9%20%E6%9D%9C%E9%B5%91%E8%8A%B1%20%E6%9D%9C%E9%B5%91%E8%8A%B1%E7%A7%91%20%E6%A4%8D%E7%89%A9%E7%95%8C%20%E7%99%BD%E7%8F%A0%E6%A8%B9%20%E7%99%BD%E7%8F%A0%E6%A8%B9%E5%B1%AC HTTP/1.1" 200 31342
1.170.188.134 - - [19/Sep/2015:20:44:27 +0800] "GET /content/nav/relationSubject.jsp?relationWords=&oid=16777459 HTTP/1.1" 200 1405
66.249.71.239 - - [19/Sep/2015:20:44:41 +0800] "GET /content/nav/relationSubject.jsp?relationWords=%E6%9D%9C%E9%B5%91%E8%8A%B1+%E6%9D%9C%E9%B5%91%E8%8A%B1%E7%A7%91+%E6%A4%8D%E7%89%A9%E7%95%8C+%E7%99%BD%E7%8F%A0%E6%A8%B9%E5%B1%AC+%E9%AB%98%E5%B1%B1%E7%99%BD%E7%8F%A0%E6%A8%B9+&oid=2146611 HTTP/1.1" 200 4763
66.249.71.229 - - [19/Sep/2015:20:44:42 +0800] "GET /content/nav/relationSubject.jsp?relationWords=%E6%9D%9C%E9%B5%91%E8%8A%B1%20%E6%9D%9C%E9%B5%91%E8%8A%B1%E7%A7%91%20%E6%A4%8D%E7%89%A9%E7%95%8C%20%E7%99%BD%E7%8F%A0%E6%A8%B9%E5%B1%AC%20%E9%AB%98%E5%B1%B1%E7%99%BD%E7%8F%A0%E6%A8%B9%20&oid=2146611 HTTP/1.1" 200 4763
157.55.39.143 - - [19/Sep/2015:20:45:24 +0800] "GET /content/subject/resource_content.jsp?oid=16777801&queryType=qc HTTP/1.1" 200 43021
157.55.39.66 - - [19/Sep/2015:20:45:54 +0800] "GET /content/nav/relationSubject.jsp?relationWords=%E5%8D%97%E6%B9%96%E6%9F%B3%E8%91%89%E8%8F%9C+&oid=33554558 HTTP/1.1" 200 2470
66.249.71.239 - - [19/Sep/2015:20:47:26 +0800] "GET /content/repository/resource_content.jsp?oid=2672166 HTTP/1.1" 200 29674
66.249.71.229 - - [19/Sep/2015:20:47:59 +0800] "GET /content/nav/relationSubject.jsp?relationWords=&oid=2672166 HTTP/1.1" 200 1405
123.125.71.115 - - [19/Sep/2015:20:48:03 +0800] "GET /content/subject/resource_content.jsp?oid=16777324 HTTP/1.1" 200 26504
157.55.39.66 - - [19/Sep/2015:20:49:02 +0800] "GET /content/subject/resource_content.jsp?oid=16777741&queryType=qc HTTP/1.1" 200 53549
157.55.39.66 - - [19/Sep/2015:20:49:06 +0800] "GET /content/subject/resource_content.jsp?oid=16777741&queryType=qc HTTP/1.1" 200 53549
157.55.39.66 - - [19/Sep/2015:20:49:12 +0800] "GET /content/subject/resource_content.jsp?oid=16777470&queryType=qc HTTP/1.1" 200 29372
157.55.39.66 - - [19/Sep/2015:20:49:14 +0800] "GET /content/subject/resource_content.jsp?oid=16777617&queryType=qc HTTP/1.1" 200 61014
66.249.71.229 - - [19/Sep/2015:20:50:29 +0800] "GET /content/nav/relationSubject.jsp?relationWords=%E4%BB%81%E5%BE%B7%E9%84%89+%E8%B3%AA%E8%A9%A2+&oid=1633194 HTTP/1.1" 200 3962
66.249.71.249 - - [19/Sep/2015:20:50:31 +0800] "GET /content/nav/relationSubject.jsp?relationWords=%E4%BB%81%E5%BE%B7%E9%84%89%20%E8%B3%AA%E8%A9%A2%20&oid=1633194 HTTP/1.1" 200 3962
66.249.71.113 - - [19/Sep/2015:20:50:34 +0800] "GET /content/repository/resource_content.jsp?oid=4472406&queryType=qs&queryString=%E6%B0%91%E6%94%BF%E9%95%B7%E5%AE%98 HTTP/1.1" 200 33451
66.249.71.121 - - [19/Sep/2015:20:50:46 +0800] "GET /content/repository/resource_content.jsp?oid=4478694&queryType=qs&queryString=%E4%BD%9B%E8%98%AD%E8%A5%BF HTTP/1.1" 200 28008
157.55.39.143 - - [19/Sep/2015:20:51:47 +0800] "GET /content/subject/resource_content.jsp?oid=16777779&queryType=qc HTTP/1.1" 200 37712
123.125.71.13 - - [19/Sep/2015:20:53:12 +0800] "GET /content/repository/resource_content.jsp?oid=2671987 HTTP/1.1" 200 29965
66.249.71.105 - - [19/Sep/2015:20:53:42 +0800] "GET /content/repository/resource_content.jsp?oid=2654031&queryType=qs&queryString=%E6%9C%9D%E7%8F%A0 HTTP/1.1" 200 30061
207.46.13.170 - - [19/Sep/2015:20:54:31 +0800] "GET /content/subject/resource_content.jsp?oid=16777805&queryType=qc HTTP/1.1" 200 35146
66.249.71.113 - - [19/Sep/2015:20:56:50 +0800] "GET /content/repository/resource_content.jsp?oid=2517685&queryType=qs&queryString=%E7%95%AA%E6%97%8F HTTP/1.1" 200 30176
66.249.71.113 - - [19/Sep/2015:20:57:06 +0800] "GET /content/nav/relationSubject.jsp?relationWords=%E5%BE%A1%E5%8F%B2+%E7%A8%AE%E9%A6%AC+&oid=2517685 HTTP/1.1" 200 3148
66.249.71.113 - - [19/Sep/2015:20:57:08 +0800] "GET /content/nav/relationSubject.jsp?relationWords=%E5%BE%A1%E5%8F%B2%20%E7%A8%AE%E9%A6%AC%20&oid=2517685 HTTP/1.1" 200 3148
