66.249.74.74 - - [11/Nov/2015:00:00:34 +0800] "GET /digiarch3/content/repository/resource_content.jsp?oid=1846217&queryType=qs&queryString=%E9%99%B0%E6%96%87 HTTP/1.1" 200 30578
66.249.77.91 - - [11/Nov/2015:00:00:39 +0800] "GET /content/repository/resource_content.jsp?oid=14419&queryString=%E5%8F%B0%E7%81%A3%E7%9F%B3%E7%88%AC%E5%AD%90%20%E5%8F%B0%E7%81%A3%E9%96%93%E5%90%B8%E9%B0%8D%20%E5%8F%B0%E7%81%A3%E9%96%93%E7%88%AC%E5%B7%96%E9%B0%8D%20%E5%B9%B3%E9%B0%AD%E9%B0%8D%E7%A7%91%20%E7%9F%B3%E8%B2%BC%E4%BB%94 HTTP/1.1" 200 34386
68.180.228.24 - - [11/Nov/2015:00:02:12 +0800] "GET /content/subject/resource_content.jsp?oid=16777412&queryType=qc HTTP/1.1" 200 33915
220.136.126.99 - - [11/Nov/2015:00:02:15 +0800] "GET /content/nav/relationSubject.jsp?relationWords=%E9%84%AD%E6%88%90%E5%8A%9F+&oid=16777440 HTTP/1.1" 200 3538
66.249.74.74 - - [11/Nov/2015:00:03:15 +0800] "GET /content/repository/resource_content.jsp?oid=2686124&queryString=%E5%8A%89%E6%96%87%20%E9%83%BD%E5%AF%9F%E9%99%A2 HTTP/1.1" 200 30514
157.55.39.108 - - [11/Nov/2015:00:04:07 +0800] "GET /content/subject/resource_content.jsp?oid=16797242&queryType=qc HTTP/1.1" 200 46766
114.42.9.145 - - [11/Nov/2015:00:04:29 +0800] "GET /content/nav/relationSubject.jsp?relationWords=&oid=16777459 HTTP/1.1" 200 1405
66.249.71.72 - - [11/Nov/2015:00:05:12 +0800] "GET /content/repository/resource_content.jsp?oid=2575632 HTTP/1.1" 200 28955
66.249.77.97 - - [11/Nov/2015:00:06:19 +0800] "GET /content/subject/resource_content.jsp?oid=16797241&queryType=qc HTTP/1.1" 200 44202
66.249.71.60 - - [11/Nov/2015:00:06:43 +0800] "GET /content/subject/resource_content.jsp?oid=16797292&queryType=qc HTTP/1.1" 200 57226
39.8.224.105 - - [11/Nov/2015:00:06:45 +0800] "GET /content/nav/relationSubject.jsp?relationWords=%E6%9C%A8%E7%8A%80+%E6%A1%82%E8%8A%B1+&oid=16777255 HTTP/1.1" 200 4029
66.249.71.5 - - [11/Nov/2015:00:08:28 +0800] "GET /content/repository/resource_content.jsp?oid=1899627&queryString=%E5%AE%89%E5%85%A8%E6%A1%88%20%E6%BC%81%E7%AE%A1%E8%99%95%20%E8%BE%B2%E6%9E%97%20%E8%BE%B2%E6%9E%97%E5%BB%B3 HTTP/1.1" 200 29567
178.62.136.173 - - [11/Nov/2015:00:09:33 +0800] "GET /content/nav/relationSubject.jsp?relationWords=%E6%AA%AC%E6%9E%9C+%E8%8A%92%E6%9E%9C+&oid=16777508 HTTP/1.1" 200 4379
66.249.71.60 - - [11/Nov/2015:00:09:47 +0800] "GET /content/subject/resource_content.jsp?oid=16777424&queryString=%E5%A4%A7%E8%8A%B1%E7%B4%AB%E8%96%87%20%E7%B4%AB%E8%96%87 HTTP/1.1" 200 39858
120.119.36.171 - - [11/Nov/2015:00:09:58 +0800] "GET /content/repository/resource_content.jsp?oid=1611593 HTTP/1.1" 200 29504
120.119.36.171 - - [11/Nov/2015:00:09:58 +0800] "GET /content/nav/relationSubject.jsp?relationWords=%E5%85%A7%E9%8A%B7+%E5%85%AC%E9%96%8B%E6%8B%9B%E6%A8%99+%E5%90%88%E4%BD%9C%E7%A4%BE+%E5%B1%B1%E9%A6%99+%E5%B7%A5%E7%A8%8B%E5%B8%AB+%E8%BD%8E%E8%BB%8A+&oid=1611593 HTTP/1.1" 200 3692
157.55.39.136 - - [11/Nov/2015:00:10:42 +0800] "GET /content/subject/resource_content.jsp?oid=16797258&queryType=qc HTTP/1.1" 200 56110
157.55.39.136 - - [11/Nov/2015:00:10:43 +0800] "GET /content/subject/resource_content.jsp?oid=16797254&queryType=qc HTTP/1.1" 200 53252
157.55.39.108 - - [11/Nov/2015:00:10:47 +0800] "GET /content/pictures/picture_content.jsp?oid=33554731&queryType=qc HTTP/1.1" 200 27754
157.55.39.108 - - [11/Nov/2015:00:10:48 +0800] "GET /content/subject/resource_content.jsp?oid=16797335&queryType=qc HTTP/1.1" 200 60398
157.55.39.108 - - [11/Nov/2015:00:10:50 +0800] "GET /content/pictures/picture_content.jsp?oid=33554825&queryType=qc HTTP/1.1" 200 27862
157.55.39.108 - - [11/Nov/2015:00:10:53 +0800] "GET /content/subject/resource_content.jsp?oid=16777481&queryType=qc HTTP/1.1" 200 172274
157.55.39.108 - - [11/Nov/2015:00:10:58 +0800] "GET /content/pictures/picture_content.jsp?oid=33554815 HTTP/1.1" 200 27504
66.249.74.100 - - [11/Nov/2015:00:11:18 +0800] "GET /content/repository/resource_content.jsp?oid=1554975 HTTP/1.1" 200 28986
68.180.228.24 - - [11/Nov/2015:00:12:13 +0800] "GET /content/subject/resource_content.jsp?oid=16777469&queryType=qc HTTP/1.1" 200 31173
66.249.71.105 - - [11/Nov/2015:00:12:48 +0800] "GET /content/repository/resource_content.jsp?oid=2684209&queryType=qs&queryString=%E6%83%A0%E9%BD%A1 HTTP/1.1" 200 29815
66.249.71.5 - - [11/Nov/2015:00:13:42 +0800] "GET /content/repository/resource_content.jsp?oid=1562617&queryString=%E5%AE%B6%E9%95%B7%E6%9C%83%20%E6%95%99%E8%82%B2%E5%BB%B3%20%E7%9C%81%E6%95%99%E8%82%B2%E5%BB%B3 HTTP/1.1" 200 29247
157.55.39.53 - - [11/Nov/2015:00:15:29 +0800] "GET /content/pictures/picture_content.jsp?oid=33554730 HTTP/1.1" 200 27810
157.55.39.53 - - [11/Nov/2015:00:15:31 +0800] "GET /content/subject/resource_content.jsp?oid=16777560&queryType=qc HTTP/1.1" 200 28635
157.55.39.53 - - [11/Nov/2015:00:15:33 +0800] "GET /content/pictures/picture_content.jsp?oid=33554817 HTTP/1.1" 200 27790
157.55.39.53 - - [11/Nov/2015:00:15:34 +0800] "GET /content/subject/resource_content.jsp?oid=16777504&queryType=qc HTTP/1.1" 200 36614
157.55.39.53 - - [11/Nov/2015:00:15:35 +0800] "GET /content/subject/resource_content.jsp?oid=16777351&queryType=qc HTTP/1.1" 200 34085
157.55.39.53 - - [11/Nov/2015:00:15:37 +0800] "GET /content/tmp_exh/resource_content.jsp?oid=16777850&queryType=qc%201890 HTTP/1.1" 200 44459
66.249.71.72 - - [11/Nov/2015:00:15:50 +0800] "GET /content/repository/resource_content.jsp?oid=1462511 HTTP/1.1" 200 30973
66.249.71.60 - - [11/Nov/2015:00:16:23 +0800] "GET /content/repository/resource_content.jsp?oid=3821299&queryString=%E6%A4%8D%E7%89%A9%E7%95%8C%20%E7%9A%BA%E8%91%89%E9%85%B8%E6%A8%A1%20%E8%93%BC%E7%A7%91%20%E9%85%B8%E6%A8%A1%E5%B1%AC HTTP/1.1" 200 30964
66.249.71.64 - - [11/Nov/2015:00:17:21 +0800] "GET /content/repository/resource_content.jsp?oid=1098151 HTTP/1.1" 200 30953
66.249.71.72 - - [11/Nov/2015:00:17:27 +0800] "GET /content/nav/relationSubject.jsp?relationWords=%E5%8F%89%E5%B0%BE+%E6%B7%B1%E6%B5%B7%E5%B8%B6%E9%AD%9A+&oid=21335 HTTP/1.1" 200 3439
66.249.74.102 - - [11/Nov/2015:00:17:33 +0800] "GET /content/nav/relationSubject.jsp?relationWords=%E5%8F%89%E5%B0%BE%20%E6%B7%B1%E6%B5%B7%E5%B8%B6%E9%AD%9A%20&oid=21335 HTTP/1.1" 200 3439
183.179.190.218 - - [11/Nov/2015:00:17:47 +0800] "GET /content/subject/resource_content.jsp?oid=16797242&queryType=qc HTTP/1.1" 200 46766
183.179.190.218 - - [11/Nov/2015:00:17:49 +0800] "GET /content/nav/relationSubject.jsp?relationWords=&oid=16797242 HTTP/1.1" 200 1405
220.181.108.159 - - [11/Nov/2015:00:18:27 +0800] "GET /content/repository/resource_content.jsp?oid=1528101 HTTP/1.1" 200 29574
66.249.71.64 - - [11/Nov/2015:00:18:53 +0800] "GET /digiarch_en/content/repository/resource_content.jsp?oid=2679452&queryString=%E5%AE%97%E4%BA%BA%E5%BA%9C%20%E5%AE%97%E5%AE%A4%20%E7%9B%9B%E4%BA%AC HTTP/1.1" 200 24176
220.181.108.106 - - [11/Nov/2015:00:19:01 +0800] "GET /content/nav/relationSubject.jsp?relationWords=%E5%8F%8D%E5%85%B1%E6%8A%97%E4%BF%84+%E5%9C%8B%E6%9C%AC%E6%A1%88+%E6%8E%A8%E5%BB%A3%E6%95%99%E8%82%B2+%E6%95%99%E8%82%B2%E5%88%B6%E5%BA%A6+%E7%9C%81%E6%94%BF%E5%BA%9C+%E8%87%A8%E6%99%82%E7%9C%81%E8%AD%B0%E6%9C%83+%E8%87%BA%E7%81%A3%E7%9C%81+%E8%94%A1%E9%B4%BB%E6%96%87+%E8%BE%B2%E6%A5%AD%E6%8E%A8%E5%BB%A3+%E8%BE%B2%E6%B0%91%E7%94%9F%E6%B4%BB+%E8%BE%B2%E7%94%A2+&oid=1528101 HTTP/1.1" 200 5047
66.249.71.14 - - [11/Nov/2015:00:19:04 +0800] "GET /digiarch3/content/repository/resource_content.jsp?oid=4352584&queryString=%E9%8A%80%E6%96%91%E8%9D%B6%E9%AD%9A HTTP/1.1" 200 33383
120.96.205.113 - - [11/Nov/2015:00:19:37 +0800] "GET /content/subject/resource_content.jsp?oid=16777706 HTTP/1.1" 200 53849
120.96.205.113 - - [11/Nov/2015:00:19:38 +0800] "GET /content/nav/relationSubject.jsp?relationWords=%E5%A0%A1%E5%9C%96+&oid=16777706 HTTP/1.1" 200 2864
66.249.71.72 - - [11/Nov/2015:00:20:24 +0800] "GET /content/repository/resource_content.jsp?oid=1102274 HTTP/1.1" 200 30842
66.249.71.14 - - [11/Nov/2015:00:21:24 +0800] "GET /content/repository/resource_content.jsp?oid=2681124&queryString=%E5%90%8F%E9%83%A8%20%E5%A4%A7%E5%AD%B8%E5%A3%AB HTTP/1.1" 200 30456
66.249.71.173 - - [11/Nov/2015:00:21:55 +0800] "GET /content/repository/resource_content.jsp?oid=695395&queryString=%E5%B9%B3%E5%A1%9A HTTP/1.1" 200 29161
36.238.90.25 - - [11/Nov/2015:00:23:02 +0800] "GET /content/nav/relationSubject.jsp?relationWords=%E9%BB%91%E6%9D%BF%E6%A8%B9+&oid=16777262 HTTP/1.1" 200 3253
125.230.253.134 - - [11/Nov/2015:00:23:11 +0800] "GET /content/nav/relationSubject.jsp?relationWords=%E9%9D%92%E6%A5%93+&oid=16777274 HTTP/1.1" 200 3565
66.249.71.155 - - [11/Nov/2015:00:23:23 +0800] "GET /content/nav/relationSubject.jsp?relationWords=%E4%B8%89%E5%8F%89%E8%95%A8+%E5%B7%9D%E4%B8%8A%E6%B0%8F+%E6%93%AC%E9%B1%97%E6%AF%9B%E8%95%A8+%E6%93%AC%E9%B1%97%E6%AF%9B%E8%95%A8%E5%B1%AC+%E6%A4%8D%E7%89%A9%E7%95%8C+%E6%B0%B4%E9%BE%8D%E9%AA%A8+%E8%95%A8%E9%A1%9E%E6%A4%8D%E7%89%A9+&oid=3813815 HTTP/1.1" 200 3572
66.249.71.155 - - [11/Nov/2015:00:23:25 +0800] "GET /content/nav/relationSubject.jsp?relationWords=%E4%B8%89%E5%8F%89%E8%95%A8%20%E5%B7%9D%E4%B8%8A%E6%B0%8F%20%E6%93%AC%E9%B1%97%E6%AF%9B%E8%95%A8%20%E6%93%AC%E9%B1%97%E6%AF%9B%E8%95%A8%E5%B1%AC%20%E6%A4%8D%E7%89%A9%E7%95%8C%20%E6%B0%B4%E9%BE%8D%E9%AA%A8%20%E8%95%A8%E9%A1%9E%E6%A4%8D%E7%89%A9%20&oid=3813815 HTTP/1.1" 200 3572
66.249.71.72 - - [11/Nov/2015:00:23:27 +0800] "GET /content/repository/resource_content.jsp?oid=1834226 HTTP/1.1" 200 29016
66.249.74.76 - - [11/Nov/2015:00:24:04 +0800] "GET /content/repository/resource_content.jsp?oid=3338724&queryString=%E5%B9%B3%E9%AF%9B%20%E9%AF%9B%E7%A7%91%20%E9%BB%83%E9%8C%AB%E9%AF%9B HTTP/1.1" 200 30013
157.55.39.108 - - [11/Nov/2015:00:24:54 +0800] "GET /content/repository/resource_content.jsp?oid=1558389 HTTP/1.1" 200 28495
68.180.228.24 - - [11/Nov/2015:00:24:56 +0800] "GET /digiarch_en/content/pictures/picture_content.jsp?oid=33554792 HTTP/1.1" 200 21729
66.249.71.64 - - [11/Nov/2015:00:24:57 +0800] "GET /content/repository/resource_content.jsp?oid=2585440 HTTP/1.1" 200 29045
123.195.203.121 - - [11/Nov/2015:00:25:30 +0800] "GET /content/subject/resource_content.jsp?oid=16777706 HTTP/1.1" 200 53849
66.249.79.27 - - [11/Nov/2015:00:26:29 +0800] "GET /content/repository/resource_content.jsp?oid=1530245&queryString=%E4%B8%80%E6%96%B0%E6%9C%83%20%E9%9C%A7%E5%B3%B0 HTTP/1.1" 200 29262
66.249.71.5 - - [11/Nov/2015:00:26:42 +0800] "GET /content/repository/resource_content.jsp?oid=4351816&queryString=%E5%8D%97%E6%B4%8B%E9%8A%80%E6%BC%A2%E9%AD%9A%20%E7%BE%8E%E9%8A%80%E6%BC%A2%E9%AD%9A%20%E9%8A%80%E6%BC%A2%E9%AD%9A%E7%A7%91%20%E9%B1%99%E4%BB%94 HTTP/1.1" 200 34304
68.180.228.24 - - [11/Nov/2015:00:26:59 +0800] "GET /content/subject/resource_content.jsp?oid=16777581&queryType=qc HTTP/1.1" 200 48438
66.249.74.74 - - [11/Nov/2015:00:28:00 +0800] "GET /digiarch3/content/repository/resource_content.jsp?oid=1849926&queryType=qs&queryString=%E9%B3%A5%E7%B4%8B HTTP/1.1" 200 31357
114.45.101.19 - - [11/Nov/2015:00:28:08 +0800] "GET /content/nav/relationSubject.jsp?relationWords=%E9%9D%92%E5%89%9B%E6%AB%9F+&oid=16777349 HTTP/1.1" 200 4006
114.45.101.19 - - [11/Nov/2015:00:28:26 +0800] "GET /content/subject/resource_content.jsp?oid=16777396&queryString=%E9%9D%92%E5%89%9B%E6%AB%9F HTTP/1.1" 200 34713
114.45.101.19 - - [11/Nov/2015:00:28:27 +0800] "GET /content/nav/relationSubject.jsp?relationWords=%E9%9D%92%E5%89%9B%E6%AB%9F+&oid=16777396 HTTP/1.1" 200 4000
66.249.71.72 - - [11/Nov/2015:00:29:21 +0800] "GET /content/repository/resource_content.jsp?oid=1815151 HTTP/1.1" 200 29337
66.249.74.63 - - [11/Nov/2015:00:29:32 +0800] "GET /content/repository/resource_content.jsp?oid=1548171&queryType=qs&queryString=%E9%95%B7%E4%BB%81 HTTP/1.1" 200 30214
111.249.173.186 - - [11/Nov/2015:00:30:17 +0800] "GET /content/nav/relationSubject.jsp?relationWords=&oid=16777459 HTTP/1.1" 200 1405
111.248.11.210 - - [11/Nov/2015:00:30:28 +0800] "GET /content/subject/resource_content.jsp?oid=16797242&queryType=qc HTTP/1.1" 200 46766
111.248.11.210 - - [11/Nov/2015:00:30:49 +0800] "GET /content/nav/relationSubject.jsp?relationWords=&oid=16797242 HTTP/1.1" 200 1405
66.249.71.60 - - [11/Nov/2015:00:31:44 +0800] "GET /content/nav/relationSubject.jsp?relationWords=%E6%A1%83%E5%9C%92%E8%97%BA%20%E6%A4%8D%E7%89%A9%E7%95%8C%20%E8%8D%B8%E8%96%BA%E5%B1%AC%20%E8%8E%8E%E8%8D%89%20%E8%8E%8E%E8%8D%89%E7%A7%91%20&oid=1458495 HTTP/1.1" 200 3323
66.249.71.14 - - [11/Nov/2015:00:31:57 +0800] "GET /content/repository/resource_content.jsp?oid=14809&queryString=%E6%A4%8D%E7%89%A9%E7%95%8C%20%E8%98%AD%E5%B1%AC%20%E9%A6%AC%E9%9E%AD%20%E9%A6%AC%E9%9E%AD%E8%98%AD%20%E9%A6%AC%E9%9E%AD%E8%98%AD%E5%B1%AC HTTP/1.1" 200 34163
123.194.251.181 - - [11/Nov/2015:00:32:30 +0800] "GET /content/repository/resource_content.jsp?oid=1597621&queryType=qs&queryString=%E5%85%AD%E5%90%88%E5%BD%A9 HTTP/1.1" 200 29889
66.249.71.60 - - [11/Nov/2015:00:32:33 +0800] "GET /content/repository/resource_content.jsp?oid=284017&queryString=%E6%BC%A2%E4%BB%A3%20%E6%BC%A2%E7%B0%A1%20%E7%95%AA%E7%A4%BE%E9%87%87%E9%A2%A8%E5%9C%96%20%E7%B0%A1%E7%89%98 HTTP/1.1" 200 30489
120.113.184.171 - - [11/Nov/2015:00:32:33 +0800] "GET /content/nav/relationSubject.jsp?relationWords=%E8%B1%94%E7%B4%AB%E8%8D%8A+&oid=16777307 HTTP/1.1" 200 1881
123.194.251.181 - - [11/Nov/2015:00:32:33 +0800] "GET /content/nav/relationSubject.jsp?relationWords=%E5%85%AD%E5%90%88%E5%BD%A9+%E5%88%AE%E5%88%AE%E6%A8%82+%E5%BD%A9%E5%88%B8+%E6%84%9B%E5%9C%8B%E7%8D%8E%E5%88%B8+%E7%A4%BE%E6%9C%83%E9%A2%A8%E6%B0%A3+%E7%A8%85%E6%94%B6+&oid=1597621 HTTP/1.1" 200 3343
66.249.71.113 - - [11/Nov/2015:00:33:30 +0800] "GET /content/nav/relationSubject.jsp?relationWords=&oid=2684209 HTTP/1.1" 200 1405
66.249.77.97 - - [11/Nov/2015:00:34:04 +0800] "GET /content/repository/resource_content.jsp?oid=1552815&queryString=DRM%20%E6%95%B8%E4%BD%8D%E6%AC%8A%E5%88%A9%E7%AE%A1%E7%90%86%20%E6%AC%8A%E5%88%A9%20%E8%91%97%E4%BD%9C%E6%AC%8A HTTP/1.1" 200 33347
66.249.71.5 - - [11/Nov/2015:00:34:38 +0800] "GET /content/repository/resource_content.jsp?oid=2521976&queryString=%E5%A4%A7%E5%AD%B8%E5%A3%AB%20%E6%81%AD%E8%AC%9D%E5%A4%A9%E6%81%A9 HTTP/1.1" 200 30237
66.249.74.98 - - [11/Nov/2015:00:35:05 +0800] "GET /content/repository/resource_content.jsp?oid=1459998&queryString=%E6%B7%B1%E5%B1%B1%E7%B2%89%E8%83%8C%E8%95%A8%20%E7%B2%89%E8%83%8C%E8%95%A8%E5%B1%AC HTTP/1.1" 200 31827
66.249.71.60 - - [11/Nov/2015:00:35:35 +0800] "GET /digiarch_en/content/repository/resource_content.jsp?oid=1895045&queryString=%E5%A4%9A%E5%AA%92%E9%AB%94%20%E5%AA%92%E9%AB%94%20%E5%BD%B1%E5%83%8F%E4%BF%AE%E8%A3%9C%20%E6%95%B8%E4%BD%8D%E5%85%B8%E8%97%8F%20%E6%95%B8%E4%BD%8D%E5%85%B8%E8%97%8F%E6%8A%80%E8%A1%93%20%E8%A6%96%E8%A8%8A HTTP/1.1" 200 22725
66.249.71.60 - - [11/Nov/2015:00:36:20 +0800] "GET /content/nav/relationSubject.jsp?relationWords=%E9%96%A9%E6%B5%99%E7%B8%BD%E7%9D%A3+&oid=2570872 HTTP/1.1" 200 3150
66.249.71.60 - - [11/Nov/2015:00:36:21 +0800] "GET /content/nav/relationSubject.jsp?relationWords=%E9%96%A9%E6%B5%99%E7%B8%BD%E7%9D%A3%20&oid=2570872 HTTP/1.1" 200 3150
66.249.71.121 - - [11/Nov/2015:00:37:06 +0800] "GET /content/repository/resource_content.jsp?oid=4361761&queryType=qs&queryString=%E9%AD%9A%E7%B0%8D HTTP/1.1" 200 28245
66.249.71.5 - - [11/Nov/2015:00:37:17 +0800] "GET /content/repository/resource_content.jsp?oid=2668594&queryString=%E4%BF%AE%E5%A2%93%20%E5%90%B3%E9%B3%B3%20%E5%A2%93%E5%9C%92%20%E6%95%B4%E4%BF%AE%20%E6%96%87%E7%89%A9%E9%99%B3%E5%88%97%E9%A4%A8%20%E7%AB%B9%E5%B4%8E%E9%84%89%20%E7%BE%A9%E4%BB%81 HTTP/1.1" 200 30074
66.249.71.14 - - [11/Nov/2015:00:38:04 +0800] "GET /content/nav/relationSubject.jsp?relationWords=%E4%B8%80%E8%89%B2%E5%A4%A9%E7%AB%BA%E9%AF%9B+%E5%96%AE%E8%89%B2%E5%A4%A9%E7%AB%BA%E9%AF%9B+%E5%A4%A7%E7%9B%AE%E5%81%B4%E4%BB%94+%E5%A4%A7%E9%9D%A2%E5%81%B4%E4%BB%94+%E5%A4%A9%E7%AB%BA%E9%AF%9B%E7%A7%91+&oid=4352338 HTTP/1.1" 200 3691
66.249.77.97 - - [11/Nov/2015:00:38:37 +0800] "GET /content/repository/resource_content.jsp?oid=765086&queryString=%E5%9C%8B%E9%A7%90%E5%BB%88 HTTP/1.1" 200 28405
66.249.71.64 - - [11/Nov/2015:00:39:10 +0800] "GET /content/nav/relationSubject.jsp?relationWords=%E8%87%BA%E7%81%A3%E7%9C%81+&oid=1621653 HTTP/1.1" 200 4343
66.249.71.60 - - [11/Nov/2015:00:39:11 +0800] "GET /content/nav/relationSubject.jsp?relationWords=%E8%87%BA%E7%81%A3%E7%9C%81%20&oid=1621653 HTTP/1.1" 200 4343
66.249.71.60 - - [11/Nov/2015:00:39:55 +0800] "GET /content/repository/resource_content.jsp?oid=1897181&queryString=%E6%AC%8A%E5%88%A9 HTTP/1.1" 200 32026
66.249.71.113 - - [11/Nov/2015:00:40:09 +0800] "GET /content/repository/resource_content.jsp?oid=2671910&queryType=qs&queryString=%E5%B4%87%E5%AE%89 HTTP/1.1" 200 30040
66.249.74.98 - - [11/Nov/2015:00:41:40 +0800] "GET /content/repository/resource_content.jsp?oid=1608565 HTTP/1.1" 200 28748
157.55.39.136 - - [11/Nov/2015:00:42:55 +0800] "GET /content/repository/resource_content.jsp?oid=1778449 HTTP/1.1" 200 32161
66.249.71.173 - - [11/Nov/2015:00:43:11 +0800] "GET /content/repository/resource_content.jsp?oid=4459600&queryType=qs&queryString=%E7%94%9F%E6%85%8B%E5%AD%B8 HTTP/1.1" 200 28441
140.116.125.149 - - [11/Nov/2015:00:43:59 +0800] "GET /content/subject/resource_content.jsp?oid=16797259&queryType=qc HTTP/1.1" 200 44075
68.180.228.24 - - [11/Nov/2015:00:44:02 +0800] "GET /content/repository/resource_content.jsp?oid=1124667&queryType=qc HTTP/1.1" 200 39002
140.116.125.149 - - [11/Nov/2015:00:44:03 +0800] "GET /content/nav/relationSubject.jsp?relationWords=&oid=16797259 HTTP/1.1" 200 1405
66.249.71.72 - - [11/Nov/2015:00:44:42 +0800] "GET /content/repository/resource_content.jsp?oid=1568536 HTTP/1.1" 200 28801
66.249.71.23 - - [11/Nov/2015:00:45:12 +0800] "GET /content/repository/resource_content.jsp?oid=2679464&queryString=%E5%91%88%E6%8E%A7%20%E9%83%BD%E5%AF%9F%E9%99%A2 HTTP/1.1" 200 30359
118.161.252.176 - - [11/Nov/2015:00:45:14 +0800] "GET /content/repository/resource_content.jsp?oid=1782891&queryType=null&queryString= HTTP/1.1" 200 30225
118.161.252.176 - - [11/Nov/2015:00:45:17 +0800] "GET /content/nav/relationSubject.jsp?relationWords=%E6%B3%B0%E9%9B%85%E6%97%8F+%E7%A6%AE%E7%94%A8%E7%9F%AD%E8%A1%A3+%E7%B6%B2%E8%A2%8B+%E8%80%B3%E9%A3%BE+%E8%85%B3%E9%A3%BE+%E8%87%82%E9%88%B4+%E9%A0%85%E9%A3%BE+&oid=1782891 HTTP/1.1" 200 4028
118.161.252.176 - - [11/Nov/2015:00:46:08 +0800] "GET /content/repository/resource_content.jsp?oid=1780422&queryString=%E6%B3%B0%E9%9B%85%E6%97%8F%20%E7%A6%AE%E7%94%A8%E7%9F%AD%E8%A1%A3%20%E7%B6%B2%E8%A2%8B%20%E8%80%B3%E9%A3%BE%20%E8%85%B3%E9%A3%BE%20%E8%87%82%E9%88%B4%20%E9%A0%85%E9%A3%BE HTTP/1.1" 200 29431
118.161.252.176 - - [11/Nov/2015:00:46:08 +0800] "GET /content/nav/relationSubject.jsp?relationWords=%E8%80%B3%E9%A3%BE+&oid=1780422 HTTP/1.1" 200 2951
66.249.71.64 - - [11/Nov/2015:00:46:13 +0800] "GET /content/repository/resource_content.jsp?oid=1463334 HTTP/1.1" 200 30998
66.249.71.105 - - [11/Nov/2015:00:47:11 +0800] "GET /content/nav/relationSubject.jsp?relationWords=%E7%B3%A7%E4%BA%8B+%E9%8C%A2%E7%B3%A7+&oid=2667047 HTTP/1.1" 200 5295
66.249.74.59 - - [11/Nov/2015:00:47:12 +0800] "GET /content/nav/relationSubject.jsp?relationWords=%E7%B3%A7%E4%BA%8B%20%E9%8C%A2%E7%B3%A7%20&oid=2667047 HTTP/1.1" 200 5295
66.249.71.60 - - [11/Nov/2015:00:47:44 +0800] "GET /content/repository/resource_content.jsp?oid=176681 HTTP/1.1" 200 30139
66.249.71.5 - - [11/Nov/2015:00:47:53 +0800] "GET /content/repository/resource_content.jsp?oid=2151922&queryString=%E5%8F%B0%E7%81%A3%E9%B3%B6%E5%B0%BE%20%E9%B3%B6%E5%B0%BE%E5%B1%AC HTTP/1.1" 200 31268
66.249.71.60 - - [11/Nov/2015:00:49:15 +0800] "GET /content/repository/resource_content.jsp?oid=1894687&queryString=%E4%BF%9D%E5%AE%89%E6%9E%97%20%E6%B7%BB%E8%B2%A1%20%E8%BE%B2%E6%9E%97%E9%A1%9E HTTP/1.1" 200 28888
66.249.71.5 - - [11/Nov/2015:00:50:29 +0800] "GET /content/repository/resource_content.jsp?oid=1887330&queryString=%E5%90%8D%E7%B0%BF%20%E6%9D%9C%E6%B8%85%20%E8%8F%AF%E5%8D%97%E9%8A%80%E8%A1%8C HTTP/1.1" 200 31216
66.249.71.72 - - [11/Nov/2015:00:50:47 +0800] "GET /content/repository/resource_content.jsp?oid=2688604&queryString=%E8%AD%B7%E8%BB%8D%E6%A0%A1 HTTP/1.1" 200 30618
157.55.39.108 - - [11/Nov/2015:00:51:14 +0800] "GET /content/repository/resource_content.jsp?oid=2610831 HTTP/1.1" 200 29669
111.80.106.24 - - [11/Nov/2015:00:51:35 +0800] "GET /content/nav/relationSubject.jsp?relationWords=%E7%99%BD%E5%8D%83%E5%B1%A4+&oid=16777287 HTTP/1.1" 200 3852
66.249.71.64 - - [11/Nov/2015:00:52:18 +0800] "GET /content/repository/resource_content.jsp?oid=701403&queryString=%E4%BF%84%E4%BD%BF%20%E7%83%8F%E6%B3%B0 HTTP/1.1" 200 28872
66.249.71.72 - - [11/Nov/2015:00:53:00 +0800] "GET /content/nav/relationSubject.jsp?relationWords=%E6%9C%A8%E7%A2%97%20&oid=4362103 HTTP/1.1" 200 2948
66.249.71.60 - - [11/Nov/2015:00:53:08 +0800] "GET /content/subject/resource_content.jsp?oid=16777775&queryType=qs&queryString=%E9%9F%B3%E6%A8%82%E6%9C%83 HTTP/1.1" 200 37778
180.76.15.24 - - [11/Nov/2015:00:53:38 +0800] "GET /content/repository/resource_content.jsp?oid=1899815 HTTP/1.1" 200 29831
66.249.71.72 - - [11/Nov/2015:00:53:49 +0800] "GET /digiarch_en/content/subject/resource_content.jsp?oid=16777463&queryString=%E7%BE%85%E6%BC%A2%E6%9D%BE%20%E8%98%AD%E5%B6%BC%E7%BE%85%E6%BC%A2%E6%9D%BE HTTP/1.1" 200 23289
66.249.71.60 - - [11/Nov/2015:00:55:20 +0800] "GET /digiarch_en/content/subject/resource_content.jsp?oid=16777812&queryString=%E4%B8%AD%E5%BA%B8%20%E5%8F%A4%E7%B1%8D%20%E8%81%AF%E5%90%88%E7%9B%AE%E9%8C%84 HTTP/1.1" 200 33704
66.249.71.64 - - [11/Nov/2015:00:55:46 +0800] "GET /content/repository/resource_content.jsp?oid=2143499 HTTP/1.1" 200 30989
66.249.77.85 - - [11/Nov/2015:00:56:51 +0800] "GET /content/repository/resource_content.jsp?oid=1574570&queryType=qs&queryString=%E5%A4%A7%E6%B3%95%E5%AE%98 HTTP/1.1" 200 28792
68.180.228.24 - - [11/Nov/2015:00:56:57 +0800] "GET /content/subject/resource_content.jsp?oid=16777402&queryType=qc HTTP/1.1" 200 27841
66.249.71.14 - - [11/Nov/2015:00:57:55 +0800] "GET /content/repository/resource_content.jsp?oid=1519489&queryString=%E7%81%AB%E7%82%8E%E5%B1%B1 HTTP/1.1" 200 29182
66.249.71.64 - - [11/Nov/2015:00:58:23 +0800] "GET /digiarch_en/content/repository/resource_content.jsp?oid=1126281&queryString=%E5%B0%96%E8%A7%92%E6%B1%9F%E7%8F%A7%E8%9B%A4%20%E6%B1%9F%E7%8F%A7%E8%9B%A4%20%E8%9B%A4%E7%A7%91%20%E8%B2%BD%E8%B2%9D%20%E9%9B%99%E6%AE%BC%E7%B6%B1 HTTP/1.1" 200 24165
66.249.71.60 - - [11/Nov/2015:00:58:25 +0800] "GET /content/repository/resource_content.jsp?oid=2679419&queryString=%E5%8D%B0%E5%8B%99%20%E8%AD%B7%E7%90%86 HTTP/1.1" 200 30554
66.249.77.97 - - [11/Nov/2015:00:59:53 +0800] "GET /content/repository/resource_content.jsp?oid=1895161&queryString=%E6%9A%96%E6%9A%96%20%E6%9E%97%E7%94%A2%20%E6%9E%97%E9%A0%82%E7%AB%8B%20%E7%94%A2%E6%AC%8A%20%E7%9C%81%E6%94%BF%E5%BA%9C%20%E8%87%BA%E5%8C%97%E7%B8%A3%E8%AD%B0%E6%9C%83%20%E8%AD%B0%E9%95%B7 HTTP/1.1" 200 30724
66.249.77.85 - - [11/Nov/2015:01:01:04 +0800] "GET /content/repository/resource_content.jsp?oid=1547131&queryString=%E7%94%A2%E5%A9%86%20%E7%94%A2%E5%A9%A6 HTTP/1.1" 200 30598
114.42.93.225 - - [11/Nov/2015:01:01:42 +0800] "GET /content/repository/resource_content.jsp?oid=1598712&queryString=%E7%84%A1%E7%B7%9A%E9%9B%BB HTTP/1.1" 200 41402
114.42.93.225 - - [11/Nov/2015:01:01:43 +0800] "HEAD /content/repository/resource_content.jsp?oid=1598712&queryString=%E7%84%A1%E7%B7%9A%E9%9B%BB HTTP/1.1" 200 -
114.42.93.225 - - [11/Nov/2015:01:01:44 +0800] "GET /content/nav/relationSubject.jsp?relationWords=%E4%BA%A4%E9%80%9A%E8%99%95+%E5%85%AC%E8%81%BD%E6%9C%83+%E5%85%AC%E8%B7%AF%E5%B1%80+%E5%90%B3%E5%A4%A7+%E5%9C%8B%E5%85%89%E8%99%9F+%E5%B9%B4%E7%B5%82%E7%8D%8E%E9%87%91+%E6%8D%B7%E9%81%8B+%E6%B1%BD%E6%B2%B9+%E6%B8%AF%E5%8B%99%E5%B1%80+%E6%BF%B1%E6%B5%B7%E5%85%AC%E8%B7%AF+%E7%84%A1%E7%B7%9A%E9%9B%BB+%E7%9F%B3%E6%B2%B9+%E7%B5%B1%E8%81%AF+%E8%87%BA%E5%8C%97%E5%B8%82+%E8%87%BA%E5%8C%97%E7%B8%A3+%E8%87%BA%E6%B1%BD+%E8%87%BA%E7%81%A3%E7%9C%81+%E8%87%BA%E9%90%B5+%E8%99%95%E9%95%B7+%E8%A3%81%E5%93%A1+%E8%A8%88%E7%A8%8B%E8%BB%8A+%E8%B2%A1%E5%8B%99+%E8%B2%A1%E6%94%BF+%E8%B3%AA%E8%A9%A2+%E9%81%8A%E8%A6%BD%E8%BB%8A+%E9%82%B1%E8%8C%82%E7%94%B7+%E9%90%B5%E8%B7%AF%E5%B1%80+%E9%96%89%E8%B7%AF%E9%9B%BB%E8%A6%96+%E9%9B%BB%E4%BF%A1+%E9%9B%BB%E4%BF%A1%E5%B1%80+%E9%9B%BB%E8%A9%B1+%E9%AB%98%E9%80%9F%E5%85%AC%E8%B7%AF+&oid=1598712 HTTP/1.1" 200 6871
114.42.93.225 - - [11/Nov/2015:01:01:44 +0800] "HEAD /content/repository/resource_content.jsp?oid=1598712&queryString=%E7%84%A1%E7%B7%9A%E9%9B%BB HTTP/1.1" 200 -
114.42.93.225 - - [11/Nov/2015:01:01:45 +0800] "GET /content/repository/resource_content.jsp?oid=1598712&queryString=%E7%84%A1%E7%B7%9A%E9%9B%BB HTTP/1.1" 200 41402
66.249.71.72 - - [11/Nov/2015:01:02:56 +0800] "GET /content/subject/resource_content.jsp?oid=16777604&queryType=qs&queryString=%E6%80%A5%E6%95%91 HTTP/1.1" 200 59831
66.249.71.23 - - [11/Nov/2015:01:03:42 +0800] "GET /content/repository/resource_content.jsp?oid=1898122&queryString=%E4%B8%AD%E6%9D%91%E5%93%B2%20%E5%8F%B0%E7%81%A3%E5%8F%B2%20%E5%BC%B5%E8%89%AF%20%E8%A5%BF%E5%B7%9D%E6%BB%BF%20%E8%A5%BF%E5%B7%9D%E6%BB%BF%E4%BF%A1%E5%87%BD HTTP/1.1" 200 29368
66.249.71.64 - - [11/Nov/2015:01:04:27 +0800] "GET /content/repository/resource_content.jsp?oid=227866 HTTP/1.1" 200 30049
66.249.74.102 - - [11/Nov/2015:01:04:38 +0800] "GET /content/nav/relationSubject.jsp?relationWords=%E9%AA%A8%E7%89%88+&oid=1871376 HTTP/1.1" 200 2975
66.249.71.60 - - [11/Nov/2015:01:04:42 +0800] "GET /content/nav/relationSubject.jsp?relationWords=%E9%AA%A8%E7%89%88%20&oid=1871376 HTTP/1.1" 200 2975
66.249.77.85 - - [11/Nov/2015:01:05:58 +0800] "GET /content/repository/resource_content.jsp?oid=4471414&queryType=qs&queryString=%E9%85%8D%E7%BD%AE%E5%9C%96 HTTP/1.1" 200 30805
68.180.228.24 - - [11/Nov/2015:01:06:04 +0800] "GET /digiarch_en/content/subject/resource_content.jsp?oid=16777740&queryType=qc HTTP/1.1" 200 38591
66.249.71.60 - - [11/Nov/2015:01:07:13 +0800] "GET /digiarch_en/content/nav/relationSubject.jsp?relationWords=%E5%85%AC%E8%B7%AF%E5%B1%80+%E6%B3%B0%E6%BA%90+%E7%8E%89%E9%87%8C+%E8%87%BA%E5%8D%97%E7%B8%A3+%E8%87%BA%E6%9D%B1%E7%B8%A3+%E8%8A%B1%E6%9D%B1%E5%85%AC%E8%B7%AF+%E8%99%95%E9%95%B7+%E9%A0%90%E7%AE%97+&oid=1552766 HTTP/1.1" 200 6810
66.249.71.64 - - [11/Nov/2015:01:07:29 +0800] "GET /content/repository/resource_content.jsp?oid=1826686 HTTP/1.1" 200 28503
66.249.71.64 - - [11/Nov/2015:01:09:00 +0800] "GET /content/repository/resource_content.jsp?oid=2149644 HTTP/1.1" 200 31251
36.233.246.34 - - [11/Nov/2015:01:10:03 +0800] "GET /digiarch3/content/repository/resource_content.jsp?oid=1777511&queryType=qs&queryString=%E9%A3%B2%E9%85%92%E6%AD%8C HTTP/1.1" 200 27717
36.233.246.34 - - [11/Nov/2015:01:10:03 +0800] "GET /digiarch3/content/nav/relationSubject.jsp?relationWords=%E4%BE%B5%E6%AC%8A%E8%A8%B4%E8%A8%9F+%E8%91%97%E4%BD%9C%E6%AC%8A+%E9%83%AD%E8%8B%B1%E7%94%B7+%E9%A3%B2%E9%85%92%E6%AD%8C+&oid=1777511 HTTP/1.1" 200 4197
66.249.71.64 - - [11/Nov/2015:01:10:04 +0800] "GET /content/nav/relationSubject.jsp?relationWords=%E6%9D%B1%E8%8E%9E+%E9%A1%8C%E8%A8%98+&oid=1815151 HTTP/1.1" 200 4830
66.249.71.60 - - [11/Nov/2015:01:10:06 +0800] "GET /content/nav/relationSubject.jsp?relationWords=%E6%9D%B1%E8%8E%9E%20%E9%A1%8C%E8%A8%98%20&oid=1815151 HTTP/1.1" 200 4830
66.249.71.72 - - [11/Nov/2015:01:10:31 +0800] "GET /content/repository/resource_content.jsp?oid=2546232 HTTP/1.1" 200 29439
66.249.74.98 - - [11/Nov/2015:01:10:54 +0800] "GET /content/subject/resource_content.jsp?oid=16777310&queryString=%E6%B5%B7%E6%A3%A0%20%E7%A7%8B%E6%B5%B7%E6%A3%A0 HTTP/1.1" 200 28160
66.249.77.91 - - [11/Nov/2015:01:11:27 +0800] "GET /content/nav/relationSubject.jsp?relationWords=%E5%8F%B0%E7%81%A3%E5%8E%9F%E4%BD%8F%E6%B0%91+%E7%A4%BE%E6%9C%83%E5%95%8F%E9%A1%8C+%E9%9D%92%E5%B0%91%E5%B9%B4+&oid=1777991 HTTP/1.1" 200 5223
66.249.77.85 - - [11/Nov/2015:01:11:29 +0800] "GET /content/nav/relationSubject.jsp?relationWords=%E5%8F%B0%E7%81%A3%E5%8E%9F%E4%BD%8F%E6%B0%91%20%E7%A4%BE%E6%9C%83%E5%95%8F%E9%A1%8C%20%E9%9D%92%E5%B0%91%E5%B9%B4%20&oid=1777991 HTTP/1.1" 200 5223
66.249.77.97 - - [11/Nov/2015:01:11:38 +0800] "GET /content/repository/resource_content.jsp?oid=1542260&queryString=%E6%96%87%E5%8C%96%E4%B8%AD%E5%BF%83 HTTP/1.1" 200 29543
66.249.71.60 - - [11/Nov/2015:01:12:02 +0800] "GET /content/repository/resource_content.jsp?oid=1608274 HTTP/1.1" 200 28488
66.249.71.64 - - [11/Nov/2015:01:13:12 +0800] "GET /content/nav/relationSubject.jsp?relationWords=&oid=824348 HTTP/1.1" 200 1405
66.249.71.60 - - [11/Nov/2015:01:13:34 +0800] "GET /content/repository/resource_content.jsp?oid=1547767 HTTP/1.1" 200 28959
66.249.71.72 - - [11/Nov/2015:01:13:53 +0800] "GET /content/nav/relationSubject.jsp?relationWords=%E5%B1%85%E5%BB%B6%E6%BC%A2%E7%B0%A1+%E6%BC%A2%E7%B0%A1+&oid=286560 HTTP/1.1" 200 3898
66.249.71.60 - - [11/Nov/2015:01:13:55 +0800] "GET /content/nav/relationSubject.jsp?relationWords=%E5%B1%85%E5%BB%B6%E6%BC%A2%E7%B0%A1%20%E6%BC%A2%E7%B0%A1%20&oid=286560 HTTP/1.1" 200 3898
66.249.71.60 - - [11/Nov/2015:01:15:05 +0800] "GET /content/repository/resource_content.jsp?oid=1612855 HTTP/1.1" 200 28396
66.249.71.60 - - [11/Nov/2015:01:15:24 +0800] "GET /content/repository/resource_content.jsp?oid=1895318 HTTP/1.1" 200 28504
66.249.71.72 - - [11/Nov/2015:01:16:36 +0800] "GET /content/repository/resource_content.jsp?oid=2557411 HTTP/1.1" 200 28790
66.249.71.23 - - [11/Nov/2015:01:16:55 +0800] "GET /content/repository/resource_content.jsp?oid=4362709&queryString=%E5%85%83%E5%A7%8B%E5%A4%A9%E5%B0%8A HTTP/1.1" 200 28217
118.166.44.181 - - [11/Nov/2015:01:17:41 +0800] "GET /content/repository/resource_content.jsp?oid=1111530 HTTP/1.1" 200 30948
118.166.44.181 - - [11/Nov/2015:01:17:43 +0800] "GET /content/nav/relationSubject.jsp?relationWords=%E8%80%B3%E9%89%A4%E8%8D%89+%E8%8C%84%E5%B1%AC+%E9%9B%99%E8%8A%B1%E9%BE%8D%E8%91%B5+&oid=1111530 HTTP/1.1" 200 3297
66.249.71.64 - - [11/Nov/2015:01:18:07 +0800] "GET /content/repository/resource_content.jsp?oid=2616273 HTTP/1.1" 200 29293
66.249.74.76 - - [11/Nov/2015:01:19:39 +0800] "GET /digiarch3/content/subject/resource_content.jsp?oid=16777801&queryType=qs&queryString=%E5%A4%94%E9%BE%8D%E7%B4%8B HTTP/1.1" 200 42967
66.249.77.91 - - [11/Nov/2015:01:20:32 +0800] "GET /content/nav/relationSubject.jsp?relationWords=%E5%8F%B0%E7%81%A3%E7%B3%96%E6%A5%AD+%E5%8F%B0%E7%81%A3%E7%B3%96%E6%A5%AD%E5%85%AC%E5%8F%B8+%E5%8F%B8%E6%9F%A5+%E7%B3%96%E6%A5%AD+%E7%B8%A3%E8%AD%B0%E6%9C%83+%E8%94%97%E8%BE%B2+%E8%B2%B8%E6%AC%BE+&oid=1517259 HTTP/1.1" 200 4830
66.249.77.85 - - [11/Nov/2015:01:20:34 +0800] "GET /content/nav/relationSubject.jsp?relationWords=%E5%8F%B0%E7%81%A3%E7%B3%96%E6%A5%AD%20%E5%8F%B0%E7%81%A3%E7%B3%96%E6%A5%AD%E5%85%AC%E5%8F%B8%20%E5%8F%B8%E6%9F%A5%20%E7%B3%96%E6%A5%AD%20%E7%B8%A3%E8%AD%B0%E6%9C%83%20%E8%94%97%E8%BE%B2%20%E8%B2%B8%E6%AC%BE%20&oid=1517259 HTTP/1.1" 200 4830
66.249.71.5 - - [11/Nov/2015:01:22:13 +0800] "GET /content/repository/resource_content.jsp?oid=1808888&queryString=%E5%AD%94%E9%96%80%20%E6%95%A6%E7%85%8C%20%E6%AD%A6%E6%96%91%E7%A5%A0%20%E6%AD%A6%E6%B0%8F%E7%A5%A0%E5%B7%A6%E7%9F%B3%E5%AE%A4%20%E7%95%AB%E5%83%8F%E7%9F%B3%20%E9%95%B7%E5%8F%B2%20%E9%9D%88%E7%95%B0%20%E9%A1%8C%E8%A8%98 HTTP/1.1" 200 42529
66.249.77.85 - - [11/Nov/2015:01:22:24 +0800] "GET /content/nav/relationSubject.jsp?relationWords=%E5%90%8F%E9%83%A8%20%E5%BC%B5%E8%90%AC%20%E9%8C%A2%E7%B3%A7%20&oid=2636138 HTTP/1.1" 200 5377
66.249.71.14 - - [11/Nov/2015:01:22:40 +0800] "GET /digiarch3/content/repository/resource_content.jsp?oid=4362360&queryType=qs&queryString=%E5%95%8F%E5%8D%9C HTTP/1.1" 200 29595
157.55.39.108 - - [11/Nov/2015:01:23:22 +0800] "GET /content/repository/resource_content.jsp?oid=2510521 HTTP/1.1" 200 29931
66.249.71.14 - - [11/Nov/2015:01:24:12 +0800] "GET /digiarch3/content/subject/resource_content.jsp?oid=16777773&queryType=qs&queryString=%E9%83%BD%E5%B8%82%E6%9B%B4%E6%96%B0 HTTP/1.1" 200 54802
66.249.71.64 - - [11/Nov/2015:01:24:51 +0800] "GET /content/repository/resource_content.jsp?oid=2470606&queryString=%E6%AD%B7%E5%8F%B2%E5%8D%9A%E7%89%A9%E9%A4%A8 HTTP/1.1" 200 30874
66.249.71.60 - - [11/Nov/2015:01:27:14 +0800] "GET /content/repository/resource_content.jsp?oid=4353016&queryString=%E7%A2%97%E7%B1%B3%E4%BB%94%20%E7%B7%A3%E9%82%8A%E9%8A%80%E9%B1%B8%20%E9%91%BD%E5%98%B4%E9%AD%9A HTTP/1.1" 200 34616
66.249.71.5 - - [11/Nov/2015:01:27:30 +0800] "GET /content/repository/resource_content.jsp?oid=1889716&queryString=%E9%BB%83%E8%81%B2%E9%8F%9E HTTP/1.1" 200 29109
60.251.35.110 - - [11/Nov/2015:01:27:45 +0800] "GET /content/subject/resource_content.jsp?oid=16797271&queryType=qc HTTP/1.1" 200 55170
60.251.35.110 - - [11/Nov/2015:01:27:46 +0800] "GET /content/nav/relationSubject.jsp?relationWords=&oid=16797271 HTTP/1.1" 200 1405
66.249.71.5 - - [11/Nov/2015:01:28:26 +0800] "GET /digiarch3/content/nav/relationSubject.jsp?relationWords=%E8%B7%B3%E6%B5%B7%E4%BB%94+&oid=15993 HTTP/1.1" 200 3373
66.249.71.64 - - [11/Nov/2015:01:28:45 +0800] "GET /content/repository/resource_content.jsp?oid=1104886&queryString=%E6%9D%B1%E5%8C%97%E9%99%B8%E6%B8%AC%E5%9C%96%20%E6%A5%8A%E6%9C%A8%20%E9%99%B8%E6%B8%AC%E5%9C%96%20%E9%BB%83%E6%A5%8A%20%E9%BB%83%E6%A5%8A%E6%9C%A8 HTTP/1.1" 200 31542
66.249.71.23 - - [11/Nov/2015:01:30:08 +0800] "GET /content/repository/resource_content.jsp?oid=4362666&queryString=%E4%B8%89%E6%B8%85%20%E5%A4%AA%E6%B8%85%E9%81%93%E5%BE%B7%E5%A4%A9%E5%B0%8A HTTP/1.1" 200 28068
66.249.71.72 - - [11/Nov/2015:01:30:16 +0800] "GET /content/repository/resource_content.jsp?oid=1544880 HTTP/1.1" 200 28793
220.181.108.104 - - [11/Nov/2015:01:30:58 +0800] "GET /content/repository/resource_content.jsp?oid=2570955 HTTP/1.1" 200 29631
66.249.71.105 - - [11/Nov/2015:01:31:02 +0800] "GET /content/nav/relationSubject.jsp?relationWords=%E6%B4%8B%E9%A4%A8+%E7%95%8C%E6%A8%99+&oid=658280 HTTP/1.1" 200 4165
66.249.71.105 - - [11/Nov/2015:01:31:04 +0800] "GET /content/nav/relationSubject.jsp?relationWords=%E6%B4%8B%E9%A4%A8%20%E7%95%8C%E6%A8%99%20&oid=658280 HTTP/1.1" 200 4165
66.249.71.164 - - [11/Nov/2015:01:31:28 +0800] "GET /content/nav/relationSubject.jsp?relationWords=%E5%8D%87%E7%BD%B2+%E5%90%8F%E9%83%A8+%E6%8F%80%E5%93%A1+%E7%BC%BA%E4%BA%8B+&oid=2646456 HTTP/1.1" 200 3215
66.249.71.64 - - [11/Nov/2015:01:31:29 +0800] "GET /content/nav/relationSubject.jsp?relationWords=%E5%8D%97%E6%98%9F%E7%A7%91+%E5%8F%B0%E7%81%A3%E5%A4%A9%E5%8D%97%E6%98%9F+%E5%A4%A9%E5%8D%97%E6%98%9F+%E5%A4%A9%E5%8D%97%E6%98%9F%E5%B1%AC+%E5%A4%A9%E5%8D%97%E6%98%9F%E7%A7%91+%E6%A4%8D%E7%89%A9%E7%95%8C+&oid=1462753 HTTP/1.1" 200 3534
66.249.71.155 - - [11/Nov/2015:01:31:30 +0800] "GET /content/nav/relationSubject.jsp?relationWords=%E5%8D%87%E7%BD%B2%20%E5%90%8F%E9%83%A8%20%E6%8F%80%E5%93%A1%20%E7%BC%BA%E4%BA%8B%20&oid=2646456 HTTP/1.1" 200 3215
66.249.71.60 - - [11/Nov/2015:01:31:31 +0800] "GET /content/nav/relationSubject.jsp?relationWords=%E5%8D%97%E6%98%9F%E7%A7%91%20%E5%8F%B0%E7%81%A3%E5%A4%A9%E5%8D%97%E6%98%9F%20%E5%A4%A9%E5%8D%97%E6%98%9F%20%E5%A4%A9%E5%8D%97%E6%98%9F%E5%B1%AC%20%E5%A4%A9%E5%8D%97%E6%98%9F%E7%A7%91%20%E6%A4%8D%E7%89%A9%E7%95%8C%20&oid=1462753 HTTP/1.1" 200 3534
66.249.71.64 - - [11/Nov/2015:01:31:47 +0800] "GET /content/repository/resource_content.jsp?oid=1457541 HTTP/1.1" 200 31253
66.249.71.64 - - [11/Nov/2015:01:32:23 +0800] "GET /content/tmp_exh/resource_content.jsp?oid=16777760&amp;queryType=qc%201889 HTTP/1.1" 200 35810
68.180.228.24 - - [11/Nov/2015:01:32:44 +0800] "GET /content/repository/resource_content.jsp?oid=523339&queryType=qc HTTP/1.1" 200 36998
66.249.71.23 - - [11/Nov/2015:01:32:47 +0800] "GET /content/repository/resource_content.jsp?oid=1875396&queryString=%E7%9F%B3%E9%91%BF%20%E9%95%B7%E6%A2%9D%E5%BD%A2 HTTP/1.1" 200 29930
66.249.71.72 - - [11/Nov/2015:01:32:56 +0800] "GET /content/nav/relationSubject.jsp?relationWords=%E9%BE%8D%E9%96%80%E5%B1%B1+&oid=3039824 HTTP/1.1" 200 3093
66.249.71.60 - - [11/Nov/2015:01:32:58 +0800] "GET /content/nav/relationSubject.jsp?relationWords=%E9%BE%8D%E9%96%80%E5%B1%B1%20&oid=3039824 HTTP/1.1" 200 3093
66.249.71.72 - - [11/Nov/2015:01:33:18 +0800] "GET /content/repository/resource_content.jsp?oid=2144201 HTTP/1.1" 200 30943
66.249.71.64 - - [11/Nov/2015:01:33:46 +0800] "GET /content/nav/relationSubject.jsp?relationWords=%E8%97%8D%E8%87%80%E9%B8%9A%E5%93%A5%E9%AD%9A+%E8%97%8D%E8%87%80%E9%B8%9A%E5%98%B4%E9%AD%9A+%E8%A0%94%E9%AD%9A+%E9%9D%92%E8%A1%AB+%E9%B8%9A%E5%93%A5+%E9%B8%9A%E5%93%A5%E9%AD%9A+&oid=1081614 HTTP/1.1" 200 3598
66.249.71.60 - - [11/Nov/2015:01:33:47 +0800] "GET /content/nav/relationSubject.jsp?relationWords=%E8%97%8D%E8%87%80%E9%B8%9A%E5%93%A5%E9%AD%9A%20%E8%97%8D%E8%87%80%E9%B8%9A%E5%98%B4%E9%AD%9A%20%E8%A0%94%E9%AD%9A%20%E9%9D%92%E8%A1%AB%20%E9%B8%9A%E5%93%A5%20%E9%B8%9A%E5%93%A5%E9%AD%9A%20&oid=1081614 HTTP/1.1" 200 3598
68.180.228.24 - - [11/Nov/2015:01:33:49 +0800] "GET /content/subject/resource_content.jsp?oid=16777568&queryType=qc HTTP/1.1" 200 34862
66.249.71.72 - - [11/Nov/2015:01:34:50 +0800] "GET /content/repository/resource_content.jsp?oid=2631643&queryString=%E5%8D%97%E6%8A%95%E7%B8%A3%E8%AD%B0%E6%9C%83%20%E6%88%B6%E7%A8%85 HTTP/1.1" 200 29675
66.249.74.76 - - [11/Nov/2015:01:35:26 +0800] "GET /content/repository/resource_content.jsp?oid=1174722&queryString=%E7%99%BD%E8%8B%97%20%E8%8B%97%E5%A9%A6 HTTP/1.1" 200 28935
180.76.15.148 - - [11/Nov/2015:01:36:04 +0800] "GET /content/repository/resource_content.jsp?oid=15792&queryType=qs&queryString=%E8%A7%92%E9%A0%AD HTTP/1.1" 200 34022
66.249.71.64 - - [11/Nov/2015:01:36:20 +0800] "GET /content/repository/resource_content.jsp?oid=2642159 HTTP/1.1" 200 29764
66.249.71.60 - - [11/Nov/2015:01:36:22 +0800] "GET /content/nav/relationSubject.jsp?relationWords=%E5%9C%8B%E5%AD%90%E7%9B%A3+&oid=2566789 HTTP/1.1" 200 3075
66.249.71.60 - - [11/Nov/2015:01:36:24 +0800] "GET /content/nav/relationSubject.jsp?relationWords=%E5%9C%8B%E5%AD%90%E7%9B%A3%20&oid=2566789 HTTP/1.1" 200 3075
61.141.156.46 - - [11/Nov/2015:01:36:44 +0800] "GET /content/tmp_auth/resource_content.jsp?oid=16777758 HTTP/1.1" 200 25306
61.141.156.46 - - [11/Nov/2015:01:36:44 +0800] "GET /content/tmp_auth/resource_content.jsp?oid=16777759 HTTP/1.1" 200 25303
61.141.156.46 - - [11/Nov/2015:01:36:44 +0800] "GET /content/tmp_auth/resource_content.jsp?oid=16777777 HTTP/1.1" 200 29407
61.141.156.46 - - [11/Nov/2015:01:36:46 +0800] "GET /content/tmp_auth/resource_content.jsp?oid=16777810 HTTP/1.1" 200 40580
61.141.156.46 - - [11/Nov/2015:01:36:46 +0800] "GET /content/tmp_tec/resource_content.jsp?oid=16777734 HTTP/1.1" 200 36935
61.141.156.46 - - [11/Nov/2015:01:36:47 +0800] "GET /content/tmp_tec/resource_content.jsp?oid=16777753 HTTP/1.1" 200 33884
61.141.156.46 - - [11/Nov/2015:01:36:47 +0800] "GET /content/tmp_tec/resource_content.jsp?oid=16777837 HTTP/1.1" 200 35557
61.141.156.46 - - [11/Nov/2015:01:36:47 +0800] "GET /content/tmp_tec/resource_content.jsp?oid=16777730 HTTP/1.1" 200 42428
61.141.156.46 - - [11/Nov/2015:01:36:48 +0800] "GET /content/tmp_exh/resource_content.jsp?oid=16777850&queryType=qc HTTP/1.1" 200 44437
61.141.156.46 - - [11/Nov/2015:01:36:48 +0800] "GET /content/tmp_tec/resource_content.jsp?oid=16777731 HTTP/1.1" 200 39215
66.249.71.105 - - [11/Nov/2015:01:37:52 +0800] "GET /content/repository/resource_content.jsp?oid=4471414&queryType=qs&queryString=%E9%85%8D%E7%BD%AE%E5%9C%96 HTTP/1.1" 200 30783
66.249.71.5 - - [11/Nov/2015:01:38:04 +0800] "GET /content/repository/resource_content.jsp?oid=1530811&queryString=%E4%BA%A4%E6%B6%89%E5%93%A1%20%E4%BA%BA%E5%90%8D%E6%AC%8A%E5%A8%81%20%E5%A4%96%E4%BA%A4%E9%83%A8%20%E5%AF%86%E7%A8%9F%20%E5%BE%B7%E5%A5%A7%20%E9%BB%83%E6%A6%AE HTTP/1.1" 200 29228
66.249.71.105 - - [11/Nov/2015:01:39:23 +0800] "GET /content/repository/resource_content.jsp?oid=730291&queryType=qs&queryString=%E8%8B%B1%E4%BB%A3 HTTP/1.1" 200 28740
66.249.71.60 - - [11/Nov/2015:01:39:58 +0800] "GET /content/nav/relationSubject.jsp?relationWords=%E9%81%BD%E5%86%8A%E5%B0%8A+&oid=1814736 HTTP/1.1" 200 2196
66.249.71.60 - - [11/Nov/2015:01:40:00 +0800] "GET /content/nav/relationSubject.jsp?relationWords=%E9%81%BD%E5%86%8A%E5%B0%8A%20&oid=1814736 HTTP/1.1" 200 2196
140.109.225.98 - - [11/Nov/2015:01:40:21 +0800] "GET /content/repository/resource_content.jsp?oid=1597051 HTTP/1.1" 200 28854
140.109.225.98 - - [11/Nov/2015:01:40:25 +0800] "GET /content/nav/relationSubject.jsp?relationWords=%E6%89%8B%E5%86%8A+%E6%AE%98%E9%9A%9C+%E6%AE%98%E9%9A%9C%E8%80%85+%E7%A4%BE%E6%9C%83%E8%99%95+%E7%B8%BD%E8%B3%AA%E8%A9%A2+&oid=1597051 HTTP/1.1" 200 5229
66.249.71.60 - - [11/Nov/2015:01:40:25 +0800] "GET /content/nav/relationSubject.jsp?relationWords=&oid=2574752 HTTP/1.1" 200 1405
66.249.71.23 - - [11/Nov/2015:01:40:43 +0800] "GET /content/repository/resource_content.jsp?oid=523859&queryString=%E4%B8%AD%E8%85%B9%E8%B6%B3%E7%9B%AE%20%E8%85%B9%E8%B6%B3%E7%B6%B1%20%E9%95%B7%E9%BC%BB%E8%9E%BA%20%E9%95%B7%E9%BC%BB%E9%B3%B3%E5%87%B0%E8%9E%BA%20%E9%B3%B3%E5%87%B0%E8%9E%BA HTTP/1.1" 200 35971
66.249.71.105 - - [11/Nov/2015:01:40:54 +0800] "GET /content/repository/resource_content.jsp?oid=1111334&queryType=qs&queryString=%E7%95%A2%E7%A5%BF%E5%B1%B1 HTTP/1.1" 200 31842
68.180.230.178 - - [11/Nov/2015:01:43:11 +0800] "GET /content/subject/resource_content.jsp?oid=16777635&queryType=qc HTTP/1.1" 200 63981
66.249.71.64 - - [11/Nov/2015:01:43:21 +0800] "GET /content/repository/resource_content.jsp?oid=1554375&queryString=%E6%AD%90%E7%8F%80%20%E8%94%A1%E7%BE%8E%20%E9%99%B3%E6%AD%90%E7%8F%80 HTTP/1.1" 200 28951
66.249.71.64 - - [11/Nov/2015:01:43:59 +0800] "GET /content/repository/resource_content.jsp?oid=2520585 HTTP/1.1" 200 29782
66.249.71.72 - - [11/Nov/2015:01:45:28 +0800] "GET /content/repository/resource_content.jsp?oid=1846450&queryString=%E7%9F%B3%E7%9C%BC HTTP/1.1" 200 30048
66.249.71.60 - - [11/Nov/2015:01:45:56 +0800] "GET /content/nav/relationSubject.jsp?relationWords=%E5%9D%90%E5%90%8D%E6%95%95%E6%9B%B8+%E5%AD%B8%E6%94%BF+&oid=2588703 HTTP/1.1" 200 3161
66.249.71.60 - - [11/Nov/2015:01:45:59 +0800] "GET /content/nav/relationSubject.jsp?relationWords=%E5%9D%90%E5%90%8D%E6%95%95%E6%9B%B8%20%E5%AD%B8%E6%94%BF%20&oid=2588703 HTTP/1.1" 200 3161
66.249.74.76 - - [11/Nov/2015:01:46:01 +0800] "GET /content/repository/resource_content.jsp?oid=1581303&queryString=%E6%B5%B7%E9%81%8B%E6%A5%AD HTTP/1.1" 200 32934
66.249.71.60 - - [11/Nov/2015:01:46:05 +0800] "GET /content/nav/relationSubject.jsp?relationWords=%E5%85%B1%E5%90%8C%E9%81%8B%E9%8A%B7+%E5%8D%B0%E8%8A%B1%E7%A8%85+%E5%A2%9E%E7%94%A2%E6%A1%88+%E6%AF%9B%E8%B1%AC+&oid=1542596 HTTP/1.1" 200 3455
66.249.71.60 - - [11/Nov/2015:01:46:06 +0800] "GET /content/nav/relationSubject.jsp?relationWords=%E5%85%B1%E5%90%8C%E9%81%8B%E9%8A%B7%20%E5%8D%B0%E8%8A%B1%E7%A8%85%20%E5%A2%9E%E7%94%A2%E6%A1%88%20%E6%AF%9B%E8%B1%AC%20&oid=1542596 HTTP/1.1" 200 3455
66.249.71.64 - - [11/Nov/2015:01:46:59 +0800] "GET /content/repository/resource_content.jsp?oid=4550522&queryString=%E4%B8%AD%E8%85%B9%E8%B6%B3%E7%9B%AE%20%E5%8F%B0%E7%81%A3%E7%8E%89%E9%BB%8D%E8%9E%BA%20%E7%8E%89%E9%BB%8D%E8%9E%BA%E7%A7%91%20%E8%85%B9%E8%B6%B3%E7%B6%B1 HTTP/1.1" 200 30991
66.249.71.60 - - [11/Nov/2015:01:47:03 +0800] "GET /content/nav/relationSubject.jsp?relationWords=&oid=2564920 HTTP/1.1" 200 1405
66.249.71.72 - - [11/Nov/2015:01:48:39 +0800] "GET /content/subject/resource_content.jsp?oid=16777640&queryType=qs&queryString=%E6%A5%8A%E8%82%87%E5%98%89 HTTP/1.1" 200 61963
66.249.77.85 - - [11/Nov/2015:01:48:54 +0800] "GET /content/nav/relationSubject.jsp?relationWords=%E6%9C%A8%E9%9B%95+%E7%A5%9E%E8%BE%B2+&oid=4363407 HTTP/1.1" 200 3004
66.249.77.85 - - [11/Nov/2015:01:48:56 +0800] "GET /content/nav/relationSubject.jsp?relationWords=%E6%9C%A8%E9%9B%95%20%E7%A5%9E%E8%BE%B2%20&oid=4363407 HTTP/1.1" 200 3004
66.249.71.60 - - [11/Nov/2015:01:50:01 +0800] "GET /content/repository/resource_content.jsp?oid=723454 HTTP/1.1" 200 28830
66.249.71.64 - - [11/Nov/2015:01:51:32 +0800] "GET /content/repository/resource_content.jsp?oid=1123978 HTTP/1.1" 200 29695
66.249.71.64 - - [11/Nov/2015:01:51:32 +0800] "GET /content/nav/relationSubject.jsp?relationWords=%E6%9C%A8%E8%97%8D%E5%B1%AC%20%E6%A4%8D%E7%89%A9%E7%95%8C%20%E8%98%AD%E5%B6%BC%E6%9C%A8%E8%97%8D%20%E8%A0%B6%E8%B1%86%20%E9%9B%99%E5%AD%90%E8%91%89%E6%A4%8D%E7%89%A9%20&oid=2143499 HTTP/1.1" 200 3396
66.249.71.5 - - [11/Nov/2015:01:51:59 +0800] "GET /digiarch3/content/nav/relationSubject.jsp?relationWords=%E5%88%BA%E5%B0%BE%E9%AD%9A+%E5%88%BA%E5%B0%BE%E9%AF%9B%E7%A7%91+%E6%97%A5%E6%9C%AC%E5%88%BA%E5%B0%BE%E9%AF%9B+&oid=16283 HTTP/1.1" 200 3500
66.249.71.5 - - [11/Nov/2015:01:52:01 +0800] "GET /digiarch3/content/nav/relationSubject.jsp?relationWords=%E5%88%BA%E5%B0%BE%E9%AD%9A%20%E5%88%BA%E5%B0%BE%E9%AF%9B%E7%A7%91%20%E6%97%A5%E6%9C%AC%E5%88%BA%E5%B0%BE%E9%AF%9B%20&oid=16283 HTTP/1.1" 200 3500
218.35.157.6 - - [11/Nov/2015:01:52:57 +0800] "GET /content/repository/resource_content.jsp?oid=1458718&queryString=%E6%A4%86%E5%B1%AC%20%E6%A4%8D%E7%89%A9%E7%95%8C%20%E6%AE%BC%E6%96%97%E7%A7%91%20%E7%8B%B9%E8%91%89%E6%AB%9F HTTP/1.1" 200 31163
218.35.157.6 - - [11/Nov/2015:01:52:59 +0800] "GET /content/nav/relationSubject.jsp?relationWords=%E6%A4%86%E5%B1%AC+%E6%A4%8D%E7%89%A9%E7%95%8C+%E6%AE%BC%E6%96%97%E7%A7%91+%E7%8B%B9%E8%91%89%E6%AB%9F+&oid=1458718 HTTP/1.1" 200 3469
66.249.74.98 - - [11/Nov/2015:01:53:04 +0800] "GET /content/repository/resource_content.jsp?oid=2610980 HTTP/1.1" 200 29207
66.249.71.64 - - [11/Nov/2015:01:54:34 +0800] "GET /content/repository/resource_content.jsp?oid=1600539 HTTP/1.1" 200 28791
61.58.101.217 - - [11/Nov/2015:01:55:28 +0800] "GET /content/repository/resource_content.jsp?oid=1576100&queryString=%E6%95%B8%E4%BD%8D%E5%85%B8%E8%97%8F%20%E7%A7%91%E6%99%AE HTTP/1.1" 200 31060
61.58.101.217 - - [11/Nov/2015:01:55:29 +0800] "GET /content/nav/relationSubject.jsp?relationWords=%E5%B0%91%E5%B9%B4%E7%8A%AF+%E5%BC%B5%E5%AF%8C+%E6%80%A7%E5%90%91%E6%B8%AC%E9%A9%97+%E6%95%99%E8%82%B2%E5%BB%B3+%E6%9F%93%E8%89%B2%E9%AB%94+%E6%A2%81%E8%A8%B1%E6%98%A5%E8%8F%8A+%E7%A4%BE%E6%9C%83%E8%99%95+%E7%A7%91%E6%99%AE+%E8%A1%9B%E7%94%9F%E8%99%95+%E8%AD%A6%E5%8B%99%E8%99%95+%E8%AD%A6%E5%AF%9F%E5%B1%80+%E8%B3%AA%E8%A9%A2+%E9%81%BA%E5%82%B3+%E9%9D%92%E5%B0%91%E5%B9%B4+%E9%A0%90%E7%AE%97+%E9%AB%98%E9%9B%84%E5%B8%82+&oid=1576100 HTTP/1.1" 200 6252
66.249.71.72 - - [11/Nov/2015:01:55:32 +0800] "GET /content/nav/relationSubject.jsp?relationWords=%E4%B8%AD%E8%85%B9%E8%B6%B3%E7%9B%AE+%E5%8F%B0%E7%81%A3%E7%8E%89%E9%BB%8D%E8%9E%BA+%E7%8E%89%E9%BB%8D%E8%9E%BA%E7%A7%91+%E8%85%B9%E8%B6%B3%E7%B6%B1+%E8%BB%9F%E9%AB%94%E5%8B%95%E7%89%A9%E9%96%80+&oid=4550522 HTTP/1.1" 200 3483
66.249.71.60 - - [11/Nov/2015:01:55:33 +0800] "GET /content/nav/relationSubject.jsp?relationWords=%E4%B8%AD%E8%85%B9%E8%B6%B3%E7%9B%AE%20%E5%8F%B0%E7%81%A3%E7%8E%89%E9%BB%8D%E8%9E%BA%20%E7%8E%89%E9%BB%8D%E8%9E%BA%E7%A7%91%20%E8%85%B9%E8%B6%B3%E7%B6%B1%20%E8%BB%9F%E9%AB%94%E5%8B%95%E7%89%A9%E9%96%80%20&oid=4550522 HTTP/1.1" 200 3483
66.249.71.60 - - [11/Nov/2015:01:56:06 +0800] "GET /content/repository/resource_content.jsp?oid=229004 HTTP/1.1" 200 30198
66.249.71.14 - - [11/Nov/2015:01:56:35 +0800] "GET /content/repository/resource_content.jsp?oid=709050&queryString=%E4%BC%8A%E5%8B%A2%20%E4%BC%8A%E5%8B%A2%E7%A5%9E%E5%AE%AE%20%E5%AD%90%E8%89%AF HTTP/1.1" 200 29646
66.249.71.72 - - [11/Nov/2015:01:57:37 +0800] "GET /content/repository/resource_content.jsp?oid=2658585 HTTP/1.1" 200 29808
66.249.71.60 - - [11/Nov/2015:01:58:30 +0800] "GET /content/nav/relationSubject.jsp?relationWords=%E6%89%81%E8%9D%B8%E7%89%9B%E7%A7%91+%E6%96%AF%E6%96%87%E8%B1%AA%E5%A4%A7%E8%9D%B8%E7%89%9B+%E6%9F%84%E7%9C%BC%E7%9B%AE+%E8%85%B9%E8%B6%B3%E7%B6%B1+&oid=1636836 HTTP/1.1" 200 3440
66.249.71.60 - - [11/Nov/2015:01:58:31 +0800] "GET /content/nav/relationSubject.jsp?relationWords=%E6%89%81%E8%9D%B8%E7%89%9B%E7%A7%91%20%E6%96%AF%E6%96%87%E8%B1%AA%E5%A4%A7%E8%9D%B8%E7%89%9B%20%E6%9F%84%E7%9C%BC%E7%9B%AE%20%E8%85%B9%E8%B6%B3%E7%B6%B1%20&oid=1636836 HTTP/1.1" 200 3440
157.55.39.108 - - [11/Nov/2015:01:58:36 +0800] "GET /content/tmp_auth/resource_content.jsp?oid=16777759 HTTP/1.1" 200 25325
66.249.71.121 - - [11/Nov/2015:01:59:08 +0800] "GET /content/repository/resource_content.jsp?oid=1779595&queryType=qs&queryString=%E8%A1%80%E6%B8%85%E7%94%9F%E5%8C%96%E5%80%BC HTTP/1.1" 200 33078
66.249.71.60 - - [11/Nov/2015:01:59:14 +0800] "GET /content/repository/resource_content.jsp?oid=3814176&queryString=%E5%87%B9%E5%94%87%E8%BB%9F%E8%91%89%E8%98%AD%20%E8%BB%9F%E8%91%89%E8%98%AD%E5%B1%AC HTTP/1.1" 200 31081
66.249.79.186 - - [11/Nov/2015:02:00:10 +0800] "GET /content/nav/relationSubject.jsp?relationWords=%E6%98%86%E8%9F%B2+%E7%94%9F%E6%85%8B%E5%AD%B8+&oid=4459600 HTTP/1.1" 200 4032
66.249.71.155 - - [11/Nov/2015:02:00:12 +0800] "GET /content/nav/relationSubject.jsp?relationWords=%E6%98%86%E8%9F%B2%20%E7%94%9F%E6%85%8B%E5%AD%B8%20&oid=4459600 HTTP/1.1" 200 4032
66.249.71.72 - - [11/Nov/2015:02:00:39 +0800] "GET /content/repository/resource_content.jsp?oid=1876188 HTTP/1.1" 200 29771
68.180.228.24 - - [11/Nov/2015:02:01:30 +0800] "GET /content/repository/resource_content.jsp?oid=523747&queryType=qc HTTP/1.1" 200 36148
66.249.71.72 - - [11/Nov/2015:02:01:34 +0800] "GET /content/nav/relationSubject.jsp?relationWords=%E6%A4%8D%E7%89%A9%E7%95%8C+%E7%99%BD%E6%B0%B4%E6%9C%A8+%E7%B4%AB%E4%B8%B9%E5%B1%AC+%E7%B4%AB%E8%8D%89%E7%A7%91+&oid=3814044 HTTP/1.1" 200 3380
66.249.71.60 - - [11/Nov/2015:02:01:36 +0800] "GET /content/nav/relationSubject.jsp?relationWords=%E6%A4%8D%E7%89%A9%E7%95%8C%20%E7%99%BD%E6%B0%B4%E6%9C%A8%20%E7%B4%AB%E4%B8%B9%E5%B1%AC%20%E7%B4%AB%E8%8D%89%E7%A7%91%20&oid=3814044 HTTP/1.1" 200 3380
66.249.74.98 - - [11/Nov/2015:02:02:11 +0800] "GET /content/repository/resource_content.jsp?oid=1625644 HTTP/1.1" 200 28876
66.249.71.5 - - [11/Nov/2015:02:03:17 +0800] "GET /digiarch3/content/nav/relationSubject.jsp?relationWords=%E5%9C%93%E8%9A%8C%E5%B5%8C%E7%89%87+&oid=1851218 HTTP/1.1" 200 3071
66.249.71.5 - - [11/Nov/2015:02:03:19 +0800] "GET /digiarch3/content/nav/relationSubject.jsp?relationWords=%E5%9C%93%E8%9A%8C%E5%B5%8C%E7%89%87%20&oid=1851218 HTTP/1.1" 200 3071
