66.249.65.79 - - [25/Sep/2015:00:46:49 +0800] "GET /content/nav/relationSubject.jsp?relationWords=%E4%BA%BA%E5%90%8D%E6%AC%8A%E5%A8%81%20%E9%97%9C%E7%B4%A2%20%E9%AE%91%E8%B2%B4%E5%8D%BF%20&oid=687510 HTTP/1.1" 200 6241
66.249.71.249 - - [25/Sep/2015:00:46:52 +0800] "GET /content/subject/resource_content.jsp?oid=16777332 HTTP/1.1" 200 32786
66.249.71.229 - - [25/Sep/2015:00:46:55 +0800] "GET /digiarch_en/content/repository/resource_content.jsp?oid=4363118&queryString=%E5%B7%A1%E7%8B%A9%20%E7%8E%8B%E8%88%B9 HTTP/1.1" 200 21960
66.249.71.229 - - [25/Sep/2015:00:47:01 +0800] "GET /content/repository/resource_content.jsp?oid=1518773 HTTP/1.1" 200 28594
66.249.65.193 - - [25/Sep/2015:00:47:09 +0800] "GET /content/repository/resource_content.jsp?oid=2148280 HTTP/1.1" 200 31202
66.249.71.36 - - [25/Sep/2015:00:47:20 +0800] "GET /content/nav/relationSubject.jsp?relationWords=%E5%A6%83%E5%AC%AA+%E5%B7%A5%E9%83%A8+%E9%87%91%E5%86%8A+%E9%90%AB%E5%AD%97+&oid=2680648 HTTP/1.1" 200 3173
66.249.71.206 - - [25/Sep/2015:00:47:21 +0800] "GET /content/nav/relationSubject.jsp?relationWords=%E5%B7%A1%E6%92%AB+&oid=2518845 HTTP/1.1" 200 3084
66.249.71.45 - - [25/Sep/2015:00:47:22 +0800] "GET /content/nav/relationSubject.jsp?relationWords=%E5%A6%83%E5%AC%AA%20%E5%B7%A5%E9%83%A8%20%E9%87%91%E5%86%8A%20%E9%90%AB%E5%AD%97%20&oid=2680648 HTTP/1.1" 200 3173
66.249.65.85 - - [25/Sep/2015:00:47:24 +0800] "GET /content/nav/relationSubject.jsp?relationWords=%E5%B7%A1%E6%92%AB%20&oid=2518845 HTTP/1.1" 200 3084
66.249.71.229 - - [25/Sep/2015:00:47:36 +0800] "GET /digiarch_en/content/subject/resource_content.jsp?oid=16777713&queryType=qc HTTP/1.1" 200 38739
66.249.71.249 - - [25/Sep/2015:00:47:43 +0800] "GET /content/repository/resource_content.jsp?oid=1621149 HTTP/1.1" 200 29256
220.181.108.87 - - [25/Sep/2015:00:47:47 +0800] "GET /content/subject/resource_content.jsp?oid=16777452 HTTP/1.1" 200 33291
66.249.65.207 - - [25/Sep/2015:00:47:53 +0800] "GET /content/repository/resource_content.jsp?oid=1099466&queryString=%E6%A4%8D%E7%89%A9%E7%95%8C%20%E7%8E%89%E5%B1%B1%E9%AC%BC%E7%9D%A3%E9%83%B5%20%E8%8F%8A%E7%A7%91%20%E9%9B%99%E5%AD%90%E8%91%89%E6%A4%8D%E7%89%A9%20%E9%AC%BC%E7%9D%A3%E9%83%B5%E5%B1%AC HTTP/1.1" 200 31524
66.249.71.229 - - [25/Sep/2015:00:48:00 +0800] "GET /content/repository/resource_content.jsp?oid=1782449 HTTP/1.1" 200 28753
66.249.65.207 - - [25/Sep/2015:00:48:00 +0800] "GET /content/nav/relationSubject.jsp?relationWords=%E5%8F%B0%E7%81%A3%E9%BB%83%E8%8F%AB+%E6%A4%8D%E7%89%A9%E7%95%8C+%E7%B4%AB%E8%8F%AB+%E7%B4%AB%E8%8F%AB%E5%B1%AC+&oid=2150844 HTTP/1.1" 200 3306
66.249.71.249 - - [25/Sep/2015:00:48:02 +0800] "GET /content/nav/relationSubject.jsp?relationWords=%E5%8F%B0%E7%81%A3%E9%BB%83%E8%8F%AB%20%E6%A4%8D%E7%89%A9%E7%95%8C%20%E7%B4%AB%E8%8F%AB%20%E7%B4%AB%E8%8F%AB%E5%B1%AC%20&oid=2150844 HTTP/1.1" 200 3306
66.249.71.249 - - [25/Sep/2015:00:48:04 +0800] "GET /content/nav/relationSubject.jsp?relationWords=%E4%B8%AD%E8%85%B9%E8%B6%B3%E7%9B%AE+%E8%85%B9%E8%B6%B3%E7%B6%B1+&oid=1125009 HTTP/1.1" 200 1428
66.249.71.249 - - [25/Sep/2015:00:48:05 +0800] "GET /content/nav/relationSubject.jsp?relationWords=%E4%B8%AD%E8%85%B9%E8%B6%B3%E7%9B%AE%20%E8%85%B9%E8%B6%B3%E7%B6%B1%20&oid=1125009 HTTP/1.1" 200 1428
66.249.65.207 - - [25/Sep/2015:00:48:08 +0800] "GET /content/repository/resource_content.jsp?oid=1100130&queryString=%E5%A4%AA%E9%AD%AF%E9%96%A3%E5%8D%83%E9%87%8C%E5%85%89 HTTP/1.1" 200 30617
66.249.71.105 - - [25/Sep/2015:00:48:09 +0800] "GET /content/repository/resource_content.jsp?oid=1779950&queryType=qs&queryString=%E7%A4%BE%E5%8D%80%E7%B8%BD%E9%AB%94%E7%87%9F%E9%80%A0 HTTP/1.1" 200 33947
66.249.71.239 - - [25/Sep/2015:00:48:09 +0800] "GET /digiarch_en/content/nav/relationSubject.jsp?relationWords=%E5%B8%82%E6%94%BF%E4%B8%AD%E5%BF%83%20%E6%95%99%E8%82%B2%E5%BB%B3%20%E6%96%87%E5%8C%96%E8%97%9D%E8%A1%93%20%E8%87%BA%E4%B8%AD%E5%B8%82%20%E9%9F%B3%E6%A8%82%E5%BB%B3%20%E9%A0%90%E7%AE%97%20&oid=1596307 HTTP/1.1" 200 6038
66.249.71.121 - - [25/Sep/2015:00:48:10 +0800] "GET /content/nav/relationSubject.jsp?relationWords=%E7%9F%B3%E7%AB%A0+%E7%B1%B3%E7%9F%B3+%E7%B2%98%E6%8A%84+%E8%95%AA%E6%B9%96+&oid=821441 HTTP/1.1" 200 4062
66.249.71.121 - - [25/Sep/2015:00:48:12 +0800] "GET /content/nav/relationSubject.jsp?relationWords=%E7%9F%B3%E7%AB%A0%20%E7%B1%B3%E7%9F%B3%20%E7%B2%98%E6%8A%84%20%E8%95%AA%E6%B9%96%20&oid=821441 HTTP/1.1" 200 4062
66.249.71.239 - - [25/Sep/2015:00:48:20 +0800] "GET /content/nav/relationSubject.jsp?relationWords=%E6%87%89%E9%BE%8D+&oid=1808755 HTTP/1.1" 200 3123
66.249.71.239 - - [25/Sep/2015:00:48:21 +0800] "GET /content/nav/relationSubject.jsp?relationWords=%E5%90%8F%E9%83%A8+%E9%99%B3%E5%AD%9D+&oid=2687264 HTTP/1.1" 200 3136
66.249.65.253 - - [25/Sep/2015:00:48:22 +0800] "GET /content/nav/relationSubject.jsp?relationWords=%E5%8D%91%E5%8D%97%E6%97%8F+%E5%B8%83%E8%BE%B2%E6%97%8F+%E9%9B%85%E7%BE%8E%E6%97%8F+&oid=1779194 HTTP/1.1" 200 4011
66.249.71.239 - - [25/Sep/2015:00:48:23 +0800] "GET /content/nav/relationSubject.jsp?relationWords=%E6%87%89%E9%BE%8D%20&oid=1808755 HTTP/1.1" 200 3123
66.249.71.239 - - [25/Sep/2015:00:48:24 +0800] "GET /content/nav/relationSubject.jsp?relationWords=%E5%90%8F%E9%83%A8%20%E9%99%B3%E5%AD%9D%20&oid=2687264 HTTP/1.1" 200 3136
66.249.71.121 - - [25/Sep/2015:00:48:25 +0800] "GET /content/nav/relationSubject.jsp?relationWords=%E5%8D%91%E5%8D%97%E6%97%8F%20%E5%B8%83%E8%BE%B2%E6%97%8F%20%E9%9B%85%E7%BE%8E%E6%97%8F%20&oid=1779194 HTTP/1.1" 200 4011
66.249.71.239 - - [25/Sep/2015:00:48:31 +0800] "GET /digiarch_en/content/nav/relationSubject.jsp?relationWords=%E5%8F%83%E8%AD%B0%E6%9C%83+%E5%8F%B0%E7%81%A3%E7%9C%81+%E7%9C%81%E6%94%BF%E5%BA%9C+%E8%B2%A1%E6%94%BF%E6%94%B6%E6%94%AF+&oid=1517048 HTTP/1.1" 200 4615
66.249.71.239 - - [25/Sep/2015:00:48:32 +0800] "GET /content/nav/relationSubject.jsp?relationWords=%E5%85%8B%E6%96%AF%E6%8B%89%E5%A4%AB+%E5%BE%B7%E5%A5%A7+%E6%8D%B7%E5%85%8B+%E6%B3%95%E4%BD%BF%E5%87%BD+&oid=727654 HTTP/1.1" 200 4024
66.249.71.239 - - [25/Sep/2015:00:48:33 +0800] "GET /digiarch_en/content/nav/relationSubject.jsp?relationWords=%E5%8F%83%E8%AD%B0%E6%9C%83%20%E5%8F%B0%E7%81%A3%E7%9C%81%20%E7%9C%81%E6%94%BF%E5%BA%9C%20%E8%B2%A1%E6%94%BF%E6%94%B6%E6%94%AF%20&oid=1517048 HTTP/1.1" 200 4615
66.249.71.249 - - [25/Sep/2015:00:48:33 +0800] "GET /content/nav/relationSubject.jsp?relationWords=%E5%85%8B%E6%96%AF%E6%8B%89%E5%A4%AB%20%E5%BE%B7%E5%A5%A7%20%E6%8D%B7%E5%85%8B%20%E6%B3%95%E4%BD%BF%E5%87%BD%20&oid=727654 HTTP/1.1" 200 4024
66.249.71.206 - - [25/Sep/2015:00:48:58 +0800] "GET /content/nav/relationSubject.jsp?relationWords=%E4%B8%AD%E6%AD%A3%E6%A9%9F%E5%A0%B4+%E6%84%9B%E6%BB%8B%E7%97%85+%E6%9C%8D%E5%8B%99%E5%93%81%E8%B3%AA+%E6%B0%B4%E6%B1%A1%E6%9F%93+%E8%87%AA%E4%BE%86%E6%B0%B4+%E8%AD%A6%E5%AF%9F+%E9%A3%B2%E7%94%A8%E6%B0%B4+%E9%AB%98%E9%80%9F%E5%85%AC%E8%B7%AF+&oid=1595986 HTTP/1.1" 200 6051
66.249.71.226 - - [25/Sep/2015:00:49:02 +0800] "GET /content/nav/relationSubject.jsp?relationWords=%E4%B8%AD%E6%AD%A3%E6%A9%9F%E5%A0%B4%20%E6%84%9B%E6%BB%8B%E7%97%85%20%E6%9C%8D%E5%8B%99%E5%93%81%E8%B3%AA%20%E6%B0%B4%E6%B1%A1%E6%9F%93%20%E8%87%AA%E4%BE%86%E6%B0%B4%20%E8%AD%A6%E5%AF%9F%20%E9%A3%B2%E7%94%A8%E6%B0%B4%20%E9%AB%98%E9%80%9F%E5%85%AC%E8%B7%AF%20&oid=1595986 HTTP/1.1" 200 6051
66.249.71.229 - - [25/Sep/2015:00:49:09 +0800] "GET /content/nav/relationSubject.jsp?relationWords=&oid=2601013 HTTP/1.1" 200 1405
66.249.71.217 - - [25/Sep/2015:00:49:18 +0800] "GET /digiarch3/content/nav/relationSubject.jsp?relationWords=%E8%9D%B4%E8%9D%B6%E9%AD%9A+%E9%8F%A1%E6%96%91%E8%9D%B4%E8%9D%B6%E9%AD%9A+&oid=33554736 HTTP/1.1" 200 3404
66.249.65.186 - - [25/Sep/2015:00:49:21 +0800] "GET /digiarch3/content/pictures/picture_content.jsp?oid=33554954&classify=2762 HTTP/1.1" 200 27106
66.249.71.217 - - [25/Sep/2015:00:49:21 +0800] "GET /digiarch3/content/nav/relationSubject.jsp?relationWords=%E8%9D%B4%E8%9D%B6%E9%AD%9A%20%E9%8F%A1%E6%96%91%E8%9D%B4%E8%9D%B6%E9%AD%9A%20&oid=33554736 HTTP/1.1" 200 3404
66.249.65.207 - - [25/Sep/2015:00:49:29 +0800] "GET /content/nav/relationSubject.jsp?relationWords=%E6%95%B5%E5%83%91+&oid=730520 HTTP/1.1" 200 3016
66.249.71.249 - - [25/Sep/2015:00:49:31 +0800] "GET /content/nav/relationSubject.jsp?relationWords=%E6%95%B5%E5%83%91%20&oid=730520 HTTP/1.1" 200 3016
66.249.65.200 - - [25/Sep/2015:00:49:46 +0800] "GET /content/pictures/picture_content.jsp?oid=33554452&classify=2257 HTTP/1.1" 200 27031
66.249.65.193 - - [25/Sep/2015:00:49:46 +0800] "GET /content/nav/relationSubject.jsp?relationWords=%E5%B7%A5%E7%A8%8B%E8%A8%AD%E8%A8%88+%E5%B7%A5%E7%A8%8B%E8%B2%BB+%E6%99%82%E6%95%88%E6%A1%88+%E9%A0%90%E7%AE%97+&oid=1617946 HTTP/1.1" 200 5357
66.249.71.229 - - [25/Sep/2015:00:49:48 +0800] "GET /content/subject/resource_content.jsp?oid=16797240&queryType=qc HTTP/1.1" 200 42460
66.249.71.239 - - [25/Sep/2015:00:49:49 +0800] "GET /content/subject/resource_content.jsp?oid=16797242&queryType=qc HTTP/1.1" 200 46766
66.249.71.229 - - [25/Sep/2015:00:49:49 +0800] "GET /content/nav/relationSubject.jsp?relationWords=%E5%B7%A5%E7%A8%8B%E8%A8%AD%E8%A8%88%20%E5%B7%A5%E7%A8%8B%E8%B2%BB%20%E6%99%82%E6%95%88%E6%A1%88%20%E9%A0%90%E7%AE%97%20&oid=1617946 HTTP/1.1" 200 5357
66.249.71.229 - - [25/Sep/2015:00:49:53 +0800] "GET /content/nav/relationSubject.jsp?relationWords=%E6%96%91%E9%87%91+%E9%87%91%E8%8A%B1%E9%B1%B8+%E9%AE%A8%E7%A7%91+&oid=17629 HTTP/1.1" 200 3402
66.249.71.229 - - [25/Sep/2015:00:49:55 +0800] "GET /content/nav/relationSubject.jsp?relationWords=%E6%96%91%E9%87%91%20%E9%87%91%E8%8A%B1%E9%B1%B8%20%E9%AE%A8%E7%A7%91%20&oid=17629 HTTP/1.1" 200 3402
66.249.71.239 - - [25/Sep/2015:00:49:56 +0800] "GET /content/nav/relationSubject.jsp?relationWords=%E9%A1%8C%E8%A8%98+&oid=1818573 HTTP/1.1" 200 4788
66.249.71.239 - - [25/Sep/2015:00:49:58 +0800] "GET /content/nav/relationSubject.jsp?relationWords=%E9%A1%8C%E8%A8%98%20&oid=1818573 HTTP/1.1" 200 4788
66.249.71.239 - - [25/Sep/2015:00:50:03 +0800] "GET /content/nav/relationSubject.jsp?relationWords=%E6%A4%8D%E7%89%A9%E7%95%8C%20%E7%9F%AD%E6%9F%84%E9%87%91%E7%B5%B2%E6%A1%83%20%E9%87%91%E7%B5%B2%E6%A1%83%E5%B1%AC%20%E9%87%91%E7%B5%B2%E6%A1%83%E7%A7%91%20%E9%9B%99%E5%AD%90%E8%91%89%E6%A4%8D%E7%89%A9%20&oid=1459907 HTTP/1.1" 200 3256
66.249.71.113 - - [25/Sep/2015:00:50:09 +0800] "GET /content/nav/relationSubject.jsp?relationWords=%E7%81%AB%E7%AE%AD%E8%9D%B6+%E8%9D%B4%E8%9D%B6%E9%AD%9A%E7%A7%91+%E9%BB%83%E9%91%B7%E5%8F%A3%E9%AD%9A+&oid=4352582 HTTP/1.1" 200 3355
66.249.71.239 - - [25/Sep/2015:00:50:10 +0800] "GET /content/nav/relationSubject.jsp?relationWords=%E7%B5%90%E8%AA%9E+%E8%91%97%E4%BD%9C%E6%AC%8A+&oid=16777504 HTTP/1.1" 200 10999
66.249.71.239 - - [25/Sep/2015:00:50:11 +0800] "GET /content/nav/relationSubject.jsp?relationWords=%E7%B5%90%E8%AA%9E%20%E8%91%97%E4%BD%9C%E6%AC%8A%20&oid=16777504 HTTP/1.1" 200 10999
66.249.71.105 - - [25/Sep/2015:00:50:12 +0800] "GET /content/nav/relationSubject.jsp?relationWords=%E7%81%AB%E7%AE%AD%E8%9D%B6%20%E8%9D%B4%E8%9D%B6%E9%AD%9A%E7%A7%91%20%E9%BB%83%E9%91%B7%E5%8F%A3%E9%AD%9A%20&oid=4352582 HTTP/1.1" 200 3355
66.249.71.239 - - [25/Sep/2015:00:50:15 +0800] "GET /content/repository/resource_content.jsp?oid=1567419 HTTP/1.1" 200 28819
66.249.71.239 - - [25/Sep/2015:00:50:23 +0800] "GET /content/repository/resource_content.jsp?oid=2150312&queryString=%E4%B9%9D%E8%8A%8E%20%E7%B4%AB%E8%96%87%E5%B1%AC HTTP/1.1" 200 31225
66.249.65.207 - - [25/Sep/2015:00:50:26 +0800] "GET /content/nav/relationSubject.jsp?relationWords=%E5%8F%B0%E7%81%A3%E5%9C%9F%E9%BB%A8%E5%8F%83+%E5%9C%9F%E9%BB%A8%E5%8F%83%E5%B1%AC+%E6%A1%94%E6%A2%97+%E6%A1%94%E6%A2%97%E7%A7%91+%E6%A4%8D%E7%89%A9%E7%95%8C+&oid=1100216 HTTP/1.1" 200 3439
66.249.65.79 - - [25/Sep/2015:00:50:28 +0800] "GET /content/nav/relationSubject.jsp?relationWords=%E4%B8%8A%E8%AB%AD%E4%BA%8B+&oid=2684104 HTTP/1.1" 200 3030
66.249.71.239 - - [25/Sep/2015:00:50:29 +0800] "GET /content/nav/relationSubject.jsp?relationWords=%E5%8F%B0%E7%81%A3%E5%9C%9F%E9%BB%A8%E5%8F%83%20%E5%9C%9F%E9%BB%A8%E5%8F%83%E5%B1%AC%20%E6%A1%94%E6%A2%97%20%E6%A1%94%E6%A2%97%E7%A7%91%20%E6%A4%8D%E7%89%A9%E7%95%8C%20&oid=1100216 HTTP/1.1" 200 3439
66.249.71.226 - - [25/Sep/2015:00:50:31 +0800] "GET /content/nav/relationSubject.jsp?relationWords=%E4%B8%8A%E8%AB%AD%E4%BA%8B%20&oid=2684104 HTTP/1.1" 200 3030
66.249.71.239 - - [25/Sep/2015:00:50:42 +0800] "GET /content/repository/resource_content.jsp?oid=2611689 HTTP/1.1" 200 29436
66.249.71.249 - - [25/Sep/2015:00:50:43 +0800] "GET /content/nav/relationSubject.jsp?relationWords=%E5%B7%B4%E6%8B%89%E5%BA%AB%E7%AD%94+%E7%AB%B9%E6%A2%AD+%E9%87%91%E6%A2%AD%E9%AD%9A+%E9%BB%83%E5%B0%BE+%E9%BB%83%E5%B0%BE%E9%87%91%E6%A2%AD%E9%AD%9A+&oid=16318 HTTP/1.1" 200 3596
66.249.71.249 - - [25/Sep/2015:00:50:51 +0800] "GET /content/nav/relationSubject.jsp?relationWords=&oid=1562775 HTTP/1.1" 200 1405
66.249.71.249 - - [25/Sep/2015:00:50:52 +0800] "GET /content/nav/relationSubject.jsp?relationWords=%E6%A4%8D%E7%89%A9%E7%95%8C+%E6%B0%B4%E9%BE%8D%E9%AA%A8+%E7%83%8F%E6%AF%9B%E8%95%A8%E5%B1%AC+%E7%83%8F%E6%AF%9B%E8%95%A8%E7%A7%91+%E8%95%A8%E9%A1%9E%E6%A4%8D%E7%89%A9+%E9%9F%93%E6%B0%8F%E7%83%8F%E6%AF%9B%E8%95%A8+&oid=3811331 HTTP/1.1" 200 3512
66.249.71.239 - - [25/Sep/2015:00:50:54 +0800] "GET /content/repository/resource_content.jsp?oid=830164 HTTP/1.1" 200 27978
66.249.71.249 - - [25/Sep/2015:00:50:54 +0800] "GET /content/nav/relationSubject.jsp?relationWords=%E6%A4%8D%E7%89%A9%E7%95%8C%20%E6%B0%B4%E9%BE%8D%E9%AA%A8%20%E7%83%8F%E6%AF%9B%E8%95%A8%E5%B1%AC%20%E7%83%8F%E6%AF%9B%E8%95%A8%E7%A7%91%20%E8%95%A8%E9%A1%9E%E6%A4%8D%E7%89%A9%20%E9%9F%93%E6%B0%8F%E7%83%8F%E6%AF%9B%E8%95%A8%20&oid=3811331 HTTP/1.1" 200 3512
66.249.71.196 - - [25/Sep/2015:00:51:01 +0800] "GET /digiarch3/content/repository/resource_content.jsp?oid=3205433&queryString=%E8%81%AF%E5%90%88%E7%9B%AE%E9%8C%84%20%E9%86%AB%E7%99%82%E5%8F%B2%20%E9%88%94%E6%9C%AC%20%E9%BB%83%E5%B8%9D%E5%85%A7%E7%B6%93 HTTP/1.1" 200 30395
66.249.65.193 - - [25/Sep/2015:00:51:02 +0800] "GET /content/nav/relationSubject.jsp?relationWords=%E6%89%80%E5%BE%97%E7%A8%85+&oid=1579285 HTTP/1.1" 200 3740
66.249.71.229 - - [25/Sep/2015:00:51:04 +0800] "GET /content/nav/relationSubject.jsp?relationWords=%E6%89%80%E5%BE%97%E7%A8%85%20&oid=1579285 HTTP/1.1" 200 3740
66.249.65.253 - - [25/Sep/2015:00:51:11 +0800] "GET /content/nav/relationSubject.jsp?relationWords=%E5%88%91%E9%83%A8+&oid=2521635 HTTP/1.1" 200 3095
66.249.71.229 - - [25/Sep/2015:00:51:13 +0800] "GET /content/pictures/picture_content.jsp?oid=33554814 HTTP/1.1" 200 27631
66.249.71.239 - - [25/Sep/2015:00:51:13 +0800] "GET /content/nav/relationSubject.jsp?relationWords=&oid=1603659 HTTP/1.1" 200 1405
66.249.71.113 - - [25/Sep/2015:00:51:15 +0800] "GET /content/nav/relationSubject.jsp?relationWords=%E5%88%91%E9%83%A8%20&oid=2521635 HTTP/1.1" 200 3095
66.249.73.157 - - [25/Sep/2015:00:51:29 +0800] "GET /content/nav/relationSubject.jsp?relationWords=&oid=4363098 HTTP/1.1" 200 1405
66.249.71.229 - - [25/Sep/2015:00:51:42 +0800] "GET /content/repository/resource_content.jsp?oid=14115&queryString=%E4%B8%AB%E9%AB%BB%E9%AE%AB%20%E7%B4%85%E8%82%89%E4%B8%AB%E9%AB%BB%E9%AE%AB HTTP/1.1" 200 35897
66.249.71.239 - - [25/Sep/2015:00:51:54 +0800] "GET /content/nav/relationSubject.jsp?relationWords=%E6%A4%8D%E7%89%A9%E7%95%8C%20%E7%B4%AB%E8%83%8C%E8%8D%89%E5%B1%AC%20%E7%BA%93%E7%B5%A8%E8%8A%B1%20%E8%8F%8A%E7%A7%91%20%E9%9B%99%E5%AD%90%E8%91%89%E6%A4%8D%E7%89%A9%20&oid=1456563 HTTP/1.1" 200 3404
66.249.71.229 - - [25/Sep/2015:00:52:08 +0800] "GET /content/nav/relationSubject.jsp?relationWords=%E6%B2%99%E9%B9%BF+%E8%81%B7%E6%A5%AD%E5%AD%B8%E6%A0%A1+%E8%87%BA%E4%B8%AD%E7%B8%A3+&oid=1542917 HTTP/1.1" 200 4569
66.249.71.45 - - [25/Sep/2015:00:52:09 +0800] "GET /content/nav/relationSubject.jsp?relationWords=%E6%8F%90%E7%9D%A3+&oid=2638468 HTTP/1.1" 200 3993
66.249.71.249 - - [25/Sep/2015:00:52:10 +0800] "GET /content/nav/relationSubject.jsp?relationWords=%E5%8B%9E%E5%B7%A5%E8%99%95+%E5%B0%B1%E6%A5%AD%E6%9C%8D%E5%8B%99+%E7%AB%99%E9%95%B7+%E8%81%B7%E8%A8%93%E4%B8%AD%E5%BF%83+&oid=1620098 HTTP/1.1" 200 8242
66.249.71.249 - - [25/Sep/2015:00:52:11 +0800] "GET /content/nav/relationSubject.jsp?relationWords=%E6%99%BA%E6%85%A7%E8%B2%A1%E7%94%A2%E6%AC%8A+%E8%91%97%E4%BD%9C%E6%AC%8A%E6%B3%95+&oid=16777532 HTTP/1.1" 200 4141
66.249.73.165 - - [25/Sep/2015:00:52:12 +0800] "GET /content/nav/relationSubject.jsp?relationWords=%E6%8F%90%E7%9D%A3%20&oid=2638468 HTTP/1.1" 200 3993
66.249.71.239 - - [25/Sep/2015:00:52:13 +0800] "GET /content/nav/relationSubject.jsp?relationWords=%E5%8B%9E%E5%B7%A5%E8%99%95%20%E5%B0%B1%E6%A5%AD%E6%9C%8D%E5%8B%99%20%E7%AB%99%E9%95%B7%20%E8%81%B7%E8%A8%93%E4%B8%AD%E5%BF%83%20&oid=1620098 HTTP/1.1" 200 8242
66.249.71.229 - - [25/Sep/2015:00:52:14 +0800] "GET /content/nav/relationSubject.jsp?relationWords=%E6%B2%99%E9%B9%BF%20%E8%81%B7%E6%A5%AD%E5%AD%B8%E6%A0%A1%20%E8%87%BA%E4%B8%AD%E7%B8%A3%20&oid=1542917 HTTP/1.1" 200 4569
66.249.71.239 - - [25/Sep/2015:00:52:15 +0800] "GET /content/nav/relationSubject.jsp?relationWords=%E6%99%BA%E6%85%A7%E8%B2%A1%E7%94%A2%E6%AC%8A%20%E8%91%97%E4%BD%9C%E6%AC%8A%E6%B3%95%20&oid=16777532 HTTP/1.1" 200 4141
123.125.71.77 - - [25/Sep/2015:00:52:17 +0800] "GET /digiarch_en/content/subject/resource_content.jsp?oid=16777541&queryType=qc HTTP/1.1" 200 23321
66.249.71.249 - - [25/Sep/2015:00:52:30 +0800] "GET /content/nav/relationSubject.jsp?relationWords=%E6%A4%86%E5%B1%AC+%E6%A4%8D%E7%89%A9%E7%95%8C+%E6%AE%BC%E6%96%97%E7%A7%91+%E9%9D%92%E5%89%9B%E6%AB%9F+&oid=1114160 HTTP/1.1" 200 4731
66.249.65.207 - - [25/Sep/2015:00:52:32 +0800] "GET /content/nav/relationSubject.jsp?relationWords=%E6%A4%86%E5%B1%AC%20%E6%A4%8D%E7%89%A9%E7%95%8C%20%E6%AE%BC%E6%96%97%E7%A7%91%20%E9%9D%92%E5%89%9B%E6%AB%9F%20&oid=1114160 HTTP/1.1" 200 4731
66.249.65.239 - - [25/Sep/2015:00:52:40 +0800] "GET /content/nav/relationSubject.jsp?relationWords=&oid=4467860 HTTP/1.1" 200 1405
66.249.71.45 - - [25/Sep/2015:00:52:49 +0800] "GET /content/nav/relationSubject.jsp?relationWords=%E6%B7%AE%E5%95%86+%E9%8A%80%E5%85%A9+&oid=2685269 HTTP/1.1" 200 5400
66.249.71.36 - - [25/Sep/2015:00:52:51 +0800] "GET /content/nav/relationSubject.jsp?relationWords=%E6%B7%AE%E5%95%86%20%E9%8A%80%E5%85%A9%20&oid=2685269 HTTP/1.1" 200 5400
66.249.71.249 - - [25/Sep/2015:00:52:54 +0800] "GET /digiarch_en/content/subject/resource_content.jsp?oid=16777541&queryType=qc HTTP/1.1" 200 23321
66.249.71.239 - - [25/Sep/2015:00:52:55 +0800] "GET /content/subject/resource_content.jsp?oid=16797335&queryType=qc HTTP/1.1" 200 60397
66.249.71.206 - - [25/Sep/2015:00:52:56 +0800] "GET /content/subject/resource_content.jsp?oid=16777484&queryType=qc HTTP/1.1" 200 72193
66.249.71.206 - - [25/Sep/2015:00:53:00 +0800] "GET /content/nav/relationSubject.jsp?relationWords=%E8%A8%BB%E7%94%9F%E5%A8%98%E5%A8%98+&oid=4362017 HTTP/1.1" 200 3011
66.249.71.226 - - [25/Sep/2015:00:53:02 +0800] "GET /content/nav/relationSubject.jsp?relationWords=%E8%A8%BB%E7%94%9F%E5%A8%98%E5%A8%98%20&oid=4362017 HTTP/1.1" 200 3011
66.249.71.239 - - [25/Sep/2015:00:53:05 +0800] "GET /content/subject/resource_content.jsp?oid=16777443 HTTP/1.1" 200 40047
66.249.65.207 - - [25/Sep/2015:00:53:21 +0800] "GET /content/nav/relationSubject.jsp?relationWords=%E5%B7%A5%E9%83%A8+%E9%96%80%E6%A8%93%E5%BA%A7+&oid=2636509 HTTP/1.1" 200 3118
66.249.71.239 - - [25/Sep/2015:00:53:22 +0800] "GET /content/nav/relationSubject.jsp?relationWords=%E5%BA%AB%E9%A0%85+%E6%8C%AA%E7%A7%BB%E5%BA%AB+&oid=2639569 HTTP/1.1" 200 3116
66.249.65.200 - - [25/Sep/2015:00:53:23 +0800] "GET /content/nav/relationSubject.jsp?relationWords=%E5%B7%A5%E9%83%A8%20%E9%96%80%E6%A8%93%E5%BA%A7%20&oid=2636509 HTTP/1.1" 200 3118
66.249.71.249 - - [25/Sep/2015:00:53:24 +0800] "GET /content/nav/relationSubject.jsp?relationWords=%E5%BA%AB%E9%A0%85%20%E6%8C%AA%E7%A7%BB%E5%BA%AB%20&oid=2639569 HTTP/1.1" 200 3116
66.249.71.249 - - [25/Sep/2015:00:53:25 +0800] "GET /content/subject/resource_content.jsp?oid=16777692 HTTP/1.1" 200 36451
66.249.71.239 - - [25/Sep/2015:00:53:29 +0800] "GET /content/nav/relationSubject.jsp?relationWords=%E7%A6%AE%E9%83%A8+%E9%84%89%E8%A9%A6+&oid=2654243 HTTP/1.1" 200 5324
66.249.71.113 - - [25/Sep/2015:00:53:29 +0800] "GET /content/nav/relationSubject.jsp?relationWords=%E5%A4%A7%E9%BC%93+&oid=4361906 HTTP/1.1" 200 2153
66.249.71.239 - - [25/Sep/2015:00:53:30 +0800] "GET /content/nav/relationSubject.jsp?relationWords=%E7%A6%AE%E9%83%A8%20%E9%84%89%E8%A9%A6%20&oid=2654243 HTTP/1.1" 200 5324
66.249.71.113 - - [25/Sep/2015:00:53:31 +0800] "GET /content/nav/relationSubject.jsp?relationWords=%E5%A4%A7%E9%BC%93%20&oid=4361906 HTTP/1.1" 200 2153
66.249.71.239 - - [25/Sep/2015:00:53:35 +0800] "GET /content/repository/resource_content.jsp?oid=4457206&queryString=%E7%99%BD%E9%AC%9A%E5%85%AC HTTP/1.1" 200 28240
66.249.65.200 - - [25/Sep/2015:00:53:44 +0800] "GET /content/nav/relationSubject.jsp?relationWords=%E5%9C%B0%E6%94%BF%E5%B1%80+%E7%9C%81%E6%94%BF%E5%BA%9C+%E8%87%BA%E7%81%A3%E7%9C%81%E8%AD%B0%E6%9C%83+%E8%BE%B2%E5%9C%B0%E9%87%8D%E5%8A%83+%E9%99%B3%E6%A0%B9%E5%A1%97+&oid=1896724 HTTP/1.1" 200 4702
66.249.71.121 - - [25/Sep/2015:00:53:46 +0800] "GET /content/repository/resource_content.jsp?oid=4353073&queryType=qs&queryString=%E6%B5%B7%E8%B1%9A HTTP/1.1" 200 35699
66.249.71.206 - - [25/Sep/2015:00:53:46 +0800] "GET /content/nav/relationSubject.jsp?relationWords=%E5%88%BA%E5%B0%BE%E9%AD%9A+%E5%88%BA%E5%B0%BE%E9%AF%9B%E7%A7%91+%E7%81%AB%E7%B4%85%E5%88%BA%E5%B0%BE%E9%AF%9B+&oid=16292 HTTP/1.1" 200 3500
66.249.71.226 - - [25/Sep/2015:00:53:48 +0800] "GET /content/nav/relationSubject.jsp?relationWords=%E5%88%BA%E5%B0%BE%E9%AD%9A%20%E5%88%BA%E5%B0%BE%E9%AF%9B%E7%A7%91%20%E7%81%AB%E7%B4%85%E5%88%BA%E5%B0%BE%E9%AF%9B%20&oid=16292 HTTP/1.1" 200 3500
66.249.71.239 - - [25/Sep/2015:00:53:50 +0800] "GET /content/nav/relationSubject.jsp?relationWords=%E5%9C%B0%E6%94%BF%E5%B1%80%20%E7%9C%81%E6%94%BF%E5%BA%9C%20%E8%87%BA%E7%81%A3%E7%9C%81%E8%AD%B0%E6%9C%83%20%E8%BE%B2%E5%9C%B0%E9%87%8D%E5%8A%83%20%E9%99%B3%E6%A0%B9%E5%A1%97%20&oid=1896724 HTTP/1.1" 200 4702
66.249.71.239 - - [25/Sep/2015:00:53:56 +0800] "GET /content/repository/resource_content.jsp?oid=1585189 HTTP/1.1" 200 29825
66.249.71.216 - - [25/Sep/2015:00:54:06 +0800] "GET /content/repository/resource_content.jsp?oid=1532441&queryType=qs&queryString=%E6%A8%99%E5%94%AE HTTP/1.1" 200 31667
66.249.71.239 - - [25/Sep/2015:00:54:27 +0800] "GET /content/nav/relationSubject.jsp?relationWords=%E5%9C%8B%E6%B0%91%E5%B0%8F%E5%AD%B8+%E6%95%99%E8%82%B2%E4%BA%BA%E5%93%A1+%E8%87%BA%E7%81%A3%E7%9C%81+&oid=1627053 HTTP/1.1" 200 4473
66.249.71.239 - - [25/Sep/2015:00:54:30 +0800] "GET /content/nav/relationSubject.jsp?relationWords=%E5%9C%8B%E6%B0%91%E5%B0%8F%E5%AD%B8%20%E6%95%99%E8%82%B2%E4%BA%BA%E5%93%A1%20%E8%87%BA%E7%81%A3%E7%9C%81%20&oid=1627053 HTTP/1.1" 200 4473
66.249.71.229 - - [25/Sep/2015:00:54:45 +0800] "GET /content/nav/relationSubject.jsp?relationWords=%E5%88%BA%E5%B0%BE%E9%AF%9B%E7%A7%91+%E7%9F%AD%E5%96%99%E9%BC%BB%E9%AD%9A+&oid=1449880 HTTP/1.1" 200 3255
66.249.71.249 - - [25/Sep/2015:00:54:47 +0800] "GET /content/nav/relationSubject.jsp?relationWords=%E5%88%BA%E5%B0%BE%E9%AF%9B%E7%A7%91%20%E7%9F%AD%E5%96%99%E9%BC%BB%E9%AD%9A%20&oid=1449880 HTTP/1.1" 200 3255
66.249.71.216 - - [25/Sep/2015:00:54:49 +0800] "GET /content/nav/relationSubject.jsp?relationWords=%E6%A1%8C%E8%A3%99+&oid=4363921 HTTP/1.1" 200 2963
66.249.71.226 - - [25/Sep/2015:00:54:50 +0800] "GET /content/nav/relationSubject.jsp?relationWords=%E6%A1%8C%E8%A3%99%20&oid=4363921 HTTP/1.1" 200 2963
66.249.71.229 - - [25/Sep/2015:00:54:56 +0800] "GET /content/nav/relationSubject.jsp?relationWords=%E9%A6%99%E8%95%89%E7%89%8C+&oid=1562351 HTTP/1.1" 200 4134
66.249.71.229 - - [25/Sep/2015:00:54:59 +0800] "GET /content/nav/relationSubject.jsp?relationWords=%E5%8D%A1%E7%92%B0+%E8%BB%8A%E9%A6%AC%E5%99%A8+&oid=1848609 HTTP/1.1" 200 3037
66.249.65.207 - - [25/Sep/2015:00:55:01 +0800] "GET /content/nav/relationSubject.jsp?relationWords=%E5%8D%A1%E7%92%B0%20%E8%BB%8A%E9%A6%AC%E5%99%A8%20&oid=1848609 HTTP/1.1" 200 3037
66.249.71.239 - - [25/Sep/2015:00:55:02 +0800] "GET /content/nav/relationSubject.jsp?relationWords=%E5%A4%BE%E7%AB%B9%E6%A1%83%E7%A7%91%20%E6%A4%8D%E7%89%A9%E7%95%8C%20%E9%BB%91%E6%9D%BF%E6%A8%B9%20%E9%BE%8D%E8%86%BD%20&oid=1106131 HTTP/1.1" 200 4550
66.249.65.200 - - [25/Sep/2015:00:55:09 +0800] "GET /content/nav/relationSubject.jsp?relationWords=%E6%A2%9D%E7%B4%8B%E7%B0%BE%E9%AF%9B+%E7%B0%BE%E9%AF%9B+%E9%AF%9B%E7%A7%91+&oid=25379 HTTP/1.1" 200 3507
66.249.71.249 - - [25/Sep/2015:00:55:10 +0800] "GET /content/nav/relationSubject.jsp?relationWords=%E5%B1%B1%E8%83%9E+%E5%B9%B3%E5%9C%B0%E5%B1%B1%E8%83%9E+%E6%89%8B%E5%B7%A5%E6%A5%AD+&oid=1546151 HTTP/1.1" 200 6142
66.249.71.249 - - [25/Sep/2015:00:55:11 +0800] "GET /content/nav/relationSubject.jsp?relationWords=%E6%A2%9D%E7%B4%8B%E7%B0%BE%E9%AF%9B%20%E7%B0%BE%E9%AF%9B%20%E9%AF%9B%E7%A7%91%20&oid=25379 HTTP/1.1" 200 3507
66.249.71.239 - - [25/Sep/2015:00:55:18 +0800] "GET /digiarch_en/content/repository/resource_content.jsp?oid=3040292&queryString=%E6%AE%B7%E5%A2%9F%20%E7%94%B2%E9%AA%A8%20%E9%83%B5%E7%A5%A8%20%E9%9D%92%E9%8A%85%E5%99%A8 HTTP/1.1" 200 24055
66.249.71.239 - - [25/Sep/2015:00:55:21 +0800] "GET /content/nav/relationSubject.jsp?relationWords=%E5%B7%A1%E6%92%AB+&oid=2520312 HTTP/1.1" 200 3084
66.249.65.207 - - [25/Sep/2015:00:55:22 +0800] "GET /content/nav/relationSubject.jsp?relationWords=%E5%B7%A1%E6%92%AB%20&oid=2520312 HTTP/1.1" 200 3084
66.249.71.239 - - [25/Sep/2015:00:55:25 +0800] "GET /content/nav/relationSubject.jsp?relationWords=%E8%82%A1%E7%A5%A8+&oid=743721 HTTP/1.1" 200 5879
66.249.71.229 - - [25/Sep/2015:00:55:26 +0800] "GET /content/nav/relationSubject.jsp?relationWords=%E5%BB%BA%E8%A8%AD%E5%BB%B3+%E6%89%8B%E7%BA%8C%E6%A1%88+%E6%B7%B1%E6%B7%BA%E4%BA%95+%E8%87%BA%E7%81%A3%E9%9B%BB%E5%8A%9B%E5%85%AC%E5%8F%B8+&oid=1602698 HTTP/1.1" 200 7937
66.249.71.239 - - [25/Sep/2015:00:55:27 +0800] "GET /content/nav/relationSubject.jsp?relationWords=%E8%82%A1%E7%A5%A8%20&oid=743721 HTTP/1.1" 200 5879
66.249.65.200 - - [25/Sep/2015:00:55:28 +0800] "GET /content/nav/relationSubject.jsp?relationWords=%E5%BB%BA%E8%A8%AD%E5%BB%B3%20%E6%89%8B%E7%BA%8C%E6%A1%88%20%E6%B7%B1%E6%B7%BA%E4%BA%95%20%E8%87%BA%E7%81%A3%E9%9B%BB%E5%8A%9B%E5%85%AC%E5%8F%B8%20&oid=1602698 HTTP/1.1" 200 7937
66.249.65.246 - - [25/Sep/2015:00:55:56 +0800] "GET /content/repository/resource_content.jsp?oid=2688795&queryType=qs&queryString=%E5%B7%A6%E7%BF%BC%E9%8E%AE HTTP/1.1" 200 30159
66.249.71.207 - - [25/Sep/2015:00:55:58 +0800] "GET /digiarch3/content/subject/resource_content.jsp?oid=16777737&queryType=qs&queryString=%E4%B8%89%E4%B8%8A HTTP/1.1" 200 32151
66.249.71.216 - - [25/Sep/2015:00:55:59 +0800] "GET /content/repository/resource_content.jsp?oid=1555219&queryString=%E4%B8%AD%E7%AD%89%E6%95%99%E8%82%B2%20%E5%88%A9%E8%88%88 HTTP/1.1" 200 29100
66.249.71.113 - - [25/Sep/2015:00:55:59 +0800] "GET /content/nav/relationSubject.jsp?relationWords=%E5%8D%B0%E7%9D%A3+&oid=814776 HTTP/1.1" 200 2995
66.249.71.239 - - [25/Sep/2015:00:56:00 +0800] "GET /digiarch_en/content/nav/relationSubject.jsp?relationWords=%E4%BA%94%E5%B3%B0%E7%9F%AE%E4%BA%BA%E7%A5%AD+%E7%A5%AD%E5%84%80+%E7%A5%AD%E6%A1%BF+%E8%8A%92%E8%8D%89+%E8%B3%BD%E5%A4%8F+%E8%B3%BD%E5%A4%8F%E6%97%8F+%E8%B5%A4%E6%A5%8A+%E8%BF%8E%E7%A5%9E+&oid=4739281 HTTP/1.1" 200 5355
66.249.65.82 - - [25/Sep/2015:00:56:03 +0800] "GET /content/repository/resource_content.jsp?oid=2635510&queryType=qs&queryString=%E9%9B%99%E5%96%9C HTTP/1.1" 200 30187
66.249.71.216 - - [25/Sep/2015:00:56:03 +0800] "GET /content/nav/relationSubject.jsp?relationWords=%E5%A4%A7%E9%A0%AD%E7%99%BD%E5%A7%91%E9%AD%9A%20%E5%B8%95%E9%A0%AD%20%E5%BD%AD%E7%B4%8D%E7%9F%B3%E9%A6%96%E9%AD%9A%20%E7%9F%B3%E9%A6%96%E9%AD%9A%E7%A7%91%20&oid=15460 HTTP/1.1" 200 3541
66.249.71.226 - - [25/Sep/2015:00:56:04 +0800] "GET /content/repository/resource_content.jsp?oid=3402325&queryType=qs&queryString=%E6%B0%B8%E5%8C%97%E5%BB%B3 HTTP/1.1" 200 29173
66.249.71.121 - - [25/Sep/2015:00:56:05 +0800] "GET /content/nav/relationSubject.jsp?relationWords=%E5%8D%B0%E7%9D%A3%20&oid=814776 HTTP/1.1" 200 2995
66.249.71.229 - - [25/Sep/2015:00:56:05 +0800] "GET /digiarch_en/content/nav/relationSubject.jsp?relationWords=%E4%BA%94%E5%B3%B0%E7%9F%AE%E4%BA%BA%E7%A5%AD%20%E7%A5%AD%E5%84%80%20%E7%A5%AD%E6%A1%BF%20%E8%8A%92%E8%8D%89%20%E8%B3%BD%E5%A4%8F%20%E8%B3%BD%E5%A4%8F%E6%97%8F%20%E8%B5%A4%E6%A5%8A%20%E8%BF%8E%E7%A5%9E%20&oid=4739281 HTTP/1.1" 200 5355
66.249.71.249 - - [25/Sep/2015:00:56:08 +0800] "GET /content/repository/resource_content.jsp?oid=1775939 HTTP/1.1" 200 26837
66.249.65.253 - - [25/Sep/2015:00:56:18 +0800] "GET /content/repository/resource_content.jsp?oid=4441499&queryType=qs&queryString=%E9%9B%B7%E9%9B%BB HTTP/1.1" 200 28290
66.249.71.36 - - [25/Sep/2015:00:56:21 +0800] "GET /content/repository/resource_content.jsp?oid=1547468&queryString=%E5%8A%89%E4%BF%A1%20%E6%A0%B8%E7%A4%BA%E9%81%B5 HTTP/1.1" 200 29091
66.249.65.253 - - [25/Sep/2015:00:56:25 +0800] "GET /content/nav/relationSubject.jsp?relationWords=&oid=2686708 HTTP/1.1" 200 1405
66.249.65.85 - - [25/Sep/2015:00:56:29 +0800] "GET /content/repository/resource_content.jsp?oid=2673720&queryType=qs&queryString=%E8%96%A9%E7%88%BE HTTP/1.1" 200 29807
66.249.71.239 - - [25/Sep/2015:00:56:30 +0800] "GET /content/repository/resource_content.jsp?oid=1816599 HTTP/1.1" 200 29442
66.249.71.249 - - [25/Sep/2015:00:56:32 +0800] "GET /content/nav/relationSubject.jsp?relationWords=%E4%B8%AD%E5%9C%8B%E5%A4%A7%E9%99%B8%E5%9C%B0%E5%9C%96+%E7%99%BD%E9%98%9C%E9%8E%AE+&oid=207363 HTTP/1.1" 200 3142
66.249.71.113 - - [25/Sep/2015:00:56:34 +0800] "GET /content/repository/resource_content.jsp?oid=1546848&queryType=qs&queryString=%E7%A8%BB%E4%BD%9C HTTP/1.1" 200 29069
66.249.65.200 - - [25/Sep/2015:00:56:35 +0800] "GET /content/nav/relationSubject.jsp?relationWords=%E4%B8%AD%E5%9C%8B%E5%A4%A7%E9%99%B8%E5%9C%B0%E5%9C%96%20%E7%99%BD%E9%98%9C%E9%8E%AE%20&oid=207363 HTTP/1.1" 200 3142
66.249.71.105 - - [25/Sep/2015:00:56:38 +0800] "GET /content/nav/relationSubject.jsp?relationWords=%E7%A5%9E%E5%92%92+&oid=4363645 HTTP/1.1" 200 2975
66.249.71.239 - - [25/Sep/2015:00:56:43 +0800] "GET /content/nav/relationSubject.jsp?relationWords=%E5%90%8C%E7%9F%A5+%E5%90%8F%E9%83%A8+&oid=2689045 HTTP/1.1" 200 4027
220.181.108.94 - - [25/Sep/2015:00:56:44 +0800] "GET /content/subject/resource_content.jsp?oid=16777584 HTTP/1.1" 200 26618
66.249.65.193 - - [25/Sep/2015:00:56:45 +0800] "GET /content/nav/relationSubject.jsp?relationWords=%E5%90%8C%E7%9F%A5%20%E5%90%8F%E9%83%A8%20&oid=2689045 HTTP/1.1" 200 4027
66.249.71.229 - - [25/Sep/2015:00:56:51 +0800] "GET /digiarch_en/content/nav/relationSubject.jsp?relationWords=%E5%85%AC%E5%85%B1%E5%B7%A5%E7%A8%8B+%E5%8F%8D%E5%85%B1+%E5%9C%B0%E4%B8%8B%E6%B0%B4+%E5%A4%A7%E9%9C%87+%E5%B0%8F%E7%94%9F+%E5%B7%A5%E5%85%B5+%E5%B7%A5%E5%85%B5%E9%83%A8%E9%9A%8A+%E5%BB%BA%E8%A8%AD%E5%BB%B3+%E5%BE%AE%E7%94%9F%E7%89%A9+%E6%B0%B4%E5%88%A9%E5%B1%80+%E6%B2%BC%E6%BE%A4+%E7%B3%96%E5%BB%A0+%E8%87%AA%E4%BE%86%E6%B0%B4+%E8%94%97%E8%8B%97+%E8%94%97%E8%BE%B2+%E8%B3%AA%E8%A9%A2+%E9%84%AD%E5%AE%8B%E6%9F%B3+%E9%9B%BB%E7%9F%B3+%E9%9D%92%E8%8D%89%E6%B9%96+&oid=1548215 HTTP/1.1" 200 4775
66.249.71.239 - - [25/Sep/2015:00:56:53 +0800] "GET /digiarch_en/content/nav/relationSubject.jsp?relationWords=%E5%85%AC%E5%85%B1%E5%B7%A5%E7%A8%8B%20%E5%8F%8D%E5%85%B1%20%E5%9C%B0%E4%B8%8B%E6%B0%B4%20%E5%A4%A7%E9%9C%87%20%E5%B0%8F%E7%94%9F%20%E5%B7%A5%E5%85%B5%20%E5%B7%A5%E5%85%B5%E9%83%A8%E9%9A%8A%20%E5%BB%BA%E8%A8%AD%E5%BB%B3%20%E5%BE%AE%E7%94%9F%E7%89%A9%20%E6%B0%B4%E5%88%A9%E5%B1%80%20%E6%B2%BC%E6%BE%A4%20%E7%B3%96%E5%BB%A0%20%E8%87%AA%E4%BE%86%E6%B0%B4%20%E8%94%97%E8%8B%97%20%E8%94%97%E8%BE%B2%20%E8%B3%AA%E8%A9%A2%20%E9%84%AD%E5%AE%8B%E6%9F%B3%20%E9%9B%BB%E7%9F%B3%20%E9%9D%92%E8%8D%89%E6%B9%96%20&oid=1548215 HTTP/1.1" 200 4775
66.249.71.239 - - [25/Sep/2015:00:56:53 +0800] "GET /content/nav/relationSubject.jsp?relationWords=%E7%83%8F%E8%85%B3%E7%97%85+%E8%87%BA%E5%8D%97%E7%B8%A3+&oid=1635899 HTTP/1.1" 200 5368
66.249.71.229 - - [25/Sep/2015:00:56:55 +0800] "GET /content/nav/relationSubject.jsp?relationWords=%E7%83%8F%E8%85%B3%E7%97%85%20%E8%87%BA%E5%8D%97%E7%B8%A3%20&oid=1635899 HTTP/1.1" 200 5368
123.125.71.110 - - [25/Sep/2015:00:56:56 +0800] "GET /content/nav/relationSubject.jsp?relationWords=%E5%BC%B5%E5%AE%8F+%E6%95%B8%E4%BD%8D%E5%85%B8%E8%97%8F+&oid=16777584 HTTP/1.1" 200 6854
66.249.65.207 - - [25/Sep/2015:00:56:56 +0800] "GET /content/nav/relationSubject.jsp?relationWords=%E4%B8%AD%E5%9C%8B%E5%A4%A7%E9%99%B8%E5%9C%B0%E5%9C%96+%E9%BB%83%E6%B1%9F+&oid=206235 HTTP/1.1" 200 3183
66.249.71.229 - - [25/Sep/2015:00:56:58 +0800] "GET /content/nav/relationSubject.jsp?relationWords=%E4%B8%AD%E5%9C%8B%E5%A4%A7%E9%99%B8%E5%9C%B0%E5%9C%96%20%E9%BB%83%E6%B1%9F%20&oid=206235 HTTP/1.1" 200 3183
66.249.71.113 - - [25/Sep/2015:00:57:00 +0800] "GET /content/nav/relationSubject.jsp?relationWords=&oid=2637765 HTTP/1.1" 200 1405
66.249.65.207 - - [25/Sep/2015:00:57:04 +0800] "GET /content/repository/resource_content.jsp?oid=15791&queryString=%E4%B9%9D%E6%A3%98%20%E7%9F%B3%E6%96%91%20%E7%B4%85%E9%B1%A0%E4%BB%94%20%E7%B4%85%E9%BB%9E%E4%B9%9D%E5%88%BA%E9%AE%A8%20%E8%8A%B1%E9%B1%A0%20%E9%81%8E%E9%AD%9A%20%E9%AE%A8%E7%A7%91 HTTP/1.1" 200 35064
66.249.71.249 - - [25/Sep/2015:00:57:08 +0800] "GET /content/repository/resource_content.jsp?oid=1552010 HTTP/1.1" 200 32467
66.249.71.229 - - [25/Sep/2015:00:57:15 +0800] "GET /content/nav/relationSubject.jsp?relationWords=%E7%B9%94%E9%8C%A6%E8%8A%8B%E8%9E%BA+%E8%85%B9%E8%B6%B3%E7%B6%B1+%E8%8A%8B%E8%9E%BA%E5%B1%AC+%E8%8A%8B%E8%9E%BA%E7%A7%91+&oid=1636995 HTTP/1.1" 200 3306
66.249.71.249 - - [25/Sep/2015:00:57:17 +0800] "GET /content/repository/resource_content.jsp?oid=1533168 HTTP/1.1" 200 29266
66.249.71.239 - - [25/Sep/2015:00:57:17 +0800] "GET /content/nav/relationSubject.jsp?relationWords=%E7%B9%94%E9%8C%A6%E8%8A%8B%E8%9E%BA%20%E8%85%B9%E8%B6%B3%E7%B6%B1%20%E8%8A%8B%E8%9E%BA%E5%B1%AC%20%E8%8A%8B%E8%9E%BA%E7%A7%91%20&oid=1636995 HTTP/1.1" 200 3306
66.249.71.239 - - [25/Sep/2015:00:57:24 +0800] "GET /content/exhibit/exhibit.jsp?oid=16777834 HTTP/1.1" 200 26107
66.249.71.239 - - [25/Sep/2015:00:57:31 +0800] "GET /content/nav/relationSubject.jsp?relationWords=%E9%99%B8%E6%B8%AC%E5%9C%96+&oid=216752 HTTP/1.1" 200 3079
66.249.71.229 - - [25/Sep/2015:00:57:33 +0800] "GET /content/repository/resource_content.jsp?oid=1890498 HTTP/1.1" 200 28407
66.249.65.207 - - [25/Sep/2015:00:57:34 +0800] "GET /content/nav/relationSubject.jsp?relationWords=%E9%99%B8%E6%B8%AC%E5%9C%96%20&oid=216752 HTTP/1.1" 200 3079
66.249.71.239 - - [25/Sep/2015:00:57:37 +0800] "GET /content/exhibit/exhibit.jsp?oid=16777643 HTTP/1.1" 200 26107
66.249.71.249 - - [25/Sep/2015:00:57:41 +0800] "GET /content/repository/resource_content.jsp?oid=3813884&queryString=%E6%96%91%E8%91%89%E8%98%AD%20%E6%96%91%E8%91%89%E8%98%AD%E5%B1%AC HTTP/1.1" 200 31018
66.249.65.200 - - [25/Sep/2015:00:57:43 +0800] "GET /content/repository/resource_content.jsp?oid=1564284 HTTP/1.1" 200 29442
66.249.73.165 - - [25/Sep/2015:00:57:47 +0800] "GET /content/repository/resource_content.jsp?oid=4364151&queryString=%E6%B3%95%E4%B8%BB%E5%85%AC HTTP/1.1" 200 28873
66.249.71.229 - - [25/Sep/2015:00:57:50 +0800] "GET /content/repository/resource_content.jsp?oid=1862259 HTTP/1.1" 200 29978
66.249.71.239 - - [25/Sep/2015:00:57:54 +0800] "GET /content/repository/resource_content.jsp?oid=1107341&queryString=%E6%A4%8D%E7%89%A9%E7%95%8C%20%E8%89%BE%E7%B4%8D%E9%A6%99%E5%B1%AC%20%E8%8F%8A%E7%A7%91%20%E8%B5%B0%E9%A6%AC%E8%83%8E%20%E9%9B%99%E5%AD%90%E8%91%89%E6%A4%8D%E7%89%A9 HTTP/1.1" 200 31241
66.249.71.229 - - [25/Sep/2015:00:57:59 +0800] "GET /content/repository/resource_content.jsp?oid=1112300 HTTP/1.1" 200 30813
66.249.71.113 - - [25/Sep/2015:00:58:03 +0800] "GET /content/repository/resource_content.jsp?oid=2676717&queryType=qs&queryString=%E5%AF%A6%E9%8C%84%E7%A8%BF HTTP/1.1" 200 29800
66.249.65.200 - - [25/Sep/2015:00:58:08 +0800] "GET /content/repository/resource_content.jsp?oid=1124723 HTTP/1.1" 200 28656
66.249.71.249 - - [25/Sep/2015:00:58:13 +0800] "GET /content/repository/resource_content.jsp?oid=1862599 HTTP/1.1" 200 29234
66.249.71.113 - - [25/Sep/2015:00:58:24 +0800] "GET /content/nav/relationSubject.jsp?relationWords=%E7%9F%A5%E7%85%A7+%E7%A6%AE%E9%83%A8+&oid=2651485 HTTP/1.1" 200 3104
66.249.71.105 - - [25/Sep/2015:00:58:26 +0800] "GET /content/nav/relationSubject.jsp?relationWords=%E7%9F%A5%E7%85%A7%20%E7%A6%AE%E9%83%A8%20&oid=2651485 HTTP/1.1" 200 3104
66.249.71.249 - - [25/Sep/2015:00:58:27 +0800] "GET /content/nav/relationSubject.jsp?relationWords=%E7%88%B6%E4%B9%99+%E7%88%B6%E4%B9%99%E5%AD%9F%E8%A7%9A+&oid=3355582 HTTP/1.1" 200 3281
66.249.71.229 - - [25/Sep/2015:00:58:29 +0800] "GET /content/nav/relationSubject.jsp?relationWords=%E7%88%B6%E4%B9%99%20%E7%88%B6%E4%B9%99%E5%AD%9F%E8%A7%9A%20&oid=3355582 HTTP/1.1" 200 3281
66.249.65.85 - - [25/Sep/2015:00:58:37 +0800] "GET /content/nav/relationSubject.jsp?relationWords=%E5%9C%93%E6%B5%B7%E7%87%95+%E5%9C%93%E7%9C%BC%E7%87%95%E9%AD%9A+%E7%87%95%E9%AD%9A+%E7%99%BD%E9%AF%A7%E7%A7%91+%E9%AF%A7%E4%BB%94+&oid=4352643 HTTP/1.1" 200 4339
66.249.71.216 - - [25/Sep/2015:00:58:39 +0800] "GET /content/nav/relationSubject.jsp?relationWords=%E5%9C%93%E6%B5%B7%E7%87%95%20%E5%9C%93%E7%9C%BC%E7%87%95%E9%AD%9A%20%E7%87%95%E9%AD%9A%20%E7%99%BD%E9%AF%A7%E7%A7%91%20%E9%AF%A7%E4%BB%94%20&oid=4352643 HTTP/1.1" 200 4339
66.249.73.173 - - [25/Sep/2015:00:58:54 +0800] "GET /content/repository/resource_content.jsp?oid=1782239&queryString=%E5%8F%A3%E7%AC%9B HTTP/1.1" 200 28487
66.249.71.249 - - [25/Sep/2015:00:58:55 +0800] "GET /content/repository/resource_content.jsp?oid=279221&queryString=%E6%BC%A2%E4%BB%A3%20%E6%BC%A2%E7%B0%A1%20%E7%95%AA%E7%A4%BE%20%E7%95%AA%E7%A4%BE%E9%87%87%E9%A2%A8%E5%9C%96%20%E7%B0%A1%E7%89%98%20%E9%87%87%E9%A2%A8%E5%9C%96 HTTP/1.1" 200 31142
66.249.65.200 - - [25/Sep/2015:00:58:57 +0800] "GET /content/repository/resource_content.jsp?oid=15574&queryString=%E4%B8%89%E7%B7%9A%E9%9B%9E%E9%AD%9A%20%E9%9B%9E%E9%AD%9A HTTP/1.1" 200 34116
66.249.71.249 - - [25/Sep/2015:00:58:59 +0800] "GET /content/repository/resource_content.jsp?oid=1111557 HTTP/1.1" 200 30790
66.249.65.79 - - [25/Sep/2015:00:59:01 +0800] "GET /content/repository/resource_content.jsp?oid=175862&queryString=%E5%BD%B0%E5%BE%B7%E5%BA%9C HTTP/1.1" 200 30259
66.249.65.239 - - [25/Sep/2015:00:59:02 +0800] "GET /content/nav/relationSubject.jsp?relationWords=%E4%B8%80%E5%BA%9C%E6%95%99+%E5%81%A5%E5%BA%B7%E6%A1%88+%E5%AF%84%E7%94%9F%E8%9F%B2+%E8%9B%94%E8%9F%B2+&oid=1573118 HTTP/1.1" 200 3644
1.170.47.166 - - [25/Sep/2015:00:59:02 +0800] "GET /content/nav/relationSubject.jsp?relationWords=%E9%BB%91%E6%9D%BF%E6%A8%B9+&oid=16777262 HTTP/1.1" 200 3253
66.249.71.105 - - [25/Sep/2015:00:59:05 +0800] "GET /content/nav/relationSubject.jsp?relationWords=%E4%B8%80%E5%BA%9C%E6%95%99%20%E5%81%A5%E5%BA%B7%E6%A1%88%20%E5%AF%84%E7%94%9F%E8%9F%B2%20%E8%9B%94%E8%9F%B2%20&oid=1573118 HTTP/1.1" 200 3644
66.249.71.249 - - [25/Sep/2015:00:59:07 +0800] "GET /content/nav/relationSubject.jsp?relationWords=%E4%B8%81%E4%BA%8B+%E8%B1%AB%E7%9C%81+&oid=2679921 HTTP/1.1" 200 3116
66.249.71.249 - - [25/Sep/2015:00:59:09 +0800] "GET /content/nav/relationSubject.jsp?relationWords=%E4%B8%81%E4%BA%8B%20%E8%B1%AB%E7%9C%81%20&oid=2679921 HTTP/1.1" 200 3116
66.249.65.207 - - [25/Sep/2015:00:59:17 +0800] "GET /content/repository/resource_content.jsp?oid=1615436 HTTP/1.1" 200 29178
66.249.71.249 - - [25/Sep/2015:00:59:19 +0800] "GET /content/nav/relationSubject.jsp?relationWords=%E7%A7%BB%E9%80%81+&oid=2675339 HTTP/1.1" 200 3096
66.249.71.239 - - [25/Sep/2015:00:59:20 +0800] "GET /content/subject/resource_content.jsp?oid=16797287&queryType=qc HTTP/1.1" 200 88347
66.249.65.193 - - [25/Sep/2015:00:59:21 +0800] "GET /content/nav/relationSubject.jsp?relationWords=%E7%A7%BB%E9%80%81%20&oid=2675339 HTTP/1.1" 200 3096
66.249.71.239 - - [25/Sep/2015:00:59:28 +0800] "GET /content/repository/resource_content.jsp?oid=1774348 HTTP/1.1" 200 26808
66.249.71.229 - - [25/Sep/2015:00:59:32 +0800] "GET /content/repository/resource_content.jsp?oid=2574444 HTTP/1.1" 200 27905
66.249.71.54 - - [25/Sep/2015:00:59:37 +0800] "GET /content/subject/resource_content.jsp?oid=16777381&queryType=qc HTTP/1.1" 200 37140
66.249.65.207 - - [25/Sep/2015:00:59:38 +0800] "GET /content/nav/relationSubject.jsp?relationWords=%E5%9C%8B%E9%98%B2%E9%83%A8+%E7%91%9E%E8%8A%B3%E9%8E%AE+%E8%BA%AB%E5%88%86%E8%AD%89+&oid=1516927 HTTP/1.1" 200 5698
66.249.71.229 - - [25/Sep/2015:00:59:40 +0800] "GET /content/nav/relationSubject.jsp?relationWords=%E5%9C%8B%E9%98%B2%E9%83%A8%20%E7%91%9E%E8%8A%B3%E9%8E%AE%20%E8%BA%AB%E5%88%86%E8%AD%89%20&oid=1516927 HTTP/1.1" 200 5698
66.249.71.239 - - [25/Sep/2015:00:59:42 +0800] "GET /content/repository/resource_content.jsp?oid=1628070 HTTP/1.1" 200 28841
66.249.71.239 - - [25/Sep/2015:00:59:45 +0800] "GET /content/repository/resource_content.jsp?oid=1893944 HTTP/1.1" 200 28438
182.235.227.213 - - [25/Sep/2015:00:59:47 +0800] "GET /content/nav/relationSubject.jsp?relationWords=%E5%8D%83%E5%B9%B4%E6%A1%90+%E6%A1%90%E8%8A%B1+%E6%B2%B9%E6%A1%90+&oid=16777599 HTTP/1.1" 200 3738
66.249.71.239 - - [25/Sep/2015:00:59:49 +0800] "GET /content/repository/resource_content.jsp?oid=1635191 HTTP/1.1" 200 28919
66.249.71.45 - - [25/Sep/2015:00:59:54 +0800] "GET /content/repository/resource_content.jsp?oid=4362033&queryType=qs&queryString=%E5%8C%97%E6%B8%AF%E6%9C%9D%E5%A4%A9%E5%AE%AE HTTP/1.1" 200 28346
66.249.71.36 - - [25/Sep/2015:00:59:59 +0800] "GET /content/repository/resource_content.jsp?oid=4364299&queryType=qs&queryString=%E6%9C%A8%E6%9F%84 HTTP/1.1" 200 28854
66.249.71.239 - - [25/Sep/2015:01:00:00 +0800] "GET /content/subject/resource_content.jsp?oid=16777297 HTTP/1.1" 200 31727
66.249.71.229 - - [25/Sep/2015:01:00:04 +0800] "GET /content/repository/resource_content.jsp?oid=1108818 HTTP/1.1" 200 30583
66.249.71.239 - - [25/Sep/2015:01:00:05 +0800] "GET /content/repository/resource_content.jsp?oid=1107911&queryString=%E6%A4%8D%E7%89%A9%E7%95%8C%20%E7%9F%B3%E7%AB%B9%20%E8%8E%A7%E7%A7%91%20%E8%93%AE%E5%AD%90%20%E8%93%AE%E5%AD%90%E8%8D%89%E5%B1%AC HTTP/1.1" 200 31186
66.249.71.36 - - [25/Sep/2015:01:00:10 +0800] "GET /content/repository/resource_content.jsp?oid=4438074&queryString=%E6%94%BF%E6%B2%BB%E6%99%82%E8%A9%95 HTTP/1.1" 200 28485
66.249.71.226 - - [25/Sep/2015:01:00:15 +0800] "GET /content/subject/resource_content.jsp?oid=16777262&queryType=qs&queryString=%E8%A1%8C%E9%81%93%E6%A8%B9 HTTP/1.1" 200 32153
66.249.79.193 - - [25/Sep/2015:01:00:19 +0800] "GET /content/repository/resource_content.jsp?oid=1775193 HTTP/1.1" 200 29331
66.249.71.105 - - [25/Sep/2015:01:00:22 +0800] "GET /content/repository/resource_content.jsp?oid=2549423&queryType=qs&queryString=%E7%94%A8%E5%AF%B6 HTTP/1.1" 200 30083
66.249.71.229 - - [25/Sep/2015:01:00:23 +0800] "GET /content/nav/relationSubject.jsp?relationWords=%E4%B8%AD%E5%9C%8B%E5%A4%A7%E9%99%B8%E5%9C%B0%E5%9C%96+&oid=206924 HTTP/1.1" 200 1424
66.249.71.229 - - [25/Sep/2015:01:00:24 +0800] "GET /content/nav/relationSubject.jsp?relationWords=%E4%B8%89%E6%9E%97+%E5%B7%A5%E6%A5%AD%E5%8C%96+%E7%BE%8E%E6%8F%B4+%E8%B2%AF%E6%9C%A8%E6%B1%A0+%E9%97%8A%E8%91%89%E6%A8%B9+%E9%99%B3%E9%87%91+&oid=1555769 HTTP/1.1" 200 3897
66.249.71.239 - - [25/Sep/2015:01:00:25 +0800] "GET /content/nav/relationSubject.jsp?relationWords=%E4%B8%AD%E5%9C%8B%E5%A4%A7%E9%99%B8%E5%9C%B0%E5%9C%96%20&oid=206924 HTTP/1.1" 200 1424
66.249.71.239 - - [25/Sep/2015:01:00:27 +0800] "GET /content/nav/relationSubject.jsp?relationWords=%E4%B8%89%E6%9E%97%20%E5%B7%A5%E6%A5%AD%E5%8C%96%20%E7%BE%8E%E6%8F%B4%20%E8%B2%AF%E6%9C%A8%E6%B1%A0%20%E9%97%8A%E8%91%89%E6%A8%B9%20%E9%99%B3%E9%87%91%20&oid=1555769 HTTP/1.1" 200 3897
66.249.71.239 - - [25/Sep/2015:01:00:31 +0800] "GET /content/repository/resource_content.jsp?oid=1775577 HTTP/1.1" 200 31000
66.249.71.229 - - [25/Sep/2015:01:00:35 +0800] "GET /content/repository/resource_content.jsp?oid=2600242 HTTP/1.1" 200 29347
66.249.79.239 - - [25/Sep/2015:01:00:40 +0800] "GET /content/repository/resource_content.jsp?oid=2633875&queryType=qs&queryString=%E9%9A%B4%E5%B7%9E HTTP/1.1" 200 29811
66.249.71.239 - - [25/Sep/2015:01:00:47 +0800] "GET /digiarch_en/content/repository/resource_content.jsp?oid=15268&queryString=%E9%87%91%E9%8C%A2%E4%BB%94 HTTP/1.1" 200 27017
66.249.71.229 - - [25/Sep/2015:01:00:52 +0800] "GET /digiarch_en/content/subject/resource_content.jsp?oid=16777556&queryType=qc HTTP/1.1" 200 31104
66.249.71.54 - - [25/Sep/2015:01:00:54 +0800] "GET /content/nav/relationSubject.jsp?relationWords=%E6%8F%92%E7%A7%A7+%E7%99%BD%E9%9C%B2+&oid=4462402 HTTP/1.1" 200 5190
66.249.71.229 - - [25/Sep/2015:01:00:56 +0800] "GET /content/repository/resource_content.jsp?oid=1124068 HTTP/1.1" 200 29362
66.249.71.36 - - [25/Sep/2015:01:00:56 +0800] "GET /content/nav/relationSubject.jsp?relationWords=%E6%8F%92%E7%A7%A7%20%E7%99%BD%E9%9C%B2%20&oid=4462402 HTTP/1.1" 200 5190
66.249.71.229 - - [25/Sep/2015:01:00:58 +0800] "GET /content/nav/relationSubject.jsp?relationWords=%E6%95%99%E8%82%B2%E5%BB%B3+%E7%95%AB%E5%B1%95+%E8%87%BA%E7%81%A3%E7%9C%81%E6%94%BF%E5%BA%9C+%E9%A0%90%E7%AE%97+&oid=1900526 HTTP/1.1" 200 5330
66.249.71.229 - - [25/Sep/2015:01:01:00 +0800] "GET /content/nav/relationSubject.jsp?relationWords=%E6%95%99%E8%82%B2%E5%BB%B3%20%E7%95%AB%E5%B1%95%20%E8%87%BA%E7%81%A3%E7%9C%81%E6%94%BF%E5%BA%9C%20%E9%A0%90%E7%AE%97%20&oid=1900526 HTTP/1.1" 200 5330
66.249.71.239 - - [25/Sep/2015:01:01:12 +0800] "GET /content/repository/resource_content.jsp?oid=1517921 HTTP/1.1" 200 28603
66.249.71.229 - - [25/Sep/2015:01:01:16 +0800] "GET /content/repository/resource_content.jsp?oid=2627665 HTTP/1.1" 200 29900
66.249.71.216 - - [25/Sep/2015:01:01:19 +0800] "GET /content/nav/relationSubject.jsp?relationWords=%E5%8D%B0%E5%88%B7%E6%A9%9F+%E5%B7%A5%E7%A8%8B%E8%B2%BB+%E6%B4%A5%E8%B2%BC+%E7%94%B0%E8%B3%A6+%E7%A8%85%E5%8B%99+%E7%A8%85%E6%94%B6+%E8%B2%A1%E6%94%BF+%E8%B2%A1%E6%94%BF%E6%94%B6%E6%94%AF+&oid=1585178 HTTP/1.1" 200 5089
66.249.79.188 - - [25/Sep/2015:01:01:21 +0800] "GET /content/nav/relationSubject.jsp?relationWords=%E5%8D%B0%E5%88%B7%E6%A9%9F%20%E5%B7%A5%E7%A8%8B%E8%B2%BB%20%E6%B4%A5%E8%B2%BC%20%E7%94%B0%E8%B3%A6%20%E7%A8%85%E5%8B%99%20%E7%A8%85%E6%94%B6%20%E8%B2%A1%E6%94%BF%20%E8%B2%A1%E6%94%BF%E6%94%B6%E6%94%AF%20&oid=1585178 HTTP/1.1" 200 5089
66.249.71.229 - - [25/Sep/2015:01:01:35 +0800] "GET /content/nav/relationSubject.jsp?relationWords=%E4%B8%AD%E5%9C%8B%E5%A4%A7%E9%99%B8%E5%9C%B0%E5%9C%96+%E7%A7%8B%E6%B8%A0+&oid=207627 HTTP/1.1" 200 3167
36.231.103.16 - - [25/Sep/2015:01:01:35 +0800] "GET /content/nav/relationSubject.jsp?relationWords=%E7%A9%97%E8%8A%B1%E5%B1%B1%E5%A5%88+%E9%87%8E%E8%96%91%E8%8A%B1+&oid=16777263 HTTP/1.1" 200 3284
66.249.71.239 - - [25/Sep/2015:01:01:36 +0800] "GET /content/nav/relationSubject.jsp?relationWords=%E4%B8%AD%E5%9C%8B%E5%A4%A7%E9%99%B8%E5%9C%B0%E5%9C%96%20%E7%A7%8B%E6%B8%A0%20&oid=207627 HTTP/1.1" 200 3167
66.249.71.229 - - [25/Sep/2015:01:01:45 +0800] "GET /content/nav/relationSubject.jsp?relationWords=%E7%A6%AE%E7%A7%91+%E7%B3%BE%E5%8F%83+&oid=2516820 HTTP/1.1" 200 4047
66.249.71.229 - - [25/Sep/2015:01:01:47 +0800] "GET /content/nav/relationSubject.jsp?relationWords=%E7%A6%AE%E7%A7%91%20%E7%B3%BE%E5%8F%83%20&oid=2516820 HTTP/1.1" 200 4047
66.249.71.249 - - [25/Sep/2015:01:01:49 +0800] "GET /content/nav/relationSubject.jsp?relationWords=&oid=2577436 HTTP/1.1" 200 1405
66.249.71.105 - - [25/Sep/2015:01:01:52 +0800] "GET /content/nav/relationSubject.jsp?relationWords=%E5%85%94%E5%AD%90+%E6%9C%A8%E9%9B%95%E7%89%88%E7%95%AB+&oid=4362487 HTTP/1.1" 200 3076
66.249.71.121 - - [25/Sep/2015:01:01:54 +0800] "GET /content/nav/relationSubject.jsp?relationWords=%E5%85%94%E5%AD%90%20%E6%9C%A8%E9%9B%95%E7%89%88%E7%95%AB%20&oid=4362487 HTTP/1.1" 200 3076
66.249.71.229 - - [25/Sep/2015:01:02:06 +0800] "GET /content/repository/resource_content.jsp?oid=1098536 HTTP/1.1" 200 30996
66.249.71.36 - - [25/Sep/2015:01:02:06 +0800] "GET /content/nav/relationSubject.jsp?relationWords=%E7%B8%BD%E6%B2%B3+&oid=2511878 HTTP/1.1" 200 3087
66.249.71.229 - - [25/Sep/2015:01:02:08 +0800] "GET /content/repository/resource_content.jsp?oid=1531368 HTTP/1.1" 200 28742
66.249.71.54 - - [25/Sep/2015:01:02:08 +0800] "GET /content/nav/relationSubject.jsp?relationWords=%E7%B8%BD%E6%B2%B3%20&oid=2511878 HTTP/1.1" 200 3087
66.249.79.172 - - [25/Sep/2015:01:02:10 +0800] "GET /content/repository/resource_content.jsp?oid=14578&queryString=%E7%B4%85%E6%9F%B3%E5%86%B7%E4%BB%94%20%E7%B4%B0%E9%95%B7%20%E7%B4%B0%E9%B1%97%E6%93%AC%E9%B8%9A%E9%AF%9B%20%E8%96%84%E8%98%87%E5%BD%9D%E5%A3%AB%E9%AD%9A%20%E9%95%B7%E8%98%87%20%E9%9A%86%E9%A0%AD%E9%AD%9A%20%E9%9A%86%E9%A0%AD%E9%AD%9A%E7%A7%91 HTTP/1.1" 200 33888
66.249.71.229 - - [25/Sep/2015:01:02:17 +0800] "GET /content/repository/resource_content.jsp?oid=1897427 HTTP/1.1" 200 28698
66.249.71.239 - - [25/Sep/2015:01:02:22 +0800] "GET /content/repository/resource_content.jsp?oid=1081671&queryString=%E7%AE%A1%E5%90%BB%E9%AD%A8 HTTP/1.1" 200 34489
66.249.71.239 - - [25/Sep/2015:01:02:25 +0800] "GET /content/repository/resource_content.jsp?oid=1560704 HTTP/1.1" 200 28572
66.249.79.181 - - [25/Sep/2015:01:02:26 +0800] "GET /content/nav/relationSubject.jsp?relationWords=&oid=4470384 HTTP/1.1" 200 1405
66.249.71.249 - - [25/Sep/2015:01:02:28 +0800] "GET /content/repository/resource_content.jsp?oid=1610878 HTTP/1.1" 200 29815
66.249.71.229 - - [25/Sep/2015:01:02:30 +0800] "GET /content/repository/resource_content.jsp?oid=3826322&queryString=%E6%9F%B3%E8%91%89%E8%8F%9C%20%E6%9F%B3%E8%91%89%E8%8F%9C%E5%B1%AC%20%E6%A1%83%E9%87%91%E5%AD%83%20%E6%A4%8D%E7%89%A9%E7%95%8C%20%E9%BB%91%E9%BE%8D%E6%B1%9F%E6%9F%B3%E8%91%89%E8%8F%9C HTTP/1.1" 200 31240
66.249.71.229 - - [25/Sep/2015:01:02:35 +0800] "GET /content/repository/resource_content.jsp?oid=751641 HTTP/1.1" 200 28704
66.249.71.249 - - [25/Sep/2015:01:02:38 +0800] "GET /content/repository/resource_content.jsp?oid=4352580&queryString=%E8%9D%B4%E8%9D%B6%E9%AD%9A%E7%A7%91%20%E8%A4%90%E5%B8%B6%E5%B0%91%E5%A5%B3%E9%AD%9A HTTP/1.1" 200 34437
