66.249.71.72 - - [23/Aug/2015:03:28:57 +0800] "GET /content/nav/relationSubject.jsp?relationWords=%E5%86%8D%E8%88%88%20%E8%98%87%E8%8A%B1%20%E8%98%87%E8%8A%B1%E5%85%AC%E8%B7%AF%20&oid=1623389 HTTP/1.1" 200 3998
66.249.71.14 - - [23/Aug/2015:03:28:59 +0800] "GET /digiarch3/content/nav/relationSubject.jsp?relationWords=%E7%9A%87%E5%A4%AA%E5%90%8E+%E7%A6%AE%E9%83%A8+%E8%81%96%E8%AA%95+&oid=2689276 HTTP/1.1" 200 4047
66.249.79.67 - - [23/Aug/2015:03:29:02 +0800] "GET /content/subject/resource_content.jsp?oid=16777630&queryType=qs&queryString=%E6%84%9B%E5%9C%8B%E5%A9%A6%E4%BA%BA%E6%9C%83 HTTP/1.1" 200 65087
66.249.79.72 - - [23/Aug/2015:03:29:11 +0800] "GET /digiarch3/content/nav/relationSubject.jsp?relationWords=%E7%9A%87%E5%A4%AA%E5%90%8E%20%E7%A6%AE%E9%83%A8%20%E8%81%96%E8%AA%95%20&oid=2689276 HTTP/1.1" 200 4047
66.249.71.36 - - [23/Aug/2015:03:29:21 +0800] "GET /content/subject/resource_content.jsp?oid=16777653&queryType=qs&queryString=%E7%B4%A1%E7%B9%94%E5%BB%A0 HTTP/1.1" 200 57784
66.249.71.72 - - [23/Aug/2015:03:29:27 +0800] "GET /content/nav/relationSubject.jsp?relationWords=%E6%A9%9F%E8%BB%8A+&oid=1621326 HTTP/1.1" 200 7829
66.249.71.54 - - [23/Aug/2015:03:30:16 +0800] "GET /content/subject/resource_content.jsp?oid=16777753&queryType=qs&queryString=%E8%AA%B2%E7%A8%8B%E6%A8%99%E6%BA%96 HTTP/1.1" 200 36793
66.249.71.45 - - [23/Aug/2015:03:30:17 +0800] "GET /content/subject/resource_content.jsp?oid=16777653&queryType=qs&queryString=%E7%94%B7%E5%A5%B3%E5%B9%B3%E6%AC%8A HTTP/1.1" 200 57804
66.249.79.16 - - [23/Aug/2015:03:30:18 +0800] "GET /content/nav/relationSubject.jsp?relationWords=%E8%80%83%E7%B8%BE+%E9%99%B3%E6%B7%91%E6%95%8F+&oid=1895781 HTTP/1.1" 200 3483
66.249.71.45 - - [23/Aug/2015:03:30:21 +0800] "GET /content/subject/resource_content.jsp?oid=16777517&queryType=qs&queryString=%E5%A4%A7%E5%AD%B8%E5%A0%B1 HTTP/1.1" 200 51787
66.249.71.60 - - [23/Aug/2015:03:30:22 +0800] "GET /content/nav/relationSubject.jsp?relationWords=%E8%80%83%E7%B8%BE%20%E9%99%B3%E6%B7%91%E6%95%8F%20&oid=1895781 HTTP/1.1" 200 3483
66.249.71.60 - - [23/Aug/2015:03:30:38 +0800] "GET /content/nav/relationSubject.jsp?relationWords=%E5%88%9D%E4%B8%AD+%E5%9C%8B%E6%B0%91%E5%AD%B8%E6%A0%A1+%E7%A7%91%E5%AD%B8%E6%95%99%E8%82%B2+%E9%80%B2%E4%BF%AE+%E9%9B%BB%E5%BD%B1%E9%99%A2+&oid=1550859 HTTP/1.1" 200 3299
66.249.71.54 - - [23/Aug/2015:03:30:41 +0800] "GET /content/repository/resource_content.jsp?oid=2510762&queryType=qs&queryString=%E5%8D%97%E5%85%83 HTTP/1.1" 200 29870
66.249.71.72 - - [23/Aug/2015:03:30:41 +0800] "GET /content/nav/relationSubject.jsp?relationWords=%E5%88%9D%E4%B8%AD%20%E5%9C%8B%E6%B0%91%E5%AD%B8%E6%A0%A1%20%E7%A7%91%E5%AD%B8%E6%95%99%E8%82%B2%20%E9%80%B2%E4%BF%AE%20%E9%9B%BB%E5%BD%B1%E9%99%A2%20&oid=1550859 HTTP/1.1" 200 3299
66.249.71.119 - - [23/Aug/2015:03:31:01 +0800] "GET /content/subject/resource_content.jsp?oid=16777617&queryType=qs&queryString=%E9%86%AB%E5%AD%B8%E6%95%99%E8%82%B2 HTTP/1.1" 200 60986
66.249.79.16 - - [23/Aug/2015:03:31:22 +0800] "GET /content/tmp_exh/resource_content.jsp?oid=16777798&queryType=qc HTTP/1.1" 200 32372
66.249.79.9 - - [23/Aug/2015:03:31:31 +0800] "GET /content/nav/relationSubject.jsp?relationWords=%E5%BF%8D%E5%86%AC%E7%A7%91+%E6%A4%8D%E7%89%A9%E7%95%8C+&oid=1464242 HTTP/1.1" 200 1425
66.249.71.64 - - [23/Aug/2015:03:31:33 +0800] "GET /content/nav/relationSubject.jsp?relationWords=%E5%BF%8D%E5%86%AC%E7%A7%91%20%E6%A4%8D%E7%89%A9%E7%95%8C%20&oid=1464242 HTTP/1.1" 200 1425
66.249.71.127 - - [23/Aug/2015:03:31:41 +0800] "GET /content/subject/resource_content.jsp?oid=16777508&queryType=qs&queryString=%E6%9D%B1%E5%8D%97%E4%BA%9E HTTP/1.1" 200 36251
220.181.108.150 - - [23/Aug/2015:03:32:18 +0800] "GET /content/subject/resource_content.jsp?oid=16777379 HTTP/1.1" 200 43424
66.249.71.64 - - [23/Aug/2015:03:33:21 +0800] "GET /content/repository/resource_content.jsp?oid=1457350 HTTP/1.1" 200 30926
66.249.79.16 - - [23/Aug/2015:03:34:22 +0800] "GET /content/subject/resource_content.jsp?oid=16777349&queryString=%E9%9D%92%E5%89%9B%E6%AB%9F HTTP/1.1" 200 36851
66.249.71.60 - - [23/Aug/2015:03:34:27 +0800] "GET /content/repository/resource_content.jsp?oid=1517668&queryString=%E9%98%BF%E7%9C%89%E6%97%8F HTTP/1.1" 200 29242
66.249.79.9 - - [23/Aug/2015:03:34:44 +0800] "GET /content/nav/relationSubject.jsp?relationWords=%E5%8D%97%E6%BE%B3%E9%84%89+%E5%AE%89%E5%85%A8%E6%A1%88+%E6%9C%8D%E5%8B%99%E5%93%81%E8%B3%AA+&oid=1621159 HTTP/1.1" 200 3429
66.249.71.64 - - [23/Aug/2015:03:34:48 +0800] "GET /content/nav/relationSubject.jsp?relationWords=%E5%8D%97%E6%BE%B3%E9%84%89%20%E5%AE%89%E5%85%A8%E6%A1%88%20%E6%9C%8D%E5%8B%99%E5%93%81%E8%B3%AA%20&oid=1621159 HTTP/1.1" 200 3429
66.249.71.127 - - [23/Aug/2015:03:35:02 +0800] "GET /content/subject/resource_content.jsp?oid=16797290&queryType=qc HTTP/1.1" 200 48344
66.249.71.72 - - [23/Aug/2015:03:35:22 +0800] "GET /content/tmp_exh/resource_content.jsp?oid=16777847&queryType=qc HTTP/1.1" 200 45322
66.249.71.119 - - [23/Aug/2015:03:35:42 +0800] "GET /content/repository/resource_content.jsp?oid=4362417&queryString=%E6%A1%83%E7%AC%A6%20%E7%A5%9E%E8%8D%BC%20%E9%AC%B1%E5%A3%98 HTTP/1.1" 200 28251
66.249.71.14 - - [23/Aug/2015:03:36:03 +0800] "GET /content/nav/relationSubject.jsp?relationWords=%E6%96%87%E5%8C%96%E4%B8%AD%E5%BF%83+%E6%9A%A8%E5%8D%97%E5%A4%A7%E5%AD%B8+&oid=16777829 HTTP/1.1" 200 5600
66.249.71.14 - - [23/Aug/2015:03:36:07 +0800] "GET /content/nav/relationSubject.jsp?relationWords=%E6%96%87%E5%8C%96%E4%B8%AD%E5%BF%83%20%E6%9A%A8%E5%8D%97%E5%A4%A7%E5%AD%B8%20&oid=16777829 HTTP/1.1" 200 5600
66.249.71.36 - - [23/Aug/2015:03:36:22 +0800] "GET /content/repository/resource_content.jsp?oid=2683695&queryType=qs&queryString=%E5%AF%A7%E9%81%A0 HTTP/1.1" 200 30309
66.249.71.36 - - [23/Aug/2015:03:36:42 +0800] "GET /content/repository/resource_content.jsp?oid=1832433&queryType=qs&queryString=%E9%83%BD%E5%B0%89 HTTP/1.1" 200 40241
66.249.71.60 - - [23/Aug/2015:03:36:51 +0800] "GET /content/nav/relationSubject.jsp?relationWords=%E5%90%8F%E9%83%A8+&oid=2676635 HTTP/1.1" 200 3101
66.249.71.60 - - [23/Aug/2015:03:36:53 +0800] "GET /content/nav/relationSubject.jsp?relationWords=%E4%B8%AD%E5%9C%8B%E5%A4%A7%E9%99%B8%E5%9C%B0%E5%9C%96+%E5%A4%A7%E8%89%AF%E5%B2%A1+&oid=206833 HTTP/1.1" 200 3159
66.249.71.64 - - [23/Aug/2015:03:36:53 +0800] "GET /content/nav/relationSubject.jsp?relationWords=%E5%90%8F%E9%83%A8%20&oid=2676635 HTTP/1.1" 200 3101
66.249.71.64 - - [23/Aug/2015:03:36:55 +0800] "GET /content/nav/relationSubject.jsp?relationWords=%E4%B8%AD%E5%9C%8B%E5%A4%A7%E9%99%B8%E5%9C%B0%E5%9C%96%20%E5%A4%A7%E8%89%AF%E5%B2%A1%20&oid=206833 HTTP/1.1" 200 3159
66.249.71.54 - - [23/Aug/2015:03:37:02 +0800] "GET /content/repository/resource_content.jsp?oid=2520307&queryType=qs&queryString=%E4%BD%99%E6%B0%8F HTTP/1.1" 200 30153
66.249.71.64 - - [23/Aug/2015:03:37:10 +0800] "GET /content/nav/relationSubject.jsp?relationWords=%E5%8F%B0%E7%81%A3%E5%8E%9F%E4%BD%8F%E6%B0%91+%E5%B1%B1%E7%A5%9E+%E7%A5%9E%E5%AD%B8+%E9%9F%B3%E6%A8%82%E7%B3%BB+&oid=1775308 HTTP/1.1" 200 5164
66.249.71.64 - - [23/Aug/2015:03:37:12 +0800] "GET /content/nav/relationSubject.jsp?relationWords=%E5%8F%B0%E7%81%A3%E5%8E%9F%E4%BD%8F%E6%B0%91%20%E5%B1%B1%E7%A5%9E%20%E7%A5%9E%E5%AD%B8%20%E9%9F%B3%E6%A8%82%E7%B3%BB%20&oid=1775308 HTTP/1.1" 200 5164
66.249.71.36 - - [23/Aug/2015:03:37:22 +0800] "GET /content/repository/resource_content.jsp?oid=2647759&queryString=%E7%A6%AE%E8%A6%AA%E7%8E%8B%20%E7%A7%81%E7%A7%9F HTTP/1.1" 200 30456
66.249.79.73 - - [23/Aug/2015:03:38:01 +0800] "GET /content/repository/resource_content.jsp?oid=1545852&queryType=qs&queryString=%E7%94%A2%E6%AC%8A HTTP/1.1" 200 30046
66.249.71.72 - - [23/Aug/2015:03:38:06 +0800] "GET /content/nav/relationSubject.jsp?relationWords=%E6%A4%8D%E7%89%A9%E7%95%8C+%E6%AF%9B%E8%8C%9B+%E6%AF%9B%E8%8C%9B%E5%B1%AC+%E6%AF%9B%E8%8C%9B%E7%A7%91+%E6%B0%B4%E8%BE%A3%E8%8F%9C+%E7%A6%BA%E6%AF%9B%E8%8C%9B+&oid=1459158 HTTP/1.1" 200 3426
66.249.79.67 - - [23/Aug/2015:03:38:12 +0800] "GET /content/nav/relationSubject.jsp?relationWords=%E5%8E%9F%E7%A8%9F+%E6%B9%96%E5%BB%A3+&oid=2674129 HTTP/1.1" 200 3140
66.249.79.9 - - [23/Aug/2015:03:38:17 +0800] "GET /digiarch_en/content/repository/resource_content.jsp?oid=1126281&queryString=%E5%B0%96%E8%A7%92%E6%B1%9F%E7%8F%A7%E8%9B%A4%20%E6%B1%9F%E7%8F%A7%E8%9B%A4%20%E8%9B%A4%E7%A7%91%20%E8%B2%BD%E8%B2%9D%20%E9%9B%99%E6%AE%BC%E7%B6%B1 HTTP/1.1" 200 24162
66.249.71.3 - - [23/Aug/2015:03:38:21 +0800] "GET /content/nav/relationSubject.jsp?relationWords=%E4%B8%8A%E8%94%A1+%E5%95%86%E5%9F%A0+%E5%9F%A0%E7%AB%A0+%E5%B4%B4%E4%BA%8B+%E6%9C%83%E5%AF%A9%E5%85%AC+%E6%B5%B7%E5%8F%83+%E7%A7%BB%E4%BA%A4+%E7%BD%B7%E5%B7%A5+%E9%96%8B%E7%81%A4%E7%A4%A6+&oid=606788 HTTP/1.1" 200 3406
66.249.71.64 - - [23/Aug/2015:03:38:25 +0800] "GET /content/nav/relationSubject.jsp?relationWords=%E6%A4%8D%E7%89%A9%E7%95%8C%20%E6%AF%9B%E8%8C%9B%20%E6%AF%9B%E8%8C%9B%E5%B1%AC%20%E6%AF%9B%E8%8C%9B%E7%A7%91%20%E6%B0%B4%E8%BE%A3%E8%8F%9C%20%E7%A6%BA%E6%AF%9B%E8%8C%9B%20&oid=1459158 HTTP/1.1" 200 3426
66.249.71.45 - - [23/Aug/2015:03:38:28 +0800] "GET /content/subject/resource_content.jsp?oid=16777233&queryType=qs&queryString=%E7%B4%80%E5%BF%B5%E9%A4%A8 HTTP/1.1" 200 29672
66.249.71.72 - - [23/Aug/2015:03:38:31 +0800] "GET /content/nav/relationSubject.jsp?relationWords=%E7%A2%8E%E7%B1%B3%E8%96%BA%E5%B1%AC+&oid=1108201 HTTP/1.1" 200 2981
66.249.71.54 - - [23/Aug/2015:03:38:33 +0800] "GET /content/nav/relationSubject.jsp?relationWords=%E5%8E%9F%E7%A8%9F%20%E6%B9%96%E5%BB%A3%20&oid=2674129 HTTP/1.1" 200 3140
66.249.71.127 - - [23/Aug/2015:03:38:35 +0800] "GET /content/nav/relationSubject.jsp?relationWords=%E4%B8%8A%E8%94%A1%20%E5%95%86%E5%9F%A0%20%E5%9F%A0%E7%AB%A0%20%E5%B4%B4%E4%BA%8B%20%E6%9C%83%E5%AF%A9%E5%85%AC%20%E6%B5%B7%E5%8F%83%20%E7%A7%BB%E4%BA%A4%20%E7%BD%B7%E5%B7%A5%20%E9%96%8B%E7%81%A4%E7%A4%A6%20&oid=606788 HTTP/1.1" 200 3406
66.249.71.60 - - [23/Aug/2015:03:38:37 +0800] "GET /content/nav/relationSubject.jsp?relationWords=%E7%A2%8E%E7%B1%B3%E8%96%BA%E5%B1%AC%20&oid=1108201 HTTP/1.1" 200 2981
68.180.228.24 - - [23/Aug/2015:03:38:41 +0800] "GET /content/repository/resource_content.jsp?oid=1123156&queryType=qc HTTP/1.1" 200 34432
66.249.71.14 - - [23/Aug/2015:03:39:02 +0800] "GET /digiarch3/content/subject/resource_content.jsp?oid=16777233&queryType=qs&queryString=%E7%B4%80%E5%BF%B5%E9%A4%A8 HTTP/1.1" 200 29670
66.249.71.119 - - [23/Aug/2015:03:39:14 +0800] "GET /content/nav/relationSubject.jsp?relationWords=%E4%BF%9D%E7%95%99%E5%9C%B0+%E5%9C%8B%E6%9C%89%E6%9E%97+%E5%9C%B0%E4%BF%9D+%E6%98%93%E6%9E%97+%E6%9E%97%E7%94%A2+%E6%BC%AB%E6%A4%8D%E6%9E%97+%E8%B3%AA%E8%A9%A2+&oid=1551829 HTTP/1.1" 200 4479
66.249.71.3 - - [23/Aug/2015:03:39:22 +0800] "GET /content/repository/resource_content.jsp?oid=3123927&queryString=%E6%9C%A8%E8%B3%8A%20%E6%9C%A8%E8%B3%8A%E5%B1%AC%20%E6%9C%A8%E8%B3%8A%E7%A7%91%20%E6%A4%8D%E7%89%A9%E7%95%8C HTTP/1.1" 200 29926
66.249.79.39 - - [23/Aug/2015:03:39:38 +0800] "GET /content/nav/relationSubject.jsp?relationWords=%E4%BF%9D%E7%95%99%E5%9C%B0%20%E5%9C%8B%E6%9C%89%E6%9E%97%20%E5%9C%B0%E4%BF%9D%20%E6%98%93%E6%9E%97%20%E6%9E%97%E7%94%A2%20%E6%BC%AB%E6%A4%8D%E6%9E%97%20%E8%B3%AA%E8%A9%A2%20&oid=1551829 HTTP/1.1" 200 4479
66.249.79.61 - - [23/Aug/2015:03:39:43 +0800] "GET /content/repository/resource_content.jsp?oid=1780266&queryString=%E6%8F%92%E6%9F%84%E6%A8%99%E6%A7%8D HTTP/1.1" 200 28930
66.249.71.36 - - [23/Aug/2015:03:40:02 +0800] "GET /content/repository/resource_content.jsp?oid=2686157&queryType=qs&queryString=%E8%92%99%E5%8F%A4%E7%8E%8B HTTP/1.1" 200 30476
220.181.108.162 - - [23/Aug/2015:03:40:12 +0800] "GET /content/subject/resource_content.jsp?oid=16777793&queryType=qc HTTP/1.1" 200 42682
66.249.79.16 - - [23/Aug/2015:03:40:21 +0800] "GET /content/nav/relationSubject.jsp?relationWords=%E6%A4%8D%E7%89%A9%E7%95%8C+%E7%9F%B3%E7%AB%B9+%E7%9F%B3%E7%AB%B9%E7%A7%91+%E8%A0%85%E5%AD%90%E8%8D%89+%E8%A0%85%E5%AD%90%E8%8D%89%E5%B1%AC+&oid=1459670 HTTP/1.1" 200 3374
66.249.79.23 - - [23/Aug/2015:03:40:24 +0800] "GET /content/repository/resource_content.jsp?oid=1895867 HTTP/1.1" 200 28828
123.125.71.92 - - [23/Aug/2015:03:40:27 +0800] "GET /content/subject/resource_content.jsp?oid=16777570&queryType=qc HTTP/1.1" 200 40493
66.249.71.127 - - [23/Aug/2015:03:40:41 +0800] "GET /content/nav/relationSubject.jsp?relationWords=%E6%B0%B4%E6%B3%B3+%E9%81%8B%E5%8B%95%E6%9C%83+&oid=4494248 HTTP/1.1" 200 3868
66.249.79.16 - - [23/Aug/2015:03:40:44 +0800] "GET /content/repository/resource_content.jsp?oid=2516351 HTTP/1.1" 200 29754
66.249.71.3 - - [23/Aug/2015:03:40:44 +0800] "GET /content/nav/relationSubject.jsp?relationWords=%E6%B0%B4%E6%B3%B3%20%E9%81%8B%E5%8B%95%E6%9C%83%20&oid=4494248 HTTP/1.1" 200 3868
66.249.71.72 - - [23/Aug/2015:03:40:53 +0800] "GET /content/nav/relationSubject.jsp?relationWords=%E7%89%8C%E7%85%A7%E7%A8%85+%E8%A5%BF%E8%9E%BA%E5%A4%A7%E6%A9%8B+&oid=1539207 HTTP/1.1" 200 5135
66.249.79.9 - - [23/Aug/2015:03:40:55 +0800] "GET /content/nav/relationSubject.jsp?relationWords=%E7%89%8C%E7%85%A7%E7%A8%85%20%E8%A5%BF%E8%9E%BA%E5%A4%A7%E6%A9%8B%20&oid=1539207 HTTP/1.1" 200 5135
66.249.71.64 - - [23/Aug/2015:03:41:02 +0800] "GET /content/repository/resource_content.jsp?oid=2552681 HTTP/1.1" 200 29798
66.249.71.127 - - [23/Aug/2015:03:41:22 +0800] "GET /content/subject/resource_content.jsp?oid=16777221&queryString=%E6%BB%95%E7%B8%A3%20%E6%BC%A2%E4%BB%A3%20%E9%A1%8C%E8%A8%98 HTTP/1.1" 200 23563
188.165.15.201 - - [23/Aug/2015:03:41:32 +0800] "GET /digiarch3/content/subject/resource_content.jsp?oid=16777263&queryType=qc HTTP/1.1" 200 30870
66.249.71.3 - - [23/Aug/2015:03:41:43 +0800] "GET /content/repository/resource_content.jsp?oid=4387955&queryString=%E5%8D%91%E5%8D%97%E6%97%8F%20%E8%A6%AA%E5%B1%AC%E5%88%B6%E5%BA%A6%20%E9%AD%AF%E5%87%B1%20%E9%AD%AF%E5%87%B1%E6%97%8F HTTP/1.1" 200 31346
66.249.71.3 - - [23/Aug/2015:03:42:03 +0800] "GET /content/repository/resource_content.jsp?oid=1811131&queryString=%E5%98%89%E7%A5%A5%20%E5%98%89%E7%A5%A5%E7%B8%A3%20%E5%B1%B1%E5%B7%A6%20%E9%A1%8C%E8%A8%98 HTTP/1.1" 200 49279
66.249.71.119 - - [23/Aug/2015:03:42:20 +0800] "GET /content/nav/relationSubject.jsp?relationWords=%E5%90%AB%E7%BE%9E%E8%8D%89+%E5%90%AB%E7%BE%9E%E8%8D%89%E5%B1%AC+%E6%A4%8D%E7%89%A9%E7%95%8C+%E8%A0%B6%E8%B1%86+%E9%9B%99%E5%AD%90%E8%91%89%E6%A4%8D%E7%89%A9+&oid=2151952 HTTP/1.1" 200 3409
66.249.71.127 - - [23/Aug/2015:03:42:21 +0800] "GET /content/nav/relationSubject.jsp?relationWords=%E5%B7%A1%E6%92%AB+&oid=2519083 HTTP/1.1" 200 3084
66.249.71.119 - - [23/Aug/2015:03:42:23 +0800] "GET /content/repository/resource_content.jsp?oid=2676280&queryString=%E5%8D%83%E7%B8%BD%20%E5%AE%88%E5%82%99%E4%BA%8B HTTP/1.1" 200 30809
66.249.71.3 - - [23/Aug/2015:03:42:24 +0800] "GET /content/nav/relationSubject.jsp?relationWords=%E5%B7%A1%E6%92%AB%20&oid=2519083 HTTP/1.1" 200 3084
66.249.71.72 - - [23/Aug/2015:03:43:12 +0800] "GET /content/subject/resource_content.jsp?oid=16797282&queryType=qc HTTP/1.1" 200 78892
66.249.71.3 - - [23/Aug/2015:03:43:13 +0800] "GET /content/repository/resource_content.jsp?oid=1897800&queryString=%E4%BA%BA%E5%90%8D%E6%AC%8A%E5%A8%81%20%E5%A4%96%E4%BA%A4%E9%83%A8%20%E5%B7%B4%E9%BB%8E%E5%92%8C%E6%9C%83%20%E8%8A%AE%E6%81%A9%E6%96%BD HTTP/1.1" 200 29537
66.249.71.127 - - [23/Aug/2015:03:43:14 +0800] "GET /content/repository/resource_content.jsp?oid=1895161&queryString=%E4%BD%8E%E5%88%A9%E8%B2%B8%E6%AC%BE%20%E4%BF%A1%E8%A8%97%20%E7%9C%81%E6%94%BF%E5%BA%9C%20%E7%BE%8E%E6%8F%B4%20%E8%A7%80%E5%85%89%E6%97%85%E9%A4%A8%20%E8%B3%AA%E8%A9%A2%20%E9%99%B3%E9%87%8D%E5%85%89%20%E9%A2%A8%E6%99%AF%E5%8D%80 HTTP/1.1" 200 30805
66.249.71.127 - - [23/Aug/2015:03:43:14 +0800] "GET /content/nav/relationSubject.jsp?relationWords=%E5%88%91%E9%83%A8+&oid=2680523 HTTP/1.1" 200 3095
66.249.71.60 - - [23/Aug/2015:03:43:17 +0800] "GET /content/nav/relationSubject.jsp?relationWords=&oid=2611698 HTTP/1.1" 200 1405
66.249.71.3 - - [23/Aug/2015:03:43:19 +0800] "GET /content/nav/relationSubject.jsp?relationWords=%E5%88%91%E9%83%A8%20&oid=2680523 HTTP/1.1" 200 3095
66.249.71.119 - - [23/Aug/2015:03:43:23 +0800] "GET /content/repository/resource_content.jsp?oid=1562616&queryString=%E4%B8%89%E6%B0%91%E4%B8%BB%E7%BE%A9%20%E6%95%99%E8%82%B2%E5%BB%B3%20%E6%95%99%E8%82%B2%E6%94%BF%E7%AD%96%20%E6%99%BA%E5%81%89%20%E6%B0%91%E6%97%8F%E4%B8%BB%E7%BE%A9%20%E6%B0%91%E6%AC%8A%E4%B8%BB%E7%BE%A9%20%E6%B0%91%E7%94%9F%E4%B8%BB%E7%BE%A9 HTTP/1.1" 200 29611
66.249.79.9 - - [23/Aug/2015:03:43:23 +0800] "GET /content/nav/relationSubject.jsp?relationWords=%E4%B8%AD%E8%85%B9%E8%B6%B3%E7%9B%AE+%E6%B5%B7%E5%85%94%E8%9E%BA+%E7%9C%9F%E7%8F%A0%E6%B5%B7%E5%85%94%E8%9E%BA+%E8%85%B9%E8%B6%B3%E7%B6%B1+&oid=1636766 HTTP/1.1" 200 3381
66.249.71.3 - - [23/Aug/2015:03:43:43 +0800] "GET /content/repository/resource_content.jsp?oid=1555139&queryString=%E5%8C%96%E5%AD%B8%E5%B7%A5%E6%A5%AD%20%E5%B1%95%E8%A6%BD%E6%9C%83%20%E5%B7%A5%E6%A5%AD%E5%B1%95%20%E5%B7%A5%E6%A5%AD%E5%B1%95%E8%A6%BD%E6%9C%83 HTTP/1.1" 200 29325
66.249.71.3 - - [23/Aug/2015:03:43:45 +0800] "GET /content/nav/relationSubject.jsp?relationWords=%E5%AD%B8%E4%BB%94+%E6%89%81%E9%A0%9C%E9%87%9D%E9%AD%9A+%E6%89%81%E9%B6%B4%E9%B1%B5+%E6%A9%AB%E5%B8%B6+%E7%99%BD%E5%A4%A9%E9%9D%92%E6%97%97+%E9%9D%92%E6%97%97+%E9%B6%B4%E9%B1%B5%E7%A7%91+&oid=14668 HTTP/1.1" 200 3627
66.249.71.3 - - [23/Aug/2015:03:43:48 +0800] "GET /content/nav/relationSubject.jsp?relationWords=%E5%AD%B8%E4%BB%94%20%E6%89%81%E9%A0%9C%E9%87%9D%E9%AD%9A%20%E6%89%81%E9%B6%B4%E9%B1%B5%20%E6%A9%AB%E5%B8%B6%20%E7%99%BD%E5%A4%A9%E9%9D%92%E6%97%97%20%E9%9D%92%E6%97%97%20%E9%B6%B4%E9%B1%B5%E7%A7%91%20&oid=14668 HTTP/1.1" 200 3627
66.249.79.61 - - [23/Aug/2015:03:43:53 +0800] "GET /content/nav/relationSubject.jsp?relationWords=%E5%A8%98%E4%BB%94%E9%AD%9A+%E9%98%BF%E5%8D%97%E9%AD%9A+%E9%9A%86%E9%A0%AD%E9%AD%9A%E7%A7%91+%E9%9B%99%E6%96%91%E9%98%BF%E5%8D%97%E9%AD%9A+%E9%9B%99%E6%96%91%E9%B8%9A%E9%AF%9B+&oid=15738 HTTP/1.1" 200 3778
66.249.71.45 - - [23/Aug/2015:03:44:00 +0800] "GET /content/nav/relationSubject.jsp?relationWords=%E6%9D%8E%E5%8D%89+%E7%B9%94%E5%B8%83%E5%A9%A6+&oid=4358261 HTTP/1.1" 200 3007
66.249.71.54 - - [23/Aug/2015:03:44:01 +0800] "GET /content/nav/relationSubject.jsp?relationWords=%E6%9D%8E%E5%8D%89%20%E7%B9%94%E5%B8%83%E5%A9%A6%20&oid=4358261 HTTP/1.1" 200 3007
66.249.71.119 - - [23/Aug/2015:03:44:03 +0800] "GET /content/repository/resource_content.jsp?oid=2557014&queryString=%E8%A3%9C%E5%8F%83%E5%B0%87%20%E9%96%A9%E6%B5%99%E7%B8%BD%E7%9D%A3 HTTP/1.1" 200 30641
66.249.71.119 - - [23/Aug/2015:03:44:19 +0800] "GET /content/nav/relationSubject.jsp?relationWords=%E5%A4%A7%E5%B1%8B%E6%9B%B8%E6%88%BF+%E6%A5%8A%E9%9B%B2%E8%90%8D+&oid=2470587 HTTP/1.1" 200 3332
66.249.71.127 - - [23/Aug/2015:03:44:26 +0800] "GET /content/nav/relationSubject.jsp?relationWords=%E5%A4%A7%E5%B1%8B%E6%9B%B8%E6%88%BF%20%E6%A5%8A%E9%9B%B2%E8%90%8D%20&oid=2470587 HTTP/1.1" 200 3332
66.249.71.3 - - [23/Aug/2015:03:44:43 +0800] "GET /content/repository/resource_content.jsp?oid=4388142&queryString=%E4%BA%94%E5%B9%B4%E7%A5%AD%20%E5%8F%A4%E6%A8%93%E6%9D%91%20%E6%AD%B2%E6%99%82%E7%A5%AD%E5%84%80%20%E7%A5%AD%E5%84%80 HTTP/1.1" 200 31286
66.249.79.23 - - [23/Aug/2015:03:44:50 +0800] "GET /content/nav/relationSubject.jsp?relationWords=%E5%AE%89%E5%85%A8%E6%A1%88+%E7%9C%81%E6%94%BF%E5%BA%9C+%E8%87%A8%E6%99%82%E7%9C%81%E8%AD%B0%E6%9C%83+%E8%87%BA%E7%81%A3%E7%9C%81+%E8%B3%B4%E6%A3%AE%E6%9E%97+&oid=1528493 HTTP/1.1" 200 4687
66.249.71.72 - - [23/Aug/2015:03:44:52 +0800] "GET /content/nav/relationSubject.jsp?relationWords=%E5%AE%89%E5%85%A8%E6%A1%88%20%E7%9C%81%E6%94%BF%E5%BA%9C%20%E8%87%A8%E6%99%82%E7%9C%81%E8%AD%B0%E6%9C%83%20%E8%87%BA%E7%81%A3%E7%9C%81%20%E8%B3%B4%E6%A3%AE%E6%9E%97%20&oid=1528493 HTTP/1.1" 200 4687
66.249.71.127 - - [23/Aug/2015:03:45:03 +0800] "GET /content/repository/resource_content.jsp?oid=216984&queryString=%E5%9C%B0%E5%BD%A2%E5%9C%96%20%E6%9B%BC%E5%BE%B7 HTTP/1.1" 200 30888
66.249.71.119 - - [23/Aug/2015:03:45:23 +0800] "GET /content/repository/resource_content.jsp?oid=4353114&queryString=%E7%9F%AD%E5%90%BB%E8%BB%9F%E6%A3%98%E9%AD%9A HTTP/1.1" 200 34550
66.249.71.3 - - [23/Aug/2015:03:45:43 +0800] "GET /content/repository/resource_content.jsp?oid=1114721&queryString=%E6%A4%8D%E7%89%A9%E7%95%8C%20%E7%B5%B9%E6%AF%9B%E9%B3%B6%E5%B0%BE%20%E8%96%91%E5%B1%AC%20%E8%96%91%E7%A7%91%20%E9%9E%98%E8%96%91%E5%B1%AC%20%E9%B3%B6%E5%B0%BE HTTP/1.1" 200 29970
66.249.71.3 - - [23/Aug/2015:03:46:03 +0800] "GET /content/repository/resource_content.jsp?oid=2668108&queryString=%E7%B3%A7%E7%9F%B3%20%E7%B6%8F%E9%81%A0%20%E7%B6%8F%E9%81%A0%E5%9F%8E HTTP/1.1" 200 30138
66.249.71.3 - - [23/Aug/2015:03:46:23 +0800] "GET /content/repository/resource_content.jsp?oid=2676108&queryString=%E4%BC%8A%E7%8A%81%20%E4%BC%8A%E7%8A%81%E5%B0%87%E8%BB%8D%20%E5%B7%9D%E5%8C%97%20%E6%9F%A5%E9%96%B1%20%E7%87%9F%E4%BC%8D HTTP/1.1" 200 30743
66.249.71.72 - - [23/Aug/2015:03:46:24 +0800] "GET /content/nav/relationSubject.jsp?relationWords=%E5%95%86%E8%89%B1%E6%A1%88+%E5%B1%A0%E5%95%86+%E7%9C%81%E6%94%BF%E5%BA%9C+%E7%A8%85%E6%8D%90+%E8%87%A8%E6%99%82%E7%9C%81%E8%AD%B0%E6%9C%83+%E8%87%BA%E7%81%A3%E7%9C%81+%E8%AA%B2%E7%A8%85+%E9%AC%83%E6%AF%9B+&oid=1522905 HTTP/1.1" 200 4777
66.249.71.60 - - [23/Aug/2015:03:46:26 +0800] "GET /content/nav/relationSubject.jsp?relationWords=%E5%95%86%E8%89%B1%E6%A1%88%20%E5%B1%A0%E5%95%86%20%E7%9C%81%E6%94%BF%E5%BA%9C%20%E7%A8%85%E6%8D%90%20%E8%87%A8%E6%99%82%E7%9C%81%E8%AD%B0%E6%9C%83%20%E8%87%BA%E7%81%A3%E7%9C%81%20%E8%AA%B2%E7%A8%85%20%E9%AC%83%E6%AF%9B%20&oid=1522905 HTTP/1.1" 200 4777
66.249.71.119 - - [23/Aug/2015:03:46:43 +0800] "GET /content/repository/resource_content.jsp?oid=1895161&queryString=%E5%85%92%E7%AB%A5%E6%A8%82%E5%9C%92%20%E5%85%AC%E5%85%B1%E8%A8%AD%E6%96%BD%20%E5%8B%95%E7%89%A9%E5%9C%92%20%E5%9C%8B%E9%98%B2%E9%83%A8%20%E7%9C%81%E6%94%BF%E5%BA%9C HTTP/1.1" 200 30721
66.249.79.39 - - [23/Aug/2015:03:47:04 +0800] "GET /content/repository/resource_content.jsp?oid=784578&queryString=%E4%BA%8E%E6%8C%AF%E9%AD%81%20%E5%A6%A5%E5%93%A1 HTTP/1.1" 200 27924
66.249.71.72 - - [23/Aug/2015:03:47:08 +0800] "GET /content/nav/relationSubject.jsp?relationWords=%E7%9B%9B%E4%BA%AC+%E7%A7%BB%E9%80%81+%E9%BB%83%E5%86%8A+&oid=2626933 HTTP/1.1" 200 3167
66.249.79.9 - - [23/Aug/2015:03:47:10 +0800] "GET /content/nav/relationSubject.jsp?relationWords=%E7%9B%9B%E4%BA%AC%20%E7%A7%BB%E9%80%81%20%E9%BB%83%E5%86%8A%20&oid=2626933 HTTP/1.1" 200 3167
66.249.71.127 - - [23/Aug/2015:03:47:23 +0800] "GET /content/repository/resource_content.jsp?oid=1844822&queryString=%E7%8E%89%E9%A3%BE HTTP/1.1" 200 29674
66.249.71.119 - - [23/Aug/2015:03:47:43 +0800] "GET /content/repository/resource_content.jsp?oid=1895161&queryString=%E4%B8%AD%E5%A4%AE%E5%B8%82%E5%A0%B4%20%E5%B1%8F%E6%9D%B1%E5%B8%82%20%E5%B1%8F%E6%9D%B1%E5%B8%82%E5%85%AC%E6%89%80%20%E7%9C%81%E6%94%BF%E5%BA%9C HTTP/1.1" 200 30721
66.249.79.25 - - [23/Aug/2015:03:48:04 +0800] "GET /content/repository/resource_content.jsp?oid=1895161&queryString=%E6%90%B6%E4%BF%AE%20%E7%85%89%E7%93%A6%20%E8%87%A8%E6%99%82%E7%9C%81%E8%AD%B0%E6%9C%83%20%E8%87%BA%E7%81%A3%E7%9C%81 HTTP/1.1" 200 31060
66.249.71.3 - - [23/Aug/2015:03:48:23 +0800] "GET /content/repository/resource_content.jsp?oid=1897846&queryString=%E4%BD%83%E8%BE%B2%20%E5%90%88%E4%BD%9C%E8%BE%B2%E5%A0%B4%20%E5%9C%9F%E5%9C%B0%E9%8A%80%E8%A1%8C%20%E6%B0%91%E6%94%BF%E9%A1%9E%20%E9%AD%8F%E6%B8%85%E5%BE%B7 HTTP/1.1" 200 30376
220.181.108.180 - - [23/Aug/2015:03:48:36 +0800] "GET /digiarch_en/content/subject/resource_content.jsp?oid=16777496&queryType=qc HTTP/1.1" 200 48893
66.249.71.127 - - [23/Aug/2015:03:48:43 +0800] "GET /content/repository/resource_content.jsp?oid=1562614&queryString=%E5%AE%B6%E9%95%B7%E6%9C%83%20%E6%95%99%E8%81%B7%E5%93%A1%20%E6%95%99%E8%82%B2%E5%BB%B3 HTTP/1.1" 200 29413
66.249.71.119 - - [23/Aug/2015:03:49:04 +0800] "GET /content/repository/resource_content.jsp?oid=1576652&queryString=%E8%94%A3%E4%BB%8B%E7%9F%B3%20%E8%B2%A1%E9%96%A5 HTTP/1.1" 200 30671
66.249.79.25 - - [23/Aug/2015:03:49:24 +0800] "GET /content/repository/resource_content.jsp?oid=3127428&queryString=%E8%81%96%E7%A5%96%20%E8%81%96%E7%A5%96%E4%BB%81 HTTP/1.1" 200 29595
66.249.71.127 - - [23/Aug/2015:03:49:44 +0800] "GET /content/repository/resource_content.jsp?oid=4387943&queryString=%E5%A5%B3%E6%80%A7%20%E5%A9%9A%E7%A6%AE%20%E8%87%BA%E7%81%A3 HTTP/1.1" 200 31920
66.249.71.119 - - [23/Aug/2015:03:50:04 +0800] "GET /content/repository/resource_content.jsp?oid=1888426&queryString=%E6%A4%8D%E7%94%B0%E5%AF%8C%E5%A3%AB%E5%A4%AA%E9%83%8E HTTP/1.1" 200 30097
66.249.71.60 - - [23/Aug/2015:03:50:15 +0800] "GET /digiarch_en/content/nav/relationSubject.jsp?relationWords=%E5%9C%8B%E5%AE%85+%E6%A0%B8%E8%83%BD+%E7%92%B0%E5%A2%83%E4%BF%9D%E8%AD%B7+%E7%A4%BE%E6%9C%83%E9%81%8B%E5%8B%95+%E9%9B%85%E7%BE%8E%E6%97%8F+&oid=1778862 HTTP/1.1" 200 7357
66.249.71.72 - - [23/Aug/2015:03:50:17 +0800] "GET /digiarch_en/content/nav/relationSubject.jsp?relationWords=%E5%9C%8B%E5%AE%85%20%E6%A0%B8%E8%83%BD%20%E7%92%B0%E5%A2%83%E4%BF%9D%E8%AD%B7%20%E7%A4%BE%E6%9C%83%E9%81%8B%E5%8B%95%20%E9%9B%85%E7%BE%8E%E6%97%8F%20&oid=1778862 HTTP/1.1" 200 7357
66.249.71.119 - - [23/Aug/2015:03:50:24 +0800] "GET /content/repository/resource_content.jsp?oid=1778097&queryType=qs&queryString=%E6%8A%BD%E6%A8%A3%E8%AA%BF%E6%9F%A5 HTTP/1.1" 200 33096
66.249.79.39 - - [23/Aug/2015:03:50:25 +0800] "GET /content/tmp_auth/resource_content.jsp?oid=16777758 HTTP/1.1" 200 25325
66.249.71.119 - - [23/Aug/2015:03:50:33 +0800] "GET /content/nav/relationSubject.jsp?relationWords=%E7%BD%B2%E5%BA%9C+%E9%8A%80%E4%BA%8B+&oid=2512795 HTTP/1.1" 200 3125
66.249.71.127 - - [23/Aug/2015:03:50:35 +0800] "GET /content/nav/relationSubject.jsp?relationWords=%E4%B8%89%E5%BA%AB+&oid=2536530 HTTP/1.1" 200 3090
66.249.71.119 - - [23/Aug/2015:03:50:37 +0800] "GET /content/nav/relationSubject.jsp?relationWords=%E4%B8%89%E5%BA%AB%20&oid=2536530 HTTP/1.1" 200 3090
66.249.71.3 - - [23/Aug/2015:03:50:38 +0800] "GET /content/nav/relationSubject.jsp?relationWords=%E7%BD%B2%E5%BA%9C%20%E9%8A%80%E4%BA%8B%20&oid=2512795 HTTP/1.1" 200 3125
66.249.79.23 - - [23/Aug/2015:03:50:39 +0800] "GET /content/nav/relationSubject.jsp?relationWords=%E4%BA%A4%E9%80%9A%E5%AE%89%E5%85%A8+%E5%85%AC%E8%B7%AF%E5%B1%80+%E5%AE%89%E5%85%A8%E6%A1%88+%E6%A9%9F%E8%BB%8A+%E7%9C%81%E6%94%BF%E5%BA%9C+&oid=1583685 HTTP/1.1" 200 4657
66.249.71.60 - - [23/Aug/2015:03:50:43 +0800] "GET /content/nav/relationSubject.jsp?relationWords=%E4%BA%A4%E9%80%9A%E5%AE%89%E5%85%A8%20%E5%85%AC%E8%B7%AF%E5%B1%80%20%E5%AE%89%E5%85%A8%E6%A1%88%20%E6%A9%9F%E8%BB%8A%20%E7%9C%81%E6%94%BF%E5%BA%9C%20&oid=1583685 HTTP/1.1" 200 4657
66.249.71.119 - - [23/Aug/2015:03:50:44 +0800] "GET /content/nav/relationSubject.jsp?relationWords=%E7%B3%A7%E4%BA%8B+%E9%81%93%E5%BA%AB+%E9%8C%A2%E7%B3%A7+&oid=2684344 HTTP/1.1" 200 5330
66.249.71.45 - - [23/Aug/2015:03:50:45 +0800] "GET /content/repository/resource_content.jsp?oid=1531265&queryType=qs&queryString=%E5%9C%9F%E5%BA%AB HTTP/1.1" 200 30425
66.249.71.127 - - [23/Aug/2015:03:50:46 +0800] "GET /content/nav/relationSubject.jsp?relationWords=%E7%B3%A7%E4%BA%8B%20%E9%81%93%E5%BA%AB%20%E9%8C%A2%E7%B3%A7%20&oid=2684344 HTTP/1.1" 200 5330
66.249.79.9 - - [23/Aug/2015:03:51:04 +0800] "GET /content/pictures/picture_content.jsp?oid=33554751 HTTP/1.1" 200 27650
66.249.71.5 - - [23/Aug/2015:03:51:09 +0800] "GET /digiarch3/content/repository/resource_content.jsp?oid=15560&queryString=%E6%A2%9D%E7%B4%8B%E8%93%8B%E5%88%BA%E9%AD%9A%20%E8%93%8B%E5%88%BA%E9%AD%9A HTTP/1.1" 200 34061
66.249.71.45 - - [23/Aug/2015:03:51:23 +0800] "GET /content/nav/relationSubject.jsp?relationWords=%E5%89%83%E5%88%80%E9%AD%9A+%E9%8B%B8%E5%90%BB%E5%89%83%E5%88%80%E9%AD%9A+&oid=14778 HTTP/1.1" 200 3312
66.249.71.119 - - [23/Aug/2015:03:51:24 +0800] "GET /content/repository/resource_content.jsp?oid=4411648&queryString=%E9%99%B6%E7%B4%A1%E8%BC%AA HTTP/1.1" 200 29794
66.249.71.54 - - [23/Aug/2015:03:51:25 +0800] "GET /content/nav/relationSubject.jsp?relationWords=%E5%89%83%E5%88%80%E9%AD%9A%20%E9%8B%B8%E5%90%BB%E5%89%83%E5%88%80%E9%AD%9A%20&oid=14778 HTTP/1.1" 200 3312
66.249.71.64 - - [23/Aug/2015:03:51:44 +0800] "GET /content/repository/resource_content.jsp?oid=1566656 HTTP/1.1" 200 28694
66.249.71.127 - - [23/Aug/2015:03:52:05 +0800] "GET /content/repository/resource_content.jsp?oid=524122&queryString=%E6%B3%95%E8%9E%BA%20%E8%97%8F%E6%97%8F HTTP/1.1" 200 33593
66.249.79.39 - - [23/Aug/2015:03:52:07 +0800] "GET /content/subject/resource_content.jsp?oid=16777745&queryType=qc HTTP/1.1" 200 35943
66.249.71.3 - - [23/Aug/2015:03:52:24 +0800] "GET /content/repository/resource_content.jsp?oid=2520676&queryType=qs&queryString=%E4%BA%AC%E5%B1%B1 HTTP/1.1" 200 29934
66.249.79.25 - - [23/Aug/2015:03:52:45 +0800] "GET /content/repository/resource_content.jsp?oid=2662244&queryString=%E7%95%AA%E5%85%B5 HTTP/1.1" 200 30040
66.249.79.39 - - [23/Aug/2015:03:53:05 +0800] "GET /content/repository/resource_content.jsp?oid=2665398&queryType=qs&queryString=%E5%96%9C%E5%B3%B0%E5%8F%A3 HTTP/1.1" 200 30067
66.249.71.60 - - [23/Aug/2015:03:53:15 +0800] "GET /content/nav/relationSubject.jsp?relationWords=%E6%A4%8D%E7%89%A9%E7%95%8C+%E8%8B%A6%E8%8B%A3%E8%8F%9C%E5%B1%AC+%E8%8F%8A%E7%A7%91+%E9%9B%99%E5%AD%90%E8%91%89%E6%A4%8D%E7%89%A9+%E9%AC%BC%E8%8B%A6%E8%8B%A3%E8%8F%9C+&oid=1107866 HTTP/1.1" 200 3387
66.249.71.72 - - [23/Aug/2015:03:53:18 +0800] "GET /content/nav/relationSubject.jsp?relationWords=%E6%A4%8D%E7%89%A9%E7%95%8C%20%E8%8B%A6%E8%8B%A3%E8%8F%9C%E5%B1%AC%20%E8%8F%8A%E7%A7%91%20%E9%9B%99%E5%AD%90%E8%91%89%E6%A4%8D%E7%89%A9%20%E9%AC%BC%E8%8B%A6%E8%8B%A3%E8%8F%9C%20&oid=1107866 HTTP/1.1" 200 3387
66.249.71.64 - - [23/Aug/2015:03:53:24 +0800] "GET /content/repository/resource_content.jsp?oid=1545716 HTTP/1.1" 200 30576
66.249.71.72 - - [23/Aug/2015:03:53:39 +0800] "GET /content/nav/relationSubject.jsp?relationWords=%E5%B1%85%E5%BB%B6%E6%BC%A2%E7%B0%A1+%E6%BC%A2%E7%B0%A1+&oid=292369 HTTP/1.1" 200 3898
66.249.79.9 - - [23/Aug/2015:03:53:41 +0800] "GET /content/nav/relationSubject.jsp?relationWords=%E5%B1%85%E5%BB%B6%E6%BC%A2%E7%B0%A1%20%E6%BC%A2%E7%B0%A1%20&oid=292369 HTTP/1.1" 200 3898
66.249.71.3 - - [23/Aug/2015:03:54:04 +0800] "GET /content/repository/resource_content.jsp?oid=2674478&queryType=qs&queryString=%E6%89%8E%E8%96%A9%E5%85%8B HTTP/1.1" 200 30048
66.249.71.127 - - [23/Aug/2015:03:54:14 +0800] "GET /content/subject/resource_content.jsp?oid=16777825&queryType=qc HTTP/1.1" 200 41699
66.249.71.64 - - [23/Aug/2015:03:54:24 +0800] "GET /content/repository/resource_content.jsp?oid=1112854&queryString=%E5%A4%A7%E8%91%89%E8%B2%9E%E8%95%A8%20%E8%B2%9E%E8%95%A8%E5%B1%AC HTTP/1.1" 200 30164
66.249.71.23 - - [23/Aug/2015:03:54:32 +0800] "GET /digiarch3/content/nav/relationSubject.jsp?relationWords=%E5%90%8F%E9%83%A8+&oid=2682723 HTTP/1.1" 200 3101
66.249.79.25 - - [23/Aug/2015:03:54:45 +0800] "GET /content/repository/resource_content.jsp?oid=1173904&queryType=qs&queryString=%E8%82%A9%E8%A1%A3 HTTP/1.1" 200 33643
66.249.71.5 - - [23/Aug/2015:03:54:47 +0800] "GET /digiarch3/content/nav/relationSubject.jsp?relationWords=%E5%90%8F%E9%83%A8%20&oid=2682723 HTTP/1.1" 200 3101
66.249.71.36 - - [23/Aug/2015:03:54:49 +0800] "GET /content/nav/relationSubject.jsp?relationWords=%E7%8D%B8%E5%BD%A2%E8%9A%8C%E5%B5%8C%E7%89%87+&oid=1851189 HTTP/1.1" 200 2470
66.249.71.45 - - [23/Aug/2015:03:54:52 +0800] "GET /content/nav/relationSubject.jsp?relationWords=%E7%8D%B8%E5%BD%A2%E8%9A%8C%E5%B5%8C%E7%89%87%20&oid=1851189 HTTP/1.1" 200 2470
66.249.71.119 - - [23/Aug/2015:03:55:04 +0800] "GET /content/repository/resource_content.jsp?oid=2668996&queryType=qs&queryString=%E9%B9%BD%E9%81%8B%E4%BD%BF HTTP/1.1" 200 30218
66.249.71.64 - - [23/Aug/2015:03:55:24 +0800] "GET /content/repository/resource_content.jsp?oid=1614698 HTTP/1.1" 200 29358
66.249.71.3 - - [23/Aug/2015:03:55:44 +0800] "GET /content/repository/resource_content.jsp?oid=2510326&queryType=qs&queryString=%E5%8A%89%E6%B2%B3 HTTP/1.1" 200 30067
66.249.79.32 - - [23/Aug/2015:03:56:05 +0800] "GET /content/repository/resource_content.jsp?oid=4363402&queryType=qs&queryString=%E9%9D%92%E5%9F%8E HTTP/1.1" 200 38637
66.249.71.127 - - [23/Aug/2015:03:56:25 +0800] "GET /content/repository/resource_content.jsp?oid=2645543&queryType=qs&queryString=%E5%94%90%E5%8F%A4 HTTP/1.1" 200 30194
66.249.71.64 - - [23/Aug/2015:03:56:28 +0800] "GET /content/nav/relationSubject.jsp?relationWords=%E9%9D%92%E6%B5%B7%E7%9C%81%E5%9C%B0%E5%BD%A2%E5%9C%96+&oid=182901 HTTP/1.1" 200 3119
66.249.71.60 - - [23/Aug/2015:03:56:30 +0800] "GET /content/nav/relationSubject.jsp?relationWords=%E9%9D%92%E6%B5%B7%E7%9C%81%E5%9C%B0%E5%BD%A2%E5%9C%96%20&oid=182901 HTTP/1.1" 200 3119
66.249.79.9 - - [23/Aug/2015:03:56:45 +0800] "GET /content/repository/resource_content.jsp?oid=2518169 HTTP/1.1" 200 29715
66.249.71.60 - - [23/Aug/2015:03:56:48 +0800] "GET /content/nav/relationSubject.jsp?relationWords=%E5%9C%B0%E7%A7%9F+%E5%B9%B3%E5%9D%87%E5%9C%B0%E6%AC%8A%E6%A2%9D%E4%BE%8B+&oid=1588862 HTTP/1.1" 200 3170
66.249.79.23 - - [23/Aug/2015:03:56:50 +0800] "GET /content/nav/relationSubject.jsp?relationWords=%E5%9C%B0%E7%A7%9F%20%E5%B9%B3%E5%9D%87%E5%9C%B0%E6%AC%8A%E6%A2%9D%E4%BE%8B%20&oid=1588862 HTTP/1.1" 200 3170
66.249.71.3 - - [23/Aug/2015:03:57:05 +0800] "GET /content/repository/resource_content.jsp?oid=1535325&queryType=qs&queryString=%E6%9B%B8%E5%A3%AB HTTP/1.1" 200 35670
66.249.71.54 - - [23/Aug/2015:03:57:25 +0800] "GET /content/repository/resource_content.jsp?oid=2688257&queryType=qs&queryString=%E7%A6%8F%E5%AF%A7 HTTP/1.1" 200 30244
66.249.71.45 - - [23/Aug/2015:03:57:45 +0800] "GET /content/subject/resource_content.jsp?oid=16777517&queryType=qs&queryString=%E9%99%B3%E6%B0%B4%E6%89%81 HTTP/1.1" 200 51787
66.249.71.36 - - [23/Aug/2015:03:58:05 +0800] "GET /content/subject/resource_content.jsp?oid=16777506&queryType=qs&queryString=%E5%A4%AA%E5%B9%B3%E5%A4%A9%E5%9C%8B HTTP/1.1" 200 45453
66.249.71.72 - - [23/Aug/2015:03:58:22 +0800] "GET /content/nav/relationSubject.jsp?relationWords=%E5%9B%9B%E5%BA%9C%E4%BA%BA+%E5%BA%9C%E4%BA%BA%E4%B8%99%E5%AD%97+&oid=1634649 HTTP/1.1" 200 4260
66.249.79.126 - - [23/Aug/2015:03:58:24 +0800] "GET /content/nav/relationSubject.jsp?relationWords=%E6%9E%97%E7%8D%BB%E5%A0%82+%E6%A5%8A%E6%B0%B4%E5%BF%83+&oid=16777630 HTTP/1.1" 200 3772
66.249.71.36 - - [23/Aug/2015:03:58:25 +0800] "GET /content/subject/resource_content.jsp?oid=16777599&queryType=qs&queryString=%E5%8E%9F%E7%94%9F%E6%A4%8D%E7%89%A9 HTTP/1.1" 200 36952
66.249.71.60 - - [23/Aug/2015:03:58:27 +0800] "GET /content/nav/relationSubject.jsp?relationWords=%E5%9B%9B%E5%BA%9C%E4%BA%BA%20%E5%BA%9C%E4%BA%BA%E4%B8%99%E5%AD%97%20&oid=1634649 HTTP/1.1" 200 4260
66.249.79.16 - - [23/Aug/2015:03:58:28 +0800] "GET /content/nav/relationSubject.jsp?relationWords=%E6%95%88%E7%8E%87%E6%A1%88+%E7%9C%81%E6%94%BF%E5%BA%9C+&oid=1624252 HTTP/1.1" 200 4507
66.249.79.126 - - [23/Aug/2015:03:58:28 +0800] "GET /content/nav/relationSubject.jsp?relationWords=%E6%9E%97%E7%8D%BB%E5%A0%82%20%E6%A5%8A%E6%B0%B4%E5%BF%83%20&oid=16777630 HTTP/1.1" 200 3772
66.249.71.60 - - [23/Aug/2015:03:58:30 +0800] "GET /content/nav/relationSubject.jsp?relationWords=%E6%95%88%E7%8E%87%E6%A1%88%20%E7%9C%81%E6%94%BF%E5%BA%9C%20&oid=1624252 HTTP/1.1" 200 4507
66.249.71.3 - - [23/Aug/2015:03:58:45 +0800] "GET /content/repository/resource_content.jsp?oid=2681759&queryType=qs&queryString=%E9%98%BF%E5%B8%83%E9%83%BD HTTP/1.1" 200 30092
66.249.71.60 - - [23/Aug/2015:03:59:39 +0800] "GET /content/repository/resource_content.jsp?oid=3817049&queryString=%E5%8E%9A%E8%91%89%E7%9F%B3%E6%96%91%E6%9C%A8%20%E6%A4%8D%E7%89%A9%E7%95%8C%20%E7%9F%B3%E6%96%91%E6%9C%A8%E5%B1%AC%20%E8%96%94%E8%96%87%E7%9B%AE%20%E8%96%94%E8%96%87%E7%A7%91 HTTP/1.1" 200 31643
66.249.71.45 - - [23/Aug/2015:03:59:40 +0800] "GET /content/repository/resource_content.jsp?oid=2663730&queryType=qs&queryString=%E8%AB%AD%E4%BA%8B HTTP/1.1" 200 30465
66.249.71.45 - - [23/Aug/2015:03:59:41 +0800] "GET /content/repository/resource_content.jsp?oid=2684993&queryType=qs&queryString=%E4%BF%B8%E9%8A%80 HTTP/1.1" 200 30459
66.249.71.127 - - [23/Aug/2015:03:59:42 +0800] "GET /content/nav/relationSubject.jsp?relationWords=%E4%BF%AF%E6%81%A4+%E8%BE%B2%E6%9E%97%E9%A1%9E+&oid=1557489 HTTP/1.1" 200 5369
66.249.71.64 - - [23/Aug/2015:03:59:42 +0800] "GET /content/nav/relationSubject.jsp?relationWords=%E5%85%AC%E8%B7%AF%E5%B1%80%20%E6%93%B4%E5%BB%BA%20%E8%87%BA%E5%8C%97%E7%B8%A3%20%E8%B2%A8%E9%81%8B%20%E8%B3%AA%E8%A9%A2%20%E9%9B%BB%E8%A9%B1%20%E9%B6%AF%E6%AD%8C%20&oid=1545557 HTTP/1.1" 200 5668
66.249.71.3 - - [23/Aug/2015:03:59:44 +0800] "GET /content/nav/relationSubject.jsp?relationWords=%E4%BF%AF%E6%81%A4%20%E8%BE%B2%E6%9E%97%E9%A1%9E%20&oid=1557489 HTTP/1.1" 200 5369
66.249.79.61 - - [23/Aug/2015:03:59:46 +0800] "GET /content/subject/resource_content.jsp?oid=16777706&queryType=qs&queryString=%E5%9C%9F%E5%9C%B0%E8%AA%BF%E6%9F%A5 HTTP/1.1" 200 53774
66.249.71.113 - - [23/Aug/2015:04:00:04 +0800] "GET /content/nav/relationSubject.jsp?relationWords=%E5%90%8F%E9%83%A8+&oid=2684781 HTTP/1.1" 200 3101
66.249.79.32 - - [23/Aug/2015:04:00:06 +0800] "GET /content/subject/resource_content.jsp?oid=16777491&queryString=%E6%96%B0%E5%85%89%20%E6%B3%B0%E9%9B%85%E6%97%8F%20%E7%A4%BE%E5%8D%80%E7%B8%BD%E9%AB%94%E7%87%9F%E9%80%A0 HTTP/1.1" 200 48412
66.249.79.115 - - [23/Aug/2015:04:00:07 +0800] "GET /content/nav/relationSubject.jsp?relationWords=%E5%90%8F%E9%83%A8%20&oid=2684781 HTTP/1.1" 200 3101
66.249.71.127 - - [23/Aug/2015:04:00:24 +0800] "GET /content/nav/relationSubject.jsp?relationWords=%E5%90%8F%E7%A7%91+&oid=3394481 HTTP/1.1" 200 3067
66.249.79.67 - - [23/Aug/2015:04:00:27 +0800] "GET /content/repository/resource_content.jsp?oid=1531800&queryString=%E5%89%AA%E5%A0%B1%20%E9%9D%92%E8%9A%B6 HTTP/1.1" 200 29019
66.249.71.119 - - [23/Aug/2015:04:00:27 +0800] "GET /content/nav/relationSubject.jsp?relationWords=%E5%90%8F%E7%A7%91%20&oid=3394481 HTTP/1.1" 200 3067
66.249.71.54 - - [23/Aug/2015:04:00:45 +0800] "GET /content/subject/resource_content.jsp?oid=16777543&queryType=qs&queryString=%E5%A4%AA%E5%B9%B3%E5%A4%A9%E5%9C%8B HTTP/1.1" 200 41315
66.249.71.45 - - [23/Aug/2015:04:01:05 +0800] "GET /content/subject/resource_content.jsp?oid=16777381&queryType=qs&queryString=%E6%98%8E%E6%B8%85%E6%AA%94%E6%A1%88 HTTP/1.1" 200 37087
66.249.71.119 - - [23/Aug/2015:04:01:19 +0800] "GET /content/nav/relationSubject.jsp?relationWords=%E4%BA%94%E5%B3%B0%E7%9F%AE%E4%BA%BA%E7%A5%AD+%E7%A5%AD%E5%84%80+%E8%B3%BD%E5%A4%8F+%E8%B3%BD%E5%A4%8F%E6%97%8F+&oid=4739240 HTTP/1.1" 200 4099
66.249.79.25 - - [23/Aug/2015:04:01:21 +0800] "GET /content/nav/relationSubject.jsp?relationWords=%E4%BA%94%E5%B3%B0%E7%9F%AE%E4%BA%BA%E7%A5%AD%20%E7%A5%AD%E5%84%80%20%E8%B3%BD%E5%A4%8F%20%E8%B3%BD%E5%A4%8F%E6%97%8F%20&oid=4739240 HTTP/1.1" 200 4099
66.249.79.61 - - [23/Aug/2015:04:01:26 +0800] "GET /content/subject/resource_content.jsp?oid=16777605&queryType=qs&queryString=%E6%88%B0%E5%9C%8B%E6%99%82%E4%BB%A3 HTTP/1.1" 200 42304
66.249.71.60 - - [23/Aug/2015:04:01:45 +0800] "GET /content/repository/resource_content.jsp?oid=1896591 HTTP/1.1" 200 28983
66.249.71.36 - - [23/Aug/2015:04:02:05 +0800] "GET /content/subject/resource_content.jsp?oid=16777649&queryType=qs&queryString=%E5%9C%9F%E5%9C%B0%E8%AA%BF%E6%9F%A5 HTTP/1.1" 200 54468
66.249.71.119 - - [23/Aug/2015:04:02:09 +0800] "GET /content/nav/relationSubject.jsp?relationWords=%E8%A7%A3%E5%B7%9D+%E9%8A%80%E5%85%A9+&oid=2685296 HTTP/1.1" 200 5400
66.249.71.127 - - [23/Aug/2015:04:02:11 +0800] "GET /content/nav/relationSubject.jsp?relationWords=%E8%A7%A3%E5%B7%9D%20%E9%8A%80%E5%85%A9%20&oid=2685296 HTTP/1.1" 200 5400
66.249.79.73 - - [23/Aug/2015:04:02:26 +0800] "GET /content/repository/resource_content.jsp?oid=1814282&queryType=qs&queryString=%E6%B4%AA%E6%B4%9E HTTP/1.1" 200 34114
66.249.71.45 - - [23/Aug/2015:04:02:45 +0800] "GET /content/subject/resource_content.jsp?oid=16777660&queryType=qs&queryString=%E6%B0%91%E6%97%8F%E6%84%8F%E8%AD%98 HTTP/1.1" 200 70742
66.249.71.64 - - [23/Aug/2015:04:03:00 +0800] "GET /content/nav/relationSubject.jsp?relationWords=%E4%BA%BA%E9%A1%9E%E5%AD%B8+%E5%B8%83%E8%BE%B2%E6%97%8F+%E7%81%BD%E5%BE%8C%E9%87%8D%E5%BB%BA+%E7%A4%BE%E5%8D%80%E7%B8%BD%E9%AB%94%E7%87%9F%E9%80%A0+&oid=1779950 HTTP/1.1" 200 3410
66.249.79.23 - - [23/Aug/2015:04:03:02 +0800] "GET /content/nav/relationSubject.jsp?relationWords=%E4%BA%BA%E9%A1%9E%E5%AD%B8%20%E5%B8%83%E8%BE%B2%E6%97%8F%20%E7%81%BD%E5%BE%8C%E9%87%8D%E5%BB%BA%20%E7%A4%BE%E5%8D%80%E7%B8%BD%E9%AB%94%E7%87%9F%E9%80%A0%20&oid=1779950 HTTP/1.1" 200 3410
66.249.71.54 - - [23/Aug/2015:04:03:06 +0800] "GET /content/repository/resource_content.jsp?oid=2521928&queryString=%E7%87%9F%E5%8F%83%E5%B0%87%20%E9%9C%8D%E7%88%BE HTTP/1.1" 200 30453
66.249.71.72 - - [23/Aug/2015:04:03:25 +0800] "GET /content/repository/resource_content.jsp?oid=1596536 HTTP/1.1" 200 29101
66.249.71.64 - - [23/Aug/2015:04:03:44 +0800] "GET /content/nav/relationSubject.jsp?relationWords=&oid=2516656 HTTP/1.1" 200 1405
66.249.71.45 - - [23/Aug/2015:04:03:46 +0800] "GET /content/subject/resource_content.jsp?oid=16777506&queryType=qs&queryString=%E5%BC%B5%E4%B9%8B%E6%B4%9E HTTP/1.1" 200 45413
66.249.71.72 - - [23/Aug/2015:04:04:05 +0800] "GET /content/nav/relationSubject.jsp?relationWords=%E6%B9%96%E5%BB%A3+%E6%B9%96%E5%BB%A3%E7%B8%BD%E7%9D%A3+%E7%B3%BE%E5%8F%83+&oid=2517591 HTTP/1.1" 200 4088
66.249.71.72 - - [23/Aug/2015:04:04:06 +0800] "GET /content/repository/resource_content.jsp?oid=1895054 HTTP/1.1" 200 28761
66.249.71.72 - - [23/Aug/2015:04:04:08 +0800] "GET /content/nav/relationSubject.jsp?relationWords=%E6%B9%96%E5%BB%A3%20%E6%B9%96%E5%BB%A3%E7%B8%BD%E7%9D%A3%20%E7%B3%BE%E5%8F%83%20&oid=2517591 HTTP/1.1" 200 4088
66.249.71.127 - - [23/Aug/2015:04:04:24 +0800] "GET /content/nav/relationSubject.jsp?relationWords=&oid=3127777 HTTP/1.1" 200 1405
66.249.71.60 - - [23/Aug/2015:04:04:26 +0800] "GET /content/subject/resource_content.jsp?oid=16797240&queryType=qc HTTP/1.1" 200 42457
66.249.71.60 - - [23/Aug/2015:04:04:46 +0800] "GET /content/repository/resource_content.jsp?oid=1890746 HTTP/1.1" 200 28346
123.125.71.87 - - [23/Aug/2015:04:04:55 +0800] "GET /content/subject/resource_content.jsp?oid=16777722 HTTP/1.1" 200 28617
66.249.71.64 - - [23/Aug/2015:04:05:06 +0800] "GET /content/subject/resource_content.jsp?oid=16777448&queryType=qc HTTP/1.1" 200 34496
66.249.71.60 - - [23/Aug/2015:04:05:10 +0800] "GET /content/nav/relationSubject.jsp?relationWords=&oid=33554559 HTTP/1.1" 200 1405
66.249.71.72 - - [23/Aug/2015:04:05:13 +0800] "GET /content/nav/relationSubject.jsp?relationWords=%E5%9F%BA%E9%9A%86%E6%B8%AF%E5%8B%99%E5%B1%80+%E7%9C%81%E6%94%BF%E5%BA%9C+%E7%B5%84%E7%B9%94%E8%A6%8F%E7%A8%8B+%E8%87%BA%E7%81%A3%E7%9C%81%E6%94%BF%E5%BA%9C+%E9%AB%98%E9%9B%84%E6%B8%AF%E5%8B%99%E5%B1%80+&oid=1894532 HTTP/1.1" 200 4762
66.249.71.64 - - [23/Aug/2015:04:05:15 +0800] "GET /content/nav/relationSubject.jsp?relationWords=%E5%9F%BA%E9%9A%86%E6%B8%AF%E5%8B%99%E5%B1%80%20%E7%9C%81%E6%94%BF%E5%BA%9C%20%E7%B5%84%E7%B9%94%E8%A6%8F%E7%A8%8B%20%E8%87%BA%E7%81%A3%E7%9C%81%E6%94%BF%E5%BA%9C%20%E9%AB%98%E9%9B%84%E6%B8%AF%E5%8B%99%E5%B1%80%20&oid=1894532 HTTP/1.1" 200 4762
66.249.71.60 - - [23/Aug/2015:04:05:24 +0800] "GET /content/nav/relationSubject.jsp?relationWords=%E5%85%AB%E8%A7%92%E8%8C%B4%E9%A6%99%E5%B1%AC+%E6%A4%8D%E7%89%A9%E7%95%8C+%E7%99%BD%E8%8A%B1%E5%85%AB%E8%A7%92+&oid=1462851 HTTP/1.1" 200 3291
66.249.71.72 - - [23/Aug/2015:04:05:25 +0800] "GET /content/nav/relationSubject.jsp?relationWords=%E4%B9%9D%E5%BA%9C%E6%95%99+%E5%9C%8B%E6%B0%91%E5%AD%B8%E6%A0%A1+&oid=1558761 HTTP/1.1" 200 3363
66.249.71.64 - - [23/Aug/2015:04:05:26 +0800] "GET /content/subject/resource_content.jsp?oid=16797340&queryType=qc HTTP/1.1" 200 63034
66.249.71.60 - - [23/Aug/2015:04:05:27 +0800] "GET /content/nav/relationSubject.jsp?relationWords=%E5%85%AB%E8%A7%92%E8%8C%B4%E9%A6%99%E5%B1%AC%20%E6%A4%8D%E7%89%A9%E7%95%8C%20%E7%99%BD%E8%8A%B1%E5%85%AB%E8%A7%92%20&oid=1462851 HTTP/1.1" 200 3291
66.249.79.9 - - [23/Aug/2015:04:05:28 +0800] "GET /content/nav/relationSubject.jsp?relationWords=%E4%B9%9D%E5%BA%9C%E6%95%99%20%E5%9C%8B%E6%B0%91%E5%AD%B8%E6%A0%A1%20&oid=1558761 HTTP/1.1" 200 3363
66.249.71.60 - - [23/Aug/2015:04:06:06 +0800] "GET /content/repository/resource_content.jsp?oid=1110587 HTTP/1.1" 200 31264
66.249.79.9 - - [23/Aug/2015:04:06:18 +0800] "GET /digiarch_en/content/exhibit/exhibit_content.jsp?oid=16777843 HTTP/1.1" 200 17431
66.249.71.54 - - [23/Aug/2015:04:06:26 +0800] "GET /content/pictures/picture_content.jsp?oid=33554812 HTTP/1.1" 200 27943
66.249.71.127 - - [23/Aug/2015:04:07:06 +0800] "GET /content/subject/resource_content.jsp?oid=16777688&queryType=qc HTTP/1.1" 200 39208
66.249.71.72 - - [23/Aug/2015:04:07:13 +0800] "GET /digiarch_en/content/nav/relationSubject.jsp?relationWords=%E8%91%97%E4%BD%9C%E6%AC%8A+&oid=16777390 HTTP/1.1" 200 3988
66.249.71.60 - - [23/Aug/2015:04:07:16 +0800] "GET /digiarch_en/content/nav/relationSubject.jsp?relationWords=%E8%91%97%E4%BD%9C%E6%AC%8A%20&oid=16777390 HTTP/1.1" 200 3988
66.249.79.32 - - [23/Aug/2015:04:07:22 +0800] "GET /content/nav/relationSubject.jsp?relationWords=%E5%B7%A1%E6%92%AB+%E9%8A%80%E5%85%A9+&oid=2635639 HTTP/1.1" 200 5400
66.249.71.119 - - [23/Aug/2015:04:07:26 +0800] "GET /content/subject/resource_content.jsp?oid=16777448&queryType=qc HTTP/1.1" 200 34507
66.249.71.119 - - [23/Aug/2015:04:07:26 +0800] "GET /content/nav/relationSubject.jsp?relationWords=%E5%B7%A1%E6%92%AB%20%E9%8A%80%E5%85%A9%20&oid=2635639 HTTP/1.1" 200 5400
66.249.71.105 - - [23/Aug/2015:04:07:47 +0800] "GET /content/repository/resource_content.jsp?oid=4364320&queryType=qs&queryString=%E9%96%BB%E7%8E%8B HTTP/1.1" 200 28325
66.249.79.127 - - [23/Aug/2015:04:08:33 +0800] "GET /content/nav/relationSubject.jsp?relationWords=%E5%95%86%E6%A5%AD%E4%B8%AD%E5%BF%83+%E5%9C%B0%E4%B8%8B%E5%AE%A4+%E5%A4%A7%E8%B2%9D%E6%B9%96+%E6%B0%B8%E8%B1%90+%E9%81%95%E7%AB%A0%E5%BB%BA%E7%AF%89+&oid=1549043 HTTP/1.1" 200 3353
66.249.71.45 - - [23/Aug/2015:04:08:33 +0800] "GET /content/nav/relationSubject.jsp?relationWords=%E5%90%8F%E9%83%A8+%E7%9F%A5%E5%B7%9E+%E8%94%A1%E5%BE%B7+&oid=2686685 HTTP/1.1" 200 3171
66.249.71.105 - - [23/Aug/2015:04:08:35 +0800] "GET /content/repository/resource_content.jsp?oid=14669&queryType=qs&queryString=%E9%B6%B4%E9%B1%B5 HTTP/1.1" 200 35709
66.249.71.121 - - [23/Aug/2015:04:09:20 +0800] "GET /content/nav/relationSubject.jsp?relationWords=%E5%95%86%E6%A5%AD%E4%B8%AD%E5%BF%83%20%E5%9C%B0%E4%B8%8B%E5%AE%A4%20%E5%A4%A7%E8%B2%9D%E6%B9%96%20%E6%B0%B8%E8%B1%90%20%E9%81%95%E7%AB%A0%E5%BB%BA%E7%AF%89%20&oid=1549043 HTTP/1.1" 200 3353
66.249.71.36 - - [23/Aug/2015:04:09:21 +0800] "GET /content/nav/relationSubject.jsp?relationWords=%E5%90%8F%E9%83%A8%20%E7%9F%A5%E5%B7%9E%20%E8%94%A1%E5%BE%B7%20&oid=2686685 HTTP/1.1" 200 3171
66.249.71.127 - - [23/Aug/2015:04:09:22 +0800] "GET /content/nav/relationSubject.jsp?relationWords=%E5%B7%A1%E6%92%AB+&oid=2519991 HTTP/1.1" 200 3084
66.249.71.3 - - [23/Aug/2015:04:09:24 +0800] "GET /content/nav/relationSubject.jsp?relationWords=%E5%B7%A1%E6%92%AB%20&oid=2519991 HTTP/1.1" 200 3084
66.249.71.127 - - [23/Aug/2015:04:09:26 +0800] "GET /content/subject/resource_content.jsp?oid=16777450&queryString= HTTP/1.1" 200 28906
66.249.79.9 - - [23/Aug/2015:04:09:28 +0800] "GET /content/subject/resource_content.jsp?oid=16797257&queryString= HTTP/1.1" 200 47862
66.249.79.16 - - [23/Aug/2015:04:09:30 +0800] "GET /content/nav/relationSubject.jsp?relationWords=%E5%B9%B4%E9%91%91+%E6%A8%99%E8%AA%9E+%E8%87%BA%E7%81%A3%E7%B8%BD%E7%9D%A3%E5%BA%9C+&oid=1303729 HTTP/1.1" 200 3463
66.249.71.64 - - [23/Aug/2015:04:09:32 +0800] "GET /content/nav/relationSubject.jsp?relationWords=%E5%B9%B4%E9%91%91%20%E6%A8%99%E8%AA%9E%20%E8%87%BA%E7%81%A3%E7%B8%BD%E7%9D%A3%E5%BA%9C%20&oid=1303729 HTTP/1.1" 200 3463
66.249.79.61 - - [23/Aug/2015:04:09:47 +0800] "GET /content/repository/resource_content.jsp?oid=2676108&queryString=%E5%99%A8%E6%A2%B0%20%E5%AF%94%E4%BA%8B%20%E7%87%9F%E6%B1%9B HTTP/1.1" 200 30748
66.249.71.60 - - [23/Aug/2015:04:10:06 +0800] "GET /content/repository/resource_content.jsp?oid=1895297 HTTP/1.1" 200 28476
66.249.71.119 - - [23/Aug/2015:04:10:26 +0800] "GET /content/repository/resource_content.jsp?oid=14611&queryType=qs&queryString=%E8%A1%8D%E7%94%9F%E7%89%A9 HTTP/1.1" 200 34108
66.249.71.119 - - [23/Aug/2015:04:10:42 +0800] "GET /content/nav/relationSubject.jsp?relationWords=%E5%AE%89%E5%85%A8%E6%A1%88+%E6%8E%92%E6%B0%B4%E6%BA%9D+%E6%9E%97%E5%85%A7+%E6%9E%97%E5%9C%92%E9%84%89+%E9%B3%B3%E5%B1%B1%E6%B0%B4%E5%BA%AB+&oid=1591735 HTTP/1.1" 200 3478
66.249.71.119 - - [23/Aug/2015:04:10:44 +0800] "GET /content/nav/relationSubject.jsp?relationWords=%E5%AE%89%E5%85%A8%E6%A1%88%20%E6%8E%92%E6%B0%B4%E6%BA%9D%20%E6%9E%97%E5%85%A7%20%E6%9E%97%E5%9C%92%E9%84%89%20%E9%B3%B3%E5%B1%B1%E6%B0%B4%E5%BA%AB%20&oid=1591735 HTTP/1.1" 200 3478
66.249.71.36 - - [23/Aug/2015:04:10:47 +0800] "GET /content/repository/resource_content.jsp?oid=1807845&queryType=qs&queryString=%E7%9B%B4%E7%AC%9B HTTP/1.1" 200 30849
66.249.71.3 - - [23/Aug/2015:04:10:52 +0800] "GET /content/nav/relationSubject.jsp?relationWords=%E5%90%8F%E9%83%A8+&oid=2638249 HTTP/1.1" 200 3101
66.249.79.39 - - [23/Aug/2015:04:10:54 +0800] "GET /content/nav/relationSubject.jsp?relationWords=%E5%90%8F%E9%83%A8%20&oid=2638249 HTTP/1.1" 200 3101
157.55.39.144 - - [23/Aug/2015:04:10:58 +0800] "GET /content/nav/relationSubject.jsp?relationWords=%E8%99%95%E7%90%86%E6%8A%80%E8%A1%93+&oid=16777423 HTTP/1.1" 200 7869
66.249.79.16 - - [23/Aug/2015:04:11:07 +0800] "GET /content/repository/resource_content.jsp?oid=1558396 HTTP/1.1" 200 28826
