66.249.71.121 - - [21/Sep/2015:00:56:34 +0800] "GET /content/nav/relationSubject.jsp?relationWords=%E6%A4%8D%E7%94%B0%E5%AF%8C%E5%A3%AB%E5%A4%AA%E9%83%8E+%E7%B8%BD%E7%9D%A3%E5%AE%98%E6%88%BF+%E8%87%BA%E7%81%A3%E6%99%82%E5%A0%B1+%E8%87%BA%E7%81%A3%E7%B8%BD%E7%9D%A3%E5%BA%9C+&oid=2470392 HTTP/1.1" 200 3624
66.249.71.105 - - [21/Sep/2015:00:56:36 +0800] "GET /content/nav/relationSubject.jsp?relationWords=%E6%A4%8D%E7%94%B0%E5%AF%8C%E5%A3%AB%E5%A4%AA%E9%83%8E%20%E7%B8%BD%E7%9D%A3%E5%AE%98%E6%88%BF%20%E8%87%BA%E7%81%A3%E6%99%82%E5%A0%B1%20%E8%87%BA%E7%81%A3%E7%B8%BD%E7%9D%A3%E5%BA%9C%20&oid=2470392 HTTP/1.1" 200 3624
66.249.71.113 - - [21/Sep/2015:00:56:40 +0800] "GET /content/repository/resource_content.jsp?oid=1833037&queryType=qs&queryString=%E5%BD%8C%E5%8B%92%E5%83%8F HTTP/1.1" 200 29212
101.226.166.219 - - [21/Sep/2015:00:56:41 +0800] "GET /content/subject/resource_content.jsp?oid=16777345&queryType=qc HTTP/1.1" 200 35026
66.249.71.113 - - [21/Sep/2015:00:56:45 +0800] "GET /content/nav/relationSubject.jsp?relationWords=%E4%B9%99%E9%BC%8E+%E6%B0%B8%E5%AF%B6+%E9%9B%8D%E9%BC%8E+&oid=4365315 HTTP/1.1" 200 3290
66.249.71.113 - - [21/Sep/2015:00:56:47 +0800] "GET /content/repository/resource_content.jsp?oid=4471463&queryType=qs&queryString=%E5%A4%A7%E7%B4%A2 HTTP/1.1" 200 28353
66.249.79.127 - - [21/Sep/2015:00:56:47 +0800] "GET /content/nav/relationSubject.jsp?relationWords=%E4%B9%99%E9%BC%8E%20%E6%B0%B8%E5%AF%B6%20%E9%9B%8D%E9%BC%8E%20&oid=4365315 HTTP/1.1" 200 3290
66.249.71.121 - - [21/Sep/2015:00:56:48 +0800] "GET /content/nav/relationSubject.jsp?relationWords=%E6%AD%B8%E7%B6%8F%E9%81%93+%E7%A8%85%E9%8A%80+%E8%8C%B6%E6%96%A4+%E9%81%93%E5%BA%AB+&oid=559739 HTTP/1.1" 200 5396
66.249.71.113 - - [21/Sep/2015:00:56:49 +0800] "GET /content/nav/relationSubject.jsp?relationWords=%E6%AD%B8%E7%B6%8F%E9%81%93%20%E7%A8%85%E9%8A%80%20%E8%8C%B6%E6%96%A4%20%E9%81%93%E5%BA%AB%20&oid=559739 HTTP/1.1" 200 5396
66.249.71.105 - - [21/Sep/2015:00:56:53 +0800] "GET /content/repository/resource_content.jsp?oid=560324&queryType=qs&queryString=%E5%BD%B9%E8%AD%B7 HTTP/1.1" 200 27871
42.78.182.215 - - [21/Sep/2015:00:56:57 +0800] "GET /content/subject/resource_content.jsp?oid=16777706 HTTP/1.1" 200 53849
66.249.71.121 - - [21/Sep/2015:00:56:59 +0800] "GET /content/repository/resource_content.jsp?oid=1898137&queryType=qs&queryString=%E5%8A%A0%E8%9A%8B%E5%9F%94 HTTP/1.1" 200 29806
42.78.182.215 - - [21/Sep/2015:00:57:00 +0800] "GET /content/nav/relationSubject.jsp?relationWords=%E5%A0%A1%E5%9C%96+&oid=16777706 HTTP/1.1" 200 2864
66.249.71.105 - - [21/Sep/2015:00:57:06 +0800] "GET /content/repository/resource_content.jsp?oid=2628182&queryType=qs&queryString=%E5%9C%96%E5%BF%97 HTTP/1.1" 200 29946
66.249.71.121 - - [21/Sep/2015:00:57:09 +0800] "GET /content/nav/relationSubject.jsp?relationWords=%E6%96%A4%E4%BA%8B+%E7%B5%B2%E6%96%A4+&oid=2555104 HTTP/1.1" 200 3068
66.249.71.121 - - [21/Sep/2015:00:57:11 +0800] "GET /content/nav/relationSubject.jsp?relationWords=%E6%96%A4%E4%BA%8B%20%E7%B5%B2%E6%96%A4%20&oid=2555104 HTTP/1.1" 200 3068
66.249.71.113 - - [21/Sep/2015:00:57:12 +0800] "GET /content/nav/relationSubject.jsp?relationWords=%E5%BD%8C%E5%8B%92%E5%83%8F+%E6%AF%94%E4%B8%98%E5%B0%BC+%E7%B6%AD%E9%82%A3+%E9%80%A0%E5%83%8F%E8%A8%98+&oid=1833037 HTTP/1.1" 200 3866
66.249.71.121 - - [21/Sep/2015:00:57:13 +0800] "GET /content/repository/resource_content.jsp?oid=2680896&queryType=qs&queryString=%E5%94%90%E5%8A%AA HTTP/1.1" 200 29799
66.249.71.105 - - [21/Sep/2015:00:57:14 +0800] "GET /content/nav/relationSubject.jsp?relationWords=%E8%91%A6%E8%95%A9%E7%87%9F+%E9%8A%80%E6%95%B8+&oid=2632802 HTTP/1.1" 200 3137
66.249.71.105 - - [21/Sep/2015:00:57:15 +0800] "GET /content/nav/relationSubject.jsp?relationWords=%E5%BD%8C%E5%8B%92%E5%83%8F%20%E6%AF%94%E4%B8%98%E5%B0%BC%20%E7%B6%AD%E9%82%A3%20%E9%80%A0%E5%83%8F%E8%A8%98%20&oid=1833037 HTTP/1.1" 200 3866
66.249.71.121 - - [21/Sep/2015:00:57:15 +0800] "GET /content/nav/relationSubject.jsp?relationWords=&oid=2584690 HTTP/1.1" 200 1405
66.249.71.121 - - [21/Sep/2015:00:57:16 +0800] "GET /content/nav/relationSubject.jsp?relationWords=%E8%91%A6%E8%95%A9%E7%87%9F%20%E9%8A%80%E6%95%B8%20&oid=2632802 HTTP/1.1" 200 3137
66.249.71.121 - - [21/Sep/2015:00:57:19 +0800] "GET /content/repository/resource_content.jsp?oid=2519198&queryType=qs&queryString=%E4%B8%BB%E5%B0%87 HTTP/1.1" 200 29841
66.249.71.121 - - [21/Sep/2015:00:57:26 +0800] "GET /content/repository/resource_content.jsp?oid=2470403&queryType=qs&queryString=%E6%A4%8D%E7%94%B0%E5%AF%8C%E5%A3%AB%E5%A4%AA%E9%83%8E HTTP/1.1" 200 30274
66.249.71.121 - - [21/Sep/2015:00:57:32 +0800] "GET /content/repository/resource_content.jsp?oid=2570601&queryType=qs&queryString=%E5%AE%AE%E5%A0%B1 HTTP/1.1" 200 29243
66.249.71.113 - - [21/Sep/2015:00:57:38 +0800] "GET /content/nav/relationSubject.jsp?relationWords=%E7%8B%A1%E5%9F%B7+&oid=573319 HTTP/1.1" 200 3220
66.249.71.113 - - [21/Sep/2015:00:57:39 +0800] "GET /content/repository/resource_content.jsp?oid=25672&queryType=qs&queryString=%E7%B0%BE%E9%AF%9B HTTP/1.1" 200 29969
66.249.71.113 - - [21/Sep/2015:00:57:40 +0800] "GET /content/nav/relationSubject.jsp?relationWords=%E7%8B%A1%E5%9F%B7%20&oid=573319 HTTP/1.1" 200 3220
66.249.71.105 - - [21/Sep/2015:00:57:41 +0800] "GET /content/nav/relationSubject.jsp?relationWords=%E5%90%8F%E9%83%A8+%E7%9F%A5%E5%BA%9C+&oid=2680148 HTTP/1.1" 200 3136
66.249.71.113 - - [21/Sep/2015:00:57:42 +0800] "GET /content/nav/relationSubject.jsp?relationWords=%E5%90%8F%E9%83%A8%20%E7%9F%A5%E5%BA%9C%20&oid=2680148 HTTP/1.1" 200 3136
66.249.71.105 - - [21/Sep/2015:00:57:45 +0800] "GET /content/repository/resource_content.jsp?oid=3204979&queryType=qs&queryString=%E5%AE%8B%E6%9C%AC HTTP/1.1" 200 29660
66.249.71.121 - - [21/Sep/2015:00:57:47 +0800] "GET /content/nav/relationSubject.jsp?relationWords=%E5%BD%B9%E8%AD%B7+%E6%B4%A5%E9%8A%80+%E9%8A%80%E4%B8%80+&oid=560324 HTTP/1.1" 200 3160
66.249.71.105 - - [21/Sep/2015:00:57:49 +0800] "GET /content/nav/relationSubject.jsp?relationWords=%E5%BD%B9%E8%AD%B7%20%E6%B4%A5%E9%8A%80%20%E9%8A%80%E4%B8%80%20&oid=560324 HTTP/1.1" 200 3160
66.249.79.121 - - [21/Sep/2015:00:57:52 +0800] "GET /content/repository/resource_content.jsp?oid=1596198&queryType=qs&queryString=%E5%85%AD%E8%BC%95 HTTP/1.1" 200 28511
66.249.71.105 - - [21/Sep/2015:00:57:53 +0800] "GET /content/nav/relationSubject.jsp?relationWords=%E8%91%89%E6%81%AD%E7%B6%BD+&oid=609402 HTTP/1.1" 200 3226
66.249.71.239 - - [21/Sep/2015:00:57:55 +0800] "GET /content/nav/relationSubject.jsp?relationWords=%E4%BA%BA%E8%A1%8C%E5%9C%B0%E4%B8%8B%E9%81%93%20%E5%85%AC%E8%B7%AF%E5%B1%80%20%E6%A0%A1%E9%96%80%E5%8F%A3%20%E8%87%BA%E5%8D%97%E7%B8%A3%20&oid=1633342 HTTP/1.1" 200 6095
66.249.71.105 - - [21/Sep/2015:00:57:56 +0800] "GET /content/nav/relationSubject.jsp?relationWords=%E8%91%89%E6%81%AD%E7%B6%BD%20&oid=609402 HTTP/1.1" 200 3226
66.249.71.121 - - [21/Sep/2015:00:57:58 +0800] "GET /content/repository/resource_content.jsp?oid=4493110&queryType=qs&queryString=%E6%98%8E%E6%9C%AB%E6%B8%85%E5%88%9D HTTP/1.1" 200 28428
101.226.167.246 - - [21/Sep/2015:00:58:02 +0800] "GET /content/subject/resource_content.jsp?oid=16777289&queryType=qc HTTP/1.1" 200 40471
66.249.71.113 - - [21/Sep/2015:00:58:03 +0800] "GET /content/nav/relationSubject.jsp?relationWords=%E6%96%B7%E7%AB%A0+&oid=4499486 HTTP/1.1" 200 6451
66.249.71.113 - - [21/Sep/2015:00:58:05 +0800] "GET /content/repository/resource_content.jsp?oid=4411607&queryType=qs&queryString=%E6%8A%98%E8%82%A9 HTTP/1.1" 200 29363
66.249.71.105 - - [21/Sep/2015:00:58:05 +0800] "GET /content/nav/relationSubject.jsp?relationWords=%E5%85%AD%E8%BC%95+%E9%9B%A2%E5%B3%B6+&oid=1596198 HTTP/1.1" 200 3758
66.249.71.113 - - [21/Sep/2015:00:58:07 +0800] "GET /content/nav/relationSubject.jsp?relationWords=%E6%96%91%E9%BB%9E%E7%B0%BE%E9%AF%9B+%E7%B0%BE%E9%AF%9B+%E9%AF%9B%E7%A7%91+&oid=25672 HTTP/1.1" 200 3507
66.249.71.113 - - [21/Sep/2015:00:58:08 +0800] "GET /content/nav/relationSubject.jsp?relationWords=&oid=4411437 HTTP/1.1" 200 1405
66.249.71.113 - - [21/Sep/2015:00:58:09 +0800] "GET /content/nav/relationSubject.jsp?relationWords=%E5%85%AD%E8%BC%95%20%E9%9B%A2%E5%B3%B6%20&oid=1596198 HTTP/1.1" 200 3758
66.249.71.121 - - [21/Sep/2015:00:58:10 +0800] "GET /content/nav/relationSubject.jsp?relationWords=%E6%96%91%E9%BB%9E%E7%B0%BE%E9%AF%9B%20%E7%B0%BE%E9%AF%9B%20%E9%AF%9B%E7%A7%91%20&oid=25672 HTTP/1.1" 200 3507
66.249.71.105 - - [21/Sep/2015:00:58:10 +0800] "GET /content/nav/relationSubject.jsp?relationWords=%E6%96%B7%E7%AB%A0%20&oid=4499486 HTTP/1.1" 200 6451
66.249.71.121 - - [21/Sep/2015:00:58:12 +0800] "GET /content/repository/resource_content.jsp?oid=4588726&queryType=qs&queryString=%E6%8A%98%E8%82%A9 HTTP/1.1" 200 29235
66.249.71.113 - - [21/Sep/2015:00:58:18 +0800] "GET /content/repository/resource_content.jsp?oid=1779866&queryType=qs&queryString=%E7%A4%BE%E6%9C%83%E4%BA%A4%E6%8F%9B HTTP/1.1" 200 33987
66.249.71.105 - - [21/Sep/2015:00:58:25 +0800] "GET /content/repository/resource_content.jsp?oid=2688755&queryType=qs&queryString=%E7%A8%BD%E5%8B%B3 HTTP/1.1" 200 30313
101.226.169.197 - - [21/Sep/2015:00:58:26 +0800] "GET /content/subject/resource_content.jsp?oid=16777283&queryType=qc HTTP/1.1" 200 28091
66.249.71.105 - - [21/Sep/2015:00:58:26 +0800] "GET /content/nav/relationSubject.jsp?relationWords=%E5%90%B3%E5%BE%B7%E5%8A%9F+%E7%91%9E%E6%A1%83%E9%BD%8B+%E8%A9%A9%E7%A8%BF+%E9%BD%8B%E8%A9%A9+&oid=1888629 HTTP/1.1" 200 3296
66.249.71.121 - - [21/Sep/2015:00:58:28 +0800] "GET /content/nav/relationSubject.jsp?relationWords=%E5%90%B3%E5%BE%B7%E5%8A%9F%20%E7%91%9E%E6%A1%83%E9%BD%8B%20%E8%A9%A9%E7%A8%BF%20%E9%BD%8B%E8%A9%A9%20&oid=1888629 HTTP/1.1" 200 3296
66.249.71.113 - - [21/Sep/2015:00:58:29 +0800] "GET /content/nav/relationSubject.jsp?relationWords=%E5%AD%B8%E6%A0%A1%E5%BB%BA%E7%AF%89+%E5%B1%B1%E5%9C%B0%E9%84%89+%E7%9C%81%E6%94%BF%E5%BA%9C+%E9%84%89%E5%85%AC%E6%89%80+&oid=1543762 HTTP/1.1" 200 4622
66.249.71.113 - - [21/Sep/2015:00:58:30 +0800] "GET /content/nav/relationSubject.jsp?relationWords=%E5%BD%A9%E7%B9%AA+&oid=4588726 HTTP/1.1" 200 4749
66.249.71.105 - - [21/Sep/2015:00:58:31 +0800] "GET /content/nav/relationSubject.jsp?relationWords=%E5%8F%A3%E8%85%B9%E7%89%87+%E7%99%BD%E9%99%B6+&oid=1847890 HTTP/1.1" 200 3090
66.249.71.105 - - [21/Sep/2015:00:58:33 +0800] "GET /content/nav/relationSubject.jsp?relationWords=%E5%AD%B8%E6%A0%A1%E5%BB%BA%E7%AF%89%20%E5%B1%B1%E5%9C%B0%E9%84%89%20%E7%9C%81%E6%94%BF%E5%BA%9C%20%E9%84%89%E5%85%AC%E6%89%80%20&oid=1543762 HTTP/1.1" 200 4622
66.249.71.105 - - [21/Sep/2015:00:58:34 +0800] "GET /content/nav/relationSubject.jsp?relationWords=%E5%BD%A9%E7%B9%AA%20&oid=4588726 HTTP/1.1" 200 4749
66.249.71.105 - - [21/Sep/2015:00:58:35 +0800] "GET /content/nav/relationSubject.jsp?relationWords=%E5%8F%A3%E8%85%B9%E7%89%87%20%E7%99%BD%E9%99%B6%20&oid=1847890 HTTP/1.1" 200 3090
122.100.82.143 - - [21/Sep/2015:00:58:35 +0800] "GET /content/nav/relationSubject.jsp?relationWords=%E8%8B%A6%E8%8B%93+&oid=16777317 HTTP/1.1" 200 3183
66.249.71.105 - - [21/Sep/2015:00:58:37 +0800] "GET /content/nav/relationSubject.jsp?relationWords=%E5%8F%B0%E7%81%A3%E5%8E%9F%E4%BD%8F%E6%B0%91+%E6%B2%BB%E8%87%BA%E6%94%BF%E7%AD%96+&oid=1777732 HTTP/1.1" 200 4859
66.249.71.226 - - [21/Sep/2015:00:58:38 +0800] "GET /content/subject/resource_content.jsp?oid=16777633&queryType=qs&queryString=%E5%B9%BC%E7%A8%9A%E5%9C%92 HTTP/1.1" 200 56572
66.249.71.113 - - [21/Sep/2015:00:58:39 +0800] "GET /content/nav/relationSubject.jsp?relationWords=%E5%8F%B0%E7%81%A3%E5%8E%9F%E4%BD%8F%E6%B0%91%20%E6%B2%BB%E8%87%BA%E6%94%BF%E7%AD%96%20&oid=1777732 HTTP/1.1" 200 4859
66.249.71.196 - - [21/Sep/2015:00:58:44 +0800] "GET /digiarch3/content/subject/resource_content.jsp?oid=16777806&queryType=qs&queryString=%E9%81%94%E6%82%9F%E6%97%8F HTTP/1.1" 200 48523
66.249.71.239 - - [21/Sep/2015:00:59:04 +0800] "GET /content/subject/resource_content.jsp?oid=16777773&queryType=qc HTTP/1.1" 200 54825
66.249.71.105 - - [21/Sep/2015:00:59:04 +0800] "GET /content/nav/relationSubject.jsp?relationWords=%E5%8F%B0%E7%81%A3%E5%85%AC%E8%AB%96+%E5%B0%8F%E7%9F%B3%E5%8E%9F%E5%8B%87+&oid=2470257 HTTP/1.1" 200 3264
66.249.71.121 - - [21/Sep/2015:00:59:05 +0800] "GET /content/nav/relationSubject.jsp?relationWords=%E5%98%B4%E7%A0%B4+&oid=4203447 HTTP/1.1" 200 2991
66.249.71.121 - - [21/Sep/2015:00:59:06 +0800] "GET /content/nav/relationSubject.jsp?relationWords=%E5%8F%B0%E7%81%A3%E5%85%AC%E8%AB%96%20%E5%B0%8F%E7%9F%B3%E5%8E%9F%E5%8B%87%20&oid=2470257 HTTP/1.1" 200 3264
66.249.71.113 - - [21/Sep/2015:00:59:07 +0800] "GET /content/nav/relationSubject.jsp?relationWords=%E5%98%B4%E7%A0%B4%20&oid=4203447 HTTP/1.1" 200 2991
66.249.71.105 - - [21/Sep/2015:00:59:11 +0800] "GET /content/nav/relationSubject.jsp?relationWords=%E4%B8%89%E6%B0%91%E4%B8%BB%E7%BE%A9+%E5%8F%B0%E7%81%A3%E5%8E%9F%E4%BD%8F%E6%B0%91+%E6%95%99%E6%9D%90+%E9%84%89%E5%9C%9F%E6%95%99%E8%82%B2+&oid=1773827 HTTP/1.1" 200 11198
66.249.71.113 - - [21/Sep/2015:00:59:13 +0800] "GET /content/nav/relationSubject.jsp?relationWords=%E4%B8%89%E6%B0%91%E4%B8%BB%E7%BE%A9%20%E5%8F%B0%E7%81%A3%E5%8E%9F%E4%BD%8F%E6%B0%91%20%E6%95%99%E6%9D%90%20%E9%84%89%E5%9C%9F%E6%95%99%E8%82%B2%20&oid=1773827 HTTP/1.1" 200 11198
66.249.71.196 - - [21/Sep/2015:00:59:24 +0800] "GET /content/repository/resource_content.jsp?oid=2678743&queryType=qs&queryString=%E5%AF%B6%E8%88%88 HTTP/1.1" 200 30295
66.249.71.113 - - [21/Sep/2015:00:59:32 +0800] "GET /content/nav/relationSubject.jsp?relationWords=%E5%9F%BA%E9%9A%86%E4%B8%AD%E5%AD%B8+%E6%95%99%E8%82%B2%E5%BB%B3+%E7%9C%81%E6%94%BF%E5%BA%9C+&oid=1551881 HTTP/1.1" 200 4572
66.249.79.121 - - [21/Sep/2015:00:59:43 +0800] "GET /content/nav/relationSubject.jsp?relationWords=%E5%9F%BA%E9%9A%86%E4%B8%AD%E5%AD%B8%20%E6%95%99%E8%82%B2%E5%BB%B3%20%E7%9C%81%E6%94%BF%E5%BA%9C%20&oid=1551881 HTTP/1.1" 200 4572
66.249.71.105 - - [21/Sep/2015:00:59:44 +0800] "GET /content/repository/resource_content.jsp?oid=4500535&queryType=qs&queryString=%E7%8F%BE%E4%BB%A3%E5%BB%BA%E7%AF%89 HTTP/1.1" 200 28526
66.249.71.105 - - [21/Sep/2015:00:59:44 +0800] "GET /content/nav/relationSubject.jsp?relationWords=%E6%8A%98%E8%82%A9+&oid=4411607 HTTP/1.1" 200 3048
66.249.71.196 - - [21/Sep/2015:00:59:46 +0800] "GET /content/nav/relationSubject.jsp?relationWords=%E8%A5%BF%E6%98%8C+&oid=2678743 HTTP/1.1" 200 3094
66.249.71.217 - - [21/Sep/2015:00:59:47 +0800] "GET /content/nav/relationSubject.jsp?relationWords=%E8%A5%BF%E6%98%8C%20&oid=2678743 HTTP/1.1" 200 3094
68.180.229.107 - - [21/Sep/2015:01:00:06 +0800] "GET /content/subject/resource_content.jsp?oid=16777841&queryType=qc HTTP/1.1" 200 27543
66.249.71.229 - - [21/Sep/2015:01:00:10 +0800] "GET /content/repository/resource_content.jsp?oid=1124584 HTTP/1.1" 200 34029
66.249.71.121 - - [21/Sep/2015:01:00:27 +0800] "GET /content/nav/relationSubject.jsp?relationWords=%E4%B8%8A%E6%B5%81%E9%83%A8+%E6%98%AD%E5%92%8C%E5%85%AB%E5%B9%B4+%E9%9D%A2%E7%A9%8D%E5%9C%96+&oid=173718 HTTP/1.1" 200 3265
66.249.71.229 - - [21/Sep/2015:01:00:29 +0800] "GET /content/repository/resource_content.jsp?oid=1597244 HTTP/1.1" 200 28608
66.249.71.121 - - [21/Sep/2015:01:00:30 +0800] "GET /content/nav/relationSubject.jsp?relationWords=%E4%B8%8A%E6%B5%81%E9%83%A8%20%E6%98%AD%E5%92%8C%E5%85%AB%E5%B9%B4%20%E9%9D%A2%E7%A9%8D%E5%9C%96%20&oid=173718 HTTP/1.1" 200 3265
66.249.71.249 - - [21/Sep/2015:01:00:31 +0800] "GET /content/nav/relationSubject.jsp?relationWords=%E5%85%AC%E4%BB%A3+%E6%88%AA%E5%B0%BE%E8%96%84%E6%AE%BC%E8%9B%A4+%E8%96%84%E6%AE%BC%E8%9B%A4+%E8%96%84%E6%AE%BC%E8%9B%A4%E5%B1%AC+%E8%96%84%E6%AE%BC%E8%9B%A4%E7%A7%91+%E9%9B%99%E6%AE%BC%E7%B6%B1+%E9%B4%A8%E5%98%B4%E8%9B%A4+&oid=1124584 HTTP/1.1" 200 3640
66.249.71.239 - - [21/Sep/2015:01:00:33 +0800] "GET /content/nav/relationSubject.jsp?relationWords=%E5%85%AC%E4%BB%A3%20%E6%88%AA%E5%B0%BE%E8%96%84%E6%AE%BC%E8%9B%A4%20%E8%96%84%E6%AE%BC%E8%9B%A4%20%E8%96%84%E6%AE%BC%E8%9B%A4%E5%B1%AC%20%E8%96%84%E6%AE%BC%E8%9B%A4%E7%A7%91%20%E9%9B%99%E6%AE%BC%E7%B6%B1%20%E9%B4%A8%E5%98%B4%E8%9B%A4%20&oid=1124584 HTTP/1.1" 200 3640
66.249.71.121 - - [21/Sep/2015:01:00:34 +0800] "GET /content/nav/relationSubject.jsp?relationWords=%E5%8D%9A%E8%A6%BD%E6%9C%83+%E5%A4%A7%E7%B4%A2+%E7%B4%A2%E9%81%93+&oid=4471463 HTTP/1.1" 200 4877
66.249.71.113 - - [21/Sep/2015:01:00:36 +0800] "GET /content/nav/relationSubject.jsp?relationWords=%E5%8D%9A%E8%A6%BD%E6%9C%83%20%E5%A4%A7%E7%B4%A2%20%E7%B4%A2%E9%81%93%20&oid=4471463 HTTP/1.1" 200 4877
66.249.71.113 - - [21/Sep/2015:01:00:40 +0800] "GET /content/nav/relationSubject.jsp?relationWords=%E6%B3%B0%E9%9B%85%E6%97%8F+%E9%9C%A7%E7%A4%BE%E4%BA%8B%E4%BB%B6+&oid=1777693 HTTP/1.1" 200 4262
66.249.71.113 - - [21/Sep/2015:01:00:41 +0800] "GET /content/nav/relationSubject.jsp?relationWords=%E6%B3%B0%E9%9B%85%E6%97%8F%20%E9%9C%A7%E7%A4%BE%E4%BA%8B%E4%BB%B6%20&oid=1777693 HTTP/1.1" 200 4262
207.46.13.66 - - [21/Sep/2015:01:01:03 +0800] "GET /content/subject/resource_content.jsp?oid=16777569&queryType=qc HTTP/1.1" 200 55973
66.249.71.121 - - [21/Sep/2015:01:01:07 +0800] "GET /content/nav/relationSubject.jsp?relationWords=%E7%8F%BE%E4%BB%A3%E5%BB%BA%E7%AF%89+&oid=4500535 HTTP/1.1" 200 4346
66.249.71.113 - - [21/Sep/2015:01:01:09 +0800] "GET /content/nav/relationSubject.jsp?relationWords=%E7%8F%BE%E4%BB%A3%E5%BB%BA%E7%AF%89%20&oid=4500535 HTTP/1.1" 200 4346
66.249.71.113 - - [21/Sep/2015:01:01:10 +0800] "GET /content/nav/relationSubject.jsp?relationWords=%E7%94%98%E4%BB%94%E9%AD%9A+&oid=4352492 HTTP/1.1" 200 3306
66.249.71.113 - - [21/Sep/2015:01:01:12 +0800] "GET /content/nav/relationSubject.jsp?relationWords=%E7%94%98%E4%BB%94%E9%AD%9A%20&oid=4352492 HTTP/1.1" 200 3306
66.249.71.229 - - [21/Sep/2015:01:01:15 +0800] "GET /content/repository/resource_content.jsp?oid=173575 HTTP/1.1" 200 30464
66.249.71.196 - - [21/Sep/2015:01:01:29 +0800] "GET /digiarch3/content/repository/resource_content.jsp?oid=1780466&queryString=%E9%8A%85%E6%89%8B%E9%90%B2 HTTP/1.1" 200 28880
123.192.28.158 - - [21/Sep/2015:01:01:34 +0800] "GET /content/nav/relationSubject.jsp?relationWords=&oid=16777459 HTTP/1.1" 200 1405
66.249.71.113 - - [21/Sep/2015:01:01:42 +0800] "GET /content/repository/resource_content.jsp?oid=1849293&queryType=qs&queryString=%E6%96%9C%E6%96%B9 HTTP/1.1" 200 30735
66.249.71.196 - - [21/Sep/2015:01:01:45 +0800] "GET /digiarch3/content/nav/relationSubject.jsp?relationWords=%E9%8A%85%E6%89%8B%E9%90%B2+&oid=1780466 HTTP/1.1" 200 2954
66.249.71.105 - - [21/Sep/2015:01:01:47 +0800] "GET /content/nav/relationSubject.jsp?relationWords=&oid=2570601 HTTP/1.1" 200 1405
66.249.71.217 - - [21/Sep/2015:01:01:48 +0800] "GET /digiarch3/content/nav/relationSubject.jsp?relationWords=%E9%8A%85%E6%89%8B%E9%90%B2%20&oid=1780466 HTTP/1.1" 200 2954
66.249.71.105 - - [21/Sep/2015:01:01:49 +0800] "GET /content/repository/resource_content.jsp?oid=603839&queryType=qs&queryString=%E8%AC%99%E5%90%89 HTTP/1.1" 200 28389
66.249.71.113 - - [21/Sep/2015:01:01:55 +0800] "GET /content/repository/resource_content.jsp?oid=1555810&queryType=qs&queryString=%E6%9E%8B%E5%B1%B1%E9%84%89 HTTP/1.1" 200 32080
66.249.71.121 - - [21/Sep/2015:01:01:55 +0800] "GET /content/nav/relationSubject.jsp?relationWords=%E5%8A%A0%E8%9A%8B%E5%9F%94+%E5%B1%8F%E6%9D%B1%E7%B8%A3%E6%94%BF%E5%BA%9C+%E6%81%86%E6%98%A5%E9%8E%AE+%E8%87%BA%E7%81%A3%E7%9C%81%E6%94%BF%E5%BA%9C+&oid=1898137 HTTP/1.1" 200 5390
66.249.71.121 - - [21/Sep/2015:01:01:56 +0800] "GET /content/nav/relationSubject.jsp?relationWords=%E6%80%9D%E6%83%B3+%E6%98%8E%E6%9C%AB%E6%B8%85%E5%88%9D+&oid=4493110 HTTP/1.1" 200 6494
66.249.71.105 - - [21/Sep/2015:01:01:57 +0800] "GET /content/nav/relationSubject.jsp?relationWords=%E8%AC%99%E5%90%89+&oid=603839 HTTP/1.1" 200 2845
66.249.71.113 - - [21/Sep/2015:01:01:58 +0800] "GET /content/nav/relationSubject.jsp?relationWords=%E5%8A%A0%E8%9A%8B%E5%9F%94%20%E5%B1%8F%E6%9D%B1%E7%B8%A3%E6%94%BF%E5%BA%9C%20%E6%81%86%E6%98%A5%E9%8E%AE%20%E8%87%BA%E7%81%A3%E7%9C%81%E6%94%BF%E5%BA%9C%20&oid=1898137 HTTP/1.1" 200 5390
66.249.71.113 - - [21/Sep/2015:01:01:59 +0800] "GET /content/nav/relationSubject.jsp?relationWords=%E6%80%9D%E6%83%B3%20%E6%98%8E%E6%9C%AB%E6%B8%85%E5%88%9D%20&oid=4493110 HTTP/1.1" 200 6494
66.249.71.113 - - [21/Sep/2015:01:02:00 +0800] "GET /content/nav/relationSubject.jsp?relationWords=%E8%AC%99%E5%90%89%20&oid=603839 HTTP/1.1" 200 2845
66.249.71.105 - - [21/Sep/2015:01:02:01 +0800] "GET /content/repository/resource_content.jsp?oid=1605347&queryType=qs&queryString=%E5%9C%B0%E7%90%86%E4%BD%8D%E7%BD%AE HTTP/1.1" 200 37117
66.249.71.113 - - [21/Sep/2015:01:02:08 +0800] "GET /content/repository/resource_content.jsp?oid=2679830&queryType=qs&queryString=%E7%86%99%E6%9C%9D HTTP/1.1" 200 30116
66.249.71.105 - - [21/Sep/2015:01:02:08 +0800] "GET /content/nav/relationSubject.jsp?relationWords=%E5%85%AC%E8%B7%AF%E5%B1%80+%E5%8D%97%E7%81%A3+%E5%B7%A5%E7%A8%8B%E8%B2%BB+%E6%9E%8B%E5%B1%B1%E9%84%89+%E7%89%A1%E4%B8%B9%E9%84%89+%E7%9B%A7%E5%B1%B1+%E8%87%BA%E6%9D%B1%E7%B8%A3+%E8%99%95%E9%95%B7+%E8%A7%80%E5%85%89%E7%81%AB%E8%BB%8A+%E9%90%B5%E8%B7%AF%E5%B1%80+%E9%A0%90%E7%AE%97+&oid=1555810 HTTP/1.1" 200 5641
66.249.71.121 - - [21/Sep/2015:01:02:10 +0800] "GET /content/nav/relationSubject.jsp?relationWords=%E5%85%AC%E8%B7%AF%E5%B1%80%20%E5%8D%97%E7%81%A3%20%E5%B7%A5%E7%A8%8B%E8%B2%BB%20%E6%9E%8B%E5%B1%B1%E9%84%89%20%E7%89%A1%E4%B8%B9%E9%84%89%20%E7%9B%A7%E5%B1%B1%20%E8%87%BA%E6%9D%B1%E7%B8%A3%20%E8%99%95%E9%95%B7%20%E8%A7%80%E5%85%89%E7%81%AB%E8%BB%8A%20%E9%90%B5%E8%B7%AF%E5%B1%80%20%E9%A0%90%E7%AE%97%20&oid=1555810 HTTP/1.1" 200 5641
66.249.71.105 - - [21/Sep/2015:01:02:11 +0800] "GET /content/nav/relationSubject.jsp?relationWords=%E5%90%8F%E9%83%A8+&oid=2628182 HTTP/1.1" 200 3101
66.249.71.113 - - [21/Sep/2015:01:02:13 +0800] "GET /content/nav/relationSubject.jsp?relationWords=%E5%90%8F%E9%83%A8%20&oid=2628182 HTTP/1.1" 200 3101
66.249.79.115 - - [21/Sep/2015:01:02:15 +0800] "GET /content/repository/resource_content.jsp?oid=2633782&queryType=qs&queryString=%E6%B8%85%E8%B1%90%E7%B8%A3 HTTP/1.1" 200 30088
66.249.71.121 - - [21/Sep/2015:01:02:15 +0800] "GET /content/nav/relationSubject.jsp?relationWords=%E6%BC%A2%E9%99%BD+%E8%80%85%E5%A5%B3+%E8%80%85%E5%A5%B3%E8%A7%A5+%E8%88%8A%E8%97%8F+%E8%91%89%E6%B0%8F+%E9%A1%8C%E8%A8%98+&oid=1817788 HTTP/1.1" 200 5016
66.249.71.121 - - [21/Sep/2015:01:02:17 +0800] "GET /content/nav/relationSubject.jsp?relationWords=%E6%BC%A2%E9%99%BD%20%E8%80%85%E5%A5%B3%20%E8%80%85%E5%A5%B3%E8%A7%A5%20%E8%88%8A%E8%97%8F%20%E8%91%89%E6%B0%8F%20%E9%A1%8C%E8%A8%98%20&oid=1817788 HTTP/1.1" 200 5016
66.249.71.239 - - [21/Sep/2015:01:02:21 +0800] "GET /content/repository/resource_content.jsp?oid=1564680 HTTP/1.1" 200 31210
66.249.71.105 - - [21/Sep/2015:01:02:24 +0800] "GET /content/nav/relationSubject.jsp?relationWords=%E7%9F%A5%E5%B7%9E+&oid=2633782 HTTP/1.1" 200 3102
66.249.71.113 - - [21/Sep/2015:01:02:26 +0800] "GET /content/nav/relationSubject.jsp?relationWords=%E7%9F%A5%E5%B7%9E%20&oid=2633782 HTTP/1.1" 200 3102
66.249.71.121 - - [21/Sep/2015:01:02:27 +0800] "GET /content/repository/resource_content.jsp?oid=2687645&queryType=qs&queryString=%E9%8B%AA%E6%88%B6 HTTP/1.1" 200 30156
66.249.79.127 - - [21/Sep/2015:01:02:33 +0800] "GET /content/nav/relationSubject.jsp?relationWords=%E9%AA%A8%E7%AD%92+&oid=1852400 HTTP/1.1" 200 2963
66.249.71.113 - - [21/Sep/2015:01:02:35 +0800] "GET /content/repository/resource_content.jsp?oid=2673371&queryType=qs&queryString=%E6%B2%BB%E5%B9%B3 HTTP/1.1" 200 30082
66.249.71.113 - - [21/Sep/2015:01:02:38 +0800] "GET /content/nav/relationSubject.jsp?relationWords=%E9%AA%A8%E7%AD%92%20&oid=1852400 HTTP/1.1" 200 2963
66.249.71.121 - - [21/Sep/2015:01:02:41 +0800] "GET /content/repository/resource_content.jsp?oid=1111229&queryType=qs&queryString=%E6%8E%92%E6%B0%B4%E6%BA%9D HTTP/1.1" 200 31044
66.249.71.113 - - [21/Sep/2015:01:02:47 +0800] "GET /content/repository/resource_content.jsp?oid=2682882&queryType=qs&queryString=%E8%B3%BC%E7%B7%9A HTTP/1.1" 200 30405
111.251.195.108 - - [21/Sep/2015:01:02:49 +0800] "GET /content/nav/relationSubject.jsp?relationWords=%E5%8F%B0%E7%81%A3%E6%AC%92%E6%A8%B9+%E8%8B%A6%E8%8B%93%E8%88%85+&oid=16777254 HTTP/1.1" 200 4285
66.249.71.121 - - [21/Sep/2015:01:02:52 +0800] "GET /content/nav/relationSubject.jsp?relationWords=%E9%83%BD%E5%AF%9F%E9%99%A2+&oid=2688755 HTTP/1.1" 200 3075
66.249.71.113 - - [21/Sep/2015:01:02:54 +0800] "GET /content/repository/resource_content.jsp?oid=2569659&queryType=qs&queryString=%E8%A9%A9%E9%A1%8C HTTP/1.1" 200 29901
66.249.71.105 - - [21/Sep/2015:01:02:54 +0800] "GET /content/nav/relationSubject.jsp?relationWords=%E9%83%BD%E5%AF%9F%E9%99%A2%20&oid=2688755 HTTP/1.1" 200 3075
49.214.130.103 - - [21/Sep/2015:01:02:58 +0800] "GET /content/repository/resource_content.jsp?oid=1637003 HTTP/1.1" 200 31181
49.214.130.103 - - [21/Sep/2015:01:02:59 +0800] "GET /content/nav/relationSubject.jsp?relationWords=%E7%B4%8B%E8%BA%AB%E8%8A%8B%E8%9E%BA+%E8%85%B9%E8%B6%B3%E7%B6%B1+%E8%8A%8B%E8%9E%BA%E5%B1%AC+%E8%8A%8B%E8%9E%BA%E7%A7%91+&oid=1637003 HTTP/1.1" 200 2617
66.249.71.113 - - [21/Sep/2015:01:03:00 +0800] "GET /content/repository/resource_content.jsp?oid=1619089&queryType=qs&queryString=%E9%BE%8D%E6%B9%96 HTTP/1.1" 200 28878
66.249.71.113 - - [21/Sep/2015:01:03:02 +0800] "GET /content/nav/relationSubject.jsp?relationWords=%E5%AE%9A%E7%B6%93%E8%8D%89+%E6%A4%8D%E7%89%A9%E7%95%8C+%E8%80%B3%E8%8D%89%E5%B1%AC+%E8%8C%9C%E8%8D%89+%E8%8C%9C%E8%8D%89%E7%A7%91+&oid=1111229 HTTP/1.1" 200 3371
66.249.71.105 - - [21/Sep/2015:01:03:04 +0800] "GET /content/nav/relationSubject.jsp?relationWords=%E5%AE%9A%E7%B6%93%E8%8D%89%20%E6%A4%8D%E7%89%A9%E7%95%8C%20%E8%80%B3%E8%8D%89%E5%B1%AC%20%E8%8C%9C%E8%8D%89%20%E8%8C%9C%E8%8D%89%E7%A7%91%20&oid=1111229 HTTP/1.1" 200 3371
66.249.71.113 - - [21/Sep/2015:01:03:07 +0800] "GET /content/repository/resource_content.jsp?oid=1554524&queryType=qs&queryString=%E9%99%B3%E6%A9%8B HTTP/1.1" 200 28726
66.249.71.121 - - [21/Sep/2015:01:03:13 +0800] "GET /content/repository/resource_content.jsp?oid=1552390&queryType=qs&queryString=%E9%96%8B%E7%99%BC%E8%A8%88%E5%8A%83 HTTP/1.1" 200 30197
66.249.71.121 - - [21/Sep/2015:01:03:20 +0800] "GET /content/repository/resource_content.jsp?oid=4470391&queryType=qs&queryString=%E6%9D%BE%E7%9F%B3 HTTP/1.1" 200 41875
66.249.71.105 - - [21/Sep/2015:01:03:22 +0800] "GET /content/nav/relationSubject.jsp?relationWords=%E5%9C%8B%E5%BA%AB+%E5%A4%A7%E5%8E%9F+%E5%AE%9C%E8%98%AD%E5%B8%82+%E6%9E%97%E5%8D%80%E7%AE%A1%E7%90%86%E8%99%95+%E6%A3%B2%E8%98%AD+%E6%A9%AB%E8%B2%AB%E5%85%AC%E8%B7%AF+%E7%B6%93%E6%BF%9F%E5%BB%BA%E8%A8%AD+%E8%A3%95%E5%9C%8B+%E8%BE%B2%E6%9E%97%E9%A1%9E+%E9%96%8B%E7%99%BC%E8%A8%88%E5%8A%83+%E9%A0%90%E7%AE%97+&oid=1552390 HTTP/1.1" 200 5070
66.249.71.113 - - [21/Sep/2015:01:03:23 +0800] "GET /content/nav/relationSubject.jsp?relationWords=%E4%BA%A4%E9%80%9A%E5%AE%89%E5%85%A8+%E5%85%AC%E8%B7%AF%E5%B1%80+%E5%8D%83%E9%B3%A5+%E5%AE%89%E5%85%A8%E6%A1%88+%E6%A9%8B%E5%A2%A9+%E9%99%B3%E6%A9%8B+&oid=1554524 HTTP/1.1" 200 4767
66.249.71.113 - - [21/Sep/2015:01:03:25 +0800] "GET /content/nav/relationSubject.jsp?relationWords=%E5%9C%8B%E5%BA%AB%20%E5%A4%A7%E5%8E%9F%20%E5%AE%9C%E8%98%AD%E5%B8%82%20%E6%9E%97%E5%8D%80%E7%AE%A1%E7%90%86%E8%99%95%20%E6%A3%B2%E8%98%AD%20%E6%A9%AB%E8%B2%AB%E5%85%AC%E8%B7%AF%20%E7%B6%93%E6%BF%9F%E5%BB%BA%E8%A8%AD%20%E8%A3%95%E5%9C%8B%20%E8%BE%B2%E6%9E%97%E9%A1%9E%20%E9%96%8B%E7%99%BC%E8%A8%88%E5%8A%83%20%E9%A0%90%E7%AE%97%20&oid=1552390 HTTP/1.1" 200 5070
66.249.71.121 - - [21/Sep/2015:01:03:26 +0800] "GET /content/nav/relationSubject.jsp?relationWords=%E4%BA%A4%E9%80%9A%E5%AE%89%E5%85%A8%20%E5%85%AC%E8%B7%AF%E5%B1%80%20%E5%8D%83%E9%B3%A5%20%E5%AE%89%E5%85%A8%E6%A1%88%20%E6%A9%8B%E5%A2%A9%20%E9%99%B3%E6%A9%8B%20&oid=1554524 HTTP/1.1" 200 4767
66.249.71.239 - - [21/Sep/2015:01:03:27 +0800] "GET /content/subject/resource_content.jsp?oid=16777657&queryType=qs&queryString=%E5%B8%AB%E7%AF%84%E5%A4%A7%E5%AD%B8 HTTP/1.1" 200 71741
66.249.71.229 - - [21/Sep/2015:01:03:33 +0800] "GET /content/repository/resource_content.jsp?oid=2514113 HTTP/1.1" 200 29885
66.249.71.45 - - [21/Sep/2015:01:03:40 +0800] "GET /content/subject/resource_content.jsp?oid=16777519&queryType=qs&queryString=%E6%B0%B4%E5%9C%9F%E4%BF%9D%E6%8C%81 HTTP/1.1" 200 36003
66.249.71.229 - - [21/Sep/2015:01:03:46 +0800] "GET /content/repository/resource_content.jsp?oid=1540558 HTTP/1.1" 200 28499
66.249.71.239 - - [21/Sep/2015:01:03:50 +0800] "GET /content/nav/relationSubject.jsp?relationWords=%E5%90%8F%E9%83%A8+%E9%80%9A%E5%88%A4+&oid=2514113 HTTP/1.1" 200 3136
66.249.71.229 - - [21/Sep/2015:01:03:52 +0800] "GET /content/nav/relationSubject.jsp?relationWords=%E5%90%8F%E9%83%A8%20%E9%80%9A%E5%88%A4%20&oid=2514113 HTTP/1.1" 200 3136
66.249.71.249 - - [21/Sep/2015:01:03:53 +0800] "GET /content/repository/resource_content.jsp?oid=173822 HTTP/1.1" 200 30311
66.249.71.226 - - [21/Sep/2015:01:03:59 +0800] "GET /content/repository/resource_content.jsp?oid=1844851&queryType=qs&queryString=%E7%8D%B8%E9%9D%A2%E7%B4%8B HTTP/1.1" 200 32072
66.249.79.200 - - [21/Sep/2015:01:04:06 +0800] "GET /content/repository/resource_content.jsp?oid=222231 HTTP/1.1" 200 30123
66.249.71.229 - - [21/Sep/2015:01:04:13 +0800] "GET /content/repository/resource_content.jsp?oid=24389 HTTP/1.1" 200 29879
104.33.76.5 - - [21/Sep/2015:01:04:13 +0800] "GET /content/nav/relationSubject.jsp?relationWords=%E7%99%BD%E5%8D%83%E5%B1%A4+&oid=16777287 HTTP/1.1" 200 3852
66.249.71.249 - - [21/Sep/2015:01:04:19 +0800] "GET /content/repository/resource_content.jsp?oid=705090 HTTP/1.1" 200 28814
66.249.71.229 - - [21/Sep/2015:01:04:30 +0800] "GET /content/nav/relationSubject.jsp?relationWords=%E6%A2%9D%E7%B4%8B%E8%BA%84%E9%AD%9A+%E8%BA%84%E9%AD%9A%E7%A7%91+&oid=24389 HTTP/1.1" 200 3198
66.249.71.249 - - [21/Sep/2015:01:04:33 +0800] "GET /content/nav/relationSubject.jsp?relationWords=%E6%A2%9D%E7%B4%8B%E8%BA%84%E9%AD%9A%20%E8%BA%84%E9%AD%9A%E7%A7%91%20&oid=24389 HTTP/1.1" 200 3198
66.249.71.239 - - [21/Sep/2015:01:04:34 +0800] "GET /content/nav/relationSubject.jsp?relationWords=%E4%BA%BA%E5%90%8D%E6%AC%8A%E5%A8%81+%E7%89%B9%E7%BE%85%E9%82%91+&oid=705090 HTTP/1.1" 200 3285
66.249.71.229 - - [21/Sep/2015:01:04:35 +0800] "GET /content/nav/relationSubject.jsp?relationWords=%E9%99%B8%E6%B8%AC%E5%9C%96+%E9%A6%AC%E5%8A%8D%E9%8E%AE+&oid=222231 HTTP/1.1" 200 3129
66.249.71.239 - - [21/Sep/2015:01:04:39 +0800] "GET /content/nav/relationSubject.jsp?relationWords=%E4%BA%BA%E5%90%8D%E6%AC%8A%E5%A8%81%20%E7%89%B9%E7%BE%85%E9%82%91%20&oid=705090 HTTP/1.1" 200 3285
66.249.71.229 - - [21/Sep/2015:01:04:40 +0800] "GET /content/nav/relationSubject.jsp?relationWords=%E9%99%B8%E6%B8%AC%E5%9C%96%20%E9%A6%AC%E5%8A%8D%E9%8E%AE%20&oid=222231 HTTP/1.1" 200 3129
66.249.79.207 - - [21/Sep/2015:01:04:46 +0800] "GET /content/repository/resource_content.jsp?oid=1111998 HTTP/1.1" 200 30994
66.249.71.206 - - [21/Sep/2015:01:04:52 +0800] "GET /content/repository/resource_content.jsp?oid=15411&queryType=qs&queryString=%E9%A3%9F%E7%89%A9%E9%8F%88 HTTP/1.1" 200 34550
66.249.79.193 - - [21/Sep/2015:01:04:59 +0800] "GET /content/repository/resource_content.jsp?oid=1530644 HTTP/1.1" 200 29030
66.249.71.105 - - [21/Sep/2015:01:04:59 +0800] "GET /content/nav/relationSubject.jsp?relationWords=%E9%9B%85%E7%BE%8E+%E9%9B%85%E7%BE%8E%E6%97%8F+&oid=1779866 HTTP/1.1" 200 2905
66.249.71.226 - - [21/Sep/2015:01:05:01 +0800] "GET /content/nav/relationSubject.jsp?relationWords=%E7%95%B0%E9%BB%91%E9%AF%9B+%E9%BB%91%E9%AF%9B+%E9%BD%92%E9%AF%9B+%E9%BE%8D%E5%8D%A0+&oid=15411 HTTP/1.1" 200 3417
66.249.71.121 - - [21/Sep/2015:01:05:02 +0800] "GET /content/nav/relationSubject.jsp?relationWords=%E9%9B%85%E7%BE%8E%20%E9%9B%85%E7%BE%8E%E6%97%8F%20&oid=1779866 HTTP/1.1" 200 2905
66.249.71.217 - - [21/Sep/2015:01:05:05 +0800] "GET /digiarch3/content/repository/resource_content.jsp?oid=1104679&queryString=%E6%A4%8D%E7%89%A9%E7%95%8C%20%E7%8E%89%E5%B1%B1%E8%96%84%E9%9B%AA%E8%8D%89%20%E8%8F%8A%E7%A7%91%20%E8%96%84%E9%9B%AA%E8%8D%89%20%E8%96%84%E9%9B%AA%E8%8D%89%E5%B1%AC%20%E9%9B%99%E5%AD%90%E8%91%89%20%E9%9B%99%E5%AD%90%E8%91%89%E6%A4%8D%E7%89%A9 HTTP/1.1" 200 31555
66.249.71.249 - - [21/Sep/2015:01:05:12 +0800] "GET /digiarch_en/content/subject/resource_content.jsp?oid=16777303&queryType=qs&queryString=%E5%B7%B4%E9%BB%8E HTTP/1.1" 200 28166
66.249.71.249 - - [21/Sep/2015:01:05:12 +0800] "GET /content/nav/relationSubject.jsp?relationWords=%E5%91%A8%E6%B8%85%E9%81%A0+%E8%87%BA%E7%81%A3%E7%9C%81%E8%AD%B0%E6%9C%83+%E9%95%B7%E5%91%A8+&oid=1530644 HTTP/1.1" 200 4167
66.249.71.229 - - [21/Sep/2015:01:05:14 +0800] "GET /content/nav/relationSubject.jsp?relationWords=%E5%91%A8%E6%B8%85%E9%81%A0%20%E8%87%BA%E7%81%A3%E7%9C%81%E8%AD%B0%E6%9C%83%20%E9%95%B7%E5%91%A8%20&oid=1530644 HTTP/1.1" 200 4167
66.249.71.217 - - [21/Sep/2015:01:05:15 +0800] "GET /digiarch3/content/nav/relationSubject.jsp?relationWords=%E6%A4%8D%E7%89%A9%E7%95%8C+%E7%8E%89%E5%B1%B1%E8%96%84%E9%9B%AA%E8%8D%89+%E8%8F%8A%E7%A7%91+%E8%96%84%E9%9B%AA%E8%8D%89%E5%B1%AC+%E9%9B%99%E5%AD%90%E8%91%89%E6%A4%8D%E7%89%A9+&oid=1104679 HTTP/1.1" 200 4243
66.249.71.207 - - [21/Sep/2015:01:05:18 +0800] "GET /digiarch3/content/nav/relationSubject.jsp?relationWords=%E6%A4%8D%E7%89%A9%E7%95%8C%20%E7%8E%89%E5%B1%B1%E8%96%84%E9%9B%AA%E8%8D%89%20%E8%8F%8A%E7%A7%91%20%E8%96%84%E9%9B%AA%E8%8D%89%E5%B1%AC%20%E9%9B%99%E5%AD%90%E8%91%89%E6%A4%8D%E7%89%A9%20&oid=1104679 HTTP/1.1" 200 4243
66.249.71.229 - - [21/Sep/2015:01:05:20 +0800] "GET /content/repository/resource_content.jsp?oid=2470371 HTTP/1.1" 200 30860
66.249.71.249 - - [21/Sep/2015:01:05:25 +0800] "GET /content/repository/resource_content.jsp?oid=1818528&queryString=%E9%90%8E%E6%96%97%20%E9%95%B7%E5%AE%9C%E5%AD%90%E5%AD%AB HTTP/1.1" 200 29278
66.249.71.216 - - [21/Sep/2015:01:05:31 +0800] "GET /content/repository/resource_content.jsp?oid=2522386&queryType=qs&queryString=%E6%9B%B9%E5%B7%9E HTTP/1.1" 200 30398
66.249.71.229 - - [21/Sep/2015:01:05:35 +0800] "GET /content/nav/relationSubject.jsp?relationWords=%E6%BC%A2%E9%99%BD+%E8%91%89%E6%B0%8F+%E9%90%8E%E6%96%97+%E9%A1%8C%E8%A8%98+&oid=1818528 HTTP/1.1" 200 4914
66.249.71.229 - - [21/Sep/2015:01:05:36 +0800] "GET /content/nav/relationSubject.jsp?relationWords=%E6%BC%A2%E9%99%BD%20%E8%91%89%E6%B0%8F%20%E9%90%8E%E6%96%97%20%E9%A1%8C%E8%A8%98%20&oid=1818528 HTTP/1.1" 200 4914
66.249.71.226 - - [21/Sep/2015:01:05:45 +0800] "GET /content/repository/resource_content.jsp?oid=1783465&queryType=qs&queryString=%E9%9B%9C%E8%8A%B1 HTTP/1.1" 200 30955
66.249.71.249 - - [21/Sep/2015:01:05:51 +0800] "GET /content/repository/resource_content.jsp?oid=17729 HTTP/1.1" 200 29858
66.249.71.239 - - [21/Sep/2015:01:05:58 +0800] "GET /content/repository/resource_content.jsp?oid=2569047 HTTP/1.1" 200 30107
66.249.71.229 - - [21/Sep/2015:01:06:01 +0800] "GET /content/nav/relationSubject.jsp?relationWords=%E5%91%82%E5%AE%B6%E6%BA%AA+%E5%9C%96%E9%9B%86%E5%90%8D+%E7%B8%B1%E6%96%B7%E5%9C%96+&oid=173575 HTTP/1.1" 200 3765
66.249.71.239 - - [21/Sep/2015:01:06:03 +0800] "GET /content/nav/relationSubject.jsp?relationWords=%E5%91%82%E5%AE%B6%E6%BA%AA%20%E5%9C%96%E9%9B%86%E5%90%8D%20%E7%B8%B1%E6%96%B7%E5%9C%96%20&oid=173575 HTTP/1.1" 200 3765
66.249.71.239 - - [21/Sep/2015:01:06:04 +0800] "GET /content/repository/resource_content.jsp?oid=1113677 HTTP/1.1" 200 31088
66.249.71.249 - - [21/Sep/2015:01:06:10 +0800] "GET /content/nav/relationSubject.jsp?relationWords=%E7%A6%AE%E9%83%A8+&oid=2569047 HTTP/1.1" 200 3060
66.249.71.249 - - [21/Sep/2015:01:06:11 +0800] "GET /content/repository/resource_content.jsp?oid=1620866 HTTP/1.1" 200 28607
66.249.71.239 - - [21/Sep/2015:01:06:12 +0800] "GET /content/nav/relationSubject.jsp?relationWords=%E7%A6%AE%E9%83%A8%20&oid=2569047 HTTP/1.1" 200 3060
66.249.71.249 - - [21/Sep/2015:01:06:17 +0800] "GET /content/repository/resource_content.jsp?oid=2679490 HTTP/1.1" 200 30152
66.249.71.216 - - [21/Sep/2015:01:06:24 +0800] "GET /content/repository/resource_content.jsp?oid=1565548&queryType=qs&queryString=%E9%9D%92%E8%8F%9C HTTP/1.1" 200 32296
66.249.71.239 - - [21/Sep/2015:01:06:30 +0800] "GET /content/repository/resource_content.jsp?oid=2151163 HTTP/1.1" 200 30972
66.249.71.239 - - [21/Sep/2015:01:06:37 +0800] "GET /digiarch_en/content/repository/resource_content.jsp?oid=4387939&queryString=%E5%B9%B3%E5%9F%94%E6%97%8F%20%E6%95%B8%E4%BD%8D%E5%85%B8%E8%97%8F%20%E7%9F%AE%E9%9D%88%E7%A5%AD%20%E8%A5%BF%E6%8B%89%E9%9B%85%E6%97%8F%20%E8%B3%BD%E5%A4%8F%E6%97%8F%20%E9%81%94%E6%82%9F%E6%97%8F%20%E9%AD%AF%E5%87%B1%E6%97%8F HTTP/1.1" 200 25150
66.249.79.181 - - [21/Sep/2015:01:06:38 +0800] "GET /content/nav/relationSubject.jsp?relationWords=%E5%8A%89%E9%87%91%E7%B4%84+%E5%BC%B5%E5%AF%8C+%E5%BC%B5%E6%8C%AF%E7%94%9F+%E6%9C%89%E4%BB%81+%E6%9C%B1%E8%90%AC%E6%88%90+%E6%9E%97%E6%98%8E%E5%BE%B7+%E6%9E%97%E7%89%9B%E6%B8%AF+%E6%B0%B4%E5%9C%9F%E4%BF%9D%E6%8C%81+%E8%B3%AA%E8%A9%A2+%E9%9D%92%E8%8F%9C+&oid=1565548 HTTP/1.1" 200 6283
66.249.71.249 - - [21/Sep/2015:01:06:39 +0800] "GET /digiarch_en/content/nav/relationSubject.jsp?relationWords=%E7%9F%AE%E9%9D%88%E7%A5%AD+%E7%A5%AD%E5%84%80+%E8%B3%BD%E5%A4%8F+%E8%B3%BD%E5%A4%8F%E6%97%8F+%E8%B3%BD%E5%A4%8F%E7%9F%AE%E9%9D%88%E7%A5%AD+&oid=4387939 HTTP/1.1" 200 4074
66.249.71.216 - - [21/Sep/2015:01:06:40 +0800] "GET /content/nav/relationSubject.jsp?relationWords=%E5%8A%89%E9%87%91%E7%B4%84%20%E5%BC%B5%E5%AF%8C%20%E5%BC%B5%E6%8C%AF%E7%94%9F%20%E6%9C%89%E4%BB%81%20%E6%9C%B1%E8%90%AC%E6%88%90%20%E6%9E%97%E6%98%8E%E5%BE%B7%20%E6%9E%97%E7%89%9B%E6%B8%AF%20%E6%B0%B4%E5%9C%9F%E4%BF%9D%E6%8C%81%20%E8%B3%AA%E8%A9%A2%20%E9%9D%92%E8%8F%9C%20&oid=1565548 HTTP/1.1" 200 6283
66.249.71.229 - - [21/Sep/2015:01:06:41 +0800] "GET /digiarch_en/content/nav/relationSubject.jsp?relationWords=%E7%9F%AE%E9%9D%88%E7%A5%AD%20%E7%A5%AD%E5%84%80%20%E8%B3%BD%E5%A4%8F%20%E8%B3%BD%E5%A4%8F%E6%97%8F%20%E8%B3%BD%E5%A4%8F%E7%9F%AE%E9%9D%88%E7%A5%AD%20&oid=4387939 HTTP/1.1" 200 4074
66.249.71.239 - - [21/Sep/2015:01:06:44 +0800] "GET /content/repository/resource_content.jsp?oid=1819955 HTTP/1.1" 200 28725
66.249.71.113 - - [21/Sep/2015:01:06:44 +0800] "GET /content/nav/relationSubject.jsp?relationWords=%E5%90%8F%E9%83%A8+%E5%A4%A9%E6%81%A9%E4%BA%8B+&oid=2679830 HTTP/1.1" 200 3151
66.249.71.239 - - [21/Sep/2015:01:06:45 +0800] "GET /content/nav/relationSubject.jsp?relationWords=%E5%8F%B0%E7%81%A3%E4%BA%8C%E8%91%89%E6%9D%BE+%E6%9D%BE%E5%B1%AC+%E6%9D%BE%E6%9D%89+%E6%9D%BE%E7%A7%91+%E6%A4%8D%E7%89%A9%E7%95%8C+%E6%AF%AC%E6%9E%9C+&oid=2151163 HTTP/1.1" 200 3378
66.249.71.113 - - [21/Sep/2015:01:06:46 +0800] "GET /content/nav/relationSubject.jsp?relationWords=%E5%90%8F%E9%83%A8%20%E5%A4%A9%E6%81%A9%E4%BA%8B%20&oid=2679830 HTTP/1.1" 200 3151
66.249.71.249 - - [21/Sep/2015:01:06:47 +0800] "GET /content/nav/relationSubject.jsp?relationWords=%E5%8F%B0%E7%81%A3%E4%BA%8C%E8%91%89%E6%9D%BE%20%E6%9D%BE%E5%B1%AC%20%E6%9D%BE%E6%9D%89%20%E6%9D%BE%E7%A7%91%20%E6%A4%8D%E7%89%A9%E7%95%8C%20%E6%AF%AC%E6%9E%9C%20&oid=2151163 HTTP/1.1" 200 3378
66.249.71.206 - - [21/Sep/2015:01:06:50 +0800] "GET /content/subject/resource_content.jsp?oid=16777371&queryType=qs&queryString=%E6%8B%93%E7%89%87 HTTP/1.1" 200 48805
66.249.71.229 - - [21/Sep/2015:01:06:53 +0800] "GET /content/nav/relationSubject.jsp?relationWords=%E7%88%B6%E6%88%8A%E8%A7%B6+&oid=1819955 HTTP/1.1" 200 3320
66.249.71.249 - - [21/Sep/2015:01:06:55 +0800] "GET /content/nav/relationSubject.jsp?relationWords=%E7%88%B6%E6%88%8A%E8%A7%B6%20&oid=1819955 HTTP/1.1" 200 3320
66.249.71.229 - - [21/Sep/2015:01:06:57 +0800] "GET /content/repository/resource_content.jsp?oid=23281 HTTP/1.1" 200 29888
66.249.79.193 - - [21/Sep/2015:01:07:04 +0800] "GET /content/repository/resource_content.jsp?oid=1625272 HTTP/1.1" 200 28962
66.249.71.239 - - [21/Sep/2015:01:07:10 +0800] "GET /content/repository/resource_content.jsp?oid=15002&queryString=%E8%B5%A4%E7%9F%B3%E6%96%91%E9%AD%9A%20%E9%AE%A8%E7%A7%91 HTTP/1.1" 200 35086
66.249.71.229 - - [21/Sep/2015:01:07:15 +0800] "GET /content/nav/relationSubject.jsp?relationWords=%E6%96%91%E9%BB%9E%E7%B0%BE%E9%AF%9B+%E7%B0%BE%E9%AF%9B+%E9%AF%9B%E7%A7%91+&oid=23281 HTTP/1.1" 200 3507
66.249.71.239 - - [21/Sep/2015:01:07:17 +0800] "GET /content/repository/resource_content.jsp?oid=1610034 HTTP/1.1" 200 28497
66.249.79.200 - - [21/Sep/2015:01:07:17 +0800] "GET /content/nav/relationSubject.jsp?relationWords=%E6%96%91%E9%BB%9E%E7%B0%BE%E9%AF%9B%20%E7%B0%BE%E9%AF%9B%20%E9%AF%9B%E7%A7%91%20&oid=23281 HTTP/1.1" 200 3507
66.249.71.229 - - [21/Sep/2015:01:07:23 +0800] "GET /content/repository/resource_content.jsp?oid=2567683 HTTP/1.1" 200 29000
66.249.71.113 - - [21/Sep/2015:01:07:25 +0800] "GET /content/nav/relationSubject.jsp?relationWords=%E5%B7%A5%E9%83%A8+%E7%AF%80%E6%85%8E%E5%BA%AB+%E9%8A%80%E4%BA%8B+&oid=2687645 HTTP/1.1" 200 3172
66.249.71.113 - - [21/Sep/2015:01:07:27 +0800] "GET /content/nav/relationSubject.jsp?relationWords=%E5%B7%A5%E9%83%A8%20%E7%AF%80%E6%85%8E%E5%BA%AB%20%E9%8A%80%E4%BA%8B%20&oid=2687645 HTTP/1.1" 200 3172
66.249.71.216 - - [21/Sep/2015:01:07:30 +0800] "GET /content/repository/resource_content.jsp?oid=2690100&queryType=qs&queryString=%E5%8D%81%E4%BA%8C%E5%AD%90 HTTP/1.1" 200 30263
66.249.71.239 - - [21/Sep/2015:01:07:30 +0800] "GET /content/nav/relationSubject.jsp?relationWords=%E8%A8%88%E7%A8%8B%E8%BB%8A+&oid=1610034 HTTP/1.1" 200 13481
66.249.71.249 - - [21/Sep/2015:01:07:32 +0800] "GET /content/nav/relationSubject.jsp?relationWords=%E8%A8%88%E7%A8%8B%E8%BB%8A%20&oid=1610034 HTTP/1.1" 200 13481
66.249.71.249 - - [21/Sep/2015:01:07:36 +0800] "GET /content/repository/resource_content.jsp?oid=25589 HTTP/1.1" 200 29443
66.249.71.229 - - [21/Sep/2015:01:07:38 +0800] "GET /content/nav/relationSubject.jsp?relationWords=&oid=2567683 HTTP/1.1" 200 1405
66.249.71.229 - - [21/Sep/2015:01:07:45 +0800] "GET /content/repository/resource_content.jsp?oid=1110643 HTTP/1.1" 200 29456
66.249.71.229 - - [21/Sep/2015:01:07:49 +0800] "GET /content/repository/resource_content.jsp?oid=1124732 HTTP/1.1" 200 29273
66.249.71.229 - - [21/Sep/2015:01:07:51 +0800] "GET /content/nav/relationSubject.jsp?relationWords=%E7%9F%B3%E6%96%91+%E7%B4%85%E6%96%91+%E7%B4%85%E9%B7%BA%E9%B7%A5+%E8%B5%A4%E7%9F%B3%E6%96%91%E9%AD%9A+%E9%81%8E%E9%AD%9A+%E9%97%9C%E5%85%AC%E9%B1%A0+%E9%AE%A8%E7%A7%91+%E9%BB%91%E9%82%8A%E7%9F%B3%E6%96%91%E9%AD%9A+&oid=15002 HTTP/1.1" 200 3831
66.249.71.239 - - [21/Sep/2015:01:07:56 +0800] "GET /content/repository/resource_content.jsp?oid=1570375 HTTP/1.1" 200 28646
66.249.71.239 - - [21/Sep/2015:01:08:00 +0800] "GET /content/nav/relationSubject.jsp?relationWords=%E4%B8%AD%E8%85%B9%E8%B6%B3%E7%9B%AE+%E6%96%9C%E7%B4%8B%E6%99%83%E8%93%8B%E8%9E%BA+%E8%85%B9%E8%B6%B3%E7%B6%B1+&oid=1124732 HTTP/1.1" 200 1919
66.249.71.229 - - [21/Sep/2015:01:08:01 +0800] "GET /content/nav/relationSubject.jsp?relationWords=%E5%94%90%E6%A6%AE+%E5%BC%B5%E6%96%87%E7%8D%BB+%E7%9B%88%E9%A4%98+%E7%A7%91%E5%AD%B8%E7%AE%A1%E7%90%86+%E8%91%A3%E4%BA%8B%E9%95%B7+%E8%B3%AA%E8%A9%A2+%E9%A0%90%E7%AE%97+&oid=1564680 HTTP/1.1" 200 3719
66.249.71.239 - - [21/Sep/2015:01:08:02 +0800] "GET /content/nav/relationSubject.jsp?relationWords=%E4%B8%AD%E8%85%B9%E8%B6%B3%E7%9B%AE%20%E6%96%9C%E7%B4%8B%E6%99%83%E8%93%8B%E8%9E%BA%20%E8%85%B9%E8%B6%B3%E7%B6%B1%20&oid=1124732 HTTP/1.1" 200 1919
66.249.71.239 - - [21/Sep/2015:01:08:03 +0800] "GET /content/repository/resource_content.jsp?oid=1564267 HTTP/1.1" 200 29238
66.249.71.239 - - [21/Sep/2015:01:08:04 +0800] "GET /content/nav/relationSubject.jsp?relationWords=%E5%94%90%E6%A6%AE%20%E5%BC%B5%E6%96%87%E7%8D%BB%20%E7%9B%88%E9%A4%98%20%E7%A7%91%E5%AD%B8%E7%AE%A1%E7%90%86%20%E8%91%A3%E4%BA%8B%E9%95%B7%20%E8%B3%AA%E8%A9%A2%20%E9%A0%90%E7%AE%97%20&oid=1564680 HTTP/1.1" 200 3719
66.249.71.229 - - [21/Sep/2015:01:08:07 +0800] "GET /content/nav/relationSubject.jsp?relationWords=%E8%87%BA%E5%8D%97%E7%B8%A3+%E8%A5%BF%E6%B8%AF+&oid=1570375 HTTP/1.1" 200 5353
66.249.71.206 - - [21/Sep/2015:01:08:09 +0800] "GET /content/repository/resource_content.jsp?oid=4437585&queryString=%E5%8F%A3%E7%B9%AA%E8%A7%A3%E8%AA%AA%20%E7%8D%A8%E6%9C%A8%E8%88%9F HTTP/1.1" 200 28349
66.249.71.249 - - [21/Sep/2015:01:08:09 +0800] "GET /content/nav/relationSubject.jsp?relationWords=%E8%87%BA%E5%8D%97%E7%B8%A3%20%E8%A5%BF%E6%B8%AF%20&oid=1570375 HTTP/1.1" 200 5353
66.249.71.229 - - [21/Sep/2015:01:08:16 +0800] "GET /content/repository/resource_content.jsp?oid=2670536 HTTP/1.1" 200 29757
66.249.71.239 - - [21/Sep/2015:01:08:22 +0800] "GET /content/repository/resource_content.jsp?oid=3339885 HTTP/1.1" 200 29539
66.249.71.239 - - [21/Sep/2015:01:08:29 +0800] "GET /content/nav/relationSubject.jsp?relationWords=%E5%9D%90%E5%90%8D+%E8%AB%AD%E4%BA%8B+&oid=2670536 HTTP/1.1" 200 3050
66.249.71.239 - - [21/Sep/2015:01:08:30 +0800] "GET /content/nav/relationSubject.jsp?relationWords=%E5%9D%90%E5%90%8D%20%E8%AB%AD%E4%BA%8B%20&oid=2670536 HTTP/1.1" 200 3050
66.249.71.229 - - [21/Sep/2015:01:08:34 +0800] "GET /content/nav/relationSubject.jsp?relationWords=%E5%A4%A7%E7%9C%BC%E6%B5%B7%E9%B0%B1+&oid=3339885 HTTP/1.1" 200 3295
66.249.71.239 - - [21/Sep/2015:01:08:36 +0800] "GET /content/nav/relationSubject.jsp?relationWords=%E5%A4%A7%E7%9C%BC%E6%B5%B7%E9%B0%B1%20&oid=3339885 HTTP/1.1" 200 3295
66.249.71.239 - - [21/Sep/2015:01:08:42 +0800] "GET /content/repository/resource_content.jsp?oid=217013 HTTP/1.1" 200 30580
66.249.71.113 - - [21/Sep/2015:01:08:47 +0800] "GET /content/nav/relationSubject.jsp?relationWords=%E5%85%83%E6%AD%A3+%E5%A4%A7%E6%AD%A6%E9%84%89+%E6%96%B0%E8%87%BA%E5%B9%A3+%E8%87%BA%E6%9D%B1%E7%B8%A3+%E9%BE%8D%E6%B9%96+&oid=1619089 HTTP/1.1" 200 4906
66.249.71.249 - - [21/Sep/2015:01:08:49 +0800] "GET /content/repository/resource_content.jsp?oid=1780846 HTTP/1.1" 200 29340
66.249.71.105 - - [21/Sep/2015:01:08:49 +0800] "GET /content/nav/relationSubject.jsp?relationWords=%E5%85%83%E6%AD%A3%20%E5%A4%A7%E6%AD%A6%E9%84%89%20%E6%96%B0%E8%87%BA%E5%B9%A3%20%E8%87%BA%E6%9D%B1%E7%B8%A3%20%E9%BE%8D%E6%B9%96%20&oid=1619089 HTTP/1.1" 200 4906
66.249.71.249 - - [21/Sep/2015:01:08:55 +0800] "GET /content/tmp_tec/resource_content.jsp?oid=16777705 HTTP/1.1" 200 26751
66.249.71.239 - - [21/Sep/2015:01:09:01 +0800] "GET /digiarch_en/content/subject/resource_content.jsp?oid=16777263&queryString=%E6%A4%8D%E7%89%A9%E7%95%8C%20%E7%A9%97%E8%8A%B1%E5%B1%B1%E5%A5%88%20%E8%96%91%E5%B1%AC%20%E8%96%91%E7%A7%91%20%E9%87%8E%E8%96%91%E8%8A%B1 HTTP/1.1" 200 27451
66.249.71.249 - - [21/Sep/2015:01:09:08 +0800] "GET /digiarch_en/content/repository/resource_content.jsp?oid=2663650&queryString=%E5%A1%98%E5%A0%B1 HTTP/1.1" 200 23713
66.249.71.249 - - [21/Sep/2015:01:09:10 +0800] "GET /content/nav/relationSubject.jsp?relationWords=%E7%94%B7%E7%94%A8%E7%B6%81%E8%A4%B2+&oid=1780846 HTTP/1.1" 200 2945
66.249.71.239 - - [21/Sep/2015:01:09:11 +0800] "GET /content/nav/relationSubject.jsp?relationWords=%E5%9C%B0%E5%BD%A2%E5%9C%96+&oid=217013 HTTP/1.1" 200 3046
66.249.71.249 - - [21/Sep/2015:01:09:12 +0800] "GET /content/nav/relationSubject.jsp?relationWords=%E7%94%B7%E7%94%A8%E7%B6%81%E8%A4%B2%20&oid=1780846 HTTP/1.1" 200 2945
66.249.71.229 - - [21/Sep/2015:01:09:13 +0800] "GET /content/nav/relationSubject.jsp?relationWords=%E5%9C%B0%E5%BD%A2%E5%9C%96%20&oid=217013 HTTP/1.1" 200 3046
66.249.71.229 - - [21/Sep/2015:01:09:16 +0800] "GET /content/repository/resource_content.jsp?oid=1628400 HTTP/1.1" 200 28835
66.249.71.206 - - [21/Sep/2015:01:09:21 +0800] "GET /content/repository/resource_content.jsp?oid=1567348&queryType=qs&queryString=%E9%87%91%E6%89%8D HTTP/1.1" 200 31200
66.249.71.239 - - [21/Sep/2015:01:09:28 +0800] "GET /content/repository/resource_content.jsp?oid=2606354 HTTP/1.1" 200 29243
66.249.71.229 - - [21/Sep/2015:01:09:31 +0800] "GET /content/repository/resource_content.jsp?oid=1462232 HTTP/1.1" 200 30887
66.249.71.216 - - [21/Sep/2015:01:09:31 +0800] "GET /content/nav/relationSubject.jsp?relationWords=%E4%BA%BA%E5%A3%BD%E4%BF%9D%E9%9A%AA+%E4%BF%9D%E9%9A%AA+%E5%85%B1%E6%9C%89%E5%9C%9F%E5%9C%B0+%E5%9C%8B%E6%B0%91%E6%89%80%E5%BE%97+%E6%89%80%E5%BE%97%E7%A8%85+%E7%87%9F%E6%A5%AD%E7%A8%85+%E7%9C%81%E6%94%BF%E5%BA%9C+%E7%A4%BE%E6%9C%83%E7%A6%8F%E5%88%A9+%E7%A4%BE%E6%9C%83%E7%A6%8F%E5%88%A9%E5%9F%BA%E9%87%91+%E7%A6%8F%E5%88%A9%E9%87%91+%E8%AD%A6%E5%8B%99%E8%99%95+%E8%AD%A6%E5%AF%9F+%E9%87%91%E6%89%8D+%E9%A0%90%E7%AE%97+&oid=1567348 HTTP/1.1" 200 5152
66.249.71.206 - - [21/Sep/2015:01:09:33 +0800] "GET /content/nav/relationSubject.jsp?relationWords=%E4%BA%BA%E5%A3%BD%E4%BF%9D%E9%9A%AA%20%E4%BF%9D%E9%9A%AA%20%E5%85%B1%E6%9C%89%E5%9C%9F%E5%9C%B0%20%E5%9C%8B%E6%B0%91%E6%89%80%E5%BE%97%20%E6%89%80%E5%BE%97%E7%A8%85%20%E7%87%9F%E6%A5%AD%E7%A8%85%20%E7%9C%81%E6%94%BF%E5%BA%9C%20%E7%A4%BE%E6%9C%83%E7%A6%8F%E5%88%A9%20%E7%A4%BE%E6%9C%83%E7%A6%8F%E5%88%A9%E5%9F%BA%E9%87%91%20%E7%A6%8F%E5%88%A9%E9%87%91%20%E8%AD%A6%E5%8B%99%E8%99%95%20%E8%AD%A6%E5%AF%9F%20%E9%87%91%E6%89%8D%20%E9%A0%90%E7%AE%97%20&oid=1567348 HTTP/1.1" 200 5152
66.249.71.229 - - [21/Sep/2015:01:09:34 +0800] "GET /content/repository/resource_content.jsp?oid=2151254 HTTP/1.1" 200 30861
66.249.79.193 - - [21/Sep/2015:01:09:37 +0800] "GET /content/nav/relationSubject.jsp?relationWords=%E5%87%BA%E7%8D%84%E4%BA%BA+%E6%9B%B4%E7%94%9F%E4%BF%9D%E8%AD%B7+%E9%A0%90%E7%AE%97+&oid=1628400 HTTP/1.1" 200 5307
66.249.79.207 - - [21/Sep/2015:01:09:39 +0800] "GET /content/nav/relationSubject.jsp?relationWords=%E5%87%BA%E7%8D%84%E4%BA%BA%20%E6%9B%B4%E7%94%9F%E4%BF%9D%E8%AD%B7%20%E9%A0%90%E7%AE%97%20&oid=1628400 HTTP/1.1" 200 5307
66.249.71.249 - - [21/Sep/2015:01:09:40 +0800] "GET /digiarch_en/content/nav/relationSubject.jsp?relationWords=%E5%A1%98%E5%A0%B1%E8%B3%8A+%E5%BD%9D%E9%99%B5+%E6%B9%96%E5%BB%A3+&oid=2663650 HTTP/1.1" 200 3183
66.249.71.216 - - [21/Sep/2015:01:09:42 +0800] "GET /content/repository/resource_content.jsp?oid=4388189&queryType=qs&queryString=%E9%85%8D%E5%88%80 HTTP/1.1" 200 30615
66.249.71.249 - - [21/Sep/2015:01:09:42 +0800] "GET /digiarch_en/content/nav/relationSubject.jsp?relationWords=%E5%A1%98%E5%A0%B1%E8%B3%8A%20%E5%BD%9D%E9%99%B5%20%E6%B9%96%E5%BB%A3%20&oid=2663650 HTTP/1.1" 200 3183
66.249.71.239 - - [21/Sep/2015:01:09:43 +0800] "GET /content/nav/relationSubject.jsp?relationWords=&oid=2606354 HTTP/1.1" 200 1405
