66.249.71.229 - - [28/Sep/2015:05:03:56 +0800] "GET /content/nav/relationSubject.jsp?relationWords=%E6%A0%B9%E7%AF%80%E8%98%AD%20&oid=33554707 HTTP/1.1" 200 3175
65.55.212.70 - - [28/Sep/2015:05:04:15 +0800] "GET /content/repository/resource_content.jsp?oid=4362872&queryType=qs&queryString=%E5%BE%A1%E5%8F%B2 HTTP/1.1" 200 30182
66.249.79.186 - - [28/Sep/2015:05:04:34 +0800] "GET /digiarch3/content/repository/resource_content.jsp?oid=1531214&queryType=qs&queryString=%E7%8E%89%E4%BA%95%E9%84%89 HTTP/1.1" 200 32829
66.249.71.217 - - [28/Sep/2015:05:04:50 +0800] "GET /digiarch3/content/nav/relationSubject.jsp?relationWords=%E4%BD%B3%E5%86%AC%20%E5%B1%8F%E6%9D%B1%E5%B8%82%20%E5%B7%A5%E6%A5%AD%E5%B1%80%20%E7%89%9B%E7%A8%A0%E6%BA%AA%20%E8%90%AC%E4%B8%B9%20&oid=1595297 HTTP/1.1" 200 4815
131.253.26.222 - - [28/Sep/2015:05:04:57 +0800] "GET /content/nav/relationSubject.jsp?relationWords=%E4%BF%9D%E7%94%9F%E5%A4%A7%E5%B8%9D+%E5%B9%B3%E5%AE%89%E7%AC%A6+&oid=4362872 HTTP/1.1" 200 3091
66.249.71.249 - - [28/Sep/2015:05:04:59 +0800] "GET /content/repository/resource_content.jsp?oid=3339740 HTTP/1.1" 200 29511
66.249.71.239 - - [28/Sep/2015:05:05:40 +0800] "GET /digiarch_en/content/nav/relationSubject.jsp?relationWords=%E5%B8%AB%E7%AF%84%E5%AD%B8%E6%A0%A1+%E7%95%A2%E6%A5%AD%E7%94%9F+&oid=1580225 HTTP/1.1" 200 3420
66.249.71.249 - - [28/Sep/2015:05:05:42 +0800] "GET /digiarch_en/content/nav/relationSubject.jsp?relationWords=%E5%B8%AB%E7%AF%84%E5%AD%B8%E6%A0%A1%20%E7%95%A2%E6%A5%AD%E7%94%9F%20&oid=1580225 HTTP/1.1" 200 3420
68.180.228.24 - - [28/Sep/2015:05:07:01 +0800] "GET /digiarch_en/content/pictures/picture_content.jsp?oid=33554822 HTTP/1.1" 200 21697
66.249.71.249 - - [28/Sep/2015:05:07:07 +0800] "GET /content/repository/resource_content.jsp?oid=1614999 HTTP/1.1" 200 28636
66.249.79.207 - - [28/Sep/2015:05:07:40 +0800] "GET /content/nav/relationSubject.jsp?relationWords=%E5%85%AC%E8%B3%A3%E5%B1%80%20%E5%B0%88%E8%B3%A3%20%E6%89%80%E5%BE%97%E7%A8%85%20%E6%AD%B2%E5%85%A5%20%E7%87%9F%E6%A5%AD%E7%A8%85%20%E7%A8%85%E6%8D%90%20%E8%8F%B8%E9%85%92%20%E9%A0%90%E7%AE%97%20&oid=1546846 HTTP/1.1" 200 5747
66.249.71.229 - - [28/Sep/2015:05:08:57 +0800] "GET /digiarch_en/content/repository/resource_content.jsp?oid=1777837&queryString=%E8%98%AD%E5%B6%BC%E7%BE%85%E6%BC%A2%E6%9D%BE%20%E9%81%94%E6%82%9F%E6%97%8F%20%E9%9B%85%E7%BE%8E%E6%97%8F HTTP/1.1" 200 24245
66.249.71.239 - - [28/Sep/2015:05:09:15 +0800] "GET /digiarch_en/content/repository/resource_content.jsp?oid=1887486&queryString=%E5%90%B3%E6%B5%B7%E6%B6%BC%20%E5%95%86%E8%A1%8C HTTP/1.1" 200 24015
123.125.71.113 - - [28/Sep/2015:05:09:17 +0800] "GET /content/subject/resource_content.jsp?oid=16777470 HTTP/1.1" 200 29361
68.180.228.24 - - [28/Sep/2015:05:09:17 +0800] "GET /content/subject/resource_content.jsp?oid=16777402&queryType=qc HTTP/1.1" 200 27841
66.249.71.121 - - [28/Sep/2015:05:11:09 +0800] "GET /content/repository/resource_content.jsp?oid=1105939&queryType=qs&queryString=%E6%AF%9B%E6%9F%BF HTTP/1.1" 200 31157
66.249.71.239 - - [28/Sep/2015:05:11:22 +0800] "GET /content/subject/resource_content.jsp?oid=16777396&queryString=%E9%9D%92%E5%89%9B%E6%AB%9F HTTP/1.1" 200 34713
66.249.71.105 - - [28/Sep/2015:05:13:21 +0800] "GET /content/repository/resource_content.jsp?oid=2686329&queryType=qs&queryString=%E6%8D%95%E5%BD%B9 HTTP/1.1" 200 30676
66.249.71.206 - - [28/Sep/2015:05:13:30 +0800] "GET /content/repository/resource_content.jsp?oid=3357929&queryType=qs&queryString=%E5%A4%A7%E4%BD%8F%E8%81%96%E7%AA%9F HTTP/1.1" 200 29336
67.188.12.201 - - [28/Sep/2015:05:15:24 +0800] "GET /content/nav/relationSubject.jsp?relationWords=%E7%A9%97%E8%8A%B1%E5%B1%B1%E5%A5%88+%E9%87%8E%E8%96%91%E8%8A%B1+&oid=16777263 HTTP/1.1" 200 3284
66.249.71.249 - - [28/Sep/2015:05:15:27 +0800] "GET /content/nav/relationSubject.jsp?relationWords=%E5%B5%8C%E7%89%87+&oid=1868466 HTTP/1.1" 200 2987
66.249.71.229 - - [28/Sep/2015:05:15:29 +0800] "GET /content/nav/relationSubject.jsp?relationWords=%E5%B5%8C%E7%89%87%20&oid=1868466 HTTP/1.1" 200 2987
66.249.71.249 - - [28/Sep/2015:05:15:34 +0800] "GET /digiarch_en/content/repository/resource_content.jsp?oid=15486&queryString=%E5%85%85%E9%87%91%E7%9C%BC%E9%AF%9B%20%E5%96%AE%E9%B0%AD%E9%AD%9A%20%E5%A4%A7%E9%9D%A2%E5%81%B4%E4%BB%94%20%E6%93%AC%E9%87%91%E7%9C%BC%E9%AF%9B%20%E9%AF%9B%E7%A7%91 HTTP/1.1" 200 28240
66.249.71.249 - - [28/Sep/2015:05:15:38 +0800] "GET /digiarch_en/content/repository/resource_content.jsp?oid=1640484&queryString=%E5%8D%97%E6%96%B9%E8%B3%87%E6%96%99%E9%A4%A8%20%E6%94%AF%E9%82%A3%E4%BA%8B%E8%AE%8A%20%E7%9A%87%E8%BB%8D HTTP/1.1" 200 23216
66.249.71.121 - - [28/Sep/2015:05:16:51 +0800] "GET /content/nav/relationSubject.jsp?relationWords=%E5%9C%B0%E5%9C%96%E9%BE%8D+%E5%A8%98%E4%BB%94%E9%AD%9A+%E7%83%88%E4%BB%94+%E8%8A%B1%E6%96%91%E9%BE%8D+%E8%9F%B2%E7%B4%8B%E9%98%BF%E5%8D%97%E9%AD%9A+%E8%9F%B2%E7%B4%8B%E9%B8%9A%E9%AF%9B+%E8%A0%95%E7%B4%8B%E9%98%BF%E5%8D%97%E9%AD%9A+%E9%9A%86%E9%A0%AD%E9%AD%9A%E7%A7%91+&oid=15734 HTTP/1.1" 200 3957
66.249.79.253 - - [28/Sep/2015:05:16:54 +0800] "GET /content/nav/relationSubject.jsp?relationWords=%E5%9C%B0%E5%9C%96%E9%BE%8D%20%E5%A8%98%E4%BB%94%E9%AD%9A%20%E7%83%88%E4%BB%94%20%E8%8A%B1%E6%96%91%E9%BE%8D%20%E8%9F%B2%E7%B4%8B%E9%98%BF%E5%8D%97%E9%AD%9A%20%E8%9F%B2%E7%B4%8B%E9%B8%9A%E9%AF%9B%20%E8%A0%95%E7%B4%8B%E9%98%BF%E5%8D%97%E9%AD%9A%20%E9%9A%86%E9%A0%AD%E9%AD%9A%E7%A7%91%20&oid=15734 HTTP/1.1" 200 3957
66.249.79.179 - - [28/Sep/2015:05:17:46 +0800] "GET /digiarch3/content/repository/resource_content.jsp?oid=1553470&queryType=qs&queryString=%E6%A8%82%E7%94%9F%E7%99%82%E9%A4%8A%E9%99%A2 HTTP/1.1" 200 29106
66.249.71.229 - - [28/Sep/2015:05:17:47 +0800] "GET /content/repository/resource_content.jsp?oid=3039714 HTTP/1.1" 200 28571
66.249.71.229 - - [28/Sep/2015:05:19:11 +0800] "GET /content/repository/resource_content.jsp?oid=2526207 HTTP/1.1" 200 28813
123.125.71.117 - - [28/Sep/2015:05:19:47 +0800] "GET /content/subject/resource_content.jsp?oid=16777652 HTTP/1.1" 200 30448
66.249.71.239 - - [28/Sep/2015:05:19:54 +0800] "GET /content/repository/resource_content.jsp?oid=22109 HTTP/1.1" 200 29797
66.249.79.193 - - [28/Sep/2015:05:19:58 +0800] "GET /content/subject/resource_content.jsp?oid=16777838&queryString=%E7%A4%BE%E6%9C%83%E5%AD%B8 HTTP/1.1" 200 58956
66.249.71.249 - - [28/Sep/2015:05:21:07 +0800] "GET /content/nav/relationSubject.jsp?relationWords=&oid=2576039 HTTP/1.1" 200 1405
66.249.71.239 - - [28/Sep/2015:05:21:10 +0800] "GET /content/nav/relationSubject.jsp?relationWords=%E7%8E%8B%E4%BF%AE+%E8%B6%99%E9%83%A1+&oid=1811855 HTTP/1.1" 200 2923
66.249.71.239 - - [28/Sep/2015:05:21:13 +0800] "GET /content/nav/relationSubject.jsp?relationWords=%E7%8E%8B%E4%BF%AE%20%E8%B6%99%E9%83%A1%20&oid=1811855 HTTP/1.1" 200 2923
66.249.75.191 - - [28/Sep/2015:05:22:02 +0800] "GET /content/repository/resource_content.jsp?oid=1776635 HTTP/1.1" 200 26968
66.249.71.217 - - [28/Sep/2015:05:22:10 +0800] "GET /digiarch3/content/subject/resource_content.jsp?oid=16777519&queryType=qc HTTP/1.1" 200 36026
66.249.71.229 - - [28/Sep/2015:05:22:28 +0800] "GET /digiarch_en/content/nav/relationSubject.jsp?relationWords=%E5%95%86%E8%A1%8C+%E5%A4%A7%E6%A3%AE%E9%81%8B%E9%80%81%E5%BA%97+&oid=1887486 HTTP/1.1" 200 4162
66.249.71.229 - - [28/Sep/2015:05:22:30 +0800] "GET /digiarch_en/content/nav/relationSubject.jsp?relationWords=%E5%95%86%E8%A1%8C%20%E5%A4%A7%E6%A3%AE%E9%81%8B%E9%80%81%E5%BA%97%20&oid=1887486 HTTP/1.1" 200 4162
123.125.71.76 - - [28/Sep/2015:05:22:47 +0800] "GET /content/subject/resource_content.jsp?oid=16777715&queryType=qc HTTP/1.1" 200 34757
66.249.71.217 - - [28/Sep/2015:05:23:09 +0800] "GET /digiarch3/content/nav/relationSubject.jsp?relationWords=%E5%BC%B5%E7%9C%81%20%E6%92%B2%E6%BB%85%20%E6%A8%82%E7%94%9F%E7%99%82%E9%A4%8A%E9%99%A2%20%E7%97%B2%E7%98%8B%E7%97%85%20&oid=1553470 HTTP/1.1" 200 5143
157.55.39.186 - - [28/Sep/2015:05:23:37 +0800] "GET /content/subject/resource_content.jsp?oid=16777801&queryType=qc HTTP/1.1" 200 43021
157.55.39.186 - - [28/Sep/2015:05:23:38 +0800] "GET /content/subject/resource_content.jsp?oid=16777745&queryType=qc HTTP/1.1" 200 35946
157.55.39.186 - - [28/Sep/2015:05:23:40 +0800] "GET /content/subject/resource_content.jsp?oid=16777838&queryType=qc HTTP/1.1" 200 59060
66.249.71.249 - - [28/Sep/2015:05:24:09 +0800] "GET /content/repository/resource_content.jsp?oid=1631190 HTTP/1.1" 200 28828
66.249.71.249 - - [28/Sep/2015:05:24:22 +0800] "GET /content/repository/resource_content.jsp?oid=1618371&queryType=qs&queryString=%E6%96%87%E5%8C%96%E5%8F%B2 HTTP/1.1" 200 47100
66.249.79.207 - - [28/Sep/2015:05:24:50 +0800] "GET /content/nav/relationSubject.jsp?relationWords=%E5%81%87%E7%B9%81%E7%B8%B7%20%E5%81%87%E7%B9%81%E7%B8%B7%E5%B1%AC%20%E6%A4%8D%E7%89%A9%E7%95%8C%20%E7%9F%B3%E7%AB%B9%20%E7%B2%9F%E7%B1%B3%E8%8D%89%20&oid=1457508 HTTP/1.1" 200 3352
66.249.71.239 - - [28/Sep/2015:05:25:21 +0800] "GET /content/nav/relationSubject.jsp?relationWords=%E7%96%A3%E9%B8%9A%E5%93%A5%E9%AD%9A+%E9%B8%9A%E5%93%A5%E9%AD%9A+&oid=22109 HTTP/1.1" 200 3397
66.249.71.239 - - [28/Sep/2015:05:25:23 +0800] "GET /content/nav/relationSubject.jsp?relationWords=%E7%96%A3%E9%B8%9A%E5%93%A5%E9%AD%9A%20%E9%B8%9A%E5%93%A5%E9%AD%9A%20&oid=22109 HTTP/1.1" 200 3397
66.249.71.249 - - [28/Sep/2015:05:26:17 +0800] "GET /content/repository/resource_content.jsp?oid=1527910 HTTP/1.1" 200 28838
66.249.79.246 - - [28/Sep/2015:05:26:35 +0800] "GET /content/repository/resource_content.jsp?oid=1821113&queryType=qs&queryString=%E8%97%BA%E7%9B%B8%E5%A6%82 HTTP/1.1" 200 44806
66.249.71.239 - - [28/Sep/2015:05:28:25 +0800] "GET /content/repository/resource_content.jsp?oid=1634684 HTTP/1.1" 200 28659
123.125.71.57 - - [28/Sep/2015:05:28:43 +0800] "GET /content/subject/resource_content.jsp?oid=16777655 HTTP/1.1" 200 26175
66.249.71.105 - - [28/Sep/2015:05:28:46 +0800] "GET /content/repository/resource_content.jsp?oid=2515658&queryType=qs&queryString=%E6%90%B6%E9%A1%8C HTTP/1.1" 200 29743
66.249.79.188 - - [28/Sep/2015:05:29:07 +0800] "GET /content/nav/relationSubject.jsp?relationWords=%E4%BA%94%E5%8D%81%E4%B8%89%E4%BD%9B%E5%90%8D+%E5%A4%A7%E4%BD%8F%E8%81%96%E7%AA%9F+&oid=3357929 HTTP/1.1" 200 3197
66.249.71.216 - - [28/Sep/2015:05:29:11 +0800] "GET /content/nav/relationSubject.jsp?relationWords=%E4%BA%94%E5%8D%81%E4%B8%89%E4%BD%9B%E5%90%8D%20%E5%A4%A7%E4%BD%8F%E8%81%96%E7%AA%9F%20&oid=3357929 HTTP/1.1" 200 3197
207.46.13.163 - - [28/Sep/2015:05:29:19 +0800] "GET /digiarch_en/content/repository/resource_content.jsp?oid=1549789&queryString=%E6%8E%A8%E8%A1%8C%E6%A1%88%20%E6%B5%B7%E5%9F%94%E6%96%B0%E7%94%9F%E5%9C%B0 HTTP/1.1" 200 24354
66.249.71.226 - - [28/Sep/2015:05:30:33 +0800] "GET /content/repository/resource_content.jsp?oid=4489321&queryString=%E6%B0%91%E6%9C%AC%E4%B8%BB%E7%BE%A9 HTTP/1.1" 200 28446
66.249.79.193 - - [28/Sep/2015:05:30:43 +0800] "GET /content/nav/relationSubject.jsp?relationWords=%E5%8A%89%E5%85%8B+%E9%8C%A6%E6%B0%B4+&oid=1892882 HTTP/1.1" 200 3128
66.249.79.200 - - [28/Sep/2015:05:30:45 +0800] "GET /content/nav/relationSubject.jsp?relationWords=%E5%8A%89%E5%85%8B%20%E9%8C%A6%E6%B0%B4%20&oid=1892882 HTTP/1.1" 200 3128
66.249.71.207 - - [28/Sep/2015:05:30:59 +0800] "GET /digiarch3/content/subject/resource_content.jsp?oid=16777279&queryType=qc HTTP/1.1" 200 33692
66.249.71.229 - - [28/Sep/2015:05:32:41 +0800] "GET /content/repository/resource_content.jsp?oid=1617295 HTTP/1.1" 200 28623
66.249.71.206 - - [28/Sep/2015:05:32:59 +0800] "GET /content/nav/relationSubject.jsp?relationWords=%E5%AE%98%E6%9C%AC+%E6%B0%91%E6%9C%AC%E4%B8%BB%E7%BE%A9+&oid=4489321 HTTP/1.1" 200 3611
66.249.71.226 - - [28/Sep/2015:05:33:00 +0800] "GET /content/nav/relationSubject.jsp?relationWords=%E5%AE%98%E6%9C%AC%20%E6%B0%91%E6%9C%AC%E4%B8%BB%E7%BE%A9%20&oid=4489321 HTTP/1.1" 200 3611
66.249.71.113 - - [28/Sep/2015:05:33:10 +0800] "GET /content/pictures/picture_content.jsp?oid=33554818 HTTP/1.1" 200 27801
66.249.71.229 - - [28/Sep/2015:05:34:41 +0800] "GET /content/nav/relationSubject.jsp?relationWords=%E8%80%B3%E9%A3%BE+&oid=1781840 HTTP/1.1" 200 2951
66.249.71.239 - - [28/Sep/2015:05:34:45 +0800] "GET /content/nav/relationSubject.jsp?relationWords=%E8%80%B3%E9%A3%BE%20&oid=1781840 HTTP/1.1" 200 2951
66.249.71.229 - - [28/Sep/2015:05:34:49 +0800] "GET /content/repository/resource_content.jsp?oid=2148067 HTTP/1.1" 200 30833
66.249.79.193 - - [28/Sep/2015:05:35:28 +0800] "GET /content/nav/relationSubject.jsp?relationWords=%E9%A6%AC%E8%98%AD%E9%98%BF%E7%BE%8E+&oid=1776635 HTTP/1.1" 200 2985
66.249.79.193 - - [28/Sep/2015:05:35:31 +0800] "GET /content/nav/relationSubject.jsp?relationWords=%E9%A6%AC%E8%98%AD%E9%98%BF%E7%BE%8E%20&oid=1776635 HTTP/1.1" 200 2985
66.249.79.207 - - [28/Sep/2015:05:36:57 +0800] "GET /digiarch_en/content/repository/resource_content.jsp?oid=3819221&queryString=%E6%A3%8B%E7%9B%A4%E8%85%B3%E6%A8%B9%E5%B1%AC%20%E6%A4%8D%E7%89%A9%E7%95%8C%20%E6%B0%B4%E8%8C%84%E8%8B%B3%20%E7%8E%89%E8%95%8A%E7%A7%91 HTTP/1.1" 200 23620
66.249.71.207 - - [28/Sep/2015:05:38:20 +0800] "GET /digiarch3/content/nav/relationSubject.jsp?relationWords=%E5%9C%B0%E5%83%B9%20%E5%A5%B3%E9%9D%92%E5%B9%B4%20%E5%BB%BA%E4%B8%AD%20%E6%9B%BE%E6%96%87%E6%B0%B4%E5%BA%AB%20%E6%BC%81%E6%9C%83%20%E7%B3%A7%E9%A3%9F%E5%B1%80%20%E8%BE%B2%E6%9E%97%20%E8%BE%B2%E6%9E%97%E5%BB%B3%20%E8%BE%B2%E6%B0%91%E7%94%9F%E6%B4%BB%20%E9%81%A0%E6%B4%8B%E6%BC%81%E6%A5%AD%20&oid=1571114 HTTP/1.1" 200 3527
220.181.108.113 - - [28/Sep/2015:05:38:20 +0800] "GET /content/subject/resource_content.jsp?oid=16777546 HTTP/1.1" 200 27455
66.249.71.239 - - [28/Sep/2015:05:39:04 +0800] "GET /content/repository/resource_content.jsp?oid=1889651 HTTP/1.1" 200 28657
66.249.71.249 - - [28/Sep/2015:05:39:24 +0800] "GET /content/nav/relationSubject.jsp?relationWords=%E4%BC%91%E9%96%92%E6%B4%BB%E5%8B%95+%E6%B4%BB%E5%8B%95%E4%B8%AD%E5%BF%83+%E7%9C%81%E6%94%BF%E5%BA%9C+%E8%A7%80%E9%9F%B3%E9%84%89+&oid=1617295 HTTP/1.1" 200 4637
66.249.71.229 - - [28/Sep/2015:05:39:27 +0800] "GET /content/nav/relationSubject.jsp?relationWords=%E4%BC%91%E9%96%92%E6%B4%BB%E5%8B%95%20%E6%B4%BB%E5%8B%95%E4%B8%AD%E5%BF%83%20%E7%9C%81%E6%94%BF%E5%BA%9C%20%E8%A7%80%E9%9F%B3%E9%84%89%20&oid=1617295 HTTP/1.1" 200 4637
188.165.15.201 - - [28/Sep/2015:05:39:31 +0800] "GET /content/tmp_auth/resource_content.jsp?oid=16777810 HTTP/1.1" 200 40583
66.249.71.249 - - [28/Sep/2015:05:39:48 +0800] "GET /content/repository/resource_content.jsp?oid=2148399 HTTP/1.1" 200 31042
66.249.71.239 - - [28/Sep/2015:05:40:10 +0800] "GET /content/nav/relationSubject.jsp?relationWords=%E5%85%89%E5%B7%BE%E8%8D%89%E5%B1%AC+%E6%A4%8D%E7%89%A9%E7%95%8C+%E7%9F%AE%E5%BD%A2%E5%85%89%E5%B7%BE%E8%8D%89+%E9%BE%8D%E8%86%BD+&oid=2148067 HTTP/1.1" 200 3542
66.249.71.249 - - [28/Sep/2015:05:40:12 +0800] "GET /content/nav/relationSubject.jsp?relationWords=%E5%85%89%E5%B7%BE%E8%8D%89%E5%B1%AC%20%E6%A4%8D%E7%89%A9%E7%95%8C%20%E7%9F%AE%E5%BD%A2%E5%85%89%E5%B7%BE%E8%8D%89%20%E9%BE%8D%E8%86%BD%20&oid=2148067 HTTP/1.1" 200 3542
66.249.71.249 - - [28/Sep/2015:05:41:12 +0800] "GET /content/repository/resource_content.jsp?oid=2577222 HTTP/1.1" 200 28790
66.249.71.249 - - [28/Sep/2015:05:41:45 +0800] "GET /digiarch_en/content/nav/relationSubject.jsp?relationWords=%E6%A3%8B%E7%9B%A4%E8%85%B3%E6%A8%B9%E5%B1%AC+%E6%A4%8D%E7%89%A9%E7%95%8C+%E6%B0%B4%E8%8C%84%E8%8B%B3+%E7%8E%89%E8%95%8A%E7%A7%91+&oid=3819221 HTTP/1.1" 200 4146
66.249.71.239 - - [28/Sep/2015:05:41:47 +0800] "GET /digiarch_en/content/nav/relationSubject.jsp?relationWords=%E6%A3%8B%E7%9B%A4%E8%85%B3%E6%A8%B9%E5%B1%AC%20%E6%A4%8D%E7%89%A9%E7%95%8C%20%E6%B0%B4%E8%8C%84%E8%8B%B3%20%E7%8E%89%E8%95%8A%E7%A7%91%20&oid=3819221 HTTP/1.1" 200 4146
66.249.71.249 - - [28/Sep/2015:05:43:20 +0800] "GET /content/repository/resource_content.jsp?oid=1606218 HTTP/1.1" 200 28558
66.249.71.206 - - [28/Sep/2015:05:44:12 +0800] "GET /content/repository/resource_content.jsp?oid=1782503&queryString=%E9%99%B7%E6%A9%9F%20%E9%AD%AF%E5%87%B1%E6%97%8F HTTP/1.1" 200 28819
66.249.71.226 - - [28/Sep/2015:05:45:27 +0800] "GET /content/subject/resource_content.jsp?oid=16777368&queryType=qc HTTP/1.1" 200 31942
66.249.71.229 - - [28/Sep/2015:05:46:24 +0800] "GET /content/repository/resource_content.jsp?oid=279309 HTTP/1.1" 200 30128
66.249.71.229 - - [28/Sep/2015:05:48:36 +0800] "GET /content/repository/resource_content.jsp?oid=1599902 HTTP/1.1" 200 29219
66.249.79.207 - - [28/Sep/2015:05:49:55 +0800] "GET /content/nav/relationSubject.jsp?relationWords=%E6%AE%BA%E6%89%8B%E8%8A%8B%E8%9E%BA%20&oid=33554985 HTTP/1.1" 200 2860
66.249.71.229 - - [28/Sep/2015:05:50:48 +0800] "GET /content/repository/resource_content.jsp?oid=1096006 HTTP/1.1" 200 30892
66.249.71.216 - - [28/Sep/2015:05:51:51 +0800] "GET /content/repository/resource_content.jsp?oid=726645&queryType=qs&queryString=%E9%9D%92%E5%B9%B4%E6%9C%83 HTTP/1.1" 200 29200
207.46.13.163 - - [28/Sep/2015:05:51:56 +0800] "GET /content/subject/resource_content.jsp?oid=16777839&queryType=qc> HTTP/1.1" 200 27204
66.249.71.239 - - [28/Sep/2015:05:53:00 +0800] "GET /digiarch_en/content/repository/resource_content.jsp?oid=523740&queryType=qc HTTP/1.1" 200 27214
66.249.79.200 - - [28/Sep/2015:05:53:56 +0800] "GET /content/nav/relationSubject.jsp?relationWords=%E5%B1%85%E5%BB%B6%E6%BC%A2%E7%B0%A1%20%E6%BC%A2%E7%B0%A1%20&oid=279309 HTTP/1.1" 200 3898
66.249.79.188 - - [28/Sep/2015:05:53:59 +0800] "GET /content/repository/resource_content.jsp?oid=1869836&queryString=%E8%9F%A0%E8%9E%AD%E7%B4%8B%E9%91%91 HTTP/1.1" 200 30276
68.180.228.24 - - [28/Sep/2015:05:54:00 +0800] "GET /content/pictures/picture_content.jsp?oid=33554884&queryType=qc HTTP/1.1" 200 27930
66.249.71.229 - - [28/Sep/2015:05:54:52 +0800] "GET /content/nav/relationSubject.jsp?relationWords=%E6%A4%8D%E7%89%A9%E7%95%8C%20%E7%A7%8B%E6%B5%B7%E6%A3%A0%20%E7%A7%8B%E6%B5%B7%E6%A3%A0%E5%B1%AC%20%E7%A7%8B%E6%B5%B7%E6%A3%A0%E7%A7%91%20%E8%8F%AB%E8%8F%9C%20&oid=1096006 HTTP/1.1" 200 5174
66.249.71.206 - - [28/Sep/2015:05:55:12 +0800] "GET /content/repository/resource_content.jsp?oid=1896835&queryType=qs&queryString=%E6%AD%90%E9%9B%B2%E6%98%8E HTTP/1.1" 200 32893
66.249.71.229 - - [28/Sep/2015:05:56:06 +0800] "GET /content/repository/resource_content.jsp?oid=2143106 HTTP/1.1" 200 31108
66.249.71.239 - - [28/Sep/2015:05:56:07 +0800] "GET /content/nav/relationSubject.jsp?relationWords=%E5%BE%B7%E8%8F%AF%20%E6%96%B0%E6%98%8C%20&oid=740414 HTTP/1.1" 200 3137
66.249.71.239 - - [28/Sep/2015:05:56:47 +0800] "GET /content/nav/relationSubject.jsp?relationWords=%E8%B2%B8%E6%AC%BE+&oid=1607557 HTTP/1.1" 200 4495
66.249.71.229 - - [28/Sep/2015:05:56:48 +0800] "GET /content/nav/relationSubject.jsp?relationWords=%E8%B2%B8%E6%AC%BE%20&oid=1607557 HTTP/1.1" 200 4495
66.249.79.207 - - [28/Sep/2015:05:57:16 +0800] "GET /content/nav/relationSubject.jsp?relationWords=%E5%AE%89%E5%85%A8%E6%A1%88+&oid=1634684 HTTP/1.1" 200 3314
220.181.108.90 - - [28/Sep/2015:05:57:43 +0800] "GET /digiarch_en/content/subject/resource_content.jsp?oid=16777303&queryType=qc HTTP/1.1" 200 28161
66.249.79.200 - - [28/Sep/2015:05:58:15 +0800] "GET /content/repository/resource_content.jsp?oid=2587028 HTTP/1.1" 200 29031
66.249.79.207 - - [28/Sep/2015:05:58:40 +0800] "GET /content/nav/relationSubject.jsp?relationWords=%E5%9B%9B%E9%BD%92%E9%AD%A8+%E5%BC%93%E6%96%91%E5%A4%9A%E7%B4%80%E9%AD%A8+%E6%B2%B3%E9%AD%A8+%E7%9C%BC%E6%96%91+%E8%A6%8F%E4%BB%94+%E9%AD%A8%E7%A7%91+&oid=16550 HTTP/1.1" 200 3740
66.249.71.249 - - [28/Sep/2015:05:58:42 +0800] "GET /content/nav/relationSubject.jsp?relationWords=%E5%9B%9B%E9%BD%92%E9%AD%A8%20%E5%BC%93%E6%96%91%E5%A4%9A%E7%B4%80%E9%AD%A8%20%E6%B2%B3%E9%AD%A8%20%E7%9C%BC%E6%96%91%20%E8%A6%8F%E4%BB%94%20%E9%AD%A8%E7%A7%91%20&oid=16550 HTTP/1.1" 200 3740
66.249.71.239 - - [28/Sep/2015:05:59:37 +0800] "GET /content/subject/resource_content.jsp?oid=16777498&queryType=qs&queryString=%E8%B2%9D%E7%88%BE HTTP/1.1" 200 40187
66.249.79.200 - - [28/Sep/2015:06:00:02 +0800] "GET /content/nav/relationSubject.jsp?relationWords=%E5%8D%97%E6%A9%9F%E5%A0%B4+%E6%B0%B4%E5%88%A9%E5%B1%80+%E8%87%BA%E5%8C%97%E5%B8%82+%E9%83%BD%E5%B8%82%E8%A8%88%E5%8A%83+&oid=1555747 HTTP/1.1" 200 4727
66.249.71.249 - - [28/Sep/2015:06:00:22 +0800] "GET /content/repository/resource_content.jsp?oid=820683 HTTP/1.1" 200 27936
66.249.71.239 - - [28/Sep/2015:06:02:30 +0800] "GET /content/repository/resource_content.jsp?oid=1776296 HTTP/1.1" 200 27220
188.165.15.231 - - [28/Sep/2015:06:04:22 +0800] "GET /digiarch_en/content/subject/resource_content.jsp?oid=16777837&queryType=qc HTTP/1.1" 200 31565
66.249.79.207 - - [28/Sep/2015:06:04:28 +0800] "GET /content/nav/relationSubject.jsp?relationWords=%E5%9B%9E%E4%BA%AC+%E5%BE%A1%E5%8F%B2+&oid=820683 HTTP/1.1" 200 3148
66.249.71.239 - - [28/Sep/2015:06:04:34 +0800] "GET /content/nav/relationSubject.jsp?relationWords=%E5%9B%9E%E4%BA%AC%20%E5%BE%A1%E5%8F%B2%20&oid=820683 HTTP/1.1" 200 3148
66.249.71.239 - - [28/Sep/2015:06:04:38 +0800] "GET /content/repository/resource_content.jsp?oid=1461535 HTTP/1.1" 200 30992
66.249.71.249 - - [28/Sep/2015:06:06:13 +0800] "GET /content/repository/resource_content.jsp?oid=623933 HTTP/1.1" 200 28505
66.249.71.239 - - [28/Sep/2015:06:06:46 +0800] "GET /content/repository/resource_content.jsp?oid=18735 HTTP/1.1" 200 29812
66.249.71.239 - - [28/Sep/2015:06:07:09 +0800] "GET /content/nav/relationSubject.jsp?relationWords=%E5%B1%B1%E8%8A%99%E8%93%89%20%E6%9C%A8%E6%A7%BF%E5%B1%AC%20%E6%A4%8D%E7%89%A9%E7%95%8C%20%E9%8C%A6%E8%91%B5%20%E9%8C%A6%E8%91%B5%E7%A7%91%20&oid=3819113 HTTP/1.1" 200 4976
66.249.71.229 - - [28/Sep/2015:06:07:22 +0800] "GET /content/nav/relationSubject.jsp?relationWords=%E5%81%87%E7%B9%A1%E7%90%83+%E5%BF%8D%E5%86%AC%E7%A7%91+%E6%A4%8D%E7%89%A9%E7%95%8C+&oid=1463290 HTTP/1.1" 200 3264
66.249.71.249 - - [28/Sep/2015:06:07:23 +0800] "GET /content/nav/relationSubject.jsp?relationWords=%E5%81%87%E7%B9%A1%E7%90%83%20%E5%BF%8D%E5%86%AC%E7%A7%91%20%E6%A4%8D%E7%89%A9%E7%95%8C%20&oid=1463290 HTTP/1.1" 200 3264
220.181.108.149 - - [28/Sep/2015:06:07:24 +0800] "GET /content/subject/resource_content.jsp?oid=16777734 HTTP/1.1" 200 40302
66.249.71.249 - - [28/Sep/2015:06:07:51 +0800] "GET /digiarch_en/content/nav/relationSubject.jsp?relationWords=%E7%AD%89%E9%82%8A%E8%9B%A4%20%E7%B0%BE%E8%9B%A4%E7%9B%AE%20%E7%B0%BE%E8%9B%A4%E7%A7%91%20%E8%8A%B1%E8%9B%A4%20%E8%8A%B1%E8%9B%A4%E4%BB%94%20%E9%9B%99%E6%AE%BC%E7%B6%B1%20&oid=523740 HTTP/1.1" 200 3521
207.46.13.63 - - [28/Sep/2015:06:08:08 +0800] "GET /content/repository/resource_content.jsp?oid=3823697&queryString=API%20%E6%A4%8D%E7%89%A9%E7%95%8C%20%E7%84%A1%E6%82%A3%E5%AD%90%20%E7%84%A1%E6%82%A3%E5%AD%90%E7%A7%91 HTTP/1.1" 200 31163
66.249.71.239 - - [28/Sep/2015:06:08:08 +0800] "GET /content/nav/relationSubject.jsp?relationWords=&oid=765067 HTTP/1.1" 200 1405
77.164.84.67 - - [28/Sep/2015:06:08:31 +0800] "GET /content/nav/relationSubject.jsp?relationWords=%E5%8A%89%E7%A7%80+%E6%B4%AA%E6%B7%91%E5%A5%B3+%E6%B5%81%E8%BD%89%E5%B9%B4%E8%8F%AF+&oid=16777625 HTTP/1.1" 200 5493
66.249.71.229 - - [28/Sep/2015:06:08:53 +0800] "GET /content/repository/resource_content.jsp?oid=2581336 HTTP/1.1" 200 28933
68.180.228.24 - - [28/Sep/2015:06:10:18 +0800] "GET /digiarch_en/content/subject/resource_content.jsp?oid=16777736&queryType=qc HTTP/1.1" 200 40277
66.249.71.229 - - [28/Sep/2015:06:10:21 +0800] "GET /content/nav/relationSubject.jsp?relationWords=%E6%8E%A5%E9%AA%A8%E6%9C%A8%20%E6%A4%8D%E7%89%A9%E7%95%8C%20%E7%B4%85%E6%9E%9C%E9%87%91%E7%B2%9F%E8%98%AD%20%E8%8D%89%E7%8F%8A%E7%91%9A%20%E8%8D%89%E7%8F%8A%E7%91%9A%E5%B1%AC%20%E9%87%91%E7%B2%9F%E8%98%AD%E7%A7%91%20&oid=1098936 HTTP/1.1" 200 3588
66.249.71.229 - - [28/Sep/2015:06:11:01 +0800] "GET /content/repository/resource_content.jsp?oid=764358 HTTP/1.1" 200 27922
66.249.79.193 - - [28/Sep/2015:06:12:30 +0800] "GET /digiarch_en/content/nav/relationSubject.jsp?relationWords=%E5%A4%A7%E6%B5%B7%E9%AF%B0%20%E6%88%90%E4%BB%94%E4%B8%81%20%E6%B3%B0%E4%BE%86%E6%B5%B7%E9%AF%B0%20%E6%B5%B7%E9%AF%B0%20%E7%99%BD%E8%82%89%20&oid=14429 HTTP/1.1" 200 3577
66.249.71.229 - - [28/Sep/2015:06:12:49 +0800] "GET /content/repository/resource_content.jsp?oid=1567000 HTTP/1.1" 200 30184
66.249.71.249 - - [28/Sep/2015:06:12:58 +0800] "GET /content/nav/relationSubject.jsp?relationWords=&oid=2581336 HTTP/1.1" 200 1405
66.249.71.239 - - [28/Sep/2015:06:13:09 +0800] "GET /content/repository/resource_content.jsp?oid=1819499 HTTP/1.1" 200 28755
66.249.71.229 - - [28/Sep/2015:06:13:45 +0800] "GET /content/nav/relationSubject.jsp?relationWords=%E5%A0%B1%E6%98%A5%E8%8A%B1+%E6%A4%8D%E7%89%A9%E7%95%8C+%E7%8E%89%E5%B1%B1%E7%B4%AB%E9%87%91%E7%89%9B+%E7%B4%AB%E9%87%91%E7%89%9B%E5%B1%AC+%E7%B4%AB%E9%87%91%E7%89%9B%E7%A7%91+%E9%9B%A8%E5%82%98%E4%BB%94+&oid=1115363 HTTP/1.1" 200 3515
66.249.71.36 - - [28/Sep/2015:06:15:02 +0800] "GET /content/repository/resource_content.jsp?oid=1781881&queryString=%E5%A5%B3%E9%95%B7%E8%A1%A3 HTTP/1.1" 200 29689
66.249.71.229 - - [28/Sep/2015:06:15:17 +0800] "GET /content/repository/resource_content.jsp?oid=1893743 HTTP/1.1" 200 28737
123.125.71.87 - - [28/Sep/2015:06:17:06 +0800] "GET /content/subject/resource_content.jsp?oid=16777379 HTTP/1.1" 200 43427
66.249.71.229 - - [28/Sep/2015:06:17:42 +0800] "GET /content/nav/relationSubject.jsp?relationWords=&oid=2605231 HTTP/1.1" 200 1405
66.249.71.196 - - [28/Sep/2015:06:19:32 +0800] "GET /digiarch3/content/subject/resource_content.jsp?oid=16777381&queryType=qc HTTP/1.1" 200 37138
66.249.71.249 - - [28/Sep/2015:06:19:36 +0800] "GET /content/nav/relationSubject.jsp?relationWords=&oid=764358 HTTP/1.1" 200 1405
66.249.79.193 - - [28/Sep/2015:06:21:41 +0800] "GET /content/pictures/picture_content.jsp?oid=33554801 HTTP/1.1" 200 27549
66.249.71.54 - - [28/Sep/2015:06:21:44 +0800] "GET /content/repository/resource_content.jsp?oid=1844859&queryString=%E7%B6%A0%E6%9D%BE%E7%9F%B3 HTTP/1.1" 200 30464
157.55.39.44 - - [28/Sep/2015:06:21:52 +0800] "GET /content/subject/resource_content.jsp?oid=16777801&queryType=qc HTTP/1.1" 200 43021
66.249.71.249 - - [28/Sep/2015:06:22:14 +0800] "GET /content/tmp_exh/resource_content.jsp?oid=16777811&queryType=qc HTTP/1.1" 200 29163
66.249.79.193 - - [28/Sep/2015:06:23:47 +0800] "GET /content/nav/relationSubject.jsp?relationWords=%E6%A4%8D%E7%89%A9%E7%95%8C+%E8%8F%8A%E7%A7%91+%E9%88%95%E9%87%A6%E8%8A%B1+%E9%88%95%E9%87%A6%E8%8A%B1%E5%B1%AC+%E9%9B%99%E5%AD%90%E8%91%89%E6%A4%8D%E7%89%A9+&oid=1095909 HTTP/1.1" 200 3416
66.249.71.207 - - [28/Sep/2015:06:23:48 +0800] "GET /digiarch3/content/pictures/picture_content.jsp?oid=33554775&classify=2562 HTTP/1.1" 200 28116
66.249.79.200 - - [28/Sep/2015:06:23:49 +0800] "GET /content/nav/relationSubject.jsp?relationWords=%E6%A4%8D%E7%89%A9%E7%95%8C%20%E8%8F%8A%E7%A7%91%20%E9%88%95%E9%87%A6%E8%8A%B1%20%E9%88%95%E9%87%A6%E8%8A%B1%E5%B1%AC%20%E9%9B%99%E5%AD%90%E8%91%89%E6%A4%8D%E7%89%A9%20&oid=1095909 HTTP/1.1" 200 3416
66.249.71.215 - - [28/Sep/2015:06:24:18 +0800] "GET /content/nav/relationSubject.jsp?relationWords=%E5%B0%8B%E5%AF%B6+%E6%95%B8%E4%BD%8D%E5%85%B8%E8%97%8F+&oid=16777840 HTTP/1.1" 200 5914
157.55.39.44 - - [28/Sep/2015:06:25:42 +0800] "GET /content/subject/resource_content.jsp?oid=16777514&queryType=qc HTTP/1.1" 200 42882
157.55.39.44 - - [28/Sep/2015:06:25:52 +0800] "GET /content/subject/resource_content.jsp?oid=16777721&queryType=qc HTTP/1.1" 200 36340
66.249.71.249 - - [28/Sep/2015:06:25:56 +0800] "GET /digiarch_en/content/repository/resource_content.jsp?oid=2571283&queryString=%E5%9C%8B%E5%AD%90%E7%9B%A3 HTTP/1.1" 200 23680
123.205.55.132 - - [28/Sep/2015:06:27:26 +0800] "GET /content/nav/relationSubject.jsp?relationWords=%E8%96%9C%E8%8D%94+&oid=16777485 HTTP/1.1" 200 3561
66.249.79.200 - - [28/Sep/2015:06:28:04 +0800] "GET /content/repository/resource_content.jsp?oid=1640469 HTTP/1.1" 200 29390
66.249.71.239 - - [28/Sep/2015:06:30:11 +0800] "GET /content/repository/resource_content.jsp?oid=21489 HTTP/1.1" 200 29876
157.55.39.44 - - [28/Sep/2015:06:30:21 +0800] "GET /content/subject/resource_content.jsp?oid=16777470&queryType=qc HTTP/1.1" 200 29372
66.249.71.196 - - [28/Sep/2015:06:30:54 +0800] "GET /digiarch3/content/nav/relationSubject.jsp?relationWords=%E9%BB%91%E6%96%91%E9%BE%8D%E8%86%BD+&oid=33554775 HTTP/1.1" 200 3269
66.249.71.207 - - [28/Sep/2015:06:30:57 +0800] "GET /digiarch3/content/nav/relationSubject.jsp?relationWords=%E9%BB%91%E6%96%91%E9%BE%8D%E8%86%BD%20&oid=33554775 HTTP/1.1" 200 3269
66.249.71.249 - - [28/Sep/2015:06:31:00 +0800] "GET /digiarch_en/content/nav/relationSubject.jsp?relationWords=%E5%9C%8B%E5%AD%90%E7%9B%A3+&oid=2571283 HTTP/1.1" 200 3080
66.249.71.239 - - [28/Sep/2015:06:31:02 +0800] "GET /digiarch_en/content/nav/relationSubject.jsp?relationWords=%E5%9C%8B%E5%AD%90%E7%9B%A3%20&oid=2571283 HTTP/1.1" 200 3080
66.249.71.249 - - [28/Sep/2015:06:32:19 +0800] "GET /content/repository/resource_content.jsp?oid=22478 HTTP/1.1" 200 29569
66.249.79.207 - - [28/Sep/2015:06:32:39 +0800] "GET /content/repository/resource_content.jsp?oid=4363818&queryString=%E9%87%8E%E8%B1%AC%E7%89%99 HTTP/1.1" 200 28537
66.249.71.229 - - [28/Sep/2015:06:33:01 +0800] "GET /content/nav/relationSubject.jsp?relationWords=%E6%A4%8D%E6%B0%91+%E6%A4%8D%E6%B0%91%E5%9C%B0+%E8%87%BA%E7%81%A3%E7%B8%BD%E7%9D%A3%E5%BA%9C+&oid=1640469 HTTP/1.1" 200 3420
66.249.71.249 - - [28/Sep/2015:06:33:03 +0800] "GET /content/nav/relationSubject.jsp?relationWords=%E6%A4%8D%E6%B0%91%20%E6%A4%8D%E6%B0%91%E5%9C%B0%20%E8%87%BA%E7%81%A3%E7%B8%BD%E7%9D%A3%E5%BA%9C%20&oid=1640469 HTTP/1.1" 200 3420
66.249.79.193 - - [28/Sep/2015:06:34:28 +0800] "GET /content/repository/resource_content.jsp?oid=2148418 HTTP/1.1" 200 30081
66.249.71.239 - - [28/Sep/2015:06:36:33 +0800] "GET /content/nav/relationSubject.jsp?relationWords=%E9%8A%80%E9%A6%AC%E9%A0%AD%E9%AD%9A+&oid=22478 HTTP/1.1" 200 3098
66.249.71.249 - - [28/Sep/2015:06:36:34 +0800] "GET /content/nav/relationSubject.jsp?relationWords=%E9%8A%80%E9%A6%AC%E9%A0%AD%E9%AD%9A%20&oid=22478 HTTP/1.1" 200 3098
66.249.79.195 - - [28/Sep/2015:06:36:36 +0800] "GET /content/repository/resource_content.jsp?oid=1521374&queryType=qs&queryString=%E6%96%87%E5%8C%96%E5%8D%94%E6%9C%83 HTTP/1.1" 200 29268
66.249.71.229 - - [28/Sep/2015:06:37:03 +0800] "GET /content/repository/resource_content.jsp?oid=1102819&queryString=%E6%9F%B3%E8%91%89%E9%B1%97%E7%90%83%E8%8A%B1%20%E9%B1%97%E7%90%83%E8%8A%B1%E5%B1%AC HTTP/1.1" 200 31456
157.55.39.185 - - [28/Sep/2015:06:37:11 +0800] "GET /content/repository/resource_content.jsp?oid=1103681 HTTP/1.1" 200 31383
66.249.79.195 - - [28/Sep/2015:06:37:29 +0800] "GET /content/nav/relationSubject.jsp?relationWords=%E5%87%BA%E5%BC%B5%E6%89%80+%E5%A0%82%E5%B3%B6%E8%97%A4%E5%B2%A1+%E6%9D%9C%E9%A6%99%E5%9C%8B+%E6%AD%A6%E7%94%B0%E6%86%B2%E6%B2%BB%E9%83%8E+%E6%B8%85%E7%AE%97+&oid=1884674 HTTP/1.1" 200 4228
66.249.71.216 - - [28/Sep/2015:06:37:31 +0800] "GET /content/nav/relationSubject.jsp?relationWords=%E5%87%BA%E5%BC%B5%E6%89%80%20%E5%A0%82%E5%B3%B6%E8%97%A4%E5%B2%A1%20%E6%9D%9C%E9%A6%99%E5%9C%8B%20%E6%AD%A6%E7%94%B0%E6%86%B2%E6%B2%BB%E9%83%8E%20%E6%B8%85%E7%AE%97%20&oid=1884674 HTTP/1.1" 200 4228
66.249.79.200 - - [28/Sep/2015:06:38:43 +0800] "GET /content/repository/resource_content.jsp?oid=2543570 HTTP/1.1" 200 28693
66.249.71.239 - - [28/Sep/2015:06:39:15 +0800] "GET /content/repository/resource_content.jsp?oid=2631529 HTTP/1.1" 200 29238
66.249.79.193 - - [28/Sep/2015:06:40:50 +0800] "GET /content/subject/resource_content.jsp?oid=16777443&queryString=%E7%94%9F%E5%91%BD%E5%84%80%E7%A6%AE%20%E7%A6%AE%E4%BF%97%20%E8%98%AD%E5%B6%BC%E9%81%94%E6%82%9F%E6%97%8F%20%E9%9B%85%E7%BE%8E%E6%97%8F HTTP/1.1" 500 15712
66.249.71.229 - - [28/Sep/2015:06:41:37 +0800] "GET /content/nav/relationSubject.jsp?relationWords=%E5%8A%89%E5%AF%A7%E5%84%92+%E5%98%89%E7%BE%A9%E5%B8%82+%E7%9C%81%E6%94%BF%E5%BA%9C+&oid=1523409 HTTP/1.1" 200 4557
66.249.71.249 - - [28/Sep/2015:06:41:39 +0800] "GET /content/nav/relationSubject.jsp?relationWords=%E5%8A%89%E5%AF%A7%E5%84%92%20%E5%98%89%E7%BE%A9%E5%B8%82%20%E7%9C%81%E6%94%BF%E5%BA%9C%20&oid=1523409 HTTP/1.1" 200 4557
199.30.25.220 - - [28/Sep/2015:06:41:45 +0800] "GET /content/nav/relationSubject.jsp?relationWords=%E8%8B%A6%E8%8B%93+&oid=16777317 HTTP/1.1" 200 3183
66.249.71.226 - - [28/Sep/2015:06:42:19 +0800] "GET /content/nav/relationSubject.jsp?relationWords=%E4%BA%8C%E6%AC%A1%E5%A4%A7%E6%88%B0+%E5%A4%96%E4%BA%A4%E9%83%A8+%E6%88%B0%E4%BF%98+%E6%96%87%E5%8C%96%E5%8D%94%E6%9C%83+%E8%87%A8%E6%99%82%E7%9C%81%E8%AD%B0%E6%9C%83+%E8%87%BA%E7%81%A3%E7%9C%81+&oid=1521374 HTTP/1.1" 200 5471
66.249.79.188 - - [28/Sep/2015:06:42:21 +0800] "GET /content/nav/relationSubject.jsp?relationWords=%E4%BA%8C%E6%AC%A1%E5%A4%A7%E6%88%B0%20%E5%A4%96%E4%BA%A4%E9%83%A8%20%E6%88%B0%E4%BF%98%20%E6%96%87%E5%8C%96%E5%8D%94%E6%9C%83%20%E8%87%A8%E6%99%82%E7%9C%81%E8%AD%B0%E6%9C%83%20%E8%87%BA%E7%81%A3%E7%9C%81%20&oid=1521374 HTTP/1.1" 200 5471
66.249.71.239 - - [28/Sep/2015:06:42:39 +0800] "GET /content/nav/relationSubject.jsp?relationWords=&oid=2543570 HTTP/1.1" 200 1405
66.249.79.188 - - [28/Sep/2015:06:43:40 +0800] "GET /content/repository/resource_content.jsp?oid=2556434&queryType=qs&queryString=%E5%AD%9D%E7%BE%A9%E7%B8%A3 HTTP/1.1" 200 29530
66.249.71.229 - - [28/Sep/2015:06:43:44 +0800] "GET /content/nav/relationSubject.jsp?relationWords=%E5%B7%A1%E6%92%AB%20&oid=2631529 HTTP/1.1" 200 3084
27.243.138.98 - - [28/Sep/2015:06:43:46 +0800] "GET /content/nav/relationSubject.jsp?relationWords=%E5%8F%B0%E7%81%A3%E6%AC%92%E6%A8%B9+%E8%8B%A6%E8%8B%93%E8%88%85+&oid=16777254 HTTP/1.1" 200 4285
223.137.72.129 - - [28/Sep/2015:06:44:01 +0800] "GET /content/subject/resource_content.jsp?oid=16777736&queryType=qc HTTP/1.1" 200 43177
223.137.72.129 - - [28/Sep/2015:06:44:03 +0800] "GET /content/nav/relationSubject.jsp?relationWords=%E5%8D%97%E6%B9%96%E5%A4%A7%E5%B1%B1+%E6%9D%9C%E9%B5%91+%E7%8E%89%E5%B1%B1%E6%9D%9C%E9%B5%91+%E7%B4%B0%E8%91%89%E6%9D%9C%E9%B5%91+%E8%A5%BF%E6%96%BD%E8%8A%B1+&oid=16777736 HTTP/1.1" 200 5052
66.249.71.249 - - [28/Sep/2015:06:45:06 +0800] "GET /content/repository/resource_content.jsp?oid=1568456 HTTP/1.1" 200 28596
66.249.71.105 - - [28/Sep/2015:06:45:23 +0800] "GET /content/subject/resource_content.jsp?oid=16777344&queryType=qc HTTP/1.1" 200 47651
66.249.71.249 - - [28/Sep/2015:06:45:52 +0800] "GET /content/repository/resource_content.jsp?oid=1545696 HTTP/1.1" 200 28894
66.249.71.239 - - [28/Sep/2015:06:46:06 +0800] "GET /content/nav/relationSubject.jsp?relationWords=%E9%99%B8%E6%B8%AC%E5%9C%96+&oid=221802 HTTP/1.1" 200 3079
220.181.108.104 - - [28/Sep/2015:06:46:08 +0800] "GET /content/repository/resource_content.jsp?oid=2579265 HTTP/1.1" 200 29429
66.249.71.249 - - [28/Sep/2015:06:46:08 +0800] "GET /content/nav/relationSubject.jsp?relationWords=%E9%99%B8%E6%B8%AC%E5%9C%96%20&oid=221802 HTTP/1.1" 200 3079
66.249.71.239 - - [28/Sep/2015:06:47:14 +0800] "GET /content/repository/resource_content.jsp?oid=2586145&queryString=%E7%87%9F%E5%AE%88%E5%82%99%20%E7%B8%BD%E6%B2%B3%E9%A1%8C%20%E9%A1%8C%E8%AB%8B%E8%A3%9C%E6%8E%88 HTTP/1.1" 200 30345
66.249.71.229 - - [28/Sep/2015:06:48:37 +0800] "GET /content/nav/relationSubject.jsp?relationWords=%E4%BA%BA%E5%90%8D%E6%AC%8A%E5%A8%81+%E8%94%A3%E4%B8%AD%E6%AD%A3+&oid=691305 HTTP/1.1" 200 1428
66.249.71.239 - - [28/Sep/2015:06:48:38 +0800] "GET /content/nav/relationSubject.jsp?relationWords=%E9%A1%8D%E5%B8%B6+&oid=1780825 HTTP/1.1" 200 3037
66.249.71.239 - - [28/Sep/2015:06:48:39 +0800] "GET /content/nav/relationSubject.jsp?relationWords=%E4%BA%BA%E5%90%8D%E6%AC%8A%E5%A8%81%20%E8%94%A3%E4%B8%AD%E6%AD%A3%20&oid=691305 HTTP/1.1" 200 1428
66.249.71.229 - - [28/Sep/2015:06:48:46 +0800] "GET /content/nav/relationSubject.jsp?relationWords=%E9%A1%8D%E5%B8%B6%20&oid=1780825 HTTP/1.1" 200 3037
66.249.79.246 - - [28/Sep/2015:06:49:17 +0800] "GET /content/nav/relationSubject.jsp?relationWords=&oid=16777635 HTTP/1.1" 200 1405
66.249.79.207 - - [28/Sep/2015:06:49:22 +0800] "GET /digiarch_en/content/repository/resource_content.jsp?oid=1895045&queryString=%E5%A4%9A%E5%AA%92%E9%AB%94%20%E5%AA%92%E9%AB%94%20%E6%95%B8%E4%BD%8D%E5%85%B8%E8%97%8F%20%E6%AA%94%E6%A1%88%E7%AE%A1%E7%90%86 HTTP/1.1" 200 22725
66.249.71.229 - - [28/Sep/2015:06:50:16 +0800] "GET /content/repository/resource_content.jsp?oid=1549250 HTTP/1.1" 200 36485
66.249.71.36 - - [28/Sep/2015:06:51:30 +0800] "GET /content/repository/resource_content.jsp?oid=4489321&queryString=%E6%B0%91%E6%9C%AC%E4%B8%BB%E7%BE%A9 HTTP/1.1" 200 28439
157.55.39.185 - - [28/Sep/2015:06:52:52 +0800] "GET /content/nav/relationSubject.jsp?relationWords=%E5%8F%A4%E5%9C%B0%E5%9C%96+&oid=16777514 HTTP/1.1" 200 3976
66.249.71.229 - - [28/Sep/2015:06:53:33 +0800] "GET /content/nav/relationSubject.jsp?relationWords=%E5%85%AC%E6%95%99%E4%BA%BA%E5%93%A1%20%E6%95%99%E8%82%B2%E5%AD%B8%20%E8%87%A8%E6%99%82%E7%9C%81%E8%AD%B0%E6%9C%83%20%E8%87%BA%E7%81%A3%E7%9C%81%20&oid=1545696 HTTP/1.1" 200 4538
66.249.71.105 - - [28/Sep/2015:06:53:37 +0800] "GET /content/repository/resource_content.jsp?oid=1832825&queryType=qs&queryString=%E5%A5%B3%E5%AA%A7 HTTP/1.1" 200 32718
122.254.25.40 - - [28/Sep/2015:06:53:53 +0800] "GET /content/nav/relationSubject.jsp?relationWords=%E6%8B%93%E7%89%87+%E6%BC%A2%E4%BB%A3+&oid=16777360 HTTP/1.1" 200 4833
66.249.79.207 - - [28/Sep/2015:06:54:41 +0800] "GET /content/repository/resource_content.jsp?oid=1547583 HTTP/1.1" 200 29744
66.249.71.239 - - [28/Sep/2015:06:55:45 +0800] "GET /content/repository/resource_content.jsp?oid=1582092 HTTP/1.1" 200 28574
123.125.71.75 - - [28/Sep/2015:06:55:54 +0800] "GET /content/subject/resource_content.jsp?oid=16777559 HTTP/1.1" 200 42453
66.249.71.229 - - [28/Sep/2015:06:56:52 +0800] "GET /content/repository/resource_content.jsp?oid=1609499 HTTP/1.1" 200 28706
66.249.79.207 - - [28/Sep/2015:06:57:54 +0800] "GET /content/repository/resource_content.jsp?oid=1621188 HTTP/1.1" 200 28686
66.249.71.54 - - [28/Sep/2015:06:58:27 +0800] "GET /content/nav/relationSubject.jsp?relationWords=%E5%AE%98%E6%9C%AC+%E6%B0%91%E6%9C%AC%E4%B8%BB%E7%BE%A9+&oid=4489321 HTTP/1.1" 200 3611
66.249.79.179 - - [28/Sep/2015:06:58:29 +0800] "GET /content/nav/relationSubject.jsp?relationWords=%E5%AE%98%E6%9C%AC%20%E6%B0%91%E6%9C%AC%E4%B8%BB%E7%BE%A9%20&oid=4489321 HTTP/1.1" 200 3611
66.249.71.249 - - [28/Sep/2015:06:59:04 +0800] "GET /digiarch_en/content/repository/resource_content.jsp?oid=1608381&queryString=%E5%85%AC%E5%85%B1%E9%9B%BB%E8%A6%96%20%E5%85%AC%E6%B0%91%20%E5%85%AC%E8%A6%96 HTTP/1.1" 200 28785
66.249.71.239 - - [28/Sep/2015:06:59:56 +0800] "GET /content/nav/relationSubject.jsp?relationWords=&oid=2621060 HTTP/1.1" 200 1405
66.249.71.249 - - [28/Sep/2015:07:00:01 +0800] "GET /content/repository/resource_content.jsp?oid=2144429 HTTP/1.1" 200 30858
66.249.71.239 - - [28/Sep/2015:07:00:01 +0800] "GET /content/nav/relationSubject.jsp?relationWords=%E4%B8%89%E8%BC%AA%E8%B2%A8%E8%BB%8A%20%E4%B8%BB%E4%BB%BB%E7%A7%98%E6%9B%B8%20%E4%BA%A4%E9%80%9A%E8%99%95%20%E5%85%83%E5%A4%A7%20%E5%85%AC%E8%B7%AF%E5%B1%80%20%E5%86%B7%E6%B0%A3%20%E5%9C%B0%E6%96%B9%E6%B3%95%E9%99%A2%20%E5%BB%B6%E7%A6%A7%20%E5%BE%B5%E4%BF%A1%E6%96%B0%E8%81%9E%E5%A0%B1%20%E6%8A%80%E5%B7%A5%20%E6%93%B4%E5%BB%BA%20%E6%9D%8E%E6%BA%90%E6%A3%A7%20%E6%B4%A5%E8%B2%BC%20%E6%B4%AA%E6%8C%AF%E4%B9%BE%20%E6%B8%AF%E5%8B%99%E5%B1%80%20%E7%AB%99%E9%95%B7%20%E8%80%95%E8%80%98%E6%A9%9F%20%E8%87%BA%E4%B8%AD%E5%8D%80%20%E8%87%BA%E5%8C%97%E5%B8%82%20%E8%B3%AA%E8%A9%A2%20%E9%90%B5%E8%B7%AF%E5%B1%80%20%E9%99%B3%E6%9E%97%20%E9%99%B3%E9%87%91%20%E9%AB%98%E9%9B%84%E6%B8%AF%20%E9%AB%98%E9%9B%84%E6%B8%AF%E5%8B%99%E5%B1%80%20&oid=1549250 HTTP/1.1" 200 5612
66.249.71.239 - - [28/Sep/2015:07:00:34 +0800] "GET /content/nav/relationSubject.jsp?relationWords=&oid=732259 HTTP/1.1" 200 1405
66.249.71.229 - - [28/Sep/2015:07:00:37 +0800] "GET /digiarch_en/content/nav/relationSubject.jsp?relationWords=%E4%B8%89%E8%A7%92%E4%BB%94%20%E6%93%AC%E9%87%91%E7%9C%BC%E9%AF%9B%20%E6%97%A5%E6%9C%AC%E5%96%AE%E9%B0%AD%E9%AD%9A%20%E7%9A%AE%E5%88%80%20%E8%A7%A3%E9%A4%8C%E5%88%80%20%E9%AF%9B%E7%A7%91%20&oid=15486 HTTP/1.1" 200 3692
207.46.13.163 - - [28/Sep/2015:07:00:49 +0800] "GET /content/subject/resource_content.jsp?oid=16777822&queryType=qc HTTP/1.1" 200 45434
66.249.79.200 - - [28/Sep/2015:07:01:20 +0800] "GET /content/repository/resource_content.jsp?oid=1106046&queryString=%E5%B0%8F%E8%94%93%E9%BB%83%E8%8F%80%20%E6%A4%8D%E7%89%A9%E7%95%8C%20%E8%8F%8A%E7%A7%91%20%E9%9B%99%E5%AD%90%E8%91%89%E6%A4%8D%E7%89%A9%20%E9%BB%83%E8%8F%80%E5%B1%AC HTTP/1.1" 200 31281
66.249.71.229 - - [28/Sep/2015:07:02:09 +0800] "GET /content/subject/resource_content.jsp?oid=16777635&queryType=qc HTTP/1.1" 200 63970
131.253.25.174 - - [28/Sep/2015:07:02:43 +0800] "GET /content/nav/relationSubject.jsp?relationWords=&oid=16777385 HTTP/1.1" 200 1405
66.249.71.239 - - [28/Sep/2015:07:03:24 +0800] "GET /digiarch_en/content/nav/relationSubject.jsp?relationWords=%E8%BE%9B%E5%A4%B7+&oid=16777479 HTTP/1.1" 200 1406
66.249.71.249 - - [28/Sep/2015:07:04:08 +0800] "GET /content/nav/relationSubject.jsp?relationWords=%E6%9E%97%E6%B0%8F%E6%BE%A4%E8%98%AD+%E6%A4%8D%E7%89%A9%E7%95%8C+%E6%BE%A4%E8%98%AD%E5%B1%AC+%E8%8F%8A%E7%A7%91+%E9%9B%99%E5%AD%90%E8%91%89%E6%A4%8D%E7%89%A9+&oid=2144429 HTTP/1.1" 200 3234
66.249.71.249 - - [28/Sep/2015:07:04:11 +0800] "GET /content/nav/relationSubject.jsp?relationWords=%E6%9E%97%E6%B0%8F%E6%BE%A4%E8%98%AD%20%E6%A4%8D%E7%89%A9%E7%95%8C%20%E6%BE%A4%E8%98%AD%E5%B1%AC%20%E8%8F%8A%E7%A7%91%20%E9%9B%99%E5%AD%90%E8%91%89%E6%A4%8D%E7%89%A9%20&oid=2144429 HTTP/1.1" 200 3234
66.249.71.239 - - [28/Sep/2015:07:04:17 +0800] "GET /content/repository/resource_content.jsp?oid=2522520 HTTP/1.1" 200 30084
207.46.13.163 - - [28/Sep/2015:07:04:43 +0800] "GET /content/nav/relationSubject.jsp?relationWords=&oid=16777459 HTTP/1.1" 200 1405
157.55.39.43 - - [28/Sep/2015:07:05:26 +0800] "GET /content/subject/resource_content.jsp?oid=16777742&queryType=qc HTTP/1.1" 200 39037
123.125.71.27 - - [28/Sep/2015:07:05:32 +0800] "GET /digiarch_en/content/subject/resource_content.jsp?oid=16777617&queryType=qc HTTP/1.1" 200 47223
66.249.71.54 - - [28/Sep/2015:07:06:24 +0800] "GET /content/repository/resource_content.jsp?oid=2655941&queryType=qs&queryString=%E5%A0%AA%E8%86%BA%E6%B0%91%E7%A4%BE HTTP/1.1" 200 29964
66.249.71.239 - - [28/Sep/2015:07:07:53 +0800] "GET /content/repository/resource_content.jsp?oid=1456896 HTTP/1.1" 200 31066
157.55.2.191 - - [28/Sep/2015:07:08:31 +0800] "GET /content/nav/relationSubject.jsp?relationWords=%E6%B0%B4%E9%BB%83%E7%9A%AE+&oid=16777535 HTTP/1.1" 200 3630
66.249.71.229 - - [28/Sep/2015:07:10:05 +0800] "GET /digiarch_en/content/tmp_exh/resource_content.jsp?oid=16777775&queryType=qc HTTP/1.1" 200 29388
66.249.71.216 - - [28/Sep/2015:07:10:40 +0800] "GET /content/repository/resource_content.jsp?oid=4362337&queryString=%E9%96%8B%E5%85%89 HTTP/1.1" 200 28007
66.249.71.239 - - [28/Sep/2015:07:12:17 +0800] "GET /digiarch_en/content/repository/resource_content.jsp?oid=16378&queryString=%E5%8D%8A%E9%82%8A%E9%AD%9A%20%E6%89%81%E9%AD%9A%20%E6%AF%94%E7%9B%AE%E9%AD%9A%20%E7%9A%87%E5%B8%9D%E9%AD%9A%20%E9%AB%98%E9%AB%94 HTTP/1.1" 200 27105
68.180.228.24 - - [28/Sep/2015:07:12:31 +0800] "GET /content/subject/resource_content.jsp?oid=16777259&queryType=qc HTTP/1.1" 200 34722
66.249.71.226 - - [28/Sep/2015:07:13:13 +0800] "GET /content/nav/relationSubject.jsp?relationWords=%E6%A4%8D%E7%89%A9%E7%95%8C+%E6%B0%B4%E9%BE%8D%E9%AA%A8+%E6%B0%B4%E9%BE%8D%E9%AA%A8%E5%B1%AC+%E6%B0%B4%E9%BE%8D%E9%AA%A8%E7%A7%91+%E8%95%A8%E9%A1%9E%E6%A4%8D%E7%89%A9+%E9%98%BF%E9%87%8C%E5%B1%B1%E6%B0%B4%E9%BE%8D%E9%AA%A8+&oid=3812720 HTTP/1.1" 200 3524
66.249.71.206 - - [28/Sep/2015:07:13:14 +0800] "GET /content/nav/relationSubject.jsp?relationWords=%E6%A4%8D%E7%89%A9%E7%95%8C%20%E6%B0%B4%E9%BE%8D%E9%AA%A8%20%E6%B0%B4%E9%BE%8D%E9%AA%A8%E5%B1%AC%20%E6%B0%B4%E9%BE%8D%E9%AA%A8%E7%A7%91%20%E8%95%A8%E9%A1%9E%E6%A4%8D%E7%89%A9%20%E9%98%BF%E9%87%8C%E5%B1%B1%E6%B0%B4%E9%BE%8D%E9%AA%A8%20&oid=3812720 HTTP/1.1" 200 3524
66.249.71.249 - - [28/Sep/2015:07:13:40 +0800] "GET /content/nav/relationSubject.jsp?relationWords=%E7%B8%BD%E5%85%B5%E5%AE%98+&oid=2522520 HTTP/1.1" 200 3138
66.249.71.249 - - [28/Sep/2015:07:13:41 +0800] "GET /content/nav/relationSubject.jsp?relationWords=%E7%B8%BD%E5%85%B5%E5%AE%98%20&oid=2522520 HTTP/1.1" 200 3138
66.249.71.239 - - [28/Sep/2015:07:14:15 +0800] "GET /digiarch_en/content/nav/relationSubject.jsp?relationWords=&oid=16777775 HTTP/1.1" 200 1399
66.249.71.239 - - [28/Sep/2015:07:14:55 +0800] "GET /digiarch_en/content/repository/resource_content.jsp?oid=2683537&queryString=%E4%B8%89%E5%BA%AB%20%E5%A0%82%E9%8A%9C HTTP/1.1" 200 24636
66.249.71.239 - - [28/Sep/2015:07:15:13 +0800] "GET /content/nav/relationSubject.jsp?relationWords=%E7%97%85%E7%90%86+%E8%87%A8%E6%99%82%E7%9C%81%E8%AD%B0%E6%9C%83+%E8%87%BA%E7%81%A3%E7%9C%81+%E9%98%B2%E7%96%AB+%E9%BB%83%E5%A4%A9%E6%89%B6+&oid=1543577 HTTP/1.1" 200 4543
66.249.71.239 - - [28/Sep/2015:07:15:15 +0800] "GET /content/nav/relationSubject.jsp?relationWords=%E7%97%85%E7%90%86%20%E8%87%A8%E6%99%82%E7%9C%81%E8%AD%B0%E6%9C%83%20%E8%87%BA%E7%81%A3%E7%9C%81%20%E9%98%B2%E7%96%AB%20%E9%BB%83%E5%A4%A9%E6%89%B6%20&oid=1543577 HTTP/1.1" 200 4543
157.55.39.44 - - [28/Sep/2015:07:16:02 +0800] "GET /content/subject/resource_content.jsp?oid=16777746&queryType=qc HTTP/1.1" 200 39179
157.55.39.44 - - [28/Sep/2015:07:16:11 +0800] "GET /content/subject/resource_content.jsp?oid=16777517&queryType=qc HTTP/1.1" 200 51842
66.249.71.249 - - [28/Sep/2015:07:16:17 +0800] "GET /content/nav/relationSubject.jsp?relationWords=%E5%A4%96%E6%B2%B3%E6%B0%B4%E5%8B%A2+%E7%B1%B3%E7%9F%B3+%E8%B5%B7%E9%81%8E%E7%B3%A7+&oid=2535275 HTTP/1.1" 200 3181
66.249.79.200 - - [28/Sep/2015:07:16:20 +0800] "GET /content/nav/relationSubject.jsp?relationWords=%E5%A4%96%E6%B2%B3%E6%B0%B4%E5%8B%A2%20%E7%B1%B3%E7%9F%B3%20%E8%B5%B7%E9%81%8E%E7%B3%A7%20&oid=2535275 HTTP/1.1" 200 3181
66.249.79.200 - - [28/Sep/2015:07:16:42 +0800] "GET /content/repository/resource_content.jsp?oid=1573991 HTTP/1.1" 200 28412
207.46.13.63 - - [28/Sep/2015:07:17:03 +0800] "GET /content/nav/relationSubject.jsp?relationWords=%E8%96%9C%E8%8D%94+&oid=16777485 HTTP/1.1" 200 3561
66.249.71.45 - - [28/Sep/2015:07:17:03 +0800] "GET /content/pictures/picture_content.jsp?oid=33554702&queryType=qs&queryString=%E6%A8%B9%E8%84%82 HTTP/1.1" 200 27738
157.55.39.186 - - [28/Sep/2015:07:18:36 +0800] "GET /content/subject/resource_content.jsp?oid=16777514&queryType=qc HTTP/1.1" 200 42882
66.249.71.229 - - [28/Sep/2015:07:19:13 +0800] "GET /content/repository/resource_content.jsp?oid=2143573 HTTP/1.1" 200 29389
66.249.71.249 - - [28/Sep/2015:07:19:38 +0800] "GET /content/nav/relationSubject.jsp?relationWords=%E5%B0%8F%E8%94%93%E9%BB%83%E8%8F%80%20%E6%A4%8D%E7%89%A9%E7%95%8C%20%E8%8F%8A%E7%A7%91%20%E9%9B%99%E5%AD%90%E8%91%89%E6%A4%8D%E7%89%A9%20%E9%BB%83%E8%8F%80%E5%B1%AC%20&oid=1106046 HTTP/1.1" 200 3506
66.249.71.229 - - [28/Sep/2015:07:20:12 +0800] "GET /content/nav/relationSubject.jsp?relationWords=%E8%9C%BB%E8%9C%93%E8%98%AD%E5%B1%AC+%E9%95%B7%E8%91%89%E8%9C%BB%E8%9C%93%E8%98%AD+&oid=2143573 HTTP/1.1" 200 2809
66.249.79.207 - - [28/Sep/2015:07:20:18 +0800] "GET /content/nav/relationSubject.jsp?relationWords=%E4%BA%BA%E4%BA%8B%E7%95%B0%E5%8B%95+%E4%BA%BA%E4%BA%8B%E8%99%95+%E7%A6%8F%E5%88%A9%E5%93%81+%E8%87%BA%E7%81%A3%E7%9C%81%E6%94%BF%E5%BA%9C+%E8%87%BA%E7%81%A3%E7%9C%81%E8%AD%B0%E6%9C%83+&oid=1896078 HTTP/1.1" 200 4618
66.249.71.239 - - [28/Sep/2015:07:20:20 +0800] "GET /content/nav/relationSubject.jsp?relationWords=%E4%BA%BA%E4%BA%8B%E7%95%B0%E5%8B%95%20%E4%BA%BA%E4%BA%8B%E8%99%95%20%E7%A6%8F%E5%88%A9%E5%93%81%20%E8%87%BA%E7%81%A3%E7%9C%81%E6%94%BF%E5%BA%9C%20%E8%87%BA%E7%81%A3%E7%9C%81%E8%AD%B0%E6%9C%83%20&oid=1896078 HTTP/1.1" 200 4618
66.249.71.239 - - [28/Sep/2015:07:20:21 +0800] "GET /content/nav/relationSubject.jsp?relationWords=%E4%BA%BA%E5%90%8D%E6%AC%8A%E5%A8%81%20%E5%95%86%E6%A8%99%E6%B3%95%20%E9%BA%BB%E5%85%8B%E9%A1%9E%20&oid=623933 HTTP/1.1" 200 3897
110.28.130.70 - - [28/Sep/2015:07:20:38 +0800] "GET /content/repository/resource_content.jsp?oid=1618222 HTTP/1.1" 200 28446
110.28.130.70 - - [28/Sep/2015:07:20:42 +0800] "GET /content/nav/relationSubject.jsp?relationWords=%E5%8B%9E%E8%B3%87+&oid=1618222 HTTP/1.1" 200 5945
207.46.13.163 - - [28/Sep/2015:07:21:03 +0800] "GET /content/nav/relationSubject.jsp?relationWords=%E7%B4%AB%E9%88%B4%E8%97%A4+%E8%92%9C%E9%A6%99%E8%97%A4+&oid=16777257 HTTP/1.1" 200 1891
66.249.71.229 - - [28/Sep/2015:07:21:19 +0800] "GET /content/repository/resource_content.jsp?oid=193636 HTTP/1.1" 200 29714
68.180.228.24 - - [28/Sep/2015:07:21:39 +0800] "GET /content/subject/resource_content.jsp?oid=16777424&queryType=qc HTTP/1.1" 200 38681
66.249.79.179 - - [28/Sep/2015:07:23:03 +0800] "GET /content/nav/relationSubject.jsp?relationWords=%E5%8F%B0%E7%81%A3%E5%86%B7%E6%9D%89+&oid=33554702 HTTP/1.1" 200 3189
66.249.71.45 - - [28/Sep/2015:07:23:05 +0800] "GET /content/nav/relationSubject.jsp?relationWords=%E5%8F%B0%E7%81%A3%E5%86%B7%E6%9D%89%20&oid=33554702 HTTP/1.1" 200 3189
66.249.79.193 - - [28/Sep/2015:07:23:18 +0800] "GET /content/repository/resource_content.jsp?oid=1595130 HTTP/1.1" 200 28799
207.46.13.163 - - [28/Sep/2015:07:23:24 +0800] "GET /content/subject/resource_content.jsp?oid=16777493&queryString=%E6%B5%B7%E6%A3%A0%20%E7%A7%8B%E6%B5%B7%E6%A3%A0 HTTP/1.1" 200 47232
66.249.71.239 - - [28/Sep/2015:07:23:27 +0800] "GET /content/repository/resource_content.jsp?oid=192260 HTTP/1.1" 200 29734
66.249.71.239 - - [28/Sep/2015:07:24:21 +0800] "GET /digiarch_en/content/nav/relationSubject.jsp?relationWords=%E5%A0%82%E9%8A%9C+%E7%BF%B0%E6%9E%97%E9%99%A2+%E9%99%A2%E4%BE%8D+&oid=2683537 HTTP/1.1" 200 3156
66.249.71.249 - - [28/Sep/2015:07:24:54 +0800] "GET /content/nav/relationSubject.jsp?relationWords=%E5%B2%A1%E7%94%B0+%E6%98%8E%E4%BF%A1%E7%89%87+%E6%B1%A0%E7%94%B0%E6%95%8F%E9%9B%84+&oid=2470223 HTTP/1.1" 200 3374
220.181.108.119 - - [28/Sep/2015:07:24:54 +0800] "GET /content/subject/resource_content.jsp?oid=16777426 HTTP/1.1" 200 38877
66.249.71.249 - - [28/Sep/2015:07:24:56 +0800] "GET /content/nav/relationSubject.jsp?relationWords=%E5%B2%A1%E7%94%B0%20%E6%98%8E%E4%BF%A1%E7%89%87%20%E6%B1%A0%E7%94%B0%E6%95%8F%E9%9B%84%20&oid=2470223 HTTP/1.1" 200 3374
