66.249.71.64 - - [11/Oct/2015:06:56:29 +0800] "GET /content/repository/resource_content.jsp?oid=1105461 HTTP/1.1" 200 30960
66.249.71.72 - - [11/Oct/2015:06:57:19 +0800] "GET /content/repository/resource_content.jsp?oid=225921 HTTP/1.1" 200 30049
66.249.71.60 - - [11/Oct/2015:06:57:45 +0800] "GET /content/repository/resource_content.jsp?oid=190977&queryString=%E6%96%B0%E6%A8%82 HTTP/1.1" 200 29990
66.249.71.72 - - [11/Oct/2015:06:57:58 +0800] "GET /content/nav/relationSubject.jsp?relationWords=%E5%AF%B6%E6%88%90+%E7%9F%B3%E9%96%80%E6%B0%B4%E5%BB%A0+%E8%B2%A1%E5%8B%99+%E9%A0%90%E7%AE%97+&oid=1568934 HTTP/1.1" 200 5327
66.249.71.72 - - [11/Oct/2015:06:58:00 +0800] "GET /content/nav/relationSubject.jsp?relationWords=%E5%AF%B6%E6%88%90%20%E7%9F%B3%E9%96%80%E6%B0%B4%E5%BB%A0%20%E8%B2%A1%E5%8B%99%20%E9%A0%90%E7%AE%97%20&oid=1568934 HTTP/1.1" 200 5327
66.249.71.60 - - [11/Oct/2015:06:58:11 +0800] "GET /content/repository/resource_content.jsp?oid=226564 HTTP/1.1" 200 30104
66.249.71.60 - - [11/Oct/2015:06:58:28 +0800] "GET /content/nav/relationSubject.jsp?relationWords=%E9%B9%BD%E8%88%B9+&oid=795108 HTTP/1.1" 200 3111
66.249.74.18 - - [11/Oct/2015:06:58:29 +0800] "GET /content/nav/relationSubject.jsp?relationWords=%E9%B9%BD%E8%88%B9%20&oid=795108 HTTP/1.1" 200 3111
66.249.71.72 - - [11/Oct/2015:06:58:35 +0800] "GET /content/repository/resource_content.jsp?oid=1545140 HTTP/1.1" 200 28718
66.249.71.72 - - [11/Oct/2015:06:59:02 +0800] "GET /content/repository/resource_content.jsp?oid=1523780&queryString=%E6%A9%AB%E5%A0%A4 HTTP/1.1" 200 29046
66.249.77.85 - - [11/Oct/2015:06:59:29 +0800] "GET /content/repository/resource_content.jsp?oid=704433&queryString=%E4%BA%BA%E5%90%8D%E6%AC%8A%E5%A8%81%20%E8%94%A3%E5%A4%A2%E9%BA%9F%20%E8%98%87%E4%BF%84 HTTP/1.1" 200 29269
220.181.108.163 - - [11/Oct/2015:06:59:40 +0800] "GET /content/subject/resource_content.jsp?oid=16777568&queryType=qc HTTP/1.1" 200 34862
66.249.71.72 - - [11/Oct/2015:06:59:51 +0800] "GET /content/repository/resource_content.jsp?oid=1101233 HTTP/1.1" 200 30860
66.249.71.72 - - [11/Oct/2015:07:00:16 +0800] "GET /content/repository/resource_content.jsp?oid=1577875 HTTP/1.1" 200 28509
157.55.39.45 - - [11/Oct/2015:07:00:41 +0800] "GET /digiarch_en/content/subject/resource_content.jsp?oid=16777308&queryType=qc HTTP/1.1" 200 22612
66.249.71.64 - - [11/Oct/2015:07:00:42 +0800] "GET /content/repository/resource_content.jsp?oid=1591674 HTTP/1.1" 200 29927
66.249.64.112 - - [11/Oct/2015:07:01:08 +0800] "GET /digiarch_en/content/repository/resource_content.jsp?oid=2152168&queryString=%E5%85%89%E6%9E%9C%E9%BE%8D%E8%91%B5%20%E8%8C%84%E5%B1%AC HTTP/1.1" 200 23745
66.249.71.5 - - [11/Oct/2015:07:01:19 +0800] "GET /digiarch3/content/repository/resource_content.jsp?oid=16361&queryString=%E6%97%97%E9%AD%9A HTTP/1.1" 200 34789
66.249.71.64 - - [11/Oct/2015:07:01:32 +0800] "GET /content/repository/resource_content.jsp?oid=1572145 HTTP/1.1" 200 28673
66.249.71.50 - - [11/Oct/2015:07:01:58 +0800] "GET /content/repository/resource_content.jsp?oid=1530058&queryString=%E5%BB%A3%E6%92%AD%E5%8A%87%20%E6%96%B0%E8%81%9E%E8%99%95%20%E8%87%BA%E7%81%A3%E7%9C%81%20%E8%A8%93%E8%82%B2%20%E9%9B%BB%E8%A6%96%E5%8A%87%20%E9%AB%94%E8%82%B2 HTTP/1.1" 200 31589
66.249.71.41 - - [11/Oct/2015:07:02:23 +0800] "GET /content/repository/resource_content.jsp?oid=1887135&queryString=%E7%B0%BE%E8%9B%A4%E7%9B%AE%20%E7%B4%AB%E6%99%83%E8%82%89%20%E8%9B%A4%E7%A7%91%20%E8%A5%BF%E6%96%BD%E8%88%8C%20%E8%A5%BF%E6%96%BD%E8%88%8C%E5%B1%AC%20%E8%A5%BF%E8%82%9A%E8%88%8C%20%E9%9B%99%E6%AE%BC%E7%B6%B1%20%E9%9B%99%E7%B7%9A%E8%A1%80%E8%9A%B6 HTTP/1.1" 200 32699
157.55.39.28 - - [11/Oct/2015:07:02:38 +0800] "GET /content/subject/resource_content.jsp?oid=16777378 HTTP/1.1" 200 33340
66.249.74.60 - - [11/Oct/2015:07:02:49 +0800] "GET /content/repository/resource_content.jsp?oid=14474&queryType=qs&queryString=%E7%8B%97%E6%AF%8D%E9%AD%9A HTTP/1.1" 200 34498
66.249.71.60 - - [11/Oct/2015:07:03:39 +0800] "GET /content/repository/resource_content.jsp?oid=1462493 HTTP/1.1" 200 31456
66.249.74.15 - - [11/Oct/2015:07:04:05 +0800] "GET /content/repository/resource_content.jsp?oid=2676369&queryString=%E7%94%9F%E5%93%A1 HTTP/1.1" 200 30681
66.249.74.15 - - [11/Oct/2015:07:04:30 +0800] "GET /content/repository/resource_content.jsp?oid=1123952&queryString=%E4%BA%9E%E6%88%90%E9%AB%94%20%E5%B0%8F%E5%8D%B7%20%E6%AD%A6%E9%81%93%E7%9C%9F%E9%8E%96%E7%AE%A1%20%E9%80%8F%E6%8A%BD%20%E9%8E%96%E7%AE%A1%E5%B1%AC%20%E9%8E%96%E7%AE%A1%E7%A7%91%20%E9%A0%AD%E8%B6%B3%E7%B6%B1 HTTP/1.1" 200 36821
66.249.71.64 - - [11/Oct/2015:07:04:55 +0800] "GET /content/repository/resource_content.jsp?oid=2145839 HTTP/1.1" 200 30957
66.249.71.72 - - [11/Oct/2015:07:05:25 +0800] "GET /content/repository/resource_content.jsp?oid=1894261 HTTP/1.1" 200 28358
123.125.71.36 - - [11/Oct/2015:07:05:31 +0800] "GET /content/subject/resource_content.jsp?oid=16777677 HTTP/1.1" 200 29004
66.249.71.23 - - [11/Oct/2015:07:05:47 +0800] "GET /digiarch3/content/repository/resource_content.jsp?oid=14629&queryType=qs&queryString=%E6%A3%98%E8%8C%84%E9%AD%9A HTTP/1.1" 200 33562
66.249.77.85 - - [11/Oct/2015:07:06:11 +0800] "GET /content/repository/resource_content.jsp?oid=4363211&queryString=%E5%A4%AA%E6%A5%B5%E9%96%80%20%E9%96%80%E7%92%B0 HTTP/1.1" 200 29177
66.249.71.72 - - [11/Oct/2015:07:06:36 +0800] "GET /content/repository/resource_content.jsp?oid=1111507 HTTP/1.1" 200 31292
66.249.71.5 - - [11/Oct/2015:07:08:18 +0800] "GET /digiarch3/content/pictures/picture_content.jsp?oid=33554825&classify=2761 HTTP/1.1" 200 27872
66.249.77.97 - - [11/Oct/2015:07:09:08 +0800] "GET /content/repository/resource_content.jsp?oid=4362315&queryString=%E5%B7%A1%E7%8B%A9%20%E7%8E%8B%E8%88%B9%20%E9%96%8B%E5%85%89 HTTP/1.1" 200 28030
157.55.39.45 - - [11/Oct/2015:07:09:52 +0800] "GET /content/repository/resource_content.jsp?oid=1816659 HTTP/1.1" 200 28951
66.249.71.60 - - [11/Oct/2015:07:09:59 +0800] "GET /content/repository/resource_content.jsp?oid=1173065 HTTP/1.1" 200 29245
66.249.77.97 - - [11/Oct/2015:07:10:18 +0800] "GET /content/subject/resource_content.jsp?oid=16797246&queryType=qc HTTP/1.1" 200 43651
66.249.77.85 - - [11/Oct/2015:07:10:24 +0800] "GET /content/subject/resource_content.jsp?oid=16797281&queryType=qc HTTP/1.1" 200 52953
66.249.77.91 - - [11/Oct/2015:07:10:50 +0800] "GET /content/repository/resource_content.jsp?oid=1585589&queryType=qs&queryString=%E5%BE%8C%E5%A3%81%E6%B9%96 HTTP/1.1" 200 28739
66.249.71.64 - - [11/Oct/2015:07:11:10 +0800] "GET /content/repository/resource_content.jsp?oid=2655443 HTTP/1.1" 200 29604
66.249.71.14 - - [11/Oct/2015:07:11:15 +0800] "GET /content/repository/resource_content.jsp?oid=4470384&queryType=qs&queryString=%E6%AD%A6%E5%BE%B7%E6%AE%BF HTTP/1.1" 200 34797
208.115.113.86 - - [11/Oct/2015:07:11:21 +0800] "GET /content/subject/resource_content.jsp?oid=16777482&queryType=qc HTTP/1.1" 200 37206
66.249.71.5 - - [11/Oct/2015:07:12:06 +0800] "GET /digiarch3/content/repository/resource_content.jsp?oid=1863390&queryType=qs&queryString=%E7%8D%B8%E7%B4%8B HTTP/1.1" 200 30565
66.249.77.85 - - [11/Oct/2015:07:12:27 +0800] "GET /content/subject/resource_content.jsp?oid=16777471&queryType=qc HTTP/1.1" 200 30241
66.249.71.5 - - [11/Oct/2015:07:12:56 +0800] "GET /digiarch3/content/subject/resource_content.jsp?oid=16777247&queryType=qs&queryString=%E8%9D%A6%E6%8B%96%E7%B6%B2 HTTP/1.1" 200 25607
66.249.71.164 - - [11/Oct/2015:07:13:22 +0800] "GET /content/repository/resource_content.jsp?oid=1562338&queryType=qs&queryString=%E5%85%A5%E5%AD%B8%E8%80%83%E8%A9%A6 HTTP/1.1" 200 28919
66.249.77.85 - - [11/Oct/2015:07:13:47 +0800] "GET /content/tmp_tec/resource_content.jsp?oid=16777714&queryString= HTTP/1.1" 200 38304
66.249.71.72 - - [11/Oct/2015:07:14:21 +0800] "GET /content/nav/relationSubject.jsp?relationWords=%E5%8D%91%E5%8D%97%E6%97%8F%20%E8%87%BA%E7%81%A3%E5%9C%9F%E8%91%97%20%E9%AD%AF%E5%87%B1%E6%97%8F%20&oid=1773218 HTTP/1.1" 200 3166
66.249.71.72 - - [11/Oct/2015:07:14:25 +0800] "GET /content/repository/resource_content.jsp?oid=1569454 HTTP/1.1" 200 28475
66.249.79.27 - - [11/Oct/2015:07:15:04 +0800] "GET /content/repository/resource_content.jsp?oid=2679421&queryType=qs&queryString=%E7%A7%BB%E6%9C%83 HTTP/1.1" 200 30181
157.55.39.84 - - [11/Oct/2015:07:15:47 +0800] "GET /digiarch_en/content/tmp_tec/resource_content.jsp?oid=16777714 HTTP/1.1" 200 32838
24.30.41.85 - - [11/Oct/2015:07:15:49 +0800] "GET /content/repository/resource_content.jsp?oid=2569183&queryType=qs&queryString=%E5%B9%B4%E7%BE%B9%E5%A0%AF HTTP/1.1" 200 29792
24.30.41.85 - - [11/Oct/2015:07:15:50 +0800] "GET /content/nav/relationSubject.jsp?relationWords=&oid=2569183 HTTP/1.1" 200 1405
66.249.71.155 - - [11/Oct/2015:07:16:00 +0800] "GET /content/repository/resource_content.jsp?oid=1547336&queryType=qs&queryString=%E9%83%AD%E7%A7%8B%E7%85%8C HTTP/1.1" 200 29639
157.55.39.182 - - [11/Oct/2015:07:16:05 +0800] "GET /content/subject/resource_content.jsp?oid=16777303 HTTP/1.1" 200 34984
39.9.36.227 - - [11/Oct/2015:07:17:19 +0800] "GET /content/repository/resource_content.jsp?oid=1114931 HTTP/1.1" 200 31028
39.9.36.227 - - [11/Oct/2015:07:17:21 +0800] "GET /content/nav/relationSubject.jsp?relationWords=%E5%8F%B0%E7%81%A3%E4%BA%94%E8%91%89%E6%9D%BE+%E6%9D%BE%E5%B1%AC+%E6%9D%BE%E6%9D%89+%E6%9D%BE%E7%A7%91+%E6%A4%8D%E7%89%A9%E7%95%8C+%E6%AF%AC%E6%9E%9C+&oid=1114931 HTTP/1.1" 200 3384
157.55.39.162 - - [11/Oct/2015:07:17:39 +0800] "GET /content/subject/resource_content.jsp?oid=16777463 HTTP/1.1" 200 28398
66.249.71.64 - - [11/Oct/2015:07:17:41 +0800] "GET /digiarch_en/content/repository/resource_content.jsp?oid=2522380&queryString=%E7%94%9F%E5%93%A1 HTTP/1.1" 200 24551
66.249.74.18 - - [11/Oct/2015:07:18:01 +0800] "GET /content/repository/resource_content.jsp?oid=1530616 HTTP/1.1" 200 29130
66.249.71.5 - - [11/Oct/2015:07:18:14 +0800] "GET /digiarch3/content/nav/relationSubject.jsp?relationWords=%E7%94%98%E4%BB%94%E9%AD%9A+&oid=15225 HTTP/1.1" 200 3306
66.249.71.23 - - [11/Oct/2015:07:18:16 +0800] "GET /digiarch3/content/nav/relationSubject.jsp?relationWords=%E7%94%98%E4%BB%94%E9%AD%9A%20&oid=15225 HTTP/1.1" 200 3306
66.249.71.72 - - [11/Oct/2015:07:18:25 +0800] "GET /content/repository/resource_content.jsp?oid=1532402 HTTP/1.1" 200 29115
66.249.79.27 - - [11/Oct/2015:07:18:51 +0800] "GET /content/repository/resource_content.jsp?oid=3822480&queryString=%E6%A4%8D%E7%89%A9%E7%95%8C%20%E8%8C%9C%E8%8D%89%20%E8%8C%9C%E8%8D%89%E7%A7%91%20%E9%9B%9E%E5%B1%8E%E7%B1%90 HTTP/1.1" 200 31551
66.249.71.64 - - [11/Oct/2015:07:18:55 +0800] "GET /content/repository/resource_content.jsp?oid=1461909 HTTP/1.1" 200 30846
66.249.71.72 - - [11/Oct/2015:07:19:16 +0800] "GET /content/repository/resource_content.jsp?oid=2146694&queryString=%E6%9D%9C%E9%B5%91%20%E6%9D%9C%E9%B5%91%E8%8A%B1%20%E6%9D%9C%E9%B5%91%E8%8A%B1%E5%B1%AC%20%E6%9D%9C%E9%B5%91%E8%8A%B1%E7%A7%91%20%E6%A3%AE%E6%B0%8F%E6%9D%9C%E9%B5%91%20%E6%A4%8D%E7%89%A9%E7%95%8C HTTP/1.1" 200 31413
66.249.71.64 - - [11/Oct/2015:07:19:41 +0800] "GET /content/repository/resource_content.jsp?oid=1779473 HTTP/1.1" 200 30395
66.249.71.64 - - [11/Oct/2015:07:20:57 +0800] "GET /content/repository/resource_content.jsp?oid=228598 HTTP/1.1" 200 30110
66.249.71.173 - - [11/Oct/2015:07:20:59 +0800] "GET /content/repository/resource_content.jsp?oid=4352865&queryType=qs&queryString=%E9%AD%9A%E6%A7%8D HTTP/1.1" 200 35067
66.249.71.64 - - [11/Oct/2015:07:21:23 +0800] "GET /content/repository/resource_content.jsp?oid=1568074 HTTP/1.1" 200 28938
66.249.71.155 - - [11/Oct/2015:07:21:27 +0800] "GET /content/nav/relationSubject.jsp?relationWords=%E4%B9%9E%E9%91%92+%E5%B9%B3%E5%A1%9A+&oid=614423 HTTP/1.1" 200 3612
66.249.79.172 - - [11/Oct/2015:07:21:28 +0800] "GET /content/nav/relationSubject.jsp?relationWords=%E4%B9%9E%E9%91%92%20%E5%B9%B3%E5%A1%9A%20&oid=614423 HTTP/1.1" 200 3612
66.249.71.60 - - [11/Oct/2015:07:21:48 +0800] "GET /content/repository/resource_content.jsp?oid=1564520 HTTP/1.1" 200 28672
66.249.71.72 - - [11/Oct/2015:07:22:13 +0800] "GET /content/repository/resource_content.jsp?oid=1628071 HTTP/1.1" 200 28997
66.249.71.113 - - [11/Oct/2015:07:22:39 +0800] "GET /content/repository/resource_content.jsp?oid=1780837&queryString=%E7%B6%81%E8%85%BF%E5%B8%83 HTTP/1.1" 200 28831
123.125.71.89 - - [11/Oct/2015:07:22:55 +0800] "GET /content/repository/resource_content.jsp?oid=1590362 HTTP/1.1" 200 35575
66.249.71.64 - - [11/Oct/2015:07:23:04 +0800] "GET /content/repository/resource_content.jsp?oid=1560057 HTTP/1.1" 200 28489
66.249.71.64 - - [11/Oct/2015:07:23:34 +0800] "GET /content/repository/resource_content.jsp?oid=1106208 HTTP/1.1" 200 30440
66.249.71.164 - - [11/Oct/2015:07:23:55 +0800] "GET /content/repository/resource_content.jsp?oid=14633&queryType=qs&queryString=%E7%BD%95%E8%A6%8B%E9%AD%9A%E9%A1%9E HTTP/1.1" 200 34309
66.249.79.24 - - [11/Oct/2015:07:24:12 +0800] "GET /content/repository/resource_content.jsp?oid=709409&queryString=%E4%BA%BA%E5%90%8D%E6%AC%8A%E5%A8%81%20%E5%B0%8F%E5%B9%A1%E9%85%89%E5%90%89%20%E6%9B%B9%E6%B1%9D%E9%9C%96%20%E6%9D%B1%E8%92%99 HTTP/1.1" 200 28993
66.249.74.64 - - [11/Oct/2015:07:24:20 +0800] "GET /content/repository/resource_content.jsp?oid=1549785&queryString=%E5%B9%B3%E5%9C%B0%E5%B1%B1%E8%83%9E HTTP/1.1" 200 30732
66.249.71.41 - - [11/Oct/2015:07:24:45 +0800] "GET /content/repository/resource_content.jsp?oid=3812011&queryString=%E6%A1%83%E9%87%91%E5%AD%83%20%E6%A1%83%E9%87%91%E5%AD%83%E7%A7%91%20%E6%A4%8D%E7%89%A9%E7%95%8C%20%E7%99%BD%E5%8D%83%E5%B1%A4 HTTP/1.1" 200 31178
66.249.71.41 - - [11/Oct/2015:07:25:11 +0800] "GET /content/repository/resource_content.jsp?oid=1571426&queryString=%E5%85%AC%E6%95%99%E4%BA%BA%E5%93%A1%20%E5%88%B6%E6%9C%8D%20%E6%9C%8D%E5%8B%A4%E6%A1%88%20%E6%B8%9B%E9%AB%94%E5%8B%9E%20%E7%9F%AD%E8%A2%96%E5%BC%8F HTTP/1.1" 200 29423
66.249.71.59 - - [11/Oct/2015:07:25:36 +0800] "GET /content/repository/resource_content.jsp?oid=2148857&queryString=%E6%9D%9C%E9%B5%91%E8%8A%B1 HTTP/1.1" 200 31213
66.249.74.62 - - [11/Oct/2015:07:26:02 +0800] "GET /content/repository/resource_content.jsp?oid=14051&queryString=%E6%B2%88%E6%B0%8F%E5%89%AF%E7%9B%B2%E9%B0%BB%20%E7%84%A1%E7%9B%AE%E9%B0%BB%20%E7%9B%B2%E9%B0%BB%20%E9%9D%92%E7%9C%A0%E9%B0%BB%20%E9%B0%BB%E7%A7%91%20%E9%BE%8D%E7%AD%8B HTTP/1.1" 200 35221
66.249.71.41 - - [11/Oct/2015:07:26:26 +0800] "GET /content/repository/resource_content.jsp?oid=1462436&queryString=%E6%9D%9C%E9%B5%91%E8%8A%B1%E5%B1%AC HTTP/1.1" 200 31402
66.249.71.5 - - [11/Oct/2015:07:26:38 +0800] "GET /content/nav/relationSubject.jsp?relationWords=&oid=4470384 HTTP/1.1" 200 1405
123.125.71.29 - - [11/Oct/2015:07:26:38 +0800] "GET /content/tmp_tec/resource_content.jsp?oid=16777837 HTTP/1.1" 200 35557
66.249.71.59 - - [11/Oct/2015:07:26:52 +0800] "GET /content/repository/resource_content.jsp?oid=4362769&queryString=%E4%BF%9D%E7%94%9F%E5%A4%A7%E5%B8%9D%20%E5%B9%B3%E5%AE%89%E7%AC%A6 HTTP/1.1" 200 30700
66.249.71.41 - - [11/Oct/2015:07:27:17 +0800] "GET /content/repository/resource_content.jsp?oid=2676344&queryString=%E7%A1%9D%E7%A3%BA%20%E7%A7%BB%E6%9C%83%20%E9%96%A9%E7%9C%81 HTTP/1.1" 200 30826
66.249.74.60 - - [11/Oct/2015:07:27:30 +0800] "GET /content/repository/resource_content.jsp?oid=3819630&queryString=%E8%8B%A6%E8%8B%93 HTTP/1.1" 200 31687
66.249.71.59 - - [11/Oct/2015:07:27:42 +0800] "GET /content/repository/resource_content.jsp?oid=4501505&queryString=%E6%B0%B4%E8%B3%AA%20%E8%9D%8C%E8%9A%AA%20%E8%AA%BF%E6%9F%A5%E7%A0%94%E7%A9%B6 HTTP/1.1" 200 30007
66.249.71.41 - - [11/Oct/2015:07:28:08 +0800] "GET /content/repository/resource_content.jsp?oid=1099933&queryString=%E5%B1%B1%E6%A1%94%E6%A2%97%20%E5%B1%B1%E6%A1%94%E6%A2%97%E5%B1%AC%20%E6%A1%94%E6%A2%97%20%E6%A1%94%E6%A2%97%E7%A7%91%20%E6%A4%8D%E7%89%A9%E7%95%8C HTTP/1.1" 200 31084
157.55.39.163 - - [11/Oct/2015:07:28:30 +0800] "GET /content/repository/resource_content.jsp?oid=2145095&queryType=qs&queryString=%E7%95%AA%E9%BE%8D%E7%9C%BC HTTP/1.1" 200 31100
66.249.71.50 - - [11/Oct/2015:07:28:33 +0800] "GET /content/repository/resource_content.jsp?oid=518070&queryString=%E6%89%81%E8%9D%B8%E7%89%9B%E7%A7%91%20%E6%9F%84%E7%9C%BC%E7%9B%AE%20%E7%90%83%E8%9D%B8%E7%89%9B%20%E8%85%B9%E8%B6%B3%E7%B6%B1 HTTP/1.1" 200 33322
66.249.74.60 - - [11/Oct/2015:07:28:59 +0800] "GET /content/repository/resource_content.jsp?oid=1552813&queryType=qs&queryString=%E7%A4%BE%E6%9C%83%E6%95%99%E8%82%B2 HTTP/1.1" 200 31223
68.180.228.24 - - [11/Oct/2015:07:29:01 +0800] "GET /content/pictures/picture_content.jsp?oid=33554729&classify=2259 HTTP/1.1" 200 27431
66.249.71.72 - - [11/Oct/2015:07:29:14 +0800] "GET /content/nav/relationSubject.jsp?relationWords=%E8%B3%AA%E8%A9%A2%20%E8%B3%B4%E6%A8%B9%E6%97%BA%20&oid=1569454 HTTP/1.1" 200 4973
66.249.71.50 - - [11/Oct/2015:07:29:24 +0800] "GET /content/repository/resource_content.jsp?oid=4491552&queryString=%E7%95%AB%E8%AB%96%20%E7%A4%BE%E6%9C%83%E5%AD%B8 HTTP/1.1" 200 28425
66.249.71.72 - - [11/Oct/2015:07:29:47 +0800] "GET /digiarch_en/content/nav/relationSubject.jsp?relationWords=%E5%AD%B8%E6%94%BF%20%E7%94%9F%E5%93%A1%20%E8%82%87%E9%AB%98%20&oid=2522380 HTTP/1.1" 200 3149
66.249.74.60 - - [11/Oct/2015:07:29:51 +0800] "GET /content/repository/resource_content.jsp?oid=279342&queryString=%E5%B1%85%E5%BB%B6%E6%BC%A2%E7%B0%A1%20%E6%BC%A2%E7%B0%A1 HTTP/1.1" 200 30838
66.249.71.59 - - [11/Oct/2015:07:30:14 +0800] "GET /content/repository/resource_content.jsp?oid=4362720&queryString=%E7%AE%97%E5%91%BD%20%E7%B1%A4%E7%AD%92 HTTP/1.1" 200 29582
66.249.71.50 - - [11/Oct/2015:07:30:40 +0800] "GET /content/repository/resource_content.jsp?oid=1901294&queryString=%E5%BC%B5%E6%8C%AF%E7%94%9F%20%E6%9D%8E%E6%BA%90%E6%A3%A7%20%E7%8E%8B%E5%9C%8B%E7%A7%80%20%E7%B8%BD%E8%B3%AA%E8%A9%A2%20%E8%A8%B1%E9%87%91%E5%BE%B7%20%E9%83%AD%E5%9C%8B%E5%9F%BA%20%E9%99%B3%E7%81%AB%E5%9C%9F HTTP/1.1" 200 30901
66.249.71.72 - - [11/Oct/2015:07:30:48 +0800] "GET /content/nav/relationSubject.jsp?relationWords=%E4%B8%AD%E7%AD%89%E5%AD%B8%E6%A0%A1+%E5%B7%A5%E6%A5%AD%E5%AD%B8%E6%A0%A1+%E6%95%99%E8%82%B2%E5%BB%B3+%E6%97%A5%E6%93%9A%E6%99%82%E4%BB%A3+%E6%9E%97%E6%B0%B4+%E7%95%A2%E6%A5%AD%E7%94%9F+%E7%9C%81%E6%94%BF%E5%BA%9C+%E8%87%BA%E5%8D%97%E5%B7%9E+%E8%87%BA%E5%8D%97%E5%B8%82+&oid=1531885 HTTP/1.1" 200 4887
66.249.71.64 - - [11/Oct/2015:07:30:49 +0800] "GET /content/nav/relationSubject.jsp?relationWords=%E4%B8%AD%E7%AD%89%E5%AD%B8%E6%A0%A1%20%E5%B7%A5%E6%A5%AD%E5%AD%B8%E6%A0%A1%20%E6%95%99%E8%82%B2%E5%BB%B3%20%E6%97%A5%E6%93%9A%E6%99%82%E4%BB%A3%20%E6%9E%97%E6%B0%B4%20%E7%95%A2%E6%A5%AD%E7%94%9F%20%E7%9C%81%E6%94%BF%E5%BA%9C%20%E8%87%BA%E5%8D%97%E5%B7%9E%20%E8%87%BA%E5%8D%97%E5%B8%82%20&oid=1531885 HTTP/1.1" 200 4887
66.249.71.41 - - [11/Oct/2015:07:31:05 +0800] "GET /content/repository/resource_content.jsp?oid=4357182&queryString=%E6%B3%B0%E9%9B%85%E6%97%8F%20%E7%8F%A0%E8%A1%A3 HTTP/1.1" 200 27840
66.249.71.23 - - [11/Oct/2015:07:31:19 +0800] "GET /digiarch3/content/nav/relationSubject.jsp?relationWords=%E5%8A%8D%E6%97%97%E9%AD%9A%20%E5%8A%8D%E9%AD%9A%20%E6%97%97%E9%AD%9A%20&oid=16361 HTTP/1.1" 200 3429
66.249.74.15 - - [11/Oct/2015:07:31:25 +0800] "GET /content/nav/relationSubject.jsp?relationWords=%E5%AD%B8%E5%88%B6%20%E5%B8%AB%E7%AF%84%E5%A4%A7%E5%AD%B8%20%E6%95%99%E8%82%B2%E5%BB%B3%20%E9%9F%B3%E6%A8%82%E6%95%99%E8%82%B2%20&oid=1552712 HTTP/1.1" 200 3803
66.249.71.41 - - [11/Oct/2015:07:31:30 +0800] "GET /content/repository/resource_content.jsp?oid=2663485&queryString=%E8%81%96%E7%8E%8B%20%E9%84%AD%E6%88%90%E5%8A%9F%20%E9%96%8B%E5%8F%B0 HTTP/1.1" 200 30883
66.249.71.50 - - [11/Oct/2015:07:31:56 +0800] "GET /content/repository/resource_content.jsp?oid=3812011&queryString=%E6%A1%83%E9%87%91%E5%AD%83%20%E6%A1%83%E9%87%91%E5%AD%83%E7%A7%91%20%E6%A4%8D%E7%89%A9%E7%95%8C HTTP/1.1" 200 31178
66.249.71.50 - - [11/Oct/2015:07:32:21 +0800] "GET /content/repository/resource_content.jsp?oid=1516921&queryType=qs&queryString=%E5%8F%B0%E7%81%A3%E8%BB%8D HTTP/1.1" 200 29565
66.249.71.60 - - [11/Oct/2015:07:32:46 +0800] "GET /digiarch_en/content/repository/resource_content.jsp?oid=2681460&queryString=%E9%83%BD%E5%8F%B8 HTTP/1.1" 200 24406
66.249.71.72 - - [11/Oct/2015:07:33:13 +0800] "GET /content/repository/resource_content.jsp?oid=1099526 HTTP/1.1" 200 30889
66.249.71.64 - - [11/Oct/2015:07:33:39 +0800] "GET /content/repository/resource_content.jsp?oid=1109516&queryString=%E6%A4%8D%E7%89%A9%E7%95%8C%20%E7%B5%B9%E6%AF%9B%E9%B3%B6%E5%B0%BE%20%E8%96%91%E7%A7%91%20%E9%9E%98%E8%96%91%E5%B1%AC HTTP/1.1" 200 30296
66.249.71.64 - - [11/Oct/2015:07:34:02 +0800] "GET /content/repository/resource_content.jsp?oid=4474976&queryString=%E5%AD%90%E5%AE%88%E5%94%84 HTTP/1.1" 200 28360
66.249.77.97 - - [11/Oct/2015:07:34:28 +0800] "GET /content/repository/resource_content.jsp?oid=729410&queryString=%E4%BA%BA%E5%90%8D%E6%AC%8A%E5%A8%81%20%E6%B0%B4%E9%9B%B7%E8%89%87 HTTP/1.1" 200 28597
66.249.71.60 - - [11/Oct/2015:07:34:53 +0800] "GET /content/repository/resource_content.jsp?oid=1599210 HTTP/1.1" 200 28781
66.249.71.64 - - [11/Oct/2015:07:35:20 +0800] "GET /content/repository/resource_content.jsp?oid=1115699 HTTP/1.1" 200 31391
66.249.71.60 - - [11/Oct/2015:07:35:43 +0800] "GET /content/repository/resource_content.jsp?oid=1558253 HTTP/1.1" 200 28481
66.249.71.5 - - [11/Oct/2015:07:36:09 +0800] "GET /content/repository/resource_content.jsp?oid=15458&queryString=%E5%B8%95%E9%A0%AD%20%E5%BD%AD%E7%B4%8D%E7%9F%B3%E9%A6%96%E9%AD%9A%20%E7%99%BD%E5%A7%91%E9%AD%9A%20%E7%9F%B3%E9%A6%96%E9%AD%9A%E7%A7%91%20%E9%8A%80%E5%BD%AD%E7%B4%8D%20%E9%BB%83%E9%A0%86 HTTP/1.1" 200 37218
66.249.71.164 - - [11/Oct/2015:07:36:34 +0800] "GET /content/repository/resource_content.jsp?oid=4362012&queryString=%E6%B3%95%E4%B8%BB%E5%85%AC HTTP/1.1" 200 28117
66.249.71.60 - - [11/Oct/2015:07:36:59 +0800] "GET /content/subject/resource_content.jsp?oid=16777429 HTTP/1.1" 200 31154
66.249.71.60 - - [11/Oct/2015:07:38:15 +0800] "GET /content/repository/resource_content.jsp?oid=1893683 HTTP/1.1" 200 28387
66.249.71.72 - - [11/Oct/2015:07:39:21 +0800] "GET /content/nav/relationSubject.jsp?relationWords=%E9%AA%A8%E9%8C%90+&oid=1845220 HTTP/1.1" 200 2963
66.249.71.60 - - [11/Oct/2015:07:39:22 +0800] "GET /content/nav/relationSubject.jsp?relationWords=%E9%AA%A8%E9%8C%90%20&oid=1845220 HTTP/1.1" 200 2963
66.249.71.64 - - [11/Oct/2015:07:39:36 +0800] "GET /content/pictures/picture_content.jsp?oid=33554814 HTTP/1.1" 200 27631
220.181.108.186 - - [11/Oct/2015:07:40:21 +0800] "GET /content/repository/resource_content.jsp?oid=230826 HTTP/1.1" 200 30222
66.249.74.18 - - [11/Oct/2015:07:40:35 +0800] "GET /content/repository/resource_content.jsp?oid=3819156&queryString=%E5%8E%9A%E8%91%89%E6%9F%83%E6%9C%A8%20%E6%9F%83%E6%9C%A8%E5%B1%AC HTTP/1.1" 200 31011
66.249.71.113 - - [11/Oct/2015:07:40:47 +0800] "GET /content/repository/resource_content.jsp?oid=2646140&queryType=qs&queryString=%E5%86%8A%E5%B9%B6 HTTP/1.1" 200 29961
157.55.39.182 - - [11/Oct/2015:07:41:26 +0800] "GET /digiarch_en/content/subject/resource_content.jsp?oid=16777335&queryType=qc HTTP/1.1" 200 27209
66.249.77.85 - - [11/Oct/2015:07:42:28 +0800] "GET /content/tmp_auth/resource_content.jsp?oid=16777665 HTTP/1.1" 500 15712
66.249.79.24 - - [11/Oct/2015:07:42:55 +0800] "GET /content/repository/resource_content.jsp?oid=1775750&queryString=%E8%A5%BF%E6%8B%89%E9%9B%85%20%E8%A5%BF%E6%8B%89%E9%9B%85%E5%A4%9C%E7%A5%AD HTTP/1.1" 200 42938
66.249.74.15 - - [11/Oct/2015:07:43:20 +0800] "GET /content/subject/resource_content.jsp?oid=16777677&queryString= HTTP/1.1" 200 29004
66.249.71.60 - - [11/Oct/2015:07:43:45 +0800] "GET /content/repository/resource_content.jsp?oid=1775750&queryString=%E8%A5%BF%E6%8B%89%E9%9B%85%20%E8%A5%BF%E6%8B%89%E9%9B%85%E5%A4%9C%E7%A5%AD HTTP/1.1" 200 42927
66.249.71.60 - - [11/Oct/2015:07:44:10 +0800] "GET /content/repository/resource_content.jsp?oid=1775796&queryString=%E5%A4%A7%E5%8D%97%E7%A4%BE HTTP/1.1" 200 27521
68.180.228.24 - - [11/Oct/2015:07:44:26 +0800] "GET /digiarch_en/content/subject/resource_content.jsp?oid=16777476&queryType=qc HTTP/1.1" 200 49856
66.249.74.21 - - [11/Oct/2015:07:44:36 +0800] "GET /content/subject/resource_content.jsp?oid=16777690&queryString= HTTP/1.1" 200 40256
66.249.71.60 - - [11/Oct/2015:07:45:01 +0800] "GET /content/subject/resource_content.jsp?oid=16777818&queryString= HTTP/1.1" 200 38830
66.249.71.14 - - [11/Oct/2015:07:45:25 +0800] "GET /digiarch/content/repository/resource_content.jsp?oid=2519076 HTTP/1.1" 404 14873
180.76.15.145 - - [11/Oct/2015:07:45:50 +0800] "GET /content/repository/resource_content.jsp?oid=1107798&queryString=%E6%A4%8D%E7%89%A9%E7%95%8C%20%E7%88%B5%E5%BA%8A%E7%A7%91%20%E7%8E%84%E5%8F%83%20%E9%87%9D%E5%88%BA%E8%8D%89%20%E9%87%9D%E5%88%BA%E8%8D%89%E5%B1%AC HTTP/1.1" 200 31304
220.181.108.97 - - [11/Oct/2015:07:46:10 +0800] "GET /content/subject/resource_content.jsp?oid=16777662&queryType=qc HTTP/1.1" 200 27053
157.55.39.182 - - [11/Oct/2015:07:46:40 +0800] "GET /digiarch_en/content/subject/resource_content.jsp?oid=16777458&queryType=qc HTTP/1.1" 200 25521
66.249.71.72 - - [11/Oct/2015:07:46:42 +0800] "GET /content/subject/resource_content.jsp?oid=16777514&queryType=qs&queryString=%E8%87%AA%E7%84%B6%E8%88%87%E4%BA%BA%E6%96%87 HTTP/1.1" 200 42866
66.249.71.72 - - [11/Oct/2015:07:47:06 +0800] "GET /content/repository/resource_content.jsp?oid=2145065 HTTP/1.1" 200 30854
66.249.71.14 - - [11/Oct/2015:07:47:07 +0800] "GET /digiarch3/content/pictures/picture_content.jsp?oid=33554824&classify=2761 HTTP/1.1" 200 27492
66.249.74.18 - - [11/Oct/2015:07:47:58 +0800] "GET /content/repository/resource_content.jsp?oid=2149174 HTTP/1.1" 200 31204
66.249.71.64 - - [11/Oct/2015:07:48:23 +0800] "GET /content/repository/resource_content.jsp?oid=1813965 HTTP/1.1" 200 29064
66.249.77.97 - - [11/Oct/2015:07:48:49 +0800] "GET /content/repository/resource_content.jsp?oid=4362937&queryType=qs&queryString=%E5%9C%9F%E5%9C%B0%E5%85%AC HTTP/1.1" 200 30285
123.125.71.73 - - [11/Oct/2015:07:49:10 +0800] "GET /digiarch_en/content/repository/resource_content.jsp?oid=523607&queryType=qc HTTP/1.1" 200 25066
123.125.71.13 - - [11/Oct/2015:07:49:12 +0800] "GET /digiarch_en/content/subject/resource_content.jsp?oid=16777621&queryType=qc HTTP/1.1" 200 32765
123.125.71.25 - - [11/Oct/2015:07:49:13 +0800] "GET /content/repository/resource_content.jsp?oid=1830942 HTTP/1.1" 200 28622
66.249.71.72 - - [11/Oct/2015:07:49:14 +0800] "GET /content/repository/resource_content.jsp?oid=1625943 HTTP/1.1" 200 28713
123.125.71.41 - - [11/Oct/2015:07:49:15 +0800] "GET /content/subject/resource_content.jsp?oid=16777377&queryString= HTTP/1.1" 200 52075
66.249.71.64 - - [11/Oct/2015:07:50:04 +0800] "GET /content/repository/resource_content.jsp?oid=2516431 HTTP/1.1" 200 29329
111.13.102.5 - - [11/Oct/2015:07:50:13 +0800] "GET /content/repository/resource_content.jsp?oid=1577142 HTTP/1.1" 200 30020
123.125.71.111 - - [11/Oct/2015:07:50:14 +0800] "GET /content/subject/resource_content.jsp?oid=16777472&queryType=qc HTTP/1.1" 200 64964
111.13.102.6 - - [11/Oct/2015:07:50:16 +0800] "GET /content/repository/resource_content.jsp?oid=1888978 HTTP/1.1" 200 29016
111.13.102.5 - - [11/Oct/2015:07:50:18 +0800] "GET /content/repository/resource_content.jsp?oid=523339&queryType=qc HTTP/1.1" 200 36998
123.125.71.33 - - [11/Oct/2015:07:50:20 +0800] "GET /content/repository/resource_content.jsp?oid=1559077 HTTP/1.1" 200 28650
66.249.71.72 - - [11/Oct/2015:07:50:23 +0800] "GET /content/repository/resource_content.jsp?oid=14408&queryString=%E4%BD%95%E6%B0%8F%20%E8%80%81%E6%9D%BF%E9%AF%86%20%E9%AD%9F%E9%AD%9A HTTP/1.1" 200 34833
123.125.71.51 - - [11/Oct/2015:07:50:25 +0800] "GET /content/repository/resource_content.jsp?oid=1588186 HTTP/1.1" 200 29188
123.125.71.73 - - [11/Oct/2015:07:50:25 +0800] "GET /content/repository/resource_content.jsp?oid=4361908 HTTP/1.1" 200 28571
111.13.102.135 - - [11/Oct/2015:07:50:28 +0800] "GET /content/repository/resource_content.jsp?oid=604634 HTTP/1.1" 200 28303
111.13.102.135 - - [11/Oct/2015:07:50:29 +0800] "GET /content/subject/resource_content.jsp?oid=16797287&queryType=qc HTTP/1.1" 200 88347
111.13.102.7 - - [11/Oct/2015:07:50:46 +0800] "GET /content/repository/resource_content.jsp?oid=2642619 HTTP/1.1" 200 29933
123.125.71.30 - - [11/Oct/2015:07:50:46 +0800] "GET /content/repository/resource_content.jsp?oid=1840804 HTTP/1.1" 200 28389
111.13.102.139 - - [11/Oct/2015:07:50:49 +0800] "GET /content/repository/resource_content.jsp?oid=2681427 HTTP/1.1" 200 29830
111.13.102.136 - - [11/Oct/2015:07:50:49 +0800] "GET /content/repository/resource_content.jsp?oid=1849283 HTTP/1.1" 200 30120
66.249.77.91 - - [11/Oct/2015:07:50:55 +0800] "GET /content/repository/resource_content.jsp?oid=4362405&queryType=qs&queryString=%E5%A4%A9%E5%AE%98%E8%B3%9C%E7%A6%8F HTTP/1.1" 200 28435
123.125.71.56 - - [11/Oct/2015:07:51:02 +0800] "GET /digiarch_en/content/repository/resource_content.jsp?oid=1123156&queryType=qc HTTP/1.1" 200 25894
123.125.71.45 - - [11/Oct/2015:07:51:06 +0800] "GET /content/subject/resource_content.jsp?oid=16777456&queryType=qc HTTP/1.1" 200 34433
123.125.71.60 - - [11/Oct/2015:07:51:11 +0800] "GET /content/repository/resource_content.jsp?oid=2562391 HTTP/1.1" 200 30251
111.13.102.138 - - [11/Oct/2015:07:51:14 +0800] "GET /content/repository/resource_content.jsp?oid=1604426 HTTP/1.1" 200 30164
123.125.71.54 - - [11/Oct/2015:07:51:15 +0800] "GET /content/repository/resource_content.jsp?oid=3205391 HTTP/1.1" 200 29951
111.13.102.137 - - [11/Oct/2015:07:51:16 +0800] "GET /content/pictures/picture_content.jsp?oid=33554865&queryType=qc HTTP/1.1" 200 27659
66.249.71.23 - - [11/Oct/2015:07:51:20 +0800] "GET /content/repository/resource_content.jsp?oid=1834339&queryType=qs&queryString=%E5%BA%96%E5%BB%9A HTTP/1.1" 200 42719
123.125.71.110 - - [11/Oct/2015:07:51:24 +0800] "GET /content/repository/resource_content.jsp?oid=1895230 HTTP/1.1" 200 29146
66.249.71.72 - - [11/Oct/2015:07:51:46 +0800] "GET /content/repository/resource_content.jsp?oid=759039 HTTP/1.1" 200 28804
123.125.71.13 - - [11/Oct/2015:07:51:54 +0800] "GET /content/repository/resource_content.jsp?oid=1105772 HTTP/1.1" 200 31581
111.13.102.5 - - [11/Oct/2015:07:51:54 +0800] "GET /content/repository/resource_content.jsp?oid=3204976 HTTP/1.1" 200 29472
123.125.71.53 - - [11/Oct/2015:07:52:05 +0800] "GET /content/repository/resource_content.jsp?oid=1597358 HTTP/1.1" 200 29184
111.13.102.135 - - [11/Oct/2015:07:52:07 +0800] "GET /content/repository/resource_content.jsp?oid=1632245 HTTP/1.1" 200 28916
66.249.77.91 - - [11/Oct/2015:07:52:12 +0800] "GET /content/repository/resource_content.jsp?oid=14735&queryType=qs&queryString=%E7%BE%85%E5%BE%B7 HTTP/1.1" 200 34518
111.13.102.5 - - [11/Oct/2015:07:52:12 +0800] "GET /content/repository/resource_content.jsp?oid=1624226 HTTP/1.1" 200 29367
111.13.102.4 - - [11/Oct/2015:07:52:13 +0800] "GET /digiarch3/content/subject/resource_content.jsp?oid=16777550&queryType=qc HTTP/1.1" 200 30210
111.13.102.7 - - [11/Oct/2015:07:52:15 +0800] "GET /digiarch_en/content/subject/resource_content.jsp?oid=16777787&queryType=qc%3E HTTP/1.1" 200 52744
66.249.77.97 - - [11/Oct/2015:07:52:16 +0800] "GET /content/nav/relationSubject.jsp?relationWords=%E5%B9%B3%E5%9F%94%E6%97%8F+%E7%A5%80%E5%A3%BA+%E7%A5%AD%E5%84%80+%E8%A5%BF%E6%8B%89%E9%9B%85+%E8%A5%BF%E6%8B%89%E9%9B%85%E6%97%8F+%E9%98%BF%E7%AB%8B%E7%A5%96+&oid=1775750 HTTP/1.1" 200 5046
123.125.71.111 - - [11/Oct/2015:07:52:17 +0800] "GET /content/repository/resource_content.jsp?oid=2569338 HTTP/1.1" 200 29860
66.249.77.85 - - [11/Oct/2015:07:52:17 +0800] "GET /content/nav/relationSubject.jsp?relationWords=%E5%B9%B3%E5%9F%94%E6%97%8F%20%E7%A5%80%E5%A3%BA%20%E7%A5%AD%E5%84%80%20%E8%A5%BF%E6%8B%89%E9%9B%85%20%E8%A5%BF%E6%8B%89%E9%9B%85%E6%97%8F%20%E9%98%BF%E7%AB%8B%E7%A5%96%20&oid=1775750 HTTP/1.1" 200 5046
123.125.71.108 - - [11/Oct/2015:07:52:20 +0800] "GET /content/repository/resource_content.jsp?oid=4370893 HTTP/1.1" 200 29977
111.13.102.6 - - [11/Oct/2015:07:52:27 +0800] "GET /digiarch_en/content/repository/resource_content.jsp?oid=523747&queryType=qc HTTP/1.1" 200 27659
123.125.71.19 - - [11/Oct/2015:07:52:27 +0800] "GET /content/repository/resource_content.jsp?oid=1838419 HTTP/1.1" 200 29469
123.125.71.76 - - [11/Oct/2015:07:52:31 +0800] "GET /content/repository/resource_content.jsp?oid=185696 HTTP/1.1" 200 30190
123.125.71.38 - - [11/Oct/2015:07:52:33 +0800] "GET /content/repository/resource_content.jsp?oid=4362737 HTTP/1.1" 200 30180
123.125.71.87 - - [11/Oct/2015:07:52:37 +0800] "GET /content/subject/resource_content.jsp?oid=16777334&queryType=qc HTTP/1.1" 200 27790
66.249.71.72 - - [11/Oct/2015:07:52:37 +0800] "GET /content/repository/resource_content.jsp?oid=1621821 HTTP/1.1" 200 28738
68.180.228.24 - - [11/Oct/2015:07:52:39 +0800] "GET /content/subject/resource_content.jsp?oid=16777835&queryType=qc> HTTP/1.1" 200 50984
111.13.102.134 - - [11/Oct/2015:07:52:57 +0800] "GET /content/repository/resource_content.jsp?oid=2637607 HTTP/1.1" 200 29802
123.125.71.25 - - [11/Oct/2015:07:52:58 +0800] "GET /content/subject/resource_content.jsp?oid=16777653&queryType=qc HTTP/1.1" 200 57828
111.13.102.133 - - [11/Oct/2015:07:53:01 +0800] "GET /content/repository/resource_content.jsp?oid=1589233 HTTP/1.1" 200 28662
123.125.71.56 - - [11/Oct/2015:07:53:01 +0800] "GET /content/repository/resource_content.jsp?oid=1593917 HTTP/1.1" 200 28496
123.125.71.88 - - [11/Oct/2015:07:53:05 +0800] "GET /content/repository/resource_content.jsp?oid=175531 HTTP/1.1" 200 30104
123.125.71.81 - - [11/Oct/2015:07:53:33 +0800] "GET /content/subject/resource_content.jsp?oid=16777275&queryType=qc HTTP/1.1" 200 34222
123.125.71.90 - - [11/Oct/2015:07:53:33 +0800] "GET /content/repository/resource_content.jsp?oid=1780253 HTTP/1.1" 200 28210
111.13.102.6 - - [11/Oct/2015:07:53:36 +0800] "GET /content/repository/resource_content.jsp?oid=1860240 HTTP/1.1" 200 29407
123.125.71.83 - - [11/Oct/2015:07:53:36 +0800] "GET /content/repository/resource_content.jsp?oid=2517303 HTTP/1.1" 200 29824
66.249.71.60 - - [11/Oct/2015:07:53:36 +0800] "GET /content/repository/resource_content.jsp?oid=1892960 HTTP/1.1" 200 28268
111.13.102.139 - - [11/Oct/2015:07:53:40 +0800] "GET /content/repository/resource_content.jsp?oid=1826025 HTTP/1.1" 200 28634
123.125.71.73 - - [11/Oct/2015:07:53:54 +0800] "GET /content/repository/resource_content.jsp?oid=2672297 HTTP/1.1" 200 30037
123.125.71.111 - - [11/Oct/2015:07:53:56 +0800] "GET /content/subject/resource_content.jsp?oid=16777361 HTTP/1.1" 200 31893
123.125.71.70 - - [11/Oct/2015:07:53:56 +0800] "GET /content/repository/resource_content.jsp?oid=1617485 HTTP/1.1" 200 28834
66.249.71.72 - - [11/Oct/2015:07:54:21 +0800] "GET /content/nav/relationSubject.jsp?relationWords=%E6%A4%8D%E7%89%A9%E7%95%8C+%E7%B4%AB%E8%8F%80%E5%B1%AC+%E7%B5%A8%E5%B1%B1%E7%99%BD%E8%98%AD+%E8%8F%8A%E7%A7%91+%E9%9B%99%E5%AD%90%E8%91%89%E6%A4%8D%E7%89%A9+&oid=1101091 HTTP/1.1" 200 3328
66.249.71.72 - - [11/Oct/2015:07:54:23 +0800] "GET /content/nav/relationSubject.jsp?relationWords=%E6%A4%8D%E7%89%A9%E7%95%8C%20%E7%B4%AB%E8%8F%80%E5%B1%AC%20%E7%B5%A8%E5%B1%B1%E7%99%BD%E8%98%AD%20%E8%8F%8A%E7%A7%91%20%E9%9B%99%E5%AD%90%E8%91%89%E6%A4%8D%E7%89%A9%20&oid=1101091 HTTP/1.1" 200 3328
207.46.13.25 - - [11/Oct/2015:07:54:36 +0800] "GET /content/repository/resource_content.jsp?oid=1565432 HTTP/1.1" 200 31122
123.125.71.55 - - [11/Oct/2015:07:54:40 +0800] "GET /content/repository/resource_content.jsp?oid=517961&queryType=qs&queryString=%E6%9D%B1%E6%B2%99%E7%BE%A4%E5%B3%B6 HTTP/1.1" 200 33332
66.249.79.30 - - [11/Oct/2015:07:56:12 +0800] "GET /content/subject/resource_content.jsp?oid=16797281&queryType=qc HTTP/1.1" 200 52953
68.180.228.24 - - [11/Oct/2015:07:56:28 +0800] "GET /content/subject/resource_content.jsp?oid=16777284&queryType=qc HTTP/1.1" 200 36937
66.249.77.85 - - [11/Oct/2015:07:58:07 +0800] "GET /content/subject/resource_content.jsp?oid=16777677&queryType=qs&queryString=%E7%BE%8E%E8%A1%93%E9%A4%A8 HTTP/1.1" 200 28967
66.249.71.64 - - [11/Oct/2015:07:59:48 +0800] "GET /content/repository/resource_content.jsp?oid=2615021 HTTP/1.1" 200 29321
66.249.71.60 - - [11/Oct/2015:08:01:03 +0800] "GET /content/repository/resource_content.jsp?oid=2616577 HTTP/1.1" 200 29267
66.249.74.18 - - [11/Oct/2015:08:01:29 +0800] "GET /content/repository/resource_content.jsp?oid=2590514 HTTP/1.1" 200 29328
66.249.71.72 - - [11/Oct/2015:08:02:19 +0800] "GET /content/repository/resource_content.jsp?oid=1460041 HTTP/1.1" 200 30807
66.249.71.60 - - [11/Oct/2015:08:02:44 +0800] "GET /content/repository/resource_content.jsp?oid=1845071 HTTP/1.1" 200 29684
66.249.71.60 - - [11/Oct/2015:08:03:09 +0800] "GET /content/repository/resource_content.jsp?oid=2578838 HTTP/1.1" 200 29296
66.249.71.5 - - [11/Oct/2015:08:03:22 +0800] "GET /digiarch3/content/nav/relationSubject.jsp?relationWords=%E9%87%91%E7%B2%9F%E8%98%AD%E5%B1%AC+&oid=2145071 HTTP/1.1" 200 2437
66.249.71.72 - - [11/Oct/2015:08:03:25 +0800] "GET /content/repository/resource_content.jsp?oid=1596555 HTTP/1.1" 200 30732
66.249.71.5 - - [11/Oct/2015:08:03:26 +0800] "GET /digiarch3/content/nav/relationSubject.jsp?relationWords=%E9%87%91%E7%B2%9F%E8%98%AD%E5%B1%AC%20&oid=2145071 HTTP/1.1" 200 2437
66.249.74.18 - - [11/Oct/2015:08:03:35 +0800] "GET /content/repository/resource_content.jsp?oid=3813531&queryString=%E5%8B%95%E5%AD%B8%20%E6%8B%BC%E6%9D%BF%E8%88%9F%20%E8%98%AD%E6%81%A9%20%E9%81%94%E6%82%9F HTTP/1.1" 200 31064
66.249.71.50 - - [11/Oct/2015:08:04:00 +0800] "GET /content/repository/resource_content.jsp?oid=1530058&queryString=%E5%A4%96%E5%8C%AF%20%E7%95%99%E5%AD%B8%E7%94%9F%20%E7%9C%81%E6%94%BF%E5%BA%9C%20%E8%87%A8%E6%99%82%E7%9C%81%E8%AD%B0%E6%9C%83%20%E8%87%BA%E7%81%A3%E7%9C%81%20%E8%A8%B1%E4%B8%96%E8%B3%A2 HTTP/1.1" 200 31740
66.249.71.72 - - [11/Oct/2015:08:04:19 +0800] "GET /content/nav/relationSubject.jsp?relationWords=%E6%95%99%E8%81%B7%E5%93%A1+%E8%B3%AA%E8%A9%A2+%E9%81%B8%E5%A7%94%E6%9C%83+&oid=1611336 HTTP/1.1" 200 3666
66.249.71.72 - - [11/Oct/2015:08:04:20 +0800] "GET /content/nav/relationSubject.jsp?relationWords=%E6%95%99%E8%81%B7%E5%93%A1%20%E8%B3%AA%E8%A9%A2%20%E9%81%B8%E5%A7%94%E6%9C%83%20&oid=1611336 HTTP/1.1" 200 3666
66.249.71.41 - - [11/Oct/2015:08:04:25 +0800] "GET /content/repository/resource_content.jsp?oid=2152967&queryString=%E6%A4%8D%E7%89%A9%E7%95%8C%20%E6%A5%93%E9%A6%99%20%E6%A5%93%E9%A6%99%E5%B1%AC%20%E9%87%91%E7%B8%B7%E6%A2%85%20%E9%87%91%E7%B8%B7%E6%A2%85%E7%A7%91 HTTP/1.1" 200 31227
66.249.71.41 - - [11/Oct/2015:08:04:51 +0800] "GET /content/repository/resource_content.jsp?oid=1900545&queryString=%E5%81%BD%E8%97%A5%20%E5%9C%B0%E6%96%B9%E8%87%AA%E6%B2%BB%20%E6%86%B2%E6%B3%95%20%E6%9F%93%E6%96%99%20%E7%B4%85%E5%8C%85%20%E8%87%AA%E6%B2%BB%E9%80%9A%E5%89%87%20%E8%A1%9B%E7%94%9F%E6%89%80%20%E9%86%AB%E7%99%82%E7%B3%BE%E7%B4%9B HTTP/1.1" 200 30385
66.249.71.59 - - [11/Oct/2015:08:05:19 +0800] "GET /content/repository/resource_content.jsp?oid=2514352&queryType=qs&queryString=%E9%9B%9C%E8%B2%A8%E5%BA%97 HTTP/1.1" 200 30048
66.249.71.59 - - [11/Oct/2015:08:05:43 +0800] "GET /content/repository/resource_content.jsp?oid=1897846&queryString=%E5%90%8C%E6%A5%AD%E5%85%AC%E6%9C%83%20%E5%90%B3%E6%9C%89%E5%B1%B1%20%E7%9C%81%E6%94%BF%E5%BA%9C%20%E8%87%BA%E4%B8%AD%E7%B8%A3%20%E8%87%BA%E5%8C%97%E5%B8%82%20%E8%8C%B6%E5%AE%A4%20%E8%AA%BF%E6%9F%A5%E7%A0%94%E7%A9%B6 HTTP/1.1" 200 30488
66.249.71.41 - - [11/Oct/2015:08:06:07 +0800] "GET /content/repository/resource_content.jsp?oid=4467823&queryString=%E8%87%AA%E7%84%B6%E7%A7%91%E5%AD%B8 HTTP/1.1" 200 29792
220.181.108.105 - - [11/Oct/2015:08:06:18 +0800] "GET /content/pictures/picture_content.jsp?oid=33554818&queryType=qc HTTP/1.1" 200 27801
157.55.39.182 - - [11/Oct/2015:08:06:21 +0800] "GET /content/subject/resource_content.jsp?oid=16777272&queryString= HTTP/1.1" 200 45197
66.249.71.64 - - [11/Oct/2015:08:06:34 +0800] "GET /content/repository/resource_content.jsp?oid=4353883&queryString=%E7%BA%96%E9%89%86%E5%85%89%E9%AD%9A%20%E9%91%BD%E5%85%89%E9%AD%9A HTTP/1.1" 200 30947
66.249.71.64 - - [11/Oct/2015:08:06:43 +0800] "GET /content/repository/resource_content.jsp?oid=2641773 HTTP/1.1" 200 30161
66.249.77.97 - - [11/Oct/2015:08:06:54 +0800] "GET /content/nav/relationSubject.jsp?relationWords=%E5%A4%A7%E8%82%9A%E9%AD%9A+%E9%A3%9F%E8%9A%8A%E9%AD%9A+&oid=4352025 HTTP/1.1" 200 3096
66.249.77.91 - - [11/Oct/2015:08:06:56 +0800] "GET /content/nav/relationSubject.jsp?relationWords=%E5%A4%A7%E8%82%9A%E9%AD%9A%20%E9%A3%9F%E8%9A%8A%E9%AD%9A%20&oid=4352025 HTTP/1.1" 200 3096
66.249.71.72 - - [11/Oct/2015:08:06:59 +0800] "GET /content/repository/resource_content.jsp?oid=1781880&queryString=%E7%94%B7%E8%A3%99 HTTP/1.1" 200 28730
66.249.71.72 - - [11/Oct/2015:08:07:23 +0800] "GET /content/repository/resource_content.jsp?oid=1780329&queryString=%E6%96%B9%E8%B2%9D%E5%A1%8A%E9%A0%85%E9%A3%BE HTTP/1.1" 200 29050
66.249.71.113 - - [11/Oct/2015:08:08:13 +0800] "GET /content/repository/resource_content.jsp?oid=4363114&queryType=qs&queryString=%E6%8C%87%E5%8D%97%E5%AE%AE HTTP/1.1" 200 28108
123.125.71.81 - - [11/Oct/2015:08:09:26 +0800] "GET /content/repository/resource_content.jsp?oid=16402 HTTP/1.1" 200 34016
66.249.77.85 - - [11/Oct/2015:08:09:29 +0800] "GET /content/repository/resource_content.jsp?oid=2150848&queryString=%E6%A0%B2%E5%B1%AC%20%E6%A4%8D%E7%89%A9%E7%95%8C%20%E6%AE%BC%E6%96%97%E7%A7%91%20%E7%99%BD%E6%A0%A1%E6%AC%91%20%E9%8B%B8%E8%91%89%E9%95%B7%E5%B0%BE%E6%A0%B2 HTTP/1.1" 200 31599
49.214.17.218 - - [11/Oct/2015:08:10:36 +0800] "GET /digiarch2/content/repository/resource_content.jsp?queryString=%E5%99%A8%E7%89%A9&oid=4362006&queryType=qc HTTP/1.1" 200 10875
157.55.39.163 - - [11/Oct/2015:08:11:44 +0800] "GET /content/subject/resource_content.jsp?oid=16777468 HTTP/1.1" 200 33244
66.249.71.60 - - [11/Oct/2015:08:11:55 +0800] "GET /content/repository/resource_content.jsp?oid=1822774 HTTP/1.1" 200 28511
66.249.71.72 - - [11/Oct/2015:08:12:24 +0800] "GET /content/nav/relationSubject.jsp?relationWords=%E4%BA%8C%E4%BA%8C%E5%BA%9C+%E5%8C%97%E8%88%88+%E5%98%89%E7%BE%A9%E5%B8%82+%E5%B9%B3%E4%BA%A4%E9%81%93+%E9%90%B5%E8%B7%AF%E5%B1%80+&oid=1573610 HTTP/1.1" 200 6584
66.249.71.23 - - [11/Oct/2015:08:13:10 +0800] "GET /digiarch3/content/pictures/picture_content.jsp?oid=33554828&classify=2761 HTTP/1.1" 200 28025
66.249.74.15 - - [11/Oct/2015:08:13:42 +0800] "GET /content/nav/relationSubject.jsp?relationWords=%E7%88%B6%E4%B9%99+&oid=1820623 HTTP/1.1" 200 3216
66.249.77.91 - - [11/Oct/2015:08:13:55 +0800] "GET /content/subject/resource_content.jsp?oid=16777519&queryType=qs&queryString=%E7%BE%BD%E7%8B%80%E8%A4%87%E8%91%89 HTTP/1.1" 200 36010
66.249.71.64 - - [11/Oct/2015:08:14:06 +0800] "GET /content/nav/relationSubject.jsp?relationWords=%E7%88%B6%E4%B9%99%20&oid=1820623 HTTP/1.1" 200 3216
66.249.74.21 - - [11/Oct/2015:08:14:32 +0800] "GET /digiarch_en/content/repository/resource_content.jsp?oid=1843455&queryString=%E9%9D%92%E9%8A%85%E5%88%80%E6%9F%84 HTTP/1.1" 200 24530
66.249.71.72 - - [11/Oct/2015:08:14:38 +0800] "GET /content/repository/resource_content.jsp?oid=1611100 HTTP/1.1" 200 28701
66.249.71.23 - - [11/Oct/2015:08:15:04 +0800] "GET /digiarch3/content/pictures/picture_content.jsp?oid=33554728&classify=2259 HTTP/1.1" 200 27801
66.249.71.64 - - [11/Oct/2015:08:15:06 +0800] "GET /content/nav/relationSubject.jsp?relationWords=%E6%9D%8E%E9%9B%85%E6%99%AF%20%E7%9B%A7%E9%80%B8%E5%B3%B0%20&oid=1892960 HTTP/1.1" 200 3181
157.55.39.45 - - [11/Oct/2015:08:15:22 +0800] "GET /digiarch_en/content/subject/resource_content.jsp?oid=16777669&queryType=qc HTTP/1.1" 200 30916
66.249.71.72 - - [11/Oct/2015:08:16:31 +0800] "GET /content/repository/resource_content.jsp?oid=1174052 HTTP/1.1" 200 29138
66.249.71.173 - - [11/Oct/2015:08:16:40 +0800] "GET /content/repository/resource_content.jsp?oid=1516728&queryType=qs&queryString=%E8%97%A5%E7%A8%AE%E5%95%86 HTTP/1.1" 200 28981
68.180.228.24 - - [11/Oct/2015:08:16:57 +0800] "GET /content/subject/resource_content.jsp?oid=16777745&queryType=qc HTTP/1.1" 200 35935
66.249.71.60 - - [11/Oct/2015:08:17:05 +0800] "GET /content/repository/resource_content.jsp?oid=2673281 HTTP/1.1" 200 29877
66.249.71.72 - - [11/Oct/2015:08:17:31 +0800] "GET /content/repository/resource_content.jsp?oid=1099418&queryString=%E6%A4%8D%E7%89%A9%E7%95%8C%20%E8%89%BE%E7%B4%8D%E9%A6%99%E5%B1%AC%20%E8%8F%8A%E7%A7%91%20%E8%B5%B0%E9%A6%AC%E8%83%8E%20%E9%9B%99%E5%AD%90%E8%91%89%E6%A4%8D%E7%89%A9 HTTP/1.1" 200 31343
66.249.74.15 - - [11/Oct/2015:08:17:32 +0800] "GET /content/nav/relationSubject.jsp?relationWords=%E6%BB%AC%E6%BC%A2+%E8%8B%B1%E4%BD%BF+&oid=755262 HTTP/1.1" 200 3202
66.249.71.64 - - [11/Oct/2015:08:17:33 +0800] "GET /content/nav/relationSubject.jsp?relationWords=%E6%BB%AC%E6%BC%A2%20%E8%8B%B1%E4%BD%BF%20&oid=755262 HTTP/1.1" 200 3202
66.249.71.60 - - [11/Oct/2015:08:17:38 +0800] "GET /content/nav/relationSubject.jsp?relationWords=%E8%A6%86%E7%BE%8E+&oid=764875 HTTP/1.1" 200 3043
66.249.71.60 - - [11/Oct/2015:08:17:40 +0800] "GET /content/nav/relationSubject.jsp?relationWords=%E8%A6%86%E7%BE%8E%20&oid=764875 HTTP/1.1" 200 3043
66.249.71.60 - - [11/Oct/2015:08:18:21 +0800] "GET /content/repository/resource_content.jsp?oid=1571411 HTTP/1.1" 200 28849
66.249.71.60 - - [11/Oct/2015:08:18:46 +0800] "GET /content/repository/resource_content.jsp?oid=2600497 HTTP/1.1" 200 29415
66.249.71.60 - - [11/Oct/2015:08:19:12 +0800] "GET /content/repository/resource_content.jsp?oid=1112019 HTTP/1.1" 200 31001
66.249.71.72 - - [11/Oct/2015:08:19:37 +0800] "GET /content/repository/resource_content.jsp?oid=1099461 HTTP/1.1" 200 31449
66.249.71.60 - - [11/Oct/2015:08:19:40 +0800] "GET /content/nav/relationSubject.jsp?relationWords=%E5%A7%94%E7%BD%B2%20&oid=2641773 HTTP/1.1" 200 3951
66.249.71.60 - - [11/Oct/2015:08:20:02 +0800] "GET /content/repository/resource_content.jsp?oid=1537009 HTTP/1.1" 200 28460
66.249.71.64 - - [11/Oct/2015:08:20:28 +0800] "GET /content/repository/resource_content.jsp?oid=1536639 HTTP/1.1" 200 28450
66.249.71.60 - - [11/Oct/2015:08:20:35 +0800] "GET /content/nav/relationSubject.jsp?relationWords=&oid=2609461 HTTP/1.1" 200 1405
66.249.71.5 - - [11/Oct/2015:08:20:53 +0800] "GET /digiarch3/content/repository/resource_content.jsp?oid=15342&queryType=qs&queryString=%E7%80%89%E6%B9%96 HTTP/1.1" 200 34418
203.190.121.48 - - [11/Oct/2015:08:21:17 +0800] "GET /content/nav/relationSubject.jsp?relationWords=%E8%8C%84%E8%8B%B3+&oid=16777306 HTTP/1.1" 200 4432
66.249.71.5 - - [11/Oct/2015:08:21:18 +0800] "GET /digiarch3/content/repository/resource_content.jsp?oid=1585589&queryType=qs&queryString=%E5%BE%8C%E5%A3%81%E6%B9%96 HTTP/1.1" 200 28730
157.55.39.55 - - [11/Oct/2015:08:21:30 +0800] "GET /content/subject/resource_content.jsp?oid=16777254 HTTP/1.1" 200 34616
66.249.71.72 - - [11/Oct/2015:08:21:44 +0800] "GET /content/repository/resource_content.jsp?oid=1576390 HTTP/1.1" 200 28670
66.249.71.5 - - [11/Oct/2015:08:22:09 +0800] "GET /digiarch3/content/repository/resource_content.jsp?oid=3813793&queryType=qs&queryString=%E7%B4%B0%E8%91%89%E6%9D%9C%E9%B5%91 HTTP/1.1" 200 31506
42.78.68.130 - - [11/Oct/2015:08:22:11 +0800] "GET /content/nav/relationSubject.jsp?relationWords=&oid=16777459 HTTP/1.1" 200 1405
66.249.71.60 - - [11/Oct/2015:08:22:16 +0800] "GET /content/nav/relationSubject.jsp?relationWords=&oid=17006 HTTP/1.1" 200 1405
66.249.71.50 - - [11/Oct/2015:08:22:34 +0800] "GET /content/repository/resource_content.jsp?oid=3818971&queryString=%E6%A4%8D%E7%89%A9%E7%95%8C%20%E6%A6%95%E5%B1%AC%20%E8%96%9C%E8%8D%94 HTTP/1.1" 200 30804
66.249.71.41 - - [11/Oct/2015:08:23:00 +0800] "GET /content/repository/resource_content.jsp?oid=1571279&queryString=%E5%8D%91%E5%8D%97%E6%97%8F%20%E5%B1%B1%E8%83%9E HTTP/1.1" 200 29957
66.249.71.60 - - [11/Oct/2015:08:23:22 +0800] "GET /content/subject/resource_content.jsp?oid=16777746&queryType=qc HTTP/1.1" 200 39168
66.249.71.59 - - [11/Oct/2015:08:23:25 +0800] "GET /content/repository/resource_content.jsp?oid=1533154&queryString=%E7%B6%93%E6%BF%9F%E9%83%A8%20%E8%87%BA%E7%B3%96%20%E9%8D%8B%E7%88%90 HTTP/1.1" 200 29493
66.249.74.64 - - [11/Oct/2015:08:23:51 +0800] "GET /content/repository/resource_content.jsp?oid=2684996&queryString=%E5%9B%9B%E5%BA%9C%20%E8%99%A7%E7%BC%BA%20%E9%8A%80%E5%85%A9 HTTP/1.1" 200 30316
66.249.74.62 - - [11/Oct/2015:08:24:16 +0800] "GET /content/repository/resource_content.jsp?oid=3812725&queryString=%E5%8F%B0%E7%81%A3%E6%B0%B4%E9%BE%8D%E9%AA%A8%20%E6%A4%8D%E7%89%A9%E7%95%8C%20%E6%B0%B4%E9%BE%8D%E9%AA%A8%20%E6%B0%B4%E9%BE%8D%E9%AA%A8%E5%B1%AC%20%E6%B0%B4%E9%BE%8D%E9%AA%A8%E7%A7%91%20%E8%95%A8%E9%A1%9E%E6%A4%8D%E7%89%A9 HTTP/1.1" 200 31383
66.249.71.41 - - [11/Oct/2015:08:24:41 +0800] "GET /content/repository/resource_content.jsp?oid=2152495&queryString=%E6%A5%93%E9%A6%99 HTTP/1.1" 200 31065
61.135.189.170 - - [11/Oct/2015:08:24:53 +0800] "GET /digiarch/content/repository/resource_content.jsp?oid=2679603 HTTP/1.1" 404 14873
66.249.71.41 - - [11/Oct/2015:08:25:08 +0800] "GET /content/repository/resource_content.jsp?oid=1626779&queryString=%E5%85%AB%E5%BA%9C%E6%95%99%20%E7%A4%BE%E6%95%99%E6%A9%9F%E6%A7%8B HTTP/1.1" 200 29215
66.249.71.50 - - [11/Oct/2015:08:25:32 +0800] "GET /content/repository/resource_content.jsp?oid=1107694&queryString=%E5%8F%B0%E7%81%A3%E7%A7%8B%E6%B5%B7%E6%A3%A0%20%E6%A4%8D%E7%89%A9%E7%95%8C%20%E7%A7%8B%E6%B5%B7%E6%A3%A0%E5%B1%AC%20%E7%A7%8B%E6%B5%B7%E6%A3%A0%E7%A7%91%20%E8%8F%AB%E8%8F%9C HTTP/1.1" 200 31838
61.135.189.170 - - [11/Oct/2015:08:25:34 +0800] "GET /digiarch/content/repository/resource_content.jsp?oid=2681717 HTTP/1.1" 404 14873
61.135.189.170 - - [11/Oct/2015:08:25:53 +0800] "GET /digiarch/content/repository/resource_content.jsp?oid=2678846 HTTP/1.1" 404 14873
66.249.71.59 - - [11/Oct/2015:08:25:57 +0800] "GET /content/repository/resource_content.jsp?oid=2532829&queryString=%E6%97%8F%E8%AD%9C HTTP/1.1" 200 29616
27.246.225.155 - - [11/Oct/2015:08:26:06 +0800] "GET /content/subject/resource_content.jsp?oid=16797240&queryType=qc HTTP/1.1" 200 42460
27.246.225.155 - - [11/Oct/2015:08:26:08 +0800] "GET /content/nav/relationSubject.jsp?relationWords=&oid=16797240 HTTP/1.1" 200 1405
