66.249.71.207 - - [01/Sep/2015:01:52:48 +0800] "GET /digiarch3/content/repository/resource_content.jsp?oid=1081599&queryString=%E5%A8%98%E4%BB%94%E9%AD%9A%20%E5%B8%B6%E5%B0%BE%E6%96%B0%E9%9A%86%E9%AD%9A%20%E6%96%B0%E9%9A%86%20%E8%8A%B1%E5%B0%BE%20%E8%A7%92%E9%BE%8D%20%E9%9A%86%E9%A0%AD%E9%AD%9A%20%E9%9A%86%E9%A0%AD%E9%AD%9A%E7%A7%91%20%E9%B0%AD%E9%AD%9A%20%E9%B8%9A%E9%AF%9B HTTP/1.1" 200 35073
66.249.71.121 - - [01/Sep/2015:01:53:05 +0800] "GET /content/repository/resource_content.jsp?oid=4353073&queryType=qs&queryString=%E6%B5%B7%E8%B1%9A HTTP/1.1" 200 35699
66.249.71.249 - - [01/Sep/2015:01:54:16 +0800] "GET /content/nav/relationSubject.jsp?relationWords=%E5%9C%8B%E9%98%B2%E9%83%A8+%E5%B7%A5%E5%85%B5+%E5%BE%81%E6%A1%88+%E6%B2%88%E4%B8%81%E6%97%BA+%E7%83%8F%E6%97%A5%E9%84%89+%E7%A7%81%E6%9C%89%E5%9C%9F%E5%9C%B0+%E8%81%AF%E5%8B%A4+%E8%87%BA%E4%B8%AD%E7%B8%A3+&oid=1522286 HTTP/1.1" 200 4852
66.249.71.239 - - [01/Sep/2015:01:54:20 +0800] "GET /content/nav/relationSubject.jsp?relationWords=%E5%9C%8B%E9%98%B2%E9%83%A8%20%E5%B7%A5%E5%85%B5%20%E5%BE%81%E6%A1%88%20%E6%B2%88%E4%B8%81%E6%97%BA%20%E7%83%8F%E6%97%A5%E9%84%89%20%E7%A7%81%E6%9C%89%E5%9C%9F%E5%9C%B0%20%E8%81%AF%E5%8B%A4%20%E8%87%BA%E4%B8%AD%E7%B8%A3%20&oid=1522286 HTTP/1.1" 200 4852
66.249.71.239 - - [01/Sep/2015:01:54:42 +0800] "GET /content/subject/resource_content.jsp?oid=16777345&queryString=%E5%8D%97%E6%B9%96%E5%A4%A7%E5%B1%B1%20%E6%9D%9C%E9%B5%91%20%E7%8E%89%E5%B1%B1%E6%9D%9C%E9%B5%91%20%E7%B4%B0%E8%91%89%E6%9D%9C%E9%B5%91%20%E8%A5%BF%E6%96%BD%E8%8A%B1 HTTP/1.1" 200 35119
66.249.71.249 - - [01/Sep/2015:01:54:43 +0800] "GET /content/repository/resource_content.jsp?oid=1898220 HTTP/1.1" 200 28911
66.249.71.249 - - [01/Sep/2015:01:54:59 +0800] "GET /content/repository/resource_content.jsp?oid=1870057 HTTP/1.1" 200 29546
66.249.71.45 - - [01/Sep/2015:01:55:17 +0800] "GET /content/repository/resource_content.jsp?oid=2670278&queryType=qs&queryString=%E9%89%85%E9%87%8E HTTP/1.1" 200 29947
66.249.71.216 - - [01/Sep/2015:01:55:35 +0800] "GET /content/repository/resource_content.jsp?oid=1779154&queryType=qs&queryString=%E5%8F%A4%E8%8F%AF%E6%9D%91 HTTP/1.1" 200 47670
66.249.71.229 - - [01/Sep/2015:01:56:37 +0800] "GET /content/nav/relationSubject.jsp?relationWords=%E5%88%BA%E5%B0%BE%E9%AF%9B+%E7%99%BD%E9%9D%A2+&oid=33554805 HTTP/1.1" 200 3389
68.180.228.24 - - [01/Sep/2015:01:56:39 +0800] "GET /content/subject/resource_content.jsp?oid=16777753 HTTP/1.1" 200 36817
66.249.71.249 - - [01/Sep/2015:01:56:57 +0800] "GET /content/nav/relationSubject.jsp?relationWords=%E6%97%8B%E8%8A%B1%E7%A7%91+%E6%A4%8D%E7%89%A9%E7%95%8C+%E7%89%BD%E7%89%9B%E5%B1%AC+&oid=1096015 HTTP/1.1" 200 3054
66.249.71.249 - - [01/Sep/2015:01:56:59 +0800] "GET /content/nav/relationSubject.jsp?relationWords=%E6%97%8B%E8%8A%B1%E7%A7%91%20%E6%A4%8D%E7%89%A9%E7%95%8C%20%E7%89%BD%E7%89%9B%E5%B1%AC%20&oid=1096015 HTTP/1.1" 200 3054
66.249.71.229 - - [01/Sep/2015:01:57:43 +0800] "GET /content/repository/resource_content.jsp?oid=1535671 HTTP/1.1" 200 28484
66.249.79.181 - - [01/Sep/2015:01:57:44 +0800] "GET /content/repository/resource_content.jsp?oid=1554299&queryString=%E7%94%9F%E7%94%A2%E4%BA%8B%E6%A5%AD%20%E8%94%A1%E4%B8%AD%E6%98%86%20%E9%B9%BD%E5%B7%A5 HTTP/1.1" 200 32628
66.249.71.196 - - [01/Sep/2015:01:58:10 +0800] "GET /content/nav/relationSubject.jsp?relationWords=%E5%A4%AB%E9%A6%AC+%E9%8A%80%E4%BA%8B+&oid=2679368 HTTP/1.1" 200 4414
66.249.71.207 - - [01/Sep/2015:01:58:16 +0800] "GET /content/nav/relationSubject.jsp?relationWords=%E5%A4%AB%E9%A6%AC%20%E9%8A%80%E4%BA%8B%20&oid=2679368 HTTP/1.1" 200 4414
66.249.71.229 - - [01/Sep/2015:01:58:27 +0800] "GET /content/repository/resource_content.jsp?oid=1456561 HTTP/1.1" 200 30796
61.228.176.209 - - [01/Sep/2015:01:58:38 +0800] "GET /content/repository/resource_content.jsp?oid=3811446&queryString=%E5%8F%B0%E7%81%A3%E8%97%9C%E8%98%86%20%E8%97%9C%E8%98%86%E5%B1%AC HTTP/1.1" 200 30955
61.228.176.209 - - [01/Sep/2015:01:58:40 +0800] "GET /content/nav/relationSubject.jsp?relationWords=%E5%8F%B0%E7%81%A3%E8%97%9C%E8%98%86+%E6%A4%8D%E7%89%A9%E7%95%8C+%E7%99%BE%E5%90%88%E7%A7%91+%E8%97%9C%E8%98%86%E5%B1%AC+&oid=3811446 HTTP/1.1" 200 3241
66.249.71.239 - - [01/Sep/2015:01:59:12 +0800] "GET /content/tmp_exh/resource_content.jsp?oid=16777829&queryString= HTTP/1.1" 200 36223
66.249.71.121 - - [01/Sep/2015:01:59:46 +0800] "GET /content/nav/relationSubject.jsp?relationWords=%E5%8D%B7%E9%A6%96+&oid=4465760 HTTP/1.1" 200 2927
66.249.79.207 - - [01/Sep/2015:01:59:47 +0800] "GET /content/nav/relationSubject.jsp?relationWords=%E6%A2%A8%E5%B1%AC+%E6%A4%8D%E7%89%A9%E7%95%8C+%E8%96%94%E8%96%87%E7%9B%AE+%E8%96%94%E8%96%87%E7%A7%91+&oid=1456561 HTTP/1.1" 200 2228
123.125.71.27 - - [01/Sep/2015:01:59:47 +0800] "GET /content/subject/resource_content.jsp?oid=16777417&queryType=qc HTTP/1.1" 200 28314
66.249.71.121 - - [01/Sep/2015:01:59:51 +0800] "GET /content/nav/relationSubject.jsp?relationWords=%E5%8D%B7%E9%A6%96%20&oid=4465760 HTTP/1.1" 200 2927
66.249.71.207 - - [01/Sep/2015:02:00:42 +0800] "GET /digiarch3/content/repository/resource_content.jsp?oid=16410&queryString=%E4%BA%94%E7%9C%BC%E6%96%91%20%E5%8D%8A%E9%82%8A%E9%AD%9A%20%E6%89%81%E9%AD%9A%20%E6%AF%94%E7%9B%AE%E9%AD%9A%20%E7%9A%87%E5%B8%9D%E9%AD%9A HTTP/1.1" 200 35036
66.249.71.249 - - [01/Sep/2015:02:00:43 +0800] "GET /content/subject/resource_content.jsp?oid=16797271&queryType=qc HTTP/1.1" 200 55170
66.249.71.239 - - [01/Sep/2015:02:00:55 +0800] "GET /content/subject/resource_content.jsp?oid=16777349&queryString=%E9%9D%92%E5%89%9B%E6%AB%9F HTTP/1.1" 200 36854
66.249.79.115 - - [01/Sep/2015:02:01:08 +0800] "GET /content/repository/resource_content.jsp?oid=14669&queryType=qs&queryString=%E9%B6%B4%E9%B1%B5 HTTP/1.1" 200 35711
107.22.88.11 - - [01/Sep/2015:02:01:17 +0800] "GET /content/subject/resource_content.jsp?oid=16777519&queryType=qc HTTP/1.1" 200 36035
66.249.71.113 - - [01/Sep/2015:02:01:33 +0800] "GET /content/nav/relationSubject.jsp?relationWords=%E6%8F%90%E6%A2%81+%E6%8F%90%E6%A2%81%E5%8D%A3+%E7%8D%B8%E9%9D%A2+%E7%8D%B8%E9%9D%A2%E7%B4%8B+%E9%85%92%E5%99%A8+&oid=16777801 HTTP/1.1" 200 3965
66.249.71.121 - - [01/Sep/2015:02:01:36 +0800] "GET /content/nav/relationSubject.jsp?relationWords=%E6%8F%90%E6%A2%81%20%E6%8F%90%E6%A2%81%E5%8D%A3%20%E7%8D%B8%E9%9D%A2%20%E7%8D%B8%E9%9D%A2%E7%B4%8B%20%E9%85%92%E5%99%A8%20&oid=16777801 HTTP/1.1" 200 3965
66.249.71.113 - - [01/Sep/2015:02:03:41 +0800] "GET /content/subject/resource_content.jsp?oid=16777789&queryType=qs&queryString=%E5%95%86%E5%8B%99%E5%8D%B0%E6%9B%B8%E9%A4%A8 HTTP/1.1" 200 47347
66.249.71.249 - - [01/Sep/2015:02:03:42 +0800] "GET /content/subject/resource_content.jsp?oid=16797257&queryString= HTTP/1.1" 200 47864
66.249.71.249 - - [01/Sep/2015:02:03:48 +0800] "GET /content/nav/relationSubject.jsp?relationWords=%E6%9D%9C%E9%B5%91%E8%8A%B1+%E6%9D%9C%E9%B5%91%E8%8A%B1%E7%A7%91+%E6%A4%8D%E7%89%A9%E7%95%8C+%E8%B6%8A%E6%A9%98+%E8%B6%8A%E6%A9%98%E5%B1%AC+&oid=2146009 HTTP/1.1" 200 4672
66.249.71.249 - - [01/Sep/2015:02:03:51 +0800] "GET /content/nav/relationSubject.jsp?relationWords=%E6%9D%9C%E9%B5%91%E8%8A%B1%20%E6%9D%9C%E9%B5%91%E8%8A%B1%E7%A7%91%20%E6%A4%8D%E7%89%A9%E7%95%8C%20%E8%B6%8A%E6%A9%98%20%E8%B6%8A%E6%A9%98%E5%B1%AC%20&oid=2146009 HTTP/1.1" 200 4672
66.249.71.206 - - [01/Sep/2015:02:04:02 +0800] "GET /content/subject/resource_content.jsp?oid=16777360&queryString=%E6%BC%A2%E4%BB%A3%20%E6%BC%A2%E7%B0%A1%20%E7%95%AA%E7%A4%BE%E9%87%87%E9%A2%A8%E5%9C%96%20%E7%B0%A1%E7%89%98 HTTP/1.1" 200 46301
66.249.71.216 - - [01/Sep/2015:02:04:07 +0800] "GET /content/nav/relationSubject.jsp?relationWords=%E5%8C%97%E6%8A%95%E9%8E%AE+%E5%BC%B5%E5%AF%8C+%E6%9D%8E%E5%BB%BA%E5%92%8C+%E6%9D%8E%E7%82%B3%E7%9B%9B+%E6%9D%8E%E7%A7%8B%E9%81%A0+%E6%B0%B4%E6%AC%8A+%E7%9C%81%E6%94%BF%E5%BA%9C+%E8%87%AA%E4%BE%86%E6%B0%B4%E5%BB%A0+%E8%87%BA%E7%81%A3%E7%9C%81%E8%AD%B0%E6%9C%83+%E8%94%A1%E9%8C%A6%E6%A3%9F+%E8%A8%B1%E6%96%B0%E6%9E%9D+%E8%BE%B2%E7%94%B0%E6%B0%B4%E5%88%A9%E6%9C%83+%E9%84%AD%E5%A4%A7%E6%B4%BD+%E9%99%B3%E7%81%AB%E5%9C%9F+%E9%99%B3%E9%87%8D%E5%85%89+%E9%A3%B2%E7%94%A8%E6%B0%B4+&oid=1898984 HTTP/1.1" 200 5252
66.249.71.206 - - [01/Sep/2015:02:04:11 +0800] "GET /content/nav/relationSubject.jsp?relationWords=%E5%8C%97%E6%8A%95%E9%8E%AE%20%E5%BC%B5%E5%AF%8C%20%E6%9D%8E%E5%BB%BA%E5%92%8C%20%E6%9D%8E%E7%82%B3%E7%9B%9B%20%E6%9D%8E%E7%A7%8B%E9%81%A0%20%E6%B0%B4%E6%AC%8A%20%E7%9C%81%E6%94%BF%E5%BA%9C%20%E8%87%AA%E4%BE%86%E6%B0%B4%E5%BB%A0%20%E8%87%BA%E7%81%A3%E7%9C%81%E8%AD%B0%E6%9C%83%20%E8%94%A1%E9%8C%A6%E6%A3%9F%20%E8%A8%B1%E6%96%B0%E6%9E%9D%20%E8%BE%B2%E7%94%B0%E6%B0%B4%E5%88%A9%E6%9C%83%20%E9%84%AD%E5%A4%A7%E6%B4%BD%20%E9%99%B3%E7%81%AB%E5%9C%9F%20%E9%99%B3%E9%87%8D%E5%85%89%20%E9%A3%B2%E7%94%A8%E6%B0%B4%20&oid=1898984 HTTP/1.1" 200 5252
66.249.71.229 - - [01/Sep/2015:02:04:22 +0800] "GET /content/nav/relationSubject.jsp?relationWords=%E5%A4%A9%E5%8D%97%E6%98%9F+%E5%A4%A9%E5%8D%97%E6%98%9F%E5%B1%AC+%E5%A4%A9%E5%8D%97%E6%98%9F%E7%A7%91+%E6%A4%8D%E7%89%A9%E7%95%8C+%E7%BE%BD%E8%91%89%E5%A4%A9%E5%8D%97%E6%98%9F+&oid=1113763 HTTP/1.1" 200 3491
66.249.71.196 - - [01/Sep/2015:02:05:38 +0800] "GET /digiarch3/content/nav/relationSubject.jsp?relationWords=&oid=16777458 HTTP/1.1" 200 1405
66.249.71.217 - - [01/Sep/2015:02:06:00 +0800] "GET /digiarch3/content/subject/resource_content.jsp?oid=16777595&queryType=qs&queryString=%E8%88%AA%E7%A9%BA%E5%85%AC%E5%8F%B8 HTTP/1.1" 200 42979
66.249.71.207 - - [01/Sep/2015:02:06:26 +0800] "GET /digiarch3/content/repository/resource_content.jsp?oid=1081599&queryString=%E5%A8%98%E4%BB%94%E9%AD%9A%20%E5%B8%B6%E5%B0%BE%E6%96%B0%E9%9A%86%E9%AD%9A%20%E6%96%B0%E9%9A%86%20%E8%8A%B1%E5%B0%BE%20%E8%A7%92%E9%BE%8D%20%E9%9A%86%E9%A0%AD%E9%AD%9A%20%E9%9A%86%E9%A0%AD%E9%AD%9A%E7%A7%91%20%E9%B0%AD%E9%AD%9A%20%E9%B8%9A%E9%AF%9B HTTP/1.1" 200 35073
66.249.71.249 - - [01/Sep/2015:02:06:56 +0800] "GET /content/nav/relationSubject.jsp?relationWords=%E5%AE%A3%E5%BA%9C+&oid=1176975 HTTP/1.1" 200 3084
66.249.71.239 - - [01/Sep/2015:02:06:57 +0800] "GET /content/nav/relationSubject.jsp?relationWords=%E4%B8%AD%E5%9C%8B%E5%A4%A7%E9%99%B8%E5%9C%B0%E5%9C%96+&oid=204687 HTTP/1.1" 200 1424
66.249.71.249 - - [01/Sep/2015:02:06:58 +0800] "GET /content/nav/relationSubject.jsp?relationWords=%E5%AE%A3%E5%BA%9C%20&oid=1176975 HTTP/1.1" 200 3084
66.249.71.249 - - [01/Sep/2015:02:06:59 +0800] "GET /content/nav/relationSubject.jsp?relationWords=%E4%B8%AD%E5%9C%8B%E5%A4%A7%E9%99%B8%E5%9C%B0%E5%9C%96%20&oid=204687 HTTP/1.1" 200 1424
123.125.71.30 - - [01/Sep/2015:02:07:04 +0800] "GET /content/subject/resource_content.jsp?oid=16777699 HTTP/1.1" 200 54149
66.249.71.226 - - [01/Sep/2015:02:07:39 +0800] "GET /content/subject/resource_content.jsp?oid=16797271&queryType=qc HTTP/1.1" 200 55170
66.249.71.45 - - [01/Sep/2015:02:08:12 +0800] "GET /content/repository/resource_content.jsp?oid=4362012&queryString=%E6%B3%95%E4%B8%BB%E5%85%AC HTTP/1.1" 200 28117
66.249.71.229 - - [01/Sep/2015:02:08:13 +0800] "GET /content/repository/resource_content.jsp?oid=755977 HTTP/1.1" 200 28325
150.70.173.55 - - [01/Sep/2015:02:08:50 +0800] "GET /content/repository/resource_content.jsp?oid=3811446&queryString=%E5%8F%B0%E7%81%A3%E8%97%9C%E8%98%86%20%E8%97%9C%E8%98%86%E5%B1%AC HTTP/1.1" 200 30955
66.249.71.249 - - [01/Sep/2015:02:10:16 +0800] "GET /content/subject/resource_content.jsp?oid=16777599&queryType=qc HTTP/1.1" 200 36977
66.249.71.249 - - [01/Sep/2015:02:10:21 +0800] "GET /digiarch_en/content/repository/resource_content.jsp?oid=1126281&queryString=%E5%B0%96%E8%A7%92%E6%B1%9F%E7%8F%A7%E8%9B%A4%20%E6%B1%9F%E7%8F%A7%E8%9B%A4%20%E8%9B%A4%E7%A7%91%20%E8%B2%BD%E8%B2%9D%20%E9%9B%99%E6%AE%BC%E7%B6%B1 HTTP/1.1" 200 24164
66.249.71.249 - - [01/Sep/2015:02:11:03 +0800] "GET /content/subject/resource_content.jsp?oid=16777429 HTTP/1.1" 200 31154
66.249.71.105 - - [01/Sep/2015:02:11:11 +0800] "GET /content/nav/relationSubject.jsp?relationWords=%E4%BA%8B%E6%8A%84+%E4%BA%BA%E5%90%8D%E6%AC%8A%E5%A8%81+%E6%A5%8A%E9%A3%9B+%E6%A5%8A%E9%A3%9B%E9%9C%9E+&oid=708369 HTTP/1.1" 200 3282
66.249.71.105 - - [01/Sep/2015:02:11:17 +0800] "GET /content/nav/relationSubject.jsp?relationWords=%E4%BA%8B%E6%8A%84%20%E4%BA%BA%E5%90%8D%E6%AC%8A%E5%A8%81%20%E6%A5%8A%E9%A3%9B%20%E6%A5%8A%E9%A3%9B%E9%9C%9E%20&oid=708369 HTTP/1.1" 200 3282
66.249.71.239 - - [01/Sep/2015:02:11:40 +0800] "GET /digiarch_en/content/nav/relationSubject.jsp?relationWords=%E5%AE%B6%E6%9B%B8+&oid=16777454 HTTP/1.1" 200 2890
66.249.71.239 - - [01/Sep/2015:02:11:48 +0800] "GET /digiarch_en/content/nav/relationSubject.jsp?relationWords=%E5%AE%B6%E6%9B%B8%20&oid=16777454 HTTP/1.1" 200 2890
66.249.71.239 - - [01/Sep/2015:02:13:14 +0800] "GET /content/repository/resource_content.jsp?oid=1523388 HTTP/1.1" 200 29103
66.249.71.105 - - [01/Sep/2015:02:13:29 +0800] "GET /content/repository/resource_content.jsp?oid=4363114&queryType=qs&queryString=%E6%8C%87%E5%8D%97%E5%AE%AE HTTP/1.1" 200 28108
66.249.71.217 - - [01/Sep/2015:02:14:25 +0800] "GET /digiarch3/content/nav/relationSubject.jsp?relationWords=%E5%AF%92%E6%BA%AA%E6%9D%91+%E9%AB%98%E5%B1%B1%E6%97%8F+&oid=16777656 HTTP/1.1" 200 5051
66.249.71.229 - - [01/Sep/2015:02:14:38 +0800] "GET /digiarch_en/content/nav/relationSubject.jsp?relationWords=%E8%8A%B1%E6%96%91%E6%93%AC%E9%B1%97%E9%AD%A8+%E9%B1%97%E9%AD%A8%E7%A7%91+&oid=18490 HTTP/1.1" 200 3275
66.249.71.249 - - [01/Sep/2015:02:14:40 +0800] "GET /digiarch_en/content/nav/relationSubject.jsp?relationWords=%E8%8A%B1%E6%96%91%E6%93%AC%E9%B1%97%E9%AD%A8%20%E9%B1%97%E9%AD%A8%E7%A7%91%20&oid=18490 HTTP/1.1" 200 3275
66.249.71.226 - - [01/Sep/2015:02:15:17 +0800] "GET /content/subject/resource_content.jsp?oid=16777641&queryType=qc HTTP/1.1" 200 49697
66.249.71.226 - - [01/Sep/2015:02:15:18 +0800] "GET /content/subject/resource_content.jsp?oid=16777599&queryType=qc HTTP/1.1" 200 36988
68.180.228.24 - - [01/Sep/2015:02:15:23 +0800] "GET /content/subject/resource_content.jsp?oid=16777649&queryType=qc HTTP/1.1" 200 54492
66.249.71.239 - - [01/Sep/2015:02:15:41 +0800] "GET /digiarch_en/content/nav/relationSubject.jsp?relationWords=%E4%BA%BA%E5%90%8D%E6%AC%8A%E5%A8%81+%E5%9C%8B%E4%BB%A3+%E5%B0%8F%E5%B9%A1%E9%85%89%E5%90%89+%E6%8A%80%E8%A1%93%E9%83%A8%E4%BA%8B+%E7%BE%A9%E5%A4%A7%E5%88%A9+%E8%88%92%E7%88%BE%E6%9B%BC+%E9%BA%BB%E5%85%8B%E9%A1%9E+&oid=689842 HTTP/1.1" 200 5848
66.249.71.229 - - [01/Sep/2015:02:15:43 +0800] "GET /digiarch_en/content/nav/relationSubject.jsp?relationWords=%E4%BA%BA%E5%90%8D%E6%AC%8A%E5%A8%81%20%E5%9C%8B%E4%BB%A3%20%E5%B0%8F%E5%B9%A1%E9%85%89%E5%90%89%20%E6%8A%80%E8%A1%93%E9%83%A8%E4%BA%8B%20%E7%BE%A9%E5%A4%A7%E5%88%A9%20%E8%88%92%E7%88%BE%E6%9B%BC%20%E9%BA%BB%E5%85%8B%E9%A1%9E%20&oid=689842 HTTP/1.1" 200 5848
66.249.71.229 - - [01/Sep/2015:02:16:01 +0800] "GET /digiarch_en/content/nav/relationSubject.jsp?relationWords=%E6%8A%98%E8%82%A9+&oid=4411607 HTTP/1.1" 200 3041
66.249.79.200 - - [01/Sep/2015:02:16:11 +0800] "GET /digiarch_en/content/nav/relationSubject.jsp?relationWords=%E6%8A%98%E8%82%A9%20&oid=4411607 HTTP/1.1" 200 3041
66.249.71.229 - - [01/Sep/2015:02:16:22 +0800] "GET /content/repository/resource_content.jsp?oid=1894286 HTTP/1.1" 200 28552
66.249.79.193 - - [01/Sep/2015:02:16:26 +0800] "GET /content/repository/resource_content.jsp?oid=2517487 HTTP/1.1" 200 29912
66.249.71.229 - - [01/Sep/2015:02:16:27 +0800] "GET /content/repository/resource_content.jsp?oid=2569356 HTTP/1.1" 200 29178
66.249.71.249 - - [01/Sep/2015:02:16:35 +0800] "GET /content/repository/resource_content.jsp?oid=1892947 HTTP/1.1" 200 28339
66.249.71.229 - - [01/Sep/2015:02:17:05 +0800] "GET /content/repository/resource_content.jsp?oid=189027 HTTP/1.1" 200 30245
66.249.71.196 - - [01/Sep/2015:02:17:42 +0800] "GET /digiarch3/content/pictures/picture_content.jsp?oid=33554774&classify=2562 HTTP/1.1" 200 27690
220.181.108.122 - - [01/Sep/2015:02:17:57 +0800] "GET /content/repository/resource_content.jsp?oid=14104 HTTP/1.1" 200 36113
66.249.71.249 - - [01/Sep/2015:02:18:03 +0800] "GET /digiarch_en/content/repository/resource_content.jsp?oid=1807775&queryString=%E6%8B%93%E7%89%87%20%E6%BC%A2%E4%BB%A3 HTTP/1.1" 200 23858
66.249.71.113 - - [01/Sep/2015:02:18:52 +0800] "GET /content/nav/relationSubject.jsp?relationWords=%E4%BA%BA%E5%90%8D%E6%AC%8A%E5%A8%81+%E6%9E%97%E6%A5%AD%E8%A9%A6%E9%A9%97%E5%A0%B4+%E8%8A%AE%E6%81%A9+%E8%8A%AE%E6%81%A9%E6%96%BD+&oid=616779 HTTP/1.1" 200 3523
66.249.71.105 - - [01/Sep/2015:02:18:55 +0800] "GET /content/nav/relationSubject.jsp?relationWords=%E4%BA%BA%E5%90%8D%E6%AC%8A%E5%A8%81%20%E6%9E%97%E6%A5%AD%E8%A9%A6%E9%A9%97%E5%A0%B4%20%E8%8A%AE%E6%81%A9%20%E8%8A%AE%E6%81%A9%E6%96%BD%20&oid=616779 HTTP/1.1" 200 3523
66.249.71.226 - - [01/Sep/2015:02:19:23 +0800] "GET /content/subject/resource_content.jsp?oid=16777349&queryType=qc HTTP/1.1" 200 36481
68.180.228.24 - - [01/Sep/2015:02:19:47 +0800] "GET /content/subject/resource_content.jsp?oid=16777640&queryType=qc HTTP/1.1" 200 62008
66.249.71.229 - - [01/Sep/2015:02:19:59 +0800] "GET /content/repository/resource_content.jsp?oid=1114931 HTTP/1.1" 200 31028
66.249.71.239 - - [01/Sep/2015:02:20:44 +0800] "GET /content/subject/resource_content.jsp?oid=16777733&queryString=%E6%BC%A2%E4%BB%A3%20%E6%BC%A2%E7%B0%A1%20%E7%95%AA%E7%A4%BE%E9%87%87%E9%A2%A8%E5%9C%96%20%E7%B0%A1%E7%89%98 HTTP/1.1" 200 33467
66.249.71.113 - - [01/Sep/2015:02:21:56 +0800] "GET /content/nav/relationSubject.jsp?relationWords=%E5%88%91%E9%83%A8+%E5%AF%A9%E6%93%AC%E7%8E%8B+&oid=2682833 HTTP/1.1" 200 3145
66.249.71.121 - - [01/Sep/2015:02:21:58 +0800] "GET /content/nav/relationSubject.jsp?relationWords=%E5%88%91%E9%83%A8%20%E5%AF%A9%E6%93%AC%E7%8E%8B%20&oid=2682833 HTTP/1.1" 200 3145
66.249.71.229 - - [01/Sep/2015:02:22:06 +0800] "GET /digiarch_en/content/repository/resource_content.jsp?oid=3826398&queryString=%E5%8D%83%E5%B1%88%E8%8F%9C%20%E5%8D%83%E5%B1%88%E8%8F%9C%E7%A7%91%20%E5%A4%A7%E8%8A%B1%E7%B4%AB%E8%96%87%20%E6%A1%83%E9%87%91%E5%AD%83%20%E6%A4%8D%E7%89%A9%E7%95%8C%20%E7%B4%AB%E8%96%87%20%E7%B4%AB%E8%96%87%E5%B1%AC HTTP/1.1" 200 23778
66.249.71.249 - - [01/Sep/2015:02:22:38 +0800] "GET /digiarch_en/content/repository/resource_content.jsp?oid=518214&queryString=%E4%BA%9E%E6%88%90%E9%AB%94%20%E5%B0%8F%E5%8D%B7%20%E7%9C%9F%E9%8E%96%E7%AE%A1%20%E9%80%8F%E6%8A%BD%20%E9%8E%96%E7%AE%A1%E5%B1%AC%20%E9%8E%96%E7%AE%A1%E7%A7%91%20%E9%A0%AD%E8%B6%B3%E7%B6%B1 HTTP/1.1" 200 24263
66.249.71.229 - - [01/Sep/2015:02:23:57 +0800] "GET /digiarch_en/content/nav/relationSubject.jsp?relationWords=%E6%A1%83%E9%87%91%E5%AD%83+%E6%A1%83%E9%87%91%E5%AD%83%E7%A7%91+%E6%A4%8D%E7%89%A9%E7%95%8C+&oid=3826398 HTTP/1.1" 200 3286
66.249.71.229 - - [01/Sep/2015:02:24:01 +0800] "GET /digiarch_en/content/nav/relationSubject.jsp?relationWords=%E6%A1%83%E9%87%91%E5%AD%83%20%E6%A1%83%E9%87%91%E5%AD%83%E7%A7%91%20%E6%A4%8D%E7%89%A9%E7%95%8C%20&oid=3826398 HTTP/1.1" 200 3286
66.249.79.115 - - [01/Sep/2015:02:24:52 +0800] "GET /content/nav/relationSubject.jsp?relationWords=&oid=2617900 HTTP/1.1" 200 1405
66.249.71.229 - - [01/Sep/2015:02:25:16 +0800] "GET /content/nav/relationSubject.jsp?relationWords=%E6%B0%B8%E9%A0%86+%E6%B9%96%E5%BB%A3%E7%B8%BD%E7%9D%A3+&oid=2569356 HTTP/1.1" 200 3149
66.249.71.249 - - [01/Sep/2015:02:25:18 +0800] "GET /content/nav/relationSubject.jsp?relationWords=%E6%B0%B8%E9%A0%86%20%E6%B9%96%E5%BB%A3%E7%B8%BD%E7%9D%A3%20&oid=2569356 HTTP/1.1" 200 3149
66.249.71.229 - - [01/Sep/2015:02:25:21 +0800] "GET /content/repository/resource_content.jsp?oid=1565904 HTTP/1.1" 200 28528
66.249.71.226 - - [01/Sep/2015:02:25:25 +0800] "GET /content/nav/relationSubject.jsp?relationWords=%E7%94%A8%E6%96%99%E5%9C%9F+%E7%B3%A7%E4%BA%8B+%E9%8C%A2%E7%B3%A7+&oid=2683096 HTTP/1.1" 200 5345
66.249.71.206 - - [01/Sep/2015:02:25:29 +0800] "GET /content/nav/relationSubject.jsp?relationWords=%E7%94%A8%E6%96%99%E5%9C%9F%20%E7%B3%A7%E4%BA%8B%20%E9%8C%A2%E7%B3%A7%20&oid=2683096 HTTP/1.1" 200 5345
66.249.71.36 - - [01/Sep/2015:02:25:59 +0800] "GET /content/nav/relationSubject.jsp?relationWords=%E5%B7%A1%E6%92%AB+&oid=2671481 HTTP/1.1" 200 3084
66.249.71.249 - - [01/Sep/2015:02:26:02 +0800] "GET /content/tmp_tec/resource_content.jsp?oid=16777714 HTTP/1.1" 200 38293
66.249.71.36 - - [01/Sep/2015:02:26:03 +0800] "GET /content/nav/relationSubject.jsp?relationWords=%E5%B7%A1%E6%92%AB%20&oid=2671481 HTTP/1.1" 200 3084
66.249.71.105 - - [01/Sep/2015:02:26:54 +0800] "GET /content/nav/relationSubject.jsp?relationWords=%E5%8F%83%E5%BA%9C+%E5%B7%A1%E6%92%AB+%E5%BA%9C%E4%BD%90+%E6%B1%9F%E5%AF%A7+&oid=2521203 HTTP/1.1" 200 4077
66.249.71.249 - - [01/Sep/2015:02:26:55 +0800] "GET /content/pictures/picture_content.jsp?oid=33554816 HTTP/1.1" 200 27829
66.249.71.105 - - [01/Sep/2015:02:27:01 +0800] "GET /content/nav/relationSubject.jsp?relationWords=%E5%8F%83%E5%BA%9C%20%E5%B7%A1%E6%92%AB%20%E5%BA%9C%E4%BD%90%20%E6%B1%9F%E5%AF%A7%20&oid=2521203 HTTP/1.1" 200 4077
66.249.71.229 - - [01/Sep/2015:02:27:04 +0800] "GET /content/nav/relationSubject.jsp?relationWords=%E5%85%AB%E5%BA%9C%E6%95%99+%E5%BA%B7%E6%A8%82%E6%B4%BB%E5%8B%95+%E6%95%99%E8%81%B7%E5%93%A1+%E6%95%99%E8%82%B2%E6%9C%83+%E6%9C%83%E5%8B%99%E6%A1%88+%E7%A6%8F%E5%88%A9%E9%87%91+&oid=1572180 HTTP/1.1" 200 3864
66.249.71.229 - - [01/Sep/2015:02:27:06 +0800] "GET /content/nav/relationSubject.jsp?relationWords=%E5%85%AB%E5%BA%9C%E6%95%99%20%E5%BA%B7%E6%A8%82%E6%B4%BB%E5%8B%95%20%E6%95%99%E8%81%B7%E5%93%A1%20%E6%95%99%E8%82%B2%E6%9C%83%20%E6%9C%83%E5%8B%99%E6%A1%88%20%E7%A6%8F%E5%88%A9%E9%87%91%20&oid=1572180 HTTP/1.1" 200 3864
66.249.71.239 - - [01/Sep/2015:02:27:21 +0800] "GET /digiarch_en/content/subject/resource_content.jsp?oid=16777601&queryType=qc HTTP/1.1" 200 46084
66.249.71.121 - - [01/Sep/2015:02:28:20 +0800] "GET /content/nav/relationSubject.jsp?relationWords=%E5%B7%A1%E6%92%AB+%E7%9B%A3%E5%80%99+%E7%A7%8B%E6%B1%BA+%E7%B5%9E%E7%9B%A3+%E7%B5%9E%E7%9B%A3%E5%80%99+&oid=2537633 HTTP/1.1" 200 4146
66.249.71.249 - - [01/Sep/2015:02:28:22 +0800] "GET /content/repository/resource_content.jsp?oid=2566404 HTTP/1.1" 200 29713
66.249.71.113 - - [01/Sep/2015:02:28:25 +0800] "GET /content/nav/relationSubject.jsp?relationWords=%E5%B7%A1%E6%92%AB%20%E7%9B%A3%E5%80%99%20%E7%A7%8B%E6%B1%BA%20%E7%B5%9E%E7%9B%A3%20%E7%B5%9E%E7%9B%A3%E5%80%99%20&oid=2537633 HTTP/1.1" 200 4146
66.249.71.229 - - [01/Sep/2015:02:28:26 +0800] "GET /digiarch_en/content/repository/resource_content.jsp?oid=1126280&queryString=%E5%B0%96%E8%A7%92%E6%B1%9F%E7%8F%A7%E8%9B%A4%20%E6%B1%9F%E7%8F%A7%E8%9B%A4%20%E8%9B%A4%E7%A7%91%20%E8%B2%BD%E8%B2%9D%20%E9%9B%99%E6%AE%BC%E7%B6%B1 HTTP/1.1" 200 24242
66.249.71.249 - - [01/Sep/2015:02:28:35 +0800] "GET /content/repository/resource_content.jsp?oid=1530004 HTTP/1.1" 200 28451
207.46.13.149 - - [01/Sep/2015:02:28:44 +0800] "GET /content/repository/resource_content.jsp?oid=3032967&queryType=qs&queryString=%E5%9C%B0%E8%B3%AA%E5%AD%B8 HTTP/1.1" 200 29367
66.249.71.239 - - [01/Sep/2015:02:28:45 +0800] "GET /digiarch_en/content/nav/relationSubject.jsp?relationWords=%E5%B7%B4%E7%88%B6%E9%A0%B8%E9%B0%AD%E9%AD%9A+&oid=33554745 HTTP/1.1" 200 3402
66.249.71.216 - - [01/Sep/2015:02:28:48 +0800] "GET /content/repository/resource_content.jsp?oid=4362814&queryString=%E9%9F%8B%E9%A6%B1 HTTP/1.1" 200 27736
66.249.71.249 - - [01/Sep/2015:02:28:49 +0800] "GET /digiarch_en/content/nav/relationSubject.jsp?relationWords=%E5%B7%B4%E7%88%B6%E9%A0%B8%E9%B0%AD%E9%AD%9A%20&oid=33554745 HTTP/1.1" 200 3402
66.249.71.239 - - [01/Sep/2015:02:29:30 +0800] "GET /content/repository/resource_content.jsp?oid=1599051 HTTP/1.1" 200 28458
66.249.71.229 - - [01/Sep/2015:02:29:55 +0800] "GET /content/repository/resource_content.jsp?oid=1852225 HTTP/1.1" 200 30051
66.249.71.249 - - [01/Sep/2015:02:30:21 +0800] "GET /content/nav/relationSubject.jsp?relationWords=%E6%9C%9D%E9%AE%AE%E5%9C%8B%E7%8E%8B+&oid=2548501 HTTP/1.1" 200 3101
61.135.190.199 - - [01/Sep/2015:02:30:24 +0800] "GET /content/subject/resource_content.jsp?oid=16777402&queryType=qc HTTP/1.1" 200 27852
66.249.71.229 - - [01/Sep/2015:02:30:24 +0800] "GET /content/nav/relationSubject.jsp?relationWords=%E6%9C%9D%E9%AE%AE%E5%9C%8B%E7%8E%8B%20&oid=2548501 HTTP/1.1" 200 3101
66.249.71.249 - - [01/Sep/2015:02:30:26 +0800] "GET /content/nav/relationSubject.jsp?relationWords=%E5%B0%8F%E4%BB%99%E8%8C%85%E5%B1%AC%20%E5%B0%8F%E9%87%91%E6%A2%85%E8%8D%89%20%E5%B0%8F%E9%87%91%E6%A2%85%E8%91%89%20&oid=1456655 HTTP/1.1" 200 3331
66.249.71.229 - - [01/Sep/2015:02:31:32 +0800] "GET /digiarch_en/content/repository/resource_content.jsp?oid=1897017&queryString=%E4%BA%BA%E5%90%8D%E6%AC%8A%E5%A8%81%20%E4%BF%84%E5%9C%8B%20%E4%BF%84%E8%92%99%20%E5%A4%96%E4%BA%A4%E9%83%A8 HTTP/1.1" 200 23145
66.249.71.196 - - [01/Sep/2015:02:31:32 +0800] "GET /digiarch/content/repository/resource_content.jsp?oid=2148828 HTTP/1.1" 404 14873
66.249.71.121 - - [01/Sep/2015:02:32:41 +0800] "GET /content/nav/relationSubject.jsp?relationWords=%E7%A6%AE%E9%83%A8+%E7%A7%BB%E9%80%81+&oid=2689292 HTTP/1.1" 200 3095
66.249.71.105 - - [01/Sep/2015:02:32:44 +0800] "GET /content/nav/relationSubject.jsp?relationWords=%E7%A6%AE%E9%83%A8%20%E7%A7%BB%E9%80%81%20&oid=2689292 HTTP/1.1" 200 3095
66.249.71.105 - - [01/Sep/2015:02:33:04 +0800] "GET /content/nav/relationSubject.jsp?relationWords=%E6%9C%A8%E6%A8%81+%E7%8C%9B%E6%A2%AD+&oid=1173244 HTTP/1.1" 200 3013
66.249.71.113 - - [01/Sep/2015:02:33:07 +0800] "GET /content/nav/relationSubject.jsp?relationWords=%E6%9C%A8%E6%A8%81%20%E7%8C%9B%E6%A2%AD%20&oid=1173244 HTTP/1.1" 200 3013
66.249.79.200 - - [01/Sep/2015:02:33:25 +0800] "GET /content/nav/relationSubject.jsp?relationWords=%E9%9D%92%E6%A5%93+&oid=16777274 HTTP/1.1" 200 3565
66.249.71.207 - - [01/Sep/2015:02:34:41 +0800] "GET /digiarch3/content/repository/resource_content.jsp?oid=14140&queryString=%E6%A3%98%E9%AE%AB%20%E7%83%8F%E9%AF%8A%20%E7%87%88%E7%B1%A0%E6%A3%98%E9%AE%AB%20%E8%8E%AB%E6%B0%8F%20%E9%BB%91%E6%B2%99 HTTP/1.1" 200 36914
66.249.71.207 - - [01/Sep/2015:02:34:44 +0800] "GET /digiarch3/content/pictures/picture_content.jsp?oid=33554728&classify=2259 HTTP/1.1" 200 27801
66.249.79.200 - - [01/Sep/2015:02:34:46 +0800] "GET /content/repository/resource_content.jsp?oid=1543818 HTTP/1.1" 200 28698
66.249.71.196 - - [01/Sep/2015:02:35:10 +0800] "GET /digiarch3/content/nav/relationSubject.jsp?relationWords=%E6%95%B8%E4%BD%8D%E5%85%B8%E8%97%8F%20&oid=16777718 HTTP/1.1" 200 5879
66.249.71.249 - - [01/Sep/2015:02:35:14 +0800] "GET /content/tmp_exh/resource_content.jsp?oid=16777760&queryType=qc HTTP/1.1" 200 35810
66.249.71.113 - - [01/Sep/2015:02:35:21 +0800] "GET /content/nav/relationSubject.jsp?relationWords=&oid=2597823 HTTP/1.1" 200 1405
207.46.13.149 - - [01/Sep/2015:02:35:32 +0800] "GET /content/repository/resource_content.jsp?oid=1888237&queryString=%E5%B8%BD%E8%93%86%20%E6%9D%8E%E6%99%A8%E9%90%98%20%E6%9D%9C%E6%B8%85 HTTP/1.1" 200 31212
66.249.71.54 - - [01/Sep/2015:02:36:02 +0800] "GET /content/repository/resource_content.jsp?oid=4362033&queryType=qs&queryString=%E5%8C%97%E6%B8%AF%E6%9C%9D%E5%A4%A9%E5%AE%AE HTTP/1.1" 200 28346
123.125.71.89 - - [01/Sep/2015:02:36:07 +0800] "GET /content/repository/resource_content.jsp?oid=1562580 HTTP/1.1" 200 28739
66.249.71.239 - - [01/Sep/2015:02:36:08 +0800] "GET /content/nav/relationSubject.jsp?relationWords=%E5%B5%8C%E7%9F%B3%20%E6%AE%98%E9%8A%85%E4%BB%B6%20&oid=1852225 HTTP/1.1" 200 3040
66.249.71.207 - - [01/Sep/2015:02:36:14 +0800] "GET /digiarch3/content/nav/relationSubject.jsp?relationWords=%E6%96%AF%E6%99%AE%E8%98%AD+%E7%83%8F%E9%AF%8A+%E7%87%88%E7%B1%A0%E6%A3%98%E9%AE%AB+%E9%BB%91%E6%B2%99+&oid=14140 HTTP/1.1" 200 3427
66.249.79.179 - - [01/Sep/2015:02:36:18 +0800] "GET /digiarch3/content/nav/relationSubject.jsp?relationWords=%E6%96%AF%E6%99%AE%E8%98%AD%20%E7%83%8F%E9%AF%8A%20%E7%87%88%E7%B1%A0%E6%A3%98%E9%AE%AB%20%E9%BB%91%E6%B2%99%20&oid=14140 HTTP/1.1" 200 3427
66.249.71.249 - - [01/Sep/2015:02:36:51 +0800] "GET /content/nav/relationSubject.jsp?relationWords=%E7%95%9C%E7%89%A7+%E8%BE%B2%E6%9E%97+%E8%BE%B2%E6%9E%97%E5%BB%B3+%E9%A3%BC%E6%96%99+&oid=1562152 HTTP/1.1" 200 4516
66.249.71.239 - - [01/Sep/2015:02:36:54 +0800] "GET /content/nav/relationSubject.jsp?relationWords=%E7%95%9C%E7%89%A7%20%E8%BE%B2%E6%9E%97%20%E8%BE%B2%E6%9E%97%E5%BB%B3%20%E9%A3%BC%E6%96%99%20&oid=1562152 HTTP/1.1" 200 4516
66.249.71.249 - - [01/Sep/2015:02:37:17 +0800] "GET /content/nav/relationSubject.jsp?relationWords=%E8%81%AF%E5%8B%A4+%E9%98%B2%E7%A9%BA%E9%81%BF%E9%9B%A3%E8%A8%AD%E5%82%99+%E9%AB%98%E9%9B%84%E5%B8%82+%E9%AB%98%E9%9B%84%E5%B8%82%E6%94%BF%E5%BA%9C+&oid=1633976 HTTP/1.1" 200 4520
66.249.71.229 - - [01/Sep/2015:02:37:21 +0800] "GET /content/nav/relationSubject.jsp?relationWords=%E8%81%AF%E5%8B%A4%20%E9%98%B2%E7%A9%BA%E9%81%BF%E9%9B%A3%E8%A8%AD%E5%82%99%20%E9%AB%98%E9%9B%84%E5%B8%82%20%E9%AB%98%E9%9B%84%E5%B8%82%E6%94%BF%E5%BA%9C%20&oid=1633976 HTTP/1.1" 200 4520
66.249.71.249 - - [01/Sep/2015:02:37:42 +0800] "GET /content/repository/resource_content.jsp?oid=1126281&queryString=%E5%AD%94%E9%9B%80%E8%9B%A4%20%E6%AE%BC%E8%8F%9C%E8%9B%A4%E7%A7%91%20%E7%B6%A0%E6%AE%BC%E8%8F%9C%E8%9B%A4%20%E7%BF%A1%E7%BF%A0%E8%B2%BD%E8%B2%9D%20%E8%B2%BD%E8%B2%9D%20%E9%9B%99%E6%AE%BC%E7%B6%B1 HTTP/1.1" 200 32526
66.249.71.113 - - [01/Sep/2015:02:37:45 +0800] "GET /content/repository/resource_content.jsp?oid=4589157&queryType=qs&queryString=%E6%96%B0%E7%9F%B3%E5%99%A8%E6%99%82%E4%BB%A3 HTTP/1.1" 200 29377
66.249.71.229 - - [01/Sep/2015:02:37:48 +0800] "GET /content/repository/resource_content.jsp?oid=2557638 HTTP/1.1" 200 28832
66.249.71.239 - - [01/Sep/2015:02:39:05 +0800] "GET /content/subject/resource_content.jsp?oid=16777732 HTTP/1.1" 200 31189
66.249.71.249 - - [01/Sep/2015:02:39:06 +0800] "GET /content/subject/resource_content.jsp?oid=16777640&queryString=%E6%9E%97%E7%8D%BB%E5%A0%82%20%E7%81%8C%E5%9C%92%E5%85%88%E7%94%9F%20%E9%9C%A7%E5%B3%B0 HTTP/1.1" 200 61904
207.46.13.82 - - [01/Sep/2015:02:39:50 +0800] "GET /content/nav/relationSubject.jsp?relationWords=%E7%B4%85%E6%A5%A0+%E8%B1%AC%E8%85%B3%E6%A5%A0+&oid=16777302 HTTP/1.1" 200 3693
66.249.71.206 - - [01/Sep/2015:02:40:52 +0800] "GET /content/subject/resource_content.jsp?oid=16797281&queryType=qc HTTP/1.1" 200 52952
66.249.71.239 - - [01/Sep/2015:02:41:09 +0800] "GET /content/subject/resource_content.jsp?oid=16797282&queryType=qc HTTP/1.1" 200 78894
66.249.71.249 - - [01/Sep/2015:02:41:42 +0800] "GET /digiarch_en/content/repository/resource_content.jsp?oid=3205037&queryString=%E4%B8%AD%E5%BA%B8%20%E5%82%85%E6%96%AF%E5%B9%B4%E5%9C%96%E6%9B%B8%E9%A4%A8%20%E6%9B%B2%E8%AD%9C%20%E9%BB%83%E5%B8%9D%E5%85%A7%E7%B6%93%E7%B4%A0%E5%95%8F HTTP/1.1" 200 24029
66.249.71.249 - - [01/Sep/2015:02:41:57 +0800] "GET /digiarch_en/content/repository/resource_content.jsp?oid=2150316&queryString=%E7%83%8F%E5%BF%83%E7%9F%B3%20%E9%B1%B8%E9%B0%BB HTTP/1.1" 200 23622
66.249.71.239 - - [01/Sep/2015:02:42:16 +0800] "GET /content/repository/resource_content.jsp?oid=1109867 HTTP/1.1" 200 31184
66.249.71.207 - - [01/Sep/2015:02:42:31 +0800] "GET /digiarch3/content/subject/resource_content.jsp?oid=16777737&queryType=qs&queryString=%E4%B8%89%E4%B8%8A HTTP/1.1" 200 32151
66.249.71.239 - - [01/Sep/2015:02:42:33 +0800] "GET /content/nav/relationSubject.jsp?relationWords=%E5%9F%94%E5%A7%9C+%E5%B1%B1%E5%9F%94+%E5%B1%B1%E5%9F%94%E5%A7%9C+%E6%8F%9A%E6%B3%A2+%E6%8F%9A%E6%B3%A2%E5%B1%AC+%E6%A4%8D%E7%89%A9%E7%95%8C+%E7%99%BD%E5%9F%94%E5%A7%9C+%E9%A7%81%E9%AA%A8%E4%B8%B9+%E9%BE%8D%E8%86%BD+&oid=2152634 HTTP/1.1" 200 3718
66.249.71.239 - - [01/Sep/2015:02:42:35 +0800] "GET /content/nav/relationSubject.jsp?relationWords=%E5%9F%94%E5%A7%9C%20%E5%B1%B1%E5%9F%94%20%E5%B1%B1%E5%9F%94%E5%A7%9C%20%E6%8F%9A%E6%B3%A2%20%E6%8F%9A%E6%B3%A2%E5%B1%AC%20%E6%A4%8D%E7%89%A9%E7%95%8C%20%E7%99%BD%E5%9F%94%E5%A7%9C%20%E9%A7%81%E9%AA%A8%E4%B8%B9%20%E9%BE%8D%E8%86%BD%20&oid=2152634 HTTP/1.1" 200 3718
220.181.108.117 - - [01/Sep/2015:02:43:22 +0800] "GET /content/repository/resource_content.jsp?oid=187254 HTTP/1.1" 200 30317
66.249.79.207 - - [01/Sep/2015:02:43:44 +0800] "GET /content/nav/relationSubject.jsp?relationWords=%E5%85%AC%E7%87%9F%E4%BA%8B%E6%A5%AD+%E5%85%AC%E7%87%9F%E4%BA%8B%E6%A5%AD%E6%A9%9F%E6%A7%8B+%E5%BA%9C%E4%BA%BA%E4%B8%99%E5%AD%97+%E5%BE%8B%E5%B8%AB+&oid=1537789 HTTP/1.1" 200 3683
66.249.71.229 - - [01/Sep/2015:02:43:48 +0800] "GET /content/nav/relationSubject.jsp?relationWords=%E5%85%AC%E7%87%9F%E4%BA%8B%E6%A5%AD%20%E5%85%AC%E7%87%9F%E4%BA%8B%E6%A5%AD%E6%A9%9F%E6%A7%8B%20%E5%BA%9C%E4%BA%BA%E4%B8%99%E5%AD%97%20%E5%BE%8B%E5%B8%AB%20&oid=1537789 HTTP/1.1" 200 3683
66.249.71.239 - - [01/Sep/2015:02:44:01 +0800] "GET /content/repository/resource_content.jsp?oid=1622091 HTTP/1.1" 200 28813
66.249.71.239 - - [01/Sep/2015:02:44:02 +0800] "GET /content/repository/resource_content.jsp?oid=1516770 HTTP/1.1" 200 28562
66.249.71.105 - - [01/Sep/2015:02:44:04 +0800] "GET /content/nav/relationSubject.jsp?relationWords=%E4%B8%89%E7%81%A3%E9%84%89+%E5%B3%A8%E5%B5%8B+&oid=1566803 HTTP/1.1" 200 4007
66.249.71.54 - - [01/Sep/2015:02:44:16 +0800] "GET /content/pictures/picture_content.jsp?oid=33554812 HTTP/1.1" 200 27946
66.249.71.207 - - [01/Sep/2015:02:44:28 +0800] "GET /digiarch3/content/nav/relationSubject.jsp?relationWords=%E5%B1%B1%E7%99%BD%E8%98%AD+%E6%A4%8D%E7%89%A9%E7%95%8C+%E7%99%BD%E8%98%AD+%E7%B4%AB%E8%8F%80+%E7%B4%AB%E8%8F%80%E5%B1%AC+%E8%8F%8A%E7%A7%91+%E9%9B%99%E5%AD%90%E8%91%89+%E9%9B%99%E5%AD%90%E8%91%89%E6%A4%8D%E7%89%A9+&oid=1108746 HTTP/1.1" 200 3526
66.249.71.249 - - [01/Sep/2015:02:44:31 +0800] "GET /digiarch_en/content/pictures/picture_content.jsp?oid=33554819&queryType=qc HTTP/1.1" 200 21990
66.249.71.196 - - [01/Sep/2015:02:44:33 +0800] "GET /digiarch3/content/nav/relationSubject.jsp?relationWords=%E5%B1%B1%E7%99%BD%E8%98%AD%20%E6%A4%8D%E7%89%A9%E7%95%8C%20%E7%99%BD%E8%98%AD%20%E7%B4%AB%E8%8F%80%20%E7%B4%AB%E8%8F%80%E5%B1%AC%20%E8%8F%8A%E7%A7%91%20%E9%9B%99%E5%AD%90%E8%91%89%20%E9%9B%99%E5%AD%90%E8%91%89%E6%A4%8D%E7%89%A9%20&oid=1108746 HTTP/1.1" 200 3526
123.125.71.12 - - [01/Sep/2015:02:45:00 +0800] "GET /content/pictures/picture_content.jsp?oid=33554819 HTTP/1.1" 200 27764
66.249.71.249 - - [01/Sep/2015:02:45:01 +0800] "GET /content/pictures/picture_content.jsp?oid=33554788&queryType=qc HTTP/1.1" 200 27711
66.249.71.229 - - [01/Sep/2015:02:45:32 +0800] "GET /content/repository/resource_content.jsp?oid=2145561 HTTP/1.1" 200 30726
103.41.63.10 - - [01/Sep/2015:02:46:08 +0800] "GET /content/repository/resource_content.jsp?oid=1774108&queryType=qs&queryString=%E8%87%8D%E5%B8%B6 HTTP/1.1" 200 27550
66.249.71.239 - - [01/Sep/2015:02:46:11 +0800] "GET /digiarch_en/content/nav/relationSubject.jsp?relationWords=%E5%AE%97%E4%BA%BA%E5%BA%9C+%E5%AE%97%E5%AE%A4+%E7%9B%9B%E4%BA%AC+&oid=2682998 HTTP/1.1" 200 3153
66.249.71.239 - - [01/Sep/2015:02:46:13 +0800] "GET /digiarch_en/content/nav/relationSubject.jsp?relationWords=%E5%AE%97%E4%BA%BA%E5%BA%9C%20%E5%AE%97%E5%AE%A4%20%E7%9B%9B%E4%BA%AC%20&oid=2682998 HTTP/1.1" 200 3153
103.41.63.10 - - [01/Sep/2015:02:46:18 +0800] "GET /content/nav/relationSubject.jsp?relationWords=%E5%B8%83%E8%BE%B2+%E5%B8%83%E8%BE%B2%E6%97%8F+%E8%87%8D%E5%B8%B6+&oid=1774108 HTTP/1.1" 200 3228
66.249.71.121 - - [01/Sep/2015:02:47:06 +0800] "GET /content/repository/resource_content.jsp?oid=4362864&queryType=qs&queryString=%E9%81%B6%E5%A2%83 HTTP/1.1" 200 31337
207.46.13.149 - - [01/Sep/2015:02:47:21 +0800] "GET /content/repository/resource_content.jsp?oid=1565432 HTTP/1.1" 200 31122
66.249.71.229 - - [01/Sep/2015:02:47:21 +0800] "GET /content/nav/relationSubject.jsp?relationWords=%E9%9B%9E%E9%AD%9A+&oid=15576 HTTP/1.1" 200 3399
66.249.71.113 - - [01/Sep/2015:02:48:22 +0800] "GET /content/nav/relationSubject.jsp?relationWords=%E5%B9%B3%E5%BA%9C+%E6%81%AF%E9%8A%80+%E6%B0%B8%E5%B9%B3%E5%BA%9C+%E9%8A%80%E4%BA%8B+&oid=2569821 HTTP/1.1" 200 3210
66.249.71.45 - - [01/Sep/2015:02:48:25 +0800] "GET /content/nav/relationSubject.jsp?relationWords=%E6%A4%8D%E7%89%A9%E7%95%8C+%E8%96%94%E8%96%87%E7%9B%AE+%E8%96%94%E8%96%87%E7%A7%91+%E8%98%8B%E6%9E%9C+%E8%98%8B%E6%9E%9C%E5%B1%AC+&oid=1111276 HTTP/1.1" 200 3809
66.249.71.121 - - [01/Sep/2015:02:48:26 +0800] "GET /content/nav/relationSubject.jsp?relationWords=%E5%B9%B3%E5%BA%9C%20%E6%81%AF%E9%8A%80%20%E6%B0%B8%E5%B9%B3%E5%BA%9C%20%E9%8A%80%E4%BA%8B%20&oid=2569821 HTTP/1.1" 200 3210
207.46.13.76 - - [01/Sep/2015:02:49:04 +0800] "GET /content/nav/relationSubject.jsp?relationWords=%E7%83%8F%E5%BF%83%E7%9F%B3+%E9%B1%B8%E9%B0%BB+&oid=16777303 HTTP/1.1" 200 4004
123.125.67.152 - - [01/Sep/2015:02:49:07 +0800] "GET /content/pictures/picture_content.jsp?oid=33554486&queryType=qc HTTP/1.1" 200 27405
123.125.71.91 - - [01/Sep/2015:02:50:38 +0800] "GET /content/repository/resource_content.jsp?oid=2570174 HTTP/1.1" 200 29877
66.249.71.113 - - [01/Sep/2015:02:50:58 +0800] "GET /content/nav/relationSubject.jsp?relationWords=%E7%A5%96%E9%9D%88+%E7%A5%96%E9%9D%88%E5%B1%8B+%E7%A5%AD%E5%84%80+%E9%9D%88%E5%B1%8B+&oid=4388158 HTTP/1.1" 200 4168
66.249.71.113 - - [01/Sep/2015:02:51:00 +0800] "GET /content/nav/relationSubject.jsp?relationWords=%E7%A5%96%E9%9D%88%20%E7%A5%96%E9%9D%88%E5%B1%8B%20%E7%A5%AD%E5%84%80%20%E9%9D%88%E5%B1%8B%20&oid=4388158 HTTP/1.1" 200 4168
66.249.71.36 - - [01/Sep/2015:02:53:07 +0800] "GET /content/nav/relationSubject.jsp?relationWords=%E8%8C%84%E8%8B%B3%20&oid=16777306 HTTP/1.1" 200 4432
66.249.71.239 - - [01/Sep/2015:02:53:11 +0800] "GET /content/subject/resource_content.jsp?oid=16797244&queryString= HTTP/1.1" 200 50441
66.249.71.121 - - [01/Sep/2015:02:53:13 +0800] "GET /content/repository/resource_content.jsp?oid=15313&queryType=qs&queryString=%E6%B5%B7%E8%B1%9A HTTP/1.1" 200 35808
66.249.71.229 - - [01/Sep/2015:02:53:21 +0800] "GET /content/repository/resource_content.jsp?oid=1563360&queryString=%E9%80%80%E4%BC%91%E5%88%B6%E5%BA%A6 HTTP/1.1" 200 29537
66.249.71.239 - - [01/Sep/2015:02:53:29 +0800] "GET /content/subject/resource_content.jsp?oid=16777670 HTTP/1.1" 200 34016
66.249.71.249 - - [01/Sep/2015:02:53:41 +0800] "GET /content/subject/resource_content.jsp?oid=16777641 HTTP/1.1" 200 49686
66.249.71.229 - - [01/Sep/2015:02:53:56 +0800] "GET /content/subject/resource_content.jsp?oid=16797239&queryType=qc HTTP/1.1" 200 44010
66.249.71.217 - - [01/Sep/2015:02:56:02 +0800] "GET /digiarch3/content/nav/relationSubject.jsp?relationWords=%E5%8D%91%E5%8D%97%E6%97%8F+%E7%94%B7%E5%AD%90%E6%8A%AB%E8%82%A9+&oid=4364429 HTTP/1.1" 200 3271
66.249.71.196 - - [01/Sep/2015:02:56:05 +0800] "GET /digiarch3/content/nav/relationSubject.jsp?relationWords=%E5%8D%91%E5%8D%97%E6%97%8F%20%E7%94%B7%E5%AD%90%E6%8A%AB%E8%82%A9%20&oid=4364429 HTTP/1.1" 200 3271
66.249.71.196 - - [01/Sep/2015:02:56:22 +0800] "GET /digiarch3/content/repository/resource_content.jsp?oid=16506&queryString=%E9%89%A4%E9%B1%97%E9%AD%A8%20%E9%B1%97%E9%AD%A8 HTTP/1.1" 200 34181
66.249.79.200 - - [01/Sep/2015:02:56:23 +0800] "GET /content/repository/resource_content.jsp?oid=1607223 HTTP/1.1" 200 28669
66.249.71.249 - - [01/Sep/2015:02:56:47 +0800] "GET /digiarch_en/content/nav/relationSubject.jsp?relationWords=%E6%9D%BE%E5%B1%AC+%E6%9D%BE%E6%9D%89+%E6%9D%BE%E7%A7%91+%E6%A4%8D%E7%89%A9%E7%95%8C+%E6%AF%AC%E6%9E%9C+%E7%BE%85%E6%BC%A2%E6%9D%BE+%E7%BE%85%E6%BC%A2%E6%9D%BE%E5%B1%AC+%E8%98%AD%E5%B6%BC%E7%BE%85%E6%BC%A2%E6%9D%BE+&oid=2150599 HTTP/1.1" 200 4705
66.249.71.229 - - [01/Sep/2015:02:56:50 +0800] "GET /digiarch_en/content/nav/relationSubject.jsp?relationWords=%E6%9D%BE%E5%B1%AC%20%E6%9D%BE%E6%9D%89%20%E6%9D%BE%E7%A7%91%20%E6%A4%8D%E7%89%A9%E7%95%8C%20%E6%AF%AC%E6%9E%9C%20%E7%BE%85%E6%BC%A2%E6%9D%BE%20%E7%BE%85%E6%BC%A2%E6%9D%BE%E5%B1%AC%20%E8%98%AD%E5%B6%BC%E7%BE%85%E6%BC%A2%E6%9D%BE%20&oid=2150599 HTTP/1.1" 200 4705
66.249.71.239 - - [01/Sep/2015:02:56:54 +0800] "GET /content/repository/resource_content.jsp?oid=2616410 HTTP/1.1" 200 28994
66.249.71.105 - - [01/Sep/2015:02:57:09 +0800] "GET /content/nav/relationSubject.jsp?relationWords=&oid=2560620 HTTP/1.1" 200 1405
66.249.71.229 - - [01/Sep/2015:02:57:26 +0800] "GET /content/subject/resource_content.jsp?oid=16777413&queryType=qs&queryString=%E8%8A%92%E6%9E%9C HTTP/1.1" 200 33470
123.125.71.24 - - [01/Sep/2015:02:57:54 +0800] "GET /content/tmp_exh/resource_content.jsp?oid=16777798&queryString= HTTP/1.1" 200 32372
66.249.71.249 - - [01/Sep/2015:02:59:09 +0800] "GET /digiarch_en/content/nav/relationSubject.jsp?relationWords=%E7%B4%80%E5%BF%B5%E9%A4%A8+%E8%83%A1%E9%81%A9+%E9%81%A9%E4%B9%8B+&oid=16777704 HTTP/1.1" 200 4742
66.249.71.239 - - [01/Sep/2015:02:59:11 +0800] "GET /digiarch_en/content/nav/relationSubject.jsp?relationWords=%E7%B4%80%E5%BF%B5%E9%A4%A8%20%E8%83%A1%E9%81%A9%20%E9%81%A9%E4%B9%8B%20&oid=16777704 HTTP/1.1" 200 4742
66.249.71.196 - - [01/Sep/2015:02:59:31 +0800] "GET /digiarch3/content/repository/resource_content.jsp?oid=15582&queryString=%E6%96%91%E7%9F%B3%20%E6%96%91%E7%9F%B3%E9%AF%9B%20%E7%9F%B3%E9%AF%9B%20%E7%A1%AC%E6%AE%BC%E4%BB%94%20%E9%AF%9B%E7%A7%91 HTTP/1.1" 200 34877
66.249.71.249 - - [01/Sep/2015:02:59:32 +0800] "GET /content/nav/relationSubject.jsp?relationWords=%E5%80%89%E8%B0%B7+&oid=2641309 HTTP/1.1" 200 3066
66.249.71.249 - - [01/Sep/2015:02:59:35 +0800] "GET /content/nav/relationSubject.jsp?relationWords=%E5%80%89%E8%B0%B7%20&oid=2641309 HTTP/1.1" 200 3066
66.249.71.229 - - [01/Sep/2015:02:59:51 +0800] "GET /content/nav/relationSubject.jsp?relationWords=%E5%85%AC%E8%B3%A3%E5%B1%80+%E7%AB%B9%E7%B1%A0+%E8%8F%B8%E9%85%92+%E8%8F%B8%E9%85%92%E5%85%AC%E8%B3%A3+%E8%8F%B8%E9%85%92%E5%85%AC%E8%B3%A3%E5%B1%80+&oid=1577934 HTTP/1.1" 200 5835
66.249.79.200 - - [01/Sep/2015:02:59:57 +0800] "GET /content/nav/relationSubject.jsp?relationWords=%E5%85%AC%E8%B3%A3%E5%B1%80%20%E7%AB%B9%E7%B1%A0%20%E8%8F%B8%E9%85%92%20%E8%8F%B8%E9%85%92%E5%85%AC%E8%B3%A3%20%E8%8F%B8%E9%85%92%E5%85%AC%E8%B3%A3%E5%B1%80%20&oid=1577934 HTTP/1.1" 200 5835
66.249.71.239 - - [01/Sep/2015:03:00:08 +0800] "GET /content/subject/resource_content.jsp?oid=16797287&queryType=qc HTTP/1.1" 200 88347
66.249.71.229 - - [01/Sep/2015:03:00:25 +0800] "GET /digiarch_en/content/repository/resource_content.jsp?oid=1887481&queryString=%E5%87%BA%E5%BC%B5%20%E7%A4%BE%E6%9C%83%E5%AD%B8 HTTP/1.1" 200 24492
66.249.71.249 - - [01/Sep/2015:03:00:44 +0800] "GET /content/subject/resource_content.jsp?oid=16777728 HTTP/1.1" 200 65177
66.249.71.239 - - [01/Sep/2015:03:00:45 +0800] "GET /content/repository/resource_content.jsp?oid=1618801 HTTP/1.1" 200 28862
66.249.79.200 - - [01/Sep/2015:03:00:59 +0800] "GET /digiarch_en/content/nav/relationSubject.jsp?relationWords=%E7%8E%BB%E7%92%83%E7%92%B0+%E9%8E%8F%E9%87%91+%E9%9D%92%E9%8A%85%E5%88%80%E6%9F%84+&oid=16777348 HTTP/1.1" 200 3095
66.249.71.216 - - [01/Sep/2015:03:01:12 +0800] "GET /content/repository/resource_content.jsp?oid=1107696&queryString=%E5%9D%AA%E6%9E%97%E7%A7%8B%E6%B5%B7%E6%A3%A0%20%E7%A7%8B%E6%B5%B7%E6%A3%A0 HTTP/1.1" 200 31691
66.249.79.200 - - [01/Sep/2015:03:02:00 +0800] "GET /content/nav/relationSubject.jsp?relationWords=%E5%91%88%E6%8E%A7+&oid=2686495 HTTP/1.1" 200 3089
66.249.71.239 - - [01/Sep/2015:03:02:18 +0800] "GET /content/nav/relationSubject.jsp?relationWords=%E5%91%88%E6%8E%A7%20&oid=2686495 HTTP/1.1" 200 3089
66.249.71.249 - - [01/Sep/2015:03:02:31 +0800] "GET /content/repository/resource_content.jsp?oid=15363&queryString=%E4%B8%89%E7%B7%9A%E9%9B%9E%E9%AD%9A HTTP/1.1" 200 35135
66.249.71.229 - - [01/Sep/2015:03:02:32 +0800] "GET /content/subject/resource_content.jsp?oid=16777780&queryType=qc HTTP/1.1" 200 33936
66.249.71.229 - - [01/Sep/2015:03:02:35 +0800] "GET /content/repository/resource_content.jsp?oid=3124119 HTTP/1.1" 200 29189
66.249.71.196 - - [01/Sep/2015:03:02:47 +0800] "GET /digiarch3/content/repository/resource_content.jsp?oid=16410&queryString=%E4%BA%94%E7%9C%BC%E6%96%91%20%E5%8D%8A%E9%82%8A%E9%AD%9A%20%E6%89%81%E9%AD%9A%20%E6%AF%94%E7%9B%AE%E9%AD%9A%20%E7%9A%87%E5%B8%9D%E9%AD%9A HTTP/1.1" 200 35036
66.249.71.229 - - [01/Sep/2015:03:03:00 +0800] "GET /content/pictures/picture_content.jsp?oid=33554805 HTTP/1.1" 200 27617
157.55.39.212 - - [01/Sep/2015:03:03:08 +0800] "GET /content/nav/relationSubject.jsp?relationWords=%E7%B4%85%E6%A5%A0+%E8%B1%AC%E8%85%B3%E6%A5%A0+&oid=16777302 HTTP/1.1" 200 3693
157.55.39.212 - - [01/Sep/2015:03:03:28 +0800] "GET /content/nav/relationSubject.jsp?relationWords=%E5%AE%89%E6%B2%99+%E6%A2%93%E5%AE%98%E9%84%89+%E6%B2%99%E9%B9%BF+%E7%9C%81%E6%94%BF%E5%BA%9C+%E7%A7%BB%E9%80%81+%E7%B8%A3%E6%94%BF%E5%BA%9C+%E8%A8%B4%E9%A1%98+%E8%BE%B2%E6%9C%83%E7%90%86%E4%BA%8B+%E9%BB%83%E6%B8%85+&oid=1565432 HTTP/1.1" 200 4479
157.55.39.212 - - [01/Sep/2015:03:03:48 +0800] "GET /content/nav/relationSubject.jsp?relationWords=&oid=16777459 HTTP/1.1" 200 1405
66.249.71.206 - - [01/Sep/2015:03:03:54 +0800] "GET /content/subject/resource_content.jsp?oid=16777617&queryType=qs&queryString=%E5%88%B0%E7%A6%AE HTTP/1.1" 200 61072
123.125.71.112 - - [01/Sep/2015:03:05:10 +0800] "GET /content/repository/resource_content.jsp?oid=2662667 HTTP/1.1" 200 29668
66.249.71.229 - - [01/Sep/2015:03:05:24 +0800] "GET /content/nav/relationSubject.jsp?relationWords=%E5%B0%B1%E6%A5%AD%E6%A9%9F%E6%9C%83+%E9%80%80%E4%BC%91%E5%88%B6%E5%BA%A6+%E9%80%80%E4%BC%91%E9%87%91+&oid=1563360 HTTP/1.1" 200 4737
66.249.71.229 - - [01/Sep/2015:03:05:27 +0800] "GET /content/nav/relationSubject.jsp?relationWords=%E5%B0%B1%E6%A5%AD%E6%A9%9F%E6%9C%83%20%E9%80%80%E4%BC%91%E5%88%B6%E5%BA%A6%20%E9%80%80%E4%BC%91%E9%87%91%20&oid=1563360 HTTP/1.1" 200 4737
66.249.71.249 - - [01/Sep/2015:03:05:40 +0800] "GET /content/nav/relationSubject.jsp?relationWords=%E4%B8%89%E5%BA%9C%E7%A4%BE+%E5%8B%9E%E8%B3%87+&oid=1571149 HTTP/1.1" 200 3541
66.249.71.249 - - [01/Sep/2015:03:05:42 +0800] "GET /content/nav/relationSubject.jsp?relationWords=%E4%B8%89%E5%BA%9C%E7%A4%BE%20%E5%8B%9E%E8%B3%87%20&oid=1571149 HTTP/1.1" 200 3541
66.249.71.249 - - [01/Sep/2015:03:06:16 +0800] "GET /content/subject/resource_content.jsp?oid=16777345&queryString=%E5%8D%97%E6%B9%96%E5%A4%A7%E5%B1%B1%20%E6%9D%9C%E9%B5%91%20%E7%8E%89%E5%B1%B1%E6%9D%9C%E9%B5%91%20%E7%B4%B0%E8%91%89%E6%9D%9C%E9%B5%91%20%E8%A5%BF%E6%96%BD%E8%8A%B1 HTTP/1.1" 200 35119
66.249.71.239 - - [01/Sep/2015:03:06:28 +0800] "GET /content/nav/relationSubject.jsp?relationWords=%E5%9C%AD%E8%A7%92+%E6%9B%BE%E5%9C%AD%E8%A7%92+%E6%9D%9C%E9%A6%99+%E6%9D%9C%E9%A6%99%E5%9C%8B+&oid=1887893 HTTP/1.1" 200 3227
66.249.71.226 - - [01/Sep/2015:03:06:29 +0800] "GET /content/subject/resource_content.jsp?oid=16777688&queryType=qc HTTP/1.1" 200 39211
66.249.71.239 - - [01/Sep/2015:03:06:39 +0800] "GET /content/nav/relationSubject.jsp?relationWords=%E5%9C%AD%E8%A7%92%20%E6%9B%BE%E5%9C%AD%E8%A7%92%20%E6%9D%9C%E9%A6%99%20%E6%9D%9C%E9%A6%99%E5%9C%8B%20&oid=1887893 HTTP/1.1" 200 3227
66.249.71.216 - - [01/Sep/2015:03:06:45 +0800] "GET /content/subject/resource_content.jsp?oid=16777519&queryType=qs&queryString=%E9%80%A0%E6%9E%97%E6%A8%B9%E7%A8%AE HTTP/1.1" 200 36010
66.249.71.239 - - [01/Sep/2015:03:08:41 +0800] "GET /content/repository/resource_content.jsp?oid=1893743 HTTP/1.1" 200 28737
66.249.71.249 - - [01/Sep/2015:03:08:43 +0800] "GET /content/subject/resource_content.jsp?oid=16777443&queryString=%E8%98%AD%E5%B6%BC%E7%BE%85%E6%BC%A2%E6%9D%BE HTTP/1.1" 200 41349
66.249.79.200 - - [01/Sep/2015:03:08:45 +0800] "GET /content/subject/resource_content.jsp?oid=16797257&queryString= HTTP/1.1" 200 47864
66.249.71.249 - - [01/Sep/2015:03:08:55 +0800] "GET /content/repository/resource_content.jsp?oid=4355795&queryString=%E5%8E%9A%E5%94%87%E7%9F%B3%E9%B1%B8 HTTP/1.1" 200 29995
66.249.71.249 - - [01/Sep/2015:03:09:00 +0800] "GET /content/repository/resource_content.jsp?oid=1548818&queryString=%E9%B6%AF%E6%AD%8C HTTP/1.1" 200 29172
66.249.71.226 - - [01/Sep/2015:03:09:22 +0800] "GET /content/subject/resource_content.jsp?oid=16777714&queryString= HTTP/1.1" 200 42393
66.249.71.239 - - [01/Sep/2015:03:09:35 +0800] "GET /content/tmp_exh/resource_content.jsp?oid=16777829&queryString= HTTP/1.1" 200 36223
66.249.71.239 - - [01/Sep/2015:03:09:49 +0800] "GET /content/subject/resource_content.jsp?oid=16777484&queryType=qs&queryString=%E7%A0%94%E7%A9%B6%E5%AE%A4 HTTP/1.1" 200 72137
66.249.71.249 - - [01/Sep/2015:03:10:01 +0800] "GET /content/repository/resource_content.jsp?oid=1103572 HTTP/1.1" 200 30946
66.249.79.193 - - [01/Sep/2015:03:11:52 +0800] "GET /content/repository/resource_content.jsp?oid=1458200 HTTP/1.1" 200 30932
66.249.71.249 - - [01/Sep/2015:03:12:18 +0800] "GET /content/subject/resource_content.jsp?oid=16777736&queryString=%E5%BF%97%E4%BD%B3%E9%99%BD%E6%9D%9C%E9%B5%91%20%E6%9D%9C%E9%B5%91%20%E6%9D%9C%E9%B5%91%E8%8A%B1%20%E7%99%BD%E7%90%89%E7%90%83%E6%9D%9C%E9%B5%91%20%E8%91%97%E7%94%9F%E6%9D%9C%E9%B5%91 HTTP/1.1" 200 43274
66.249.71.226 - - [01/Sep/2015:03:12:33 +0800] "GET /content/repository/resource_content.jsp?oid=2470607&queryString=%E5%8F%B2%E5%8D%9A%E9%A4%A8%20%E6%AD%B7%E5%8F%B2%E5%8D%9A%E7%89%A9%E9%A4%A8%20%E9%9B%86%E5%B9%A3%E5%8D%94%E6%9C%83 HTTP/1.1" 200 30666
66.249.71.229 - - [01/Sep/2015:03:12:45 +0800] "GET /content/repository/resource_content.jsp?oid=1564193 HTTP/1.1" 200 28573
131.253.25.149 - - [01/Sep/2015:03:12:45 +0800] "GET /content/nav/relationSubject.jsp?relationWords=%E7%99%BD%E5%8D%83%E5%B1%A4+&oid=16777287 HTTP/1.1" 200 3852
66.249.71.113 - - [01/Sep/2015:03:13:02 +0800] "GET /content/nav/relationSubject.jsp?relationWords=&oid=2629957 HTTP/1.1" 200 1405
66.249.71.239 - - [01/Sep/2015:03:13:06 +0800] "GET /content/nav/relationSubject.jsp?relationWords=%E5%9C%B0%E4%B8%8B%E9%81%93+&oid=1599524 HTTP/1.1" 200 19359
66.249.79.207 - - [01/Sep/2015:03:13:11 +0800] "GET /content/nav/relationSubject.jsp?relationWords=%E5%9C%B0%E4%B8%8B%E9%81%93%20&oid=1599524 HTTP/1.1" 200 19359
66.249.71.216 - - [01/Sep/2015:03:13:14 +0800] "GET /content/nav/relationSubject.jsp?relationWords=%E6%97%97%E6%BC%A2%E8%BB%8D+%E6%AD%A3%E8%97%8D%E6%97%97+&oid=2687662 HTTP/1.1" 200 3170
66.249.71.226 - - [01/Sep/2015:03:13:16 +0800] "GET /content/nav/relationSubject.jsp?relationWords=%E6%97%97%E6%BC%A2%E8%BB%8D%20%E6%AD%A3%E8%97%8D%E6%97%97%20&oid=2687662 HTTP/1.1" 200 3170
66.249.71.217 - - [01/Sep/2015:03:15:01 +0800] "GET /digiarch3/content/subject/resource_content.jsp?oid=16777581&queryType=qs&queryString=%E6%9D%8E%E8%90%AC%E5%B1%85 HTTP/1.1" 200 48394
