66.249.71.239 - - [01/Oct/2015:00:00:01 +0800] "GET /content/repository/resource_content.jsp?oid=1879933 HTTP/1.1" 200 28744
66.249.71.229 - - [01/Oct/2015:00:00:06 +0800] "GET /content/nav/relationSubject.jsp?relationWords=%E7%B4%A1%E7%B9%94%E6%A5%AD+%E8%A3%95%E6%B0%91+&oid=1541589 HTTP/1.1" 200 3330
66.249.71.249 - - [01/Oct/2015:00:00:08 +0800] "GET /content/nav/relationSubject.jsp?relationWords=%E7%B4%A1%E7%B9%94%E6%A5%AD%20%E8%A3%95%E6%B0%91%20&oid=1541589 HTTP/1.1" 200 3330
66.249.71.249 - - [01/Oct/2015:00:00:15 +0800] "GET /content/repository/resource_content.jsp?oid=1879953 HTTP/1.1" 200 28745
66.249.71.229 - - [01/Oct/2015:00:00:20 +0800] "GET /content/nav/relationSubject.jsp?relationWords=%E9%99%B8%E6%B8%AC%E5%9C%96+&oid=226642 HTTP/1.1" 200 3079
66.249.71.229 - - [01/Oct/2015:00:00:21 +0800] "GET /content/nav/relationSubject.jsp?relationWords=%E8%BE%B2%E5%9C%B0%E9%87%8D%E5%8A%83+%E9%87%8D%E5%8A%83%E5%8D%80+&oid=1616908 HTTP/1.1" 200 3930
66.249.71.249 - - [01/Oct/2015:00:00:22 +0800] "GET /content/nav/relationSubject.jsp?relationWords=%E9%99%B8%E6%B8%AC%E5%9C%96%20&oid=226642 HTTP/1.1" 200 3079
66.249.71.239 - - [01/Oct/2015:00:00:23 +0800] "GET /content/nav/relationSubject.jsp?relationWords=%E8%BE%B2%E5%9C%B0%E9%87%8D%E5%8A%83%20%E9%87%8D%E5%8A%83%E5%8D%80%20&oid=1616908 HTTP/1.1" 200 3930
66.249.71.229 - - [01/Oct/2015:00:00:29 +0800] "GET /content/repository/resource_content.jsp?oid=197286 HTTP/1.1" 200 29762
66.249.71.229 - - [01/Oct/2015:00:00:43 +0800] "GET /content/repository/resource_content.jsp?oid=1880299 HTTP/1.1" 200 29863
106.38.241.163 - - [01/Oct/2015:00:00:52 +0800] "GET /digiarch_en/content/pictures/picture_content.jsp?oid=33554880&queryType=qc HTTP/1.1" 200 22106
66.249.79.200 - - [01/Oct/2015:00:00:58 +0800] "GET /content/repository/resource_content.jsp?oid=1881021 HTTP/1.1" 200 28817
66.249.79.193 - - [01/Oct/2015:00:01:00 +0800] "GET /content/nav/relationSubject.jsp?relationWords=%E4%BC%8A%E6%98%A5+%E5%96%AE%E8%89%B2+%E6%9D%B1%E5%8C%97%E5%9C%B0%E5%8D%80+&oid=197286 HTTP/1.1" 200 3292
66.249.71.249 - - [01/Oct/2015:00:01:02 +0800] "GET /content/nav/relationSubject.jsp?relationWords=%E4%BC%8A%E6%98%A5%20%E5%96%AE%E8%89%B2%20%E6%9D%B1%E5%8C%97%E5%9C%B0%E5%8D%80%20&oid=197286 HTTP/1.1" 200 3292
66.249.71.229 - - [01/Oct/2015:00:01:11 +0800] "GET /content/repository/resource_content.jsp?oid=1881172 HTTP/1.1" 200 28817
66.249.71.249 - - [01/Oct/2015:00:01:13 +0800] "GET /content/nav/relationSubject.jsp?relationWords=%E9%8C%A2%E7%B3%A7+%E9%BB%83%E5%86%8A+&oid=2557863 HTTP/1.1" 200 5295
66.249.71.229 - - [01/Oct/2015:00:01:16 +0800] "GET /content/nav/relationSubject.jsp?relationWords=%E9%8C%A2%E7%B3%A7%20%E9%BB%83%E5%86%8A%20&oid=2557863 HTTP/1.1" 200 5295
106.38.241.163 - - [01/Oct/2015:00:01:19 +0800] "GET /digiarch_en/content/pictures/picture_content.jsp?oid=33554796 HTTP/1.1" 200 21532
66.249.71.229 - - [01/Oct/2015:00:01:25 +0800] "GET /content/repository/resource_content.jsp?oid=1886602 HTTP/1.1" 200 29100
66.249.71.249 - - [01/Oct/2015:00:01:39 +0800] "GET /content/repository/resource_content.jsp?oid=2677482 HTTP/1.1" 200 28851
66.249.71.239 - - [01/Oct/2015:00:01:54 +0800] "GET /content/repository/resource_content.jsp?oid=1880500 HTTP/1.1" 200 28744
106.38.241.163 - - [01/Oct/2015:00:01:55 +0800] "GET /digiarch_en/content/repository/resource_content.jsp?oid=523747&queryType=qc HTTP/1.1" 200 27659
66.249.71.249 - - [01/Oct/2015:00:02:07 +0800] "GET /content/repository/resource_content.jsp?oid=1881094 HTTP/1.1" 200 28817
66.249.71.239 - - [01/Oct/2015:00:02:11 +0800] "GET /content/nav/relationSubject.jsp?relationWords=%E8%87%BA%E7%81%A3%E7%B8%BD%E7%9D%A3%E5%BA%9C+&oid=1303742 HTTP/1.1" 200 3393
66.249.71.239 - - [01/Oct/2015:00:02:13 +0800] "GET /content/nav/relationSubject.jsp?relationWords=%E8%87%BA%E7%81%A3%E7%B8%BD%E7%9D%A3%E5%BA%9C%20&oid=1303742 HTTP/1.1" 200 3393
106.38.241.163 - - [01/Oct/2015:00:02:14 +0800] "GET /digiarch_en/content/repository/resource_content.jsp?oid=1125273&queryType=qc HTTP/1.1" 200 24884
66.249.79.193 - - [01/Oct/2015:00:02:14 +0800] "GET /content/nav/relationSubject.jsp?relationWords=%E5%AD%94%E8%9D%A6%E8%99%8E%E9%AD%9A+%E6%AB%9B%E8%B5%A4%E9%AF%8A+%E8%9D%A6%E8%99%8E%E7%A7%91+&oid=16155 HTTP/1.1" 200 3225
66.249.71.206 - - [01/Oct/2015:00:02:16 +0800] "GET /content/nav/relationSubject.jsp?relationWords=%E7%BE%85%E9%A6%AC%E5%AD%97+&oid=1535108 HTTP/1.1" 200 3463
66.249.71.216 - - [01/Oct/2015:00:02:18 +0800] "GET /content/nav/relationSubject.jsp?relationWords=%E7%BE%85%E9%A6%AC%E5%AD%97%20&oid=1535108 HTTP/1.1" 200 3463
66.249.71.249 - - [01/Oct/2015:00:02:18 +0800] "GET /content/nav/relationSubject.jsp?relationWords=%E5%AD%94%E8%9D%A6%E8%99%8E%E9%AD%9A%20%E6%AB%9B%E8%B5%A4%E9%AF%8A%20%E8%9D%A6%E8%99%8E%E7%A7%91%20&oid=16155 HTTP/1.1" 200 3225
66.249.71.249 - - [01/Oct/2015:00:02:21 +0800] "GET /content/repository/resource_content.jsp?oid=1816531 HTTP/1.1" 200 28352
66.249.71.239 - - [01/Oct/2015:00:02:35 +0800] "GET /content/repository/resource_content.jsp?oid=1827297 HTTP/1.1" 200 28635
106.38.241.163 - - [01/Oct/2015:00:02:35 +0800] "GET /content/subject/resource_content.jsp?oid=16777310&queryType=qc HTTP/1.1" 200 28118
66.249.71.229 - - [01/Oct/2015:00:02:49 +0800] "GET /content/repository/resource_content.jsp?oid=200512 HTTP/1.1" 200 29767
66.249.79.207 - - [01/Oct/2015:00:02:51 +0800] "GET /content/nav/relationSubject.jsp?relationWords=%E8%8A%B1%E9%AA%A8%E6%9F%B6+&oid=1863410 HTTP/1.1" 200 2990
66.249.71.249 - - [01/Oct/2015:00:02:55 +0800] "GET /content/nav/relationSubject.jsp?relationWords=&oid=2576508 HTTP/1.1" 200 1405
66.249.79.200 - - [01/Oct/2015:00:02:56 +0800] "GET /content/nav/relationSubject.jsp?relationWords=%E8%8A%B1%E9%AA%A8%E6%9F%B6%20&oid=1863410 HTTP/1.1" 200 2990
66.249.79.200 - - [01/Oct/2015:00:03:03 +0800] "GET /content/repository/resource_content.jsp?oid=1880186 HTTP/1.1" 200 28389
66.249.79.200 - - [01/Oct/2015:00:03:04 +0800] "GET /content/repository/resource_content.jsp?oid=173781 HTTP/1.1" 200 29944
66.249.71.239 - - [01/Oct/2015:00:03:15 +0800] "GET /content/nav/relationSubject.jsp?relationWords=%E5%90%88%E4%BD%9C%E7%A4%BE+%E5%AF%A6%E6%83%85%E6%A1%88+&oid=1628568 HTTP/1.1" 200 5708
66.249.71.229 - - [01/Oct/2015:00:03:17 +0800] "GET /content/repository/resource_content.jsp?oid=192621 HTTP/1.1" 200 29733
66.249.71.239 - - [01/Oct/2015:00:03:17 +0800] "GET /content/nav/relationSubject.jsp?relationWords=%E5%90%88%E4%BD%9C%E7%A4%BE%20%E5%AF%A6%E6%83%85%E6%A1%88%20&oid=1628568 HTTP/1.1" 200 5708
66.249.71.229 - - [01/Oct/2015:00:03:30 +0800] "GET /content/nav/relationSubject.jsp?relationWords=%E4%B8%8B%E6%B7%A1%E6%B0%B4%E6%BA%AA%20%E6%A9%AB%E6%96%B7%E5%9C%96%20&oid=173740 HTTP/1.1" 200 3594
66.249.71.229 - - [01/Oct/2015:00:03:31 +0800] "GET /content/repository/resource_content.jsp?oid=191203 HTTP/1.1" 200 29830
66.249.71.229 - - [01/Oct/2015:00:03:39 +0800] "GET /content/nav/relationSubject.jsp?relationWords=&oid=1563873 HTTP/1.1" 200 1405
66.249.79.207 - - [01/Oct/2015:00:03:45 +0800] "GET /content/repository/resource_content.jsp?oid=1618740 HTTP/1.1" 200 28593
66.249.71.229 - - [01/Oct/2015:00:03:46 +0800] "GET /content/nav/relationSubject.jsp?relationWords=%E9%AD%9A%E9%AC%B2+&oid=1820060 HTTP/1.1" 200 2778
66.249.71.229 - - [01/Oct/2015:00:03:48 +0800] "GET /content/nav/relationSubject.jsp?relationWords=%E9%AD%9A%E9%AC%B2%20&oid=1820060 HTTP/1.1" 200 2778
66.249.71.249 - - [01/Oct/2015:00:03:59 +0800] "GET /content/repository/resource_content.jsp?oid=1863300 HTTP/1.1" 200 29638
66.249.71.229 - - [01/Oct/2015:00:04:13 +0800] "GET /content/repository/resource_content.jsp?oid=1833754 HTTP/1.1" 200 28631
66.249.71.229 - - [01/Oct/2015:00:04:14 +0800] "GET /content/nav/relationSubject.jsp?relationWords=&oid=2601052 HTTP/1.1" 200 1405
66.249.71.229 - - [01/Oct/2015:00:04:27 +0800] "GET /content/repository/resource_content.jsp?oid=1859412 HTTP/1.1" 200 29115
66.249.71.229 - - [01/Oct/2015:00:04:41 +0800] "GET /content/repository/resource_content.jsp?oid=290149 HTTP/1.1" 200 28334
106.38.241.163 - - [01/Oct/2015:00:04:51 +0800] "GET /content/tmp_exh/resource_content.jsp?oid=16777763&queryType=qc%201889 HTTP/1.1" 200 31603
66.249.79.193 - - [01/Oct/2015:00:04:55 +0800] "GET /content/repository/resource_content.jsp?oid=1893828 HTTP/1.1" 200 28401
123.192.21.21 - - [01/Oct/2015:00:05:03 +0800] "GET /content/subject/resource_content.jsp?oid=16797240&queryType=qc HTTP/1.1" 200 42460
123.192.21.21 - - [01/Oct/2015:00:05:04 +0800] "GET /content/nav/relationSubject.jsp?relationWords=&oid=16797240 HTTP/1.1" 200 1405
66.249.71.239 - - [01/Oct/2015:00:05:09 +0800] "GET /content/repository/resource_content.jsp?oid=2578802 HTTP/1.1" 200 28636
68.180.228.24 - - [01/Oct/2015:00:05:14 +0800] "GET /content/subject/resource_content.jsp?oid=16777585&queryType=qc HTTP/1.1" 200 40530
66.249.79.207 - - [01/Oct/2015:00:05:24 +0800] "GET /content/repository/resource_content.jsp?oid=1634387 HTTP/1.1" 200 28485
66.249.71.249 - - [01/Oct/2015:00:05:27 +0800] "GET /content/nav/relationSubject.jsp?relationWords=%E5%B1%85%E5%BB%B6%E6%BC%A2%E7%B0%A1+%E6%BC%A2%E7%B0%A1+&oid=290149 HTTP/1.1" 200 3898
66.249.71.229 - - [01/Oct/2015:00:05:29 +0800] "GET /content/nav/relationSubject.jsp?relationWords=%E5%B1%85%E5%BB%B6%E6%BC%A2%E7%B0%A1%20%E6%BC%A2%E7%B0%A1%20&oid=290149 HTTP/1.1" 200 3898
66.249.71.249 - - [01/Oct/2015:00:05:31 +0800] "GET /content/nav/relationSubject.jsp?relationWords=%E5%96%AE%E8%89%B2+%E7%B6%8F%E9%81%A0%E5%9C%B0%E5%8D%80+&oid=191145 HTTP/1.1" 200 3257
66.249.71.249 - - [01/Oct/2015:00:05:33 +0800] "GET /content/nav/relationSubject.jsp?relationWords=%E5%96%AE%E8%89%B2%20%E7%B6%8F%E9%81%A0%E5%9C%B0%E5%8D%80%20&oid=191145 HTTP/1.1" 200 3257
66.249.71.229 - - [01/Oct/2015:00:05:37 +0800] "GET /content/repository/resource_content.jsp?oid=200975 HTTP/1.1" 200 29770
66.249.71.249 - - [01/Oct/2015:00:05:51 +0800] "GET /content/repository/resource_content.jsp?oid=196026 HTTP/1.1" 200 29713
220.181.108.118 - - [01/Oct/2015:00:06:02 +0800] "GET /content/subject/resource_content.jsp?oid=16777431 HTTP/1.1" 200 36759
66.249.71.249 - - [01/Oct/2015:00:06:05 +0800] "GET /content/repository/resource_content.jsp?oid=280396 HTTP/1.1" 200 29326
66.249.71.239 - - [01/Oct/2015:00:06:19 +0800] "GET /content/repository/resource_content.jsp?oid=192418 HTTP/1.1" 200 29753
66.249.79.193 - - [01/Oct/2015:00:06:33 +0800] "GET /content/repository/resource_content.jsp?oid=1124758&queryString=%E4%B8%AD%E8%85%B9%E8%B6%B3%E7%9B%AE%20%E5%B1%B1%E8%9D%B8%E7%89%9B%E7%A7%91%20%E8%85%B9%E8%B6%B3%E7%B6%B1%20%E8%BB%9F%E9%AB%94%E5%8B%95%E7%89%A9%E9%96%80%20%E9%AB%98%E5%A1%94%E5%BE%AE%E5%B1%B1%E8%9D%B8%E7%89%9B HTTP/1.1" 200 32788
66.249.71.249 - - [01/Oct/2015:00:06:47 +0800] "GET /content/repository/resource_content.jsp?oid=1779815 HTTP/1.1" 200 27440
66.249.79.193 - - [01/Oct/2015:00:06:49 +0800] "GET /content/nav/relationSubject.jsp?relationWords=%E6%8B%93%E7%89%87+%E7%94%B2%E9%AA%A8%E6%96%87+&oid=1833754 HTTP/1.1" 200 4578
66.249.71.229 - - [01/Oct/2015:00:06:51 +0800] "GET /content/nav/relationSubject.jsp?relationWords=%E6%8B%93%E7%89%87%20%E7%94%B2%E9%AA%A8%E6%96%87%20&oid=1833754 HTTP/1.1" 200 4578
66.249.71.217 - - [01/Oct/2015:00:06:57 +0800] "GET /digiarch3/content/repository/resource_content.jsp?oid=1123782&queryType=qs&queryString=%E6%B5%B7%E6%89%87%E8%9B%A4 HTTP/1.1" 200 36896
66.249.79.200 - - [01/Oct/2015:00:07:02 +0800] "GET /content/repository/resource_content.jsp?oid=1828948 HTTP/1.1" 200 28633
66.249.71.45 - - [01/Oct/2015:00:07:07 +0800] "GET /content/nav/relationSubject.jsp?relationWords=%E4%BA%A4%E5%8A%9B%E5%9D%AA%E9%90%B5%E8%89%B2+%E5%A4%A7%E6%88%9F+%E5%A4%A7%E6%88%9F%E7%A7%91+%E6%A4%8D%E7%89%A9%E7%95%8C+%E9%90%B5%E8%89%B2%E5%B1%AC+&oid=1462918 HTTP/1.1" 200 3400
66.249.71.54 - - [01/Oct/2015:00:07:11 +0800] "GET /content/nav/relationSubject.jsp?relationWords=%E4%BA%A4%E5%8A%9B%E5%9D%AA%E9%90%B5%E8%89%B2%20%E5%A4%A7%E6%88%9F%20%E5%A4%A7%E6%88%9F%E7%A7%91%20%E6%A4%8D%E7%89%A9%E7%95%8C%20%E9%90%B5%E8%89%B2%E5%B1%AC%20&oid=1462918 HTTP/1.1" 200 3400
66.249.71.239 - - [01/Oct/2015:00:07:12 +0800] "GET /content/nav/relationSubject.jsp?relationWords=&oid=2578802 HTTP/1.1" 200 1405
66.249.71.229 - - [01/Oct/2015:00:07:15 +0800] "GET /content/repository/resource_content.jsp?oid=1894089 HTTP/1.1" 200 28411
66.249.71.216 - - [01/Oct/2015:00:07:29 +0800] "GET /content/subject/resource_content.jsp?oid=16777488&queryType=qs&queryString=%E9%99%B3%E6%AD%A3%E5%B9%B3 HTTP/1.1" 200 60850
66.249.71.249 - - [01/Oct/2015:00:07:39 +0800] "GET /content/nav/relationSubject.jsp?relationWords=%E5%BC%B5%E6%98%8E+%E7%9B%A7%E9%80%B8%E5%B3%B0+&oid=1894089 HTTP/1.1" 200 3189
66.249.71.239 - - [01/Oct/2015:00:07:42 +0800] "GET /content/nav/relationSubject.jsp?relationWords=%E5%BC%B5%E6%98%8E%20%E7%9B%A7%E9%80%B8%E5%B3%B0%20&oid=1894089 HTTP/1.1" 200 3189
66.249.71.229 - - [01/Oct/2015:00:07:44 +0800] "GET /content/repository/resource_content.jsp?oid=1823510 HTTP/1.1" 200 28625
66.249.71.249 - - [01/Oct/2015:00:07:52 +0800] "GET /content/nav/relationSubject.jsp?relationWords=%E5%96%AE%E8%89%B2+%E5%BB%A3%E6%9D%B1%E5%9C%B0%E5%8D%80+&oid=195255 HTTP/1.1" 200 3257
66.249.71.249 - - [01/Oct/2015:00:07:54 +0800] "GET /content/nav/relationSubject.jsp?relationWords=%E5%96%AE%E8%89%B2%20%E5%BB%A3%E6%9D%B1%E5%9C%B0%E5%8D%80%20&oid=195255 HTTP/1.1" 200 3257
66.249.71.239 - - [01/Oct/2015:00:07:58 +0800] "GET /content/repository/resource_content.jsp?oid=1834039 HTTP/1.1" 200 29476
66.249.79.193 - - [01/Oct/2015:00:08:12 +0800] "GET /content/repository/resource_content.jsp?oid=1826712 HTTP/1.1" 200 28634
66.249.71.239 - - [01/Oct/2015:00:08:12 +0800] "GET /content/nav/relationSubject.jsp?relationWords=%E9%BE%9C%E7%94%B2%E5%8D%9C%E8%BE%AD%E6%AE%98%E7%89%87+&oid=1880500 HTTP/1.1" 200 3071
66.249.79.200 - - [01/Oct/2015:00:08:14 +0800] "GET /content/nav/relationSubject.jsp?relationWords=%E9%BE%9C%E7%94%B2%E5%8D%9C%E8%BE%AD%E6%AE%98%E7%89%87%20&oid=1880500 HTTP/1.1" 200 3071
66.249.71.249 - - [01/Oct/2015:00:08:25 +0800] "GET /content/repository/resource_content.jsp?oid=707978 HTTP/1.1" 200 28325
66.249.71.239 - - [01/Oct/2015:00:08:25 +0800] "GET /content/nav/relationSubject.jsp?relationWords=%E8%B1%AC%E7%89%99%E9%91%B2%E5%B5%8C%E7%89%87+&oid=1863601 HTTP/1.1" 200 3044
66.249.71.249 - - [01/Oct/2015:00:08:28 +0800] "GET /content/nav/relationSubject.jsp?relationWords=%E8%B1%AC%E7%89%99%E9%91%B2%E5%B5%8C%E7%89%87%20&oid=1863601 HTTP/1.1" 200 3044
66.249.71.239 - - [01/Oct/2015:00:08:29 +0800] "GET /content/nav/relationSubject.jsp?relationWords=%E8%9A%8C%E6%AE%BC+&oid=1847246 HTTP/1.1" 200 2966
66.249.71.239 - - [01/Oct/2015:00:08:30 +0800] "GET /content/nav/relationSubject.jsp?relationWords=%E8%9A%8C%E6%AE%BC%20&oid=1847246 HTTP/1.1" 200 2966
180.76.15.134 - - [01/Oct/2015:00:08:32 +0800] "GET /digiarch_en/content/repository/resource_content.jsp?oid=2148876&queryString=%E9%9D%92%E5%89%9B%E6%AB%9F HTTP/1.1" 200 23759
66.249.79.200 - - [01/Oct/2015:00:08:33 +0800] "GET /content/nav/relationSubject.jsp?relationWords=%E7%B4%84%E5%B3%B6%E5%9B%BA%E6%9B%B2%E9%BD%92%E9%AF%9B+%E9%9B%80%E9%AF%9B%E7%A7%91+&oid=20668 HTTP/1.1" 200 3258
66.249.79.207 - - [01/Oct/2015:00:08:35 +0800] "GET /content/nav/relationSubject.jsp?relationWords=%E7%B4%84%E5%B3%B6%E5%9B%BA%E6%9B%B2%E9%BD%92%E9%AF%9B%20%E9%9B%80%E9%AF%9B%E7%A7%91%20&oid=20668 HTTP/1.1" 200 3258
207.46.13.101 - - [01/Oct/2015:00:08:35 +0800] "GET /digiarch_en/content/tmp_tec/resource_content.jsp?oid=16777714 HTTP/1.1" 200 32838
66.249.71.229 - - [01/Oct/2015:00:08:36 +0800] "GET /content/nav/relationSubject.jsp?relationWords=&oid=766426 HTTP/1.1" 200 1405
66.249.71.239 - - [01/Oct/2015:00:08:39 +0800] "GET /content/repository/resource_content.jsp?oid=174538 HTTP/1.1" 200 30068
66.249.71.239 - - [01/Oct/2015:00:08:53 +0800] "GET /content/repository/resource_content.jsp?oid=1893953 HTTP/1.1" 200 28407
66.249.79.200 - - [01/Oct/2015:00:09:07 +0800] "GET /content/repository/resource_content.jsp?oid=2574935 HTTP/1.1" 200 29064
66.249.79.193 - - [01/Oct/2015:00:09:08 +0800] "GET /content/nav/relationSubject.jsp?relationWords=%E9%AA%A8%E7%AE%AD%E9%A0%AD+&oid=1859412 HTTP/1.1" 200 2990
66.249.71.249 - - [01/Oct/2015:00:09:09 +0800] "GET /content/nav/relationSubject.jsp?relationWords=%E9%AA%A8%E7%AE%AD%E9%A0%AD%20&oid=1859412 HTTP/1.1" 200 2990
66.249.71.229 - - [01/Oct/2015:00:09:12 +0800] "GET /content/nav/relationSubject.jsp?relationWords=%E9%99%B8%E6%B8%AC%E5%9C%96+&oid=174538 HTTP/1.1" 200 3079
66.249.79.193 - - [01/Oct/2015:00:09:14 +0800] "GET /content/nav/relationSubject.jsp?relationWords=%E9%99%B8%E6%B8%AC%E5%9C%96%20&oid=174538 HTTP/1.1" 200 3079
66.249.71.229 - - [01/Oct/2015:00:09:21 +0800] "GET /content/repository/resource_content.jsp?oid=691906 HTTP/1.1" 200 29200
66.249.71.239 - - [01/Oct/2015:00:09:23 +0800] "GET /content/nav/relationSubject.jsp?relationWords=%E9%BE%9C%E7%94%B2%E5%8D%9C%E8%BE%AD%E6%AE%98%E7%89%87+&oid=1874113 HTTP/1.1" 200 3071
66.249.79.200 - - [01/Oct/2015:00:09:27 +0800] "GET /content/nav/relationSubject.jsp?relationWords=%E9%BE%9C%E7%94%B2%E5%8D%9C%E8%BE%AD%E6%AE%98%E7%89%87%20&oid=1874113 HTTP/1.1" 200 3071
66.249.71.239 - - [01/Oct/2015:00:09:35 +0800] "GET /content/repository/resource_content.jsp?oid=2609850 HTTP/1.1" 200 29601
66.249.71.229 - - [01/Oct/2015:00:09:40 +0800] "GET /content/repository/resource_content.jsp?oid=2547035 HTTP/1.1" 200 28661
66.249.79.207 - - [01/Oct/2015:00:09:49 +0800] "GET /content/repository/resource_content.jsp?oid=179724 HTTP/1.1" 200 30079
66.249.71.249 - - [01/Oct/2015:00:10:03 +0800] "GET /content/repository/resource_content.jsp?oid=201219 HTTP/1.1" 200 29716
66.249.71.249 - - [01/Oct/2015:00:10:17 +0800] "GET /content/repository/resource_content.jsp?oid=19207 HTTP/1.1" 200 29704
66.249.79.193 - - [01/Oct/2015:00:10:28 +0800] "GET /content/nav/relationSubject.jsp?relationWords=%E5%96%AE%E8%89%B2+%E6%BE%97%E5%B6%BA%E5%BA%97+&oid=200056 HTTP/1.1" 200 3242
66.249.71.229 - - [01/Oct/2015:00:10:30 +0800] "GET /content/nav/relationSubject.jsp?relationWords=%E5%96%AE%E8%89%B2%20%E6%BE%97%E5%B6%BA%E5%BA%97%20&oid=200056 HTTP/1.1" 200 3242
66.249.79.207 - - [01/Oct/2015:00:10:32 +0800] "GET /content/repository/resource_content.jsp?oid=197577 HTTP/1.1" 200 29780
66.249.71.239 - - [01/Oct/2015:00:10:33 +0800] "GET /content/nav/relationSubject.jsp?relationWords=&oid=2559168 HTTP/1.1" 200 1405
66.249.71.207 - - [01/Oct/2015:00:10:45 +0800] "GET /digiarch3/content/repository/resource_content.jsp?oid=1593746&queryType=qs&queryString=%E8%AD%B7%E7%90%86%E4%BA%BA%E5%93%A1 HTTP/1.1" 200 31170
66.249.79.207 - - [01/Oct/2015:00:10:46 +0800] "GET /content/nav/relationSubject.jsp?relationWords=%E9%9B%B2%E8%B1%B9+%E9%AD%AF%E5%87%B1%E6%97%8F+%E9%AD%AF%E5%87%B1%E9%83%A8%E8%90%BD+&oid=1779815 HTTP/1.1" 200 3126
66.249.71.229 - - [01/Oct/2015:00:10:48 +0800] "GET /content/nav/relationSubject.jsp?relationWords=%E9%9B%B2%E8%B1%B9%20%E9%AD%AF%E5%87%B1%E6%97%8F%20%E9%AD%AF%E5%87%B1%E9%83%A8%E8%90%BD%20&oid=1779815 HTTP/1.1" 200 3126
66.249.79.207 - - [01/Oct/2015:00:10:59 +0800] "GET /content/repository/resource_content.jsp?oid=2579010 HTTP/1.1" 200 29080
66.249.71.196 - - [01/Oct/2015:00:11:13 +0800] "GET /content/repository/resource_content.jsp?oid=15852&queryType=qs&queryString=%E6%BE%B3%E5%A4%A7%E5%88%A9%E4%BA%9E HTTP/1.1" 200 35901
66.249.79.200 - - [01/Oct/2015:00:11:28 +0800] "GET /content/repository/resource_content.jsp?oid=2595640 HTTP/1.1" 200 28851
66.249.71.239 - - [01/Oct/2015:00:11:41 +0800] "GET /content/repository/resource_content.jsp?oid=2576571 HTTP/1.1" 200 28794
66.249.71.229 - - [01/Oct/2015:00:11:53 +0800] "GET /content/nav/relationSubject.jsp?relationWords=&oid=24565 HTTP/1.1" 200 1405
66.249.71.229 - - [01/Oct/2015:00:11:56 +0800] "GET /content/repository/resource_content.jsp?oid=21318 HTTP/1.1" 200 29607
66.249.79.200 - - [01/Oct/2015:00:12:01 +0800] "GET /content/nav/relationSubject.jsp?relationWords=%E6%8B%93%E7%89%87+%E7%94%B2%E9%AA%A8%E6%96%87+&oid=1823510 HTTP/1.1" 200 4578
66.249.71.229 - - [01/Oct/2015:00:12:03 +0800] "GET /content/nav/relationSubject.jsp?relationWords=%E6%8B%93%E7%89%87%20%E7%94%B2%E9%AA%A8%E6%96%87%20&oid=1823510 HTTP/1.1" 200 4578
66.249.71.239 - - [01/Oct/2015:00:12:09 +0800] "GET /content/repository/resource_content.jsp?oid=1618456 HTTP/1.1" 200 28696
66.249.71.249 - - [01/Oct/2015:00:12:14 +0800] "GET /content/nav/relationSubject.jsp?relationWords=%E5%96%AE%E8%89%B2+%E8%A8%AD%E6%B2%BB%E5%B1%80+&oid=192418 HTTP/1.1" 200 3242
66.249.71.239 - - [01/Oct/2015:00:12:16 +0800] "GET /content/nav/relationSubject.jsp?relationWords=%E5%96%AE%E8%89%B2%20%E8%A8%AD%E6%B2%BB%E5%B1%80%20&oid=192418 HTTP/1.1" 200 3242
66.249.71.239 - - [01/Oct/2015:00:12:23 +0800] "GET /content/repository/resource_content.jsp?oid=1532153 HTTP/1.1" 200 29023
66.249.71.229 - - [01/Oct/2015:00:12:27 +0800] "GET /content/nav/relationSubject.jsp?relationWords=%E5%9C%B0%E5%BD%A2%E5%9C%96+%E9%9D%88%E9%82%B1%E7%B8%A3+&oid=177020 HTTP/1.1" 200 3116
66.249.71.249 - - [01/Oct/2015:00:12:28 +0800] "GET /content/nav/relationSubject.jsp?relationWords=%E5%9C%B0%E5%BD%A2%E5%9C%96%20%E9%9D%88%E9%82%B1%E7%B8%A3%20&oid=177020 HTTP/1.1" 200 3116
66.249.71.229 - - [01/Oct/2015:00:12:37 +0800] "GET /content/repository/resource_content.jsp?oid=1863794 HTTP/1.1" 200 29172
66.249.71.229 - - [01/Oct/2015:00:12:40 +0800] "GET /content/nav/relationSubject.jsp?relationWords=&oid=735163 HTTP/1.1" 200 1405
66.249.71.229 - - [01/Oct/2015:00:12:43 +0800] "GET /content/nav/relationSubject.jsp?relationWords=%E5%96%AE%E8%89%B2+%E6%9D%B1%E5%8C%97%E5%9C%B0%E5%8D%80+&oid=200512 HTTP/1.1" 200 3257
66.249.79.200 - - [01/Oct/2015:00:12:45 +0800] "GET /content/nav/relationSubject.jsp?relationWords=%E5%96%AE%E8%89%B2%20%E6%9D%B1%E5%8C%97%E5%9C%B0%E5%8D%80%20&oid=200512 HTTP/1.1" 200 3257
66.249.71.229 - - [01/Oct/2015:00:12:46 +0800] "GET /content/nav/relationSubject.jsp?relationWords=%E6%8B%93%E7%89%87+%E7%94%B2%E9%AA%A8%E6%96%87+&oid=1828948 HTTP/1.1" 200 4578
66.249.71.239 - - [01/Oct/2015:00:12:48 +0800] "GET /content/nav/relationSubject.jsp?relationWords=%E6%8B%93%E7%89%87%20%E7%94%B2%E9%AA%A8%E6%96%87%20&oid=1828948 HTTP/1.1" 200 4578
66.249.71.239 - - [01/Oct/2015:00:12:51 +0800] "GET /content/repository/resource_content.jsp?oid=221859 HTTP/1.1" 200 30068
66.249.71.239 - - [01/Oct/2015:00:13:05 +0800] "GET /content/repository/resource_content.jsp?oid=1892356 HTTP/1.1" 200 28286
66.249.71.239 - - [01/Oct/2015:00:13:10 +0800] "GET /content/nav/relationSubject.jsp?relationWords=%E5%96%AE%E8%89%B2+%E7%B6%8F%E9%81%A0%E5%9C%B0%E5%8D%80+&oid=191203 HTTP/1.1" 200 3257
66.249.71.249 - - [01/Oct/2015:00:13:11 +0800] "GET /content/nav/relationSubject.jsp?relationWords=%E5%96%AE%E8%89%B2%20%E7%B6%8F%E9%81%A0%E5%9C%B0%E5%8D%80%20&oid=191203 HTTP/1.1" 200 3257
66.249.71.239 - - [01/Oct/2015:00:13:19 +0800] "GET /content/repository/resource_content.jsp?oid=2626530 HTTP/1.1" 200 29113
66.249.71.229 - - [01/Oct/2015:00:13:27 +0800] "GET /content/nav/relationSubject.jsp?relationWords=%E9%BE%9C%E7%94%B2%E5%8D%9C%E8%BE%AD%E6%AE%98%E7%89%87+&oid=1842900 HTTP/1.1" 200 3071
66.249.71.239 - - [01/Oct/2015:00:13:29 +0800] "GET /content/nav/relationSubject.jsp?relationWords=%E9%BE%9C%E7%94%B2%E5%8D%9C%E8%BE%AD%E6%AE%98%E7%89%87%20&oid=1842900 HTTP/1.1" 200 3071
66.249.71.229 - - [01/Oct/2015:00:13:31 +0800] "GET /content/nav/relationSubject.jsp?relationWords=%E5%B1%B1%E6%9D%B1%E7%95%AB%E8%B1%A1+&oid=1834039 HTTP/1.1" 200 3314
66.249.71.239 - - [01/Oct/2015:00:13:33 +0800] "GET /content/repository/resource_content.jsp?oid=741768 HTTP/1.1" 200 29028
66.249.71.229 - - [01/Oct/2015:00:13:33 +0800] "GET /content/nav/relationSubject.jsp?relationWords=%E5%B1%B1%E6%9D%B1%E7%95%AB%E8%B1%A1%20&oid=1834039 HTTP/1.1" 200 3314
66.249.71.105 - - [01/Oct/2015:00:13:47 +0800] "GET /content/repository/resource_content.jsp?oid=592549&queryType=qs&queryString=%E9%8A%80%E7%A4%A6 HTTP/1.1" 200 28478
66.249.71.249 - - [01/Oct/2015:00:14:01 +0800] "GET /content/repository/resource_content.jsp?oid=1859341 HTTP/1.1" 200 29115
66.249.71.229 - - [01/Oct/2015:00:14:15 +0800] "GET /content/repository/resource_content.jsp?oid=2602791 HTTP/1.1" 200 29018
66.249.71.229 - - [01/Oct/2015:00:14:22 +0800] "GET /content/nav/relationSubject.jsp?relationWords=%E5%90%88%E4%BD%9C%E7%A4%BE+%E6%94%AF%E7%A5%A8+&oid=1630971 HTTP/1.1" 200 5693
66.249.71.249 - - [01/Oct/2015:00:14:24 +0800] "GET /content/nav/relationSubject.jsp?relationWords=%E5%90%88%E4%BD%9C%E7%A4%BE%20%E6%94%AF%E7%A5%A8%20&oid=1630971 HTTP/1.1" 200 5693
66.249.71.229 - - [01/Oct/2015:00:14:29 +0800] "GET /content/repository/resource_content.jsp?oid=2593299 HTTP/1.1" 200 28565
66.249.71.249 - - [01/Oct/2015:00:14:43 +0800] "GET /content/repository/resource_content.jsp?oid=2596890 HTTP/1.1" 200 28809
66.249.71.239 - - [01/Oct/2015:00:14:53 +0800] "GET /content/nav/relationSubject.jsp?relationWords=%E5%85%AD%E5%BA%9C+%E5%BA%9C%E5%BB%BA%E6%B0%B4+%E6%B0%B4%E5%AD%97+&oid=1618456 HTTP/1.1" 200 3215
66.249.79.207 - - [01/Oct/2015:00:14:53 +0800] "GET /content/nav/relationSubject.jsp?relationWords=%E6%8B%93%E7%89%87+%E7%94%B2%E9%AA%A8%E6%96%87+&oid=1826712 HTTP/1.1" 200 4578
66.249.71.229 - - [01/Oct/2015:00:14:54 +0800] "GET /content/nav/relationSubject.jsp?relationWords=%E5%85%AD%E5%BA%9C%20%E5%BA%9C%E5%BB%BA%E6%B0%B4%20%E6%B0%B4%E5%AD%97%20&oid=1618456 HTTP/1.1" 200 3215
66.249.71.229 - - [01/Oct/2015:00:14:55 +0800] "GET /content/nav/relationSubject.jsp?relationWords=%E6%8B%93%E7%89%87%20%E7%94%B2%E9%AA%A8%E6%96%87%20&oid=1826712 HTTP/1.1" 200 4578
66.249.71.239 - - [01/Oct/2015:00:14:58 +0800] "GET /content/repository/resource_content.jsp?oid=220223 HTTP/1.1" 200 30175
66.249.79.207 - - [01/Oct/2015:00:15:11 +0800] "GET /content/repository/resource_content.jsp?oid=673730 HTTP/1.1" 200 28871
66.249.71.249 - - [01/Oct/2015:00:15:25 +0800] "GET /content/repository/resource_content.jsp?oid=801084 HTTP/1.1" 200 27980
66.249.79.193 - - [01/Oct/2015:00:15:34 +0800] "GET /content/nav/relationSubject.jsp?relationWords=%E6%B3%B0%E9%9B%85%E6%97%8F+%E7%A6%AE%E7%94%A8%E7%9F%AD%E8%A1%A3+&oid=1783059 HTTP/1.1" 200 3836
66.249.71.239 - - [01/Oct/2015:00:15:37 +0800] "GET /content/nav/relationSubject.jsp?relationWords=%E6%B3%B0%E9%9B%85%E6%97%8F%20%E7%A6%AE%E7%94%A8%E7%9F%AD%E8%A1%A3%20&oid=1783059 HTTP/1.1" 200 3836
66.249.79.193 - - [01/Oct/2015:00:15:40 +0800] "GET /content/repository/resource_content.jsp?oid=230722 HTTP/1.1" 200 30182
66.249.71.229 - - [01/Oct/2015:00:15:44 +0800] "GET /content/nav/relationSubject.jsp?relationWords=%E9%84%AD%E9%87%91%E9%88%B4+%E9%8D%BE%E7%B4%B9%E5%92%8C+%E9%BB%83%E6%9C%A8%E6%B7%BB+&oid=1893953 HTTP/1.1" 200 3261
66.249.71.249 - - [01/Oct/2015:00:15:46 +0800] "GET /content/nav/relationSubject.jsp?relationWords=%E9%84%AD%E9%87%91%E9%88%B4%20%E9%8D%BE%E7%B4%B9%E5%92%8C%20%E9%BB%83%E6%9C%A8%E6%B7%BB%20&oid=1893953 HTTP/1.1" 200 3261
66.249.71.249 - - [01/Oct/2015:00:15:52 +0800] "GET /content/nav/relationSubject.jsp?relationWords=%E5%96%AE%E8%89%B2+&oid=196026 HTTP/1.1" 200 3192
66.249.71.239 - - [01/Oct/2015:00:15:54 +0800] "GET /content/repository/resource_content.jsp?oid=2605759 HTTP/1.1" 200 29257
66.249.71.229 - - [01/Oct/2015:00:15:55 +0800] "GET /content/nav/relationSubject.jsp?relationWords=%E5%96%AE%E8%89%B2%20&oid=196026 HTTP/1.1" 200 3192
66.249.79.193 - - [01/Oct/2015:00:15:59 +0800] "GET /content/nav/relationSubject.jsp?relationWords=%E6%9F%8F%E6%B2%B9%E8%B7%AF%E9%9D%A2+%E8%90%AC%E4%B8%B9+&oid=1616713 HTTP/1.1" 200 3617
66.249.71.249 - - [01/Oct/2015:00:16:00 +0800] "GET /content/nav/relationSubject.jsp?relationWords=%E6%9F%8F%E6%B2%B9%E8%B7%AF%E9%9D%A2%20%E8%90%AC%E4%B8%B9%20&oid=1616713 HTTP/1.1" 200 3617
64.199.166.14 - - [01/Oct/2015:00:16:02 +0800] "GET /content/repository/resource_content.jsp?oid=1816659 HTTP/1.1" 200 28951
66.249.71.249 - - [01/Oct/2015:00:16:03 +0800] "GET /content/nav/relationSubject.jsp?relationWords=%E4%BA%BA%E5%90%8D%E6%AC%8A%E5%A8%81+%E7%83%8F%E9%87%8C%E9%9B%85%E8%98%87%E5%8F%B0+&oid=673730 HTTP/1.1" 200 3233
66.249.71.229 - - [01/Oct/2015:00:16:05 +0800] "GET /content/nav/relationSubject.jsp?relationWords=%E4%BA%BA%E5%90%8D%E6%AC%8A%E5%A8%81%20%E7%83%8F%E9%87%8C%E9%9B%85%E8%98%87%E5%8F%B0%20&oid=673730 HTTP/1.1" 200 3233
64.199.166.14 - - [01/Oct/2015:00:16:05 +0800] "GET /content/nav/relationSubject.jsp?relationWords=%E5%A9%A6%E5%8D%A3+%E7%88%B6%E5%B7%B1%E5%8D%A3+&oid=1816659 HTTP/1.1" 200 3251
66.249.71.239 - - [01/Oct/2015:00:16:08 +0800] "GET /content/nav/relationSubject.jsp?relationWords=%E5%9C%B0%E5%BD%A2%E5%9C%96+&oid=220223 HTTP/1.1" 200 3046
66.249.71.229 - - [01/Oct/2015:00:16:10 +0800] "GET /content/nav/relationSubject.jsp?relationWords=%E7%B5%9E%E7%9B%A3%E5%80%99+&oid=2525717 HTTP/1.1" 200 3135
66.249.71.239 - - [01/Oct/2015:00:16:12 +0800] "GET /content/nav/relationSubject.jsp?relationWords=%E7%B5%9E%E7%9B%A3%E5%80%99%20&oid=2525717 HTTP/1.1" 200 3135
66.249.71.105 - - [01/Oct/2015:00:16:16 +0800] "GET /content/nav/relationSubject.jsp?relationWords=%E4%BD%90%E6%B2%BB+%E5%87%BD%E7%A8%BF+&oid=684172 HTTP/1.1" 200 3445
66.249.71.239 - - [01/Oct/2015:00:16:17 +0800] "GET /content/nav/relationSubject.jsp?relationWords=%E5%9C%B0%E5%BD%A2%E5%9C%96%20&oid=220223 HTTP/1.1" 200 3046
66.249.71.121 - - [01/Oct/2015:00:16:18 +0800] "GET /content/nav/relationSubject.jsp?relationWords=%E4%BD%90%E6%B2%BB%20%E5%87%BD%E7%A8%BF%20&oid=684172 HTTP/1.1" 200 3445
66.249.71.229 - - [01/Oct/2015:00:16:21 +0800] "GET /content/repository/resource_content.jsp?oid=229594 HTTP/1.1" 200 30094
66.249.79.207 - - [01/Oct/2015:00:16:22 +0800] "GET /content/nav/relationSubject.jsp?relationWords=%E6%BD%AE%E5%AE%89+&oid=220316 HTTP/1.1" 200 3049
66.249.71.239 - - [01/Oct/2015:00:16:24 +0800] "GET /content/nav/relationSubject.jsp?relationWords=%E6%BD%AE%E5%AE%89%20&oid=220316 HTTP/1.1" 200 3049
66.249.71.239 - - [01/Oct/2015:00:16:35 +0800] "GET /content/repository/resource_content.jsp?oid=831114 HTTP/1.1" 200 27945
66.249.79.200 - - [01/Oct/2015:00:16:50 +0800] "GET /content/repository/resource_content.jsp?oid=2529832 HTTP/1.1" 200 28775
66.249.71.229 - - [01/Oct/2015:00:16:59 +0800] "GET /content/nav/relationSubject.jsp?relationWords=&oid=2579010 HTTP/1.1" 200 1405
66.249.71.249 - - [01/Oct/2015:00:17:03 +0800] "GET /content/repository/resource_content.jsp?oid=2576552 HTTP/1.1" 200 28988
66.249.79.207 - - [01/Oct/2015:00:17:09 +0800] "GET /content/nav/relationSubject.jsp?relationWords=%E4%BA%BA%E5%90%8D%E6%AC%8A%E5%A8%81+%E5%8A%A0%E6%8B%89%E7%BD%95+%E5%96%80%E6%8B%89%E7%BD%95+%E7%8E%8B%E6%AD%A3%E5%BB%B7+%E8%98%87%E8%81%AF+&oid=704446 HTTP/1.1" 200 3417
66.249.71.249 - - [01/Oct/2015:00:17:11 +0800] "GET /content/nav/relationSubject.jsp?relationWords=%E4%BA%BA%E5%90%8D%E6%AC%8A%E5%A8%81%20%E5%8A%A0%E6%8B%89%E7%BD%95%20%E5%96%80%E6%8B%89%E7%BD%95%20%E7%8E%8B%E6%AD%A3%E5%BB%B7%20%E8%98%87%E8%81%AF%20&oid=704446 HTTP/1.1" 200 3417
218.187.102.52 - - [01/Oct/2015:00:17:15 +0800] "GET /content/nav/relationSubject.jsp?relationWords=%E5%8F%B0%E7%81%A3%E6%AC%92%E6%A8%B9+%E8%8B%A6%E8%8B%93%E8%88%85+&oid=16777254 HTTP/1.1" 200 4285
66.249.71.239 - - [01/Oct/2015:00:17:17 +0800] "GET /content/repository/resource_content.jsp?oid=175693 HTTP/1.1" 200 30123
66.249.71.249 - - [01/Oct/2015:00:17:31 +0800] "GET /content/repository/resource_content.jsp?oid=3351794 HTTP/1.1" 200 28270
66.249.79.200 - - [01/Oct/2015:00:17:46 +0800] "GET /content/repository/resource_content.jsp?oid=1581929 HTTP/1.1" 200 29270
220.181.108.99 - - [01/Oct/2015:00:18:02 +0800] "GET /digiarch_en/content/subject/resource_content.jsp?oid=16777348&queryType=qc HTTP/1.1" 200 43803
66.249.71.249 - - [01/Oct/2015:00:18:03 +0800] "GET /content/nav/relationSubject.jsp?relationWords=&oid=21318 HTTP/1.1" 200 1405
66.249.71.249 - - [01/Oct/2015:00:18:08 +0800] "GET /content/nav/relationSubject.jsp?relationWords=&oid=1177046 HTTP/1.1" 200 1405
66.249.71.249 - - [01/Oct/2015:00:18:13 +0800] "GET /content/repository/resource_content.jsp?oid=2606893 HTTP/1.1" 200 29046
66.249.71.239 - - [01/Oct/2015:00:18:16 +0800] "GET /content/nav/relationSubject.jsp?relationWords=%E9%AA%A8%E7%AE%AD%E9%A0%AD+&oid=1857053 HTTP/1.1" 200 2990
66.249.71.239 - - [01/Oct/2015:00:18:17 +0800] "GET /content/nav/relationSubject.jsp?relationWords=%E5%96%AE%E8%89%B2+%E6%9D%B1%E5%8C%97%E5%9C%B0%E5%8D%80+&oid=197577 HTTP/1.1" 200 3257
66.249.71.249 - - [01/Oct/2015:00:18:18 +0800] "GET /content/nav/relationSubject.jsp?relationWords=%E9%AA%A8%E7%AE%AD%E9%A0%AD%20&oid=1857053 HTTP/1.1" 200 2990
66.249.71.249 - - [01/Oct/2015:00:18:19 +0800] "GET /content/nav/relationSubject.jsp?relationWords=%E5%96%AE%E8%89%B2%20%E6%9D%B1%E5%8C%97%E5%9C%B0%E5%8D%80%20&oid=197577 HTTP/1.1" 200 3257
66.249.71.239 - - [01/Oct/2015:00:18:25 +0800] "GET /content/nav/relationSubject.jsp?relationWords=&oid=2595640 HTTP/1.1" 200 1405
66.249.71.207 - - [01/Oct/2015:00:18:27 +0800] "GET /digiarch3/content/repository/resource_content.jsp?oid=15561&queryString=%E6%A2%9D%E7%B4%8B%E8%93%8B%E5%88%BA%E9%AD%9A HTTP/1.1" 200 35310
66.249.71.229 - - [01/Oct/2015:00:18:28 +0800] "GET /content/nav/relationSubject.jsp?relationWords=&oid=2529832 HTTP/1.1" 200 1405
66.249.71.239 - - [01/Oct/2015:00:18:41 +0800] "GET /content/repository/resource_content.jsp?oid=2593471 HTTP/1.1" 200 28786
220.136.162.109 - - [01/Oct/2015:00:18:53 +0800] "GET /content/subject/resource_content.jsp?oid=16777715&queryString= HTTP/1.1" 200 34768
220.136.162.109 - - [01/Oct/2015:00:18:53 +0800] "GET /content/nav/relationSubject.jsp?relationWords=%E6%95%B8%E4%BD%8D%E5%85%B8%E8%97%8F+&oid=16777715 HTTP/1.1" 200 5879
66.249.71.239 - - [01/Oct/2015:00:18:55 +0800] "GET /content/repository/resource_content.jsp?oid=220653 HTTP/1.1" 200 30072
66.249.79.193 - - [01/Oct/2015:00:19:10 +0800] "GET /content/repository/resource_content.jsp?oid=224877 HTTP/1.1" 200 30078
66.249.71.206 - - [01/Oct/2015:00:19:23 +0800] "GET /content/subject/resource_content.jsp?oid=16777581&queryType=qs&queryString=%E5%8F%B0%E7%81%A3%E7%9C%81 HTTP/1.1" 200 48445
66.249.71.217 - - [01/Oct/2015:00:19:32 +0800] "GET /digiarch3/content/nav/relationSubject.jsp?relationWords=%E4%BD%95%E7%9C%9F+%E5%8F%A3%E5%8D%A0+%E6%80%A7%E7%97%85+%E6%85%A2%E6%80%A7%E7%97%85+%E6%85%A2%E6%80%A7%E7%97%85%E9%98%B2%E6%B2%BB+%E6%85%A2%E6%80%A7%E7%97%85%E9%98%B2%E6%B2%BB%E5%B1%80+%E7%A4%BE%E6%9C%83%E7%A6%8F%E5%88%A9+%E8%80%81%E5%B9%B4%E4%BA%BA+%E8%94%A1%E7%BE%8E+%E8%A1%9B%E7%94%9F%E9%83%A8+%E8%A8%BA%E6%89%80+%E8%AD%B7%E5%A3%AB+%E8%AD%B7%E7%90%86+%E8%AD%B7%E7%90%86%E4%BA%BA%E5%93%A1+%E8%B3%AA%E8%A9%A2+%E9%A0%98%E5%B0%8E+%E9%A0%98%E5%B0%8E%E7%AE%A1%E7%90%86+&oid=1593746 HTTP/1.1" 200 4906
66.249.71.207 - - [01/Oct/2015:00:19:34 +0800] "GET /digiarch3/content/nav/relationSubject.jsp?relationWords=%E4%BD%95%E7%9C%9F%20%E5%8F%A3%E5%8D%A0%20%E6%80%A7%E7%97%85%20%E6%85%A2%E6%80%A7%E7%97%85%20%E6%85%A2%E6%80%A7%E7%97%85%E9%98%B2%E6%B2%BB%20%E6%85%A2%E6%80%A7%E7%97%85%E9%98%B2%E6%B2%BB%E5%B1%80%20%E7%A4%BE%E6%9C%83%E7%A6%8F%E5%88%A9%20%E8%80%81%E5%B9%B4%E4%BA%BA%20%E8%94%A1%E7%BE%8E%20%E8%A1%9B%E7%94%9F%E9%83%A8%20%E8%A8%BA%E6%89%80%20%E8%AD%B7%E5%A3%AB%20%E8%AD%B7%E7%90%86%20%E8%AD%B7%E7%90%86%E4%BA%BA%E5%93%A1%20%E8%B3%AA%E8%A9%A2%20%E9%A0%98%E5%B0%8E%20%E9%A0%98%E5%B0%8E%E7%AE%A1%E7%90%86%20&oid=1593746 HTTP/1.1" 200 4906
66.249.79.207 - - [01/Oct/2015:00:19:38 +0800] "GET /content/repository/resource_content.jsp?oid=1114828 HTTP/1.1" 200 30832
66.249.71.229 - - [01/Oct/2015:00:19:51 +0800] "GET /content/repository/resource_content.jsp?oid=2538979 HTTP/1.1" 200 28921
66.249.71.249 - - [01/Oct/2015:00:19:56 +0800] "GET /content/nav/relationSubject.jsp?relationWords=%E9%99%B8%E6%B8%AC%E5%9C%96+&oid=221859 HTTP/1.1" 200 3079
66.249.71.249 - - [01/Oct/2015:00:19:58 +0800] "GET /content/nav/relationSubject.jsp?relationWords=%E9%99%B8%E6%B8%AC%E5%9C%96%20&oid=221859 HTTP/1.1" 200 3079
66.249.71.229 - - [01/Oct/2015:00:20:03 +0800] "GET /content/nav/relationSubject.jsp?relationWords=%E9%BE%9C%E7%94%B2%E5%8D%9C%E8%BE%AD%E6%AE%98%E7%89%87+&oid=1881172 HTTP/1.1" 200 3071
66.249.71.229 - - [01/Oct/2015:00:20:05 +0800] "GET /content/repository/resource_content.jsp?oid=1548017 HTTP/1.1" 200 28543
66.249.71.239 - - [01/Oct/2015:00:20:05 +0800] "GET /content/nav/relationSubject.jsp?relationWords=%E9%BE%9C%E7%94%B2%E5%8D%9C%E8%BE%AD%E6%AE%98%E7%89%87%20&oid=1881172 HTTP/1.1" 200 3071
66.249.71.229 - - [01/Oct/2015:00:20:10 +0800] "GET /content/nav/relationSubject.jsp?relationWords=&oid=2605759 HTTP/1.1" 200 1405
66.249.71.229 - - [01/Oct/2015:00:20:20 +0800] "GET /content/repository/resource_content.jsp?oid=220048 HTTP/1.1" 200 30169
66.249.79.207 - - [01/Oct/2015:00:20:29 +0800] "GET /content/nav/relationSubject.jsp?relationWords=%E6%A4%8D%E7%89%A9%E7%95%8C+%E8%8F%AB%E8%8F%9C+%E8%91%AB%E8%98%86%E7%A7%91+&oid=1114828 HTTP/1.1" 200 3059
66.249.71.239 - - [01/Oct/2015:00:20:32 +0800] "GET /content/nav/relationSubject.jsp?relationWords=%E6%A4%8D%E7%89%A9%E7%95%8C%20%E8%8F%AB%E8%8F%9C%20%E8%91%AB%E8%98%86%E7%A7%91%20&oid=1114828 HTTP/1.1" 200 3059
66.249.71.249 - - [01/Oct/2015:00:20:33 +0800] "GET /content/nav/relationSubject.jsp?relationWords=&oid=19207 HTTP/1.1" 200 1405
66.249.79.193 - - [01/Oct/2015:00:20:35 +0800] "GET /content/repository/resource_content.jsp?oid=2153207 HTTP/1.1" 200 31289
223.137.49.213 - - [01/Oct/2015:00:20:41 +0800] "GET /content/nav/relationSubject.jsp?relationWords=%E6%9E%97%E7%8D%BB%E5%A0%82+%E6%A5%8A%E6%B0%B4%E5%BF%83+&oid=16777630 HTTP/1.1" 200 3772
118.233.157.100 - - [01/Oct/2015:00:20:43 +0800] "GET /content/subject/resource_content.jsp?oid=16777706 HTTP/1.1" 200 53849
118.233.157.100 - - [01/Oct/2015:00:20:44 +0800] "GET /content/nav/relationSubject.jsp?relationWords=%E5%A0%A1%E5%9C%96+&oid=16777706 HTTP/1.1" 200 2864
66.249.71.239 - - [01/Oct/2015:00:20:47 +0800] "GET /content/repository/resource_content.jsp?oid=764412 HTTP/1.1" 200 28215
66.249.71.229 - - [01/Oct/2015:00:21:01 +0800] "GET /content/repository/resource_content.jsp?oid=1303795 HTTP/1.1" 200 29288
66.249.71.229 - - [01/Oct/2015:00:21:07 +0800] "GET /content/repository/resource_content.jsp?oid=2518957 HTTP/1.1" 200 29783
66.249.71.239 - - [01/Oct/2015:00:21:14 +0800] "GET /content/nav/relationSubject.jsp?relationWords=%E5%8D%97%E5%90%91%E5%BA%97+%E5%9C%B0%E5%BD%A2%E5%9C%96+&oid=175693 HTTP/1.1" 200 3096
66.249.71.249 - - [01/Oct/2015:00:21:15 +0800] "GET /content/repository/resource_content.jsp?oid=1566089 HTTP/1.1" 200 28542
66.249.71.229 - - [01/Oct/2015:00:21:15 +0800] "GET /content/nav/relationSubject.jsp?relationWords=%E5%8D%97%E5%90%91%E5%BA%97%20%E5%9C%B0%E5%BD%A2%E5%9C%96%20&oid=175693 HTTP/1.1" 200 3096
101.139.180.234 - - [01/Oct/2015:00:21:17 +0800] "GET /digiarch3/content/subject/resource_content.jsp?oid=16777488&queryType=qs&queryString=%E9%9B%8C%E6%80%A7 HTTP/1.1" 200 60974
101.139.180.234 - - [01/Oct/2015:00:21:18 +0800] "GET /digiarch3/content/nav/relationSubject.jsp?relationWords=%E6%93%AC%E9%B1%B8+%E6%A3%98%E8%8C%84%E9%AD%9A+%E6%B2%88%E6%B0%8F+%E7%8B%97%E6%AF%8D+%E7%8B%97%E6%AF%8D%E9%AD%9A+%E7%B5%A8%E6%AF%9B%E9%AF%8A+%E8%A3%B8%E8%83%B8+%E8%A3%B8%E8%83%B8%E9%AF%99+%E9%82%B5%E6%B0%8F+%E9%A6%AC%E5%8F%A3%E9%AD%9A+%E9%AE%9F%E9%B1%87+%E9%BB%91%E7%89%99%E6%A3%98%E8%8C%84%E9%AD%9A+&oid=16777488 HTTP/1.1" 200 5065
66.249.71.249 - - [01/Oct/2015:00:21:29 +0800] "GET /content/repository/resource_content.jsp?oid=2616093 HTTP/1.1" 200 28966
66.249.71.239 - - [01/Oct/2015:00:21:31 +0800] "GET /content/nav/relationSubject.jsp?relationWords=%E5%B0%8B%E5%AF%A8%E9%8E%AE+%E6%B2%B3%E5%8C%97%E7%9C%81+%E9%99%B8%E6%B8%AC%E5%9C%96+&oid=230722 HTTP/1.1" 200 3179
66.249.71.229 - - [01/Oct/2015:00:21:32 +0800] "GET /content/nav/relationSubject.jsp?relationWords=%E5%B0%8B%E5%AF%A8%E9%8E%AE%20%E6%B2%B3%E5%8C%97%E7%9C%81%20%E9%99%B8%E6%B8%AC%E5%9C%96%20&oid=230722 HTTP/1.1" 200 3179
66.249.71.249 - - [01/Oct/2015:00:21:43 +0800] "GET /content/repository/resource_content.jsp?oid=1195314 HTTP/1.1" 200 29024
66.249.79.207 - - [01/Oct/2015:00:22:12 +0800] "GET /content/repository/resource_content.jsp?oid=1124488 HTTP/1.1" 200 29491
66.249.71.217 - - [01/Oct/2015:00:22:25 +0800] "GET /content/repository/resource_content.jsp?oid=1602346&queryType=qs&queryString=%E7%A4%BE%E6%9C%83%E8%AE%8A%E9%81%B7 HTTP/1.1" 200 30168
66.249.71.249 - - [01/Oct/2015:00:22:36 +0800] "GET /content/nav/relationSubject.jsp?relationWords=%E5%87%BD%E7%A8%BF+&oid=707978 HTTP/1.1" 200 3417
66.249.79.207 - - [01/Oct/2015:00:22:37 +0800] "GET /content/nav/relationSubject.jsp?relationWords=%E5%87%BD%E7%A8%BF%20&oid=707978 HTTP/1.1" 200 3417
66.249.71.229 - - [01/Oct/2015:00:22:39 +0800] "GET /content/repository/resource_content.jsp?oid=181069 HTTP/1.1" 200 30062
66.249.71.229 - - [01/Oct/2015:00:22:47 +0800] "GET /content/nav/relationSubject.jsp?relationWords=%E8%99%8E%E7%A7%91+%E9%95%B7%E6%A3%98+&oid=18239 HTTP/1.1" 200 3394
66.249.79.193 - - [01/Oct/2015:00:22:49 +0800] "GET /content/nav/relationSubject.jsp?relationWords=%E4%BA%BA%E6%B0%91%E5%9C%98%E9%AB%94+%E6%94%A4%E8%B2%A9+%E6%B0%91%E6%94%BF%E9%A1%9E+%E8%87%BA%E7%81%A3%E7%9C%81%E6%94%BF%E5%BA%9C+%E9%83%AD%E8%90%AC%E6%9E%9D+%E9%AB%98%E9%9B%84%E5%B8%82+&oid=1581929 HTTP/1.1" 200 5460
66.249.71.249 - - [01/Oct/2015:00:22:51 +0800] "GET /content/nav/relationSubject.jsp?relationWords=%E4%BA%BA%E6%B0%91%E5%9C%98%E9%AB%94%20%E6%94%A4%E8%B2%A9%20%E6%B0%91%E6%94%BF%E9%A1%9E%20%E8%87%BA%E7%81%A3%E7%9C%81%E6%94%BF%E5%BA%9C%20%E9%83%AD%E8%90%AC%E6%9E%9D%20%E9%AB%98%E9%9B%84%E5%B8%82%20&oid=1581929 HTTP/1.1" 200 5460
66.249.71.239 - - [01/Oct/2015:00:22:52 +0800] "GET /content/nav/relationSubject.jsp?relationWords=%E8%99%8E%E7%A7%91%20%E9%95%B7%E6%A3%98%20&oid=18239 HTTP/1.1" 200 3394
66.249.71.249 - - [01/Oct/2015:00:22:53 +0800] "GET /content/repository/resource_content.jsp?oid=2632930 HTTP/1.1" 200 29420
66.249.71.249 - - [01/Oct/2015:00:23:03 +0800] "GET /content/nav/relationSubject.jsp?relationWords=%E5%96%AE%E8%89%B2+&oid=201219 HTTP/1.1" 200 3192
66.249.71.249 - - [01/Oct/2015:00:23:04 +0800] "GET /content/nav/relationSubject.jsp?relationWords=%E5%96%AE%E8%89%B2%20&oid=201219 HTTP/1.1" 200 3192
119.14.5.30 - - [01/Oct/2015:00:23:08 +0800] "GET /content/nav/relationSubject.jsp?relationWords=%E5%B1%B1%E8%8A%99%E8%93%89+%E6%9C%A8%E8%8A%99%E8%93%89+%E8%96%9B%E6%BF%A4+%E9%86%89%E8%8A%99%E8%93%89+&oid=16777260 HTTP/1.1" 200 4595
66.249.79.207 - - [01/Oct/2015:00:23:08 +0800] "GET /content/repository/resource_content.jsp?oid=1176828 HTTP/1.1" 200 27180
66.249.71.54 - - [01/Oct/2015:00:23:10 +0800] "GET /content/repository/resource_content.jsp?oid=1775750&queryString=%E8%A5%BF%E6%8B%89%E9%9B%85%20%E8%A5%BF%E6%8B%89%E9%9B%85%E5%A4%9C%E7%A5%AD HTTP/1.1" 200 42931
66.249.71.196 - - [01/Oct/2015:00:23:12 +0800] "GET /content/nav/relationSubject.jsp?relationWords=%E6%95%99%E8%82%B2%E4%BA%8B%E6%A5%AD+%E6%A8%99%E5%94%AE+%E7%A4%BE%E6%9C%83%E8%AE%8A%E9%81%B7+%E8%B2%BB%E7%8E%87+&oid=1602346 HTTP/1.1" 200 5303
66.249.71.196 - - [01/Oct/2015:00:23:17 +0800] "GET /content/nav/relationSubject.jsp?relationWords=%E6%95%99%E8%82%B2%E4%BA%8B%E6%A5%AD%20%E6%A8%99%E5%94%AE%20%E7%A4%BE%E6%9C%83%E8%AE%8A%E9%81%B7%20%E8%B2%BB%E7%8E%87%20&oid=1602346 HTTP/1.1" 200 5303
66.249.71.239 - - [01/Oct/2015:00:23:21 +0800] "GET /content/repository/resource_content.jsp?oid=1557186 HTTP/1.1" 200 28588
180.76.15.26 - - [01/Oct/2015:00:23:32 +0800] "GET /content/repository/resource_content.jsp?oid=227505&queryString=%E5%9B%9B%E5%B7%9D%E7%9C%81%E5%9C%B0%E5%BD%A2%E5%9C%96%20%E9%85%89%E9%99%BD HTTP/1.1" 200 30718
66.249.79.207 - - [01/Oct/2015:00:23:36 +0800] "GET /content/repository/resource_content.jsp?oid=1176835 HTTP/1.1" 200 27179
66.249.71.249 - - [01/Oct/2015:00:23:38 +0800] "GET /content/nav/relationSubject.jsp?relationWords=%E7%A4%BE%E6%9C%83%E7%A6%8F%E5%88%A9+%E8%B3%AA%E8%A9%A2+%E9%99%B3%E7%81%AB%E5%9C%9F+%E9%A0%90%E7%AE%97+&oid=1566089 HTTP/1.1" 200 5342
66.249.71.239 - - [01/Oct/2015:00:23:39 +0800] "GET /content/nav/relationSubject.jsp?relationWords=%E7%A4%BE%E6%9C%83%E7%A6%8F%E5%88%A9%20%E8%B3%AA%E8%A9%A2%20%E9%99%B3%E7%81%AB%E5%9C%9F%20%E9%A0%90%E7%AE%97%20&oid=1566089 HTTP/1.1" 200 5342
66.249.71.249 - - [01/Oct/2015:00:23:49 +0800] "GET /content/repository/resource_content.jsp?oid=1819444 HTTP/1.1" 200 28401
66.249.71.239 - - [01/Oct/2015:00:24:03 +0800] "GET /content/repository/resource_content.jsp?oid=1562494 HTTP/1.1" 200 28585
66.249.71.249 - - [01/Oct/2015:00:24:04 +0800] "GET /content/nav/relationSubject.jsp?relationWords=%E5%BE%A1%E5%8F%B2+%E6%B7%BB%E6%B4%BE+&oid=2538979 HTTP/1.1" 200 3148
66.249.71.239 - - [01/Oct/2015:00:24:05 +0800] "GET /content/nav/relationSubject.jsp?relationWords=%E5%BE%A1%E5%8F%B2%20%E6%B7%BB%E6%B4%BE%20&oid=2538979 HTTP/1.1" 200 3148
66.249.71.249 - - [01/Oct/2015:00:24:06 +0800] "GET /content/nav/relationSubject.jsp?relationWords=%E5%85%BC%E7%BD%B2+&oid=764412 HTTP/1.1" 200 4002
66.249.71.249 - - [01/Oct/2015:00:24:08 +0800] "GET /content/nav/relationSubject.jsp?relationWords=%E5%85%BC%E7%BD%B2%20&oid=764412 HTTP/1.1" 200 4002
66.249.71.239 - - [01/Oct/2015:00:24:19 +0800] "GET /content/repository/resource_content.jsp?oid=1113153 HTTP/1.1" 200 29796
66.249.71.239 - - [01/Oct/2015:00:24:31 +0800] "GET /content/repository/resource_content.jsp?oid=1176879 HTTP/1.1" 200 27606
66.249.71.249 - - [01/Oct/2015:00:24:40 +0800] "GET /content/nav/relationSubject.jsp?relationWords=&oid=2593471 HTTP/1.1" 200 1405
66.249.71.249 - - [01/Oct/2015:00:24:45 +0800] "GET /content/subject/resource_content.jsp?oid=16777802&queryString=%E7%88%B6%E4%B9%99%E5%B0%8A%20%E7%88%B6%E4%B9%99%E8%A7%9A%20%E9%A1%8C%E8%A8%98 HTTP/1.1" 200 30130
66.249.79.195 - - [01/Oct/2015:00:25:00 +0800] "GET /content/repository/resource_content.jsp?oid=4362315&queryString=%E5%B7%A1%E7%8B%A9%20%E7%8E%8B%E8%88%B9%20%E9%96%8B%E5%85%89 HTTP/1.1" 200 28030
119.14.5.30 - - [01/Oct/2015:00:25:03 +0800] "GET /content/subject/resource_content.jsp?oid=16777281&queryString=%E5%B1%B1%E8%8A%99%E8%93%89%20%E6%9C%A8%E8%8A%99%E8%93%89%20%E8%96%9B%E6%BF%A4%20%E9%86%89%E8%8A%99%E8%93%89 HTTP/1.1" 200 28231
119.14.5.30 - - [01/Oct/2015:00:25:04 +0800] "GET /content/nav/relationSubject.jsp?relationWords=%E5%B1%B1%E8%8A%99%E8%93%89+&oid=16777281 HTTP/1.1" 200 4390
66.249.71.196 - - [01/Oct/2015:00:25:13 +0800] "GET /digiarch3/content/pictures/picture_content.jsp?oid=33554825&classify=2761 HTTP/1.1" 200 27872
66.249.79.193 - - [01/Oct/2015:00:25:28 +0800] "GET /content/repository/resource_content.jsp?oid=1618621 HTTP/1.1" 200 28571
66.249.71.229 - - [01/Oct/2015:00:25:28 +0800] "GET /content/nav/relationSubject.jsp?relationWords=%E7%9F%B3%E5%AD%90%E7%81%98+%E9%99%B8%E6%B8%AC%E5%9C%96+&oid=224877 HTTP/1.1" 200 3129
66.249.79.207 - - [01/Oct/2015:00:25:30 +0800] "GET /content/nav/relationSubject.jsp?relationWords=%E7%9F%B3%E5%AD%90%E7%81%98%20%E9%99%B8%E6%B8%AC%E5%9C%96%20&oid=224877 HTTP/1.1" 200 3129
66.249.71.249 - - [01/Oct/2015:00:25:34 +0800] "GET /content/nav/relationSubject.jsp?relationWords=%E6%AD%A6%E9%9D%B4%E8%97%A4+%E6%AD%A6%E9%9D%B4%E8%97%A4%E5%B1%AC+&oid=1113153 HTTP/1.1" 200 3081
66.249.71.229 - - [01/Oct/2015:00:25:41 +0800] "GET /content/repository/resource_content.jsp?oid=2548063 HTTP/1.1" 200 28794
66.249.71.239 - - [01/Oct/2015:00:25:52 +0800] "GET /content/nav/relationSubject.jsp?relationWords=%E6%AD%A6%E9%9D%B4%E8%97%A4%20%E6%AD%A6%E9%9D%B4%E8%97%A4%E5%B1%AC%20&oid=1113153 HTTP/1.1" 200 3081
66.249.71.239 - - [01/Oct/2015:00:25:55 +0800] "GET /content/repository/resource_content.jsp?oid=2531321 HTTP/1.1" 200 28657
66.249.71.239 - - [01/Oct/2015:00:26:09 +0800] "GET /content/repository/resource_content.jsp?oid=1889847 HTTP/1.1" 200 28402
66.249.71.239 - - [01/Oct/2015:00:26:12 +0800] "GET /content/nav/relationSubject.jsp?relationWords=%E5%BA%9C%E8%BE%B2%E6%BC%81%E5%AD%97+%E8%87%BA%E5%8D%97%E7%B8%A3+%E8%88%AA%E8%A1%8C%E6%A1%88+&oid=1622014 HTTP/1.1" 200 5433
66.249.79.200 - - [01/Oct/2015:00:26:14 +0800] "GET /content/nav/relationSubject.jsp?relationWords=%E5%BA%9C%E8%BE%B2%E6%BC%81%E5%AD%97%20%E8%87%BA%E5%8D%97%E7%B8%A3%20%E8%88%AA%E8%A1%8C%E6%A1%88%20&oid=1622014 HTTP/1.1" 200 5433
119.14.5.30 - - [01/Oct/2015:00:26:34 +0800] "GET /content/subject/resource_content.jsp?oid=16777280&queryString=%E5%B1%B1%E8%8A%99%E8%93%89 HTTP/1.1" 200 30850
66.249.71.229 - - [01/Oct/2015:00:26:34 +0800] "GET /content/nav/relationSubject.jsp?relationWords=%E6%89%81%E8%9D%B8%E7%89%9B%E7%A7%91+%E6%96%AF%E6%96%87%E8%B1%AA%E5%A4%A7%E8%9D%B8%E7%89%9B+%E6%9F%84%E7%9C%BC%E7%9B%AE+%E8%85%B9%E8%B6%B3%E7%B6%B1+&oid=1886519 HTTP/1.1" 200 3440
119.14.5.30 - - [01/Oct/2015:00:26:34 +0800] "GET /content/nav/relationSubject.jsp?relationWords=%E5%B1%B1%E8%8A%99%E8%93%89+&oid=16777280 HTTP/1.1" 200 4396
66.249.79.200 - - [01/Oct/2015:00:26:36 +0800] "GET /content/nav/relationSubject.jsp?relationWords=%E6%89%81%E8%9D%B8%E7%89%9B%E7%A7%91%20%E6%96%AF%E6%96%87%E8%B1%AA%E5%A4%A7%E8%9D%B8%E7%89%9B%20%E6%9F%84%E7%9C%BC%E7%9B%AE%20%E8%85%B9%E8%B6%B3%E7%B6%B1%20&oid=1886519 HTTP/1.1" 200 3440
66.249.71.229 - - [01/Oct/2015:00:27:17 +0800] "GET /content/nav/relationSubject.jsp?relationWords=%E9%99%B8%E6%B8%AC%E5%9C%96+&oid=220048 HTTP/1.1" 200 3079
66.249.71.239 - - [01/Oct/2015:00:27:20 +0800] "GET /content/nav/relationSubject.jsp?relationWords=%E9%99%B8%E6%B8%AC%E5%9C%96%20&oid=220048 HTTP/1.1" 200 3079
61.135.189.124 - - [01/Oct/2015:00:27:33 +0800] "GET /digiarch_en/content/repository/resource_content.jsp?oid=523740&queryType=qc HTTP/1.1" 200 27214
66.249.71.239 - - [01/Oct/2015:00:27:41 +0800] "GET /content/nav/relationSubject.jsp?relationWords=%E6%95%99%E8%82%B2%E6%A1%88+%E7%A7%91%E5%AD%B8%E6%95%99%E8%82%B2+%E9%9B%BB%E8%A6%96%E5%8F%B0+&oid=1548017 HTTP/1.1" 200 3471
66.249.79.200 - - [01/Oct/2015:00:27:42 +0800] "GET /content/nav/relationSubject.jsp?relationWords=&oid=1816474 HTTP/1.1" 200 1405
66.249.71.239 - - [01/Oct/2015:00:27:43 +0800] "GET /content/nav/relationSubject.jsp?relationWords=%E6%95%99%E8%82%B2%E6%A1%88%20%E7%A7%91%E5%AD%B8%E6%95%99%E8%82%B2%20%E9%9B%BB%E8%A6%96%E5%8F%B0%20&oid=1548017 HTTP/1.1" 200 3471
66.249.71.229 - - [01/Oct/2015:00:27:47 +0800] "GET /content/repository/resource_content.jsp?oid=1775406 HTTP/1.1" 200 29625
