66.249.71.64 - - [25/Oct/2015:11:32:22 +0800] "GET /content/nav/relationSubject.jsp?relationWords=%E6%A4%8D%E7%89%A9%E7%95%8C%20%E7%99%BE%E5%90%88%E5%B1%AC%20%E8%A0%B6%E8%B1%86%20%E9%87%8E%E7%99%BE%E5%90%88%20%E9%87%8E%E7%99%BE%E5%90%88%E5%B1%AC%20%E9%9B%99%E5%AD%90%E8%91%89%20%E9%9B%99%E5%AD%90%E8%91%89%E6%A4%8D%E7%89%A9%20&oid=2147937 HTTP/1.1" 200 3515
66.249.71.64 - - [25/Oct/2015:11:32:38 +0800] "GET /content/nav/relationSubject.jsp?relationWords=%E6%97%A5%E6%9C%AC%E7%99%BC%E5%85%89%E9%AF%9B+%E7%99%BC%E5%85%89%E9%AF%9B+%E9%AD%9A%E9%A1%9E%E6%A8%99%E6%9C%AC+%E9%AF%9B%E7%A7%91+&oid=1084357 HTTP/1.1" 200 3616
66.249.71.64 - - [25/Oct/2015:11:32:39 +0800] "GET /content/nav/relationSubject.jsp?relationWords=%E6%97%A5%E6%9C%AC%E7%99%BC%E5%85%89%E9%AF%9B%20%E7%99%BC%E5%85%89%E9%AF%9B%20%E9%AD%9A%E9%A1%9E%E6%A8%99%E6%9C%AC%20%E9%AF%9B%E7%A7%91%20&oid=1084357 HTTP/1.1" 200 3616
66.249.71.72 - - [25/Oct/2015:11:33:06 +0800] "GET /content/repository/resource_content.jsp?oid=2149894 HTTP/1.1" 200 30822
182.235.88.110 - - [25/Oct/2015:11:33:11 +0800] "GET /content/nav/relationSubject.jsp?relationWords=&oid=16777459 HTTP/1.1" 200 1405
182.118.22.207 - - [25/Oct/2015:11:33:41 +0800] "GET /content/subject/resource_content.jsp?oid=16777598&queryType=qc%3E HTTP/1.1" 200 24910
125.227.62.128 - - [25/Oct/2015:11:34:04 +0800] "GET /digiarch_en/content/repository/resource_content.jsp?oid=14739&queryString=%E5%A4%9A%E9%B1%97%E6%9D%BE%E6%AF%AC%20%E7%80%BE%E5%85%AC%E5%A6%BE%20%E9%87%91%E9%B1%97%E7%94%B2%20%E9%87%91%E9%B1%97%E9%AD%9A%E7%A7%91%20%E9%90%B5%E7%94%B2%E5%85%B5%20%E9%90%B5%E7%B7%9A%E5%A9%86 HTTP/1.1" 200 29544
125.227.62.128 - - [25/Oct/2015:11:34:08 +0800] "GET /digiarch_en/content/nav/relationSubject.jsp?relationWords=%E5%8A%8D%E6%A3%98%E9%B1%97%E9%AD%9A+%E6%A3%98%E9%B1%97%E9%AD%9A+%E7%80%BE%E5%85%AC%E5%A6%BE+%E9%87%91%E9%B1%97%E7%94%B2+%E9%87%91%E9%B1%97%E9%AD%9A+%E9%87%91%E9%B1%97%E9%AD%9A%E7%A7%91+%E9%90%B5%E7%94%B2%E5%85%B5+%E9%90%B5%E7%B7%9A%E5%A9%86+%E9%B1%97%E9%AD%9A+&oid=14739 HTTP/1.1" 200 3796
66.249.74.64 - - [25/Oct/2015:11:35:03 +0800] "GET /content/pictures/picture_content.jsp?oid=33554503&classify= HTTP/1.1" 200 26966
66.249.71.64 - - [25/Oct/2015:11:35:33 +0800] "GET /content/repository/resource_content.jsp?oid=3819290&queryString=%E9%98%BF%E9%87%8C%E5%B1%B1%E6%B0%B4%E9%BE%8D%E9%AA%A8 HTTP/1.1" 200 31638
40.77.167.41 - - [25/Oct/2015:11:36:52 +0800] "GET /content/nav/relationSubject.jsp?relationWords=%E9%BB%91%E6%9D%BF%E6%A8%B9+&oid=16777262 HTTP/1.1" 200 3253
182.118.22.232 - - [25/Oct/2015:11:37:09 +0800] "GET /content/subject/resource_content.jsp?oid=16777766&queryType=qc HTTP/1.1" 200 50714
40.77.167.41 - - [25/Oct/2015:11:37:32 +0800] "GET /content/nav/relationSubject.jsp?relationWords=%E5%BE%A9%E8%88%88%E8%88%AA%E7%A9%BA+%E6%9E%97%E6%B0%B8%E6%A8%91+%E6%B0%B8%E6%A8%91+&oid=16777595 HTTP/1.1" 200 4496
66.249.71.60 - - [25/Oct/2015:11:37:59 +0800] "GET /content/repository/resource_content.jsp?oid=2559510 HTTP/1.1" 200 28922
122.254.40.87 - - [25/Oct/2015:11:38:49 +0800] "GET /content/subject/resource_content.jsp?oid=16777396&queryString=%E9%9D%92%E5%89%9B%E6%AB%9F HTTP/1.1" 200 34727
122.254.40.87 - - [25/Oct/2015:11:38:52 +0800] "GET /content/nav/relationSubject.jsp?relationWords=%E9%9D%92%E5%89%9B+%E9%9D%92%E5%89%9B%E6%AB%9F+&oid=16777396 HTTP/1.1" 200 4042
122.254.40.87 - - [25/Oct/2015:11:39:11 +0800] "GET /content/nav/relationSubject.jsp?relationWords=%E9%9D%92%E5%89%9B+%E9%9D%92%E5%89%9B%E6%AB%9F+&oid=16777349 HTTP/1.1" 200 4048
66.249.71.60 - - [25/Oct/2015:11:39:18 +0800] "GET /content/repository/resource_content.jsp?oid=1113172 HTTP/1.1" 200 30981
66.249.71.72 - - [25/Oct/2015:11:39:23 +0800] "GET /content/nav/relationSubject.jsp?relationWords=%E6%B3%B0%E9%9B%85%E6%97%8F+&oid=1782984 HTTP/1.1" 200 3708
66.249.71.64 - - [25/Oct/2015:11:39:25 +0800] "GET /content/nav/relationSubject.jsp?relationWords=%E6%B3%B0%E9%9B%85%E6%97%8F%20&oid=1782984 HTTP/1.1" 200 3708
66.249.74.18 - - [25/Oct/2015:11:40:26 +0800] "GET /content/subject/resource_content.jsp?oid=16777493&queryString=%E7%A7%8B%E6%B5%B7%E6%A3%A0 HTTP/1.1" 200 47120
114.42.194.202 - - [25/Oct/2015:11:42:44 +0800] "GET /content/subject/resource_content.jsp?oid=16777706&queryType=qc HTTP/1.1" 200 53891
114.42.194.202 - - [25/Oct/2015:11:42:45 +0800] "GET /content/nav/relationSubject.jsp?relationWords=%E5%A0%A1%E5%9C%96+&oid=16777706 HTTP/1.1" 200 2864
66.249.71.64 - - [25/Oct/2015:11:42:51 +0800] "GET /content/repository/resource_content.jsp?oid=2529939 HTTP/1.1" 200 28784
123.192.94.169 - - [25/Oct/2015:11:43:20 +0800] "GET /content/nav/relationSubject.jsp?relationWords=&oid=16777459 HTTP/1.1" 200 1405
66.249.71.72 - - [25/Oct/2015:11:45:05 +0800] "GET /content/nav/relationSubject.jsp?relationWords=%E6%A4%8D%E7%89%A9%E7%95%8C%20%E6%B0%B4%E9%BE%8D%E9%AA%A8%20%E6%B0%B4%E9%BE%8D%E9%AA%A8%E5%B1%AC%20%E6%B0%B4%E9%BE%8D%E9%AA%A8%E7%A7%91%20%E8%95%A8%E9%A1%9E%E6%A4%8D%E7%89%A9%20%E9%98%BF%E9%87%8C%E5%B1%B1%E6%B0%B4%E9%BE%8D%E9%AA%A8%20%E9%AA%A8%E7%A7%91%20&oid=3819290 HTTP/1.1" 200 3562
114.42.194.202 - - [25/Oct/2015:11:46:17 +0800] "GET /content/subject/resource_content.jsp?oid=16777706&queryType=qc HTTP/1.1" 200 53891
114.42.194.202 - - [25/Oct/2015:11:46:18 +0800] "GET /content/nav/relationSubject.jsp?relationWords=%E5%A0%A1%E5%9C%96+&oid=16777706 HTTP/1.1" 200 2864
220.181.108.116 - - [25/Oct/2015:11:47:37 +0800] "GET /digiarch_en/content/subject/resource_content.jsp?oid=16777619&queryType=qc HTTP/1.1" 200 51287
66.249.71.72 - - [25/Oct/2015:11:47:45 +0800] "GET /content/repository/resource_content.jsp?oid=1096200 HTTP/1.1" 200 30834
66.249.71.59 - - [25/Oct/2015:11:47:50 +0800] "GET /content/repository/resource_content.jsp?oid=1124751&queryType=qc HTTP/1.1" 200 35392
66.249.71.121 - - [25/Oct/2015:11:49:06 +0800] "GET /content/nav/relationSubject.jsp?relationWords=%E5%91%88%E6%8E%A7+%E5%AD%80%E5%A9%A6+&oid=2686615 HTTP/1.1" 200 3124
66.249.74.77 - - [25/Oct/2015:11:49:08 +0800] "GET /content/nav/relationSubject.jsp?relationWords=%E5%91%88%E6%8E%A7%20%E5%AD%80%E5%A9%A6%20&oid=2686615 HTTP/1.1" 200 3124
38.111.147.84 - - [25/Oct/2015:11:49:17 +0800] "GET /content/subject/resource_content.jsp?oid=16777392&queryType=qc HTTP/1.0" 200 25421
66.249.77.85 - - [25/Oct/2015:11:50:06 +0800] "GET /content/subject/resource_content.jsp?oid=16797293&queryType=qc HTTP/1.1" 200 46243
66.249.71.64 - - [25/Oct/2015:11:50:10 +0800] "GET /content/repository/resource_content.jsp?oid=1637020&queryString=%E8%85%B9%E8%B6%B3%E7%B6%B1%20%E8%8A%8B%E8%9E%BA%E5%B1%AC%20%E8%8A%8B%E8%9E%BA%E7%A7%91%20%E8%A5%BF%E5%AF%B6%E8%8A%8B%E8%9E%BA HTTP/1.1" 200 29148
220.133.229.66 - - [25/Oct/2015:11:50:11 +0800] "GET /content/nav/relationSubject.jsp?relationWords=%E8%96%9C%E8%8D%94+&oid=16777485 HTTP/1.1" 200 3561
66.249.71.64 - - [25/Oct/2015:11:52:25 +0800] "GET /content/nav/relationSubject.jsp?relationWords=%E8%85%B9%E8%B6%B3%E7%B6%B1%20%E8%8A%8B%E8%9E%BA%20%E8%8A%8B%E8%9E%BA%E5%B1%AC%20%E8%8A%8B%E8%9E%BA%E7%A7%91%20%E8%A5%BF%E5%AF%B6%E8%8A%8B%E8%9E%BA%20&oid=1637020 HTTP/1.1" 200 3443
66.249.71.64 - - [25/Oct/2015:11:52:36 +0800] "GET /digiarch_en/content/repository/resource_content.jsp?oid=1173394&queryString=%E9%9D%92%E8%8B%97 HTTP/1.1" 200 23254
40.77.167.38 - - [25/Oct/2015:11:52:49 +0800] "GET /content/nav/relationSubject.jsp?relationWords=%E8%BE%9B%E5%A4%B7+&oid=16777479 HTTP/1.1" 200 1412
66.249.71.60 - - [25/Oct/2015:11:53:30 +0800] "GET /content/nav/relationSubject.jsp?relationWords=%E5%B1%B1%E9%99%BD%E7%B8%A3+&oid=2529939 HTTP/1.1" 200 3144
66.249.71.72 - - [25/Oct/2015:11:53:31 +0800] "GET /content/nav/relationSubject.jsp?relationWords=%E5%B1%B1%E9%99%BD%E7%B8%A3%20&oid=2529939 HTTP/1.1" 200 3144
66.249.71.72 - - [25/Oct/2015:11:53:51 +0800] "GET /content/nav/relationSubject.jsp?relationWords=%E5%8D%9A%E6%B0%8F%E7%9F%B3%E7%8B%97%E5%85%AC+%E7%9F%B3%E7%8B%97%E5%85%AC+&oid=22136 HTTP/1.1" 200 3585
66.249.71.72 - - [25/Oct/2015:11:53:53 +0800] "GET /content/nav/relationSubject.jsp?relationWords=%E5%8D%9A%E6%B0%8F%E7%9F%B3%E7%8B%97%E5%85%AC%20%E7%9F%B3%E7%8B%97%E5%85%AC%20&oid=22136 HTTP/1.1" 200 3585
66.249.71.41 - - [25/Oct/2015:11:54:13 +0800] "GET /content/subject/resource_content.jsp?oid=16777837&queryString= HTTP/1.1" 200 37543
68.180.228.24 - - [25/Oct/2015:11:54:40 +0800] "GET /digiarch_en/content/subject/resource_content.jsp?oid=16777424&queryType=qc HTTP/1.1" 200 36361
66.249.71.105 - - [25/Oct/2015:11:55:05 +0800] "GET /content/nav/relationSubject.jsp?relationWords=%E5%88%91%E9%83%A8+&oid=2518864 HTTP/1.1" 200 3095
66.249.71.105 - - [25/Oct/2015:11:55:06 +0800] "GET /content/nav/relationSubject.jsp?relationWords=%E5%88%91%E9%83%A8%20&oid=2518864 HTTP/1.1" 200 3095
66.249.71.41 - - [25/Oct/2015:11:55:17 +0800] "GET /content/subject/resource_content.jsp?oid=16777825&queryString= HTTP/1.1" 200 41695
1.163.180.101 - - [25/Oct/2015:11:55:29 +0800] "GET /content/nav/relationSubject.jsp?relationWords=&oid=16777459 HTTP/1.1" 200 1405
1.161.80.221 - - [25/Oct/2015:11:55:31 +0800] "GET /content/repository/resource_content.jsp?oid=15100&queryType=qs&queryString=%E7%B4%85%E7%9B%AE%E5%A4%A7%E7%9C%BC%E9%AF%9B HTTP/1.1" 200 34379
1.161.80.221 - - [25/Oct/2015:11:55:32 +0800] "GET /content/nav/relationSubject.jsp?relationWords=%E5%9A%B4%E5%85%AC%E4%BB%94+%E5%A4%A7%E7%9C%BC%E9%AF%9B+%E5%A4%A7%E7%9C%BC%E9%AF%9B%E7%A7%91+%E6%97%A5%E6%9C%AC%E5%A4%A7%E7%9C%BC%E9%AF%9B+%E7%B4%85%E7%9B%AE%E9%B0%B1+%E9%AF%9B%E7%A7%91+&oid=15100 HTTP/1.1" 200 3654
66.249.71.64 - - [25/Oct/2015:11:55:33 +0800] "GET /content/nav/relationSubject.jsp?relationWords=%E5%8F%83%E8%AD%B0%E6%9C%83+%E5%8F%B0%E7%81%A3%E7%9C%81+%E5%8F%B0%E9%8A%80+%E5%A4%96%E5%8C%AF+%E7%B5%84%E7%B9%94%E8%A6%8F%E7%A8%8B+&oid=1517295 HTTP/1.1" 200 4858
66.249.71.64 - - [25/Oct/2015:11:55:34 +0800] "GET /content/nav/relationSubject.jsp?relationWords=%E5%8F%83%E8%AD%B0%E6%9C%83%20%E5%8F%B0%E7%81%A3%E7%9C%81%20%E5%8F%B0%E9%8A%80%20%E5%A4%96%E5%8C%AF%20%E7%B5%84%E7%B9%94%E8%A6%8F%E7%A8%8B%20&oid=1517295 HTTP/1.1" 200 4858
38.111.147.84 - - [25/Oct/2015:11:56:01 +0800] "GET /content/subject/resource_content.jsp?oid=16777397&queryType=qc HTTP/1.0" 200 29383
66.249.71.113 - - [25/Oct/2015:11:57:20 +0800] "GET /content/nav/relationSubject.jsp?relationWords=%E5%85%AC%E7%87%9F%E4%BA%8B%E6%A5%AD+%E5%85%AC%E8%B3%A3%E5%B1%80+%E5%93%81%E8%B3%AA+%E6%8B%9B%E6%A8%99+%E7%AB%8B%E6%8B%9B+%E8%A8%B1%E9%87%91%E5%BE%B7+%E8%B3%AA%E8%A9%A2+%E9%80%80%E4%BC%8D%E8%BB%8D%E4%BA%BA+%E9%99%B3%E9%87%8D%E5%85%89+%E9%BB%83%E5%A5%87%E6%AD%A3+&oid=1566358 HTTP/1.1" 200 6315
66.249.74.75 - - [25/Oct/2015:11:57:22 +0800] "GET /content/nav/relationSubject.jsp?relationWords=%E5%85%AC%E7%87%9F%E4%BA%8B%E6%A5%AD%20%E5%85%AC%E8%B3%A3%E5%B1%80%20%E5%93%81%E8%B3%AA%20%E6%8B%9B%E6%A8%99%20%E7%AB%8B%E6%8B%9B%20%E8%A8%B1%E9%87%91%E5%BE%B7%20%E8%B3%AA%E8%A9%A2%20%E9%80%80%E4%BC%8D%E8%BB%8D%E4%BA%BA%20%E9%99%B3%E9%87%8D%E5%85%89%20%E9%BB%83%E5%A5%87%E6%AD%A3%20&oid=1566358 HTTP/1.1" 200 6315
66.249.71.5 - - [25/Oct/2015:11:59:33 +0800] "GET /digiarch3/content/pictures/picture_content.jsp?oid=33554825&classify=2761 HTTP/1.1" 200 27872
223.136.189.107 - - [25/Oct/2015:11:59:42 +0800] "GET /content/tmp_exh/resource_content.jsp?oid=16777849&queryType=qc HTTP/1.1" 200 32528
66.249.71.72 - - [25/Oct/2015:11:59:55 +0800] "GET /content/repository/resource_content.jsp?oid=2145151 HTTP/1.1" 200 31565
123.125.71.45 - - [25/Oct/2015:12:00:17 +0800] "GET /content/repository/resource_content.jsp?oid=3817385 HTTP/1.1" 200 31100
66.249.71.72 - - [25/Oct/2015:12:00:36 +0800] "GET /content/subject/resource_content.jsp?oid=16777429 HTTP/1.1" 200 31100
39.9.4.251 - - [25/Oct/2015:12:01:40 +0800] "GET /content/nav/relationSubject.jsp?relationWords=%E6%9C%A8%E7%8A%80+%E6%A1%82%E8%8A%B1+&oid=16777255 HTTP/1.1" 200 4029
66.249.71.14 - - [25/Oct/2015:12:01:47 +0800] "GET /digiarch3/content/nav/relationSubject.jsp?relationWords=%E5%B9%B3%E9%B0%AD%E9%B0%8D%E7%A7%91+%E7%9F%B3%E8%B2%BC%E4%BB%94+&oid=14419 HTTP/1.1" 200 3484
38.111.147.84 - - [25/Oct/2015:12:02:08 +0800] "GET /content/subject/resource_content.jsp?oid=16777541&queryType=qc HTTP/1.0" 200 29224
66.249.71.60 - - [25/Oct/2015:12:02:21 +0800] "GET /content/subject/resource_content.jsp?oid=16777672 HTTP/1.1" 200 35258
66.249.71.64 - - [25/Oct/2015:12:02:27 +0800] "GET /content/nav/relationSubject.jsp?relationWords=%E6%A4%8D%E7%89%A9%E7%95%8C%20%E6%B0%B4%E9%BE%8D%E9%AA%A8%20%E7%A2%97%E8%95%A8%20%E7%A2%97%E8%95%A8%E7%A7%91%20%E7%B2%97%E6%AF%9B%20%E7%B2%97%E6%AF%9B%E9%B1%97%E8%93%8B%E8%95%A8%20%E8%95%A8%E5%B1%AC%20%E8%95%A8%E9%A1%9E%E6%A4%8D%E7%89%A9%20%E9%B1%97%E8%93%8B%E8%95%A8%20%E9%B1%97%E8%93%8B%E8%95%A8%E5%B1%AC%20&oid=2145151 HTTP/1.1" 200 3681
66.249.71.113 - - [25/Oct/2015:12:02:44 +0800] "GET /content/repository/resource_content.jsp?oid=4363114&queryType=qs&queryString=%E6%8C%87%E5%8D%97%E5%AE%AE HTTP/1.1" 200 28108
111.82.109.65 - - [25/Oct/2015:12:04:08 +0800] "GET /content/nav/relationSubject.jsp?relationWords=%E5%B1%B1%E8%8A%99%E8%93%89+%E6%9C%A8%E8%8A%99%E8%93%89+%E8%96%9B%E6%BF%A4+%E9%86%89%E8%8A%99%E8%93%89+&oid=16777260 HTTP/1.1" 200 4595
66.249.77.97 - - [25/Oct/2015:12:04:48 +0800] "GET /content/repository/resource_content.jsp?oid=1579369&queryString=%E6%96%87%E5%8C%96%E4%B8%AD%E5%BF%83%20%E8%B3%AA%E8%A9%A2 HTTP/1.1" 200 30888
123.125.71.31 - - [25/Oct/2015:12:05:10 +0800] "GET /content/subject/resource_content.jsp?oid=16777484&queryType=qc HTTP/1.1" 200 72135
66.249.71.64 - - [25/Oct/2015:12:05:56 +0800] "GET /content/repository/resource_content.jsp?oid=1628304 HTTP/1.1" 200 28615
223.137.175.68 - - [25/Oct/2015:12:06:04 +0800] "GET /content/nav/relationSubject.jsp?relationWords=%E5%8F%B0%E7%81%A3%E6%AC%92%E6%A8%B9+%E6%AC%92%E6%A8%B9+%E8%8B%A6%E8%8B%93+%E8%8B%A6%E8%8B%93%E8%88%85+&oid=16777254 HTTP/1.1" 200 4383
1.163.180.101 - - [25/Oct/2015:12:06:30 +0800] "GET /content/nav/relationSubject.jsp?relationWords=&oid=16777459 HTTP/1.1" 200 1405
66.249.71.72 - - [25/Oct/2015:12:07:00 +0800] "GET /content/nav/relationSubject.jsp?relationWords=%E5%9B%B0%E6%83%91+%E5%B9%B3%E5%9F%94%E6%97%8F+&oid=1775893 HTTP/1.1" 200 7477
66.249.74.18 - - [25/Oct/2015:12:07:04 +0800] "GET /content/nav/relationSubject.jsp?relationWords=%E5%9B%B0%E6%83%91%20%E5%B9%B3%E5%9F%94%E6%97%8F%20&oid=1775893 HTTP/1.1" 200 7477
116.241.133.11 - - [25/Oct/2015:12:07:07 +0800] "GET /content/subject/resource_content.jsp?oid=16777706 HTTP/1.1" 200 53891
116.241.133.11 - - [25/Oct/2015:12:07:08 +0800] "GET /content/nav/relationSubject.jsp?relationWords=%E5%A0%A1%E5%9C%96+&oid=16777706 HTTP/1.1" 200 2864
66.249.71.64 - - [25/Oct/2015:12:07:14 +0800] "GET /content/repository/resource_content.jsp?oid=1621188 HTTP/1.1" 200 28706
38.111.147.84 - - [25/Oct/2015:12:08:08 +0800] "GET /content/subject/resource_content.jsp?oid=16777557&queryType=qc HTTP/1.0" 200 33962
118.168.239.200 - - [25/Oct/2015:12:09:14 +0800] "GET /content/repository/resource_content.jsp?oid=3110863 HTTP/1.1" 200 29803
118.168.239.200 - - [25/Oct/2015:12:09:14 +0800] "GET /content/nav/relationSubject.jsp?relationWords=%E9%9E%8D%E6%96%91+&oid=3110863 HTTP/1.1" 200 3395
66.249.71.72 - - [25/Oct/2015:12:09:40 +0800] "GET /content/repository/resource_content.jsp?oid=1600284 HTTP/1.1" 200 28368
66.249.71.60 - - [25/Oct/2015:12:10:04 +0800] "GET /content/nav/relationSubject.jsp?relationWords=%E5%8F%B0%E7%81%A3%E6%AC%92%E6%A8%B9%20%E6%AC%92%E6%A8%B9%20%E8%8B%A6%E8%8B%93%20%E8%8B%A6%E8%8B%93%E8%88%85%20&oid=16777254 HTTP/1.1" 200 4383
180.177.184.123 - - [25/Oct/2015:12:10:43 +0800] "GET /content/nav/relationSubject.jsp?relationWords=%E9%84%AD%E6%88%90%E5%8A%9F+&oid=16777440 HTTP/1.1" 200 3538
66.249.71.60 - - [25/Oct/2015:12:12:07 +0800] "GET /content/repository/resource_content.jsp?oid=769487 HTTP/1.1" 200 27848
120.104.104.181 - - [25/Oct/2015:12:12:51 +0800] "GET /content/nav/relationSubject.jsp?relationWords=%E6%B0%B4%E9%BB%83%E7%9A%AE+&oid=16777535 HTTP/1.1" 200 3630
123.125.71.86 - - [25/Oct/2015:12:12:57 +0800] "GET /content/repository/resource_content.jsp?oid=1838961 HTTP/1.1" 200 28758
38.111.147.84 - - [25/Oct/2015:12:14:25 +0800] "GET /content/subject/resource_content.jsp?oid=16777700&queryType=qc HTTP/1.0" 200 33754
66.249.71.113 - - [25/Oct/2015:12:14:27 +0800] "GET /content/repository/resource_content.jsp?oid=2510516&queryType=qs&queryString=%E6%9C%9D%E9%82%91%E7%B8%A3 HTTP/1.1" 200 30092
66.249.71.64 - - [25/Oct/2015:12:14:56 +0800] "GET /content/nav/relationSubject.jsp?relationWords=%E4%B8%89%E4%B8%83%E4%BA%94%20%E4%B8%89%E4%B8%83%E4%BA%94%E7%A7%9F%E7%B4%84%20&oid=1621188 HTTP/1.1" 200 4937
49.216.128.199 - - [25/Oct/2015:12:16:30 +0800] "GET /content/subject/resource_content.jsp?oid=16797287&queryType=qc HTTP/1.1" 200 88698
66.249.77.91 - - [25/Oct/2015:12:16:35 +0800] "GET /content/subject/resource_content.jsp?oid=16777652&queryType=qs&queryString=%E9%9B%BB%E5%AD%90%E5%A0%B1 HTTP/1.1" 200 30414
49.216.128.199 - - [25/Oct/2015:12:16:36 +0800] "GET /content/nav/relationSubject.jsp?relationWords=%E5%8F%B0%E7%81%A3%E5%8E%9F%E4%BD%8F%E6%B0%91+&oid=16797287 HTTP/1.1" 200 4742
66.249.74.75 - - [25/Oct/2015:12:16:48 +0800] "GET /content/nav/relationSubject.jsp?relationWords=%E6%B3%B0%E9%9B%85+%E6%B3%B0%E9%9B%85%E6%97%8F+%E7%BD%B7%E5%B7%A5+&oid=1774634 HTTP/1.1" 200 5582
66.249.71.105 - - [25/Oct/2015:12:16:51 +0800] "GET /content/nav/relationSubject.jsp?relationWords=%E6%B3%B0%E9%9B%85%20%E6%B3%B0%E9%9B%85%E6%97%8F%20%E7%BD%B7%E5%B7%A5%20&oid=1774634 HTTP/1.1" 200 5582
66.249.74.18 - - [25/Oct/2015:12:16:59 +0800] "GET /content/repository/resource_content.jsp?oid=1898014 HTTP/1.1" 200 28971
66.249.74.21 - - [25/Oct/2015:12:17:28 +0800] "GET /content/nav/relationSubject.jsp?relationWords=%E4%B8%AD%E8%88%88%E7%B4%99%E6%A5%AD+%E5%BC%B5%E6%8C%AF+%E5%BC%B5%E6%8C%AF%E7%94%9F+%E6%8C%AF%E7%94%9F+%E8%B2%A1%E5%8B%99+%E8%B3%AA%E8%A9%A2+%E9%A0%90%E7%AE%97+&oid=1554971 HTTP/1.1" 200 4822
66.249.71.64 - - [25/Oct/2015:12:17:30 +0800] "GET /content/nav/relationSubject.jsp?relationWords=%E4%B8%AD%E8%88%88%E7%B4%99%E6%A5%AD%20%E5%BC%B5%E6%8C%AF%20%E5%BC%B5%E6%8C%AF%E7%94%9F%20%E6%8C%AF%E7%94%9F%20%E8%B2%A1%E5%8B%99%20%E8%B3%AA%E8%A9%A2%20%E9%A0%90%E7%AE%97%20&oid=1554971 HTTP/1.1" 200 4822
66.249.74.60 - - [25/Oct/2015:12:17:40 +0800] "GET /content/repository/resource_content.jsp?oid=1589838&queryType=qs&queryString=%E5%8F%97%E5%AE%B3%E8%80%85 HTTP/1.1" 200 33772
66.249.71.59 - - [25/Oct/2015:12:18:43 +0800] "GET /content/repository/resource_content.jsp?oid=1605325&queryType=qs&queryString=%E4%BA%8C%E4%BA%8C%E5%85%AB%E4%BA%8B%E4%BB%B6 HTTP/1.1" 200 36818
39.9.20.150 - - [25/Oct/2015:12:19:04 +0800] "GET /content/repository/resource_content.jsp?oid=1517402 HTTP/1.1" 200 28564
39.9.20.150 - - [25/Oct/2015:12:19:06 +0800] "GET /content/nav/relationSubject.jsp?relationWords=&oid=1517402 HTTP/1.1" 200 1405
66.249.71.121 - - [25/Oct/2015:12:19:47 +0800] "GET /content/repository/resource_content.jsp?oid=1552239&queryType=qs&queryString=%E9%98%BF%E5%85%AC%E5%BA%97 HTTP/1.1" 200 29034
180.218.218.229 - - [25/Oct/2015:12:20:03 +0800] "GET /content/subject/resource_content.jsp?oid=16777443 HTTP/1.1" 200 40095
180.218.218.229 - - [25/Oct/2015:12:20:05 +0800] "GET /content/nav/relationSubject.jsp?relationWords=%E7%BE%85%E6%BC%A2%E6%9D%BE+%E8%98%AD%E5%B6%BC%E7%BE%85%E6%BC%A2%E6%9D%BE+%E9%81%94%E6%82%9F+%E9%81%94%E6%82%9F%E6%97%8F+%E9%9B%85%E7%BE%8E+%E9%9B%85%E7%BE%8E%E6%97%8F+&oid=16777443 HTTP/1.1" 200 4289
223.138.209.65 - - [25/Oct/2015:12:20:18 +0800] "GET /content/nav/relationSubject.jsp?relationWords=%E6%9C%A8%E7%8A%80+%E6%A1%82%E8%8A%B1+&oid=16777255 HTTP/1.1" 200 4029
68.180.228.24 - - [25/Oct/2015:12:20:23 +0800] "GET /content/tmp_tec/resource_content.jsp?oid=16777731 HTTP/1.1" 200 39233
38.111.147.84 - - [25/Oct/2015:12:20:32 +0800] "GET /digiarch3/content/subject/resource_content.jsp?oid=16777761&queryType=qc HTTP/1.0" 200 32698
66.249.71.60 - - [25/Oct/2015:12:20:51 +0800] "GET /content/repository/resource_content.jsp?oid=182805 HTTP/1.1" 200 30197
66.249.71.72 - - [25/Oct/2015:12:22:01 +0800] "GET /content/nav/relationSubject.jsp?relationWords=%E5%A4%A7%E6%98%9F%E8%95%A8+%E6%98%9F%E8%95%A8+%E6%98%9F%E8%95%A8%E5%B1%AC+%E6%A4%8D%E7%89%A9%E7%95%8C+%E6%B0%B4%E9%BE%8D%E9%AA%A8+%E6%B0%B4%E9%BE%8D%E9%AA%A8%E7%A7%91+%E8%95%A8%E5%B1%AC+%E8%95%A8%E9%A1%9E%E6%A4%8D%E7%89%A9+%E9%AA%A8%E7%A7%91+&oid=1458911 HTTP/1.1" 200 3604
66.249.71.64 - - [25/Oct/2015:12:22:03 +0800] "GET /content/nav/relationSubject.jsp?relationWords=%E5%A4%A7%E6%98%9F%E8%95%A8%20%E6%98%9F%E8%95%A8%20%E6%98%9F%E8%95%A8%E5%B1%AC%20%E6%A4%8D%E7%89%A9%E7%95%8C%20%E6%B0%B4%E9%BE%8D%E9%AA%A8%20%E6%B0%B4%E9%BE%8D%E9%AA%A8%E7%A7%91%20%E8%95%A8%E5%B1%AC%20%E8%95%A8%E9%A1%9E%E6%A4%8D%E7%89%A9%20%E9%AA%A8%E7%A7%91%20&oid=1458911 HTTP/1.1" 200 3604
66.249.71.64 - - [25/Oct/2015:12:22:55 +0800] "GET /content/nav/relationSubject.jsp?relationWords=%E5%B1%B1%E9%BB%83+%E5%B1%B1%E9%BB%83%E6%A2%94+%E6%A4%8D%E7%89%A9%E7%95%8C+%E8%8C%9C%E8%8D%89+%E8%8C%9C%E8%8D%89%E7%A7%91+%E9%BB%83%E6%A2%94+%E9%BB%83%E6%A2%94%E5%B1%AC+&oid=1111394 HTTP/1.1" 200 3444
66.249.71.72 - - [25/Oct/2015:12:22:56 +0800] "GET /content/nav/relationSubject.jsp?relationWords=%E5%B1%B1%E9%BB%83%20%E5%B1%B1%E9%BB%83%E6%A2%94%20%E6%A4%8D%E7%89%A9%E7%95%8C%20%E8%8C%9C%E8%8D%89%20%E8%8C%9C%E8%8D%89%E7%A7%91%20%E9%BB%83%E6%A2%94%20%E9%BB%83%E6%A2%94%E5%B1%AC%20&oid=1111394 HTTP/1.1" 200 3444
66.249.71.60 - - [25/Oct/2015:12:22:59 +0800] "GET /content/repository/resource_content.jsp?oid=3041282 HTTP/1.1" 200 28644
66.249.71.60 - - [25/Oct/2015:12:22:59 +0800] "GET /content/nav/relationSubject.jsp?relationWords=&oid=769487 HTTP/1.1" 200 1405
68.180.228.24 - - [25/Oct/2015:12:23:20 +0800] "GET /digiarch_en/content/subject/resource_content.jsp?oid=16777462&queryType=qc HTTP/1.1" 200 51326
66.249.71.64 - - [25/Oct/2015:12:23:28 +0800] "GET /content/nav/relationSubject.jsp?relationWords=%E6%A8%99%E5%94%AE+%E7%81%A3%E7%9C%81%E6%94%BF%E5%BA%9C+%E7%9C%81%E6%94%BF%E5%BA%9C+%E8%87%BA%E5%8C%97%E5%B8%82+%E8%87%BA%E7%81%A3%E7%9C%81+%E8%87%BA%E7%81%A3%E7%9C%81%E6%94%BF%E5%BA%9C+%E8%BE%B2%E6%9E%97+%E8%BE%B2%E6%9E%97%E5%BB%B3+&oid=1898014 HTTP/1.1" 200 4822
66.249.74.15 - - [25/Oct/2015:12:23:30 +0800] "GET /content/nav/relationSubject.jsp?relationWords=%E6%A8%99%E5%94%AE%20%E7%81%A3%E7%9C%81%E6%94%BF%E5%BA%9C%20%E7%9C%81%E6%94%BF%E5%BA%9C%20%E8%87%BA%E5%8C%97%E5%B8%82%20%E8%87%BA%E7%81%A3%E7%9C%81%20%E8%87%BA%E7%81%A3%E7%9C%81%E6%94%BF%E5%BA%9C%20%E8%BE%B2%E6%9E%97%20%E8%BE%B2%E6%9E%97%E5%BB%B3%20&oid=1898014 HTTP/1.1" 200 4822
66.249.71.72 - - [25/Oct/2015:12:23:53 +0800] "GET /content/nav/relationSubject.jsp?relationWords=%E5%8A%89%E9%9D%92%E9%9B%B2+%E5%9C%B0%E6%94%BF%E5%B1%80+%E5%A7%9A%E5%86%AC%E8%81%B2+%E6%9D%8E%E6%BA%90%E6%A3%A7+%E6%9E%97%E7%9B%8A%E5%B7%9D+%E7%9C%81%E6%94%BF%E5%BA%9C+%E8%87%BA%E5%8D%97%E5%B8%82+%E8%87%BA%E5%8D%97%E7%B8%A3+%E8%94%A1%E6%96%87%E7%8E%89+%E8%98%87%E6%8C%AF%E8%BC%9D+%E9%BE%8D%E5%B4%8E%E9%84%89+&oid=1531286 HTTP/1.1" 200 4957
66.249.71.72 - - [25/Oct/2015:12:23:55 +0800] "GET /content/nav/relationSubject.jsp?relationWords=%E5%8A%89%E9%9D%92%E9%9B%B2%20%E5%9C%B0%E6%94%BF%E5%B1%80%20%E5%A7%9A%E5%86%AC%E8%81%B2%20%E6%9D%8E%E6%BA%90%E6%A3%A7%20%E6%9E%97%E7%9B%8A%E5%B7%9D%20%E7%9C%81%E6%94%BF%E5%BA%9C%20%E8%87%BA%E5%8D%97%E5%B8%82%20%E8%87%BA%E5%8D%97%E7%B8%A3%20%E8%94%A1%E6%96%87%E7%8E%89%20%E8%98%87%E6%8C%AF%E8%BC%9D%20%E9%BE%8D%E5%B4%8E%E9%84%89%20&oid=1531286 HTTP/1.1" 200 4957
68.180.228.24 - - [25/Oct/2015:12:23:59 +0800] "GET /digiarch_en/content/subject/resource_content.jsp?oid=16777493&queryType=qc HTTP/1.1" 200 38667
66.249.71.72 - - [25/Oct/2015:12:24:02 +0800] "GET /content/repository/resource_content.jsp?oid=2581412 HTTP/1.1" 200 28971
68.180.228.24 - - [25/Oct/2015:12:24:12 +0800] "GET /digiarch_en/content/subject/resource_content.jsp?oid=16777475&queryType=qc HTTP/1.1" 200 62068
66.249.74.15 - - [25/Oct/2015:12:24:29 +0800] "GET /content/nav/relationSubject.jsp?relationWords=%E5%8F%B0%E7%81%A3%E9%87%8E%E8%96%84%E8%8D%B7+%E5%94%87%E5%BD%A2%E7%A7%91+%E6%A4%8D%E7%89%A9%E7%95%8C+%E8%96%84%E8%8D%B7+%E9%87%8E%E8%96%84%E8%8D%B7%E5%B1%AC+%E9%9B%99%E5%AD%90%E8%91%89%E6%A4%8D%E7%89%A9+&oid=2145548 HTTP/1.1" 200 3509
220.181.108.143 - - [25/Oct/2015:12:24:30 +0800] "GET /content/repository/resource_content.jsp?oid=574977 HTTP/1.1" 200 27849
66.249.71.64 - - [25/Oct/2015:12:24:33 +0800] "GET /content/nav/relationSubject.jsp?relationWords=%E5%8F%B0%E7%81%A3%E9%87%8E%E8%96%84%E8%8D%B7%20%E5%94%87%E5%BD%A2%E7%A7%91%20%E6%A4%8D%E7%89%A9%E7%95%8C%20%E8%96%84%E8%8D%B7%20%E9%87%8E%E8%96%84%E8%8D%B7%E5%B1%AC%20%E9%9B%99%E5%AD%90%E8%91%89%E6%A4%8D%E7%89%A9%20&oid=2145548 HTTP/1.1" 200 3509
66.249.71.72 - - [25/Oct/2015:12:25:06 +0800] "GET /content/repository/resource_content.jsp?oid=2567172 HTTP/1.1" 200 28839
1.161.107.83 - - [25/Oct/2015:12:25:23 +0800] "GET /content/nav/relationSubject.jsp?relationWords=%E5%8D%83%E5%B9%B4%E6%A1%90+%E6%A1%90%E8%8A%B1+%E6%B2%B9%E6%A1%90+&oid=16777599 HTTP/1.1" 200 3738
66.249.71.64 - - [25/Oct/2015:12:25:49 +0800] "GET /content/nav/relationSubject.jsp?relationWords=%E7%8D%B8%E9%9D%A2+&oid=1876233 HTTP/1.1" 200 3776
66.249.71.72 - - [25/Oct/2015:12:25:51 +0800] "GET /content/nav/relationSubject.jsp?relationWords=%E7%8D%B8%E9%9D%A2%20&oid=1876233 HTTP/1.1" 200 3776
66.249.71.64 - - [25/Oct/2015:12:26:10 +0800] "GET /content/repository/resource_content.jsp?oid=2686917 HTTP/1.1" 200 29577
66.249.71.64 - - [25/Oct/2015:12:26:44 +0800] "GET /content/repository/resource_content.jsp?oid=1095259 HTTP/1.1" 200 29751
38.111.147.84 - - [25/Oct/2015:12:26:44 +0800] "GET /digiarch3/content/tmp_auth/resource_content.jsp?oid=16777666 HTTP/1.0" 200 28877
66.249.71.72 - - [25/Oct/2015:12:27:14 +0800] "GET /content/repository/resource_content.jsp?oid=1628596 HTTP/1.1" 200 28592
66.249.71.121 - - [25/Oct/2015:12:27:52 +0800] "GET /content/nav/relationSubject.jsp?relationWords=%E5%85%A7%E7%BF%B0%E6%9E%97+%E7%BF%B0%E6%9E%97%E5%AE%98+&oid=2674226 HTTP/1.1" 200 3137
66.249.71.121 - - [25/Oct/2015:12:27:54 +0800] "GET /content/nav/relationSubject.jsp?relationWords=%E5%85%A7%E7%BF%B0%E6%9E%97%20%E7%BF%B0%E6%9E%97%E5%AE%98%20&oid=2674226 HTTP/1.1" 200 3137
207.46.13.179 - - [25/Oct/2015:12:27:55 +0800] "GET /content/repository/resource_content.jsp?oid=3813751&queryString=%E5%8F%B0%E7%81%A3%E9%87%8E%E8%96%84%E8%8D%B7%20%E5%94%87%E5%BD%A2%E7%A7%91%20%E6%A4%8D%E7%89%A9%E7%95%8C%20%E8%96%84%E8%8D%B7%20%E9%87%8E%E8%96%84%E8%8D%B7%E5%B1%AC%20%E9%9B%99%E5%AD%90%E8%91%89%E6%A4%8D%E7%89%A9 HTTP/1.1" 200 31407
52.23.156.32 - - [25/Oct/2015:12:28:00 +0800] "GET /content/subject/resource_content.jsp?oid=16797242&queryType=qc HTTP/1.1" 200 46766
66.249.71.64 - - [25/Oct/2015:12:28:18 +0800] "GET /content/repository/resource_content.jsp?oid=2146287 HTTP/1.1" 200 30780
66.249.71.64 - - [25/Oct/2015:12:29:10 +0800] "GET /content/repository/resource_content.jsp?oid=1622452 HTTP/1.1" 200 28630
66.249.71.60 - - [25/Oct/2015:12:29:22 +0800] "GET /content/repository/resource_content.jsp?oid=1597774 HTTP/1.1" 200 30765
1.161.107.83 - - [25/Oct/2015:12:30:25 +0800] "GET /content/nav/relationSubject.jsp?relationWords=%E5%8D%83%E5%B9%B4%E6%A1%90+%E6%A1%90%E8%8A%B1+%E6%B2%B9%E6%A1%90+&oid=16777599 HTTP/1.1" 200 3738
66.249.71.72 - - [25/Oct/2015:12:30:26 +0800] "GET /content/repository/resource_content.jsp?oid=1522342 HTTP/1.1" 200 28816
66.249.71.41 - - [25/Oct/2015:12:30:48 +0800] "GET /content/nav/relationSubject.jsp?relationWords=%E4%B8%AD%E7%AD%89%E5%AD%B8%E6%A0%A1+%E4%BA%8C%E4%BA%8C%E5%85%AB+%E4%BA%8C%E4%BA%8C%E5%85%AB%E4%BA%8B%E4%BB%B6+%E4%BB%A3%E7%90%86%E4%BA%BA+%E5%85%AC%E5%8B%99%E4%BA%BA%E5%93%A1+%E5%9C%8B%E6%B0%91%E4%B8%AD%E5%B0%8F%E5%AD%B8+%E5%B8%82%E5%85%AC%E6%89%80+%E5%B8%AB%E7%AF%84%E5%AD%B8%E6%A0%A1+%E5%B9%B9%E9%83%A8+%E5%BE%8C%E5%82%99%E8%BB%8D%E4%BA%BA+%E6%95%99%E5%8B%99%E4%B8%BB%E4%BB%BB+%E6%95%99%E6%9D%90+%E6%95%99%E8%81%B7%E5%93%A1+%E6%95%99%E8%82%B2%E5%BB%B3+%E6%96%B0%E8%81%9E%E8%99%95+%E6%9F%8F%E6%9D%91+%E6%A8%99%E9%BB%9E%E7%AC%A6%E8%99%9F+%E6%AF%8D%E8%AA%9E+%E6%B0%91%E9%80%B2%E9%BB%A8+%E7%95%99%E8%81%B7%E5%81%9C%E8%96%AA+%E7%A7%81%E7%AB%8B%E5%AD%B8%E6%A0%A1+%E7%AC%A6%E8%99%9F+%E7%BE%8E%E8%A1%93%E9%A4%A8+%E8%87%BA%E7%81%A3%E7%9C%81+%E8%99%95%E9%95%B7+%E8%B3%AA%E8%A9%A2+%E9%83%9D%E6%9F%8F%E6%9D%91+%E9%90%98%E9%BB%9E%E8%B2%BB+&oid=1605325 HTTP/1.1" 200 5768
66.249.71.41 - - [25/Oct/2015:12:30:50 +0800] "GET /content/nav/relationSubject.jsp?relationWords=%E4%B8%AD%E7%AD%89%E5%AD%B8%E6%A0%A1%20%E4%BA%8C%E4%BA%8C%E5%85%AB%20%E4%BA%8C%E4%BA%8C%E5%85%AB%E4%BA%8B%E4%BB%B6%20%E4%BB%A3%E7%90%86%E4%BA%BA%20%E5%85%AC%E5%8B%99%E4%BA%BA%E5%93%A1%20%E5%9C%8B%E6%B0%91%E4%B8%AD%E5%B0%8F%E5%AD%B8%20%E5%B8%82%E5%85%AC%E6%89%80%20%E5%B8%AB%E7%AF%84%E5%AD%B8%E6%A0%A1%20%E5%B9%B9%E9%83%A8%20%E5%BE%8C%E5%82%99%E8%BB%8D%E4%BA%BA%20%E6%95%99%E5%8B%99%E4%B8%BB%E4%BB%BB%20%E6%95%99%E6%9D%90%20%E6%95%99%E8%81%B7%E5%93%A1%20%E6%95%99%E8%82%B2%E5%BB%B3%20%E6%96%B0%E8%81%9E%E8%99%95%20%E6%9F%8F%E6%9D%91%20%E6%A8%99%E9%BB%9E%E7%AC%A6%E8%99%9F%20%E6%AF%8D%E8%AA%9E%20%E6%B0%91%E9%80%B2%E9%BB%A8%20%E7%95%99%E8%81%B7%E5%81%9C%E8%96%AA%20%E7%A7%81%E7%AB%8B%E5%AD%B8%E6%A0%A1%20%E7%AC%A6%E8%99%9F%20%E7%BE%8E%E8%A1%93%E9%A4%A8%20%E8%87%BA%E7%81%A3%E7%9C%81%20%E8%99%95%E9%95%B7%20%E8%B3%AA%E8%A9%A2%20%E9%83%9D%E6%9F%8F%E6%9D%91%20%E9%90%98%E9%BB%9E%E8%B2%BB%20&oid=1605325 HTTP/1.1" 200 5768
66.249.71.64 - - [25/Oct/2015:12:31:30 +0800] "GET /content/repository/resource_content.jsp?oid=2688226 HTTP/1.1" 200 30254
66.249.71.60 - - [25/Oct/2015:12:31:37 +0800] "GET /digiarch_en/content/repository/resource_content.jsp?oid=16281&queryString=%E5%88%BA%E5%B0%BE%E9%AF%9B%20%E7%99%BD%E9%9D%A2 HTTP/1.1" 200 27696
40.77.167.37 - - [25/Oct/2015:12:32:00 +0800] "GET /content/nav/relationSubject.jsp?relationWords=%E5%A4%9A%E6%A8%A3%E6%80%A7+%E7%8F%A0%E6%AF%8D%E8%B2%9D+%E7%8F%A0%E8%A1%A3+%E8%B2%9D%E7%8F%A0+&oid=16777472 HTTP/1.1" 200 5069
66.249.71.64 - - [25/Oct/2015:12:32:19 +0800] "GET /content/nav/relationSubject.jsp?relationWords=%E6%A4%8D%E7%89%A9%E7%95%8C%20%E8%89%BE%E5%B1%AC%20%E8%8F%8A%E7%A7%91%20%E9%9B%99%E5%AD%90%E8%91%89%20%E9%9B%99%E5%AD%90%E8%91%89%E6%A4%8D%E7%89%A9%20%E9%BB%83%E8%8A%B1%E8%92%BF%20&oid=1095259 HTTP/1.1" 200 3234
38.111.147.84 - - [25/Oct/2015:12:32:20 +0800] "GET /digiarch3/content/tmp_auth/resource_content.jsp?oid=16777757 HTTP/1.0" 200 44051
66.249.71.60 - - [25/Oct/2015:12:32:34 +0800] "GET /content/nav/relationSubject.jsp?relationWords=%E5%9B%9B%E5%BA%9C%20%E5%9B%9B%E5%BA%9C%E6%95%99%20%E6%95%99%E8%82%B2%E6%A1%88%20&oid=1622452 HTTP/1.1" 200 3404
66.249.71.72 - - [25/Oct/2015:12:33:38 +0800] "GET /content/repository/resource_content.jsp?oid=1625070 HTTP/1.1" 200 28551
111.241.104.246 - - [25/Oct/2015:12:34:40 +0800] "GET /content/nav/relationSubject.jsp?relationWords=%E7%A9%97%E8%8A%B1%E5%B1%B1%E5%A5%88+%E9%87%8E%E8%96%91%E8%8A%B1+&oid=16777263 HTTP/1.1" 200 3284
66.249.77.97 - - [25/Oct/2015:12:34:41 +0800] "GET /content/subject/resource_content.jsp?oid=16777342&queryType=qc HTTP/1.1" 200 33234
66.249.71.14 - - [25/Oct/2015:12:35:45 +0800] "GET /digiarch3/content/repository/resource_content.jsp?oid=1591605&queryString=%E5%9C%8B%E9%9A%9B%E9%87%91%E8%9E%8D HTTP/1.1" 200 31554
219.70.192.23 - - [25/Oct/2015:12:35:54 +0800] "GET /content/nav/relationSubject.jsp?relationWords=%E5%8F%B0%E7%81%A3%E6%AC%92%E6%A8%B9+%E6%AC%92%E6%A8%B9+%E8%8B%A6%E8%8B%93+%E8%8B%A6%E8%8B%93%E8%88%85+&oid=16777254 HTTP/1.1" 200 4383
123.125.71.60 - - [25/Oct/2015:12:36:01 +0800] "GET /content/subject/resource_content.jsp?oid=16777612 HTTP/1.1" 200 42667
66.249.71.72 - - [25/Oct/2015:12:36:28 +0800] "GET /content/repository/resource_content.jsp?oid=1629946 HTTP/1.1" 200 28831
118.171.145.198 - - [25/Oct/2015:12:36:30 +0800] "GET /content/nav/relationSubject.jsp?relationWords=%E7%B4%AB%E8%96%87+&oid=16777424 HTTP/1.1" 200 4000
36.228.66.197 - - [25/Oct/2015:12:36:32 +0800] "GET /content/nav/relationSubject.jsp?relationWords=%E6%9C%A8%E7%8A%80+%E6%A1%82%E8%8A%B1+&oid=16777255 HTTP/1.1" 200 4029
40.77.167.37 - - [25/Oct/2015:12:36:57 +0800] "GET /content/nav/relationSubject.jsp?relationWords=%E5%8F%B0%E6%9D%B1%E8%98%87%E9%90%B5+&oid=16777386 HTTP/1.1" 200 4092
38.111.147.84 - - [25/Oct/2015:12:38:09 +0800] "GET /digiarch3/content/tmp_auth/resource_content.jsp?oid=16777758 HTTP/1.0" 200 25283
66.249.71.72 - - [25/Oct/2015:12:38:54 +0800] "GET /digiarch_en/content/repository/resource_content.jsp?oid=3819088&queryString=%E5%B1%B1%E6%AC%96%20%E5%B1%B1%E6%AC%96%E5%B1%AC%20%E6%9F%BF%E6%A8%B9%20%E6%A4%8D%E7%89%A9%E7%95%8C HTTP/1.1" 200 23634
123.51.206.130 - - [25/Oct/2015:12:39:04 +0800] "GET /content/subject/resource_content.jsp?oid=16797294&queryType=qc HTTP/1.1" 200 45274
123.51.206.130 - - [25/Oct/2015:12:39:06 +0800] "GET /content/nav/relationSubject.jsp?relationWords=%E8%94%AC%E6%9E%9C+&oid=16797294 HTTP/1.1" 200 5100
68.180.228.24 - - [25/Oct/2015:12:39:16 +0800] "GET /content/subject/resource_content.jsp?oid=16797242&queryType=qc HTTP/1.1" 200 46766
66.249.71.121 - - [25/Oct/2015:12:39:47 +0800] "GET /content/nav/relationSubject.jsp?relationWords=%E5%8D%B7%E9%A6%96+&oid=4443140 HTTP/1.1" 200 2927
66.249.71.121 - - [25/Oct/2015:12:39:50 +0800] "GET /content/nav/relationSubject.jsp?relationWords=%E5%8D%B7%E9%A6%96%20&oid=4443140 HTTP/1.1" 200 2927
49.216.81.92 - - [25/Oct/2015:12:40:41 +0800] "GET /content/nav/relationSubject.jsp?relationWords=%E8%96%9C%E8%8D%94+&oid=16777485 HTTP/1.1" 200 3561
66.249.71.59 - - [25/Oct/2015:12:41:05 +0800] "GET /content/subject/resource_content.jsp?oid=16777437&queryType=qc HTTP/1.1" 200 28770
66.249.71.60 - - [25/Oct/2015:12:42:23 +0800] "GET /content/nav/relationSubject.jsp?relationWords=%E8%84%8A%E8%83%8C%E5%B5%8C%E7%89%87+&oid=1873744 HTTP/1.1" 200 3026
66.249.71.72 - - [25/Oct/2015:12:42:25 +0800] "GET /content/nav/relationSubject.jsp?relationWords=%E8%84%8A%E8%83%8C%E5%B5%8C%E7%89%87%20&oid=1873744 HTTP/1.1" 200 3026
66.249.71.72 - - [25/Oct/2015:12:42:42 +0800] "GET /digiarch_en/content/nav/relationSubject.jsp?relationWords=%E5%88%BA%E5%B0%BE%E9%AD%9A%20%E5%88%BA%E5%B0%BE%E9%AF%9B%20%E5%88%BA%E5%B0%BE%E9%AF%9B%E7%A7%91%20%E6%9D%9C%E6%B0%8F%E5%88%BA%E5%B0%BE%E9%AF%9B%20%E7%9C%BC%E7%B4%8B%20%E7%B2%97%E7%9A%AE%E4%BB%94%20%E9%A1%8D%E5%B8%B6%20%E9%AF%9B%E7%A7%91%20&oid=16281 HTTP/1.1" 200 3388
66.249.71.14 - - [25/Oct/2015:12:43:46 +0800] "GET /digiarch3/content/repository/resource_content.jsp?oid=1106982&queryString=%E6%A4%8D%E7%89%A9%E7%95%8C%20%E6%BE%A4%E8%98%AD%E5%B1%AC%20%E7%94%B0%E4%BB%A3%E6%B0%8F%E6%BE%A4%E8%98%AD%20%E8%8F%8A%E7%A7%91%20%E9%9B%99%E5%AD%90%E8%91%89%E6%A4%8D%E7%89%A9 HTTP/1.1" 200 31864
38.111.147.84 - - [25/Oct/2015:12:44:05 +0800] "GET /digiarch3/content/tmp_auth/resource_content.jsp?oid=16777759 HTTP/1.0" 200 25280
66.249.74.64 - - [25/Oct/2015:12:45:21 +0800] "GET /content/pictures/picture_content.jsp?oid=33554432&classify= HTTP/1.1" 200 27054
66.249.71.72 - - [25/Oct/2015:12:48:39 +0800] "GET /content/repository/resource_content.jsp?oid=1516038 HTTP/1.1" 200 28538
106.120.173.84 - - [25/Oct/2015:12:48:55 +0800] "GET /content/subject/resource_content.jsp?oid=16777728&queryType=qc HTTP/1.1" 200 65185
38.111.147.84 - - [25/Oct/2015:12:49:39 +0800] "GET /digiarch3/content/tmp_exh/resource_content.jsp?oid=16777750&queryType=qc HTTP/1.0" 200 32472
140.112.240.122 - - [25/Oct/2015:12:50:03 +0800] "GET /content/repository/resource_content.jsp?oid=4551107&queryString=%E7%AB%A0%E9%AD%9A%20%E8%88%B9%E8%9B%B8%20%E8%88%B9%E8%9B%B8%E5%B1%AC%20%E8%BB%9F%E9%AB%94%E5%8B%95%E7%89%A9%E9%96%80%20%E9%97%8A%E8%88%B9%E8%9B%B8%20%E9%A0%AD%E8%B6%B3%E7%B6%B1 HTTP/1.1" 200 30664
140.112.240.122 - - [25/Oct/2015:12:50:04 +0800] "GET /content/nav/relationSubject.jsp?relationWords=%E6%89%81%E8%88%B9%E8%9B%B8+%E7%AB%A0%E9%AD%9A+%E8%88%B9%E8%9B%B8+%E8%88%B9%E8%9B%B8%E5%B1%AC+%E8%BB%9F%E9%AB%94%E5%8B%95%E7%89%A9%E9%96%80+%E9%A0%AD%E8%B6%B3+%E9%A0%AD%E8%B6%B3%E7%B6%B1+&oid=4551107 HTTP/1.1" 200 3423
66.249.71.64 - - [25/Oct/2015:12:50:42 +0800] "GET /content/subject/resource_content.jsp?oid=16777448&queryType=qc HTTP/1.1" 200 34534
68.180.228.24 - - [25/Oct/2015:12:50:49 +0800] "GET /content/tmp_tec/resource_content.jsp?oid=16777753 HTTP/1.1" 200 33902
66.249.71.60 - - [25/Oct/2015:12:51:06 +0800] "GET /content/repository/resource_content.jsp?oid=1458267 HTTP/1.1" 200 30896
49.216.114.172 - - [25/Oct/2015:12:51:43 +0800] "GET /content/nav/relationSubject.jsp?relationWords=&oid=16777328 HTTP/1.1" 200 1405
66.249.71.72 - - [25/Oct/2015:12:52:14 +0800] "GET /content/nav/relationSubject.jsp?relationWords=%E5%81%87%E9%87%8B%20%E6%9E%97%E8%90%AC%20&oid=1516038 HTTP/1.1" 200 3960
114.40.54.80 - - [25/Oct/2015:12:52:48 +0800] "GET /content/subject/resource_content.jsp?oid=16777448&queryType=qc HTTP/1.1" 200 34545
114.40.54.80 - - [25/Oct/2015:12:53:00 +0800] "GET /content/nav/relationSubject.jsp?relationWords=%E5%B1%B1%E8%8C%B6%E8%8A%B1+%E6%9B%BC%E9%99%80%E7%BE%85+%E6%9B%BC%E9%99%80%E7%BE%85%E8%8A%B1+%E8%8C%B6%E8%8A%B1+&oid=16777448 HTTP/1.1" 200 3399
68.180.228.24 - - [25/Oct/2015:12:53:08 +0800] "GET /digiarch_en/content/subject/resource_content.jsp?oid=16777481&queryType=qc HTTP/1.1" 200 175141
66.249.71.164 - - [25/Oct/2015:12:53:31 +0800] "GET /content/repository/resource_content.jsp?oid=4352598&queryString=%E5%8D%97%E6%B4%8B%E9%AF%BD%E4%BB%94%20%E5%9C%A8%E4%BE%86%E5%90%B3%E9%83%AD%E9%AD%9A%20%E6%85%88%E9%AF%9B%E7%A7%91%20%E8%8E%AB%E4%B8%89%E9%BC%BB%E5%8F%A3%E5%AD%B5%E9%AD%9A%20%E9%9D%9E%E6%B4%B2%E4%BB%94 HTTP/1.1" 200 37211
61.228.18.202 - - [25/Oct/2015:12:53:33 +0800] "GET /content/repository/resource_content.jsp?oid=1536398 HTTP/1.1" 200 28650
223.142.11.112 - - [25/Oct/2015:12:53:35 +0800] "GET /content/nav/relationSubject.jsp?relationWords=&oid=16777341 HTTP/1.1" 200 1405
61.228.18.202 - - [25/Oct/2015:12:53:37 +0800] "GET /content/nav/relationSubject.jsp?relationWords=%E6%BF%9F%E7%BE%8E%E6%9C%83+&oid=1536398 HTTP/1.1" 200 4023
36.230.111.1 - - [25/Oct/2015:12:54:46 +0800] "GET /content/nav/relationSubject.jsp?relationWords=&oid=16777459 HTTP/1.1" 200 1405
66.249.71.41 - - [25/Oct/2015:12:54:55 +0800] "GET /content/tmp_exh/resource_content.jsp?oid=16777846&queryType=qc HTTP/1.1" 200 44782
38.111.147.84 - - [25/Oct/2015:12:55:15 +0800] "GET /digiarch3/content/tmp_exh/resource_content.jsp?oid=16777755&queryType=qc HTTP/1.0" 200 33860
66.249.71.121 - - [25/Oct/2015:12:55:31 +0800] "GET /content/nav/relationSubject.jsp?relationWords=&oid=2597803 HTTP/1.1" 200 1405
66.249.71.72 - - [25/Oct/2015:12:55:34 +0800] "GET /content/nav/relationSubject.jsp?relationWords=%E6%9D%9C%E8%8B%B1+%E6%9D%9C%E8%8B%B1%E5%B1%AC+%E6%A4%8D%E7%89%A9%E7%95%8C+%E8%96%AF%E8%B1%86+%E9%8C%A6%E8%91%B5+&oid=1102581 HTTP/1.1" 200 3324
66.249.71.72 - - [25/Oct/2015:12:55:36 +0800] "GET /content/nav/relationSubject.jsp?relationWords=%E6%9D%9C%E8%8B%B1%20%E6%9D%9C%E8%8B%B1%E5%B1%AC%20%E6%A4%8D%E7%89%A9%E7%95%8C%20%E8%96%AF%E8%B1%86%20%E9%8C%A6%E8%91%B5%20&oid=1102581 HTTP/1.1" 200 3324
66.249.71.60 - - [25/Oct/2015:12:55:51 +0800] "GET /content/nav/relationSubject.jsp?relationWords=%E5%86%87%E9%AA%A8%E6%B6%88%20%E5%BF%8D%E5%86%AC%20%E5%BF%8D%E5%86%AC%E7%A7%91%20%E6%8E%A5%E9%AA%A8%E6%9C%A8%20%E6%8E%A5%E9%AA%A8%E6%9C%A8%E5%B1%AC%20%E6%A4%8D%E7%89%A9%E7%95%8C%20%E8%92%B4%E8%97%8B%20%E8%92%B4%E8%97%8B%E5%B1%AC%20&oid=1458267 HTTP/1.1" 200 3613
66.249.71.64 - - [25/Oct/2015:12:55:58 +0800] "GET /content/repository/resource_content.jsp?oid=1459191 HTTP/1.1" 200 31022
66.249.71.41 - - [25/Oct/2015:12:55:59 +0800] "GET /content/subject/resource_content.jsp?oid=16777500&queryType=qs&queryString=%E9%9B%BB%E5%AD%90%E5%A0%B1 HTTP/1.1" 200 33302
66.249.71.64 - - [25/Oct/2015:12:57:44 +0800] "GET /content/nav/relationSubject.jsp?relationWords=&oid=2581066 HTTP/1.1" 200 1405
66.249.71.5 - - [25/Oct/2015:12:57:55 +0800] "GET /digiarch3/content/nav/relationSubject.jsp?relationWords=%E5%A4%A7%E7%A5%80+&oid=2682913 HTTP/1.1" 200 3946
66.249.71.23 - - [25/Oct/2015:12:57:57 +0800] "GET /digiarch3/content/nav/relationSubject.jsp?relationWords=%E5%A4%A7%E7%A5%80%20&oid=2682913 HTTP/1.1" 200 3946
66.249.71.72 - - [25/Oct/2015:12:59:11 +0800] "GET /content/repository/resource_content.jsp?oid=1893683 HTTP/1.1" 200 28401
66.249.71.60 - - [25/Oct/2015:13:00:15 +0800] "GET /content/pictures/picture_content.jsp?oid=33554814 HTTP/1.1" 200 27631
66.249.77.91 - - [25/Oct/2015:13:00:51 +0800] "GET /content/repository/resource_content.jsp?oid=203706&queryString=%E4%B8%AD%E5%9C%8B%E5%A4%A7%E9%99%B8%E5%9C%B0%E5%9C%96%20%E7%83%8F%E9%B4%89 HTTP/1.1" 200 30655
36.239.237.192 - - [25/Oct/2015:13:01:08 +0800] "GET /content/nav/relationSubject.jsp?relationWords=%E8%96%9C%E8%8D%94+&oid=16777485 HTTP/1.1" 200 3561
66.249.71.72 - - [25/Oct/2015:13:01:19 +0800] "GET /digiarch_en/content/repository/resource_content.jsp?oid=4363112&queryString=%E9%96%8B%E6%BC%B3%E8%81%96%E7%8E%8B HTTP/1.1" 200 21683
38.111.147.84 - - [25/Oct/2015:13:01:33 +0800] "GET /digiarch3/content/tmp_exh/resource_content.jsp?oid=16777760&queryType=qc%201889%20 HTTP/1.0" 200 35768
66.249.77.91 - - [25/Oct/2015:13:02:14 +0800] "GET /content/nav/relationSubject.jsp?relationWords=%E4%B8%AD%E5%9C%8B%E5%A4%A7%E9%99%B8%E5%9C%B0%E5%9C%96%20%E7%83%8F%E9%B4%89%20&oid=203706 HTTP/1.1" 200 3172
66.249.71.64 - - [25/Oct/2015:13:02:23 +0800] "GET /content/repository/resource_content.jsp?oid=1892947 HTTP/1.1" 200 28339
36.69.151.35 - - [25/Oct/2015:13:03:08 +0800] "GET /content/repository/resource_content.jsp?oid=1100174&queryString=%E6%A4%8D%E7%89%A9%E7%95%8C%20%E7%95%AA%E8%8D%94%E6%9E%9D%20%E7%95%AA%E8%8D%94%E6%9E%9D%E5%B1%AC HTTP/1.1" 200 31016
36.69.151.35 - - [25/Oct/2015:13:03:09 +0800] "GET /content/nav/relationSubject.jsp?relationWords=%E6%A4%8D%E7%89%A9%E7%95%8C+%E7%95%AA%E8%8D%94%E6%9E%9D+%E7%95%AA%E8%8D%94%E6%9E%9D%E5%B1%AC+&oid=1100174 HTTP/1.1" 200 2249
66.249.71.60 - - [25/Oct/2015:13:03:16 +0800] "GET /content/repository/resource_content.jsp?oid=1538611 HTTP/1.1" 200 28684
66.249.71.60 - - [25/Oct/2015:13:03:18 +0800] "GET /content/subject/resource_content.jsp?oid=16777514&queryType=qc HTTP/1.1" 200 42844
66.249.71.155 - - [25/Oct/2015:13:03:29 +0800] "GET /content/nav/relationSubject.jsp?relationWords=%E5%8D%97%E6%B4%8B%E9%AF%BD%E4%BB%94%20%E5%8F%A3%E5%AD%B5%E9%AD%9A%20%E5%90%B3%E9%83%AD%E9%AD%9A%20%E5%9C%A8%E4%BE%86%E5%90%B3%E9%83%AD%E9%AD%9A%20%E6%85%88%E9%AF%9B%20%E6%85%88%E9%AF%9B%E7%A7%91%20%E8%8E%AB%E4%B8%89%E9%BC%BB%E5%8F%A3%E5%AD%B5%E9%AD%9A%20%E9%9D%9E%E6%B4%B2%E4%BB%94%20%E9%AF%9B%E7%A7%91%20%E9%AF%BD%E4%BB%94%20&oid=4352598 HTTP/1.1" 200 4043
66.249.71.113 - - [25/Oct/2015:13:03:58 +0800] "GET /content/nav/relationSubject.jsp?relationWords=%E5%8F%89%E5%B0%BE%E9%B6%B4%E9%B1%B5+%E5%9C%93%E9%A0%9C%E9%87%9D+%E5%AD%B8%E4%BB%94+%E7%99%BD%E5%A4%A9%E9%9D%92%E6%97%97+%E9%87%9D%E9%AD%9A+%E9%9D%92%E6%97%97+%E9%B1%B7%E5%BD%A2+%E9%B6%B4%E9%B1%B5%E7%A7%91+&oid=14674 HTTP/1.1" 200 3681
66.249.71.121 - - [25/Oct/2015:13:04:00 +0800] "GET /content/nav/relationSubject.jsp?relationWords=%E5%8F%89%E5%B0%BE%E9%B6%B4%E9%B1%B5%20%E5%9C%93%E9%A0%9C%E9%87%9D%20%E5%AD%B8%E4%BB%94%20%E7%99%BD%E5%A4%A9%E9%9D%92%E6%97%97%20%E9%87%9D%E9%AD%9A%20%E9%9D%92%E6%97%97%20%E9%B1%B7%E5%BD%A2%20%E9%B6%B4%E9%B1%B5%E7%A7%91%20&oid=14674 HTTP/1.1" 200 3681
66.249.71.64 - - [25/Oct/2015:13:04:31 +0800] "GET /content/repository/resource_content.jsp?oid=4362315&queryString=%E5%B7%A1%E7%8B%A9%20%E7%8E%8B%E8%88%B9%20%E9%96%8B%E5%85%89 HTTP/1.1" 200 28019
66.249.82.156 - - [25/Oct/2015:13:04:36 +0800] "GET /content/nav/relationSubject.jsp?relationWords=%E8%96%9C%E8%8D%94+&oid=16777485 HTTP/1.1" 200 3561
123.125.71.16 - - [25/Oct/2015:13:04:50 +0800] "GET /content/subject/resource_content.jsp?oid=16777440 HTTP/1.1" 200 50102
36.230.242.63 - - [25/Oct/2015:13:05:35 +0800] "GET /content/nav/relationSubject.jsp?relationWords=&oid=16777459 HTTP/1.1" 200 1405
66.249.74.18 - - [25/Oct/2015:13:05:35 +0800] "GET /digiarch_en/content/repository/resource_content.jsp?oid=1807775&queryString=%E6%8B%93%E7%89%87%20%E6%BC%A2%E4%BB%A3 HTTP/1.1" 200 23859
66.249.71.60 - - [25/Oct/2015:13:06:39 +0800] "GET /content/repository/resource_content.jsp?oid=1114931 HTTP/1.1" 200 31048
36.230.242.63 - - [25/Oct/2015:13:07:18 +0800] "GET /content/subject/resource_content.jsp?oid=16777459&queryType=qs&queryString=%E5%9C%B0%E5%BD%A2%E5%9C%96 HTTP/1.1" 200 39847
38.111.147.84 - - [25/Oct/2015:13:07:35 +0800] "GET /digiarch3/content/tmp_tec/resource_content.jsp?oid=16777728 HTTP/1.0" 200 58547
66.249.71.60 - - [25/Oct/2015:13:08:09 +0800] "GET /content/repository/resource_content.jsp?oid=4497959 HTTP/1.1" 200 28303
66.249.71.64 - - [25/Oct/2015:13:08:40 +0800] "GET /content/nav/relationSubject.jsp?relationWords=%E5%85%AC%E5%85%B1%E8%A8%AD%E6%96%BD+%E7%89%B9%E5%AE%9A%E5%8D%80+&oid=1628267 HTTP/1.1" 200 6033
66.249.71.113 - - [25/Oct/2015:13:08:41 +0800] "GET /content/nav/relationSubject.jsp?relationWords=%E7%B6%A0%E5%B3%B6%E9%84%89+%E9%A0%90%E7%AE%97+&oid=1585484 HTTP/1.1" 200 5242
66.249.71.72 - - [25/Oct/2015:13:08:41 +0800] "GET /content/nav/relationSubject.jsp?relationWords=%E5%85%AC%E5%85%B1%E8%A8%AD%E6%96%BD%20%E7%89%B9%E5%AE%9A%E5%8D%80%20&oid=1628267 HTTP/1.1" 200 6033
66.249.71.121 - - [25/Oct/2015:13:08:42 +0800] "GET /content/nav/relationSubject.jsp?relationWords=%E7%B6%A0%E5%B3%B6%E9%84%89%20%E9%A0%90%E7%AE%97%20&oid=1585484 HTTP/1.1" 200 5242
66.249.71.72 - - [25/Oct/2015:13:08:46 +0800] "GET /content/repository/resource_content.jsp?oid=2634565 HTTP/1.1" 200 29667
123.125.71.115 - - [25/Oct/2015:13:09:11 +0800] "GET /content/subject/resource_content.jsp?oid=16777544&queryType=qc HTTP/1.1" 200 35824
123.125.71.109 - - [25/Oct/2015:13:10:36 +0800] "GET /content/repository/resource_content.jsp?oid=4549841 HTTP/1.1" 200 30701
66.249.71.64 - - [25/Oct/2015:13:10:36 +0800] "GET /content/repository/resource_content.jsp?oid=1629130 HTTP/1.1" 200 28820
66.249.71.105 - - [25/Oct/2015:13:10:51 +0800] "GET /content/nav/relationSubject.jsp?relationWords=%E5%9D%90%E5%8D%A1%E8%AD%B7+%E7%82%BA%E7%A9%86+%E8%AD%B7%E8%BB%8D%E6%A0%A1+&oid=2681019 HTTP/1.1" 200 3208
66.249.71.121 - - [25/Oct/2015:13:10:53 +0800] "GET /content/nav/relationSubject.jsp?relationWords=%E5%9D%90%E5%8D%A1%E8%AD%B7%20%E7%82%BA%E7%A9%86%20%E8%AD%B7%E8%BB%8D%E6%A0%A1%20&oid=2681019 HTTP/1.1" 200 3208
66.249.71.72 - - [25/Oct/2015:13:10:55 +0800] "GET /content/repository/resource_content.jsp?oid=1625618 HTTP/1.1" 200 29013
130.193.48.19 - - [25/Oct/2015:13:11:10 +0800] "GET /content/subject/resource_content.jsp?oid=16777570&queryType=qc HTTP/1.1" 200 40478
66.249.71.72 - - [25/Oct/2015:13:11:58 +0800] "GET /content/repository/resource_content.jsp?oid=1461357 HTTP/1.1" 200 31099
66.249.71.60 - - [25/Oct/2015:13:12:01 +0800] "GET /content/nav/relationSubject.jsp?relationWords=%E5%90%8C%E7%9F%A5+&oid=776553 HTTP/1.1" 200 3999
66.249.71.64 - - [25/Oct/2015:13:12:03 +0800] "GET /content/nav/relationSubject.jsp?relationWords=%E5%90%8C%E7%9F%A5%20&oid=776553 HTTP/1.1" 200 3999
66.249.71.64 - - [25/Oct/2015:13:12:04 +0800] "GET /content/nav/relationSubject.jsp?relationWords=%E5%9C%8B%E5%8A%9B%20%E5%9C%8B%E5%8A%9B%E6%A1%88%20%E5%B7%A5%E6%A5%AD%E5%8C%96%20&oid=1538611 HTTP/1.1" 200 4394
66.249.71.64 - - [25/Oct/2015:13:12:16 +0800] "GET /content/nav/relationSubject.jsp?relationWords=%E5%AD%B8%E7%94%B0%20%E7%83%8F%E6%97%A5%20%E7%83%8F%E6%97%A5%E9%84%89%20&oid=1629130 HTTP/1.1" 200 3324
66.249.71.60 - - [25/Oct/2015:13:12:57 +0800] "GET /content/nav/relationSubject.jsp?relationWords=&oid=4497959 HTTP/1.1" 200 1405
38.111.147.84 - - [25/Oct/2015:13:13:34 +0800] "GET /digiarch3/content/tmp_tec/resource_content.jsp?oid=16777730 HTTP/1.0" 200 42389
218.166.127.50 - - [25/Oct/2015:13:13:37 +0800] "GET /content/nav/relationSubject.jsp?relationWords=%E6%9C%A8%E7%8A%80+%E6%A1%82%E8%8A%B1+&oid=16777255 HTTP/1.1" 200 4029
66.249.71.60 - - [25/Oct/2015:13:14:06 +0800] "GET /content/repository/resource_content.jsp?oid=1195258 HTTP/1.1" 200 28961
68.180.228.24 - - [25/Oct/2015:13:14:31 +0800] "GET /content/pictures/picture_content.jsp?oid=33554790 HTTP/1.1" 200 27630
40.77.167.41 - - [25/Oct/2015:13:14:55 +0800] "GET /content/nav/relationSubject.jsp?relationWords=%E5%BF%97%E4%BD%B3%E9%99%BD%E6%9D%9C%E9%B5%91+%E6%9D%9C%E9%B5%91+%E6%9D%9C%E9%B5%91%E8%8A%B1+%E7%99%BD%E7%90%89%E7%90%83%E6%9D%9C%E9%B5%91+%E8%91%97%E7%94%9F%E6%9D%9C%E9%B5%91+&oid=16777345 HTTP/1.1" 200 5135
66.249.79.179 - - [25/Oct/2015:13:16:14 +0800] "GET /content/repository/resource_content.jsp?oid=1890385&queryType=qs&queryString=%E4%BA%BA%E8%B3%AA HTTP/1.1" 200 28774
114.36.28.191 - - [25/Oct/2015:13:16:23 +0800] "GET /content/nav/relationSubject.jsp?relationWords=%E5%8F%B0%E7%81%A3%E6%AC%92%E6%A8%B9+%E6%AC%92%E6%A8%B9+%E8%8B%A6%E8%8B%93+%E8%8B%A6%E8%8B%93%E8%88%85+&oid=16777254 HTTP/1.1" 200 4383
66.249.77.97 - - [25/Oct/2015:13:17:18 +0800] "GET /content/repository/resource_content.jsp?oid=1626838&queryString=%E5%A4%9A%E5%AA%92%E9%AB%94%20%E5%AA%92%E9%AB%94%20%E5%B8%82%E5%A0%B4%E8%AA%BF%E6%9F%A5%20%E6%89%8B%E5%B7%A5%E8%97%9D%E5%93%81 HTTP/1.1" 200 29319
66.249.71.155 - - [25/Oct/2015:13:17:54 +0800] "GET /content/repository/resource_content.jsp?oid=3812164&queryString=%E5%8F%B0%E5%8C%97%E5%A0%87%E8%8F%9C%20%E6%A4%8D%E7%89%A9%E7%95%8C%20%E8%8F%AB%E8%8F%9C%20%E8%8F%AB%E8%8F%9C%E5%B1%AC HTTP/1.1" 200 31139
61.230.250.174 - - [25/Oct/2015:13:19:14 +0800] "GET /content/nav/relationSubject.jsp?relationWords=%E9%BB%91%E6%9D%BF%E6%A8%B9+&oid=16777262 HTTP/1.1" 200 3253
66.249.71.50 - - [25/Oct/2015:13:19:25 +0800] "GET /content/subject/resource_content.jsp?oid=16777422&queryType=qc HTTP/1.1" 200 44947
38.111.147.84 - - [25/Oct/2015:13:20:32 +0800] "GET /digiarch3/content/tmp_tec/resource_content.jsp?oid=16777731 HTTP/1.0" 200 39183
49.216.81.92 - - [25/Oct/2015:13:21:46 +0800] "GET /content/nav/relationSubject.jsp?relationWords=%E8%96%9C%E8%8D%94+&oid=16777485 HTTP/1.1" 200 3561
220.181.108.85 - - [25/Oct/2015:13:22:07 +0800] "GET /digiarch_en/content/repository/resource_content.jsp?oid=185464&queryString=%E7%B4%A2%E5%BC%95%E5%9C%96%20%E8%81%AF%E7%95%8C%E5%9C%96%20%E8%98%87%E6%B5%99%20%E8%B1%AB%E9%84%82%E7%9A%96%E8%81%AF%E7%95%8C%E5%9C%96 HTTP/1.1" 200 24173
