66.249.71.60 - - [08/Jan/2016:06:22:11 +0800] "GET /content/nav/relationSubject.jsp?relationWords=%E6%B2%88%E7%A5%A5%E9%BA%9F%20%E9%8A%9C%E5%90%8D%20%E9%A6%AC%E9%8A%9C%20&oid=2549420 HTTP/1.1" 200 3199
101.226.169.218 - - [08/Jan/2016:06:22:35 +0800] "GET /digiarch3/content/tmp_auth/resource_content.jsp?oid=16777666 HTTP/1.1" 200 28914
66.249.71.64 - - [08/Jan/2016:06:23:05 +0800] "GET /content/repository/resource_content.jsp?oid=2528130&queryString=%E5%BA%B7%E6%BF%9F%E9%8C%84 HTTP/1.1" 200 29035
66.249.71.121 - - [08/Jan/2016:06:23:33 +0800] "GET /content/repository/resource_content.jsp?oid=2685284&queryType=qs&queryString=%E8%80%81%E4%B8%81%E5%96%AE HTTP/1.1" 200 29848
66.249.71.105 - - [08/Jan/2016:06:24:01 +0800] "GET /content/repository/resource_content.jsp?oid=1834563&queryType=qs&queryString=%E5%BC%A9%E5%BC%93 HTTP/1.1" 200 36847
66.249.71.64 - - [08/Jan/2016:06:24:25 +0800] "GET /content/nav/relationSubject.jsp?relationWords=%E4%BA%9E%E6%88%90%E9%AB%94+%E5%B0%8F%E5%8D%B7+%E6%AD%A6%E9%81%93%E7%9C%9F%E9%8E%96%E7%AE%A1+%E9%80%8F%E6%8A%BD+%E9%8E%96%E7%AE%A1%E5%B1%AC+%E9%8E%96%E7%AE%A1%E7%A7%91+%E9%A0%AD%E8%B6%B3%E7%B6%B1+&oid=1124783 HTTP/1.1" 200 3820
157.55.39.95 - - [08/Jan/2016:06:24:26 +0800] "GET /content/subject/resource_content.jsp?oid=16797340&queryType=qc HTTP/1.1" 200 63037
66.249.71.60 - - [08/Jan/2016:06:24:34 +0800] "GET /content/nav/relationSubject.jsp?relationWords=%E4%BA%9E%E6%88%90%E9%AB%94%20%E5%B0%8F%E5%8D%B7%20%E6%AD%A6%E9%81%93%E7%9C%9F%E9%8E%96%E7%AE%A1%20%E9%80%8F%E6%8A%BD%20%E9%8E%96%E7%AE%A1%E5%B1%AC%20%E9%8E%96%E7%AE%A1%E7%A7%91%20%E9%A0%AD%E8%B6%B3%E7%B6%B1%20&oid=1124783 HTTP/1.1" 200 3820
66.249.71.5 - - [08/Jan/2016:06:24:59 +0800] "GET /digiarch3/content/subject/resource_content.jsp?oid=16777697&queryType=qs&queryString=%E7%B7%9A%E4%B8%8A%E9%81%8A%E6%88%B2 HTTP/1.1" 200 27705
66.249.71.60 - - [08/Jan/2016:06:25:27 +0800] "GET /content/repository/resource_content.jsp?oid=1777703&queryString=%E6%96%B9%E5%BF%97 HTTP/1.1" 200 30090
66.249.71.64 - - [08/Jan/2016:06:26:09 +0800] "GET /content/nav/relationSubject.jsp?relationWords=%E4%B8%89%E4%B8%83%E4%BA%94+%E5%8F%83%E8%AD%B0%E5%93%A1+%E5%8F%83%E8%AD%B0%E6%9C%83+%E5%8F%B0%E7%81%A3%E7%9C%81+%E5%9C%B0%E7%A7%9F+%E6%9E%97%E7%92%A7%E8%BC%9D+%E7%81%A3%E7%9C%81%E6%94%BF%E5%BA%9C+%E9%A6%AC%E6%9C%89%E5%B2%B3+&oid=1516858 HTTP/1.1" 200 4418
66.249.71.5 - - [08/Jan/2016:06:26:09 +0800] "GET /digiarch3/content/nav/relationSubject.jsp?relationWords=%E7%B7%9A%E4%B8%8A%E9%81%8A%E6%88%B2%20%E8%80%83%E5%8F%A4%E7%99%BC%E6%8E%98%20&oid=16777697 HTTP/1.1" 200 1897
66.249.74.98 - - [08/Jan/2016:06:26:25 +0800] "GET /content/repository/resource_content.jsp?oid=1834273 HTTP/1.1" 200 29062
66.249.71.60 - - [08/Jan/2016:06:26:53 +0800] "GET /content/subject/resource_content.jsp?oid=16777847&queryString= HTTP/1.1" 200 47726
199.30.24.125 - - [08/Jan/2016:06:27:10 +0800] "GET /content/nav/relationSubject.jsp?relationWords=&oid=16777328 HTTP/1.1" 200 1405
66.249.71.72 - - [08/Jan/2016:06:27:22 +0800] "GET /content/subject/resource_content.jsp?oid=16777398&queryString=%E5%8D%97%E6%B9%96%E5%A4%A7%E5%B1%B1%20%E5%8D%97%E6%B9%96%E6%9D%9C%E9%B5%91%20%E6%9D%9C%E9%B5%91%20%E7%8E%89%E5%B1%B1%E6%9D%9C%E9%B5%91%20%E7%B4%B0%E8%91%89%20%E7%B4%B0%E8%91%89%E6%9D%9C%E9%B5%91%20%E8%A5%BF%E6%96%BD%20%E8%A5%BF%E6%96%BD%E8%8A%B1 HTTP/1.1" 200 28937
66.249.77.85 - - [08/Jan/2016:06:27:36 +0800] "GET /content/nav/relationSubject.jsp?relationWords=%E5%91%88%E6%8E%A7+%E6%9C%9D%E9%99%BD%E7%B8%A3+%E9%83%BD%E5%AF%9F%E9%99%A2+&oid=2657177 HTTP/1.1" 200 3189
66.249.79.24 - - [08/Jan/2016:06:27:39 +0800] "GET /content/nav/relationSubject.jsp?relationWords=%E5%91%88%E6%8E%A7%20%E6%9C%9D%E9%99%BD%E7%B8%A3%20%E9%83%BD%E5%AF%9F%E9%99%A2%20&oid=2657177 HTTP/1.1" 200 3189
66.249.77.85 - - [08/Jan/2016:06:28:19 +0800] "GET /content/subject/resource_content.jsp?oid=16777736&queryType=qc HTTP/1.1" 200 43177
68.180.228.24 - - [08/Jan/2016:06:29:34 +0800] "GET /content/tmp_exh/resource_content.jsp?oid=16777763 HTTP/1.1" 200 31603
66.249.71.60 - - [08/Jan/2016:06:29:54 +0800] "GET /content/subject/resource_content.jsp?oid=16777635&queryType=qs&queryString=%E9%9C%A7%E5%B3%B0%E6%9E%97%E5%AE%B6 HTTP/1.1" 200 63920
66.249.71.64 - - [08/Jan/2016:06:30:15 +0800] "GET /content/subject/resource_content.jsp?oid=16777735&queryString=%E6%B3%B0%E9%9B%85%E6%97%8F HTTP/1.1" 200 32549
66.249.71.121 - - [08/Jan/2016:06:31:11 +0800] "GET /content/tmp_auth/resource_content.jsp?oid=16777759 HTTP/1.1" 200 25303
66.249.71.64 - - [08/Jan/2016:06:31:39 +0800] "GET /content/repository/resource_content.jsp?oid=2150825&queryString=%E6%9C%A8%E8%98%AD%E7%A7%91%20%E6%A4%8D%E7%89%A9%E7%95%8C%20%E7%83%8F%E5%BF%83%E7%9F%B3%20%E7%83%8F%E5%BF%83%E7%9F%B3%E5%B1%AC HTTP/1.1" 200 31128
183.79.219.241 - - [08/Jan/2016:06:31:46 +0800] "GET /content/subject/resource_content.jsp?oid=16777458&queryType=qc HTTP/1.0" 200 31561
66.249.71.164 - - [08/Jan/2016:06:32:08 +0800] "GET /content/repository/resource_content.jsp?oid=14430&queryString=%E6%B2%99%E6%AF%9B%20%E6%B5%B7%E5%9C%9F%E8%99%B1%20%E7%B7%9A%E7%B4%8B%E9%B0%BB%E9%AF%B0%20%E9%B0%BB%E9%AF%B0%20%E9%B0%BB%E9%AF%B0%E7%A7%91 HTTP/1.1" 200 36456
66.249.77.85 - - [08/Jan/2016:06:32:32 +0800] "GET /content/repository/resource_content.jsp?oid=2642117&queryType=qs&queryString=%E9%B3%B3%E7%BF%BD HTTP/1.1" 200 30352
66.249.71.64 - - [08/Jan/2016:06:32:35 +0800] "GET /content/repository/resource_content.jsp?oid=633410 HTTP/1.1" 200 28638
66.249.71.64 - - [08/Jan/2016:06:32:36 +0800] "GET /content/repository/resource_content.jsp?oid=517984&queryType=qc HTTP/1.1" 200 41018
66.249.71.60 - - [08/Jan/2016:06:32:38 +0800] "GET /content/subject/resource_content.jsp?oid=16777692 HTTP/1.1" 200 36451
66.249.71.105 - - [08/Jan/2016:06:32:59 +0800] "GET /content/nav/relationSubject.jsp?relationWords=%E5%80%8D%E8%89%AF+%E5%AE%89%E7%B4%8D%E5%9C%B0%E9%A0%B8%E9%B0%AD%E9%AD%9A+%E6%A5%94%E9%AF%9B+%E7%9F%AD%E9%A0%B8+%E7%B4%85%E5%A7%91%E5%A8%98%E4%BB%94+%E7%B4%85%E6%96%B0%E5%A8%98+%E8%83%AD%E8%84%82+%E8%83%AD%E8%84%82%E5%86%B7+%E8%99%B9%E5%BD%A9+%E8%99%B9%E5%BD%A9%E9%AF%9B+%E8%A7%92%E9%BE%8D+%E8%B1%8E%E5%81%9C%E4%BB%94+%E9%9A%86%E9%A0%AD%E9%AD%9A+%E9%9A%86%E9%A0%AD%E9%AD%9A%E7%A7%91+%E9%9B%A2%E9%B0%AD%E9%AF%9B+%E9%A0%B8%E9%B0%AD+%E9%A0%B8%E9%B0%AD%E9%AD%9A+%E9%B0%AD%E9%AD%9A+&oid=15829 HTTP/1.1" 200 4261
66.249.77.85 - - [08/Jan/2016:06:33:05 +0800] "GET /content/repository/resource_content.jsp?oid=15906&queryString=%E5%90%91%E5%A4%A9%E8%99%8E%20%E5%A4%A7%E9%A0%AD%E4%B8%81%20%E7%9C%BC%E9%8F%A1%E9%AD%9A%20%E7%9E%BB%E6%98%9F%E9%AD%9A%20%E9%9D%92%E7%9E%BB%E6%98%9F%E9%AD%9A HTTP/1.1" 200 34502
66.249.71.105 - - [08/Jan/2016:06:33:05 +0800] "GET /content/nav/relationSubject.jsp?relationWords=%E5%80%8D%E8%89%AF%20%E5%AE%89%E7%B4%8D%E5%9C%B0%E9%A0%B8%E9%B0%AD%E9%AD%9A%20%E6%A5%94%E9%AF%9B%20%E7%9F%AD%E9%A0%B8%20%E7%B4%85%E5%A7%91%E5%A8%98%E4%BB%94%20%E7%B4%85%E6%96%B0%E5%A8%98%20%E8%83%AD%E8%84%82%20%E8%83%AD%E8%84%82%E5%86%B7%20%E8%99%B9%E5%BD%A9%20%E8%99%B9%E5%BD%A9%E9%AF%9B%20%E8%A7%92%E9%BE%8D%20%E8%B1%8E%E5%81%9C%E4%BB%94%20%E9%9A%86%E9%A0%AD%E9%AD%9A%20%E9%9A%86%E9%A0%AD%E9%AD%9A%E7%A7%91%20%E9%9B%A2%E9%B0%AD%E9%AF%9B%20%E9%A0%B8%E9%B0%AD%20%E9%A0%B8%E9%B0%AD%E9%AD%9A%20%E9%B0%AD%E9%AD%9A%20&oid=15829 HTTP/1.1" 200 4261
66.249.71.60 - - [08/Jan/2016:06:33:34 +0800] "GET /content/subject/resource_content.jsp?oid=16777664 HTTP/1.1" 200 48156
66.249.71.60 - - [08/Jan/2016:06:34:20 +0800] "GET /content/subject/resource_content.jsp?oid=16777427&queryString=%E5%A4%A9%E4%BD%BF%20%E6%89%81%E9%AF%8A%20%E6%93%AC%E8%83%8C%E6%96%91%20%E7%90%B5%E7%90%B6%E9%AE%AB HTTP/1.1" 200 33096
66.249.74.100 - - [08/Jan/2016:06:34:21 +0800] "GET /content/nav/relationSubject.jsp?relationWords=%E5%85%AC%E8%B7%AF%E5%B1%80%20%E6%9F%B4%E6%B2%B9%20%E7%BE%8E%E5%85%83%20%E8%87%BA%E7%81%A3%E7%9C%81%E6%94%BF%E5%BA%9C%20%E8%90%AC%E7%BE%8E%20%E8%A5%BF%E5%BE%B7%20%E8%B2%B8%E6%AC%BE%20%E9%9B%9C%E8%AA%8C%20&oid=1899973 HTTP/1.1" 200 4633
220.181.108.88 - - [08/Jan/2016:06:34:56 +0800] "GET /content/tmp_tec/resource_content.jsp?oid=16777837 HTTP/1.1" 200 35557
123.125.71.43 - - [08/Jan/2016:06:35:14 +0800] "GET /content/nav/relationSubject.jsp?relationWords=%E6%96%87%E5%8C%96%E4%B8%AD%E5%BF%83+&oid=16777837 HTTP/1.1" 200 8899
66.249.71.60 - - [08/Jan/2016:06:35:30 +0800] "GET /content/repository/resource_content.jsp?oid=1111255 HTTP/1.1" 200 29918
66.249.71.60 - - [08/Jan/2016:06:35:57 +0800] "GET /content/repository/resource_content.jsp?oid=17302 HTTP/1.1" 200 29714
66.249.71.72 - - [08/Jan/2016:06:36:37 +0800] "GET /content/nav/relationSubject.jsp?relationWords=%E4%BA%A8%E6%B0%8F%E8%8A%8B+%E4%BA%A8%E6%B0%8F%E8%92%9F%E8%92%BB+%E5%8D%97%E6%98%9F%E7%A7%91+%E5%8F%B0%E7%81%A3%E9%AD%94%E8%8A%8B+%E5%A4%A9%E5%8D%97%E6%98%9F+%E5%A4%A9%E5%8D%97%E6%98%9F%E7%A7%91+%E5%B1%B1%E8%96%AF+%E6%A4%8D%E7%89%A9%E7%95%8C+%E7%9F%B3%E8%96%AF+%E8%92%9F%E8%92%BB+%E9%AD%94%E8%8A%8B+&oid=1456720 HTTP/1.1" 200 3699
66.249.71.60 - - [08/Jan/2016:06:36:43 +0800] "GET /content/nav/relationSubject.jsp?relationWords=%E4%BA%A8%E6%B0%8F%E8%8A%8B%20%E4%BA%A8%E6%B0%8F%E8%92%9F%E8%92%BB%20%E5%8D%97%E6%98%9F%E7%A7%91%20%E5%8F%B0%E7%81%A3%E9%AD%94%E8%8A%8B%20%E5%A4%A9%E5%8D%97%E6%98%9F%20%E5%A4%A9%E5%8D%97%E6%98%9F%E7%A7%91%20%E5%B1%B1%E8%96%AF%20%E6%A4%8D%E7%89%A9%E7%95%8C%20%E7%9F%B3%E8%96%AF%20%E8%92%9F%E8%92%BB%20%E9%AD%94%E8%8A%8B%20&oid=1456720 HTTP/1.1" 200 3699
66.249.71.64 - - [08/Jan/2016:06:37:23 +0800] "GET /content/repository/resource_content.jsp?oid=1603542&queryString=%E7%9C%8B%E6%9D%BF HTTP/1.1" 200 28911
66.249.74.63 - - [08/Jan/2016:06:37:43 +0800] "GET /content/nav/relationSubject.jsp?relationWords=&oid=2570592 HTTP/1.1" 200 1405
66.249.71.60 - - [08/Jan/2016:06:37:51 +0800] "GET /content/repository/resource_content.jsp?oid=1811906 HTTP/1.1" 200 30456
66.249.71.60 - - [08/Jan/2016:06:38:20 +0800] "GET /content/repository/resource_content.jsp?oid=1571104 HTTP/1.1" 200 28404
66.249.71.60 - - [08/Jan/2016:06:38:27 +0800] "GET /content/nav/relationSubject.jsp?relationWords=%E5%8C%97%E9%BD%8A+%E5%B0%91%E6%9E%97%E5%AF%BA+%E5%B8%AB%E6%AF%94+%E6%AF%94%E4%B8%98+%E6%AF%94%E4%B8%98%E5%B0%BC+%E6%B3%95%E7%95%8C+%E7%B6%AD%E9%82%A3+%E8%81%9A%E6%B2%AB+%E8%88%8D%E5%88%A9+%E8%B6%99%E5%85%83+%E9%80%A0%E5%83%8F%E8%A8%98+%E9%80%A0%E8%B1%A1+%E9%82%91%E4%B8%BB+%E9%82%91%E5%AD%90+%E9%82%91%E5%B8%AB+%E9%82%91%E7%BE%A9+%E9%83%BD%E7%B6%AD%E9%82%A3+%E9%96%8B%E5%85%89+%E9%BD%8A%E6%AD%A6+&oid=1811906 HTTP/1.1" 200 4824
66.249.71.60 - - [08/Jan/2016:06:38:30 +0800] "GET /content/nav/relationSubject.jsp?relationWords=%E5%8C%97%E9%BD%8A%20%E5%B0%91%E6%9E%97%E5%AF%BA%20%E5%B8%AB%E6%AF%94%20%E6%AF%94%E4%B8%98%20%E6%AF%94%E4%B8%98%E5%B0%BC%20%E6%B3%95%E7%95%8C%20%E7%B6%AD%E9%82%A3%20%E8%81%9A%E6%B2%AB%20%E8%88%8D%E5%88%A9%20%E8%B6%99%E5%85%83%20%E9%80%A0%E5%83%8F%E8%A8%98%20%E9%80%A0%E8%B1%A1%20%E9%82%91%E4%B8%BB%20%E9%82%91%E5%AD%90%20%E9%82%91%E5%B8%AB%20%E9%82%91%E7%BE%A9%20%E9%83%BD%E7%B6%AD%E9%82%A3%20%E9%96%8B%E5%85%89%20%E9%BD%8A%E6%AD%A6%20&oid=1811906 HTTP/1.1" 200 4824
66.249.71.60 - - [08/Jan/2016:06:38:48 +0800] "GET /digiarch_en/content/subject/resource_content.jsp?oid=16777294&queryString=%E5%A4%A7%E8%91%89%E5%B1%B1%20%E5%A4%A7%E8%91%89%E5%B1%B1%E6%AC%96%20%E5%B1%B1%E6%AC%96%20%E6%8B%BC%E6%9D%BF%E8%88%9F%20%E9%81%94%E6%82%9F%20%E9%81%94%E6%82%9F%E6%97%8F HTTP/1.1" 200 23062
66.249.71.60 - - [08/Jan/2016:06:39:17 +0800] "GET /content/repository/resource_content.jsp?oid=3817137&queryString=%E5%A5%B3%E8%B2%9E%E5%B1%AC%20%E6%97%A5%E6%9C%AC%E5%A5%B3%E8%B2%9E%20%E6%9C%A8%E7%8A%80%E7%A7%91%20%E6%A4%8D%E7%89%A9%E7%95%8C%20%E7%8E%84%E5%8F%83 HTTP/1.1" 200 31196
128.197.125.43 - - [08/Jan/2016:06:39:42 +0800] "GET /content/repository/resource_content.jsp?oid=14429&queryString=%E6%88%90%E4%BB%94%E4%B8%81+%E6%96%91%E6%B5%B7%E9%AF%B0+%E6%B5%B7%E9%AF%B0+%E7%99%BD%E8%82%89 HTTP/1.1" 200 35797
128.197.125.43 - - [08/Jan/2016:06:39:44 +0800] "GET /content/nav/relationSubject.jsp?relationWords=%E5%A4%A7%E6%B5%B7%E9%AF%B0+%E6%88%90%E4%BB%94%E4%B8%81+%E6%B3%B0%E4%BE%86%E6%B5%B7%E9%AF%B0+%E6%B5%B7%E9%AF%B0+%E7%99%BD%E8%82%89+&oid=14429 HTTP/1.1" 200 3584
66.249.71.60 - - [08/Jan/2016:06:39:45 +0800] "GET /content/repository/resource_content.jsp?oid=2685440 HTTP/1.1" 200 29977
66.249.79.30 - - [08/Jan/2016:06:39:50 +0800] "GET /content/repository/resource_content.jsp?oid=1547271&queryType=qs&queryString=%E5%AF%A6%E9%A9%97%E6%89%80 HTTP/1.1" 200 30997
66.249.71.72 - - [08/Jan/2016:06:40:34 +0800] "GET /content/nav/relationSubject.jsp?relationWords=%E5%8E%9A%E8%91%89%E8%95%A8%E5%B1%AC+%E7%90%83%E6%AF%9B%E6%A1%BF%E8%95%A8+&oid=1111255 HTTP/1.1" 200 2203
66.249.71.60 - - [08/Jan/2016:06:40:37 +0800] "GET /content/nav/relationSubject.jsp?relationWords=%E5%8E%9A%E8%91%89%E8%95%A8%E5%B1%AC%20%E7%90%83%E6%AF%9B%E6%A1%BF%E8%95%A8%20&oid=1111255 HTTP/1.1" 200 2203
66.249.77.85 - - [08/Jan/2016:06:40:43 +0800] "GET /content/repository/resource_content.jsp?oid=1108487&queryType=qs&queryString=%E9%A6%AC%E8%B9%84%E8%8A%B1 HTTP/1.1" 200 31228
101.226.166.237 - - [08/Jan/2016:06:40:50 +0800] "GET /digiarch3/content/subject/resource_content.jsp?oid=16777745&queryType=qc HTTP/1.1" 200 35937
66.249.71.113 - - [08/Jan/2016:06:41:11 +0800] "GET /content/repository/resource_content.jsp?oid=2681298&queryType=qs&queryString=%E8%87%A8%E5%85%83%E9%8E%AE HTTP/1.1" 200 29949
66.249.74.59 - - [08/Jan/2016:06:41:41 +0800] "GET /content/repository/resource_content.jsp?oid=2510877&queryType=qs&queryString=%E4%BF%9D%E9%9D%96 HTTP/1.1" 200 29777
66.249.71.155 - - [08/Jan/2016:06:42:08 +0800] "GET /content/repository/resource_content.jsp?oid=1852439&queryString=%E7%9F%B3%E7%9B%82 HTTP/1.1" 200 30025
66.249.71.113 - - [08/Jan/2016:06:42:09 +0800] "GET /content/repository/resource_content.jsp?oid=582558&queryType=qs&queryString=%E5%95%8F%E5%8D%9C HTTP/1.1" 200 28383
66.249.71.72 - - [08/Jan/2016:06:42:37 +0800] "GET /content/repository/resource_content.jsp?oid=1775457 HTTP/1.1" 200 29758
68.180.228.24 - - [08/Jan/2016:06:42:39 +0800] "GET /content/pictures/picture_content.jsp?oid=33554750 HTTP/1.1" 200 27559
66.249.71.113 - - [08/Jan/2016:06:42:41 +0800] "GET /content/nav/relationSubject.jsp?relationWords=&oid=2681298 HTTP/1.1" 200 1405
66.249.71.121 - - [08/Jan/2016:06:43:34 +0800] "GET /content/repository/resource_content.jsp?oid=2635995&queryType=qs&queryString=%E5%8C%AA%E8%88%B9 HTTP/1.1" 200 30098
66.249.71.64 - - [08/Jan/2016:06:43:43 +0800] "GET /content/nav/relationSubject.jsp?relationWords=%E4%BA%BA%E5%90%8D%E6%AC%8A%E5%A8%81+%E8%88%92%E7%88%BE%E6%9B%BC+&oid=633410 HTTP/1.1" 200 3213
66.249.71.60 - - [08/Jan/2016:06:43:49 +0800] "GET /content/nav/relationSubject.jsp?relationWords=%E4%BA%BA%E5%90%8D%E6%AC%8A%E5%A8%81%20%E8%88%92%E7%88%BE%E6%9B%BC%20&oid=633410 HTTP/1.1" 200 3213
66.249.71.60 - - [08/Jan/2016:06:44:03 +0800] "GET /content/repository/resource_content.jsp?oid=3824015&queryString=%E6%9F%B3%E8%91%89%E8%8F%9C%20%E6%A1%83%E9%87%91%E5%AD%83%20%E6%A4%8D%E7%89%A9%E7%95%8C%20%E6%B0%B4%E4%B8%81%E9%A6%99%E5%B1%AC%20%E7%B4%B0%E8%91%89%E6%B0%B4%E4%B8%81%E9%A6%99 HTTP/1.1" 200 31509
66.249.71.60 - - [08/Jan/2016:06:44:32 +0800] "GET /content/repository/resource_content.jsp?oid=1520622 HTTP/1.1" 200 28743
66.249.71.5 - - [08/Jan/2016:06:44:56 +0800] "GET /digiarch3/content/nav/relationSubject.jsp?relationWords=%E6%9B%B2%E6%B1%9F%E7%8F%A7%E8%9B%A4%E5%B1%AC+%E6%AB%9B%E6%B1%9F%E7%8F%A7+%E6%B1%9F%E7%8F%A7%E8%9B%A4+%E7%89%9B%E8%A7%92%E6%B1%9F%E7%8F%A7%E8%9B%A4+%E7%89%9B%E8%A7%92%E8%9A%B6+%E8%9B%A4%E7%A7%91+%E8%B2%BD%E8%B2%9D+%E9%9B%99%E6%AE%BC%E7%B6%B1+&oid=1123880 HTTP/1.1" 200 3785
66.249.71.60 - - [08/Jan/2016:06:45:00 +0800] "GET /content/repository/resource_content.jsp?oid=3815372&queryString=%E5%86%87%E9%AA%A8%E6%B6%88%20%E5%BF%8D%E5%86%AC%E7%A7%91%20%E6%8E%A5%E9%AA%A8%E6%9C%A8%E5%B1%AC%20%E6%A4%8D%E7%89%A9%E7%95%8C%20%E8%92%B4%E7%BF%9F%20%E8%92%B4%E8%97%8B%E5%B1%AC HTTP/1.1" 200 31364
66.249.71.60 - - [08/Jan/2016:06:45:14 +0800] "GET /content/nav/relationSubject.jsp?relationWords=%E7%9C%81%E6%94%BF%E5%BA%9C+%E8%83%A1%E4%B8%99%E7%94%B3+%E8%87%A8%E6%99%82%E7%9C%81%E8%AD%B0%E6%9C%83+%E8%87%BA%E7%81%A3%E7%9C%81+%E9%BB%83%E5%BB%96%E7%B4%A0%E5%A8%A5+&oid=1520622 HTTP/1.1" 200 4702
66.249.71.60 - - [08/Jan/2016:06:45:16 +0800] "GET /content/nav/relationSubject.jsp?relationWords=%E7%9C%81%E6%94%BF%E5%BA%9C%20%E8%83%A1%E4%B8%99%E7%94%B3%20%E8%87%A8%E6%99%82%E7%9C%81%E8%AD%B0%E6%9C%83%20%E8%87%BA%E7%81%A3%E7%9C%81%20%E9%BB%83%E5%BB%96%E7%B4%A0%E5%A8%A5%20&oid=1520622 HTTP/1.1" 200 4702
66.249.77.91 - - [08/Jan/2016:06:45:19 +0800] "GET /content/repository/resource_content.jsp?oid=16268&queryType=qs&queryString=%E7%94%9F%E9%AD%9A%E7%89%87 HTTP/1.1" 200 34816
66.249.71.60 - - [08/Jan/2016:06:45:29 +0800] "GET /content/repository/resource_content.jsp?oid=1899754 HTTP/1.1" 200 29154
114.27.161.96 - - [08/Jan/2016:06:45:44 +0800] "GET /content/repository/resource_content.jsp?oid=14429&queryString=%E6%88%90%E4%BB%94%E4%B8%81+%E6%96%91%E6%B5%B7%E9%AF%B0+%E6%B5%B7%E9%AF%B0+%E7%99%BD%E8%82%89 HTTP/1.1" 200 35797
114.27.161.96 - - [08/Jan/2016:06:45:46 +0800] "GET /content/nav/relationSubject.jsp?relationWords=%E5%A4%A7%E6%B5%B7%E9%AF%B0+%E6%88%90%E4%BB%94%E4%B8%81+%E6%B3%B0%E4%BE%86%E6%B5%B7%E9%AF%B0+%E6%B5%B7%E9%AF%B0+%E7%99%BD%E8%82%89+&oid=14429 HTTP/1.1" 200 3584
66.249.71.60 - - [08/Jan/2016:06:45:53 +0800] "GET /content/nav/relationSubject.jsp?relationWords=%E6%9E%9C%E8%BE%B2+%E7%9C%81%E6%94%BF%E5%BA%9C+%E8%BE%B2%E6%B0%91%E7%94%9F%E6%B4%BB+&oid=1899754 HTTP/1.1" 200 4557
66.249.71.60 - - [08/Jan/2016:06:45:57 +0800] "GET /content/repository/resource_content.jsp?oid=1103489 HTTP/1.1" 200 31438
66.249.74.98 - - [08/Jan/2016:06:46:02 +0800] "GET /content/nav/relationSubject.jsp?relationWords=%E6%9E%9C%E8%BE%B2%20%E7%9C%81%E6%94%BF%E5%BA%9C%20%E8%BE%B2%E6%B0%91%E7%94%9F%E6%B4%BB%20&oid=1899754 HTTP/1.1" 200 4557
66.249.71.64 - - [08/Jan/2016:06:46:26 +0800] "GET /content/repository/resource_content.jsp?oid=1627441 HTTP/1.1" 200 29048
68.180.228.24 - - [08/Jan/2016:06:46:35 +0800] "GET /digiarch_en/content/subject/resource_content.jsp?oid=16777550&queryType=qc HTTP/1.1" 200 24649
66.249.71.64 - - [08/Jan/2016:06:47:23 +0800] "GET /content/repository/resource_content.jsp?oid=1531329 HTTP/1.1" 200 29075
66.249.71.5 - - [08/Jan/2016:06:47:52 +0800] "GET /digiarch3/content/repository/resource_content.jsp?oid=16282&queryString=%E5%88%BA%E5%B0%BE%E9%AF%9B%E7%A7%91%20%E5%B8%83%E6%B0%8F%E5%88%BA%E5%B0%BE%E9%AF%9B%20%E7%B2%97%E7%9A%AE%E4%BB%94 HTTP/1.1" 200 34327
66.249.71.60 - - [08/Jan/2016:06:48:21 +0800] "GET /content/repository/resource_content.jsp?oid=16041&queryString=%E5%A1%98%E9%B1%A7%20%E7%A3%A8%E5%A1%98%E9%B1%A7%20%E8%99%8E%E7%A7%91%20%E9%80%8F%E6%98%8E%E7%A3%A8%E5%A1%98%E9%B1%A7 HTTP/1.1" 200 33926
114.45.173.50 - - [08/Jan/2016:06:48:26 +0800] "GET /content/repository/resource_content.jsp?oid=14429&queryString=%E6%88%90%E4%BB%94%E4%B8%81+%E6%96%91%E6%B5%B7%E9%AF%B0+%E6%B5%B7%E9%AF%B0+%E7%99%BD%E8%82%89 HTTP/1.1" 200 35797
114.45.173.50 - - [08/Jan/2016:06:48:27 +0800] "GET /content/nav/relationSubject.jsp?relationWords=%E5%A4%A7%E6%B5%B7%E9%AF%B0+%E6%88%90%E4%BB%94%E4%B8%81+%E6%B3%B0%E4%BE%86%E6%B5%B7%E9%AF%B0+%E6%B5%B7%E9%AF%B0+%E7%99%BD%E8%82%89+&oid=14429 HTTP/1.1" 200 3584
66.249.74.100 - - [08/Jan/2016:06:48:36 +0800] "GET /content/nav/relationSubject.jsp?relationWords=%E6%91%BA%E5%A5%8F+&oid=2688092 HTTP/1.1" 200 3111
66.249.74.98 - - [08/Jan/2016:06:48:39 +0800] "GET /content/nav/relationSubject.jsp?relationWords=%E6%91%BA%E5%A5%8F%20&oid=2688092 HTTP/1.1" 200 3111
66.249.71.60 - - [08/Jan/2016:06:48:49 +0800] "GET /content/repository/resource_content.jsp?oid=1778374&queryString=%E9%82%B5%E6%97%8F%20%E9%82%B5%E6%97%8F%E7%A5%9E%E8%A9%B1 HTTP/1.1" 200 34444
66.249.71.72 - - [08/Jan/2016:06:49:18 +0800] "GET /content/subject/resource_content.jsp?oid=16777733&queryString=%E6%96%87%E7%89%A9%E9%99%B3%E5%88%97%E9%A4%A8 HTTP/1.1" 200 33041
66.249.74.102 - - [08/Jan/2016:06:49:36 +0800] "GET /content/nav/relationSubject.jsp?relationWords=%E6%B0%91%E6%97%8F%E5%AD%B8+%E7%94%9F%E5%91%BD%E5%84%80%E7%A6%AE+%E9%82%B5%E6%97%8F+&oid=1778374 HTTP/1.1" 200 5580
66.249.71.60 - - [08/Jan/2016:06:49:41 +0800] "GET /content/nav/relationSubject.jsp?relationWords=%E6%B0%91%E6%97%8F%E5%AD%B8%20%E7%94%9F%E5%91%BD%E5%84%80%E7%A6%AE%20%E9%82%B5%E6%97%8F%20&oid=1778374 HTTP/1.1" 200 5580
66.249.77.91 - - [08/Jan/2016:06:49:46 +0800] "GET /content/subject/resource_content.jsp?oid=16777509&queryType=qc HTTP/1.1" 200 33457
61.60.219.141 - - [08/Jan/2016:06:49:54 +0800] "GET /content/repository/resource_content.jsp?oid=14429&queryString=%E6%88%90%E4%BB%94%E4%B8%81+%E6%96%91%E6%B5%B7%E9%AF%B0+%E6%B5%B7%E9%AF%B0+%E7%99%BD%E8%82%89 HTTP/1.1" 200 35797
61.60.219.141 - - [08/Jan/2016:06:49:58 +0800] "GET /content/nav/relationSubject.jsp?relationWords=%E5%A4%A7%E6%B5%B7%E9%AF%B0+%E6%88%90%E4%BB%94%E4%B8%81+%E6%B3%B0%E4%BE%86%E6%B5%B7%E9%AF%B0+%E6%B5%B7%E9%AF%B0+%E7%99%BD%E8%82%89+&oid=14429 HTTP/1.1" 200 3584
66.249.77.91 - - [08/Jan/2016:06:50:22 +0800] "GET /content/nav/relationSubject.jsp?relationWords=%E6%89%81%E5%B1%8F%E4%BB%94+%E6%B2%B9%E9%AD%9A+%E6%B5%B7%E9%AF%BD%E4%BB%94+%E6%B5%B7%E9%B0%B6+%E9%AB%98%E9%BC%BB%E6%B5%B7%E9%B0%B6+%E9%AF%A1%E7%A7%91+&oid=4351953 HTTP/1.1" 200 3698
66.249.77.85 - - [08/Jan/2016:06:50:26 +0800] "GET /content/nav/relationSubject.jsp?relationWords=%E6%89%81%E5%B1%8F%E4%BB%94%20%E6%B2%B9%E9%AD%9A%20%E6%B5%B7%E9%AF%BD%E4%BB%94%20%E6%B5%B7%E9%B0%B6%20%E9%AB%98%E9%BC%BB%E6%B5%B7%E9%B0%B6%20%E9%AF%A1%E7%A7%91%20&oid=4351953 HTTP/1.1" 200 3698
207.46.13.46 - - [08/Jan/2016:06:50:30 +0800] "GET /content/repository/resource_content.jsp?oid=2689406&queryType=qs&queryString=%E9%91%B2%E9%BB%83%E6%97%97 HTTP/1.1" 200 30424
66.249.77.85 - - [08/Jan/2016:06:50:33 +0800] "GET /content/nav/relationSubject.jsp?relationWords=%E6%9D%9C%E9%B5%91%E8%8A%B1%E5%B1%AC+&oid=1461646 HTTP/1.1" 200 2981
66.249.79.24 - - [08/Jan/2016:06:50:50 +0800] "GET /content/subject/resource_content.jsp?oid=16777273&queryType=qs&queryString=%E5%82%85%E6%96%AF%E5%B9%B4%E5%9C%96%E6%9B%B8%E9%A4%A8 HTTP/1.1" 200 38355
182.118.21.203 - - [08/Jan/2016:06:51:03 +0800] "GET /content/subject/resource_content.jsp?oid=16777376&queryType=qc HTTP/1.1" 200 35883
220.133.48.92 - - [08/Jan/2016:06:51:36 +0800] "GET /content/repository/resource_content.jsp?oid=14429&queryString=%E6%88%90%E4%BB%94%E4%B8%81+%E6%96%91%E6%B5%B7%E9%AF%B0+%E6%B5%B7%E9%AF%B0+%E7%99%BD%E8%82%89 HTTP/1.1" 200 35797
66.249.71.60 - - [08/Jan/2016:06:51:41 +0800] "GET /content/repository/resource_content.jsp?oid=1546116&queryString=%E5%8F%83%E8%AD%B0%E6%9C%83%20%E6%9C%83%E8%AD%B0%E7%B4%80%E9%8C%84%20%E8%94%A3%E7%B8%BD%E7%B5%B1%20%E9%99%B3%E8%AA%A0 HTTP/1.1" 200 29922
66.249.71.105 - - [08/Jan/2016:06:52:31 +0800] "GET /content/repository/resource_content.jsp?oid=4363701&queryType=qs&queryString=%E6%A5%8A%E6%88%A9 HTTP/1.1" 200 29942
66.249.71.105 - - [08/Jan/2016:06:52:50 +0800] "GET /content/repository/resource_content.jsp?oid=1849927&queryType=qs&queryString=%E5%A4%A7%E7%90%86%E5%B2%A9 HTTP/1.1" 200 31200
66.249.77.91 - - [08/Jan/2016:06:53:12 +0800] "GET /content/subject/resource_content.jsp?oid=16777331&queryString=%E6%9C%A8%E8%98%AD%E7%A7%91%20%E6%A4%8D%E7%89%A9%E7%95%8C%20%E7%83%8F%E5%BF%83%E7%9F%B3%20%E7%83%8F%E5%BF%83%E7%9F%B3%E5%B1%AC HTTP/1.1" 200 32002
66.249.71.173 - - [08/Jan/2016:06:54:04 +0800] "GET /content/repository/resource_content.jsp?oid=3205097&queryString=%E5%BD%9D%E5%99%A8%20%E6%AC%BE%E8%AD%98%20%E6%B3%95%E5%B8%96%20%E6%B8%85%E6%84%9B%E5%A0%82%20%E9%90%98%E9%BC%8E HTTP/1.1" 200 29822
66.249.77.97 - - [08/Jan/2016:06:54:32 +0800] "GET /content/repository/resource_content.jsp?oid=2151808&queryString=%E6%9C%A8%E6%A7%BF%20%E6%9C%A8%E6%A7%BF%E5%B1%AC%20%E6%A4%8D%E7%89%A9%E7%95%8C%20%E9%8C%A6%E8%91%B5%20%E9%8C%A6%E8%91%B5%E7%A7%91 HTTP/1.1" 200 31023
66.249.71.121 - - [08/Jan/2016:06:55:30 +0800] "GET /content/repository/resource_content.jsp?oid=4363703&queryType=qs&queryString=%E9%80%81%E7%A5%9E%E5%A8%98%E5%A8%98 HTTP/1.1" 200 36799
183.79.219.241 - - [08/Jan/2016:06:55:38 +0800] "GET /content/subject/resource_content.jsp?oid=16777699&queryType=qc HTTP/1.0" 200 54088
66.249.71.5 - - [08/Jan/2016:06:55:58 +0800] "GET /digiarch3/content/repository/resource_content.jsp?oid=4353613&queryType=qs&queryString=%E5%BB%A3%E9%B9%BD%E6%80%A7 HTTP/1.1" 200 35244
66.249.77.91 - - [08/Jan/2016:06:56:20 +0800] "GET /content/repository/resource_content.jsp?oid=4351985&queryType=qs&queryString=%E7%88%AC%E5%B2%A9%E9%B0%8D HTTP/1.1" 200 34631
66.249.71.72 - - [08/Jan/2016:06:56:27 +0800] "GET /content/repository/resource_content.jsp?oid=188438&queryString=%E5%BB%A3%E6%9D%B1%E7%9C%81%E5%9C%96%20%E7%B4%A2%E5%BC%95%E5%9C%96 HTTP/1.1" 200 30496
66.249.71.60 - - [08/Jan/2016:06:56:55 +0800] "GET /content/repository/resource_content.jsp?oid=1900551&queryType=qs&queryString=%E8%A1%8C%E6%94%BF%E9%99%A2%E4%B8%BB%E8%A8%88%E8%99%95 HTTP/1.1" 200 31425
111.250.21.16 - - [08/Jan/2016:06:57:02 +0800] "GET /content/repository/resource_content.jsp?oid=14429&queryString=%E6%88%90%E4%BB%94%E4%B8%81+%E6%96%91%E6%B5%B7%E9%AF%B0+%E6%B5%B7%E9%AF%B0+%E7%99%BD%E8%82%89 HTTP/1.1" 200 35797
111.250.21.16 - - [08/Jan/2016:06:57:04 +0800] "GET /content/nav/relationSubject.jsp?relationWords=%E5%A4%A7%E6%B5%B7%E9%AF%B0+%E6%88%90%E4%BB%94%E4%B8%81+%E6%B3%B0%E4%BE%86%E6%B5%B7%E9%AF%B0+%E6%B5%B7%E9%AF%B0+%E7%99%BD%E8%82%89+&oid=14429 HTTP/1.1" 200 3584
66.249.71.5 - - [08/Jan/2016:06:57:24 +0800] "GET /digiarch3/content/repository/resource_content.jsp?oid=1598717&queryString=%E8%87%BA%E9%90%B5%20%E9%9B%BB%E8%A6%96%E7%89%86 HTTP/1.1" 200 47431
66.249.71.64 - - [08/Jan/2016:06:57:53 +0800] "GET /content/repository/resource_content.jsp?oid=2152684&queryString=%E7%B4%B0%E6%9F%84%E9%9B%99%E8%93%8B%E8%95%A8%20%E9%9B%99%E8%93%8B%E8%95%A8%E5%B1%AC HTTP/1.1" 200 31460
66.249.71.72 - - [08/Jan/2016:06:58:21 +0800] "GET /content/repository/resource_content.jsp?oid=1608947 HTTP/1.1" 200 28648
66.249.71.60 - - [08/Jan/2016:06:58:50 +0800] "GET /digiarch_en/content/subject/resource_content.jsp?oid=16777773&queryString=%E5%90%B3%E6%B5%B7%E6%B6%BC%20%E5%95%86%E8%A1%8C HTTP/1.1" 200 52751
180.153.236.135 - - [08/Jan/2016:06:59:13 +0800] "GET /digiarch3/content/subject/resource_content.jsp?oid=16777495&queryType=qc HTTP/1.1" 200 34817
66.249.71.113 - - [08/Jan/2016:06:59:18 +0800] "GET /content/repository/resource_content.jsp?oid=1773169&queryType=qs&queryString=%E5%82%85%E9%BA%97%E7%8E%89 HTTP/1.1" 200 33358
68.180.228.24 - - [08/Jan/2016:06:59:37 +0800] "GET /content/subject/resource_content.jsp?oid=16777377&queryString= HTTP/1.1" 200 52075
66.249.79.186 - - [08/Jan/2016:06:59:41 +0800] "GET /content/nav/relationSubject.jsp?relationWords=%E5%A4%A7%E8%91%89%E5%B1%B1%E6%AC%96+%E6%8B%BC%E6%9D%BF%E8%88%9F+%E9%81%94%E6%82%9F%E6%97%8F+&oid=16777270 HTTP/1.1" 200 4585
223.136.228.30 - - [08/Jan/2016:06:59:43 +0800] "GET /content/repository/resource_content.jsp?oid=14429&queryString=%E6%88%90%E4%BB%94%E4%B8%81+%E6%96%91%E6%B5%B7%E9%AF%B0+%E6%B5%B7%E9%AF%B0+%E7%99%BD%E8%82%89 HTTP/1.1" 200 35797
223.136.228.30 - - [08/Jan/2016:06:59:45 +0800] "GET /content/nav/relationSubject.jsp?relationWords=%E5%A4%A7%E6%B5%B7%E9%AF%B0+%E6%88%90%E4%BB%94%E4%B8%81+%E6%B3%B0%E4%BE%86%E6%B5%B7%E9%AF%B0+%E6%B5%B7%E9%AF%B0+%E7%99%BD%E8%82%89+&oid=14429 HTTP/1.1" 200 3584
66.249.77.85 - - [08/Jan/2016:07:00:16 +0800] "GET /content/pictures/picture_content.jsp?oid=33554724&queryType=qc HTTP/1.1" 200 27732
66.249.77.91 - - [08/Jan/2016:07:00:28 +0800] "GET /content/nav/relationSubject.jsp?relationWords=%E7%83%8F%E5%BF%83%E7%9F%B3+&oid=33554724 HTTP/1.1" 200 4156
66.249.77.85 - - [08/Jan/2016:07:00:34 +0800] "GET /content/nav/relationSubject.jsp?relationWords=%E7%83%8F%E5%BF%83%E7%9F%B3%20&oid=33554724 HTTP/1.1" 200 4156
66.249.71.72 - - [08/Jan/2016:07:00:44 +0800] "GET /content/repository/resource_content.jsp?oid=1459423 HTTP/1.1" 200 31100
66.249.71.113 - - [08/Jan/2016:07:01:13 +0800] "GET /content/nav/relationSubject.jsp?relationWords=&oid=1849927 HTTP/1.1" 200 1405
66.249.79.30 - - [08/Jan/2016:07:01:43 +0800] "GET /content/repository/resource_content.jsp?oid=2654871&queryString=%E5%B0%8A%E8%AC%9A HTTP/1.1" 200 30310
66.249.71.64 - - [08/Jan/2016:07:01:51 +0800] "GET /content/repository/resource_content.jsp?oid=4362898&queryString=%E8%81%96%E9%A7%95 HTTP/1.1" 200 31292
66.249.71.72 - - [08/Jan/2016:07:02:10 +0800] "GET /content/repository/resource_content.jsp?oid=759332 HTTP/1.1" 200 29011
122.118.12.133 - - [08/Jan/2016:07:02:16 +0800] "GET /content/repository/resource_content.jsp?oid=14429&queryString=%E6%88%90%E4%BB%94%E4%B8%81+%E6%96%91%E6%B5%B7%E9%AF%B0+%E6%B5%B7%E9%AF%B0+%E7%99%BD%E8%82%89 HTTP/1.1" 200 35797
122.118.12.133 - - [08/Jan/2016:07:02:18 +0800] "GET /content/nav/relationSubject.jsp?relationWords=%E5%A4%A7%E6%B5%B7%E9%AF%B0+%E6%88%90%E4%BB%94%E4%B8%81+%E6%B3%B0%E4%BE%86%E6%B5%B7%E9%AF%B0+%E6%B5%B7%E9%AF%B0+%E7%99%BD%E8%82%89+&oid=14429 HTTP/1.1" 200 3584
66.249.74.98 - - [08/Jan/2016:07:02:41 +0800] "GET /content/repository/resource_content.jsp?oid=2145364 HTTP/1.1" 200 29285
66.249.71.72 - - [08/Jan/2016:07:02:41 +0800] "GET /content/nav/relationSubject.jsp?relationWords=%E6%97%A8%E6%A1%88+%E6%AE%98%E5%BB%A2+%E8%BB%8A%E7%A6%8D+&oid=1588630 HTTP/1.1" 200 3363
66.249.71.60 - - [08/Jan/2016:07:02:44 +0800] "GET /content/nav/relationSubject.jsp?relationWords=%E6%97%A8%E6%A1%88%20%E6%AE%98%E5%BB%A2%20%E8%BB%8A%E7%A6%8D%20&oid=1588630 HTTP/1.1" 200 3363
66.249.71.72 - - [08/Jan/2016:07:03:07 +0800] "GET /digiarch_en/content/repository/resource_content.jsp?oid=2687669&queryString=%E8%AD%B7%E8%BB%8D%20%E8%AD%B7%E8%BB%8D%E6%A0%A1%20%E8%BB%8D%E6%A0%A1 HTTP/1.1" 200 23988
1.172.20.160 - - [08/Jan/2016:07:03:11 +0800] "GET /content/repository/resource_content.jsp?oid=14429&queryString=%E6%88%90%E4%BB%94%E4%B8%81+%E6%96%91%E6%B5%B7%E9%AF%B0+%E6%B5%B7%E9%AF%B0+%E7%99%BD%E8%82%89 HTTP/1.1" 200 35797
1.172.20.160 - - [08/Jan/2016:07:03:12 +0800] "GET /content/nav/relationSubject.jsp?relationWords=%E5%A4%A7%E6%B5%B7%E9%AF%B0+%E6%88%90%E4%BB%94%E4%B8%81+%E6%B3%B0%E4%BE%86%E6%B5%B7%E9%AF%B0+%E6%B5%B7%E9%AF%B0+%E7%99%BD%E8%82%89+&oid=14429 HTTP/1.1" 200 3584
66.249.71.64 - - [08/Jan/2016:07:03:28 +0800] "GET /content/nav/relationSubject.jsp?relationWords=%E6%A4%8D%E7%89%A9%E7%95%8C+%E6%B0%B4%E9%BE%8D%E9%AA%A8+%E7%B4%B0%E6%9F%84%E9%9B%99%E8%93%8B%E8%95%A8+%E8%95%A8%E9%A1%9E%E6%A4%8D%E7%89%A9+%E8%B9%84%E8%93%8B%E8%95%A8%E7%A7%91+%E9%9B%99%E8%93%8B%E8%95%A8%E5%B1%AC+&oid=2152684 HTTP/1.1" 200 3520
66.249.71.60 - - [08/Jan/2016:07:03:32 +0800] "GET /content/nav/relationSubject.jsp?relationWords=%E6%A4%8D%E7%89%A9%E7%95%8C%20%E6%B0%B4%E9%BE%8D%E9%AA%A8%20%E7%B4%B0%E6%9F%84%E9%9B%99%E8%93%8B%E8%95%A8%20%E8%95%A8%E9%A1%9E%E6%A4%8D%E7%89%A9%20%E8%B9%84%E8%93%8B%E8%95%A8%E7%A7%91%20%E9%9B%99%E8%93%8B%E8%95%A8%E5%B1%AC%20&oid=2152684 HTTP/1.1" 200 3520
66.249.71.5 - - [08/Jan/2016:07:03:38 +0800] "GET /digiarch3/content/nav/relationSubject.jsp?relationWords=%E6%96%97%E7%AC%A0%E8%9E%BA+%E7%AC%A0%E8%9E%BA+%E8%85%B9%E8%B6%B3%E7%B6%B1+&oid=523869 HTTP/1.1" 200 3358
68.180.228.24 - - [08/Jan/2016:07:03:40 +0800] "GET /content/tmp_exh/resource_content.jsp?oid=16777760&queryType=qc HTTP/1.1" 200 35810
66.249.71.5 - - [08/Jan/2016:07:03:43 +0800] "GET /digiarch3/content/nav/relationSubject.jsp?relationWords=%E6%96%97%E7%AC%A0%E8%9E%BA%20%E7%AC%A0%E8%9E%BA%20%E8%85%B9%E8%B6%B3%E7%B6%B1%20&oid=523869 HTTP/1.1" 200 3358
141.8.132.82 - - [08/Jan/2016:07:03:56 +0800] "GET /digiarch_en/content/tmp_exh/resource_content.jsp?oid=16777851&queryType=qc HTTP/1.1" 200 40181
66.249.71.113 - - [08/Jan/2016:07:04:05 +0800] "GET /content/repository/resource_content.jsp?oid=2659094&queryType=qs&queryString=%E5%88%A9%E5%B7%9E HTTP/1.1" 200 30076
66.249.77.85 - - [08/Jan/2016:07:04:06 +0800] "GET /content/nav/relationSubject.jsp?relationWords=%E5%B9%B3%E9%B0%AD%E9%B0%8D%E7%A7%91%20%E6%A3%95%E7%B0%91%20%E7%88%AC%E5%B2%A9%E9%B0%8D%20%E7%9F%B3%E8%B2%BC%E4%BB%94%20%E7%B0%B8%E7%AE%95%20&oid=4351985 HTTP/1.1" 200 4394
66.249.71.60 - - [08/Jan/2016:07:04:27 +0800] "GET /content/nav/relationSubject.jsp?relationWords=%E5%B1%B1%E8%9E%9E%E8%9D%97%E5%B1%AC+%E6%A4%8D%E7%89%A9%E7%95%8C+%E6%B3%A2%E8%91%89%E5%B1%B1%E8%9E%9E%E8%9D%97+%E8%A0%B6%E8%B1%86+%E9%9B%99%E5%AD%90%E8%91%89%E6%A4%8D%E7%89%A9+&oid=1459423 HTTP/1.1" 200 3410
150.70.173.9 - - [08/Jan/2016:07:04:29 +0800] "GET /content/repository/resource_content.jsp?oid=14429&queryString=%E6%88%90%E4%BB%94%E4%B8%81+%E6%96%91%E6%B5%B7%E9%AF%B0+%E6%B5%B7%E9%AF%B0+%E7%99%BD%E8%82%89 HTTP/1.1" 200 35797
66.249.71.60 - - [08/Jan/2016:07:04:31 +0800] "GET /content/nav/relationSubject.jsp?relationWords=%E5%B1%B1%E8%9E%9E%E8%9D%97%E5%B1%AC%20%E6%A4%8D%E7%89%A9%E7%95%8C%20%E6%B3%A2%E8%91%89%E5%B1%B1%E8%9E%9E%E8%9D%97%20%E8%A0%B6%E8%B1%86%20%E9%9B%99%E5%AD%90%E8%91%89%E6%A4%8D%E7%89%A9%20&oid=1459423 HTTP/1.1" 200 3410
66.249.71.72 - - [08/Jan/2016:07:04:33 +0800] "GET /content/repository/resource_content.jsp?oid=1459025 HTTP/1.1" 200 30322
66.249.71.60 - - [08/Jan/2016:07:04:35 +0800] "GET /content/nav/relationSubject.jsp?relationWords=%E7%95%AA%E5%90%9B%E5%8F%AC%E7%B0%A0+&oid=3356946 HTTP/1.1" 200 3153
66.249.71.60 - - [08/Jan/2016:07:04:40 +0800] "GET /content/nav/relationSubject.jsp?relationWords=%E7%95%AA%E5%90%9B%E5%8F%AC%E7%B0%A0%20&oid=3356946 HTTP/1.1" 200 3153
66.249.71.113 - - [08/Jan/2016:07:04:46 +0800] "GET /content/nav/relationSubject.jsp?relationWords=%E5%90%8F%E9%83%A8+&oid=2659094 HTTP/1.1" 200 3101
66.249.71.105 - - [08/Jan/2016:07:04:49 +0800] "GET /content/nav/relationSubject.jsp?relationWords=%E5%90%8F%E9%83%A8%20&oid=2659094 HTTP/1.1" 200 3101
66.249.71.60 - - [08/Jan/2016:07:05:04 +0800] "GET /content/repository/resource_content.jsp?oid=1115207 HTTP/1.1" 200 29799
66.249.71.64 - - [08/Jan/2016:07:05:09 +0800] "GET /content/nav/relationSubject.jsp?relationWords=%E4%B8%AD%E5%A3%A2+%E5%9C%8B%E5%9C%96+%E5%9C%B0%E7%90%83%E7%A7%91%E5%AD%B8+%E5%9C%B0%E8%B3%AA%E5%AD%B8+&oid=1078132 HTTP/1.1" 200 4542
66.249.71.60 - - [08/Jan/2016:07:05:12 +0800] "GET /content/nav/relationSubject.jsp?relationWords=%E4%B8%AD%E5%A3%A2%20%E5%9C%8B%E5%9C%96%20%E5%9C%B0%E7%90%83%E7%A7%91%E5%AD%B8%20%E5%9C%B0%E8%B3%AA%E5%AD%B8%20&oid=1078132 HTTP/1.1" 200 4542
66.249.71.113 - - [08/Jan/2016:07:05:31 +0800] "GET /content/repository/resource_content.jsp?oid=2676096&queryType=qs&queryString=%E9%97%9C%E5%B9%B3 HTTP/1.1" 200 30071
66.249.74.72 - - [08/Jan/2016:07:06:00 +0800] "GET /digiarch3/content/repository/resource_content.jsp?oid=1531358&queryString=%E7%9C%81%E6%94%BF%E5%BA%9C%20%E8%82%A1%E4%BB%BD%E6%9C%89%E9%99%90%E5%85%AC%E5%8F%B8%20%E8%84%AB%E6%B0%B4%20%E8%87%BA%E5%8D%97%E7%B8%A3%20%E8%BE%B2%E7%94%A2 HTTP/1.1" 200 31028
66.249.77.85 - - [08/Jan/2016:07:07:20 +0800] "GET /content/repository/resource_content.jsp?oid=1124034&queryString=%E6%AE%BC%E8%8F%9C%E8%9B%A4%20%E6%AE%BC%E8%8F%9C%E8%9B%A4%E7%A7%91%20%E7%9F%B3%E8%9C%8A%20%E7%9F%B3%E8%9C%8A%E5%B1%AC%20%E8%8F%9C%E8%9B%A4%20%E8%9B%A4%E7%A7%91%20%E8%B2%BD%E8%B2%9D%20%E9%9B%99%E6%AE%BC%E7%B6%B1%20%E9%BB%91%E7%9F%B3%E8%9C%8A HTTP/1.1" 200 35000
66.249.71.72 - - [08/Jan/2016:07:07:53 +0800] "GET /content/repository/resource_content.jsp?oid=1096683 HTTP/1.1" 200 29874
66.249.71.72 - - [08/Jan/2016:07:08:22 +0800] "GET /content/repository/resource_content.jsp?oid=1099955 HTTP/1.1" 200 31176
66.249.71.60 - - [08/Jan/2016:07:08:51 +0800] "GET /content/repository/resource_content.jsp?oid=1603929 HTTP/1.1" 200 28929
66.249.71.113 - - [08/Jan/2016:07:09:10 +0800] "GET /content/nav/relationSubject.jsp?relationWords=%E6%9D%8E%E6%BF%9F+%E6%A2%81%E6%80%9D%E6%B0%B8+%E6%AE%B7%E5%A2%9F+%E7%9B%9C%E5%A2%93+%E8%91%A3%E4%BD%9C%E8%B3%93+&oid=16777742 HTTP/1.1" 200 6261
66.249.71.105 - - [08/Jan/2016:07:09:14 +0800] "GET /content/nav/relationSubject.jsp?relationWords=%E6%9D%8E%E6%BF%9F%20%E6%A2%81%E6%80%9D%E6%B0%B8%20%E6%AE%B7%E5%A2%9F%20%E7%9B%9C%E5%A2%93%20%E8%91%A3%E4%BD%9C%E8%B3%93%20&oid=16777742 HTTP/1.1" 200 6261
66.249.71.64 - - [08/Jan/2016:07:09:19 +0800] "GET /digiarch_en/content/repository/resource_content.jsp?oid=1636758&queryString=%E5%B0%8F%E4%B9%9D%E5%AD%94%20%E6%B7%BA%E6%88%B3%E4%BB%94%20%E7%AC%A0%E8%9E%BA%20%E8%85%B9%E8%B6%B3%E7%B6%B1%20%E8%8A%B1%E7%AC%A0%E8%9E%BA HTTP/1.1" 200 24259
66.249.71.60 - - [08/Jan/2016:07:09:48 +0800] "GET /content/repository/resource_content.jsp?oid=1531951 HTTP/1.1" 200 29030
66.249.71.72 - - [08/Jan/2016:07:10:16 +0800] "GET /content/repository/resource_content.jsp?oid=1558162 HTTP/1.1" 200 28654
66.249.71.155 - - [08/Jan/2016:07:10:18 +0800] "GET /content/nav/relationSubject.jsp?relationWords=%E4%B8%AD%E5%9C%8B%E5%A4%A7%E9%99%B8%E5%9C%B0%E5%9C%96+%E5%AF%8C%E6%98%A5+&oid=203382 HTTP/1.1" 200 9735
110.26.27.139 - - [08/Jan/2016:07:10:19 +0800] "GET /content/repository/resource_content.jsp?oid=14429&queryString=%E6%88%90%E4%BB%94%E4%B8%81+%E6%96%91%E6%B5%B7%E9%AF%B0+%E6%B5%B7%E9%AF%B0+%E7%99%BD%E8%82%89 HTTP/1.1" 200 35797
110.26.27.139 - - [08/Jan/2016:07:10:21 +0800] "GET /content/nav/relationSubject.jsp?relationWords=%E5%A4%A7%E6%B5%B7%E9%AF%B0+%E6%88%90%E4%BB%94%E4%B8%81+%E6%B3%B0%E4%BE%86%E6%B5%B7%E9%AF%B0+%E6%B5%B7%E9%AF%B0+%E7%99%BD%E8%82%89+&oid=14429 HTTP/1.1" 200 3584
66.249.71.155 - - [08/Jan/2016:07:10:22 +0800] "GET /content/nav/relationSubject.jsp?relationWords=%E4%B8%AD%E5%9C%8B%E5%A4%A7%E9%99%B8%E5%9C%B0%E5%9C%96%20%E5%AF%8C%E6%98%A5%20&oid=203382 HTTP/1.1" 200 9735
66.249.71.155 - - [08/Jan/2016:07:10:30 +0800] "GET /content/nav/relationSubject.jsp?relationWords=%E6%AC%BE%E8%AD%98+%E8%81%AF%E5%90%88%E7%9B%AE%E9%8C%84+%E9%90%98%E9%BC%8E+&oid=3205097 HTTP/1.1" 200 3259
183.79.219.241 - - [08/Jan/2016:07:10:30 +0800] "GET /content/subject/resource_content.jsp?oid=16777590&queryType=qc HTTP/1.0" 200 35272
66.249.71.64 - - [08/Jan/2016:07:10:39 +0800] "GET /content/nav/relationSubject.jsp?relationWords=%E5%A2%9E%E5%BB%BA+%E5%B7%A5%E7%A8%8B%E8%B2%BB+%E6%8E%A8%E8%A1%8C%E6%A1%88+%E6%A0%A1%E8%88%8D+%E6%B1%9F%E6%96%87+%E7%9C%81%E6%94%BF%E5%BA%9C+%E7%A7%91%E5%AD%B8%E6%95%99%E8%82%B2+%E8%91%A3%E4%BA%8B%E6%9C%83+&oid=1531951 HTTP/1.1" 200 4777
66.249.71.60 - - [08/Jan/2016:07:10:41 +0800] "GET /content/nav/relationSubject.jsp?relationWords=%E5%A2%9E%E5%BB%BA%20%E5%B7%A5%E7%A8%8B%E8%B2%BB%20%E6%8E%A8%E8%A1%8C%E6%A1%88%20%E6%A0%A1%E8%88%8D%20%E6%B1%9F%E6%96%87%20%E7%9C%81%E6%94%BF%E5%BA%9C%20%E7%A7%91%E5%AD%B8%E6%95%99%E8%82%B2%20%E8%91%A3%E4%BA%8B%E6%9C%83%20&oid=1531951 HTTP/1.1" 200 4777
66.249.71.155 - - [08/Jan/2016:07:10:42 +0800] "GET /content/nav/relationSubject.jsp?relationWords=%E6%AC%BE%E8%AD%98%20%E8%81%AF%E5%90%88%E7%9B%AE%E9%8C%84%20%E9%90%98%E9%BC%8E%20&oid=3205097 HTTP/1.1" 200 3259
66.249.71.60 - - [08/Jan/2016:07:10:45 +0800] "GET /digiarch_en/content/repository/resource_content.jsp?oid=1523734&queryString=%E6%9E%97%E7%8D%BB%E5%A0%82%20%E6%A5%8A%E8%82%87%E5%98%89%20%E6%B2%88%E8%91%86%E7%A6%8E%20%E8%A8%B1%E5%BF%97%20%E9%95%B7%E8%B0%B7%E5%B7%9D%E6%B8%85 HTTP/1.1" 200 23089
66.249.71.60 - - [08/Jan/2016:07:11:14 +0800] "GET /content/repository/resource_content.jsp?oid=2150524&queryString=%E5%8F%B0%E7%81%A3%E7%81%B0%E6%AF%9B%E8%B1%86%20%E6%A4%8D%E7%89%A9%E7%95%8C%20%E7%81%B0%E6%AF%9B%E8%B1%86%E5%B1%AC%20%E8%A0%B6%E8%B1%86%20%E9%9B%99%E5%AD%90%E8%91%89%E6%A4%8D%E7%89%A9 HTTP/1.1" 200 31513
66.249.71.60 - - [08/Jan/2016:07:11:42 +0800] "GET /content/repository/resource_content.jsp?oid=1782698 HTTP/1.1" 200 28224
68.180.228.24 - - [08/Jan/2016:07:12:05 +0800] "GET /digiarch_en/content/subject/resource_content.jsp?oid=16777476&queryType=qc HTTP/1.1" 200 49856
66.249.71.113 - - [08/Jan/2016:07:12:46 +0800] "GET /content/nav/relationSubject.jsp?relationWords=%E7%88%AA%E5%93%87%E8%A3%B8%E8%83%B8%E9%AF%99+%E8%96%AF%E9%B0%BB+%E8%99%8E%E9%B0%BB+%E8%A3%B8%E8%83%B8+%E8%A3%B8%E8%83%B8%E9%AF%99+%E8%A3%B8%E8%83%B8%E9%B1%94+%E9%8C%A2%E9%B0%BB+&oid=4351754 HTTP/1.1" 200 3599
66.249.71.105 - - [08/Jan/2016:07:12:49 +0800] "GET /content/nav/relationSubject.jsp?relationWords=%E7%88%AA%E5%93%87%E8%A3%B8%E8%83%B8%E9%AF%99%20%E8%96%AF%E9%B0%BB%20%E8%99%8E%E9%B0%BB%20%E8%A3%B8%E8%83%B8%20%E8%A3%B8%E8%83%B8%E9%AF%99%20%E8%A3%B8%E8%83%B8%E9%B1%94%20%E9%8C%A2%E9%B0%BB%20&oid=4351754 HTTP/1.1" 200 3599
66.249.77.85 - - [08/Jan/2016:07:12:50 +0800] "GET /content/repository/resource_content.jsp?oid=1559491&queryType=qs&queryString=%E5%AF%A6%E9%A9%97%E6%89%80 HTTP/1.1" 200 28618
66.249.71.60 - - [08/Jan/2016:07:12:52 +0800] "GET /content/nav/relationSubject.jsp?relationWords=%E8%81%96%E9%A7%95%20%E8%A7%80%E4%B8%96%E9%9F%B3%E8%8F%A9%E8%96%A9%20&oid=4362898 HTTP/1.1" 200 3166
66.249.71.72 - - [08/Jan/2016:07:13:37 +0800] "GET /content/repository/resource_content.jsp?oid=1550061 HTTP/1.1" 200 28866
141.8.132.82 - - [08/Jan/2016:07:13:37 +0800] "GET /digiarch_en/content/pictures/picture_content.jsp?oid=33554789 HTTP/1.1" 200 21360
66.249.71.72 - - [08/Jan/2016:07:13:46 +0800] "GET /digiarch_en/content/nav/relationSubject.jsp?relationWords=%E6%96%BD%E8%A1%8C%E6%A1%88+%E6%9D%8E%E5%8D%BF%E9%9B%B2+%E6%9D%8E%E6%99%A8%E9%90%98+%E6%9E%97%E9%B6%B4%E5%B9%B4+%E6%A5%8A%E8%82%87%E5%98%89+&oid=1523734 HTTP/1.1" 200 4099
66.249.71.60 - - [08/Jan/2016:07:13:53 +0800] "GET /digiarch_en/content/nav/relationSubject.jsp?relationWords=%E6%96%BD%E8%A1%8C%E6%A1%88%20%E6%9D%8E%E5%8D%BF%E9%9B%B2%20%E6%9D%8E%E6%99%A8%E9%90%98%20%E6%9E%97%E9%B6%B4%E5%B9%B4%20%E6%A5%8A%E8%82%87%E5%98%89%20&oid=1523734 HTTP/1.1" 200 4099
66.249.71.5 - - [08/Jan/2016:07:14:34 +0800] "GET /digiarch3/content/repository/resource_content.jsp?oid=15255&queryType=qs&queryString=%E6%B3%A2%E6%96%AF%E7%81%A3 HTTP/1.1" 200 34301
207.46.13.46 - - [08/Jan/2016:07:14:46 +0800] "GET /content/nav/relationSubject.jsp?relationWords=%E7%9B%B8%E6%80%9D%E6%A8%B9+&oid=16777519 HTTP/1.1" 200 3659
66.249.71.64 - - [08/Jan/2016:07:15:03 +0800] "GET /content/repository/resource_content.jsp?oid=1102400&queryString=%E5%8D%81%E5%AD%97%E8%8A%B1%E7%A7%91%20%E6%A4%8D%E7%89%A9%E7%95%8C%20%E7%8D%A8%E8%A1%8C%E8%8F%9C%20%E7%8D%A8%E8%A1%8C%E8%8F%9C%E5%B1%AC%20%E9%9B%99%E5%AD%90%E8%91%89%E6%A4%8D%E7%89%A9 HTTP/1.1" 200 31280
68.180.230.178 - - [08/Jan/2016:07:15:20 +0800] "GET /content/tmp_auth/resource_content.jsp?oid=16777759 HTTP/1.1" 200 25325
66.249.71.72 - - [08/Jan/2016:07:15:31 +0800] "GET /content/repository/resource_content.jsp?oid=1460139 HTTP/1.1" 200 30988
66.249.74.98 - - [08/Jan/2016:07:16:00 +0800] "GET /content/repository/resource_content.jsp?oid=2144430 HTTP/1.1" 200 30859
66.249.71.60 - - [08/Jan/2016:07:17:22 +0800] "GET /digiarch_en/content/nav/relationSubject.jsp?relationWords=%E5%A4%A7%E6%98%9F%E7%AC%A0%E8%9E%BA+%E7%AC%A0%E8%9E%BA+%E8%85%B9%E8%B6%B3%E7%B6%B1+&oid=1636758 HTTP/1.1" 200 3362
66.249.71.60 - - [08/Jan/2016:07:17:29 +0800] "GET /digiarch_en/content/nav/relationSubject.jsp?relationWords=%E5%A4%A7%E6%98%9F%E7%AC%A0%E8%9E%BA%20%E7%AC%A0%E8%9E%BA%20%E8%85%B9%E8%B6%B3%E7%B6%B1%20&oid=1636758 HTTP/1.1" 200 3362
66.249.71.64 - - [08/Jan/2016:07:18:16 +0800] "GET /content/nav/relationSubject.jsp?relationWords=%E5%8D%81%E5%AD%97%E8%8A%B1%E7%A7%91+%E6%A4%8D%E7%89%A9%E7%95%8C+%E7%8D%A8%E8%A1%8C%E8%8F%9C+%E7%8D%A8%E8%A1%8C%E8%8F%9C%E5%B1%AC+%E9%9B%99%E5%AD%90%E8%91%89%E6%A4%8D%E7%89%A9+&oid=1102400 HTTP/1.1" 200 3392
66.249.71.60 - - [08/Jan/2016:07:18:19 +0800] "GET /content/nav/relationSubject.jsp?relationWords=%E5%8D%81%E5%AD%97%E8%8A%B1%E7%A7%91%20%E6%A4%8D%E7%89%A9%E7%95%8C%20%E7%8D%A8%E8%A1%8C%E8%8F%9C%20%E7%8D%A8%E8%A1%8C%E8%8F%9C%E5%B1%AC%20%E9%9B%99%E5%AD%90%E8%91%89%E6%A4%8D%E7%89%A9%20&oid=1102400 HTTP/1.1" 200 3392
66.249.71.72 - - [08/Jan/2016:07:18:21 +0800] "GET /content/repository/resource_content.jsp?oid=1106468 HTTP/1.1" 200 31337
66.249.74.102 - - [08/Jan/2016:07:18:23 +0800] "GET /digiarch_en/content/repository/resource_content.jsp?oid=1524624&queryString=%E8%87%BA%E9%9B%BB%20%E8%BE%B2%E6%9D%91%E9%9B%BB%E5%8C%96%20%E9%84%89%E5%85%AC%E6%89%80 HTTP/1.1" 200 23793
66.249.74.72 - - [08/Jan/2016:07:18:28 +0800] "GET /digiarch3/content/nav/relationSubject.jsp?relationWords=%E5%90%8C%E6%A5%AD%E5%85%AC%E6%9C%83+%E5%90%B3%E6%9C%89%E5%B1%B1+%E7%9C%81%E6%94%BF%E5%BA%9C+%E8%87%BA%E4%B8%AD%E7%B8%A3+%E8%87%BA%E5%8C%97%E5%B8%82+%E8%8C%B6%E5%AE%A4+%E8%AA%BF%E6%9F%A5%E7%A0%94%E7%A9%B6+&oid=1531358 HTTP/1.1" 200 4658
66.249.71.5 - - [08/Jan/2016:07:18:36 +0800] "GET /digiarch3/content/nav/relationSubject.jsp?relationWords=%E5%90%8C%E6%A5%AD%E5%85%AC%E6%9C%83%20%E5%90%B3%E6%9C%89%E5%B1%B1%20%E7%9C%81%E6%94%BF%E5%BA%9C%20%E8%87%BA%E4%B8%AD%E7%B8%A3%20%E8%87%BA%E5%8C%97%E5%B8%82%20%E8%8C%B6%E5%AE%A4%20%E8%AA%BF%E6%9F%A5%E7%A0%94%E7%A9%B6%20&oid=1531358 HTTP/1.1" 200 4658
66.249.71.60 - - [08/Jan/2016:07:18:51 +0800] "GET /content/repository/resource_content.jsp?oid=1115901 HTTP/1.1" 200 31327
66.249.71.64 - - [08/Jan/2016:07:19:20 +0800] "GET /content/repository/resource_content.jsp?oid=188264 HTTP/1.1" 200 30289
66.249.71.60 - - [08/Jan/2016:07:19:49 +0800] "GET /content/repository/resource_content.jsp?oid=1110892 HTTP/1.1" 200 31078
207.46.13.46 - - [08/Jan/2016:07:20:08 +0800] "GET /content/nav/relationSubject.jsp?relationWords=%E7%9B%B8%E6%80%9D%E6%A8%B9+&oid=16777519 HTTP/1.1" 200 3659
66.249.71.5 - - [08/Jan/2016:07:20:30 +0800] "GET /digiarch3/content/nav/relationSubject.jsp?relationWords=%E6%8E%A5%E9%AA%A8%E6%9C%A8+%E6%A4%8D%E7%89%A9%E7%95%8C+%E7%B4%85%E6%9E%9C+%E7%B4%85%E6%9E%9C%E9%87%91%E7%B2%9F%E8%98%AD+%E8%8D%89%E7%8F%8A%E7%91%9A+%E8%8D%89%E7%8F%8A%E7%91%9A%E5%B1%AC+%E9%87%91%E7%B2%9F+%E9%87%91%E7%B2%9F%E8%98%AD+%E9%87%91%E7%B2%9F%E8%98%AD%E7%A7%91+&oid=1096060 HTTP/1.1" 200 3683
66.249.74.72 - - [08/Jan/2016:07:20:35 +0800] "GET /digiarch3/content/nav/relationSubject.jsp?relationWords=%E6%8E%A5%E9%AA%A8%E6%9C%A8%20%E6%A4%8D%E7%89%A9%E7%95%8C%20%E7%B4%85%E6%9E%9C%20%E7%B4%85%E6%9E%9C%E9%87%91%E7%B2%9F%E8%98%AD%20%E8%8D%89%E7%8F%8A%E7%91%9A%20%E8%8D%89%E7%8F%8A%E7%91%9A%E5%B1%AC%20%E9%87%91%E7%B2%9F%20%E9%87%91%E7%B2%9F%E8%98%AD%20%E9%87%91%E7%B2%9F%E8%98%AD%E7%A7%91%20&oid=1096060 HTTP/1.1" 200 3683
66.249.71.72 - - [08/Jan/2016:07:20:46 +0800] "GET /content/repository/resource_content.jsp?oid=1517005 HTTP/1.1" 200 29064
66.249.74.100 - - [08/Jan/2016:07:21:15 +0800] "GET /content/repository/resource_content.jsp?oid=1846672 HTTP/1.1" 200 29935
66.249.74.98 - - [08/Jan/2016:07:21:44 +0800] "GET /content/subject/resource_content.jsp?oid=16777543&queryType=qc HTTP/1.1" 200 41364
66.249.71.64 - - [08/Jan/2016:07:22:40 +0800] "GET /digiarch_en/content/tmp_exh/resource_content.jsp?oid=16777852&queryType=qc HTTP/1.1" 200 61806
66.249.71.60 - - [08/Jan/2016:07:22:45 +0800] "GET /content/nav/relationSubject.jsp?relationWords=%E7%8E%89%E9%A6%AC+%E9%A6%AC%E7%BE%88%E9%A3%BE%E7%B5%84+%E9%A6%AC%E9%8A%9C+&oid=1846672 HTTP/1.1" 200 3146
66.249.71.72 - - [08/Jan/2016:07:23:09 +0800] "GET /content/repository/resource_content.jsp?oid=4352501&queryString=%E4%BA%BA%E5%90%8D%E6%AC%8A%E5%A8%81%20%E6%9D%B1%E7%9D%A3%20%E6%B5%AA%E4%BA%BA%20%E7%86%8A%E7%82%B3%E7%90%A6 HTTP/1.1" 200 34573
1.168.132.226 - - [08/Jan/2016:07:23:14 +0800] "GET /content/nav/relationSubject.jsp?relationWords=%E7%9B%B8%E6%80%9D%E6%A8%B9+&oid=16777519 HTTP/1.1" 200 3659
66.249.71.60 - - [08/Jan/2016:07:23:35 +0800] "GET /content/nav/relationSubject.jsp?relationWords=%E6%A4%8D%E7%89%A9%E7%95%8C+%E7%88%B5%E5%BA%8A%E7%A7%91+%E7%8E%84%E5%8F%83+%E8%98%AD%E5%B5%8C%E9%A6%AC%E8%97%8D+&oid=1104099 HTTP/1.1" 200 3440
68.180.228.24 - - [08/Jan/2016:07:23:35 +0800] "GET /content/tmp_tec/resource_content.jsp?oid=16777731 HTTP/1.1" 200 39226
66.249.71.60 - - [08/Jan/2016:07:23:40 +0800] "GET /content/nav/relationSubject.jsp?relationWords=%E6%A4%8D%E7%89%A9%E7%95%8C%20%E7%88%B5%E5%BA%8A%E7%A7%91%20%E7%8E%84%E5%8F%83%20%E8%98%AD%E5%B5%8C%E9%A6%AC%E8%97%8D%20&oid=1104099 HTTP/1.1" 200 3440
66.249.71.64 - - [08/Jan/2016:07:24:05 +0800] "GET /content/nav/relationSubject.jsp?relationWords=%E5%8F%83%E8%AD%B0%E6%9C%83+%E5%8F%B0%E7%81%A3%E7%9C%81+%E5%8F%B8%E4%BB%A4%E9%83%A8+&oid=1517005 HTTP/1.1" 200 4251
66.249.71.60 - - [08/Jan/2016:07:24:08 +0800] "GET /content/nav/relationSubject.jsp?relationWords=%E5%8F%83%E8%AD%B0%E6%9C%83%20%E5%8F%B0%E7%81%A3%E7%9C%81%20%E5%8F%B8%E4%BB%A4%E9%83%A8%20&oid=1517005 HTTP/1.1" 200 4251
220.181.108.83 - - [08/Jan/2016:07:24:26 +0800] "GET /content/repository/resource_content.jsp?oid=1556976 HTTP/1.1" 200 28702
66.249.71.72 - - [08/Jan/2016:07:24:35 +0800] "GET /content/repository/resource_content.jsp?oid=15285&queryString=%E5%B8%86%E9%B0%AD%E9%AD%B4%20%E7%83%8F%E9%AD%B4%20%E9%AD%9A%E9%A1%9E%E6%A8%99%E6%9C%AC HTTP/1.1" 200 35056
66.249.71.5 - - [08/Jan/2016:07:25:03 +0800] "GET /digiarch3/content/repository/resource_content.jsp?oid=4354166&queryType=qs&queryString=%E6%B2%88%E4%B8%96%E5%82%91 HTTP/1.1" 200 33640
66.249.77.91 - - [08/Jan/2016:07:25:49 +0800] "GET /content/nav/relationSubject.jsp?relationWords=%E6%A3%98%E9%AC%BC%E9%A0%AD%E5%88%80+%E9%AF%95%E9%B0%8D+&oid=1081585 HTTP/1.1" 200 3315
66.249.77.85 - - [08/Jan/2016:07:25:56 +0800] "GET /content/nav/relationSubject.jsp?relationWords=%E6%A3%98%E9%AC%BC%E9%A0%AD%E5%88%80%20%E9%AF%95%E9%B0%8D%20&oid=1081585 HTTP/1.1" 200 3315
66.249.71.60 - - [08/Jan/2016:07:26:01 +0800] "GET /content/repository/resource_content.jsp?oid=1779395 HTTP/1.1" 200 27560
66.249.71.60 - - [08/Jan/2016:07:26:58 +0800] "GET /content/subject/resource_content.jsp?oid=16797287&queryType=qc HTTP/1.1" 200 88347
66.249.71.64 - - [08/Jan/2016:07:27:23 +0800] "GET /content/nav/relationSubject.jsp?relationWords=%E6%A4%8D%E7%89%A9%E7%95%8C+%E6%B0%B4%E9%BE%8D%E9%AA%A8+%E7%A6%BE%E8%91%89%E8%95%A8+%E7%A9%B4%E5%AD%90%E8%95%A8+%E7%A9%B4%E5%AD%90%E8%95%A8%E5%B1%AC+%E8%95%A8%E5%B1%AC+%E8%95%A8%E9%A1%9E%E6%A4%8D%E7%89%A9+&oid=1114384 HTTP/1.1" 200 3505
66.249.71.60 - - [08/Jan/2016:07:27:29 +0800] "GET /content/nav/relationSubject.jsp?relationWords=%E6%A4%8D%E7%89%A9%E7%95%8C%20%E6%B0%B4%E9%BE%8D%E9%AA%A8%20%E7%A6%BE%E8%91%89%E8%95%A8%20%E7%A9%B4%E5%AD%90%E8%95%A8%20%E7%A9%B4%E5%AD%90%E8%95%A8%E5%B1%AC%20%E8%95%A8%E5%B1%AC%20%E8%95%A8%E9%A1%9E%E6%A4%8D%E7%89%A9%20&oid=1114384 HTTP/1.1" 200 3505
