66.249.77.85 - - [23/Jan/2016:07:51:25 +0800] "GET /content/nav/relationSubject.jsp?relationWords=%E4%B8%AD%E8%88%88%E6%96%B0%E6%9D%91%20%E4%BD%8F%E5%AE%85%E5%8D%80%20%E4%BF%9D%E7%95%99%E5%9C%B0%20%E5%81%8F%E9%81%A0%E5%9C%B0%E5%8D%80%20%E5%82%B3%E7%B5%B1%E5%B8%82%E5%A0%B4%20%E5%85%A7%E8%BD%86%20%E5%85%AB%E5%8D%A6%E5%B1%B1%20%E5%85%AC%E5%85%B1%E8%A8%AD%E6%96%BD%20%E5%85%AC%E6%9C%89%E5%9C%9F%E5%9C%B0%20%E5%85%AC%E8%B7%AF%E5%B1%80%20%E5%8D%97%E6%8A%95%E9%85%92%E5%BB%A0%20%E5%93%81%E8%B3%AA%20%E5%9C%8B%E5%AE%85%20%E5%9C%8B%E6%B0%91%E4%BD%8F%E5%AE%85%20%E5%A4%A7%E9%87%8C%E6%BA%AA%20%E5%B7%A5%E7%A8%8B%E5%8F%97%E7%9B%8A%E8%B2%BB%20%E5%BD%B0%E6%BF%B1%E9%81%8A%E6%A8%82%E5%8D%80%20%E6%8E%92%E6%B0%B4%E5%B7%A5%E7%A8%8B%20%E6%97%A5%E6%9C%88%E6%BD%AD%E7%99%BC%E9%9B%BB%20%E6%B0%B4%E5%85%AC%E5%8F%B8%20%E6%B0%B4%E5%88%A9%E5%B1%80%20%E6%B0%B4%E5%9C%9F%E4%BF%9D%E6%8C%81%20%E6%B0%B4%E9%87%8C%20%E6%B2%B3%E5%B7%9D%E6%95%B4%E6%B2%BB%20%E7%A4%A6%E5%A0%B4%20%E7%A4%A6%E7%89%A9%20%E7%AB%B9%E5%B1%B1%E9%8E%AE%20%E7%AE%A1%E7%B7%9A%20%E7%BE%8E%E5%B4%99%E6%BA%AA%20%E8%87%AA%E4%BE%86%E6%B0%B4%20%E8%87%BA%E4%B8%AD%E7%B8%A3%20%E8%87%BA%E7%B3%96%20%E8%A1%8C%E6%B0%B4%E5%8D%80%20%E8%B2%A1%E6%94%BF%20%E8%B3%AA%E8%A9%A2%20%E9%83%BD%E5%B8%82%E8%A8%88%E7%95%AB%20%E9%90%B5%E8%B7%AF%E5%B1%80%20%E9%97%9C%E4%B8%AD%20%E9%9B%86%E9%9B%86%20%E9%A0%90%E7%AE%97%20&oid=1611840 HTTP/1.1" 200 6467
66.249.71.72 - - [23/Jan/2016:07:55:07 +0800] "GET /digiarch_en/content/nav/relationSubject.jsp?relationWords=%E8%87%BA%E4%B8%AD%E5%B7%9E+&oid=1888355 HTTP/1.1" 200 3190
66.249.74.98 - - [23/Jan/2016:07:55:20 +0800] "GET /digiarch_en/content/nav/relationSubject.jsp?relationWords=%E8%87%BA%E4%B8%AD%E5%B7%9E%20&oid=1888355 HTTP/1.1" 200 3190
66.249.74.102 - - [23/Jan/2016:07:56:35 +0800] "GET /content/nav/relationSubject.jsp?relationWords=%E5%8F%B0%E7%81%A3%E5%85%AC%E8%AB%96%20%E5%B0%8F%E7%9F%B3%E5%8E%9F%E5%8B%87%20%E5%B0%8F%E7%9F%B3%E5%8E%9F%E5%8B%87%E4%BF%A1%E5%87%BD%20&oid=2470266 HTTP/1.1" 200 3362
66.249.71.64 - - [23/Jan/2016:07:57:28 +0800] "GET /content/nav/relationSubject.jsp?relationWords=%E6%9F%B3%E8%91%89%E8%8F%9C+%E6%A1%83%E9%87%91%E5%AD%83+%E6%A4%8D%E7%89%A9%E7%95%8C+%E6%B0%B4%E4%B8%81%E9%A6%99%E5%B1%AC+%E7%B4%B0%E8%91%89%E6%B0%B4%E4%B8%81%E9%A6%99+&oid=3825976 HTTP/1.1" 200 3481
66.249.71.60 - - [23/Jan/2016:07:57:31 +0800] "GET /content/nav/relationSubject.jsp?relationWords=%E6%9F%B3%E8%91%89%E8%8F%9C%20%E6%A1%83%E9%87%91%E5%AD%83%20%E6%A4%8D%E7%89%A9%E7%95%8C%20%E6%B0%B4%E4%B8%81%E9%A6%99%E5%B1%AC%20%E7%B4%B0%E8%91%89%E6%B0%B4%E4%B8%81%E9%A6%99%20&oid=3825976 HTTP/1.1" 200 3481
66.249.71.64 - - [23/Jan/2016:08:00:14 +0800] "GET /content/nav/relationSubject.jsp?relationWords=%E5%8F%83%E8%AD%B0%E6%9C%83%20%E5%8F%B0%E7%81%A3%E7%9C%81%20%E6%9C%83%E8%AD%B0%E7%B4%80%E9%8C%84%20%E7%81%A3%E7%9C%81%E6%94%BF%E5%BA%9C%20%E7%B3%A7%E9%A3%9F%E5%A2%9E%E7%94%A2%20%E8%94%A1%E5%A0%AF%E5%B1%B1%20%E8%BE%B2%E6%9E%97%E8%99%95%20%E8%BE%B2%E6%A5%AD%E6%8E%A8%E5%BB%A3%20%E9%99%B3%E5%8C%96%E5%8D%97%20&oid=1518271 HTTP/1.1" 200 5640
66.249.71.113 - - [23/Jan/2016:08:00:52 +0800] "GET /content/nav/relationSubject.jsp?relationWords=%E6%A4%8D%E7%89%A9%E7%95%8C+%E6%BE%A4%E7%80%89+%E6%BE%A4%E7%80%89%E7%A7%91+&oid=3811298 HTTP/1.1" 200 2196
66.249.71.105 - - [23/Jan/2016:08:01:06 +0800] "GET /content/nav/relationSubject.jsp?relationWords=%E6%A4%8D%E7%89%A9%E7%95%8C%20%E6%BE%A4%E7%80%89%20%E6%BE%A4%E7%80%89%E7%A7%91%20&oid=3811298 HTTP/1.1" 200 2196
66.249.71.72 - - [23/Jan/2016:08:01:13 +0800] "GET /content/nav/relationSubject.jsp?relationWords=&oid=16797254 HTTP/1.1" 200 1405
66.249.79.24 - - [23/Jan/2016:08:01:38 +0800] "GET /content/repository/resource_content.jsp?oid=1895030&queryString=%E8%83%A1%E9%81%A9 HTTP/1.1" 200 29638
123.125.71.74 - - [23/Jan/2016:08:03:21 +0800] "GET /digiarch_en/content/subject/resource_content.jsp?oid=16777779&queryType=qc HTTP/1.1" 200 32077
66.249.71.155 - - [23/Jan/2016:08:03:39 +0800] "GET /content/repository/resource_content.jsp?oid=2639523&queryType=qs&queryString=%E5%BC%B5%E6%95%AC HTTP/1.1" 200 30058
66.249.71.60 - - [23/Jan/2016:08:03:56 +0800] "GET /digiarch_en/content/subject/resource_content.jsp?oid=16777612&queryType=qc HTTP/1.1" 200 37883
66.249.71.64 - - [23/Jan/2016:08:04:17 +0800] "GET /content/nav/relationSubject.jsp?relationWords=%E5%A4%A7%E9%B1%97%E5%A4%A7%E7%9C%BC%E9%AF%9B%20&oid=33554852 HTTP/1.1" 200 3426
68.180.228.24 - - [23/Jan/2016:08:04:51 +0800] "GET /digiarch_en/content/repository/resource_content.jsp?oid=524142&queryType=qc HTTP/1.1" 200 33570
66.249.71.60 - - [23/Jan/2016:08:05:51 +0800] "GET /content/repository/resource_content.jsp?oid=1899122 HTTP/1.1" 200 31278
66.249.74.100 - - [23/Jan/2016:08:06:03 +0800] "GET /content/nav/relationSubject.jsp?relationWords=%E7%8E%8B%E5%AE%8B%E7%93%8A%E8%8B%B1%20%E7%99%BD%E4%B8%96%E7%B6%AD%20%E8%B3%AA%E8%A9%A2%20%E8%BB%8A%E7%A6%8D%20&oid=1576600 HTTP/1.1" 200 4092
1.162.218.116 - - [23/Jan/2016:08:06:12 +0800] "GET /content/nav/relationSubject.jsp?relationWords=%E6%B4%8B%E7%8E%89%E8%98%AD+&oid=16777351 HTTP/1.1" 200 3545
66.249.71.72 - - [23/Jan/2016:08:07:35 +0800] "GET /content/repository/resource_content.jsp?oid=1456603&queryString=%E6%A4%8D%E7%89%A9%E7%95%8C%20%E7%99%BD%E8%8A%B1%E5%B0%8F%E8%96%8A%20%E8%8F%8A%E7%A7%91%20%E8%96%8A%E5%B1%AC%20%E9%9B%99%E5%AD%90%E8%91%89%E6%A4%8D%E7%89%A9 HTTP/1.1" 200 31227
66.249.71.155 - - [23/Jan/2016:08:08:02 +0800] "GET /content/repository/resource_content.jsp?oid=2679369&queryString=%E7%96%8F%E9%98%B2 HTTP/1.1" 200 30462
66.249.71.121 - - [23/Jan/2016:08:08:19 +0800] "GET /content/nav/relationSubject.jsp?relationWords=%E4%B8%89%E4%B8%83%E4%BA%94%E7%A7%9F%E7%B4%84+%E4%B8%AD%E5%9F%94+%E4%B8%AD%E5%9F%94%E9%84%89+%E4%BD%8E%E5%88%A9+%E4%BE%BF%E6%B0%91+%E5%85%AC%E7%87%9F%E4%BA%8B%E6%A5%AD+%E5%8F%B0%E7%B3%96+%E5%90%88%E4%BD%9C%E7%A4%BE+%E5%90%88%E4%BD%9C%E9%87%91%E5%BA%AB+%E5%9C%8B%E6%9C%89%E6%9E%97+%E5%9C%B0%E4%B8%8A%E7%89%A9+%E5%B1%B1%E6%9D%91%E9%84%89+%E5%B1%B1%E6%9E%97%E7%AE%A1%E7%90%86%E6%89%80+%E6%88%B6%E7%A8%85+%E6%97%A5%E6%93%9A%E6%99%82%E4%BB%A3+%E6%9E%97%E9%87%8E+%E6%B0%91%E7%87%9F%E4%BC%81%E6%A5%AD+%E7%89%A9%E8%B3%87%E5%B1%80+%E7%94%A2%E6%AC%8A+%E7%9B%A3%E7%8D%84+%E7%AC%A6%E6%B0%91+%E7%B8%A3%E8%AD%B0%E5%93%A1+%E8%81%B7%E6%A5%AD%E5%AD%B8%E6%A0%A1+%E8%87%AA%E4%BE%86%E6%B0%B4%E5%BB%A0+%E8%94%97%E8%BE%B2+%E8%AA%BF%E6%9F%A5%E7%A0%94%E7%A9%B6+%E8%B2%B8%E6%AC%BE+%E8%B3%A3%E6%B8%A1%E5%9C%B0+%E9%80%A0%E6%9E%97+%E9%A0%90%E7%AE%97+%E9%A0%90%E7%AE%97%E5%AF%A9%E6%9F%A5+%E9%BC%93%E5%90%B9+&oid=1541214 HTTP/1.1" 200 5519
66.249.71.105 - - [23/Jan/2016:08:08:22 +0800] "GET /content/nav/relationSubject.jsp?relationWords=%E4%B8%89%E4%B8%83%E4%BA%94%E7%A7%9F%E7%B4%84%20%E4%B8%AD%E5%9F%94%20%E4%B8%AD%E5%9F%94%E9%84%89%20%E4%BD%8E%E5%88%A9%20%E4%BE%BF%E6%B0%91%20%E5%85%AC%E7%87%9F%E4%BA%8B%E6%A5%AD%20%E5%8F%B0%E7%B3%96%20%E5%90%88%E4%BD%9C%E7%A4%BE%20%E5%90%88%E4%BD%9C%E9%87%91%E5%BA%AB%20%E5%9C%8B%E6%9C%89%E6%9E%97%20%E5%9C%B0%E4%B8%8A%E7%89%A9%20%E5%B1%B1%E6%9D%91%E9%84%89%20%E5%B1%B1%E6%9E%97%E7%AE%A1%E7%90%86%E6%89%80%20%E6%88%B6%E7%A8%85%20%E6%97%A5%E6%93%9A%E6%99%82%E4%BB%A3%20%E6%9E%97%E9%87%8E%20%E6%B0%91%E7%87%9F%E4%BC%81%E6%A5%AD%20%E7%89%A9%E8%B3%87%E5%B1%80%20%E7%94%A2%E6%AC%8A%20%E7%9B%A3%E7%8D%84%20%E7%AC%A6%E6%B0%91%20%E7%B8%A3%E8%AD%B0%E5%93%A1%20%E8%81%B7%E6%A5%AD%E5%AD%B8%E6%A0%A1%20%E8%87%AA%E4%BE%86%E6%B0%B4%E5%BB%A0%20%E8%94%97%E8%BE%B2%20%E8%AA%BF%E6%9F%A5%E7%A0%94%E7%A9%B6%20%E8%B2%B8%E6%AC%BE%20%E8%B3%A3%E6%B8%A1%E5%9C%B0%20%E9%80%A0%E6%9E%97%20%E9%A0%90%E7%AE%97%20%E9%A0%90%E7%AE%97%E5%AF%A9%E6%9F%A5%20%E9%BC%93%E5%90%B9%20&oid=1541214 HTTP/1.1" 200 5519
66.249.71.64 - - [23/Jan/2016:08:08:22 +0800] "GET /content/nav/relationSubject.jsp?relationWords=%E4%BA%A4%E9%80%9A%E7%A7%A9%E5%BA%8F+%E4%BA%BA%E6%B0%91%E6%AC%8A%E5%88%A9+%E4%BE%8D%E6%87%89%E7%94%9F+%E5%81%A5%E5%BA%B7%E6%AA%A2%E6%9F%A5+%E5%8F%B0%E7%81%A3%E7%9C%81+%E5%B1%B1%E5%9C%B0%E9%84%89+%E5%BD%88%E8%97%A5+%E6%88%92%E5%9A%B4%E6%99%82%E6%9C%9F+%E6%B5%81%E5%8B%95%E4%BA%BA%E5%8F%A3%E7%99%BB%E8%A8%98+%E6%B5%81%E6%B0%93+%E7%89%8C%E7%85%A7+%E7%8D%B5%E6%A7%8D+%E8%85%B3%E8%B8%8F%E8%BB%8A+%E8%AD%A6%E5%8B%99%E8%99%95+%E8%AD%A6%E6%B0%91%E5%8D%94%E6%9C%83+&oid=1515317 HTTP/1.1" 200 4262
66.249.74.98 - - [23/Jan/2016:08:08:26 +0800] "GET /content/nav/relationSubject.jsp?relationWords=%E4%BA%A4%E9%80%9A%E7%A7%A9%E5%BA%8F%20%E4%BA%BA%E6%B0%91%E6%AC%8A%E5%88%A9%20%E4%BE%8D%E6%87%89%E7%94%9F%20%E5%81%A5%E5%BA%B7%E6%AA%A2%E6%9F%A5%20%E5%8F%B0%E7%81%A3%E7%9C%81%20%E5%B1%B1%E5%9C%B0%E9%84%89%20%E5%BD%88%E8%97%A5%20%E6%88%92%E5%9A%B4%E6%99%82%E6%9C%9F%20%E6%B5%81%E5%8B%95%E4%BA%BA%E5%8F%A3%E7%99%BB%E8%A8%98%20%E6%B5%81%E6%B0%93%20%E7%89%8C%E7%85%A7%20%E7%8D%B5%E6%A7%8D%20%E8%85%B3%E8%B8%8F%E8%BB%8A%20%E8%AD%A6%E5%8B%99%E8%99%95%20%E8%AD%A6%E6%B0%91%E5%8D%94%E6%9C%83%20&oid=1515317 HTTP/1.1" 200 4262
66.249.71.60 - - [23/Jan/2016:08:08:31 +0800] "GET /content/nav/relationSubject.jsp?relationWords=%E5%8A%89%E5%85%8B+%E5%B7%A1%E6%92%AB+%E6%8D%8F%E8%A9%9E+&oid=2631527 HTTP/1.1" 200 3154
66.249.74.98 - - [23/Jan/2016:08:08:32 +0800] "GET /content/nav/relationSubject.jsp?relationWords=%E5%8A%89%E5%85%8B%20%E5%B7%A1%E6%92%AB%20%E6%8D%8F%E8%A9%9E%20&oid=2631527 HTTP/1.1" 200 3154
66.249.77.97 - - [23/Jan/2016:08:09:18 +0800] "GET /content/nav/relationSubject.jsp?relationWords=%E7%9F%AD%E9%B0%AD+&oid=14823 HTTP/1.1" 200 3419
66.249.71.5 - - [23/Jan/2016:08:10:13 +0800] "GET /digiarch3/content/repository/resource_content.jsp?oid=1887748&queryType=qs&queryString=%E6%9D%9C%E9%A6%99%E5%9C%8B HTTP/1.1" 200 29843
66.249.71.72 - - [23/Jan/2016:08:11:15 +0800] "GET /content/subject/resource_content.jsp?oid=16777599&queryString= HTTP/1.1" 200 36977
66.249.71.113 - - [23/Jan/2016:08:11:26 +0800] "GET /content/nav/relationSubject.jsp?relationWords=%E4%BA%BA%E5%90%8D%E6%AC%8A%E5%A8%81+%E7%8E%8B%E9%B4%BB%E5%B9%B4+%E9%84%AD%E9%81%93+&oid=709988 HTTP/1.1" 200 3354
66.249.71.105 - - [23/Jan/2016:08:11:27 +0800] "GET /content/nav/relationSubject.jsp?relationWords=%E4%BA%BA%E5%90%8D%E6%AC%8A%E5%A8%81%20%E7%8E%8B%E9%B4%BB%E5%B9%B4%20%E9%84%AD%E9%81%93%20&oid=709988 HTTP/1.1" 200 3354
66.249.71.72 - - [23/Jan/2016:08:11:55 +0800] "GET /content/nav/relationSubject.jsp?relationWords=%E5%A8%81%E6%B0%8F%E9%90%B5%E8%A7%92%E8%95%A8+%E6%A4%8D%E7%89%A9%E7%95%8C+%E6%B0%B4%E9%BE%8D%E9%AA%A8+%E8%95%A8%E9%A1%9E%E6%A4%8D%E7%89%A9+%E9%90%B5%E8%A7%92%E8%95%A8+%E9%90%B5%E8%A7%92%E8%95%A8%E5%B1%AC+&oid=3814186 HTTP/1.1" 200 3482
66.249.74.98 - - [23/Jan/2016:08:11:57 +0800] "GET /content/nav/relationSubject.jsp?relationWords=%E5%A8%81%E6%B0%8F%E9%90%B5%E8%A7%92%E8%95%A8%20%E6%A4%8D%E7%89%A9%E7%95%8C%20%E6%B0%B4%E9%BE%8D%E9%AA%A8%20%E8%95%A8%E9%A1%9E%E6%A4%8D%E7%89%A9%20%E9%90%B5%E8%A7%92%E8%95%A8%20%E9%90%B5%E8%A7%92%E8%95%A8%E5%B1%AC%20&oid=3814186 HTTP/1.1" 200 3482
66.249.71.23 - - [23/Jan/2016:08:13:29 +0800] "GET /digiarch3/content/nav/relationSubject.jsp?relationWords=%E5%A4%A7%E7%90%86%E7%9F%B3%E8%8A%8B%E8%9E%BA+%E8%85%B9%E8%B6%B3%E7%B6%B1+%E8%8A%8B%E8%9E%BA%E5%B1%AC+%E8%8A%8B%E8%9E%BA%E7%A7%91+&oid=1125159 HTTP/1.1" 200 2634
66.249.71.5 - - [23/Jan/2016:08:13:31 +0800] "GET /digiarch3/content/nav/relationSubject.jsp?relationWords=%E5%A4%A7%E7%90%86%E7%9F%B3%E8%8A%8B%E8%9E%BA%20%E8%85%B9%E8%B6%B3%E7%B6%B1%20%E8%8A%8B%E8%9E%BA%E5%B1%AC%20%E8%8A%8B%E8%9E%BA%E7%A7%91%20&oid=1125159 HTTP/1.1" 200 2634
66.249.71.121 - - [23/Jan/2016:08:14:46 +0800] "GET /content/nav/relationSubject.jsp?relationWords=%E4%BF%9D%E9%9A%AA+%E4%BF%9D%E9%9A%AA%E9%87%91+%E5%BA%9C%E8%BE%B2%E6%BC%81%E5%AD%97+&oid=1615879 HTTP/1.1" 200 5314
36.233.98.50 - - [23/Jan/2016:08:14:48 +0800] "GET /content/subject/resource_content.jsp?oid=16777706 HTTP/1.1" 200 53849
66.249.71.105 - - [23/Jan/2016:08:14:49 +0800] "GET /content/nav/relationSubject.jsp?relationWords=%E4%BF%9D%E9%9A%AA%20%E4%BF%9D%E9%9A%AA%E9%87%91%20%E5%BA%9C%E8%BE%B2%E6%BC%81%E5%AD%97%20&oid=1615879 HTTP/1.1" 200 5314
66.249.74.100 - - [23/Jan/2016:08:14:57 +0800] "GET /content/repository/resource_content.jsp?oid=185567&queryString=%E5%B1%B1%E6%9D%B1%E7%9C%81%E5%9C%96%20%E8%BE%9B%E5%AE%89 HTTP/1.1" 200 30546
66.249.71.164 - - [23/Jan/2016:08:16:10 +0800] "GET /content/nav/relationSubject.jsp?relationWords=%E5%90%8F%E9%83%A8+&oid=2666760 HTTP/1.1" 200 3101
66.249.71.60 - - [23/Jan/2016:08:16:19 +0800] "GET /content/nav/relationSubject.jsp?relationWords=%E7%81%B0%E7%9B%B2%E6%A2%9D%E9%AD%9A+%E8%99%8E%E7%A7%91+%E9%B0%BB%E5%BD%A2+&oid=16749 HTTP/1.1" 200 3354
66.249.74.102 - - [23/Jan/2016:08:16:49 +0800] "GET /content/nav/relationSubject.jsp?relationWords=%E4%B9%9D%E5%AD%94+%E5%AE%9A%E4%BF%9D+%E6%B5%B7%E6%B4%8B%E7%89%A7%E5%A0%B4+%E7%8E%B3%E7%91%81+%E9%BE%8D%E8%9D%A6+&oid=1632638 HTTP/1.1" 200 3666
66.249.71.60 - - [23/Jan/2016:08:16:51 +0800] "GET /content/nav/relationSubject.jsp?relationWords=%E4%B9%9D%E5%AD%94%20%E5%AE%9A%E4%BF%9D%20%E6%B5%B7%E6%B4%8B%E7%89%A7%E5%A0%B4%20%E7%8E%B3%E7%91%81%20%E9%BE%8D%E8%9D%A6%20&oid=1632638 HTTP/1.1" 200 3666
66.249.71.60 - - [23/Jan/2016:08:17:08 +0800] "GET /content/nav/relationSubject.jsp?relationWords=%E5%8F%B0%E7%81%A3%E7%9C%81+%E5%90%8C%E6%A5%AD%E5%85%AC%E6%9C%83+%E6%9D%8E%E5%8D%A0%E6%98%A5+%E7%83%8F%E6%97%A5+&oid=1518088 HTTP/1.1" 200 5558
66.249.71.60 - - [23/Jan/2016:08:17:10 +0800] "GET /content/nav/relationSubject.jsp?relationWords=%E5%8F%B0%E7%81%A3%E7%9C%81%20%E5%90%8C%E6%A5%AD%E5%85%AC%E6%9C%83%20%E6%9D%8E%E5%8D%A0%E6%98%A5%20%E7%83%8F%E6%97%A5%20&oid=1518088 HTTP/1.1" 200 5558
66.249.71.60 - - [23/Jan/2016:08:17:39 +0800] "GET /content/nav/relationSubject.jsp?relationWords=%E5%8D%9C%E8%BE%AD%E6%AE%98%E7%89%87+%E7%8D%B8%E9%AA%A8%E5%8D%9C%E8%BE%AD+&oid=1843859 HTTP/1.1" 200 3118
66.249.71.60 - - [23/Jan/2016:08:17:40 +0800] "GET /content/nav/relationSubject.jsp?relationWords=%E5%8D%9C%E8%BE%AD%E6%AE%98%E7%89%87%20%E7%8D%B8%E9%AA%A8%E5%8D%9C%E8%BE%AD%20&oid=1843859 HTTP/1.1" 200 3118
66.249.74.61 - - [23/Jan/2016:08:18:42 +0800] "GET /content/repository/resource_content.jsp?oid=2641370&queryType=qs&queryString=%E5%AE%9C%E6%98%A5%E7%B8%A3 HTTP/1.1" 200 29863
66.249.79.27 - - [23/Jan/2016:08:18:58 +0800] "GET /content/nav/relationSubject.jsp?relationWords=%E5%BC%B5%E7%84%B1%E7%94%9F%20%E5%BD%B0%E5%8C%96%E9%8A%80%E8%A1%8C%20%E6%9D%9C%E9%A6%99%E5%9C%8B%20&oid=1887808 HTTP/1.1" 200 3222
68.180.228.24 - - [23/Jan/2016:08:19:14 +0800] "GET /content/subject/resource_content.jsp?oid=16777398&queryType=qc HTTP/1.1" 200 28953
66.249.71.64 - - [23/Jan/2016:08:20:44 +0800] "GET /content/nav/relationSubject.jsp?relationWords=%E5%A5%B3%E5%B7%AB%E8%85%B0%E5%B8%B6+&oid=1780841 HTTP/1.1" 200 2165
66.249.71.60 - - [23/Jan/2016:08:20:50 +0800] "GET /content/nav/relationSubject.jsp?relationWords=%E5%A5%B3%E5%B7%AB%E8%85%B0%E5%B8%B6%20&oid=1780841 HTTP/1.1" 200 2165
66.249.74.98 - - [23/Jan/2016:08:21:07 +0800] "GET /content/nav/relationSubject.jsp?relationWords=%E6%A2%A7%E6%A1%90%E7%A7%91+%E6%A2%AD%E7%BE%85+%E6%A2%AD%E7%BE%85%E6%9C%A8%E5%B1%AC+%E6%A4%8D%E7%89%A9%E7%95%8C+%E9%8C%A6%E8%91%B5+&oid=3814000 HTTP/1.1" 200 3311
66.249.71.60 - - [23/Jan/2016:08:21:10 +0800] "GET /content/nav/relationSubject.jsp?relationWords=%E6%A2%A7%E6%A1%90%E7%A7%91%20%E6%A2%AD%E7%BE%85%20%E6%A2%AD%E7%BE%85%E6%9C%A8%E5%B1%AC%20%E6%A4%8D%E7%89%A9%E7%95%8C%20%E9%8C%A6%E8%91%B5%20&oid=3814000 HTTP/1.1" 200 3311
66.249.71.60 - - [23/Jan/2016:08:21:27 +0800] "GET /content/nav/relationSubject.jsp?relationWords=%E8%81%96%E7%A5%96%E4%BB%81+&oid=2536601 HTTP/1.1" 200 2745
66.249.71.60 - - [23/Jan/2016:08:21:29 +0800] "GET /content/nav/relationSubject.jsp?relationWords=%E8%81%96%E7%A5%96%E4%BB%81%20&oid=2536601 HTTP/1.1" 200 2745
66.249.71.105 - - [23/Jan/2016:08:22:21 +0800] "GET /content/repository/resource_content.jsp?oid=1832399&queryType=qs&queryString=%E6%BC%81%E5%A4%AB HTTP/1.1" 200 34642
66.249.74.72 - - [23/Jan/2016:08:23:29 +0800] "GET /digiarch3/content/pictures/picture_content.jsp?oid=33554971&classify=2260 HTTP/1.1" 200 27401
66.249.71.64 - - [23/Jan/2016:08:23:29 +0800] "GET /content/nav/relationSubject.jsp?relationWords=%E9%BE%9C%E7%94%B2%E5%8D%9C%E8%BE%AD%E6%AE%98%E7%89%87+&oid=1835489 HTTP/1.1" 200 3071
66.249.71.60 - - [23/Jan/2016:08:23:32 +0800] "GET /content/nav/relationSubject.jsp?relationWords=%E9%BE%9C%E7%94%B2%E5%8D%9C%E8%BE%AD%E6%AE%98%E7%89%87%20&oid=1835489 HTTP/1.1" 200 3071
207.46.13.16 - - [23/Jan/2016:08:24:14 +0800] "GET /content/repository/resource_content.jsp?oid=1105327 HTTP/1.1" 200 31315
66.249.71.64 - - [23/Jan/2016:08:24:14 +0800] "GET /content/nav/relationSubject.jsp?relationWords=%E5%AD%90%E5%BD%88%E7%9F%B3%E6%AB%9F%20%E6%9F%AF%E5%B1%AC%20%E6%A4%8D%E7%89%A9%E7%95%8C%20%E6%AE%BC%E6%96%97%E7%A7%91%20&oid=1457092 HTTP/1.1" 200 3380
66.249.71.64 - - [23/Jan/2016:08:25:20 +0800] "GET /digiarch_en/content/nav/relationSubject.jsp?relationWords=%E6%B5%B7%E9%B0%97%E9%B0%8D+%E9%BA%A5%E6%B0%8F%E7%8A%80%E9%B1%88+&oid=14604 HTTP/1.1" 200 3364
66.249.71.60 - - [23/Jan/2016:08:25:22 +0800] "GET /digiarch_en/content/nav/relationSubject.jsp?relationWords=%E6%B5%B7%E9%B0%97%E9%B0%8D%20%E9%BA%A5%E6%B0%8F%E7%8A%80%E9%B1%88%20&oid=14604 HTTP/1.1" 200 3364
66.249.71.113 - - [23/Jan/2016:08:26:03 +0800] "GET /content/repository/resource_content.jsp?oid=2664845&queryType=qs&queryString=%E5%AF%B6%E5%9D%BB%E7%B8%A3 HTTP/1.1" 200 30116
66.249.71.64 - - [23/Jan/2016:08:28:03 +0800] "GET /content/nav/relationSubject.jsp?relationWords=%E5%A4%A7%E8%8D%8A+%E9%8A%80%E5%85%A9+&oid=2554726 HTTP/1.1" 200 5400
66.249.71.60 - - [23/Jan/2016:08:28:08 +0800] "GET /content/nav/relationSubject.jsp?relationWords=%E5%A4%A7%E8%8D%8A%20%E9%8A%80%E5%85%A9%20&oid=2554726 HTTP/1.1" 200 5400
66.249.71.60 - - [23/Jan/2016:08:28:35 +0800] "GET /content/nav/relationSubject.jsp?relationWords=%E5%9C%B0%E5%BD%A2%E5%9C%96+&oid=219875 HTTP/1.1" 200 3046
66.249.71.60 - - [23/Jan/2016:08:28:37 +0800] "GET /content/nav/relationSubject.jsp?relationWords=%E5%9C%B0%E5%BD%A2%E5%9C%96%20&oid=219875 HTTP/1.1" 200 3046
220.181.108.115 - - [23/Jan/2016:08:28:58 +0800] "GET /content/tmp_tec/resource_content.jsp?oid=16777719 HTTP/1.1" 200 35274
66.249.71.72 - - [23/Jan/2016:08:29:46 +0800] "GET /content/repository/resource_content.jsp?oid=289897 HTTP/1.1" 200 29369
66.249.71.173 - - [23/Jan/2016:08:29:52 +0800] "GET /content/repository/resource_content.jsp?oid=2682934&queryString=%E7%A6%AE%E9%83%A8 HTTP/1.1" 200 30247
66.249.71.60 - - [23/Jan/2016:08:31:13 +0800] "GET /content/nav/relationSubject.jsp?relationWords=%E5%B1%B1%E6%A2%97%E8%8F%9C%E5%B1%AC+&oid=1113078 HTTP/1.1" 200 2947
66.249.71.60 - - [23/Jan/2016:08:31:15 +0800] "GET /content/nav/relationSubject.jsp?relationWords=%E5%B1%B1%E6%A2%97%E8%8F%9C%E5%B1%AC%20&oid=1113078 HTTP/1.1" 200 2947
66.249.71.155 - - [23/Jan/2016:08:31:41 +0800] "GET /content/nav/relationSubject.jsp?relationWords=%E7%B3%A7%E7%9F%B3%20&oid=2668108 HTTP/1.1" 200 3090
66.249.71.60 - - [23/Jan/2016:08:32:04 +0800] "GET /content/repository/resource_content.jsp?oid=1814140 HTTP/1.1" 200 28876
66.249.71.113 - - [23/Jan/2016:08:33:32 +0800] "GET /content/repository/resource_content.jsp?oid=2671059&queryType=qs&queryString=%E7%AB%A5%E8%A9%A6 HTTP/1.1" 200 29872
66.249.71.72 - - [23/Jan/2016:08:33:42 +0800] "GET /content/nav/relationSubject.jsp?relationWords=%E5%8F%B0%E7%81%A3%E9%A6%99%E6%AA%AC+%E6%9F%91%E6%A9%98%E5%B1%AC+%E6%A4%8D%E7%89%A9%E7%95%8C+%E8%8A%B8%E9%A6%99+%E8%8A%B8%E9%A6%99%E7%A7%91+&oid=3811549 HTTP/1.1" 200 2986
66.249.74.72 - - [23/Jan/2016:08:33:54 +0800] "GET /digiarch3/content/nav/relationSubject.jsp?relationWords=%E5%8D%8A%E9%82%8A%E9%AD%9A%20%E6%89%81%E9%AD%9A%20%E6%AF%94%E7%9B%AE%E9%AD%9A%20%E7%9A%87%E5%B8%9D%E9%AD%9A%20&oid=4353648 HTTP/1.1" 200 3600
66.249.71.113 - - [23/Jan/2016:08:33:55 +0800] "GET /content/nav/relationSubject.jsp?relationWords=&oid=4450626 HTTP/1.1" 200 1405
66.249.71.173 - - [23/Jan/2016:08:34:15 +0800] "GET /content/repository/resource_content.jsp?oid=15845&queryType=qs&queryString=%E9%9D%92%E8%A1%A3 HTTP/1.1" 200 34130
66.249.71.72 - - [23/Jan/2016:08:34:41 +0800] "GET /content/nav/relationSubject.jsp?relationWords=%E4%B8%AD%E9%90%98%20%E5%85%AE%E4%BB%B2%E4%BD%9C%E5%B7%B1%E4%BC%AF%E9%90%98%20%E5%85%AE%E4%BB%B2%E9%90%98%20%E7%9A%87%E8%80%83%20%E9%A1%8C%E8%A8%98%20&oid=1823453 HTTP/1.1" 200 5046
66.249.71.121 - - [23/Jan/2016:08:34:49 +0800] "GET /content/nav/relationSubject.jsp?relationWords=%E5%90%B3%E7%99%BE%E5%B7%9D+%E6%9D%9C%E9%A6%99%E5%9C%8B+&oid=1887830 HTTP/1.1" 200 3157
66.249.71.105 - - [23/Jan/2016:08:34:51 +0800] "GET /content/nav/relationSubject.jsp?relationWords=%E5%90%B3%E7%99%BE%E5%B7%9D%20%E6%9D%9C%E9%A6%99%E5%9C%8B%20&oid=1887830 HTTP/1.1" 200 3157
66.249.71.72 - - [23/Jan/2016:08:34:56 +0800] "GET /content/nav/relationSubject.jsp?relationWords=%E4%B8%8A%E8%AA%B2%20%E4%B8%AD%E5%A4%AE%E5%9C%96%E6%9B%B8%E9%A4%A8%20%E5%9C%8B%E6%A0%A1%20%E5%9C%8B%E6%B0%91%E6%95%99%E8%82%B2%20%E5%B0%88%E7%A7%91%20%E5%B8%AB%E7%AF%84%E5%AD%B8%E6%A0%A1%20%E6%95%99%E8%82%B2%E4%BA%BA%E5%93%A1%20%E6%95%99%E8%82%B2%E5%BB%B3%20%E6%95%99%E8%82%B2%E8%A1%8C%E6%94%BF%20%E7%A4%BE%E6%9C%83%E4%B8%AD%E5%BF%83%20%E7%B6%93%E8%B2%BB%E4%B8%8D%E8%B6%B3%20%E8%81%B7%E6%A0%A1%20%E8%81%B7%E6%A5%AD%E5%AD%B8%E6%A0%A1%20%E8%81%B7%E6%A5%AD%E6%95%99%E8%82%B2%20%E8%87%BA%E5%8D%97%E5%B7%A5%E5%AD%B8%E9%99%A2%20%E8%87%BA%E7%81%A3%E5%A4%A7%E5%AD%B8%20%E9%A0%90%E7%AE%97%20&oid=1540184 HTTP/1.1" 200 8054
66.249.71.155 - - [23/Jan/2016:08:35:25 +0800] "GET /content/nav/relationSubject.jsp?relationWords=&oid=2679369 HTTP/1.1" 200 1405
66.249.71.121 - - [23/Jan/2016:08:36:27 +0800] "GET /content/nav/relationSubject.jsp?relationWords=%E7%A5%9E%E7%A4%BE+%E9%9D%96%E5%9C%8B+&oid=4488315 HTTP/1.1" 200 3559
66.249.71.105 - - [23/Jan/2016:08:36:29 +0800] "GET /content/nav/relationSubject.jsp?relationWords=%E7%A5%9E%E7%A4%BE%20%E9%9D%96%E5%9C%8B%20&oid=4488315 HTTP/1.1" 200 3559
66.249.71.72 - - [23/Jan/2016:08:37:01 +0800] "GET /content/nav/relationSubject.jsp?relationWords=%E6%A4%8D%E7%89%A9%E7%95%8C%20%E7%89%9B%E7%9A%AE%E6%B6%88%20%E7%89%9B%E7%9A%AE%E6%B6%88%E5%B1%AC%20%E7%99%BD%E8%96%87%20%E8%98%BF%E8%97%A6%E7%A7%91%20%E9%BE%8D%E8%86%BD%20&oid=1096748 HTTP/1.1" 200 3651
207.46.13.15 - - [23/Jan/2016:08:37:09 +0800] "GET /content/repository/resource_content.jsp?oid=2673790 HTTP/1.1" 200 29437
66.249.74.59 - - [23/Jan/2016:08:37:15 +0800] "GET /content/repository/resource_content.jsp?oid=2470461&queryType=qs&queryString=%E6%96%87%E9%83%A8%E7%9C%81 HTTP/1.1" 200 30340
66.249.71.60 - - [23/Jan/2016:08:37:15 +0800] "GET /content/nav/relationSubject.jsp?relationWords=%E6%9D%9C%E9%B5%91%E8%8A%B1+%E6%9D%9C%E9%B5%91%E8%8A%B1%E7%A7%91+%E6%A4%8D%E7%89%A9%E7%95%8C+%E6%AF%9B%E8%95%8A%E8%8A%B1+%E8%B6%8A%E6%A9%98%E5%B1%AC+&oid=1459564 HTTP/1.1" 200 4745
66.249.71.60 - - [23/Jan/2016:08:37:16 +0800] "GET /content/nav/relationSubject.jsp?relationWords=%E6%9D%9C%E9%B5%91%E8%8A%B1%20%E6%9D%9C%E9%B5%91%E8%8A%B1%E7%A7%91%20%E6%A4%8D%E7%89%A9%E7%95%8C%20%E6%AF%9B%E8%95%8A%E8%8A%B1%20%E8%B6%8A%E6%A9%98%E5%B1%AC%20&oid=1459564 HTTP/1.1" 200 4745
66.249.71.64 - - [23/Jan/2016:08:38:37 +0800] "GET /content/repository/resource_content.jsp?oid=2147322&queryString=%E5%88%80%E8%B1%86%E5%B1%AC%20%E5%B0%8F%E6%9E%9C%E5%88%80%E8%B1%86%20%E6%A4%8D%E7%89%A9%E7%95%8C%20%E8%A0%B6%E8%B1%86%20%E9%9B%99%E5%AD%90%E8%91%89%E6%A4%8D%E7%89%A9 HTTP/1.1" 200 31247
66.249.71.72 - - [23/Jan/2016:08:39:18 +0800] "GET /content/nav/relationSubject.jsp?relationWords=&oid=2593409 HTTP/1.1" 200 1405
66.249.71.164 - - [23/Jan/2016:08:39:19 +0800] "GET /content/repository/resource_content.jsp?oid=2635758&queryType=qs&queryString=%E8%88%88%E7%BE%A9%E7%B8%A3 HTTP/1.1" 200 30084
123.125.71.57 - - [23/Jan/2016:08:39:31 +0800] "GET /content/repository/resource_content.jsp?oid=1857277 HTTP/1.1" 200 28389
66.249.71.60 - - [23/Jan/2016:08:40:22 +0800] "GET /content/nav/relationSubject.jsp?relationWords=%E6%94%B6%E7%9B%8A%E6%A1%88+%E6%B0%B4%E8%80%95+%E6%BD%AE%E6%B1%90+%E9%AD%9A%E5%A1%AD+&oid=1597477 HTTP/1.1" 200 3777
66.249.71.60 - - [23/Jan/2016:08:40:24 +0800] "GET /content/nav/relationSubject.jsp?relationWords=%E6%94%B6%E7%9B%8A%E6%A1%88%20%E6%B0%B4%E8%80%95%20%E6%BD%AE%E6%B1%90%20%E9%AD%9A%E5%A1%AD%20&oid=1597477 HTTP/1.1" 200 3777
66.249.74.102 - - [23/Jan/2016:08:40:59 +0800] "GET /content/repository/resource_content.jsp?oid=3355551&queryString=%E4%B8%94%E8%BE%9B HTTP/1.1" 200 29690
66.249.71.64 - - [23/Jan/2016:08:42:09 +0800] "GET /content/nav/relationSubject.jsp?relationWords=%E5%88%91%E9%83%A8+%E8%A0%B9%E5%BD%B9+&oid=2674824 HTTP/1.1" 200 3130
66.249.71.60 - - [23/Jan/2016:08:42:10 +0800] "GET /content/nav/relationSubject.jsp?relationWords=%E5%88%91%E9%83%A8%20%E8%A0%B9%E5%BD%B9%20&oid=2674824 HTTP/1.1" 200 3130
68.180.228.24 - - [23/Jan/2016:08:43:29 +0800] "GET /content/subject/resource_content.jsp?oid=16777492&queryType=qc HTTP/1.1" 200 35491
66.249.71.72 - - [23/Jan/2016:08:44:20 +0800] "GET /content/nav/relationSubject.jsp?relationWords=%E6%A5%9A%E5%85%AC%E5%AE%B6%E9%90%98+&oid=1823406 HTTP/1.1" 200 3261
66.249.71.60 - - [23/Jan/2016:08:44:26 +0800] "GET /content/nav/relationSubject.jsp?relationWords=%E6%9F%83%E6%9C%A8%E5%B1%AC+%E6%A4%8D%E7%89%A9%E7%95%8C+%E8%96%84%E8%91%89%E6%9F%83%E6%9C%A8+&oid=3814505 HTTP/1.1" 200 3261
66.249.71.60 - - [23/Jan/2016:08:44:28 +0800] "GET /content/nav/relationSubject.jsp?relationWords=%E6%9F%83%E6%9C%A8%E5%B1%AC%20%E6%A4%8D%E7%89%A9%E7%95%8C%20%E8%96%84%E8%91%89%E6%9F%83%E6%9C%A8%20&oid=3814505 HTTP/1.1" 200 3261
66.249.71.121 - - [23/Jan/2016:08:44:46 +0800] "GET /content/repository/resource_content.jsp?oid=1542120&queryType=qs&queryString=%E5%AF%84%E5%AD%98 HTTP/1.1" 200 29431
66.249.71.60 - - [23/Jan/2016:08:45:10 +0800] "GET /content/repository/resource_content.jsp?oid=1843531 HTTP/1.1" 200 28836
66.249.71.164 - - [23/Jan/2016:08:48:02 +0800] "GET /content/nav/relationSubject.jsp?relationWords=%E5%8D%87%E7%BD%B2+%E6%87%87%E6%81%A9+&oid=2679479 HTTP/1.1" 200 4487
66.249.71.155 - - [23/Jan/2016:08:48:03 +0800] "GET /content/nav/relationSubject.jsp?relationWords=%E5%8D%87%E7%BD%B2%20%E6%87%87%E6%81%A9%20&oid=2679479 HTTP/1.1" 200 4487
66.249.71.64 - - [23/Jan/2016:08:48:32 +0800] "GET /content/repository/resource_content.jsp?oid=2571925 HTTP/1.1" 200 28870
66.249.71.60 - - [23/Jan/2016:08:48:50 +0800] "GET /content/nav/relationSubject.jsp?relationWords=%E5%B1%B1%E6%9C%88%E6%A1%83+%E6%9C%88%E6%A1%83%E5%B1%AC+&oid=2142741 HTTP/1.1" 200 3315
66.249.71.60 - - [23/Jan/2016:08:48:51 +0800] "GET /content/nav/relationSubject.jsp?relationWords=%E5%B1%B1%E6%9C%88%E6%A1%83%20%E6%9C%88%E6%A1%83%E5%B1%AC%20&oid=2142741 HTTP/1.1" 200 3315
66.249.71.64 - - [23/Jan/2016:08:49:32 +0800] "GET /content/repository/resource_content.jsp?oid=1781993 HTTP/1.1" 200 28323
66.249.71.60 - - [23/Jan/2016:08:49:42 +0800] "GET /content/nav/relationSubject.jsp?relationWords=%E5%9C%8B%E9%80%9A+&oid=791712 HTTP/1.1" 200 3152
66.249.71.60 - - [23/Jan/2016:08:49:46 +0800] "GET /content/nav/relationSubject.jsp?relationWords=%E5%9C%8B%E9%80%9A%20&oid=791712 HTTP/1.1" 200 3152
68.180.228.24 - - [23/Jan/2016:08:50:07 +0800] "GET /content/pictures/picture_content.jsp?oid=33554798&queryType=qc HTTP/1.1" 200 27826
66.249.71.60 - - [23/Jan/2016:08:50:27 +0800] "GET /content/nav/relationSubject.jsp?relationWords=%E4%BC%AF%E9%A0%B5%E7%88%B6%E9%BC%8E+&oid=1821376 HTTP/1.1" 200 3174
66.249.71.60 - - [23/Jan/2016:08:50:30 +0800] "GET /content/nav/relationSubject.jsp?relationWords=%E4%BC%AF%E9%A0%B5%E7%88%B6%E9%BC%8E%20&oid=1821376 HTTP/1.1" 200 3174
66.249.71.60 - - [23/Jan/2016:08:50:33 +0800] "GET /content/nav/relationSubject.jsp?relationWords=%E4%BD%9C%E7%88%B6%E5%B7%B1%E9%BC%8E+&oid=1813641 HTTP/1.1" 200 3191
66.249.71.60 - - [23/Jan/2016:08:50:37 +0800] "GET /content/nav/relationSubject.jsp?relationWords=%E4%BD%9C%E7%88%B6%E5%B7%B1%E9%BC%8E%20&oid=1813641 HTTP/1.1" 200 3191
66.249.71.60 - - [23/Jan/2016:08:50:46 +0800] "GET /content/nav/relationSubject.jsp?relationWords=%E5%BB%82%E7%B4%85%E6%97%97+%E6%94%BE%E9%8A%9C%E5%90%8D+&oid=2651299 HTTP/1.1" 200 3140
66.249.71.60 - - [23/Jan/2016:08:50:48 +0800] "GET /content/nav/relationSubject.jsp?relationWords=%E5%BB%82%E7%B4%85%E6%97%97%20%E6%94%BE%E9%8A%9C%E5%90%8D%20&oid=2651299 HTTP/1.1" 200 3140
66.249.74.98 - - [23/Jan/2016:08:51:24 +0800] "GET /content/nav/relationSubject.jsp?relationWords=%E6%A4%8D%E7%89%A9%E7%95%8C+%E6%A7%8D%E5%88%80%E8%8F%9C+%E6%A7%8D%E5%88%80%E8%8F%9C%E5%B1%AC+%E7%88%B5%E5%BA%8A%E7%A7%91+%E7%8E%84%E5%8F%83+&oid=1104051 HTTP/1.1" 200 3438
66.249.71.60 - - [23/Jan/2016:08:51:28 +0800] "GET /content/nav/relationSubject.jsp?relationWords=%E6%A4%8D%E7%89%A9%E7%95%8C%20%E6%A7%8D%E5%88%80%E8%8F%9C%20%E6%A7%8D%E5%88%80%E8%8F%9C%E5%B1%AC%20%E7%88%B5%E5%BA%8A%E7%A7%91%20%E7%8E%84%E5%8F%83%20&oid=1104051 HTTP/1.1" 200 3438
66.249.74.98 - - [23/Jan/2016:08:51:47 +0800] "GET /content/nav/relationSubject.jsp?relationWords=%E6%9F%B3%E8%91%89%E7%AE%AC%E5%B1%AC+%E7%99%BD%E8%8A%B1%E6%9F%B3%E8%91%89%E7%AE%AC+&oid=1113734 HTTP/1.1" 200 3237
66.249.71.60 - - [23/Jan/2016:08:51:49 +0800] "GET /content/nav/relationSubject.jsp?relationWords=%E6%9F%B3%E8%91%89%E7%AE%AC%E5%B1%AC%20%E7%99%BD%E8%8A%B1%E6%9F%B3%E8%91%89%E7%AE%AC%20&oid=1113734 HTTP/1.1" 200 3237
66.249.71.121 - - [23/Jan/2016:08:52:23 +0800] "GET /content/repository/resource_content.jsp?oid=2679416&queryType=qs&queryString=%E5%A5%8F%E4%BF%9D HTTP/1.1" 200 30086
68.180.228.24 - - [23/Jan/2016:08:52:47 +0800] "GET /content/pictures/picture_content.jsp?oid=33554814 HTTP/1.1" 200 27631
66.249.71.14 - - [23/Jan/2016:08:52:52 +0800] "GET /digiarch3/content/nav/relationSubject.jsp?relationWords=%E5%B1%B1%E8%8C%B6%E8%8A%B1+%E6%9B%BC%E9%99%80%E7%BE%85%E8%8A%B1+&oid=16777448 HTTP/1.1" 200 1894
66.249.71.60 - - [23/Jan/2016:08:52:54 +0800] "GET /content/nav/relationSubject.jsp?relationWords=%E5%8D%83%E9%87%8C%E5%85%89+%E6%A4%8D%E7%89%A9%E7%95%8C+%E8%8F%8A%E7%A7%91+%E8%94%93%E9%BB%83%E8%8F%80+%E9%9B%99%E5%AD%90%E8%91%89%E6%A4%8D%E7%89%A9+%E9%BB%83%E8%8F%80%E5%B1%AC+&oid=1105825 HTTP/1.1" 200 3454
66.249.71.60 - - [23/Jan/2016:08:53:37 +0800] "GET /content/nav/relationSubject.jsp?relationWords=%E5%A4%A7%E9%A0%AD%E8%89%BE%E7%B4%8D%E9%A6%99+%E6%A4%8D%E7%89%A9%E7%95%8C+%E8%89%BE%E7%B4%8D%E9%A6%99%E5%B1%AC+%E8%8F%8A%E7%A7%91+%E9%9B%99%E5%AD%90%E8%91%89%E6%A4%8D%E7%89%A9+&oid=1103785 HTTP/1.1" 200 3530
66.249.71.60 - - [23/Jan/2016:08:53:39 +0800] "GET /content/nav/relationSubject.jsp?relationWords=%E5%A4%A7%E9%A0%AD%E8%89%BE%E7%B4%8D%E9%A6%99%20%E6%A4%8D%E7%89%A9%E7%95%8C%20%E8%89%BE%E7%B4%8D%E9%A6%99%E5%B1%AC%20%E8%8F%8A%E7%A7%91%20%E9%9B%99%E5%AD%90%E8%91%89%E6%A4%8D%E7%89%A9%20&oid=1103785 HTTP/1.1" 200 3530
66.249.71.5 - - [23/Jan/2016:08:53:54 +0800] "GET /digiarch3/content/repository/resource_content.jsp?oid=15872&queryType=qs&queryString=%E6%9D%B1%E5%8A%A0 HTTP/1.1" 200 35421
66.249.71.121 - - [23/Jan/2016:08:54:41 +0800] "GET /content/nav/relationSubject.jsp?relationWords=%E7%BE%88%E6%8A%BC+%E8%B2%AA%E6%B1%A1%E7%80%86%E8%81%B7+%E9%AB%98%E7%AD%89%E6%B3%95%E9%99%A2+&oid=1516105 HTTP/1.1" 200 5139
66.249.71.105 - - [23/Jan/2016:08:54:43 +0800] "GET /content/nav/relationSubject.jsp?relationWords=%E7%BE%88%E6%8A%BC%20%E8%B2%AA%E6%B1%A1%E7%80%86%E8%81%B7%20%E9%AB%98%E7%AD%89%E6%B3%95%E9%99%A2%20&oid=1516105 HTTP/1.1" 200 5139
66.249.71.72 - - [23/Jan/2016:08:56:04 +0800] "GET /content/repository/resource_content.jsp?oid=230028 HTTP/1.1" 200 30123
66.249.71.14 - - [23/Jan/2016:08:56:05 +0800] "GET /digiarch3/content/subject/resource_content.jsp?oid=16777275&queryType=qs&queryString=%E7%B4%80%E5%BF%B5%E9%A4%A8 HTTP/1.1" 200 34175
66.249.74.59 - - [23/Jan/2016:08:56:49 +0800] "GET /content/nav/relationSubject.jsp?relationWords=%E5%9C%8B%E5%8A%9B+%E7%A4%BE%E6%9C%83%E8%99%95+&oid=1538914 HTTP/1.1" 200 5905
66.249.71.105 - - [23/Jan/2016:08:57:05 +0800] "GET /content/nav/relationSubject.jsp?relationWords=%E5%9C%8B%E5%8A%9B%20%E7%A4%BE%E6%9C%83%E8%99%95%20&oid=1538914 HTTP/1.1" 200 5905
66.249.74.76 - - [23/Jan/2016:08:58:17 +0800] "GET /content/repository/resource_content.jsp?oid=1893703&queryType=qs&queryString=%E5%91%A8%E6%B8%85%E7%8E%89 HTTP/1.1" 200 29065
66.249.77.91 - - [23/Jan/2016:08:58:52 +0800] "GET /content/nav/relationSubject.jsp?relationWords=&oid=2645206 HTTP/1.1" 200 1405
66.249.74.72 - - [23/Jan/2016:08:59:42 +0800] "GET /content/nav/relationSubject.jsp?relationWords=%E4%B8%AD%E8%88%88%E5%A4%A7%E5%AD%B8+%E5%B8%AB%E7%AF%84%E5%A4%A7%E5%AD%B8+%E6%88%90%E5%8A%9F%E5%A4%A7%E5%AD%B8+%E8%87%BA%E7%81%A3%E7%9C%81%E8%AD%B0%E6%9C%83+&oid=1894799 HTTP/1.1" 200 4277
66.249.74.74 - - [23/Jan/2016:08:59:45 +0800] "GET /content/nav/relationSubject.jsp?relationWords=%E4%B8%AD%E8%88%88%E5%A4%A7%E5%AD%B8%20%E5%B8%AB%E7%AF%84%E5%A4%A7%E5%AD%B8%20%E6%88%90%E5%8A%9F%E5%A4%A7%E5%AD%B8%20%E8%87%BA%E7%81%A3%E7%9C%81%E8%AD%B0%E6%9C%83%20&oid=1894799 HTTP/1.1" 200 4277
220.181.108.97 - - [23/Jan/2016:09:00:44 +0800] "GET /content/subject/resource_content.jsp?oid=16777715&queryType=qc HTTP/1.1" 200 34768
68.180.228.24 - - [23/Jan/2016:09:01:01 +0800] "GET /content/subject/resource_content.jsp?oid=16777621&queryType=qc HTTP/1.1" 200 35774
66.249.71.105 - - [23/Jan/2016:09:02:39 +0800] "GET /content/repository/resource_content.jsp?oid=1779918&queryType=qs&queryString=%E7%AE%95%E6%A8%A1%E4%BA%BA HTTP/1.1" 200 29409
66.249.71.60 - - [23/Jan/2016:09:02:55 +0800] "GET /digiarch_en/content/nav/relationSubject.jsp?relationWords=%E4%B8%8A%E8%AB%AD%E4%BA%8B+%E5%AE%97%E4%BA%BA%E5%BA%9C+&oid=2683513 HTTP/1.1" 200 3073
66.249.71.60 - - [23/Jan/2016:09:02:57 +0800] "GET /digiarch_en/content/nav/relationSubject.jsp?relationWords=%E4%B8%8A%E8%AB%AD%E4%BA%8B%20%E5%AE%97%E4%BA%BA%E5%BA%9C%20&oid=2683513 HTTP/1.1" 200 3073
66.249.71.60 - - [23/Jan/2016:09:03:30 +0800] "GET /content/nav/relationSubject.jsp?relationWords=%E7%B6%B2%E7%B4%8B%E9%B8%9A%E5%98%B4%E9%AD%9A+%E8%A0%94%E9%AD%9A+%E9%9D%92%E8%A1%AB+%E9%B8%9A%E5%93%A5+%E9%B8%9A%E5%93%A5%E9%AD%9A+%E9%BB%83%E9%B8%9A%E5%93%A5%E9%AD%9A+&oid=15852 HTTP/1.1" 200 3615
66.249.71.60 - - [23/Jan/2016:09:03:34 +0800] "GET /content/nav/relationSubject.jsp?relationWords=%E7%B6%B2%E7%B4%8B%E9%B8%9A%E5%98%B4%E9%AD%9A%20%E8%A0%94%E9%AD%9A%20%E9%9D%92%E8%A1%AB%20%E9%B8%9A%E5%93%A5%20%E9%B8%9A%E5%93%A5%E9%AD%9A%20%E9%BB%83%E9%B8%9A%E5%93%A5%E9%AD%9A%20&oid=15852 HTTP/1.1" 200 3615
68.180.228.24 - - [23/Jan/2016:09:04:11 +0800] "GET /digiarch_en/content/tmp_auth/resource_content.jsp?oid=16777666 HTTP/1.1" 200 26982
118.171.25.176 - - [23/Jan/2016:09:05:12 +0800] "GET /content/subject/resource_content.jsp?oid=16797293&queryType=qc HTTP/1.1" 200 46243
118.171.25.176 - - [23/Jan/2016:09:05:13 +0800] "GET /content/nav/relationSubject.jsp?relationWords=%E5%B0%8F%E5%90%83+&oid=16797293 HTTP/1.1" 200 3156
68.180.228.24 - - [23/Jan/2016:09:05:25 +0800] "GET /content/pictures/picture_content.jsp?oid=33554793 HTTP/1.1" 200 27337
68.180.228.24 - - [23/Jan/2016:09:06:12 +0800] "GET /content/pictures/picture_content.jsp?oid=33554792 HTTP/1.1" 200 27503
66.249.71.72 - - [23/Jan/2016:09:07:02 +0800] "GET /content/repository/resource_content.jsp?oid=1610308 HTTP/1.1" 200 28814
66.249.71.72 - - [23/Jan/2016:09:07:34 +0800] "GET /content/repository/resource_content.jsp?oid=4353997&queryString=%E5%96%AE%E6%A3%98%E9%AD%A8%E7%A7%91%20%E5%B0%96%E5%90%BB%20%E5%B0%96%E5%90%BB%E5%96%AE%E6%A3%98%E9%AD%A8%20%E5%B0%96%E5%98%B4 HTTP/1.1" 200 33886
66.249.79.179 - - [23/Jan/2016:09:07:48 +0800] "GET /content/nav/relationSubject.jsp?relationWords=%E7%A6%AE%E9%83%A8%20&oid=2682934 HTTP/1.1" 200 3087
66.249.71.64 - - [23/Jan/2016:09:08:22 +0800] "GET /content/nav/relationSubject.jsp?relationWords=%E9%BE%9C%E8%85%B9%E7%94%B2+&oid=1873930 HTTP/1.1" 200 3026
66.249.71.60 - - [23/Jan/2016:09:08:24 +0800] "GET /content/nav/relationSubject.jsp?relationWords=%E9%BE%9C%E8%85%B9%E7%94%B2%20&oid=1873930 HTTP/1.1" 200 3026
66.249.71.155 - - [23/Jan/2016:09:09:12 +0800] "GET /content/repository/resource_content.jsp?oid=727096&queryString=%E4%BA%BA%E5%90%8D%E6%AC%8A%E5%A8%81%20%E6%9B%B9%E6%B1%9D%E9%9C%96%20%E8%8B%B1%E8%89%A6 HTTP/1.1" 200 29081
66.249.71.105 - - [23/Jan/2016:09:11:05 +0800] "GET /content/nav/relationSubject.jsp?relationWords=%E5%88%91%E9%83%A8+&oid=2669640 HTTP/1.1" 200 3095
66.249.71.60 - - [23/Jan/2016:09:11:07 +0800] "GET /content/nav/relationSubject.jsp?relationWords=%E6%87%8B%E5%8A%9F+%E8%A5%BF%E5%BA%B7%E7%9C%81+%E9%99%B8%E6%B8%AC%E5%9C%96+&oid=183026 HTTP/1.1" 200 3178
66.249.71.60 - - [23/Jan/2016:09:11:08 +0800] "GET /content/nav/relationSubject.jsp?relationWords=%E6%87%8B%E5%8A%9F%20%E8%A5%BF%E5%BA%B7%E7%9C%81%20%E9%99%B8%E6%B8%AC%E5%9C%96%20&oid=183026 HTTP/1.1" 200 3178
66.249.71.105 - - [23/Jan/2016:09:11:09 +0800] "GET /content/nav/relationSubject.jsp?relationWords=%E5%88%91%E9%83%A8%20&oid=2669640 HTTP/1.1" 200 3095
66.249.71.72 - - [23/Jan/2016:09:11:21 +0800] "GET /content/repository/resource_content.jsp?oid=1896153 HTTP/1.1" 200 29081
66.249.71.121 - - [23/Jan/2016:09:12:15 +0800] "GET /content/nav/relationSubject.jsp?relationWords=%E6%96%87%E4%BF%A1+&oid=3357310 HTTP/1.1" 200 3172
66.249.71.105 - - [23/Jan/2016:09:12:16 +0800] "GET /content/nav/relationSubject.jsp?relationWords=%E6%96%87%E4%BF%A1%20&oid=3357310 HTTP/1.1" 200 3172
66.249.71.64 - - [23/Jan/2016:09:12:38 +0800] "GET /digiarch_en/content/nav/relationSubject.jsp?relationWords=%E7%83%8F%E8%B3%8A+%E7%83%8F%E8%B3%8A%E5%B1%AC+%E7%83%8F%E8%B3%8A%E7%A7%91+%E8%99%8E%E6%96%91%E7%83%8F%E8%B3%8A+%E9%A0%AD%E8%B6%B3%E7%B6%B1+&oid=518219 HTTP/1.1" 200 3497
66.249.71.155 - - [23/Jan/2016:09:12:39 +0800] "GET /content/nav/relationSubject.jsp?relationWords=%E8%B1%AB%E7%AE%97%E6%9B%B8+%E9%83%B5%E4%BE%BF%E5%B1%80+&oid=4467786 HTTP/1.1" 200 4129
66.249.71.60 - - [23/Jan/2016:09:12:40 +0800] "GET /digiarch_en/content/nav/relationSubject.jsp?relationWords=%E7%83%8F%E8%B3%8A%20%E7%83%8F%E8%B3%8A%E5%B1%AC%20%E7%83%8F%E8%B3%8A%E7%A7%91%20%E8%99%8E%E6%96%91%E7%83%8F%E8%B3%8A%20%E9%A0%AD%E8%B6%B3%E7%B6%B1%20&oid=518219 HTTP/1.1" 200 3497
66.249.71.155 - - [23/Jan/2016:09:12:41 +0800] "GET /content/nav/relationSubject.jsp?relationWords=%E8%B1%AB%E7%AE%97%E6%9B%B8%20%E9%83%B5%E4%BE%BF%E5%B1%80%20&oid=4467786 HTTP/1.1" 200 4129
66.249.71.164 - - [23/Jan/2016:09:13:34 +0800] "GET /content/repository/resource_content.jsp?oid=2638948&queryString=%E6%9D%B1%E5%8F%B8 HTTP/1.1" 200 30124
66.249.71.72 - - [23/Jan/2016:09:15:13 +0800] "GET /content/repository/resource_content.jsp?oid=1108359 HTTP/1.1" 200 31063
66.249.71.60 - - [23/Jan/2016:09:16:33 +0800] "GET /content/nav/relationSubject.jsp?relationWords=&oid=1827964 HTTP/1.1" 200 1405
66.249.71.64 - - [23/Jan/2016:09:16:55 +0800] "GET /content/nav/relationSubject.jsp?relationWords=%E6%9D%8E%E5%8A%9F%E5%9E%82+%E6%B0%B4%E5%88%A9%E5%B1%80+%E7%9C%81%E6%94%BF%E5%BA%9C+&oid=1517877 HTTP/1.1" 200 4557
118.165.76.37 - - [23/Jan/2016:09:18:00 +0800] "GET /content/nav/relationSubject.jsp?relationWords=%E5%B1%B1%E6%AB%BB%E8%8A%B1+&oid=16777304 HTTP/1.1" 200 4452
66.249.74.100 - - [23/Jan/2016:09:18:07 +0800] "GET /content/nav/relationSubject.jsp?relationWords=%E7%8B%97%E9%B0%B7+%E9%AB%98%E9%B0%AD+&oid=15977 HTTP/1.1" 200 3472
66.249.77.97 - - [23/Jan/2016:09:18:10 +0800] "GET /content/repository/resource_content.jsp?oid=4363680&queryString=%E5%9C%B0%E8%97%8F%E7%8E%8B%20%E7%9F%B3%E9%9B%95 HTTP/1.1" 200 30420
66.249.71.60 - - [23/Jan/2016:09:18:11 +0800] "GET /content/nav/relationSubject.jsp?relationWords=%E7%8B%97%E9%B0%B7%20%E9%AB%98%E9%B0%AD%20&oid=15977 HTTP/1.1" 200 3472
66.249.71.64 - - [23/Jan/2016:09:19:12 +0800] "GET /content/repository/resource_content.jsp?oid=2672509 HTTP/1.1" 200 30145
66.249.71.72 - - [23/Jan/2016:09:20:10 +0800] "GET /content/nav/relationSubject.jsp?relationWords=%E5%8F%B0%E7%81%A3%E5%8E%9F%E4%BD%8F%E6%B0%91+%E6%B0%91%E5%A0%B1+&oid=1779788 HTTP/1.1" 200 7422
125.230.88.72 - - [23/Jan/2016:09:20:16 +0800] "GET /content/nav/relationSubject.jsp?relationWords=%E6%9C%A8%E7%8A%80+%E6%A1%82%E8%8A%B1+&oid=16777255 HTTP/1.1" 200 4029
66.249.71.60 - - [23/Jan/2016:09:20:28 +0800] "GET /content/nav/relationSubject.jsp?relationWords=%E4%BA%9E%E9%86%9C+%E5%8D%A3%E5%BD%A2+%E9%A1%8C%E8%A8%98+&oid=1817901 HTTP/1.1" 200 4872
66.249.71.60 - - [23/Jan/2016:09:20:29 +0800] "GET /content/nav/relationSubject.jsp?relationWords=%E4%BA%9E%E9%86%9C%20%E5%8D%A3%E5%BD%A2%20%E9%A1%8C%E8%A8%98%20&oid=1817901 HTTP/1.1" 200 4872
66.249.77.97 - - [23/Jan/2016:09:21:29 +0800] "GET /content/nav/relationSubject.jsp?relationWords=%E6%95%B8%E4%BD%8D%E5%85%B8%E8%97%8F+%E6%95%B8%E4%BD%8D%E5%AD%B8%E7%BF%92+%E7%A7%91%E6%8A%80+&oid=16777696 HTTP/1.1" 200 14159
122.121.39.230 - - [23/Jan/2016:09:21:30 +0800] "GET /content/nav/relationSubject.jsp?relationWords=&oid=16777459 HTTP/1.1" 200 1405
66.249.77.85 - - [23/Jan/2016:09:21:31 +0800] "GET /content/nav/relationSubject.jsp?relationWords=%E6%95%B8%E4%BD%8D%E5%85%B8%E8%97%8F%20%E6%95%B8%E4%BD%8D%E5%AD%B8%E7%BF%92%20%E7%A7%91%E6%8A%80%20&oid=16777696 HTTP/1.1" 200 14159
51.255.65.20 - - [23/Jan/2016:09:21:44 +0800] "GET /content/subject/resource_content.jsp?oid=16777469&queryType=qc HTTP/1.1" 200 31165
66.249.71.60 - - [23/Jan/2016:09:21:57 +0800] "GET /content/nav/relationSubject.jsp?relationWords=%E5%BC%B5%E9%A0%86+%E6%9C%B1%E8%90%AC%E6%88%90+%E6%AD%90%E9%9B%B2%E6%98%8E+%E6%AE%89%E8%81%B7+%E7%99%BD%E4%B8%96%E7%B6%AD+%E7%9C%81%E6%94%BF%E5%BA%9C+%E8%87%BA%E5%8D%97%E5%B8%82+%E8%87%BA%E7%81%A3%E7%9C%81%E8%AD%B0%E6%9C%83+%E8%A8%B1%E4%B8%96%E8%B3%A2+&oid=1896466 HTTP/1.1" 200 4857
66.249.71.60 - - [23/Jan/2016:09:22:08 +0800] "GET /content/nav/relationSubject.jsp?relationWords=%E5%BC%B5%E9%A0%86%20%E6%9C%B1%E8%90%AC%E6%88%90%20%E6%AD%90%E9%9B%B2%E6%98%8E%20%E6%AE%89%E8%81%B7%20%E7%99%BD%E4%B8%96%E7%B6%AD%20%E7%9C%81%E6%94%BF%E5%BA%9C%20%E8%87%BA%E5%8D%97%E5%B8%82%20%E8%87%BA%E7%81%A3%E7%9C%81%E8%AD%B0%E6%9C%83%20%E8%A8%B1%E4%B8%96%E8%B3%A2%20&oid=1896466 HTTP/1.1" 200 4857
66.249.71.23 - - [23/Jan/2016:09:22:59 +0800] "GET /digiarch3/content/nav/relationSubject.jsp?relationWords=%E6%9D%9C%E9%A6%99%20%E6%9D%9C%E9%A6%99%E5%9C%8B%20%E8%94%A1%E9%8C%A6%E9%B6%AF%20&oid=1887748 HTTP/1.1" 200 3192
66.249.71.72 - - [23/Jan/2016:09:23:02 +0800] "GET /content/nav/relationSubject.jsp?relationWords=&oid=2546105 HTTP/1.1" 200 1405
118.165.76.37 - - [23/Jan/2016:09:24:29 +0800] "GET /content/subject/resource_content.jsp?oid=16777337&queryString=%E5%B1%B1%E6%AB%BB%E8%8A%B1 HTTP/1.1" 200 28314
118.165.76.37 - - [23/Jan/2016:09:24:29 +0800] "GET /content/nav/relationSubject.jsp?relationWords=%E5%B1%B1%E6%AB%BB%E8%8A%B1+&oid=16777337 HTTP/1.1" 200 4425
66.249.77.85 - - [23/Jan/2016:09:24:30 +0800] "GET /content/repository/resource_content.jsp?oid=1595244&queryString=%E4%BA%9E%E8%A5%BF%E4%BA%9E%20%E5%8D%9A%E5%8F%A4%20%E6%97%85%E8%A1%8C%E9%9A%8A%20%E7%B4%90%E7%B4%84 HTTP/1.1" 200 30104
125.230.88.72 - - [23/Jan/2016:09:24:50 +0800] "GET /content/subject/resource_content.jsp?oid=16777283&queryString=%E6%9C%A8%E7%8A%80%20%E6%A1%82%E8%8A%B1 HTTP/1.1" 200 28215
125.230.88.72 - - [23/Jan/2016:09:24:51 +0800] "GET /content/nav/relationSubject.jsp?relationWords=%E6%A1%82%E8%8A%B1+&oid=16777283 HTTP/1.1" 200 3936
122.121.39.230 - - [23/Jan/2016:09:25:20 +0800] "GET /content/nav/relationSubject.jsp?relationWords=&oid=16777459 HTTP/1.1" 200 1405
66.249.71.60 - - [23/Jan/2016:09:25:58 +0800] "GET /content/nav/relationSubject.jsp?relationWords=%E6%99%AF%E7%BE%8E%E9%8E%AE+%E6%B3%95%E9%99%A2+%E8%87%BA%E5%8C%97%E7%B8%A3+%E8%87%BA%E7%81%A3%E7%9C%81+%E8%8F%B8%E9%85%92%E5%85%AC%E8%B3%A3%E5%B1%80+&oid=1531314 HTTP/1.1" 200 4558
66.249.71.60 - - [23/Jan/2016:09:26:00 +0800] "GET /content/nav/relationSubject.jsp?relationWords=%E6%99%AF%E7%BE%8E%E9%8E%AE%20%E6%B3%95%E9%99%A2%20%E8%87%BA%E5%8C%97%E7%B8%A3%20%E8%87%BA%E7%81%A3%E7%9C%81%20%E8%8F%B8%E9%85%92%E5%85%AC%E8%B3%A3%E5%B1%80%20&oid=1531314 HTTP/1.1" 200 4558
66.249.71.60 - - [23/Jan/2016:09:26:41 +0800] "GET /content/subject/resource_content.jsp?oid=16777271 HTTP/1.1" 200 29182
66.249.71.72 - - [23/Jan/2016:09:28:41 +0800] "GET /content/nav/relationSubject.jsp?relationWords=&oid=1813270 HTTP/1.1" 200 1405
66.249.77.91 - - [23/Jan/2016:09:28:42 +0800] "GET /content/nav/relationSubject.jsp?relationWords=%E6%A4%8D%E7%89%A9%E7%95%8C%20%E7%B4%85%E8%8D%89%20%E7%B4%85%E8%93%BC%20%E8%93%BC%E5%B1%AC%20%E8%93%BC%E7%A7%91%20&oid=3823615 HTTP/1.1" 200 3286
66.249.71.72 - - [23/Jan/2016:09:28:53 +0800] "GET /content/repository/resource_content.jsp?oid=1774247 HTTP/1.1" 200 26821
66.249.71.50 - - [23/Jan/2016:09:31:00 +0800] "GET /content/repository/resource_content.jsp?oid=1592536&queryType=qs&queryString=%E5%A4%A7%E5%AE%B6%E6%A8%82 HTTP/1.1" 200 28951
66.249.71.105 - - [23/Jan/2016:09:31:06 +0800] "GET /content/nav/relationSubject.jsp?relationWords=%E5%9C%8B%E5%9C%96+%E6%96%B9%E5%BF%97+%E8%87%BA%E4%B8%AD%E5%B7%9E+%E8%A1%97%E5%BA%84+&oid=1195094 HTTP/1.1" 200 3302
66.249.74.59 - - [23/Jan/2016:09:31:09 +0800] "GET /content/nav/relationSubject.jsp?relationWords=%E5%9C%8B%E5%9C%96%20%E6%96%B9%E5%BF%97%20%E8%87%BA%E4%B8%AD%E5%B7%9E%20%E8%A1%97%E5%BA%84%20&oid=1195094 HTTP/1.1" 200 3302
66.249.71.121 - - [23/Jan/2016:09:31:46 +0800] "GET /content/nav/relationSubject.jsp?relationWords=%E5%90%8F%E9%83%A8+&oid=2686616 HTTP/1.1" 200 3101
66.249.71.105 - - [23/Jan/2016:09:31:48 +0800] "GET /content/nav/relationSubject.jsp?relationWords=%E5%90%8F%E9%83%A8%20&oid=2686616 HTTP/1.1" 200 3101
114.26.168.253 - - [23/Jan/2016:09:31:58 +0800] "GET /content/nav/relationSubject.jsp?relationWords=%E6%9C%A8%E7%8A%80+%E6%A1%82%E8%8A%B1+&oid=16777255 HTTP/1.1" 200 4029
66.249.71.60 - - [23/Jan/2016:09:32:10 +0800] "GET /content/nav/relationSubject.jsp?relationWords=%E6%9F%8F%E6%B0%8F+%E6%9F%8F%E6%B0%8F%E8%9D%B4%E8%9D%B6%E9%AD%9A+%E8%9D%B4%E8%9D%B6%E9%AD%9A%E7%A7%91+&oid=1081601 HTTP/1.1" 200 3496
114.26.168.253 - - [23/Jan/2016:09:32:41 +0800] "GET /content/repository/resource_content.jsp?oid=3826003&queryString=??????%20?????¡Ó HTTP/1.1" 200 31360
114.26.168.253 - - [23/Jan/2016:09:32:42 +0800] "GET /content/nav/relationSubject.jsp?relationWords=%E5%8F%B0%E7%81%A3%E5%B1%B1%E6%A1%82%E8%8A%B1+%E5%A0%B1%E6%98%A5%E8%8A%B1+%E5%B1%B1%E6%A1%82%E8%8A%B1%E5%B1%AC+%E6%A4%8D%E7%89%A9%E7%95%8C+%E7%B4%AB%E9%87%91%E7%89%9B%E7%A7%91+&oid=3826003 HTTP/1.1" 200 3386
66.249.71.72 - - [23/Jan/2016:09:33:04 +0800] "GET /content/nav/relationSubject.jsp?relationWords=%E5%B7%A1%E6%8C%89%E5%BE%A1%E5%8F%B2+%E6%95%99%E5%AE%98+&oid=2516534 HTTP/1.1" 200 3161
66.249.71.60 - - [23/Jan/2016:09:33:05 +0800] "GET /content/nav/relationSubject.jsp?relationWords=%E5%B8%83%E8%BE%B2%E6%97%8F%20&oid=1779924 HTTP/1.1" 200 3328
66.249.71.60 - - [23/Jan/2016:09:33:06 +0800] "GET /content/nav/relationSubject.jsp?relationWords=%E5%B7%A1%E6%8C%89%E5%BE%A1%E5%8F%B2%20%E6%95%99%E5%AE%98%20&oid=2516534 HTTP/1.1" 200 3161
66.249.71.113 - - [23/Jan/2016:09:33:07 +0800] "GET /content/nav/relationSubject.jsp?relationWords=%E5%A4%A9%E6%A9%8B%E5%BB%A0+%E5%B1%B1%E6%B5%B7%E9%97%9C+%E6%B1%BD%E8%88%B9+%E9%8C%A6%E7%B8%A3+&oid=598366 HTTP/1.1" 200 3240
66.249.71.105 - - [23/Jan/2016:09:33:10 +0800] "GET /content/nav/relationSubject.jsp?relationWords=%E5%A4%A9%E6%A9%8B%E5%BB%A0%20%E5%B1%B1%E6%B5%B7%E9%97%9C%20%E6%B1%BD%E8%88%B9%20%E9%8C%A6%E7%B8%A3%20&oid=598366 HTTP/1.1" 200 3240
118.163.169.206 - - [23/Jan/2016:09:34:16 +0800] "GET /content/nav/relationSubject.jsp?relationWords=&oid=16777342 HTTP/1.1" 200 1405
106.1.112.8 - - [23/Jan/2016:09:34:50 +0800] "GET /content/nav/relationSubject.jsp?relationWords=&oid=16777459 HTTP/1.1" 200 1405
66.249.71.60 - - [23/Jan/2016:09:34:53 +0800] "GET /content/nav/relationSubject.jsp?relationWords=%E5%9C%B0%E5%BD%A2%E5%9C%96+%E7%B7%A9%E9%81%A0+&oid=180427 HTTP/1.1" 200 3081
66.249.71.60 - - [23/Jan/2016:09:34:54 +0800] "GET /content/nav/relationSubject.jsp?relationWords=%E5%9C%B0%E5%BD%A2%E5%9C%96%20%E7%B7%A9%E9%81%A0%20&oid=180427 HTTP/1.1" 200 3081
66.249.71.72 - - [23/Jan/2016:09:35:09 +0800] "GET /content/repository/resource_content.jsp?oid=733622&queryString=%E5%8F%83%E4%BA%8B%E6%B9%AF%20%E6%95%B5%E5%83%91 HTTP/1.1" 200 28912
66.249.71.60 - - [23/Jan/2016:09:37:37 +0800] "GET /content/repository/resource_content.jsp?oid=1462008 HTTP/1.1" 200 31271
66.249.71.60 - - [23/Jan/2016:09:37:56 +0800] "GET /content/nav/relationSubject.jsp?relationWords=%E6%A4%8D%E7%89%A9%E7%95%8C+%E6%B0%B4%E9%BE%8D%E9%AA%A8+%E6%B0%B4%E9%BE%8D%E9%AA%A8%E5%B1%AC+%E6%B0%B4%E9%BE%8D%E9%AA%A8%E7%A7%91+%E8%95%A8%E9%A1%9E%E6%A4%8D%E7%89%A9+%E9%98%BF%E9%87%8C%E5%B1%B1%E6%B0%B4%E9%BE%8D%E9%AA%A8+&oid=2144657 HTTP/1.1" 200 3527
66.249.71.60 - - [23/Jan/2016:09:37:58 +0800] "GET /content/nav/relationSubject.jsp?relationWords=%E6%A4%8D%E7%89%A9%E7%95%8C%20%E6%B0%B4%E9%BE%8D%E9%AA%A8%20%E6%B0%B4%E9%BE%8D%E9%AA%A8%E5%B1%AC%20%E6%B0%B4%E9%BE%8D%E9%AA%A8%E7%A7%91%20%E8%95%A8%E9%A1%9E%E6%A4%8D%E7%89%A9%20%E9%98%BF%E9%87%8C%E5%B1%B1%E6%B0%B4%E9%BE%8D%E9%AA%A8%20&oid=2144657 HTTP/1.1" 200 3527
199.30.24.40 - - [23/Jan/2016:09:38:19 +0800] "GET /content/nav/relationSubject.jsp?relationWords=%E4%BB%A4%E7%AF%80+%E6%9C%9D%E9%AE%AE%E5%9C%8B%E7%8E%8B+&oid=2673790 HTTP/1.1" 200 4467
66.249.71.72 - - [23/Jan/2016:09:38:46 +0800] "GET /content/nav/relationSubject.jsp?relationWords=%E4%BA%8B%E7%91%9E+%E4%BA%BA%E5%90%8D%E6%AC%8A%E5%A8%81+%E7%A7%98%E9%AD%AF+%E8%A3%81%E5%88%A4%E6%AC%8A%E4%BA%8B+%E9%9B%B7%E5%A0%AF%E6%AD%A6%E5%BE%B7+%E9%A0%98%E4%BA%8B%E8%A3%81%E5%88%A4%E6%AC%8A+%E9%A6%AC%E5%85%8B%E8%AC%A8+&oid=722144 HTTP/1.1" 200 3482
66.249.71.60 - - [23/Jan/2016:09:38:48 +0800] "GET /content/nav/relationSubject.jsp?relationWords=%E4%BA%8B%E7%91%9E%20%E4%BA%BA%E5%90%8D%E6%AC%8A%E5%A8%81%20%E7%A7%98%E9%AD%AF%20%E8%A3%81%E5%88%A4%E6%AC%8A%E4%BA%8B%20%E9%9B%B7%E5%A0%AF%E6%AD%A6%E5%BE%B7%20%E9%A0%98%E4%BA%8B%E8%A3%81%E5%88%A4%E6%AC%8A%20%E9%A6%AC%E5%85%8B%E8%AC%A8%20&oid=722144 HTTP/1.1" 200 3482
66.249.77.97 - - [23/Jan/2016:09:39:06 +0800] "GET /content/repository/resource_content.jsp?oid=1888599&queryString=%E6%A5%8A%E6%95%A6%E8%AC%A8%20%E6%A5%8A%E8%82%87%E5%98%89 HTTP/1.1" 200 28375
66.249.71.64 - - [23/Jan/2016:09:39:48 +0800] "GET /content/subject/resource_content.jsp?oid=16777278 HTTP/1.1" 200 36988
223.141.7.65 - - [23/Jan/2016:09:41:04 +0800] "GET /content/subject/resource_content.jsp?oid=16797240&queryType=qc HTTP/1.1" 200 42460
