66.249.71.121 - - [19/Nov/2015:08:50:20 +0800] "GET /content/nav/relationSubject.jsp?relationWords=%E5%85%AC%E5%8B%99%E5%93%A1%20%E5%A4%96%E5%8C%AF%20%E5%B8%8C%E9%80%9F%20%E5%B9%B9%E9%83%A8%20%E6%96%BD%E8%A1%8C%E7%B4%B0%E5%89%87%20%E6%B0%91%E6%97%8F%E6%84%8F%E8%AD%98%20%E7%BE%8E%E6%8F%B4%20%E9%A6%99%E8%8C%85%20%E9%A6%99%E8%8C%85%E6%B2%B9%20&oid=1536086 HTTP/1.1" 200 4197
66.249.71.60 - - [19/Nov/2015:08:50:34 +0800] "GET /content/nav/relationSubject.jsp?relationWords=%E4%BB%81%E8%B2%B4%20%E5%9C%8B%E6%B0%91%E9%BB%A8%20%E6%9D%8E%E4%BB%81%E8%B2%B4%20%E7%B8%A3%E8%AD%B0%E5%93%A1%20&oid=1516098 HTTP/1.1" 200 5529
207.46.13.156 - - [19/Nov/2015:08:51:04 +0800] "GET /content/repository/resource_content.jsp?oid=190716 HTTP/1.1" 200 29888
123.51.205.2 - - [19/Nov/2015:08:51:05 +0800] "GET /digiarch3/content/repository/resource_content.jsp?oid=4363003&queryString=%E7%99%BD%E8%99%8E HTTP/1.1" 200 29111
123.51.205.2 - - [19/Nov/2015:08:51:06 +0800] "GET /digiarch3/content/nav/relationSubject.jsp?relationWords=%E7%99%BD%E8%99%8E+&oid=4363003 HTTP/1.1" 200 3297
163.17.179.2 - - [19/Nov/2015:08:52:26 +0800] "GET /content/nav/relationSubject.jsp?relationWords=%E9%9D%92%E6%A5%93+&oid=16777274 HTTP/1.1" 200 3565
66.249.71.14 - - [19/Nov/2015:08:52:51 +0800] "GET /content/nav/relationSubject.jsp?relationWords=%E4%BC%B0%E5%83%B9+%E6%9E%97%E7%A7%8B%E8%8B%B1+%E6%A8%99%E5%94%AE+%E8%B3%AA%E8%A9%A2+%E9%81%95%E5%BB%BA+%E9%83%BD%E5%B8%82%E8%A8%88%E5%8A%83+%E9%AB%98%E9%9B%84%E5%B8%82+&oid=1551794 HTTP/1.1" 200 4629
66.249.74.72 - - [19/Nov/2015:08:52:54 +0800] "GET /content/nav/relationSubject.jsp?relationWords=%E4%BC%B0%E5%83%B9%20%E6%9E%97%E7%A7%8B%E8%8B%B1%20%E6%A8%99%E5%94%AE%20%E8%B3%AA%E8%A9%A2%20%E9%81%95%E5%BB%BA%20%E9%83%BD%E5%B8%82%E8%A8%88%E5%8A%83%20%E9%AB%98%E9%9B%84%E5%B8%82%20&oid=1551794 HTTP/1.1" 200 4629
66.249.71.72 - - [19/Nov/2015:08:53:29 +0800] "GET /content/subject/resource_content.jsp?oid=16797297&queryType=qc HTTP/1.1" 200 67887
163.17.179.2 - - [19/Nov/2015:08:53:37 +0800] "GET /content/nav/relationSubject.jsp?relationWords=%E9%9D%92%E6%A5%93+&oid=16777274 HTTP/1.1" 200 3565
66.249.71.72 - - [19/Nov/2015:08:54:55 +0800] "GET /content/nav/relationSubject.jsp?relationWords=%E5%9C%9F%E6%B2%89%E9%A6%99+%E5%9C%9F%E6%B2%89%E9%A6%99%E5%B1%AC+%E5%A4%A7%E6%88%9F+%E5%A4%A7%E6%88%9F%E7%A7%91+%E6%A4%8D%E7%89%A9%E7%95%8C+&oid=1462667 HTTP/1.1" 200 3385
66.249.71.60 - - [19/Nov/2015:08:54:59 +0800] "GET /content/nav/relationSubject.jsp?relationWords=%E5%9C%9F%E6%B2%89%E9%A6%99%20%E5%9C%9F%E6%B2%89%E9%A6%99%E5%B1%AC%20%E5%A4%A7%E6%88%9F%20%E5%A4%A7%E6%88%9F%E7%A7%91%20%E6%A4%8D%E7%89%A9%E7%95%8C%20&oid=1462667 HTTP/1.1" 200 3385
59.127.239.53 - - [19/Nov/2015:08:55:11 +0800] "GET /content/repository/resource_content.jsp?oid=4362001&queryType=qc&queryString=%2B%E6%AD%B7%E5%8F%B2 HTTP/1.1" 200 33341
36.232.8.187 - - [19/Nov/2015:08:55:12 +0800] "GET /content/nav/relationSubject.jsp?relationWords=%E7%83%8F%E5%BF%83%E7%9F%B3+%E9%B1%B8%E9%B0%BB+&oid=16777303 HTTP/1.1" 200 4004
59.127.239.53 - - [19/Nov/2015:08:55:13 +0800] "GET /content/nav/relationSubject.jsp?relationWords=%E6%96%87%E6%AE%8A+%E6%96%87%E6%AE%8A%E8%8F%A9%E8%96%A9+&oid=4362001 HTTP/1.1" 200 3070
59.127.239.53 - - [19/Nov/2015:08:55:16 +0800] "GET /content/repository/resource_content.jsp?oid=4363280&queryType=qc&queryString=%2B%E6%AD%B7%E5%8F%B2 HTTP/1.1" 200 33389
59.127.239.53 - - [19/Nov/2015:08:55:18 +0800] "GET /content/nav/relationSubject.jsp?relationWords=%E6%96%87%E6%AE%8A+%E6%96%87%E6%AE%8A%E8%8F%A9%E8%96%A9+%E6%9C%A8%E9%9B%95+&oid=4363280 HTTP/1.1" 200 3057
66.249.71.113 - - [19/Nov/2015:08:55:19 +0800] "GET /content/nav/relationSubject.jsp?relationWords=%E4%BA%94%E8%85%B3%E8%99%8E+%E5%BA%B7%E6%B0%8F%E8%BA%84%E9%AD%9A+%E8%BA%84%E9%AD%9A%E7%A7%91+&oid=14610 HTTP/1.1" 200 3418
66.249.71.105 - - [19/Nov/2015:08:55:21 +0800] "GET /content/nav/relationSubject.jsp?relationWords=%E4%BA%94%E8%85%B3%E8%99%8E%20%E5%BA%B7%E6%B0%8F%E8%BA%84%E9%AD%9A%20%E8%BA%84%E9%AD%9A%E7%A7%91%20&oid=14610 HTTP/1.1" 200 3418
59.127.239.53 - - [19/Nov/2015:08:56:25 +0800] "GET /content/repository/resource_content.jsp?oid=4411657&queryType=qc&queryString=%2B%E6%AD%B7%E5%8F%B2 HTTP/1.1" 200 29637
59.127.239.53 - - [19/Nov/2015:08:56:27 +0800] "GET /content/nav/relationSubject.jsp?relationWords=%E7%9F%B3%E5%88%80+%E7%A3%A8%E8%A3%BD%E7%9F%B3%E5%88%80+&oid=4411657 HTTP/1.1" 200 3031
59.127.239.53 - - [19/Nov/2015:08:56:36 +0800] "GET /content/repository/resource_content.jsp?oid=1843455&queryType=qc&queryString=%2B%E6%AD%B7%E5%8F%B2 HTTP/1.1" 200 30617
59.127.239.53 - - [19/Nov/2015:08:56:37 +0800] "GET /content/nav/relationSubject.jsp?relationWords=%E9%8A%85%E5%88%80+%E9%9D%92%E9%8A%85%E5%88%80+%E9%9D%92%E9%8A%85%E5%88%80%E6%9F%84+&oid=1843455 HTTP/1.1" 200 3093
84.201.138.10 - - [19/Nov/2015:08:56:37 +0800] "GET /content/subject/resource_content.jsp?oid=16777484&queryType=qc HTTP/1.1" 200 72146
157.55.39.51 - - [19/Nov/2015:08:56:40 +0800] "GET /content/nav/relationSubject.jsp?relationWords=%E5%9D%AA%E6%9E%97%E7%A7%8B%E6%B5%B7%E6%A3%A0+%E7%A7%8B%E6%B5%B7%E6%A3%A0+&oid=16777493 HTTP/1.1" 200 4931
66.249.71.72 - - [19/Nov/2015:08:56:55 +0800] "GET /content/nav/relationSubject.jsp?relationWords=&oid=2608305 HTTP/1.1" 200 1405
120.110.71.113 - - [19/Nov/2015:08:57:20 +0800] "GET /content/repository/resource_content.jsp?oid=2147987 HTTP/1.1" 200 30914
120.110.71.113 - - [19/Nov/2015:08:57:26 +0800] "GET /content/nav/relationSubject.jsp?relationWords=%E6%9D%BF%E6%A0%97+%E6%A0%97%E5%B1%AC+%E6%A4%8D%E7%89%A9%E7%95%8C+%E6%AE%BC%E6%96%97%E7%A7%91+%E8%8C%85%E6%A0%97+&oid=2147987 HTTP/1.1" 200 3281
120.110.71.113 - - [19/Nov/2015:08:57:27 +0800] "GET /content/nav/relationSubject.jsp?relationWords=%E6%9D%BF%E6%A0%97+%E6%A0%97%E5%B1%AC+%E6%A4%8D%E7%89%A9%E7%95%8C+%E6%AE%BC%E6%96%97%E7%A7%91+%E8%8C%85%E6%A0%97+&oid=2147987 HTTP/1.1" 200 3281
66.249.71.105 - - [19/Nov/2015:08:57:38 +0800] "GET /content/subject/resource_content.jsp?oid=16777452&queryType=qc HTTP/1.1" 200 33280
120.110.71.113 - - [19/Nov/2015:08:58:10 +0800] "GET /content/repository/resource_content.jsp?oid=1460270&queryString=%E6%9D%BF%E6%A0%97%20%E6%A0%97%E5%B1%AC%20%E6%A4%8D%E7%89%A9%E7%95%8C%20%E6%AE%BC%E6%96%97%E7%A7%91%20%E8%8C%85%E6%A0%97 HTTP/1.1" 200 30799
120.110.71.113 - - [19/Nov/2015:08:58:16 +0800] "GET /content/nav/relationSubject.jsp?relationWords=%E6%9D%BF%E6%A0%97+%E6%A0%97%E5%B1%AC+%E6%A4%8D%E7%89%A9%E7%95%8C+%E6%AE%BC%E6%96%97%E7%A7%91+&oid=1460270 HTTP/1.1" 200 3274
120.110.71.113 - - [19/Nov/2015:08:58:35 +0800] "GET /content/nav/relationSubject.jsp?relationWords=%E6%9D%BF%E6%A0%97+%E6%A0%97%E5%B1%AC+%E6%A4%8D%E7%89%A9%E7%95%8C+%E6%AE%BC%E6%96%97%E7%A7%91+&oid=1460270 HTTP/1.1" 200 3274
157.55.39.52 - - [19/Nov/2015:08:58:41 +0800] "GET /content/tmp_tec/resource_content.jsp?oid=16777731 HTTP/1.1" 200 39244
49.217.32.50 - - [19/Nov/2015:08:58:48 +0800] "GET /content/subject/resource_content.jsp?oid=16797253&queryType=qc HTTP/1.1" 200 43053
49.217.32.50 - - [19/Nov/2015:08:58:52 +0800] "GET /content/nav/relationSubject.jsp?relationWords=%E6%BD%AE%E6%B5%81+%E7%A4%BE%E6%9C%83%E8%AE%8A%E9%81%B7+&oid=16797253 HTTP/1.1" 200 7712
49.217.114.21 - - [19/Nov/2015:08:58:57 +0800] "GET /content/nav/relationSubject.jsp?relationWords=%E9%BB%91%E6%9D%BF%E6%A8%B9+&oid=16777262 HTTP/1.1" 200 3253
66.249.71.105 - - [19/Nov/2015:08:59:17 +0800] "GET /content/nav/relationSubject.jsp?relationWords=&oid=16777452 HTTP/1.1" 200 1405
66.249.71.64 - - [19/Nov/2015:09:00:37 +0800] "GET /content/nav/relationSubject.jsp?relationWords=%E5%8D%97%E6%8A%95%E7%B8%A3%E8%AD%B0%E6%9C%83+%E5%9C%8B%E6%B0%91%E5%AD%B8%E6%A0%A1+%E5%AD%B8%E6%A0%A1%E6%95%99%E5%B8%AB+%E7%9C%81%E6%94%BF%E5%BA%9C+%E8%87%A8%E6%99%82%E7%9C%81%E8%AD%B0%E6%9C%83+%E8%87%BA%E7%81%A3%E7%9C%81+&oid=1523602 HTTP/1.1" 200 4797
66.249.71.60 - - [19/Nov/2015:09:00:41 +0800] "GET /content/nav/relationSubject.jsp?relationWords=%E5%8D%97%E6%8A%95%E7%B8%A3%E8%AD%B0%E6%9C%83%20%E5%9C%8B%E6%B0%91%E5%AD%B8%E6%A0%A1%20%E5%AD%B8%E6%A0%A1%E6%95%99%E5%B8%AB%20%E7%9C%81%E6%94%BF%E5%BA%9C%20%E8%87%A8%E6%99%82%E7%9C%81%E8%AD%B0%E6%9C%83%20%E8%87%BA%E7%81%A3%E7%9C%81%20&oid=1523602 HTTP/1.1" 200 4797
157.55.39.51 - - [19/Nov/2015:09:01:16 +0800] "GET /content/subject/resource_content.jsp?oid=16777632 HTTP/1.1" 200 32553
183.79.221.132 - - [19/Nov/2015:09:01:21 +0800] "GET /digiarch3/content/subject/resource_content.jsp?oid=16777841&queryType=qc HTTP/1.0" 200 27505
66.249.71.60 - - [19/Nov/2015:09:01:33 +0800] "GET /content/repository/resource_content.jsp?oid=1618386 HTTP/1.1" 200 28842
183.79.221.132 - - [19/Nov/2015:09:01:44 +0800] "GET /content/subject/resource_content.jsp?oid=16777569&queryType=qc HTTP/1.0" 200 55912
204.79.180.100 - - [19/Nov/2015:09:03:50 +0800] "GET /content/tmp_exh/resource_content.jsp?oid=16777851&queryType=qc HTTP/1.1" 200 45681
157.55.39.28 - - [19/Nov/2015:09:03:58 +0800] "GET /content/subject/resource_content.jsp?oid=16777842&queryType=qc HTTP/1.1" 200 36275
204.79.180.33 - - [19/Nov/2015:09:04:00 +0800] "GET /content/nav/relationSubject.jsp?relationWords=&oid=16777851 HTTP/1.1" 200 1405
66.249.71.60 - - [19/Nov/2015:09:04:08 +0800] "GET /content/nav/relationSubject.jsp?relationWords=%E5%9F%8E%E9%96%80+%E5%B7%A5%E9%83%A8+%E9%96%80%E6%A8%93+&oid=2635963 HTTP/1.1" 200 3138
66.249.74.98 - - [19/Nov/2015:09:04:11 +0800] "GET /content/nav/relationSubject.jsp?relationWords=%E5%9F%8E%E9%96%80%20%E5%B7%A5%E9%83%A8%20%E9%96%80%E6%A8%93%20&oid=2635963 HTTP/1.1" 200 3138
66.249.71.72 - - [19/Nov/2015:09:06:00 +0800] "GET /content/repository/resource_content.jsp?oid=2660639&queryString=%E6%B0%B8%E5%B9%B3%E5%BA%9C HTTP/1.1" 200 29913
157.55.39.28 - - [19/Nov/2015:09:06:06 +0800] "GET /content/subject/resource_content.jsp?oid=16777591 HTTP/1.1" 200 40769
157.55.39.52 - - [19/Nov/2015:09:07:27 +0800] "GET /content/subject/resource_content.jsp?oid=16777825&queryType=qc HTTP/1.1" 200 41691
163.32.91.17 - - [19/Nov/2015:09:07:55 +0800] "GET /content/nav/relationSubject.jsp?relationWords=%E9%BB%91%E6%9D%BF%E6%A8%B9+&oid=16777262 HTTP/1.1" 200 3253
66.249.77.97 - - [19/Nov/2015:09:08:37 +0800] "GET /content/nav/relationSubject.jsp?relationWords=%E4%B8%AD%E8%8F%AF%E6%96%87%E5%8C%96+%E5%9F%BA%E9%87%91%E6%9C%83+%E6%9C%83%E8%AD%B0%E7%B4%80%E9%8C%84+%E6%9E%97%E5%B4%87+%E6%9E%97%E6%9C%AC%E6%BA%90+%E6%9E%97%E6%9F%8F%E5%A3%BD+%E6%A5%8A%E9%9B%B2%E8%90%8D+%E7%8E%8B%E8%A9%A9%E7%90%85+%E8%91%A3%E4%BA%8B%E6%9C%83+%E8%B2%A1%E5%9C%98+%E8%B2%A1%E5%9C%98%E6%B3%95%E4%BA%BA+%E9%99%B3%E5%A5%87%E7%A5%BF+%E9%BB%83%E5%AF%8C+%E9%BB%83%E5%AF%8C%E4%B8%89+%E9%BB%83%E5%BE%97%E6%99%82+&oid=2470620 HTTP/1.1" 200 3963
66.249.77.85 - - [19/Nov/2015:09:08:45 +0800] "GET /content/nav/relationSubject.jsp?relationWords=%E4%B8%AD%E8%8F%AF%E6%96%87%E5%8C%96%20%E5%9F%BA%E9%87%91%E6%9C%83%20%E6%9C%83%E8%AD%B0%E7%B4%80%E9%8C%84%20%E6%9E%97%E5%B4%87%20%E6%9E%97%E6%9C%AC%E6%BA%90%20%E6%9E%97%E6%9F%8F%E5%A3%BD%20%E6%A5%8A%E9%9B%B2%E8%90%8D%20%E7%8E%8B%E8%A9%A9%E7%90%85%20%E8%91%A3%E4%BA%8B%E6%9C%83%20%E8%B2%A1%E5%9C%98%20%E8%B2%A1%E5%9C%98%E6%B3%95%E4%BA%BA%20%E9%99%B3%E5%A5%87%E7%A5%BF%20%E9%BB%83%E5%AF%8C%20%E9%BB%83%E5%AF%8C%E4%B8%89%20%E9%BB%83%E5%BE%97%E6%99%82%20&oid=2470620 HTTP/1.1" 200 3963
66.249.71.23 - - [19/Nov/2015:09:08:57 +0800] "GET /digiarch3/content/repository/resource_content.jsp?oid=1081607&queryString=%E5%B8%B6%E5%B0%BE%E6%96%B0%E9%9A%86%E9%AD%9A%20%E6%96%B0%E9%9A%86%20%E9%9A%86%E9%A0%AD%E9%AD%9A%20%E9%9A%86%E9%A0%AD%E9%AD%9A%E7%A7%91 HTTP/1.1" 200 33720
183.79.221.132 - - [19/Nov/2015:09:09:21 +0800] "GET /content/subject/resource_content.jsp?oid=16777621&queryType=qc HTTP/1.0" 200 35730
66.249.77.97 - - [19/Nov/2015:09:09:48 +0800] "GET /content/nav/relationSubject.jsp?relationWords=%E9%B9%BD%E8%AA%B2+&oid=2520482 HTTP/1.1" 200 4400
66.249.77.85 - - [19/Nov/2015:09:09:50 +0800] "GET /content/nav/relationSubject.jsp?relationWords=%E9%B9%BD%E8%AA%B2%20&oid=2520482 HTTP/1.1" 200 4400
66.249.77.91 - - [19/Nov/2015:09:10:26 +0800] "GET /content/subject/resource_content.jsp?oid=16777660&queryType=qs&queryString=%E7%9A%87%E6%B0%91%E5%8C%96%E9%81%8B%E5%8B%95 HTTP/1.1" 200 70772
123.125.71.109 - - [19/Nov/2015:09:10:34 +0800] "GET /content/subject/resource_content.jsp?oid=16777411&queryType=qc HTTP/1.1" 200 36956
101.14.27.110 - - [19/Nov/2015:09:11:08 +0800] "GET /content/tmp_exh/resource_content.jsp?oid=16777849&queryString= HTTP/1.1" 200 32528
101.14.27.110 - - [19/Nov/2015:09:11:13 +0800] "GET /content/nav/relationSubject.jsp?relationWords=&oid=16777849 HTTP/1.1" 200 1405
110.26.216.215 - - [19/Nov/2015:09:12:37 +0800] "GET /content/nav/relationSubject.jsp?relationWords=%E6%BE%A4%E8%98%AD+%E8%8A%B1%E8%94%93+%E8%94%93%E6%BE%A4+%E8%94%93%E6%BE%A4%E8%98%AD+&oid=16777266 HTTP/1.1" 200 4343
220.135.49.133 - - [19/Nov/2015:09:13:06 +0800] "GET /content/nav/relationSubject.jsp?relationWords=%E7%99%BD%E5%8D%83%E5%B1%A4+&oid=16777287 HTTP/1.0" 200 3852
163.32.91.17 - - [19/Nov/2015:09:13:19 +0800] "GET /content/subject/resource_content.jsp?oid=16777296&queryString=????????? HTTP/1.1" 200 32241
163.32.91.17 - - [19/Nov/2015:09:13:19 +0800] "GET /content/nav/relationSubject.jsp?relationWords=%E9%BB%91%E6%9D%BF%E6%A8%B9+&oid=16777296 HTTP/1.1" 200 3247
183.79.221.132 - - [19/Nov/2015:09:13:24 +0800] "GET /content/subject/resource_content.jsp?oid=16777812&queryType=qc HTTP/1.0" 200 37516
66.249.77.91 - - [19/Nov/2015:09:14:53 +0800] "GET /content/subject/resource_content.jsp?oid=16777595&queryType=qs&queryString=%E6%A9%9F%E6%A2%B0 HTTP/1.1" 200 42940
68.180.228.24 - - [19/Nov/2015:09:15:26 +0800] "GET /content/pictures/picture_content.jsp?oid=33554487&queryType=qc HTTP/1.1" 200 27430
183.79.221.132 - - [19/Nov/2015:09:15:53 +0800] "GET /content/subject/resource_content.jsp?oid=16797293&queryType=qc HTTP/1.0" 200 46190
66.249.77.85 - - [19/Nov/2015:09:16:13 +0800] "GET /content/nav/relationSubject.jsp?relationWords=%E5%BE%A9%E8%88%88%E8%88%AA%E7%A9%BA+%E6%9E%97%E6%B0%B8%E6%A8%91+%E6%B0%B8%E6%A8%91+&oid=16777595 HTTP/1.1" 200 4496
66.249.79.24 - - [19/Nov/2015:09:16:17 +0800] "GET /content/nav/relationSubject.jsp?relationWords=%E5%BE%A9%E8%88%88%E8%88%AA%E7%A9%BA%20%E6%9E%97%E6%B0%B8%E6%A8%91%20%E6%B0%B8%E6%A8%91%20&oid=16777595 HTTP/1.1" 200 4496
66.249.82.156 - - [19/Nov/2015:09:17:42 +0800] "GET /content/nav/relationSubject.jsp?relationWords=%E9%BB%91%E6%9D%BF%E6%A8%B9+&oid=16777262 HTTP/1.1" 200 3253
66.249.71.64 - - [19/Nov/2015:09:19:05 +0800] "GET /content/repository/resource_content.jsp?oid=1515734 HTTP/1.1" 200 28781
66.249.71.72 - - [19/Nov/2015:09:19:19 +0800] "GET /digiarch_en/content/exhibit/exhibit.jsp?oid=16777850 HTTP/1.1" 200 20346
66.249.71.64 - - [19/Nov/2015:09:19:55 +0800] "GET /digiarch_en/content/exhibit/exhibit_content.jsp?oid=16777850 HTTP/1.1" 200 25877
84.201.138.10 - - [19/Nov/2015:09:20:02 +0800] "GET /digiarch_en/content/tmp_tec/resource_content.jsp?oid=16777731 HTTP/1.1" 200 33767
163.32.91.17 - - [19/Nov/2015:09:20:22 +0800] "GET /content/subject/resource_content.jsp?oid=16777468&queryString= HTTP/1.1" 200 33264
163.32.91.17 - - [19/Nov/2015:09:20:22 +0800] "GET /content/nav/relationSubject.jsp?relationWords=%E7%BE%85%E6%BC%A2%E6%9D%BE+%E8%98%AD%E5%B6%BC%E7%BE%85%E6%BC%A2%E6%9D%BE+&oid=16777468 HTTP/1.1" 200 4360
66.249.71.113 - - [19/Nov/2015:09:21:26 +0800] "GET /content/repository/resource_content.jsp?oid=2649568&queryType=qs&queryString=%E9%AD%AF%E6%B2%B3 HTTP/1.1" 200 30121
36.235.90.160 - - [19/Nov/2015:09:22:01 +0800] "GET /content/nav/relationSubject.jsp?relationWords=%E7%99%BD%E5%8D%83%E5%B1%A4+&oid=16777287 HTTP/1.1" 200 3852
183.79.221.132 - - [19/Nov/2015:09:22:31 +0800] "GET /digiarch3/content/subject/resource_content.jsp?oid=16777842&queryType=qc HTTP/1.0" 200 36233
183.79.221.132 - - [19/Nov/2015:09:22:35 +0800] "GET /content/subject/resource_content.jsp?oid=16777467&queryType=qc HTTP/1.0" 200 70784
66.249.71.72 - - [19/Nov/2015:09:23:31 +0800] "GET /content/nav/relationSubject.jsp?relationWords=%E5%8F%83%E8%AD%B0%E5%93%A1%20%E5%8F%B0%E7%81%A3%E7%9C%81%20%E5%BC%B5%E9%8C%AB%E7%A5%BA%20%E5%BD%AD%E5%BE%B7%20%E7%81%A3%E7%9C%81%E6%94%BF%E5%BA%9C%20%E7%9C%81%E5%8F%83%E8%AD%B0%E5%93%A1%20%E7%9C%81%E6%94%BF%E5%BA%9C%20%E8%8C%83%E5%A7%9C%20%E8%8C%83%E5%A7%9C%E8%90%8D%20&oid=1515734 HTTP/1.1" 200 4857
66.249.77.91 - - [19/Nov/2015:09:23:46 +0800] "GET /content/subject/resource_content.jsp?oid=16777424&queryType=qs&queryString=%E9%AB%98%E9%80%9F%E5%85%AC%E8%B7%AF HTTP/1.1" 200 38658
163.32.91.17 - - [19/Nov/2015:09:23:59 +0800] "GET /content/subject/resource_content.jsp?oid=16777805&queryString= HTTP/1.1" 200 35092
163.32.91.17 - - [19/Nov/2015:09:23:59 +0800] "GET /content/nav/relationSubject.jsp?relationWords=%E7%B4%AB%E8%97%A4+%E8%83%A1%E9%81%A9+&oid=16777805 HTTP/1.1" 200 5276
183.79.221.132 - - [19/Nov/2015:09:24:04 +0800] "GET /content/subject/resource_content.jsp?oid=16777537&queryType=qc HTTP/1.0" 200 30694
163.32.91.17 - - [19/Nov/2015:09:25:10 +0800] "GET /content/nav/relationSubject.jsp?relationWords=%E7%BE%85%E6%BC%A2%E6%9D%BE+%E8%98%AD%E5%B6%BC%E7%BE%85%E6%BC%A2%E6%9D%BE+&oid=16777468 HTTP/1.1" 200 4360
84.201.138.10 - - [19/Nov/2015:09:25:40 +0800] "GET /content/subject/resource_content.jsp?oid=16777612&queryType=qc HTTP/1.1" 200 42667
114.24.129.144 - - [19/Nov/2015:09:25:41 +0800] "GET /content/nav/relationSubject.jsp?relationWords=%E6%B0%B4%E9%BB%83%E7%9A%AE+&oid=16777535 HTTP/1.1" 200 3630
183.79.221.132 - - [19/Nov/2015:09:27:05 +0800] "GET /digiarch3/content/subject/resource_content.jsp?oid=16777779&queryType=qc HTTP/1.0" 200 37669
163.32.91.17 - - [19/Nov/2015:09:27:13 +0800] "GET /content/subject/resource_content.jsp?oid=16777466&queryString= HTTP/1.1" 200 28223
163.32.91.17 - - [19/Nov/2015:09:27:14 +0800] "GET /content/nav/relationSubject.jsp?relationWords=%E7%B4%AB%E8%96%87+&oid=16777466 HTTP/1.1" 200 4000
163.32.91.17 - - [19/Nov/2015:09:27:44 +0800] "GET /content/subject/resource_content.jsp?oid=16777450&queryString= HTTP/1.1" 200 28898
163.32.91.17 - - [19/Nov/2015:09:27:44 +0800] "GET /content/nav/relationSubject.jsp?relationWords=%E6%A1%83%E7%AC%A6+%E7%A5%9E%E8%8D%BC+%E9%AC%B1%E5%A3%98+&oid=16777450 HTTP/1.1" 200 4156
27.245.138.191 - - [19/Nov/2015:09:28:05 +0800] "GET /content/repository/resource_content.jsp?oid=1549051 HTTP/1.1" 200 31021
27.245.138.191 - - [19/Nov/2015:09:28:06 +0800] "GET /content/nav/relationSubject.jsp?relationWords=%E5%9C%B0%E4%B8%8B%E5%AE%A4+%E5%9C%B0%E5%83%B9+%E5%BC%8A%E6%A1%88+%E5%BC%B5%E6%96%87%E8%B1%90+%E6%97%97%E6%B4%A5+%E6%B0%B4%E5%88%A9%E5%B1%80+%E6%B0%B8%E8%B1%90+%E6%B4%AA%E6%A6%AE%E8%8F%AF+%E7%A1%AB%E9%85%B8+%E7%A1%AB%E9%85%B8%E9%8C%8F+%E7%B6%A0%E5%9C%B0+%E8%87%AA%E4%BE%86%E6%B0%B4+%E9%81%95%E7%AB%A0%E5%BB%BA%E7%AF%89+%E9%83%BD%E5%B8%82%E8%A8%88%E5%8A%83+%E9%AB%98%E9%9B%84%E5%B8%82+%E9%BC%93%E5%B1%B1+&oid=1549051 HTTP/1.1" 200 4180
66.249.77.97 - - [19/Nov/2015:09:28:13 +0800] "GET /content/subject/resource_content.jsp?oid=16777551&queryType=qs&queryString=%E4%B8%AD%E8%8F%AF%E9%9A%8A HTTP/1.1" 200 32183
183.79.221.132 - - [19/Nov/2015:09:28:14 +0800] "GET /content/subject/resource_content.jsp?oid=16777436&queryType=qc HTTP/1.0" 200 28527
157.55.39.50 - - [19/Nov/2015:09:29:32 +0800] "GET /content/nav/relationSubject.jsp?relationWords=&oid=16777342 HTTP/1.1" 200 1405
68.180.228.24 - - [19/Nov/2015:09:29:44 +0800] "GET /digiarch_en/content/repository/resource_content.jsp?oid=1530058 HTTP/1.1" 200 25044
163.32.91.17 - - [19/Nov/2015:09:29:45 +0800] "GET /content/subject/resource_content.jsp?oid=16777455&queryString=??????%20??????%20????? HTTP/1.1" 200 33910
163.32.91.17 - - [19/Nov/2015:09:29:45 +0800] "GET /content/nav/relationSubject.jsp?relationWords=%E5%B1%85%E5%BB%B6%E6%BC%A2%E7%B0%A1+%E6%A1%83%E7%AC%A6+%E6%BC%A2%E7%B0%A1+&oid=16777455 HTTP/1.1" 200 4228
207.46.13.156 - - [19/Nov/2015:09:30:00 +0800] "GET /content/subject/resource_content.jsp?oid=16777742 HTTP/1.1" 200 39010
68.180.228.24 - - [19/Nov/2015:09:30:23 +0800] "GET /content/subject/resource_content.jsp?oid=16777808&queryType=qc HTTP/1.1" 200 39882
114.40.105.209 - - [19/Nov/2015:09:31:05 +0800] "GET /content/subject/resource_content.jsp?oid=16777801&queryType=qc HTTP/1.1" 200 43038
114.40.105.209 - - [19/Nov/2015:09:31:07 +0800] "GET /content/nav/relationSubject.jsp?relationWords=%E6%8F%90%E6%A2%81+%E6%8F%90%E6%A2%81%E5%8D%A3+%E7%8D%B8%E9%9D%A2+%E7%8D%B8%E9%9D%A2%E7%B4%8B+%E9%85%92%E5%99%A8+&oid=16777801 HTTP/1.1" 200 3965
84.201.138.10 - - [19/Nov/2015:09:31:15 +0800] "GET /content/subject/resource_content.jsp?oid=16777819&queryType=qc HTTP/1.1" 200 35426
114.40.105.209 - - [19/Nov/2015:09:31:33 +0800] "GET /content/repository/resource_content.jsp?oid=1848709&queryString=%E6%8F%90%E6%A2%81%20%E6%8F%90%E6%A2%81%E5%8D%A3%20%E7%8D%B8%E9%9D%A2%20%E7%8D%B8%E9%9D%A2%E7%B4%8B%20%E9%85%92%E5%99%A8 HTTP/1.1" 200 31323
114.40.105.209 - - [19/Nov/2015:09:31:34 +0800] "GET /content/nav/relationSubject.jsp?relationWords=%E6%8F%90%E6%A2%81+%E6%8F%90%E6%A2%81%E5%A3%BA+&oid=1848709 HTTP/1.1" 200 2456
207.46.13.156 - - [19/Nov/2015:09:31:40 +0800] "GET /content/subject/resource_content.jsp?oid=16797240 HTTP/1.1" 200 42460
114.40.105.209 - - [19/Nov/2015:09:32:19 +0800] "GET /content/repository/resource_content.jsp?oid=1844640&queryString=%E6%8F%90%E6%A2%81%20%E6%8F%90%E6%A2%81%E5%A3%BA HTTP/1.1" 200 30363
114.40.105.209 - - [19/Nov/2015:09:32:20 +0800] "GET /content/nav/relationSubject.jsp?relationWords=%E6%8F%90%E6%A2%81+%E6%8F%90%E6%A2%81%E5%8D%A3+&oid=1844640 HTTP/1.1" 200 2450
207.46.13.156 - - [19/Nov/2015:09:32:34 +0800] "GET /content/subject/resource_content.jsp?oid=16777421 HTTP/1.1" 200 34235
66.249.77.91 - - [19/Nov/2015:09:32:40 +0800] "GET /content/subject/resource_content.jsp?oid=16777493&queryType=qs&queryString=%E7%BE%8E%E4%BA%BA%E5%9C%96 HTTP/1.1" 200 48460
114.40.105.209 - - [19/Nov/2015:09:33:18 +0800] "GET /content/subject/resource_content.jsp?oid=16777801&queryType=qc HTTP/1.1" 200 43038
114.40.105.209 - - [19/Nov/2015:09:33:18 +0800] "GET /content/nav/relationSubject.jsp?relationWords=%E6%8F%90%E6%A2%81+%E6%8F%90%E6%A2%81%E5%8D%A3+%E7%8D%B8%E9%9D%A2+%E7%8D%B8%E9%9D%A2%E7%B4%8B+%E9%85%92%E5%99%A8+&oid=16777801 HTTP/1.1" 200 3965
114.40.105.209 - - [19/Nov/2015:09:33:28 +0800] "GET /content/repository/resource_content.jsp?oid=1848709&queryString=%E6%8F%90%E6%A2%81%20%E6%8F%90%E6%A2%81%E5%8D%A3%20%E7%8D%B8%E9%9D%A2%20%E7%8D%B8%E9%9D%A2%E7%B4%8B%20%E9%85%92%E5%99%A8 HTTP/1.1" 200 31323
114.40.105.209 - - [19/Nov/2015:09:33:29 +0800] "GET /content/nav/relationSubject.jsp?relationWords=%E6%8F%90%E6%A2%81+%E6%8F%90%E6%A2%81%E5%A3%BA+&oid=1848709 HTTP/1.1" 200 2456
114.40.105.209 - - [19/Nov/2015:09:33:31 +0800] "GET /content/repository/resource_content.jsp?oid=1844640&queryString=%E6%8F%90%E6%A2%81%20%E6%8F%90%E6%A2%81%E5%A3%BA HTTP/1.1" 200 30363
114.40.105.209 - - [19/Nov/2015:09:33:32 +0800] "GET /content/nav/relationSubject.jsp?relationWords=%E6%8F%90%E6%A2%81+%E6%8F%90%E6%A2%81%E5%8D%A3+&oid=1844640 HTTP/1.1" 200 2450
66.249.71.14 - - [19/Nov/2015:09:34:15 +0800] "GET /content/repository/resource_content.jsp?oid=1562627&queryType=qs&queryString=%E5%AE%8F%E6%BF%A4 HTTP/1.1" 200 29803
202.189.127.88 - - [19/Nov/2015:09:34:46 +0800] "GET /content/nav/relationSubject.jsp?relationWords=%E6%9C%A8%E7%8A%80+%E6%A1%82%E8%8A%B1+&oid=16777255 HTTP/1.1" 200 4029
66.249.77.85 - - [19/Nov/2015:09:35:20 +0800] "GET /content/nav/relationSubject.jsp?relationWords=%E5%9D%AA%E6%9E%97%E7%A7%8B%E6%B5%B7%E6%A3%A0+%E6%B5%B7%E6%A3%A0+%E7%A7%8B%E6%B5%B7%E6%A3%A0+&oid=16777493 HTTP/1.1" 200 4994
203.67.186.44 - - [19/Nov/2015:09:35:27 +0800] "GET /content/repository/resource_content.jsp?oid=1097346&queryString=%E6%A4%8D%E7%89%A9%E7%95%8C%20%E6%BE%A4%E8%98%AD%E5%B1%AC%20%E8%85%BA%E8%91%89%E6%BE%A4%E8%98%AD%20%E8%8F%8A%E7%A7%91%20%E9%9B%99%E5%AD%90%E8%91%89%E6%A4%8D%E7%89%A9 HTTP/1.1" 200 31395
203.67.186.44 - - [19/Nov/2015:09:35:30 +0800] "GET /content/nav/relationSubject.jsp?relationWords=%E6%A4%8D%E7%89%A9%E7%95%8C+%E6%BE%A4%E8%98%AD+%E6%BE%A4%E8%98%AD%E5%B1%AC+%E8%85%BA%E8%91%89+%E8%85%BA%E8%91%89%E6%BE%A4%E8%98%AD+%E8%8F%8A%E7%A7%91+%E8%98%AD%E5%B1%AC+%E9%9B%99%E5%AD%90%E8%91%89+%E9%9B%99%E5%AD%90%E8%91%89%E6%A4%8D%E7%89%A9+&oid=1097346 HTTP/1.1" 200 5072
157.55.39.29 - - [19/Nov/2015:09:35:58 +0800] "GET /content/subject/resource_content.jsp?oid=16777471 HTTP/1.1" 200 30261
157.55.39.29 - - [19/Nov/2015:09:35:59 +0800] "GET /content/subject/resource_content.jsp?oid=16797239 HTTP/1.1" 200 44010
157.55.39.52 - - [19/Nov/2015:09:36:24 +0800] "GET /content/subject/resource_content.jsp?oid=16777560 HTTP/1.1" 200 28635
157.55.39.51 - - [19/Nov/2015:09:37:04 +0800] "GET /content/subject/resource_content.jsp?oid=16797290&queryType=qc HTTP/1.1" 200 48337
66.249.71.23 - - [19/Nov/2015:09:37:06 +0800] "GET /digiarch3/content/repository/resource_content.jsp?oid=1539563&queryType=qs&queryString=%E5%90%B3%E9%83%AD%E9%AD%9A HTTP/1.1" 200 28963
66.249.71.5 - - [19/Nov/2015:09:37:10 +0800] "GET /digiarch3/content/nav/relationSubject.jsp?relationWords=%E5%90%B3%E9%83%AD%E9%AD%9A+%E5%BA%9C%E8%BE%B2%E6%BC%81%E5%AD%97+%E8%A1%A8%E5%BD%B0+&oid=1539563 HTTP/1.1" 200 3519
66.249.71.5 - - [19/Nov/2015:09:37:12 +0800] "GET /digiarch3/content/nav/relationSubject.jsp?relationWords=%E5%90%B3%E9%83%AD%E9%AD%9A%20%E5%BA%9C%E8%BE%B2%E6%BC%81%E5%AD%97%20%E8%A1%A8%E5%BD%B0%20&oid=1539563 HTTP/1.1" 200 3519
183.79.221.132 - - [19/Nov/2015:09:37:48 +0800] "GET /content/subject/resource_content.jsp?oid=16777304&queryType=qc HTTP/1.0" 200 36896
114.40.105.209 - - [19/Nov/2015:09:38:31 +0800] "GET /content/repository/resource_content.jsp?oid=1847911&queryString=%E6%8F%90%E6%A2%81%20%E6%8F%90%E6%A2%81%E5%8D%A3%20%E7%8D%B8%E9%9D%A2%20%E7%8D%B8%E9%9D%A2%E7%B4%8B%20%E9%85%92%E5%99%A8 HTTP/1.1" 200 31021
114.40.105.209 - - [19/Nov/2015:09:38:32 +0800] "GET /content/nav/relationSubject.jsp?relationWords=%E7%8D%B8%E9%9D%A2+%E9%AA%A8%E7%AE%A1+&oid=1847911 HTTP/1.1" 200 3815
117.56.246.174 - - [19/Nov/2015:09:38:36 +0800] "GET /content/subject/resource_content.jsp?oid=16777740&queryType=qc HTTP/1.1" 200 41475
117.56.246.174 - - [19/Nov/2015:09:38:38 +0800] "GET /content/nav/relationSubject.jsp?relationWords=%E6%BC%A2%E4%BB%A3+%E6%BC%A2%E7%B0%A1+%E7%95%AA%E7%A4%BE+%E7%95%AA%E7%A4%BE%E9%87%87%E9%A2%A8%E5%9C%96+%E7%B0%A1%E7%89%98+%E9%87%87%E9%A2%A8%E5%9C%96+&oid=16777740 HTTP/1.1" 200 4776
157.55.39.52 - - [19/Nov/2015:09:39:15 +0800] "GET /content/subject/resource_content.jsp?oid=16777736 HTTP/1.1" 200 43195
36.230.155.239 - - [19/Nov/2015:09:39:33 +0800] "GET /content/nav/relationSubject.jsp?relationWords=%E6%9C%A8%E7%8A%80+%E6%A1%82%E8%8A%B1+&oid=16777255 HTTP/1.1" 200 4029
66.249.71.60 - - [19/Nov/2015:09:40:37 +0800] "GET /content/nav/relationSubject.jsp?relationWords=%E5%85%87%E7%9B%9C+%E7%90%86%E8%97%A9%E9%99%A2+&oid=2682918 HTTP/1.1" 200 3122
66.249.71.60 - - [19/Nov/2015:09:40:41 +0800] "GET /content/nav/relationSubject.jsp?relationWords=%E5%85%87%E7%9B%9C%20%E7%90%86%E8%97%A9%E9%99%A2%20&oid=2682918 HTTP/1.1" 200 3122
163.17.179.2 - - [19/Nov/2015:09:40:42 +0800] "GET /content/nav/relationSubject.jsp?relationWords=%E9%9D%92%E6%A5%93+&oid=16777274 HTTP/1.1" 200 3565
40.77.167.53 - - [19/Nov/2015:09:40:57 +0800] "GET /content/subject/resource_content.jsp?oid=16777734 HTTP/1.1" 200 40259
157.55.39.28 - - [19/Nov/2015:09:41:13 +0800] "GET /content/subject/resource_content.jsp?oid=16777746 HTTP/1.1" 200 39199
40.77.167.53 - - [19/Nov/2015:09:41:17 +0800] "GET /content/tmp_exh/resource_content.jsp?oid=16777851 HTTP/1.1" 200 45692
66.249.71.64 - - [19/Nov/2015:09:41:33 +0800] "GET /content/repository/resource_content.jsp?oid=1525138 HTTP/1.1" 200 28853
40.77.167.53 - - [19/Nov/2015:09:41:53 +0800] "GET /content/subject/resource_content.jsp?oid=16777749 HTTP/1.1" 200 41259
111.243.101.211 - - [19/Nov/2015:09:42:17 +0800] "GET /content/tmp_exh/resource_content.jsp?oid=16777760&amp;queryType=qc%201889 HTTP/1.1" 200 35810
111.243.101.211 - - [19/Nov/2015:09:42:19 +0800] "GET /content/nav/relationSubject.jsp?relationWords=&oid=16777760 HTTP/1.1" 200 1405
157.55.39.51 - - [19/Nov/2015:09:42:40 +0800] "GET /content/tmp_exh/resource_content.jsp?oid=16777750&queryType=qc HTTP/1.1" 200 32507
66.249.71.5 - - [19/Nov/2015:09:42:46 +0800] "GET /content/nav/relationSubject.jsp?relationWords=%E4%BA%A4%E9%80%9A%E8%99%95%20%E5%AE%8F%E6%BF%A4%20%E5%BB%BA%E8%A8%AD%E5%BB%B3%20%E6%9C%83%E8%AD%B0%E7%B4%80%E9%8C%84%20%E6%B0%B4%E5%88%A9%E5%B1%80%20%E6%B0%B8%E6%A8%91%20%E7%9C%81%E8%AD%B0%E6%9C%83%20%E8%81%B2%E7%B0%A7%20%E8%87%BA%E7%81%A3%E7%9C%81%20%E8%87%BA%E7%81%A3%E7%9C%81%E8%AD%B0%E6%9C%83%20%E8%91%9B%E6%A8%82%E7%A6%AE%20%E8%91%9B%E6%A8%82%E7%A6%AE%E9%A2%B1%E9%A2%A8%20%E8%99%95%E9%95%B7%20%E8%B2%A1%E6%94%BF%20%E8%B2%A1%E6%94%BF%E5%BB%B3%20%E9%A2%A8%E7%81%BD%20&oid=1562627 HTTP/1.1" 200 5975
111.243.101.211 - - [19/Nov/2015:09:42:52 +0800] "GET /content/tmp_exh/resource_content.jsp?oid=16777760&amp;queryType=qc%201889 HTTP/1.1" 200 35810
111.243.101.211 - - [19/Nov/2015:09:42:52 +0800] "GET /content/nav/relationSubject.jsp?relationWords=&oid=16777760 HTTP/1.1" 200 1405
157.55.39.28 - - [19/Nov/2015:09:43:19 +0800] "GET /content/subject/resource_content.jsp?oid=16777801&queryType=qc HTTP/1.1" 200 43038
66.249.71.64 - - [19/Nov/2015:09:43:27 +0800] "GET /content/nav/relationSubject.jsp?relationWords=%E6%B1%BD%E6%B2%B9+%E6%B2%B9%E8%BB%8A+%E8%94%A1%E7%99%BB%E9%A0%86+%E8%B7%AF%E7%AB%B9+%E8%B7%AF%E7%AB%B9%E9%84%89+%E9%90%B5%E8%B7%AF%E5%B1%80+&oid=1525138 HTTP/1.1" 200 6203
66.249.71.60 - - [19/Nov/2015:09:43:29 +0800] "GET /content/nav/relationSubject.jsp?relationWords=%E6%B1%BD%E6%B2%B9%20%E6%B2%B9%E8%BB%8A%20%E8%94%A1%E7%99%BB%E9%A0%86%20%E8%B7%AF%E7%AB%B9%20%E8%B7%AF%E7%AB%B9%E9%84%89%20%E9%90%B5%E8%B7%AF%E5%B1%80%20&oid=1525138 HTTP/1.1" 200 6203
157.55.39.28 - - [19/Nov/2015:09:43:39 +0800] "GET /content/subject/resource_content.jsp?oid=16777780&queryType=qc HTTP/1.1" 200 33936
207.46.13.156 - - [19/Nov/2015:09:44:12 +0800] "GET /content/subject/resource_content.jsp?oid=16777495 HTTP/1.1" 200 34811
157.55.39.52 - - [19/Nov/2015:09:45:37 +0800] "GET /content/subject/resource_content.jsp?oid=16797234 HTTP/1.1" 200 46558
66.249.71.164 - - [19/Nov/2015:09:45:58 +0800] "GET /content/nav/relationSubject.jsp?relationWords=%E5%85%92%E7%8E%89+%E5%85%92%E7%8E%89%E7%A5%9E%E7%A4%BE+%E7%A5%9E%E7%A4%BE+&oid=4496153 HTTP/1.1" 200 4259
66.249.74.102 - - [19/Nov/2015:09:46:00 +0800] "GET /content/repository/resource_content.jsp?oid=14143&queryString=%E4%BD%8E%E9%B0%AD%E5%88%BA%E9%AF%8A%20%E5%88%BA%E9%AF%8A%20%E5%B0%96%E9%B0%AD%E9%AE%AB%20%E6%A3%98%E6%B2%99%20%E6%B2%99%E9%AD%9A HTTP/1.1" 200 36087
66.249.71.155 - - [19/Nov/2015:09:46:01 +0800] "GET /content/nav/relationSubject.jsp?relationWords=%E5%85%92%E7%8E%89%20%E5%85%92%E7%8E%89%E7%A5%9E%E7%A4%BE%20%E7%A5%9E%E7%A4%BE%20&oid=4496153 HTTP/1.1" 200 4259
123.125.71.23 - - [19/Nov/2015:09:46:28 +0800] "GET /content/subject/resource_content.jsp?oid=16777570&queryType=qc HTTP/1.1" 200 40478
183.79.221.132 - - [19/Nov/2015:09:47:00 +0800] "GET /content/subject/resource_content.jsp?oid=16777626&queryType=qc HTTP/1.0" 200 43125
183.79.221.132 - - [19/Nov/2015:09:47:22 +0800] "GET /digiarch3/content/subject/resource_content.jsp?oid=16777838&queryType=qc HTTP/1.0" 200 58983
66.249.71.72 - - [19/Nov/2015:09:48:20 +0800] "GET /content/nav/relationSubject.jsp?relationWords=%E5%85%AC%E4%BF%9D+%E5%9B%9B%E5%BA%9C+%E6%95%88%E7%8E%87+%E6%95%88%E7%8E%87%E6%A1%88+%E7%BE%A9%E6%B6%88+&oid=1618386 HTTP/1.1" 200 3379
66.249.71.60 - - [19/Nov/2015:09:48:23 +0800] "GET /content/nav/relationSubject.jsp?relationWords=%E5%85%AC%E4%BF%9D%20%E5%9B%9B%E5%BA%9C%20%E6%95%88%E7%8E%87%20%E6%95%88%E7%8E%87%E6%A1%88%20%E7%BE%A9%E6%B6%88%20&oid=1618386 HTTP/1.1" 200 3379
68.180.228.24 - - [19/Nov/2015:09:48:40 +0800] "GET /content/subject/resource_content.jsp?oid=16777463&queryType=qc HTTP/1.1" 200 28400
157.55.39.52 - - [19/Nov/2015:09:49:30 +0800] "GET /content/subject/resource_content.jsp?oid=16777350&queryType=qc HTTP/1.1" 200 36769
223.140.22.48 - - [19/Nov/2015:09:50:17 +0800] "GET /content/repository/resource_content.jsp?oid=1095657&queryString=%E5%85%AD%E9%81%93%E6%9C%A8%E5%B1%AC%20%E5%8F%B0%E7%81%A3%E7%B3%AF%E7%B1%B3%E6%A2%9D%20%E5%BF%8D%E5%86%AC%E7%A7%91%20%E6%A4%8D%E7%89%A9%E7%95%8C HTTP/1.1" 200 31265
223.140.22.48 - - [19/Nov/2015:09:50:18 +0800] "GET /content/nav/relationSubject.jsp?relationWords=%E5%85%AD%E9%81%93%E6%9C%A8+%E5%85%AD%E9%81%93%E6%9C%A8%E5%B1%AC+%E5%8F%B0%E7%81%A3%E7%B3%AF%E7%B1%B3%E6%A2%9D+%E5%BF%8D%E5%86%AC+%E5%BF%8D%E5%86%AC%E7%A7%91+%E6%A4%8D%E7%89%A9%E7%95%8C+%E7%B3%AF%E7%B1%B3%E6%A2%9D+&oid=1095657 HTTP/1.1" 200 3490
192.192.58.18 - - [19/Nov/2015:09:50:30 +0800] "GET /content/nav/relationSubject.jsp?relationWords=%E7%B4%AB%E8%96%87+&oid=16777424 HTTP/1.1" 200 4000
157.55.39.51 - - [19/Nov/2015:09:50:43 +0800] "GET /content/subject/resource_content.jsp?oid=16777840 HTTP/1.1" 200 40660
207.46.13.156 - - [19/Nov/2015:09:51:08 +0800] "GET /content/subject/resource_content.jsp?oid=16777381 HTTP/1.1" 200 37161
183.79.221.132 - - [19/Nov/2015:09:53:14 +0800] "GET /digiarch3/content/subject/resource_content.jsp?oid=16777780&queryType=qc HTTP/1.0" 200 33894
66.249.71.113 - - [19/Nov/2015:09:53:49 +0800] "GET /content/nav/relationSubject.jsp?relationWords=%E9%AD%AF%E6%B2%B3+&oid=2649568 HTTP/1.1" 200 3043
66.249.71.105 - - [19/Nov/2015:09:53:51 +0800] "GET /content/nav/relationSubject.jsp?relationWords=%E9%AD%AF%E6%B2%B3%20&oid=2649568 HTTP/1.1" 200 3043
66.249.71.64 - - [19/Nov/2015:09:54:53 +0800] "GET /content/repository/resource_content.jsp?oid=217022 HTTP/1.1" 200 30609
157.55.39.51 - - [19/Nov/2015:09:55:15 +0800] "GET /content/nav/relationSubject.jsp?relationWords=%E6%B8%85%E4%BB%A3%E7%A7%91%E8%88%89+%E7%A7%91%E8%88%89+%E9%AD%9A%E8%BA%8D+&oid=16777536 HTTP/1.1" 200 4901
68.180.228.24 - - [19/Nov/2015:09:55:33 +0800] "GET /content/subject/resource_content.jsp?oid=16777333&queryType=qc HTTP/1.1" 200 31993
183.79.221.132 - - [19/Nov/2015:09:55:34 +0800] "GET /content/subject/resource_content.jsp?oid=16777294&queryType=qc HTTP/1.0" 200 28051
111.243.101.211 - - [19/Nov/2015:09:56:11 +0800] "GET /content/tmp_exh/resource_content.jsp?oid=16777760&amp;queryType=qc%201889 HTTP/1.1" 200 35810
111.243.101.211 - - [19/Nov/2015:09:56:11 +0800] "GET /content/nav/relationSubject.jsp?relationWords=&oid=16777760 HTTP/1.1" 200 1405
111.243.101.211 - - [19/Nov/2015:09:56:33 +0800] "GET /content/tmp_exh/resource_content.jsp?oid=16777760&amp;queryType=qc%201889 HTTP/1.1" 200 35810
111.243.101.211 - - [19/Nov/2015:09:56:33 +0800] "GET /content/nav/relationSubject.jsp?relationWords=&oid=16777760 HTTP/1.1" 200 1405
60.245.65.150 - - [19/Nov/2015:09:57:31 +0800] "GET /content/subject/resource_content.jsp?oid=16777692 HTTP/1.1" 200 36451
60.245.65.150 - - [19/Nov/2015:09:57:33 +0800] "GET /content/nav/relationSubject.jsp?relationWords=&oid=16777692 HTTP/1.1" 200 1405
66.249.71.72 - - [19/Nov/2015:09:57:41 +0800] "GET /content/nav/relationSubject.jsp?relationWords=%E7%9C%81%E6%94%BF%E5%BA%9C+%E8%81%B7%E6%A5%AD%E5%AD%B8%E6%A0%A1+&oid=1535090 HTTP/1.1" 200 4522
66.249.71.60 - - [19/Nov/2015:09:57:44 +0800] "GET /content/nav/relationSubject.jsp?relationWords=%E7%9C%81%E6%94%BF%E5%BA%9C%20%E8%81%B7%E6%A5%AD%E5%AD%B8%E6%A0%A1%20&oid=1535090 HTTP/1.1" 200 4522
66.249.71.72 - - [19/Nov/2015:09:59:20 +0800] "GET /content/subject/resource_content.jsp?oid=16777685&queryType=qs&queryString=%E7%B6%AD%E7%AE%A1%E6%9D%9F%E6%A4%8D%E7%89%A9 HTTP/1.1" 200 37966
66.249.71.14 - - [19/Nov/2015:10:02:11 +0800] "GET /digiarch3/content/repository/resource_content.jsp?oid=1081614&queryType=qs&queryString=%E6%BE%B3%E5%A4%A7%E5%88%A9%E4%BA%9E HTTP/1.1" 200 35752
1.161.62.142 - - [19/Nov/2015:10:03:16 +0800] "GET /content/nav/relationSubject.jsp?relationWords=%E8%96%9C%E8%8D%94+&oid=16777485 HTTP/1.1" 200 3561
157.55.39.52 - - [19/Nov/2015:10:03:40 +0800] "GET /content/subject/resource_content.jsp?oid=16777839 HTTP/1.1" 200 27204
207.46.13.156 - - [19/Nov/2015:10:03:45 +0800] "GET /content/tmp_tec/resource_content.jsp?oid=16777734 HTTP/1.1" 200 36957
66.249.71.64 - - [19/Nov/2015:10:03:46 +0800] "GET /content/repository/resource_content.jsp?oid=1623648&queryString=%E5%9B%9B%E4%B8%80%E4%BA%8C%20%E6%A1%83%E5%9C%92%E5%B8%82%20%E9%99%B8%E6%A9%8B HTTP/1.1" 200 29089
157.55.39.51 - - [19/Nov/2015:10:04:09 +0800] "GET /content/subject/resource_content.jsp?oid=16777788&queryType=qc HTTP/1.1" 200 42882
68.180.228.24 - - [19/Nov/2015:10:04:43 +0800] "GET /content/repository/resource_content.jsp?oid=3211632&queryType=qc HTTP/1.1" 200 36383
122.116.163.199 - - [19/Nov/2015:10:06:11 +0800] "GET /content/nav/relationSubject.jsp?relationWords=%E7%A9%97%E8%8A%B1%E5%B1%B1%E5%A5%88+%E9%87%8E%E8%96%91%E8%8A%B1+&oid=16777263 HTTP/1.1" 200 3284
157.55.39.51 - - [19/Nov/2015:10:08:10 +0800] "GET /content/subject/resource_content.jsp?oid=16777390&queryType=qc HTTP/1.1" 200 43088
66.249.71.64 - - [19/Nov/2015:10:08:13 +0800] "GET /content/repository/resource_content.jsp?oid=2564628 HTTP/1.1" 200 28886
157.55.39.28 - - [19/Nov/2015:10:08:36 +0800] "GET /content/nav/relationSubject.jsp?relationWords=&oid=16777591 HTTP/1.1" 200 1405
183.79.221.132 - - [19/Nov/2015:10:08:58 +0800] "GET /digiarch3/content/subject/resource_content.jsp?oid=16777839&queryType=qc HTTP/1.0" 200 27159
207.46.13.156 - - [19/Nov/2015:10:09:09 +0800] "GET /content/subject/resource_content.jsp?oid=16777838&queryType=qc> HTTP/1.1" 200 59031
157.55.39.28 - - [19/Nov/2015:10:10:02 +0800] "GET /content/subject/resource_content.jsp?oid=16777566 HTTP/1.1" 200 31759
66.249.71.14 - - [19/Nov/2015:10:10:28 +0800] "GET /digiarch3/content/nav/relationSubject.jsp?relationWords=%E4%B8%89%E5%B3%BD%E9%8E%AE+%E5%90%88%E4%BD%9C%E7%A4%BE+%E6%9D%8E%E6%A2%85%E6%A8%B9+%E7%94%B0%E8%B3%A6+&oid=1518286 HTTP/1.1" 200 4078
66.249.71.5 - - [19/Nov/2015:10:10:37 +0800] "GET /digiarch3/content/nav/relationSubject.jsp?relationWords=%E4%B8%89%E5%B3%BD%E9%8E%AE%20%E5%90%88%E4%BD%9C%E7%A4%BE%20%E6%9D%8E%E6%A2%85%E6%A8%B9%20%E7%94%B0%E8%B3%A6%20&oid=1518286 HTTP/1.1" 200 4078
68.180.228.24 - - [19/Nov/2015:10:12:24 +0800] "GET /content/subject/resource_content.jsp?oid=16777742&queryString HTTP/1.1" 200 38999
66.249.71.64 - - [19/Nov/2015:10:12:39 +0800] "GET /content/repository/resource_content.jsp?oid=219374 HTTP/1.1" 200 30580
122.116.178.221 - - [19/Nov/2015:10:12:48 +0800] "GET /content/tmp_exh/resource_content.jsp?oid=16777851&queryType=qc HTTP/1.1" 200 45681
122.116.178.221 - - [19/Nov/2015:10:12:49 +0800] "GET /content/nav/relationSubject.jsp?relationWords=&oid=16777851 HTTP/1.1" 200 1405
66.249.71.72 - - [19/Nov/2015:10:13:14 +0800] "GET /content/subject/resource_content.jsp?oid=16777744&queryString= HTTP/1.1" 200 41136
66.249.71.14 - - [19/Nov/2015:10:13:35 +0800] "GET /digiarch3/content/nav/relationSubject.jsp?relationWords=%E8%97%8D%E8%87%80%E9%B8%9A%E5%93%A5%E9%AD%9A%20%E8%97%8D%E8%87%80%E9%B8%9A%E5%98%B4%E9%AD%9A%20%E8%A0%94%E9%AD%9A%20%E9%9D%92%E8%A1%AB%20%E9%B8%9A%E5%93%A5%20%E9%B8%9A%E5%93%A5%E9%AD%9A%20&oid=1081614 HTTP/1.1" 200 3598
68.180.228.24 - - [19/Nov/2015:10:13:48 +0800] "GET /digiarch_en/content/subject/resource_content.jsp?oid=16777435&queryType=qc HTTP/1.1" 200 23034
66.249.71.64 - - [19/Nov/2015:10:14:50 +0800] "GET /content/repository/resource_content.jsp?oid=1776813 HTTP/1.1" 200 27448
207.46.13.156 - - [19/Nov/2015:10:15:00 +0800] "GET /content/subject/resource_content.jsp?oid=16777615&queryType=qc HTTP/1.1" 200 37930
183.79.221.132 - - [19/Nov/2015:10:15:16 +0800] "GET /content/subject/resource_content.jsp?oid=16777776&queryType=qc HTTP/1.0" 200 61552
66.249.77.85 - - [19/Nov/2015:10:15:55 +0800] "GET /content/nav/relationSubject.jsp?relationWords=%E4%B8%8A%E6%B8%85%E9%9D%88%E5%AF%B6%E5%A4%A9%E5%B0%8A+&oid=4362710 HTTP/1.1" 200 2778
66.249.77.85 - - [19/Nov/2015:10:15:58 +0800] "GET /content/nav/relationSubject.jsp?relationWords=%E4%B8%8A%E6%B8%85%E9%9D%88%E5%AF%B6%E5%A4%A9%E5%B0%8A%20&oid=4362710 HTTP/1.1" 200 2778
36.230.249.32 - - [19/Nov/2015:10:16:12 +0800] "GET /content/nav/relationSubject.jsp?relationWords=&oid=16777459 HTTP/1.1" 200 1405
157.55.39.28 - - [19/Nov/2015:10:16:18 +0800] "GET /content/tmp_auth/resource_content.jsp?oid=16777810 HTTP/1.1" 200 40602
36.230.249.32 - - [19/Nov/2015:10:16:59 +0800] "GET /content/subject/resource_content.jsp?oid=16777728&queryType=qs&queryString=%E5%9C%B0%E5%BD%A2%E5%9C%96 HTTP/1.1" 200 65095
36.230.249.32 - - [19/Nov/2015:10:17:00 +0800] "GET /content/nav/relationSubject.jsp?relationWords=GIS+&oid=16777728 HTTP/1.1" 200 2507
66.249.71.5 - - [19/Nov/2015:10:17:06 +0800] "GET /digiarch3/content/repository/resource_content.jsp?oid=4354147&queryString=%E7%83%8F%E9%AF%8A%20%E7%87%88%E7%B1%A0%E6%A3%98%E9%AE%AB%20%E8%8E%AB%E6%B0%8F%20%E9%BB%91%E6%B2%99 HTTP/1.1" 200 36923
183.79.221.132 - - [19/Nov/2015:10:17:07 +0800] "GET /content/subject/resource_content.jsp?oid=16777309&queryType=qc HTTP/1.0" 200 28672
123.125.71.116 - - [19/Nov/2015:10:17:14 +0800] "GET /content/subject/resource_content.jsp?oid=16777688&queryType=qc HTTP/1.1" 200 39223
66.249.71.72 - - [19/Nov/2015:10:17:22 +0800] "GET /content/repository/resource_content.jsp?oid=1899639 HTTP/1.1" 200 29717
66.249.71.60 - - [19/Nov/2015:10:17:25 +0800] "GET /content/nav/relationSubject.jsp?relationWords=%E5%9C%B0%E5%BD%A2%E5%9C%96+%E6%B2%B3%E5%8F%A3%E5%A2%9F+&oid=217022 HTTP/1.1" 200 3105
163.19.132.50 - - [19/Nov/2015:10:17:26 +0800] "GET /content/nav/relationSubject.jsp?relationWords=%E9%9D%92%E5%89%9B+%E9%9D%92%E5%89%9B%E6%AB%9F+&oid=16777349 HTTP/1.1" 200 4048
66.249.71.60 - - [19/Nov/2015:10:17:27 +0800] "GET /content/nav/relationSubject.jsp?relationWords=%E5%9C%B0%E5%BD%A2%E5%9C%96%20%E6%B2%B3%E5%8F%A3%E5%A2%9F%20&oid=217022 HTTP/1.1" 200 3105
36.230.249.32 - - [19/Nov/2015:10:18:00 +0800] "GET /content/subject/resource_content.jsp?oid=16777728&queryType=qs&queryString=%E8%B3%87%E6%96%99%E6%A0%BC%E5%BC%8F HTTP/1.1" 200 65160
36.230.249.32 - - [19/Nov/2015:10:18:00 +0800] "GET /content/nav/relationSubject.jsp?relationWords=GIS+&oid=16777728 HTTP/1.1" 200 2507
66.249.71.60 - - [19/Nov/2015:10:18:06 +0800] "GET /content/nav/relationSubject.jsp?relationWords=&oid=2564628 HTTP/1.1" 200 1405
66.249.71.72 - - [19/Nov/2015:10:19:50 +0800] "GET /content/nav/relationSubject.jsp?relationWords=%E9%99%B8%E6%B8%AC%E5%9C%96+&oid=177356 HTTP/1.1" 200 3079
66.249.71.60 - - [19/Nov/2015:10:19:51 +0800] "GET /content/nav/relationSubject.jsp?relationWords=%E9%99%B8%E6%B8%AC%E5%9C%96%20&oid=177356 HTTP/1.1" 200 3079
66.249.71.64 - - [19/Nov/2015:10:19:54 +0800] "GET /content/repository/resource_content.jsp?oid=1607220 HTTP/1.1" 200 29072
157.55.39.52 - - [19/Nov/2015:10:20:21 +0800] "GET /content/subject/resource_content.jsp?oid=16777839&queryType=qc HTTP/1.1" 200 27193
66.249.71.113 - - [19/Nov/2015:10:20:41 +0800] "GET /content/nav/relationSubject.jsp?relationWords=%E6%A3%98%E8%A7%92%E9%AD%9A+%E8%A7%92%E4%BB%94%E9%AD%9A+%E8%A7%92%E9%AD%9A+%E9%9B%9E%E8%A7%92+%E9%BB%91%E8%A7%92%E9%AD%9A+&oid=4354249 HTTP/1.1" 200 3584
66.249.71.105 - - [19/Nov/2015:10:20:43 +0800] "GET /content/nav/relationSubject.jsp?relationWords=%E6%A3%98%E8%A7%92%E9%AD%9A%20%E8%A7%92%E4%BB%94%E9%AD%9A%20%E8%A7%92%E9%AD%9A%20%E9%9B%9E%E8%A7%92%20%E9%BB%91%E8%A7%92%E9%AD%9A%20&oid=4354249 HTTP/1.1" 200 3584
114.34.104.177 - - [19/Nov/2015:10:20:50 +0800] "GET /content/nav/relationSubject.jsp?relationWords=%E8%8B%A6%E8%8B%93+&oid=16777317 HTTP/1.1" 200 3183
223.141.250.85 - - [19/Nov/2015:10:20:59 +0800] "GET /content/nav/relationSubject.jsp?relationWords=%E9%BB%91%E6%9D%BF%E6%A8%B9+&oid=16777262 HTTP/1.1" 200 3253
223.141.250.85 - - [19/Nov/2015:10:21:04 +0800] "GET /content/nav/relationSubject.jsp?relationWords=%E9%BB%91%E6%9D%BF%E6%A8%B9+&oid=16777262 HTTP/1.1" 200 3253
66.249.71.105 - - [19/Nov/2015:10:21:33 +0800] "GET /content/repository/resource_content.jsp?oid=2686435&queryType=qs&queryString=%E6%8F%9A%E5%B7%9E HTTP/1.1" 200 30593
220.132.176.101 - - [19/Nov/2015:10:22:16 +0800] "GET /content/repository/resource_content.jsp?oid=1775987&queryType=qs&queryString=%E6%96%B9%E8%A1%A3 HTTP/1.1" 200 30144
220.132.176.101 - - [19/Nov/2015:10:22:17 +0800] "GET /content/nav/relationSubject.jsp?relationWords=%E5%8F%B0%E7%81%A3%E5%8E%9F%E4%BD%8F%E6%B0%91+%E6%96%B9%E8%A1%A3+%E6%B3%B0%E9%9B%85+%E6%B3%B0%E9%9B%85%E6%97%8F+%E7%89%A9%E8%B3%AA%E6%96%87%E5%8C%96+%E7%B4%8B%E9%A3%BE+&oid=1775987 HTTP/1.1" 200 5233
66.249.71.72 - - [19/Nov/2015:10:22:26 +0800] "GET /content/repository/resource_content.jsp?oid=1567035 HTTP/1.1" 200 28631
66.249.71.64 - - [19/Nov/2015:10:22:31 +0800] "GET /content/nav/relationSubject.jsp?relationWords=%E4%B8%89%E5%B3%BD%E9%8E%AE+%E5%93%A1%E5%B1%B1%E9%84%89+%E5%9C%8B%E6%9C%89%E6%9E%97+%E5%AF%92%E9%9D%92+%E5%B1%B1%E5%9D%A1%E5%9C%B0+%E6%9D%8E%E7%A7%8B%E9%81%A0+%E7%8E%8B%E5%AE%8B%E7%93%8A%E8%8B%B1+%E7%9C%81%E6%94%BF%E5%BA%9C+%E8%91%89%E5%AF%92%E9%9D%92+%E8%AC%9D%E8%B2%B4+%E9%99%B3%E8%88%88%E7%9B%9B+&oid=1899639 HTTP/1.1" 200 4942
66.249.71.60 - - [19/Nov/2015:10:22:33 +0800] "GET /content/nav/relationSubject.jsp?relationWords=%E4%B8%89%E5%B3%BD%E9%8E%AE%20%E5%93%A1%E5%B1%B1%E9%84%89%20%E5%9C%8B%E6%9C%89%E6%9E%97%20%E5%AF%92%E9%9D%92%20%E5%B1%B1%E5%9D%A1%E5%9C%B0%20%E6%9D%8E%E7%A7%8B%E9%81%A0%20%E7%8E%8B%E5%AE%8B%E7%93%8A%E8%8B%B1%20%E7%9C%81%E6%94%BF%E5%BA%9C%20%E8%91%89%E5%AF%92%E9%9D%92%20%E8%AC%9D%E8%B2%B4%20%E9%99%B3%E8%88%88%E7%9B%9B%20&oid=1899639 HTTP/1.1" 200 4942
218.161.51.193 - - [19/Nov/2015:10:22:56 +0800] "GET /content/nav/relationSubject.jsp?relationWords=&oid=16777459 HTTP/1.1" 200 1405
66.249.71.60 - - [19/Nov/2015:10:23:16 +0800] "GET /content/nav/relationSubject.jsp?relationWords=%E6%92%AB%E7%95%AA%20%E6%99%9A%E6%B8%85%20%E9%96%8B%E5%B1%B1%E6%92%AB%E7%95%AA%20&oid=1776813 HTTP/1.1" 200 3150
66.249.71.64 - - [19/Nov/2015:10:24:58 +0800] "GET /content/repository/resource_content.jsp?oid=2470346 HTTP/1.1" 200 29704
66.249.71.72 - - [19/Nov/2015:10:25:59 +0800] "GET /content/repository/resource_content.jsp?oid=2617490&queryString=%E7%A6%8F%E5%BB%BA%E6%B0%B4%E5%B8%AB%E6%8F%90%E7%9D%A3 HTTP/1.1" 200 30592
66.249.71.60 - - [19/Nov/2015:10:26:09 +0800] "GET /content/nav/relationSubject.jsp?relationWords=%E4%B8%83%E5%BA%9C%E6%95%99+%E5%9C%8B%E6%A0%A1+&oid=1555405 HTTP/1.1" 200 3439
73.158.10.236 - - [19/Nov/2015:10:27:15 +0800] "GET /content/nav/relationSubject.jsp?relationWords=&oid=16777459 HTTP/1.1" 200 1405
66.249.71.60 - - [19/Nov/2015:10:27:30 +0800] "GET /content/repository/resource_content.jsp?oid=1636724 HTTP/1.1" 200 28849
66.249.71.64 - - [19/Nov/2015:10:28:21 +0800] "GET /content/nav/relationSubject.jsp?relationWords=%E6%8F%90%E7%9D%A3+%E6%B0%B4%E5%B8%AB%E6%8F%90%E7%9D%A3+%E7%A6%8F%E5%BB%BA%E6%B0%B4%E5%B8%AB+%E7%A6%8F%E5%BB%BA%E6%B0%B4%E5%B8%AB%E6%8F%90%E7%9D%A3+&oid=2617490 HTTP/1.1" 200 4218
66.249.71.60 - - [19/Nov/2015:10:28:24 +0800] "GET /content/nav/relationSubject.jsp?relationWords=%E6%8F%90%E7%9D%A3%20%E6%B0%B4%E5%B8%AB%E6%8F%90%E7%9D%A3%20%E7%A6%8F%E5%BB%BA%E6%B0%B4%E5%B8%AB%20%E7%A6%8F%E5%BB%BA%E6%B0%B4%E5%B8%AB%E6%8F%90%E7%9D%A3%20&oid=2617490 HTTP/1.1" 200 4218
210.243.235.15 - - [19/Nov/2015:10:29:17 +0800] "GET /content/nav/relationSubject.jsp?relationWords=%E9%BB%91%E6%9D%BF%E6%A8%B9+&oid=16777262 HTTP/1.1" 200 3253
220.246.245.90 - - [19/Nov/2015:10:29:17 +0800] "GET /content/nav/relationSubject.jsp?relationWords=%E5%BF%97%E4%BD%B3%E9%99%BD%E6%9D%9C%E9%B5%91+%E6%9D%9C%E9%B5%91+%E6%9D%9C%E9%B5%91%E8%8A%B1+%E7%99%BD%E7%90%89%E7%90%83%E6%9D%9C%E9%B5%91+%E8%91%97%E7%94%9F%E6%9D%9C%E9%B5%91+&oid=16777345 HTTP/1.1" 200 5135
157.55.39.28 - - [19/Nov/2015:10:32:29 +0800] "GET /content/nav/relationSubject.jsp?relationWords=%E7%B4%85%E6%A5%A0+%E8%B1%AC%E8%85%B3%E6%A5%A0+&oid=16777302 HTTP/1.1" 200 3693
66.249.71.72 - - [19/Nov/2015:10:32:34 +0800] "GET /content/repository/resource_content.jsp?oid=1820200 HTTP/1.1" 200 29439
163.32.232.71 - - [19/Nov/2015:10:33:08 +0800] "GET /content/nav/relationSubject.jsp?relationWords=%E7%B4%AB%E9%88%B4%E8%97%A4+%E8%92%9C%E9%A6%99%E8%97%A4+&oid=16777257 HTTP/1.1" 200 1891
66.249.71.60 - - [19/Nov/2015:10:33:22 +0800] "GET /content/nav/relationSubject.jsp?relationWords=%E6%A0%B8%E8%9E%BA%20%E8%85%B9%E8%B6%B3%E7%B6%B1%20&oid=1636724 HTTP/1.1" 200 3186
66.249.71.72 - - [19/Nov/2015:10:34:24 +0800] "GET /content/nav/relationSubject.jsp?relationWords=%E5%9C%9F%E5%9C%B0%E9%87%8D%E5%8A%83%20%E6%A9%AB%E5%B1%B1%E9%84%89%20&oid=1567035 HTTP/1.1" 200 6786
66.249.71.60 - - [19/Nov/2015:10:34:34 +0800] "GET /content/nav/relationSubject.jsp?relationWords=%E5%A1%9A%E6%9C%AC%E7%85%A7%E5%92%8C%20&oid=2470346 HTTP/1.1" 200 1893
66.249.77.97 - - [19/Nov/2015:10:34:53 +0800] "GET /content/repository/resource_content.jsp?oid=1522399&queryString=%E5%9C%9F%E5%9C%B0%E6%94%B9%E9%9D%A9%20%E5%9C%B0%E7%B1%8D%E5%9C%96 HTTP/1.1" 200 29313
66.249.77.91 - - [19/Nov/2015:10:35:03 +0800] "GET /content/nav/relationSubject.jsp?relationWords=%E5%9C%9F%E5%9C%B0%E6%94%B9%E9%9D%A9+%E5%9C%B0%E6%AC%8A+%E5%B9%B3%E5%9D%87%E5%9C%B0%E6%AC%8A+%E5%BD%B0%E5%8C%96%E7%B8%A3%E8%AD%B0%E6%9C%83+%E7%9C%81%E6%94%BF%E5%BA%9C+%E7%AC%A6%E6%B0%91+%E7%B8%A3%E8%AD%B0%E6%9C%83+%E9%83%BD%E5%B8%82%E5%9C%9F%E5%9C%B0+%E9%83%BD%E5%B8%82%E8%A8%88%E5%8A%83+&oid=1522399 HTTP/1.1" 200 4917
66.249.71.72 - - [19/Nov/2015:10:35:07 +0800] "GET /content/repository/resource_content.jsp?oid=230899 HTTP/1.1" 200 30228
66.249.77.85 - - [19/Nov/2015:10:35:07 +0800] "GET /content/nav/relationSubject.jsp?relationWords=%E5%9C%9F%E5%9C%B0%E6%94%B9%E9%9D%A9%20%E5%9C%B0%E6%AC%8A%20%E5%B9%B3%E5%9D%87%E5%9C%B0%E6%AC%8A%20%E5%BD%B0%E5%8C%96%E7%B8%A3%E8%AD%B0%E6%9C%83%20%E7%9C%81%E6%94%BF%E5%BA%9C%20%E7%AC%A6%E6%B0%91%20%E7%B8%A3%E8%AD%B0%E6%9C%83%20%E9%83%BD%E5%B8%82%E5%9C%9F%E5%9C%B0%20%E9%83%BD%E5%B8%82%E8%A8%88%E5%8A%83%20&oid=1522399 HTTP/1.1" 200 4917
66.249.71.60 - - [19/Nov/2015:10:35:12 +0800] "GET /content/nav/relationSubject.jsp?relationWords=%E4%BE%BF%E6%B0%91+%E5%85%AD%E5%BA%9C+%E6%95%88%E7%8E%87%E6%A1%88+%E9%A0%90%E7%AE%97+&oid=1604715 HTTP/1.1" 200 4687
