66.249.71.60 - - [26/Dec/2015:04:38:19 +0800] "GET /content/nav/relationSubject.jsp?relationWords=%E5%9C%9F%E5%9C%B0%E5%A2%9E%E5%80%BC%E7%A8%85%20%E5%9C%B0%E5%83%B9%20%E5%A2%9E%E5%80%BC%E7%A8%85%20%E6%A9%9F%E5%A0%B4%20&oid=1599210 HTTP/1.1" 200 3273
66.249.71.64 - - [26/Dec/2015:04:38:54 +0800] "GET /digiarch_en/content/repository/resource_content.jsp?oid=2657382&queryString=%E6%88%90%E7%8E%8B%20%E7%8E%8B%E5%A4%A7%E8%87%A3 HTTP/1.1" 200 23901
141.8.132.82 - - [26/Dec/2015:04:39:14 +0800] "GET /content/subject/resource_content.jsp?oid=16777825&queryType=qc HTTP/1.1" 200 41691
66.249.71.60 - - [26/Dec/2015:04:39:51 +0800] "GET /content/repository/resource_content.jsp?oid=1877063 HTTP/1.1" 200 29718
66.249.71.72 - - [26/Dec/2015:04:40:15 +0800] "GET /content/nav/relationSubject.jsp?relationWords=%E6%95%88%E7%8E%87%E6%A1%88+&oid=1557601 HTTP/1.1" 200 3543
66.249.71.60 - - [26/Dec/2015:04:40:17 +0800] "GET /content/nav/relationSubject.jsp?relationWords=%E6%95%88%E7%8E%87%E6%A1%88%20&oid=1557601 HTTP/1.1" 200 3543
66.249.71.60 - - [26/Dec/2015:04:40:19 +0800] "GET /content/repository/resource_content.jsp?oid=1539645 HTTP/1.1" 200 28746
66.249.74.102 - - [26/Dec/2015:04:40:48 +0800] "GET /content/repository/resource_content.jsp?oid=2143194 HTTP/1.1" 200 30861
141.8.132.82 - - [26/Dec/2015:04:41:00 +0800] "GET /content/subject/resource_content.jsp?oid=16777837&queryType=qc HTTP/1.1" 200 37539
66.249.71.72 - - [26/Dec/2015:04:41:07 +0800] "GET /content/nav/relationSubject.jsp?relationWords=%E6%9F%8F%E6%8B%89%E6%9C%A8+%E6%A1%83%E9%87%91%E5%AD%83+%E6%A4%8D%E7%89%A9%E7%95%8C+%E9%87%8E%E7%89%A1%E4%B8%B9+%E9%87%8E%E7%89%A1%E4%B8%B9%E7%A7%91+&oid=2146698 HTTP/1.1" 200 3462
66.249.74.98 - - [26/Dec/2015:04:41:12 +0800] "GET /content/nav/relationSubject.jsp?relationWords=%E6%9F%8F%E6%8B%89%E6%9C%A8%20%E6%A1%83%E9%87%91%E5%AD%83%20%E6%A4%8D%E7%89%A9%E7%95%8C%20%E9%87%8E%E7%89%A1%E4%B8%B9%20%E9%87%8E%E7%89%A1%E4%B8%B9%E7%A7%91%20&oid=2146698 HTTP/1.1" 200 3462
66.249.71.113 - - [26/Dec/2015:04:41:16 +0800] "GET /content/repository/resource_content.jsp?oid=2517431&queryType=qs&queryString=%E9%BE%8D%E6%B1%9F%E9%97%9C HTTP/1.1" 200 30450
68.180.228.24 - - [26/Dec/2015:04:41:28 +0800] "GET /content/subject/resource_content.jsp?oid=16777841&queryType=qc HTTP/1.1" 200 27539
66.249.71.105 - - [26/Dec/2015:04:41:45 +0800] "GET /content/repository/resource_content.jsp?oid=1873448&queryType=qs&queryString=%E5%87%B8%E5%BC%A6%E7%B4%8B HTTP/1.1" 200 29754
66.249.74.102 - - [26/Dec/2015:04:41:56 +0800] "GET /content/nav/relationSubject.jsp?relationWords=%E5%AE%8B%E5%9F%A0+%E9%99%B8%E6%B8%AC%E5%9C%96+&oid=225126 HTTP/1.1" 200 3114
66.249.71.60 - - [26/Dec/2015:04:41:57 +0800] "GET /content/nav/relationSubject.jsp?relationWords=%E5%AE%8B%E5%9F%A0%20%E9%99%B8%E6%B8%AC%E5%9C%96%20&oid=225126 HTTP/1.1" 200 3114
66.249.71.60 - - [26/Dec/2015:04:42:13 +0800] "GET /content/repository/resource_content.jsp?oid=3818997&queryString=%E6%A4%8D%E7%89%A9%E7%95%8C%20%E8%A0%B6%E8%B1%86%20%E8%B1%AC%E5%B1%8E%E8%B1%86%20%E9%87%8E%E7%99%BE%E5%90%88%E5%B1%AC%20%E9%9B%99%E5%AD%90%E8%91%89%E6%A4%8D%E7%89%A9 HTTP/1.1" 200 31373
66.249.71.60 - - [26/Dec/2015:04:42:30 +0800] "GET /content/nav/relationSubject.jsp?relationWords=%E5%85%AD%E8%A7%92%E6%A0%BC%E4%BB%94+%E5%85%AD%E8%A7%92%E7%9F%B3%E6%96%91%E9%AD%9A+%E6%A0%BC%E4%BB%94+%E7%9F%B3%E6%96%91+%E7%9F%B3%E6%96%91%E9%AD%9A+%E8%8A%B1%E9%BB%9E%E6%A0%BC+%E8%9C%82%E5%B7%A2%E7%9F%B3%E6%96%91%E9%AD%9A+%E9%AE%A8%E7%A7%91+&oid=4353497 HTTP/1.1" 200 4008
66.249.71.60 - - [26/Dec/2015:04:42:31 +0800] "GET /content/nav/relationSubject.jsp?relationWords=%E5%85%AD%E8%A7%92%E6%A0%BC%E4%BB%94%20%E5%85%AD%E8%A7%92%E7%9F%B3%E6%96%91%E9%AD%9A%20%E6%A0%BC%E4%BB%94%20%E7%9F%B3%E6%96%91%20%E7%9F%B3%E6%96%91%E9%AD%9A%20%E8%8A%B1%E9%BB%9E%E6%A0%BC%20%E8%9C%82%E5%B7%A2%E7%9F%B3%E6%96%91%E9%AD%9A%20%E9%AE%A8%E7%A7%91%20&oid=4353497 HTTP/1.1" 200 4008
66.249.71.60 - - [26/Dec/2015:04:42:34 +0800] "GET /content/nav/relationSubject.jsp?relationWords=%E6%9D%B1%E6%B4%8B%E8%B9%84%E8%93%8B%E8%95%A8+%E8%B9%84%E8%93%8B%E8%95%A8%E5%B1%AC+&oid=1103173 HTTP/1.1" 200 3306
66.249.71.60 - - [26/Dec/2015:04:42:36 +0800] "GET /content/nav/relationSubject.jsp?relationWords=%E6%9D%B1%E6%B4%8B%E8%B9%84%E8%93%8B%E8%95%A8%20%E8%B9%84%E8%93%8B%E8%95%A8%E5%B1%AC%20&oid=1103173 HTTP/1.1" 200 3306
66.249.74.98 - - [26/Dec/2015:04:42:40 +0800] "GET /content/nav/relationSubject.jsp?relationWords=%E5%BE%B7%E5%A5%A7+%E6%88%B0%E4%BF%98+&oid=16777569 HTTP/1.1" 200 3574
66.249.71.105 - - [26/Dec/2015:04:42:42 +0800] "GET /content/repository/resource_content.jsp?oid=1773965&queryType=qs&queryString=%E9%87%8E%E7%87%9F HTTP/1.1" 200 29191
141.8.132.82 - - [26/Dec/2015:04:42:46 +0800] "GET /content/subject/resource_content.jsp?oid=16777448&queryType=qc HTTP/1.1" 200 34534
66.249.71.64 - - [26/Dec/2015:04:43:12 +0800] "GET /content/repository/resource_content.jsp?oid=1115994 HTTP/1.1" 200 29562
66.249.71.5 - - [26/Dec/2015:04:43:21 +0800] "GET /digiarch3/content/nav/relationSubject.jsp?relationWords=%E6%81%86%E6%98%A5%E6%A5%A8%E6%A5%A0+%E6%A4%8D%E7%89%A9%E7%95%8C+%E6%A5%A0%E5%B1%AC+%E6%A5%A8%E6%A5%A0+%E6%A8%9F%E7%A7%91+&oid=1111371 HTTP/1.1" 200 3412
66.249.71.5 - - [26/Dec/2015:04:43:23 +0800] "GET /digiarch3/content/nav/relationSubject.jsp?relationWords=%E6%81%86%E6%98%A5%E6%A5%A8%E6%A5%A0%20%E6%A4%8D%E7%89%A9%E7%95%8C%20%E6%A5%A0%E5%B1%AC%20%E6%A5%A8%E6%A5%A0%20%E6%A8%9F%E7%A7%91%20&oid=1111371 HTTP/1.1" 200 3412
66.249.74.59 - - [26/Dec/2015:04:43:27 +0800] "GET /content/nav/relationSubject.jsp?relationWords=%E5%90%88%E6%AD%A1+%E5%90%88%E6%AD%A1%E5%B1%AC+%E6%A4%8D%E7%89%A9%E7%95%8C+%E8%A0%B6%E8%B1%86+%E9%9B%99%E5%AD%90%E8%91%89+%E9%9B%99%E5%AD%90%E8%91%89%E6%A4%8D%E7%89%A9+%E9%BB%83%E8%B1%86+%E9%BB%83%E8%B1%86%E6%A8%B9+&oid=3811828 HTTP/1.1" 200 3686
66.249.71.105 - - [26/Dec/2015:04:43:30 +0800] "GET /content/nav/relationSubject.jsp?relationWords=%E5%90%88%E6%AD%A1%20%E5%90%88%E6%AD%A1%E5%B1%AC%20%E6%A4%8D%E7%89%A9%E7%95%8C%20%E8%A0%B6%E8%B1%86%20%E9%9B%99%E5%AD%90%E8%91%89%20%E9%9B%99%E5%AD%90%E8%91%89%E6%A4%8D%E7%89%A9%20%E9%BB%83%E8%B1%86%20%E9%BB%83%E8%B1%86%E6%A8%B9%20&oid=3811828 HTTP/1.1" 200 3686
66.249.71.173 - - [26/Dec/2015:04:43:39 +0800] "GET /content/repository/resource_content.jsp?oid=3811298&queryString=%E4%B8%89%E8%85%B3%E5%89%AA%20%E6%85%88%E5%A7%91%E5%B1%AC%20%E6%A4%8D%E7%89%A9%E7%95%8C%20%E6%B0%B4%E8%8A%8B%20%E6%BE%A4%E7%80%89%20%E6%BE%A4%E7%80%89%E7%A7%91 HTTP/1.1" 200 30888
66.249.71.5 - - [26/Dec/2015:04:44:07 +0800] "GET /digiarch3/content/repository/resource_content.jsp?oid=1103936&queryString=%E7%8C%B4%E6%AD%A1%E5%96%9C HTTP/1.1" 200 31133
68.180.228.24 - - [26/Dec/2015:04:44:09 +0800] "GET /content/subject/resource_content.jsp?oid=16777436&queryType=qc HTTP/1.1" 200 28563
141.8.132.82 - - [26/Dec/2015:04:44:29 +0800] "GET /content/subject/resource_content.jsp?oid=16777469&queryType=qc HTTP/1.1" 200 31173
40.77.167.47 - - [26/Dec/2015:04:44:31 +0800] "GET /digiarch_en/content/repository/resource_content.jsp?oid=1522228&querystring=????????????????????????%20????????????????????????%20????????? HTTP/1.1" 200 22718
66.249.71.60 - - [26/Dec/2015:04:44:36 +0800] "GET /content/repository/resource_content.jsp?oid=2146724 HTTP/1.1" 200 31163
66.249.71.105 - - [26/Dec/2015:04:45:02 +0800] "GET /content/nav/relationSubject.jsp?relationWords=%E6%9D%9C%E9%A6%99%E5%9C%8B+%E8%B3%80%E5%B9%B4%E6%98%8E%E4%BF%A1%E7%89%87+%E9%83%AD%E5%BD%A9%E9%B3%B3+&oid=1887553 HTTP/1.1" 200 3237
66.249.71.105 - - [26/Dec/2015:04:45:05 +0800] "GET /content/nav/relationSubject.jsp?relationWords=%E6%9D%9C%E9%A6%99%E5%9C%8B%20%E8%B3%80%E5%B9%B4%E6%98%8E%E4%BF%A1%E7%89%87%20%E9%83%AD%E5%BD%A9%E9%B3%B3%20&oid=1887553 HTTP/1.1" 200 3237
66.249.71.105 - - [26/Dec/2015:04:45:13 +0800] "GET /content/nav/relationSubject.jsp?relationWords=%E5%A0%B1%E6%98%A5%E8%8A%B1+%E5%B1%B1%E6%A1%82+%E5%B1%B1%E6%A1%82%E8%8A%B1+%E5%B1%B1%E6%A1%82%E8%8A%B1%E5%B1%AC+%E6%98%A5%E8%8A%B1+%E6%A1%82%E8%8A%B1+%E6%A4%8D%E7%89%A9%E7%95%8C+%E7%B4%AB%E9%87%91%E7%89%9B+%E7%B4%AB%E9%87%91%E7%89%9B%E7%A7%91+&oid=3823679 HTTP/1.1" 200 4744
66.249.71.105 - - [26/Dec/2015:04:45:16 +0800] "GET /content/nav/relationSubject.jsp?relationWords=%E5%A0%B1%E6%98%A5%E8%8A%B1%20%E5%B1%B1%E6%A1%82%20%E5%B1%B1%E6%A1%82%E8%8A%B1%20%E5%B1%B1%E6%A1%82%E8%8A%B1%E5%B1%AC%20%E6%98%A5%E8%8A%B1%20%E6%A1%82%E8%8A%B1%20%E6%A4%8D%E7%89%A9%E7%95%8C%20%E7%B4%AB%E9%87%91%E7%89%9B%20%E7%B4%AB%E9%87%91%E7%89%9B%E7%A7%91%20&oid=3823679 HTTP/1.1" 200 4744
66.249.71.72 - - [26/Dec/2015:04:45:23 +0800] "GET /content/nav/relationSubject.jsp?relationWords=%E9%99%B6%E8%93%8B+&oid=1875247 HTTP/1.1" 200 2973
66.249.71.60 - - [26/Dec/2015:04:45:24 +0800] "GET /content/nav/relationSubject.jsp?relationWords=%E9%99%B6%E8%93%8B%20&oid=1875247 HTTP/1.1" 200 2973
66.249.71.60 - - [26/Dec/2015:04:45:33 +0800] "GET /content/tmp_tec/resource_content.jsp?oid=16777730 HTTP/1.1" 200 42446
66.249.71.72 - - [26/Dec/2015:04:45:55 +0800] "GET /content/nav/relationSubject.jsp?relationWords=%E5%96%AE%E8%89%B2+%E8%81%8A%E5%9F%8E%E7%B8%A3+&oid=199385 HTTP/1.1" 200 3265
66.249.74.98 - - [26/Dec/2015:04:45:57 +0800] "GET /content/nav/relationSubject.jsp?relationWords=%E5%96%AE%E8%89%B2%20%E8%81%8A%E5%9F%8E%E7%B8%A3%20&oid=199385 HTTP/1.1" 200 3265
66.249.71.60 - - [26/Dec/2015:04:46:02 +0800] "GET /content/repository/resource_content.jsp?oid=4353195&queryString=%E7%B4%85%E9%BB%83%E5%B8%B6%E8%8A%B1%E9%AE%A8%20%E8%8A%B1%E9%AE%A8%20%E8%8A%B1%E9%B1%B8 HTTP/1.1" 200 34254
141.8.132.82 - - [26/Dec/2015:04:46:11 +0800] "GET /content/subject/resource_content.jsp?oid=16777463&queryType=qc HTTP/1.1" 200 28400
66.249.77.91 - - [26/Dec/2015:04:46:18 +0800] "GET /content/nav/relationSubject.jsp?relationWords=%E8%89%A6%E7%A3%90+&oid=4477506 HTTP/1.1" 200 3201
66.249.71.113 - - [26/Dec/2015:04:46:30 +0800] "GET /content/repository/resource_content.jsp?oid=2666677&queryType=qs&queryString=%E8%B1%90%E5%9F%8E%E7%B8%A3 HTTP/1.1" 200 29977
66.249.79.30 - - [26/Dec/2015:04:46:59 +0800] "GET /content/repository/resource_content.jsp?oid=1532774&queryType=qs&queryString=%E8%81%AF%E5%90%88%E5%9C%8B HTTP/1.1" 200 29391
182.118.25.206 - - [26/Dec/2015:04:47:26 +0800] "GET /digiarch3/content/subject/resource_content.jsp?oid=16777373&queryType=qc HTTP/1.1" 200 27536
66.249.71.60 - - [26/Dec/2015:04:47:27 +0800] "GET /content/repository/resource_content.jsp?oid=1461747 HTTP/1.1" 200 31114
141.8.132.82 - - [26/Dec/2015:04:47:52 +0800] "GET /content/subject/resource_content.jsp?oid=16777842&queryType=qc HTTP/1.1" 200 36275
66.249.71.121 - - [26/Dec/2015:04:47:57 +0800] "GET /content/repository/resource_content.jsp?oid=2663429&queryType=qs&queryString=%E5%AF%A7%E5%A4%8F%E7%B8%A3 HTTP/1.1" 200 29799
182.118.20.172 - - [26/Dec/2015:04:48:25 +0800] "GET /digiarch3/content/subject/resource_content.jsp?oid=16777703&queryType=qc HTTP/1.1" 200 27158
66.249.71.72 - - [26/Dec/2015:04:48:40 +0800] "GET /content/nav/relationSubject.jsp?relationWords=&oid=2579520 HTTP/1.1" 200 1405
141.8.132.82 - - [26/Dec/2015:04:49:32 +0800] "GET /content/subject/resource_content.jsp?oid=16777714&queryType=qc HTTP/1.1" 200 42382
66.249.71.64 - - [26/Dec/2015:04:49:50 +0800] "GET /content/repository/resource_content.jsp?oid=1517393 HTTP/1.1" 200 28619
66.249.71.72 - - [26/Dec/2015:04:50:47 +0800] "GET /content/repository/resource_content.jsp?oid=2660809 HTTP/1.1" 200 29678
141.8.132.82 - - [26/Dec/2015:04:51:11 +0800] "GET /content/subject/resource_content.jsp?oid=16777540&queryType=qc HTTP/1.1" 200 31625
66.249.71.64 - - [26/Dec/2015:04:52:13 +0800] "GET /content/subject/resource_content.jsp?oid=16777617&queryType=qs&queryString=%E6%97%A5%E6%B2%BB%E6%99%82%E6%9C%9F HTTP/1.1" 200 60944
66.249.71.72 - - [26/Dec/2015:04:52:41 +0800] "GET /content/repository/resource_content.jsp?oid=1567506 HTTP/1.1" 200 28966
141.8.132.82 - - [26/Dec/2015:04:52:48 +0800] "GET /content/subject/resource_content.jsp?oid=16777840&queryType=qc> HTTP/1.1" 200 40649
66.249.74.98 - - [26/Dec/2015:04:53:10 +0800] "GET /content/repository/resource_content.jsp?oid=1621458 HTTP/1.1" 200 28813
66.249.71.60 - - [26/Dec/2015:04:53:22 +0800] "GET /content/nav/relationSubject.jsp?relationWords=%E4%BA%94%E5%8A%A0%E7%A7%91+%E6%A4%8D%E7%89%A9%E7%95%8C+%E9%B5%9D%E6%8E%8C%E6%9F%B4+%E9%B5%9D%E6%8E%8C%E6%9F%B4%E5%B1%AC+%E9%B5%9D%E6%8E%8C%E8%98%97+&oid=1104011 HTTP/1.1" 200 3406
66.249.74.98 - - [26/Dec/2015:04:53:23 +0800] "GET /content/nav/relationSubject.jsp?relationWords=%E4%BA%94%E5%8A%A0%E7%A7%91%20%E6%A4%8D%E7%89%A9%E7%95%8C%20%E9%B5%9D%E6%8E%8C%E6%9F%B4%20%E9%B5%9D%E6%8E%8C%E6%9F%B4%E5%B1%AC%20%E9%B5%9D%E6%8E%8C%E8%98%97%20&oid=1104011 HTTP/1.1" 200 3406
66.249.71.72 - - [26/Dec/2015:04:53:45 +0800] "GET /content/nav/relationSubject.jsp?relationWords=%E9%9B%85%E7%BE%8E+%E9%9B%85%E7%BE%8E%E6%97%8F+&oid=1775599 HTTP/1.1" 200 2905
66.249.71.60 - - [26/Dec/2015:04:53:47 +0800] "GET /content/nav/relationSubject.jsp?relationWords=%E9%9B%85%E7%BE%8E%20%E9%9B%85%E7%BE%8E%E6%97%8F%20&oid=1775599 HTTP/1.1" 200 2905
66.249.71.60 - - [26/Dec/2015:04:53:58 +0800] "GET /content/nav/relationSubject.jsp?relationWords=%E7%B7%9A%E6%9F%B1%E8%98%AD%E5%B1%AC+%E9%BB%83%E8%8A%B1%E7%B7%9A%E6%9F%B1%E8%98%AD+&oid=2143513 HTTP/1.1" 200 3127
66.249.71.60 - - [26/Dec/2015:04:54:09 +0800] "GET /content/nav/relationSubject.jsp?relationWords=%E5%9C%93%E8%9A%8C+%E5%9C%93%E8%9A%8C%E5%B1%AC+%E7%94%B0%E8%9A%8C+%E8%9A%8C%E7%A7%91+%E9%9B%99%E6%AE%BC%E7%B6%B1+&oid=1887109 HTTP/1.1" 200 3288
66.249.71.60 - - [26/Dec/2015:04:54:10 +0800] "GET /content/nav/relationSubject.jsp?relationWords=%E5%9C%93%E8%9A%8C%20%E5%9C%93%E8%9A%8C%E5%B1%AC%20%E7%94%B0%E8%9A%8C%20%E8%9A%8C%E7%A7%91%20%E9%9B%99%E6%AE%BC%E7%B6%B1%20&oid=1887109 HTTP/1.1" 200 3288
141.8.132.82 - - [26/Dec/2015:04:54:25 +0800] "GET /content/subject/resource_content.jsp?oid=16777805&queryType=qc HTTP/1.1" 200 35092
66.249.71.105 - - [26/Dec/2015:04:54:32 +0800] "GET /content/nav/relationSubject.jsp?relationWords=%E5%88%91%E9%83%A8+&oid=2684833 HTTP/1.1" 200 3095
66.249.71.105 - - [26/Dec/2015:04:54:34 +0800] "GET /content/nav/relationSubject.jsp?relationWords=%E5%88%91%E9%83%A8%20&oid=2684833 HTTP/1.1" 200 3095
66.249.71.60 - - [26/Dec/2015:04:54:35 +0800] "GET /content/repository/resource_content.jsp?oid=2670278 HTTP/1.1" 200 29966
66.249.71.60 - - [26/Dec/2015:04:54:43 +0800] "GET /content/subject/resource_content.jsp?oid=16777692 HTTP/1.1" 200 36451
66.249.71.105 - - [26/Dec/2015:04:55:04 +0800] "GET /content/repository/resource_content.jsp?oid=2683320&queryType=qs&queryString=%E8%88%88%E4%BA%AC HTTP/1.1" 200 29872
66.249.71.60 - - [26/Dec/2015:04:55:06 +0800] "GET /content/nav/relationSubject.jsp?relationWords=%E5%85%AC%E5%B8%91+%E5%95%86%E8%81%B7+%E5%BC%B5%E4%BF%8A%E9%9B%84+%E5%BC%B5%E8%B2%B4%E6%9C%A8+%E6%9E%97%E7%BE%A9%E9%9B%84+%E6%A0%A1%E8%88%8D+%E7%9C%81%E6%94%BF%E5%BA%9C+%E8%81%B7%E6%A0%A1+%E8%87%BA%E7%81%A3%E7%9C%81%E8%AD%B0%E6%9C%83+%E9%99%B3%E9%8C%AB+&oid=1896752 HTTP/1.1" 200 4564
66.249.71.60 - - [26/Dec/2015:04:55:08 +0800] "GET /content/nav/relationSubject.jsp?relationWords=%E5%85%AC%E5%B8%91%20%E5%95%86%E8%81%B7%20%E5%BC%B5%E4%BF%8A%E9%9B%84%20%E5%BC%B5%E8%B2%B4%E6%9C%A8%20%E6%9E%97%E7%BE%A9%E9%9B%84%20%E6%A0%A1%E8%88%8D%20%E7%9C%81%E6%94%BF%E5%BA%9C%20%E8%81%B7%E6%A0%A1%20%E8%87%BA%E7%81%A3%E7%9C%81%E8%AD%B0%E6%9C%83%20%E9%99%B3%E9%8C%AB%20&oid=1896752 HTTP/1.1" 200 4564
66.249.71.64 - - [26/Dec/2015:04:55:33 +0800] "GET /content/nav/relationSubject.jsp?relationWords=%E5%8D%81%E5%9C%B0+%E9%80%A0%E5%83%8F%E8%A8%98+%E9%82%91%E4%B8%BB+%E9%AB%98%E5%AE%89+%E9%AB%98%E6%A8%B9%E9%80%A0%E5%83%8F+&oid=1834079 HTTP/1.1" 200 4168
66.249.71.60 - - [26/Dec/2015:04:55:37 +0800] "GET /content/nav/relationSubject.jsp?relationWords=%E5%8D%81%E5%9C%B0%20%E9%80%A0%E5%83%8F%E8%A8%98%20%E9%82%91%E4%B8%BB%20%E9%AB%98%E5%AE%89%20%E9%AB%98%E6%A8%B9%E9%80%A0%E5%83%8F%20&oid=1834079 HTTP/1.1" 200 4168
141.8.132.82 - - [26/Dec/2015:04:56:00 +0800] "GET /content/subject/resource_content.jsp?oid=16777731&queryType=qc HTTP/1.1" 200 43407
66.249.74.98 - - [26/Dec/2015:04:56:02 +0800] "GET /content/repository/resource_content.jsp?oid=1783097 HTTP/1.1" 200 28217
68.180.228.24 - - [26/Dec/2015:04:56:28 +0800] "GET /content/subject/resource_content.jsp?oid=16777262&queryType=qc HTTP/1.1" 200 32151
66.249.79.27 - - [26/Dec/2015:04:56:30 +0800] "GET /content/subject/resource_content.jsp?oid=16777728&queryString= HTTP/1.1" 200 65196
66.249.71.60 - - [26/Dec/2015:04:57:26 +0800] "GET /content/repository/resource_content.jsp?oid=2150532&queryString=%E6%A4%8D%E7%89%A9%E7%95%8C%20%E6%A5%93%E9%A6%99%20%E6%A5%93%E9%A6%99%E5%B1%AC%20%E9%87%91%E7%B8%B7%E6%A2%85%20%E9%87%91%E7%B8%B7%E6%A2%85%E7%A7%91 HTTP/1.1" 200 31452
141.8.132.82 - - [26/Dec/2015:04:57:46 +0800] "GET /content/subject/resource_content.jsp?oid=16797239&queryType=qc HTTP/1.1" 200 44010
66.249.71.121 - - [26/Dec/2015:04:57:55 +0800] "GET /content/repository/resource_content.jsp?oid=2519712&queryType=qs&queryString=%E5%B6%BA%E6%9D%B1 HTTP/1.1" 200 29887
66.249.77.91 - - [26/Dec/2015:04:58:23 +0800] "GET /content/subject/resource_content.jsp?oid=16777614&queryType=qc HTTP/1.1" 200 49086
66.249.77.91 - - [26/Dec/2015:04:58:52 +0800] "GET /content/subject/resource_content.jsp?oid=16777463&queryType=qc HTTP/1.1" 200 28411
66.249.71.60 - - [26/Dec/2015:04:59:05 +0800] "GET /content/nav/relationSubject.jsp?relationWords=%E6%A4%8D%E7%89%A9%E7%95%8C+%E6%A6%95%E5%B1%AC+%E6%BE%80%E8%91%89%E6%A6%95+&oid=3818909 HTTP/1.1" 200 3195
66.249.71.60 - - [26/Dec/2015:04:59:08 +0800] "GET /content/nav/relationSubject.jsp?relationWords=%E6%A4%8D%E7%89%A9%E7%95%8C%20%E6%A6%95%E5%B1%AC%20%E6%BE%80%E8%91%89%E6%A6%95%20&oid=3818909 HTTP/1.1" 200 3195
66.249.71.60 - - [26/Dec/2015:04:59:20 +0800] "GET /content/subject/resource_content.jsp?oid=16777820&queryString= HTTP/1.1" 200 36941
141.8.132.82 - - [26/Dec/2015:04:59:30 +0800] "GET /content/subject/resource_content.jsp?oid=16777749&queryType=qc HTTP/1.1" 200 41248
66.249.71.105 - - [26/Dec/2015:04:59:42 +0800] "GET /content/nav/relationSubject.jsp?relationWords=%E6%B0%B4%E6%BA%90%E6%B6%B5%E9%A4%8A+%E7%AC%A6%E6%B0%91+%E7%B6%AD%E6%B0%91+%E8%87%BA%E4%B8%AD%E7%B8%A3+%E8%B1%90%E5%8E%9F%E9%8E%AE+%E8%BE%B2%E6%9E%97+&oid=1579501 HTTP/1.1" 200 4889
66.249.71.105 - - [26/Dec/2015:04:59:46 +0800] "GET /content/nav/relationSubject.jsp?relationWords=%E6%B0%B4%E6%BA%90%E6%B6%B5%E9%A4%8A%20%E7%AC%A6%E6%B0%91%20%E7%B6%AD%E6%B0%91%20%E8%87%BA%E4%B8%AD%E7%B8%A3%20%E8%B1%90%E5%8E%9F%E9%8E%AE%20%E8%BE%B2%E6%9E%97%20&oid=1579501 HTTP/1.1" 200 4889
66.249.71.72 - - [26/Dec/2015:05:00:20 +0800] "GET /content/nav/relationSubject.jsp?relationWords=%E4%B8%81%E6%B0%8F+%E4%B8%8A%E8%99%9E+%E8%88%8A%E8%97%8F+%E9%A1%8C%E8%A8%98+&oid=1815177 HTTP/1.1" 200 4914
66.249.74.98 - - [26/Dec/2015:05:00:21 +0800] "GET /content/nav/relationSubject.jsp?relationWords=%E5%B0%8F%E6%AF%9B+%E5%B0%8F%E6%AF%9B%E6%B0%88%E8%8B%94+%E6%A4%8D%E7%89%A9%E7%95%8C+%E8%8C%85%E8%86%8F%E8%8F%9C+%E8%8C%85%E8%86%8F%E8%8F%9C%E5%B1%AC+%E8%8C%85%E8%86%8F%E8%8F%9C%E7%A7%91+&oid=1105871 HTTP/1.1" 200 3461
66.249.71.60 - - [26/Dec/2015:05:00:22 +0800] "GET /content/nav/relationSubject.jsp?relationWords=%E4%B8%81%E6%B0%8F%20%E4%B8%8A%E8%99%9E%20%E8%88%8A%E8%97%8F%20%E9%A1%8C%E8%A8%98%20&oid=1815177 HTTP/1.1" 200 4914
66.249.71.60 - - [26/Dec/2015:05:00:24 +0800] "GET /content/nav/relationSubject.jsp?relationWords=%E5%B0%8F%E6%AF%9B%20%E5%B0%8F%E6%AF%9B%E6%B0%88%E8%8B%94%20%E6%A4%8D%E7%89%A9%E7%95%8C%20%E8%8C%85%E8%86%8F%E8%8F%9C%20%E8%8C%85%E8%86%8F%E8%8F%9C%E5%B1%AC%20%E8%8C%85%E8%86%8F%E8%8F%9C%E7%A7%91%20&oid=1105871 HTTP/1.1" 200 3461
66.249.71.60 - - [26/Dec/2015:05:00:28 +0800] "GET /content/nav/relationSubject.jsp?relationWords=%E4%BA%94%E5%8A%A0%E7%A7%91+%E5%85%AB%E8%A7%92%E9%87%91+%E5%85%AB%E8%A7%92%E9%87%91%E7%9B%A4+%E5%85%AB%E8%A7%92%E9%87%91%E7%9B%A4%E5%B1%AC+%E5%8F%B0%E7%81%A3%E5%85%AB%E8%A7%92+%E5%8F%B0%E7%81%A3%E5%85%AB%E8%A7%92%E9%87%91+%E6%A4%8D%E7%89%A9%E7%95%8C+%E9%87%91%E7%9B%A4+&oid=1099807 HTTP/1.1" 200 3591
66.249.74.98 - - [26/Dec/2015:05:00:30 +0800] "GET /content/nav/relationSubject.jsp?relationWords=%E4%BA%94%E5%8A%A0%E7%A7%91%20%E5%85%AB%E8%A7%92%E9%87%91%20%E5%85%AB%E8%A7%92%E9%87%91%E7%9B%A4%20%E5%85%AB%E8%A7%92%E9%87%91%E7%9B%A4%E5%B1%AC%20%E5%8F%B0%E7%81%A3%E5%85%AB%E8%A7%92%20%E5%8F%B0%E7%81%A3%E5%85%AB%E8%A7%92%E9%87%91%20%E6%A4%8D%E7%89%A9%E7%95%8C%20%E9%87%91%E7%9B%A4%20&oid=1099807 HTTP/1.1" 200 3591
66.249.77.91 - - [26/Dec/2015:05:00:46 +0800] "GET /content/subject/resource_content.jsp?oid=16777508&queryType=qs&queryString=%E6%9D%B1%E5%8D%97%E4%BA%9E HTTP/1.1" 200 36246
141.8.132.82 - - [26/Dec/2015:05:01:13 +0800] "GET /content/subject/resource_content.jsp?oid=16777839&queryType=qc HTTP/1.1" 200 27193
66.249.71.60 - - [26/Dec/2015:05:01:31 +0800] "GET /content/subject/resource_content.jsp?oid=16797240&queryType=qc HTTP/1.1" 200 42460
66.249.71.60 - - [26/Dec/2015:05:02:10 +0800] "GET /content/nav/relationSubject.jsp?relationWords=%E6%B4%A5%E8%B2%BC+%E9%84%B0%E9%95%B7+&oid=1578290 HTTP/1.1" 200 3113
66.249.71.60 - - [26/Dec/2015:05:02:12 +0800] "GET /content/nav/relationSubject.jsp?relationWords=%E6%B4%A5%E8%B2%BC%20%E9%84%B0%E9%95%B7%20&oid=1578290 HTTP/1.1" 200 3113
66.249.71.60 - - [26/Dec/2015:05:02:42 +0800] "GET /content/nav/relationSubject.jsp?relationWords=%E5%80%92%E6%8F%90%E5%A3%BA+%E5%80%92%E6%8F%90%E5%A3%BA%E5%B1%AC+%E6%A4%8D%E7%89%A9%E7%95%8C+%E7%B4%AB%E8%8D%89+%E7%B4%AB%E8%8D%89%E7%A7%91+%E9%AB%98%E5%B1%B1%E5%80%92%E6%8F%90%E5%A3%BA+&oid=1096999 HTTP/1.1" 200 3460
66.249.71.60 - - [26/Dec/2015:05:02:44 +0800] "GET /content/nav/relationSubject.jsp?relationWords=%E5%80%92%E6%8F%90%E5%A3%BA%20%E5%80%92%E6%8F%90%E5%A3%BA%E5%B1%AC%20%E6%A4%8D%E7%89%A9%E7%95%8C%20%E7%B4%AB%E8%8D%89%20%E7%B4%AB%E8%8D%89%E7%A7%91%20%E9%AB%98%E5%B1%B1%E5%80%92%E6%8F%90%E5%A3%BA%20&oid=1096999 HTTP/1.1" 200 3460
66.249.71.60 - - [26/Dec/2015:05:03:09 +0800] "GET /content/subject/resource_content.jsp?oid=16797287&queryType=qc HTTP/1.1" 200 88698
194.187.168.208 - - [26/Dec/2015:05:03:19 +0800] "GET /content/subject/resource_content.jsp?oid=16777740&queryType=qc HTTP/1.0" 200 41412
66.249.74.102 - - [26/Dec/2015:05:03:38 +0800] "GET /content/repository/resource_content.jsp?oid=1774614 HTTP/1.1" 200 30254
66.249.71.5 - - [26/Dec/2015:05:04:05 +0800] "GET /digiarch/content/repository/resource_content.jsp?oid=1812604 HTTP/1.1" 404 14873
66.249.71.60 - - [26/Dec/2015:05:04:16 +0800] "GET /content/nav/relationSubject.jsp?relationWords=%E4%B8%89%E7%B7%9A%E9%9B%9E%E9%AD%9A+%E9%9B%9E%E9%AD%9A+&oid=33554882 HTTP/1.1" 200 3472
66.249.71.60 - - [26/Dec/2015:05:04:18 +0800] "GET /content/nav/relationSubject.jsp?relationWords=%E4%B8%89%E7%B7%9A%E9%9B%9E%E9%AD%9A%20%E9%9B%9E%E9%AD%9A%20&oid=33554882 HTTP/1.1" 200 3472
66.249.71.64 - - [26/Dec/2015:05:04:34 +0800] "GET /content/subject/resource_content.jsp?oid=16777840&queryType=qc HTTP/1.1" 200 40649
66.249.77.91 - - [26/Dec/2015:05:04:47 +0800] "GET /content/repository/resource_content.jsp?oid=1833163&queryString=%E6%8B%93%E7%89%87%20%E6%AD%A6%E6%B0%8F%E7%A5%A0%20%E6%BC%A2%E4%BB%A3 HTTP/1.1" 200 44951
141.8.132.82 - - [26/Dec/2015:05:04:53 +0800] "GET /content/tmp_exh/resource_content.jsp?oid=16777845&queryType=qc%201889 HTTP/1.1" 200 46639
66.249.74.102 - - [26/Dec/2015:05:05:32 +0800] "GET /content/tmp_exh/resource_content.jsp?oid=16777848&queryType=qc HTTP/1.1" 200 37207
66.249.71.60 - - [26/Dec/2015:05:06:22 +0800] "GET /content/nav/relationSubject.jsp?relationWords=%E7%B0%A1%E6%98%8E%E6%99%AF+%E8%8E%8A%E5%A7%AC+%E8%98%87%E8%B2%9E%E6%98%8C+&oid=1891808 HTTP/1.1" 200 3248
66.249.71.72 - - [26/Dec/2015:05:06:30 +0800] "GET /content/nav/relationSubject.jsp?relationWords=%E7%B0%A1%E6%98%8E%E6%99%AF%20%E8%8E%8A%E5%A7%AC%20%E8%98%87%E8%B2%9E%E6%98%8C%20&oid=1891808 HTTP/1.1" 200 3248
66.249.71.5 - - [26/Dec/2015:05:06:33 +0800] "GET /digiarch/content/repository/resource_content.jsp?oid=2151808 HTTP/1.1" 404 14873
66.249.71.60 - - [26/Dec/2015:05:06:35 +0800] "GET /content/nav/relationSubject.jsp?relationWords=%E5%A1%94%E5%B1%B1%E6%BE%A4%E8%98%AD+%E5%B1%B1%E6%BE%A4%E8%98%AD+%E6%A4%8D%E7%89%A9%E7%95%8C+%E6%BE%A4%E8%98%AD+%E6%BE%A4%E8%98%AD%E5%B1%AC+%E8%8F%8A%E7%A7%91+%E8%98%AD%E5%B1%AC+%E9%9B%99%E5%AD%90%E8%91%89+%E9%9B%99%E5%AD%90%E8%91%89%E6%A4%8D%E7%89%A9+&oid=2147017 HTTP/1.1" 200 5096
141.8.132.82 - - [26/Dec/2015:05:06:37 +0800] "GET /content/subject/resource_content.jsp?oid=16777270&queryType=qc HTTP/1.1" 200 33834
66.249.71.60 - - [26/Dec/2015:05:06:38 +0800] "GET /content/nav/relationSubject.jsp?relationWords=%E5%A1%94%E5%B1%B1%E6%BE%A4%E8%98%AD%20%E5%B1%B1%E6%BE%A4%E8%98%AD%20%E6%A4%8D%E7%89%A9%E7%95%8C%20%E6%BE%A4%E8%98%AD%20%E6%BE%A4%E8%98%AD%E5%B1%AC%20%E8%8F%8A%E7%A7%91%20%E8%98%AD%E5%B1%AC%20%E9%9B%99%E5%AD%90%E8%91%89%20%E9%9B%99%E5%AD%90%E8%91%89%E6%A4%8D%E7%89%A9%20&oid=2147017 HTTP/1.1" 200 5096
61.135.189.96 - - [26/Dec/2015:05:06:41 +0800] "GET /digiarch/content/repository/resource_content.jsp?oid=1558092 HTTP/1.1" 404 14873
61.135.189.96 - - [26/Dec/2015:05:06:54 +0800] "GET /digiarch/content/repository/resource_content.jsp?oid=1550480 HTTP/1.1" 404 14873
66.249.79.172 - - [26/Dec/2015:05:06:55 +0800] "GET /content/nav/relationSubject.jsp?relationWords=%E6%89%93%E9%90%B5%E5%A9%86+%E6%9D%B1%E6%96%B9%E7%9F%B3%E9%B1%B8+%E6%9D%B1%E6%96%B9%E8%83%A1%E6%A4%92%E9%AF%9B+%E7%9F%B3%E9%B1%B8+%E8%83%A1%E6%A4%92%E9%AF%9B+%E8%8A%B1%E8%BA%AB+&oid=4352869 HTTP/1.1" 200 3683
66.249.77.97 - - [26/Dec/2015:05:06:57 +0800] "GET /content/subject/resource_content.jsp?oid=16797241&queryType=qc HTTP/1.1" 200 44202
66.249.71.155 - - [26/Dec/2015:05:06:58 +0800] "GET /content/nav/relationSubject.jsp?relationWords=%E6%89%93%E9%90%B5%E5%A9%86%20%E6%9D%B1%E6%96%B9%E7%9F%B3%E9%B1%B8%20%E6%9D%B1%E6%96%B9%E8%83%A1%E6%A4%92%E9%AF%9B%20%E7%9F%B3%E9%B1%B8%20%E8%83%A1%E6%A4%92%E9%AF%9B%20%E8%8A%B1%E8%BA%AB%20&oid=4352869 HTTP/1.1" 200 3683
66.249.71.60 - - [26/Dec/2015:05:07:08 +0800] "GET /content/nav/relationSubject.jsp?relationWords=%E6%98%8E%E5%88%8A%E6%9C%AC+%E7%9A%87%E8%BC%BF+%E7%9A%87%E8%BC%BF%E8%80%83+%E8%81%AF%E5%90%88%E7%9B%AE%E9%8C%84+&oid=3205321 HTTP/1.1" 200 3337
61.135.189.96 - - [26/Dec/2015:05:07:10 +0800] "GET /digiarch/content/repository/resource_content.jsp?oid=1552508 HTTP/1.1" 404 14873
66.249.71.60 - - [26/Dec/2015:05:07:10 +0800] "GET /content/nav/relationSubject.jsp?relationWords=%E6%98%8E%E5%88%8A%E6%9C%AC%20%E7%9A%87%E8%BC%BF%20%E7%9A%87%E8%BC%BF%E8%80%83%20%E8%81%AF%E5%90%88%E7%9B%AE%E9%8C%84%20&oid=3205321 HTTP/1.1" 200 3337
61.135.189.96 - - [26/Dec/2015:05:07:24 +0800] "GET /digiarch/content/repository/resource_content.jsp?oid=1568204 HTTP/1.1" 404 14873
66.249.71.64 - - [26/Dec/2015:05:07:26 +0800] "GET /content/subject/resource_content.jsp?oid=16797291&queryType=qc HTTP/1.1" 200 51133
61.135.189.96 - - [26/Dec/2015:05:07:38 +0800] "GET /digiarch/content/repository/resource_content.jsp?oid=672836 HTTP/1.1" 404 14873
66.249.71.23 - - [26/Dec/2015:05:07:41 +0800] "GET /digiarch3/content/nav/relationSubject.jsp?relationWords=%E5%B0%96%E8%A7%92%E6%B1%9F%E7%8F%A7%E8%9B%A4+%E6%B1%9F%E7%8F%A7%E8%9B%A4+&oid=33554949 HTTP/1.1" 200 3474
66.249.71.5 - - [26/Dec/2015:05:07:44 +0800] "GET /digiarch3/content/nav/relationSubject.jsp?relationWords=%E5%B0%96%E8%A7%92%E6%B1%9F%E7%8F%A7%E8%9B%A4%20%E6%B1%9F%E7%8F%A7%E8%9B%A4%20&oid=33554949 HTTP/1.1" 200 3474
66.249.71.105 - - [26/Dec/2015:05:07:45 +0800] "GET /content/nav/relationSubject.jsp?relationWords=%E5%85%AC%E5%85%B1%E8%A8%AD%E6%96%BD+%E5%95%86%E6%A5%AD%E7%99%BB%E8%A8%98+%E5%9C%B0%E5%83%B9+%E5%9C%B0%E5%83%B9%E7%A8%85+%E5%BB%BA%E7%AF%89%E5%B8%AB+%E5%BB%BA%E8%A8%AD%E5%BB%B3+%E6%89%8B%E5%B7%A5%E6%A5%AD+%E7%94%B0%E8%B3%A6+%E7%9B%AE%E6%A8%99+%E7%9C%81%E9%81%93+%E7%B8%A3%E6%94%BF%E5%BA%9C+%E9%81%93%E8%B7%AF%E5%B7%A5%E7%A8%8B+%E9%81%95%E5%BB%BA+%E9%81%95%E7%AB%A0%E5%BB%BA%E7%AF%89+%E9%83%BD%E5%B8%82%E8%A8%88%E5%8A%83+&oid=1570235 HTTP/1.1" 200 4912
66.249.71.105 - - [26/Dec/2015:05:07:48 +0800] "GET /content/nav/relationSubject.jsp?relationWords=%E5%85%AC%E5%85%B1%E8%A8%AD%E6%96%BD%20%E5%95%86%E6%A5%AD%E7%99%BB%E8%A8%98%20%E5%9C%B0%E5%83%B9%20%E5%9C%B0%E5%83%B9%E7%A8%85%20%E5%BB%BA%E7%AF%89%E5%B8%AB%20%E5%BB%BA%E8%A8%AD%E5%BB%B3%20%E6%89%8B%E5%B7%A5%E6%A5%AD%20%E7%94%B0%E8%B3%A6%20%E7%9B%AE%E6%A8%99%20%E7%9C%81%E9%81%93%20%E7%B8%A3%E6%94%BF%E5%BA%9C%20%E9%81%93%E8%B7%AF%E5%B7%A5%E7%A8%8B%20%E9%81%95%E5%BB%BA%20%E9%81%95%E7%AB%A0%E5%BB%BA%E7%AF%89%20%E9%83%BD%E5%B8%82%E8%A8%88%E5%8A%83%20&oid=1570235 HTTP/1.1" 200 4912
61.135.189.96 - - [26/Dec/2015:05:07:51 +0800] "GET /digiarch/content/repository/resource_content.jsp?oid=1550226 HTTP/1.1" 404 14873
66.249.71.60 - - [26/Dec/2015:05:07:54 +0800] "GET /content/subject/resource_content.jsp?oid=16777495&queryType=qc HTTP/1.1" 200 34800
61.135.189.96 - - [26/Dec/2015:05:08:05 +0800] "GET /digiarch/content/repository/resource_content.jsp?oid=1552542 HTTP/1.1" 404 14873
61.135.189.96 - - [26/Dec/2015:05:08:21 +0800] "GET /digiarch/content/repository/resource_content.jsp?oid=1551244 HTTP/1.1" 404 14873
66.249.71.60 - - [26/Dec/2015:05:08:23 +0800] "GET /content/repository/resource_content.jsp?oid=14829&queryString=%E5%8F%B0%E7%81%A3%E7%89%B9%E6%9C%89%E7%A8%AE%20%E6%A3%98%E8%A3%B8%E7%B5%A8%E9%AE%8B%20%E7%9F%B3%E7%8B%97%E5%85%AC%20%E7%9F%B3%E9%A0%AD%E9%AD%9A HTTP/1.1" 200 34973
61.135.189.96 - - [26/Dec/2015:05:08:36 +0800] "GET /digiarch/content/repository/resource_content.jsp?oid=1550563 HTTP/1.1" 404 14873
61.135.189.96 - - [26/Dec/2015:05:08:50 +0800] "GET /digiarch/content/repository/resource_content.jsp?oid=1552272 HTTP/1.1" 404 14873
66.249.71.60 - - [26/Dec/2015:05:08:51 +0800] "GET /content/repository/resource_content.jsp?oid=1081614&queryString=%E9%9D%92%E9%B8%9A%E5%93%A5%E9%AD%9A%20%E9%B8%9A%E5%93%A5%20%E9%B8%9A%E5%93%A5%E9%AD%9A HTTP/1.1" 200 36037
61.135.189.96 - - [26/Dec/2015:05:09:06 +0800] "GET /digiarch/content/repository/resource_content.jsp?oid=1557068 HTTP/1.1" 404 14873
66.249.71.121 - - [26/Dec/2015:05:09:08 +0800] "GET /content/subject/resource_content.jsp?oid=16777619&queryType=qc HTTP/1.1" 200 78754
66.249.74.72 - - [26/Dec/2015:05:09:20 +0800] "GET /digiarch3/content/repository/resource_content.jsp?oid=2679368&queryString=%E4%BA%BA%E5%90%8D%E6%AC%8A%E5%A8%81%20%E6%A5%8A%E5%A2%9E%E6%96%B0%20%E7%B4%8B%E9%8A%80%20%E9%8A%80%E4%BA%8B HTTP/1.1" 200 30463
61.135.189.96 - - [26/Dec/2015:05:09:21 +0800] "GET /digiarch/content/repository/resource_content.jsp?oid=1552292 HTTP/1.1" 404 14873
66.249.71.121 - - [26/Dec/2015:05:09:32 +0800] "GET /content/nav/relationSubject.jsp?relationWords=&oid=4363052 HTTP/1.1" 200 1405
61.135.189.96 - - [26/Dec/2015:05:09:36 +0800] "GET /digiarch/content/repository/resource_content.jsp?oid=1553398 HTTP/1.1" 404 14873
66.249.71.60 - - [26/Dec/2015:05:09:36 +0800] "GET /content/nav/relationSubject.jsp?relationWords=&oid=1174139 HTTP/1.1" 200 1405
59.104.17.126 - - [26/Dec/2015:05:09:38 +0800] "GET /content/nav/relationSubject.jsp?relationWords=%E6%BE%A4%E8%98%AD+%E8%8A%B1%E8%94%93+%E8%94%93%E6%BE%A4+%E8%94%93%E6%BE%A4%E8%98%AD+&oid=16777266 HTTP/1.1" 200 4343
61.135.189.96 - - [26/Dec/2015:05:09:50 +0800] "GET /digiarch/content/repository/resource_content.jsp?oid=1550038 HTTP/1.1" 404 14873
61.135.189.96 - - [26/Dec/2015:05:10:05 +0800] "GET /digiarch/content/repository/resource_content.jsp?oid=1552286 HTTP/1.1" 404 14873
61.135.189.96 - - [26/Dec/2015:05:10:20 +0800] "GET /digiarch/content/repository/resource_content.jsp?oid=1552289 HTTP/1.1" 404 14873
66.249.74.102 - - [26/Dec/2015:05:10:29 +0800] "GET /content/nav/relationSubject.jsp?relationWords=%E5%A0%B1%E6%98%A5%E8%8A%B1+%E6%98%A5%E8%8A%B1+%E8%A0%B6%E7%B5%B2+&oid=2542427 HTTP/1.1" 200 3205
61.135.189.96 - - [26/Dec/2015:05:10:34 +0800] "GET /digiarch/content/repository/resource_content.jsp?oid=1551259 HTTP/1.1" 404 14873
66.249.71.60 - - [26/Dec/2015:05:10:37 +0800] "GET /content/nav/relationSubject.jsp?relationWords=%E5%A0%B1%E6%98%A5%E8%8A%B1%20%E6%98%A5%E8%8A%B1%20%E8%A0%B6%E7%B5%B2%20&oid=2542427 HTTP/1.1" 200 3205
157.55.39.115 - - [26/Dec/2015:05:10:43 +0800] "GET /content/nav/relationSubject.jsp?relationWords=%E6%93%AC%E9%B1%B8+%E6%B2%88%E6%B0%8F+%E7%8B%97%E6%AF%8D%E9%AD%9A+%E7%B5%A8%E6%AF%9B%E9%AF%8A+%E8%A3%B8%E8%83%B8%E9%AF%99+%E9%82%B5%E6%B0%8F+%E9%A6%AC%E5%8F%A3%E9%AD%9A+%E9%AE%9F%E9%B1%87+%E9%BB%91%E7%89%99%E6%A3%98%E8%8C%84%E9%AD%9A+&oid=16777488 HTTP/1.1" 200 5100
66.249.79.30 - - [26/Dec/2015:05:10:46 +0800] "GET /content/subject/resource_content.jsp?oid=16797293&queryType=qc HTTP/1.1" 200 46243
61.135.189.96 - - [26/Dec/2015:05:10:48 +0800] "GET /digiarch/content/repository/resource_content.jsp?oid=1549574 HTTP/1.1" 404 14873
66.249.77.91 - - [26/Dec/2015:05:10:52 +0800] "GET /content/nav/relationSubject.jsp?relationWords=&oid=16777495 HTTP/1.1" 200 1405
61.135.189.96 - - [26/Dec/2015:05:11:01 +0800] "GET /digiarch/content/repository/resource_content.jsp?oid=1552269 HTTP/1.1" 404 14873
194.187.168.208 - - [26/Dec/2015:05:11:13 +0800] "GET /content/subject/resource_content.jsp?oid=16777838&queryType=qc HTTP/1.0" 200 58963
66.249.77.85 - - [26/Dec/2015:05:11:14 +0800] "GET /content/subject/resource_content.jsp?oid=16797282&queryType=qc HTTP/1.1" 200 78850
61.135.189.96 - - [26/Dec/2015:05:11:15 +0800] "GET /digiarch/content/repository/resource_content.jsp?oid=1553508 HTTP/1.1" 404 14873
61.135.189.96 - - [26/Dec/2015:05:11:30 +0800] "GET /digiarch/content/repository/resource_content.jsp?oid=1551013 HTTP/1.1" 404 14873
66.249.71.72 - - [26/Dec/2015:05:11:42 +0800] "GET /content/subject/resource_content.jsp?oid=16797293&queryType=qc HTTP/1.1" 200 46243
61.135.189.96 - - [26/Dec/2015:05:11:44 +0800] "GET /digiarch/content/repository/resource_content.jsp?oid=1550310 HTTP/1.1" 404 14873
61.135.189.96 - - [26/Dec/2015:05:12:00 +0800] "GET /digiarch/content/repository/resource_content.jsp?oid=1559224 HTTP/1.1" 404 14873
61.135.189.96 - - [26/Dec/2015:05:12:16 +0800] "GET /digiarch/content/repository/resource_content.jsp?oid=1552274 HTTP/1.1" 404 14873
66.249.71.113 - - [26/Dec/2015:05:12:21 +0800] "GET /content/nav/relationSubject.jsp?relationWords=%E6%B5%B7%E6%BE%84+%E6%B5%B7%E6%BE%84%E7%B8%A3+%E6%BC%B3%E5%B7%9E%E5%BA%9C+&oid=2666162 HTTP/1.1" 200 3208
66.249.71.105 - - [26/Dec/2015:05:12:24 +0800] "GET /content/nav/relationSubject.jsp?relationWords=%E6%B5%B7%E6%BE%84%20%E6%B5%B7%E6%BE%84%E7%B8%A3%20%E6%BC%B3%E5%B7%9E%E5%BA%9C%20&oid=2666162 HTTP/1.1" 200 3208
61.135.189.96 - - [26/Dec/2015:05:12:31 +0800] "GET /digiarch/content/repository/resource_content.jsp?oid=1551003 HTTP/1.1" 404 14873
66.249.71.72 - - [26/Dec/2015:05:12:39 +0800] "GET /content/subject/resource_content.jsp?oid=16777581&queryType=qc HTTP/1.1" 200 48521
61.135.189.96 - - [26/Dec/2015:05:12:46 +0800] "GET /digiarch/content/repository/resource_content.jsp?oid=1553545 HTTP/1.1" 404 14873
61.135.189.96 - - [26/Dec/2015:05:13:00 +0800] "GET /digiarch/content/repository/resource_content.jsp?oid=1555186 HTTP/1.1" 404 14873
61.135.189.96 - - [26/Dec/2015:05:13:15 +0800] "GET /digiarch/content/repository/resource_content.jsp?oid=1555191 HTTP/1.1" 404 14873
66.249.71.105 - - [26/Dec/2015:05:13:20 +0800] "GET /content/nav/relationSubject.jsp?relationWords=%E4%BF%9D%E9%9A%AA+%E5%85%AC%E5%8B%99%E5%93%A1+%E5%89%8D%E9%8E%AE+%E5%8B%95%E5%8A%9B%E6%BC%81%E8%88%B9+%E5%9C%B0%E6%96%B9%E6%94%BF%E5%BA%9C+%E5%A4%96%E5%8C%AF+%E5%BF%A0%E5%8B%A4+%E6%93%B4%E5%BB%BA+%E6%A5%AD%E4%B8%BB+%E6%B8%AF%E5%8B%99+%E6%B8%AF%E5%8B%99%E5%B1%80+%E6%BC%81%E5%A1%AD+%E7%A4%BE%E6%9C%83%E8%99%95+%E7%A7%91%E9%95%B7+%E8%B5%B0%E7%A7%81+%E9%81%A0%E6%B4%8B%E6%BC%81%E6%A5%AD+%E9%90%B5%E8%B7%AF%E5%B1%80+%E9%AB%98%E9%9B%84%E6%B8%AF+&oid=1573496 HTTP/1.1" 200 5795
66.249.71.105 - - [26/Dec/2015:05:13:23 +0800] "GET /content/nav/relationSubject.jsp?relationWords=%E4%BF%9D%E9%9A%AA%20%E5%85%AC%E5%8B%99%E5%93%A1%20%E5%89%8D%E9%8E%AE%20%E5%8B%95%E5%8A%9B%E6%BC%81%E8%88%B9%20%E5%9C%B0%E6%96%B9%E6%94%BF%E5%BA%9C%20%E5%A4%96%E5%8C%AF%20%E5%BF%A0%E5%8B%A4%20%E6%93%B4%E5%BB%BA%20%E6%A5%AD%E4%B8%BB%20%E6%B8%AF%E5%8B%99%20%E6%B8%AF%E5%8B%99%E5%B1%80%20%E6%BC%81%E5%A1%AD%20%E7%A4%BE%E6%9C%83%E8%99%95%20%E7%A7%91%E9%95%B7%20%E8%B5%B0%E7%A7%81%20%E9%81%A0%E6%B4%8B%E6%BC%81%E6%A5%AD%20%E9%90%B5%E8%B7%AF%E5%B1%80%20%E9%AB%98%E9%9B%84%E6%B8%AF%20&oid=1573496 HTTP/1.1" 200 5795
61.135.189.96 - - [26/Dec/2015:05:13:31 +0800] "GET /digiarch/content/repository/resource_content.jsp?oid=1552215 HTTP/1.1" 404 14873
66.249.74.63 - - [26/Dec/2015:05:13:37 +0800] "GET /content/repository/resource_content.jsp?oid=4362386&queryType=qs&queryString=%E9%81%BF%E9%82%AA HTTP/1.1" 200 29853
66.249.77.85 - - [26/Dec/2015:05:13:46 +0800] "GET /content/nav/relationSubject.jsp?relationWords=%E5%85%AB%E5%88%86%E6%9B%B8%20%E5%98%89%E7%A5%A5%20%E5%B1%B1%E6%9D%B1%E5%98%89%E7%A5%A5%20%E5%BB%BA%E7%AF%89%E7%95%AB%20%E6%9C%B1%E6%98%8E%20%E6%9D%8E%E5%96%84%20%E6%AD%A6%E6%A2%81%E7%A5%A0%20%E6%AD%A6%E6%A2%81%E7%A5%A0%E7%95%AB%E5%83%8F%20%E6%AD%A6%E6%B0%8F%E7%A5%A0%20%E6%AD%A6%E6%B0%8F%E7%A5%A0%E5%BE%8C%E7%9F%B3%E5%AE%A4%20%E7%A5%9E%E8%A9%B1%E6%95%85%E4%BA%8B%20%E7%A7%A6%E7%8E%8B%20%E7%AE%A1%E4%BB%B2%20%E8%91%A3%E6%B0%B8%20%E9%81%BA%E5%AD%A4%20%E9%83%BD%E5%B0%89%20%E9%87%91%E8%80%85%20%E9%A1%8C%E8%A8%98%20%E9%A8%8E%E9%83%BD%E5%B0%89%20%E9%BD%8A%E6%A1%93%E5%85%AC%20&oid=1833163 HTTP/1.1" 200 6908
61.135.189.96 - - [26/Dec/2015:05:13:47 +0800] "GET /digiarch/content/repository/resource_content.jsp?oid=1553504 HTTP/1.1" 404 14873
61.135.189.96 - - [26/Dec/2015:05:14:05 +0800] "GET /digiarch/content/repository/resource_content.jsp?oid=1563282 HTTP/1.1" 404 14873
66.249.71.64 - - [26/Dec/2015:05:14:05 +0800] "GET /content/subject/resource_content.jsp?oid=16797244&queryString= HTTP/1.1" 200 50442
61.135.189.96 - - [26/Dec/2015:05:14:22 +0800] "GET /digiarch/content/repository/resource_content.jsp?oid=1553559 HTTP/1.1" 404 14873
157.55.39.19 - - [26/Dec/2015:05:14:28 +0800] "GET /content/subject/resource_content.jsp?oid=16777568&queryType=qc HTTP/1.1" 200 34862
61.135.189.96 - - [26/Dec/2015:05:14:37 +0800] "GET /digiarch/content/repository/resource_content.jsp?oid=1553400 HTTP/1.1" 404 14873
66.249.77.97 - - [26/Dec/2015:05:14:47 +0800] "GET /content/repository/resource_content.jsp?oid=1522402&queryString=%E5%82%85%E6%96%AF%E5%B9%B4%20%E5%8F%83%E8%AD%B0%E6%9C%83%20%E5%8F%B0%E7%81%A3%E7%9C%81%20%E6%B3%95%E9%99%A2 HTTP/1.1" 200 33975
61.135.189.96 - - [26/Dec/2015:05:14:53 +0800] "GET /digiarch/content/repository/resource_content.jsp?oid=1552400 HTTP/1.1" 404 14873
61.135.189.96 - - [26/Dec/2015:05:15:09 +0800] "GET /digiarch/content/repository/resource_content.jsp?oid=1551039 HTTP/1.1" 404 14873
61.135.189.96 - - [26/Dec/2015:05:15:25 +0800] "GET /digiarch/content/repository/resource_content.jsp?oid=1552480 HTTP/1.1" 404 14873
66.249.71.121 - - [26/Dec/2015:05:15:32 +0800] "GET /content/nav/relationSubject.jsp?relationWords=%E8%BC%BF%E6%83%85%E6%A1%88+%E9%80%A2%E7%94%B2+&oid=1555450 HTTP/1.1" 200 4474
66.249.71.105 - - [26/Dec/2015:05:15:36 +0800] "GET /content/nav/relationSubject.jsp?relationWords=%E8%BC%BF%E6%83%85%E6%A1%88%20%E9%80%A2%E7%94%B2%20&oid=1555450 HTTP/1.1" 200 4474
61.135.189.96 - - [26/Dec/2015:05:15:42 +0800] "GET /digiarch/content/repository/resource_content.jsp?oid=1552235 HTTP/1.1" 404 14873
61.135.189.96 - - [26/Dec/2015:05:15:58 +0800] "GET /digiarch/content/repository/resource_content.jsp?oid=1550490 HTTP/1.1" 404 14873
61.135.189.96 - - [26/Dec/2015:05:16:14 +0800] "GET /digiarch/content/repository/resource_content.jsp?oid=1549570 HTTP/1.1" 404 14873
61.135.189.96 - - [26/Dec/2015:05:16:32 +0800] "GET /digiarch/content/repository/resource_content.jsp?oid=1552258 HTTP/1.1" 404 14873
61.135.189.96 - - [26/Dec/2015:05:16:48 +0800] "GET /digiarch/content/repository/resource_content.jsp?oid=1552525 HTTP/1.1" 404 14873
61.135.189.96 - - [26/Dec/2015:05:17:04 +0800] "GET /digiarch/content/repository/resource_content.jsp?oid=1552249 HTTP/1.1" 404 14873
61.135.189.96 - - [26/Dec/2015:05:17:20 +0800] "GET /digiarch/content/repository/resource_content.jsp?oid=1550479 HTTP/1.1" 404 14873
66.249.71.60 - - [26/Dec/2015:05:17:30 +0800] "GET /content/nav/relationSubject.jsp?relationWords=%E4%B8%AD%E8%88%88%E6%96%B0%E6%9D%91+%E6%95%88%E7%8E%87+%E6%9D%91%E5%85%AC+%E6%BA%AA%E5%B7%9E+%E7%A4%BE%E6%9C%83%E8%99%95+%E8%8D%89%E5%B1%AF%E9%8E%AE+&oid=1547200 HTTP/1.1" 200 5084
66.249.71.60 - - [26/Dec/2015:05:17:38 +0800] "GET /content/subject/resource_content.jsp?oid=16777481&queryType=qc HTTP/1.1" 200 172185
61.135.189.96 - - [26/Dec/2015:05:17:38 +0800] "GET /digiarch/content/repository/resource_content.jsp?oid=1550542 HTTP/1.1" 404 14873
61.135.189.96 - - [26/Dec/2015:05:17:54 +0800] "GET /digiarch/content/repository/resource_content.jsp?oid=1550266 HTTP/1.1" 404 14873
61.135.189.96 - - [26/Dec/2015:05:18:11 +0800] "GET /digiarch/content/repository/resource_content.jsp?oid=1552536 HTTP/1.1" 404 14873
61.135.189.96 - - [26/Dec/2015:05:18:27 +0800] "GET /digiarch/content/repository/resource_content.jsp?oid=1553528 HTTP/1.1" 404 14873
66.249.77.91 - - [26/Dec/2015:05:18:36 +0800] "GET /content/nav/relationSubject.jsp?relationWords=%E5%9C%B0%E9%8C%A6+%E5%9C%B0%E9%8C%A6%E8%8D%89+%E5%9C%B0%E9%8C%A6%E8%8D%89%E5%B1%AC+&oid=1106640 HTTP/1.1" 200 3286
66.249.77.85 - - [26/Dec/2015:05:18:39 +0800] "GET /content/nav/relationSubject.jsp?relationWords=%E5%9C%B0%E9%8C%A6%20%E5%9C%B0%E9%8C%A6%E8%8D%89%20%E5%9C%B0%E9%8C%A6%E8%8D%89%E5%B1%AC%20&oid=1106640 HTTP/1.1" 200 3286
61.135.189.96 - - [26/Dec/2015:05:18:44 +0800] "GET /digiarch/content/repository/resource_content.jsp?oid=1553536 HTTP/1.1" 404 14873
61.135.189.96 - - [26/Dec/2015:05:19:01 +0800] "GET /digiarch/content/repository/resource_content.jsp?oid=1563244 HTTP/1.1" 404 14873
66.249.71.60 - - [26/Dec/2015:05:19:19 +0800] "GET /content/nav/relationSubject.jsp?relationWords=%E4%B8%AD%E5%A4%AE%E9%BB%A8%E9%83%A8+%E5%81%A5%E4%BF%9D+%E5%85%92%E7%AB%A5%E7%A6%8F%E5%88%A9+%E5%85%A8%E6%B0%91%E5%81%A5%E4%BF%9D+%E5%8B%9E%E5%B7%A5%E8%99%95+%E5%91%A8%E6%85%A7%E7%91%9B+%E5%9C%8B%E6%B0%91%E9%BB%A8+%E5%AD%95%E5%A9%A6+%E5%B0%8F%E5%85%92%E7%A7%91+%E5%B7%A5%E6%9C%83+%E5%BC%B5%E6%BA%AB%E9%B7%B9+%E6%87%B7%E5%AD%95+%E6%89%8B%E5%86%8A+%E6%8A%97%E7%88%AD+%E6%96%87%E5%8C%96%E8%B3%87%E7%94%A2+%E6%BA%AB%E9%B7%B9+%E7%8E%89%E9%87%8C+%E7%9A%AE%E8%86%9A+%E7%9A%AE%E8%86%9A%E7%A7%91+%E7%B8%BD%E7%9D%A3%E5%BA%9C%E6%AA%94%E6%A1%88+%E8%80%81%E4%BA%BA%E7%A6%8F%E5%88%A9+%E8%80%81%E4%BA%BA%E7%A6%8F%E5%88%A9%E6%B3%95+%E8%83%8E%E5%85%92+%E8%87%BA%E5%8C%97%E5%B8%82+%E8%87%BA%E5%8C%97%E5%B8%82%E6%94%BF%E5%BA%9C+%E8%87%BA%E5%8C%97%E7%B8%A3+%E8%87%BA%E7%81%A3%E7%9C%81+%E8%AD%A6%E5%8B%99%E8%99%95+%E8%AD%A6%E5%AF%9F+%E8%AD%A6%E5%AF%9F%E6%A9%9F%E9%97%9C+%E8%AD%B7%E6%B3%95+%E8%B3%AA%E8%A9%A2+%E8%BA%AB%E5%BF%83+%E9%81%8E%E6%95%8F+%E9%86%AB%E7%99%82%E6%B3%95+%E9%9B%BB%E5%8B%95%E7%8E%A9%E5%85%B7+%E9%A0%90%E7%AE%97+%E9%A0%90%E9%98%B2+%E9%A0%90%E9%98%B2%E6%B3%A8%E5%B0%84+&oid=1606336 HTTP/1.1" 200 6312
61.135.189.96 - - [26/Dec/2015:05:19:20 +0800] "GET /digiarch/content/repository/resource_content.jsp?oid=1552510 HTTP/1.1" 404 14873
66.249.71.60 - - [26/Dec/2015:05:19:21 +0800] "GET /content/nav/relationSubject.jsp?relationWords=%E4%B8%AD%E5%A4%AE%E9%BB%A8%E9%83%A8%20%E5%81%A5%E4%BF%9D%20%E5%85%92%E7%AB%A5%E7%A6%8F%E5%88%A9%20%E5%85%A8%E6%B0%91%E5%81%A5%E4%BF%9D%20%E5%8B%9E%E5%B7%A5%E8%99%95%20%E5%91%A8%E6%85%A7%E7%91%9B%20%E5%9C%8B%E6%B0%91%E9%BB%A8%20%E5%AD%95%E5%A9%A6%20%E5%B0%8F%E5%85%92%E7%A7%91%20%E5%B7%A5%E6%9C%83%20%E5%BC%B5%E6%BA%AB%E9%B7%B9%20%E6%87%B7%E5%AD%95%20%E6%89%8B%E5%86%8A%20%E6%8A%97%E7%88%AD%20%E6%96%87%E5%8C%96%E8%B3%87%E7%94%A2%20%E6%BA%AB%E9%B7%B9%20%E7%8E%89%E9%87%8C%20%E7%9A%AE%E8%86%9A%20%E7%9A%AE%E8%86%9A%E7%A7%91%20%E7%B8%BD%E7%9D%A3%E5%BA%9C%E6%AA%94%E6%A1%88%20%E8%80%81%E4%BA%BA%E7%A6%8F%E5%88%A9%20%E8%80%81%E4%BA%BA%E7%A6%8F%E5%88%A9%E6%B3%95%20%E8%83%8E%E5%85%92%20%E8%87%BA%E5%8C%97%E5%B8%82%20%E8%87%BA%E5%8C%97%E5%B8%82%E6%94%BF%E5%BA%9C%20%E8%87%BA%E5%8C%97%E7%B8%A3%20%E8%87%BA%E7%81%A3%E7%9C%81%20%E8%AD%A6%E5%8B%99%E8%99%95%20%E8%AD%A6%E5%AF%9F%20%E8%AD%A6%E5%AF%9F%E6%A9%9F%E9%97%9C%20%E8%AD%B7%E6%B3%95%20%E8%B3%AA%E8%A9%A2%20%E8%BA%AB%E5%BF%83%20%E9%81%8E%E6%95%8F%20%E9%86%AB%E7%99%82%E6%B3%95%20%E9%9B%BB%E5%8B%95%E7%8E%A9%E5%85%B7%20%E9%A0%90%E7%AE%97%20%E9%A0%90%E9%98%B2%20%E9%A0%90%E9%98%B2%E6%B3%A8%E5%B0%84%20&oid=1606336 HTTP/1.1" 200 6312
66.249.71.60 - - [26/Dec/2015:05:19:22 +0800] "GET /content/nav/relationSubject.jsp?relationWords=%E9%BB%83%E9%82%8A%E9%B0%AD%E8%A3%B8%E8%83%B8%E9%AF%99+&oid=21795 HTTP/1.1" 200 3262
66.249.71.60 - - [26/Dec/2015:05:19:24 +0800] "GET /content/nav/relationSubject.jsp?relationWords=%E9%BB%83%E9%82%8A%E9%B0%AD%E8%A3%B8%E8%83%B8%E9%AF%99%20&oid=21795 HTTP/1.1" 200 3262
66.249.71.60 - - [26/Dec/2015:05:19:34 +0800] "GET /content/nav/relationSubject.jsp?relationWords=%E6%89%81%E8%9D%B8%E7%89%9B%E7%A7%91+%E6%9F%84%E7%9C%BC%E7%9B%AE+%E7%90%83%E8%9D%B8%E7%89%9B+%E8%85%B9%E8%B6%B3%E7%B6%B1+&oid=1125518 HTTP/1.1" 200 3360
61.135.189.96 - - [26/Dec/2015:05:19:38 +0800] "GET /digiarch/content/repository/resource_content.jsp?oid=1558093 HTTP/1.1" 404 14873
66.249.71.60 - - [26/Dec/2015:05:19:39 +0800] "GET /content/nav/relationSubject.jsp?relationWords=%E6%89%81%E8%9D%B8%E7%89%9B%E7%A7%91%20%E6%9F%84%E7%9C%BC%E7%9B%AE%20%E7%90%83%E8%9D%B8%E7%89%9B%20%E8%85%B9%E8%B6%B3%E7%B6%B1%20&oid=1125518 HTTP/1.1" 200 3360
66.249.71.60 - - [26/Dec/2015:05:19:52 +0800] "GET /content/subject/resource_content.jsp?oid=16777838&queryType=qc HTTP/1.1" 200 59031
61.135.189.96 - - [26/Dec/2015:05:19:59 +0800] "GET /digiarch/content/repository/resource_content.jsp?oid=1551005 HTTP/1.1" 404 14873
66.249.71.60 - - [26/Dec/2015:05:20:11 +0800] "GET /content/nav/relationSubject.jsp?relationWords=%E5%B0%8F%E6%A2%A3%E8%91%89+%E6%87%B8%E9%89%A4%E5%AD%90%E5%B1%AC+%E6%A2%A3%E8%91%89%E6%87%B8%E9%89%A4%E5%AD%90+%E6%A4%8D%E7%89%A9%E7%95%8C+%E8%96%94%E8%96%87%E7%9B%AE+%E8%96%94%E8%96%87%E7%A7%91+&oid=1457863 HTTP/1.1" 200 3479
66.249.71.60 - - [26/Dec/2015:05:20:14 +0800] "GET /content/nav/relationSubject.jsp?relationWords=%E5%B0%8F%E6%A2%A3%E8%91%89%20%E6%87%B8%E9%89%A4%E5%AD%90%E5%B1%AC%20%E6%A2%A3%E8%91%89%E6%87%B8%E9%89%A4%E5%AD%90%20%E6%A4%8D%E7%89%A9%E7%95%8C%20%E8%96%94%E8%96%87%E7%9B%AE%20%E8%96%94%E8%96%87%E7%A7%91%20&oid=1457863 HTTP/1.1" 200 3479
61.135.189.96 - - [26/Dec/2015:05:20:15 +0800] "GET /digiarch/content/repository/resource_content.jsp?oid=1557099 HTTP/1.1" 404 14873
61.135.189.96 - - [26/Dec/2015:05:20:31 +0800] "GET /digiarch/content/repository/resource_content.jsp?oid=1552233 HTTP/1.1" 404 14873
66.249.71.60 - - [26/Dec/2015:05:20:45 +0800] "GET /content/tmp_exh/resource_content.jsp?oid=16777849&queryString= HTTP/1.1" 200 32528
61.135.189.96 - - [26/Dec/2015:05:20:50 +0800] "GET /digiarch/content/repository/resource_content.jsp?oid=1551231 HTTP/1.1" 404 14873
66.249.71.72 - - [26/Dec/2015:05:20:51 +0800] "GET /content/nav/relationSubject.jsp?relationWords=%E5%85%AC%E8%B7%AF%E5%B1%80+%E5%8F%B8%E6%A9%9F+%E8%BB%8A%E7%A6%8D+%E9%87%91%E9%A6%AC%E8%99%9F+&oid=1568002 HTTP/1.1" 200 4667
66.249.71.60 - - [26/Dec/2015:05:20:55 +0800] "GET /content/nav/relationSubject.jsp?relationWords=%E5%85%AC%E8%B7%AF%E5%B1%80%20%E5%8F%B8%E6%A9%9F%20%E8%BB%8A%E7%A6%8D%20%E9%87%91%E9%A6%AC%E8%99%9F%20&oid=1568002 HTTP/1.1" 200 4667
61.135.189.96 - - [26/Dec/2015:05:21:09 +0800] "GET /digiarch/content/repository/resource_content.jsp?oid=1551051 HTTP/1.1" 404 14873
61.135.189.96 - - [26/Dec/2015:05:21:28 +0800] "GET /digiarch/content/repository/resource_content.jsp?oid=1550312 HTTP/1.1" 404 14873
66.249.77.91 - - [26/Dec/2015:05:21:42 +0800] "GET /content/subject/resource_content.jsp?oid=16777852&queryType=qs&queryString=%E5%85%AB%E5%8D%A6%E5%B1%B1 HTTP/1.1" 200 76801
61.135.189.96 - - [26/Dec/2015:05:21:47 +0800] "GET /digiarch/content/repository/resource_content.jsp?oid=1563247 HTTP/1.1" 404 14873
61.135.189.96 - - [26/Dec/2015:05:22:04 +0800] "GET /digiarch/content/repository/resource_content.jsp?oid=1557072 HTTP/1.1" 404 14873
66.249.74.98 - - [26/Dec/2015:05:22:10 +0800] "GET /content/repository/resource_content.jsp?oid=15313&queryString=%E9%9B%9E%E9%AD%9A HTTP/1.1" 200 35942
66.249.71.64 - - [26/Dec/2015:05:22:11 +0800] "GET /content/repository/resource_content.jsp?oid=14097&queryString=%E7%99%BD%E7%9C%BC%E9%AE%AB%20%E7%99%BD%E7%9C%BC%E9%AE%AB%E7%A7%91%20%E7%9C%9F%E9%AF%8A HTTP/1.1" 200 35775
61.135.189.96 - - [26/Dec/2015:05:22:21 +0800] "GET /digiarch/content/repository/resource_content.jsp?oid=1558094 HTTP/1.1" 404 14873
66.249.77.97 - - [26/Dec/2015:05:22:28 +0800] "GET /content/subject/resource_content.jsp?oid=16777838&queryType=qc HTTP/1.1" 200 59042
66.249.74.74 - - [26/Dec/2015:05:22:33 +0800] "GET /digiarch3/content/nav/relationSubject.jsp?relationWords=%E5%A4%A7%E6%98%A5+%E6%9C%A8%E9%9B%95%E7%89%88%E7%95%AB+&oid=4362527 HTTP/1.1" 200 3930
61.135.189.96 - - [26/Dec/2015:05:22:38 +0800] "GET /digiarch/content/repository/resource_content.jsp?oid=1550539 HTTP/1.1" 404 14873
66.249.71.50 - - [26/Dec/2015:05:22:46 +0800] "GET /content/subject/resource_content.jsp?oid=16777838&queryType=qc HTTP/1.1" 200 59035
66.249.74.72 - - [26/Dec/2015:05:22:48 +0800] "GET /digiarch3/content/nav/relationSubject.jsp?relationWords=%E5%A4%A7%E6%98%A5%20%E6%9C%A8%E9%9B%95%E7%89%88%E7%95%AB%20&oid=4362527 HTTP/1.1" 200 3930
66.249.71.60 - - [26/Dec/2015:05:22:50 +0800] "GET /content/nav/relationSubject.jsp?relationWords=&oid=2571922 HTTP/1.1" 200 1405
66.249.71.60 - - [26/Dec/2015:05:22:52 +0800] "GET /content/nav/relationSubject.jsp?relationWords=%E6%9C%A8%E7%A2%97+&oid=4362103 HTTP/1.1" 200 2948
61.135.189.96 - - [26/Dec/2015:05:22:54 +0800] "GET /digiarch/content/repository/resource_content.jsp?oid=1549576 HTTP/1.1" 404 14873
66.249.71.60 - - [26/Dec/2015:05:23:07 +0800] "GET /content/tmp_exh/resource_content.jsp?oid=16777760&queryType=qc HTTP/1.1" 200 35810
61.135.189.96 - - [26/Dec/2015:05:23:12 +0800] "GET /digiarch/content/repository/resource_content.jsp?oid=1550309 HTTP/1.1" 404 14873
61.135.189.96 - - [26/Dec/2015:05:23:29 +0800] "GET /digiarch/content/repository/resource_content.jsp?oid=1558095 HTTP/1.1" 404 14873
