116.212.127.36 - - [24/Nov/2015:12:24:50 +0800] "HEAD /manager/status/void.jsp HTTP/1.1" 401 -
116.212.127.36 - - [24/Nov/2015:12:24:51 +0800] "HEAD /docs/api/asteroids/ HTTP/1.1" 404 -
116.212.127.36 - - [24/Nov/2015:12:24:53 +0800] "HEAD /digiarch_en/asteroids/ HTTP/1.1" 404 -
116.212.127.36 - - [24/Nov/2015:12:25:04 +0800] "HEAD /docs/config/asteroids.jsp HTTP/1.1" 404 -
116.212.127.36 - - [24/Nov/2015:12:25:08 +0800] "HEAD /docs/jspapi/asteroids.jsp HTTP/1.1" 404 -
116.212.127.36 - - [24/Nov/2015:12:25:13 +0800] "HEAD /docs/appdev/asteroids.jsp HTTP/1.1" 404 -
116.212.127.36 - - [24/Nov/2015:12:25:21 +0800] "HEAD /docs/appdev/sample/asteroids/ HTTP/1.1" 404 -
116.212.127.36 - - [24/Nov/2015:12:25:22 +0800] "HEAD /docs/servletapi/asteroids.jsp HTTP/1.1" 404 -
66.249.71.113 - - [24/Nov/2015:12:25:24 +0800] "GET /content/repository/resource_content.jsp?oid=15100&queryString=%E5%9A%B4%E5%85%AC%E4%BB%94%20%E5%A4%A7%E7%9C%BC%E9%AF%9B%20%E5%A4%A7%E7%9C%BC%E9%AF%9B%E7%A7%91%20%E5%A4%A7%E9%B1%97%E5%A4%A7%E7%9C%BC%E9%AF%9B%20%E7%B4%85%E7%9B%AE%E9%B0%B1%20%E9%BA%A5%E6%B0%8F HTTP/1.1" 200 34841
116.212.127.36 - - [24/Nov/2015:12:25:26 +0800] "HEAD /docs/api/asteroids.jsp HTTP/1.1" 404 -
116.212.127.36 - - [24/Nov/2015:12:25:27 +0800] "HEAD /docs/funcspecs/asteroids.jsp HTTP/1.1" 404 -
116.212.127.36 - - [24/Nov/2015:12:25:35 +0800] "HEAD /docs/servletapi/asteroids/ HTTP/1.1" 404 -
203.71.212.133 - - [24/Nov/2015:12:25:50 +0800] "GET /content/repository/resource_content.jsp?oid=1521023&queryString=%E5%9C%92%E8%97%9D HTTP/1.1" 200 30087
203.71.212.133 - - [24/Nov/2015:12:25:51 +0800] "GET /content/nav/relationSubject.jsp?relationWords=%E4%BA%BA%E4%BA%8B%E8%99%95+%E5%9C%92%E8%97%9D+%E6%9B%BE%E5%BD%AC%E7%A5%A5+%E6%9D%8E%E9%80%A2%E8%80%80+%E6%9E%97%E4%BF%8A%E9%9B%84+%E6%B3%95%E5%BE%8B%E7%B3%BB+%E7%9C%81%E6%94%BF%E5%BA%9C+%E8%87%A8%E6%99%82%E7%9C%81%E8%AD%B0%E6%9C%83+%E8%87%BA%E7%81%A3%E7%9C%81+%E8%91%A3%E6%81%86%E7%9B%8A+%E8%A2%81%E9%9F%B6%E5%85%89+%E8%B3%B4%E9%87%91%E5%B1%B1+%E9%A3%9F%E7%B1%B3+%E9%BB%83%E5%A4%A7%E6%B4%B2+%E9%BB%83%E5%A4%A9%E6%8E%88+&oid=1521023 HTTP/1.1" 200 5157
116.212.127.36 - - [24/Nov/2015:12:25:54 +0800] "HEAD /docs/appdev/sample/asteroids.jsp HTTP/1.1" 404 -
157.55.39.253 - - [24/Nov/2015:12:26:14 +0800] "GET /content/repository/resource_content.jsp?oid=4352501&queryString=%E4%BA%BA%E5%90%8D%E6%AC%8A%E5%A8%81%20%E6%9D%B1%E7%9D%A3%20%E6%B5%AA%E4%BA%BA%20%E7%86%8A%E7%82%B3%E7%90%A6 HTTP/1.1" 200 34573
66.249.71.72 - - [24/Nov/2015:12:26:30 +0800] "GET /content/repository/resource_content.jsp?oid=2523379 HTTP/1.1" 200 28683
163.29.7.125 - - [24/Nov/2015:12:26:39 +0800] "GET /content/nav/relationSubject.jsp?relationWords=%E5%8F%A4%E5%9C%B0%E5%9C%96+&oid=16777514 HTTP/1.1" 200 3976
116.212.127.36 - - [24/Nov/2015:12:27:00 +0800] "HEAD /docs/appdev/sample/web/asteroids/ HTTP/1.1" 404 -
116.212.127.36 - - [24/Nov/2015:12:27:09 +0800] "HEAD /docs/appdev/sample/web/asteroids.jsp HTTP/1.1" 404 -
66.249.71.72 - - [24/Nov/2015:12:27:48 +0800] "GET /content/repository/resource_content.jsp?oid=1811228 HTTP/1.1" 200 28175
66.249.71.72 - - [24/Nov/2015:12:28:06 +0800] "GET /content/subject/resource_content.jsp?oid=16777821&queryString=%E5%A6%99%E5%A3%BD%E5%AE%AE%20%E7%8E%8B%E8%88%B9 HTTP/1.1" 200 37309
116.212.127.36 - - [24/Nov/2015:12:28:23 +0800] "HEAD /examples/asteroids/ HTTP/1.1" 404 -
116.212.127.36 - - [24/Nov/2015:12:28:43 +0800] "HEAD /examples/asteroids.jsp HTTP/1.1" 404 -
66.249.71.164 - - [24/Nov/2015:12:29:04 +0800] "GET /content/subject/resource_content.jsp?oid=16777421&queryType=qc HTTP/1.1" 200 34302
66.249.71.155 - - [24/Nov/2015:12:30:17 +0800] "GET /content/repository/resource_content.jsp?oid=1779811&queryString=%E5%8F%B0%E7%81%A3%E5%8E%9F%E4%BD%8F%E6%B0%91 HTTP/1.1" 200 30466
66.249.71.164 - - [24/Nov/2015:12:31:35 +0800] "GET /content/subject/resource_content.jsp?oid=16777450&queryType=qc HTTP/1.1" 200 28902
66.249.71.64 - - [24/Nov/2015:12:32:31 +0800] "GET /content/subject/resource_content.jsp?oid=16777639&queryType=qs&queryString=%E5%AE%97%E6%95%99%E4%BF%A1%E4%BB%B0 HTTP/1.1" 200 57035
66.249.71.155 - - [24/Nov/2015:12:32:41 +0800] "GET /content/subject/resource_content.jsp?oid=16777400&queryString=%E5%8D%97%E6%B9%96%E5%A4%A7%E5%B1%B1%20%E5%8D%97%E6%B9%96%E6%9D%9C%E9%B5%91%20%E6%9D%9C%E9%B5%91%20%E7%8E%89%E5%B1%B1%E6%9D%9C%E9%B5%91%20%E7%B4%B0%E8%91%89%20%E7%B4%B0%E8%91%89%E6%9D%9C%E9%B5%91%20%E8%A5%BF%E6%96%BD%20%E8%A5%BF%E6%96%BD%E8%8A%B1 HTTP/1.1" 200 28542
66.249.71.60 - - [24/Nov/2015:12:33:45 +0800] "GET /digiarch_en/content/repository/resource_content.jsp?oid=1542260&queryString=%E6%96%87%E5%8C%96%E4%B8%AD%E5%BF%83%20%E6%9A%A8%E5%8D%97%E5%A4%A7%E5%AD%B8 HTTP/1.1" 200 23694
66.249.71.173 - - [24/Nov/2015:12:33:56 +0800] "GET /content/subject/resource_content.jsp?oid=16777459&queryType=qs&queryString=GIS HTTP/1.1" 200 40449
131.253.26.222 - - [24/Nov/2015:12:34:18 +0800] "GET /digiarch_en/content/repository/resource_content.jsp?oid=4362238&queryString=%E8%81%96%E7%8E%8B%20%E9%84%AD%E6%88%90%E5%8A%9F%20%E9%96%8B%E5%8F%B0 HTTP/1.1" 200 23359
131.253.36.197 - - [24/Nov/2015:12:34:47 +0800] "GET /digiarch_en/content/nav/relationSubject.jsp?relationWords=%E6%9C%A8%E9%9B%95+%E9%83%AD%E8%81%96%E7%8E%8B+&oid=4362238 HTTP/1.1" 200 3012
66.249.71.164 - - [24/Nov/2015:12:35:09 +0800] "GET /content/repository/resource_content.jsp?oid=16291&queryString=%E4%B8%80%E5%AD%97%E5%88%BA%E5%B0%BE%E9%AF%9B%20%E5%88%BA%E5%B0%BE%E9%AF%9B%E7%A7%91 HTTP/1.1" 200 35600
66.249.71.173 - - [24/Nov/2015:12:36:24 +0800] "GET /content/subject/resource_content.jsp?oid=16777656&queryType=qc HTTP/1.1" 200 63553
116.212.127.36 - - [24/Nov/2015:12:36:53 +0800] "HEAD /examples/jsp/asteroids.jsp HTTP/1.1" 404 -
116.212.127.36 - - [24/Nov/2015:12:37:07 +0800] "HEAD /examples/jsp/asteroids/ HTTP/1.1" 404 -
66.249.71.155 - - [24/Nov/2015:12:37:41 +0800] "GET /content/repository/resource_content.jsp?oid=4363655&queryString=%E5%85%AB%E5%AE%B6%E5%B0%87 HTTP/1.1" 200 29331
207.46.13.168 - - [24/Nov/2015:12:38:18 +0800] "GET /content/repository/resource_content.jsp?oid=2151078 HTTP/1.1" 200 30372
207.46.13.168 - - [24/Nov/2015:12:38:36 +0800] "GET /content/repository/resource_content.jsp?oid=2150683 HTTP/1.1" 200 31017
116.212.127.36 - - [24/Nov/2015:12:38:49 +0800] "HEAD /examples/jsp/chat/asteroids.jsp HTTP/1.1" 404 -
66.249.71.173 - - [24/Nov/2015:12:38:55 +0800] "GET /content/subject/resource_content.jsp?oid=16777373&queryString=%E6%95%B8%E4%BD%8D%E5%85%B8%E8%97%8F HTTP/1.1" 200 27604
66.249.71.72 - - [24/Nov/2015:12:39:25 +0800] "GET /content/repository/resource_content.jsp?oid=15714&queryString=%E4%B8%89%E9%BD%92%E4%BB%94%20%E5%AF%92%E9%AF%9B%20%E6%97%A5%E6%9C%AC%E5%A9%86%E4%BB%94%20%E7%84%A1%E7%B4%8B%E6%99%AE%E6%8F%90%E9%AD%9A%20%E7%84%A1%E7%B4%8B%E7%8B%90%E9%AF%9B%20%E7%B4%85%E5%A8%98%E4%BB%94%20%E9%9A%86%E9%A0%AD%E9%AD%9A%E7%A7%91 HTTP/1.1" 200 34898
112.105.52.146 - - [24/Nov/2015:12:40:00 +0800] "GET /content/nav/relationSubject.jsp?relationWords=%E7%9B%B8%E6%80%9D%E6%A8%B9+&oid=16777519 HTTP/1.1" 200 3659
116.212.127.36 - - [24/Nov/2015:12:40:01 +0800] "HEAD /collection/asteroids/ HTTP/1.1" 302 -
116.212.127.36 - - [24/Nov/2015:12:40:01 +0800] "HEAD /collection/asteroids.jsp HTTP/1.1" 302 -
116.212.127.36 - - [24/Nov/2015:12:40:09 +0800] "HEAD /examples/jsp/chat/asteroids/ HTTP/1.1" 404 -
207.46.13.168 - - [24/Nov/2015:12:40:53 +0800] "GET /content/repository/resource_content.jsp?oid=2150532 HTTP/1.1" 200 31295
207.46.13.168 - - [24/Nov/2015:12:41:06 +0800] "GET /content/repository/resource_content.jsp?oid=2150411&queryString=%E4%B8%89%E6%96%97%E7%9F%B3%E6%AB%9F%20%E6%9F%AF%E5%B1%AC%20%E6%A4%8D%E7%89%A9%E7%95%8C%20%E6%AE%BC%E6%96%97%E7%A7%91 HTTP/1.1" 200 31297
220.130.170.43 - - [24/Nov/2015:12:41:06 +0800] "GET /content/tmp_exh/resource_content.jsp?oid=16777849&queryString= HTTP/1.1" 200 32528
220.130.170.43 - - [24/Nov/2015:12:41:13 +0800] "GET /content/nav/relationSubject.jsp?relationWords=&oid=16777849 HTTP/1.1" 200 1405
66.249.71.60 - - [24/Nov/2015:12:41:21 +0800] "GET /content/repository/resource_content.jsp?oid=2554595 HTTP/1.1" 200 28805
66.249.71.64 - - [24/Nov/2015:12:42:37 +0800] "GET /content/repository/resource_content.jsp?oid=290850 HTTP/1.1" 200 29344
66.249.71.72 - - [24/Nov/2015:12:43:49 +0800] "GET /content/repository/resource_content.jsp?oid=1873674 HTTP/1.1" 200 28389
66.249.71.64 - - [24/Nov/2015:12:44:15 +0800] "GET /content/nav/relationSubject.jsp?relationWords=&oid=2529716 HTTP/1.1" 200 1405
64.233.172.148 - - [24/Nov/2015:12:44:26 +0800] "GET /digiarch_en/content/repository/resource_content.jsp?oid=2150599&queryString=%E8%98%AD%E5%B6%BC%E7%BE%85%E6%BC%A2%E6%9D%BE HTTP/1.1" 200 23823
64.233.172.140 - - [24/Nov/2015:12:44:27 +0800] "GET /digiarch_en/content/nav/relationSubject.jsp?relationWords=%E6%9D%BE%E6%9D%89+%E6%9D%BE%E7%A7%91+%E6%A4%8D%E7%89%A9%E7%95%8C+%E6%AF%AC%E6%9E%9C+%E7%BE%85%E6%BC%A2%E6%9D%BE+%E7%BE%85%E6%BC%A2%E6%9D%BE%E5%B1%AC+%E8%98%AD%E5%B6%BC%E7%BE%85%E6%BC%A2%E6%9D%BE+&oid=2150599 HTTP/1.1" 200 4656
66.249.71.60 - - [24/Nov/2015:12:45:03 +0800] "GET /content/repository/resource_content.jsp?oid=1820487 HTTP/1.1" 200 28429
220.128.96.250 - - [24/Nov/2015:12:45:26 +0800] "GET /content/nav/relationSubject.jsp?relationWords=&oid=16777459 HTTP/1.1" 200 1405
66.249.71.72 - - [24/Nov/2015:12:46:15 +0800] "GET /content/nav/relationSubject.jsp?relationWords=&oid=2616362 HTTP/1.1" 200 1405
66.249.71.64 - - [24/Nov/2015:12:46:18 +0800] "GET /content/repository/resource_content.jsp?oid=179120 HTTP/1.1" 200 30186
66.249.71.72 - - [24/Nov/2015:12:47:33 +0800] "GET /content/repository/resource_content.jsp?oid=1782781 HTTP/1.1" 200 28009
116.212.127.36 - - [24/Nov/2015:12:47:34 +0800] "HEAD /examples/servlets/asteroids/ HTTP/1.1" 404 -
131.253.25.184 - - [24/Nov/2015:12:48:04 +0800] "GET /content/nav/relationSubject.jsp?relationWords=%E6%95%99%E8%82%B2%E5%BB%A3%E6%92%AD%E9%9B%BB%E5%8F%B0+&oid=16777610 HTTP/1.1" 200 3597
68.180.228.24 - - [24/Nov/2015:12:48:06 +0800] "GET /content/pictures/picture_content.jsp?oid=33554796 HTTP/1.1" 200 27307
66.249.71.72 - - [24/Nov/2015:12:48:46 +0800] "GET /content/repository/resource_content.jsp?oid=749517 HTTP/1.1" 200 28988
116.212.127.36 - - [24/Nov/2015:12:49:58 +0800] "HEAD /examples/servlets/asteroids.jsp HTTP/1.1" 404 -
66.249.71.164 - - [24/Nov/2015:12:50:00 +0800] "GET /content/repository/resource_content.jsp?oid=1609014&queryType=qs&queryString=%E7%9B%B4%E5%8D%87%E6%A9%9F HTTP/1.1" 200 40368
66.249.77.91 - - [24/Nov/2015:12:50:46 +0800] "GET /content/repository/resource_content.jsp?oid=279215&queryString=%E6%B8%85%E8%81%96%E7%A5%96%20%E8%A9%94%E6%9B%B8 HTTP/1.1" 200 31820
163.30.95.20 - - [24/Nov/2015:12:51:09 +0800] "GET /content/repository/resource_content.jsp?oid=1458838 HTTP/1.1" 200 30824
163.30.95.20 - - [24/Nov/2015:12:51:10 +0800] "GET /content/nav/relationSubject.jsp?relationWords=%E5%85%89%E9%AB%98%E6%A2%81+%E6%A4%8D%E7%89%A9%E7%95%8C+%E7%A6%BE%E6%9C%AC%E7%A7%91+%E8%8E%8E%E8%8D%89+%E8%9C%80%E9%BB%8D%E5%B1%AC+&oid=1458838 HTTP/1.1" 200 3323
66.249.71.164 - - [24/Nov/2015:12:51:15 +0800] "GET /content/subject/resource_content.jsp?oid=16777633&queryType=qc HTTP/1.1" 200 56610
66.249.77.97 - - [24/Nov/2015:12:51:59 +0800] "GET /content/nav/relationSubject.jsp?relationWords=API%20%E5%8F%B0%E7%81%A3%E6%AC%92%E6%A8%B9%20%E6%A4%8D%E7%89%A9%E7%95%8C%20%E6%AC%92%E6%A8%B9%20%E7%84%A1%E6%82%A3%E5%AD%90%20%E7%84%A1%E6%82%A3%E5%AD%90%E7%A7%91%20%E8%8B%A6%E8%8B%93%E8%88%85%20&oid=3822213 HTTP/1.1" 200 4880
66.249.71.72 - - [24/Nov/2015:12:52:22 +0800] "GET /content/nav/relationSubject.jsp?relationWords=%E5%B1%85%E5%BB%B6%E6%BC%A2%E7%B0%A1+%E6%BC%A2%E7%B0%A1+&oid=290850 HTTP/1.1" 200 3898
66.249.71.60 - - [24/Nov/2015:12:52:25 +0800] "GET /content/nav/relationSubject.jsp?relationWords=%E5%B1%85%E5%BB%B6%E6%BC%A2%E7%B0%A1%20%E6%BC%A2%E7%B0%A1%20&oid=290850 HTTP/1.1" 200 3898
66.249.71.164 - - [24/Nov/2015:12:52:30 +0800] "GET /content/repository/resource_content.jsp?oid=15085&queryString=%E4%B8%83%E5%A4%95%E9%AD%9A%20%E4%B8%83%E5%A4%95%E9%AD%9A%E7%A7%91%20%E9%BB%91%E4%B8%83%E5%A4%95%E9%AD%9A HTTP/1.1" 200 34168
66.249.71.173 - - [24/Nov/2015:12:53:45 +0800] "GET /content/subject/resource_content.jsp?oid=16777664&queryType=qc HTTP/1.1" 200 48160
66.249.71.60 - - [24/Nov/2015:12:54:31 +0800] "GET /content/nav/relationSubject.jsp?relationWords=&oid=2546911 HTTP/1.1" 200 1405
66.249.71.164 - - [24/Nov/2015:12:54:57 +0800] "GET /content/subject/resource_content.jsp?oid=16777475&queryType=qs&queryString=%E8%97%9D%E8%A1%93%E5%AE%B6 HTTP/1.1" 200 62074
114.39.250.179 - - [24/Nov/2015:12:55:09 +0800] "GET /content/nav/relationSubject.jsp?relationWords=%E7%99%BD%E5%8D%83%E5%B1%A4+&oid=16777287 HTTP/1.1" 200 3852
66.249.71.72 - - [24/Nov/2015:12:55:19 +0800] "GET /content/nav/relationSubject.jsp?relationWords=%E6%BB%BF%E7%B6%A0%E9%9A%B1%E6%9F%B1%E8%98%AD+%E7%BE%8E%E5%94%87%E9%9A%B1%E6%9F%B1%E8%98%AD+%E9%9A%B1%E6%9F%B1%E8%98%AD%E5%B1%AC+&oid=2143888 HTTP/1.1" 200 3305
66.249.71.60 - - [24/Nov/2015:12:55:22 +0800] "GET /content/nav/relationSubject.jsp?relationWords=%E6%BB%BF%E7%B6%A0%E9%9A%B1%E6%9F%B1%E8%98%AD%20%E7%BE%8E%E5%94%87%E9%9A%B1%E6%9F%B1%E8%98%AD%20%E9%9A%B1%E6%9F%B1%E8%98%AD%E5%B1%AC%20&oid=2143888 HTTP/1.1" 200 3305
66.249.79.179 - - [24/Nov/2015:12:56:15 +0800] "GET /content/repository/resource_content.jsp?oid=1887398&queryType=qs&queryString=%E5%BA%B6%E5%8B%99 HTTP/1.1" 200 31135
66.249.71.41 - - [24/Nov/2015:12:56:35 +0800] "GET /content/repository/resource_content.jsp?oid=1078286&queryType=qs&queryString=%E6%BC%A2%E6%B0%91%E6%97%8F HTTP/1.1" 200 29293
66.249.71.72 - - [24/Nov/2015:12:57:12 +0800] "GET /content/nav/relationSubject.jsp?relationWords=%E4%B8%AD%E8%85%B9%E8%B6%B3%E7%9B%AE+%E5%B7%9D%E8%9C%B7+%E8%85%B9%E8%B6%B3%E7%B6%B1+%E8%BB%9F%E9%AB%94%E5%8B%95%E7%89%A9%E9%96%80+&oid=4549204 HTTP/1.1" 200 3359
66.249.71.173 - - [24/Nov/2015:12:57:15 +0800] "GET /content/nav/relationSubject.jsp?relationWords=%E5%88%91%E9%83%A8+%E7%AB%A5%E7%94%9F+&oid=2628238 HTTP/1.1" 200 3130
66.249.71.60 - - [24/Nov/2015:12:57:18 +0800] "GET /content/nav/relationSubject.jsp?relationWords=%E4%B8%AD%E8%85%B9%E8%B6%B3%E7%9B%AE%20%E5%B7%9D%E8%9C%B7%20%E8%85%B9%E8%B6%B3%E7%B6%B1%20%E8%BB%9F%E9%AB%94%E5%8B%95%E7%89%A9%E9%96%80%20&oid=4549204 HTTP/1.1" 200 3359
66.249.71.155 - - [24/Nov/2015:12:57:20 +0800] "GET /content/nav/relationSubject.jsp?relationWords=%E5%88%91%E9%83%A8%20%E7%AB%A5%E7%94%9F%20&oid=2628238 HTTP/1.1" 200 3130
140.123.220.50 - - [24/Nov/2015:12:57:22 +0800] "GET /content/nav/relationSubject.jsp?relationWords=%E8%96%9C%E8%8D%94+&oid=16777485 HTTP/1.1" 200 3561
66.249.71.60 - - [24/Nov/2015:12:57:25 +0800] "GET /content/repository/resource_content.jsp?oid=741435 HTTP/1.1" 200 29260
116.212.127.36 - - [24/Nov/2015:12:58:04 +0800] "HEAD /manager/asteroids/ HTTP/1.1" 404 -
66.249.71.60 - - [24/Nov/2015:12:58:45 +0800] "GET /content/repository/resource_content.jsp?oid=1853464 HTTP/1.1" 200 29654
66.249.71.64 - - [24/Nov/2015:12:59:54 +0800] "GET /content/repository/resource_content.jsp?oid=1464421 HTTP/1.1" 200 31217
116.212.127.36 - - [24/Nov/2015:13:00:49 +0800] "HEAD /manager/asteroids.jsp HTTP/1.1" 403 -
66.249.71.64 - - [24/Nov/2015:13:01:13 +0800] "GET /content/repository/resource_content.jsp?oid=1615253 HTTP/1.1" 200 29388
140.128.4.103 - - [24/Nov/2015:13:01:23 +0800] "GET /content/repository/resource_content.jsp?oid=1814339&queryType=qs&queryString=%E4%B8%89%E8%B6%B3 HTTP/1.1" 200 34989
140.128.4.103 - - [24/Nov/2015:13:01:24 +0800] "GET /content/nav/relationSubject.jsp?relationWords=%E5%85%AB%E5%88%86%E6%9B%B8+%E5%85%AD%E8%B6%B3+%E5%B1%B1%E5%B7%A6+%E6%AD%A6%E6%B0%8F%E7%A5%A0+%E9%9D%88%E7%95%B0+%E9%A1%8C%E8%A8%98+%E9%BB%83%E9%BE%8D+&oid=1814339 HTTP/1.1" 200 5515
116.212.127.36 - - [24/Nov/2015:13:01:40 +0800] "HEAD /manager/html/asteroids.jsp HTTP/1.1" 401 -
116.212.127.36 - - [24/Nov/2015:13:02:00 +0800] "HEAD /manager/html/asteroids/ HTTP/1.1" 401 -
66.249.71.72 - - [24/Nov/2015:13:02:08 +0800] "GET /content/repository/resource_content.jsp?oid=3818663&queryString=%E6%A4%8D%E7%89%A9%E7%95%8C%20%E6%A6%95%E5%B1%AC%20%E6%BE%80%E8%91%89%E6%A6%95 HTTP/1.1" 200 30997
66.249.71.60 - - [24/Nov/2015:13:02:27 +0800] "GET /content/repository/resource_content.jsp?oid=2611040 HTTP/1.1" 200 29516
116.212.127.36 - - [24/Nov/2015:13:03:05 +0800] "HEAD /manager/text/asteroids.jsp HTTP/1.1" 401 -
116.212.127.36 - - [24/Nov/2015:13:03:18 +0800] "HEAD /manager/text/asteroids/ HTTP/1.1" 401 -
66.249.71.164 - - [24/Nov/2015:13:03:37 +0800] "GET /content/repository/resource_content.jsp?oid=2640626&queryString=%E6%A3%A7%E9%81%93 HTTP/1.1" 200 30195
66.249.71.72 - - [24/Nov/2015:13:04:09 +0800] "GET /content/nav/relationSubject.jsp?relationWords=&oid=2592448 HTTP/1.1" 200 1405
116.212.127.36 - - [24/Nov/2015:13:04:19 +0800] "HEAD /manager/status/asteroids/ HTTP/1.1" 401 -
66.249.71.64 - - [24/Nov/2015:13:04:51 +0800] "GET /content/repository/resource_content.jsp?oid=19444 HTTP/1.1" 200 29780
202.40.211.138 - - [24/Nov/2015:13:05:08 +0800] "GET /content/subject/resource_content.jsp?oid=16797253&queryType=qc HTTP/1.1" 200 42834
202.40.211.138 - - [24/Nov/2015:13:05:10 +0800] "GET /content/nav/relationSubject.jsp?relationWords=%E6%BD%AE%E6%B5%81+%E7%A4%BE%E6%9C%83%E8%AE%8A%E9%81%B7+&oid=16797253 HTTP/1.1" 200 7712
66.249.71.155 - - [24/Nov/2015:13:06:10 +0800] "GET /content/repository/resource_content.jsp?oid=1814282&queryType=qs&queryString=%E6%BF%9F%E5%AF%A7%E5%B7%9E HTTP/1.1" 200 34197
140.128.4.103 - - [24/Nov/2015:13:06:30 +0800] "GET /digiarch2/content/repository/resource_content.jsp?queryString=%E8%AA%9E%E8%A8%80&oid=1814339&queryType=qc HTTP/1.1" 200 14130
140.128.4.103 - - [24/Nov/2015:13:06:33 +0800] "GET /digiarch2/content/repository/resource_content.jsp?queryString=%E8%AA%9E%E8%A8%80&oid=1814183&queryType=qc HTTP/1.1" 200 12983
140.128.4.103 - - [24/Nov/2015:13:06:38 +0800] "GET /digiarch2/content/repository/resource_content.jsp?queryString=%E8%AA%9E%E8%A8%80&oid=1814478&queryType=qc HTTP/1.1" 200 13976
140.128.4.103 - - [24/Nov/2015:13:06:47 +0800] "GET /digiarch2/content/repository/resource_content.jsp?queryString=%E8%AA%9E%E8%A8%80&oid=1814408&queryType=qc HTTP/1.1" 200 13974
116.212.127.36 - - [24/Nov/2015:13:06:58 +0800] "HEAD /manager/status/asteroids.jsp HTTP/1.1" 401 -
66.249.71.60 - - [24/Nov/2015:13:07:19 +0800] "GET /content/repository/resource_content.jsp?oid=1621572 HTTP/1.1" 200 28763
116.212.127.36 - - [24/Nov/2015:13:07:26 +0800] "HEAD /steroids/ HTTP/1.1" 404 -
66.249.71.64 - - [24/Nov/2015:13:07:46 +0800] "GET /content/subject/resource_content.jsp?oid=16777324&queryString=%E7%99%BD%E5%8D%83%E5%B1%A4 HTTP/1.1" 500 15712
116.212.127.36 - - [24/Nov/2015:13:07:53 +0800] "HEAD /steroids.jsp HTTP/1.1" 404 -
116.212.127.36 - - [24/Nov/2015:13:08:10 +0800] "HEAD /docs/steroids.jsp HTTP/1.1" 404 -
116.212.127.36 - - [24/Nov/2015:13:08:15 +0800] "HEAD /digiarch_en/steroids.jsp HTTP/1.1" 404 -
66.249.71.64 - - [24/Nov/2015:13:08:34 +0800] "GET /content/repository/resource_content.jsp?oid=183781 HTTP/1.1" 200 30204
40.77.167.34 - - [24/Nov/2015:13:08:47 +0800] "GET /content/subject/resource_content.jsp?oid=16797287&queryType=qc HTTP/1.1" 200 88347
116.212.127.36 - - [24/Nov/2015:13:08:56 +0800] "HEAD /docs/appdev/steroids/ HTTP/1.1" 404 -
116.212.127.36 - - [24/Nov/2015:13:09:03 +0800] "HEAD /docs/elapi/steroids/ HTTP/1.1" 404 -
116.212.127.36 - - [24/Nov/2015:13:09:15 +0800] "HEAD /docs/config/steroids/ HTTP/1.1" 404 -
116.212.127.36 - - [24/Nov/2015:13:09:35 +0800] "HEAD /docs/architecture/steroids.jsp HTTP/1.1" 404 -
66.249.71.64 - - [24/Nov/2015:13:09:48 +0800] "GET /content/repository/resource_content.jsp?oid=2553943 HTTP/1.1" 200 28651
116.212.127.36 - - [24/Nov/2015:13:10:01 +0800] "HEAD /docs/funcspecs/steroids/ HTTP/1.1" 404 -
116.212.127.36 - - [24/Nov/2015:13:10:21 +0800] "HEAD /content/pictures/steroids.jsp HTTP/1.1" 404 -
116.212.127.36 - - [24/Nov/2015:13:10:24 +0800] "HEAD /docs/jspapi/steroids/ HTTP/1.1" 404 -
116.212.127.36 - - [24/Nov/2015:13:10:29 +0800] "HEAD /docs/steroids/ HTTP/1.1" 404 -
116.212.127.36 - - [24/Nov/2015:13:10:32 +0800] "HEAD /docs/architecture/steroids/ HTTP/1.1" 404 -
116.212.127.36 - - [24/Nov/2015:13:10:37 +0800] "HEAD /docs/elapi/steroids.jsp HTTP/1.1" 404 -
116.212.127.36 - - [24/Nov/2015:13:10:44 +0800] "HEAD /content/pictures/steroids/ HTTP/1.1" 404 -
116.212.127.36 - - [24/Nov/2015:13:10:54 +0800] "HEAD /docs/jspapi/steroids.jsp HTTP/1.1" 404 -
116.212.127.36 - - [24/Nov/2015:13:10:58 +0800] "HEAD /digiarch_en/steroids/ HTTP/1.1" 404 -
66.249.71.64 - - [24/Nov/2015:13:11:02 +0800] "GET /content/repository/resource_content.jsp?oid=2577221 HTTP/1.1" 200 28918
116.212.127.36 - - [24/Nov/2015:13:11:05 +0800] "HEAD /docs/config/steroids.jsp HTTP/1.1" 404 -
66.249.71.60 - - [24/Nov/2015:13:11:15 +0800] "GET /content/nav/relationSubject.jsp?relationWords=&oid=22528 HTTP/1.1" 200 1405
116.212.127.36 - - [24/Nov/2015:13:11:25 +0800] "HEAD /docs/appdev/sample/steroids/ HTTP/1.1" 404 -
116.212.127.36 - - [24/Nov/2015:13:11:31 +0800] "HEAD /docs/appdev/steroids.jsp HTTP/1.1" 404 -
116.212.127.36 - - [24/Nov/2015:13:11:39 +0800] "HEAD /docs/api/steroids/ HTTP/1.1" 404 -
116.212.127.36 - - [24/Nov/2015:13:11:47 +0800] "HEAD /docs/servletapi/steroids.jsp HTTP/1.1" 404 -
116.212.127.36 - - [24/Nov/2015:13:11:48 +0800] "HEAD /docs/api/steroids.jsp HTTP/1.1" 404 -
157.55.39.253 - - [24/Nov/2015:13:11:59 +0800] "GET /content/repository/resource_content.jsp?oid=1516119 HTTP/1.1" 200 28760
175.159.96.207 - - [24/Nov/2015:13:12:10 +0800] "GET /content/nav/relationSubject.jsp?relationWords=%E6%9D%8E%E6%BF%9F+&oid=16777377 HTTP/1.1" 200 3256
66.249.71.173 - - [24/Nov/2015:13:12:16 +0800] "GET /content/subject/resource_content.jsp?oid=16777430&queryType=qs&queryString=%E8%A8%AD%E8%A8%88%E5%B8%AB HTTP/1.1" 200 36738
116.212.127.36 - - [24/Nov/2015:13:12:17 +0800] "HEAD /docs/funcspecs/steroids.jsp HTTP/1.1" 404 -
116.212.127.36 - - [24/Nov/2015:13:12:23 +0800] "HEAD /docs/servletapi/steroids/ HTTP/1.1" 404 -
116.212.127.36 - - [24/Nov/2015:13:12:30 +0800] "HEAD /docs/appdev/sample/steroids.jsp HTTP/1.1" 404 -
66.249.71.164 - - [24/Nov/2015:13:12:33 +0800] "GET /content/nav/relationSubject.jsp?relationWords=%E4%BA%8C%E6%B0%B4+%E4%BA%A4%E9%80%9A%E7%B3%BB%E7%B5%B1+%E4%BF%9D%E7%95%99%E5%9C%B0+%E5%81%9C%E8%BB%8A%E5%A0%B4+%E5%85%AC%E5%85%B1%E8%A8%AD%E6%96%BD+%E5%85%AC%E5%8B%99%E5%93%A1+%E5%85%AC%E8%B3%A3%E5%B1%80+%E5%8D%97%E6%8A%95%E9%85%92%E5%BB%A0+%E5%9C%9F%E5%9C%B0%E5%BE%B5%E6%94%B6+%E5%9C%B0%E5%8D%80%E7%99%BC%E5%B1%95+%E5%A2%9E%E5%80%BC%E7%A8%85+%E5%B1%B1%E5%9D%A1%E5%9C%B0+%E5%B7%A5%E7%A8%8B%E5%8F%97%E7%9B%8A%E8%B2%BB+%E5%B8%82%E5%83%B9+%E6%89%80%E6%9C%89%E6%AC%8A+%E6%8D%B7%E9%81%8B+%E6%93%B4%E5%BB%BA+%E6%9E%9C%E8%BE%B2+%E6%B0%B4%E8%B3%87%E6%BA%90+%E6%B4%A5%E8%B2%BC+%E7%83%88%E9%85%92+%E7%95%AB%E9%A2%A8+%E7%9B%A3%E7%90%86%E7%AB%99+%E7%9B%B4%E5%8D%87%E6%A9%9F+%E7%9C%81%E7%87%9F%E4%BA%8B%E6%A5%AD+%E7%B3%BB%E7%B5%B1%E8%A6%8F%E5%8A%83+%E7%B8%BD%E8%B3%AA%E8%A9%A2+%E7%BE%A9%E5%8B%99%E6%95%99%E8%82%B2+%E8%87%BA%E4%B8%AD%E5%8D%80+%E8%87%BA%E5%8D%97%E5%B8%82+%E8%87%BA%E6%B1%BD+%E8%87%BA%E7%81%A3%E7%9C%81+%E8%87%BA%E9%90%B5+%E8%8F%B8%E9%85%92+%E8%91%A1%E8%90%84%E9%85%92+%E8%99%95%E9%95%B7+%E8%A8%88%E7%95%AB%E7%94%9F%E7%94%A2+%E8%AD%A6%E5%8B%99%E8%99%95+%E8%AD%A6%E5%AF%9F+%E8%B3%87%E6%BA%90%E9%96%8B%E7%99%BC+%E8%B3%AA%E8%A9%A2+%E8%BB%8A%E7%A6%8D+%E8%BE%B2%E6%9E%97+%E8%BE%B2%E6%9E%97%E6%BC%81%E7%89%A7+%E9%81%8A%E6%A8%82%E5%8D%80+%E9%81%A9%E4%B9%8B+%E9%83%BD%E5%B8%82%E5%9C%9F%E5%9C%B0+%E9%83%BD%E5%B8%82%E8%A8%88%E7%95%AB+%E9%83%BD%E6%9C%83%E5%8D%80+%E9%85%92%E5%BB%A0+%E9%90%B5%E8%B7%AF%E5%9C%B0%E4%B8%8B%E5%8C%96+%E9%99%B3%E6%A6%AE%E7%9B%9B+%E9%A0%90%E7%AE%97+%E9%A2%A8%E6%99%AF%E5%8D%80+%E9%AB%98%E9%80%9F%E5%85%AC%E8%B7%AF+&oid=1609014 HTTP/1.1" 200 9274
210.71.216.251 - - [24/Nov/2015:13:12:34 +0800] "GET /content/nav/relationSubject.jsp?relationWords=%E7%99%BD%E5%8D%83%E5%B1%A4+&oid=16777287 HTTP/1.1" 200 3852
66.249.71.155 - - [24/Nov/2015:13:12:40 +0800] "GET /content/nav/relationSubject.jsp?relationWords=%E4%BA%8C%E6%B0%B4%20%E4%BA%A4%E9%80%9A%E7%B3%BB%E7%B5%B1%20%E4%BF%9D%E7%95%99%E5%9C%B0%20%E5%81%9C%E8%BB%8A%E5%A0%B4%20%E5%85%AC%E5%85%B1%E8%A8%AD%E6%96%BD%20%E5%85%AC%E5%8B%99%E5%93%A1%20%E5%85%AC%E8%B3%A3%E5%B1%80%20%E5%8D%97%E6%8A%95%E9%85%92%E5%BB%A0%20%E5%9C%9F%E5%9C%B0%E5%BE%B5%E6%94%B6%20%E5%9C%B0%E5%8D%80%E7%99%BC%E5%B1%95%20%E5%A2%9E%E5%80%BC%E7%A8%85%20%E5%B1%B1%E5%9D%A1%E5%9C%B0%20%E5%B7%A5%E7%A8%8B%E5%8F%97%E7%9B%8A%E8%B2%BB%20%E5%B8%82%E5%83%B9%20%E6%89%80%E6%9C%89%E6%AC%8A%20%E6%8D%B7%E9%81%8B%20%E6%93%B4%E5%BB%BA%20%E6%9E%9C%E8%BE%B2%20%E6%B0%B4%E8%B3%87%E6%BA%90%20%E6%B4%A5%E8%B2%BC%20%E7%83%88%E9%85%92%20%E7%95%AB%E9%A2%A8%20%E7%9B%A3%E7%90%86%E7%AB%99%20%E7%9B%B4%E5%8D%87%E6%A9%9F%20%E7%9C%81%E7%87%9F%E4%BA%8B%E6%A5%AD%20%E7%B3%BB%E7%B5%B1%E8%A6%8F%E5%8A%83%20%E7%B8%BD%E8%B3%AA%E8%A9%A2%20%E7%BE%A9%E5%8B%99%E6%95%99%E8%82%B2%20%E8%87%BA%E4%B8%AD%E5%8D%80%20%E8%87%BA%E5%8D%97%E5%B8%82%20%E8%87%BA%E6%B1%BD%20%E8%87%BA%E7%81%A3%E7%9C%81%20%E8%87%BA%E9%90%B5%20%E8%8F%B8%E9%85%92%20%E8%91%A1%E8%90%84%E9%85%92%20%E8%99%95%E9%95%B7%20%E8%A8%88%E7%95%AB%E7%94%9F%E7%94%A2%20%E8%AD%A6%E5%8B%99%E8%99%95%20%E8%AD%A6%E5%AF%9F%20%E8%B3%87%E6%BA%90%E9%96%8B%E7%99%BC%20%E8%B3%AA%E8%A9%A2%20%E8%BB%8A%E7%A6%8D%20%E8%BE%B2%E6%9E%97%20%E8%BE%B2%E6%9E%97%E6%BC%81%E7%89%A7%20%E9%81%8A%E6%A8%82%E5%8D%80%20%E9%81%A9%E4%B9%8B%20%E9%83%BD%E5%B8%82%E5%9C%9F%E5%9C%B0%20%E9%83%BD%E5%B8%82%E8%A8%88%E7%95%AB%20%E9%83%BD%E6%9C%83%E5%8D%80%20%E9%85%92%E5%BB%A0%20%E9%90%B5%E8%B7%AF%E5%9C%B0%E4%B8%8B%E5%8C%96%20%E9%99%B3%E6%A6%AE%E7%9B%9B%20%E9%A0%90%E7%AE%97%20%E9%A2%A8%E6%99%AF%E5%8D%80%20%E9%AB%98%E9%80%9F%E5%85%AC%E8%B7%AF%20&oid=1609014 HTTP/1.1" 200 9274
116.212.127.36 - - [24/Nov/2015:13:13:02 +0800] "HEAD /docs/appdev/sample/web/steroids/ HTTP/1.1" 404 -
66.249.74.102 - - [24/Nov/2015:13:13:28 +0800] "GET /content/repository/resource_content.jsp?oid=1535090 HTTP/1.1" 200 28577
66.249.71.164 - - [24/Nov/2015:13:13:30 +0800] "GET /content/subject/resource_content.jsp?oid=16777344&queryType=qc HTTP/1.1" 200 47666
176.9.143.131 - - [24/Nov/2015:13:13:37 +0800] "GET /content/subject/resource_content.jsp/?oid=16777745&queryType=qc HTTP/1.1" 404 14873
66.249.71.60 - - [24/Nov/2015:13:14:07 +0800] "GET /content/nav/relationSubject.jsp?relationWords=%E4%BF%9D%E7%95%99%E5%9C%B0+%E5%85%AC%E5%85%B1%E8%A8%AD%E6%96%BD+%E5%85%AC%E8%B3%A3%E5%B1%80+%E5%B0%88%E8%B3%A3+%E6%B0%91%E7%87%9F%E5%8C%96+%E7%8F%BE%E7%8B%80+%E8%8F%B8%E8%8D%89+%E8%8F%B8%E9%85%92+%E8%8F%B8%E9%85%92%E5%85%AC%E8%B3%A3%E5%B1%80+%E8%B2%A1%E6%94%BF%E5%BB%B3+%E8%B3%AA%E8%A9%A2+%E9%A0%90%E7%AE%97+%E9%BB%83%E6%9C%A8%E6%B7%BB+&oid=1608365 HTTP/1.1" 200 6571
66.249.71.60 - - [24/Nov/2015:13:14:11 +0800] "GET /content/nav/relationSubject.jsp?relationWords=%E4%BF%9D%E7%95%99%E5%9C%B0%20%E5%85%AC%E5%85%B1%E8%A8%AD%E6%96%BD%20%E5%85%AC%E8%B3%A3%E5%B1%80%20%E5%B0%88%E8%B3%A3%20%E6%B0%91%E7%87%9F%E5%8C%96%20%E7%8F%BE%E7%8B%80%20%E8%8F%B8%E8%8D%89%20%E8%8F%B8%E9%85%92%20%E8%8F%B8%E9%85%92%E5%85%AC%E8%B3%A3%E5%B1%80%20%E8%B2%A1%E6%94%BF%E5%BB%B3%20%E8%B3%AA%E8%A9%A2%20%E9%A0%90%E7%AE%97%20%E9%BB%83%E6%9C%A8%E6%B7%BB%20&oid=1608365 HTTP/1.1" 200 6571
116.212.127.36 - - [24/Nov/2015:13:14:31 +0800] "HEAD /docs/appdev/sample/web/steroids.jsp HTTP/1.1" 404 -
116.212.127.36 - - [24/Nov/2015:13:14:41 +0800] "HEAD /examples/steroids/ HTTP/1.1" 404 -
66.249.71.60 - - [24/Nov/2015:13:14:45 +0800] "GET /content/repository/resource_content.jsp?oid=1195023 HTTP/1.1" 200 29283
116.212.127.36 - - [24/Nov/2015:13:15:15 +0800] "HEAD /examples/steroids.jsp HTTP/1.1" 404 -
66.249.71.64 - - [24/Nov/2015:13:15:59 +0800] "GET /content/repository/resource_content.jsp?oid=2594819 HTTP/1.1" 200 28542
66.249.71.173 - - [24/Nov/2015:13:17:20 +0800] "GET /content/repository/resource_content.jsp?oid=1782869&queryType=qs&queryString=%E5%A4%AA%E4%B8%8A%E8%80%81%E5%90%9B HTTP/1.1" 200 28799
66.249.71.155 - - [24/Nov/2015:13:18:31 +0800] "GET /content/subject/resource_content.jsp?oid=16777373&queryString=%E5%A4%9A%E5%AA%92%E9%AB%94%20%E6%95%B8%E4%BD%8D%E5%85%B8%E8%97%8F%20%E6%95%B8%E4%BD%8D%E5%85%B8%E8%97%8F%E6%8A%80%E8%A1%93%20%E7%9C%8B%E6%9D%BF%20%E9%9B%BB%E8%A6%96%E7%89%86 HTTP/1.1" 200 27604
66.249.71.72 - - [24/Nov/2015:13:18:59 +0800] "GET /content/nav/relationSubject.jsp?relationWords=&oid=1539584 HTTP/1.1" 200 1405
66.249.71.105 - - [24/Nov/2015:13:19:11 +0800] "GET /content/repository/resource_content.jsp?oid=1627683&queryType=qs&queryString=%E8%BA%AB%E5%BF%83 HTTP/1.1" 200 29203
66.249.74.98 - - [24/Nov/2015:13:19:14 +0800] "GET /content/nav/relationSubject.jsp?relationWords=&oid=2582254 HTTP/1.1" 200 1405
66.249.71.155 - - [24/Nov/2015:13:19:42 +0800] "GET /content/subject/resource_content.jsp?oid=16777503&queryType=qs&queryString=%E6%A9%9F%E6%A2%B0%E5%8B%95%E5%8A%9B HTTP/1.1" 200 40599
66.249.71.155 - - [24/Nov/2015:13:20:56 +0800] "GET /content/subject/resource_content.jsp?oid=16777748&queryType=qs&queryString=%E6%96%87%E5%8C%96%E4%B8%AD%E5%BF%83 HTTP/1.1" 200 39410
66.249.71.64 - - [24/Nov/2015:13:20:59 +0800] "GET /content/nav/relationSubject.jsp?relationWords=%E6%9D%BF%E6%A9%8B%E9%8E%AE%20%E8%87%BA%E5%8C%97%E5%B8%82%20%E8%98%86%E6%B4%B2%20&oid=1570238 HTTP/1.1" 200 4647
66.249.71.155 - - [24/Nov/2015:13:22:14 +0800] "GET /content/repository/resource_content.jsp?oid=4352020&queryString=%E5%8F%B0%E9%8A%80%20%E5%90%8D%E5%8F%A4%E5%B1%8B%20%E6%9D%9C%E7%A5%96%E5%9F%B9%20%E6%9D%9C%E9%A6%99%20%E6%9D%9C%E9%A6%99%E5%9C%8B HTTP/1.1" 200 34400
66.249.79.186 - - [24/Nov/2015:13:23:25 +0800] "GET /content/repository/resource_content.jsp?oid=4363656&queryType=qs&queryString=%E7%99%BD%E7%84%A1%E5%B8%B8 HTTP/1.1" 200 29160
66.249.71.72 - - [24/Nov/2015:13:24:22 +0800] "GET /content/nav/relationSubject.jsp?relationWords=%E5%85%AC%E6%95%99%E4%BA%BA%E5%93%A1+%E6%89%8B%E5%86%8A+%E8%87%A8%E6%99%82%E7%9C%81%E8%AD%B0%E6%9C%83+%E8%87%BA%E7%81%A3%E7%9C%81+&oid=1521121 HTTP/1.1" 200 4523
66.249.71.60 - - [24/Nov/2015:13:24:25 +0800] "GET /content/nav/relationSubject.jsp?relationWords=%E5%85%AC%E6%95%99%E4%BA%BA%E5%93%A1%20%E6%89%8B%E5%86%8A%20%E8%87%A8%E6%99%82%E7%9C%81%E8%AD%B0%E6%9C%83%20%E8%87%BA%E7%81%A3%E7%9C%81%20&oid=1521121 HTTP/1.1" 200 4523
66.249.71.60 - - [24/Nov/2015:13:24:39 +0800] "GET /content/repository/resource_content.jsp?oid=2580845 HTTP/1.1" 200 29027
66.249.71.72 - - [24/Nov/2015:13:24:50 +0800] "GET /content/repository/resource_content.jsp?oid=2144300 HTTP/1.1" 200 30336
116.212.127.36 - - [24/Nov/2015:13:24:52 +0800] "HEAD /examples/jsp/steroids/ HTTP/1.1" 404 -
116.212.127.36 - - [24/Nov/2015:13:25:14 +0800] "HEAD /examples/jsp/steroids.jsp HTTP/1.1" 404 -
66.249.74.100 - - [24/Nov/2015:13:25:28 +0800] "GET /content/nav/relationSubject.jsp?relationWords=%E5%96%AE%E8%89%B2+%E9%8C%A6%E9%B9%B5%E7%B8%A3+&oid=196063 HTTP/1.1" 200 3242
66.249.74.98 - - [24/Nov/2015:13:25:31 +0800] "GET /content/nav/relationSubject.jsp?relationWords=%E5%96%AE%E8%89%B2%20%E9%8C%A6%E9%B9%B5%E7%B8%A3%20&oid=196063 HTTP/1.1" 200 3242
66.249.71.64 - - [24/Nov/2015:13:25:53 +0800] "GET /content/repository/resource_content.jsp?oid=2590009 HTTP/1.1" 200 29060
66.249.71.60 - - [24/Nov/2015:13:27:11 +0800] "GET /content/repository/resource_content.jsp?oid=2659134 HTTP/1.1" 200 29807
188.165.15.5 - - [24/Nov/2015:13:27:12 +0800] "GET /digiarch3/content/subject/resource_content.jsp?oid=16777741&queryType=qc HTTP/1.1" 200 53540
68.180.228.24 - - [24/Nov/2015:13:27:28 +0800] "GET /content/subject/resource_content.jsp?oid=16777551&queryType=qc HTTP/1.1" 200 32217
116.212.127.36 - - [24/Nov/2015:13:27:30 +0800] "HEAD /examples/jsp/chat/steroids.jsp HTTP/1.1" 404 -
66.249.71.60 - - [24/Nov/2015:13:27:58 +0800] "GET /content/nav/relationSubject.jsp?relationWords=%E5%B1%B1%E5%9F%94%E5%A7%9C%20%E6%8F%9A%E6%B3%A2%20%E6%8F%9A%E6%B3%A2%E5%B1%AC%20%E6%A4%8D%E7%89%A9%E7%95%8C%20%E7%99%BD%E5%9F%94%E5%A7%9C%20%E9%A7%81%E9%AA%A8%E4%B8%B9%20%E9%BE%8D%E8%86%BD%20&oid=2152634 HTTP/1.1" 200 3648
66.249.77.91 - - [24/Nov/2015:13:28:15 +0800] "GET /content/subject/resource_content.jsp?oid=16797297&queryType=qc HTTP/1.1" 200 67887
116.212.127.36 - - [24/Nov/2015:13:28:17 +0800] "HEAD /collection/steroids.jsp HTTP/1.1" 302 -
66.249.71.64 - - [24/Nov/2015:13:28:21 +0800] "GET /content/repository/resource_content.jsp?oid=1852070 HTTP/1.1" 200 29159
116.212.127.36 - - [24/Nov/2015:13:28:23 +0800] "HEAD /collection/steroids/ HTTP/1.1" 302 -
116.212.127.36 - - [24/Nov/2015:13:28:54 +0800] "HEAD /examples/jsp/chat/steroids/ HTTP/1.1" 404 -
66.249.71.64 - - [24/Nov/2015:13:29:35 +0800] "GET /content/repository/resource_content.jsp?oid=1541107 HTTP/1.1" 200 28917
66.249.77.97 - - [24/Nov/2015:13:30:29 +0800] "GET /content/repository/resource_content.jsp?oid=1583964&queryType=qs&queryString=%E5%B8%AB%E7%AF%84%E5%A4%A7%E5%AD%B8 HTTP/1.1" 200 29026
66.249.71.72 - - [24/Nov/2015:13:30:51 +0800] "GET /content/repository/resource_content.jsp?oid=771359 HTTP/1.1" 200 28063
66.249.71.72 - - [24/Nov/2015:13:31:01 +0800] "GET /content/nav/relationSubject.jsp?relationWords=%E9%AA%A8%E7%AE%AD%E9%A0%AD%20&oid=1852808 HTTP/1.1" 200 2990
66.249.79.30 - - [24/Nov/2015:13:31:34 +0800] "GET /content/nav/relationSubject.jsp?relationWords=%E5%91%A8%E5%A4%A9%E5%95%9F+%E7%8E%8B%E9%9B%B2%E9%BE%8D+%E8%87%BA%E7%81%A3%E7%9C%81+%E8%87%BA%E7%81%A3%E7%9C%81%E6%94%BF%E5%BA%9C+%E9%99%B3%E9%80%A2%E6%BA%90+%E9%A6%AC%E6%9C%89%E5%B2%B3+&oid=1519900 HTTP/1.1" 200 4623
66.249.71.64 - - [24/Nov/2015:13:32:04 +0800] "GET /content/repository/resource_content.jsp?oid=2563887 HTTP/1.1" 200 29031
66.249.71.60 - - [24/Nov/2015:13:32:54 +0800] "GET /digiarch_en/content/nav/relationSubject.jsp?relationWords=%E4%B8%BB%E8%A8%88%E5%88%B6%E5%BA%A6+%E5%88%A9%E6%BD%A4+%E5%88%A9%E7%8E%87+%E5%9C%9F%E5%9C%B0%E9%8A%80%E8%A1%8C+%E7%87%9F%E6%A5%AD%E7%A8%85+%E7%90%86%E5%90%88+%E7%9B%9C%E8%B1%86+%E7%A8%85%E7%8E%87+%E9%87%91%E8%9E%8D+&oid=1567345 HTTP/1.1" 200 5619
66.249.71.60 - - [24/Nov/2015:13:32:56 +0800] "GET /digiarch_en/content/nav/relationSubject.jsp?relationWords=%E4%B8%BB%E8%A8%88%E5%88%B6%E5%BA%A6%20%E5%88%A9%E6%BD%A4%20%E5%88%A9%E7%8E%87%20%E5%9C%9F%E5%9C%B0%E9%8A%80%E8%A1%8C%20%E7%87%9F%E6%A5%AD%E7%A8%85%20%E7%90%86%E5%90%88%20%E7%9B%9C%E8%B1%86%20%E7%A8%85%E7%8E%87%20%E9%87%91%E8%9E%8D%20&oid=1567345 HTTP/1.1" 200 5619
66.249.74.102 - - [24/Nov/2015:13:33:19 +0800] "GET /content/repository/resource_content.jsp?oid=2470731 HTTP/1.1" 200 29385
66.249.71.64 - - [24/Nov/2015:13:33:22 +0800] "GET /digiarch_en/content/nav/relationSubject.jsp?relationWords=%E5%99%B6%E7%91%AA%E8%98%AD%E6%97%8F+%E6%AD%B2%E6%99%82%E7%A5%AD%E5%84%80+%E7%A5%AD%E5%84%80+&oid=1775747 HTTP/1.1" 200 4133
66.249.71.60 - - [24/Nov/2015:13:33:31 +0800] "GET /digiarch_en/content/nav/relationSubject.jsp?relationWords=%E5%99%B6%E7%91%AA%E8%98%AD%E6%97%8F%20%E6%AD%B2%E6%99%82%E7%A5%AD%E5%84%80%20%E7%A5%AD%E5%84%80%20&oid=1775747 HTTP/1.1" 200 4133
66.249.79.24 - - [24/Nov/2015:13:33:33 +0800] "GET /content/nav/relationSubject.jsp?relationWords=%E5%B8%AB%E7%AF%84%E5%A4%A7%E5%AD%B8+%E6%95%99%E8%82%B2%E5%AD%B8%E5%88%86+%E7%95%A2%E6%A5%AD%E7%94%9F+&oid=1583964 HTTP/1.1" 200 3453
66.249.77.85 - - [24/Nov/2015:13:33:36 +0800] "GET /content/nav/relationSubject.jsp?relationWords=%E5%B8%AB%E7%AF%84%E5%A4%A7%E5%AD%B8%20%E6%95%99%E8%82%B2%E5%AD%B8%E5%88%86%20%E7%95%A2%E6%A5%AD%E7%94%9F%20&oid=1583964 HTTP/1.1" 200 3453
61.60.126.4 - - [24/Nov/2015:13:34:15 +0800] "GET /digiarch2/content/repository/resource_content.jsp?queryString=%E5%99%A8%E7%89%A9&oid=4361861&queryType=qc HTTP/1.1" 200 8779
66.249.71.60 - - [24/Nov/2015:13:34:34 +0800] "GET /content/repository/resource_content.jsp?oid=2147949 HTTP/1.1" 200 31081
66.249.71.60 - - [24/Nov/2015:13:35:21 +0800] "GET /content/nav/relationSubject.jsp?relationWords=&oid=2523379 HTTP/1.1" 200 1405
66.249.71.72 - - [24/Nov/2015:13:35:47 +0800] "GET /content/repository/resource_content.jsp?oid=1819564 HTTP/1.1" 200 28290
66.249.71.64 - - [24/Nov/2015:13:36:13 +0800] "GET /content/repository/resource_content.jsp?oid=15294&queryString=%E7%83%8F%E5%B0%BE%E5%86%AC%E4%BB%94%20%E8%8A%B1%E5%B0%BE HTTP/1.1" 200 34863
66.249.71.60 - - [24/Nov/2015:13:37:03 +0800] "GET /content/repository/resource_content.jsp?oid=2523632 HTTP/1.1" 200 28657
116.212.127.36 - - [24/Nov/2015:13:37:23 +0800] "HEAD /examples/servlets/steroids/ HTTP/1.1" 404 -
66.249.71.60 - - [24/Nov/2015:13:37:31 +0800] "GET /content/nav/relationSubject.jsp?relationWords=%E5%85%AC%E8%B7%AF%E5%B1%80+&oid=1610493 HTTP/1.1" 200 4547
66.249.71.60 - - [24/Nov/2015:13:37:33 +0800] "GET /content/nav/relationSubject.jsp?relationWords=%E5%85%AC%E8%B7%AF%E5%B1%80%20&oid=1610493 HTTP/1.1" 200 4547
66.249.71.60 - - [24/Nov/2015:13:37:43 +0800] "GET /content/nav/relationSubject.jsp?relationWords=%E7%9F%B3%E6%88%88+&oid=1846349 HTTP/1.1" 200 2963
66.249.71.60 - - [24/Nov/2015:13:37:46 +0800] "GET /content/nav/relationSubject.jsp?relationWords=%E7%9F%B3%E6%88%88%20&oid=1846349 HTTP/1.1" 200 2963
66.249.71.60 - - [24/Nov/2015:13:37:57 +0800] "GET /content/nav/relationSubject.jsp?relationWords=&oid=2529538 HTTP/1.1" 200 1405
66.249.71.60 - - [24/Nov/2015:13:38:18 +0800] "GET /content/repository/resource_content.jsp?oid=1609851 HTTP/1.1" 200 28911
66.249.71.173 - - [24/Nov/2015:13:39:39 +0800] "GET /content/repository/resource_content.jsp?oid=2666983&queryType=qs&queryString=%E7%99%BC%E6%98%A5 HTTP/1.1" 200 29976
116.212.127.36 - - [24/Nov/2015:13:40:06 +0800] "HEAD /examples/servlets/steroids.jsp HTTP/1.1" 404 -
66.249.71.173 - - [24/Nov/2015:13:40:44 +0800] "GET /content/repository/resource_content.jsp?oid=1568272&queryString=%E9%A6%AC%E7%B8%BD HTTP/1.1" 200 29625
116.212.127.36 - - [24/Nov/2015:13:41:49 +0800] "HEAD /avoid/ HTTP/1.1" 404 -
66.249.71.60 - - [24/Nov/2015:13:41:50 +0800] "GET /content/subject/resource_content.jsp?oid=16777647 HTTP/1.1" 200 56476
66.249.71.173 - - [24/Nov/2015:13:41:58 +0800] "GET /content/repository/resource_content.jsp?oid=1900497&queryType=qs&queryString=%E6%9C%B1%E5%8E%9D%E5%B4%99 HTTP/1.1" 200 29085
66.249.74.100 - - [24/Nov/2015:13:42:01 +0800] "GET /content/nav/relationSubject.jsp?relationWords=%E6%A3%98%E8%8C%84%E9%AD%9A+&oid=19444 HTTP/1.1" 200 3331
66.249.71.60 - - [24/Nov/2015:13:42:08 +0800] "GET /content/nav/relationSubject.jsp?relationWords=%E6%A3%98%E8%8C%84%E9%AD%9A%20&oid=19444 HTTP/1.1" 200 3331
116.212.127.36 - - [24/Nov/2015:13:42:19 +0800] "HEAD /avoid.jsp HTTP/1.1" 404 -
116.212.127.36 - - [24/Nov/2015:13:42:51 +0800] "HEAD /docs/avoid.jsp HTTP/1.1" 404 -
116.212.127.36 - - [24/Nov/2015:13:42:59 +0800] "HEAD /docs/appdev/avoid/ HTTP/1.1" 404 -
116.212.127.36 - - [24/Nov/2015:13:43:03 +0800] "HEAD /digiarch_en/avoid.jsp HTTP/1.1" 404 -
66.249.71.173 - - [24/Nov/2015:13:43:12 +0800] "GET /content/repository/resource_content.jsp?oid=4351997&queryString=%E7%B8%BD%E7%B5%B1%E9%AD%9A%20%E7%BF%B9%E5%98%B4%E4%BB%94%20%E9%AF%89%E7%A7%91 HTTP/1.1" 200 34803
125.231.45.7 - - [24/Nov/2015:13:43:18 +0800] "GET /content/nav/relationSubject.jsp?relationWords=%E5%B1%B1%E6%AB%BB%E8%8A%B1+&oid=16777304 HTTP/1.1" 200 4452
116.212.127.36 - - [24/Nov/2015:13:43:57 +0800] "HEAD /docs/config/avoid/ HTTP/1.1" 404 -
116.212.127.36 - - [24/Nov/2015:13:44:01 +0800] "HEAD /docs/architecture/avoid.jsp HTTP/1.1" 404 -
116.212.127.36 - - [24/Nov/2015:13:44:02 +0800] "HEAD /docs/elapi/avoid/ HTTP/1.1" 404 -
66.249.71.155 - - [24/Nov/2015:13:44:33 +0800] "GET /content/repository/resource_content.jsp?oid=1773686&queryType=qs&queryString=%E6%96%87%E4%BA%BA%E9%9B%85%E5%A3%AB HTTP/1.1" 200 29096
116.212.127.36 - - [24/Nov/2015:13:44:54 +0800] "HEAD /docs/funcspecs/avoid/ HTTP/1.1" 404 -
120.116.24.215 - - [24/Nov/2015:13:44:54 +0800] "GET /content/nav/relationSubject.jsp?relationWords=%E9%9D%92%E5%89%9B%E6%AB%9F+&oid=16777349 HTTP/1.1" 200 4006
116.212.127.36 - - [24/Nov/2015:13:44:59 +0800] "HEAD /content/pictures/avoid/ HTTP/1.1" 404 -
116.212.127.36 - - [24/Nov/2015:13:45:09 +0800] "HEAD /docs/jspapi/avoid/ HTTP/1.1" 404 -
66.249.71.64 - - [24/Nov/2015:13:45:12 +0800] "GET /content/nav/relationSubject.jsp?relationWords=%E5%9C%B0%E5%BD%A2%E5%9C%96+%E7%86%B1%E6%B2%B3%E7%9C%81+%E9%BE%8D%E6%BA%9D+&oid=179120 HTTP/1.1" 200 3117
66.249.71.60 - - [24/Nov/2015:13:45:16 +0800] "GET /content/nav/relationSubject.jsp?relationWords=%E5%9C%B0%E5%BD%A2%E5%9C%96%20%E7%86%B1%E6%B2%B3%E7%9C%81%20%E9%BE%8D%E6%BA%9D%20&oid=179120 HTTP/1.1" 200 3117
116.212.127.36 - - [24/Nov/2015:13:45:37 +0800] "HEAD /docs/elapi/avoid.jsp HTTP/1.1" 404 -
116.212.127.36 - - [24/Nov/2015:13:45:37 +0800] "HEAD /digiarch_en/avoid/ HTTP/1.1" 404 -
66.249.71.72 - - [24/Nov/2015:13:45:42 +0800] "GET /content/repository/resource_content.jsp?oid=2144076&queryString=%E7%8E%89%E9%B3%B3%E8%98%AD%E5%B1%AC%20%E8%A3%82%E7%93%A3%E7%8E%89%E9%B3%B3%E8%98%AD HTTP/1.1" 200 30291
116.212.127.36 - - [24/Nov/2015:13:45:45 +0800] "HEAD /docs/appdev/sample/avoid/ HTTP/1.1" 404 -
116.212.127.36 - - [24/Nov/2015:13:45:46 +0800] "HEAD /docs/jspapi/avoid.jsp HTTP/1.1" 404 -
116.212.127.36 - - [24/Nov/2015:13:45:48 +0800] "HEAD /docs/avoid/ HTTP/1.1" 404 -
116.212.127.36 - - [24/Nov/2015:13:45:50 +0800] "HEAD /content/pictures/avoid.jsp HTTP/1.1" 404 -
116.212.127.36 - - [24/Nov/2015:13:45:56 +0800] "HEAD /docs/architecture/avoid/ HTTP/1.1" 404 -
116.212.127.36 - - [24/Nov/2015:13:46:11 +0800] "HEAD /docs/config/avoid.jsp HTTP/1.1" 404 -
116.212.127.36 - - [24/Nov/2015:13:46:42 +0800] "HEAD /docs/servletapi/avoid.jsp HTTP/1.1" 404 -
116.212.127.36 - - [24/Nov/2015:13:46:42 +0800] "HEAD /docs/api/avoid.jsp HTTP/1.1" 404 -
116.212.127.36 - - [24/Nov/2015:13:46:47 +0800] "HEAD /docs/funcspecs/avoid.jsp HTTP/1.1" 404 -
116.212.127.36 - - [24/Nov/2015:13:46:48 +0800] "HEAD /docs/appdev/avoid.jsp HTTP/1.1" 404 -
116.212.127.36 - - [24/Nov/2015:13:46:50 +0800] "HEAD /docs/api/avoid/ HTTP/1.1" 404 -
116.212.127.36 - - [24/Nov/2015:13:46:52 +0800] "HEAD /docs/servletapi/avoid/ HTTP/1.1" 404 -
66.249.71.72 - - [24/Nov/2015:13:46:56 +0800] "GET /content/repository/resource_content.jsp?oid=704898 HTTP/1.1" 200 28879
68.180.228.24 - - [24/Nov/2015:13:47:05 +0800] "GET /content/tmp_exh/resource_content.jsp?oid=16777800&queryType=qc%201890 HTTP/1.1" 200 31817
116.212.127.36 - - [24/Nov/2015:13:47:42 +0800] "HEAD /docs/appdev/sample/avoid.jsp HTTP/1.1" 404 -
163.13.140.195 - - [24/Nov/2015:13:48:08 +0800] "GET /content/nav/relationSubject.jsp?relationWords=&oid=16777459 HTTP/1.1" 200 1405
66.249.71.64 - - [24/Nov/2015:13:48:09 +0800] "GET /content/repository/resource_content.jsp?oid=15282&queryString=%E5%A4%A7%E9%B1%97%E7%83%8F%E9%AD%B4%20%E6%B7%B1%E6%B5%B7%E4%B8%89%E8%A7%92%E4%BB%94%20%E7%83%8F%E9%AD%B4%20%E9%BB%91%E7%9A%AE%E5%88%80%20%E9%BB%91%E9%A3%9B%E5%88%80 HTTP/1.1" 200 35131
116.212.127.36 - - [24/Nov/2015:13:48:11 +0800] "HEAD /docs/appdev/sample/web/avoid/ HTTP/1.1" 404 -
116.212.127.36 - - [24/Nov/2015:13:48:45 +0800] "HEAD /manager/steroids/ HTTP/1.1" 404 -
157.55.39.253 - - [24/Nov/2015:13:49:03 +0800] "GET /content/repository/resource_content.jsp?oid=1461837 HTTP/1.1" 200 31090
66.249.82.156 - - [24/Nov/2015:13:49:21 +0800] "GET /content/nav/relationSubject.jsp?relationWords=%E7%A9%97%E8%8A%B1%E5%B1%B1%E5%A5%88+%E9%87%8E%E8%96%91%E8%8A%B1+&oid=16777263 HTTP/1.1" 200 3284
66.249.71.155 - - [24/Nov/2015:13:49:25 +0800] "GET /content/repository/resource_content.jsp?oid=2570983&queryString=%E4%BF%84%E5%84%B8%E6%96%AF%20%E6%96%AF%E6%96%87%E9%A4%A8 HTTP/1.1" 200 30562
116.212.127.36 - - [24/Nov/2015:13:49:44 +0800] "HEAD /docs/appdev/sample/web/avoid.jsp HTTP/1.1" 404 -
116.212.127.36 - - [24/Nov/2015:13:49:47 +0800] "HEAD /examples/avoid/ HTTP/1.1" 404 -
66.249.71.121 - - [24/Nov/2015:13:49:59 +0800] "GET /content/nav/relationSubject.jsp?relationWords=%E5%BB%BA%E7%AF%89%E6%9C%83+%E8%87%BA%E7%81%A3%E5%BB%BA%E7%AF%89+&oid=4500222 HTTP/1.1" 200 4287
66.249.71.105 - - [24/Nov/2015:13:50:02 +0800] "GET /content/nav/relationSubject.jsp?relationWords=%E5%BB%BA%E7%AF%89%E6%9C%83%20%E8%87%BA%E7%81%A3%E5%BB%BA%E7%AF%89%20&oid=4500222 HTTP/1.1" 200 4287
66.249.71.155 - - [24/Nov/2015:13:50:38 +0800] "GET /content/repository/resource_content.jsp?oid=15875&queryType=qs&queryString=%E7%9C%BC%E6%96%91 HTTP/1.1" 200 34861
116.212.127.36 - - [24/Nov/2015:13:50:41 +0800] "HEAD /examples/avoid.jsp HTTP/1.1" 404 -
116.212.127.36 - - [24/Nov/2015:13:51:28 +0800] "HEAD /manager/steroids.jsp HTTP/1.1" 403 -
66.249.71.173 - - [24/Nov/2015:13:51:52 +0800] "GET /content/repository/resource_content.jsp?oid=1552448&queryString=%E5%BC%B5%E6%96%87%E7%82%B3%20%E7%9F%B3%E6%A2%AF HTTP/1.1" 200 28741
163.23.69.190 - - [24/Nov/2015:13:51:55 +0800] "GET /content/repository/resource_content.jsp?oid=1887102&queryString=%E5%8F%B0%E7%81%A3%E8%9C%86%20%E7%B0%BE%E8%9B%A4%E7%9B%AE%20%E8%9C%86%E4%BB%94%20%E8%9C%86%E5%B1%AC%20%E8%9C%86%E7%A7%91%20%E8%9C%8A%E4%BB%94%20%E9%9B%99%E6%AE%BC%E7%B6%B1 HTTP/1.1" 200 32361
163.23.69.190 - - [24/Nov/2015:13:51:55 +0800] "GET /content/nav/relationSubject.jsp?relationWords=%E5%8F%B0%E7%81%A3%E8%9C%86+%E7%B0%BE%E8%9B%A4%E7%9B%AE+%E8%9C%86%E4%BB%94+%E8%9C%86%E5%B1%AC+%E8%9C%86%E7%A7%91+%E8%9C%8A%E4%BB%94+%E9%9B%99%E6%AE%BC%E7%B6%B1+&oid=1887102 HTTP/1.1" 200 3445
223.138.246.252 - - [24/Nov/2015:13:52:08 +0800] "GET /content/repository/resource_content.jsp?oid=14723&queryString=%E6%9D%BE%E6%AF%AC%20%E6%9F%8F%E6%B0%8F HTTP/1.1" 200 35029
66.220.156.104 - - [24/Nov/2015:13:52:08 +0800] "GET /content/repository/resource_content.jsp?oid=1887102&queryString=%E5%8F%B0%E7%81%A3%E8%9C%86+%E7%B0%BE%E8%9B%A4%E7%9B%AE+%E8%9C%86%E4%BB%94+%E8%9C%86%E5%B1%AC+%E8%9C%86%E7%A7%91+%E8%9C%8A%E4%BB%94+%E9%9B%99%E6%AE%BC%E7%B6%B1 HTTP/1.1" 200 32361
223.138.246.252 - - [24/Nov/2015:13:52:10 +0800] "GET /content/nav/relationSubject.jsp?relationWords=%E6%9D%BE%E6%AF%AC%E9%AD%9A+&oid=14723 HTTP/1.1" 200 3072
173.252.114.116 - - [24/Nov/2015:13:52:21 +0800] "GET /content/repository/resource_content.jsp?oid=1887102&queryString=%E5%8F%B0%E7%81%A3%E8%9C%86%20%E7%B0%BE%E8%9B%A4%E7%9B%AE%20%E8%9C%86%E4%BB%94%20%E8%9C%86%E5%B1%AC%20%E8%9C%86%E7%A7%91%20%E8%9C%8A%E4%BB%94%20%E9%9B%99%E6%AE%BC%E7%B6%B1 HTTP/1.1" 200 32361
173.252.114.115 - - [24/Nov/2015:13:52:21 +0800] "GET /content/repository/resource_content.jsp?oid=1887102&queryString=%E5%8F%B0%E7%81%A3%E8%9C%86+%E7%B0%BE%E8%9B%A4%E7%9B%AE+%E8%9C%86%E4%BB%94+%E8%9C%86%E5%B1%AC+%E8%9C%86%E7%A7%91+%E8%9C%8A%E4%BB%94+%E9%9B%99%E6%AE%BC%E7%B6%B1 HTTP/1.1" 200 32361
173.252.81.119 - - [24/Nov/2015:13:52:26 +0800] "GET /content/repository/resource_content.jsp?oid=1887102&queryString=%E5%8F%B0%E7%81%A3%E8%9C%86+%E7%B0%BE%E8%9B%A4%E7%9B%AE+%E8%9C%86%E4%BB%94+%E8%9C%86%E5%B1%AC+%E8%9C%86%E7%A7%91+%E8%9C%8A%E4%BB%94+%E9%9B%99%E6%AE%BC%E7%B6%B1 HTTP/1.1" 200 32361
116.212.127.36 - - [24/Nov/2015:13:52:51 +0800] "HEAD /manager/html/steroids/ HTTP/1.1" 401 -
66.249.71.173 - - [24/Nov/2015:13:53:06 +0800] "GET /content/repository/resource_content.jsp?oid=1173911&queryString=%E6%9C%A8%E8%87%BC HTTP/1.1" 200 29697
116.212.127.36 - - [24/Nov/2015:13:53:31 +0800] "HEAD /manager/html/steroids.jsp HTTP/1.1" 401 -
116.212.127.36 - - [24/Nov/2015:13:53:34 +0800] "HEAD /manager/text/steroids/ HTTP/1.1" 401 -
40.77.167.34 - - [24/Nov/2015:13:53:37 +0800] "GET /digiarch_en/content/tmp_tec/resource_content.jsp?oid=16777728 HTTP/1.1" 200 53152
116.212.127.36 - - [24/Nov/2015:13:54:12 +0800] "HEAD /manager/text/steroids.jsp HTTP/1.1" 401 -
66.249.71.60 - - [24/Nov/2015:13:54:22 +0800] "GET /content/repository/resource_content.jsp?oid=2144579 HTTP/1.1" 200 30445
68.180.228.24 - - [24/Nov/2015:13:54:33 +0800] "GET /digiarch_en/content/subject/resource_content.jsp?oid=16777600&queryType=qc HTTP/1.1" 200 37855
66.249.71.60 - - [24/Nov/2015:13:54:45 +0800] "GET /content/nav/relationSubject.jsp?relationWords=%E9%BE%9C%E7%94%B2%E5%8D%9C%E8%BE%AD%E6%AE%98%E7%89%87+&oid=1861634 HTTP/1.1" 200 3071
66.249.71.60 - - [24/Nov/2015:13:54:47 +0800] "GET /content/nav/relationSubject.jsp?relationWords=%E9%BE%9C%E7%94%B2%E5%8D%9C%E8%BE%AD%E6%AE%98%E7%89%87%20&oid=1861634 HTTP/1.1" 200 3071
66.249.71.60 - - [24/Nov/2015:13:54:58 +0800] "GET /content/nav/relationSubject.jsp?relationWords=%E5%B1%85%E5%BB%B6%E6%BC%A2%E7%B0%A1+%E6%BC%A2%E7%B0%A1+&oid=279747 HTTP/1.1" 200 3898
66.249.71.60 - - [24/Nov/2015:13:55:04 +0800] "GET /content/nav/relationSubject.jsp?relationWords=%E5%B1%85%E5%BB%B6%E6%BC%A2%E7%B0%A1%20%E6%BC%A2%E7%B0%A1%20&oid=279747 HTTP/1.1" 200 3898
66.249.71.60 - - [24/Nov/2015:13:55:34 +0800] "GET /content/repository/resource_content.jsp?oid=1612991 HTTP/1.1" 200 28657
116.212.127.36 - - [24/Nov/2015:13:55:46 +0800] "HEAD /manager/status/steroids/ HTTP/1.1" 401 -
65.55.211.243 - - [24/Nov/2015:13:56:32 +0800] "GET /content/nav/relationSubject.jsp?relationWords=%E5%B0%96%E5%90%BB+&oid=33554837 HTTP/1.1" 200 3334
66.249.74.102 - - [24/Nov/2015:13:56:45 +0800] "GET /content/nav/relationSubject.jsp?relationWords=&oid=2598817 HTTP/1.1" 200 1405
175.182.196.28 - - [24/Nov/2015:13:56:46 +0800] "GET /content/nav/relationSubject.jsp?relationWords=&oid=16777459 HTTP/1.1" 200 1405
66.249.71.155 - - [24/Nov/2015:13:56:48 +0800] "GET /content/repository/resource_content.jsp?oid=2674369&queryString=%E5%B7%A1%E8%88%A1%20%E5%BB%A3%E5%B7%9E%E5%BA%9C HTTP/1.1" 200 30263
157.55.39.42 - - [24/Nov/2015:13:57:28 +0800] "GET /digiarch_en/content/repository/resource_content.jsp?oid=4478552&queryString=%E9%9F%B3%E6%A8%82%E6%9C%83 HTTP/1.1" 200 22092
66.249.71.155 - - [24/Nov/2015:13:58:02 +0800] "GET /content/tmp_exh/resource_content.jsp?oid=16777807&queryType=qc HTTP/1.1" 200 35354
66.249.71.59 - - [24/Nov/2015:13:58:05 +0800] "GET /content/nav/relationSubject.jsp?relationWords=%E4%B8%89%E5%88%BA%E9%AD%A8+%E4%B8%89%E8%85%B3%E9%87%98+%E4%B8%89%E8%A7%92%E7%8B%84+%E6%93%AC%E4%B8%89%E6%A3%98%E9%AD%A8%E7%A7%91+%E9%95%B7%E7%AE%A1%E5%90%BB%E9%AD%A8+&oid=1081671 HTTP/1.1" 200 3703
