66.249.71.64 - - [28/Dec/2015:08:00:54 +0800] "GET /content/nav/relationSubject.jsp?relationWords=&oid=2577423 HTTP/1.1" 200 1405
66.249.71.14 - - [28/Dec/2015:08:01:42 +0800] "GET /digiarch3/content/repository/resource_content.jsp?oid=1457143&queryString=%E6%A1%AB%E6%AC%8F%E5%B1%AC HTTP/1.1" 200 30763
66.249.77.91 - - [28/Dec/2015:08:01:53 +0800] "GET /content/subject/resource_content.jsp?oid=16777470&queryType=qs&queryString=%E5%80%92%E6%8A%AB%E9%87%9D%E5%BD%A2 HTTP/1.1" 200 29347
66.249.71.113 - - [28/Dec/2015:08:02:11 +0800] "GET /content/repository/resource_content.jsp?oid=1774873&queryType=qs&queryString=%E9%86%AB%E7%99%82%E7%85%A7%E8%AD%B7 HTTP/1.1" 200 27651
66.249.77.97 - - [28/Dec/2015:08:02:41 +0800] "GET /content/repository/resource_content.jsp?oid=2517447&queryType=qs&queryString=%E7%A1%9D%E9%BB%83 HTTP/1.1" 200 30081
66.249.71.105 - - [28/Dec/2015:08:03:11 +0800] "GET /content/repository/resource_content.jsp?oid=2654641&queryType=qs&queryString=%E5%A5%89%E5%85%88%E6%AE%BF HTTP/1.1" 200 30062
66.249.71.113 - - [28/Dec/2015:08:03:42 +0800] "GET /content/repository/resource_content.jsp?oid=696300&queryType=qs&queryString=%E4%B9%9E%E5%AF%9F HTTP/1.1" 200 29367
66.249.71.72 - - [28/Dec/2015:08:04:12 +0800] "GET /content/subject/resource_content.jsp?oid=16777845&queryString= HTTP/1.1" 200 48235
66.249.77.97 - - [28/Dec/2015:08:04:19 +0800] "GET /content/subject/resource_content.jsp?oid=16777743&queryType=qc HTTP/1.1" 200 32580
66.249.71.105 - - [28/Dec/2015:08:04:42 +0800] "GET /content/repository/resource_content.jsp?oid=2470203&queryType=qs&queryString=%E8%A5%BF%E5%B7%9D HTTP/1.1" 200 30216
66.249.77.85 - - [28/Dec/2015:08:04:47 +0800] "GET /content/nav/relationSubject.jsp?relationWords=%E5%8F%83%E9%9D%A9+%E6%B9%96%E5%BB%A3%E7%B8%BD%E7%9D%A3+&oid=2522040 HTTP/1.1" 200 4035
66.249.77.85 - - [28/Dec/2015:08:04:49 +0800] "GET /content/nav/relationSubject.jsp?relationWords=%E5%8F%83%E9%9D%A9%20%E6%B9%96%E5%BB%A3%E7%B8%BD%E7%9D%A3%20&oid=2522040 HTTP/1.1" 200 4035
66.249.71.164 - - [28/Dec/2015:08:05:13 +0800] "GET /content/repository/resource_content.jsp?oid=4481302&queryString=%E8%97%A4%E5%B1%B1 HTTP/1.1" 200 28326
66.249.71.121 - - [28/Dec/2015:08:05:43 +0800] "GET /content/repository/resource_content.jsp?oid=2642177&queryType=qs&queryString=%E4%B8%8A%E9%A5%92%E7%B8%A3 HTTP/1.1" 200 30429
66.249.71.155 - - [28/Dec/2015:08:06:14 +0800] "GET /content/repository/resource_content.jsp?oid=1567311&queryType=qs&queryString=%E5%85%AD%E7%B6%93 HTTP/1.1" 200 30564
140.130.95.141 - - [28/Dec/2015:08:06:30 +0800] "GET /content/repository/resource_content.jsp?oid=1101075 HTTP/1.1" 200 30912
140.130.95.141 - - [28/Dec/2015:08:06:30 +0800] "GET /content/nav/relationSubject.jsp?relationWords=%E6%A4%8D%E7%89%A9%E7%95%8C+%E7%8B%B8%E8%97%BB+%E7%8B%B8%E8%97%BB%E5%B1%AC+%E7%8E%84%E5%8F%83+&oid=1101075 HTTP/1.1" 200 3378
66.249.71.113 - - [28/Dec/2015:08:06:39 +0800] "GET /content/nav/relationSubject.jsp?relationWords=%E5%90%B3%E9%83%A1+%E6%98%8E%E5%88%8A%E6%9C%AC+%E8%81%AF%E5%90%88%E7%9B%AE%E9%8C%84+&oid=3205270 HTTP/1.1" 200 3761
66.249.71.105 - - [28/Dec/2015:08:06:41 +0800] "GET /content/nav/relationSubject.jsp?relationWords=%E5%90%B3%E9%83%A1%20%E6%98%8E%E5%88%8A%E6%9C%AC%20%E8%81%AF%E5%90%88%E7%9B%AE%E9%8C%84%20&oid=3205270 HTTP/1.1" 200 3761
66.249.71.72 - - [28/Dec/2015:08:06:44 +0800] "GET /content/repository/resource_content.jsp?oid=1773522 HTTP/1.1" 200 33255
66.249.79.24 - - [28/Dec/2015:08:06:47 +0800] "GET /content/repository/resource_content.jsp?oid=2512799&queryString=%E5%B7%9D%E5%85%B5 HTTP/1.1" 200 30139
66.249.71.60 - - [28/Dec/2015:08:07:14 +0800] "GET /content/repository/resource_content.jsp?oid=1533138 HTTP/1.1" 200 29207
66.249.71.72 - - [28/Dec/2015:08:07:44 +0800] "GET /content/repository/resource_content.jsp?oid=1107293 HTTP/1.1" 200 31417
66.249.71.60 - - [28/Dec/2015:08:08:15 +0800] "GET /content/tmp_exh/resource_content.jsp?oid=16777848&queryString= HTTP/1.1" 200 37207
66.249.71.72 - - [28/Dec/2015:08:08:45 +0800] "GET /digiarch_en/content/repository/resource_content.jsp?oid=4364542&queryString=%E5%82%85%E6%96%AF%E5%B9%B4%20%E5%8F%83%E8%AD%B0%E6%9C%83%20%E5%8F%B0%E7%81%A3%E5%A4%A7%E5%AD%B8%20%E5%8F%B0%E7%81%A3%E7%9C%81%20%E5%8F%B0%E7%81%A3%E7%9C%81%E4%B8%BB%E5%B8%AD%20%E8%83%A1%E9%81%A9%E4%B9%8B%20%E8%BD%89%E8%83%A1%20%E9%99%B3%E8%AA%A0 HTTP/1.1" 200 24230
66.249.77.85 - - [28/Dec/2015:08:09:13 +0800] "GET /content/repository/resource_content.jsp?oid=1538669&queryType=qs&queryString=%E5%85%AD%E5%A1%8A%E5%8E%9D HTTP/1.1" 200 28655
66.249.71.121 - - [28/Dec/2015:08:09:15 +0800] "GET /content/repository/resource_content.jsp?oid=2542542&queryType=qs&queryString=%E5%BC%B5%E7%B9%BC HTTP/1.1" 200 29979
66.249.71.72 - - [28/Dec/2015:08:09:18 +0800] "GET /content/nav/relationSubject.jsp?relationWords=%E6%A4%8D%E7%89%A9%E7%95%8C+%E8%89%BE%E7%B4%8D%E9%A6%99+%E8%89%BE%E7%B4%8D%E9%A6%99%E5%B1%AC+%E8%8F%8A%E7%A7%91+%E9%9B%99%E5%AD%90%E8%91%89%E6%A4%8D%E7%89%A9+&oid=1104000 HTTP/1.1" 200 3397
66.249.71.64 - - [28/Dec/2015:08:09:46 +0800] "GET /content/repository/resource_content.jsp?oid=15929&queryString=%E7%B7%9A%E7%B4%8B%20%E8%B7%B3%E6%B5%B7%E4%BB%94%20%E9%A0%AD%E5%86%A0 HTTP/1.1" 200 34341
66.249.71.60 - - [28/Dec/2015:08:10:16 +0800] "GET /content/repository/resource_content.jsp?oid=1124584 HTTP/1.1" 200 34029
106.38.241.110 - - [28/Dec/2015:08:10:39 +0800] "GET /digiarch/content/repository/resource_content.jsp?oid=3819304 HTTP/1.1" 404 14873
106.38.241.157 - - [28/Dec/2015:08:10:39 +0800] "GET /digiarch/content/repository/resource_content.jsp?oid=4469085 HTTP/1.1" 404 14873
106.38.241.158 - - [28/Dec/2015:08:10:40 +0800] "GET /digiarch/content/repository/resource_content.jsp?oid=702663 HTTP/1.1" 404 14873
106.38.241.107 - - [28/Dec/2015:08:10:40 +0800] "GET /digiarch/content/repository/resource_content.jsp?oid=1845464 HTTP/1.1" 404 14873
106.38.241.106 - - [28/Dec/2015:08:10:40 +0800] "GET /digiarch/content/repository/resource_content.jsp?oid=1173864 HTTP/1.1" 404 14873
106.38.241.105 - - [28/Dec/2015:08:10:40 +0800] "GET /digiarch/content/repository/resource_content.jsp?oid=1108563 HTTP/1.1" 404 14873
106.38.241.108 - - [28/Dec/2015:08:10:40 +0800] "GET /digiarch/content/repository/resource_content.jsp?oid=1860748 HTTP/1.1" 404 14873
106.38.241.109 - - [28/Dec/2015:08:10:40 +0800] "GET /digiarch/content/repository/resource_content.jsp?oid=1875906 HTTP/1.1" 404 14873
106.38.241.144 - - [28/Dec/2015:08:10:40 +0800] "GET /digiarch/content/repository/resource_content.jsp?oid=4441986 HTTP/1.1" 404 14873
106.38.241.140 - - [28/Dec/2015:08:10:40 +0800] "GET /digiarch/content/repository/resource_content.jsp?oid=4450379 HTTP/1.1" 404 14873
106.38.241.111 - - [28/Dec/2015:08:10:40 +0800] "GET /digiarch/content/repository/resource_content.jsp?oid=3823583 HTTP/1.1" 404 14873
66.249.71.72 - - [28/Dec/2015:08:10:46 +0800] "GET /content/repository/resource_content.jsp?oid=1460188 HTTP/1.1" 200 31521
66.249.71.72 - - [28/Dec/2015:08:10:55 +0800] "GET /content/nav/relationSubject.jsp?relationWords=%E4%BE%BF%E6%B0%91+%E6%A2%93%E5%AE%98%E9%84%89+%E7%9C%81%E6%94%BF%E5%BA%9C+%E9%9B%BB%E4%BF%A1+%E9%9B%BB%E4%BF%A1%E5%B1%80+%E9%AB%98%E9%9B%84%E5%B8%82+&oid=1623541 HTTP/1.1" 200 4677
66.249.71.60 - - [28/Dec/2015:08:10:57 +0800] "GET /content/nav/relationSubject.jsp?relationWords=%E4%BE%BF%E6%B0%91%20%E6%A2%93%E5%AE%98%E9%84%89%20%E7%9C%81%E6%94%BF%E5%BA%9C%20%E9%9B%BB%E4%BF%A1%20%E9%9B%BB%E4%BF%A1%E5%B1%80%20%E9%AB%98%E9%9B%84%E5%B8%82%20&oid=1623541 HTTP/1.1" 200 4677
66.249.71.121 - - [28/Dec/2015:08:11:17 +0800] "GET /content/repository/resource_content.jsp?oid=1557341&queryType=qs&queryString=%E4%BB%99%E6%BA%AA HTTP/1.1" 200 29118
66.249.71.23 - - [28/Dec/2015:08:11:40 +0800] "GET /digiarch3/content/repository/resource_content.jsp?oid=14465&queryType=qs&queryString=%E5%BA%95%E5%88%BA%E7%B6%B2 HTTP/1.1" 200 34466
66.249.71.60 - - [28/Dec/2015:08:11:47 +0800] "GET /content/repository/resource_content.jsp?oid=1610067 HTTP/1.1" 200 28575
66.249.77.85 - - [28/Dec/2015:08:12:17 +0800] "GET /content/repository/resource_content.jsp?oid=4456215&queryString=%E5%A4%A7%E5%8D%97%E5%BA%84%20%E8%94%97%E8%8B%97%E9%A4%8A%E6%88%90%E6%89%80 HTTP/1.1" 200 28849
66.249.71.23 - - [28/Dec/2015:08:12:39 +0800] "GET /digiarch3/content/nav/relationSubject.jsp?relationWords=%E7%8B%97%E6%AF%8D%E6%A2%AD%20%E9%9B%B2%E7%B4%8B%E8%9B%87%E9%AF%94%20&oid=14465 HTTP/1.1" 200 3389
66.249.77.97 - - [28/Dec/2015:08:12:45 +0800] "GET /content/nav/relationSubject.jsp?relationWords=%E5%85%B5%E4%B8%81%20%E5%B7%9D%E5%85%B5%20%E9%87%91%E5%B7%9D%20&oid=2512799 HTTP/1.1" 200 4058
66.249.71.64 - - [28/Dec/2015:08:13:48 +0800] "GET /content/subject/resource_content.jsp?oid=16777742&amp;queryType=qc HTTP/1.1" 200 39026
66.249.71.60 - - [28/Dec/2015:08:14:06 +0800] "GET /content/pictures/picture_content.jsp?oid=33554810 HTTP/1.1" 200 27894
141.8.132.82 - - [28/Dec/2015:08:14:07 +0800] "GET /content/subject/resource_content.jsp?oid=16777305&queryType=qc HTTP/1.1" 200 36119
66.249.71.5 - - [28/Dec/2015:08:14:19 +0800] "GET /digiarch3/content/subject/resource_content.jsp?oid=16777276&queryString=API%20%E5%8F%B0%E7%81%A3%E6%AC%92%E6%A8%B9%20%E6%A4%8D%E7%89%A9%E7%95%8C%20%E6%AC%92%E6%A8%B9%20%E7%84%A1%E6%82%A3%E5%AD%90%20%E7%84%A1%E6%82%A3%E5%AD%90%E7%A7%91%20%E8%8B%A6%E8%8B%93%20%E8%8B%A6%E8%8B%93%E8%88%85 HTTP/1.1" 200 32482
66.249.71.64 - - [28/Dec/2015:08:14:48 +0800] "GET /content/nav/relationSubject.jsp?relationWords=%E5%94%87%E9%AD%9A+%E5%B0%96%E5%94%87%E9%AD%9A+%E6%96%91%E9%BB%9E%E5%B0%96%E5%94%87%E9%AD%9A+%E6%B1%95%E6%95%A3%E4%BB%94+%E9%97%8A%E5%98%B4%E9%83%8E+%E9%9A%86%E9%A0%AD%E9%AD%9A+%E9%9A%86%E9%A0%AD%E9%AD%9A%E7%A7%91+%E9%B8%9A%E9%AF%9B+&oid=1081610 HTTP/1.1" 200 3929
66.249.71.72 - - [28/Dec/2015:08:14:49 +0800] "GET /content/repository/resource_content.jsp?oid=1522571 HTTP/1.1" 200 28788
66.249.74.98 - - [28/Dec/2015:08:14:51 +0800] "GET /content/nav/relationSubject.jsp?relationWords=%E5%94%87%E9%AD%9A%20%E5%B0%96%E5%94%87%E9%AD%9A%20%E6%96%91%E9%BB%9E%E5%B0%96%E5%94%87%E9%AD%9A%20%E6%B1%95%E6%95%A3%E4%BB%94%20%E9%97%8A%E5%98%B4%E9%83%8E%20%E9%9A%86%E9%A0%AD%E9%AD%9A%20%E9%9A%86%E9%A0%AD%E9%AD%9A%E7%A7%91%20%E9%B8%9A%E9%AF%9B%20&oid=1081610 HTTP/1.1" 200 3929
66.249.71.105 - - [28/Dec/2015:08:15:19 +0800] "GET /content/repository/resource_content.jsp?oid=1106042&queryType=qs&queryString=%E9%BB%83%E8%8F%80%E5%B1%AC HTTP/1.1" 200 30958
66.249.77.91 - - [28/Dec/2015:08:16:33 +0800] "GET /content/subject/resource_content.jsp?oid=16777476&queryType=qs&queryString=%E4%BF%A1%E7%94%A8%E5%8D%A1 HTTP/1.1" 200 54229
66.249.77.85 - - [28/Dec/2015:08:16:50 +0800] "GET /content/subject/resource_content.jsp?oid=16777443&queryType=qc HTTP/1.1" 200 40058
66.249.74.98 - - [28/Dec/2015:08:17:22 +0800] "GET /content/subject/resource_content.jsp?oid=16777484&queryString=%E8%80%B3%E9%A3%BE%20%E9%84%92%E6%97%8F HTTP/1.1" 200 72108
66.249.71.105 - - [28/Dec/2015:08:17:51 +0800] "GET /content/repository/resource_content.jsp?oid=1547572&queryType=qs&queryString=%E7%B4%A1%E7%B9%94%E5%BB%A0 HTTP/1.1" 200 34143
66.249.71.72 - - [28/Dec/2015:08:18:01 +0800] "GET /content/nav/relationSubject.jsp?relationWords=%E5%B7%A1%E6%92%AB+&oid=2632790 HTTP/1.1" 200 3084
66.249.71.5 - - [28/Dec/2015:08:18:04 +0800] "GET /digiarch3/content/nav/relationSubject.jsp?relationWords=%E5%8F%B0%E7%81%A3%E6%AC%92%E6%A8%B9+&oid=16777276 HTTP/1.1" 200 4203
66.249.74.98 - - [28/Dec/2015:08:18:05 +0800] "GET /content/nav/relationSubject.jsp?relationWords=%E5%B7%A1%E6%92%AB%20&oid=2632790 HTTP/1.1" 200 3084
66.249.71.5 - - [28/Dec/2015:08:18:08 +0800] "GET /digiarch3/content/nav/relationSubject.jsp?relationWords=%E5%8F%B0%E7%81%A3%E6%AC%92%E6%A8%B9%20&oid=16777276 HTTP/1.1" 200 4203
66.249.71.5 - - [28/Dec/2015:08:18:19 +0800] "GET /digiarch3/content/nav/relationSubject.jsp?relationWords=%E5%B1%B1%E8%83%9E+%E6%9E%97%E9%8E%AE%E5%B1%B1+%E8%87%AA%E4%BE%86%E6%B0%B4+%E9%B3%B3%E6%9E%97%E9%8E%AE+&oid=1598118 HTTP/1.1" 200 5656
66.249.71.5 - - [28/Dec/2015:08:18:22 +0800] "GET /digiarch3/content/nav/relationSubject.jsp?relationWords=%E5%B1%B1%E8%83%9E%20%E6%9E%97%E9%8E%AE%E5%B1%B1%20%E8%87%AA%E4%BE%86%E6%B0%B4%20%E9%B3%B3%E6%9E%97%E9%8E%AE%20&oid=1598118 HTTP/1.1" 200 5656
66.249.71.60 - - [28/Dec/2015:08:18:51 +0800] "GET /content/exhibit/exhibit.jsp?oid=16777797 HTTP/1.1" 200 26107
66.249.71.72 - - [28/Dec/2015:08:19:00 +0800] "GET /digiarch_en/content/repository/resource_content.jsp?oid=1524846&queryString=%E7%A0%82%E7%B3%96 HTTP/1.1" 200 22934
66.249.71.64 - - [28/Dec/2015:08:19:11 +0800] "GET /digiarch_en/content/repository/resource_content.jsp?oid=4364528&queryString=%E5%87%8C%E7%B4%94%E8%81%B2%20%E5%8F%B0%E7%81%A3%E5%A4%A7%E5%AD%B8%20%E5%A5%91%E7%B4%84%E6%96%87%E6%9B%B8%20%E8%81%98%E6%9B%B8 HTTP/1.1" 200 24099
66.249.71.60 - - [28/Dec/2015:08:19:12 +0800] "GET /content/nav/relationSubject.jsp?relationWords=%E7%81%A3%E7%9C%81%E6%94%BF%E5%BA%9C+%E7%8B%82%E7%8A%AC%E7%97%85+%E7%9C%81%E6%94%BF%E5%BA%9C+%E8%87%BA%E7%81%A3%E7%9C%81+%E8%87%BA%E7%81%A3%E7%9C%81%E6%94%BF%E5%BA%9C+&oid=1531063 HTTP/1.1" 200 4702
66.249.71.60 - - [28/Dec/2015:08:19:14 +0800] "GET /content/nav/relationSubject.jsp?relationWords=%E7%88%B6%E6%88%8A%E7%88%B5+&oid=1813378 HTTP/1.1" 200 3196
66.249.71.60 - - [28/Dec/2015:08:19:15 +0800] "GET /content/nav/relationSubject.jsp?relationWords=%E7%81%A3%E7%9C%81%E6%94%BF%E5%BA%9C%20%E7%8B%82%E7%8A%AC%E7%97%85%20%E7%9C%81%E6%94%BF%E5%BA%9C%20%E8%87%BA%E7%81%A3%E7%9C%81%20%E8%87%BA%E7%81%A3%E7%9C%81%E6%94%BF%E5%BA%9C%20&oid=1531063 HTTP/1.1" 200 4702
66.249.71.60 - - [28/Dec/2015:08:19:17 +0800] "GET /content/nav/relationSubject.jsp?relationWords=%E7%88%B6%E6%88%8A%E7%88%B5%20&oid=1813378 HTTP/1.1" 200 3196
66.249.71.64 - - [28/Dec/2015:08:19:22 +0800] "GET /content/repository/resource_content.jsp?oid=2659243&queryString=%E5%9C%B0%E5%BD%A2%E5%9C%96%20%E5%B1%B1%E9%99%B0%E7%B8%A3 HTTP/1.1" 200 30367
66.249.71.60 - - [28/Dec/2015:08:19:53 +0800] "GET /content/repository/resource_content.jsp?oid=3812050&queryString=%E5%A1%94%E5%A1%94%E5%8A%A0%E9%BE%8D%E8%86%BD%20%E6%A4%8D%E7%89%A9%E7%95%8C%20%E9%BE%8D%E8%86%BD%20%E9%BE%8D%E8%86%BD%E5%B1%AC%20%E9%BE%8D%E8%86%BD%E7%A7%91 HTTP/1.1" 200 31136
66.249.71.64 - - [28/Dec/2015:08:20:23 +0800] "GET /content/repository/resource_content.jsp?oid=2152127&queryString=%E5%8D%97%E6%9F%AF%20%E5%B6%BA%E5%8D%97%E6%9F%AF%20%E6%9D%B1%E5%8D%97%E7%9F%B3%E6%AB%9F%20%E6%9F%AF%E5%B1%AC%20%E6%A4%8D%E7%89%A9%E7%95%8C%20%E6%AE%BC%E6%96%97%E7%A7%91%20%E7%9F%AD%E5%B0%BE%E8%91%89%E7%9F%B3%E6%AB%9F%20%E7%9F%B3%E6%AB%9F HTTP/1.1" 200 31322
66.249.77.85 - - [28/Dec/2015:08:20:28 +0800] "GET /content/nav/relationSubject.jsp?relationWords=%E4%BB%A5%E7%AC%A6%E5%AF%A6%E9%9A%9B%E6%A1%88+%E6%8A%80%E5%A3%AB+%E7%89%B9%E7%A8%AE%E8%80%83%E8%A9%A6+&oid=1581970 HTTP/1.1" 200 3501
66.249.77.85 - - [28/Dec/2015:08:20:30 +0800] "GET /content/nav/relationSubject.jsp?relationWords=%E4%BB%A5%E7%AC%A6%E5%AF%A6%E9%9A%9B%E6%A1%88%20%E6%8A%80%E5%A3%AB%20%E7%89%B9%E7%A8%AE%E8%80%83%E8%A9%A6%20&oid=1581970 HTTP/1.1" 200 3501
66.249.71.173 - - [28/Dec/2015:08:20:51 +0800] "GET /content/nav/relationSubject.jsp?relationWords=%E6%8E%A8%E8%83%8C%E5%9C%96+&oid=16797244 HTTP/1.1" 200 2217
66.249.71.60 - - [28/Dec/2015:08:20:53 +0800] "GET /content/repository/resource_content.jsp?oid=1828474&queryString=%E4%BA%8B%E5%AF%A6%E5%86%8A%20%E6%B9%96%E5%BB%A3%20%E7%AF%80%E5%AD%9D%20%E9%83%AD%E6%B0%8F%20%E9%BB%83%E5%AE%89%E7%B8%A3 HTTP/1.1" 200 36299
66.249.74.100 - - [28/Dec/2015:08:21:24 +0800] "GET /content/repository/resource_content.jsp?oid=2470484&queryString=%E6%99%82%E5%B1%80%E8%B3%87%E6%96%99%20%E7%9A%87%E8%BB%8D%20%E7%B8%BD%E7%9D%A3%E5%AE%98%E6%88%BF%20%E9%AD%AF%E5%85%8B HTTP/1.1" 200 30840
183.79.222.148 - - [28/Dec/2015:08:21:25 +0800] "GET /content/tmp_tec/resource_content.jsp?oid=16777753 HTTP/1.0" 200 33851
66.249.77.97 - - [28/Dec/2015:08:21:26 +0800] "GET /content/subject/resource_content.jsp?oid=16777288&queryType=qs&queryString=%E6%96%87%E5%AD%97%E5%AD%B8 HTTP/1.1" 200 43914
66.249.71.64 - - [28/Dec/2015:08:21:51 +0800] "GET /content/nav/relationSubject.jsp?relationWords=%E4%BA%8C%E8%91%89%E6%9D%BE+%E5%8F%B0%E7%81%A3%E4%BA%8C%E8%91%89%E6%9D%BE+%E6%9D%BE%E5%B1%AC+%E6%9D%BE%E6%9D%89+%E6%9D%BE%E7%A7%91+%E6%A4%8D%E7%89%A9%E7%95%8C+%E6%AF%AC%E6%9E%9C+&oid=1108944 HTTP/1.1" 200 3428
66.249.77.97 - - [28/Dec/2015:08:21:54 +0800] "GET /content/repository/resource_content.jsp?oid=2633395&queryString=%E6%B5%B7%E6%BE%84%20%E9%84%AD%E6%88%90%E5%8A%9F%20%E9%A0%86%E6%B2%BB%E5%B8%9D HTTP/1.1" 200 30172
66.249.71.60 - - [28/Dec/2015:08:21:57 +0800] "GET /content/nav/relationSubject.jsp?relationWords=%E4%BA%8C%E8%91%89%E6%9D%BE%20%E5%8F%B0%E7%81%A3%E4%BA%8C%E8%91%89%E6%9D%BE%20%E6%9D%BE%E5%B1%AC%20%E6%9D%BE%E6%9D%89%20%E6%9D%BE%E7%A7%91%20%E6%A4%8D%E7%89%A9%E7%95%8C%20%E6%AF%AC%E6%9E%9C%20&oid=1108944 HTTP/1.1" 200 3428
101.226.166.228 - - [28/Dec/2015:08:22:51 +0800] "GET /content/subject/resource_content.jsp?oid=16777537&queryType=qc HTTP/1.1" 200 30723
66.249.71.60 - - [28/Dec/2015:08:23:25 +0800] "GET /content/repository/resource_content.jsp?oid=3814052&queryString=%E5%A4%A7%E6%88%9F%20%E5%A4%A7%E6%88%9F%E5%B1%AC%20%E5%A4%A7%E6%88%9F%E7%A7%91%20%E5%A4%AA%E9%AD%AF%E9%96%A3%E5%A4%A7%E6%88%9F%20%E6%A4%8D%E7%89%A9%E7%95%8C HTTP/1.1" 200 31230
66.249.71.60 - - [28/Dec/2015:08:23:31 +0800] "GET /digiarch_en/content/nav/relationSubject.jsp?relationWords=%E6%A0%A1%E6%AC%91+%E6%A4%86%E5%B1%AC+%E6%A4%8D%E7%89%A9%E7%95%8C+%E6%AE%BC%E6%96%97%E7%A7%91+%E9%90%B5%E6%A4%86+%E9%9D%92%E5%89%9B+%E9%9D%92%E5%89%9B%E6%AB%9F+&oid=2149673 HTTP/1.1" 200 4600
66.249.71.60 - - [28/Dec/2015:08:23:32 +0800] "GET /digiarch_en/content/nav/relationSubject.jsp?relationWords=%E6%A0%A1%E6%AC%91%20%E6%A4%86%E5%B1%AC%20%E6%A4%8D%E7%89%A9%E7%95%8C%20%E6%AE%BC%E6%96%97%E7%A7%91%20%E9%90%B5%E6%A4%86%20%E9%9D%92%E5%89%9B%20%E9%9D%92%E5%89%9B%E6%AB%9F%20&oid=2149673 HTTP/1.1" 200 4600
66.249.71.60 - - [28/Dec/2015:08:23:55 +0800] "GET /digiarch_en/content/repository/resource_content.jsp?oid=2539364&queryString=%E5%8D%B0%E5%8B%99 HTTP/1.1" 200 24037
66.249.71.72 - - [28/Dec/2015:08:24:25 +0800] "GET /content/repository/resource_content.jsp?oid=1897810 HTTP/1.1" 200 30467
66.249.74.98 - - [28/Dec/2015:08:24:56 +0800] "GET /content/repository/resource_content.jsp?oid=193990 HTTP/1.1" 200 29713
66.249.71.72 - - [28/Dec/2015:08:25:26 +0800] "GET /content/repository/resource_content.jsp?oid=2678842 HTTP/1.1" 200 29856
66.249.71.60 - - [28/Dec/2015:08:25:48 +0800] "GET /content/nav/relationSubject.jsp?relationWords=%E5%8F%B0%E7%81%A3%E7%99%BD%E7%AC%8F%E8%8D%89+%E5%94%87%E5%BD%A2%E7%A7%91+%E6%A4%8D%E7%89%A9%E7%95%8C+%E7%99%BD%E6%9C%A8%E5%B1%AC+%E8%96%84%E8%8D%B7+%E9%9B%99%E5%AD%90%E8%91%89+%E9%9B%99%E5%AD%90%E8%91%89%E6%A4%8D%E7%89%A9+&oid=2148551 HTTP/1.1" 200 3544
66.249.71.60 - - [28/Dec/2015:08:25:50 +0800] "GET /content/nav/relationSubject.jsp?relationWords=%E5%8F%B0%E7%81%A3%E7%99%BD%E7%AC%8F%E8%8D%89%20%E5%94%87%E5%BD%A2%E7%A7%91%20%E6%A4%8D%E7%89%A9%E7%95%8C%20%E7%99%BD%E6%9C%A8%E5%B1%AC%20%E8%96%84%E8%8D%B7%20%E9%9B%99%E5%AD%90%E8%91%89%20%E9%9B%99%E5%AD%90%E8%91%89%E6%A4%8D%E7%89%A9%20&oid=2148551 HTTP/1.1" 200 3544
66.249.71.155 - - [28/Dec/2015:08:25:57 +0800] "GET /content/repository/resource_content.jsp?oid=2678604&queryString=%E7%A2%BE%E7%B1%B3 HTTP/1.1" 200 29871
123.125.71.28 - - [28/Dec/2015:08:25:58 +0800] "GET /content/subject/resource_content.jsp?oid=16797292&queryType=qc HTTP/1.1" 200 57226
66.249.71.60 - - [28/Dec/2015:08:26:20 +0800] "GET /content/repository/resource_content.jsp?oid=1884598 HTTP/1.1" 200 30151
66.249.71.64 - - [28/Dec/2015:08:26:27 +0800] "GET /content/repository/resource_content.jsp?oid=14798&queryString=%E5%BA%AB%E9%81%94%E6%B5%B7%E9%A6%AC%20%E6%B5%B7%E9%A6%AC%20%E6%B5%B7%E9%BE%8D%E7%A7%91 HTTP/1.1" 200 34574
66.249.71.60 - - [28/Dec/2015:08:26:57 +0800] "GET /content/repository/resource_content.jsp?oid=1773006 HTTP/1.1" 200 30043
68.180.228.24 - - [28/Dec/2015:08:27:25 +0800] "GET /content/repository/resource_content.jsp?oid=1549227 HTTP/1.1" 200 30155
66.249.71.64 - - [28/Dec/2015:08:27:27 +0800] "GET /content/subject/resource_content.jsp?oid=16777289&queryType=qc HTTP/1.1" 200 40479
66.249.71.72 - - [28/Dec/2015:08:27:54 +0800] "GET /content/nav/relationSubject.jsp?relationWords=&oid=2678842 HTTP/1.1" 200 1405
66.249.71.60 - - [28/Dec/2015:08:27:58 +0800] "GET /content/repository/resource_content.jsp?oid=1522324 HTTP/1.1" 200 29309
66.249.71.60 - - [28/Dec/2015:08:27:59 +0800] "GET /content/nav/relationSubject.jsp?relationWords=%E5%9C%8B%E6%B0%91%E4%BD%8F%E5%AE%85+%E5%9C%9F%E5%9C%B0%E5%85%AC+%E5%9C%B0%E8%99%9F+%E6%88%BF%E5%9C%B0%E7%94%A2+%E6%A8%99%E5%94%AE+%E6%B7%B7%E5%87%9D%E5%9C%9F+%E7%81%A3%E7%9C%81%E6%94%BF%E5%BA%9C+%E7%82%BA%E8%88%88+%E7%9C%81%E6%94%BF%E5%BA%9C+%E7%9C%81%E6%9C%89%E5%9C%9F%E5%9C%B0+%E7%9C%81%E9%81%93+%E7%BE%85%E6%96%AF%E7%A6%8F+%E8%87%BA%E4%B8%AD%E7%B8%A3+%E8%87%BA%E5%8C%97%E5%B8%82+%E8%87%BA%E5%8C%97%E7%B8%A3+%E8%87%BA%E7%81%A3%E7%9C%81+%E8%87%BA%E7%81%A3%E7%9C%81%E6%94%BF%E5%BA%9C+%E8%A6%86%E8%AD%B0+%E8%AD%A6%E5%8B%99%E8%99%95+%E8%AD%A6%E5%AF%9F+%E8%B2%A1%E6%94%BF+%E8%B2%A1%E6%94%BF%E5%BB%B3+&oid=1897686 HTTP/1.1" 200 5132
66.249.71.60 - - [28/Dec/2015:08:28:01 +0800] "GET /content/nav/relationSubject.jsp?relationWords=%E5%9C%8B%E6%B0%91%E4%BD%8F%E5%AE%85%20%E5%9C%9F%E5%9C%B0%E5%85%AC%20%E5%9C%B0%E8%99%9F%20%E6%88%BF%E5%9C%B0%E7%94%A2%20%E6%A8%99%E5%94%AE%20%E6%B7%B7%E5%87%9D%E5%9C%9F%20%E7%81%A3%E7%9C%81%E6%94%BF%E5%BA%9C%20%E7%82%BA%E8%88%88%20%E7%9C%81%E6%94%BF%E5%BA%9C%20%E7%9C%81%E6%9C%89%E5%9C%9F%E5%9C%B0%20%E7%9C%81%E9%81%93%20%E7%BE%85%E6%96%AF%E7%A6%8F%20%E8%87%BA%E4%B8%AD%E7%B8%A3%20%E8%87%BA%E5%8C%97%E5%B8%82%20%E8%87%BA%E5%8C%97%E7%B8%A3%20%E8%87%BA%E7%81%A3%E7%9C%81%20%E8%87%BA%E7%81%A3%E7%9C%81%E6%94%BF%E5%BA%9C%20%E8%A6%86%E8%AD%B0%20%E8%AD%A6%E5%8B%99%E8%99%95%20%E8%AD%A6%E5%AF%9F%20%E8%B2%A1%E6%94%BF%20%E8%B2%A1%E6%94%BF%E5%BB%B3%20&oid=1897686 HTTP/1.1" 200 5132
157.55.39.168 - - [28/Dec/2015:08:28:18 +0800] "GET /content/nav/relationSubject.jsp?relationWords=%E6%A5%93%E9%A6%99+&oid=16777275 HTTP/1.1" 200 3838
66.249.77.97 - - [28/Dec/2015:08:28:46 +0800] "GET /content/tmp_tec/resource_content.jsp?oid=16777730 HTTP/1.1" 200 42450
66.249.71.105 - - [28/Dec/2015:08:28:59 +0800] "GET /content/repository/resource_content.jsp?oid=1523784&queryType=qs&queryString=%E8%B2%93%E7%BE%85%E6%BA%AA HTTP/1.1" 200 29220
66.249.71.5 - - [28/Dec/2015:08:29:29 +0800] "GET /content/repository/resource_content.jsp?oid=518138&queryString=%E4%B8%AD%E8%85%B9%E8%B6%B3%E7%9B%AE%20%E5%B7%9D%E8%9C%B7%20%E8%85%B9%E8%B6%B3%E7%B6%B1 HTTP/1.1" 200 31291
66.249.71.72 - - [28/Dec/2015:08:29:59 +0800] "GET /digiarch_en/content/repository/resource_content.jsp?oid=2687665&queryString=%E7%81%AB%E5%99%A8%E7%87%9F HTTP/1.1" 200 23977
66.249.77.85 - - [28/Dec/2015:08:30:22 +0800] "GET /content/nav/relationSubject.jsp?relationWords=%E5%A4%A7%E8%8A%B1%E7%B4%AB%E8%96%87+&oid=16777378 HTTP/1.1" 200 3480
66.249.71.64 - - [28/Dec/2015:08:30:29 +0800] "GET /content/repository/resource_content.jsp?oid=1615648 HTTP/1.1" 200 28878
66.249.71.5 - - [28/Dec/2015:08:31:00 +0800] "GET /digiarch3/content/subject/resource_content.jsp?oid=16777354&queryType=qc HTTP/1.1" 200 27815
66.249.71.23 - - [28/Dec/2015:08:31:30 +0800] "GET /digiarch3/content/repository/resource_content.jsp?oid=4353942&queryString=%E9%89%A4%E9%B1%97%E9%AD%A8%20%E9%B1%97%E9%AD%A8 HTTP/1.1" 200 35063
66.249.71.60 - - [28/Dec/2015:08:31:44 +0800] "GET /content/nav/relationSubject.jsp?relationWords=%E5%B8%AB%E7%AF%84%E5%AD%B8%E6%A0%A1+%E6%95%99%E8%82%B2%E6%A1%88+&oid=1540713 HTTP/1.1" 200 3421
66.249.71.60 - - [28/Dec/2015:08:31:45 +0800] "GET /content/nav/relationSubject.jsp?relationWords=%E5%B8%AB%E7%AF%84%E5%AD%B8%E6%A0%A1%20%E6%95%99%E8%82%B2%E6%A1%88%20&oid=1540713 HTTP/1.1" 200 3421
66.249.71.72 - - [28/Dec/2015:08:32:00 +0800] "GET /content/repository/resource_content.jsp?oid=1460721&queryString=%E5%BF%8D%E5%86%AC%E7%A7%91%20%E6%A4%8D%E7%89%A9%E7%95%8C%20%E7%8B%B9%E8%91%89 HTTP/1.1" 200 31181
66.249.71.72 - - [28/Dec/2015:08:32:31 +0800] "GET /content/repository/resource_content.jsp?oid=3823505&queryString=%E5%8F%B0%E7%81%A3%E5%B1%B1%E6%A1%82%E8%8A%B1%20%E5%A0%B1%E6%98%A5%E8%8A%B1%20%E5%B1%B1%E6%A1%82%E8%8A%B1%E5%B1%AC%20%E6%A4%8D%E7%89%A9%E7%95%8C%20%E7%B4%AB%E9%87%91%E7%89%9B%E7%A7%91 HTTP/1.1" 200 31386
183.79.222.148 - - [28/Dec/2015:08:32:37 +0800] "GET /content/tmp_auth/resource_content.jsp?oid=16777777 HTTP/1.0" 200 29381
66.249.71.60 - - [28/Dec/2015:08:33:28 +0800] "GET /content/nav/relationSubject.jsp?relationWords=%E5%85%AC%E9%96%8B%E6%8B%9B%E6%A8%99+%E9%9B%BB%E8%A7%A3+&oid=1558851 HTTP/1.1" 200 5354
66.249.71.60 - - [28/Dec/2015:08:33:30 +0800] "GET /content/nav/relationSubject.jsp?relationWords=%E5%85%AC%E9%96%8B%E6%8B%9B%E6%A8%99%20%E9%9B%BB%E8%A7%A3%20&oid=1558851 HTTP/1.1" 200 5354
66.249.71.64 - - [28/Dec/2015:08:33:32 +0800] "GET /content/repository/resource_content.jsp?oid=1102217 HTTP/1.1" 200 30977
66.249.71.60 - - [28/Dec/2015:08:33:43 +0800] "GET /content/nav/relationSubject.jsp?relationWords=%E6%9D%9C%E9%B5%91%E8%8A%B1%E5%B1%AC+&oid=2148857 HTTP/1.1" 200 2981
66.249.71.60 - - [28/Dec/2015:08:33:45 +0800] "GET /content/nav/relationSubject.jsp?relationWords=%E6%9D%9C%E9%B5%91%E8%8A%B1%E5%B1%AC%20&oid=2148857 HTTP/1.1" 200 2981
66.249.71.60 - - [28/Dec/2015:08:34:02 +0800] "GET /content/repository/resource_content.jsp?oid=1548573 HTTP/1.1" 200 28655
66.249.71.64 - - [28/Dec/2015:08:34:32 +0800] "GET /content/repository/resource_content.jsp?oid=1536232&queryString=%E6%A1%83%E5%9C%92%E5%A4%A7%E5%9C%B3 HTTP/1.1" 200 29080
66.249.79.27 - - [28/Dec/2015:08:35:03 +0800] "GET /content/subject/resource_content.jsp?oid=16797260&queryType=qc HTTP/1.1" 200 47340
66.249.71.60 - - [28/Dec/2015:08:35:04 +0800] "GET /content/repository/resource_content.jsp?oid=1104211 HTTP/1.1" 200 30879
66.249.71.72 - - [28/Dec/2015:08:35:33 +0800] "GET /content/repository/resource_content.jsp?oid=1108323 HTTP/1.1" 200 30911
183.79.222.148 - - [28/Dec/2015:08:35:48 +0800] "GET /content/tmp_auth/resource_content.jsp?oid=16777759 HTTP/1.0" 200 25278
220.181.108.77 - - [28/Dec/2015:08:36:03 +0800] "GET /content/subject/resource_content.jsp?oid=16777446&queryType=qc HTTP/1.1" 200 42187
68.180.228.24 - - [28/Dec/2015:08:36:07 +0800] "GET /digiarch_en/content/tmp_tec/resource_content.jsp?oid=16777730 HTTP/1.1" 200 36967
66.249.71.72 - - [28/Dec/2015:08:36:27 +0800] "GET /content/nav/relationSubject.jsp?relationWords=%E6%89%80%E5%BE%97%E7%A8%85+%E6%B8%85%E5%AF%92+%E7%8D%8E%E5%AD%B8%E9%87%91+%E8%B2%A1%E7%A8%85+&oid=1592556 HTTP/1.1" 200 3860
66.249.71.60 - - [28/Dec/2015:08:36:28 +0800] "GET /content/nav/relationSubject.jsp?relationWords=%E6%9D%9C%E9%A6%99%E5%9C%8B%20&oid=1884598 HTTP/1.1" 200 3107
59.168.68.146 - - [28/Dec/2015:08:36:30 +0800] "GET /content/repository/resource_content.jsp?oid=1777702 HTTP/1.1" 200 31647
66.249.74.98 - - [28/Dec/2015:08:36:30 +0800] "GET /content/nav/relationSubject.jsp?relationWords=%E6%89%80%E5%BE%97%E7%A8%85%20%E6%B8%85%E5%AF%92%20%E7%8D%8E%E5%AD%B8%E9%87%91%20%E8%B2%A1%E7%A8%85%20&oid=1592556 HTTP/1.1" 200 3860
59.168.68.146 - - [28/Dec/2015:08:36:33 +0800] "GET /content/nav/relationSubject.jsp?relationWords=%E5%8F%B0%E7%81%A3%E5%8E%9F%E4%BD%8F%E6%B0%91+%E6%A8%BA%E5%B1%B1%E8%B3%87%E7%B4%80+%E7%89%A1%E4%B8%B9%E7%A4%BE%E4%BA%8B%E4%BB%B6+&oid=1777702 HTTP/1.1" 200 5003
66.249.71.60 - - [28/Dec/2015:08:36:42 +0800] "GET /content/nav/relationSubject.jsp?relationWords=%E6%A4%8D%E7%89%A9%E7%95%8C+%E6%B0%B4%E9%BE%8D%E9%AA%A8+%E6%B0%B4%E9%BE%8D%E9%AA%A8%E7%A7%91+%E7%8E%89%E5%B1%B1%E7%9F%B3%E8%91%A6+%E7%9F%B3%E8%91%A6%E5%B1%AC+%E8%95%A8%E9%A1%9E%E6%A4%8D%E7%89%A9+&oid=2144658 HTTP/1.1" 200 3482
66.249.71.60 - - [28/Dec/2015:08:36:44 +0800] "GET /content/nav/relationSubject.jsp?relationWords=%E6%A4%8D%E7%89%A9%E7%95%8C%20%E6%B0%B4%E9%BE%8D%E9%AA%A8%20%E6%B0%B4%E9%BE%8D%E9%AA%A8%E7%A7%91%20%E7%8E%89%E5%B1%B1%E7%9F%B3%E8%91%A6%20%E7%9F%B3%E8%91%A6%E5%B1%AC%20%E8%95%A8%E9%A1%9E%E6%A4%8D%E7%89%A9%20&oid=2144658 HTTP/1.1" 200 3482
123.7.179.123 - - [28/Dec/2015:08:36:55 +0800] "GET /content/tmp_auth/resource_content.jsp?oid=16777371 HTTP/1.1" 200 41394
66.249.71.41 - - [28/Dec/2015:08:37:04 +0800] "GET /content/repository/resource_content.jsp?oid=1552749&queryType=qs&queryString=%E5%82%B3%E6%9F%93%E7%97%85 HTTP/1.1" 200 31705
220.181.108.161 - - [28/Dec/2015:08:37:23 +0800] "GET /content/subject/resource_content.jsp?oid=16777656&queryType=qc HTTP/1.1" 200 63538
66.249.71.14 - - [28/Dec/2015:08:37:57 +0800] "GET /digiarch3/content/nav/relationSubject.jsp?relationWords=%E5%8F%B2%E6%B0%8F+%E9%BB%91%E7%8B%97%E6%AF%8D+&oid=15869 HTTP/1.1" 200 3377
66.249.71.5 - - [28/Dec/2015:08:37:58 +0800] "GET /digiarch3/content/nav/relationSubject.jsp?relationWords=%E5%8F%B2%E6%B0%8F%20%E9%BB%91%E7%8B%97%E6%AF%8D%20&oid=15869 HTTP/1.1" 200 3377
66.249.71.60 - - [28/Dec/2015:08:38:05 +0800] "GET /content/repository/resource_content.jsp?oid=1610118 HTTP/1.1" 200 28740
66.249.74.59 - - [28/Dec/2015:08:38:10 +0800] "GET /content/subject/resource_content.jsp?oid=16777453&queryType=qc HTTP/1.1" 200 28648
66.249.71.14 - - [28/Dec/2015:08:38:36 +0800] "GET /digiarch3/content/repository/resource_content.jsp?oid=4352428&queryString=%E8%B7%B3%E6%B5%B7%E4%BB%94 HTTP/1.1" 200 34094
66.249.74.98 - - [28/Dec/2015:08:39:06 +0800] "GET /content/repository/resource_content.jsp?oid=1101145 HTTP/1.1" 200 30753
68.180.228.24 - - [28/Dec/2015:08:39:19 +0800] "GET /digiarch_en/content/subject/resource_content.jsp?oid=16777753&queryType=qc HTTP/1.1" 200 31354
65.55.218.62 - - [28/Dec/2015:08:39:44 +0800] "GET /content/nav/relationSubject.jsp?relationWords=%E8%8A%B1%E8%94%93+%E8%94%93%E6%BE%A4%E8%98%AD+&oid=16777266 HTTP/1.1" 200 4225
66.249.77.85 - - [28/Dec/2015:08:40:06 +0800] "GET /content/repository/resource_content.jsp?oid=3354957&queryString=%E6%96%B9%E5%A3%BA HTTP/1.1" 200 29407
66.249.71.72 - - [28/Dec/2015:08:40:36 +0800] "GET /digiarch_en/content/repository/resource_content.jsp?oid=1530160&queryString=%E4%B8%AD%E5%9C%8B%E6%96%87%E5%8C%96%20%E4%B8%AD%E5%9C%8B%E6%96%87%E5%8C%96%E5%AD%B8%E9%99%A2%20%E6%B0%91%E6%97%8F%E5%AD%B8 HTTP/1.1" 200 23419
183.79.222.148 - - [28/Dec/2015:08:40:38 +0800] "GET /content/subject/resource_content.jsp?oid=16777842&queryType=qc> HTTP/1.0" 200 36231
66.249.71.60 - - [28/Dec/2015:08:40:56 +0800] "GET /content/nav/relationSubject.jsp?relationWords=%E5%8F%B0%E7%81%A3%E8%8A%AD%E8%95%89+%E5%B1%B1%E8%8A%8E%E8%95%89+%E8%8A%AD%E8%95%89%E5%B1%AC+&oid=1095109 HTTP/1.1" 200 3067
66.249.71.60 - - [28/Dec/2015:08:40:57 +0800] "GET /content/nav/relationSubject.jsp?relationWords=%E5%8F%B0%E7%81%A3%E8%8A%AD%E8%95%89%20%E5%B1%B1%E8%8A%8E%E8%95%89%20%E8%8A%AD%E8%95%89%E5%B1%AC%20&oid=1095109 HTTP/1.1" 200 3067
66.249.71.72 - - [28/Dec/2015:08:41:00 +0800] "GET /digiarch_en/content/repository/resource_content.jsp?oid=1123985&queryString=%E6%B3%A5%E8%9A%B6%20%E8%A1%80%E8%9A%B6%20%E9%9B%99%E6%AE%BC%E7%B6%B1%20%E9%AD%81%E8%9B%A4%20%E9%AD%81%E8%9B%A4%E7%A7%91 HTTP/1.1" 200 24970
66.249.71.60 - - [28/Dec/2015:08:41:09 +0800] "GET /content/repository/resource_content.jsp?oid=1115602 HTTP/1.1" 200 29613
76.105.71.157 - - [28/Dec/2015:08:41:58 +0800] "GET /content/nav/relationSubject.jsp?relationWords=%E5%B1%B1%E8%8A%99%E8%93%89+%E6%9C%A8%E8%8A%99%E8%93%89+%E8%96%9B%E6%BF%A4+%E9%86%89%E8%8A%99%E8%93%89+&oid=16777260 HTTP/1.1" 200 4595
68.180.228.24 - - [28/Dec/2015:08:42:10 +0800] "GET /content/subject/resource_content.jsp?oid=16777780&queryType=qc HTTP/1.1" 200 33936
66.249.71.60 - - [28/Dec/2015:08:42:46 +0800] "GET /digiarch_en/content/nav/relationSubject.jsp?relationWords=%E9%9B%99%E6%AE%BC%E7%B6%B1%20%E9%AD%81%E8%9B%A4%20%E9%AD%81%E8%9B%A4%E5%B1%AC%20%E9%AD%81%E8%9B%A4%E7%A7%91%20%E9%B7%B9%E7%BF%BC%E9%AD%81%E8%9B%A4%20&oid=1123985 HTTP/1.1" 200 3375
111.254.205.111 - - [28/Dec/2015:08:43:12 +0800] "GET /content/nav/relationSubject.jsp?relationWords=%E8%8B%A6%E8%8B%93+&oid=16777317 HTTP/1.1" 200 3183
183.79.222.148 - - [28/Dec/2015:08:44:09 +0800] "GET /content/tmp_exh/resource_content.jsp?oid=16777750&queryType=qc HTTP/1.0" 200 32470
66.249.71.60 - - [28/Dec/2015:08:44:09 +0800] "GET /content/subject/resource_content.jsp?oid=16777443 HTTP/1.1" 200 40047
66.249.71.72 - - [28/Dec/2015:08:44:37 +0800] "GET /content/nav/relationSubject.jsp?relationWords=%E5%85%AB%E5%BA%9C+%E7%AC%A6%E8%80%95+%E7%AC%A6%E8%80%95%E8%80%85+%E8%80%95%E8%80%85%E6%9C%89%E5%85%B6%E7%94%B0+%E9%83%BD%E5%B8%82%E8%A8%88%E5%8A%83+&oid=1554370 HTTP/1.1" 200 4955
66.249.71.60 - - [28/Dec/2015:08:44:39 +0800] "GET /content/nav/relationSubject.jsp?relationWords=%E5%85%AB%E5%BA%9C%20%E7%AC%A6%E8%80%95%20%E7%AC%A6%E8%80%95%E8%80%85%20%E8%80%95%E8%80%85%E6%9C%89%E5%85%B6%E7%94%B0%20%E9%83%BD%E5%B8%82%E8%A8%88%E5%8A%83%20&oid=1554370 HTTP/1.1" 200 4955
183.79.222.148 - - [28/Dec/2015:08:45:10 +0800] "GET /content/subject/resource_content.jsp?oid=16777839&queryType=qc> HTTP/1.0" 200 27157
66.249.71.14 - - [28/Dec/2015:08:45:53 +0800] "GET /digiarch3/content/subject/resource_content.jsp?oid=16777827&queryType=qs&queryString=%E9%AB%98%E9%9B%84%E5%B8%82%E6%94%BF%E5%BA%9C HTTP/1.1" 200 36972
123.125.71.28 - - [28/Dec/2015:08:46:11 +0800] "GET /content/subject/resource_content.jsp?oid=16777537&queryType=qc HTTP/1.1" 200 30731
66.249.71.64 - - [28/Dec/2015:08:47:35 +0800] "GET /content/subject/resource_content.jsp?oid=16777275&queryType=qc HTTP/1.1" 200 34218
157.55.39.167 - - [28/Dec/2015:08:47:38 +0800] "GET /content/subject/resource_content.jsp?oid=16777345&queryType=qc HTTP/1.1" 200 35045
66.249.71.60 - - [28/Dec/2015:08:48:20 +0800] "GET /content/repository/resource_content.jsp?oid=1776623 HTTP/1.1" 200 30094
66.249.77.85 - - [28/Dec/2015:08:49:12 +0800] "GET /content/subject/resource_content.jsp?oid=16777485&queryType=qc HTTP/1.1" 200 39423
66.249.77.85 - - [28/Dec/2015:08:49:42 +0800] "GET /content/subject/resource_content.jsp?oid=16777448&queryType=qc HTTP/1.1" 200 34511
220.128.245.98 - - [28/Dec/2015:08:50:27 +0800] "GET /content/subject/resource_content.jsp?oid=16777715&queryString= HTTP/1.1" 200 34779
220.128.245.98 - - [28/Dec/2015:08:50:34 +0800] "GET /content/nav/relationSubject.jsp?relationWords=%E6%95%B8%E4%BD%8D%E5%85%B8%E8%97%8F+&oid=16777715 HTTP/1.1" 200 5879
66.249.71.105 - - [28/Dec/2015:08:51:37 +0800] "GET /content/nav/relationSubject.jsp?relationWords=%E6%9C%9D%E9%AE%AE%E5%9C%8B%E7%8E%8B+%E6%9D%8E%E5%80%A7%E7%A8%BF+&oid=2570769 HTTP/1.1" 200 3169
66.249.71.105 - - [28/Dec/2015:08:51:39 +0800] "GET /content/nav/relationSubject.jsp?relationWords=%E6%9C%9D%E9%AE%AE%E5%9C%8B%E7%8E%8B%20%E6%9D%8E%E5%80%A7%E7%A8%BF%20&oid=2570769 HTTP/1.1" 200 3169
66.249.71.59 - - [28/Dec/2015:08:52:51 +0800] "GET /content/subject/resource_content.jsp?oid=16777780&queryType=qc HTTP/1.1" 200 33940
66.249.77.97 - - [28/Dec/2015:08:53:09 +0800] "GET /content/subject/resource_content.jsp?oid=16777780&queryType=qc HTTP/1.1" 200 33947
66.249.77.91 - - [28/Dec/2015:08:53:13 +0800] "GET /content/pictures/picture_content.jsp?oid=33554817&queryType=qc HTTP/1.1" 200 27790
183.79.222.148 - - [28/Dec/2015:08:53:41 +0800] "GET /content/tmp_tec/resource_content.jsp?oid=16777731 HTTP/1.0" 200 39181
66.249.71.64 - - [28/Dec/2015:08:53:41 +0800] "GET /content/nav/relationSubject.jsp?relationWords=%E6%8E%92%E5%9F%A0+&oid=223642 HTTP/1.1" 200 3072
66.249.71.60 - - [28/Dec/2015:08:53:44 +0800] "GET /content/nav/relationSubject.jsp?relationWords=%E6%8E%92%E5%9F%A0%20&oid=223642 HTTP/1.1" 200 3072
66.249.71.5 - - [28/Dec/2015:08:53:46 +0800] "GET /digiarch3/content/repository/resource_content.jsp?oid=15520&queryString=%E9%8F%A1%E6%96%91%E8%9D%B4%E8%9D%B6%E9%AD%9A HTTP/1.1" 200 33996
66.249.71.64 - - [28/Dec/2015:08:54:27 +0800] "GET /content/nav/relationSubject.jsp?relationWords=%E4%BA%94%E5%8A%A0%E7%A7%91+%E5%85%AB%E8%A7%92%E9%87%91%E7%9B%A4+%E5%85%AB%E8%A7%92%E9%87%91%E7%9B%A4%E5%B1%AC+%E5%8F%B0%E7%81%A3%E5%85%AB%E8%A7%92%E9%87%91+%E6%A4%8D%E7%89%A9%E7%95%8C+&oid=1105413 HTTP/1.1" 200 3441
66.249.71.60 - - [28/Dec/2015:08:54:28 +0800] "GET /content/nav/relationSubject.jsp?relationWords=%E4%BA%94%E5%8A%A0%E7%A7%91%20%E5%85%AB%E8%A7%92%E9%87%91%E7%9B%A4%20%E5%85%AB%E8%A7%92%E9%87%91%E7%9B%A4%E5%B1%AC%20%E5%8F%B0%E7%81%A3%E5%85%AB%E8%A7%92%E9%87%91%20%E6%A4%8D%E7%89%A9%E7%95%8C%20&oid=1105413 HTTP/1.1" 200 3441
183.79.222.148 - - [28/Dec/2015:08:54:30 +0800] "GET /content/tmp_auth/resource_content.jsp?oid=16777758 HTTP/1.0" 200 25281
66.249.71.5 - - [28/Dec/2015:08:55:16 +0800] "GET /digiarch3/content/repository/resource_content.jsp?oid=16411&queryString=%E4%BA%94%E7%9C%BC%E6%96%91%20%E5%8D%8A%E9%82%8A%E9%AD%9A%20%E6%89%81%E9%AD%9A%20%E6%AF%94%E7%9B%AE%E9%AD%9A%20%E7%9A%87%E5%B8%9D%E9%AD%9A HTTP/1.1" 200 35531
66.249.77.97 - - [28/Dec/2015:08:55:40 +0800] "GET /content/subject/resource_content.jsp?oid=16777714&queryType=qs&queryString=%E6%97%A5%E6%93%9A%E6%99%82%E6%9C%9F HTTP/1.1" 200 42368
66.249.71.5 - - [28/Dec/2015:08:55:46 +0800] "GET /digiarch3/content/repository/resource_content.jsp?oid=4353779&queryString=%E9%BB%91%E8%99%8E HTTP/1.1" 200 34177
123.125.71.31 - - [28/Dec/2015:08:56:17 +0800] "GET /content/subject/resource_content.jsp?oid=16777600&queryType=qc HTTP/1.1" 200 50315
66.249.71.60 - - [28/Dec/2015:08:56:18 +0800] "GET /content/nav/relationSubject.jsp?relationWords=%E5%8F%83%E8%AD%B0%E6%9C%83+%E7%89%A9%E5%83%B9%E6%8C%87%E6%95%B8+%E7%9C%81%E6%94%BF%E5%BA%9C+%E8%87%BA%E7%81%A3%E7%9C%81+%E8%87%BA%E7%81%A3%E7%9C%81%E5%8F%83%E8%AD%B0%E6%9C%83+%E8%87%BA%E7%81%A3%E9%9B%BB%E5%8A%9B%E5%85%AC%E5%8F%B8+%E8%A8%B1%E9%80%B2%E6%B7%BB+&oid=1516292 HTTP/1.1" 200 4862
66.249.71.72 - - [28/Dec/2015:08:56:22 +0800] "GET /content/nav/relationSubject.jsp?relationWords=%E5%8F%83%E8%AD%B0%E6%9C%83%20%E7%89%A9%E5%83%B9%E6%8C%87%E6%95%B8%20%E7%9C%81%E6%94%BF%E5%BA%9C%20%E8%87%BA%E7%81%A3%E7%9C%81%20%E8%87%BA%E7%81%A3%E7%9C%81%E5%8F%83%E8%AD%B0%E6%9C%83%20%E8%87%BA%E7%81%A3%E9%9B%BB%E5%8A%9B%E5%85%AC%E5%8F%B8%20%E8%A8%B1%E9%80%B2%E6%B7%BB%20&oid=1516292 HTTP/1.1" 200 4862
66.249.71.14 - - [28/Dec/2015:08:56:47 +0800] "GET /digiarch3/content/repository/resource_content.jsp?oid=1534828&queryType=qs&queryString=%E8%87%BA%E7%81%A3%E6%95%99%E8%82%B2 HTTP/1.1" 200 32495
66.249.71.60 - - [28/Dec/2015:08:57:02 +0800] "GET /content/nav/relationSubject.jsp?relationWords=&oid=1776623 HTTP/1.1" 200 1405
66.249.71.60 - - [28/Dec/2015:08:57:08 +0800] "GET /content/nav/relationSubject.jsp?relationWords=%E6%A4%8D%E7%89%A9%E7%95%8C%20%E6%AE%BC%E6%96%97%E7%A7%91%20%E7%9F%B3%E6%AB%9F%20%E7%9F%B3%E6%AB%9F%E5%B1%AC%20%E8%87%BA%E7%81%A3%E7%9F%B3%20&oid=1458441 HTTP/1.1" 200 3511
163.20.242.131 - - [28/Dec/2015:08:57:33 +0800] "GET /content/nav/relationSubject.jsp?relationWords=%E9%9D%92%E6%A5%93+&oid=16777274 HTTP/1.1" 200 3565
66.249.71.23 - - [28/Dec/2015:08:58:48 +0800] "GET /digiarch3/content/repository/resource_content.jsp?oid=1556830&queryType=qs&queryString=%E6%B0%91%E6%97%8F%E8%8B%B1%E9%9B%84 HTTP/1.1" 200 29840
66.249.74.76 - - [28/Dec/2015:08:58:51 +0800] "GET /digiarch3/content/nav/relationSubject.jsp?relationWords=%E5%8D%8A%E9%82%8A%E9%AD%9A+%E6%89%81%E9%AD%9A+%E6%AF%94%E7%9B%AE%E9%AD%9A+%E7%9A%87%E5%B8%9D%E9%AD%9A+&oid=16411 HTTP/1.1" 200 3610
66.249.71.60 - - [28/Dec/2015:08:58:52 +0800] "GET /content/nav/relationSubject.jsp?relationWords=%E8%B1%AC%E7%89%99%E5%B5%8C%E7%89%87+&oid=1865535 HTTP/1.1" 200 3017
66.249.71.60 - - [28/Dec/2015:08:58:54 +0800] "GET /content/nav/relationSubject.jsp?relationWords=%E8%B1%AC%E7%89%99%E5%B5%8C%E7%89%87%20&oid=1865535 HTTP/1.1" 200 3017
66.249.71.5 - - [28/Dec/2015:08:58:55 +0800] "GET /digiarch3/content/nav/relationSubject.jsp?relationWords=%E5%8D%8A%E9%82%8A%E9%AD%9A%20%E6%89%81%E9%AD%9A%20%E6%AF%94%E7%9B%AE%E9%AD%9A%20%E7%9A%87%E5%B8%9D%E9%AD%9A%20&oid=16411 HTTP/1.1" 200 3610
66.249.71.60 - - [28/Dec/2015:08:59:02 +0800] "GET /content/nav/relationSubject.jsp?relationWords=%E4%BA%8C%E4%BA%8C%E5%85%AB+%E5%85%A7%E5%9F%94%E9%84%89+%E6%9F%8F%E6%B2%B9%E8%B7%AF%E9%9D%A2+%E7%9C%81%E6%94%BF%E5%BA%9C+&oid=1631215 HTTP/1.1" 200 4622
66.249.71.60 - - [28/Dec/2015:08:59:05 +0800] "GET /content/nav/relationSubject.jsp?relationWords=%E4%BA%8C%E4%BA%8C%E5%85%AB%20%E5%85%A7%E5%9F%94%E9%84%89%20%E6%9F%8F%E6%B2%B9%E8%B7%AF%E9%9D%A2%20%E7%9C%81%E6%94%BF%E5%BA%9C%20&oid=1631215 HTTP/1.1" 200 4622
27.245.71.96 - - [28/Dec/2015:08:59:14 +0800] "GET /content/repository/resource_content.jsp?oid=14829&queryString=%E5%8F%B0%E7%81%A3%E7%89%B9%E6%9C%89%E7%A8%AE%20%E6%A3%98%E8%A3%B8%E7%B5%A8%E9%AE%8B%20%E7%9F%B3%E7%8B%97%E5%85%AC%20%E7%9F%B3%E9%A0%AD%E9%AD%9A HTTP/1.1" 200 34959
27.245.71.96 - - [28/Dec/2015:08:59:15 +0800] "GET /content/nav/relationSubject.jsp?relationWords=%E7%9F%B3%E7%8B%97%E5%85%AC+%E7%9F%B3%E9%A0%AD%E9%AD%9A+%E7%B4%85%E8%99%8E+%E7%B4%85%E9%BB%91%E5%96%89+%E8%99%8E%E9%AD%9A+&oid=14829 HTTP/1.1" 200 3505
66.249.71.155 - - [28/Dec/2015:08:59:49 +0800] "GET /content/repository/resource_content.jsp?oid=3205270&queryType=qs&queryString=%E5%90%B3%E9%83%A1 HTTP/1.1" 200 29202
66.249.71.60 - - [28/Dec/2015:09:00:09 +0800] "GET /content/nav/relationSubject.jsp?relationWords=%E6%B5%81%E8%BD%89%E5%B9%B4%E8%8F%AF+&oid=16777628 HTTP/1.1" 200 3182
66.249.71.60 - - [28/Dec/2015:09:00:12 +0800] "GET /content/nav/relationSubject.jsp?relationWords=%E6%B5%81%E8%BD%89%E5%B9%B4%E8%8F%AF%20&oid=16777628 HTTP/1.1" 200 3182
66.249.71.72 - - [28/Dec/2015:09:00:33 +0800] "GET /content/repository/resource_content.jsp?oid=1608819 HTTP/1.1" 200 28324
163.19.69.175 - - [28/Dec/2015:09:00:43 +0800] "GET /content/subject/resource_content.jsp?oid=16777485&queryType=qc HTTP/1.1" 200 39423
163.19.69.175 - - [28/Dec/2015:09:00:44 +0800] "GET /content/nav/relationSubject.jsp?relationWords=%E8%96%9C%E8%8D%94+&oid=16777485 HTTP/1.1" 200 3561
183.79.222.148 - - [28/Dec/2015:09:00:48 +0800] "GET /content/subject/resource_content.jsp?oid=16777841&queryType=qc> HTTP/1.0" 200 27503
66.249.77.91 - - [28/Dec/2015:09:00:50 +0800] "GET /content/repository/resource_content.jsp?oid=1774618&queryString=%E5%88%BA%E6%A1%90%20%E7%8F%8A%E7%91%9A%E5%88%BA%E6%A1%90 HTTP/1.1" 200 30568
66.249.71.64 - - [28/Dec/2015:09:01:20 +0800] "GET /digiarch_en/content/repository/resource_content.jsp?oid=4354371&queryString=%E7%AE%AD%E9%BD%92%E5%89%8D%E8%82%9B%E9%B0%BB HTTP/1.1" 200 23990
66.249.71.72 - - [28/Dec/2015:09:01:50 +0800] "GET /content/repository/resource_content.jsp?oid=1632225 HTTP/1.1" 200 28727
66.249.71.60 - - [28/Dec/2015:09:02:20 +0800] "GET /content/nav/relationSubject.jsp?relationWords=%E6%A4%8D%E7%89%A9%E7%95%8C+%E8%A0%B6%E8%B1%86+%E9%87%91%E9%BE%9C+%E9%87%91%E9%BE%9C%E6%A8%B9%E5%B1%AC+%E9%9B%99%E5%AD%90%E8%91%89+%E9%9B%99%E5%AD%90%E8%91%89%E6%A4%8D%E7%89%A9+%E9%A0%B7%E5%9E%82%E8%B1%86+&oid=2149781 HTTP/1.1" 200 3469
66.249.71.72 - - [28/Dec/2015:09:02:24 +0800] "GET /content/nav/relationSubject.jsp?relationWords=%E6%A4%8D%E7%89%A9%E7%95%8C%20%E8%A0%B6%E8%B1%86%20%E9%87%91%E9%BE%9C%20%E9%87%91%E9%BE%9C%E6%A8%B9%E5%B1%AC%20%E9%9B%99%E5%AD%90%E8%91%89%20%E9%9B%99%E5%AD%90%E8%91%89%E6%A4%8D%E7%89%A9%20%E9%A0%B7%E5%9E%82%E8%B1%86%20&oid=2149781 HTTP/1.1" 200 3469
66.249.71.60 - - [28/Dec/2015:09:02:38 +0800] "GET /content/nav/relationSubject.jsp?relationWords=%E5%A4%9A%E6%A8%A3%E6%80%A7%20&oid=16777489 HTTP/1.1" 200 4289
66.249.71.60 - - [28/Dec/2015:09:03:00 +0800] "GET /content/repository/resource_content.jsp?oid=4353433&queryString=%E6%9D%BF%E6%A9%9F%E9%AD%A8%20%E7%B4%85%E7%89%99%20%E7%B4%85%E7%89%99%E9%B1%97%E9%AD%A8%20%E9%B1%97%E9%AD%A8%E7%A7%91 HTTP/1.1" 200 35817
66.249.71.60 - - [28/Dec/2015:09:03:02 +0800] "GET /content/nav/relationSubject.jsp?relationWords=&oid=2560119 HTTP/1.1" 200 1405
66.249.71.60 - - [28/Dec/2015:09:03:21 +0800] "GET /content/repository/resource_content.jsp?oid=2626281 HTTP/1.1" 200 29430
66.249.71.113 - - [28/Dec/2015:09:03:52 +0800] "GET /content/tmp_exh/resource_content.jsp?oid=16777826&queryString= HTTP/1.1" 200 30907
66.249.71.64 - - [28/Dec/2015:09:04:18 +0800] "GET /content/nav/relationSubject.jsp?relationWords=&oid=1608819 HTTP/1.1" 200 1405
66.249.77.91 - - [28/Dec/2015:09:04:22 +0800] "GET /content/nav/relationSubject.jsp?relationWords=%E5%8E%9A%E5%94%87%E7%9F%B3%E9%B1%B8%20&oid=33554817 HTTP/1.1" 200 3260
66.249.71.60 - - [28/Dec/2015:09:04:52 +0800] "GET /content/repository/resource_content.jsp?oid=1897930 HTTP/1.1" 200 28879
157.55.39.135 - - [28/Dec/2015:09:04:53 +0800] "GET /digiarch_en/content/repository/resource_content.jsp?oid=4352490&queryString=%E6%9B%B3%E7%B5%B2%20%E6%9B%B3%E7%B5%B2%E9%B0%8F HTTP/1.1" 200 26653
66.249.71.72 - - [28/Dec/2015:09:05:27 +0800] "GET /content/repository/resource_content.jsp?oid=1104006&queryString=%E6%A4%8D%E7%89%A9%E7%95%8C%20%E7%A9%BF%E5%B1%B1%E9%BE%8D%20%E7%A9%BF%E5%B1%B1%E9%BE%8D%E5%B1%AC%20%E8%8F%AB%E8%8F%9C%20%E8%91%AB%E8%98%86%E7%A7%91 HTTP/1.1" 200 31634
66.249.71.72 - - [28/Dec/2015:09:05:55 +0800] "GET /content/repository/resource_content.jsp?oid=1113960 HTTP/1.1" 200 31129
66.249.71.173 - - [28/Dec/2015:09:06:16 +0800] "GET /content/nav/relationSubject.jsp?relationWords=%E5%A5%89%E6%86%B2+&oid=577156 HTTP/1.1" 200 3154
66.249.71.64 - - [28/Dec/2015:09:06:17 +0800] "GET /content/nav/relationSubject.jsp?relationWords=%E5%85%B8%E7%B0%BF+%E5%85%B8%E7%B0%BF%E5%BB%B3+%E6%B3%A8%E5%AE%98+%E7%BF%B0%E6%9E%97%E9%99%A2+%E8%B5%B7%E5%B1%85%E6%B3%A8+&oid=2674605 HTTP/1.1" 200 3251
66.249.71.155 - - [28/Dec/2015:09:06:18 +0800] "GET /content/nav/relationSubject.jsp?relationWords=%E5%A5%89%E6%86%B2%20&oid=577156 HTTP/1.1" 200 3154
66.249.71.60 - - [28/Dec/2015:09:06:19 +0800] "GET /content/nav/relationSubject.jsp?relationWords=%E5%85%B8%E7%B0%BF%20%E5%85%B8%E7%B0%BF%E5%BB%B3%20%E6%B3%A8%E5%AE%98%20%E7%BF%B0%E6%9E%97%E9%99%A2%20%E8%B5%B7%E5%B1%85%E6%B3%A8%20&oid=2674605 HTTP/1.1" 200 3251
118.165.2.207 - - [28/Dec/2015:09:06:22 +0800] "GET /content/repository/resource_content.jsp?oid=4363103&queryType=qs&queryString=%E6%96%B0%E6%B8%AF%E5%A5%89%E5%A4%A9%E5%AE%AE HTTP/1.1" 200 28321
66.249.71.113 - - [28/Dec/2015:09:06:23 +0800] "GET /content/repository/resource_content.jsp?oid=523437&queryString=%E7%B4%85%E7%BF%81%E6%88%8E%E8%9E%BA%20%E7%BF%81%E6%88%8E%E8%9E%BA%20%E8%85%B9%E8%B6%B3%E7%B6%B1 HTTP/1.1" 200 29687
118.165.2.207 - - [28/Dec/2015:09:06:27 +0800] "GET /content/nav/relationSubject.jsp?relationWords=%E5%A4%A9%E4%B8%8A%E8%81%96%E6%AF%8D+%E5%B9%B3%E5%AE%89%E7%AC%A6+%E6%96%B0%E6%B8%AF%E5%A5%89%E5%A4%A9%E5%AE%AE+&oid=4363103 HTTP/1.1" 200 3210
66.249.71.105 - - [28/Dec/2015:09:06:54 +0800] "GET /content/repository/resource_content.jsp?oid=2649329&queryType=qs&queryString=%E9%95%B7%E5%B1%B1%E7%B8%A3 HTTP/1.1" 200 30060
66.249.77.85 - - [28/Dec/2015:09:07:53 +0800] "GET /content/repository/resource_content.jsp?oid=4469178&queryString=%E6%98%86%E8%9F%B2%20%E7%A7%91%E5%8D%9A%E9%A4%A8 HTTP/1.1" 200 29020
66.249.77.91 - - [28/Dec/2015:09:07:54 +0800] "GET /content/subject/resource_content.jsp?oid=16777413&queryString=%E6%B5%B7%E6%AA%AC%E6%9E%9C HTTP/1.1" 200 33346
66.249.71.60 - - [28/Dec/2015:09:08:25 +0800] "GET /content/repository/resource_content.jsp?oid=1109572&queryString=API%20%E5%89%8D%E8%83%A1%E5%B1%AC%20%E5%8F%B0%E7%81%A3%E5%89%8D%E8%83%A1%20%E6%A4%8D%E7%89%A9%E7%95%8C%20%E7%B9%96%E5%BD%A2%E7%A7%91%20%E9%9B%99%E5%AD%90%E8%91%89%E6%A4%8D%E7%89%A9 HTTP/1.1" 200 31454
66.249.71.60 - - [28/Dec/2015:09:08:57 +0800] "GET /content/nav/relationSubject.jsp?relationWords=%E5%90%8C%E6%A5%AD%E5%85%AC%E6%9C%83+%E5%A8%9B%E6%A8%82%E7%A8%85+%E6%87%87%E8%BD%89+%E6%88%B2%E9%99%A2+%E7%9C%81%E6%94%BF%E5%BA%9C+%E7%A8%85%E6%8D%90+%E7%A8%85%E6%8D%90%E7%A8%BD%E5%BE%B5+%E7%A8%85%E6%94%B6+%E8%87%BA%E7%81%A3%E7%9C%81+%E9%99%B3%E7%81%AB+%E9%99%B3%E7%81%AB%E5%9C%9F+&oid=1897223 HTTP/1.1" 200 4912
66.249.71.60 - - [28/Dec/2015:09:09:01 +0800] "GET /content/nav/relationSubject.jsp?relationWords=%E5%90%8C%E6%A5%AD%E5%85%AC%E6%9C%83%20%E5%A8%9B%E6%A8%82%E7%A8%85%20%E6%87%87%E8%BD%89%20%E6%88%B2%E9%99%A2%20%E7%9C%81%E6%94%BF%E5%BA%9C%20%E7%A8%85%E6%8D%90%20%E7%A8%85%E6%8D%90%E7%A8%BD%E5%BE%B5%20%E7%A8%85%E6%94%B6%20%E8%87%BA%E7%81%A3%E7%9C%81%20%E9%99%B3%E7%81%AB%20%E9%99%B3%E7%81%AB%E5%9C%9F%20&oid=1897223 HTTP/1.1" 200 4912
182.118.20.227 - - [28/Dec/2015:09:09:23 +0800] "GET /content/subject/resource_content.jsp?oid=16777561&queryType=qc HTTP/1.1" 200 40966
66.249.71.60 - - [28/Dec/2015:09:09:26 +0800] "GET /content/repository/resource_content.jsp?oid=784693 HTTP/1.1" 200 28032
66.249.74.102 - - [28/Dec/2015:09:09:30 +0800] "GET /content/nav/relationSubject.jsp?relationWords=%E5%A4%94%E9%BE%8D%E7%B4%8B+%E8%BB%8A%E9%A6%AC%E5%99%A8+%E9%BE%8D%E7%B4%8B+&oid=1844877 HTTP/1.1" 200 3310
66.249.74.98 - - [28/Dec/2015:09:09:32 +0800] "GET /content/nav/relationSubject.jsp?relationWords=%E5%A4%94%E9%BE%8D%E7%B4%8B%20%E8%BB%8A%E9%A6%AC%E5%99%A8%20%E9%BE%8D%E7%B4%8B%20&oid=1844877 HTTP/1.1" 200 3310
188.143.232.21 - - [28/Dec/2015:09:09:33 +0800] "GET /content/repository/resource_content.jsp?oid=15133&queryType=qs&queryString=%E5%A4%A9%E7%AB%BA%E9%AF%9B%E7%A7%91 HTTP/1.1" 200 33903
188.143.232.21 - - [28/Dec/2015:09:09:51 +0800] "GET /content/repository/resource_content.jsp?oid=15141&queryType=qs&queryString=%E4%BA%BA%E5%B7%A5%E7%B9%81%E6%AE%96 HTTP/1.1" 200 33657
66.249.71.5 - - [28/Dec/2015:09:09:56 +0800] "GET /digiarch3/content/subject/resource_content.jsp?oid=16777660&queryType=qs&queryString=%E7%9A%87%E6%B0%91%E5%A5%89%E5%85%AC%E6%9C%83 HTTP/1.1" 200 70758
66.249.77.85 - - [28/Dec/2015:09:10:11 +0800] "GET /content/nav/relationSubject.jsp?relationWords=%E5%9B%9B%E9%BD%92%E4%BB%94+%E5%AF%92%E9%AF%9B+%E8%A5%BF%E9%BD%92+%E9%82%B5%E6%B0%8F%E5%AF%92%E9%AF%9B+%E9%82%B5%E6%B0%8F%E8%B1%AC%E9%BD%92%E9%AD%9A+%E9%9A%86%E9%A0%AD%E9%AD%9A%E7%A7%91+%E9%9D%92%E5%A8%81+%E9%9D%92%E8%A1%A3+%E9%BB%91%E6%96%91%E8%B1%AC%E9%BD%92%E9%AD%9A+&oid=4352916 HTTP/1.1" 200 3863
