207.46.13.142 - - [13/Dec/2015:05:04:43 +0800] "GET /content/subject/resource_content.jsp?oid=16777356&queryType=qc HTTP/1.1" 200 32619
66.249.71.105 - - [13/Dec/2015:05:04:44 +0800] "GET /content/nav/relationSubject.jsp?relationWords=%E5%8F%83%E8%AD%B0%E6%9C%83%20%E6%96%97%E5%85%AD%E9%8E%AE%20%E8%87%BA%E7%81%A3%E7%9C%81%20%E8%87%BA%E7%81%A3%E7%9C%81%E5%8F%83%E8%AD%B0%E6%9C%83%20%E8%AC%9D%E5%A0%A1%E4%B8%81%20%E9%99%B3%E6%B5%B7%E6%B0%B8%20&oid=1516002 HTTP/1.1" 200 4638
50.179.161.212 - - [13/Dec/2015:05:05:24 +0800] "GET /digiarch3/content/subject/resource_content.jsp?oid=16777485&queryType=qc HTTP/1.1" 200 39414
50.179.161.212 - - [13/Dec/2015:05:05:27 +0800] "GET /digiarch3/content/nav/relationSubject.jsp?relationWords=%E8%96%9C%E8%8D%94+&oid=16777485 HTTP/1.1" 200 3561
68.180.228.24 - - [13/Dec/2015:05:05:27 +0800] "GET /content/subject/resource_content.jsp?oid=16777337&queryType=qc HTTP/1.1" 200 28272
66.249.71.72 - - [13/Dec/2015:05:05:28 +0800] "GET /content/repository/resource_content.jsp?oid=1520017 HTTP/1.1" 200 28702
157.55.39.114 - - [13/Dec/2015:05:06:44 +0800] "GET /content/subject/resource_content.jsp?oid=16777788&queryType=qc HTTP/1.1" 200 42882
68.180.228.24 - - [13/Dec/2015:05:06:52 +0800] "GET /content/subject/resource_content.jsp?oid=16777753 HTTP/1.1" 200 36817
66.249.71.121 - - [13/Dec/2015:05:07:01 +0800] "GET /content/repository/resource_content.jsp?oid=1893703&queryType=qs&queryString=%E9%84%AD%E9%87%91%E9%88%B4 HTTP/1.1" 200 29061
66.249.71.72 - - [13/Dec/2015:05:07:47 +0800] "GET /content/repository/resource_content.jsp?oid=1105675&queryString=%E6%A4%8D%E7%89%A9%E7%95%8C%20%E8%BB%8A%E5%89%8D%E5%B1%AC%20%E9%95%B7%E8%91%89%E8%BB%8A%E5%89%8D%E8%8D%89 HTTP/1.1" 200 31497
68.180.228.24 - - [13/Dec/2015:05:07:54 +0800] "GET /content/repository/resource_content.jsp?oid=2145245 HTTP/1.1" 200 31094
66.249.71.60 - - [13/Dec/2015:05:08:34 +0800] "GET /content/repository/resource_content.jsp?oid=1457092 HTTP/1.1" 200 30894
66.249.77.97 - - [13/Dec/2015:05:09:20 +0800] "GET /content/subject/resource_content.jsp?oid=16777831&queryType=qs&queryString=%E6%BC%94%E5%8C%96 HTTP/1.1" 200 38394
66.249.74.98 - - [13/Dec/2015:05:10:07 +0800] "GET /content/repository/resource_content.jsp?oid=2149778&queryString=%E5%8F%B0%E7%81%A3%E8%8B%A6%E6%AB%A7%20%E5%8F%B0%E7%81%A3%E9%8C%90%E6%A0%97%20%E6%A0%B2%E5%B1%AC%20%E6%A4%8D%E7%89%A9%E7%95%8C%20%E6%AE%BC%E6%96%97%E7%A7%91 HTTP/1.1" 200 31406
66.249.71.64 - - [13/Dec/2015:05:10:53 +0800] "GET /content/repository/resource_content.jsp?oid=1108245&queryString=%E6%A4%8D%E7%89%A9%E7%95%8C%20%E7%BF%BC%E8%8E%96%E9%97%8A%E8%8B%9E%E8%8F%8A%20%E8%8F%8A%E7%A7%91%20%E9%97%8A%E8%8B%9E%E8%8F%8A%E5%B1%AC%20%E9%9B%99%E5%AD%90%E8%91%89%E6%A4%8D%E7%89%A9 HTTP/1.1" 200 31420
66.249.71.60 - - [13/Dec/2015:05:11:47 +0800] "GET /content/nav/relationSubject.jsp?relationWords=%E6%B2%B9%E9%BB%9E%E8%8D%89+%E6%B2%B9%E9%BB%9E%E8%8D%89%E5%B1%AC+&oid=1107562 HTTP/1.1" 200 3247
66.249.71.60 - - [13/Dec/2015:05:11:49 +0800] "GET /content/nav/relationSubject.jsp?relationWords=%E6%B2%B9%E9%BB%9E%E8%8D%89%20%E6%B2%B9%E9%BB%9E%E8%8D%89%E5%B1%AC%20&oid=1107562 HTTP/1.1" 200 3247
66.249.71.60 - - [13/Dec/2015:05:12:23 +0800] "GET /content/nav/relationSubject.jsp?relationWords=&oid=2562331 HTTP/1.1" 200 1405
66.249.71.72 - - [13/Dec/2015:05:12:25 +0800] "GET /content/repository/resource_content.jsp?oid=1461806 HTTP/1.1" 200 31419
220.181.108.140 - - [13/Dec/2015:05:12:26 +0800] "GET /content/subject/resource_content.jsp?oid=16777627&queryType=qc HTTP/1.1" 200 27248
66.249.71.72 - - [13/Dec/2015:05:12:55 +0800] "GET /content/nav/relationSubject.jsp?relationWords=%E6%A4%8D%E7%89%A9%E7%95%8C+%E7%B2%89%E8%9D%B6+%E7%B2%89%E8%9D%B6%E8%98%AD+%E7%B2%89%E8%9D%B6%E8%98%AD%E5%B1%AC+%E8%98%AD%E5%B1%AC+%E9%95%B7%E8%B7%9D%E7%B2%89%E8%9D%B6%E8%98%AD+&oid=3811113 HTTP/1.1" 200 3401
66.249.71.60 - - [13/Dec/2015:05:12:56 +0800] "GET /content/nav/relationSubject.jsp?relationWords=%E6%A4%8D%E7%89%A9%E7%95%8C%20%E7%B2%89%E8%9D%B6%20%E7%B2%89%E8%9D%B6%E8%98%AD%20%E7%B2%89%E8%9D%B6%E8%98%AD%E5%B1%AC%20%E8%98%AD%E5%B1%AC%20%E9%95%B7%E8%B7%9D%E7%B2%89%E8%9D%B6%E8%98%AD%20&oid=3811113 HTTP/1.1" 200 3401
66.249.71.72 - - [13/Dec/2015:05:13:12 +0800] "GET /content/repository/resource_content.jsp?oid=1834304 HTTP/1.1" 200 28877
66.249.71.60 - - [13/Dec/2015:05:13:19 +0800] "GET /content/nav/relationSubject.jsp?relationWords=%E8%B1%90%E5%8E%9F%E5%B8%82+&oid=1592590 HTTP/1.1" 200 4150
66.249.71.60 - - [13/Dec/2015:05:13:20 +0800] "GET /content/nav/relationSubject.jsp?relationWords=%E8%B1%90%E5%8E%9F%E5%B8%82%20&oid=1592590 HTTP/1.1" 200 4150
66.249.71.60 - - [13/Dec/2015:05:13:25 +0800] "GET /content/nav/relationSubject.jsp?relationWords=%E5%A4%A7%E6%98%A5+%E5%BB%B6%E9%97%93+%E5%BC%B5%E5%A4%A7%E6%98%A5+%E8%AD%9A%E5%BB%B6%E9%97%93+&oid=16777573 HTTP/1.1" 200 4743
66.249.71.60 - - [13/Dec/2015:05:13:27 +0800] "GET /content/nav/relationSubject.jsp?relationWords=%E5%A4%A7%E6%98%A5%20%E5%BB%B6%E9%97%93%20%E5%BC%B5%E5%A4%A7%E6%98%A5%20%E8%AD%9A%E5%BB%B6%E9%97%93%20&oid=16777573 HTTP/1.1" 200 4743
66.249.71.72 - - [13/Dec/2015:05:13:58 +0800] "GET /content/repository/resource_content.jsp?oid=3357140&queryString=%E5%8F%B2%E9%A0%8C%E5%8C%9C HTTP/1.1" 200 29213
66.249.71.121 - - [13/Dec/2015:05:14:45 +0800] "GET /content/repository/resource_content.jsp?oid=206543&queryType=qs&queryString=%E7%83%8F%E6%BA%AA HTTP/1.1" 200 30563
66.249.71.72 - - [13/Dec/2015:05:15:16 +0800] "GET /content/repository/resource_content.jsp?oid=14163&queryString=%E9%9B%B7%E9%AD%9A%20%E9%9B%BB%E9%AD%B4%20%E9%9B%BB%E9%B0%A9 HTTP/1.1" 200 31596
157.55.39.50 - - [13/Dec/2015:05:15:42 +0800] "GET /content/subject/resource_content.jsp?oid=16777742 HTTP/1.1" 200 39037
157.55.39.50 - - [13/Dec/2015:05:15:43 +0800] "GET /content/subject/resource_content.jsp?oid=16777431 HTTP/1.1" 200 36770
157.55.39.50 - - [13/Dec/2015:05:15:44 +0800] "GET /content/subject/resource_content.jsp?oid=16797240 HTTP/1.1" 200 42460
66.249.77.85 - - [13/Dec/2015:05:16:17 +0800] "GET /content/repository/resource_content.jsp?oid=1173993&queryType=qs&queryString=%E7%A5%AD%E7%A5%9E HTTP/1.1" 200 31432
157.55.39.51 - - [13/Dec/2015:05:16:33 +0800] "GET /content/tmp_tec/resource_content.jsp?oid=16777734 HTTP/1.1" 200 36957
207.46.13.86 - - [13/Dec/2015:05:17:13 +0800] "GET /content/repository/resource_content.jsp?oid=225018 HTTP/1.1" 200 30074
123.125.71.73 - - [13/Dec/2015:05:17:27 +0800] "GET /content/subject/resource_content.jsp?oid=16777507&queryType=qc HTTP/1.1" 200 49391
66.249.77.85 - - [13/Dec/2015:05:17:50 +0800] "GET /content/repository/resource_content.jsp?oid=14411&queryString=%E5%8F%B0%E7%81%A3%E9%8F%9F%E9%A0%9C%E9%AD%9A%20%E7%94%B2%E9%AD%9A%20%E7%99%BD%E7%94%B2%20%E9%AF%89%E7%A7%91%20%E9%BD%8A%E9%A0%AD%E5%81%8E HTTP/1.1" 200 35735
66.249.71.72 - - [13/Dec/2015:05:18:10 +0800] "GET /content/nav/relationSubject.jsp?relationWords=%E5%A4%AA%E9%99%BD%E9%BA%BB%20%E6%A4%8D%E7%89%A9%E7%95%8C%20%E8%A0%B6%E8%B1%86%20%E9%87%8E%E7%99%BE%E5%90%88%E5%B1%AC%20%E9%9B%99%E5%AD%90%E8%91%89%E6%A4%8D%E7%89%A9%20&oid=2147744 HTTP/1.1" 200 3380
207.46.13.86 - - [13/Dec/2015:05:18:13 +0800] "GET /content/repository/resource_content.jsp?oid=1457350 HTTP/1.1" 200 30928
66.249.71.72 - - [13/Dec/2015:05:18:36 +0800] "GET /digiarch_en/content/repository/resource_content.jsp?oid=15867&queryString=%E6%B2%99%E9%B1%B8%20%E6%B5%B7%E7%8B%97%E7%94%98%E4%BB%94%20%E7%8B%97%E6%AF%8D%20%E7%8B%97%E7%94%98%E4%BB%94%20%E8%88%89%E7%9B%AE%E9%AD%9A%20%E8%8A%B1%E7%8B%97%E6%AF%8D%20%E8%8A%B1%E7%8B%97%E6%AF%8D%E6%B5%B7%20%E9%9B%A8%E5%82%98%E9%96%82 HTTP/1.1" 200 25710
207.46.13.86 - - [13/Dec/2015:05:18:55 +0800] "GET /content/repository/resource_content.jsp?oid=1457221 HTTP/1.1" 200 31057
207.46.13.86 - - [13/Dec/2015:05:19:14 +0800] "GET /content/repository/resource_content.jsp?oid=1457080 HTTP/1.1" 200 30132
66.249.71.14 - - [13/Dec/2015:05:19:23 +0800] "GET /digiarch3/content/repository/resource_content.jsp?oid=1579369&queryString=%E4%B9%9D%E5%B9%B4%E5%9C%8B%E6%B0%91%E6%95%99%E8%82%B2%20%E4%BD%95%E5%AF%B6%E7%8F%8D%20%E8%94%A1%E5%BB%BA%E7%94%9F%20%E8%A1%8C%E4%BA%8B%E6%9B%86%20%E8%B3%AA%E8%A9%A2 HTTP/1.1" 200 30865
157.55.39.114 - - [13/Dec/2015:05:19:33 +0800] "GET /content/repository/resource_content.jsp?oid=1105675&queryString=%E6%A4%8D%E7%89%A9%E7%95%8C%20%E8%BB%8A%E5%89%8D%E5%B1%AC%20%E9%95%B7%E8%91%89%E8%BB%8A%E5%89%8D%E8%8D%89 HTTP/1.1" 200 31497
66.249.71.72 - - [13/Dec/2015:05:19:35 +0800] "GET /content/nav/relationSubject.jsp?relationWords=&oid=2587382 HTTP/1.1" 200 1405
68.180.228.24 - - [13/Dec/2015:05:19:49 +0800] "GET /digiarch_en/content/pictures/picture_content.jsp?oid=33554782&queryType=qc HTTP/1.1" 200 21956
207.46.13.142 - - [13/Dec/2015:05:20:11 +0800] "GET /content/tmp_auth/resource_content.jsp?oid=16777810 HTTP/1.1" 200 40602
66.249.77.91 - - [13/Dec/2015:05:20:48 +0800] "GET /content/nav/relationSubject.jsp?relationWords=%E4%BF%9D%E8%AD%89%E4%BA%BA+%E6%98%8E%E4%BF%A1%E7%89%87+%E6%9D%9C%E9%A6%99+%E6%9D%9C%E9%A6%99%E5%9C%8B+%E9%87%91%E6%BB%BF+&oid=1887310 HTTP/1.1" 200 3277
66.249.77.85 - - [13/Dec/2015:05:20:51 +0800] "GET /content/nav/relationSubject.jsp?relationWords=%E4%BF%9D%E8%AD%89%E4%BA%BA%20%E6%98%8E%E4%BF%A1%E7%89%87%20%E6%9D%9C%E9%A6%99%20%E6%9D%9C%E9%A6%99%E5%9C%8B%20%E9%87%91%E6%BB%BF%20&oid=1887310 HTTP/1.1" 200 3277
66.249.71.121 - - [13/Dec/2015:05:20:56 +0800] "GET /content/repository/resource_content.jsp?oid=4447189&queryType=qs&queryString=%E7%86%B1%E5%B8%B6%E6%A4%8D%E7%89%A9 HTTP/1.1" 200 28693
66.249.71.64 - - [13/Dec/2015:05:21:09 +0800] "GET /content/nav/relationSubject.jsp?relationWords=%E5%A4%A7%E5%9F%8E%E7%B8%A3+%E6%A9%AB%E5%A0%A4+&oid=2645176 HTTP/1.1" 200 3405
66.249.71.60 - - [13/Dec/2015:05:21:11 +0800] "GET /content/nav/relationSubject.jsp?relationWords=%E5%A4%A7%E5%9F%8E%E7%B8%A3%20%E6%A9%AB%E5%A0%A4%20&oid=2645176 HTTP/1.1" 200 3405
66.249.71.64 - - [13/Dec/2015:05:21:42 +0800] "GET /content/repository/resource_content.jsp?oid=1523768&queryString=%E5%BE%8C%E9%BE%8D%E6%BA%AA HTTP/1.1" 200 28823
157.55.39.51 - - [13/Dec/2015:05:23:14 +0800] "GET /content/tmp_exh/resource_content.jsp?oid=16777846&queryType=qc HTTP/1.1" 200 44778
66.249.74.63 - - [13/Dec/2015:05:23:15 +0800] "GET /content/repository/resource_content.jsp?oid=1546761&queryType=qs&queryString=%E6%B0%91%E6%94%BF%E9%A1%9E HTTP/1.1" 200 29514
157.55.39.51 - - [13/Dec/2015:05:23:34 +0800] "GET /content/subject/resource_content.jsp?oid=16777357&queryType=qc HTTP/1.1" 200 33930
66.249.71.113 - - [13/Dec/2015:05:24:01 +0800] "GET /content/repository/resource_content.jsp?oid=4362033&queryType=qs&queryString=%E9%A6%99%E6%97%97 HTTP/1.1" 200 28369
157.55.39.51 - - [13/Dec/2015:05:24:34 +0800] "GET /content/subject/resource_content.jsp?oid=16777615&queryType=qc HTTP/1.1" 200 37930
66.249.71.105 - - [13/Dec/2015:05:25:34 +0800] "GET /content/repository/resource_content.jsp?oid=4362188&queryType=qs&queryString=%E5%81%B6%E8%B9%84%E7%9B%AE HTTP/1.1" 200 28654
66.249.71.5 - - [13/Dec/2015:05:27:06 +0800] "GET /digiarch3/content/repository/resource_content.jsp?oid=1104766&queryString=%E7%8C%B4%E6%AD%A1%E5%96%9C HTTP/1.1" 200 31154
66.249.71.64 - - [13/Dec/2015:05:27:52 +0800] "GET /content/repository/resource_content.jsp?oid=1110258 HTTP/1.1" 200 31576
207.46.13.86 - - [13/Dec/2015:05:28:34 +0800] "GET /digiarch_en/content/tmp_auth/resource_content.jsp?oid=16777777 HTTP/1.1" 200 27488
66.249.71.60 - - [13/Dec/2015:05:28:39 +0800] "GET /content/repository/resource_content.jsp?oid=1569213 HTTP/1.1" 200 28743
66.249.71.64 - - [13/Dec/2015:05:28:44 +0800] "GET /digiarch_en/content/nav/relationSubject.jsp?relationWords=%E9%BE%9C%E7%94%B2%E5%8D%9C%E8%BE%AD%E6%AE%98%E7%89%87+&oid=1837850 HTTP/1.1" 200 3064
66.249.71.60 - - [13/Dec/2015:05:28:46 +0800] "GET /digiarch_en/content/nav/relationSubject.jsp?relationWords=%E9%BE%9C%E7%94%B2%E5%8D%9C%E8%BE%AD%E6%AE%98%E7%89%87%20&oid=1837850 HTTP/1.1" 200 3064
207.46.13.86 - - [13/Dec/2015:05:29:15 +0800] "GET /content/subject/resource_content.jsp?oid=16777479 HTTP/1.1" 200 35789
66.249.71.72 - - [13/Dec/2015:05:29:25 +0800] "GET /content/repository/resource_content.jsp?oid=1097833&queryString=%E6%A4%8D%E7%89%A9%E7%95%8C%20%E7%A9%97%E8%8A%B1%E8%9B%87%E8%8F%B0%20%E8%9B%87%E8%8F%B0%20%E8%9B%87%E8%8F%B0%E5%B1%AC HTTP/1.1" 200 31143
207.46.13.86 - - [13/Dec/2015:05:29:35 +0800] "GET /content/subject/resource_content.jsp?oid=16777494&queryType=qc HTTP/1.1" 200 51598
66.249.71.60 - - [13/Dec/2015:05:30:25 +0800] "GET /content/nav/relationSubject.jsp?relationWords=%E5%B7%A1%E6%92%AB+%E5%BC%B7%E7%9B%9C+&oid=2518352 HTTP/1.1" 200 4881
66.249.71.60 - - [13/Dec/2015:05:30:28 +0800] "GET /content/nav/relationSubject.jsp?relationWords=%E5%B7%A1%E6%92%AB%20%E5%BC%B7%E7%9B%9C%20&oid=2518352 HTTP/1.1" 200 4881
66.249.71.64 - - [13/Dec/2015:05:30:58 +0800] "GET /content/repository/resource_content.jsp?oid=1604545 HTTP/1.1" 200 28676
66.249.71.60 - - [13/Dec/2015:05:31:06 +0800] "GET /content/nav/relationSubject.jsp?relationWords=%E6%8B%93%E6%A8%B9+%E6%A4%8D%E7%89%A9%E7%95%8C+&oid=2144455 HTTP/1.1" 200 1422
99.233.158.93 - - [13/Dec/2015:05:31:13 +0800] "GET /content/tmp_exh/resource_content.jsp?oid=16777832&queryString= HTTP/1.1" 200 29072
99.233.158.93 - - [13/Dec/2015:05:31:21 +0800] "GET /content/nav/relationSubject.jsp?relationWords=%E6%AE%B7%E5%A2%9F+%E7%94%B2%E9%AA%A8+%E9%83%B5%E7%A5%A8+%E9%9D%92%E9%8A%85%E5%99%A8+&oid=16777832 HTTP/1.1" 200 4544
66.249.71.60 - - [13/Dec/2015:05:31:44 +0800] "GET /content/repository/resource_content.jsp?oid=1631098 HTTP/1.1" 200 28942
66.249.71.121 - - [13/Dec/2015:05:32:05 +0800] "GET /content/nav/relationSubject.jsp?relationWords=%E5%9C%B0%E7%90%86%E8%B3%87%E8%A8%8A+%E5%9C%B0%E7%90%86%E8%B3%87%E8%A8%8A%E7%B3%BB%E7%B5%B1+%E6%AE%B7%E5%91%A8+%E9%9D%92%E9%8A%85%E5%99%A8+&oid=16777371 HTTP/1.1" 200 6134
66.249.71.105 - - [13/Dec/2015:05:32:06 +0800] "GET /content/nav/relationSubject.jsp?relationWords=%E5%9C%B0%E7%90%86%E8%B3%87%E8%A8%8A%20%E5%9C%B0%E7%90%86%E8%B3%87%E8%A8%8A%E7%B3%BB%E7%B5%B1%20%E6%AE%B7%E5%91%A8%20%E9%9D%92%E9%8A%85%E5%99%A8%20&oid=16777371 HTTP/1.1" 200 6134
220.181.108.92 - - [13/Dec/2015:05:32:31 +0800] "GET /digiarch_en/content/subject/resource_content.jsp?oid=16777776&queryType=qc HTTP/1.1" 200 62768
66.249.71.5 - - [13/Dec/2015:05:32:31 +0800] "GET /digiarch3/content/repository/resource_content.jsp?oid=1565183&queryString=%E7%9C%8B%E8%AD%B7%E5%A9%A6%20%E8%AD%B7%E5%A3%AB HTTP/1.1" 200 28895
66.249.71.60 - - [13/Dec/2015:05:33:17 +0800] "GET /content/repository/resource_content.jsp?oid=1589281&queryString=%E5%9C%8B%E5%9C%96%20%E6%96%B9%E5%BF%97 HTTP/1.1" 200 29798
66.249.71.72 - - [13/Dec/2015:05:34:28 +0800] "GET /content/nav/relationSubject.jsp?relationWords=%E7%8E%89%E7%89%87+%E7%9F%B3%E7%8E%89%E7%89%87+&oid=1851332 HTTP/1.1" 200 3049
66.249.71.60 - - [13/Dec/2015:05:34:32 +0800] "GET /content/nav/relationSubject.jsp?relationWords=%E7%8E%89%E7%89%87%20%E7%9F%B3%E7%8E%89%E7%89%87%20&oid=1851332 HTTP/1.1" 200 3049
66.249.71.60 - - [13/Dec/2015:05:34:50 +0800] "GET /content/subject/resource_content.jsp?oid=16777603&queryString=%E6%B5%81%E8%BD%89%E5%B9%B4%E8%8F%AF HTTP/1.1" 200 29599
66.249.71.60 - - [13/Dec/2015:05:35:36 +0800] "GET /content/repository/resource_content.jsp?oid=1195104 HTTP/1.1" 200 29074
199.30.24.102 - - [13/Dec/2015:05:36:39 +0800] "GET /content/nav/relationSubject.jsp?relationWords=%E8%8C%84%E8%8B%B3+&oid=16777306 HTTP/1.1" 200 4432
66.249.74.98 - - [13/Dec/2015:05:37:05 +0800] "GET /content/repository/resource_content.jsp?oid=1893026 HTTP/1.1" 200 28608
66.249.71.105 - - [13/Dec/2015:05:37:09 +0800] "GET /content/repository/resource_content.jsp?oid=1516993&queryType=qs&queryString=%E5%8A%89%E6%B0%B4 HTTP/1.1" 200 28702
123.125.71.92 - - [13/Dec/2015:05:37:31 +0800] "GET /digiarch_en/content/subject/resource_content.jsp?oid=16777421&queryType=qc HTTP/1.1" 200 28711
66.249.71.121 - - [13/Dec/2015:05:37:55 +0800] "GET /content/repository/resource_content.jsp?oid=2527481&queryType=qs&queryString=%E9%BB%83%E7%B4%B9 HTTP/1.1" 200 29030
68.180.228.24 - - [13/Dec/2015:05:39:06 +0800] "GET /content/repository/resource_content.jsp?oid=1123772&queryType=qc HTTP/1.1" 200 36244
66.249.71.121 - - [13/Dec/2015:05:39:28 +0800] "GET /content/repository/resource_content.jsp?oid=4464158&queryType=qs&queryString=%E4%B9%BE%E7%87%A5%E5%A0%B4 HTTP/1.1" 200 28253
66.249.71.64 - - [13/Dec/2015:05:41:47 +0800] "GET /content/repository/resource_content.jsp?oid=2470607 HTTP/1.1" 200 30221
68.180.228.24 - - [13/Dec/2015:05:42:19 +0800] "GET /content/subject/resource_content.jsp?oid=16777462&queryType=qc HTTP/1.1" 200 55152
66.249.71.60 - - [13/Dec/2015:05:42:33 +0800] "GET /content/repository/resource_content.jsp?oid=2149790&queryString=%E5%98%89%E8%B3%9C%E6%9C%A8%E5%B1%AC%20%E5%A4%A7%E9%A2%A8%E5%AD%90%20%E6%A4%8D%E7%89%A9%E7%95%8C%20%E8%8F%AB%E8%8F%9C%20%E8%96%84%E8%91%89%E5%98%89%E8%B3%9C%E6%9C%A8 HTTP/1.1" 200 31306
66.249.71.121 - - [13/Dec/2015:05:43:52 +0800] "GET /content/nav/relationSubject.jsp?relationWords=%E5%8F%83%E8%AD%B0%E6%9C%83+%E5%8F%B0%E7%81%A3%E7%9C%81+%E5%90%B3%E6%9C%89+%E5%90%B3%E6%9C%89%E5%AE%B9+%E6%9E%97%E4%B8%95%E8%AE%93+%E6%9E%97%E9%98%BF%E6%9E%9D+%E6%B1%AA%E5%B2%B3%E5%96%AC+%E7%82%B3%E7%85%8C+%E8%94%A1%E5%A0%AF%E5%B1%B1+%E8%AC%9D%E6%B8%85+%E8%AC%9D%E6%B8%85%E6%A8%99+%E9%80%A3%E9%9C%87+%E9%80%A3%E9%9C%87%E6%9D%B1+%E9%83%AD%E8%B3%9C%E6%A6%AE+%E9%99%B3%E5%8C%96%E5%8D%97+%E9%99%B3%E6%A2%9D%E6%85%B6+%E9%99%B3%E6%B8%85%E6%B1%A0+%E9%99%B3%E7%82%B3+%E9%99%B3%E7%82%B3%E7%85%8C+%E9%99%B3%E8%A4%94%E6%B3%89+&oid=1515917 HTTP/1.1" 200 5871
66.249.71.105 - - [13/Dec/2015:05:43:55 +0800] "GET /content/nav/relationSubject.jsp?relationWords=%E5%8F%83%E8%AD%B0%E6%9C%83%20%E5%8F%B0%E7%81%A3%E7%9C%81%20%E5%90%B3%E6%9C%89%20%E5%90%B3%E6%9C%89%E5%AE%B9%20%E6%9E%97%E4%B8%95%E8%AE%93%20%E6%9E%97%E9%98%BF%E6%9E%9D%20%E6%B1%AA%E5%B2%B3%E5%96%AC%20%E7%82%B3%E7%85%8C%20%E8%94%A1%E5%A0%AF%E5%B1%B1%20%E8%AC%9D%E6%B8%85%20%E8%AC%9D%E6%B8%85%E6%A8%99%20%E9%80%A3%E9%9C%87%20%E9%80%A3%E9%9C%87%E6%9D%B1%20%E9%83%AD%E8%B3%9C%E6%A6%AE%20%E9%99%B3%E5%8C%96%E5%8D%97%20%E9%99%B3%E6%A2%9D%E6%85%B6%20%E9%99%B3%E6%B8%85%E6%B1%A0%20%E9%99%B3%E7%82%B3%20%E9%99%B3%E7%82%B3%E7%85%8C%20%E9%99%B3%E8%A4%94%E6%B3%89%20&oid=1515917 HTTP/1.1" 200 5871
66.249.77.91 - - [13/Dec/2015:05:44:06 +0800] "GET /content/subject/resource_content.jsp?oid=16777781&queryType=qc HTTP/1.1" 200 57494
66.249.71.64 - - [13/Dec/2015:05:44:35 +0800] "GET /content/nav/relationSubject.jsp?relationWords=%E5%90%B3%E8%8C%B1%E8%90%B8%20%E5%90%B3%E8%8C%B1%E8%90%B8%E5%B1%AC%20%E6%A4%8D%E7%89%A9%E7%95%8C%20%E8%8A%B8%E9%A6%99%20%E8%8A%B8%E9%A6%99%E7%A7%91%20&oid=2148114 HTTP/1.1" 200 3406
66.249.71.121 - - [13/Dec/2015:05:44:39 +0800] "GET /content/repository/resource_content.jsp?oid=1515917&queryType=qs&queryString=%E5%90%B3%E6%9C%89 HTTP/1.1" 200 29454
66.249.71.60 - - [13/Dec/2015:05:44:52 +0800] "GET /digiarch_en/content/subject/resource_content.jsp?oid=16777805&queryType=qc HTTP/1.1" 200 32503
157.55.39.51 - - [13/Dec/2015:05:44:54 +0800] "GET /content/repository/resource_content.jsp?oid=1109490 HTTP/1.1" 200 29857
207.46.13.153 - - [13/Dec/2015:05:46:30 +0800] "GET /content/nav/relationSubject.jsp?relationWords=%E5%91%82%E5%AE%8B%E6%9C%88%E6%A1%83+%E6%9C%88%E6%A1%83%E5%B1%AC+&oid=1109490 HTTP/1.1" 200 3062
66.249.71.60 - - [13/Dec/2015:05:46:47 +0800] "GET /content/repository/resource_content.jsp?oid=1605423 HTTP/1.1" 200 28891
66.249.71.60 - - [13/Dec/2015:05:48:44 +0800] "GET /content/repository/resource_content.jsp?oid=1530058&queryString=%E5%BB%BA%E7%AF%89%E5%9F%B7%E7%85%A7%20%E8%87%BA%E7%81%A3%E7%9C%81%E8%AD%B0%E6%9C%83%20%E9%84%89%E5%85%AC%E6%89%80%20%E9%9C%A7%E5%B3%B0%E9%84%89 HTTP/1.1" 200 31556
66.249.71.105 - - [13/Dec/2015:05:49:06 +0800] "GET /content/nav/relationSubject.jsp?relationWords=%E5%91%A8%E6%85%A7%E7%91%9B+%E5%91%A8%E6%B8%85%E7%8E%89+%E5%BC%B5%E6%BA%AB%E9%B7%B9+%E6%BA%AB%E9%B7%B9+%E9%84%AD%E9%87%91%E9%88%B4+%E9%8D%BE%E7%B4%B9+%E9%8D%BE%E7%B4%B9%E5%92%8C+&oid=1893703 HTTP/1.1" 200 3398
66.249.71.105 - - [13/Dec/2015:05:49:08 +0800] "GET /content/nav/relationSubject.jsp?relationWords=%E5%91%A8%E6%85%A7%E7%91%9B%20%E5%91%A8%E6%B8%85%E7%8E%89%20%E5%BC%B5%E6%BA%AB%E9%B7%B9%20%E6%BA%AB%E9%B7%B9%20%E9%84%AD%E9%87%91%E9%88%B4%20%E9%8D%BE%E7%B4%B9%20%E9%8D%BE%E7%B4%B9%E5%92%8C%20&oid=1893703 HTTP/1.1" 200 3398
66.249.71.155 - - [13/Dec/2015:05:49:30 +0800] "GET /content/nav/relationSubject.jsp?relationWords=%E6%A3%98%E9%BE%8D+%E8%A3%B8%E9%A0%B0%E9%AF%9B+%E9%BE%8D%E5%8D%A0+%E9%BE%8D%E5%B0%96+&oid=15397 HTTP/1.1" 200 3413
66.249.71.155 - - [13/Dec/2015:05:49:32 +0800] "GET /content/nav/relationSubject.jsp?relationWords=%E6%A3%98%E9%BE%8D%20%E8%A3%B8%E9%A0%B0%E9%AF%9B%20%E9%BE%8D%E5%8D%A0%20%E9%BE%8D%E5%B0%96%20&oid=15397 HTTP/1.1" 200 3413
66.249.71.121 - - [13/Dec/2015:05:50:17 +0800] "GET /content/repository/resource_content.jsp?oid=15072&queryType=qs&queryString=%E6%88%B4%E6%B0%8F HTTP/1.1" 200 33403
66.249.71.23 - - [13/Dec/2015:05:51:02 +0800] "GET /digiarch/content/repository/resource_content.jsp?oid=3823372 HTTP/1.1" 404 14873
123.125.71.117 - - [13/Dec/2015:05:52:34 +0800] "GET /content/subject/resource_content.jsp?oid=16777367 HTTP/1.1" 200 26031
66.249.71.121 - - [13/Dec/2015:05:52:36 +0800] "GET /content/repository/resource_content.jsp?oid=2641079&queryType=qs&queryString=%E9%9D%A9%E7%9B%A3%E7%94%9F HTTP/1.1" 200 29980
66.249.71.60 - - [13/Dec/2015:05:52:58 +0800] "GET /content/subject/resource_content.jsp?oid=16777761&queryType=qc HTTP/1.1" 200 32733
66.249.77.91 - - [13/Dec/2015:05:53:22 +0800] "GET /content/subject/resource_content.jsp?oid=16777539&queryType=qs&queryString=%E6%96%87%E5%8C%96%E5%89%B5%E6%84%8F%E7%94%A2%E6%A5%AD HTTP/1.1" 200 32268
66.249.71.105 - - [13/Dec/2015:05:53:49 +0800] "GET /content/nav/relationSubject.jsp?relationWords=%E4%B8%81%E8%89%B1+&oid=2511158 HTTP/1.1" 200 3057
66.249.71.105 - - [13/Dec/2015:05:53:51 +0800] "GET /content/nav/relationSubject.jsp?relationWords=%E4%B8%81%E8%89%B1%20&oid=2511158 HTTP/1.1" 200 3057
66.249.71.173 - - [13/Dec/2015:05:54:08 +0800] "GET /content/repository/resource_content.jsp?oid=693611&queryString=%E4%BA%BA%E5%90%8D%E6%AC%8A%E5%A8%81%20%E4%BF%84%E8%89%A6%20%E5%82%AC%E8%A9%A2%20%E5%84%AA%E6%9E%97%20%E5%8A%89%E5%BC%8F%E8%A8%93 HTTP/1.1" 200 29581
66.249.74.102 - - [13/Dec/2015:05:54:55 +0800] "GET /content/repository/resource_content.jsp?oid=3826024&queryString=%E6%A4%8D%E7%89%A9%E7%95%8C%20%E7%8E%89%E5%B1%B1%E9%87%91%E6%A2%85%20%E7%BF%BB%E7%99%BD%E8%8D%89%E5%B1%AC%20%E8%96%94%E8%96%87%E7%9B%AE%20%E8%96%94%E8%96%87%E7%A7%91 HTTP/1.1" 200 31344
114.198.171.58 - - [13/Dec/2015:05:55:20 +0800] "GET /digiarch2/content/repository/resource_content.jsp?queryString=%E7%94%9F%E7%89%A9&oid=14296&queryType=qc HTTP/1.1" 200 9790
66.249.71.60 - - [13/Dec/2015:05:55:35 +0800] "GET /content/subject/resource_content.jsp?oid=16777838&queryType=qc%3E HTTP/1.1" 200 59049
66.249.71.60 - - [13/Dec/2015:05:55:41 +0800] "GET /content/repository/resource_content.jsp?oid=189034 HTTP/1.1" 200 30254
66.249.74.100 - - [13/Dec/2015:05:55:46 +0800] "GET /content/nav/relationSubject.jsp?relationWords=&oid=747637 HTTP/1.1" 200 1405
66.249.71.60 - - [13/Dec/2015:05:55:48 +0800] "GET /content/nav/relationSubject.jsp?relationWords=%E5%81%87%E5%9C%B0%E8%97%8D+%E6%A4%8D%E7%89%A9%E7%95%8C+%E7%99%BE%E5%90%88%E5%B1%AC+%E8%A0%B6%E8%B1%86+%E9%87%8E%E7%99%BE%E5%90%88+%E9%87%8E%E7%99%BE%E5%90%88%E5%B1%AC+%E9%9B%99%E5%AD%90%E8%91%89+%E9%9B%99%E5%AD%90%E8%91%89%E6%A4%8D%E7%89%A9+&oid=1462963 HTTP/1.1" 200 3565
66.249.71.60 - - [13/Dec/2015:05:55:50 +0800] "GET /content/nav/relationSubject.jsp?relationWords=%E5%81%87%E5%9C%B0%E8%97%8D%20%E6%A4%8D%E7%89%A9%E7%95%8C%20%E7%99%BE%E5%90%88%E5%B1%AC%20%E8%A0%B6%E8%B1%86%20%E9%87%8E%E7%99%BE%E5%90%88%20%E9%87%8E%E7%99%BE%E5%90%88%E5%B1%AC%20%E9%9B%99%E5%AD%90%E8%91%89%20%E9%9B%99%E5%AD%90%E8%91%89%E6%A4%8D%E7%89%A9%20&oid=1462963 HTTP/1.1" 200 3565
66.249.71.164 - - [13/Dec/2015:05:56:05 +0800] "GET /content/nav/relationSubject.jsp?relationWords=%E7%9B%94%E5%B8%BD+&oid=4364071 HTTP/1.1" 200 2996
66.249.71.60 - - [13/Dec/2015:05:56:28 +0800] "GET /digiarch_en/content/repository/resource_content.jsp?oid=22205&queryString=%E9%9D%92%E9%B8%9A%E5%93%A5%E9%AD%9A HTTP/1.1" 200 23585
66.249.71.72 - - [13/Dec/2015:05:57:14 +0800] "GET /content/repository/resource_content.jsp?oid=1844835 HTTP/1.1" 200 29696
66.249.71.72 - - [13/Dec/2015:05:58:00 +0800] "GET /content/repository/resource_content.jsp?oid=1630296 HTTP/1.1" 200 28782
66.249.71.64 - - [13/Dec/2015:05:58:22 +0800] "GET /content/repository/resource_content.jsp?oid=2544757 HTTP/1.1" 200 28906
66.249.77.85 - - [13/Dec/2015:05:58:47 +0800] "GET /content/repository/resource_content.jsp?oid=4352599&queryString=%E5%8D%97%E6%B4%8B%E9%AF%BD%E4%BB%94%20%E5%9C%A8%E4%BE%86%E5%90%B3%E9%83%AD%E9%AD%9A%20%E6%85%88%E9%AF%9B%E7%A7%91%20%E8%8E%AB%E4%B8%89%E9%BC%BB%E5%8F%A3%E5%AD%B5%E9%AD%9A%20%E9%9D%9E%E6%B4%B2%E4%BB%94 HTTP/1.1" 200 35848
122.29.146.136 - - [13/Dec/2015:06:00:12 +0800] "GET /content/subject/resource_content.jsp?oid=16777576&queryString= HTTP/1.1" 200 29391
66.249.71.113 - - [13/Dec/2015:06:00:19 +0800] "GET /content/repository/resource_content.jsp?oid=2670486&queryType=qs&queryString=%E9%95%B7%E5%BA%9A HTTP/1.1" 200 30126
66.249.71.155 - - [13/Dec/2015:06:00:59 +0800] "GET /content/nav/relationSubject.jsp?relationWords=%E5%AD%B8%E4%BB%94+%E5%AF%AC%E5%B0%BE%E9%B6%B4%E9%B1%B5+%E7%99%BD%E5%A4%A9%E9%9D%92%E6%97%97+%E9%87%9D%E9%AD%9A+%E9%9D%92%E6%97%97+%E9%B1%B5%E7%A7%91+%E9%B6%B4%E9%B1%B5+%E9%B6%B4%E9%B1%B5%E7%A7%91+&oid=14669 HTTP/1.1" 200 3671
66.249.71.155 - - [13/Dec/2015:06:01:02 +0800] "GET /content/nav/relationSubject.jsp?relationWords=%E5%AD%B8%E4%BB%94%20%E5%AF%AC%E5%B0%BE%E9%B6%B4%E9%B1%B5%20%E7%99%BD%E5%A4%A9%E9%9D%92%E6%97%97%20%E9%87%9D%E9%AD%9A%20%E9%9D%92%E6%97%97%20%E9%B1%B5%E7%A7%91%20%E9%B6%B4%E9%B1%B5%20%E9%B6%B4%E9%B1%B5%E7%A7%91%20&oid=14669 HTTP/1.1" 200 3671
207.46.13.86 - - [13/Dec/2015:06:01:34 +0800] "GET /content/subject/resource_content.jsp?oid=16777730 HTTP/1.1" 200 46334
66.249.74.100 - - [13/Dec/2015:06:01:52 +0800] "GET /content/repository/resource_content.jsp?oid=1571353 HTTP/1.1" 200 29081
66.249.71.60 - - [13/Dec/2015:06:02:18 +0800] "GET /content/nav/relationSubject.jsp?relationWords=%E5%A4%AA%E7%9B%A3+&oid=2544757 HTTP/1.1" 200 3087
180.76.15.143 - - [13/Dec/2015:06:02:24 +0800] "GET /content/repository/resource_content.jsp?oid=2641483&queryType=qs&queryString=%E6%BC%A2%E5%A5%B8 HTTP/1.1" 200 30436
66.249.71.60 - - [13/Dec/2015:06:02:24 +0800] "GET /content/nav/relationSubject.jsp?relationWords=%E5%A4%AA%E7%9B%A3%20&oid=2544757 HTTP/1.1" 200 3087
66.249.71.64 - - [13/Dec/2015:06:02:33 +0800] "GET /content/repository/resource_content.jsp?oid=1781901 HTTP/1.1" 200 29321
66.249.71.5 - - [13/Dec/2015:06:02:38 +0800] "GET /digiarch3/content/repository/resource_content.jsp?oid=1098710&queryString=%E6%9D%9C%E8%8B%B1%20%E6%A4%8D%E7%89%A9%E7%95%8C%20%E7%8C%B4%E6%AD%A1%E5%96%9C%20%E7%8C%B4%E6%AD%A1%E5%96%9C%E5%B1%AC%20%E9%8C%A6%E8%91%B5 HTTP/1.1" 200 31119
66.249.71.64 - - [13/Dec/2015:06:03:25 +0800] "GET /content/repository/resource_content.jsp?oid=2514595 HTTP/1.1" 200 29749
66.249.71.60 - - [13/Dec/2015:06:04:08 +0800] "GET /content/nav/relationSubject.jsp?relationWords=%E6%A4%8D%E7%89%A9%E7%95%8C+%E6%B0%B4%E9%BE%8D%E9%AA%A8+%E6%B0%B4%E9%BE%8D%E9%AA%A8%E7%A7%91+%E7%9B%A7%E5%B1%B1+%E7%9B%A7%E5%B1%B1%E7%9F%B3%E8%91%A6+%E7%9F%B3%E8%91%A6+%E7%9F%B3%E8%91%A6%E5%B1%AC+%E8%95%A8%E9%A1%9E%E6%A4%8D%E7%89%A9+%E9%AA%A8%E7%A7%91+&oid=2144746 HTTP/1.1" 200 3576
66.249.71.60 - - [13/Dec/2015:06:04:10 +0800] "GET /content/nav/relationSubject.jsp?relationWords=%E6%A4%8D%E7%89%A9%E7%95%8C%20%E6%B0%B4%E9%BE%8D%E9%AA%A8%20%E6%B0%B4%E9%BE%8D%E9%AA%A8%E7%A7%91%20%E7%9B%A7%E5%B1%B1%20%E7%9B%A7%E5%B1%B1%E7%9F%B3%E8%91%A6%20%E7%9F%B3%E8%91%A6%20%E7%9F%B3%E8%91%A6%E5%B1%AC%20%E8%95%A8%E9%A1%9E%E6%A4%8D%E7%89%A9%20%E9%AA%A8%E7%A7%91%20&oid=2144746 HTTP/1.1" 200 3576
66.249.71.64 - - [13/Dec/2015:06:04:11 +0800] "GET /content/repository/resource_content.jsp?oid=1848685&queryString=%E6%96%B9%E9%BC%8E%20%E9%9B%B2%E9%9B%B7%E7%B4%8B%E5%88%97%E9%BC%8E%20%E9%9D%92%E9%8A%85%E5%99%A8 HTTP/1.1" 200 31243
66.249.71.105 - - [13/Dec/2015:06:04:39 +0800] "GET /content/nav/relationSubject.jsp?relationWords=%E5%8F%83%E8%AD%B0%E6%9C%83+%E5%8F%B0%E7%81%A3%E7%9C%81+%E5%90%B3%E6%9C%89%E5%AE%B9+%E6%9E%97%E4%B8%95%E8%AE%93+%E6%9E%97%E9%98%BF%E6%9E%9D+%E6%B1%AA%E5%B2%B3%E5%96%AC+%E8%94%A1%E5%A0%AF%E5%B1%B1+%E8%AC%9D%E6%B8%85%E6%A8%99+%E9%80%A3%E9%9C%87%E6%9D%B1+%E9%83%AD%E8%B3%9C%E6%A6%AE+%E9%99%B3%E5%8C%96%E5%8D%97+%E9%99%B3%E6%A2%9D%E6%85%B6+%E9%99%B3%E6%B8%85%E6%B1%A0+%E9%99%B3%E7%82%B3%E7%85%8C+%E9%99%B3%E8%A4%94%E6%B3%89+&oid=1515917 HTTP/1.1" 200 5114
66.249.71.105 - - [13/Dec/2015:06:04:42 +0800] "GET /content/nav/relationSubject.jsp?relationWords=%E5%8F%83%E8%AD%B0%E6%9C%83%20%E5%8F%B0%E7%81%A3%E7%9C%81%20%E5%90%B3%E6%9C%89%E5%AE%B9%20%E6%9E%97%E4%B8%95%E8%AE%93%20%E6%9E%97%E9%98%BF%E6%9E%9D%20%E6%B1%AA%E5%B2%B3%E5%96%AC%20%E8%94%A1%E5%A0%AF%E5%B1%B1%20%E8%AC%9D%E6%B8%85%E6%A8%99%20%E9%80%A3%E9%9C%87%E6%9D%B1%20%E9%83%AD%E8%B3%9C%E6%A6%AE%20%E9%99%B3%E5%8C%96%E5%8D%97%20%E9%99%B3%E6%A2%9D%E6%85%B6%20%E9%99%B3%E6%B8%85%E6%B1%A0%20%E9%99%B3%E7%82%B3%E7%85%8C%20%E9%99%B3%E8%A4%94%E6%B3%89%20&oid=1515917 HTTP/1.1" 200 5114
66.249.71.113 - - [13/Dec/2015:06:04:57 +0800] "GET /content/repository/resource_content.jsp?oid=4354762&queryType=qs&queryString=%E9%BB%83%E6%96%91%E7%8B%90%E9%AF%9B HTTP/1.1" 200 34239
1.163.40.163 - - [13/Dec/2015:06:05:39 +0800] "GET /content/repository/resource_content.jsp?oid=3205252&queryType=qs&queryString=%E5%BC%B5%E5%A4%A9%E5%B8%AB HTTP/1.1" 200 29724
66.249.71.60 - - [13/Dec/2015:06:05:44 +0800] "GET /content/repository/resource_content.jsp?oid=2145082&queryString=%E5%B7%9D%E4%B8%8A%E6%B0%8F%20%E5%B7%9D%E4%B8%8A%E6%B0%8F%E8%96%B9%20%E6%97%A5%E6%9C%AC%E8%96%B9%20%E8%96%B9%E5%B1%AC%20%E9%AB%98%E5%B1%B1%E6%97%A5%E6%9C%AC%E8%96%B9 HTTP/1.1" 200 31237
66.249.71.64 - - [13/Dec/2015:06:06:30 +0800] "GET /content/repository/resource_content.jsp?oid=4353004&queryString=%E7%B4%85%E8%99%B9%E5%BD%A9%E9%AF%9B%20%E9%9A%86%E9%A0%AD%E9%AD%9A%E7%A7%91 HTTP/1.1" 200 35669
207.46.13.86 - - [13/Dec/2015:06:06:40 +0800] "GET /content/subject/resource_content.jsp?oid=16777842 HTTP/1.1" 200 36286
66.249.71.5 - - [13/Dec/2015:06:07:16 +0800] "GET /digiarch3/content/repository/resource_content.jsp?oid=1551980&queryType=qs&queryString=%E5%90%B3%E9%83%AD%E9%AD%9A HTTP/1.1" 200 33029
66.249.71.113 - - [13/Dec/2015:06:08:49 +0800] "GET /content/repository/resource_content.jsp?oid=1519561&queryType=qs&queryString=%E6%A0%A1%E5%8F%8B%E6%9C%83 HTTP/1.1" 200 29118
66.249.71.60 - - [13/Dec/2015:06:09:35 +0800] "GET /content/repository/resource_content.jsp?oid=1564588 HTTP/1.1" 200 28691
68.180.228.24 - - [13/Dec/2015:06:10:15 +0800] "GET /digiarch_en/content/pictures/picture_content.jsp?oid=33554807 HTTP/1.1" 200 21903
66.249.74.98 - - [13/Dec/2015:06:10:22 +0800] "GET /content/repository/resource_content.jsp?oid=1107429&queryString=%E4%B8%89%E4%B8%83%E8%8D%89%E5%B1%AC%20%E6%A4%8D%E7%89%A9%E7%95%8C%20%E7%99%BD%E9%B3%B3%E8%8F%9C%20%E8%8F%8A%E7%A7%91%20%E9%9B%99%E5%AD%90%E8%91%89%E6%A4%8D%E7%89%A9 HTTP/1.1" 200 31415
68.180.230.228 - - [13/Dec/2015:06:10:48 +0800] "GET /digiarch3/content/subject/resource_content.jsp?oid=16777625&queryType=qc HTTP/1.1" 200 61686
66.249.71.64 - - [13/Dec/2015:06:11:44 +0800] "GET /content/nav/relationSubject.jsp?relationWords=%E4%B8%89%E4%B8%83%E8%8D%89%E5%B1%AC+%E6%A4%8D%E7%89%A9%E7%95%8C+%E7%99%BD%E9%B3%B3%E8%8F%9C+%E8%8F%8A%E7%A7%91+%E9%9B%99%E5%AD%90%E8%91%89%E6%A4%8D%E7%89%A9+&oid=1107429 HTTP/1.1" 200 3335
66.249.71.72 - - [13/Dec/2015:06:11:45 +0800] "GET /content/nav/relationSubject.jsp?relationWords=%E4%B8%89%E4%B8%83%E8%8D%89%E5%B1%AC%20%E6%A4%8D%E7%89%A9%E7%95%8C%20%E7%99%BD%E9%B3%B3%E8%8F%9C%20%E8%8F%8A%E7%A7%91%20%E9%9B%99%E5%AD%90%E8%91%89%E6%A4%8D%E7%89%A9%20&oid=1107429 HTTP/1.1" 200 3335
66.249.71.60 - - [13/Dec/2015:06:11:52 +0800] "GET /content/nav/relationSubject.jsp?relationWords=%E6%87%B8%E9%89%A4%E5%AD%90+%E6%87%B8%E9%89%A4%E5%AD%90%E5%B1%AC+%E6%A4%8D%E7%89%A9%E7%95%8C+%E6%A6%BF%E8%91%89%E6%87%B8%E9%89%A4%E5%AD%90+%E8%91%89%E6%87%B8%E9%89%A4%E5%AD%90+%E8%96%94%E8%96%87%E7%9B%AE+%E8%96%94%E8%96%87%E7%A7%91+&oid=1111592 HTTP/1.1" 200 3508
66.249.71.64 - - [13/Dec/2015:06:11:55 +0800] "GET /content/repository/resource_content.jsp?oid=1570068 HTTP/1.1" 200 28737
66.249.74.98 - - [13/Dec/2015:06:11:55 +0800] "GET /content/nav/relationSubject.jsp?relationWords=%E6%87%B8%E9%89%A4%E5%AD%90%20%E6%87%B8%E9%89%A4%E5%AD%90%E5%B1%AC%20%E6%A4%8D%E7%89%A9%E7%95%8C%20%E6%A6%BF%E8%91%89%E6%87%B8%E9%89%A4%E5%AD%90%20%E8%91%89%E6%87%B8%E9%89%A4%E5%AD%90%20%E8%96%94%E8%96%87%E7%9B%AE%20%E8%96%94%E8%96%87%E7%A7%91%20&oid=1111592 HTTP/1.1" 200 3508
66.249.77.85 - - [13/Dec/2015:06:12:04 +0800] "GET /content/nav/relationSubject.jsp?relationWords=%E5%B0%8F%E8%8A%B1%E8%93%BC%20%E6%A4%8D%E7%89%A9%E7%95%8C%20%E8%8A%B1%E8%93%BC%20%E8%93%BC%E7%A7%91%20&oid=3826329 HTTP/1.1" 200 3288
66.249.74.61 - - [13/Dec/2015:06:13:18 +0800] "GET /content/nav/relationSubject.jsp?relationWords=%E6%96%B9%E9%BC%8E+%E6%AF%9B%E5%85%AC+&oid=3041055 HTTP/1.1" 200 3233
66.249.71.105 - - [13/Dec/2015:06:13:19 +0800] "GET /content/nav/relationSubject.jsp?relationWords=%E6%96%B9%E9%BC%8E%20%E6%AF%9B%E5%85%AC%20&oid=3041055 HTTP/1.1" 200 3233
66.249.71.72 - - [13/Dec/2015:06:13:27 +0800] "GET /content/repository/resource_content.jsp?oid=15294&queryString=%E7%83%8F%E5%B0%BE%E5%86%AC%E4%BB%94%20%E8%8A%B1%E5%B0%BE HTTP/1.1" 200 34863
66.249.71.60 - - [13/Dec/2015:06:14:14 +0800] "GET /content/subject/resource_content.jsp?oid=16777744&queryType=qs&queryString=%E5%9C%8B%E9%9A%9B%E6%8E%A5%E8%BB%8C HTTP/1.1" 200 41012
207.46.13.86 - - [13/Dec/2015:06:14:30 +0800] "GET /content/tmp_exh/resource_content.jsp?oid=16777852 HTTP/1.1" 200 67316
207.46.13.86 - - [13/Dec/2015:06:14:31 +0800] "GET /content/subject/resource_content.jsp?oid=16777615 HTTP/1.1" 200 37941
207.46.13.86 - - [13/Dec/2015:06:14:32 +0800] "GET /content/subject/resource_content.jsp?oid=16777801 HTTP/1.1" 200 43021
68.180.228.24 - - [13/Dec/2015:06:14:50 +0800] "GET /digiarch_en/content/repository/resource_content.jsp?oid=523952&queryType=qc HTTP/1.1" 200 27563
66.249.71.155 - - [13/Dec/2015:06:15:04 +0800] "GET /content/nav/relationSubject.jsp?relationWords=%E5%90%8F%E9%83%A8+&oid=2643769 HTTP/1.1" 200 3101
157.55.39.51 - - [13/Dec/2015:06:15:10 +0800] "GET /content/nav/relationSubject.jsp?relationWords=&oid=16777655 HTTP/1.1" 200 1405
207.46.13.86 - - [13/Dec/2015:06:16:21 +0800] "GET /content/subject/resource_content.jsp?oid=16777535 HTTP/1.1" 200 35614
207.46.13.86 - - [13/Dec/2015:06:16:22 +0800] "GET /content/subject/resource_content.jsp?oid=16777292 HTTP/1.1" 200 28034
66.249.71.64 - - [13/Dec/2015:06:17:38 +0800] "GET /content/nav/relationSubject.jsp?relationWords=%E6%B8%B8%E8%98%87%E9%B4%A6+%E7%9C%81%E6%94%BF%E5%BA%9C+%E7%9C%81%E8%AD%B0%E6%9C%83+%E8%81%B7%E6%A0%A1+%E8%87%A8%E6%99%82%E7%9C%81%E8%AD%B0%E6%9C%83+%E8%87%BA%E7%81%A3%E7%9C%81+&oid=1528814 HTTP/1.1" 200 5525
66.249.71.60 - - [13/Dec/2015:06:17:40 +0800] "GET /content/nav/relationSubject.jsp?relationWords=%E6%B8%B8%E8%98%87%E9%B4%A6%20%E7%9C%81%E6%94%BF%E5%BA%9C%20%E7%9C%81%E8%AD%B0%E6%9C%83%20%E8%81%B7%E6%A0%A1%20%E8%87%A8%E6%99%82%E7%9C%81%E8%AD%B0%E6%9C%83%20%E8%87%BA%E7%81%A3%E7%9C%81%20&oid=1528814 HTTP/1.1" 200 5525
66.249.71.173 - - [13/Dec/2015:06:18:05 +0800] "GET /content/repository/resource_content.jsp?oid=2661457&queryString=%E5%AE%8C%E5%9B%BA HTTP/1.1" 200 30136
66.249.71.14 - - [13/Dec/2015:06:18:29 +0800] "GET /digiarch3/content/nav/relationSubject.jsp?relationWords=%E5%A4%AA%E5%B8%B8%E5%AF%BA+%E9%BE%8D%E7%A5%9E%E7%A5%A0+&oid=2639277 HTTP/1.1" 200 3116
66.249.71.5 - - [13/Dec/2015:06:18:31 +0800] "GET /digiarch3/content/nav/relationSubject.jsp?relationWords=%E5%A4%AA%E5%B8%B8%E5%AF%BA%20%E9%BE%8D%E7%A5%9E%E7%A5%A0%20&oid=2639277 HTTP/1.1" 200 3116
123.125.71.87 - - [13/Dec/2015:06:18:52 +0800] "GET /digiarch_en/content/subject/resource_content.jsp?oid=16777455&queryType=qc HTTP/1.1" 200 29047
66.249.71.64 - - [13/Dec/2015:06:19:02 +0800] "GET /content/nav/relationSubject.jsp?relationWords=&oid=2561927 HTTP/1.1" 200 1405
66.249.77.85 - - [13/Dec/2015:06:19:37 +0800] "GET /content/nav/relationSubject.jsp?relationWords=%E4%BA%BA%E4%BA%8B%E8%99%95+%E5%85%AC%E5%8B%99%E5%93%A1+%E5%8F%8D%E5%85%B1+%E5%8F%8D%E5%85%B1%E6%8A%97%E4%BF%84+%E5%93%81%E8%B3%AA+%E6%97%A5%E6%93%9A%E6%99%82%E4%BB%A3+%E6%A8%82%E7%94%9F+%E6%A8%82%E7%94%9F%E7%99%82%E9%A4%8A%E9%99%A2+%E6%B0%91%E7%A4%BE%E9%BB%A8+%E7%97%B2%E7%98%8B%E7%97%85+%E7%99%82%E9%A4%8A%E9%99%A2+%E7%9B%B2%E4%BA%BA+%E7%A4%BE%E6%9C%83%E8%99%95+%E7%A4%BE%E6%9C%83%E9%83%A8+%E8%8D%89%E8%97%A5+%E8%99%95%E9%95%B7+%E8%A1%9B%E7%94%9F%E8%99%95+%E8%A1%9B%E7%94%9F%E9%83%A8+%E8%A5%BF%E8%97%A5+%E8%AD%A6%E5%82%99%E7%B8%BD%E9%83%A8+%E9%A0%90%E7%AE%97+&oid=1547107 HTTP/1.1" 200 6318
66.249.77.85 - - [13/Dec/2015:06:19:38 +0800] "GET /content/nav/relationSubject.jsp?relationWords=%E4%BA%BA%E4%BA%8B%E8%99%95%20%E5%85%AC%E5%8B%99%E5%93%A1%20%E5%8F%8D%E5%85%B1%20%E5%8F%8D%E5%85%B1%E6%8A%97%E4%BF%84%20%E5%93%81%E8%B3%AA%20%E6%97%A5%E6%93%9A%E6%99%82%E4%BB%A3%20%E6%A8%82%E7%94%9F%20%E6%A8%82%E7%94%9F%E7%99%82%E9%A4%8A%E9%99%A2%20%E6%B0%91%E7%A4%BE%E9%BB%A8%20%E7%97%B2%E7%98%8B%E7%97%85%20%E7%99%82%E9%A4%8A%E9%99%A2%20%E7%9B%B2%E4%BA%BA%20%E7%A4%BE%E6%9C%83%E8%99%95%20%E7%A4%BE%E6%9C%83%E9%83%A8%20%E8%8D%89%E8%97%A5%20%E8%99%95%E9%95%B7%20%E8%A1%9B%E7%94%9F%E8%99%95%20%E8%A1%9B%E7%94%9F%E9%83%A8%20%E8%A5%BF%E8%97%A5%20%E8%AD%A6%E5%82%99%E7%B8%BD%E9%83%A8%20%E9%A0%90%E7%AE%97%20&oid=1547107 HTTP/1.1" 200 6318
66.249.71.60 - - [13/Dec/2015:06:19:54 +0800] "GET /content/nav/relationSubject.jsp?relationWords=%E5%BA%AB%E9%A0%85+%E7%88%BE%E5%BA%AB+&oid=2659798 HTTP/1.1" 200 3101
66.249.71.60 - - [13/Dec/2015:06:19:55 +0800] "GET /content/nav/relationSubject.jsp?relationWords=%E5%BA%AB%E9%A0%85%20%E7%88%BE%E5%BA%AB%20&oid=2659798 HTTP/1.1" 200 3101
66.249.71.60 - - [13/Dec/2015:06:19:58 +0800] "GET /content/nav/relationSubject.jsp?relationWords=%E6%B0%91%E6%94%BF%E9%A1%9E+%E8%B3%AA%E8%A9%A2+%E9%99%B3%E6%85%B6+&oid=1575369 HTTP/1.1" 200 3908
66.249.71.60 - - [13/Dec/2015:06:20:00 +0800] "GET /content/nav/relationSubject.jsp?relationWords=%E6%B0%91%E6%94%BF%E9%A1%9E%20%E8%B3%AA%E8%A9%A2%20%E9%99%B3%E6%85%B6%20&oid=1575369 HTTP/1.1" 200 3908
66.249.71.72 - - [13/Dec/2015:06:20:24 +0800] "GET /content/repository/resource_content.jsp?oid=1099819&queryString=%E5%9F%94%E5%A7%9C%20%E5%B1%B1%E5%9F%94%20%E5%B1%B1%E5%9F%94%E5%A7%9C%20%E6%B5%B7%E5%9F%94%E5%A7%9C%20%E7%89%A1%E8%8D%8A%E5%B1%AC%20%E7%99%BD%E5%9F%94%E5%A7%9C%20%E8%94%93%E8%8D%8A%E5%AD%90 HTTP/1.1" 200 31256
66.249.77.91 - - [13/Dec/2015:06:21:11 +0800] "GET /content/repository/resource_content.jsp?oid=1775750&queryString=%E5%B9%B3%E5%9F%94%E6%97%8F HTTP/1.1" 200 42938
68.180.228.24 - - [13/Dec/2015:06:22:21 +0800] "GET /content/subject/resource_content.jsp?oid=16777507&queryType=qc HTTP/1.1" 200 49391
207.46.13.153 - - [13/Dec/2015:06:23:08 +0800] "GET /content/repository/resource_content.jsp?oid=1628968 HTTP/1.1" 200 28934
66.249.71.60 - - [13/Dec/2015:06:23:30 +0800] "GET /digiarch_en/content/repository/resource_content.jsp?oid=15104&queryString=%E5%9A%B4%E5%85%AC%E4%BB%94%20%E5%A4%A7%E7%9C%BC%E9%AF%9B%E7%A7%91%20%E6%97%A5%E6%9C%AC%E5%A4%A7%E7%9C%BC%E9%AF%9B%20%E7%B4%85%E7%9B%AE%E9%B0%B1 HTTP/1.1" 200 27306
207.46.13.86 - - [13/Dec/2015:06:23:45 +0800] "GET /content/nav/relationSubject.jsp?relationWords=&oid=16777385 HTTP/1.1" 200 1405
66.249.71.60 - - [13/Dec/2015:06:24:14 +0800] "GET /content/nav/relationSubject.jsp?relationWords=%E6%AA%AC%E6%9E%9C+%E8%8A%92%E6%9E%9C+&oid=16777508 HTTP/1.1" 200 4379
66.249.71.105 - - [13/Dec/2015:06:24:16 +0800] "GET /content/subject/resource_content.jsp?oid=16777617&queryType=qc HTTP/1.1" 200 60992
66.249.71.121 - - [13/Dec/2015:06:25:02 +0800] "GET /content/repository/resource_content.jsp?oid=1538424&queryType=qs&queryString=%E5%85%A7%E5%9F%94%E9%84%89 HTTP/1.1" 200 28840
66.249.71.64 - - [13/Dec/2015:06:25:49 +0800] "GET /content/repository/resource_content.jsp?oid=1522018 HTTP/1.1" 200 29762
66.249.71.121 - - [13/Dec/2015:06:26:35 +0800] "GET /content/repository/resource_content.jsp?oid=2635078&queryType=qs&queryString=%E9%A3%9F%E7%B1%B3 HTTP/1.1" 200 29823
66.249.71.121 - - [13/Dec/2015:06:27:22 +0800] "GET /content/repository/resource_content.jsp?oid=2519534&queryType=qs&queryString=%E6%B7%B1%E6%BE%A4 HTTP/1.1" 200 29642
66.249.71.72 - - [13/Dec/2015:06:28:08 +0800] "GET /content/repository/resource_content.jsp?oid=1518766 HTTP/1.1" 200 31728
66.249.71.60 - - [13/Dec/2015:06:30:27 +0800] "GET /content/subject/resource_content.jsp?oid=16777838&queryType=qc HTTP/1.1" 200 59049
66.249.71.72 - - [13/Dec/2015:06:31:13 +0800] "GET /content/repository/resource_content.jsp?oid=4551627&queryString=%E7%A8%9C%E8%B1%A1%E7%89%99%E8%B2%9D%20%E8%B1%A1%E7%89%99%E8%B2%9D%20%E8%BB%9F%E9%AB%94%E5%8B%95%E7%89%A9%E9%96%80%20%E9%8C%A6%E7%B4%85%E8%B1%A1%E7%89%99%E8%B2%9D HTTP/1.1" 200 30171
66.249.79.24 - - [13/Dec/2015:06:32:00 +0800] "GET /content/repository/resource_content.jsp?oid=1532758&queryString=%E4%B8%AD%E8%8F%AF%E6%96%87%E5%8C%96%E5%BE%A9%E8%88%88%20%E5%8F%8D%E5%85%B1%20%E6%96%87%E5%8C%96%E5%BE%A9%E8%88%88%E9%81%8B%E5%8B%95%20%E8%A8%AA%E5%95%8F%E5%9C%98 HTTP/1.1" 200 29351
66.249.71.60 - - [13/Dec/2015:06:33:32 +0800] "GET /content/repository/resource_content.jsp?oid=2688808 HTTP/1.1" 200 29985
66.249.71.14 - - [13/Dec/2015:06:33:45 +0800] "GET /digiarch3/content/repository/resource_content.jsp?oid=2688283&queryType=qs&queryString=%E6%BD%AE%E5%B7%9E%E9%8E%AE HTTP/1.1" 200 30258
66.249.71.64 - - [13/Dec/2015:06:34:05 +0800] "GET /content/nav/relationSubject.jsp?relationWords=API+%E6%A4%8D%E7%89%A9%E7%95%8C+%E7%B9%96%E5%BD%A2%E7%A7%91+%E9%9B%99%E5%AD%90%E8%91%89%E6%A4%8D%E7%89%A9+%E9%9B%B7%E5%85%AC%E6%A0%B9+%E9%9B%B7%E5%85%AC%E6%A0%B9%E5%B1%AC+&oid=1108194 HTTP/1.1" 200 3415
66.249.71.60 - - [13/Dec/2015:06:34:07 +0800] "GET /content/nav/relationSubject.jsp?relationWords=API%20%E6%A4%8D%E7%89%A9%E7%95%8C%20%E7%B9%96%E5%BD%A2%E7%A7%91%20%E9%9B%99%E5%AD%90%E8%91%89%E6%A4%8D%E7%89%A9%20%E9%9B%B7%E5%85%AC%E6%A0%B9%20%E9%9B%B7%E5%85%AC%E6%A0%B9%E5%B1%AC%20&oid=1108194 HTTP/1.1" 200 3415
66.249.71.64 - - [13/Dec/2015:06:34:19 +0800] "GET /content/repository/resource_content.jsp?oid=2658804&queryString=%E5%90%B3%E5%95%9F%E8%81%B0%20%E5%95%9F%E8%81%B0%20%E8%91%89%E6%9C%9D%E5%AE%97 HTTP/1.1" 200 30232
66.249.74.102 - - [13/Dec/2015:06:35:06 +0800] "GET /content/repository/resource_content.jsp?oid=1819269 HTTP/1.1" 200 28778
66.249.71.105 - - [13/Dec/2015:06:35:51 +0800] "GET /content/repository/resource_content.jsp?oid=1851220&queryType=qs&queryString=%E5%9B%9B%E7%93%A3%E8%8A%B1 HTTP/1.1" 200 30312
66.249.71.60 - - [13/Dec/2015:06:37:24 +0800] "GET /content/repository/resource_content.jsp?oid=1462888 HTTP/1.1" 200 31318
66.249.77.85 - - [13/Dec/2015:06:37:34 +0800] "GET /content/nav/relationSubject.jsp?relationWords=&oid=2613682 HTTP/1.1" 200 1405
36.225.32.183 - - [13/Dec/2015:06:37:43 +0800] "GET /content/subject/resource_content.jsp?oid=16777617&queryType=qc HTTP/1.1" 200 61014
36.225.32.183 - - [13/Dec/2015:06:37:44 +0800] "GET /content/nav/relationSubject.jsp?relationWords=%E7%94%A2%E5%A9%86+%E7%94%A2%E5%A9%A6+&oid=16777617 HTTP/1.1" 200 4361
66.249.71.60 - - [13/Dec/2015:06:38:10 +0800] "GET /content/repository/resource_content.jsp?oid=1522474 HTTP/1.1" 200 28732
66.249.74.100 - - [13/Dec/2015:06:38:57 +0800] "GET /content/repository/resource_content.jsp?oid=1522055 HTTP/1.1" 200 28915
66.249.71.105 - - [13/Dec/2015:06:39:43 +0800] "GET /content/repository/resource_content.jsp?oid=2616608&queryType=qs&queryString=%E6%A5%9A%E5%A7%9A%E9%8E%AE HTTP/1.1" 200 29501
66.249.71.64 - - [13/Dec/2015:06:40:03 +0800] "GET /content/nav/relationSubject.jsp?relationWords=%E6%A4%8D%E7%89%A9%E7%95%8C+%E7%85%99%E7%81%AB%E8%96%B9+%E8%8E%8E%E8%8D%89+%E8%8E%8E%E8%8D%89%E7%A7%91+%E8%96%B9%E5%B1%AC+&oid=1106277 HTTP/1.1" 200 3308
66.249.71.60 - - [13/Dec/2015:06:40:05 +0800] "GET /content/nav/relationSubject.jsp?relationWords=%E6%A4%8D%E7%89%A9%E7%95%8C%20%E7%85%99%E7%81%AB%E8%96%B9%20%E8%8E%8E%E8%8D%89%20%E8%8E%8E%E8%8D%89%E7%A7%91%20%E8%96%B9%E5%B1%AC%20&oid=1106277 HTTP/1.1" 200 3308
66.249.71.105 - - [13/Dec/2015:06:40:29 +0800] "GET /content/repository/resource_content.jsp?oid=4474352&queryType=qs&queryString=%E6%B0%B4%E7%A8%BB HTTP/1.1" 200 29272
66.249.74.102 - - [13/Dec/2015:06:41:16 +0800] "GET /content/repository/resource_content.jsp?oid=1529803&queryString=%E6%A1%90%E9%84%89%20%E8%8E%BF%E6%A1%90%20%E8%AC%9D%E6%96%B0%E7%99%BC HTTP/1.1" 200 29310
66.249.71.60 - - [13/Dec/2015:06:42:02 +0800] "GET /content/repository/resource_content.jsp?oid=1103694&queryString=%E6%A4%8D%E7%89%A9%E7%95%8C%20%E7%99%BD%E8%8A%B1%E8%8F%9C%20%E7%99%BD%E8%8A%B1%E8%8F%9C%E5%B1%AC%20%E7%99%BD%E8%8A%B1%E8%8F%9C%E7%A7%91 HTTP/1.1" 200 31392
66.249.77.85 - - [13/Dec/2015:06:42:49 +0800] "GET /content/subject/resource_content.jsp?oid=16777508&queryType=qs&queryString=%E6%9D%B1%E5%8D%97%E4%BA%9E HTTP/1.1" 200 36254
66.249.71.105 - - [13/Dec/2015:06:44:21 +0800] "GET /content/repository/resource_content.jsp?oid=2649590&queryType=qs&queryString=%E9%BB%83%E5%B2%A1%E7%B8%A3 HTTP/1.1" 200 30038
66.249.71.60 - - [13/Dec/2015:06:45:09 +0800] "GET /content/subject/resource_content.jsp?oid=16777824&queryType=qs&queryString=%E6%96%87%E5%8C%96%E8%B3%87%E7%94%A2 HTTP/1.1" 200 42550
66.249.71.59 - - [13/Dec/2015:06:46:40 +0800] "GET /content/repository/resource_content.jsp?oid=1562352&queryType=qs&queryString=%E4%B8%AD%E8%8F%AF%E8%B7%AF HTTP/1.1" 200 29590
199.30.24.146 - - [13/Dec/2015:06:46:57 +0800] "GET /content/nav/relationSubject.jsp?relationWords=%E5%88%BA%E5%B0%BE%E9%AF%9B+%E7%99%BD%E9%9D%A2+&oid=33554778 HTTP/1.1" 200 3389
66.249.74.59 - - [13/Dec/2015:06:47:27 +0800] "GET /content/repository/resource_content.jsp?oid=1888218&queryType=qs&queryString=%E5%90%B3%E6%B7%AE%E6%B0%B4 HTTP/1.1" 200 30063
66.249.71.105 - - [13/Dec/2015:06:47:43 +0800] "GET /content/nav/relationSubject.jsp?relationWords=%E5%B0%8F%E6%B8%AF%E9%84%89+%E6%B2%B9%E6%A7%BD+%E7%9F%B3%E6%B2%B9+&oid=1573365 HTTP/1.1" 200 4009
66.249.71.105 - - [13/Dec/2015:06:47:45 +0800] "GET /content/nav/relationSubject.jsp?relationWords=%E5%B0%8F%E6%B8%AF%E9%84%89%20%E6%B2%B9%E6%A7%BD%20%E7%9F%B3%E6%B2%B9%20&oid=1573365 HTTP/1.1" 200 4009
66.249.71.64 - - [13/Dec/2015:06:47:55 +0800] "GET /content/nav/relationSubject.jsp?relationWords=%E5%9B%BA%E5%AE%9A%E8%B3%87%E7%94%A2+%E7%9B%88%E9%A4%98+%E7%9B%AE%E6%A8%99+%E9%A0%90%E7%AE%97+&oid=1590853 HTTP/1.1" 200 3584
66.249.71.64 - - [13/Dec/2015:06:48:13 +0800] "GET /content/repository/resource_content.jsp?oid=1099938 HTTP/1.1" 200 31045
66.249.71.164 - - [13/Dec/2015:06:48:43 +0800] "GET /content/nav/relationSubject.jsp?relationWords=%E5%93%A8%E8%88%A1+&oid=2669963 HTTP/1.1" 200 3084
66.249.71.164 - - [13/Dec/2015:06:48:47 +0800] "GET /content/nav/relationSubject.jsp?relationWords=%E5%93%A8%E8%88%A1%20&oid=2669963 HTTP/1.1" 200 3084
66.249.71.72 - - [13/Dec/2015:06:49:00 +0800] "GET /content/repository/resource_content.jsp?oid=1459771 HTTP/1.1" 200 31058
66.249.71.64 - - [13/Dec/2015:06:49:34 +0800] "GET /content/repository/resource_content.jsp?oid=15166&queryString=%E5%A4%A9%E7%AB%BA%E9%AF%9B%E7%A7%91%20%E5%B7%A8%E9%BD%92%E5%A4%A9%E7%AB%BA%E9%AF%9B HTTP/1.1" 200 34704
66.249.71.60 - - [13/Dec/2015:06:49:43 +0800] "GET /content/nav/relationSubject.jsp?relationWords=%E6%8C%81%E7%AF%80+%E9%80%A0%E5%83%8F%E8%A8%98+&oid=1834304 HTTP/1.1" 200 3755
66.249.71.72 - - [13/Dec/2015:06:49:45 +0800] "GET /content/nav/relationSubject.jsp?relationWords=%E6%8C%81%E7%AF%80%20%E9%80%A0%E5%83%8F%E8%A8%98%20&oid=1834304 HTTP/1.1" 200 3755
66.249.74.100 - - [13/Dec/2015:06:49:48 +0800] "GET /content/repository/resource_content.jsp?oid=16506&queryString=%E6%9D%BF%E6%A9%9F%E9%AD%A8%20%E9%89%A4%E9%B1%97%E9%AD%A8%20%E9%B1%97%E9%AD%A8%20%E9%B1%97%E9%AD%A8%E7%A7%91 HTTP/1.1" 200 34179
123.125.71.78 - - [13/Dec/2015:06:49:54 +0800] "GET /digiarch_en/content/subject/resource_content.jsp?oid=16777305&queryType=qc HTTP/1.1" 200 31939
66.249.71.121 - - [13/Dec/2015:06:50:08 +0800] "GET /content/nav/relationSubject.jsp?relationWords=%E9%BB%91%E5%9C%B0+&oid=4475330 HTTP/1.1" 200 4209
66.249.71.105 - - [13/Dec/2015:06:50:11 +0800] "GET /content/nav/relationSubject.jsp?relationWords=%E9%BB%91%E5%9C%B0%20&oid=4475330 HTTP/1.1" 200 4209
114.36.41.156 - - [13/Dec/2015:06:50:17 +0800] "GET /content/nav/relationSubject.jsp?relationWords=%E7%A9%97%E8%8A%B1%E5%B1%B1%E5%A5%88+%E9%87%8E%E8%96%91%E8%8A%B1+&oid=16777263 HTTP/1.1" 200 3284
66.249.71.60 - - [13/Dec/2015:06:50:32 +0800] "GET /content/repository/resource_content.jsp?oid=1125989 HTTP/1.1" 200 31846
66.249.71.72 - - [13/Dec/2015:06:50:57 +0800] "GET /content/nav/relationSubject.jsp?relationWords=%E6%9F%84%E7%9C%BC%E7%9B%AE+%E7%90%89%E7%90%83%E9%B1%89%E7%94%B2%E8%9D%B8%E7%89%9B+%E8%85%B9%E8%B6%B3%E7%B6%B1+%E9%B1%89%E7%94%B2+%E9%B1%89%E7%94%B2%E8%9D%B8%E7%89%9B+%E9%B1%89%E7%94%B2%E8%9D%B8%E7%89%9B%E7%A7%91+&oid=1123757 HTTP/1.1" 200 3586
66.249.71.60 - - [13/Dec/2015:06:50:59 +0800] "GET /content/nav/relationSubject.jsp?relationWords=%E6%9F%84%E7%9C%BC%E7%9B%AE%20%E7%90%89%E7%90%83%E9%B1%89%E7%94%B2%E8%9D%B8%E7%89%9B%20%E8%85%B9%E8%B6%B3%E7%B6%B1%20%E9%B1%89%E7%94%B2%20%E9%B1%89%E7%94%B2%E8%9D%B8%E7%89%9B%20%E9%B1%89%E7%94%B2%E8%9D%B8%E7%89%9B%E7%A7%91%20&oid=1123757 HTTP/1.1" 200 3586
66.249.71.113 - - [13/Dec/2015:06:51:18 +0800] "GET /content/repository/resource_content.jsp?oid=2641266&queryType=qs&queryString=%E6%94%A4%E6%89%A3 HTTP/1.1" 200 30288
68.180.230.178 - - [13/Dec/2015:06:51:23 +0800] "GET /content/subject/resource_content.jsp?oid=16777734&queryType=qc HTTP/1.1" 200 40313
