66.249.71.121 - - [05/Dec/2015:01:36:43 +0800] "GET /content/repository/resource_content.jsp?oid=1557452&queryType=qs&queryString=%E6%87%B7%E7%89%B9 HTTP/1.1" 200 30227
1.175.26.127 - - [05/Dec/2015:01:37:06 +0800] "GET /content/nav/relationSubject.jsp?relationWords=%E6%9C%A8%E7%8A%80+%E6%A1%82%E8%8A%B1+&oid=16777255 HTTP/1.1" 200 4029
157.55.39.202 - - [05/Dec/2015:01:37:06 +0800] "GET /content/repository/resource_content.jsp?oid=3814902&queryString=%E4%B8%83%E6%98%9F%E6%96%91%E5%9B%8A%E6%9E%9C%E8%96%B9%20%E8%96%B9%E5%B1%AC%20%E9%8F%A1%E5%AD%90%E8%96%B9 HTTP/1.1" 200 31624
157.55.39.202 - - [05/Dec/2015:01:37:29 +0800] "GET /content/nav/relationSubject.jsp?relationWords=%E8%8C%84%E8%8B%B3+&oid=16777306 HTTP/1.1" 200 4432
157.55.39.202 - - [05/Dec/2015:01:40:35 +0800] "GET /content/tmp_tec/resource_content.jsp?oid=16777714 HTTP/1.1" 200 38293
66.249.71.72 - - [05/Dec/2015:01:41:04 +0800] "GET /content/subject/resource_content.jsp?oid=16777270&queryType=qs&queryString=%E7%BE%8E%E8%A1%93%E9%A4%A8 HTTP/1.1" 200 33789
66.249.71.64 - - [05/Dec/2015:01:41:11 +0800] "GET /content/nav/relationSubject.jsp?relationWords=&oid=2584517 HTTP/1.1" 200 1405
66.249.71.64 - - [05/Dec/2015:01:41:29 +0800] "GET /content/repository/resource_content.jsp?oid=2629749 HTTP/1.1" 200 29296
66.249.71.64 - - [05/Dec/2015:01:45:24 +0800] "GET /content/subject/resource_content.jsp?oid=16777467&queryType=qs&queryString=%E8%BE%B2%E5%A7%94%E6%9C%83 HTTP/1.1" 200 70816
104.135.11.82 - - [05/Dec/2015:01:45:34 +0800] "GET /content/repository/resource_content.jsp?oid=4353171&queryString=%E7%99%BD%E9%A0%B8%E8%B5%A4%E5%B0%BE%E5%86%AC%20%E9%87%91%E7%B7%9A%E9%AD%9A%E7%A7%91 HTTP/1.1" 200 34920
66.249.71.64 - - [05/Dec/2015:01:46:40 +0800] "GET /content/nav/relationSubject.jsp?relationWords=&oid=2561687 HTTP/1.1" 200 1405
66.249.71.72 - - [05/Dec/2015:01:47:25 +0800] "GET /content/nav/relationSubject.jsp?relationWords=%E6%A9%84%E6%AC%96%E5%BD%A2+%E6%A9%84%E6%AC%96%E5%BD%A2%E9%AA%A8%E7%8F%A0+%E6%AC%96%E5%BD%A2%E9%AA%A8%E7%8F%A0+%E9%AA%A8%E7%8F%A0+&oid=1862696 HTTP/1.1" 200 3179
66.249.71.60 - - [05/Dec/2015:01:47:27 +0800] "GET /content/nav/relationSubject.jsp?relationWords=%E6%A9%84%E6%AC%96%E5%BD%A2%20%E6%A9%84%E6%AC%96%E5%BD%A2%E9%AA%A8%E7%8F%A0%20%E6%AC%96%E5%BD%A2%E9%AA%A8%E7%8F%A0%20%E9%AA%A8%E7%8F%A0%20&oid=1862696 HTTP/1.1" 200 3179
157.55.39.202 - - [05/Dec/2015:01:47:56 +0800] "GET /content/repository/resource_content.jsp?oid=1633846 HTTP/1.1" 200 28957
66.249.71.72 - - [05/Dec/2015:01:49:47 +0800] "GET /content/repository/resource_content.jsp?oid=1806813&queryString=%E8%BB%8A%E9%A6%AC%E5%87%BA%E8%A1%8C%20%E8%BB%8A%E9%A8%8E%20%E9%9B%85%E5%AE%89%20%E9%A1%8C%E8%A8%98%20%E9%AB%98%E9%A0%A4%E9%97%95 HTTP/1.1" 200 36806
128.65.232.132 - - [05/Dec/2015:01:50:27 +0800] "GET /content/nav/relationSubject.jsp?relationWords=%E9%B0%93%E9%B0%BB+&oid=16777565 HTTP/1.1" 200 3700
66.249.71.64 - - [05/Dec/2015:01:51:55 +0800] "GET /content/nav/relationSubject.jsp?relationWords=&oid=2560397 HTTP/1.1" 200 1405
66.249.71.64 - - [05/Dec/2015:01:54:08 +0800] "GET /content/subject/resource_content.jsp?oid=16777476&queryType=qs&queryString=%E7%B6%93%E6%BF%9F%E8%A1%8C%E7%82%BA HTTP/1.1" 200 54216
128.65.232.132 - - [05/Dec/2015:01:55:29 +0800] "GET /content/nav/relationSubject.jsp?relationWords=%E9%B0%93%E9%B0%BB+&oid=16777565 HTTP/1.1" 200 3700
66.249.71.60 - - [05/Dec/2015:01:57:01 +0800] "GET /content/nav/relationSubject.jsp?relationWords=%E4%B8%BB%E7%B0%BF%20%E5%8A%9F%E6%9B%B9%20%E6%AD%A6%E6%A6%AE%E7%A5%A0%20%E6%AD%A6%E6%B0%8F%E7%A5%A0%20%E6%AD%A6%E6%B0%8F%E7%A5%A0%E5%89%8D%E7%9F%B3%E5%AE%A4%20%E8%BB%8A%E9%A8%8E%20&oid=1806813 HTTP/1.1" 200 6095
180.76.15.25 - - [05/Dec/2015:01:57:41 +0800] "GET /content/repository/resource_content.jsp?oid=693304&queryType=qs&queryString=%E9%98%BF%E7%A9%86%E7%88%BE HTTP/1.1" 200 28963
66.249.71.72 - - [05/Dec/2015:01:57:54 +0800] "GET /content/repository/resource_content.jsp?oid=3242364 HTTP/1.1" 200 24927
68.180.228.24 - - [05/Dec/2015:01:58:13 +0800] "GET /content/subject/resource_content.jsp?oid=16797260&queryType=qc HTTP/1.1" 200 47340
66.249.79.30 - - [05/Dec/2015:01:58:42 +0800] "GET /content/subject/resource_content.jsp?oid=16777488&queryType=qc HTTP/1.1" 200 60925
66.249.71.60 - - [05/Dec/2015:01:59:28 +0800] "GET /content/nav/relationSubject.jsp?relationWords=&oid=3242364 HTTP/1.1" 200 1405
207.46.13.46 - - [05/Dec/2015:02:02:24 +0800] "GET /content/repository/resource_content.jsp?oid=1775849 HTTP/1.1" 200 30464
66.249.71.60 - - [05/Dec/2015:02:02:50 +0800] "GET /content/subject/resource_content.jsp?oid=16777686&queryType=qs&queryString=%E7%94%9F%E9%AD%9A%E7%89%87 HTTP/1.1" 200 31813
66.249.71.72 - - [05/Dec/2015:02:02:59 +0800] "GET /content/repository/resource_content.jsp?oid=2563193 HTTP/1.1" 200 29121
68.180.228.24 - - [05/Dec/2015:02:03:46 +0800] "GET /digiarch_en/content/pictures/picture_content.jsp?oid=33554739&queryType=qc HTTP/1.1" 200 21923
123.125.71.117 - - [05/Dec/2015:02:03:49 +0800] "GET /digiarch_en/content/subject/resource_content.jsp?oid=16777488&queryType=qc HTTP/1.1" 200 52922
68.180.230.228 - - [05/Dec/2015:02:06:48 +0800] "GET /digiarch3/content/subject/resource_content.jsp?oid=16777465&queryType=qc HTTP/1.1" 200 27712
157.55.39.202 - - [05/Dec/2015:02:07:10 +0800] "GET /content/subject/resource_content.jsp?oid=16777654 HTTP/1.1" 200 63663
157.55.39.220 - - [05/Dec/2015:02:07:22 +0800] "GET /content/subject/resource_content.jsp?oid=16777728 HTTP/1.1" 200 65185
157.55.39.202 - - [05/Dec/2015:02:07:36 +0800] "GET /content/nav/relationSubject.jsp?relationWords=GIS+&oid=16777728 HTTP/1.1" 200 2507
66.249.71.60 - - [05/Dec/2015:02:09:09 +0800] "GET /content/repository/resource_content.jsp?oid=2607292 HTTP/1.1" 200 29078
66.249.71.60 - - [05/Dec/2015:02:09:11 +0800] "GET /content/repository/resource_content.jsp?oid=2561208 HTTP/1.1" 200 29142
66.249.71.60 - - [05/Dec/2015:02:09:41 +0800] "GET /content/repository/resource_content.jsp?oid=1815055 HTTP/1.1" 200 28883
66.249.71.60 - - [05/Dec/2015:02:11:34 +0800] "GET /content/repository/resource_content.jsp?oid=1781710 HTTP/1.1" 200 28642
207.46.13.79 - - [05/Dec/2015:02:12:06 +0800] "GET /content/subject/resource_content.jsp?oid=16777501 HTTP/1.1" 200 45724
207.46.13.79 - - [05/Dec/2015:02:12:07 +0800] "GET /content/subject/resource_content.jsp?oid=16777274 HTTP/1.1" 200 35517
207.46.13.79 - - [05/Dec/2015:02:12:09 +0800] "GET /content/subject/resource_content.jsp?oid=16777657 HTTP/1.1" 200 71705
157.55.39.220 - - [05/Dec/2015:02:12:10 +0800] "GET /content/subject/resource_content.jsp?oid=16777395 HTTP/1.1" 200 33643
157.55.39.220 - - [05/Dec/2015:02:12:11 +0800] "GET /content/subject/resource_content.jsp?oid=16777275 HTTP/1.1" 200 34229
157.55.39.202 - - [05/Dec/2015:02:12:15 +0800] "GET /content/subject/resource_content.jsp?oid=16777512 HTTP/1.1" 200 34525
157.55.39.202 - - [05/Dec/2015:02:12:16 +0800] "GET /content/subject/resource_content.jsp?oid=16777494 HTTP/1.1" 200 51609
66.249.71.64 - - [05/Dec/2015:02:12:20 +0800] "GET /content/repository/resource_content.jsp?oid=2544890 HTTP/1.1" 200 29147
66.249.71.5 - - [05/Dec/2015:02:12:22 +0800] "GET /digiarch/content/repository/resource_content.jsp?oid=4457291 HTTP/1.1" 404 14873
66.249.71.60 - - [05/Dec/2015:02:12:24 +0800] "GET /content/repository/resource_content.jsp?oid=2622417 HTTP/1.1" 200 29136
207.46.13.46 - - [05/Dec/2015:02:12:39 +0800] "GET /content/subject/resource_content.jsp?oid=16777492 HTTP/1.1" 200 35502
207.46.13.46 - - [05/Dec/2015:02:12:40 +0800] "GET /content/subject/resource_content.jsp?oid=16777396 HTTP/1.1" 200 34876
66.249.71.60 - - [05/Dec/2015:02:12:51 +0800] "GET /content/repository/resource_content.jsp?oid=1622891 HTTP/1.1" 200 28570
125.122.81.147 - - [05/Dec/2015:02:13:20 +0800] "GET /content/repository/resource_content.jsp?oid=1816549 HTTP/1.1" 200 28777
125.122.81.147 - - [05/Dec/2015:02:13:23 +0800] "GET /content/nav/relationSubject.jsp?relationWords=&oid=1816549 HTTP/1.1" 200 1405
66.249.71.155 - - [05/Dec/2015:02:13:57 +0800] "GET /content/repository/resource_content.jsp?oid=2656545&queryType=qs&queryString=%E6%B0%B4%E5%B8%AB%E6%8F%90%E7%9D%A3 HTTP/1.1" 200 30306
66.249.71.60 - - [05/Dec/2015:02:14:45 +0800] "GET /content/nav/relationSubject.jsp?relationWords=%E5%B7%A1%E6%92%AB+&oid=2629749 HTTP/1.1" 200 3084
66.249.71.60 - - [05/Dec/2015:02:14:49 +0800] "GET /content/nav/relationSubject.jsp?relationWords=%E5%B7%A1%E6%92%AB%20&oid=2629749 HTTP/1.1" 200 3084
66.249.71.60 - - [05/Dec/2015:02:15:30 +0800] "GET /content/repository/resource_content.jsp?oid=2659995&queryString=%E7%B1%B3%E9%BA%A5%E8%B1%86%E7%9F%B3 HTTP/1.1" 200 30275
66.249.71.60 - - [05/Dec/2015:02:15:33 +0800] "GET /content/repository/resource_content.jsp?oid=2605844 HTTP/1.1" 200 29352
66.249.71.14 - - [05/Dec/2015:02:15:54 +0800] "GET /digiarch3/content/repository/resource_content.jsp?oid=1887153&queryString=%E8%88%B9%E5%BD%A2%E8%96%84%E6%AE%BC%E8%9B%A4%20%E8%96%84%E6%AE%BC%E8%9B%A4%E5%B1%AC%20%E8%96%84%E6%AE%BC%E8%9B%A4%E7%A7%91%20%E9%9B%99%E6%AE%BC%E7%B6%B1 HTTP/1.1" 200 31644
66.249.71.64 - - [05/Dec/2015:02:16:10 +0800] "GET /content/repository/resource_content.jsp?oid=2151804 HTTP/1.1" 200 31095
66.249.71.60 - - [05/Dec/2015:02:16:51 +0800] "GET /content/repository/resource_content.jsp?oid=2605761 HTTP/1.1" 200 29089
66.249.71.60 - - [05/Dec/2015:02:18:39 +0800] "GET /content/repository/resource_content.jsp?oid=2609760 HTTP/1.1" 200 29253
66.249.71.64 - - [05/Dec/2015:02:18:40 +0800] "GET /content/repository/resource_content.jsp?oid=2605508 HTTP/1.1" 200 29265
66.249.71.72 - - [05/Dec/2015:02:19:20 +0800] "GET /content/repository/resource_content.jsp?oid=1865532 HTTP/1.1" 200 29589
66.249.77.91 - - [05/Dec/2015:02:20:17 +0800] "GET /content/repository/resource_content.jsp?oid=2548793&queryType=qs&queryString=%E8%88%9F%E5%B1%B1 HTTP/1.1" 200 30001
66.249.71.155 - - [05/Dec/2015:02:21:49 +0800] "GET /content/repository/resource_content.jsp?oid=2685335&queryString=%E4%BD%9B%E9%BE%95%20%E6%B6%85%E6%A7%83%20%E9%96%8B%E7%9A%87 HTTP/1.1" 200 30319
66.249.71.60 - - [05/Dec/2015:02:21:50 +0800] "GET /content/repository/resource_content.jsp?oid=1834879 HTTP/1.1" 200 29827
66.249.71.64 - - [05/Dec/2015:02:22:16 +0800] "GET /content/repository/resource_content.jsp?oid=17594 HTTP/1.1" 200 29811
66.249.71.5 - - [05/Dec/2015:02:23:08 +0800] "GET /digiarch3/content/nav/relationSubject.jsp?relationWords=%E8%88%B9%E5%BD%A2%E8%96%84%E6%AE%BC%E8%9B%A4%20%E8%96%84%E6%AE%BC%20%E8%96%84%E6%AE%BC%E8%9B%A4%20%E8%96%84%E6%AE%BC%E8%9B%A4%E5%B1%AC%20%E8%96%84%E6%AE%BC%E8%9B%A4%E7%A7%91%20%E8%9B%A4%E7%A7%91%20%E9%9B%99%E6%AE%BC%E7%B6%B1%20&oid=1887153 HTTP/1.1" 200 3652
207.46.13.79 - - [05/Dec/2015:02:23:22 +0800] "GET /content/repository/resource_content.jsp?oid=1458875 HTTP/1.1" 200 30797
66.249.77.97 - - [05/Dec/2015:02:24:05 +0800] "GET /content/nav/relationSubject.jsp?relationWords=%E5%B7%A1%E6%8C%89+%E5%B7%A1%E6%8C%89%E5%BE%A1%E5%8F%B2+%E5%BE%A1%E5%8F%B2+%E7%81%BD%E5%82%B7%E4%BA%8B+&oid=2662743 HTTP/1.1" 200 3263
66.249.77.85 - - [05/Dec/2015:02:24:07 +0800] "GET /content/nav/relationSubject.jsp?relationWords=%E5%B7%A1%E6%8C%89%20%E5%B7%A1%E6%8C%89%E5%BE%A1%E5%8F%B2%20%E5%BE%A1%E5%8F%B2%20%E7%81%BD%E5%82%B7%E4%BA%8B%20&oid=2662743 HTTP/1.1" 200 3263
66.249.77.91 - - [05/Dec/2015:02:24:36 +0800] "GET /content/subject/resource_content.jsp?oid=16777615&queryType=qs&queryString=%E7%BE%8E%E5%B0%91%E5%A5%B3 HTTP/1.1" 200 37896
66.249.71.64 - - [05/Dec/2015:02:24:50 +0800] "GET /content/repository/resource_content.jsp?oid=1869373 HTTP/1.1" 200 29457
125.122.81.147 - - [05/Dec/2015:02:25:33 +0800] "GET /content/repository/resource_content.jsp?oid=1816549 HTTP/1.1" 200 28777
125.122.81.147 - - [05/Dec/2015:02:25:34 +0800] "GET /content/nav/relationSubject.jsp?relationWords=&oid=1816549 HTTP/1.1" 200 1405
66.249.71.155 - - [05/Dec/2015:02:25:39 +0800] "GET /content/nav/relationSubject.jsp?relationWords=%E5%B7%A5%E9%83%A8+%E6%8F%90%E7%9D%A3+&oid=2656545 HTTP/1.1" 200 3994
66.249.71.155 - - [05/Dec/2015:02:25:40 +0800] "GET /content/nav/relationSubject.jsp?relationWords=%E5%B7%A5%E9%83%A8%20%E6%8F%90%E7%9D%A3%20&oid=2656545 HTTP/1.1" 200 3994
66.249.71.72 - - [05/Dec/2015:02:25:44 +0800] "GET /content/repository/resource_content.jsp?oid=1873914 HTTP/1.1" 200 29709
207.46.13.46 - - [05/Dec/2015:02:27:13 +0800] "GET /content/repository/resource_content.jsp?oid=1779811&queryString=%E5%8F%B0%E7%81%A3%E5%8E%9F%E4%BD%8F%E6%B0%91%20%E6%95%B8%E4%BD%8D%E5%85%B8%E8%97%8F HTTP/1.1" 200 30531
66.249.71.72 - - [05/Dec/2015:02:27:19 +0800] "GET /content/repository/resource_content.jsp?oid=1870705 HTTP/1.1" 200 29230
157.55.39.220 - - [05/Dec/2015:02:28:12 +0800] "GET /content/subject/resource_content.jsp?oid=16777514 HTTP/1.1" 200 42844
66.249.71.60 - - [05/Dec/2015:02:28:16 +0800] "GET /content/repository/resource_content.jsp?oid=2685266&queryString=%E6%97%97%E5%93%A1 HTTP/1.1" 200 30500
66.249.71.72 - - [05/Dec/2015:02:29:00 +0800] "GET /content/repository/resource_content.jsp?oid=2628332 HTTP/1.1" 200 29199
157.55.39.220 - - [05/Dec/2015:02:31:14 +0800] "GET /content/nav/relationSubject.jsp?relationWords=&oid=16777385 HTTP/1.1" 200 1405
66.249.71.72 - - [05/Dec/2015:02:31:32 +0800] "GET /content/repository/resource_content.jsp?oid=19553 HTTP/1.1" 200 29817
66.249.71.60 - - [05/Dec/2015:02:32:05 +0800] "GET /content/repository/resource_content.jsp?oid=1858303 HTTP/1.1" 200 29316
66.249.77.97 - - [05/Dec/2015:02:33:19 +0800] "GET /content/repository/resource_content.jsp?oid=1101077&queryType=qs&queryString=%E7%8D%85%E5%AD%90%E8%8D%89 HTTP/1.1" 200 31294
66.249.71.72 - - [05/Dec/2015:02:33:40 +0800] "GET /content/repository/resource_content.jsp?oid=1853314 HTTP/1.1" 200 29514
66.249.88.240 - - [05/Dec/2015:02:34:58 +0800] "GET /content/repository/resource_content.jsp?oid=4353171&queryString=%E7%99%BD%E9%A0%B8%E8%B5%A4%E5%B0%BE%E5%86%AC%20%E9%87%91%E7%B7%9A%E9%AD%9A%E7%A7%91 HTTP/1.1" 200 34920
66.249.88.240 - - [05/Dec/2015:02:35:04 +0800] "GET /content/nav/relationSubject.jsp?relationWords=%E7%99%BD%E9%A0%B8%E8%B5%A4%E5%B0%BE%E5%86%AC+%E7%B4%85%E6%B5%B7+%E7%B4%85%E6%B5%B7%E9%AF%BD+%E8%B5%A4%E5%B0%BE%E5%86%AC+%E8%B5%A4%E5%B0%BE%E5%86%AC%E4%BB%94+%E9%87%91%E7%B7%9A%E9%AD%9A+%E9%87%91%E7%B7%9A%E9%AD%9A%E7%A7%91+&oid=4353171 HTTP/1.1" 200 3681
66.249.77.85 - - [05/Dec/2015:02:35:16 +0800] "GET /content/subject/resource_content.jsp?oid=16777714&queryType=qc HTTP/1.1" 200 42393
66.249.71.72 - - [05/Dec/2015:02:35:23 +0800] "GET /content/nav/relationSubject.jsp?relationWords=%E6%9D%8E%E7%B6%AD%20%E7%B3%A7%E5%8B%99%20&oid=2628332 HTTP/1.1" 200 3128
66.249.71.72 - - [05/Dec/2015:02:36:33 +0800] "GET /content/nav/relationSubject.jsp?relationWords=%E5%AE%B6%E5%B1%8B%E8%A3%9D%E9%A3%BE%20%E6%9C%A8%E9%9B%95%20&oid=1781710 HTTP/1.1" 200 3034
66.249.71.60 - - [05/Dec/2015:02:36:54 +0800] "GET /content/repository/resource_content.jsp?oid=2562005 HTTP/1.1" 200 29386
66.249.71.60 - - [05/Dec/2015:02:37:28 +0800] "GET /content/repository/resource_content.jsp?oid=2579298 HTTP/1.1" 200 29120
66.249.77.97 - - [05/Dec/2015:02:37:29 +0800] "GET /content/nav/relationSubject.jsp?relationWords=%E5%A0%82%E9%8A%9C+%E5%A4%AA%E5%B8%B8%E5%AF%BA+%E9%8A%9C%E4%BA%8B+&oid=2667229 HTTP/1.1" 200 3166
66.249.77.85 - - [05/Dec/2015:02:37:31 +0800] "GET /content/nav/relationSubject.jsp?relationWords=%E5%A0%82%E9%8A%9C%20%E5%A4%AA%E5%B8%B8%E5%AF%BA%20%E9%8A%9C%E4%BA%8B%20&oid=2667229 HTTP/1.1" 200 3166
66.249.71.60 - - [05/Dec/2015:02:37:37 +0800] "GET /content/repository/resource_content.jsp?oid=2557833 HTTP/1.1" 200 28968
66.249.71.14 - - [05/Dec/2015:02:37:42 +0800] "GET /digiarch3/content/repository/resource_content.jsp?oid=1592990&queryType=qs&queryString=%E8%8A%B1%E6%9D%B1%E6%B5%B7%E5%B2%B8 HTTP/1.1" 200 29033
123.125.71.74 - - [05/Dec/2015:02:38:38 +0800] "GET /digiarch_en/content/subject/resource_content.jsp?oid=16777770&queryType=qc HTTP/1.1" 200 50842
66.249.71.60 - - [05/Dec/2015:02:38:47 +0800] "GET /content/nav/relationSubject.jsp?relationWords=&oid=2563193 HTTP/1.1" 200 1405
66.249.71.64 - - [05/Dec/2015:02:41:13 +0800] "GET /content/repository/resource_content.jsp?oid=2562196 HTTP/1.1" 200 29783
66.249.71.60 - - [05/Dec/2015:02:42:05 +0800] "GET /content/repository/resource_content.jsp?oid=1636549 HTTP/1.1" 200 28834
66.249.71.72 - - [05/Dec/2015:02:43:23 +0800] "GET /content/nav/relationSubject.jsp?relationWords=%E6%BC%95%E7%99%BD+%E7%A6%AE%E9%83%A8+%E7%B1%B3%E9%BA%A5%E8%B1%86%E7%9F%B3+%E8%B1%86%E7%9F%B3+&oid=2659995 HTTP/1.1" 200 3221
66.249.71.60 - - [05/Dec/2015:02:43:24 +0800] "GET /content/nav/relationSubject.jsp?relationWords=%E6%BC%95%E7%99%BD%20%E7%A6%AE%E9%83%A8%20%E7%B1%B3%E9%BA%A5%E8%B1%86%E7%9F%B3%20%E8%B1%86%E7%9F%B3%20&oid=2659995 HTTP/1.1" 200 3221
66.249.71.121 - - [05/Dec/2015:02:46:25 +0800] "GET /content/repository/resource_content.jsp?oid=1448616&queryType=qs&queryString=%E5%B0%8F%E6%8A%B9%E9%A6%99%E9%AE%AB HTTP/1.1" 200 30126
66.249.71.72 - - [05/Dec/2015:02:46:41 +0800] "GET /content/repository/resource_content.jsp?oid=1535772 HTTP/1.1" 200 28695
1.175.26.127 - - [05/Dec/2015:02:47:49 +0800] "GET /content/nav/relationSubject.jsp?relationWords=%E6%9C%A8%E7%8A%80+%E6%A1%82%E8%8A%B1+&oid=16777255 HTTP/1.1" 200 4029
66.249.71.72 - - [05/Dec/2015:02:48:29 +0800] "GET /content/nav/relationSubject.jsp?relationWords=%E7%99%BD%E9%99%B6+%E7%99%BD%E9%99%B6%E7%89%87+&oid=1870705 HTTP/1.1" 200 3090
123.125.71.73 - - [05/Dec/2015:02:48:32 +0800] "GET /content/repository/resource_content.jsp?oid=1829403 HTTP/1.1" 200 28629
66.249.71.60 - - [05/Dec/2015:02:48:37 +0800] "GET /content/nav/relationSubject.jsp?relationWords=%E7%99%BD%E9%99%B6%20%E7%99%BD%E9%99%B6%E7%89%87%20&oid=1870705 HTTP/1.1" 200 3090
66.249.71.60 - - [05/Dec/2015:02:48:44 +0800] "GET /content/nav/relationSubject.jsp?relationWords=%E5%B0%8F%E5%B1%AF%E5%A2%93+&oid=1834879 HTTP/1.1" 200 3026
66.249.71.60 - - [05/Dec/2015:02:48:46 +0800] "GET /content/nav/relationSubject.jsp?relationWords=%E5%B0%8F%E5%B1%AF%E5%A2%93%20&oid=1834879 HTTP/1.1" 200 3026
66.249.71.164 - - [05/Dec/2015:02:50:46 +0800] "GET /content/repository/resource_content.jsp?oid=2656545&queryType=qs&queryString=%E6%B0%B4%E5%B8%AB%E6%8F%90%E7%9D%A3 HTTP/1.1" 200 30306
66.249.71.72 - - [05/Dec/2015:02:51:25 +0800] "GET /content/repository/resource_content.jsp?oid=1782556 HTTP/1.1" 200 28863
66.249.71.60 - - [05/Dec/2015:02:52:03 +0800] "GET /content/nav/relationSubject.jsp?relationWords=%E5%8C%97%E6%B8%AF%E6%BA%AA%20%E5%8C%97%E6%B8%AF%E9%8E%AE%20%E5%AE%89%E5%85%A8%E6%A1%88%20%E5%AF%B6%E9%9A%86%20%E5%BB%A2%E6%B0%B4%20%E5%BB%BA%E8%A8%AD%E5%BB%B3%20%E6%9E%97%E5%85%A7%20&oid=1636549 HTTP/1.1" 200 7196
66.249.71.60 - - [05/Dec/2015:02:53:00 +0800] "GET /content/repository/resource_content.jsp?oid=1774639 HTTP/1.1" 200 28952
54.236.1.69 - - [05/Dec/2015:02:54:32 +0800] "GET /content/repository/resource_content.jsp?oid=1457352 HTTP/1.1" 200 30927
66.249.71.72 - - [05/Dec/2015:02:54:35 +0800] "GET /content/repository/resource_content.jsp?oid=2656740 HTTP/1.1" 200 29569
66.249.77.97 - - [05/Dec/2015:02:55:06 +0800] "GET /content/repository/resource_content.jsp?oid=1105349&queryType=qs&queryString=%E7%8D%85%E5%AD%90%E8%8D%89 HTTP/1.1" 200 31368
157.55.39.220 - - [05/Dec/2015:02:55:57 +0800] "GET /content/repository/resource_content.jsp?oid=1896474 HTTP/1.1" 200 31755
66.249.71.60 - - [05/Dec/2015:02:56:11 +0800] "GET /content/subject/resource_content.jsp?oid=16777298 HTTP/1.1" 200 28260
207.46.13.79 - - [05/Dec/2015:02:56:15 +0800] "GET /content/nav/relationSubject.jsp?relationWords=%E4%BA%92%E5%8A%A9%E6%9C%83+%E4%BF%8A%E5%82%91+%E5%B0%8A%E5%9A%B4%E6%A1%88+%E6%9E%97%E8%BC%9D+%E6%AC%8A%E5%88%A9+%E7%8E%8B%E5%AE%89+%E7%8E%8B%E5%AE%89%E9%A0%86+%E7%A6%8F%E5%88%A9%E4%BA%92%E5%8A%A9+%E7%BE%8E%E6%BF%83+%E7%BE%8E%E6%BF%83%E9%8E%AE+%E8%87%BA%E7%81%A3%E7%9C%81+%E8%8F%9C%E5%B8%82%E5%A0%B4+%E8%94%A1%E4%BB%8B%E9%9B%84+%E8%AA%BF%E6%9F%A5%E7%A0%94%E7%A9%B6+%E9%83%AD%E9%9B%A8+%E9%83%AD%E9%9B%A8%E6%96%B0+%E9%9B%A8%E6%96%B0+%E9%B3%B3%E5%B1%B1%E9%8E%AE+%E9%BB%83%E5%8D%A0+%E9%BB%83%E5%8D%A0%E5%B2%B8+%E9%BB%83%E7%A6%8F+&oid=1896474 HTTP/1.1" 200 6278
157.55.39.202 - - [05/Dec/2015:02:56:58 +0800] "GET /content/repository/resource_content.jsp?oid=3817682&queryString=%E6%A4%8D%E7%89%A9%E7%95%8C%20%E6%A7%B2%E6%A8%B9%20%E6%AB%9F%E5%B1%AC%20%E6%AE%BC%E6%96%97%E7%A7%91 HTTP/1.1" 200 30906
66.249.71.164 - - [05/Dec/2015:02:57:46 +0800] "GET /content/repository/resource_content.jsp?oid=2667229&queryString=%E8%81%B7%E9%8A%9C%E4%BA%8B%20%E9%84%82%E5%AF%A7%20%E9%8A%9C%E4%BA%8B HTTP/1.1" 200 30306
66.249.71.121 - - [05/Dec/2015:02:59:29 +0800] "GET /content/repository/resource_content.jsp?oid=1777500&queryType=qs&queryString=%E9%9F%B3%E6%A8%82%E5%8F%B2 HTTP/1.1" 200 29454
66.249.71.72 - - [05/Dec/2015:02:59:43 +0800] "GET /content/subject/resource_content.jsp?oid=16777243&queryString=%E6%8B%93%E7%89%87 HTTP/1.1" 500 15712
66.249.71.60 - - [05/Dec/2015:03:00:10 +0800] "GET /content/subject/resource_content.jsp?oid=16777428&queryString=%E7%A7%8B%E6%B5%B7%E6%A3%A0 HTTP/1.1" 500 15712
66.249.71.60 - - [05/Dec/2015:03:00:20 +0800] "GET /content/subject/resource_content.jsp?oid=16777318&queryString=%E7%A7%8B%E6%B5%B7%E6%A3%A0 HTTP/1.1" 500 15712
66.249.71.60 - - [05/Dec/2015:03:00:31 +0800] "GET /content/subject/resource_content.jsp?oid=16777319&queryString=%E7%A7%8B%E6%B5%B7%E6%A3%A0 HTTP/1.1" 500 15712
66.249.71.60 - - [05/Dec/2015:03:00:41 +0800] "GET /content/subject/resource_content.jsp?oid=16777317&queryString=%E7%A7%8B%E6%B5%B7%E6%A3%A0 HTTP/1.1" 500 15712
66.249.71.60 - - [05/Dec/2015:03:01:00 +0800] "GET /content/repository/resource_content.jsp?oid=1559028 HTTP/1.1" 200 28671
157.55.39.202 - - [05/Dec/2015:03:02:48 +0800] "GET /content/tmp_tec/resource_content.jsp?oid=16777736 HTTP/1.1" 200 36909
66.249.71.121 - - [05/Dec/2015:03:03:24 +0800] "GET /content/nav/relationSubject.jsp?relationWords=%E5%B8%83%E8%BE%B2%20%E5%B8%83%E8%BE%B2%E6%97%8F%20&oid=1777500 HTTP/1.1" 200 3193
66.249.71.14 - - [05/Dec/2015:03:04:06 +0800] "GET /digiarch3/content/repository/resource_content.jsp?oid=14965&queryString=%E6%A7%8D%E9%A0%AD%E7%9F%B3%E6%96%91%E9%AD%9A%20%E9%81%8E%E9%AD%9A%20%E9%9E%8D%E5%B8%B6%E7%9F%B3%E6%96%91%E9%AD%9A%20%E9%AE%A8%E7%A7%91%20%E9%BE%8D%E8%86%BD%E7%9F%B3%E6%96%91 HTTP/1.1" 200 34607
66.249.71.64 - - [05/Dec/2015:03:04:18 +0800] "GET /content/nav/relationSubject.jsp?relationWords=%E9%AD%AF%E5%87%B1+%E9%AD%AF%E5%87%B1%E6%97%8F+&oid=1782556 HTTP/1.1" 200 3137
66.249.71.60 - - [05/Dec/2015:03:04:20 +0800] "GET /content/nav/relationSubject.jsp?relationWords=%E9%AD%AF%E5%87%B1%20%E9%AD%AF%E5%87%B1%E6%97%8F%20&oid=1782556 HTTP/1.1" 200 3137
66.249.77.97 - - [05/Dec/2015:03:04:32 +0800] "GET /content/nav/relationSubject.jsp?relationWords=&oid=16777561 HTTP/1.1" 200 1405
66.249.71.72 - - [05/Dec/2015:03:05:43 +0800] "GET /content/repository/resource_content.jsp?oid=1102170 HTTP/1.1" 200 30553
223.142.102.45 - - [05/Dec/2015:03:06:40 +0800] "GET /digiarch2/content/repository/resource_content.jsp?queryString=%E5%99%A8%E7%89%A9&oid=4363095&queryType=qc HTTP/1.1" 200 8886
66.249.71.72 - - [05/Dec/2015:03:07:17 +0800] "GET /content/repository/resource_content.jsp?oid=1543913 HTTP/1.1" 200 28568
66.249.71.60 - - [05/Dec/2015:03:08:01 +0800] "GET /content/nav/relationSubject.jsp?relationWords=%E6%A4%8D%E7%89%A9%E7%95%8C+%E7%AB%B9%E4%BB%94%E8%8F%9C+%E7%AF%80%E7%AF%80%E8%8D%89+%E9%B4%A8%E8%B7%96%E8%8D%89+%E9%B4%A8%E8%B7%96%E8%8D%89%E5%B1%AC+%E9%B4%A8%E8%B7%96%E8%8D%89%E7%A7%91+&oid=2151804 HTTP/1.1" 200 3480
66.249.71.60 - - [05/Dec/2015:03:08:02 +0800] "GET /content/nav/relationSubject.jsp?relationWords=%E6%A4%8D%E7%89%A9%E7%95%8C%20%E7%AB%B9%E4%BB%94%E8%8F%9C%20%E7%AF%80%E7%AF%80%E8%8D%89%20%E9%B4%A8%E8%B7%96%E8%8D%89%20%E9%B4%A8%E8%B7%96%E8%8D%89%E5%B1%AC%20%E9%B4%A8%E8%B7%96%E8%8D%89%E7%A7%91%20&oid=2151804 HTTP/1.1" 200 3480
66.249.71.121 - - [05/Dec/2015:03:08:12 +0800] "GET /content/repository/resource_content.jsp?oid=2510811&queryType=qs&queryString=%E5%8D%81%E5%BA%9C HTTP/1.1" 200 30067
66.249.71.164 - - [05/Dec/2015:03:08:52 +0800] "GET /content/repository/resource_content.jsp?oid=2596344&queryType=qs&queryString=%E9%91%84%E7%99%BC HTTP/1.1" 200 28944
66.249.71.72 - - [05/Dec/2015:03:10:39 +0800] "GET /content/repository/resource_content.jsp?oid=2585031 HTTP/1.1" 200 28947
66.249.71.60 - - [05/Dec/2015:03:12:02 +0800] "GET /content/repository/resource_content.jsp?oid=2597415 HTTP/1.1" 200 29132
66.249.71.155 - - [05/Dec/2015:03:12:31 +0800] "GET /content/repository/resource_content.jsp?oid=3812048&queryString=%E5%8D%B7%E6%9F%8F%20%E5%8D%B7%E6%9F%8F%E5%B1%AC%20%E6%9D%BE%E9%96%80%20%E6%9F%8F%E7%A7%91%20%E6%A4%8D%E7%89%A9%E7%95%8C%20%E7%8E%89%E5%B1%B1%E5%8D%B7%E6%9F%8F%20%E7%9F%B3%E6%9D%BE HTTP/1.1" 200 31636
66.249.71.105 - - [05/Dec/2015:03:13:07 +0800] "GET /content/nav/relationSubject.jsp?relationWords=%E5%B8%B8%E5%B9%B3+%E5%B8%B8%E5%B9%B3%E5%80%89+%E6%B9%96%E5%BB%A3+%E6%B9%96%E5%BB%A3%E7%B8%BD%E7%9D%A3+&oid=2510811 HTTP/1.1" 200 3255
66.249.71.105 - - [05/Dec/2015:03:13:09 +0800] "GET /content/nav/relationSubject.jsp?relationWords=%E5%B8%B8%E5%B9%B3%20%E5%B8%B8%E5%B9%B3%E5%80%89%20%E6%B9%96%E5%BB%A3%20%E6%B9%96%E5%BB%A3%E7%B8%BD%E7%9D%A3%20&oid=2510811 HTTP/1.1" 200 3255
66.249.71.105 - - [05/Dec/2015:03:13:15 +0800] "GET /content/nav/relationSubject.jsp?relationWords=%E5%90%8F%E9%83%A8+%E8%80%86%E6%B0%91+&oid=2678362 HTTP/1.1" 200 3136
66.249.71.105 - - [05/Dec/2015:03:13:18 +0800] "GET /content/nav/relationSubject.jsp?relationWords=%E5%90%8F%E9%83%A8%20%E8%80%86%E6%B0%91%20&oid=2678362 HTTP/1.1" 200 3136
66.249.71.72 - - [05/Dec/2015:03:13:37 +0800] "GET /content/repository/resource_content.jsp?oid=2598268 HTTP/1.1" 200 29058
66.249.71.72 - - [05/Dec/2015:03:13:58 +0800] "GET /content/nav/relationSubject.jsp?relationWords=&oid=2611619 HTTP/1.1" 200 1405
66.249.71.72 - - [05/Dec/2015:03:15:13 +0800] "GET /content/repository/resource_content.jsp?oid=2611174 HTTP/1.1" 200 29065
66.249.71.113 - - [05/Dec/2015:03:16:55 +0800] "GET /content/repository/resource_content.jsp?oid=1619415&queryType=qs&queryString=%E6%9D%BE%E5%B9%B3 HTTP/1.1" 200 29027
66.249.71.64 - - [05/Dec/2015:03:18:23 +0800] "GET /content/repository/resource_content.jsp?oid=2582515 HTTP/1.1" 200 28924
66.249.71.64 - - [05/Dec/2015:03:19:58 +0800] "GET /content/repository/resource_content.jsp?oid=2616332 HTTP/1.1" 200 28715
157.55.39.202 - - [05/Dec/2015:03:21:01 +0800] "GET /content/subject/resource_content.jsp?oid=16797340&queryType=qc HTTP/1.1" 200 63036
207.46.13.79 - - [05/Dec/2015:03:21:15 +0800] "GET /content/nav/relationSubject.jsp?relationWords=%E5%8A%89%E5%85%B6%E5%81%89+&oid=16797340 HTTP/1.1" 200 1415
66.249.71.64 - - [05/Dec/2015:03:21:16 +0800] "GET /content/repository/resource_content.jsp?oid=1110327&queryString=%E6%A4%8D%E7%89%A9%E7%95%8C%20%E8%8A%B1%E8%93%BC%20%E8%93%BC%E5%B1%AC%20%E8%93%BC%E7%A7%91 HTTP/1.1" 200 31020
66.249.71.60 - - [05/Dec/2015:03:21:33 +0800] "GET /content/repository/resource_content.jsp?oid=2624377 HTTP/1.1" 200 29103
66.249.71.60 - - [05/Dec/2015:03:22:49 +0800] "GET /content/nav/relationSubject.jsp?relationWords=%E6%A4%8D%E7%89%A9%E7%95%8C%20%E8%8A%B1%E8%93%BC%20%E8%93%BC%E5%B1%AC%20%E8%93%BC%E7%A7%91%20&oid=1110327 HTTP/1.1" 200 3273
190.239.113.254 - - [05/Dec/2015:03:22:56 +0800] "GET /content/nav/relationSubject.jsp?relationWords=GIS+GPS+&oid=16777344 HTTP/1.1" 200 2228
66.249.71.164 - - [05/Dec/2015:03:23:46 +0800] "GET /content/nav/relationSubject.jsp?relationWords=%E6%9D%BE%E5%B1%AC+%E6%9D%BE%E7%A7%91+%E6%9D%BE%E9%96%80+%E6%A4%8D%E7%89%A9%E7%95%8C+%E7%9B%B8%E9%A6%AC%E6%B0%8F+%E7%9B%B8%E9%A6%AC%E6%B0%8F%E7%9F%B3%E6%9D%BE+%E7%9F%B3%E6%9D%BE+%E7%9F%B3%E6%9D%BE%E5%B1%AC+&oid=3812048 HTTP/1.1" 200 3466
66.249.71.155 - - [05/Dec/2015:03:23:49 +0800] "GET /content/nav/relationSubject.jsp?relationWords=%E6%9D%BE%E5%B1%AC%20%E6%9D%BE%E7%A7%91%20%E6%9D%BE%E9%96%80%20%E6%A4%8D%E7%89%A9%E7%95%8C%20%E7%9B%B8%E9%A6%AC%E6%B0%8F%20%E7%9B%B8%E9%A6%AC%E6%B0%8F%E7%9F%B3%E6%9D%BE%20%E7%9F%B3%E6%9D%BE%20%E7%9F%B3%E6%9D%BE%E5%B1%AC%20&oid=3812048 HTTP/1.1" 200 3466
66.249.71.60 - - [05/Dec/2015:03:24:43 +0800] "GET /content/repository/resource_content.jsp?oid=701800 HTTP/1.1" 200 29053
66.249.71.113 - - [05/Dec/2015:03:25:35 +0800] "GET /content/repository/resource_content.jsp?oid=1549198&queryType=qs&queryString=%E5%8B%9E%E4%BD%9C HTTP/1.1" 200 28715
66.249.71.64 - - [05/Dec/2015:03:26:19 +0800] "GET /content/repository/resource_content.jsp?oid=2609912 HTTP/1.1" 200 29424
207.46.13.79 - - [05/Dec/2015:03:27:04 +0800] "GET /content/subject/resource_content.jsp?oid=16777345 HTTP/1.1" 200 35060
66.249.71.64 - - [05/Dec/2015:03:27:54 +0800] "GET /content/repository/resource_content.jsp?oid=672128 HTTP/1.1" 200 28298
66.249.71.64 - - [05/Dec/2015:03:29:29 +0800] "GET /content/repository/resource_content.jsp?oid=281001 HTTP/1.1" 200 29386
66.249.71.72 - - [05/Dec/2015:03:29:45 +0800] "GET /content/repository/resource_content.jsp?oid=1882041 HTTP/1.1" 200 29510
66.249.71.121 - - [05/Dec/2015:03:29:59 +0800] "GET /content/repository/resource_content.jsp?oid=1592889&queryType=qs&queryString=%E5%A0%82%E9%BC%93 HTTP/1.1" 200 31862
66.249.71.60 - - [05/Dec/2015:03:31:00 +0800] "GET /content/nav/relationSubject.jsp?relationWords=&oid=2562196 HTTP/1.1" 200 1405
114.42.201.194 - - [05/Dec/2015:03:31:00 +0800] "GET /content/nav/relationSubject.jsp?relationWords=%E8%A5%BF%E8%9E%BA+%E8%A5%BF%E8%9E%BA%E5%A4%A7%E6%A9%8B+&oid=16777581 HTTP/1.1" 200 4454
66.249.71.121 - - [05/Dec/2015:03:31:50 +0800] "GET /content/nav/relationSubject.jsp?relationWords=%E4%BA%A4%E9%80%9A%E9%81%95%E8%A6%8F%20%E4%BD%8E%E6%94%B6%E5%85%A5%E6%88%B6%20%E4%BF%9D%E9%9A%AA%20%E5%81%A5%E5%BA%B7%E4%BF%9D%E9%9A%AA%20%E5%85%A7%E6%94%BF%E9%83%A8%20%E5%9C%8B%E5%9C%9F%E8%A6%8F%E5%8A%83%20%E5%9C%9F%E5%9C%B0%E9%8A%80%E8%A1%8C%20%E5%A0%82%E9%BC%93%20%E5%A4%A7%E9%87%8C%E6%BA%AA%20%E7%92%B0%E4%BF%9D%20%E7%9B%A3%E5%AF%9F%E9%99%A2%20%E8%80%81%E4%BA%BA%E7%A6%8F%E5%88%A9%20%E8%9E%8D%E8%B3%87%20%E8%AD%A6%E5%AF%9F%20%E8%AD%A6%E8%A1%9B%20%E8%B2%B8%E6%AC%BE%20%E9%86%AB%E7%99%82%E8%A3%9C%E5%8A%A9%20%E9%87%91%E8%9E%8D%20&oid=1592889 HTTP/1.1" 200 7876
66.249.71.64 - - [05/Dec/2015:03:32:11 +0800] "GET /content/nav/relationSubject.jsp?relationWords=&oid=2605844 HTTP/1.1" 200 1405
66.249.71.72 - - [05/Dec/2015:03:32:39 +0800] "GET /content/repository/resource_content.jsp?oid=1859654 HTTP/1.1" 200 29111
66.249.71.113 - - [05/Dec/2015:03:33:16 +0800] "GET /content/nav/relationSubject.jsp?relationWords=%E5%8B%9E%E4%BD%9C+%E7%AB%A0%E5%8D%9A%E9%9A%86+%E8%B3%AA%E8%A9%A2+&oid=1549198 HTTP/1.1" 200 4471
66.249.71.105 - - [05/Dec/2015:03:33:23 +0800] "GET /content/nav/relationSubject.jsp?relationWords=%E5%8B%9E%E4%BD%9C%20%E7%AB%A0%E5%8D%9A%E9%9A%86%20%E8%B3%AA%E8%A9%A2%20&oid=1549198 HTTP/1.1" 200 4471
66.249.71.60 - - [05/Dec/2015:03:34:14 +0800] "GET /content/repository/resource_content.jsp?oid=185281 HTTP/1.1" 200 30205
66.249.71.105 - - [05/Dec/2015:03:34:18 +0800] "GET /content/repository/resource_content.jsp?oid=1598619&queryType=qs&queryString=%E8%A1%9B%E7%94%9F%E9%86%AB%E7%99%82 HTTP/1.1" 200 32237
66.249.71.64 - - [05/Dec/2015:03:35:49 +0800] "GET /content/repository/resource_content.jsp?oid=3212408 HTTP/1.1" 200 31478
64.79.85.205 - - [05/Dec/2015:03:36:08 +0800] "GET /content/subject/resource_content.jsp?oid=16777788&queryType=qc HTTP/1.1" 200 42882
64.79.85.205 - - [05/Dec/2015:03:36:09 +0800] "GET /content/subject/resource_content.jsp?oid=16777839&queryType=qc HTTP/1.1" 200 27193
64.79.85.205 - - [05/Dec/2015:03:36:10 +0800] "GET /content/subject/resource_content.jsp?oid=16777721&queryType=qc HTTP/1.1" 200 36349
64.79.85.205 - - [05/Dec/2015:03:36:10 +0800] "GET /content/subject/resource_content.jsp?oid=16777841&queryType=qc HTTP/1.1" 200 27539
64.79.85.205 - - [05/Dec/2015:03:36:10 +0800] "GET /content/subject/resource_content.jsp?oid=16777842&queryType=qc HTTP/1.1" 200 36275
64.79.85.205 - - [05/Dec/2015:03:36:11 +0800] "GET /content/subject/resource_content.jsp?oid=16777840&queryType=qc HTTP/1.1" 200 40649
64.79.85.205 - - [05/Dec/2015:03:36:11 +0800] "GET /content/subject/resource_content.jsp?oid=16777837&queryType=qc HTTP/1.1" 200 37539
64.79.85.205 - - [05/Dec/2015:03:36:11 +0800] "GET /content/subject/resource_content.jsp?oid=16777749&queryType=qc HTTP/1.1" 200 41248
64.79.85.205 - - [05/Dec/2015:03:36:11 +0800] "GET /content/subject/resource_content.jsp?oid=16777838&queryType=qc HTTP/1.1" 200 59031
64.79.85.205 - - [05/Dec/2015:03:36:12 +0800] "GET /content/subject/resource_content.jsp?oid=16777753&queryType=qc HTTP/1.1" 200 36831
64.79.85.205 - - [05/Dec/2015:03:36:35 +0800] "GET /content/subject/resource_content.jsp?oid=16777730&queryType=qc HTTP/1.1" 200 46337
64.79.85.205 - - [05/Dec/2015:03:36:37 +0800] "GET /content/subject/resource_content.jsp?oid=16777470&queryType=qc HTTP/1.1" 200 29363
64.79.85.205 - - [05/Dec/2015:03:36:37 +0800] "GET /content/subject/resource_content.jsp?oid=16777448&queryType=qc HTTP/1.1" 200 34534
64.79.85.205 - - [05/Dec/2015:03:36:37 +0800] "GET /content/subject/resource_content.jsp?oid=16797240&queryType=qc HTTP/1.1" 200 42460
64.79.85.205 - - [05/Dec/2015:03:36:38 +0800] "GET /content/subject/resource_content.jsp?oid=16777740&queryType=qc HTTP/1.1" 200 41464
64.79.85.205 - - [04/Dec/2015:11:17:31 +0800] "GET /content/subject/resource_content.jsp?oid=16797239&queryType=qc HTTP/1.1" 200 44010
64.79.85.205 - - [04/Dec/2015:11:17:32 +0800] "GET /content/subject/resource_content.jsp?oid=16777615&queryType=qc HTTP/1.1" 200 37930
64.79.85.205 - - [04/Dec/2015:11:17:32 +0800] "GET /content/subject/resource_content.jsp?oid=16777801&queryType=qc HTTP/1.1" 200 43038
64.79.85.205 - - [05/Dec/2015:03:36:39 +0800] "GET /content/subject/resource_content.jsp?oid=16777731&queryType=qc HTTP/1.1" 200 43407
64.79.85.205 - - [05/Dec/2015:03:36:41 +0800] "GET /content/subject/resource_content.jsp?oid=16777779&queryType=qc HTTP/1.1" 200 37703
64.79.85.205 - - [05/Dec/2015:03:36:42 +0800] "GET /content/subject/resource_content.jsp?oid=16777469&queryType=qc HTTP/1.1" 200 31173
64.79.85.205 - - [05/Dec/2015:03:36:42 +0800] "GET /content/subject/resource_content.jsp?oid=16777741&queryType=qc HTTP/1.1" 200 53538
64.79.85.205 - - [05/Dec/2015:03:36:43 +0800] "GET /content/subject/resource_content.jsp?oid=16777468&queryType=qc HTTP/1.1" 200 33264
64.79.85.205 - - [05/Dec/2015:03:36:43 +0800] "GET /content/subject/resource_content.jsp?oid=16797234&queryType=qc HTTP/1.1" 200 46558
64.79.85.205 - - [05/Dec/2015:03:36:44 +0800] "GET /content/subject/resource_content.jsp?oid=16777780&queryType=qc HTTP/1.1" 200 33936
64.79.85.205 - - [05/Dec/2015:03:36:44 +0800] "GET /content/subject/resource_content.jsp?oid=16777568&queryType=qc HTTP/1.1" 200 34862
64.79.85.205 - - [05/Dec/2015:03:36:45 +0800] "GET /content/subject/resource_content.jsp?oid=16777734&queryType=qc HTTP/1.1" 200 40248
64.79.85.205 - - [05/Dec/2015:03:36:47 +0800] "GET /content/subject/resource_content.jsp?oid=16777745&queryType=qc HTTP/1.1" 200 35935
64.79.85.205 - - [05/Dec/2015:03:36:49 +0800] "GET /content/subject/resource_content.jsp?oid=16777566&queryType=qc HTTP/1.1" 200 31748
64.79.85.205 - - [05/Dec/2015:03:36:49 +0800] "GET /content/subject/resource_content.jsp?oid=16777742&queryType=qc HTTP/1.1" 200 38999
64.79.85.205 - - [05/Dec/2015:03:36:49 +0800] "GET /content/subject/resource_content.jsp?oid=16777825&queryType=qc HTTP/1.1" 200 41691
64.79.85.205 - - [05/Dec/2015:03:36:51 +0800] "GET /content/subject/resource_content.jsp?oid=16777746&queryType=qc HTTP/1.1" 200 39188
64.79.85.205 - - [05/Dec/2015:03:36:52 +0800] "GET /content/subject/resource_content.jsp?oid=16777463&queryType=qc HTTP/1.1" 200 28400
64.79.85.205 - - [05/Dec/2015:03:36:52 +0800] "GET /content/subject/resource_content.jsp?oid=16777736&queryType=qc HTTP/1.1" 200 43184
64.79.85.205 - - [05/Dec/2015:03:36:52 +0800] "GET /content/subject/resource_content.jsp?oid=16777471&queryType=qc HTTP/1.1" 200 30250
64.79.85.205 - - [05/Dec/2015:03:36:53 +0800] "GET /content/subject/resource_content.jsp?oid=16777805&queryType=qc HTTP/1.1" 200 35092
64.79.85.205 - - [05/Dec/2015:03:36:53 +0800] "GET /content/subject/resource_content.jsp?oid=16777599&queryType=qc HTTP/1.1" 200 36977
64.79.85.205 - - [05/Dec/2015:03:36:54 +0800] "GET /content/subject/resource_content.jsp?oid=16777764&queryType=qc HTTP/1.1" 200 40780
64.79.85.205 - - [05/Dec/2015:03:36:54 +0800] "GET /content/subject/resource_content.jsp?oid=16797246&queryType=qc HTTP/1.1" 200 43651
64.79.85.205 - - [05/Dec/2015:03:36:54 +0800] "GET /content/subject/resource_content.jsp?oid=16797242&queryType=qc HTTP/1.1" 200 46766
64.79.85.205 - - [05/Dec/2015:03:36:57 +0800] "GET /digiarch_en/content/subject/resource_content.jsp?oid=16777448&queryType=qc HTTP/1.1" 200 31369
64.79.85.205 - - [05/Dec/2015:03:36:58 +0800] "GET /digiarch_en/content/subject/resource_content.jsp?oid=16777840&queryType=qc HTTP/1.1" 200 36260
64.79.85.205 - - [05/Dec/2015:03:36:59 +0800] "GET /digiarch_en/content/subject/resource_content.jsp?oid=16777734&queryType=qc HTTP/1.1" 200 36994
123.125.71.86 - - [05/Dec/2015:03:37:05 +0800] "GET /content/pictures/picture_content.jsp?oid=33554744 HTTP/1.1" 200 27515
66.249.71.72 - - [05/Dec/2015:03:37:25 +0800] "GET /content/repository/resource_content.jsp?oid=2549074 HTTP/1.1" 200 29184
66.249.71.155 - - [05/Dec/2015:03:38:42 +0800] "GET /content/repository/resource_content.jsp?oid=2640509&queryType=qs&queryString=%E9%99%BD%E7%A9%80%E7%B8%A3 HTTP/1.1" 200 30176
66.249.71.60 - - [05/Dec/2015:03:39:00 +0800] "GET /content/repository/resource_content.jsp?oid=2599202 HTTP/1.1" 200 28951
157.55.39.220 - - [05/Dec/2015:03:39:53 +0800] "GET /content/nav/relationSubject.jsp?relationWords=%E5%B1%B1%E8%8C%B6%E8%8A%B1+%E6%9B%BC%E9%99%80%E7%BE%85+%E6%9B%BC%E9%99%80%E7%BE%85%E8%8A%B1+%E8%8C%B6%E8%8A%B1+&oid=16777448 HTTP/1.1" 200 3399
66.249.71.72 - - [05/Dec/2015:03:40:35 +0800] "GET /content/repository/resource_content.jsp?oid=2582888 HTTP/1.1" 200 29045
123.125.71.76 - - [05/Dec/2015:03:42:02 +0800] "GET /content/repository/resource_content.jsp?oid=1629517 HTTP/1.1" 200 30031
66.249.71.64 - - [05/Dec/2015:03:42:10 +0800] "GET /content/repository/resource_content.jsp?oid=2565879 HTTP/1.1" 200 28961
66.249.71.164 - - [05/Dec/2015:03:43:01 +0800] "GET /content/repository/resource_content.jsp?oid=2682689&queryType=qs&queryString=%E7%9F%A5%E7%B8%A3%E7%8E%8B HTTP/1.1" 200 30017
66.249.71.105 - - [05/Dec/2015:03:43:07 +0800] "GET /content/nav/relationSubject.jsp?relationWords=%E4%BA%BA%E4%BA%8B%E8%99%95%20%E5%8B%9E%E4%BF%9D%20%E6%99%82%E6%95%88%20%E6%B0%91%E6%94%BF%E5%BB%B3%20%E6%B3%95%E9%99%A2%20%E7%92%B0%E4%BF%9D%20%E7%92%B0%E4%BF%9D%E5%B1%80%20%E7%96%AB%E8%8B%97%20%E7%A9%BA%E6%B0%A3%E6%B1%A1%E6%9F%93%20%E7%AB%8B%E6%B3%95%E5%A7%94%E5%93%A1%20%E7%AB%8B%E6%B3%95%E9%99%A2%20%E7%B2%BE%E7%A5%9E%E7%97%85%20%E7%B2%BE%E7%A5%9E%E7%97%85%E6%82%A3%20%E7%B6%AD%E4%BB%96%E5%91%BD%20%E7%B8%BD%E7%B5%B1%E5%BA%9C%20%E8%99%95%E9%95%B7%20%E8%A1%9B%E7%94%9F%E8%99%95%20%E8%A1%9B%E7%94%9F%E9%86%AB%E7%99%82%20%E8%A8%BA%E6%89%80%20%E8%AA%BF%E8%A7%A3%E5%A7%94%E5%93%A1%20%E8%AA%BF%E8%A7%A3%E5%A7%94%E5%93%A1%E6%9C%83%20%E8%B3%AA%E8%A9%A2%20%E9%A0%90%E7%AE%97%20&oid=1598619 HTTP/1.1" 200 7660
66.249.71.60 - - [05/Dec/2015:03:43:45 +0800] "GET /content/repository/resource_content.jsp?oid=3041213 HTTP/1.1" 200 29311
66.249.71.164 - - [05/Dec/2015:03:44:07 +0800] "GET /content/nav/relationSubject.jsp?relationWords=&oid=2640509 HTTP/1.1" 200 1405
66.249.71.105 - - [05/Dec/2015:03:46:56 +0800] "GET /content/repository/resource_content.jsp?oid=2664409&queryType=qs&queryString=%E6%A5%8A%E9%9D%92 HTTP/1.1" 200 29938
66.249.71.155 - - [05/Dec/2015:03:47:25 +0800] "GET /content/repository/resource_content.jsp?oid=1833320&queryType=qs&queryString=%E8%93%91%E8%A1%A3 HTTP/1.1" 200 32527
157.55.39.221 - - [05/Dec/2015:03:47:47 +0800] "GET /content/nav/relationSubject.jsp?relationWords=%E5%9C%B0%E7%90%86%E8%B3%87%E8%A8%8A+%E5%9C%B0%E7%90%86%E8%B3%87%E8%A8%8A%E7%B3%BB%E7%B5%B1+%E6%AE%B7%E5%91%A8+%E9%9D%92%E9%8A%85%E5%99%A8+&oid=16777371 HTTP/1.1" 200 6134
66.249.71.60 - - [05/Dec/2015:03:50:06 +0800] "GET /content/repository/resource_content.jsp?oid=2514156 HTTP/1.1" 200 30173
66.249.71.64 - - [05/Dec/2015:03:51:41 +0800] "GET /content/repository/resource_content.jsp?oid=2641877 HTTP/1.1" 200 30093
66.249.71.173 - - [05/Dec/2015:03:51:53 +0800] "GET /content/nav/relationSubject.jsp?relationWords=&oid=1833320 HTTP/1.1" 200 1405
66.249.71.155 - - [05/Dec/2015:03:53:06 +0800] "GET /content/nav/relationSubject.jsp?relationWords=%E5%88%91%E9%83%A8+%E5%8F%83%E9%9D%A9+&oid=2682689 HTTP/1.1" 200 4013
66.249.71.155 - - [05/Dec/2015:03:53:07 +0800] "GET /content/nav/relationSubject.jsp?relationWords=%E5%88%91%E9%83%A8%20%E5%8F%83%E9%9D%A9%20&oid=2682689 HTTP/1.1" 200 4013
66.249.77.91 - - [05/Dec/2015:03:53:16 +0800] "GET /content/repository/resource_content.jsp?oid=1538250&queryType=qs&queryString=%E8%AA%BF%E8%A7%A3%E5%A7%94%E5%93%A1 HTTP/1.1" 200 29871
157.55.39.220 - - [05/Dec/2015:03:53:52 +0800] "GET /content/nav/relationSubject.jsp?relationWords=%E7%A7%91%E8%88%89+&oid=16777506 HTTP/1.1" 200 5087
66.249.71.173 - - [05/Dec/2015:03:54:51 +0800] "GET /content/repository/resource_content.jsp?oid=2510345&queryType=qs&queryString=%E9%BB%83%E9%81%93 HTTP/1.1" 200 29959
182.235.43.123 - - [05/Dec/2015:03:55:46 +0800] "GET /content/subject/resource_content.jsp?oid=16777787&queryType=qs&queryString=%E5%A4%AA%E5%B9%B3%E6%B4%8B%E6%88%B0%E7%88%AD HTTP/1.1" 200 57826
182.235.43.123 - - [05/Dec/2015:03:55:48 +0800] "GET /content/nav/relationSubject.jsp?relationWords=%E5%A4%AA%E5%B9%B3%E6%B4%8B%E6%88%B0%E7%88%AD+%E7%9A%87%E6%B0%91+%E7%9A%87%E6%B0%91%E5%A5%89%E5%85%AC%E6%9C%83+%E8%B0%B7%E5%B7%9D+%E8%BB%8D%E8%A8%93+%E9%95%B7%E8%B0%B7%E5%B7%9D+%E9%95%B7%E8%B0%B7%E5%B7%9D%E6%B8%85+&oid=16777787 HTTP/1.1" 200 5093
66.249.71.60 - - [05/Dec/2015:03:56:07 +0800] "GET /content/repository/resource_content.jsp?oid=1174332&queryString=%E8%80%B6%E7%A9%8C%E5%A0%82 HTTP/1.1" 200 29056
66.249.71.155 - - [05/Dec/2015:03:56:26 +0800] "GET /content/repository/resource_content.jsp?oid=2654394&queryType=qs&queryString=%E7%B6%A0%E7%87%9F%E5%85%B5 HTTP/1.1" 200 29952
66.249.71.64 - - [05/Dec/2015:03:57:54 +0800] "GET /content/repository/resource_content.jsp?oid=1523734&queryString=%E6%9E%97%E7%8D%BB%E5%A0%82%20%E6%A5%8A%E8%82%87%E5%98%89%20%E6%B2%88%E8%91%86%E7%A6%8E%20%E8%A8%B1%E5%BF%97%20%E9%95%B7%E8%B0%B7%E5%B7%9D%E6%B8%85 HTTP/1.1" 200 29120
66.249.71.173 - - [05/Dec/2015:03:58:02 +0800] "GET /content/repository/resource_content.jsp?oid=2664026&queryType=qs&queryString=%E5%BE%8C%E6%AE%BF HTTP/1.1" 200 30176
66.249.71.173 - - [05/Dec/2015:03:59:37 +0800] "GET /content/repository/resource_content.jsp?oid=2524666&queryType=qs&queryString=%E6%96%87%E7%91%9E HTTP/1.1" 200 29453
68.180.228.24 - - [05/Dec/2015:03:59:40 +0800] "GET /content/subject/resource_content.jsp?oid=16777498&queryType=qc HTTP/1.1" 200 40483
157.55.39.202 - - [05/Dec/2015:03:59:42 +0800] "GET /content/subject/resource_content.jsp?oid=16777620&amp;querytype=qc> HTTP/1.1" 200 54819
66.249.71.72 - - [05/Dec/2015:03:59:56 +0800] "GET /content/nav/relationSubject.jsp?relationWords=%E6%90%B6%E4%BF%AE+%E9%8A%80%E5%85%A9+&oid=2557833 HTTP/1.1" 200 5400
66.249.71.60 - - [05/Dec/2015:03:59:59 +0800] "GET /content/nav/relationSubject.jsp?relationWords=%E6%90%B6%E4%BF%AE%20%E9%8A%80%E5%85%A9%20&oid=2557833 HTTP/1.1" 200 5400
66.249.71.60 - - [05/Dec/2015:04:00:28 +0800] "GET /content/repository/resource_content.jsp?oid=2510362&queryString=%E6%9E%97%E7%8D%BB%E5%A0%82%20%E6%A5%8A%E8%82%87%E5%98%89%20%E6%B2%88%E8%91%86%E7%A6%8E%20%E8%A8%B1%E5%BF%97%20%E9%95%B7%E8%B0%B7%E5%B7%9D%E6%B8%85 HTTP/1.1" 200 30159
66.249.71.173 - - [05/Dec/2015:04:01:12 +0800] "GET /content/repository/resource_content.jsp?oid=2662743&queryType=qs&queryString=%E8%A0%B2%E6%81%A4 HTTP/1.1" 200 29881
66.249.71.72 - - [05/Dec/2015:04:02:47 +0800] "GET /content/repository/resource_content.jsp?oid=1630208 HTTP/1.1" 200 28991
66.249.71.60 - - [05/Dec/2015:04:03:19 +0800] "GET /content/nav/relationSubject.jsp?relationWords=%E8%80%B6%E7%A9%8C%20%E8%80%B6%E7%A9%8C%E5%A0%82%20%E8%80%B6%E7%A9%8C%E5%A0%82%E5%A4%96%E8%B2%8C%20&oid=1174332 HTTP/1.1" 200 3142
66.249.71.60 - - [05/Dec/2015:04:04:22 +0800] "GET /content/repository/resource_content.jsp?oid=1780209 HTTP/1.1" 200 28596
66.249.71.121 - - [05/Dec/2015:04:04:48 +0800] "GET /content/repository/resource_content.jsp?oid=2643431&queryType=qs&queryString=%E6%9D%B1%E5%B7%9D%E5%BA%9C HTTP/1.1" 200 29853
66.249.71.60 - - [05/Dec/2015:04:05:58 +0800] "GET /content/repository/resource_content.jsp?oid=2522498 HTTP/1.1" 200 30223
66.249.71.64 - - [05/Dec/2015:04:07:32 +0800] "GET /content/nav/relationSubject.jsp?relationWords=%E5%8F%B0%E7%81%A3%E9%BB%83%E8%8F%AB+%E6%A4%8D%E7%89%A9%E7%95%8C+%E7%B4%AB%E8%8F%AB+%E7%B4%AB%E8%8F%AB%E5%B1%AC+%E9%BB%83%E8%8F%AB+&oid=2149330 HTTP/1.1" 200 3348
66.249.71.60 - - [05/Dec/2015:04:07:33 +0800] "GET /content/repository/resource_content.jsp?oid=1113181 HTTP/1.1" 200 30964
66.249.71.60 - - [05/Dec/2015:04:07:34 +0800] "GET /content/nav/relationSubject.jsp?relationWords=%E5%8F%B0%E7%81%A3%E9%BB%83%E8%8F%AB%20%E6%A4%8D%E7%89%A9%E7%95%8C%20%E7%B4%AB%E8%8F%AB%20%E7%B4%AB%E8%8F%AB%E5%B1%AC%20%E9%BB%83%E8%8F%AB%20&oid=2149330 HTTP/1.1" 200 3348
66.249.71.164 - - [05/Dec/2015:04:09:08 +0800] "GET /content/repository/resource_content.jsp?oid=2580631&queryType=qs&queryString=%E7%99%BB%E5%B0%81%E7%B8%A3 HTTP/1.1" 200 28984
66.249.71.113 - - [05/Dec/2015:04:09:11 +0800] "GET /content/repository/resource_content.jsp?oid=2665775&queryType=qs&queryString=%E7%BE%85%E7%B6%93 HTTP/1.1" 200 30336
37.140.141.6 - - [05/Dec/2015:04:09:49 +0800] "GET /digiarch_en/content/repository/resource_content.jsp?oid=4364520&queryString=%E5%87%8C%E7%B4%94%E8%81%B2%20%E5%A5%91%E7%B4%84%E6%96%87%E6%9B%B8%20%E8%81%98%E6%9B%B8 HTTP/1.1" 200 24277
66.249.71.72 - - [05/Dec/2015:04:10:43 +0800] "GET /content/repository/resource_content.jsp?oid=1607472 HTTP/1.1" 200 28488
66.249.71.72 - - [05/Dec/2015:04:12:18 +0800] "GET /content/repository/resource_content.jsp?oid=1625853 HTTP/1.1" 200 28588
66.249.71.121 - - [05/Dec/2015:04:13:26 +0800] "GET /content/nav/relationSubject.jsp?relationWords=%E5%90%8F%E9%83%A8%20&oid=2643431 HTTP/1.1" 200 3101
66.249.71.60 - - [05/Dec/2015:04:13:53 +0800] "GET /content/repository/resource_content.jsp?oid=2599159 HTTP/1.1" 200 29207
61.135.189.96 - - [05/Dec/2015:04:14:17 +0800] "GET /digiarch/content/repository/resource_content.jsp?oid=3404718 HTTP/1.1" 404 14873
61.135.189.96 - - [05/Dec/2015:04:14:35 +0800] "GET /digiarch/content/repository/resource_content.jsp?oid=1776364 HTTP/1.1" 404 14873
220.181.108.85 - - [05/Dec/2015:04:14:52 +0800] "GET /content/repository/resource_content.jsp?oid=4203505 HTTP/1.1" 200 29471
61.135.189.96 - - [05/Dec/2015:04:14:53 +0800] "GET /digiarch/content/repository/resource_content.jsp?oid=2627849 HTTP/1.1" 404 14873
61.135.189.96 - - [05/Dec/2015:04:15:12 +0800] "GET /digiarch/content/repository/resource_content.jsp?oid=2656599 HTTP/1.1" 404 14873
61.135.189.96 - - [05/Dec/2015:04:15:32 +0800] "GET /digiarch/content/repository/resource_content.jsp?oid=4452220 HTTP/1.1" 404 14873
61.135.189.96 - - [05/Dec/2015:04:15:51 +0800] "GET /digiarch/content/repository/resource_content.jsp?oid=3125199 HTTP/1.1" 404 14873
61.135.189.96 - - [05/Dec/2015:04:16:10 +0800] "GET /digiarch/content/repository/resource_content.jsp?oid=2546493 HTTP/1.1" 404 14873
61.135.189.96 - - [05/Dec/2015:04:16:30 +0800] "GET /digiarch/content/repository/resource_content.jsp?oid=3411835 HTTP/1.1" 404 14873
61.135.189.96 - - [05/Dec/2015:04:16:51 +0800] "GET /digiarch/content/repository/resource_content.jsp?oid=3394213 HTTP/1.1" 404 14873
66.249.71.60 - - [05/Dec/2015:04:17:04 +0800] "GET /content/repository/resource_content.jsp?oid=2583122 HTTP/1.1" 200 28729
61.135.189.96 - - [05/Dec/2015:04:17:12 +0800] "GET /digiarch/content/repository/resource_content.jsp?oid=3393268 HTTP/1.1" 404 14873
61.135.189.96 - - [05/Dec/2015:04:17:34 +0800] "GET /digiarch/content/repository/resource_content.jsp?oid=710207 HTTP/1.1" 404 14873
66.249.71.155 - - [05/Dec/2015:04:17:54 +0800] "GET /content/repository/resource_content.jsp?oid=2686850&queryType=qs&queryString=%E5%BE%90%E5%BB%A3%E7%B8%89 HTTP/1.1" 200 30471
61.135.189.96 - - [05/Dec/2015:04:17:57 +0800] "GET /digiarch/content/repository/resource_content.jsp?oid=2631964 HTTP/1.1" 404 14873
66.249.71.64 - - [05/Dec/2015:04:18:11 +0800] "GET /content/nav/relationSubject.jsp?relationWords=%E7%A6%AE%E9%83%A8+&oid=2641877 HTTP/1.1" 200 3060
66.249.71.60 - - [05/Dec/2015:04:18:13 +0800] "GET /content/nav/relationSubject.jsp?relationWords=%E7%A6%AE%E9%83%A8%20&oid=2641877 HTTP/1.1" 200 3060
61.135.189.96 - - [05/Dec/2015:04:18:16 +0800] "GET /digiarch/content/repository/resource_content.jsp?oid=2614663 HTTP/1.1" 404 14873
61.135.189.96 - - [05/Dec/2015:04:18:38 +0800] "GET /digiarch/content/repository/resource_content.jsp?oid=3393786 HTTP/1.1" 404 14873
66.249.71.72 - - [05/Dec/2015:04:18:39 +0800] "GET /content/repository/resource_content.jsp?oid=2613155 HTTP/1.1" 200 29513
61.135.189.96 - - [05/Dec/2015:04:18:59 +0800] "GET /digiarch/content/repository/resource_content.jsp?oid=3399805 HTTP/1.1" 404 14873
61.135.189.96 - - [05/Dec/2015:04:19:20 +0800] "GET /digiarch/content/repository/resource_content.jsp?oid=2687352 HTTP/1.1" 404 14873
61.135.189.96 - - [05/Dec/2015:04:19:40 +0800] "GET /digiarch/content/repository/resource_content.jsp?oid=2534477 HTTP/1.1" 404 14873
61.135.189.96 - - [05/Dec/2015:04:20:02 +0800] "GET /digiarch/content/repository/resource_content.jsp?oid=2647496 HTTP/1.1" 404 14873
66.249.71.72 - - [05/Dec/2015:04:20:14 +0800] "GET /content/repository/resource_content.jsp?oid=2549099 HTTP/1.1" 200 29311
61.135.189.96 - - [05/Dec/2015:04:20:22 +0800] "GET /digiarch/content/repository/resource_content.jsp?oid=1585043 HTTP/1.1" 404 14873
