66.249.79.24 - - [18/Dec/2015:13:21:39 +0800] "GET /content/nav/relationSubject.jsp?relationWords=%E4%BA%94%E5%B9%B4%E7%A5%AD%20%E5%88%BA%E7%90%83%20%E7%A5%AD%E5%84%80%20&oid=4388379 HTTP/1.1" 200 4116
40.77.167.32 - - [18/Dec/2015:13:21:45 +0800] "GET /content/repository/resource_content.jsp?oid=2150351 HTTP/1.1" 200 30937
140.127.243.20 - - [18/Dec/2015:13:22:22 +0800] "GET /content/nav/relationSubject.jsp?relationWords=%E9%84%AD%E6%88%90%E5%8A%9F+&oid=16777440 HTTP/1.1" 200 3538
66.249.79.27 - - [18/Dec/2015:13:22:23 +0800] "GET /content/repository/resource_content.jsp?oid=1834278&queryString=%E6%8B%89%E7%B8%B4%20%E6%8B%93%E7%89%87%20%E7%95%AB%E5%83%8F%E7%9F%B3%20%E9%BB%83%E5%AE%B6%E5%B6%BA%E7%95%AB%E8%B1%A1 HTTP/1.1" 200 32275
66.249.79.24 - - [18/Dec/2015:13:22:25 +0800] "GET /content/repository/resource_content.jsp?oid=4387978&queryType=qs&queryString=%E5%8D%91%E5%8D%97%E6%97%8F HTTP/1.1" 200 30930
66.249.74.61 - - [18/Dec/2015:13:22:27 +0800] "GET /content/repository/resource_content.jsp?oid=3824564&queryType=qs&queryString=%E9%87%91%E4%B8%8D%E6%8F%9B HTTP/1.1" 200 31179
66.249.74.59 - - [18/Dec/2015:13:22:33 +0800] "GET /content/repository/resource_content.jsp?oid=2521629&queryType=qs&queryString=%E9%AB%98%E9%99%BD%E7%B8%A3 HTTP/1.1" 200 30390
66.249.74.59 - - [18/Dec/2015:13:22:41 +0800] "GET /content/repository/resource_content.jsp?oid=1531136&queryType=qs&queryString=%E7%89%9B%E7%A8%A0%E5%AD%90 HTTP/1.1" 200 29267
66.249.74.72 - - [18/Dec/2015:13:22:52 +0800] "GET /digiarch3/content/repository/resource_content.jsp?oid=1124673&queryString=%E4%B8%AD%E8%85%B9%E8%B6%B3%E7%9B%AE%20%E5%B1%B1%E8%9D%B8%E7%89%9B%20%E5%B1%B1%E8%9D%B8%E7%89%9B%E7%A7%91%20%E6%96%AF%E6%96%87%E8%B1%AA%20%E8%85%B9%E8%B6%B3%E7%B6%B1 HTTP/1.1" 200 33676
66.249.74.102 - - [18/Dec/2015:13:23:00 +0800] "GET /content/subject/resource_content.jsp?oid=16777453&queryType=qs&queryString=%E7%B4%85%E5%A4%96%E7%B7%9A HTTP/1.1" 200 28614
66.249.79.30 - - [18/Dec/2015:13:23:11 +0800] "GET /content/repository/resource_content.jsp?oid=2629808&queryString=%E9%82%A2%E9%83%A8 HTTP/1.1" 200 29815
66.249.74.98 - - [18/Dec/2015:13:23:20 +0800] "GET /content/repository/resource_content.jsp?oid=4551105&queryString=%E4%BA%9E%E6%88%90%E9%AB%94%20%E5%B0%8F%E5%8D%B7%20%E9%80%8F%E6%8A%BD%20%E9%8E%96%E7%AE%A1%20%E9%8E%96%E7%AE%A1%E5%B1%AC%20%E9%8E%96%E7%AE%A1%E7%A7%91%20%E9%A0%AD%E8%B6%B3%E7%B6%B1 HTTP/1.1" 200 30426
66.249.74.98 - - [18/Dec/2015:13:23:30 +0800] "GET /content/repository/resource_content.jsp?oid=2151910 HTTP/1.1" 200 31039
68.180.228.24 - - [18/Dec/2015:13:23:32 +0800] "GET /content/repository/resource_content.jsp?oid=3813283 HTTP/1.1" 200 30853
66.249.74.61 - - [18/Dec/2015:13:23:49 +0800] "GET /content/repository/resource_content.jsp?oid=1888203&queryType=qs&queryString=%E8%98%87%E6%98%A5%E6%9C%A8 HTTP/1.1" 200 31433
66.249.74.72 - - [18/Dec/2015:13:23:59 +0800] "GET /digiarch3/content/repository/resource_content.jsp?oid=15496&queryString=%E6%9C%88%E6%96%91%E8%9D%B4%E8%9D%B6%E9%AD%9A%20%E8%9D%B4%E8%9D%B6%E9%AD%9A%20%E8%9D%B4%E8%9D%B6%E9%AD%9A%E7%A7%91 HTTP/1.1" 200 35119
66.249.79.186 - - [18/Dec/2015:13:24:02 +0800] "GET /content/repository/resource_content.jsp?oid=768336&queryType=qs&queryString=%E6%B0%B8%E8%B2%9E HTTP/1.1" 200 28445
66.249.74.102 - - [18/Dec/2015:13:24:08 +0800] "GET /content/repository/resource_content.jsp?oid=1552417 HTTP/1.1" 200 28587
66.249.74.98 - - [18/Dec/2015:13:24:17 +0800] "GET /content/repository/resource_content.jsp?oid=2146737 HTTP/1.1" 200 31579
66.249.74.98 - - [18/Dec/2015:13:24:27 +0800] "GET /content/repository/resource_content.jsp?oid=1457682&queryString=%E5%8D%97%E8%8F%AF%E8%96%AF%E8%95%B7%20%E8%96%AF%E8%95%B7%E5%B1%AC HTTP/1.1" 200 30997
66.249.74.102 - - [18/Dec/2015:13:25:15 +0800] "GET /content/nav/relationSubject.jsp?relationWords=%E5%AE%B6%E6%A8%82%20%E7%87%9F%E6%A5%AD%E7%A8%85%20%E7%87%9F%E6%A5%AD%E7%A8%85%E6%B3%95%20%E7%9C%81%E6%94%BF%E5%BA%9C%20%E7%A8%85%E6%B3%95%20%E7%B8%A3%E8%AD%B0%E6%9C%83%20%E9%9B%B2%E6%9E%97%E7%B8%A3%E8%AD%B0%E6%9C%83%20&oid=1522963 HTTP/1.1" 200 4772
66.249.74.98 - - [18/Dec/2015:13:25:18 +0800] "GET /content/nav/relationSubject.jsp?relationWords=%E4%BF%9D%E6%B0%91%E5%91%BD%20%E5%8C%97%E6%B8%AF%E6%BA%AA%20%E5%B1%85%E9%87%8C%20%E6%9E%97%E8%94%A1%E7%B4%A0%E5%A5%B3%20%E7%9C%81%E6%94%BF%E5%BA%9C%20%E7%9C%81%E8%AD%B0%E6%9C%83%20%E8%87%BA%E7%81%A3%E7%9C%81%20%E8%87%BA%E7%81%A3%E7%9C%81%E8%AD%B0%E6%9C%83%20%E8%94%A1%E7%B4%A0%E5%A5%B3%20%E9%98%B2%E6%B4%AA%20&oid=1533549 HTTP/1.1" 200 5765
66.249.79.27 - - [18/Dec/2015:13:25:23 +0800] "GET /content/repository/resource_content.jsp?oid=3205120&queryType=qs&queryString=%E6%B8%85%E5%85%89%E7%B7%92 HTTP/1.1" 200 29819
66.249.74.98 - - [18/Dec/2015:13:25:24 +0800] "GET /digiarch_en/content/repository/resource_content.jsp?oid=1531652&queryString=%E6%89%8B%E5%B7%A5%E8%97%9D%E5%93%81%20%E6%B4%BB%E5%8B%95%E4%B8%AD%E5%BF%83%20%E7%9C%81%E6%9C%89%E5%9C%9F%E5%9C%B0%20%E8%87%BA%E4%B8%AD%E5%B8%82 HTTP/1.1" 200 28677
66.249.79.24 - - [18/Dec/2015:13:25:27 +0800] "GET /content/repository/resource_content.jsp?oid=14073&queryType=qs&queryString=%E9%AF%A8%E9%AE%AB HTTP/1.1" 200 35304
66.249.74.61 - - [18/Dec/2015:13:25:41 +0800] "GET /content/repository/resource_content.jsp?oid=700759&queryType=qs&queryString=%E5%8A%89%E5%AE%87 HTTP/1.1" 200 29113
66.249.74.98 - - [18/Dec/2015:13:25:51 +0800] "GET /content/subject/resource_content.jsp?oid=16777821&queryType=qs&queryString=%E6%95%B8%E4%BD%8D%E5%BD%B1%E5%83%8F HTTP/1.1" 200 36587
66.249.74.98 - - [18/Dec/2015:13:25:59 +0800] "GET /content/repository/resource_content.jsp?oid=1818552 HTTP/1.1" 200 29209
66.249.79.27 - - [18/Dec/2015:13:26:08 +0800] "GET /content/repository/resource_content.jsp?oid=1629911&queryString=%E8%91%97%E4%BD%9C%E6%AC%8A HTTP/1.1" 200 28937
66.249.74.59 - - [18/Dec/2015:13:26:17 +0800] "GET /content/repository/resource_content.jsp?oid=2670573&queryType=qs&queryString=%E5%90%B3%E5%85%83 HTTP/1.1" 200 30008
66.249.74.59 - - [18/Dec/2015:13:26:35 +0800] "GET /content/repository/resource_content.jsp?oid=1781448&queryType=qs&queryString=%E7%A5%96%E5%85%88%E5%83%8F HTTP/1.1" 200 28944
66.249.74.100 - - [18/Dec/2015:13:26:36 +0800] "GET /content/nav/relationSubject.jsp?relationWords=%E5%9C%92%E9%81%8A%E6%9C%83+%E6%BC%94%E5%94%B1%E6%9C%83+%E7%95%A2%E6%A5%AD%E7%94%9F+%E8%87%BA%E7%81%A3%E5%A4%A7%E5%AD%B8+&oid=2470595 HTTP/1.1" 200 4294
66.249.79.24 - - [18/Dec/2015:13:26:40 +0800] "GET /content/subject/resource_content.jsp?oid=16777328&queryType=qs&queryString=%E8%87%BA%E7%81%A3%E5%A4%A7%E5%AD%B8 HTTP/1.1" 200 35548
66.249.74.63 - - [18/Dec/2015:13:26:44 +0800] "GET /content/repository/resource_content.jsp?oid=1553468&queryType=qs&queryString=%E6%B6%88%E9%98%B2%E9%9A%8A HTTP/1.1" 200 28980
66.249.74.59 - - [18/Dec/2015:13:27:02 +0800] "GET /content/repository/resource_content.jsp?oid=4457488&queryType=qs&queryString=%E6%96%B0%E7%AB%B9%E5%BB%B3 HTTP/1.1" 200 30034
66.249.74.59 - - [18/Dec/2015:13:27:11 +0800] "GET /content/repository/resource_content.jsp?oid=1535805&queryType=qs&queryString=%E8%87%AA%E4%B8%BB%E6%AC%8A HTTP/1.1" 200 31189
66.249.74.59 - - [18/Dec/2015:13:27:19 +0800] "GET /content/repository/resource_content.jsp?oid=2512603&queryType=qs&queryString=%E5%9B%9B%E5%B7%9D%E6%9D%BE%E6%BD%98 HTTP/1.1" 200 30508
66.249.79.27 - - [18/Dec/2015:13:27:30 +0800] "GET /content/subject/resource_content.jsp?oid=16777766&queryType=qc HTTP/1.1" 200 50733
66.249.74.59 - - [18/Dec/2015:13:28:23 +0800] "GET /content/subject/resource_content.jsp?oid=16777721&queryType=qc HTTP/1.1" 200 36338
66.249.74.59 - - [18/Dec/2015:13:28:25 +0800] "GET /content/repository/resource_content.jsp?oid=2669038&queryType=qs&queryString=%E6%B0%B8%E5%AE%9A HTTP/1.1" 200 30344
66.249.79.30 - - [18/Dec/2015:13:28:28 +0800] "GET /content/subject/resource_content.jsp?oid=16777294&queryType=qc HTTP/1.1" 200 28098
114.42.210.86 - - [18/Dec/2015:13:28:34 +0800] "GET /content/repository/resource_content.jsp?oid=1779912&queryString=%E5%A4%9A%E6%A8%A3%E6%80%A7%20%E6%A3%B2%E5%9C%B0%20%E9%9B%85%E7%BE%8E%E6%97%8F HTTP/1.1" 200 33870
114.42.210.86 - - [18/Dec/2015:13:28:35 +0800] "GET /content/nav/relationSubject.jsp?relationWords=%E4%B8%96%E7%B3%BB+%E4%B8%96%E7%B3%BB%E7%BE%A4+%E9%9B%85%E7%BE%8E+%E9%9B%85%E7%BE%8E%E6%97%8F+&oid=1779912 HTTP/1.1" 200 3370
66.249.74.76 - - [18/Dec/2015:13:28:41 +0800] "GET /content/repository/resource_content.jsp?oid=1809332&queryType=qs&queryString=%E7%99%BE%E6%88%B2 HTTP/1.1" 200 34132
66.249.74.98 - - [18/Dec/2015:13:28:50 +0800] "GET /content/subject/resource_content.jsp?oid=16777569&queryString=%E4%BA%BA%E5%90%8D%E6%AC%8A%E5%A8%81%20%E5%83%91%E6%B0%91%20%E5%9C%8B%E9%80%9A%20%E5%BE%B7%E5%A5%A7%20%E6%9E%97%E6%AC%8A%E5%8A%A9%20%E8%89%BE%E6%96%AF%E6%95%A6%20%E8%8A%AE%E6%81%A9%E6%96%BD%20%E9%80%9A%E8%A1%8C%E5%88%B8 HTTP/1.1" 200 56251
66.249.74.98 - - [18/Dec/2015:13:28:59 +0800] "GET /content/repository/resource_content.jsp?oid=1516331 HTTP/1.1" 200 28665
66.249.79.24 - - [18/Dec/2015:13:29:08 +0800] "GET /content/subject/resource_content.jsp?oid=16777663&queryType=qc HTTP/1.1" 200 25495
66.249.74.100 - - [18/Dec/2015:13:29:17 +0800] "GET /content/repository/resource_content.jsp?oid=1618369 HTTP/1.1" 200 28665
66.249.74.98 - - [18/Dec/2015:13:29:18 +0800] "GET /content/repository/resource_content.jsp?oid=2510888 HTTP/1.1" 200 29812
27.241.143.107 - - [18/Dec/2015:13:29:24 +0800] "GET /content/nav/relationSubject.jsp?relationWords=&oid=16777342 HTTP/1.1" 200 1405
66.249.74.98 - - [18/Dec/2015:13:29:25 +0800] "GET /content/subject/resource_content.jsp?oid=16777807&queryType=qs&queryString=%E5%BC%B5%E6%81%AD HTTP/1.1" 200 36742
66.249.74.98 - - [18/Dec/2015:13:29:35 +0800] "GET /content/repository/resource_content.jsp?oid=1897846&queryString=%E4%B8%AD%E5%9C%8B%E6%96%87%E5%8C%96%20%E4%B8%AD%E5%9C%8B%E6%96%87%E5%8C%96%E5%AD%B8%E9%99%A2%20%E5%9C%8B%E6%B0%91%E9%BB%A8%20%E5%9C%B0%E6%96%B9%E8%87%AA%E6%B2%BB%20%E8%87%BA%E7%81%A3%E7%9C%81 HTTP/1.1" 200 30463
66.249.74.98 - - [18/Dec/2015:13:29:44 +0800] "GET /content/repository/resource_content.jsp?oid=4352813&queryString=%E8%99%8E%E7%A7%91%20%E9%9D%92%E5%BD%88%E5%A1%97%E9%AD%9A HTTP/1.1" 200 31192
66.249.74.98 - - [18/Dec/2015:13:29:52 +0800] "GET /digiarch_en/content/subject/resource_content.jsp?oid=16777336&queryType=qc HTTP/1.1" 200 27515
66.249.74.98 - - [18/Dec/2015:13:29:54 +0800] "GET /content/repository/resource_content.jsp?oid=1555224&queryString=%E5%85%AC%E7%AB%8B%E5%AD%B8%E6%A0%A1%20%E5%85%AD%E5%BA%9C%E6%95%99%20%E6%9C%8D%E5%8B%99%E5%B9%B4%E8%B3%87 HTTP/1.1" 200 29103
66.249.74.63 - - [18/Dec/2015:13:30:11 +0800] "GET /content/repository/resource_content.jsp?oid=2661464&queryType=qs&queryString=%E6%B2%82%E5%B7%9E%E5%BA%9C HTTP/1.1" 200 30065
110.30.211.69 - - [18/Dec/2015:13:30:14 +0800] "GET /content/nav/relationSubject.jsp?relationWords=%E6%9C%A8%E7%8A%80+%E6%A1%82%E8%8A%B1+&oid=16777255 HTTP/1.1" 200 4029
66.249.74.98 - - [18/Dec/2015:13:30:20 +0800] "GET /content/repository/resource_content.jsp?oid=1884572 HTTP/1.1" 200 30391
66.249.74.59 - - [18/Dec/2015:13:30:29 +0800] "GET /content/repository/resource_content.jsp?oid=4363468&queryType=qs&queryString=%E5%9C%9F%E5%9C%B0%E7%A5%9E HTTP/1.1" 200 28614
66.249.74.76 - - [18/Dec/2015:13:30:38 +0800] "GET /digiarch3/content/repository/resource_content.jsp?oid=3815321&queryString=%E7%AD%86%E7%AD%92%E6%A8%B9 HTTP/1.1" 200 31541
210.208.154.17 - - [18/Dec/2015:13:31:30 +0800] "GET /content/nav/relationSubject.jsp?relationWords=%E6%BE%A4%E8%98%AD+%E8%8A%B1%E8%94%93+%E8%94%93%E6%BE%A4+%E8%94%93%E6%BE%A4%E8%98%AD+&oid=16777266 HTTP/1.1" 200 4343
66.249.74.63 - - [18/Dec/2015:13:31:33 +0800] "GET /content/repository/resource_content.jsp?oid=2676409&queryType=qs&queryString=%E6%8C%89%E5%AF%9F%E4%BD%BF HTTP/1.1" 200 30648
66.249.74.98 - - [18/Dec/2015:13:31:35 +0800] "GET /content/repository/resource_content.jsp?oid=1852808 HTTP/1.1" 200 30130
66.249.79.24 - - [18/Dec/2015:13:31:40 +0800] "GET /content/repository/resource_content.jsp?oid=14381&queryType=qs&queryString=%E5%8F%B0%E7%81%A3%E9%A6%AC%E5%8F%A3%E9%AD%9A HTTP/1.1" 200 34750
66.249.79.24 - - [18/Dec/2015:13:31:44 +0800] "GET /content/subject/resource_content.jsp?oid=16777620&queryString=%E4%BC%B0%E5%83%B9%20%E4%BC%B0%E5%83%B9%E5%96%AE%20%E8%87%A8%E6%99%82%E7%9C%81%E8%AD%B0%E6%9C%83%20%E8%87%BA%E4%B8%AD%E5%8D%80%20%E8%87%BA%E7%81%A3%E7%9C%81%20%E8%87%BA%E7%81%A3%E9%9B%BB%E5%8A%9B%E5%85%AC%E5%8F%B8%20%E9%9C%A7%E5%B3%B0 HTTP/1.1" 200 55640
220.134.242.31 - - [18/Dec/2015:13:31:50 +0800] "GET /content/nav/relationSubject.jsp?relationWords=&oid=16777342 HTTP/1.1" 200 1405
66.249.74.100 - - [18/Dec/2015:13:31:53 +0800] "GET /content/repository/resource_content.jsp?oid=1524526 HTTP/1.1" 200 28938
66.249.79.24 - - [18/Dec/2015:13:31:56 +0800] "GET /content/repository/resource_content.jsp?oid=15269&queryString=%E6%9B%B3%E7%B5%B2%20%E9%87%91%E9%8C%A2%E4%BB%94 HTTP/1.1" 200 34437
66.249.79.24 - - [18/Dec/2015:13:32:08 +0800] "GET /content/repository/resource_content.jsp?oid=4387937&queryType=qs&queryString=%E8%B1%90%E5%B9%B4%E7%A5%AD HTTP/1.1" 200 31979
66.249.74.102 - - [18/Dec/2015:13:32:18 +0800] "GET /digiarch_en/content/repository/resource_content.jsp?oid=1540184&queryString=%E4%B8%AD%E5%A4%AE%E5%9C%96%E6%9B%B8%E9%A4%A8%20%E5%A4%AE%E5%9C%96 HTTP/1.1" 200 27595
66.249.74.63 - - [18/Dec/2015:13:32:39 +0800] "GET /content/repository/resource_content.jsp?oid=16518&queryType=qs&queryString=%E5%9B%9B%E7%A8%9C HTTP/1.1" 200 34765
66.249.74.102 - - [18/Dec/2015:13:32:48 +0800] "GET /content/repository/resource_content.jsp?oid=1105790&queryString=%E6%A4%8D%E7%89%A9%E7%95%8C%20%E7%98%A4%E6%9E%9C%E8%8F%8A%20%E8%8F%8A%E7%A7%91%20%E8%B1%AC%E8%8D%89%20%E8%B1%AC%E8%8D%89%E5%B1%AC%20%E9%9B%99%E5%AD%90%E8%91%89%E6%A4%8D%E7%89%A9 HTTP/1.1" 200 31123
66.249.74.98 - - [18/Dec/2015:13:32:57 +0800] "GET /content/repository/resource_content.jsp?oid=1112312 HTTP/1.1" 200 30671
66.249.79.24 - - [18/Dec/2015:13:33:03 +0800] "GET /content/nav/relationSubject.jsp?relationWords=%E4%B8%80%E6%9E%9D%E8%8A%B1+%E5%8F%B0%E7%81%A3%E9%A6%AC%E5%8F%A3%E9%AD%9A+%E5%B1%B1%E9%B0%B1%E4%BB%94+%E6%86%A8%E4%BB%94%E9%AD%9A+%E9%A6%AC%E5%8F%A3%E9%AD%9A+%E9%AF%89%E7%A7%91+&oid=14381 HTTP/1.1" 200 3585
66.249.79.30 - - [18/Dec/2015:13:33:06 +0800] "GET /content/repository/resource_content.jsp?oid=4363146&queryString=%E5%A4%A9%E4%B8%8A%E8%81%96%E6%AF%8D HTTP/1.1" 200 34533
66.249.74.72 - - [18/Dec/2015:13:33:08 +0800] "GET /digiarch3/content/nav/relationSubject.jsp?relationWords=&oid=16797242 HTTP/1.1" 200 1405
66.249.79.24 - - [18/Dec/2015:13:33:12 +0800] "GET /content/nav/relationSubject.jsp?relationWords=%E4%B8%80%E6%9E%9D%E8%8A%B1%20%E5%8F%B0%E7%81%A3%E9%A6%AC%E5%8F%A3%E9%AD%9A%20%E5%B1%B1%E9%B0%B1%E4%BB%94%20%E6%86%A8%E4%BB%94%E9%AD%9A%20%E9%A6%AC%E5%8F%A3%E9%AD%9A%20%E9%AF%89%E7%A7%91%20&oid=14381 HTTP/1.1" 200 3585
66.249.74.98 - - [18/Dec/2015:13:33:14 +0800] "GET /content/repository/resource_content.jsp?oid=3817417&queryString=%E4%BA%94%E5%91%B3%E5%AD%90%20%E4%BA%94%E5%91%B3%E5%AD%90%E5%B1%AC%20%E6%A4%8D%E7%89%A9%E7%95%8C HTTP/1.1" 200 31171
66.249.79.179 - - [18/Dec/2015:13:33:31 +0800] "GET /content/subject/resource_content.jsp?oid=16777519&queryType=qs&queryString=%E5%90%AB%E7%BE%9E%E8%8D%89 HTTP/1.1" 200 35983
180.217.209.155 - - [18/Dec/2015:13:33:38 +0800] "GET /content/nav/relationSubject.jsp?relationWords=%E5%B1%B1%E8%8A%99%E8%93%89+%E6%9C%A8%E8%8A%99%E8%93%89+%E8%96%9B%E6%BF%A4+%E9%86%89%E8%8A%99%E8%93%89+&oid=16777260 HTTP/1.1" 200 4595
66.249.74.98 - - [18/Dec/2015:13:33:39 +0800] "GET /content/repository/resource_content.jsp?oid=1461151 HTTP/1.1" 200 31141
66.249.74.98 - - [18/Dec/2015:13:33:47 +0800] "GET /content/repository/resource_content.jsp?oid=178084 HTTP/1.1" 200 30103
66.249.79.172 - - [18/Dec/2015:13:34:28 +0800] "GET /content/repository/resource_content.jsp?oid=15889&queryType=qs&queryString=%E7%9C%BC%E6%96%91 HTTP/1.1" 200 34707
180.217.209.155 - - [18/Dec/2015:13:34:30 +0800] "GET /content/subject/resource_content.jsp?oid=16777285&queryString=%E5%B1%B1%E8%8A%99%E8%93%89%20%E6%9C%A8%E8%8A%99%E8%93%89%20%E8%96%9B%E6%BF%A4%20%E9%86%89%E8%8A%99%E8%93%89 HTTP/1.1" 200 28999
180.217.209.155 - - [18/Dec/2015:13:34:30 +0800] "GET /content/nav/relationSubject.jsp?relationWords=%E5%B1%B1%E8%8A%99%E8%93%89+&oid=16777285 HTTP/1.1" 200 4397
66.249.74.72 - - [18/Dec/2015:13:34:34 +0800] "GET /digiarch3/content/subject/resource_content.jsp?oid=16777675&queryType=qs&queryString=%E5%8F%B0%E7%81%A3%E9%AD%9A%E9%A1%9E HTTP/1.1" 200 35404
66.249.74.98 - - [18/Dec/2015:13:34:36 +0800] "GET /content/repository/resource_content.jsp?oid=1586517&queryType=qs&queryString=%E9%81%94%E4%BB%81%E9%84%89 HTTP/1.1" 200 29843
66.249.79.27 - - [18/Dec/2015:13:34:37 +0800] "GET /content/nav/relationSubject.jsp?relationWords=%E6%85%B6%E7%A5%9D%E6%AF%8D%E8%A6%AA%E7%AF%80+%E6%B5%81%E8%BD%89%E5%B9%B4%E8%8F%AF+&oid=16777589 HTTP/1.1" 200 3263
180.217.209.155 - - [18/Dec/2015:13:34:39 +0800] "GET /content/subject/resource_content.jsp?oid=16777280&queryString=%E5%B1%B1%E8%8A%99%E8%93%89 HTTP/1.1" 200 30850
180.217.209.155 - - [18/Dec/2015:13:34:39 +0800] "GET /content/nav/relationSubject.jsp?relationWords=%E5%B1%B1%E8%8A%99%E8%93%89+&oid=16777280 HTTP/1.1" 200 4396
66.249.79.24 - - [18/Dec/2015:13:34:40 +0800] "GET /content/nav/relationSubject.jsp?relationWords=%E6%85%B6%E7%A5%9D%E6%AF%8D%E8%A6%AA%E7%AF%80%20%E6%B5%81%E8%BD%89%E5%B9%B4%E8%8F%AF%20&oid=16777589 HTTP/1.1" 200 3263
180.217.209.155 - - [18/Dec/2015:13:34:47 +0800] "GET /content/subject/resource_content.jsp?oid=16777260&queryString=%E5%B1%B1%E8%8A%99%E8%93%89 HTTP/1.1" 200 38638
180.217.209.155 - - [18/Dec/2015:13:34:47 +0800] "GET /content/nav/relationSubject.jsp?relationWords=%E5%B1%B1%E8%8A%99%E8%93%89+%E6%9C%A8%E8%8A%99%E8%93%89+%E8%96%9B%E6%BF%A4+%E9%86%89%E8%8A%99%E8%93%89+&oid=16777260 HTTP/1.1" 200 4595
66.249.79.30 - - [18/Dec/2015:13:35:00 +0800] "GET /content/repository/resource_content.jsp?oid=1532498&queryString=%E5%B7%A5%E6%A5%AD%E6%A1%88 HTTP/1.1" 200 29003
66.249.74.59 - - [18/Dec/2015:13:35:27 +0800] "GET /content/repository/resource_content.jsp?oid=2521918&queryType=qs&queryString=%E6%8E%88%E4%BA%8B HTTP/1.1" 200 30236
66.249.74.102 - - [18/Dec/2015:13:36:00 +0800] "GET /content/nav/relationSubject.jsp?relationWords=%E6%A9%9F%E5%A0%B4%20%E7%9C%81%E6%94%BF%E5%BA%9C%20%E7%A9%BA%E8%BB%8D%20%E7%AB%B9%E5%8C%97%20&oid=1618369 HTTP/1.1" 200 4562
66.249.79.24 - - [18/Dec/2015:13:36:19 +0800] "GET /content/nav/relationSubject.jsp?relationWords=%E7%A2%91%E7%9B%AE+%E7%A2%91%E7%A2%A3+%E8%81%AF%E5%90%88%E7%9B%AE%E9%8C%84+&oid=3205120 HTTP/1.1" 200 3349
66.249.79.24 - - [18/Dec/2015:13:36:20 +0800] "GET /content/nav/relationSubject.jsp?relationWords=%E7%A2%91%E7%9B%AE%20%E7%A2%91%E7%A2%A3%20%E8%81%AF%E5%90%88%E7%9B%AE%E9%8C%84%20&oid=3205120 HTTP/1.1" 200 3349
66.249.74.102 - - [18/Dec/2015:13:36:52 +0800] "GET /content/nav/relationSubject.jsp?relationWords=%E4%BA%8C%E6%9E%97+%E5%B1%B1%E5%B4%A9+%E6%9E%97%E7%94%A2+%E6%9E%97%E7%94%A2%E7%AE%A1%E7%90%86%E5%B1%80+%E6%BD%98%E8%90%AC%E9%A6%99+%E8%A9%B9%E6%A8%B9%E6%9E%97+&oid=1524526 HTTP/1.1" 200 4420
66.249.74.98 - - [18/Dec/2015:13:36:54 +0800] "GET /content/nav/relationSubject.jsp?relationWords=%E4%BA%8C%E6%9E%97%20%E5%B1%B1%E5%B4%A9%20%E6%9E%97%E7%94%A2%20%E6%9E%97%E7%94%A2%E7%AE%A1%E7%90%86%E5%B1%80%20%E6%BD%98%E8%90%AC%E9%A6%99%20%E8%A9%B9%E6%A8%B9%E6%9E%97%20&oid=1524526 HTTP/1.1" 200 4420
66.249.79.179 - - [18/Dec/2015:13:37:05 +0800] "GET /content/repository/resource_content.jsp?oid=2675064&queryString=%E4%B8%AD%E5%B1%B1%E7%8E%8B%20%E5%B8%9D%E8%A9%94 HTTP/1.1" 200 29713
66.249.74.98 - - [18/Dec/2015:13:37:38 +0800] "GET /content/repository/resource_content.jsp?oid=1889719&queryString=%E7%B0%A1%E9%8C%A6%E7%9B%8A HTTP/1.1" 200 29116
66.249.74.98 - - [18/Dec/2015:13:37:51 +0800] "GET /content/repository/resource_content.jsp?oid=1826844 HTTP/1.1" 200 28545
49.214.114.207 - - [18/Dec/2015:13:38:06 +0800] "GET /content/nav/relationSubject.jsp?relationWords=%E6%9C%A8%E7%8A%80+%E6%A1%82%E8%8A%B1+&oid=16777255 HTTP/1.1" 200 4029
66.249.74.98 - - [18/Dec/2015:13:38:15 +0800] "GET /content/repository/resource_content.jsp?oid=1540626 HTTP/1.1" 200 28663
66.249.74.61 - - [18/Dec/2015:13:38:27 +0800] "GET /content/repository/resource_content.jsp?oid=2670457&queryType=qs&queryString=%E8%87%A8%E6%99%89%E7%B8%A3 HTTP/1.1" 200 29832
66.249.74.98 - - [18/Dec/2015:13:38:45 +0800] "GET /content/repository/resource_content.jsp?oid=1462003 HTTP/1.1" 200 31450
207.46.13.87 - - [18/Dec/2015:13:39:40 +0800] "GET /content/repository/resource_content.jsp?oid=1630113 HTTP/1.1" 200 28920
66.249.79.24 - - [18/Dec/2015:13:39:42 +0800] "GET /content/repository/resource_content.jsp?oid=3825365&queryType=qs&queryString=%E9%A2%A8%E7%AE%B1 HTTP/1.1" 200 31027
207.46.13.65 - - [18/Dec/2015:13:40:43 +0800] "GET /content/repository/resource_content.jsp?oid=1602234&queryType=qs&queryString=%E7%B1%B3%E8%A3%BD HTTP/1.1" 200 42448
66.249.74.59 - - [18/Dec/2015:13:40:44 +0800] "GET /content/repository/resource_content.jsp?oid=1544497&queryType=qs&queryString=%E6%B0%B4%E5%8A%9B%E7%99%BC%E9%9B%BB HTTP/1.1" 200 28971
66.249.74.72 - - [18/Dec/2015:13:40:47 +0800] "GET /content/subject/resource_content.jsp?oid=16777377&queryType=qs&queryString=%E8%80%83%E5%8F%A4%E4%BA%BA%E9%A1%9E%E5%AD%B8%E7%B3%BB HTTP/1.1" 200 52349
66.249.74.102 - - [18/Dec/2015:13:40:50 +0800] "GET /content/repository/resource_content.jsp?oid=4351705&queryString=%E6%A2%AD%E9%AD%9A%20%E9%87%91%E6%A2%AD%20%E9%87%91%E6%A2%AD%E9%AD%9A%20%E9%BB%83%E5%B0%BE%20%E9%BB%83%E5%B0%BE%E9%87%91%E6%A2%AD%E9%AD%9A HTTP/1.1" 200 33838
66.249.79.27 - - [18/Dec/2015:13:40:52 +0800] "GET /content/repository/resource_content.jsp?oid=4387938&queryType=qs&queryString=%E5%8D%91%E5%8D%97%E6%97%8F HTTP/1.1" 200 31483
66.249.74.98 - - [18/Dec/2015:13:40:55 +0800] "GET /digiarch_en/content/repository/resource_content.jsp?oid=523299&queryString=%E7%8F%A0%E8%9E%BA%20%E8%85%B9%E8%B6%B3%E7%B6%B1%20%E8%A0%91%E8%9E%BA%20%E8%A0%91%E8%9E%BA%E7%A7%91 HTTP/1.1" 200 27360
66.249.79.24 - - [18/Dec/2015:13:41:19 +0800] "GET /content/subject/resource_content.jsp?oid=16777503&queryString=%E8%8C%84%E8%8B%B3 HTTP/1.1" 200 40315
66.249.74.59 - - [18/Dec/2015:13:41:29 +0800] "GET /content/repository/resource_content.jsp?oid=2673870&queryType=qs&queryString=%E4%BB%99%E9%B6%B4 HTTP/1.1" 200 30232
66.249.74.100 - - [18/Dec/2015:13:41:38 +0800] "GET /content/subject/resource_content.jsp?oid=16777279&queryString=%E6%B5%B7%E6%A3%A0%20%E7%A7%8B%E6%B5%B7%E6%A3%A0%20%E7%A7%8B%E6%B5%B7%E6%A3%A0%E5%B1%AC%20%E9%BB%83%E9%80%A3 HTTP/1.1" 200 34198
120.101.2.42 - - [18/Dec/2015:13:41:41 +0800] "GET /content/nav/relationSubject.jsp?relationWords=%E6%AA%AC%E6%9E%9C+%E8%8A%92%E6%9E%9C+&oid=16777508 HTTP/1.1" 200 4379
66.249.79.186 - - [18/Dec/2015:13:41:46 +0800] "GET /content/repository/resource_content.jsp?oid=2517861&queryString=%E6%A8%82%E5%AE%89 HTTP/1.1" 200 29967
66.249.74.61 - - [18/Dec/2015:13:42:04 +0800] "GET /content/repository/resource_content.jsp?oid=4362187&queryType=qs&queryString=%E6%9B%B4%E6%96%B0%E4%B8%96 HTTP/1.1" 200 28686
66.249.74.70 - - [18/Dec/2015:13:42:13 +0800] "GET /content/subject/resource_content.jsp?oid=16777331&queryType=qs&queryString=%E5%BB%9A%E6%88%BF HTTP/1.1" 200 32146
66.249.74.102 - - [18/Dec/2015:13:42:19 +0800] "GET /digiarch_en/content/repository/resource_content.jsp?oid=2683719&queryString=%E6%AD%A6%E8%88%89 HTTP/1.1" 200 24318
66.249.74.98 - - [18/Dec/2015:13:42:22 +0800] "GET /content/repository/resource_content.jsp?oid=2524253 HTTP/1.1" 200 29054
66.249.74.98 - - [18/Dec/2015:13:42:31 +0800] "GET /content/repository/resource_content.jsp?oid=188237 HTTP/1.1" 200 29736
66.249.74.74 - - [18/Dec/2015:13:42:49 +0800] "GET /content/repository/resource_content.jsp?oid=4588684&queryString=%E5%BD%A9%E7%B9%AA HTTP/1.1" 200 29274
66.249.74.61 - - [18/Dec/2015:13:42:59 +0800] "GET /content/repository/resource_content.jsp?oid=2511545&queryType=qs&queryString=%E9%8B%A4%E9%A0%AD HTTP/1.1" 200 29854
66.249.79.186 - - [18/Dec/2015:13:43:44 +0800] "GET /content/nav/relationSubject.jsp?relationWords=%E6%A1%88%E9%88%94%20%E6%B0%B8%E8%B2%9E%20%E8%BD%87%E8%BD%95%20%E9%99%B3%E8%81%AF%E6%B3%B0%20&oid=768336 HTTP/1.1" 200 3351
66.249.74.61 - - [18/Dec/2015:13:43:53 +0800] "GET /content/repository/resource_content.jsp?oid=1777130&queryType=qs&queryString=%E8%A4%87%E9%9F%B3%E6%AD%8C%E8%AC%A0 HTTP/1.1" 200 31257
49.214.114.207 - - [18/Dec/2015:13:43:54 +0800] "GET /content/nav/relationSubject.jsp?relationWords=%E6%9C%A8%E7%8A%80+%E6%A1%82%E8%8A%B1+&oid=16777255 HTTP/1.1" 200 4029
66.249.74.100 - - [18/Dec/2015:13:43:55 +0800] "GET /content/subject/resource_content.jsp?oid=16777294&queryString=%E5%A4%A7%E8%91%89%E5%B1%B1%20%E5%A4%A7%E8%91%89%E5%B1%B1%E6%AC%96%20%E5%B1%B1%E6%AC%96 HTTP/1.1" 200 28178
66.249.74.59 - - [18/Dec/2015:13:43:57 +0800] "GET /content/repository/resource_content.jsp?oid=2519438&queryType=qs&queryString=%E5%B7%9D%E6%B2%99%E7%87%9F HTTP/1.1" 200 29836
66.249.79.30 - - [18/Dec/2015:13:44:03 +0800] "GET /content/repository/resource_content.jsp?oid=4351705&queryString=%E5%8C%97%E6%A2%AD%E9%AD%9A%20%E5%9C%93%E9%A0%9C%E5%8C%97%E6%A2%AD%E9%AD%9A%20%E7%AB%B9%E7%AF%99%E9%A0%AD HTTP/1.1" 200 34255
66.249.79.172 - - [18/Dec/2015:13:44:04 +0800] "GET /content/nav/relationSubject.jsp?relationWords=%E4%B8%AD%E5%B1%B1%E7%8E%8B%20%E5%A4%A9%E6%81%A9%20%E5%A4%A9%E6%81%A9%E4%BA%8B%20%E6%81%AD%E8%AC%9D%E5%A4%A9%E6%81%A9%20&oid=2675064 HTTP/1.1" 200 3261
66.249.74.98 - - [18/Dec/2015:13:44:12 +0800] "GET /content/repository/resource_content.jsp?oid=2646557 HTTP/1.1" 200 29787
66.249.79.186 - - [18/Dec/2015:13:44:31 +0800] "GET /content/subject/resource_content.jsp?oid=16777348&queryType=qs&queryString=%E5%8D%81%E4%B8%89%E8%A1%8C%E9%81%BA%E5%9D%80 HTTP/1.1" 200 47927
66.249.74.98 - - [18/Dec/2015:13:44:41 +0800] "GET /content/repository/resource_content.jsp?oid=4362601&queryString=%E5%8B%9D%E5%88%A9%20%E6%9C%A8%E9%9B%95%E7%89%88%E7%95%AB HTTP/1.1" 200 28536
180.76.15.30 - - [18/Dec/2015:13:44:43 +0800] "GET /digiarch_en/content/subject/resource_content.jsp?oid=16777321&queryType=qc HTTP/1.1" 200 20865
66.249.74.70 - - [18/Dec/2015:13:44:51 +0800] "GET /content/subject/resource_content.jsp?oid=16777621&queryType=qs&queryString=%E7%8D%B8%E9%9D%A2 HTTP/1.1" 200 36392
66.249.74.98 - - [18/Dec/2015:13:44:53 +0800] "GET /content/repository/resource_content.jsp?oid=1614901 HTTP/1.1" 200 28380
66.249.79.30 - - [18/Dec/2015:13:44:59 +0800] "GET /content/repository/resource_content.jsp?oid=14832&queryString=%E5%8F%B0%E7%81%A3%E7%89%B9%E6%9C%89%E7%A8%AE%20%E6%A3%98%E8%A3%B8%E7%B5%A8%E9%AE%8B%20%E7%9F%B3%E7%8B%97%E5%85%AC%20%E7%9F%B3%E9%A0%AD%E9%AD%9A HTTP/1.1" 200 35896
66.249.79.24 - - [18/Dec/2015:13:45:10 +0800] "GET /content/repository/resource_content.jsp?oid=14956&queryString=%E5%A7%AC%E9%AF%9B%20%E7%AC%9B%E9%AF%9B%E7%A7%91%20%E7%B4%85%E8%87%AD%E9%AD%9A%20%E7%B4%85%E9%AD%9A%E4%BB%94 HTTP/1.1" 200 34332
66.249.79.186 - - [18/Dec/2015:13:45:38 +0800] "GET /content/repository/resource_content.jsp?oid=1618734&queryString=%E4%BA%94%E5%BA%9C%E5%8D%83%E6%AD%B2 HTTP/1.1" 200 29129
66.249.74.59 - - [18/Dec/2015:13:45:48 +0800] "GET /content/repository/resource_content.jsp?oid=1773409&queryType=qs&queryString=%E4%B8%96%E7%B3%BB%E7%BE%A4 HTTP/1.1" 200 31124
66.249.74.59 - - [18/Dec/2015:13:45:57 +0800] "GET /content/repository/resource_content.jsp?oid=2522221&queryType=qs&queryString=%E7%A3%A8%E5%9D%8A HTTP/1.1" 200 29873
66.249.74.74 - - [18/Dec/2015:13:46:06 +0800] "GET /content/repository/resource_content.jsp?oid=1552763&queryString=%E5%85%AD%E5%A1%8A%E5%8E%9D%20%E6%B2%B9%E8%BB%8A HTTP/1.1" 200 30939
66.249.79.186 - - [18/Dec/2015:13:46:48 +0800] "GET /content/nav/relationSubject.jsp?relationWords=%E5%9B%9B%E6%A3%98%E6%93%AC%E9%B1%B8%20%E6%93%AC%E9%B1%B8%20%E6%B2%99%E9%B1%B8%20%E6%B5%B7%E7%8B%97%E7%94%98%E4%BB%94%20%E7%8B%97%E6%AF%8D%20%E7%8B%97%E7%94%98%E4%BB%94%20%E8%88%89%E7%9B%AE%E9%AD%9A%20%E8%8A%B1%E7%8B%97%E6%AF%8D%20%E8%8A%B1%E7%8B%97%E6%AF%8D%E6%B5%B7%20%E9%9B%A8%E5%82%98%E9%96%82%20&oid=15889 HTTP/1.1" 200 4634
66.249.79.27 - - [18/Dec/2015:13:47:04 +0800] "GET /content/subject/resource_content.jsp?oid=16777601&queryType=qs&queryString=%E4%BF%AE%E8%BA%AB%E6%9B%B8 HTTP/1.1" 200 59058
66.249.74.102 - - [18/Dec/2015:13:47:06 +0800] "GET /content/repository/resource_content.jsp?oid=14156&queryString=%E6%89%81%E9%AF%8A%20%E7%90%B5%E7%90%B6%E9%AE%AB HTTP/1.1" 200 31018
66.249.79.24 - - [18/Dec/2015:13:47:11 +0800] "GET /content/subject/resource_content.jsp?oid=16777606&queryType=qc HTTP/1.1" 200 51035
66.249.74.98 - - [18/Dec/2015:13:47:13 +0800] "GET /content/subject/resource_content.jsp?oid=16777589&queryString=%E6%AF%8D%E8%A6%AA%E7%AF%80%20%E8%87%BA%E7%81%A3%E7%9C%81 HTTP/1.1" 200 28209
150.70.173.41 - - [18/Dec/2015:13:47:24 +0800] "GET /content/repository/resource_content.jsp?oid=1568796 HTTP/1.1" 200 29265
66.249.74.100 - - [18/Dec/2015:13:47:31 +0800] "GET /digiarch_en/content/repository/resource_content.jsp?oid=15069&queryString=%E7%B4%85%E9%BB%83%E5%B8%B6%E8%8A%B1%E9%AE%A8%20%E8%8A%B1%E9%AE%A8%20%E8%8A%B1%E9%B1%B8 HTTP/1.1" 200 26453
66.249.74.72 - - [18/Dec/2015:13:47:35 +0800] "GET /digiarch3/content/tmp_exh/resource_content.jsp?oid=16777829&queryString= HTTP/1.1" 200 36225
66.249.79.30 - - [18/Dec/2015:13:47:56 +0800] "GET /content/repository/resource_content.jsp?oid=2148876&queryString=%E6%A0%A1%E6%AC%91%20%E6%A4%86%E5%B1%AC%20%E6%A4%8D%E7%89%A9%E7%95%8C%20%E6%AE%BC%E6%96%97%E7%A7%91%20%E9%90%B5%E6%A4%86%20%E9%9D%92%E5%89%9B%E6%AB%9F HTTP/1.1" 200 31240
66.249.74.63 - - [18/Dec/2015:13:48:00 +0800] "GET /content/nav/relationSubject.jsp?relationWords=%E4%BE%BF%E6%B0%91+%E5%A4%96%E5%8C%AF+%E6%9D%B1%E6%B5%B7%E5%A4%A7%E5%AD%B8+%E6%9F%8F%E6%B2%B9%E8%B7%AF%E9%9D%A2+%E6%9F%B4%E6%B2%B9+%E6%A9%9F%E5%A0%B4+%E6%B1%BD%E6%B2%B9+%E8%87%BA%E4%B8%AD%E5%B8%82+%E8%87%BA%E4%B8%AD%E7%B8%A3+%E8%BB%8A%E7%A6%8D+%E9%9B%BB%E8%A9%B1+%E9%A2%A8%E6%99%AF%E5%8D%80+&oid=1552651 HTTP/1.1" 200 4334
66.249.74.59 - - [18/Dec/2015:13:48:03 +0800] "GET /content/nav/relationSubject.jsp?relationWords=%E4%BE%BF%E6%B0%91%20%E5%A4%96%E5%8C%AF%20%E6%9D%B1%E6%B5%B7%E5%A4%A7%E5%AD%B8%20%E6%9F%8F%E6%B2%B9%E8%B7%AF%E9%9D%A2%20%E6%9F%B4%E6%B2%B9%20%E6%A9%9F%E5%A0%B4%20%E6%B1%BD%E6%B2%B9%20%E8%87%BA%E4%B8%AD%E5%B8%82%20%E8%87%BA%E4%B8%AD%E7%B8%A3%20%E8%BB%8A%E7%A6%8D%20%E9%9B%BB%E8%A9%B1%20%E9%A2%A8%E6%99%AF%E5%8D%80%20&oid=1552651 HTTP/1.1" 200 4334
66.249.79.24 - - [18/Dec/2015:13:48:07 +0800] "GET /content/subject/resource_content.jsp?oid=16777491&queryType=qs&queryString=%E8%87%BA%E7%81%A3%E7%B8%BD%E7%9D%A3%E5%BA%9C HTTP/1.1" 200 48841
66.249.74.100 - - [18/Dec/2015:13:48:25 +0800] "GET /content/repository/resource_content.jsp?oid=1124522&queryString=%E5%8E%9A%E6%AE%BC%E7%B8%B1%E7%B0%BE%E8%9B%A4%20%E7%B0%BE%E8%9B%A4 HTTP/1.1" 200 36704
66.249.74.98 - - [18/Dec/2015:13:48:31 +0800] "GET /content/repository/resource_content.jsp?oid=1462137&queryString=%E5%A4%A7%E6%88%9F%20%E5%A4%A7%E6%88%9F%E7%A7%91%20%E6%A4%8D%E7%89%A9%E7%95%8C%20%E7%99%BD%E5%8C%8F%E5%AD%90%20%E9%87%8E%E6%A1%90%E5%B1%AC HTTP/1.1" 200 31449
66.249.74.63 - - [18/Dec/2015:13:48:54 +0800] "GET /content/repository/resource_content.jsp?oid=2683489&queryType=qs&queryString=%E5%A5%8F%E6%B4%BE HTTP/1.1" 200 31135
66.249.74.74 - - [18/Dec/2015:13:48:59 +0800] "GET /digiarch3/content/nav/relationSubject.jsp?relationWords=%E6%96%87%E5%8C%96%E4%B8%AD%E5%BF%83+%E6%9A%A8%E5%8D%97%E5%A4%A7%E5%AD%B8+&oid=16777829 HTTP/1.1" 200 5600
66.249.74.72 - - [18/Dec/2015:13:49:02 +0800] "GET /digiarch3/content/nav/relationSubject.jsp?relationWords=%E6%96%87%E5%8C%96%E4%B8%AD%E5%BF%83%20%E6%9A%A8%E5%8D%97%E5%A4%A7%E5%AD%B8%20&oid=16777829 HTTP/1.1" 200 5600
66.249.74.100 - - [18/Dec/2015:13:49:05 +0800] "GET /content/repository/resource_content.jsp?oid=1081612&queryString=%E5%A8%98%E4%BB%94%E9%AD%9A%20%E7%9F%B3%E6%96%91%E9%BE%8D%20%E8%83%B8%E6%96%91%E5%A4%A7%E5%92%BD%E9%BD%92%E9%AD%9A%20%E9%9A%86%E9%A0%AD%E9%AD%9A%E7%A7%91%20%E9%B8%9A%E9%AF%9B%20%E9%BB%91%E5%A4%A7%E5%92%BD%E9%BD%92%E9%AF%9B HTTP/1.1" 200 34445
66.249.74.72 - - [18/Dec/2015:13:49:17 +0800] "GET /digiarch3/content/repository/resource_content.jsp?oid=4364067&queryType=qs&queryString=%E9%A0%AD%E7%A4%BE HTTP/1.1" 200 28954
61.60.126.4 - - [18/Dec/2015:13:50:03 +0800] "GET /content/repository/resource_content.jsp?oid=14974&queryString=%E4%B9%9D%E5%88%BA%E9%AE%A8 HTTP/1.1" 200 34167
66.249.79.27 - - [18/Dec/2015:13:50:04 +0800] "GET /content/repository/resource_content.jsp?oid=3205079&queryType=qs&queryString=%E6%B8%85%E5%85%89%E7%B7%92 HTTP/1.1" 200 29366
61.60.126.4 - - [18/Dec/2015:13:50:04 +0800] "GET /content/nav/relationSubject.jsp?relationWords=%E4%B9%9D%E5%88%BA%E9%AE%A8+%E4%B9%9D%E6%A3%98+%E7%9F%B3%E6%96%91+%E7%B4%85%E9%B1%A0+%E7%B4%85%E9%B1%A0%E4%BB%94+%E7%B4%85%E9%BB%9E%E4%B9%9D%E5%88%BA%E9%AE%A8+%E8%8A%B1%E9%B1%A0+%E9%81%8E%E9%AD%9A+%E9%AE%A8%E7%A7%91+%E9%B1%A0%E4%BB%94+&oid=14974 HTTP/1.1" 200 4019
66.249.74.72 - - [18/Dec/2015:13:50:06 +0800] "GET /digiarch3/content/subject/resource_content.jsp?oid=16777611&queryType=qs&queryString=%E5%B9%B3%E5%9F%94%E6%97%8F HTTP/1.1" 200 49360
66.249.74.102 - - [18/Dec/2015:13:50:08 +0800] "GET /content/repository/resource_content.jsp?oid=1555058 HTTP/1.1" 200 30746
163.19.69.175 - - [18/Dec/2015:13:50:10 +0800] "GET /content/nav/relationSubject.jsp?relationWords=%E5%8F%B0%E7%81%A3%E6%AC%92%E6%A8%B9+%E6%AC%92%E6%A8%B9+%E8%8B%A6%E8%8B%93+%E8%8B%A6%E8%8B%93%E8%88%85+&oid=16777254 HTTP/1.1" 200 4383
66.249.74.98 - - [18/Dec/2015:13:50:11 +0800] "GET /content/repository/resource_content.jsp?oid=1560373 HTTP/1.1" 200 28879
66.249.74.59 - - [18/Dec/2015:13:50:31 +0800] "GET /content/repository/resource_content.jsp?oid=2521359&queryType=qs&queryString=%E9%86%B4%E9%99%B5 HTTP/1.1" 200 29864
66.249.79.27 - - [18/Dec/2015:13:50:39 +0800] "GET /content/subject/resource_content.jsp?oid=16777452&queryType=qc HTTP/1.1" 200 33302
66.249.74.72 - - [18/Dec/2015:13:50:48 +0800] "GET /digiarch3/content/repository/resource_content.jsp?oid=2147913&queryString=%E6%9D%BE%E5%B1%AC%20%E6%9D%BE%E6%9D%89%20%E6%9D%BE%E7%A7%91%20%E6%A4%8D%E7%89%A9%E7%95%8C%20%E6%AF%AC%E6%9E%9C%20%E7%BE%85%E6%BC%A2%E6%9D%BE%20%E7%BE%85%E6%BC%A2%E6%9D%BE%E5%B1%AC%20%E8%98%AD%E5%B6%BC%E7%BE%85%E6%BC%A2%E6%9D%BE HTTP/1.1" 200 31456
66.249.74.59 - - [18/Dec/2015:13:51:06 +0800] "GET /content/repository/resource_content.jsp?oid=2632804&queryType=qs&queryString=%E5%B9%B3%E6%A8%82%E7%B8%A3 HTTP/1.1" 200 29390
66.249.79.24 - - [18/Dec/2015:13:51:15 +0800] "GET /content/repository/resource_content.jsp?oid=2470484&queryString=%E6%99%82%E5%B1%80%E8%B3%87%E6%96%99%20%E7%9A%87%E8%BB%8D%20%E7%B8%BD%E7%9D%A3%E5%AE%98%E6%88%BF%20%E9%AD%AF%E5%85%8B HTTP/1.1" 200 30851
66.249.74.100 - - [18/Dec/2015:13:51:24 +0800] "GET /content/repository/resource_content.jsp?oid=1623189 HTTP/1.1" 200 29064
66.249.74.72 - - [18/Dec/2015:13:51:33 +0800] "GET /digiarch3/content/repository/resource_content.jsp?oid=1123782&queryString=%E6%B5%B7%E6%89%87%20%E6%B5%B7%E6%89%87%E8%9B%A4%20%E9%AB%98%E8%B2%B4%E6%B5%B7%E6%89%87%E8%9B%A4 HTTP/1.1" 200 36928
66.249.74.100 - - [18/Dec/2015:13:51:42 +0800] "GET /content/repository/resource_content.jsp?oid=1106597&queryString=%E6%A4%8D%E7%89%A9%E7%95%8C%20%E7%B4%B0%E8%91%89%E9%BC%A0%E9%BA%B4%E8%8D%89%20%E8%8F%8A%E7%A7%91%20%E9%9B%99%E5%AD%90%E8%91%89%E6%A4%8D%E7%89%A9%20%E9%BC%A0%E9%BA%B4%E8%8D%89%E5%B1%AC HTTP/1.1" 200 31898
66.249.74.98 - - [18/Dec/2015:13:52:01 +0800] "GET /content/repository/resource_content.jsp?oid=2613818 HTTP/1.1" 200 29356
68.180.228.24 - - [18/Dec/2015:13:52:04 +0800] "GET /digiarch_en/content/subject/resource_content.jsp?oid=16777745&queryType=qc HTTP/1.1" 200 31282
66.249.74.98 - - [18/Dec/2015:13:52:09 +0800] "GET /content/repository/resource_content.jsp?oid=1524283 HTTP/1.1" 200 28771
66.249.74.100 - - [18/Dec/2015:13:52:43 +0800] "GET /content/repository/resource_content.jsp?oid=1108457&queryString=%E5%A4%A9%E5%90%8D%E7%B2%BE%20%E5%A4%A9%E5%90%8D%E7%B2%BE%E5%B1%AC HTTP/1.1" 200 31268
66.249.79.30 - - [18/Dec/2015:13:53:03 +0800] "GET /content/subject/resource_content.jsp?oid=16777423&queryType=qs&queryString=%E4%B8%BB%E8%A8%88%E8%99%95 HTTP/1.1" 200 39653
66.249.74.72 - - [18/Dec/2015:13:53:05 +0800] "GET /digiarch3/content/repository/resource_content.jsp?oid=4203337&queryType=qs&queryString=%E7%B4%A1%E8%BC%AA HTTP/1.1" 200 29776
66.249.79.24 - - [18/Dec/2015:13:53:10 +0800] "GET /content/repository/resource_content.jsp?oid=4388324&queryType=qs&queryString=%E4%BA%94%E5%B9%B4%E7%A5%AD HTTP/1.1" 200 31083
66.249.74.98 - - [18/Dec/2015:13:53:12 +0800] "GET /content/repository/resource_content.jsp?oid=1125251 HTTP/1.1" 200 31721
66.249.74.98 - - [18/Dec/2015:13:53:14 +0800] "GET /content/repository/resource_content.jsp?oid=1462656 HTTP/1.1" 200 30751
66.249.74.98 - - [18/Dec/2015:13:53:18 +0800] "GET /content/subject/resource_content.jsp?oid=16777406&queryString=%E9%98%BF%E5%8B%83%E5%8B%92 HTTP/1.1" 200 32847
66.249.74.59 - - [18/Dec/2015:13:53:34 +0800] "GET /content/repository/resource_content.jsp?oid=1530139&queryType=qs&queryString=%E9%9D%9C%E6%B3%A2 HTTP/1.1" 200 30040
66.249.79.24 - - [18/Dec/2015:13:53:42 +0800] "GET /content/subject/resource_content.jsp?oid=16777632&queryType=qc HTTP/1.1" 200 32553
66.249.74.61 - - [18/Dec/2015:13:53:50 +0800] "GET /content/repository/resource_content.jsp?oid=1522023&queryType=qs&queryString=%E8%91%9B%E8%89%AF%E6%8B%9C HTTP/1.1" 200 29554
66.249.74.72 - - [18/Dec/2015:13:54:06 +0800] "GET /digiarch3/content/subject/resource_content.jsp?oid=16777606&queryType=qs&queryString=%E6%97%A5%E6%B2%BB%E6%99%82%E6%9C%9F HTTP/1.1" 200 50860
66.249.74.59 - - [18/Dec/2015:13:54:14 +0800] "GET /content/repository/resource_content.jsp?oid=1539968&queryType=qs&queryString=%E5%86%8D%E8%88%88 HTTP/1.1" 200 29783
66.249.74.59 - - [18/Dec/2015:13:54:21 +0800] "GET /content/repository/resource_content.jsp?oid=4440513&queryType=qs&queryString=%E7%9F%B3%E6%B2%B9 HTTP/1.1" 200 29660
66.249.74.76 - - [18/Dec/2015:13:54:38 +0800] "GET /digiarch3/content/repository/resource_content.jsp?oid=1124520&queryString=%E7%B0%BE%E8%9B%A4%E7%9B%AE%20%E7%B0%BE%E8%9B%A4%E7%A7%91%20%E8%8A%B1%E7%B0%BE%E8%9B%A4%E5%B1%AC%20%E8%8F%B2%E5%BE%8B%E8%B3%93%E7%B0%BE%E8%9B%A4%20%E9%9B%99%E6%AE%BC%E7%B6%B1 HTTP/1.1" 200 36204
66.249.74.61 - - [18/Dec/2015:13:54:46 +0800] "GET /content/repository/resource_content.jsp?oid=15824&queryType=qs&queryString=%E8%83%B8%E6%96%91 HTTP/1.1" 200 36128
66.249.74.59 - - [18/Dec/2015:13:54:54 +0800] "GET /content/repository/resource_content.jsp?oid=523590&queryType=qs&queryString=%E6%B5%B7%E6%89%87 HTTP/1.1" 200 36602
66.249.74.102 - - [18/Dec/2015:13:54:55 +0800] "GET /digiarch_en/content/nav/relationSubject.jsp?relationWords=%E7%B4%85%E9%BB%83%E5%B8%B6%E8%8A%B1%E9%AE%A8%20%E8%8A%B1%E9%AE%A8%20%E8%8A%B1%E9%B1%B8%20&oid=15069 HTTP/1.1" 200 3456
66.249.74.74 - - [18/Dec/2015:13:55:02 +0800] "GET /content/repository/resource_content.jsp?oid=2521876&queryString=%E4%BA%AC%E5%B8%AB%E7%A8%85%20%E6%9D%8E%E6%BF%9F%20%E7%8D%B8%E9%AA%A8%20%E7%A8%85%E5%8B%99 HTTP/1.1" 200 30431
66.249.74.59 - - [18/Dec/2015:13:55:10 +0800] "GET /content/repository/resource_content.jsp?oid=2520283&queryType=qs&queryString=%E5%8D%94%E9%99%9D HTTP/1.1" 200 30298
66.249.74.98 - - [18/Dec/2015:13:55:20 +0800] "GET /content/repository/resource_content.jsp?oid=1456912&queryString=%E5%81%87%E5%9C%B0%E8%86%BD%E8%8D%89%20%E6%A4%8D%E7%89%A9%E7%95%8C%20%E8%8F%8A%E7%A7%91%20%E9%9B%99%E5%AD%90%E8%91%89%E6%A4%8D%E7%89%A9 HTTP/1.1" 200 31138
66.249.74.98 - - [18/Dec/2015:13:56:04 +0800] "GET /content/repository/resource_content.jsp?oid=1436856&queryType=qs&queryString=%E5%90%BB%E9%83%A8 HTTP/1.1" 200 33158
66.249.79.24 - - [18/Dec/2015:13:56:08 +0800] "GET /content/repository/resource_content.jsp?oid=4364696&queryType=qs&queryString=%E6%92%92%E5%A5%87%E8%90%8A%E9%9B%85 HTTP/1.1" 200 27916
66.249.74.98 - - [18/Dec/2015:13:56:21 +0800] "GET /content/repository/resource_content.jsp?oid=1526046 HTTP/1.1" 200 28935
66.249.74.98 - - [18/Dec/2015:13:56:30 +0800] "GET /content/repository/resource_content.jsp?oid=3818148&queryString=%E5%B1%B1%E6%AB%BB%E6%A1%83%20%E5%B1%B1%E6%AB%BB%E8%8A%B1%20%E6%A2%85%E5%B1%AC%20%E6%A4%8D%E7%89%A9%E7%95%8C%20%E6%AB%BB%E6%A1%83%20%E7%B7%8B%E6%AB%BB%20%E8%96%94%E8%96%87%E7%9B%AE%20%E8%96%94%E8%96%87%E7%A7%91 HTTP/1.1" 200 31297
66.249.74.98 - - [18/Dec/2015:13:56:48 +0800] "GET /content/subject/resource_content.jsp?oid=16777467&queryString=%E5%A4%9A%E6%A8%A3%E6%80%A7%20%E9%AD%AF%E5%87%B1%E6%97%8F%20%E9%B8%9A%E9%B5%A1%E8%9E%BA HTTP/1.1" 200 70813
66.249.74.100 - - [18/Dec/2015:13:56:52 +0800] "GET /content/nav/relationSubject.jsp?relationWords=%E5%BE%A9%E8%88%88%E9%84%89%20&oid=1614901 HTTP/1.1" 200 7113
66.249.74.61 - - [18/Dec/2015:13:56:56 +0800] "GET /content/repository/resource_content.jsp?oid=2601834&queryType=qs&queryString=%E9%9D%96%E5%8D%97%E7%8E%8B HTTP/1.1" 200 29985
66.249.79.30 - - [18/Dec/2015:13:57:01 +0800] "GET /content/nav/relationSubject.jsp?relationWords=%E5%8F%A4%E7%B1%8D+%E7%B4%A0%E5%95%8F+%E8%81%AF%E5%90%88%E7%9B%AE%E9%8C%84+%E9%86%AB%E7%99%82%E5%8F%B2+%E9%87%8D%E5%BB%A3+%E9%BB%83%E5%B8%9D%E5%85%A7%E7%B6%93+%E9%BB%83%E5%B8%9D%E5%85%A7%E7%B6%93%E7%B4%A0%E5%95%8F+&oid=3205079 HTTP/1.1" 200 4606
66.249.79.24 - - [18/Dec/2015:13:57:03 +0800] "GET /content/nav/relationSubject.jsp?relationWords=%E5%8F%A4%E7%B1%8D%20%E7%B4%A0%E5%95%8F%20%E8%81%AF%E5%90%88%E7%9B%AE%E9%8C%84%20%E9%86%AB%E7%99%82%E5%8F%B2%20%E9%87%8D%E5%BB%A3%20%E9%BB%83%E5%B8%9D%E5%85%A7%E7%B6%93%20%E9%BB%83%E5%B8%9D%E5%85%A7%E7%B6%93%E7%B4%A0%E5%95%8F%20&oid=3205079 HTTP/1.1" 200 4606
66.249.79.27 - - [18/Dec/2015:13:57:06 +0800] "GET /content/repository/resource_content.jsp?oid=4353946&queryString=%E9%89%A4%E9%B1%97%E9%AD%A8%20%E9%B1%97%E9%AD%A8 HTTP/1.1" 200 34269
66.249.74.72 - - [18/Dec/2015:13:57:15 +0800] "GET /digiarch3/content/repository/resource_content.jsp?oid=4387955&queryString=%E9%AD%AF%E5%87%B1%E6%97%8F%20%E9%AD%AF%E5%87%B1%E6%97%8F%E5%BD%B1%E5%83%8F HTTP/1.1" 200 31327
66.249.74.98 - - [18/Dec/2015:13:57:33 +0800] "GET /content/subject/resource_content.jsp?oid=16777595&queryType=qs&queryString=%E5%BE%A9%E8%88%88%E8%88%AA%E7%A9%BA HTTP/1.1" 200 43367
66.249.79.24 - - [18/Dec/2015:13:57:36 +0800] "GET /content/nav/relationSubject.jsp?relationWords=%E6%A4%8D%E7%89%A9%E7%95%8C%20%E8%8C%9C%E8%8D%89%20%E8%8C%9C%E8%8D%89%E7%A7%91%20%E9%A2%A8%E7%AE%B1%20%E9%A2%A8%E7%AE%B1%E6%A8%B9%20&oid=3825365 HTTP/1.1" 200 3359
40.77.167.12 - - [18/Dec/2015:13:57:41 +0800] "GET /content/nav/relationSubject.jsp?relationWords=%E7%A9%97%E8%8A%B1%E5%B1%B1%E5%A5%88+%E9%87%8E%E8%96%91%E8%8A%B1+&oid=16777263 HTTP/1.1" 200 3284
66.249.74.61 - - [18/Dec/2015:13:57:42 +0800] "GET /content/repository/resource_content.jsp?oid=1538130&queryType=qs&queryString=%E5%B0%8F%E5%BE%91%E6%9C%A8 HTTP/1.1" 200 28908
66.249.74.98 - - [18/Dec/2015:13:57:51 +0800] "GET /content/repository/resource_content.jsp?oid=1536460 HTTP/1.1" 200 28616
66.249.74.98 - - [18/Dec/2015:13:57:56 +0800] "GET /content/repository/resource_content.jsp?oid=2518122 HTTP/1.1" 200 29679
66.249.74.59 - - [18/Dec/2015:13:58:00 +0800] "GET /content/repository/resource_content.jsp?oid=180039&queryType=qs&queryString=%E7%B7%A9%E9%81%A0 HTTP/1.1" 200 30279
66.249.74.98 - - [18/Dec/2015:13:58:08 +0800] "GET /content/subject/resource_content.jsp?oid=16777443 HTTP/1.1" 200 40095
66.249.74.98 - - [18/Dec/2015:13:58:17 +0800] "GET /content/subject/resource_content.jsp?oid=16777500 HTTP/1.1" 200 33343
66.249.79.27 - - [18/Dec/2015:13:58:42 +0800] "GET /content/nav/relationSubject.jsp?relationWords=%E6%92%92%E5%A5%87%E8%90%8A%E9%9B%85+%E9%A0%AD%E9%A3%BE+&oid=4364696 HTTP/1.1" 200 3034
66.249.79.24 - - [18/Dec/2015:13:58:45 +0800] "GET /content/nav/relationSubject.jsp?relationWords=%E6%92%92%E5%A5%87%E8%90%8A%E9%9B%85%20%E9%A0%AD%E9%A3%BE%20&oid=4364696 HTTP/1.1" 200 3034
66.249.79.30 - - [18/Dec/2015:13:59:13 +0800] "GET /content/repository/resource_content.jsp?oid=1898570&queryType=qs&queryString=%E5%9C%9F%E5%9C%B0%E5%88%A9%E7%94%A8 HTTP/1.1" 200 30337
66.249.74.102 - - [18/Dec/2015:13:59:16 +0800] "GET /content/repository/resource_content.jsp?oid=1565293 HTTP/1.1" 200 30706
66.249.74.72 - - [18/Dec/2015:13:59:36 +0800] "GET /digiarch3/content/repository/resource_content.jsp?oid=2628679&queryType=qs&queryString=%E5%8A%89%E5%90%91 HTTP/1.1" 200 29579
66.249.74.59 - - [18/Dec/2015:14:00:00 +0800] "GET /content/repository/resource_content.jsp?oid=2679773&queryType=qs&queryString=%E6%8C%91%E6%B2%B3 HTTP/1.1" 200 30032
66.249.74.100 - - [18/Dec/2015:14:00:22 +0800] "GET /content/repository/resource_content.jsp?oid=1814985 HTTP/1.1" 200 29442
66.249.74.98 - - [18/Dec/2015:14:00:33 +0800] "GET /content/repository/resource_content.jsp?oid=1564704 HTTP/1.1" 200 28561
66.249.74.59 - - [18/Dec/2015:14:00:46 +0800] "GET /content/repository/resource_content.jsp?oid=2681165&queryType=qs&queryString=%E7%91%9A%E5%9C%96%E7%A6%AE HTTP/1.1" 200 30292
66.249.74.100 - - [18/Dec/2015:14:01:22 +0800] "GET /content/nav/relationSubject.jsp?relationWords=%E7%BE%85%E6%BC%A2%E6%9D%BE+%E8%98%AD%E5%B6%BC%E7%BE%85%E6%BC%A2%E6%9D%BE+%E9%81%94%E6%82%9F+%E9%81%94%E6%82%9F%E6%97%8F+%E9%9B%85%E7%BE%8E+%E9%9B%85%E7%BE%8E%E6%97%8F+&oid=16777443 HTTP/1.1" 200 4289
66.249.74.76 - - [18/Dec/2015:14:02:14 +0800] "GET /digiarch3/content/repository/resource_content.jsp?oid=3205048&queryType=qs&queryString=%E6%AF%9B%E8%A3%9D HTTP/1.1" 200 29018
66.249.74.61 - - [18/Dec/2015:14:02:18 +0800] "GET /content/repository/resource_content.jsp?oid=2689165&queryType=qs&queryString=%E5%BB%B3%E5%B7%9E HTTP/1.1" 200 30076
188.165.15.105 - - [18/Dec/2015:14:02:22 +0800] "GET /content/subject/resource_content.jsp?oid=16777561&queryType=qc HTTP/1.1" 200 40966
66.249.79.30 - - [18/Dec/2015:14:02:24 +0800] "GET /content/subject/resource_content.jsp?oid=16777500&queryType=qs&queryString=%E7%B6%93%E6%BF%9F%E9%83%A8 HTTP/1.1" 200 33309
66.249.74.59 - - [18/Dec/2015:14:02:33 +0800] "GET /content/repository/resource_content.jsp?oid=1449817&queryType=qs&queryString=%E6%B5%B7%E9%B1%BA HTTP/1.1" 200 29928
66.249.74.98 - - [18/Dec/2015:14:02:56 +0800] "GET /content/repository/resource_content.jsp?oid=1095170 HTTP/1.1" 200 29580
66.249.74.98 - - [18/Dec/2015:14:03:08 +0800] "GET /content/repository/resource_content.jsp?oid=1115701&queryString=%E6%A2%85%E5%B1%AC%20%E6%A4%8D%E7%89%A9%E7%95%8C%20%E8%96%94%E8%96%87%E7%9B%AE%20%E8%96%94%E8%96%87%E7%A7%91%20%E9%9C%A7%E7%A4%BE%E5%B1%B1%E6%AB%BB%E8%8A%B1 HTTP/1.1" 200 31748
66.249.74.98 - - [18/Dec/2015:14:03:15 +0800] "GET /content/repository/resource_content.jsp?oid=1552769&queryString=%E5%AE%A2%E9%81%8B HTTP/1.1" 200 30665
66.249.74.98 - - [18/Dec/2015:14:03:24 +0800] "GET /content/repository/resource_content.jsp?oid=2662189 HTTP/1.1" 200 29542
66.249.74.72 - - [18/Dec/2015:14:03:35 +0800] "GET /digiarch3/content/subject/resource_content.jsp?oid=16797240&queryType=qc HTTP/1.1" 200 42460
66.249.74.100 - - [18/Dec/2015:14:03:45 +0800] "GET /digiarch_en/content/repository/resource_content.jsp?oid=1173452&queryString=%E7%99%BD%E8%8B%97%20%E8%8B%97%E5%A5%B3 HTTP/1.1" 200 23380
66.249.79.186 - - [18/Dec/2015:14:03:55 +0800] "GET /content/repository/resource_content.jsp?oid=4363688&queryString=%E5%8D%83%E9%87%8C%E7%9C%BC HTTP/1.1" 200 28732
66.249.74.59 - - [18/Dec/2015:14:03:59 +0800] "GET /content/nav/relationSubject.jsp?relationWords=%E4%BE%BF%E6%B0%91+%E5%A5%8E%E8%BC%9D+%E5%BE%A9%E8%88%88%E9%84%89+&oid=1582145 HTTP/1.1" 200 3190
66.249.74.59 - - [18/Dec/2015:14:04:01 +0800] "GET /content/nav/relationSubject.jsp?relationWords=%E4%BE%BF%E6%B0%91%20%E5%A5%8E%E8%BC%9D%20%E5%BE%A9%E8%88%88%E9%84%89%20&oid=1582145 HTTP/1.1" 200 3190
66.249.79.172 - - [18/Dec/2015:14:04:05 +0800] "GET /content/repository/resource_content.jsp?oid=2647335&queryString=%E6%B0%B4%E7%A8%BB%20%E7%99%BD%E9%9C%B2%20%E8%99%95%E6%9A%91 HTTP/1.1" 200 29682
66.249.74.63 - - [18/Dec/2015:14:05:23 +0800] "GET /content/repository/resource_content.jsp?oid=2511163&queryType=qs&queryString=%E9%99%B3%E6%8C%AF HTTP/1.1" 200 30622
66.249.79.30 - - [18/Dec/2015:14:05:25 +0800] "GET /content/repository/resource_content.jsp?oid=1777857&queryString=%E5%8D%91%E5%8D%97%E6%97%8F HTTP/1.1" 200 30714
66.249.79.24 - - [18/Dec/2015:14:05:30 +0800] "GET /content/repository/resource_content.jsp?oid=4739422&queryType=qs&queryString=%E8%80%B6%E7%A9%8C%E6%95%99 HTTP/1.1" 200 30247
66.249.74.72 - - [18/Dec/2015:14:05:32 +0800] "GET /content/subject/resource_content.jsp?oid=16777556&queryType=qs&queryString=%E9%A6%96%E7%B4%9A HTTP/1.1" 200 40463
66.249.74.59 - - [18/Dec/2015:14:05:37 +0800] "GET /content/repository/resource_content.jsp?oid=2667022&queryType=qs&queryString=%E9%AB%98%E5%BB%89 HTTP/1.1" 200 29899
66.249.74.100 - - [18/Dec/2015:14:05:42 +0800] "GET /content/nav/relationSubject.jsp?relationWords=%E5%81%87%E5%9C%B0%E8%86%BD%E8%8D%89%20%E5%9C%B0%E8%86%BD%E8%8D%89%20%E6%A4%8D%E7%89%A9%E7%95%8C%20%E8%8F%8A%E7%A7%91%20%E9%9B%99%E5%AD%90%E8%91%89%20%E9%9B%99%E5%AD%90%E8%91%89%E6%A4%8D%E7%89%A9%20&oid=1456912 HTTP/1.1" 200 3462
66.249.74.59 - - [18/Dec/2015:14:05:45 +0800] "GET /content/repository/resource_content.jsp?oid=4362231&queryType=qs&queryString=%E9%98%BF%E5%BD%8C%E9%99%80%E4%BD%9B HTTP/1.1" 200 30480
66.249.74.98 - - [18/Dec/2015:14:05:47 +0800] "GET /content/repository/resource_content.jsp?oid=1568439 HTTP/1.1" 200 28926
66.249.74.102 - - [18/Dec/2015:14:06:01 +0800] "GET /digiarch_en/content/repository/resource_content.jsp?oid=1124023&queryString=%E5%B0%96%E8%A7%92%E6%B1%9F%E7%8F%A7%E8%9B%A4%20%E6%B1%9F%E7%8F%A7%E8%9B%A4%20%E8%9B%A4%E7%A7%91%20%E8%B2%BD%E8%B2%9D%20%E9%9B%99%E6%AE%BC%E7%B6%B1 HTTP/1.1" 200 28464
66.249.74.98 - - [18/Dec/2015:14:06:07 +0800] "GET /content/nav/relationSubject.jsp?relationWords=%E5%A2%9E%E5%BB%BA%20%E5%AD%B8%E7%94%9F%E5%AE%BF%E8%88%8D%20%E6%B4%BB%E5%8B%95%E4%B8%AD%E5%BF%83%20&oid=1564704 HTTP/1.1" 200 3568
