61.135.189.96 - - [31/Dec/2015:09:12:54 +0800] "GET /digiarch/content/repository/resource_content.jsp?oid=2550740 HTTP/1.1" 404 14873
61.135.189.96 - - [31/Dec/2015:09:13:06 +0800] "GET /digiarch/content/repository/resource_content.jsp?oid=2541552 HTTP/1.1" 404 14873
66.249.71.60 - - [31/Dec/2015:09:13:13 +0800] "GET /content/nav/relationSubject.jsp?relationWords=%E8%87%B4%E9%81%94%20%E9%81%94%E8%B3%B4%20&oid=827914 HTTP/1.1" 200 3140
61.135.189.96 - - [31/Dec/2015:09:13:19 +0800] "GET /digiarch/content/repository/resource_content.jsp?oid=2540977 HTTP/1.1" 404 14873
66.249.71.60 - - [31/Dec/2015:09:13:25 +0800] "GET /content/repository/resource_content.jsp?oid=1101787 HTTP/1.1" 200 30869
61.135.189.96 - - [31/Dec/2015:09:13:33 +0800] "GET /digiarch/content/repository/resource_content.jsp?oid=2542370 HTTP/1.1" 404 14873
61.135.189.96 - - [31/Dec/2015:09:13:45 +0800] "GET /digiarch/content/repository/resource_content.jsp?oid=2574124 HTTP/1.1" 404 14873
61.135.189.96 - - [31/Dec/2015:09:13:57 +0800] "GET /digiarch/content/repository/resource_content.jsp?oid=2556346 HTTP/1.1" 404 14873
61.135.189.96 - - [31/Dec/2015:09:14:09 +0800] "GET /digiarch/content/repository/resource_content.jsp?oid=2523731 HTTP/1.1" 404 14873
66.249.71.113 - - [31/Dec/2015:09:14:10 +0800] "GET /content/repository/resource_content.jsp?oid=1773661&queryType=qs&queryString=%E7%AB%A5%E8%A9%B1%E6%95%85%E4%BA%8B HTTP/1.1" 200 29903
61.135.189.96 - - [31/Dec/2015:09:14:21 +0800] "GET /digiarch/content/repository/resource_content.jsp?oid=2541612 HTTP/1.1" 404 14873
204.79.180.69 - - [31/Dec/2015:09:14:30 +0800] "GET /content/nav/relationSubject.jsp?relationWords=%E5%8F%B0%E7%81%A3%E6%AC%92%E6%A8%B9+%E8%8B%A6%E8%8B%93%E8%88%85+&oid=16777254 HTTP/1.1" 200 4285
61.135.189.96 - - [31/Dec/2015:09:14:33 +0800] "GET /digiarch/content/repository/resource_content.jsp?oid=2524895 HTTP/1.1" 404 14873
157.55.39.178 - - [31/Dec/2015:09:14:34 +0800] "GET /content/nav/relationSubject.jsp?relationWords=%E5%A4%8F%E5%A4%9C+%E6%B0%B4%E8%8C%84%E8%8B%B3+&oid=16777503 HTTP/1.1" 200 3687
66.249.71.14 - - [31/Dec/2015:09:14:39 +0800] "GET /digiarch3/content/repository/resource_content.jsp?oid=2657368&queryType=qs&queryString=%E8%99%95%E6%B1%BA HTTP/1.1" 200 30386
61.135.189.96 - - [31/Dec/2015:09:14:46 +0800] "GET /digiarch/content/repository/resource_content.jsp?oid=2537978 HTTP/1.1" 404 14873
66.249.71.60 - - [31/Dec/2015:09:14:47 +0800] "GET /content/nav/relationSubject.jsp?relationWords=%E5%8F%B0%E9%9B%BB%20%E6%B5%81%E8%BD%89%E5%B9%B4%E8%8F%AF%20&oid=16777629 HTTP/1.1" 200 7767
66.249.71.60 - - [31/Dec/2015:09:14:54 +0800] "GET /content/repository/resource_content.jsp?oid=1107577&queryString=%E4%B8%89%E8%8A%B1%E9%8A%80%E8%93%AE%E8%8A%B1%20%E5%8C%8D%E6%9E%9D%E9%8A%80%E8%93%AE%E8%8A%B1%20%E6%A4%8D%E7%89%A9%E7%95%8C%20%E6%AF%9B%E8%8C%9B%20%E6%AF%9B%E8%8C%9B%E7%A7%91%20%E9%8A%80%E8%93%AE%E8%8A%B1%E5%B1%AC HTTP/1.1" 200 31752
61.135.189.96 - - [31/Dec/2015:09:15:01 +0800] "GET /digiarch/content/repository/resource_content.jsp?oid=2569884 HTTP/1.1" 404 14873
66.249.71.60 - - [31/Dec/2015:09:15:13 +0800] "GET /content/nav/relationSubject.jsp?relationWords=%E6%8E%98%E6%A3%92%20%E9%9B%85%E7%BE%8E%E6%97%8F%20&oid=1781215 HTTP/1.1" 200 3004
61.135.189.96 - - [31/Dec/2015:09:15:15 +0800] "GET /digiarch/content/repository/resource_content.jsp?oid=2538296 HTTP/1.1" 404 14873
61.135.189.96 - - [31/Dec/2015:09:15:30 +0800] "GET /digiarch/content/repository/resource_content.jsp?oid=2534905 HTTP/1.1" 404 14873
66.249.71.72 - - [31/Dec/2015:09:15:39 +0800] "GET /content/repository/resource_content.jsp?oid=1523927 HTTP/1.1" 200 29150
61.135.189.96 - - [31/Dec/2015:09:15:44 +0800] "GET /digiarch/content/repository/resource_content.jsp?oid=2529263 HTTP/1.1" 404 14873
61.135.189.96 - - [31/Dec/2015:09:15:58 +0800] "GET /digiarch/content/repository/resource_content.jsp?oid=2538491 HTTP/1.1" 404 14873
61.135.189.96 - - [31/Dec/2015:09:16:12 +0800] "GET /digiarch/content/repository/resource_content.jsp?oid=2525192 HTTP/1.1" 404 14873
66.249.71.64 - - [31/Dec/2015:09:16:23 +0800] "GET /content/repository/resource_content.jsp?oid=1822086&queryString=%E5%A4%A7%E6%A8%82%20%E6%B4%B9%E5%AD%90%E5%AD%9F%E5%A7%9C%E5%A3%BA HTTP/1.1" 200 31457
66.249.71.64 - - [31/Dec/2015:09:16:26 +0800] "GET /content/nav/relationSubject.jsp?relationWords=%E7%89%99%E7%AC%84+&oid=1851630 HTTP/1.1" 200 1887
61.135.189.96 - - [31/Dec/2015:09:16:26 +0800] "GET /digiarch/content/repository/resource_content.jsp?oid=2528004 HTTP/1.1" 404 14873
66.249.71.60 - - [31/Dec/2015:09:16:29 +0800] "GET /content/nav/relationSubject.jsp?relationWords=%E7%89%99%E7%AC%84%20&oid=1851630 HTTP/1.1" 200 1887
66.249.71.113 - - [31/Dec/2015:09:16:33 +0800] "GET /content/nav/relationSubject.jsp?relationWords=%E6%B1%9F%E5%AF%A7+%E8%A5%BF%E6%96%B0%E9%97%9C+&oid=2517431 HTTP/1.1" 200 3155
66.249.71.105 - - [31/Dec/2015:09:16:35 +0800] "GET /content/nav/relationSubject.jsp?relationWords=%E6%B1%9F%E5%AF%A7%20%E8%A5%BF%E6%96%B0%E9%97%9C%20&oid=2517431 HTTP/1.1" 200 3155
61.135.189.96 - - [31/Dec/2015:09:16:39 +0800] "GET /digiarch/content/repository/resource_content.jsp?oid=2528113 HTTP/1.1" 404 14873
61.135.189.96 - - [31/Dec/2015:09:16:54 +0800] "GET /digiarch/content/repository/resource_content.jsp?oid=2541872 HTTP/1.1" 404 14873
66.249.71.60 - - [31/Dec/2015:09:17:08 +0800] "GET /content/repository/resource_content.jsp?oid=2628620 HTTP/1.1" 200 29893
61.135.189.96 - - [31/Dec/2015:09:17:09 +0800] "GET /digiarch/content/repository/resource_content.jsp?oid=2552242 HTTP/1.1" 404 14873
66.249.71.72 - - [31/Dec/2015:09:17:10 +0800] "GET /content/repository/resource_content.jsp?oid=2150811 HTTP/1.1" 200 30848
66.249.71.60 - - [31/Dec/2015:09:17:14 +0800] "GET /content/nav/relationSubject.jsp?relationWords=%E4%BA%BA%E5%90%8D%E6%AC%8A%E5%A8%81+%E5%9C%8B%E5%BA%AB%E5%88%B8+%E6%B1%AA%E6%A6%AE%E5%AF%B6+&oid=743397 HTTP/1.1" 200 3519
66.249.71.60 - - [31/Dec/2015:09:17:17 +0800] "GET /content/nav/relationSubject.jsp?relationWords=%E4%BA%BA%E5%90%8D%E6%AC%8A%E5%A8%81%20%E5%9C%8B%E5%BA%AB%E5%88%B8%20%E6%B1%AA%E6%A6%AE%E5%AF%B6%20&oid=743397 HTTP/1.1" 200 3519
61.135.189.96 - - [31/Dec/2015:09:17:22 +0800] "GET /digiarch/content/repository/resource_content.jsp?oid=2552639 HTTP/1.1" 404 14873
61.135.189.96 - - [31/Dec/2015:09:17:37 +0800] "GET /digiarch/content/repository/resource_content.jsp?oid=2574501 HTTP/1.1" 404 14873
61.135.189.96 - - [31/Dec/2015:09:17:51 +0800] "GET /digiarch/content/repository/resource_content.jsp?oid=2523974 HTTP/1.1" 404 14873
61.135.189.96 - - [31/Dec/2015:09:18:05 +0800] "GET /digiarch/content/repository/resource_content.jsp?oid=1821253 HTTP/1.1" 404 14873
66.249.71.164 - - [31/Dec/2015:09:18:15 +0800] "GET /content/nav/relationSubject.jsp?relationWords=%E6%A4%8D%E7%89%A9%E7%95%8C+%E7%87%88%E7%B1%A0%E6%9E%9C+%E7%87%88%E7%B1%A0%E8%8D%89+%E7%87%88%E7%B1%A0%E8%8D%89%E5%B1%AC+%E7%A7%98%E9%AD%AF+%E8%8B%A6%E8%98%B5+%E8%8C%84%E7%A7%91+&oid=3813897 HTTP/1.1" 200 3456
203.72.239.1 - - [31/Dec/2015:09:18:19 +0800] "GET /digiarch3/content/pictures/picture_content.jsp?oid=33554733&classify=2259 HTTP/1.1" 200 27974
203.72.239.1 - - [31/Dec/2015:09:18:19 +0800] "GET /digiarch3/content/nav/relationSubject.jsp?relationWords=%E7%9C%BC%E6%96%91%E6%B5%B7%E8%91%B5%E9%AD%9A+&oid=33554733 HTTP/1.1" 200 3185
61.135.189.96 - - [31/Dec/2015:09:18:20 +0800] "GET /digiarch/content/repository/resource_content.jsp?oid=2540056 HTTP/1.1" 404 14873
61.135.189.96 - - [31/Dec/2015:09:18:34 +0800] "GET /digiarch/content/repository/resource_content.jsp?oid=2555701 HTTP/1.1" 404 14873
66.249.77.85 - - [31/Dec/2015:09:18:37 +0800] "GET /content/repository/resource_content.jsp?oid=4411540&queryType=qs&queryString=%E9%8C%9B%E9%91%BF%E5%BD%A2%E5%99%A8 HTTP/1.1" 200 28900
203.72.239.1 - - [31/Dec/2015:09:18:46 +0800] "GET /digiarch3/content/pictures/picture_content.jsp?oid=33554730&classify=2259 HTTP/1.1" 200 27820
203.72.239.1 - - [31/Dec/2015:09:18:47 +0800] "GET /digiarch3/content/nav/relationSubject.jsp?relationWords=%E9%AC%BC%E9%A0%AD%E5%88%80+&oid=33554730 HTTP/1.1" 200 3372
61.135.189.96 - - [31/Dec/2015:09:18:48 +0800] "GET /digiarch/content/repository/resource_content.jsp?oid=2567903 HTTP/1.1" 404 14873
61.135.189.96 - - [31/Dec/2015:09:19:03 +0800] "GET /digiarch/content/repository/resource_content.jsp?oid=2572161 HTTP/1.1" 404 14873
61.135.189.96 - - [31/Dec/2015:09:19:18 +0800] "GET /digiarch/content/repository/resource_content.jsp?oid=2533858 HTTP/1.1" 404 14873
66.249.71.105 - - [31/Dec/2015:09:19:21 +0800] "GET /content/repository/resource_content.jsp?oid=4364020&queryType=qs&queryString=%E8%91%AB%E8%98%86%E5%BD%A2 HTTP/1.1" 200 28574
61.135.189.96 - - [31/Dec/2015:09:19:32 +0800] "GET /digiarch/content/repository/resource_content.jsp?oid=2557413 HTTP/1.1" 404 14873
207.46.13.82 - - [31/Dec/2015:09:19:35 +0800] "GET /content/nav/relationSubject.jsp?relationWords=%E5%B1%B1%E6%AB%BB%E8%8A%B1+&oid=16777304 HTTP/1.1" 200 4452
66.249.71.72 - - [31/Dec/2015:09:19:41 +0800] "GET /content/repository/resource_content.jsp?oid=1889868 HTTP/1.1" 200 28302
61.135.189.96 - - [31/Dec/2015:09:19:46 +0800] "GET /digiarch/content/repository/resource_content.jsp?oid=2534319 HTTP/1.1" 404 14873
203.72.239.1 - - [31/Dec/2015:09:19:54 +0800] "GET /digiarch3/content/pictures/picture_content.jsp?oid=33554880&classify=2761 HTTP/1.1" 200 27890
203.72.239.1 - - [31/Dec/2015:09:19:54 +0800] "GET /digiarch3/content/nav/relationSubject.jsp?relationWords=%E9%9B%B2%E7%B4%8B%E6%B5%B7%E8%B1%AC%E9%AD%9A+&oid=33554880 HTTP/1.1" 200 3245
61.135.189.96 - - [31/Dec/2015:09:20:01 +0800] "GET /digiarch/content/repository/resource_content.jsp?oid=2541693 HTTP/1.1" 404 14873
66.249.71.72 - - [31/Dec/2015:09:20:06 +0800] "GET /content/repository/resource_content.jsp?oid=2147780&queryString=%E6%90%AD%E8%82%89%E5%88%BA%20%E6%A4%8D%E7%89%A9%E7%95%8C%20%E8%98%87%E6%9C%A8%E5%B1%AC%20%E8%A0%B6%E8%B1%86%20%E9%9B%99%E5%AD%90%E8%91%89%E6%A4%8D%E7%89%A9 HTTP/1.1" 200 31039
61.135.189.96 - - [31/Dec/2015:09:20:16 +0800] "GET /digiarch/content/repository/resource_content.jsp?oid=2550467 HTTP/1.1" 404 14873
61.135.189.96 - - [31/Dec/2015:09:20:30 +0800] "GET /digiarch/content/repository/resource_content.jsp?oid=2528738 HTTP/1.1" 404 14873
66.249.71.60 - - [31/Dec/2015:09:20:34 +0800] "GET /content/nav/relationSubject.jsp?relationWords=%E6%90%AD%E8%82%89%E5%88%BA+%E6%A4%8D%E7%89%A9%E7%95%8C+%E8%98%87%E6%9C%A8%E5%B1%AC+%E8%A0%B6%E8%B1%86+%E9%9B%99%E5%AD%90%E8%91%89%E6%A4%8D%E7%89%A9+&oid=2147780 HTTP/1.1" 200 3337
66.249.71.60 - - [31/Dec/2015:09:20:35 +0800] "GET /content/nav/relationSubject.jsp?relationWords=%E6%90%AD%E8%82%89%E5%88%BA%20%E6%A4%8D%E7%89%A9%E7%95%8C%20%E8%98%87%E6%9C%A8%E5%B1%AC%20%E8%A0%B6%E8%B1%86%20%E9%9B%99%E5%AD%90%E8%91%89%E6%A4%8D%E7%89%A9%20&oid=2147780 HTTP/1.1" 200 3337
61.135.189.96 - - [31/Dec/2015:09:20:43 +0800] "GET /digiarch/content/repository/resource_content.jsp?oid=2557792 HTTP/1.1" 404 14873
66.249.71.72 - - [31/Dec/2015:09:20:50 +0800] "GET /digiarch_en/content/repository/resource_content.jsp?oid=2640330&queryString=%E5%9C%8B%E6%B0%91%E6%95%99%E8%82%B2%20%E5%A4%A7%E8%B2%9D%E6%B9%96%20%E5%B9%BC%E7%A8%9A%E5%9C%92%20%E6%95%88%E7%8E%87%20%E6%B0%91%E6%84%8F%E4%BB%A3%E8%A1%A8%20%E6%BC%81%E5%A1%AD%20%E7%A7%BB%E4%BA%A4 HTTP/1.1" 200 23860
61.135.189.96 - - [31/Dec/2015:09:20:55 +0800] "GET /digiarch/content/repository/resource_content.jsp?oid=2567541 HTTP/1.1" 404 14873
61.135.189.96 - - [31/Dec/2015:09:21:08 +0800] "GET /digiarch/content/repository/resource_content.jsp?oid=2539225 HTTP/1.1" 404 14873
223.200.90.67 - - [31/Dec/2015:09:21:15 +0800] "GET /content/subject/resource_content.jsp?oid=16777387&queryType=qc HTTP/1.1" 200 34481
223.200.90.67 - - [31/Dec/2015:09:21:19 +0800] "GET /content/nav/relationSubject.jsp?relationWords=%E5%B9%B3%E9%B0%AD%E9%B0%8D%E7%A7%91+%E6%B2%88%E6%B0%8F+%E7%88%AC%E5%B2%A9%E9%B0%8D+%E7%9F%B3%E8%B2%BC%E4%BB%94+&oid=16777387 HTTP/1.1" 200 4037
61.135.189.96 - - [31/Dec/2015:09:21:22 +0800] "GET /digiarch/content/repository/resource_content.jsp?oid=2547036 HTTP/1.1" 404 14873
61.135.189.96 - - [31/Dec/2015:09:21:34 +0800] "GET /digiarch/content/repository/resource_content.jsp?oid=2527262 HTTP/1.1" 404 14873
66.249.74.102 - - [31/Dec/2015:09:21:36 +0800] "GET /content/repository/resource_content.jsp?oid=2547041 HTTP/1.1" 200 28968
61.135.189.96 - - [31/Dec/2015:09:21:47 +0800] "GET /digiarch/content/repository/resource_content.jsp?oid=2527339 HTTP/1.1" 404 14873
61.135.189.96 - - [31/Dec/2015:09:22:00 +0800] "GET /digiarch/content/repository/resource_content.jsp?oid=2538133 HTTP/1.1" 404 14873
61.135.189.96 - - [31/Dec/2015:09:22:14 +0800] "GET /digiarch/content/repository/resource_content.jsp?oid=2538606 HTTP/1.1" 404 14873
66.249.71.72 - - [31/Dec/2015:09:22:16 +0800] "GET /digiarch_en/content/repository/resource_content.jsp?oid=14226&queryString=%E7%83%8F%E5%BF%83%E7%9F%B3%20%E9%B1%B8%E9%B0%BB HTTP/1.1" 200 27747
66.249.74.102 - - [31/Dec/2015:09:22:21 +0800] "GET /content/repository/resource_content.jsp?oid=830937 HTTP/1.1" 200 27927
61.135.189.96 - - [31/Dec/2015:09:22:27 +0800] "GET /digiarch/content/repository/resource_content.jsp?oid=2537694 HTTP/1.1" 404 14873
61.135.189.96 - - [31/Dec/2015:09:22:39 +0800] "GET /digiarch/content/repository/resource_content.jsp?oid=2552064 HTTP/1.1" 404 14873
61.135.189.96 - - [31/Dec/2015:09:22:53 +0800] "GET /digiarch/content/repository/resource_content.jsp?oid=2541586 HTTP/1.1" 404 14873
66.249.71.121 - - [31/Dec/2015:09:22:57 +0800] "GET /content/nav/relationSubject.jsp?relationWords=%E6%9F%B3%E5%86%B7%E4%BB%94+%E6%B1%95%E5%86%B7%E4%BB%94+%E8%99%B9%E7%B4%8B%E7%B4%AB%E8%83%B8%E9%AD%9A+%E8%99%B9%E7%B4%8B%E9%B8%9A%E9%AF%9B+%E9%9A%86%E9%A0%AD%E9%AD%9A%E7%A7%91+&oid=4352989 HTTP/1.1" 200 3700
150.70.173.42 - - [31/Dec/2015:09:22:58 +0800] "GET /content/subject/resource_content.jsp?oid=16777387&queryType=qc HTTP/1.1" 200 34481
66.249.71.105 - - [31/Dec/2015:09:23:04 +0800] "GET /content/nav/relationSubject.jsp?relationWords=%E6%9F%B3%E5%86%B7%E4%BB%94%20%E6%B1%95%E5%86%B7%E4%BB%94%20%E8%99%B9%E7%B4%8B%E7%B4%AB%E8%83%B8%E9%AD%9A%20%E8%99%B9%E7%B4%8B%E9%B8%9A%E9%AF%9B%20%E9%9A%86%E9%A0%AD%E9%AD%9A%E7%A7%91%20&oid=4352989 HTTP/1.1" 200 3700
61.135.189.96 - - [31/Dec/2015:09:23:05 +0800] "GET /digiarch/content/repository/resource_content.jsp?oid=2550764 HTTP/1.1" 404 14873
141.8.132.82 - - [31/Dec/2015:09:23:06 +0800] "GET /content/subject/resource_content.jsp?oid=16777633&queryType=qc HTTP/1.1" 200 56606
61.135.189.96 - - [31/Dec/2015:09:23:18 +0800] "GET /digiarch/content/repository/resource_content.jsp?oid=2537296 HTTP/1.1" 404 14873
61.135.189.96 - - [31/Dec/2015:09:23:31 +0800] "GET /digiarch/content/repository/resource_content.jsp?oid=2535531 HTTP/1.1" 404 14873
61.135.189.96 - - [31/Dec/2015:09:23:43 +0800] "GET /digiarch/content/repository/resource_content.jsp?oid=2536105 HTTP/1.1" 404 14873
61.135.189.96 - - [31/Dec/2015:09:23:56 +0800] "GET /digiarch/content/repository/resource_content.jsp?oid=2541175 HTTP/1.1" 404 14873
61.135.189.96 - - [31/Dec/2015:09:24:09 +0800] "GET /digiarch/content/repository/resource_content.jsp?oid=2551710 HTTP/1.1" 404 14873
61.135.189.96 - - [31/Dec/2015:09:24:22 +0800] "GET /digiarch/content/repository/resource_content.jsp?oid=2551714 HTTP/1.1" 404 14873
68.180.228.24 - - [31/Dec/2015:09:24:33 +0800] "GET /content/subject/resource_content.jsp?oid=16797293&queryType=qc HTTP/1.1" 200 46243
66.249.71.72 - - [31/Dec/2015:09:24:33 +0800] "GET /content/subject/resource_content.jsp?oid=16777752&queryString= HTTP/1.1" 200 37662
61.135.189.96 - - [31/Dec/2015:09:24:33 +0800] "GET /digiarch/content/repository/resource_content.jsp?oid=2551306 HTTP/1.1" 404 14873
66.249.71.60 - - [31/Dec/2015:09:24:37 +0800] "GET /content/nav/relationSubject.jsp?relationWords=%E6%9F%AF%E7%88%BE+%E9%9B%BB%E7%A8%B1+&oid=830937 HTTP/1.1" 200 3369
66.249.71.60 - - [31/Dec/2015:09:24:39 +0800] "GET /content/nav/relationSubject.jsp?relationWords=%E6%9F%AF%E7%88%BE%20%E9%9B%BB%E7%A8%B1%20&oid=830937 HTTP/1.1" 200 3369
66.249.71.121 - - [31/Dec/2015:09:24:44 +0800] "GET /content/subject/resource_content.jsp?oid=16777840&queryType=qc HTTP/1.1" 200 40638
61.135.189.96 - - [31/Dec/2015:09:24:46 +0800] "GET /digiarch/content/repository/resource_content.jsp?oid=2557951 HTTP/1.1" 404 14873
203.72.239.1 - - [31/Dec/2015:09:24:49 +0800] "GET /content/exhibit/exhibit.jsp?oid=16777851 HTTP/1.1" 200 26107
203.72.239.1 - - [31/Dec/2015:09:24:49 +0800] "GET /content/exhibit/exhibit_content.jsp?oid=16777851 HTTP/1.1" 200 30231
61.135.189.96 - - [31/Dec/2015:09:24:59 +0800] "GET /digiarch/content/repository/resource_content.jsp?oid=2554642 HTTP/1.1" 404 14873
203.72.239.1 - - [31/Dec/2015:09:25:07 +0800] "GET /content/exhibit/exhibit.jsp?oid=16777751 HTTP/1.1" 200 26107
203.72.239.1 - - [31/Dec/2015:09:25:07 +0800] "GET /content/exhibit/exhibit_content.jsp?oid=16777751 HTTP/1.1" 200 17488
61.135.189.96 - - [31/Dec/2015:09:25:13 +0800] "GET /digiarch/content/repository/resource_content.jsp?oid=2551139 HTTP/1.1" 404 14873
66.249.71.60 - - [31/Dec/2015:09:25:14 +0800] "GET /content/nav/relationSubject.jsp?relationWords=%E6%B0%B4%E6%AF%8D%E9%AF%A7+%E8%8A%B1%E7%93%A3%E7%8E%89%E9%AF%A7+%E8%8A%B1%E7%93%A3%E9%AF%A7+&oid=4353176 HTTP/1.1" 200 3410
66.249.71.60 - - [31/Dec/2015:09:25:16 +0800] "GET /content/nav/relationSubject.jsp?relationWords=%E6%B0%B4%E6%AF%8D%E9%AF%A7%20%E8%8A%B1%E7%93%A3%E7%8E%89%E9%AF%A7%20%E8%8A%B1%E7%93%A3%E9%AF%A7%20&oid=4353176 HTTP/1.1" 200 3410
61.135.189.96 - - [31/Dec/2015:09:25:25 +0800] "GET /digiarch/content/repository/resource_content.jsp?oid=2553664 HTTP/1.1" 404 14873
61.135.189.96 - - [31/Dec/2015:09:25:38 +0800] "GET /digiarch/content/repository/resource_content.jsp?oid=2554742 HTTP/1.1" 404 14873
61.135.189.96 - - [31/Dec/2015:09:25:49 +0800] "GET /digiarch/content/repository/resource_content.jsp?oid=2560928 HTTP/1.1" 404 14873
61.135.189.96 - - [31/Dec/2015:09:26:03 +0800] "GET /digiarch/content/repository/resource_content.jsp?oid=2558267 HTTP/1.1" 404 14873
68.180.228.24 - - [31/Dec/2015:09:26:08 +0800] "GET /content/subject/resource_content.jsp?oid=16797291&queryType=qc HTTP/1.1" 200 51028
61.135.189.96 - - [31/Dec/2015:09:26:16 +0800] "GET /digiarch/content/repository/resource_content.jsp?oid=2527902 HTTP/1.1" 404 14873
66.249.71.164 - - [31/Dec/2015:09:26:25 +0800] "GET /content/nav/relationSubject.jsp?relationWords=%E5%88%91%E9%83%A8+%E5%91%A8%E6%98%8E+&oid=2634027 HTTP/1.1" 200 3130
61.135.189.96 - - [31/Dec/2015:09:26:28 +0800] "GET /digiarch/content/repository/resource_content.jsp?oid=2547449 HTTP/1.1" 404 14873
61.135.189.96 - - [31/Dec/2015:09:26:41 +0800] "GET /digiarch/content/repository/resource_content.jsp?oid=2527423 HTTP/1.1" 404 14873
66.249.71.60 - - [31/Dec/2015:09:26:47 +0800] "GET /content/subject/resource_content.jsp?oid=16797287&queryType=qc HTTP/1.1" 200 88347
66.249.71.60 - - [31/Dec/2015:09:27:15 +0800] "GET /content/repository/resource_content.jsp?oid=1590270 HTTP/1.1" 200 28553
66.249.74.100 - - [31/Dec/2015:09:28:09 +0800] "GET /digiarch_en/content/subject/resource_content.jsp?oid=16777734&queryType=qc HTTP/1.1" 200 36795
66.249.71.60 - - [31/Dec/2015:09:28:16 +0800] "GET /digiarch_en/content/repository/resource_content.jsp?oid=4354163&queryString=%E6%89%81%E9%AF%8A%20%E7%90%B5%E7%90%B6%E9%AE%AB%20%E9%9B%B2%E7%B4%8B%E7%90%B5%E7%90%B6%E9%AE%AB HTTP/1.1" 200 25464
66.249.71.60 - - [31/Dec/2015:09:28:39 +0800] "GET /content/nav/relationSubject.jsp?relationWords=%E6%93%A6%E6%A8%B9%20%E6%A4%8D%E7%89%A9%E7%95%8C%20%E6%A8%9F%E7%A7%91%20&oid=2150811 HTTP/1.1" 200 3264
66.249.71.64 - - [31/Dec/2015:09:29:00 +0800] "GET /content/repository/resource_content.jsp?oid=1456855 HTTP/1.1" 200 30974
66.249.71.113 - - [31/Dec/2015:09:29:11 +0800] "GET /content/subject/resource_content.jsp?oid=16777434&queryType=qc HTTP/1.1" 200 31607
66.249.71.72 - - [31/Dec/2015:09:29:46 +0800] "GET /content/repository/resource_content.jsp?oid=2518735 HTTP/1.1" 200 29768
140.130.210.109 - - [31/Dec/2015:09:30:14 +0800] "GET /content/repository/resource_content.jsp?oid=1777554&queryString=%E5%8E%9F%E6%BC%A2%E6%97%8F%E5%88%A5 HTTP/1.1" 200 35744
140.130.210.109 - - [31/Dec/2015:09:30:15 +0800] "GET /content/nav/relationSubject.jsp?relationWords=%E5%8E%9F%E6%BC%A2%E6%97%8F%E5%88%A5+&oid=1777554 HTTP/1.1" 200 3071
66.249.71.72 - - [31/Dec/2015:09:30:17 +0800] "GET /content/subject/resource_content.jsp?oid=16777741 HTTP/1.1" 200 53538
66.249.71.113 - - [31/Dec/2015:09:30:22 +0800] "GET /content/subject/resource_content.jsp?oid=16777496&queryType=qc HTTP/1.1" 200 53131
101.14.176.70 - - [31/Dec/2015:09:30:23 +0800] "GET /content/subject/resource_content.jsp?oid=16797271&queryType=qc HTTP/1.1" 200 55170
101.14.176.70 - - [31/Dec/2015:09:30:25 +0800] "GET /content/nav/relationSubject.jsp?relationWords=&oid=16797271 HTTP/1.1" 200 1405
66.249.77.97 - - [31/Dec/2015:09:30:30 +0800] "GET /content/repository/resource_content.jsp?oid=2645363&queryString=%E5%8E%98%E5%B1%80%20%E5%AE%98%E9%81%8B%E5%B1%80%20%E8%BD%87%E8%BD%95%20%E9%B9%BD%E5%8E%98 HTTP/1.1" 200 30154
66.249.71.60 - - [31/Dec/2015:09:30:58 +0800] "GET /content/nav/relationSubject.jsp?relationWords=%E5%8F%B0%E7%81%A3%E5%8E%9F%E4%BD%8F%E6%B0%91+&oid=16797287 HTTP/1.1" 200 4742
66.249.71.60 - - [31/Dec/2015:09:31:06 +0800] "GET /content/nav/relationSubject.jsp?relationWords=%E6%9B%BE%E5%9C%AD%E8%A7%92+%E6%9D%9C%E9%A6%99%E5%9C%8B+&oid=1887893 HTTP/1.1" 200 3157
66.249.71.60 - - [31/Dec/2015:09:31:08 +0800] "GET /content/nav/relationSubject.jsp?relationWords=%E6%9B%BE%E5%9C%AD%E8%A7%92%20%E6%9D%9C%E9%A6%99%E5%9C%8B%20&oid=1887893 HTTP/1.1" 200 3157
66.249.74.100 - - [31/Dec/2015:09:31:15 +0800] "GET /content/repository/resource_content.jsp?oid=1894286 HTTP/1.1" 200 28553
61.226.50.90 - - [31/Dec/2015:09:31:32 +0800] "GET /content/tmp_tec/resource_content.jsp?oid=16777753 HTTP/1.1" 200 33895
61.226.50.90 - - [31/Dec/2015:09:31:36 +0800] "GET /content/nav/relationSubject.jsp?relationWords=GIS+%E6%95%B8%E4%BD%8D%E5%85%B8%E8%97%8F+%E9%81%99%E6%B8%AC%E5%BD%B1%E5%83%8F+&oid=16777753 HTTP/1.1" 200 5952
66.249.77.85 - - [31/Dec/2015:09:31:58 +0800] "GET /content/subject/resource_content.jsp?oid=16777508&queryType=qs&queryString=%E6%9D%B1%E5%8D%97%E4%BA%9E HTTP/1.1" 200 36255
66.249.74.100 - - [31/Dec/2015:09:32:19 +0800] "GET /content/repository/resource_content.jsp?oid=3818204&queryString=%E6%87%B8%E9%89%A4%E5%AD%90%E5%B1%AC%20%E6%9F%B3%E6%B0%8F%E6%87%B8%E9%89%A4%E5%AD%90%20%E6%A4%8D%E7%89%A9%E7%95%8C%20%E8%96%94%E8%96%87%E7%9B%AE%20%E8%96%94%E8%96%87%E7%A7%91 HTTP/1.1" 200 31584
61.226.50.90 - - [31/Dec/2015:09:32:35 +0800] "GET /content/subject/resource_content.jsp?oid=16777366&queryString=GIS%20%E6%95%B8%E4%BD%8D%E5%85%B8%E8%97%8F%20%E9%81%99%E6%B8%AC%E5%BD%B1%E5%83%8F HTTP/1.1" 200 34940
66.249.71.64 - - [31/Dec/2015:09:32:38 +0800] "GET /content/nav/relationSubject.jsp?relationWords=%E5%A4%A9%E6%81%A9+%E5%A4%A9%E6%81%A9%E4%BA%8B+%E6%81%AD%E8%AC%9D%E5%A4%A9%E6%81%A9+%E7%A6%AE%E9%83%A8+&oid=2658668 HTTP/1.1" 200 3210
66.249.71.60 - - [31/Dec/2015:09:32:40 +0800] "GET /content/nav/relationSubject.jsp?relationWords=%E5%A4%A9%E6%81%A9%20%E5%A4%A9%E6%81%A9%E4%BA%8B%20%E6%81%AD%E8%AC%9D%E5%A4%A9%E6%81%A9%20%E7%A6%AE%E9%83%A8%20&oid=2658668 HTTP/1.1" 200 3210
66.249.71.105 - - [31/Dec/2015:09:33:25 +0800] "GET /content/nav/relationSubject.jsp?relationWords=%E5%B7%A1%E6%92%AB+%E6%B9%96%E5%BB%A3+%E9%A9%9B%E9%81%9E+&oid=2517704 HTTP/1.1" 200 4037
66.249.71.105 - - [31/Dec/2015:09:33:27 +0800] "GET /content/nav/relationSubject.jsp?relationWords=%E5%B7%A1%E6%92%AB%20%E6%B9%96%E5%BB%A3%20%E9%A9%9B%E9%81%9E%20&oid=2517704 HTTP/1.1" 200 4037
66.249.71.23 - - [31/Dec/2015:09:33:28 +0800] "GET /digiarch3/content/subject/resource_content.jsp?oid=16777512&queryType=qc HTTP/1.1" 200 34525
66.249.71.72 - - [31/Dec/2015:09:33:43 +0800] "GET /content/nav/relationSubject.jsp?relationWords=%E4%B8%AD%E5%A3%A2%E5%B8%82%20%E5%9C%B0%E4%B8%8B%E9%81%93%20&oid=1590270 HTTP/1.1" 200 5342
66.249.71.64 - - [31/Dec/2015:09:34:12 +0800] "GET /content/subject/resource_content.jsp?oid=16777331 HTTP/1.1" 200 32084
140.130.210.109 - - [31/Dec/2015:09:34:23 +0800] "GET /content/repository/resource_content.jsp?oid=1774949 HTTP/1.1" 200 30443
140.130.210.109 - - [31/Dec/2015:09:34:24 +0800] "GET /content/nav/relationSubject.jsp?relationWords=&oid=1774949 HTTP/1.1" 200 1405
66.249.71.121 - - [31/Dec/2015:09:34:49 +0800] "GET /content/repository/resource_content.jsp?oid=668073&queryType=qs&queryString=%E5%BE%90%E7%9B%9B HTTP/1.1" 200 28991
66.249.71.64 - - [31/Dec/2015:09:34:57 +0800] "GET /content/subject/resource_content.jsp?oid=16797296&queryType=qc HTTP/1.1" 200 54561
66.249.71.121 - - [31/Dec/2015:09:35:15 +0800] "GET /content/nav/relationSubject.jsp?relationWords=%E7%A6%AE%E9%83%A8+%E7%AD%B5%E4%BA%8B+&oid=2645626 HTTP/1.1" 200 3095
66.249.74.102 - - [31/Dec/2015:09:35:46 +0800] "GET /digiarch_en/content/nav/relationSubject.jsp?relationWords=%E7%83%8F%E8%80%B3%E9%B0%BB%20%E8%8A%B1%E9%B0%BB%20%E8%8A%B1%E9%B0%BB%E9%B1%BA%20%E9%B0%BB%E9%B1%BA%E7%A7%91%20%E9%B1%B8%E9%B0%BB%20&oid=14226 HTTP/1.1" 200 3439
66.249.77.85 - - [31/Dec/2015:09:37:10 +0800] "GET /content/repository/resource_content.jsp?oid=4470156&queryString=%E5%B0%BF%E9%81%93 HTTP/1.1" 200 28548
66.249.71.60 - - [31/Dec/2015:09:37:20 +0800] "GET /content/repository/resource_content.jsp?oid=1110767&queryString=%E5%A4%A7%E8%8A%B1%E5%92%B8%E8%B1%90%E8%8D%89%20%E6%A4%8D%E7%89%A9%E7%95%8C%20%E8%8F%8A%E7%A7%91%20%E9%9B%99%E5%AD%90%E8%91%89%E6%A4%8D%E7%89%A9%20%E9%AC%BC%E9%87%9D%E5%B1%AC HTTP/1.1" 200 31831
66.249.71.72 - - [31/Dec/2015:09:38:00 +0800] "GET /content/nav/relationSubject.jsp?relationWords=%E5%B7%A1%E6%92%AB%20&oid=2518735 HTTP/1.1" 200 3084
61.135.189.96 - - [31/Dec/2015:09:38:41 +0800] "GET /content/subject/resource_content.jsp?oid=16777418&queryType=qc HTTP/1.1" 200 36585
140.109.143.252 - - [31/Dec/2015:09:39:16 +0800] "GET /content/exhibit/exhibit.jsp?oid=16777850 HTTP/1.1" 200 26107
140.109.143.252 - - [31/Dec/2015:09:39:16 +0800] "GET /content/exhibit/exhibit_content.jsp?oid=16777850 HTTP/1.1" 200 26980
66.249.74.98 - - [31/Dec/2015:09:39:24 +0800] "GET /content/repository/resource_content.jsp?oid=4351708&queryString=%E6%97%A5%E6%9C%AC%E9%B0%BB%20%E7%99%BD%E9%B0%BB%20%E9%B0%BB%E9%B1%BA%20%E9%B0%BB%E9%B1%BA%E7%A7%91 HTTP/1.1" 200 35537
140.120.239.206 - - [31/Dec/2015:09:39:25 +0800] "GET /content/subject/resource_content.jsp?oid=16777485&queryType=qc HTTP/1.1" 200 39423
140.120.239.206 - - [31/Dec/2015:09:39:27 +0800] "GET /content/nav/relationSubject.jsp?relationWords=%E8%96%9C%E8%8D%94+&oid=16777485 HTTP/1.1" 200 3561
140.109.143.252 - - [31/Dec/2015:09:39:36 +0800] "GET /content/exhibit/exhibit.jsp?oid=16777852 HTTP/1.1" 200 26107
140.109.143.252 - - [31/Dec/2015:09:39:36 +0800] "GET /content/exhibit/exhibit_content.jsp?oid=16777852 HTTP/1.1" 200 43268
140.112.113.15 - - [31/Dec/2015:09:39:49 +0800] "GET /content/nav/relationSubject.jsp?relationWords=%E8%96%9C%E8%8D%94+&oid=16777485 HTTP/1.1" 200 3561
66.249.74.100 - - [31/Dec/2015:09:40:54 +0800] "GET /content/repository/resource_content.jsp?oid=1567770 HTTP/1.1" 200 28741
66.249.74.102 - - [31/Dec/2015:09:41:38 +0800] "GET /content/repository/resource_content.jsp?oid=2629553 HTTP/1.1" 200 29517
66.249.71.60 - - [31/Dec/2015:09:41:44 +0800] "GET /content/nav/relationSubject.jsp?relationWords=%E4%BF%A1%E7%94%A8%E5%90%88%E4%BD%9C+%E4%BF%A1%E7%94%A8%E5%90%88%E4%BD%9C%E7%A4%BE+%E5%90%88%E4%BD%9C%E7%A4%BE+%E7%B6%93%E7%90%86%E4%BA%BA+&oid=1621458 HTTP/1.1" 200 5853
66.249.71.60 - - [31/Dec/2015:09:41:45 +0800] "GET /content/nav/relationSubject.jsp?relationWords=%E4%BF%A1%E7%94%A8%E5%90%88%E4%BD%9C%20%E4%BF%A1%E7%94%A8%E5%90%88%E4%BD%9C%E7%A4%BE%20%E5%90%88%E4%BD%9C%E7%A4%BE%20%E7%B6%93%E7%90%86%E4%BA%BA%20&oid=1621458 HTTP/1.1" 200 5853
66.249.71.72 - - [31/Dec/2015:09:42:22 +0800] "GET /content/repository/resource_content.jsp?oid=1527030&queryString=%E4%BA%94%E4%B8%80%E4%BA%8C%20%E4%BB%A5%E7%AC%A6%E5%AF%A6%E9%9A%9B%E6%A1%88%20%E5%85%AB%E5%BA%9C%20%E5%85%AB%E5%BA%9C%E7%A4%BE%20%E8%B2%A7%E6%B0%91%E6%96%BD%E9%86%AB HTTP/1.1" 200 29738
61.135.189.96 - - [31/Dec/2015:09:42:27 +0800] "GET /digiarch3/content/subject/resource_content.jsp?oid=16777793&queryType=qc> HTTP/1.1" 200 42698
61.135.189.96 - - [31/Dec/2015:09:42:39 +0800] "GET /digiarch3/content/pictures/picture_content.jsp?oid=33554798 HTTP/1.1" 200 27836
118.160.48.73 - - [31/Dec/2015:09:42:44 +0800] "GET /content/nav/relationSubject.jsp?relationWords=%E6%BC%94%E8%AE%8A+%E7%A6%AE%E6%9C%8D+&oid=16777619 HTTP/1.1" 200 3545
61.135.189.96 - - [31/Dec/2015:09:42:51 +0800] "GET /digiarch3/content/pictures/picture_content.jsp?oid=33554799 HTTP/1.1" 200 27618
61.135.189.96 - - [31/Dec/2015:09:43:03 +0800] "GET /digiarch3/content/subject/resource_content.jsp?oid=16777647&queryType=qc HTTP/1.1" 200 56478
61.135.189.96 - - [31/Dec/2015:09:43:15 +0800] "GET /digiarch3/content/subject/resource_content.jsp?oid=16777305&queryType=qc HTTP/1.1" 200 36121
61.135.189.96 - - [31/Dec/2015:09:43:38 +0800] "GET /digiarch3/content/subject/resource_content.jsp?oid=16777385&queryType=qc HTTP/1.1" 200 34231
61.135.189.96 - - [31/Dec/2015:09:43:57 +0800] "GET /digiarch3/content/subject/resource_content.jsp?oid=16777262&queryType=qc HTTP/1.1" 200 32189
66.249.71.121 - - [31/Dec/2015:09:44:03 +0800] "GET /content/nav/relationSubject.jsp?relationWords=%E9%BB%83%E5%B9%BC%E8%8E%98+&oid=1888211 HTTP/1.1" 200 1415
66.249.71.105 - - [31/Dec/2015:09:44:08 +0800] "GET /content/nav/relationSubject.jsp?relationWords=%E9%BB%83%E5%B9%BC%E8%8E%98%20&oid=1888211 HTTP/1.1" 200 1415
68.180.228.24 - - [31/Dec/2015:09:44:08 +0800] "GET /digiarch_en/content/subject/resource_content.jsp?oid=16777508&queryType=qc HTTP/1.1" 200 33635
61.135.189.96 - - [31/Dec/2015:09:44:19 +0800] "GET /digiarch2/content/repository/resource_content.jsp?oid=2569183&queryType=qc HTTP/1.1" 200 9733
61.135.189.96 - - [31/Dec/2015:09:44:31 +0800] "GET /digiarch3/content/repository/resource_content.jsp?oid=523341&queryType=qc HTTP/1.1" 200 38055
66.249.71.72 - - [31/Dec/2015:09:44:32 +0800] "GET /content/nav/relationSubject.jsp?relationWords=%E6%98%9F%E8%9E%BA+%E8%85%B9%E8%B6%B3%E7%B6%B1+%E8%A0%91%E8%9E%BA+%E8%A0%91%E8%9E%BA%E7%A7%91+&oid=1636791 HTTP/1.1" 200 3354
66.249.71.60 - - [31/Dec/2015:09:44:33 +0800] "GET /content/nav/relationSubject.jsp?relationWords=%E6%98%9F%E8%9E%BA%20%E8%85%B9%E8%B6%B3%E7%B6%B1%20%E8%A0%91%E8%9E%BA%20%E8%A0%91%E8%9E%BA%E7%A7%91%20&oid=1636791 HTTP/1.1" 200 3354
223.140.100.26 - - [31/Dec/2015:09:44:37 +0800] "GET /content/subject/resource_content.jsp?oid=16777692 HTTP/1.1" 200 36451
223.140.100.26 - - [31/Dec/2015:09:44:38 +0800] "GET /content/nav/relationSubject.jsp?relationWords=&oid=16777692 HTTP/1.1" 200 1405
66.249.74.98 - - [31/Dec/2015:09:45:05 +0800] "GET /content/nav/relationSubject.jsp?relationWords=%E6%87%B8%E9%89%A4%E5%AD%90%E5%B1%AC%20%E6%9F%B3%E6%B0%8F%E6%87%B8%E9%89%A4%E5%AD%90%20%E6%A4%8D%E7%89%A9%E7%95%8C%20%E8%96%94%E8%96%87%E7%9B%AE%20%E8%96%94%E8%96%87%E7%A7%91%20&oid=3818204 HTTP/1.1" 200 3439
118.165.1.156 - - [31/Dec/2015:09:46:15 +0800] "GET /content/repository/resource_content.jsp?oid=3817679&queryString=%E6%A4%8D%E7%89%A9%E7%95%8C%20%E6%AF%9B%E8%8B%A6%E5%8F%83%20%E8%8B%A6%E5%8F%83%E5%B1%AC%20%E8%A0%B6%E8%B1%86%20%E9%9B%99%E5%AD%90%E8%91%89%E6%A4%8D%E7%89%A9 HTTP/1.1" 200 31209
118.165.1.156 - - [31/Dec/2015:09:46:17 +0800] "GET /content/nav/relationSubject.jsp?relationWords=%E6%A4%8D%E7%89%A9%E7%95%8C+%E6%AF%9B%E8%8B%A6%E5%8F%83+%E8%8B%A6%E5%8F%83%E5%B1%AC+%E8%A0%B6%E8%B1%86+%E9%9B%99%E5%AD%90%E8%91%89%E6%A4%8D%E7%89%A9+&oid=3817679 HTTP/1.1" 200 3333
66.249.71.72 - - [31/Dec/2015:09:46:33 +0800] "GET /content/nav/relationSubject.jsp?relationWords=%E6%B3%B0%E9%9B%85+%E6%B3%B0%E9%9B%85%E6%97%8F+%E7%9B%9B%E5%85%B7+%E7%B6%B2%E8%A2%8B+&oid=1783097 HTTP/1.1" 200 3859
66.249.71.60 - - [31/Dec/2015:09:46:36 +0800] "GET /content/nav/relationSubject.jsp?relationWords=%E6%B3%B0%E9%9B%85%20%E6%B3%B0%E9%9B%85%E6%97%8F%20%E7%9B%9B%E5%85%B7%20%E7%B6%B2%E8%A2%8B%20&oid=1783097 HTTP/1.1" 200 3859
66.249.74.102 - - [31/Dec/2015:09:46:50 +0800] "GET /content/repository/resource_content.jsp?oid=1462866 HTTP/1.1" 200 30924
66.249.71.64 - - [31/Dec/2015:09:47:34 +0800] "GET /digiarch_en/content/repository/resource_content.jsp?oid=2662004&queryString=%E5%9C%8B%E9%9A%9B%E6%9B%B8%E5%B1%95%20%E6%80%9D%E6%83%B3%20%E6%96%87%E6%98%9F%20%E7%9A%87%E8%BC%BF%20%E9%87%8D%E6%85%B6%E5%8D%97%E8%B7%AF HTTP/1.1" 200 24190
66.249.71.60 - - [31/Dec/2015:09:48:06 +0800] "GET /content/nav/relationSubject.jsp?relationWords=%E5%A0%B1%E6%98%A5%E8%8A%B1+%E8%A0%B6%E7%B5%B2+&oid=2542427 HTTP/1.1" 200 4461
66.249.71.60 - - [31/Dec/2015:09:48:09 +0800] "GET /content/nav/relationSubject.jsp?relationWords=%E5%A0%B1%E6%98%A5%E8%8A%B1%20%E8%A0%B6%E7%B5%B2%20&oid=2542427 HTTP/1.1" 200 4461
66.249.71.14 - - [31/Dec/2015:09:48:18 +0800] "GET /digiarch3/content/repository/resource_content.jsp?oid=4354142&queryType=qs&queryString=%E7%94%A2%E5%AD%90 HTTP/1.1" 200 37725
66.249.74.98 - - [31/Dec/2015:09:49:03 +0800] "GET /content/repository/resource_content.jsp?oid=1177820&queryString=%E6%A0%97%E7%B2%9F HTTP/1.1" 200 28577
66.249.71.60 - - [31/Dec/2015:09:49:47 +0800] "GET /content/tmp_exh/resource_content.jsp?oid=16777740&queryType=qc HTTP/1.1" 200 39322
66.249.71.105 - - [31/Dec/2015:09:50:32 +0800] "GET /content/repository/resource_content.jsp?oid=2661083&queryType=qs&queryString=%E8%B6%99%E5%9F%8E HTTP/1.1" 200 29964
66.249.79.172 - - [31/Dec/2015:09:51:09 +0800] "GET /content/nav/relationSubject.jsp?relationWords=%E6%9F%A5%E6%9F%90%20&oid=16777614 HTTP/1.1" 200 8874
66.249.74.100 - - [31/Dec/2015:09:51:26 +0800] "GET /content/repository/resource_content.jsp?oid=16376 HTTP/1.1" 200 33932
66.249.74.100 - - [31/Dec/2015:09:51:26 +0800] "GET /content/nav/relationSubject.jsp?relationWords=%E4%B8%8D%E6%B3%95%E4%B9%8B%E5%BE%92+%E5%8D%97%E7%81%A3+%E6%81%86%E6%98%A5%E9%8E%AE+%E6%B0%91%E6%94%BF%E9%A1%9E+%E7%95%9C%E7%89%A7+%E7%A7%81%E6%9C%89%E5%9C%9F%E5%9C%B0+&oid=1553885 HTTP/1.1" 200 4529
66.249.71.60 - - [31/Dec/2015:09:51:28 +0800] "GET /content/nav/relationSubject.jsp?relationWords=%E5%A4%A7%E9%A0%AD%E8%89%BE%E7%B4%8D%E9%A6%99+%E6%A4%8D%E7%89%A9%E7%95%8C+%E8%89%BE%E7%B4%8D%E9%A6%99%E5%B1%AC+%E8%8F%8A%E7%A7%91+%E9%9B%99%E5%AD%90%E8%91%89%E6%A4%8D%E7%89%A9+&oid=1099278 HTTP/1.1" 200 3530
66.249.71.60 - - [31/Dec/2015:09:51:31 +0800] "GET /content/nav/relationSubject.jsp?relationWords=%E4%B8%8D%E6%B3%95%E4%B9%8B%E5%BE%92%20%E5%8D%97%E7%81%A3%20%E6%81%86%E6%98%A5%E9%8E%AE%20%E6%B0%91%E6%94%BF%E9%A1%9E%20%E7%95%9C%E7%89%A7%20%E7%A7%81%E6%9C%89%E5%9C%9F%E5%9C%B0%20&oid=1553885 HTTP/1.1" 200 4529
66.249.71.60 - - [31/Dec/2015:09:51:33 +0800] "GET /content/nav/relationSubject.jsp?relationWords=%E5%A4%A7%E9%A0%AD%E8%89%BE%E7%B4%8D%E9%A6%99%20%E6%A4%8D%E7%89%A9%E7%95%8C%20%E8%89%BE%E7%B4%8D%E9%A6%99%E5%B1%AC%20%E8%8F%8A%E7%A7%91%20%E9%9B%99%E5%AD%90%E8%91%89%E6%A4%8D%E7%89%A9%20&oid=1099278 HTTP/1.1" 200 3530
66.249.71.60 - - [31/Dec/2015:09:52:01 +0800] "GET /content/subject/resource_content.jsp?oid=16777721&queryString=%E6%A4%8D%E7%89%A9%E7%95%8C%20%E7%8E%89%E5%B1%B1%E8%96%84%E9%9B%AA%E8%8D%89%20%E8%8F%8A%E7%A7%91%20%E8%96%84%E9%9B%AA%E8%8D%89%E5%B1%AC%20%E9%9B%99%E5%AD%90%E8%91%89%E6%A4%8D%E7%89%A9 HTTP/1.1" 200 36216
157.55.39.83 - - [31/Dec/2015:09:52:12 +0800] "GET /content/nav/relationSubject.jsp?relationWords=&oid=16777328 HTTP/1.1" 200 1405
66.249.71.64 - - [31/Dec/2015:09:52:28 +0800] "GET /content/repository/resource_content.jsp?oid=2143065 HTTP/1.1" 200 31288
66.249.71.60 - - [31/Dec/2015:09:52:59 +0800] "GET /content/nav/relationSubject.jsp?relationWords=%E6%8F%90%E7%9D%A3+&oid=2679481 HTTP/1.1" 200 4002
182.34.60.159 - - [31/Dec/2015:09:53:18 +0800] "GET /content/tmp_auth/resource_content.jsp?oid=16777371 HTTP/1.1" 200 41394
66.249.71.64 - - [31/Dec/2015:09:53:42 +0800] "GET /content/nav/relationSubject.jsp?relationWords=%E5%87%B9%E8%85%B9+%E5%87%B9%E8%85%B9%E9%B1%88+%E9%95%B7%E9%AC%9A%E5%87%B9%E8%85%B9%E9%B1%88+%E9%BC%A0%E5%B0%BE%E9%B1%88+%E9%BC%A0%E5%B0%BE%E9%B1%88%E7%A7%91+&oid=1447789 HTTP/1.1" 200 3544
66.249.71.60 - - [31/Dec/2015:09:53:46 +0800] "GET /content/nav/relationSubject.jsp?relationWords=%E5%87%B9%E8%85%B9%20%E5%87%B9%E8%85%B9%E9%B1%88%20%E9%95%B7%E9%AC%9A%E5%87%B9%E8%85%B9%E9%B1%88%20%E9%BC%A0%E5%B0%BE%E9%B1%88%20%E9%BC%A0%E5%B0%BE%E9%B1%88%E7%A7%91%20&oid=1447789 HTTP/1.1" 200 3544
66.249.74.100 - - [31/Dec/2015:09:54:26 +0800] "GET /content/nav/relationSubject.jsp?relationWords=%E5%8D%97%E6%BE%B3%E9%84%89+%E8%BE%B2%E7%94%A2%E9%81%8B%E9%8A%B7+%E9%87%91%E6%B4%8B%E6%9D%91+&oid=1600914 HTTP/1.1" 200 5481
66.249.71.60 - - [31/Dec/2015:09:54:29 +0800] "GET /content/nav/relationSubject.jsp?relationWords=%E5%8D%97%E6%BE%B3%E9%84%89%20%E8%BE%B2%E7%94%A2%E9%81%8B%E9%8A%B7%20%E9%87%91%E6%B4%8B%E6%9D%91%20&oid=1600914 HTTP/1.1" 200 5481
66.249.74.100 - - [31/Dec/2015:09:54:58 +0800] "GET /content/repository/resource_content.jsp?oid=1633001 HTTP/1.1" 200 28897
66.249.71.113 - - [31/Dec/2015:09:54:59 +0800] "GET /content/nav/relationSubject.jsp?relationWords=%E9%8C%A2%E5%A1%98%E7%B8%A3+%E9%96%A9%E6%B5%99%E7%B8%BD%E7%9D%A3+&oid=2522746 HTTP/1.1" 200 3200
66.249.71.105 - - [31/Dec/2015:09:55:03 +0800] "GET /content/nav/relationSubject.jsp?relationWords=%E9%8C%A2%E5%A1%98%E7%B8%A3%20%E9%96%A9%E6%B5%99%E7%B8%BD%E7%9D%A3%20&oid=2522746 HTTP/1.1" 200 3200
64.233.172.148 - - [31/Dec/2015:09:56:15 +0800] "GET /content/subject/resource_content.jsp?oid=16777554&queryString=%E6%B0%91%E6%97%8F%E5%AD%B8%20%E6%B0%91%E9%96%93%E4%BF%A1%E4%BB%B0 HTTP/1.1" 200 39605
64.233.172.148 - - [31/Dec/2015:09:56:19 +0800] "GET /content/nav/relationSubject.jsp?relationWords=%E6%B0%91%E6%97%8F%E5%AD%B8+%E6%B0%91%E9%96%93%E4%BF%A1%E4%BB%B0+&oid=16777554 HTTP/1.1" 200 5144
66.249.71.64 - - [31/Dec/2015:09:56:30 +0800] "GET /digiarch_en/content/nav/relationSubject.jsp?relationWords=%E5%8D%B0%E5%8B%99+%E8%AD%B7%E7%90%86+&oid=2539364 HTTP/1.1" 200 3934
66.249.71.60 - - [31/Dec/2015:09:56:32 +0800] "GET /digiarch_en/content/nav/relationSubject.jsp?relationWords=%E5%8D%B0%E5%8B%99%20%E8%AD%B7%E7%90%86%20&oid=2539364 HTTP/1.1" 200 3934
66.249.71.60 - - [31/Dec/2015:09:57:29 +0800] "GET /content/repository/resource_content.jsp?oid=1888036&queryString=%E5%85%AC%E5%AD%B8%E6%A0%A1%20%E6%AD%A6%E5%A3%AB%E9%81%93 HTTP/1.1" 200 30171
66.249.77.91 - - [31/Dec/2015:09:57:30 +0800] "GET /content/subject/resource_content.jsp?oid=16777489&queryType=qc HTTP/1.1" 200 74930
66.249.71.64 - - [31/Dec/2015:09:57:56 +0800] "GET /content/nav/relationSubject.jsp?relationWords=%E5%BE%81%E9%BB%9E+%E6%88%B6%E7%A8%85+%E7%89%8C%E7%85%A7%E7%A8%85+%E8%85%B3%E8%B8%8F%E8%BB%8A+%E8%A3%BD%E9%80%A0%E6%A5%AD+%E8%B2%A8%E7%89%A9%E7%A8%85+&oid=1542072 HTTP/1.1" 200 3346
66.249.71.60 - - [31/Dec/2015:09:58:02 +0800] "GET /content/nav/relationSubject.jsp?relationWords=%E5%BE%81%E9%BB%9E%20%E6%88%B6%E7%A8%85%20%E7%89%8C%E7%85%A7%E7%A8%85%20%E8%85%B3%E8%B8%8F%E8%BB%8A%20%E8%A3%BD%E9%80%A0%E6%A5%AD%20%E8%B2%A8%E7%89%A9%E7%A8%85%20&oid=1542072 HTTP/1.1" 200 3346
66.249.74.72 - - [31/Dec/2015:10:00:01 +0800] "GET /content/repository/resource_content.jsp?oid=2520951&queryType=qs&queryString=%E7%8E%8B%E5%A3%AB%E4%BF%8A HTTP/1.1" 200 29913
66.249.71.60 - - [31/Dec/2015:10:02:25 +0800] "GET /content/repository/resource_content.jsp?oid=4353004&queryString=%E7%B4%85%E8%99%B9%E5%BD%A9%E9%AF%9B%20%E9%9A%86%E9%A0%AD%E9%AD%9A%E7%A7%91 HTTP/1.1" 200 35670
66.249.71.113 - - [31/Dec/2015:10:02:26 +0800] "GET /content/nav/relationSubject.jsp?relationWords=%E4%BF%9D%E9%9A%AA+%E5%8B%9E%E4%BF%9D+%E5%8B%9E%E5%8B%95%E5%9F%BA%E6%BA%96%E6%B3%95+%E5%8B%9E%E5%8B%95%E6%B3%95+%E5%8B%9E%E5%B7%A5%E4%BF%9D%E9%9A%AA+%E5%8B%9E%E5%B7%A5%E5%AE%89%E5%85%A8%E8%A1%9B%E7%94%9F+%E5%8B%9E%E5%B7%A5%E8%99%95+%E5%8B%9E%E5%B7%A5%E8%A1%8C%E6%94%BF+%E5%8B%9E%E8%B3%87+%E5%8B%9E%E8%B3%87%E7%88%AD%E8%AD%B0+%E5%93%81%E8%B3%AA+%E5%A4%96%E7%B1%8D%E5%8B%9E%E5%B7%A5+%E5%A4%A7%E9%99%B8%E6%94%BF%E7%AD%96+%E5%B0%B1%E6%A5%AD%E6%9C%8D%E5%8B%99+%E5%B7%A5%E6%9C%83+%E5%B9%B9%E9%83%A8+%E7%94%9F%E7%94%A2%E4%BA%8B%E6%A5%AD+%E7%B5%90%E8%AA%9E+%E8%81%B7%E6%A5%AD%E8%A8%93%E7%B7%B4+%E8%99%95%E9%95%B7+%E8%A1%8C%E6%94%BF%E6%95%88%E8%83%BD+%E8%A2%AB%E4%BF%9D%E9%9A%AA%E4%BA%BA+&oid=1596300 HTTP/1.1" 200 9096
66.249.74.59 - - [31/Dec/2015:10:02:30 +0800] "GET /content/nav/relationSubject.jsp?relationWords=%E4%BF%9D%E9%9A%AA%20%E5%8B%9E%E4%BF%9D%20%E5%8B%9E%E5%8B%95%E5%9F%BA%E6%BA%96%E6%B3%95%20%E5%8B%9E%E5%8B%95%E6%B3%95%20%E5%8B%9E%E5%B7%A5%E4%BF%9D%E9%9A%AA%20%E5%8B%9E%E5%B7%A5%E5%AE%89%E5%85%A8%E8%A1%9B%E7%94%9F%20%E5%8B%9E%E5%B7%A5%E8%99%95%20%E5%8B%9E%E5%B7%A5%E8%A1%8C%E6%94%BF%20%E5%8B%9E%E8%B3%87%20%E5%8B%9E%E8%B3%87%E7%88%AD%E8%AD%B0%20%E5%93%81%E8%B3%AA%20%E5%A4%96%E7%B1%8D%E5%8B%9E%E5%B7%A5%20%E5%A4%A7%E9%99%B8%E6%94%BF%E7%AD%96%20%E5%B0%B1%E6%A5%AD%E6%9C%8D%E5%8B%99%20%E5%B7%A5%E6%9C%83%20%E5%B9%B9%E9%83%A8%20%E7%94%9F%E7%94%A2%E4%BA%8B%E6%A5%AD%20%E7%B5%90%E8%AA%9E%20%E8%81%B7%E6%A5%AD%E8%A8%93%E7%B7%B4%20%E8%99%95%E9%95%B7%20%E8%A1%8C%E6%94%BF%E6%95%88%E8%83%BD%20%E8%A2%AB%E4%BF%9D%E9%9A%AA%E4%BA%BA%20&oid=1596300 HTTP/1.1" 200 9096
163.20.243.19 - - [31/Dec/2015:10:04:01 +0800] "GET /content/nav/relationSubject.jsp?relationWords=%E5%BF%97%E4%BD%B3%E9%99%BD%E6%9D%9C%E9%B5%91+%E6%9D%9C%E9%B5%91+%E6%9D%9C%E9%B5%91%E8%8A%B1+%E7%99%BD%E7%90%89%E7%90%83%E6%9D%9C%E9%B5%91+&oid=16777345 HTTP/1.1" 200 5018
66.249.71.60 - - [31/Dec/2015:10:04:25 +0800] "GET /content/nav/relationSubject.jsp?relationWords=%E5%85%AC%E5%AD%B8%E6%A0%A1%20%E6%9D%9C%E9%A6%99%E5%9C%8B%20&oid=1888036 HTTP/1.1" 200 3157
66.249.71.60 - - [31/Dec/2015:10:04:38 +0800] "GET /content/nav/relationSubject.jsp?relationWords=%E7%89%8C%E7%85%A7+%E7%BD%B0%E4%BF%B8+%E8%A8%9B%E5%AF%AB+&oid=2555798 HTTP/1.1" 200 4923
66.249.71.60 - - [31/Dec/2015:10:04:40 +0800] "GET /content/nav/relationSubject.jsp?relationWords=%E7%89%8C%E7%85%A7%20%E7%BD%B0%E4%BF%B8%20%E8%A8%9B%E5%AF%AB%20&oid=2555798 HTTP/1.1" 200 4923
66.249.71.60 - - [31/Dec/2015:10:05:03 +0800] "GET /content/repository/resource_content.jsp?oid=1813483 HTTP/1.1" 200 28326
66.249.71.23 - - [31/Dec/2015:10:05:23 +0800] "GET /digiarch3/content/repository/resource_content.jsp?oid=16365&queryString=%E6%B0%B4%E6%AF%8D%E9%AF%A7%20%E7%81%B0%E5%8D%97%E9%AF%A7%20%E7%8E%89%E9%AF%A7%20%E7%90%89%E7%92%83%E7%8E%89%E9%AF%A7 HTTP/1.1" 200 34400
66.249.71.121 - - [31/Dec/2015:10:06:07 +0800] "GET /content/repository/resource_content.jsp?oid=15292&queryType=qs&queryString=%E6%9B%B3%E7%B9%A9%E9%87%A3 HTTP/1.1" 200 35493
66.249.71.113 - - [31/Dec/2015:10:06:52 +0800] "GET /content/repository/resource_content.jsp?oid=4362234&queryType=qs&queryString=%E5%8D%97%E5%8C%97%E6%9C%9D HTTP/1.1" 200 30382
124.200.252.24 - - [31/Dec/2015:10:07:22 +0800] "GET /content/tmp_auth/resource_content.jsp?oid=16777371 HTTP/1.1" 200 41394
163.20.243.19 - - [31/Dec/2015:10:07:34 +0800] "GET /content/nav/relationSubject.jsp?relationWords=%E5%BF%97%E4%BD%B3%E9%99%BD%E6%9D%9C%E9%B5%91+%E6%9D%9C%E9%B5%91+%E6%9D%9C%E9%B5%91%E8%8A%B1+%E7%99%BD%E7%90%89%E7%90%83%E6%9D%9C%E9%B5%91+&oid=16777345 HTTP/1.1" 200 5018
66.249.79.30 - - [31/Dec/2015:10:07:35 +0800] "GET /content/subject/resource_content.jsp?oid=16777766&queryType=qs&queryString=%E6%B2%88%E8%91%86%E6%A5%A8 HTTP/1.1" 200 50511
66.249.71.113 - - [31/Dec/2015:10:07:35 +0800] "GET /content/nav/relationSubject.jsp?relationWords=%E5%B9%B3%E7%B3%B6+%E7%B3%B6%E4%BA%8B+&oid=2641377 HTTP/1.1" 200 3971
66.249.71.5 - - [31/Dec/2015:10:07:37 +0800] "GET /digiarch3/content/subject/resource_content.jsp?oid=16777493&queryType=qs&queryString=%E7%AF%80%E8%83%BD%E6%B8%9B%E7%A2%B3 HTTP/1.1" 200 48193
220.181.108.149 - - [31/Dec/2015:10:07:52 +0800] "GET /digiarch_en/content/tmp_tec/resource_content.jsp?oid=16777753 HTTP/1.1" 200 28434
66.249.71.105 - - [31/Dec/2015:10:08:08 +0800] "GET /content/nav/relationSubject.jsp?relationWords=%E5%B9%B3%E7%B3%B6%20%E7%B3%B6%E4%BA%8B%20&oid=2641377 HTTP/1.1" 200 3971
66.249.71.173 - - [31/Dec/2015:10:08:40 +0800] "GET /content/nav/relationSubject.jsp?relationWords=%E5%89%AF%E6%91%BA+%E5%BA%9C%E5%B0%B9+%E7%A7%BB%E9%80%81+%E9%A0%86%E5%A4%A9%E5%BA%9C+&oid=2685623 HTTP/1.1" 200 3213
66.249.71.155 - - [31/Dec/2015:10:08:44 +0800] "GET /content/nav/relationSubject.jsp?relationWords=%E5%89%AF%E6%91%BA%20%E5%BA%9C%E5%B0%B9%20%E7%A7%BB%E9%80%81%20%E9%A0%86%E5%A4%A9%E5%BA%9C%20&oid=2685623 HTTP/1.1" 200 3213
66.249.71.60 - - [31/Dec/2015:10:08:55 +0800] "GET /content/nav/relationSubject.jsp?relationWords=%E4%B8%89%E4%B8%83%E4%BA%94%20%E5%B2%A1%E5%B1%B1%E9%8E%AE%20%E6%A2%93%E5%AE%98%E9%84%89%20%E7%94%A2%E6%A5%AD%E9%81%93%E8%B7%AF%20%E7%9F%B3%E6%BD%AD%20%E8%BE%B2%E5%B1%B1%20%E8%BE%B2%E7%94%A2%20&oid=1633001 HTTP/1.1" 200 4655
66.249.71.5 - - [31/Dec/2015:10:09:07 +0800] "GET /digiarch3/content/subject/resource_content.jsp?oid=16777509&queryType=qc HTTP/1.1" 200 33448
66.249.71.113 - - [31/Dec/2015:10:09:58 +0800] "GET /content/subject/resource_content.jsp?oid=16797291&queryType=qc HTTP/1.1" 200 51028
66.249.71.5 - - [31/Dec/2015:10:10:05 +0800] "GET /digiarch3/content/repository/resource_content.jsp?oid=19999&queryString=%E7%9C%BC%E6%96%91%E6%B5%B7%E8%91%B5%E9%AD%9A HTTP/1.1" 200 29738
66.249.71.23 - - [31/Dec/2015:10:11:19 +0800] "GET /digiarch3/content/subject/resource_content.jsp?oid=16777787&queryType=qc HTTP/1.1" 200 57470
157.55.39.178 - - [31/Dec/2015:10:11:35 +0800] "GET /content/nav/relationSubject.jsp?relationWords=%E8%96%9C%E8%8D%94+&oid=16777485 HTTP/1.1" 200 3561
66.249.71.72 - - [31/Dec/2015:10:11:41 +0800] "GET /digiarch_en/content/nav/relationSubject.jsp?relationWords=%E4%BF%9D%E9%9A%AA+%E5%8B%9E%E4%BF%9D+%E5%8B%9E%E4%BF%9D%E6%8C%87%E5%AE%9A%E9%86%AB%E9%99%A2+%E5%8E%9F%E4%BD%8F%E6%B0%91%E6%96%87%E5%8C%96+%E5%90%88%E4%BD%9C%E7%A4%BE+%E5%93%81%E8%B3%AA+%E5%9C%B0%E6%96%B9%E8%87%AA%E6%B2%BB+%E5%B0%B1%E6%A5%AD%E8%BC%94%E5%B0%8E+%E5%B1%B1%E8%83%9E+%E6%86%B2%E6%B3%95+%E6%94%BF%E5%BA%9C%E7%B5%84%E7%B9%94+%E6%94%BF%E9%BB%A8+%E6%B4%BB%E7%92%B0+%E6%B4%BD%E5%95%86+%E7%8F%BE%E7%8B%80+%E7%9C%81%E6%94%BF%E5%BA%9C+%E7%A6%8F%E5%88%A9%E6%A9%9F%E6%A7%8B+%E7%AB%A5%E5%B7%A5+%E8%80%81%E4%BA%BA%E7%A6%8F%E5%88%A9+%E8%80%81%E4%BA%BA%E7%A6%8F%E5%88%A9%E6%B3%95+%E8%87%A8%E6%99%82%E6%A2%9D%E6%AC%BE+%E8%87%BA%E7%81%A3%E5%8E%9F%E4%BD%8F%E6%B0%91+%E8%87%BA%E7%81%A3%E7%9C%81%E6%94%BF%E5%BA%9C+%E8%B2%BB%E7%8E%87+%E8%BE%B2%E6%B0%91%E5%81%A5%E5%BA%B7%E4%BF%9D%E9%9A%AA+%E9%97%9C%E4%B8%AD+%E9%97%9C%E7%B4%A2+&oid=1597570 HTTP/1.1" 200 5855
66.249.74.98 - - [31/Dec/2015:10:11:43 +0800] "GET /digiarch_en/content/nav/relationSubject.jsp?relationWords=%E4%BF%9D%E9%9A%AA%20%E5%8B%9E%E4%BF%9D%20%E5%8B%9E%E4%BF%9D%E6%8C%87%E5%AE%9A%E9%86%AB%E9%99%A2%20%E5%8E%9F%E4%BD%8F%E6%B0%91%E6%96%87%E5%8C%96%20%E5%90%88%E4%BD%9C%E7%A4%BE%20%E5%93%81%E8%B3%AA%20%E5%9C%B0%E6%96%B9%E8%87%AA%E6%B2%BB%20%E5%B0%B1%E6%A5%AD%E8%BC%94%E5%B0%8E%20%E5%B1%B1%E8%83%9E%20%E6%86%B2%E6%B3%95%20%E6%94%BF%E5%BA%9C%E7%B5%84%E7%B9%94%20%E6%94%BF%E9%BB%A8%20%E6%B4%BB%E7%92%B0%20%E6%B4%BD%E5%95%86%20%E7%8F%BE%E7%8B%80%20%E7%9C%81%E6%94%BF%E5%BA%9C%20%E7%A6%8F%E5%88%A9%E6%A9%9F%E6%A7%8B%20%E7%AB%A5%E5%B7%A5%20%E8%80%81%E4%BA%BA%E7%A6%8F%E5%88%A9%20%E8%80%81%E4%BA%BA%E7%A6%8F%E5%88%A9%E6%B3%95%20%E8%87%A8%E6%99%82%E6%A2%9D%E6%AC%BE%20%E8%87%BA%E7%81%A3%E5%8E%9F%E4%BD%8F%E6%B0%91%20%E8%87%BA%E7%81%A3%E7%9C%81%E6%94%BF%E5%BA%9C%20%E8%B2%BB%E7%8E%87%20%E8%BE%B2%E6%B0%91%E5%81%A5%E5%BA%B7%E4%BF%9D%E9%9A%AA%20%E9%97%9C%E4%B8%AD%20%E9%97%9C%E7%B4%A2%20&oid=1597570 HTTP/1.1" 200 5855
66.249.77.85 - - [31/Dec/2015:10:12:03 +0800] "GET /content/repository/resource_content.jsp?oid=15582&queryType=qs&queryString=%E7%9F%B3%E9%AF%9B HTTP/1.1" 200 34684
66.249.71.64 - - [31/Dec/2015:10:12:35 +0800] "GET /content/repository/resource_content.jsp?oid=1460256 HTTP/1.1" 200 30883
66.249.71.14 - - [31/Dec/2015:10:12:48 +0800] "GET /digiarch3/content/subject/resource_content.jsp?oid=16777407&queryType=qc HTTP/1.1" 200 31978
66.249.71.121 - - [31/Dec/2015:10:13:33 +0800] "GET /content/repository/resource_content.jsp?oid=1591081&queryType=qs&queryString=%E8%A7%A3%E5%9A%B4 HTTP/1.1" 200 30905
66.249.71.64 - - [31/Dec/2015:10:14:01 +0800] "GET /content/nav/relationSubject.jsp?relationWords=%E5%85%AB%E5%88%86%E6%9B%B8+%E5%B1%B1%E6%9D%B1%E5%98%89%E7%A5%A5+%E5%BB%BA%E7%AF%89%E7%95%AB+%E6%9C%B1%E6%98%8E+%E6%9D%8E%E5%96%84+%E6%AD%A6%E6%A2%81%E7%A5%A0+%E6%AD%A6%E6%A2%81%E7%A5%A0%E7%95%AB%E5%83%8F+%E6%AD%A6%E6%B0%8F%E7%A5%A0%E5%BE%8C%E7%9F%B3%E5%AE%A4+%E7%A5%9E%E8%A9%B1%E6%95%85%E4%BA%8B+%E7%A7%A6%E7%8E%8B+%E7%AE%A1%E4%BB%B2+%E8%91%A3%E6%B0%B8+%E9%81%BA%E5%AD%A4+%E9%87%91%E8%80%85+%E9%A1%8C%E8%A8%98+%E9%A8%8E%E9%83%BD%E5%B0%89+%E9%BD%8A%E6%A1%93%E5%85%AC+&oid=1821113 HTTP/1.1" 200 6278
66.249.71.60 - - [31/Dec/2015:10:14:04 +0800] "GET /content/nav/relationSubject.jsp?relationWords=%E5%85%AB%E5%88%86%E6%9B%B8%20%E5%B1%B1%E6%9D%B1%E5%98%89%E7%A5%A5%20%E5%BB%BA%E7%AF%89%E7%95%AB%20%E6%9C%B1%E6%98%8E%20%E6%9D%8E%E5%96%84%20%E6%AD%A6%E6%A2%81%E7%A5%A0%20%E6%AD%A6%E6%A2%81%E7%A5%A0%E7%95%AB%E5%83%8F%20%E6%AD%A6%E6%B0%8F%E7%A5%A0%E5%BE%8C%E7%9F%B3%E5%AE%A4%20%E7%A5%9E%E8%A9%B1%E6%95%85%E4%BA%8B%20%E7%A7%A6%E7%8E%8B%20%E7%AE%A1%E4%BB%B2%20%E8%91%A3%E6%B0%B8%20%E9%81%BA%E5%AD%A4%20%E9%87%91%E8%80%85%20%E9%A1%8C%E8%A8%98%20%E9%A8%8E%E9%83%BD%E5%B0%89%20%E9%BD%8A%E6%A1%93%E5%85%AC%20&oid=1821113 HTTP/1.1" 200 6278
66.249.77.91 - - [31/Dec/2015:10:15:07 +0800] "GET /content/repository/resource_content.jsp?oid=14081&queryType=qs&queryString=%E8%83%8E%E5%85%92 HTTP/1.1" 200 35087
66.249.71.5 - - [31/Dec/2015:10:15:47 +0800] "GET /digiarch3/content/subject/resource_content.jsp?oid=16777714&queryType=qc HTTP/1.1" 200 42384
66.249.71.14 - - [31/Dec/2015:10:16:31 +0800] "GET /digiarch3/content/repository/resource_content.jsp?oid=14962&queryString=%E6%A7%8D%E9%A0%AD%E7%9F%B3%E6%96%91%E9%AD%9A%20%E9%81%8E%E9%AD%9A%20%E9%9E%8D%E5%B8%B6%E7%9F%B3%E6%96%91%E9%AD%9A%20%E9%AE%A8%E7%A7%91%20%E9%BE%8D%E8%86%BD%E7%9F%B3%E6%96%91 HTTP/1.1" 200 34708
