66.249.71.60 - - [04/Jan/2016:13:09:00 +0800] "GET /digiarch_en/content/nav/relationSubject.jsp?relationWords=%E4%B8%AD%E5%A4%AE%E4%BF%A1%E8%A8%97%E5%B1%80+%E4%BA%A4%E9%80%9A%E8%99%95+%E5%85%AC%E8%B7%AF%E5%B1%80+%E5%9F%BA%E9%9A%86%E6%B8%AF%E5%8B%99%E5%B1%80+%E5%A4%96%E5%8C%AF+%E7%9C%81%E6%94%BF%E5%BA%9C+%E7%A6%8F%E7%89%B9+%E8%87%BA%E7%81%A3%E7%9C%81%E5%AF%A9%E8%A8%88%E8%99%95+%E8%87%BA%E7%81%A3%E7%9C%81%E8%AD%B0%E6%9C%83+%E8%BD%8E%E8%BB%8A+&oid=1895161 HTTP/1.1" 200 5092
106.38.241.143 - - [04/Jan/2016:13:09:00 +0800] "GET /content/pictures/picture_content.jsp?oid=33554787 HTTP/1.1" 200 27909
66.249.71.60 - - [04/Jan/2016:13:09:02 +0800] "GET /digiarch_en/content/nav/relationSubject.jsp?relationWords=%E4%B8%AD%E5%A4%AE%E4%BF%A1%E8%A8%97%E5%B1%80%20%E4%BA%A4%E9%80%9A%E8%99%95%20%E5%85%AC%E8%B7%AF%E5%B1%80%20%E5%9F%BA%E9%9A%86%E6%B8%AF%E5%8B%99%E5%B1%80%20%E5%A4%96%E5%8C%AF%20%E7%9C%81%E6%94%BF%E5%BA%9C%20%E7%A6%8F%E7%89%B9%20%E8%87%BA%E7%81%A3%E7%9C%81%E5%AF%A9%E8%A8%88%E8%99%95%20%E8%87%BA%E7%81%A3%E7%9C%81%E8%AD%B0%E6%9C%83%20%E8%BD%8E%E8%BB%8A%20&oid=1895161 HTTP/1.1" 200 5092
66.249.71.121 - - [04/Jan/2016:13:09:17 +0800] "GET /content/repository/resource_content.jsp?oid=1562657&queryType=qs&queryString=%E7%8D%B8%E9%86%AB HTTP/1.1" 200 35097
66.249.71.64 - - [04/Jan/2016:13:09:18 +0800] "GET /content/repository/resource_content.jsp?oid=1621347 HTTP/1.1" 200 28739
106.38.241.143 - - [04/Jan/2016:13:09:31 +0800] "GET /content/subject/resource_content.jsp?oid=16777362&queryType=qc HTTP/1.1" 200 25483
111.242.54.22 - - [04/Jan/2016:13:09:48 +0800] "GET /digiarch_en/content/tmp_auth/resource_content.jsp?oid=16777777 HTTP/1.1" 200 27488
66.249.71.60 - - [04/Jan/2016:13:09:50 +0800] "GET /content/repository/resource_content.jsp?oid=1566439 HTTP/1.1" 200 28662
66.249.71.113 - - [04/Jan/2016:13:10:34 +0800] "GET /content/nav/relationSubject.jsp?relationWords=%E5%96%80%E4%BB%80%E5%99%B6%E7%88%BE+%E7%A6%AE%E9%83%A8+&oid=2685302 HTTP/1.1" 200 3125
66.249.71.105 - - [04/Jan/2016:13:10:36 +0800] "GET /content/nav/relationSubject.jsp?relationWords=%E5%96%80%E4%BB%80%E5%99%B6%E7%88%BE%20%E7%A6%AE%E9%83%A8%20&oid=2685302 HTTP/1.1" 200 3125
111.242.54.22 - - [04/Jan/2016:13:10:51 +0800] "GET /content/subject/resource_content.jsp?oid=16777414&queryType=qc HTTP/1.1" 200 33075
38.111.147.84 - - [04/Jan/2016:13:11:55 +0800] "GET /content/subject/resource_content.jsp?oid=16777357&queryType=qc HTTP/1.0" 200 33878
66.249.71.60 - - [04/Jan/2016:13:12:51 +0800] "GET /content/repository/resource_content.jsp?oid=3819620&queryString=%E5%B0%8F%E8%B1%87%E8%B1%86%20%E6%A4%8D%E7%89%A9%E7%95%8C%20%E8%A0%B6%E8%B1%86%20%E8%B1%87%E8%B1%86%E5%B1%AC%20%E9%9B%99%E5%AD%90%E8%91%89%E6%A4%8D%E7%89%A9 HTTP/1.1" 200 31314
66.249.71.72 - - [04/Jan/2016:13:13:15 +0800] "GET /content/repository/resource_content.jsp?oid=1616222 HTTP/1.1" 200 28796
111.242.54.22 - - [04/Jan/2016:13:14:17 +0800] "GET /digiarch_en/content/subject/resource_content.jsp?oid=16777840&queryType=qc> HTTP/1.1" 200 36260
111.242.54.22 - - [04/Jan/2016:13:14:30 +0800] "GET /content/subject/resource_content.jsp?oid=16777594&queryType=qc HTTP/1.1" 200 40441
66.249.71.72 - - [04/Jan/2016:13:14:54 +0800] "GET /content/nav/relationSubject.jsp?relationWords=%E5%9C%B0%E5%BD%A2%E5%9C%96+&oid=187992 HTTP/1.1" 200 3046
66.249.71.60 - - [04/Jan/2016:13:14:56 +0800] "GET /content/nav/relationSubject.jsp?relationWords=%E5%9C%B0%E5%BD%A2%E5%9C%96%20&oid=187992 HTTP/1.1" 200 3046
111.242.54.22 - - [04/Jan/2016:13:15:03 +0800] "GET /digiarch_en/content/subject/resource_content.jsp?oid=16777745&queryType=qc HTTP/1.1" 200 31282
66.249.74.102 - - [04/Jan/2016:13:15:27 +0800] "GET /content/repository/resource_content.jsp?oid=2516422 HTTP/1.1" 200 29492
66.249.71.64 - - [04/Jan/2016:13:15:28 +0800] "GET /content/repository/resource_content.jsp?oid=2148875 HTTP/1.1" 200 31030
111.242.54.22 - - [04/Jan/2016:13:15:52 +0800] "GET /content/subject/resource_content.jsp?oid=16777728&queryType=qc HTTP/1.1" 200 65196
66.249.71.60 - - [04/Jan/2016:13:15:54 +0800] "GET /content/repository/resource_content.jsp?oid=1105199 HTTP/1.1" 200 31180
66.249.71.72 - - [04/Jan/2016:13:16:52 +0800] "GET /content/repository/resource_content.jsp?oid=2638717&queryString=%E5%A4%AA%E5%A6%83%20%E9%87%8B%E8%BF%A6%E5%83%8F HTTP/1.1" 200 30030
210.70.140.66 - - [04/Jan/2016:13:17:46 +0800] "GET /content/nav/relationSubject.jsp?relationWords=&oid=16777459 HTTP/1.1" 200 1405
210.70.140.66 - - [04/Jan/2016:13:17:47 +0800] "GET /content/nav/relationSubject.jsp?relationWords=&oid=16777459 HTTP/1.1" 200 1405
61.219.36.181 - - [04/Jan/2016:13:18:19 +0800] "GET /content/nav/relationSubject.jsp?relationWords=%E9%BB%91%E6%9D%BF%E6%A8%B9+&oid=16777262 HTTP/1.1" 200 3253
111.242.54.22 - - [04/Jan/2016:13:18:20 +0800] "GET /digiarch_en/content/tmp_auth/resource_content.jsp?oid=16777809 HTTP/1.1" 200 35197
68.180.230.178 - - [04/Jan/2016:13:18:21 +0800] "GET /content/subject/resource_content.jsp?oid=16777406&queryType=qc HTTP/1.1" 200 32906
38.111.147.84 - - [04/Jan/2016:13:18:28 +0800] "GET /content/subject/resource_content.jsp?oid=16777390&queryType=qc HTTP/1.0" 200 43028
66.249.79.30 - - [04/Jan/2016:13:18:29 +0800] "GET /content/subject/resource_content.jsp?oid=16777635&queryType=qc HTTP/1.1" 200 63981
66.249.71.64 - - [04/Jan/2016:13:18:30 +0800] "GET /content/repository/resource_content.jsp?oid=1546657 HTTP/1.1" 200 28830
66.249.71.60 - - [04/Jan/2016:13:18:40 +0800] "GET /content/nav/relationSubject.jsp?relationWords=%E6%A4%8D%E7%89%A9%E7%95%8C+%E8%8F%8A%E7%A7%91+%E9%9B%99%E5%AD%90%E8%91%89%E6%A4%8D%E7%89%A9+%E9%BC%A0%E9%BA%B4%E8%8D%89+%E9%BC%A0%E9%BA%B4%E8%8D%89%E5%B1%AC+&oid=1106837 HTTP/1.1" 200 3448
66.249.71.60 - - [04/Jan/2016:13:18:42 +0800] "GET /content/nav/relationSubject.jsp?relationWords=%E6%A4%8D%E7%89%A9%E7%95%8C%20%E8%8F%8A%E7%A7%91%20%E9%9B%99%E5%AD%90%E8%91%89%E6%A4%8D%E7%89%A9%20%E9%BC%A0%E9%BA%B4%E8%8D%89%20%E9%BC%A0%E9%BA%B4%E8%8D%89%E5%B1%AC%20&oid=1106837 HTTP/1.1" 200 3448
66.249.74.98 - - [04/Jan/2016:13:18:55 +0800] "GET /content/repository/resource_content.jsp?oid=1099212&queryString=%E8%8A%B1%E8%94%93%20%E8%94%93%E6%BE%A4%E8%98%AD HTTP/1.1" 200 31407
111.242.54.22 - - [04/Jan/2016:13:18:56 +0800] "GET /content/subject/resource_content.jsp?oid=16777537&queryType=qc HTTP/1.1" 200 30742
111.242.54.22 - - [04/Jan/2016:13:19:21 +0800] "GET /digiarch_en/content/subject/resource_content.jsp?oid=16777740&queryType=qc HTTP/1.1" 200 38713
111.242.54.22 - - [04/Jan/2016:13:19:23 +0800] "GET /digiarch_en/content/tmp_exh/resource_content.jsp?oid=16777851&queryType=qc HTTP/1.1" 200 40181
111.242.54.22 - - [04/Jan/2016:13:20:22 +0800] "GET /digiarch_en/content/subject/resource_content.jsp?oid=16777841&queryType=qc> HTTP/1.1" 200 21861
163.22.18.14 - - [04/Jan/2016:13:20:53 +0800] "GET /content/repository/resource_content.jsp?oid=1776987 HTTP/1.1" 200 28442
163.22.18.14 - - [04/Jan/2016:13:20:54 +0800] "GET /content/nav/relationSubject.jsp?relationWords=%E6%97%A5%E6%B2%BB%E6%99%82%E6%9C%9F+&oid=1776987 HTTP/1.1" 200 3887
163.29.2.101 - - [04/Jan/2016:13:21:03 +0800] "GET /content/repository/resource_content.jsp?oid=1550819&queryString=%E8%8F%AF%E5%83%91 HTTP/1.1" 200 30958
163.29.2.101 - - [04/Jan/2016:13:21:06 +0800] "GET /content/nav/relationSubject.jsp?relationWords=%E4%B8%BB%E8%A8%88%E8%99%95+%E5%88%A5%E5%A2%85+%E6%9D%8E%E6%BA%90+%E6%9D%8E%E6%BA%90%E6%A3%A7+%E7%9C%81%E8%AD%B0%E6%9C%83+%E8%8F%AF%E5%83%91+%E8%AD%B0%E9%95%B7+%E8%B2%A1%E6%94%BF+%E9%A0%90%E7%AE%97+%E9%BB%83%E5%8D%A0+%E9%BB%83%E5%8D%A0%E5%B2%B8+&oid=1550819 HTTP/1.1" 200 5567
111.242.54.22 - - [04/Jan/2016:13:21:06 +0800] "GET /digiarch_en/content/subject/resource_content.jsp?oid=16777841&queryType=qc HTTP/1.1" 200 21861
66.249.71.60 - - [04/Jan/2016:13:21:10 +0800] "GET /content/nav/relationSubject.jsp?relationWords=%E8%AD%B7%E6%B3%95+&oid=4363492 HTTP/1.1" 200 6477
66.249.71.60 - - [04/Jan/2016:13:21:15 +0800] "GET /content/nav/relationSubject.jsp?relationWords=%E8%AD%B7%E6%B3%95%20&oid=4363492 HTTP/1.1" 200 6477
66.249.77.91 - - [04/Jan/2016:13:21:28 +0800] "GET /content/subject/resource_content.jsp?oid=16777508&queryType=qs&queryString=%E6%9D%B1%E5%8D%97%E4%BA%9E HTTP/1.1" 200 36246
66.249.71.64 - - [04/Jan/2016:13:21:32 +0800] "GET /content/subject/resource_content.jsp?oid=16777567&queryString=%E5%BD%A9%E7%B9%AA HTTP/1.1" 200 38206
111.242.54.22 - - [04/Jan/2016:13:21:41 +0800] "GET /digiarch_en/content/subject/resource_content.jsp?oid=16777328&queryType=qc HTTP/1.1" 200 31708
66.249.71.60 - - [04/Jan/2016:13:21:45 +0800] "GET /content/repository/resource_content.jsp?oid=1546796&queryString=%E6%95%88%E7%8E%87%E6%A1%88 HTTP/1.1" 200 29224
66.249.77.85 - - [04/Jan/2016:13:22:03 +0800] "GET /content/repository/resource_content.jsp?oid=4362334&queryString=%E6%9C%A8%E9%9B%95 HTTP/1.1" 200 30341
66.249.77.85 - - [04/Jan/2016:13:22:17 +0800] "GET /content/subject/resource_content.jsp?oid=16777647&queryType=qs&queryString=%E8%87%BA%E7%81%A3%E7%B8%BD%E7%9D%A3%E5%BA%9C HTTP/1.1" 200 56482
66.249.71.14 - - [04/Jan/2016:13:22:22 +0800] "GET /digiarch3/content/repository/resource_content.jsp?oid=15720&queryType=qs&queryString=%E5%A4%A7%E5%8A%9B%E5%A3%AB HTTP/1.1" 200 34601
66.249.71.72 - - [04/Jan/2016:13:22:22 +0800] "GET /content/repository/resource_content.jsp?oid=1098143&queryString=%E5%81%87%E5%90%90%E9%87%91%E8%8F%8A%20%E5%81%87%E5%90%90%E9%87%91%E8%8F%8A%E5%B1%AC%20%E6%A4%8D%E7%89%A9%E7%95%8C%20%E8%8F%8A%E7%A7%91%20%E9%9B%99%E5%AD%90%E8%91%89%E6%A4%8D%E7%89%A9 HTTP/1.1" 200 31526
66.249.71.72 - - [04/Jan/2016:13:22:59 +0800] "GET /content/nav/relationSubject.jsp?relationWords=%E4%B8%AD%E8%85%B9+%E4%B8%AD%E8%85%B9%E8%B6%B3%E7%9B%AE+%E7%AB%B9%E7%AD%8D+%E7%AB%B9%E7%AD%8D%E9%B3%B3%E5%87%B0%E8%9E%BA+%E8%85%B9%E8%B6%B3%E7%B6%B1+%E9%B3%B3%E5%87%B0%E8%9E%BA+&oid=523867 HTTP/1.1" 200 3518
66.249.71.60 - - [04/Jan/2016:13:23:00 +0800] "GET /content/nav/relationSubject.jsp?relationWords=%E4%B8%AD%E8%85%B9%20%E4%B8%AD%E8%85%B9%E8%B6%B3%E7%9B%AE%20%E7%AB%B9%E7%AD%8D%20%E7%AB%B9%E7%AD%8D%E9%B3%B3%E5%87%B0%E8%9E%BA%20%E8%85%B9%E8%B6%B3%E7%B6%B1%20%E9%B3%B3%E5%87%B0%E8%9E%BA%20&oid=523867 HTTP/1.1" 200 3518
111.242.54.22 - - [04/Jan/2016:13:23:14 +0800] "GET /digiarch_en/content/subject/resource_content.jsp?oid=16777721&queryType=qc HTTP/1.1" 200 31317
111.242.54.22 - - [04/Jan/2016:13:23:35 +0800] "GET /content/subject/resource_content.jsp?oid=16777493&queryType=qc HTTP/1.1" 200 48505
66.249.71.14 - - [04/Jan/2016:13:24:37 +0800] "GET /digiarch3/content/repository/resource_content.jsp?oid=1531354&queryString=%E4%BF%A1%E8%A8%97%20%E5%90%8C%E6%A5%AD%E5%85%AC%E6%9C%83%20%E5%95%86%E6%A5%AD%E5%9C%98%E9%AB%94%20%E6%89%80%E5%BE%97%E7%A8%85%20%E6%A8%99%E5%94%AE%20%E7%87%9F%E5%88%A9%E4%BA%8B%E6%A5%AD%20%E8%AD%89%E7%85%A7%20%E9%87%91%E8%9E%8D%20%E9%A3%BE%E9%87%91 HTTP/1.1" 200 29898
66.249.71.72 - - [04/Jan/2016:13:24:40 +0800] "GET /content/repository/resource_content.jsp?oid=2668108&queryString=%E7%B3%A7%E7%9F%B3%20%E7%B6%8F%E9%81%A0%E5%9F%8E HTTP/1.1" 200 30128
66.249.71.60 - - [04/Jan/2016:13:24:51 +0800] "GET /content/nav/relationSubject.jsp?relationWords=%E5%90%8F%E7%A7%91+&oid=2516422 HTTP/1.1" 200 3067
66.249.71.60 - - [04/Jan/2016:13:24:52 +0800] "GET /content/nav/relationSubject.jsp?relationWords=%E5%90%8F%E7%A7%91%20&oid=2516422 HTTP/1.1" 200 3067
111.242.54.22 - - [04/Jan/2016:13:24:55 +0800] "GET /content/subject/resource_content.jsp?oid=16777715&queryType=qc HTTP/1.1" 200 34761
66.249.71.60 - - [04/Jan/2016:13:25:00 +0800] "GET /content/repository/resource_content.jsp?oid=1535874 HTTP/1.1" 200 34573
38.111.147.84 - - [04/Jan/2016:13:25:17 +0800] "GET /content/subject/resource_content.jsp?oid=16777391&queryType=qc HTTP/1.0" 200 41585
66.249.71.105 - - [04/Jan/2016:13:25:19 +0800] "GET /content/nav/relationSubject.jsp?relationWords=&oid=4362784 HTTP/1.1" 200 1405
66.249.71.64 - - [04/Jan/2016:13:25:21 +0800] "GET /content/subject/resource_content.jsp?oid=16777537&queryType=qc HTTP/1.1" 200 30731
66.249.71.60 - - [04/Jan/2016:13:25:25 +0800] "GET /content/repository/resource_content.jsp?oid=2152248 HTTP/1.1" 200 29545
66.249.71.5 - - [04/Jan/2016:13:25:46 +0800] "GET /digiarch3/content/subject/resource_content.jsp?oid=16777272&queryType=qs&queryString=%E9%9D%92%E9%8A%85%E5%88%80 HTTP/1.1" 200 45063
66.249.71.5 - - [04/Jan/2016:13:27:15 +0800] "GET /digiarch3/content/nav/relationSubject.jsp?relationWords=%E5%90%8C%E6%A5%AD%E5%85%AC%E6%9C%83+%E6%94%BE%E5%AF%AC%E6%A1%88+%E8%87%BA%E5%8C%97%E5%B8%82+%E8%87%BA%E7%81%A3%E7%9C%81+%E8%8C%B6%E5%AE%A4+%E8%AC%9D%E6%88%90%E6%BA%90+%E8%AD%A6%E5%8B%99%E8%99%95+&oid=1531354 HTTP/1.1" 200 4757
111.242.54.22 - - [04/Jan/2016:13:27:49 +0800] "GET /digiarch_en/content/subject/resource_content.jsp?oid=16777568&queryType=qc HTTP/1.1" 200 29010
66.249.71.121 - - [04/Jan/2016:13:27:52 +0800] "GET /content/repository/resource_content.jsp?oid=2634641&queryType=qs&queryString=%E5%8D%94%E9%A4%89 HTTP/1.1" 200 30134
66.249.71.60 - - [04/Jan/2016:13:27:53 +0800] "GET /content/repository/resource_content.jsp?oid=1627147 HTTP/1.1" 200 28680
140.136.57.31 - - [04/Jan/2016:13:27:59 +0800] "GET /content/nav/relationSubject.jsp?relationWords=&oid=16777459 HTTP/1.1" 200 1405
68.180.228.24 - - [04/Jan/2016:13:28:59 +0800] "GET /digiarch_en/content/subject/resource_content.jsp?oid=16777535&queryType=qc HTTP/1.1" 200 27783
211.75.3.222 - - [04/Jan/2016:13:29:35 +0800] "GET /content/nav/relationSubject.jsp?relationWords=%E8%8B%A6%E8%8B%93+&oid=16777317 HTTP/1.1" 200 3183
66.249.71.72 - - [04/Jan/2016:13:30:47 +0800] "GET /content/repository/resource_content.jsp?oid=1604750 HTTP/1.1" 200 28690
66.249.71.113 - - [04/Jan/2016:13:30:51 +0800] "GET /content/repository/resource_content.jsp?oid=1546742&queryType=qs&queryString=%E7%81%AB%E6%98%9F HTTP/1.1" 200 31038
111.242.54.22 - - [04/Jan/2016:13:31:04 +0800] "GET /digiarch_en/content/subject/resource_content.jsp?oid=16777615&queryType=qc HTTP/1.1" 200 34435
68.180.228.24 - - [04/Jan/2016:13:31:10 +0800] "GET /content/repository/resource_content.jsp?oid=1081601 HTTP/1.1" 200 34015
111.242.54.22 - - [04/Jan/2016:13:31:20 +0800] "GET /digiarch_en/content/subject/resource_content.jsp?oid=16777734&queryType=qc HTTP/1.1" 200 36994
66.249.71.64 - - [04/Jan/2016:13:31:28 +0800] "GET /content/repository/resource_content.jsp?oid=2513448 HTTP/1.1" 200 29905
38.111.147.84 - - [04/Jan/2016:13:31:47 +0800] "GET /content/subject/resource_content.jsp?oid=16777542&queryType=qc HTTP/1.0" 200 31530
66.249.71.113 - - [04/Jan/2016:13:31:56 +0800] "GET /content/nav/relationSubject.jsp?relationWords=%E6%8A%80%E8%A1%93%E4%BA%BA%E5%93%A1+%E7%9C%81%E6%94%BF%E5%BA%9C+%E8%94%A6%E6%9D%BE+%E8%94%A6%E6%9D%BE%E5%A4%A7%E6%A9%8B+&oid=1564475 HTTP/1.1" 200 4622
66.249.71.105 - - [04/Jan/2016:13:31:59 +0800] "GET /content/nav/relationSubject.jsp?relationWords=%E6%8A%80%E8%A1%93%E4%BA%BA%E5%93%A1%20%E7%9C%81%E6%94%BF%E5%BA%9C%20%E8%94%A6%E6%9D%BE%20%E8%94%A6%E6%9D%BE%E5%A4%A7%E6%A9%8B%20&oid=1564475 HTTP/1.1" 200 4622
66.249.77.97 - - [04/Jan/2016:13:32:05 +0800] "GET /content/repository/resource_content.jsp?oid=653109&queryString=%E7%80%BE%E5%8B%B3 HTTP/1.1" 200 28779
66.249.71.60 - - [04/Jan/2016:13:32:08 +0800] "GET /content/repository/resource_content.jsp?oid=2656428&queryString=%E8%B4%8A%E7%A6%AE%E9%83%8E HTTP/1.1" 200 30374
163.29.253.102 - - [04/Jan/2016:13:32:12 +0800] "GET /content/repository/resource_content.jsp?oid=1896574 HTTP/1.1" 200 29129
163.29.253.102 - - [04/Jan/2016:13:32:13 +0800] "GET /content/nav/relationSubject.jsp?relationWords=%E5%9C%9F%E5%9C%B0%E5%BB%BA%E7%89%A9+%E7%81%A3%E7%9C%81%E6%94%BF%E5%BA%9C+%E7%9C%81%E6%94%BF%E5%BA%9C+%E8%87%BA%E7%81%A3%E7%9C%81+%E8%87%BA%E7%81%A3%E7%9C%81%E6%94%BF%E5%BA%9C+%E8%A4%87%E4%B8%88+%E8%A6%8F%E8%B2%BB+&oid=1896574 HTTP/1.1" 200 4787
210.71.217.251 - - [04/Jan/2016:13:32:18 +0800] "GET /content/nav/relationSubject.jsp?relationWords=%E5%A4%A7%E8%91%89%E5%B1%B1+%E5%A4%A7%E8%91%89%E5%B1%B1%E6%AC%96+%E5%B1%B1%E6%AC%96+%E6%8B%BC%E6%9D%BF%E8%88%9F+%E9%81%94%E6%82%9F+%E9%81%94%E6%82%9F%E6%97%8F+&oid=16777270 HTTP/1.1" 200 4822
111.242.54.22 - - [04/Jan/2016:13:32:30 +0800] "GET /digiarch_en/content/subject/resource_content.jsp?oid=16777788&queryType=qc HTTP/1.1" 200 38656
111.242.54.22 - - [04/Jan/2016:13:32:58 +0800] "GET /digiarch_en/content/subject/resource_content.jsp?oid=16777825&queryType=qc HTTP/1.1" 200 36289
66.249.71.121 - - [04/Jan/2016:13:33:47 +0800] "GET /content/repository/resource_content.jsp?oid=2672898&queryType=qs&queryString=%E5%84%AA%E5%8D%B9 HTTP/1.1" 200 30101
66.249.71.72 - - [04/Jan/2016:13:33:48 +0800] "GET /content/repository/resource_content.jsp?oid=1820702 HTTP/1.1" 200 28835
68.180.228.24 - - [04/Jan/2016:13:34:02 +0800] "GET /content/subject/resource_content.jsp?oid=16777615&queryType=qc HTTP/1.1" 200 37930
111.242.54.22 - - [04/Jan/2016:13:34:12 +0800] "GET /digiarch_en/content/subject/resource_content.jsp?oid=16777468&queryType=qc HTTP/1.1" 200 28068
66.249.71.72 - - [04/Jan/2016:13:34:14 +0800] "GET /content/repository/resource_content.jsp?oid=2145107 HTTP/1.1" 200 30905
111.242.54.22 - - [04/Jan/2016:13:34:28 +0800] "GET /content/subject/resource_content.jsp?oid=16777532&queryType=qc HTTP/1.1" 200 34931
163.29.2.101 - - [04/Jan/2016:13:35:51 +0800] "GET /content/repository/resource_content.jsp?oid=1895161&queryString=?D?p?B%20O??%20?P?%20?P???%20????P|%20????%20????%20X]?F%20?w??%20???e%20???e?? HTTP/1.1" 500 15712
163.29.2.101 - - [04/Jan/2016:13:35:57 +0800] "GET /content/repository/resource_content.jsp?oid=1897806&queryString=?D?p?B%20O??%20?P?%20?P???%20????P|%20????%20????%20X]?F%20?w??%20???e%20???e?? HTTP/1.1" 500 15712
163.29.2.101 - - [04/Jan/2016:13:36:16 +0800] "GET /content/repository/resource_content.jsp?oid=1530058&queryString=?D?p?B%20O??%20?P?%20?P???%20????P|%20????%20????%20X]?F%20?w??%20???e%20???e?? HTTP/1.1" 500 15712
66.249.77.97 - - [04/Jan/2016:13:36:57 +0800] "GET /content/repository/resource_content.jsp?oid=14417&queryString=%E5%B9%B3%E9%B0%AD%E9%B0%8D%E7%A7%91%20%E6%B2%88%E6%B0%8F%20%E7%88%AC%E5%B2%A9%E9%B0%8D%20%E7%9F%B3%E8%B2%BC%E4%BB%94 HTTP/1.1" 200 34818
66.249.71.64 - - [04/Jan/2016:13:37:02 +0800] "GET /content/exhibit/exhibit.jsp?oid=16777795 HTTP/1.1" 200 26107
111.242.54.22 - - [04/Jan/2016:13:37:09 +0800] "GET /digiarch_en/content/subject/resource_content.jsp?oid=16777736&queryType=qc HTTP/1.1" 200 40937
66.249.77.85 - - [04/Jan/2016:13:37:18 +0800] "GET /content/tmp_exh/resource_content.jsp?oid=16777849&queryType=qc%201890 HTTP/1.1" 200 32539
66.249.71.72 - - [04/Jan/2016:13:37:38 +0800] "GET /content/subject/resource_content.jsp?oid=16777792&queryType=qs&queryString=%E9%95%B7%E8%B0%B7%E5%B7%9D HTTP/1.1" 200 34499
122.117.124.124 - - [04/Jan/2016:13:37:41 +0800] "GET /content/nav/relationSubject.jsp?relationWords=%E5%A4%A7%E8%91%89%E5%B1%B1+%E5%A4%A7%E8%91%89%E5%B1%B1%E6%AC%96+%E5%B1%B1%E6%AC%96+%E6%8B%BC%E6%9D%BF%E8%88%9F+%E9%81%94%E6%82%9F+%E9%81%94%E6%82%9F%E6%97%8F+&oid=16777270 HTTP/1.1" 200 4822
38.111.147.84 - - [04/Jan/2016:13:37:47 +0800] "GET /content/subject/resource_content.jsp?oid=16777617&queryType=qc HTTP/1.0" 200 60918
66.249.71.60 - - [04/Jan/2016:13:37:58 +0800] "GET /content/repository/resource_content.jsp?oid=4353004&queryString=%E7%B4%85%E8%99%B9%E5%BD%A9%E9%AF%9B%20%E9%9A%86%E9%A0%AD%E9%AD%9A%E7%A7%91 HTTP/1.1" 200 35882
66.249.71.72 - - [04/Jan/2016:13:38:09 +0800] "GET /content/nav/relationSubject.jsp?relationWords=%E5%A4%AA%E5%B8%B8%E5%AF%BA+%E8%B4%8A%E7%A6%AE%E9%83%8E+&oid=2656428 HTTP/1.1" 200 3116
111.242.54.22 - - [04/Jan/2016:13:38:11 +0800] "GET /digiarch_en/content/subject/resource_content.jsp?oid=16777292&queryType=qc HTTP/1.1" 200 22477
66.249.71.72 - - [04/Jan/2016:13:38:11 +0800] "GET /content/nav/relationSubject.jsp?relationWords=%E5%A4%AA%E5%B8%B8%E5%AF%BA%20%E8%B4%8A%E7%A6%AE%E9%83%8E%20&oid=2656428 HTTP/1.1" 200 3116
66.249.71.121 - - [04/Jan/2016:13:38:14 +0800] "GET /content/nav/relationSubject.jsp?relationWords=%E5%AE%98%E9%8A%80+%E9%8A%80%E5%85%A9+&oid=2672898 HTTP/1.1" 200 5400
66.249.71.105 - - [04/Jan/2016:13:38:15 +0800] "GET /content/nav/relationSubject.jsp?relationWords=%E5%AE%98%E9%8A%80%20%E9%8A%80%E5%85%A9%20&oid=2672898 HTTP/1.1" 200 5400
66.249.74.61 - - [04/Jan/2016:13:38:19 +0800] "GET /content/repository/resource_content.jsp?oid=2655113&queryType=qs&queryString=%E5%86%92%E5%90%8D%E9%A0%82%E6%9B%BF HTTP/1.1" 200 30057
111.242.54.22 - - [04/Jan/2016:13:38:19 +0800] "GET /digiarch_en/content/subject/resource_content.jsp?oid=16777764&queryType=qc HTTP/1.1" 200 36856
66.249.77.91 - - [04/Jan/2016:13:40:06 +0800] "GET /content/subject/resource_content.jsp?oid=16777484&queryType=qs&queryString=%E5%A4%A9%E5%90%9B%E9%BC%8E HTTP/1.1" 200 72112
60.251.42.89 - - [04/Jan/2016:13:40:06 +0800] "GET /content/nav/relationSubject.jsp?relationWords=%E5%8F%A4%E5%9C%B0%E5%9C%96+&oid=16777514 HTTP/1.1" 200 3976
66.249.71.72 - - [04/Jan/2016:13:40:09 +0800] "GET /content/nav/relationSubject.jsp?relationWords=%E5%9C%93%E6%A7%93%E9%A0%AD+%E5%A4%94%E9%BE%8D%E7%B4%8B+%E8%BB%8A%E9%A6%AC%E5%99%A8+&oid=1844866 HTTP/1.1" 200 3148
66.249.71.60 - - [04/Jan/2016:13:40:10 +0800] "GET /content/nav/relationSubject.jsp?relationWords=%E5%9C%93%E6%A7%93%E9%A0%AD%20%E5%A4%94%E9%BE%8D%E7%B4%8B%20%E8%BB%8A%E9%A6%AC%E5%99%A8%20&oid=1844866 HTTP/1.1" 200 3148
111.242.54.22 - - [04/Jan/2016:13:40:12 +0800] "GET /digiarch_en/content/subject/resource_content.jsp?oid=16777741&queryType=qc HTTP/1.1" 200 54372
66.249.77.97 - - [04/Jan/2016:13:40:12 +0800] "GET /content/repository/resource_content.jsp?oid=702437&queryType=qs&queryString=%E9%AB%98%E7%A9%8D%E5%96%84 HTTP/1.1" 200 29251
66.249.71.50 - - [04/Jan/2016:13:40:28 +0800] "GET /content/repository/resource_content.jsp?oid=1552788&queryString=%E5%AE%89%E5%85%A8%E5%B8%BD%20%E8%B3%AA%E8%A9%A2 HTTP/1.1" 200 29638
140.116.24.150 - - [04/Jan/2016:13:40:35 +0800] "GET /digiarch2/content/repository/resource_content.jsp?queryString=%E7%94%9F%E7%89%A9&oid=1123880&queryType=qc HTTP/1.1" 200 12926
114.47.43.199 - - [04/Jan/2016:13:40:36 +0800] "GET /content/repository/resource_content.jsp?oid=1567872 HTTP/1.1" 200 28634
114.47.43.199 - - [04/Jan/2016:13:40:38 +0800] "GET /content/nav/relationSubject.jsp?relationWords=%E4%BA%8C%E4%BA%8C%E5%BA%9C+%E4%BA%8C%E5%BA%9C%E6%95%99+&oid=1567872 HTTP/1.1" 200 4107
111.242.54.22 - - [04/Jan/2016:13:40:39 +0800] "GET /content/subject/resource_content.jsp?oid=16777387&queryType=qc HTTP/1.1" 200 34454
66.249.71.72 - - [04/Jan/2016:13:40:40 +0800] "GET /content/repository/resource_content.jsp?oid=1834188 HTTP/1.1" 200 28894
66.249.71.60 - - [04/Jan/2016:13:41:21 +0800] "GET /content/repository/resource_content.jsp?oid=1897472 HTTP/1.1" 200 29518
203.68.205.181 - - [04/Jan/2016:13:41:25 +0800] "GET /content/subject/resource_content.jsp?oid=16797293&queryType=qc HTTP/1.1" 200 46243
203.68.205.181 - - [04/Jan/2016:13:41:26 +0800] "GET /content/nav/relationSubject.jsp?relationWords=%E5%B0%8F%E5%90%83+&oid=16797293 HTTP/1.1" 200 3156
66.249.71.60 - - [04/Jan/2016:13:41:34 +0800] "GET /content/nav/relationSubject.jsp?relationWords=%E6%A4%8D%E7%89%A9%E7%95%8C+%E7%A6%BE%E6%9C%AC%E7%A7%91+%E8%8E%8E%E8%8D%89+%E8%92%BA%E8%97%9C+%E8%92%BA%E8%97%9C%E8%8D%89+&oid=2145107 HTTP/1.1" 200 3307
66.249.71.60 - - [04/Jan/2016:13:41:37 +0800] "GET /content/nav/relationSubject.jsp?relationWords=%E6%A4%8D%E7%89%A9%E7%95%8C%20%E7%A6%BE%E6%9C%AC%E7%A7%91%20%E8%8E%8E%E8%8D%89%20%E8%92%BA%E8%97%9C%20%E8%92%BA%E8%97%9C%E8%8D%89%20&oid=2145107 HTTP/1.1" 200 3307
111.242.54.22 - - [04/Jan/2016:13:41:54 +0800] "GET /digiarch_en/content/tmp_auth/resource_content.jsp?oid=16777759 HTTP/1.1" 200 23378
111.242.54.22 - - [04/Jan/2016:13:43:05 +0800] "GET /digiarch_en/content/subject/resource_content.jsp?oid=16777471&queryType=qc HTTP/1.1" 200 24565
66.249.71.60 - - [04/Jan/2016:13:43:06 +0800] "GET /digiarch_en/content/repository/resource_content.jsp?oid=21483&queryString=%E4%BD%95%E6%B0%8F%E6%A3%98%20%E9%AF%89%E7%A7%91 HTTP/1.1" 200 23407
66.249.71.60 - - [04/Jan/2016:13:43:08 +0800] "GET /content/subject/resource_content.jsp?oid=16777738&queryType=qs&queryString=%E9%83%BD%E5%B8%82%E5%8E%9F%E4%BD%8F%E6%B0%91 HTTP/1.1" 200 50779
66.249.77.91 - - [04/Jan/2016:13:43:20 +0800] "GET /content/nav/relationSubject.jsp?relationWords=%E4%BA%BA%E5%90%8D%E6%AC%8A%E5%A8%81%20%E6%9D%B1%E7%9D%A3%20%E7%80%BE%E5%8B%B3%20%E7%9D%A3%E8%BB%8D%E7%BD%B2%20&oid=653109 HTTP/1.1" 200 3276
66.249.71.60 - - [04/Jan/2016:13:43:32 +0800] "GET /content/nav/relationSubject.jsp?relationWords=%E6%9E%97%E7%8D%BB%E5%A0%82+%E6%A5%8A%E8%82%87%E5%98%89+%E6%B2%88%E8%91%86%E7%A6%8E+%E8%A8%B1%E5%BF%97+%E8%B0%B7%E5%B7%9D+%E9%95%B7%E8%B0%B7%E5%B7%9D+%E9%95%B7%E8%B0%B7%E5%B7%9D%E6%B8%85+&oid=16777792 HTTP/1.1" 200 4440
68.180.228.24 - - [04/Jan/2016:13:43:33 +0800] "GET /digiarch_en/content/subject/resource_content.jsp?oid=16777513&queryType=qc HTTP/1.1" 200 22885
66.249.71.60 - - [04/Jan/2016:13:43:33 +0800] "GET /content/nav/relationSubject.jsp?relationWords=%E6%9E%97%E7%8D%BB%E5%A0%82%20%E6%A5%8A%E8%82%87%E5%98%89%20%E6%B2%88%E8%91%86%E7%A6%8E%20%E8%A8%B1%E5%BF%97%20%E8%B0%B7%E5%B7%9D%20%E9%95%B7%E8%B0%B7%E5%B7%9D%20%E9%95%B7%E8%B0%B7%E5%B7%9D%E6%B8%85%20&oid=16777792 HTTP/1.1" 200 4440
111.242.54.22 - - [04/Jan/2016:13:44:01 +0800] "GET /content/subject/resource_content.jsp?oid=16797292&queryType=qc HTTP/1.1" 200 57226
66.249.71.72 - - [04/Jan/2016:13:44:01 +0800] "GET /content/repository/resource_content.jsp?oid=1459709 HTTP/1.1" 200 31034
111.242.54.22 - - [04/Jan/2016:13:44:08 +0800] "GET /digiarch_en/content/subject/resource_content.jsp?oid=16777780&queryType=qc HTTP/1.1" 200 28377
111.242.54.22 - - [04/Jan/2016:13:44:36 +0800] "GET /content/subject/resource_content.jsp?oid=16777591&queryType=qc HTTP/1.1" 200 40769
111.242.54.22 - - [04/Jan/2016:13:45:00 +0800] "GET /digiarch_en/content/subject/resource_content.jsp?oid=16777746&queryType=qc HTTP/1.1" 200 35628
111.242.54.22 - - [04/Jan/2016:13:45:16 +0800] "GET /digiarch_en/content/subject/resource_content.jsp?oid=16777693&queryType=qc HTTP/1.1" 200 32351
111.242.54.22 - - [04/Jan/2016:13:45:36 +0800] "GET /content/pictures/picture_content.jsp?oid=33554738 HTTP/1.1" 200 27700
210.6.119.168 - - [04/Jan/2016:13:45:36 +0800] "GET /content/nav/relationSubject.jsp?relationWords=%E8%8B%A6%E8%8B%93+&oid=16777317 HTTP/1.1" 200 3183
111.242.54.22 - - [04/Jan/2016:13:45:37 +0800] "GET /digiarch_en/content/tmp_auth/resource_content.jsp?oid=16777810 HTTP/1.1" 200 38650
111.242.54.22 - - [04/Jan/2016:13:45:39 +0800] "GET /digiarch_en/content/subject/resource_content.jsp?oid=16777512&queryType=qc HTTP/1.1" 200 27754
111.242.54.22 - - [04/Jan/2016:13:45:59 +0800] "GET /content/subject/resource_content.jsp?oid=16777761&amp;queryType=qc HTTP/1.1" 200 32733
66.249.77.91 - - [04/Jan/2016:13:46:07 +0800] "GET /content/repository/resource_content.jsp?oid=4551001&queryString=%E6%9F%84%E7%9C%BC%E7%9B%AE%20%E8%85%B9%E8%B6%B3%E7%B6%B1%20%E8%8D%89%E5%8C%85%E8%9D%B8%E7%89%9B%20%E8%BB%9F%E9%AB%94%E5%8B%95%E7%89%A9%E9%96%80 HTTP/1.1" 200 30511
66.249.71.5 - - [04/Jan/2016:13:46:08 +0800] "GET /digiarch3/content/repository/resource_content.jsp?oid=4353970&queryType=qs&queryString=%E6%AF%92%E7%B4%A0 HTTP/1.1" 200 35581
66.249.71.72 - - [04/Jan/2016:13:46:31 +0800] "GET /content/repository/resource_content.jsp?oid=2470762 HTTP/1.1" 200 29824
111.242.54.22 - - [04/Jan/2016:13:46:43 +0800] "GET /digiarch_en/content/subject/resource_content.jsp?oid=16777840&queryType=qc HTTP/1.1" 200 36260
111.242.54.22 - - [04/Jan/2016:13:47:22 +0800] "GET /digiarch_en/content/subject/resource_content.jsp?oid=16777839&queryType=qc> HTTP/1.1" 200 21614
111.242.54.22 - - [04/Jan/2016:13:47:41 +0800] "GET /digiarch_en/content/subject/resource_content.jsp?oid=16777599&queryType=qc HTTP/1.1" 200 33435
211.75.3.222 - - [04/Jan/2016:13:47:52 +0800] "GET /content/subject/resource_content.jsp?oid=16777805&queryString= HTTP/1.1" 200 35092
211.75.3.222 - - [04/Jan/2016:13:47:54 +0800] "GET /content/subject/resource_content.jsp?oid=16777736&queryString= HTTP/1.1" 200 43184
211.75.3.222 - - [04/Jan/2016:13:47:54 +0800] "GET /content/nav/relationSubject.jsp?relationWords=%E7%B4%AB%E8%97%A4+%E8%83%A1%E9%81%A9+&oid=16777805 HTTP/1.1" 200 5276
211.75.3.222 - - [04/Jan/2016:13:47:55 +0800] "GET /content/nav/relationSubject.jsp?relationWords=%E5%8D%97%E6%B9%96%E5%A4%A7%E5%B1%B1+%E5%8D%97%E6%B9%96%E6%9D%9C%E9%B5%91+%E6%9D%9C%E9%B5%91+%E7%8E%89%E5%B1%B1%E6%9D%9C%E9%B5%91+%E7%B4%B0%E8%91%89+%E7%B4%B0%E8%91%89%E6%9D%9C%E9%B5%91+%E8%A5%BF%E6%96%BD+%E8%A5%BF%E6%96%BD%E8%8A%B1+&oid=16777736 HTTP/1.1" 200 5393
211.75.3.222 - - [04/Jan/2016:13:47:58 +0800] "GET /content/subject/resource_content.jsp?oid=16777599&queryString= HTTP/1.1" 200 36977
211.75.3.222 - - [04/Jan/2016:13:47:59 +0800] "GET /content/nav/relationSubject.jsp?relationWords=%E5%8D%83%E5%B9%B4%E6%A1%90+%E6%A1%90%E8%8A%B1+%E6%B2%B9%E6%A1%90+&oid=16777599 HTTP/1.1" 200 3738
66.249.71.113 - - [04/Jan/2016:13:48:18 +0800] "GET /content/nav/relationSubject.jsp?relationWords=%E6%B5%B7%E9%B0%BB+%E6%B5%B7%E9%B0%BB%E7%A7%91+%E8%99%8E%E9%B0%BB+%E9%B0%BB%E7%A7%91+&oid=4351731 HTTP/1.1" 200 3461
66.249.71.105 - - [04/Jan/2016:13:48:20 +0800] "GET /content/nav/relationSubject.jsp?relationWords=%E6%B5%B7%E9%B0%BB%20%E6%B5%B7%E9%B0%BB%E7%A7%91%20%E8%99%8E%E9%B0%BB%20%E9%B0%BB%E7%A7%91%20&oid=4351731 HTTP/1.1" 200 3461
66.249.74.74 - - [04/Jan/2016:13:48:26 +0800] "GET /digiarch3/content/subject/resource_content.jsp?oid=16777782&queryType=qc%3E HTTP/1.1" 200 49029
66.249.71.121 - - [04/Jan/2016:13:48:35 +0800] "GET /content/repository/resource_content.jsp?oid=1521937&queryType=qs&queryString=%E6%96%B0%E7%A4%BE%E9%84%89 HTTP/1.1" 200 29306
68.180.228.24 - - [04/Jan/2016:13:48:37 +0800] "GET /digiarch_en/content/subject/resource_content.jsp?oid=16777780&queryType=qc HTTP/1.1" 200 28377
66.249.71.113 - - [04/Jan/2016:13:49:07 +0800] "GET /content/repository/resource_content.jsp?oid=14669&queryType=qs&queryString=%E9%B6%B4%E9%B1%B5 HTTP/1.1" 200 35739
66.249.77.91 - - [04/Jan/2016:13:49:11 +0800] "GET /content/subject/resource_content.jsp?oid=16777820&queryType=qc HTTP/1.1" 200 36952
66.249.71.5 - - [04/Jan/2016:13:49:20 +0800] "GET /digiarch3/content/nav/relationSubject.jsp?relationWords=%E5%9B%9B%E9%BD%92%E9%AD%A8+%E5%B0%96%E5%98%B4%E8%A6%8F+%E6%B2%B3%E9%AD%A8+%E7%AC%A8%E6%B0%8F%E5%B0%96%E9%BC%BB%E9%AD%A8+%E8%A6%8F%E4%BB%94+%E9%AD%A8%E7%A7%91+&oid=4353970 HTTP/1.1" 200 3616
66.249.71.5 - - [04/Jan/2016:13:49:23 +0800] "GET /digiarch3/content/nav/relationSubject.jsp?relationWords=%E5%9B%9B%E9%BD%92%E9%AD%A8%20%E5%B0%96%E5%98%B4%E8%A6%8F%20%E6%B2%B3%E9%AD%A8%20%E7%AC%A8%E6%B0%8F%E5%B0%96%E9%BC%BB%E9%AD%A8%20%E8%A6%8F%E4%BB%94%20%E9%AD%A8%E7%A7%91%20&oid=4353970 HTTP/1.1" 200 3616
66.249.71.72 - - [04/Jan/2016:13:49:28 +0800] "GET /content/repository/resource_content.jsp?oid=3823670&queryString=%E5%90%B3%E8%8C%B1%E8%90%B8%E5%B1%AC%20%E5%B1%B1%E5%88%88%E8%91%89%20%E6%A4%8D%E7%89%A9%E7%95%8C%20%E8%8A%B8%E9%A6%99%20%E8%8A%B8%E9%A6%99%E7%A7%91 HTTP/1.1" 200 31307
66.249.71.60 - - [04/Jan/2016:13:49:47 +0800] "GET /content/subject/resource_content.jsp?oid=16777620 HTTP/1.1" 200 54819
66.249.71.60 - - [04/Jan/2016:13:50:08 +0800] "GET /content/repository/resource_content.jsp?oid=1607686 HTTP/1.1" 200 28869
66.249.77.85 - - [04/Jan/2016:13:51:55 +0800] "GET /content/nav/relationSubject.jsp?relationWords=&oid=16777820 HTTP/1.1" 200 1405
111.242.54.22 - - [04/Jan/2016:13:51:58 +0800] "GET /digiarch_en/content/subject/resource_content.jsp?oid=16777838&queryType=qc HTTP/1.1" 200 54550
114.40.37.149 - - [04/Jan/2016:13:51:58 +0800] "GET /digiarch2/content/repository/resource_content.jsp?queryString=%E6%AA%94%E6%A1%88&oid=1531192&queryType=qc HTTP/1.1" 200 9286
111.242.54.22 - - [04/Jan/2016:13:52:31 +0800] "GET /digiarch_en/content/subject/resource_content.jsp?oid=16777838&queryType=qc> HTTP/1.1" 200 54550
66.249.71.105 - - [04/Jan/2016:13:52:48 +0800] "GET /content/repository/resource_content.jsp?oid=2542582&queryType=qs&queryString=%E8%88%88%E5%8C%96%E5%9F%8E HTTP/1.1" 200 30347
111.242.54.22 - - [04/Jan/2016:13:53:12 +0800] "GET /digiarch_en/content/subject/resource_content.jsp?oid=16777293&queryType=qc HTTP/1.1" 200 27380
111.242.54.22 - - [04/Jan/2016:13:53:16 +0800] "GET /digiarch_en/content/subject/resource_content.jsp?oid=16777839&queryType=qc HTTP/1.1" 200 21614
111.242.54.22 - - [04/Jan/2016:13:53:27 +0800] "GET /digiarch_en/content/tmp_exh/resource_content.jsp?oid=16777852&queryType=qc HTTP/1.1" 200 61806
111.242.54.22 - - [04/Jan/2016:13:53:30 +0800] "GET /digiarch_en/content/tmp_tec/resource_content.jsp?oid=16777837 HTTP/1.1" 200 30108
66.249.71.60 - - [04/Jan/2016:13:53:36 +0800] "GET /content/repository/resource_content.jsp?oid=1104986 HTTP/1.1" 200 31338
111.242.54.22 - - [04/Jan/2016:13:53:36 +0800] "GET /digiarch_en/content/subject/resource_content.jsp?oid=16777332&queryType=qc HTTP/1.1" 200 29066
111.242.54.22 - - [04/Jan/2016:13:53:50 +0800] "GET /digiarch_en/content/subject/resource_content.jsp?oid=16777470&queryType=qc HTTP/1.1" 200 23828
111.242.54.22 - - [04/Jan/2016:13:54:10 +0800] "GET /digiarch_en/content/subject/resource_content.jsp?oid=16777742&queryType=qc HTTP/1.1" 200 34479
66.249.74.100 - - [04/Jan/2016:13:54:24 +0800] "GET /content/repository/resource_content.jsp?oid=14097&queryString=%E7%99%BD%E7%9C%BC%E9%AE%AB%20%E7%99%BD%E7%9C%BC%E9%AE%AB%E7%A7%91%20%E7%9C%9F%E9%AF%8A HTTP/1.1" 200 35775
66.249.71.60 - - [04/Jan/2016:13:54:41 +0800] "GET /content/nav/relationSubject.jsp?relationWords=%E5%AE%89%E5%A5%89+%E9%80%A0%E5%83%8F%E8%A8%98+&oid=1834188 HTTP/1.1" 200 3163
66.249.71.60 - - [04/Jan/2016:13:54:43 +0800] "GET /content/nav/relationSubject.jsp?relationWords=%E5%AE%89%E5%A5%89%20%E9%80%A0%E5%83%8F%E8%A8%98%20&oid=1834188 HTTP/1.1" 200 3163
66.249.71.105 - - [04/Jan/2016:13:55:11 +0800] "GET /content/repository/resource_content.jsp?oid=583380&queryType=qs&queryString=%E5%8E%9F%E7%94%B0 HTTP/1.1" 200 28499
66.249.71.105 - - [04/Jan/2016:13:55:17 +0800] "GET /content/repository/resource_content.jsp?oid=1901195&queryType=qs&queryString=%E7%A8%85%E5%88%B6 HTTP/1.1" 200 30124
66.249.71.72 - - [04/Jan/2016:13:55:22 +0800] "GET /content/subject/resource_content.jsp?oid=16777264&queryString=%E4%B8%AD%E5%9C%8B%E5%A4%A7%E9%99%B8%E5%9C%B0%E5%9C%96%20%E6%A1%83%E7%AC%A6 HTTP/1.1" 200 38215
36.239.62.34 - - [04/Jan/2016:13:55:35 +0800] "GET /content/repository/resource_content.jsp?oid=4362815&querytype=qs&querystring=%c3%a5%c2%9f%c2%8e%c3%a9%c2%9a%c2%8d%c3%a7%c2%88%c2%ba HTTP/1.1" 200 28963
36.239.62.34 - - [04/Jan/2016:13:55:35 +0800] "GET /content/nav/relationSubject.jsp?relationWords=%E6%9C%A8%E9%9B%95+%E8%99%8E%E7%88%BA+&oid=4362815 HTTP/1.1" 200 3004
66.249.71.60 - - [04/Jan/2016:13:55:40 +0800] "GET /content/repository/resource_content.jsp?oid=1776162 HTTP/1.1" 200 29384
66.249.71.113 - - [04/Jan/2016:13:55:57 +0800] "GET /content/nav/relationSubject.jsp?relationWords=%E4%BF%9D%E5%AE%89%E6%9E%97%20%E5%AE%89%E6%9E%97%20%E6%89%80%E6%9C%89%E6%AC%8A%20%E6%89%80%E6%9C%89%E6%AC%8A%E4%BA%BA%20%E6%96%B0%E7%A4%BE%E9%84%89%20%E7%9C%81%E8%AD%B0%E6%9C%83%20%E7%B6%AD%E6%B0%91%20%E8%87%A8%E6%99%82%E7%9C%81%E8%AD%B0%E6%9C%83%20%E8%87%BA%E4%B8%AD%E7%B8%A3%20%E8%87%BA%E7%81%A3%E7%9C%81%20%E9%99%B3%E6%85%B6%20&oid=1521937 HTTP/1.1" 200 5807
111.242.54.22 - - [04/Jan/2016:13:56:52 +0800] "GET /digiarch_en/content/subject/resource_content.jsp?oid=16777501&queryType=qc HTTP/1.1" 200 40438
66.249.71.60 - - [04/Jan/2016:13:56:56 +0800] "GET /content/repository/resource_content.jsp?oid=1631666 HTTP/1.1" 200 28971
38.111.147.84 - - [04/Jan/2016:13:57:07 +0800] "GET /digiarch3/content/pictures/picture_content.jsp?oid=33554808 HTTP/1.0" 200 27523
180.76.15.33 - - [04/Jan/2016:13:57:53 +0800] "GET /content/repository/resource_content.jsp?oid=2674685 HTTP/1.1" 200 30092
66.249.71.113 - - [04/Jan/2016:13:58:27 +0800] "GET /content/repository/resource_content.jsp?oid=2562391&queryType=qs&queryString=%E8%AB%B8%E7%BE%85 HTTP/1.1" 200 30239
111.242.54.22 - - [04/Jan/2016:13:59:23 +0800] "GET /digiarch_en/content/subject/resource_content.jsp?oid=16777730&queryType=qc HTTP/1.1" 200 43264
123.125.71.32 - - [04/Jan/2016:13:59:32 +0800] "GET /content/repository/resource_content.jsp?oid HTTP/1.1" 500 15712
211.75.3.222 - - [04/Jan/2016:13:59:34 +0800] "GET /content/nav/relationSubject.jsp?relationWords=%E5%8F%B0%E7%81%A3%E6%AC%92%E6%A8%B9+%E6%AC%92%E6%A8%B9+%E8%8B%A6%E8%8B%93+%E8%8B%A6%E8%8B%93%E8%88%85+&oid=16777254 HTTP/1.1" 200 4383
66.249.71.60 - - [04/Jan/2016:13:59:54 +0800] "GET /content/subject/resource_content.jsp?oid=16777783&queryType=qs&queryString=%E9%9C%A7%E5%B3%B0%E6%9E%97%E5%AE%B6 HTTP/1.1" 200 58335
111.242.54.22 - - [04/Jan/2016:14:00:53 +0800] "GET /digiarch_en/content/tmp_tec/resource_content.jsp?oid=16777734 HTTP/1.1" 200 31485
66.249.71.64 - - [04/Jan/2016:14:01:07 +0800] "GET /digiarch_en/content/nav/relationSubject.jsp?relationWords=%E7%83%8F%E5%B0%BE%E5%86%AC%E4%BB%94+&oid=15293 HTTP/1.1" 200 3367
66.249.71.60 - - [04/Jan/2016:14:01:09 +0800] "GET /digiarch_en/content/nav/relationSubject.jsp?relationWords=%E7%83%8F%E5%B0%BE%E5%86%AC%E4%BB%94%20&oid=15293 HTTP/1.1" 200 3367
207.46.13.138 - - [04/Jan/2016:14:01:30 +0800] "GET /content/subject/resource_content.jsp?oid=16777486 HTTP/1.1" 200 42115
66.249.71.60 - - [04/Jan/2016:14:01:37 +0800] "GET /content/exhibit/exhibit.jsp?oid=16777643 HTTP/1.1" 200 26107
66.249.71.60 - - [04/Jan/2016:14:01:38 +0800] "GET /content/repository/resource_content.jsp?oid=1610329 HTTP/1.1" 200 30100
140.134.54.155 - - [04/Jan/2016:14:01:38 +0800] "GET /content/nav/relationSubject.jsp?relationWords=&oid=16777459 HTTP/1.1" 200 1405
66.249.71.60 - - [04/Jan/2016:14:01:39 +0800] "GET /content/repository/resource_content.jsp?oid=801509 HTTP/1.1" 200 28027
140.134.54.155 - - [04/Jan/2016:14:01:47 +0800] "GET /content/nav/relationSubject.jsp?relationWords=&oid=16777459 HTTP/1.1" 200 1405
111.242.54.22 - - [04/Jan/2016:14:02:03 +0800] "GET /digiarch_en/content/tmp_auth/resource_content.jsp?oid=16777758 HTTP/1.1" 200 23381
38.111.147.84 - - [04/Jan/2016:14:03:02 +0800] "GET /digiarch3/content/pictures/picture_content.jsp?oid=33554825&queryType=qc HTTP/1.0" 200 27836
66.249.71.64 - - [04/Jan/2016:14:04:37 +0800] "GET /content/tmp_exh/resource_content.jsp?oid=16777814&queryType=qc HTTP/1.1" 200 29413
66.249.71.60 - - [04/Jan/2016:14:04:39 +0800] "GET /content/repository/resource_content.jsp?oid=1779853&queryString=%E5%8D%97%E5%B3%B6%E6%B0%91%E6%97%8F HTTP/1.1" 200 31070
66.249.71.60 - - [04/Jan/2016:14:04:39 +0800] "GET /content/repository/resource_content.jsp?oid=670549 HTTP/1.1" 200 28824
140.134.54.155 - - [04/Jan/2016:14:04:46 +0800] "GET /content/nav/relationSubject.jsp?relationWords=&oid=16777459 HTTP/1.1" 200 1405
66.249.71.60 - - [04/Jan/2016:14:05:09 +0800] "GET /content/repository/resource_content.jsp?oid=1558231&queryString=%E4%BD%B3%E5%86%AC HTTP/1.1" 200 28556
210.71.171.31 - - [04/Jan/2016:14:06:16 +0800] "GET /content/repository/resource_content.jsp?oid=518214&queryString=%E4%BA%9E%E6%88%90%E9%AB%94%20%E5%B0%8F%E5%8D%B7%20%E7%9C%9F%E9%8E%96%E7%AE%A1%20%E9%80%8F%E6%8A%BD%20%E9%8E%96%E7%AE%A1%E5%B1%AC%20%E9%8E%96%E7%AE%A1%E7%A7%91%20%E9%A0%AD%E8%B6%B3%E7%B6%B1 HTTP/1.1" 200 31959
210.71.171.31 - - [04/Jan/2016:14:06:18 +0800] "GET /content/nav/relationSubject.jsp?relationWords=%E5%B0%8F%E5%8D%B7+%E8%B2%9D%E5%8D%A1+%E9%8E%96%E7%AE%A1+%E9%8E%96%E7%AE%A1%E5%B1%AC+%E9%8E%96%E7%AE%A1%E7%A7%91+%E9%A0%AD%E8%B6%B3+%E9%A0%AD%E8%B6%B3%E7%B6%B1+%E9%B9%BD%E6%BC%AC%E5%B0%8F%E5%8D%B7+&oid=518214 HTTP/1.1" 200 3641
112.105.147.218 - - [04/Jan/2016:14:06:21 +0800] "GET /content/subject/resource_content.jsp?oid=16777617&queryType=qc HTTP/1.1" 200 61005
112.105.147.218 - - [04/Jan/2016:14:06:22 +0800] "GET /content/nav/relationSubject.jsp?relationWords=%E7%94%A2%E5%A9%86+%E7%94%A2%E5%A9%A6+&oid=16777617 HTTP/1.1" 200 4361
66.249.71.64 - - [04/Jan/2016:14:06:37 +0800] "GET /content/nav/relationSubject.jsp?relationWords=%E4%B8%AD%E5%A4%AE%E5%B8%82%E5%A0%B4%20%E5%85%92%E7%AB%A5%E7%A6%8F%E5%88%A9%20%E5%90%88%E4%BD%9C%E7%A4%BE%20%E5%9C%8B%E6%B0%91%E4%BD%8F%E5%AE%85%20%E5%AE%B6%E5%BA%AD%E8%A8%88%E7%95%AB%20%E8%87%BA%E5%8C%97%E5%B8%82%20%E8%8F%9C%E8%9F%B2%20%E8%A1%9B%E7%94%9F%E6%89%80%20&oid=1631666 HTTP/1.1" 200 4957
66.249.71.60 - - [04/Jan/2016:14:07:37 +0800] "GET /content/repository/resource_content.jsp?oid=1573319 HTTP/1.1" 200 28466
66.249.71.164 - - [04/Jan/2016:14:07:38 +0800] "GET /content/subject/resource_content.jsp?oid=16777476&queryString=%E5%A4%9A%E6%A8%A3%E6%80%A7 HTTP/1.1" 200 54197
66.249.71.60 - - [04/Jan/2016:14:07:39 +0800] "GET /content/repository/resource_content.jsp?oid=2516920 HTTP/1.1" 200 29499
111.242.54.22 - - [04/Jan/2016:14:09:02 +0800] "GET /digiarch_en/content/subject/resource_content.jsp?oid=16777463&queryType=qc HTTP/1.1" 200 22833
66.249.74.102 - - [04/Jan/2016:14:09:02 +0800] "GET /content/nav/relationSubject.jsp?relationWords=%E4%B8%AD%E5%A4%AE%E5%B8%82%E5%A0%B4+%E5%85%92%E7%AB%A5%E7%A6%8F%E5%88%A9+%E5%90%88%E4%BD%9C%E7%A4%BE+%E5%9C%8B%E6%B0%91%E4%BD%8F%E5%AE%85+%E5%AE%B6%E5%BA%AD%E8%A8%88%E7%95%AB+%E8%87%BA%E5%8C%97%E5%B8%82+%E8%8F%9C%E8%9F%B2+%E8%A1%9B%E7%94%9F%E6%89%80+&oid=1631666 HTTP/1.1" 200 4957
106.38.241.143 - - [04/Jan/2016:14:09:52 +0800] "GET /content/subject/resource_content.jsp?oid=16777290&queryType=qc HTTP/1.1" 200 25516
106.38.241.143 - - [04/Jan/2016:14:10:15 +0800] "GET /content/subject/resource_content.jsp?oid=16777455&queryType=qc HTTP/1.1" 200 33631
66.249.71.121 - - [04/Jan/2016:14:10:38 +0800] "GET /content/repository/resource_content.jsp?oid=2470450&queryType=qs&queryString=%E8%A5%BF%E9%81%8A%E8%A8%98 HTTP/1.1" 200 30515
66.249.71.72 - - [04/Jan/2016:14:10:39 +0800] "GET /digiarch_en/content/repository/resource_content.jsp?oid=2689604&queryString=%E5%91%88%E6%8E%A7%20%E5%AD%80%E5%A9%A6 HTTP/1.1" 200 24189
66.249.71.64 - - [04/Jan/2016:14:10:39 +0800] "GET /content/exhibit/exhibit.jsp?oid=16777821 HTTP/1.1" 200 26107
106.38.241.143 - - [04/Jan/2016:14:10:41 +0800] "GET /content/subject/resource_content.jsp?oid=16777552&queryType=qc HTTP/1.1" 200 28640
66.249.74.98 - - [04/Jan/2016:14:11:07 +0800] "GET /content/repository/resource_content.jsp?oid=2147627&queryString=%E8%80%81%E8%8D%8A%E8%97%A4%E5%B1%AC HTTP/1.1" 200 30694
114.26.160.227 - - [04/Jan/2016:14:12:40 +0800] "GET /content/nav/relationSubject.jsp?relationWords=%E6%9E%97%E7%8D%BB%E5%A0%82+%E6%A5%8A%E6%B0%B4%E5%BF%83+&oid=16777630 HTTP/1.1" 200 3772
114.26.160.227 - - [04/Jan/2016:14:13:15 +0800] "GET /content/subject/resource_content.jsp?oid=16777640&queryString=%E6%9E%97%E7%8D%BB%E5%A0%82 HTTP/1.1" 200 61917
114.26.160.227 - - [04/Jan/2016:14:13:15 +0800] "GET /content/nav/relationSubject.jsp?relationWords=%E6%9E%97%E7%8D%BB%E5%A0%82+%E7%81%8C%E5%9C%92+%E7%81%8C%E5%9C%92%E5%85%88%E7%94%9F+&oid=16777640 HTTP/1.1" 200 4135
66.249.77.97 - - [04/Jan/2016:14:13:17 +0800] "GET /content/nav/relationSubject.jsp?relationWords=%E6%9F%84%E7%9C%BC%E7%9B%AE+%E8%85%B9%E8%B6%B3%E7%B6%B1+%E8%8D%89%E5%8C%85%E8%9D%B8%E7%89%9B+%E8%BB%9F%E9%AB%94%E5%8B%95%E7%89%A9%E9%96%80+&oid=4551001 HTTP/1.1" 200 3317
66.249.77.85 - - [04/Jan/2016:14:13:19 +0800] "GET /content/nav/relationSubject.jsp?relationWords=%E6%9F%84%E7%9C%BC%E7%9B%AE%20%E8%85%B9%E8%B6%B3%E7%B6%B1%20%E8%8D%89%E5%8C%85%E8%9D%B8%E7%89%9B%20%E8%BB%9F%E9%AB%94%E5%8B%95%E7%89%A9%E9%96%80%20&oid=4551001 HTTP/1.1" 200 3317
66.249.71.64 - - [04/Jan/2016:14:13:37 +0800] "GET /content/repository/resource_content.jsp?oid=1110853 HTTP/1.1" 200 31634
66.249.71.72 - - [04/Jan/2016:14:13:38 +0800] "GET /content/repository/resource_content.jsp?oid=2146306 HTTP/1.1" 200 30874
66.249.74.98 - - [04/Jan/2016:14:13:38 +0800] "GET /content/exhibit/exhibit.jsp?oid=16777847 HTTP/1.1" 200 26107
60.250.218.61 - - [04/Jan/2016:14:13:57 +0800] "GET /content/repository/resource_content.jsp?oid=1110241 HTTP/1.1" 200 31393
60.250.218.61 - - [04/Jan/2016:14:13:58 +0800] "GET /content/nav/relationSubject.jsp?relationWords=%E5%8F%B0%E7%81%A3%E8%83%A1%E9%A0%B9%E5%AD%90+%E6%A4%8D%E7%89%A9%E7%95%8C+%E8%83%A1%E9%A0%B9%E5%AD%90+%E8%83%A1%E9%A0%B9%E5%AD%90%E5%B1%AC+%E9%BC%A0%E6%9D%8E+&oid=1110241 HTTP/1.1" 200 3401
66.249.71.113 - - [04/Jan/2016:14:14:03 +0800] "GET /content/nav/relationSubject.jsp?relationWords=%E5%88%91%E9%83%A8+%E7%B8%A3%E4%BB%A4+%E8%A9%A9%E8%81%96+&oid=3397521 HTTP/1.1" 200 3165
106.104.86.153 - - [04/Jan/2016:14:14:42 +0800] "GET /content/nav/relationSubject.jsp?relationWords=%E8%96%9C%E8%8D%94+&oid=16777485 HTTP/1.1" 200 3561
1.160.54.129 - - [04/Jan/2016:14:16:40 +0800] "GET /content/nav/relationSubject.jsp?relationWords=%E7%A9%97%E8%8A%B1%E5%B1%B1%E5%A5%88+%E9%87%8E%E8%96%91%E8%8A%B1+&oid=16777263 HTTP/1.1" 200 3284
66.249.71.121 - - [04/Jan/2016:14:16:47 +0800] "GET /content/repository/resource_content.jsp?oid=1774732&queryType=qs&queryString=%E7%A5%AD%E5%A3%BA HTTP/1.1" 200 29680
66.249.71.64 - - [04/Jan/2016:14:17:19 +0800] "GET /content/repository/resource_content.jsp?oid=1815434 HTTP/1.1" 200 28800
66.249.71.121 - - [04/Jan/2016:14:17:42 +0800] "GET /content/nav/relationSubject.jsp?relationWords=%E4%B8%81%E7%A2%A9+%E4%B8%81%E7%A2%A9%E5%8D%BF+%E5%BD%B0%E5%8C%96%E8%A1%97+%E6%9D%9C%E9%A6%99+%E6%9D%9C%E9%A6%99%E5%9C%8B+&oid=1887980 HTTP/1.1" 200 3277
66.249.71.105 - - [04/Jan/2016:14:17:44 +0800] "GET /content/nav/relationSubject.jsp?relationWords=%E4%B8%81%E7%A2%A9%20%E4%B8%81%E7%A2%A9%E5%8D%BF%20%E5%BD%B0%E5%8C%96%E8%A1%97%20%E6%9D%9C%E9%A6%99%20%E6%9D%9C%E9%A6%99%E5%9C%8B%20&oid=1887980 HTTP/1.1" 200 3277
223.141.174.14 - - [04/Jan/2016:14:17:48 +0800] "GET /content/nav/relationSubject.jsp?relationWords=%E6%9C%A8%E7%8A%80+%E6%A1%82%E8%8A%B1+&oid=16777255 HTTP/1.1" 200 4029
218.161.47.82 - - [04/Jan/2016:14:18:06 +0800] "GET /content/nav/relationSubject.jsp?relationWords=%E5%B1%B1%E6%AB%BB%E8%8A%B1+&oid=16777304 HTTP/1.1" 200 4452
140.109.184.206 - - [04/Jan/2016:14:19:16 +0800] "GET /content/subject/resource_content.jsp?oid=16777369 HTTP/1.1" 200 27050
140.109.184.206 - - [04/Jan/2016:14:19:16 +0800] "GET /content/nav/relationSubject.jsp?relationWords=%E7%9F%A5%E8%AD%98%E5%BA%AB+&oid=16777369 HTTP/1.1" 200 1881
66.249.71.64 - - [04/Jan/2016:14:19:26 +0800] "GET /content/nav/relationSubject.jsp?relationWords=&oid=1781568 HTTP/1.1" 200 1405
112.104.153.129 - - [04/Jan/2016:14:19:40 +0800] "GET /content/nav/relationSubject.jsp?relationWords=%E7%B4%85%E6%A5%A0+%E8%B1%AC%E8%85%B3%E6%A5%A0+&oid=16777302 HTTP/1.1" 200 3693
66.249.74.61 - - [04/Jan/2016:14:19:58 +0800] "GET /content/repository/resource_content.jsp?oid=2675080&queryType=qs&queryString=%E5%BB%82%E7%B4%85%E6%97%97 HTTP/1.1" 200 30923
66.249.71.60 - - [04/Jan/2016:14:20:00 +0800] "GET /content/repository/resource_content.jsp?oid=1115676 HTTP/1.1" 200 30812
111.242.54.22 - - [04/Jan/2016:14:20:22 +0800] "GET /digiarch_en/content/subject/resource_content.jsp?oid=16777842&queryType=qc HTTP/1.1" 200 30657
66.249.71.60 - - [04/Jan/2016:14:20:38 +0800] "GET /digiarch_en/content/repository/resource_content.jsp?oid=4352116&queryString=GBIF%20%E5%8F%B0%E7%81%A3%E9%AD%9A%E9%A1%9E%20%E6%B5%B7%E9%AE%AE%20%E7%94%9F%E7%89%A9%E5%A4%9A%E6%A8%A3%E6%80%A7%20%E8%99%B1%E7%9B%AE%E9%AD%9A HTTP/1.1" 200 28093
66.249.79.30 - - [04/Jan/2016:14:21:16 +0800] "GET /content/nav/relationSubject.jsp?relationWords=%E6%A5%8A%E8%82%87%E5%98%89%20&oid=16777782 HTTP/1.1" 200 2610
140.134.54.164 - - [04/Jan/2016:14:21:25 +0800] "GET /content/nav/relationSubject.jsp?relationWords=&oid=16777459 HTTP/1.1" 200 1405
66.249.71.60 - - [04/Jan/2016:14:21:36 +0800] "GET /content/repository/resource_content.jsp?oid=2530176&queryString=%E9%83%BD%E5%AF%9F%E9%99%A2 HTTP/1.1" 200 30563
140.134.54.164 - - [04/Jan/2016:14:21:59 +0800] "GET /content/nav/relationSubject.jsp?relationWords=&oid=16777459 HTTP/1.1" 200 1405
111.242.54.22 - - [04/Jan/2016:14:22:20 +0800] "GET /digiarch_en/content/subject/resource_content.jsp?oid=16777753&queryType=qc HTTP/1.1" 200 31349
66.249.77.85 - - [04/Jan/2016:14:23:07 +0800] "GET /content/subject/resource_content.jsp?oid=16777270&queryString=%E5%A4%A7%E8%91%89%E5%B1%B1%E6%AC%96 HTTP/1.1" 200 34466
66.249.71.155 - - [04/Jan/2016:14:23:07 +0800] "GET /content/subject/resource_content.jsp?oid=16777427&queryType=qc HTTP/1.1" 200 33418
218.161.47.82 - - [04/Jan/2016:14:23:15 +0800] "GET /content/subject/resource_content.jsp?oid=16777329&queryString=?????? HTTP/1.1" 200 27868
218.161.47.82 - - [04/Jan/2016:14:23:15 +0800] "GET /content/nav/relationSubject.jsp?relationWords=%E5%B1%B1%E6%AB%BB%E8%8A%B1+&oid=16777329 HTTP/1.1" 200 4446
111.242.54.22 - - [04/Jan/2016:14:23:43 +0800] "GET /digiarch_en/content/subject/resource_content.jsp?oid=16777448&queryType=qc HTTP/1.1" 200 31369
218.173.148.49 - - [04/Jan/2016:14:24:17 +0800] "GET /content/repository/resource_content.jsp?oid=15104&queryString=%E5%9A%B4%E5%85%AC%E4%BB%94%20%E5%A4%A7%E7%9C%BC%E9%AF%9B%E7%A7%91%20%E6%97%A5%E6%9C%AC%E5%A4%A7%E7%9C%BC%E9%AF%9B%20%E7%B4%85%E7%9B%AE%E9%B0%B1 HTTP/1.1" 200 34824
218.173.148.49 - - [04/Jan/2016:14:24:18 +0800] "GET /content/nav/relationSubject.jsp?relationWords=%E5%9A%B4%E5%85%AC%E4%BB%94+%E5%A4%A7%E7%9C%BC%E9%AF%9B+%E5%A4%A7%E7%9C%BC%E9%AF%9B%E7%A7%91+%E7%B4%85%E7%9B%AE%E9%B0%B1+%E9%AF%9B%E7%A7%91+&oid=15104 HTTP/1.1" 200 3575
218.173.148.49 - - [04/Jan/2016:14:24:26 +0800] "GET /content/repository/resource_content.jsp?oid=15103&queryString=?Y???J%20?j???K%20?j???K??%20??????%20?K?? HTTP/1.1" 500 15712
175.180.79.18 - - [04/Jan/2016:14:24:40 +0800] "GET /content/nav/relationSubject.jsp?relationWords=%E7%99%BD%E5%8D%83%E5%B1%A4+&oid=16777287 HTTP/1.1" 200 3852
111.242.54.22 - - [04/Jan/2016:14:24:51 +0800] "GET /digiarch_en/content/subject/resource_content.jsp?oid=16777801&queryType=qc HTTP/1.1" 200 40347
66.249.71.72 - - [04/Jan/2016:14:25:21 +0800] "GET /content/nav/relationSubject.jsp?relationWords=%E9%98%BF%E5%8B%83%E5%8B%92+&oid=16777368 HTTP/1.1" 200 2917
163.13.43.130 - - [04/Jan/2016:14:25:43 +0800] "GET /content/subject/resource_content.jsp?oid=16777753&queryType=qc HTTP/1.1" 200 36842
