66.249.74.102 - - [26/Feb/2016:07:54:06 +0800] "GET /content/repository/resource_content.jsp?oid=1108222&queryString=API%20%E6%A4%8D%E7%89%A9%E7%95%8C%20%E7%AB%8A%E8%A1%A3%20%E7%AB%8A%E8%A1%A3%E5%B1%AC%20%E7%B9%96%E5%BD%A2%E7%A7%91%20%E9%9B%99%E5%AD%90%E8%91%89%E6%A4%8D%E7%89%A9 HTTP/1.1" 200 31520
66.249.77.97 - - [26/Feb/2016:07:55:22 +0800] "GET /content/subject/resource_content.jsp?oid=16777705&queryType=qc HTTP/1.1" 200 28062
66.249.71.60 - - [26/Feb/2016:07:55:23 +0800] "GET /content/nav/relationSubject.jsp?relationWords=%E7%B0%BE%E8%9B%A4%20%E7%B0%BE%E8%9B%A4%E7%9B%AE%20%E8%9B%A4%E7%A7%91%20%E8%A5%BF%E6%96%BD%20%E8%A5%BF%E6%96%BD%E8%88%8C%20%E8%A5%BF%E6%96%BD%E8%88%8C%E5%B1%AC%20%E8%BB%9F%E9%AB%94%E5%8B%95%E7%89%A9%E9%96%80%20%E9%9B%99%E6%AE%BC%E7%B6%B1%20&oid=4551565 HTTP/1.1" 200 3860
66.249.74.102 - - [26/Feb/2016:07:57:09 +0800] "GET /content/subject/resource_content.jsp?oid=16777776&queryType=qs&queryString=%E8%BF%AA%E5%8C%96%E8%A1%97 HTTP/1.1" 200 61465
220.181.51.105 - - [26/Feb/2016:07:57:25 +0800] "GET /content/subject/resource_content.jsp?oid=16797242&queryType=qc HTTP/1.1" 200 46766
66.249.71.113 - - [26/Feb/2016:07:57:45 +0800] "GET /content/nav/relationSubject.jsp?relationWords=%E6%97%A8%E6%A1%88+%E7%81%AB%E8%91%AC%E5%A0%B4+%E7%AC%A6%E7%AF%80+&oid=1591421 HTTP/1.1" 200 4020
66.249.74.63 - - [26/Feb/2016:07:57:47 +0800] "GET /content/nav/relationSubject.jsp?relationWords=%E6%97%A8%E6%A1%88%20%E7%81%AB%E8%91%AC%E5%A0%B4%20%E7%AC%A6%E7%AF%80%20&oid=1591421 HTTP/1.1" 200 4020
66.249.74.100 - - [26/Feb/2016:07:58:56 +0800] "GET /digiarch_en/content/repository/resource_content.jsp?oid=14376&queryString=GBIF%20%E5%8F%B0%E7%81%A3%E9%AD%9A%E9%A1%9E%20%E6%B5%B7%E9%AE%AE%20%E7%94%9F%E7%89%A9%E5%A4%9A%E6%A8%A3%E6%80%A7%20%E8%99%B1%E7%9B%AE%E9%AD%9A HTTP/1.1" 200 26954
66.249.71.72 - - [26/Feb/2016:08:00:41 +0800] "GET /content/repository/resource_content.jsp?oid=216590&queryString=%E5%9C%B0%E5%BD%A2%E5%9C%96%20%E8%99%94%E5%8D%97%E7%B8%A3 HTTP/1.1" 200 30786
66.249.71.105 - - [26/Feb/2016:08:01:29 +0800] "GET /content/nav/relationSubject.jsp?relationWords=%E5%B1%B1%E8%B2%93+%E7%8D%B8%E7%9A%AE+%E9%AD%AF%E5%87%B1%E6%97%8F+&oid=1782538 HTTP/1.1" 200 3193
66.249.71.121 - - [26/Feb/2016:08:01:32 +0800] "GET /content/nav/relationSubject.jsp?relationWords=%E5%B1%B1%E8%B2%93%20%E7%8D%B8%E7%9A%AE%20%E9%AD%AF%E5%87%B1%E6%97%8F%20&oid=1782538 HTTP/1.1" 200 3193
66.249.71.72 - - [26/Feb/2016:08:02:27 +0800] "GET /digiarch_en/content/repository/resource_content.jsp?oid=3820351&queryString=%E7%B4%AB%E8%96%87 HTTP/1.1" 200 23740
66.249.74.98 - - [26/Feb/2016:08:02:57 +0800] "GET /content/repository/resource_content.jsp?oid=14247&queryType=qs&queryString=%E8%A3%B8%E8%83%B8%E9%AF%99 HTTP/1.1" 200 34088
66.249.71.60 - - [26/Feb/2016:08:03:15 +0800] "GET /content/nav/relationSubject.jsp?relationWords=%E7%B4%B0%E6%96%91+%E8%8A%B1%E9%B0%AD%E8%A3%B8%E8%83%B8%E9%AF%99+%E8%96%AF%E9%B0%BB+%E8%99%8E%E9%B0%BB+%E8%A3%B8%E8%83%B8%E9%B1%94+%E9%8C%A2%E9%B0%BB+&oid=14247 HTTP/1.1" 200 3560
163.21.166.51 - - [26/Feb/2016:08:03:53 +0800] "GET /content/nav/relationSubject.jsp?relationWords=%E5%8F%B0%E7%81%A3%E6%AC%92%E6%A8%B9+%E8%8B%A6%E8%8B%93%E8%88%85+&oid=16777254 HTTP/1.1" 200 4285
66.249.71.105 - - [26/Feb/2016:08:04:45 +0800] "GET /content/nav/relationSubject.jsp?relationWords=&oid=2622246 HTTP/1.1" 200 1405
66.249.74.102 - - [26/Feb/2016:08:05:35 +0800] "GET /content/nav/relationSubject.jsp?relationWords=%E5%B7%A5%E8%B3%87+%E7%9B%88%E9%A4%98+&oid=1571273 HTTP/1.1" 200 3107
66.249.71.60 - - [26/Feb/2016:08:05:37 +0800] "GET /content/nav/relationSubject.jsp?relationWords=%E5%B7%A5%E8%B3%87%20%E7%9B%88%E9%A4%98%20&oid=1571273 HTTP/1.1" 200 3107
66.249.74.98 - - [26/Feb/2016:08:06:01 +0800] "GET /content/repository/resource_content.jsp?oid=1542792 HTTP/1.1" 200 28509
66.249.77.85 - - [26/Feb/2016:08:06:25 +0800] "GET /content/nav/relationSubject.jsp?relationWords=&oid=2582643 HTTP/1.1" 200 1405
118.163.169.206 - - [26/Feb/2016:08:07:45 +0800] "GET /content/nav/relationSubject.jsp?relationWords=&oid=16777342 HTTP/1.1" 200 1405
66.249.74.100 - - [26/Feb/2016:08:07:47 +0800] "GET /content/repository/resource_content.jsp?oid=1876140 HTTP/1.1" 200 29779
66.249.77.91 - - [26/Feb/2016:08:08:26 +0800] "GET /content/subject/resource_content.jsp?oid=16777448&queryType=qc HTTP/1.1" 200 34511
66.249.71.64 - - [26/Feb/2016:08:08:37 +0800] "GET /content/nav/relationSubject.jsp?relationWords=%E5%8F%83%E8%AD%B0%E5%93%A1+%E5%8F%83%E8%AD%B0%E6%9C%83+%E5%8F%B0%E7%81%A3%E7%9C%81+%E6%AE%B7%E5%8D%A0%E9%AD%81+%E7%9C%81%E6%94%BF%E5%BA%9C+%E8%94%97%E8%BE%B2+&oid=1519097 HTTP/1.1" 200 4692
66.249.74.98 - - [26/Feb/2016:08:08:39 +0800] "GET /content/nav/relationSubject.jsp?relationWords=%E5%8F%83%E8%AD%B0%E5%93%A1%20%E5%8F%83%E8%AD%B0%E6%9C%83%20%E5%8F%B0%E7%81%A3%E7%9C%81%20%E6%AE%B7%E5%8D%A0%E9%AD%81%20%E7%9C%81%E6%94%BF%E5%BA%9C%20%E8%94%97%E8%BE%B2%20&oid=1519097 HTTP/1.1" 200 4692
163.16.231.104 - - [26/Feb/2016:08:09:15 +0800] "GET /digiarch3/content/subject/resource_content.jsp?oid=16777304&queryType=qc HTTP/1.1" 200 36237
163.16.231.104 - - [26/Feb/2016:08:09:16 +0800] "GET /digiarch3/content/nav/relationSubject.jsp?relationWords=%E5%B1%B1%E6%AB%BB%E8%8A%B1+&oid=16777304 HTTP/1.1" 200 4452
66.249.71.60 - - [26/Feb/2016:08:09:20 +0800] "GET /content/nav/relationSubject.jsp?relationWords=%E4%B8%89%E7%89%99%20%E7%9F%B3%E9%A6%96%E9%AD%9A%E7%A7%91%20%E7%B4%85%E7%89%99%20&oid=15457 HTTP/1.1" 200 3381
66.249.71.113 - - [26/Feb/2016:08:09:33 +0800] "GET /content/repository/resource_content.jsp?oid=2625257&queryType=qs&queryString=%E8%B6%99%E5%BF%A0 HTTP/1.1" 200 29223
68.180.230.178 - - [26/Feb/2016:08:10:14 +0800] "GET /content/repository/resource_content.jsp?oid=1123782&queryType=qc HTTP/1.1" 200 36649
66.249.71.72 - - [26/Feb/2016:08:11:19 +0800] "GET /content/repository/resource_content.jsp?oid=2643680&queryString=%E5%95%86%E5%9F%A0 HTTP/1.1" 200 30429
101.226.166.217 - - [26/Feb/2016:08:11:42 +0800] "GET /digiarch3/content/subject/resource_content.jsp?oid=16777418&queryType=qc HTTP/1.1" 200 36595
66.249.71.60 - - [26/Feb/2016:08:11:55 +0800] "GET /content/repository/resource_content.jsp?oid=2513578 HTTP/1.1" 200 30242
66.249.74.98 - - [26/Feb/2016:08:13:06 +0800] "GET /content/repository/resource_content.jsp?oid=4352722&queryString=%E5%AD%94%E8%9D%A6%E8%99%8E%E9%AD%9A%20%E6%AB%9B%E8%B5%A4%E9%AF%8A%20%E8%9D%A6%E8%99%8E%E7%A7%91 HTTP/1.1" 200 30861
66.249.71.60 - - [26/Feb/2016:08:13:32 +0800] "GET /content/nav/relationSubject.jsp?relationWords=%E4%B8%AD%E5%A3%A2%E5%B8%82+%E4%BD%95%E5%AF%B6%E7%8F%8D+%E5%B1%8F%E6%9D%B1%E5%B8%82+%E5%B1%8F%E6%9D%B1%E5%B8%82%E5%85%AC%E6%89%80+%E5%B1%8F%E6%9D%B1%E7%B8%A3%E6%94%BF%E5%BA%9C+%E6%89%80%E6%9C%89%E6%AC%8A+%E6%A1%83%E5%9C%92%E7%B8%A3%E6%94%BF%E5%BA%9C+%E7%9C%81%E6%94%BF%E5%BA%9C+%E7%9F%B3%E7%A7%80+%E9%80%A2%E7%94%B2+%E9%83%BD%E5%B8%82%E8%A8%88%E5%8A%83+%E9%83%BD%E5%B8%82%E8%A8%88%E7%95%AB+&oid=1899111 HTTP/1.1" 200 5097
66.249.71.60 - - [26/Feb/2016:08:13:37 +0800] "GET /content/nav/relationSubject.jsp?relationWords=%E4%B8%AD%E5%A3%A2%E5%B8%82%20%E4%BD%95%E5%AF%B6%E7%8F%8D%20%E5%B1%8F%E6%9D%B1%E5%B8%82%20%E5%B1%8F%E6%9D%B1%E5%B8%82%E5%85%AC%E6%89%80%20%E5%B1%8F%E6%9D%B1%E7%B8%A3%E6%94%BF%E5%BA%9C%20%E6%89%80%E6%9C%89%E6%AC%8A%20%E6%A1%83%E5%9C%92%E7%B8%A3%E6%94%BF%E5%BA%9C%20%E7%9C%81%E6%94%BF%E5%BA%9C%20%E7%9F%B3%E7%A7%80%20%E9%80%A2%E7%94%B2%20%E9%83%BD%E5%B8%82%E8%A8%88%E5%8A%83%20%E9%83%BD%E5%B8%82%E8%A8%88%E7%95%AB%20&oid=1899111 HTTP/1.1" 200 5097
66.249.71.173 - - [26/Feb/2016:08:14:24 +0800] "GET /content/nav/relationSubject.jsp?relationWords=%E5%BD%A9%E7%B9%AA+&oid=16777833 HTTP/1.1" 200 4749
66.249.79.179 - - [26/Feb/2016:08:14:26 +0800] "GET /content/nav/relationSubject.jsp?relationWords=%E5%BD%A9%E7%B9%AA%20&oid=16777833 HTTP/1.1" 200 4749
66.249.71.64 - - [26/Feb/2016:08:14:52 +0800] "GET /content/repository/resource_content.jsp?oid=1106228 HTTP/1.1" 200 30852
66.249.71.64 - - [26/Feb/2016:08:16:32 +0800] "GET /content/nav/relationSubject.jsp?relationWords=%E5%B7%A1%E6%92%AB+&oid=2510924 HTTP/1.1" 200 3084
66.249.71.60 - - [26/Feb/2016:08:16:35 +0800] "GET /content/nav/relationSubject.jsp?relationWords=%E5%B7%A1%E6%92%AB%20&oid=2510924 HTTP/1.1" 200 3084
66.249.71.60 - - [26/Feb/2016:08:16:39 +0800] "GET /content/subject/resource_content.jsp?oid=16777517&queryType=qs&queryString=%E8%87%AA%E7%84%B6%E7%A7%91%E5%AD%B8 HTTP/1.1" 200 51806
68.180.228.187 - - [26/Feb/2016:08:19:41 +0800] "GET /digiarch_en/content/subject/resource_content.jsp?oid=16777500&queryType=qc HTTP/1.1" 200 28735
66.249.71.60 - - [26/Feb/2016:08:19:45 +0800] "GET /content/nav/relationSubject.jsp?relationWords=%E9%99%B8%E6%B8%AC%E5%9C%96+&oid=223184 HTTP/1.1" 200 3079
66.249.71.60 - - [26/Feb/2016:08:20:11 +0800] "GET /digiarch_en/content/subject/resource_content.jsp?oid=16777818&queryType=qc HTTP/1.1" 200 35087
66.249.71.60 - - [26/Feb/2016:08:20:43 +0800] "GET /content/nav/relationSubject.jsp?relationWords=%E9%99%B8%E6%B8%AC%E5%9C%96%20&oid=223184 HTTP/1.1" 200 3079
66.249.74.72 - - [26/Feb/2016:08:20:46 +0800] "GET /digiarch3/content/repository/resource_content.jsp?oid=1570020&queryType=qs&queryString=%E6%B7%B7%E5%87%9D%E5%9C%9F HTTP/1.1" 200 28943
66.249.71.60 - - [26/Feb/2016:08:20:46 +0800] "GET /content/nav/relationSubject.jsp?relationWords=%E6%A4%8D%E7%89%A9%E7%95%8C+%E6%A6%95%E5%B1%AC+%E8%98%AD%E5%B6%BC%E8%90%BD%E8%91%89%E6%A6%95+&oid=1109783 HTTP/1.1" 200 3317
66.249.74.98 - - [26/Feb/2016:08:20:48 +0800] "GET /content/nav/relationSubject.jsp?relationWords=%E6%A4%8D%E7%89%A9%E7%95%8C%20%E6%A6%95%E5%B1%AC%20%E8%98%AD%E5%B6%BC%E8%90%BD%E8%91%89%E6%A6%95%20&oid=1109783 HTTP/1.1" 200 3317
66.249.77.97 - - [26/Feb/2016:08:21:55 +0800] "GET /content/nav/relationSubject.jsp?relationWords=&oid=16777576 HTTP/1.1" 200 1405
66.249.77.91 - - [26/Feb/2016:08:21:58 +0800] "GET /content/repository/resource_content.jsp?oid=4364539&queryString=%E5%82%85%E6%96%AF%E5%B9%B4%20%E5%8F%83%E8%AD%B0%E6%9C%83%20%E5%8F%B0%E7%81%A3%E5%A4%A7%E5%AD%B8%20%E5%8F%B0%E7%81%A3%E7%9C%81%20%E5%8F%B0%E7%81%A3%E7%9C%81%E4%B8%BB%E5%B8%AD%20%E8%83%A1%E9%81%A9%E4%B9%8B%20%E8%BD%89%E8%83%A1%20%E9%99%B3%E8%AA%A0 HTTP/1.1" 200 30299
66.249.71.64 - - [26/Feb/2016:08:22:19 +0800] "GET /content/nav/relationSubject.jsp?relationWords=%E5%8F%8D%E6%94%BB%E5%BE%A9%E5%9C%8B+%E5%A4%A7%E6%A5%AD%E6%A1%88+%E6%95%88%E7%8E%87+&oid=1548437 HTTP/1.1" 200 4831
66.249.71.64 - - [26/Feb/2016:08:22:21 +0800] "GET /content/nav/relationSubject.jsp?relationWords=%E5%8F%8D%E6%94%BB%E5%BE%A9%E5%9C%8B%20%E5%A4%A7%E6%A5%AD%E6%A1%88%20%E6%95%88%E7%8E%87%20&oid=1548437 HTTP/1.1" 200 4831
66.249.77.91 - - [26/Feb/2016:08:23:44 +0800] "GET /content/repository/resource_content.jsp?oid=14604&queryString=%E5%9A%B4%E5%85%AC%E4%BB%94%20%E5%A4%A7%E7%9C%BC%E9%AF%9B%20%E5%A4%A7%E7%9C%BC%E9%AF%9B%E7%A7%91%20%E5%A4%A7%E9%B1%97%E5%A4%A7%E7%9C%BC%E9%AF%9B%20%E7%B4%85%E7%9B%AE%E9%B0%B1%20%E9%AF%9B%E7%A7%91%20%E9%BA%A5%E6%B0%8F HTTP/1.1" 200 34027
68.180.228.187 - - [26/Feb/2016:08:24:40 +0800] "GET /digiarch_en/content/subject/resource_content.jsp?oid=16777590&queryType=qc HTTP/1.1" 200 29710
66.249.71.64 - - [26/Feb/2016:08:25:31 +0800] "GET /content/repository/resource_content.jsp?oid=1543770&queryString=%E7%A0%94%E8%A8%8E%E6%9C%83%20%E7%A4%BE%E6%9C%83%E5%AD%B8 HTTP/1.1" 200 28563
68.180.228.187 - - [26/Feb/2016:08:25:58 +0800] "GET /digiarch_en/content/subject/resource_content.jsp?oid=16777314&queryType=qc HTTP/1.1" 200 22588
66.249.71.64 - - [26/Feb/2016:08:26:24 +0800] "GET /content/nav/relationSubject.jsp?relationWords=%E5%9C%B0%E6%AC%8A+%E6%AC%8A%E5%88%A9+%E8%87%BA%E7%81%A3%E7%9C%81%E6%94%BF%E5%BA%9C+%E8%94%A1%E9%8C%A6%E6%A3%9F+&oid=1530416 HTTP/1.1" 200 6088
66.249.71.64 - - [26/Feb/2016:08:26:31 +0800] "GET /content/nav/relationSubject.jsp?relationWords=%E5%9C%B0%E6%AC%8A%20%E6%AC%8A%E5%88%A9%20%E8%87%BA%E7%81%A3%E7%9C%81%E6%94%BF%E5%BA%9C%20%E8%94%A1%E9%8C%A6%E6%A3%9F%20&oid=1530416 HTTP/1.1" 200 6088
66.249.71.113 - - [26/Feb/2016:08:26:43 +0800] "GET /content/nav/relationSubject.jsp?relationWords=%E5%A5%A7%E5%83%91%E5%AE%89%E6%A0%BC%E6%96%AF+%E5%AE%89%E6%A0%BC+%E7%89%B9%E7%94%A2%E5%B1%80+%E9%81%BA%E7%94%A2%E7%B9%BC%E6%89%BF+&oid=744369 HTTP/1.1" 200 4140
66.249.71.121 - - [26/Feb/2016:08:26:46 +0800] "GET /content/nav/relationSubject.jsp?relationWords=%E5%A5%A7%E5%83%91%E5%AE%89%E6%A0%BC%E6%96%AF%20%E5%AE%89%E6%A0%BC%20%E7%89%B9%E7%94%A2%E5%B1%80%20%E9%81%BA%E7%94%A2%E7%B9%BC%E6%89%BF%20&oid=744369 HTTP/1.1" 200 4140
66.249.71.60 - - [26/Feb/2016:08:26:57 +0800] "GET /content/nav/relationSubject.jsp?relationWords=%E5%B7%A5%E7%A8%8B%E8%99%95+&oid=2675845 HTTP/1.1" 200 3135
66.249.71.60 - - [26/Feb/2016:08:27:01 +0800] "GET /content/nav/relationSubject.jsp?relationWords=%E5%B7%A5%E7%A8%8B%E8%99%95%20&oid=2675845 HTTP/1.1" 200 3135
66.249.77.97 - - [26/Feb/2016:08:27:17 +0800] "GET /content/repository/resource_content.jsp?oid=1576100&queryString=%E6%95%B8%E4%BD%8D%E5%85%B8%E8%97%8F%20%E7%A7%91%E6%99%AE HTTP/1.1" 200 31071
140.123.101.42 - - [26/Feb/2016:08:28:08 +0800] "GET /digiarch_en/content/subject/resource_content.jsp?oid=16777279&queryType=qc HTTP/1.1" 200 27745
66.249.77.97 - - [26/Feb/2016:08:29:03 +0800] "GET /content/repository/resource_content.jsp?oid=1461646&queryString=%E6%9D%9C%E9%B5%91 HTTP/1.1" 200 30937
66.249.71.64 - - [26/Feb/2016:08:29:18 +0800] "GET /content/nav/relationSubject.jsp?relationWords=%E9%88%B4%E8%88%8C+&oid=1851077 HTTP/1.1" 200 2963
66.249.74.98 - - [26/Feb/2016:08:29:20 +0800] "GET /content/nav/relationSubject.jsp?relationWords=%E9%88%B4%E8%88%8C%20&oid=1851077 HTTP/1.1" 200 2963
66.249.71.60 - - [26/Feb/2016:08:29:34 +0800] "GET /content/repository/resource_content.jsp?oid=1887001&queryString=%E7%AB%B9%E7%AD%8D%E9%B3%B3%E5%87%B0%E8%9E%BA HTTP/1.1" 200 31416
201.150.175.253 - - [26/Feb/2016:08:30:03 +0800] "GET /digiarch_en/content/repository/resource_content.jsp?oid=16361&queryString=%E6%97%97%E9%AD%9A HTTP/1.1" 200 27235
201.150.175.253 - - [26/Feb/2016:08:30:09 +0800] "GET /digiarch_en/content/nav/relationSubject.jsp?relationWords=%E5%8A%8D%E6%97%97%E9%AD%9A+%E5%8A%8D%E9%AD%9A+%E6%97%97%E9%AD%9A+&oid=16361 HTTP/1.1" 200 3422
66.249.71.72 - - [26/Feb/2016:08:30:50 +0800] "GET /content/repository/resource_content.jsp?oid=734440 HTTP/1.1" 200 28257
66.249.71.5 - - [26/Feb/2016:08:31:53 +0800] "GET /digiarch3/content/nav/relationSubject.jsp?relationWords=%E5%AD%94%E9%9B%80%E8%9B%A4%20%E6%AE%BC%E8%8F%9C%E8%9B%A4%E7%A7%91%20%E7%B6%A0%E6%AE%BC%E8%8F%9C%E8%9B%A4%20%E7%BF%A1%E7%BF%A0%E8%B2%BD%E8%B2%9D%20%E8%B2%BD%E8%B2%9D%20%E9%9B%99%E6%AE%BC%E7%B6%B1%20&oid=1126280 HTTP/1.1" 200 3568
66.249.71.60 - - [26/Feb/2016:08:32:26 +0800] "GET /content/nav/relationSubject.jsp?relationWords=&oid=2597830 HTTP/1.1" 200 1405
66.249.74.74 - - [26/Feb/2016:08:32:37 +0800] "GET /digiarch3/content/subject/resource_content.jsp?oid=16777448&queryType=qc HTTP/1.1" 200 34502
66.249.77.85 - - [26/Feb/2016:08:32:58 +0800] "GET /content/nav/relationSubject.jsp?relationWords=%E4%B8%AD%E8%88%88%E5%A4%A7%E6%A9%8B+%E5%81%9C%E8%BB%8A%E5%A0%B4+%E5%85%AC%E8%B7%AF%E5%B1%80+%E5%8C%97%E7%B8%A3%E5%B8%82+%E8%87%BA%E5%8C%97%E7%B8%A3+%E8%99%95%E9%95%B7+%E8%B2%A1%E6%94%BF+%E9%BA%A5%E5%85%8B%E9%98%BF%E7%91%9F+&oid=1566634 HTTP/1.1" 200 5409
66.249.71.113 - - [26/Feb/2016:08:32:58 +0800] "GET /content/nav/relationSubject.jsp?relationWords=&oid=2630728 HTTP/1.1" 200 1405
75.54.227.143 - - [26/Feb/2016:08:33:01 +0800] "GET /content/repository/resource_content.jsp?oid=2148337 HTTP/1.1" 200 30976
66.249.77.85 - - [26/Feb/2016:08:33:01 +0800] "GET /content/nav/relationSubject.jsp?relationWords=%E4%B8%AD%E8%88%88%E5%A4%A7%E6%A9%8B%20%E5%81%9C%E8%BB%8A%E5%A0%B4%20%E5%85%AC%E8%B7%AF%E5%B1%80%20%E5%8C%97%E7%B8%A3%E5%B8%82%20%E8%87%BA%E5%8C%97%E7%B8%A3%20%E8%99%95%E9%95%B7%20%E8%B2%A1%E6%94%BF%20%E9%BA%A5%E5%85%8B%E9%98%BF%E7%91%9F%20&oid=1566634 HTTP/1.1" 200 5409
75.54.227.143 - - [26/Feb/2016:08:33:04 +0800] "GET /content/nav/relationSubject.jsp?relationWords=%E5%85%AB%E4%BB%99%E8%8A%B1%E5%B1%AC+%E6%A4%8D%E7%89%A9%E7%95%8C+%E7%B9%A1%E7%90%83+%E8%96%94%E8%96%87%E7%9B%AE+%E8%99%8E%E8%80%B3%E8%8D%89%E7%A7%91+&oid=2148337 HTTP/1.1" 200 3615
66.249.71.64 - - [26/Feb/2016:08:34:23 +0800] "GET /content/repository/resource_content.jsp?oid=2686931 HTTP/1.1" 200 29827
66.249.71.60 - - [26/Feb/2016:08:34:28 +0800] "GET /content/nav/relationSubject.jsp?relationWords=%E4%BF%9D%E7%95%99%E5%9C%B0%20%E5%9C%B0%E4%BF%9D%20%E8%87%A8%E6%99%82%E7%9C%81%E8%AD%B0%E6%9C%83%20%E8%87%BA%E4%B8%AD%E7%B8%A3%20%E8%87%BA%E4%B8%AD%E7%B8%A3%E8%AD%B0%E6%9C%83%20%E8%87%BA%E7%81%A3%E7%9C%81%20%E8%87%BA%E7%81%A3%E7%9C%81%E6%94%BF%E5%BA%9C%20%E9%99%B3%E5%92%8C%E4%BA%94%20&oid=1521861 HTTP/1.1" 200 4882
66.249.71.72 - - [26/Feb/2016:08:36:10 +0800] "GET /content/repository/resource_content.jsp?oid=2511295 HTTP/1.1" 200 29910
66.249.71.64 - - [26/Feb/2016:08:37:56 +0800] "GET /content/repository/resource_content.jsp?oid=4352495&queryString=%E6%B5%B7%E8%98%AD%20%E8%98%AD%E5%BE%B7 HTTP/1.1" 200 34174
66.249.71.60 - - [26/Feb/2016:08:38:23 +0800] "GET /content/subject/resource_content.jsp?oid=16777472&queryType=qs&queryString=%E9%A1%AF%E5%BE%AE%E9%8F%A1 HTTP/1.1" 200 64915
61.224.73.50 - - [26/Feb/2016:08:38:42 +0800] "GET /content/subject/resource_content.jsp?oid=16797240&queryType=qc HTTP/1.1" 200 42460
61.224.73.50 - - [26/Feb/2016:08:38:42 +0800] "GET /content/nav/relationSubject.jsp?relationWords=&oid=16797240 HTTP/1.1" 200 1405
66.249.74.98 - - [26/Feb/2016:08:39:43 +0800] "GET /content/repository/resource_content.jsp?oid=4351803&queryString=%E8%9B%87%E9%B0%BB%E7%A7%91%20%E9%A3%9F%E8%9F%B9%E8%8D%B3%E9%BD%92%E8%9B%87%E9%B0%BB HTTP/1.1" 200 31149
66.249.77.91 - - [26/Feb/2016:08:40:07 +0800] "GET /content/nav/relationSubject.jsp?relationWords=%E7%A4%A6%E7%94%A2+%E8%BE%B2%E6%9E%97+&oid=1550824 HTTP/1.1" 200 4431
66.249.77.91 - - [26/Feb/2016:08:40:13 +0800] "GET /content/nav/relationSubject.jsp?relationWords=%E7%A4%A6%E7%94%A2%20%E8%BE%B2%E6%9E%97%20&oid=1550824 HTTP/1.1" 200 4431
203.64.228.253 - - [26/Feb/2016:08:40:51 +0800] "GET /content/exhibit/exhibit.jsp?oid=16777848 HTTP/1.1" 200 26268
66.249.71.60 - - [26/Feb/2016:08:40:52 +0800] "GET /content/nav/relationSubject.jsp?relationWords=%E5%81%87%E9%87%8E%E8%8F%B0+%E6%A4%8D%E7%89%A9%E7%95%8C+%E7%8E%84%E5%8F%83+%E9%87%8E%E8%8F%B0+%E9%87%8E%E8%8F%B0%E5%B1%AC+&oid=1459816 HTTP/1.1" 200 3311
203.64.228.253 - - [26/Feb/2016:08:40:53 +0800] "GET /content/exhibit/exhibit_content.jsp?oid=16777848 HTTP/1.1" 200 21313
66.249.71.60 - - [26/Feb/2016:08:40:53 +0800] "GET /content/nav/relationSubject.jsp?relationWords=%E5%81%87%E9%87%8E%E8%8F%B0%20%E6%A4%8D%E7%89%A9%E7%95%8C%20%E7%8E%84%E5%8F%83%20%E9%87%8E%E8%8F%B0%20%E9%87%8E%E8%8F%B0%E5%B1%AC%20&oid=1459816 HTTP/1.1" 200 3311
66.249.82.156 - - [26/Feb/2016:08:40:55 +0800] "GET /content/nav/relationSubject.jsp?relationWords=%E5%8D%83%E5%B9%B4%E6%A1%90+%E6%A1%90%E8%8A%B1+%E6%B2%B9%E6%A1%90+&oid=16777599 HTTP/1.1" 200 3738
36.234.156.178 - - [26/Feb/2016:08:41:08 +0800] "GET /content/nav/relationSubject.jsp?relationWords=&oid=16777459 HTTP/1.1" 200 1405
66.249.74.98 - - [26/Feb/2016:08:41:29 +0800] "GET /content/repository/resource_content.jsp?oid=1895908 HTTP/1.1" 200 29722
66.249.71.60 - - [26/Feb/2016:08:41:46 +0800] "GET /content/nav/relationSubject.jsp?relationWords=%E6%95%95%E6%9B%B8+%E9%83%BD%E5%AF%9F%E9%99%A2+&oid=2520605 HTTP/1.1" 200 3122
66.249.74.98 - - [26/Feb/2016:08:41:47 +0800] "GET /content/nav/relationSubject.jsp?relationWords=%E6%95%95%E6%9B%B8%20%E9%83%BD%E5%AF%9F%E9%99%A2%20&oid=2520605 HTTP/1.1" 200 3122
66.249.82.160 - - [26/Feb/2016:08:43:07 +0800] "GET /content/nav/relationSubject.jsp?relationWords=%E5%8D%83%E5%B9%B4%E6%A1%90+%E6%A1%90%E8%8A%B1+%E6%B2%B9%E6%A1%90+&oid=16777599 HTTP/1.1" 200 3738
204.79.180.44 - - [26/Feb/2016:08:43:14 +0800] "GET /content/tmp_tec/resource_content.jsp?oid=16777714 HTTP/1.1" 200 38293
66.249.74.102 - - [26/Feb/2016:08:43:15 +0800] "GET /content/repository/resource_content.jsp?oid=221421 HTTP/1.1" 200 30079
204.79.180.74 - - [26/Feb/2016:08:43:53 +0800] "GET /content/nav/relationSubject.jsp?relationWords=GIS+%E5%9C%B0%E5%BD%A2%E5%9C%96+%E5%A0%A1%E5%9C%96+%E8%95%83%E5%9C%B0+&oid=16777714 HTTP/1.1" 200 4619
66.249.71.121 - - [26/Feb/2016:08:44:06 +0800] "GET /content/nav/relationSubject.jsp?relationWords=&oid=2596675 HTTP/1.1" 200 1405
66.249.74.98 - - [26/Feb/2016:08:45:02 +0800] "GET /content/repository/resource_content.jsp?oid=1458493 HTTP/1.1" 200 30939
66.249.71.105 - - [26/Feb/2016:08:45:16 +0800] "GET /content/nav/relationSubject.jsp?relationWords=%E5%BC%A6%E7%B4%8B+%E7%9B%86%E5%BD%A2%E5%99%A8+%E7%9B%86%E5%BD%A2%E5%99%A8%E5%8F%A3%E7%B7%A3+&oid=4411306 HTTP/1.1" 200 3120
66.249.71.121 - - [26/Feb/2016:08:45:19 +0800] "GET /content/nav/relationSubject.jsp?relationWords=%E5%BC%A6%E7%B4%8B%20%E7%9B%86%E5%BD%A2%E5%99%A8%20%E7%9B%86%E5%BD%A2%E5%99%A8%E5%8F%A3%E7%B7%A3%20&oid=4411306 HTTP/1.1" 200 3120
203.64.228.253 - - [26/Feb/2016:08:47:10 +0800] "GET /content/exhibit/exhibit.jsp?oid=16777848 HTTP/1.1" 200 26268
203.64.228.253 - - [26/Feb/2016:08:47:11 +0800] "GET /content/exhibit/exhibit_content.jsp?oid=16777848 HTTP/1.1" 200 21313
66.249.71.23 - - [26/Feb/2016:08:47:14 +0800] "GET /digiarch3/content/subject/resource_content.jsp?oid=16777254&queryType=qs&queryString=%E5%A4%A7%E5%AE%89%E6%A3%AE%E6%9E%97%E5%85%AC%E5%9C%92 HTTP/1.1" 200 34633
111.246.131.32 - - [26/Feb/2016:08:47:49 +0800] "GET /content/subject/resource_content.jsp?oid=16777635&queryType=qs&queryString=%E9%9C%A7%E5%B3%B0%E6%9E%97%E5%AE%B6 HTTP/1.1" 200 63920
111.246.131.32 - - [26/Feb/2016:08:47:52 +0800] "GET /content/nav/relationSubject.jsp?relationWords=&oid=16777635 HTTP/1.1" 200 1405
66.249.71.64 - - [26/Feb/2016:08:48:21 +0800] "GET /content/nav/relationSubject.jsp?relationWords=%E5%B8%8C%E6%A0%B8+%E7%B4%85%E7%95%8C+&oid=590827 HTTP/1.1" 200 3214
66.249.74.98 - - [26/Feb/2016:08:48:26 +0800] "GET /content/nav/relationSubject.jsp?relationWords=%E5%B8%8C%E6%A0%B8%20%E7%B4%85%E7%95%8C%20&oid=590827 HTTP/1.1" 200 3214
108.176.158.28 - - [26/Feb/2016:08:48:50 +0800] "GET /content/nav/relationSubject.jsp?relationWords=%E7%A9%97%E8%8A%B1%E5%B1%B1%E5%A5%88+%E9%87%8E%E8%96%91%E8%8A%B1+&oid=16777263 HTTP/1.1" 200 3284
65.55.219.170 - - [26/Feb/2016:08:49:10 +0800] "GET /digiarch_en/content/nav/relationSubject.jsp?relationWords=%E5%85%88%E4%BD%8F%E6%B0%91+%E5%B1%B1%E5%9C%B0%E8%A1%8C%E6%94%BF+%E5%B1%B1%E8%83%9E+%E5%B8%82%E5%85%AC%E6%89%80+%E5%B9%B3%E5%9C%B0%E5%B1%B1%E8%83%9E+%E6%9E%97%E6%98%A5+%E6%B0%91%E6%84%8F+%E6%B0%91%E6%84%8F%E4%BB%A3%E8%A1%A8+%E6%B0%91%E6%94%BF%E5%BB%B3+%E7%B8%A3%E6%94%BF%E5%BA%9C+%E8%87%BA%E7%81%A3%E5%8E%9F%E4%BD%8F%E6%B0%91+%E8%87%BA%E7%81%A3%E7%9C%81+%E8%B3%AA%E8%A9%A2+%E9%AB%98%E7%A0%82%E6%97%8F+&oid=1591694 HTTP/1.1" 200 5001
66.249.77.97 - - [26/Feb/2016:08:49:47 +0800] "GET /content/nav/relationSubject.jsp?relationWords=%E5%91%88%E6%8E%A7+&oid=2686614 HTTP/1.1" 200 3089
66.249.77.97 - - [26/Feb/2016:08:49:49 +0800] "GET /content/nav/relationSubject.jsp?relationWords=%E5%91%88%E6%8E%A7%20&oid=2686614 HTTP/1.1" 200 3089
68.180.228.187 - - [26/Feb/2016:08:51:58 +0800] "GET /content/subject/resource_content.jsp?oid=16777551 HTTP/1.1" 200 32217
122.146.145.67 - - [26/Feb/2016:08:53:10 +0800] "GET /content/nav/relationSubject.jsp?relationWords=%E7%99%BD%E5%8D%83%E5%B1%A4+&oid=16777287 HTTP/1.1" 200 3852
163.29.35.156 - - [26/Feb/2016:08:53:43 +0800] "GET /content/repository/resource_content.jsp?oid=3817799&queryString=%E6%A4%8D%E7%89%A9%E7%95%8C%20%E6%A8%93%E6%A2%AF%E8%8D%89%E5%B1%AC%20%E8%95%81%E9%BA%BB%E7%A7%91%20%E9%A3%9F%E7%94%A8%E6%A8%93%E6%A2%AF%E8%8D%89 HTTP/1.1" 200 31415
163.29.35.156 - - [26/Feb/2016:08:53:44 +0800] "GET /content/nav/relationSubject.jsp?relationWords=%E6%A4%8D%E7%89%A9%E7%95%8C+%E6%A8%93%E6%A2%AF%E8%8D%89%E5%B1%AC+%E8%95%81%E9%BA%BB%E7%A7%91+%E9%A3%9F%E7%94%A8%E6%A8%93%E6%A2%AF%E8%8D%89+&oid=3817799 HTTP/1.1" 200 3369
66.249.79.27 - - [26/Feb/2016:08:53:53 +0800] "GET /content/repository/resource_content.jsp?oid=1552840&queryType=qs&queryString=%E7%94%B0%E5%AF%AE%E9%84%89 HTTP/1.1" 200 28766
66.249.71.113 - - [26/Feb/2016:08:54:11 +0800] "GET /content/nav/relationSubject.jsp?relationWords=%E5%88%8A%E5%88%BB+%E6%B8%85%E5%90%8F%E5%8F%B8+%E7%A6%AE%E9%83%A8+%E9%97%88%E5%A2%A8+&oid=2652994 HTTP/1.1" 200 4542
66.249.74.59 - - [26/Feb/2016:08:54:13 +0800] "GET /content/nav/relationSubject.jsp?relationWords=%E5%88%8A%E5%88%BB%20%E6%B8%85%E5%90%8F%E5%8F%B8%20%E7%A6%AE%E9%83%A8%20%E9%97%88%E5%A2%A8%20&oid=2652994 HTTP/1.1" 200 4542
68.180.228.187 - - [26/Feb/2016:08:55:13 +0800] "GET /content/subject/resource_content.jsp?oid=16777350&queryType=qc HTTP/1.1" 200 36259
66.249.77.85 - - [26/Feb/2016:08:55:40 +0800] "GET /content/repository/resource_content.jsp?oid=4357124&queryString=%E6%B3%B0%E9%9B%85%E6%97%8F%20%E7%8F%A0%E8%A1%A3 HTTP/1.1" 200 28200
66.249.71.64 - - [26/Feb/2016:08:56:06 +0800] "GET /content/repository/resource_content.jsp?oid=204232&queryString=%E4%B8%AD%E5%9C%8B%E5%A4%A7%E9%99%B8%E5%9C%B0%E5%9C%96%20%E5%91%BC%E8%98%AD HTTP/1.1" 200 30626
66.249.74.102 - - [26/Feb/2016:08:56:09 +0800] "GET /content/nav/relationSubject.jsp?relationWords=%E4%B8%AD%E5%9C%8B%E5%A4%A7%E9%99%B8%E5%9C%B0%E5%9C%96+%E5%91%BC%E8%98%AD+&oid=204232 HTTP/1.1" 200 3173
66.249.71.72 - - [26/Feb/2016:08:57:26 +0800] "GET /content/repository/resource_content.jsp?oid=217066&queryString=%E5%9C%B0%E5%BD%A2%E5%9C%96%20%E8%99%94%E5%8D%97%E7%B8%A3 HTTP/1.1" 200 30899
66.249.71.64 - - [26/Feb/2016:08:57:47 +0800] "GET /content/repository/resource_content.jsp?oid=2533097 HTTP/1.1" 200 29257
66.249.71.60 - - [26/Feb/2016:08:58:07 +0800] "GET /digiarch_en/content/nav/relationSubject.jsp?relationWords=%E7%83%8F%E5%BF%83%E7%9F%B3+%E9%B1%B8%E9%B0%BB+&oid=16777303 HTTP/1.1" 200 3993
140.109.229.138 - - [26/Feb/2016:08:59:01 +0800] "GET /digiarch3/content/tmp_tec/resource_content.jsp?oid=16777731 HTTP/1.1" 200 39228
140.109.229.138 - - [26/Feb/2016:08:59:08 +0800] "GET /digiarch3/content/nav/relationSubject.jsp?relationWords=%E5%A4%9A%E5%AA%92%E9%AB%94+%E6%95%B8%E4%BD%8D%E5%85%B8%E8%97%8F+%E6%95%B8%E4%BD%8D%E5%85%B8%E8%97%8F%E6%8A%80%E8%A1%93+%E7%9C%8B%E6%9D%BF+%E9%9B%BB%E8%A6%96%E7%89%86+&oid=16777731 HTTP/1.1" 200 8713
66.249.71.60 - - [26/Feb/2016:08:59:12 +0800] "GET /content/repository/resource_content.jsp?oid=14230&queryString=%E6%98%9F%E5%B8%B6%E8%9D%AE%E9%AF%99%20%E6%B5%B7%E9%B1%94%20%E8%96%AF%E9%B0%BB%20%E8%99%8E%E9%B0%BB%20%E9%8C%A2%E9%B0%BB HTTP/1.1" 200 34521
66.249.71.60 - - [26/Feb/2016:08:59:18 +0800] "GET /content/nav/relationSubject.jsp?relationWords=%E4%BE%9B%E9%AC%BC%E7%94%A8%E5%85%B7+&oid=1174126 HTTP/1.1" 200 2990
66.249.71.60 - - [26/Feb/2016:08:59:20 +0800] "GET /content/nav/relationSubject.jsp?relationWords=%E4%BE%9B%E9%AC%BC%E7%94%A8%E5%85%B7%20&oid=1174126 HTTP/1.1" 200 2990
66.249.77.85 - - [26/Feb/2016:09:00:43 +0800] "GET /content/nav/relationSubject.jsp?relationWords=%E6%96%87%E5%8C%96%E4%B8%AD%E5%BF%83+%E7%B6%93%E6%BF%9F%E5%BB%BA%E8%A8%AD+%E8%87%AA%E4%BE%86%E6%B0%B4+%E8%87%AA%E4%BE%86%E6%B0%B4%E5%BB%A0+%E8%87%BA%E4%B8%AD%E5%B8%82+&oid=1542260 HTTP/1.1" 200 7159
66.249.79.30 - - [26/Feb/2016:09:00:45 +0800] "GET /content/nav/relationSubject.jsp?relationWords=%E6%96%87%E5%8C%96%E4%B8%AD%E5%BF%83%20%E7%B6%93%E6%BF%9F%E5%BB%BA%E8%A8%AD%20%E8%87%AA%E4%BE%86%E6%B0%B4%20%E8%87%AA%E4%BE%86%E6%B0%B4%E5%BB%A0%20%E8%87%BA%E4%B8%AD%E5%B8%82%20&oid=1542260 HTTP/1.1" 200 7159
66.249.79.27 - - [26/Feb/2016:09:00:59 +0800] "GET /content/repository/resource_content.jsp?oid=3819221&queryString=%E6%A3%8B%E7%9B%A4%E8%85%B3%E6%A8%B9%E5%B1%AC%20%E6%A4%8D%E7%89%A9%E7%95%8C%20%E6%B0%B4%E8%8C%84%E8%8B%B3%20%E7%8E%89%E8%95%8A%E7%A7%91 HTTP/1.1" 200 31089
66.249.74.102 - - [26/Feb/2016:09:01:50 +0800] "GET /content/nav/relationSubject.jsp?relationWords=%E4%BA%8C%E4%BA%8C%E5%BA%9C+%E6%97%A8%E6%A1%88+%E7%9C%81%E6%94%BF%E5%BA%9C+&oid=1605512 HTTP/1.1" 200 4542
66.249.71.64 - - [26/Feb/2016:09:01:52 +0800] "GET /content/nav/relationSubject.jsp?relationWords=%E4%BA%8C%E4%BA%8C%E5%BA%9C%20%E6%97%A8%E6%A1%88%20%E7%9C%81%E6%94%BF%E5%BA%9C%20&oid=1605512 HTTP/1.1" 200 4542
66.249.74.98 - - [26/Feb/2016:09:02:46 +0800] "GET /content/repository/resource_content.jsp?oid=1099063&queryString=%E6%B5%B7%E6%AA%AC%E6%9E%9C HTTP/1.1" 200 31442
192.192.136.244 - - [26/Feb/2016:09:03:21 +0800] "GET /content/nav/relationSubject.jsp?relationWords=&oid=16777542 HTTP/1.1" 200 1405
150.70.173.51 - - [26/Feb/2016:09:04:25 +0800] "GET /content/repository/resource_content.jsp?oid=1518846 HTTP/1.1" 200 29547
66.249.77.85 - - [26/Feb/2016:09:04:59 +0800] "GET /content/repository/resource_content.jsp?oid=2670918&queryType=qs&queryString=%E6%BC%B3%E5%B7%9E%E5%BA%9C HTTP/1.1" 200 30324
66.249.77.91 - - [26/Feb/2016:09:05:05 +0800] "GET /content/nav/relationSubject.jsp?relationWords=%E5%9C%8B%E8%B2%A2+%E7%A6%AE%E9%83%A8+%E8%B2%A2%E4%BD%BF+&oid=2670918 HTTP/1.1" 200 3130
66.249.71.60 - - [26/Feb/2016:09:05:48 +0800] "GET /content/nav/relationSubject.jsp?relationWords=%E5%90%8F%E9%83%A8%E7%82%BA%E7%8E%8B+&oid=2670560 HTTP/1.1" 200 3114
66.249.74.100 - - [26/Feb/2016:09:05:53 +0800] "GET /content/nav/relationSubject.jsp?relationWords=%E5%90%8F%E9%83%A8%E7%82%BA%E7%8E%8B%20&oid=2670560 HTTP/1.1" 200 3114
66.249.79.24 - - [26/Feb/2016:09:05:53 +0800] "GET /content/nav/relationSubject.jsp?relationWords=%E9%BB%83%E6%97%BA%E6%88%90%20&oid=16777645 HTTP/1.1" 200 1881
66.249.71.121 - - [26/Feb/2016:09:06:06 +0800] "GET /content/nav/relationSubject.jsp?relationWords=&oid=2604449 HTTP/1.1" 200 1405
66.249.71.60 - - [26/Feb/2016:09:06:18 +0800] "GET /content/repository/resource_content.jsp?oid=524005&queryString=%E7%99%BD%E8%85%B9%20%E7%99%BD%E8%85%B9%E9%AF%96%20%E8%8A%B1%E9%A3%9B%20%E9%AF%96%E7%A7%91 HTTP/1.1" 200 32421
66.249.77.85 - - [26/Feb/2016:09:06:43 +0800] "GET /content/nav/relationSubject.jsp?relationWords=%E4%B8%81%E8%98%AD%E5%B0%BA+&oid=4362281 HTTP/1.1" 200 2440
66.249.77.85 - - [26/Feb/2016:09:06:46 +0800] "GET /content/nav/relationSubject.jsp?relationWords=%E4%B8%81%E8%98%AD%E5%B0%BA%20&oid=4362281 HTTP/1.1" 200 2440
66.249.71.60 - - [26/Feb/2016:09:08:06 +0800] "GET /content/repository/resource_content.jsp?oid=1530576 HTTP/1.1" 200 28586
140.123.101.42 - - [26/Feb/2016:09:09:33 +0800] "GET /digiarch_en/content/subject/resource_content.jsp?oid=16777469&queryType=qc HTTP/1.1" 200 25850
114.39.166.194 - - [26/Feb/2016:09:10:05 +0800] "GET /content/subject/resource_content.jsp?oid=16797244&queryString= HTTP/1.1" 200 50442
114.39.166.194 - - [26/Feb/2016:09:10:07 +0800] "GET /content/nav/relationSubject.jsp?relationWords=%E6%8E%A8%E8%83%8C%E5%9C%96+&oid=16797244 HTTP/1.1" 200 2217
66.249.71.60 - - [26/Feb/2016:09:10:18 +0800] "GET /content/nav/relationSubject.jsp?relationWords=%E5%90%8F%E9%83%A8+%E7%9F%A5%E5%BA%9C+&oid=2667460 HTTP/1.1" 200 3136
66.249.71.64 - - [26/Feb/2016:09:10:20 +0800] "GET /content/nav/relationSubject.jsp?relationWords=%E5%90%8F%E9%83%A8%20%E7%9F%A5%E5%BA%9C%20&oid=2667460 HTTP/1.1" 200 3136
66.249.74.98 - - [26/Feb/2016:09:10:34 +0800] "GET /content/nav/relationSubject.jsp?relationWords=%E4%B8%AD%E5%A4%AE%E6%B0%91%E6%84%8F%E4%BB%A3%E8%A1%A8+%E4%B8%BB%E5%A7%94+%E4%BD%99%E9%99%B3%E6%9C%88%E7%91%9B+%E5%85%AC%E5%8B%99%E5%93%A1+%E5%85%AC%E6%95%99%E4%BA%BA%E5%93%A1+%E5%B8%AB%E5%9C%98%E5%8D%80+%E5%BC%8A%E6%A1%88+%E5%BC%B5%E5%AF%8C+%E6%9D%B1%E8%87%BA%E5%8A%A0%E7%B5%A6+%E6%B0%91%E6%84%8F%E4%BB%A3%E8%A1%A8+%E6%B0%B4%E5%88%A9%E5%B1%80+%E6%B5%B7%E5%9F%94%E6%96%B0%E7%94%9F%E5%9C%B0+%E7%83%8F%E6%BA%AA+%E8%87%BA%E5%8C%97%E7%B8%A3+%E8%97%A5%E5%8A%91%E5%B8%AB+%E8%99%95%E9%95%B7+%E8%A1%9B%E7%94%9F%E8%99%95+%E8%A8%B1%E8%99%95+%E8%B3%87%E6%BA%90%E9%96%8B%E7%99%BC+%E8%B3%AA%E8%A9%A2+%E8%BB%8A%E9%A6%AC%E8%B2%BB+%E9%81%B8%E8%88%89%E6%AC%8A+%E9%84%AD%E5%A4%A7%E6%B4%BD+%E9%9B%A2%E5%B3%B6+%E9%B9%BD%E5%8B%99+&oid=1566323 HTTP/1.1" 200 6510
66.249.71.60 - - [26/Feb/2016:09:10:37 +0800] "GET /content/nav/relationSubject.jsp?relationWords=%E4%B8%AD%E5%A4%AE%E6%B0%91%E6%84%8F%E4%BB%A3%E8%A1%A8%20%E4%B8%BB%E5%A7%94%20%E4%BD%99%E9%99%B3%E6%9C%88%E7%91%9B%20%E5%85%AC%E5%8B%99%E5%93%A1%20%E5%85%AC%E6%95%99%E4%BA%BA%E5%93%A1%20%E5%B8%AB%E5%9C%98%E5%8D%80%20%E5%BC%8A%E6%A1%88%20%E5%BC%B5%E5%AF%8C%20%E6%9D%B1%E8%87%BA%E5%8A%A0%E7%B5%A6%20%E6%B0%91%E6%84%8F%E4%BB%A3%E8%A1%A8%20%E6%B0%B4%E5%88%A9%E5%B1%80%20%E6%B5%B7%E5%9F%94%E6%96%B0%E7%94%9F%E5%9C%B0%20%E7%83%8F%E6%BA%AA%20%E8%87%BA%E5%8C%97%E7%B8%A3%20%E8%97%A5%E5%8A%91%E5%B8%AB%20%E8%99%95%E9%95%B7%20%E8%A1%9B%E7%94%9F%E8%99%95%20%E8%A8%B1%E8%99%95%20%E8%B3%87%E6%BA%90%E9%96%8B%E7%99%BC%20%E8%B3%AA%E8%A9%A2%20%E8%BB%8A%E9%A6%AC%E8%B2%BB%20%E9%81%B8%E8%88%89%E6%AC%8A%20%E9%84%AD%E5%A4%A7%E6%B4%BD%20%E9%9B%A2%E5%B3%B6%20%E9%B9%BD%E5%8B%99%20&oid=1566323 HTTP/1.1" 200 6510
66.249.71.60 - - [26/Feb/2016:09:11:36 +0800] "GET /digiarch_en/content/exhibit/exhibit.jsp?oid=16777850 HTTP/1.1" 200 20346
66.249.71.64 - - [26/Feb/2016:09:13:23 +0800] "GET /digiarch_en/content/repository/resource_content.jsp?oid=1543195&queryString=%E5%8A%87%E5%9C%98%20%E7%9A%87%E6%B0%91%E5%A5%89%E5%85%AC%E6%9C%83%20%E7%B5%B1%E5%88%B6%20%E8%87%BA%E7%81%A3%E6%BC%94%E5%8A%87%E5%8D%94%E6%9C%83 HTTP/1.1" 200 23741
66.249.71.173 - - [26/Feb/2016:09:13:28 +0800] "GET /content/nav/relationSubject.jsp?relationWords=%E4%BC%8F%E8%99%8E+%E5%B0%8A%E8%80%85+&oid=4361968 HTTP/1.1" 200 3016
66.249.71.155 - - [26/Feb/2016:09:13:29 +0800] "GET /content/nav/relationSubject.jsp?relationWords=%E4%BC%8F%E8%99%8E%20%E5%B0%8A%E8%80%85%20&oid=4361968 HTTP/1.1" 200 3016
66.249.71.60 - - [26/Feb/2016:09:13:50 +0800] "GET /content/repository/resource_content.jsp?oid=1104342&queryString=API%20%E6%A3%AE%E6%B0%8F%E7%95%B6%E6%AD%B8%20%E6%A4%8D%E7%89%A9%E7%95%8C%20%E7%95%B6%E6%AD%B8%E5%B1%AC%20%E7%B9%96%E5%BD%A2%E7%A7%91%20%E9%9B%99%E5%AD%90%E8%91%89%E6%A4%8D%E7%89%A9 HTTP/1.1" 200 31453
163.20.242.127 - - [26/Feb/2016:09:14:33 +0800] "GET /content/nav/relationSubject.jsp?relationWords=%E5%8D%83%E5%B9%B4%E6%A1%90+%E6%A1%90%E8%8A%B1+%E6%B2%B9%E6%A1%90+&oid=16777599 HTTP/1.1" 200 3738
66.249.71.60 - - [26/Feb/2016:09:15:10 +0800] "GET /content/repository/resource_content.jsp?oid=2470780 HTTP/1.1" 200 29896
68.180.228.187 - - [26/Feb/2016:09:16:10 +0800] "GET /digiarch_en/content/subject/resource_content.jsp?oid=16777559&queryType=qc HTTP/1.1" 200 32034
66.249.71.72 - - [26/Feb/2016:09:22:15 +0800] "GET /content/repository/resource_content.jsp?oid=15422&queryString=%E4%B8%89%E5%B8%B6%E8%B5%A4%E5%B0%BE%E5%86%AC%20%E7%B4%85%E5%B0%BE%E5%86%AC%E4%BB%94%20%E9%87%91%E7%B7%9A%E9%AD%9A%E7%A7%91 HTTP/1.1" 200 35193
66.249.71.60 - - [26/Feb/2016:09:22:27 +0800] "GET /content/nav/relationSubject.jsp?relationWords=%E5%85%AB%E6%96%97%E5%AD%90+%E5%85%AD%E5%BA%9C+%E5%BA%9C%E8%BE%B2%E6%BC%81%E5%AD%97+%E9%98%B2%E6%B3%A2%E5%A0%A4+&oid=1622837 HTTP/1.1" 200 3435
66.249.77.85 - - [26/Feb/2016:09:22:51 +0800] "GET /content/repository/resource_content.jsp?oid=15187&queryType=qs&queryString=%E5%B0%BE%E6%A4%8E HTTP/1.1" 200 35653
66.249.77.97 - - [26/Feb/2016:09:22:54 +0800] "GET /content/nav/relationSubject.jsp?relationWords=%E6%B2%99%E8%85%B8%E4%BB%94+&oid=15187 HTTP/1.1" 200 3338
66.249.71.60 - - [26/Feb/2016:09:24:02 +0800] "GET /content/repository/resource_content.jsp?oid=4361957&queryString=%E8%81%96%E7%8E%8B%20%E9%84%AD%E6%88%90%E5%8A%9F%20%E9%96%8B%E5%8F%B0 HTTP/1.1" 200 39339
66.249.71.60 - - [26/Feb/2016:09:25:28 +0800] "GET /content/nav/relationSubject.jsp?relationWords=%E7%B7%9A%E4%B8%8A%E9%81%8A%E6%88%B2+%E8%80%83%E5%8F%A4%E7%99%BC%E6%8E%98+&oid=16777697 HTTP/1.1" 200 1897
66.249.71.121 - - [26/Feb/2016:09:25:29 +0800] "GET /content/nav/relationSubject.jsp?relationWords=%E5%93%81%E8%B3%AA+%E5%9C%8B%E6%B0%91%E5%B0%8F%E5%AD%B8+%E5%AD%B8%E7%94%9F%E7%94%9F%E6%B4%BB+%E5%B0%91%E5%B9%B4%E7%8A%AF%E7%BD%AA+%E7%A4%BE%E6%9C%83%E8%AE%8A%E9%81%B7+%E7%B4%85%E5%8C%85+%E8%AD%B7%E5%A3%AB+%E9%90%98%E9%BB%9E%E8%B2%BB+&oid=1591062 HTTP/1.1" 200 5151
66.249.74.59 - - [26/Feb/2016:09:25:33 +0800] "GET /content/nav/relationSubject.jsp?relationWords=%E5%93%81%E8%B3%AA%20%E5%9C%8B%E6%B0%91%E5%B0%8F%E5%AD%B8%20%E5%AD%B8%E7%94%9F%E7%94%9F%E6%B4%BB%20%E5%B0%91%E5%B9%B4%E7%8A%AF%E7%BD%AA%20%E7%A4%BE%E6%9C%83%E8%AE%8A%E9%81%B7%20%E7%B4%85%E5%8C%85%20%E8%AD%B7%E5%A3%AB%20%E9%90%98%E9%BB%9E%E8%B2%BB%20&oid=1591062 HTTP/1.1" 200 5151
66.249.79.30 - - [26/Feb/2016:09:27:35 +0800] "GET /content/repository/resource_content.jsp?oid=1821967&queryString=%E4%B8%89%E4%B8%8A%20%E6%88%8A%E5%8D%88%20%E6%8B%93%E7%89%87%20%E7%94%B2%E9%AA%A8%E6%96%87 HTTP/1.1" 200 30064
66.249.71.105 - - [26/Feb/2016:09:28:15 +0800] "GET /content/nav/relationSubject.jsp?relationWords=%E7%A5%AD%E5%84%80+%E7%B4%85%E8%89%B2%E4%BB%A4%E6%97%97+%E8%A5%BF%E6%8B%89%E9%9B%85%E6%97%8F+&oid=1782866 HTTP/1.1" 200 4152
66.249.74.59 - - [26/Feb/2016:09:29:08 +0800] "GET /content/nav/relationSubject.jsp?relationWords=&oid=2619161 HTTP/1.1" 200 1405
66.249.77.85 - - [26/Feb/2016:09:29:22 +0800] "GET /content/repository/resource_content.jsp?oid=2561801&queryType=qs&queryString=%E9%8E%AE%E5%BA%B7 HTTP/1.1" 200 29222
36.236.236.214 - - [26/Feb/2016:09:29:22 +0800] "GET /content/repository/resource_content.jsp?oid=1778375&queryType=qs&queryString=%E8%98%AD%E5%B6%BC%E5%8E%9F%E4%BD%8F%E6%B0%91 HTTP/1.1" 200 34088
36.236.236.214 - - [26/Feb/2016:09:29:22 +0800] "GET /content/nav/relationSubject.jsp?relationWords=%E5%8F%8D%E6%A0%B8+%E5%AA%92%E9%AB%94+%E6%81%90%E6%87%BC+%E6%A0%B8%E8%83%BD+%E7%92%B0%E5%A2%83%E4%BF%9D%E8%AD%B7+%E7%A4%BE%E6%9C%83%E9%81%8B%E5%8B%95+%E9%9B%85%E7%BE%8E%E6%97%8F+&oid=1778375 HTTP/1.1" 200 7871
66.249.77.85 - - [26/Feb/2016:09:31:07 +0800] "GET /content/repository/resource_content.jsp?oid=2147104&queryString=%E6%9D%9C%E9%B5%91%E8%8A%B1%20%E6%9D%9C%E9%B5%91%E8%8A%B1%E5%B1%AC%20%E6%9D%9C%E9%B5%91%E8%8A%B1%E7%A7%91%20%E6%A3%AE%E6%B0%8F%E6%9D%9C%E9%B5%91%20%E6%A4%8D%E7%89%A9%E7%95%8C HTTP/1.1" 200 31436
66.249.74.72 - - [26/Feb/2016:09:31:32 +0800] "GET /digiarch3/content/tmp_tec/resource_content.jsp?oid=16777731 HTTP/1.1" 200 39228
66.249.71.41 - - [26/Feb/2016:09:31:40 +0800] "GET /content/repository/resource_content.jsp?oid=3819272&queryString=%E5%A4%A9%E8%8D%89%E9%B3%B3%E5%B0%BE%E8%95%A8%20%E6%A4%8D%E7%89%A9%E7%95%8C%20%E6%B0%B4%E9%BE%8D%E9%AA%A8%20%E8%95%A8%E9%A1%9E%E6%A4%8D%E7%89%A9%20%E9%B3%B3%E5%B0%BE%E8%95%A8%E5%B1%AC%20%E9%B3%B3%E5%B0%BE%E8%95%A8%E7%A7%91 HTTP/1.1" 200 31585
66.249.71.60 - - [26/Feb/2016:09:32:54 +0800] "GET /digiarch_en/content/tmp_tec/resource_content.jsp?oid=16777837&queryString= HTTP/1.1" 200 30108
66.249.77.91 - - [26/Feb/2016:09:33:39 +0800] "GET /content/repository/resource_content.jsp?oid=1607235&queryString=%E5%9C%8B%E9%9A%9B%E6%9B%B8%E5%B1%95%20%E6%95%B8%E4%BD%8D%E5%85%B8%E8%97%8F%20%E6%95%B8%E4%BD%8D%E5%AD%B8%E7%BF%92%20%E7%A7%91%E6%8A%80%20%E8%A6%96%E8%A6%BA%20%E8%A6%96%E8%A6%BA%E8%A8%AD%E8%A8%88 HTTP/1.1" 200 37140
66.249.77.85 - - [26/Feb/2016:09:34:40 +0800] "GET /content/repository/resource_content.jsp?oid=14736&queryString=%E7%80%BE%E5%85%AC%E5%A6%BE%20%E8%B5%A4%E9%B0%AD%E6%A3%98%E9%B1%97%E9%AD%9A%20%E9%87%91%E9%B1%97%E7%94%B2%20%E9%87%91%E9%B1%97%E9%AD%9A%E7%A7%91%20%E9%90%B5%E7%94%B2%E5%85%B5%20%E9%90%B5%E7%B7%9A%E5%A9%86 HTTP/1.1" 200 36863
66.249.71.64 - - [26/Feb/2016:09:35:45 +0800] "GET /content/nav/relationSubject.jsp?relationWords=%E7%94%9F%E8%95%83%E5%82%B3%E8%AA%AA%E9%9B%86+&oid=1778029 HTTP/1.1" 200 2368
66.249.71.72 - - [26/Feb/2016:09:35:47 +0800] "GET /content/nav/relationSubject.jsp?relationWords=%E7%94%9F%E8%95%83%E5%82%B3%E8%AA%AA%E9%9B%86%20&oid=1778029 HTTP/1.1" 200 2368
66.249.71.64 - - [26/Feb/2016:09:36:49 +0800] "GET /content/nav/relationSubject.jsp?relationWords=%E6%95%B8%E4%BD%8D%E5%85%B8%E8%97%8F%20&oid=16777367 HTTP/1.1" 200 5879
66.249.71.113 - - [26/Feb/2016:09:37:02 +0800] "GET /content/nav/relationSubject.jsp?relationWords=%E4%B8%89%E8%A7%92%E5%A7%91+%E4%B8%89%E8%A7%92%E9%89%A4+%E6%B7%A1%E6%B0%B4%E6%B2%B3%E9%AE%A0+%E8%84%82%E9%AE%A0+%E9%95%B7%E8%84%82%E6%93%AC%E9%B1%A8%E9%AE%A0+%E9%AE%A0%E7%A7%91+&oid=4353871 HTTP/1.1" 200 3696
66.249.71.105 - - [26/Feb/2016:09:37:13 +0800] "GET /content/nav/relationSubject.jsp?relationWords=%E4%B8%89%E8%A7%92%E5%A7%91%20%E4%B8%89%E8%A7%92%E9%89%A4%20%E6%B7%A1%E6%B0%B4%E6%B2%B3%E9%AE%A0%20%E8%84%82%E9%AE%A0%20%E9%95%B7%E8%84%82%E6%93%AC%E9%B1%A8%E9%AE%A0%20%E9%AE%A0%E7%A7%91%20&oid=4353871 HTTP/1.1" 200 3696
106.1.190.162 - - [26/Feb/2016:09:37:33 +0800] "GET /content/nav/relationSubject.jsp?relationWords=%E5%B1%B1%E8%8A%99%E8%93%89+%E6%9C%A8%E8%8A%99%E8%93%89+%E8%96%9B%E6%BF%A4+%E9%86%89%E8%8A%99%E8%93%89+&oid=16777260 HTTP/1.1" 200 4595
122.146.145.67 - - [26/Feb/2016:09:37:41 +0800] "GET /content/nav/relationSubject.jsp?relationWords=%E8%8B%A6%E8%8B%93+&oid=16777317 HTTP/1.1" 200 3183
66.249.74.100 - - [26/Feb/2016:09:38:03 +0800] "GET /content/nav/relationSubject.jsp?relationWords=%E5%90%88%E4%BD%9C%E7%A4%BE+%E5%95%86%E8%89%B1%E6%A1%88+%E5%B7%A5%E8%B3%87+%E7%9C%81%E6%94%BF%E5%BA%9C+%E7%A2%BC%E9%A0%AD%E5%B7%A5%E4%BA%BA+%E8%81%B7%E6%A5%AD%E5%B7%A5%E6%9C%83+%E8%82%A1%E4%BB%BD%E6%9C%89%E9%99%90%E5%85%AC%E5%8F%B8+%E8%91%A3%E4%BA%8B%E9%95%B7+%E8%98%87%E5%95%86%E8%89%B1+%E8%98%87%E6%BE%B3%E6%B8%AF+%E9%81%8B%E9%80%81%E6%A5%AD+%E9%AB%98%E9%9B%84%E6%B8%AF+&oid=1532666 HTTP/1.1" 200 5067
66.249.71.60 - - [26/Feb/2016:09:38:13 +0800] "GET /content/subject/resource_content.jsp?oid=16777690&queryType=qs&queryString=%E5%A4%A9%E7%84%B6%E7%81%BD%E5%AE%B3 HTTP/1.1" 200 40231
66.249.71.60 - - [26/Feb/2016:09:38:50 +0800] "GET /digiarch_en/content/nav/relationSubject.jsp?relationWords=%E6%A5%8A%E9%9B%B2%E8%90%8D+%E8%87%BA%E7%81%A3%E8%97%9D%E8%A1%93%E7%A4%BE+%E9%BB%83%E5%AE%97+&oid=2470442 HTTP/1.1" 200 3290
118.163.34.145 - - [26/Feb/2016:09:39:09 +0800] "GET /content/nav/relationSubject.jsp?relationWords=%E7%83%8F%E5%BF%83%E7%9F%B3+%E9%B1%B8%E9%B0%BB+&oid=16777303 HTTP/1.1" 200 4004
66.249.71.60 - - [26/Feb/2016:09:39:12 +0800] "GET /digiarch_en/content/nav/relationSubject.jsp?relationWords=%E6%A5%8A%E9%9B%B2%E8%90%8D%20%E8%87%BA%E7%81%A3%E8%97%9D%E8%A1%93%E7%A4%BE%20%E9%BB%83%E5%AE%97%20&oid=2470442 HTTP/1.1" 200 3290
157.55.39.181 - - [26/Feb/2016:09:39:38 +0800] "GET /content/subject/resource_content.jsp?oid=16777508 HTTP/1.1" 200 36289
66.249.71.60 - - [26/Feb/2016:09:40:15 +0800] "GET /content/nav/relationSubject.jsp?relationWords=%E5%B0%84%E7%B7%9A%E9%9D%92%E8%9E%BA%20%E8%85%B9%E8%B6%B3%E7%B6%B1%20%E8%8A%B1%E9%9D%92%E8%9E%BA%20%E8%93%AE%E8%8A%B1%E9%9D%92%E8%9E%BA%20%E8%93%AE%E8%8A%B1%E9%9D%92%E8%9E%BA%E7%A7%91%20%E8%BB%9F%E9%AB%94%E5%8B%95%E7%89%A9%E9%96%80%20%E9%9D%92%E8%9E%BA%20&oid=4548138 HTTP/1.1" 200 3586
66.249.71.113 - - [26/Feb/2016:09:40:23 +0800] "GET /content/nav/relationSubject.jsp?relationWords=&oid=2598233 HTTP/1.1" 200 1405
66.249.71.105 - - [26/Feb/2016:09:40:30 +0800] "GET /content/repository/resource_content.jsp?oid=2511330&queryType=qs&queryString=%E5%AB%A1%E9%95%B7%E5%AD%90 HTTP/1.1" 200 29936
66.249.71.113 - - [26/Feb/2016:09:41:30 +0800] "GET /content/nav/relationSubject.jsp?relationWords=%E4%BF%9D%E9%80%81%E9%83%A8+%E6%95%99%E8%82%B2%E5%BB%B3+%E6%9D%8E%E9%9B%85%E6%A8%B5+%E6%B5%81%E6%B0%93+%E8%B3%AA%E8%A9%A2+%E9%80%B2%E4%BF%AE+&oid=1589621 HTTP/1.1" 200 3707
66.249.71.113 - - [26/Feb/2016:09:41:33 +0800] "GET /content/nav/relationSubject.jsp?relationWords=%E4%BF%9D%E9%80%81%E9%83%A8%20%E6%95%99%E8%82%B2%E5%BB%B3%20%E6%9D%8E%E9%9B%85%E6%A8%B5%20%E6%B5%81%E6%B0%93%20%E8%B3%AA%E8%A9%A2%20%E9%80%B2%E4%BF%AE%20&oid=1589621 HTTP/1.1" 200 3707
68.180.228.187 - - [26/Feb/2016:09:41:37 +0800] "GET /digiarch_en/content/subject/resource_content.jsp?oid=16777805&queryType=qc HTTP/1.1" 200 32503
223.141.32.4 - - [26/Feb/2016:09:42:43 +0800] "GET /content/nav/relationSubject.jsp?relationWords=%E6%B0%B4%E9%BB%83%E7%9A%AE+&oid=16777535 HTTP/1.1" 200 3630
66.249.74.102 - - [26/Feb/2016:09:42:47 +0800] "GET /content/nav/relationSubject.jsp?relationWords=%E6%9F%91%E6%A1%94+%E7%94%B0%E8%B3%A6+&oid=1594438 HTTP/1.1" 200 4950
66.249.74.100 - - [26/Feb/2016:09:42:49 +0800] "GET /content/nav/relationSubject.jsp?relationWords=%E6%9F%91%E6%A1%94%20%E7%94%B0%E8%B3%A6%20&oid=1594438 HTTP/1.1" 200 4950
66.249.77.85 - - [26/Feb/2016:09:42:51 +0800] "GET /content/subject/resource_content.jsp?oid=16777396&queryString=%E9%9D%92%E5%89%9B%20%E9%9D%92%E5%89%9B%E6%AB%9F HTTP/1.1" 200 34724
68.180.228.187 - - [26/Feb/2016:09:43:42 +0800] "GET /digiarch_en/content/repository/resource_content.jsp?oid=523584&queryType=qc HTTP/1.1" 200 27345
66.249.71.60 - - [26/Feb/2016:09:44:46 +0800] "GET /content/nav/relationSubject.jsp?relationWords=%E5%8F%B0%E9%96%8B+%E5%9C%B0%E4%B8%8B%E9%81%93+%E6%9C%88%E5%8F%B0+%E8%8B%97%E6%A0%97%E7%81%AB%E8%BB%8A%E7%AB%99+&oid=1617569 HTTP/1.1" 200 3794
66.249.71.60 - - [26/Feb/2016:09:44:49 +0800] "GET /content/nav/relationSubject.jsp?relationWords=%E5%8F%B0%E9%96%8B%20%E5%9C%B0%E4%B8%8B%E9%81%93%20%E6%9C%88%E5%8F%B0%20%E8%8B%97%E6%A0%97%E7%81%AB%E8%BB%8A%E7%AB%99%20&oid=1617569 HTTP/1.1" 200 3794
66.249.71.105 - - [26/Feb/2016:09:45:14 +0800] "GET /content/nav/relationSubject.jsp?relationWords=%E5%90%8F%E9%83%A8+&oid=2672987 HTTP/1.1" 200 3101
66.249.71.121 - - [26/Feb/2016:09:45:16 +0800] "GET /content/nav/relationSubject.jsp?relationWords=%E5%90%8F%E9%83%A8%20&oid=2672987 HTTP/1.1" 200 3101
66.249.71.121 - - [26/Feb/2016:09:46:32 +0800] "GET /content/nav/relationSubject.jsp?relationWords=%E6%8F%90%E7%9D%A3+%E7%BD%B2%E7%9B%B4%E9%9A%B8+&oid=2521706 HTTP/1.1" 200 4043
66.249.74.63 - - [26/Feb/2016:09:46:34 +0800] "GET /content/nav/relationSubject.jsp?relationWords=%E6%8F%90%E7%9D%A3%20%E7%BD%B2%E7%9B%B4%E9%9A%B8%20&oid=2521706 HTTP/1.1" 200 4043
66.249.79.186 - - [26/Feb/2016:09:46:53 +0800] "GET /content/nav/relationSubject.jsp?relationWords=%E4%B9%9E%E8%BD%89+%E5%8F%B0%E7%81%A3%E7%9C%81+%E5%90%8C%E6%A5%AD%E5%85%AC%E6%9C%83+%E5%BD%B0%E5%8C%96%E7%B8%A3%E8%AD%B0%E6%9C%83+%E7%9C%81%E6%94%BF%E5%BA%9C+%E8%87%A8%E6%99%82%E7%9C%81%E8%AD%B0%E6%9C%83+%E8%97%A5%E5%8A%91%E5%B8%AB+%E8%97%A5%E5%93%81+%E8%A1%9B%E7%94%9F%E6%89%80+%E8%A5%BF%E8%97%A5+%E8%A5%BF%E8%97%A5%E7%A8%AE%E5%95%86+%E9%AB%98%E9%9B%84%E5%B8%82+&oid=1521801 HTTP/1.1" 200 5052
66.249.71.164 - - [26/Feb/2016:09:46:54 +0800] "GET /content/nav/relationSubject.jsp?relationWords=%E4%B9%9E%E8%BD%89%20%E5%8F%B0%E7%81%A3%E7%9C%81%20%E5%90%8C%E6%A5%AD%E5%85%AC%E6%9C%83%20%E5%BD%B0%E5%8C%96%E7%B8%A3%E8%AD%B0%E6%9C%83%20%E7%9C%81%E6%94%BF%E5%BA%9C%20%E8%87%A8%E6%99%82%E7%9C%81%E8%AD%B0%E6%9C%83%20%E8%97%A5%E5%8A%91%E5%B8%AB%20%E8%97%A5%E5%93%81%20%E8%A1%9B%E7%94%9F%E6%89%80%20%E8%A5%BF%E8%97%A5%20%E8%A5%BF%E8%97%A5%E7%A8%AE%E5%95%86%20%E9%AB%98%E9%9B%84%E5%B8%82%20&oid=1521801 HTTP/1.1" 200 5052
157.55.39.120 - - [26/Feb/2016:09:47:01 +0800] "GET /content/nav/relationSubject.jsp?relationWords=%E7%83%8F%E5%BF%83%E7%9F%B3+%E9%B1%B8%E9%B0%BB+&oid=16777303 HTTP/1.1" 200 4004
66.249.71.64 - - [26/Feb/2016:09:47:12 +0800] "GET /content/nav/relationSubject.jsp?relationWords=%E4%BF%9D%E5%AE%89%E5%8F%B8+%E5%8F%B8%E4%BB%A4%E9%83%A8+%E6%9F%A5%E6%9F%90+%E8%87%BA%E5%8C%97%E5%B8%82+%E8%87%BA%E7%81%A3%E7%9C%81%E5%8F%83%E8%AD%B0%E6%9C%83+&oid=1516081 HTTP/1.1" 200 5609
66.249.74.100 - - [26/Feb/2016:09:47:15 +0800] "GET /content/nav/relationSubject.jsp?relationWords=%E4%BF%9D%E5%AE%89%E5%8F%B8%20%E5%8F%B8%E4%BB%A4%E9%83%A8%20%E6%9F%A5%E6%9F%90%20%E8%87%BA%E5%8C%97%E5%B8%82%20%E8%87%BA%E7%81%A3%E7%9C%81%E5%8F%83%E8%AD%B0%E6%9C%83%20&oid=1516081 HTTP/1.1" 200 5609
66.249.71.60 - - [26/Feb/2016:09:47:50 +0800] "GET /content/nav/relationSubject.jsp?relationWords=%E9%9D%92%E6%A5%93+&oid=16777274 HTTP/1.1" 200 3565
157.55.39.20 - - [26/Feb/2016:09:48:06 +0800] "GET /content/repository/resource_content.jsp?oid=3823697&queryString=API%20%E6%A4%8D%E7%89%A9%E7%95%8C%20%E7%84%A1%E6%82%A3%E5%AD%90%20%E7%84%A1%E6%82%A3%E5%AD%90%E7%A7%91 HTTP/1.1" 200 31164
68.180.228.187 - - [26/Feb/2016:09:48:41 +0800] "GET /digiarch_en/content/subject/resource_content.jsp?oid=16777736&queryType=qc HTTP/1.1" 200 40277
207.46.13.18 - - [26/Feb/2016:09:48:59 +0800] "GET /digiarch/content/repository/resource_content.jsp?oid=1812500 HTTP/1.1" 404 14873
66.249.71.60 - - [26/Feb/2016:09:49:28 +0800] "GET /content/nav/relationSubject.jsp?relationWords=%E5%B7%A1%E6%92%AB+%E6%AC%BD%E5%AE%9A%E5%9B%9B%E6%9B%B8%E6%96%87+&oid=2535334 HTTP/1.1" 200 3164
66.249.71.60 - - [26/Feb/2016:09:49:30 +0800] "GET /content/nav/relationSubject.jsp?relationWords=%E5%B7%A1%E6%92%AB%20%E6%AC%BD%E5%AE%9A%E5%9B%9B%E6%9B%B8%E6%96%87%20&oid=2535334 HTTP/1.1" 200 3164
66.249.71.60 - - [26/Feb/2016:09:50:38 +0800] "GET /digiarch_en/content/repository/resource_content.jsp?oid=634900&queryString=%E4%BA%BA%E5%90%8D%E6%AC%8A%E5%A8%81%20%E9%A1%8F%E6%83%A0%E6%85%B6%20%E9%BD%8A%E7%87%AE%E5%85%83 HTTP/1.1" 200 22138
66.249.74.98 - - [26/Feb/2016:09:51:22 +0800] "GET /content/nav/relationSubject.jsp?relationWords=%E4%BA%BA%E5%90%8D%E6%AC%8A%E5%A8%81+%E6%99%BA%E5%88%A9%E7%A1%9D+&oid=621994 HTTP/1.1" 200 3185
66.249.71.60 - - [26/Feb/2016:09:51:24 +0800] "GET /content/nav/relationSubject.jsp?relationWords=%E4%BA%BA%E5%90%8D%E6%AC%8A%E5%A8%81%20%E6%99%BA%E5%88%A9%E7%A1%9D%20&oid=621994 HTTP/1.1" 200 3185
66.249.77.91 - - [26/Feb/2016:09:52:24 +0800] "GET /content/repository/resource_content.jsp?oid=1774445&queryType=qs&queryString=%E8%91%89%E7%9B%9B HTTP/1.1" 200 30307
163.29.41.234 - - [26/Feb/2016:09:52:43 +0800] "GET /digiarch3/content/subject/resource_content.jsp?oid=16777744&queryString=%E6%96%87%E5%8C%96%E4%B8%AD%E5%BF%83%20%E7%94%9F%E7%89%A9%E5%A4%9A%E6%A8%A3%E6%80%A7 HTTP/1.1" 200 41384
163.29.41.234 - - [26/Feb/2016:09:52:51 +0800] "GET /digiarch3/content/nav/relationSubject.jsp?relationWords=GBIF+%E5%8F%B0%E7%81%A3%E9%AD%9A%E9%A1%9E+%E6%B5%B7%E9%AE%AE+%E7%94%9F%E7%89%A9%E5%A4%9A%E6%A8%A3%E6%80%A7+%E8%99%B1%E7%9B%AE%E9%AD%9A+&oid=16777744 HTTP/1.1" 200 11156
157.55.39.20 - - [26/Feb/2016:09:53:14 +0800] "GET /content/nav/relationSubject.jsp?relationWords=%E8%8C%84%E8%8B%B3+&oid=16777306 HTTP/1.1" 200 4432
66.249.71.64 - - [26/Feb/2016:09:53:18 +0800] "GET /content/nav/relationSubject.jsp?relationWords=%E9%81%A0%E5%93%A8+&oid=2545601 HTTP/1.1" 200 2907
