203.64.230.118 - - [25/Feb/2014:11:19:51 +0800] "GET /content/pictures/picture_content.jsp?oid=33554804&classify=2259 HTTP/1.1" 200 27025
203.64.230.118 - - [25/Feb/2014:11:19:52 +0800] "GET /content/nav/relationSubject.jsp?relationWords=%E5%88%BA%E5%B0%BE%E9%AF%9B+%E6%93%AC%E5%88%BA%E5%B0%BE%E9%AF%9B+&oid=33554804 HTTP/1.1" 200 3427
140.127.80.99 - - [25/Feb/2014:11:20:27 +0800] "GET /content/nav/relationSubject.jsp?relationWords=%E5%B1%B1%E8%8A%99%E8%93%89+%E6%9C%A8%E8%8A%99%E8%93%89+%E8%96%9B%E6%BF%A4+%E9%86%89%E8%8A%99%E8%93%89+&oid=16777260 HTTP/1.1" 200 4603
203.64.230.118 - - [25/Feb/2014:11:20:43 +0800] "GET /content/pictures/picture_content.jsp?oid=33554981&classify=2260 HTTP/1.1" 200 26546
203.64.230.118 - - [25/Feb/2014:11:20:44 +0800] "GET /content/nav/relationSubject.jsp?relationWords=%E8%BB%8A%E8%BC%AA%E8%9E%BA+%E9%BB%91%E7%B7%9A%E8%BB%8A%E8%BC%AA%E8%9E%BA+&oid=33554981 HTTP/1.1" 200 3318
210.59.124.72 - - [25/Feb/2014:11:21:23 +0800] "GET /content/pictures/picture_content.jsp?oid=33554503&classify=2257 HTTP/1.1" 200 26334
210.59.124.72 - - [25/Feb/2014:11:21:23 +0800] "GET /content/nav/relationSubject.jsp?relationWords=&oid=33554503 HTTP/1.1" 200 1413
203.64.230.118 - - [25/Feb/2014:11:21:30 +0800] "GET /content/pictures/picture_content.jsp?oid=33554536&classify=2561 HTTP/1.1" 200 26615
203.64.230.118 - - [25/Feb/2014:11:21:30 +0800] "GET /content/nav/relationSubject.jsp?relationWords=&oid=33554536 HTTP/1.1" 200 1413
210.59.124.72 - - [25/Feb/2014:11:21:50 +0800] "GET /content/pictures/picture_content.jsp?oid=33554503&classify=2257 HTTP/1.1" 200 26334
210.59.124.72 - - [25/Feb/2014:11:21:51 +0800] "GET /content/nav/relationSubject.jsp?relationWords=&oid=33554503 HTTP/1.1" 200 1413
66.249.77.236 - - [25/Feb/2014:11:22:10 +0800] "GET /content/nav/relationSubject.jsp?relationWords=%E6%9E%97%E7%8D%BB%E5%A0%82+%E7%81%8C%E5%9C%92+%E7%81%8C%E5%9C%92%E5%85%88%E7%94%9F+%E9%9C%A7%E5%B3%B0+&oid=16777783 HTTP/1.1" 200 6085
66.249.77.236 - - [25/Feb/2014:11:22:12 +0800] "GET /content/nav/relationSubject.jsp?relationWords=%E6%9E%97%E7%8D%BB%E5%A0%82%20%E7%81%8C%E5%9C%92%20%E7%81%8C%E5%9C%92%E5%85%88%E7%94%9F%20%E9%9C%A7%E5%B3%B0%20&oid=16777783 HTTP/1.1" 200 6085
66.249.77.195 - - [25/Feb/2014:11:22:24 +0800] "GET /content/repository/resource_content.jsp?oid=1618151 HTTP/1.1" 200 27653
114.27.128.252 - - [25/Feb/2014:11:23:01 +0800] "GET /content/nav/relationSubject.jsp?relationWords=%E5%B1%B1%E8%8A%99%E8%93%89+%E6%9C%A8%E8%8A%99%E8%93%89+%E8%96%9B%E6%BF%A4+%E9%86%89%E8%8A%99%E8%93%89+&oid=16777260 HTTP/1.1" 200 4603
66.249.77.195 - - [25/Feb/2014:11:23:24 +0800] "GET /content/subject/resource_content.jsp?oid=16777728&queryType=qc HTTP/1.1" 200 64204
66.249.77.8 - - [25/Feb/2014:11:23:47 +0800] "GET /content/repository/resource_content.jsp?oid=524050&queryString=%E7%8E%89%E8%9E%BA%20%E7%8E%89%E8%9E%BA%E5%B1%AC%20%E7%8E%89%E8%9E%BA%E7%A7%91%20%E7%95%B0%E8%B6%B3%E7%9B%AE%20%E7%B4%B0%E7%B4%8B%E7%8E%89%E8%9E%BA%20%E8%82%89%E8%9E%BA%20%E8%85%B9%E8%B6%B3%E7%B6%B1 HTTP/1.1" 200 34029
66.249.74.117 - - [25/Feb/2014:11:24:10 +0800] "GET /content/nav/relationSubject.jsp?relationWords=%E8%BF%91%E4%BB%A3%E5%8F%B2+&oid=16777498 HTTP/1.1" 200 7298
66.249.77.8 - - [25/Feb/2014:11:24:16 +0800] "GET /content/nav/relationSubject.jsp?relationWords=%E8%BF%91%E4%BB%A3%E5%8F%B2%20&oid=16777498 HTTP/1.1" 200 7298
203.64.230.118 - - [25/Feb/2014:11:25:20 +0800] "GET /content/repository/resource_content.jsp?oid=523619&queryType=qc HTTP/1.1" 200 34576
203.64.230.118 - - [25/Feb/2014:11:25:21 +0800] "GET /content/nav/relationSubject.jsp?relationWords=%E4%BA%94%E5%BD%A9%E8%9C%91%E8%9E%BA+%E6%B2%B3%E8%9C%91%E8%9E%BA%E5%B1%AC+%E8%85%B9%E8%B6%B3%E7%B6%B1+%E8%9C%91%E8%9E%BA+&oid=523619 HTTP/1.1" 200 3445
203.64.230.118 - - [25/Feb/2014:11:25:47 +0800] "GET /content/repository/resource_content.jsp?oid=1782029&queryType=null&queryString= HTTP/1.1" 200 28658
203.64.230.118 - - [25/Feb/2014:11:25:47 +0800] "GET /content/nav/relationSubject.jsp?relationWords=%E5%B7%AB%E5%B8%AB+%E5%B7%AB%E5%B8%AB%E9%81%93%E5%85%B7+%E5%B7%AB%E5%B8%AB%E9%81%93%E5%85%B7%E7%AE%B1+%E6%B3%95%E5%99%A8+%E7%A5%AD%E5%84%80+%E9%81%93%E5%85%B7%E7%AE%B1+&oid=1782029 HTTP/1.1" 200 4238
39.14.28.90 - - [25/Feb/2014:11:26:09 +0800] "GET /content/nav/relationSubject.jsp?relationWords=%E9%BB%91%E6%9D%BF%E6%A8%B9+&oid=16777262 HTTP/1.1" 200 3261
39.14.28.90 - - [25/Feb/2014:11:26:25 +0800] "GET /content/subject/resource_content.jsp?oid=16777296&queryString=%E9%BB%91%E6%9D%BF%E6%A8%B9 HTTP/1.1" 200 31260
39.14.28.90 - - [25/Feb/2014:11:26:26 +0800] "GET /content/nav/relationSubject.jsp?relationWords=%E9%BB%91%E6%9D%BF%E6%A8%B9+&oid=16777296 HTTP/1.1" 200 3255
39.14.28.90 - - [25/Feb/2014:11:26:36 +0800] "GET /content/repository/resource_content.jsp?oid=1104158&queryString=%E9%BB%91%E6%9D%BF%E6%A8%B9 HTTP/1.1" 200 29937
39.14.28.90 - - [25/Feb/2014:11:26:38 +0800] "GET /content/nav/relationSubject.jsp?relationWords=%E5%A4%BE%E7%AB%B9%E6%A1%83+%E5%A4%BE%E7%AB%B9%E6%A1%83%E7%A7%91+%E6%A4%8D%E7%89%A9%E7%95%8C+%E9%BB%91%E6%9D%BF%E6%A8%B9+%E9%BE%8D%E8%86%BD+&oid=1104158 HTTP/1.1" 200 4628
66.249.74.221 - - [25/Feb/2014:11:27:03 +0800] "GET /content/repository/resource_content.jsp?oid=650529 HTTP/1.1" 200 25939
203.64.230.118 - - [25/Feb/2014:11:27:03 +0800] "GET /content/repository/resource_content.jsp?oid=4388083&queryType=null&queryString= HTTP/1.1" 200 29782
203.64.230.118 - - [25/Feb/2014:11:27:04 +0800] "GET /content/nav/relationSubject.jsp?relationWords=%E4%BA%94%E5%B9%B4%E7%A5%AD+%E5%88%BA%E7%90%83+%E7%A5%AD%E5%84%80+&oid=4388083 HTTP/1.1" 200 4105
203.64.230.118 - - [25/Feb/2014:11:27:29 +0800] "GET /content/repository/resource_content.jsp?oid=523612&queryType=null&queryString= HTTP/1.1" 200 34965
203.64.230.118 - - [25/Feb/2014:11:27:30 +0800] "GET /content/nav/relationSubject.jsp?relationWords=%E6%B2%B3%E8%9C%91%E8%9E%BA%E5%B1%AC+%E7%B4%B0%E6%96%91+%E7%B4%B0%E6%96%91%E8%9C%91%E8%9E%BA+%E8%85%B9%E8%B6%B3%E7%B6%B1+%E8%9C%91%E8%9E%BA+&oid=523612 HTTP/1.1" 200 3480
66.249.77.195 - - [25/Feb/2014:11:28:05 +0800] "GET /content/repository/resource_content.jsp?oid=4485993&queryString=%E9%9F%B3%E6%A8%82%E6%9C%83 HTTP/1.1" 200 27266
66.249.77.195 - - [25/Feb/2014:11:28:15 +0800] "GET /content/repository/resource_content.jsp?oid=650265 HTTP/1.1" 200 25939
39.14.28.90 - - [25/Feb/2014:11:29:11 +0800] "GET /content/nav/relationSubject.jsp?relationWords=%E9%BB%91%E6%9D%BF%E6%A8%B9+&oid=16777262 HTTP/1.1" 200 3261
203.64.230.118 - - [25/Feb/2014:11:29:13 +0800] "GET /content/repository/resource_content.jsp?oid=1780415&queryType=null&queryString=%2B%E9%9D%92%E9%8A%85 HTTP/1.1" 200 28162
203.64.230.118 - - [25/Feb/2014:11:29:13 +0800] "GET /content/nav/relationSubject.jsp?relationWords=%E9%8A%85%E9%88%B4+&oid=1780415 HTTP/1.1" 200 2953
203.64.230.118 - - [25/Feb/2014:11:29:26 +0800] "GET /content/repository/resource_content.jsp?oid=1780415&queryType=null&queryString=%2B%E9%9D%92%E9%8A%85 HTTP/1.1" 200 28162
203.64.230.118 - - [25/Feb/2014:11:29:27 +0800] "GET /content/nav/relationSubject.jsp?relationWords=%E9%8A%85%E9%88%B4+&oid=1780415 HTTP/1.1" 200 2953
66.249.77.195 - - [25/Feb/2014:11:29:28 +0800] "GET /content/repository/resource_content.jsp?oid=651016 HTTP/1.1" 200 26989
39.14.28.90 - - [25/Feb/2014:11:29:49 +0800] "GET /content/subject/resource_content.jsp?oid=16777296&queryString=%E9%BB%91%E6%9D%BF%E6%A8%B9 HTTP/1.1" 200 31260
39.14.28.90 - - [25/Feb/2014:11:29:49 +0800] "GET /content/nav/relationSubject.jsp?relationWords=%E9%BB%91%E6%9D%BF%E6%A8%B9+&oid=16777296 HTTP/1.1" 200 3255
66.249.74.221 - - [25/Feb/2014:11:30:07 +0800] "GET /content/repository/resource_content.jsp?oid=1618275 HTTP/1.1" 200 27864
66.249.77.195 - - [25/Feb/2014:11:30:41 +0800] "GET /content/repository/resource_content.jsp?oid=566887 HTTP/1.1" 200 26826
61.135.249.192 - - [25/Feb/2014:11:30:49 +0800] "GET /content/subject/resource_content.jsp?oid=16777486&queryType=qc HTTP/1.1" 200 41122
203.64.230.118 - - [25/Feb/2014:11:31:31 +0800] "GET /content/repository/resource_content.jsp?oid=4364622&queryType=null&queryString=%E9%80%A3%E6%9D%AF HTTP/1.1" 200 28309
203.64.230.118 - - [25/Feb/2014:11:31:32 +0800] "GET /content/nav/relationSubject.jsp?relationWords=%E7%9B%9B%E5%85%B7+%E9%AA%A8%E9%9B%95+%E9%AD%AF%E5%87%B1+%E9%AD%AF%E5%87%B1%E6%97%8F+&oid=4364622 HTTP/1.1" 200 3215
163.17.212.111 - - [25/Feb/2014:11:31:36 +0800] "GET /content/nav/relationSubject.jsp?relationWords=%E5%B1%B1%E6%AB%BB%E8%8A%B1+&oid=16777304 HTTP/1.1" 200 4460
66.249.77.195 - - [25/Feb/2014:11:31:54 +0800] "GET /content/repository/resource_content.jsp?oid=566824 HTTP/1.1" 200 26738
66.249.77.8 - - [25/Feb/2014:11:31:58 +0800] "GET /content/repository/resource_content.jsp?oid=1530058&queryString=%E4%BF%9D%E9%9A%AA%20%E6%9C%83%E8%AD%B0%E7%B4%80%E9%8C%84%20%E7%A0%94%E8%A8%8E%E6%9C%83%20%E8%87%BA%E7%81%A3%E7%9C%81%E6%94%BF%E5%BA%9C HTTP/1.1" 200 30478
66.249.74.221 - - [25/Feb/2014:11:32:22 +0800] "GET /content/nav/relationSubject.jsp?relationWords=%E8%90%BD%E6%88%90%E5%BC%8F%20%E9%9F%B3%E6%A8%82%E6%9C%83%20&oid=4485993 HTTP/1.1" 200 3975
203.64.230.118 - - [25/Feb/2014:11:33:20 +0800] "GET /content/repository/resource_content.jsp?oid=1781614&queryType=null&queryString=%E9%80%A3%E6%9D%AF HTTP/1.1" 200 28609
203.64.230.118 - - [25/Feb/2014:11:33:21 +0800] "GET /content/nav/relationSubject.jsp?relationWords=%E9%80%A3%E6%9D%AF+&oid=1781614 HTTP/1.1" 200 2947
66.249.77.195 - - [25/Feb/2014:11:34:20 +0800] "GET /content/repository/resource_content.jsp?oid=566950 HTTP/1.1" 200 26835
66.249.77.8 - - [25/Feb/2014:11:35:00 +0800] "GET /content/nav/relationSubject.jsp?relationWords=%E5%B0%8F%E7%81%B0%E7%8E%89%E8%9E%BA+%E7%81%B0%E7%8E%89+%E7%8E%89%E8%9E%BA+%E7%8E%89%E8%9E%BA%E5%B1%AC+%E7%8E%89%E8%9E%BA%E7%A7%91+%E7%95%B0%E8%B6%B3%E7%9B%AE+%E8%85%B9%E8%B6%B3%E7%B6%B1+&oid=524050 HTTP/1.1" 200 3546
66.249.77.8 - - [25/Feb/2014:11:35:05 +0800] "GET /content/nav/relationSubject.jsp?relationWords=%E5%B0%8F%E7%81%B0%E7%8E%89%E8%9E%BA%20%E7%81%B0%E7%8E%89%20%E7%8E%89%E8%9E%BA%20%E7%8E%89%E8%9E%BA%E5%B1%AC%20%E7%8E%89%E8%9E%BA%E7%A7%91%20%E7%95%B0%E8%B6%B3%E7%9B%AE%20%E8%85%B9%E8%B6%B3%E7%B6%B1%20&oid=524050 HTTP/1.1" 200 3546
220.134.35.50 - - [25/Feb/2014:11:35:22 +0800] "GET /content/nav/relationSubject.jsp?relationWords=&oid=16777459 HTTP/1.0" 200 1413
66.249.77.195 - - [25/Feb/2014:11:35:33 +0800] "GET /content/repository/resource_content.jsp?oid=652545 HTTP/1.1" 200 27402
220.134.35.50 - - [25/Feb/2014:11:36:05 +0800] "GET /content/subject/resource_content.jsp?oid=16777728 HTTP/1.0" 200 64135
220.134.35.50 - - [25/Feb/2014:11:36:05 +0800] "GET /content/nav/relationSubject.jsp?relationWords=GIS+&oid=16777728 HTTP/1.0" 200 2515
123.193.186.32 - - [25/Feb/2014:11:36:30 +0800] "GET /content/pictures/picture_content.jsp?oid=33554507&classify= HTTP/1.1" 200 26382
123.193.186.32 - - [25/Feb/2014:11:36:33 +0800] "GET /content/nav/relationSubject.jsp?relationWords=%E8%8A%B1%E9%82%8A+&oid=33554507 HTTP/1.1" 200 3010
66.249.77.195 - - [25/Feb/2014:11:37:07 +0800] "GET /content/nav/relationSubject.jsp?relationWords=%E5%89%8D%E9%8E%AE+%E6%9C%9B%E5%AE%89%E9%84%89+&oid=1634040 HTTP/1.1" 200 4015
66.249.77.195 - - [25/Feb/2014:11:37:08 +0800] "GET /content/nav/relationSubject.jsp?relationWords=%E5%9C%8B%E6%B0%91%E5%B0%8F%E5%AD%B8+%E5%9C%8B%E6%B0%91%E6%95%99%E8%82%B2+%E5%9C%B0%E6%96%B9%E6%94%BF%E5%BA%9C+%E5%AD%B8%E8%A1%8C+%E6%95%99%E8%82%B2%E6%A1%88+%E8%A1%8C%E6%94%BF%E7%B5%84%E7%B9%94+&oid=1634881 HTTP/1.1" 200 4004
66.249.77.195 - - [25/Feb/2014:11:37:09 +0800] "GET /content/nav/relationSubject.jsp?relationWords=%E7%B3%96%E5%BB%A0+%E8%87%BA%E7%B3%96+%E8%94%97%E8%BE%B2+%E9%85%8D%E8%82%A5+&oid=1634678 HTTP/1.1" 200 4416
66.249.77.195 - - [25/Feb/2014:11:37:09 +0800] "GET /content/nav/relationSubject.jsp?relationWords=%E8%87%BA%E5%8D%97%E7%B8%A3+&oid=1634098 HTTP/1.1" 200 5326
66.249.74.221 - - [25/Feb/2014:11:37:49 +0800] "GET /content/repository/resource_content.jsp?oid=1618267 HTTP/1.1" 200 27864
66.249.77.195 - - [25/Feb/2014:11:37:59 +0800] "GET /content/repository/resource_content.jsp?oid=618981 HTTP/1.1" 200 25939
66.249.77.8 - - [25/Feb/2014:11:40:10 +0800] "GET /content/repository/resource_content.jsp?oid=2539364&queryString=%E5%8D%B0%E5%8B%99 HTTP/1.1" 200 29287
66.249.77.195 - - [25/Feb/2014:11:40:25 +0800] "GET /content/repository/resource_content.jsp?oid=619198 HTTP/1.1" 200 25939
24.130.234.193 - - [25/Feb/2014:11:40:43 +0800] "GET /content/nav/relationSubject.jsp?relationWords=%E5%B1%B1%E8%8C%B6%E8%8A%B1+%E6%9B%BC%E9%99%80%E7%BE%85+%E6%9B%BC%E9%99%80%E7%BE%85%E8%8A%B1+%E8%8C%B6%E8%8A%B1+&oid=16777448 HTTP/1.1" 200 3407
66.249.77.195 - - [25/Feb/2014:11:41:38 +0800] "GET /content/repository/resource_content.jsp?oid=619295 HTTP/1.1" 200 27102
66.249.80.195 - - [25/Feb/2014:11:42:09 +0800] "GET /content/nav/relationSubject.jsp?relationWords=%E7%B4%AB%E9%88%B4%E8%97%A4+%E8%92%9C%E9%A6%99%E8%97%A4+&oid=16777257 HTTP/1.1" 200 1899
66.249.77.236 - - [25/Feb/2014:11:43:37 +0800] "GET /content/subject/resource_content.jsp?oid=16777787&queryType=qc HTTP/1.1" 200 56863
163.20.243.22 - - [25/Feb/2014:11:43:41 +0800] "GET /content/repository/resource_content.jsp?oid=1107402 HTTP/1.1" 200 30061
66.249.77.195 - - [25/Feb/2014:11:43:41 +0800] "GET /content/nav/relationSubject.jsp?relationWords=%E6%9C%83%E5%AF%A9%E5%85%AC+%E7%A7%9F%E7%95%8C+&oid=613308 HTTP/1.1" 200 3128
66.249.77.195 - - [25/Feb/2014:11:43:42 +0800] "GET /content/nav/relationSubject.jsp?relationWords=%E4%B8%AD%E7%BE%8E%E7%84%A1%E7%B7%9A%E9%9B%BB+&oid=587113 HTTP/1.1" 200 3096
66.249.77.195 - - [25/Feb/2014:11:43:43 +0800] "GET /content/nav/relationSubject.jsp?relationWords=%E6%95%B4%E4%BF%AE+%E8%87%BA%E5%8D%97%E5%B8%82+&oid=1617844 HTTP/1.1" 200 3362
66.249.77.195 - - [25/Feb/2014:11:43:43 +0800] "GET /content/nav/relationSubject.jsp?relationWords=%E5%B7%A5%E9%83%A8+%E7%A7%9F%E7%95%8C+&oid=613750 HTTP/1.1" 200 3111
163.20.243.22 - - [25/Feb/2014:11:43:44 +0800] "GET /content/nav/relationSubject.jsp?relationWords=%E5%8D%81%E5%AD%97%E8%8A%B1%E7%A7%91+%E5%9F%BA%E9%9A%86%E7%AD%B7%E5%AD%90%E8%8A%A5+%E6%A4%8D%E7%89%A9%E7%95%8C+%E7%AD%B7%E5%AD%90%E8%8A%A5+%E7%AD%B7%E5%AD%90%E8%8A%A5%E5%B1%AC+%E9%9B%99%E5%AD%90%E8%91%89+%E9%9B%99%E5%AD%90%E8%91%89%E6%A4%8D%E7%89%A9+&oid=1107402 HTTP/1.1" 200 3706
66.249.74.221 - - [25/Feb/2014:11:43:44 +0800] "GET /content/nav/relationSubject.jsp?relationWords=%E9%98%B2%E6%B4%AA+&oid=1617834 HTTP/1.1" 200 5031
66.249.77.195 - - [25/Feb/2014:11:43:45 +0800] "GET /content/nav/relationSubject.jsp?relationWords=%E4%BA%A4%E6%B6%89%E5%93%A1+%E4%BA%BA%E5%90%8D%E6%AC%8A%E5%A8%81+%E5%A5%89%E7%9C%81+%E6%A0%B8%E7%A4%BA%E9%81%B5+%E8%AB%8B%E9%91%92+&oid=626421 HTTP/1.1" 200 3295
66.249.77.195 - - [25/Feb/2014:11:43:48 +0800] "GET /content/nav/relationSubject.jsp?relationWords=%E6%9C%83%E8%AD%B0%E7%B4%80%E9%8C%84+%E8%B3%AA%E8%A9%A2+&oid=1617822 HTTP/1.1" 200 3985
39.14.28.90 - - [25/Feb/2014:11:44:49 +0800] "GET /content/nav/relationSubject.jsp?relationWords=%E9%BB%91%E6%9D%BF%E6%A8%B9+&oid=16777262 HTTP/1.1" 200 3261
66.249.77.236 - - [25/Feb/2014:11:45:17 +0800] "GET /content/subject/resource_content.jsp?oid=16777264&queryType=qc HTTP/1.1" 200 36721
210.151.116.26 - - [25/Feb/2014:11:45:18 +0800] "GET /content/nav/relationSubject.jsp?relationWords=%E9%B0%93%E9%B0%BB+&oid=16777565 HTTP/1.0" 200 3708
66.249.74.221 - - [25/Feb/2014:11:45:30 +0800] "GET /content/repository/resource_content.jsp?oid=1618329 HTTP/1.1" 200 27644
66.249.77.8 - - [25/Feb/2014:11:45:57 +0800] "GET /content/nav/relationSubject.jsp?relationWords=%E5%8D%B0%E5%8B%99+%E8%AD%B7%E7%90%86+&oid=2539364 HTTP/1.1" 200 4017
66.249.77.8 - - [25/Feb/2014:11:46:03 +0800] "GET /content/nav/relationSubject.jsp?relationWords=%E5%8D%B0%E5%8B%99%20%E8%AD%B7%E7%90%86%20&oid=2539364 HTTP/1.1" 200 4017
66.249.77.195 - - [25/Feb/2014:11:46:30 +0800] "GET /content/repository/resource_content.jsp?oid=619379 HTTP/1.1" 200 25939
140.109.16.164 - - [25/Feb/2014:11:46:39 +0800] "GET /content/subject/resource_content.jsp?oid=16777797&queryString= HTTP/1.1" 200 29418
140.109.16.164 - - [25/Feb/2014:11:46:39 +0800] "GET /content/nav/relationSubject.jsp?relationWords=%E5%9C%8B%E6%B0%91%E6%94%BF%E5%BA%9C+&oid=16777797 HTTP/1.1" 200 3229
66.249.77.195 - - [25/Feb/2014:11:47:43 +0800] "GET /content/repository/resource_content.jsp?oid=618965 HTTP/1.1" 200 25939
66.249.74.117 - - [25/Feb/2014:11:48:22 +0800] "GET /content/repository/resource_content.jsp?oid=2679419&queryString=%E5%8D%B0%E5%8B%99 HTTP/1.1" 200 29538
174.109.224.245 - - [25/Feb/2014:11:48:40 +0800] "GET /content/nav/relationSubject.jsp?relationWords=%E6%AA%AC%E6%9E%9C+%E8%8A%92%E6%9E%9C+&oid=16777508 HTTP/1.1" 200 4387
66.249.77.195 - - [25/Feb/2014:11:48:56 +0800] "GET /content/repository/resource_content.jsp?oid=619241 HTTP/1.1" 200 27538
121.54.34.89 - - [25/Feb/2014:11:49:05 +0800] "GET /content/repository/resource_content.jsp?oid=14979&queryType=qs&queryString=%E9%AD%9A%E7%B1%A0 HTTP/1.1" 200 33918
121.54.34.89 - - [25/Feb/2014:11:49:06 +0800] "GET /content/nav/relationSubject.jsp?relationWords=%E4%B9%9D%E5%88%BA%E9%AE%A8+%E4%B9%9D%E6%A3%98+%E6%A0%BC%E4%BB%94+%E7%9F%B3%E6%96%91+%E7%B4%85%E9%B1%A0+%E9%81%8E%E9%AD%9A+%E9%9D%92%E6%98%9F%E4%B9%9D%E5%88%BA%E9%AE%A8+%E9%AE%A8%E7%A7%91+&oid=14979 HTTP/1.1" 200 3942
66.249.77.195 - - [25/Feb/2014:11:49:21 +0800] "GET /content/repository/resource_content.jsp?oid=1774481 HTTP/1.1" 200 27701
66.249.77.195 - - [25/Feb/2014:11:51:22 +0800] "GET /content/repository/resource_content.jsp?oid=656847 HTTP/1.1" 200 27479
49.218.93.159 - - [25/Feb/2014:11:51:59 +0800] "GET /content/subject/resource_content.jsp?oid=16777296 HTTP/1.1" 200 31086
49.218.93.159 - - [25/Feb/2014:11:52:01 +0800] "GET /content/nav/relationSubject.jsp?relationWords=%E9%BB%91%E6%9D%BF%E6%A8%B9+&oid=16777296 HTTP/1.1" 200 3255
66.249.77.195 - - [25/Feb/2014:11:52:14 +0800] "GET /content/repository/resource_content.jsp?oid=1563128 HTTP/1.1" 200 28058
66.249.77.195 - - [25/Feb/2014:11:52:34 +0800] "GET /content/repository/resource_content.jsp?oid=623741 HTTP/1.1" 200 27201
66.249.77.195 - - [25/Feb/2014:11:52:43 +0800] "GET /content/repository/resource_content.jsp?oid=1634098 HTTP/1.1" 200 27784
49.218.93.159 - - [25/Feb/2014:11:52:59 +0800] "GET /content/subject/resource_content.jsp?oid=16777296 HTTP/1.1" 200 31086
49.218.93.159 - - [25/Feb/2014:11:52:59 +0800] "GET /content/nav/relationSubject.jsp?relationWords=%E9%BB%91%E6%9D%BF%E6%A8%B9+&oid=16777296 HTTP/1.1" 200 3255
66.249.77.195 - - [25/Feb/2014:11:53:12 +0800] "GET /digiarch_en/content/subject/resource_content.jsp?oid=16777729&queryType=qs&queryString=%E5%8F%83%E8%AD%B0%E6%9C%83 HTTP/1.1" 200 50614
66.249.77.195 - - [25/Feb/2014:11:53:48 +0800] "GET /content/repository/resource_content.jsp?oid=606607 HTTP/1.1" 200 26321
66.249.77.195 - - [25/Feb/2014:11:55:00 +0800] "GET /content/repository/resource_content.jsp?oid=573355 HTTP/1.1" 200 26825
66.249.74.221 - - [25/Feb/2014:11:55:43 +0800] "GET /content/repository/resource_content.jsp?oid=1115900 HTTP/1.1" 200 30049
66.249.77.195 - - [25/Feb/2014:11:56:13 +0800] "GET /content/repository/resource_content.jsp?oid=607176 HTTP/1.1" 200 27319
66.249.77.8 - - [25/Feb/2014:11:56:34 +0800] "GET /content/subject/resource_content.jsp?oid=16777731&queryString= HTTP/1.1" 200 42415
61.90.186.180 - - [25/Feb/2014:11:56:45 +0800] "GET /digiarch2/content/repository/resource_content.jsp?queryString=%E7%94%9F%E7%89%A9&oid=4351955&queryType=qc HTTP/1.1" 200 12883
66.249.74.117 - - [25/Feb/2014:11:56:56 +0800] "GET /content/nav/relationSubject.jsp?relationWords=%E4%BA%AC%E9%99%9B+%E5%8D%B0%E5%8B%99+%E8%AD%B7%E7%90%86+&oid=2679419 HTTP/1.1" 200 4046
66.249.77.8 - - [25/Feb/2014:11:57:01 +0800] "GET /content/nav/relationSubject.jsp?relationWords=%E4%BA%AC%E9%99%9B%20%E5%8D%B0%E5%8B%99%20%E8%AD%B7%E7%90%86%20&oid=2679419 HTTP/1.1" 200 4046
66.249.74.221 - - [25/Feb/2014:11:57:27 +0800] "GET /content/repository/resource_content.jsp?oid=749948 HTTP/1.1" 200 26321
66.249.77.195 - - [25/Feb/2014:11:58:19 +0800] "GET /content/subject/resource_content.jsp?oid=16777778&queryString= HTTP/1.1" 200 36044
123.125.71.12 - - [25/Feb/2014:11:58:36 +0800] "GET /content/repository/resource_content.jsp?oid=1853465 HTTP/1.1" 200 28552
66.249.77.195 - - [25/Feb/2014:11:58:39 +0800] "GET /content/repository/resource_content.jsp?oid=759624 HTTP/1.1" 200 26321
163.21.212.253 - - [25/Feb/2014:11:59:48 +0800] "GET /content/repository/resource_content.jsp?oid=1776551 HTTP/1.1" 200 28473
163.21.212.253 - - [25/Feb/2014:11:59:49 +0800] "GET /content/nav/relationSubject.jsp?relationWords=%E7%94%9F%E5%91%BD%E5%84%80%E7%A6%AE+%E8%BC%93%E6%AD%8C+%E9%84%92%E6%97%8F+&oid=1776551 HTTP/1.1" 200 3271
66.249.77.195 - - [25/Feb/2014:11:59:52 +0800] "GET /content/repository/resource_content.jsp?oid=759591 HTTP/1.1" 200 26791
163.21.212.253 - - [25/Feb/2014:12:00:31 +0800] "GET /content/nav/relationSubject.jsp?relationWords=%E7%94%9F%E5%91%BD%E5%84%80%E7%A6%AE+%E8%BC%93%E6%AD%8C+%E9%84%92%E6%97%8F+&oid=1776551 HTTP/1.1" 200 3271
66.249.77.195 - - [25/Feb/2014:12:00:54 +0800] "GET /digiarch_en/content/subject/resource_content.jsp?oid=16777688&queryType=qs&queryString=%E9%99%B6%E7%93%B7 HTTP/1.1" 200 31640
66.249.74.221 - - [25/Feb/2014:12:01:06 +0800] "GET /content/repository/resource_content.jsp?oid=759651 HTTP/1.1" 200 26791
66.249.74.221 - - [25/Feb/2014:12:01:38 +0800] "GET /content/repository/resource_content.jsp?oid=2662992 HTTP/1.1" 200 29002
65.55.24.234 - - [25/Feb/2014:12:01:46 +0800] "GET /content/repository/resource_content.jsp?oid=2150312&queryString=%E4%B9%9D%E8%8A%8E%20%E6%A2%85%E6%9E%97%20%E7%94%A2%E6%A5%AD%E9%81%93%E8%B7%AF%20%E8%BE%B2%E5%B1%B1%20%E8%BE%B2%E7%94%A2 HTTP/1.1" 200 30100
66.249.77.195 - - [25/Feb/2014:12:02:18 +0800] "GET /content/repository/resource_content.jsp?oid=759599 HTTP/1.1" 200 26791
66.249.77.195 - - [25/Feb/2014:12:02:26 +0800] "GET /content/nav/relationSubject.jsp?relationWords=%E5%9B%9B%E5%BA%9C%20%E7%9F%A5%E6%9C%AC%E6%BA%AB%E6%B3%89%20&oid=1563128 HTTP/1.1" 200 3377
220.132.23.244 - - [25/Feb/2014:12:03:29 +0800] "GET /content/nav/relationSubject.jsp?relationWords=%E6%9C%A8%E7%8A%80+%E6%A1%82%E8%8A%B1+&oid=16777255 HTTP/1.1" 200 4037
66.249.77.195 - - [25/Feb/2014:12:03:31 +0800] "GET /content/repository/resource_content.jsp?oid=759670 HTTP/1.1" 200 26321
66.249.77.195 - - [25/Feb/2014:12:03:46 +0800] "GET /content/nav/relationSubject.jsp?relationWords=%E4%BA%A4%E9%80%9A%E9%83%A8+%E6%9C%83%E8%AD%B0%E7%B4%80%E9%8C%84+%E8%B3%AA%E8%A9%A2+&oid=1618151 HTTP/1.1" 200 4566
66.249.74.221 - - [25/Feb/2014:12:03:47 +0800] "GET /content/nav/relationSubject.jsp?relationWords=%E8%B5%B0%E7%A7%81+&oid=1618177 HTTP/1.1" 200 9825
66.249.77.195 - - [25/Feb/2014:12:03:48 +0800] "GET /content/nav/relationSubject.jsp?relationWords=%E5%8F%83%E8%AD%B0%E6%9C%83+%E6%9D%8E%E6%9C%A8+%E6%9D%8E%E6%9C%A8%E5%9C%9F+%E8%87%BA%E5%8C%97%E5%B8%82+%E8%87%BA%E7%81%A3%E7%9C%81+%E8%87%BA%E7%81%A3%E7%9C%81%E5%8F%83%E8%AD%B0%E6%9C%83+%E8%87%BA%E7%81%A3%E9%8A%80%E8%A1%8C+&oid=1516152 HTTP/1.1" 200 4810
66.249.77.195 - - [25/Feb/2014:12:03:50 +0800] "GET /content/nav/relationSubject.jsp?relationWords=%E9%80%A3%E6%9D%AF+&oid=1781938 HTTP/1.1" 200 2947
66.249.77.195 - - [25/Feb/2014:12:03:50 +0800] "GET /content/nav/relationSubject.jsp?relationWords=%E4%BA%BA%E5%90%8D%E6%AC%8A%E5%A8%81+%E6%AF%94%E5%88%A9+%E6%AF%94%E5%88%A9%E4%BA%9E+%E7%B6%AD%E9%88%9E+%E9%A1%A7%E7%B6%AD%E9%88%9E+&oid=664613 HTTP/1.1" 200 3321
66.249.77.195 - - [25/Feb/2014:12:04:44 +0800] "GET /content/repository/resource_content.jsp?oid=753652 HTTP/1.1" 200 28079
66.249.77.195 - - [25/Feb/2014:12:04:45 +0800] "GET /content/subject/resource_content.jsp?oid=16777373&queryString=%E6%95%99%E6%A1%88%20%E6%95%B8%E4%BD%8D%E5%85%B8%E8%97%8F HTTP/1.1" 200 26618
66.249.74.117 - - [25/Feb/2014:12:04:47 +0800] "GET /content/repository/resource_content.jsp?oid=523600&queryString=%E7%99%BD%E8%82%8B%E8%9C%91%E8%9E%BA%20%E8%85%B9%E8%B6%B3%E7%B6%B1%20%E8%9C%91%E8%9E%BA HTTP/1.1" 200 36799
66.249.74.221 - - [25/Feb/2014:12:05:58 +0800] "GET /content/repository/resource_content.jsp?oid=753405 HTTP/1.1" 200 27702
66.249.77.195 - - [25/Feb/2014:12:06:18 +0800] "GET /content/repository/resource_content.jsp?oid=1172794 HTTP/1.1" 200 28608
66.249.77.195 - - [25/Feb/2014:12:07:10 +0800] "GET /content/repository/resource_content.jsp?oid=753690 HTTP/1.1" 200 27302
66.249.77.8 - - [25/Feb/2014:12:07:19 +0800] "GET /content/nav/relationSubject.jsp?relationWords=%E5%A4%9A%E5%AA%92%E9%AB%94%20%E5%AA%92%E9%AB%94%20%E6%95%B8%E4%BD%8D%E5%85%B8%E8%97%8F%20%E6%95%B8%E4%BD%8D%E5%85%B8%E8%97%8F%E6%8A%80%E8%A1%93%20%E7%9C%8B%E6%9D%BF%20%E9%9B%BB%E8%A6%96%E7%89%86%20&oid=16777731 HTTP/1.1" 200 8523
66.249.77.195 - - [25/Feb/2014:12:08:23 +0800] "GET /content/repository/resource_content.jsp?oid=753373 HTTP/1.1" 200 27563
66.249.77.195 - - [25/Feb/2014:12:08:24 +0800] "GET /content/nav/relationSubject.jsp?relationWords=%E6%A2%A8%E5%B1%B1+%E6%B0%B4%E5%9C%9F%E4%BF%9D%E6%8C%81+%E7%A8%BB%E7%B1%B3+%E8%82%89%E5%93%81%E5%B8%82%E5%A0%B4+%E8%BE%B2%E8%97%A5+%E9%80%A0%E6%9E%97+%E9%98%B2%E6%B4%AA+&oid=1620068 HTTP/1.1" 200 4995
66.249.77.195 - - [25/Feb/2014:12:08:25 +0800] "GET /content/nav/relationSubject.jsp?relationWords=%E4%B8%8D%E6%99%AF%E6%B0%A3+%E5%85%AC%E6%95%99%E4%BA%BA%E5%93%A1+%E8%A1%8C%E6%94%BF%E9%9D%A9%E6%96%B0+&oid=1635160 HTTP/1.1" 200 4226
66.249.77.195 - - [25/Feb/2014:12:08:26 +0800] "GET /content/nav/relationSubject.jsp?relationWords=%E4%BF%9D%E8%AD%89%E9%87%91+%E9%87%91%E8%80%85+&oid=1609641 HTTP/1.1" 200 3788
66.249.77.195 - - [25/Feb/2014:12:08:27 +0800] "GET /content/nav/relationSubject.jsp?relationWords=%E5%86%B7%E8%97%8F%E5%BA%AB+%E8%BE%B2%E6%A5%AD%E6%A9%9F%E6%A2%B0%E5%8C%96+%E8%BE%B2%E7%94%A2%E5%93%81+%E9%9B%9C%E7%B3%A7+&oid=1620064 HTTP/1.1" 200 5541
66.249.77.195 - - [25/Feb/2014:12:08:28 +0800] "GET /content/nav/relationSubject.jsp?relationWords=%E5%A2%9E%E5%BB%BA+%E6%8B%96%E8%88%B9%E5%9F%A0+%E6%9F%B4%E6%B2%B9+%E6%B2%B9%E8%BB%8A+&oid=1610447 HTTP/1.1" 200 4105
66.249.77.195 - - [25/Feb/2014:12:08:29 +0800] "GET /content/nav/relationSubject.jsp?relationWords=%E4%B9%B3%E7%89%9B+%E6%B0%A3%E7%AE%A1%E7%82%8E+%E8%BE%B2%E4%BF%9D+%E9%85%AA%E8%BE%B2+%E9%98%B2%E9%A2%B1+%E9%9F%8B%E6%81%A9+&oid=1608868 HTTP/1.1" 200 4394
66.249.77.195 - - [25/Feb/2014:12:08:29 +0800] "GET /content/nav/relationSubject.jsp?relationWords=%E6%9E%9C%E8%BE%B2+%E8%BE%B2%E6%B0%91%E5%81%A5%E5%BA%B7%E4%BF%9D%E9%9A%AA+%E8%BE%B2%E8%97%A5+&oid=1608863 HTTP/1.1" 200 3795
66.249.77.195 - - [25/Feb/2014:12:09:36 +0800] "GET /content/repository/resource_content.jsp?oid=754933 HTTP/1.1" 200 27385
66.249.77.195 - - [25/Feb/2014:12:10:24 +0800] "GET /content/repository/resource_content.jsp?oid=1524713 HTTP/1.1" 200 28380
66.249.77.195 - - [25/Feb/2014:12:10:49 +0800] "GET /content/repository/resource_content.jsp?oid=736169 HTTP/1.1" 200 27638
123.125.71.50 - - [25/Feb/2014:12:11:26 +0800] "GET /content/repository/resource_content.jsp?oid=556440 HTTP/1.1" 200 27016
65.55.24.234 - - [25/Feb/2014:12:11:44 +0800] "GET /content/repository/resource_content.jsp?oid=1635215 HTTP/1.1" 200 27794
66.249.77.195 - - [25/Feb/2014:12:12:01 +0800] "GET /content/nav/relationSubject.jsp?relationWords=%E7%B6%81%E8%85%BF+%E9%AD%AF%E5%87%B1%E6%97%8F+&oid=1782617 HTTP/1.1" 200 3032
66.249.77.195 - - [25/Feb/2014:12:12:03 +0800] "GET /content/repository/resource_content.jsp?oid=783020 HTTP/1.1" 200 27018
66.249.77.195 - - [25/Feb/2014:12:12:26 +0800] "GET /content/repository/resource_content.jsp?oid=1899749&queryString=%E8%BE%B2%E6%9E%97%20%E9%80%A0%E6%9E%97 HTTP/1.1" 200 29171
66.249.77.195 - - [25/Feb/2014:12:12:33 +0800] "GET /content/nav/relationSubject.jsp?relationWords=%E6%94%BE%E7%A7%9F%20%E6%9C%B1%E8%90%AC%E6%88%90%20%E6%A5%AD%E4%B8%BB%20%E7%9C%81%E6%94%BF%E5%BA%9C%20%E8%87%BA%E5%8D%97%E5%B8%82%20%E9%AD%9A%E5%A1%AD%20%E9%BB%83%E6%B8%85%20%E9%BB%83%E9%81%8B%E9%87%91%20&oid=1524713 HTTP/1.1" 200 4437
66.249.77.8 - - [25/Feb/2014:12:12:57 +0800] "GET /content/repository/resource_content.jsp?oid=1081351&queryString=%E5%89%8D%E8%82%9B%E9%B0%BB%20%E7%95%B0%E9%BD%92%E5%89%8D%E8%82%9B%E9%B0%BB%20%E9%B0%93%E9%B0%BB%20%E9%B0%BB%E7%A7%91 HTTP/1.1" 200 29802
66.249.77.195 - - [25/Feb/2014:12:13:15 +0800] "GET /content/repository/resource_content.jsp?oid=783590 HTTP/1.1" 200 26986
61.135.249.192 - - [25/Feb/2014:12:13:43 +0800] "GET /content/subject/resource_content.jsp?oid=16777600&queryType=qc HTTP/1.1" 200 49324
61.135.249.192 - - [25/Feb/2014:12:14:04 +0800] "GET /content/subject/resource_content.jsp?oid=16777328&queryType=qc HTTP/1.1" 200 34581
66.249.77.195 - - [25/Feb/2014:12:14:28 +0800] "GET /content/repository/resource_content.jsp?oid=783687 HTTP/1.1" 200 25939
61.135.249.192 - - [25/Feb/2014:12:14:49 +0800] "GET /content/subject/resource_content.jsp?oid=16777495&queryType=qc HTTP/1.1" 200 33819
66.249.77.195 - - [25/Feb/2014:12:15:41 +0800] "GET /content/repository/resource_content.jsp?oid=764176 HTTP/1.1" 200 27009
66.249.77.195 - - [25/Feb/2014:12:16:18 +0800] "GET /content/repository/resource_content.jsp?oid=2631642&queryString=%E5%B8%82%E5%85%AC%E6%89%80%20%E6%96%87%E5%85%89%20%E6%BE%8E%E6%B9%96%E7%B8%A3%20%E9%81%93%E8%B7%AF%E5%B7%A5%E7%A8%8B%20%E9%A6%AC%E5%85%AC%E5%B8%82 HTTP/1.1" 200 29019
66.249.77.172 - - [25/Feb/2014:12:16:23 +0800] "GET /content/subject/resource_content.jsp?oid=16777423&queryType=qs&queryString=%E6%95%B8%E4%BD%8D%E5%85%B8%E8%97%8F%E6%8A%80%E8%A1%93 HTTP/1.1" 200 38179
66.249.77.195 - - [25/Feb/2014:12:16:54 +0800] "GET /content/repository/resource_content.jsp?oid=760485 HTTP/1.1" 200 26321
123.125.71.39 - - [25/Feb/2014:12:17:18 +0800] "GET /content/repository/resource_content.jsp?oid=2569709 HTTP/1.1" 200 27943
66.249.74.117 - - [25/Feb/2014:12:17:35 +0800] "GET /content/nav/relationSubject.jsp?relationWords=%E5%89%8D%E8%82%9B%E9%B0%BB+%E8%82%9B%E9%B0%BB+%E9%B0%93%E9%B0%BB+%E9%B0%BB%E7%A7%91+&oid=1081351 HTTP/1.1" 200 4402
66.249.74.117 - - [25/Feb/2014:12:17:40 +0800] "GET /content/nav/relationSubject.jsp?relationWords=%E5%89%8D%E8%82%9B%E9%B0%BB%20%E8%82%9B%E9%B0%BB%20%E9%B0%93%E9%B0%BB%20%E9%B0%BB%E7%A7%91%20&oid=1081351 HTTP/1.1" 200 4402
66.249.77.195 - - [25/Feb/2014:12:18:07 +0800] "GET /content/repository/resource_content.jsp?oid=738453 HTTP/1.1" 200 27888
66.249.74.221 - - [25/Feb/2014:12:19:20 +0800] "GET /content/repository/resource_content.jsp?oid=704946 HTTP/1.1" 200 28142
66.249.77.195 - - [25/Feb/2014:12:20:09 +0800] "GET /content/repository/resource_content.jsp?oid=2514035 HTTP/1.1" 200 29060
66.249.77.195 - - [25/Feb/2014:12:20:33 +0800] "GET /content/repository/resource_content.jsp?oid=706594 HTTP/1.1" 200 27773
66.249.77.8 - - [25/Feb/2014:12:21:09 +0800] "GET /content/repository/resource_content.jsp?oid=524142&queryString=%E7%99%BD%E8%82%8B%E8%9C%91%E8%9E%BA%20%E8%85%B9%E8%B6%B3%E7%B6%B1%20%E8%9C%91%E8%9E%BA HTTP/1.1" 200 42312
66.249.77.195 - - [25/Feb/2014:12:21:46 +0800] "GET /content/repository/resource_content.jsp?oid=590926 HTTP/1.1" 200 27489
180.149.130.144 - - [25/Feb/2014:12:23:27 +0800] "HEAD /content/repository/resource_content.jsp?oid=2555078 HTTP/1.0" 200 -
118.186.151.46 - - [25/Feb/2014:12:23:30 +0800] "GET /content/repository/resource_content.jsp?oid=2555078 HTTP/1.1" 200 28482
118.186.151.46 - - [25/Feb/2014:12:23:46 +0800] "GET /content/nav/relationSubject.jsp?relationWords=%E5%8F%A4%E5%A1%94+%E5%AF%A7%E5%8F%A4%E5%A1%94+&oid=2555078 HTTP/1.1" 200 3178
66.249.77.195 - - [25/Feb/2014:12:24:00 +0800] "GET /content/repository/resource_content.jsp?oid=2569793&queryString=%E6%9F%A5%E6%8F%90%E9%8E%AE%20%E8%97%A9%E8%87%AC%20%E9%B9%BD%E9%81%8B HTTP/1.1" 200 29503
66.249.77.195 - - [25/Feb/2014:12:24:12 +0800] "GET /content/repository/resource_content.jsp?oid=1896942 HTTP/1.1" 200 27992
123.125.71.59 - - [25/Feb/2014:12:24:20 +0800] "GET /content/repository/resource_content.jsp?oid=1842055 HTTP/1.1" 200 27776
66.249.77.195 - - [25/Feb/2014:12:24:44 +0800] "GET /content/nav/relationSubject.jsp?relationWords=%E9%AA%A8%E7%AE%AD%E9%A0%AD+&oid=1856974 HTTP/1.1" 200 2998
66.249.77.195 - - [25/Feb/2014:12:24:46 +0800] "GET /content/nav/relationSubject.jsp?relationWords=%E7%9B%B8%E9%A6%AC%E6%B0%8F+%E7%9F%B3%E6%9D%89%E5%B1%AC+&oid=1463367 HTTP/1.1" 200 3204
61.220.216.209 - - [25/Feb/2014:12:24:47 +0800] "GET /content/nav/relationSubject.jsp?relationWords=%E7%9B%B8%E6%80%9D%E6%A8%B9+&oid=16777519 HTTP/1.1" 200 3667
66.249.77.195 - - [25/Feb/2014:12:24:49 +0800] "GET /content/nav/relationSubject.jsp?relationWords=%E4%B8%89%E8%BC%AA%E8%BB%8A+%E4%BE%8D%E6%87%89%E7%94%9F+%E5%85%AC%E5%8F%B8%E6%B3%95+%E5%91%A8%E8%99%95+%E5%A4%9C%E7%B8%BD%E6%9C%83+%E5%A6%A8%E5%AE%B3%E9%A2%A8%E5%8C%96+%E5%A8%BC%E5%A6%93%E5%95%8F%E9%A1%8C+%E5%BE%90%E5%A0%85+%E6%9D%8E%E7%A7%8B%E9%81%A0+%E6%A2%81%E8%A8%B1%E6%98%A5%E8%8F%8A+%E7%89%8C%E7%85%A7+%E7%A4%BE%E6%9C%83%E8%99%95+%E7%A4%BE%E6%9C%83%E9%A2%A8%E6%B0%A3+%E8%87%BA%E5%8C%97%E5%B8%82+%E8%91%89%E7%82%B3%E7%85%8C+%E8%99%95%E9%95%B7+%E8%AC%9D%E6%9D%B1%E9%96%94+%E8%AC%9D%E6%B8%85%E9%9B%B2+%E8%AD%A6%E5%8B%99%E8%99%95+%E8%AD%A6%E5%AF%9F+%E8%AD%B0%E9%95%B7+%E8%B3%AA%E8%A9%A2+%E9%97%9C%E4%B8%AD+%E9%99%B3%E9%87%8D%E5%85%89+%E9%A0%98%E5%B0%8E+%E9%BB%83%E5%85%89%E5%B9%B3+&oid=1565368 HTTP/1.1" 200 6548
66.249.77.195 - - [25/Feb/2014:12:25:25 +0800] "GET /content/repository/resource_content.jsp?oid=189444&queryString=%E4%B8%AD%E5%9C%8B%E5%A4%A7%E9%99%B8%E5%9C%B0%E5%9C%96%20%E8%90%AC%E5%AF%A7%E7%B8%A3 HTTP/1.1" 200 29119
61.135.249.192 - - [25/Feb/2014:12:25:55 +0800] "GET /content/subject/resource_content.jsp?oid=16777669&queryType=qc HTTP/1.1" 200 46303
66.249.77.8 - - [25/Feb/2014:12:26:38 +0800] "GET /content/tmp_tec/resource_content.jsp?oid=16777680 HTTP/1.1" 200 29898
66.249.74.113 - - [25/Feb/2014:12:26:54 +0800] "GET /content/subject/resource_content.jsp?oid=16777495&queryType=qc HTTP/1.1" 200 33823
114.37.224.181 - - [25/Feb/2014:12:27:27 +0800] "GET /content/pictures/picture_content.jsp?oid=33554731&classify=2259 HTTP/1.1" 200 27129
114.37.224.181 - - [25/Feb/2014:12:27:27 +0800] "GET /content/nav/relationSubject.jsp?relationWords=%E9%89%A4%E9%B1%97%E9%AD%A8+%E9%B1%97%E9%AD%A8+&oid=33554731 HTTP/1.1" 200 3451
66.249.77.8 - - [25/Feb/2014:12:27:42 +0800] "GET /content/nav/relationSubject.jsp?relationWords=%E6%BC%81%E8%88%9F%E8%9C%91%E8%9E%BA+%E7%95%9A%E7%AE%95+%E7%95%9A%E7%AE%95%E8%9E%BA+%E8%85%B9%E8%B6%B3%E7%B6%B1+%E8%9C%91%E8%9E%BA+%E8%9C%92%E8%9E%BA+%E9%8C%A6%E8%9C%92%E8%9E%BA+&oid=524142 HTTP/1.1" 200 3488
66.249.77.195 - - [25/Feb/2014:12:27:45 +0800] "GET /content/nav/relationSubject.jsp?relationWords=%E9%8A%85%E9%8C%A2+&oid=16777261 HTTP/1.1" 200 3777
66.249.74.117 - - [25/Feb/2014:12:27:50 +0800] "GET /content/nav/relationSubject.jsp?relationWords=%E6%BC%81%E8%88%9F%E8%9C%91%E8%9E%BA%20%E7%95%9A%E7%AE%95%20%E7%95%9A%E7%AE%95%E8%9E%BA%20%E8%85%B9%E8%B6%B3%E7%B6%B1%20%E8%9C%91%E8%9E%BA%20%E8%9C%92%E8%9E%BA%20%E9%8C%A6%E8%9C%92%E8%9E%BA%20&oid=524142 HTTP/1.1" 200 3488
66.249.74.113 - - [25/Feb/2014:12:27:52 +0800] "GET /content/subject/resource_content.jsp?oid=16777446&queryType=qs&queryString=%E8%80%83%E5%8F%A4%E7%99%BC%E6%8E%98 HTTP/1.1" 200 41192
66.249.77.195 - - [25/Feb/2014:12:28:05 +0800] "GET /content/nav/relationSubject.jsp?relationWords=%E8%AB%AD%E5%96%AE+&oid=566824 HTTP/1.1" 200 3066
66.249.77.195 - - [25/Feb/2014:12:28:05 +0800] "GET /content/nav/relationSubject.jsp?relationWords=%E5%85%AC%E6%95%99%E4%BA%BA%E5%93%A1+%E9%80%80%E4%BC%91%E9%87%91+&oid=1618275 HTTP/1.1" 200 4161
66.249.77.195 - - [25/Feb/2014:12:28:33 +0800] "GET /content/repository/resource_content.jsp?oid=1123827 HTTP/1.1" 200 30986
123.125.71.22 - - [25/Feb/2014:12:28:53 +0800] "GET /content/repository/resource_content.jsp?oid=565804 HTTP/1.1" 200 27029
220.181.108.166 - - [25/Feb/2014:12:29:20 +0800] "GET /content/subject/resource_content.jsp?oid=16777710&queryType=qc HTTP/1.1" 200 26831
66.249.77.8 - - [25/Feb/2014:12:29:21 +0800] "GET /content/repository/resource_content.jsp?oid=1081351&queryString=%E5%89%8D%E8%82%9B%E9%B0%BB%20%E9%B0%93%E9%B0%BB%20%E9%B0%BB%E7%A7%91 HTTP/1.1" 200 29802
61.135.249.192 - - [25/Feb/2014:12:29:54 +0800] "GET /content/subject/resource_content.jsp?oid=16777632&queryType=qc HTTP/1.1" 200 31561
66.249.77.195 - - [25/Feb/2014:12:30:17 +0800] "GET /content/repository/resource_content.jsp?oid=720203 HTTP/1.1" 200 27845
66.249.77.195 - - [25/Feb/2014:12:30:19 +0800] "GET /content/nav/relationSubject.jsp?relationWords=%E7%9C%81%E6%94%BF%E5%BA%9C+%E7%9C%81%E8%AD%B0%E6%9C%83+%E8%87%A8%E6%99%82%E7%9C%81%E8%AD%B0%E6%9C%83+%E8%87%BA%E7%81%A3%E7%9C%81+%E8%AD%A6%E5%AF%9F+%E8%B3%B4%E6%A6%AE%E6%9C%A8+&oid=1526165 HTTP/1.1" 200 5533
66.249.77.236 - - [25/Feb/2014:12:30:22 +0800] "GET /content/nav/relationSubject.jsp?relationWords=%E4%BA%BA%E5%90%8D%E6%AC%8A%E5%A8%81+%E5%B7%B4%E5%B0%BC%E4%BA%9E+%E6%96%AF%E5%B7%B4%E5%B0%BC%E4%BA%9E+%E6%97%A5%E6%96%AF%E5%B7%B4%E5%B0%BC%E4%BA%9E+%E6%BD%9B%E6%B0%B4%E8%89%87+&oid=725600 HTTP/1.1" 200 3669
66.249.77.236 - - [25/Feb/2014:12:30:22 +0800] "GET /content/nav/relationSubject.jsp?relationWords=%E5%A4%A7%E8%91%89%E5%B1%B1+%E5%A4%A7%E8%91%89%E5%B1%B1%E6%AC%96+%E5%B1%B1%E6%AC%96+&oid=16777292 HTTP/1.1" 200 4608
66.249.77.236 - - [25/Feb/2014:12:30:23 +0800] "GET /content/nav/relationSubject.jsp?relationWords=%E7%B4%85%E7%89%99+%E7%B4%85%E7%89%99%E9%B1%97%E9%AD%A8+%E9%B1%97%E9%AD%A8+&oid=33554746 HTTP/1.1" 200 3408
66.249.74.162 - - [25/Feb/2014:12:30:24 +0800] "GET /content/nav/relationSubject.jsp?relationWords=%E5%A4%A7%E8%91%89%E5%B1%B1%20%E5%A4%A7%E8%91%89%E5%B1%B1%E6%AC%96%20%E5%B1%B1%E6%AC%96%20&oid=16777292 HTTP/1.1" 200 4608
66.249.77.236 - - [25/Feb/2014:12:30:25 +0800] "GET /content/nav/relationSubject.jsp?relationWords=%E4%BA%BA%E5%90%8D%E6%AC%8A%E5%A8%81%20%E5%B7%B4%E5%B0%BC%E4%BA%9E%20%E6%96%AF%E5%B7%B4%E5%B0%BC%E4%BA%9E%20%E6%97%A5%E6%96%AF%E5%B7%B4%E5%B0%BC%E4%BA%9E%20%E6%BD%9B%E6%B0%B4%E8%89%87%20&oid=725600 HTTP/1.1" 200 3669
66.249.77.236 - - [25/Feb/2014:12:30:26 +0800] "GET /content/nav/relationSubject.jsp?relationWords=%E7%B4%85%E7%89%99%20%E7%B4%85%E7%89%99%E9%B1%97%E9%AD%A8%20%E9%B1%97%E9%AD%A8%20&oid=33554746 HTTP/1.1" 200 3408
61.135.249.192 - - [25/Feb/2014:12:30:38 +0800] "GET /digiarch_en/content/tmp_auth/resource_content.jsp?oid=16777373 HTTP/1.1" 200 24397
114.37.224.181 - - [25/Feb/2014:12:30:41 +0800] "GET /content/pictures/picture_content.jsp?oid=33554733&classify=2259 HTTP/1.1" 200 27356
114.37.224.181 - - [25/Feb/2014:12:30:41 +0800] "GET /content/nav/relationSubject.jsp?relationWords=%E6%B5%B7%E8%91%B5+%E6%B5%B7%E8%91%B5%E9%AD%9A+%E7%9C%BC%E6%96%91+%E7%9C%BC%E6%96%91%E6%B5%B7%E8%91%B5%E9%AD%9A+&oid=33554733 HTTP/1.1" 200 3678
66.249.77.195 - - [25/Feb/2014:12:31:30 +0800] "GET /content/repository/resource_content.jsp?oid=720237 HTTP/1.1" 200 27317
61.135.249.192 - - [25/Feb/2014:12:32:24 +0800] "GET /content/subject/resource_content.jsp?oid=16777287&queryType=qc HTTP/1.1" 200 32603
66.249.77.195 - - [25/Feb/2014:12:32:41 +0800] "GET /content/nav/relationSubject.jsp?relationWords=%E6%B7%A1%E6%B0%B4%E7%AC%A0%E8%9E%BA%20%E7%9B%A4%E8%9C%B7%20%E7%AC%A0%E8%9E%BA%20%E8%85%B9%E8%B6%B3%E7%B6%B1%20%E8%8A%9D%E9%BA%BB%E6%B7%A1%E6%B0%B4%E7%AC%A0%E8%9E%BA%20&oid=1123827 HTTP/1.1" 200 3502
66.249.77.195 - - [25/Feb/2014:12:32:43 +0800] "GET /content/repository/resource_content.jsp?oid=722684 HTTP/1.1" 200 26321
61.135.249.192 - - [25/Feb/2014:12:32:50 +0800] "GET /content/subject/resource_content.jsp?oid=16777360&queryType=qc HTTP/1.1" 200 44960
66.249.74.221 - - [25/Feb/2014:12:33:14 +0800] "GET /content/nav/relationSubject.jsp?relationWords=%E5%85%AC%E8%B3%A3%E5%B1%80+%E6%AD%B2%E5%85%A5+%E6%AD%B2%E5%87%BA+%E7%9B%88%E9%A4%98+%E9%A0%90%E7%AE%97+&oid=1610379 HTTP/1.1" 200 3612
66.249.77.195 - - [25/Feb/2014:12:33:14 +0800] "GET /content/nav/relationSubject.jsp?relationWords=%E5%8F%83%E8%AD%B0%E5%93%A1+%E7%9C%81%E6%94%BF%E5%BA%9C+%E8%87%BA%E7%81%A3%E7%9C%81%E5%8F%83%E8%AD%B0%E6%9C%83+%E9%99%B3%E8%8C%82%E5%A0%A4+%E9%9F%93%E7%9F%B3%E6%B3%89+&oid=1519058 HTTP/1.1" 200 4710
66.249.77.195 - - [25/Feb/2014:12:33:15 +0800] "GET /content/nav/relationSubject.jsp?relationWords=%E4%B8%AD%E8%97%A5%E6%9D%90+%E4%BF%A1%E8%88%88+%E5%92%8C%E4%BF%A1+%E5%BC%8A%E6%A1%88+%E7%89%A9%E8%B3%87%E5%B1%80+&oid=1608878 HTTP/1.1" 200 3933
66.249.77.195 - - [25/Feb/2014:12:33:16 +0800] "GET /content/nav/relationSubject.jsp?relationWords=%E5%A1%91%E8%86%A0+%E5%AE%A2%E6%A9%9F+%E6%B8%AF%E5%8B%99%E5%B1%80+%E7%8E%8B%E6%B0%B8%E6%85%B6+%E7%BD%B9%E9%9B%A3+%E8%88%AA%E7%B7%9A+%E9%9B%BB%E7%9F%B3+&oid=1610434 HTTP/1.1" 200 3499
66.249.77.195 - - [25/Feb/2014:12:33:17 +0800] "GET /content/nav/relationSubject.jsp?relationWords=%E5%AD%B8%E6%A0%A1%E6%95%99%E5%B8%AB+%E6%89%80%E5%BE%97%E7%A8%85+%E7%8D%8E%E5%8B%B5%E6%8A%95%E8%B3%87%E6%A2%9D%E4%BE%8B+%E7%A7%9F%E7%A8%85+%E7%A8%85%E6%94%B6+%E7%B6%93%E6%BF%9F%E6%88%90%E9%95%B7+&oid=1610346 HTTP/1.1" 200 4281
61.135.249.192 - - [25/Feb/2014:12:33:20 +0800] "GET /content/subject/resource_content.jsp?oid=16777660&queryType=qc%3E HTTP/1.1" 200 69785
68.180.224.231 - - [25/Feb/2014:12:33:30 +0800] "GET /content/subject/resource_content.jsp?oid=16777785&queryType=qc HTTP/1.1" 200 48928
66.249.74.221 - - [25/Feb/2014:12:33:56 +0800] "GET /content/repository/resource_content.jsp?oid=687166 HTTP/1.1" 200 27445
61.135.249.192 - - [25/Feb/2014:12:34:06 +0800] "GET /content/subject/resource_content.jsp?oid=16777623&queryType=qc HTTP/1.1" 200 30955
61.135.249.192 - - [25/Feb/2014:12:34:34 +0800] "GET /content/subject/resource_content.jsp?oid=16777653&queryType=qc HTTP/1.1" 200 56840
66.249.74.162 - - [25/Feb/2014:12:34:35 +0800] "GET /content/repository/resource_content.jsp?oid=4364021&queryType=qs&queryString=%E9%B3%B3%E5%87%B0%E8%8A%B1 HTTP/1.1" 200 28305
114.37.224.181 - - [25/Feb/2014:12:34:42 +0800] "GET /content/pictures/picture_content.jsp?oid=33554736&classify=2259 HTTP/1.1" 200 26936
114.37.224.181 - - [25/Feb/2014:12:34:43 +0800] "GET /content/nav/relationSubject.jsp?relationWords=%E8%9D%B4%E8%9D%B6%E9%AD%9A+%E9%8F%A1%E6%96%91%E8%9D%B4%E8%9D%B6%E9%AD%9A+&oid=33554736 HTTP/1.1" 200 3412
54.224.99.161 - - [25/Feb/2014:12:36:24 +0800] "GET /content/subject/resource_content.jsp?oid=16777764&queryType=qc HTTP/1.1" 200 39798
199.59.148.209 - - [25/Feb/2014:12:36:59 +0800] "GET /content/tmp_exh/resource_content.jsp?oid=16777789 HTTP/1.1" 200 40771
61.135.249.192 - - [25/Feb/2014:12:37:12 +0800] "GET /content/subject/resource_content.jsp?oid=16777423&queryType=qc HTTP/1.1" 200 38706
61.135.249.192 - - [25/Feb/2014:12:37:32 +0800] "GET /content/subject/resource_content.jsp?oid=16777342&queryType=qc HTTP/1.1" 200 32235
66.249.77.8 - - [25/Feb/2014:12:37:33 +0800] "GET /content/repository/resource_content.jsp?oid=1081352&queryString=%E5%89%8D%E8%82%9B%E9%B0%BB%20%E7%95%B0%E9%BD%92%E5%89%8D%E8%82%9B%E9%B0%BB%20%E9%B0%93%E9%B0%BB%20%E9%B0%BB%E7%A7%91 HTTP/1.1" 200 29626
114.37.224.181 - - [25/Feb/2014:12:37:42 +0800] "GET /content/pictures/picture_content.jsp?oid=33554737&classify=2259 HTTP/1.1" 200 26584
114.37.224.181 - - [25/Feb/2014:12:37:42 +0800] "GET /content/nav/relationSubject.jsp?relationWords=%E5%A1%98%E9%B1%A7+%E7%B5%B2%E9%B0%AD+%E7%B5%B2%E9%B0%AD%E7%B7%9A%E5%A1%98%E9%B1%A7+&oid=33554737 HTTP/1.1" 200 3418
61.135.249.192 - - [25/Feb/2014:12:37:55 +0800] "GET /content/subject/resource_content.jsp?oid=16777743&queryType=qc HTTP/1.1" 200 31588
140.109.143.17 - - [25/Feb/2014:12:38:36 +0800] "GET /content/subject/resource_content.jsp?oid=16777794&queryType=qc HTTP/1.1" 200 42059
140.109.143.17 - - [25/Feb/2014:12:38:37 +0800] "GET /content/nav/relationSubject.jsp?relationWords=%E4%BA%AC%E5%8A%87+%E8%81%AF%E5%90%88%E7%9B%AE%E9%8C%84+&oid=16777794 HTTP/1.1" 200 2586
61.135.249.192 - - [25/Feb/2014:12:38:48 +0800] "GET /content/subject/resource_content.jsp?oid=16777503&queryType=qc HTTP/1.1" 200 39667
123.125.71.23 - - [25/Feb/2014:12:39:28 +0800] "GET /content/repository/resource_content.jsp?oid=1875846 HTTP/1.1" 200 28776
66.249.77.195 - - [25/Feb/2014:12:39:34 +0800] "GET /content/repository/resource_content.jsp?oid=2687554 HTTP/1.1" 200 28898
61.135.249.192 - - [25/Feb/2014:12:39:40 +0800] "GET /content/subject/resource_content.jsp?oid=16777272&queryType=qc HTTP/1.1" 200 44215
66.249.77.195 - - [25/Feb/2014:12:40:00 +0800] "GET /content/repository/resource_content.jsp?oid=687670 HTTP/1.1" 200 26321
140.109.143.17 - - [25/Feb/2014:12:40:04 +0800] "GET /content/subject/resource_content.jsp?oid=16777794&queryType=qc HTTP/1.1" 200 42059
140.109.143.17 - - [25/Feb/2014:12:40:04 +0800] "GET /content/nav/relationSubject.jsp?relationWords=%E4%BA%AC%E5%8A%87+%E8%81%AF%E5%90%88%E7%9B%AE%E9%8C%84+&oid=16777794 HTTP/1.1" 200 2586
66.249.77.195 - - [25/Feb/2014:12:40:16 +0800] "GET /content/repository/resource_content.jsp?oid=1634919 HTTP/1.1" 200 27654
61.135.249.192 - - [25/Feb/2014:12:40:24 +0800] "GET /content/subject/resource_content.jsp?oid=16777317&queryType=qc HTTP/1.1" 200 33929
123.125.71.34 - - [25/Feb/2014:12:40:37 +0800] "GET /content/repository/resource_content.jsp?oid=1866342 HTTP/1.1" 200 28216
123.125.71.14 - - [25/Feb/2014:12:40:53 +0800] "GET /content/repository/resource_content.jsp?oid=1866917 HTTP/1.1" 200 28222
114.37.224.181 - - [25/Feb/2014:12:40:55 +0800] "GET /content/pictures/picture_content.jsp?oid=33554740&classify=2259 HTTP/1.1" 200 26579
114.37.224.181 - - [25/Feb/2014:12:40:55 +0800] "GET /content/nav/relationSubject.jsp?relationWords=%E7%87%95%E9%AD%9F+&oid=33554740 HTTP/1.1" 200 3319
173.252.74.113 - - [25/Feb/2014:12:40:58 +0800] "GET /content/subject/resource_content.jsp?oid=16777794&queryType=qc HTTP/1.1" 200 42060
114.37.224.181 - - [25/Feb/2014:12:41:05 +0800] "GET /content/pictures/picture_content.jsp?oid=33554741&classify=2259 HTTP/1.1" 200 26645
114.37.224.181 - - [25/Feb/2014:12:41:05 +0800] "GET /content/nav/relationSubject.jsp?relationWords=&oid=33554741 HTTP/1.1" 200 1413
66.249.77.195 - - [25/Feb/2014:12:41:13 +0800] "GET /content/repository/resource_content.jsp?oid=689038 HTTP/1.1" 200 26321
210.69.160.95 - - [25/Feb/2014:12:41:19 +0800] "GET /content/repository/resource_content.jsp?oid=1544293 HTTP/1.1" 200 30912
210.69.160.95 - - [25/Feb/2014:12:41:29 +0800] "GET /content/nav/relationSubject.jsp?relationWords=%E5%88%9D%E4%B8%AD+%E5%96%AE%E5%AD%A3%E7%94%B0+%E5%B9%B3%E5%AE%B6+%E5%BC%8A%E6%A1%88+%E6%9E%97%E7%94%A2+%E6%9E%97%E7%94%A2%E7%AE%A1%E7%90%86%E5%B1%80+%E7%9C%81%E6%94%BF%E5%BA%9C+%E9%A2%A8%E5%8C%96%E5%8D%80+&oid=1544293 HTTP/1.1" 200 4785
61.135.249.192 - - [25/Feb/2014:12:41:32 +0800] "GET /content/subject/resource_content.jsp?oid=16777460&queryType=qc HTTP/1.1" 200 37842
66.249.77.195 - - [25/Feb/2014:12:42:22 +0800] "GET /content/repository/resource_content.jsp?oid=691884 HTTP/1.1" 200 27341
66.249.77.195 - - [25/Feb/2014:12:42:26 +0800] "GET /content/repository/resource_content.jsp?oid=620341 HTTP/1.1" 200 27544
61.135.249.192 - - [25/Feb/2014:12:42:59 +0800] "GET /content/subject/resource_content.jsp?oid=16777333&queryType=qc HTTP/1.1" 200 31012
66.249.77.236 - - [25/Feb/2014:12:43:32 +0800] "GET /content/nav/relationSubject.jsp?relationWords=%E5%85%AB%E4%BB%99%E5%BD%A9%20&oid=4364021 HTTP/1.1" 200 2974
66.249.77.195 - - [25/Feb/2014:12:43:39 +0800] "GET /content/repository/resource_content.jsp?oid=620492 HTTP/1.1" 200 27465
65.52.242.216 - - [25/Feb/2014:12:43:44 +0800] "GET /content/subject/resource_content.jsp?oid=16777794&queryType=qc HTTP/1.1" 200 42060
66.249.77.236 - - [25/Feb/2014:12:44:59 +0800] "GET /content/nav/relationSubject.jsp?relationWords=%E6%9E%97%E7%83%88%E5%A0%82+%E8%94%A1%E6%95%8F%E5%BA%AD+&oid=1888223 HTTP/1.1" 200 1433
66.249.77.195 - - [25/Feb/2014:12:44:59 +0800] "GET /content/nav/relationSubject.jsp?relationWords=%E5%9C%B0%E6%AC%8A+%E5%A2%9E%E5%80%BC%E7%A8%85+%E5%B9%B3%E5%9D%87%E5%9C%B0%E6%AC%8A+&oid=1631539 HTTP/1.1" 200 5302
66.249.74.221 - - [25/Feb/2014:12:45:00 +0800] "GET /content/nav/relationSubject.jsp?relationWords=%E5%A8%9B%E6%A8%82%E7%A8%85+%E8%87%BA%E6%9D%B1%E7%B8%A3+%E9%A0%90%E7%AE%97+&oid=1631545 HTTP/1.1" 200 5300
66.249.77.195 - - [25/Feb/2014:12:45:01 +0800] "GET /content/nav/relationSubject.jsp?relationWords=%E5%85%8D%E7%A8%85%E9%A1%8D+%E6%89%80%E5%BE%97%E7%A8%85+%E6%B3%95%E9%99%A2+%E7%89%A9%E5%83%B9%E6%8C%87%E6%95%B8+%E7%AB%8B%E6%B3%95%E9%99%A2+%E7%B6%9C%E5%90%88%E6%89%80%E5%BE%97%E7%A8%85+&oid=1631495 HTTP/1.1" 200 5257
66.249.77.195 - - [25/Feb/2014:12:45:02 +0800] "GET /content/nav/relationSubject.jsp?relationWords=%E4%BF%9D%E7%AE%A1%E6%9E%97+%E4%BF%9D%E8%AD%89%E9%87%91+%E5%80%9F%E5%9C%B0+%E5%8F%A4%E5%BE%B7+%E5%9C%B0%E5%83%B9+%E5%9C%B0%E5%83%B9%E6%A1%88+%E5%9C%B0%E5%83%B9%E8%A3%9C%E5%84%9F+%E5%B7%A5%E7%A8%8B%E7%94%A8%E5%9C%B0+%E5%BA%A6%E9%87%8F%E8%A1%A1+%E5%BB%96%E5%A4%A7%E7%82%8E+%E5%BD%B0%E5%8C%96%E7%B8%A3%E8%AD%B0%E6%9C%83+%E6%83%A0%E5%BE%A9+%E6%83%A0%E5%BE%A9%E6%A1%88+%E6%89%80%E5%BE%97%E7%A8%85+%E6%9C%83%E8%AD%B0%E7%B4%80%E9%8C%84+%E6%9E%97%E6%B8%85%E8%AA%B2+%E6%A0%A1%E7%94%A2+%E6%A5%8A%E5%A4%A9%E4%BE%86+%E7%8E%8B%E5%AE%89+%E7%8E%8B%E5%AE%89%E9%A0%86+%E7%B6%9C%E5%90%88%E6%89%80%E5%BE%97%E7%A8%85+%E7%B8%A3%E8%AD%B0%E6%9C%83+%E8%87%BA%E5%8C%97%E5%B8%82+%E8%87%BA%E5%8C%97%E5%B8%82%E5%95%86%E6%9C%83+%E8%87%BA%E7%81%A3%E8%88%AA%E6%A5%AD%E5%85%AC%E5%8F%B8+%E8%A1%9B%E7%94%9F%E8%99%95+%E8%AB%8B%E9%91%92+%E8%BE%B2%E7%94%B0%E6%B0%B4%E5%88%A9%E6%9C%83+%E9%91%92%E6%A0%B8%E6%A1%88+&oid=1553674 HTTP/1.1" 200 6878
66.249.77.195 - - [25/Feb/2014:12:45:03 +0800] "GET /content/nav/relationSubject.jsp?relationWords=%E6%89%80%E5%BE%97%E7%A8%85+%E6%89%80%E5%BE%97%E7%A8%85%E6%B3%95+%E7%9C%81%E6%94%BF%E5%BA%9C+%E8%87%A8%E6%99%82%E7%9C%81%E8%AD%B0%E6%9C%83+%E8%87%BA%E7%81%A3%E7%9C%81+%E8%A8%B1%E9%87%91%E5%BE%B7+%E9%87%91%E8%9E%8D+&oid=1526759 HTTP/1.1" 200 5597
66.249.77.195 - - [25/Feb/2014:12:45:03 +0800] "GET /content/nav/relationSubject.jsp?relationWords=%E4%BA%8C%E5%B4%99+%E4%BA%8C%E5%B4%99%E9%84%89+%E5%BB%96%E5%AD%B8%E8%BC%9D+%E5%BB%96%E7%A7%89%E8%BC%9D+%E6%BA%90%E8%88%88+%E7%94%B0%E8%B3%A6+%E7%B3%A7%E9%A3%9F%E5%B1%80+%E8%B3%AA%E8%A9%A2+&oid=1562962 HTTP/1.1" 200 3474
