66.249.71.5 - - [30/Jan/2016:11:05:20 +0800] "GET /digiarch3/content/subject/resource_content.jsp?oid=16777484&queryType=qs&queryString=%E5%8B%95%E7%89%A9%E5%AD%B8 HTTP/1.1" 200 72139
220.181.108.97 - - [30/Jan/2016:11:05:22 +0800] "GET /content/subject/resource_content.jsp?oid=16777352&queryType=qc HTTP/1.1" 200 28007
66.249.71.5 - - [30/Jan/2016:11:05:30 +0800] "GET /digiarch3/content/nav/relationSubject.jsp?relationWords=&oid=16797259 HTTP/1.1" 200 1405
66.249.74.72 - - [30/Jan/2016:11:05:45 +0800] "GET /digiarch3/content/repository/resource_content.jsp?oid=16280&queryString=%E5%88%BA%E5%B0%BE%E9%AF%9B%20%E5%88%BA%E5%B0%BE%E9%AF%9B%E7%A7%91%20%E7%9F%AD%E5%96%99%E9%BC%BB%E9%AD%9A%20%E9%AF%9B%E7%A7%91 HTTP/1.1" 200 35277
66.249.71.60 - - [30/Jan/2016:11:06:08 +0800] "GET /content/repository/resource_content.jsp?oid=1599801&queryType=qs&queryString=%E8%99%B1%E7%9B%AE%E9%AD%9A HTTP/1.1" 200 35290
66.249.71.5 - - [30/Jan/2016:11:06:17 +0800] "GET /digiarch3/content/nav/relationSubject.jsp?relationWords=%E6%8E%A5%E9%AA%A8%E6%9C%A8+%E6%A4%8D%E7%89%A9%E7%95%8C+%E7%B4%85%E6%9E%9C%E9%87%91%E7%B2%9F%E8%98%AD+%E8%8D%89%E7%8F%8A%E7%91%9A+%E8%8D%89%E7%8F%8A%E7%91%9A%E5%B1%AC+%E9%87%91%E7%B2%9F%E8%98%AD%E7%A7%91+&oid=1105416 HTTP/1.1" 200 3588
66.249.71.5 - - [30/Jan/2016:11:06:56 +0800] "GET /digiarch3/content/subject/resource_content.jsp?oid=16777514&queryType=qs&queryString=%E5%82%85%E6%96%AF%E5%B9%B4 HTTP/1.1" 200 42801
140.180.253.87 - - [30/Jan/2016:11:07:11 +0800] "GET /content/repository/resource_content.jsp?oid=2599250&queryType=null&queryString=%E8%8C%83%E7%B8%A3%E5%85%B5 HTTP/1.1" 200 29015
140.180.253.87 - - [30/Jan/2016:11:07:11 +0800] "GET /content/nav/relationSubject.jsp?relationWords=&oid=2599250 HTTP/1.1" 200 1405
66.249.71.60 - - [30/Jan/2016:11:07:20 +0800] "GET /digiarch_en/content/repository/resource_content.jsp?oid=524142&queryString=%E6%B2%B3%E8%9C%91%E8%9E%BA%E5%B1%AC%20%E7%B4%B0%E6%96%91%E8%9C%91%E8%9E%BA%20%E8%85%B9%E8%B6%B3%E7%B6%B1%20%E8%9C%91%E8%9E%BA HTTP/1.1" 200 34130
66.249.74.72 - - [30/Jan/2016:11:07:45 +0800] "GET /digiarch3/content/subject/resource_content.jsp?oid=16777396&queryType=qc HTTP/1.1" 200 34853
66.249.71.5 - - [30/Jan/2016:11:08:08 +0800] "GET /digiarch3/content/subject/resource_content.jsp?oid=16777369&queryType=qc HTTP/1.1" 200 27052
140.180.253.87 - - [30/Jan/2016:11:08:20 +0800] "GET /content/repository/resource_content.jsp?oid=2599249&queryType=null&queryString=+%E6%BF%AE%E5%B7%9E%E7%81%BD HTTP/1.1" 200 29021
140.180.253.87 - - [30/Jan/2016:11:08:21 +0800] "GET /content/nav/relationSubject.jsp?relationWords=&oid=2599249 HTTP/1.1" 200 1405
66.249.71.105 - - [30/Jan/2016:11:08:27 +0800] "GET /content/nav/relationSubject.jsp?relationWords=%E5%BE%90%E6%85%B6%E5%85%83+%E6%9E%97%E6%98%A5+%E8%98%87%E6%96%87%E9%9B%84+%E9%A1%8F%E6%B8%85%E6%A8%99+&oid=1894129 HTTP/1.1" 200 3286
66.249.71.5 - - [30/Jan/2016:11:08:32 +0800] "GET /digiarch3/content/subject/resource_content.jsp?oid=16777342&queryType=qs&queryString=%E6%9D%B1%E5%8D%97%E4%BA%9E HTTP/1.1" 200 33181
66.249.71.60 - - [30/Jan/2016:11:09:06 +0800] "GET /content/repository/resource_content.jsp?oid=1101661 HTTP/1.1" 200 31397
66.249.71.60 - - [30/Jan/2016:11:09:07 +0800] "GET /digiarch_en/content/repository/resource_content.jsp?oid=15294&queryString=%E7%83%8F%E5%B0%BE%E5%86%AC%E4%BB%94%20%E9%BB%83%E5%B0%BE%20%E9%BB%83%E5%B0%BE%E6%A2%85%E9%AF%9B HTTP/1.1" 200 27844
36.236.213.205 - - [30/Jan/2016:11:09:14 +0800] "GET /content/subject/resource_content.jsp?oid=16797240&queryType=qc HTTP/1.1" 200 42460
36.236.213.205 - - [30/Jan/2016:11:09:15 +0800] "GET /content/nav/relationSubject.jsp?relationWords=&oid=16797240 HTTP/1.1" 200 1405
66.249.74.98 - - [30/Jan/2016:11:09:17 +0800] "GET /content/nav/relationSubject.jsp?relationWords=%E5%A4%A7%E7%9B%AE%E5%81%B4%E4%BB%94+%E5%A4%A7%E9%9D%A2%E5%81%B4%E4%BB%94+%E5%A4%A9%E7%AB%BA%E9%AF%9B+%E5%A4%A9%E7%AB%BA%E9%AF%9B%E7%A7%91+%E5%B7%A8%E7%89%99+%E5%B7%A8%E9%BD%92%E5%A4%A9%E7%AB%BA%E9%AF%9B+%E7%B8%B1%E5%B8%B6+&oid=15165 HTTP/1.1" 200 3731
140.180.253.87 - - [30/Jan/2016:11:09:20 +0800] "GET /content/repository/resource_content.jsp?oid=2598421&queryType=null&queryString=%E4%B8%89%E6%9D%91%E6%B0%B4%E7%81%BD HTTP/1.1" 200 29007
66.249.71.60 - - [30/Jan/2016:11:09:21 +0800] "GET /digiarch_en/content/repository/resource_content.jsp?oid=16280&queryString=%E5%88%BA%E5%B0%BE%E9%AF%9B%20%E7%99%BD%E9%9D%A2 HTTP/1.1" 200 27749
140.180.253.87 - - [30/Jan/2016:11:09:21 +0800] "GET /content/nav/relationSubject.jsp?relationWords=&oid=2598421 HTTP/1.1" 200 1405
66.249.71.60 - - [30/Jan/2016:11:09:24 +0800] "GET /content/nav/relationSubject.jsp?relationWords=%E5%A4%A7%E7%9B%AE%E5%81%B4%E4%BB%94%20%E5%A4%A7%E9%9D%A2%E5%81%B4%E4%BB%94%20%E5%A4%A9%E7%AB%BA%E9%AF%9B%20%E5%A4%A9%E7%AB%BA%E9%AF%9B%E7%A7%91%20%E5%B7%A8%E7%89%99%20%E5%B7%A8%E9%BD%92%E5%A4%A9%E7%AB%BA%E9%AF%9B%20%E7%B8%B1%E5%B8%B6%20&oid=15165 HTTP/1.1" 200 3731
66.249.71.5 - - [30/Jan/2016:11:09:35 +0800] "GET /digiarch3/content/nav/relationSubject.jsp?relationWords=%E5%AE%98%E7%B4%B3+%E7%A6%AE%E9%83%A8+&oid=2689222 HTTP/1.1" 200 3101
66.249.71.5 - - [30/Jan/2016:11:09:40 +0800] "GET /digiarch3/content/nav/relationSubject.jsp?relationWords=%E5%AE%98%E7%B4%B3%20%E7%A6%AE%E9%83%A8%20&oid=2689222 HTTP/1.1" 200 3101
66.249.71.5 - - [30/Jan/2016:11:09:45 +0800] "GET /digiarch3/content/subject/resource_content.jsp?oid=16777514&queryType=qs&queryString=%E9%BB%91%E6%B0%B4%E6%BA%9D HTTP/1.1" 200 42828
66.249.71.164 - - [30/Jan/2016:11:10:08 +0800] "GET /content/repository/resource_content.jsp?oid=4363582&queryString=%E5%BC%B5%E5%A4%A9%E5%B8%AB HTTP/1.1" 200 28063
66.249.71.164 - - [30/Jan/2016:11:10:28 +0800] "GET /content/nav/relationSubject.jsp?relationWords=%E5%8D%97%E7%AE%A1+%E6%B4%9E%E7%B0%AB+&oid=4364477 HTTP/1.1" 200 3029
66.249.71.60 - - [30/Jan/2016:11:10:32 +0800] "GET /digiarch_en/content/pictures/picture_content.jsp?oid=33554788 HTTP/1.1" 200 21937
140.180.253.87 - - [30/Jan/2016:11:10:42 +0800] "GET /content/repository/resource_content.jsp?oid=2629969&queryType=null&queryString=%E4%BB%8A%E5%B9%B4%E4%BA%8C%E9%BA%A5%E9%99%A1 HTTP/1.1" 200 29071
140.180.253.87 - - [30/Jan/2016:11:10:42 +0800] "GET /content/nav/relationSubject.jsp?relationWords=&oid=2629969 HTTP/1.1" 200 1405
114.47.169.127 - - [30/Jan/2016:11:10:55 +0800] "GET /content/repository/resource_content.jsp?oid=1532002 HTTP/1.1" 200 29723
114.47.169.127 - - [30/Jan/2016:11:10:56 +0800] "GET /content/nav/relationSubject.jsp?relationWords=%E5%85%AC%E8%B7%AF%E5%B1%80+%E5%B7%A5%E7%A8%8B%E8%B2%BB+%E7%9C%81%E6%94%BF%E5%BA%9C+%E8%87%BA%E5%8D%97%E7%B8%A3%E8%AD%B0%E6%9C%83+%E8%87%BA%E7%81%A3%E7%9C%81+%E8%87%BA%E7%81%A3%E7%9C%81%E6%B0%B4%E5%88%A9%E5%B1%80+%E8%87%BA%E7%81%A3%E7%9C%81%E8%AD%B0%E6%9C%83+%E8%B7%AF%E6%A9%8B+%E8%BE%B2%E7%94%B0%E6%B0%B4%E5%88%A9%E6%9C%83+&oid=1532002 HTTP/1.1" 200 4977
66.249.71.60 - - [30/Jan/2016:11:10:56 +0800] "GET /content/repository/resource_content.jsp?oid=15275&queryString=%E6%9B%B3%E7%B5%B2%20%E6%9B%B3%E7%B5%B2%E9%B0%8F HTTP/1.1" 200 34336
118.163.220.121 - - [30/Jan/2016:11:11:09 +0800] "GET /content/repository/resource_content.jsp?oid=1107234 HTTP/1.1" 200 30836
118.163.220.121 - - [30/Jan/2016:11:11:17 +0800] "GET /content/nav/relationSubject.jsp?relationWords=%E5%8D%83%E9%87%91%E5%AD%90+%E5%8D%83%E9%87%91%E5%AD%90%E5%B1%AC+%E6%A4%8D%E7%89%A9%E7%95%8C+%E7%A6%BE%E6%9C%AC%E7%A7%91+%E8%8E%8E%E8%8D%89+&oid=1107234 HTTP/1.1" 200 3338
66.249.71.113 - - [30/Jan/2016:11:11:20 +0800] "GET /content/repository/resource_content.jsp?oid=190578&queryType=qs&queryString=%E6%99%89%E5%86%80%E9%AD%AF%E8%B1%AB HTTP/1.1" 200 30156
68.180.228.24 - - [30/Jan/2016:11:11:39 +0800] "GET /digiarch_en/content/subject/resource_content.jsp?oid=16777452&queryType=qc HTTP/1.1" 200 28121
66.249.71.60 - - [30/Jan/2016:11:11:45 +0800] "GET /content/subject/resource_content.jsp?oid=16777260&queryString=%E5%B1%B1%E8%8A%99%E8%93%89%20%E6%9C%A8%E6%A7%BF%E5%B1%AC%20%E6%A4%8D%E7%89%A9%E7%95%8C%20%E9%8C%A6%E8%91%B5%20%E9%8C%A6%E8%91%B5%E7%A7%91 HTTP/1.1" 200 38458
140.180.253.87 - - [30/Jan/2016:11:11:55 +0800] "GET /content/repository/resource_content.jsp?oid=2595794&queryType=null&queryString=%E5%9B%9B%E7%B8%A3%E6%97%B1%E7%81%BD HTTP/1.1" 200 29125
140.180.253.87 - - [30/Jan/2016:11:11:56 +0800] "GET /content/nav/relationSubject.jsp?relationWords=&oid=2595794 HTTP/1.1" 200 1405
66.249.71.60 - - [30/Jan/2016:11:12:01 +0800] "GET /content/nav/relationSubject.jsp?relationWords=%E8%BE%AD%E5%85%B8+&oid=1777816 HTTP/1.1" 200 2994
66.249.74.98 - - [30/Jan/2016:11:12:09 +0800] "GET /content/subject/resource_content.jsp?oid=16777567&queryType=qs&queryString=%E7%BE%8E%E8%A1%93%E9%A4%A8 HTTP/1.1" 200 37549
66.249.71.60 - - [30/Jan/2016:11:12:13 +0800] "GET /content/repository/resource_content.jsp?oid=1605021 HTTP/1.1" 200 28473
66.249.71.60 - - [30/Jan/2016:11:12:33 +0800] "GET /content/repository/resource_content.jsp?oid=518215&queryString=%E4%BA%9E%E6%88%90%E9%AB%94%20%E5%B0%8F%E5%8D%B7%20%E7%9C%9F%E9%8E%96%E7%AE%A1%20%E9%80%8F%E6%8A%BD%20%E9%8E%96%E7%AE%A1%E5%B1%AC%20%E9%8E%96%E7%AE%A1%E7%A7%91%20%E9%A0%AD%E8%B6%B3%E7%B6%B1 HTTP/1.1" 200 32360
66.249.71.5 - - [30/Jan/2016:11:12:52 +0800] "GET /digiarch3/content/nav/relationSubject.jsp?relationWords=%E6%A7%8D%E9%A0%AD%E7%9F%B3%E6%96%91%E9%AD%9A+%E7%9F%B3%E6%96%91+%E7%9F%B3%E6%96%91%E9%AD%9A+%E8%86%BD%E7%9F%B3+%E9%81%8E%E9%AD%9A+%E9%9E%8D%E5%B8%B6%E7%9F%B3%E6%96%91+%E9%9E%8D%E5%B8%B6%E7%9F%B3%E6%96%91%E9%AD%9A+%E9%AE%A8%E7%A7%91+%E9%BE%8D%E8%86%BD+%E9%BE%8D%E8%86%BD%E7%9F%B3%E6%96%91+&oid=15005 HTTP/1.1" 200 4093
66.249.71.5 - - [30/Jan/2016:11:12:57 +0800] "GET /digiarch3/content/repository/resource_content.jsp?oid=15829&queryType=qs&queryString=%E8%99%B9%E5%BD%A9 HTTP/1.1" 200 36428
66.249.71.60 - - [30/Jan/2016:11:13:08 +0800] "GET /content/nav/relationSubject.jsp?relationWords=%E9%BE%9C%E7%94%B2%E5%8D%9C%E8%BE%AD%E6%AE%98%E7%89%87+&oid=1849339 HTTP/1.1" 200 3071
66.249.71.60 - - [30/Jan/2016:11:13:10 +0800] "GET /content/nav/relationSubject.jsp?relationWords=%E9%BE%9C%E7%94%B2%E5%8D%9C%E8%BE%AD%E6%AE%98%E7%89%87%20&oid=1849339 HTTP/1.1" 200 3071
66.249.71.5 - - [30/Jan/2016:11:13:41 +0800] "GET /digiarch3/content/subject/resource_content.jsp?oid=16777399&queryType=qc HTTP/1.1" 200 28344
66.249.71.5 - - [30/Jan/2016:11:13:42 +0800] "GET /digiarch3/content/nav/relationSubject.jsp?relationWords=%E5%A4%AA%E5%B8%B8%E5%AF%BA+%E8%B4%8A%E8%AE%80+&oid=2683340 HTTP/1.1" 200 3101
66.249.71.60 - - [30/Jan/2016:11:13:47 +0800] "GET /content/nav/relationSubject.jsp?relationWords=%E5%94%90%E6%9D%9C%E9%B5%91+%E6%9D%9C%E9%B5%91%E8%8A%B1+%E6%9D%9C%E9%B5%91%E8%8A%B1%E5%B1%AC+%E6%9D%9C%E9%B5%91%E8%8A%B1%E7%A7%91+%E6%A4%8D%E7%89%A9%E7%95%8C+&oid=1462291 HTTP/1.1" 200 4661
66.249.71.5 - - [30/Jan/2016:11:13:52 +0800] "GET /digiarch3/content/nav/relationSubject.jsp?relationWords=%E5%A4%AA%E5%B8%B8%E5%AF%BA%20%E8%B4%8A%E8%AE%80%20&oid=2683340 HTTP/1.1" 200 3101
66.249.71.60 - - [30/Jan/2016:11:14:04 +0800] "GET /content/subject/resource_content.jsp?oid=16777487&queryString=%E6%A0%B8%E5%A4%8D%20%E8%91%97%E4%BD%9C%E6%AC%8A HTTP/1.1" 200 44966
66.249.71.60 - - [30/Jan/2016:11:14:05 +0800] "GET /content/nav/relationSubject.jsp?relationWords=%E5%94%90%E6%9D%9C%E9%B5%91%20%E6%9D%9C%E9%B5%91%E8%8A%B1%20%E6%9D%9C%E9%B5%91%E8%8A%B1%E5%B1%AC%20%E6%9D%9C%E9%B5%91%E8%8A%B1%E7%A7%91%20%E6%A4%8D%E7%89%A9%E7%95%8C%20&oid=1462291 HTTP/1.1" 200 4661
140.180.253.87 - - [30/Jan/2016:11:14:05 +0800] "GET /content/repository/resource_content.jsp?oid=2629970&queryType=null&queryString=%E5%85%AD%E6%9C%88%E5%85%A7%E5%8F%88%E7%AA%81 HTTP/1.1" 200 28981
140.180.253.87 - - [30/Jan/2016:11:14:06 +0800] "GET /content/nav/relationSubject.jsp?relationWords=&oid=2629970 HTTP/1.1" 200 1405
66.249.71.5 - - [30/Jan/2016:11:14:09 +0800] "GET /digiarch3/content/nav/relationSubject.jsp?relationWords=%E5%85%A8%E6%99%AF%20%E6%93%BA%E5%A4%B7%20&oid=1172799 HTTP/1.1" 200 3010
66.249.71.5 - - [30/Jan/2016:11:14:17 +0800] "GET /digiarch3/content/subject/resource_content.jsp?oid=16777537&queryType=qc HTTP/1.1" 200 30733
118.160.238.174 - - [30/Jan/2016:11:14:18 +0800] "GET /content/subject/resource_content.jsp?oid=16797340&queryType=qc HTTP/1.1" 200 63037
66.249.71.5 - - [30/Jan/2016:11:14:19 +0800] "GET /digiarch3/content/subject/resource_content.jsp?oid=16777752&queryString=%E6%B0%91%E6%97%8F%E5%AD%B8%20%E6%B0%91%E9%96%93%E4%BF%A1%E4%BB%B0 HTTP/1.1" 200 37616
118.160.238.174 - - [30/Jan/2016:11:14:19 +0800] "GET /content/nav/relationSubject.jsp?relationWords=%E5%8A%89%E5%85%B6%E5%81%89+&oid=16797340 HTTP/1.1" 200 1415
210.69.175.253 - - [30/Jan/2016:11:14:52 +0800] "GET /content/repository/resource_content.jsp?oid=1115396&queryString=%E4%BA%94%E8%95%8A%E7%9F%B3%E8%96%AF%20%E7%9F%B3%E8%96%AF%E5%B1%AC HTTP/1.1" 200 30960
210.69.175.253 - - [30/Jan/2016:11:14:54 +0800] "GET /content/nav/relationSubject.jsp?relationWords=%E5%B0%8F%E8%91%89%E7%9F%B3%E8%96%AF+%E7%9F%B3%E8%96%AF%E5%B1%AC+&oid=1115396 HTTP/1.1" 200 3192
66.249.77.97 - - [30/Jan/2016:11:14:57 +0800] "GET /content/repository/resource_content.jsp?oid=14832&queryString=%E7%9F%B3%E7%8B%97%E5%85%AC%20%E9%AB%98%E9%AB%94 HTTP/1.1" 200 35722
66.249.77.91 - - [30/Jan/2016:11:15:21 +0800] "GET /content/repository/resource_content.jsp?oid=2150440&queryString=%E5%A4%8F%E5%A4%9C%20%E6%B0%B4%E8%8C%84%E8%8B%B3 HTTP/1.1" 200 31026
118.163.220.121 - - [30/Jan/2016:11:15:24 +0800] "GET /content/repository/resource_content.jsp?oid=1107234 HTTP/1.1" 200 30836
140.180.253.87 - - [30/Jan/2016:11:15:25 +0800] "GET /content/repository/resource_content.jsp?oid=2596371&queryType=null&queryString=%E7%95%B0%E5%B8%B8%E8%9D%97 HTTP/1.1" 200 28959
140.180.253.87 - - [30/Jan/2016:11:15:26 +0800] "GET /content/nav/relationSubject.jsp?relationWords=&oid=2596371 HTTP/1.1" 200 1405
66.249.79.27 - - [30/Jan/2016:11:15:46 +0800] "GET /content/subject/resource_content.jsp?oid=16777422&queryType=qc HTTP/1.1" 200 44822
66.249.71.173 - - [30/Jan/2016:11:15:47 +0800] "GET /content/nav/relationSubject.jsp?relationWords=%E4%B8%8A%E8%AB%AD+%E5%90%8F%E9%83%A8+%E7%A7%BB%E6%9C%83+&oid=2638301 HTTP/1.1" 200 3151
66.249.71.164 - - [30/Jan/2016:11:15:49 +0800] "GET /content/nav/relationSubject.jsp?relationWords=%E4%B8%8A%E8%AB%AD%20%E5%90%8F%E9%83%A8%20%E7%A7%BB%E6%9C%83%20&oid=2638301 HTTP/1.1" 200 3151
66.249.71.60 - - [30/Jan/2016:11:16:09 +0800] "GET /digiarch_en/content/subject/resource_content.jsp?oid=16777621&queryType=qc HTTP/1.1" 200 32765
66.249.74.72 - - [30/Jan/2016:11:16:10 +0800] "GET /digiarch3/content/nav/relationSubject.jsp?relationWords=%E7%B4%85%E5%B0%BE%E5%86%AC%E4%BB%94+%E9%87%91%E7%B7%9A%E9%AD%9A%E7%A7%91+%E9%9B%99%E5%B8%B6%E8%B5%A4%E5%B0%BE%E5%86%AC+&oid=15428 HTTP/1.1" 200 3609
66.249.71.113 - - [30/Jan/2016:11:16:24 +0800] "GET /content/repository/resource_content.jsp?oid=1521683&queryType=qs&queryString=%E8%BE%B2%E4%BF%9D HTTP/1.1" 200 28745
66.249.71.5 - - [30/Jan/2016:11:16:33 +0800] "GET /digiarch3/content/repository/resource_content.jsp?oid=2571137&queryString=%E9%84%AD%E6%88%90%E5%8A%9F HTTP/1.1" 200 30373
140.180.253.87 - - [30/Jan/2016:11:16:57 +0800] "GET /content/repository/resource_content.jsp?oid=2596370&queryType=null&queryString=%E8%9D%97%E8%9D%BB%E4%B9%8B%E7%81%BD HTTP/1.1" 200 28881
140.180.253.87 - - [30/Jan/2016:11:16:57 +0800] "GET /content/nav/relationSubject.jsp?relationWords=&oid=2596370 HTTP/1.1" 200 1405
66.249.71.60 - - [30/Jan/2016:11:17:23 +0800] "GET /content/repository/resource_content.jsp?oid=1532441&queryString=%E5%9C%8B%E9%98%B2%E9%83%A8%20%E6%B5%B7%E8%BB%8D%E5%AE%98%E6%A0%A1%20%E7%8E%8B%E5%AE%89%E9%A0%86 HTTP/1.1" 200 31621
66.249.71.60 - - [30/Jan/2016:11:17:26 +0800] "GET /content/nav/relationSubject.jsp?relationWords=%E7%83%8F%E5%B0%BE%E5%86%AC%E4%BB%94+%E9%BB%83%E5%B0%BE+%E9%BB%83%E5%B0%BE%E6%A2%85%E9%AF%9B+&oid=15294 HTTP/1.1" 200 3447
66.249.74.98 - - [30/Jan/2016:11:17:45 +0800] "GET /content/subject/resource_content.jsp?oid=16777296 HTTP/1.1" 200 32067
140.180.253.87 - - [30/Jan/2016:11:18:09 +0800] "GET /content/repository/resource_content.jsp?oid=2596369&queryType=null&queryString=%E5%90%84%E8%99%95%E5%8F%97%E7%81%BD%E5%A4%9A%E5%AF%A1 HTTP/1.1" 200 29056
140.180.253.87 - - [30/Jan/2016:11:18:09 +0800] "GET /content/nav/relationSubject.jsp?relationWords=&oid=2596369 HTTP/1.1" 200 1405
66.249.71.60 - - [30/Jan/2016:11:18:11 +0800] "GET /content/nav/relationSubject.jsp?relationWords=&oid=1619807 HTTP/1.1" 200 1405
66.249.71.5 - - [30/Jan/2016:11:18:33 +0800] "GET /digiarch3/content/repository/resource_content.jsp?oid=4361960&queryString=%E5%8F%83%E8%AD%B0%E6%9C%83%20%E5%8F%B0%E7%81%A3%E7%9C%81%20%E5%AA%92%E9%AB%94%20%E8%A1%8C%E6%94%BF%E6%A9%9F%E9%97%9C%20%E9%96%8B%E5%8F%B0 HTTP/1.1" 200 29151
66.249.77.85 - - [30/Jan/2016:11:18:51 +0800] "GET /content/nav/relationSubject.jsp?relationWords=%E5%B9%B3%E6%B4%A5+&oid=4445888 HTTP/1.1" 200 3248
66.249.77.85 - - [30/Jan/2016:11:18:53 +0800] "GET /content/nav/relationSubject.jsp?relationWords=%E5%B9%B3%E6%B4%A5%20&oid=4445888 HTTP/1.1" 200 3248
66.249.71.60 - - [30/Jan/2016:11:18:57 +0800] "GET /content/repository/resource_content.jsp?oid=1450777 HTTP/1.1" 200 29861
66.249.71.60 - - [30/Jan/2016:11:19:08 +0800] "GET /content/nav/relationSubject.jsp?relationWords=%E5%9C%B0%E7%90%86%E8%B3%87%E8%A8%8A+%E5%9C%B0%E7%90%86%E8%B3%87%E8%A8%8A%E7%B3%BB%E7%B5%B1+%E6%AE%B7%E5%91%A8+%E9%9D%92%E9%8A%85%E5%99%A8+&oid=16777371 HTTP/1.1" 200 6134
66.249.71.60 - - [30/Jan/2016:11:19:21 +0800] "GET /content/repository/resource_content.jsp?oid=1889357 HTTP/1.1" 200 28486
66.249.71.60 - - [30/Jan/2016:11:19:45 +0800] "GET /content/repository/resource_content.jsp?oid=1583004 HTTP/1.1" 200 28500
66.249.77.85 - - [30/Jan/2016:11:19:55 +0800] "GET /content/nav/relationSubject.jsp?relationWords=%E5%8D%87%E5%AD%B8%E4%B8%BB%E7%BE%A9+%E5%B0%88%E7%A7%91+%E5%B7%A5%E6%A5%AD%E6%8A%80%E8%A1%93+%E7%95%A2%E6%A5%AD%E5%85%B8%E7%A6%AE+%E8%87%BA%E4%B8%AD%E4%B8%80%E4%B8%AD+%E8%87%BA%E4%B8%AD%E7%B8%A3+%E9%9B%BB%E8%A6%96%E5%8A%87+&oid=1625127 HTTP/1.1" 200 5831
66.249.77.85 - - [30/Jan/2016:11:19:57 +0800] "GET /content/nav/relationSubject.jsp?relationWords=%E5%8D%87%E5%AD%B8%E4%B8%BB%E7%BE%A9%20%E5%B0%88%E7%A7%91%20%E5%B7%A5%E6%A5%AD%E6%8A%80%E8%A1%93%20%E7%95%A2%E6%A5%AD%E5%85%B8%E7%A6%AE%20%E8%87%BA%E4%B8%AD%E4%B8%80%E4%B8%AD%20%E8%87%BA%E4%B8%AD%E7%B8%A3%20%E9%9B%BB%E8%A6%96%E5%8A%87%20&oid=1625127 HTTP/1.1" 200 5831
66.249.71.60 - - [30/Jan/2016:11:20:09 +0800] "GET /content/repository/resource_content.jsp?oid=1813604 HTTP/1.1" 200 28939
140.180.253.87 - - [30/Jan/2016:11:20:20 +0800] "GET /content/repository/resource_content.jsp?oid=2598414&queryType=null&queryString=%E5%9F%8E%E5%9E%A3%E5%9D%8D%E5%A1%8C%E5%9A%B4 HTTP/1.1" 200 29128
140.180.253.87 - - [30/Jan/2016:11:20:20 +0800] "GET /content/nav/relationSubject.jsp?relationWords=&oid=2598414 HTTP/1.1" 200 1405
66.249.71.60 - - [30/Jan/2016:11:20:33 +0800] "GET /content/repository/resource_content.jsp?oid=3823543&queryString=%E6%A4%8D%E7%89%A9%E7%95%8C%20%E6%A6%95%E5%B1%AC%20%E6%BF%B1%E6%A6%95 HTTP/1.1" 200 30928
66.249.77.85 - - [30/Jan/2016:11:20:59 +0800] "GET /content/repository/resource_content.jsp?oid=2530557&queryString=%E7%A2%91%E7%A2%A3 HTTP/1.1" 200 29918
66.249.71.60 - - [30/Jan/2016:11:21:07 +0800] "GET /content/nav/relationSubject.jsp?relationWords=%E4%BA%94%E7%AD%86+%E5%91%86%E5%B8%B3+&oid=1629956 HTTP/1.1" 200 6330
66.249.71.60 - - [30/Jan/2016:11:21:10 +0800] "GET /content/nav/relationSubject.jsp?relationWords=%E4%BA%94%E7%AD%86%20%E5%91%86%E5%B8%B3%20&oid=1629956 HTTP/1.1" 200 6330
66.249.74.98 - - [30/Jan/2016:11:21:22 +0800] "GET /content/repository/resource_content.jsp?oid=16522&queryString=%E6%B2%B3%E9%AD%A8%20%E6%B5%B7%E7%89%9B%20%E6%B5%B7%E7%89%9B%E6%B8%AF%20%E7%AE%B1%E6%B2%B3%E9%AD%A8%20%E7%AE%B1%E9%AD%A8%20%E7%B2%92%E7%AA%81%E7%AE%B1%E9%AD%A8%20%E9%AD%A8%E7%A7%91 HTTP/1.1" 200 33885
140.180.253.87 - - [30/Jan/2016:11:21:25 +0800] "GET /content/repository/resource_content.jsp?oid=2598415&queryType=null&queryString=%E6%BE%A0%E6%B1%A0%E5%95%86%E6%B0%B4 HTTP/1.1" 200 28859
140.180.253.87 - - [30/Jan/2016:11:21:26 +0800] "GET /content/nav/relationSubject.jsp?relationWords=&oid=2598415 HTTP/1.1" 200 1405
66.249.71.5 - - [30/Jan/2016:11:21:27 +0800] "GET /digiarch3/content/repository/resource_content.jsp?oid=2536812&queryType=qs&queryString=%E8%B3%AD%E5%A0%B4 HTTP/1.1" 200 29484
66.249.77.85 - - [30/Jan/2016:11:22:09 +0800] "GET /content/repository/resource_content.jsp?oid=14411&queryString=%E5%8F%B0%E7%81%A3%E9%8F%9F%E9%A0%9C%E9%AD%9A%20%E7%94%B2%E9%AD%9A%20%E7%99%BD%E7%94%B2%20%E9%AF%89%E7%A7%91%20%E9%BD%8A%E9%A0%AD%E5%81%8E HTTP/1.1" 200 35735
220.181.108.94 - - [30/Jan/2016:11:22:13 +0800] "GET /content/subject/resource_content.jsp?oid=16777443 HTTP/1.1" 200 40047
66.249.71.60 - - [30/Jan/2016:11:22:33 +0800] "GET /content/repository/resource_content.jsp?oid=1560477&queryString=%E9%99%B3%E8%AA%A0 HTTP/1.1" 200 28499
66.249.71.113 - - [30/Jan/2016:11:22:57 +0800] "GET /content/nav/relationSubject.jsp?relationWords=%E7%88%B6%E7%99%B8+%E7%88%B6%E7%99%B8%E5%B0%8A+%E9%A1%8C%E8%A8%98+&oid=3355220 HTTP/1.1" 200 4890
66.249.71.60 - - [30/Jan/2016:11:22:58 +0800] "GET /content/repository/resource_content.jsp?oid=4499718&queryString=%E8%8A%B1%E8%93%AE%E6%B8%AF%E5%BB%B3 HTTP/1.1" 200 29690
66.249.71.121 - - [30/Jan/2016:11:23:01 +0800] "GET /content/nav/relationSubject.jsp?relationWords=%E7%88%B6%E7%99%B8%20%E7%88%B6%E7%99%B8%E5%B0%8A%20%E9%A1%8C%E8%A8%98%20&oid=3355220 HTTP/1.1" 200 4890
66.249.71.121 - - [30/Jan/2016:11:23:14 +0800] "GET /content/nav/relationSubject.jsp?relationWords=%E5%9C%B0%E6%94%BF%E5%B1%80+%E9%A3%AD%E9%80%9F+&oid=1543197 HTTP/1.1" 200 4994
66.249.71.121 - - [30/Jan/2016:11:23:16 +0800] "GET /content/nav/relationSubject.jsp?relationWords=%E5%9C%B0%E6%94%BF%E5%B1%80%20%E9%A3%AD%E9%80%9F%20&oid=1543197 HTTP/1.1" 200 4994
66.249.71.60 - - [30/Jan/2016:11:23:21 +0800] "GET /content/repository/resource_content.jsp?oid=1579417 HTTP/1.1" 200 30012
66.249.71.60 - - [30/Jan/2016:11:23:37 +0800] "GET /content/nav/relationSubject.jsp?relationWords=&oid=16797295 HTTP/1.1" 200 1405
140.180.253.87 - - [30/Jan/2016:11:23:41 +0800] "GET /content/repository/resource_content.jsp?oid=2598416&queryType=null&queryString=%E7%95%B0%E5%B8%B8%E6%B0%B4%E7%81%BD%E8%9D%97%E7%81%BD HTTP/1.1" 200 29082
140.180.253.87 - - [30/Jan/2016:11:23:42 +0800] "GET /content/nav/relationSubject.jsp?relationWords=&oid=2598416 HTTP/1.1" 200 1405
66.249.71.60 - - [30/Jan/2016:11:23:45 +0800] "GET /content/repository/resource_content.jsp?oid=4352137&queryString=%E5%96%AE%E6%A3%98%E8%BA%84%E9%AD%9A%20%E8%BA%84%E9%AD%9A%E7%A7%91 HTTP/1.1" 200 33590
66.249.77.85 - - [30/Jan/2016:11:23:58 +0800] "GET /content/subject/resource_content.jsp?oid=16777730&queryString=%E5%A4%9A%E5%AA%92%E9%AB%94%20%E5%B8%82%E5%A0%B4%E8%AA%BF%E6%9F%A5%20%E6%89%8B%E5%B7%A5%E8%97%9D%E5%93%81 HTTP/1.1" 200 46643
66.249.71.5 - - [30/Jan/2016:11:24:09 +0800] "GET /digiarch3/content/subject/resource_content.jsp?oid=16777499&queryType=qc HTTP/1.1" 200 44440
66.249.71.5 - - [30/Jan/2016:11:24:22 +0800] "GET /digiarch3/content/nav/relationSubject.jsp?relationWords=%E4%BB%99%E5%B1%B1+%E5%85%AB%E4%BB%99%E5%B1%B1+%E5%90%88%E4%BD%9C%E7%A4%BE+%E6%97%A5%E6%9C%AC%E6%BC%81%E8%88%B9+%E6%A9%AB%E8%B2%AB%E5%85%AC%E8%B7%AF+%E6%AA%9C%E6%9C%A8+%E7%83%8F%E9%AD%9A+%E7%95%9C%E7%89%A7+%E7%95%9C%E7%89%A7%E6%A5%AD+%E8%80%95%E8%80%98+%E8%80%95%E8%80%98%E6%A9%9F+%E8%A5%BF%E7%93%9C+%E8%BE%B2%E6%9E%97+%E8%BE%B2%E6%9E%97%E5%BB%B3+%E9%A6%99%E7%93%9C+&oid=1549925 HTTP/1.1" 200 4104
123.192.56.74 - - [30/Jan/2016:11:24:23 +0800] "GET /content/nav/relationSubject.jsp?relationWords=%E9%9D%92%E5%89%9B%E6%AB%9F+&oid=16777349 HTTP/1.1" 200 4006
66.249.71.5 - - [30/Jan/2016:11:24:24 +0800] "GET /digiarch3/content/nav/relationSubject.jsp?relationWords=%E4%BB%99%E5%B1%B1%20%E5%85%AB%E4%BB%99%E5%B1%B1%20%E5%90%88%E4%BD%9C%E7%A4%BE%20%E6%97%A5%E6%9C%AC%E6%BC%81%E8%88%B9%20%E6%A9%AB%E8%B2%AB%E5%85%AC%E8%B7%AF%20%E6%AA%9C%E6%9C%A8%20%E7%83%8F%E9%AD%9A%20%E7%95%9C%E7%89%A7%20%E7%95%9C%E7%89%A7%E6%A5%AD%20%E8%80%95%E8%80%98%20%E8%80%95%E8%80%98%E6%A9%9F%20%E8%A5%BF%E7%93%9C%20%E8%BE%B2%E6%9E%97%20%E8%BE%B2%E6%9E%97%E5%BB%B3%20%E9%A6%99%E7%93%9C%20&oid=1549925 HTTP/1.1" 200 4104
66.249.71.5 - - [30/Jan/2016:11:24:33 +0800] "GET /digiarch3/content/subject/resource_content.jsp?oid=16777396&queryString=%E9%9D%92%E5%89%9B%E6%AB%9F HTTP/1.1" 200 34715
123.192.56.74 - - [30/Jan/2016:11:24:38 +0800] "GET /content/repository/resource_content.jsp?oid=2150069&queryString=%E9%9D%92%E5%89%9B%E6%AB%9F HTTP/1.1" 200 31359
123.192.56.74 - - [30/Jan/2016:11:24:38 +0800] "GET /content/nav/relationSubject.jsp?relationWords=%E6%A0%A1%E6%AC%91+%E6%A4%86%E5%B1%AC+%E6%A4%8D%E7%89%A9%E7%95%8C+%E6%AE%BC%E6%96%97%E7%A7%91+%E9%90%B5%E6%A4%86+%E9%9D%92%E5%89%9B%E6%AB%9F+&oid=2150069 HTTP/1.1" 200 4562
66.249.71.5 - - [30/Jan/2016:11:24:47 +0800] "GET /digiarch3/content/nav/relationSubject.jsp?relationWords=%E4%B8%8A%E8%AB%AD+%E4%B8%8A%E8%AB%AD%E4%BA%8B+%E5%90%8F%E9%83%A8+%E8%AB%AD%E4%BA%8B+&oid=2680495 HTTP/1.1" 200 3191
140.180.253.87 - - [30/Jan/2016:11:24:49 +0800] "GET /content/repository/resource_content.jsp?oid=2596389&queryType=null&queryString=%E8%A2%AB%E7%81%BD%E4%B9%8B%E8%8B%A6%E7%9B%B8%E5%90%8C HTTP/1.1" 200 29478
140.180.253.87 - - [30/Jan/2016:11:24:50 +0800] "GET /content/nav/relationSubject.jsp?relationWords=&oid=2596389 HTTP/1.1" 200 1405
66.249.71.5 - - [30/Jan/2016:11:24:50 +0800] "GET /digiarch3/content/nav/relationSubject.jsp?relationWords=%E4%B8%8A%E8%AB%AD%20%E4%B8%8A%E8%AB%AD%E4%BA%8B%20%E5%90%8F%E9%83%A8%20%E8%AB%AD%E4%BA%8B%20&oid=2680495 HTTP/1.1" 200 3191
123.192.56.74 - - [30/Jan/2016:11:24:56 +0800] "GET /content/subject/resource_content.jsp?oid=16777396&queryString=%E9%9D%92%E5%89%9B%E6%AB%9F HTTP/1.1" 200 34713
123.192.56.74 - - [30/Jan/2016:11:24:57 +0800] "GET /content/nav/relationSubject.jsp?relationWords=%E9%9D%92%E5%89%9B%E6%AB%9F+&oid=16777396 HTTP/1.1" 200 4000
66.249.74.72 - - [30/Jan/2016:11:24:58 +0800] "GET /digiarch3/content/repository/resource_content.jsp?oid=15578&queryString=%E6%96%91%E5%90%BE%20%E9%9B%9E%E4%BB%94%E9%AD%9A HTTP/1.1" 200 34793
66.249.71.5 - - [30/Jan/2016:11:25:21 +0800] "GET /digiarch3/content/subject/resource_content.jsp?oid=16777453&queryType=qs&queryString=%E7%B4%85%E5%A4%96%E7%B7%9A HTTP/1.1" 200 28616
66.249.71.5 - - [30/Jan/2016:11:25:32 +0800] "GET /digiarch3/content/nav/relationSubject.jsp?relationWords=%E5%AF%86%E9%86%AB+%E6%94%A4%E8%B2%A9+%E7%96%AB%E8%8B%97+%E7%97%85%E8%8F%8C+%E8%99%B1%E7%9B%AE%E9%AD%9A+%E8%A1%9B%E7%94%9F%E5%B1%80+%E9%98%B2%E7%96%AB+%E9%9C%8D%E4%BA%82+%E9%A0%90%E9%98%B2+%E9%A0%90%E9%98%B2%E6%B3%A8%E5%B0%84+&oid=1556012 HTTP/1.1" 200 3669
66.249.71.5 - - [30/Jan/2016:11:25:45 +0800] "GET /digiarch3/content/subject/resource_content.jsp?oid=16777448&queryType=qs&queryString=%E9%A3%B2%E9%85%92%E6%AD%8C HTTP/1.1" 200 34589
140.180.253.87 - - [30/Jan/2016:11:25:50 +0800] "GET /content/repository/resource_content.jsp?oid=2598419&queryType=null&queryString=%E9%A0%86%E6%B2%BB%E5%9B%9B%E5%B9%B4%E6%B0%B4%E7%81%BD HTTP/1.1" 200 28958
140.180.253.87 - - [30/Jan/2016:11:25:51 +0800] "GET /content/nav/relationSubject.jsp?relationWords=&oid=2598419 HTTP/1.1" 200 1405
66.249.74.72 - - [30/Jan/2016:11:25:53 +0800] "GET /digiarch3/content/nav/relationSubject.jsp?relationWords=%E4%BC%91%E9%96%92%E8%BE%B2%E6%A5%AD+%E4%BF%9D%E6%9E%97+%E4%BF%9D%E9%9A%AA+%E5%85%B1%E5%90%8C%E9%81%8B%E9%8A%B7+%E5%8B%95%E7%89%A9%E7%94%A8%E8%97%A5%E5%93%81+%E5%93%81%E8%B3%AA+%E5%BB%A2%E6%A3%84%E7%89%A9%E8%99%95%E7%90%86+%E5%BC%B7%E7%94%9F+%E6%89%B9%E7%99%BC%E5%B8%82%E5%A0%B4+%E6%95%88%E7%8E%87+%E6%9C%AC%E5%9C%9F%E5%8C%96+%E6%9E%9C%E8%BE%B2+%E6%B0%B4%E5%9C%9F+%E6%B0%B4%E6%97%B1%E7%94%B0+%E6%BC%81%E6%A5%AD%E8%B3%87%E6%BA%90+%E7%94%9F%E6%85%8B%E4%BF%9D%E8%82%B2+%E7%94%9F%E7%94%A2%E6%88%90%E6%9C%AC+%E7%94%A2%E6%A5%AD%E7%B5%90%E6%A7%8B+%E7%94%A2%E6%A5%AD%E9%81%93%E8%B7%AF+%E7%95%9C%E7%89%A7+%E7%A6%BD%E7%B6%93+%E7%A7%91%E6%8A%80+%E8%87%AA%E5%8B%95%E5%8C%96+%E8%87%BA%E7%81%A3%E5%9C%B0%E5%8D%80+%E8%BC%94%E5%B0%8E%E6%96%B9%E6%A1%88+%E8%BE%B2%E6%9E%97%E5%BB%B3+%E8%BE%B2%E6%A5%AD%E7%A7%91%E6%8A%80+%E8%BE%B2%E6%B0%91%E7%94%9F%E6%B4%BB+%E8%BE%B2%E7%94%A2%E5%93%81+%E8%BE%B2%E7%94%A2%E9%81%8B%E9%8A%B7+%E8%BE%B2%E8%97%A5+%E8%BE%B2%E8%97%A5%E6%AE%98%E7%95%99+%E8%BF%91%E6%B5%B7%E6%BC%81%E6%A5%AD+%E9%80%A0%E6%9E%97+%E9%98%B2%E6%B4%AA+%E9%98%B2%E7%96%AB+%E9%A3%BC%E6%96%99+%E9%A4%8A%E6%AE%96%E6%BC%81%E6%A5%AD+&oid=1597330 HTTP/1.1" 200 10929
66.249.71.5 - - [30/Jan/2016:11:25:56 +0800] "GET /digiarch3/content/nav/relationSubject.jsp?relationWords=%E4%BC%91%E9%96%92%E8%BE%B2%E6%A5%AD%20%E4%BF%9D%E6%9E%97%20%E4%BF%9D%E9%9A%AA%20%E5%85%B1%E5%90%8C%E9%81%8B%E9%8A%B7%20%E5%8B%95%E7%89%A9%E7%94%A8%E8%97%A5%E5%93%81%20%E5%93%81%E8%B3%AA%20%E5%BB%A2%E6%A3%84%E7%89%A9%E8%99%95%E7%90%86%20%E5%BC%B7%E7%94%9F%20%E6%89%B9%E7%99%BC%E5%B8%82%E5%A0%B4%20%E6%95%88%E7%8E%87%20%E6%9C%AC%E5%9C%9F%E5%8C%96%20%E6%9E%9C%E8%BE%B2%20%E6%B0%B4%E5%9C%9F%20%E6%B0%B4%E6%97%B1%E7%94%B0%20%E6%BC%81%E6%A5%AD%E8%B3%87%E6%BA%90%20%E7%94%9F%E6%85%8B%E4%BF%9D%E8%82%B2%20%E7%94%9F%E7%94%A2%E6%88%90%E6%9C%AC%20%E7%94%A2%E6%A5%AD%E7%B5%90%E6%A7%8B%20%E7%94%A2%E6%A5%AD%E9%81%93%E8%B7%AF%20%E7%95%9C%E7%89%A7%20%E7%A6%BD%E7%B6%93%20%E7%A7%91%E6%8A%80%20%E8%87%AA%E5%8B%95%E5%8C%96%20%E8%87%BA%E7%81%A3%E5%9C%B0%E5%8D%80%20%E8%BC%94%E5%B0%8E%E6%96%B9%E6%A1%88%20%E8%BE%B2%E6%9E%97%E5%BB%B3%20%E8%BE%B2%E6%A5%AD%E7%A7%91%E6%8A%80%20%E8%BE%B2%E6%B0%91%E7%94%9F%E6%B4%BB%20%E8%BE%B2%E7%94%A2%E5%93%81%20%E8%BE%B2%E7%94%A2%E9%81%8B%E9%8A%B7%20%E8%BE%B2%E8%97%A5%20%E8%BE%B2%E8%97%A5%E6%AE%98%E7%95%99%20%E8%BF%91%E6%B5%B7%E6%BC%81%E6%A5%AD%20%E9%80%A0%E6%9E%97%20%E9%98%B2%E6%B4%AA%20%E9%98%B2%E7%96%AB%20%E9%A3%BC%E6%96%99%20%E9%A4%8A%E6%AE%96%E6%BC%81%E6%A5%AD%20&oid=1597330 HTTP/1.1" 200 10929
66.249.71.60 - - [30/Jan/2016:11:26:09 +0800] "GET /digiarch_en/content/repository/resource_content.jsp?oid=1545853&queryString=%E7%9C%8B%E8%AD%B7%E5%A9%A6%20%E8%AD%B7%E5%A3%AB HTTP/1.1" 200 23797
114.47.169.127 - - [30/Jan/2016:11:26:14 +0800] "GET /content/repository/resource_content.jsp?oid=1532002 HTTP/1.1" 200 29723
114.47.169.127 - - [30/Jan/2016:11:26:15 +0800] "GET /content/nav/relationSubject.jsp?relationWords=%E5%85%AC%E8%B7%AF%E5%B1%80+%E5%B7%A5%E7%A8%8B%E8%B2%BB+%E7%9C%81%E6%94%BF%E5%BA%9C+%E8%87%BA%E5%8D%97%E7%B8%A3%E8%AD%B0%E6%9C%83+%E8%87%BA%E7%81%A3%E7%9C%81+%E8%87%BA%E7%81%A3%E7%9C%81%E6%B0%B4%E5%88%A9%E5%B1%80+%E8%87%BA%E7%81%A3%E7%9C%81%E8%AD%B0%E6%9C%83+%E8%B7%AF%E6%A9%8B+%E8%BE%B2%E7%94%B0%E6%B0%B4%E5%88%A9%E6%9C%83+&oid=1532002 HTTP/1.1" 200 4977
66.249.71.60 - - [30/Jan/2016:11:26:33 +0800] "GET /content/repository/resource_content.jsp?oid=23662&queryString=%E6%97%A5%E6%9C%AC%E6%A3%98%E8%8A%B1%E9%B1%B8%20%E9%AE%A8%E7%A7%91 HTTP/1.1" 200 30193
66.249.71.113 - - [30/Jan/2016:11:26:57 +0800] "GET /content/repository/resource_content.jsp?oid=14289&queryType=qs&queryString=%E8%9B%87%E9%B0%BB HTTP/1.1" 200 35007
66.249.71.60 - - [30/Jan/2016:11:27:03 +0800] "GET /content/nav/relationSubject.jsp?relationWords=%E7%9C%81%E6%94%BF%E5%BA%9C+%E8%87%A8%E6%99%82%E7%9C%81%E8%AD%B0%E6%9C%83+%E8%87%BA%E5%8D%97%E5%B8%82+%E8%87%BA%E7%81%A3%E7%9C%81+%E8%AC%9D%E4%BD%9B%E7%94%9F+&oid=1521973 HTTP/1.1" 200 4687
140.180.253.87 - - [30/Jan/2016:11:27:03 +0800] "GET /content/repository/resource_content.jsp?oid=2598417&queryType=null&queryString=%E6%B1%9F%E5%8C%97%E4%BA%8C%E5%8D%81%E4%B8%89%E5%B7%9E HTTP/1.1" 200 29403
140.180.253.87 - - [30/Jan/2016:11:27:04 +0800] "GET /content/nav/relationSubject.jsp?relationWords=&oid=2598417 HTTP/1.1" 200 1405
66.249.71.60 - - [30/Jan/2016:11:27:04 +0800] "GET /content/nav/relationSubject.jsp?relationWords=%E7%9C%81%E6%94%BF%E5%BA%9C%20%E8%87%A8%E6%99%82%E7%9C%81%E8%AD%B0%E6%9C%83%20%E8%87%BA%E5%8D%97%E5%B8%82%20%E8%87%BA%E7%81%A3%E7%9C%81%20%E8%AC%9D%E4%BD%9B%E7%94%9F%20&oid=1521973 HTTP/1.1" 200 4687
66.249.71.5 - - [30/Jan/2016:11:27:22 +0800] "GET /digiarch3/content/subject/resource_content.jsp?oid=16777715&queryType=qc HTTP/1.1" 200 34770
66.249.71.5 - - [30/Jan/2016:11:27:46 +0800] "GET /digiarch3/content/pictures/picture_content.jsp?oid=33554774&classify=2562 HTTP/1.1" 200 27690
66.249.77.91 - - [30/Jan/2016:11:28:10 +0800] "GET /content/subject/resource_content.jsp?oid=16777396&queryString=%E9%9D%92%E5%89%9B%20%E9%9D%92%E5%89%9B%E6%AB%9F HTTP/1.1" 200 34724
66.249.77.91 - - [30/Jan/2016:11:28:34 +0800] "GET /content/pictures/picture_content.jsp?oid=33554797 HTTP/1.1" 200 27475
140.180.253.87 - - [30/Jan/2016:11:28:37 +0800] "GET /content/repository/resource_content.jsp?oid=2670884&queryType=null&queryString=%E4%BA%8C%E5%8D%81%E5%85%AB%E5%B7%9E%E7%B8%A3 HTTP/1.1" 200 29988
140.180.253.87 - - [30/Jan/2016:11:28:38 +0800] "GET /content/nav/relationSubject.jsp?relationWords=%E4%B8%8A%E8%AB%AD%E4%BA%8B+&oid=2670884 HTTP/1.1" 200 3030
66.249.71.60 - - [30/Jan/2016:11:28:58 +0800] "GET /content/subject/resource_content.jsp?oid=16777517&queryType=qs&queryString=%E5%9C%B0%E7%90%86%E5%BF%97 HTTP/1.1" 200 51786
66.249.71.5 - - [30/Jan/2016:11:29:00 +0800] "GET /digiarch3/content/repository/resource_content.jsp?oid=1833982&queryType=qs&queryString=%E9%9B%99%E9%97%95 HTTP/1.1" 200 34888
66.249.71.5 - - [30/Jan/2016:11:29:06 +0800] "GET /digiarch3/content/nav/relationSubject.jsp?relationWords=%E5%AE%89%E5%B9%B3%E5%A3%BA+%E7%9B%9B%E5%85%B7+&oid=4361769 HTTP/1.1" 200 2989
66.249.71.5 - - [30/Jan/2016:11:29:09 +0800] "GET /digiarch3/content/nav/relationSubject.jsp?relationWords=%E5%AE%89%E5%B9%B3%E5%A3%BA%20%E7%9B%9B%E5%85%B7%20&oid=4361769 HTTP/1.1" 200 2989
140.180.253.87 - - [30/Jan/2016:11:29:16 +0800] "GET /content/repository/resource_content.jsp?oid=2598418&queryType=null&queryString=%E4%BA%8C%E5%8D%81%E5%85%AB%E5%B7%9E%E7%B8%A3 HTTP/1.1" 200 29279
140.180.253.87 - - [30/Jan/2016:11:29:16 +0800] "GET /content/nav/relationSubject.jsp?relationWords=&oid=2598418 HTTP/1.1" 200 1405
66.249.71.5 - - [30/Jan/2016:11:29:17 +0800] "GET /digiarch3/content/nav/relationSubject.jsp?relationWords=%E5%AE%98%E8%88%B9+&oid=2676365 HTTP/1.1" 200 3087
66.249.71.5 - - [30/Jan/2016:11:29:19 +0800] "GET /digiarch3/content/nav/relationSubject.jsp?relationWords=%E5%AE%98%E8%88%B9%20&oid=2676365 HTTP/1.1" 200 3087
66.249.71.60 - - [30/Jan/2016:11:29:22 +0800] "GET /content/repository/resource_content.jsp?oid=3355121&queryString=%E7%88%B6%E4%B8%81 HTTP/1.1" 200 30954
66.249.71.5 - - [30/Jan/2016:11:30:06 +0800] "GET /digiarch3/content/nav/relationSubject.jsp?relationWords=%E9%8A%80%E4%BA%8B+%E9%BB%94%E7%9C%81+&oid=2644529 HTTP/1.1" 200 3125
66.249.71.5 - - [30/Jan/2016:11:30:08 +0800] "GET /digiarch3/content/nav/relationSubject.jsp?relationWords=%E9%8A%80%E4%BA%8B%20%E9%BB%94%E7%9C%81%20&oid=2644529 HTTP/1.1" 200 3125
66.249.71.5 - - [30/Jan/2016:11:30:12 +0800] "GET /digiarch3/content/nav/relationSubject.jsp?relationWords=%E6%B5%B7%E6%A3%A0+%E7%A7%8B%E6%B5%B7%E6%A3%A0+&oid=16777309 HTTP/1.1" 200 4907
140.180.253.87 - - [30/Jan/2016:11:30:24 +0800] "GET /content/repository/resource_content.jsp?oid=2598420&queryType=null&queryString=%E9%A0%86%E6%B2%BB%E5%9B%9B%E5%B9%B4%E5%85%AD%E4%B8%83%E5%85%AB HTTP/1.1" 200 29015
140.180.253.87 - - [30/Jan/2016:11:30:24 +0800] "GET /content/nav/relationSubject.jsp?relationWords=&oid=2598420 HTTP/1.1" 200 1405
66.249.77.91 - - [30/Jan/2016:11:30:25 +0800] "GET /content/subject/resource_content.jsp?oid=16777385&queryType=qc HTTP/1.1" 200 34240
66.249.71.5 - - [30/Jan/2016:11:30:58 +0800] "GET /digiarch3/content/repository/resource_content.jsp?oid=4465812&queryType=qs&queryString=%E9%83%B5%E8%88%B9 HTTP/1.1" 200 29655
66.249.71.5 - - [30/Jan/2016:11:31:09 +0800] "GET /digiarch3/content/nav/relationSubject.jsp?relationWords=%E5%85%AC%E6%B0%91+%E5%85%AC%E6%B0%91%E6%96%B0%E8%81%9E+%E6%95%B8%E4%BD%8D%E5%85%B8%E8%97%8F+%E9%9B%BB%E5%AD%90%E5%A0%B1+&oid=16777507 HTTP/1.1" 200 9992
140.180.253.87 - - [30/Jan/2016:11:31:41 +0800] "GET /content/repository/resource_content.jsp?oid=2598426&queryType=null&queryString=%E7%9C%9F%E5%AE%9A%E7%AD%89%E5%9B%9B%E5%BA%9C HTTP/1.1" 200 29003
140.180.253.87 - - [30/Jan/2016:11:31:41 +0800] "GET /content/nav/relationSubject.jsp?relationWords=&oid=2598426 HTTP/1.1" 200 1405
66.249.77.91 - - [30/Jan/2016:11:31:46 +0800] "GET /content/repository/resource_content.jsp?oid=1571573&queryType=qs&queryString=%E5%85%83%E5%AE%B5%E7%AF%80 HTTP/1.1" 200 29555
66.249.71.105 - - [30/Jan/2016:11:32:01 +0800] "GET /content/nav/relationSubject.jsp?relationWords=%E6%93%AC%E8%8A%B1%E9%AE%A8+%E6%B5%B7%E9%87%91%E9%AD%9A+%E7%B5%B2%E9%B0%AD+%E8%8A%B1%E9%B1%B8+%E9%AE%A8%E7%A7%91+&oid=15058 HTTP/1.1" 200 3465
66.249.71.105 - - [30/Jan/2016:11:32:02 +0800] "GET /content/nav/relationSubject.jsp?relationWords=%E6%93%AC%E8%8A%B1%E9%AE%A8%20%E6%B5%B7%E9%87%91%E9%AD%9A%20%E7%B5%B2%E9%B0%AD%20%E8%8A%B1%E9%B1%B8%20%E9%AE%A8%E7%A7%91%20&oid=15058 HTTP/1.1" 200 3465
66.249.71.5 - - [30/Jan/2016:11:32:10 +0800] "GET /digiarch3/content/repository/resource_content.jsp?oid=523915&queryString=%E5%B0%8F%E4%B9%9D%E5%AD%94%20%E6%B7%BA%E6%88%B3%E4%BB%94%20%E7%AC%A0%E8%9E%BA%20%E8%85%B9%E8%B6%B3%E7%B6%B1%20%E8%8A%B1%E7%AC%A0%E8%9E%BA HTTP/1.1" 200 34294
66.249.74.98 - - [30/Jan/2016:11:32:35 +0800] "GET /content/repository/resource_content.jsp?oid=1591807 HTTP/1.1" 200 28785
140.180.253.87 - - [30/Jan/2016:11:32:50 +0800] "GET /content/repository/resource_content.jsp?oid=2598427&queryType=null&queryString=%E5%8F%97%E7%81%BD%E7%8D%A8%E9%87%8D HTTP/1.1" 200 29033
140.180.253.87 - - [30/Jan/2016:11:32:51 +0800] "GET /content/nav/relationSubject.jsp?relationWords=&oid=2598427 HTTP/1.1" 200 1405
66.249.74.98 - - [30/Jan/2016:11:32:59 +0800] "GET /content/repository/resource_content.jsp?oid=1623213 HTTP/1.1" 200 28788
66.249.77.91 - - [30/Jan/2016:11:33:47 +0800] "GET /content/subject/resource_content.jsp?oid=16777738&queryType=qs&queryString=%E7%9F%AE%E9%9D%88 HTTP/1.1" 200 50367
66.249.71.5 - - [30/Jan/2016:11:33:49 +0800] "GET /digiarch3/content/nav/relationSubject.jsp?relationWords=%E6%89%81%E8%9D%B8%E7%89%9B+%E6%89%81%E8%9D%B8%E7%89%9B%E5%B1%AC+%E6%89%81%E8%9D%B8%E7%89%9B%E7%A7%91+%E6%9F%84%E7%9C%BC%E7%9B%AE+%E8%85%B9%E8%B6%B3%E7%B6%B1+&oid=1123927 HTTP/1.1" 200 3428
66.249.71.5 - - [30/Jan/2016:11:33:52 +0800] "GET /digiarch3/content/nav/relationSubject.jsp?relationWords=%E6%89%81%E8%9D%B8%E7%89%9B%20%E6%89%81%E8%9D%B8%E7%89%9B%E5%B1%AC%20%E6%89%81%E8%9D%B8%E7%89%9B%E7%A7%91%20%E6%9F%84%E7%9C%BC%E7%9B%AE%20%E8%85%B9%E8%B6%B3%E7%B6%B1%20&oid=1123927 HTTP/1.1" 200 3428
222.167.146.7 - - [30/Jan/2016:11:33:56 +0800] "GET /content/repository/resource_content.jsp?oid=4450601&queryType=qs&queryString=%E4%BF%B1%E6%A8%82%E9%83%A8 HTTP/1.1" 200 29855
222.167.146.7 - - [30/Jan/2016:11:33:58 +0800] "GET /content/nav/relationSubject.jsp?relationWords=&oid=4450601 HTTP/1.1" 200 1405
66.249.71.60 - - [30/Jan/2016:11:34:02 +0800] "GET /content/repository/resource_content.jsp?oid=1816242 HTTP/1.1" 200 30007
66.249.71.60 - - [30/Jan/2016:11:34:10 +0800] "GET /content/repository/resource_content.jsp?oid=2688102&queryString=%E7%B1%B3%E7%9F%B3%20%E8%BF%BD%E4%BA%8B HTTP/1.1" 200 30369
140.180.253.87 - - [30/Jan/2016:11:34:28 +0800] "GET /content/repository/resource_content.jsp?oid=2599276&queryType=null&queryString=%E7%B6%93%E9%97%96%E8%AE%8A HTTP/1.1" 200 29073
140.180.253.87 - - [30/Jan/2016:11:34:28 +0800] "GET /content/nav/relationSubject.jsp?relationWords=&oid=2599276 HTTP/1.1" 200 1405
66.249.77.85 - - [30/Jan/2016:11:34:34 +0800] "GET /content/subject/resource_content.jsp?oid=16777821&queryType=qs&queryString=%E5%B7%A5%E4%BD%9C%E5%AE%A4 HTTP/1.1" 200 36665
66.249.71.5 - - [30/Jan/2016:11:34:34 +0800] "GET /digiarch3/content/nav/relationSubject.jsp?relationWords=%E5%8A%9F%E6%9B%B9+%E5%AD%94%E9%96%80+%E6%AD%A6%E6%A6%AE%E7%A5%A0+%E6%AD%A6%E6%B0%8F%E7%A5%A0+%E6%AD%A6%E6%B0%8F%E7%A5%A0%E5%89%8D%E7%9F%B3%E5%AE%A4+%E8%BB%8A%E9%A8%8E+%E9%9D%88%E7%95%B0+&oid=1833943 HTTP/1.1" 200 5027
66.249.71.5 - - [30/Jan/2016:11:34:40 +0800] "GET /digiarch3/content/nav/relationSubject.jsp?relationWords=%E5%A0%A1%E5%9C%96+&oid=16777706 HTTP/1.1" 200 2864
66.249.71.5 - - [30/Jan/2016:11:34:41 +0800] "GET /digiarch3/content/nav/relationSubject.jsp?relationWords=%E5%8A%9F%E6%9B%B9%20%E5%AD%94%E9%96%80%20%E6%AD%A6%E6%A6%AE%E7%A5%A0%20%E6%AD%A6%E6%B0%8F%E7%A5%A0%20%E6%AD%A6%E6%B0%8F%E7%A5%A0%E5%89%8D%E7%9F%B3%E5%AE%A4%20%E8%BB%8A%E9%A8%8E%20%E9%9D%88%E7%95%B0%20&oid=1833943 HTTP/1.1" 200 5027
66.249.71.105 - - [30/Jan/2016:11:35:08 +0800] "GET /content/nav/relationSubject.jsp?relationWords=%E9%A4%89%E4%BA%8B+&oid=2676574 HTTP/1.1" 200 3086
66.249.71.105 - - [30/Jan/2016:11:35:11 +0800] "GET /content/nav/relationSubject.jsp?relationWords=%E9%A4%89%E4%BA%8B%20&oid=2676574 HTTP/1.1" 200 3086
66.249.71.5 - - [30/Jan/2016:11:35:22 +0800] "GET /digiarch3/content/repository/resource_content.jsp?oid=1078311&queryType=qs&queryString=%E8%83%BD%E4%B9%85%E8%A6%AA%E7%8E%8B HTTP/1.1" 200 29324
66.249.74.98 - - [30/Jan/2016:11:35:33 +0800] "GET /content/nav/relationSubject.jsp?relationWords=%E5%B0%8F%E6%A5%8A%E6%A1%83%E8%9E%BA+%E6%A5%8A%E6%A1%83%E8%9E%BA+%E8%85%B9%E8%B6%B3%E7%B6%B1+%E8%BB%9F%E9%AB%94%E5%8B%95%E7%89%A9%E9%96%80+&oid=4548978 HTTP/1.1" 200 3366
66.249.71.5 - - [30/Jan/2016:11:35:35 +0800] "GET /digiarch3/content/nav/relationSubject.jsp?relationWords=%E5%96%AE%E8%89%B2+&oid=189740 HTTP/1.1" 200 3192
66.249.71.60 - - [30/Jan/2016:11:35:36 +0800] "GET /content/nav/relationSubject.jsp?relationWords=%E5%B0%8F%E6%A5%8A%E6%A1%83%E8%9E%BA%20%E6%A5%8A%E6%A1%83%E8%9E%BA%20%E8%85%B9%E8%B6%B3%E7%B6%B1%20%E8%BB%9F%E9%AB%94%E5%8B%95%E7%89%A9%E9%96%80%20&oid=4548978 HTTP/1.1" 200 3366
66.249.74.72 - - [30/Jan/2016:11:35:39 +0800] "GET /digiarch3/content/nav/relationSubject.jsp?relationWords=%E5%96%AE%E8%89%B2%20&oid=189740 HTTP/1.1" 200 3192
66.249.71.60 - - [30/Jan/2016:11:35:48 +0800] "GET /content/repository/resource_content.jsp?oid=1095113 HTTP/1.1" 200 29824
140.180.253.87 - - [30/Jan/2016:11:35:59 +0800] "GET /content/repository/resource_content.jsp?oid=2627810&queryType=null&queryString=%E5%85%AD%E6%9C%88%E5%8D%81%E4%B8%80%E6%97%A5%E9%9C%AA HTTP/1.1" 200 29812
140.180.253.87 - - [30/Jan/2016:11:35:59 +0800] "GET /content/nav/relationSubject.jsp?relationWords=%E5%B7%A1%E6%8C%89%E5%BE%A1%E5%8F%B2+%E9%A0%86%E5%A4%A9+&oid=2627810 HTTP/1.1" 200 3158
220.134.167.9 - - [30/Jan/2016:11:36:03 +0800] "GET /content/subject/resource_content.jsp?oid=16797271&queryType=qc HTTP/1.1" 200 55170
220.134.167.9 - - [30/Jan/2016:11:36:06 +0800] "GET /content/nav/relationSubject.jsp?relationWords=&oid=16797271 HTTP/1.1" 200 1405
66.249.71.60 - - [30/Jan/2016:11:36:10 +0800] "GET /content/repository/resource_content.jsp?oid=1124569 HTTP/1.1" 200 29545
66.249.71.60 - - [30/Jan/2016:11:36:35 +0800] "GET /content/repository/resource_content.jsp?oid=1457605 HTTP/1.1" 200 30651
66.249.71.113 - - [30/Jan/2016:11:36:52 +0800] "GET /content/nav/relationSubject.jsp?relationWords=%E8%BE%B2%E6%B3%95+%E9%98%BF%E5%85%AC%E5%BA%97+&oid=4456966 HTTP/1.1" 200 3496
66.249.71.113 - - [30/Jan/2016:11:36:53 +0800] "GET /content/nav/relationSubject.jsp?relationWords=%E8%BE%B2%E6%B3%95%20%E9%98%BF%E5%85%AC%E5%BA%97%20&oid=4456966 HTTP/1.1" 200 3496
66.249.71.5 - - [30/Jan/2016:11:36:58 +0800] "GET /digiarch3/content/repository/resource_content.jsp?oid=2689280&queryString=%E5%B0%8A%E8%AB%A1 HTTP/1.1" 200 30338
66.249.77.85 - - [30/Jan/2016:11:38:02 +0800] "GET /content/repository/resource_content.jsp?oid=1610688&queryString=%E5%8D%83%E8%91%89%20%E6%B0%B4%E9%84%89 HTTP/1.1" 200 29714
61.135.189.124 - - [30/Jan/2016:11:38:05 +0800] "GET /content/subject/resource_content.jsp?oid=16777785&queryType=qc HTTP/1.1" 200 49917
140.180.253.87 - - [30/Jan/2016:11:38:11 +0800] "GET /content/repository/resource_content.jsp?oid=2598428&queryType=null&queryString=%E4%B8%89%E7%B8%A3%E6%B0%B4%E7%81%BD%E7%82%BA%E5%AE%B3 HTTP/1.1" 200 29005
66.249.71.60 - - [30/Jan/2016:11:38:12 +0800] "GET /content/subject/resource_content.jsp?oid=16777736&queryType=qs&queryString=%E7%8E%89%E5%B1%B1%E7%AE%AD%E7%AB%B9 HTTP/1.1" 200 43257
140.180.253.87 - - [30/Jan/2016:11:38:12 +0800] "GET /content/nav/relationSubject.jsp?relationWords=&oid=2598428 HTTP/1.1" 200 1405
66.249.71.41 - - [30/Jan/2016:11:38:21 +0800] "GET /content/nav/relationSubject.jsp?relationWords=%E6%94%AF%E9%82%A3%E4%BA%8B%E8%AE%8A+%E7%9A%87%E8%BB%8D+%E8%87%BA%E7%81%A3%E7%B8%BD%E7%9D%A3%E5%BA%9C+&oid=1078501 HTTP/1.1" 200 3466
66.249.71.50 - - [30/Jan/2016:11:38:23 +0800] "GET /content/nav/relationSubject.jsp?relationWords=%E6%94%AF%E9%82%A3%E4%BA%8B%E8%AE%8A%20%E7%9A%87%E8%BB%8D%20%E8%87%BA%E7%81%A3%E7%B8%BD%E7%9D%A3%E5%BA%9C%20&oid=1078501 HTTP/1.1" 200 3466
150.70.173.49 - - [30/Jan/2016:11:38:56 +0800] "GET /content/subject/resource_content.jsp?oid=16797271&queryType=qc HTTP/1.1" 200 55170
66.249.71.60 - - [30/Jan/2016:11:39:04 +0800] "GET /digiarch_en/content/repository/resource_content.jsp?oid=1460182&queryString=%E6%A4%8D%E7%89%A9%E7%95%8C%20%E6%B0%B4%E9%BE%8D%E9%AA%A8%20%E6%B0%B4%E9%BE%8D%E9%AA%A8%E7%A7%91%20%E7%8E%89%E5%B1%B1%E8%8C%80%E8%95%A8%20%E8%8C%80%E8%95%A8%E5%B1%AC%20%E8%95%A8%E9%A1%9E%E6%A4%8D%E7%89%A9 HTTP/1.1" 200 23892
66.249.71.5 - - [30/Jan/2016:11:39:24 +0800] "GET /digiarch3/content/repository/resource_content.jsp?oid=2677856&queryType=qs&queryString=%E6%BB%BF%E6%96%87 HTTP/1.1" 200 29426
66.249.71.60 - - [30/Jan/2016:11:39:46 +0800] "GET /content/repository/resource_content.jsp?oid=4352964&queryString=%E7%9F%B3%E6%96%91%20%E7%BA%96%E9%BD%92%E9%B1%B8%20%E9%81%8E%E9%AD%9A%20%E9%AE%A8%E7%A7%91 HTTP/1.1" 200 35387
66.249.71.5 - - [30/Jan/2016:11:40:11 +0800] "GET /digiarch3/content/nav/relationSubject.jsp?relationWords=%E5%B0%8F%E7%9C%BC%E8%8A%B1%E7%B0%BE%E8%9B%A4+%E6%B5%B7%E7%93%9C%E5%AD%90+%E7%B0%BE%E8%9B%A4+%E7%B0%BE%E8%9B%A4%E7%9B%AE+%E7%B0%BE%E8%9B%A4%E7%A7%91+%E8%8A%B1%E7%B0%BE%E8%9B%A4+%E8%8A%B1%E7%B0%BE%E8%9B%A4%E5%B1%AC+%E8%8A%B1%E8%9B%A4+%E8%9B%A4%E7%A7%91+%E9%9B%99%E6%AE%BC%E7%B6%B1+&oid=1124521 HTTP/1.1" 200 3860
123.240.4.183 - - [30/Jan/2016:11:40:22 +0800] "GET /content/nav/relationSubject.jsp?relationWords=%E5%B1%B1%E8%8A%99%E8%93%89+%E6%9C%A8%E8%8A%99%E8%93%89+%E8%96%9B%E6%BF%A4+%E9%86%89%E8%8A%99%E8%93%89+&oid=16777260 HTTP/1.1" 200 4595
66.249.71.5 - - [30/Jan/2016:11:40:34 +0800] "GET /digiarch3/content/repository/resource_content.jsp?oid=523855&queryString=%E4%B8%89%E9%BD%92%20%E4%B8%89%E9%BD%92%E4%BB%94%20%E6%97%A5%E6%9C%AC%E5%A9%86%20%E6%97%A5%E6%9C%AC%E5%A9%86%E4%BB%94%20%E7%B4%85%E5%A8%98%E4%BB%94%20%E9%9A%86%E9%A0%AD%E9%AD%9A%20%E9%9A%86%E9%A0%AD%E9%AD%9A%E7%A7%91 HTTP/1.1" 200 33816
114.46.113.195 - - [30/Jan/2016:11:40:50 +0800] "GET /content/repository/resource_content.jsp?oid=21461 HTTP/1.1" 200 29826
114.46.113.195 - - [30/Jan/2016:11:40:51 +0800] "GET /content/nav/relationSubject.jsp?relationWords=%E4%BA%94%E6%A3%98%E9%AF%9B%E7%A7%91+%E5%B8%86%E9%B0%AD%E9%AD%9A+&oid=21461 HTTP/1.1" 200 3188
66.249.71.60 - - [30/Jan/2016:11:41:40 +0800] "GET /content/repository/resource_content.jsp?oid=1899267 HTTP/1.1" 200 28813
68.180.228.24 - - [30/Jan/2016:11:41:41 +0800] "GET /digiarch_en/content/subject/resource_content.jsp?oid=16777355&queryType=qc HTTP/1.1" 200 23158
66.249.71.60 - - [30/Jan/2016:11:41:42 +0800] "GET /content/repository/resource_content.jsp?oid=1565104&queryString=%E6%96%87%E5%8C%96%E4%B8%AD%E5%BF%83%20%E7%A4%BE%E6%9C%83%E5%AD%B8%20%E7%AB%8B%E6%B3%95%E9%99%A2 HTTP/1.1" 200 29104
118.170.241.6 - - [30/Jan/2016:11:41:46 +0800] "GET /content/nav/relationSubject.jsp?relationWords=%E6%9C%A8%E7%8A%80+%E6%A1%82%E8%8A%B1+&oid=16777255 HTTP/1.1" 200 4029
66.249.71.60 - - [30/Jan/2016:11:41:51 +0800] "GET /content/nav/relationSubject.jsp?relationWords=&oid=1848688 HTTP/1.1" 200 1405
66.249.71.5 - - [30/Jan/2016:11:41:59 +0800] "GET /digiarch3/content/nav/relationSubject.jsp?relationWords=%E4%B8%8A%E8%AB%AD+%E4%B8%8A%E8%AB%AD%E4%BA%8B+%E8%AB%AD%E4%BA%8B+&oid=2682938 HTTP/1.1" 200 3142
66.249.71.60 - - [30/Jan/2016:11:42:07 +0800] "GET /content/nav/relationSubject.jsp?relationWords=%E9%9D%92%E9%B8%9A%E5%93%A5%E9%AD%9A+&oid=33554743 HTTP/1.1" 200 3212
66.249.71.5 - - [30/Jan/2016:11:42:13 +0800] "GET /digiarch3/content/nav/relationSubject.jsp?relationWords=%E4%B8%8A%E8%AB%AD%20%E4%B8%8A%E8%AB%AD%E4%BA%8B%20%E8%AB%AD%E4%BA%8B%20&oid=2682938 HTTP/1.1" 200 3142
66.249.71.60 - - [30/Jan/2016:11:42:19 +0800] "GET /content/repository/resource_content.jsp?oid=15574&queryString=%E4%B8%89%E7%B7%9A%E9%9B%9E%E9%AD%9A%20%E9%9B%9E%E9%AD%9A HTTP/1.1" 200 34116
66.249.77.85 - - [30/Jan/2016:11:42:28 +0800] "GET /content/repository/resource_content.jsp?oid=1588312&queryType=qs&queryString=%E9%9B%BB%E8%A6%96%E5%8A%87 HTTP/1.1" 200 29434
66.249.71.60 - - [30/Jan/2016:11:42:35 +0800] "GET /content/repository/resource_content.jsp?oid=1105965&queryString=%E7%89%9B%E8%86%9D%E5%B1%AC HTTP/1.1" 200 31043
66.249.77.85 - - [30/Jan/2016:11:42:59 +0800] "GET /content/repository/resource_content.jsp?oid=1808112&queryType=qs&queryString=%E7%8D%A8%E8%A7%92%E7%8D%B8 HTTP/1.1" 200 29722
66.249.71.60 - - [30/Jan/2016:11:43:29 +0800] "GET /content/repository/resource_content.jsp?oid=1826049&queryString=%E5%90%89%E4%B8%81%20%E5%AD%90%E7%92%8B%E9%90%98%20%E9%BE%A2%E9%90%98 HTTP/1.1" 200 29998
66.249.71.60 - - [30/Jan/2016:11:43:55 +0800] "GET /content/repository/resource_content.jsp?oid=3825155&queryString=%E5%B7%A8%E8%91%89%E8%8A%B1%E9%81%A0%E5%BF%97%20%E6%A4%8D%E7%89%A9%E7%95%8C%20%E9%81%A0%E5%BF%97%20%E9%81%A0%E5%BF%97%E5%B1%AC%20%E9%81%A0%E5%BF%97%E7%A7%91 HTTP/1.1" 200 31137
66.249.71.60 - - [30/Jan/2016:11:43:55 +0800] "GET /content/nav/relationSubject.jsp?relationWords=&oid=2547897 HTTP/1.1" 200 1405
66.249.71.5 - - [30/Jan/2016:11:44:06 +0800] "GET /digiarch3/content/repository/resource_content.jsp?oid=1834029&queryType=qs&queryString=%E9%A3%BC%E6%96%99 HTTP/1.1" 200 30625
