66.249.71.64 - - [20/Dec/2015:09:41:58 +0800] "GET /content/tmp_exh/resource_content.jsp?oid=16777849&queryString= HTTP/1.1" 200 32528
66.249.71.60 - - [20/Dec/2015:09:42:21 +0800] "GET /content/repository/resource_content.jsp?oid=1456683 HTTP/1.1" 200 31071
66.249.71.14 - - [20/Dec/2015:09:42:41 +0800] "GET /digiarch3/content/repository/resource_content.jsp?oid=1542997&queryString=%E6%85%B6%E7%A5%9D%E6%AF%8D%E8%A6%AA%E7%AF%80%20%E6%AF%8D%E8%A6%AA%E7%AF%80%20%E6%B5%81%E8%BD%89%E5%B9%B4%E8%8F%AF HTTP/1.1" 200 29776
66.249.77.85 - - [20/Dec/2015:09:43:02 +0800] "GET /content/repository/resource_content.jsp?oid=14175&queryString=%E6%96%91%E7%B4%8B%E7%8A%81%E9%A0%AD%E9%B0%A9%20%E7%8A%81%E9%A0%AD%20%E9%A3%AF%E5%8C%99%20%E9%A3%AF%E5%8C%99%E9%AF%8A%20%E9%AD%B4%E4%BB%94 HTTP/1.1" 200 33817
66.249.77.85 - - [20/Dec/2015:09:43:24 +0800] "GET /content/repository/resource_content.jsp?oid=1783458&queryType=qs&queryString=%E7%9F%AD%E8%A1%A3 HTTP/1.1" 200 31002
66.249.74.72 - - [20/Dec/2015:09:43:46 +0800] "GET /digiarch3/content/repository/resource_content.jsp?oid=1125279&queryType=qs&queryString=%E6%A3%98%E7%9A%AE%E5%8B%95%E7%89%A9 HTTP/1.1" 200 36718
66.249.74.74 - - [20/Dec/2015:09:44:05 +0800] "GET /content/repository/resource_content.jsp?oid=1549789&queryType=qs&queryString=%E4%B8%89%E4%B8%83%E4%BA%94 HTTP/1.1" 200 30227
66.249.71.60 - - [20/Dec/2015:09:44:28 +0800] "GET /content/repository/resource_content.jsp?oid=1174646 HTTP/1.1" 200 27748
66.249.71.64 - - [20/Dec/2015:09:44:50 +0800] "GET /content/repository/resource_content.jsp?oid=1518150 HTTP/1.1" 200 28674
66.249.71.50 - - [20/Dec/2015:09:44:51 +0800] "GET /content/subject/resource_content.jsp?oid=16797246&queryType=qc HTTP/1.1" 200 43651
66.249.71.60 - - [20/Dec/2015:09:45:11 +0800] "GET /content/repository/resource_content.jsp?oid=1538056 HTTP/1.1" 200 28547
66.249.74.63 - - [20/Dec/2015:09:45:33 +0800] "GET /content/repository/resource_content.jsp?oid=2682971&queryType=qs&queryString=%E6%8F%90%E8%87%A3 HTTP/1.1" 200 30148
66.249.74.76 - - [20/Dec/2015:09:45:54 +0800] "GET /digiarch3/content/subject/resource_content.jsp?oid=16777378&queryString=%E4%B9%9D%E8%8A%8E%20%E5%8D%83%E5%B1%88%E8%8F%9C%20%E5%8D%83%E5%B1%88%E8%8F%9C%E7%A7%91%20%E6%A1%83%E9%87%91%E5%AD%83%20%E6%A4%8D%E7%89%A9%E7%95%8C%20%E7%B4%AB%E8%96%87%20%E7%B4%AB%E8%96%87%E5%B1%AC HTTP/1.1" 200 33064
66.249.71.72 - - [20/Dec/2015:09:46:15 +0800] "GET /content/repository/resource_content.jsp?oid=1101911 HTTP/1.1" 200 30834
66.249.71.60 - - [20/Dec/2015:09:46:37 +0800] "GET /content/repository/resource_content.jsp?oid=2524195 HTTP/1.1" 200 29196
66.249.71.60 - - [20/Dec/2015:09:46:58 +0800] "GET /content/repository/resource_content.jsp?oid=1887730&queryString=%E5%B8%BD%E8%93%86%20%E6%9D%8E%E6%99%A8%E9%90%98%20%E6%9D%9C%E6%B8%85 HTTP/1.1" 200 31446
66.249.77.97 - - [20/Dec/2015:09:47:20 +0800] "GET /content/repository/resource_content.jsp?oid=1849027&queryType=qs&queryString=%E8%BB%8A%E9%A6%AC%E5%9D%91 HTTP/1.1" 200 30605
66.249.77.97 - - [20/Dec/2015:09:47:41 +0800] "GET /content/subject/resource_content.jsp?oid=16777398&queryString=%E5%8D%97%E6%B9%96%E6%9D%9C%E9%B5%91%20%E5%B0%8F%E8%A5%BF%E6%B0%8F%E6%9D%9C%E9%B5%91%20%E6%9D%9C%E9%B5%91%E8%8A%B1%20%E6%9D%9C%E9%B5%91%E8%8A%B1%E5%B1%AC%20%E6%9D%9C%E9%B5%91%E8%8A%B1%E7%A7%91%20%E6%A4%8D%E7%89%A9%E7%95%8C HTTP/1.1" 200 29020
66.249.71.5 - - [20/Dec/2015:09:48:03 +0800] "GET /digiarch3/content/subject/resource_content.jsp?oid=16777706&queryType=qs&queryString=%E5%9C%9F%E5%9C%B0%E5%88%A9%E7%94%A8 HTTP/1.1" 200 53843
66.249.77.85 - - [20/Dec/2015:09:48:24 +0800] "GET /content/repository/resource_content.jsp?oid=1104679&queryString=%E7%8E%89%E5%B1%B1%E8%96%84%E9%9B%AA%E8%8D%89%20%E8%96%84%E9%9B%AA%E8%8D%89 HTTP/1.1" 200 31534
66.249.71.64 - - [20/Dec/2015:09:48:45 +0800] "GET /content/subject/resource_content.jsp?oid=16777385&queryType=qs&queryString=%E9%9B%84%E8%8A%B1%E5%BA%8F HTTP/1.1" 200 34166
66.249.71.121 - - [20/Dec/2015:09:49:06 +0800] "GET /content/repository/resource_content.jsp?oid=2661331&queryType=qs&queryString=%E5%BE%B7%E9%A6%A8 HTTP/1.1" 200 29794
66.249.71.60 - - [20/Dec/2015:09:49:08 +0800] "GET /content/repository/resource_content.jsp?oid=3826187&queryString=%E5%A0%B1%E6%98%A5%E8%8A%B1%20%E6%8E%92%E9%A6%99%E8%8D%89%20%E6%A4%8D%E7%89%A9%E7%95%8C%20%E7%8F%8D%E7%8F%A0%E8%8F%9C%E5%B1%AC HTTP/1.1" 200 31332
66.249.71.50 - - [20/Dec/2015:09:49:28 +0800] "GET /content/nav/relationSubject.jsp?relationWords=%E5%B0%8F%E8%91%89%E7%BE%85%E6%BC%A2%E6%9D%BE+%E6%9D%BE%E6%9D%89+%E6%9D%BE%E7%A7%91+%E6%A4%8D%E7%89%A9%E7%95%8C+%E6%AF%AC%E6%9E%9C+%E7%BE%85%E6%BC%A2%E6%9D%BE+%E7%BE%85%E6%BC%A2%E6%9D%BE%E5%B1%AC+&oid=2150804 HTTP/1.1" 200 4619
66.249.77.97 - - [20/Dec/2015:09:49:30 +0800] "GET /content/repository/resource_content.jsp?oid=14613&queryString=%E4%BA%94%E8%85%B3%E8%99%8E%20%E8%BA%84%E9%AD%9A%E7%A7%91%20%E9%9B%99%E6%96%91%E8%BA%84%E9%AD%9A HTTP/1.1" 200 34849
66.249.71.5 - - [20/Dec/2015:09:49:30 +0800] "GET /digiarch3/content/nav/relationSubject.jsp?relationWords=GIS+%E5%9C%B0%E7%90%86%E8%B3%87%E8%A8%8A+%E6%95%B8%E4%BD%8D%E5%85%B8%E8%97%8F+&oid=16777384 HTTP/1.1" 200 9163
66.249.71.41 - - [20/Dec/2015:09:49:31 +0800] "GET /content/nav/relationSubject.jsp?relationWords=%E5%B0%8F%E8%91%89%E7%BE%85%E6%BC%A2%E6%9D%BE%20%E6%9D%BE%E6%9D%89%20%E6%9D%BE%E7%A7%91%20%E6%A4%8D%E7%89%A9%E7%95%8C%20%E6%AF%AC%E6%9E%9C%20%E7%BE%85%E6%BC%A2%E6%9D%BE%20%E7%BE%85%E6%BC%A2%E6%9D%BE%E5%B1%AC%20&oid=2150804 HTTP/1.1" 200 4619
66.249.71.60 - - [20/Dec/2015:09:49:50 +0800] "GET /content/subject/resource_content.jsp?oid=16777517&queryType=qs&queryString=%E8%BE%B2%E5%A7%94%E6%9C%83 HTTP/1.1" 200 51746
114.47.179.151 - - [20/Dec/2015:09:49:59 +0800] "GET /content/subject/resource_content.jsp?oid=16777654&queryString HTTP/1.1" 200 63652
114.47.179.151 - - [20/Dec/2015:09:50:02 +0800] "GET /content/nav/relationSubject.jsp?relationWords=%E6%9E%97%E7%A5%96%E5%A3%BD+%E8%93%AE%E8%88%AB+&oid=16777654 HTTP/1.1" 200 2701
66.249.71.121 - - [20/Dec/2015:09:50:11 +0800] "GET /content/repository/resource_content.jsp?oid=2660026&queryType=qs&queryString=%E7%9A%82%E9%9A%B8 HTTP/1.1" 200 29954
68.180.228.24 - - [20/Dec/2015:09:50:20 +0800] "GET /content/subject/resource_content.jsp?oid=16777431&queryType=qc HTTP/1.1" 200 36988
66.249.71.60 - - [20/Dec/2015:09:50:33 +0800] "GET /content/subject/resource_content.jsp?oid=16777233&queryType=qs&queryString=%E4%B8%8D%E5%8F%AF%E6%80%9D%E8%AD%B0 HTTP/1.1" 200 29690
66.249.71.60 - - [20/Dec/2015:09:50:54 +0800] "GET /content/repository/resource_content.jsp?oid=1806903&queryString=%E5%8D%97%E9%99%BD%E7%B8%A3%20%E8%8D%89%E5%BA%97%20%E8%8D%89%E5%BA%97%E7%95%AB%E8%B1%A1 HTTP/1.1" 200 31201
66.249.71.105 - - [20/Dec/2015:09:51:13 +0800] "GET /content/nav/relationSubject.jsp?relationWords=%E5%B9%B3%E4%BA%A4%E9%81%93+%E7%95%AA%E5%AD%90%E7%94%B0%E7%AB%99+&oid=1539234 HTTP/1.1" 200 5523
66.249.71.105 - - [20/Dec/2015:09:51:15 +0800] "GET /content/nav/relationSubject.jsp?relationWords=%E5%B9%B3%E4%BA%A4%E9%81%93%20%E7%95%AA%E5%AD%90%E7%94%B0%E7%AB%99%20&oid=1539234 HTTP/1.1" 200 5523
66.249.71.64 - - [20/Dec/2015:09:51:37 +0800] "GET /content/repository/resource_content.jsp?oid=1516109 HTTP/1.1" 200 28720
66.249.71.60 - - [20/Dec/2015:09:52:20 +0800] "GET /content/repository/resource_content.jsp?oid=1081616&queryString=%E8%A0%94%E9%AD%9A%20%E9%9D%92%E8%A1%A3%20%E9%9D%92%E9%AF%A8%E9%B8%9A%E5%98%B4%E9%AD%9A%20%E9%9D%92%E9%B8%9A%E5%93%A5%E9%AD%9A%20%E9%B8%9A%E5%93%A5%E9%AD%9A HTTP/1.1" 200 35067
66.249.71.64 - - [20/Dec/2015:09:52:42 +0800] "GET /content/repository/resource_content.jsp?oid=772967 HTTP/1.1" 200 28065
66.249.71.60 - - [20/Dec/2015:09:53:03 +0800] "GET /content/repository/resource_content.jsp?oid=14455&queryString=%E4%BB%99%E5%A5%B3%E9%AD%9A HTTP/1.1" 200 34627
123.125.71.52 - - [20/Dec/2015:09:53:03 +0800] "GET /content/repository/resource_content.jsp?oid=1900031 HTTP/1.1" 200 29947
66.249.71.60 - - [20/Dec/2015:09:53:24 +0800] "GET /digiarch_en/content/subject/resource_content.jsp?oid=16777449&queryType=qc HTTP/1.1" 200 23134
66.249.71.60 - - [20/Dec/2015:09:53:46 +0800] "GET /content/repository/resource_content.jsp?oid=2574053 HTTP/1.1" 200 28811
66.249.74.98 - - [20/Dec/2015:09:54:08 +0800] "GET /content/repository/resource_content.jsp?oid=2149433&queryString=%E5%B1%B1%E5%9F%94%E5%A7%9C%20%E6%A4%8D%E7%89%A9%E7%95%8C%20%E7%99%BD%E6%B0%B4%E6%9C%A8%20%E7%99%BD%E6%B0%B4%E6%9C%A8%E5%B1%AC%20%E7%B4%AB%E8%8D%89%E7%A7%91 HTTP/1.1" 200 31275
66.249.71.72 - - [20/Dec/2015:09:54:09 +0800] "GET /content/subject/resource_content.jsp?oid=16777488 HTTP/1.1" 200 60914
66.249.71.72 - - [20/Dec/2015:09:54:38 +0800] "GET /digiarch_en/content/subject/resource_content.jsp?oid=16777417&queryType=qc HTTP/1.1" 200 22527
66.249.71.72 - - [20/Dec/2015:09:54:50 +0800] "GET /content/repository/resource_content.jsp?oid=523646&queryString=%E4%B8%AD%E8%85%B9%E8%B6%B3%E7%9B%AE%20%E5%8C%85%E6%B0%8F%E9%95%B7%E9%BC%BB%E8%9E%BA%20%E8%85%B9%E8%B6%B3%E7%B6%B1%20%E9%95%B7%E9%BC%BB%E8%9E%BA%20%E9%B3%B3%E5%87%B0%E8%9E%BA HTTP/1.1" 200 36254
66.249.71.5 - - [20/Dec/2015:09:55:06 +0800] "GET /content/nav/relationSubject.jsp?relationWords=%E4%BA%BA%E5%8F%A3%E6%94%BF%E7%AD%96+%E4%BF%9D%E9%9A%AA+%E5%83%91%E8%B3%87+%E5%A4%96%E9%8A%B7%E5%93%81+%E5%A4%A7%E5%B5%99%E5%B4%81+%E5%A4%B1%E6%A5%AD%E4%BF%9D%E9%9A%AA+%E5%B9%B9%E9%83%A8+%E5%BE%A9%E8%88%88%E9%84%89+%E6%88%B6%E8%AD%A6%E5%90%88%E4%B8%80+%E6%B0%B4%E6%AC%8A+%E6%B5%B7%E5%A4%96%E8%B2%BF%E6%98%93+%E6%BA%9C%E5%9C%B0+%E7%9F%B3%E9%96%80%E6%B0%B4%E5%BA%AB+%E7%A2%BE%E9%A4%98+%E7%A4%BE%E6%9C%83%E7%A6%8F%E5%88%A9+%E7%B6%93%E6%BF%9F%E5%BB%BA%E8%A8%AD+%E7%B6%93%E6%BF%9F%E7%99%BC%E5%B1%95+%E8%8F%AF%E5%83%91+%E8%A3%BD%E9%80%A0%E5%B7%A5%E6%A5%AD+%E8%B2%A8%E7%89%A9%E7%A8%85+%E8%BB%8D%E5%AE%98+%E8%BE%B2%E7%94%B0%E6%B0%B4%E5%88%A9%E6%9C%83+%E9%87%91%E8%9E%8D+%E9%A0%90%E5%82%99%E8%BB%8D%E5%AE%98+%E9%BB%83%E4%B8%BB+%E9%BB%83%E8%B1%86+&oid=1571598 HTTP/1.1" 200 6437
66.249.71.5 - - [20/Dec/2015:09:55:08 +0800] "GET /content/nav/relationSubject.jsp?relationWords=%E4%BA%BA%E5%8F%A3%E6%94%BF%E7%AD%96%20%E4%BF%9D%E9%9A%AA%20%E5%83%91%E8%B3%87%20%E5%A4%96%E9%8A%B7%E5%93%81%20%E5%A4%A7%E5%B5%99%E5%B4%81%20%E5%A4%B1%E6%A5%AD%E4%BF%9D%E9%9A%AA%20%E5%B9%B9%E9%83%A8%20%E5%BE%A9%E8%88%88%E9%84%89%20%E6%88%B6%E8%AD%A6%E5%90%88%E4%B8%80%20%E6%B0%B4%E6%AC%8A%20%E6%B5%B7%E5%A4%96%E8%B2%BF%E6%98%93%20%E6%BA%9C%E5%9C%B0%20%E7%9F%B3%E9%96%80%E6%B0%B4%E5%BA%AB%20%E7%A2%BE%E9%A4%98%20%E7%A4%BE%E6%9C%83%E7%A6%8F%E5%88%A9%20%E7%B6%93%E6%BF%9F%E5%BB%BA%E8%A8%AD%20%E7%B6%93%E6%BF%9F%E7%99%BC%E5%B1%95%20%E8%8F%AF%E5%83%91%20%E8%A3%BD%E9%80%A0%E5%B7%A5%E6%A5%AD%20%E8%B2%A8%E7%89%A9%E7%A8%85%20%E8%BB%8D%E5%AE%98%20%E8%BE%B2%E7%94%B0%E6%B0%B4%E5%88%A9%E6%9C%83%20%E9%87%91%E8%9E%8D%20%E9%A0%90%E5%82%99%E8%BB%8D%E5%AE%98%20%E9%BB%83%E4%B8%BB%20%E9%BB%83%E8%B1%86%20&oid=1571598 HTTP/1.1" 200 6437
66.249.74.98 - - [20/Dec/2015:09:55:12 +0800] "GET /content/repository/resource_content.jsp?oid=189133 HTTP/1.1" 200 30181
66.249.71.105 - - [20/Dec/2015:09:55:31 +0800] "GET /content/nav/relationSubject.jsp?relationWords=%E4%B8%AD%E5%9C%8B%E5%A4%A7%E9%99%B8%E5%9C%B0%E5%9C%96+%E5%A4%AA%E5%B9%B3%E5%AF%A8+&oid=205868 HTTP/1.1" 200 3232
66.249.71.60 - - [20/Dec/2015:09:55:33 +0800] "GET /content/repository/resource_content.jsp?oid=1099390 HTTP/1.1" 200 31072
66.249.71.105 - - [20/Dec/2015:09:55:34 +0800] "GET /content/nav/relationSubject.jsp?relationWords=%E4%B8%AD%E5%9C%8B%E5%A4%A7%E9%99%B8%E5%9C%B0%E5%9C%96%20%E5%A4%AA%E5%B9%B3%E5%AF%A8%20&oid=205868 HTTP/1.1" 200 3232
66.249.79.172 - - [20/Dec/2015:09:55:55 +0800] "GET /content/repository/resource_content.jsp?oid=3823118&queryType=qs&queryString=%E8%B5%A4%E6%A5%A0 HTTP/1.1" 200 31314
66.249.71.5 - - [20/Dec/2015:09:57:42 +0800] "GET /digiarch3/content/subject/resource_content.jsp?oid=16777493&queryType=qs&queryString=%E5%8C%8D%E5%8C%90 HTTP/1.1" 200 48554
61.135.189.96 - - [20/Dec/2015:09:57:54 +0800] "GET /digiarch3/content/tmp_exh/resource_content.jsp?oid=16777836&queryType=qc%201890 HTTP/1.1" 302 -
66.249.71.64 - - [20/Dec/2015:09:58:05 +0800] "GET /content/repository/resource_content.jsp?oid=1114190 HTTP/1.1" 200 29996
61.135.189.96 - - [20/Dec/2015:09:58:12 +0800] "GET /digiarch3/content/subject/resource_content.jsp?oid=16777467&queryType=qc HTTP/1.1" 200 70863
66.249.71.60 - - [20/Dec/2015:09:58:25 +0800] "GET /content/repository/resource_content.jsp?oid=2516086&queryString=%E5%8A%89%E5%A4%A9%20%E5%8A%89%E8%88%88%20%E5%8A%89%E9%81%93%20%E5%A4%A9%E5%8A%A9%20%E7%94%9F%E7%94%B0%20%E9%80%A0%E5%83%8F%E7%A2%91%20%E9%80%A0%E5%83%8F%E8%A8%98%20%E9%80%A0%E8%B1%A1 HTTP/1.1" 200 29639
61.135.189.96 - - [20/Dec/2015:09:58:43 +0800] "GET /digiarch3/content/subject/resource_content.jsp?oid=16777839&queryType=qc HTTP/1.1" 200 27195
66.249.71.60 - - [20/Dec/2015:09:58:46 +0800] "GET /content/repository/resource_content.jsp?oid=1843984 HTTP/1.1" 200 29498
61.135.189.96 - - [20/Dec/2015:09:59:00 +0800] "GET /digiarch3/content/subject/resource_content.jsp?oid=16777839&queryType=qc> HTTP/1.1" 200 27195
66.249.71.60 - - [20/Dec/2015:09:59:08 +0800] "GET /content/repository/resource_content.jsp?oid=2142567&queryString=%E5%81%87%E8%93%AC%E5%B1%AC%20%E6%A4%8D%E7%89%A9%E7%95%8C%20%E7%BE%8E%E5%B7%9E%E5%81%87%E8%93%AC%20%E8%8F%8A%E7%A7%91%20%E9%87%8E%E6%A1%90%E8%92%BF%20%E9%9B%99%E5%AD%90%E8%91%89%E6%A4%8D%E7%89%A9 HTTP/1.1" 200 31552
66.249.71.14 - - [20/Dec/2015:09:59:10 +0800] "GET /digiarch3/content/repository/resource_content.jsp?oid=2642823&queryType=qs&queryString=%E8%B5%B0%E7%A7%81 HTTP/1.1" 200 30032
61.135.189.96 - - [20/Dec/2015:09:59:18 +0800] "GET /digiarch3/content/subject/resource_content.jsp?oid=16797243&queryType=qc HTTP/1.1" 200 56179
66.249.71.113 - - [20/Dec/2015:09:59:29 +0800] "GET /content/repository/resource_content.jsp?oid=2520674&queryType=qs&queryString=%E5%8F%A9%E8%AC%9D HTTP/1.1" 200 30043
61.135.189.96 - - [20/Dec/2015:09:59:33 +0800] "GET /digiarch3/content/tmp_exh/resource_content.jsp?oid=16777802&queryType=qc HTTP/1.1" 200 28946
61.135.189.96 - - [20/Dec/2015:09:59:48 +0800] "GET /digiarch3/content/subject/resource_content.jsp?oid=16777788&queryType=qc HTTP/1.1" 200 42884
66.249.71.72 - - [20/Dec/2015:09:59:50 +0800] "GET /content/repository/resource_content.jsp?oid=1888353&queryString=%E8%87%BA%E4%B8%AD%E5%B7%9E HTTP/1.1" 200 33303
101.14.163.21 - - [20/Dec/2015:10:00:01 +0800] "GET /content/repository/resource_content.jsp?oid=1096803&queryString=%E6%A4%8D%E7%89%A9%E7%95%8C%20%E7%8E%89%E5%B1%B1%E8%89%BE%20%E8%89%BE%E5%B1%AC%20%E8%8F%8A%E7%A7%91%20%E9%9B%99%E5%AD%90%E8%91%89%E6%A4%8D%E7%89%A9 HTTP/1.1" 200 31156
61.135.189.96 - - [20/Dec/2015:10:00:04 +0800] "GET /content/subject/resource_content.jsp?oid=16777692&queryType=qc HTTP/1.1" 200 36443
101.14.163.21 - - [20/Dec/2015:10:00:04 +0800] "GET /content/nav/relationSubject.jsp?relationWords=%E5%B1%B1%E8%89%BE+%E6%A4%8D%E7%89%A9%E7%95%8C+%E7%8E%89%E5%B1%B1%E8%89%BE+%E8%89%BE%E5%B1%AC+%E8%8F%8A%E7%A7%91+%E9%9B%99%E5%AD%90%E8%91%89+%E9%9B%99%E5%AD%90%E8%91%89%E6%A4%8D%E7%89%A9+&oid=1096803 HTTP/1.1" 200 3425
66.249.71.60 - - [20/Dec/2015:10:00:12 +0800] "GET /content/repository/resource_content.jsp?oid=2522364 HTTP/1.1" 200 29877
61.135.189.96 - - [20/Dec/2015:10:00:19 +0800] "GET /content/tmp_exh/resource_content.jsp?oid=16777821&queryType=qc%201890 HTTP/1.1" 200 35121
49.215.210.67 - - [20/Dec/2015:10:00:19 +0800] "GET /content/nav/relationSubject.jsp?relationWords=%E5%A4%8F%E5%A4%9C+%E6%B0%B4%E8%8C%84+%E6%B0%B4%E8%8C%84%E8%8B%B3+%E8%8C%84%E8%8B%B3+&oid=16777503 HTTP/1.1" 200 4551
220.134.107.96 - - [20/Dec/2015:10:00:23 +0800] "GET /content/repository/resource_content.jsp?oid=1582206&queryString=%E4%B8%AD%E5%A4%AE%E5%B8%82%E5%A0%B4%20%E5%AE%9C%E8%98%AD%E5%B8%82%E5%85%AC%E6%89%80 HTTP/1.1" 200 29078
220.134.107.96 - - [20/Dec/2015:10:00:24 +0800] "GET /content/nav/relationSubject.jsp?relationWords=%E5%85%AC%E5%A2%93+%E5%AE%9C%E8%98%AD%E5%B8%82+%E5%AE%9C%E8%98%AD%E5%B8%82%E5%85%AC%E6%89%80+%E5%B8%82%E5%85%AC%E6%89%80+&oid=1582206 HTTP/1.1" 200 5472
61.135.189.96 - - [20/Dec/2015:10:00:35 +0800] "GET /content/subject/resource_content.jsp?oid=16777656&queryType=qc HTTP/1.1" 200 63496
66.249.71.64 - - [20/Dec/2015:10:00:55 +0800] "GET /content/repository/resource_content.jsp?oid=1115159 HTTP/1.1" 200 31179
49.215.210.67 - - [20/Dec/2015:10:01:14 +0800] "GET /content/repository/resource_content.jsp?oid=1112386&queryString=%E5%A4%8F%E5%A4%9C%20%E6%B0%B4%E8%8C%84%20%E6%B0%B4%E8%8C%84%E8%8B%B3%20%E8%8C%84%E8%8B%B3 HTTP/1.1" 200 31725
49.215.210.67 - - [20/Dec/2015:10:01:14 +0800] "GET /content/nav/relationSubject.jsp?relationWords=%E6%A3%8B%E7%9B%A4%E8%85%B3%E6%A8%B9+%E6%A3%8B%E7%9B%A4%E8%85%B3%E6%A8%B9%E5%B1%AC+%E6%A4%8D%E7%89%A9%E7%95%8C+%E6%B0%B4%E8%8C%84+%E6%B0%B4%E8%8C%84%E8%8B%B3+%E7%8E%89%E8%95%8A%E7%A7%91+%E8%85%B3%E6%A8%B9+%E8%8C%84%E8%8B%B3+&oid=1112386 HTTP/1.1" 200 5299
49.215.210.67 - - [20/Dec/2015:10:01:17 +0800] "GET /content/subject/resource_content.jsp?oid=16777306&queryString=%E6%A3%8B%E7%9B%A4%E8%85%B3%E6%A8%B9%20%E6%A3%8B%E7%9B%A4%E8%85%B3%E6%A8%B9%E5%B1%AC%20%E6%A4%8D%E7%89%A9%E7%95%8C%20%E6%B0%B4%E8%8C%84%20%E6%B0%B4%E8%8C%84%E8%8B%B3%20%E7%8E%89%E8%95%8A%E7%A7%91%20%E8%85%B3%E6%A8%B9%20%E8%8C%84%E8%8B%B3 HTTP/1.1" 200 33337
49.215.210.67 - - [20/Dec/2015:10:01:18 +0800] "GET /content/nav/relationSubject.jsp?relationWords=%E8%8C%84%E8%8B%B3+&oid=16777306 HTTP/1.1" 200 4432
68.180.228.24 - - [20/Dec/2015:10:01:29 +0800] "GET /digiarch_en/content/subject/resource_content.jsp?oid=16777465&queryType=qc HTTP/1.1" 200 21921
66.249.71.121 - - [20/Dec/2015:10:01:38 +0800] "GET /content/repository/resource_content.jsp?oid=2687073&queryType=qs&queryString=%E6%98%8C%E5%9F%8E HTTP/1.1" 200 30349
66.249.71.105 - - [20/Dec/2015:10:01:59 +0800] "GET /content/repository/resource_content.jsp?oid=15206&queryType=qs&queryString=%E9%B6%B4%E9%B1%B5 HTTP/1.1" 200 33514
66.249.71.105 - - [20/Dec/2015:10:02:21 +0800] "GET /content/repository/resource_content.jsp?oid=1887302&queryType=qs&queryString=%E7%8E%8B%E7%87%95%E7%BF%BC HTTP/1.1" 200 30568
66.249.71.105 - - [20/Dec/2015:10:02:42 +0800] "GET /content/repository/resource_content.jsp?oid=2666618&queryType=qs&queryString=%E6%B1%9F%E6%BC%A2 HTTP/1.1" 200 30155
66.249.74.102 - - [20/Dec/2015:10:03:04 +0800] "GET /content/repository/resource_content.jsp?oid=756781&queryString=%E6%9E%97%E7%A7%8B%E9%8C%A6%20%E8%94%A1%E5%9F%B9%E7%81%AB%20%E9%9F%B3%E6%A8%82%E6%9C%83 HTTP/1.1" 200 28961
49.217.98.204 - - [20/Dec/2015:10:03:23 +0800] "GET /content/repository/resource_content.jsp?oid=16334&queryString=%E7%99%BD%E5%B8%B6%E9%AD%9A HTTP/1.1" 200 36559
66.249.71.105 - - [20/Dec/2015:10:03:25 +0800] "GET /content/repository/resource_content.jsp?oid=2673959&queryType=qs&queryString=%E5%A6%83%E5%AC%AA HTTP/1.1" 200 29980
49.217.98.204 - - [20/Dec/2015:10:03:26 +0800] "GET /content/nav/relationSubject.jsp?relationWords=%E5%A4%A9%E7%AB%BA%E5%B8%B6%E9%AD%9A+%E6%B2%B9%E5%B8%B6+%E7%99%BD%E5%B8%B6%E9%AD%9A+%E8%82%A5%E5%B8%B6+%E8%A3%99%E5%B8%B6+%E9%AB%98%E9%B0%AD+%E9%AB%98%E9%B0%AD%E5%B8%B6%E9%AD%9A+&oid=16334 HTTP/1.1" 200 3640
66.249.71.60 - - [20/Dec/2015:10:04:08 +0800] "GET /content/repository/resource_content.jsp?oid=1889837 HTTP/1.1" 200 28378
66.249.77.97 - - [20/Dec/2015:10:04:12 +0800] "GET /content/repository/resource_content.jsp?oid=1833853&queryString=%E6%8B%93%E7%89%87%20%E6%BC%A2%E4%BB%A3 HTTP/1.1" 200 30712
66.249.71.105 - - [20/Dec/2015:10:04:29 +0800] "GET /content/repository/resource_content.jsp?oid=1781621&queryType=qs&queryString=%E7%AB%8B%E9%AB%94%E9%9B%95%E5%88%BB HTTP/1.1" 200 28262
66.249.71.105 - - [20/Dec/2015:10:04:51 +0800] "GET /content/repository/resource_content.jsp?oid=2665343&queryType=qs&queryString=%E6%B1%AA%E6%B0%8F HTTP/1.1" 200 30065
66.249.71.121 - - [20/Dec/2015:10:05:16 +0800] "GET /content/nav/relationSubject.jsp?relationWords=%E4%B9%9D%E5%88%BA%E9%AE%A8+%E4%B9%9D%E6%A3%98+%E6%A0%BC%E4%BB%94+%E7%9F%B3%E6%96%91+%E7%B4%85%E9%B1%A0+%E9%81%8E%E9%AD%9A+%E9%9D%92%E6%98%9F%E4%B9%9D%E5%88%BA%E9%AE%A8+%E9%AE%A8%E7%A7%91+&oid=14979 HTTP/1.1" 200 3934
66.249.71.105 - - [20/Dec/2015:10:05:18 +0800] "GET /content/nav/relationSubject.jsp?relationWords=%E4%B9%9D%E5%88%BA%E9%AE%A8%20%E4%B9%9D%E6%A3%98%20%E6%A0%BC%E4%BB%94%20%E7%9F%B3%E6%96%91%20%E7%B4%85%E9%B1%A0%20%E9%81%8E%E9%AD%9A%20%E9%9D%92%E6%98%9F%E4%B9%9D%E5%88%BA%E9%AE%A8%20%E9%AE%A8%E7%A7%91%20&oid=14979 HTTP/1.1" 200 3934
66.249.71.5 - - [20/Dec/2015:10:05:34 +0800] "GET /digiarch3/content/repository/resource_content.jsp?oid=2638379&queryType=qs&queryString=%E5%9F%8E%E9%9A%8D%E5%BB%9F HTTP/1.1" 200 30130
66.249.71.113 - - [20/Dec/2015:10:05:55 +0800] "GET /content/repository/resource_content.jsp?oid=2667658&queryType=qs&queryString=%E6%B0%B4%E5%AD%97 HTTP/1.1" 200 30056
61.135.189.96 - - [20/Dec/2015:10:05:56 +0800] "GET /digiarch3/content/repository/resource_content.jsp?oid=524101&queryType=qc HTTP/1.1" 200 33926
66.249.71.105 - - [20/Dec/2015:10:06:16 +0800] "GET /content/repository/resource_content.jsp?oid=2654910&queryType=qs&queryString=%E6%B3%B0%E5%AE%89%E5%BA%9C HTTP/1.1" 200 29748
61.135.189.96 - - [20/Dec/2015:10:06:22 +0800] "GET /digiarch3/content/subject/resource_content.jsp?oid=16777669&queryType=qc HTTP/1.1" 200 47286
66.249.71.121 - - [20/Dec/2015:10:06:38 +0800] "GET /content/repository/resource_content.jsp?oid=2513376&queryType=qs&queryString=%E5%8D%97%E6%A8%82 HTTP/1.1" 200 29677
66.249.71.64 - - [20/Dec/2015:10:07:00 +0800] "GET /content/repository/resource_content.jsp?oid=4387990&queryString=%E4%BA%BA%E9%A1%9E%E5%AD%B8%20%E5%99%B6%E7%91%AA%E8%98%AD%E6%97%8F%20%E5%B7%B4%E5%89%87%E6%B5%B7%E6%97%8F%20%E5%B8%83%E8%BE%B2%E6%97%8F%20%E5%B9%B3%E5%9F%94%E6%97%8F%20%E8%A5%BF%E6%8B%89%E9%9B%85%E6%97%8F%20%E9%82%B5%E6%97%8F HTTP/1.1" 200 33491
66.249.71.60 - - [20/Dec/2015:10:07:21 +0800] "GET /content/repository/resource_content.jsp?oid=2684992&queryString=%E5%85%B5%E4%B8%81%20%E6%9E%97%E7%88%BD%E6%96%87%20%E8%B3%9E%E9%8A%80 HTTP/1.1" 200 30331
66.249.71.105 - - [20/Dec/2015:10:07:36 +0800] "GET /content/subject/resource_content.jsp?oid=16777611&queryType=qc HTTP/1.1" 200 49474
66.249.71.72 - - [20/Dec/2015:10:07:42 +0800] "GET /content/repository/resource_content.jsp?oid=2674668 HTTP/1.1" 200 29926
66.249.71.41 - - [20/Dec/2015:10:08:04 +0800] "GET /content/repository/resource_content.jsp?oid=1460182&queryString=%E5%A4%A9%E8%8D%89%E9%B3%B3%E5%B0%BE%E8%95%A8%20%E6%A4%8D%E7%89%A9%E7%95%8C%20%E6%B0%B4%E9%BE%8D%E9%AA%A8%20%E8%95%A8%E9%A1%9E%E6%A4%8D%E7%89%A9%20%E9%B3%B3%E5%B0%BE%E8%95%A8%E5%B1%AC%20%E9%B3%B3%E5%B0%BE%E8%95%A8%E7%A7%91 HTTP/1.1" 200 31368
66.249.71.60 - - [20/Dec/2015:10:08:25 +0800] "GET /content/repository/resource_content.jsp?oid=1102064 HTTP/1.1" 200 30930
66.249.71.113 - - [20/Dec/2015:10:08:47 +0800] "GET /content/repository/resource_content.jsp?oid=1778338&queryType=qs&queryString=%E8%A6%AA%E8%81%B7%E6%95%99%E8%82%B2 HTTP/1.1" 200 38324
66.249.71.121 - - [20/Dec/2015:10:08:47 +0800] "GET /content/nav/relationSubject.jsp?relationWords=%E5%88%91%E9%83%A8+&oid=2670291 HTTP/1.1" 200 3095
66.249.71.105 - - [20/Dec/2015:10:08:49 +0800] "GET /content/nav/relationSubject.jsp?relationWords=%E5%88%91%E9%83%A8%20&oid=2670291 HTTP/1.1" 200 3095
66.249.71.64 - - [20/Dec/2015:10:09:10 +0800] "GET /content/nav/relationSubject.jsp?relationWords=&oid=16777374 HTTP/1.1" 200 1405
66.249.71.72 - - [20/Dec/2015:10:09:14 +0800] "GET /content/repository/resource_content.jsp?oid=3812049&queryString=%E4%B8%89%E5%8F%89%E8%95%A8%20%E5%B7%9D%E4%B8%8A%E6%B0%8F%20%E6%93%AC%E9%B1%97%E6%AF%9B%E8%95%A8%20%E6%93%AC%E9%B1%97%E6%AF%9B%E8%95%A8%E5%B1%AC%20%E6%A4%8D%E7%89%A9%E7%95%8C%20%E6%B0%B4%E9%BE%8D%E9%AA%A8%20%E8%95%A8%E9%A1%9E%E6%A4%8D%E7%89%A9 HTTP/1.1" 200 31701
66.249.77.91 - - [20/Dec/2015:10:09:30 +0800] "GET /content/repository/resource_content.jsp?oid=4364029&queryType=qs&queryString=%E4%BF%9D%E7%94%9F%E5%A4%A7%E5%B8%9D HTTP/1.1" 200 29003
66.249.77.85 - - [20/Dec/2015:10:09:43 +0800] "GET /content/nav/relationSubject.jsp?relationWords=%E4%BC%8A%E5%8B%A2%20%E4%BC%8A%E5%8B%A2%E7%A5%9E%E5%AE%AE%20%E5%8F%83%E6%8B%9C%20%E8%97%A4%E5%8E%9F%20&oid=4471261 HTTP/1.1" 200 3326
66.249.71.60 - - [20/Dec/2015:10:09:51 +0800] "GET /content/repository/resource_content.jsp?oid=173430 HTTP/1.1" 200 30978
66.249.74.98 - - [20/Dec/2015:10:10:13 +0800] "GET /content/repository/resource_content.jsp?oid=1618179 HTTP/1.1" 200 29030
66.249.71.121 - - [20/Dec/2015:10:10:34 +0800] "GET /content/repository/resource_content.jsp?oid=2688374&queryType=qs&queryString=%E5%95%86%E8%88%A1 HTTP/1.1" 200 30168
36.239.165.166 - - [20/Dec/2015:10:10:36 +0800] "GET /content/nav/relationSubject.jsp?relationWords=%E6%AA%AC%E6%9E%9C+%E8%8A%92%E6%9E%9C+&oid=16777508 HTTP/1.1" 200 4379
68.180.228.24 - - [20/Dec/2015:10:10:53 +0800] "GET /content/subject/resource_content.jsp?oid=16777742&queryType=qc HTTP/1.1" 200 38999
66.249.71.60 - - [20/Dec/2015:10:12:00 +0800] "GET /content/repository/resource_content.jsp?oid=1462008 HTTP/1.1" 200 31296
66.249.71.5 - - [20/Dec/2015:10:12:21 +0800] "GET /digiarch3/content/subject/resource_content.jsp?oid=16777298&queryType=qc HTTP/1.1" 200 28262
66.249.71.64 - - [20/Dec/2015:10:12:43 +0800] "GET /content/nav/relationSubject.jsp?relationWords=%E5%8B%A4%E6%A5%AD%20%E5%9C%8B%E9%98%B2%E9%86%AB%E5%AD%B8%E9%99%A2%20%E8%87%A8%E6%99%82%E7%9C%81%E8%AD%B0%E6%9C%83%20%E8%87%BA%E7%81%A3%E7%9C%81%20%E8%A1%9B%E5%8B%A4%20%E8%AD%B0%E9%95%B7%20%E9%99%B3%E6%8C%AF%E8%8C%82%20&oid=1521773 HTTP/1.1" 200 4658
219.70.144.218 - - [20/Dec/2015:10:12:44 +0800] "GET /content/nav/relationSubject.jsp?relationWords=%E6%BC%94%E8%AE%8A+%E7%A6%AE%E6%9C%8D+&oid=16777619 HTTP/1.1" 200 3545
66.249.71.60 - - [20/Dec/2015:10:13:03 +0800] "GET /content/subject/resource_content.jsp?oid=16777639&queryType=qc HTTP/1.1" 200 57051
66.249.77.85 - - [20/Dec/2015:10:13:47 +0800] "GET /content/repository/resource_content.jsp?oid=16353&queryString=%E9%87%91%E6%A7%8D%20%E9%95%B7%E9%B0%AD%E9%AE%AA%20%E9%AF%96%E7%A7%91 HTTP/1.1" 200 35295
68.180.228.24 - - [20/Dec/2015:10:13:54 +0800] "GET /content/pictures/picture_content.jsp?oid=33554801 HTTP/1.1" 200 27556
66.249.71.60 - - [20/Dec/2015:10:14:08 +0800] "GET /content/repository/resource_content.jsp?oid=1829268 HTTP/1.1" 200 28628
66.249.71.72 - - [20/Dec/2015:10:14:16 +0800] "GET /content/repository/resource_content.jsp?oid=3813601&queryString=%E5%8F%B0%E7%81%A3%E5%A0%87%E8%8F%9C%20%E6%A4%8D%E7%89%A9%E7%95%8C%20%E8%8F%AB%E8%8F%9C%20%E8%8F%AB%E8%8F%9C%E5%B1%AC HTTP/1.1" 200 31201
66.249.71.60 - - [20/Dec/2015:10:14:30 +0800] "GET /content/subject/resource_content.jsp?oid=16777823&queryString=%E5%8D%97%E6%8A%95%E7%B8%A3%E8%AD%B0%E6%9C%83%20%E5%93%81%E8%B3%AA%20%E6%9A%A8%E5%8D%97%20%E7%9C%81%E6%94%BF%E5%BA%9C%20%E8%98%86%E7%AD%8D HTTP/1.1" 200 33519
68.180.228.24 - - [20/Dec/2015:10:14:34 +0800] "GET /content/repository/resource_content.jsp?oid=4363321 HTTP/1.1" 200 28028
66.249.71.60 - - [20/Dec/2015:10:15:13 +0800] "GET /content/subject/resource_content.jsp?oid=16777440&queryString=%E8%81%96%E7%8E%8B%20%E9%84%AD%E6%88%90%E5%8A%9F%20%E9%96%8B%E5%8F%B0 HTTP/1.1" 200 48922
66.249.71.113 - - [20/Dec/2015:10:15:15 +0800] "GET /content/nav/relationSubject.jsp?relationWords=&oid=2584078 HTTP/1.1" 200 1405
66.249.71.60 - - [20/Dec/2015:10:15:34 +0800] "GET /content/subject/resource_content.jsp?oid=16797242&queryType=qc HTTP/1.1" 200 46766
66.249.71.60 - - [20/Dec/2015:10:15:47 +0800] "GET /content/nav/relationSubject.jsp?relationWords=%E5%B7%9D%E4%B8%8A%E6%B0%8F%20%E5%B7%9D%E4%B8%8A%E6%B0%8F%E8%96%B9%20%E6%97%A5%E6%9C%AC%E8%96%B9%20%E6%A4%8D%E7%89%A9%E7%95%8C%20%E8%8E%8E%E8%8D%89%20%E8%8E%8E%E8%8D%89%E7%A7%91%20%E8%96%B9%E5%B1%AC%20%E9%AB%98%E5%B1%B1%E6%97%A5%E6%9C%AC%E8%96%B9%20&oid=3812049 HTTP/1.1" 200 3512
66.249.71.60 - - [20/Dec/2015:10:15:56 +0800] "GET /content/subject/resource_content.jsp?oid=16777732 HTTP/1.1" 200 31321
66.249.71.121 - - [20/Dec/2015:10:16:03 +0800] "GET /content/nav/relationSubject.jsp?relationWords=%E5%AF%A6%E7%9B%9B+&oid=4475272 HTTP/1.1" 200 2990
66.249.71.105 - - [20/Dec/2015:10:16:05 +0800] "GET /content/nav/relationSubject.jsp?relationWords=%E5%AF%A6%E7%9B%9B%20&oid=4475272 HTTP/1.1" 200 2990
66.249.77.97 - - [20/Dec/2015:10:16:17 +0800] "GET /content/repository/resource_content.jsp?oid=4354166&queryType=qs&queryString=%E6%B2%88%E4%B8%96%E5%82%91 HTTP/1.1" 200 33837
66.249.71.72 - - [20/Dec/2015:10:16:39 +0800] "GET /content/repository/resource_content.jsp?oid=1097989&queryString=%E5%8F%B0%E7%81%A3%E7%89%9B%E5%BD%8C%E8%8F%9C%20%E6%A4%8D%E7%89%A9%E7%95%8C%20%E7%89%9B%E5%BD%8C%E8%8F%9C%E5%B1%AC%20%E8%98%BF%E8%97%A6%E7%A7%91%20%E9%BE%8D%E8%86%BD HTTP/1.1" 200 31530
66.249.71.64 - - [20/Dec/2015:10:17:48 +0800] "GET /content/repository/resource_content.jsp?oid=1098467&queryString=%E5%8F%B0%E7%81%A3%E9%AC%BC%E7%9D%A3%E9%83%B5%20%E6%A4%8D%E7%89%A9%E7%95%8C%20%E8%8F%8A%E7%A7%91%20%E9%9B%99%E5%AD%90%E8%91%89%E6%A4%8D%E7%89%A9%20%E9%AC%BC%E7%9D%A3%E9%83%B5%E5%B1%AC HTTP/1.1" 200 31504
66.249.71.121 - - [20/Dec/2015:10:18:08 +0800] "GET /content/repository/resource_content.jsp?oid=2510811&queryType=qs&queryString=%E5%8D%81%E5%BA%9C HTTP/1.1" 200 30067
66.249.71.60 - - [20/Dec/2015:10:18:26 +0800] "GET /content/repository/resource_content.jsp?oid=1541394 HTTP/1.1" 200 28638
123.125.71.89 - - [20/Dec/2015:10:18:44 +0800] "GET /content/repository/resource_content.jsp?oid=3205243 HTTP/1.1" 200 29458
66.249.71.121 - - [20/Dec/2015:10:18:47 +0800] "GET /content/repository/resource_content.jsp?oid=2669096&queryType=qs&queryString=%E7%A7%91%E7%88%BE%E6%B2%81 HTTP/1.1" 200 29970
1.174.201.32 - - [20/Dec/2015:10:19:00 +0800] "GET /content/repository/resource_content.jsp?oid=1104990&queryType=null&queryString=Kalanchoe HTTP/1.1" 200 31292
1.174.201.32 - - [20/Dec/2015:10:19:00 +0800] "GET /content/nav/relationSubject.jsp?relationWords=%E6%A4%8D%E7%89%A9%E7%95%8C+%E7%87%88%E7%B1%A0%E8%8D%89+%E7%87%88%E7%B1%A0%E8%8D%89%E5%B1%AC+%E8%96%94%E8%96%87%E7%9B%AE+&oid=1104990 HTTP/1.1" 200 3351
66.249.71.72 - - [20/Dec/2015:10:19:09 +0800] "GET /content/repository/resource_content.jsp?oid=1895844 HTTP/1.1" 200 29650
1.174.201.32 - - [20/Dec/2015:10:19:10 +0800] "GET /content/repository/resource_content.jsp?oid=1097810&queryType=null&queryString=Kalanchoe HTTP/1.1" 200 30933
1.174.201.32 - - [20/Dec/2015:10:19:10 +0800] "GET /content/nav/relationSubject.jsp?relationWords=%E6%A4%8D%E7%89%A9%E7%95%8C+%E7%87%88%E7%B1%A0%E8%8D%89+%E7%87%88%E7%B1%A0%E8%8D%89%E5%B1%AC+%E8%96%94%E8%96%87%E7%9B%AE+&oid=1097810 HTTP/1.1" 200 3351
66.249.79.27 - - [20/Dec/2015:10:19:19 +0800] "GET /content/subject/resource_content.jsp?oid=16777746&queryType=qs&queryString=%E7%94%9F%E6%85%8B%E8%B3%87%E6%BA%90 HTTP/1.1" 200 39174
1.174.201.32 - - [20/Dec/2015:10:19:25 +0800] "GET /content/repository/resource_content.jsp?oid=1099593&queryType=null&queryString=Kalanchoe HTTP/1.1" 200 31002
1.174.201.32 - - [20/Dec/2015:10:19:26 +0800] "GET /content/nav/relationSubject.jsp?relationWords=%E6%A4%8D%E7%89%A9%E7%95%8C+%E7%87%88%E7%B1%A0%E8%8D%89+%E7%87%88%E7%B1%A0%E8%8D%89%E5%B1%AC+%E8%96%94%E8%96%87%E7%9B%AE+&oid=1099593 HTTP/1.1" 200 3351
66.249.71.60 - - [20/Dec/2015:10:19:30 +0800] "GET /content/repository/resource_content.jsp?oid=1615395 HTTP/1.1" 200 28833
1.174.201.32 - - [20/Dec/2015:10:19:32 +0800] "GET /content/repository/resource_content.jsp?oid=1099593&queryType=null&queryString=Kalanchoe HTTP/1.1" 200 31002
1.174.201.32 - - [20/Dec/2015:10:19:32 +0800] "GET /content/nav/relationSubject.jsp?relationWords=%E6%A4%8D%E7%89%A9%E7%95%8C+%E7%87%88%E7%B1%A0%E8%8D%89+%E7%87%88%E7%B1%A0%E8%8D%89%E5%B1%AC+%E8%96%94%E8%96%87%E7%9B%AE+&oid=1099593 HTTP/1.1" 200 3351
1.174.201.32 - - [20/Dec/2015:10:19:36 +0800] "GET /content/repository/resource_content.jsp?oid=1103948&queryType=null&queryString=Kalanchoe HTTP/1.1" 200 31046
1.174.201.32 - - [20/Dec/2015:10:19:36 +0800] "GET /content/nav/relationSubject.jsp?relationWords=%E6%A4%8D%E7%89%A9%E7%95%8C+%E7%87%88%E7%B1%A0%E8%8D%89+%E7%87%88%E7%B1%A0%E8%8D%89%E5%B1%AC+%E8%96%94%E8%96%87%E7%9B%AE+&oid=1103948 HTTP/1.1" 200 3343
1.174.201.32 - - [20/Dec/2015:10:19:47 +0800] "GET /content/repository/resource_content.jsp?oid=1104402&queryType=null&queryString=Kalanchoe HTTP/1.1" 200 31502
1.174.201.32 - - [20/Dec/2015:10:19:47 +0800] "GET /content/nav/relationSubject.jsp?relationWords=%E5%A4%A7%E9%82%84%E9%AD%82+%E5%B0%8F%E7%87%88%E7%B1%A0%E8%8D%89+%E6%A4%8D%E7%89%A9%E7%95%8C+%E7%87%88%E7%B1%A0%E8%8D%89+%E7%87%88%E7%B1%A0%E8%8D%89%E5%B1%AC+%E8%96%94%E8%96%87%E7%9B%AE+&oid=1104402 HTTP/1.1" 200 3456
66.249.71.5 - - [20/Dec/2015:10:19:52 +0800] "GET /digiarch3/content/repository/resource_content.jsp?oid=4352869&queryType=qs&queryString=%E9%AD%9A%E6%A7%8D HTTP/1.1" 200 35418
1.174.201.32 - - [20/Dec/2015:10:19:59 +0800] "GET /content/repository/resource_content.jsp?oid=1105292&queryType=null&queryString=Kalanchoe HTTP/1.1" 200 31357
1.174.201.32 - - [20/Dec/2015:10:19:59 +0800] "GET /content/nav/relationSubject.jsp?relationWords=%E6%A4%8D%E7%89%A9%E7%95%8C+%E7%87%88%E7%B1%A0%E8%8D%89+%E7%87%88%E7%B1%A0%E8%8D%89%E5%B1%AC+%E8%96%94%E8%96%87%E7%9B%AE+&oid=1105292 HTTP/1.1" 200 3351
66.249.77.97 - - [20/Dec/2015:10:20:13 +0800] "GET /content/repository/resource_content.jsp?oid=3809277&queryType=qs&queryString=%E8%B5%A4%E5%98%B4%E8%9B%A4 HTTP/1.1" 200 29739
66.249.71.164 - - [20/Dec/2015:10:20:34 +0800] "GET /content/subject/resource_content.jsp?oid=16777801&queryType=qc HTTP/1.1" 200 43042
66.249.71.5 - - [20/Dec/2015:10:20:36 +0800] "GET /digiarch3/content/repository/resource_content.jsp?oid=16418&queryType=qs&queryString=%E5%BB%B6%E7%B9%A9%E9%87%A3 HTTP/1.1" 200 34210
207.46.13.23 - - [20/Dec/2015:10:20:41 +0800] "GET /content/subject/resource_content.jsp?oid=16777615&queryType=qc HTTP/1.1" 200 37930
66.249.71.64 - - [20/Dec/2015:10:20:56 +0800] "GET /content/repository/resource_content.jsp?oid=2519899 HTTP/1.1" 200 29969
107.197.84.33 - - [20/Dec/2015:10:21:00 +0800] "GET /content/subject/resource_content.jsp?oid=16797282&queryType=qc HTTP/1.1" 200 78850
107.197.84.33 - - [20/Dec/2015:10:21:02 +0800] "GET /content/nav/relationSubject.jsp?relationWords=%E6%AE%96%E6%B0%91%E7%B5%B1%E6%B2%BB+&oid=16797282 HTTP/1.1" 200 2852
157.55.39.218 - - [20/Dec/2015:10:21:03 +0800] "GET /content/subject/resource_content.jsp?oid=16777289&queryType=qc HTTP/1.1" 200 40493
157.55.39.218 - - [20/Dec/2015:10:21:23 +0800] "GET /content/tmp_exh/resource_content.jsp?oid=16777750&queryType=qc HTTP/1.1" 200 32507
40.77.167.75 - - [20/Dec/2015:10:21:36 +0800] "GET /content/subject/resource_content.jsp?oid=16777615 HTTP/1.1" 200 37941
157.55.39.218 - - [20/Dec/2015:10:21:44 +0800] "GET /content/repository/resource_content.jsp?oid=1458718 HTTP/1.1" 200 31020
66.249.71.60 - - [20/Dec/2015:10:22:00 +0800] "GET /content/repository/resource_content.jsp?oid=2147209&queryString=%E5%94%87%E5%BD%A2%E7%A7%91%20%E5%A1%94%E8%8A%B1%E5%B1%AC%20%E6%A4%8D%E7%89%A9%E7%95%8C%20%E8%96%84%E8%8D%B7%20%E9%9B%99%E5%AD%90%E8%91%89%E6%A4%8D%E7%89%A9%20%E9%A2%A8%E8%BC%AA%E8%8F%9C HTTP/1.1" 200 31601
66.249.71.60 - - [20/Dec/2015:10:22:22 +0800] "GET /content/repository/resource_content.jsp?oid=1533571&queryString=%E5%A4%A7%E5%9F%8E%E7%B8%A3%20%E6%A9%AB%E5%A0%A4 HTTP/1.1" 200 29340
66.249.71.64 - - [20/Dec/2015:10:22:43 +0800] "GET /content/repository/resource_content.jsp?oid=3821632&queryString=%E6%87%B8%E9%89%A4%E5%AD%90%E5%B1%AC%20%E6%A2%A3%E8%91%89%E6%87%B8%E9%89%A4%E5%AD%90%20%E6%A4%8D%E7%89%A9%E7%95%8C%20%E8%96%94%E8%96%87%E7%9B%AE%20%E8%96%94%E8%96%87%E7%A7%91 HTTP/1.1" 200 31434
66.249.71.60 - - [20/Dec/2015:10:23:05 +0800] "GET /content/repository/resource_content.jsp?oid=2151303&queryString=%E5%A4%A7%E8%B1%86%E5%B1%AC%20%E6%A4%8D%E7%89%A9%E7%95%8C%20%E6%BE%8E%E6%B9%96%E5%A4%A7%E8%B1%86%20%E8%A0%B6%E8%B1%86%20%E9%9B%99%E5%AD%90%E8%91%89%E6%A4%8D%E7%89%A9 HTTP/1.1" 200 31491
66.249.71.121 - - [20/Dec/2015:10:23:26 +0800] "GET /content/repository/resource_content.jsp?oid=4353792&queryType=qs&queryString=%E9%AD%9A%E8%99%8E HTTP/1.1" 200 34990
157.55.39.218 - - [20/Dec/2015:10:23:59 +0800] "GET /content/repository/resource_content.jsp?oid=1103003 HTTP/1.1" 200 31163
66.249.74.102 - - [20/Dec/2015:10:24:10 +0800] "GET /content/repository/resource_content.jsp?oid=686333&queryString=%E4%BA%BA%E5%90%8D%E6%AC%8A%E5%A8%81%20%E9%83%AD%E5%AE%97%E7%86%99 HTTP/1.1" 200 29138
66.249.71.60 - - [20/Dec/2015:10:24:30 +0800] "GET /content/repository/resource_content.jsp?oid=1113867 HTTP/1.1" 200 31472
157.55.39.80 - - [20/Dec/2015:10:24:33 +0800] "GET /content/nav/relationSubject.jsp?relationWords=&oid=16777459 HTTP/1.1" 200 1405
68.180.228.24 - - [20/Dec/2015:10:24:42 +0800] "GET /digiarch_en/content/subject/resource_content.jsp?oid=16777337&queryType=qc HTTP/1.1" 200 23222
66.249.71.50 - - [20/Dec/2015:10:25:13 +0800] "GET /content/repository/resource_content.jsp?oid=3815752&queryString=%E8%8A%B1%E8%94%93%20%E8%94%93%E6%BE%A4%E8%98%AD HTTP/1.1" 200 31279
66.249.71.64 - - [20/Dec/2015:10:25:35 +0800] "GET /content/repository/resource_content.jsp?oid=1618907 HTTP/1.1" 200 28777
66.249.71.60 - - [20/Dec/2015:10:25:57 +0800] "GET /content/repository/resource_content.jsp?oid=1896769 HTTP/1.1" 200 29627
39.12.11.217 - - [20/Dec/2015:10:25:59 +0800] "GET /content/nav/relationSubject.jsp?relationWords=%E7%A9%97%E8%8A%B1%E5%B1%B1%E5%A5%88+%E9%87%8E%E8%96%91%E8%8A%B1+&oid=16777263 HTTP/1.1" 200 3284
66.249.74.59 - - [20/Dec/2015:10:26:18 +0800] "GET /content/repository/resource_content.jsp?oid=518145&queryType=qs&queryString=%E9%BB%91%E6%9D%BE HTTP/1.1" 200 31512
66.249.71.121 - - [20/Dec/2015:10:26:39 +0800] "GET /content/repository/resource_content.jsp?oid=2688625&queryType=qs&queryString=%E6%84%86%E6%9C%9F HTTP/1.1" 200 30120
223.141.174.62 - - [20/Dec/2015:10:26:47 +0800] "GET /content/nav/relationSubject.jsp?relationWords=%E9%84%AD%E6%88%90%E5%8A%9F+&oid=16777440 HTTP/1.1" 200 3538
207.46.13.23 - - [20/Dec/2015:10:26:57 +0800] "GET /content/nav/relationSubject.jsp?relationWords=%E8%A5%BF%E8%9E%BA+%E8%A5%BF%E8%9E%BA%E5%A4%A7%E6%A9%8B+&oid=16777581 HTTP/1.1" 200 4454
66.249.74.102 - - [20/Dec/2015:10:27:01 +0800] "GET /content/repository/resource_content.jsp?oid=1814000 HTTP/1.1" 200 28684
66.249.71.105 - - [20/Dec/2015:10:27:44 +0800] "GET /content/repository/resource_content.jsp?oid=2684763&queryType=qs&queryString=%E8%94%A1%E6%88%90 HTTP/1.1" 200 30114
66.249.71.72 - - [20/Dec/2015:10:28:05 +0800] "GET /content/repository/resource_content.jsp?oid=2470780 HTTP/1.1" 200 30061
1.174.201.32 - - [20/Dec/2015:10:28:11 +0800] "GET /content/repository/resource_content.jsp?oid=1097558&queryType=null&queryString=Kalanchoe HTTP/1.1" 200 31070
1.174.201.32 - - [20/Dec/2015:10:28:11 +0800] "GET /content/nav/relationSubject.jsp?relationWords=%E6%A4%8D%E7%89%A9%E7%95%8C+%E7%87%88%E7%B1%A0%E8%8D%89+%E7%87%88%E7%B1%A0%E8%8D%89%E5%B1%AC+%E8%96%94%E8%96%87%E7%9B%AE+&oid=1097558 HTTP/1.1" 200 3343
66.249.71.60 - - [20/Dec/2015:10:28:26 +0800] "GET /content/repository/resource_content.jsp?oid=1815194 HTTP/1.1" 200 29340
66.249.74.98 - - [20/Dec/2015:10:28:41 +0800] "GET /content/nav/relationSubject.jsp?relationWords=%E5%A4%AA%E9%BA%BB%E8%A3%A1+&oid=4358902 HTTP/1.1" 200 2939
66.249.74.98 - - [20/Dec/2015:10:28:45 +0800] "GET /content/nav/relationSubject.jsp?relationWords=%E5%A4%AA%E9%BA%BB%E8%A3%A1%20&oid=4358902 HTTP/1.1" 200 2939
66.249.71.60 - - [20/Dec/2015:10:28:48 +0800] "GET /content/repository/resource_content.jsp?oid=1458339 HTTP/1.1" 200 30786
66.249.71.60 - - [20/Dec/2015:10:29:09 +0800] "GET /content/repository/resource_content.jsp?oid=3821518&queryString=%E4%B8%89%E8%85%B3%E9%B1%89%20%E4%B8%89%E8%85%B3%E9%B1%89%E5%B1%AC%20%E5%81%87%E4%B8%89%E8%85%B3%E8%99%8C%20%E6%A4%8D%E7%89%A9%E7%95%8C%20%E8%8A%B8%E9%A6%99%20%E8%8A%B8%E9%A6%99%E7%A7%91 HTTP/1.1" 200 31384
66.249.71.72 - - [20/Dec/2015:10:29:22 +0800] "GET /digiarch_en/content/repository/resource_content.jsp?oid=15156&queryString=%E5%96%AE%E8%89%B2 HTTP/1.1" 200 26593
66.249.74.102 - - [20/Dec/2015:10:29:53 +0800] "GET /content/subject/resource_content.jsp?oid=16797282&queryType=qc HTTP/1.1" 200 78850
66.249.71.5 - - [20/Dec/2015:10:30:32 +0800] "GET /digiarch3/content/nav/relationSubject.jsp?relationWords=%E5%85%AB%E5%8D%A6%E5%B1%B1+%E6%B0%B4%E5%9C%9F+%E6%B0%B4%E5%9C%9F%E4%BF%9D%E6%8C%81+%E8%BE%B2%E6%9E%97+&oid=1552244 HTTP/1.1" 200 4664
66.249.71.14 - - [20/Dec/2015:10:30:34 +0800] "GET /digiarch3/content/nav/relationSubject.jsp?relationWords=%E5%85%AB%E5%8D%A6%E5%B1%B1%20%E6%B0%B4%E5%9C%9F%20%E6%B0%B4%E5%9C%9F%E4%BF%9D%E6%8C%81%20%E8%BE%B2%E6%9E%97%20&oid=1552244 HTTP/1.1" 200 4664
66.249.74.98 - - [20/Dec/2015:10:30:36 +0800] "GET /content/tmp_tec/resource_content.jsp?oid=16777728 HTTP/1.1" 200 58617
207.46.13.159 - - [20/Dec/2015:10:30:42 +0800] "GET /content/subject/resource_content.jsp?oid=16777741 HTTP/1.1" 200 53549
220.181.108.103 - - [20/Dec/2015:10:30:43 +0800] "GET /content/repository/resource_content.jsp?oid=2514091 HTTP/1.1" 200 30424
66.249.80.68 - - [20/Dec/2015:10:30:45 +0800] "GET /content/subject/resource_content.jsp?oid=16797271&queryType=qc HTTP/1.1" 200 55290
118.233.82.63 - - [20/Dec/2015:10:30:47 +0800] "GET /content/nav/relationSubject.jsp?relationWords=%E9%BE%8D%E5%B1%B1%E6%96%87%E5%8C%96+&oid=16777626 HTTP/1.1" 200 1884
66.249.74.98 - - [20/Dec/2015:10:31:19 +0800] "GET /content/repository/resource_content.jsp?oid=1834242 HTTP/1.1" 200 30326
157.55.39.218 - - [20/Dec/2015:10:31:26 +0800] "GET /content/subject/resource_content.jsp?oid=16777633&querytype=qs&querystring=????????X???????? HTTP/1.1" 200 56617
66.249.71.64 - - [20/Dec/2015:10:31:51 +0800] "GET /content/nav/relationSubject.jsp?relationWords=%E5%9B%9B%E9%BD%92%20%E6%9F%B3%E5%86%B7%E4%BB%94%20%E7%A4%AB%E4%BB%94%20%E7%B6%A0%E9%8C%A6%E9%AD%9A%20%E8%8A%B1%E9%9D%A2%20%E8%91%89%E9%AF%9B%20%E9%9A%86%E9%A0%AD%E9%AD%9A%E7%A7%91%20&oid=15820 HTTP/1.1" 200 3776
40.77.167.75 - - [20/Dec/2015:10:32:15 +0800] "GET /content/nav/relationSubject.jsp?relationWords=%E5%8F%B0%E7%81%A3%E9%8C%AB%E6%9D%96%E8%8A%B1+%E5%96%AE%E8%8A%B1%E9%8C%AB%E6%9D%96%E8%8A%B1+%E6%9D%9C%E9%B5%91+%E6%9D%9C%E9%B5%91%E8%8A%B1+%E6%A4%8D%E7%89%A9%E7%95%8C+%E9%8C%AB%E6%9D%96+%E9%8C%AB%E6%9D%96%E8%8A%B1+%E9%8C%AB%E6%9D%96%E8%8A%B1%E5%B1%AC+%E9%B9%BF%E8%B9%84%E8%8D%89+%E9%B9%BF%E8%B9%84%E8%8D%89%E7%A7%91+&oid=1103003 HTTP/1.1" 200 5538
66.249.77.97 - - [20/Dec/2015:10:32:36 +0800] "GET /content/subject/resource_content.jsp?oid=16777617&queryType=qc HTTP/1.1" 200 61005
1.174.201.32 - - [20/Dec/2015:10:33:06 +0800] "GET /content/repository/resource_content.jsp?oid=1106722&queryType=null&queryString=Kalanchoe HTTP/1.1" 200 31386
1.174.201.32 - - [20/Dec/2015:10:33:06 +0800] "GET /content/nav/relationSubject.jsp?relationWords=%E6%A4%8D%E7%89%A9%E7%95%8C+%E7%87%88%E7%B1%A0%E8%8D%89+%E7%87%88%E7%B1%A0%E8%8D%89%E5%B1%AC+%E8%96%94%E8%96%87%E7%9B%AE+&oid=1106722 HTTP/1.1" 200 3351
66.249.77.97 - - [20/Dec/2015:10:33:32 +0800] "GET /content/subject/resource_content.jsp?oid=16777466&queryType=qc HTTP/1.1" 200 28234
66.249.71.72 - - [20/Dec/2015:10:33:48 +0800] "GET /content/repository/resource_content.jsp?oid=2670708 HTTP/1.1" 200 30107
66.249.71.105 - - [20/Dec/2015:10:34:10 +0800] "GET /content/repository/resource_content.jsp?oid=2515370&queryType=qs&queryString=%E6%AD%B8%E7%B6%8F%E9%81%93 HTTP/1.1" 200 30370
66.249.71.64 - - [20/Dec/2015:10:34:24 +0800] "GET /content/repository/resource_content.jsp?oid=3812109&queryString=%E7%8E%89%E8%9C%82%E8%98%AD%20%E7%8E%89%E9%B3%B3%E8%98%AD%E5%B1%AC HTTP/1.1" 200 31122
66.249.71.14 - - [20/Dec/2015:10:34:52 +0800] "GET /digiarch3/content/subject/resource_content.jsp?oid=16777384&queryType=qs&queryString=%E8%B7%A8%E9%A0%98%E5%9F%9F HTTP/1.1" 200 35493
66.249.74.100 - - [20/Dec/2015:10:35:15 +0800] "GET /content/repository/resource_content.jsp?oid=1098326&queryString=%E5%B6%BA%E5%8D%97%E9%87%8E%E8%8F%8A%20%E6%96%91%E9%B3%A9%E8%8F%8A%E5%B1%AC%20%E6%A4%8D%E7%89%A9%E7%95%8C%20%E8%8F%8A%E7%A7%91%20%E9%9B%99%E5%AD%90%E8%91%89%E6%A4%8D%E7%89%A9 HTTP/1.1" 200 31348
66.249.71.64 - - [20/Dec/2015:10:35:18 +0800] "GET /content/nav/relationSubject.jsp?relationWords=&oid=16777600 HTTP/1.1" 200 1405
66.249.71.64 - - [20/Dec/2015:10:35:35 +0800] "GET /content/repository/resource_content.jsp?oid=1100079 HTTP/1.1" 200 30853
66.249.71.60 - - [20/Dec/2015:10:35:40 +0800] "GET /content/nav/relationSubject.jsp?relationWords=%E5%81%87%E6%9C%A8%E8%B1%86+%E5%B1%B1%E8%9E%9E%E8%9D%97+%E5%B1%B1%E8%9E%9E%E8%9D%97%E5%B1%AC+%E6%9C%A8%E5%B1%B1%E8%9E%9E%E8%9D%97%E5%B1%AC+%E6%9C%A8%E8%B1%86+%E6%A4%8D%E7%89%A9%E7%95%8C+%E8%9E%9E%E8%9D%97+%E8%A0%B6%E8%B1%86+%E9%9B%99%E5%AD%90%E8%91%89+%E9%9B%99%E5%AD%90%E8%91%89%E6%A4%8D%E7%89%A9+&oid=2144168 HTTP/1.1" 200 3674
66.249.74.98 - - [20/Dec/2015:10:35:42 +0800] "GET /content/nav/relationSubject.jsp?relationWords=%E5%81%87%E6%9C%A8%E8%B1%86%20%E5%B1%B1%E8%9E%9E%E8%9D%97%20%E5%B1%B1%E8%9E%9E%E8%9D%97%E5%B1%AC%20%E6%9C%A8%E5%B1%B1%E8%9E%9E%E8%9D%97%E5%B1%AC%20%E6%9C%A8%E8%B1%86%20%E6%A4%8D%E7%89%A9%E7%95%8C%20%E8%9E%9E%E8%9D%97%20%E8%A0%B6%E8%B1%86%20%E9%9B%99%E5%AD%90%E8%91%89%20%E9%9B%99%E5%AD%90%E8%91%89%E6%A4%8D%E7%89%A9%20&oid=2144168 HTTP/1.1" 200 3674
66.249.71.60 - - [20/Dec/2015:10:35:57 +0800] "GET /content/repository/resource_content.jsp?oid=4388425&queryString=%E4%B8%83%E4%BD%B3%20%E8%8A%8B%E9%A0%AD HTTP/1.1" 200 30659
66.249.71.60 - - [20/Dec/2015:10:36:18 +0800] "GET /content/repository/resource_content.jsp?oid=2152477&queryString=%E9%BE%8D%E7%88%AA%E8%8A%B1 HTTP/1.1" 200 31013
66.249.71.60 - - [20/Dec/2015:10:36:40 +0800] "GET /content/repository/resource_content.jsp?oid=2634282&queryString=%E6%B0%B4%E5%A3%A9 HTTP/1.1" 200 29878
66.249.71.121 - - [20/Dec/2015:10:37:01 +0800] "GET /content/repository/resource_content.jsp?oid=1547760&queryType=qs&queryString=%E5%B1%B1%E5%9C%B0%E9%84%89 HTTP/1.1" 200 29223
66.249.71.105 - - [20/Dec/2015:10:37:23 +0800] "GET /content/repository/resource_content.jsp?oid=724820&queryType=qs&queryString=%E8%A9%B3%E6%96%87 HTTP/1.1" 200 29175
66.249.71.105 - - [20/Dec/2015:10:37:44 +0800] "GET /content/repository/resource_content.jsp?oid=2660526&queryType=qs&queryString=%E6%99%AE%E6%A8%82%E9%99%A2 HTTP/1.1" 200 30288
66.249.71.60 - - [20/Dec/2015:10:38:08 +0800] "GET /content/repository/resource_content.jsp?oid=1113709&queryString=%E4%B8%81%E5%BA%A7%E8%8D%89%20%E6%A4%8D%E7%89%A9%E7%95%8C%20%E7%8E%84%E5%8F%83 HTTP/1.1" 200 31034
49.217.66.80 - - [20/Dec/2015:10:38:15 +0800] "GET /content/subject/resource_content.jsp?oid=16797271&queryType=qc HTTP/1.1" 200 55290
49.217.66.80 - - [20/Dec/2015:10:38:25 +0800] "GET /content/nav/relationSubject.jsp?relationWords=&oid=16797271 HTTP/1.1" 200 1405
66.249.71.60 - - [20/Dec/2015:10:38:27 +0800] "GET /content/repository/resource_content.jsp?oid=1521789&queryString=%E8%A5%BF%E6%B9%96%E9%84%89 HTTP/1.1" 200 29064
66.249.71.50 - - [20/Dec/2015:10:38:48 +0800] "GET /content/repository/resource_content.jsp?oid=2519728&queryType=qs&queryString=%E5%A4%A7%E7%BE%A9%E8%A6%BA%E8%BF%B7%E9%8C%84 HTTP/1.1" 200 30029
220.132.204.126 - - [20/Dec/2015:10:39:03 +0800] "GET /content/nav/relationSubject.jsp?relationWords=%E6%B8%85%E8%81%96%E7%A5%96+%E8%81%96%E7%A5%96+&oid=16777381 HTTP/1.1" 200 3969
66.249.74.61 - - [20/Dec/2015:10:39:27 +0800] "GET /content/repository/resource_content.jsp?oid=2604661&queryType=qs&queryString=%E9%97%9C%E5%B9%B3 HTTP/1.1" 200 29861
66.249.77.85 - - [20/Dec/2015:10:39:31 +0800] "GET /content/repository/resource_content.jsp?oid=3824524&queryString=%E5%85%89%E8%91%89%E8%96%94%E8%96%87%20%E6%A4%8D%E7%89%A9%E7%95%8C%20%E8%96%94%E8%96%87%E5%B1%AC%20%E8%96%94%E8%96%87%E7%9B%AE%20%E8%96%94%E8%96%87%E7%A7%91 HTTP/1.1" 200 31285
66.249.71.64 - - [20/Dec/2015:10:39:53 +0800] "GET /content/repository/resource_content.jsp?oid=1521812 HTTP/1.1" 200 28705
49.214.133.126 - - [20/Dec/2015:10:40:08 +0800] "GET /content/subject/resource_content.jsp?oid=16777344&queryString=GIS%20%E6%95%B8%E4%BD%8D%E5%85%B8%E8%97%8F%20%E9%81%99%E6%B8%AC%E5%BD%B1%E5%83%8F HTTP/1.1" 200 47873
49.214.133.126 - - [20/Dec/2015:10:40:10 +0800] "GET /content/nav/relationSubject.jsp?relationWords=GIS+GPS+&oid=16777344 HTTP/1.1" 200 2228
118.74.249.200 - - [20/Dec/2015:10:40:46 +0800] "GET /content/subject/resource_content.jsp?oid=16777275&queryType=qc HTTP/1.1" 200 34218
66.249.71.5 - - [20/Dec/2015:10:40:57 +0800] "GET /digiarch3/content/repository/resource_content.jsp?oid=4411267&queryType=qs&queryString=%E7%B4%A1%E8%BC%AA HTTP/1.1" 200 29003
66.249.71.72 - - [20/Dec/2015:10:41:19 +0800] "GET /content/repository/resource_content.jsp?oid=758574 HTTP/1.1" 200 28863
66.249.71.64 - - [20/Dec/2015:10:41:40 +0800] "GET /digiarch_en/content/repository/resource_content.jsp?oid=1546126&queryString=%E6%95%88%E6%9E%9C%E6%A1%88 HTTP/1.1" 200 23175
220.132.204.126 - - [20/Dec/2015:10:42:20 +0800] "GET /content/subject/resource_content.jsp?oid=16777449&queryString=%E6%B8%85%E8%81%96%E7%A5%96%20%E8%81%96%E7%A5%96 HTTP/1.1" 200 28853
220.132.204.126 - - [20/Dec/2015:10:42:21 +0800] "GET /content/nav/relationSubject.jsp?relationWords=%E6%B8%85%E8%81%96%E7%A5%96+%E8%81%96%E7%A5%96+%E8%A9%94%E6%9B%B8+&oid=16777449 HTTP/1.1" 200 3638
66.249.71.60 - - [20/Dec/2015:10:42:23 +0800] "GET /content/repository/resource_content.jsp?oid=1574751&queryString=%E8%A8%BA%E6%89%80%20%E9%96%80%E7%AC%AC HTTP/1.1" 200 29485
66.249.71.72 - - [20/Dec/2015:10:42:44 +0800] "GET /content/repository/resource_content.jsp?oid=2470482 HTTP/1.1" 200 30558
66.249.74.102 - - [20/Dec/2015:10:43:27 +0800] "GET /digiarch_en/content/nav/relationSubject.jsp?relationWords=%E5%85%AC%E5%85%B1%E9%97%9C%E4%BF%82+%E5%8F%A3%E8%99%9F+%E5%AF%92%E9%9D%92+%E5%B7%A5%E7%A8%8B%E8%B2%BB+%E5%B9%B3%E8%B7%AF+%E5%BB%BA%E8%A8%AD%E5%BB%B3+%E5%BE%AE%E7%94%9F%E7%89%A9+%E6%9B%BE%E6%96%87%E6%B0%B4%E5%BA%AB+%E6%9E%97%E6%98%8E%E5%BE%B7+%E6%B0%B4%E8%B3%AA+%E7%B6%A0%E5%9C%B0+%E8%87%AA%E4%BE%86%E6%B0%B4+%E8%87%BA%E5%8D%97%E5%B8%82+%E8%91%89%E5%AF%92%E9%9D%92+%E8%B2%B8%E6%AC%BE+%E8%B3%AA%E8%A9%A2+%E8%B6%99%E6%A3%AE%E6%B5%B7+%E9%83%BD%E5%B8%82%E5%8C%96+%E9%98%B2%E6%B3%A2%E5%A0%A4+%E9%98%B2%E6%B4%AA+%E9%AB%98%E8%82%B2%E4%BB%81+&oid=1590083 HTTP/1.1" 200 4823
