182.118.22.218 - - [15/Jan/2016:00:00:15 +0800] "GET /content/subject/resource_content.jsp?oid=16777840&queryType=qc HTTP/1.1" 200 40638
66.249.71.60 - - [15/Jan/2016:00:00:21 +0800] "GET /content/repository/resource_content.jsp?oid=2143787&queryString=%E5%8F%B0%E7%81%A3%E9%BB%83%E5%94%87%E8%98%AD%20%E9%BB%83%E5%94%87%E8%98%AD%E5%B1%AC HTTP/1.1" 200 30084
66.249.71.60 - - [15/Jan/2016:00:00:33 +0800] "GET /content/nav/relationSubject.jsp?relationWords=%E6%A0%B2%E5%B1%AC+%E6%A4%8D%E7%89%A9%E7%95%8C+%E6%AE%BC%E6%96%97%E7%A7%91+%E7%81%AB%E7%87%92%E6%9F%AF+%E9%89%A4%E6%A0%97+&oid=2150604 HTTP/1.1" 200 3376
68.180.228.24 - - [15/Jan/2016:00:00:56 +0800] "GET /content/subject/resource_content.jsp?oid=16797282&queryType=qc HTTP/1.1" 200 78895
66.249.71.60 - - [15/Jan/2016:00:01:00 +0800] "GET /content/repository/resource_content.jsp?oid=15505&queryString=%E6%9C%88%E6%96%91%E8%9D%B4%E8%9D%B6%E9%AD%9A HTTP/1.1" 200 35474
66.249.71.72 - - [15/Jan/2016:00:01:22 +0800] "GET /content/nav/relationSubject.jsp?relationWords=%E4%BF%9D%E9%9A%AA+%E8%87%BA%E7%81%A3%E7%9C%81+%E8%87%BA%E7%81%A3%E7%9C%81%E6%94%BF%E5%BA%9C+&oid=1896426 HTTP/1.1" 200 4458
66.249.71.60 - - [15/Jan/2016:00:01:24 +0800] "GET /content/nav/relationSubject.jsp?relationWords=%E4%BF%9D%E9%9A%AA%20%E8%87%BA%E7%81%A3%E7%9C%81%20%E8%87%BA%E7%81%A3%E7%9C%81%E6%94%BF%E5%BA%9C%20&oid=1896426 HTTP/1.1" 200 4458
66.249.74.98 - - [15/Jan/2016:00:01:33 +0800] "GET /content/nav/relationSubject.jsp?relationWords=%E7%B4%85%E5%B0%BE%E8%9D%B4%E8%9D%B6%E9%AD%9A+&oid=33554821 HTTP/1.1" 200 3167
66.249.71.60 - - [15/Jan/2016:00:01:35 +0800] "GET /content/nav/relationSubject.jsp?relationWords=%E7%B4%85%E5%B0%BE%E8%9D%B4%E8%9D%B6%E9%AD%9A%20&oid=33554821 HTTP/1.1" 200 3167
66.249.71.60 - - [15/Jan/2016:00:02:02 +0800] "GET /content/nav/relationSubject.jsp?relationWords=%E5%85%AC%E5%8B%99%E4%BA%BA%E5%93%A1+%E5%85%B8%E8%A9%A6+%E5%87%8C%E7%B4%94%E8%81%B2+%E9%AB%98%E7%AD%89%E8%80%83%E8%A9%A6+&oid=4364577 HTTP/1.1" 200 3254
66.249.77.91 - - [15/Jan/2016:00:02:07 +0800] "GET /content/repository/resource_content.jsp?oid=2673060&queryType=qs&queryString=%E5%A3%AC%E7%99%B8 HTTP/1.1" 200 29961
207.46.13.2 - - [15/Jan/2016:00:02:07 +0800] "GET /content/subject/resource_content.jsp?oid=16777599&queryType=qc HTTP/1.1" 200 36977
49.215.17.237 - - [15/Jan/2016:00:02:12 +0800] "GET /content/nav/relationSubject.jsp?relationWords=%E8%96%9C%E8%8D%94+&oid=16777485 HTTP/1.1" 200 3561
66.249.71.60 - - [15/Jan/2016:00:02:15 +0800] "GET /content/nav/relationSubject.jsp?relationWords=%E5%99%B6%E7%91%AA%E8%98%AD%E6%97%8F+%E7%9B%9B%E5%85%B7+&oid=1782859 HTTP/1.1" 200 3034
66.249.71.60 - - [15/Jan/2016:00:02:22 +0800] "GET /content/nav/relationSubject.jsp?relationWords=&oid=2522488 HTTP/1.1" 200 1405
66.249.74.72 - - [15/Jan/2016:00:02:34 +0800] "GET /digiarch3/content/nav/relationSubject.jsp?relationWords=%E5%AE%89%E6%9C%94%E6%9D%91+%E8%AA%BF%E6%9F%A5%E7%A0%94%E7%A9%B6+%E9%81%94%E4%BB%81+%E9%81%94%E4%BB%81%E9%84%89+%E9%87%8E%E7%94%9F%E5%8B%95%E7%89%A9+&oid=1776059 HTTP/1.1" 200 4064
66.249.71.5 - - [15/Jan/2016:00:02:37 +0800] "GET /digiarch3/content/nav/relationSubject.jsp?relationWords=%E5%AE%89%E6%9C%94%E6%9D%91%20%E8%AA%BF%E6%9F%A5%E7%A0%94%E7%A9%B6%20%E9%81%94%E4%BB%81%20%E9%81%94%E4%BB%81%E9%84%89%20%E9%87%8E%E7%94%9F%E5%8B%95%E7%89%A9%20&oid=1776059 HTTP/1.1" 200 4064
207.46.13.2 - - [15/Jan/2016:00:03:07 +0800] "GET /content/subject/resource_content.jsp?oid=16797234&queryType=qc HTTP/1.1" 200 46558
66.249.77.97 - - [15/Jan/2016:00:03:13 +0800] "GET /content/subject/resource_content.jsp?oid=16797243&queryType=qc HTTP/1.1" 200 56014
66.249.71.155 - - [15/Jan/2016:00:03:21 +0800] "GET /content/nav/relationSubject.jsp?relationWords=%E6%AE%B7%E5%A2%9F+%E7%94%B2%E9%AA%A8+%E9%83%B5%E7%A5%A8+%E9%9D%92%E9%8A%85%E5%99%A8+&oid=16777832 HTTP/1.1" 200 4544
66.249.71.155 - - [15/Jan/2016:00:03:23 +0800] "GET /content/nav/relationSubject.jsp?relationWords=%E6%AE%B7%E5%A2%9F%20%E7%94%B2%E9%AA%A8%20%E9%83%B5%E7%A5%A8%20%E9%9D%92%E9%8A%85%E5%99%A8%20&oid=16777832 HTTP/1.1" 200 4544
66.249.71.72 - - [15/Jan/2016:00:03:33 +0800] "GET /content/nav/relationSubject.jsp?relationWords=%E5%8F%AB%E5%A7%91%E9%AD%9A+%E7%9F%B3%E9%A6%96%E9%AD%9A%E7%A7%91+%E9%88%8D%E9%A0%AD%E5%8F%AB%E5%A7%91%E9%AD%9A+&oid=15447 HTTP/1.1" 200 3437
66.249.71.60 - - [15/Jan/2016:00:03:41 +0800] "GET /content/nav/relationSubject.jsp?relationWords=%E5%8F%AB%E5%A7%91%E9%AD%9A%20%E7%9F%B3%E9%A6%96%E9%AD%9A%E7%A7%91%20%E9%88%8D%E9%A0%AD%E5%8F%AB%E5%A7%91%E9%AD%9A%20&oid=15447 HTTP/1.1" 200 3437
66.249.71.64 - - [15/Jan/2016:00:03:46 +0800] "GET /content/subject/resource_content.jsp?oid=16777484&queryType=qs&queryString=%E6%B3%95%E5%99%A8 HTTP/1.1" 200 72356
66.249.71.173 - - [15/Jan/2016:00:04:20 +0800] "GET /content/nav/relationSubject.jsp?relationWords=%E7%9C%BC%E6%96%91%E6%B5%B7%E8%91%B5%E9%AD%9A+&oid=33554733 HTTP/1.1" 200 3185
66.249.71.155 - - [15/Jan/2016:00:04:25 +0800] "GET /content/nav/relationSubject.jsp?relationWords=%E7%9C%BC%E6%96%91%E6%B5%B7%E8%91%B5%E9%AD%9A%20&oid=33554733 HTTP/1.1" 200 3185
66.249.71.113 - - [15/Jan/2016:00:04:26 +0800] "GET /content/nav/relationSubject.jsp?relationWords=%E4%B8%8B%E6%B0%B4%E9%81%93+%E4%B8%AD%E5%B0%8F%E4%BC%81%E6%A5%AD+%E4%BF%9D%E5%B9%B3+%E5%81%9C%E8%BB%8A%E5%A0%B4+%E5%85%AC%E5%8B%99%E4%BA%BA%E5%93%A1+%E5%88%A9%E7%8E%87+%E5%8B%9E%E4%BF%9D+%E5%8D%B0%E8%8A%B1%E7%A8%85+%E5%98%89%E7%BE%A9%E5%B8%82+%E5%9C%8B%E7%AB%8B%E4%B8%AD%E6%AD%A3%E5%A4%A7%E5%AD%B8+%E5%9C%B0%E4%B8%8B%E5%AE%A4+%E5%9C%B0%E6%94%BF%E4%BA%8B%E5%8B%99%E6%89%80+%E5%A4%AE%E8%A1%8C+%E5%AE%89%E5%B9%B3%E6%B8%AF+%E6%96%87%E5%8C%96%E4%B8%AD%E5%BF%83+%E6%96%B0%E5%88%A9+%E6%9D%8E%E9%9B%85%E6%99%AF+%E6%AA%A2%E7%96%AB+%E6%B0%B4%E5%85%AC%E5%8F%B8+%E7%8D%8E%E5%8B%B5%E9%87%91+%E7%9C%81%E6%94%BF%E5%BA%9C+%E8%87%AA%E4%BE%86%E6%B0%B4+%E8%87%BA%E5%8D%97%E5%B8%82+%E8%87%BA%E7%81%A3%E8%A3%BD%E9%B9%BD%E7%B8%BD%E5%BB%A0+%E8%B2%B8%E6%AC%BE+%E8%B2%BB%E7%8E%87+%E8%B3%AA%E8%A9%A2+%E8%BE%B2%E4%BF%9D+%E9%97%9C%E4%B8%AD+%E9%AB%94%E8%82%B2+%E9%BB%83%E6%B0%B8%E6%AC%BD+&oid=1608872 HTTP/1.1" 200 8671
66.249.74.59 - - [15/Jan/2016:00:04:28 +0800] "GET /content/nav/relationSubject.jsp?relationWords=%E4%B8%8B%E6%B0%B4%E9%81%93%20%E4%B8%AD%E5%B0%8F%E4%BC%81%E6%A5%AD%20%E4%BF%9D%E5%B9%B3%20%E5%81%9C%E8%BB%8A%E5%A0%B4%20%E5%85%AC%E5%8B%99%E4%BA%BA%E5%93%A1%20%E5%88%A9%E7%8E%87%20%E5%8B%9E%E4%BF%9D%20%E5%8D%B0%E8%8A%B1%E7%A8%85%20%E5%98%89%E7%BE%A9%E5%B8%82%20%E5%9C%8B%E7%AB%8B%E4%B8%AD%E6%AD%A3%E5%A4%A7%E5%AD%B8%20%E5%9C%B0%E4%B8%8B%E5%AE%A4%20%E5%9C%B0%E6%94%BF%E4%BA%8B%E5%8B%99%E6%89%80%20%E5%A4%AE%E8%A1%8C%20%E5%AE%89%E5%B9%B3%E6%B8%AF%20%E6%96%87%E5%8C%96%E4%B8%AD%E5%BF%83%20%E6%96%B0%E5%88%A9%20%E6%9D%8E%E9%9B%85%E6%99%AF%20%E6%AA%A2%E7%96%AB%20%E6%B0%B4%E5%85%AC%E5%8F%B8%20%E7%8D%8E%E5%8B%B5%E9%87%91%20%E7%9C%81%E6%94%BF%E5%BA%9C%20%E8%87%AA%E4%BE%86%E6%B0%B4%20%E8%87%BA%E5%8D%97%E5%B8%82%20%E8%87%BA%E7%81%A3%E8%A3%BD%E9%B9%BD%E7%B8%BD%E5%BB%A0%20%E8%B2%B8%E6%AC%BE%20%E8%B2%BB%E7%8E%87%20%E8%B3%AA%E8%A9%A2%20%E8%BE%B2%E4%BF%9D%20%E9%97%9C%E4%B8%AD%20%E9%AB%94%E8%82%B2%20%E9%BB%83%E6%B0%B8%E6%AC%BD%20&oid=1608872 HTTP/1.1" 200 8671
66.249.71.113 - - [15/Jan/2016:00:04:52 +0800] "GET /content/repository/resource_content.jsp?oid=2647198&queryType=qs&queryString=%E5%8A%89%E6%AC%8A%E4%B9%8B HTTP/1.1" 200 30008
61.135.189.96 - - [15/Jan/2016:00:04:56 +0800] "GET /digiarch/content/repository/resource_content.jsp?oid=4589226 HTTP/1.1" 404 14873
61.135.189.96 - - [15/Jan/2016:00:05:08 +0800] "GET /digiarch/content/repository/resource_content.jsp?oid=1813091 HTTP/1.1" 404 14873
61.135.189.96 - - [15/Jan/2016:00:05:22 +0800] "GET /digiarch/content/repository/resource_content.jsp?oid=1863559 HTTP/1.1" 404 14873
66.249.77.85 - - [15/Jan/2016:00:05:29 +0800] "GET /content/repository/resource_content.jsp?oid=2688187&queryType=qs&queryString=%E5%83%89%E5%B7%AE HTTP/1.1" 200 30726
61.135.189.96 - - [15/Jan/2016:00:05:34 +0800] "GET /digiarch/content/repository/resource_content.jsp?oid=2570188 HTTP/1.1" 404 14873
66.249.71.121 - - [15/Jan/2016:00:05:44 +0800] "GET /content/nav/relationSubject.jsp?relationWords=%E4%BF%B8%E4%BA%8B+%E6%AD%A6%E5%93%A1+%E7%BD%B0%E4%BF%B8+&oid=2517449 HTTP/1.1" 200 4923
61.135.189.96 - - [15/Jan/2016:00:05:46 +0800] "GET /digiarch/content/repository/resource_content.jsp?oid=290020 HTTP/1.1" 404 14873
66.249.71.105 - - [15/Jan/2016:00:05:46 +0800] "GET /content/nav/relationSubject.jsp?relationWords=%E4%BF%B8%E4%BA%8B%20%E6%AD%A6%E5%93%A1%20%E7%BD%B0%E4%BF%B8%20&oid=2517449 HTTP/1.1" 200 4923
66.249.74.100 - - [15/Jan/2016:00:06:00 +0800] "GET /content/subject/resource_content.jsp?oid=16777614&queryString=%E4%BF%9D%E5%AE%89%E5%8F%B8%20%E5%8F%B8%E4%BB%A4%E9%83%A8%20%E6%9F%A5%E6%9F%90%20%E8%87%BA%E5%8C%97%E5%B8%82%20%E8%87%BA%E7%81%A3%E7%9C%81%E5%8F%83%E8%AD%B0%E6%9C%83 HTTP/1.1" 200 49191
61.135.189.96 - - [15/Jan/2016:00:06:00 +0800] "GET /digiarch/content/repository/resource_content.jsp?oid=2650100 HTTP/1.1" 404 14873
66.249.71.64 - - [15/Jan/2016:00:06:06 +0800] "GET /digiarch_en/content/nav/relationSubject.jsp?relationWords=%E7%83%8F%E8%80%B3%E9%B0%BB+%E8%8A%B1%E9%B0%BB+%E8%8A%B1%E9%B0%BB%E9%B1%BA+%E9%B0%BB%E9%B1%BA%E7%A7%91+%E9%B1%B8%E9%B0%BB+&oid=14226 HTTP/1.1" 200 3439
66.249.71.60 - - [15/Jan/2016:00:06:08 +0800] "GET /digiarch_en/content/nav/relationSubject.jsp?relationWords=%E7%83%8F%E8%80%B3%E9%B0%BB%20%E8%8A%B1%E9%B0%BB%20%E8%8A%B1%E9%B0%BB%E9%B1%BA%20%E9%B0%BB%E9%B1%BA%E7%A7%91%20%E9%B1%B8%E9%B0%BB%20&oid=14226 HTTP/1.1" 200 3439
61.135.189.96 - - [15/Jan/2016:00:06:13 +0800] "GET /digiarch/content/repository/resource_content.jsp?oid=4466041 HTTP/1.1" 404 14873
61.135.189.96 - - [15/Jan/2016:00:06:26 +0800] "GET /digiarch/content/repository/resource_content.jsp?oid=2527285 HTTP/1.1" 404 14873
61.135.189.96 - - [15/Jan/2016:00:06:38 +0800] "GET /digiarch/content/repository/resource_content.jsp?oid=2529478 HTTP/1.1" 404 14873
68.180.228.24 - - [15/Jan/2016:00:06:50 +0800] "GET /digiarch_en/content/subject/resource_content.jsp?oid=16777360&queryType=qc HTTP/1.1" 200 42765
66.249.71.60 - - [15/Jan/2016:00:06:50 +0800] "GET /content/nav/relationSubject.jsp?relationWords=%E6%A4%8D%E7%89%A9%E7%95%8C+%E7%88%B5%E5%BA%8A%E7%A7%91+%E7%8E%84%E5%8F%83+%E8%B3%BD%E5%B1%B1%E8%97%8D+%E8%B3%BD%E5%B1%B1%E8%97%8D%E5%B1%AC+&oid=1099719 HTTP/1.1" 200 3458
61.135.189.96 - - [15/Jan/2016:00:06:51 +0800] "GET /digiarch/content/repository/resource_content.jsp?oid=742130 HTTP/1.1" 404 14873
66.249.71.60 - - [15/Jan/2016:00:06:52 +0800] "GET /content/nav/relationSubject.jsp?relationWords=%E6%A4%8D%E7%89%A9%E7%95%8C%20%E7%88%B5%E5%BA%8A%E7%A7%91%20%E7%8E%84%E5%8F%83%20%E8%B3%BD%E5%B1%B1%E8%97%8D%20%E8%B3%BD%E5%B1%B1%E8%97%8D%E5%B1%AC%20&oid=1099719 HTTP/1.1" 200 3458
61.135.189.96 - - [15/Jan/2016:00:07:03 +0800] "GET /digiarch/content/repository/resource_content.jsp?oid=2616420 HTTP/1.1" 404 14873
61.135.189.96 - - [15/Jan/2016:00:07:15 +0800] "GET /digiarch/content/repository/resource_content.jsp?oid=1826423 HTTP/1.1" 404 14873
61.135.189.96 - - [15/Jan/2016:00:07:30 +0800] "GET /digiarch/content/repository/resource_content.jsp?oid=2539686 HTTP/1.1" 404 14873
66.249.71.60 - - [15/Jan/2016:00:07:38 +0800] "GET /content/repository/resource_content.jsp?oid=1586111&queryString=%E5%9C%8B%E5%9C%96%20%E7%A4%BE%E6%9C%83%E7%A7%91%E5%AD%B8%20%E7%A6%AE%E4%BF%97%20%E8%95%83%E4%BA%BA%20%E8%95%83%E5%9C%B0 HTTP/1.1" 200 28822
61.135.189.96 - - [15/Jan/2016:00:07:43 +0800] "GET /digiarch/content/repository/resource_content.jsp?oid=4411448 HTTP/1.1" 404 14873
61.135.189.96 - - [15/Jan/2016:00:07:55 +0800] "GET /digiarch/content/repository/resource_content.jsp?oid=3354164 HTTP/1.1" 404 14873
114.41.53.33 - - [15/Jan/2016:00:08:02 +0800] "GET /content/repository/resource_content.jsp?oid=1098276&queryString=%E6%96%91%E9%B3%A9%E8%8F%8A%20%E6%96%91%E9%B3%A9%E8%8F%8A%E5%B1%AC%20%E6%A4%8D%E7%89%A9%E7%95%8C%20%E8%8F%8A%E7%A7%91%20%E9%9B%99%E5%AD%90%E8%91%89%E6%A4%8D%E7%89%A9 HTTP/1.1" 200 31329
114.41.53.33 - - [15/Jan/2016:00:08:04 +0800] "GET /content/nav/relationSubject.jsp?relationWords=%E5%B0%8F%E8%8A%B1%E6%96%91%E9%B3%A9%E8%8F%8A+%E6%96%91%E9%B3%A9%E8%8F%8A%E5%B1%AC+%E6%A4%8D%E7%89%A9%E7%95%8C+%E8%8F%8A%E7%A7%91+%E9%9B%99%E5%AD%90%E8%91%89%E6%A4%8D%E7%89%A9+&oid=1098276 HTTP/1.1" 200 3494
66.249.71.121 - - [15/Jan/2016:00:08:04 +0800] "GET /content/repository/resource_content.jsp?oid=2534388&queryType=qs&queryString=%E5%AD%A4%E8%B2%A7%E9%8A%80%E7%B1%B3 HTTP/1.1" 200 30270
82.238.74.96 - - [15/Jan/2016:00:08:06 +0800] "GET /content/repository/resource_content.jsp?oid=1834313&queryString=%E6%B8%85%E4%BF%A1%E5%A5%B3%20%E7%8E%8B%E5%A9%86%20%E8%A7%80%E9%9F%B3%E5%83%8F HTTP/1.1" 200 29242
61.135.189.96 - - [15/Jan/2016:00:08:07 +0800] "GET /digiarch/content/repository/resource_content.jsp?oid=290323 HTTP/1.1" 404 14873
82.238.74.96 - - [15/Jan/2016:00:08:08 +0800] "GET /content/nav/relationSubject.jsp?relationWords=%E4%BD%9B%E5%BC%9F%E5%AD%90+%E6%B8%85%E4%BF%A1%E5%A5%B3+%E7%84%A1%E9%87%8F%E5%A3%BD%E5%83%8F+%E9%80%A0%E5%83%8F%E8%A8%98+&oid=1834313 HTTP/1.1" 200 4163
66.249.71.64 - - [15/Jan/2016:00:08:10 +0800] "GET /content/nav/relationSubject.jsp?relationWords=&oid=2576105 HTTP/1.1" 200 1405
66.249.71.72 - - [15/Jan/2016:00:08:11 +0800] "GET /content/repository/resource_content.jsp?oid=1812131 HTTP/1.1" 200 28758
114.41.53.33 - - [15/Jan/2016:00:08:15 +0800] "GET /content/repository/resource_content.jsp?oid=1106262&queryString=%E5%B0%8F%E8%8A%B1%E6%96%91%E9%B3%A9%E8%8F%8A%20%E6%96%91%E9%B3%A9%E8%8F%8A%E5%B1%AC%20%E6%A4%8D%E7%89%A9%E7%95%8C%20%E8%8F%8A%E7%A7%91%20%E9%9B%99%E5%AD%90%E8%91%89%E6%A4%8D%E7%89%A9 HTTP/1.1" 200 31689
114.41.53.33 - - [15/Jan/2016:00:08:15 +0800] "GET /content/nav/relationSubject.jsp?relationWords=%E5%B0%8F%E8%8A%B1%E6%96%91%E9%B3%A9%E8%8F%8A+%E6%96%91%E9%B3%A9%E8%8F%8A%E5%B1%AC+%E6%A4%8D%E7%89%A9%E7%95%8C+%E8%8F%8A%E7%A7%91+%E9%9B%99%E5%AD%90%E8%91%89%E6%A4%8D%E7%89%A9+&oid=1106262 HTTP/1.1" 200 3526
61.135.189.96 - - [15/Jan/2016:00:08:20 +0800] "GET /digiarch/content/repository/resource_content.jsp?oid=687005 HTTP/1.1" 404 14873
66.249.71.60 - - [15/Jan/2016:00:08:22 +0800] "GET /digiarch_en/content/nav/relationSubject.jsp?relationWords=%E8%A0%94%E9%AD%9A+%E9%9D%92%E8%A1%A3+%E9%9D%92%E9%AF%A8%E9%B8%9A%E5%98%B4%E9%AD%9A+%E9%9D%92%E9%B8%9A%E5%93%A5%E9%AD%9A+%E9%B8%9A%E5%93%A5%E9%AD%9A+&oid=4353392 HTTP/1.1" 200 3573
61.135.189.96 - - [15/Jan/2016:00:08:33 +0800] "GET /digiarch/content/repository/resource_content.jsp?oid=2560507 HTTP/1.1" 404 14873
66.249.71.105 - - [15/Jan/2016:00:08:44 +0800] "GET /content/repository/resource_content.jsp?oid=2668502&queryType=qs&queryString=%E5%95%86%E9%82%B1 HTTP/1.1" 200 30191
61.135.189.96 - - [15/Jan/2016:00:08:49 +0800] "GET /digiarch/content/repository/resource_content.jsp?oid=708895 HTTP/1.1" 404 14873
114.41.53.33 - - [15/Jan/2016:00:08:50 +0800] "GET /content/repository/resource_content.jsp?oid=1100042&queryString=%E5%B0%8F%E8%8A%B1%E6%96%91%E9%B3%A9%E8%8F%8A%20%E6%96%91%E9%B3%A9%E8%8F%8A%E5%B1%AC%20%E6%A4%8D%E7%89%A9%E7%95%8C%20%E8%8F%8A%E7%A7%91%20%E9%9B%99%E5%AD%90%E8%91%89%E6%A4%8D%E7%89%A9 HTTP/1.1" 200 31314
114.41.53.33 - - [15/Jan/2016:00:08:50 +0800] "GET /content/nav/relationSubject.jsp?relationWords=%E5%B0%8F%E8%8A%B1%E6%96%91%E9%B3%A9%E8%8F%8A+%E6%96%91%E9%B3%A9%E8%8F%8A%E5%B1%AC+%E6%A4%8D%E7%89%A9%E7%95%8C+%E8%8F%8A%E7%A7%91+%E9%9B%99%E5%AD%90%E8%91%89%E6%A4%8D%E7%89%A9+&oid=1100042 HTTP/1.1" 200 3526
61.135.189.96 - - [15/Jan/2016:00:09:03 +0800] "GET /digiarch/content/repository/resource_content.jsp?oid=2470381 HTTP/1.1" 404 14873
61.135.189.96 - - [15/Jan/2016:00:09:15 +0800] "GET /digiarch/content/repository/resource_content.jsp?oid=2580433 HTTP/1.1" 404 14873
66.249.71.60 - - [15/Jan/2016:00:09:17 +0800] "GET /content/repository/resource_content.jsp?oid=1852519&queryString=%E7%90%B4%E6%92%A5%20%E7%90%B4%E6%92%A5%E5%AD%90 HTTP/1.1" 200 30350
61.135.189.96 - - [15/Jan/2016:00:09:27 +0800] "GET /digiarch/content/repository/resource_content.jsp?oid=2152017 HTTP/1.1" 404 14873
61.135.189.96 - - [15/Jan/2016:00:09:40 +0800] "GET /digiarch/content/repository/resource_content.jsp?oid=4203683 HTTP/1.1" 404 14873
66.249.71.64 - - [15/Jan/2016:00:09:44 +0800] "GET /content/nav/relationSubject.jsp?relationWords=%E9%87%91%E5%BE%B7+%E9%99%B3%E5%BB%BA%E5%B9%B4+%E9%99%B3%E6%98%8E%E6%96%87+%E9%99%B3%E9%87%91+&oid=1892997 HTTP/1.1" 200 3791
66.249.71.60 - - [15/Jan/2016:00:09:47 +0800] "GET /content/nav/relationSubject.jsp?relationWords=%E9%87%91%E5%BE%B7%20%E9%99%B3%E5%BB%BA%E5%B9%B4%20%E9%99%B3%E6%98%8E%E6%96%87%20%E9%99%B3%E9%87%91%20&oid=1892997 HTTP/1.1" 200 3791
66.249.71.60 - - [15/Jan/2016:00:09:51 +0800] "GET /content/repository/resource_content.jsp?oid=1123825 HTTP/1.1" 200 29817
157.55.39.48 - - [15/Jan/2016:00:09:51 +0800] "GET /content/subject/resource_content.jsp?oid=16777488&queryType=qc HTTP/1.1" 200 60884
61.135.189.96 - - [15/Jan/2016:00:09:53 +0800] "GET /digiarch/content/repository/resource_content.jsp?oid=2608646 HTTP/1.1" 404 14873
61.135.189.96 - - [15/Jan/2016:00:10:06 +0800] "GET /digiarch/content/repository/resource_content.jsp?oid=714319 HTTP/1.1" 404 14873
66.249.71.72 - - [15/Jan/2016:00:10:12 +0800] "GET /content/nav/relationSubject.jsp?relationWords=%E5%87%BA%E5%BC%B5%E6%89%80+%E6%9D%9C%E9%A6%99%E5%9C%8B+%E6%A8%BA%E5%A4%AA+%E6%B1%BD%E8%88%B9+&oid=1887606 HTTP/1.1" 200 3227
66.249.71.60 - - [15/Jan/2016:00:10:15 +0800] "GET /content/nav/relationSubject.jsp?relationWords=%E5%87%BA%E5%BC%B5%E6%89%80%20%E6%9D%9C%E9%A6%99%E5%9C%8B%20%E6%A8%BA%E5%A4%AA%20%E6%B1%BD%E8%88%B9%20&oid=1887606 HTTP/1.1" 200 3227
61.135.189.96 - - [15/Jan/2016:00:10:19 +0800] "GET /digiarch/content/repository/resource_content.jsp?oid=2590402 HTTP/1.1" 404 14873
61.135.189.96 - - [15/Jan/2016:00:10:32 +0800] "GET /digiarch/content/repository/resource_content.jsp?oid=2543475 HTTP/1.1" 404 14873
61.135.189.96 - - [15/Jan/2016:00:10:48 +0800] "GET /digiarch/content/repository/resource_content.jsp?oid=2531781 HTTP/1.1" 404 14873
66.249.71.60 - - [15/Jan/2016:00:10:50 +0800] "GET /content/nav/relationSubject.jsp?relationWords=%E5%A5%A7%E6%B0%8F%E8%99%8E%E7%9A%AE%E6%A5%A0+%E6%A4%8D%E7%89%A9%E7%95%8C+%E8%99%8E%E7%9A%AE%E6%A5%A0+%E8%99%8E%E7%9A%AE%E6%A5%A0%E5%B1%AC+&oid=1103132 HTTP/1.1" 200 3586
66.249.71.60 - - [15/Jan/2016:00:10:52 +0800] "GET /content/nav/relationSubject.jsp?relationWords=%E5%A5%A7%E6%B0%8F%E8%99%8E%E7%9A%AE%E6%A5%A0%20%E6%A4%8D%E7%89%A9%E7%95%8C%20%E8%99%8E%E7%9A%AE%E6%A5%A0%20%E8%99%8E%E7%9A%AE%E6%A5%A0%E5%B1%AC%20&oid=1103132 HTTP/1.1" 200 3586
66.249.74.100 - - [15/Jan/2016:00:10:57 +0800] "GET /content/repository/resource_content.jsp?oid=2150289 HTTP/1.1" 200 30890
61.135.189.96 - - [15/Jan/2016:00:11:00 +0800] "GET /digiarch/content/repository/resource_content.jsp?oid=2543733 HTTP/1.1" 404 14873
64.233.173.108 - - [15/Jan/2016:00:11:06 +0800] "GET /content/nav/relationSubject.jsp?relationWords=%E9%98%BF%E5%8B%83%E5%8B%92+&oid=16777368 HTTP/1.1" 200 2917
61.135.189.96 - - [15/Jan/2016:00:11:14 +0800] "GET /digiarch/content/repository/resource_content.jsp?oid=3822821 HTTP/1.1" 404 14873
101.226.166.215 - - [15/Jan/2016:00:11:15 +0800] "GET /content/tmp_tec/resource_content.jsp?oid=16777753 HTTP/1.1" 200 33884
61.135.189.96 - - [15/Jan/2016:00:11:28 +0800] "GET /digiarch/content/repository/resource_content.jsp?oid=1871381 HTTP/1.1" 404 14873
61.135.189.96 - - [15/Jan/2016:00:11:42 +0800] "GET /digiarch/content/repository/resource_content.jsp?oid=2531138 HTTP/1.1" 404 14873
61.135.189.96 - - [15/Jan/2016:00:11:57 +0800] "GET /digiarch/content/repository/resource_content.jsp?oid=2606374 HTTP/1.1" 404 14873
66.249.71.72 - - [15/Jan/2016:00:12:05 +0800] "GET /content/repository/resource_content.jsp?oid=1110016 HTTP/1.1" 200 29829
61.135.189.96 - - [15/Jan/2016:00:12:12 +0800] "GET /digiarch/content/repository/resource_content.jsp?oid=704727 HTTP/1.1" 404 14873
66.249.71.64 - - [15/Jan/2016:00:12:21 +0800] "GET /content/nav/relationSubject.jsp?relationWords=%E6%B5%B7%E8%98%AD+%E7%94%98%E4%BB%94%E9%AD%9A+%E8%98%AD%E5%BE%B7+&oid=15227 HTTP/1.1" 200 3376
157.55.39.71 - - [15/Jan/2016:00:12:23 +0800] "GET /content/subject/resource_content.jsp?oid=16777568&queryType=qc HTTP/1.1" 200 34862
61.135.189.96 - - [15/Jan/2016:00:12:28 +0800] "GET /digiarch/content/repository/resource_content.jsp?oid=2524029 HTTP/1.1" 404 14873
66.249.71.60 - - [15/Jan/2016:00:12:36 +0800] "GET /content/repository/resource_content.jsp?oid=1552681 HTTP/1.1" 200 28800
66.249.77.85 - - [15/Jan/2016:00:12:39 +0800] "GET /content/nav/relationSubject.jsp?relationWords=%E4%B8%AD%E8%85%B9%E8%B6%B3%E7%9B%AE+%E7%A6%8F%E5%A3%BD%E8%9E%BA+%E8%85%B9%E8%B6%B3%E7%B6%B1+%E8%98%8B%E6%9E%9C%E8%9E%BA+%E8%BB%9F%E9%AB%94%E5%8B%95%E7%89%A9%E9%96%80+&oid=4549430 HTTP/1.1" 200 3425
66.249.77.85 - - [15/Jan/2016:00:12:41 +0800] "GET /content/nav/relationSubject.jsp?relationWords=%E4%B8%AD%E8%85%B9%E8%B6%B3%E7%9B%AE%20%E7%A6%8F%E5%A3%BD%E8%9E%BA%20%E8%85%B9%E8%B6%B3%E7%B6%B1%20%E8%98%8B%E6%9E%9C%E8%9E%BA%20%E8%BB%9F%E9%AB%94%E5%8B%95%E7%89%A9%E9%96%80%20&oid=4549430 HTTP/1.1" 200 3425
61.135.189.96 - - [15/Jan/2016:00:12:43 +0800] "GET /digiarch/content/repository/resource_content.jsp?oid=2523720 HTTP/1.1" 404 14873
207.46.13.2 - - [15/Jan/2016:00:12:43 +0800] "GET /content/subject/resource_content.jsp?oid=16777746&queryType=qc HTTP/1.1" 200 39168
61.135.189.96 - - [15/Jan/2016:00:12:58 +0800] "GET /digiarch/content/repository/resource_content.jsp?oid=658631 HTTP/1.1" 404 14873
66.249.74.102 - - [15/Jan/2016:00:13:10 +0800] "GET /content/repository/resource_content.jsp?oid=1774678 HTTP/1.1" 200 33320
61.135.189.96 - - [15/Jan/2016:00:13:12 +0800] "GET /digiarch/content/repository/resource_content.jsp?oid=694262 HTTP/1.1" 404 14873
207.46.13.2 - - [15/Jan/2016:00:13:23 +0800] "GET /content/subject/resource_content.jsp?oid=16777734&queryType=qc HTTP/1.1" 200 40302
61.135.189.96 - - [15/Jan/2016:00:13:26 +0800] "GET /digiarch/content/repository/resource_content.jsp?oid=694239 HTTP/1.1" 404 14873
61.135.189.96 - - [15/Jan/2016:00:13:40 +0800] "GET /digiarch/content/repository/resource_content.jsp?oid=1890034 HTTP/1.1" 404 14873
66.249.74.98 - - [15/Jan/2016:00:13:40 +0800] "GET /content/nav/relationSubject.jsp?relationWords=%E4%BA%8C%E4%BA%8C%E5%85%AB%20%E6%95%8F%E5%8D%BF%20&oid=1632272 HTTP/1.1" 200 3721
61.135.189.96 - - [15/Jan/2016:00:13:54 +0800] "GET /digiarch/content/repository/resource_content.jsp?oid=1880511 HTTP/1.1" 404 14873
207.46.13.2 - - [15/Jan/2016:00:14:07 +0800] "GET /content/subject/resource_content.jsp?oid=16777470&queryType=qc HTTP/1.1" 200 29361
61.135.189.96 - - [15/Jan/2016:00:14:08 +0800] "GET /digiarch/content/repository/resource_content.jsp?oid=2531046 HTTP/1.1" 404 14873
66.249.71.64 - - [15/Jan/2016:00:14:15 +0800] "GET /digiarch_en/content/repository/resource_content.jsp?oid=14093&queryString=%E7%99%BD%E7%9C%BC%E9%AE%AB%E7%A7%91%20%E7%9C%9F%E9%AF%8A%20%E9%BB%91%E5%8D%B0%E7%99%BD%E7%9C%BC%E9%AE%AB HTTP/1.1" 200 28259
61.135.189.96 - - [15/Jan/2016:00:14:21 +0800] "GET /digiarch/content/repository/resource_content.jsp?oid=2555333 HTTP/1.1" 404 14873
207.46.13.2 - - [15/Jan/2016:00:14:24 +0800] "GET /content/subject/resource_content.jsp?oid=16777286&queryType=qc HTTP/1.1" 200 37579
61.135.189.96 - - [15/Jan/2016:00:14:35 +0800] "GET /digiarch/content/repository/resource_content.jsp?oid=672205 HTTP/1.1" 404 14873
66.249.71.60 - - [15/Jan/2016:00:14:49 +0800] "GET /digiarch_en/content/repository/resource_content.jsp?oid=14093&queryString=%E7%99%BD%E7%9C%BC%E9%AE%AB%20%E7%99%BD%E7%9C%BC%E9%AE%AB%E7%A7%91%20%E7%9C%9F%E9%AF%8A HTTP/1.1" 200 28520
61.135.189.96 - - [15/Jan/2016:00:14:49 +0800] "GET /digiarch/content/repository/resource_content.jsp?oid=741182 HTTP/1.1" 404 14873
61.135.189.96 - - [15/Jan/2016:00:15:04 +0800] "GET /digiarch/content/repository/resource_content.jsp?oid=2586749 HTTP/1.1" 404 14873
66.249.71.60 - - [15/Jan/2016:00:15:13 +0800] "GET /content/nav/relationSubject.jsp?relationWords=%E8%87%AA%E7%84%B6%E7%A7%91%E5%AD%B8+&oid=1548615 HTTP/1.1" 200 3771
66.249.71.60 - - [15/Jan/2016:00:15:16 +0800] "GET /content/nav/relationSubject.jsp?relationWords=%E8%87%AA%E7%84%B6%E7%A7%91%E5%AD%B8%20&oid=1548615 HTTP/1.1" 200 3771
61.135.189.96 - - [15/Jan/2016:00:15:19 +0800] "GET /digiarch/content/repository/resource_content.jsp?oid=288109 HTTP/1.1" 404 14873
207.46.13.2 - - [15/Jan/2016:00:15:27 +0800] "GET /content/subject/resource_content.jsp?oid=16777841&queryType=qc HTTP/1.1" 200 27539
61.135.189.96 - - [15/Jan/2016:00:15:33 +0800] "GET /digiarch/content/repository/resource_content.jsp?oid=290368 HTTP/1.1" 404 14873
61.135.189.96 - - [15/Jan/2016:00:15:48 +0800] "GET /digiarch/content/repository/resource_content.jsp?oid=1847622 HTTP/1.1" 404 14873
66.249.77.91 - - [15/Jan/2016:00:15:50 +0800] "GET /content/subject/resource_content.jsp?oid=16777794&queryType=qs&queryString=%E9%9B%BB%E5%AD%90%E5%A0%B1 HTTP/1.1" 200 43009
66.249.71.72 - - [15/Jan/2016:00:15:55 +0800] "GET /content/repository/resource_content.jsp?oid=1818674 HTTP/1.1" 200 28385
66.249.71.72 - - [15/Jan/2016:00:15:55 +0800] "GET /content/nav/relationSubject.jsp?relationWords=%E4%BD%B3%E9%87%8C+%E5%85%AC%E8%B7%AF%E5%B1%80+%E9%A6%AC%E6%B2%99%E6%BA%9D%E8%B7%AF+&oid=1554569 HTTP/1.1" 200 4647
66.249.71.60 - - [15/Jan/2016:00:15:58 +0800] "GET /content/nav/relationSubject.jsp?relationWords=%E4%BD%B3%E9%87%8C%20%E5%85%AC%E8%B7%AF%E5%B1%80%20%E9%A6%AC%E6%B2%99%E6%BA%9D%E8%B7%AF%20&oid=1554569 HTTP/1.1" 200 4647
66.249.71.60 - - [15/Jan/2016:00:16:02 +0800] "GET /content/nav/relationSubject.jsp?relationWords=%E6%A4%8D%E7%89%A9%E7%95%8C+%E8%8F%8A%E7%A7%91+%E9%87%91%E8%85%B0%E7%AE%AD+%E9%87%91%E8%85%B0%E7%AE%AD%E5%B1%AC+%E9%9B%99%E5%AD%90%E8%91%89%E6%A4%8D%E7%89%A9+&oid=1101371 HTTP/1.1" 200 3396
61.135.189.96 - - [15/Jan/2016:00:16:02 +0800] "GET /digiarch/content/repository/resource_content.jsp?oid=3808948 HTTP/1.1" 404 14873
61.135.189.96 - - [15/Jan/2016:00:16:16 +0800] "GET /digiarch/content/repository/resource_content.jsp?oid=2623603 HTTP/1.1" 404 14873
157.55.39.71 - - [15/Jan/2016:00:16:26 +0800] "GET /content/subject/resource_content.jsp?oid=16777469&queryType=qc HTTP/1.1" 200 31173
66.249.71.60 - - [15/Jan/2016:00:16:28 +0800] "GET /content/repository/resource_content.jsp?oid=1891286 HTTP/1.1" 200 28402
61.135.189.96 - - [15/Jan/2016:00:16:30 +0800] "GET /digiarch/content/repository/resource_content.jsp?oid=2587442 HTTP/1.1" 404 14873
61.135.189.96 - - [15/Jan/2016:00:16:43 +0800] "GET /digiarch/content/repository/resource_content.jsp?oid=2578514 HTTP/1.1" 404 14873
61.135.189.96 - - [15/Jan/2016:00:16:57 +0800] "GET /digiarch/content/repository/resource_content.jsp?oid=1850171 HTTP/1.1" 404 14873
66.249.71.60 - - [15/Jan/2016:00:17:01 +0800] "GET /content/repository/resource_content.jsp?oid=1564834 HTTP/1.1" 200 28464
61.135.189.96 - - [15/Jan/2016:00:17:11 +0800] "GET /digiarch/content/repository/resource_content.jsp?oid=2606739 HTTP/1.1" 404 14873
61.135.189.96 - - [15/Jan/2016:00:17:25 +0800] "GET /digiarch/content/repository/resource_content.jsp?oid=2582756 HTTP/1.1" 404 14873
66.249.71.60 - - [15/Jan/2016:00:17:34 +0800] "GET /content/repository/resource_content.jsp?oid=4352813&queryString=%E5%BD%88%E5%A1%97%E9%AD%9A%20%E8%99%8E%E7%A7%91 HTTP/1.1" 200 31030
61.135.189.96 - - [15/Jan/2016:00:17:37 +0800] "GET /digiarch/content/repository/resource_content.jsp?oid=2648562 HTTP/1.1" 404 14873
61.135.189.96 - - [15/Jan/2016:00:17:52 +0800] "GET /digiarch/content/repository/resource_content.jsp?oid=1875247 HTTP/1.1" 404 14873
114.41.53.33 - - [15/Jan/2016:00:17:59 +0800] "GET /content/repository/resource_content.jsp?oid=1098276&queryString=%E6%96%91%E9%B3%A9%E8%8F%8A%20%E6%96%91%E9%B3%A9%E8%8F%8A%E5%B1%AC%20%E6%A4%8D%E7%89%A9%E7%95%8C%20%E8%8F%8A%E7%A7%91%20%E9%9B%99%E5%AD%90%E8%91%89%E6%A4%8D%E7%89%A9 HTTP/1.1" 200 31329
61.135.189.96 - - [15/Jan/2016:00:18:05 +0800] "GET /digiarch/content/repository/resource_content.jsp?oid=286135 HTTP/1.1" 404 14873
66.249.71.60 - - [15/Jan/2016:00:18:07 +0800] "GET /digiarch_en/content/repository/resource_content.jsp?oid=1543770&queryString=%E6%95%B8%E4%BD%8D%E5%85%B8%E8%97%8F%20%E7%A0%94%E8%A8%8E%E6%9C%83 HTTP/1.1" 200 22459
61.135.189.96 - - [15/Jan/2016:00:18:19 +0800] "GET /digiarch/content/repository/resource_content.jsp?oid=701260 HTTP/1.1" 404 14873
66.249.71.72 - - [15/Jan/2016:00:18:26 +0800] "GET /content/subject/resource_content.jsp?oid=16777660 HTTP/1.1" 200 70766
61.135.189.96 - - [15/Jan/2016:00:18:32 +0800] "GET /digiarch/content/repository/resource_content.jsp?oid=3409631 HTTP/1.1" 404 14873
68.180.228.24 - - [15/Jan/2016:00:18:42 +0800] "GET /digiarch_en/content/tmp_exh/resource_content.jsp?oid=16777823&queryType=qc HTTP/1.1" 200 25443
61.135.189.96 - - [15/Jan/2016:00:18:45 +0800] "GET /digiarch/content/repository/resource_content.jsp?oid=4457593 HTTP/1.1" 404 14873
114.41.53.33 - - [15/Jan/2016:00:18:48 +0800] "GET /content/repository/resource_content.jsp?oid=1106262&queryString=%E5%B0%8F%E8%8A%B1%E6%96%91%E9%B3%A9%E8%8F%8A%20%E6%96%91%E9%B3%A9%E8%8F%8A%E5%B1%AC%20%E6%A4%8D%E7%89%A9%E7%95%8C%20%E8%8F%8A%E7%A7%91%20%E9%9B%99%E5%AD%90%E8%91%89%E6%A4%8D%E7%89%A9 HTTP/1.1" 200 31689
157.55.39.47 - - [15/Jan/2016:00:18:55 +0800] "GET /content/subject/resource_content.jsp?oid=16777840&queryType=qc> HTTP/1.1" 200 40649
61.135.189.96 - - [15/Jan/2016:00:18:59 +0800] "GET /digiarch/content/repository/resource_content.jsp?oid=2582440 HTTP/1.1" 404 14873
61.135.189.96 - - [15/Jan/2016:00:19:13 +0800] "GET /digiarch/content/repository/resource_content.jsp?oid=1876305 HTTP/1.1" 404 14873
66.249.71.14 - - [15/Jan/2016:00:19:14 +0800] "GET /digiarch3/content/nav/relationSubject.jsp?relationWords=%E6%9B%B2%E6%B1%9F%E7%8F%A7%E8%9B%A4%E5%B1%AC+%E6%AB%9B%E6%B1%9F%E7%8F%A7+%E6%B1%9F%E7%8F%A7%E8%9B%A4+%E7%89%9B%E8%A7%92%E6%B1%9F%E7%8F%A7%E8%9B%A4+%E7%89%9B%E8%A7%92%E8%9A%B6+%E8%9B%A4%E7%A7%91+%E8%B2%BD%E8%B2%9D+%E9%9B%99%E6%AE%BC%E7%B6%B1+&oid=1123880 HTTP/1.1" 200 3785
61.135.189.96 - - [15/Jan/2016:00:19:25 +0800] "GET /digiarch/content/repository/resource_content.jsp?oid=4203474 HTTP/1.1" 404 14873
61.135.189.96 - - [15/Jan/2016:00:19:39 +0800] "GET /digiarch/content/repository/resource_content.jsp?oid=2601965 HTTP/1.1" 404 14873
61.135.189.96 - - [15/Jan/2016:00:19:54 +0800] "GET /digiarch/content/repository/resource_content.jsp?oid=4442254 HTTP/1.1" 404 14873
61.135.189.96 - - [15/Jan/2016:00:20:07 +0800] "GET /digiarch/content/repository/resource_content.jsp?oid=2652641 HTTP/1.1" 404 14873
68.180.228.24 - - [15/Jan/2016:00:20:14 +0800] "GET /content/repository/resource_content.jsp?oid=1604440 HTTP/1.1" 200 33085
61.135.189.96 - - [15/Jan/2016:00:20:21 +0800] "GET /digiarch/content/repository/resource_content.jsp?oid=286120 HTTP/1.1" 404 14873
61.135.189.96 - - [15/Jan/2016:00:20:33 +0800] "GET /digiarch/content/repository/resource_content.jsp?oid=2606743 HTTP/1.1" 404 14873
61.135.189.96 - - [15/Jan/2016:00:20:45 +0800] "GET /digiarch/content/repository/resource_content.jsp?oid=4485996 HTTP/1.1" 404 14873
68.180.228.24 - - [15/Jan/2016:00:20:45 +0800] "GET /content/subject/resource_content.jsp?oid=16797244&queryType=qc HTTP/1.1" 200 50442
61.135.189.96 - - [15/Jan/2016:00:20:58 +0800] "GET /digiarch/content/repository/resource_content.jsp?oid=2592386 HTTP/1.1" 404 14873
61.135.189.96 - - [15/Jan/2016:00:21:11 +0800] "GET /digiarch/content/repository/resource_content.jsp?oid=2602224 HTTP/1.1" 404 14873
61.135.189.96 - - [15/Jan/2016:00:21:23 +0800] "GET /digiarch/content/repository/resource_content.jsp?oid=1522280 HTTP/1.1" 404 14873
61.135.189.96 - - [15/Jan/2016:00:21:36 +0800] "GET /digiarch/content/repository/resource_content.jsp?oid=4588811 HTTP/1.1" 404 14873
61.135.189.96 - - [15/Jan/2016:00:21:49 +0800] "GET /digiarch/content/repository/resource_content.jsp?oid=1111009 HTTP/1.1" 404 14873
61.135.189.96 - - [15/Jan/2016:00:22:01 +0800] "GET /digiarch/content/repository/resource_content.jsp?oid=2152610 HTTP/1.1" 404 14873
66.249.71.60 - - [15/Jan/2016:00:22:03 +0800] "GET /digiarch_en/content/nav/relationSubject.jsp?relationWords=%E6%AD%A6%E6%B0%8F%E7%A5%A0+%E7%95%AB%E5%83%8F%E7%9F%B3+&oid=1814596 HTTP/1.1" 200 6384
66.249.71.60 - - [15/Jan/2016:00:22:05 +0800] "GET /digiarch_en/content/nav/relationSubject.jsp?relationWords=%E6%AD%A6%E6%B0%8F%E7%A5%A0%20%E7%95%AB%E5%83%8F%E7%9F%B3%20&oid=1814596 HTTP/1.1" 200 6384
61.135.189.96 - - [15/Jan/2016:00:22:14 +0800] "GET /digiarch/content/repository/resource_content.jsp?oid=1874306 HTTP/1.1" 404 14873
180.217.211.221 - - [15/Jan/2016:00:22:21 +0800] "GET /content/repository/resource_content.jsp?oid=1107438 HTTP/1.1" 200 31226
180.217.211.221 - - [15/Jan/2016:00:22:24 +0800] "GET /content/nav/relationSubject.jsp?relationWords=API+%E6%A4%8D%E7%89%A9%E7%95%8C+%E7%B9%96%E5%BD%A2%E7%A7%91+%E8%8A%8E%E8%97%AD+%E8%8A%8E%E8%97%AD%E5%B1%AC+%E9%9B%99%E5%AD%90%E8%91%89%E6%A4%8D%E7%89%A9+&oid=1107438 HTTP/1.1" 200 4262
61.135.189.96 - - [15/Jan/2016:00:22:28 +0800] "GET /digiarch/content/repository/resource_content.jsp?oid=2648180 HTTP/1.1" 404 14873
61.135.189.96 - - [15/Jan/2016:00:22:42 +0800] "GET /digiarch/content/repository/resource_content.jsp?oid=2536091 HTTP/1.1" 404 14873
207.46.13.2 - - [15/Jan/2016:00:22:51 +0800] "GET /content/subject/resource_content.jsp?oid=16777566&queryType=qc HTTP/1.1" 200 31748
61.135.189.96 - - [15/Jan/2016:00:22:55 +0800] "GET /digiarch/content/repository/resource_content.jsp?oid=4203458 HTTP/1.1" 404 14873
61.135.189.96 - - [15/Jan/2016:00:23:07 +0800] "GET /digiarch/content/repository/resource_content.jsp?oid=4203381 HTTP/1.1" 404 14873
61.135.189.96 - - [15/Jan/2016:00:23:20 +0800] "GET /digiarch/content/repository/resource_content.jsp?oid=2653956 HTTP/1.1" 404 14873
66.249.71.60 - - [15/Jan/2016:00:23:31 +0800] "GET /content/nav/relationSubject.jsp?relationWords=%E6%95%B8%E4%BD%8D%E5%85%B8%E8%97%8F+&oid=16777687 HTTP/1.1" 200 5879
61.135.189.96 - - [15/Jan/2016:00:23:32 +0800] "GET /digiarch/content/repository/resource_content.jsp?oid=728700 HTTP/1.1" 404 14873
66.249.77.85 - - [15/Jan/2016:00:23:37 +0800] "GET /content/repository/resource_content.jsp?oid=1605344&queryString=%E4%BC%81%E6%A5%AD%E7%AE%A1%E7%90%86%20%E5%85%AC%E5%85%B1%E8%A1%8C%E6%94%BF%20%E5%87%BA%E7%89%88%E5%93%81%20%E5%9C%8B%E7%AB%8B%E6%94%BF%E6%B2%BB%E5%A4%A7%E5%AD%B8%20%E7%B7%A8%E7%9B%AE HTTP/1.1" 200 35645
61.135.189.96 - - [15/Jan/2016:00:23:46 +0800] "GET /digiarch/content/repository/resource_content.jsp?oid=2616328 HTTP/1.1" 404 14873
61.135.189.96 - - [15/Jan/2016:00:23:59 +0800] "GET /digiarch/content/repository/resource_content.jsp?oid=2610256 HTTP/1.1" 404 14873
59.126.164.147 - - [15/Jan/2016:00:24:01 +0800] "GET /content/subject/resource_content.jsp?oid=16797253&queryType=qc HTTP/1.1" 200 42834
59.126.164.147 - - [15/Jan/2016:00:24:02 +0800] "GET /content/nav/relationSubject.jsp?relationWords=%E6%BD%AE%E6%B5%81+%E7%A4%BE%E6%9C%83%E8%AE%8A%E9%81%B7+&oid=16797253 HTTP/1.1" 200 7712
61.135.189.96 - - [15/Jan/2016:00:24:12 +0800] "GET /digiarch/content/repository/resource_content.jsp?oid=2590092 HTTP/1.1" 404 14873
36.229.82.43 - - [15/Jan/2016:00:24:20 +0800] "GET /content/repository/resource_content.jsp?oid=3354852&queryString=%E6%B4%B9%E5%AD%90%E5%AD%9F%E5%A7%9C%E5%A3%BA HTTP/1.1" 200 30808
120.113.186.71 - - [15/Jan/2016:00:24:22 +0800] "GET /content/subject/resource_content.jsp?oid=16797287&queryType=qc HTTP/1.1" 200 88347
36.229.82.43 - - [15/Jan/2016:00:24:22 +0800] "GET /content/nav/relationSubject.jsp?relationWords=%E5%A4%A7%E6%A8%82+%E6%B4%B9%E5%AD%90%E5%AD%9F%E5%A7%9C%E5%A3%BA+&oid=3354852 HTTP/1.1" 200 3290
61.135.189.96 - - [15/Jan/2016:00:24:24 +0800] "GET /digiarch/content/repository/resource_content.jsp?oid=1867938 HTTP/1.1" 404 14873
120.113.186.71 - - [15/Jan/2016:00:24:25 +0800] "GET /content/nav/relationSubject.jsp?relationWords=%E5%8F%B0%E7%81%A3%E5%8E%9F%E4%BD%8F%E6%B0%91+&oid=16797287 HTTP/1.1" 200 4742
61.135.189.96 - - [15/Jan/2016:00:24:36 +0800] "GET /digiarch/content/repository/resource_content.jsp?oid=4457668 HTTP/1.1" 404 14873
61.135.189.96 - - [15/Jan/2016:00:24:48 +0800] "GET /digiarch/content/repository/resource_content.jsp?oid=3121551 HTTP/1.1" 404 14873
61.135.189.96 - - [15/Jan/2016:00:25:00 +0800] "GET /digiarch/content/repository/resource_content.jsp?oid=3412500 HTTP/1.1" 404 14873
66.249.74.102 - - [15/Jan/2016:00:25:08 +0800] "GET /content/subject/resource_content.jsp?oid=16777781&queryType=qc HTTP/1.1" 200 57483
68.180.228.24 - - [15/Jan/2016:00:25:12 +0800] "GET /digiarch_en/content/subject/resource_content.jsp?oid=16777356&queryType=qc HTTP/1.1" 200 28010
61.135.189.96 - - [15/Jan/2016:00:25:13 +0800] "GET /digiarch/content/repository/resource_content.jsp?oid=1871208 HTTP/1.1" 404 14873
61.135.189.96 - - [15/Jan/2016:00:25:26 +0800] "GET /digiarch/content/repository/resource_content.jsp?oid=2592438 HTTP/1.1" 404 14873
61.135.189.96 - - [15/Jan/2016:00:25:39 +0800] "GET /digiarch/content/repository/resource_content.jsp?oid=694278 HTTP/1.1" 404 14873
61.135.189.96 - - [15/Jan/2016:00:25:53 +0800] "GET /digiarch/content/repository/resource_content.jsp?oid=1113921 HTTP/1.1" 404 14873
61.135.189.96 - - [15/Jan/2016:00:26:06 +0800] "GET /digiarch/content/repository/resource_content.jsp?oid=1112701 HTTP/1.1" 404 14873
66.249.71.72 - - [15/Jan/2016:00:26:12 +0800] "GET /content/repository/resource_content.jsp?oid=1107521&queryString=%E7%8E%89%E5%B1%B1%E8%96%84%E9%9B%AA%E8%8D%89%20%E8%96%84%E9%9B%AA%E8%8D%89 HTTP/1.1" 200 31374
61.135.189.96 - - [15/Jan/2016:00:26:19 +0800] "GET /digiarch/content/repository/resource_content.jsp?oid=2581716 HTTP/1.1" 404 14873
61.135.189.96 - - [15/Jan/2016:00:26:31 +0800] "GET /digiarch/content/repository/resource_content.jsp?oid=2617132 HTTP/1.1" 404 14873
61.135.189.96 - - [15/Jan/2016:00:26:44 +0800] "GET /digiarch/content/repository/resource_content.jsp?oid=2591911 HTTP/1.1" 404 14873
66.249.71.64 - - [15/Jan/2016:00:26:51 +0800] "GET /content/nav/relationSubject.jsp?relationWords=%E4%B8%89%E4%B8%83%E4%BA%94%E6%B8%9B%E7%A7%9F+%E5%8F%83%E8%AD%B0%E5%93%A1+%E5%A4%A7%E7%94%B2%E9%8E%AE+%E5%AF%84%E5%AD%98+%E6%9D%8E%E5%AF%B6%E7%8F%A0+%E6%A5%8A%E5%A4%A9%E8%B3%A6+%E6%B5%81%E6%B0%93+%E7%A8%BB%E8%B0%B7+%E8%87%BA%E4%B8%AD%E7%B8%A3+%E8%87%BA%E4%B8%AD%E7%B8%A3%E5%8F%83%E8%AD%B0%E6%9C%83+&oid=1516843 HTTP/1.1" 200 4359
66.249.71.60 - - [15/Jan/2016:00:26:53 +0800] "GET /content/nav/relationSubject.jsp?relationWords=%E4%B8%89%E4%B8%83%E4%BA%94%E6%B8%9B%E7%A7%9F%20%E5%8F%83%E8%AD%B0%E5%93%A1%20%E5%A4%A7%E7%94%B2%E9%8E%AE%20%E5%AF%84%E5%AD%98%20%E6%9D%8E%E5%AF%B6%E7%8F%A0%20%E6%A5%8A%E5%A4%A9%E8%B3%A6%20%E6%B5%81%E6%B0%93%20%E7%A8%BB%E8%B0%B7%20%E8%87%BA%E4%B8%AD%E7%B8%A3%20%E8%87%BA%E4%B8%AD%E7%B8%A3%E5%8F%83%E8%AD%B0%E6%9C%83%20&oid=1516843 HTTP/1.1" 200 4359
61.135.189.96 - - [15/Jan/2016:00:26:56 +0800] "GET /digiarch/content/repository/resource_content.jsp?oid=4589329 HTTP/1.1" 404 14873
68.180.228.24 - - [15/Jan/2016:00:27:14 +0800] "GET /content/subject/resource_content.jsp?oid=16777537&queryType=qc HTTP/1.1" 200 30731
36.229.82.43 - - [15/Jan/2016:00:27:16 +0800] "GET /content/repository/resource_content.jsp?oid=3354852&queryString=%E6%B4%B9%E5%AD%90%E5%AD%9F%E5%A7%9C%E5%A3%BA HTTP/1.1" 200 30808
36.229.82.43 - - [15/Jan/2016:00:27:17 +0800] "GET /content/nav/relationSubject.jsp?relationWords=%E5%A4%A7%E6%A8%82+%E6%B4%B9%E5%AD%90%E5%AD%9F%E5%A7%9C%E5%A3%BA+&oid=3354852 HTTP/1.1" 200 3290
66.249.71.64 - - [15/Jan/2016:00:27:31 +0800] "GET /content/nav/relationSubject.jsp?relationWords=%E5%9C%93%E8%91%89%E9%87%91%E5%8D%88%E6%99%82%E8%8A%B1+%E6%A4%8D%E7%89%A9%E7%95%8C+%E9%87%91%E5%8D%88%E6%99%82%E8%8A%B1%E5%B1%AC+%E9%8C%A6%E8%91%B5+%E9%8C%A6%E8%91%B5%E7%A7%91+&oid=2142561 HTTP/1.1" 200 3426
66.249.71.60 - - [15/Jan/2016:00:27:37 +0800] "GET /content/nav/relationSubject.jsp?relationWords=%E5%9C%93%E8%91%89%E9%87%91%E5%8D%88%E6%99%82%E8%8A%B1%20%E6%A4%8D%E7%89%A9%E7%95%8C%20%E9%87%91%E5%8D%88%E6%99%82%E8%8A%B1%E5%B1%AC%20%E9%8C%A6%E8%91%B5%20%E9%8C%A6%E8%91%B5%E7%A7%91%20&oid=2142561 HTTP/1.1" 200 3426
66.249.71.60 - - [15/Jan/2016:00:27:44 +0800] "GET /content/nav/relationSubject.jsp?relationWords=%E5%AE%97%E4%BA%BA%E5%BA%9C+&oid=2656735 HTTP/1.1" 200 3112
66.249.71.60 - - [15/Jan/2016:00:27:48 +0800] "GET /content/nav/relationSubject.jsp?relationWords=%E5%AE%97%E4%BA%BA%E5%BA%9C%20&oid=2656735 HTTP/1.1" 200 3112
66.249.77.85 - - [15/Jan/2016:00:27:59 +0800] "GET /content/nav/relationSubject.jsp?relationWords=%E5%8F%83%E8%AD%B0%E6%9C%83+%E5%8F%B0%E5%A4%A7%E9%86%AB%E9%99%A2+%E5%8F%B0%E7%81%A3%E7%9C%81+%E5%90%B3%E6%9C%89%E5%AE%B9+&oid=1515929 HTTP/1.1" 200 4579
66.249.77.85 - - [15/Jan/2016:00:28:00 +0800] "GET /content/nav/relationSubject.jsp?relationWords=%E5%8F%83%E8%AD%B0%E6%9C%83%20%E5%8F%B0%E5%A4%A7%E9%86%AB%E9%99%A2%20%E5%8F%B0%E7%81%A3%E7%9C%81%20%E5%90%B3%E6%9C%89%E5%AE%B9%20&oid=1515929 HTTP/1.1" 200 4579
66.249.71.105 - - [15/Jan/2016:00:28:16 +0800] "GET /content/nav/relationSubject.jsp?relationWords=%E5%AE%89%E5%85%A8%E6%A1%88+%E5%B9%B3%E4%BA%A4%E9%81%93+%E7%B7%9A%E8%A5%BF+%E8%A5%BF%E5%8B%A2+%E9%90%B5%E8%B7%AF%E5%B1%80+&oid=1588429 HTTP/1.1" 200 4928
36.229.82.43 - - [15/Jan/2016:00:28:19 +0800] "GET /content/repository/resource_content.jsp?oid=3354852&queryString=%E6%B4%B9%E5%AD%90%E5%AD%9F%E5%A7%9C%E5%A3%BA HTTP/1.1" 200 30808
66.249.71.105 - - [15/Jan/2016:00:28:19 +0800] "GET /content/nav/relationSubject.jsp?relationWords=%E5%AE%89%E5%85%A8%E6%A1%88%20%E5%B9%B3%E4%BA%A4%E9%81%93%20%E7%B7%9A%E8%A5%BF%20%E8%A5%BF%E5%8B%A2%20%E9%90%B5%E8%B7%AF%E5%B1%80%20&oid=1588429 HTTP/1.1" 200 4928
36.229.82.43 - - [15/Jan/2016:00:28:20 +0800] "GET /content/nav/relationSubject.jsp?relationWords=%E5%A4%A7%E6%A8%82+%E6%B4%B9%E5%AD%90%E5%AD%9F%E5%A7%9C%E5%A3%BA+&oid=3354852 HTTP/1.1" 200 3290
66.249.71.5 - - [15/Jan/2016:00:28:44 +0800] "GET /digiarch3/content/nav/relationSubject.jsp?relationWords=%E6%B3%B0%E9%9B%85+%E6%B3%B0%E9%9B%85%E6%97%8F+%E7%B6%B2%E8%A2%8B+%E8%80%B3%E7%92%AB+%E8%80%B3%E9%A3%BE+%E8%85%B3%E9%A3%BE+%E8%87%82%E9%88%B4+%E9%A0%85%E9%A3%BE+&oid=1782929 HTTP/1.1" 200 3989
66.249.71.5 - - [15/Jan/2016:00:28:46 +0800] "GET /digiarch3/content/nav/relationSubject.jsp?relationWords=%E6%B3%B0%E9%9B%85%20%E6%B3%B0%E9%9B%85%E6%97%8F%20%E7%B6%B2%E8%A2%8B%20%E8%80%B3%E7%92%AB%20%E8%80%B3%E9%A3%BE%20%E8%85%B3%E9%A3%BE%20%E8%87%82%E9%88%B4%20%E9%A0%85%E9%A3%BE%20&oid=1782929 HTTP/1.1" 200 3989
66.249.71.64 - - [15/Jan/2016:00:28:48 +0800] "GET /digiarch_en/content/repository/resource_content.jsp?oid=1126162&queryString=%E7%B0%BE%E8%9B%A4%E7%9B%AE%20%E7%B0%BE%E8%9B%A4%E7%A7%91%20%E8%8A%B1%E8%9B%A4%20%E8%BB%9F%E9%AB%94%E5%8B%95%E7%89%A9%E9%96%80%20%E9%9B%99%E6%AE%BC%E7%B6%B1 HTTP/1.1" 200 24500
111.255.93.73 - - [15/Jan/2016:00:29:07 +0800] "GET /content/nav/relationSubject.jsp?relationWords=%E5%8F%B0%E7%81%A3%E6%AC%92%E6%A8%B9+%E8%8B%A6%E8%8B%93%E8%88%85+&oid=16777254 HTTP/1.1" 200 4285
66.249.71.60 - - [15/Jan/2016:00:29:10 +0800] "GET /content/nav/relationSubject.jsp?relationWords=%E4%B8%8B%E9%8A%80%E6%BC%A2%E9%AD%9A+%E9%8A%80%E6%BC%A2%E9%AD%9A%E7%A7%91+%E9%B1%99%E4%BB%94+&oid=14662 HTTP/1.1" 200 3430
66.249.71.60 - - [15/Jan/2016:00:29:12 +0800] "GET /content/nav/relationSubject.jsp?relationWords=%E4%B8%8B%E9%8A%80%E6%BC%A2%E9%AD%9A%20%E9%8A%80%E6%BC%A2%E9%AD%9A%E7%A7%91%20%E9%B1%99%E4%BB%94%20&oid=14662 HTTP/1.1" 200 3430
66.249.77.91 - - [15/Jan/2016:00:30:08 +0800] "GET /content/nav/relationSubject.jsp?relationWords=%E6%A4%8D%E7%89%A9%E7%95%8C+%E8%8F%8A%E7%A7%91+%E8%94%93%E6%BE%A4%E8%98%AD+%E8%94%93%E6%BE%A4%E8%98%AD%E5%B1%AC+%E9%9B%99%E5%AD%90%E8%91%89%E6%A4%8D%E7%89%A9+&oid=1099212 HTTP/1.1" 200 4809
66.249.71.72 - - [15/Jan/2016:00:31:13 +0800] "GET /content/nav/relationSubject.jsp?relationWords=%E5%86%B7%E6%9D%89%E5%B1%AC+%E5%8F%B0%E7%81%A3%E5%86%B7%E6%9D%89+%E6%9D%BE%E6%9D%89+%E6%9D%BE%E7%A7%91+%E6%A4%8D%E7%89%A9%E7%95%8C+%E6%AF%AC%E6%9E%9C+&oid=2149616 HTTP/1.1" 200 3390
66.249.71.60 - - [15/Jan/2016:00:31:16 +0800] "GET /content/nav/relationSubject.jsp?relationWords=%E5%86%B7%E6%9D%89%E5%B1%AC%20%E5%8F%B0%E7%81%A3%E5%86%B7%E6%9D%89%20%E6%9D%BE%E6%9D%89%20%E6%9D%BE%E7%A7%91%20%E6%A4%8D%E7%89%A9%E7%95%8C%20%E6%AF%AC%E6%9E%9C%20&oid=2149616 HTTP/1.1" 200 3390
66.249.71.60 - - [15/Jan/2016:00:31:27 +0800] "GET /content/nav/relationSubject.jsp?relationWords=%E9%99%B8%E6%B8%AC%E5%9C%96+&oid=225492 HTTP/1.1" 200 3079
66.249.71.60 - - [15/Jan/2016:00:31:29 +0800] "GET /content/nav/relationSubject.jsp?relationWords=%E9%99%B8%E6%B8%AC%E5%9C%96%20&oid=225492 HTTP/1.1" 200 3079
66.249.77.91 - - [15/Jan/2016:00:32:09 +0800] "GET /content/nav/relationSubject.jsp?relationWords=%E5%99%A8%E6%A2%B0+%E9%84%82%E5%80%AB%E6%98%A5+&oid=559272 HTTP/1.1" 200 3137
66.249.79.24 - - [15/Jan/2016:00:32:12 +0800] "GET /content/nav/relationSubject.jsp?relationWords=%E5%99%A8%E6%A2%B0%20%E9%84%82%E5%80%AB%E6%98%A5%20&oid=559272 HTTP/1.1" 200 3137
66.249.77.85 - - [15/Jan/2016:00:32:27 +0800] "GET /content/nav/relationSubject.jsp?relationWords=%E7%9B%9B%E5%85%B7+&oid=4363994 HTTP/1.1" 200 2188
207.46.13.2 - - [15/Jan/2016:00:32:34 +0800] "GET /content/subject/resource_content.jsp?oid=16777841&queryType=qc> HTTP/1.1" 200 27539
66.249.71.113 - - [15/Jan/2016:00:33:02 +0800] "GET /content/repository/resource_content.jsp?oid=2516300&queryType=qs&queryString=%E5%81%BD%E5%8A%84 HTTP/1.1" 200 29720
66.249.71.64 - - [15/Jan/2016:00:33:35 +0800] "GET /content/repository/resource_content.jsp?oid=1461830 HTTP/1.1" 200 31206
146.185.234.48 - - [15/Jan/2016:00:33:58 +0800] "GET /content/subject/resource_content.jsp?oid=16777532&queryType=qc HTTP/1.1" 200 34708
66.249.71.72 - - [15/Jan/2016:00:33:59 +0800] "GET /content/subject/resource_content.jsp?oid=16777740 HTTP/1.1" 200 41298
146.185.234.48 - - [15/Jan/2016:00:34:05 +0800] "GET /content/subject/resource_content.jsp?oid=16777532&queryType=qc%20http://www.facebook.com/plugins/like.php?href=http://digiarch.sinica.edu.tw/content/subject/resource_content.jsp?oid=16777532&layout=button_count&show_faces=false&action=like&font=arial&colorscheme=light HTTP/1.1" 200 34708
157.55.39.48 - - [15/Jan/2016:00:34:27 +0800] "GET /content/subject/resource_content.jsp?oid=16777302&queryType=qc HTTP/1.1" 200 33444
66.249.74.74 - - [15/Jan/2016:00:34:45 +0800] "GET /digiarch3/content/nav/relationSubject.jsp?relationWords=%E5%B9%B3%E5%AE%89%E7%AC%A6+%E9%8E%AE%E5%AE%85%E5%B9%B3%E5%AE%89+&oid=4362902 HTTP/1.1" 200 3115
66.249.71.5 - - [15/Jan/2016:00:34:47 +0800] "GET /digiarch3/content/nav/relationSubject.jsp?relationWords=%E5%B9%B3%E5%AE%89%E7%AC%A6%20%E9%8E%AE%E5%AE%85%E5%B9%B3%E5%AE%89%20&oid=4362902 HTTP/1.1" 200 3115
66.249.71.72 - - [15/Jan/2016:00:36:21 +0800] "GET /content/repository/resource_content.jsp?oid=2576096 HTTP/1.1" 200 29078
66.249.77.85 - - [15/Jan/2016:00:36:35 +0800] "GET /content/repository/resource_content.jsp?oid=4362349&queryString=%E5%9C%9F%E5%9C%B0%E5%85%AC HTTP/1.1" 200 29314
220.133.181.244 - - [15/Jan/2016:00:36:48 +0800] "GET /content/nav/relationSubject.jsp?relationWords=%E6%9C%A8%E7%8A%80+%E6%A1%82%E8%8A%B1+&oid=16777255 HTTP/1.1" 200 4029
66.249.74.100 - - [15/Jan/2016:00:37:48 +0800] "GET /content/nav/relationSubject.jsp?relationWords=%E5%8F%B0%E7%81%A3%E9%A6%AC%E8%97%8D+%E6%A4%8D%E7%89%A9%E7%95%8C+%E7%88%B5%E5%BA%8A%E7%A7%91+%E7%8E%84%E5%8F%83+&oid=1105449 HTTP/1.1" 200 3399
66.249.71.14 - - [15/Jan/2016:00:38:29 +0800] "GET /digiarch3/content/nav/relationSubject.jsp?relationWords=%E4%B8%AD%E8%85%B9+%E4%B8%AD%E8%85%B9%E8%B6%B3%E7%9B%AE+%E8%85%B9%E8%B6%B3%E7%B6%B1+%E8%9C%98%E8%9B%9B%E8%9E%BA+%E9%B3%B3%E5%87%B0%E8%9E%BA+&oid=523999 HTTP/1.1" 200 3452
66.249.74.72 - - [15/Jan/2016:00:38:31 +0800] "GET /digiarch3/content/nav/relationSubject.jsp?relationWords=%E4%B8%AD%E8%85%B9%20%E4%B8%AD%E8%85%B9%E8%B6%B3%E7%9B%AE%20%E8%85%B9%E8%B6%B3%E7%B6%B1%20%E8%9C%98%E8%9B%9B%E8%9E%BA%20%E9%B3%B3%E5%87%B0%E8%9E%BA%20&oid=523999 HTTP/1.1" 200 3452
61.135.189.96 - - [15/Jan/2016:00:39:04 +0800] "GET /digiarch3/content/subject/resource_content.jsp?oid=16777691&queryType=qc HTTP/1.1" 200 35014
66.249.71.60 - - [15/Jan/2016:00:39:11 +0800] "GET /digiarch_en/content/repository/resource_content.jsp?oid=1126281&queryString=%E5%B0%96%E8%A7%92%E6%B1%9F%E7%8F%A7%E8%9B%A4%20%E6%B1%9F%E7%8F%A7%E8%9B%A4%20%E8%9B%A4%E7%A7%91%20%E8%B2%BD%E8%B2%9D%20%E9%9B%99%E6%AE%BC%E7%B6%B1 HTTP/1.1" 200 24165
61.135.189.96 - - [15/Jan/2016:00:39:18 +0800] "GET /digiarch3/content/tmp_exh/resource_content.jsp?oid=16777721&queryType=qc HTTP/1.1" 200 34280
61.135.189.96 - - [15/Jan/2016:00:39:31 +0800] "GET /digiarch3/content/subject/resource_content.jsp?oid=16777468&queryType=qc HTTP/1.1" 200 33266
163.13.11.9 - - [15/Jan/2016:00:41:15 +0800] "GET /content/nav/relationSubject.jsp?relationWords=&oid=16777459 HTTP/1.1" 200 1405
66.249.71.72 - - [15/Jan/2016:00:41:31 +0800] "GET /digiarch_en/content/nav/relationSubject.jsp?relationWords=%E6%A7%8D%E9%A0%AD%E7%9F%B3%E6%96%91%E9%AD%9A+%E9%81%8E%E9%AD%9A+%E9%9E%8D%E5%B8%B6%E7%9F%B3%E6%96%91%E9%AD%9A+%E9%AE%A8%E7%A7%91+%E9%BE%8D%E8%86%BD%E7%9F%B3%E6%96%91+&oid=4353498 HTTP/1.1" 200 3594
66.249.74.98 - - [15/Jan/2016:00:41:33 +0800] "GET /digiarch_en/content/nav/relationSubject.jsp?relationWords=%E6%A7%8D%E9%A0%AD%E7%9F%B3%E6%96%91%E9%AD%9A%20%E9%81%8E%E9%AD%9A%20%E9%9E%8D%E5%B8%B6%E7%9F%B3%E6%96%91%E9%AD%9A%20%E9%AE%A8%E7%A7%91%20%E9%BE%8D%E8%86%BD%E7%9F%B3%E6%96%91%20&oid=4353498 HTTP/1.1" 200 3594
61.135.189.96 - - [15/Jan/2016:00:41:41 +0800] "GET /digiarch3/content/pictures/picture_content.jsp?oid=33554820&queryType=qc HTTP/1.1" 200 27906
66.249.71.64 - - [15/Jan/2016:00:41:47 +0800] "GET /content/repository/resource_content.jsp?oid=1813736 HTTP/1.1" 200 28889
61.135.189.96 - - [15/Jan/2016:00:41:53 +0800] "GET /digiarch3/content/subject/resource_content.jsp?oid=16777469&queryType=qc HTTP/1.1" 200 31175
61.135.189.96 - - [15/Jan/2016:00:42:04 +0800] "GET /digiarch3/content/tmp_tec/resource_content.jsp?oid=16777703 HTTP/1.1" 200 25974
118.233.29.145 - - [15/Jan/2016:00:42:09 +0800] "GET /content/repository/resource_content.jsp?oid=1106027 HTTP/1.1" 200 31018
