66.249.71.64 - - [24/Jan/2016:05:24:28 +0800] "GET /content/nav/relationSubject.jsp?relationWords=%E4%BA%BA%E5%A3%BD%E4%BF%9D%E9%9A%AA+%E4%BF%A1%E8%A8%97%E6%8A%95%E8%B3%87%E5%85%AC%E5%8F%B8+%E5%9C%9F%E5%9C%B0%E9%96%8B%E7%99%BC+%E8%82%A1%E4%BB%BD%E6%9C%89%E9%99%90%E5%85%AC%E5%8F%B8+%E8%87%BA%E5%8C%97%E5%B8%82+%E8%87%BA%E7%81%A3%E4%BA%BA%E5%A3%BD+%E8%87%BA%E7%81%A3%E7%9C%81%E6%94%BF%E5%BA%9C+%E8%A3%95%E5%9C%8B+&oid=1899142 HTTP/1.1" 200 5059
66.249.71.60 - - [24/Jan/2016:05:24:30 +0800] "GET /content/nav/relationSubject.jsp?relationWords=%E4%BA%BA%E5%A3%BD%E4%BF%9D%E9%9A%AA%20%E4%BF%A1%E8%A8%97%E6%8A%95%E8%B3%87%E5%85%AC%E5%8F%B8%20%E5%9C%9F%E5%9C%B0%E9%96%8B%E7%99%BC%20%E8%82%A1%E4%BB%BD%E6%9C%89%E9%99%90%E5%85%AC%E5%8F%B8%20%E8%87%BA%E5%8C%97%E5%B8%82%20%E8%87%BA%E7%81%A3%E4%BA%BA%E5%A3%BD%20%E8%87%BA%E7%81%A3%E7%9C%81%E6%94%BF%E5%BA%9C%20%E8%A3%95%E5%9C%8B%20&oid=1899142 HTTP/1.1" 200 5059
66.249.71.105 - - [24/Jan/2016:05:24:31 +0800] "GET /content/repository/resource_content.jsp?oid=2510691&queryType=qs&queryString=%E5%8C%B1%E7%B8%A3 HTTP/1.1" 200 29746
66.249.71.155 - - [24/Jan/2016:05:24:43 +0800] "GET /content/repository/resource_content.jsp?oid=2686850&queryType=qs&queryString=%E5%BE%90%E5%BB%A3%E7%B8%89 HTTP/1.1" 200 30443
66.249.71.113 - - [24/Jan/2016:05:25:04 +0800] "GET /content/repository/resource_content.jsp?oid=2676277&queryType=qs&queryString=%E6%BC%95%E9%81%8B HTTP/1.1" 200 30059
66.249.71.105 - - [24/Jan/2016:05:25:38 +0800] "GET /content/repository/resource_content.jsp?oid=1780188&queryType=qs&queryString=%E9%8B%B8%E9%BD%92%E7%B4%8B HTTP/1.1" 200 29018
66.249.71.64 - - [24/Jan/2016:05:26:05 +0800] "GET /content/nav/relationSubject.jsp?relationWords=&oid=2670548 HTTP/1.1" 200 1405
66.249.71.113 - - [24/Jan/2016:05:26:11 +0800] "GET /content/repository/resource_content.jsp?oid=2674297&queryType=qs&queryString=%E8%8F%AF%E5%96%84 HTTP/1.1" 200 29842
66.249.71.14 - - [24/Jan/2016:05:26:45 +0800] "GET /digiarch3/content/subject/resource_content.jsp?oid=16777647&queryType=qs&queryString=%E8%87%BA%E5%8C%97%E5%B7%9E%E7%9F%A5%E4%BA%8B HTTP/1.1" 200 56473
66.249.74.59 - - [24/Jan/2016:05:27:18 +0800] "GET /content/repository/resource_content.jsp?oid=2588826&queryType=qs&queryString=%E4%BC%8A%E8%98%AD HTTP/1.1" 200 29400
66.249.71.60 - - [24/Jan/2016:05:27:40 +0800] "GET /content/nav/relationSubject.jsp?relationWords=%E5%A0%B1%E6%98%A5%E8%8A%B1+%E6%98%9F%E5%AE%BF%E8%8F%9C+%E6%A4%8D%E7%89%A9%E7%95%8C+%E7%8F%8D%E7%8F%A0%E8%8F%9C%E5%B1%AC+&oid=1108261 HTTP/1.1" 200 3307
66.249.71.64 - - [24/Jan/2016:05:27:43 +0800] "GET /content/nav/relationSubject.jsp?relationWords=%E5%A0%B1%E6%98%A5%E8%8A%B1%20%E6%98%9F%E5%AE%BF%E8%8F%9C%20%E6%A4%8D%E7%89%A9%E7%95%8C%20%E7%8F%8D%E7%8F%A0%E8%8F%9C%E5%B1%AC%20&oid=1108261 HTTP/1.1" 200 3307
66.249.71.113 - - [24/Jan/2016:05:27:51 +0800] "GET /content/repository/resource_content.jsp?oid=4442357&queryType=qs&queryString=%E5%80%AB%E7%90%86%E5%AD%B8 HTTP/1.1" 200 28719
66.249.71.64 - - [24/Jan/2016:05:28:25 +0800] "GET /content/repository/resource_content.jsp?oid=21515 HTTP/1.1" 200 29694
66.249.71.60 - - [24/Jan/2016:05:28:58 +0800] "GET /content/repository/resource_content.jsp?oid=2524009 HTTP/1.1" 200 28957
66.249.71.72 - - [24/Jan/2016:05:29:06 +0800] "GET /content/repository/resource_content.jsp?oid=2683610&queryString=%E5%A5%89%E8%AB%AD HTTP/1.1" 200 30089
66.249.71.60 - - [24/Jan/2016:05:29:31 +0800] "GET /content/repository/resource_content.jsp?oid=1888522 HTTP/1.1" 200 28616
66.249.71.64 - - [24/Jan/2016:05:30:05 +0800] "GET /content/subject/resource_content.jsp?oid=16777619&queryType=qs&queryString=%E8%87%BA%E5%8C%97%E5%B8%82 HTTP/1.1" 200 78720
66.249.74.98 - - [24/Jan/2016:05:30:40 +0800] "GET /content/subject/resource_content.jsp?oid=16777735&queryType=qs&queryString=%E6%B3%B0%E9%9B%85%E6%97%8F HTTP/1.1" 200 32549
66.249.71.5 - - [24/Jan/2016:05:31:11 +0800] "GET /digiarch3/content/subject/resource_content.jsp?oid=16777835&queryType=qs&queryString=%E9%BB%83%E5%9C%9F%E6%B0%B4 HTTP/1.1" 200 51223
207.46.13.170 - - [24/Jan/2016:05:31:15 +0800] "GET /content/nav/relationSubject.jsp?relationWords=%E8%8B%A6%E8%8B%93+&oid=16777317 HTTP/1.1" 200 3183
66.249.71.64 - - [24/Jan/2016:05:31:17 +0800] "GET /content/repository/resource_content.jsp?oid=3819336&queryString=%E5%B1%B1%E6%AB%BB%E6%A1%83%20%E5%B1%B1%E6%AB%BB%E8%8A%B1%20%E6%A2%85%E5%B1%AC%20%E6%A4%8D%E7%89%A9%E7%95%8C%20%E7%B7%8B%E6%AB%BB%20%E8%96%94%E8%96%87%E7%9B%AE%20%E8%96%94%E8%96%87%E7%A7%91 HTTP/1.1" 200 31101
66.249.74.72 - - [24/Jan/2016:05:31:32 +0800] "GET /digiarch3/content/nav/relationSubject.jsp?relationWords=%E4%B8%AD%E5%9C%8B%E8%98%AD%E5%B1%AC%20%E5%9C%8B%E8%98%AD%20%E5%A0%B1%E6%AD%B2%E8%98%AD%20%E8%95%99%E8%98%AD%20%E8%98%AD%E5%B1%AC%20%E8%98%AD%E8%95%99%E5%B1%AC%20&oid=2143593 HTTP/1.1" 200 3177
66.249.71.60 - - [24/Jan/2016:05:31:35 +0800] "GET /content/nav/relationSubject.jsp?relationWords=%E6%AE%98%E9%8A%85%E4%BB%B6+&oid=1852221 HTTP/1.1" 200 3008
66.249.71.60 - - [24/Jan/2016:05:31:37 +0800] "GET /content/nav/relationSubject.jsp?relationWords=%E6%AE%98%E9%8A%85%E4%BB%B6%20&oid=1852221 HTTP/1.1" 200 3008
66.249.71.64 - - [24/Jan/2016:05:31:45 +0800] "GET /content/repository/resource_content.jsp?oid=1847980 HTTP/1.1" 200 30463
68.180.228.24 - - [24/Jan/2016:05:31:50 +0800] "GET /content/subject/resource_content.jsp?oid=16797240&queryType=qc HTTP/1.1" 200 42460
66.249.71.5 - - [24/Jan/2016:05:32:18 +0800] "GET /digiarch3/content/repository/resource_content.jsp?oid=1806812&queryType=qs&queryString=%E9%8D%BE%E9%9B%A2 HTTP/1.1" 200 43603
66.249.71.105 - - [24/Jan/2016:05:32:52 +0800] "GET /content/repository/resource_content.jsp?oid=4468662&queryType=qs&queryString=%E7%B1%B3%E6%B0%8F HTTP/1.1" 200 29794
66.249.74.59 - - [24/Jan/2016:05:33:32 +0800] "GET /content/repository/resource_content.jsp?oid=4364320&queryType=qs&queryString=%E8%BD%89%E8%BC%AA%E7%8E%8B HTTP/1.1" 200 28358
66.249.71.121 - - [24/Jan/2016:05:33:36 +0800] "GET /content/nav/relationSubject.jsp?relationWords=%E4%BA%AC%E9%8A%85+%E5%B7%A5%E9%83%A8+&oid=2682663 HTTP/1.1" 200 3103
66.249.74.59 - - [24/Jan/2016:05:33:38 +0800] "GET /content/nav/relationSubject.jsp?relationWords=%E4%BA%AC%E9%8A%85%20%E5%B7%A5%E9%83%A8%20&oid=2682663 HTTP/1.1" 200 3103
66.249.74.98 - - [24/Jan/2016:05:33:52 +0800] "GET /content/nav/relationSubject.jsp?relationWords=&oid=182457 HTTP/1.1" 200 1405
66.249.71.121 - - [24/Jan/2016:05:33:58 +0800] "GET /content/repository/resource_content.jsp?oid=2622567&queryType=qs&queryString=%E8%B1%AB%E7%AB%A0 HTTP/1.1" 200 29127
66.249.71.105 - - [24/Jan/2016:05:34:39 +0800] "GET /content/nav/relationSubject.jsp?relationWords=%E5%8F%B0%E7%81%A3%E5%8E%9F%E4%BD%8F%E6%B0%91+%E7%A4%BE%E6%9C%83%E5%95%8F%E9%A1%8C+%E9%9D%92%E5%B0%91%E5%B9%B4+&oid=1777991 HTTP/1.1" 200 5223
66.249.71.105 - - [24/Jan/2016:05:34:41 +0800] "GET /content/nav/relationSubject.jsp?relationWords=%E5%8F%B0%E7%81%A3%E5%8E%9F%E4%BD%8F%E6%B0%91%20%E7%A4%BE%E6%9C%83%E5%95%8F%E9%A1%8C%20%E9%9D%92%E5%B0%91%E5%B9%B4%20&oid=1777991 HTTP/1.1" 200 5223
66.249.71.72 - - [24/Jan/2016:05:34:57 +0800] "GET /content/nav/relationSubject.jsp?relationWords=&oid=2546231 HTTP/1.1" 200 1405
66.249.71.60 - - [24/Jan/2016:05:35:05 +0800] "GET /content/repository/resource_content.jsp?oid=1535439 HTTP/1.1" 200 28495
66.249.74.98 - - [24/Jan/2016:05:35:39 +0800] "GET /content/repository/resource_content.jsp?oid=4388073 HTTP/1.1" 200 30478
66.249.71.72 - - [24/Jan/2016:05:36:25 +0800] "GET /digiarch_en/content/subject/resource_content.jsp?oid=16777313&queryType=qc HTTP/1.1" 200 29067
66.249.74.61 - - [24/Jan/2016:05:36:37 +0800] "GET /content/nav/relationSubject.jsp?relationWords=&oid=2588826 HTTP/1.1" 200 1405
66.249.74.59 - - [24/Jan/2016:05:36:46 +0800] "GET /content/repository/resource_content.jsp?oid=1776972&queryType=qs&queryString=%E6%96%87%E5%8C%96%E6%94%BF%E6%B2%BB HTTP/1.1" 200 36625
66.249.71.105 - - [24/Jan/2016:05:37:19 +0800] "GET /content/repository/resource_content.jsp?oid=695106&queryType=qs&queryString=%E6%B5%99%E5%A2%83 HTTP/1.1" 200 29193
66.249.71.64 - - [24/Jan/2016:05:37:21 +0800] "GET /content/nav/relationSubject.jsp?relationWords=%E5%8A%AB%E5%8F%83%20%E6%96%87%E6%AD%A6%E5%93%A1%20%E9%86%87%E8%89%AF%20&oid=2627058 HTTP/1.1" 200 3190
66.249.71.64 - - [24/Jan/2016:05:37:51 +0800] "GET /content/repository/resource_content.jsp?oid=1546313 HTTP/1.1" 200 33321
66.249.71.113 - - [24/Jan/2016:05:37:53 +0800] "GET /content/repository/resource_content.jsp?oid=22665&queryType=qs&queryString=%E8%9D%A6%E9%AD%9A HTTP/1.1" 200 30023
66.249.74.59 - - [24/Jan/2016:05:38:26 +0800] "GET /content/repository/resource_content.jsp?oid=2512732&queryType=qs&queryString=%E5%B7%B4%E5%93%88%E5%B8%83 HTTP/1.1" 200 30027
66.249.71.60 - - [24/Jan/2016:05:39:33 +0800] "GET /content/repository/resource_content.jsp?oid=1519424 HTTP/1.1" 200 32281
66.249.71.72 - - [24/Jan/2016:05:40:02 +0800] "GET /digiarch_en/content/subject/resource_content.jsp?oid=16777725&queryString=%E5%8F%B0%E7%81%A3%E5%8E%9F%E4%BD%8F%E6%B0%91%20%E7%85%99%E6%96%97%20%E8%8F%B8%E8%8D%89 HTTP/1.1" 200 28294
66.249.74.63 - - [24/Jan/2016:05:40:33 +0800] "GET /content/nav/relationSubject.jsp?relationWords=%E8%99%B9%E9%B1%92+%E9%AE%AD%E7%A7%91+%E9%B1%92%E9%AD%9A+%E9%BA%A5%E5%A5%87%E9%89%A4%E5%90%BB%E9%B1%92+&oid=14438 HTTP/1.1" 200 2302
66.249.71.105 - - [24/Jan/2016:05:40:35 +0800] "GET /content/nav/relationSubject.jsp?relationWords=%E8%99%B9%E9%B1%92%20%E9%AE%AD%E7%A7%91%20%E9%B1%92%E9%AD%9A%20%E9%BA%A5%E5%A5%87%E9%89%A4%E5%90%BB%E9%B1%92%20&oid=14438 HTTP/1.1" 200 2302
66.249.77.85 - - [24/Jan/2016:05:40:39 +0800] "GET /content/repository/resource_content.jsp?oid=1567770&queryType=qs&queryString=%E4%BA%8C%E4%BB%81%E6%BA%AA HTTP/1.1" 200 28926
66.249.71.72 - - [24/Jan/2016:05:40:42 +0800] "GET /content/nav/relationSubject.jsp?relationWords=%E7%94%B7%E5%96%AA%E5%B7%BE+&oid=1782043 HTTP/1.1" 200 2954
66.249.71.60 - - [24/Jan/2016:05:40:44 +0800] "GET /content/nav/relationSubject.jsp?relationWords=%E7%94%B7%E5%96%AA%E5%B7%BE%20&oid=1782043 HTTP/1.1" 200 2954
66.249.71.14 - - [24/Jan/2016:05:41:37 +0800] "GET /digiarch3/content/repository/resource_content.jsp?oid=1561820&queryType=qs&queryString=%E6%89%8B%E5%B7%A5%E6%A5%AD HTTP/1.1" 200 33505
68.180.228.24 - - [24/Jan/2016:05:41:38 +0800] "GET /digiarch_en/content/subject/resource_content.jsp?oid=16777347&queryType=qc HTTP/1.1" 200 28848
66.249.71.23 - - [24/Jan/2016:05:41:51 +0800] "GET /digiarch3/content/repository/resource_content.jsp?oid=2687307&queryType=qs&queryString=%E5%85%B5%E4%B8%81 HTTP/1.1" 200 30590
157.55.39.247 - - [24/Jan/2016:05:42:03 +0800] "GET /content/nav/relationSubject.jsp?relationWords=&oid=16777328 HTTP/1.1" 200 1405
66.249.71.72 - - [24/Jan/2016:05:42:14 +0800] "GET /content/nav/relationSubject.jsp?relationWords=%E6%A4%8D%E7%89%A9%E7%95%8C+%E7%95%BF%E5%85%A7%E5%86%AC%E8%91%B5%E5%AD%90+%E8%8E%94%E9%BA%BB+%E9%8C%A6%E8%91%B5+%E9%8C%A6%E8%91%B5%E7%A7%91+&oid=2148739 HTTP/1.1" 200 3341
66.249.74.98 - - [24/Jan/2016:05:42:18 +0800] "GET /content/nav/relationSubject.jsp?relationWords=%E6%A4%8D%E7%89%A9%E7%95%8C%20%E7%95%BF%E5%85%A7%E5%86%AC%E8%91%B5%E5%AD%90%20%E8%8E%94%E9%BA%BB%20%E9%8C%A6%E8%91%B5%20%E9%8C%A6%E8%91%B5%E7%A7%91%20&oid=2148739 HTTP/1.1" 200 3341
66.249.74.100 - - [24/Jan/2016:05:42:53 +0800] "GET /content/repository/resource_content.jsp?oid=1609211 HTTP/1.1" 200 30306
66.249.71.60 - - [24/Jan/2016:05:43:26 +0800] "GET /content/repository/resource_content.jsp?oid=1820401 HTTP/1.1" 200 28964
182.118.21.203 - - [24/Jan/2016:05:43:41 +0800] "GET /digiarch3/content/subject/resource_content.jsp?oid=16777352&queryType=qc HTTP/1.1" 200 28006
66.249.71.105 - - [24/Jan/2016:05:43:59 +0800] "GET /content/repository/resource_content.jsp?oid=4362383&queryType=qs&queryString=%E9%81%BF%E9%82%AA HTTP/1.1" 200 29768
66.249.71.60 - - [24/Jan/2016:05:44:01 +0800] "GET /content/nav/relationSubject.jsp?relationWords=%E7%AD%8D%E8%9E%BA%20%E7%AD%8D%E8%9E%BA%E5%B1%AC%20%E8%85%B9%E8%B6%B3%E7%B6%B1%20%E8%8A%B1%E7%AD%8D%E8%9E%BA%20&oid=1123508 HTTP/1.1" 200 3330
66.249.71.64 - - [24/Jan/2016:05:44:25 +0800] "GET /content/repository/resource_content.jsp?oid=4551567&queryString=%E7%B0%BE%E8%9B%A4%E7%9B%AE%20%E7%B4%AB%E6%99%83%E8%82%89%20%E8%9B%A4%E7%A7%91%20%E8%A5%BF%E6%96%BD%E8%88%8C%20%E8%A5%BF%E6%96%BD%E8%88%8C%E5%B1%AC%20%E8%A5%BF%E8%82%9A%E8%88%8C%20%E9%9B%99%E6%AE%BC%E7%B6%B1%20%E9%9B%99%E7%B7%9A%E8%A1%80%E8%9A%B6 HTTP/1.1" 200 30652
66.249.74.98 - - [24/Jan/2016:05:44:33 +0800] "GET /content/subject/resource_content.jsp?oid=16777556 HTTP/1.1" 200 40285
66.249.71.60 - - [24/Jan/2016:05:45:06 +0800] "GET /content/repository/resource_content.jsp?oid=1848709&queryString=%E6%8F%90%E6%A2%81%20%E6%8F%90%E6%A2%81%E5%8D%A3%20%E7%8D%B8%E9%9D%A2%20%E7%8D%B8%E9%9D%A2%E7%B4%8B%20%E9%85%92%E5%99%A8 HTTP/1.1" 200 31315
66.249.71.60 - - [24/Jan/2016:05:45:23 +0800] "GET /content/nav/relationSubject.jsp?relationWords=&oid=1176550 HTTP/1.1" 200 1405
66.249.71.60 - - [24/Jan/2016:05:45:40 +0800] "GET /content/repository/resource_content.jsp?oid=189694&queryString=%E9%95%B7%E6%B3%B0%E7%B8%A3%20%E9%99%B8%E6%B8%AC%E5%9C%96 HTTP/1.1" 200 30718
68.180.228.24 - - [24/Jan/2016:05:46:13 +0800] "GET /content/repository/resource_content.jsp?oid=1900051 HTTP/1.1" 200 29410
66.249.71.60 - - [24/Jan/2016:05:46:13 +0800] "GET /content/repository/resource_content.jsp?oid=1633811 HTTP/1.1" 200 28726
66.249.71.64 - - [24/Jan/2016:05:46:46 +0800] "GET /content/repository/resource_content.jsp?oid=1523818 HTTP/1.1" 200 28843
142.129.133.55 - - [24/Jan/2016:05:47:47 +0800] "GET /content/nav/relationSubject.jsp?relationWords=%E6%9C%A8%E7%8A%80+%E6%A1%82%E8%8A%B1+&oid=16777255 HTTP/1.1" 200 4029
66.249.71.60 - - [24/Jan/2016:05:47:53 +0800] "GET /content/repository/resource_content.jsp?oid=1113373&queryString=%E5%8D%81%E5%AD%97%E8%8A%B1%E7%A7%91%20%E6%A4%8D%E7%89%A9%E7%95%8C%20%E7%AD%B7%E5%AD%90%E8%8A%A5%E5%B1%AC%20%E9%9B%99%E5%AD%90%E8%91%89%E6%A4%8D%E7%89%A9%20%E9%BD%92%E8%91%89%E5%8D%97%E8%8A%A5%20%E9%BD%92%E8%91%89%E7%AD%B7%E5%AD%90%E8%8A%A5 HTTP/1.1" 200 31751
66.249.71.60 - - [24/Jan/2016:05:48:27 +0800] "GET /content/repository/resource_content.jsp?oid=1081825&queryString=%E8%8E%AB%E6%B0%8F%E8%BB%B8%E5%85%89%E9%AD%9A HTTP/1.1" 200 30101
66.249.74.100 - - [24/Jan/2016:05:48:48 +0800] "GET /content/repository/resource_content.jsp?oid=1775726 HTTP/1.1" 200 28672
66.249.71.105 - - [24/Jan/2016:05:49:00 +0800] "GET /content/repository/resource_content.jsp?oid=2568726&queryType=qs&queryString=%E5%85%B5%E7%B3%A7 HTTP/1.1" 200 30354
66.249.74.59 - - [24/Jan/2016:05:49:34 +0800] "GET /content/repository/resource_content.jsp?oid=2663501&queryType=qs&queryString=%E7%91%9E%E9%87%91 HTTP/1.1" 200 29974
182.118.20.203 - - [24/Jan/2016:05:50:07 +0800] "GET /digiarch3/content/pictures/picture_content.jsp?oid=33554820 HTTP/1.1" 200 27906
66.249.71.121 - - [24/Jan/2016:05:50:07 +0800] "GET /content/repository/resource_content.jsp?oid=2644199&queryType=qs&queryString=%E7%A1%9D%E7%A3%BA HTTP/1.1" 200 29731
220.181.108.141 - - [24/Jan/2016:05:50:18 +0800] "GET /content/subject/resource_content.jsp?oid=16777734&queryType=qc HTTP/1.1" 200 40291
66.249.74.59 - - [24/Jan/2016:05:50:41 +0800] "GET /content/repository/resource_content.jsp?oid=2521571&queryType=qs&queryString=%E6%A5%9A%E5%A7%9A HTTP/1.1" 200 29946
66.249.71.60 - - [24/Jan/2016:05:50:41 +0800] "GET /content/nav/relationSubject.jsp?relationWords=%E4%BB%A4%E7%AF%80+%E5%85%83%E6%97%A6+&oid=2548706 HTTP/1.1" 200 4459
66.249.71.72 - - [24/Jan/2016:05:50:43 +0800] "GET /content/nav/relationSubject.jsp?relationWords=%E4%BB%A4%E7%AF%80%20%E5%85%83%E6%97%A6%20&oid=2548706 HTTP/1.1" 200 4459
182.118.22.230 - - [24/Jan/2016:05:50:53 +0800] "GET /digiarch3/content/pictures/picture_content.jsp?oid=33554818 HTTP/1.1" 200 27818
66.249.74.100 - - [24/Jan/2016:05:50:59 +0800] "GET /content/repository/resource_content.jsp?oid=16151&queryString=%E8%99%8E%E7%A7%91%20%E8%B0%B7%E6%B4%A5%E6%B0%8F%E7%8C%B4%E9%AF%8A HTTP/1.1" 200 30996
66.249.71.105 - - [24/Jan/2016:05:51:13 +0800] "GET /content/repository/resource_content.jsp?oid=2560756&queryType=qs&queryString=%E9%BE%8D%E9%97%9C HTTP/1.1" 200 29152
142.129.133.55 - - [24/Jan/2016:05:51:32 +0800] "GET /content/repository/resource_content.jsp?oid=3826003&queryString=%E6%9C%A8%E7%8A%80%20%E6%A1%82%E8%8A%B1 HTTP/1.1" 200 31360
142.129.133.55 - - [24/Jan/2016:05:51:32 +0800] "GET /content/nav/relationSubject.jsp?relationWords=%E5%8F%B0%E7%81%A3%E5%B1%B1%E6%A1%82%E8%8A%B1+%E5%A0%B1%E6%98%A5%E8%8A%B1+%E5%B1%B1%E6%A1%82%E8%8A%B1%E5%B1%AC+%E6%A4%8D%E7%89%A9%E7%95%8C+%E7%B4%AB%E9%87%91%E7%89%9B%E7%A7%91+&oid=3826003 HTTP/1.1" 200 3386
66.249.71.64 - - [24/Jan/2016:05:51:47 +0800] "GET /content/repository/resource_content.jsp?oid=1627950 HTTP/1.1" 200 29003
142.129.133.55 - - [24/Jan/2016:05:51:49 +0800] "GET /content/repository/resource_content.jsp?oid=1113743&queryString=%E6%9C%A8%E7%8A%80%20%E6%A1%82%E8%8A%B1 HTTP/1.1" 200 31597
142.129.133.55 - - [24/Jan/2016:05:51:50 +0800] "GET /content/nav/relationSubject.jsp?relationWords=%E5%A0%B1%E6%98%A5%E8%8A%B1+%E5%B1%B1%E6%A1%82%E8%8A%B1+%E5%B1%B1%E6%A1%82%E8%8A%B1%E5%B1%AC+%E6%A4%8D%E7%89%A9%E7%95%8C+%E7%B4%AB%E9%87%91%E7%89%9B%E7%A7%91+&oid=1113743 HTTP/1.1" 200 3468
142.129.133.55 - - [24/Jan/2016:05:51:56 +0800] "GET /content/repository/resource_content.jsp?oid=3822542&queryString=%E6%9C%A8%E7%8A%80%20%E6%A1%82%E8%8A%B1 HTTP/1.1" 200 31218
142.129.133.55 - - [24/Jan/2016:05:51:56 +0800] "GET /content/nav/relationSubject.jsp?relationWords=%E5%A0%B1%E6%98%A5%E8%8A%B1+%E5%B1%B1%E6%A1%82%E8%8A%B1+%E5%B1%B1%E6%A1%82%E8%8A%B1%E5%B1%AC+%E6%A4%8D%E7%89%A9%E7%95%8C+%E7%B4%AB%E9%87%91%E7%89%9B%E7%A7%91+&oid=3822542 HTTP/1.1" 200 3468
66.249.71.60 - - [24/Jan/2016:05:52:21 +0800] "GET /content/repository/resource_content.jsp?oid=1550324 HTTP/1.1" 200 30180
66.249.71.105 - - [24/Jan/2016:05:52:54 +0800] "GET /content/repository/resource_content.jsp?oid=1847859&queryType=qs&queryString=%E6%9D%BE%E7%9F%B3 HTTP/1.1" 200 30876
66.249.71.72 - - [24/Jan/2016:05:53:09 +0800] "GET /content/pictures/picture_content.jsp?oid=33554814 HTTP/1.1" 200 27631
66.249.71.105 - - [24/Jan/2016:05:53:27 +0800] "GET /content/repository/resource_content.jsp?oid=2659791&queryType=qs&queryString=%E5%B8%83%E6%8B%89%E5%85%8B HTTP/1.1" 200 29717
120.26.2.217 - - [24/Jan/2016:05:53:42 +0800] "GET /content/subject/resource_content.jsp?oid=16777422&queryType=qc HTTP/1.0" 200 44759
121.40.211.174 - - [24/Jan/2016:05:53:42 +0800] "GET /content/subject/resource_content.jsp?oid=16777426&queryType=qc HTTP/1.0" 200 38832
120.26.0.43 - - [24/Jan/2016:05:53:43 +0800] "GET /content/subject/resource_content.jsp?oid=16797293&queryType=qc HTTP/1.0" 200 46190
120.26.2.225 - - [24/Jan/2016:05:53:43 +0800] "GET /content/subject/resource_content.jsp?oid=16777284&queryType=qc HTTP/1.0" 200 36892
120.26.2.22 - - [24/Jan/2016:05:53:43 +0800] "GET /content/subject/resource_content.jsp?oid=16777391&queryType=qc HTTP/1.0" 200 41579
120.26.0.33 - - [24/Jan/2016:05:53:44 +0800] "GET /content/subject/resource_content.jsp?oid=16777409&queryType=qc HTTP/1.0" 200 37680
121.41.117.40 - - [24/Jan/2016:05:53:44 +0800] "GET /content/subject/resource_content.jsp?oid=16797335&queryType=qc HTTP/1.0" 200 60330
121.40.147.231 - - [24/Jan/2016:05:53:44 +0800] "GET /content/subject/resource_content.jsp?oid=16777285&queryType=qc HTTP/1.0" 200 28965
120.26.0.197 - - [24/Jan/2016:05:53:45 +0800] "GET /content/subject/resource_content.jsp?oid=16777617&queryType=qc HTTP/1.0" 200 60935
120.26.0.43 - - [24/Jan/2016:05:53:45 +0800] "GET /content/subject/resource_content.jsp?oid=16777619&queryType=qc HTTP/1.0" 200 78680
66.249.71.72 - - [24/Jan/2016:05:54:00 +0800] "GET /content/repository/resource_content.jsp?oid=216984&queryString=GIS%20%E5%9C%B0%E5%BD%A2%E5%9C%96%20%E5%A0%A1%E5%9C%96%20%E8%95%83%E5%9C%B0 HTTP/1.1" 200 30879
66.249.71.72 - - [24/Jan/2016:05:54:06 +0800] "GET /content/nav/relationSubject.jsp?relationWords=%E5%82%B5%E6%AC%8A+%E5%8F%B8%E6%B3%95%E6%A9%9F%E9%97%9C+%E5%98%89%E7%BE%A9%E5%9C%B0%E6%96%B9%E6%B3%95%E9%99%A2+%E5%98%89%E7%BE%A9%E5%B8%82+%E7%A7%BB%E9%80%81+%E8%87%BA%E7%81%A3%E7%9C%81%E5%8F%83%E8%AD%B0%E6%9C%83+%E9%8A%85%E9%90%98+&oid=1516018 HTTP/1.1" 200 3471
66.249.71.60 - - [24/Jan/2016:05:54:08 +0800] "GET /content/nav/relationSubject.jsp?relationWords=%E5%82%B5%E6%AC%8A%20%E5%8F%B8%E6%B3%95%E6%A9%9F%E9%97%9C%20%E5%98%89%E7%BE%A9%E5%9C%B0%E6%96%B9%E6%B3%95%E9%99%A2%20%E5%98%89%E7%BE%A9%E5%B8%82%20%E7%A7%BB%E9%80%81%20%E8%87%BA%E7%81%A3%E7%9C%81%E5%8F%83%E8%AD%B0%E6%9C%83%20%E9%8A%85%E9%90%98%20&oid=1516018 HTTP/1.1" 200 3471
66.249.71.60 - - [24/Jan/2016:05:54:20 +0800] "GET /content/nav/relationSubject.jsp?relationWords=%E5%A4%9A%E9%A0%AD%E8%8B%A6%E8%8F%9C+%E6%A4%8D%E7%89%A9%E7%95%8C+%E8%8B%A6%E8%97%9A%E8%8F%9C%E5%B1%AC+%E8%8F%8A%E7%A7%91+%E9%87%8E%E5%89%AA%E5%88%80%E8%82%A1+%E9%9B%99%E5%AD%90%E8%91%89%E6%A4%8D%E7%89%A9+&oid=2144541 HTTP/1.1" 200 3394
66.249.71.105 - - [24/Jan/2016:05:54:35 +0800] "GET /content/repository/resource_content.jsp?oid=804980&queryType=qs&queryString=%E4%BC%8A%E5%BE%B7 HTTP/1.1" 200 28248
120.26.1.217 - - [24/Jan/2016:05:54:42 +0800] "GET /content/subject/resource_content.jsp?oid=16777345&queryType=qc HTTP/1.0" 200 34990
66.249.74.61 - - [24/Jan/2016:05:55:08 +0800] "GET /content/repository/resource_content.jsp?oid=2679434&queryType=qs&queryString=%E8%87%A8%E6%B8%85 HTTP/1.1" 200 30021
66.249.74.100 - - [24/Jan/2016:05:55:41 +0800] "GET /content/repository/resource_content.jsp?oid=1609272 HTTP/1.1" 200 28485
66.249.71.105 - - [24/Jan/2016:05:56:14 +0800] "GET /content/repository/resource_content.jsp?oid=2682821&queryType=qs&queryString=%E8%88%B9%E6%96%99 HTTP/1.1" 200 30160
66.249.74.59 - - [24/Jan/2016:05:56:48 +0800] "GET /content/repository/resource_content.jsp?oid=2516295&queryType=qs&queryString=%E6%BC%94%E6%AD%A6%E5%A0%B4 HTTP/1.1" 200 29491
207.46.13.148 - - [24/Jan/2016:05:56:51 +0800] "GET /content/nav/relationSubject.jsp?relationWords=%E7%A9%97%E8%8A%B1%E5%B1%B1%E5%A5%88+%E9%87%8E%E8%96%91%E8%8A%B1+&oid=16777263 HTTP/1.1" 200 3284
66.249.71.60 - - [24/Jan/2016:05:57:01 +0800] "GET /content/nav/relationSubject.jsp?relationWords=%E7%8B%BC%E5%B1%B1%E9%8E%AE%E6%A8%99+&oid=2528779 HTTP/1.1" 200 3132
66.249.71.60 - - [24/Jan/2016:05:57:03 +0800] "GET /content/nav/relationSubject.jsp?relationWords=%E7%8B%BC%E5%B1%B1%E9%8E%AE%E6%A8%99%20&oid=2528779 HTTP/1.1" 200 3132
66.249.74.59 - - [24/Jan/2016:05:57:21 +0800] "GET /content/repository/resource_content.jsp?oid=3409192&queryType=qs&queryString=%E5%BC%B5%E9%8A%B3 HTTP/1.1" 200 29588
66.249.71.60 - - [24/Jan/2016:05:57:31 +0800] "GET /content/nav/relationSubject.jsp?relationWords=%E5%A4%AA%E9%AD%AF%E9%96%A3%E6%97%8F%20%E5%A4%AA%E9%AD%AF%E9%96%A3%E8%AA%9E%20%E8%AA%9E%E8%A8%80%E5%AD%B8%20&oid=1777603 HTTP/1.1" 200 3231
66.249.71.64 - - [24/Jan/2016:05:57:33 +0800] "GET /content/repository/resource_content.jsp?oid=14538&queryString=%E4%B9%9D%E5%AD%94%E8%9E%BA%20%E7%89%A1%E8%A0%A3%20%E9%AE%91%E9%AD%9A HTTP/1.1" 200 34243
66.249.71.113 - - [24/Jan/2016:05:57:54 +0800] "GET /content/repository/resource_content.jsp?oid=2674619&queryType=qs&queryString=%E9%B9%BD%E8%AA%B2 HTTP/1.1" 200 30119
66.249.74.59 - - [24/Jan/2016:05:58:28 +0800] "GET /content/repository/resource_content.jsp?oid=2690148&queryType=qs&queryString=%E6%85%B6%E9%81%A0 HTTP/1.1" 200 30300
66.249.71.60 - - [24/Jan/2016:05:58:52 +0800] "GET /content/nav/relationSubject.jsp?relationWords=&oid=784636 HTTP/1.1" 200 1405
66.249.71.121 - - [24/Jan/2016:05:59:01 +0800] "GET /content/repository/resource_content.jsp?oid=1602384&queryType=qs&queryString=%E6%95%99%E8%82%B2%E6%94%BF%E7%AD%96 HTTP/1.1" 200 29047
66.249.74.100 - - [24/Jan/2016:05:59:35 +0800] "GET /content/repository/resource_content.jsp?oid=1776600 HTTP/1.1" 200 27558
66.249.74.98 - - [24/Jan/2016:06:00:08 +0800] "GET /content/repository/resource_content.jsp?oid=14748&queryString=%E6%9D%BE%E6%AF%AC%20%E6%9F%8F%E6%B0%8F HTTP/1.1" 200 36716
182.118.20.233 - - [24/Jan/2016:06:00:09 +0800] "GET /digiarch3/content/pictures/picture_content.jsp?oid=33554819 HTTP/1.1" 200 27781
66.249.74.98 - - [24/Jan/2016:06:00:24 +0800] "GET /content/nav/relationSubject.jsp?relationWords=%E5%A4%9A%E6%A8%A3%E6%80%A7+%E7%A5%9E%E7%A5%AD+%E8%B2%9D%E5%A1%9A+%E8%B2%9D%E7%A5%9E+%E9%84%92%E6%97%8F+&oid=16777484 HTTP/1.1" 200 7500
66.249.71.60 - - [24/Jan/2016:06:00:41 +0800] "GET /content/subject/resource_content.jsp?oid=16777483&queryType=qs&queryString=%E6%8E%92%E7%81%A3%E8%AA%9E HTTP/1.1" 200 43779
66.249.71.72 - - [24/Jan/2016:06:01:14 +0800] "GET /content/repository/resource_content.jsp?oid=16377 HTTP/1.1" 200 34704
66.249.74.100 - - [24/Jan/2016:06:01:40 +0800] "GET /content/nav/relationSubject.jsp?relationWords=%E5%BB%BA%E7%89%A9%E6%95%B7%E5%9C%B0+%E7%9C%81%E6%94%BF%E5%BA%9C+%E8%87%A8%E6%99%82%E7%9C%81%E8%AD%B0%E6%9C%83+%E8%87%BA%E7%81%A3%E7%9C%81+%E9%99%B3%E5%92%8C%E9%8C%A6+&oid=1525641 HTTP/1.1" 200 4702
66.249.71.60 - - [24/Jan/2016:06:01:43 +0800] "GET /content/nav/relationSubject.jsp?relationWords=%E5%BB%BA%E7%89%A9%E6%95%B7%E5%9C%B0%20%E7%9C%81%E6%94%BF%E5%BA%9C%20%E8%87%A8%E6%99%82%E7%9C%81%E8%AD%B0%E6%9C%83%20%E8%87%BA%E7%81%A3%E7%9C%81%20%E9%99%B3%E5%92%8C%E9%8C%A6%20&oid=1525641 HTTP/1.1" 200 4702
66.249.71.64 - - [24/Jan/2016:06:01:54 +0800] "GET /content/tmp_auth/resource_content.jsp?oid=16777758 HTTP/1.1" 200 25317
66.249.71.60 - - [24/Jan/2016:06:02:21 +0800] "GET /content/repository/resource_content.jsp?oid=1113667&queryString=%E6%96%B0%E6%9C%A8%E8%96%91%E5%AD%90%E5%B1%AC%20%E6%A4%8D%E7%89%A9%E7%95%8C%20%E6%A8%9F%E7%A7%91%20%E9%8A%B3%E8%91%89%E6%96%B0%E6%9C%A8%E8%96%91%E5%AD%90 HTTP/1.1" 200 31233
66.249.71.60 - - [24/Jan/2016:06:02:41 +0800] "GET /digiarch_en/content/nav/relationSubject.jsp?relationWords=%E5%A4%A7%E8%8A%B1%E7%B4%AB%E8%96%87+&oid=16777378 HTTP/1.1" 200 3469
66.249.74.59 - - [24/Jan/2016:06:02:55 +0800] "GET /content/repository/resource_content.jsp?oid=1526641&queryType=qs&queryString=%E5%BC%B5%E6%8C%AF%E7%94%9F HTTP/1.1" 200 30152
66.249.71.173 - - [24/Jan/2016:06:03:28 +0800] "GET /content/subject/resource_content.jsp?oid=16777776&queryType=qs&queryString=%E8%BE%9C%E9%A1%AF%E6%A6%AE HTTP/1.1" 200 61560
66.249.74.59 - - [24/Jan/2016:06:03:41 +0800] "GET /content/nav/relationSubject.jsp?relationWords=%E5%88%91%E9%83%A8+&oid=2680663 HTTP/1.1" 200 3095
66.249.71.121 - - [24/Jan/2016:06:03:50 +0800] "GET /content/nav/relationSubject.jsp?relationWords=%E5%88%91%E9%83%A8%20&oid=2680663 HTTP/1.1" 200 3095
66.249.71.64 - - [24/Jan/2016:06:04:01 +0800] "GET /content/repository/resource_content.jsp?oid=1778661 HTTP/1.1" 200 27726
66.249.71.64 - - [24/Jan/2016:06:04:07 +0800] "GET /content/repository/resource_content.jsp?oid=2143180 HTTP/1.1" 200 30509
66.249.71.60 - - [24/Jan/2016:06:04:35 +0800] "GET /content/repository/resource_content.jsp?oid=1811107&queryString=%E5%85%AB%E5%88%86%E6%9B%B8%20%E5%98%89%E7%A5%A5%20%E6%96%87%E5%AE%97%20%E6%B4%AA%E6%B0%8F%20%E6%B4%AA%E6%B4%9E%20%E6%BF%9F%E5%AF%A7%E5%B7%9E%20%E9%A1%8C%E8%A8%98 HTTP/1.1" 200 49315
66.249.71.113 - - [24/Jan/2016:06:05:08 +0800] "GET /content/repository/resource_content.jsp?oid=4364478&queryType=qs&queryString=%E5%8D%97%E7%AE%A1 HTTP/1.1" 200 29370
66.249.71.105 - - [24/Jan/2016:06:05:41 +0800] "GET /content/repository/resource_content.jsp?oid=1517006&queryType=qs&queryString=%E6%B5%B7%E5%B7%A1 HTTP/1.1" 200 28911
66.249.77.97 - - [24/Jan/2016:06:06:18 +0800] "GET /content/subject/resource_content.jsp?oid=16777493&queryString=%E7%A7%8B%E6%B5%B7%E6%A3%A0 HTTP/1.1" 200 46853
66.249.71.64 - - [24/Jan/2016:06:06:18 +0800] "GET /content/nav/relationSubject.jsp?relationWords=&oid=2566052 HTTP/1.1" 200 1405
66.249.71.60 - - [24/Jan/2016:06:06:48 +0800] "GET /content/repository/resource_content.jsp?oid=17478 HTTP/1.1" 200 29752
66.249.74.98 - - [24/Jan/2016:06:06:54 +0800] "GET /content/nav/relationSubject.jsp?relationWords=&oid=1615199 HTTP/1.1" 200 1405
40.77.167.10 - - [24/Jan/2016:06:07:07 +0800] "GET /content/subject/resource_content.jsp?oid=16777270 HTTP/1.1" 200 33815
66.249.71.113 - - [24/Jan/2016:06:07:55 +0800] "GET /content/repository/resource_content.jsp?oid=1777934&queryType=qs&queryString=%E6%B0%91%E6%97%8F%E8%87%AA%E6%B2%BB HTTP/1.1" 200 34947
66.249.71.72 - - [24/Jan/2016:06:08:12 +0800] "GET /content/nav/relationSubject.jsp?relationWords=%E9%99%B8%E6%B8%AC%E5%9C%96+%E9%A4%98%E6%9D%AD+&oid=221938 HTTP/1.1" 200 3138
66.249.71.60 - - [24/Jan/2016:06:08:14 +0800] "GET /content/nav/relationSubject.jsp?relationWords=%E9%99%B8%E6%B8%AC%E5%9C%96%20%E9%A4%98%E6%9D%AD%20&oid=221938 HTTP/1.1" 200 3138
66.249.71.60 - - [24/Jan/2016:06:08:28 +0800] "GET /digiarch_en/content/subject/resource_content.jsp?oid=16777280&queryString=%E5%B1%B1%E8%8A%99%E8%93%89 HTTP/1.1" 200 25590
66.249.71.64 - - [24/Jan/2016:06:09:02 +0800] "GET /content/repository/resource_content.jsp?oid=1776751 HTTP/1.1" 200 29740
66.249.74.98 - - [24/Jan/2016:06:09:36 +0800] "GET /content/repository/resource_content.jsp?oid=1533901 HTTP/1.1" 200 28815
66.249.74.98 - - [24/Jan/2016:06:10:20 +0800] "GET /content/nav/relationSubject.jsp?relationWords=%E9%99%B3%E7%BF%94%E5%86%B0+&oid=1895639 HTTP/1.1" 200 4138
66.249.71.60 - - [24/Jan/2016:06:10:22 +0800] "GET /content/nav/relationSubject.jsp?relationWords=%E9%99%B3%E7%BF%94%E5%86%B0%20&oid=1895639 HTTP/1.1" 200 4138
66.249.71.60 - - [24/Jan/2016:06:10:29 +0800] "GET /content/nav/relationSubject.jsp?relationWords=%E6%A4%8D%E7%89%A9%E7%95%8C+%E7%AB%B9%E7%AF%80+%E8%93%BC%E5%B1%AC+%E8%93%BC%E7%A7%91+&oid=2144601 HTTP/1.1" 200 3547
66.249.71.60 - - [24/Jan/2016:06:10:31 +0800] "GET /content/nav/relationSubject.jsp?relationWords=%E6%A4%8D%E7%89%A9%E7%95%8C%20%E7%AB%B9%E7%AF%80%20%E8%93%BC%E5%B1%AC%20%E8%93%BC%E7%A7%91%20&oid=2144601 HTTP/1.1" 200 3547
66.249.71.60 - - [24/Jan/2016:06:10:40 +0800] "GET /digiarch_en/content/repository/resource_content.jsp?oid=1462466&queryString=%E6%9C%A8%E5%B1%B1%E8%9E%9E%E8%9D%97%E5%B1%AC%20%E6%A4%8D%E7%89%A9%E7%95%8C%20%E7%99%BD%E6%9C%A8%E8%98%87%E8%8A%B1%20%E8%A0%B6%E8%B1%86%20%E9%9B%99%E5%AD%90%E8%91%89%E6%A4%8D%E7%89%A9 HTTP/1.1" 200 24004
66.249.71.64 - - [24/Jan/2016:06:10:42 +0800] "GET /content/repository/resource_content.jsp?oid=1890468 HTTP/1.1" 200 28470
66.249.71.60 - - [24/Jan/2016:06:11:15 +0800] "GET /content/repository/resource_content.jsp?oid=1531657&queryType=qs&queryString=%E9%99%B8%E8%BB%8D%E7%B8%BD%E9%83%A8 HTTP/1.1" 200 28840
66.249.77.91 - - [24/Jan/2016:06:11:49 +0800] "GET /content/repository/resource_content.jsp?oid=1554310&queryType=qs&queryString=%E5%9C%8B%E5%AE%B6%E6%9C%AA%E4%BE%86 HTTP/1.1" 200 34654
66.249.71.5 - - [24/Jan/2016:06:12:57 +0800] "GET /digiarch3/content/repository/resource_content.jsp?oid=2689125&queryString=%E4%BA%BA%E5%90%8D%E6%AC%8A%E5%A8%81%20%E5%B7%A1%E6%B4%8B%20%E6%BD%9B%E6%B0%B4%E8%89%87 HTTP/1.1" 200 30512
207.46.13.177 - - [24/Jan/2016:06:12:59 +0800] "GET /content/subject/resource_content.jsp?oid=16777706&queryType=qs&queryString=%E6%95%B8%E4%BD%8D%E5%85%B8%E8%97%8F%E6%8A%80%E8%A1%93 HTTP/1.1" 200 53882
66.249.71.64 - - [24/Jan/2016:06:12:59 +0800] "GET /content/repository/resource_content.jsp?oid=1898918&queryString=%E6%AC%8A%E5%88%A9 HTTP/1.1" 200 29341
66.249.71.64 - - [24/Jan/2016:06:13:09 +0800] "GET /content/repository/resource_content.jsp?oid=3205198 HTTP/1.1" 200 29396
66.249.71.105 - - [24/Jan/2016:06:13:26 +0800] "GET /content/repository/resource_content.jsp?oid=2637276&queryType=qs&queryString=%E5%AF%A7%E7%BE%8C HTTP/1.1" 200 29873
66.249.71.60 - - [24/Jan/2016:06:13:33 +0800] "GET /content/repository/resource_content.jsp?oid=1553715 HTTP/1.1" 200 29072
66.249.71.60 - - [24/Jan/2016:06:14:02 +0800] "GET /content/repository/resource_content.jsp?oid=14620&queryString=%E4%BA%94%E8%85%B3%E8%99%8E%20%E6%A2%9D%E7%B4%8B%E8%BA%84%E9%AD%9A%20%E8%BA%84%E9%AD%9A%20%E8%BA%84%E9%AD%9A%E7%A7%91 HTTP/1.1" 200 33616
66.249.71.60 - - [24/Jan/2016:06:14:07 +0800] "GET /content/nav/relationSubject.jsp?relationWords=%E7%B6%93%E7%90%86%E4%BA%BA+%E8%82%A1%E4%BB%BD%E6%9C%89%E9%99%90%E5%85%AC%E5%8F%B8+&oid=1590729 HTTP/1.1" 200 3772
66.249.71.60 - - [24/Jan/2016:06:14:11 +0800] "GET /content/nav/relationSubject.jsp?relationWords=%E7%B6%93%E7%90%86%E4%BA%BA%20%E8%82%A1%E4%BB%BD%E6%9C%89%E9%99%90%E5%85%AC%E5%8F%B8%20&oid=1590729 HTTP/1.1" 200 3772
66.249.71.72 - - [24/Jan/2016:06:15:03 +0800] "GET /content/repository/resource_content.jsp?oid=15842&queryString=%E9%9D%92%E9%B8%9A%E5%93%A5%E9%AD%9A HTTP/1.1" 200 36838
66.249.71.60 - - [24/Jan/2016:06:15:09 +0800] "GET /content/repository/resource_content.jsp?oid=2581305 HTTP/1.1" 200 29160
66.249.71.60 - - [24/Jan/2016:06:15:42 +0800] "GET /content/repository/resource_content.jsp?oid=3819131&queryString=%E6%A4%8D%E7%89%A9%E7%95%8C%20%E8%8B%A6%E6%BB%87%E8%8F%9C%20%E8%8B%A6%E8%8B%A3%E8%8F%9C%E5%B1%AC%20%E8%8B%A6%E8%8F%9C%20%E8%8F%8A%E7%A7%91%20%E9%9B%99%E5%AD%90%E8%91%89%E6%A4%8D%E7%89%A9 HTTP/1.1" 200 31387
66.249.71.60 - - [24/Jan/2016:06:16:16 +0800] "GET /content/repository/resource_content.jsp?oid=1899004 HTTP/1.1" 200 29714
66.249.74.100 - - [24/Jan/2016:06:16:41 +0800] "GET /content/nav/relationSubject.jsp?relationWords=%E5%96%AE%E6%A3%98%E8%BA%84%E9%AD%9A+%E8%BA%84%E9%AD%9A%E7%A7%91+&oid=3339169 HTTP/1.1" 200 3385
66.249.71.72 - - [24/Jan/2016:06:16:43 +0800] "GET /content/nav/relationSubject.jsp?relationWords=%E5%96%AE%E6%A3%98%E8%BA%84%E9%AD%9A%20%E8%BA%84%E9%AD%9A%E7%A7%91%20&oid=3339169 HTTP/1.1" 200 3385
66.249.77.85 - - [24/Jan/2016:06:16:49 +0800] "GET /content/repository/resource_content.jsp?oid=1566124&queryType=qs&queryString=%E5%9C%8B%E5%AE%B6%E6%94%BF%E7%AD%96 HTTP/1.1" 200 29692
66.249.71.64 - - [24/Jan/2016:06:17:14 +0800] "GET /content/subject/resource_content.jsp?oid=16777640&queryString=%E7%81%8C%E5%9C%92%E5%85%88%E7%94%9F%20%E9%87%91%E6%B3%B0 HTTP/1.1" 200 62372
66.249.79.24 - - [24/Jan/2016:06:17:23 +0800] "GET /content/repository/resource_content.jsp?oid=15424&queryString=%E5%89%AF%E7%9C%B6%E6%A3%98%E9%B1%B8%20%E6%B5%B7%E9%AF%BD%E4%BB%94%20%E7%B4%85%E5%B0%BE%E5%86%AC%E4%BB%94%20%E7%B4%85%E8%B5%A4%E5%B0%BE%E5%86%AC%20%E8%B5%A4%E6%B5%B7%20%E9%87%91%E7%B7%9A%E9%AD%9A%E7%A7%91 HTTP/1.1" 200 34849
66.249.77.85 - - [24/Jan/2016:06:17:42 +0800] "GET /content/subject/resource_content.jsp?oid=16777361&queryType=qc HTTP/1.1" 200 31904
66.249.79.179 - - [24/Jan/2016:06:17:56 +0800] "GET /content/repository/resource_content.jsp?oid=1844863&queryString=%E8%A1%A1%E7%AB%AF%E9%A3%BE%20%E8%BB%8A%E9%A6%AC%E5%99%A8 HTTP/1.1" 200 30454
66.249.71.121 - - [24/Jan/2016:06:18:29 +0800] "GET /content/repository/resource_content.jsp?oid=2515862&queryType=qs&queryString=%E7%A6%81%E9%96%80 HTTP/1.1" 200 29875
66.249.71.121 - - [24/Jan/2016:06:18:44 +0800] "GET /content/nav/relationSubject.jsp?relationWords=%E6%97%97%E6%BC%A2%E8%BB%8D+%E9%91%B2%E7%B4%85%E6%97%97+&oid=2521922 HTTP/1.1" 200 3143
66.249.71.105 - - [24/Jan/2016:06:18:45 +0800] "GET /content/nav/relationSubject.jsp?relationWords=%E6%97%97%E6%BC%A2%E8%BB%8D%20%E9%91%B2%E7%B4%85%E6%97%97%20&oid=2521922 HTTP/1.1" 200 3143
66.249.74.102 - - [24/Jan/2016:06:19:03 +0800] "GET /content/repository/resource_content.jsp?oid=2634379&queryString=%E9%96%A9%E5%AE%89 HTTP/1.1" 200 30092
66.249.71.72 - - [24/Jan/2016:06:19:06 +0800] "GET /content/nav/relationSubject.jsp?relationWords=%E7%9F%AE%E9%9D%88%E7%A5%AD+%E7%A5%AD%E5%84%80+%E8%B3%BD%E5%A4%8F+%E8%B3%BD%E5%A4%8F%E6%97%8F+%E8%B3%BD%E5%A4%8F%E7%9F%AE%E9%9D%88%E7%A5%AD+&oid=4387826 HTTP/1.1" 200 4149
66.249.74.98 - - [24/Jan/2016:06:19:07 +0800] "GET /content/nav/relationSubject.jsp?relationWords=%E7%9F%AE%E9%9D%88%E7%A5%AD%20%E7%A5%AD%E5%84%80%20%E8%B3%BD%E5%A4%8F%20%E8%B3%BD%E5%A4%8F%E6%97%8F%20%E8%B3%BD%E5%A4%8F%E7%9F%AE%E9%9D%88%E7%A5%AD%20&oid=4387826 HTTP/1.1" 200 4149
66.249.71.64 - - [24/Jan/2016:06:19:26 +0800] "GET /content/repository/resource_content.jsp?oid=1460144 HTTP/1.1" 200 31146
66.249.71.121 - - [24/Jan/2016:06:19:36 +0800] "GET /content/repository/resource_content.jsp?oid=2634321&queryType=qs&queryString=%E5%BC%B5%E6%98%A5 HTTP/1.1" 200 29857
66.249.71.113 - - [24/Jan/2016:06:20:08 +0800] "GET /content/nav/relationSubject.jsp?relationWords=%E4%B8%AD%E6%A9%AB%E5%85%AC%E8%B7%AF+%E4%BA%A4%E6%B5%81%E9%81%93+%E4%BA%A4%E9%80%9A%E8%99%95+%E4%BA%A4%E9%80%9A%E9%83%A8+%E5%80%89%E5%84%B2+%E5%85%AC%E8%B7%AF%E5%B1%80+%E5%8C%85%E8%A2%B1+%E5%8D%A1%E8%BB%8A+%E5%93%81%E8%B3%AA+%E5%93%A1%E6%9E%97%E9%8E%AE+%E5%9C%B0%E4%B8%8B%E9%81%93+%E5%9D%8D%E6%96%B9+%E5%B7%A5%E7%A8%8B%E8%B2%BB+%E5%B9%B3%E4%BA%A4%E9%81%93+%E5%BD%B0%E6%BF%B1%E9%81%8A%E6%A8%82%E5%8D%80+%E5%BF%A0%E5%AD%9D%E5%A4%A7%E6%A9%8B+%E6%8B%9B%E6%A8%99+%E6%8D%B7%E9%81%8B+%E6%90%B6%E4%BF%AE+%E6%95%88%E7%8E%87+%E6%98%A5%E7%AF%80+%E6%9C%8D%E5%8B%99%E5%93%81%E8%B3%AA+%E6%9E%9C%E8%BE%B2+%E6%A2%A8%E5%B1%B1+%E6%A5%8A%E6%96%87%E6%AC%A3+%E6%A8%B9%E6%9E%97%E9%8E%AE+%E6%B0%B4%E5%85%AC%E5%8F%B8+%E6%B4%BD%E5%95%86+%E6%B7%A1%E6%B1%9F+%E6%B8%AF%E5%8B%99%E5%B1%80+%E6%B8%AF%E5%9F%A0+%E6%BF%B1%E6%B5%B7%E5%85%AC%E8%B7%AF+%E7%84%8A%E6%8E%A5+%E7%93%A6%E6%96%AF+%E7%9C%81%E6%94%BF%E5%BA%9C+%E7%9C%81%E7%87%9F%E4%BA%8B%E6%A5%AD+%E7%9F%A5%E4%BA%86+%E7%AF%80%E7%B4%84%E8%83%BD%E6%BA%90+%E7%B4%85%E7%B6%A0%E7%87%88+%E7%B6%93%E6%BF%9F%E9%83%A8+%E8%87%AA%E4%BE%86%E6%B0%B4+%E8%87%AA%E5%BC%B7%E8%99%9F+%E8%87%BA%E4%B8%AD%E6%B8%AF+%E8%87%BA%E4%B8%AD%E6%B8%AF%E5%8B%99%E5%B1%80+%E8%87%BA%E5%8C%97%E5%A4%A7%E6%A9%8B+%E8%87%BA%E5%8C%97%E5%B8%82+%E8%87%BA%E5%8C%97%E7%B8%A3+%E8%87%BA%E6%B1%BD+%E8%87%BA%E9%90%B5+%E8%87%BA%E9%9B%BB+%E8%8F%AF%E6%B1%9F+%E8%A3%81%E5%93%A1+%E8%B2%A1%E5%8B%99+%E8%B2%A8%E9%81%8B+%E8%B3%AA%E8%A9%A2+%E9%81%8A%E6%A8%82%E5%8D%80+%E9%81%93%E8%B7%AF%E6%96%BD%E5%B7%A5+%E9%90%B5%E8%B7%AF%E5%B1%80+%E9%9B%BB%E4%BF%A1%E5%B1%80+%E9%AB%98%E9%80%9F%E9%90%B5%E8%B7%AF+&oid=1598713 HTTP/1.1" 200 8538
66.249.71.121 - - [24/Jan/2016:06:20:10 +0800] "GET /content/repository/resource_content.jsp?oid=2679332&queryType=qs&queryString=%E5%85%B5%E5%82%99%E9%81%93 HTTP/1.1" 200 30749
66.249.74.59 - - [24/Jan/2016:06:20:12 +0800] "GET /content/nav/relationSubject.jsp?relationWords=%E4%B8%AD%E6%A9%AB%E5%85%AC%E8%B7%AF%20%E4%BA%A4%E6%B5%81%E9%81%93%20%E4%BA%A4%E9%80%9A%E8%99%95%20%E4%BA%A4%E9%80%9A%E9%83%A8%20%E5%80%89%E5%84%B2%20%E5%85%AC%E8%B7%AF%E5%B1%80%20%E5%8C%85%E8%A2%B1%20%E5%8D%A1%E8%BB%8A%20%E5%93%81%E8%B3%AA%20%E5%93%A1%E6%9E%97%E9%8E%AE%20%E5%9C%B0%E4%B8%8B%E9%81%93%20%E5%9D%8D%E6%96%B9%20%E5%B7%A5%E7%A8%8B%E8%B2%BB%20%E5%B9%B3%E4%BA%A4%E9%81%93%20%E5%BD%B0%E6%BF%B1%E9%81%8A%E6%A8%82%E5%8D%80%20%E5%BF%A0%E5%AD%9D%E5%A4%A7%E6%A9%8B%20%E6%8B%9B%E6%A8%99%20%E6%8D%B7%E9%81%8B%20%E6%90%B6%E4%BF%AE%20%E6%95%88%E7%8E%87%20%E6%98%A5%E7%AF%80%20%E6%9C%8D%E5%8B%99%E5%93%81%E8%B3%AA%20%E6%9E%9C%E8%BE%B2%20%E6%A2%A8%E5%B1%B1%20%E6%A5%8A%E6%96%87%E6%AC%A3%20%E6%A8%B9%E6%9E%97%E9%8E%AE%20%E6%B0%B4%E5%85%AC%E5%8F%B8%20%E6%B4%BD%E5%95%86%20%E6%B7%A1%E6%B1%9F%20%E6%B8%AF%E5%8B%99%E5%B1%80%20%E6%B8%AF%E5%9F%A0%20%E6%BF%B1%E6%B5%B7%E5%85%AC%E8%B7%AF%20%E7%84%8A%E6%8E%A5%20%E7%93%A6%E6%96%AF%20%E7%9C%81%E6%94%BF%E5%BA%9C%20%E7%9C%81%E7%87%9F%E4%BA%8B%E6%A5%AD%20%E7%9F%A5%E4%BA%86%20%E7%AF%80%E7%B4%84%E8%83%BD%E6%BA%90%20%E7%B4%85%E7%B6%A0%E7%87%88%20%E7%B6%93%E6%BF%9F%E9%83%A8%20%E8%87%AA%E4%BE%86%E6%B0%B4%20%E8%87%AA%E5%BC%B7%E8%99%9F%20%E8%87%BA%E4%B8%AD%E6%B8%AF%20%E8%87%BA%E4%B8%AD%E6%B8%AF%E5%8B%99%E5%B1%80%20%E8%87%BA%E5%8C%97%E5%A4%A7%E6%A9%8B%20%E8%87%BA%E5%8C%97%E5%B8%82%20%E8%87%BA%E5%8C%97%E7%B8%A3%20%E8%87%BA%E6%B1%BD%20%E8%87%BA%E9%90%B5%20%E8%87%BA%E9%9B%BB%20%E8%8F%AF%E6%B1%9F%20%E8%A3%81%E5%93%A1%20%E8%B2%A1%E5%8B%99%20%E8%B2%A8%E9%81%8B%20%E8%B3%AA%E8%A9%A2%20%E9%81%8A%E6%A8%82%E5%8D%80%20%E9%81%93%E8%B7%AF%E6%96%BD%E5%B7%A5%20%E9%90%B5%E8%B7%AF%E5%B1%80%20%E9%9B%BB%E4%BF%A1%E5%B1%80%20%E9%AB%98%E9%80%9F%E9%90%B5%E8%B7%AF%20&oid=1598713 HTTP/1.1" 200 8538
66.249.71.60 - - [24/Jan/2016:06:20:24 +0800] "GET /content/nav/relationSubject.jsp?relationWords=%E4%BF%9D%E9%9A%AA%E5%88%B6%E5%BA%A6+%E5%8B%9E%E5%B7%A5%E4%BF%9D%E9%9A%AA+%E5%8F%B8%E6%A9%9F+%E5%A4%A7%E8%8F%AF+%E8%B2%A7%E7%AA%AE+%E8%BB%8A%E7%A6%8D+%E9%83%BD%E5%B8%82%E8%A8%88%E5%8A%83+&oid=1624386 HTTP/1.1" 200 5451
66.249.71.60 - - [24/Jan/2016:06:20:25 +0800] "GET /content/nav/relationSubject.jsp?relationWords=%E4%BF%9D%E9%9A%AA%E5%88%B6%E5%BA%A6%20%E5%8B%9E%E5%B7%A5%E4%BF%9D%E9%9A%AA%20%E5%8F%B8%E6%A9%9F%20%E5%A4%A7%E8%8F%AF%20%E8%B2%A7%E7%AA%AE%20%E8%BB%8A%E7%A6%8D%20%E9%83%BD%E5%B8%82%E8%A8%88%E5%8A%83%20&oid=1624386 HTTP/1.1" 200 5451
66.249.71.121 - - [24/Jan/2016:06:20:48 +0800] "GET /content/repository/resource_content.jsp?oid=2687260&queryType=qs&queryString=%E8%B4%93%E9%8A%80 HTTP/1.1" 200 30212
66.249.71.105 - - [24/Jan/2016:06:21:16 +0800] "GET /content/repository/resource_content.jsp?oid=4449269&queryType=qs&queryString=%E8%88%88%E5%AE%89 HTTP/1.1" 200 29596
66.249.71.72 - - [24/Jan/2016:06:21:38 +0800] "GET /content/subject/resource_content.jsp?oid=16777610&queryString=%E5%91%A8%E8%99%95%20%E5%BB%A3%E6%92%AD%20%E5%BD%B1%E5%B1%95%20%E6%96%B0%E8%81%9E%E8%99%95%20%E7%B5%90%E8%AA%9E%20%E8%99%95%E9%95%B7%20%E9%95%B7%E5%A4%A9%E5%9B%BA HTTP/1.1" 200 27607
66.249.71.173 - - [24/Jan/2016:06:21:39 +0800] "GET /content/nav/relationSubject.jsp?relationWords=%E6%A7%8D%E9%A0%AD%E7%9F%B3%E6%96%91%E9%AD%9A%20%E9%81%8E%E9%AD%9A%20%E9%9E%8D%E5%B8%B6%E7%9F%B3%E6%96%91%E9%AD%9A%20%E9%AE%A8%E7%A7%91%20%E9%BE%8D%E8%86%BD%E7%9F%B3%E6%96%91%20&oid=4353498 HTTP/1.1" 200 3601
66.249.71.105 - - [24/Jan/2016:06:21:50 +0800] "GET /content/repository/resource_content.jsp?oid=2522395&queryType=qs&queryString=%E6%9D%8E%E7%A7%80 HTTP/1.1" 200 29780
66.249.71.72 - - [24/Jan/2016:06:21:51 +0800] "GET /content/nav/relationSubject.jsp?relationWords=%E5%B9%B3%E5%9F%94%E6%97%8F+%E5%B9%B3%E5%9F%94%E6%97%8F%E7%BE%A4+%E7%95%AA%E7%A4%BE%E9%87%87%E9%A2%A8%E5%9C%96+&oid=1777657 HTTP/1.1" 200 3190
66.249.71.60 - - [24/Jan/2016:06:21:52 +0800] "GET /content/nav/relationSubject.jsp?relationWords=%E5%B9%B3%E5%9F%94%E6%97%8F%20%E5%B9%B3%E5%9F%94%E6%97%8F%E7%BE%A4%20%E7%95%AA%E7%A4%BE%E9%87%87%E9%A2%A8%E5%9C%96%20&oid=1777657 HTTP/1.1" 200 3190
66.249.71.60 - - [24/Jan/2016:06:22:07 +0800] "GET /content/nav/relationSubject.jsp?relationWords=%E6%B0%B4%E9%BB%83%E7%9A%AE+&oid=16777535 HTTP/1.1" 200 3630
207.46.13.148 - - [24/Jan/2016:06:22:13 +0800] "GET /digiarch_en/content/repository/resource_content.jsp?oid=4352490&queryString=%E6%9B%B3%E7%B5%B2%20%E6%9B%B3%E7%B5%B2%E9%B0%8F HTTP/1.1" 200 26653
66.249.71.105 - - [24/Jan/2016:06:22:23 +0800] "GET /content/repository/resource_content.jsp?oid=2653926&queryType=qs&queryString=%E5%80%AD%E4%BB%81 HTTP/1.1" 200 30118
66.249.71.164 - - [24/Jan/2016:06:22:34 +0800] "GET /content/nav/relationSubject.jsp?relationWords=%E5%8D%97%E6%B4%8B%E9%AF%BD%E4%BB%94+%E5%9C%A8%E4%BE%86%E5%90%B3%E9%83%AD%E9%AD%9A+%E6%85%88%E9%AF%9B%E7%A7%91+%E8%8E%AB%E4%B8%89%E9%BC%BB%E5%8F%A3%E5%AD%B5%E9%AD%9A+%E9%9D%9E%E6%B4%B2%E4%BB%94+&oid=4352598 HTTP/1.1" 200 3591
66.249.71.105 - - [24/Jan/2016:06:22:56 +0800] "GET /content/repository/resource_content.jsp?oid=2532241&queryType=qs&queryString=%E5%AF%8C%E9%99%BD HTTP/1.1" 200 29646
66.249.71.72 - - [24/Jan/2016:06:23:30 +0800] "GET /content/repository/resource_content.jsp?oid=16370 HTTP/1.1" 200 33854
66.249.77.85 - - [24/Jan/2016:06:23:48 +0800] "GET /content/subject/resource_content.jsp?oid=16777469&queryType=qc HTTP/1.1" 200 31184
66.249.71.105 - - [24/Jan/2016:06:24:03 +0800] "GET /content/repository/resource_content.jsp?oid=4203903&queryType=qs&queryString=%E9%BB%8F%E6%9D%BF%E5%B2%A9 HTTP/1.1" 200 30885
157.55.39.247 - - [24/Jan/2016:06:24:25 +0800] "GET /content/repository/resource_content.jsp?oid=1599720 HTTP/1.1" 200 28974
66.249.71.5 - - [24/Jan/2016:06:24:37 +0800] "GET /digiarch3/content/tmp_tec/resource_content.jsp?oid=16777753&queryString= HTTP/1.1" 200 33904
66.249.74.59 - - [24/Jan/2016:06:25:10 +0800] "GET /content/repository/resource_content.jsp?oid=2676774&queryType=qs&queryString=%E5%89%AF%E7%B8%BD%E5%85%B5 HTTP/1.1" 200 30233
66.249.71.121 - - [24/Jan/2016:06:25:43 +0800] "GET /content/repository/resource_content.jsp?oid=2669046&queryType=qs&queryString=%E6%96%87%E5%85%89 HTTP/1.1" 200 29904
66.249.71.60 - - [24/Jan/2016:06:25:44 +0800] "GET /content/nav/relationSubject.jsp?relationWords=%E7%B3%A7%E9%A3%9F%E5%B9%B3%E6%BA%96%E5%9F%BA%E9%87%91+%E8%BE%B2%E5%A7%94%E6%9C%83+&oid=1609066 HTTP/1.1" 200 11226
66.249.71.60 - - [24/Jan/2016:06:25:46 +0800] "GET /content/nav/relationSubject.jsp?relationWords=%E7%B3%A7%E9%A3%9F%E5%B9%B3%E6%BA%96%E5%9F%BA%E9%87%91%20%E8%BE%B2%E5%A7%94%E6%9C%83%20&oid=1609066 HTTP/1.1" 200 11226
66.249.71.72 - - [24/Jan/2016:06:26:00 +0800] "GET /content/repository/resource_content.jsp?oid=1108540&queryString=%E6%A4%8D%E7%89%A9%E7%95%8C%20%E6%BB%BF%E7%A6%8F%E6%9C%A8%20%E7%A6%8F%E6%9C%A8%E5%B1%AC%20%E7%B4%AB%E8%8D%89%E7%A7%91 HTTP/1.1" 200 30235
66.249.77.85 - - [24/Jan/2016:06:26:02 +0800] "GET /content/nav/relationSubject.jsp?relationWords=%E5%8D%97%E9%AF%A4%E9%AF%93%E4%BB%A3%E5%A4%A9%E5%BA%9C%20&oid=4362918 HTTP/1.1" 200 1899
66.249.71.105 - - [24/Jan/2016:06:26:17 +0800] "GET /content/repository/resource_content.jsp?oid=566697&queryType=qs&queryString=%E5%AF%B6%E7%88%BE HTTP/1.1" 200 28070
66.249.71.23 - - [24/Jan/2016:06:26:46 +0800] "GET /digiarch3/content/nav/relationSubject.jsp?relationWords=%E6%B3%B0%E9%9B%85+%E6%B3%B0%E9%9B%85%E6%97%8F+%E8%8B%A6%E8%8A%B1%E9%AD%9A+&oid=1778393 HTTP/1.1" 200 7028
66.249.71.5 - - [24/Jan/2016:06:26:49 +0800] "GET /digiarch3/content/nav/relationSubject.jsp?relationWords=%E6%B3%B0%E9%9B%85%20%E6%B3%B0%E9%9B%85%E6%97%8F%20%E8%8B%A6%E8%8A%B1%E9%AD%9A%20&oid=1778393 HTTP/1.1" 200 7028
66.249.71.113 - - [24/Jan/2016:06:26:51 +0800] "GET /content/repository/resource_content.jsp?oid=2552862&queryType=qs&queryString=%E5%9C%8B%E8%B2%A2 HTTP/1.1" 200 30093
66.249.71.64 - - [24/Jan/2016:06:27:11 +0800] "GET /content/nav/relationSubject.jsp?relationWords=%E6%B4%BB%E5%8B%95%E5%8D%A1%E7%92%B0+&oid=1849363 HTTP/1.1" 200 2736
66.249.71.60 - - [24/Jan/2016:06:27:13 +0800] "GET /content/nav/relationSubject.jsp?relationWords=%E6%B4%BB%E5%8B%95%E5%8D%A1%E7%92%B0%20&oid=1849363 HTTP/1.1" 200 2736
66.249.71.105 - - [24/Jan/2016:06:27:23 +0800] "GET /content/repository/resource_content.jsp?oid=2521494&queryType=qs&queryString=%E6%97%97%E7%A7%9F HTTP/1.1" 200 30647
66.249.71.105 - - [24/Jan/2016:06:27:57 +0800] "GET /content/repository/resource_content.jsp?oid=2643136&queryType=qs&queryString=%E6%9D%8E%E9%B4%BB%E8%B3%93 HTTP/1.1" 200 30125
66.249.79.27 - - [24/Jan/2016:06:28:12 +0800] "GET /content/subject/resource_content.jsp?oid=16777601&queryType=qs&queryString=%E5%85%AC%E5%AD%B8%E6%A0%A1 HTTP/1.1" 200 58788
66.249.74.59 - - [24/Jan/2016:06:28:31 +0800] "GET /content/repository/resource_content.jsp?oid=1833719&queryType=qs&queryString=%E5%AD%94%E9%96%80 HTTP/1.1" 200 33657
66.249.71.105 - - [24/Jan/2016:06:29:04 +0800] "GET /content/repository/resource_content.jsp?oid=1781033&queryType=qs&queryString=%E7%B7%9A%E7%B4%8B HTTP/1.1" 200 29408
66.249.71.60 - - [24/Jan/2016:06:29:37 +0800] "GET /content/repository/resource_content.jsp?oid=1573613 HTTP/1.1" 200 28659
66.249.71.64 - - [24/Jan/2016:06:30:11 +0800] "GET /content/repository/resource_content.jsp?oid=1812754 HTTP/1.1" 200 28310
66.249.71.72 - - [24/Jan/2016:06:30:22 +0800] "GET /content/repository/resource_content.jsp?oid=4353465&queryString=%E7%95%B0%E8%87%82%E8%8A%B1%E9%AE%A8%20%E9%AE%A8%E7%A7%91 HTTP/1.1" 200 33969
66.249.71.72 - - [24/Jan/2016:06:30:44 +0800] "GET /content/repository/resource_content.jsp?oid=1632258 HTTP/1.1" 200 28688
66.249.71.60 - - [24/Jan/2016:06:31:17 +0800] "GET /content/repository/resource_content.jsp?oid=1603946 HTTP/1.1" 200 28549
66.249.71.121 - - [24/Jan/2016:06:31:50 +0800] "GET /content/repository/resource_content.jsp?oid=4364512&queryType=qs&queryString=%E7%8E%89%E9%BA%92%E9%BA%9F HTTP/1.1" 200 29499
66.249.71.105 - - [24/Jan/2016:06:32:24 +0800] "GET /content/repository/resource_content.jsp?oid=4354042&queryType=qs&queryString=%E7%B6%AD%E5%BE%B7 HTTP/1.1" 200 34582
66.249.71.113 - - [24/Jan/2016:06:32:57 +0800] "GET /content/repository/resource_content.jsp?oid=1550100&queryType=qs&queryString=%E9%83%BD%E5%B8%82%E5%9C%9F%E5%9C%B0 HTTP/1.1" 200 28782
66.249.71.105 - - [24/Jan/2016:06:33:31 +0800] "GET /content/repository/resource_content.jsp?oid=15488&queryType=qs&queryString=%E4%BC%8A%E8%98%AD HTTP/1.1" 200 35663
66.249.74.59 - - [24/Jan/2016:06:34:05 +0800] "GET /content/repository/resource_content.jsp?oid=4362380&queryType=qs&queryString=%E6%9C%A8%E6%9F%84 HTTP/1.1" 200 28910
66.249.71.60 - - [24/Jan/2016:06:34:37 +0800] "GET /content/repository/resource_content.jsp?oid=16207 HTTP/1.1" 200 30671
66.249.74.100 - - [24/Jan/2016:06:34:58 +0800] "GET /content/nav/relationSubject.jsp?relationWords=%E6%88%B6%E7%A8%85%20%E7%9B%88%E9%A4%98%20%E8%A5%BF%E6%96%B0%E9%97%9C%20&oid=2628239 HTTP/1.1" 200 3157
66.249.71.60 - - [24/Jan/2016:06:35:03 +0800] "GET /content/nav/relationSubject.jsp?relationWords=%E6%A4%8D%E7%89%A9%E7%95%8C+%E7%9B%B8%E6%80%9D%E6%A8%B9+%E7%9B%B8%E6%80%9D%E6%A8%B9%E5%B1%AC+%E8%A0%B6%E8%B1%86+%E9%9B%99%E5%AD%90%E8%91%89+%E9%9B%99%E5%AD%90%E8%91%89%E6%A4%8D%E7%89%A9+&oid=2147420 HTTP/1.1" 200 4267
66.249.71.121 - - [24/Jan/2016:06:35:11 +0800] "GET /content/repository/resource_content.jsp?oid=4457937&queryType=qs&queryString=%E9%B9%BF%E5%85%92%E5%B3%B6 HTTP/1.1" 200 28344
66.249.71.105 - - [24/Jan/2016:06:35:15 +0800] "GET /content/nav/relationSubject.jsp?relationWords=%E5%9C%B0%E5%BD%A2%E5%9C%96+%E9%98%BF%E5%A2%A9%E5%AD%90+&oid=219861 HTTP/1.1" 200 3096
66.249.71.105 - - [24/Jan/2016:06:35:18 +0800] "GET /content/nav/relationSubject.jsp?relationWords=%E5%9C%B0%E5%BD%A2%E5%9C%96%20%E9%98%BF%E5%A2%A9%E5%AD%90%20&oid=219861 HTTP/1.1" 200 3096
66.249.71.60 - - [24/Jan/2016:06:35:44 +0800] "GET /content/repository/resource_content.jsp?oid=1553401 HTTP/1.1" 200 28705
66.249.71.60 - - [24/Jan/2016:06:36:17 +0800] "GET /digiarch_en/content/repository/resource_content.jsp?oid=15534&queryString=%E7%99%BD%E5%90%BB%20%E7%AB%8B%E6%97%97%E9%AF%9B HTTP/1.1" 200 26421
