66.249.71.60 - - [07/Feb/2016:09:08:17 +0800] "GET /content/nav/relationSubject.jsp?relationWords=%E9%99%B8%E6%B8%AC%E5%9C%96+%E9%BE%8D%E5%AE%89%E9%8E%AE+&oid=224121 HTTP/1.1" 200 3129
66.249.74.98 - - [07/Feb/2016:09:08:18 +0800] "GET /content/nav/relationSubject.jsp?relationWords=%E9%99%B8%E6%B8%AC%E5%9C%96%20%E9%BE%8D%E5%AE%89%E9%8E%AE%20&oid=224121 HTTP/1.1" 200 3129
66.249.74.74 - - [07/Feb/2016:09:09:25 +0800] "GET /digiarch3/content/nav/relationSubject.jsp?relationWords=%E5%95%8F%E5%80%99+%E6%9E%97%E6%94%80%E9%BE%8D+&oid=2470738 HTTP/1.1" 200 3718
66.249.77.97 - - [07/Feb/2016:09:09:28 +0800] "GET /content/nav/relationSubject.jsp?relationWords=%E5%82%B3%E6%95%99%E5%A3%AB+%E5%8F%B0%E7%81%A3%E5%8E%9F%E4%BD%8F%E6%B0%91+&oid=1775729 HTTP/1.1" 200 4926
66.249.77.91 - - [07/Feb/2016:09:10:18 +0800] "GET /content/subject/resource_content.jsp?oid=16777624&queryType=qc HTTP/1.1" 200 119503
66.249.71.60 - - [07/Feb/2016:09:10:35 +0800] "GET /content/tmp_exh/resource_content.jsp?oid=16777760&amp;queryType=qc%201889 HTTP/1.1" 200 35810
66.249.77.85 - - [07/Feb/2016:09:11:33 +0800] "GET /content/subject/resource_content.jsp?oid=16797294&queryType=qc HTTP/1.1" 200 45274
66.249.77.91 - - [07/Feb/2016:09:12:35 +0800] "GET /content/nav/relationSubject.jsp?relationWords=%E9%BB%83%E6%97%BA%E6%88%90+&oid=16777645 HTTP/1.1" 200 1881
66.249.71.60 - - [07/Feb/2016:09:12:48 +0800] "GET /content/subject/resource_content.jsp?oid=16777286 HTTP/1.1" 200 37579
66.249.71.64 - - [07/Feb/2016:09:12:48 +0800] "GET /content/nav/relationSubject.jsp?relationWords=%E6%A4%8D%E7%89%A9%E7%95%8C+%E7%94%B0%E5%9F%BA%E9%BB%83+%E7%B7%9A%E7%90%83%E8%8F%8A+%E7%B7%9A%E7%90%83%E8%8F%8A%E5%B1%AC+%E8%8F%8A%E7%A7%91+%E9%9B%99%E5%AD%90%E8%91%89%E6%A4%8D%E7%89%A9+&oid=1112431 HTTP/1.1" 200 3506
66.249.71.5 - - [07/Feb/2016:09:13:33 +0800] "GET /digiarch3/content/nav/relationSubject.jsp?relationWords=%E5%9C%8B%E6%B0%91%E4%BD%8F%E5%AE%85+%E6%9C%83%E8%AD%B0%E7%B4%80%E9%8C%84+%E6%B0%91%E6%94%BF%E9%A1%9E+%E8%87%BA%E7%81%A3%E7%9C%81+%E8%AD%B0%E9%95%B7+&oid=1583625 HTTP/1.1" 200 4558
66.249.71.113 - - [07/Feb/2016:09:13:46 +0800] "GET /content/nav/relationSubject.jsp?relationWords=&oid=4363212 HTTP/1.1" 200 1405
66.249.71.72 - - [07/Feb/2016:09:14:03 +0800] "GET /content/subject/resource_content.jsp?oid=16777619&queryType=qs&queryString=%E5%A9%9A%E7%A6%AE%E7%BF%92%E4%BF%97 HTTP/1.1" 200 78740
64.233.172.212 - - [07/Feb/2016:09:14:47 +0800] "GET /digiarch3/content/repository/resource_content.jsp?oid=1563292&queryType=qs&queryString=%E5%8D%91%E5%8D%97%E9%84%89 HTTP/1.1" 200 30700
64.233.172.212 - - [07/Feb/2016:09:14:49 +0800] "GET /digiarch3/content/nav/relationSubject.jsp?relationWords=%E4%B8%8D%E5%8B%95%E7%94%A2+%E4%BB%A3%E6%9B%B8+%E5%8B%95%E7%94%A2+%E5%8D%91%E5%8D%97%E9%84%89+%E5%98%89%E7%89%9B%E6%9D%91+%E5%9C%9F%E5%9C%B0%E4%BB%A3%E6%9B%B8+%E5%9C%9F%E5%9C%B0%E4%BB%A3%E6%9B%B8%E5%88%B6%E5%BA%A6+%E5%9C%9F%E5%9C%B0%E9%87%8D%E5%8A%83+%E5%9C%B0%E4%B8%8B%E6%B0%B4+%E5%9C%B0%E6%94%BF%E4%BA%8B%E5%8B%99%E6%89%80+%E5%9C%B0%E6%94%BF%E5%B1%80+%E5%9C%B0%E7%9B%AE%E8%AE%8A%E6%9B%B4+%E5%AE%89%E6%9C%94%E6%9D%91+%E5%B7%A5%E5%8F%8B+%E6%95%91%E6%BF%9F%E9%87%91+%E7%A4%BE%E6%9C%83%E5%B1%80+%E8%87%BA%E6%9D%B1%E7%B8%A3+%E8%8A%B3%E8%8B%91+%E8%8A%B3%E8%8B%91%E9%84%89+%E9%81%94%E4%BB%81+%E9%81%94%E4%BB%81%E9%84%89+&oid=1563292 HTTP/1.1" 200 6789
66.249.77.91 - - [07/Feb/2016:09:15:18 +0800] "GET /content/subject/resource_content.jsp?oid=16797243&queryType=qc HTTP/1.1" 200 56014
101.226.168.247 - - [07/Feb/2016:09:16:05 +0800] "GET /content/repository/resource_content.jsp?oid=1124521&queryType=qc HTTP/1.1" 200 36058
66.249.71.60 - - [07/Feb/2016:09:16:24 +0800] "GET /content/nav/relationSubject.jsp?relationWords=%E4%BA%A4%E9%80%9A%E8%99%95+%E5%85%AC%E8%B7%AF%E5%B1%80+%E7%89%8C%E7%85%A7+%E7%A7%91%E9%95%B7+%E8%A8%88%E7%A8%8B%E8%BB%8A+%E8%AD%A6%E5%AF%9F+&oid=1560883 HTTP/1.1" 200 4447
66.249.71.72 - - [07/Feb/2016:09:16:26 +0800] "GET /content/nav/relationSubject.jsp?relationWords=%E4%BA%A4%E9%80%9A%E8%99%95%20%E5%85%AC%E8%B7%AF%E5%B1%80%20%E7%89%8C%E7%85%A7%20%E7%A7%91%E9%95%B7%20%E8%A8%88%E7%A8%8B%E8%BB%8A%20%E8%AD%A6%E5%AF%9F%20&oid=1560883 HTTP/1.1" 200 4447
157.55.39.147 - - [07/Feb/2016:09:17:12 +0800] "GET /content/subject/resource_content.jsp?oid=16777730&queryType=qc HTTP/1.1" 200 46323
114.34.120.65 - - [07/Feb/2016:09:17:44 +0800] "GET /content/subject/resource_content.jsp?oid=16797242&queryType=qc HTTP/1.1" 200 46766
66.249.71.64 - - [07/Feb/2016:09:17:48 +0800] "GET /content/subject/resource_content.jsp?oid=16777785&queryType=qc HTTP/1.1" 200 49917
114.34.120.65 - - [07/Feb/2016:09:18:01 +0800] "GET /content/nav/relationSubject.jsp?relationWords=&oid=16797242 HTTP/1.1" 200 1405
157.55.39.148 - - [07/Feb/2016:09:18:30 +0800] "GET /content/subject/resource_content.jsp?oid=16777743&queryType=qc HTTP/1.1" 200 32569
66.249.71.60 - - [07/Feb/2016:09:18:45 +0800] "GET /content/nav/relationSubject.jsp?relationWords=%E6%AF%B3%E7%B0%8B+&oid=1813080 HTTP/1.1" 200 3119
66.249.71.64 - - [07/Feb/2016:09:18:48 +0800] "GET /content/nav/relationSubject.jsp?relationWords=%E6%AF%B3%E7%B0%8B%20&oid=1813080 HTTP/1.1" 200 3119
66.249.71.113 - - [07/Feb/2016:09:19:45 +0800] "GET /content/nav/relationSubject.jsp?relationWords=%E5%B8%83%E8%BE%B2%E6%97%8F+%E6%B3%B0%E9%9B%85%E6%97%8F+%E7%A4%BE%E6%9C%83%E5%95%8F%E9%A1%8C+&oid=1777855 HTTP/1.1" 200 4515
66.249.71.105 - - [07/Feb/2016:09:19:48 +0800] "GET /content/nav/relationSubject.jsp?relationWords=%E5%B8%83%E8%BE%B2%E6%97%8F%20%E6%B3%B0%E9%9B%85%E6%97%8F%20%E7%A4%BE%E6%9C%83%E5%95%8F%E9%A1%8C%20&oid=1777855 HTTP/1.1" 200 4515
157.55.39.147 - - [07/Feb/2016:09:19:59 +0800] "GET /content/subject/resource_content.jsp?oid=16777742&queryType=qc HTTP/1.1" 200 39026
66.249.77.85 - - [07/Feb/2016:09:20:18 +0800] "GET /content/subject/resource_content.jsp?oid=16777472&queryString=%E5%8F%B0%E7%81%A3%E9%AD%9A%E9%A1%9E%20%E5%A4%9A%E6%A8%A3%E6%80%A7%20%E6%B5%B7%E9%AE%AE%20%E7%92%B0%E4%BF%9D%20%E7%94%9F%E7%89%A9%E5%A4%9A%E6%A8%A3%E6%80%A7%20%E9%8C%A2%E9%B0%BB HTTP/1.1" 200 65026
141.8.132.82 - - [07/Feb/2016:09:20:49 +0800] "GET /content/subject/resource_content.jsp?oid=16777500&queryType=qc HTTP/1.1" 200 33379
66.249.77.91 - - [07/Feb/2016:09:21:19 +0800] "GET /content/nav/relationSubject.jsp?relationWords=%E6%96%B0%E5%98%89%E5%9D%A1%E6%B8%AF+%E6%B8%AF%E8%89%80%E8%88%B9%E4%B9%BE%E8%88%B7%E7%B7%9A+&oid=4478343 HTTP/1.1" 200 3168
116.118.159.86 - - [07/Feb/2016:09:21:19 +0800] "GET /content/nav/relationSubject.jsp?relationWords=%E6%9C%A8%E7%8A%80+%E6%A1%82%E8%8A%B1+&oid=16777255 HTTP/1.1" 200 4029
66.249.79.24 - - [07/Feb/2016:09:21:21 +0800] "GET /content/nav/relationSubject.jsp?relationWords=%E6%96%B0%E5%98%89%E5%9D%A1%E6%B8%AF%20%E6%B8%AF%E8%89%80%E8%88%B9%E4%B9%BE%E8%88%B7%E7%B7%9A%20&oid=4478343 HTTP/1.1" 200 3168
66.249.79.30 - - [07/Feb/2016:09:21:34 +0800] "GET /content/subject/resource_content.jsp?oid=16777449&queryType=qc HTTP/1.1" 200 28808
66.249.71.72 - - [07/Feb/2016:09:21:42 +0800] "GET /content/nav/relationSubject.jsp?relationWords=&oid=2582419 HTTP/1.1" 200 1405
66.249.77.91 - - [07/Feb/2016:09:22:48 +0800] "GET /content/subject/resource_content.jsp?oid=16777630&queryType=qs&queryString=%E7%99%BD%E8%A9%B1%E5%AD%97 HTTP/1.1" 200 64967
66.249.74.102 - - [07/Feb/2016:09:23:50 +0800] "GET /content/nav/relationSubject.jsp?relationWords=%E6%96%91%E6%9C%A8%E8%96%91%E5%AD%90+%E6%9C%A8%E8%96%91%E5%AD%90%E5%B1%AC+%E6%A4%8D%E7%89%A9%E7%95%8C+%E6%A8%9F%E7%A7%91+&oid=2148202 HTTP/1.1" 200 3319
66.249.71.72 - - [07/Feb/2016:09:23:51 +0800] "GET /content/nav/relationSubject.jsp?relationWords=%E6%96%91%E6%9C%A8%E8%96%91%E5%AD%90%20%E6%9C%A8%E8%96%91%E5%AD%90%E5%B1%AC%20%E6%A4%8D%E7%89%A9%E7%95%8C%20%E6%A8%9F%E7%A7%91%20&oid=2148202 HTTP/1.1" 200 3319
157.55.39.146 - - [07/Feb/2016:09:24:03 +0800] "GET /content/tmp_tec/resource_content.jsp?oid=16777837 HTTP/1.1" 200 35568
66.249.74.72 - - [07/Feb/2016:09:24:04 +0800] "GET /digiarch3/content/subject/resource_content.jsp?oid=16777729&queryType=qc HTTP/1.1" 200 51699
157.55.39.149 - - [07/Feb/2016:09:24:23 +0800] "GET /content/tmp_tec/resource_content.jsp?oid=16777730 HTTP/1.1" 200 42439
114.40.67.149 - - [07/Feb/2016:09:24:42 +0800] "GET /content/nav/relationSubject.jsp?relationWords=%E6%96%B9%E9%BC%8E+%E9%9B%B2%E9%9B%B7%E7%B4%8B%E5%88%97%E9%BC%8E+%E9%9D%92%E9%8A%85%E5%99%A8+&oid=16777446 HTTP/1.1" 200 4066
157.55.39.146 - - [07/Feb/2016:09:24:43 +0800] "GET /content/tmp_tec/resource_content.jsp?oid=16777734 HTTP/1.1" 200 36946
157.55.39.147 - - [07/Feb/2016:09:25:08 +0800] "GET /content/tmp_tec/resource_content.jsp?oid=16777731 HTTP/1.1" 200 39226
66.249.74.72 - - [07/Feb/2016:09:25:19 +0800] "GET /digiarch3/content/repository/resource_content.jsp?oid=1108857&queryString=%E6%A1%94%E6%A2%97%20%E6%A1%94%E6%A2%97%E7%A7%91%20%E6%A4%8D%E7%89%A9%E7%95%8C%20%E6%B2%99%E5%8F%83%20%E6%B2%99%E5%8F%83%E5%B1%AC%20%E9%AB%98%E5%B1%B1%E6%B2%99%E5%8F%83 HTTP/1.1" 200 31268
66.249.77.97 - - [07/Feb/2016:09:26:33 +0800] "GET /content/repository/resource_content.jsp?oid=14827&queryString=%E5%8F%B0%E7%81%A3%E7%89%B9%E6%9C%89%E7%A8%AE%20%E6%A3%98%E8%A3%B8%E7%B5%A8%E9%AE%8B%20%E7%9F%B3%E7%8B%97%E5%85%AC%20%E7%9F%B3%E9%A0%AD%E9%AD%9A HTTP/1.1" 200 34293
157.55.39.147 - - [07/Feb/2016:09:27:16 +0800] "GET /content/subject/resource_content.jsp?oid=16777749&queryType=qc HTTP/1.1" 200 41248
66.249.71.5 - - [07/Feb/2016:09:27:48 +0800] "GET /digiarch3/content/subject/resource_content.jsp?oid=16797292&queryType=qc HTTP/1.1" 200 57226
66.249.71.14 - - [07/Feb/2016:09:29:03 +0800] "GET /digiarch3/content/subject/resource_content.jsp?oid=16777715&queryType=qs&queryString=%E5%85%A7%E9%96%A3%E5%A4%A7%E5%BA%AB HTTP/1.1" 200 34727
66.249.71.64 - - [07/Feb/2016:09:29:11 +0800] "GET /digiarch_en/content/nav/relationSubject.jsp?relationWords=%E7%99%BD%E5%AE%AE+%E8%91%97%E4%BD%9C%E6%AC%8A+&oid=16777509 HTTP/1.1" 200 4030
66.249.74.98 - - [07/Feb/2016:09:29:12 +0800] "GET /digiarch_en/content/nav/relationSubject.jsp?relationWords=%E7%99%BD%E5%AE%AE%20%E8%91%97%E4%BD%9C%E6%AC%8A%20&oid=16777509 HTTP/1.1" 200 4030
66.249.71.60 - - [07/Feb/2016:09:30:19 +0800] "GET /content/repository/resource_content.jsp?oid=1098936&queryString=%E6%8E%A5%E9%AA%A8%E6%9C%A8%20%E6%A4%8D%E7%89%A9%E7%95%8C%20%E7%B4%85%E6%9E%9C%E9%87%91%E7%B2%9F%E8%98%AD%20%E8%8D%89%E7%8F%8A%E7%91%9A%20%E8%8D%89%E7%8F%8A%E7%91%9A%E5%B1%AC%20%E9%87%91%E7%B2%9F%E8%98%AD%E7%A7%91 HTTP/1.1" 200 31837
68.180.228.24 - - [07/Feb/2016:09:30:28 +0800] "GET /content/pictures/picture_content.jsp?oid=33554880&queryType=qc HTTP/1.1" 200 27880
66.249.71.23 - - [07/Feb/2016:09:31:40 +0800] "GET /digiarch3/content/repository/resource_content.jsp?oid=1107695&queryString=%E6%B5%B7%E6%A3%A0%20%E6%BA%AA%E9%A0%AD%E7%A7%8B%E6%B5%B7%E6%A3%A0%20%E7%A7%8B%E6%B5%B7%E6%A3%A0 HTTP/1.1" 200 31716
66.249.77.97 - - [07/Feb/2016:09:31:47 +0800] "GET /content/nav/relationSubject.jsp?relationWords=%E7%9C%81%E6%94%BF%E5%BA%9C+%E7%BD%B0%E9%8D%B0+%E8%87%BA%E7%81%A3%E7%9C%81%E6%94%BF%E5%BA%9C+%E8%87%BA%E7%81%A3%E7%9C%81%E7%B8%BD%E9%A0%90%E7%AE%97+%E9%83%BD%E5%B8%82%E7%99%BC%E5%B1%95+%E9%A0%90%E7%AE%97+&oid=1900876 HTTP/1.1" 200 4767
182.118.21.254 - - [07/Feb/2016:09:31:57 +0800] "GET /content/subject/resource_content.jsp?oid=16777301&queryType=qc HTTP/1.1" 200 26392
220.181.108.106 - - [07/Feb/2016:09:32:56 +0800] "GET /content/subject/resource_content.jsp?oid=16777508 HTTP/1.1" 200 36289
101.226.168.227 - - [07/Feb/2016:09:32:56 +0800] "GET /content/subject/resource_content.jsp?oid=16777788&queryType=qc HTTP/1.1" 200 42871
101.226.168.222 - - [07/Feb/2016:09:33:04 +0800] "GET /content/subject/resource_content.jsp?oid=16777530&queryType=qc HTTP/1.1" 200 33398
24.85.73.84 - - [07/Feb/2016:09:33:04 +0800] "GET /content/repository/resource_content.jsp?oid=1517323 HTTP/1.1" 200 29546
24.85.73.84 - - [07/Feb/2016:09:33:06 +0800] "GET /content/nav/relationSubject.jsp?relationWords=%E5%84%B2%E8%93%84+%E5%86%8D%E8%88%88+%E5%8F%83%E8%AD%B0%E5%93%A1+%E5%8F%83%E8%AD%B0%E6%9C%83+%E5%8F%B0%E7%81%A3%E7%9C%81+%E5%8F%B0%E9%8A%80+%E6%94%BF%E5%BA%9C%E7%B5%84%E7%B9%94+%E6%9E%97%E4%B8%96%E5%8D%97+%E7%81%A3%E7%9C%81%E6%94%BF%E5%BA%9C+%E9%8A%80%E6%A8%93+&oid=1517323 HTTP/1.1" 200 4631
24.85.73.84 - - [07/Feb/2016:09:33:24 +0800] "GET /content/repository/resource_content.jsp?oid=1517323 HTTP/1.1" 200 29546
24.85.73.84 - - [07/Feb/2016:09:33:24 +0800] "GET /content/nav/relationSubject.jsp?relationWords=%E5%84%B2%E8%93%84+%E5%86%8D%E8%88%88+%E5%8F%83%E8%AD%B0%E5%93%A1+%E5%8F%83%E8%AD%B0%E6%9C%83+%E5%8F%B0%E7%81%A3%E7%9C%81+%E5%8F%B0%E9%8A%80+%E6%94%BF%E5%BA%9C%E7%B5%84%E7%B9%94+%E6%9E%97%E4%B8%96%E5%8D%97+%E7%81%A3%E7%9C%81%E6%94%BF%E5%BA%9C+%E9%8A%80%E6%A8%93+&oid=1517323 HTTP/1.1" 200 4631
182.118.20.215 - - [07/Feb/2016:09:33:47 +0800] "GET /content/subject/resource_content.jsp?oid=16777288&queryType=qc HTTP/1.1" 200 43937
66.249.71.60 - - [07/Feb/2016:09:34:03 +0800] "GET /content/repository/resource_content.jsp?oid=1532727 HTTP/1.1" 200 29392
157.55.39.149 - - [07/Feb/2016:09:34:12 +0800] "GET /content/subject/resource_content.jsp?oid=16777491&queryString HTTP/1.1" 200 48821
157.55.39.147 - - [07/Feb/2016:09:34:32 +0800] "GET /content/subject/resource_content.jsp?oid=16777493&queryType=qc HTTP/1.1" 200 48216
157.55.39.147 - - [07/Feb/2016:09:34:53 +0800] "GET /content/subject/resource_content.jsp?oid=16777532&queryType=qc HTTP/1.1" 200 34708
66.249.71.121 - - [07/Feb/2016:09:35:03 +0800] "GET /content/nav/relationSubject.jsp?relationWords=%E5%8C%97%E7%AE%A1+&oid=4364497 HTTP/1.1" 200 2951
157.55.39.149 - - [07/Feb/2016:09:35:11 +0800] "GET /content/subject/resource_content.jsp?oid=16777512&queryType=qc HTTP/1.1" 200 34523
66.249.71.72 - - [07/Feb/2016:09:35:18 +0800] "GET /content/repository/resource_content.jsp?oid=182420 HTTP/1.1" 200 30073
157.55.39.149 - - [07/Feb/2016:09:35:31 +0800] "GET /content/subject/resource_content.jsp?oid=16777519&queryType=qc HTTP/1.1" 200 36024
157.55.39.147 - - [07/Feb/2016:09:35:52 +0800] "GET /content/subject/resource_content.jsp?oid=16777463&queryType=qc HTTP/1.1" 200 28398
157.55.39.149 - - [07/Feb/2016:09:36:11 +0800] "GET /content/subject/resource_content.jsp?oid=16777611&queryType=qc HTTP/1.1" 200 49494
157.55.39.147 - - [07/Feb/2016:09:36:32 +0800] "GET /content/subject/resource_content.jsp?oid=16777544&queryType=qc HTTP/1.1" 200 35821
66.249.71.5 - - [07/Feb/2016:09:36:33 +0800] "GET /digiarch3/content/subject/resource_content.jsp?oid=16777785&queryType=qc HTTP/1.1" 200 49919
68.180.228.24 - - [07/Feb/2016:09:36:44 +0800] "GET /content/subject/resource_content.jsp?oid=16777420&queryType=qc HTTP/1.1" 200 30170
66.249.71.64 - - [07/Feb/2016:09:36:51 +0800] "GET /content/nav/relationSubject.jsp?relationWords=%E4%BA%AE%E7%9C%B6%E7%87%88%E9%AD%9A+%E7%87%88%E7%B1%A0%E9%AD%9A+&oid=21611 HTTP/1.1" 200 3503
66.249.71.60 - - [07/Feb/2016:09:36:54 +0800] "GET /content/nav/relationSubject.jsp?relationWords=%E4%BA%AE%E7%9C%B6%E7%87%88%E9%AD%9A%20%E7%87%88%E7%B1%A0%E9%AD%9A%20&oid=21611 HTTP/1.1" 200 3503
157.55.39.149 - - [07/Feb/2016:09:37:12 +0800] "GET /content/subject/resource_content.jsp?oid=16777645&queryType=qc HTTP/1.1" 200 63942
157.55.39.147 - - [07/Feb/2016:09:37:32 +0800] "GET /content/subject/resource_content.jsp?oid=16777647&queryType=qc HTTP/1.1" 200 56476
66.249.71.121 - - [07/Feb/2016:09:37:48 +0800] "GET /content/repository/resource_content.jsp?oid=1595931&queryType=qs&queryString=%E5%B8%83%E8%BE%B2%E6%97%8F HTTP/1.1" 200 29110
157.55.39.149 - - [07/Feb/2016:09:38:12 +0800] "GET /content/subject/resource_content.jsp?oid=16777656&queryType=qc HTTP/1.1" 200 63549
157.55.39.148 - - [07/Feb/2016:09:38:32 +0800] "GET /content/subject/resource_content.jsp?oid=16777623&queryType=qc HTTP/1.1" 200 31936
157.55.39.148 - - [07/Feb/2016:09:38:52 +0800] "GET /content/subject/resource_content.jsp?oid=16777703&queryString=%E5%BD%A9%E7%B9%AA HTTP/1.1" 200 27388
66.249.77.91 - - [07/Feb/2016:09:39:03 +0800] "GET /content/subject/resource_content.jsp?oid=16777487&queryType=qs&queryString=%E7%B6%B2%E9%9A%9B%E7%B6%B2%E8%B7%AF HTTP/1.1" 200 45181
157.55.39.148 - - [07/Feb/2016:09:39:12 +0800] "GET /content/subject/resource_content.jsp?oid=16777779&queryType=qc HTTP/1.1" 200 37712
157.55.39.149 - - [07/Feb/2016:09:39:32 +0800] "GET /content/subject/resource_content.jsp?oid=16777742&queryString HTTP/1.1" 200 39026
66.249.71.72 - - [07/Feb/2016:09:39:40 +0800] "GET /content/nav/relationSubject.jsp?relationWords=%E5%8D%97%E5%BF%97%E4%BF%A1+%E7%9C%81%E6%94%BF%E5%BA%9C+&oid=1518707 HTTP/1.1" 200 4507
66.249.71.72 - - [07/Feb/2016:09:39:42 +0800] "GET /content/nav/relationSubject.jsp?relationWords=%E5%8D%97%E5%BF%97%E4%BF%A1%20%E7%9C%81%E6%94%BF%E5%BA%9C%20&oid=1518707 HTTP/1.1" 200 4507
157.55.39.148 - - [07/Feb/2016:09:39:52 +0800] "GET /content/subject/resource_content.jsp?oid=16777782&queryType=qc HTTP/1.1" 200 49027
157.55.39.148 - - [07/Feb/2016:09:40:12 +0800] "GET /digiarch_en/content/subject/resource_content.jsp?oid=16777484&queryType=qc HTTP/1.1" 200 67028
66.249.71.60 - - [07/Feb/2016:09:40:18 +0800] "GET /digiarch_en/content/repository/resource_content.jsp?oid=518216&queryString=%E6%93%AC%E7%83%8F%E8%B3%8A%20%E8%BB%9F%E7%BF%85%E4%BB%94%20%E8%BB%9F%E7%BF%85%E4%BB%94%E5%B1%AC%20%E9%8E%96%E7%AE%A1%E7%A7%91%20%E9%A0%AD%E8%B6%B3%E7%B6%B1 HTTP/1.1" 200 24272
66.249.71.113 - - [07/Feb/2016:09:40:31 +0800] "GET /content/nav/relationSubject.jsp?relationWords=%E6%9D%B1%E5%8B%A2%E8%A7%92+&oid=4458962 HTTP/1.1" 200 3154
157.55.39.147 - - [07/Feb/2016:09:40:32 +0800] "GET /content/subject/resource_content.jsp?oid=16777783&queryType=qc HTTP/1.1" 200 58232
182.118.22.230 - - [07/Feb/2016:09:40:36 +0800] "GET /content/subject/resource_content.jsp?oid=16777551&queryType=qc HTTP/1.1" 200 32206
182.118.22.207 - - [07/Feb/2016:09:40:45 +0800] "GET /content/subject/resource_content.jsp?oid=16777620&queryType=qc%3E HTTP/1.1" 200 54694
157.55.39.149 - - [07/Feb/2016:09:40:52 +0800] "GET /content/subject/resource_content.jsp?oid=16777838&queryType=qc> HTTP/1.1" 200 59049
66.249.77.91 - - [07/Feb/2016:09:41:33 +0800] "GET /content/repository/resource_content.jsp?oid=2544564&queryType=qs&queryString=%E5%AF%86%E8%AB%AD HTTP/1.1" 200 29061
157.55.39.146 - - [07/Feb/2016:09:41:51 +0800] "GET /content/nav/relationSubject.jsp?relationWords=%E7%8F%8A%E7%91%9A%E5%88%BA%E6%A1%90+&oid=16777333 HTTP/1.1" 200 2149
157.55.39.146 - - [07/Feb/2016:09:42:12 +0800] "GET /content/subject/resource_content.jsp?oid=16777487&queryType=qc HTTP/1.1" 200 45195
66.249.71.72 - - [07/Feb/2016:09:42:25 +0800] "GET /content/nav/relationSubject.jsp?relationWords=%E5%BB%BA%E7%AF%89%E5%B8%AB+%E6%9E%97%E6%BE%8D%E6%B0%91+%E8%87%A8%E6%99%82%E7%9C%81%E8%AD%B0%E6%9C%83+%E8%87%BA%E7%81%A3%E7%9C%81+&oid=1520085 HTTP/1.1" 200 4523
157.55.39.146 - - [07/Feb/2016:09:42:32 +0800] "GET /content/subject/resource_content.jsp?oid=16777490&queryType=qc HTTP/1.1" 200 37184
66.249.71.5 - - [07/Feb/2016:09:42:47 +0800] "GET /digiarch3/content/nav/relationSubject.jsp?relationWords=%E8%9D%B4%E8%9D%B6%E9%AD%9A%E7%A7%91+%E9%8A%80%E6%96%91%E8%9D%B6%E9%AD%9A+&oid=4352584 HTTP/1.1" 200 3139
66.249.71.64 - - [07/Feb/2016:09:42:49 +0800] "GET /content/subject/resource_content.jsp?oid=16777685&queryString= HTTP/1.1" 200 37035
157.55.39.146 - - [07/Feb/2016:09:42:53 +0800] "GET /content/subject/resource_content.jsp?oid=16777517&queryType=qc HTTP/1.1" 200 51831
157.55.39.146 - - [07/Feb/2016:09:43:12 +0800] "GET /content/subject/resource_content.jsp?oid=16777518&queryType=qc HTTP/1.1" 200 27901
66.249.71.60 - - [07/Feb/2016:09:43:24 +0800] "GET /content/nav/relationSubject.jsp?relationWords=%E5%9C%B0%E6%96%B9%E7%B8%BD%E9%A0%90%E7%AE%97+%E6%9C%83%E8%AD%B0%E7%B4%80%E9%8C%84+%E6%AD%B2%E5%87%BA+&oid=1546115 HTTP/1.1" 200 4128
157.55.39.146 - - [07/Feb/2016:09:43:32 +0800] "GET /content/subject/resource_content.jsp?oid=16777531&queryType=qc HTTP/1.1" 200 42128
66.249.71.60 - - [07/Feb/2016:09:43:38 +0800] "GET /content/nav/relationSubject.jsp?relationWords=%E5%A7%9A%E5%B4%87+%E5%B4%87%E5%85%89+%E6%93%B4%E5%BB%BA+%E6%A9%9F%E6%A2%B0+%E9%A0%90%E7%AE%97+&oid=1584179 HTTP/1.1" 200 4698
66.249.71.60 - - [07/Feb/2016:09:43:39 +0800] "GET /content/nav/relationSubject.jsp?relationWords=%E5%A7%9A%E5%B4%87%20%E5%B4%87%E5%85%89%20%E6%93%B4%E5%BB%BA%20%E6%A9%9F%E6%A2%B0%20%E9%A0%90%E7%AE%97%20&oid=1584179 HTTP/1.1" 200 4698
157.55.39.149 - - [07/Feb/2016:09:43:52 +0800] "GET /content/subject/resource_content.jsp?oid=16797244&queryString= HTTP/1.1" 200 50442
66.249.79.30 - - [07/Feb/2016:09:44:04 +0800] "GET /content/repository/resource_content.jsp?oid=4362940&queryString=%E9%87%91%E7%B4%99 HTTP/1.1" 200 30405
66.249.71.60 - - [07/Feb/2016:09:44:31 +0800] "GET /content/subject/resource_content.jsp?oid=16777764&queryType=qc HTTP/1.1" 200 40780
157.55.39.149 - - [07/Feb/2016:09:44:52 +0800] "GET /content/subject/resource_content.jsp?oid=16797244&queryType=qc HTTP/1.1" 200 50442
157.55.39.146 - - [07/Feb/2016:09:45:12 +0800] "GET /content/subject/resource_content.jsp?oid=16777543&queryType=qc HTTP/1.1" 200 41364
66.249.71.5 - - [07/Feb/2016:09:45:18 +0800] "GET /digiarch3/content/subject/resource_content.jsp?oid=16777493&queryType=qs&queryString=%E7%A7%8B%E6%B5%B7%E6%A3%A0%E5%B1%AC HTTP/1.1" 200 48580
66.249.71.60 - - [07/Feb/2016:09:45:26 +0800] "GET /content/nav/relationSubject.jsp?relationWords=&oid=2599610 HTTP/1.1" 200 1405
66.249.71.60 - - [07/Feb/2016:09:45:29 +0800] "GET /content/nav/relationSubject.jsp?relationWords=%E8%BB%8D%E5%82%99+&oid=748904 HTTP/1.1" 200 3804
66.249.71.60 - - [07/Feb/2016:09:45:31 +0800] "GET /content/nav/relationSubject.jsp?relationWords=%E8%BB%8D%E5%82%99%20&oid=748904 HTTP/1.1" 200 3804
157.55.39.146 - - [07/Feb/2016:09:45:32 +0800] "GET /content/subject/resource_content.jsp?oid=16777591&queryType=qc HTTP/1.1" 200 40758
157.55.39.149 - - [07/Feb/2016:09:46:12 +0800] "GET /content/subject/resource_content.jsp?oid=16797296&queryType=qc HTTP/1.1" 200 54561
157.55.39.146 - - [07/Feb/2016:09:46:32 +0800] "GET /content/subject/resource_content.jsp?oid=16777595&queryType=qc HTTP/1.1" 200 42911
66.249.71.155 - - [07/Feb/2016:09:46:33 +0800] "GET /content/repository/resource_content.jsp?oid=4363404&queryString=%E4%BB%A4%E6%97%97%20%E4%BB%A4%E7%89%8C%20%E5%B7%A1%E6%92%AB HTTP/1.1" 200 31414
157.55.39.146 - - [07/Feb/2016:09:46:57 +0800] "GET /content/subject/resource_content.jsp?oid=16777607&queryType=qc HTTP/1.1" 200 55064
157.55.39.149 - - [07/Feb/2016:09:47:11 +0800] "GET /digiarch_en/content/subject/resource_content.jsp?oid=16777780&queryType=qc HTTP/1.1" 200 28389
68.180.228.24 - - [07/Feb/2016:09:47:19 +0800] "GET /digiarch_en/content/repository/resource_content.jsp?oid=523600&queryType=qc HTTP/1.1" 200 26601
157.55.39.146 - - [07/Feb/2016:09:47:34 +0800] "GET /content/subject/resource_content.jsp?oid=16777625&queryType=qc HTTP/1.1" 200 61684
66.249.71.5 - - [07/Feb/2016:09:47:48 +0800] "GET /digiarch3/content/repository/resource_content.jsp?oid=4353217&queryString=%E6%B5%B7%E8%91%B5%20%E6%B5%B7%E8%91%B5%E9%AD%9A%20%E7%9C%BC%E6%96%91%20%E7%9C%BC%E6%96%91%E6%B5%B7%E8%91%B5%E9%AD%9A%20%E9%9B%80%E9%AF%9B%20%E9%9B%80%E9%AF%9B%E7%A7%91%20%E9%AF%9B%E7%A7%91 HTTP/1.1" 200 33935
157.55.39.146 - - [07/Feb/2016:09:47:52 +0800] "GET /content/subject/resource_content.jsp?oid=16777780&queryType=qc HTTP/1.1" 200 33936
157.55.39.148 - - [07/Feb/2016:09:48:32 +0800] "GET /content/subject/resource_content.jsp?oid=16777688&queryType=qc HTTP/1.1" 200 39200
66.249.77.85 - - [07/Feb/2016:09:49:08 +0800] "GET /content/nav/relationSubject.jsp?relationWords=%E6%A0%B2%E5%B1%AC+%E6%A4%8D%E7%89%A9%E7%95%8C+%E6%AE%BC%E6%96%97%E7%A7%91+%E7%99%BD%E6%A0%A1%E6%AC%91+%E9%8B%B8%E8%91%89%E9%95%B7%E5%B0%BE%E6%A0%B2+&oid=2146702 HTTP/1.1" 200 3591
66.249.77.85 - - [07/Feb/2016:09:49:11 +0800] "GET /content/nav/relationSubject.jsp?relationWords=%E6%A0%B2%E5%B1%AC%20%E6%A4%8D%E7%89%A9%E7%95%8C%20%E6%AE%BC%E6%96%97%E7%A7%91%20%E7%99%BD%E6%A0%A1%E6%AC%91%20%E9%8B%B8%E8%91%89%E9%95%B7%E5%B0%BE%E6%A0%B2%20&oid=2146702 HTTP/1.1" 200 3591
66.249.74.98 - - [07/Feb/2016:09:50:08 +0800] "GET /content/nav/relationSubject.jsp?relationWords=%E5%8A%89%E7%9B%9B%E8%B2%A1+%E5%9C%B0%E4%B8%8B%E6%B0%B4+%E5%9F%A4%E5%9C%B3+%E6%99%82%E6%95%88+%E6%B0%B4%E5%88%A9%E5%B1%80+%E6%B0%B4%E6%AC%8A%E5%AE%A4+%E7%81%8C%E6%BA%89%E5%8D%80%E5%9F%9F+%E8%87%BA%E7%81%A3%E7%9C%81+%E8%B3%AA%E8%A9%A2+&oid=1556521 HTTP/1.1" 200 4713
66.249.74.100 - - [07/Feb/2016:09:50:09 +0800] "GET /content/nav/relationSubject.jsp?relationWords=%E5%8A%89%E7%9B%9B%E8%B2%A1%20%E5%9C%B0%E4%B8%8B%E6%B0%B4%20%E5%9F%A4%E5%9C%B3%20%E6%99%82%E6%95%88%20%E6%B0%B4%E5%88%A9%E5%B1%80%20%E6%B0%B4%E6%AC%8A%E5%AE%A4%20%E7%81%8C%E6%BA%89%E5%8D%80%E5%9F%9F%20%E8%87%BA%E7%81%A3%E7%9C%81%20%E8%B3%AA%E8%A9%A2%20&oid=1556521 HTTP/1.1" 200 4713
157.55.39.148 - - [07/Feb/2016:09:50:12 +0800] "GET /content/subject/resource_content.jsp?oid=16777386&queryType=qc HTTP/1.1" 200 38782
66.249.74.72 - - [07/Feb/2016:09:50:19 +0800] "GET /digiarch3/content/subject/resource_content.jsp?oid=16777478&queryType=qs&queryString=%E7%A0%94%E7%A9%B6%E5%AE%A4 HTTP/1.1" 200 35861
66.249.71.72 - - [07/Feb/2016:09:50:30 +0800] "GET /digiarch_en/content/nav/relationSubject.jsp?relationWords=%E6%97%97%E9%AD%9A+%E7%A0%B4%E9%9B%A8%E5%82%98+%E9%9B%A8%E5%82%98%E6%97%97%E9%AD%9A+%E9%9B%A8%E7%AC%A0+&oid=16356 HTTP/1.1" 200 3479
157.55.39.148 - - [07/Feb/2016:09:50:34 +0800] "GET /content/subject/resource_content.jsp?oid=16777395&queryString HTTP/1.1" 200 33632
157.55.39.148 - - [07/Feb/2016:09:50:52 +0800] "GET /content/subject/resource_content.jsp?oid=16777421&queryType=qc HTTP/1.1" 200 34298
101.15.227.153 - - [07/Feb/2016:09:50:52 +0800] "GET /content/nav/relationSubject.jsp?relationWords=%E8%BE%9B%E5%A4%B7+&oid=16777479 HTTP/1.1" 200 1412
157.55.39.148 - - [07/Feb/2016:09:51:11 +0800] "GET /content/subject/resource_content.jsp?oid=16777436&queryType=qc HTTP/1.1" 200 28563
66.249.71.23 - - [07/Feb/2016:09:51:38 +0800] "GET /digiarch3/content/repository/resource_content.jsp?oid=2145212&queryString=%E4%BA%8C%E8%A3%82%E5%94%87%E8%8E%AA%E7%99%BD%E8%98%AD%20%E6%A4%8D%E7%89%A9%E7%95%8C%20%E8%8E%AA%E7%99%BD%E8%98%AD%E5%B1%AC HTTP/1.1" 200 31024
66.249.71.64 - - [07/Feb/2016:09:52:50 +0800] "GET /content/nav/relationSubject.jsp?relationWords=%E5%8C%88%E4%BF%98+&oid=740125 HTTP/1.1" 200 3073
66.249.71.64 - - [07/Feb/2016:09:52:52 +0800] "GET /content/nav/relationSubject.jsp?relationWords=%E5%8C%88%E4%BF%98%20&oid=740125 HTTP/1.1" 200 3073
66.249.74.100 - - [07/Feb/2016:09:53:11 +0800] "GET /content/nav/relationSubject.jsp?relationWords=%E4%BA%94%E7%9C%81+%E4%BA%BA%E4%BA%8B%E5%88%B6%E5%BA%A6+%E5%85%AC%E5%8B%99%E5%93%A1+%E5%85%AC%E8%B7%AF%E5%B1%80+%E5%9F%BA%E9%9A%86%E6%B8%AF+%E5%AF%A9%E8%A8%88+%E5%B7%A5%E7%A8%8B%E8%B2%BB+%E6%93%B4%E5%BB%BA+%E6%B8%AF%E5%B7%A5%E6%8D%90+%E6%B8%AF%E7%81%A3%E5%B7%A5%E7%A8%8B+%E8%80%83%E8%A9%A6%E9%99%A2+%E8%87%BA%E5%8C%97%E7%B8%A3+%E8%8A%B1%E8%B2%BB+%E8%99%95%E9%95%B7+%E8%B2%A1%E6%94%BF+%E8%B2%A8%E9%81%8B+%E8%B3%AA%E8%A9%A2+%E9%90%B5%E8%B7%AF%E5%B1%80+%E9%A0%90%E7%AE%97+%E9%A2%A8%E6%99%AF%E5%8D%80+&oid=1550754 HTTP/1.1" 200 5188
66.249.71.60 - - [07/Feb/2016:09:53:14 +0800] "GET /content/nav/relationSubject.jsp?relationWords=%E4%BA%94%E7%9C%81%20%E4%BA%BA%E4%BA%8B%E5%88%B6%E5%BA%A6%20%E5%85%AC%E5%8B%99%E5%93%A1%20%E5%85%AC%E8%B7%AF%E5%B1%80%20%E5%9F%BA%E9%9A%86%E6%B8%AF%20%E5%AF%A9%E8%A8%88%20%E5%B7%A5%E7%A8%8B%E8%B2%BB%20%E6%93%B4%E5%BB%BA%20%E6%B8%AF%E5%B7%A5%E6%8D%90%20%E6%B8%AF%E7%81%A3%E5%B7%A5%E7%A8%8B%20%E8%80%83%E8%A9%A6%E9%99%A2%20%E8%87%BA%E5%8C%97%E7%B8%A3%20%E8%8A%B1%E8%B2%BB%20%E8%99%95%E9%95%B7%20%E8%B2%A1%E6%94%BF%20%E8%B2%A8%E9%81%8B%20%E8%B3%AA%E8%A9%A2%20%E9%90%B5%E8%B7%AF%E5%B1%80%20%E9%A0%90%E7%AE%97%20%E9%A2%A8%E6%99%AF%E5%8D%80%20&oid=1550754 HTTP/1.1" 200 5188
66.249.71.60 - - [07/Feb/2016:09:53:21 +0800] "GET /content/nav/relationSubject.jsp?relationWords=%E6%B5%81%E8%98%87%E8%85%B0%E5%9C%8D+%E7%94%B7%E8%A3%99+&oid=1780197 HTTP/1.1" 200 2992
66.249.71.5 - - [07/Feb/2016:09:54:04 +0800] "GET /digiarch3/content/subject/resource_content.jsp?oid=16777424&queryType=qc HTTP/1.1" 200 38674
157.55.39.149 - - [07/Feb/2016:09:54:12 +0800] "GET /content/subject/resource_content.jsp?oid=16777472&queryType=qc HTTP/1.1" 200 64960
157.55.39.149 - - [07/Feb/2016:09:54:51 +0800] "GET /content/subject/resource_content.jsp?oid=16777479&queryType=qc HTTP/1.1" 200 35789
66.249.74.102 - - [07/Feb/2016:09:54:56 +0800] "GET /content/nav/relationSubject.jsp?relationWords=%E7%8F%8D%E7%8F%A0%E8%8C%85%E5%B1%AC+%E8%BC%AA%E8%91%89%E7%8F%8D%E7%8F%A0%E8%8C%85+&oid=1456870 HTTP/1.1" 200 3317
66.249.71.64 - - [07/Feb/2016:09:54:58 +0800] "GET /content/nav/relationSubject.jsp?relationWords=%E7%8F%8D%E7%8F%A0%E8%8C%85%E5%B1%AC%20%E8%BC%AA%E8%91%89%E7%8F%8D%E7%8F%A0%E8%8C%85%20&oid=1456870 HTTP/1.1" 200 3317
66.249.77.97 - - [07/Feb/2016:09:55:18 +0800] "GET /content/subject/resource_content.jsp?oid=16797335&queryType=qc HTTP/1.1" 200 60398
157.55.39.149 - - [07/Feb/2016:09:55:52 +0800] "GET /content/subject/resource_content.jsp?oid=16777486&queryType=qc HTTP/1.1" 200 42090
157.55.39.148 - - [07/Feb/2016:09:56:12 +0800] "GET /content/pictures/picture_content.jsp?oid=33554822 HTTP/1.1" 200 27471
157.55.39.147 - - [07/Feb/2016:09:56:31 +0800] "GET /content/subject/resource_content.jsp?oid=16777390&queryType=qc HTTP/1.1" 200 43088
66.249.71.23 - - [07/Feb/2016:09:56:33 +0800] "GET /digiarch3/content/repository/resource_content.jsp?oid=4363824&queryString=%E5%B8%83%E8%A2%8B%E6%88%B2%20%E5%B8%83%E8%A2%8B%E6%88%B2%E5%81%B6%20%E6%88%B2%E5%81%B6 HTTP/1.1" 200 27920
66.249.71.72 - - [07/Feb/2016:09:57:05 +0800] "GET /content/nav/relationSubject.jsp?relationWords=&oid=1807155 HTTP/1.1" 200 1405
157.55.39.147 - - [07/Feb/2016:09:57:12 +0800] "GET /content/subject/resource_content.jsp?oid=16777433&queryType=qc HTTP/1.1" 200 28555
66.249.71.121 - - [07/Feb/2016:09:57:48 +0800] "GET /content/repository/resource_content.jsp?oid=15797&queryType=qs&queryString=%E7%9B%B4%E5%8F%A3 HTTP/1.1" 200 35355
157.55.39.147 - - [07/Feb/2016:09:57:52 +0800] "GET /content/subject/resource_content.jsp?oid=16777437&queryType=qc HTTP/1.1" 200 28766
66.249.71.113 - - [07/Feb/2016:09:59:03 +0800] "GET /content/repository/resource_content.jsp?oid=2677148&queryType=qs&queryString=%E6%B8%85%E5%90%8F%E5%8F%B8 HTTP/1.1" 200 30354
157.55.39.146 - - [07/Feb/2016:09:59:12 +0800] "GET /content/subject/resource_content.jsp?oid=16797245&queryType=qc HTTP/1.1" 200 48121
157.55.39.146 - - [07/Feb/2016:09:59:32 +0800] "GET /content/subject/resource_content.jsp?oid=16797340&queryType=qc HTTP/1.1" 200 63037
157.55.39.146 - - [07/Feb/2016:09:59:52 +0800] "GET /digiarch_en/content/subject/resource_content.jsp?oid=16777714&queryType=qc HTTP/1.1" 200 36667
157.55.39.146 - - [07/Feb/2016:10:00:12 +0800] "GET /digiarch_en/content/tmp_auth/resource_content.jsp?oid=16777777 HTTP/1.1" 200 27488
157.55.39.148 - - [07/Feb/2016:10:00:32 +0800] "GET /content/repository/resource_content.jsp?oid=1123464 HTTP/1.1" 200 34728
157.55.39.148 - - [07/Feb/2016:10:00:52 +0800] "GET /content/repository/resource_content.jsp?oid=1810952&queryString=%E5%AF%B6%E6%87%89%20%E5%B0%84%E9%99%BD%20%E5%B0%84%E9%99%BD%E7%9F%B3%E9%96%80%20%E5%B9%B3%E5%AE%B6%20%E9%A1%8C%E8%A8%98 HTTP/1.1" 200 34680
157.55.39.148 - - [07/Feb/2016:10:01:12 +0800] "GET /content/repository/resource_content.jsp?oid=1894932&queryString=%E5%9C%B0%E6%94%BF%E4%BA%8B%E5%8B%99%E6%89%80%20%E7%BE%8E%E9%BD%A1 HTTP/1.1" 200 30470
1.171.176.60 - - [07/Feb/2016:10:01:25 +0800] "GET /content/nav/relationSubject.jsp?relationWords=%E8%96%9C%E8%8D%94+&oid=16777485 HTTP/1.1" 200 3561
157.55.39.148 - - [07/Feb/2016:10:01:32 +0800] "GET /content/repository/resource_content.jsp?oid=1895785 HTTP/1.1" 200 28787
66.249.77.91 - - [07/Feb/2016:10:01:33 +0800] "GET /content/repository/resource_content.jsp?oid=1522253&queryType=qs&queryString=%E4%B8%89%E4%B8%83%E4%BA%94%E6%B8%9B%E7%A7%9F HTTP/1.1" 200 29279
157.55.39.148 - - [07/Feb/2016:10:02:12 +0800] "GET /content/repository/resource_content.jsp?oid=2146269&queryString=%E5%8F%B0%E7%81%A3%E5%9C%9F%E6%B2%89%E9%A6%99%20%E5%9C%9F%E6%B2%89%E9%A6%99%E5%B1%AC%20%E5%A4%A7%E6%88%9F%20%E5%A4%A7%E6%88%9F%E7%A7%91%20%E6%A4%8D%E7%89%A9%E7%95%8C HTTP/1.1" 200 31058
157.55.39.148 - - [07/Feb/2016:10:02:32 +0800] "GET /content/repository/resource_content.jsp?oid=3814046&queryString=%E5%8F%B0%E7%81%A3%E5%9C%9F%E6%B2%89%E9%A6%99%20%E5%9C%9F%E6%B2%89%E9%A6%99%E5%B1%AC%20%E5%A4%A7%E6%88%9F%20%E5%A4%A7%E6%88%9F%E7%A7%91%20%E6%A4%8D%E7%89%A9%E7%95%8C HTTP/1.1" 200 31263
66.249.71.113 - - [07/Feb/2016:10:02:48 +0800] "GET /content/repository/resource_content.jsp?oid=1782555&queryType=qs&queryString=%E5%B1%95%E7%BF%85 HTTP/1.1" 200 29089
157.55.39.148 - - [07/Feb/2016:10:03:12 +0800] "GET /content/repository/resource_content.jsp?oid=3814052&queryString=%E5%8F%B0%E7%81%A3%E5%9C%9F%E6%B2%89%E9%A6%99%20%E5%9C%9F%E6%B2%89%E9%A6%99%E5%B1%AC%20%E5%A4%A7%E6%88%9F%20%E5%A4%A7%E6%88%9F%E7%A7%91%20%E6%A4%8D%E7%89%A9%E7%95%8C HTTP/1.1" 200 31230
66.249.79.24 - - [07/Feb/2016:10:03:12 +0800] "GET /content/nav/relationSubject.jsp?relationWords=%E9%99%A3%E9%A0%AD+&oid=4439593 HTTP/1.1" 200 3060
66.249.77.97 - - [07/Feb/2016:10:03:15 +0800] "GET /content/nav/relationSubject.jsp?relationWords=%E9%99%A3%E9%A0%AD%20&oid=4439593 HTTP/1.1" 200 3060
66.249.71.121 - - [07/Feb/2016:10:03:35 +0800] "GET /content/nav/relationSubject.jsp?relationWords=%E5%B0%96%E5%90%BB+%E6%97%97%E9%AD%9A+%E7%B4%85%E8%82%89%E6%97%97%E9%AD%9A+&oid=4353645 HTTP/1.1" 200 3434
114.35.75.104 - - [07/Feb/2016:10:04:21 +0800] "GET /content/nav/relationSubject.jsp?relationWords=%E8%96%9C%E8%8D%94+&oid=16777485 HTTP/1.1" 200 3561
66.249.71.60 - - [07/Feb/2016:10:04:53 +0800] "GET /content/nav/relationSubject.jsp?relationWords=&oid=1626356 HTTP/1.1" 200 1405
66.249.79.30 - - [07/Feb/2016:10:05:19 +0800] "GET /content/subject/resource_content.jsp?oid=16777424&queryType=qc HTTP/1.1" 200 38692
157.55.39.149 - - [07/Feb/2016:10:05:20 +0800] "GET /content/repository/resource_content.jsp?oid=1814183&queryString=%E5%AF%B6%E6%87%89%20%E5%B0%84%E9%99%BD%20%E5%B0%84%E9%99%BD%E7%9F%B3%E9%96%80%20%E5%B9%B3%E5%AE%B6%20%E9%A1%8C%E8%A8%98 HTTP/1.1" 200 34265
157.55.39.146 - - [07/Feb/2016:10:05:32 +0800] "GET /content/subject/resource_content.jsp?oid=16777419&queryType=qc HTTP/1.1" 200 28207
66.249.71.14 - - [07/Feb/2016:10:06:12 +0800] "GET /digiarch3/content/nav/relationSubject.jsp?relationWords=%E5%A4%A7%E8%9D%B8%E7%89%9B+%E6%9F%84%E7%9C%BC%E7%9B%AE+%E8%85%B9%E8%B6%B3%E7%B6%B1+%E8%BB%9F%E9%AB%94%E5%8B%95%E7%89%A9%E9%96%80+%E9%9D%9E%E6%B4%B2%E5%A4%A7%E8%9D%B8%E7%89%9B+%E9%9D%9E%E6%B4%B2%E5%A4%A7%E8%9D%B8%E7%89%9B%E5%B1%AC+%E9%9D%9E%E6%B4%B2%E5%A4%A7%E8%9D%B8%E7%89%9B%E7%A7%91+&oid=4550805 HTTP/1.1" 200 3723
66.249.71.60 - - [07/Feb/2016:10:06:19 +0800] "GET /content/nav/relationSubject.jsp?relationWords=%E4%B8%8A%E6%BC%B2+%E5%85%AC%E7%87%9F%E4%BA%8B%E6%A5%AD+%E5%95%86%E6%A5%AD%E9%8A%80%E8%A1%8C+%E5%BC%B5%E5%AF%8C+%E8%B3%AA%E8%A9%A2+&oid=1609693 HTTP/1.1" 200 6191
66.249.71.72 - - [07/Feb/2016:10:06:22 +0800] "GET /content/nav/relationSubject.jsp?relationWords=%E4%B8%8A%E6%BC%B2%20%E5%85%AC%E7%87%9F%E4%BA%8B%E6%A5%AD%20%E5%95%86%E6%A5%AD%E9%8A%80%E8%A1%8C%20%E5%BC%B5%E5%AF%8C%20%E8%B3%AA%E8%A9%A2%20&oid=1609693 HTTP/1.1" 200 6191
157.55.39.149 - - [07/Feb/2016:10:06:32 +0800] "GET /content/repository/resource_content.jsp?oid=1814282&queryString=%E5%AF%B6%E6%87%89%20%E5%B0%84%E9%99%BD%20%E5%B0%84%E9%99%BD%E7%9F%B3%E9%96%80%20%E5%B9%B3%E5%AE%B6%20%E9%A1%8C%E8%A8%98 HTTP/1.1" 200 34216
66.249.71.60 - - [07/Feb/2016:10:06:48 +0800] "GET /digiarch_en/content/nav/relationSubject.jsp?relationWords=%E6%96%91%E9%A6%AC%E7%BF%BC%E6%B3%95%E8%9E%BA+%E6%B3%95%E8%9E%BA%E7%A7%91+%E7%95%B0%E8%B6%B3%E7%9B%AE+%E7%BF%BC%E6%B3%95%E8%9E%BA+%E8%85%B9%E8%B6%B3%E7%B6%B1+&oid=524122 HTTP/1.1" 200 3419
66.249.71.60 - - [07/Feb/2016:10:06:50 +0800] "GET /digiarch_en/content/nav/relationSubject.jsp?relationWords=%E6%96%91%E9%A6%AC%E7%BF%BC%E6%B3%95%E8%9E%BA%20%E6%B3%95%E8%9E%BA%E7%A7%91%20%E7%95%B0%E8%B6%B3%E7%9B%AE%20%E7%BF%BC%E6%B3%95%E8%9E%BA%20%E8%85%B9%E8%B6%B3%E7%B6%B1%20&oid=524122 HTTP/1.1" 200 3419
157.55.39.147 - - [07/Feb/2016:10:06:52 +0800] "GET /content/tmp_auth/resource_content.jsp?oid=16777759 HTTP/1.1" 200 25314
118.232.239.148 - - [07/Feb/2016:10:08:13 +0800] "GET /content/subject/resource_content.jsp?oid=16777753 HTTP/1.1" 200 36817
118.232.239.148 - - [07/Feb/2016:10:08:14 +0800] "GET /content/nav/relationSubject.jsp?relationWords=GIS+%E6%95%B8%E4%BD%8D%E5%85%B8%E8%97%8F+%E9%81%99%E6%B8%AC%E5%BD%B1%E5%83%8F+&oid=16777753 HTTP/1.1" 200 5952
66.249.71.64 - - [07/Feb/2016:10:08:56 +0800] "GET /content/nav/relationSubject.jsp?relationWords=%E5%98%89%E7%BE%A9%E5%B8%82+%E5%9C%9F%E5%9C%B0%E5%88%A9%E7%94%A8+&oid=1889375 HTTP/1.1" 200 5801
66.249.71.72 - - [07/Feb/2016:10:08:59 +0800] "GET /content/nav/relationSubject.jsp?relationWords=%E5%A5%87%E5%A3%AB%E9%AD%9A+%E9%9D%92%E7%9C%BC%E9%AD%9A+%E9%BB%91%E7%B7%A3%E9%9D%92%E7%9C%BC%E9%AD%9A+&oid=14459 HTTP/1.1" 200 3473
66.249.71.60 - - [07/Feb/2016:10:09:00 +0800] "GET /content/nav/relationSubject.jsp?relationWords=%E5%98%89%E7%BE%A9%E5%B8%82%20%E5%9C%9F%E5%9C%B0%E5%88%A9%E7%94%A8%20&oid=1889375 HTTP/1.1" 200 5801
66.249.71.60 - - [07/Feb/2016:10:09:03 +0800] "GET /content/repository/resource_content.jsp?oid=1123458&queryString=%E9%9D%A2%E7%B4%97%E8%8A%8B%E8%9E%BA HTTP/1.1" 200 31660
157.55.39.147 - - [07/Feb/2016:10:10:12 +0800] "GET /content/repository/resource_content.jsp?oid=1515420 HTTP/1.1" 200 28766
66.249.74.100 - - [07/Feb/2016:10:10:19 +0800] "GET /content/repository/resource_content.jsp?oid=2676346&queryString=%E7%B1%B3%E7%9F%B3%20%E9%96%A9%E7%9C%81 HTTP/1.1" 200 30417
157.55.39.146 - - [07/Feb/2016:10:10:31 +0800] "GET /content/repository/resource_content.jsp?oid=3818673&queryString=%E5%8F%B0%E7%81%A3%E5%9C%9F%E6%B2%89%E9%A6%99%20%E5%9C%9F%E6%B2%89%E9%A6%99%E5%B1%AC%20%E5%A4%A7%E6%88%9F%20%E5%A4%A7%E6%88%9F%E7%A7%91%20%E6%A4%8D%E7%89%A9%E7%95%8C HTTP/1.1" 200 31170
68.180.228.24 - - [07/Feb/2016:10:11:08 +0800] "GET /digiarch_en/content/subject/resource_content.jsp?oid=16777485&queryType=qc HTTP/1.1" 200 31945
66.249.74.100 - - [07/Feb/2016:10:11:16 +0800] "GET /content/nav/relationSubject.jsp?relationWords=%E6%9F%83%E6%9C%A8%E5%B1%AC+%E6%A4%8D%E7%89%A9%E7%95%8C+%E7%B4%B0%E6%9E%9D%E6%9F%83%E6%9C%A8+&oid=1460248 HTTP/1.1" 200 3245
66.249.71.121 - - [07/Feb/2016:10:11:21 +0800] "GET /content/nav/relationSubject.jsp?relationWords=%E4%BA%A4%E6%B6%89%E5%93%A1+%E4%BA%BA%E5%90%8D%E6%AC%8A%E5%A8%81+%E5%A4%96%E4%BA%A4%E9%83%A8+%E5%A4%A9%E4%B8%BB%E5%A0%82+%E8%8F%AF%E6%B4%8B+%E8%AB%8B%E9%91%92+&oid=732481 HTTP/1.1" 200 6028
66.249.71.113 - - [07/Feb/2016:10:11:29 +0800] "GET /content/nav/relationSubject.jsp?relationWords=%E6%B2%99%E6%A2%9D+%E9%84%A7%E6%B0%8F%E6%B2%99%E6%A2%9D%E9%AE%AB+&oid=14092 HTTP/1.1" 200 3382
123.125.71.89 - - [07/Feb/2016:10:11:30 +0800] "GET /digiarch_en/content/subject/resource_content.jsp?oid=16777376&queryType=qc HTTP/1.1" 200 30369
66.249.71.113 - - [07/Feb/2016:10:11:32 +0800] "GET /content/nav/relationSubject.jsp?relationWords=%E6%B2%99%E6%A2%9D%20%E9%84%A7%E6%B0%8F%E6%B2%99%E6%A2%9D%E9%AE%AB%20&oid=14092 HTTP/1.1" 200 3382
157.55.39.147 - - [07/Feb/2016:10:11:32 +0800] "GET /content/repository/resource_content.jsp?oid=1775750 HTTP/1.1" 200 42660
66.249.79.24 - - [07/Feb/2016:10:11:34 +0800] "GET /content/subject/resource_content.jsp?oid=16777421&queryType=qs&queryString=%E9%B0%BB%E9%AD%9A HTTP/1.1" 200 34425
66.249.77.97 - - [07/Feb/2016:10:11:34 +0800] "GET /content/nav/relationSubject.jsp?relationWords=%E7%A5%AD%E7%A5%80%E7%94%A8%E6%8E%98%E6%A3%92+%E9%9B%85%E7%BE%8E%E6%97%8F+&oid=1781021 HTTP/1.1" 200 3058
157.55.39.147 - - [07/Feb/2016:10:11:52 +0800] "GET /content/repository/resource_content.jsp?oid=1887191 HTTP/1.1" 200 30119
66.249.71.105 - - [07/Feb/2016:10:12:03 +0800] "GET /content/nav/relationSubject.jsp?relationWords=%E5%A2%A8%E6%9C%AC+%E6%BA%96%E5%99%B6%E7%88%BE+&oid=2532566 HTTP/1.1" 200 3155
66.249.74.59 - - [07/Feb/2016:10:12:06 +0800] "GET /content/nav/relationSubject.jsp?relationWords=%E5%A2%A8%E6%9C%AC%20%E6%BA%96%E5%99%B6%E7%88%BE%20&oid=2532566 HTTP/1.1" 200 3155
157.55.39.147 - - [07/Feb/2016:10:12:12 +0800] "GET /content/repository/resource_content.jsp?oid=2689264&queryString=%E6%8E%A8%E8%83%8C%E5%9C%96 HTTP/1.1" 200 30154
66.249.71.60 - - [07/Feb/2016:10:12:48 +0800] "GET /digiarch_en/content/nav/relationSubject.jsp?relationWords=%E6%A4%8D%E7%89%A9%E7%95%8C+%E6%B1%BA%E6%98%8E+%E6%B1%BA%E6%98%8E%E5%B1%AC+%E8%A0%B6%E8%B1%86+%E9%9B%99%E5%AD%90%E8%91%89%E6%A4%8D%E7%89%A9+&oid=1461760 HTTP/1.1" 200 3436
157.55.39.149 - - [07/Feb/2016:10:13:53 +0800] "GET /content/tmp_exh/resource_content.jsp?oid=16777851&queryType=qc HTTP/1.1" 200 45681
66.249.79.27 - - [07/Feb/2016:10:14:04 +0800] "GET /content/repository/resource_content.jsp?oid=14376&queryType=qs&queryString=%E8%99%B1%E7%9B%AE%E9%AD%9A HTTP/1.1" 200 34307
66.249.71.60 - - [07/Feb/2016:10:15:02 +0800] "GET /digiarch_en/content/nav/relationSubject.jsp?relationWords=%E5%B1%B1%E6%AB%BB%E8%8A%B1+&oid=16777329 HTTP/1.1" 200 4435
66.249.74.98 - - [07/Feb/2016:10:15:04 +0800] "GET /digiarch_en/content/nav/relationSubject.jsp?relationWords=%E5%B1%B1%E6%AB%BB%E8%8A%B1%20&oid=16777329 HTTP/1.1" 200 4435
66.249.74.98 - - [07/Feb/2016:10:15:19 +0800] "GET /content/repository/resource_content.jsp?oid=16318&queryString=%E5%8C%97%E6%A2%AD%E9%AD%9A%20%E5%9C%93%E9%A0%9C%E5%8C%97%E6%A2%AD%E9%AD%9A%20%E6%A2%AD%E9%AD%9A%20%E7%AB%B9%E7%AF%99%E9%A0%AD HTTP/1.1" 200 34310
66.249.71.60 - - [07/Feb/2016:10:16:23 +0800] "GET /content/nav/relationSubject.jsp?relationWords=%E7%83%8F%E5%B0%BE%E5%86%AC%E4%BB%94+%E8%8A%B1%E5%B0%BE+&oid=15295 HTTP/1.1" 200 3404
66.249.71.60 - - [07/Feb/2016:10:16:27 +0800] "GET /content/nav/relationSubject.jsp?relationWords=%E7%AB%B9%E6%9D%B1%E9%8E%AE+&oid=1575527 HTTP/1.1" 200 7115
66.249.71.60 - - [07/Feb/2016:10:16:29 +0800] "GET /content/nav/relationSubject.jsp?relationWords=%E7%AB%B9%E6%9D%B1%E9%8E%AE%20&oid=1575527 HTTP/1.1" 200 7115
68.180.228.24 - - [07/Feb/2016:10:17:00 +0800] "GET /content/subject/resource_content.jsp?oid=16777601&queryType=qc HTTP/1.1" 200 59092
66.249.74.98 - - [07/Feb/2016:10:17:13 +0800] "GET /content/nav/relationSubject.jsp?relationWords=%E9%82%B1%E8%8C%82%E7%94%B7+&oid=1892947 HTTP/1.1" 200 8949
66.249.71.60 - - [07/Feb/2016:10:17:15 +0800] "GET /content/nav/relationSubject.jsp?relationWords=%E5%8C%85%E5%85%AC+%E7%AC%9B%E9%AF%9B%E7%A7%91+%E9%BB%83%E9%9B%9E%E4%BB%94+&oid=4353093 HTTP/1.1" 200 3576
223.139.72.12 - - [07/Feb/2016:10:17:24 +0800] "GET /content/nav/relationSubject.jsp?relationWords=&oid=16777459 HTTP/1.1" 200 1405
223.139.72.12 - - [07/Feb/2016:10:17:25 +0800] "GET /content/subject/resource_content.jsp?oid=16777728 HTTP/1.1" 200 65177
157.55.39.146 - - [07/Feb/2016:10:17:31 +0800] "GET /content/subject/resource_content.jsp?oid=16777819&queryType=qc HTTP/1.1" 200 35426
223.139.72.12 - - [07/Feb/2016:10:17:49 +0800] "GET /content/nav/relationSubject.jsp?relationWords=&oid=16777728 HTTP/1.1" 200 1405
66.249.74.102 - - [07/Feb/2016:10:19:03 +0800] "GET /content/subject/resource_content.jsp?oid=16777221&queryString=%E6%BC%A2%E4%BB%A3%20%E8%87%A8%E6%B7%84%E7%B8%A3%20%E9%A1%8C%E8%A8%98 HTTP/1.1" 200 23555
66.249.71.60 - - [07/Feb/2016:10:19:09 +0800] "GET /content/nav/relationSubject.jsp?relationWords=%E4%B8%89%E5%8F%89%E8%95%A8+%E4%B8%89%E5%8F%89%E8%95%A8%E5%B1%AC+%E6%8E%92%E7%81%A3%E4%B8%89%E5%8F%89%E8%95%A8+%E6%A4%8D%E7%89%A9%E7%95%8C+%E6%B0%B4%E9%BE%8D%E9%AA%A8+%E8%95%A8%E9%A1%9E%E6%A4%8D%E7%89%A9+&oid=3813822 HTTP/1.1" 200 3494
223.139.72.12 - - [07/Feb/2016:10:19:47 +0800] "GET /content/subject/resource_content.jsp?oid=16777753 HTTP/1.1" 200 36817
223.139.72.12 - - [07/Feb/2016:10:19:55 +0800] "GET /content/nav/relationSubject.jsp?relationWords=GIS+%E6%95%B8%E4%BD%8D%E5%85%B8%E8%97%8F+%E9%81%99%E6%B8%AC%E5%BD%B1%E5%83%8F+&oid=16777753 HTTP/1.1" 200 5952
66.249.71.113 - - [07/Feb/2016:10:20:19 +0800] "GET /content/repository/resource_content.jsp?oid=1543124&queryType=qs&queryString=%E5%A4%A7%E5%AF%92 HTTP/1.1" 200 31576
66.249.74.102 - - [07/Feb/2016:10:20:55 +0800] "GET /content/nav/relationSubject.jsp?relationWords=%E4%B9%9D%E5%BA%9C%E6%95%99+%E5%9C%8B%E6%B0%91%E5%B0%8F%E5%AD%B8+%E5%B1%B1%E5%9C%B0%E9%84%89+%E6%95%99%E8%81%B7%E5%93%A1+%E8%81%B7%E5%93%A1%E5%AE%BF%E8%88%8D+&oid=1620392 HTTP/1.1" 200 3829
66.249.71.72 - - [07/Feb/2016:10:20:57 +0800] "GET /content/nav/relationSubject.jsp?relationWords=%E4%B9%9D%E5%BA%9C%E6%95%99%20%E5%9C%8B%E6%B0%91%E5%B0%8F%E5%AD%B8%20%E5%B1%B1%E5%9C%B0%E9%84%89%20%E6%95%99%E8%81%B7%E5%93%A1%20%E8%81%B7%E5%93%A1%E5%AE%BF%E8%88%8D%20&oid=1620392 HTTP/1.1" 200 3829
66.249.71.113 - - [07/Feb/2016:10:21:34 +0800] "GET /content/repository/resource_content.jsp?oid=2470700&queryType=qs&queryString=%E7%99%BD%E9%9B%B2%E5%A0%82 HTTP/1.1" 200 29910
66.249.71.64 - - [07/Feb/2016:10:22:48 +0800] "GET /content/repository/resource_content.jsp?oid=1567901 HTTP/1.1" 200 29016
157.55.39.148 - - [07/Feb/2016:10:23:12 +0800] "GET /content/subject/resource_content.jsp?oid=16797295&queryType=qc HTTP/1.1" 200 66255
223.139.72.12 - - [07/Feb/2016:10:23:42 +0800] "GET /content/subject/resource_content.jsp?oid=16777728 HTTP/1.1" 200 65177
223.139.72.12 - - [07/Feb/2016:10:23:42 +0800] "GET /content/nav/relationSubject.jsp?relationWords=&oid=16777728 HTTP/1.1" 200 1405
66.249.74.102 - - [07/Feb/2016:10:24:47 +0800] "GET /content/nav/relationSubject.jsp?relationWords=&oid=2560387 HTTP/1.1" 200 1405
66.249.79.30 - - [07/Feb/2016:10:25:28 +0800] "GET /content/nav/relationSubject.jsp?relationWords=API+%E5%8F%B0%E7%81%A3%E6%AC%92%E6%A8%B9+%E6%A4%8D%E7%89%A9%E7%95%8C+%E6%AC%92%E6%A8%B9+%E7%84%A1%E6%82%A3%E5%AD%90+%E7%84%A1%E6%82%A3%E5%AD%90%E7%A7%91+%E8%8B%A6%E8%8B%93%E8%88%85+&oid=3818800 HTTP/1.1" 200 4880
157.55.39.147 - - [07/Feb/2016:10:25:32 +0800] "GET /content/subject/resource_content.jsp?oid=16777647&queryType=qc HTTP/1.1" 200 56476
66.249.74.102 - - [07/Feb/2016:10:26:09 +0800] "GET /digiarch_en/content/nav/relationSubject.jsp?relationWords=%E5%9C%B0%E6%96%B9%E8%87%AA%E6%B2%BB+%E5%B8%82%E8%AD%B0%E6%9C%83+%E7%9B%A3%E5%AF%9F%E5%A7%94%E5%93%A1+%E7%B5%84%E7%B9%94%E8%A6%8F%E7%A8%8B+%E7%B8%A3%E8%BD%84%E5%B8%82+%E8%87%BA%E7%81%A3%E7%9C%81+&oid=1551652 HTTP/1.1" 200 4631
66.249.71.23 - - [07/Feb/2016:10:26:34 +0800] "GET /digiarch3/content/subject/resource_content.jsp?oid=16777268&queryString=%E6%9B%B2%E5%86%B0%20%E6%9B%B2%E5%86%B0%E5%A2%93 HTTP/1.1" 200 42499
157.55.39.147 - - [07/Feb/2016:10:26:36 +0800] "GET /content/subject/resource_content.jsp?oid=16797234&queryType=qc HTTP/1.1" 200 46558
157.55.39.149 - - [07/Feb/2016:10:26:52 +0800] "GET /content/subject/resource_content.jsp?oid=16777448&queryType=qc HTTP/1.1" 200 34500
157.55.39.147 - - [07/Feb/2016:10:27:11 +0800] "GET /content/subject/resource_content.jsp?oid=16777599&queryType=qc HTTP/1.1" 200 36977
66.249.71.72 - - [07/Feb/2016:10:27:13 +0800] "GET /digiarch_en/content/nav/relationSubject.jsp?relationWords=%E6%9D%B1%E6%BC%A2+%E6%B4%AA%E6%B3%89+%E7%9F%B3%E9%97%95+%E7%A5%9E%E9%81%93+%E7%AF%86%E6%9B%B8+&oid=1810941 HTTP/1.1" 200 4800
66.249.71.60 - - [07/Feb/2016:10:27:14 +0800] "GET /digiarch_en/content/nav/relationSubject.jsp?relationWords=%E6%9D%B1%E6%BC%A2%20%E6%B4%AA%E6%B3%89%20%E7%9F%B3%E9%97%95%20%E7%A5%9E%E9%81%93%20%E7%AF%86%E6%9B%B8%20&oid=1810941 HTTP/1.1" 200 4800
66.249.71.41 - - [07/Feb/2016:10:27:48 +0800] "GET /content/repository/resource_content.jsp?oid=3821744&queryString=%E6%A4%8D%E7%89%A9%E7%95%8C%20%E6%A6%95%E5%B1%AC%20%E8%96%9C%E8%8D%94 HTTP/1.1" 200 30673
157.55.39.149 - - [07/Feb/2016:10:28:14 +0800] "GET /content/subject/resource_content.jsp?oid=16777280&queryType=qc HTTP/1.1" 200 30988
66.249.74.59 - - [07/Feb/2016:10:28:59 +0800] "GET /content/nav/relationSubject.jsp?relationWords=%E5%A4%A7%E5%8F%A3%E6%B9%AF%E9%AF%89+%E6%B9%AF%E9%AF%89%E7%A7%91+%E7%83%8F%E5%B0%BE%E5%86%AC%E4%BB%94+&oid=4352876 HTTP/1.1" 200 3482
66.249.74.63 - - [07/Feb/2016:10:29:01 +0800] "GET /content/nav/relationSubject.jsp?relationWords=%E5%A4%A7%E5%8F%A3%E6%B9%AF%E9%AF%89%20%E6%B9%AF%E9%AF%89%E7%A7%91%20%E7%83%8F%E5%B0%BE%E5%86%AC%E4%BB%94%20&oid=4352876 HTTP/1.1" 200 3482
66.249.71.72 - - [07/Feb/2016:10:29:03 +0800] "GET /content/repository/resource_content.jsp?oid=2644197&queryString=%E7%9C%81%E6%9C%83 HTTP/1.1" 200 30450
157.55.39.149 - - [07/Feb/2016:10:29:52 +0800] "GET /content/subject/resource_content.jsp?oid=16797253&queryType=qc HTTP/1.1" 200 42834
37.59.19.36 - - [07/Feb/2016:10:30:07 +0800] "GET /content/subject/resource_content.jsp?oid=16777785&queryType=qc HTTP/1.1" 200 49917
66.249.77.97 - - [07/Feb/2016:10:30:18 +0800] "GET /content/repository/resource_content.jsp?oid=2668018&queryString=%E9%9B%B2%E9%A8%8E%E5%B0%89 HTTP/1.1" 200 30333
157.55.39.149 - - [07/Feb/2016:10:30:52 +0800] "GET /content/subject/resource_content.jsp?oid=16777633&queryType=qc HTTP/1.1" 200 56606
66.249.71.113 - - [07/Feb/2016:10:31:33 +0800] "GET /content/repository/resource_content.jsp?oid=188449&queryType=qs&queryString=%E5%BE%90%E6%B5%B7%E5%BE%90%E8%9A%8C HTTP/1.1" 200 30826
66.249.71.72 - - [07/Feb/2016:10:32:35 +0800] "GET /content/nav/relationSubject.jsp?relationWords=%E6%96%87%E6%AE%8A%E8%8F%A9%E8%96%A9+%E6%9C%A8%E9%9B%95+&oid=4363280 HTTP/1.1" 200 3022
66.249.77.91 - - [07/Feb/2016:10:32:48 +0800] "GET /content/repository/resource_content.jsp?oid=16560&queryString=%E5%85%AD%E6%96%91%E4%BA%8C%E9%BD%92%E9%AD%A8%20%E5%85%AD%E6%96%91%E5%88%BA%E9%AD%A8%20%E5%88%BA%E8%A6%8F%20%E6%B0%A3%E7%90%83%20%E6%B0%A3%E7%93%9C%E4%BB%94%20%E9%AD%A8%E7%A7%91 HTTP/1.1" 200 34871
66.249.71.121 - - [07/Feb/2016:10:33:43 +0800] "GET /content/nav/relationSubject.jsp?relationWords=%E5%8F%B0%E7%81%A3%E7%9F%B3+%E7%9F%B3%E6%96%91+%E7%9F%B3%E8%B3%93%E5%85%89%E5%94%87%E9%AD%9A+%E9%AF%89%E7%A7%91+&oid=4351989 HTTP/1.1" 200 3716
