106.38.241.143 - - [06/Dec/2015:07:09:48 +0800] "GET /content/repository/resource_content.jsp?oid=1103271 HTTP/1.1" 200 30888
66.249.79.27 - - [06/Dec/2015:07:11:00 +0800] "GET /content/repository/resource_content.jsp?oid=1779315&queryString=%E5%8F%B0%E7%81%A3%E5%8F%B2 HTTP/1.1" 200 34747
66.249.74.98 - - [06/Dec/2015:07:11:03 +0800] "GET /content/repository/resource_content.jsp?oid=23377 HTTP/1.1" 200 29608
106.38.241.143 - - [06/Dec/2015:07:11:03 +0800] "GET /digiarch_en/content/subject/resource_content.jsp?oid=16777384&queryType=qc HTTP/1.1" 200 30587
66.249.74.100 - - [06/Dec/2015:07:11:03 +0800] "GET /content/nav/relationSubject.jsp?relationWords=%E6%9C%83%E8%AD%B0%E7%B4%80%E9%8C%84+%E8%B3%AA%E8%A9%A2+&oid=1607914 HTTP/1.1" 200 3977
106.38.241.143 - - [06/Dec/2015:07:11:40 +0800] "GET /digiarch_en/content/subject/resource_content.jsp?oid=16777532&queryType=qc HTTP/1.1" 200 29801
106.38.241.143 - - [06/Dec/2015:07:12:13 +0800] "GET /digiarch_en/content/subject/resource_content.jsp?oid=16777305&queryType=qc HTTP/1.1" 200 31939
66.249.74.102 - - [06/Dec/2015:07:12:30 +0800] "GET /content/repository/resource_content.jsp?oid=2685029&queryString=%E7%A8%85%E5%8B%99%20%E9%A0%86%E5%A4%A9%E5%BA%9C HTTP/1.1" 200 30590
106.38.241.143 - - [06/Dec/2015:07:12:50 +0800] "GET /digiarch_en/content/subject/resource_content.jsp?oid=16777692&queryType=qc HTTP/1.1" 200 31420
123.125.71.117 - - [06/Dec/2015:07:12:57 +0800] "GET /content/subject/resource_content.jsp?oid=16777837&queryType=qc HTTP/1.1" 200 37539
66.249.74.98 - - [06/Dec/2015:07:13:01 +0800] "GET /content/repository/resource_content.jsp?oid=1568660 HTTP/1.1" 200 28804
66.249.74.100 - - [06/Dec/2015:07:13:05 +0800] "GET /content/nav/relationSubject.jsp?relationWords=%E5%9C%98%E6%89%87%E8%95%A8%20%E5%9C%98%E6%89%87%E8%95%A8%E5%B1%AC%20%E6%89%87%E8%95%A8%20%E6%89%87%E8%95%A8%E5%B1%AC%20%E8%95%A8%E5%B1%AC%20&oid=1108650 HTTP/1.1" 200 3332
106.38.241.143 - - [06/Dec/2015:07:13:23 +0800] "GET /digiarch_en/content/subject/resource_content.jsp?oid=16777567&queryType=qc HTTP/1.1" 200 33331
66.249.74.98 - - [06/Dec/2015:07:13:40 +0800] "GET /content/nav/relationSubject.jsp?relationWords=%E5%93%A1%E6%9E%97%E9%8E%AE%20%E6%B5%B7%E5%9F%94%E5%9C%B0%20&oid=1591312 HTTP/1.1" 200 6353
106.38.241.143 - - [06/Dec/2015:07:13:57 +0800] "GET /content/pictures/picture_content.jsp?oid=33554724&queryType=qc HTTP/1.1" 200 27732
66.249.74.102 - - [06/Dec/2015:07:13:59 +0800] "GET /content/repository/resource_content.jsp?oid=1524926 HTTP/1.1" 200 28805
207.46.13.38 - - [06/Dec/2015:07:14:03 +0800] "GET /content/nav/relationSubject.jsp?relationWords=%E6%9D%9C%E9%B5%91+&oid=16777397 HTTP/1.1" 200 4617
42.70.17.8 - - [06/Dec/2015:07:14:16 +0800] "GET /content/nav/relationSubject.jsp?relationWords=&oid=16777542 HTTP/1.1" 200 1405
106.38.241.143 - - [06/Dec/2015:07:14:31 +0800] "GET /content/pictures/picture_content.jsp?oid=33554818&queryType=null&queryString= HTTP/1.1" 200 27808
66.249.74.100 - - [06/Dec/2015:07:14:41 +0800] "GET /content/nav/relationSubject.jsp?relationWords=%E7%87%9F%E7%94%B0%20&oid=2521680 HTTP/1.1" 200 3103
39.12.23.219 - - [06/Dec/2015:07:14:57 +0800] "GET /content/repository/resource_content.jsp?oid=1523696 HTTP/1.1" 200 30461
39.12.23.219 - - [06/Dec/2015:07:14:59 +0800] "GET /content/nav/relationSubject.jsp?relationWords=%E5%85%AC%E6%A1%88+%E5%87%BA%E5%9C%8B%E9%80%B2%E4%BF%AE+%E5%98%89%E7%BE%A9%E5%B8%82+%E5%B0%91%E8%8F%AF+%E6%9E%97%E7%8E%8B%E5%B0%91+%E6%9E%97%E7%8E%8B%E5%B0%91%E8%8F%AF+%E7%8D%8E%E5%AD%B8%E9%87%91+%E7%8E%8B%E5%9D%A4%E5%B1%B1+%E7%8E%8B%E5%B0%91%E8%8F%AF+%E7%95%99%E5%AD%B8%E7%94%9F+%E7%95%99%E5%AD%B8%E8%80%83%E8%A9%A6+%E7%9C%81%E8%AD%B0%E6%9C%83+%E8%87%A8%E6%99%82%E7%9C%81%E8%AD%B0%E6%9C%83+%E8%87%BA%E5%8C%97%E5%B8%82+%E8%87%BA%E5%8C%97%E7%B8%A3+%E8%87%BA%E5%8D%97%E5%B7%A5%E5%AD%B8%E9%99%A2+%E8%87%BA%E7%81%A3%E7%9C%81+%E8%A8%B1%E4%B8%96%E8%B3%A2+%E8%A8%B1%E9%A0%86%E5%AE%89+%E8%AD%89%E4%BB%B6+%E8%B3%B4%E5%85%B6%E7%A5%BF+%E9%80%B2%E4%BF%AE+%E9%84%AD%E5%A4%A9%E5%A3%BD+%E9%84%AD%E9%87%91%E5%96%9C+%E9%A0%86%E5%AE%89+%E9%BB%83%E5%A4%A7%E9%8A%98+%E9%BB%83%E6%BC%A2+%E9%BB%83%E6%BC%A2%E6%98%9F+&oid=1523696 HTTP/1.1" 200 7426
66.249.74.98 - - [06/Dec/2015:07:15:01 +0800] "GET /content/repository/resource_content.jsp?oid=1564780 HTTP/1.1" 200 28421
106.38.241.143 - - [06/Dec/2015:07:15:03 +0800] "GET /content/pictures/picture_content.jsp?oid=33554741 HTTP/1.1" 200 27277
66.249.74.100 - - [06/Dec/2015:07:15:27 +0800] "GET /content/repository/resource_content.jsp?oid=2470783&queryString=%E6%9E%97%E7%8D%BB%E5%A0%82%20%E6%A5%8A%E6%B0%B4%E5%BF%83 HTTP/1.1" 200 29661
106.38.241.143 - - [06/Dec/2015:07:16:08 +0800] "GET /digiarch_en/content/subject/resource_content.jsp?oid=16777396&queryType=qc HTTP/1.1" 200 29760
39.12.23.219 - - [06/Dec/2015:07:16:18 +0800] "GET /content/repository/resource_content.jsp?oid=1523696 HTTP/1.1" 200 30461
39.12.23.219 - - [06/Dec/2015:07:16:18 +0800] "GET /content/nav/relationSubject.jsp?relationWords=%E5%85%AC%E6%A1%88+%E5%87%BA%E5%9C%8B%E9%80%B2%E4%BF%AE+%E5%98%89%E7%BE%A9%E5%B8%82+%E5%B0%91%E8%8F%AF+%E6%9E%97%E7%8E%8B%E5%B0%91+%E6%9E%97%E7%8E%8B%E5%B0%91%E8%8F%AF+%E7%8D%8E%E5%AD%B8%E9%87%91+%E7%8E%8B%E5%9D%A4%E5%B1%B1+%E7%8E%8B%E5%B0%91%E8%8F%AF+%E7%95%99%E5%AD%B8%E7%94%9F+%E7%95%99%E5%AD%B8%E8%80%83%E8%A9%A6+%E7%9C%81%E8%AD%B0%E6%9C%83+%E8%87%A8%E6%99%82%E7%9C%81%E8%AD%B0%E6%9C%83+%E8%87%BA%E5%8C%97%E5%B8%82+%E8%87%BA%E5%8C%97%E7%B8%A3+%E8%87%BA%E5%8D%97%E5%B7%A5%E5%AD%B8%E9%99%A2+%E8%87%BA%E7%81%A3%E7%9C%81+%E8%A8%B1%E4%B8%96%E8%B3%A2+%E8%A8%B1%E9%A0%86%E5%AE%89+%E8%AD%89%E4%BB%B6+%E8%B3%B4%E5%85%B6%E7%A5%BF+%E9%80%B2%E4%BF%AE+%E9%84%AD%E5%A4%A9%E5%A3%BD+%E9%84%AD%E9%87%91%E5%96%9C+%E9%A0%86%E5%AE%89+%E9%BB%83%E5%A4%A7%E9%8A%98+%E9%BB%83%E6%BC%A2+%E9%BB%83%E6%BC%A2%E6%98%9F+&oid=1523696 HTTP/1.1" 200 7426
106.38.241.143 - - [06/Dec/2015:07:16:41 +0800] "GET /content/pictures/picture_content.jsp?oid=33554810&queryType=qc HTTP/1.1" 200 27894
66.249.74.102 - - [06/Dec/2015:07:16:55 +0800] "GET /content/repository/resource_content.jsp?oid=1815118 HTTP/1.1" 200 28814
66.249.74.100 - - [06/Dec/2015:07:17:02 +0800] "GET /content/repository/resource_content.jsp?oid=2538801 HTTP/1.1" 200 28699
66.249.74.100 - - [06/Dec/2015:07:17:19 +0800] "GET /content/nav/relationSubject.jsp?relationWords=%E5%90%89%E5%88%A9%E6%85%88%E9%AF%9B%20%E6%85%88%E9%AF%9B%20%E6%85%88%E9%AF%9B%E7%A7%91%20%E9%AF%9B%E7%A7%91%20&oid=23377 HTTP/1.1" 200 3272
66.249.74.100 - - [06/Dec/2015:07:18:23 +0800] "GET /content/repository/resource_content.jsp?oid=1607771 HTTP/1.1" 200 28750
106.38.241.143 - - [06/Dec/2015:07:18:56 +0800] "GET /content/subject/resource_content.jsp?oid=16797271&queryType=qc HTTP/1.1" 200 55290
66.249.79.30 - - [06/Dec/2015:07:19:03 +0800] "GET /content/subject/resource_content.jsp?oid=16777550&queryString= HTTP/1.1" 200 30211
106.38.241.143 - - [06/Dec/2015:07:19:28 +0800] "GET /content/subject/resource_content.jsp?oid=16777783&queryType=qc HTTP/1.1" 200 58360
106.38.241.143 - - [06/Dec/2015:07:20:30 +0800] "GET /content/subject/resource_content.jsp?oid=16777812&queryType=qc HTTP/1.1" 200 37561
66.249.74.102 - - [06/Dec/2015:07:20:36 +0800] "GET /content/nav/relationSubject.jsp?relationWords=%E5%88%91%E9%83%A8+%E6%AF%92%E8%97%A5+&oid=2680627 HTTP/1.1" 200 3130
66.249.74.98 - - [06/Dec/2015:07:20:38 +0800] "GET /content/nav/relationSubject.jsp?relationWords=%E5%88%91%E9%83%A8%20%E6%AF%92%E8%97%A5%20&oid=2680627 HTTP/1.1" 200 3130
106.38.241.143 - - [06/Dec/2015:07:21:01 +0800] "GET /content/subject/resource_content.jsp?oid=16777773&queryType=qc HTTP/1.1" 200 54771
66.249.74.98 - - [06/Dec/2015:07:21:03 +0800] "GET /content/repository/resource_content.jsp?oid=2564658 HTTP/1.1" 200 29025
66.249.74.98 - - [06/Dec/2015:07:21:28 +0800] "GET /content/nav/relationSubject.jsp?relationWords=%E5%87%B9%E8%88%8C%E8%98%AD%E5%B1%AC+%E7%B6%A0%E8%8A%B1%E5%87%B9%E8%88%8C%E8%98%AD+&oid=2143284 HTTP/1.1" 200 3152
66.249.74.98 - - [06/Dec/2015:07:21:29 +0800] "GET /content/nav/relationSubject.jsp?relationWords=%E5%87%B9%E8%88%8C%E8%98%AD%E5%B1%AC%20%E7%B6%A0%E8%8A%B1%E5%87%B9%E8%88%8C%E8%98%AD%20&oid=2143284 HTTP/1.1" 200 3152
66.249.74.102 - - [06/Dec/2015:07:22:29 +0800] "GET /content/nav/relationSubject.jsp?relationWords=%E5%B1%B1%E5%9C%B0%E9%84%89+%E5%B1%B1%E8%83%9E+%E6%8E%92%E6%B0%B4%E6%BA%9D+%E6%B0%B4%E5%88%A9%E5%B1%80+%E6%B0%B4%E5%88%A9%E5%B7%A5%E7%A8%8B+%E8%BE%B2%E6%9D%91%E9%9B%BB%E5%8C%96+%E9%A6%AC%E5%A4%AA%E5%AE%89+&oid=1580761 HTTP/1.1" 200 3435
66.249.74.98 - - [06/Dec/2015:07:22:32 +0800] "GET /content/nav/relationSubject.jsp?relationWords=%E6%9E%97%E7%8D%BB%E5%A0%82%20%E6%A5%8A%E6%95%A6%E8%AC%A8%20&oid=2470783 HTTP/1.1" 200 3592
66.249.74.98 - - [06/Dec/2015:07:22:37 +0800] "GET /content/nav/relationSubject.jsp?relationWords=%E5%B1%B1%E5%9C%B0%E9%84%89%20%E5%B1%B1%E8%83%9E%20%E6%8E%92%E6%B0%B4%E6%BA%9D%20%E6%B0%B4%E5%88%A9%E5%B1%80%20%E6%B0%B4%E5%88%A9%E5%B7%A5%E7%A8%8B%20%E8%BE%B2%E6%9D%91%E9%9B%BB%E5%8C%96%20%E9%A6%AC%E5%A4%AA%E5%AE%89%20&oid=1580761 HTTP/1.1" 200 3435
66.249.74.98 - - [06/Dec/2015:07:22:38 +0800] "GET /digiarch_en/content/nav/relationSubject.jsp?relationWords=%E5%90%B3%E6%B3%89%E6%B4%9D+%E5%BC%B5%E6%96%87%E7%8D%BB+%E5%BE%90%E8%BC%9D%E5%9C%8B+%E6%90%8D%E5%A4%B1%E6%A1%88+%E6%9D%8E%E5%BB%BA%E5%92%8C+%E6%9D%8E%E7%82%B3%E7%9B%9B+%E6%9E%97%E8%94%A1%E7%B4%A0%E5%A5%B3+%E6%A8%99%E5%94%AE+%E6%AA%9C%E6%9C%A8+%E7%8E%8B%E5%AE%89%E9%A0%86+%E8%87%BA%E7%81%A3%E7%9C%81%E8%AD%B0%E6%9C%83+%E8%91%89%E5%AF%92%E9%9D%92+%E8%A8%B1%E6%96%B0%E6%9E%9D+%E8%B3%B4%E6%A6%AE%E6%9C%A8+%E9%99%B3%E6%96%B0%E7%99%BC+%E9%99%B3%E7%AD%86+%E9%99%B3%E9%87%8D%E5%85%89+%E9%BB%83%E5%85%89%E5%B9%B3+%E9%BB%83%E5%8D%A0%E5%B2%B8+&oid=1532441 HTTP/1.1" 200 6726
123.125.71.75 - - [06/Dec/2015:07:22:56 +0800] "GET /content/subject/resource_content.jsp?oid=16777787&queryType=qc HTTP/1.1" 200 57841
66.249.74.102 - - [06/Dec/2015:07:23:04 +0800] "GET /content/repository/resource_content.jsp?oid=2602340 HTTP/1.1" 200 29301
66.249.74.98 - - [06/Dec/2015:07:23:10 +0800] "GET /content/nav/relationSubject.jsp?relationWords=%E5%8F%B2%E9%A0%8C%E9%BC%8E%20%E9%A0%8C%E9%BC%8E%20&oid=1815118 HTTP/1.1" 200 3164
106.38.241.143 - - [06/Dec/2015:07:23:14 +0800] "GET /content/repository/resource_content.jsp?oid=1124651&queryType=qc HTTP/1.1" 200 35388
106.38.241.143 - - [06/Dec/2015:07:23:32 +0800] "GET /content/subject/resource_content.jsp?oid=16777728&queryString= HTTP/1.1" 200 65185
66.249.74.98 - - [06/Dec/2015:07:23:34 +0800] "GET /content/nav/relationSubject.jsp?relationWords=%E5%A5%B3%E4%B8%8A%E8%A1%A3+&oid=1780209 HTTP/1.1" 200 2967
66.249.74.98 - - [06/Dec/2015:07:23:37 +0800] "GET /content/nav/relationSubject.jsp?relationWords=%E5%A5%B3%E4%B8%8A%E8%A1%A3%20&oid=1780209 HTTP/1.1" 200 2967
203.73.105.136 - - [06/Dec/2015:07:24:05 +0800] "GET /content/repository/resource_content.jsp?oid=1520986 HTTP/1.1" 200 29153
203.73.105.136 - - [06/Dec/2015:07:24:09 +0800] "GET /content/nav/relationSubject.jsp?relationWords=%E5%90%B3%E6%B8%85+%E5%91%A8%E7%B4%B9%E5%BA%B7+%E5%BC%B5%E5%BE%B7+%E5%BC%B5%E5%BE%B7%E7%85%8C+%E6%9E%97%E5%9D%A4+%E6%B2%88%E5%A5%A0%E5%9C%8B+%E7%9C%81%E8%AD%B0%E6%9C%83+%E8%87%A8%E6%99%82%E7%9C%81%E8%AD%B0%E6%9C%83+%E8%87%BA%E7%81%A3%E7%9C%81+%E9%84%AD%E8%B5%B7%E6%BF%A4+&oid=1520986 HTTP/1.1" 200 5615
106.38.241.143 - - [06/Dec/2015:07:24:16 +0800] "GET /content/repository/resource_content.jsp?oid=523997&queryType=qc HTTP/1.1" 200 35727
106.38.241.143 - - [06/Dec/2015:07:24:47 +0800] "GET /content/pictures/picture_content.jsp?oid=33554777&queryType=qc HTTP/1.1" 200 27709
66.249.74.98 - - [06/Dec/2015:07:24:55 +0800] "GET /content/nav/relationSubject.jsp?relationWords=%E7%94%A8%E4%BA%8B%20%E9%A0%86%E5%A4%A9%20%E9%A0%86%E5%A4%A9%E5%BA%9C%20&oid=2685029 HTTP/1.1" 200 3169
66.249.74.102 - - [06/Dec/2015:07:25:05 +0800] "GET /content/repository/resource_content.jsp?oid=2606351 HTTP/1.1" 200 29412
68.180.228.24 - - [06/Dec/2015:07:25:27 +0800] "GET /content/tmp_exh/resource_content.jsp?oid=16777849&queryType=qc HTTP/1.1" 200 32528
66.249.74.102 - - [06/Dec/2015:07:25:44 +0800] "GET /content/repository/resource_content.jsp?oid=2553691 HTTP/1.1" 200 28852
106.38.241.143 - - [06/Dec/2015:07:25:47 +0800] "GET /content/subject/resource_content.jsp?oid=16777619&queryType=qc HTTP/1.1" 200 78776
66.249.74.98 - - [06/Dec/2015:07:25:53 +0800] "GET /content/nav/relationSubject.jsp?relationWords=%E5%AE%A3%E5%BA%9C+%E5%B7%A1%E6%92%AB+&oid=2517212 HTTP/1.1" 200 3119
66.249.74.98 - - [06/Dec/2015:07:25:55 +0800] "GET /content/nav/relationSubject.jsp?relationWords=%E5%AE%A3%E5%BA%9C%20%E5%B7%A1%E6%92%AB%20&oid=2517212 HTTP/1.1" 200 3119
66.249.74.98 - - [06/Dec/2015:07:26:28 +0800] "GET /content/nav/relationSubject.jsp?relationWords=%E6%93%AC%E8%82%8B%E6%AF%9B%E8%95%A8%E5%B1%AC+%E8%96%84%E8%91%89%E6%93%AC%E8%82%8B%E6%AF%9B%E8%95%A8+&oid=1112737 HTTP/1.1" 200 3166
66.249.74.98 - - [06/Dec/2015:07:26:30 +0800] "GET /content/nav/relationSubject.jsp?relationWords=%E6%93%AC%E8%82%8B%E6%AF%9B%E8%95%A8%E5%B1%AC%20%E8%96%84%E8%91%89%E6%93%AC%E8%82%8B%E6%AF%9B%E8%95%A8%20&oid=1112737 HTTP/1.1" 200 3166
66.249.74.100 - - [06/Dec/2015:07:27:05 +0800] "GET /content/repository/resource_content.jsp?oid=688783 HTTP/1.1" 200 28420
66.249.79.30 - - [06/Dec/2015:07:27:13 +0800] "GET /content/repository/resource_content.jsp?oid=691106&queryType=qs&queryString=%E6%95%99%E8%82%B2%E6%AC%8A HTTP/1.1" 200 29222
66.249.74.72 - - [06/Dec/2015:07:27:14 +0800] "GET /digiarch3/content/repository/resource_content.jsp?oid=1896681&queryType=qs&queryString=%E6%AA%B3%E6%A6%94%E6%A8%B9 HTTP/1.1" 200 29225
66.249.74.72 - - [06/Dec/2015:07:27:17 +0800] "GET /content/nav/relationSubject.jsp?relationWords=%E6%B9%AF%E9%AF%89%E7%A7%91+&oid=3339684 HTTP/1.1" 200 2677
66.249.74.100 - - [06/Dec/2015:07:28:00 +0800] "GET /content/repository/resource_content.jsp?oid=2566278 HTTP/1.1" 200 29109
207.46.13.79 - - [06/Dec/2015:07:28:43 +0800] "GET /content/repository/resource_content.jsp?oid=1618179 HTTP/1.1" 200 29030
66.249.74.100 - - [06/Dec/2015:07:30:09 +0800] "GET /content/repository/resource_content.jsp?oid=23580 HTTP/1.1" 200 29907
66.249.74.100 - - [06/Dec/2015:07:30:39 +0800] "GET /content/nav/relationSubject.jsp?relationWords=%E5%B1%85%E5%BB%B6%E6%BC%A2%E7%B0%A1+&oid=282029 HTTP/1.1" 200 1418
66.249.74.98 - - [06/Dec/2015:07:30:41 +0800] "GET /content/nav/relationSubject.jsp?relationWords=%E5%B1%85%E5%BB%B6%E6%BC%A2%E7%B0%A1%20&oid=282029 HTTP/1.1" 200 1418
66.249.74.98 - - [06/Dec/2015:07:31:07 +0800] "GET /content/repository/resource_content.jsp?oid=1102462&queryString=%E6%A4%8D%E7%89%A9%E7%95%8C%20%E7%9F%B3%E7%AB%B9%20%E9%A6%AC%E9%BD%92%E8%8E%A7%E7%A7%91 HTTP/1.1" 200 31184
66.249.74.102 - - [06/Dec/2015:07:31:38 +0800] "GET /content/repository/resource_content.jsp?oid=1782975&queryString=%E6%B3%B0%E9%9B%85%E6%97%8F%20%E9%85%92%E5%99%A8 HTTP/1.1" 200 28183
66.249.79.27 - - [06/Dec/2015:07:32:24 +0800] "GET /content/nav/relationSubject.jsp?relationWords=%E5%82%AC%E8%A9%A2%20%E6%AC%A0%E5%83%B9%20%E9%A0%86%E7%99%BC%20&oid=743044 HTTP/1.1" 200 3265
123.125.71.73 - - [06/Dec/2015:07:32:56 +0800] "GET /content/subject/resource_content.jsp?oid=16777525&queryType=qc HTTP/1.1" 200 28531
66.249.74.102 - - [06/Dec/2015:07:33:07 +0800] "GET /content/repository/resource_content.jsp?oid=1108146 HTTP/1.1" 200 30974
66.249.74.102 - - [06/Dec/2015:07:33:08 +0800] "GET /digiarch_en/content/subject/resource_content.jsp?oid=16777804&queryString=%E5%B7%A5%E9%83%A8%20%E6%95%A6%E7%85%8C%20%E9%8A%B7%E5%86%8A HTTP/1.1" 200 25405
66.249.74.100 - - [06/Dec/2015:07:33:09 +0800] "GET /content/nav/relationSubject.jsp?relationWords=%E4%BA%A4%E6%B5%81%E9%81%93+%E5%85%AC%E8%B7%AF%E5%B1%80+%E5%9C%B0%E4%B8%8B%E5%8C%96+%E6%8D%B7%E9%81%8B+%E8%87%BA%E4%B8%AD%E5%B8%82+%E8%87%BA%E4%B8%AD%E6%B8%AF%E5%8B%99%E5%B1%80+%E8%87%BA%E7%81%A3%E7%9C%81+%E8%91%A3%E4%BA%8B%E9%95%B7+%E8%B3%AA%E8%A9%A2+%E8%B7%AF%E7%B7%9A%E5%9C%96+%E9%90%B5%E8%B7%AF%E5%9C%B0%E4%B8%8B%E5%8C%96+%E9%90%B5%E8%B7%AF%E5%B1%80+%E9%AB%98%E9%80%9F%E5%85%AC%E8%B7%AF+%E9%AB%98%E9%80%9F%E9%90%B5%E8%B7%AF+&oid=1608324 HTTP/1.1" 200 5053
106.38.241.143 - - [06/Dec/2015:07:33:10 +0800] "GET /digiarch_en/content/tmp_exh/resource_content.jsp?oid=16777826&queryType=qc HTTP/1.1" 200 25425
66.249.74.98 - - [06/Dec/2015:07:33:11 +0800] "GET /content/nav/relationSubject.jsp?relationWords=%E4%BA%A4%E6%B5%81%E9%81%93%20%E5%85%AC%E8%B7%AF%E5%B1%80%20%E5%9C%B0%E4%B8%8B%E5%8C%96%20%E6%8D%B7%E9%81%8B%20%E8%87%BA%E4%B8%AD%E5%B8%82%20%E8%87%BA%E4%B8%AD%E6%B8%AF%E5%8B%99%E5%B1%80%20%E8%87%BA%E7%81%A3%E7%9C%81%20%E8%91%A3%E4%BA%8B%E9%95%B7%20%E8%B3%AA%E8%A9%A2%20%E8%B7%AF%E7%B7%9A%E5%9C%96%20%E9%90%B5%E8%B7%AF%E5%9C%B0%E4%B8%8B%E5%8C%96%20%E9%90%B5%E8%B7%AF%E5%B1%80%20%E9%AB%98%E9%80%9F%E5%85%AC%E8%B7%AF%20%E9%AB%98%E9%80%9F%E9%90%B5%E8%B7%AF%20&oid=1608324 HTTP/1.1" 200 5053
66.249.79.27 - - [06/Dec/2015:07:33:23 +0800] "GET /content/nav/relationSubject.jsp?relationWords=%E4%BA%BA%E5%90%8D%E6%AC%8A%E5%A8%81%20%E5%BB%B6%E7%A6%A7%20%E6%95%99%E8%82%B2%E6%AC%8A%20%E8%88%B9%E8%88%B6%20%E8%98%87%E8%81%AF%20%E9%84%AD%E5%BB%B6%E7%A6%A7%20&oid=691106 HTTP/1.1" 200 3841
106.38.241.143 - - [06/Dec/2015:07:33:23 +0800] "GET /digiarch_en/content/tmp_tec/resource_content.jsp?oid=16777710 HTTP/1.1" 200 21735
106.38.241.143 - - [06/Dec/2015:07:34:04 +0800] "GET /content/tmp_exh/resource_content.jsp?oid=16777716&queryType=qc HTTP/1.1" 200 25400
66.249.74.100 - - [06/Dec/2015:07:34:08 +0800] "GET /content/nav/relationSubject.jsp?relationWords=%E5%8E%9F%E9%AE%AB%20%E8%8A%B1%E5%B0%BE%20%E8%8A%B1%E5%B0%BE%E8%B2%93%E9%AE%AB%20&oid=23580 HTTP/1.1" 200 3453
66.249.74.98 - - [06/Dec/2015:07:34:34 +0800] "GET /content/repository/resource_content.jsp?oid=1607473 HTTP/1.1" 200 28674
101.10.55.162 - - [06/Dec/2015:07:34:55 +0800] "GET /content/nav/relationSubject.jsp?relationWords=%E5%8F%B0%E7%81%A3%E6%AC%92%E6%A8%B9+%E6%AC%92%E6%A8%B9+%E8%8B%A6%E8%8B%93+%E8%8B%A6%E8%8B%93%E8%88%85+&oid=16777254 HTTP/1.1" 200 4383
220.133.86.205 - - [06/Dec/2015:07:35:33 +0800] "GET /content/repository/resource_content.jsp?oid=1456860 HTTP/1.1" 200 30970
220.133.86.205 - - [06/Dec/2015:07:35:33 +0800] "GET /content/nav/relationSubject.jsp?relationWords=%E5%8D%83%E5%B1%88%E8%8F%9C+%E5%8D%83%E5%B1%88%E8%8F%9C%E7%A7%91+%E6%A1%83%E9%87%91%E5%AD%83+%E6%A4%8D%E7%89%A9%E7%95%8C+%E6%B0%B4%E8%8E%A7+%E6%B0%B4%E8%8E%A7%E8%8F%9C+%E6%B0%B4%E8%8E%A7%E8%8F%9C%E5%B1%AC+%E8%8E%A7%E8%8F%9C+&oid=1456860 HTTP/1.1" 200 3492
66.249.74.100 - - [06/Dec/2015:07:36:02 +0800] "GET /content/repository/resource_content.jsp?oid=2150264 HTTP/1.1" 200 30869
207.46.13.46 - - [06/Dec/2015:07:36:45 +0800] "GET /content/subject/resource_content.jsp?oid=16777303 HTTP/1.1" 200 34984
66.249.74.100 - - [06/Dec/2015:07:37:09 +0800] "GET /content/repository/resource_content.jsp?oid=1531247 HTTP/1.1" 200 29173
66.249.74.102 - - [06/Dec/2015:07:37:30 +0800] "GET /content/repository/resource_content.jsp?oid=1774626 HTTP/1.1" 200 30697
111.248.28.240 - - [06/Dec/2015:07:37:50 +0800] "GET /content/subject/resource_content.jsp?oid=16777706 HTTP/1.1" 200 53891
111.248.28.240 - - [06/Dec/2015:07:37:52 +0800] "GET /content/nav/relationSubject.jsp?relationWords=%E5%A0%A1%E5%9C%96+&oid=16777706 HTTP/1.1" 200 2864
123.125.71.85 - - [06/Dec/2015:07:37:57 +0800] "GET /content/subject/resource_content.jsp?oid=16777499 HTTP/1.1" 200 44438
66.249.79.186 - - [06/Dec/2015:07:38:59 +0800] "GET /content/subject/resource_content.jsp?oid=16777706&queryType=qs&queryString=%E8%A1%8C%E6%94%BF%E7%B5%84%E7%B9%94 HTTP/1.1" 200 53870
66.249.74.63 - - [06/Dec/2015:07:39:09 +0800] "GET /content/repository/resource_content.jsp?oid=2669930&queryType=qs&queryString=%E7%8E%8B%E6%81%AD HTTP/1.1" 200 29958
66.249.74.100 - - [06/Dec/2015:07:40:27 +0800] "GET /content/repository/resource_content.jsp?oid=1890662 HTTP/1.1" 200 28489
66.249.74.98 - - [06/Dec/2015:07:41:10 +0800] "GET /content/repository/resource_content.jsp?oid=14095&queryType=qs&queryString=%E7%B6%AD%E4%BB%96%E5%91%BD HTTP/1.1" 200 35990
66.249.74.102 - - [06/Dec/2015:07:41:41 +0800] "GET /content/nav/relationSubject.jsp?relationWords=%E5%8A%89%E7%82%B3+%E5%BC%B5%E4%BF%8A%E9%9B%84+%E7%B0%A1%E6%98%8E%E6%99%AF+&oid=1890662 HTTP/1.1" 200 3222
66.249.74.98 - - [06/Dec/2015:07:41:45 +0800] "GET /content/nav/relationSubject.jsp?relationWords=%E5%98%89%E5%8D%97%E5%A4%A7%E5%9C%B3%20%E6%95%B4%E4%BF%AE%20%E6%9B%BE%E6%96%87%E6%B0%B4%E5%BA%AB%20%E8%BE%B2%E7%94%B0%E6%B0%B4%E5%88%A9%E6%9C%83%20&oid=1607473 HTTP/1.1" 200 5294
66.249.74.98 - - [06/Dec/2015:07:41:50 +0800] "GET /content/nav/relationSubject.jsp?relationWords=%E6%B3%B0%E9%9B%85%20%E6%B3%B0%E9%9B%85%E6%97%8F%20%E7%B1%90%E8%A3%BD%E5%A3%93%E9%85%92%E5%99%A8%20%E9%85%92%E5%99%A8%20&oid=1782975 HTTP/1.1" 200 4217
78.55.40.168 - - [06/Dec/2015:07:41:52 +0800] "GET /content/repository/resource_content.jsp?oid=3812310&queryString=%E5%90%88%E8%90%8C%20%E5%90%88%E8%90%8C%E5%B1%AC%20%E6%A4%8D%E7%89%A9%E7%95%8C%20%E8%A0%B6%E8%B1%86%20%E9%9B%99%E5%AD%90%E8%91%89%E6%A4%8D%E7%89%A9 HTTP/1.1" 200 31454
66.249.74.98 - - [06/Dec/2015:07:41:55 +0800] "GET /digiarch_en/content/repository/resource_content.jsp?oid=2150599&queryString=%E8%98%AD%E5%B6%BC%E7%BE%85%E6%BC%A2%E6%9D%BE HTTP/1.1" 200 23827
78.55.40.168 - - [06/Dec/2015:07:42:00 +0800] "GET /content/nav/relationSubject.jsp?relationWords=%E5%90%88%E8%90%8C+%E5%90%88%E8%90%8C%E5%B1%AC+%E6%A4%8D%E7%89%A9%E7%95%8C+%E8%A0%B6%E8%B1%86+%E9%9B%99%E5%AD%90%E8%91%89+%E9%9B%99%E5%AD%90%E8%91%89%E6%A4%8D%E7%89%A9+&oid=3812310 HTTP/1.1" 200 3384
66.249.74.98 - - [06/Dec/2015:07:42:01 +0800] "GET /content/nav/relationSubject.jsp?relationWords=%E6%A4%8D%E7%89%A9%E7%95%8C+%E8%93%AE%E8%91%89+%E8%93%AE%E8%91%89%E6%A1%90+%E8%93%AE%E8%91%89%E6%A1%90%E5%B1%AC+&oid=2150264 HTTP/1.1" 200 3308
66.249.74.98 - - [06/Dec/2015:07:42:02 +0800] "GET /content/nav/relationSubject.jsp?relationWords=%E6%A4%8D%E7%89%A9%E7%95%8C%20%E8%93%AE%E8%91%89%20%E8%93%AE%E8%91%89%E6%A1%90%20%E8%93%AE%E8%91%89%E6%A1%90%E5%B1%AC%20&oid=2150264 HTTP/1.1" 200 3308
66.249.74.98 - - [06/Dec/2015:07:42:10 +0800] "GET /content/nav/relationSubject.jsp?relationWords=%E5%A4%9A%E6%A8%A3%E6%80%A7+&oid=16777489 HTTP/1.1" 200 4289
220.181.108.147 - - [06/Dec/2015:07:42:57 +0800] "GET /content/subject/resource_content.jsp?oid=16777475&queryType=qc HTTP/1.1" 200 62097
66.249.74.63 - - [06/Dec/2015:07:43:11 +0800] "GET /content/repository/resource_content.jsp?oid=1594361&queryType=qs&queryString=%E8%B2%A8%E6%AB%83%E8%BB%8A HTTP/1.1" 200 30171
66.249.74.102 - - [06/Dec/2015:07:43:23 +0800] "GET /digiarch_en/content/repository/resource_content.jsp?oid=2675862&queryString=%E7%99%BB%E7%A7%91%E9%8C%84 HTTP/1.1" 200 23957
106.38.241.143 - - [06/Dec/2015:07:43:45 +0800] "GET /digiarch_en/content/repository/resource_content.jsp?oid=1124522&queryType=qc HTTP/1.1" 200 27358
106.38.241.143 - - [06/Dec/2015:07:43:57 +0800] "GET /digiarch_en/content/repository/resource_content.jsp?oid=1123156&queryType=qc HTTP/1.1" 200 25898
66.249.74.98 - - [06/Dec/2015:07:44:14 +0800] "GET /content/nav/relationSubject.jsp?relationWords=&oid=2669786 HTTP/1.1" 200 1405
66.249.79.172 - - [06/Dec/2015:07:44:17 +0800] "GET /content/nav/relationSubject.jsp?relationWords=%E4%BE%8D%E9%83%8E+%E5%A5%8F%E6%A1%88+&oid=2685258 HTTP/1.1" 200 3151
66.249.79.172 - - [06/Dec/2015:07:44:19 +0800] "GET /content/nav/relationSubject.jsp?relationWords=%E4%BE%8D%E9%83%8E%20%E5%A5%8F%E6%A1%88%20&oid=2685258 HTTP/1.1" 200 3151
66.249.74.98 - - [06/Dec/2015:07:44:22 +0800] "GET /content/nav/relationSubject.jsp?relationWords=&oid=2597280 HTTP/1.1" 200 1405
106.38.241.143 - - [06/Dec/2015:07:44:22 +0800] "GET /content/tmp_auth/resource_content.jsp?oid=16777677 HTTP/1.1" 200 27709
106.38.241.143 - - [06/Dec/2015:07:44:34 +0800] "GET /content/tmp_tec/resource_content.jsp?oid=16777740 HTTP/1.1" 200 39306
106.38.241.143 - - [06/Dec/2015:07:44:46 +0800] "GET /content/tmp_tec/resource_content.jsp?oid=16777731 HTTP/1.1" 200 39233
66.249.74.100 - - [06/Dec/2015:07:44:51 +0800] "GET /content/tmp_exh/resource_content.jsp?oid=16777847&queryString= HTTP/1.1" 200 45322
106.38.241.143 - - [06/Dec/2015:07:44:59 +0800] "GET /content/tmp_tec/resource_content.jsp?oid=16777738 HTTP/1.1" 200 44469
106.38.241.143 - - [06/Dec/2015:07:45:11 +0800] "GET /content/tmp_tec/resource_content.jsp?oid=16777739 HTTP/1.1" 200 32362
66.249.79.30 - - [06/Dec/2015:07:45:12 +0800] "GET /content/repository/resource_content.jsp?oid=2676913&queryType=qs&queryString=%E5%A4%AA%E5%AD%90%E5%B0%91%E4%BF%9D HTTP/1.1" 200 30357
66.249.74.100 - - [06/Dec/2015:07:45:23 +0800] "GET /digiarch_en/content/nav/relationSubject.jsp?relationWords=%E4%BA%94%E6%9C%88%E5%A4%A9+%E6%95%B8%E4%BD%8D%E5%85%B8%E8%97%8F%E5%B1%95%E7%A4%BA+&oid=16777593 HTTP/1.1" 200 3280
106.38.241.143 - - [06/Dec/2015:07:45:23 +0800] "GET /content/tmp_exh/resource_content.jsp?oid=16777844&queryType=qc HTTP/1.1" 200 37003
66.249.74.98 - - [06/Dec/2015:07:45:25 +0800] "GET /digiarch_en/content/nav/relationSubject.jsp?relationWords=%E4%BA%94%E6%9C%88%E5%A4%A9%20%E6%95%B8%E4%BD%8D%E5%85%B8%E8%97%8F%E5%B1%95%E7%A4%BA%20&oid=16777593 HTTP/1.1" 200 3280
66.249.74.98 - - [06/Dec/2015:07:45:27 +0800] "GET /digiarch_en/content/nav/relationSubject.jsp?relationWords=%E4%B8%80%E8%89%B2%E5%A4%A9%E7%AB%BA%E9%AF%9B+%E5%96%AE%E8%89%B2%E5%A4%A9%E7%AB%BA%E9%AF%9B+%E5%A4%A7%E7%9B%AE%E5%81%B4%E4%BB%94+%E5%A4%A7%E9%9D%A2%E5%81%B4%E4%BB%94+%E5%A4%A9%E7%AB%BA%E9%AF%9B%E7%A7%91+&oid=4352338 HTTP/1.1" 200 3684
66.249.74.98 - - [06/Dec/2015:07:45:29 +0800] "GET /digiarch_en/content/nav/relationSubject.jsp?relationWords=%E4%B8%80%E8%89%B2%E5%A4%A9%E7%AB%BA%E9%AF%9B%20%E5%96%AE%E8%89%B2%E5%A4%A9%E7%AB%BA%E9%AF%9B%20%E5%A4%A7%E7%9B%AE%E5%81%B4%E4%BB%94%20%E5%A4%A7%E9%9D%A2%E5%81%B4%E4%BB%94%20%E5%A4%A9%E7%AB%BA%E9%AF%9B%E7%A7%91%20&oid=4352338 HTTP/1.1" 200 3684
106.38.241.143 - - [06/Dec/2015:07:45:35 +0800] "GET /content/tmp_tec/resource_content.jsp?oid=16777692 HTTP/1.1" 200 36271
106.38.241.143 - - [06/Dec/2015:07:45:46 +0800] "GET /content/tmp_exh/resource_content.jsp?oid=16777754&queryType=qc HTTP/1.1" 302 -
66.249.74.98 - - [06/Dec/2015:07:45:50 +0800] "GET /content/nav/relationSubject.jsp?relationWords=%E4%B8%83%E6%98%9F%E6%96%91%20%E4%B8%83%E6%98%9F%E6%96%91%E5%9B%8A%E6%9E%9C%E8%96%B9%20%E6%96%91%E5%9B%8A%E6%9E%9C%E8%96%B9%20%E8%96%B9%E5%B1%AC%20%E9%8F%A1%E5%AD%90%E8%96%B9%20&oid=1108146 HTTP/1.1" 200 3580
66.249.74.59 - - [06/Dec/2015:07:45:51 +0800] "GET /content/nav/relationSubject.jsp?relationWords=%E5%85%AC%E6%95%99%E4%BA%BA%E5%93%A1+%E8%A8%AD%E5%AD%97+&oid=1571426 HTTP/1.1" 200 4288
66.249.74.59 - - [06/Dec/2015:07:45:53 +0800] "GET /content/nav/relationSubject.jsp?relationWords=%E5%85%AC%E6%95%99%E4%BA%BA%E5%93%A1%20%E8%A8%AD%E5%AD%97%20&oid=1571426 HTTP/1.1" 200 4288
66.249.74.98 - - [06/Dec/2015:07:45:54 +0800] "GET /content/nav/relationSubject.jsp?relationWords=%E5%A5%B3%E7%94%A8%E7%A5%AD%E7%AC%A0+%E9%9B%85%E7%BE%8E%E6%97%8F+&oid=1780928 HTTP/1.1" 200 2980
66.249.74.98 - - [06/Dec/2015:07:45:55 +0800] "GET /content/nav/relationSubject.jsp?relationWords=%E5%A5%B3%E7%94%A8%E7%A5%AD%E7%AC%A0%20%E9%9B%85%E7%BE%8E%E6%97%8F%20&oid=1780928 HTTP/1.1" 200 2980
106.38.241.143 - - [06/Dec/2015:07:45:58 +0800] "GET /content/tmp_exh/resource_content.jsp?oid=16777765&queryType=qc%201890 HTTP/1.1" 302 -
66.249.74.98 - - [06/Dec/2015:07:46:20 +0800] "GET /content/subject/resource_content.jsp?oid=16777746&queryType=qc HTTP/1.1" 200 39188
106.38.241.143 - - [06/Dec/2015:07:46:35 +0800] "GET /digiarch_en/content/pictures/picture_content.jsp?oid=33554644&queryType=qc HTTP/1.1" 200 21873
106.38.241.143 - - [06/Dec/2015:07:46:48 +0800] "GET /digiarch_en/content/pictures/picture_content.jsp?oid=33554806 HTTP/1.1" 200 21585
66.249.79.27 - - [06/Dec/2015:07:46:55 +0800] "GET /content/nav/relationSubject.jsp?relationWords=&oid=2676913 HTTP/1.1" 200 1405
106.38.241.143 - - [06/Dec/2015:07:47:01 +0800] "GET /content/tmp_exh/resource_content.jsp?oid=16777720&queryType=qc HTTP/1.1" 200 27686
66.249.79.27 - - [06/Dec/2015:07:47:12 +0800] "GET /content/repository/resource_content.jsp?oid=1781023&queryString=%E7%A5%AD%E7%A5%80%E7%94%A8%E6%8E%98%E6%A3%92%20%E9%9B%85%E7%BE%8E%E6%97%8F HTTP/1.1" 200 28906
106.38.241.143 - - [06/Dec/2015:07:47:24 +0800] "GET /content/tmp_exh/resource_content.jsp?oid=16777686&queryType=qc%201921 HTTP/1.1" 200 29150
106.38.241.143 - - [06/Dec/2015:07:47:36 +0800] "GET /content/tmp_exh/resource_content.jsp?oid=16777747&queryType=qc%201890 HTTP/1.1" 200 34938
106.38.241.143 - - [06/Dec/2015:07:47:48 +0800] "GET /content/tmp_tec/resource_content.jsp?oid=16777706 HTTP/1.1" 200 45946
220.181.108.179 - - [06/Dec/2015:07:47:56 +0800] "GET /content/subject/resource_content.jsp?oid=16777496 HTTP/1.1" 200 53142
66.249.74.100 - - [06/Dec/2015:07:47:59 +0800] "GET /content/repository/resource_content.jsp?oid=2661158 HTTP/1.1" 200 29914
106.38.241.143 - - [06/Dec/2015:07:48:00 +0800] "GET /content/tmp_auth/resource_content.jsp?oid=16777454 HTTP/1.1" 200 29209
106.38.241.143 - - [06/Dec/2015:07:48:11 +0800] "GET /content/tmp_tec/resource_content.jsp?oid=16777714 HTTP/1.1" 200 38293
106.38.241.143 - - [06/Dec/2015:07:48:35 +0800] "GET /content/tmp_exh/resource_content.jsp?oid=16777849&queryType=qc HTTP/1.1" 200 32528
106.38.241.143 - - [06/Dec/2015:07:48:47 +0800] "GET /content/tmp_tec/resource_content.jsp?oid=16777679 HTTP/1.1" 200 32486
66.249.79.27 - - [06/Dec/2015:07:48:54 +0800] "GET /content/nav/relationSubject.jsp?relationWords=%E6%8E%98%E6%A3%92+%E7%A5%AD%E7%A5%80%E7%94%A8%E6%8E%98%E6%A3%92+%E9%9B%85%E7%BE%8E+%E9%9B%85%E7%BE%8E%E6%97%8F+&oid=1781023 HTTP/1.1" 200 3119
68.180.228.24 - - [06/Dec/2015:07:48:55 +0800] "GET /digiarch_en/content/subject/resource_content.jsp?oid=16777749&queryType=qc HTTP/1.1" 200 36675
66.249.79.24 - - [06/Dec/2015:07:48:57 +0800] "GET /content/nav/relationSubject.jsp?relationWords=%E6%8E%98%E6%A3%92%20%E7%A5%AD%E7%A5%80%E7%94%A8%E6%8E%98%E6%A3%92%20%E9%9B%85%E7%BE%8E%20%E9%9B%85%E7%BE%8E%E6%97%8F%20&oid=1781023 HTTP/1.1" 200 3119
106.38.241.143 - - [06/Dec/2015:07:49:11 +0800] "GET /content/pictures/picture_content.jsp?oid=33554865&queryType=qc HTTP/1.1" 200 27686
66.249.74.100 - - [06/Dec/2015:07:49:13 +0800] "GET /content/repository/resource_content.jsp?oid=2568657 HTTP/1.1" 200 29852
66.249.74.102 - - [06/Dec/2015:07:49:16 +0800] "GET /digiarch_en/content/subject/resource_content.jsp?oid=16777379&queryString=%E5%A4%9A%E5%AA%92%E9%AB%94%20%E5%AA%92%E9%AB%94%20%E6%95%B8%E4%BD%8D%E5%85%B8%E8%97%8F%20%E6%95%B8%E4%BD%8D%E5%85%B8%E8%97%8F%E6%8A%80%E8%A1%93%20%E7%9C%8B%E6%9D%BF%20%E9%9B%BB%E8%A6%96%E7%89%86 HTTP/1.1" 200 40478
66.249.74.72 - - [06/Dec/2015:07:49:25 +0800] "GET /digiarch3/content/nav/relationSubject.jsp?relationWords=%E6%B3%B0%E9%9B%85+%E6%B3%B0%E9%9B%85%E6%97%8F+%E7%8F%A0%E8%A1%A3+&oid=1783325 HTTP/1.1" 200 7001
66.249.74.72 - - [06/Dec/2015:07:49:28 +0800] "GET /digiarch3/content/nav/relationSubject.jsp?relationWords=%E6%B3%B0%E9%9B%85%20%E6%B3%B0%E9%9B%85%E6%97%8F%20%E7%8F%A0%E8%A1%A3%20&oid=1783325 HTTP/1.1" 200 7001
203.72.87.33 - - [06/Dec/2015:07:50:04 +0800] "GET /content/subject/resource_content.jsp?oid=16777764&queryType=qc HTTP/1.1" 200 40780
203.72.87.33 - - [06/Dec/2015:07:50:07 +0800] "GET /content/nav/relationSubject.jsp?relationWords=%E6%97%97%E9%AD%9A+&oid=16777764 HTTP/1.1" 200 3324
66.249.74.102 - - [06/Dec/2015:07:51:13 +0800] "GET /content/repository/resource_content.jsp?oid=2585865 HTTP/1.1" 200 29085
66.249.74.59 - - [06/Dec/2015:07:51:31 +0800] "GET /content/nav/relationSubject.jsp?relationWords=%E4%B8%89%E9%81%94+%E5%88%91%E9%83%A8+&oid=2669674 HTTP/1.1" 200 3130
66.249.74.98 - - [06/Dec/2015:07:52:05 +0800] "GET /content/nav/relationSubject.jsp?relationWords=&oid=2616440 HTTP/1.1" 200 1405
220.181.108.120 - - [06/Dec/2015:07:52:56 +0800] "GET /content/subject/resource_content.jsp?oid=16777769&queryString= HTTP/1.1" 200 41381
66.249.74.102 - - [06/Dec/2015:07:53:14 +0800] "GET /content/repository/resource_content.jsp?oid=2658573&queryString=%E5%80%89%E5%BB%92%20%E7%A6%8F%E5%B7%9E%E5%BA%9C HTTP/1.1" 200 30455
66.249.74.59 - - [06/Dec/2015:07:53:41 +0800] "GET /content/repository/resource_content.jsp?oid=1777846&queryType=qs&queryString=%E5%8C%85%E5%AD%90 HTTP/1.1" 200 43970
66.249.74.102 - - [06/Dec/2015:07:53:50 +0800] "GET /content/nav/relationSubject.jsp?relationWords=%E5%A5%8F%E8%AD%B0+&oid=2568657 HTTP/1.1" 200 3126
66.249.74.98 - - [06/Dec/2015:07:53:52 +0800] "GET /content/nav/relationSubject.jsp?relationWords=%E5%A5%8F%E8%AD%B0%20&oid=2568657 HTTP/1.1" 200 3126
66.249.74.100 - - [06/Dec/2015:07:55:09 +0800] "GET /content/repository/resource_content.jsp?oid=1460242&queryString=%E6%A4%8D%E7%89%A9%E7%95%8C%20%E8%96%94%E8%96%87%E7%9B%AE%20%E8%96%94%E8%96%87%E7%A7%91%20%E9%BE%8D%E7%89%99%E8%8D%89%20%E9%BE%8D%E7%89%99%E8%8D%89%E5%B1%AC HTTP/1.1" 200 31185
223.139.52.27 - - [06/Dec/2015:07:55:12 +0800] "GET /content/subject/resource_content.jsp?oid=16777753 HTTP/1.1" 200 36831
223.139.52.27 - - [06/Dec/2015:07:55:15 +0800] "GET /content/nav/relationSubject.jsp?relationWords=GIS+%E6%95%B8%E4%BD%8D%E5%85%B8%E8%97%8F+%E9%81%99%E6%B8%AC+%E9%81%99%E6%B8%AC%E5%BD%B1%E5%83%8F+&oid=16777753 HTTP/1.1" 200 9620
66.249.79.24 - - [06/Dec/2015:07:55:15 +0800] "GET /content/repository/resource_content.jsp?oid=2679479&queryString=%E6%87%87%E6%81%A9%20%E8%A5%84%E9%99%B5%20%E8%B3%91%E4%BA%8B HTTP/1.1" 200 30414
101.139.180.190 - - [06/Dec/2015:07:55:54 +0800] "GET /content/nav/relationSubject.jsp?relationWords=%E9%84%AD%E6%88%90%E5%8A%9F+&oid=16777440 HTTP/1.1" 200 3538
66.249.74.100 - - [06/Dec/2015:07:56:37 +0800] "GET /digiarch_en/content/repository/resource_content.jsp?oid=3821659&queryString=%E6%A4%8D%E7%89%A9%E7%95%8C%20%E6%B0%B4%E8%8C%84%20%E8%8C%84%E5%B1%AC%20%E8%8C%84%E7%A7%91%20%E8%90%AC%E6%A1%83%E8%8A%B1 HTTP/1.1" 200 23392
66.249.79.24 - - [06/Dec/2015:07:57:15 +0800] "GET /content/repository/resource_content.jsp?oid=2603345&queryType=qs&queryString=%E5%AE%9A%E7%AB%8B HTTP/1.1" 200 29500
123.125.71.73 - - [06/Dec/2015:07:57:57 +0800] "GET /content/subject/resource_content.jsp?oid=16777517 HTTP/1.1" 200 51791
66.249.74.70 - - [06/Dec/2015:07:58:24 +0800] "GET /content/nav/relationSubject.jsp?relationWords=%E4%B8%83%E6%98%9F%E4%BB%94+%E6%A3%98%E8%94%A5%E4%BB%94+%E9%AC%BC%E5%B9%B3+&oid=15253 HTTP/1.1" 200 3561
66.249.74.70 - - [06/Dec/2015:07:58:27 +0800] "GET /content/nav/relationSubject.jsp?relationWords=%E4%B8%83%E6%98%9F%E4%BB%94%20%E6%A3%98%E8%94%A5%E4%BB%94%20%E9%AC%BC%E5%B9%B3%20&oid=15253 HTTP/1.1" 200 3561
66.249.79.30 - - [06/Dec/2015:07:59:16 +0800] "GET /content/repository/resource_content.jsp?oid=2597120&queryType=qs&queryString=%E4%BA%94%E8%8A%B1 HTTP/1.1" 200 29402
66.249.74.98 - - [06/Dec/2015:07:59:34 +0800] "GET /content/repository/resource_content.jsp?oid=1531840 HTTP/1.1" 200 28780
118.233.37.164 - - [06/Dec/2015:08:00:44 +0800] "GET /content/nav/relationSubject.jsp?relationWords=%E5%B1%B1%E8%8A%99%E8%93%89+%E6%9C%A8%E8%8A%99%E8%93%89+%E8%96%9B%E6%BF%A4+%E9%86%89%E8%8A%99%E8%93%89+&oid=16777260 HTTP/1.1" 200 4595
66.249.74.100 - - [06/Dec/2015:08:01:17 +0800] "GET /content/repository/resource_content.jsp?oid=2581893 HTTP/1.1" 200 28958
66.249.74.98 - - [06/Dec/2015:08:01:20 +0800] "GET /content/nav/relationSubject.jsp?relationWords=%E7%96%8F%E9%98%B2+&oid=2686104 HTTP/1.1" 200 3102
66.249.74.98 - - [06/Dec/2015:08:01:22 +0800] "GET /content/nav/relationSubject.jsp?relationWords=%E7%96%8F%E9%98%B2%20&oid=2686104 HTTP/1.1" 200 3102
66.249.74.98 - - [06/Dec/2015:08:01:28 +0800] "GET /digiarch_en/content/nav/relationSubject.jsp?relationWords=%E6%9C%83%E8%A9%A6%E9%8C%84%20%E7%99%BB%E7%A7%91%20%E7%99%BB%E7%A7%91%E9%8C%84%20&oid=2675862 HTTP/1.1" 200 3171
66.249.74.98 - - [06/Dec/2015:08:01:36 +0800] "GET /content/nav/relationSubject.jsp?relationWords=%E6%B2%B3%E5%8C%97%E7%9C%81+%E7%A7%A6%E5%8D%97%E5%80%89+%E9%99%B8%E6%B8%AC%E5%9C%96+&oid=231237 HTTP/1.1" 200 3179
66.249.74.98 - - [06/Dec/2015:08:01:38 +0800] "GET /content/nav/relationSubject.jsp?relationWords=%E6%B2%B3%E5%8C%97%E7%9C%81%20%E7%A7%A6%E5%8D%97%E5%80%89%20%E9%99%B8%E6%B8%AC%E5%9C%96%20&oid=231237 HTTP/1.1" 200 3179
114.32.180.245 - - [06/Dec/2015:08:01:53 +0800] "GET /content/nav/relationSubject.jsp?relationWords=%E8%8B%A6%E8%8B%93+&oid=16777317 HTTP/1.1" 200 3183
123.125.71.79 - - [06/Dec/2015:08:02:57 +0800] "GET /content/subject/resource_content.jsp?oid=16777838&queryType=qc%3E HTTP/1.1" 200 59031
66.249.74.100 - - [06/Dec/2015:08:02:58 +0800] "GET /content/nav/relationSubject.jsp?relationWords=%E6%A4%8D%E7%89%A9%E7%95%8C%20%E8%96%94%E8%96%87%E7%9B%AE%20%E8%96%94%E8%96%87%E7%A7%91%20%E9%BE%8D%E7%89%99%E8%8D%89%20%E9%BE%8D%E7%89%99%E8%8D%89%E5%B1%AC%20&oid=1460242 HTTP/1.1" 200 3345
66.249.79.24 - - [06/Dec/2015:08:03:17 +0800] "GET /content/repository/resource_content.jsp?oid=2665502&queryString=%E5%80%89%E5%A0%B4%20%E7%A5%BF%E7%B1%B3 HTTP/1.1" 200 30524
66.249.74.61 - - [06/Dec/2015:08:03:59 +0800] "GET /content/repository/resource_content.jsp?oid=1546762&queryType=qs&queryString=%E6%B0%91%E6%94%BF%E9%A1%9E HTTP/1.1" 200 29581
66.249.74.98 - - [06/Dec/2015:08:04:30 +0800] "GET /digiarch_en/content/nav/relationSubject.jsp?relationWords=%E6%A4%8D%E7%89%A9%E7%95%8C%20%E6%B0%B4%E8%8C%84%20%E8%8C%84%E5%B1%AC%20%E8%8C%84%E7%A7%91%20%E9%BB%83%E6%B0%B4%E8%8C%84%20&oid=3821659 HTTP/1.1" 200 4092
66.249.74.98 - - [06/Dec/2015:08:04:34 +0800] "GET /content/nav/relationSubject.jsp?relationWords=%E5%96%AE%E8%89%B2+%E6%A2%81%E5%B1%B1+&oid=192370 HTTP/1.1" 200 3253
66.249.74.98 - - [06/Dec/2015:08:04:36 +0800] "GET /content/nav/relationSubject.jsp?relationWords=%E5%96%AE%E8%89%B2%20%E6%A2%81%E5%B1%B1%20&oid=192370 HTTP/1.1" 200 3253
66.249.74.102 - - [06/Dec/2015:08:05:18 +0800] "GET /content/subject/resource_content.jsp?oid=16777298 HTTP/1.1" 200 28260
66.249.74.74 - - [06/Dec/2015:08:05:27 +0800] "GET /digiarch3/content/subject/resource_content.jsp?oid=16777503&queryType=qs&queryString=%E5%80%92%E6%8A%AB%E9%87%9D%E5%BD%A2 HTTP/1.1" 200 40625
66.249.74.98 - - [06/Dec/2015:08:05:49 +0800] "GET /content/nav/relationSubject.jsp?relationWords=%E5%B7%A5%E6%A5%AD%E7%94%A8%20%E5%B7%A5%E6%A5%AD%E7%94%A8%E5%9C%B0%20%E7%81%A3%E7%9C%81%E6%94%BF%E5%BA%9C%20%E7%9C%81%E6%94%BF%E5%BA%9C%20%E7%B3%A7%E9%A3%9F%E5%B1%80%20%E8%87%BA%E7%81%A3%E7%9C%81%20%E8%87%BA%E7%81%A3%E7%9C%81%E6%94%BF%E5%BA%9C%20&oid=1531840 HTTP/1.1" 200 4817
68.180.230.228 - - [06/Dec/2015:08:05:50 +0800] "GET /digiarch3/content/subject/resource_content.jsp?oid=16777710&queryType=qc HTTP/1.1" 200 27810
66.249.79.179 - - [06/Dec/2015:08:06:33 +0800] "GET /content/nav/relationSubject.jsp?relationWords=%E4%B8%AD%E5%8F%A4+%E4%BA%BA%E5%90%8D%E6%AC%8A%E5%A8%81+%E5%8F%A4%E5%B7%B4+%E5%90%B3%E5%85%8B+%E5%B7%B4%E4%BD%BF+&oid=643352 HTTP/1.1" 200 3815
66.249.79.172 - - [06/Dec/2015:08:06:35 +0800] "GET /content/nav/relationSubject.jsp?relationWords=%E4%B8%AD%E5%8F%A4%20%E4%BA%BA%E5%90%8D%E6%AC%8A%E5%A8%81%20%E5%8F%A4%E5%B7%B4%20%E5%90%B3%E5%85%8B%20%E5%B7%B4%E4%BD%BF%20&oid=643352 HTTP/1.1" 200 3815
66.249.74.100 - - [06/Dec/2015:08:06:55 +0800] "GET /content/repository/resource_content.jsp?oid=4352014&queryString=%E7%89%9B%E5%B1%8E%E9%AF%BD%E4%BB%94%20%E9%AF%89%E7%A7%91 HTTP/1.1" 200 34420
66.249.79.24 - - [06/Dec/2015:08:07:19 +0800] "GET /content/repository/resource_content.jsp?oid=2641522&queryType=qs&queryString=%E4%B8%AD%E7%91%9E HTTP/1.1" 200 29864
114.42.4.212 - - [06/Dec/2015:08:07:42 +0800] "GET /content/repository/resource_content.jsp?oid=1112995 HTTP/1.1" 200 30271
114.42.4.212 - - [06/Dec/2015:08:07:42 +0800] "GET /content/nav/relationSubject.jsp?relationWords=%E5%B0%BC%E6%B3%8A%E7%88%BE+%E6%A6%96%E7%B2%BE+%E6%A6%96%E7%B2%BE%E8%8D%89+%E7%A9%80%E7%B2%BE+%E7%A9%80%E7%B2%BE%E8%8D%89+%E7%A9%80%E7%B2%BE%E8%8D%89%E5%B1%AC+%E8%93%AE%E8%8A%B1%E6%B1%A0+&oid=1112995 HTTP/1.1" 200 3494
123.125.71.111 - - [06/Dec/2015:08:07:56 +0800] "GET /content/subject/resource_content.jsp?oid=16777840&queryType=qc%3E HTTP/1.1" 200 40649
66.249.74.102 - - [06/Dec/2015:08:08:23 +0800] "GET /content/repository/resource_content.jsp?oid=1521251 HTTP/1.1" 200 28856
66.249.79.30 - - [06/Dec/2015:08:09:19 +0800] "GET /content/repository/resource_content.jsp?oid=1545542&queryType=qs&queryString=%E9%9B%B7%E9%9B%A8 HTTP/1.1" 200 32443
66.249.74.102 - - [06/Dec/2015:08:09:34 +0800] "GET /content/nav/relationSubject.jsp?relationWords=%E4%B8%A6%E5%8D%A3+&oid=3041583 HTTP/1.1" 200 2796
66.249.74.98 - - [06/Dec/2015:08:09:35 +0800] "GET /content/nav/relationSubject.jsp?relationWords=%E4%B8%A6%E5%8D%A3%20&oid=3041583 HTTP/1.1" 200 2796
182.118.20.229 - - [06/Dec/2015:08:09:47 +0800] "GET /digiarch3/content/subject/resource_content.jsp?oid=16777533&queryType=qc%3E HTTP/1.1" 200 23791
66.249.74.98 - - [06/Dec/2015:08:09:49 +0800] "GET /content/nav/relationSubject.jsp?relationWords=%E5%81%8F%E9%81%A0%E5%9C%B0%E5%8D%80+%E5%B1%B1%E5%9C%B0%E9%84%89+%E9%84%89%E5%85%AC%E6%89%80+&oid=1617239 HTTP/1.1" 200 3483
66.249.79.30 - - [06/Dec/2015:08:09:52 +0800] "GET /content/repository/resource_content.jsp?oid=16560&queryString=%E5%88%BA%E8%A6%8F%20%E6%84%9B%E6%B0%8F%E4%BA%8C%E9%BD%92%E9%AD%A8%20%E6%B0%A3%E7%93%9C%E4%BB%94%20%E8%89%BE%E6%B0%8F%E5%88%BA%E9%AD%A8%20%E9%AD%A8%E7%A7%91 HTTP/1.1" 200 35067
66.249.74.98 - - [06/Dec/2015:08:09:52 +0800] "GET /content/nav/relationSubject.jsp?relationWords=%E5%81%8F%E9%81%A0%E5%9C%B0%E5%8D%80%20%E5%B1%B1%E5%9C%B0%E9%84%89%20%E9%84%89%E5%85%AC%E6%89%80%20&oid=1617239 HTTP/1.1" 200 3483
66.249.74.102 - - [06/Dec/2015:08:11:46 +0800] "GET /content/nav/relationSubject.jsp?relationWords=%E5%B7%A1%E6%92%AB+%E5%BD%B9%E8%B2%AA+%E6%93%AC%E7%BD%AA+%E7%B8%B1%E5%BD%B9+%E9%81%93%E8%87%A3+&oid=2518715 HTTP/1.1" 200 3224
66.249.74.98 - - [06/Dec/2015:08:11:48 +0800] "GET /content/nav/relationSubject.jsp?relationWords=%E5%B7%A1%E6%92%AB%20%E5%BD%B9%E8%B2%AA%20%E6%93%AC%E7%BD%AA%20%E7%B8%B1%E5%BD%B9%20%E9%81%93%E8%87%A3%20&oid=2518715 HTTP/1.1" 200 3224
78.45.7.176 - - [06/Dec/2015:08:12:26 +0800] "GET /content/repository/resource_content.jsp?oid=1774105 HTTP/1.1" 200 26933
78.45.7.176 - - [06/Dec/2015:08:12:29 +0800] "GET /content/nav/relationSubject.jsp?relationWords=&oid=1774105 HTTP/1.1" 200 1405
66.249.79.30 - - [06/Dec/2015:08:12:47 +0800] "GET /content/subject/resource_content.jsp?oid=16777536&queryType=qs&queryString=%E5%B7%A5%E4%BD%9C%E5%AE%A4 HTTP/1.1" 200 34998
27.246.90.100 - - [06/Dec/2015:08:12:49 +0800] "GET /content/nav/relationSubject.jsp?relationWords=%E8%8B%A6%E8%8B%93+&oid=16777317 HTTP/1.1" 200 3183
123.125.71.17 - - [06/Dec/2015:08:12:57 +0800] "GET /content/subject/resource_content.jsp?oid=16777776&queryType=qc HTTP/1.1" 200 61621
66.249.74.102 - - [06/Dec/2015:08:13:21 +0800] "GET /content/repository/resource_content.jsp?oid=1851565&queryString=%E7%B4%90%E6%9F%84 HTTP/1.1" 200 29298
66.249.74.102 - - [06/Dec/2015:08:13:54 +0800] "GET /content/nav/relationSubject.jsp?relationWords=%E7%89%9B%E5%B1%8E%20%E7%89%9B%E5%B1%8E%E9%AF%BD%E4%BB%94%20%E9%AF%89%E7%A7%91%20%E9%AF%BD%E4%BB%94%20&oid=4352014 HTTP/1.1" 200 3668
66.249.79.24 - - [06/Dec/2015:08:14:16 +0800] "GET /content/repository/resource_content.jsp?oid=2679416&queryString=%E7%A6%AE%E6%9C%8D%20%E7%A6%AE%E9%83%A8 HTTP/1.1" 200 30308
66.249.79.24 - - [06/Dec/2015:08:14:18 +0800] "GET /content/nav/relationSubject.jsp?relationWords=%E5%88%BA%E8%A6%8F+%E5%88%BA%E9%AD%A8+%E6%9F%B4%E6%B0%8F%E5%88%BA%E9%AD%A8+%E6%B0%A3%E7%93%9C%E4%BB%94+%E7%93%9C%E4%BB%94+%E7%B4%8B%E4%BA%8C%E9%BD%92%E9%AD%A8+%E9%AD%A8%E7%A7%91+&oid=16560 HTTP/1.1" 200 3734
182.118.22.217 - - [06/Dec/2015:08:14:21 +0800] "GET /digiarch3/content/subject/resource_content.jsp?oid=16777381&queryType=qc HTTP/1.1" 200 37149
66.249.79.24 - - [06/Dec/2015:08:14:23 +0800] "GET /content/nav/relationSubject.jsp?relationWords=%E5%88%BA%E8%A6%8F%20%E5%88%BA%E9%AD%A8%20%E6%9F%B4%E6%B0%8F%E5%88%BA%E9%AD%A8%20%E6%B0%A3%E7%93%9C%E4%BB%94%20%E7%93%9C%E4%BB%94%20%E7%B4%8B%E4%BA%8C%E9%BD%92%E9%AD%A8%20%E9%AD%A8%E7%A7%91%20&oid=16560 HTTP/1.1" 200 3734
66.249.79.172 - - [06/Dec/2015:08:15:21 +0800] "GET /content/repository/resource_content.jsp?oid=2602639&queryType=qs&queryString=%E8%A5%BF%E7%90%B3 HTTP/1.1" 200 29337
36.236.167.143 - - [06/Dec/2015:08:15:40 +0800] "GET /content/nav/relationSubject.jsp?relationWords=%E5%A4%A7%E8%91%89%E5%B1%B1+%E5%A4%A7%E8%91%89%E5%B1%B1%E6%AC%96+%E5%B1%B1%E6%AC%96+%E6%8B%BC%E6%9D%BF%E8%88%9F+%E9%81%94%E6%82%9F+%E9%81%94%E6%82%9F%E6%97%8F+&oid=16777270 HTTP/1.1" 200 4822
66.249.74.98 - - [06/Dec/2015:08:15:44 +0800] "GET /content/repository/resource_content.jsp?oid=1592705 HTTP/1.1" 200 28674
66.249.74.98 - - [06/Dec/2015:08:16:22 +0800] "GET /content/nav/relationSubject.jsp?relationWords=%E9%AA%A8%E7%AE%AD%E9%A0%AD+&oid=1852847 HTTP/1.1" 200 2990
66.249.74.98 - - [06/Dec/2015:08:16:24 +0800] "GET /content/nav/relationSubject.jsp?relationWords=%E9%AA%A8%E7%AE%AD%E9%A0%AD%20&oid=1852847 HTTP/1.1" 200 2990
182.118.25.223 - - [06/Dec/2015:08:17:11 +0800] "GET /digiarch3/content/subject/resource_content.jsp?oid=16777770&queryType=qc HTTP/1.1" 200 53869
66.249.79.186 - - [06/Dec/2015:08:17:22 +0800] "GET /content/repository/resource_content.jsp?oid=2555474&queryType=qs&queryString=%E4%B8%89%E6%B5%B7 HTTP/1.1" 200 29885
66.249.79.30 - - [06/Dec/2015:08:17:31 +0800] "GET /content/nav/relationSubject.jsp?relationWords=%E4%BE%8D%E9%83%8E+%E5%80%89%E5%A0%B4+%E5%80%89%E5%A0%B4%E4%BE%8D%E9%83%8E+%E9%8A%80%E5%85%A9+&oid=2665502 HTTP/1.1" 200 5500
66.249.79.24 - - [06/Dec/2015:08:17:33 +0800] "GET /content/nav/relationSubject.jsp?relationWords=%E4%BE%8D%E9%83%8E%20%E5%80%89%E5%A0%B4%20%E5%80%89%E5%A0%B4%E4%BE%8D%E9%83%8E%20%E9%8A%80%E5%85%A9%20&oid=2665502 HTTP/1.1" 200 5500
68.180.228.24 - - [06/Dec/2015:08:18:17 +0800] "GET /digiarch_en/content/subject/resource_content.jsp?oid=16777264&queryType=qc HTTP/1.1" 200 34249
66.249.74.98 - - [06/Dec/2015:08:18:40 +0800] "GET /content/repository/resource_content.jsp?oid=1110781&queryString=%E7%89%9B%E8%86%9D%20%E7%89%9B%E8%86%9D%E5%B1%AC HTTP/1.1" 200 31615
66.249.74.98 - - [06/Dec/2015:08:19:23 +0800] "GET /content/repository/resource_content.jsp?oid=2661175 HTTP/1.1" 200 29934
68.180.230.178 - - [06/Dec/2015:08:20:05 +0800] "GET /content/subject/resource_content.jsp?oid=16777483&queryType=qc HTTP/1.1" 200 43976
68.180.230.178 - - [06/Dec/2015:08:20:18 +0800] "GET /content/subject/resource_content.jsp?oid=16777390&queryType=qc HTTP/1.1" 200 43099
66.249.74.72 - - [06/Dec/2015:08:21:02 +0800] "GET /digiarch3/content/nav/relationSubject.jsp?relationWords=%E7%83%8F%E8%80%B3%E9%B0%BB+%E8%8A%B1%E9%B0%BB+%E8%8A%B1%E9%B0%BB%E9%B1%BA+%E9%B0%BB%E9%B1%BA+%E9%B0%BB%E9%B1%BA%E7%A7%91+%E9%B1%B8%E9%B0%BB+&oid=4351709 HTTP/1.1" 200 3515
66.249.74.72 - - [06/Dec/2015:08:21:03 +0800] "GET /digiarch3/content/nav/relationSubject.jsp?relationWords=%E7%83%8F%E8%80%B3%E9%B0%BB%20%E8%8A%B1%E9%B0%BB%20%E8%8A%B1%E9%B0%BB%E9%B1%BA%20%E9%B0%BB%E9%B1%BA%20%E9%B0%BB%E9%B1%BA%E7%A7%91%20%E9%B1%B8%E9%B0%BB%20&oid=4351709 HTTP/1.1" 200 3515
66.249.79.172 - - [06/Dec/2015:08:21:23 +0800] "GET /content/repository/resource_content.jsp?oid=2564260&queryType=qs&queryString=%E5%BC%B5%E6%96%8C HTTP/1.1" 200 29525
66.249.74.98 - - [06/Dec/2015:08:22:41 +0800] "GET /content/nav/relationSubject.jsp?relationWords=%E6%AD%A6%E8%A1%9B+%E7%82%BA%E8%88%88+%E7%A6%AE%E9%83%A8+%E8%88%88%E6%AD%A6+&oid=2520096 HTTP/1.1" 200 3165
66.249.74.98 - - [06/Dec/2015:08:22:42 +0800] "GET /content/nav/relationSubject.jsp?relationWords=%E6%AD%A6%E8%A1%9B%20%E7%82%BA%E8%88%88%20%E7%A6%AE%E9%83%A8%20%E8%88%88%E6%AD%A6%20&oid=2520096 HTTP/1.1" 200 3165
66.249.74.102 - - [06/Dec/2015:08:23:05 +0800] "GET /content/repository/resource_content.jsp?oid=2149054&queryString=%E5%A0%B1%E6%98%A5%E8%8A%B1%20%E6%A4%8D%E7%89%A9%E7%95%8C%20%E7%8F%A0%E7%A0%82%E6%A0%B9%20%E7%B4%AB%E9%87%91%E7%89%9B%E5%B1%AC%20%E7%B4%AB%E9%87%91%E7%89%9B%E7%A7%91%20%E9%90%B5%E9%9B%A8%E5%82%98 HTTP/1.1" 200 31596
123.125.71.18 - - [06/Dec/2015:08:23:13 +0800] "GET /content/subject/resource_content.jsp?oid=16777769&queryType=qc%3E HTTP/1.1" 200 41381
66.249.79.172 - - [06/Dec/2015:08:23:24 +0800] "GET /content/repository/resource_content.jsp?oid=2635497&queryType=qs&queryString=%E9%84%9C%E5%B7%9E HTTP/1.1" 200 30090
68.180.230.178 - - [06/Dec/2015:08:23:46 +0800] "GET /content/subject/resource_content.jsp?oid=16777491&queryType=qc HTTP/1.1" 200 48846
68.180.228.24 - - [06/Dec/2015:08:23:57 +0800] "GET /digiarch_en/content/subject/resource_content.jsp?oid=16777344&queryType=qc HTTP/1.1" 200 42660
36.236.167.143 - - [06/Dec/2015:08:24:31 +0800] "GET /content/nav/relationSubject.jsp?relationWords=%E5%A4%A7%E8%91%89%E5%B1%B1+%E5%A4%A7%E8%91%89%E5%B1%B1%E6%AC%96+%E5%B1%B1%E6%AC%96+%E6%8B%BC%E6%9D%BF%E8%88%9F+%E9%81%94%E6%82%9F+%E9%81%94%E6%82%9F%E6%97%8F+&oid=16777270 HTTP/1.1" 200 4822
66.249.74.61 - - [06/Dec/2015:08:24:33 +0800] "GET /content/repository/resource_content.jsp?oid=2553070&queryType=qs&queryString=%E5%AE%98%E5%8D%B0 HTTP/1.1" 200 30408
66.249.79.172 - - [06/Dec/2015:08:25:26 +0800] "GET /content/repository/resource_content.jsp?oid=2529584&queryType=qs&queryString=%E9%A6%AC%E5%BF%A0 HTTP/1.1" 200 29258
66.249.74.98 - - [06/Dec/2015:08:25:52 +0800] "GET /content/nav/relationSubject.jsp?relationWords=%E8%BB%8A%E9%A6%AC%E5%99%A8+%E8%BC%BF%E7%9B%A4%E9%A3%BE+&oid=1875759 HTTP/1.1" 200 3060
66.249.74.100 - - [06/Dec/2015:08:25:55 +0800] "GET /content/nav/relationSubject.jsp?relationWords=%E8%BB%8A%E9%A6%AC%E5%99%A8%20%E8%BC%BF%E7%9B%A4%E9%A3%BE%20&oid=1875759 HTTP/1.1" 200 3060
66.249.74.102 - - [06/Dec/2015:08:26:02 +0800] "GET /content/repository/resource_content.jsp?oid=1772929 HTTP/1.1" 200 29952
68.180.230.178 - - [06/Dec/2015:08:27:14 +0800] "GET /content/subject/resource_content.jsp?oid=16777779&queryType=qc HTTP/1.1" 200 37714
66.249.79.172 - - [06/Dec/2015:08:27:26 +0800] "GET /content/repository/resource_content.jsp?oid=2521107&queryType=qs&queryString=%E6%9B%B2%E9%9D%96%E5%BA%9C HTTP/1.1" 200 30064
68.180.230.178 - - [06/Dec/2015:08:27:27 +0800] "GET /content/subject/resource_content.jsp?oid=16777653&queryType=qc HTTP/1.1" 200 57839
