66.249.71.60 - - [21/Feb/2016:05:57:32 +0800] "GET /content/repository/resource_content.jsp?oid=1111493&queryString=%E8%98%AD%E5%B6%BC%E7%BE%85%E6%BC%A2%E6%9D%BE HTTP/1.1" 200 31267
66.249.71.60 - - [21/Feb/2016:05:58:14 +0800] "GET /content/nav/relationSubject.jsp?relationWords=%E5%8F%B0%E7%81%A3%E7%B4%AB%E7%8F%A0+%E6%9D%9C%E8%99%B9%E8%8A%B1+%E7%B4%AB%E7%8F%A0%E5%B1%AC+&oid=1115958 HTTP/1.1" 200 3364
66.249.71.60 - - [21/Feb/2016:05:58:18 +0800] "GET /content/nav/relationSubject.jsp?relationWords=%E5%8F%B0%E7%81%A3%E7%B4%AB%E7%8F%A0%20%E6%9D%9C%E8%99%B9%E8%8A%B1%20%E7%B4%AB%E7%8F%A0%E5%B1%AC%20&oid=1115958 HTTP/1.1" 200 3364
66.249.71.60 - - [21/Feb/2016:05:58:31 +0800] "GET /content/subject/resource_content.jsp?oid=16777630&queryType=qs&queryString=%E8%94%A1%E9%98%BF%E4%BF%A1 HTTP/1.1" 200 65046
66.249.71.60 - - [21/Feb/2016:05:59:30 +0800] "GET /content/subject/resource_content.jsp?oid=16777398 HTTP/1.1" 200 28953
66.249.71.60 - - [21/Feb/2016:06:00:29 +0800] "GET /content/repository/resource_content.jsp?oid=4352813&queryString=%E5%BD%88%E5%A1%97%E9%AD%9A%20%E8%99%8E%E7%A7%91 HTTP/1.1" 200 31030
66.249.71.5 - - [21/Feb/2016:06:01:59 +0800] "GET /digiarch3/content/nav/relationSubject.jsp?relationWords=%E4%B9%9D%E8%8A%8E+%E7%B4%AB%E8%96%87+%E7%B4%AB%E8%96%87%E5%B1%AC+&oid=2145680 HTTP/1.1" 200 4815
66.249.71.14 - - [21/Feb/2016:06:02:00 +0800] "GET /digiarch3/content/nav/relationSubject.jsp?relationWords=%E5%81%A5%E5%BA%B7%E6%A1%88+%E5%9C%8B%E6%A0%A1+%E7%A1%AB%E9%BB%83+&oid=1546709 HTTP/1.1" 200 3442
66.249.71.14 - - [21/Feb/2016:06:02:01 +0800] "GET /digiarch3/content/nav/relationSubject.jsp?relationWords=%E5%81%A5%E5%BA%B7%E6%A1%88%20%E5%9C%8B%E6%A0%A1%20%E7%A1%AB%E9%BB%83%20&oid=1546709 HTTP/1.1" 200 3442
66.249.71.60 - - [21/Feb/2016:06:02:08 +0800] "GET /content/nav/relationSubject.jsp?relationWords=%E4%B9%BE%E7%87%A5%E5%AE%A4+%E7%99%BC%E8%8A%BD+%E7%A8%BB%E8%B0%B7+&oid=1587440 HTTP/1.1" 200 5782
66.249.71.5 - - [21/Feb/2016:06:02:11 +0800] "GET /digiarch3/content/nav/relationSubject.jsp?relationWords=%E4%B9%9D%E8%8A%8E%20%E7%B4%AB%E8%96%87%20%E7%B4%AB%E8%96%87%E5%B1%AC%20&oid=2145680 HTTP/1.1" 200 4815
66.249.71.173 - - [21/Feb/2016:06:02:16 +0800] "GET /content/nav/relationSubject.jsp?relationWords=%E6%99%AF%E9%A0%97%E6%97%8F+%E7%A6%AE%E5%88%80+&oid=4364198 HTTP/1.1" 200 2167
66.249.71.164 - - [21/Feb/2016:06:02:17 +0800] "GET /content/nav/relationSubject.jsp?relationWords=%E6%99%AF%E9%A0%97%E6%97%8F%20%E7%A6%AE%E5%88%80%20&oid=4364198 HTTP/1.1" 200 2167
66.249.77.97 - - [21/Feb/2016:06:02:20 +0800] "GET /content/nav/relationSubject.jsp?relationWords=%E5%BC%B5%E4%BF%8A%E5%AE%8F+%E7%9C%81%E6%94%BF%E5%BA%9C+%E8%88%88%E9%81%94+%E8%A8%B1%E6%96%B0%E6%9E%9D+%E8%AD%B0%E9%95%B7+%E9%AB%98%E9%9B%84%E7%B8%A3%E6%94%BF%E5%BA%9C+%E9%B9%BD%E5%B7%A5+%E9%B9%BD%E7%81%98+&oid=1899727 HTTP/1.1" 200 4777
66.249.77.91 - - [21/Feb/2016:06:02:22 +0800] "GET /content/nav/relationSubject.jsp?relationWords=%E5%BC%B5%E4%BF%8A%E5%AE%8F%20%E7%9C%81%E6%94%BF%E5%BA%9C%20%E8%88%88%E9%81%94%20%E8%A8%B1%E6%96%B0%E6%9E%9D%20%E8%AD%B0%E9%95%B7%20%E9%AB%98%E9%9B%84%E7%B8%A3%E6%94%BF%E5%BA%9C%20%E9%B9%BD%E5%B7%A5%20%E9%B9%BD%E7%81%98%20&oid=1899727 HTTP/1.1" 200 4777
66.249.71.60 - - [21/Feb/2016:06:02:27 +0800] "GET /content/subject/resource_content.jsp?oid=16777287&queryType=qc HTTP/1.1" 200 33601
66.249.79.24 - - [21/Feb/2016:06:02:27 +0800] "GET /content/nav/relationSubject.jsp?relationWords=%E6%A4%8D%E7%89%A9%E7%95%8C+%E8%98%BF%E8%97%A6%E7%A7%91+%E9%A2%A8%E4%B8%8D%E5%8B%95%E5%B1%AC+%E9%BE%8D%E8%86%BD+&oid=3813231 HTTP/1.1" 200 3512
66.249.77.85 - - [21/Feb/2016:06:02:30 +0800] "GET /content/nav/relationSubject.jsp?relationWords=%E6%A4%8D%E7%89%A9%E7%95%8C%20%E8%98%BF%E8%97%A6%E7%A7%91%20%E9%A2%A8%E4%B8%8D%E5%8B%95%E5%B1%AC%20%E9%BE%8D%E8%86%BD%20&oid=3813231 HTTP/1.1" 200 3512
66.249.71.5 - - [21/Feb/2016:06:02:37 +0800] "GET /digiarch3/content/nav/relationSubject.jsp?relationWords=%E5%85%AB%E7%88%BA+%E5%BA%9C%E5%BB%BA%E6%B0%B4+%E6%8E%92%E6%B0%B4%E5%B7%A5%E7%A8%8B+%E6%B0%B4%E5%AD%97+%E6%BD%AE%E5%B7%9E%E9%8E%AE+%E7%9C%81%E6%94%BF%E5%BA%9C+&oid=1622264 HTTP/1.1" 200 4382
66.249.71.5 - - [21/Feb/2016:06:02:39 +0800] "GET /digiarch3/content/nav/relationSubject.jsp?relationWords=%E5%85%AB%E7%88%BA%20%E5%BA%9C%E5%BB%BA%E6%B0%B4%20%E6%8E%92%E6%B0%B4%E5%B7%A5%E7%A8%8B%20%E6%B0%B4%E5%AD%97%20%E6%BD%AE%E5%B7%9E%E9%8E%AE%20%E7%9C%81%E6%94%BF%E5%BA%9C%20&oid=1622264 HTTP/1.1" 200 4382
66.249.71.60 - - [21/Feb/2016:06:03:26 +0800] "GET /content/repository/resource_content.jsp?oid=15002&queryString=%E8%B5%A4%E7%9F%B3%E6%96%91%E9%AD%9A%20%E9%AE%A8%E7%A7%91 HTTP/1.1" 200 35087
66.249.71.60 - - [21/Feb/2016:06:03:42 +0800] "GET /content/nav/relationSubject.jsp?relationWords=%E7%AA%84%E5%90%BB%E8%85%94%E5%90%BB%E9%B1%88+%E9%BC%A0%E5%B0%BE%E9%B1%88%E7%A7%91+&oid=21633 HTTP/1.1" 200 3256
66.249.71.60 - - [21/Feb/2016:06:03:45 +0800] "GET /content/nav/relationSubject.jsp?relationWords=%E7%AA%84%E5%90%BB%E8%85%94%E5%90%BB%E9%B1%88%20%E9%BC%A0%E5%B0%BE%E9%B1%88%E7%A7%91%20&oid=21633 HTTP/1.1" 200 3256
66.249.71.121 - - [21/Feb/2016:06:04:58 +0800] "GET /content/nav/relationSubject.jsp?relationWords=%E7%A7%BB%E9%80%81+&oid=2518480 HTTP/1.1" 200 3096
66.249.71.121 - - [21/Feb/2016:06:05:02 +0800] "GET /content/nav/relationSubject.jsp?relationWords=%E7%A7%BB%E9%80%81%20&oid=2518480 HTTP/1.1" 200 3096
66.249.71.173 - - [21/Feb/2016:06:05:24 +0800] "GET /content/repository/resource_content.jsp?oid=200341&queryString=%E4%B8%AD%E5%9C%8B%E5%A4%A7%E9%99%B8%E5%9C%B0%E5%9C%96%20%E8%96%A9%E6%8B%89%E9%BD%8A%E7%B8%A3 HTTP/1.1" 200 30154
66.249.71.64 - - [21/Feb/2016:06:05:43 +0800] "GET /content/nav/relationSubject.jsp?relationWords=%E4%BA%8C%E6%9E%97+%E5%9C%B0%E6%AC%8A+%E5%B9%B3%E5%9F%94%E6%97%8F+%E5%B9%B3%E5%9F%94%E6%97%8F%E7%BE%A4+%E6%BC%A2%E5%8C%96+&oid=1773427 HTTP/1.1" 200 5199
66.249.71.60 - - [21/Feb/2016:06:05:46 +0800] "GET /content/nav/relationSubject.jsp?relationWords=%E4%BA%8C%E6%9E%97%20%E5%9C%B0%E6%AC%8A%20%E5%B9%B3%E5%9F%94%E6%97%8F%20%E5%B9%B3%E5%9F%94%E6%97%8F%E7%BE%A4%20%E6%BC%A2%E5%8C%96%20&oid=1773427 HTTP/1.1" 200 5199
66.249.71.72 - - [21/Feb/2016:06:06:23 +0800] "GET /content/repository/resource_content.jsp?oid=1571432&queryString=%E4%BA%8C%E4%BA%8C%E5%BA%9C HTTP/1.1" 200 30608
66.249.71.173 - - [21/Feb/2016:06:06:58 +0800] "GET /content/nav/relationSubject.jsp?relationWords=%E5%96%AE%E8%89%B2%E6%97%A5%E8%A3%BD+%E7%B6%8F%E9%81%A0%E5%9C%B0%E5%8D%80+%E8%96%A9%E6%8B%89%E9%BD%8A%E7%B8%A3+&oid=200341 HTTP/1.1" 200 3194
66.249.71.164 - - [21/Feb/2016:06:07:01 +0800] "GET /content/nav/relationSubject.jsp?relationWords=%E5%96%AE%E8%89%B2%E6%97%A5%E8%A3%BD%20%E7%B6%8F%E9%81%A0%E5%9C%B0%E5%8D%80%20%E8%96%A9%E6%8B%89%E9%BD%8A%E7%B8%A3%20&oid=200341 HTTP/1.1" 200 3194
66.249.71.14 - - [21/Feb/2016:06:07:22 +0800] "GET /digiarch3/content/repository/resource_content.jsp?oid=1636803&queryString=%E7%99%BD%E6%98%9F%E8%9E%BA%20%E8%85%B9%E8%B6%B3%E7%B6%B1%20%E8%A0%91%E8%9E%BA%E7%A7%91 HTTP/1.1" 200 31955
40.77.167.77 - - [21/Feb/2016:06:08:10 +0800] "GET /content/subject/resource_content.jsp?oid=16777469&queryType=qc HTTP/1.1" 200 31173
66.249.77.97 - - [21/Feb/2016:06:08:21 +0800] "GET /content/subject/resource_content.jsp?oid=16777273&queryType=qs&queryString=%E6%96%87%E7%89%A9%E9%99%B3%E5%88%97%E9%A4%A8 HTTP/1.1" 200 38330
66.249.71.155 - - [21/Feb/2016:06:08:23 +0800] "GET /content/nav/relationSubject.jsp?relationWords=%E7%A3%A8%E8%A3%BD%E7%9F%B3%E9%8F%83+&oid=4411563 HTTP/1.1" 200 3009
66.249.71.155 - - [21/Feb/2016:06:08:25 +0800] "GET /content/nav/relationSubject.jsp?relationWords=%E7%A3%A8%E8%A3%BD%E7%9F%B3%E9%8F%83%20&oid=4411563 HTTP/1.1" 200 3009
88.169.144.33 - - [21/Feb/2016:06:09:18 +0800] "GET /content/repository/resource_content.jsp?oid=817411&queryString=%E6%B2%88%E5%B4%87 HTTP/1.1" 200 28286
88.169.144.33 - - [21/Feb/2016:06:09:20 +0800] "GET /content/nav/relationSubject.jsp?relationWords=%E6%B2%88%E5%B4%87+&oid=817411 HTTP/1.1" 200 3071
66.249.71.60 - - [21/Feb/2016:06:09:20 +0800] "GET /content/repository/resource_content.jsp?oid=1112822&queryString=%E6%97%A5%E6%9C%AC%E9%9B%99%E8%91%89%E8%98%AD%20%E6%A4%8D%E7%89%A9%E7%95%8C%20%E9%9B%99%E8%91%89%E8%98%AD%E5%B1%AC HTTP/1.1" 200 30541
66.249.71.64 - - [21/Feb/2016:06:09:36 +0800] "GET /content/nav/relationSubject.jsp?relationWords=%E6%97%A5%E6%9C%AC%E9%9B%99%E8%91%89%E8%98%AD+%E9%9B%99%E8%91%89%E8%98%AD%E5%B1%AC+&oid=1112822 HTTP/1.1" 200 3141
66.249.71.60 - - [21/Feb/2016:06:09:39 +0800] "GET /content/nav/relationSubject.jsp?relationWords=%E6%97%A5%E6%9C%AC%E9%9B%99%E8%91%89%E8%98%AD%20%E9%9B%99%E8%91%89%E8%98%AD%E5%B1%AC%20&oid=1112822 HTTP/1.1" 200 3141
88.169.144.33 - - [21/Feb/2016:06:09:42 +0800] "GET /content/repository/resource_content.jsp?oid=1516989&queryString=%E6%B2%88%E5%B4%87 HTTP/1.1" 200 28939
88.169.144.33 - - [21/Feb/2016:06:09:43 +0800] "GET /content/nav/relationSubject.jsp?relationWords=%E4%BF%9D%E5%AE%89%E5%8F%B8+%E5%8F%B8%E4%BB%A4%E9%83%A8+%E6%B2%88%E5%B4%87+%E8%87%BA%E5%8C%97%E5%B8%82+%E8%87%BA%E7%81%A3%E7%9C%81+%E8%87%BA%E7%81%A3%E7%9C%81%E5%8F%83%E8%AD%B0%E6%9C%83+&oid=1516989 HTTP/1.1" 200 4737
66.249.71.64 - - [21/Feb/2016:06:10:19 +0800] "GET /content/repository/resource_content.jsp?oid=1548850&queryString=%E4%BA%94%E7%B5%90%E9%84%89%20%E5%B9%B3%E4%BA%A4%E9%81%93%20%E7%94%A2%E6%A5%AD%E9%81%93%E8%B7%AF%20%E8%B2%A8%E8%BB%8A HTTP/1.1" 200 29299
66.249.71.60 - - [21/Feb/2016:06:10:44 +0800] "GET /content/nav/relationSubject.jsp?relationWords=%E5%85%89%E5%B1%B1+%E5%AE%89%E5%85%A8%E6%A1%88+%E5%B9%B3%E4%BA%A4%E9%81%93+%E9%90%B5%E8%B7%AF%E5%B1%80+%E9%B6%AF%E6%AD%8C%E9%8E%AE+&oid=1548850 HTTP/1.1" 200 3486
66.249.71.60 - - [21/Feb/2016:06:10:52 +0800] "GET /digiarch_en/content/nav/relationSubject.jsp?relationWords=%E6%80%9D%E6%83%B3+%E7%A4%BE%E6%9C%83%E5%AD%B8+&oid=4490725 HTTP/1.1" 200 6456
66.249.71.60 - - [21/Feb/2016:06:10:54 +0800] "GET /digiarch_en/content/nav/relationSubject.jsp?relationWords=%E6%80%9D%E6%83%B3%20%E7%A4%BE%E6%9C%83%E5%AD%B8%20&oid=4490725 HTTP/1.1" 200 6456
66.249.71.60 - - [21/Feb/2016:06:10:57 +0800] "GET /content/nav/relationSubject.jsp?relationWords=%E5%85%89%E5%B1%B1%20%E5%AE%89%E5%85%A8%E6%A1%88%20%E5%B9%B3%E4%BA%A4%E9%81%93%20%E9%90%B5%E8%B7%AF%E5%B1%80%20%E9%B6%AF%E6%AD%8C%E9%8E%AE%20&oid=1548850 HTTP/1.1" 200 3486
66.249.71.60 - - [21/Feb/2016:06:11:18 +0800] "GET /content/repository/resource_content.jsp?oid=1773034&queryString=%E5%8F%B0%E7%81%A3%E7%B5%B2%E5%B0%BE%E6%B5%B7%E9%B0%BB%20%E6%B5%B7%E9%B0%BB%E7%A7%91%20%E9%B1%B7%E9%A0%AD%E9%B0%BB HTTP/1.1" 200 30320
66.249.71.60 - - [21/Feb/2016:06:12:17 +0800] "GET /content/repository/resource_content.jsp?oid=1589281&queryString=%E5%9C%8B%E5%9C%96 HTTP/1.1" 200 29798
66.249.71.60 - - [21/Feb/2016:06:12:29 +0800] "GET /content/nav/relationSubject.jsp?relationWords=%E5%9C%8B%E5%9C%96+%E5%AF%86%E9%86%AB+%E5%B7%A5%E6%A5%AD%E5%8C%96+%E7%A4%BE%E6%9C%83%E7%A6%8F%E5%88%A9+%E8%8E%8A%E6%95%AC%E8%87%AA%E5%BC%B7+%E8%B2%A7%E7%AA%AE+%E8%BE%B2%E6%B0%91%E7%94%9F%E6%B4%BB+%E9%86%AB%E5%B8%AB%E6%B3%95+&oid=1589281 HTTP/1.1" 200 4146
66.249.71.60 - - [21/Feb/2016:06:12:34 +0800] "GET /content/nav/relationSubject.jsp?relationWords=%E5%9C%8B%E5%9C%96%20%E5%AF%86%E9%86%AB%20%E5%B7%A5%E6%A5%AD%E5%8C%96%20%E7%A4%BE%E6%9C%83%E7%A6%8F%E5%88%A9%20%E8%8E%8A%E6%95%AC%E8%87%AA%E5%BC%B7%20%E8%B2%A7%E7%AA%AE%20%E8%BE%B2%E6%B0%91%E7%94%9F%E6%B4%BB%20%E9%86%AB%E5%B8%AB%E6%B3%95%20&oid=1589281 HTTP/1.1" 200 4146
66.249.71.60 - - [21/Feb/2016:06:12:58 +0800] "GET /content/nav/relationSubject.jsp?relationWords=%E6%9C%9B%E6%B1%9F%E5%8D%97%20%E6%A4%8D%E7%89%A9%E7%95%8C%20%E6%B1%BA%E6%98%8E%E5%B1%AC%20%E8%A0%B6%E8%B1%86%20%E9%9B%99%E5%AD%90%E8%91%89%E6%A4%8D%E7%89%A9%20&oid=2151989 HTTP/1.1" 200 3380
66.249.71.60 - - [21/Feb/2016:06:13:16 +0800] "GET /content/repository/resource_content.jsp?oid=1098470&queryString=%E5%B7%B4%E9%99%B5%20%E5%B7%B4%E9%99%B5%E7%9F%B3%E7%AB%B9%20%E6%A4%8D%E7%89%A9%E7%95%8C%20%E7%9F%B3%E7%AB%B9%20%E7%9F%B3%E7%AB%B9%E5%B1%AC%20%E7%9F%B3%E7%AB%B9%E7%A7%91%20%E7%AB%B9%E7%A7%91 HTTP/1.1" 200 31115
66.249.71.60 - - [21/Feb/2016:06:14:15 +0800] "GET /content/repository/resource_content.jsp?oid=1530058&queryString=%E5%8F%83%E8%AD%B0%E6%9C%83%20%E6%B1%9F%E6%A0%B9%E8%94%AD%20%E8%87%BA%E5%8C%97%E5%B8%82%20%E8%87%BA%E7%81%A3%E7%9C%81%20%E8%87%BA%E7%81%A3%E7%9C%81%E5%8F%83%E8%AD%B0%E6%9C%83 HTTP/1.1" 200 31585
51.255.65.41 - - [21/Feb/2016:06:14:40 +0800] "GET /content/subject/resource_content.jsp?oid=16777840&queryType=qc HTTP/1.1" 200 40641
66.249.77.97 - - [21/Feb/2016:06:15:14 +0800] "GET /content/repository/resource_content.jsp?oid=15454&queryString=%E8%B5%A6%E9%AE%B8%20%E9%AB%98%E8%BA%AB%E9%8F%9F%E9%A0%9C%E9%AD%9A%20%E9%AB%98%E9%AB%94%E7%99%BD%E7%94%B2%E9%AD%9A%20%E9%AE%B8%E4%BB%94%20%E9%AF%89%E7%A7%91 HTTP/1.1" 200 36647
66.249.71.60 - - [21/Feb/2016:06:15:28 +0800] "GET /content/nav/relationSubject.jsp?relationWords=%E5%8F%B0%E7%81%A3%E7%B5%B2%E5%B0%BE%E6%B5%B7%E9%B0%BB+%E6%B5%B7%E9%B0%BB%E7%A7%91+&oid=1773034 HTTP/1.1" 200 3224
66.249.71.60 - - [21/Feb/2016:06:15:31 +0800] "GET /content/nav/relationSubject.jsp?relationWords=%E5%8F%B0%E7%81%A3%E7%B5%B2%E5%B0%BE%E6%B5%B7%E9%B0%BB%20%E6%B5%B7%E9%B0%BB%E7%A7%91%20&oid=1773034 HTTP/1.1" 200 3224
66.249.71.60 - - [21/Feb/2016:06:16:13 +0800] "GET /content/repository/resource_content.jsp?oid=3815039&queryString=%E6%A4%8D%E7%89%A9%E7%95%8C%20%E7%B4%B0%E8%91%89%E5%89%AA%E5%88%80%E8%82%A1%20%E8%8B%A6%E8%97%9A%E8%8F%9C%E5%B1%AC%20%E8%8F%8A%E7%A7%91%20%E9%9B%99%E5%AD%90%E8%91%89%E6%A4%8D%E7%89%A9 HTTP/1.1" 200 31322
66.249.71.60 - - [21/Feb/2016:06:16:49 +0800] "GET /content/nav/relationSubject.jsp?relationWords=%E5%9C%8B%E5%9C%96+%E5%B9%B4%E9%91%91+&oid=1078169 HTTP/1.1" 200 3164
66.249.74.98 - - [21/Feb/2016:06:16:51 +0800] "GET /content/nav/relationSubject.jsp?relationWords=%E5%9C%8B%E5%9C%96%20%E5%B9%B4%E9%91%91%20&oid=1078169 HTTP/1.1" 200 3164
66.249.71.60 - - [21/Feb/2016:06:17:12 +0800] "GET /content/repository/resource_content.jsp?oid=1781101&queryString=%E7%9B%9B%E5%85%B7%20%E9%9B%85%E7%BE%8E%20%E9%9B%85%E7%BE%8E%E6%97%8F%20%E9%AD%9A%E9%89%A4%E7%9B%92 HTTP/1.1" 200 28664
131.253.25.235 - - [21/Feb/2016:06:17:34 +0800] "GET /content/nav/relationSubject.jsp?relationWords=%E5%A4%9A%E6%A8%A3%E6%80%A7+%E7%A5%9E%E7%A5%AD+%E8%B2%9D%E5%A1%9A+%E8%B2%9D%E7%A5%9E+%E9%84%92%E6%97%8F+&oid=16777484 HTTP/1.1" 200 7500
66.249.71.60 - - [21/Feb/2016:06:17:50 +0800] "GET /content/nav/relationSubject.jsp?relationWords=%E7%9B%9B%E5%85%B7+%E9%99%B6%E5%A3%BA+&oid=1782066 HTTP/1.1" 200 3006
66.249.71.60 - - [21/Feb/2016:06:17:52 +0800] "GET /content/nav/relationSubject.jsp?relationWords=%E7%9B%9B%E5%85%B7%20%E9%99%B6%E5%A3%BA%20&oid=1782066 HTTP/1.1" 200 3006
66.249.71.60 - - [21/Feb/2016:06:19:07 +0800] "GET /digiarch_en/content/nav/relationSubject.jsp?relationWords=%E6%9D%9C%E9%B5%91+&oid=16777397 HTTP/1.1" 200 4606
66.249.71.60 - - [21/Feb/2016:06:19:09 +0800] "GET /digiarch_en/content/nav/relationSubject.jsp?relationWords=%E6%9D%9C%E9%B5%91%20&oid=16777397 HTTP/1.1" 200 4606
66.249.77.97 - - [21/Feb/2016:06:19:11 +0800] "GET /content/repository/resource_content.jsp?oid=670022&queryString=%E4%BA%A4%E6%B6%89%E5%93%A1%20%E4%BA%BA%E5%90%8D%E6%AC%8A%E5%A8%81%20%E9%9B%BB%E7%A8%BF HTTP/1.1" 200 29039
66.249.77.91 - - [21/Feb/2016:06:20:03 +0800] "GET /content/nav/relationSubject.jsp?relationWords=&oid=16777430 HTTP/1.1" 200 1405
66.249.77.85 - - [21/Feb/2016:06:20:09 +0800] "GET /content/repository/resource_content.jsp?oid=1899469&queryString=%E7%99%BC%E8%8A%BD%20%E8%95%83%E8%8C%84 HTTP/1.1" 200 30007
66.249.74.72 - - [21/Feb/2016:06:21:55 +0800] "GET /digiarch3/content/nav/relationSubject.jsp?relationWords=%E4%BA%8C%E8%89%B2%E9%B0%BB+%E7%9F%AD%E9%B0%AD+%E7%9F%AD%E9%B0%AD%E9%B0%BB+%E9%B0%BB%E9%B1%BA+%E9%B0%BB%E9%B1%BA%E7%A7%91+&oid=4351707 HTTP/1.1" 200 3599
66.249.71.5 - - [21/Feb/2016:06:21:59 +0800] "GET /digiarch3/content/nav/relationSubject.jsp?relationWords=%E4%BA%8C%E8%89%B2%E9%B0%BB%20%E7%9F%AD%E9%B0%AD%20%E7%9F%AD%E9%B0%AD%E9%B0%BB%20%E9%B0%BB%E9%B1%BA%20%E9%B0%BB%E9%B1%BA%E7%A7%91%20&oid=4351707 HTTP/1.1" 200 3599
66.249.71.64 - - [21/Feb/2016:06:22:07 +0800] "GET /digiarch_en/content/repository/resource_content.jsp?oid=1584354&queryString=%E5%85%AD%E5%BA%9C%20%E6%9C%88%E5%8F%B0%20%E7%9C%8B%E6%9D%BF HTTP/1.1" 200 23270
66.249.77.97 - - [21/Feb/2016:06:23:11 +0800] "GET /content/repository/resource_content.jsp?oid=2674969&queryType=qs&queryString=%E9%8C%A2%E7%A9%80 HTTP/1.1" 200 29976
66.249.71.64 - - [21/Feb/2016:06:23:12 +0800] "GET /content/nav/relationSubject.jsp?relationWords=%E6%9B%B2%E8%8E%96%E8%98%AD+%E6%A4%8D%E7%89%A9%E7%95%8C+%E7%88%B5%E5%BA%8A%E7%A7%91+%E7%8E%84%E5%8F%83+%E8%98%AD%E5%B5%8C%E9%A6%AC%E8%97%8D+&oid=1099184 HTTP/1.1" 200 3474
66.249.71.64 - - [21/Feb/2016:06:23:17 +0800] "GET /digiarch_en/content/nav/relationSubject.jsp?relationWords=%E5%85%AD%E5%BA%9C%E6%95%99+%E5%87%BA%E5%9C%8B%E9%80%B2%E4%BF%AE+%E7%A7%91%E5%AD%B8%E6%95%99%E8%82%B2+&oid=1584354 HTTP/1.1" 200 3855
66.249.74.100 - - [21/Feb/2016:06:23:18 +0800] "GET /content/nav/relationSubject.jsp?relationWords=%E6%9B%B2%E8%8E%96%E8%98%AD%20%E6%A4%8D%E7%89%A9%E7%95%8C%20%E7%88%B5%E5%BA%8A%E7%A7%91%20%E7%8E%84%E5%8F%83%20%E8%98%AD%E5%B5%8C%E9%A6%AC%E8%97%8D%20&oid=1099184 HTTP/1.1" 200 3474
66.249.71.60 - - [21/Feb/2016:06:23:20 +0800] "GET /digiarch_en/content/nav/relationSubject.jsp?relationWords=%E5%85%AD%E5%BA%9C%E6%95%99%20%E5%87%BA%E5%9C%8B%E9%80%B2%E4%BF%AE%20%E7%A7%91%E5%AD%B8%E6%95%99%E8%82%B2%20&oid=1584354 HTTP/1.1" 200 3855
66.249.71.5 - - [21/Feb/2016:06:23:38 +0800] "GET /digiarch3/content/nav/relationSubject.jsp?relationWords=%E5%AF%AC%E7%B4%8B%E8%99%8E%E9%AF%8A+%E6%97%A5%E6%9C%AC%E7%95%B0%E9%BD%92%E9%AE%AB+%E7%95%B0%E9%BD%92%E9%AE%AB+%E8%99%8E%E6%B2%99+%E8%99%8E%E9%AF%8A+%E8%A7%92%E9%AF%8A+&oid=14063 HTTP/1.1" 200 3634
66.249.71.5 - - [21/Feb/2016:06:23:43 +0800] "GET /digiarch3/content/nav/relationSubject.jsp?relationWords=%E5%AF%AC%E7%B4%8B%E8%99%8E%E9%AF%8A%20%E6%97%A5%E6%9C%AC%E7%95%B0%E9%BD%92%E9%AE%AB%20%E7%95%B0%E9%BD%92%E9%AE%AB%20%E8%99%8E%E6%B2%99%20%E8%99%8E%E9%AF%8A%20%E8%A7%92%E9%AF%8A%20&oid=14063 HTTP/1.1" 200 3634
40.77.167.77 - - [21/Feb/2016:06:24:03 +0800] "GET /content/repository/resource_content.jsp?oid=1532676 HTTP/1.1" 200 28503
66.249.71.60 - - [21/Feb/2016:06:24:05 +0800] "GET /content/repository/resource_content.jsp?oid=1517384 HTTP/1.1" 200 28605
66.249.77.85 - - [21/Feb/2016:06:25:01 +0800] "GET /content/nav/relationSubject.jsp?relationWords=%E9%8A%80%E4%BA%8B+%E9%8C%A2%E6%96%87+%E9%96%A9%E6%B5%99%E7%B8%BD%E7%9D%A3+&oid=2573973 HTTP/1.1" 200 3190
66.249.77.91 - - [21/Feb/2016:06:25:02 +0800] "GET /content/nav/relationSubject.jsp?relationWords=%E9%8A%80%E4%BA%8B%20%E9%8C%A2%E6%96%87%20%E9%96%A9%E6%B5%99%E7%B8%BD%E7%9D%A3%20&oid=2573973 HTTP/1.1" 200 3190
66.249.71.64 - - [21/Feb/2016:06:25:04 +0800] "GET /content/repository/resource_content.jsp?oid=1773110 HTTP/1.1" 200 29660
66.249.71.105 - - [21/Feb/2016:06:25:40 +0800] "GET /content/nav/relationSubject.jsp?relationWords=%E5%B1%B1%E7%BE%8A%E8%A7%92+%E9%9B%85%E7%BE%8E%E6%97%8F+&oid=1781113 HTTP/1.1" 200 2962
66.249.71.105 - - [21/Feb/2016:06:25:47 +0800] "GET /content/nav/relationSubject.jsp?relationWords=%E5%B1%B1%E7%BE%8A%E8%A7%92%20%E9%9B%85%E7%BE%8E%E6%97%8F%20&oid=1781113 HTTP/1.1" 200 2962
66.249.71.60 - - [21/Feb/2016:06:26:05 +0800] "GET /content/repository/resource_content.jsp?oid=1775451&queryString=%E8%A6%96%E8%A6%BA HTTP/1.1" 200 37207
66.249.77.97 - - [21/Feb/2016:06:27:02 +0800] "GET /content/subject/resource_content.jsp?oid=16777620&queryType=qs&queryString=%E8%94%A1%E5%9F%B9%E7%81%AB HTTP/1.1" 200 54803
66.249.71.64 - - [21/Feb/2016:06:29:39 +0800] "GET /content/nav/relationSubject.jsp?relationWords=%E6%87%B8%E9%89%A4%E5%AD%90%E5%B1%AC+%E6%A3%95%E7%B4%85%E6%87%B8%E9%89%A4%E5%AD%90+%E6%A4%8D%E7%89%A9%E7%95%8C+%E8%96%94%E8%96%87%E7%9B%AE+%E8%96%94%E8%96%87%E7%A7%91+&oid=2142559 HTTP/1.1" 200 3375
66.249.71.64 - - [21/Feb/2016:06:29:42 +0800] "GET /content/nav/relationSubject.jsp?relationWords=%E6%87%B8%E9%89%A4%E5%AD%90%E5%B1%AC%20%E6%A3%95%E7%B4%85%E6%87%B8%E9%89%A4%E5%AD%90%20%E6%A4%8D%E7%89%A9%E7%95%8C%20%E8%96%94%E8%96%87%E7%9B%AE%20%E8%96%94%E8%96%87%E7%A7%91%20&oid=2142559 HTTP/1.1" 200 3375
66.249.71.60 - - [21/Feb/2016:06:29:59 +0800] "GET /content/repository/resource_content.jsp?oid=1622091 HTTP/1.1" 200 28813
66.249.71.60 - - [21/Feb/2016:06:30:06 +0800] "GET /content/nav/relationSubject.jsp?relationWords=%E6%A4%8D%E7%89%A9%E7%95%8C+%E7%83%8F%E6%96%82%E8%8E%93+%E8%91%A1%E8%90%84%E7%A7%91+%E8%99%8E%E8%91%9B+%E8%99%8E%E8%91%9B%E5%B1%AC+%E9%BC%A0%E6%9D%8E+&oid=3819839 HTTP/1.1" 200 3406
66.249.71.60 - - [21/Feb/2016:06:30:09 +0800] "GET /content/nav/relationSubject.jsp?relationWords=%E6%A4%8D%E7%89%A9%E7%95%8C%20%E7%83%8F%E6%96%82%E8%8E%93%20%E8%91%A1%E8%90%84%E7%A7%91%20%E8%99%8E%E8%91%9B%20%E8%99%8E%E8%91%9B%E5%B1%AC%20%E9%BC%A0%E6%9D%8E%20&oid=3819839 HTTP/1.1" 200 3406
66.249.71.60 - - [21/Feb/2016:06:30:58 +0800] "GET /content/subject/resource_content.jsp?oid=16777303&queryType=qs&queryString=%E6%9E%97%E5%8B%99%E5%B1%80 HTTP/1.1" 200 34939
66.249.71.14 - - [21/Feb/2016:06:31:10 +0800] "GET /digiarch3/content/nav/relationSubject.jsp?relationWords=%E5%90%88%E5%BA%AB+%E5%94%90%E6%A6%AE+%E5%9B%BA%E5%AE%9A%E8%B3%87%E7%94%A2+%E7%9C%81%E7%87%9F%E4%BA%8B%E6%A5%AD+%E7%B6%9C%E5%90%88%E9%A0%90%E7%AE%97+%E8%87%BA%E7%81%A3%E7%9C%81+%E8%87%BA%E7%81%A3%E7%9C%81%E6%94%BF%E5%BA%9C+%E8%87%BA%E9%8A%80+%E8%AA%BF%E6%9F%A5%E7%A0%94%E7%A9%B6+%E9%A0%90%E7%AE%97+&oid=1900398 HTTP/1.1" 200 4937
66.249.71.5 - - [21/Feb/2016:06:31:13 +0800] "GET /digiarch3/content/nav/relationSubject.jsp?relationWords=%E5%90%88%E5%BA%AB%20%E5%94%90%E6%A6%AE%20%E5%9B%BA%E5%AE%9A%E8%B3%87%E7%94%A2%20%E7%9C%81%E7%87%9F%E4%BA%8B%E6%A5%AD%20%E7%B6%9C%E5%90%88%E9%A0%90%E7%AE%97%20%E8%87%BA%E7%81%A3%E7%9C%81%20%E8%87%BA%E7%81%A3%E7%9C%81%E6%94%BF%E5%BA%9C%20%E8%87%BA%E9%8A%80%20%E8%AA%BF%E6%9F%A5%E7%A0%94%E7%A9%B6%20%E9%A0%90%E7%AE%97%20&oid=1900398 HTTP/1.1" 200 4937
66.249.74.98 - - [21/Feb/2016:06:31:58 +0800] "GET /digiarch_en/content/repository/resource_content.jsp?oid=4363715&queryType=qs&queryString=%E8%9A%A9%E5%B0%A4 HTTP/1.1" 200 22905
66.249.71.60 - - [21/Feb/2016:06:32:48 +0800] "GET /content/nav/relationSubject.jsp?relationWords=%E8%87%BA%E7%81%A3%E7%9C%81%E7%A4%BE%E6%9C%83%E8%99%95+%E8%AC%9D%E8%B2%B4+&oid=1895526 HTTP/1.1" 200 4814
66.249.74.98 - - [21/Feb/2016:06:32:50 +0800] "GET /content/nav/relationSubject.jsp?relationWords=%E8%87%BA%E7%81%A3%E7%9C%81%E7%A4%BE%E6%9C%83%E8%99%95%20%E8%AC%9D%E8%B2%B4%20&oid=1895526 HTTP/1.1" 200 4814
66.249.77.85 - - [21/Feb/2016:06:32:56 +0800] "GET /content/subject/resource_content.jsp?oid=16777485&queryType=qc HTTP/1.1" 200 39423
66.249.71.5 - - [21/Feb/2016:06:32:59 +0800] "GET /content/nav/relationSubject.jsp?relationWords=%E4%B8%89%E4%BA%95%E7%89%A9%E7%94%A2+%E7%99%BD%E9%8C%8F+&oid=619532 HTTP/1.1" 200 3114
66.249.71.14 - - [21/Feb/2016:06:33:08 +0800] "GET /content/nav/relationSubject.jsp?relationWords=%E4%B8%89%E4%BA%95%E7%89%A9%E7%94%A2%20%E7%99%BD%E9%8C%8F%20&oid=619532 HTTP/1.1" 200 3114
68.180.228.24 - - [21/Feb/2016:06:33:32 +0800] "GET /content/subject/resource_content.jsp?oid=16797239&queryType=qc HTTP/1.1" 200 44010
66.249.71.5 - - [21/Feb/2016:06:34:55 +0800] "GET /content/subject/resource_content.jsp?oid=16777736&queryString=%E6%9D%9C%E9%B5%91 HTTP/1.1" 200 42976
157.55.39.200 - - [21/Feb/2016:06:34:57 +0800] "GET /content/repository/resource_content.jsp?oid=3813751&queryString=%E5%8F%B0%E7%81%A3%E9%87%8E%E8%96%84%E8%8D%B7%20%E5%94%87%E5%BD%A2%E7%A7%91%20%E6%A4%8D%E7%89%A9%E7%95%8C%20%E8%96%84%E8%8D%B7%20%E9%87%8E%E8%96%84%E8%8D%B7%E5%B1%AC%20%E9%9B%99%E5%AD%90%E8%91%89%E6%A4%8D%E7%89%A9 HTTP/1.1" 200 31367
66.249.71.60 - - [21/Feb/2016:06:35:13 +0800] "GET /content/nav/relationSubject.jsp?relationWords=%E7%B4%AB%E8%8F%80%E5%B1%AC+&oid=1100469 HTTP/1.1" 200 2954
66.249.71.60 - - [21/Feb/2016:06:35:16 +0800] "GET /content/nav/relationSubject.jsp?relationWords=%E7%B4%AB%E8%8F%80%E5%B1%AC%20&oid=1100469 HTTP/1.1" 200 2954
40.77.167.77 - - [21/Feb/2016:06:36:06 +0800] "GET /content/nav/relationSubject.jsp?relationWords=&oid=16777542 HTTP/1.1" 200 1405
66.249.71.60 - - [21/Feb/2016:06:39:50 +0800] "GET /content/repository/resource_content.jsp?oid=1461609&queryString=%E5%BD%8E%E9%BE%8D%E9%AA%A8%20%E5%BD%8E%E9%BE%8D%E9%AA%A8%E5%B1%AC%20%E6%A4%8D%E7%89%A9%E7%95%8C%20%E8%A0%B6%E8%B1%86%20%E9%9B%99%E5%AD%90%E8%91%89%E6%A4%8D%E7%89%A9 HTTP/1.1" 200 31750
66.249.71.60 - - [21/Feb/2016:06:40:49 +0800] "GET /content/repository/resource_content.jsp?oid=15416&queryString=%E8%B5%A4%E5%B0%BE%E5%86%AC%20%E9%87%91%E7%B7%9A%E9%AD%9A%20%E9%87%91%E7%B7%9A%E9%AD%9A%E7%A7%91 HTTP/1.1" 200 35479
66.249.71.72 - - [21/Feb/2016:06:41:08 +0800] "GET /content/nav/relationSubject.jsp?relationWords=%E8%99%B9%E8%89%B2%E9%87%91%E7%B7%9A%E9%AD%9A+%E9%87%91%E7%B7%9A%E9%AD%9A+%E9%87%91%E7%B7%9A%E9%AD%9A%E7%A7%91+%E9%87%91%E7%B7%9A%E9%B0%B1+&oid=15416 HTTP/1.1" 200 3533
66.249.71.72 - - [21/Feb/2016:06:41:11 +0800] "GET /content/nav/relationSubject.jsp?relationWords=%E8%99%B9%E8%89%B2%E9%87%91%E7%B7%9A%E9%AD%9A%20%E9%87%91%E7%B7%9A%E9%AD%9A%20%E9%87%91%E7%B7%9A%E9%AD%9A%E7%A7%91%20%E9%87%91%E7%B7%9A%E9%B0%B1%20&oid=15416 HTTP/1.1" 200 3533
66.249.71.60 - - [21/Feb/2016:06:41:47 +0800] "GET /digiarch_en/content/tmp_exh/resource_content.jsp?oid=16777716&queryType=qc HTTP/1.1" 200 19889
123.125.71.71 - - [21/Feb/2016:06:42:15 +0800] "GET /content/subject/resource_content.jsp?oid=16777613 HTTP/1.1" 200 29525
68.180.228.24 - - [21/Feb/2016:06:42:42 +0800] "GET /digiarch_en/content/subject/resource_content.jsp?oid=16777744&queryType=qc HTTP/1.1" 200 36169
66.249.77.85 - - [21/Feb/2016:06:42:47 +0800] "GET /content/repository/resource_content.jsp?oid=2569004&queryString=%E5%A6%A5%E8%AD%B0%20%E5%A8%81%E4%BD%BF%20%E5%BF%85%E9%BA%92%E9%BA%9F HTTP/1.1" 200 29903
66.249.71.60 - - [21/Feb/2016:06:43:46 +0800] "GET /content/repository/resource_content.jsp?oid=2684996&queryString=%E5%B7%A1%E6%92%AB%20%E6%B1%9F%E5%AF%A7%20%E9%8A%80%E5%85%A9 HTTP/1.1" 200 30312
66.249.74.98 - - [21/Feb/2016:06:43:57 +0800] "GET /content/nav/relationSubject.jsp?relationWords=%E4%BF%B8%E9%8A%80+%E7%BD%B0%E4%BF%B8+%E9%8A%80%E5%85%A9+&oid=2684996 HTTP/1.1" 200 5381
66.249.71.60 - - [21/Feb/2016:06:44:45 +0800] "GET /content/repository/resource_content.jsp?oid=4352072&queryString=%E7%A8%9A%E9%B1%88%E7%A7%91%20%E8%97%BB%E7%A3%AF%E9%AC%9A%E7%A8%9A%E9%B1%88 HTTP/1.1" 200 33165
66.249.71.60 - - [21/Feb/2016:06:45:21 +0800] "GET /content/nav/relationSubject.jsp?relationWords=%E5%98%89%E7%A5%A5+&oid=1833031 HTTP/1.1" 200 4387
66.249.71.60 - - [21/Feb/2016:06:45:23 +0800] "GET /content/nav/relationSubject.jsp?relationWords=%E6%A4%8D%E7%89%A9%E7%95%8C+%E8%A0%B6%E8%B1%86+%E9%87%91%E9%BE%9C%E6%A8%B9%E5%B1%AC+%E9%9B%99%E5%AD%90%E8%91%89%E6%A4%8D%E7%89%A9+%E9%A0%B7%E5%9E%82%E8%B1%86+&oid=2145942 HTTP/1.1" 200 3384
66.249.71.60 - - [21/Feb/2016:06:45:25 +0800] "GET /content/nav/relationSubject.jsp?relationWords=%E6%A4%8D%E7%89%A9%E7%95%8C%20%E8%A0%B6%E8%B1%86%20%E9%87%91%E9%BE%9C%E6%A8%B9%E5%B1%AC%20%E9%9B%99%E5%AD%90%E8%91%89%E6%A4%8D%E7%89%A9%20%E9%A0%B7%E5%9E%82%E8%B1%86%20&oid=2145942 HTTP/1.1" 200 3384
66.249.71.60 - - [21/Feb/2016:06:45:32 +0800] "GET /content/nav/relationSubject.jsp?relationWords=%E5%98%89%E7%A5%A5%20&oid=1833031 HTTP/1.1" 200 4387
66.249.71.60 - - [21/Feb/2016:06:45:44 +0800] "GET /content/repository/resource_content.jsp?oid=1114937&queryString=%E5%96%AE%E5%AD%90%E8%91%89%E6%A4%8D%E7%89%A9%E7%B6%B1%20%E5%B1%B1%E6%A3%95%20%E5%B1%B1%E6%A3%95%E5%B1%AC%20%E6%A3%95%E6%AB%9A%20%E6%A3%95%E6%AB%9A%E7%A7%91%20%E6%A4%8D%E7%89%A9%E7%95%8C HTTP/1.1" 200 31196
66.249.71.5 - - [21/Feb/2016:06:46:26 +0800] "GET /digiarch3/content/nav/relationSubject.jsp?relationWords=%E6%B2%99%E9%B1%B8+%E6%B5%B7%E7%8B%97%E7%94%98%E4%BB%94+%E7%8B%97%E6%AF%8D+%E7%8B%97%E7%94%98%E4%BB%94+%E8%88%89%E7%9B%AE%E9%AD%9A+%E8%8A%B1%E7%8B%97%E6%AF%8D+%E8%8A%B1%E7%8B%97%E6%AF%8D%E6%B5%B7+%E9%9B%A8%E5%82%98%E9%96%82+&oid=15870 HTTP/1.1" 200 3682
66.249.74.76 - - [21/Feb/2016:06:46:29 +0800] "GET /digiarch3/content/nav/relationSubject.jsp?relationWords=%E6%B2%99%E9%B1%B8%20%E6%B5%B7%E7%8B%97%E7%94%98%E4%BB%94%20%E7%8B%97%E6%AF%8D%20%E7%8B%97%E7%94%98%E4%BB%94%20%E8%88%89%E7%9B%AE%E9%AD%9A%20%E8%8A%B1%E7%8B%97%E6%AF%8D%20%E8%8A%B1%E7%8B%97%E6%AF%8D%E6%B5%B7%20%E9%9B%A8%E5%82%98%E9%96%82%20&oid=15870 HTTP/1.1" 200 3682
66.249.71.60 - - [21/Feb/2016:06:46:43 +0800] "GET /content/repository/resource_content.jsp?oid=2147745&queryString=%E5%A4%AA%E9%99%BD%E9%BA%BB%20%E6%A4%8D%E7%89%A9%E7%95%8C%20%E8%A0%B6%E8%B1%86%20%E9%87%8E%E7%99%BE%E5%90%88%E5%B1%AC%20%E9%9B%99%E5%AD%90%E8%91%89%E6%A4%8D%E7%89%A9 HTTP/1.1" 200 31095
66.249.71.121 - - [21/Feb/2016:06:46:51 +0800] "GET /content/nav/relationSubject.jsp?relationWords=%E4%BA%BA%E5%8F%A3%E5%AF%86%E5%BA%A6+%E4%BF%9D%E7%95%99%E5%9C%B0+%E5%85%AC%E5%85%B1%E8%A8%AD%E6%96%BD+%E5%90%88%E4%BD%9C%E9%87%91%E5%BA%AB+%E5%BB%BA%E8%A8%AD%E5%BB%B3+%E9%83%BD%E5%B8%82%E5%BB%BA%E8%A8%AD+%E9%83%BD%E5%B8%82%E8%A8%88%E5%8A%83+%E9%AB%98%E9%9B%84%E5%B8%82+%E9%BC%93%E5%B1%B1+&oid=1589824 HTTP/1.1" 200 4770
66.249.71.113 - - [21/Feb/2016:06:46:55 +0800] "GET /content/nav/relationSubject.jsp?relationWords=%E4%BA%BA%E5%8F%A3%E5%AF%86%E5%BA%A6%20%E4%BF%9D%E7%95%99%E5%9C%B0%20%E5%85%AC%E5%85%B1%E8%A8%AD%E6%96%BD%20%E5%90%88%E4%BD%9C%E9%87%91%E5%BA%AB%20%E5%BB%BA%E8%A8%AD%E5%BB%B3%20%E9%83%BD%E5%B8%82%E5%BB%BA%E8%A8%AD%20%E9%83%BD%E5%B8%82%E8%A8%88%E5%8A%83%20%E9%AB%98%E9%9B%84%E5%B8%82%20%E9%BC%93%E5%B1%B1%20&oid=1589824 HTTP/1.1" 200 4770
66.249.71.60 - - [21/Feb/2016:06:47:42 +0800] "GET /content/repository/resource_content.jsp?oid=16152 HTTP/1.1" 200 30744
66.249.71.60 - - [21/Feb/2016:06:48:02 +0800] "GET /content/nav/relationSubject.jsp?relationWords=%E5%BD%8E%E9%BE%8D%E9%AA%A8+%E5%BD%8E%E9%BE%8D%E9%AA%A8%E5%B1%AC+%E6%A4%8D%E7%89%A9%E7%95%8C+%E8%A0%B6%E8%B1%86+%E9%9B%99%E5%AD%90%E8%91%89%E6%A4%8D%E7%89%A9+&oid=1461609 HTTP/1.1" 200 3436
66.249.71.60 - - [21/Feb/2016:06:48:04 +0800] "GET /content/nav/relationSubject.jsp?relationWords=%E5%BD%8E%E9%BE%8D%E9%AA%A8%20%E5%BD%8E%E9%BE%8D%E9%AA%A8%E5%B1%AC%20%E6%A4%8D%E7%89%A9%E7%95%8C%20%E8%A0%B6%E8%B1%86%20%E9%9B%99%E5%AD%90%E8%91%89%E6%A4%8D%E7%89%A9%20&oid=1461609 HTTP/1.1" 200 3436
66.249.71.60 - - [21/Feb/2016:06:48:32 +0800] "GET /content/nav/relationSubject.jsp?relationWords=%E6%A0%A1%E6%AC%91%20%E6%A4%86%E5%B1%AC%20%E6%A4%8D%E7%89%A9%E7%95%8C%20%E6%AE%BC%E6%96%97%E7%A7%91%20%E9%90%B5%E6%A4%86%20%E9%9D%92%E5%89%9B%E6%AB%9F%20&oid=2149673 HTTP/1.1" 200 4562
66.249.71.60 - - [21/Feb/2016:06:48:41 +0800] "GET /content/repository/resource_content.jsp?oid=1814317 HTTP/1.1" 200 28335
66.249.71.60 - - [21/Feb/2016:06:49:40 +0800] "GET /content/subject/resource_content.jsp?oid=16777346 HTTP/1.1" 200 24009
66.249.71.60 - - [21/Feb/2016:06:50:39 +0800] "GET /content/repository/resource_content.jsp?oid=1779991 HTTP/1.1" 200 28648
66.249.71.60 - - [21/Feb/2016:06:50:39 +0800] "GET /content/nav/relationSubject.jsp?relationWords=%E5%A4%BE%E7%AB%B9%E6%A1%83%E7%A7%91+%E6%A4%8D%E7%89%A9%E7%95%8C+%E6%B5%B7%E6%AA%AC%E6%9E%9C+%E6%B5%B7%E6%AA%AC%E6%9E%9C%E5%B1%AC+%E9%BE%8D%E8%86%BD+&oid=1102554 HTTP/1.1" 200 4943
66.249.77.91 - - [21/Feb/2016:06:52:37 +0800] "GET /content/subject/resource_content.jsp?oid=16797293&queryType=qc HTTP/1.1" 200 46243
66.249.77.85 - - [21/Feb/2016:06:53:36 +0800] "GET /content/repository/resource_content.jsp?oid=1775451&queryString=%E8%A6%96%E8%A6%BA HTTP/1.1" 200 37218
66.249.77.97 - - [21/Feb/2016:06:54:35 +0800] "GET /content/subject/resource_content.jsp?oid=16777640&queryType=qs&queryString=%E6%A5%8A%E6%B0%B4%E5%BF%83 HTTP/1.1" 200 61929
66.249.77.91 - - [21/Feb/2016:06:55:07 +0800] "GET /content/nav/relationSubject.jsp?relationWords=%E6%9D%9C%E9%B5%91%E8%8A%B1+%E6%9D%9C%E9%B5%91%E8%8A%B1%E5%B1%AC+%E6%9D%9C%E9%B5%91%E8%8A%B1%E7%A7%91+%E6%A4%8D%E7%89%A9%E7%95%8C+%E9%87%91%E6%AF%9B%E6%9D%9C%E9%B5%91+&oid=2146749 HTTP/1.1" 200 4742
66.249.77.97 - - [21/Feb/2016:06:55:11 +0800] "GET /content/nav/relationSubject.jsp?relationWords=%E6%9D%9C%E9%B5%91%E8%8A%B1%20%E6%9D%9C%E9%B5%91%E8%8A%B1%E5%B1%AC%20%E6%9D%9C%E9%B5%91%E8%8A%B1%E7%A7%91%20%E6%A4%8D%E7%89%A9%E7%95%8C%20%E9%87%91%E6%AF%9B%E6%9D%9C%E9%B5%91%20&oid=2146749 HTTP/1.1" 200 4742
66.249.74.100 - - [21/Feb/2016:06:56:38 +0800] "GET /content/subject/resource_content.jsp?oid=16777789&queryString=%E6%80%9D%E6%83%B3%20%E9%87%8D%E6%85%B6%E5%8D%97%E8%B7%AF HTTP/1.1" 200 48364
66.249.71.5 - - [21/Feb/2016:06:57:08 +0800] "GET /digiarch3/content/nav/relationSubject.jsp?relationWords=%E4%BA%8C%E6%AC%A1%E5%A4%A7%E6%88%B0+%E5%A4%96%E4%BA%A4%E9%83%A8+%E6%88%B0%E4%BF%98+%E6%96%87%E5%8C%96%E5%8D%94%E6%9C%83+%E7%9C%81%E8%AD%B0%E6%9C%83+%E8%87%A8%E6%99%82%E7%9C%81%E8%AD%B0%E6%9C%83+%E8%87%BA%E7%81%A3%E7%9C%81+&oid=1521374 HTTP/1.1" 200 5884
66.249.71.5 - - [21/Feb/2016:06:57:11 +0800] "GET /digiarch3/content/nav/relationSubject.jsp?relationWords=%E4%BA%8C%E6%AC%A1%E5%A4%A7%E6%88%B0%20%E5%A4%96%E4%BA%A4%E9%83%A8%20%E6%88%B0%E4%BF%98%20%E6%96%87%E5%8C%96%E5%8D%94%E6%9C%83%20%E7%9C%81%E8%AD%B0%E6%9C%83%20%E8%87%A8%E6%99%82%E7%9C%81%E8%AD%B0%E6%9C%83%20%E8%87%BA%E7%81%A3%E7%9C%81%20&oid=1521374 HTTP/1.1" 200 5884
66.249.71.64 - - [21/Feb/2016:06:58:31 +0800] "GET /content/repository/resource_content.jsp?oid=15104&queryString=%E5%9A%B4%E5%85%AC%E4%BB%94%20%E5%A4%A7%E7%9C%BC%E9%AF%9B%E7%A7%91%20%E6%97%A5%E6%9C%AC%E5%A4%A7%E7%9C%BC%E9%AF%9B%20%E7%B4%85%E7%9B%AE%E9%B0%B1 HTTP/1.1" 200 34810
68.180.228.24 - - [21/Feb/2016:06:58:55 +0800] "GET /digiarch_en/content/pictures/picture_content.jsp?oid=33554790 HTTP/1.1" 200 21849
66.249.77.91 - - [21/Feb/2016:06:59:08 +0800] "GET /content/nav/relationSubject.jsp?relationWords=%E5%9C%96%E9%A8%B0+%E7%89%A9%E8%B3%AA%E6%96%87%E5%8C%96+%E7%A5%AD%E5%84%80+%E8%A6%96%E8%A6%BA+%E8%B3%BD%E5%A4%8F%E6%97%8F+&oid=1775451 HTTP/1.1" 200 5451
66.249.77.85 - - [21/Feb/2016:06:59:17 +0800] "GET /content/nav/relationSubject.jsp?relationWords=%E5%9C%96%E9%A8%B0%20%E7%89%A9%E8%B3%AA%E6%96%87%E5%8C%96%20%E7%A5%AD%E5%84%80%20%E8%A6%96%E8%A6%BA%20%E8%B3%BD%E5%A4%8F%E6%97%8F%20&oid=1775451 HTTP/1.1" 200 5451
66.249.71.5 - - [21/Feb/2016:06:59:30 +0800] "GET /digiarch3/content/repository/resource_content.jsp?oid=15836&queryType=qs&queryString=%E5%BD%A9%E8%99%B9 HTTP/1.1" 200 35236
66.249.71.113 - - [21/Feb/2016:06:59:41 +0800] "GET /content/nav/relationSubject.jsp?relationWords=%E8%80%83%E8%A9%A6%E7%A7%91%E7%9B%AE+%E8%87%A8%E6%99%82%E7%9C%81%E8%AD%B0%E6%9C%83+%E8%87%BA%E7%81%A3%E7%9C%81+%E8%87%BA%E7%81%A3%E7%9C%81%E6%94%BF%E5%BA%9C+%E9%9B%B2%E6%9E%97%E7%B8%A3%E8%AD%B0%E6%9C%83+&oid=1523706 HTTP/1.1" 200 4648
66.249.71.113 - - [21/Feb/2016:06:59:43 +0800] "GET /content/nav/relationSubject.jsp?relationWords=%E8%80%83%E8%A9%A6%E7%A7%91%E7%9B%AE%20%E8%87%A8%E6%99%82%E7%9C%81%E8%AD%B0%E6%9C%83%20%E8%87%BA%E7%81%A3%E7%9C%81%20%E8%87%BA%E7%81%A3%E7%9C%81%E6%94%BF%E5%BA%9C%20%E9%9B%B2%E6%9E%97%E7%B8%A3%E8%AD%B0%E6%9C%83%20&oid=1523706 HTTP/1.1" 200 4648
66.249.71.5 - - [21/Feb/2016:07:00:36 +0800] "GET /digiarch3/content/repository/resource_content.jsp?oid=1780218&queryType=qs&queryString=%E7%8F%A0%E4%B8%B2 HTTP/1.1" 200 29314
68.180.228.24 - - [21/Feb/2016:07:01:18 +0800] "GET /digiarch_en/content/subject/resource_content.jsp?oid=16777742&queryType=qc HTTP/1.1" 200 34488
66.249.71.121 - - [21/Feb/2016:07:02:37 +0800] "GET /content/nav/relationSubject.jsp?relationWords=%E5%8E%9A%E5%94%87+%E6%A3%98%E9%AF%9B+%E7%83%8F%E6%A0%BC+%E9%AF%9B%E7%A7%91+%E9%BB%91%E6%A0%BC+%E9%BB%91%E9%AF%9B+&oid=15383 HTTP/1.1" 200 3528
66.249.71.105 - - [21/Feb/2016:07:02:40 +0800] "GET /content/nav/relationSubject.jsp?relationWords=%E5%8E%9A%E5%94%87%20%E6%A3%98%E9%AF%9B%20%E7%83%8F%E6%A0%BC%20%E9%AF%9B%E7%A7%91%20%E9%BB%91%E6%A0%BC%20%E9%BB%91%E9%AF%9B%20&oid=15383 HTTP/1.1" 200 3528
66.249.71.72 - - [21/Feb/2016:07:03:26 +0800] "GET /content/subject/resource_content.jsp?oid=16777256&queryType=qs&queryString=%E6%AC%A1%E7%B4%9A%E6%88%BF%E8%B2%B8 HTTP/1.1" 200 37201
66.249.71.5 - - [21/Feb/2016:07:04:25 +0800] "GET /digiarch3/content/repository/resource_content.jsp?oid=1126292&queryString=%E5%B0%96%E8%A7%92%E6%B1%9F%E7%8F%A7%E8%9B%A4%20%E6%B1%9F%E7%8F%A7%E8%9B%A4 HTTP/1.1" 200 32099
66.249.71.64 - - [21/Feb/2016:07:05:24 +0800] "GET /content/repository/resource_content.jsp?oid=174212 HTTP/1.1" 200 30858
66.249.71.113 - - [21/Feb/2016:07:05:47 +0800] "GET /content/nav/relationSubject.jsp?relationWords=%E5%85%AB%E5%88%86%E6%9B%B8+%E5%B1%B1%E6%9D%B1%E5%98%89%E7%A5%A5+%E5%B9%B4%E7%95%AB+%E6%88%B4%E6%B0%8F+&oid=1833971 HTTP/1.1" 200 4581
66.249.71.113 - - [21/Feb/2016:07:05:48 +0800] "GET /content/nav/relationSubject.jsp?relationWords=%E5%85%AB%E5%88%86%E6%9B%B8%20%E5%B1%B1%E6%9D%B1%E5%98%89%E7%A5%A5%20%E5%B9%B4%E7%95%AB%20%E6%88%B4%E6%B0%8F%20&oid=1833971 HTTP/1.1" 200 4581
66.249.71.72 - - [21/Feb/2016:07:06:20 +0800] "GET /digiarch_en/content/nav/relationSubject.jsp?relationWords=%E4%BA%9E%E6%88%90%E9%AB%94+%E5%B0%8F%E5%8D%B7+%E7%9C%9F%E9%8E%96%E7%AE%A1+%E9%80%8F%E6%8A%BD+%E9%8E%96%E7%AE%A1%E5%B1%AC+%E9%8E%96%E7%AE%A1%E7%A7%91+%E9%A0%AD%E8%B6%B3%E7%B6%B1+&oid=1123952 HTTP/1.1" 200 3673
66.249.71.113 - - [21/Feb/2016:07:06:23 +0800] "GET /content/repository/resource_content.jsp?oid=2635316&queryType=qs&queryString=%E5%8B%92%E8%B4%96 HTTP/1.1" 200 29947
66.249.71.60 - - [21/Feb/2016:07:07:22 +0800] "GET /digiarch_en/content/repository/resource_content.jsp?oid=2679468&queryString=%E5%8D%87%E7%BD%B2%20%E6%87%87%E6%81%A9 HTTP/1.1" 200 24224
66.249.71.64 - - [21/Feb/2016:07:07:57 +0800] "GET /content/nav/relationSubject.jsp?relationWords=%E6%A4%8D%E7%89%A9%E7%95%8C+%E7%89%9B%E7%9A%AE%E6%B6%88%E5%B1%AC+%E8%98%AD%E5%B6%BC%E7%89%9B%E7%9A%AE%E6%B6%88+%E8%98%AD%E5%B6%BC%E7%99%BD%E8%96%87+%E8%98%BF%E8%97%A6%E7%A7%91+%E9%BE%8D%E8%86%BD+&oid=1099736 HTTP/1.1" 200 3674
66.249.71.64 - - [21/Feb/2016:07:08:21 +0800] "GET /content/repository/resource_content.jsp?oid=1809998&queryString=%E5%8A%9F%E6%9B%B9%20%E5%BA%96%E5%BB%9A%20%E6%AD%A6%E6%A2%81%E7%A5%A0%20%E6%AD%A6%E6%A2%81%E7%A5%A0%E7%95%AB%E5%83%8F%20%E8%99%95%E5%A3%AB%20%E8%B1%AB%E8%AE%93%20%E9%8D%BE%E9%9B%A2%20%E9%9D%88%E7%95%B0%20%E9%A1%8C%E8%A8%98 HTTP/1.1" 200 45736
66.249.71.113 - - [21/Feb/2016:07:08:55 +0800] "GET /content/nav/relationSubject.jsp?relationWords=%E5%88%91%E9%83%A8+&oid=2635316 HTTP/1.1" 200 3095
66.249.71.105 - - [21/Feb/2016:07:09:00 +0800] "GET /content/nav/relationSubject.jsp?relationWords=%E5%88%91%E9%83%A8%20&oid=2635316 HTTP/1.1" 200 3095
66.249.74.100 - - [21/Feb/2016:07:09:55 +0800] "GET /digiarch_en/content/nav/relationSubject.jsp?relationWords=%E5%B1%B1%E6%AB%BB%E6%A1%83+%E5%B1%B1%E6%AB%BB%E8%8A%B1+%E6%A2%85%E5%B1%AC+%E6%A4%8D%E7%89%A9%E7%95%8C+%E7%B7%8B%E6%AB%BB+%E8%96%94%E8%96%87%E7%9B%AE+%E8%96%94%E8%96%87%E7%A7%91+&oid=3825107 HTTP/1.1" 200 5171
66.249.71.64 - - [21/Feb/2016:07:09:57 +0800] "GET /digiarch_en/content/nav/relationSubject.jsp?relationWords=%E5%B1%B1%E6%AB%BB%E6%A1%83%20%E5%B1%B1%E6%AB%BB%E8%8A%B1%20%E6%A2%85%E5%B1%AC%20%E6%A4%8D%E7%89%A9%E7%95%8C%20%E7%B7%8B%E6%AB%BB%20%E8%96%94%E8%96%87%E7%9B%AE%20%E8%96%94%E8%96%87%E7%A7%91%20&oid=3825107 HTTP/1.1" 200 5171
157.55.39.118 - - [21/Feb/2016:07:10:21 +0800] "GET /content/nav/relationSubject.jsp?relationWords=%E5%8F%B0%E7%81%A3%E6%AC%92%E6%A8%B9+%E8%8B%A6%E8%8B%93%E8%88%85+&oid=16777254 HTTP/1.1" 200 4285
66.249.71.23 - - [21/Feb/2016:07:11:18 +0800] "GET /digiarch3/content/repository/resource_content.jsp?oid=2518718&queryType=qs&queryString=%E4%BB%BB%E5%BA%9C HTTP/1.1" 200 30232
66.249.71.64 - - [21/Feb/2016:07:12:17 +0800] "GET /content/repository/resource_content.jsp?oid=1097594&queryString=%E5%8D%97%E6%B9%96%E9%99%84%E5%9C%B0%E8%8D%89%20%E6%A4%8D%E7%89%A9%E7%95%8C%20%E7%B4%AB%E8%8D%89%E7%A7%91%20%E9%99%84%E5%9C%B0%E8%8D%89%E5%B1%AC HTTP/1.1" 200 31364
66.249.77.97 - - [21/Feb/2016:07:13:16 +0800] "GET /content/repository/resource_content.jsp?oid=3818476&queryString=%E5%8F%B0%E7%81%A3%E4%BD%95%E9%A6%96%E7%83%8F%20%E6%A4%8D%E7%89%A9%E7%95%8C%20%E8%93%BC%E5%B1%AC%20%E8%93%BC%E7%A7%91 HTTP/1.1" 200 31431
66.249.71.72 - - [21/Feb/2016:07:14:15 +0800] "GET /content/subject/resource_content.jsp?oid=16777514&queryType=qs&queryString=%E7%AB%8B%E6%B3%95%E5%A7%94%E5%93%A1 HTTP/1.1" 200 42846
66.249.71.173 - - [21/Feb/2016:07:16:13 +0800] "GET /content/repository/resource_content.jsp?oid=695544&queryType=qs&queryString=%E5%8A%89%E6%85%B6%E6%96%87 HTTP/1.1" 200 28589
66.249.77.97 - - [21/Feb/2016:07:17:13 +0800] "GET /content/repository/resource_content.jsp?oid=1107578&queryString=%E5%8D%81%E5%AD%97%E8%8A%B1%E7%A7%91%20%E5%B1%B1%E8%8A%A5%E5%B1%AC%20%E5%B1%B1%E8%8A%A5%E8%8F%9C%20%E6%A4%8D%E7%89%A9%E7%95%8C%20%E9%9B%99%E5%AD%90%E8%91%89%E6%A4%8D%E7%89%A9 HTTP/1.1" 200 31296
68.180.228.24 - - [21/Feb/2016:07:17:15 +0800] "GET /content/subject/resource_content.jsp?oid=16777357&queryType=qc HTTP/1.1" 200 33930
66.249.71.155 - - [21/Feb/2016:07:18:13 +0800] "GET /content/nav/relationSubject.jsp?relationWords=%E5%8A%89%E6%85%B6%E6%96%87+%E8%8F%AF%E5%83%91+%E9%98%BF%E7%A9%86%E7%88%BE%E7%9C%81+&oid=695544 HTTP/1.1" 200 4151
66.249.71.155 - - [21/Feb/2016:07:18:15 +0800] "GET /content/nav/relationSubject.jsp?relationWords=%E5%8A%89%E6%85%B6%E6%96%87%20%E8%8F%AF%E5%83%91%20%E9%98%BF%E7%A9%86%E7%88%BE%E7%9C%81%20&oid=695544 HTTP/1.1" 200 4151
66.249.77.85 - - [21/Feb/2016:07:18:25 +0800] "GET /content/nav/relationSubject.jsp?relationWords=%E5%8F%B0%E7%81%A3%E4%BD%95%E9%A6%96%E7%83%8F+%E6%A4%8D%E7%89%A9%E7%95%8C+%E8%93%BC%E5%B1%AC+%E8%93%BC%E7%A7%91+&oid=3818476 HTTP/1.1" 200 3565
66.249.77.91 - - [21/Feb/2016:07:18:27 +0800] "GET /content/nav/relationSubject.jsp?relationWords=%E5%8F%B0%E7%81%A3%E4%BD%95%E9%A6%96%E7%83%8F%20%E6%A4%8D%E7%89%A9%E7%95%8C%20%E8%93%BC%E5%B1%AC%20%E8%93%BC%E7%A7%91%20&oid=3818476 HTTP/1.1" 200 3565
66.249.71.60 - - [21/Feb/2016:07:18:34 +0800] "GET /content/nav/relationSubject.jsp?relationWords=%E7%BE%8E%E5%92%8C+&oid=1623789 HTTP/1.1" 200 3477
66.249.71.60 - - [21/Feb/2016:07:18:37 +0800] "GET /content/nav/relationSubject.jsp?relationWords=%E7%BE%8E%E5%92%8C%20&oid=1623789 HTTP/1.1" 200 3477
66.249.71.121 - - [21/Feb/2016:07:20:09 +0800] "GET /content/repository/resource_content.jsp?oid=1782645&queryType=qs&queryString=%E8%B1%AC%E7%89%99 HTTP/1.1" 200 28940
66.249.71.60 - - [21/Feb/2016:07:22:07 +0800] "GET /content/repository/resource_content.jsp?oid=2151829&queryString=%E6%A4%8D%E7%89%A9%E7%95%8C%20%E6%A5%A0%E5%B1%AC%20%E6%A5%A8%E6%A5%A0%20%E6%A8%9F%E7%A7%91%20%E8%B1%AC%E8%85%B3%E6%A5%A0 HTTP/1.1" 200 31385
66.249.71.60 - - [21/Feb/2016:07:23:06 +0800] "GET /content/repository/resource_content.jsp?oid=1112164 HTTP/1.1" 200 31066
66.249.79.24 - - [21/Feb/2016:07:23:57 +0800] "GET /content/nav/relationSubject.jsp?relationWords=%E5%AF%B6%E9%88%94+&oid=16777460 HTTP/1.1" 200 2793
66.249.77.91 - - [21/Feb/2016:07:23:59 +0800] "GET /content/nav/relationSubject.jsp?relationWords=%E5%AF%B6%E9%88%94%20&oid=16777460 HTTP/1.1" 200 2793
66.249.71.64 - - [21/Feb/2016:07:24:05 +0800] "GET /content/repository/resource_content.jsp?oid=1114966&queryString=%E6%A4%8D%E7%89%A9%E7%95%8C%20%E9%B4%A8%E8%B7%96%E8%8D%89%20%E9%B4%A8%E8%B7%96%E8%8D%89%E5%B1%AC%20%E9%B4%A8%E8%B7%96%E8%8D%89%E7%A7%91 HTTP/1.1" 200 31726
66.249.71.64 - - [21/Feb/2016:07:25:04 +0800] "GET /content/repository/resource_content.jsp?oid=1521091 HTTP/1.1" 200 28617
66.249.71.60 - - [21/Feb/2016:07:25:19 +0800] "GET /content/nav/relationSubject.jsp?relationWords=%E5%A5%8F%E8%AD%B0+%E6%98%8E%E5%88%8A%E6%9C%AC+%E6%B5%9A%E5%B7%9D+%E8%81%AF%E5%90%88%E7%9B%AE%E9%8C%84+&oid=3205250 HTTP/1.1" 200 3276
66.249.71.64 - - [21/Feb/2016:07:25:20 +0800] "GET /content/nav/relationSubject.jsp?relationWords=%E5%A5%8F%E8%AD%B0%20%E6%98%8E%E5%88%8A%E6%9C%AC%20%E6%B5%9A%E5%B7%9D%20%E8%81%AF%E5%90%88%E7%9B%AE%E9%8C%84%20&oid=3205250 HTTP/1.1" 200 3276
66.249.71.5 - - [21/Feb/2016:07:26:03 +0800] "GET /digiarch3/content/subject/resource_content.jsp?oid=16797335&queryType=qc HTTP/1.1" 200 60644
157.55.39.200 - - [21/Feb/2016:07:26:51 +0800] "GET /content/subject/resource_content.jsp?oid=16797245&queryType=qc HTTP/1.1" 200 48121
40.77.167.77 - - [21/Feb/2016:07:27:50 +0800] "GET /content/nav/relationSubject.jsp?relationWords=&oid=16797245 HTTP/1.1" 200 1405
66.249.71.64 - - [21/Feb/2016:07:28:01 +0800] "GET /content/repository/resource_content.jsp?oid=1777816 HTTP/1.1" 200 30056
66.249.71.60 - - [21/Feb/2016:07:29:40 +0800] "GET /content/nav/relationSubject.jsp?relationWords=%E6%98%9F%E9%9B%9E%E9%AD%9A+%E7%9F%B3%E9%B1%B8+&oid=21465 HTTP/1.1" 200 3443
66.249.71.64 - - [21/Feb/2016:07:29:42 +0800] "GET /content/nav/relationSubject.jsp?relationWords=%E6%98%9F%E9%9B%9E%E9%AD%9A%20%E7%9F%B3%E9%B1%B8%20&oid=21465 HTTP/1.1" 200 3443
157.55.39.200 - - [21/Feb/2016:07:30:25 +0800] "GET /content/nav/relationSubject.jsp?relationWords=%E7%B4%85%E6%A5%A0+%E8%B1%AC%E8%85%B3%E6%A5%A0+&oid=16777302 HTTP/1.1" 200 3693
66.249.71.60 - - [21/Feb/2016:07:30:41 +0800] "GET /content/nav/relationSubject.jsp?relationWords=%E5%85%AC%E8%B7%AF%E5%B1%80+%E6%9E%97%E5%8F%A3%E9%84%89+&oid=1563728 HTTP/1.1" 200 4597
66.249.71.60 - - [21/Feb/2016:07:30:43 +0800] "GET /content/nav/relationSubject.jsp?relationWords=%E5%85%AC%E8%B7%AF%E5%B1%80%20%E6%9E%97%E5%8F%A3%E9%84%89%20&oid=1563728 HTTP/1.1" 200 4597
66.249.71.60 - - [21/Feb/2016:07:30:58 +0800] "GET /content/repository/resource_content.jsp?oid=1892335 HTTP/1.1" 200 28542
66.249.71.60 - - [21/Feb/2016:07:31:04 +0800] "GET /content/nav/relationSubject.jsp?relationWords=%E5%85%87%E6%AE%BA%E6%A1%88+%E7%B6%93%E6%BF%9F%E9%83%A8+%E8%87%BA%E5%8C%97%E7%B8%A3+%E8%87%BA%E9%9B%BB+%E8%91%A3%E6%98%8E%E8%8A%B3+%E8%98%87%E6%B8%85%E6%B3%A2+%E9%95%B7%E8%98%87+&oid=1585684 HTTP/1.1" 200 5732
66.249.71.60 - - [21/Feb/2016:07:31:06 +0800] "GET /content/nav/relationSubject.jsp?relationWords=%E5%85%87%E6%AE%BA%E6%A1%88%20%E7%B6%93%E6%BF%9F%E9%83%A8%20%E8%87%BA%E5%8C%97%E7%B8%A3%20%E8%87%BA%E9%9B%BB%20%E8%91%A3%E6%98%8E%E8%8A%B3%20%E8%98%87%E6%B8%85%E6%B3%A2%20%E9%95%B7%E8%98%87%20&oid=1585684 HTTP/1.1" 200 5732
66.249.71.5 - - [21/Feb/2016:07:31:57 +0800] "GET /digiarch3/content/subject/resource_content.jsp?oid=16777617&queryType=qs&queryString=%E6%97%A5%E6%B2%BB%E6%99%82%E6%9C%9F HTTP/1.1" 200 60946
66.249.71.60 - - [21/Feb/2016:07:32:11 +0800] "GET /content/nav/relationSubject.jsp?relationWords=%E5%BB%96%E7%B9%BC%E9%AD%AF+%E6%9E%97%E5%AE%97%E7%94%B7+&oid=1892335 HTTP/1.1" 200 3157
66.249.71.5 - - [21/Feb/2016:07:32:56 +0800] "GET /digiarch3/content/subject/resource_content.jsp?oid=16777493&queryType=qs&queryString=%E7%AF%80%E8%83%BD%E6%B8%9B%E7%A2%B3 HTTP/1.1" 200 48471
68.180.228.24 - - [21/Feb/2016:07:33:21 +0800] "GET /digiarch_en/content/pictures/picture_content.jsp?oid=33554801 HTTP/1.1" 200 21775
66.249.71.60 - - [21/Feb/2016:07:33:56 +0800] "GET /content/repository/resource_content.jsp?oid=1114931 HTTP/1.1" 200 31029
61.228.57.166 - - [21/Feb/2016:07:33:57 +0800] "GET /content/tmp_exh/resource_content.jsp?oid=16777828&queryType=qc HTTP/1.1" 200 35296
61.228.57.166 - - [21/Feb/2016:07:33:58 +0800] "GET /content/nav/relationSubject.jsp?relationWords=%E6%80%9D%E6%83%B3+%E9%87%8D%E6%85%B6%E5%8D%97%E8%B7%AF+&oid=16777828 HTTP/1.1" 200 5682
66.249.71.60 - - [21/Feb/2016:07:34:21 +0800] "GET /content/nav/relationSubject.jsp?relationWords=%E5%9C%B0%E5%BD%A2%E5%9C%96+%E9%B7%BA%E9%B7%A5+&oid=189026 HTTP/1.1" 200 3296
66.249.71.60 - - [21/Feb/2016:07:34:25 +0800] "GET /content/nav/relationSubject.jsp?relationWords=%E5%9C%B0%E5%BD%A2%E5%9C%96%20%E9%B7%BA%E9%B7%A5%20&oid=189026 HTTP/1.1" 200 3296
66.249.71.5 - - [21/Feb/2016:07:35:54 +0800] "GET /digiarch3/content/repository/resource_content.jsp?oid=1126281&queryString=%E5%B0%96%E8%A7%92%E6%B1%9F%E7%8F%A7%E8%9B%A4%20%E6%B1%9F%E7%8F%A7%E8%9B%A4%20%E8%9B%A4%E7%A7%91%20%E8%B2%BD%E8%B2%9D%20%E9%9B%99%E6%AE%BC%E7%B6%B1 HTTP/1.1" 200 31997
66.249.71.60 - - [21/Feb/2016:07:35:55 +0800] "GET /content/nav/relationSubject.jsp?relationWords=%E5%88%91%E4%BA%8B%E8%A8%B4%E8%A8%9F%E6%B3%95+%E6%BD%AE%E6%B5%81+&oid=1567058 HTTP/1.1" 200 4097
66.249.71.60 - - [21/Feb/2016:07:35:57 +0800] "GET /content/nav/relationSubject.jsp?relationWords=%E5%88%91%E4%BA%8B%E8%A8%B4%E8%A8%9F%E6%B3%95%20%E6%BD%AE%E6%B5%81%20&oid=1567058 HTTP/1.1" 200 4097
66.249.71.5 - - [21/Feb/2016:07:36:53 +0800] "GET /digiarch3/content/repository/resource_content.jsp?oid=3339174&queryString=%E9%8A%80%E6%96%91%20%E9%8A%80%E6%96%91%E8%9D%B6%E9%AD%9A HTTP/1.1" 200 29952
66.249.71.60 - - [21/Feb/2016:07:37:26 +0800] "GET /content/nav/relationSubject.jsp?relationWords=%E7%9C%B7%E6%9D%91%E6%94%B9%E5%BB%BA+&oid=1609898 HTTP/1.1" 200 4502
66.249.71.60 - - [21/Feb/2016:07:37:29 +0800] "GET /content/nav/relationSubject.jsp?relationWords=%E7%9C%B7%E6%9D%91%E6%94%B9%E5%BB%BA%20&oid=1609898 HTTP/1.1" 200 4502
66.249.71.5 - - [21/Feb/2016:07:37:52 +0800] "GET /digiarch3/content/repository/resource_content.jsp?oid=1782159&queryString=%E8%85%B9%E8%B6%B3%E7%B6%B1%20%E8%8A%B1%E9%82%8A%20%E8%8A%B1%E9%82%8A%E9%9D%92%E8%9E%BA%20%E8%8A%B1%E9%9D%92%E8%9E%BA%20%E8%93%AE%E8%8A%B1%E9%9D%92%E8%9E%BA%20%E8%93%AE%E8%8A%B1%E9%9D%92%E8%9E%BA%E7%A7%91%20%E9%9D%92%E8%9E%BA HTTP/1.1" 200 29474
66.249.71.5 - - [21/Feb/2016:07:38:51 +0800] "GET /digiarch3/content/pictures/picture_content.jsp?oid=33554730 HTTP/1.1" 200 27820
66.249.71.60 - - [21/Feb/2016:07:39:04 +0800] "GET /content/nav/relationSubject.jsp?relationWords=%E6%A4%8D%E7%89%A9%E7%95%8C+%E7%B4%AB%E8%83%8C%E8%8D%89+%E7%B4%AB%E8%83%8C%E8%8D%89%E5%B1%AC+%E8%8F%8A%E7%A7%91+%E9%9B%99%E5%AD%90%E8%91%89%E6%A4%8D%E7%89%A9+&oid=1115288 HTTP/1.1" 200 3559
66.249.71.60 - - [21/Feb/2016:07:39:06 +0800] "GET /content/nav/relationSubject.jsp?relationWords=%E6%A4%8D%E7%89%A9%E7%95%8C%20%E7%B4%AB%E8%83%8C%E8%8D%89%20%E7%B4%AB%E8%83%8C%E8%8D%89%E5%B1%AC%20%E8%8F%8A%E7%A7%91%20%E9%9B%99%E5%AD%90%E8%91%89%E6%A4%8D%E7%89%A9%20&oid=1115288 HTTP/1.1" 200 3559
157.55.39.203 - - [21/Feb/2016:07:39:25 +0800] "GET /content/repository/resource_content.jsp?oid=1518938 HTTP/1.1" 200 29153
