61.135.189.96 - - [28/Nov/2015:03:07:00 +0800] "GET /digiarch/content/repository/resource_content.jsp?oid=1888492 HTTP/1.1" 404 14873
66.249.71.72 - - [28/Nov/2015:03:07:11 +0800] "GET /content/repository/resource_content.jsp?oid=2595152 HTTP/1.1" 200 28212
66.249.71.72 - - [28/Nov/2015:03:07:17 +0800] "GET /content/nav/relationSubject.jsp?relationWords=%E4%BE%BF%E6%B0%91+%E7%87%9F%E5%88%A9%E4%BA%8B%E6%A5%AD+%E7%9C%81%E6%94%BF%E5%BA%9C+%E7%A8%85%E6%94%B6+&oid=1568684 HTTP/1.1" 200 4592
66.249.71.60 - - [28/Nov/2015:03:07:19 +0800] "GET /content/nav/relationSubject.jsp?relationWords=%E4%BE%BF%E6%B0%91%20%E7%87%9F%E5%88%A9%E4%BA%8B%E6%A5%AD%20%E7%9C%81%E6%94%BF%E5%BA%9C%20%E7%A8%85%E6%94%B6%20&oid=1568684 HTTP/1.1" 200 4592
61.135.189.96 - - [28/Nov/2015:03:07:20 +0800] "GET /digiarch/content/repository/resource_content.jsp?oid=1819946 HTTP/1.1" 404 14873
61.135.189.96 - - [28/Nov/2015:03:07:39 +0800] "GET /digiarch/content/repository/resource_content.jsp?oid=1814467 HTTP/1.1" 404 14873
66.249.71.60 - - [28/Nov/2015:03:07:42 +0800] "GET /content/repository/resource_content.jsp?oid=826222 HTTP/1.1" 200 27835
66.249.71.60 - - [28/Nov/2015:03:07:42 +0800] "GET /content/nav/relationSubject.jsp?relationWords=%E5%B7%A1%E6%92%AB+%E5%BB%B6%E7%B6%8F+&oid=2519230 HTTP/1.1" 200 3119
66.249.71.60 - - [28/Nov/2015:03:07:44 +0800] "GET /content/nav/relationSubject.jsp?relationWords=%E5%B7%A1%E6%92%AB%20%E5%BB%B6%E7%B6%8F%20&oid=2519230 HTTP/1.1" 200 3119
42.156.139.82 - - [28/Nov/2015:03:07:48 +0800] "GET /content/subject/resource_content.jsp?oid=16777630&queryType=qc HTTP/1.1" 200 65091
61.135.189.96 - - [28/Nov/2015:03:07:58 +0800] "GET /digiarch/content/repository/resource_content.jsp?oid=1820753 HTTP/1.1" 404 14873
66.249.71.64 - - [28/Nov/2015:03:08:12 +0800] "GET /content/repository/resource_content.jsp?oid=823945 HTTP/1.1" 200 28010
61.135.189.96 - - [28/Nov/2015:03:08:18 +0800] "GET /digiarch/content/repository/resource_content.jsp?oid=1826915 HTTP/1.1" 404 14873
61.135.189.96 - - [28/Nov/2015:03:08:37 +0800] "GET /digiarch/content/repository/resource_content.jsp?oid=3408349 HTTP/1.1" 404 14873
66.249.71.60 - - [28/Nov/2015:03:08:43 +0800] "GET /content/repository/resource_content.jsp?oid=1886533 HTTP/1.1" 200 29215
61.135.189.96 - - [28/Nov/2015:03:08:53 +0800] "GET /digiarch/content/repository/resource_content.jsp?oid=1820299 HTTP/1.1" 404 14873
66.249.71.64 - - [28/Nov/2015:03:09:06 +0800] "GET /content/nav/relationSubject.jsp?relationWords=&oid=2603535 HTTP/1.1" 200 1405
61.135.189.96 - - [28/Nov/2015:03:09:11 +0800] "GET /digiarch/content/repository/resource_content.jsp?oid=1827069 HTTP/1.1" 404 14873
66.249.71.60 - - [28/Nov/2015:03:09:14 +0800] "GET /content/repository/resource_content.jsp?oid=2586428 HTTP/1.1" 200 29124
61.135.189.96 - - [28/Nov/2015:03:09:31 +0800] "GET /digiarch/content/repository/resource_content.jsp?oid=2548595 HTTP/1.1" 404 14873
66.249.71.60 - - [28/Nov/2015:03:09:44 +0800] "GET /content/repository/resource_content.jsp?oid=1850118 HTTP/1.1" 200 29210
61.135.189.96 - - [28/Nov/2015:03:09:51 +0800] "GET /digiarch/content/repository/resource_content.jsp?oid=2533390 HTTP/1.1" 404 14873
61.135.189.96 - - [28/Nov/2015:03:10:08 +0800] "GET /digiarch/content/repository/resource_content.jsp?oid=1819035 HTTP/1.1" 404 14873
66.249.71.121 - - [28/Nov/2015:03:10:15 +0800] "GET /content/repository/resource_content.jsp?oid=4364434&queryType=qs&queryString=%E5%9B%9B%E7%93%A3%E8%8A%B1 HTTP/1.1" 200 29824
61.135.189.96 - - [28/Nov/2015:03:10:28 +0800] "GET /digiarch/content/repository/resource_content.jsp?oid=1826652 HTTP/1.1" 404 14873
66.249.71.64 - - [28/Nov/2015:03:10:45 +0800] "GET /content/repository/resource_content.jsp?oid=2572803 HTTP/1.1" 200 28815
61.135.189.96 - - [28/Nov/2015:03:10:46 +0800] "GET /digiarch/content/repository/resource_content.jsp?oid=1826639 HTTP/1.1" 404 14873
66.249.74.100 - - [28/Nov/2015:03:10:49 +0800] "GET /content/repository/resource_content.jsp?oid=1515420&queryString=%E5%A4%9A%E5%AA%92%E9%AB%94%20%E5%AA%92%E9%AB%94%20%E5%BD%B1%E5%83%8F%E4%BF%AE%E8%A3%9C%20%E6%95%B8%E4%BD%8D%E5%85%B8%E8%97%8F%20%E6%95%B8%E4%BD%8D%E5%85%B8%E8%97%8F%E6%8A%80%E8%A1%93%20%E8%A6%96%E8%A8%8A HTTP/1.1" 200 28936
61.135.189.96 - - [28/Nov/2015:03:11:05 +0800] "GET /digiarch/content/repository/resource_content.jsp?oid=3357861 HTTP/1.1" 404 14873
66.249.71.60 - - [28/Nov/2015:03:11:06 +0800] "GET /content/nav/relationSubject.jsp?relationWords=%E7%A7%BB%E6%9C%83+&oid=2689228 HTTP/1.1" 200 3085
66.249.71.60 - - [28/Nov/2015:03:11:08 +0800] "GET /content/nav/relationSubject.jsp?relationWords=%E7%A7%BB%E6%9C%83%20&oid=2689228 HTTP/1.1" 200 3085
66.249.71.60 - - [28/Nov/2015:03:11:14 +0800] "GET /content/nav/relationSubject.jsp?relationWords=&oid=2586159 HTTP/1.1" 200 1405
66.249.71.64 - - [28/Nov/2015:03:11:16 +0800] "GET /content/repository/resource_content.jsp?oid=198005 HTTP/1.1" 200 29711
66.249.71.60 - - [28/Nov/2015:03:11:21 +0800] "GET /content/nav/relationSubject.jsp?relationWords=%E6%89%81%E8%9D%B8%E7%89%9B+%E6%89%81%E8%9D%B8%E7%89%9B%E5%B1%AC+%E6%89%81%E8%9D%B8%E7%89%9B%E7%A7%91+%E6%9F%84%E7%9C%BC%E7%9B%AE+%E8%85%B9%E8%B6%B3%E7%B6%B1+&oid=1886533 HTTP/1.1" 200 3428
61.135.189.96 - - [28/Nov/2015:03:11:21 +0800] "GET /digiarch/content/repository/resource_content.jsp?oid=1814489 HTTP/1.1" 404 14873
66.249.71.60 - - [28/Nov/2015:03:11:23 +0800] "GET /content/nav/relationSubject.jsp?relationWords=%E6%89%81%E8%9D%B8%E7%89%9B%20%E6%89%81%E8%9D%B8%E7%89%9B%E5%B1%AC%20%E6%89%81%E8%9D%B8%E7%89%9B%E7%A7%91%20%E6%9F%84%E7%9C%BC%E7%9B%AE%20%E8%85%B9%E8%B6%B3%E7%B6%B1%20&oid=1886533 HTTP/1.1" 200 3428
61.135.189.96 - - [28/Nov/2015:03:11:38 +0800] "GET /digiarch/content/repository/resource_content.jsp?oid=2543399 HTTP/1.1" 404 14873
66.249.71.60 - - [28/Nov/2015:03:11:42 +0800] "GET /content/nav/relationSubject.jsp?relationWords=&oid=2606066 HTTP/1.1" 200 1405
66.249.71.60 - - [28/Nov/2015:03:11:44 +0800] "GET /content/nav/relationSubject.jsp?relationWords=%E5%B4%87%E6%96%87+%E8%B2%A8%E9%81%8B+&oid=823945 HTTP/1.1" 200 3137
66.249.71.60 - - [28/Nov/2015:03:11:47 +0800] "GET /content/repository/resource_content.jsp?oid=2539892 HTTP/1.1" 200 28795
66.249.71.60 - - [28/Nov/2015:03:11:47 +0800] "GET /content/nav/relationSubject.jsp?relationWords=%E5%B4%87%E6%96%87%20%E8%B2%A8%E9%81%8B%20&oid=823945 HTTP/1.1" 200 3137
61.135.189.96 - - [28/Nov/2015:03:11:56 +0800] "GET /digiarch/content/repository/resource_content.jsp?oid=2546647 HTTP/1.1" 404 14873
66.249.74.98 - - [28/Nov/2015:03:12:00 +0800] "GET /content/nav/relationSubject.jsp?relationWords=&oid=2610986 HTTP/1.1" 200 1405
223.16.40.208 - - [28/Nov/2015:03:12:02 +0800] "GET /content/nav/relationSubject.jsp?relationWords=%E8%96%9C%E8%8D%94+&oid=16777485 HTTP/1.1" 200 3561
66.249.71.121 - - [28/Nov/2015:03:12:09 +0800] "GET /content/nav/relationSubject.jsp?relationWords=%E5%8D%B7%E9%A6%96+&oid=4485117 HTTP/1.1" 200 2927
66.249.71.105 - - [28/Nov/2015:03:12:11 +0800] "GET /content/nav/relationSubject.jsp?relationWords=%E5%8D%B7%E9%A6%96%20&oid=4485117 HTTP/1.1" 200 2927
61.135.189.96 - - [28/Nov/2015:03:12:12 +0800] "GET /digiarch/content/repository/resource_content.jsp?oid=1812982 HTTP/1.1" 404 14873
66.249.71.155 - - [28/Nov/2015:03:12:17 +0800] "GET /content/repository/resource_content.jsp?oid=1463063&queryType=qs&queryString=%E9%90%B5%E8%89%B2 HTTP/1.1" 200 31563
61.135.189.96 - - [28/Nov/2015:03:12:30 +0800] "GET /digiarch/content/repository/resource_content.jsp?oid=1814499 HTTP/1.1" 404 14873
66.249.71.72 - - [28/Nov/2015:03:12:33 +0800] "GET /content/nav/relationSubject.jsp?relationWords=&oid=1850118 HTTP/1.1" 200 1405
61.135.189.96 - - [28/Nov/2015:03:12:47 +0800] "GET /digiarch/content/repository/resource_content.jsp?oid=1819007 HTTP/1.1" 404 14873
66.249.71.105 - - [28/Nov/2015:03:12:48 +0800] "GET /content/repository/resource_content.jsp?oid=1875430&queryType=qs&queryString=%E4%B9%B3%E4%B8%81 HTTP/1.1" 200 29974
61.135.189.96 - - [28/Nov/2015:03:13:04 +0800] "GET /digiarch/content/repository/resource_content.jsp?oid=1820529 HTTP/1.1" 404 14873
66.249.71.64 - - [28/Nov/2015:03:13:17 +0800] "GET /content/nav/relationSubject.jsp?relationWords=%E4%B8%8B%E8%8A%B1%E7%B4%B0%E8%BE%9B+%E7%B4%B0%E8%BE%9B+%E7%B4%B0%E8%BE%9B%E5%B1%AC+&oid=1104131 HTTP/1.1" 200 3248
66.249.71.64 - - [28/Nov/2015:03:13:19 +0800] "GET /content/repository/resource_content.jsp?oid=738647 HTTP/1.1" 200 28803
66.249.71.60 - - [28/Nov/2015:03:13:19 +0800] "GET /content/nav/relationSubject.jsp?relationWords=%E4%B8%8B%E8%8A%B1%E7%B4%B0%E8%BE%9B%20%E7%B4%B0%E8%BE%9B%20%E7%B4%B0%E8%BE%9B%E5%B1%AC%20&oid=1104131 HTTP/1.1" 200 3248
61.135.189.96 - - [28/Nov/2015:03:13:20 +0800] "GET /digiarch/content/repository/resource_content.jsp?oid=2542368 HTTP/1.1" 404 14873
61.135.189.96 - - [28/Nov/2015:03:13:38 +0800] "GET /digiarch/content/repository/resource_content.jsp?oid=3334405 HTTP/1.1" 404 14873
101.226.169.217 - - [28/Nov/2015:03:13:38 +0800] "GET /digiarch3/content/subject/resource_content.jsp?oid=16777332&queryType=qc HTTP/1.1" 200 32785
66.249.71.60 - - [28/Nov/2015:03:13:49 +0800] "GET /content/repository/resource_content.jsp?oid=2593090 HTTP/1.1" 200 28042
66.249.71.60 - - [28/Nov/2015:03:13:50 +0800] "GET /content/nav/relationSubject.jsp?relationWords=&oid=2580201 HTTP/1.1" 200 1405
61.135.189.96 - - [28/Nov/2015:03:13:53 +0800] "GET /digiarch/content/repository/resource_content.jsp?oid=2540241 HTTP/1.1" 404 14873
61.135.189.96 - - [28/Nov/2015:03:14:09 +0800] "GET /digiarch/content/repository/resource_content.jsp?oid=2542142 HTTP/1.1" 404 14873
66.249.71.72 - - [28/Nov/2015:03:14:20 +0800] "GET /content/repository/resource_content.jsp?oid=1844517 HTTP/1.1" 200 29143
61.135.189.96 - - [28/Nov/2015:03:14:26 +0800] "GET /digiarch/content/repository/resource_content.jsp?oid=1814488 HTTP/1.1" 404 14873
66.249.71.60 - - [28/Nov/2015:03:14:32 +0800] "GET /content/nav/relationSubject.jsp?relationWords=%E5%96%AE%E8%89%B2+&oid=198005 HTTP/1.1" 200 3192
66.249.71.60 - - [28/Nov/2015:03:14:34 +0800] "GET /content/nav/relationSubject.jsp?relationWords=%E5%96%AE%E8%89%B2%20&oid=198005 HTTP/1.1" 200 3192
66.249.71.173 - - [28/Nov/2015:03:14:34 +0800] "GET /content/nav/relationSubject.jsp?relationWords=%E5%A4%A7%E6%88%9F+%E5%A4%A7%E6%88%9F%E7%A7%91+%E6%A4%8D%E7%89%A9%E7%95%8C+%E9%90%B5%E8%89%B2+%E9%90%B5%E8%89%B2%E5%B1%AC+&oid=1463063 HTTP/1.1" 200 3355
66.249.71.155 - - [28/Nov/2015:03:14:37 +0800] "GET /content/nav/relationSubject.jsp?relationWords=%E5%A4%A7%E6%88%9F%20%E5%A4%A7%E6%88%9F%E7%A7%91%20%E6%A4%8D%E7%89%A9%E7%95%8C%20%E9%90%B5%E8%89%B2%20%E9%90%B5%E8%89%B2%E5%B1%AC%20&oid=1463063 HTTP/1.1" 200 3355
61.135.189.96 - - [28/Nov/2015:03:14:40 +0800] "GET /digiarch/content/repository/resource_content.jsp?oid=1813394 HTTP/1.1" 404 14873
66.249.71.60 - - [28/Nov/2015:03:14:44 +0800] "GET /content/repository/resource_content.jsp?oid=1102570&queryString=%E4%B8%89%E4%B8%83%E8%8D%89%E5%B1%AC%20%E6%A4%8D%E7%89%A9%E7%95%8C%20%E7%B4%85%E9%B3%B3%E8%8F%9C%20%E8%8F%8A%E7%A7%91%20%E9%9B%99%E5%AD%90%E8%91%89%E6%A4%8D%E7%89%A9 HTTP/1.1" 200 31281
66.249.71.60 - - [28/Nov/2015:03:14:50 +0800] "GET /content/repository/resource_content.jsp?oid=3813602&queryString=%E7%B4%85%E9%9E%98%E8%96%B9%20%E8%96%B9%E5%B1%AC HTTP/1.1" 200 31129
66.249.71.60 - - [28/Nov/2015:03:14:51 +0800] "GET /content/nav/relationSubject.jsp?relationWords=&oid=2598479 HTTP/1.1" 200 1405
61.135.189.96 - - [28/Nov/2015:03:14:55 +0800] "GET /digiarch/content/repository/resource_content.jsp?oid=3334373 HTTP/1.1" 404 14873
101.226.167.213 - - [28/Nov/2015:03:15:00 +0800] "GET /digiarch3/content/subject/resource_content.jsp?oid=16777551&queryType=qc HTTP/1.1" 200 32216
61.135.189.96 - - [28/Nov/2015:03:15:09 +0800] "GET /digiarch/content/repository/resource_content.jsp?oid=1813506 HTTP/1.1" 404 14873
66.249.77.85 - - [28/Nov/2015:03:15:13 +0800] "GET /content/nav/relationSubject.jsp?relationWords=%E6%8F%90%E7%9D%A3+&oid=2638468 HTTP/1.1" 200 3993
66.249.77.85 - - [28/Nov/2015:03:15:15 +0800] "GET /content/nav/relationSubject.jsp?relationWords=%E6%8F%90%E7%9D%A3%20&oid=2638468 HTTP/1.1" 200 3993
66.249.71.60 - - [28/Nov/2015:03:15:21 +0800] "GET /content/repository/resource_content.jsp?oid=2561503 HTTP/1.1" 200 29162
61.135.189.96 - - [28/Nov/2015:03:15:23 +0800] "GET /digiarch/content/repository/resource_content.jsp?oid=1888514 HTTP/1.1" 404 14873
66.249.71.60 - - [28/Nov/2015:03:15:25 +0800] "GET /content/nav/relationSubject.jsp?relationWords=%E5%90%8C%E7%9F%A5+%E5%B7%A1%E6%92%AB+&oid=2515210 HTTP/1.1" 200 4016
66.249.71.60 - - [28/Nov/2015:03:15:26 +0800] "GET /content/nav/relationSubject.jsp?relationWords=%E5%90%8C%E7%9F%A5%20%E5%B7%A1%E6%92%AB%20&oid=2515210 HTTP/1.1" 200 4016
61.135.189.96 - - [28/Nov/2015:03:15:37 +0800] "GET /digiarch/content/repository/resource_content.jsp?oid=1813405 HTTP/1.1" 404 14873
101.226.168.210 - - [28/Nov/2015:03:15:44 +0800] "GET /digiarch3/content/subject/resource_content.jsp?oid=16777490&queryType=qc HTTP/1.1" 200 37183
66.249.71.60 - - [28/Nov/2015:03:15:47 +0800] "GET /content/nav/relationSubject.jsp?relationWords=&oid=2595152 HTTP/1.1" 200 1405
66.249.71.60 - - [28/Nov/2015:03:15:52 +0800] "GET /content/repository/resource_content.jsp?oid=289030 HTTP/1.1" 200 28802
61.135.189.96 - - [28/Nov/2015:03:15:54 +0800] "GET /digiarch/content/repository/resource_content.jsp?oid=1174625 HTTP/1.1" 404 14873
40.77.167.69 - - [28/Nov/2015:03:16:07 +0800] "GET /content/repository/resource_content.jsp?oid=1115253 HTTP/1.1" 200 31594
61.135.189.96 - - [28/Nov/2015:03:16:09 +0800] "GET /digiarch/content/repository/resource_content.jsp?oid=1813546 HTTP/1.1" 404 14873
61.135.189.96 - - [28/Nov/2015:03:16:23 +0800] "GET /digiarch/content/repository/resource_content.jsp?oid=1814484 HTTP/1.1" 404 14873
66.249.71.64 - - [28/Nov/2015:03:16:35 +0800] "GET /content/nav/relationSubject.jsp?relationWords=%E4%BA%BA%E5%90%8D%E6%AC%8A%E5%A8%81+%E4%BF%84%E5%9C%8B+%E5%A5%A7%E4%BF%98+&oid=738647 HTTP/1.1" 200 3152
61.135.189.96 - - [28/Nov/2015:03:16:37 +0800] "GET /digiarch/content/repository/resource_content.jsp?oid=1814501 HTTP/1.1" 404 14873
66.249.74.98 - - [28/Nov/2015:03:16:37 +0800] "GET /content/nav/relationSubject.jsp?relationWords=%E4%BA%BA%E5%90%8D%E6%AC%8A%E5%A8%81%20%E4%BF%84%E5%9C%8B%20%E5%A5%A7%E4%BF%98%20&oid=738647 HTTP/1.1" 200 3152
40.77.167.69 - - [28/Nov/2015:03:16:47 +0800] "GET /content/nav/relationSubject.jsp?relationWords=%E5%9C%93%E6%9F%8F+%E5%9C%93%E6%9F%8F%E5%B1%AC+%E6%9D%BE%E6%9D%89+%E6%9F%8F%E7%A7%91+%E6%A4%8D%E7%89%A9%E7%95%8C+%E6%AF%AC%E6%9E%9C+%E7%8E%89%E5%B1%B1%E5%9C%93%E6%9F%8F+&oid=1115253 HTTP/1.1" 200 3573
66.249.71.60 - - [28/Nov/2015:03:16:49 +0800] "GET /content/nav/relationSubject.jsp?relationWords=%E5%90%B3%E9%B3%B3+%E5%90%B3%E9%B3%B3%E9%84%89+%E5%9C%B0%E8%99%9F+%E6%89%80%E6%9C%89%E6%AC%8A+%E6%89%80%E6%9C%89%E6%AC%8A%E4%BA%BA+%E9%83%BD%E5%B8%82%E8%A8%88%E7%95%AB+&oid=1603166 HTTP/1.1" 200 5242
61.135.189.96 - - [28/Nov/2015:03:16:51 +0800] "GET /digiarch/content/repository/resource_content.jsp?oid=4429084 HTTP/1.1" 404 14873
66.249.71.60 - - [28/Nov/2015:03:16:52 +0800] "GET /content/nav/relationSubject.jsp?relationWords=%E5%90%B3%E9%B3%B3%20%E5%90%B3%E9%B3%B3%E9%84%89%20%E5%9C%B0%E8%99%9F%20%E6%89%80%E6%9C%89%E6%AC%8A%20%E6%89%80%E6%9C%89%E6%AC%8A%E4%BA%BA%20%E9%83%BD%E5%B8%82%E8%A8%88%E7%95%AB%20&oid=1603166 HTTP/1.1" 200 5242
66.249.71.60 - - [28/Nov/2015:03:16:54 +0800] "GET /content/repository/resource_content.jsp?oid=1109786 HTTP/1.1" 200 31493
61.135.189.96 - - [28/Nov/2015:03:17:05 +0800] "GET /digiarch/content/repository/resource_content.jsp?oid=2548807 HTTP/1.1" 404 14873
66.249.71.164 - - [28/Nov/2015:03:17:06 +0800] "GET /content/nav/relationSubject.jsp?relationWords=%E7%B4%A0%E9%80%9A+&oid=3411184 HTTP/1.1" 200 2724
66.249.71.155 - - [28/Nov/2015:03:17:09 +0800] "GET /content/nav/relationSubject.jsp?relationWords=%E7%B4%A0%E9%80%9A%20&oid=3411184 HTTP/1.1" 200 2724
61.135.189.96 - - [28/Nov/2015:03:17:20 +0800] "GET /digiarch/content/repository/resource_content.jsp?oid=1888263 HTTP/1.1" 404 14873
66.249.71.72 - - [28/Nov/2015:03:17:24 +0800] "GET /content/subject/resource_content.jsp?oid=16777475&queryString=%E5%8C%96%E5%A6%9D%E5%93%81%20%E5%A4%9A%E6%A8%A3%E6%80%A7%20%E5%B0%8F%E5%90%83 HTTP/1.1" 200 62049
61.135.189.96 - - [28/Nov/2015:03:17:34 +0800] "GET /digiarch/content/repository/resource_content.jsp?oid=1775698 HTTP/1.1" 404 14873
61.135.189.96 - - [28/Nov/2015:03:17:48 +0800] "GET /digiarch/content/repository/resource_content.jsp?oid=1820816 HTTP/1.1" 404 14873
66.249.71.5 - - [28/Nov/2015:03:17:55 +0800] "GET /digiarch3/content/pictures/picture_content.jsp?oid=33554823&classify=2761 HTTP/1.1" 200 27852
61.135.189.96 - - [28/Nov/2015:03:18:02 +0800] "GET /digiarch/content/repository/resource_content.jsp?oid=1820801 HTTP/1.1" 404 14873
61.135.189.96 - - [28/Nov/2015:03:18:16 +0800] "GET /digiarch/content/repository/resource_content.jsp?oid=1821288 HTTP/1.1" 404 14873
66.249.71.60 - - [28/Nov/2015:03:18:25 +0800] "GET /content/repository/resource_content.jsp?oid=2671446 HTTP/1.1" 200 29045
61.135.189.96 - - [28/Nov/2015:03:18:30 +0800] "GET /digiarch/content/repository/resource_content.jsp?oid=1814500 HTTP/1.1" 404 14873
61.135.189.96 - - [28/Nov/2015:03:18:43 +0800] "GET /digiarch/content/repository/resource_content.jsp?oid=1820298 HTTP/1.1" 404 14873
66.249.71.64 - - [28/Nov/2015:03:18:44 +0800] "GET /content/repository/resource_content.jsp?oid=1095091&queryString=%E5%B0%8F%E6%A7%90%E8%8A%B1%20%E5%B1%B1%E8%9E%9E%E8%9D%97%E5%B1%AC%20%E6%A4%8D%E7%89%A9%E7%95%8C%20%E8%A0%B6%E8%B1%86%20%E9%9B%99%E5%AD%90%E8%91%89%E6%A4%8D%E7%89%A9 HTTP/1.1" 200 31693
66.249.71.60 - - [28/Nov/2015:03:18:56 +0800] "GET /content/repository/resource_content.jsp?oid=14538&queryString=%E4%B9%9D%E5%AD%94%E8%9E%BA%20%E7%89%A1%E8%A0%A3%20%E9%AE%91%E9%AD%9A HTTP/1.1" 200 34254
61.135.189.96 - - [28/Nov/2015:03:18:57 +0800] "GET /digiarch/content/repository/resource_content.jsp?oid=289471 HTTP/1.1" 404 14873
61.135.189.96 - - [28/Nov/2015:03:19:11 +0800] "GET /digiarch/content/repository/resource_content.jsp?oid=1821283 HTTP/1.1" 404 14873
66.249.71.72 - - [28/Nov/2015:03:19:12 +0800] "GET /content/nav/relationSubject.jsp?relationWords=&oid=2572803 HTTP/1.1" 200 1405
66.249.71.60 - - [28/Nov/2015:03:19:19 +0800] "GET /content/nav/relationSubject.jsp?relationWords=%E5%9C%B0%E5%BD%A2%E5%9C%96+&oid=219897 HTTP/1.1" 200 3046
66.249.71.60 - - [28/Nov/2015:03:19:23 +0800] "GET /content/nav/relationSubject.jsp?relationWords=%E5%9C%B0%E5%BD%A2%E5%9C%96%20&oid=219897 HTTP/1.1" 200 3046
61.135.189.96 - - [28/Nov/2015:03:19:25 +0800] "GET /digiarch/content/repository/resource_content.jsp?oid=4588964 HTTP/1.1" 404 14873
66.249.71.60 - - [28/Nov/2015:03:19:25 +0800] "GET /content/nav/relationSubject.jsp?relationWords=%E9%AA%A8%E7%AE%AD%E9%A0%AD+&oid=1856281 HTTP/1.1" 200 2990
66.249.71.23 - - [28/Nov/2015:03:19:27 +0800] "GET /digiarch3/content/subject/resource_content.jsp?oid=16777519&queryType=qs&queryString=%E7%86%B1%E5%B8%B6%E5%9C%B0%E5%8D%80 HTTP/1.1" 200 36001
66.249.71.60 - - [28/Nov/2015:03:19:27 +0800] "GET /content/nav/relationSubject.jsp?relationWords=%E9%AA%A8%E7%AE%AD%E9%A0%AD%20&oid=1856281 HTTP/1.1" 200 2990
66.249.71.64 - - [28/Nov/2015:03:19:37 +0800] "GET /content/repository/resource_content.jsp?oid=697743 HTTP/1.1" 200 29221
66.249.71.60 - - [28/Nov/2015:03:19:39 +0800] "GET /content/nav/relationSubject.jsp?relationWords=&oid=2593090 HTTP/1.1" 200 1405
61.135.189.96 - - [28/Nov/2015:03:19:39 +0800] "GET /digiarch/content/repository/resource_content.jsp?oid=1820534 HTTP/1.1" 404 14873
61.135.189.96 - - [28/Nov/2015:03:19:51 +0800] "GET /digiarch/content/repository/resource_content.jsp?oid=1811437 HTTP/1.1" 404 14873
66.249.71.105 - - [28/Nov/2015:03:19:57 +0800] "GET /content/repository/resource_content.jsp?oid=4363084&queryType=qs&queryString=%E9%A6%AC%E5%B0%87%E8%BB%8D HTTP/1.1" 200 28828
61.135.189.96 - - [28/Nov/2015:03:20:03 +0800] "GET /digiarch/content/repository/resource_content.jsp?oid=288809 HTTP/1.1" 404 14873
66.249.71.64 - - [28/Nov/2015:03:20:08 +0800] "GET /content/nav/relationSubject.jsp?relationWords=%E9%84%89%E8%A9%A6+%E9%A1%8C%E5%90%8D%E9%8C%84+&oid=2671446 HTTP/1.1" 200 5357
66.249.71.60 - - [28/Nov/2015:03:20:09 +0800] "GET /content/nav/relationSubject.jsp?relationWords=%E9%84%89%E8%A9%A6%20%E9%A1%8C%E5%90%8D%E9%8C%84%20&oid=2671446 HTTP/1.1" 200 5357
61.135.189.96 - - [28/Nov/2015:03:20:16 +0800] "GET /digiarch/content/repository/resource_content.jsp?oid=1826013 HTTP/1.1" 404 14873
66.249.71.72 - - [28/Nov/2015:03:20:28 +0800] "GET /content/repository/resource_content.jsp?oid=1124784&queryType=qc HTTP/1.1" 200 36029
61.135.189.96 - - [28/Nov/2015:03:20:30 +0800] "GET /digiarch/content/repository/resource_content.jsp?oid=1827092 HTTP/1.1" 404 14873
61.135.189.96 - - [28/Nov/2015:03:20:45 +0800] "GET /digiarch/content/repository/resource_content.jsp?oid=1887630 HTTP/1.1" 404 14873
66.249.71.60 - - [28/Nov/2015:03:20:45 +0800] "GET /content/nav/relationSubject.jsp?relationWords=%E7%89%A1%E8%A0%A3+%E7%89%A1%E8%A0%A3%E9%9A%B1%E9%AD%9A+%E9%9A%B1%E9%AD%9A%E7%A7%91+&oid=14538 HTTP/1.1" 200 3432
66.249.71.60 - - [28/Nov/2015:03:20:48 +0800] "GET /content/nav/relationSubject.jsp?relationWords=%E7%89%A1%E8%A0%A3%20%E7%89%A1%E8%A0%A3%E9%9A%B1%E9%AD%9A%20%E9%9A%B1%E9%AD%9A%E7%A7%91%20&oid=14538 HTTP/1.1" 200 3432
66.249.79.24 - - [28/Nov/2015:03:20:59 +0800] "GET /content/subject/resource_content.jsp?oid=16777476&queryType=qs&queryString=%E9%87%8E%E7%94%9F%E5%8B%95%E7%89%A9%E4%BF%9D%E8%82%B2 HTTP/1.1" 200 54285
61.135.189.96 - - [28/Nov/2015:03:21:01 +0800] "GET /digiarch/content/repository/resource_content.jsp?oid=2614096 HTTP/1.1" 404 14873
61.135.189.96 - - [28/Nov/2015:03:21:14 +0800] "GET /digiarch/content/repository/resource_content.jsp?oid=292237 HTTP/1.1" 404 14873
61.135.189.96 - - [28/Nov/2015:03:21:27 +0800] "GET /digiarch/content/repository/resource_content.jsp?oid=1888283 HTTP/1.1" 404 14873
66.249.77.97 - - [28/Nov/2015:03:21:29 +0800] "GET /content/subject/resource_content.jsp?oid=16777770&queryType=qs&queryString=%E5%B9%B3%E5%9F%94%E6%97%8F HTTP/1.1" 200 53770
61.135.189.96 - - [28/Nov/2015:03:21:40 +0800] "GET /digiarch/content/repository/resource_content.jsp?oid=4429126 HTTP/1.1" 404 14873
66.249.71.72 - - [28/Nov/2015:03:21:43 +0800] "GET /content/nav/relationSubject.jsp?relationWords=%E5%B5%8C%E7%89%87+%E8%B1%AC%E7%89%99+%E8%B1%AC%E7%89%99%E9%91%B2%E5%B5%8C%E7%89%87+%E9%91%B2%E5%B5%8C+%E9%91%B2%E5%B5%8C%E7%89%87+&oid=1863630 HTTP/1.1" 200 3972
66.249.71.60 - - [28/Nov/2015:03:21:45 +0800] "GET /content/nav/relationSubject.jsp?relationWords=%E5%B5%8C%E7%89%87%20%E8%B1%AC%E7%89%99%20%E8%B1%AC%E7%89%99%E9%91%B2%E5%B5%8C%E7%89%87%20%E9%91%B2%E5%B5%8C%20%E9%91%B2%E5%B5%8C%E7%89%87%20&oid=1863630 HTTP/1.1" 200 3972
61.135.189.96 - - [28/Nov/2015:03:21:52 +0800] "GET /digiarch/content/repository/resource_content.jsp?oid=3357766 HTTP/1.1" 404 14873
66.249.71.105 - - [28/Nov/2015:03:21:59 +0800] "GET /content/repository/resource_content.jsp?oid=2674310&queryType=qs&queryString=%E9%A0%86%E6%B2%BB%E5%B8%9D HTTP/1.1" 200 29913
66.249.71.60 - - [28/Nov/2015:03:22:03 +0800] "GET /content/nav/relationSubject.jsp?relationWords=%E5%8D%9C%E8%BE%AD+%E5%8D%9C%E8%BE%AD%E6%AE%98%E7%89%87+%E6%AE%98%E7%89%87+%E9%BE%9C%E7%94%B2+%E9%BE%9C%E7%94%B2%E5%8D%9C%E8%BE%AD+%E9%BE%9C%E7%94%B2%E5%8D%9C%E8%BE%AD%E6%AE%98%E7%89%87+&oid=1844517 HTTP/1.1" 200 3389
66.249.71.60 - - [28/Nov/2015:03:22:04 +0800] "GET /content/nav/relationSubject.jsp?relationWords=%E5%8D%9C%E8%BE%AD%20%E5%8D%9C%E8%BE%AD%E6%AE%98%E7%89%87%20%E6%AE%98%E7%89%87%20%E9%BE%9C%E7%94%B2%20%E9%BE%9C%E7%94%B2%E5%8D%9C%E8%BE%AD%20%E9%BE%9C%E7%94%B2%E5%8D%9C%E8%BE%AD%E6%AE%98%E7%89%87%20&oid=1844517 HTTP/1.1" 200 3389
61.135.189.96 - - [28/Nov/2015:03:22:05 +0800] "GET /digiarch/content/repository/resource_content.jsp?oid=1827131 HTTP/1.1" 404 14873
61.135.189.96 - - [28/Nov/2015:03:22:17 +0800] "GET /digiarch/content/repository/resource_content.jsp?oid=2565740 HTTP/1.1" 404 14873
61.135.189.96 - - [28/Nov/2015:03:22:30 +0800] "GET /digiarch/content/repository/resource_content.jsp?oid=2522840 HTTP/1.1" 404 14873
66.249.71.72 - - [28/Nov/2015:03:22:40 +0800] "GET /content/repository/resource_content.jsp?oid=1613662&queryString=%E8%B6%99%E6%A3%AE%E6%B5%B7 HTTP/1.1" 200 31321
61.135.189.96 - - [28/Nov/2015:03:22:42 +0800] "GET /digiarch/content/repository/resource_content.jsp?oid=1826905 HTTP/1.1" 404 14873
61.135.189.96 - - [28/Nov/2015:03:22:54 +0800] "GET /digiarch/content/repository/resource_content.jsp?oid=3357690 HTTP/1.1" 404 14873
61.135.189.96 - - [28/Nov/2015:03:23:07 +0800] "GET /digiarch/content/repository/resource_content.jsp?oid=1811432 HTTP/1.1" 404 14873
66.249.71.60 - - [28/Nov/2015:03:23:17 +0800] "GET /content/nav/relationSubject.jsp?relationWords=%E5%B1%85%E5%BB%B6%E6%BC%A2%E7%B0%A1+%E6%BC%A2%E7%B0%A1+&oid=289030 HTTP/1.1" 200 3898
66.249.71.60 - - [28/Nov/2015:03:23:19 +0800] "GET /content/nav/relationSubject.jsp?relationWords=%E5%B1%85%E5%BB%B6%E6%BC%A2%E7%B0%A1%20%E6%BC%A2%E7%B0%A1%20&oid=289030 HTTP/1.1" 200 3898
61.135.189.96 - - [28/Nov/2015:03:23:19 +0800] "GET /digiarch/content/repository/resource_content.jsp?oid=1827068 HTTP/1.1" 404 14873
66.249.74.98 - - [28/Nov/2015:03:23:20 +0800] "GET /content/nav/relationSubject.jsp?relationWords=%E8%B3%9E%E9%8A%80+%E9%8A%80%E6%95%B8+&oid=2535493 HTTP/1.1" 200 3116
66.249.71.60 - - [28/Nov/2015:03:23:23 +0800] "GET /content/nav/relationSubject.jsp?relationWords=%E8%B3%9E%E9%8A%80%20%E9%8A%80%E6%95%B8%20&oid=2535493 HTTP/1.1" 200 3116
66.249.71.60 - - [28/Nov/2015:03:23:25 +0800] "GET /content/nav/relationSubject.jsp?relationWords=%E6%A4%8D%E7%89%A9%E7%95%8C+%E7%B4%85%E9%9E%98%E8%96%B9+%E8%8E%8E%E8%8D%89+%E8%8E%8E%E8%8D%89%E7%A7%91+%E8%96%B9%E5%B1%AC+&oid=3813602 HTTP/1.1" 200 3308
66.249.71.60 - - [28/Nov/2015:03:23:27 +0800] "GET /content/nav/relationSubject.jsp?relationWords=%E6%A4%8D%E7%89%A9%E7%95%8C%20%E7%B4%85%E9%9E%98%E8%96%B9%20%E8%8E%8E%E8%8D%89%20%E8%8E%8E%E8%8D%89%E7%A7%91%20%E8%96%B9%E5%B1%AC%20&oid=3813602 HTTP/1.1" 200 3308
61.135.189.96 - - [28/Nov/2015:03:23:31 +0800] "GET /digiarch/content/repository/resource_content.jsp?oid=1827089 HTTP/1.1" 404 14873
66.249.71.5 - - [28/Nov/2015:03:23:32 +0800] "GET /digiarch3/content/nav/relationSubject.jsp?relationWords=%E6%A2%9D%E7%B4%8B%E8%93%8B%E5%88%BA%E9%AD%9A+&oid=33554823 HTTP/1.1" 200 3257
66.249.71.5 - - [28/Nov/2015:03:23:34 +0800] "GET /digiarch3/content/nav/relationSubject.jsp?relationWords=%E6%A2%9D%E7%B4%8B%E8%93%8B%E5%88%BA%E9%AD%9A%20&oid=33554823 HTTP/1.1" 200 3257
66.249.71.113 - - [28/Nov/2015:03:23:44 +0800] "GET /content/nav/relationSubject.jsp?relationWords=%E9%A6%AC%E5%B0%87%E8%BB%8D+&oid=4363084 HTTP/1.1" 200 1890
61.135.189.96 - - [28/Nov/2015:03:23:44 +0800] "GET /digiarch/content/repository/resource_content.jsp?oid=1827072 HTTP/1.1" 404 14873
61.135.189.96 - - [28/Nov/2015:03:23:57 +0800] "GET /digiarch/content/repository/resource_content.jsp?oid=2558442 HTTP/1.1" 404 14873
66.249.71.60 - - [28/Nov/2015:03:24:02 +0800] "GET /content/repository/resource_content.jsp?oid=2565981 HTTP/1.1" 200 29297
61.135.189.96 - - [28/Nov/2015:03:24:09 +0800] "GET /digiarch/content/repository/resource_content.jsp?oid=2529438 HTTP/1.1" 404 14873
66.249.71.60 - - [28/Nov/2015:03:24:14 +0800] "GET /content/nav/relationSubject.jsp?relationWords=&oid=2561503 HTTP/1.1" 200 1405
61.135.189.96 - - [28/Nov/2015:03:24:22 +0800] "GET /digiarch/content/repository/resource_content.jsp?oid=2528765 HTTP/1.1" 404 14873
61.135.189.96 - - [28/Nov/2015:03:24:35 +0800] "GET /digiarch/content/repository/resource_content.jsp?oid=1821284 HTTP/1.1" 404 14873
61.135.189.96 - - [28/Nov/2015:03:24:48 +0800] "GET /digiarch/content/repository/resource_content.jsp?oid=1820377 HTTP/1.1" 404 14873
61.135.189.96 - - [28/Nov/2015:03:25:00 +0800] "GET /digiarch/content/repository/resource_content.jsp?oid=3039714 HTTP/1.1" 404 14873
66.249.71.60 - - [28/Nov/2015:03:25:03 +0800] "GET /content/repository/resource_content.jsp?oid=1099577 HTTP/1.1" 200 31057
61.135.189.96 - - [28/Nov/2015:03:25:14 +0800] "GET /digiarch/content/repository/resource_content.jsp?oid=1887449 HTTP/1.1" 404 14873
61.135.189.96 - - [28/Nov/2015:03:25:26 +0800] "GET /digiarch/content/repository/resource_content.jsp?oid=1813531 HTTP/1.1" 404 14873
66.249.71.72 - - [28/Nov/2015:03:25:34 +0800] "GET /content/repository/resource_content.jsp?oid=2148539 HTTP/1.1" 200 31024
61.135.189.96 - - [28/Nov/2015:03:25:38 +0800] "GET /digiarch/content/repository/resource_content.jsp?oid=2547781 HTTP/1.1" 404 14873
123.125.71.85 - - [28/Nov/2015:03:25:40 +0800] "GET /content/repository/resource_content.jsp?oid=1619031 HTTP/1.1" 200 31663
61.135.189.96 - - [28/Nov/2015:03:25:51 +0800] "GET /digiarch/content/repository/resource_content.jsp?oid=1826011 HTTP/1.1" 404 14873
61.135.189.96 - - [28/Nov/2015:03:26:04 +0800] "GET /digiarch/content/repository/resource_content.jsp?oid=1826900 HTTP/1.1" 404 14873
66.249.71.60 - - [28/Nov/2015:03:26:05 +0800] "GET /content/repository/resource_content.jsp?oid=1850987&queryString=%E6%A2%AF%E5%BD%A2%20%E8%BB%8A%E9%A6%AC%E5%99%A8 HTTP/1.1" 200 30297
61.135.189.96 - - [28/Nov/2015:03:26:17 +0800] "GET /digiarch/content/repository/resource_content.jsp?oid=2527602 HTTP/1.1" 404 14873
66.249.71.60 - - [28/Nov/2015:03:26:22 +0800] "GET /content/nav/relationSubject.jsp?relationWords=%E5%8D%9C%E8%BE%AD+%E5%8D%9C%E8%BE%AD%E6%AE%98%E7%89%87+%E6%AE%98%E7%89%87+%E9%BE%9C%E7%94%B2+%E9%BE%9C%E7%94%B2%E5%8D%9C%E8%BE%AD+%E9%BE%9C%E7%94%B2%E5%8D%9C%E8%BE%AD%E6%AE%98%E7%89%87+&oid=1874438 HTTP/1.1" 200 3389
66.249.71.60 - - [28/Nov/2015:03:26:24 +0800] "GET /content/nav/relationSubject.jsp?relationWords=%E5%8D%9C%E8%BE%AD%20%E5%8D%9C%E8%BE%AD%E6%AE%98%E7%89%87%20%E6%AE%98%E7%89%87%20%E9%BE%9C%E7%94%B2%20%E9%BE%9C%E7%94%B2%E5%8D%9C%E8%BE%AD%20%E9%BE%9C%E7%94%B2%E5%8D%9C%E8%BE%AD%E6%AE%98%E7%89%87%20&oid=1874438 HTTP/1.1" 200 3389
61.135.189.96 - - [28/Nov/2015:03:26:29 +0800] "GET /digiarch/content/repository/resource_content.jsp?oid=2548575 HTTP/1.1" 404 14873
66.249.71.60 - - [28/Nov/2015:03:26:35 +0800] "GET /content/repository/resource_content.jsp?oid=1571707&queryString=%E5%88%91%E4%BA%8B%E8%A8%B4%E8%A8%9F%E6%B3%95 HTTP/1.1" 200 30216
66.249.77.97 - - [28/Nov/2015:03:26:41 +0800] "GET /content/subject/resource_content.jsp?oid=16777390&queryType=qs&queryString=%E9%83%A8%E8%90%BD%E6%A0%BC HTTP/1.1" 200 43054
61.135.189.96 - - [28/Nov/2015:03:26:42 +0800] "GET /digiarch/content/repository/resource_content.jsp?oid=2547796 HTTP/1.1" 404 14873
61.135.189.96 - - [28/Nov/2015:03:26:54 +0800] "GET /digiarch/content/repository/resource_content.jsp?oid=2556377 HTTP/1.1" 404 14873
125.88.204.141 - - [28/Nov/2015:03:26:59 +0800] "GET /content/tmp_tec/resource_content.jsp?oid=16777741 HTTP/1.0" 200 49738
61.135.189.96 - - [28/Nov/2015:03:27:05 +0800] "GET /digiarch/content/repository/resource_content.jsp?oid=1814465 HTTP/1.1" 404 14873
61.135.189.96 - - [28/Nov/2015:03:27:17 +0800] "GET /digiarch/content/repository/resource_content.jsp?oid=1814470 HTTP/1.1" 404 14873
66.249.71.64 - - [28/Nov/2015:03:27:26 +0800] "GET /content/nav/relationSubject.jsp?relationWords=%E9%AA%A8%E9%8F%83+&oid=1878271 HTTP/1.1" 200 2963
61.135.189.96 - - [28/Nov/2015:03:27:29 +0800] "GET /digiarch/content/repository/resource_content.jsp?oid=1820754 HTTP/1.1" 404 14873
66.249.71.60 - - [28/Nov/2015:03:27:29 +0800] "GET /content/nav/relationSubject.jsp?relationWords=%E9%AA%A8%E9%8F%83%20&oid=1878271 HTTP/1.1" 200 2963
66.249.71.60 - - [28/Nov/2015:03:27:37 +0800] "GET /content/repository/resource_content.jsp?oid=1872831 HTTP/1.1" 200 29071
61.135.189.96 - - [28/Nov/2015:03:27:41 +0800] "GET /digiarch/content/repository/resource_content.jsp?oid=3357755 HTTP/1.1" 404 14873
61.135.189.96 - - [28/Nov/2015:03:27:52 +0800] "GET /digiarch/content/repository/resource_content.jsp?oid=2554916 HTTP/1.1" 404 14873
61.135.189.96 - - [28/Nov/2015:03:28:05 +0800] "GET /digiarch/content/repository/resource_content.jsp?oid=2548931 HTTP/1.1" 404 14873
66.249.71.72 - - [28/Nov/2015:03:28:07 +0800] "GET /content/repository/resource_content.jsp?oid=4364274&queryString=%E6%8E%9B%E5%B1%8F%20%E8%A7%80%E4%B8%96%E9%9F%B3 HTTP/1.1" 200 29256
66.249.71.60 - - [28/Nov/2015:03:28:11 +0800] "GET /content/nav/relationSubject.jsp?relationWords=%E5%B1%B1%E8%83%9E+%E5%B9%B3%E5%9C%B0%E5%B1%B1%E8%83%9E+&oid=1548593 HTTP/1.1" 200 3764
66.249.71.60 - - [28/Nov/2015:03:28:13 +0800] "GET /content/nav/relationSubject.jsp?relationWords=%E5%B1%B1%E8%83%9E%20%E5%B9%B3%E5%9C%B0%E5%B1%B1%E8%83%9E%20&oid=1548593 HTTP/1.1" 200 3764
61.135.189.96 - - [28/Nov/2015:03:28:16 +0800] "GET /digiarch/content/repository/resource_content.jsp?oid=1814469 HTTP/1.1" 404 14873
66.249.71.60 - - [28/Nov/2015:03:28:32 +0800] "GET /content/nav/relationSubject.jsp?relationWords=%E6%96%87%E7%9F%B3+%E6%A2%AF%E5%BD%A2+&oid=1850987 HTTP/1.1" 200 3094
66.249.71.60 - - [28/Nov/2015:03:28:34 +0800] "GET /content/nav/relationSubject.jsp?relationWords=%E6%96%87%E7%9F%B3%20%E6%A2%AF%E5%BD%A2%20&oid=1850987 HTTP/1.1" 200 3094
66.249.71.60 - - [28/Nov/2015:03:28:38 +0800] "GET /content/repository/resource_content.jsp?oid=1103936&queryString=%E6%9D%9C%E8%8B%B1%20%E6%A4%8D%E7%89%A9%E7%95%8C%20%E7%8C%B4%E6%AD%A1%E5%96%9C%20%E7%8C%B4%E6%AD%A1%E5%96%9C%E5%B1%AC%20%E9%8C%A6%E8%91%B5 HTTP/1.1" 200 31117
66.249.71.72 - - [28/Nov/2015:03:30:22 +0800] "GET /content/nav/relationSubject.jsp?relationWords=%E5%88%91%E4%BA%8B%E8%A8%B4%E8%A8%9F+%E5%88%91%E4%BA%8B%E8%A8%B4%E8%A8%9F%E6%B3%95+%E5%B0%91%E5%B9%B4%E7%8A%AF+%E5%B0%91%E5%B9%B4%E7%8A%AF%E7%BD%AA+%E5%B1%B1%E5%9C%B0%E9%9D%92%E5%B9%B4+%E6%B6%88%E9%98%B2+%E6%B6%88%E9%98%B2%E8%BB%8A+%E8%99%95%E9%95%B7+%E8%A8%B4%E8%A8%9F+%E8%AD%A6%E5%8B%99%E8%99%95+%E8%AD%A6%E5%AF%9F+%E8%AD%A6%E5%AF%9F%E6%95%99%E8%82%B2+&oid=1571707 HTTP/1.1" 200 5406
66.249.71.60 - - [28/Nov/2015:03:30:24 +0800] "GET /content/nav/relationSubject.jsp?relationWords=%E5%88%91%E4%BA%8B%E8%A8%B4%E8%A8%9F%20%E5%88%91%E4%BA%8B%E8%A8%B4%E8%A8%9F%E6%B3%95%20%E5%B0%91%E5%B9%B4%E7%8A%AF%20%E5%B0%91%E5%B9%B4%E7%8A%AF%E7%BD%AA%20%E5%B1%B1%E5%9C%B0%E9%9D%92%E5%B9%B4%20%E6%B6%88%E9%98%B2%20%E6%B6%88%E9%98%B2%E8%BB%8A%20%E8%99%95%E9%95%B7%20%E8%A8%B4%E8%A8%9F%20%E8%AD%A6%E5%8B%99%E8%99%95%20%E8%AD%A6%E5%AF%9F%20%E8%AD%A6%E5%AF%9F%E6%95%99%E8%82%B2%20&oid=1571707 HTTP/1.1" 200 5406
66.249.71.64 - - [28/Nov/2015:03:30:40 +0800] "GET /content/repository/resource_content.jsp?oid=1096728&queryString=%E6%A4%8D%E7%89%A9%E7%95%8C%20%E7%8B%97%E5%A8%83%E8%8A%B1%20%E7%8B%97%E5%A8%83%E8%8A%B1%E5%B1%AC%20%E8%8F%8A%E7%A7%91%20%E9%9B%99%E5%AD%90%E8%91%89%20%E9%9B%99%E5%AD%90%E8%91%89%E6%A4%8D%E7%89%A9 HTTP/1.1" 200 31360
66.249.71.60 - - [28/Nov/2015:03:31:11 +0800] "GET /content/repository/resource_content.jsp?oid=4495130&queryType=qs&queryString=%E5%BE%A1%E8%A6%BD HTTP/1.1" 200 29853
66.249.71.60 - - [28/Nov/2015:03:31:42 +0800] "GET /content/repository/resource_content.jsp?oid=2689757&queryString=%E5%8D%81%E5%9C%B0%20%E5%BD%8C%E5%8B%92%E5%83%8F%20%E6%A0%A1%E5%B0%89%20%E9%80%A0%E5%83%8F%E8%A8%98%20%E9%81%93%E5%A0%B4 HTTP/1.1" 200 30078
66.249.71.60 - - [28/Nov/2015:03:31:56 +0800] "GET /content/nav/relationSubject.jsp?relationWords=%E5%88%91%E9%83%A8+%E6%A0%A1%E5%B0%89+&oid=2689757 HTTP/1.1" 200 3130
66.249.71.60 - - [28/Nov/2015:03:31:57 +0800] "GET /content/nav/relationSubject.jsp?relationWords=%E5%88%91%E9%83%A8%20%E6%A0%A1%E5%B0%89%20&oid=2689757 HTTP/1.1" 200 3130
66.249.74.102 - - [28/Nov/2015:03:32:13 +0800] "GET /content/repository/resource_content.jsp?oid=15180&queryString=%E5%A4%A9%E7%AB%BA%E9%AF%9B%E7%A7%91%20%E7%AE%AD%E5%A4%A9%E7%AB%BA%E9%AF%9B HTTP/1.1" 200 34074
66.249.71.60 - - [28/Nov/2015:03:32:18 +0800] "GET /content/nav/relationSubject.jsp?relationWords=%E4%B8%89%E4%B8%83%E4%BA%94+%E4%B8%AD%E7%AD%89%E5%AD%B8%E6%A0%A1+%E5%90%B3%E4%BC%AF%E9%9B%84+%E5%9B%9B%E5%BA%9C+%E5%9B%9B%E5%BA%9C%E4%BA%BA+%E5%9C%8B%E6%B0%91%E5%B0%8F%E5%AD%B8+%E5%B0%8E%E5%B8%AB%E8%B2%BB+%E5%BA%9C%E4%BA%BA%E4%B8%99%E5%AD%97+%E6%95%99%E5%8B%99%E4%B8%BB%E4%BB%BB+%E6%A0%A1%E8%A8%93+%E6%B4%A5%E8%B2%BC+%E7%8E%8B%E5%9C%8B%E7%A7%80+%E8%94%A1%E5%BB%BA%E7%94%9F+%E8%B6%99%E6%A3%AE%E6%B5%B7+%E9%AB%94%E8%82%B2+%E9%AB%98%E8%82%B2%E4%BB%81+%E9%BB%83%E9%87%91%E9%B3%B3+&oid=1613662 HTTP/1.1" 200 5008
66.249.71.60 - - [28/Nov/2015:03:32:19 +0800] "GET /content/nav/relationSubject.jsp?relationWords=%E4%B8%89%E4%B8%83%E4%BA%94%20%E4%B8%AD%E7%AD%89%E5%AD%B8%E6%A0%A1%20%E5%90%B3%E4%BC%AF%E9%9B%84%20%E5%9B%9B%E5%BA%9C%20%E5%9B%9B%E5%BA%9C%E4%BA%BA%20%E5%9C%8B%E6%B0%91%E5%B0%8F%E5%AD%B8%20%E5%B0%8E%E5%B8%AB%E8%B2%BB%20%E5%BA%9C%E4%BA%BA%E4%B8%99%E5%AD%97%20%E6%95%99%E5%8B%99%E4%B8%BB%E4%BB%BB%20%E6%A0%A1%E8%A8%93%20%E6%B4%A5%E8%B2%BC%20%E7%8E%8B%E5%9C%8B%E7%A7%80%20%E8%94%A1%E5%BB%BA%E7%94%9F%20%E8%B6%99%E6%A3%AE%E6%B5%B7%20%E9%AB%94%E8%82%B2%20%E9%AB%98%E8%82%B2%E4%BB%81%20%E9%BB%83%E9%87%91%E9%B3%B3%20&oid=1613662 HTTP/1.1" 200 5008
66.249.71.60 - - [28/Nov/2015:03:32:26 +0800] "GET /content/nav/relationSubject.jsp?relationWords=%E5%94%87%E5%BD%A2%E7%A7%91+%E6%A4%8D%E7%89%A9%E7%95%8C+%E6%AF%8D%E8%8D%89+%E6%AF%8D%E8%8D%89%E5%B1%AC+%E7%9B%8A%E6%AF%8D%E8%8D%89+%E7%9B%8A%E6%AF%8D%E8%8D%89%E5%B1%AC+%E8%8C%BA%E8%94%9A+%E8%96%84%E8%8D%B7+%E9%9B%99%E5%AD%90%E8%91%89+%E9%9B%99%E5%AD%90%E8%91%89%E6%A4%8D%E7%89%A9+&oid=2148539 HTTP/1.1" 200 3645
66.249.71.60 - - [28/Nov/2015:03:32:29 +0800] "GET /content/nav/relationSubject.jsp?relationWords=%E5%94%87%E5%BD%A2%E7%A7%91%20%E6%A4%8D%E7%89%A9%E7%95%8C%20%E6%AF%8D%E8%8D%89%20%E6%AF%8D%E8%8D%89%E5%B1%AC%20%E7%9B%8A%E6%AF%8D%E8%8D%89%20%E7%9B%8A%E6%AF%8D%E8%8D%89%E5%B1%AC%20%E8%8C%BA%E8%94%9A%20%E8%96%84%E8%8D%B7%20%E9%9B%99%E5%AD%90%E8%91%89%20%E9%9B%99%E5%AD%90%E8%91%89%E6%A4%8D%E7%89%A9%20&oid=2148539 HTTP/1.1" 200 3645
36.228.116.143 - - [28/Nov/2015:03:32:31 +0800] "GET /content/nav/relationSubject.jsp?relationWords=%E5%B1%B1%E8%8A%99%E8%93%89+%E6%9C%A8%E8%8A%99%E8%93%89+%E8%96%9B%E6%BF%A4+%E9%86%89%E8%8A%99%E8%93%89+&oid=16777260 HTTP/1.1" 200 4595
66.249.71.60 - - [28/Nov/2015:03:32:43 +0800] "GET /content/repository/resource_content.jsp?oid=4437660&queryString=%E5%8F%A3%E7%B9%AA%E8%A7%A3%E8%AA%AA%20%E7%8D%A8%E6%9C%A8%E8%88%9F HTTP/1.1" 200 28331
66.249.71.60 - - [28/Nov/2015:03:33:03 +0800] "GET /content/nav/relationSubject.jsp?relationWords=%E4%BF%9D%E7%95%99%E5%9C%B0+%E5%9C%B0%E4%BF%9D+%E8%BE%B2%E5%B1%B1+&oid=1614498 HTTP/1.1" 200 4078
66.249.71.60 - - [28/Nov/2015:03:33:05 +0800] "GET /content/nav/relationSubject.jsp?relationWords=%E4%BF%9D%E7%95%99%E5%9C%B0%20%E5%9C%B0%E4%BF%9D%20%E8%BE%B2%E5%B1%B1%20&oid=1614498 HTTP/1.1" 200 4078
157.55.39.119 - - [28/Nov/2015:03:33:37 +0800] "GET /content/repository/resource_content.jsp?oid=1892335 HTTP/1.1" 200 28542
66.249.71.60 - - [28/Nov/2015:03:34:15 +0800] "GET /content/repository/resource_content.jsp?oid=2521061 HTTP/1.1" 200 29680
66.249.71.5 - - [28/Nov/2015:03:34:35 +0800] "GET /digiarch3/content/repository/resource_content.jsp?oid=2681908&queryType=qs&queryString=%E7%B2%B5%E6%B5%B7%E9%97%9C HTTP/1.1" 200 30109
66.249.71.60 - - [28/Nov/2015:03:34:45 +0800] "GET /content/repository/resource_content.jsp?oid=2542523 HTTP/1.1" 200 29876
66.249.71.72 - - [28/Nov/2015:03:35:01 +0800] "GET /content/nav/relationSubject.jsp?relationWords=&oid=2565981 HTTP/1.1" 200 1405
66.249.71.72 - - [28/Nov/2015:03:35:07 +0800] "GET /content/nav/relationSubject.jsp?relationWords=%E5%8D%9C%E8%BE%AD+%E5%8D%9C%E8%BE%AD%E6%AE%98%E7%89%87+%E6%AE%98%E7%89%87+%E9%BE%9C%E7%94%B2+%E9%BE%9C%E7%94%B2%E5%8D%9C%E8%BE%AD+%E9%BE%9C%E7%94%B2%E5%8D%9C%E8%BE%AD%E6%AE%98%E7%89%87+&oid=1872831 HTTP/1.1" 200 3389
66.249.71.60 - - [28/Nov/2015:03:35:08 +0800] "GET /content/nav/relationSubject.jsp?relationWords=%E5%8D%9C%E8%BE%AD%20%E5%8D%9C%E8%BE%AD%E6%AE%98%E7%89%87%20%E6%AE%98%E7%89%87%20%E9%BE%9C%E7%94%B2%20%E9%BE%9C%E7%94%B2%E5%8D%9C%E8%BE%AD%20%E9%BE%9C%E7%94%B2%E5%8D%9C%E8%BE%AD%E6%AE%98%E7%89%87%20&oid=1872831 HTTP/1.1" 200 3389
66.249.71.60 - - [28/Nov/2015:03:35:16 +0800] "GET /content/repository/resource_content.jsp?oid=2517865 HTTP/1.1" 200 29711
66.249.71.60 - - [28/Nov/2015:03:35:47 +0800] "GET /content/repository/resource_content.jsp?oid=1461403 HTTP/1.1" 200 30946
66.249.71.60 - - [28/Nov/2015:03:36:01 +0800] "GET /content/nav/relationSubject.jsp?relationWords=%E5%9C%B0%E9%8C%A6+%E5%9C%B0%E9%8C%A6%E8%8D%89+%E5%9C%B0%E9%8C%A6%E8%8D%89%E5%B1%AC+%E5%A4%A7%E6%88%9F+%E5%A4%A7%E6%88%9F%E7%A7%91+%E6%A4%8D%E7%89%A9%E7%95%8C+%E9%A3%9B%E6%8F%9A%E8%8D%89+&oid=1461403 HTTP/1.1" 200 3470
66.249.71.60 - - [28/Nov/2015:03:36:03 +0800] "GET /content/nav/relationSubject.jsp?relationWords=%E5%9C%B0%E9%8C%A6%20%E5%9C%B0%E9%8C%A6%E8%8D%89%20%E5%9C%B0%E9%8C%A6%E8%8D%89%E5%B1%AC%20%E5%A4%A7%E6%88%9F%20%E5%A4%A7%E6%88%9F%E7%A7%91%20%E6%A4%8D%E7%89%A9%E7%95%8C%20%E9%A3%9B%E6%8F%9A%E8%8D%89%20&oid=1461403 HTTP/1.1" 200 3470
66.249.77.91 - - [28/Nov/2015:03:36:17 +0800] "GET /content/repository/resource_content.jsp?oid=1102560&queryString=%E5%8F%B0%E7%81%A3%E6%BE%A4%E8%98%AD%20%E6%A4%8D%E7%89%A9%E7%95%8C%20%E6%BE%A4%E8%98%AD%E5%B1%AC%20%E8%8F%8A%E7%A7%91%20%E9%9B%99%E5%AD%90%E8%91%89%E6%A4%8D%E7%89%A9 HTTP/1.1" 200 31337
66.249.71.72 - - [28/Nov/2015:03:36:48 +0800] "GET /content/repository/resource_content.jsp?oid=1571611&queryString=%E5%85%83%E5%AE%B5%20%E5%85%83%E5%AE%B5%E7%AF%80%20%E5%A4%A7%E6%AD%A6%E5%A3%9F%20%E5%B9%B3%E5%9F%94%E6%97%8F%20%E6%9F%A5%E6%9F%90 HTTP/1.1" 200 29262
66.249.71.105 - - [28/Nov/2015:03:37:49 +0800] "GET /content/repository/resource_content.jsp?oid=4470388&queryType=qs&queryString=%E5%B1%B1%E5%9F%94 HTTP/1.1" 200 36100
66.249.71.164 - - [28/Nov/2015:03:38:16 +0800] "GET /content/nav/relationSubject.jsp?relationWords=%E5%8D%97%E5%B3%B6%E6%B0%91%E6%97%8F+&oid=16797290 HTTP/1.1" 200 3008
66.249.71.155 - - [28/Nov/2015:03:38:18 +0800] "GET /content/nav/relationSubject.jsp?relationWords=%E5%8D%97%E5%B3%B6%E6%B0%91%E6%97%8F%20&oid=16797290 HTTP/1.1" 200 3008
66.249.71.155 - - [28/Nov/2015:03:38:20 +0800] "GET /content/repository/resource_content.jsp?oid=728739&queryString=%E4%BA%BA%E5%90%8D%E6%AC%8A%E5%A8%81%20%E5%8F%A4%E8%B2%9D%20%E5%93%88%E6%B3%A2%E5%A4%AB%20%E8%A9%AD%E8%AC%80%20%E8%AC%9D%E7%B1%B3%E8%AB%BE%E5%A4%AB%20%E8%B2%9D%E5%8A%A0%E7%88%BE%E7%9C%81%20%E9%98%BF%E7%A9%86%E7%88%BE%E7%9C%81 HTTP/1.1" 200 29007
66.249.71.64 - - [28/Nov/2015:03:38:26 +0800] "GET /content/nav/relationSubject.jsp?relationWords=%E6%9D%9C%E8%8B%B1+%E6%A4%8D%E7%89%A9%E7%95%8C+%E7%8C%B4%E6%AD%A1%E5%96%9C+%E7%8C%B4%E6%AD%A1%E5%96%9C%E5%B1%AC+%E9%8C%A6%E8%91%B5+&oid=1103936 HTTP/1.1" 200 3342
66.249.71.60 - - [28/Nov/2015:03:38:28 +0800] "GET /content/nav/relationSubject.jsp?relationWords=%E6%9D%9C%E8%8B%B1%20%E6%A4%8D%E7%89%A9%E7%95%8C%20%E7%8C%B4%E6%AD%A1%E5%96%9C%20%E7%8C%B4%E6%AD%A1%E5%96%9C%E5%B1%AC%20%E9%8C%A6%E8%91%B5%20&oid=1103936 HTTP/1.1" 200 3342
61.135.189.96 - - [28/Nov/2015:03:38:43 +0800] "GET /content/tmp_tec/resource_content.jsp?oid=16777728 HTTP/1.1" 200 58609
66.249.71.64 - - [28/Nov/2015:03:38:50 +0800] "GET /content/repository/resource_content.jsp?oid=2577894 HTTP/1.1" 200 29273
61.135.189.96 - - [28/Nov/2015:03:38:55 +0800] "GET /content/subject/resource_content.jsp?oid=16777294&queryType=qc HTTP/1.1" 200 28079
66.249.71.72 - - [28/Nov/2015:03:38:56 +0800] "GET /content/repository/resource_content.jsp?oid=3823144 HTTP/1.1" 200 31545
66.249.71.60 - - [28/Nov/2015:03:39:01 +0800] "GET /content/nav/relationSubject.jsp?relationWords=%E5%85%AB%E4%BB%99%E8%8A%B1+%E5%85%AB%E4%BB%99%E8%8A%B1%E5%B1%AC+%E6%A4%8D%E7%89%A9%E7%95%8C+%E7%8B%B9%E7%93%A3%E5%85%AB%E4%BB%99+%E7%8B%B9%E7%93%A3%E5%85%AB%E4%BB%99%E8%8A%B1+%E8%80%B3%E8%8D%89+%E8%96%94%E8%96%87%E7%9B%AE+%E8%99%8E%E8%80%B3+%E8%99%8E%E8%80%B3%E8%8D%89+%E8%99%8E%E8%80%B3%E8%8D%89%E7%A7%91+&oid=3823144 HTTP/1.1" 200 3676
66.249.71.60 - - [28/Nov/2015:03:39:03 +0800] "GET /content/nav/relationSubject.jsp?relationWords=%E5%85%AB%E4%BB%99%E8%8A%B1%20%E5%85%AB%E4%BB%99%E8%8A%B1%E5%B1%AC%20%E6%A4%8D%E7%89%A9%E7%95%8C%20%E7%8B%B9%E7%93%A3%E5%85%AB%E4%BB%99%20%E7%8B%B9%E7%93%A3%E5%85%AB%E4%BB%99%E8%8A%B1%20%E8%80%B3%E8%8D%89%20%E8%96%94%E8%96%87%E7%9B%AE%20%E8%99%8E%E8%80%B3%20%E8%99%8E%E8%80%B3%E8%8D%89%20%E8%99%8E%E8%80%B3%E8%8D%89%E7%A7%91%20&oid=3823144 HTTP/1.1" 200 3676
66.249.71.113 - - [28/Nov/2015:03:39:04 +0800] "GET /content/nav/relationSubject.jsp?relationWords=%E5%A4%9A%E7%BE%85+%E9%A0%86%E6%B2%BB%E5%B8%9D+&oid=2674310 HTTP/1.1" 200 3879
61.135.189.96 - - [28/Nov/2015:03:39:07 +0800] "GET /digiarch3/content/subject/resource_content.jsp?oid=16777589&queryType=qc HTTP/1.1" 200 28248
68.180.230.178 - - [28/Nov/2015:03:39:08 +0800] "GET /content/subject/resource_content.jsp?oid=16777730&queryType=qc HTTP/1.1" 200 46348
66.249.71.121 - - [28/Nov/2015:03:39:13 +0800] "GET /content/nav/relationSubject.jsp?relationWords=%E5%A4%9A%E7%BE%85%20%E9%A0%86%E6%B2%BB%E5%B8%9D%20&oid=2674310 HTTP/1.1" 200 3879
61.135.189.96 - - [28/Nov/2015:03:39:19 +0800] "GET /content/subject/resource_content.jsp?oid=16777502&queryType=qc HTTP/1.1" 200 38718
66.249.71.72 - - [28/Nov/2015:03:39:21 +0800] "GET /content/repository/resource_content.jsp?oid=2559853 HTTP/1.1" 200 28720
66.249.71.64 - - [28/Nov/2015:03:39:31 +0800] "GET /content/nav/relationSubject.jsp?relationWords=&oid=2559853 HTTP/1.1" 200 1405
61.135.189.96 - - [28/Nov/2015:03:39:33 +0800] "GET /content/subject/resource_content.jsp?oid=16777565&queryType=qc> HTTP/1.1" 200 34315
61.135.189.96 - - [28/Nov/2015:03:39:46 +0800] "GET /digiarch3/content/tmp_tec/resource_content.jsp?oid=16777699 HTTP/1.1" 200 48028
66.249.71.60 - - [28/Nov/2015:03:39:52 +0800] "GET /content/repository/resource_content.jsp?oid=2582343 HTTP/1.1" 200 29199
61.135.189.96 - - [28/Nov/2015:03:40:00 +0800] "GET /content/subject/resource_content.jsp?oid=16777284&queryType=qc HTTP/1.1" 200 36929
66.249.71.60 - - [28/Nov/2015:03:40:03 +0800] "GET /content/nav/relationSubject.jsp?relationWords=&oid=2582343 HTTP/1.1" 200 1405
66.249.71.60 - - [28/Nov/2015:03:40:10 +0800] "GET /content/nav/relationSubject.jsp?relationWords=%E6%A4%8D%E7%89%A9%E7%95%8C+%E7%8B%97%E5%A8%83%E8%8A%B1+%E7%8B%97%E5%A8%83%E8%8A%B1%E5%B1%AC+%E8%8F%8A%E7%A7%91+%E9%9B%99%E5%AD%90%E8%91%89+%E9%9B%99%E5%AD%90%E8%91%89%E6%A4%8D%E7%89%A9+&oid=1096728 HTTP/1.1" 200 3511
66.249.71.60 - - [28/Nov/2015:03:40:13 +0800] "GET /content/nav/relationSubject.jsp?relationWords=%E6%A4%8D%E7%89%A9%E7%95%8C%20%E7%8B%97%E5%A8%83%E8%8A%B1%20%E7%8B%97%E5%A8%83%E8%8A%B1%E5%B1%AC%20%E8%8F%8A%E7%A7%91%20%E9%9B%99%E5%AD%90%E8%91%89%20%E9%9B%99%E5%AD%90%E8%91%89%E6%A4%8D%E7%89%A9%20&oid=1096728 HTTP/1.1" 200 3511
61.135.189.96 - - [28/Nov/2015:03:40:15 +0800] "GET /content/subject/resource_content.jsp?oid=16777500&queryType=qc HTTP/1.1" 200 33335
66.249.71.64 - - [28/Nov/2015:03:40:23 +0800] "GET /content/repository/resource_content.jsp?oid=1842858 HTTP/1.1" 200 28758
66.249.71.60 - - [28/Nov/2015:03:40:24 +0800] "GET /content/nav/relationSubject.jsp?relationWords=%E5%85%83%E5%AE%B5+%E7%B8%BD%E8%B3%AA%E8%A9%A2+%E8%AD%B0%E9%95%B7+%E8%B3%AA%E8%A9%A2+&oid=1571611 HTTP/1.1" 200 7061
66.249.71.60 - - [28/Nov/2015:03:40:26 +0800] "GET /content/nav/relationSubject.jsp?relationWords=%E5%85%83%E5%AE%B5%20%E7%B8%BD%E8%B3%AA%E8%A9%A2%20%E8%AD%B0%E9%95%B7%20%E8%B3%AA%E8%A9%A2%20&oid=1571611 HTTP/1.1" 200 7061
61.135.189.96 - - [28/Nov/2015:03:40:29 +0800] "GET /content/subject/resource_content.jsp?oid=16777483&queryType=qc HTTP/1.1" 200 43957
66.249.71.60 - - [28/Nov/2015:03:40:43 +0800] "GET /content/nav/relationSubject.jsp?relationWords=%E5%85%B5%E4%B8%81+%E6%94%AF%E9%A4%89+&oid=2521061 HTTP/1.1" 200 4023
66.249.71.60 - - [28/Nov/2015:03:40:45 +0800] "GET /content/nav/relationSubject.jsp?relationWords=%E5%85%B5%E4%B8%81%20%E6%94%AF%E9%A4%89%20&oid=2521061 HTTP/1.1" 200 4023
61.135.189.96 - - [28/Nov/2015:03:40:45 +0800] "GET /content/subject/resource_content.jsp?oid=16777543&queryType=qc HTTP/1.1" 200 41356
66.249.71.60 - - [28/Nov/2015:03:40:54 +0800] "GET /content/repository/resource_content.jsp?oid=282032 HTTP/1.1" 200 28173
61.135.189.96 - - [28/Nov/2015:03:41:01 +0800] "GET /content/subject/resource_content.jsp?oid=16777595&queryType=qc HTTP/1.1" 200 42863
61.135.189.96 - - [28/Nov/2015:03:41:17 +0800] "GET /content/subject/resource_content.jsp?oid=16777651&queryType=qc HTTP/1.1" 200 26752
66.249.74.102 - - [28/Nov/2015:03:41:24 +0800] "GET /content/repository/resource_content.jsp?oid=1622092 HTTP/1.1" 200 28776
61.135.189.96 - - [28/Nov/2015:03:41:34 +0800] "GET /digiarch3/content/pictures/picture_content.jsp?oid=33554735&queryType=qc HTTP/1.1" 200 27911
66.249.71.60 - - [28/Nov/2015:03:41:41 +0800] "GET /content/nav/relationSubject.jsp?relationWords=&oid=2577894 HTTP/1.1" 200 1405
66.249.71.60 - - [28/Nov/2015:03:41:54 +0800] "GET /content/repository/resource_content.jsp?oid=1815256 HTTP/1.1" 200 28652
14.198.3.210 - - [28/Nov/2015:03:42:01 +0800] "GET /content/nav/relationSubject.jsp?relationWords=%E8%96%9C%E8%8D%94+&oid=16777485 HTTP/1.1" 200 3561
66.249.71.64 - - [28/Nov/2015:03:42:23 +0800] "GET /content/nav/relationSubject.jsp?relationWords=%E5%8D%B7%E9%A6%96+&oid=4495130 HTTP/1.1" 200 2927
66.249.71.64 - - [28/Nov/2015:03:42:26 +0800] "GET /content/repository/resource_content.jsp?oid=226531 HTTP/1.1" 200 30119
66.249.77.85 - - [28/Nov/2015:03:42:31 +0800] "GET /content/repository/resource_content.jsp?oid=1590393&queryString=%E6%BC%A2%E6%B0%91%E6%97%8F HTTP/1.1" 200 30780
66.249.71.60 - - [28/Nov/2015:03:42:56 +0800] "GET /content/repository/resource_content.jsp?oid=2598290 HTTP/1.1" 200 28616
66.249.71.60 - - [28/Nov/2015:03:43:04 +0800] "GET /content/nav/relationSubject.jsp?relationWords=&oid=2598290 HTTP/1.1" 200 1405
66.249.71.72 - - [28/Nov/2015:03:43:27 +0800] "GET /content/repository/resource_content.jsp?oid=1886789 HTTP/1.1" 200 32059
