66.249.71.60 - - [20/Nov/2015:01:26:44 +0800] "GET /content/nav/relationSubject.jsp?relationWords=%E5%B5%8C%E7%89%87%20&oid=1868347 HTTP/1.1" 200 2987
182.118.25.208 - - [20/Nov/2015:01:27:13 +0800] "GET /content/tmp_exh/resource_content.jsp?oid=16777754&queryType=qc HTTP/1.1" 302 -
68.180.228.24 - - [20/Nov/2015:01:28:01 +0800] "GET /content/subject/resource_content.jsp?oid=16777841&queryType=qc> HTTP/1.1" 200 27539
66.249.71.113 - - [20/Nov/2015:01:28:40 +0800] "GET /content/repository/resource_content.jsp?oid=1590789&queryType=qs&queryString=%E9%A2%A8%E6%99%AF%E7%89%B9%E5%AE%9A%E5%8D%80 HTTP/1.1" 200 46183
66.249.71.60 - - [20/Nov/2015:01:29:01 +0800] "GET /content/nav/relationSubject.jsp?relationWords=%E9%BE%9C%E7%94%B2%E5%8D%9C%E8%BE%AD%E6%AE%98%E7%89%87+&oid=1837666 HTTP/1.1" 200 3071
66.249.71.60 - - [20/Nov/2015:01:29:02 +0800] "GET /content/nav/relationSubject.jsp?relationWords=%E9%BE%9C%E7%94%B2%E5%8D%9C%E8%BE%AD%E6%AE%98%E7%89%87%20&oid=1837666 HTTP/1.1" 200 3071
42.78.103.25 - - [20/Nov/2015:01:29:21 +0800] "GET /content/repository/resource_content.jsp?oid=2149750&queryString=%E5%9C%9F%E6%A8%9F%20%E6%A4%8D%E7%89%A9%E7%95%8C%20%E6%A8%9F%E5%B1%AC%20%E6%A8%9F%E7%A7%91 HTTP/1.1" 200 30879
68.180.228.24 - - [20/Nov/2015:01:29:23 +0800] "GET /content/subject/resource_content.jsp?oid=16777825&queryType=qc HTTP/1.1" 200 41691
68.180.228.24 - - [20/Nov/2015:01:29:23 +0800] "GET /content/tmp_exh/resource_content.jsp?oid=16777851&queryType=qc HTTP/1.1" 200 45681
42.78.103.25 - - [20/Nov/2015:01:29:25 +0800] "GET /content/nav/relationSubject.jsp?relationWords=%E5%9C%9F%E6%A8%9F+%E6%A4%8D%E7%89%A9%E7%95%8C+%E6%A8%9F%E5%B1%AC+%E6%A8%9F%E7%A7%91+&oid=2149750 HTTP/1.1" 200 3247
66.249.71.60 - - [20/Nov/2015:01:29:50 +0800] "GET /content/nav/relationSubject.jsp?relationWords=%E5%AE%89%E5%85%A8%E6%A1%88+%E9%9D%92%E5%B0%91%E5%B9%B4+&oid=1635874 HTTP/1.1" 200 3212
66.249.71.60 - - [20/Nov/2015:01:29:52 +0800] "GET /content/nav/relationSubject.jsp?relationWords=%E5%AE%89%E5%85%A8%E6%A1%88%20%E9%9D%92%E5%B0%91%E5%B9%B4%20&oid=1635874 HTTP/1.1" 200 3212
111.253.125.55 - - [20/Nov/2015:01:30:19 +0800] "GET /content/nav/relationSubject.jsp?relationWords=%E9%BB%91%E6%9D%BF%E6%A8%B9+&oid=16777262 HTTP/1.1" 200 3253
66.249.71.64 - - [20/Nov/2015:01:30:22 +0800] "GET /content/nav/relationSubject.jsp?relationWords=%E7%9A%87%E5%A4%AA%E5%90%8E+%E9%84%89%E8%A9%A6+%E9%A1%8C%E5%90%8D%E9%8C%84+&oid=2539070 HTTP/1.1" 200 5378
66.249.71.60 - - [20/Nov/2015:01:30:24 +0800] "GET /content/nav/relationSubject.jsp?relationWords=%E7%9A%87%E5%A4%AA%E5%90%8E%20%E9%84%89%E8%A9%A6%20%E9%A1%8C%E5%90%8D%E9%8C%84%20&oid=2539070 HTTP/1.1" 200 5378
66.249.71.60 - - [20/Nov/2015:01:31:21 +0800] "GET /digiarch_en/content/repository/resource_content.jsp?oid=1081585&queryString=%E9%AC%BC%E9%A0%AD%E5%88%80 HTTP/1.1" 200 26712
218.173.120.243 - - [20/Nov/2015:01:31:59 +0800] "GET /content/nav/relationSubject.jsp?relationWords=%E6%9C%A8%E7%8A%80+%E6%A1%82%E8%8A%B1+&oid=16777255 HTTP/1.1" 200 4029
111.253.125.55 - - [20/Nov/2015:01:32:03 +0800] "GET /content/nav/relationSubject.jsp?relationWords=%E9%BB%91%E6%9D%BF%E6%A8%B9+&oid=16777262 HTTP/1.1" 200 3253
66.249.71.60 - - [20/Nov/2015:01:32:58 +0800] "GET /digiarch_en/content/nav/relationSubject.jsp?relationWords=%E6%A3%98%E9%AC%BC%E9%A0%AD%E5%88%80+%E9%AC%BC%E9%A0%AD%E5%88%80+%E9%AF%95%E9%B0%8D+&oid=1081585 HTTP/1.1" 200 3354
66.249.74.98 - - [20/Nov/2015:01:33:00 +0800] "GET /digiarch_en/content/nav/relationSubject.jsp?relationWords=%E6%A3%98%E9%AC%BC%E9%A0%AD%E5%88%80%20%E9%AC%BC%E9%A0%AD%E5%88%80%20%E9%AF%95%E9%B0%8D%20&oid=1081585 HTTP/1.1" 200 3354
66.249.71.5 - - [20/Nov/2015:01:34:03 +0800] "GET /content/repository/resource_content.jsp?oid=1571275&queryString=%E5%9C%8B%E5%8A%9B%E6%A1%88%20%E8%87%BA%E5%8C%97%E5%8D%80%20%E9%98%B2%E6%B4%AA HTTP/1.1" 200 29400
66.249.71.23 - - [20/Nov/2015:01:34:07 +0800] "GET /content/nav/relationSubject.jsp?relationWords=%E9%98%B2%E6%B4%AA+&oid=1571275 HTTP/1.1" 200 5238
66.249.71.5 - - [20/Nov/2015:01:34:08 +0800] "GET /content/nav/relationSubject.jsp?relationWords=%E9%98%B2%E6%B4%AA%20&oid=1571275 HTTP/1.1" 200 5238
66.249.71.64 - - [20/Nov/2015:01:36:35 +0800] "GET /content/repository/resource_content.jsp?oid=1895045&queryString=%E5%A4%9A%E5%AA%92%E9%AB%94%20%E5%BD%B1%E5%83%8F%E4%BF%AE%E8%A3%9C%20%E6%95%B8%E4%BD%8D%E5%85%B8%E8%97%8F%20%E6%95%B8%E4%BD%8D%E5%85%B8%E8%97%8F%E6%8A%80%E8%A1%93%20%E8%A6%96%E8%A8%8A HTTP/1.1" 200 28796
66.249.71.64 - - [20/Nov/2015:01:36:36 +0800] "GET /content/nav/relationSubject.jsp?relationWords=%E4%BA%A4%E9%80%9A%E5%AE%89%E5%85%A8+%E4%BA%A4%E9%80%9A%E8%99%95+%E6%90%B6%E4%BF%AE+%E6%93%B4%E5%BB%BA+%E6%B8%AF%E5%9F%A0+%E8%81%B2%E7%B0%A7+%E8%99%95%E9%95%B7+&oid=1562295 HTTP/1.1" 200 4497
66.249.71.72 - - [20/Nov/2015:01:36:44 +0800] "GET /content/repository/resource_content.jsp?oid=1525720 HTTP/1.1" 200 29872
123.125.71.82 - - [20/Nov/2015:01:38:48 +0800] "GET /content/repository/resource_content.jsp?oid=2671987 HTTP/1.1" 200 29965
66.249.71.64 - - [20/Nov/2015:01:39:25 +0800] "GET /content/repository/resource_content.jsp?oid=1783204 HTTP/1.1" 200 27990
66.249.71.64 - - [20/Nov/2015:01:39:41 +0800] "GET /content/nav/relationSubject.jsp?relationWords=%E6%B3%B0%E9%9B%85+%E6%B3%B0%E9%9B%85%E6%97%8F+&oid=1783204 HTTP/1.1" 200 6968
66.249.71.60 - - [20/Nov/2015:01:39:43 +0800] "GET /content/nav/relationSubject.jsp?relationWords=%E6%B3%B0%E9%9B%85%20%E6%B3%B0%E9%9B%85%E6%97%8F%20&oid=1783204 HTTP/1.1" 200 6968
207.46.13.156 - - [20/Nov/2015:01:41:55 +0800] "GET /content/nav/relationSubject.jsp?relationWords=%E7%83%8F%E5%BF%83%E7%9F%B3+%E9%B1%B8%E9%B0%BB+&oid=16777303 HTTP/1.1" 200 4004
140.120.233.97 - - [20/Nov/2015:01:41:56 +0800] "GET /content/nav/relationSubject.jsp?relationWords=%E9%9D%92%E6%A5%93+&oid=16777274 HTTP/1.1" 200 3565
66.249.74.102 - - [20/Nov/2015:01:42:09 +0800] "GET /content/repository/resource_content.jsp?oid=4551106&queryString=%E7%83%8F%E8%B3%8A%20%E7%83%8F%E8%B3%8A%E5%B1%AC%20%E8%80%B3%E7%83%8F%E8%B3%8A%20%E8%80%B3%E7%83%8F%E8%B3%8A%E7%A7%91%20%E9%A0%AD%E8%B6%B3%E7%B6%B1 HTTP/1.1" 200 30602
66.249.71.72 - - [20/Nov/2015:01:43:24 +0800] "GET /content/nav/relationSubject.jsp?relationWords=%E6%A4%8D%E7%89%A9%E7%95%8C+%E7%8E%89%E5%B1%B1%E8%96%84%E9%9B%AA%E8%8D%89+%E8%8F%8A%E7%A7%91+%E8%96%84%E9%9B%AA%E8%8D%89+%E8%96%84%E9%9B%AA%E8%8D%89%E5%B1%AC+%E9%9B%99%E5%AD%90%E8%91%89+%E9%9B%99%E5%AD%90%E8%91%89%E6%A4%8D%E7%89%A9+&oid=1104679 HTTP/1.1" 200 4363
66.249.71.60 - - [20/Nov/2015:01:43:57 +0800] "GET /content/nav/relationSubject.jsp?relationWords=%E5%A4%9A%E5%AA%92%E9%AB%94%20%E5%AA%92%E9%AB%94%20&oid=1895045 HTTP/1.1" 200 5109
66.249.71.72 - - [20/Nov/2015:01:45:26 +0800] "GET /content/nav/relationSubject.jsp?relationWords=%E6%96%91%E7%83%8F%E8%B3%8A+%E7%83%8F%E8%B3%8A+%E7%83%8F%E8%B3%8A%E5%B1%AC+%E7%83%8F%E8%B3%8A%E7%A7%91+%E8%99%8E%E6%96%91%E7%83%8F%E8%B3%8A+%E8%BB%9F%E9%AB%94%E5%8B%95%E7%89%A9%E9%96%80+%E9%A0%AD%E8%B6%B3+%E9%A0%AD%E8%B6%B3%E7%B6%B1+&oid=4551106 HTTP/1.1" 200 3688
66.249.71.60 - - [20/Nov/2015:01:45:28 +0800] "GET /content/nav/relationSubject.jsp?relationWords=%E6%96%91%E7%83%8F%E8%B3%8A%20%E7%83%8F%E8%B3%8A%20%E7%83%8F%E8%B3%8A%E5%B1%AC%20%E7%83%8F%E8%B3%8A%E7%A7%91%20%E8%99%8E%E6%96%91%E7%83%8F%E8%B3%8A%20%E8%BB%9F%E9%AB%94%E5%8B%95%E7%89%A9%E9%96%80%20%E9%A0%AD%E8%B6%B3%20%E9%A0%AD%E8%B6%B3%E7%B6%B1%20&oid=4551106 HTTP/1.1" 200 3688
180.176.177.249 - - [20/Nov/2015:01:48:13 +0800] "GET /content/nav/relationSubject.jsp?relationWords=%E7%99%BD%E5%8D%83%E5%B1%A4+&oid=16777287 HTTP/1.1" 200 3852
66.249.77.85 - - [20/Nov/2015:01:48:14 +0800] "GET /content/subject/resource_content.jsp?oid=16777463&queryString=%E6%9D%BE%E6%9D%89%20%E6%9D%BE%E7%A7%91%20%E6%A4%8D%E7%89%A9%E7%95%8C%20%E6%AF%AC%E6%9E%9C%20%E7%BE%85%E6%BC%A2%E6%9D%BE%20%E7%BE%85%E6%BC%A2%E6%9D%BE%E5%B1%AC%20%E8%98%AD%E5%B6%BC%E7%BE%85%E6%BC%A2%E6%9D%BE HTTP/1.1" 200 28569
182.118.22.205 - - [20/Nov/2015:01:49:25 +0800] "GET /digiarch3/content/subject/resource_content.jsp?oid=16777483&queryType=qc HTTP/1.1" 200 43826
66.249.71.72 - - [20/Nov/2015:01:50:10 +0800] "GET /content/repository/resource_content.jsp?oid=4352715&queryString=%E7%B5%B2%E9%B0%AD%E7%8C%B4%E9%AF%8A%20%E8%9D%A6%E8%99%8E%E7%A7%91%20%E9%95%B7%E7%B5%B2%E7%B5%B2%E8%9D%A6%E8%99%8E%E9%AD%9A HTTP/1.1" 200 31428
182.118.21.204 - - [20/Nov/2015:01:50:22 +0800] "GET /digiarch3/content/subject/resource_content.jsp?oid=16777292&queryType=qc HTTP/1.1" 200 28025
123.202.151.215 - - [20/Nov/2015:01:50:35 +0800] "GET /content/nav/relationSubject.jsp?relationWords=&oid=16777600 HTTP/1.1" 200 1405
118.232.200.103 - - [20/Nov/2015:01:50:45 +0800] "GET /content/subject/resource_content.jsp?oid=16777443 HTTP/1.1" 200 40095
118.232.200.103 - - [20/Nov/2015:01:50:46 +0800] "GET /content/nav/relationSubject.jsp?relationWords=%E7%BE%85%E6%BC%A2%E6%9D%BE+%E8%98%AD%E5%B6%BC%E7%BE%85%E6%BC%A2%E6%9D%BE+%E9%81%94%E6%82%9F+%E9%81%94%E6%82%9F%E6%97%8F+%E9%9B%85%E7%BE%8E+%E9%9B%85%E7%BE%8E%E6%97%8F+&oid=16777443 HTTP/1.1" 200 4289
66.249.71.60 - - [20/Nov/2015:01:50:54 +0800] "GET /content/nav/relationSubject.jsp?relationWords=%E5%80%99%E9%81%B8%E4%BA%BA+%E5%9C%B0%E6%96%B9%E8%87%AA%E6%B2%BB+%E6%9D%8E%E5%8D%BF%E9%9B%B2+%E6%9E%97%E6%B0%B8%E6%A8%91+%E6%9E%97%E9%87%91%E8%81%B2+%E6%B0%B8%E6%A8%91+%E7%9C%81%E6%94%BF%E5%BA%9C+%E7%9C%81%E8%AD%B0%E6%9C%83+%E7%B8%A3%E8%AD%B0%E6%9C%83+%E8%87%A8%E6%99%82%E7%9C%81%E8%AD%B0%E6%9C%83+%E8%87%BA%E4%B8%AD%E7%B8%A3+%E8%87%BA%E4%B8%AD%E7%B8%A3%E8%AD%B0%E6%9C%83+%E8%87%BA%E7%81%A3%E7%9C%81+%E8%B3%B4%E6%A3%AE%E6%9E%97+%E9%87%91%E8%81%B2+&oid=1525720 HTTP/1.1" 200 6101
66.249.71.60 - - [20/Nov/2015:01:50:56 +0800] "GET /content/nav/relationSubject.jsp?relationWords=%E5%80%99%E9%81%B8%E4%BA%BA%20%E5%9C%B0%E6%96%B9%E8%87%AA%E6%B2%BB%20%E6%9D%8E%E5%8D%BF%E9%9B%B2%20%E6%9E%97%E6%B0%B8%E6%A8%91%20%E6%9E%97%E9%87%91%E8%81%B2%20%E6%B0%B8%E6%A8%91%20%E7%9C%81%E6%94%BF%E5%BA%9C%20%E7%9C%81%E8%AD%B0%E6%9C%83%20%E7%B8%A3%E8%AD%B0%E6%9C%83%20%E8%87%A8%E6%99%82%E7%9C%81%E8%AD%B0%E6%9C%83%20%E8%87%BA%E4%B8%AD%E7%B8%A3%20%E8%87%BA%E4%B8%AD%E7%B8%A3%E8%AD%B0%E6%9C%83%20%E8%87%BA%E7%81%A3%E7%9C%81%20%E8%B3%B4%E6%A3%AE%E6%9E%97%20%E9%87%91%E8%81%B2%20&oid=1525720 HTTP/1.1" 200 6101
118.232.200.103 - - [20/Nov/2015:01:52:06 +0800] "GET /content/repository/resource_content.jsp?oid=1111493&queryString=%E7%BE%85%E6%BC%A2%E6%9D%BE%20%E8%98%AD%E5%B6%BC%E7%BE%85%E6%BC%A2%E6%9D%BE%20%E9%81%94%E6%82%9F%20%E9%81%94%E6%82%9F%E6%97%8F%20%E9%9B%85%E7%BE%8E%20%E9%9B%85%E7%BE%8E%E6%97%8F HTTP/1.1" 200 31290
118.232.200.103 - - [20/Nov/2015:01:52:06 +0800] "GET /content/nav/relationSubject.jsp?relationWords=%E6%9D%BE%E5%B1%AC+%E6%9D%BE%E6%9D%89+%E6%9D%BE%E7%A7%91+%E6%A4%8D%E7%89%A9%E7%95%8C+%E6%AF%AC%E6%9E%9C+%E7%BE%85%E6%BC%A2%E6%9D%BE+%E7%BE%85%E6%BC%A2%E6%9D%BE%E5%B1%AC+%E8%98%AD%E5%B6%BC%E7%BE%85%E6%BC%A2%E6%9D%BE+&oid=1111493 HTTP/1.1" 200 4716
180.177.8.154 - - [20/Nov/2015:01:52:21 +0800] "GET /content/repository/resource_content.jsp?oid=523991&queryString=%E4%B8%AD%E8%85%B9%E8%B6%B3%E7%9B%AE%20%E5%88%BB%E7%B4%8B%E6%B5%B7%E8%9C%B7%20%E6%B5%B7%E8%9C%B7%20%E6%B5%B7%E8%9C%B7%E7%A7%91%20%E8%85%B9%E8%B6%B3%E7%B6%B1 HTTP/1.1" 200 34317
180.177.8.154 - - [20/Nov/2015:01:52:22 +0800] "GET /content/nav/relationSubject.jsp?relationWords=%E4%B8%AD%E8%85%B9+%E4%B8%AD%E8%85%B9%E8%B6%B3%E7%9B%AE+%E6%B5%B7%E8%9C%B7+%E6%B5%B7%E8%9C%B7%E7%A7%91+%E8%85%B9%E8%B6%B3%E7%B6%B1+%E9%BB%91%E7%98%A4%E6%B5%B7%E8%9C%B7+&oid=523991 HTTP/1.1" 200 3593
66.249.71.113 - - [20/Nov/2015:01:52:51 +0800] "GET /content/repository/resource_content.jsp?oid=1776059&queryType=qs&queryString=%E5%AE%89%E6%9C%94%E6%9D%91 HTTP/1.1" 200 35712
66.249.71.64 - - [20/Nov/2015:01:54:18 +0800] "GET /content/repository/resource_content.jsp?oid=2569681 HTTP/1.1" 200 28755
183.79.222.154 - - [20/Nov/2015:01:55:10 +0800] "GET /content/subject/resource_content.jsp?oid=16777499&queryType=qc HTTP/1.0" 200 44386
66.249.71.164 - - [20/Nov/2015:01:55:32 +0800] "GET /content/repository/resource_content.jsp?oid=1124521&queryString=%E7%B0%BE%E8%9B%A4%E7%9B%AE%20%E7%B0%BE%E8%9B%A4%E7%A7%91%20%E8%8A%B1%E8%9B%A4%20%E8%BB%9F%E9%AB%94%E5%8B%95%E7%89%A9%E9%96%80%20%E9%9B%99%E6%AE%BC%E7%B6%B1 HTTP/1.1" 200 36237
66.249.74.61 - - [20/Nov/2015:01:55:59 +0800] "GET /content/repository/resource_content.jsp?oid=4442458&queryType=qs&queryString=%E6%B0%91%E6%97%8F%E4%B8%BB%E7%BE%A9 HTTP/1.1" 200 28434
66.249.71.64 - - [20/Nov/2015:01:58:13 +0800] "GET /digiarch_en/content/repository/resource_content.jsp?oid=1126281&queryString=%E5%B0%96%E8%A7%92%E6%B1%9F%E7%8F%A7%E8%9B%A4%20%E6%B1%9F%E7%8F%A7%E8%9B%A4%20%E8%9B%A4%E7%A7%91%20%E8%B2%BD%E8%B2%9D%20%E9%9B%99%E6%AE%BC%E7%B6%B1 HTTP/1.1" 200 24189
66.249.71.64 - - [20/Nov/2015:01:59:15 +0800] "GET /content/nav/relationSubject.jsp?relationWords=%E6%A4%8D%E7%89%A9%E7%95%8C+%E6%A6%9B%E6%A8%B9+%E6%A8%BA%E6%9C%A8%E7%A7%91+&oid=1104582 HTTP/1.1" 200 1907
101.13.211.239 - - [20/Nov/2015:01:59:37 +0800] "GET /content/repository/resource_content.jsp?oid=2150184&queryString=%E5%BE%8C%E5%A4%A7%E5%9F%94%E7%9F%B3%E6%AB%9F%20%E6%9F%AF%E5%B1%AC%20%E6%A4%8D%E7%89%A9%E7%95%8C%20%E6%AE%BC%E6%96%97%E7%A7%91%20%E7%85%99%E6%96%97%E7%9F%B3%E6%AB%9F HTTP/1.1" 200 31471
101.13.211.239 - - [20/Nov/2015:01:59:38 +0800] "GET /content/nav/relationSubject.jsp?relationWords=%E5%BE%8C%E5%A4%A7%E5%9F%94%E7%9F%B3%E6%AB%9F+%E6%9F%AF%E5%B1%AC+%E6%A4%8D%E7%89%A9%E7%95%8C+%E6%AE%BC%E6%96%97%E7%A7%91+%E7%85%99%E6%96%97+%E7%85%99%E6%96%97%E7%9F%B3%E6%AB%9F+%E7%9F%B3%E6%AB%9F+&oid=2150184 HTTP/1.1" 200 4205
101.13.211.239 - - [20/Nov/2015:01:59:49 +0800] "GET /content/repository/resource_content.jsp?oid=2152132 HTTP/1.1" 200 31149
101.13.211.239 - - [20/Nov/2015:01:59:50 +0800] "GET /content/nav/relationSubject.jsp?relationWords=%E5%BE%8C%E5%A4%A7%E5%9F%94%E7%9F%B3%E6%AB%9F+%E6%9F%AF%E5%B1%AC+%E6%A4%8D%E7%89%A9%E7%95%8C+%E6%AE%BC%E6%96%97%E7%A7%91+%E7%85%99%E6%96%97+%E7%85%99%E6%96%97%E7%9F%B3%E6%AB%9F+%E7%9F%B3%E6%AB%9F+&oid=2152132 HTTP/1.1" 200 4256
66.249.71.60 - - [20/Nov/2015:02:00:23 +0800] "GET /content/nav/relationSubject.jsp?relationWords=%E7%8C%B4%E9%AF%8A+%E7%B5%B2%E9%B0%AD+%E7%B5%B2%E9%B0%AD%E7%8C%B4%E9%AF%8A+%E8%99%8E%E7%A7%91+%E8%99%8E%E9%AD%9A+&oid=4352715 HTTP/1.1" 200 3496
66.249.71.60 - - [20/Nov/2015:02:00:25 +0800] "GET /content/nav/relationSubject.jsp?relationWords=%E7%8C%B4%E9%AF%8A%20%E7%B5%B2%E9%B0%AD%20%E7%B5%B2%E9%B0%AD%E7%8C%B4%E9%AF%8A%20%E8%99%8E%E7%A7%91%20%E8%99%8E%E9%AD%9A%20&oid=4352715 HTTP/1.1" 200 3496
157.55.39.12 - - [20/Nov/2015:02:01:45 +0800] "GET /content/subject/resource_content.jsp?oid=16777284 HTTP/1.1" 200 36948
157.55.39.12 - - [20/Nov/2015:02:01:47 +0800] "GET /content/subject/resource_content.jsp?oid=16777501 HTTP/1.1" 200 45724
157.55.39.28 - - [20/Nov/2015:02:01:56 +0800] "GET /content/subject/resource_content.jsp?oid=16777664 HTTP/1.1" 200 48167
58.152.176.191 - - [20/Nov/2015:02:02:45 +0800] "GET /content/nav/relationSubject.jsp?relationWords=&oid=16777600 HTTP/1.1" 200 1405
66.249.77.85 - - [20/Nov/2015:02:03:36 +0800] "GET /content/repository/resource_content.jsp?oid=1531886&queryType=qs&queryString=%E5%B7%A5%E6%A5%AD%E5%AD%B8%E6%A0%A1 HTTP/1.1" 200 29371
66.249.71.64 - - [20/Nov/2015:02:03:59 +0800] "GET /content/nav/relationSubject.jsp?relationWords=%E6%B3%B0%E9%9B%85%E6%97%8F+%E7%A4%BE%E6%9C%83%E5%95%8F%E9%A1%8C+&oid=1775667 HTTP/1.1" 200 4926
66.249.71.60 - - [20/Nov/2015:02:04:00 +0800] "GET /content/nav/relationSubject.jsp?relationWords=%E6%B3%B0%E9%9B%85%E6%97%8F%20%E7%A4%BE%E6%9C%83%E5%95%8F%E9%A1%8C%20&oid=1775667 HTTP/1.1" 200 4926
66.249.71.155 - - [20/Nov/2015:02:05:34 +0800] "GET /content/nav/relationSubject.jsp?relationWords=%E5%B0%8F%E7%9C%BC%E8%8A%B1%E7%B0%BE%E8%9B%A4+%E6%B5%B7%E7%93%9C%E5%AD%90+%E7%B0%BE%E8%9B%A4+%E7%B0%BE%E8%9B%A4%E7%9B%AE+%E7%B0%BE%E8%9B%A4%E7%A7%91+%E8%8A%B1%E7%B0%BE%E8%9B%A4+%E8%8A%B1%E7%B0%BE%E8%9B%A4%E5%B1%AC+%E8%8A%B1%E8%9B%A4+%E8%9B%A4%E7%A7%91+%E9%9B%99%E6%AE%BC%E7%B6%B1+&oid=1124521 HTTP/1.1" 200 3860
66.249.71.155 - - [20/Nov/2015:02:05:36 +0800] "GET /content/nav/relationSubject.jsp?relationWords=%E5%B0%8F%E7%9C%BC%E8%8A%B1%E7%B0%BE%E8%9B%A4%20%E6%B5%B7%E7%93%9C%E5%AD%90%20%E7%B0%BE%E8%9B%A4%20%E7%B0%BE%E8%9B%A4%E7%9B%AE%20%E7%B0%BE%E8%9B%A4%E7%A7%91%20%E8%8A%B1%E7%B0%BE%E8%9B%A4%20%E8%8A%B1%E7%B0%BE%E8%9B%A4%E5%B1%AC%20%E8%8A%B1%E8%9B%A4%20%E8%9B%A4%E7%A7%91%20%E9%9B%99%E6%AE%BC%E7%B6%B1%20&oid=1124521 HTTP/1.1" 200 3860
1.161.86.219 - - [20/Nov/2015:02:05:54 +0800] "GET /content/nav/relationSubject.jsp?relationWords=%E7%83%8F%E5%BF%83%E7%9F%B3+%E9%B1%B8%E9%B0%BB+&oid=16777303 HTTP/1.1" 200 4004
66.249.71.173 - - [20/Nov/2015:02:06:17 +0800] "GET /content/repository/resource_content.jsp?oid=1552772&queryString=%E4%BA%A4%E9%80%9A%E9%83%A8 HTTP/1.1" 200 30268
1.161.86.219 - - [20/Nov/2015:02:07:00 +0800] "GET /content/repository/resource_content.jsp?oid=2150316&queryString=%E7%83%8F%E5%BF%83%E7%9F%B3%20%E9%B1%B8%E9%B0%BB HTTP/1.1" 200 31079
1.161.86.219 - - [20/Nov/2015:02:07:00 +0800] "GET /content/nav/relationSubject.jsp?relationWords=%E6%9C%A8%E8%98%AD%E7%A7%91+%E6%A4%8D%E7%89%A9%E7%95%8C+%E7%83%8F%E5%BF%83%E7%9F%B3+%E7%83%8F%E5%BF%83%E7%9F%B3%E5%B1%AC+&oid=2150316 HTTP/1.1" 200 4387
183.79.222.154 - - [20/Nov/2015:02:08:02 +0800] "GET /content/subject/resource_content.jsp?oid=16777460&queryType=qc HTTP/1.0" 200 38778
66.249.71.173 - - [20/Nov/2015:02:08:24 +0800] "GET /content/nav/relationSubject.jsp?relationWords=%E4%BA%A4%E9%80%9A%E9%83%A8+%E6%9D%B1%E5%B1%8F+%E6%A9%AB%E8%B2%AB%E5%85%AC%E8%B7%AF+%E8%8A%B1%E6%9D%B1%E5%85%AC%E8%B7%AF+&oid=1552772 HTTP/1.1" 200 5516
66.249.71.155 - - [20/Nov/2015:02:08:26 +0800] "GET /content/nav/relationSubject.jsp?relationWords=%E4%BA%A4%E9%80%9A%E9%83%A8%20%E6%9D%B1%E5%B1%8F%20%E6%A9%AB%E8%B2%AB%E5%85%AC%E8%B7%AF%20%E8%8A%B1%E6%9D%B1%E5%85%AC%E8%B7%AF%20&oid=1552772 HTTP/1.1" 200 5516
66.249.71.173 - - [20/Nov/2015:02:08:58 +0800] "GET /content/repository/resource_content.jsp?oid=1901091&queryType=qs&queryString=%E5%AF%A9%E8%A8%88%E8%99%95 HTTP/1.1" 200 30075
66.249.71.64 - - [20/Nov/2015:02:09:21 +0800] "GET /content/repository/resource_content.jsp?oid=16263&queryString=%E5%9C%93%E7%99%BD%E9%AF%A7%20%E7%99%BD%E9%AF%A7%20%E7%99%BD%E9%AF%A7%E7%A7%91%20%E9%AF%A7%E4%BB%94 HTTP/1.1" 200 35218
66.249.77.85 - - [20/Nov/2015:02:09:25 +0800] "GET /content/nav/relationSubject.jsp?relationWords=%E5%90%B3%E8%BC%9D+%E5%B7%A5%E6%A5%AD%E5%AD%B8%E6%A0%A1+%E6%97%A5%E6%93%9A%E6%99%82%E4%BB%A3+%E7%95%A2%E6%A5%AD%E7%94%9F+%E7%9C%81%E6%94%BF%E5%BA%9C+%E8%87%BA%E5%8D%97%E5%B7%9E+&oid=1531886 HTTP/1.1" 200 4722
66.249.77.85 - - [20/Nov/2015:02:09:27 +0800] "GET /content/nav/relationSubject.jsp?relationWords=%E5%90%B3%E8%BC%9D%20%E5%B7%A5%E6%A5%AD%E5%AD%B8%E6%A0%A1%20%E6%97%A5%E6%93%9A%E6%99%82%E4%BB%A3%20%E7%95%A2%E6%A5%AD%E7%94%9F%20%E7%9C%81%E6%94%BF%E5%BA%9C%20%E8%87%BA%E5%8D%97%E5%B7%9E%20&oid=1531886 HTTP/1.1" 200 4722
66.249.74.100 - - [20/Nov/2015:02:11:40 +0800] "GET /content/repository/resource_content.jsp?oid=1123585 HTTP/1.1" 200 28996
68.180.228.24 - - [20/Nov/2015:02:13:57 +0800] "GET /content/subject/resource_content.jsp?oid=16777544&queryType=qc HTTP/1.1" 200 35835
66.249.71.60 - - [20/Nov/2015:02:14:21 +0800] "GET /content/repository/resource_content.jsp?oid=1516351 HTTP/1.1" 200 28561
66.249.77.97 - - [20/Nov/2015:02:15:25 +0800] "GET /content/subject/resource_content.jsp?oid=16777514&queryType=qs&queryString=%E5%8F%B0%E7%81%A3%E5%BA%9C HTTP/1.1" 200 42810
66.249.77.85 - - [20/Nov/2015:02:17:02 +0800] "GET /content/subject/resource_content.jsp?oid=16777503&queryType=qs&queryString=%E6%B5%AA%E8%8A%B1 HTTP/1.1" 200 40717
66.249.77.97 - - [20/Nov/2015:02:17:26 +0800] "GET /content/nav/relationSubject.jsp?relationWords=%E5%A4%8F%E5%A4%9C+%E6%B0%B4%E8%8C%84+%E6%B0%B4%E8%8C%84%E8%8B%B3+%E8%8C%84%E8%8B%B3+&oid=16777503 HTTP/1.1" 200 4551
66.249.71.64 - - [20/Nov/2015:02:17:54 +0800] "GET /content/nav/relationSubject.jsp?relationWords=%E5%B7%A5%E5%8F%8B+%E6%B6%88%E9%98%B2+&oid=1621055 HTTP/1.1" 200 3548
66.249.71.60 - - [20/Nov/2015:02:17:56 +0800] "GET /content/nav/relationSubject.jsp?relationWords=%E5%B7%A5%E5%8F%8B%20%E6%B6%88%E9%98%B2%20&oid=1621055 HTTP/1.1" 200 3548
95.142.163.99 - - [20/Nov/2015:02:18:29 +0800] "GET /content/subject/resource_content.jsp?oid=16777825&querytype=qc HTTP/1.1" 200 41702
188.165.15.5 - - [20/Nov/2015:02:18:30 +0800] "GET /content/subject/resource_content.jsp?oid=16777838&queryType=qc> HTTP/1.1" 200 59023
66.249.71.155 - - [20/Nov/2015:02:18:42 +0800] "GET /content/nav/relationSubject.jsp?relationWords=%E5%96%AE%E4%BD%8D%E6%B1%BA%E7%AE%97+%E5%9C%B0%E6%96%B9%E7%B8%BD%E6%B1%BA%E7%AE%97+%E5%AF%A9%E8%A8%88+%E5%AF%A9%E8%A8%88%E8%99%95+%E5%AF%A9%E8%A8%88%E9%83%A8+%E5%BB%BA%E8%8F%AF+%E6%B1%BA%E7%AE%97+%E7%81%A3%E7%9C%81%E6%94%BF%E5%BA%9C+%E7%9C%81%E6%94%BF%E5%BA%9C+%E7%B8%BD%E6%B1%BA%E7%AE%97+%E8%87%BA%E5%8C%97%E5%B8%82+%E8%87%BA%E7%81%A3%E7%9C%81+%E8%87%BA%E7%81%A3%E7%9C%81%E5%AF%A9%E8%A8%88%E8%99%95+%E8%87%BA%E7%81%A3%E7%9C%81%E6%94%BF%E5%BA%9C+%E9%99%84%E5%B1%AC%E5%96%AE%E4%BD%8D%E6%B1%BA%E7%AE%97+&oid=1901091 HTTP/1.1" 200 5292
66.249.79.172 - - [20/Nov/2015:02:18:45 +0800] "GET /content/nav/relationSubject.jsp?relationWords=%E5%96%AE%E4%BD%8D%E6%B1%BA%E7%AE%97%20%E5%9C%B0%E6%96%B9%E7%B8%BD%E6%B1%BA%E7%AE%97%20%E5%AF%A9%E8%A8%88%20%E5%AF%A9%E8%A8%88%E8%99%95%20%E5%AF%A9%E8%A8%88%E9%83%A8%20%E5%BB%BA%E8%8F%AF%20%E6%B1%BA%E7%AE%97%20%E7%81%A3%E7%9C%81%E6%94%BF%E5%BA%9C%20%E7%9C%81%E6%94%BF%E5%BA%9C%20%E7%B8%BD%E6%B1%BA%E7%AE%97%20%E8%87%BA%E5%8C%97%E5%B8%82%20%E8%87%BA%E7%81%A3%E7%9C%81%20%E8%87%BA%E7%81%A3%E7%9C%81%E5%AF%A9%E8%A8%88%E8%99%95%20%E8%87%BA%E7%81%A3%E7%9C%81%E6%94%BF%E5%BA%9C%20%E9%99%84%E5%B1%AC%E5%96%AE%E4%BD%8D%E6%B1%BA%E7%AE%97%20&oid=1901091 HTTP/1.1" 200 5292
66.249.71.72 - - [20/Nov/2015:02:19:31 +0800] "GET /content/nav/relationSubject.jsp?relationWords=%E8%8F%AF%E5%83%91+&oid=1516351 HTTP/1.1" 200 4036
66.249.71.60 - - [20/Nov/2015:02:19:32 +0800] "GET /content/nav/relationSubject.jsp?relationWords=%E8%8F%AF%E5%83%91%20&oid=1516351 HTTP/1.1" 200 4036
66.249.74.74 - - [20/Nov/2015:02:19:43 +0800] "GET /digiarch3/content/repository/resource_content.jsp?oid=4352968&queryType=qs&queryString=%E5%A4%A7%E5%8A%9B%E5%A3%AB HTTP/1.1" 200 34908
66.249.71.5 - - [20/Nov/2015:02:19:55 +0800] "GET /digiarch3/content/nav/relationSubject.jsp?relationWords=%E5%A8%98%E4%BB%94%E9%AD%9A%20%E5%B8%B6%E5%B0%BE%E6%96%B0%E9%9A%86%E9%AD%9A%20%E8%8A%B1%E5%B0%BE%20%E8%A7%92%E9%BE%8D%20%E9%9A%86%E9%A0%AD%E9%AD%9A%E7%A7%91%20%E9%B0%AD%E9%AD%9A%20%E9%B8%9A%E9%AF%9B%20&oid=4352968 HTTP/1.1" 200 3655
123.202.151.215 - - [20/Nov/2015:02:20:46 +0800] "GET /content/nav/relationSubject.jsp?relationWords=&oid=16777600 HTTP/1.1" 200 1405
66.249.74.76 - - [20/Nov/2015:02:22:29 +0800] "GET /digiarch3/content/nav/relationSubject.jsp?relationWords=%E7%85%99%E9%B1%A0+%E7%8F%9E%E7%8F%88%E9%B1%A0+%E7%9F%B3%E6%96%91+%E9%81%8E%E9%AD%9A+%E9%AE%A8%E7%A7%91+%E9%B1%A0%E4%BB%94+&oid=14967 HTTP/1.1" 200 3803
66.249.71.5 - - [20/Nov/2015:02:22:32 +0800] "GET /digiarch3/content/nav/relationSubject.jsp?relationWords=%E7%85%99%E9%B1%A0%20%E7%8F%9E%E7%8F%88%E9%B1%A0%20%E7%9F%B3%E6%96%91%20%E9%81%8E%E9%AD%9A%20%E9%AE%A8%E7%A7%91%20%E9%B1%A0%E4%BB%94%20&oid=14967 HTTP/1.1" 200 3803
66.249.77.91 - - [20/Nov/2015:02:23:11 +0800] "GET /content/subject/resource_content.jsp?oid=16777846&queryType=qs&queryString=%E6%96%87%E5%8C%96%E8%B3%87%E7%94%A2 HTTP/1.1" 200 47281
68.180.228.24 - - [20/Nov/2015:02:25:04 +0800] "GET /content/subject/resource_content.jsp?oid=16777317&queryType=qc HTTP/1.1" 200 34911
66.249.71.14 - - [20/Nov/2015:02:25:05 +0800] "GET /digiarch3/content/repository/resource_content.jsp?oid=4352612&queryType=qs&queryString=%E9%A3%9B%E9%AD%9A HTTP/1.1" 200 33920
118.161.254.63 - - [20/Nov/2015:02:25:23 +0800] "GET /content/nav/relationSubject.jsp?relationWords=%E5%A4%A7%E8%91%89%E5%B1%B1%E6%AC%96+%E6%8B%BC%E6%9D%BF%E8%88%9F+%E9%81%94%E6%82%9F%E6%97%8F+&oid=16777270 HTTP/1.1" 200 4585
122.146.207.155 - - [20/Nov/2015:02:26:59 +0800] "GET /content/subject/resource_content.jsp?oid=16777432&queryType=qc HTTP/1.1" 200 28844
122.146.207.155 - - [20/Nov/2015:02:26:59 +0800] "GET /content/subject/resource_content.jsp?oid=16777439&queryType=qc HTTP/1.1" 200 36224
122.146.207.155 - - [20/Nov/2015:02:27:00 +0800] "GET /content/subject/resource_content.jsp?oid=16777468&queryType=qc HTTP/1.1" 200 33264
122.146.207.155 - - [20/Nov/2015:02:27:01 +0800] "GET /content/subject/resource_content.jsp?oid=16777471&queryType=qc HTTP/1.1" 200 30250
122.146.207.155 - - [20/Nov/2015:02:27:01 +0800] "GET /content/subject/resource_content.jsp?oid=16777470&queryType=qc HTTP/1.1" 200 29363
122.146.207.155 - - [20/Nov/2015:02:27:02 +0800] "GET /content/subject/resource_content.jsp?oid=16777463&queryType=qc HTTP/1.1" 200 28400
122.146.207.155 - - [20/Nov/2015:02:27:02 +0800] "GET /content/subject/resource_content.jsp?oid=16777469&queryType=qc HTTP/1.1" 200 31173
122.146.207.155 - - [20/Nov/2015:02:27:02 +0800] "GET /content/subject/resource_content.jsp?oid=16777448&queryType=qc HTTP/1.1" 200 34534
8.37.232.77 - - [20/Nov/2015:02:27:03 +0800] "GET /content/nav/relationSubject.jsp?relationWords=%E9%BB%91%E6%9D%BF%E6%A8%B9+&oid=16777262 HTTP/1.1" 200 3253
122.146.207.155 - - [20/Nov/2015:02:27:03 +0800] "GET /content/subject/resource_content.jsp?oid=16777475&queryType=qc HTTP/1.1" 200 62097
122.146.207.155 - - [20/Nov/2015:02:27:03 +0800] "GET /content/subject/resource_content.jsp?oid=16777566&queryType=qc HTTP/1.1" 200 31748
122.146.207.155 - - [20/Nov/2015:02:27:05 +0800] "GET /content/subject/resource_content.jsp?oid=16777599&queryType=qc HTTP/1.1" 200 36977
122.146.207.155 - - [20/Nov/2015:02:27:06 +0800] "GET /content/subject/resource_content.jsp?oid=16777607&queryType=qc HTTP/1.1" 200 54992
122.146.207.155 - - [20/Nov/2015:02:27:06 +0800] "GET /content/subject/resource_content.jsp?oid=16777779&queryType=qc HTTP/1.1" 200 37703
122.146.207.155 - - [20/Nov/2015:02:27:06 +0800] "GET /content/subject/resource_content.jsp?oid=16777745&queryType=qc HTTP/1.1" 200 35935
122.146.207.155 - - [20/Nov/2015:02:27:07 +0800] "GET /content/subject/resource_content.jsp?oid=16777568&queryType=qc HTTP/1.1" 200 34862
122.146.207.155 - - [20/Nov/2015:02:27:07 +0800] "GET /content/subject/resource_content.jsp?oid=16777519&queryType=qc HTTP/1.1" 200 36024
122.146.207.155 - - [20/Nov/2015:02:27:08 +0800] "GET /content/subject/resource_content.jsp?oid=16777535&queryType=qc HTTP/1.1" 200 35603
122.146.207.155 - - [20/Nov/2015:02:27:09 +0800] "GET /content/subject/resource_content.jsp?oid=16777618&queryType=qc HTTP/1.1" 200 47681
122.146.207.155 - - [20/Nov/2015:02:27:09 +0800] "GET /content/subject/resource_content.jsp?oid=16777615&queryType=qc HTTP/1.1" 200 37930
122.146.207.155 - - [20/Nov/2015:02:27:09 +0800] "GET /content/subject/resource_content.jsp?oid=16777476&queryType=qc HTTP/1.1" 200 54241
122.146.207.155 - - [20/Nov/2015:02:27:10 +0800] "GET /content/subject/resource_content.jsp?oid=16777793&queryType=qc HTTP/1.1" 200 42692
122.146.207.155 - - [20/Nov/2015:02:27:11 +0800] "GET /content/subject/resource_content.jsp?oid=16777746&queryType=qc HTTP/1.1" 200 39188
122.146.207.155 - - [20/Nov/2015:02:27:11 +0800] "GET /content/subject/resource_content.jsp?oid=16777780&queryType=qc HTTP/1.1" 200 33936
122.146.207.155 - - [20/Nov/2015:02:27:12 +0800] "GET /content/subject/resource_content.jsp?oid=16777749&queryType=qc HTTP/1.1" 200 41248
122.146.207.155 - - [20/Nov/2015:02:27:12 +0800] "GET /content/subject/resource_content.jsp?oid=16777740&queryType=qc HTTP/1.1" 200 41464
122.146.207.155 - - [20/Nov/2015:02:27:12 +0800] "GET /content/subject/resource_content.jsp?oid=16777801&queryType=qc HTTP/1.1" 200 43038
122.146.207.155 - - [20/Nov/2015:02:27:12 +0800] "GET /content/subject/resource_content.jsp?oid=16777764&queryType=qc HTTP/1.1" 200 40780
122.146.207.155 - - [20/Nov/2015:02:27:15 +0800] "GET /content/subject/resource_content.jsp?oid=16777825&queryType=qc HTTP/1.1" 200 41691
122.146.207.155 - - [20/Nov/2015:02:27:15 +0800] "GET /content/subject/resource_content.jsp?oid=16777838&queryType=qc> HTTP/1.1" 200 59031
122.146.207.155 - - [20/Nov/2015:02:27:15 +0800] "GET /content/subject/resource_content.jsp?oid=16777787&queryType=qc HTTP/1.1" 200 57841
122.146.207.155 - - [20/Nov/2015:02:27:15 +0800] "GET /content/subject/resource_content.jsp?oid=16777742&queryType=qc HTTP/1.1" 200 38999
122.146.207.155 - - [20/Nov/2015:02:27:16 +0800] "GET /content/subject/resource_content.jsp?oid=16777838&queryType=qc HTTP/1.1" 200 59031
122.146.207.155 - - [20/Nov/2015:02:27:16 +0800] "GET /content/subject/resource_content.jsp?oid=16777788&queryType=qc HTTP/1.1" 200 42882
122.146.207.155 - - [20/Nov/2015:02:27:13 +0800] "GET /content/subject/resource_content.jsp?oid=16777805&queryType=qc HTTP/1.1" 200 35092
122.146.207.155 - - [20/Nov/2015:02:27:16 +0800] "GET /content/subject/resource_content.jsp?oid=16777741&queryType=qc HTTP/1.1" 200 53538
122.146.207.155 - - [20/Nov/2015:02:27:16 +0800] "GET /content/subject/resource_content.jsp?oid=16777837&queryType=qc HTTP/1.1" 200 37539
122.146.207.155 - - [20/Nov/2015:02:27:16 +0800] "GET /content/subject/resource_content.jsp?oid=16777736&queryType=qc HTTP/1.1" 200 43184
122.146.207.155 - - [20/Nov/2015:02:27:16 +0800] "GET /content/subject/resource_content.jsp?oid=16777785&queryType=qc HTTP/1.1" 200 49917
122.146.207.155 - - [20/Nov/2015:02:27:17 +0800] "GET /content/subject/resource_content.jsp?oid=16777839&queryType=qc HTTP/1.1" 200 27193
122.146.207.155 - - [20/Nov/2015:02:27:19 +0800] "GET /content/subject/resource_content.jsp?oid=16777841&queryType=qc HTTP/1.1" 200 27539
122.146.207.155 - - [20/Nov/2015:02:27:19 +0800] "GET /content/subject/resource_content.jsp?oid=16777842&queryType=qc> HTTP/1.1" 200 36275
122.146.207.155 - - [20/Nov/2015:02:27:20 +0800] "GET /content/subject/resource_content.jsp?oid=16777840&queryType=qc HTTP/1.1" 200 40649
66.249.71.72 - - [20/Nov/2015:02:27:21 +0800] "GET /content/repository/resource_content.jsp?oid=1110217 HTTP/1.1" 200 31388
122.146.207.155 - - [20/Nov/2015:02:27:21 +0800] "GET /content/subject/resource_content.jsp?oid=16777840&queryType=qc> HTTP/1.1" 200 40649
66.249.71.64 - - [20/Nov/2015:02:27:21 +0800] "GET /content/nav/relationSubject.jsp?relationWords=%E4%BA%A4%E6%B6%89%E5%93%A1+%E4%BA%BA%E5%90%8D%E6%AC%8A%E5%A8%81+%E5%A4%96%E4%BA%A4%E9%83%A8+%E5%AD%98%E6%AC%BE+&oid=740639 HTTP/1.1" 200 4138
122.146.207.155 - - [20/Nov/2015:02:27:23 +0800] "GET /content/tmp_auth/resource_content.jsp?oid=16777759 HTTP/1.1" 200 25314
122.146.207.155 - - [20/Nov/2015:02:27:24 +0800] "GET /content/tmp_tec/resource_content.jsp?oid=16777753 HTTP/1.1" 200 33902
122.146.207.155 - - [20/Nov/2015:02:27:24 +0800] "GET /content/tmp_auth/resource_content.jsp?oid=16777777 HTTP/1.1" 200 29418
122.146.207.155 - - [20/Nov/2015:02:27:26 +0800] "GET /content/tmp_auth/resource_content.jsp?oid=16777758 HTTP/1.1" 200 25317
112.105.52.59 - - [20/Nov/2015:02:27:28 +0800] "GET /content/subject/resource_content.jsp?oid=16777714&queryType=qc HTTP/1.1" 200 42393
112.105.52.59 - - [20/Nov/2015:02:27:29 +0800] "GET /content/nav/relationSubject.jsp?relationWords=GIS+%E5%9C%B0%E5%BD%A2%E5%9C%96+%E5%A0%A1%E5%9C%96+%E8%95%83%E5%9C%B0+&oid=16777714 HTTP/1.1" 200 4619
66.249.71.60 - - [20/Nov/2015:02:27:35 +0800] "GET /content/nav/relationSubject.jsp?relationWords=%E4%BA%A4%E6%B6%89%E5%93%A1%20%E4%BA%BA%E5%90%8D%E6%AC%8A%E5%A8%81%20%E5%A4%96%E4%BA%A4%E9%83%A8%20%E5%AD%98%E6%AC%BE%20&oid=740639 HTTP/1.1" 200 4138
66.249.71.64 - - [20/Nov/2015:02:27:49 +0800] "GET /content/repository/resource_content.jsp?oid=2684988&queryString=%E5%83%B9%E9%8A%80%20%E5%85%AB%E6%97%97 HTTP/1.1" 200 30316
223.138.46.223 - - [20/Nov/2015:02:28:09 +0800] "GET /content/nav/relationSubject.jsp?relationWords=%E5%B1%B1%E8%8A%99%E8%93%89+%E6%9C%A8%E8%8A%99%E8%93%89+%E8%96%9B%E6%BF%A4+%E9%86%89%E8%8A%99%E8%93%89+&oid=16777260 HTTP/1.1" 200 4595
68.180.228.24 - - [20/Nov/2015:02:28:09 +0800] "GET /digiarch_en/content/subject/resource_content.jsp?oid=16777276&queryType=qc HTTP/1.1" 200 27809
66.249.71.14 - - [20/Nov/2015:02:30:28 +0800] "GET /digiarch3/content/repository/resource_content.jsp?oid=1522859&queryType=qs&queryString=%E7%85%A4%E7%A4%A6%E5%85%AC%E5%8F%B8 HTTP/1.1" 200 29209
66.249.71.14 - - [20/Nov/2015:02:30:35 +0800] "GET /digiarch3/content/nav/relationSubject.jsp?relationWords=%E6%89%80%E5%BE%97%E7%A8%85+%E7%85%A4%E7%A4%A6%E5%85%AC%E5%8F%B8+%E7%87%9F%E5%88%A9%E4%BA%8B%E6%A5%AD+%E8%87%BA%E5%8C%97%E7%B8%A3+%E8%91%A3%E4%BA%8B%E9%95%B7+%E8%B3%B4%E6%A3%AE%E6%9E%97+%E9%B6%AF%E6%AD%8C%E9%8E%AE+&oid=1522859 HTTP/1.1" 200 5276
66.249.74.72 - - [20/Nov/2015:02:30:37 +0800] "GET /digiarch3/content/nav/relationSubject.jsp?relationWords=%E6%89%80%E5%BE%97%E7%A8%85%20%E7%85%A4%E7%A4%A6%E5%85%AC%E5%8F%B8%20%E7%87%9F%E5%88%A9%E4%BA%8B%E6%A5%AD%20%E8%87%BA%E5%8C%97%E7%B8%A3%20%E8%91%A3%E4%BA%8B%E9%95%B7%20%E8%B3%B4%E6%A3%AE%E6%9E%97%20%E9%B6%AF%E6%AD%8C%E9%8E%AE%20&oid=1522859 HTTP/1.1" 200 5276
66.249.71.64 - - [20/Nov/2015:02:31:05 +0800] "GET /content/nav/relationSubject.jsp?relationWords=&oid=2605712 HTTP/1.1" 200 1405
66.249.71.72 - - [20/Nov/2015:02:32:01 +0800] "GET /content/nav/relationSubject.jsp?relationWords=%E6%B8%A6%E8%9E%BA+%E8%85%B9%E8%B6%B3%E7%B6%B1+%E8%9D%99%E8%9D%A0%E6%B8%A6%E8%9E%BA+&oid=1123585 HTTP/1.1" 200 3313
66.249.71.60 - - [20/Nov/2015:02:32:02 +0800] "GET /content/nav/relationSubject.jsp?relationWords=%E6%B8%A6%E8%9E%BA%20%E8%85%B9%E8%B6%B3%E7%B6%B1%20%E8%9D%99%E8%9D%A0%E6%B8%A6%E8%9E%BA%20&oid=1123585 HTTP/1.1" 200 3313
66.249.77.97 - - [20/Nov/2015:02:32:39 +0800] "GET /content/nav/relationSubject.jsp?relationWords=%E4%B8%89%E9%BD%92%E4%BB%94+%E5%AF%92%E9%AF%9B+%E5%B0%8D%E6%96%91%E7%8B%90%E9%AF%9B+%E6%96%91%E6%99%AE%E6%8F%90+%E6%97%A5%E6%9C%AC%E5%A9%86%E4%BB%94+%E7%8B%90%E9%AF%9B+%E7%B4%85%E5%A8%98%E4%BB%94+%E9%9A%86%E9%A0%AD%E9%AD%9A%E7%A7%91+%E9%BB%83%E9%BB%9E%E9%BE%8D+&oid=15744 HTTP/1.1" 200 3881
66.249.77.85 - - [20/Nov/2015:02:32:41 +0800] "GET /content/nav/relationSubject.jsp?relationWords=%E4%B8%89%E9%BD%92%E4%BB%94%20%E5%AF%92%E9%AF%9B%20%E5%B0%8D%E6%96%91%E7%8B%90%E9%AF%9B%20%E6%96%91%E6%99%AE%E6%8F%90%20%E6%97%A5%E6%9C%AC%E5%A9%86%E4%BB%94%20%E7%8B%90%E9%AF%9B%20%E7%B4%85%E5%A8%98%E4%BB%94%20%E9%9A%86%E9%A0%AD%E9%AD%9A%E7%A7%91%20%E9%BB%83%E9%BB%9E%E9%BE%8D%20&oid=15744 HTTP/1.1" 200 3881
183.79.222.154 - - [20/Nov/2015:02:32:49 +0800] "GET /content/subject/resource_content.jsp?oid=16797271&queryType=qc HTTP/1.0" 200 55229
66.249.71.113 - - [20/Nov/2015:02:33:09 +0800] "GET /content/repository/resource_content.jsp?oid=4353716&queryType=qs&queryString=%E9%BC%BB%E8%85%94 HTTP/1.1" 200 33761
66.249.71.64 - - [20/Nov/2015:02:33:28 +0800] "GET /content/nav/relationSubject.jsp?relationWords=%E6%A4%8D%E7%89%A9%E7%95%8C%20%E7%A6%8F%E5%B1%B1%E6%B0%8F%E9%A3%9B%E8%93%AC%20%E8%8F%8A%E7%A7%91%20%E9%9B%99%E5%AD%90%E8%91%89%20%E9%9B%99%E5%AD%90%E8%91%89%E6%A4%8D%E7%89%A9%20%E9%A3%9B%E8%93%AC%20%E9%A3%9B%E8%93%AC%E5%B1%AC%20&oid=1110217 HTTP/1.1" 200 3515
183.79.222.154 - - [20/Nov/2015:02:34:12 +0800] "GET /content/subject/resource_content.jsp?oid=16777476&queryType=qc HTTP/1.0" 200 54180
66.249.71.121 - - [20/Nov/2015:02:34:31 +0800] "GET /content/nav/relationSubject.jsp?relationWords=%E5%8D%8A%E9%82%8A%E9%AD%9A+%E6%89%81%E9%AD%9A+%E6%AF%94%E7%9B%AE%E9%AD%9A+%E7%93%A6%E9%B0%88+%E7%93%A6%E9%B0%88%E7%A7%91+%E7%9A%87%E5%B8%9D%E9%AD%9A+%E9%95%B7%E5%90%BB%E7%93%A6%E9%B0%88+%E9%B0%88%E7%A7%91+&oid=4353716 HTTP/1.1" 200 3785
66.249.71.105 - - [20/Nov/2015:02:34:33 +0800] "GET /content/nav/relationSubject.jsp?relationWords=%E5%8D%8A%E9%82%8A%E9%AD%9A%20%E6%89%81%E9%AD%9A%20%E6%AF%94%E7%9B%AE%E9%AD%9A%20%E7%93%A6%E9%B0%88%20%E7%93%A6%E9%B0%88%E7%A7%91%20%E7%9A%87%E5%B8%9D%E9%AD%9A%20%E9%95%B7%E5%90%BB%E7%93%A6%E9%B0%88%20%E9%B0%88%E7%A7%91%20&oid=4353716 HTTP/1.1" 200 3785
66.249.71.105 - - [20/Nov/2015:02:34:43 +0800] "GET /content/nav/relationSubject.jsp?relationWords=%E7%9B%9B%E5%85%B7+%E8%83%8C%E7%B1%83+&oid=4363780 HTTP/1.1" 200 3015
66.249.71.105 - - [20/Nov/2015:02:34:45 +0800] "GET /content/nav/relationSubject.jsp?relationWords=%E7%9B%9B%E5%85%B7%20%E8%83%8C%E7%B1%83%20&oid=4363780 HTTP/1.1" 200 3015
123.202.151.215 - - [20/Nov/2015:02:35:01 +0800] "GET /content/nav/relationSubject.jsp?relationWords=&oid=16777600 HTTP/1.1" 200 1405
183.79.222.154 - - [20/Nov/2015:02:35:02 +0800] "GET /content/subject/resource_content.jsp?oid=16777657&queryType=qc HTTP/1.0" 200 71617
175.111.55.31 - - [20/Nov/2015:02:35:28 +0800] "GET /content/nav/relationSubject.jsp?relationWords=%E9%BB%91%E6%9D%BF%E6%A8%B9+&oid=16777262 HTTP/1.1" 200 3253
61.135.189.113 - - [20/Nov/2015:02:36:43 +0800] "GET /content/repository/resource_content.jsp?oid=4352864&queryType=qs&queryString=%E9%AD%9A%E6%A7%8D HTTP/1.1" 200 35467
59.127.155.230 - - [20/Nov/2015:02:37:52 +0800] "GET /content/repository/resource_content.jsp?oid=3818673&queryString=%E5%A4%A7%E6%88%9F%20%E5%A4%A7%E6%88%9F%E7%A7%91%20%E5%BB%A3%E6%9D%B1%E6%B2%B9%E6%A1%90%20%E6%A4%8D%E7%89%A9%E7%95%8C%20%E6%B2%B9%E6%A1%90%E5%B1%AC%20%E7%9A%BA%E6%A1%90 HTTP/1.1" 200 31198
59.127.155.230 - - [20/Nov/2015:02:37:53 +0800] "GET /content/nav/relationSubject.jsp?relationWords=%E5%9C%B0%E9%8C%A6+%E5%9C%B0%E9%8C%A6%E8%8D%89+%E5%9C%B0%E9%8C%A6%E8%8D%89%E5%B1%AC+%E5%A4%A7%E6%88%9F+%E5%A4%A7%E6%88%9F%E7%A7%91+%E6%A4%8D%E7%89%A9%E7%95%8C+%E9%B5%9D%E9%91%BE%E9%BC%BB%E5%A4%A7%E6%88%9F+&oid=3818673 HTTP/1.1" 200 3491
66.249.71.72 - - [20/Nov/2015:02:38:31 +0800] "GET /content/repository/resource_content.jsp?oid=1081977&queryString=%E6%91%A9%E5%88%A9%E9%AD%9A%20%E6%91%A9%E9%BA%97 HTTP/1.1" 200 29789
59.127.155.230 - - [20/Nov/2015:02:38:43 +0800] "GET /digiarch_en/content/repository/resource_content.jsp?oid=3818673&queryString=%E5%A4%A7%E6%88%9F%20%E5%A4%A7%E6%88%9F%E7%A7%91%20%E5%BB%A3%E6%9D%B1%E6%B2%B9%E6%A1%90%20%E6%A4%8D%E7%89%A9%E7%95%8C%20%E6%B2%B9%E6%A1%90%E5%B1%AC%20%E7%9A%BA%E6%A1%90 HTTP/1.1" 200 23690
59.127.155.230 - - [20/Nov/2015:02:38:43 +0800] "GET /digiarch_en/content/nav/relationSubject.jsp?relationWords=%E5%9C%B0%E9%8C%A6+%E5%9C%B0%E9%8C%A6%E8%8D%89+%E5%9C%B0%E9%8C%A6%E8%8D%89%E5%B1%AC+%E5%A4%A7%E6%88%9F+%E5%A4%A7%E6%88%9F%E7%A7%91+%E6%A4%8D%E7%89%A9%E7%95%8C+%E9%B5%9D%E9%91%BE%E9%BC%BB%E5%A4%A7%E6%88%9F+&oid=3818673 HTTP/1.1" 200 3484
66.249.71.105 - - [20/Nov/2015:02:38:45 +0800] "GET /content/repository/resource_content.jsp?oid=1882929&queryType=qs&queryString=%E4%B8%8B%E9%A1%8E%E9%AA%A8 HTTP/1.1" 200 28813
66.249.71.72 - - [20/Nov/2015:02:39:21 +0800] "GET /content/nav/relationSubject.jsp?relationWords=%E6%96%87%E5%A3%87+%E8%87%BA%E7%81%A3%E8%97%9D%E8%A1%93%E7%A4%BE+&oid=2470437 HTTP/1.1" 200 3160
66.249.71.60 - - [20/Nov/2015:02:39:23 +0800] "GET /content/nav/relationSubject.jsp?relationWords=%E6%96%87%E5%A3%87%20%E8%87%BA%E7%81%A3%E8%97%9D%E8%A1%93%E7%A4%BE%20&oid=2470437 HTTP/1.1" 200 3160
66.249.71.64 - - [20/Nov/2015:02:40:49 +0800] "GET /content/nav/relationSubject.jsp?relationWords=%E6%91%A9%E9%BA%97+%E9%BB%91%E8%8A%B1+&oid=1081977 HTTP/1.1" 200 3385
66.249.71.60 - - [20/Nov/2015:02:40:50 +0800] "GET /content/nav/relationSubject.jsp?relationWords=%E6%91%A9%E9%BA%97%20%E9%BB%91%E8%8A%B1%20&oid=1081977 HTTP/1.1" 200 3385
61.223.72.10 - - [20/Nov/2015:02:41:05 +0800] "GET /content/repository/resource_content.jsp?oid=1105134 HTTP/1.1" 200 31365
61.223.72.10 - - [20/Nov/2015:02:41:06 +0800] "GET /content/nav/relationSubject.jsp?relationWords=%E5%A4%A7%E8%B1%86+%E5%A4%A7%E8%B1%86%E5%B1%AC+%E6%89%81%E8%B1%86%E8%8E%A2%E5%A4%A7%E8%B1%86+%E6%A4%8D%E7%89%A9%E7%95%8C+%E8%A0%B6%E8%B1%86+%E8%B1%86%E8%8E%A2+%E9%9B%99%E5%AD%90%E8%91%89+%E9%9B%99%E5%AD%90%E8%91%89%E6%A4%8D%E7%89%A9+&oid=1105134 HTTP/1.1" 200 3532
66.249.71.155 - - [20/Nov/2015:02:41:12 +0800] "GET /content/repository/resource_content.jsp?oid=4452655&queryType=qs&queryString=%E8%97%A5%E7%94%A8%E6%A4%8D%E7%89%A9 HTTP/1.1" 200 28803
66.249.71.155 - - [20/Nov/2015:02:41:31 +0800] "GET /content/nav/relationSubject.jsp?relationWords=%E8%97%A5%E7%94%A8%E6%A4%8D%E7%89%A9+&oid=4452655 HTTP/1.1" 200 3980
66.249.71.155 - - [20/Nov/2015:02:41:32 +0800] "GET /content/nav/relationSubject.jsp?relationWords=%E8%97%A5%E7%94%A8%E6%A4%8D%E7%89%A9%20&oid=4452655 HTTP/1.1" 200 3980
66.249.71.105 - - [20/Nov/2015:02:42:36 +0800] "GET /content/nav/relationSubject.jsp?relationWords=%E4%B8%8B%E9%A1%8E+%E4%B8%8B%E9%A1%8E%E9%AA%A8+%E9%A1%8E%E9%AA%A8+&oid=1882929 HTTP/1.1" 200 3057
66.249.71.60 - - [20/Nov/2015:02:42:37 +0800] "GET /content/repository/resource_content.jsp?oid=1848822 HTTP/1.1" 200 30178
66.249.71.105 - - [20/Nov/2015:02:42:37 +0800] "GET /content/nav/relationSubject.jsp?relationWords=%E4%B8%8B%E9%A1%8E%20%E4%B8%8B%E9%A1%8E%E9%AA%A8%20%E9%A1%8E%E9%AA%A8%20&oid=1882929 HTTP/1.1" 200 3057
66.249.77.85 - - [20/Nov/2015:02:43:16 +0800] "GET /content/nav/relationSubject.jsp?relationWords=%E5%A4%A7%E6%88%9F+%E5%A4%A7%E6%88%9F%E7%A7%91+%E5%BB%A3%E6%9D%B1%E6%B2%B9%E6%A1%90+%E6%A4%8D%E7%89%A9%E7%95%8C+%E6%B2%B9%E6%A1%90%E5%B1%AC+%E7%9A%BA%E6%A1%90+&oid=1462025 HTTP/1.1" 200 3420
66.249.77.97 - - [20/Nov/2015:02:43:17 +0800] "GET /content/nav/relationSubject.jsp?relationWords=%E5%A4%A7%E6%88%9F%20%E5%A4%A7%E6%88%9F%E7%A7%91%20%E5%BB%A3%E6%9D%B1%E6%B2%B9%E6%A1%90%20%E6%A4%8D%E7%89%A9%E7%95%8C%20%E6%B2%B9%E6%A1%90%E5%B1%AC%20%E7%9A%BA%E6%A1%90%20&oid=1462025 HTTP/1.1" 200 3420
66.249.71.164 - - [20/Nov/2015:02:43:54 +0800] "GET /content/repository/resource_content.jsp?oid=794577&queryString=%E9%80%A3%E9%9B%B2%E5%B3%B6 HTTP/1.1" 200 28103
66.249.71.155 - - [20/Nov/2015:02:44:15 +0800] "GET /content/nav/relationSubject.jsp?relationWords=%E9%80%A3%E9%9B%B2%E5%B3%B6+&oid=794577 HTTP/1.1" 200 3127
66.249.71.155 - - [20/Nov/2015:02:44:18 +0800] "GET /content/nav/relationSubject.jsp?relationWords=%E9%80%A3%E9%9B%B2%E5%B3%B6%20&oid=794577 HTTP/1.1" 200 3127
66.249.77.97 - - [20/Nov/2015:02:45:55 +0800] "GET /content/repository/resource_content.jsp?oid=1550175&queryString=%E7%94%A2%E5%A9%86%20%E7%94%A2%E5%A9%A6 HTTP/1.1" 200 28668
66.249.77.85 - - [20/Nov/2015:02:46:32 +0800] "GET /content/repository/resource_content.jsp?oid=15186&queryType=qs&queryString=%E5%B0%BE%E6%A4%8E HTTP/1.1" 200 35344
66.249.77.97 - - [20/Nov/2015:02:46:35 +0800] "GET /content/subject/resource_content.jsp?oid=16777585&queryType=qs&queryString=%E5%9C%9F%E5%9C%B0 HTTP/1.1" 200 40599
66.249.71.60 - - [20/Nov/2015:02:48:54 +0800] "GET /content/nav/relationSubject.jsp?relationWords=%E6%B5%B7%E9%BE%8D+%E6%B5%B7%E9%BE%8D%E7%A7%91+%E8%96%9B%E6%B0%8F%E6%B5%B7%E9%BE%8D+&oid=14806 HTTP/1.1" 200 3596
66.249.71.60 - - [20/Nov/2015:02:49:02 +0800] "GET /content/nav/relationSubject.jsp?relationWords=%E6%B5%B7%E9%BE%8D%20%E6%B5%B7%E9%BE%8D%E7%A7%91%20%E8%96%9B%E6%B0%8F%E6%B5%B7%E9%BE%8D%20&oid=14806 HTTP/1.1" 200 3596
66.249.77.97 - - [20/Nov/2015:02:49:16 +0800] "GET /content/subject/resource_content.jsp?oid=16777508&queryType=qs&queryString=%E5%A4%96%E4%BE%86%E7%A8%AE HTTP/1.1" 200 36245
66.249.71.41 - - [20/Nov/2015:02:50:26 +0800] "GET /content/repository/resource_content.jsp?oid=4470391&queryType=qs&queryString=%E9%83%BD%E7%9D%A3 HTTP/1.1" 200 41965
66.249.71.5 - - [20/Nov/2015:02:51:57 +0800] "GET /digiarch3/content/repository/resource_content.jsp?oid=2686383&queryType=qs&queryString=%E5%91%A8%E8%88%88%E5%B2%B1 HTTP/1.1" 200 30461
66.249.77.97 - - [20/Nov/2015:02:52:24 +0800] "GET /content/nav/relationSubject.jsp?relationWords=%E6%B2%99%E8%85%B8%E4%BB%94%20&oid=15186 HTTP/1.1" 200 3343
66.249.71.14 - - [20/Nov/2015:02:54:38 +0800] "GET /digiarch3/content/repository/resource_content.jsp?oid=1608105&queryType=qs&queryString=%E4%B8%AD%E7%A7%91%E9%99%A2 HTTP/1.1" 200 28915
66.249.71.5 - - [20/Nov/2015:02:54:49 +0800] "GET /digiarch3/content/nav/relationSubject.jsp?relationWords=%E4%B8%AD%E7%A7%91%E9%99%A2+%E5%A4%A7%E6%A8%B9%E9%84%89+%E5%AE%89%E5%85%A8%E6%A1%88+&oid=1608105 HTTP/1.1" 200 3390
66.249.71.5 - - [20/Nov/2015:02:54:53 +0800] "GET /digiarch3/content/nav/relationSubject.jsp?relationWords=%E4%B8%AD%E7%A7%91%E9%99%A2%20%E5%A4%A7%E6%A8%B9%E9%84%89%20%E5%AE%89%E5%85%A8%E6%A1%88%20&oid=1608105 HTTP/1.1" 200 3390
183.79.222.154 - - [20/Nov/2015:02:54:53 +0800] "GET /content/subject/resource_content.jsp?oid=16777263&queryType=qc HTTP/1.0" 200 30835
66.249.71.5 - - [20/Nov/2015:02:55:16 +0800] "GET /digiarch3/content/nav/relationSubject.jsp?relationWords=%E5%90%8F%E9%83%A8+%E5%91%A8%E8%88%88%E5%B2%B1+%E7%9F%A5%E7%85%A7+&oid=2686383 HTTP/1.1" 200 3186
66.249.71.5 - - [20/Nov/2015:02:55:18 +0800] "GET /digiarch3/content/nav/relationSubject.jsp?relationWords=%E5%90%8F%E9%83%A8%20%E5%91%A8%E8%88%88%E5%B2%B1%20%E7%9F%A5%E7%85%A7%20&oid=2686383 HTTP/1.1" 200 3186
114.40.160.2 - - [20/Nov/2015:02:56:21 +0800] "GET /content/repository/resource_content.jsp?oid=1532322 HTTP/1.1" 200 30832
114.40.160.2 - - [20/Nov/2015:02:56:23 +0800] "GET /content/nav/relationSubject.jsp?relationWords=%E4%BD%B3%E8%88%88+%E4%BF%9D%E5%AE%89%E6%9E%97+%E5%8A%89%E9%87%91+%E5%8A%89%E9%87%91%E7%B4%84+%E5%8D%97%E5%8C%96+%E5%9C%8B%E6%9C%89%E6%9E%97+%E5%AE%89%E6%9E%97+%E6%94%BE%E7%A7%9F+%E6%96%87%E9%AD%81+%E6%9D%8E%E6%BA%90+%E6%9D%8E%E6%BA%90%E6%A3%A7+%E6%9E%97%E5%8B%99%E5%B1%80+%E6%9E%97%E7%89%9B+%E6%9E%97%E7%89%9B%E6%B8%AF+%E6%A8%99%E5%94%AE+%E7%94%B2%E4%BB%99%E9%84%89+%E7%9C%81%E6%94%BF%E5%BA%9C+%E7%A8%8B%E4%BF%AE%E6%98%8C+%E7%B0%A1%E6%96%87+%E8%87%BA%E5%8D%97%E7%B8%A3+%E8%8E%8A%E5%8C%97%E6%96%97+%E8%B3%B4%E6%A8%B9%E6%97%BA+%E9%80%A0%E6%9E%97+%E9%87%91%E7%B4%84+&oid=1532322 HTTP/1.1" 200 5427
68.180.230.178 - - [20/Nov/2015:02:56:58 +0800] "GET /content/subject/resource_content.jsp?oid=16777283&queryType=qc HTTP/1.1" 200 28110
66.249.71.72 - - [20/Nov/2015:02:57:20 +0800] "GET /content/repository/resource_content.jsp?oid=14228&queryString=%E5%A4%A7%E9%B0%AD%E8%9A%93%E9%B0%BB%20%E8%9A%93%E9%B0%BB%20%E9%B0%BB%E7%A7%91 HTTP/1.1" 200 32887
66.249.71.64 - - [20/Nov/2015:02:58:11 +0800] "GET /content/repository/resource_content.jsp?oid=1591605&queryString=%E5%9C%8B%E9%9A%9B%E9%87%91%E8%9E%8D HTTP/1.1" 200 31614
66.249.71.72 - - [20/Nov/2015:02:58:48 +0800] "GET /content/nav/relationSubject.jsp?relationWords=%E5%A4%A7%E9%A0%AD%E8%9A%93%E9%B0%BB+%E8%9A%93%E9%B0%BB+%E9%B0%BB%E7%A7%91+&oid=14228 HTTP/1.1" 200 3298
66.249.71.60 - - [20/Nov/2015:02:58:50 +0800] "GET /content/nav/relationSubject.jsp?relationWords=%E5%A4%A7%E9%A0%AD%E8%9A%93%E9%B0%BB%20%E8%9A%93%E9%B0%BB%20%E9%B0%BB%E7%A7%91%20&oid=14228 HTTP/1.1" 200 3298
66.249.71.72 - - [20/Nov/2015:03:00:01 +0800] "GET /content/repository/resource_content.jsp?oid=1531358&queryString=%E6%B4%A5%E8%B2%BC%20%E7%9C%81%E6%94%BF%E5%BA%9C%20%E8%87%BA%E5%8C%97%E5%B8%82%20%E9%AB%98%E9%9B%84%E5%B8%82 HTTP/1.1" 200 31205
66.249.71.72 - - [20/Nov/2015:03:01:45 +0800] "GET /content/nav/relationSubject.jsp?relationWords=%E5%90%8C%E6%A5%AD%E5%85%AC%E6%9C%83+%E5%90%B3%E6%9C%89+%E5%90%B3%E6%9C%89%E5%B1%B1+%E7%9C%81%E6%94%BF%E5%BA%9C+%E8%87%BA%E4%B8%AD%E7%B8%A3+%E8%87%BA%E5%8C%97%E5%B8%82+%E8%8C%B6%E5%AE%A4+%E8%AA%BF%E6%9F%A5%E7%A0%94%E7%A9%B6+&oid=1531358 HTTP/1.1" 200 4693
66.249.71.60 - - [20/Nov/2015:03:01:47 +0800] "GET /content/nav/relationSubject.jsp?relationWords=%E5%90%8C%E6%A5%AD%E5%85%AC%E6%9C%83%20%E5%90%B3%E6%9C%89%20%E5%90%B3%E6%9C%89%E5%B1%B1%20%E7%9C%81%E6%94%BF%E5%BA%9C%20%E8%87%BA%E4%B8%AD%E7%B8%A3%20%E8%87%BA%E5%8C%97%E5%B8%82%20%E8%8C%B6%E5%AE%A4%20%E8%AA%BF%E6%9F%A5%E7%A0%94%E7%A9%B6%20&oid=1531358 HTTP/1.1" 200 4693
66.249.71.64 - - [20/Nov/2015:03:02:05 +0800] "GET /content/repository/resource_content.jsp?oid=1632062 HTTP/1.1" 200 28878
66.249.71.105 - - [20/Nov/2015:03:02:42 +0800] "GET /content/repository/resource_content.jsp?oid=18358&queryType=qs&queryString=%E7%B5%B2%E9%B0%AD%E7%8C%B4%E9%AF%8A HTTP/1.1" 200 30096
68.180.228.24 - - [20/Nov/2015:03:03:48 +0800] "GET /content/repository/resource_content.jsp?oid=1607953 HTTP/1.1" 200 28508
66.249.71.72 - - [20/Nov/2015:03:05:20 +0800] "GET /content/nav/relationSubject.jsp?relationWords=%E5%85%AC%E7%94%A8%E4%BA%8B%E6%A5%AD%20%E5%9C%8B%E9%9A%9B%E9%87%91%E8%9E%8D%20%E5%A4%96%E5%8C%AF%20%E5%AD%98%E6%AC%BE%20%E5%BE%B5%E4%BF%A1%20%E5%BE%B5%E4%BF%A1%E6%A5%AD%20%E6%94%BE%E6%AC%BE%E6%A5%AD%E5%8B%99%20%E6%96%87%E8%AC%99%20%E7%94%A8%E4%BA%8B%20%E7%9B%88%E9%A4%98%20%E7%AC%AC%E4%B8%80%E9%8A%80%E8%A1%8C%20%E8%87%AA%E5%8B%95%E5%8C%96%20%E8%96%AA%E8%B3%87%20%E8%AD%89%E5%88%B8%20%E9%87%91%E8%9E%8D%20%E9%87%91%E8%9E%8D%E6%A5%AD%20%E9%87%91%E8%9E%8D%E6%A5%AD%E5%8B%99%20%E9%A0%90%E7%AE%97%20&oid=1591605 HTTP/1.1" 200 5408
66.249.71.121 - - [20/Nov/2015:03:05:24 +0800] "GET /content/repository/resource_content.jsp?oid=4470382&queryType=qs&queryString=%E8%A1%80%E6%B8%85 HTTP/1.1" 200 33054
61.223.250.252 - - [20/Nov/2015:03:05:42 +0800] "GET /content/nav/relationSubject.jsp?relationWords=%E9%BB%91%E6%9D%BF%E6%A8%B9+&oid=16777262 HTTP/1.1" 200 3253
66.249.71.72 - - [20/Nov/2015:03:05:57 +0800] "GET /content/repository/resource_content.jsp?oid=2681718&queryString=%E5%88%91%E9%83%A8%20%E7%94%A8%E4%BA%8B HTTP/1.1" 200 30536
183.79.222.154 - - [20/Nov/2015:03:06:30 +0800] "GET /content/subject/resource_content.jsp?oid=16777604&queryType=qc HTTP/1.0" 200 59687
157.55.39.28 - - [20/Nov/2015:03:06:34 +0800] "GET /content/nav/relationSubject.jsp?relationWords=%E6%BE%A4%E8%98%AD+%E8%8A%B1%E8%94%93+%E8%94%93%E6%BE%A4+%E8%94%93%E6%BE%A4%E8%98%AD+&oid=16777266 HTTP/1.1" 200 4343
104.197.178.233 - - [20/Nov/2015:03:07:29 +0800] "GET /content/subject/resource_content.jsp?oid=16777760&queryString= HTTP/1.1" 200 38917
66.249.71.164 - - [20/Nov/2015:03:08:04 +0800] "GET /content/subject/resource_content.jsp?oid=16777820&queryType=qs&queryString=%E8%BE%B2%E5%A7%94%E6%9C%83 HTTP/1.1" 200 36899
66.249.71.60 - - [20/Nov/2015:03:09:51 +0800] "GET /content/repository/resource_content.jsp?oid=3819223&queryString=%E6%A4%8D%E7%89%A9%E7%95%8C%20%E6%B0%B4%E9%BE%8D%E9%AA%A8%20%E6%B0%B4%E9%BE%8D%E9%AA%A8%E7%A7%91%20%E7%93%A6%E8%91%A6%E5%B1%AC%20%E8%95%A8%E9%A1%9E%E6%A4%8D%E7%89%A9%20%E9%95%B7%E6%9F%84%E7%93%A6%E8%91%A6 HTTP/1.1" 200 31399
183.79.222.154 - - [20/Nov/2015:03:10:19 +0800] "GET /content/subject/resource_content.jsp?oid=16777484&queryType=qc HTTP/1.0" 200 72069
