66.249.77.172 - - [26/Feb/2014:11:31:15 +0800] "GET /content/subject/resource_content.jsp?oid=16777787&queryType=qc HTTP/1.1" 200 57004
42.156.137.54 - - [26/Feb/2014:11:31:17 +0800] "GET /content/tmp_exh/resource_content.jsp?oid=16777784&queryType=qc%201890 HTTP/1.1" 200 28254
42.156.136.54 - - [26/Feb/2014:11:31:28 +0800] "GET /content/subject/resource_content.jsp?oid=16777403&queryType=qc HTTP/1.1" 200 27222
42.120.161.54 - - [26/Feb/2014:11:31:33 +0800] "GET /content/subject/resource_content.jsp?oid=16777570&queryType=qc HTTP/1.1" 200 39645
210.69.7.102 - - [26/Feb/2014:11:31:33 +0800] "GET /content/nav/relationSubject.jsp?relationWords=%E9%98%BF%E5%8B%83%E5%8B%92+&oid=16777368 HTTP/1.1" 200 2925
42.156.137.54 - - [26/Feb/2014:11:31:33 +0800] "GET /digiarch_en/content/subject/resource_content.jsp?oid=16777782&queryType=qc> HTTP/1.1" 200 44184
42.120.160.54 - - [26/Feb/2014:11:31:37 +0800] "GET /digiarch_en/content/subject/resource_content.jsp?oid=16777721&queryType=qc HTTP/1.1" 200 31028
42.156.139.54 - - [26/Feb/2014:11:31:38 +0800] "GET /digiarch_en/content/subject/resource_content.jsp?oid=16777279&queryType=qc HTTP/1.1" 200 27787
66.249.77.195 - - [26/Feb/2014:11:32:12 +0800] "GET /content/nav/relationSubject.jsp?relationWords=%E5%9C%B0%E5%83%B9%20%E5%9C%B0%E6%AC%8A%20%E5%9F%BA%E9%9A%86%E5%B8%82%E6%94%BF%E5%BA%9C%20%E5%B8%82%E8%AD%B0%E6%9C%83%20%E7%9C%81%E8%AD%B0%E6%9C%83%20%E8%87%A8%E6%99%82%E7%9C%81%E8%AD%B0%E6%9C%83%20%E8%87%BA%E7%81%A3%E7%9C%81%20%E8%B2%B4%E8%BD%84%20%E9%99%B3%E6%BA%AA%E6%9C%A8%20&oid=1522457 HTTP/1.1" 200 5599
66.249.74.117 - - [26/Feb/2014:11:32:13 +0800] "GET /content/nav/relationSubject.jsp?relationWords=%E5%9B%9B%E5%BA%9C+%E6%89%8B%E5%B7%A5%E8%97%9D%E5%93%81+%E7%B6%93%E6%BF%9F%E6%94%BF%E7%AD%96+%E8%87%BA%E4%B8%AD%E5%B7%9E+%E8%87%BA%E7%81%A3%E7%9C%81+&oid=1626837 HTTP/1.1" 200 4248
66.249.77.8 - - [26/Feb/2014:11:32:15 +0800] "GET /content/nav/relationSubject.jsp?relationWords=%E5%9B%9B%E5%BA%9C%20%E6%89%8B%E5%B7%A5%E8%97%9D%E5%93%81%20%E7%B6%93%E6%BF%9F%E6%94%BF%E7%AD%96%20%E8%87%BA%E4%B8%AD%E5%B7%9E%20%E8%87%BA%E7%81%A3%E7%9C%81%20&oid=1626837 HTTP/1.1" 200 4248
66.249.77.8 - - [26/Feb/2014:11:32:16 +0800] "GET /content/nav/relationSubject.jsp?relationWords=%E6%89%8B%E5%B7%A5%E8%97%9D%E5%93%81+%E6%B4%BB%E5%8B%95%E4%B8%AD%E5%BF%83+%E7%9C%81%E6%9C%89%E5%9C%9F%E5%9C%B0+%E8%87%BA%E4%B8%AD%E5%B8%82+&oid=1618849 HTTP/1.1" 200 6113
66.249.77.8 - - [26/Feb/2014:11:32:18 +0800] "GET /content/nav/relationSubject.jsp?relationWords=%E5%9B%9B%E5%BA%9C+%E6%89%8B%E5%B7%A5%E8%97%9D%E5%93%81+%E8%87%BA%E7%81%A3%E7%9C%81+&oid=1626838 HTTP/1.1" 200 4451
66.249.74.117 - - [26/Feb/2014:11:32:21 +0800] "GET /content/nav/relationSubject.jsp?relationWords=%E6%89%8B%E5%B7%A5%E8%97%9D%E5%93%81%20%E6%B4%BB%E5%8B%95%E4%B8%AD%E5%BF%83%20%E7%9C%81%E6%9C%89%E5%9C%9F%E5%9C%B0%20%E8%87%BA%E4%B8%AD%E5%B8%82%20&oid=1618849 HTTP/1.1" 200 6113
66.249.77.8 - - [26/Feb/2014:11:32:22 +0800] "GET /content/nav/relationSubject.jsp?relationWords=%E5%9B%9B%E5%BA%9C%20%E6%89%8B%E5%B7%A5%E8%97%9D%E5%93%81%20%E8%87%BA%E7%81%A3%E7%9C%81%20&oid=1626838 HTTP/1.1" 200 4451
1.162.47.229 - - [26/Feb/2014:11:32:27 +0800] "GET /content/nav/relationSubject.jsp?relationWords=%E8%96%9C%E8%8D%94+&oid=16777485 HTTP/1.1" 200 3569
42.156.137.54 - - [26/Feb/2014:11:32:32 +0800] "GET /content/subject/resource_content.jsp?oid=16777421&queryType=qc HTTP/1.1" 200 33391
157.55.32.83 - - [26/Feb/2014:11:32:33 +0800] "GET /content/repository/resource_content.jsp?oid=1782162 HTTP/1.1" 200 27862
42.156.136.54 - - [26/Feb/2014:11:32:34 +0800] "GET /content/subject/resource_content.jsp?oid=16777665&queryType=qc HTTP/1.1" 500 15681
157.55.34.26 - - [26/Feb/2014:11:32:46 +0800] "GET /content/repository/resource_content.jsp?oid=2150440 HTTP/1.1" 200 29985
66.249.77.8 - - [26/Feb/2014:11:33:03 +0800] "GET /content/repository/resource_content.jsp?oid=1626845&queryString=%E5%85%AC%E6%B0%91%20%E5%85%AC%E6%B0%91%E6%8A%95%E7%A5%A8%20%E6%8A%95%E7%A5%A8%E6%89%80 HTTP/1.1" 200 28456
42.156.137.54 - - [26/Feb/2014:11:33:28 +0800] "GET /content/subject/resource_content.jsp?oid=16777701&queryType=qc HTTP/1.1" 200 36716
42.156.139.54 - - [26/Feb/2014:11:33:53 +0800] "GET /digiarch_en/content/subject/resource_content.jsp?oid=16777435&queryType=qc HTTP/1.1" 200 22745
120.114.141.2 - - [26/Feb/2014:11:33:57 +0800] "GET /content/subject/resource_content.jsp?oid=16777433&queryType=qc HTTP/1.1" 200 27722
120.114.141.2 - - [26/Feb/2014:11:33:58 +0800] "GET /content/nav/relationSubject.jsp?relationWords=%E5%8F%B0%E6%9D%B1%E8%98%87%E9%90%B5+&oid=16777433 HTTP/1.1" 200 4094
140.109.185.165 - - [26/Feb/2014:11:34:54 +0800] "GET /content/subject/resource_content.jsp?oid=16777770&queryString= HTTP/1.1" 200 53036
140.109.185.165 - - [26/Feb/2014:11:34:55 +0800] "GET /content/nav/relationSubject.jsp?relationWords=%E5%B9%B3%E5%9F%94%E6%97%8F+%E6%B9%AF%E5%A7%86+&oid=16777770 HTTP/1.1" 200 3589
140.109.185.165 - - [26/Feb/2014:11:35:16 +0800] "GET /content/subject/resource_content.jsp?oid=16777787&queryString= HTTP/1.1" 200 57000
140.109.185.165 - - [26/Feb/2014:11:35:16 +0800] "GET /content/nav/relationSubject.jsp?relationWords=%E5%A4%AA%E5%B9%B3%E6%B4%8B%E6%88%B0%E7%88%AD+%E7%9A%87%E6%B0%91+%E7%9A%87%E6%B0%91%E5%A5%89%E5%85%AC%E6%9C%83+%E8%B0%B7%E5%B7%9D+%E8%BB%8D%E8%A8%93+%E9%95%B7%E8%B0%B7%E5%B7%9D+%E9%95%B7%E8%B0%B7%E5%B7%9D%E6%B8%85+&oid=16777787 HTTP/1.1" 200 5101
157.55.34.105 - - [26/Feb/2014:11:35:20 +0800] "GET /content/repository/resource_content.jsp?oid=1530180 HTTP/1.1" 200 27856
157.55.34.105 - - [26/Feb/2014:11:35:40 +0800] "GET /content/repository/resource_content.jsp?oid=1896949 HTTP/1.1" 200 30906
98.201.122.114 - - [26/Feb/2014:11:35:49 +0800] "GET /content/repository/resource_content.jsp?oid=2685649&queryType=qs&queryString=%E6%9D%8E%E8%A1%9B HTTP/1.1" 200 29780
98.201.122.114 - - [26/Feb/2014:11:35:53 +0800] "GET /content/nav/relationSubject.jsp?relationWords=&oid=2685649 HTTP/1.1" 200 1413
157.55.34.105 - - [26/Feb/2014:11:36:00 +0800] "GET /digiarch_en/content/tmp_tec/resource_content.jsp?oid=16777731 HTTP/1.1" 200 33478
66.249.77.195 - - [26/Feb/2014:11:36:01 +0800] "GET /content/repository/resource_content.jsp?oid=1884628 HTTP/1.1" 200 29330
222.211.146.127 - - [26/Feb/2014:11:36:08 +0800] "GET /content/subject/resource_content.jsp?oid=16777749&queryType=qc HTTP/1.1" 200 40409
66.249.77.195 - - [26/Feb/2014:11:36:13 +0800] "GET /content/subject/resource_content.jsp?oid=16777458&queryType=qc HTTP/1.1" 200 30765
98.201.122.114 - - [26/Feb/2014:11:36:35 +0800] "GET /content/repository/resource_content.jsp?oid=2520805&queryType=qs&queryString=%E6%9D%8E%E8%A1%9B HTTP/1.1" 200 29335
98.201.122.114 - - [26/Feb/2014:11:36:36 +0800] "GET /content/nav/relationSubject.jsp?relationWords=&oid=2520805 HTTP/1.1" 200 1413
157.55.34.105 - - [26/Feb/2014:11:36:40 +0800] "GET /digiarch_en/content/subject/resource_content.jsp?oid=16777506&queryType=qc HTTP/1.1" 200 36108
66.249.77.8 - - [26/Feb/2014:11:36:44 +0800] "GET /content/repository/resource_content.jsp?oid=1782754&queryString=%E6%BC%94%E8%AE%8A%20%E7%A6%AE%E6%9C%8D HTTP/1.1" 200 28576
222.211.146.127 - - [26/Feb/2014:11:37:03 +0800] "GET /content/nav/relationSubject.jsp?relationWords=%E5%82%85%E6%96%AF%E5%B9%B4+%E5%9F%8E%E5%AD%90%E5%B4%96+%E6%A2%81%E5%95%9F%E8%B6%85+%E6%A2%81%E6%80%9D%E6%B0%B8+%E9%BE%8D%E5%B1%B1%E6%96%87%E5%8C%96+&oid=16777749 HTTP/1.1" 200 4710
120.109.99.209 - - [26/Feb/2014:11:37:06 +0800] "GET /content/pictures/picture_content.jsp?oid=33554802 HTTP/1.1" 200 27071
120.109.99.209 - - [26/Feb/2014:11:37:07 +0800] "GET /content/nav/relationSubject.jsp?relationWords=%E5%B7%9D%E7%B4%8B%E8%9D%B4%E8%9D%B6%E9%AD%9A+%E8%9D%B4%E8%9D%B6%E9%AD%9A+&oid=33554802 HTTP/1.1" 200 3412
140.112.43.188 - - [26/Feb/2014:11:37:14 +0800] "GET /content/nav/relationSubject.jsp?relationWords=%E6%9C%A8%E7%8A%80+%E6%A1%82%E8%8A%B1+&oid=16777255 HTTP/1.1" 200 4037
157.55.34.105 - - [26/Feb/2014:11:37:20 +0800] "GET /content/repository/resource_content.jsp?oid=1547280 HTTP/1.1" 200 28985
157.55.34.105 - - [26/Feb/2014:11:37:40 +0800] "GET /content/repository/resource_content.jsp?oid=1462026&queryString=%E5%8D%83%E5%B9%B4%E6%A1%90%20%E6%A1%90%E8%8A%B1%20%E6%B2%B9%E6%A1%90 HTTP/1.1" 200 30247
120.115.20.153 - - [26/Feb/2014:11:38:04 +0800] "GET /content/nav/relationSubject.jsp?relationWords=%E5%B1%B1%E6%AB%BB%E8%8A%B1+&oid=16777304 HTTP/1.1" 200 4460
120.109.99.171 - - [26/Feb/2014:11:38:30 +0800] "GET /content/pictures/picture_content.jsp?oid=33554505&classify= HTTP/1.1" 200 26425
120.109.99.171 - - [26/Feb/2014:11:38:33 +0800] "GET /content/nav/relationSubject.jsp?relationWords=&oid=33554505 HTTP/1.1" 200 1413
111.248.67.188 - - [26/Feb/2014:11:40:07 +0800] "GET /content/nav/relationSubject.jsp?relationWords=%E7%83%8F%E5%BF%83%E7%9F%B3+%E9%B1%B8%E9%B0%BB+&oid=16777303 HTTP/1.1" 200 4012
66.249.77.8 - - [26/Feb/2014:11:40:24 +0800] "GET /content/repository/resource_content.jsp?oid=1884644&queryString=%E4%BA%BA%E5%90%8D%E6%AC%8A%E5%A8%81%20%E5%85%AC%E5%82%B5%20%E6%8C%AA%E5%A8%81%20%E6%B9%AF%E5%A7%86%20%E9%A1%8F%E6%83%A0%E6%85%B6 HTTP/1.1" 200 29875
59.124.23.238 - - [26/Feb/2014:11:41:24 +0800] "GET /content/nav/relationSubject.jsp?relationWords=%E7%99%BD%E5%8D%83%E5%B1%A4+&oid=16777287 HTTP/1.1" 200 3860
66.249.77.195 - - [26/Feb/2014:11:41:25 +0800] "GET /content/nav/relationSubject.jsp?relationWords=%E5%8D%87%E6%97%97%E5%85%B8%E7%A6%AE+%E5%AD%B8%E9%9B%9C%E8%B2%BB+%E5%AE%89%E9%9D%9E%E4%BB%96%E5%91%BD+%E5%B8%AB%E5%B0%88+%E6%95%99%E6%9D%90+%E6%95%99%E8%82%B2%E4%BA%BA%E5%93%A1+%E6%95%99%E8%82%B2%E5%BB%B3+%E8%81%B7%E6%A5%AD%E6%95%99%E8%82%B2+%E8%B3%AA%E8%A9%A2+&oid=1616175 HTTP/1.1" 200 3477
66.249.74.221 - - [26/Feb/2014:11:41:46 +0800] "GET /content/nav/relationSubject.jsp?relationWords=%E5%81%8F%E9%81%A0%E5%9C%B0%E5%8D%80+%E5%9C%9F%E5%9C%B0%E6%B8%AC%E9%87%8F+%E5%9C%B0%E7%B1%8D%E5%9C%96+&oid=1618779 HTTP/1.1" 200 4405
157.55.35.88 - - [26/Feb/2014:11:41:50 +0800] "GET /content/subject/resource_content.jsp?oid=... HTTP/1.1" 500 15681
157.55.35.88 - - [26/Feb/2014:11:42:00 +0800] "GET /content/pictures/picture_content.jsp?oid=33554822 HTTP/1.1" 200 27020
66.249.77.195 - - [26/Feb/2014:11:42:23 +0800] "GET /content/nav/relationSubject.jsp?relationWords=%E5%BE%8C%E9%BE%8D%E9%8E%AE+%E7%AB%B9%E5%8D%97%E9%8E%AE+%E8%8B%91%E8%A3%A1%E9%8E%AE+%E9%80%9A%E9%9C%84%E9%8E%AE+%E9%9B%A8%E6%B0%B4%E4%B8%8B%E6%B0%B4%E9%81%93+%E9%A0%AD%E4%BB%BD%E9%8E%AE+&oid=1622247 HTTP/1.1" 200 4315
66.249.77.195 - - [26/Feb/2014:11:42:30 +0800] "GET /content/nav/relationSubject.jsp?relationWords=%E4%BE%9B%E6%B0%B4+%E5%93%81%E8%B3%AA%E6%A1%88+%E6%B0%B4%E5%85%AC%E5%8F%B8+%E7%9C%81%E6%94%BF%E5%BA%9C+%E7%AE%A1%E7%B7%9A+%E8%87%AA%E4%BE%86%E6%B0%B4+%E8%B2%A2%E5%AF%AE+&oid=1623315 HTTP/1.1" 200 4720
157.55.35.88 - - [26/Feb/2014:11:42:59 +0800] "GET /content/subject/resource_content.jsp?oid=... HTTP/1.0" 500 15660
66.249.77.8 - - [26/Feb/2014:11:44:04 +0800] "GET /content/repository/resource_content.jsp?oid=1111493&queryString=%E8%98%AD%E5%B6%BC%E7%BE%85%E6%BC%A2%E6%9D%BE%20%E9%81%94%E6%82%9F%E6%97%8F%20%E9%9B%85%E7%BE%8E%E6%97%8F HTTP/1.1" 200 30265
157.56.229.245 - - [26/Feb/2014:11:44:40 +0800] "GET /content/repository/resource_content.jsp?oid=3124077 HTTP/1.1" 200 28423
120.109.99.191 - - [26/Feb/2014:11:45:20 +0800] "GET /content/pictures/picture_content.jsp?oid=33554560&classify= HTTP/1.1" 200 26460
120.109.99.191 - - [26/Feb/2014:11:45:29 +0800] "GET /content/nav/relationSubject.jsp?relationWords=%E6%9D%BE%E8%98%AD+%E9%BB%83%E6%9D%BE%E8%98%AD+&oid=33554560 HTTP/1.1" 200 3185
59.124.23.238 - - [26/Feb/2014:11:45:55 +0800] "GET /content/nav/relationSubject.jsp?relationWords=%E7%99%BD%E5%8D%83%E5%B1%A4+&oid=16777287 HTTP/1.1" 200 3860
66.249.77.8 - - [26/Feb/2014:11:46:15 +0800] "GET /content/nav/relationSubject.jsp?relationWords=%E7%A6%AE%E6%9C%8D+%E7%B4%85%E8%A2%8D+%E9%84%92%E6%97%8F+&oid=1782754 HTTP/1.1" 200 3963
66.249.77.8 - - [26/Feb/2014:11:46:16 +0800] "GET /content/nav/relationSubject.jsp?relationWords=%E4%BA%8C%E5%85%AD%E5%BA%9C%E8%B2%A1+%E5%85%AC%E6%95%99%E4%BA%BA%E5%93%A1+%E5%85%AC%E6%B0%91+%E5%85%AD%E5%BA%9C+%E6%89%80%E5%BE%97%E7%A8%85+%E7%B6%9C%E5%90%88%E6%89%80%E5%BE%97%E7%A8%85+%E8%B2%A1%E7%A8%85+&oid=1626845 HTTP/1.1" 200 4918
120.109.99.197 - - [26/Feb/2014:11:46:18 +0800] "GET /content/repository/resource_content.jsp?oid=1124480&queryType=qc HTTP/1.1" 200 35326
66.249.74.117 - - [26/Feb/2014:11:46:18 +0800] "GET /content/nav/relationSubject.jsp?relationWords=%E5%85%AC%E5%82%B5+%E8%A7%92%E4%B8%B8%E5%95%86%E6%9C%83+&oid=1884644 HTTP/1.1" 200 4644
66.249.77.8 - - [26/Feb/2014:11:46:18 +0800] "GET /content/nav/relationSubject.jsp?relationWords=%E7%A6%AE%E6%9C%8D%20%E7%B4%85%E8%A2%8D%20%E9%84%92%E6%97%8F%20&oid=1782754 HTTP/1.1" 200 3963
120.109.99.174 - - [26/Feb/2014:11:46:19 +0800] "GET /content/pictures/picture_content.jsp?oid=33554807 HTTP/1.1" 200 27202
66.249.74.117 - - [26/Feb/2014:11:46:21 +0800] "GET /content/nav/relationSubject.jsp?relationWords=%E4%BA%8C%E5%85%AD%E5%BA%9C%E8%B2%A1%20%E5%85%AC%E6%95%99%E4%BA%BA%E5%93%A1%20%E5%85%AC%E6%B0%91%20%E5%85%AD%E5%BA%9C%20%E6%89%80%E5%BE%97%E7%A8%85%20%E7%B6%9C%E5%90%88%E6%89%80%E5%BE%97%E7%A8%85%20%E8%B2%A1%E7%A8%85%20&oid=1626845 HTTP/1.1" 200 4918
66.249.74.117 - - [26/Feb/2014:11:46:22 +0800] "GET /content/nav/relationSubject.jsp?relationWords=%E5%85%AC%E5%82%B5%20%E8%A7%92%E4%B8%B8%E5%95%86%E6%9C%83%20&oid=1884644 HTTP/1.1" 200 4644
120.109.99.197 - - [26/Feb/2014:11:46:22 +0800] "GET /content/nav/relationSubject.jsp?relationWords=%E5%8E%9A%E6%AE%BC%E4%BB%94+%E5%8E%9A%E6%AE%BC%E7%B8%B1%E7%B0%BE%E8%9B%A4+%E5%8E%9A%E6%AE%BC%E8%9B%A4+%E5%8E%9A%E6%AE%BC%E8%9B%A4%E5%B1%AC+%E5%92%8C%E5%B0%9A%E8%9A%B5%E4%BB%94+%E7%B0%BE%E8%9B%A4+%E7%B0%BE%E8%9B%A4%E7%9B%AE+%E7%B0%BE%E8%9B%A4%E7%A7%91+%E8%9B%A4%E7%A7%91+%E9%9B%99%E6%AE%BC%E7%B6%B1+&oid=1124480 HTTP/1.1" 200 3857
14.136.28.16 - - [26/Feb/2014:11:46:41 +0800] "GET /content/nav/relationSubject.jsp?relationWords=%E6%9E%97%E7%A5%96%E5%A3%BD+%E8%93%AE%E8%88%AB+&oid=16777654 HTTP/1.1" 200 2709
120.109.99.197 - - [26/Feb/2014:11:47:01 +0800] "GET /content/pictures/picture_content.jsp?oid=33554586&classify= HTTP/1.1" 200 27154
120.109.99.197 - - [26/Feb/2014:11:47:07 +0800] "GET /content/nav/relationSubject.jsp?relationWords=%E6%AF%AC%E8%98%AD+&oid=33554586 HTTP/1.1" 200 3135
66.249.77.8 - - [26/Feb/2014:11:47:45 +0800] "GET /content/repository/resource_content.jsp?oid=14286&queryString=%E9%B0%93%E9%B0%BB HTTP/1.1" 200 29938
120.109.99.197 - - [26/Feb/2014:11:47:52 +0800] "GET /content/pictures/picture_content.jsp?oid=33554586&classify=2261 HTTP/1.1" 200 27154
120.109.99.197 - - [26/Feb/2014:11:48:01 +0800] "GET /content/nav/relationSubject.jsp?relationWords=%E6%AF%AC%E8%98%AD+&oid=33554586 HTTP/1.1" 200 3135
157.56.229.245 - - [26/Feb/2014:11:48:21 +0800] "GET /content/repository/resource_content.jsp?oid=230267 HTTP/1.1" 200 29046
140.109.185.165 - - [26/Feb/2014:11:48:51 +0800] "GET /content/repository/resource_content.jsp?oid=2470807&queryString=???????????X???%20????X?%20????X??????????%20?XP?P?%20??????%20??P?XP?P?%20??P?XP?P???? HTTP/1.1" 200 29162
140.109.185.165 - - [26/Feb/2014:11:48:51 +0800] "GET /content/nav/relationSubject.jsp?relationWords=%E6%98%8E%E4%BF%A1%E7%89%87+%E6%A5%8A%E6%95%A6%E8%AC%A8+%E8%B0%B7%E5%B7%9D+%E9%95%B7%E8%B0%B7%E5%B7%9D+&oid=2470807 HTTP/1.1" 200 4230
140.109.185.165 - - [26/Feb/2014:11:49:00 +0800] "GET /content/subject/resource_content.jsp?oid=16777787&queryString=?????????%20?????????%20?XP?P?%20??P?XP?P? HTTP/1.1" 200 56721
140.109.185.165 - - [26/Feb/2014:11:49:00 +0800] "GET /content/nav/relationSubject.jsp?relationWords=%E5%A4%AA%E5%B9%B3%E6%B4%8B%E6%88%B0%E7%88%AD+%E7%9A%87%E6%B0%91+%E7%9A%87%E6%B0%91%E5%A5%89%E5%85%AC%E6%9C%83+%E8%B0%B7%E5%B7%9D+%E8%BB%8D%E8%A8%93+%E9%95%B7%E8%B0%B7%E5%B7%9D+%E9%95%B7%E8%B0%B7%E5%B7%9D%E6%B8%85+&oid=16777787 HTTP/1.1" 200 5101
66.249.74.221 - - [26/Feb/2014:11:50:13 +0800] "GET /content/nav/relationSubject.jsp?relationWords=%E4%BA%BA%E4%BA%8B%E7%AE%A1%E7%90%86+%E5%85%AC%E5%AE%B3+%E5%9C%8B%E6%B0%91%E4%BD%8F%E5%AE%85+%E5%B0%8F%E6%B8%AF%E9%84%89+%E5%B7%A5%E6%A5%AD%E5%8C%96+%E5%BC%8A%E6%A1%88+%E8%AD%A6%E5%AF%9F+%E8%AD%A6%E5%AF%9F%E5%B1%80+&oid=1628871 HTTP/1.1" 200 5268
180.149.130.143 - - [26/Feb/2014:11:50:13 +0800] "HEAD /content/tmp_auth/resource_content.jsp?oid=16777459 HTTP/1.0" 200 -
122.198.133.158 - - [26/Feb/2014:11:50:17 +0800] "GET /content/tmp_auth/resource_content.jsp?oid=16777459 HTTP/1.1" 200 35701
59.120.221.250 - - [26/Feb/2014:11:51:01 +0800] "GET /digiarch_en/content/repository/resource_content.jsp?oid=1124521&queryType=qc HTTP/1.1" 200 27318
59.120.221.250 - - [26/Feb/2014:11:51:03 +0800] "GET /digiarch_en/content/nav/relationSubject.jsp?relationWords=%E5%B0%8F%E7%9C%BC%E8%8A%B1%E7%B0%BE%E8%9B%A4+%E6%B5%B7%E7%93%9C%E5%AD%90+%E7%B0%BE%E8%9B%A4+%E7%B0%BE%E8%9B%A4%E7%9B%AE+%E7%B0%BE%E8%9B%A4%E7%A7%91+%E8%8A%B1%E7%B0%BE%E8%9B%A4+%E8%8A%B1%E7%B0%BE%E8%9B%A4%E5%B1%AC+%E8%8A%B1%E8%9B%A4+%E8%9B%A4%E7%A7%91+%E9%9B%99%E6%AE%BC%E7%B6%B1+&oid=1124521 HTTP/1.1" 200 3861
66.249.77.8 - - [26/Feb/2014:11:51:25 +0800] "GET /content/repository/resource_content.jsp?oid=1458245&queryString=%E5%B1%B1%E6%A1%94%E6%A2%97%20%E5%B1%B1%E6%A1%94%E6%A2%97%E5%B1%AC%20%E6%A1%94%E6%A2%97%20%E6%A1%94%E6%A2%97%E7%A7%91%20%E6%A4%8D%E7%89%A9%E7%95%8C HTTP/1.1" 200 30281
61.135.165.40 - - [26/Feb/2014:11:51:36 +0800] "HEAD /content/tmp_auth/resource_content.jsp?oid=16777459 HTTP/1.0" 200 -
120.109.99.197 - - [26/Feb/2014:11:52:12 +0800] "GET /content/pictures/picture_content.jsp?oid=33554724&classify=2261 HTTP/1.1" 200 27248
120.109.99.197 - - [26/Feb/2014:11:52:21 +0800] "GET /content/nav/relationSubject.jsp?relationWords=%E7%83%8F%E5%BF%83%E7%9F%B3+&oid=33554724 HTTP/1.1" 200 4164
120.109.99.197 - - [26/Feb/2014:11:52:27 +0800] "GET /content/subject/resource_content.jsp?oid=16777303&queryString=????????? HTTP/1.1" 200 34186
120.109.99.197 - - [26/Feb/2014:11:52:33 +0800] "GET /content/nav/relationSubject.jsp?relationWords=%E7%83%8F%E5%BF%83%E7%9F%B3+%E9%B1%B8%E9%B0%BB+&oid=16777303 HTTP/1.1" 200 4012
157.55.33.78 - - [26/Feb/2014:11:52:40 +0800] "GET /content/subject/resource_content.jsp?oid=16777256 HTTP/1.1" 200 36289
61.135.169.4 - - [26/Feb/2014:11:52:46 +0800] "HEAD /content/repository/resource_content.jsp?oid=2668328 HTTP/1.0" 200 -
111.227.15.165 - - [26/Feb/2014:11:52:50 +0800] "GET /content/repository/resource_content.jsp?oid=2668328 HTTP/1.1" 200 29335
180.149.130.151 - - [26/Feb/2014:11:52:56 +0800] "HEAD /content/repository/resource_content.jsp?oid=2668328 HTTP/1.0" 200 -
111.227.15.165 - - [26/Feb/2014:11:52:59 +0800] "GET /content/repository/resource_content.jsp?oid=2668328 HTTP/1.1" 200 29335
157.55.33.78 - - [26/Feb/2014:11:53:20 +0800] "GET /content/subject/resource_content.jsp?oid=16777600&queryType=qc HTTP/1.1" 200 49473
66.249.77.8 - - [26/Feb/2014:11:53:48 +0800] "GET /content/repository/resource_content.jsp?oid=1174426&queryString=%E5%A4%A7%E8%8A%B1%E9%BB%83%E6%A7%90%20%E6%A4%8D%E7%89%A9%E7%95%8C%20%E6%B1%BA%E6%98%8E%E5%B1%AC%20%E8%A0%B6%E8%B1%86%20%E9%9B%99%E5%AD%90%E8%91%89%E6%A4%8D%E7%89%A9 HTTP/1.1" 200 28324
184.173.183.170 - - [26/Feb/2014:11:53:51 +0800] "GET /content/repository/resource_content.jsp?oid=2685649&queryType=qs&queryString=%25E6%259D%258E%25E8%25A1%259B HTTP/1.1" 500 15681
66.249.77.236 - - [26/Feb/2014:11:54:12 +0800] "GET /content/subject/resource_content.jsp?oid=16777565&queryType=qc HTTP/1.1" 200 33501
66.249.77.8 - - [26/Feb/2014:11:55:05 +0800] "GET /content/repository/resource_content.jsp?oid=14615&queryString=%E6%A2%9D%E7%B4%8B%E8%BA%84%E9%AD%9A HTTP/1.1" 200 33355
66.249.77.195 - - [26/Feb/2014:11:55:30 +0800] "GET /content/repository/resource_content.jsp?oid=1778095 HTTP/1.1" 200 29862
120.109.99.155 - - [26/Feb/2014:11:55:38 +0800] "GET /content/pictures/picture_content.jsp?oid=33554812 HTTP/1.1" 200 27468
120.109.99.155 - - [26/Feb/2014:11:55:40 +0800] "GET /content/nav/relationSubject.jsp?relationWords=%E7%9B%94%E9%AD%9A+%E8%93%8B%E9%A6%AC%E6%B0%8F%E7%9B%94%E9%AD%9A+&oid=33554812 HTTP/1.1" 200 3473
66.249.77.8 - - [26/Feb/2014:11:55:43 +0800] "GET /content/nav/relationSubject.jsp?relationWords=%E8%A0%B6%E8%B1%86+&oid=1174426 HTTP/1.1" 200 3091
66.249.74.117 - - [26/Feb/2014:11:55:44 +0800] "GET /content/nav/relationSubject.jsp?relationWords=%E6%9D%BE%E5%B1%AC+%E6%9D%BE%E6%9D%89+%E6%9D%BE%E7%A7%91+%E6%A4%8D%E7%89%A9%E7%95%8C+%E6%AF%AC%E6%9E%9C+%E7%BE%85%E6%BC%A2%E6%9D%BE+%E7%BE%85%E6%BC%A2%E6%9D%BE%E5%B1%AC+%E8%98%AD%E5%B6%BC%E7%BE%85%E6%BC%A2%E6%9D%BE+&oid=1111493 HTTP/1.1" 200 4724
66.249.74.117 - - [26/Feb/2014:11:55:46 +0800] "GET /content/nav/relationSubject.jsp?relationWords=%E8%A0%B6%E8%B1%86%20&oid=1174426 HTTP/1.1" 200 3091
66.249.77.8 - - [26/Feb/2014:11:55:47 +0800] "GET /content/nav/relationSubject.jsp?relationWords=%E5%90%88%E9%B0%93%E9%B0%BB+%E9%80%A3%E9%B0%93%E9%B0%BB+%E9%B0%93%E9%B0%BB+%E9%B0%BB%E7%A7%91+&oid=14286 HTTP/1.1" 200 4150
66.249.77.8 - - [26/Feb/2014:11:55:47 +0800] "GET /content/nav/relationSubject.jsp?relationWords=%E6%9D%BE%E5%B1%AC%20%E6%9D%BE%E6%9D%89%20%E6%9D%BE%E7%A7%91%20%E6%A4%8D%E7%89%A9%E7%95%8C%20%E6%AF%AC%E6%9E%9C%20%E7%BE%85%E6%BC%A2%E6%9D%BE%20%E7%BE%85%E6%BC%A2%E6%9D%BE%E5%B1%AC%20%E8%98%AD%E5%B6%BC%E7%BE%85%E6%BC%A2%E6%9D%BE%20&oid=1111493 HTTP/1.1" 200 4724
66.249.77.8 - - [26/Feb/2014:11:55:52 +0800] "GET /content/nav/relationSubject.jsp?relationWords=%E5%90%88%E9%B0%93%E9%B0%BB%20%E9%80%A3%E9%B0%93%E9%B0%BB%20%E9%B0%93%E9%B0%BB%20%E9%B0%BB%E7%A7%91%20&oid=14286 HTTP/1.1" 200 4150
163.26.188.80 - - [26/Feb/2014:11:56:17 +0800] "GET /content/repository/resource_content.jsp?oid=1779811&queryString=%E5%8F%B0%E7%81%A3%E5%8E%9F%E4%BD%8F%E6%B0%91%20%E6%95%B8%E4%BD%8D%E5%85%B8%E8%97%8F HTTP/1.1" 200 29913
163.26.188.80 - - [26/Feb/2014:11:56:19 +0800] "GET /content/nav/relationSubject.jsp?relationWords=%E5%8D%91%E5%8D%97%E6%97%8F+%E5%8F%B0%E7%81%A3%E5%8E%9F%E4%BD%8F%E6%B0%91+%E5%B8%83%E8%BE%B2+%E5%B8%83%E8%BE%B2%E6%97%8F+%E6%88%90%E5%B9%B4%E7%A6%AE+%E6%B3%B0%E9%9B%85+%E6%B3%B0%E9%9B%85%E6%97%8F+%E7%94%9F%E5%91%BD%E5%84%80%E7%A6%AE+%E7%94%9F%E5%91%BD%E7%A6%AE%E4%BF%97+%E7%A6%AE%E4%BF%97+%E8%B3%BD%E5%A4%8F+%E8%B3%BD%E5%A4%8F%E6%97%8F+%E9%82%B5%E6%97%8F+%E9%84%92%E6%97%8F+%E9%9B%85%E7%BE%8E+%E9%9B%85%E7%BE%8E%E6%97%8F+%E9%AD%AF%E5%87%B1+%E9%AD%AF%E5%87%B1%E6%97%8F+&oid=1779811 HTTP/1.1" 200 6231
157.55.32.105 - - [26/Feb/2014:11:56:24 +0800] "GET /content/repository/resource_content.jsp?oid=1105134 HTTP/1.1" 200 30262
66.249.77.8 - - [26/Feb/2014:11:58:46 +0800] "GET /content/repository/resource_content.jsp?oid=14829&queryString=%E7%9F%B3%E7%8B%97%E5%85%AC%20%E9%AB%98%E9%AB%94 HTTP/1.1" 200 33651
157.55.33.26 - - [26/Feb/2014:11:58:59 +0800] "GET /content/repository/resource_content.jsp?oid=1102554&queryString=%E6%B5%B7%E6%AA%AC%E6%9E%9C HTTP/1.1" 200 30163
61.135.189.170 - - [26/Feb/2014:11:59:32 +0800] "GET /digiarch/content/repository/resource_content.jsp?oid=1570976 HTTP/1.1" 404 15681
66.249.77.195 - - [26/Feb/2014:11:59:48 +0800] "GET /content/repository/resource_content.jsp?oid=1632849 HTTP/1.1" 200 27847
157.55.35.88 - - [26/Feb/2014:11:59:50 +0800] "GET /content/repository/resource_content.jsp?oid=2150592 HTTP/1.1" 200 30084
61.135.189.170 - - [26/Feb/2014:11:59:52 +0800] "GET /digiarch/content/repository/resource_content.jsp?oid=1539878 HTTP/1.1" 404 15681
61.135.189.170 - - [26/Feb/2014:12:00:13 +0800] "GET /digiarch/content/repository/resource_content.jsp?oid=1570494 HTTP/1.1" 404 15681
157.55.35.88 - - [26/Feb/2014:12:00:20 +0800] "GET /content/repository/resource_content.jsp?oid=4352418 HTTP/1.1" 200 33862
61.135.189.170 - - [26/Feb/2014:12:00:44 +0800] "GET /digiarch/content/repository/resource_content.jsp?oid=1543482 HTTP/1.1" 404 15681
157.55.35.88 - - [26/Feb/2014:12:01:00 +0800] "GET /content/subject/resource_content.jsp?oid=16777750&queryString= HTTP/1.1" 200 32624
61.135.189.170 - - [26/Feb/2014:12:01:07 +0800] "GET /digiarch/content/repository/resource_content.jsp?oid=1563006 HTTP/1.1" 404 15681
61.135.189.170 - - [26/Feb/2014:12:01:28 +0800] "GET /digiarch/content/repository/resource_content.jsp?oid=1542300 HTTP/1.1" 404 15681
157.55.32.105 - - [26/Feb/2014:12:01:40 +0800] "GET /content/repository/resource_content.jsp?oid=1104158&queryString=%E9%BB%91%E6%9D%BF%E6%A8%B9 HTTP/1.1" 200 30085
61.135.189.170 - - [26/Feb/2014:12:01:53 +0800] "GET /digiarch/content/repository/resource_content.jsp?oid=1538297 HTTP/1.1" 404 15681
66.249.74.221 - - [26/Feb/2014:12:02:08 +0800] "GET /content/nav/relationSubject.jsp?relationWords=%E8%BE%B2%E6%9E%97%20&oid=1632849 HTTP/1.1" 200 4404
61.135.189.170 - - [26/Feb/2014:12:02:16 +0800] "GET /digiarch/content/repository/resource_content.jsp?oid=1573065 HTTP/1.1" 404 15681
66.249.77.8 - - [26/Feb/2014:12:02:26 +0800] "GET /content/repository/resource_content.jsp?oid=14832&queryString=%E7%9F%B3%E7%8B%97%E5%85%AC%20%E9%AB%98%E9%AB%94 HTTP/1.1" 200 34563
61.135.189.170 - - [26/Feb/2014:12:02:40 +0800] "GET /digiarch/content/repository/resource_content.jsp?oid=1539811 HTTP/1.1" 404 15681
61.135.189.170 - - [26/Feb/2014:12:03:06 +0800] "GET /digiarch/content/repository/resource_content.jsp?oid=1568457 HTTP/1.1" 404 15681
61.135.189.170 - - [26/Feb/2014:12:03:31 +0800] "GET /digiarch/content/repository/resource_content.jsp?oid=1570004 HTTP/1.1" 404 15681
61.135.189.170 - - [26/Feb/2014:12:03:51 +0800] "GET /digiarch/content/repository/resource_content.jsp?oid=1573724 HTTP/1.1" 404 15681
5.10.83.77 - - [26/Feb/2014:12:04:11 +0800] "GET /content/tmp_auth/resource_content.jsp?oid=16777758 HTTP/1.1" 200 24674
61.135.189.170 - - [26/Feb/2014:12:04:12 +0800] "GET /digiarch/content/repository/resource_content.jsp?oid=1574693 HTTP/1.1" 404 15681
157.55.32.105 - - [26/Feb/2014:12:04:16 +0800] "GET /content/subject/resource_content.jsp?oid=16777285 HTTP/1.1" 200 28167
61.135.189.170 - - [26/Feb/2014:12:04:31 +0800] "GET /digiarch/content/repository/resource_content.jsp?oid=1576645 HTTP/1.1" 404 15681
61.135.189.170 - - [26/Feb/2014:12:04:51 +0800] "GET /digiarch/content/repository/resource_content.jsp?oid=1566023 HTTP/1.1" 404 15681
66.249.77.195 - - [26/Feb/2014:12:05:08 +0800] "GET /content/repository/resource_content.jsp?oid=1516098 HTTP/1.1" 200 27822
61.135.189.170 - - [26/Feb/2014:12:05:12 +0800] "GET /digiarch/content/repository/resource_content.jsp?oid=1572084 HTTP/1.1" 404 15681
61.135.189.170 - - [26/Feb/2014:12:05:33 +0800] "GET /digiarch/content/repository/resource_content.jsp?oid=1568019 HTTP/1.1" 404 15681
157.55.33.78 - - [26/Feb/2014:12:05:39 +0800] "GET /digiarch_en/content/subject/resource_content.jsp?oid=16777549 HTTP/1.1" 200 27725
61.135.189.170 - - [26/Feb/2014:12:05:52 +0800] "GET /digiarch/content/repository/resource_content.jsp?oid=1582299 HTTP/1.1" 404 15681
66.249.77.8 - - [26/Feb/2014:12:06:06 +0800] "GET /content/repository/resource_content.jsp?oid=14893&queryString=%E6%B2%99%E8%96%91%E8%99%8E%20%E7%9F%B3%E9%A0%AD%E9%AD%9A%20%E8%99%8E%E9%AD%9A%20%E9%81%94%E6%91%A9 HTTP/1.1" 200 32384
61.135.189.170 - - [26/Feb/2014:12:06:11 +0800] "GET /digiarch/content/repository/resource_content.jsp?oid=1580534 HTTP/1.1" 404 15681
61.135.189.170 - - [26/Feb/2014:12:06:30 +0800] "GET /digiarch/content/repository/resource_content.jsp?oid=1569605 HTTP/1.1" 404 15681
66.249.77.8 - - [26/Feb/2014:12:06:47 +0800] "GET /content/nav/relationSubject.jsp?relationWords=%E4%BA%94%E8%85%B3%E8%99%8E+%E6%A2%9D%E7%B4%8B%E8%BA%84%E9%AD%9A+%E8%BA%84%E9%AD%9A+%E8%BA%84%E9%AD%9A%E7%A7%91+&oid=14615 HTTP/1.1" 200 4256
61.135.189.170 - - [26/Feb/2014:12:06:49 +0800] "GET /digiarch/content/repository/resource_content.jsp?oid=1550582 HTTP/1.1" 404 15681
66.249.77.8 - - [26/Feb/2014:12:06:51 +0800] "GET /content/nav/relationSubject.jsp?relationWords=%E8%99%8E%E9%AD%9A+&oid=14893 HTTP/1.1" 200 3317
66.249.77.8 - - [26/Feb/2014:12:06:51 +0800] "GET /content/nav/relationSubject.jsp?relationWords=%E7%9F%B3%E7%8B%97%E5%85%AC+%E7%9F%B3%E9%A0%AD%E9%AD%9A+%E7%B4%85%E8%99%8E+%E7%B4%85%E9%BB%91%E5%96%89+%E8%99%8E%E9%AD%9A+%E9%BB%91%E5%96%89+&oid=14829 HTTP/1.1" 200 3548
157.55.32.83 - - [26/Feb/2014:12:07:00 +0800] "GET /content/subject/resource_content.jsp?oid=16777741&queryType=qc HTTP/1.1" 200 52704
61.135.189.170 - - [26/Feb/2014:12:07:07 +0800] "GET /digiarch/content/repository/resource_content.jsp?oid=1558282 HTTP/1.1" 404 15681
61.135.189.170 - - [26/Feb/2014:12:07:26 +0800] "GET /digiarch/content/repository/resource_content.jsp?oid=1556970 HTTP/1.1" 404 15681
66.249.77.195 - - [26/Feb/2014:12:07:34 +0800] "GET /content/repository/resource_content.jsp?oid=1773488 HTTP/1.1" 200 30275
61.135.189.170 - - [26/Feb/2014:12:07:45 +0800] "GET /digiarch/content/repository/resource_content.jsp?oid=1569036 HTTP/1.1" 404 15681
61.135.189.170 - - [26/Feb/2014:12:08:05 +0800] "GET /digiarch/content/repository/resource_content.jsp?oid=1568777 HTTP/1.1" 404 15681
61.135.189.170 - - [26/Feb/2014:12:08:25 +0800] "GET /digiarch/content/repository/resource_content.jsp?oid=1567322 HTTP/1.1" 404 15681
61.135.189.170 - - [26/Feb/2014:12:08:45 +0800] "GET /digiarch/content/repository/resource_content.jsp?oid=1568238 HTTP/1.1" 404 15681
61.135.189.170 - - [26/Feb/2014:12:09:04 +0800] "GET /digiarch/content/repository/resource_content.jsp?oid=1577734 HTTP/1.1" 404 15681
61.135.189.170 - - [26/Feb/2014:12:09:23 +0800] "GET /digiarch/content/repository/resource_content.jsp?oid=1552343 HTTP/1.1" 404 15681
61.135.189.170 - - [26/Feb/2014:12:09:43 +0800] "GET /digiarch/content/repository/resource_content.jsp?oid=1579426 HTTP/1.1" 404 15681
66.249.77.8 - - [26/Feb/2014:12:09:47 +0800] "GET /content/repository/resource_content.jsp?oid=14893&queryString=%E7%9F%B3%E7%8B%97%E5%85%AC%20%E7%9F%B3%E9%A0%AD%E9%AD%9A%20%E7%B4%85%E8%99%8E%20%E7%B4%85%E9%BB%91%E5%96%89%20%E8%99%8E%E9%AD%9A HTTP/1.1" 200 32384
130.133.5.171 - - [26/Feb/2014:12:09:54 +0800] "GET /content/repository/resource_content.jsp?oid=1534379 HTTP/1.0" 200 27717
157.55.32.164 - - [26/Feb/2014:12:10:00 +0800] "GET /content/repository/resource_content.jsp?oid=1612612 HTTP/1.1" 200 28307
61.135.189.170 - - [26/Feb/2014:12:10:02 +0800] "GET /digiarch/content/repository/resource_content.jsp?oid=1541770 HTTP/1.1" 404 15681
66.249.77.172 - - [26/Feb/2014:12:10:15 +0800] "GET /content/subject/resource_content.jsp?oid=16777459&queryType=qs&queryString=%E5%9C%B0%E7%90%86%E8%B3%87%E8%A8%8A%E7%B3%BB%E7%B5%B1 HTTP/1.1" 200 39591
61.135.189.170 - - [26/Feb/2014:12:10:20 +0800] "GET /digiarch/content/repository/resource_content.jsp?oid=1571967 HTTP/1.1" 404 15681
157.55.32.83 - - [26/Feb/2014:12:10:27 +0800] "GET /content/subject/resource_content.jsp?oid=16777310&queryString=%E7%A7%8B%E6%B5%B7%E6%A3%A0 HTTP/1.1" 200 27341
61.135.189.170 - - [26/Feb/2014:12:10:37 +0800] "GET /digiarch/content/repository/resource_content.jsp?oid=1543367 HTTP/1.1" 404 15681
61.135.189.170 - - [26/Feb/2014:12:10:55 +0800] "GET /digiarch/content/repository/resource_content.jsp?oid=1573919 HTTP/1.1" 404 15681
157.55.32.164 - - [26/Feb/2014:12:11:00 +0800] "GET /content/repository/resource_content.jsp?oid=1112091&queryString=%E7%B4%85%E6%A5%A0%20%E8%B1%AC%E8%85%B3%E6%A5%A0 HTTP/1.1" 200 30018
61.135.189.170 - - [26/Feb/2014:12:11:13 +0800] "GET /digiarch/content/repository/resource_content.jsp?oid=1568018 HTTP/1.1" 404 15681
61.135.189.170 - - [26/Feb/2014:12:11:30 +0800] "GET /digiarch/content/repository/resource_content.jsp?oid=1571355 HTTP/1.1" 404 15681
61.135.189.170 - - [26/Feb/2014:12:11:48 +0800] "GET /digiarch/content/repository/resource_content.jsp?oid=1576133 HTTP/1.1" 404 15681
66.249.77.8 - - [26/Feb/2014:12:11:59 +0800] "GET /content/repository/resource_content.jsp?oid=4362600&queryString=%E5%8B%9D%E5%88%A9%20%E6%9C%A8%E9%9B%95%E7%89%88%E7%95%AB HTTP/1.1" 200 27906
61.135.189.170 - - [26/Feb/2014:12:12:05 +0800] "GET /digiarch/content/repository/resource_content.jsp?oid=1578647 HTTP/1.1" 404 15681
223.138.26.107 - - [26/Feb/2014:12:12:12 +0800] "GET /content/nav/relationSubject.jsp?relationWords=%E6%A5%93%E9%A6%99+&oid=16777275 HTTP/1.1" 200 3846
61.135.189.170 - - [26/Feb/2014:12:12:22 +0800] "GET /digiarch/content/repository/resource_content.jsp?oid=1551370 HTTP/1.1" 404 15681
61.135.189.170 - - [26/Feb/2014:12:12:39 +0800] "GET /digiarch/content/repository/resource_content.jsp?oid=1584188 HTTP/1.1" 404 15681
61.135.189.170 - - [26/Feb/2014:12:12:55 +0800] "GET /digiarch/content/repository/resource_content.jsp?oid=1585219 HTTP/1.1" 404 15681
61.135.189.170 - - [26/Feb/2014:12:13:11 +0800] "GET /digiarch/content/repository/resource_content.jsp?oid=1586390 HTTP/1.1" 404 15681
61.135.189.170 - - [26/Feb/2014:12:13:26 +0800] "GET /digiarch/content/repository/resource_content.jsp?oid=1565379 HTTP/1.1" 404 15681
66.249.77.8 - - [26/Feb/2014:12:13:27 +0800] "GET /content/repository/resource_content.jsp?oid=14893&queryString=%E7%9F%B3%E7%8B%97%E5%85%AC%20%E7%9F%B3%E9%A0%AD%E9%AD%9A%20%E8%99%8E%E9%AD%9A%20%E9%AC%BC%E8%99%8E%E9%AD%9A%20%E9%AD%9A%E8%99%8E HTTP/1.1" 200 32384
61.135.189.170 - - [26/Feb/2014:12:13:41 +0800] "GET /digiarch/content/repository/resource_content.jsp?oid=1549843 HTTP/1.1" 404 15681
66.249.74.117 - - [26/Feb/2014:12:13:54 +0800] "GET /content/nav/relationSubject.jsp?relationWords=%E4%BA%94%E8%85%B3%E8%99%8E%20%E6%A2%9D%E7%B4%8B%E8%BA%84%E9%AD%9A%20%E8%BA%84%E9%AD%9A%20%E8%BA%84%E9%AD%9A%E7%A7%91%20&oid=14615 HTTP/1.1" 200 4256
61.135.189.170 - - [26/Feb/2014:12:13:57 +0800] "GET /digiarch/content/repository/resource_content.jsp?oid=1543079 HTTP/1.1" 404 15681
5.10.83.87 - - [26/Feb/2014:12:14:12 +0800] "GET /digiarch_en/content/subject/resource_content.jsp?oid=16777734&queryType=qc HTTP/1.1" 200 36704
61.135.189.170 - - [26/Feb/2014:12:14:13 +0800] "GET /digiarch/content/repository/resource_content.jsp?oid=1549844 HTTP/1.1" 404 15681
66.249.77.8 - - [26/Feb/2014:12:14:24 +0800] "GET /content/nav/relationSubject.jsp?relationWords=%E7%9F%B3%E7%8B%97%E5%85%AC%20%E7%9F%B3%E9%A0%AD%E9%AD%9A%20%E7%B4%85%E8%99%8E%20%E7%B4%85%E9%BB%91%E5%96%89%20%E8%99%8E%E9%AD%9A%20%E9%BB%91%E5%96%89%20&oid=14829 HTTP/1.1" 200 3548
61.135.189.170 - - [26/Feb/2014:12:14:28 +0800] "GET /digiarch/content/repository/resource_content.jsp?oid=1551549 HTTP/1.1" 404 15681
61.135.189.170 - - [26/Feb/2014:12:14:43 +0800] "GET /digiarch/content/repository/resource_content.jsp?oid=1574783 HTTP/1.1" 404 15681
66.249.74.117 - - [26/Feb/2014:12:14:53 +0800] "GET /content/nav/relationSubject.jsp?relationWords=%E8%99%8E%E9%AD%9A%20&oid=14893 HTTP/1.1" 200 3317
61.135.189.170 - - [26/Feb/2014:12:14:59 +0800] "GET /digiarch/content/repository/resource_content.jsp?oid=1564133 HTTP/1.1" 404 15681
61.135.189.170 - - [26/Feb/2014:12:15:15 +0800] "GET /digiarch/content/repository/resource_content.jsp?oid=1578825 HTTP/1.1" 404 15681
223.138.26.107 - - [26/Feb/2014:12:15:21 +0800] "GET /content/repository/resource_content.jsp?oid=2149808&queryString=%E6%A5%93%E9%A6%99 HTTP/1.1" 200 30075
223.138.26.107 - - [26/Feb/2014:12:15:23 +0800] "GET /content/nav/relationSubject.jsp?relationWords=%E6%A4%8D%E7%89%A9%E7%95%8C+%E6%A5%93%E9%A6%99+%E6%A5%93%E9%A6%99%E5%B1%AC+%E9%87%91%E7%B8%B7%E6%A2%85+%E9%87%91%E7%B8%B7%E6%A2%85%E7%A7%91+&oid=2149808 HTTP/1.1" 200 4394
122.100.64.97 - - [26/Feb/2014:12:15:25 +0800] "GET /content/nav/relationSubject.jsp?relationWords=%E7%83%8F%E5%BF%83%E7%9F%B3+%E9%B1%B8%E9%B0%BB+&oid=16777303 HTTP/1.1" 200 4012
61.135.189.170 - - [26/Feb/2014:12:15:30 +0800] "GET /digiarch/content/repository/resource_content.jsp?oid=1563791 HTTP/1.1" 404 15681
223.138.26.107 - - [26/Feb/2014:12:15:35 +0800] "GET /content/repository/resource_content.jsp?oid=2150532&queryString=%E6%A4%8D%E7%89%A9%E7%95%8C%20%E6%A5%93%E9%A6%99%20%E6%A5%93%E9%A6%99%E5%B1%AC%20%E9%87%91%E7%B8%B7%E6%A2%85%20%E9%87%91%E7%B8%B7%E6%A2%85%E7%A7%91 HTTP/1.1" 200 30348
223.138.26.107 - - [26/Feb/2014:12:15:36 +0800] "GET /content/nav/relationSubject.jsp?relationWords=%E6%A4%8D%E7%89%A9%E7%95%8C+%E6%A5%93%E9%A6%99+%E6%A5%93%E9%A6%99%E5%B1%AC+%E9%87%91%E7%B8%B7%E6%A2%85+%E9%87%91%E7%B8%B7%E6%A2%85%E7%A7%91+&oid=2150532 HTTP/1.1" 200 4394
61.135.189.170 - - [26/Feb/2014:12:15:44 +0800] "GET /digiarch/content/repository/resource_content.jsp?oid=1620832 HTTP/1.1" 404 15681
61.135.189.170 - - [26/Feb/2014:12:16:00 +0800] "GET /digiarch/content/repository/resource_content.jsp?oid=1576417 HTTP/1.1" 404 15681
61.135.189.170 - - [26/Feb/2014:12:16:15 +0800] "GET /digiarch/content/repository/resource_content.jsp?oid=1575446 HTTP/1.1" 404 15681
61.135.189.170 - - [26/Feb/2014:12:16:30 +0800] "GET /digiarch/content/repository/resource_content.jsp?oid=1598607 HTTP/1.1" 404 15681
61.135.189.170 - - [26/Feb/2014:12:16:46 +0800] "GET /digiarch/content/repository/resource_content.jsp?oid=1627795 HTTP/1.1" 404 15681
61.135.189.170 - - [26/Feb/2014:12:17:03 +0800] "GET /digiarch/content/repository/resource_content.jsp?oid=1565342 HTTP/1.1" 404 15681
66.249.77.8 - - [26/Feb/2014:12:17:07 +0800] "GET /content/repository/resource_content.jsp?oid=14894&queryString=%E6%B2%99%E8%96%91%E8%99%8E%20%E7%9F%B3%E9%A0%AD%E9%AD%9A%20%E8%99%8E%E9%AD%9A%20%E9%81%94%E6%91%A9 HTTP/1.1" 200 32265
61.135.189.170 - - [26/Feb/2014:12:17:17 +0800] "GET /digiarch/content/repository/resource_content.jsp?oid=1573718 HTTP/1.1" 404 15681
61.135.189.170 - - [26/Feb/2014:12:17:32 +0800] "GET /digiarch/content/repository/resource_content.jsp?oid=1576016 HTTP/1.1" 404 15681
61.135.189.170 - - [26/Feb/2014:12:17:47 +0800] "GET /digiarch/content/repository/resource_content.jsp?oid=1572453 HTTP/1.1" 404 15681
61.135.189.170 - - [26/Feb/2014:12:18:01 +0800] "GET /digiarch/content/repository/resource_content.jsp?oid=1570495 HTTP/1.1" 404 15681
61.135.189.170 - - [26/Feb/2014:12:18:17 +0800] "GET /digiarch/content/repository/resource_content.jsp?oid=1547626 HTTP/1.1" 404 15681
61.135.189.170 - - [26/Feb/2014:12:18:32 +0800] "GET /digiarch/content/repository/resource_content.jsp?oid=1579773 HTTP/1.1" 404 15681
61.135.189.170 - - [26/Feb/2014:12:18:48 +0800] "GET /digiarch/content/repository/resource_content.jsp?oid=1569392 HTTP/1.1" 404 15681
61.135.189.170 - - [26/Feb/2014:12:19:00 +0800] "GET /digiarch/content/repository/resource_content.jsp?oid=1572751 HTTP/1.1" 404 15681
61.135.189.170 - - [26/Feb/2014:12:19:14 +0800] "GET /digiarch/content/repository/resource_content.jsp?oid=1579575 HTTP/1.1" 404 15681
130.133.5.171 - - [26/Feb/2014:12:19:22 +0800] "GET /content/exhibit/exhibit.jsp?oid=16777747 HTTP/1.0" 200 24982
61.135.189.170 - - [26/Feb/2014:12:19:30 +0800] "GET /digiarch/content/repository/resource_content.jsp?oid=1582280 HTTP/1.1" 404 15681
66.249.77.8 - - [26/Feb/2014:12:19:30 +0800] "GET /content/nav/relationSubject.jsp?relationWords=%E5%96%AE%E9%B0%AD+%E8%99%8E%E9%AD%9A+&oid=14894 HTTP/1.1" 200 3353
66.249.77.8 - - [26/Feb/2014:12:19:30 +0800] "GET /content/nav/relationSubject.jsp?relationWords=%E6%9C%A8%E9%9B%95+%E6%9C%A8%E9%9B%95%E7%89%88%E7%95%AB+%E7%89%88%E7%95%AB+&oid=4362600 HTTP/1.1" 200 3077
66.249.77.195 - - [26/Feb/2014:12:19:37 +0800] "GET /content/nav/relationSubject.jsp?relationWords=%E5%A4%A7%E5%8D%97%E6%BE%B3+%E6%B3%B0%E9%9B%85+%E6%B3%B0%E9%9B%85%E6%97%8F+%E6%B5%AA%E9%80%9F+&oid=1773488 HTTP/1.1" 200 4351
66.249.77.8 - - [26/Feb/2014:12:19:39 +0800] "GET /content/nav/relationSubject.jsp?relationWords=%E6%9C%A8%E9%9B%95%20%E6%9C%A8%E9%9B%95%E7%89%88%E7%95%AB%20%E7%89%88%E7%95%AB%20&oid=4362600 HTTP/1.1" 200 3077
66.249.74.117 - - [26/Feb/2014:12:19:40 +0800] "GET /content/nav/relationSubject.jsp?relationWords=%E5%96%AE%E9%B0%AD%20%E8%99%8E%E9%AD%9A%20&oid=14894 HTTP/1.1" 200 3353
157.55.33.78 - - [26/Feb/2014:12:19:41 +0800] "GET /content/subject/resource_content.jsp?oid=16777413&queryString=%E6%B5%B7%E6%AA%AC%E6%9E%9C HTTP/1.1" 200 32509
61.135.189.170 - - [26/Feb/2014:12:19:43 +0800] "GET /digiarch/content/repository/resource_content.jsp?oid=1574784 HTTP/1.1" 404 15681
61.135.189.170 - - [26/Feb/2014:12:19:57 +0800] "GET /digiarch/content/repository/resource_content.jsp?oid=1583531 HTTP/1.1" 404 15681
61.135.189.170 - - [26/Feb/2014:12:20:13 +0800] "GET /digiarch/content/repository/resource_content.jsp?oid=1576207 HTTP/1.1" 404 15681
157.55.33.78 - - [26/Feb/2014:12:20:21 +0800] "GET /content/repository/resource_content.jsp?oid=1102554&queryString=%E6%B5%B7%E6%AA%AC%E6%9E%9C HTTP/1.1" 200 30163
61.135.189.170 - - [26/Feb/2014:12:20:27 +0800] "GET /digiarch/content/repository/resource_content.jsp?oid=1570120 HTTP/1.1" 404 15681
61.135.189.170 - - [26/Feb/2014:12:20:42 +0800] "GET /digiarch/content/repository/resource_content.jsp?oid=1581026 HTTP/1.1" 404 15681
66.249.77.8 - - [26/Feb/2014:12:20:48 +0800] "GET /content/repository/resource_content.jsp?oid=14894&queryString=%E7%9F%B3%E7%8B%97%E5%85%AC%20%E7%9F%B3%E9%A0%AD%E9%AD%9A%20%E7%B4%85%E8%99%8E%20%E7%B4%85%E9%BB%91%E5%96%89%20%E8%99%8E%E9%AD%9A HTTP/1.1" 200 32265
61.135.189.170 - - [26/Feb/2014:12:20:56 +0800] "GET /digiarch/content/repository/resource_content.jsp?oid=1571072 HTTP/1.1" 404 15681
61.135.189.170 - - [26/Feb/2014:12:21:08 +0800] "GET /digiarch/content/repository/resource_content.jsp?oid=1590339 HTTP/1.1" 404 15681
61.135.189.170 - - [26/Feb/2014:12:21:22 +0800] "GET /digiarch/content/repository/resource_content.jsp?oid=1579920 HTTP/1.1" 404 15681
66.249.74.162 - - [26/Feb/2014:12:21:24 +0800] "GET /content/repository/resource_content.jsp?oid=3817478&queryType=qs&queryString=%E5%B1%B1%E6%AB%BB%E6%A1%83 HTTP/1.1" 200 30228
61.135.189.170 - - [26/Feb/2014:12:21:33 +0800] "GET /digiarch/content/repository/resource_content.jsp?oid=1576750 HTTP/1.1" 404 15681
111.243.110.165 - - [26/Feb/2014:12:21:45 +0800] "GET /digiarch2/content/repository/resource_content.jsp?queryString=%E7%94%9F%E7%89%A9&oid=3824536&queryType=qc HTTP/1.1" 200 9614
66.249.77.195 - - [26/Feb/2014:12:21:47 +0800] "GET /content/repository/resource_content.jsp?oid=1611685 HTTP/1.1" 200 27781
61.135.189.170 - - [26/Feb/2014:12:21:48 +0800] "GET /digiarch/content/repository/resource_content.jsp?oid=1581107 HTTP/1.1" 404 15681
157.55.32.105 - - [26/Feb/2014:12:22:00 +0800] "GET /content/subject/resource_content.jsp?oid=16777737 HTTP/1.1" 200 31258
61.135.189.170 - - [26/Feb/2014:12:22:01 +0800] "GET /digiarch/content/repository/resource_content.jsp?oid=1571969 HTTP/1.1" 404 15681
61.135.189.170 - - [26/Feb/2014:12:22:15 +0800] "GET /digiarch/content/repository/resource_content.jsp?oid=1586763 HTTP/1.1" 404 15681
210.241.94.253 - - [26/Feb/2014:12:22:23 +0800] "GET /content/repository/resource_content.jsp?oid=1109447 HTTP/1.1" 200 28534
61.135.189.170 - - [26/Feb/2014:12:22:28 +0800] "GET /digiarch/content/repository/resource_content.jsp?oid=1575684 HTTP/1.1" 404 15681
210.241.94.253 - - [26/Feb/2014:12:22:38 +0800] "GET /content/nav/relationSubject.jsp?relationWords=&oid=1109447 HTTP/1.1" 200 1413
61.135.189.170 - - [26/Feb/2014:12:22:42 +0800] "GET /digiarch/content/repository/resource_content.jsp?oid=1596878 HTTP/1.1" 404 15681
61.135.189.170 - - [26/Feb/2014:12:22:55 +0800] "GET /digiarch/content/repository/resource_content.jsp?oid=1593782 HTTP/1.1" 404 15681
111.243.110.165 - - [26/Feb/2014:12:23:06 +0800] "GET /digiarch2/content/repository/resource_content.jsp?queryString=%E7%94%9F%E7%89%A9&oid=3824536&queryType=qc HTTP/1.1" 200 9614
61.135.189.170 - - [26/Feb/2014:12:23:08 +0800] "GET /digiarch/content/repository/resource_content.jsp?oid=1591845 HTTP/1.1" 404 15681
61.135.189.170 - - [26/Feb/2014:12:23:22 +0800] "GET /digiarch/content/repository/resource_content.jsp?oid=1582728 HTTP/1.1" 404 15681
61.135.189.170 - - [26/Feb/2014:12:23:35 +0800] "GET /digiarch/content/repository/resource_content.jsp?oid=1568744 HTTP/1.1" 404 15681
157.55.33.26 - - [26/Feb/2014:12:23:42 +0800] "GET /content/repository/resource_content.jsp?oid=2511062&queryString=%E7%A7%91%E8%88%89 HTTP/1.1" 200 29306
61.135.189.170 - - [26/Feb/2014:12:23:48 +0800] "GET /digiarch/content/repository/resource_content.jsp?oid=1580960 HTTP/1.1" 404 15681
61.135.189.170 - - [26/Feb/2014:12:24:01 +0800] "GET /digiarch/content/repository/resource_content.jsp?oid=1570039 HTTP/1.1" 404 15681
61.135.189.170 - - [26/Feb/2014:12:24:16 +0800] "GET /digiarch/content/repository/resource_content.jsp?oid=1579689 HTTP/1.1" 404 15681
66.249.77.195 - - [26/Feb/2014:12:24:23 +0800] "GET /content/subject/resource_content.jsp?oid=16777345 HTTP/1.1" 200 34227
66.249.77.8 - - [26/Feb/2014:12:24:28 +0800] "GET /content/repository/resource_content.jsp?oid=14894&queryString=%E7%9F%B3%E7%8B%97%E5%85%AC%20%E7%9F%B3%E9%A0%AD%E9%AD%9A%20%E8%99%8E%E9%AD%9A%20%E9%AC%BC%E8%99%8E%E9%AD%9A%20%E9%AD%9A%E8%99%8E HTTP/1.1" 200 32265
61.135.189.170 - - [26/Feb/2014:12:24:30 +0800] "GET /digiarch/content/repository/resource_content.jsp?oid=1598987 HTTP/1.1" 404 15681
61.135.189.170 - - [26/Feb/2014:12:24:43 +0800] "GET /digiarch/content/repository/resource_content.jsp?oid=1593106 HTTP/1.1" 404 15681
61.135.189.170 - - [26/Feb/2014:12:24:58 +0800] "GET /digiarch/content/repository/resource_content.jsp?oid=1578692 HTTP/1.1" 404 15681
157.55.35.91 - - [26/Feb/2014:12:24:59 +0800] "GET /content/repository/resource_content.jsp?oid=3811123&queryString=%E7%A9%97%E8%8A%B1%E5%B1%B1%E5%A5%88%20%E9%87%8E%E8%96%91%E8%8A%B1 HTTP/1.1" 200 29933
61.135.189.170 - - [26/Feb/2014:12:25:11 +0800] "GET /digiarch/content/repository/resource_content.jsp?oid=1595333 HTTP/1.1" 404 15681
61.135.189.170 - - [26/Feb/2014:12:25:26 +0800] "GET /digiarch/content/repository/resource_content.jsp?oid=1572031 HTTP/1.1" 404 15681
61.135.189.170 - - [26/Feb/2014:12:25:40 +0800] "GET /digiarch/content/repository/resource_content.jsp?oid=1631521 HTTP/1.1" 404 15681
61.135.189.170 - - [26/Feb/2014:12:25:54 +0800] "GET /digiarch/content/repository/resource_content.jsp?oid=1578285 HTTP/1.1" 404 15681
61.135.189.170 - - [26/Feb/2014:12:26:07 +0800] "GET /digiarch/content/repository/resource_content.jsp?oid=1612250 HTTP/1.1" 404 15681
140.137.17.18 - - [26/Feb/2014:12:26:08 +0800] "GET /content/subject/resource_content.jsp?oid=16777459&queryType=null&queryString=%E5%8F%B0%E7%81%A3%E7%99%BE%E5%B9%B4%E5%9C%B0%E5%9C%96 HTTP/1.1" 200 39728
140.137.17.18 - - [26/Feb/2014:12:26:09 +0800] "GET /content/nav/relationSubject.jsp?relationWords=&oid=16777459 HTTP/1.1" 200 1413
61.135.189.170 - - [26/Feb/2014:12:26:21 +0800] "GET /digiarch/content/repository/resource_content.jsp?oid=1610275 HTTP/1.1" 404 15681
140.112.43.113 - - [26/Feb/2014:12:26:32 +0800] "GET /content/nav/relationSubject.jsp?relationWords=%E6%9C%A8%E7%8A%80+%E6%A1%82%E8%8A%B1+&oid=16777255 HTTP/1.1" 200 4037
66.249.77.236 - - [26/Feb/2014:12:26:34 +0800] "GET /content/nav/relationSubject.jsp?relationWords=%E4%BA%A4%E9%80%9A%E8%99%95+%E5%B2%A1%E5%B1%B1%E9%8E%AE+%E6%A2%93%E5%AE%98%E9%84%89+%E9%AB%98%E9%9B%84%E5%B8%82+&oid=1543508 HTTP/1.1" 200 4447
61.135.189.170 - - [26/Feb/2014:12:26:35 +0800] "GET /digiarch/content/repository/resource_content.jsp?oid=1572275 HTTP/1.1" 404 15681
66.249.77.195 - - [26/Feb/2014:12:26:36 +0800] "GET /content/nav/relationSubject.jsp?relationWords=%E4%B8%AD%E8%97%A5+%E4%BB%A5%E7%AC%A6%E5%AF%A6%E9%9A%9B%E6%A1%88+%E8%AA%B2%E7%A8%85+%E8%B2%A1%E7%A8%85+&oid=1631064 HTTP/1.1" 200 3254
114.40.106.20 - - [26/Feb/2014:12:26:38 +0800] "GET /content/nav/relationSubject.jsp?relationWords=%E7%83%8F%E5%BF%83%E7%9F%B3+%E9%B1%B8%E9%B0%BB+&oid=16777303 HTTP/1.1" 200 4012
130.133.5.171 - - [26/Feb/2014:12:26:46 +0800] "GET /content/exhibit/exhibit.jsp?oid=16777728 HTTP/1.0" 200 24982
66.249.74.162 - - [26/Feb/2014:12:26:51 +0800] "GET /content/nav/relationSubject.jsp?relationWords=%E5%85%AC%E9%96%8B%E6%8B%9B%E6%A8%99%20%E5%A4%A7%E8%B2%9D%20%E5%A4%A7%E8%B2%9D%E6%B9%96%20%E5%B1%B1%E5%B4%A9%20%E6%84%9B%E6%B2%B3%20%E6%8B%9B%E6%A8%99%20%E6%90%8D%E5%AE%B3%E8%A3%9C%E5%84%9F%20%E6%95%91%E6%BF%9F%E9%87%91%20%E6%A2%93%E5%AE%98%E9%84%89%20%E7%8E%8B%E5%9C%8B%E7%99%BC%20%E7%94%A2%E6%AC%8A%20%E7%B3%96%E5%BB%A0%20%E7%B6%93%E6%BF%9F%E9%83%A8%20%E8%87%BA%E7%81%A3%E9%9B%BB%E5%8A%9B%E5%85%AC%E5%8F%B8%20%E8%87%BA%E7%B3%96%20%E8%B3%AA%E8%A9%A2%20%E8%BC%94%E4%BB%81%20%E8%BC%94%E4%BB%81%E5%A4%A7%E5%AD%B8%20%E9%83%BD%E5%B8%82%E5%BB%BA%E8%A8%AD%20%E9%98%BF%E5%85%AC%E5%BA%97%20%E9%98%BF%E5%85%AC%E5%BA%97%E6%B0%B4%E5%BA%AB%20%E9%9B%BB%E8%A7%A3%20%E9%AB%98%E9%9B%84%E5%B8%82%20%E9%AD%9A%E8%8B%97%20%E9%B0%B1%E9%AD%9A%20&oid=1552373 HTTP/1.1" 200 4880
61.135.189.170 - - [26/Feb/2014:12:26:51 +0800] "GET /digiarch/content/repository/resource_content.jsp?oid=1591963 HTTP/1.1" 404 15681
61.135.189.170 - - [26/Feb/2014:12:27:05 +0800] "GET /digiarch/content/repository/resource_content.jsp?oid=1581643 HTTP/1.1" 404 15681
163.20.242.178 - - [26/Feb/2014:12:27:12 +0800] "GET /content/tmp_exh/resource_content.jsp?oid=16777789 HTTP/1.1" 200 40919
163.20.242.178 - - [26/Feb/2014:12:27:13 +0800] "GET /content/nav/relationSubject.jsp?relationWords=%E5%9C%8B%E9%9A%9B%E6%9B%B8%E5%B1%95+%E6%80%9D%E6%83%B3+%E6%96%87%E6%98%9F+%E7%9A%87%E8%BC%BF+%E9%87%8D%E6%85%B6%E5%8D%97%E8%B7%AF+&oid=16777789 HTTP/1.1" 200 5051
66.249.77.236 - - [26/Feb/2014:12:27:31 +0800] "GET /content/nav/relationSubject.jsp?relationWords=%E4%BA%A4%E9%80%9A%E8%99%95%20%E5%B2%A1%E5%B1%B1%E9%8E%AE%20%E6%A2%93%E5%AE%98%E9%84%89%20%E9%AB%98%E9%9B%84%E5%B8%82%20&oid=1543508 HTTP/1.1" 200 4447
118.163.166.228 - - [26/Feb/2014:12:27:46 +0800] "GET /content/nav/relationSubject.jsp?relationWords=%E6%9C%A8%E7%8A%80+%E6%A1%82%E8%8A%B1+&oid=16777255 HTTP/1.1" 200 4037
66.249.77.8 - - [26/Feb/2014:12:28:09 +0800] "GET /content/repository/resource_content.jsp?oid=14895&queryString=%E6%B2%99%E8%96%91%E8%99%8E%20%E7%9F%B3%E9%A0%AD%E9%AD%9A%20%E8%99%8E%E9%AD%9A%20%E9%81%94%E6%91%A9 HTTP/1.1" 200 31700
66.249.74.221 - - [26/Feb/2014:12:29:09 +0800] "GET /content/nav/relationSubject.jsp?relationWords=%E5%85%A7%E9%96%80%E9%84%89+%E5%BA%9C%E5%BB%BA%E6%B0%B4+%E6%B0%B4%E5%AD%97+&oid=1631072 HTTP/1.1" 200 3450
66.249.74.221 - - [26/Feb/2014:12:29:49 +0800] "GET /content/repository/resource_content.jsp?oid=1515400 HTTP/1.1" 200 27971
111.243.110.165 - - [26/Feb/2014:12:29:53 +0800] "GET /digiarch2/content/repository/resource_content.jsp?queryString=%E7%94%9F%E7%89%A9&oid=3825374&queryType=qc HTTP/1.1" 200 9614
