66.249.71.72 - - [15/Feb/2016:03:53:33 +0800] "GET /content/repository/resource_content.jsp?oid=1888192&queryString=%E4%BA%BA%E5%90%8D%E6%AC%8A%E5%A8%81%20%E5%87%86%E7%85%A7%E6%A9%9F%20%E8%AC%99%E5%90%89%20%E9%B4%BB%E6%BA%90 HTTP/1.1" 200 30148
220.181.108.103 - - [15/Feb/2016:03:54:38 +0800] "GET /content/repository/resource_content.jsp?oid=230452 HTTP/1.1" 200 30189
66.249.77.85 - - [15/Feb/2016:03:54:47 +0800] "GET /content/repository/resource_content.jsp?oid=1601382&queryString=%E6%95%B8%E4%BD%8D%E5%85%B8%E8%97%8F%20%E9%89%9B%E5%AD%97%20%E9%8A%85%E6%A8%A1 HTTP/1.1" 200 29098
68.180.230.228 - - [15/Feb/2016:03:55:22 +0800] "GET /digiarch3/content/subject/resource_content.jsp?oid=16777731&queryType=qc HTTP/1.1" 200 43409
66.249.74.100 - - [15/Feb/2016:03:56:02 +0800] "GET /content/repository/resource_content.jsp?oid=3819623&queryString=%E6%A4%8D%E7%89%A9%E7%95%8C%20%E6%A5%9D%E7%A7%91%20%E7%84%A1%E6%82%A3%E5%AD%90%20%E7%B4%85%E6%9E%9C%E6%A4%8C%E6%9C%A8 HTTP/1.1" 200 31228
66.249.71.60 - - [15/Feb/2016:03:57:16 +0800] "GET /content/repository/resource_content.jsp?oid=1572235 HTTP/1.1" 200 29060
66.249.71.60 - - [15/Feb/2016:03:57:26 +0800] "GET /content/nav/relationSubject.jsp?relationWords=%E7%8F%8A%E7%91%9A%E5%88%BA%E6%A1%90+&oid=16777353 HTTP/1.1" 200 2143
66.249.71.60 - - [15/Feb/2016:03:58:31 +0800] "GET /content/repository/resource_content.jsp?oid=1776744 HTTP/1.1" 200 28653
66.249.71.64 - - [15/Feb/2016:03:59:45 +0800] "GET /content/repository/resource_content.jsp?oid=2581742 HTTP/1.1" 200 29006
66.249.77.97 - - [15/Feb/2016:04:01:00 +0800] "GET /content/repository/resource_content.jsp?oid=2519919&queryString=%E5%A4%A9%E6%81%A9%20%E7%B3%A7%E7%9F%B3 HTTP/1.1" 200 30136
66.249.71.60 - - [15/Feb/2016:04:02:14 +0800] "GET /content/repository/resource_content.jsp?oid=1518391 HTTP/1.1" 200 28846
66.249.74.98 - - [15/Feb/2016:04:03:01 +0800] "GET /content/nav/relationSubject.jsp?relationWords=%E4%B8%AD%E8%85%B9%E8%B6%B3%E7%9B%AE+%E8%85%B9%E8%B6%B3%E7%B6%B1+%E9%8C%90%E8%9C%B7+%E9%8C%90%E8%9C%B7%E7%A7%91+&oid=518134 HTTP/1.1" 200 3319
66.249.74.98 - - [15/Feb/2016:04:03:03 +0800] "GET /content/nav/relationSubject.jsp?relationWords=%E4%B8%AD%E8%85%B9%E8%B6%B3%E7%9B%AE%20%E8%85%B9%E8%B6%B3%E7%B6%B1%20%E9%8C%90%E8%9C%B7%20%E9%8C%90%E8%9C%B7%E7%A7%91%20&oid=518134 HTTP/1.1" 200 3319
66.249.71.64 - - [15/Feb/2016:04:03:29 +0800] "GET /content/subject/resource_content.jsp?oid=16777745&queryType=qc HTTP/1.1" 200 35935
207.46.13.46 - - [15/Feb/2016:04:04:26 +0800] "GET /content/subject/resource_content.jsp?oid=16777706 HTTP/1.1" 200 53891
66.249.71.64 - - [15/Feb/2016:04:04:43 +0800] "GET /content/repository/resource_content.jsp?oid=2535007 HTTP/1.1" 200 28929
68.180.228.24 - - [15/Feb/2016:04:05:45 +0800] "GET /content/subject/resource_content.jsp?oid=16777490&queryType=qc HTTP/1.1" 200 37184
66.249.74.100 - - [15/Feb/2016:04:05:58 +0800] "GET /content/subject/resource_content.jsp?oid=16797292&queryType=qc HTTP/1.1" 200 57226
66.249.71.72 - - [15/Feb/2016:04:07:12 +0800] "GET /content/subject/resource_content.jsp?oid=16797241&queryString= HTTP/1.1" 200 44202
66.249.79.30 - - [15/Feb/2016:04:07:26 +0800] "GET /content/nav/relationSubject.jsp?relationWords=%E5%85%A5%E5%B7%9D+&oid=2518053 HTTP/1.1" 200 3020
66.249.79.27 - - [15/Feb/2016:04:07:29 +0800] "GET /content/nav/relationSubject.jsp?relationWords=%E5%85%A5%E5%B7%9D%20&oid=2518053 HTTP/1.1" 200 3020
66.249.77.97 - - [15/Feb/2016:04:08:27 +0800] "GET /content/repository/resource_content.jsp?oid=1887867&queryType=qs&queryString=%E5%90%B3%E6%B7%AE%E6%B0%B4 HTTP/1.1" 200 29186
66.249.71.121 - - [15/Feb/2016:04:10:04 +0800] "GET /content/nav/relationSubject.jsp?relationWords=%E5%8F%B2%E9%A0%8C%E9%BC%8E+%E6%B0%B8%E5%AF%B6+&oid=3355011 HTTP/1.1" 200 3155
66.249.71.113 - - [15/Feb/2016:04:10:09 +0800] "GET /content/nav/relationSubject.jsp?relationWords=%E5%8F%B2%E9%A0%8C%E9%BC%8E%20%E6%B0%B8%E5%AF%B6%20&oid=3355011 HTTP/1.1" 200 3155
66.249.71.72 - - [15/Feb/2016:04:10:56 +0800] "GET /content/repository/resource_content.jsp?oid=2641106&queryString=%E5%A2%AE%E8%83%8E%20%E5%AD%95%E5%A9%A6%20%E7%A0%82%E7%9C%BC%20%E9%A0%90%E9%98%B2 HTTP/1.1" 200 30234
66.249.71.72 - - [15/Feb/2016:04:12:10 +0800] "GET /content/repository/resource_content.jsp?oid=1552805&queryString=%E6%86%B2%E6%B3%95 HTTP/1.1" 200 30427
66.249.71.60 - - [15/Feb/2016:04:12:37 +0800] "GET /content/nav/relationSubject.jsp?relationWords=%E5%A9%9A%E5%A7%BB%E5%88%B6%E5%BA%A6+&oid=1775749 HTTP/1.1" 200 2929
66.249.71.64 - - [15/Feb/2016:04:12:47 +0800] "GET /content/nav/relationSubject.jsp?relationWords=%E5%A9%9A%E5%A7%BB%E5%88%B6%E5%BA%A6%20&oid=1775749 HTTP/1.1" 200 2929
66.249.71.60 - - [15/Feb/2016:04:13:11 +0800] "GET /digiarch_en/content/nav/relationSubject.jsp?relationWords=%E5%A4%8F%E6%9C%9F+%E6%9F%AF%E6%B8%85%E6%A8%99+%E7%AE%97%E8%A1%93+%E8%87%BA%E7%81%A3%E7%B8%BD%E7%9D%A3%E5%BA%9C+%E8%8E%8A%E6%B0%B4+%E9%99%B3%E5%98%89%E9%82%A6+&oid=1888370 HTTP/1.1" 200 3537
66.249.71.60 - - [15/Feb/2016:04:13:14 +0800] "GET /digiarch_en/content/nav/relationSubject.jsp?relationWords=%E5%A4%8F%E6%9C%9F%20%E6%9F%AF%E6%B8%85%E6%A8%99%20%E7%AE%97%E8%A1%93%20%E8%87%BA%E7%81%A3%E7%B8%BD%E7%9D%A3%E5%BA%9C%20%E8%8E%8A%E6%B0%B4%20%E9%99%B3%E5%98%89%E9%82%A6%20&oid=1888370 HTTP/1.1" 200 3537
123.125.71.76 - - [15/Feb/2016:04:13:35 +0800] "GET /content/repository/resource_content.jsp?oid=2580585 HTTP/1.1" 200 29518
68.180.228.24 - - [15/Feb/2016:04:13:45 +0800] "GET /content/subject/resource_content.jsp?oid=16777732&queryType=qc HTTP/1.1" 200 31321
66.249.71.60 - - [15/Feb/2016:04:14:39 +0800] "GET /digiarch_en/content/repository/resource_content.jsp?oid=1897806&queryString=%E5%88%A9%E6%BD%A4%20%E6%89%80%E5%BE%97%E7%A8%85%20%E6%9D%8E%E5%8D%BF%E9%9B%B2%20%E7%9C%81%E6%94%BF%E5%BA%9C%20%E8%87%BA%E7%81%A3%E7%9C%81%E8%AD%B0%E6%9C%83 HTTP/1.1" 200 24397
220.181.108.101 - - [15/Feb/2016:04:14:57 +0800] "GET /content/subject/resource_content.jsp?oid=16777743&queryType=qc HTTP/1.1" 200 32558
66.249.79.30 - - [15/Feb/2016:04:15:13 +0800] "GET /content/nav/relationSubject.jsp?relationWords=%E8%92%99%E5%8F%A4%E9%A4%A8+%E9%BB%83%E7%B6%BE+&oid=2675232 HTTP/1.1" 200 3104
66.249.77.91 - - [15/Feb/2016:04:15:15 +0800] "GET /content/nav/relationSubject.jsp?relationWords=%E8%92%99%E5%8F%A4%E9%A4%A8%20%E9%BB%83%E7%B6%BE%20&oid=2675232 HTTP/1.1" 200 3104
66.249.71.64 - - [15/Feb/2016:04:15:53 +0800] "GET /content/subject/resource_content.jsp?oid=16777643&queryString= HTTP/1.1" 200 33344
66.249.71.60 - - [15/Feb/2016:04:17:08 +0800] "GET /content/subject/resource_content.jsp?oid=16777567&queryString= HTTP/1.1" 200 37411
66.249.71.105 - - [15/Feb/2016:04:17:08 +0800] "GET /content/nav/relationSubject.jsp?relationWords=%E7%99%BD%E8%89%B2%E4%BB%A4%E6%97%97+%E7%A5%AD%E5%84%80+%E8%A5%BF%E6%8B%89%E9%9B%85%E6%97%8F+&oid=1782864 HTTP/1.1" 200 4152
66.249.71.64 - - [15/Feb/2016:04:18:17 +0800] "GET /content/nav/relationSubject.jsp?relationWords=%E6%A4%8D%E7%89%A9%E7%95%8C+%E6%B0%B4%E9%BE%8D%E9%AA%A8+%E7%9F%B3%E8%95%A8%E5%B1%AC+%E8%95%A8%E9%A1%9E%E6%A4%8D%E7%89%A9+%E9%99%B0%E7%9F%B3%E8%95%A8+%E9%AA%A8%E7%A2%8E%E8%A3%9C+%E9%B1%97%E8%91%89%E9%99%B0%E7%9F%B3%E8%95%A8+&oid=3812784 HTTP/1.1" 200 3520
66.249.71.72 - - [15/Feb/2016:04:18:21 +0800] "GET /content/nav/relationSubject.jsp?relationWords=%E6%A4%8D%E7%89%A9%E7%95%8C%20%E6%B0%B4%E9%BE%8D%E9%AA%A8%20%E7%9F%B3%E8%95%A8%E5%B1%AC%20%E8%95%A8%E9%A1%9E%E6%A4%8D%E7%89%A9%20%E9%99%B0%E7%9F%B3%E8%95%A8%20%E9%AA%A8%E7%A2%8E%E8%A3%9C%20%E9%B1%97%E8%91%89%E9%99%B0%E7%9F%B3%E8%95%A8%20&oid=3812784 HTTP/1.1" 200 3520
66.249.71.60 - - [15/Feb/2016:04:18:23 +0800] "GET /content/subject/resource_content.jsp?oid=16777620&queryString=%E6%9E%97%E7%8D%BB%E5%A0%82%20%E7%81%8C%E5%9C%92%20%E7%81%8C%E5%9C%92%E5%85%88%E7%94%9F%20%E9%9C%A7%E5%B3%B0 HTTP/1.1" 200 55536
66.249.74.59 - - [15/Feb/2016:04:18:33 +0800] "GET /content/nav/relationSubject.jsp?relationWords=%E4%B8%AD%E5%9C%8B%E5%A4%A7%E9%99%B8%E5%9C%B0%E5%9C%96+%E9%A5%85%E9%A0%AD%E5%B1%B1+&oid=202725 HTTP/1.1" 200 1909
66.249.71.113 - - [15/Feb/2016:04:18:35 +0800] "GET /content/nav/relationSubject.jsp?relationWords=%E4%B8%AD%E5%9C%8B%E5%A4%A7%E9%99%B8%E5%9C%B0%E5%9C%96%20%E9%A5%85%E9%A0%AD%E5%B1%B1%20&oid=202725 HTTP/1.1" 200 1909
66.249.77.85 - - [15/Feb/2016:04:19:37 +0800] "GET /content/repository/resource_content.jsp?oid=3357693&queryString=%E5%8D%97%E9%9F%BF%E5%A0%82%E5%B1%B1 HTTP/1.1" 200 29241
66.249.77.85 - - [15/Feb/2016:04:20:52 +0800] "GET /content/subject/resource_content.jsp?oid=16777459&queryType=qs&queryString=%E5%9C%B0%E5%BD%A2%E5%9C%96 HTTP/1.1" 200 39858
66.249.71.72 - - [15/Feb/2016:04:21:47 +0800] "GET /content/nav/relationSubject.jsp?relationWords=%E7%A8%BB%E7%A9%80+&oid=1573957 HTTP/1.1" 200 3557
66.249.74.100 - - [15/Feb/2016:04:21:49 +0800] "GET /content/nav/relationSubject.jsp?relationWords=%E7%A8%BB%E7%A9%80%20&oid=1573957 HTTP/1.1" 200 3557
66.249.77.97 - - [15/Feb/2016:04:21:59 +0800] "GET /content/nav/relationSubject.jsp?relationWords=%E4%B8%B9%E9%BA%A5+%E4%BA%BA%E5%90%8D%E6%AC%8A%E5%A8%81+%E5%B7%B4%E7%88%BE+&oid=726443 HTTP/1.1" 200 3220
66.249.77.85 - - [15/Feb/2016:04:22:01 +0800] "GET /content/nav/relationSubject.jsp?relationWords=%E4%B8%B9%E9%BA%A5%20%E4%BA%BA%E5%90%8D%E6%AC%8A%E5%A8%81%20%E5%B7%B4%E7%88%BE%20&oid=726443 HTTP/1.1" 200 3220
66.249.77.85 - - [15/Feb/2016:04:22:06 +0800] "GET /content/subject/resource_content.jsp?oid=16777427&queryString=%E5%A4%A9%E4%BD%BF%20%E6%89%81%E9%AF%8A%20%E6%93%AC%E8%83%8C%E6%96%91%20%E7%90%B5%E7%90%B6%E9%AE%AB HTTP/1.1" 200 33107
66.249.71.60 - - [15/Feb/2016:04:22:18 +0800] "GET /content/nav/relationSubject.jsp?relationWords=%E4%BA%BA%E4%BA%8B%E5%88%B6%E5%BA%A6+%E5%9F%BA%E9%9A%86%E6%B8%AF+%E5%9F%BA%E9%9A%86%E6%B8%AF%E5%8B%99%E5%B1%80+%E5%BC%8A%E6%A1%88+%E7%B4%85%E5%8C%85+%E8%87%BA%E4%B8%AD%E6%B8%AF+%E8%87%BA%E4%B8%AD%E7%B8%A3+%E8%A1%9B%E7%94%9F%E5%B1%80+%E9%AB%98%E9%80%9F%E5%85%AC%E8%B7%AF+&oid=1633506 HTTP/1.1" 200 4884
66.249.71.60 - - [15/Feb/2016:04:22:20 +0800] "GET /content/nav/relationSubject.jsp?relationWords=%E4%BA%BA%E4%BA%8B%E5%88%B6%E5%BA%A6%20%E5%9F%BA%E9%9A%86%E6%B8%AF%20%E5%9F%BA%E9%9A%86%E6%B8%AF%E5%8B%99%E5%B1%80%20%E5%BC%8A%E6%A1%88%20%E7%B4%85%E5%8C%85%20%E8%87%BA%E4%B8%AD%E6%B8%AF%20%E8%87%BA%E4%B8%AD%E7%B8%A3%20%E8%A1%9B%E7%94%9F%E5%B1%80%20%E9%AB%98%E9%80%9F%E5%85%AC%E8%B7%AF%20&oid=1633506 HTTP/1.1" 200 4884
66.249.74.100 - - [15/Feb/2016:04:23:21 +0800] "GET /content/repository/resource_content.jsp?oid=4451426&queryString=%E5%8D%97%E7%B1%B3%20%E5%8F%83%E7%B8%A3%E5%AE%98 HTTP/1.1" 200 29636
66.249.71.64 - - [15/Feb/2016:04:24:35 +0800] "GET /digiarch_en/content/repository/resource_content.jsp?oid=14419&queryString=%E5%B9%B3%E9%B0%AD%E9%B0%8D%E7%A7%91%20%E6%B2%88%E6%B0%8F%20%E7%88%AC%E5%B2%A9%E9%B0%8D%20%E7%9F%B3%E8%B2%BC%E4%BB%94 HTTP/1.1" 200 26883
66.249.71.60 - - [15/Feb/2016:04:25:50 +0800] "GET /digiarch_en/content/repository/resource_content.jsp?oid=2663996&queryString=%E6%80%9D%E6%83%B3%20%E8%87%BA%E5%A4%A7%20%E9%87%8D%E6%85%B6%E5%8D%97%E8%B7%AF HTTP/1.1" 200 24049
66.249.71.60 - - [15/Feb/2016:04:27:04 +0800] "GET /content/repository/resource_content.jsp?oid=2689091&queryType=qs&queryString=%E9%99%A2%E5%A5%8F HTTP/1.1" 200 29900
68.180.230.228 - - [15/Feb/2016:04:27:26 +0800] "GET /digiarch3/content/tmp_auth/resource_content.jsp?oid=16777810 HTTP/1.1" 200 40593
66.249.71.72 - - [15/Feb/2016:04:28:18 +0800] "GET /content/repository/resource_content.jsp?oid=3823601&queryString=%E6%A4%8D%E7%89%A9%E7%95%8C%20%E7%9F%B3%E7%AB%B9%20%E8%8C%89%E8%8E%89%20%E9%BB%83%E7%B4%B0%E5%BF%83%20%E9%BB%83%E7%B4%B0%E5%BF%83%E5%B1%AC HTTP/1.1" 200 31352
66.249.71.60 - - [15/Feb/2016:04:28:44 +0800] "GET /content/nav/relationSubject.jsp?relationWords=%E7%95%B0%E8%B6%B3%E7%9B%AE+%E8%85%B9%E8%B6%B3%E7%B6%B1+%E9%B6%89%E8%9E%BA+&oid=523929 HTTP/1.1" 200 3299
66.249.71.64 - - [15/Feb/2016:04:28:46 +0800] "GET /content/nav/relationSubject.jsp?relationWords=%E7%95%B0%E8%B6%B3%E7%9B%AE%20%E8%85%B9%E8%B6%B3%E7%B6%B1%20%E9%B6%89%E8%9E%BA%20&oid=523929 HTTP/1.1" 200 3299
66.249.71.60 - - [15/Feb/2016:04:29:48 +0800] "GET /content/subject/resource_content.jsp?oid=16777366&queryString=%E5%A4%9A%E5%AA%92%E9%AB%94%20%E5%BD%B1%E5%83%8F%E4%BF%AE%E8%A3%9C%20%E6%95%B8%E4%BD%8D%E5%85%B8%E8%97%8F%20%E6%95%B8%E4%BD%8D%E5%85%B8%E8%97%8F%E6%8A%80%E8%A1%93%20%E8%A6%96%E8%A8%8A HTTP/1.1" 200 34940
66.249.77.85 - - [15/Feb/2016:04:31:18 +0800] "GET /content/repository/resource_content.jsp?oid=4491779&queryType=qs&queryString=%E5%AF%A6%E9%A9%97%E5%AE%A4 HTTP/1.1" 200 33839
66.249.71.60 - - [15/Feb/2016:04:32:47 +0800] "GET /content/repository/resource_content.jsp?oid=2147377&queryString=%E6%A4%8D%E7%89%A9%E7%95%8C%20%E9%B4%A8%E8%B7%96%E8%8D%89%20%E9%B4%A8%E8%B7%96%E8%8D%89%E5%B1%AC%20%E9%B4%A8%E8%B7%96%E8%8D%89%E7%A7%91 HTTP/1.1" 200 31683
66.249.71.72 - - [15/Feb/2016:04:33:28 +0800] "GET /content/nav/relationSubject.jsp?relationWords=%E6%B4%9E%E9%B0%AD%E9%AF%9B+%E8%97%8D%E7%9A%AE%E5%88%80+%E9%8A%80%E7%9C%BC%E9%AF%9B+%E9%BB%91%E9%8A%80%E7%9C%BC%E9%AF%9B+&oid=4351900 HTTP/1.1" 200 3534
66.249.71.64 - - [15/Feb/2016:04:33:31 +0800] "GET /content/nav/relationSubject.jsp?relationWords=%E6%B4%9E%E9%B0%AD%E9%AF%9B%20%E8%97%8D%E7%9A%AE%E5%88%80%20%E9%8A%80%E7%9C%BC%E9%AF%9B%20%E9%BB%91%E9%8A%80%E7%9C%BC%E9%AF%9B%20&oid=4351900 HTTP/1.1" 200 3534
68.180.228.24 - - [15/Feb/2016:04:34:11 +0800] "GET /digiarch_en/content/subject/resource_content.jsp?oid=16777347&queryType=qc HTTP/1.1" 200 28848
66.249.71.60 - - [15/Feb/2016:04:34:18 +0800] "GET /content/repository/resource_content.jsp?oid=1551009&queryString=%E4%BA%8C%E6%AC%A1%E5%A4%A7%E6%88%B0 HTTP/1.1" 200 28960
66.249.71.64 - - [15/Feb/2016:04:34:26 +0800] "GET /content/nav/relationSubject.jsp?relationWords=%E4%BA%8C%E6%AC%A1%E5%A4%A7%E6%88%B0+%E5%AD%98%E6%AC%BE+%E6%9D%8E%E6%B8%85%E5%BD%A9+%E8%A8%B1%E9%BA%97+%E8%B2%A1%E6%94%BF%E9%A1%9E+&oid=1551009 HTTP/1.1" 200 4062
66.249.71.72 - - [15/Feb/2016:04:37:16 +0800] "GET /content/subject/resource_content.jsp?oid=16777295&queryString=%E7%A9%97%E8%8A%B1%E5%B1%B1%E5%A5%88%20%E9%87%8E%E8%96%91%E8%8A%B1 HTTP/1.1" 200 28526
66.249.71.113 - - [15/Feb/2016:04:40:44 +0800] "GET /content/nav/relationSubject.jsp?relationWords=%E4%BA%BA%E5%90%8D%E6%AC%8A%E5%A8%81+%E7%9B%9B%E5%AE%A3%E6%87%B7+&oid=635196 HTTP/1.1" 200 3153
66.249.71.113 - - [15/Feb/2016:04:40:49 +0800] "GET /content/nav/relationSubject.jsp?relationWords=%E4%BA%BA%E5%90%8D%E6%AC%8A%E5%A8%81%20%E7%9B%9B%E5%AE%A3%E6%87%B7%20&oid=635196 HTTP/1.1" 200 3153
157.55.39.31 - - [15/Feb/2016:04:40:58 +0800] "GET /content/nav/relationSubject.jsp?relationWords=%E9%9D%92%E5%89%9B%E6%AB%9F+&oid=16777349 HTTP/1.1" 200 4006
66.249.71.60 - - [15/Feb/2016:04:41:45 +0800] "GET /content/subject/resource_content.jsp?oid=16777519&queryString=%E5%8D%81%E4%BA%8C%E9%BB%9E%20%E6%9E%97%E5%8B%99%E5%B1%80%20%E7%9B%B8%E6%80%9D%E6%A8%B9%20%E7%9C%81%E6%94%BF%E5%BA%9C%20%E8%87%BA%E4%B8%AD%E7%B8%A3%20%E9%80%A0%E6%9E%97%20%E9%99%B3%E8%90%AC HTTP/1.1" 200 37338
220.181.108.155 - - [15/Feb/2016:04:42:00 +0800] "GET /digiarch_en/content/subject/resource_content.jsp?oid=16777614&queryType=qc HTTP/1.1" 200 40646
66.249.71.5 - - [15/Feb/2016:04:42:45 +0800] "GET /digiarch3/content/nav/relationSubject.jsp?relationWords=&oid=16777693 HTTP/1.1" 200 1405
66.249.71.64 - - [15/Feb/2016:04:43:14 +0800] "GET /content/subject/resource_content.jsp?oid=16777354 HTTP/1.1" 200 27813
66.249.71.60 - - [15/Feb/2016:04:44:45 +0800] "GET /content/subject/resource_content.jsp?oid=16777373&queryString=%E5%8F%B0%E7%81%A3%E6%9C%AC%E5%9C%9F%E6%A4%8D%E7%89%A9%20%E6%95%B8%E4%BD%8D%E5%85%B8%E8%97%8F HTTP/1.1" 200 27600
66.249.71.64 - - [15/Feb/2016:04:45:27 +0800] "GET /content/nav/relationSubject.jsp?relationWords=%E5%B8%AB%E7%AF%84%E5%AD%B8%E6%A0%A1+%E6%95%99%E8%82%B2%E5%BB%B3+%E8%87%BA%E6%9D%B1%E5%B8%AB%E7%AF%84+%E8%8A%B1%E8%93%AE%E5%B8%AB%E7%AF%84+%E8%94%A1%E7%81%AB+&oid=1523644 HTTP/1.1" 200 3868
66.249.71.72 - - [15/Feb/2016:04:45:29 +0800] "GET /content/nav/relationSubject.jsp?relationWords=%E5%B8%AB%E7%AF%84%E5%AD%B8%E6%A0%A1%20%E6%95%99%E8%82%B2%E5%BB%B3%20%E8%87%BA%E6%9D%B1%E5%B8%AB%E7%AF%84%20%E8%8A%B1%E8%93%AE%E5%B8%AB%E7%AF%84%20%E8%94%A1%E7%81%AB%20&oid=1523644 HTTP/1.1" 200 3868
66.249.71.72 - - [15/Feb/2016:04:46:14 +0800] "GET /content/repository/resource_content.jsp?oid=1580099 HTTP/1.1" 200 28880
68.180.228.24 - - [15/Feb/2016:04:47:18 +0800] "GET /content/tmp_exh/resource_content.jsp?oid=16777817&queryType=qc HTTP/1.1" 200 34748
66.249.71.64 - - [15/Feb/2016:04:47:43 +0800] "GET /content/repository/resource_content.jsp?oid=2519689 HTTP/1.1" 200 29639
66.249.74.61 - - [15/Feb/2016:04:49:02 +0800] "GET /content/nav/relationSubject.jsp?relationWords=%E6%95%B8%E4%BD%8D%E5%85%B8%E8%97%8F+&oid=16777379 HTTP/1.1" 200 5913
66.249.71.113 - - [15/Feb/2016:04:49:04 +0800] "GET /content/nav/relationSubject.jsp?relationWords=%E6%95%B8%E4%BD%8D%E5%85%B8%E8%97%8F%20&oid=16777379 HTTP/1.1" 200 5913
68.180.228.24 - - [15/Feb/2016:04:49:10 +0800] "GET /digiarch_en/content/pictures/picture_content.jsp?oid=33554797 HTTP/1.1" 200 21701
66.249.71.60 - - [15/Feb/2016:04:49:13 +0800] "GET /content/subject/resource_content.jsp?oid=16777472&queryType=qs&queryString=%E5%B7%AB%E6%96%87%E9%9A%86 HTTP/1.1" 200 64687
66.249.71.64 - - [15/Feb/2016:04:50:43 +0800] "GET /content/repository/resource_content.jsp?oid=15789&queryString=%E5%85%AD%E8%A7%92%E7%9F%B3%E6%96%91%E9%AD%9A%20%E7%9F%B3%E6%96%91%20%E7%9F%B3%E6%96%91%E9%AD%9A HTTP/1.1" 200 35458
68.180.228.24 - - [15/Feb/2016:04:50:55 +0800] "GET /content/subject/resource_content.jsp?oid=16777413&queryType=qc HTTP/1.1" 200 33428
66.249.71.64 - - [15/Feb/2016:04:52:55 +0800] "GET /digiarch_en/content/nav/relationSubject.jsp?relationWords=%E5%A6%A5%E8%AD%B0+%E5%B7%A5%E9%83%A8+&oid=2686333 HTTP/1.1" 200 3096
66.249.71.64 - - [15/Feb/2016:04:52:57 +0800] "GET /digiarch_en/content/nav/relationSubject.jsp?relationWords=%E5%A6%A5%E8%AD%B0%20%E5%B7%A5%E9%83%A8%20&oid=2686333 HTTP/1.1" 200 3096
66.249.71.60 - - [15/Feb/2016:04:53:42 +0800] "GET /content/subject/resource_content.jsp?oid=16777793&queryType=qs&queryString=%E9%A0%92%E7%8D%8E%E5%85%B8%E7%A6%AE HTTP/1.1" 200 42646
66.249.71.121 - - [15/Feb/2016:04:54:19 +0800] "GET /content/nav/relationSubject.jsp?relationWords=%E5%90%B3%E5%A4%A9+%E5%BC%B5%E6%96%87%E7%92%B0+%E6%96%87%E8%97%9D%E6%99%82%E8%A9%95+%E8%87%BA%E7%81%A3%E6%96%87%E5%AD%B8+%E8%88%88%E5%8D%97%E6%96%B0%E8%81%9E+&oid=2470412 HTTP/1.1" 200 4367
66.249.74.61 - - [15/Feb/2016:04:54:21 +0800] "GET /content/nav/relationSubject.jsp?relationWords=%E5%90%B3%E5%A4%A9%20%E5%BC%B5%E6%96%87%E7%92%B0%20%E6%96%87%E8%97%9D%E6%99%82%E8%A9%95%20%E8%87%BA%E7%81%A3%E6%96%87%E5%AD%B8%20%E8%88%88%E5%8D%97%E6%96%B0%E8%81%9E%20&oid=2470412 HTTP/1.1" 200 4367
66.249.74.100 - - [15/Feb/2016:04:54:30 +0800] "GET /content/nav/relationSubject.jsp?relationWords=%E6%94%BE%E7%A7%9F+%E6%B0%91%E6%94%BF%E9%A1%9E+%E6%B0%B4%E4%B8%8A%E9%84%89+%E7%89%9B%E7%A8%A0+%E7%B6%AD%E6%B0%91+&oid=1629405 HTTP/1.1" 200 4729
66.249.71.64 - - [15/Feb/2016:04:54:32 +0800] "GET /content/nav/relationSubject.jsp?relationWords=%E6%94%BE%E7%A7%9F%20%E6%B0%91%E6%94%BF%E9%A1%9E%20%E6%B0%B4%E4%B8%8A%E9%84%89%20%E7%89%9B%E7%A8%A0%20%E7%B6%AD%E6%B0%91%20&oid=1629405 HTTP/1.1" 200 4729
68.180.230.228 - - [15/Feb/2016:04:54:34 +0800] "GET /content/subject/resource_content.jsp?oid=16797242&queryType=qc HTTP/1.1" 200 46766
66.249.71.60 - - [15/Feb/2016:04:55:11 +0800] "GET /content/repository/resource_content.jsp?oid=3819068&queryString=%E6%A4%8D%E7%89%A9%E7%95%8C%20%E8%8F%8A%E7%A7%91%20%E9%9B%99%E5%AD%90%E8%91%89%E6%A4%8D%E7%89%A9%20%E9%A3%9B%E6%A9%9F%E8%8D%89%20%E9%A5%91%E8%8D%92%E8%8D%89%E5%B1%AC HTTP/1.1" 200 31311
66.249.74.98 - - [15/Feb/2016:04:56:42 +0800] "GET /content/repository/resource_content.jsp?oid=279221&queryString=%E6%BC%A2%E4%BB%A3%20%E6%BC%A2%E7%B0%A1%20%E7%95%AA%E7%A4%BE%20%E7%95%AA%E7%A4%BE%E9%87%87%E9%A2%A8%E5%9C%96%20%E7%B0%A1%E7%89%98%20%E9%87%87%E9%A2%A8%E5%9C%96 HTTP/1.1" 200 31142
66.249.77.91 - - [15/Feb/2016:04:57:21 +0800] "GET /content/nav/relationSubject.jsp?relationWords=%E4%B8%89%E6%9E%97+%E5%90%B3%E6%B3%89%E6%B4%9D+%E5%91%82%E6%A1%82+%E6%9A%A8%E5%8D%97+%E6%AD%90%E9%9B%B2%E6%98%8E+%E7%9C%81%E6%94%BF%E5%BA%9C+%E8%87%BA%E4%B8%AD%E5%B8%82+%E8%94%A1%E6%9D%8E%E9%B4%A6+%E8%B3%B4%E6%A6%AE%E6%9C%A8+%E9%80%A0%E6%9E%97+%E9%9B%86%E9%9B%86+%E9%9B%86%E9%9B%86%E9%8E%AE+%E9%BB%83%E5%9C%8B%E6%94%BF+&oid=1532352 HTTP/1.1" 200 6317
66.249.77.85 - - [15/Feb/2016:04:57:23 +0800] "GET /content/nav/relationSubject.jsp?relationWords=%E4%B8%89%E6%9E%97%20%E5%90%B3%E6%B3%89%E6%B4%9D%20%E5%91%82%E6%A1%82%20%E6%9A%A8%E5%8D%97%20%E6%AD%90%E9%9B%B2%E6%98%8E%20%E7%9C%81%E6%94%BF%E5%BA%9C%20%E8%87%BA%E4%B8%AD%E5%B8%82%20%E8%94%A1%E6%9D%8E%E9%B4%A6%20%E8%B3%B4%E6%A6%AE%E6%9C%A8%20%E9%80%A0%E6%9E%97%20%E9%9B%86%E9%9B%86%20%E9%9B%86%E9%9B%86%E9%8E%AE%20%E9%BB%83%E5%9C%8B%E6%94%BF%20&oid=1532352 HTTP/1.1" 200 6317
66.249.71.60 - - [15/Feb/2016:04:58:11 +0800] "GET /content/repository/resource_content.jsp?oid=2678802&queryString=%E6%B6%BC%E5%B7%9E%E9%8E%AE%20%E7%AF%86%E5%8B%99 HTTP/1.1" 200 30712
207.46.13.46 - - [15/Feb/2016:04:58:28 +0800] "GET /content/nav/relationSubject.jsp?relationWords=%E5%85%AD%E5%A1%8A%E5%8E%9D+%E6%B2%B9%E8%BB%8A+&oid=16777457 HTTP/1.1" 200 6324
66.249.71.113 - - [15/Feb/2016:04:59:40 +0800] "GET /content/repository/resource_content.jsp?oid=2665964&queryType=qs&queryString=%E6%9D%8E%E5%96%84 HTTP/1.1" 200 30392
66.249.71.64 - - [15/Feb/2016:04:59:53 +0800] "GET /content/nav/relationSubject.jsp?relationWords=%E5%A5%B3%E8%B2%9E%E5%B1%AC+%E6%97%A5%E6%9C%AC%E5%A5%B3%E8%B2%9E+%E6%9C%A8%E7%8A%80%E7%A7%91+%E6%A4%8D%E7%89%A9%E7%95%8C+%E7%8E%84%E5%8F%83+&oid=1459260 HTTP/1.1" 200 3380
66.249.71.60 - - [15/Feb/2016:04:59:54 +0800] "GET /content/nav/relationSubject.jsp?relationWords=%E5%A5%B3%E8%B2%9E%E5%B1%AC%20%E6%97%A5%E6%9C%AC%E5%A5%B3%E8%B2%9E%20%E6%9C%A8%E7%8A%80%E7%A7%91%20%E6%A4%8D%E7%89%A9%E7%95%8C%20%E7%8E%84%E5%8F%83%20&oid=1459260 HTTP/1.1" 200 3380
220.181.108.110 - - [15/Feb/2016:05:00:57 +0800] "GET /content/repository/resource_content.jsp?oid=1586689 HTTP/1.1" 200 28843
66.249.71.72 - - [15/Feb/2016:05:01:10 +0800] "GET /content/repository/resource_content.jsp?oid=4353741&queryString=%E5%93%88%E9%87%91%20%E8%8B%B1%E4%BD%BF%20%E9%BA%BB%E5%93%88 HTTP/1.1" 200 34993
66.249.71.64 - - [15/Feb/2016:05:02:14 +0800] "GET /content/nav/relationSubject.jsp?relationWords=&oid=820724 HTTP/1.1" 200 1405
66.249.71.64 - - [15/Feb/2016:05:02:39 +0800] "GET /content/repository/resource_content.jsp?oid=4353047&queryType=qs&queryString=%E9%A3%9F%E7%89%A9%E4%B8%AD%E6%AF%92 HTTP/1.1" 200 34570
66.249.71.113 - - [15/Feb/2016:05:03:44 +0800] "GET /content/nav/relationSubject.jsp?relationWords=&oid=2664301 HTTP/1.1" 200 1405
66.249.74.98 - - [15/Feb/2016:05:04:10 +0800] "GET /content/repository/resource_content.jsp?oid=1783310 HTTP/1.1" 200 28137
68.180.228.24 - - [15/Feb/2016:05:04:14 +0800] "GET /digiarch_en/content/subject/resource_content.jsp?oid=16777531&queryType=qc HTTP/1.1" 200 31431
66.249.71.64 - - [15/Feb/2016:05:05:30 +0800] "GET /content/nav/relationSubject.jsp?relationWords=%E5%8F%B0%E7%81%A3%E6%BE%A4%E8%98%AD+%E6%A4%8D%E7%89%A9%E7%95%8C+%E6%BE%A4%E8%98%AD%E5%B1%AC+%E8%8F%8A%E7%A7%91+%E9%9B%99%E5%AD%90%E8%91%89%E6%A4%8D%E7%89%A9+&oid=1097469 HTTP/1.1" 200 3424
66.249.71.72 - - [15/Feb/2016:05:05:31 +0800] "GET /content/nav/relationSubject.jsp?relationWords=%E5%8F%B0%E7%81%A3%E6%BE%A4%E8%98%AD%20%E6%A4%8D%E7%89%A9%E7%95%8C%20%E6%BE%A4%E8%98%AD%E5%B1%AC%20%E8%8F%8A%E7%A7%91%20%E9%9B%99%E5%AD%90%E8%91%89%E6%A4%8D%E7%89%A9%20&oid=1097469 HTTP/1.1" 200 3424
66.249.71.60 - - [15/Feb/2016:05:05:49 +0800] "GET /content/repository/resource_content.jsp?oid=1082840 HTTP/1.1" 200 29845
66.249.74.98 - - [15/Feb/2016:05:06:50 +0800] "GET /content/nav/relationSubject.jsp?relationWords=%E4%BA%BA%E4%BA%8B%E5%88%B6%E5%BA%A6+%E5%85%AC%E5%8B%99%E5%93%A1+%E5%85%AC%E6%AC%8A%E5%8A%9B+%E5%85%AD%E9%BE%9C+%E5%8D%81%E4%BF%A1+%E5%8F%B0%E9%9B%BB+%E5%90%88%E5%BA%AB+%E5%90%B3%E5%A4%A7+%E5%BC%B5%E4%BF%8A%E5%AE%8F+%E6%9E%97%E5%AE%97%E7%94%B7+%E6%9E%97%E6%A5%AD%E8%A9%A6%E9%A9%97%E6%89%80+%E6%B2%B3%E6%B4%9B+%E6%B3%95%E9%99%A2+%E7%8D%8E%E6%87%B2+%E7%9B%AE%E6%A8%99+%E7%9C%81%E6%94%BF%E5%BA%9C+%E7%9C%81%E7%87%9F%E4%BA%8B%E6%A5%AD+%E7%A7%BB%E9%80%81+%E8%87%BA%E7%81%A3%E5%9C%B0%E5%8D%80+%E8%91%A3%E4%BA%8B%E9%95%B7+%E8%B3%AA%E8%A9%A2+&oid=1610911 HTTP/1.1" 200 6991
66.249.71.60 - - [15/Feb/2016:05:06:53 +0800] "GET /content/nav/relationSubject.jsp?relationWords=%E4%BA%BA%E4%BA%8B%E5%88%B6%E5%BA%A6%20%E5%85%AC%E5%8B%99%E5%93%A1%20%E5%85%AC%E6%AC%8A%E5%8A%9B%20%E5%85%AD%E9%BE%9C%20%E5%8D%81%E4%BF%A1%20%E5%8F%B0%E9%9B%BB%20%E5%90%88%E5%BA%AB%20%E5%90%B3%E5%A4%A7%20%E5%BC%B5%E4%BF%8A%E5%AE%8F%20%E6%9E%97%E5%AE%97%E7%94%B7%20%E6%9E%97%E6%A5%AD%E8%A9%A6%E9%A9%97%E6%89%80%20%E6%B2%B3%E6%B4%9B%20%E6%B3%95%E9%99%A2%20%E7%8D%8E%E6%87%B2%20%E7%9B%AE%E6%A8%99%20%E7%9C%81%E6%94%BF%E5%BA%9C%20%E7%9C%81%E7%87%9F%E4%BA%8B%E6%A5%AD%20%E7%A7%BB%E9%80%81%20%E8%87%BA%E7%81%A3%E5%9C%B0%E5%8D%80%20%E8%91%A3%E4%BA%8B%E9%95%B7%20%E8%B3%AA%E8%A9%A2%20&oid=1610911 HTTP/1.1" 200 6991
66.249.71.60 - - [15/Feb/2016:05:07:10 +0800] "GET /content/subject/resource_content.jsp?oid=16777427&queryString=%E5%A4%A9%E4%BD%BF%20%E6%89%81%E9%AF%8A%20%E6%93%AC%E8%83%8C%E6%96%91%20%E7%90%B5%E7%90%B6%E9%AE%AB HTTP/1.1" 200 33096
66.249.71.14 - - [15/Feb/2016:05:08:18 +0800] "GET /digiarch3/content/nav/relationSubject.jsp?relationWords=%E8%9D%B4%E8%9D%B6%E9%AD%9A+%E8%9D%B4%E8%9D%B6%E9%AD%9A%E7%A7%91+%E9%BB%91%E8%83%8C%E8%9D%B4%E8%9D%B6%E9%AD%9A+&oid=19085 HTTP/1.1" 200 3469
66.249.71.14 - - [15/Feb/2016:05:08:22 +0800] "GET /digiarch3/content/nav/relationSubject.jsp?relationWords=%E8%9D%B4%E8%9D%B6%E9%AD%9A%20%E8%9D%B4%E8%9D%B6%E9%AD%9A%E7%A7%91%20%E9%BB%91%E8%83%8C%E8%9D%B4%E8%9D%B6%E9%AD%9A%20&oid=19085 HTTP/1.1" 200 3469
66.249.71.72 - - [15/Feb/2016:05:08:38 +0800] "GET /content/repository/resource_content.jsp?oid=1547312 HTTP/1.1" 200 29080
66.249.71.5 - - [15/Feb/2016:05:09:57 +0800] "GET /digiarch3/content/nav/relationSubject.jsp?relationWords=%E7%83%8F%E5%B0%BE%E5%86%AC%E4%BB%94+%E9%BB%83%E5%B0%BE+%E9%BB%83%E5%B0%BE%E6%A2%85%E9%AF%9B+&oid=15294 HTTP/1.1" 200 3447
66.249.71.5 - - [15/Feb/2016:05:09:58 +0800] "GET /digiarch3/content/nav/relationSubject.jsp?relationWords=%E7%83%8F%E5%B0%BE%E5%86%AC%E4%BB%94%20%E9%BB%83%E5%B0%BE%20%E9%BB%83%E5%B0%BE%E6%A2%85%E9%AF%9B%20&oid=15294 HTTP/1.1" 200 3447
66.249.71.60 - - [15/Feb/2016:05:10:00 +0800] "GET /content/nav/relationSubject.jsp?relationWords=%E5%90%8F%E9%83%A8+%E7%BC%BA%E4%BA%8B+&oid=2665508 HTTP/1.1" 200 3133
66.249.71.60 - - [15/Feb/2016:05:10:04 +0800] "GET /content/nav/relationSubject.jsp?relationWords=%E5%90%8F%E9%83%A8%20%E7%BC%BA%E4%BA%8B%20&oid=2665508 HTTP/1.1" 200 3133
66.249.74.98 - - [15/Feb/2016:05:10:08 +0800] "GET /content/subject/resource_content.jsp?oid=16777736&queryType=qs&queryString=%E8%A5%BF%E6%96%BD%E8%8A%B1 HTTP/1.1" 200 43073
66.249.71.60 - - [15/Feb/2016:05:10:08 +0800] "GET /content/nav/relationSubject.jsp?relationWords=%E5%9C%93%E8%8A%B1%E9%B0%B9+%E9%AF%96%E7%A7%91+&oid=1082840 HTTP/1.1" 200 3200
66.249.71.60 - - [15/Feb/2016:05:10:10 +0800] "GET /content/nav/relationSubject.jsp?relationWords=%E5%9C%93%E8%8A%B1%E9%B0%B9%20%E9%AF%96%E7%A7%91%20&oid=1082840 HTTP/1.1" 200 3200
66.249.71.64 - - [15/Feb/2016:05:11:37 +0800] "GET /content/repository/resource_content.jsp?oid=1897876 HTTP/1.1" 200 29380
66.249.71.64 - - [15/Feb/2016:05:11:57 +0800] "GET /content/nav/relationSubject.jsp?relationWords=%E5%8F%B0%E7%81%A3%E5%8E%9F%E4%BD%8F%E6%B0%91+%E6%B0%91%E6%97%8F%E8%87%AA%E6%B2%BB+%E7%A4%BE%E6%9C%83%E9%81%8B%E5%8B%95+%E8%98%AD%E5%B6%BC%E9%81%94%E6%82%9F%E6%97%8F+%E9%9B%85%E7%BE%8E%E6%97%8F+&oid=1777934 HTTP/1.1" 200 6569
66.249.71.60 - - [15/Feb/2016:05:11:58 +0800] "GET /content/nav/relationSubject.jsp?relationWords=%E5%8F%B0%E7%81%A3%E5%8E%9F%E4%BD%8F%E6%B0%91%20%E6%B0%91%E6%97%8F%E8%87%AA%E6%B2%BB%20%E7%A4%BE%E6%9C%83%E9%81%8B%E5%8B%95%20%E8%98%AD%E5%B6%BC%E9%81%94%E6%82%9F%E6%97%8F%20%E9%9B%85%E7%BE%8E%E6%97%8F%20&oid=1777934 HTTP/1.1" 200 6569
66.249.71.60 - - [15/Feb/2016:05:13:07 +0800] "GET /content/repository/resource_content.jsp?oid=2670039 HTTP/1.1" 200 29959
40.77.167.7 - - [15/Feb/2016:05:13:27 +0800] "GET /content/nav/relationSubject.jsp?relationWords=%E7%8C%B4%E6%AD%A1%E5%96%9C+&oid=33554691 HTTP/1.1" 200 3118
66.249.71.105 - - [15/Feb/2016:05:13:31 +0800] "GET /content/nav/relationSubject.jsp?relationWords=%E5%9B%B0%E8%8B%A6%E6%A1%88+%E5%B0%8F%E5%BE%91%E6%9C%A8+%E5%BC%B5%E6%B3%AE%E6%B1%A0+%E6%9E%97%E7%94%A2%E7%AE%A1%E7%90%86%E5%B1%80+&oid=1524570 HTTP/1.1" 200 4961
66.249.74.63 - - [15/Feb/2016:05:13:34 +0800] "GET /content/nav/relationSubject.jsp?relationWords=%E5%9B%B0%E8%8B%A6%E6%A1%88%20%E5%B0%8F%E5%BE%91%E6%9C%A8%20%E5%BC%B5%E6%B3%AE%E6%B1%A0%20%E6%9E%97%E7%94%A2%E7%AE%A1%E7%90%86%E5%B1%80%20&oid=1524570 HTTP/1.1" 200 4961
66.249.71.64 - - [15/Feb/2016:05:14:36 +0800] "GET /content/subject/resource_content.jsp?oid=16777400&queryString=%E5%8D%97%E6%B9%96%E5%A4%A7%E5%B1%B1%20%E6%9D%9C%E9%B5%91%20%E7%8E%89%E5%B1%B1%E6%9D%9C%E9%B5%91%20%E7%B4%B0%E8%91%89%E6%9D%9C%E9%B5%91%20%E8%A5%BF%E6%96%BD%E8%8A%B1 HTTP/1.1" 200 28538
118.232.130.158 - - [15/Feb/2016:05:15:00 +0800] "GET /content/nav/relationSubject.jsp?relationWords=%E6%9C%A8%E7%8A%80+%E6%A1%82%E8%8A%B1+&oid=16777255 HTTP/1.1" 200 4029
66.249.74.102 - - [15/Feb/2016:05:16:07 +0800] "GET /content/repository/resource_content.jsp?oid=2687904&queryString=%E5%BB%B6%E6%85%B6%20%E6%98%8C%E5%B9%B3 HTTP/1.1" 200 30397
66.249.71.60 - - [15/Feb/2016:05:16:13 +0800] "GET /content/nav/relationSubject.jsp?relationWords=%E5%B0%8F%E8%91%A3%E5%A2%9F+%E9%99%B8%E6%B8%AC%E5%9C%96+&oid=218561 HTTP/1.1" 200 3129
66.249.71.72 - - [15/Feb/2016:05:16:14 +0800] "GET /content/nav/relationSubject.jsp?relationWords=%E5%B0%8F%E8%91%A3%E5%A2%9F%20%E9%99%B8%E6%B8%AC%E5%9C%96%20&oid=218561 HTTP/1.1" 200 3129
66.249.71.60 - - [15/Feb/2016:05:17:46 +0800] "GET /content/nav/relationSubject.jsp?relationWords=%E6%B8%85%E8%81%96%E7%A5%96%20&oid=16777381 HTTP/1.1" 200 2915
66.249.71.60 - - [15/Feb/2016:05:18:11 +0800] "GET /content/nav/relationSubject.jsp?relationWords=%E5%88%A9%E9%81%94%E8%88%8C%E9%B0%A8+%E8%88%8C%E9%B0%A8+%E9%B0%A8%E7%A7%91+&oid=1083390 HTTP/1.1" 200 3542
66.249.71.60 - - [15/Feb/2016:05:18:13 +0800] "GET /content/nav/relationSubject.jsp?relationWords=%E5%88%A9%E9%81%94%E8%88%8C%E9%B0%A8%20%E8%88%8C%E9%B0%A8%20%E9%B0%A8%E7%A7%91%20&oid=1083390 HTTP/1.1" 200 3542
66.249.71.60 - - [15/Feb/2016:05:18:55 +0800] "GET /content/nav/relationSubject.jsp?relationWords=%E6%97%A5%E6%9C%AC%E9%9B%99%E8%91%89%E8%98%AD+%E6%A4%8D%E7%89%A9%E7%95%8C+%E9%9B%99%E8%91%89%E8%98%AD%E5%B1%AC+&oid=3815490 HTTP/1.1" 200 3159
66.249.71.60 - - [15/Feb/2016:05:18:56 +0800] "GET /content/nav/relationSubject.jsp?relationWords=%E6%97%A5%E6%9C%AC%E9%9B%99%E8%91%89%E8%98%AD%20%E6%A4%8D%E7%89%A9%E7%95%8C%20%E9%9B%99%E8%91%89%E8%98%AD%E5%B1%AC%20&oid=3815490 HTTP/1.1" 200 3159
66.249.79.30 - - [15/Feb/2016:05:19:06 +0800] "GET /content/repository/resource_content.jsp?oid=14411&queryString=%E5%8F%B0%E7%81%A3%E9%8F%9F%E9%A0%9C%E9%AD%9A%20%E7%94%B2%E9%AD%9A%20%E7%99%BD%E7%94%B2%20%E9%AF%89%E7%A7%91%20%E9%BD%8A%E9%A0%AD%E5%81%8E HTTP/1.1" 200 35735
66.249.71.155 - - [15/Feb/2016:05:19:34 +0800] "GET /content/nav/relationSubject.jsp?relationWords=%E7%89%9B%E5%B0%BE%E9%AD%9A+%E7%89%9B%E5%B0%BE%E9%AD%9A%E7%A7%91+%E7%8B%97%E7%A5%88%E4%BB%94+%E7%9C%BC%E7%9C%B6%E7%89%9B%E5%B0%BE%E9%AD%9A+%E7%AB%B9%E7%94%B2+&oid=14922 HTTP/1.1" 200 3629
66.249.71.173 - - [15/Feb/2016:05:19:36 +0800] "GET /content/nav/relationSubject.jsp?relationWords=%E7%89%9B%E5%B0%BE%E9%AD%9A%20%E7%89%9B%E5%B0%BE%E9%AD%9A%E7%A7%91%20%E7%8B%97%E7%A5%88%E4%BB%94%20%E7%9C%BC%E7%9C%B6%E7%89%9B%E5%B0%BE%E9%AD%9A%20%E7%AB%B9%E7%94%B2%20&oid=14922 HTTP/1.1" 200 3629
66.249.77.97 - - [15/Feb/2016:05:20:35 +0800] "GET /content/repository/resource_content.jsp?oid=1834287&queryString=%E5%B4%96%E5%A2%93%20%E6%96%B0%E6%B4%A5%20%E6%96%B0%E6%B4%A5%E7%9F%B3%E5%87%BD%E7%95%AB%E8%B1%A1 HTTP/1.1" 200 32181
66.249.71.23 - - [15/Feb/2016:05:22:04 +0800] "GET /content/nav/relationSubject.jsp?relationWords=%E6%95%B8%E4%BD%8D%E5%85%B8%E8%97%8F+&oid=16777710 HTTP/1.1" 200 5879
66.249.71.64 - - [15/Feb/2016:05:22:05 +0800] "GET /content/repository/resource_content.jsp?oid=1104342&queryString=API%20%E6%A3%AE%E6%B0%8F%E7%95%B6%E6%AD%B8%20%E6%A4%8D%E7%89%A9%E7%95%8C%20%E7%95%B6%E6%AD%B8%E5%B1%AC%20%E7%B9%96%E5%BD%A2%E7%A7%91%20%E9%9B%99%E5%AD%90%E8%91%89%E6%A4%8D%E7%89%A9 HTTP/1.1" 200 31453
66.249.71.64 - - [15/Feb/2016:05:22:05 +0800] "GET /content/nav/relationSubject.jsp?relationWords=%E6%A4%8D%E7%89%A9%E7%95%8C+%E8%8C%85%E8%86%8F%E8%8F%9C%E5%B1%AC+%E8%8C%85%E8%86%8F%E8%8F%9C%E7%A7%91+%E9%95%B7%E8%91%89%E8%8C%85%E8%86%8F%E8%8F%9C+&oid=2143068 HTTP/1.1" 200 3340
66.249.71.14 - - [15/Feb/2016:05:22:06 +0800] "GET /content/nav/relationSubject.jsp?relationWords=%E6%95%B8%E4%BD%8D%E5%85%B8%E8%97%8F%20&oid=16777710 HTTP/1.1" 200 5879
66.249.71.60 - - [15/Feb/2016:05:22:08 +0800] "GET /content/nav/relationSubject.jsp?relationWords=%E6%A4%8D%E7%89%A9%E7%95%8C%20%E8%8C%85%E8%86%8F%E8%8F%9C%E5%B1%AC%20%E8%8C%85%E8%86%8F%E8%8F%9C%E7%A7%91%20%E9%95%B7%E8%91%89%E8%8C%85%E8%86%8F%E8%8F%9C%20&oid=2143068 HTTP/1.1" 200 3340
66.249.71.64 - - [15/Feb/2016:05:22:13 +0800] "GET /content/nav/relationSubject.jsp?relationWords=API+%E6%A3%AE%E6%B0%8F%E7%95%B6%E6%AD%B8+%E6%A4%8D%E7%89%A9%E7%95%8C+%E7%95%B6%E6%AD%B8%E5%B1%AC+%E7%B9%96%E5%BD%A2%E7%A7%91+%E9%9B%99%E5%AD%90%E8%91%89%E6%A4%8D%E7%89%A9+&oid=1104342 HTTP/1.1" 200 3399
66.249.74.98 - - [15/Feb/2016:05:22:15 +0800] "GET /content/nav/relationSubject.jsp?relationWords=%E5%8F%B2%E5%8D%9A%E9%A4%A8+%E6%AD%B7%E5%8F%B2%E5%8D%9A%E7%89%A9%E9%A4%A8+%E9%96%8B%E4%B8%AD+%E9%9B%86%E5%B9%A3%E5%8D%94%E6%9C%83+&oid=2470607 HTTP/1.1" 200 5515
66.249.74.100 - - [15/Feb/2016:05:23:35 +0800] "GET /content/repository/resource_content.jsp?oid=1104343&queryString=API%20%E6%A3%AE%E6%B0%8F%E7%95%B6%E6%AD%B8%20%E6%A4%8D%E7%89%A9%E7%95%8C%20%E7%95%B6%E6%AD%B8%E5%B1%AC%20%E7%B9%96%E5%BD%A2%E7%A7%91%20%E9%9B%99%E5%AD%90%E8%91%89%E6%A4%8D%E7%89%A9 HTTP/1.1" 200 31452
66.249.71.60 - - [15/Feb/2016:05:23:43 +0800] "GET /content/nav/relationSubject.jsp?relationWords=API+%E6%A3%AE%E6%B0%8F%E7%95%B6%E6%AD%B8+%E6%A4%8D%E7%89%A9%E7%95%8C+%E7%95%B6%E6%AD%B8%E5%B1%AC+%E7%B9%96%E5%BD%A2%E7%A7%91+%E9%9B%99%E5%AD%90%E8%91%89%E6%A4%8D%E7%89%A9+&oid=1104343 HTTP/1.1" 200 3399
66.249.71.60 - - [15/Feb/2016:05:23:45 +0800] "GET /content/nav/relationSubject.jsp?relationWords=API%20%E6%A3%AE%E6%B0%8F%E7%95%B6%E6%AD%B8%20%E6%A4%8D%E7%89%A9%E7%95%8C%20%E7%95%B6%E6%AD%B8%E5%B1%AC%20%E7%B9%96%E5%BD%A2%E7%A7%91%20%E9%9B%99%E5%AD%90%E8%91%89%E6%A4%8D%E7%89%A9%20&oid=1104343 HTTP/1.1" 200 3399
68.180.228.24 - - [15/Feb/2016:05:24:11 +0800] "GET /content/subject/resource_content.jsp?oid=16797258&queryType=qc HTTP/1.1" 200 56110
66.249.71.60 - - [15/Feb/2016:05:24:27 +0800] "GET /content/nav/relationSubject.jsp?relationWords=&oid=2633388 HTTP/1.1" 200 1405
66.249.71.60 - - [15/Feb/2016:05:25:04 +0800] "GET /content/repository/resource_content.jsp?oid=1111151&queryString=API%20%E6%A3%AE%E6%B0%8F%E7%95%B6%E6%AD%B8%20%E6%A4%8D%E7%89%A9%E7%95%8C%20%E7%95%B6%E6%AD%B8%E5%B1%AC%20%E7%B9%96%E5%BD%A2%E7%A7%91%20%E9%9B%99%E5%AD%90%E8%91%89%E6%A4%8D%E7%89%A9 HTTP/1.1" 200 31744
66.249.71.60 - - [15/Feb/2016:05:25:10 +0800] "GET /content/nav/relationSubject.jsp?relationWords=API+%E6%A3%AE%E6%B0%8F%E7%95%B6%E6%AD%B8+%E6%A4%8D%E7%89%A9%E7%95%8C+%E7%95%B6%E6%AD%B8%E5%B1%AC+%E7%B9%96%E5%BD%A2%E7%A7%91+%E9%9B%99%E5%AD%90%E8%91%89%E6%A4%8D%E7%89%A9+&oid=1111151 HTTP/1.1" 200 3399
66.249.71.60 - - [15/Feb/2016:05:25:13 +0800] "GET /content/nav/relationSubject.jsp?relationWords=API%20%E6%A3%AE%E6%B0%8F%E7%95%B6%E6%AD%B8%20%E6%A4%8D%E7%89%A9%E7%95%8C%20%E7%95%B6%E6%AD%B8%E5%B1%AC%20%E7%B9%96%E5%BD%A2%E7%A7%91%20%E9%9B%99%E5%AD%90%E8%91%89%E6%A4%8D%E7%89%A9%20&oid=1111151 HTTP/1.1" 200 3399
66.249.71.60 - - [15/Feb/2016:05:26:34 +0800] "GET /content/repository/resource_content.jsp?oid=15432&queryString=%E7%99%BD%E9%A0%B8%E8%B5%A4%E5%B0%BE%E5%86%AC%20%E7%B4%85%E6%B5%B7%E9%AF%BD%20%E8%B5%A4%E5%B0%BE%E5%86%AC%E4%BB%94%20%E9%87%91%E7%B7%9A%E9%AD%9A%E7%A7%91 HTTP/1.1" 200 35160
68.180.228.24 - - [15/Feb/2016:05:27:02 +0800] "GET /content/subject/resource_content.jsp?oid=16777432&queryType=qc HTTP/1.1" 200 28844
66.249.71.72 - - [15/Feb/2016:05:28:03 +0800] "GET /content/repository/resource_content.jsp?oid=3817322&queryString=%E6%A4%8D%E7%89%A9%E7%95%8C%20%E7%8E%84%E5%8F%83%20%E7%8E%84%E5%8F%83%E5%B1%AC%20%E7%8E%84%E5%8F%83%E7%A7%91%20%E9%9B%99%E9%8B%B8%E8%91%89%E7%8E%84%E5%8F%83%20%E9%9B%99%E9%8B%B8%E9%BD%92%E7%8E%84%E5%8F%83 HTTP/1.1" 200 32122
66.249.71.50 - - [15/Feb/2016:05:29:07 +0800] "GET /content/nav/relationSubject.jsp?relationWords=%E6%9D%9C%E6%B8%85+%E6%9D%9C%E7%A3%81+%E6%9D%9C%E9%A6%99%E5%9C%8B+&oid=1887732 HTTP/1.1" 200 3177
66.249.71.50 - - [15/Feb/2016:05:29:10 +0800] "GET /content/nav/relationSubject.jsp?relationWords=%E6%9D%9C%E6%B8%85%20%E6%9D%9C%E7%A3%81%20%E6%9D%9C%E9%A6%99%E5%9C%8B%20&oid=1887732 HTTP/1.1" 200 3177
66.249.77.85 - - [15/Feb/2016:05:29:33 +0800] "GET /content/repository/resource_content.jsp?oid=2667435&queryString=%E8%B2%A2%E6%A5%9A%E5%85%8B%E6%89%8E%E5%B8%83 HTTP/1.1" 200 30691
66.249.71.64 - - [15/Feb/2016:05:30:39 +0800] "GET /content/repository/resource_content.jsp?oid=1174232 HTTP/1.1" 200 28840
66.249.71.64 - - [15/Feb/2016:05:30:57 +0800] "GET /content/nav/relationSubject.jsp?relationWords=&oid=1174232 HTTP/1.1" 200 1405
66.249.71.60 - - [15/Feb/2016:05:31:02 +0800] "GET /content/repository/resource_content.jsp?oid=1621046 HTTP/1.1" 200 28509
66.249.71.60 - - [15/Feb/2016:05:31:43 +0800] "GET /content/nav/relationSubject.jsp?relationWords=%E5%8D%B0%E5%BA%A6%E5%B0%8F%E5%85%AC%E9%AD%9A+%E9%AF%B7%E7%A7%91+&oid=21375 HTTP/1.1" 200 3302
66.249.71.60 - - [15/Feb/2016:05:31:47 +0800] "GET /content/nav/relationSubject.jsp?relationWords=%E5%8D%B0%E5%BA%A6%E5%B0%8F%E5%85%AC%E9%AD%9A%20%E9%AF%B7%E7%A7%91%20&oid=21375 HTTP/1.1" 200 3302
66.249.77.85 - - [15/Feb/2016:05:34:01 +0800] "GET /content/nav/relationSubject.jsp?relationWords=&oid=4362232 HTTP/1.1" 200 1405
66.249.77.85 - - [15/Feb/2016:05:34:02 +0800] "GET /content/repository/resource_content.jsp?oid=1124521&queryString=%E7%AD%89%E9%82%8A%E8%9B%A4%20%E7%B0%BE%E8%9B%A4%E7%9B%AE%20%E7%B0%BE%E8%9B%A4%E7%A7%91%20%E8%8A%B1%E8%9B%A4%20%E8%8A%B1%E8%9B%A4%E4%BB%94%20%E9%9B%99%E6%AE%BC%E7%B6%B1 HTTP/1.1" 200 36205
66.249.71.64 - - [15/Feb/2016:05:35:31 +0800] "GET /content/repository/resource_content.jsp?oid=2470509&queryString=%E8%87%BA%E7%81%A3%E6%96%87%E5%AD%B8 HTTP/1.1" 200 30652
66.249.71.113 - - [15/Feb/2016:05:35:48 +0800] "GET /content/nav/relationSubject.jsp?relationWords=%E4%B8%AD%E5%B0%8F%E4%BC%81%E6%A5%AD+%E4%B8%AD%E8%88%88%E7%B4%99%E6%A5%AD+%E4%BA%BA%E5%A3%BD%E4%BF%9D%E9%9A%AA+%E4%BF%A1%E8%A8%97%E6%8A%95%E8%B3%87%E5%85%AC%E5%8F%B8+%E5%85%AC%E5%8F%B8%E8%B2%A0%E8%B2%AC%E4%BA%BA+%E5%85%AC%E7%87%9F%E4%BA%8B%E6%A5%AD+%E5%8B%9E%E5%B7%A5%E4%BF%9D%E9%9A%AA+%E5%90%88%E4%BD%9C%E9%87%91%E5%BA%AB+%E5%94%90%E6%A6%AE+%E5%9A%B4%E9%9B%8B%E6%B3%B0+%E5%9C%8B%E8%88%88+%E5%9C%9F%E5%9C%B0%E9%8A%80%E8%A1%8C+%E5%9C%9F%E5%9C%B0%E9%96%8B%E7%99%BC+%E5%9F%BA%E9%9A%86%E6%B8%AF%E5%8B%99%E5%B1%80+%E5%AE%A2%E9%81%8B+%E5%BC%B5%E6%96%AF%E6%95%8F+%E5%BD%B0%E5%8C%96%E9%8A%80%E8%A1%8C+%E6%96%87%E8%AC%99+%E6%96%B0%E7%94%9F%E5%A0%B1+%E6%96%B0%E8%81%9E%E8%99%95+%E6%98%8E%E5%A0%B1+%E6%9B%BE%E6%96%87%E6%B0%B4%E5%BA%AB+%E6%9C%83%E8%AD%B0%E5%AE%A4+%E6%9C%83%E8%AD%B0%E7%B4%80%E9%8C%84+%E6%A9%9F%E6%A2%B0+%E6%AD%90%E5%A0%85%E5%A3%AF+%E6%AD%A3%E6%98%8E+%E6%B0%B4%E5%85%AC%E5%8F%B8+%E6%B5%A9%E7%84%B6+%E7%89%A9%E8%B3%87%E5%B1%80+%E7%94%A2%E7%89%A9%E4%BF%9D%E9%9A%AA+%E7%9C%81%E6%94%BF%E5%BA%9C+%E7%9F%B3%E9%96%80%E6%B0%B4%E5%BA%AB+%E7%A1%AB%E9%85%B8%E9%8C%8F+%E7%AC%AC%E4%B8%80%E9%8A%80%E8%A1%8C+%E7%B3%A7%E9%A3%9F%E5%B1%80+%E8%87%AA%E4%BE%86%E6%B0%B4+%E8%87%BA%E4%B8%AD%E6%B8%AF+%E8%87%BA%E7%81%A3%E4%BA%BA%E5%A3%BD+%E8%87%BA%E7%81%A3%E6%9B%B8%E5%BA%97+%E8%87%BA%E7%81%A3%E7%B3%96%E6%A5%AD%E5%85%AC%E5%8F%B8+%E8%87%BA%E7%81%A3%E8%88%AA%E6%A5%AD%E5%85%AC%E5%8F%B8+%E8%87%BA%E7%81%A3%E9%8A%80%E8%A1%8C+%E8%87%BA%E7%81%A3%E9%9B%BB%E5%8A%9B%E5%85%AC%E5%8F%B8+%E8%8A%B1%E8%93%AE%E6%B8%AF%E5%8B%99%E5%B1%80+%E8%8C%82%E8%88%88+%E8%8F%AF%E5%8D%97%E9%8A%80%E8%A1%8C+%E8%8F%B8%E9%85%92%E5%85%AC%E8%B3%A3%E5%B1%80+%E8%AD%B0%E9%95%B7+%E8%B2%A0%E8%B2%AC%E4%BA%BA+%E9%84%AD%E4%B8%96%E6%B4%A5+%E9%8C%A6%E5%9C%B0+%E9%90%B5%E5%B7%A5%E5%BB%A0+%E9%99%B3%E9%A1%AF+%E9%A0%90%E7%AE%97+%E9%AB%98%E9%9B%84%E6%B8%AF+%E9%BB%83%E9%8C%A6%E6%A6%AE+&oid=1590877 HTTP/1.1" 200 7632
66.249.71.105 - - [15/Feb/2016:05:35:50 +0800] "GET /content/nav/relationSubject.jsp?relationWords=%E4%B8%AD%E5%B0%8F%E4%BC%81%E6%A5%AD%20%E4%B8%AD%E8%88%88%E7%B4%99%E6%A5%AD%20%E4%BA%BA%E5%A3%BD%E4%BF%9D%E9%9A%AA%20%E4%BF%A1%E8%A8%97%E6%8A%95%E8%B3%87%E5%85%AC%E5%8F%B8%20%E5%85%AC%E5%8F%B8%E8%B2%A0%E8%B2%AC%E4%BA%BA%20%E5%85%AC%E7%87%9F%E4%BA%8B%E6%A5%AD%20%E5%8B%9E%E5%B7%A5%E4%BF%9D%E9%9A%AA%20%E5%90%88%E4%BD%9C%E9%87%91%E5%BA%AB%20%E5%94%90%E6%A6%AE%20%E5%9A%B4%E9%9B%8B%E6%B3%B0%20%E5%9C%8B%E8%88%88%20%E5%9C%9F%E5%9C%B0%E9%8A%80%E8%A1%8C%20%E5%9C%9F%E5%9C%B0%E9%96%8B%E7%99%BC%20%E5%9F%BA%E9%9A%86%E6%B8%AF%E5%8B%99%E5%B1%80%20%E5%AE%A2%E9%81%8B%20%E5%BC%B5%E6%96%AF%E6%95%8F%20%E5%BD%B0%E5%8C%96%E9%8A%80%E8%A1%8C%20%E6%96%87%E8%AC%99%20%E6%96%B0%E7%94%9F%E5%A0%B1%20%E6%96%B0%E8%81%9E%E8%99%95%20%E6%98%8E%E5%A0%B1%20%E6%9B%BE%E6%96%87%E6%B0%B4%E5%BA%AB%20%E6%9C%83%E8%AD%B0%E5%AE%A4%20%E6%9C%83%E8%AD%B0%E7%B4%80%E9%8C%84%20%E6%A9%9F%E6%A2%B0%20%E6%AD%90%E5%A0%85%E5%A3%AF%20%E6%AD%A3%E6%98%8E%20%E6%B0%B4%E5%85%AC%E5%8F%B8%20%E6%B5%A9%E7%84%B6%20%E7%89%A9%E8%B3%87%E5%B1%80%20%E7%94%A2%E7%89%A9%E4%BF%9D%E9%9A%AA%20%E7%9C%81%E6%94%BF%E5%BA%9C%20%E7%9F%B3%E9%96%80%E6%B0%B4%E5%BA%AB%20%E7%A1%AB%E9%85%B8%E9%8C%8F%20%E7%AC%AC%E4%B8%80%E9%8A%80%E8%A1%8C%20%E7%B3%A7%E9%A3%9F%E5%B1%80%20%E8%87%AA%E4%BE%86%E6%B0%B4%20%E8%87%BA%E4%B8%AD%E6%B8%AF%20%E8%87%BA%E7%81%A3%E4%BA%BA%E5%A3%BD%20%E8%87%BA%E7%81%A3%E6%9B%B8%E5%BA%97%20%E8%87%BA%E7%81%A3%E7%B3%96%E6%A5%AD%E5%85%AC%E5%8F%B8%20%E8%87%BA%E7%81%A3%E8%88%AA%E6%A5%AD%E5%85%AC%E5%8F%B8%20%E8%87%BA%E7%81%A3%E9%8A%80%E8%A1%8C%20%E8%87%BA%E7%81%A3%E9%9B%BB%E5%8A%9B%E5%85%AC%E5%8F%B8%20%E8%8A%B1%E8%93%AE%E6%B8%AF%E5%8B%99%E5%B1%80%20%E8%8C%82%E8%88%88%20%E8%8F%AF%E5%8D%97%E9%8A%80%E8%A1%8C%20%E8%8F%B8%E9%85%92%E5%85%AC%E8%B3%A3%E5%B1%80%20%E8%AD%B0%E9%95%B7%20%E8%B2%A0%E8%B2%AC%E4%BA%BA%20%E9%84%AD%E4%B8%96%E6%B4%A5%20%E9%8C%A6%E5%9C%B0%20%E9%90%B5%E5%B7%A5%E5%BB%A0%20%E9%99%B3%E9%A1%AF%20%E9%A0%90%E7%AE%97%20%E9%AB%98%E9%9B%84%E6%B8%AF%20%E9%BB%83%E9%8C%A6%E6%A6%AE%20&oid=1590877 HTTP/1.1" 200 7632
66.249.71.60 - - [15/Feb/2016:05:37:01 +0800] "GET /content/subject/resource_content.jsp?oid=16777379&queryString=%E5%8F%B0%E7%81%A3%E6%9C%AC%E5%9C%9F%E6%A4%8D%E7%89%A9%20%E6%95%B8%E4%BD%8D%E5%85%B8%E8%97%8F HTTP/1.1" 200 43493
66.249.71.72 - - [15/Feb/2016:05:38:31 +0800] "GET /content/repository/resource_content.jsp?oid=1104121&queryString=%E5%8F%B0%E7%81%A3%E8%92%B2%E5%85%AC%E8%8B%B1%20%E6%A4%8D%E7%89%A9%E7%95%8C%20%E8%8F%8A%E7%A7%91%20%E8%92%B2%E5%85%AC%E8%8B%B1%E5%B1%AC%20%E9%9B%99%E5%AD%90%E8%91%89%E6%A4%8D%E7%89%A9 HTTP/1.1" 200 31392
66.249.71.50 - - [15/Feb/2016:05:39:00 +0800] "GET /content/nav/relationSubject.jsp?relationWords=%E4%B8%AD%E5%9C%8B%E5%9C%8B%E6%B0%91%E9%BB%A8+%E4%BF%9D%E5%AE%89%E5%8F%B8+%E5%8F%B8%E4%BB%A4%E9%83%A8+%E8%87%BA%E7%81%A3%E7%9C%81+%E8%87%BA%E7%81%A3%E7%9C%81%E5%8F%83%E8%AD%B0%E6%9C%83+%E8%88%9F%E5%B1%B1+&oid=1516921 HTTP/1.1" 200 4653
66.249.71.50 - - [15/Feb/2016:05:39:04 +0800] "GET /content/nav/relationSubject.jsp?relationWords=%E4%B8%AD%E5%9C%8B%E5%9C%8B%E6%B0%91%E9%BB%A8%20%E4%BF%9D%E5%AE%89%E5%8F%B8%20%E5%8F%B8%E4%BB%A4%E9%83%A8%20%E8%87%BA%E7%81%A3%E7%9C%81%20%E8%87%BA%E7%81%A3%E7%9C%81%E5%8F%83%E8%AD%B0%E6%9C%83%20%E8%88%9F%E5%B1%B1%20&oid=1516921 HTTP/1.1" 200 4653
66.249.71.60 - - [15/Feb/2016:05:40:00 +0800] "GET /content/subject/resource_content.jsp?oid=16797242&queryType=qc HTTP/1.1" 200 46766
66.249.71.64 - - [15/Feb/2016:05:41:30 +0800] "GET /content/subject/resource_content.jsp?oid=16777382&queryString=%E5%8F%B0%E7%81%A3%E6%9C%AC%E5%9C%9F%E6%A4%8D%E7%89%A9%20%E6%95%B8%E4%BD%8D%E5%85%B8%E8%97%8F HTTP/1.1" 200 30981
66.249.71.72 - - [15/Feb/2016:05:42:59 +0800] "GET /content/subject/resource_content.jsp?oid=16777382&queryString=%E5%85%AC%E6%B0%91%E6%96%B0%E8%81%9E%20%E6%95%B8%E4%BD%8D%E5%85%B8%E8%97%8F%20%E9%9B%BB%E5%AD%90%E5%A0%B1 HTTP/1.1" 200 30981
66.249.74.100 - - [15/Feb/2016:05:44:30 +0800] "GET /content/subject/resource_content.jsp?oid=16777366&queryString=%E5%85%AC%E6%B0%91%E6%96%B0%E8%81%9E%20%E6%95%B8%E4%BD%8D%E5%85%B8%E8%97%8F%20%E9%9B%BB%E5%AD%90%E5%A0%B1 HTTP/1.1" 200 34940
207.46.13.46 - - [15/Feb/2016:05:44:36 +0800] "GET /content/tmp_auth/resource_content.jsp?oid=16777467 HTTP/1.1" 200 61817
66.249.74.72 - - [15/Feb/2016:05:45:28 +0800] "GET /digiarch3/content/nav/relationSubject.jsp?relationWords=%E6%95%88%E7%8E%87%E6%A1%88+%E7%9C%81%E6%94%BF%E5%BA%9C+%E8%87%BA%E4%B8%AD%E7%B8%A3%E8%AD%B0%E6%9C%83+%E8%87%BA%E7%81%A3%E7%9C%81%E6%94%BF%E5%BA%9C+%E9%9C%A7%E5%B3%B0%E9%84%89+%E9%BB%83%E7%81%AB%E6%97%BA+&oid=1522694 HTTP/1.1" 200 4767
66.249.71.5 - - [15/Feb/2016:05:45:30 +0800] "GET /digiarch3/content/nav/relationSubject.jsp?relationWords=%E6%95%88%E7%8E%87%E6%A1%88%20%E7%9C%81%E6%94%BF%E5%BA%9C%20%E8%87%BA%E4%B8%AD%E7%B8%A3%E8%AD%B0%E6%9C%83%20%E8%87%BA%E7%81%A3%E7%9C%81%E6%94%BF%E5%BA%9C%20%E9%9C%A7%E5%B3%B0%E9%84%89%20%E9%BB%83%E7%81%AB%E6%97%BA%20&oid=1522694 HTTP/1.1" 200 4767
141.8.132.82 - - [15/Feb/2016:05:45:48 +0800] "GET /content/subject/resource_content.jsp?oid=16777407&queryType=qc HTTP/1.1" 200 31976
66.249.71.72 - - [15/Feb/2016:05:45:59 +0800] "GET /content/repository/resource_content.jsp?oid=1112772&queryString=%E5%9E%82%E6%9E%9D%E7%9F%B3%E6%9D%BE%20%E7%9F%B3%E6%9D%BE%E5%B1%AC HTTP/1.1" 200 30275
68.180.228.24 - - [15/Feb/2016:05:47:07 +0800] "GET /content/tmp_exh/resource_content.jsp?oid=16777799&queryType=qc%201889 HTTP/1.1" 200 27807
66.249.71.64 - - [15/Feb/2016:05:47:28 +0800] "GET /content/repository/resource_content.jsp?oid=1112514 HTTP/1.1" 200 31567
207.46.13.46 - - [15/Feb/2016:05:47:35 +0800] "GET /content/tmp_auth/resource_content.jsp?oid=16777373 HTTP/1.1" 200 26943
68.180.228.24 - - [15/Feb/2016:05:48:28 +0800] "GET /content/repository/resource_content.jsp?oid=1783263&queryString=%E6%B3%B0%E9%9B%85%20%E6%B3%B0%E9%9B%85%E6%97%8F%20%E6%BF%BE%E9%85%92%E5%99%A8%20%E9%85%92%E5%99%A8 HTTP/1.1" 200 28212
207.46.13.46 - - [15/Feb/2016:05:48:36 +0800] "GET /content/subject/resource_content.jsp?oid=16777780&queryType=qc HTTP/1.1" 200 33936
207.46.13.46 - - [15/Feb/2016:05:48:56 +0800] "GET /content/subject/resource_content.jsp?oid=16777535&queryType=qc HTTP/1.1" 200 35604
193.0.152.59 - - [15/Feb/2016:05:49:14 +0800] "GET /content/subject/resource_content.jsp?oid=16777314'A=0 HTTP/1.1" 200 28118
207.46.13.46 - - [15/Feb/2016:05:49:36 +0800] "GET /content/subject/resource_content.jsp?oid=16777514&queryString=+???????ขX?++???????ขX? HTTP/1.1" 200 43243
66.249.74.76 - - [15/Feb/2016:05:50:07 +0800] "GET /digiarch3/content/nav/relationSubject.jsp?relationWords=%E6%A4%8D%E7%89%A9%E7%95%8C+%E6%B0%B4%E9%BB%83%E7%9A%AE+%E8%A0%B6%E8%B1%86+%E9%9B%99%E5%AD%90%E8%91%89%E6%A4%8D%E7%89%A9+&oid=3819243 HTTP/1.1" 200 4090
66.249.71.14 - - [15/Feb/2016:05:50:11 +0800] "GET /digiarch3/content/nav/relationSubject.jsp?relationWords=%E6%A4%8D%E7%89%A9%E7%95%8C%20%E6%B0%B4%E9%BB%83%E7%9A%AE%20%E8%A0%B6%E8%B1%86%20%E9%9B%99%E5%AD%90%E8%91%89%E6%A4%8D%E7%89%A9%20&oid=3819243 HTTP/1.1" 200 4090
66.249.71.60 - - [15/Feb/2016:05:50:28 +0800] "GET /content/repository/resource_content.jsp?oid=1610440&queryString=%E6%B3%B0%E9%9B%85%E6%97%8F%20%E7%9B%9B%E5%85%B7%20%E7%BD%AE%E7%89%A9 HTTP/1.1" 200 30285
198.50.129.9 - - [15/Feb/2016:05:50:29 +0800] "GET /content/subject/resource_content.jsp?oid=16777354'A=0&queryType=qc HTTP/1.1" 500 15712
207.46.13.46 - - [15/Feb/2016:05:51:37 +0800] "GET /content/subject/resource_content.jsp?oid=16777490&queryType=qc HTTP/1.1" 200 37184
66.249.71.60 - - [15/Feb/2016:05:51:57 +0800] "GET /content/repository/resource_content.jsp?oid=2647667&queryString=%E4%BA%BA%E5%90%8D%E6%AC%8A%E5%A8%81%20%E6%AF%94%E5%88%A9%E6%99%82%20%E6%B1%AA%E6%A6%AE%E5%AF%B6 HTTP/1.1" 200 29917
207.46.13.46 - - [15/Feb/2016:05:52:18 +0800] "GET /content/subject/resource_content.jsp?oid=16777472&queryString=%E5%A4%9A%E6%A8%A3%E6%80%A7 HTTP/1.1" 200 64957
66.249.77.85 - - [15/Feb/2016:05:53:29 +0800] "GET /content/subject/resource_content.jsp?oid=16777387&queryType=qc HTTP/1.1" 200 34481
66.249.77.97 - - [15/Feb/2016:05:54:56 +0800] "GET /content/repository/resource_content.jsp?oid=1569070&queryType=qs&queryString=%E9%96%A9%E5%8D%97%E8%AA%9E HTTP/1.1" 200 32565
207.46.13.46 - - [15/Feb/2016:05:54:58 +0800] "GET /content/subject/resource_content.jsp?oid=16777393&queryType=qc HTTP/1.1" 200 27881
207.46.13.46 - - [15/Feb/2016:05:55:16 +0800] "GET /content/subject/resource_content.jsp?oid=16777348 HTTP/1.1" 200 47950
66.249.71.60 - - [15/Feb/2016:05:56:00 +0800] "GET /content/nav/relationSubject.jsp?relationWords=%E5%81%87%E7%A6%8F%E7%8E%8B%E8%8D%89%E5%B1%AC+%E5%B1%B1%E8%8B%A6%E8%97%9A+%E6%A4%8D%E7%89%A9%E7%95%8C+%E8%8F%8A%E7%A7%91+%E9%9B%99%E5%AD%90%E8%91%89%E6%A4%8D%E7%89%A9+&oid=1106389 HTTP/1.1" 200 3431
66.249.77.85 - - [15/Feb/2016:05:56:26 +0800] "GET /content/repository/resource_content.jsp?oid=2669572&queryType=qs&queryString=%E8%80%83%E5%8A%9F%E5%8F%B8 HTTP/1.1" 200 30276
66.249.71.72 - - [15/Feb/2016:05:57:56 +0800] "GET /content/repository/resource_content.jsp?oid=2676341&queryType=qs&queryString=%E5%9F%8E%E5%AE%88 HTTP/1.1" 200 30533
157.55.39.31 - - [15/Feb/2016:05:58:35 +0800] "GET /digiarch_en/content/repository/resource_content.jsp?oid=1591895&queryString=%E6%96%87%E5%8C%96%E4%B8%AD%E5%BF%83 HTTP/1.1" 200 36831
