66.249.71.14 - - [08/Jan/2016:00:00:11 +0800] "GET /digiarch3/content/subject/resource_content.jsp?oid=16777493&queryType=qs&queryString=%E7%AF%80%E8%83%BD%E6%B8%9B%E7%A2%B3 HTTP/1.1" 200 48193
157.55.39.95 - - [08/Jan/2016:00:00:42 +0800] "GET /content/subject/resource_content.jsp?oid=16777734&queryType=qc HTTP/1.1" 200 40302
66.249.74.59 - - [08/Jan/2016:00:00:56 +0800] "GET /content/nav/relationSubject.jsp?relationWords=%E6%97%A5%E6%9C%AC%E7%83%8F%E9%AD%B4+%E6%B7%B1%E6%B5%B7%E4%B8%89%E8%A7%92%E4%BB%94+%E7%83%8F%E9%AD%B4+%E9%BB%91%E7%9A%AE%E5%88%80+%E9%BB%91%E9%A3%9B%E5%88%80+&oid=15282 HTTP/1.1" 200 3654
66.249.71.105 - - [08/Jan/2016:00:00:59 +0800] "GET /content/nav/relationSubject.jsp?relationWords=%E6%97%A5%E6%9C%AC%E7%83%8F%E9%AD%B4%20%E6%B7%B1%E6%B5%B7%E4%B8%89%E8%A7%92%E4%BB%94%20%E7%83%8F%E9%AD%B4%20%E9%BB%91%E7%9A%AE%E5%88%80%20%E9%BB%91%E9%A3%9B%E5%88%80%20&oid=15282 HTTP/1.1" 200 3654
66.249.71.60 - - [08/Jan/2016:00:01:08 +0800] "GET /digiarch_en/content/repository/resource_content.jsp?oid=15867&queryString=%E6%B2%99%E9%B1%B8%20%E6%B5%B7%E7%8B%97%E7%94%98%E4%BB%94%20%E7%8B%97%E6%AF%8D%20%E7%8B%97%E7%94%98%E4%BB%94%20%E8%88%89%E7%9B%AE%E9%AD%9A%20%E8%8A%B1%E7%8B%97%E6%AF%8D%20%E8%8A%B1%E7%8B%97%E6%AF%8D%E6%B5%B7%20%E9%9B%A8%E5%82%98%E9%96%82 HTTP/1.1" 200 25710
40.77.167.5 - - [08/Jan/2016:00:01:16 +0800] "GET /content/subject/resource_content.jsp?oid=16777568&queryType=qc HTTP/1.1" 200 34862
157.55.39.95 - - [08/Jan/2016:00:01:37 +0800] "GET /content/subject/resource_content.jsp?oid=16777470&queryType=qc HTTP/1.1" 200 29361
66.249.77.85 - - [08/Jan/2016:00:01:37 +0800] "GET /content/subject/resource_content.jsp?oid=16777508&queryType=qs&queryString=%E6%9D%B1%E5%8D%97%E4%BA%9E HTTP/1.1" 200 36255
66.249.71.121 - - [08/Jan/2016:00:01:56 +0800] "GET /content/nav/relationSubject.jsp?relationWords=&oid=2582422 HTTP/1.1" 200 1405
66.249.74.102 - - [08/Jan/2016:00:01:59 +0800] "GET /digiarch_en/content/repository/resource_content.jsp?oid=4636727&queryString=%E5%B9%B3%E9%B0%AD%E9%B0%8D%E7%A7%91%20%E7%9F%B3%E8%B2%BC%E4%BB%94 HTTP/1.1" 200 26095
66.249.71.60 - - [08/Jan/2016:00:02:05 +0800] "GET /content/repository/resource_content.jsp?oid=4364577&queryString=%E5%85%A7%E6%94%BF%E9%83%A8%20%E5%85%AC%E5%8B%99%E4%BA%BA%E5%93%A1%20%E5%85%AC%E5%8B%99%E5%93%A1%20%E5%AE%B6%E9%95%B7%E6%9C%83%20%E6%95%99%E5%B8%AB%E7%AF%80%20%E7%A7%91%E9%95%B7%20%E7%B4%80%E5%BF%B5%E6%97%A5 HTTP/1.1" 200 29495
157.55.39.95 - - [08/Jan/2016:00:02:16 +0800] "GET /content/subject/resource_content.jsp?oid=16777746&queryType=qc HTTP/1.1" 200 39168
66.249.71.173 - - [08/Jan/2016:00:03:02 +0800] "GET /content/repository/resource_content.jsp?oid=1099212&queryString=%E8%8A%B1%E8%94%93%20%E8%94%93%E6%BE%A4%E8%98%AD HTTP/1.1" 200 31335
157.55.39.95 - - [08/Jan/2016:00:03:16 +0800] "GET /content/subject/resource_content.jsp?oid=16777841&queryType=qc HTTP/1.1" 200 27539
66.249.71.23 - - [08/Jan/2016:00:03:30 +0800] "GET /digiarch3/content/nav/relationSubject.jsp?relationWords=%E6%8F%90%E7%9D%A3+&oid=2613653 HTTP/1.1" 200 3993
66.249.77.85 - - [08/Jan/2016:00:03:31 +0800] "GET /content/repository/resource_content.jsp?oid=1108940&queryType=qs&queryString=%E9%A6%AC%E8%B9%84%E8%8A%B1 HTTP/1.1" 200 31216
66.249.71.5 - - [08/Jan/2016:00:03:33 +0800] "GET /digiarch3/content/nav/relationSubject.jsp?relationWords=%E6%8F%90%E7%9D%A3%20&oid=2613653 HTTP/1.1" 200 3993
66.249.71.105 - - [08/Jan/2016:00:03:56 +0800] "GET /content/repository/resource_content.jsp?oid=4354656&queryType=qs&queryString=%E9%A0%AD%E5%86%A0 HTTP/1.1" 200 34285
66.249.71.72 - - [08/Jan/2016:00:03:59 +0800] "GET /content/repository/resource_content.jsp?oid=1890679&queryType=qs&queryString=%E9%8C%84%E9%9F%B3%E5%B8%B6 HTTP/1.1" 200 28797
220.181.108.117 - - [08/Jan/2016:00:04:14 +0800] "GET /content/repository/resource_content.jsp?oid=1869945 HTTP/1.1" 200 30361
40.77.167.5 - - [08/Jan/2016:00:04:20 +0800] "GET /content/subject/resource_content.jsp?oid=16777469&queryType=qc HTTP/1.1" 200 31173
66.249.71.64 - - [08/Jan/2016:00:04:28 +0800] "GET /content/repository/resource_content.jsp?oid=1896004 HTTP/1.1" 200 28743
66.249.71.60 - - [08/Jan/2016:00:04:57 +0800] "GET /content/repository/resource_content.jsp?oid=15574&queryString=%E4%B8%89%E7%88%AA%E4%BB%94%20%E4%B8%89%E7%B7%9A%E9%9B%9E%E9%AD%9A%20%E7%9F%B3%E9%B1%B8%20%E9%9B%9E%E4%BB%94%E9%AD%9A%20%E9%9B%9E%E9%AD%9A%20%E9%BB%83%E9%9B%9E%20%E9%BB%83%E9%9B%9E%E4%BB%94 HTTP/1.1" 200 34290
66.249.71.72 - - [08/Jan/2016:00:05:32 +0800] "GET /content/nav/relationSubject.jsp?relationWords=%E4%BA%A4%E9%80%9A%E8%99%95+%E6%97%97%E6%B4%A5+%E7%89%A1%E8%A0%A3+%E9%AB%98%E9%9B%84%E5%B8%82+&oid=1563348 HTTP/1.1" 200 3981
66.249.71.60 - - [08/Jan/2016:00:05:39 +0800] "GET /content/nav/relationSubject.jsp?relationWords=%E4%BA%A4%E9%80%9A%E8%99%95%20%E6%97%97%E6%B4%A5%20%E7%89%A1%E8%A0%A3%20%E9%AB%98%E9%9B%84%E5%B8%82%20&oid=1563348 HTTP/1.1" 200 3981
66.249.71.72 - - [08/Jan/2016:00:05:53 +0800] "GET /content/subject/resource_content.jsp?oid=16777814&queryString=%E5%AF%A6%E9%A9%97%E6%9E%97%20%E8%87%BA%E5%A4%A7%20%E8%91%89%E6%B8%85 HTTP/1.1" 200 31129
66.249.74.72 - - [08/Jan/2016:00:05:54 +0800] "GET /digiarch3/content/repository/resource_content.jsp?oid=1099212&queryString=%E8%8A%B1%E8%94%93%20%E8%94%93%E6%BE%A4%E8%98%AD HTTP/1.1" 200 31333
66.249.71.60 - - [08/Jan/2016:00:06:23 +0800] "GET /content/repository/resource_content.jsp?oid=2679362&queryString=%E5%8A%AB%E5%8F%83%20%E5%B7%A1%E6%92%AB%20%E7%9B%A3%E7%94%9F%20%E9%98%B2%E6%96%87%E8%81%B7 HTTP/1.1" 200 30433
157.55.39.131 - - [08/Jan/2016:00:06:35 +0800] "GET /content/subject/resource_content.jsp?oid=16777840&queryType=qc> HTTP/1.1" 200 40649
66.249.71.14 - - [08/Jan/2016:00:06:36 +0800] "GET /digiarch3/content/nav/relationSubject.jsp?relationWords=%E6%A4%8D%E7%89%A9%E7%95%8C+%E8%8F%8A%E7%A7%91+%E8%94%93%E6%BE%A4%E8%98%AD+%E8%94%93%E6%BE%A4%E8%98%AD%E5%B1%AC+%E9%9B%99%E5%AD%90%E8%91%89%E6%A4%8D%E7%89%A9+&oid=1099212 HTTP/1.1" 200 4809
66.249.74.72 - - [08/Jan/2016:00:06:39 +0800] "GET /digiarch3/content/nav/relationSubject.jsp?relationWords=%E6%A4%8D%E7%89%A9%E7%95%8C%20%E8%8F%8A%E7%A7%91%20%E8%94%93%E6%BE%A4%E8%98%AD%20%E8%94%93%E6%BE%A4%E8%98%AD%E5%B1%AC%20%E9%9B%99%E5%AD%90%E8%91%89%E6%A4%8D%E7%89%A9%20&oid=1099212 HTTP/1.1" 200 4809
66.249.71.113 - - [08/Jan/2016:00:06:51 +0800] "GET /content/repository/resource_content.jsp?oid=2679092&queryType=qs&queryString=%E5%B7%A6%E5%AE%97%E6%A3%A0 HTTP/1.1" 200 30290
66.249.77.91 - - [08/Jan/2016:00:07:20 +0800] "GET /content/repository/resource_content.jsp?oid=1897846&queryString=%E5%85%AC%E5%85%B1%E5%B7%A5%E7%A8%8B%20%E5%AF%B6%E5%B1%B1%E6%B0%B4%E5%BA%AB%20%E5%BC%8A%E6%A1%88%20%E6%96%B0%E7%AB%B9%E7%81%AB%E8%BB%8A%E7%AB%99%20%E6%B0%B4%E6%AC%8A%20%E7%9F%B3%E9%96%80%E6%B0%B4%E5%BA%AB%20%E8%87%BA%E5%8C%97%E5%B8%82 HTTP/1.1" 200 30321
114.40.94.118 - - [08/Jan/2016:00:07:30 +0800] "GET /content/nav/relationSubject.jsp?relationWords=%E8%96%9C%E8%8D%94+&oid=16777485 HTTP/1.1" 200 3561
66.249.79.24 - - [08/Jan/2016:00:07:40 +0800] "GET /content/nav/relationSubject.jsp?relationWords=%E5%9B%BA%E5%AE%9A%E8%B3%87%E7%94%A2+%E5%9C%9F%E5%9C%B0%E9%8A%80%E8%A1%8C+%E5%9C%B0%E8%99%9F+%E8%87%BA%E5%8C%97%E5%B8%82+%E8%87%BA%E7%81%A3%E7%9C%81%E6%94%BF%E5%BA%9C+%E9%87%91%E4%BE%86+%E9%A0%90%E7%AE%97+%E9%AB%98%E9%9B%84%E5%B8%82+&oid=1897846 HTTP/1.1" 200 5659
66.249.77.85 - - [08/Jan/2016:00:07:46 +0800] "GET /content/nav/relationSubject.jsp?relationWords=%E5%9B%BA%E5%AE%9A%E8%B3%87%E7%94%A2%20%E5%9C%9F%E5%9C%B0%E9%8A%80%E8%A1%8C%20%E5%9C%B0%E8%99%9F%20%E8%87%BA%E5%8C%97%E5%B8%82%20%E8%87%BA%E7%81%A3%E7%9C%81%E6%94%BF%E5%BA%9C%20%E9%87%91%E4%BE%86%20%E9%A0%90%E7%AE%97%20%E9%AB%98%E9%9B%84%E5%B8%82%20&oid=1897846 HTTP/1.1" 200 5659
66.249.71.60 - - [08/Jan/2016:00:07:51 +0800] "GET /digiarch_en/content/repository/resource_content.jsp?oid=14233&queryString=%E5%8F%B0%E7%81%A3%E9%AD%9A%E9%A1%9E%20%E6%B5%B7%E9%AE%AE%20%E7%92%B0%E4%BF%9D%20%E7%94%9F%E7%89%A9%E5%A4%9A%E6%A8%A3%E6%80%A7%20%E9%8C%A2%E9%B0%BB HTTP/1.1" 200 26651
66.249.77.85 - - [08/Jan/2016:00:07:51 +0800] "GET /content/nav/relationSubject.jsp?relationWords=%E4%B8%AD%E8%85%B9+%E4%B8%AD%E8%85%B9%E8%B6%B3%E7%9B%AE+%E5%B1%B1%E8%9D%B8%E7%89%9B+%E5%B1%B1%E8%9D%B8%E7%89%9B%E7%A7%91+%E6%96%AF%E6%96%87%E8%B1%AA+%E8%85%B9%E8%B6%B3%E7%B6%B1+&oid=1124784 HTTP/1.1" 200 3504
66.249.79.24 - - [08/Jan/2016:00:07:56 +0800] "GET /content/nav/relationSubject.jsp?relationWords=%E4%B8%AD%E8%85%B9%20%E4%B8%AD%E8%85%B9%E8%B6%B3%E7%9B%AE%20%E5%B1%B1%E8%9D%B8%E7%89%9B%20%E5%B1%B1%E8%9D%B8%E7%89%9B%E7%A7%91%20%E6%96%AF%E6%96%87%E8%B1%AA%20%E8%85%B9%E8%B6%B3%E7%B6%B1%20&oid=1124784 HTTP/1.1" 200 3504
66.249.71.121 - - [08/Jan/2016:00:08:17 +0800] "GET /content/repository/resource_content.jsp?oid=2585801&queryType=qs&queryString=%E5%8D%97%E5%AF%A7%E7%B8%A3 HTTP/1.1" 200 29208
66.249.77.91 - - [08/Jan/2016:00:08:45 +0800] "GET /content/subject/resource_content.jsp?oid=16777658&queryString=%E5%8D%91%E5%8D%97%E6%97%8F%20%E5%8F%B2%E5%89%8D%E6%96%87%E5%8C%96%20%E5%B8%83%E8%BE%B2%E6%97%8F%20%E8%87%BA%E7%81%A3%E5%8F%B2%20%E9%AD%AF%E5%87%B1%E6%97%8F HTTP/1.1" 200 27405
66.249.71.64 - - [08/Jan/2016:00:09:15 +0800] "GET /content/nav/relationSubject.jsp?relationWords=%E6%9F%91%E6%A9%98%E5%B1%AC+%E6%A4%8D%E7%89%A9%E7%95%8C+%E8%8A%B8%E9%A6%99+%E8%8A%B8%E9%A6%99%E7%A7%91+%E9%AB%98%E7%89%86%E6%A1%B6%E6%9F%91+&oid=2143181 HTTP/1.1" 200 2301
66.249.77.91 - - [08/Jan/2016:00:09:43 +0800] "GET /content/repository/resource_content.jsp?oid=14680&queryString=%E7%90%89%E7%92%83%E7%B4%AB%E9%B1%B8%20%E7%B4%AB%E6%96%91%20%E7%B4%AB%E9%B1%B8%20%E9%AE%A8%E7%A7%91%20%E9%BB%83%E5%B8%B6%E8%82%A5%E7%9A%82%E9%AD%9A HTTP/1.1" 200 36116
66.249.74.72 - - [08/Jan/2016:00:09:50 +0800] "GET /digiarch3/content/repository/resource_content.jsp?oid=1449879&queryString=%E6%A2%9D%E7%B4%8B%E8%93%8B%E5%88%BA%E9%AD%9A HTTP/1.1" 200 30201
140.117.33.128 - - [08/Jan/2016:00:10:08 +0800] "GET /content/repository/resource_content.jsp?oid=14427&queryString=%E5%8D%B0%E5%BA%A6%E6%A7%8D%E9%AD%9A%20%E6%97%97%E9%AD%9A%20%E7%99%BD%E8%82%89%20%E7%AB%8B%E7%BF%85%E6%97%97%E9%AD%9A HTTP/1.1" 200 35170
140.117.33.128 - - [08/Jan/2016:00:10:09 +0800] "GET /content/nav/relationSubject.jsp?relationWords=%E6%88%90%E4%BB%94%E4%B8%81+%E6%96%91%E6%B5%B7%E9%AF%B0+%E6%B5%B7%E9%AF%B0+%E7%99%BD%E8%82%89+&oid=14427 HTTP/1.1" 200 3524
66.249.71.121 - - [08/Jan/2016:00:10:12 +0800] "GET /content/repository/resource_content.jsp?oid=580128&queryType=qs&queryString=%E6%BE%A4%E7%94%B0 HTTP/1.1" 200 28484
140.117.33.128 - - [08/Jan/2016:00:10:16 +0800] "GET /content/repository/resource_content.jsp?oid=14429&queryString=%E6%88%90%E4%BB%94%E4%B8%81%20%E6%96%91%E6%B5%B7%E9%AF%B0%20%E6%B5%B7%E9%AF%B0%20%E7%99%BD%E8%82%89 HTTP/1.1" 200 35797
140.117.33.128 - - [08/Jan/2016:00:10:16 +0800] "GET /content/nav/relationSubject.jsp?relationWords=%E5%A4%A7%E6%B5%B7%E9%AF%B0+%E6%88%90%E4%BB%94%E4%B8%81+%E6%B3%B0%E4%BE%86%E6%B5%B7%E9%AF%B0+%E6%B5%B7%E9%AF%B0+%E7%99%BD%E8%82%89+&oid=14429 HTTP/1.1" 200 3584
66.249.71.105 - - [08/Jan/2016:00:10:40 +0800] "GET /content/repository/resource_content.jsp?oid=2680069&queryType=qs&queryString=%E7%82%BA%E9%9C%96 HTTP/1.1" 200 30191
66.249.71.121 - - [08/Jan/2016:00:10:41 +0800] "GET /content/nav/relationSubject.jsp?relationWords=%E5%85%A7%E7%94%B0+%E5%8E%9F%E5%87%BD+%E6%9B%B8%E7%B0%A1+%E6%B0%B4%E6%88%B6+%E6%BE%A4%E7%94%B0+%E8%A8%B4%E8%A9%9E+&oid=580128 HTTP/1.1" 200 5562
66.249.71.105 - - [08/Jan/2016:00:10:47 +0800] "GET /content/nav/relationSubject.jsp?relationWords=%E5%85%A7%E7%94%B0%20%E5%8E%9F%E5%87%BD%20%E6%9B%B8%E7%B0%A1%20%E6%B0%B4%E6%88%B6%20%E6%BE%A4%E7%94%B0%20%E8%A8%B4%E8%A9%9E%20&oid=580128 HTTP/1.1" 200 5562
66.249.77.85 - - [08/Jan/2016:00:10:56 +0800] "GET /content/nav/relationSubject.jsp?relationWords=%E7%B4%AB%E6%96%91%E9%B0%AD%E9%A3%9B%E9%AD%9A+%E9%A3%9B%E9%AD%9A+%E9%A3%9B%E9%AD%9A%E7%A7%91+%E9%AC%9A%E5%94%87+&oid=14680 HTTP/1.1" 200 3694
66.249.77.85 - - [08/Jan/2016:00:10:59 +0800] "GET /content/nav/relationSubject.jsp?relationWords=%E7%B4%AB%E6%96%91%E9%B0%AD%E9%A3%9B%E9%AD%9A%20%E9%A3%9B%E9%AD%9A%20%E9%A3%9B%E9%AD%9A%E7%A7%91%20%E9%AC%9A%E5%94%87%20&oid=14680 HTTP/1.1" 200 3694
66.249.71.60 - - [08/Jan/2016:00:11:09 +0800] "GET /content/repository/resource_content.jsp?oid=1777780 HTTP/1.1" 200 35944
66.249.71.121 - - [08/Jan/2016:00:11:12 +0800] "GET /content/nav/relationSubject.jsp?relationWords=%E7%BF%B0%E6%9E%97%E9%99%A2+&oid=2680069 HTTP/1.1" 200 3102
66.249.71.105 - - [08/Jan/2016:00:11:15 +0800] "GET /content/nav/relationSubject.jsp?relationWords=%E7%BF%B0%E6%9E%97%E9%99%A2%20&oid=2680069 HTTP/1.1" 200 3102
66.249.71.60 - - [08/Jan/2016:00:11:24 +0800] "GET /content/nav/relationSubject.jsp?relationWords=%E7%9B%A3%E7%94%9F+&oid=2679362 HTTP/1.1" 200 3078
66.249.71.60 - - [08/Jan/2016:00:11:28 +0800] "GET /content/nav/relationSubject.jsp?relationWords=%E7%9B%A3%E7%94%9F%20&oid=2679362 HTTP/1.1" 200 3078
173.252.90.231 - - [08/Jan/2016:00:11:32 +0800] "GET /content/repository/resource_content.jsp?oid=14429&queryString=%E6%88%90%E4%BB%94%E4%B8%81+%E6%96%91%E6%B5%B7%E9%AF%B0+%E6%B5%B7%E9%AF%B0+%E7%99%BD%E8%82%89 HTTP/1.1" 200 35797
66.249.71.105 - - [08/Jan/2016:00:11:37 +0800] "GET /content/repository/resource_content.jsp?oid=4475559&queryType=qs&queryString=%E9%87%91%E5%B8%B3%E6%B1%97%E5%9C%8B%E5%8F%B2 HTTP/1.1" 200 28490
66.249.77.91 - - [08/Jan/2016:00:11:48 +0800] "GET /content/subject/resource_content.jsp?oid=16777729&queryString=%E7%B4%80%E5%BF%B5%E9%A4%A8%20%E8%83%A1%E9%81%A9%20%E9%81%A9%E4%B9%8B HTTP/1.1" 200 54614
66.249.71.105 - - [08/Jan/2016:00:12:06 +0800] "GET /content/repository/resource_content.jsp?oid=4488590&queryType=qs&queryString=%E4%B8%96%E7%95%8C%E5%9C%B0%E5%9C%96 HTTP/1.1" 200 28092
173.252.81.118 - - [08/Jan/2016:00:12:16 +0800] "GET /content/repository/resource_content.jsp?oid=14429&queryString=%E6%88%90%E4%BB%94%E4%B8%81%20%E6%96%91%E6%B5%B7%E9%AF%B0%20%E6%B5%B7%E9%AF%B0%20%E7%99%BD%E8%82%89 HTTP/1.1" 200 35797
173.252.115.85 - - [08/Jan/2016:00:12:17 +0800] "GET /content/repository/resource_content.jsp?oid=14429&queryString=%E6%88%90%E4%BB%94%E4%B8%81+%E6%96%91%E6%B5%B7%E9%AF%B0+%E6%B5%B7%E9%AF%B0+%E7%99%BD%E8%82%89 HTTP/1.1" 200 35797
69.171.228.123 - - [08/Jan/2016:00:12:19 +0800] "GET /content/repository/resource_content.jsp?oid=14429&queryString=%E6%88%90%E4%BB%94%E4%B8%81+%E6%96%91%E6%B5%B7%E9%AF%B0+%E6%B5%B7%E9%AF%B0+%E7%99%BD%E8%82%89 HTTP/1.1" 200 35797
69.171.228.116 - - [08/Jan/2016:00:12:19 +0800] "GET /content/repository/resource_content.jsp?oid=14429&queryString=%E6%88%90%E4%BB%94%E4%B8%81+%E6%96%91%E6%B5%B7%E9%AF%B0+%E6%B5%B7%E9%AF%B0+%E7%99%BD%E8%82%89 HTTP/1.1" 200 35797
69.171.228.120 - - [08/Jan/2016:00:12:19 +0800] "GET /content/repository/resource_content.jsp?oid=14429&queryString=%E6%88%90%E4%BB%94%E4%B8%81%20%E6%96%91%E6%B5%B7%E9%AF%B0%20%E6%B5%B7%E9%AF%B0%20%E7%99%BD%E8%82%89 HTTP/1.1" 200 35797
61.231.59.226 - - [08/Jan/2016:00:12:19 +0800] "GET /content/subject/resource_content.jsp?oid=16797240&queryType=qc HTTP/1.1" 200 42460
157.55.39.95 - - [08/Jan/2016:00:12:22 +0800] "GET /content/subject/resource_content.jsp?oid=16777566&queryType=qc HTTP/1.1" 200 31748
61.231.59.226 - - [08/Jan/2016:00:12:22 +0800] "GET /content/nav/relationSubject.jsp?relationWords=&oid=16797240 HTTP/1.1" 200 1405
68.180.228.24 - - [08/Jan/2016:00:12:24 +0800] "GET /digiarch_en/content/pictures/picture_content.jsp?oid=33554790 HTTP/1.1" 200 21849
66.249.71.72 - - [08/Jan/2016:00:12:32 +0800] "GET /digiarch_en/content/nav/relationSubject.jsp?relationWords=%E5%B9%B3%E9%B0%AD%E9%B0%8D%E7%A7%91+%E6%B2%88%E6%B0%8F+%E7%88%AC%E5%B2%A9%E9%B0%8D+%E7%9F%B3%E8%B2%BC%E4%BB%94+&oid=4636727 HTTP/1.1" 200 4341
140.109.143.35 - - [08/Jan/2016:00:12:32 +0800] "GET /content/repository/resource_content.jsp?oid=14429&queryString=%E6%88%90%E4%BB%94%E4%B8%81+%E6%96%91%E6%B5%B7%E9%AF%B0+%E6%B5%B7%E9%AF%B0+%E7%99%BD%E8%82%89 HTTP/1.1" 200 35797
66.249.71.5 - - [08/Jan/2016:00:12:34 +0800] "GET /digiarch3/content/repository/resource_content.jsp?oid=1126261&queryString=%E6%97%A5%E6%9C%AC%E7%AC%A0%E8%9A%B6 HTTP/1.1" 200 31986
140.109.143.35 - - [08/Jan/2016:00:12:35 +0800] "GET /content/nav/relationSubject.jsp?relationWords=%E5%A4%A7%E6%B5%B7%E9%AF%B0+%E6%88%90%E4%BB%94%E4%B8%81+%E6%B3%B0%E4%BE%86%E6%B5%B7%E9%AF%B0+%E6%B5%B7%E9%AF%B0+%E7%99%BD%E8%82%89+&oid=14429 HTTP/1.1" 200 3584
1.174.103.179 - - [08/Jan/2016:00:12:36 +0800] "GET /content/repository/resource_content.jsp?oid=14429&queryString=%E6%88%90%E4%BB%94%E4%B8%81+%E6%96%91%E6%B5%B7%E9%AF%B0+%E6%B5%B7%E9%AF%B0+%E7%99%BD%E8%82%89 HTTP/1.1" 200 35797
1.174.103.179 - - [08/Jan/2016:00:12:37 +0800] "GET /content/nav/relationSubject.jsp?relationWords=%E5%A4%A7%E6%B5%B7%E9%AF%B0+%E6%88%90%E4%BB%94%E4%B8%81+%E6%B3%B0%E4%BE%86%E6%B5%B7%E9%AF%B0+%E6%B5%B7%E9%AF%B0+%E7%99%BD%E8%82%89+&oid=14429 HTTP/1.1" 200 3584
114.136.194.22 - - [08/Jan/2016:00:12:39 +0800] "GET /content/repository/resource_content.jsp?oid=14429&queryString=%E6%88%90%E4%BB%94%E4%B8%81+%E6%96%91%E6%B5%B7%E9%AF%B0+%E6%B5%B7%E9%AF%B0+%E7%99%BD%E8%82%89 HTTP/1.1" 200 35797
66.249.71.60 - - [08/Jan/2016:00:12:42 +0800] "GET /digiarch_en/content/nav/relationSubject.jsp?relationWords=%E5%B9%B3%E9%B0%AD%E9%B0%8D%E7%A7%91%20%E6%B2%88%E6%B0%8F%20%E7%88%AC%E5%B2%A9%E9%B0%8D%20%E7%9F%B3%E8%B2%BC%E4%BB%94%20&oid=4636727 HTTP/1.1" 200 4341
114.136.194.22 - - [08/Jan/2016:00:12:45 +0800] "GET /content/nav/relationSubject.jsp?relationWords=%E5%A4%A7%E6%B5%B7%E9%AF%B0+%E6%88%90%E4%BB%94%E4%B8%81+%E6%B3%B0%E4%BE%86%E6%B5%B7%E9%AF%B0+%E6%B5%B7%E9%AF%B0+%E7%99%BD%E8%82%89+&oid=14429 HTTP/1.1" 200 3584
66.249.71.60 - - [08/Jan/2016:00:12:46 +0800] "GET /digiarch_en/content/nav/relationSubject.jsp?relationWords=%E5%A4%9A%E7%92%B0%E8%9D%AE%E9%AF%99%20%E6%B5%B7%E9%B1%94%20%E8%96%AF%E9%B0%BB%20%E8%99%8E%E9%B0%BB%20%E9%8C%A2%E9%B0%BB%20&oid=14233 HTTP/1.1" 200 3477
111.254.101.235 - - [08/Jan/2016:00:12:53 +0800] "GET /content/repository/resource_content.jsp?oid=14429&queryString=%E6%88%90%E4%BB%94%E4%B8%81+%E6%96%91%E6%B5%B7%E9%AF%B0+%E6%B5%B7%E9%AF%B0+%E7%99%BD%E8%82%89 HTTP/1.1" 200 35797
111.254.101.235 - - [08/Jan/2016:00:12:54 +0800] "GET /content/nav/relationSubject.jsp?relationWords=%E5%A4%A7%E6%B5%B7%E9%AF%B0+%E6%88%90%E4%BB%94%E4%B8%81+%E6%B3%B0%E4%BE%86%E6%B5%B7%E9%AF%B0+%E6%B5%B7%E9%AF%B0+%E7%99%BD%E8%82%89+&oid=14429 HTTP/1.1" 200 3584
66.249.71.105 - - [08/Jan/2016:00:13:03 +0800] "GET /content/repository/resource_content.jsp?oid=2684993&queryType=qs&queryString=%E5%9B%BA%E5%B1%B1%E8%B2%9D%E5%AD%90 HTTP/1.1" 200 30347
111.185.187.211 - - [08/Jan/2016:00:13:12 +0800] "GET /content/repository/resource_content.jsp?oid=14429&queryString=%E6%88%90%E4%BB%94%E4%B8%81+%E6%96%91%E6%B5%B7%E9%AF%B0+%E6%B5%B7%E9%AF%B0+%E7%99%BD%E8%82%89 HTTP/1.1" 200 35797
111.185.187.211 - - [08/Jan/2016:00:13:13 +0800] "GET /content/nav/relationSubject.jsp?relationWords=%E5%A4%A7%E6%B5%B7%E9%AF%B0+%E6%88%90%E4%BB%94%E4%B8%81+%E6%B3%B0%E4%BE%86%E6%B5%B7%E9%AF%B0+%E6%B5%B7%E9%AF%B0+%E7%99%BD%E8%82%89+&oid=14429 HTTP/1.1" 200 3584
66.249.71.72 - - [08/Jan/2016:00:13:32 +0800] "GET /content/repository/resource_content.jsp?oid=2150411&queryString=%E6%9F%AF%E5%B1%AC%20%E6%9F%B3%E8%91%89%E7%9F%B3%E6%AB%9F%20%E6%A4%8D%E7%89%A9%E7%95%8C%20%E6%AE%BC%E6%96%97%E7%A7%91%20%E7%9F%B3%E6%AB%9F HTTP/1.1" 200 31182
66.249.74.76 - - [08/Jan/2016:00:13:46 +0800] "GET /digiarch3/content/subject/resource_content.jsp?oid=16777840&queryType=qs&queryString=%E7%95%A2%E5%8D%A1%E7%B4%A2 HTTP/1.1" 200 40606
66.249.71.60 - - [08/Jan/2016:00:14:00 +0800] "GET /content/repository/resource_content.jsp?oid=2148616 HTTP/1.1" 200 31009
139.205.3.69 - - [08/Jan/2016:00:14:08 +0800] "GET /content/tmp_auth/resource_content.jsp?oid=16777371 HTTP/1.1" 200 41394
110.30.201.160 - - [08/Jan/2016:00:14:19 +0800] "GET /content/repository/resource_content.jsp?oid=2569326&queryType=qs&queryString=%E5%B9%B4%E7%BE%B9%E5%A0%AF HTTP/1.1" 200 29847
110.30.201.160 - - [08/Jan/2016:00:14:21 +0800] "GET /content/nav/relationSubject.jsp?relationWords=%E6%95%95%E6%9B%B8+&oid=2569326 HTTP/1.1" 200 3087
66.249.71.105 - - [08/Jan/2016:00:14:29 +0800] "GET /content/repository/resource_content.jsp?oid=1610932&queryType=qs&queryString=%E8%B3%87%E8%A8%8A%E6%9C%8D%E5%8B%99 HTTP/1.1" 200 52469
66.249.77.91 - - [08/Jan/2016:00:14:39 +0800] "GET /content/nav/relationSubject.jsp?relationWords=%E5%8D%97%E6%B4%8B%E9%A6%AC%E8%B9%84%E8%8A%B1+%E5%A4%BE%E7%AB%B9%E6%A1%83%E7%A7%91+%E6%A4%8D%E7%89%A9%E7%95%8C+%E9%A6%AC%E8%B9%84%E8%8A%B1%E5%B1%AC+%E9%BE%8D%E8%86%BD+&oid=1108940 HTTP/1.1" 200 3607
66.249.77.85 - - [08/Jan/2016:00:14:45 +0800] "GET /content/nav/relationSubject.jsp?relationWords=%E5%8D%97%E6%B4%8B%E9%A6%AC%E8%B9%84%E8%8A%B1%20%E5%A4%BE%E7%AB%B9%E6%A1%83%E7%A7%91%20%E6%A4%8D%E7%89%A9%E7%95%8C%20%E9%A6%AC%E8%B9%84%E8%8A%B1%E5%B1%AC%20%E9%BE%8D%E8%86%BD%20&oid=1108940 HTTP/1.1" 200 3607
66.249.71.64 - - [08/Jan/2016:00:14:57 +0800] "GET /content/repository/resource_content.jsp?oid=1632487 HTTP/1.1" 200 28839
36.229.240.67 - - [08/Jan/2016:00:15:06 +0800] "GET /content/repository/resource_content.jsp?oid=14429&queryString=%E6%88%90%E4%BB%94%E4%B8%81+%E6%96%91%E6%B5%B7%E9%AF%B0+%E6%B5%B7%E9%AF%B0+%E7%99%BD%E8%82%89 HTTP/1.1" 200 35797
36.229.240.67 - - [08/Jan/2016:00:15:08 +0800] "GET /content/nav/relationSubject.jsp?relationWords=%E5%A4%A7%E6%B5%B7%E9%AF%B0+%E6%88%90%E4%BB%94%E4%B8%81+%E6%B3%B0%E4%BE%86%E6%B5%B7%E9%AF%B0+%E6%B5%B7%E9%AF%B0+%E7%99%BD%E8%82%89+&oid=14429 HTTP/1.1" 200 3584
66.249.71.64 - - [08/Jan/2016:00:15:12 +0800] "GET /content/nav/relationSubject.jsp?relationWords=%E5%A4%A7%E6%88%9F+%E5%A4%A7%E6%88%9F%E7%A7%91+%E6%A4%8D%E7%89%A9%E7%95%8C+%E6%B2%B9%E6%9F%91+%E7%B4%B0%E8%91%89+%E8%91%89%E4%B8%8B%E7%8F%A0+%E8%91%89%E4%B8%8B%E7%8F%A0%E5%B1%AC+&oid=1461794 HTTP/1.1" 200 3456
66.249.71.60 - - [08/Jan/2016:00:15:16 +0800] "GET /content/nav/relationSubject.jsp?relationWords=%E5%A4%A7%E6%88%9F%20%E5%A4%A7%E6%88%9F%E7%A7%91%20%E6%A4%8D%E7%89%A9%E7%95%8C%20%E6%B2%B9%E6%9F%91%20%E7%B4%B0%E8%91%89%20%E8%91%89%E4%B8%8B%E7%8F%A0%20%E8%91%89%E4%B8%8B%E7%8F%A0%E5%B1%AC%20&oid=1461794 HTTP/1.1" 200 3456
66.249.71.5 - - [08/Jan/2016:00:15:24 +0800] "GET /digiarch3/content/nav/relationSubject.jsp?relationWords=%E6%97%A5%E6%9C%AC%E7%AC%A0%E8%9A%B6+%E7%AC%A0%E8%9A%B6%E5%B1%AC+%E8%9A%B6%E7%A7%91+%E9%9B%99%E6%AE%BC%E7%B6%B1+%E9%AD%81%E8%9B%A4+&oid=1126261 HTTP/1.1" 200 3371
1.174.40.151 - - [08/Jan/2016:00:15:24 +0800] "GET /content/repository/resource_content.jsp?oid=14429&queryString=%E6%88%90%E4%BB%94%E4%B8%81+%E6%96%91%E6%B5%B7%E9%AF%B0+%E6%B5%B7%E9%AF%B0+%E7%99%BD%E8%82%89 HTTP/1.1" 200 35797
1.174.40.151 - - [08/Jan/2016:00:15:25 +0800] "GET /content/nav/relationSubject.jsp?relationWords=%E5%A4%A7%E6%B5%B7%E9%AF%B0+%E6%88%90%E4%BB%94%E4%B8%81+%E6%B3%B0%E4%BE%86%E6%B5%B7%E9%AF%B0+%E6%B5%B7%E9%AF%B0+%E7%99%BD%E8%82%89+&oid=14429 HTTP/1.1" 200 3584
66.249.71.105 - - [08/Jan/2016:00:15:26 +0800] "GET /content/repository/resource_content.jsp?oid=2521076&queryType=qs&queryString=%E5%AE%88%E5%82%99%E4%BA%8B HTTP/1.1" 200 30714
66.249.71.5 - - [08/Jan/2016:00:15:26 +0800] "GET /digiarch3/content/nav/relationSubject.jsp?relationWords=%E6%97%A5%E6%9C%AC%E7%AC%A0%E8%9A%B6%20%E7%AC%A0%E8%9A%B6%E5%B1%AC%20%E8%9A%B6%E7%A7%91%20%E9%9B%99%E6%AE%BC%E7%B6%B1%20%E9%AD%81%E8%9B%A4%20&oid=1126261 HTTP/1.1" 200 3371
66.249.71.60 - - [08/Jan/2016:00:15:38 +0800] "GET /content/nav/relationSubject.jsp?relationWords=%E4%BF%9D%E8%AD%89%E4%BA%BA+%E5%A8%9C%E6%8B%89%E9%A2%B1%E9%A2%A8+%E5%B9%B3%E5%9C%B0%E5%B1%B1%E8%83%9E+%E8%B2%B8%E6%AC%BE+%E9%A2%A8%E7%81%BD+&oid=1632487 HTTP/1.1" 200 3870
66.249.71.60 - - [08/Jan/2016:00:15:43 +0800] "GET /content/nav/relationSubject.jsp?relationWords=%E4%BF%9D%E8%AD%89%E4%BA%BA%20%E5%A8%9C%E6%8B%89%E9%A2%B1%E9%A2%A8%20%E5%B9%B3%E5%9C%B0%E5%B1%B1%E8%83%9E%20%E8%B2%B8%E6%AC%BE%20%E9%A2%A8%E7%81%BD%20&oid=1632487 HTTP/1.1" 200 3870
36.231.21.110 - - [08/Jan/2016:00:15:44 +0800] "GET /content/repository/resource_content.jsp?oid=14429&queryString=%E6%88%90%E4%BB%94%E4%B8%81+%E6%96%91%E6%B5%B7%E9%AF%B0+%E6%B5%B7%E9%AF%B0+%E7%99%BD%E8%82%89 HTTP/1.1" 200 35797
66.249.74.100 - - [08/Jan/2016:00:15:45 +0800] "GET /content/repository/resource_content.jsp?oid=1890475 HTTP/1.1" 200 28746
36.231.21.110 - - [08/Jan/2016:00:15:46 +0800] "GET /content/nav/relationSubject.jsp?relationWords=%E5%A4%A7%E6%B5%B7%E9%AF%B0+%E6%88%90%E4%BB%94%E4%B8%81+%E6%B3%B0%E4%BE%86%E6%B5%B7%E9%AF%B0+%E6%B5%B7%E9%AF%B0+%E7%99%BD%E8%82%89+&oid=14429 HTTP/1.1" 200 3584
125.227.236.7 - - [08/Jan/2016:00:16:24 +0800] "GET /content/repository/resource_content.jsp?oid=14429&queryString=%E6%88%90%E4%BB%94%E4%B8%81+%E6%96%91%E6%B5%B7%E9%AF%B0+%E6%B5%B7%E9%AF%B0+%E7%99%BD%E8%82%89 HTTP/1.1" 200 35797
58.114.74.188 - - [08/Jan/2016:00:16:24 +0800] "GET /content/repository/resource_content.jsp?oid=14429&queryString=%E6%88%90%E4%BB%94%E4%B8%81+%E6%96%91%E6%B5%B7%E9%AF%B0+%E6%B5%B7%E9%AF%B0+%E7%99%BD%E8%82%89 HTTP/1.1" 200 35797
58.114.74.188 - - [08/Jan/2016:00:16:25 +0800] "GET /content/nav/relationSubject.jsp?relationWords=%E5%A4%A7%E6%B5%B7%E9%AF%B0+%E6%88%90%E4%BB%94%E4%B8%81+%E6%B3%B0%E4%BE%86%E6%B5%B7%E9%AF%B0+%E6%B5%B7%E9%AF%B0+%E7%99%BD%E8%82%89+&oid=14429 HTTP/1.1" 200 3584
125.227.236.7 - - [08/Jan/2016:00:16:25 +0800] "GET /content/nav/relationSubject.jsp?relationWords=%E5%A4%A7%E6%B5%B7%E9%AF%B0+%E6%88%90%E4%BB%94%E4%B8%81+%E6%B3%B0%E4%BE%86%E6%B5%B7%E9%AF%B0+%E6%B5%B7%E9%AF%B0+%E7%99%BD%E8%82%89+&oid=14429 HTTP/1.1" 200 3584
66.249.71.72 - - [08/Jan/2016:00:16:26 +0800] "GET /content/repository/resource_content.jsp?oid=1109468&queryString=%E5%8F%B0%E5%8D%97%E5%A4%A7%E6%B2%B9%E8%8A%92%20%E5%A4%A7%E6%B2%B9%E8%8A%92%E5%B1%AC HTTP/1.1" 200 30281
150.70.188.179 - - [08/Jan/2016:00:16:30 +0800] "GET /content/repository/resource_content.jsp?oid=14429&queryString=%E6%88%90%E4%BB%94%E4%B8%81+%E6%96%91%E6%B5%B7%E9%AF%B0+%E6%B5%B7%E9%AF%B0+%E7%99%BD%E8%82%89 HTTP/1.1" 200 35797
140.120.97.46 - - [08/Jan/2016:00:16:40 +0800] "GET /content/repository/resource_content.jsp?oid=14429&queryString=%E6%88%90%E4%BB%94%E4%B8%81+%E6%96%91%E6%B5%B7%E9%AF%B0+%E6%B5%B7%E9%AF%B0+%E7%99%BD%E8%82%89 HTTP/1.1" 200 35797
140.120.97.46 - - [08/Jan/2016:00:16:40 +0800] "GET /content/nav/relationSubject.jsp?relationWords=%E5%A4%A7%E6%B5%B7%E9%AF%B0+%E6%88%90%E4%BB%94%E4%B8%81+%E6%B3%B0%E4%BE%86%E6%B5%B7%E9%AF%B0+%E6%B5%B7%E9%AF%B0+%E7%99%BD%E8%82%89+&oid=14429 HTTP/1.1" 200 3584
36.231.106.81 - - [08/Jan/2016:00:16:48 +0800] "GET /content/repository/resource_content.jsp?oid=14429&queryString=%E6%88%90%E4%BB%94%E4%B8%81+%E6%96%91%E6%B5%B7%E9%AF%B0+%E6%B5%B7%E9%AF%B0+%E7%99%BD%E8%82%89 HTTP/1.1" 200 35797
36.231.106.81 - - [08/Jan/2016:00:16:49 +0800] "GET /content/nav/relationSubject.jsp?relationWords=%E5%A4%A7%E6%B5%B7%E9%AF%B0+%E6%88%90%E4%BB%94%E4%B8%81+%E6%B3%B0%E4%BE%86%E6%B5%B7%E9%AF%B0+%E6%B5%B7%E9%AF%B0+%E7%99%BD%E8%82%89+&oid=14429 HTTP/1.1" 200 3584
66.249.71.60 - - [08/Jan/2016:00:16:52 +0800] "GET /content/repository/resource_content.jsp?oid=15227&queryString=%E6%B5%B7%E8%98%AD%20%E8%98%AD%E5%BE%B7 HTTP/1.1" 200 34225
125.227.246.223 - - [08/Jan/2016:00:17:05 +0800] "GET /content/repository/resource_content.jsp?oid=14429&queryString=%E6%88%90%E4%BB%94%E4%B8%81+%E6%96%91%E6%B5%B7%E9%AF%B0+%E6%B5%B7%E9%AF%B0+%E7%99%BD%E8%82%89 HTTP/1.1" 200 35797
125.227.246.223 - - [08/Jan/2016:00:17:06 +0800] "GET /content/nav/relationSubject.jsp?relationWords=%E5%A4%A7%E6%B5%B7%E9%AF%B0+%E6%88%90%E4%BB%94%E4%B8%81+%E6%B3%B0%E4%BE%86%E6%B5%B7%E9%AF%B0+%E6%B5%B7%E9%AF%B0+%E7%99%BD%E8%82%89+&oid=14429 HTTP/1.1" 200 3584
182.155.253.6 - - [08/Jan/2016:00:17:10 +0800] "GET /content/repository/resource_content.jsp?oid=14429&queryString=%E6%88%90%E4%BB%94%E4%B8%81+%E6%96%91%E6%B5%B7%E9%AF%B0+%E6%B5%B7%E9%AF%B0+%E7%99%BD%E8%82%89 HTTP/1.1" 200 35797
66.249.71.105 - - [08/Jan/2016:00:17:12 +0800] "GET /content/nav/relationSubject.jsp?relationWords=&oid=2655409 HTTP/1.1" 200 1405
66.249.71.72 - - [08/Jan/2016:00:17:20 +0800] "GET /content/repository/resource_content.jsp?oid=2511394 HTTP/1.1" 200 30034
182.155.253.6 - - [08/Jan/2016:00:17:23 +0800] "GET /content/nav/relationSubject.jsp?relationWords=%E5%A4%A7%E6%B5%B7%E9%AF%B0+%E6%88%90%E4%BB%94%E4%B8%81+%E6%B3%B0%E4%BE%86%E6%B5%B7%E9%AF%B0+%E6%B5%B7%E9%AF%B0+%E7%99%BD%E8%82%89+&oid=14429 HTTP/1.1" 200 3584
66.249.71.5 - - [08/Jan/2016:00:17:29 +0800] "GET /digiarch3/content/nav/relationSubject.jsp?relationWords=%E6%A2%9D%E7%B4%8B%E8%93%8B%E5%88%BA%E9%AD%9A%20%E8%93%8B%E5%88%BA%E9%AD%9A%20&oid=1449879 HTTP/1.1" 200 3452
140.117.185.39 - - [08/Jan/2016:00:17:30 +0800] "GET /content/repository/resource_content.jsp?oid=14429&queryString=%E6%88%90%E4%BB%94%E4%B8%81+%E6%96%91%E6%B5%B7%E9%AF%B0+%E6%B5%B7%E9%AF%B0+%E7%99%BD%E8%82%89 HTTP/1.1" 200 35797
140.117.185.39 - - [08/Jan/2016:00:17:31 +0800] "GET /content/nav/relationSubject.jsp?relationWords=%E5%A4%A7%E6%B5%B7%E9%AF%B0+%E6%88%90%E4%BB%94%E4%B8%81+%E6%B3%B0%E4%BE%86%E6%B5%B7%E9%AF%B0+%E6%B5%B7%E9%AF%B0+%E7%99%BD%E8%82%89+&oid=14429 HTTP/1.1" 200 3584
66.249.71.121 - - [08/Jan/2016:00:17:41 +0800] "GET /content/repository/resource_content.jsp?oid=1773342&queryType=qs&queryString=%E7%AE%95%E6%A8%A1%E4%BA%BA HTTP/1.1" 200 40933
66.249.71.72 - - [08/Jan/2016:00:17:48 +0800] "GET /content/nav/relationSubject.jsp?relationWords=%E7%90%86%E8%97%A9%E9%99%A2+%E7%9B%A3%E5%AF%9F%E5%BE%A1%E5%8F%B2+%E7%A7%91%E6%8A%84+&oid=2511394 HTTP/1.1" 200 4093
66.249.71.60 - - [08/Jan/2016:00:17:50 +0800] "GET /content/nav/relationSubject.jsp?relationWords=%E7%90%86%E8%97%A9%E9%99%A2%20%E7%9B%A3%E5%AF%9F%E5%BE%A1%E5%8F%B2%20%E7%A7%91%E6%8A%84%20&oid=2511394 HTTP/1.1" 200 4093
157.55.39.95 - - [08/Jan/2016:00:18:22 +0800] "GET /content/subject/resource_content.jsp?oid=16777286&queryType=qc HTTP/1.1" 200 37579
39.13.76.145 - - [08/Jan/2016:00:18:33 +0800] "GET /content/repository/resource_content.jsp?oid=14429&queryString=%E6%88%90%E4%BB%94%E4%B8%81+%E6%96%91%E6%B5%B7%E9%AF%B0+%E6%B5%B7%E9%AF%B0+%E7%99%BD%E8%82%89 HTTP/1.1" 200 35797
39.13.76.145 - - [08/Jan/2016:00:18:34 +0800] "GET /content/nav/relationSubject.jsp?relationWords=%E5%A4%A7%E6%B5%B7%E9%AF%B0+%E6%88%90%E4%BB%94%E4%B8%81+%E6%B3%B0%E4%BE%86%E6%B5%B7%E9%AF%B0+%E6%B5%B7%E9%AF%B0+%E7%99%BD%E8%82%89+&oid=14429 HTTP/1.1" 200 3584
66.249.71.72 - - [08/Jan/2016:00:18:46 +0800] "GET /content/repository/resource_content.jsp?oid=3813905&queryString=%E6%A0%B9%E7%AF%80%E8%98%AD HTTP/1.1" 200 30967
182.155.253.6 - - [08/Jan/2016:00:19:06 +0800] "GET /content/repository/resource_content.jsp?oid=14429&queryString=%E6%88%90%E4%BB%94%E4%B8%81+%E6%96%91%E6%B5%B7%E9%AF%B0+%E6%B5%B7%E9%AF%B0+%E7%99%BD%E8%82%89 HTTP/1.1" 200 35797
182.155.253.6 - - [08/Jan/2016:00:19:07 +0800] "GET /content/nav/relationSubject.jsp?relationWords=%E5%A4%A7%E6%B5%B7%E9%AF%B0+%E6%88%90%E4%BB%94%E4%B8%81+%E6%B3%B0%E4%BE%86%E6%B5%B7%E9%AF%B0+%E6%B5%B7%E9%AF%B0+%E7%99%BD%E8%82%89+&oid=14429 HTTP/1.1" 200 3584
223.140.95.11 - - [08/Jan/2016:00:19:10 +0800] "GET /content/nav/relationSubject.jsp?relationWords=%E7%99%BD%E5%8D%83%E5%B1%A4+&oid=16777287 HTTP/1.1" 200 3852
114.26.50.104 - - [08/Jan/2016:00:19:13 +0800] "GET /content/nav/relationSubject.jsp?relationWords=%E6%B8%85%E8%81%96%E7%A5%96+&oid=16777381 HTTP/1.1" 200 2915
66.249.74.74 - - [08/Jan/2016:00:19:16 +0800] "GET /digiarch3/content/repository/resource_content.jsp?oid=1123880&queryString=%E5%B0%96%E8%A7%92%E6%B1%9F%E7%8F%A7%E8%9B%A4%20%E6%B1%9F%E7%8F%A7%E8%9B%A4%20%E8%9B%A4%E7%A7%91%20%E8%B2%BD%E8%B2%9D%20%E9%9B%99%E6%AE%BC%E7%B6%B1 HTTP/1.1" 200 35894
118.160.9.138 - - [08/Jan/2016:00:20:09 +0800] "GET /content/repository/resource_content.jsp?oid=14429&queryString=%E6%88%90%E4%BB%94%E4%B8%81+%E6%96%91%E6%B5%B7%E9%AF%B0+%E6%B5%B7%E9%AF%B0+%E7%99%BD%E8%82%89 HTTP/1.1" 200 35797
118.160.9.138 - - [08/Jan/2016:00:20:10 +0800] "GET /content/nav/relationSubject.jsp?relationWords=%E5%A4%A7%E6%B5%B7%E9%AF%B0+%E6%88%90%E4%BB%94%E4%B8%81+%E6%B3%B0%E4%BE%86%E6%B5%B7%E9%AF%B0+%E6%B5%B7%E9%AF%B0+%E7%99%BD%E8%82%89+&oid=14429 HTTP/1.1" 200 3584
66.249.71.64 - - [08/Jan/2016:00:20:13 +0800] "GET /digiarch_en/content/nav/relationSubject.jsp?relationWords=%E5%A8%98%E4%BB%94%E9%AD%9A+%E5%B8%B6%E5%B0%BE%E6%96%B0%E9%9A%86%E9%AD%9A+%E8%8A%B1%E5%B0%BE+%E8%A7%92%E9%BE%8D+%E9%9A%86%E9%A0%AD%E9%AD%9A%E7%A7%91+%E9%B0%AD%E9%AD%9A+%E9%B8%9A%E9%AF%9B+&oid=4352968 HTTP/1.1" 200 3648
123.193.250.219 - - [08/Jan/2016:00:20:15 +0800] "GET /content/repository/resource_content.jsp?oid=14429&queryString=%E6%88%90%E4%BB%94%E4%B8%81+%E6%96%91%E6%B5%B7%E9%AF%B0+%E6%B5%B7%E9%AF%B0+%E7%99%BD%E8%82%89 HTTP/1.1" 200 35797
123.193.250.219 - - [08/Jan/2016:00:20:16 +0800] "GET /content/nav/relationSubject.jsp?relationWords=%E5%A4%A7%E6%B5%B7%E9%AF%B0+%E6%88%90%E4%BB%94%E4%B8%81+%E6%B3%B0%E4%BE%86%E6%B5%B7%E9%AF%B0+%E6%B5%B7%E9%AF%B0+%E7%99%BD%E8%82%89+&oid=14429 HTTP/1.1" 200 3584
66.249.74.98 - - [08/Jan/2016:00:20:20 +0800] "GET /digiarch_en/content/nav/relationSubject.jsp?relationWords=%E5%A8%98%E4%BB%94%E9%AD%9A%20%E5%B8%B6%E5%B0%BE%E6%96%B0%E9%9A%86%E9%AD%9A%20%E8%8A%B1%E5%B0%BE%20%E8%A7%92%E9%BE%8D%20%E9%9A%86%E9%A0%AD%E9%AD%9A%E7%A7%91%20%E9%B0%AD%E9%AD%9A%20%E9%B8%9A%E9%AF%9B%20&oid=4352968 HTTP/1.1" 200 3648
66.249.71.5 - - [08/Jan/2016:00:20:41 +0800] "GET /digiarch3/content/repository/resource_content.jsp?oid=1532163&queryString=%E8%84%AB%E6%B0%B4 HTTP/1.1" 200 29047
66.249.71.64 - - [08/Jan/2016:00:20:53 +0800] "GET /content/repository/resource_content.jsp?oid=1899973 HTTP/1.1" 200 29947
157.55.39.95 - - [08/Jan/2016:00:21:02 +0800] "GET /content/subject/resource_content.jsp?oid=16777841&queryType=qc> HTTP/1.1" 200 27539
119.14.78.13 - - [08/Jan/2016:00:21:03 +0800] "GET /content/repository/resource_content.jsp?oid=14429&queryString=%E6%88%90%E4%BB%94%E4%B8%81+%E6%96%91%E6%B5%B7%E9%AF%B0+%E6%B5%B7%E9%AF%B0+%E7%99%BD%E8%82%89 HTTP/1.1" 200 35797
120.109.151.21 - - [08/Jan/2016:00:21:04 +0800] "GET /content/repository/resource_content.jsp?oid=14429&queryString=%E6%88%90%E4%BB%94%E4%B8%81+%E6%96%91%E6%B5%B7%E9%AF%B0+%E6%B5%B7%E9%AF%B0+%E7%99%BD%E8%82%89 HTTP/1.1" 200 35797
119.14.78.13 - - [08/Jan/2016:00:21:05 +0800] "GET /content/nav/relationSubject.jsp?relationWords=%E5%A4%A7%E6%B5%B7%E9%AF%B0+%E6%88%90%E4%BB%94%E4%B8%81+%E6%B3%B0%E4%BE%86%E6%B5%B7%E9%AF%B0+%E6%B5%B7%E9%AF%B0+%E7%99%BD%E8%82%89+&oid=14429 HTTP/1.1" 200 3584
120.109.151.21 - - [08/Jan/2016:00:21:05 +0800] "GET /content/nav/relationSubject.jsp?relationWords=%E5%A4%A7%E6%B5%B7%E9%AF%B0+%E6%88%90%E4%BB%94%E4%B8%81+%E6%B3%B0%E4%BE%86%E6%B5%B7%E9%AF%B0+%E6%B5%B7%E9%AF%B0+%E7%99%BD%E8%82%89+&oid=14429 HTTP/1.1" 200 3584
66.249.71.72 - - [08/Jan/2016:00:21:09 +0800] "GET /content/repository/resource_content.jsp?oid=1105063 HTTP/1.1" 200 30873
66.249.71.64 - - [08/Jan/2016:00:21:30 +0800] "GET /content/nav/relationSubject.jsp?relationWords=%E6%A4%8D%E7%89%A9%E7%95%8C+%E8%98%AD%E5%B6%BC%E6%AD%90%E8%94%93+%E8%98%BF%E8%97%A6%E7%A7%91+%E9%B7%97%E8%94%93%E5%B1%AC+%E9%BE%8D%E8%86%BD+&oid=1105063 HTTP/1.1" 200 3562
66.249.71.60 - - [08/Jan/2016:00:21:38 +0800] "GET /content/repository/resource_content.jsp?oid=2146859&queryString=%E5%85%AB%E8%A7%92%E8%8C%B4%E9%A6%99%E5%B1%AC%20%E6%9D%B1%E4%BA%9E%E5%85%AB%E8%A7%92%20%E6%A4%8D%E7%89%A9%E7%95%8C HTTP/1.1" 200 31074
66.249.71.60 - - [08/Jan/2016:00:21:40 +0800] "GET /content/nav/relationSubject.jsp?relationWords=%E6%96%B0%E5%A4%A9%E5%9C%B0+&oid=4443793 HTTP/1.1" 200 3919
66.249.71.60 - - [08/Jan/2016:00:21:47 +0800] "GET /content/nav/relationSubject.jsp?relationWords=%E6%A4%8D%E7%89%A9%E7%95%8C%20%E8%98%AD%E5%B6%BC%E6%AD%90%E8%94%93%20%E8%98%BF%E8%97%A6%E7%A7%91%20%E9%B7%97%E8%94%93%E5%B1%AC%20%E9%BE%8D%E8%86%BD%20&oid=1105063 HTTP/1.1" 200 3562
36.225.213.174 - - [08/Jan/2016:00:21:53 +0800] "GET /content/repository/resource_content.jsp?oid=14429&queryString=%E6%88%90%E4%BB%94%E4%B8%81+%E6%96%91%E6%B5%B7%E9%AF%B0+%E6%B5%B7%E9%AF%B0+%E7%99%BD%E8%82%89 HTTP/1.1" 200 35797
36.225.213.174 - - [08/Jan/2016:00:21:54 +0800] "GET /content/nav/relationSubject.jsp?relationWords=%E5%A4%A7%E6%B5%B7%E9%AF%B0+%E6%88%90%E4%BB%94%E4%B8%81+%E6%B3%B0%E4%BE%86%E6%B5%B7%E9%AF%B0+%E6%B5%B7%E9%AF%B0+%E7%99%BD%E8%82%89+&oid=14429 HTTP/1.1" 200 3584
66.249.71.60 - - [08/Jan/2016:00:21:56 +0800] "GET /content/nav/relationSubject.jsp?relationWords=%E6%A0%B9%E7%AF%80%E8%98%AD%E5%B1%AC+%E6%A4%8D%E7%89%A9%E7%95%8C+%E9%98%BF%E9%87%8C%E5%B1%B1%E6%A0%B9%E7%AF%80%E8%98%AD+&oid=3813905 HTTP/1.1" 200 3258
111.80.53.221 - - [08/Jan/2016:00:21:57 +0800] "GET /content/repository/resource_content.jsp?oid=14429&queryString=%E6%88%90%E4%BB%94%E4%B8%81+%E6%96%91%E6%B5%B7%E9%AF%B0+%E6%B5%B7%E9%AF%B0+%E7%99%BD%E8%82%89 HTTP/1.1" 200 35797
66.249.71.60 - - [08/Jan/2016:00:21:59 +0800] "GET /content/nav/relationSubject.jsp?relationWords=%E6%A0%B9%E7%AF%80%E8%98%AD%E5%B1%AC%20%E6%A4%8D%E7%89%A9%E7%95%8C%20%E9%98%BF%E9%87%8C%E5%B1%B1%E6%A0%B9%E7%AF%80%E8%98%AD%20&oid=3813905 HTTP/1.1" 200 3258
111.80.53.221 - - [08/Jan/2016:00:21:59 +0800] "GET /content/nav/relationSubject.jsp?relationWords=%E5%A4%A7%E6%B5%B7%E9%AF%B0+%E6%88%90%E4%BB%94%E4%B8%81+%E6%B3%B0%E4%BE%86%E6%B5%B7%E9%AF%B0+%E6%B5%B7%E9%AF%B0+%E7%99%BD%E8%82%89+&oid=14429 HTTP/1.1" 200 3584
27.247.64.248 - - [08/Jan/2016:00:22:28 +0800] "GET /content/repository/resource_content.jsp?oid=14429&queryString=%E6%88%90%E4%BB%94%E4%B8%81+%E6%96%91%E6%B5%B7%E9%AF%B0+%E6%B5%B7%E9%AF%B0+%E7%99%BD%E8%82%89 HTTP/1.1" 200 35797
66.249.71.60 - - [08/Jan/2016:00:22:35 +0800] "GET /content/repository/resource_content.jsp?oid=1111232 HTTP/1.1" 200 31331
27.247.64.248 - - [08/Jan/2016:00:22:52 +0800] "GET /content/nav/relationSubject.jsp?relationWords=%E5%A4%A7%E6%B5%B7%E9%AF%B0+%E6%88%90%E4%BB%94%E4%B8%81+%E6%B3%B0%E4%BE%86%E6%B5%B7%E9%AF%B0+%E6%B5%B7%E9%AF%B0+%E7%99%BD%E8%82%89+&oid=14429 HTTP/1.1" 200 3584
27.247.64.248 - - [08/Jan/2016:00:23:41 +0800] "GET /content/repository/resource_content.jsp?oid=14427&queryString=%E5%A4%A7%E6%B5%B7%E9%AF%B0%20%E6%88%90%E4%BB%94%E4%B8%81%20%E6%B3%B0%E4%BE%86%E6%B5%B7%E9%AF%B0%20%E6%B5%B7%E9%AF%B0%20%E7%99%BD%E8%82%89 HTTP/1.1" 200 35553
27.247.64.248 - - [08/Jan/2016:00:23:42 +0800] "GET /content/nav/relationSubject.jsp?relationWords=%E6%88%90%E4%BB%94%E4%B8%81+%E6%96%91%E6%B5%B7%E9%AF%B0+%E6%B5%B7%E9%AF%B0+%E7%99%BD%E8%82%89+&oid=14427 HTTP/1.1" 200 3524
27.247.64.248 - - [08/Jan/2016:00:23:52 +0800] "GET /content/repository/resource_content.jsp?oid=14427&queryString=%E5%A4%A7%E6%B5%B7%E9%AF%B0%20%E6%88%90%E4%BB%94%E4%B8%81%20%E6%B3%B0%E4%BE%86%E6%B5%B7%E9%AF%B0%20%E6%B5%B7%E9%AF%B0%20%E7%99%BD%E8%82%89 HTTP/1.1" 200 35553
223.140.63.59 - - [08/Jan/2016:00:23:52 +0800] "GET /content/repository/resource_content.jsp?oid=14429&queryString=%E6%88%90%E4%BB%94%E4%B8%81+%E6%96%91%E6%B5%B7%E9%AF%B0+%E6%B5%B7%E9%AF%B0+%E7%99%BD%E8%82%89 HTTP/1.1" 200 35797
66.249.74.98 - - [08/Jan/2016:00:24:02 +0800] "GET /content/repository/resource_content.jsp?oid=1568572 HTTP/1.1" 200 30476
66.249.71.64 - - [08/Jan/2016:00:24:32 +0800] "GET /content/repository/resource_content.jsp?oid=1457790&queryString=%E6%B5%B7%E5%B2%B8%E6%93%AC%E8%8C%80%E8%95%A8 HTTP/1.1" 200 30114
220.133.190.191 - - [08/Jan/2016:00:24:43 +0800] "GET /content/repository/resource_content.jsp?oid=14429&queryString=%E6%88%90%E4%BB%94%E4%B8%81+%E6%96%91%E6%B5%B7%E9%AF%B0+%E6%B5%B7%E9%AF%B0+%E7%99%BD%E8%82%89 HTTP/1.1" 200 35797
220.133.190.191 - - [08/Jan/2016:00:24:44 +0800] "GET /content/nav/relationSubject.jsp?relationWords=%E5%A4%A7%E6%B5%B7%E9%AF%B0+%E6%88%90%E4%BB%94%E4%B8%81+%E6%B3%B0%E4%BE%86%E6%B5%B7%E9%AF%B0+%E6%B5%B7%E9%AF%B0+%E7%99%BD%E8%82%89+&oid=14429 HTTP/1.1" 200 3584
140.109.143.35 - - [08/Jan/2016:00:24:48 +0800] "GET /content/repository/resource_content.jsp?oid=14427&queryString=%E5%A4%A7%E6%B5%B7%E9%AF%B0%20%E6%88%90%E4%BB%94%E4%B8%81%20%E6%B3%B0%E4%BE%86%E6%B5%B7%E9%AF%B0%20%E6%B5%B7%E9%AF%B0%20%E7%99%BD%E8%82%89 HTTP/1.1" 200 35553
140.109.143.35 - - [08/Jan/2016:00:24:49 +0800] "GET /content/nav/relationSubject.jsp?relationWords=%E6%88%90%E4%BB%94%E4%B8%81+%E6%96%91%E6%B5%B7%E9%AF%B0+%E6%B5%B7%E9%AF%B0+%E7%99%BD%E8%82%89+&oid=14427 HTTP/1.1" 200 3524
66.249.71.60 - - [08/Jan/2016:00:24:58 +0800] "GET /content/repository/resource_content.jsp?oid=1522257 HTTP/1.1" 200 29006
66.249.71.72 - - [08/Jan/2016:00:25:00 +0800] "GET /content/nav/relationSubject.jsp?relationWords=%E5%85%AB%E8%A7%92%E8%8C%B4%E9%A6%99%E5%B1%AC+%E6%9D%B1%E4%BA%9E%E5%85%AB%E8%A7%92+%E6%A4%8D%E7%89%A9%E7%95%8C+&oid=2146859 HTTP/1.1" 200 3245
66.249.71.72 - - [08/Jan/2016:00:25:27 +0800] "GET /content/subject/resource_content.jsp?oid=16777297&queryType=qc HTTP/1.1" 200 31727
114.26.50.104 - - [08/Jan/2016:00:25:28 +0800] "GET /content/nav/relationSubject.jsp?relationWords=%E6%B8%85%E8%81%96%E7%A5%96+&oid=16777381 HTTP/1.1" 200 2915
66.249.71.72 - - [08/Jan/2016:00:25:34 +0800] "GET /content/repository/resource_content.jsp?oid=15227&queryString=%E6%B5%B7%E8%98%AD%20%E8%98%AD%E5%BE%B7 HTTP/1.1" 200 34225
66.249.71.113 - - [08/Jan/2016:00:25:56 +0800] "GET /content/repository/resource_content.jsp?oid=4470402&queryType=qs&queryString=%E8%AD%B7%E8%AC%A8 HTTP/1.1" 200 28812
150.70.173.46 - - [08/Jan/2016:00:26:01 +0800] "GET /content/repository/resource_content.jsp?oid=14429&queryString=%E6%88%90%E4%BB%94%E4%B8%81+%E6%96%91%E6%B5%B7%E9%AF%B0+%E6%B5%B7%E9%AF%B0+%E7%99%BD%E8%82%89 HTTP/1.1" 200 35797
111.243.109.103 - - [08/Jan/2016:00:26:13 +0800] "GET /content/repository/resource_content.jsp?oid=14429&queryString=%E6%88%90%E4%BB%94%E4%B8%81+%E6%96%91%E6%B5%B7%E9%AF%B0+%E6%B5%B7%E9%AF%B0+%E7%99%BD%E8%82%89 HTTP/1.1" 200 35797
66.249.71.5 - - [08/Jan/2016:00:26:14 +0800] "GET /content/nav/relationSubject.jsp?relationWords=%E6%AD%A6%E8%97%A4+%E8%97%A4%E5%B1%B1+%E8%A3%81%E5%88%A4+&oid=4473802 HTTP/1.1" 200 3640
111.243.109.103 - - [08/Jan/2016:00:26:15 +0800] "GET /content/nav/relationSubject.jsp?relationWords=%E5%A4%A7%E6%B5%B7%E9%AF%B0+%E6%88%90%E4%BB%94%E4%B8%81+%E6%B3%B0%E4%BE%86%E6%B5%B7%E9%AF%B0+%E6%B5%B7%E9%AF%B0+%E7%99%BD%E8%82%89+&oid=14429 HTTP/1.1" 200 3584
66.249.74.72 - - [08/Jan/2016:00:26:21 +0800] "GET /content/nav/relationSubject.jsp?relationWords=%E6%AD%A6%E8%97%A4%20%E8%97%A4%E5%B1%B1%20%E8%A3%81%E5%88%A4%20&oid=4473802 HTTP/1.1" 200 3640
66.249.71.41 - - [08/Jan/2016:00:26:24 +0800] "GET /content/repository/resource_content.jsp?oid=1844664&queryString=%E7%8A%A7%E9%A6%96%20%E7%8D%B8%E9%9D%A2%E7%B4%8B HTTP/1.1" 200 31031
123.125.71.83 - - [08/Jan/2016:00:26:44 +0800] "GET /content/repository/resource_content.jsp?oid=2646720 HTTP/1.1" 200 30374
66.249.71.60 - - [08/Jan/2016:00:26:50 +0800] "GET /content/nav/relationSubject.jsp?relationWords=%E4%B8%AD%E7%AD%89%E5%AD%B8%E6%A0%A1+%E4%BA%94%E5%B9%B4%E5%88%B6%E5%B0%88%E7%A7%91+%E5%90%B3%E9%B3%B3%E7%89%87+%E5%9C%8B%E6%A0%A1+%E5%9C%8B%E6%A0%A1%E6%95%99%E5%B8%AB+%E7%B4%85%E5%8C%85+&oid=1568572 HTTP/1.1" 200 3684
66.249.71.60 - - [08/Jan/2016:00:26:56 +0800] "GET /content/nav/relationSubject.jsp?relationWords=%E4%B8%AD%E7%AD%89%E5%AD%B8%E6%A0%A1%20%E4%BA%94%E5%B9%B4%E5%88%B6%E5%B0%88%E7%A7%91%20%E5%90%B3%E9%B3%B3%E7%89%87%20%E5%9C%8B%E6%A0%A1%20%E5%9C%8B%E6%A0%A1%E6%95%99%E5%B8%AB%20%E7%B4%85%E5%8C%85%20&oid=1568572 HTTP/1.1" 200 3684
66.249.74.100 - - [08/Jan/2016:00:27:22 +0800] "GET /content/repository/resource_content.jsp?oid=1636601 HTTP/1.1" 200 28783
163.22.18.68 - - [08/Jan/2016:00:27:30 +0800] "GET /content/repository/resource_content.jsp?oid=14429&queryString=%E6%88%90%E4%BB%94%E4%B8%81+%E6%96%91%E6%B5%B7%E9%AF%B0+%E6%B5%B7%E9%AF%B0+%E7%99%BD%E8%82%89 HTTP/1.1" 200 35797
163.22.18.68 - - [08/Jan/2016:00:27:31 +0800] "GET /content/nav/relationSubject.jsp?relationWords=%E5%A4%A7%E6%B5%B7%E9%AF%B0+%E6%88%90%E4%BB%94%E4%B8%81+%E6%B3%B0%E4%BE%86%E6%B5%B7%E9%AF%B0+%E6%B5%B7%E9%AF%B0+%E7%99%BD%E8%82%89+&oid=14429 HTTP/1.1" 200 3584
66.249.77.85 - - [08/Jan/2016:00:27:50 +0800] "GET /content/subject/resource_content.jsp?oid=16797297&queryType=qc HTTP/1.1" 200 67887
66.249.71.121 - - [08/Jan/2016:00:28:19 +0800] "GET /content/repository/resource_content.jsp?oid=799912&queryType=qs&queryString=%E8%A3%9D%E8%A3%B1 HTTP/1.1" 200 28282
163.22.18.68 - - [08/Jan/2016:00:28:29 +0800] "GET /content/repository/resource_content.jsp?oid=14429&queryString=%E6%88%90%E4%BB%94%E4%B8%81+%E6%96%91%E6%B5%B7%E9%AF%B0+%E6%B5%B7%E9%AF%B0+%E7%99%BD%E8%82%89 HTTP/1.1" 200 35797
163.22.18.68 - - [08/Jan/2016:00:28:30 +0800] "GET /content/nav/relationSubject.jsp?relationWords=%E5%A4%A7%E6%B5%B7%E9%AF%B0+%E6%88%90%E4%BB%94%E4%B8%81+%E6%B3%B0%E4%BE%86%E6%B5%B7%E9%AF%B0+%E6%B5%B7%E9%AF%B0+%E7%99%BD%E8%82%89+&oid=14429 HTTP/1.1" 200 3584
157.55.39.131 - - [08/Jan/2016:00:28:36 +0800] "GET /content/subject/resource_content.jsp?oid=16777842&queryType=qc HTTP/1.1" 200 36275
66.249.71.72 - - [08/Jan/2016:00:28:47 +0800] "GET /content/repository/resource_content.jsp?oid=2144683 HTTP/1.1" 200 30989
40.77.167.5 - - [08/Jan/2016:00:28:56 +0800] "GET /content/subject/resource_content.jsp?oid=16777825&queryType=qc HTTP/1.1" 200 41691
66.249.74.70 - - [08/Jan/2016:00:29:16 +0800] "GET /content/repository/resource_content.jsp?oid=3819739&queryString=%E5%A4%A7%E8%91%89%E5%B1%B1%E6%AC%96 HTTP/1.1" 200 31126
66.249.71.50 - - [08/Jan/2016:00:29:30 +0800] "GET /content/nav/relationSubject.jsp?relationWords=%E7%8D%B8%E9%9D%A2%E7%B4%8B+&oid=1844664 HTTP/1.1" 200 3029
66.249.71.41 - - [08/Jan/2016:00:29:33 +0800] "GET /content/nav/relationSubject.jsp?relationWords=%E7%8D%B8%E9%9D%A2%E7%B4%8B%20&oid=1844664 HTTP/1.1" 200 3029
66.249.71.105 - - [08/Jan/2016:00:29:44 +0800] "GET /content/repository/resource_content.jsp?oid=4352598&queryType=qs&queryString=%E6%B1%A0%E6%B2%BC HTTP/1.1" 200 35962
66.249.71.105 - - [08/Jan/2016:00:30:04 +0800] "GET /content/nav/relationSubject.jsp?relationWords=%E6%9C%AD%E5%A7%94+%E7%B8%A3%E4%B8%9E+%E8%A3%9D%E8%A3%B1+&oid=799912 HTTP/1.1" 200 3205
114.43.186.156 - - [08/Jan/2016:00:30:05 +0800] "GET /content/repository/resource_content.jsp?oid=14429&queryString=%E6%88%90%E4%BB%94%E4%B8%81+%E6%96%91%E6%B5%B7%E9%AF%B0+%E6%B5%B7%E9%AF%B0+%E7%99%BD%E8%82%89 HTTP/1.1" 200 35797
114.43.186.156 - - [08/Jan/2016:00:30:06 +0800] "GET /content/nav/relationSubject.jsp?relationWords=%E5%A4%A7%E6%B5%B7%E9%AF%B0+%E6%88%90%E4%BB%94%E4%B8%81+%E6%B3%B0%E4%BE%86%E6%B5%B7%E9%AF%B0+%E6%B5%B7%E9%AF%B0+%E7%99%BD%E8%82%89+&oid=14429 HTTP/1.1" 200 3584
66.249.71.72 - - [08/Jan/2016:00:30:08 +0800] "GET /content/nav/relationSubject.jsp?relationWords=%E5%8F%B0%E7%81%A3%E5%9C%9F%E9%BB%A8%E5%8F%83+%E5%9C%9F%E9%BB%A8%E5%8F%83+%E5%9C%9F%E9%BB%A8%E5%8F%83%E5%B1%AC+%E6%A1%94%E6%A2%97+%E6%A1%94%E6%A2%97%E7%A7%91+%E6%A4%8D%E7%89%A9%E7%95%8C+%E9%BB%A8%E5%8F%83+&oid=1107853 HTTP/1.1" 200 3524
66.249.71.121 - - [08/Jan/2016:00:30:10 +0800] "GET /content/nav/relationSubject.jsp?relationWords=%E6%9C%AD%E5%A7%94%20%E7%B8%A3%E4%B8%9E%20%E8%A3%9D%E8%A3%B1%20&oid=799912 HTTP/1.1" 200 3205
66.249.71.60 - - [08/Jan/2016:00:30:11 +0800] "GET /content/nav/relationSubject.jsp?relationWords=%E5%8F%B0%E7%81%A3%E5%9C%9F%E9%BB%A8%E5%8F%83%20%E5%9C%9F%E9%BB%A8%E5%8F%83%20%E5%9C%9F%E9%BB%A8%E5%8F%83%E5%B1%AC%20%E6%A1%94%E6%A2%97%20%E6%A1%94%E6%A2%97%E7%A7%91%20%E6%A4%8D%E7%89%A9%E7%95%8C%20%E9%BB%A8%E5%8F%83%20&oid=1107853 HTTP/1.1" 200 3524
66.249.71.105 - - [08/Jan/2016:00:30:13 +0800] "GET /content/repository/resource_content.jsp?oid=1828608&queryType=qs&queryString=%E8%A5%BF%E7%8E%8B%E6%AF%8D HTTP/1.1" 200 37944
66.249.73.187 - - [08/Jan/2016:00:30:43 +0800] "GET /content/repository/resource_content.jsp?oid=1782293 HTTP/1.1" 200 28655
66.249.71.60 - - [08/Jan/2016:00:31:28 +0800] "GET /content/repository/resource_content.jsp?oid=1555266&queryString=%E5%B7%A5%E5%A0%B4%20%E7%B8%BD%E7%9D%A3%E5%AE%98%E6%88%BF%20%E7%BA%96%E7%B6%AD%20%E8%AC%9D%E6%85%B6%20%E9%87%91%E7%93%9C%20%E9%87%91%E7%93%9C%E7%9F%B3 HTTP/1.1" 200 28851
66.249.71.60 - - [08/Jan/2016:00:31:30 +0800] "GET /content/nav/relationSubject.jsp?relationWords=%E6%9F%B3%E7%87%9F+%E8%87%BA%E5%8D%97%E7%B8%A3+%E8%BE%B2%E5%9C%B0%E9%87%8D%E5%8A%83+%E9%87%8D%E5%8A%83%E5%8D%80+&oid=1636601 HTTP/1.1" 200 5468
66.249.71.60 - - [08/Jan/2016:00:31:32 +0800] "GET /content/nav/relationSubject.jsp?relationWords=%E6%9F%B3%E7%87%9F%20%E8%87%BA%E5%8D%97%E7%B8%A3%20%E8%BE%B2%E5%9C%B0%E9%87%8D%E5%8A%83%20%E9%87%8D%E5%8A%83%E5%8D%80%20&oid=1636601 HTTP/1.1" 200 5468
111.248.215.247 - - [08/Jan/2016:00:32:06 +0800] "GET /content/repository/resource_content.jsp?oid=14429&queryString=%E6%88%90%E4%BB%94%E4%B8%81+%E6%96%91%E6%B5%B7%E9%AF%B0+%E6%B5%B7%E9%AF%B0+%E7%99%BD%E8%82%89 HTTP/1.1" 200 35797
111.248.215.247 - - [08/Jan/2016:00:32:09 +0800] "GET /content/nav/relationSubject.jsp?relationWords=%E5%A4%A7%E6%B5%B7%E9%AF%B0+%E6%88%90%E4%BB%94%E4%B8%81+%E6%B3%B0%E4%BE%86%E6%B5%B7%E9%AF%B0+%E6%B5%B7%E9%AF%B0+%E7%99%BD%E8%82%89+&oid=14429 HTTP/1.1" 200 3584
66.249.71.64 - - [08/Jan/2016:00:32:10 +0800] "GET /content/repository/resource_content.jsp?oid=20864 HTTP/1.1" 200 29667
111.248.215.247 - - [08/Jan/2016:00:32:19 +0800] "GET /content/repository/resource_content.jsp?oid=14429&queryString=%E6%88%90%E4%BB%94%E4%B8%81+%E6%96%91%E6%B5%B7%E9%AF%B0+%E6%B5%B7%E9%AF%B0+%E7%99%BD%E8%82%89 HTTP/1.1" 200 35797
111.248.215.247 - - [08/Jan/2016:00:32:20 +0800] "GET /content/nav/relationSubject.jsp?relationWords=%E5%A4%A7%E6%B5%B7%E9%AF%B0+%E6%88%90%E4%BB%94%E4%B8%81+%E6%B3%B0%E4%BE%86%E6%B5%B7%E9%AF%B0+%E6%B5%B7%E9%AF%B0+%E7%99%BD%E8%82%89+&oid=14429 HTTP/1.1" 200 3584
66.249.71.64 - - [08/Jan/2016:00:33:04 +0800] "GET /content/nav/relationSubject.jsp?relationWords=%E6%AD%A6%E8%8B%B1%E6%AE%BF+&oid=2657063 HTTP/1.1" 200 3075
66.249.71.60 - - [08/Jan/2016:00:33:05 +0800] "GET /content/nav/relationSubject.jsp?relationWords=%E6%99%9A%E9%9C%9E%E8%8A%8B%E8%9E%BA+%E8%85%B9%E8%B6%B3%E7%B6%B1+%E8%8A%8B%E8%9E%BA%E5%B1%AC+%E8%8A%8B%E8%9E%BA%E7%A7%91+&oid=1636993 HTTP/1.1" 200 3399
66.249.71.41 - - [08/Jan/2016:00:33:07 +0800] "GET /content/subject/resource_content.jsp?oid=16777619&queryType=qc HTTP/1.1" 200 78769
