66.249.71.59 - - [29/Dec/2015:01:31:50 +0800] "GET /content/repository/resource_content.jsp?oid=1521450&queryType=qs&queryString=%E8%BA%AB%E5%88%86%E8%AD%89 HTTP/1.1" 200 29514
140.120.238.66 - - [29/Dec/2015:01:32:14 +0800] "GET /content/repository/resource_content.jsp?oid=1814563&queryType=null&queryString=%E8%A5%BF%E7%8E%8B%E6%AF%8D HTTP/1.1" 200 32823
140.120.238.66 - - [29/Dec/2015:01:32:15 +0800] "GET /content/nav/relationSubject.jsp?relationWords=%E5%A3%AC%E5%8D%88+%E8%A5%BF%E7%8E%8B%E6%AF%8D+%E9%A1%8C%E8%A8%98+&oid=1814563 HTTP/1.1" 200 4890
66.249.71.5 - - [29/Dec/2015:01:32:37 +0800] "GET /digiarch3/content/subject/resource_content.jsp?oid=16777342&queryType=qc HTTP/1.1" 200 33225
66.249.77.97 - - [29/Dec/2015:01:33:24 +0800] "GET /content/subject/resource_content.jsp?oid=16777448&queryType=qc HTTP/1.1" 200 34511
66.249.71.72 - - [29/Dec/2015:01:33:30 +0800] "GET /content/repository/resource_content.jsp?oid=523860&queryString=%E5%B0%8F%E4%B9%9D%E5%AD%94%20%E6%B7%BA%E6%88%B3%E4%BB%94%20%E7%AC%A0%E8%9E%BA%20%E8%85%B9%E8%B6%B3%E7%B6%B1%20%E8%8A%B1%E7%AC%A0%E8%9E%BA HTTP/1.1" 200 36813
218.250.104.180 - - [29/Dec/2015:01:33:39 +0800] "GET /content/nav/relationSubject.jsp?relationWords=&oid=16777576 HTTP/1.1" 200 1405
66.249.71.64 - - [29/Dec/2015:01:34:11 +0800] "GET /content/subject/resource_content.jsp?oid=16777491&queryType=qs&queryString=%E8%81%AF%E5%90%88%E7%9B%AE%E9%8C%84 HTTP/1.1" 200 48771
68.180.228.24 - - [29/Dec/2015:01:34:34 +0800] "GET /digiarch_en/content/tmp_exh/resource_content.jsp?oid=16777849&queryType=qc HTTP/1.1" 200 27035
59.120.194.6 - - [29/Dec/2015:01:34:41 +0800] "GET /content/subject/resource_content.jsp?oid=16777706 HTTP/1.1" 200 53849
59.120.194.6 - - [29/Dec/2015:01:34:41 +0800] "GET /content/nav/relationSubject.jsp?relationWords=%E5%A0%A1%E5%9C%96+&oid=16777706 HTTP/1.1" 200 2864
66.249.71.14 - - [29/Dec/2015:01:34:57 +0800] "GET /digiarch3/content/subject/resource_content.jsp?oid=16777519&queryType=qc HTTP/1.1" 200 36026
66.249.71.121 - - [29/Dec/2015:01:35:21 +0800] "GET /content/nav/relationSubject.jsp?relationWords=%E5%8A%89%E7%82%BA+%E6%B8%85%E4%BF%A1%E5%A5%B3+&oid=1826853 HTTP/1.1" 200 3549
66.249.71.105 - - [29/Dec/2015:01:35:22 +0800] "GET /content/nav/relationSubject.jsp?relationWords=%E5%8A%89%E7%82%BA%20%E6%B8%85%E4%BF%A1%E5%A5%B3%20&oid=1826853 HTTP/1.1" 200 3549
66.249.79.27 - - [29/Dec/2015:01:35:45 +0800] "GET /content/subject/resource_content.jsp?oid=16777645&queryType=qs&queryString=%E6%A5%8A%E6%B0%B4%E5%BF%83 HTTP/1.1" 200 63818
66.249.71.72 - - [29/Dec/2015:01:38:05 +0800] "GET /content/repository/resource_content.jsp?oid=1546175&queryString=%E5%85%AD%E5%BA%9C%20%E8%8C%B6%E5%AE%A4 HTTP/1.1" 200 29161
66.249.71.72 - - [29/Dec/2015:01:39:09 +0800] "GET /digiarch_en/content/nav/relationSubject.jsp?relationWords=%E5%9B%BA%E5%AE%9A%E8%B3%87%E7%94%A2+%E5%9C%9F%E5%9C%B0%E9%8A%80%E8%A1%8C+%E5%9C%B0%E8%99%9F+%E8%87%BA%E5%8C%97%E5%B8%82+%E8%87%BA%E7%81%A3%E7%9C%81%E6%94%BF%E5%BA%9C+%E9%87%91%E4%BE%86+%E9%A0%90%E7%AE%97+%E9%AB%98%E9%9B%84%E5%B8%82+&oid=1897846 HTTP/1.1" 200 5652
66.249.71.60 - - [29/Dec/2015:01:41:11 +0800] "GET /content/subject/resource_content.jsp?oid=16797240&queryType=qc HTTP/1.1" 200 42460
66.249.71.72 - - [29/Dec/2015:01:41:28 +0800] "GET /content/nav/relationSubject.jsp?relationWords=%E5%8A%A0%E5%B7%A5%E5%BB%A0%20%E5%B0%8F%E5%9F%94%E7%A4%BE%20%E5%B7%AB%E9%87%8D%E8%88%88%20%E5%B8%AD%E6%9E%97%20%E6%9E%97%E5%BF%97%20%E8%87%BA%E7%B3%96%20&oid=1552819 HTTP/1.1" 200 4237
66.249.74.102 - - [29/Dec/2015:01:42:22 +0800] "GET /content/nav/relationSubject.jsp?relationWords=%E4%BB%81%E6%AD%A6%E9%84%89+%E4%BD%99%E7%99%BB%E7%99%BC+%E5%9C%B0%E6%96%B9%E6%B3%95%E9%99%A2+%E5%9C%B0%E7%9B%AE%E8%AE%8A%E6%9B%B4+%E5%A4%A7%E7%A4%BE%E9%84%89+%E6%9C%9D%E7%8F%A0+%E6%9E%97%E4%BA%AE%E9%9B%B2+%E7%8E%8B%E5%AE%89%E9%A0%86+%E7%9C%81%E6%94%BF%E5%BA%9C+%E9%99%B3%E8%8F%AF%E5%AE%97+&oid=1531088 HTTP/1.1" 200 4922
66.249.74.98 - - [29/Dec/2015:01:42:24 +0800] "GET /content/nav/relationSubject.jsp?relationWords=%E4%BB%81%E6%AD%A6%E9%84%89%20%E4%BD%99%E7%99%BB%E7%99%BC%20%E5%9C%B0%E6%96%B9%E6%B3%95%E9%99%A2%20%E5%9C%B0%E7%9B%AE%E8%AE%8A%E6%9B%B4%20%E5%A4%A7%E7%A4%BE%E9%84%89%20%E6%9C%9D%E7%8F%A0%20%E6%9E%97%E4%BA%AE%E9%9B%B2%20%E7%8E%8B%E5%AE%89%E9%A0%86%20%E7%9C%81%E6%94%BF%E5%BA%9C%20%E9%99%B3%E8%8F%AF%E5%AE%97%20&oid=1531088 HTTP/1.1" 200 4922
66.249.71.60 - - [29/Dec/2015:01:42:45 +0800] "GET /content/repository/resource_content.jsp?oid=1552822 HTTP/1.1" 200 29050
66.249.71.60 - - [29/Dec/2015:01:43:47 +0800] "GET /content/subject/resource_content.jsp?oid=16777368&queryType=qc HTTP/1.1" 200 31931
68.180.230.178 - - [29/Dec/2015:01:43:55 +0800] "GET /content/subject/resource_content.jsp?oid=16777425&queryType=qc HTTP/1.1" 200 35696
66.249.74.102 - - [29/Dec/2015:01:44:13 +0800] "GET /content/nav/relationSubject.jsp?relationWords=%E9%9D%92%E7%9E%BB%E6%98%9F%E9%AD%9A+&oid=25599 HTTP/1.1" 200 3226
66.249.74.98 - - [29/Dec/2015:01:44:14 +0800] "GET /content/nav/relationSubject.jsp?relationWords=%E9%9D%92%E7%9E%BB%E6%98%9F%E9%AD%9A%20&oid=25599 HTTP/1.1" 200 3226
66.249.71.60 - - [29/Dec/2015:01:44:18 +0800] "GET /content/tmp_exh/resource_content.jsp?oid=16777849&queryString= HTTP/1.1" 200 32528
66.249.71.72 - - [29/Dec/2015:01:45:48 +0800] "GET /content/repository/resource_content.jsp?oid=173681 HTTP/1.1" 200 30089
66.249.71.72 - - [29/Dec/2015:01:47:26 +0800] "GET /content/repository/resource_content.jsp?oid=2152132&queryString=%E5%BE%8C%E5%A4%A7%E5%9F%94%E7%9F%B3%E6%AB%9F%20%E6%9F%AF%E5%B1%AC%20%E6%A4%8D%E7%89%A9%E7%95%8C%20%E6%AE%BC%E6%96%97%E7%A7%91%20%E7%85%99%E6%96%97%20%E7%85%99%E6%96%97%E7%9F%B3%E6%AB%9F%20%E7%9F%B3%E6%AB%9F HTTP/1.1" 200 31626
120.113.184.171 - - [29/Dec/2015:01:47:29 +0800] "GET /content/nav/relationSubject.jsp?relationWords=%E7%99%BD%E5%8D%83%E5%B1%A4+&oid=16777287 HTTP/1.1" 200 3852
66.249.71.173 - - [29/Dec/2015:01:48:59 +0800] "GET /content/repository/resource_content.jsp?oid=1780646&queryString=%E6%A8%B9%E7%9A%AE%E5%B8%83 HTTP/1.1" 200 29558
66.249.71.60 - - [29/Dec/2015:01:49:46 +0800] "GET /content/subject/resource_content.jsp?oid=16777644&queryType=qs&queryString=%E7%BE%8E%E8%A1%93%E9%A4%A8 HTTP/1.1" 200 33481
68.180.228.24 - - [29/Dec/2015:01:50:19 +0800] "GET /digiarch_en/content/repository/resource_content.jsp?oid=1124522&queryType=qc HTTP/1.1" 200 27270
66.249.71.155 - - [29/Dec/2015:01:50:32 +0800] "GET /content/subject/resource_content.jsp?oid=16777630&queryType=qs&queryString=%E6%A5%8A%E6%B0%B4%E5%BF%83 HTTP/1.1" 200 64999
66.249.71.72 - - [29/Dec/2015:01:51:19 +0800] "GET /content/repository/resource_content.jsp?oid=4364436&queryString=%E7%B6%81%E8%85%BF HTTP/1.1" 200 28913
68.180.228.24 - - [29/Dec/2015:01:51:37 +0800] "GET /content/tmp_auth/resource_content.jsp?oid=16777373 HTTP/1.1" 200 26943
66.249.71.60 - - [29/Dec/2015:01:51:59 +0800] "GET /content/repository/resource_content.jsp?oid=2146714&queryString=%E5%B1%B1%E8%9E%9E%E8%9D%97%E5%B1%AC%20%E6%B3%A2%E8%91%89%E5%B1%B1%E8%9E%9E%E8%9D%97 HTTP/1.1" 200 31443
66.249.71.72 - - [29/Dec/2015:01:52:06 +0800] "GET /content/repository/resource_content.jsp?oid=2568672 HTTP/1.1" 200 30109
66.249.71.64 - - [29/Dec/2015:01:52:53 +0800] "GET /content/subject/resource_content.jsp?oid=16777376&queryType=qs&queryString=%E9%98%B2%E9%A2%A8%E6%9E%97 HTTP/1.1" 200 35827
66.249.71.173 - - [29/Dec/2015:01:53:40 +0800] "GET /content/repository/resource_content.jsp?oid=14222&queryType=qs&queryString=%E8%87%BC%E9%BD%92 HTTP/1.1" 200 33516
66.249.77.91 - - [29/Dec/2015:01:54:26 +0800] "GET /content/subject/resource_content.jsp?oid=16777450&queryString= HTTP/1.1" 200 28909
66.249.71.72 - - [29/Dec/2015:01:55:10 +0800] "GET /content/nav/relationSubject.jsp?relationWords=%E6%98%9F%E7%AC%A0%E8%9E%BA%20%E7%AC%A0%E8%9E%BA%20%E8%85%B9%E8%B6%B3%E7%B6%B1%20&oid=523860 HTTP/1.1" 200 3356
66.249.71.72 - - [29/Dec/2015:01:55:13 +0800] "GET /content/subject/resource_content.jsp?oid=16777581&queryString=%E5%88%9D%E4%B8%AD%20%E6%9D%8E%E6%87%89%E9%8F%9C%20%E8%87%A8%E6%99%82%E7%9C%81%E8%AD%B0%E6%9C%83%20%E8%87%BA%E7%81%A3%E7%9C%81%20%E8%A5%BF%E8%9E%BA HTTP/1.1" 200 47314
66.249.77.85 - - [29/Dec/2015:01:56:00 +0800] "GET /content/subject/resource_content.jsp?oid=16777766&queryType=qc HTTP/1.1" 200 50601
66.249.71.72 - - [29/Dec/2015:01:56:47 +0800] "GET /digiarch_en/content/repository/resource_content.jsp?oid=15872&queryString=%E6%93%AC%E9%B1%B8%20%E7%B1%B3%E9%A6%AC%E6%93%AC%E9%B1%B8 HTTP/1.1" 200 28046
68.180.228.24 - - [29/Dec/2015:01:57:08 +0800] "GET /content/subject/resource_content.jsp?oid=16777420&queryType=qc HTTP/1.1" 200 30170
66.249.77.85 - - [29/Dec/2015:01:57:33 +0800] "GET /content/repository/resource_content.jsp?oid=15574&queryString=%E9%9B%9E%E9%AD%9A HTTP/1.1" 200 34127
68.180.228.24 - - [29/Dec/2015:01:57:39 +0800] "GET /digiarch_en/content/subject/resource_content.jsp?oid=16777536&queryType=qc HTTP/1.1" 200 28880
66.249.71.64 - - [29/Dec/2015:01:58:07 +0800] "GET /content/repository/resource_content.jsp?oid=207184 HTTP/1.1" 200 30468
66.249.71.60 - - [29/Dec/2015:01:58:33 +0800] "GET /content/nav/relationSubject.jsp?relationWords=%E6%A4%8D%E7%89%A9%E7%95%8C+%E8%88%96%E5%9C%B0+%E8%88%96%E5%9C%B0%E8%9D%99%E8%9D%A0%E8%8D%89+%E8%9D%99%E8%9D%A0%E8%8D%89+%E8%9D%99%E8%9D%A0%E8%8D%89%E5%B1%AC+%E8%A0%B6%E8%B1%86+%E9%9B%99%E5%AD%90%E8%91%89+%E9%9B%99%E5%AD%90%E8%91%89%E6%A4%8D%E7%89%A9+&oid=1462531 HTTP/1.1" 200 3602
66.249.71.60 - - [29/Dec/2015:01:58:35 +0800] "GET /content/nav/relationSubject.jsp?relationWords=%E6%A4%8D%E7%89%A9%E7%95%8C%20%E8%88%96%E5%9C%B0%20%E8%88%96%E5%9C%B0%E8%9D%99%E8%9D%A0%E8%8D%89%20%E8%9D%99%E8%9D%A0%E8%8D%89%20%E8%9D%99%E8%9D%A0%E8%8D%89%E5%B1%AC%20%E8%A0%B6%E8%B1%86%20%E9%9B%99%E5%AD%90%E8%91%89%20%E9%9B%99%E5%AD%90%E8%91%89%E6%A4%8D%E7%89%A9%20&oid=1462531 HTTP/1.1" 200 3602
66.249.77.85 - - [29/Dec/2015:01:59:07 +0800] "GET /content/subject/resource_content.jsp?oid=16777425&queryType=qs&queryString=%E7%BE%85%E9%A6%AC%E6%95%B8%E5%AD%97 HTTP/1.1" 200 35671
66.249.71.64 - - [29/Dec/2015:01:59:53 +0800] "GET /content/repository/resource_content.jsp?oid=1545685 HTTP/1.1" 200 33352
66.249.71.60 - - [29/Dec/2015:02:00:31 +0800] "GET /content/nav/relationSubject.jsp?relationWords=%E6%9D%BE%E5%AF%84%E7%94%9F+%E6%9D%BE%E5%AF%84%E7%94%9F%E5%B1%AC+%E6%A1%91%E5%AF%84%E7%94%9F+%E6%A1%91%E5%AF%84%E7%94%9F%E5%B1%AC+%E6%A4%8D%E7%89%A9%E7%95%8C+%E8%93%AE%E8%8F%AF%E6%B1%A0%E5%AF%84%E7%94%9F+%E9%88%8D%E6%9E%9C%E6%A1%91%E5%AF%84%E7%94%9F%E5%B1%AC+&oid=2150049 HTTP/1.1" 200 3619
66.249.71.60 - - [29/Dec/2015:02:00:33 +0800] "GET /content/nav/relationSubject.jsp?relationWords=%E6%9D%BE%E5%AF%84%E7%94%9F%20%E6%9D%BE%E5%AF%84%E7%94%9F%E5%B1%AC%20%E6%A1%91%E5%AF%84%E7%94%9F%20%E6%A1%91%E5%AF%84%E7%94%9F%E5%B1%AC%20%E6%A4%8D%E7%89%A9%E7%95%8C%20%E8%93%AE%E8%8F%AF%E6%B1%A0%E5%AF%84%E7%94%9F%20%E9%88%8D%E6%9E%9C%E6%A1%91%E5%AF%84%E7%94%9F%E5%B1%AC%20&oid=2150049 HTTP/1.1" 200 3619
66.249.71.105 - - [29/Dec/2015:02:01:27 +0800] "GET /content/repository/resource_content.jsp?oid=1591069&queryType=qs&queryString=%E6%9C%AC%E5%9C%9F%E5%8C%96 HTTP/1.1" 200 28724
66.249.71.105 - - [29/Dec/2015:02:02:14 +0800] "GET /content/subject/resource_content.jsp?oid=16777397&queryType=qc HTTP/1.1" 200 29417
66.249.71.64 - - [29/Dec/2015:02:03:01 +0800] "GET /content/repository/resource_content.jsp?oid=2668188&queryString=%E5%88%91%E9%83%A8%20%E6%96%AC%E4%BA%8B HTTP/1.1" 200 30639
66.249.71.121 - - [29/Dec/2015:02:04:09 +0800] "GET /content/nav/relationSubject.jsp?relationWords=%E5%94%87%E5%BD%A2%E7%A7%91+%E6%A4%8D%E7%89%A9%E7%95%8C+%E8%8F%AF%E9%BA%9D%E9%A6%99%E8%8D%89+%E8%96%84%E8%8D%B7+%E9%9B%99%E5%AD%90%E8%91%89%E6%A4%8D%E7%89%A9+&oid=2148460 HTTP/1.1" 200 3429
66.249.71.105 - - [29/Dec/2015:02:04:11 +0800] "GET /content/nav/relationSubject.jsp?relationWords=%E5%94%87%E5%BD%A2%E7%A7%91%20%E6%A4%8D%E7%89%A9%E7%95%8C%20%E8%8F%AF%E9%BA%9D%E9%A6%99%E8%8D%89%20%E8%96%84%E8%8D%B7%20%E9%9B%99%E5%AD%90%E8%91%89%E6%A4%8D%E7%89%A9%20&oid=2148460 HTTP/1.1" 200 3429
66.249.71.14 - - [29/Dec/2015:02:04:15 +0800] "GET /digiarch3/content/pictures/picture_content.jsp?oid=33554629&classify=2562 HTTP/1.1" 200 27431
163.29.241.233 - - [29/Dec/2015:02:05:31 +0800] "GET /content/repository/resource_content.jsp?oid=4352182&queryType=qs&queryString=%E5%A5%88%E6%B0%8F HTTP/1.1" 200 35899
66.249.77.85 - - [29/Dec/2015:02:06:07 +0800] "GET /content/subject/resource_content.jsp?oid=16777485&queryType=qc HTTP/1.1" 200 39423
66.249.71.60 - - [29/Dec/2015:02:07:41 +0800] "GET /content/subject/resource_content.jsp?oid=16777382&queryString=%E6%95%B8%E4%BD%8D%E5%85%B8%E8%97%8F%20%E9%89%9B%E5%AD%97%20%E9%8A%85%E6%A8%A1 HTTP/1.1" 200 30981
66.249.79.24 - - [29/Dec/2015:02:08:29 +0800] "GET /content/subject/resource_content.jsp?oid=16777735&queryType=qs&queryString=%E6%B0%91%E6%97%8F%E8%AA%8C HTTP/1.1" 200 32500
66.249.71.23 - - [29/Dec/2015:02:10:02 +0800] "GET /digiarch3/content/subject/resource_content.jsp?oid=16777740&queryType=qc HTTP/1.1" 200 41300
68.180.228.24 - - [29/Dec/2015:02:10:27 +0800] "GET /digiarch_en/content/subject/resource_content.jsp?oid=16777439&queryType=qc HTTP/1.1" 200 30802
66.249.71.121 - - [29/Dec/2015:02:10:48 +0800] "GET /content/repository/resource_content.jsp?oid=817994&queryType=qs&queryString=%E7%80%BE%E5%8B%B3 HTTP/1.1" 200 28162
136.243.103.157 - - [29/Dec/2015:02:11:13 +0800] "GET /content/subject/resource_content.jsp?oid=16777287&queryType=qc HTTP/1.0" 200 33546
136.243.103.157 - - [29/Dec/2015:02:11:19 +0800] "GET /content/subject/resource_content.jsp?oid=16777302&queryType=qc HTTP/1.0" 200 33389
136.243.103.157 - - [29/Dec/2015:02:11:29 +0800] "GET /content/subject/resource_content.jsp?oid=16777488&queryType=qc HTTP/1.0" 200 60805
136.243.103.157 - - [29/Dec/2015:02:11:33 +0800] "GET /content/subject/resource_content.jsp?oid=16777615&queryType=qc HTTP/1.0" 200 37874
136.243.103.157 - - [29/Dec/2015:02:11:38 +0800] "GET /content/subject/resource_content.jsp?oid=16777647&queryType=qc HTTP/1.0" 200 56404
136.243.103.157 - - [29/Dec/2015:02:11:44 +0800] "GET /content/subject/resource_content.jsp?oid=16777730&queryType=qc HTTP/1.0" 200 46259
136.243.103.157 - - [29/Dec/2015:02:11:49 +0800] "GET /content/subject/resource_content.jsp?oid=16777731&queryType=qc HTTP/1.0" 200 43330
136.243.103.157 - - [29/Dec/2015:02:11:54 +0800] "GET /content/subject/resource_content.jsp?oid=16777734&queryType=qc HTTP/1.0" 200 40246
136.243.103.157 - - [29/Dec/2015:02:12:01 +0800] "GET /content/subject/resource_content.jsp?oid=16777740&queryType=qc HTTP/1.0" 200 41235
136.243.103.157 - - [29/Dec/2015:02:12:06 +0800] "GET /content/subject/resource_content.jsp?oid=16777741&queryType=qc HTTP/1.0" 200 53466
136.243.103.157 - - [29/Dec/2015:02:12:11 +0800] "GET /content/subject/resource_content.jsp?oid=16777742&queryType=qc HTTP/1.0" 200 38970
136.243.103.157 - - [29/Dec/2015:02:12:16 +0800] "GET /content/subject/resource_content.jsp?oid=16777745&queryType=qc HTTP/1.0" 200 35880
136.243.103.157 - - [29/Dec/2015:02:12:21 +0800] "GET /content/subject/resource_content.jsp?oid=16797240&queryType=qc HTTP/1.0" 200 42408
66.249.71.113 - - [29/Dec/2015:02:12:22 +0800] "GET /content/repository/resource_content.jsp?oid=4353251&queryType=qs&queryString=%E7%A6%8F%E6%B0%8F%E5%88%BA%E5%B0%BB%E9%AD%9A HTTP/1.1" 200 34031
136.243.103.157 - - [29/Dec/2015:02:12:25 +0800] "GET /content/subject/resource_content.jsp?oid=16797246&queryType=qc HTTP/1.0" 200 43599
136.243.103.157 - - [29/Dec/2015:02:12:30 +0800] "GET /content/tmp_auth/resource_content.jsp?oid=16777758 HTTP/1.0" 200 25270
136.243.103.157 - - [29/Dec/2015:02:12:34 +0800] "GET /content/tmp_auth/resource_content.jsp?oid=16777759 HTTP/1.0" 200 25267
136.243.103.157 - - [29/Dec/2015:02:12:39 +0800] "GET /content/tmp_auth/resource_content.jsp?oid=16777777 HTTP/1.0" 200 29370
136.243.103.157 - - [29/Dec/2015:02:12:44 +0800] "GET /content/tmp_auth/resource_content.jsp?oid=16777809 HTTP/1.0" 200 37083
136.243.103.157 - - [29/Dec/2015:02:12:49 +0800] "GET /content/tmp_auth/resource_content.jsp?oid=16777810 HTTP/1.0" 200 40535
136.243.103.157 - - [29/Dec/2015:02:12:54 +0800] "GET /content/tmp_exh/resource_content.jsp?oid=16777750&queryType=qc HTTP/1.0" 200 32459
66.249.71.72 - - [29/Dec/2015:02:13:06 +0800] "GET /content/nav/relationSubject.jsp?relationWords=%E4%B8%AD%E5%9C%8B%E5%A4%A7%E9%99%B8%E5%9C%B0%E5%9C%96%20%E9%BB%83%E9%BE%8D%E5%B1%B1%20&oid=207184 HTTP/1.1" 200 3192
66.249.71.105 - - [29/Dec/2015:02:13:08 +0800] "GET /content/repository/resource_content.jsp?oid=4362479&queryType=qs&queryString=%E9%9F%93%E6%B9%98%E5%AD%90 HTTP/1.1" 200 28268
36.239.190.183 - - [29/Dec/2015:02:13:17 +0800] "GET /content/repository/resource_content.jsp?oid=1456974 HTTP/1.1" 200 30862
36.239.190.183 - - [29/Dec/2015:02:13:20 +0800] "GET /content/nav/relationSubject.jsp?relationWords=%E4%B8%83%E9%87%8C%E9%A6%99+%E6%A4%8D%E7%89%A9%E7%95%8C+%E6%B5%B7%E6%A1%90+%E6%B5%B7%E6%A1%90%E5%B1%AC+%E8%96%94%E8%96%87%E7%9B%AE+&oid=1456974 HTTP/1.1" 200 3356
66.249.71.105 - - [29/Dec/2015:02:13:39 +0800] "GET /content/nav/relationSubject.jsp?relationWords=%E5%8D%B0%E5%8B%99+%E5%A7%94%E7%BD%B2+&oid=2642727 HTTP/1.1" 200 3995
66.249.71.105 - - [29/Dec/2015:02:13:41 +0800] "GET /content/nav/relationSubject.jsp?relationWords=%E5%8D%B0%E5%8B%99%20%E5%A7%94%E7%BD%B2%20&oid=2642727 HTTP/1.1" 200 3995
66.249.74.98 - - [29/Dec/2015:02:13:48 +0800] "GET /content/subject/resource_content.jsp?oid=16777331&queryType=qc HTTP/1.1" 200 32084
66.249.71.60 - - [29/Dec/2015:02:13:55 +0800] "GET /content/subject/resource_content.jsp?oid=16797243&queryType=qc HTTP/1.1" 200 56014
68.180.230.178 - - [29/Dec/2015:02:14:01 +0800] "GET /content/subject/resource_content.jsp?oid=16777753&queryType=qc HTTP/1.1" 200 36828
66.249.71.64 - - [29/Dec/2015:02:14:05 +0800] "GET /content/nav/relationSubject.jsp?relationWords=%E4%BA%BA%E5%90%8D%E6%AC%8A%E5%A8%81+%E6%9F%A5%E5%BE%B7+%E8%BD%89%E5%BE%A9%E6%B3%95+&oid=743598 HTTP/1.1" 200 3148
66.249.71.60 - - [29/Dec/2015:02:14:07 +0800] "GET /content/nav/relationSubject.jsp?relationWords=%E4%BA%BA%E5%90%8D%E6%AC%8A%E5%A8%81%20%E6%9F%A5%E5%BE%B7%20%E8%BD%89%E5%BE%A9%E6%B3%95%20&oid=743598 HTTP/1.1" 200 3148
39.14.8.112 - - [29/Dec/2015:02:14:08 +0800] "GET /content/subject/resource_content.jsp?oid=16797239&queryType=qc HTTP/1.1" 200 44010
66.249.71.60 - - [29/Dec/2015:02:14:10 +0800] "GET /content/nav/relationSubject.jsp?relationWords=%E5%85%89%E7%9B%9B%E8%BC%AA+%E6%A6%AE%E6%B0%91+%E6%BE%8E%E6%B9%96%E7%B8%A3+%E7%9C%81%E8%AD%B0%E6%9C%83+%E7%AB%B9%E6%A6%AE+%E7%BD%B9%E9%9B%A3+%E8%87%A8%E6%99%82%E7%9C%81%E8%AD%B0%E6%9C%83+%E8%87%BA%E7%81%A3%E7%9C%81+&oid=1521718 HTTP/1.1" 200 5495
39.14.8.112 - - [29/Dec/2015:02:14:10 +0800] "GET /content/nav/relationSubject.jsp?relationWords=&oid=16797239 HTTP/1.1" 200 1405
66.249.71.60 - - [29/Dec/2015:02:14:12 +0800] "GET /content/nav/relationSubject.jsp?relationWords=%E5%85%89%E7%9B%9B%E8%BC%AA%20%E6%A6%AE%E6%B0%91%20%E6%BE%8E%E6%B9%96%E7%B8%A3%20%E7%9C%81%E8%AD%B0%E6%9C%83%20%E7%AB%B9%E6%A6%AE%20%E7%BD%B9%E9%9B%A3%20%E8%87%A8%E6%99%82%E7%9C%81%E8%AD%B0%E6%9C%83%20%E8%87%BA%E7%81%A3%E7%9C%81%20&oid=1521718 HTTP/1.1" 200 5495
66.249.71.105 - - [29/Dec/2015:02:14:42 +0800] "GET /content/repository/resource_content.jsp?oid=1888301&queryType=qs&queryString=%E5%A4%A7%E7%94%B2%E9%83%A1 HTTP/1.1" 200 29996
66.249.71.105 - - [29/Dec/2015:02:15:09 +0800] "GET /content/nav/relationSubject.jsp?relationWords=%E6%9D%9C%E9%B5%91+&oid=16777397 HTTP/1.1" 200 4617
66.249.71.105 - - [29/Dec/2015:02:15:12 +0800] "GET /content/nav/relationSubject.jsp?relationWords=%E6%9D%9C%E9%B5%91%20&oid=16777397 HTTP/1.1" 200 4617
66.249.71.164 - - [29/Dec/2015:02:15:29 +0800] "GET /content/repository/resource_content.jsp?oid=523859&queryType=qs&queryString=%E6%B7%B1%E7%B4%AB HTTP/1.1" 200 35665
66.249.71.23 - - [29/Dec/2015:02:15:43 +0800] "GET /digiarch3/content/nav/relationSubject.jsp?relationWords=%E8%91%89%E9%87%91%20%E9%87%91%E6%98%9F%E8%95%A8%20&oid=33554629 HTTP/1.1" 200 3199
66.249.71.121 - - [29/Dec/2015:02:15:53 +0800] "GET /content/nav/relationSubject.jsp?relationWords=%E7%99%BD%E8%9F%BB+%E8%B1%AB%E9%98%B2+&oid=4501111 HTTP/1.1" 200 4780
66.249.71.105 - - [29/Dec/2015:02:15:55 +0800] "GET /content/nav/relationSubject.jsp?relationWords=%E7%99%BD%E8%9F%BB%20%E8%B1%AB%E9%98%B2%20&oid=4501111 HTTP/1.1" 200 4780
66.249.71.121 - - [29/Dec/2015:02:16:15 +0800] "GET /content/repository/resource_content.jsp?oid=15441&queryType=qs&queryString=%E6%B7%A8%E6%B0%B4 HTTP/1.1" 200 35023
66.249.71.64 - - [29/Dec/2015:02:16:23 +0800] "GET /content/nav/relationSubject.jsp?relationWords=&oid=2610859 HTTP/1.1" 200 1405
66.249.71.113 - - [29/Dec/2015:02:16:45 +0800] "GET /content/nav/relationSubject.jsp?relationWords=%E5%8F%B0%E7%81%A3%E5%8E%9F%E4%BD%8F%E6%B0%91+&oid=1775657 HTTP/1.1" 200 4742
66.249.71.105 - - [29/Dec/2015:02:16:47 +0800] "GET /content/nav/relationSubject.jsp?relationWords=%E5%8F%B0%E7%81%A3%E5%8E%9F%E4%BD%8F%E6%B0%91%20&oid=1775657 HTTP/1.1" 200 4742
66.249.71.72 - - [29/Dec/2015:02:17:02 +0800] "GET /digiarch_en/content/subject/resource_content.jsp?oid=16777635&queryType=qc HTTP/1.1" 200 42455
66.249.77.91 - - [29/Dec/2015:02:17:10 +0800] "GET /content/nav/relationSubject.jsp?relationWords=%E7%A6%AE%E9%83%A8+&oid=2672592 HTTP/1.1" 200 3060
66.249.77.85 - - [29/Dec/2015:02:17:12 +0800] "GET /content/nav/relationSubject.jsp?relationWords=%E7%A6%AE%E9%83%A8%20&oid=2672592 HTTP/1.1" 200 3060
68.180.228.24 - - [29/Dec/2015:02:17:41 +0800] "GET /digiarch_en/content/subject/resource_content.jsp?oid=16777398&queryType=qc HTTP/1.1" 200 23290
66.249.74.102 - - [29/Dec/2015:02:18:11 +0800] "GET /content/nav/relationSubject.jsp?relationWords=%E6%9F%8F%E6%B2%B9%E8%B7%AF%E9%9D%A2+%E7%9C%81%E9%81%93+%E9%A0%90%E7%AE%97+&oid=1561425 HTTP/1.1" 200 4681
66.249.71.60 - - [29/Dec/2015:02:18:13 +0800] "GET /content/nav/relationSubject.jsp?relationWords=%E6%9F%8F%E6%B2%B9%E8%B7%AF%E9%9D%A2%20%E7%9C%81%E9%81%93%20%E9%A0%90%E7%AE%97%20&oid=1561425 HTTP/1.1" 200 4681
66.249.71.64 - - [29/Dec/2015:02:18:36 +0800] "GET /content/repository/resource_content.jsp?oid=3812886&queryString=%E9%90%B5%E8%A7%92%E8%95%A8%E5%B1%AC%20%E9%9D%A9%E8%91%89%E9%90%B5%E8%A7%92%E8%95%A8 HTTP/1.1" 200 31411
66.249.74.59 - - [29/Dec/2015:02:18:38 +0800] "GET /content/nav/relationSubject.jsp?relationWords=%E5%B1%85%E5%BB%B6%E6%BC%A2%E7%B0%A1+%E6%BC%A2%E7%B0%A1+&oid=283931 HTTP/1.1" 200 3898
66.249.71.105 - - [29/Dec/2015:02:18:40 +0800] "GET /content/nav/relationSubject.jsp?relationWords=%E5%B1%85%E5%BB%B6%E6%BC%A2%E7%B0%A1%20%E6%BC%A2%E7%B0%A1%20&oid=283931 HTTP/1.1" 200 3898
66.249.77.85 - - [29/Dec/2015:02:19:00 +0800] "GET /content/nav/relationSubject.jsp?relationWords=%E5%BE%A1%E5%8F%B2+%E6%A2%9D%E5%A5%8F+&oid=2687186 HTTP/1.1" 200 3148
66.249.77.85 - - [29/Dec/2015:02:19:02 +0800] "GET /content/nav/relationSubject.jsp?relationWords=%E5%BE%A1%E5%8F%B2%20%E6%A2%9D%E5%A5%8F%20&oid=2687186 HTTP/1.1" 200 3148
66.249.71.72 - - [29/Dec/2015:02:19:22 +0800] "GET /content/repository/resource_content.jsp?oid=1536810 HTTP/1.1" 200 28657
66.249.71.105 - - [29/Dec/2015:02:20:06 +0800] "GET /content/nav/relationSubject.jsp?relationWords=%E4%BA%BA%E6%AC%8A%E6%B3%95%E6%A1%88+%E5%85%AC%E6%B0%91+%E5%85%AC%E6%B0%91%E6%8A%95%E7%A5%A8+%E5%88%A9%E7%8E%87+%E5%9C%8B%E4%BA%A4+%E5%9C%8B%E9%9A%9B%E4%BA%BA%E6%AC%8A+%E6%86%B2%E7%AB%A0+%E6%9C%83%E8%AD%B0%E7%B4%80%E9%8C%84+%E6%9D%8E%E6%BA%90%E6%A3%A7+%E6%AD%A3%E7%BE%A9%E6%A1%88+%E7%99%BD%E4%B8%96%E7%B6%AD+%E8%81%AF%E5%90%88%E5%9C%8B+%E8%82%A1%E7%A5%A8+%E8%87%BA%E7%81%A3%E7%9C%81%E6%94%BF%E5%BA%9C+%E8%87%BA%E7%B3%96+%E8%A8%B1%E9%87%91%E5%BE%B7+%E8%AD%B0%E9%95%B7+%E8%B2%A1%E6%94%BF+%E8%B2%A1%E6%94%BF%E9%83%A8+%E8%B3%AA%E8%A9%A2+&oid=1559254 HTTP/1.1" 200 6447
66.249.71.121 - - [29/Dec/2015:02:20:09 +0800] "GET /content/repository/resource_content.jsp?oid=15269&queryString=%E7%A2%97%E7%B1%B3%E4%BB%94%20%E9%87%91%E9%8C%A2%E4%BB%94%20%E9%BB%83%E6%96%91 HTTP/1.1" 200 34418
66.249.71.105 - - [29/Dec/2015:02:20:09 +0800] "GET /content/nav/relationSubject.jsp?relationWords=%E4%BA%BA%E6%AC%8A%E6%B3%95%E6%A1%88%20%E5%85%AC%E6%B0%91%20%E5%85%AC%E6%B0%91%E6%8A%95%E7%A5%A8%20%E5%88%A9%E7%8E%87%20%E5%9C%8B%E4%BA%A4%20%E5%9C%8B%E9%9A%9B%E4%BA%BA%E6%AC%8A%20%E6%86%B2%E7%AB%A0%20%E6%9C%83%E8%AD%B0%E7%B4%80%E9%8C%84%20%E6%9D%8E%E6%BA%90%E6%A3%A7%20%E6%AD%A3%E7%BE%A9%E6%A1%88%20%E7%99%BD%E4%B8%96%E7%B6%AD%20%E8%81%AF%E5%90%88%E5%9C%8B%20%E8%82%A1%E7%A5%A8%20%E8%87%BA%E7%81%A3%E7%9C%81%E6%94%BF%E5%BA%9C%20%E8%87%BA%E7%B3%96%20%E8%A8%B1%E9%87%91%E5%BE%B7%20%E8%AD%B0%E9%95%B7%20%E8%B2%A1%E6%94%BF%20%E8%B2%A1%E6%94%BF%E9%83%A8%20%E8%B3%AA%E8%A9%A2%20&oid=1559254 HTTP/1.1" 200 6447
66.249.71.60 - - [29/Dec/2015:02:20:41 +0800] "GET /content/nav/relationSubject.jsp?relationWords=%E5%A4%8F%E5%A4%9C+%E6%B0%B4%E8%8C%84%E8%8B%B3+&oid=16777503 HTTP/1.1" 200 3687
66.249.71.60 - - [29/Dec/2015:02:20:56 +0800] "GET /content/repository/resource_content.jsp?oid=1807182 HTTP/1.1" 200 28850
66.249.74.102 - - [29/Dec/2015:02:21:40 +0800] "GET /content/nav/relationSubject.jsp?relationWords=%E5%85%AC%E5%8B%99%E4%BA%BA%E5%93%A1+%E5%91%A8%E5%A1%97%E9%87%91+%E5%BC%B5%E8%98%AD%E4%BA%AD+%E6%9E%97%E4%B8%95%E8%AE%93+%E6%9E%97%E4%BB%81%E5%B4%91+%E6%9E%97%E7%B9%BC%E5%85%89+%E8%91%89%E6%9D%BE%E8%88%88+%E8%A8%B1%E6%A6%AE+%E8%A8%B1%E6%BD%94%E6%B3%89+%E9%99%B3%E7%82%B3+%E9%99%B3%E7%82%B3%E7%85%8C+&oid=1895907 HTTP/1.1" 200 4002
66.249.71.60 - - [29/Dec/2015:02:21:42 +0800] "GET /content/nav/relationSubject.jsp?relationWords=%E5%85%AC%E5%8B%99%E4%BA%BA%E5%93%A1%20%E5%91%A8%E5%A1%97%E9%87%91%20%E5%BC%B5%E8%98%AD%E4%BA%AD%20%E6%9E%97%E4%B8%95%E8%AE%93%20%E6%9E%97%E4%BB%81%E5%B4%91%20%E6%9E%97%E7%B9%BC%E5%85%89%20%E8%91%89%E6%9D%BE%E8%88%88%20%E8%A8%B1%E6%A6%AE%20%E8%A8%B1%E6%BD%94%E6%B3%89%20%E9%99%B3%E7%82%B3%20%E9%99%B3%E7%82%B3%E7%85%8C%20&oid=1895907 HTTP/1.1" 200 4002
66.249.74.98 - - [29/Dec/2015:02:21:44 +0800] "GET /content/subject/resource_content.jsp?oid=16777519&queryString=%E7%97%85%E8%8F%8C%20%E7%9B%B8%E6%80%9D%E6%A8%B9 HTTP/1.1" 200 37363
66.249.74.98 - - [29/Dec/2015:02:21:44 +0800] "GET /content/nav/relationSubject.jsp?relationWords=%E5%85%AC%E8%B7%AF%E5%B1%80+%E5%9B%9B%E5%BA%9C+&oid=1618536 HTTP/1.1" 200 3981
66.249.71.60 - - [29/Dec/2015:02:21:47 +0800] "GET /content/nav/relationSubject.jsp?relationWords=%E5%85%AC%E8%B7%AF%E5%B1%80%20%E5%9B%9B%E5%BA%9C%20&oid=1618536 HTTP/1.1" 200 3981
66.249.71.64 - - [29/Dec/2015:02:22:41 +0800] "GET /digiarch_en/content/repository/resource_content.jsp?oid=1874561&queryString=%E4%BA%BA%E5%90%8D%E6%AC%8A%E5%A8%81%20%E6%9B%B9%E9%9B%B2%E7%A5%A5%20%E6%9D%8E%E6%BF%9F%20%E7%8D%B8%E9%AA%A8 HTTP/1.1" 200 23222
66.249.71.72 - - [29/Dec/2015:02:22:56 +0800] "GET /content/nav/relationSubject.jsp?relationWords=%E5%88%91%E9%83%A8+%E5%A0%82%E5%AE%98%E4%BA%A4+&oid=2668188 HTTP/1.1" 200 3151
66.249.77.97 - - [29/Dec/2015:02:24:08 +0800] "GET /content/nav/relationSubject.jsp?relationWords=%E7%B8%BD%E6%B2%B3+&oid=2521153 HTTP/1.1" 200 3087
66.249.77.85 - - [29/Dec/2015:02:24:10 +0800] "GET /content/nav/relationSubject.jsp?relationWords=%E7%B8%BD%E6%B2%B3%20&oid=2521153 HTTP/1.1" 200 3087
66.249.71.60 - - [29/Dec/2015:02:27:19 +0800] "GET /content/nav/relationSubject.jsp?relationWords=%E5%A4%A7%E9%9B%85%E9%84%89+%E6%94%B6%E7%9B%8A%E6%A1%88+%E7%83%8F%E6%97%A5+%E7%83%8F%E6%97%A5%E9%84%89+%E8%BE%B2%E5%9C%B0%E9%87%8D%E5%8A%83+&oid=1629299 HTTP/1.1" 200 4129
66.249.74.98 - - [29/Dec/2015:02:27:20 +0800] "GET /content/nav/relationSubject.jsp?relationWords=%E7%9C%81%E6%94%BF%E5%BA%9C+%E7%B2%B1%E8%A8%B1%E6%98%A5%E8%8F%8A+%E8%87%A8%E6%99%82%E7%9C%81%E8%AD%B0%E6%9C%83+%E8%87%BA%E7%81%A3%E7%9C%81+%E8%97%A5%E5%93%81+&oid=1528694 HTTP/1.1" 200 4687
66.249.71.60 - - [29/Dec/2015:02:27:21 +0800] "GET /content/nav/relationSubject.jsp?relationWords=%E5%A4%A7%E9%9B%85%E9%84%89%20%E6%94%B6%E7%9B%8A%E6%A1%88%20%E7%83%8F%E6%97%A5%20%E7%83%8F%E6%97%A5%E9%84%89%20%E8%BE%B2%E5%9C%B0%E9%87%8D%E5%8A%83%20&oid=1629299 HTTP/1.1" 200 4129
66.249.74.98 - - [29/Dec/2015:02:27:23 +0800] "GET /content/nav/relationSubject.jsp?relationWords=%E7%9C%81%E6%94%BF%E5%BA%9C%20%E7%B2%B1%E8%A8%B1%E6%98%A5%E8%8F%8A%20%E8%87%A8%E6%99%82%E7%9C%81%E8%AD%B0%E6%9C%83%20%E8%87%BA%E7%81%A3%E7%9C%81%20%E8%97%A5%E5%93%81%20&oid=1528694 HTTP/1.1" 200 4687
66.249.71.64 - - [29/Dec/2015:02:27:34 +0800] "GET /content/subject/resource_content.jsp?oid=16777730&queryType=qc HTTP/1.1" 200 46323
66.249.77.97 - - [29/Dec/2015:02:28:41 +0800] "GET /content/subject/resource_content.jsp?oid=16777541&queryType=qc HTTP/1.1" 200 29280
66.249.77.97 - - [29/Dec/2015:02:28:52 +0800] "GET /content/repository/resource_content.jsp?oid=4351971&queryString=%E5%81%B4%E5%B8%B6%E5%B0%8F%E5%85%AC%E9%AD%9A%20%E5%B3%B6%E5%B6%BC%E5%B0%8F%E5%85%AC%E9%AD%9A%20%E9%AF%B7%E7%A7%91 HTTP/1.1" 200 34330
66.249.71.64 - - [29/Dec/2015:02:30:17 +0800] "GET /content/repository/resource_content.jsp?oid=2559412 HTTP/1.1" 200 29058
220.181.108.142 - - [29/Dec/2015:02:30:30 +0800] "GET /content/subject/resource_content.jsp?oid=16777282&queryType=qc HTTP/1.1" 200 28933
66.249.71.64 - - [29/Dec/2015:02:30:47 +0800] "GET /digiarch_en/content/nav/relationSubject.jsp?relationWords=%E7%8A%A7%E9%A6%96+%E7%8D%B8%E9%9D%A2+%E7%8D%B8%E9%9D%A2%E7%B4%8B+&oid=1873511 HTTP/1.1" 200 3855
66.249.74.98 - - [29/Dec/2015:02:30:50 +0800] "GET /digiarch_en/content/nav/relationSubject.jsp?relationWords=%E7%8A%A7%E9%A6%96%20%E7%8D%B8%E9%9D%A2%20%E7%8D%B8%E9%9D%A2%E7%B4%8B%20&oid=1873511 HTTP/1.1" 200 3855
66.249.71.72 - - [29/Dec/2015:02:31:03 +0800] "GET /content/repository/resource_content.jsp?oid=2601227 HTTP/1.1" 200 29151
68.180.228.24 - - [29/Dec/2015:02:32:18 +0800] "GET /content/subject/resource_content.jsp?oid=16777341&queryType=qc HTTP/1.1" 200 37160
66.249.71.105 - - [29/Dec/2015:02:32:43 +0800] "GET /content/nav/relationSubject.jsp?relationWords=%E4%B8%89%E6%98%9F%E9%84%89+%E4%BA%A4%E9%80%9A%E5%AE%89%E5%85%A8+%E4%BB%A3%E5%9C%8B+%E4%BF%9D%E7%95%99%E5%9C%B0+%E4%BF%A1%E8%99%9F+%E5%85%AC%E8%B7%AF%E5%B1%80+%E5%87%BA%E8%BB%8C+%E5%AE%A2%E9%81%8B+%E6%93%B4%E5%BB%BA+%E7%89%8C%E7%85%A7+%E7%9B%A3%E7%90%86%E7%AB%99+%E7%9C%81%E6%94%BF%E5%BA%9C+%E7%A6%8F%E5%88%A9%E7%A4%BE+%E7%B6%93%E6%BF%9F%E9%83%A8+%E8%81%B7%E5%B7%A5%E7%A6%8F%E5%88%A9+%E8%85%B3%E8%B8%8F%E8%BB%8A+%E8%87%BA%E5%8C%97%E5%8D%80+%E8%98%87%E8%8A%B1+%E8%98%87%E8%8A%B1%E5%85%AC%E8%B7%AF+%E8%A5%BF%E8%97%A5+%E8%B2%A8%E9%81%8B+%E8%B3%AA%E8%A9%A2+%E9%90%B5%E8%B7%AF%E5%B1%80+%E9%99%B3%E4%B8%96%E5%8F%AB+%E9%99%B3%E6%96%B0%E7%99%BC+&oid=1549241 HTTP/1.1" 200 6505
66.249.71.105 - - [29/Dec/2015:02:32:54 +0800] "GET /content/nav/relationSubject.jsp?relationWords=%E4%B8%89%E6%98%9F%E9%84%89%20%E4%BA%A4%E9%80%9A%E5%AE%89%E5%85%A8%20%E4%BB%A3%E5%9C%8B%20%E4%BF%9D%E7%95%99%E5%9C%B0%20%E4%BF%A1%E8%99%9F%20%E5%85%AC%E8%B7%AF%E5%B1%80%20%E5%87%BA%E8%BB%8C%20%E5%AE%A2%E9%81%8B%20%E6%93%B4%E5%BB%BA%20%E7%89%8C%E7%85%A7%20%E7%9B%A3%E7%90%86%E7%AB%99%20%E7%9C%81%E6%94%BF%E5%BA%9C%20%E7%A6%8F%E5%88%A9%E7%A4%BE%20%E7%B6%93%E6%BF%9F%E9%83%A8%20%E8%81%B7%E5%B7%A5%E7%A6%8F%E5%88%A9%20%E8%85%B3%E8%B8%8F%E8%BB%8A%20%E8%87%BA%E5%8C%97%E5%8D%80%20%E8%98%87%E8%8A%B1%20%E8%98%87%E8%8A%B1%E5%85%AC%E8%B7%AF%20%E8%A5%BF%E8%97%A5%20%E8%B2%A8%E9%81%8B%20%E8%B3%AA%E8%A9%A2%20%E9%90%B5%E8%B7%AF%E5%B1%80%20%E9%99%B3%E4%B8%96%E5%8F%AB%20%E9%99%B3%E6%96%B0%E7%99%BC%20&oid=1549241 HTTP/1.1" 200 6505
66.249.71.121 - - [29/Dec/2015:02:33:24 +0800] "GET /content/repository/resource_content.jsp?oid=1813992&queryType=qs&queryString=%E6%B4%AA%E6%B0%8F HTTP/1.1" 200 34234
66.249.77.85 - - [29/Dec/2015:02:33:28 +0800] "GET /content/subject/resource_content.jsp?oid=16777734&queryType=qc HTTP/1.1" 200 40313
68.180.228.24 - - [29/Dec/2015:02:34:13 +0800] "GET /content/subject/resource_content.jsp?oid=16777395&queryType=qc HTTP/1.1" 200 33632
140.120.238.66 - - [29/Dec/2015:02:34:47 +0800] "GET /content/repository/resource_content.jsp?oid=1833052&queryType=null&queryString=%E8%A5%BF%E7%8E%8B%E6%AF%8D HTTP/1.1" 200 32431
140.120.238.66 - - [29/Dec/2015:02:34:48 +0800] "GET /content/nav/relationSubject.jsp?relationWords=%E9%A1%8C%E8%A8%98+&oid=1833052 HTTP/1.1" 200 4788
66.249.74.100 - - [29/Dec/2015:02:34:59 +0800] "GET /content/repository/resource_content.jsp?oid=2144601 HTTP/1.1" 200 30852
140.120.238.66 - - [29/Dec/2015:02:35:09 +0800] "GET /content/repository/resource_content.jsp?oid=1833086&queryType=null&queryString=%E8%A5%BF%E7%8E%8B%E6%AF%8D HTTP/1.1" 200 31999
140.120.238.66 - - [29/Dec/2015:02:35:09 +0800] "GET /content/nav/relationSubject.jsp?relationWords=%E9%A1%8C%E8%A8%98+&oid=1833086 HTTP/1.1" 200 4788
66.249.79.24 - - [29/Dec/2015:02:35:37 +0800] "GET /content/tmp_auth/resource_content.jsp?oid=16777809 HTTP/1.1" 200 37150
66.249.71.5 - - [29/Dec/2015:02:35:44 +0800] "GET /digiarch3/content/subject/resource_content.jsp?oid=16777620&queryType=qs&queryString=%E6%9E%97%E8%B3%87%E5%BD%AC HTTP/1.1" 200 54662
66.249.79.24 - - [29/Dec/2015:02:38:05 +0800] "GET /content/subject/resource_content.jsp?oid=16777481&queryType=qs&queryString=%E4%BF%B1%E6%A8%82%E9%83%A8 HTTP/1.1" 200 111480
66.249.77.85 - - [29/Dec/2015:02:38:22 +0800] "GET /content/nav/relationSubject.jsp?relationWords=%E4%B8%AD%E5%9C%8B%E5%A4%A7%E9%99%B8%E5%9C%B0%E5%9C%96+%E9%A0%82%E5%AD%90+&oid=203368 HTTP/1.1" 200 3281
66.249.77.85 - - [29/Dec/2015:02:38:24 +0800] "GET /content/nav/relationSubject.jsp?relationWords=%E4%B8%AD%E5%9C%8B%E5%A4%A7%E9%99%B8%E5%9C%B0%E5%9C%96%20%E9%A0%82%E5%AD%90%20&oid=203368 HTTP/1.1" 200 3281
66.249.71.105 - - [29/Dec/2015:02:40:12 +0800] "GET /content/nav/relationSubject.jsp?relationWords=&oid=2683666 HTTP/1.1" 200 1405
66.249.71.14 - - [29/Dec/2015:02:40:25 +0800] "GET /digiarch3/content/subject/resource_content.jsp?oid=16777831&queryType=qs&queryString=%E8%87%BA%E7%81%A3%E5%8D%9A%E7%89%A9%E9%A4%A8 HTTP/1.1" 200 38163
66.249.77.91 - - [29/Dec/2015:02:40:38 +0800] "GET /content/nav/relationSubject.jsp?relationWords=%E4%B8%81%E9%A6%99%E9%B1%99%20%E5%81%B4%E5%B8%B6%E5%B0%8F%E5%85%AC%E9%AD%9A%20%E5%8D%B0%E5%BA%A6%E5%B0%8F%E5%85%AC%E9%AD%9A%20%E6%83%A1%E9%B1%99%20%E7%99%BD%E9%AA%A8%E9%B1%99%20%E8%8B%A6%E9%B1%99%20%E9%AF%B7%E7%A7%91%20&oid=4351971 HTTP/1.1" 200 3717
66.249.77.85 - - [29/Dec/2015:02:40:39 +0800] "GET /content/nav/relationSubject.jsp?relationWords=%E5%96%84%E6%9C%AC+%E5%B7%9E%E5%BF%97+%E5%BE%B7%E5%B7%9E+%E6%96%B9%E5%BF%97+%E6%98%8E%E5%88%8A%E6%9C%AC+%E8%81%AF%E5%90%88%E7%9B%AE%E9%8C%84+&oid=3205163 HTTP/1.1" 200 3307
66.249.77.85 - - [29/Dec/2015:02:40:41 +0800] "GET /content/nav/relationSubject.jsp?relationWords=%E5%96%84%E6%9C%AC%20%E5%B7%9E%E5%BF%97%20%E5%BE%B7%E5%B7%9E%20%E6%96%B9%E5%BF%97%20%E6%98%8E%E5%88%8A%E6%9C%AC%20%E8%81%AF%E5%90%88%E7%9B%AE%E9%8C%84%20&oid=3205163 HTTP/1.1" 200 3307
66.249.71.72 - - [29/Dec/2015:02:41:09 +0800] "GET /content/repository/resource_content.jsp?oid=1773258 HTTP/1.1" 200 30737
66.249.79.172 - - [29/Dec/2015:02:41:12 +0800] "GET /content/repository/resource_content.jsp?oid=4353407&queryType=qs&queryString=%E9%AD%9A%E5%BD%A2 HTTP/1.1" 200 37268
66.249.71.60 - - [29/Dec/2015:02:43:32 +0800] "GET /content/repository/resource_content.jsp?oid=1629070 HTTP/1.1" 200 28952
66.249.71.105 - - [29/Dec/2015:02:44:18 +0800] "GET /content/subject/resource_content.jsp?oid=16777379&queryString=%E5%A4%9A%E5%AA%92%E9%AB%94%20%E5%BD%B1%E5%83%8F%E4%BF%AE%E8%A3%9C%20%E6%95%B8%E4%BD%8D%E5%85%B8%E8%97%8F%20%E6%95%B8%E4%BD%8D%E5%85%B8%E8%97%8F%E6%8A%80%E8%A1%93%20%E8%A6%96%E8%A8%8A HTTP/1.1" 200 43482
66.249.71.64 - - [29/Dec/2015:02:45:05 +0800] "GET /content/subject/resource_content.jsp?oid=16777589&queryType=qs&queryString=%E8%87%BA%E5%8C%97%E5%B8%82 HTTP/1.1" 200 28183
66.249.71.72 - - [29/Dec/2015:02:45:19 +0800] "GET /content/nav/relationSubject.jsp?relationWords=%E5%8F%A4%E6%96%87%E6%9B%B8%20%E5%8F%B0%E7%81%A3%E5%8E%9F%E4%BD%8F%E6%B0%91%20%E5%A5%8F%E6%91%BA%20%E6%95%85%E5%AE%AE%E5%8D%9A%E7%89%A9%E9%99%A2%20%E8%87%BA%E7%81%A3%E5%8E%9F%E4%BD%8F%E6%B0%91%20&oid=1773258 HTTP/1.1" 200 5376
66.249.71.64 - - [29/Dec/2015:02:45:52 +0800] "GET /digiarch_en/content/subject/resource_content.jsp?oid=16777585&queryType=qc HTTP/1.1" 200 36056
140.120.238.66 - - [29/Dec/2015:02:46:38 +0800] "GET /content/repository/resource_content.jsp?oid=1810952&queryString=%E9%A1%8C%E8%A8%98 HTTP/1.1" 200 33502
66.249.71.5 - - [29/Dec/2015:02:46:39 +0800] "GET /digiarch3/content/repository/resource_content.jsp?oid=4364426&queryType=qs&queryString=%E5%8D%81%E5%AD%97%E7%B9%A1 HTTP/1.1" 200 31590
140.120.238.66 - - [29/Dec/2015:02:46:39 +0800] "GET /content/nav/relationSubject.jsp?relationWords=%E5%8A%89%E6%96%87+%E5%AD%B8%E5%AE%AE+%E5%AF%B6%E6%87%89+%E5%B0%84%E9%99%BD+%E5%B0%84%E9%99%BD%E7%9F%B3%E9%96%80+%E6%9C%B1%E9%9B%80+%E6%B1%AA%E4%B8%AD+%E6%BC%A2%E5%AF%B6+%E8%88%96%E9%A6%96+%E9%A1%8C%E8%A8%98+&oid=1810952 HTTP/1.1" 200 5490
66.249.77.85 - - [29/Dec/2015:02:47:25 +0800] "GET /content/subject/resource_content.jsp?oid=16777425&queryType=qs&queryString=%E6%B5%B7%E6%B4%8B%E7%A0%94%E7%A9%B6 HTTP/1.1" 200 35671
66.249.71.5 - - [29/Dec/2015:02:47:35 +0800] "GET /digiarch3/content/nav/relationSubject.jsp?relationWords=%E7%9B%9B%E5%85%B7+%E9%9B%85%E7%BE%8E%E6%97%8F+&oid=1780999 HTTP/1.1" 200 2985
66.249.71.5 - - [29/Dec/2015:02:47:37 +0800] "GET /digiarch3/content/nav/relationSubject.jsp?relationWords=%E7%9B%9B%E5%85%B7%20%E9%9B%85%E7%BE%8E%E6%97%8F%20&oid=1780999 HTTP/1.1" 200 2985
66.249.77.85 - - [29/Dec/2015:02:48:14 +0800] "GET /content/subject/resource_content.jsp?oid=16777755&queryType=qs&queryString=%E5%AD%B8%E7%94%9F%E4%BA%BA%E6%95%B8 HTTP/1.1" 200 35268
66.249.71.64 - - [29/Dec/2015:02:48:59 +0800] "GET /content/repository/resource_content.jsp?oid=1083947 HTTP/1.1" 200 29977
66.249.71.121 - - [29/Dec/2015:02:49:46 +0800] "GET /content/repository/resource_content.jsp?oid=1900133&queryType=qs&queryString=%E5%95%86%E6%B8%AF HTTP/1.1" 200 30088
66.249.71.64 - - [29/Dec/2015:02:49:50 +0800] "GET /content/nav/relationSubject.jsp?relationWords=%E5%85%AB%E5%BA%9C+%E5%90%88%E6%AD%A1+%E5%9C%92%E8%97%9D+%E8%BE%B2%E5%B1%B1+&oid=1550258 HTTP/1.1" 200 3278
66.249.71.60 - - [29/Dec/2015:02:49:54 +0800] "GET /content/nav/relationSubject.jsp?relationWords=%E5%85%AB%E5%BA%9C%20%E5%90%88%E6%AD%A1%20%E5%9C%92%E8%97%9D%20%E8%BE%B2%E5%B1%B1%20&oid=1550258 HTTP/1.1" 200 3278
66.249.71.113 - - [29/Dec/2015:02:50:33 +0800] "GET /content/repository/resource_content.jsp?oid=2520907&queryType=qs&queryString=%E4%BF%9D%E5%AE%9A%E7%B8%A3 HTTP/1.1" 200 29817
66.249.71.5 - - [29/Dec/2015:02:51:04 +0800] "GET /digiarch3/content/nav/relationSubject.jsp?relationWords=%E8%9D%B4%E8%9D%B6%E9%AD%9A%E7%A7%91+%E9%8F%A1%E6%96%91%E8%9D%B4%E8%9D%B6%E9%AD%9A+&oid=15520 HTTP/1.1" 200 3164
66.249.71.5 - - [29/Dec/2015:02:51:19 +0800] "GET /digiarch3/content/subject/resource_content.jsp?oid=16777736&queryType=qs&queryString=%E7%8E%89%E5%B1%B1%E5%9C%93%E6%9F%8F HTTP/1.1" 200 43143
66.249.74.100 - - [29/Dec/2015:02:51:38 +0800] "GET /content/nav/relationSubject.jsp?relationWords=%E5%A4%AA%E5%AE%97+&oid=2676752 HTTP/1.1" 200 3075
66.249.71.60 - - [29/Dec/2015:02:51:40 +0800] "GET /content/nav/relationSubject.jsp?relationWords=%E5%A4%AA%E5%AE%97%20&oid=2676752 HTTP/1.1" 200 3075
66.249.71.72 - - [29/Dec/2015:02:52:06 +0800] "GET /content/repository/resource_content.jsp?oid=218703 HTTP/1.1" 200 30592
157.55.39.34 - - [29/Dec/2015:02:52:47 +0800] "GET /content/subject/resource_content.jsp?oid=16797240&queryType=qc HTTP/1.1" 200 42460
157.55.39.200 - - [29/Dec/2015:02:52:53 +0800] "GET /content/subject/resource_content.jsp?oid=16777440 HTTP/1.1" 200 50113
66.249.71.105 - - [29/Dec/2015:02:53:27 +0800] "GET /content/repository/resource_content.jsp?oid=2684190&queryType=qs&queryString=%E7%A5%BF%E5%BA%B7 HTTP/1.1" 200 30112
66.249.71.64 - - [29/Dec/2015:02:53:40 +0800] "GET /content/repository/resource_content.jsp?oid=207816 HTTP/1.1" 200 30458
66.249.71.64 - - [29/Dec/2015:02:54:21 +0800] "GET /content/nav/relationSubject.jsp?relationWords=%E5%8F%B0%E7%81%A3%E8%83%A1%E9%BA%BB%E8%8A%B1+%E6%A4%8D%E7%89%A9%E7%95%8C+%E7%99%BE%E5%90%88%E7%A7%91+%E8%83%A1%E9%BA%BB%E8%8A%B1%E5%B1%AC+&oid=3815284 HTTP/1.1" 200 3374
66.249.71.60 - - [29/Dec/2015:02:54:25 +0800] "GET /content/nav/relationSubject.jsp?relationWords=%E5%8F%B0%E7%81%A3%E8%83%A1%E9%BA%BB%E8%8A%B1%20%E6%A4%8D%E7%89%A9%E7%95%8C%20%E7%99%BE%E5%90%88%E7%A7%91%20%E8%83%A1%E9%BA%BB%E8%8A%B1%E5%B1%AC%20&oid=3815284 HTTP/1.1" 200 3374
68.180.228.24 - - [29/Dec/2015:02:55:30 +0800] "GET /digiarch_en/content/pictures/picture_content.jsp?oid=33554486&queryType=qc HTTP/1.1" 200 21635
66.249.71.72 - - [29/Dec/2015:02:56:08 +0800] "GET /content/nav/relationSubject.jsp?relationWords=%E5%8F%B0%E7%81%A3%E5%8E%9F%E4%BD%8F%E6%B0%91+%E9%84%AD%E6%88%90%E5%8A%9F+&oid=1774431 HTTP/1.1" 200 4960
66.249.71.60 - - [29/Dec/2015:02:56:10 +0800] "GET /content/nav/relationSubject.jsp?relationWords=%E5%8F%B0%E7%81%A3%E5%8E%9F%E4%BD%8F%E6%B0%91%20%E9%84%AD%E6%88%90%E5%8A%9F%20&oid=1774431 HTTP/1.1" 200 4960
157.55.39.200 - - [29/Dec/2015:02:56:39 +0800] "GET /content/nav/relationSubject.jsp?relationWords=%E7%8C%B4%E6%AD%A1%E5%96%9C+&oid=33554691 HTTP/1.1" 200 3118
68.180.228.24 - - [29/Dec/2015:02:57:22 +0800] "GET /content/subject/resource_content.jsp?oid=16777537&queryType=qc HTTP/1.1" 200 30731
66.249.71.60 - - [29/Dec/2015:02:57:33 +0800] "GET /content/repository/resource_content.jsp?oid=1604313 HTTP/1.1" 200 28482
66.249.79.27 - - [29/Dec/2015:02:58:21 +0800] "GET /content/repository/resource_content.jsp?oid=1546371&queryString=%E4%B8%AD%E5%A4%AE%E5%9C%96%E6%9B%B8%E9%A4%A8%20%E7%B5%84%E7%B9%94%E8%A6%8F%E7%A8%8B%20%E8%81%AF%E5%90%88%E7%9B%AE%E9%8C%84 HTTP/1.1" 200 32399
66.249.71.5 - - [29/Dec/2015:02:59:07 +0800] "GET /digiarch3/content/subject/resource_content.jsp?oid=16777835&queryType=qs&queryString=%E5%8D%B0%E8%B1%A1%E6%B4%BE HTTP/1.1" 200 50941
66.249.71.60 - - [29/Dec/2015:02:59:12 +0800] "GET /content/nav/relationSubject.jsp?relationWords=%E9%8A%85%E6%88%88+&oid=1846140 HTTP/1.1" 200 2963
66.249.74.98 - - [29/Dec/2015:02:59:14 +0800] "GET /content/nav/relationSubject.jsp?relationWords=%E9%8A%85%E6%88%88%20&oid=1846140 HTTP/1.1" 200 2963
68.180.228.24 - - [29/Dec/2015:02:59:45 +0800] "GET /digiarch_en/content/subject/resource_content.jsp?oid=16777749&queryType=qc HTTP/1.1" 200 36675
66.249.71.121 - - [29/Dec/2015:03:00:40 +0800] "GET /content/repository/resource_content.jsp?oid=4739282&queryType=qs&queryString=%E8%87%80%E9%88%B4 HTTP/1.1" 200 32199
123.125.71.53 - - [29/Dec/2015:03:01:00 +0800] "GET /content/pictures/picture_content.jsp?oid=33554733 HTTP/1.1" 200 27964
66.249.71.64 - - [29/Dec/2015:03:01:27 +0800] "GET /digiarch_en/content/subject/resource_content.jsp?oid=16777627&queryString=%E5%8F%83%E8%AD%B0%E6%9C%83%20%E5%8F%B0%E7%81%A3%E7%9C%81%20%E5%8F%B0%E9%9B%BB%20%E6%95%B4%E4%BF%AE HTTP/1.1" 200 21662
157.55.39.230 - - [29/Dec/2015:03:01:37 +0800] "GET /content/nav/relationSubject.jsp?relationWords=%E8%8A%B1%E8%94%93+%E8%94%93%E6%BE%A4%E8%98%AD+&oid=16777266 HTTP/1.1" 200 4225
66.249.71.41 - - [29/Dec/2015:03:02:14 +0800] "GET /content/repository/resource_content.jsp?oid=3820704&queryType=qs&queryString=%E6%A1%83%E9%87%91%E5%AD%83 HTTP/1.1" 200 31447
66.249.79.179 - - [29/Dec/2015:03:02:31 +0800] "GET /content/nav/relationSubject.jsp?relationWords=%E5%89%AF%E6%91%BA+%E5%BA%9C%E5%B0%B9+%E7%A7%BB%E9%80%81+%E9%A0%86%E5%A4%A9+%E9%A0%86%E5%A4%A9%E5%BA%9C+&oid=2685623 HTTP/1.1" 200 3248
66.249.71.155 - - [29/Dec/2015:03:02:34 +0800] "GET /content/nav/relationSubject.jsp?relationWords=%E5%89%AF%E6%91%BA%20%E5%BA%9C%E5%B0%B9%20%E7%A7%BB%E9%80%81%20%E9%A0%86%E5%A4%A9%20%E9%A0%86%E5%A4%A9%E5%BA%9C%20&oid=2685623 HTTP/1.1" 200 3248
66.249.71.60 - - [29/Dec/2015:03:03:00 +0800] "GET /content/subject/resource_content.jsp?oid=16777276&queryType=qs&queryString=%E7%86%B1%E5%B8%B6%E6%A8%B9%E7%A8%AE HTTP/1.1" 200 32500
66.249.71.41 - - [29/Dec/2015:03:03:43 +0800] "GET /content/nav/relationSubject.jsp?relationWords=%E6%A1%83%E9%87%91%E5%AD%83+%E6%A1%83%E9%87%91%E5%AD%83%E7%A7%91+%E6%A4%8D%E7%89%A9%E7%95%8C+&oid=3820704 HTTP/1.1" 200 3293
66.249.74.76 - - [29/Dec/2015:03:03:48 +0800] "GET /digiarch3/content/repository/resource_content.jsp?oid=15269&queryType=qs&queryString=%E4%BA%8C%E6%9E%9A%E8%B2%9D HTTP/1.1" 200 34260
66.249.71.41 - - [29/Dec/2015:03:03:48 +0800] "GET /content/nav/relationSubject.jsp?relationWords=%E6%A1%83%E9%87%91%E5%AD%83%20%E6%A1%83%E9%87%91%E5%AD%83%E7%A7%91%20%E6%A4%8D%E7%89%A9%E7%95%8C%20&oid=3820704 HTTP/1.1" 200 3293
66.249.71.121 - - [29/Dec/2015:03:04:28 +0800] "GET /content/nav/relationSubject.jsp?relationWords=%E8%99%A7%E7%BC%BA+%E9%8C%A2%E7%B3%A7+&oid=2643514 HTTP/1.1" 200 5295
66.249.71.105 - - [29/Dec/2015:03:04:31 +0800] "GET /content/nav/relationSubject.jsp?relationWords=%E8%99%A7%E7%BC%BA%20%E9%8C%A2%E7%B3%A7%20&oid=2643514 HTTP/1.1" 200 5295
66.249.71.121 - - [29/Dec/2015:03:04:34 +0800] "GET /content/repository/resource_content.jsp?oid=2660343&queryType=qs&queryString=%E9%BD%8B%E5%AE%AE HTTP/1.1" 200 29804
66.249.71.105 - - [29/Dec/2015:03:04:52 +0800] "GET /content/nav/relationSubject.jsp?relationWords=%E4%B8%96%E8%81%B7%E4%BA%8B%20%E5%91%88%E6%8E%A7%20%E8%A5%B2%E4%B8%96%20&oid=2684190 HTTP/1.1" 200 3174
66.249.79.24 - - [29/Dec/2015:03:05:32 +0800] "GET /content/nav/relationSubject.jsp?relationWords=%E8%98%AD%E5%B6%BC%E7%BE%85%E6%BC%A2%E6%9D%BE+%E9%81%94%E6%82%9F%E6%97%8F+%E9%9B%85%E7%BE%8E%E6%97%8F+&oid=16777443 HTTP/1.1" 200 3982
66.249.71.5 - - [29/Dec/2015:03:05:41 +0800] "GET /digiarch3/content/nav/relationSubject.jsp?relationWords=%E6%A4%8D%E7%89%A9%E7%95%8C+%E8%8C%9C%E8%8D%89+%E8%8C%9C%E8%8D%89%E6%A8%B9+%E8%8C%9C%E8%8D%89%E7%A7%91+%E9%BE%8D%E8%9D%A6+&oid=3825378 HTTP/1.1" 200 3359
66.249.71.72 - - [29/Dec/2015:03:05:44 +0800] "GET /content/repository/resource_content.jsp?oid=1628052 HTTP/1.1" 200 29166
66.249.71.5 - - [29/Dec/2015:03:05:47 +0800] "GET /digiarch3/content/nav/relationSubject.jsp?relationWords=%E6%A4%8D%E7%89%A9%E7%95%8C%20%E8%8C%9C%E8%8D%89%20%E8%8C%9C%E8%8D%89%E6%A8%B9%20%E8%8C%9C%E8%8D%89%E7%A7%91%20%E9%BE%8D%E8%9D%A6%20&oid=3825378 HTTP/1.1" 200 3359
66.249.71.5 - - [29/Dec/2015:03:06:07 +0800] "GET /digiarch3/content/subject/resource_content.jsp?oid=16777493&queryType=qs&queryString=%E7%AF%80%E8%83%BD%E6%B8%9B%E7%A2%B3 HTTP/1.1" 200 48193
66.249.71.23 - - [29/Dec/2015:03:06:54 +0800] "GET /digiarch3/content/subject/resource_content.jsp?oid=16777438&queryType=qc HTTP/1.1" 200 28658
66.249.71.5 - - [29/Dec/2015:03:07:26 +0800] "GET /digiarch3/content/nav/relationSubject.jsp?relationWords=%E9%99%B6%E7%B4%A1%E8%BC%AA+&oid=4411267 HTTP/1.1" 200 2992
66.249.77.91 - - [29/Dec/2015:03:07:28 +0800] "GET /content/nav/relationSubject.jsp?relationWords=%E5%88%91%E9%83%A8+%E8%AD%B0%E7%BD%AA+&oid=2525302 HTTP/1.1" 200 3130
66.249.71.5 - - [29/Dec/2015:03:07:33 +0800] "GET /digiarch3/content/nav/relationSubject.jsp?relationWords=%E9%99%B6%E7%B4%A1%E8%BC%AA%20&oid=4411267 HTTP/1.1" 200 2992
66.249.77.85 - - [29/Dec/2015:03:07:36 +0800] "GET /content/nav/relationSubject.jsp?relationWords=%E5%88%91%E9%83%A8%20%E8%AD%B0%E7%BD%AA%20&oid=2525302 HTTP/1.1" 200 3130
66.249.71.41 - - [29/Dec/2015:03:07:41 +0800] "GET /content/repository/resource_content.jsp?oid=14225&queryType=qs&queryString=%E5%8C%97%E6%B5%B7%E9%81%93 HTTP/1.1" 200 35126
66.249.74.102 - - [29/Dec/2015:03:07:54 +0800] "GET /content/nav/relationSubject.jsp?relationWords=&oid=1174139 HTTP/1.1" 200 1405
66.249.71.164 - - [29/Dec/2015:03:08:28 +0800] "GET /content/repository/resource_content.jsp?oid=2570287&queryString=%E9%9B%B2%E7%9D%A3 HTTP/1.1" 200 30239
66.249.71.60 - - [29/Dec/2015:03:08:33 +0800] "GET /content/nav/relationSubject.jsp?relationWords=%E6%8E%8C%E8%91%89+%E6%8E%8C%E8%91%89%E6%AF%9B%E8%8E%A8+%E6%A4%8D%E7%89%A9%E7%95%8C+%E6%AF%9B%E8%8C%9B+%E6%AF%9B%E8%8C%9B%E5%B1%AC+%E6%AF%9B%E8%8C%9B%E7%A7%91+%E6%AF%9B%E8%8E%A8+&oid=1112150 HTTP/1.1" 200 3487
66.249.71.60 - - [29/Dec/2015:03:08:35 +0800] "GET /content/nav/relationSubject.jsp?relationWords=%E6%8E%8C%E8%91%89%20%E6%8E%8C%E8%91%89%E6%AF%9B%E8%8E%A8%20%E6%A4%8D%E7%89%A9%E7%95%8C%20%E6%AF%9B%E8%8C%9B%20%E6%AF%9B%E8%8C%9B%E5%B1%AC%20%E6%AF%9B%E8%8C%9B%E7%A7%91%20%E6%AF%9B%E8%8E%A8%20&oid=1112150 HTTP/1.1" 200 3487
66.249.71.60 - - [29/Dec/2015:03:09:15 +0800] "GET /content/repository/resource_content.jsp?oid=1607229 HTTP/1.1" 200 29086
66.249.74.100 - - [29/Dec/2015:03:10:02 +0800] "GET /content/repository/resource_content.jsp?oid=523860&queryString=%E4%B9%9D%E5%AD%94%20%E5%B0%8F%E4%B9%9D%E5%AD%94%20%E6%B7%BA%E6%88%B3%E4%BB%94%20%E7%AC%A0%E8%9E%BA%20%E8%85%B9%E8%B6%B3%E7%B6%B1%20%E8%8A%B1%E7%AC%A0%E8%9E%BA HTTP/1.1" 200 36813
66.249.71.105 - - [29/Dec/2015:03:10:48 +0800] "GET /content/repository/resource_content.jsp?oid=1773320&queryType=qs&queryString=%E7%94%B0%E9%9B%85%E5%90%84 HTTP/1.1" 200 27496
66.249.74.102 - - [29/Dec/2015:03:11:35 +0800] "GET /content/repository/resource_content.jsp?oid=1565033 HTTP/1.1" 200 28718
66.249.71.72 - - [29/Dec/2015:03:11:37 +0800] "GET /content/nav/relationSubject.jsp?relationWords=%E6%A0%93%E7%9A%AE%E6%AB%9F+%E6%A4%8D%E7%89%A9%E7%95%8C+%E6%AB%9F%E5%B1%AC+%E6%AE%BC%E6%96%97%E7%A7%91+&oid=1458638 HTTP/1.1" 200 3261
66.249.77.97 - - [29/Dec/2015:03:11:55 +0800] "GET /content/repository/resource_content.jsp?oid=2512918&queryString=%E7%B7%9E%E7%B4%AC HTTP/1.1" 200 29875
157.55.39.200 - - [29/Dec/2015:03:12:37 +0800] "GET /content/nav/relationSubject.jsp?relationWords=%E5%8F%B0%E7%81%A3%E6%AC%92%E6%A8%B9+%E8%8B%A6%E8%8B%93%E8%88%85+&oid=16777254 HTTP/1.1" 200 4285
66.249.71.121 - - [29/Dec/2015:03:12:46 +0800] "GET /content/nav/relationSubject.jsp?relationWords=%E8%B3%A6%E5%BD%B9+%E9%8A%80%E4%BA%8B+&oid=2657425 HTTP/1.1" 200 4014
66.249.71.105 - - [29/Dec/2015:03:12:47 +0800] "GET /content/nav/relationSubject.jsp?relationWords=%E8%B3%A6%E5%BD%B9%20%E9%8A%80%E4%BA%8B%20&oid=2657425 HTTP/1.1" 200 4014
66.249.71.72 - - [29/Dec/2015:03:13:08 +0800] "GET /content/repository/resource_content.jsp?oid=762061 HTTP/1.1" 200 28053
