157.55.39.62 - - [12/Jan/2016:10:49:19 +0800] "GET /content/subject/resource_content.jsp?oid=16777710&queryType=qc HTTP/1.1" 200 27819
157.55.39.62 - - [12/Jan/2016:10:49:21 +0800] "GET /content/subject/resource_content.jsp?oid=16777656&queryType=qc HTTP/1.1" 200 63560
157.55.39.62 - - [12/Jan/2016:10:49:22 +0800] "GET /content/subject/resource_content.jsp?oid=16777645&queryType=qc HTTP/1.1" 200 63953
157.55.39.62 - - [12/Jan/2016:10:49:29 +0800] "GET /content/subject/resource_content.jsp?oid=16777284&queryType=qc HTTP/1.1" 200 36948
157.55.39.62 - - [12/Jan/2016:10:49:30 +0800] "GET /content/subject/resource_content.jsp?oid=16777297&queryType=qc HTTP/1.1" 200 31738
157.55.39.62 - - [12/Jan/2016:10:49:31 +0800] "GET /content/subject/resource_content.jsp?oid=16777303&queryType=qc HTTP/1.1" 200 34995
157.55.39.62 - - [12/Jan/2016:10:49:32 +0800] "GET /content/subject/resource_content.jsp?oid=16777336&queryType=qc HTTP/1.1" 200 32105
157.55.39.62 - - [12/Jan/2016:10:49:33 +0800] "GET /content/subject/resource_content.jsp?oid=16777344&queryType=qc HTTP/1.1" 200 47673
157.55.39.62 - - [12/Jan/2016:10:49:34 +0800] "GET /content/subject/resource_content.jsp?oid=16777422&queryType=qc HTTP/1.1" 200 44822
157.55.39.62 - - [12/Jan/2016:10:49:35 +0800] "GET /content/subject/resource_content.jsp?oid=16777495&queryType=qc HTTP/1.1" 200 34829
157.55.39.62 - - [12/Jan/2016:10:49:37 +0800] "GET /content/subject/resource_content.jsp?oid=16777489&queryType=qc HTTP/1.1" 200 74930
157.55.39.62 - - [12/Jan/2016:10:49:41 +0800] "GET /content/subject/resource_content.jsp?oid=16777263&queryType=qc HTTP/1.1" 200 30883
157.55.39.62 - - [12/Jan/2016:10:49:42 +0800] "GET /content/subject/resource_content.jsp?oid=16777606&queryType=qc HTTP/1.1" 200 50894
157.55.39.62 - - [12/Jan/2016:10:49:43 +0800] "GET /content/subject/resource_content.jsp?oid=16777551&queryType=qc HTTP/1.1" 200 32228
157.55.39.62 - - [12/Jan/2016:10:49:44 +0800] "GET /content/subject/resource_content.jsp?oid=16777268&queryType=qc HTTP/1.1" 200 42327
207.46.13.132 - - [12/Jan/2016:10:50:36 +0800] "GET /content/subject/resource_content.jsp?oid=16777532&queryType=qc HTTP/1.1" 200 34719
207.46.13.132 - - [12/Jan/2016:10:50:37 +0800] "GET /content/subject/resource_content.jsp?oid=16777544&queryType=qc HTTP/1.1" 200 35832
207.46.13.132 - - [12/Jan/2016:10:50:39 +0800] "GET /content/subject/resource_content.jsp?oid=16797335&queryType=qc HTTP/1.1" 200 60398
207.46.13.132 - - [12/Jan/2016:10:50:43 +0800] "GET /content/subject/resource_content.jsp?oid=16777701&queryType=qc HTTP/1.1" 200 37550
207.46.13.132 - - [12/Jan/2016:10:50:44 +0800] "GET /content/subject/resource_content.jsp?oid=16777493&queryType=qc HTTP/1.1" 200 48227
207.46.13.132 - - [12/Jan/2016:10:50:46 +0800] "GET /content/subject/resource_content.jsp?oid=16777635&queryType=qc HTTP/1.1" 200 63981
207.46.13.132 - - [12/Jan/2016:10:50:47 +0800] "GET /content/subject/resource_content.jsp?oid=16777480&queryType=qc HTTP/1.1" 200 49158
207.46.13.132 - - [12/Jan/2016:10:50:48 +0800] "GET /content/subject/resource_content.jsp?oid=16777291&queryType=qc HTTP/1.1" 200 28058
207.46.13.132 - - [12/Jan/2016:10:50:50 +0800] "GET /content/subject/resource_content.jsp?oid=16777328&queryType=qc HTTP/1.1" 200 35573
207.46.13.132 - - [12/Jan/2016:10:50:51 +0800] "GET /content/subject/resource_content.jsp?oid=16777626&queryType=qc HTTP/1.1" 200 43206
207.46.13.132 - - [12/Jan/2016:10:50:51 +0800] "GET /content/subject/resource_content.jsp?oid=16777349&queryType=qc HTTP/1.1" 200 36482
207.46.13.132 - - [12/Jan/2016:10:50:53 +0800] "GET /content/subject/resource_content.jsp?oid=16777377&queryType=qc HTTP/1.1" 200 52086
207.46.13.132 - - [12/Jan/2016:10:50:54 +0800] "GET /content/subject/resource_content.jsp?oid=16777409&queryType=qc HTTP/1.1" 200 37736
207.46.13.132 - - [12/Jan/2016:10:50:55 +0800] "GET /content/subject/resource_content.jsp?oid=16777415&queryType=qc HTTP/1.1" 200 28396
207.46.13.132 - - [12/Jan/2016:10:50:56 +0800] "GET /content/subject/resource_content.jsp?oid=16777424&queryType=qc HTTP/1.1" 200 38692
207.46.13.132 - - [12/Jan/2016:10:50:57 +0800] "GET /content/subject/resource_content.jsp?oid=16777503&queryType=qc HTTP/1.1" 200 40631
68.180.228.24 - - [12/Jan/2016:10:51:15 +0800] "GET /digiarch_en/content/pictures/picture_content.jsp?oid=33554811&queryType=qc HTTP/1.1" 200 21905
66.249.79.24 - - [12/Jan/2016:10:51:46 +0800] "GET /content/subject/resource_content.jsp?oid=16777799&queryString=%E6%80%9D%E6%83%B3%20%E7%A4%BE%E6%9C%83%E5%AD%B8 HTTP/1.1" 200 29068
66.249.71.113 - - [12/Jan/2016:10:51:47 +0800] "GET /content/repository/resource_content.jsp?oid=2677011&queryType=qs&queryString=%E6%97%A8%E7%9F%A5 HTTP/1.1" 200 30359
66.249.77.97 - - [12/Jan/2016:10:53:13 +0800] "GET /content/nav/relationSubject.jsp?relationWords=%E8%A6%96%E8%A6%BA+&oid=16777299 HTTP/1.1" 200 3612
66.249.77.85 - - [12/Jan/2016:10:53:14 +0800] "GET /content/nav/relationSubject.jsp?relationWords=%E8%A6%96%E8%A6%BA%20&oid=16777299 HTTP/1.1" 200 3612
66.249.71.121 - - [12/Jan/2016:10:54:47 +0800] "GET /content/repository/resource_content.jsp?oid=1775037&queryType=qs&queryString=%E9%9C%80%E6%B1%82%E8%A9%95%E4%BC%B0 HTTP/1.1" 200 31689
66.249.71.121 - - [12/Jan/2016:10:54:48 +0800] "GET /content/repository/resource_content.jsp?oid=2510454&queryType=qs&queryString=%E6%B0%B4%E5%A3%A9 HTTP/1.1" 200 29787
66.249.71.60 - - [12/Jan/2016:10:56:34 +0800] "GET /content/nav/relationSubject.jsp?relationWords=%E5%AE%89%E5%85%A8%E6%A1%88+&oid=1608109 HTTP/1.1" 200 3314
223.142.138.223 - - [12/Jan/2016:10:57:08 +0800] "GET /content/repository/resource_content.jsp?oid=1112444 HTTP/1.1" 200 31367
223.142.138.223 - - [12/Jan/2016:10:57:30 +0800] "GET /content/nav/relationSubject.jsp?relationWords=%E5%B1%B1%E6%9E%87%E6%9D%B7+%E6%9E%87%E6%9D%B7+%E6%A4%8D%E7%89%A9%E7%95%8C+%E8%96%94%E8%96%87%E7%9B%AE+%E8%96%94%E8%96%87%E7%A7%91+&oid=1112444 HTTP/1.1" 200 3479
66.249.71.113 - - [12/Jan/2016:10:57:38 +0800] "GET /content/nav/relationSubject.jsp?relationWords=%E5%80%89%E5%BB%92%E5%BA%A7+&oid=2674768 HTTP/1.1" 200 3108
66.249.71.105 - - [12/Jan/2016:10:57:40 +0800] "GET /content/nav/relationSubject.jsp?relationWords=%E6%AD%A6%E6%96%91%E7%A5%A0+%E6%AD%A6%E6%B0%8F%E7%A5%A0%E5%B7%A6%E7%9F%B3%E5%AE%A4+&oid=1812495 HTTP/1.1" 200 3848
66.249.71.105 - - [12/Jan/2016:10:57:42 +0800] "GET /content/nav/relationSubject.jsp?relationWords=%E5%80%89%E5%BB%92%E5%BA%A7%20&oid=2674768 HTTP/1.1" 200 3108
66.249.71.105 - - [12/Jan/2016:10:57:43 +0800] "GET /content/nav/relationSubject.jsp?relationWords=%E6%AD%A6%E6%96%91%E7%A5%A0%20%E6%AD%A6%E6%B0%8F%E7%A5%A0%E5%B7%A6%E7%9F%B3%E5%AE%A4%20&oid=1812495 HTTP/1.1" 200 3848
66.249.71.14 - - [12/Jan/2016:10:57:46 +0800] "GET /digiarch3/content/repository/resource_content.jsp?oid=2687719&queryType=qs&queryString=%E5%BB%82%E8%97%8D%E6%97%97 HTTP/1.1" 200 30305
66.249.71.72 - - [12/Jan/2016:10:59:18 +0800] "GET /content/repository/resource_content.jsp?oid=1890851 HTTP/1.1" 200 28542
203.72.3.5 - - [12/Jan/2016:11:00:14 +0800] "GET /content/repository/resource_content.jsp?oid=1456655 HTTP/1.1" 200 30913
203.72.3.5 - - [12/Jan/2016:11:00:14 +0800] "GET /content/nav/relationSubject.jsp?relationWords=%E5%B0%8F%E4%BB%99%E8%8C%85%E5%B1%AC+%E5%B0%8F%E9%87%91%E6%A2%85%E8%8D%89+%E5%B0%8F%E9%87%91%E6%A2%85%E8%91%89+&oid=1456655 HTTP/1.1" 200 3331
66.249.71.113 - - [12/Jan/2016:11:04:32 +0800] "GET /content/nav/relationSubject.jsp?relationWords=%E7%B8%BD%E6%B2%B3+&oid=2520118 HTTP/1.1" 200 3087
66.249.71.105 - - [12/Jan/2016:11:04:36 +0800] "GET /content/nav/relationSubject.jsp?relationWords=%E7%B8%BD%E6%B2%B3%20&oid=2520118 HTTP/1.1" 200 3087
66.249.71.60 - - [12/Jan/2016:11:06:02 +0800] "GET /content/nav/relationSubject.jsp?relationWords=%E6%A4%8D%E7%89%A9%E7%95%8C+%E7%B4%AB%E8%8F%80%E5%B1%AC+%E8%8F%8A%E7%A7%91+%E9%9B%99%E5%AD%90%E8%91%89%E6%A4%8D%E7%89%A9+%E9%9B%AA%E5%B1%B1%E9%A6%AC%E8%98%AD+&oid=1458754 HTTP/1.1" 200 3343
66.249.71.60 - - [12/Jan/2016:11:06:14 +0800] "GET /content/nav/relationSubject.jsp?relationWords=%E6%A4%8D%E7%89%A9%E7%95%8C%20%E7%B4%AB%E8%8F%80%E5%B1%AC%20%E8%8F%8A%E7%A7%91%20%E9%9B%99%E5%AD%90%E8%91%89%E6%A4%8D%E7%89%A9%20%E9%9B%AA%E5%B1%B1%E9%A6%AC%E8%98%AD%20&oid=1458754 HTTP/1.1" 200 3343
157.55.39.62 - - [12/Jan/2016:11:07:56 +0800] "GET /content/repository/resource_content.jsp?oid=1578927 HTTP/1.1" 200 28520
66.249.71.23 - - [12/Jan/2016:11:09:46 +0800] "GET /content/repository/resource_content.jsp?oid=2519821&queryString=%E5%88%91%E9%83%A8%20%E8%87%BA%E7%81%A3%E9%8E%AE%20%E8%94%A1%E8%90%AC HTTP/1.1" 200 30601
66.249.71.5 - - [12/Jan/2016:11:10:06 +0800] "GET /digiarch3/content/subject/resource_content.jsp?oid=16777804&queryType=qs&queryString=%E5%8C%97%E6%9C%9D HTTP/1.1" 200 29603
66.249.71.14 - - [12/Jan/2016:11:10:06 +0800] "GET /digiarch3/content/subject/resource_content.jsp?oid=16777342&queryType=qc HTTP/1.1" 200 33225
66.249.71.64 - - [12/Jan/2016:11:10:19 +0800] "GET /content/nav/relationSubject.jsp?relationWords=%E6%AF%9B%E8%BB%B8%E8%8E%8E%E8%8D%89+%E8%8E%8E%E8%8D%89+%E8%8E%8E%E8%8D%89%E5%B1%AC+&oid=2144284 HTTP/1.1" 200 3238
66.249.71.60 - - [12/Jan/2016:11:10:21 +0800] "GET /content/nav/relationSubject.jsp?relationWords=%E6%AF%9B%E8%BB%B8%E8%8E%8E%E8%8D%89%20%E8%8E%8E%E8%8D%89%20%E8%8E%8E%E8%8D%89%E5%B1%AC%20&oid=2144284 HTTP/1.1" 200 3238
66.249.71.72 - - [12/Jan/2016:11:11:00 +0800] "GET /content/nav/relationSubject.jsp?relationWords=%E5%B7%B4%E9%BB%8E%E5%92%8C%E6%9C%83+&oid=16777248 HTTP/1.1" 200 3536
157.55.39.252 - - [12/Jan/2016:11:11:08 +0800] "GET /content/nav/relationSubject.jsp?relationWords=%E6%AA%AC%E6%9E%9C+%E8%8A%92%E6%9E%9C+&oid=16777508 HTTP/1.1" 200 4379
122.116.99.57 - - [12/Jan/2016:11:12:29 +0800] "GET /content/repository/resource_content.jsp?oid=15257&queryString=%E5%B7%B4%E6%8B%89%E5%BA%AB%E7%AD%94%20%E7%AB%B9%E6%A2%AD%20%E9%87%91%E6%A2%AD%E9%AD%9A%20%E9%BB%83%E5%B0%BE%20%E9%BB%83%E5%B0%BE%E9%87%91%E6%A2%AD%E9%AD%9A HTTP/1.1" 200 34673
122.116.99.57 - - [12/Jan/2016:11:12:31 +0800] "GET /content/nav/relationSubject.jsp?relationWords=%E6%B2%B9%E7%94%98+%E9%95%B7%E9%B0%AD%E9%B0%A4+%E9%BB%83%E5%B0%BE+&oid=15257 HTTP/1.1" 200 3484
211.20.189.163 - - [12/Jan/2016:11:12:45 +0800] "GET /content/repository/resource_content.jsp?oid=1100840&queryType=qs&queryString=%E7%8D%85%E5%AD%90%E8%8D%89 HTTP/1.1" 200 31287
211.20.189.163 - - [12/Jan/2016:11:12:47 +0800] "GET /content/nav/relationSubject.jsp?relationWords=%E4%B9%9D%E9%A0%AD%E7%8D%85%E5%AD%90%E8%8D%89+%E6%A4%8D%E7%89%A9%E7%95%8C+%E7%88%B5%E5%BA%8A%E7%A7%91+%E7%8E%84%E5%8F%83+&oid=1100840 HTTP/1.1" 200 3381
66.249.77.91 - - [12/Jan/2016:11:13:06 +0800] "GET /content/repository/resource_content.jsp?oid=1615432&queryType=qs&queryString=%E8%85%B3%E8%B8%8F%E8%BB%8A HTTP/1.1" 200 28950
66.249.71.64 - - [12/Jan/2016:11:13:07 +0800] "GET /content/repository/resource_content.jsp?oid=1851455 HTTP/1.1" 200 29686
68.180.228.24 - - [12/Jan/2016:11:14:51 +0800] "GET /digiarch_en/content/subject/resource_content.jsp?oid=16777513&queryType=qc HTTP/1.1" 200 22885
66.249.71.72 - - [12/Jan/2016:11:16:05 +0800] "GET /content/repository/resource_content.jsp?oid=2557955 HTTP/1.1" 200 28626
66.249.71.60 - - [12/Jan/2016:11:16:06 +0800] "GET /content/repository/resource_content.jsp?oid=25750 HTTP/1.1" 200 29379
210.97.192.200 - - [12/Jan/2016:11:16:07 +0800] "GET /content/repository/resource_content.jsp?oid=630213&queryType=qs&queryString=%E6%97%A5%E6%9C%AC%E5%A4%A7%E5%AD%B8 HTTP/1.0" 200 28829
199.30.16.191 - - [12/Jan/2016:11:16:26 +0800] "GET /content/nav/relationSubject.jsp?relationWords=%E6%95%99%E8%82%B2%E5%BB%A3%E6%92%AD%E9%9B%BB%E5%8F%B0+&oid=16777610 HTTP/1.1" 200 3597
66.249.71.64 - - [12/Jan/2016:11:17:27 +0800] "GET /content/nav/relationSubject.jsp?relationWords=%E5%A9%9A%E5%A7%BB%E5%88%B6%E5%BA%A6+%E6%B3%B0%E9%9B%85%E6%97%8F+%E8%80%B6%E9%AD%AF%E6%97%8F+&oid=1777164 HTTP/1.1" 200 4100
66.249.71.60 - - [12/Jan/2016:11:17:28 +0800] "GET /content/nav/relationSubject.jsp?relationWords=%E5%A9%9A%E5%A7%BB%E5%88%B6%E5%BA%A6%20%E6%B3%B0%E9%9B%85%E6%97%8F%20%E8%80%B6%E9%AD%AF%E6%97%8F%20&oid=1777164 HTTP/1.1" 200 4100
66.249.71.64 - - [12/Jan/2016:11:19:15 +0800] "GET /content/repository/resource_content.jsp?oid=2579053 HTTP/1.1" 200 28725
66.249.71.60 - - [12/Jan/2016:11:19:18 +0800] "GET /content/repository/resource_content.jsp?oid=2599274 HTTP/1.1" 200 29210
66.249.71.60 - - [12/Jan/2016:11:19:39 +0800] "GET /content/repository/resource_content.jsp?oid=2586767 HTTP/1.1" 200 28957
66.249.77.85 - - [12/Jan/2016:11:20:03 +0800] "GET /content/repository/resource_content.jsp?oid=14970&queryString=%E8%82%A5%E7%9A%82%E9%AD%9A%20%E9%9B%99%E7%B7%9A%E5%B0%91%E5%AD%94%E7%B4%8B%E9%AF%9B%20%E9%AE%A8%E7%A7%91 HTTP/1.1" 200 34545
101.13.131.8 - - [12/Jan/2016:11:20:13 +0800] "GET /content/repository/resource_content.jsp?oid=2150411&queryString=%E5%8D%97%E6%9F%AF%20%E5%B6%BA%E5%8D%97%E6%9F%AF%20%E6%9D%B1%E5%8D%97%E7%9F%B3%E6%AB%9F%20%E6%9F%AF%E5%B1%AC%20%E6%A4%8D%E7%89%A9%E7%95%8C%20%E6%AE%BC%E6%96%97%E7%A7%91%20%E7%9F%AD%E5%B0%BE%E8%91%89%E7%9F%B3%E6%AB%9F%20%E7%9F%B3%E6%AB%9F HTTP/1.1" 200 31182
101.13.131.8 - - [12/Jan/2016:11:20:14 +0800] "GET /content/nav/relationSubject.jsp?relationWords=%E4%B8%89%E6%96%97%E7%9F%B3%E6%AB%9F+%E6%9F%AF%E5%B1%AC+%E6%A4%8D%E7%89%A9%E7%95%8C+%E6%AE%BC%E6%96%97%E7%A7%91+&oid=2150411 HTTP/1.1" 200 3500
66.249.71.60 - - [12/Jan/2016:11:20:43 +0800] "GET /content/nav/relationSubject.jsp?relationWords=%E7%95%AA%E6%95%95+&oid=2548390 HTTP/1.1" 200 2967
66.249.71.60 - - [12/Jan/2016:11:20:45 +0800] "GET /content/nav/relationSubject.jsp?relationWords=%E7%95%AA%E6%95%95%20&oid=2548390 HTTP/1.1" 200 2967
66.249.77.85 - - [12/Jan/2016:11:22:25 +0800] "GET /content/subject/resource_content.jsp?oid=16777479&queryType=qc HTTP/1.1" 200 35800
157.55.39.62 - - [12/Jan/2016:11:22:28 +0800] "GET /content/subject/resource_content.jsp?oid=16777482&queryType=qc HTTP/1.1" 200 37217
66.249.71.64 - - [12/Jan/2016:11:22:29 +0800] "GET /content/repository/resource_content.jsp?oid=2624409 HTTP/1.1" 200 29180
66.249.71.14 - - [12/Jan/2016:11:22:41 +0800] "GET /digiarch3/content/nav/relationSubject.jsp?relationWords=%E4%BA%BA%E6%B0%91%E6%AC%8A%E5%88%A9+%E6%8E%92%E6%B0%B4%E8%A8%AD%E6%96%BD+%E8%87%BA%E7%81%A3%E7%9C%81+%E8%87%BA%E7%81%A3%E7%9C%81%E6%94%BF%E5%BA%9C+&oid=1898918 HTTP/1.1" 200 4553
66.249.71.60 - - [12/Jan/2016:11:22:49 +0800] "GET /content/repository/resource_content.jsp?oid=2689023 HTTP/1.1" 200 29480
66.249.71.72 - - [12/Jan/2016:11:23:12 +0800] "GET /content/repository/resource_content.jsp?oid=2604807 HTTP/1.1" 200 29117
66.249.74.74 - - [12/Jan/2016:11:25:19 +0800] "GET /digiarch3/content/subject/resource_content.jsp?oid=16777801&queryType=qc HTTP/1.1" 200 43012
66.249.71.60 - - [12/Jan/2016:11:25:26 +0800] "GET /content/repository/resource_content.jsp?oid=3356247&queryString=%E7%88%B6%E7%99%B8%E5%BD%9D HTTP/1.1" 200 28960
66.249.71.60 - - [12/Jan/2016:11:25:29 +0800] "GET /content/repository/resource_content.jsp?oid=2554873 HTTP/1.1" 200 28786
122.147.249.2 - - [12/Jan/2016:11:25:57 +0800] "GET /content/subject/resource_content.jsp?oid=16797271&queryType=qc HTTP/1.1" 200 55170
66.249.71.60 - - [12/Jan/2016:11:25:58 +0800] "GET /content/repository/resource_content.jsp?oid=195977 HTTP/1.1" 200 29713
122.147.249.2 - - [12/Jan/2016:11:26:06 +0800] "GET /content/nav/relationSubject.jsp?relationWords=&oid=16797271 HTTP/1.1" 200 1405
61.224.50.90 - - [12/Jan/2016:11:27:47 +0800] "GET /content/nav/relationSubject.jsp?relationWords=%E7%A9%97%E8%8A%B1%E5%B1%B1%E5%A5%88+%E9%87%8E%E8%96%91%E8%8A%B1+&oid=16777263 HTTP/1.1" 200 3284
66.249.71.64 - - [12/Jan/2016:11:28:36 +0800] "GET /content/repository/resource_content.jsp?oid=1623008 HTTP/1.1" 200 28779
66.249.71.60 - - [12/Jan/2016:11:28:37 +0800] "GET /content/repository/resource_content.jsp?oid=1852040 HTTP/1.1" 200 28853
66.249.74.98 - - [12/Jan/2016:11:28:59 +0800] "GET /content/repository/resource_content.jsp?oid=1780443 HTTP/1.1" 200 28170
111.255.178.10 - - [12/Jan/2016:11:30:45 +0800] "GET /content/subject/resource_content.jsp?oid=16777717&queryType=qc HTTP/1.1" 200 33407
111.255.178.10 - - [12/Jan/2016:11:30:45 +0800] "GET /content/nav/relationSubject.jsp?relationWords=%E6%95%B8%E4%BD%8D%E5%85%B8%E8%97%8F+&oid=16777717 HTTP/1.1" 200 5879
66.249.71.105 - - [12/Jan/2016:11:31:12 +0800] "GET /content/nav/relationSubject.jsp?relationWords=%E6%A5%8A%E8%82%87%E5%98%89+&oid=16777781 HTTP/1.1" 200 2610
66.249.71.105 - - [12/Jan/2016:11:31:14 +0800] "GET /content/nav/relationSubject.jsp?relationWords=%E6%A5%8A%E8%82%87%E5%98%89%20&oid=16777781 HTTP/1.1" 200 2610
128.61.112.72 - - [12/Jan/2016:11:31:15 +0800] "GET /content/subject/resource_content.jsp?oid=16797293&queryType=qc HTTP/1.1" 200 46243
66.249.77.97 - - [12/Jan/2016:11:31:36 +0800] "GET /content/subject/resource_content.jsp?oid=16777601&queryType=qs&queryString=%E5%85%AC%E5%AD%B8%E6%A0%A1 HTTP/1.1" 200 58788
66.249.71.60 - - [12/Jan/2016:11:31:39 +0800] "GET /content/repository/resource_content.jsp?oid=23008 HTTP/1.1" 200 29907
128.61.112.72 - - [12/Jan/2016:11:31:39 +0800] "GET /content/nav/relationSubject.jsp?relationWords=%E5%B0%8F%E5%90%83+&oid=16797293 HTTP/1.1" 200 3156
66.249.71.60 - - [12/Jan/2016:11:32:02 +0800] "GET /content/repository/resource_content.jsp?oid=1870724 HTTP/1.1" 200 28902
157.55.39.62 - - [12/Jan/2016:11:34:11 +0800] "GET /content/subject/resource_content.jsp?oid=16777776&querytype=qc HTTP/1.1" 200 61601
136.243.9.138 - - [12/Jan/2016:11:34:41 +0800] "GET /content/subject/resource_content.jsp?oid=16777740 HTTP/1.1" 200 41298
66.249.71.64 - - [12/Jan/2016:11:34:47 +0800] "GET /content/repository/resource_content.jsp?oid=2151348 HTTP/1.1" 200 30357
66.249.71.72 - - [12/Jan/2016:11:34:48 +0800] "GET /content/repository/resource_content.jsp?oid=1881846 HTTP/1.1" 200 28816
66.249.71.105 - - [12/Jan/2016:11:34:57 +0800] "GET /content/nav/relationSubject.jsp?relationWords=%E5%85%AC%E7%87%9F%E4%BA%8B%E6%A5%AD+%E6%A8%9F%E8%85%A6%E5%BB%A0+&oid=1571528 HTTP/1.1" 200 6113
157.55.39.22 - - [12/Jan/2016:11:35:55 +0800] "GET /content/repository/resource_content.jsp?oid=1894384&queryString=%E6%B1%9F%E4%B8%8A%E6%B8%85%20%E9%99%B3%E6%98%8E%E6%96%87%20%E9%A1%8F%E6%B8%85%E6%A8%99 HTTP/1.1" 200 29027
66.249.71.14 - - [12/Jan/2016:11:36:17 +0800] "GET /digiarch3/content/nav/relationSubject.jsp?relationWords=%E4%BF%B1%E6%A8%82%E9%83%A8+%E6%84%9B%E5%9C%8B%E5%A9%A6%E4%BA%BA%E6%9C%83+%E6%A1%94%E6%A2%97+&oid=16777660 HTTP/1.1" 200 3317
36.231.112.102 - - [12/Jan/2016:11:36:57 +0800] "GET /content/repository/resource_content.jsp?oid=216450 HTTP/1.1" 200 30591
36.231.112.102 - - [12/Jan/2016:11:37:00 +0800] "GET /content/nav/relationSubject.jsp?relationWords=%E9%99%B8%E6%B8%AC%E5%9C%96+&oid=216450 HTTP/1.1" 200 3079
66.249.71.60 - - [12/Jan/2016:11:37:46 +0800] "GET /content/repository/resource_content.jsp?oid=1881900 HTTP/1.1" 200 28831
66.249.71.60 - - [12/Jan/2016:11:37:47 +0800] "GET /content/repository/resource_content.jsp?oid=2150391 HTTP/1.1" 200 30761
157.55.39.71 - - [12/Jan/2016:11:37:58 +0800] "GET /content/repository/resource_content.jsp?oid=2151061 HTTP/1.1" 200 30984
66.249.71.64 - - [12/Jan/2016:11:38:35 +0800] "GET /content/nav/relationSubject.jsp?relationWords=%E6%96%87%E5%8C%96%E8%97%9D%E8%A1%93+%E6%B3%B0%E9%9B%85%E6%97%8F+&oid=1775452 HTTP/1.1" 200 4511
66.249.71.60 - - [12/Jan/2016:11:38:38 +0800] "GET /content/nav/relationSubject.jsp?relationWords=%E6%96%87%E5%8C%96%E8%97%9D%E8%A1%93%20%E6%B3%B0%E9%9B%85%E6%97%8F%20&oid=1775452 HTTP/1.1" 200 4511
66.249.71.41 - - [12/Jan/2016:11:40:08 +0800] "GET /content/nav/relationSubject.jsp?relationWords=%E4%BA%BA%E5%90%8D%E6%AC%8A%E5%A8%81+%E5%82%B3%E6%95%99%E5%A3%AB+%E6%95%B5%E5%83%91+&oid=733672 HTTP/1.1" 200 3131
66.249.71.41 - - [12/Jan/2016:11:40:11 +0800] "GET /content/nav/relationSubject.jsp?relationWords=%E4%BA%BA%E5%90%8D%E6%AC%8A%E5%A8%81%20%E5%82%B3%E6%95%99%E5%A3%AB%20%E6%95%B5%E5%83%91%20&oid=733672 HTTP/1.1" 200 3131
66.249.71.60 - - [12/Jan/2016:11:40:51 +0800] "GET /content/repository/resource_content.jsp?oid=2146694&queryString=%E5%8D%97%E6%B9%96%E5%A4%A7%E5%B1%B1%20%E6%9D%9C%E9%B5%91%20%E7%8E%89%E5%B1%B1%E6%9D%9C%E9%B5%91%20%E7%B4%B0%E8%91%89%E6%9D%9C%E9%B5%91%20%E8%A5%BF%E6%96%BD%E8%8A%B1 HTTP/1.1" 200 31265
66.249.71.60 - - [12/Jan/2016:11:41:04 +0800] "GET /content/repository/resource_content.jsp?oid=2611841 HTTP/1.1" 200 29741
207.46.13.132 - - [12/Jan/2016:11:41:16 +0800] "GET /content/subject/resource_content.jsp?oid=16777503 HTTP/1.1" 200 40620
66.249.71.60 - - [12/Jan/2016:11:41:28 +0800] "GET /content/repository/resource_content.jsp?oid=1605598 HTTP/1.1" 200 28665
66.249.71.60 - - [12/Jan/2016:11:42:52 +0800] "GET /content/nav/relationSubject.jsp?relationWords=%E5%9C%8B%E6%B0%91%E5%B0%8F%E5%AD%B8+%E5%BD%AD%E5%9F%8E+%E6%BD%AE%E5%B7%9E%E9%8E%AE+%E7%A6%8F%E5%BE%B7%E7%A5%A0+%E8%BE%B2%E5%B1%B1+&oid=1625155 HTTP/1.1" 200 4154
66.249.71.60 - - [12/Jan/2016:11:42:55 +0800] "GET /content/nav/relationSubject.jsp?relationWords=%E5%9C%8B%E6%B0%91%E5%B0%8F%E5%AD%B8%20%E5%BD%AD%E5%9F%8E%20%E6%BD%AE%E5%B7%9E%E9%8E%AE%20%E7%A6%8F%E5%BE%B7%E7%A5%A0%20%E8%BE%B2%E5%B1%B1%20&oid=1625155 HTTP/1.1" 200 4154
66.249.71.72 - - [12/Jan/2016:11:43:56 +0800] "GET /content/repository/resource_content.jsp?oid=14088&queryString=%E6%B2%99%E6%A2%9D%20%E7%81%B0%E8%B2%82%E9%AE%AB HTTP/1.1" 200 34596
66.249.71.60 - - [12/Jan/2016:11:43:59 +0800] "GET /content/repository/resource_content.jsp?oid=227111 HTTP/1.1" 200 30067
66.249.71.60 - - [12/Jan/2016:11:44:24 +0800] "GET /content/repository/resource_content.jsp?oid=1582430 HTTP/1.1" 200 28785
66.249.71.121 - - [12/Jan/2016:11:45:24 +0800] "GET /content/nav/relationSubject.jsp?relationWords=%E5%A7%AC%E9%87%91%E7%B7%9A%E9%AD%9A+%E9%87%91%E7%B7%9A%E9%AD%9A+%E9%87%91%E7%B7%9A%E9%AD%9A%E7%A7%91+%E9%87%91%E7%B7%9A%E9%B0%B1+&oid=15421 HTTP/1.1" 200 3516
66.249.71.105 - - [12/Jan/2016:11:45:26 +0800] "GET /content/nav/relationSubject.jsp?relationWords=%E5%A7%AC%E9%87%91%E7%B7%9A%E9%AD%9A%20%E9%87%91%E7%B7%9A%E9%AD%9A%20%E9%87%91%E7%B7%9A%E9%AD%9A%E7%A7%91%20%E9%87%91%E7%B7%9A%E9%B0%B1%20&oid=15421 HTTP/1.1" 200 3516
39.12.213.67 - - [12/Jan/2016:11:46:00 +0800] "GET /content/repository/resource_content.jsp?oid=4363123&queryString=%E6%9C%B4%E5%AD%90%20%E6%9C%B4%E5%AD%90%E6%BA%AA HTTP/1.1" 200 28660
39.12.213.67 - - [12/Jan/2016:11:46:01 +0800] "GET /content/nav/relationSubject.jsp?relationWords=%E4%BB%99%E7%A5%96+%E6%9C%B4%E5%AD%90+&oid=4363123 HTTP/1.1" 200 4104
39.12.213.67 - - [12/Jan/2016:11:46:40 +0800] "GET /content/repository/resource_content.jsp?oid=1548826&queryString=%E4%BB%99%E7%A5%96%20%E6%9C%B4%E5%AD%90 HTTP/1.1" 200 29334
39.12.213.67 - - [12/Jan/2016:11:46:40 +0800] "GET /content/nav/relationSubject.jsp?relationWords=%E6%9C%B4%E5%AD%90+%E6%9F%8F%E6%B2%B9%E8%B7%AF%E9%9D%A2+&oid=1548826 HTTP/1.1" 200 3545
39.12.213.67 - - [12/Jan/2016:11:46:48 +0800] "GET /content/repository/resource_content.jsp?oid=4363123&queryString=%E6%9C%B4%E5%AD%90%20%E6%9F%8F%E6%B2%B9%E8%B7%AF%E9%9D%A2 HTTP/1.1" 200 28660
39.12.213.67 - - [12/Jan/2016:11:46:48 +0800] "GET /content/nav/relationSubject.jsp?relationWords=%E4%BB%99%E7%A5%96+%E6%9C%B4%E5%AD%90+&oid=4363123 HTTP/1.1" 200 4104
66.249.71.64 - - [12/Jan/2016:11:47:05 +0800] "GET /content/repository/resource_content.jsp?oid=1878143 HTTP/1.1" 200 29130
66.249.71.60 - - [12/Jan/2016:11:47:06 +0800] "GET /content/repository/resource_content.jsp?oid=2150433 HTTP/1.1" 200 30792
223.200.90.67 - - [12/Jan/2016:11:47:27 +0800] "GET /content/nav/relationSubject.jsp?relationWords=%E9%9D%92%E5%89%9B%E6%AB%9F+&oid=16777349 HTTP/1.1" 200 4006
66.249.71.60 - - [12/Jan/2016:11:50:16 +0800] "GET /content/repository/resource_content.jsp?oid=2541970 HTTP/1.1" 200 28872
66.249.74.98 - - [12/Jan/2016:11:50:21 +0800] "GET /content/repository/resource_content.jsp?oid=2598656 HTTP/1.1" 200 28932
66.249.71.72 - - [12/Jan/2016:11:50:23 +0800] "GET /content/nav/relationSubject.jsp?relationWords=%E5%9F%94%E5%A7%9C%E6%A1%91%E5%AF%84%E7%94%9F+%E6%9D%BE%E5%AF%84%E7%94%9F%E5%B1%AC+%E6%A1%91%E5%AF%84%E7%94%9F+%E6%A4%8D%E7%89%A9%E7%95%8C+%E9%88%8D%E6%9E%9C%E6%A1%91%E5%AF%84%E7%94%9F%E5%B1%AC+&oid=1109571 HTTP/1.1" 200 3515
66.249.71.60 - - [12/Jan/2016:11:50:25 +0800] "GET /content/nav/relationSubject.jsp?relationWords=%E5%9F%94%E5%A7%9C%E6%A1%91%E5%AF%84%E7%94%9F%20%E6%9D%BE%E5%AF%84%E7%94%9F%E5%B1%AC%20%E6%A1%91%E5%AF%84%E7%94%9F%20%E6%A4%8D%E7%89%A9%E7%95%8C%20%E9%88%8D%E6%9E%9C%E6%A1%91%E5%AF%84%E7%94%9F%E5%B1%AC%20&oid=1109571 HTTP/1.1" 200 3515
66.249.71.60 - - [12/Jan/2016:11:50:48 +0800] "GET /content/repository/resource_content.jsp?oid=22902 HTTP/1.1" 200 29954
66.249.71.72 - - [12/Jan/2016:11:51:22 +0800] "GET /content/subject/resource_content.jsp?oid=16777472&queryType=qs&queryString=%E7%A1%A8%E7%A3%B2%E8%9B%A4 HTTP/1.1" 200 64915
66.249.71.14 - - [12/Jan/2016:11:51:47 +0800] "GET /content/nav/relationSubject.jsp?relationWords=%E5%88%91%E9%83%A8%E5%B0%9A%E6%9B%B8%20&oid=2519821 HTTP/1.1" 200 3123
68.180.228.24 - - [12/Jan/2016:11:52:37 +0800] "GET /content/subject/resource_content.jsp?oid=16777341&queryType=qc HTTP/1.1" 200 37160
66.249.71.72 - - [12/Jan/2016:11:53:15 +0800] "GET /content/repository/resource_content.jsp?oid=217791 HTTP/1.1" 200 30662
66.249.71.72 - - [12/Jan/2016:11:53:16 +0800] "GET /content/repository/resource_content.jsp?oid=2686629 HTTP/1.1" 200 29480
66.249.71.60 - - [12/Jan/2016:11:53:57 +0800] "GET /content/repository/resource_content.jsp?oid=2686521 HTTP/1.1" 200 29358
49.216.65.227 - - [12/Jan/2016:11:55:49 +0800] "GET /content/nav/relationSubject.jsp?relationWords=%E5%B1%B1%E6%AB%BB%E8%8A%B1+&oid=16777304 HTTP/1.1" 200 4452
66.249.71.64 - - [12/Jan/2016:11:56:25 +0800] "GET /content/repository/resource_content.jsp?oid=284692 HTTP/1.1" 200 29464
66.249.71.72 - - [12/Jan/2016:11:56:26 +0800] "GET /content/repository/resource_content.jsp?oid=2677383 HTTP/1.1" 200 28868
42.77.60.167 - - [12/Jan/2016:11:56:38 +0800] "GET /content/repository/resource_content.jsp?oid=1105134 HTTP/1.1" 200 31326
42.77.60.167 - - [12/Jan/2016:11:56:39 +0800] "GET /content/nav/relationSubject.jsp?relationWords=%E5%A4%A7%E8%B1%86%E5%B1%AC+%E6%89%81%E8%B1%86%E8%8E%A2%E5%A4%A7%E8%B1%86+%E6%A4%8D%E7%89%A9%E7%95%8C+%E8%A0%B6%E8%B1%86+%E9%9B%99%E5%AD%90%E8%91%89%E6%A4%8D%E7%89%A9+&oid=1105134 HTTP/1.1" 200 3329
210.97.192.210 - - [12/Jan/2016:11:56:53 +0800] "GET /content/repository/resource_content.jsp?oid=15758&queryType=qs&queryString=%E9%BB%83%E9%BE%8D HTTP/1.0" 200 36069
68.180.228.24 - - [12/Jan/2016:11:57:45 +0800] "GET /content/repository/resource_content.jsp?oid=1123156&queryType=qc HTTP/1.1" 200 34434
146.185.234.48 - - [12/Jan/2016:11:57:55 +0800] "GET /content/subject/resource_content.jsp?oid=16777532&queryType=qc HTTP/1.1" 200 34708
146.185.234.48 - - [12/Jan/2016:11:57:57 +0800] "GET /content/subject/resource_content.jsp?oid=16777532&queryType=qc%20http://www.facebook.com/plugins/like.php?href=http://digiarch.sinica.edu.tw/content/subject/resource_content.jsp?oid=16777532&layout=button_count&show_faces=false&action=like&font=arial&colorscheme=light HTTP/1.1" 200 34708
220.181.108.112 - - [12/Jan/2016:11:58:56 +0800] "GET /digiarch_en/content/subject/resource_content.jsp?oid=16777272&queryType=qc HTTP/1.1" 200 40346
66.249.71.72 - - [12/Jan/2016:11:59:25 +0800] "GET /content/repository/resource_content.jsp?oid=1876381 HTTP/1.1" 200 28745
66.249.71.60 - - [12/Jan/2016:11:59:30 +0800] "GET /content/repository/resource_content.jsp?oid=225873 HTTP/1.1" 200 30049
207.46.13.132 - - [12/Jan/2016:11:59:42 +0800] "GET /content/repository/resource_content.jsp?oid=1517545 HTTP/1.1" 200 28753
68.180.230.178 - - [12/Jan/2016:12:00:03 +0800] "GET /content/pictures/picture_content.jsp?oid=33554822 HTTP/1.1" 200 27471
66.249.71.72 - - [12/Jan/2016:12:00:06 +0800] "GET /content/repository/resource_content.jsp?oid=2677470 HTTP/1.1" 200 28852
66.249.71.60 - - [12/Jan/2016:12:00:19 +0800] "GET /digiarch_en/content/nav/relationSubject.jsp?relationWords=%E5%86%B7%E6%B0%A3+%E5%86%B7%E6%B0%A3%E8%88%B9+%E7%BE%A9%E5%A4%A7%E5%88%A9+%E8%87%BA%E8%95%89+%E8%8A%B1%E8%B2%BB+%E9%80%9A%E9%A2%A8%E8%88%B9+&oid=1573516 HTTP/1.1" 200 4721
66.249.71.60 - - [12/Jan/2016:12:00:21 +0800] "GET /digiarch_en/content/nav/relationSubject.jsp?relationWords=%E5%86%B7%E6%B0%A3%20%E5%86%B7%E6%B0%A3%E8%88%B9%20%E7%BE%A9%E5%A4%A7%E5%88%A9%20%E8%87%BA%E8%95%89%20%E8%8A%B1%E8%B2%BB%20%E9%80%9A%E9%A2%A8%E8%88%B9%20&oid=1573516 HTTP/1.1" 200 4721
42.73.146.102 - - [12/Jan/2016:12:00:25 +0800] "GET /content/repository/resource_content.jsp?oid=1519853 HTTP/1.1" 200 31086
42.73.146.102 - - [12/Jan/2016:12:00:26 +0800] "GET /content/nav/relationSubject.jsp?relationWords=%E4%B8%AD%E5%9C%8B%E5%9C%8B%E6%B0%91%E9%BB%A8+%E5%8A%89%E5%82%B3%E4%BE%86%E6%8F%90+%E5%8A%89%E6%BD%A4%E6%89%8D+%E5%8F%B0%E7%81%A3%E7%9C%81+%E5%90%8C%E6%A5%AD%E5%85%AC%E6%9C%83+%E6%9D%8E%E5%BB%BA%E5%92%8C+%E6%9E%97%E7%92%A7%E8%BC%9D+%E6%A9%A1%E8%86%A0+%E6%BC%81%E6%9C%83+%E7%81%A3%E7%9C%81%E6%94%BF%E5%BA%9C+%E7%89%A9%E8%B3%87%E5%B1%80+%E7%8E%8B%E9%9B%B2%E9%BE%8D+%E7%9C%81%E6%94%BF%E5%BA%9C+%E7%B5%84%E7%B9%94%E8%A6%8F%E7%A8%8B+%E8%87%A8%E6%99%82%E7%9C%81%E8%AD%B0%E6%9C%83+%E9%85%8D%E9%8A%B7+%E9%AB%98%E9%9B%84%E5%B8%82+%E9%AB%98%E9%A0%86%E8%B3%A2+&oid=1519853 HTTP/1.1" 200 5382
66.249.71.60 - - [12/Jan/2016:12:00:46 +0800] "GET /content/repository/resource_content.jsp?oid=2677596 HTTP/1.1" 200 27927
110.28.74.29 - - [12/Jan/2016:12:00:49 +0800] "GET /content/nav/relationSubject.jsp?relationWords=%E9%84%AD%E6%88%90%E5%8A%9F+&oid=16777440 HTTP/1.1" 200 3538
42.73.146.102 - - [12/Jan/2016:12:01:02 +0800] "GET /content/repository/resource_content.jsp?oid=1519853 HTTP/1.1" 200 31086
42.73.146.102 - - [12/Jan/2016:12:01:03 +0800] "GET /content/nav/relationSubject.jsp?relationWords=%E4%B8%AD%E5%9C%8B%E5%9C%8B%E6%B0%91%E9%BB%A8+%E5%8A%89%E5%82%B3%E4%BE%86%E6%8F%90+%E5%8A%89%E6%BD%A4%E6%89%8D+%E5%8F%B0%E7%81%A3%E7%9C%81+%E5%90%8C%E6%A5%AD%E5%85%AC%E6%9C%83+%E6%9D%8E%E5%BB%BA%E5%92%8C+%E6%9E%97%E7%92%A7%E8%BC%9D+%E6%A9%A1%E8%86%A0+%E6%BC%81%E6%9C%83+%E7%81%A3%E7%9C%81%E6%94%BF%E5%BA%9C+%E7%89%A9%E8%B3%87%E5%B1%80+%E7%8E%8B%E9%9B%B2%E9%BE%8D+%E7%9C%81%E6%94%BF%E5%BA%9C+%E7%B5%84%E7%B9%94%E8%A6%8F%E7%A8%8B+%E8%87%A8%E6%99%82%E7%9C%81%E8%AD%B0%E6%9C%83+%E9%85%8D%E9%8A%B7+%E9%AB%98%E9%9B%84%E5%B8%82+%E9%AB%98%E9%A0%86%E8%B3%A2+&oid=1519853 HTTP/1.1" 200 5382
66.249.71.72 - - [12/Jan/2016:12:01:18 +0800] "GET /content/nav/relationSubject.jsp?relationWords=%E7%B4%85%E7%9C%BC%E7%8F%8A%E7%91%9A%E8%9D%A6%E8%99%8E+%E8%9D%A6%E8%99%8E%E7%A7%91+%E8%9D%A6%E8%99%8E%E9%AD%9A+&oid=16137 HTTP/1.1" 200 3395
66.249.71.60 - - [12/Jan/2016:12:01:19 +0800] "GET /content/nav/relationSubject.jsp?relationWords=%E7%B4%85%E7%9C%BC%E7%8F%8A%E7%91%9A%E8%9D%A6%E8%99%8E%20%E8%9D%A6%E8%99%8E%E7%A7%91%20%E8%9D%A6%E8%99%8E%E9%AD%9A%20&oid=16137 HTTP/1.1" 200 3395
66.249.71.72 - - [12/Jan/2016:12:02:26 +0800] "GET /content/repository/resource_content.jsp?oid=1562150 HTTP/1.1" 200 29446
66.249.77.85 - - [12/Jan/2016:12:02:29 +0800] "GET /content/repository/resource_content.jsp?oid=4364677&queryType=qs&queryString=%E5%A5%B3%E8%A3%99 HTTP/1.1" 200 29883
66.249.71.60 - - [12/Jan/2016:12:02:53 +0800] "GET /content/repository/resource_content.jsp?oid=290174 HTTP/1.1" 200 29582
66.249.74.100 - - [12/Jan/2016:12:03:20 +0800] "GET /content/repository/resource_content.jsp?oid=217647 HTTP/1.1" 200 30663
157.55.39.62 - - [12/Jan/2016:12:04:35 +0800] "GET /content/subject/resource_content.jsp?oid=16777835&queryType=qc HTTP/1.1" 200 50995
66.249.71.164 - - [12/Jan/2016:12:05:36 +0800] "GET /content/subject/resource_content.jsp?oid=16777378&queryType=qc HTTP/1.1" 200 33344
66.249.71.60 - - [12/Jan/2016:12:05:39 +0800] "GET /content/repository/resource_content.jsp?oid=177076 HTTP/1.1" 200 30068
66.249.71.64 - - [12/Jan/2016:12:06:10 +0800] "GET /content/repository/resource_content.jsp?oid=2152271 HTTP/1.1" 200 30743
66.249.71.60 - - [12/Jan/2016:12:06:40 +0800] "GET /content/repository/resource_content.jsp?oid=221090 HTTP/1.1" 200 30049
66.249.71.72 - - [12/Jan/2016:12:07:52 +0800] "GET /content/nav/relationSubject.jsp?relationWords=%E4%BA%94%E8%85%B3%E8%99%8E+%E6%A2%9D%E7%B4%8B%E8%BA%84%E9%AD%9A+%E8%BA%84%E9%AD%9A+%E8%BA%84%E9%AD%9A%E7%A7%91+&oid=14615 HTTP/1.1" 200 4248
66.249.71.60 - - [12/Jan/2016:12:07:53 +0800] "GET /content/nav/relationSubject.jsp?relationWords=%E4%BA%94%E8%85%B3%E8%99%8E%20%E6%A2%9D%E7%B4%8B%E8%BA%84%E9%AD%9A%20%E8%BA%84%E9%AD%9A%20%E8%BA%84%E9%AD%9A%E7%A7%91%20&oid=14615 HTTP/1.1" 200 4248
66.249.71.64 - - [12/Jan/2016:12:08:37 +0800] "GET /content/nav/relationSubject.jsp?relationWords=%E6%A4%8D%E7%89%A9%E7%95%8C%20%E8%93%BC%E5%B1%AC%20%E8%93%BC%E7%A7%91%20%E8%99%8E%E6%9D%96%20%E9%BB%83%E8%97%A5%E5%AD%90%20&oid=1110587 HTTP/1.1" 200 3361
66.249.71.60 - - [12/Jan/2016:12:08:46 +0800] "GET /content/repository/resource_content.jsp?oid=222816 HTTP/1.1" 200 30072
66.249.71.64 - - [12/Jan/2016:12:08:46 +0800] "GET /content/repository/resource_content.jsp?oid=221988 HTTP/1.1" 200 30078
65.55.210.138 - - [12/Jan/2016:12:11:12 +0800] "GET /content/nav/relationSubject.jsp?relationWords=%E8%BE%9B%E5%A4%B7+&oid=16777479 HTTP/1.1" 200 1412
122.146.57.196 - - [12/Jan/2016:12:11:39 +0800] "GET /content/repository/resource_content.jsp?oid=1592954 HTTP/1.1" 200 28732
122.146.57.196 - - [12/Jan/2016:12:11:40 +0800] "GET /content/nav/relationSubject.jsp?relationWords=%E6%88%90%E5%81%8F+%E8%AD%A6%E5%AF%9F+%E8%B3%AA%E8%A9%A2+%E8%BB%8A%E7%A6%8D+&oid=1592954 HTTP/1.1" 200 4828
66.249.74.98 - - [12/Jan/2016:12:11:56 +0800] "GET /content/repository/resource_content.jsp?oid=2145290 HTTP/1.1" 200 30593
66.249.74.98 - - [12/Jan/2016:12:11:57 +0800] "GET /content/repository/resource_content.jsp?oid=1598905 HTTP/1.1" 200 28431
66.249.71.14 - - [12/Jan/2016:12:12:36 +0800] "GET /digiarch3/content/repository/resource_content.jsp?oid=2470734&queryType=qs&queryString=%E6%9E%97%E8%B3%87%E5%BD%AC HTTP/1.1" 200 29980
199.30.25.149 - - [12/Jan/2016:12:13:04 +0800] "GET /content/nav/relationSubject.jsp?relationWords=&oid=16777227 HTTP/1.1" 200 1405
66.249.71.64 - - [12/Jan/2016:12:15:06 +0800] "GET /content/repository/resource_content.jsp?oid=1599586 HTTP/1.1" 200 28378
66.249.71.60 - - [12/Jan/2016:12:15:07 +0800] "GET /content/repository/resource_content.jsp?oid=1818808 HTTP/1.1" 200 28961
101.12.128.124 - - [12/Jan/2016:12:15:18 +0800] "GET /content/nav/relationSubject.jsp?relationWords=%E7%B4%AB%E9%88%B4%E8%97%A4+%E8%92%9C%E9%A6%99%E8%97%A4+&oid=16777257 HTTP/1.1" 200 1891
66.249.71.105 - - [12/Jan/2016:12:17:44 +0800] "GET /content/nav/relationSubject.jsp?relationWords=&oid=2634904 HTTP/1.1" 200 1405
66.249.71.60 - - [12/Jan/2016:12:18:16 +0800] "GET /content/repository/resource_content.jsp?oid=2534080 HTTP/1.1" 200 28788
66.249.71.60 - - [12/Jan/2016:12:18:16 +0800] "GET /content/repository/resource_content.jsp?oid=198312 HTTP/1.1" 200 29758
210.97.192.210 - - [12/Jan/2016:12:18:29 +0800] "GET /content/subject/resource_content.jsp?oid=16777488&queryType=qs&queryString=%E7%B6%93%E6%BF%9F%E8%A6%8F%E6%A8%A1 HTTP/1.0" 200 60802
66.249.71.64 - - [12/Jan/2016:12:20:19 +0800] "GET /content/nav/relationSubject.jsp?relationWords=%E5%8D%97%E6%B9%96%E5%A4%A7%E5%B1%B1+%E6%A4%8D%E7%89%A9%E7%95%8C+%E7%B4%AB%E9%9B%B2%E8%8B%B1+%E7%B4%AB%E9%9B%B2%E8%8B%B1%E5%B1%AC+%E8%A0%B6%E8%B1%86+%E9%9B%99%E5%AD%90%E8%91%89%E6%A4%8D%E7%89%A9+&oid=1462428 HTTP/1.1" 200 4330
66.249.71.60 - - [12/Jan/2016:12:20:21 +0800] "GET /content/nav/relationSubject.jsp?relationWords=%E5%8D%97%E6%B9%96%E5%A4%A7%E5%B1%B1%20%E6%A4%8D%E7%89%A9%E7%95%8C%20%E7%B4%AB%E9%9B%B2%E8%8B%B1%20%E7%B4%AB%E9%9B%B2%E8%8B%B1%E5%B1%AC%20%E8%A0%B6%E8%B1%86%20%E9%9B%99%E5%AD%90%E8%91%89%E6%A4%8D%E7%89%A9%20&oid=1462428 HTTP/1.1" 200 4330
66.249.71.60 - - [12/Jan/2016:12:21:16 +0800] "GET /content/repository/resource_content.jsp?oid=2575403 HTTP/1.1" 200 29244
66.249.71.173 - - [12/Jan/2016:12:21:23 +0800] "GET /content/nav/relationSubject.jsp?relationWords=%E4%BD%9B%E7%B6%93+&oid=4364260 HTTP/1.1" 200 3302
66.249.71.60 - - [12/Jan/2016:12:21:43 +0800] "GET /content/repository/resource_content.jsp?oid=2585627 HTTP/1.1" 200 28707
114.43.240.82 - - [12/Jan/2016:12:21:59 +0800] "GET /content/subject/resource_content.jsp?oid=16797293&queryType=qc HTTP/1.1" 200 46243
114.43.240.82 - - [12/Jan/2016:12:22:00 +0800] "GET /content/nav/relationSubject.jsp?relationWords=%E5%B0%8F%E5%90%83+&oid=16797293 HTTP/1.1" 200 3156
210.97.192.220 - - [12/Jan/2016:12:22:09 +0800] "GET /content/repository/resource_content.jsp?oid=560324&queryType=qs&queryString=%E5%BD%B9%E8%AD%B7 HTTP/1.0" 200 27835
140.120.93.86 - - [12/Jan/2016:12:22:58 +0800] "GET /content/repository/resource_content.jsp?oid=2150861 HTTP/1.1" 200 31089
140.120.93.86 - - [12/Jan/2016:12:22:59 +0800] "GET /content/nav/relationSubject.jsp?relationWords=%E5%8F%B0%E7%81%A3%E7%9F%B3%E6%AB%9F+%E6%9F%AF%E5%B1%AC+%E6%A4%8D%E7%89%A9%E7%95%8C+%E6%AE%BC%E6%96%97%E7%A7%91+&oid=2150861 HTTP/1.1" 200 3453
66.249.71.64 - - [12/Jan/2016:12:24:16 +0800] "GET /content/repository/resource_content.jsp?oid=2551495 HTTP/1.1" 200 28956
66.249.71.64 - - [12/Jan/2016:12:24:17 +0800] "GET /content/repository/resource_content.jsp?oid=2546853 HTTP/1.1" 200 29121
140.136.19.147 - - [12/Jan/2016:12:25:08 +0800] "GET /content/repository/resource_content.jsp?oid=1123772&queryType=qc HTTP/1.1" 200 36244
140.136.19.147 - - [12/Jan/2016:12:25:09 +0800] "GET /content/nav/relationSubject.jsp?relationWords=%E5%8D%97%E4%BA%9E%E8%9D%B8%E7%89%9B%E7%A7%91+%E5%A4%9A%E8%AE%8A%E9%AB%98%E8%85%B0%E8%9D%B8%E7%89%9B+%E6%9F%84%E7%9C%BC%E7%9B%AE+%E6%A0%97%E8%9D%B8%E7%89%9B%E5%B1%AC+%E8%85%B9%E8%B6%B3%E7%B6%B1+&oid=1123772 HTTP/1.1" 200 3455
150.70.173.7 - - [12/Jan/2016:12:25:17 +0800] "GET /content/repository/resource_content.jsp?oid=4354163&queryString=%E6%89%81%E9%AF%8A%20%E7%90%B5%E7%90%B6%E9%AE%AB%20%E9%9B%B2%E7%B4%8B%E7%90%B5%E7%90%B6%E9%AE%AB HTTP/1.1" 200 32957
66.249.71.64 - - [12/Jan/2016:12:25:19 +0800] "GET /content/nav/relationSubject.jsp?relationWords=%E4%BF%9D%E9%A1%8C%E9%99%9E%E7%94%A8+%E9%82%8A%E4%BF%B8+&oid=2513567 HTTP/1.1" 200 4038
150.70.173.51 - - [12/Jan/2016:12:25:21 +0800] "GET /content/repository/resource_content.jsp?oid=4354163&queryString=%E6%89%81%E9%AF%8A%20%E7%90%B5%E7%90%B6%E9%AE%AB%20%E9%9B%B2%E7%B4%8B%E7%90%B5%E7%90%B6%E9%AE%AB HTTP/1.1" 200 32957
66.249.66.93 - - [12/Jan/2016:12:25:22 +0800] "GET /content/nav/relationSubject.jsp?relationWords=%E4%BF%9D%E9%A1%8C%E9%99%9E%E7%94%A8%20%E9%82%8A%E4%BF%B8%20&oid=2513567 HTTP/1.1" 200 4038
123.192.175.219 - - [12/Jan/2016:12:25:53 +0800] "GET /content/subject/resource_content.jsp?oid=16797242&queryType=qc HTTP/1.1" 200 46766
123.192.175.219 - - [12/Jan/2016:12:25:55 +0800] "GET /content/nav/relationSubject.jsp?relationWords=&oid=16797242 HTTP/1.1" 200 1405
210.97.192.210 - - [12/Jan/2016:12:26:08 +0800] "GET /content/repository/resource_content.jsp?oid=2680151&queryType=qs&queryString=%E4%BA%8E%E6%95%8F%E4%B8%AD HTTP/1.0" 200 30348
210.97.192.210 - - [12/Jan/2016:12:26:48 +0800] "GET /content/tmp_exh/resource_content.jsp?oid=16777811&queryType=qc HTTP/1.0" 200 29115
66.249.71.72 - - [12/Jan/2016:12:26:53 +0800] "GET /content/nav/relationSubject.jsp?relationWords=%E4%BF%9D%E9%9A%AA%E9%87%91+%E5%84%92%E6%95%99+%E5%9C%8B%E6%B0%91%E4%B8%AD%E5%AD%B8+%E5%AD%94%E5%AD%90%E5%BB%9F+%E5%AD%94%E5%BB%9F+%E5%AE%97%E6%95%99%E4%BF%A1%E4%BB%B0+%E5%AE%97%E6%95%99%E5%9C%98%E9%AB%94+%E5%BB%BA%E6%95%99%E5%90%88%E4%BD%9C+%E5%BE%B7%E5%92%8C+%E6%95%99%E8%81%B7%E5%93%A1+%E6%95%99%E8%82%B2%E5%BB%B3+%E6%B0%91%E6%94%BF%E5%BB%B3+%E7%A7%81%E7%AB%8B%E5%AD%B8%E6%A0%A1+%E8%81%B7%E6%A5%AD%E5%AD%B8%E6%A0%A1+%E9%80%80%E4%BC%91%E9%87%91+&oid=1615792 HTTP/1.1" 200 3817
66.249.74.98 - - [12/Jan/2016:12:26:58 +0800] "GET /content/nav/relationSubject.jsp?relationWords=%E4%BF%9D%E9%9A%AA%E9%87%91%20%E5%84%92%E6%95%99%20%E5%9C%8B%E6%B0%91%E4%B8%AD%E5%AD%B8%20%E5%AD%94%E5%AD%90%E5%BB%9F%20%E5%AD%94%E5%BB%9F%20%E5%AE%97%E6%95%99%E4%BF%A1%E4%BB%B0%20%E5%AE%97%E6%95%99%E5%9C%98%E9%AB%94%20%E5%BB%BA%E6%95%99%E5%90%88%E4%BD%9C%20%E5%BE%B7%E5%92%8C%20%E6%95%99%E8%81%B7%E5%93%A1%20%E6%95%99%E8%82%B2%E5%BB%B3%20%E6%B0%91%E6%94%BF%E5%BB%B3%20%E7%A7%81%E7%AB%8B%E5%AD%B8%E6%A0%A1%20%E8%81%B7%E6%A5%AD%E5%AD%B8%E6%A0%A1%20%E9%80%80%E4%BC%91%E9%87%91%20&oid=1615792 HTTP/1.1" 200 3817
66.249.71.64 - - [12/Jan/2016:12:27:16 +0800] "GET /content/subject/resource_content.jsp?oid=16777349&queryString=%E6%A0%A1%E6%AC%91%20%E6%A4%86%E5%B1%AC%20%E6%A4%8D%E7%89%A9%E7%95%8C%20%E6%AE%BC%E6%96%97%E7%A7%91%20%E9%90%B5%E6%A4%86%20%E9%9D%92%E5%89%9B%E6%AB%9F HTTP/1.1" 200 36640
66.249.71.72 - - [12/Jan/2016:12:27:17 +0800] "GET /content/subject/resource_content.jsp?oid=16777476&queryString=%E5%A4%9A%E6%A8%A3%E6%80%A7%20%E7%8F%A0%E6%AF%8D%E8%B2%9D%20%E7%8F%A0%E8%A1%A3%20%E8%B2%9D%E7%8F%A0 HTTP/1.1" 200 54215
61.228.48.23 - - [12/Jan/2016:12:27:43 +0800] "GET /content/nav/relationSubject.jsp?relationWords=%E9%BB%91%E6%9D%BF%E6%A8%B9+&oid=16777262 HTTP/1.1" 200 3253
111.241.145.104 - - [12/Jan/2016:12:28:37 +0800] "GET /content/repository/resource_content.jsp?oid=1819491 HTTP/1.1" 200 28885
111.241.145.104 - - [12/Jan/2016:12:28:44 +0800] "GET /content/nav/relationSubject.jsp?relationWords=%E7%9B%82%E5%8D%A3+&oid=1819491 HTTP/1.1" 200 3133
66.249.71.60 - - [12/Jan/2016:12:30:12 +0800] "GET /content/nav/relationSubject.jsp?relationWords=%E6%93%AC%E6%B5%B7%E8%9C%A5%E9%AD%9A+%E6%B5%B7%E8%9C%A5%E9%AD%9A+&oid=25750 HTTP/1.1" 200 3321
66.249.71.60 - - [12/Jan/2016:12:30:15 +0800] "GET /content/nav/relationSubject.jsp?relationWords=%E6%93%AC%E6%B5%B7%E8%9C%A5%E9%AD%9A%20%E6%B5%B7%E8%9C%A5%E9%AD%9A%20&oid=25750 HTTP/1.1" 200 3321
66.249.71.60 - - [12/Jan/2016:12:30:19 +0800] "GET /content/repository/resource_content.jsp?oid=823156 HTTP/1.1" 200 28058
66.249.74.98 - - [12/Jan/2016:12:30:58 +0800] "GET /content/repository/resource_content.jsp?oid=825040 HTTP/1.1" 200 26460
157.55.39.251 - - [12/Jan/2016:12:31:49 +0800] "GET /content/nav/relationSubject.jsp?relationWords=%E5%9C%B0%E7%90%86%E8%B3%87%E8%A8%8A%E7%B3%BB%E7%B5%B1+%E6%AE%B7%E5%91%A8+%E9%9D%92%E9%8A%85%E5%99%A8+&oid=16777371 HTTP/1.1" 200 2963
66.249.71.72 - - [12/Jan/2016:12:33:21 +0800] "GET /content/repository/resource_content.jsp?oid=821301 HTTP/1.1" 200 28163
66.249.71.72 - - [12/Jan/2016:12:33:21 +0800] "GET /content/nav/relationSubject.jsp?relationWords=%E5%87%B1%E9%81%94%E6%A0%BC%E8%98%AD%E6%97%8F+%E5%99%B6%E7%91%AA%E8%98%AD%E6%97%8F+&oid=1775944 HTTP/1.1" 200 3020
66.249.71.60 - - [12/Jan/2016:12:33:25 +0800] "GET /content/nav/relationSubject.jsp?relationWords=%E5%87%B1%E9%81%94%E6%A0%BC%E8%98%AD%E6%97%8F%20%E5%99%B6%E7%91%AA%E8%98%AD%E6%97%8F%20&oid=1775944 HTTP/1.1" 200 3020
66.249.71.60 - - [12/Jan/2016:12:33:44 +0800] "GET /content/repository/resource_content.jsp?oid=2580875 HTTP/1.1" 200 29143
66.249.71.121 - - [12/Jan/2016:12:35:01 +0800] "GET /content/nav/relationSubject.jsp?relationWords=%E5%B7%A1%E6%92%AB+%E6%8F%B4%E5%89%BF+&oid=2519956 HTTP/1.1" 200 4004
66.249.74.59 - - [12/Jan/2016:12:35:05 +0800] "GET /content/nav/relationSubject.jsp?relationWords=%E5%B7%A1%E6%92%AB%20%E6%8F%B4%E5%89%BF%20&oid=2519956 HTTP/1.1" 200 4004
66.249.71.64 - - [12/Jan/2016:12:35:13 +0800] "GET /content/nav/relationSubject.jsp?relationWords=%E5%96%AE%E6%A3%98%E9%AD%A8%E7%A7%91+%E5%B0%96%E5%90%BB+%E5%B0%96%E5%90%BB%E5%96%AE%E6%A3%98%E9%AD%A8+%E5%B0%96%E5%98%B4+&oid=4353940 HTTP/1.1" 200 3493
66.249.71.60 - - [12/Jan/2016:12:35:17 +0800] "GET /content/nav/relationSubject.jsp?relationWords=%E5%96%AE%E6%A3%98%E9%AD%A8%E7%A7%91%20%E5%B0%96%E5%90%BB%20%E5%B0%96%E5%90%BB%E5%96%AE%E6%A3%98%E9%AD%A8%20%E5%B0%96%E5%98%B4%20&oid=4353940 HTTP/1.1" 200 3493
66.249.71.60 - - [12/Jan/2016:12:36:15 +0800] "GET /content/repository/resource_content.jsp?oid=90 HTTP/1.1" 200 28200
66.249.71.64 - - [12/Jan/2016:12:36:16 +0800] "GET /content/repository/resource_content.jsp?oid=290358 HTTP/1.1" 200 29566
210.97.192.220 - - [12/Jan/2016:12:38:30 +0800] "GET /content/repository/resource_content.jsp?oid=560627&queryType=qs&queryString=%E5%A5%8F%E6%91%BA%E7%89%87 HTTP/1.0" 200 27791
68.180.228.24 - - [12/Jan/2016:12:38:43 +0800] "GET /digiarch_en/content/subject/resource_content.jsp?oid=16777630&queryType=qc HTTP/1.1" 200 44095
66.249.71.64 - - [12/Jan/2016:12:39:19 +0800] "GET /content/nav/relationSubject.jsp?relationWords=%E4%BF%A1%E7%94%A8%E5%90%88%E4%BD%9C%E7%A4%BE+%E5%90%88%E4%BD%9C%E7%A4%BE+%E5%90%88%E4%BD%9C%E9%87%91%E5%BA%AB+%E5%90%B3%E4%B8%80%E8%A1%9B+%E5%AD%98%E6%AC%BE+%E6%94%AF%E7%A5%A8+%E7%9C%81%E6%94%BF%E5%BA%9C+%E8%B3%AA%E8%A9%A2+%E9%83%AD%E9%9B%A8%E6%96%B0+%E9%84%AD%E5%A4%A7%E6%B4%BD+&oid=1571690 HTTP/1.1" 200 4907
66.249.71.60 - - [12/Jan/2016:12:39:23 +0800] "GET /content/nav/relationSubject.jsp?relationWords=%E4%BF%A1%E7%94%A8%E5%90%88%E4%BD%9C%E7%A4%BE%20%E5%90%88%E4%BD%9C%E7%A4%BE%20%E5%90%88%E4%BD%9C%E9%87%91%E5%BA%AB%20%E5%90%B3%E4%B8%80%E8%A1%9B%20%E5%AD%98%E6%AC%BE%20%E6%94%AF%E7%A5%A8%20%E7%9C%81%E6%94%BF%E5%BA%9C%20%E8%B3%AA%E8%A9%A2%20%E9%83%AD%E9%9B%A8%E6%96%B0%20%E9%84%AD%E5%A4%A7%E6%B4%BD%20&oid=1571690 HTTP/1.1" 200 4907
66.249.71.64 - - [12/Jan/2016:12:39:26 +0800] "GET /content/repository/resource_content.jsp?oid=2565632 HTTP/1.1" 200 28783
66.249.71.60 - - [12/Jan/2016:12:39:26 +0800] "GET /content/repository/resource_content.jsp?oid=2583794 HTTP/1.1" 200 28982
1.169.152.2 - - [12/Jan/2016:12:39:57 +0800] "GET /content/repository/resource_content.jsp?oid=1461939 HTTP/1.1" 200 31525
1.169.152.2 - - [12/Jan/2016:12:39:58 +0800] "GET /content/nav/relationSubject.jsp?relationWords=%E5%A4%A7%E6%88%9F+%E5%A4%A7%E6%88%9F%E7%A7%91+%E6%A4%8D%E7%89%A9%E7%95%8C+%E8%B5%A4%E8%A1%80%E4%BB%94+%E9%A5%85%E9%A0%AD%E6%9E%9C%E5%B1%AC+&oid=1461939 HTTP/1.1" 200 3385
66.249.74.72 - - [12/Jan/2016:12:40:29 +0800] "GET /digiarch3/content/nav/relationSubject.jsp?relationWords=%E7%83%8F%E8%B3%8A+%E7%83%8F%E8%B3%8A%E5%B1%AC+%E7%83%8F%E8%B3%8A%E7%A7%91+%E8%99%8E%E6%96%91%E7%83%8F%E8%B3%8A+%E9%A0%AD%E8%B6%B3%E7%B6%B1+&oid=518219 HTTP/1.1" 200 3504
66.249.71.5 - - [12/Jan/2016:12:40:36 +0800] "GET /digiarch3/content/nav/relationSubject.jsp?relationWords=%E7%83%8F%E8%B3%8A%20%E7%83%8F%E8%B3%8A%E5%B1%AC%20%E7%83%8F%E8%B3%8A%E7%A7%91%20%E8%99%8E%E6%96%91%E7%83%8F%E8%B3%8A%20%E9%A0%AD%E8%B6%B3%E7%B6%B1%20&oid=518219 HTTP/1.1" 200 3504
66.249.71.64 - - [12/Jan/2016:12:40:57 +0800] "GET /content/nav/relationSubject.jsp?relationWords=%E6%BC%81%E5%A1%AD+%E7%94%B0%E8%B3%A6+%E7%9C%81%E6%94%BF%E5%BA%9C+%E8%87%BA%E5%8D%97%E7%B8%A3+&oid=1897106 HTTP/1.1" 200 4577
66.249.71.72 - - [12/Jan/2016:12:40:59 +0800] "GET /content/nav/relationSubject.jsp?relationWords=%E6%BC%81%E5%A1%AD%20%E7%94%B0%E8%B3%A6%20%E7%9C%81%E6%94%BF%E5%BA%9C%20%E8%87%BA%E5%8D%97%E7%B8%A3%20&oid=1897106 HTTP/1.1" 200 4577
66.249.71.60 - - [12/Jan/2016:12:41:10 +0800] "GET /content/nav/relationSubject.jsp?relationWords=%E5%85%A7%E6%94%BF%E9%83%A8+%E5%85%AC%E8%81%B7%E4%BA%BA%E5%93%A1+%E8%87%BA%E7%81%A3%E7%9C%81%E8%AD%B0%E6%9C%83+%E9%99%B3%E5%AD%B8%E7%9B%8A+&oid=1895751 HTTP/1.1" 200 3877
68.180.228.24 - - [12/Jan/2016:12:41:54 +0800] "GET /content/repository/resource_content.jsp?oid=1124480&queryType=qc HTTP/1.1" 200 36119
66.249.71.64 - - [12/Jan/2016:12:42:14 +0800] "GET /content/nav/relationSubject.jsp?relationWords=%E5%85%A7%E6%94%BF%E9%83%A8%20%E5%85%AC%E8%81%B7%E4%BA%BA%E5%93%A1%20%E8%87%BA%E7%81%A3%E7%9C%81%E8%AD%B0%E6%9C%83%20%E9%99%B3%E5%AD%B8%E7%9B%8A%20&oid=1895751 HTTP/1.1" 200 3877
66.249.71.64 - - [12/Jan/2016:12:42:36 +0800] "GET /content/subject/resource_content.jsp?oid=16777446 HTTP/1.1" 200 42187
66.249.71.60 - - [12/Jan/2016:12:42:36 +0800] "GET /content/subject/resource_content.jsp?oid=16777493&queryString=%E7%A7%8B%E6%B5%B7%E6%A3%A0 HTTP/1.1" 200 46842
101.14.151.166 - - [12/Jan/2016:12:43:02 +0800] "GET /content/nav/relationSubject.jsp?relationWords=%E9%9D%92%E5%89%9B%E6%AB%9F+&oid=16777349 HTTP/1.1" 200 4006
66.249.71.60 - - [12/Jan/2016:12:44:05 +0800] "GET /content/subject/resource_content.jsp?oid=16797296&queryType=qc HTTP/1.1" 200 54561
66.249.71.60 - - [12/Jan/2016:12:44:30 +0800] "GET /content/subject/resource_content.jsp?oid=16777743&queryType=qc HTTP/1.1" 200 32569
66.249.71.60 - - [12/Jan/2016:12:44:52 +0800] "GET /content/subject/resource_content.jsp?oid=16777420&queryType=qc HTTP/1.1" 200 30170
210.97.192.210 - - [12/Jan/2016:12:45:23 +0800] "GET /content/tmp_exh/resource_content.jsp?oid=16777849&queryType=qc HTTP/1.0" 200 32502
66.249.74.98 - - [12/Jan/2016:12:45:47 +0800] "GET /content/repository/resource_content.jsp?oid=2592256 HTTP/1.1" 200 28461
66.249.71.60 - - [12/Jan/2016:12:46:34 +0800] "GET /content/repository/resource_content.jsp?oid=2598938 HTTP/1.1" 200 28729
66.249.71.121 - - [12/Jan/2016:12:46:45 +0800] "GET /content/nav/relationSubject.jsp?relationWords=%E5%A4%A7%E5%AD%B8%E5%A3%AB+&oid=2671627 HTTP/1.1" 200 3114
66.249.71.105 - - [12/Jan/2016:12:46:48 +0800] "GET /content/nav/relationSubject.jsp?relationWords=%E5%A4%A7%E5%AD%B8%E5%A3%AB%20&oid=2671627 HTTP/1.1" 200 3114
210.97.192.210 - - [12/Jan/2016:12:47:04 +0800] "GET /content/pictures/picture_content.jsp?oid=33554841&queryType=qc HTTP/1.0" 200 27701
66.249.74.100 - - [12/Jan/2016:12:47:05 +0800] "GET /content/subject/resource_content.jsp?oid=16777623&queryType=qc HTTP/1.1" 200 31936
66.249.71.72 - - [12/Jan/2016:12:47:25 +0800] "GET /content/nav/relationSubject.jsp?relationWords=%E4%BA%94%E7%B5%90%E9%84%89+&oid=1558899 HTTP/1.1" 200 3470
66.249.71.60 - - [12/Jan/2016:12:47:28 +0800] "GET /content/nav/relationSubject.jsp?relationWords=%E4%BA%94%E7%B5%90%E9%84%89%20&oid=1558899 HTTP/1.1" 200 3470
66.249.71.105 - - [12/Jan/2016:12:48:21 +0800] "GET /content/nav/relationSubject.jsp?relationWords=%E5%B9%B3%E5%8D%97%E7%8E%8B+&oid=2674073 HTTP/1.1" 200 3075
66.249.71.105 - - [12/Jan/2016:12:48:24 +0800] "GET /content/nav/relationSubject.jsp?relationWords=%E5%B9%B3%E5%8D%97%E7%8E%8B%20&oid=2674073 HTTP/1.1" 200 3075
66.249.77.85 - - [12/Jan/2016:12:48:46 +0800] "GET /content/repository/resource_content.jsp?oid=4364260&queryString=%E4%BD%9B%E7%B6%93 HTTP/1.1" 200 28527
