203.64.230.118 - - [25/Feb/2014:10:13:33 +0800] "GET /content/nav/relationSubject.jsp?relationWords=%E7%B4%85%E5%94%87%E8%9C%91%E8%9E%BA+%E8%85%B9%E8%B6%B3%E7%B6%B1+%E8%9C%91%E8%9E%BA+&oid=523584 HTTP/1.1" 200 3380
61.135.189.170 - - [25/Feb/2014:10:13:50 +0800] "GET /digiarch/content/repository/resource_content.jsp?oid=1622159 HTTP/1.1" 404 15533
66.249.77.195 - - [25/Feb/2014:10:14:04 +0800] "GET /content/repository/resource_content.jsp?oid=671966 HTTP/1.1" 200 27293
61.135.189.170 - - [25/Feb/2014:10:14:07 +0800] "GET /digiarch/content/repository/resource_content.jsp?oid=1617048 HTTP/1.1" 404 15533
61.135.189.170 - - [25/Feb/2014:10:14:24 +0800] "GET /digiarch/content/repository/resource_content.jsp?oid=1609381 HTTP/1.1" 404 15533
61.135.189.170 - - [25/Feb/2014:10:14:42 +0800] "GET /digiarch/content/repository/resource_content.jsp?oid=1608058 HTTP/1.1" 404 15533
180.218.200.165 - - [25/Feb/2014:10:14:56 +0800] "GET /content/nav/relationSubject.jsp?relationWords=&oid=16777459 HTTP/1.1" 200 1413
61.135.189.170 - - [25/Feb/2014:10:14:57 +0800] "GET /digiarch/content/repository/resource_content.jsp?oid=1605841 HTTP/1.1" 404 15533
61.135.189.170 - - [25/Feb/2014:10:15:13 +0800] "GET /digiarch/content/repository/resource_content.jsp?oid=3410931 HTTP/1.1" 404 15533
66.249.77.195 - - [25/Feb/2014:10:15:17 +0800] "GET /content/repository/resource_content.jsp?oid=4489811 HTTP/1.1" 200 26911
61.135.189.170 - - [25/Feb/2014:10:15:29 +0800] "GET /digiarch/content/repository/resource_content.jsp?oid=3122069 HTTP/1.1" 404 15533
61.135.189.170 - - [25/Feb/2014:10:15:46 +0800] "GET /digiarch/content/repository/resource_content.jsp?oid=2589387 HTTP/1.1" 404 15533
61.135.189.170 - - [25/Feb/2014:10:16:05 +0800] "GET /digiarch/content/repository/resource_content.jsp?oid=1516170 HTTP/1.1" 404 15533
61.219.36.166 - - [25/Feb/2014:10:16:17 +0800] "GET /content/repository/resource_content.jsp?oid=1462854 HTTP/1.0" 200 29974
61.219.36.181 - - [25/Feb/2014:10:16:20 +0800] "GET /content/nav/relationSubject.jsp?relationWords=%E5%B1%B1%E9%85%A2%E6%BC%BF%E8%8D%89+%E6%A4%8D%E7%89%A9%E7%95%8C+%E7%89%BB%E7%89%9B%E5%85%92%E8%8B%97+%E9%85%A2%E6%BC%BF%E8%8D%89+%E9%85%A2%E9%86%AC%E8%8D%89+%E9%85%A2%E9%86%AC%E8%8D%89%E5%B1%AC+&oid=1462854 HTTP/1.0" 200 3547
61.135.189.170 - - [25/Feb/2014:10:16:21 +0800] "GET /digiarch/content/repository/resource_content.jsp?oid=1592767 HTTP/1.1" 404 15533
66.249.77.195 - - [25/Feb/2014:10:16:24 +0800] "GET /content/repository/resource_content.jsp?oid=1857073 HTTP/1.1" 200 28061
66.249.77.195 - - [25/Feb/2014:10:16:30 +0800] "GET /content/repository/resource_content.jsp?oid=590113 HTTP/1.1" 200 27383
61.135.189.170 - - [25/Feb/2014:10:16:38 +0800] "GET /digiarch/content/repository/resource_content.jsp?oid=1617450 HTTP/1.1" 404 15533
61.135.189.170 - - [25/Feb/2014:10:16:53 +0800] "GET /digiarch/content/repository/resource_content.jsp?oid=1611309 HTTP/1.1" 404 15533
66.249.77.195 - - [25/Feb/2014:10:16:58 +0800] "GET /content/repository/resource_content.jsp?oid=1617844 HTTP/1.1" 200 27861
61.135.189.170 - - [25/Feb/2014:10:17:09 +0800] "GET /digiarch/content/repository/resource_content.jsp?oid=1608888 HTTP/1.1" 404 15533
61.135.189.170 - - [25/Feb/2014:10:17:27 +0800] "GET /digiarch/content/repository/resource_content.jsp?oid=1520185 HTTP/1.1" 404 15533
66.249.77.195 - - [25/Feb/2014:10:17:43 +0800] "GET /content/repository/resource_content.jsp?oid=623262 HTTP/1.1" 200 25939
61.135.189.170 - - [25/Feb/2014:10:17:43 +0800] "GET /digiarch/content/repository/resource_content.jsp?oid=1619359 HTTP/1.1" 404 15533
61.135.189.170 - - [25/Feb/2014:10:17:58 +0800] "GET /digiarch/content/repository/resource_content.jsp?oid=1612391 HTTP/1.1" 404 15533
180.76.5.148 - - [25/Feb/2014:10:18:07 +0800] "GET /content/subject/resource_content.jsp?oid=16777420&queryType=qc HTTP/1.1" 200 29189
66.249.77.8 - - [25/Feb/2014:10:18:12 +0800] "GET /content/subject/resource_content.jsp?oid=16777306&queryType=qs&queryString=%E8%8C%84%E8%8B%B3%E8%85%B3 HTTP/1.1" 200 31091
61.135.189.170 - - [25/Feb/2014:10:18:16 +0800] "GET /digiarch/content/repository/resource_content.jsp?oid=1623954 HTTP/1.1" 404 15533
66.249.74.221 - - [25/Feb/2014:10:18:19 +0800] "GET /content/nav/relationSubject.jsp?relationWords=%E6%AD%A6%E6%B0%8F%E7%A5%A0%E5%BE%8C%E7%9F%B3%E5%AE%A4+%E6%AD%A6%E9%96%8B%E6%98%8E%E7%A5%A0+%E9%9D%88%E7%95%B0+%E9%A1%8C%E8%A8%98+&oid=1820275 HTTP/1.1" 200 4416
36.233.8.64 - - [25/Feb/2014:10:18:21 +0800] "GET /content/nav/relationSubject.jsp?relationWords=%E7%A9%97%E8%8A%B1%E5%B1%B1%E5%A5%88+%E9%87%8E%E8%96%91%E8%8A%B1+&oid=16777263 HTTP/1.1" 200 3292
61.135.189.170 - - [25/Feb/2014:10:18:31 +0800] "GET /digiarch/content/repository/resource_content.jsp?oid=1611637 HTTP/1.1" 404 15533
66.249.77.62 - - [25/Feb/2014:10:18:37 +0800] "GET /digiarch3/content/subject/resource_content.jsp?oid=16777793&queryType=qc HTTP/1.1" 200 41555
61.135.189.170 - - [25/Feb/2014:10:18:46 +0800] "GET /digiarch/content/repository/resource_content.jsp?oid=1520184 HTTP/1.1" 404 15533
182.155.104.229 - - [25/Feb/2014:10:18:50 +0800] "GET /content/pictures/picture_content.jsp?oid=33554730&classify=2259 HTTP/1.1" 200 27178
182.155.104.229 - - [25/Feb/2014:10:18:51 +0800] "GET /content/nav/relationSubject.jsp?relationWords=%E9%AC%BC%E9%A0%AD%E5%88%80+&oid=33554730 HTTP/1.1" 200 3380
66.249.77.195 - - [25/Feb/2014:10:18:56 +0800] "GET /content/repository/resource_content.jsp?oid=587113 HTTP/1.1" 200 27399
61.135.189.170 - - [25/Feb/2014:10:19:04 +0800] "GET /digiarch/content/repository/resource_content.jsp?oid=1521536 HTTP/1.1" 404 15533
182.155.104.229 - - [25/Feb/2014:10:19:08 +0800] "GET /content/repository/resource_content.jsp?oid=15211&queryString=%E9%AC%BC%E9%A0%AD%E5%88%80 HTTP/1.1" 200 33638
182.155.104.229 - - [25/Feb/2014:10:19:08 +0800] "GET /content/nav/relationSubject.jsp?relationWords=%E9%AC%BC%E9%A0%AD%E5%88%80+%E9%AF%95%E9%B0%8D+&oid=15211 HTTP/1.1" 200 3313
211.23.240.244 - - [25/Feb/2014:10:19:18 +0800] "GET /content/nav/relationSubject.jsp?relationWords=%E9%98%BF%E5%8B%83%E5%8B%92+&oid=16777368 HTTP/1.1" 200 2925
61.135.189.170 - - [25/Feb/2014:10:19:19 +0800] "GET /digiarch/content/repository/resource_content.jsp?oid=1603571 HTTP/1.1" 404 15533
61.135.189.170 - - [25/Feb/2014:10:19:36 +0800] "GET /digiarch/content/repository/resource_content.jsp?oid=1602800 HTTP/1.1" 404 15533
61.135.189.170 - - [25/Feb/2014:10:19:50 +0800] "GET /digiarch/content/repository/resource_content.jsp?oid=2616011 HTTP/1.1" 404 15533
61.135.189.170 - - [25/Feb/2014:10:20:06 +0800] "GET /digiarch/content/repository/resource_content.jsp?oid=1616258 HTTP/1.1" 404 15533
66.249.77.195 - - [25/Feb/2014:10:20:09 +0800] "GET /content/repository/resource_content.jsp?oid=626421 HTTP/1.1" 200 27622
61.135.189.170 - - [25/Feb/2014:10:20:21 +0800] "GET /digiarch/content/repository/resource_content.jsp?oid=3398044 HTTP/1.1" 404 15533
61.135.189.170 - - [25/Feb/2014:10:20:36 +0800] "GET /digiarch/content/repository/resource_content.jsp?oid=1611283 HTTP/1.1" 404 15533
66.249.77.195 - - [25/Feb/2014:10:20:49 +0800] "GET /content/repository/resource_content.jsp?oid=1617834 HTTP/1.1" 200 27841
61.135.189.170 - - [25/Feb/2014:10:20:52 +0800] "GET /digiarch/content/repository/resource_content.jsp?oid=1612025 HTTP/1.1" 404 15533
61.135.189.170 - - [25/Feb/2014:10:21:07 +0800] "GET /digiarch/content/repository/resource_content.jsp?oid=1616262 HTTP/1.1" 404 15533
66.249.77.195 - - [25/Feb/2014:10:21:22 +0800] "GET /content/repository/resource_content.jsp?oid=613005 HTTP/1.1" 200 26321
61.135.189.170 - - [25/Feb/2014:10:21:22 +0800] "GET /digiarch/content/repository/resource_content.jsp?oid=3127233 HTTP/1.1" 404 15533
66.249.77.195 - - [25/Feb/2014:10:21:36 +0800] "GET /content/repository/resource_content.jsp?oid=1530619 HTTP/1.1" 200 27833
61.135.189.170 - - [25/Feb/2014:10:21:39 +0800] "GET /digiarch/content/repository/resource_content.jsp?oid=1616012 HTTP/1.1" 404 15533
61.135.189.170 - - [25/Feb/2014:10:21:54 +0800] "GET /digiarch/content/repository/resource_content.jsp?oid=1596824 HTTP/1.1" 404 15533
61.135.189.170 - - [25/Feb/2014:10:22:08 +0800] "GET /digiarch/content/repository/resource_content.jsp?oid=1606754 HTTP/1.1" 404 15533
203.64.230.118 - - [25/Feb/2014:10:22:08 +0800] "GET /content/subject/resource_content.jsp?oid=16777259&queryString HTTP/1.1" 200 33773
203.64.230.118 - - [25/Feb/2014:10:22:08 +0800] "GET /content/nav/relationSubject.jsp?relationWords=%E5%8D%81%E4%B8%89%E8%A1%8C%E9%81%BA%E5%9D%80+%E9%8A%85%E9%8C%A2+&oid=16777259 HTTP/1.1" 200 3585
66.220.158.115 - - [25/Feb/2014:10:22:10 +0800] "GET /content/subject/resource_content.jsp?oid=16777259&queryString HTTP/1.1" 200 33773
61.135.189.170 - - [25/Feb/2014:10:22:21 +0800] "GET /digiarch/content/repository/resource_content.jsp?oid=1588574 HTTP/1.1" 404 15533
66.249.77.195 - - [25/Feb/2014:10:22:35 +0800] "GET /content/repository/resource_content.jsp?oid=613308 HTTP/1.1" 200 27243
61.135.189.170 - - [25/Feb/2014:10:22:35 +0800] "GET /digiarch/content/repository/resource_content.jsp?oid=1596021 HTTP/1.1" 404 15533
61.135.189.170 - - [25/Feb/2014:10:22:50 +0800] "GET /digiarch/content/repository/resource_content.jsp?oid=1596861 HTTP/1.1" 404 15533
61.135.189.170 - - [25/Feb/2014:10:23:05 +0800] "GET /digiarch/content/repository/resource_content.jsp?oid=1520286 HTTP/1.1" 404 15533
61.135.189.170 - - [25/Feb/2014:10:23:19 +0800] "GET /digiarch/content/repository/resource_content.jsp?oid=3406702 HTTP/1.1" 404 15533
61.135.189.170 - - [25/Feb/2014:10:23:33 +0800] "GET /digiarch/content/repository/resource_content.jsp?oid=1595086 HTTP/1.1" 404 15533
61.135.189.170 - - [25/Feb/2014:10:23:47 +0800] "GET /digiarch/content/repository/resource_content.jsp?oid=1619127 HTTP/1.1" 404 15533
66.249.77.195 - - [25/Feb/2014:10:23:48 +0800] "GET /content/repository/resource_content.jsp?oid=613750 HTTP/1.1" 200 27411
61.135.189.170 - - [25/Feb/2014:10:24:02 +0800] "GET /digiarch/content/repository/resource_content.jsp?oid=1601070 HTTP/1.1" 404 15533
61.135.189.170 - - [25/Feb/2014:10:24:16 +0800] "GET /digiarch/content/repository/resource_content.jsp?oid=3129285 HTTP/1.1" 404 15533
61.135.189.170 - - [25/Feb/2014:10:24:30 +0800] "GET /digiarch/content/repository/resource_content.jsp?oid=1605834 HTTP/1.1" 404 15533
175.181.203.97 - - [25/Feb/2014:10:24:40 +0800] "GET /content/nav/relationSubject.jsp?relationWords=%E7%A9%97%E8%8A%B1%E5%B1%B1%E5%A5%88+%E9%87%8E%E8%96%91%E8%8A%B1+&oid=16777263 HTTP/1.1" 200 3292
66.249.74.221 - - [25/Feb/2014:10:24:40 +0800] "GET /content/repository/resource_content.jsp?oid=1617905 HTTP/1.1" 200 27764
61.135.189.170 - - [25/Feb/2014:10:24:43 +0800] "GET /digiarch/content/repository/resource_content.jsp?oid=1610637 HTTP/1.1" 404 15533
61.135.189.170 - - [25/Feb/2014:10:24:56 +0800] "GET /digiarch/content/repository/resource_content.jsp?oid=1596588 HTTP/1.1" 404 15533
66.249.74.221 - - [25/Feb/2014:10:25:01 +0800] "GET /content/repository/resource_content.jsp?oid=613752 HTTP/1.1" 200 27573
61.135.189.170 - - [25/Feb/2014:10:25:09 +0800] "GET /digiarch/content/repository/resource_content.jsp?oid=1623547 HTTP/1.1" 404 15533
61.135.189.170 - - [25/Feb/2014:10:25:23 +0800] "GET /digiarch/content/repository/resource_content.jsp?oid=1517203 HTTP/1.1" 404 15533
61.135.189.170 - - [25/Feb/2014:10:25:37 +0800] "GET /digiarch/content/repository/resource_content.jsp?oid=1628318 HTTP/1.1" 404 15533
61.135.189.170 - - [25/Feb/2014:10:25:51 +0800] "GET /digiarch/content/repository/resource_content.jsp?oid=1606219 HTTP/1.1" 404 15533
61.135.189.170 - - [25/Feb/2014:10:26:04 +0800] "GET /digiarch/content/repository/resource_content.jsp?oid=1579819 HTTP/1.1" 404 15533
66.249.77.195 - - [25/Feb/2014:10:26:14 +0800] "GET /content/repository/resource_content.jsp?oid=615682 HTTP/1.1" 200 27780
61.135.189.170 - - [25/Feb/2014:10:26:18 +0800] "GET /digiarch/content/repository/resource_content.jsp?oid=3398618 HTTP/1.1" 404 15533
66.249.77.8 - - [25/Feb/2014:10:26:24 +0800] "GET /content/subject/resource_content.jsp?oid=16777714&queryString= HTTP/1.1" 200 41390
61.135.189.170 - - [25/Feb/2014:10:26:31 +0800] "GET /digiarch/content/repository/resource_content.jsp?oid=2544046 HTTP/1.1" 404 15533
61.135.189.170 - - [25/Feb/2014:10:26:45 +0800] "GET /digiarch/content/repository/resource_content.jsp?oid=3128500 HTTP/1.1" 404 15533
61.135.189.170 - - [25/Feb/2014:10:27:00 +0800] "GET /digiarch/content/repository/resource_content.jsp?oid=1609155 HTTP/1.1" 404 15533
61.135.189.170 - - [25/Feb/2014:10:27:13 +0800] "GET /digiarch/content/repository/resource_content.jsp?oid=1603698 HTTP/1.1" 404 15533
66.249.74.221 - - [25/Feb/2014:10:27:27 +0800] "GET /content/repository/resource_content.jsp?oid=588305 HTTP/1.1" 200 27371
61.135.189.170 - - [25/Feb/2014:10:27:28 +0800] "GET /digiarch/content/repository/resource_content.jsp?oid=1574739 HTTP/1.1" 404 15533
61.135.189.170 - - [25/Feb/2014:10:27:42 +0800] "GET /digiarch/content/repository/resource_content.jsp?oid=1570416 HTTP/1.1" 404 15533
180.176.142.110 - - [25/Feb/2014:10:27:44 +0800] "GET /content/repository/resource_content.jsp?oid=1457139 HTTP/1.1" 200 28590
42.156.139.54 - - [25/Feb/2014:10:27:44 +0800] "GET /content/tmp_tec/resource_content.jsp?oid=16777706 HTTP/1.1" 200 45156
42.156.136.54 - - [25/Feb/2014:10:27:47 +0800] "GET /content/subject/resource_content.jsp?oid=16777766&queryType=qc HTTP/1.1" 200 49741
42.156.138.54 - - [25/Feb/2014:10:27:48 +0800] "GET /content/subject/resource_content.jsp?oid=16777782&queryType=qc HTTP/1.1" 200 48027
42.120.160.54 - - [25/Feb/2014:10:27:51 +0800] "GET /content/subject/resource_content.jsp?oid=16777387&queryType=qc HTTP/1.1" 200 33462
66.249.74.117 - - [25/Feb/2014:10:27:55 +0800] "GET /content/repository/resource_content.jsp?oid=2684195&queryString=%E5%B7%A1%E6%92%AB%20%E8%AD%B7%E7%90%86 HTTP/1.1" 200 29084
61.135.189.170 - - [25/Feb/2014:10:27:57 +0800] "GET /digiarch/content/repository/resource_content.jsp?oid=1613806 HTTP/1.1" 404 15533
66.249.77.8 - - [25/Feb/2014:10:28:01 +0800] "GET /content/repository/resource_content.jsp?oid=2521911&queryString=%E5%B7%A1%E6%92%AB%20%E8%AD%B7%E7%90%86 HTTP/1.1" 200 29296
61.135.189.170 - - [25/Feb/2014:10:28:12 +0800] "GET /digiarch/content/repository/resource_content.jsp?oid=1591492 HTTP/1.1" 404 15533
180.176.142.110 - - [25/Feb/2014:10:28:25 +0800] "GET /content/nav/relationSubject.jsp?relationWords=%E6%9F%B3%E8%91%89%E9%B1%97%E7%90%83%E8%8A%B1+%E9%B1%97%E7%90%83%E8%8A%B1+%E9%B1%97%E7%90%83%E8%8A%B1%E5%B1%AC+&oid=1457139 HTTP/1.1" 200 3377
42.156.138.54 - - [25/Feb/2014:10:28:25 +0800] "GET /digiarch_en/content/pictures/picture_content.jsp?oid=33554732 HTTP/1.1" 200 21227
61.135.189.170 - - [25/Feb/2014:10:28:25 +0800] "GET /digiarch/content/repository/resource_content.jsp?oid=1574078 HTTP/1.1" 404 15533
42.156.137.54 - - [25/Feb/2014:10:28:29 +0800] "GET /content/repository/resource_content.jsp?oid=1125279&queryType=qc HTTP/1.1" 200 35623
42.156.136.54 - - [25/Feb/2014:10:28:30 +0800] "GET /content/subject/resource_content.jsp?oid=16777514&queryType=qc HTTP/1.1" 200 41863
66.249.77.195 - - [25/Feb/2014:10:28:31 +0800] "GET /content/repository/resource_content.jsp?oid=1618002 HTTP/1.1" 200 27918
61.135.189.170 - - [25/Feb/2014:10:28:40 +0800] "GET /digiarch/content/repository/resource_content.jsp?oid=3122606 HTTP/1.1" 404 15533
66.249.77.195 - - [25/Feb/2014:10:28:40 +0800] "GET /content/repository/resource_content.jsp?oid=705204 HTTP/1.1" 200 27093
42.156.137.54 - - [25/Feb/2014:10:28:47 +0800] "GET /content/pictures/picture_content.jsp?oid=33554812&queryType=qc HTTP/1.1" 200 27320
66.249.77.236 - - [25/Feb/2014:10:28:50 +0800] "GET /content/repository/resource_content.jsp?oid=1531358&queryString=%E8%87%BA%E5%8C%97%E5%B8%82%20%E8%87%BA%E7%81%A3%E7%9C%81%E8%AD%B0%E6%9C%83%20%E8%87%BA%E7%81%A3%E9%8A%80%E8%A1%8C%20%E9%87%8D%E6%85%B6%E5%8D%97%E8%B7%AF HTTP/1.1" 200 30228
61.135.189.170 - - [25/Feb/2014:10:28:54 +0800] "GET /digiarch/content/repository/resource_content.jsp?oid=1571315 HTTP/1.1" 404 15533
61.135.189.170 - - [25/Feb/2014:10:29:07 +0800] "GET /digiarch/content/repository/resource_content.jsp?oid=1615271 HTTP/1.1" 404 15533
140.109.16.164 - - [25/Feb/2014:10:29:13 +0800] "GET /content/subject/resource_content.jsp?oid=16777795&queryString= HTTP/1.1" 200 28756
140.109.16.164 - - [25/Feb/2014:10:29:13 +0800] "GET /content/nav/relationSubject.jsp?relationWords=%E7%94%B2%E9%AA%A8+%E7%A7%91%E6%8A%80+&oid=16777795 HTTP/1.1" 200 4873
42.120.160.54 - - [25/Feb/2014:10:29:14 +0800] "GET /digiarch_en/content/tmp_tec/resource_content.jsp?oid=16777730 HTTP/1.1" 200 36371
1.162.42.242 - - [25/Feb/2014:10:29:17 +0800] "GET /content/nav/relationSubject.jsp?relationWords=%E5%8F%B0%E7%81%A3%E6%AC%92%E6%A8%B9+%E6%AC%92%E6%A8%B9+%E8%8B%A6%E8%8B%93+%E8%8B%A6%E8%8B%93%E8%88%85+&oid=16777254 HTTP/1.1" 200 4391
42.156.136.54 - - [25/Feb/2014:10:29:17 +0800] "GET /digiarch_en/content/tmp_auth/resource_content.jsp?oid=16777666 HTTP/1.1" 200 26373
61.135.189.170 - - [25/Feb/2014:10:29:19 +0800] "GET /digiarch/content/repository/resource_content.jsp?oid=1579914 HTTP/1.1" 404 15533
140.109.16.164 - - [25/Feb/2014:10:29:27 +0800] "GET /content/subject/resource_content.jsp?oid=16777795&queryString= HTTP/1.1" 200 28756
140.109.16.164 - - [25/Feb/2014:10:29:27 +0800] "GET /content/nav/relationSubject.jsp?relationWords=%E7%94%B2%E9%AA%A8+%E7%A7%91%E6%8A%80+&oid=16777795 HTTP/1.1" 200 4873
61.135.189.170 - - [25/Feb/2014:10:29:31 +0800] "GET /digiarch/content/repository/resource_content.jsp?oid=1628460 HTTP/1.1" 404 15533
61.135.189.170 - - [25/Feb/2014:10:29:43 +0800] "GET /digiarch/content/repository/resource_content.jsp?oid=1571061 HTTP/1.1" 404 15533
66.249.77.195 - - [25/Feb/2014:10:29:52 +0800] "GET /content/repository/resource_content.jsp?oid=619620 HTTP/1.1" 200 25939
61.135.189.170 - - [25/Feb/2014:10:29:55 +0800] "GET /digiarch/content/repository/resource_content.jsp?oid=3124534 HTTP/1.1" 404 15533
42.156.136.54 - - [25/Feb/2014:10:29:56 +0800] "GET /content/subject/resource_content.jsp?oid=16777502&queryType=qc HTTP/1.1" 200 37745
42.156.139.54 - - [25/Feb/2014:10:29:56 +0800] "GET /content/subject/resource_content.jsp?oid=16777483&queryType=qc HTTP/1.1" 200 42984
42.156.139.54 - - [25/Feb/2014:10:30:07 +0800] "GET /content/subject/resource_content.jsp?oid=16777624&queryType=qc HTTP/1.1" 200 118510
61.135.189.170 - - [25/Feb/2014:10:30:07 +0800] "GET /digiarch/content/repository/resource_content.jsp?oid=1633643 HTTP/1.1" 404 15533
42.120.160.54 - - [25/Feb/2014:10:30:08 +0800] "GET /content/subject/resource_content.jsp?oid=16777781&queryType=qc> HTTP/1.1" 200 56468
42.156.136.54 - - [25/Feb/2014:10:30:09 +0800] "GET /content/subject/resource_content.jsp?oid=16777776&queryType=qc> HTTP/1.1" 200 60638
42.120.161.54 - - [25/Feb/2014:10:30:15 +0800] "GET /content/repository/resource_content.jsp?oid=523747&queryType=qc HTTP/1.1" 200 35201
61.135.189.170 - - [25/Feb/2014:10:30:20 +0800] "GET /digiarch/content/repository/resource_content.jsp?oid=3120435 HTTP/1.1" 404 15533
42.156.137.54 - - [25/Feb/2014:10:30:24 +0800] "GET /content/subject/resource_content.jsp?oid=16777590&queryType=qc HTTP/1.1" 200 34346
42.120.161.54 - - [25/Feb/2014:10:30:26 +0800] "GET /content/subject/resource_content.jsp?oid=16777427&queryType=qc HTTP/1.1" 200 32437
61.135.189.170 - - [25/Feb/2014:10:30:32 +0800] "GET /digiarch/content/repository/resource_content.jsp?oid=1569570 HTTP/1.1" 404 15533
42.156.137.54 - - [25/Feb/2014:10:30:35 +0800] "GET /content/subject/resource_content.jsp?oid=16777740&queryType=qc HTTP/1.1" 200 40476
66.249.77.195 - - [25/Feb/2014:10:30:35 +0800] "GET /content/subject/resource_content.jsp?oid=16777699&queryString=%E5%85%AC%E5%8B%99%E5%93%A1%20%E7%9C%81%E6%94%BF%E5%BA%9C%20%E7%9C%81%E8%AD%B0%E6%9C%83%20%E7%B0%A1%E4%BB%BB%20%E7%B0%A1%E4%BB%BB%E8%81%B7%20%E8%80%83%E7%B8%BE%20%E8%87%BA%E7%81%A3%E7%9C%81%20%E8%87%BA%E7%81%A3%E7%9C%81%E8%AD%B0%E6%9C%83 HTTP/1.1" 200 53136
42.120.160.54 - - [25/Feb/2014:10:30:38 +0800] "GET /content/subject/resource_content.jsp?oid=16777255&queryType=qc HTTP/1.1" 200 30681
61.135.189.170 - - [25/Feb/2014:10:30:44 +0800] "GET /digiarch/content/repository/resource_content.jsp?oid=3394084 HTTP/1.1" 404 15533
42.156.139.54 - - [25/Feb/2014:10:30:45 +0800] "GET /digiarch_en/content/tmp_tec/resource_content.jsp?oid=16777734 HTTP/1.1" 200 30883
42.156.139.54 - - [25/Feb/2014:10:30:47 +0800] "GET /content/subject/resource_content.jsp?oid=16777378&queryType=qc HTTP/1.1" 200 32368
42.156.138.54 - - [25/Feb/2014:10:30:51 +0800] "GET /content/subject/resource_content.jsp?oid=16777331&queryType=qc HTTP/1.1" 200 31103
61.135.189.170 - - [25/Feb/2014:10:30:56 +0800] "GET /digiarch/content/repository/resource_content.jsp?oid=3130145 HTTP/1.1" 404 15533
42.156.138.54 - - [25/Feb/2014:10:30:58 +0800] "GET /content/subject/resource_content.jsp?oid=16777676&queryType=qc HTTP/1.1" 200 45127
70.245.69.7 - - [25/Feb/2014:10:30:59 +0800] "GET /content/nav/relationSubject.jsp?relationWords=%E5%B1%B1%E6%AB%BB%E8%8A%B1+&oid=16777304 HTTP/1.1" 200 4460
66.249.74.221 - - [25/Feb/2014:10:31:07 +0800] "GET /content/repository/resource_content.jsp?oid=749228 HTTP/1.1" 200 27349
61.135.189.170 - - [25/Feb/2014:10:31:08 +0800] "GET /digiarch/content/repository/resource_content.jsp?oid=1603145 HTTP/1.1" 404 15533
36.234.17.36 - - [25/Feb/2014:10:31:15 +0800] "GET /content/nav/relationSubject.jsp?relationWords=%E8%A5%BF%E8%9E%BA+%E8%A5%BF%E8%9E%BA%E5%A4%A7%E6%A9%8B+&oid=16777581 HTTP/1.1" 200 4462
61.135.189.170 - - [25/Feb/2014:10:31:21 +0800] "GET /digiarch/content/repository/resource_content.jsp?oid=1614449 HTTP/1.1" 404 15533
42.156.137.54 - - [25/Feb/2014:10:31:22 +0800] "GET /content/subject/resource_content.jsp?oid=16777585&queryType=qc HTTP/1.1" 200 39560
61.135.189.170 - - [25/Feb/2014:10:31:34 +0800] "GET /digiarch/content/repository/resource_content.jsp?oid=1613508 HTTP/1.1" 404 15533
61.135.189.170 - - [25/Feb/2014:10:31:46 +0800] "GET /digiarch/content/repository/resource_content.jsp?oid=1616347 HTTP/1.1" 404 15533
61.135.189.170 - - [25/Feb/2014:10:31:58 +0800] "GET /digiarch/content/repository/resource_content.jsp?oid=1616939 HTTP/1.1" 404 15533
66.249.77.195 - - [25/Feb/2014:10:32:04 +0800] "GET /content/nav/relationSubject.jsp?relationWords=%E5%91%A8%E9%88%9E%E4%BA%AD%20%E5%BC%B5%E6%8C%AF%20%E5%BC%B5%E8%88%88%20%E7%9C%81%E8%AD%B0%E6%9C%83%20%E8%87%BA%E7%81%A3%E7%9C%81%20%E8%87%BA%E7%81%A3%E7%9C%81%E8%AD%B0%E6%9C%83%20%E8%88%88%E4%BA%9E%20%E9%99%B3%E5%85%89%E5%85%B8%20&oid=1530619 HTTP/1.1" 200 5503
61.135.189.170 - - [25/Feb/2014:10:32:10 +0800] "GET /digiarch/content/repository/resource_content.jsp?oid=3394206 HTTP/1.1" 404 15533
66.249.77.195 - - [25/Feb/2014:10:32:22 +0800] "GET /content/repository/resource_content.jsp?oid=1617976 HTTP/1.1" 200 27921
61.135.165.5 - - [25/Feb/2014:10:32:32 +0800] "HEAD /content/repository/resource_content.jsp?oid=2658805 HTTP/1.0" 200 -
211.137.173.19 - - [25/Feb/2014:10:32:33 +0800] "GET /content/repository/resource_content.jsp?oid=2658805 HTTP/1.1" 200 29291
66.249.77.195 - - [25/Feb/2014:10:33:31 +0800] "GET /content/repository/resource_content.jsp?oid=748819 HTTP/1.1" 200 27747
66.249.74.117 - - [25/Feb/2014:10:34:36 +0800] "GET /content/subject/resource_content.jsp?oid=16777728&queryString= HTTP/1.1" 200 64193
66.249.77.195 - - [25/Feb/2014:10:34:44 +0800] "GET /content/repository/resource_content.jsp?oid=759630 HTTP/1.1" 200 26321
66.249.77.236 - - [25/Feb/2014:10:35:57 +0800] "GET /content/subject/resource_content.jsp?oid=16777417&queryType=qc HTTP/1.1" 200 27358
66.249.77.195 - - [25/Feb/2014:10:36:13 +0800] "GET /content/repository/resource_content.jsp?oid=1618020 HTTP/1.1" 200 27955
66.249.77.195 - - [25/Feb/2014:10:37:10 +0800] "GET /content/repository/resource_content.jsp?oid=751589 HTTP/1.1" 200 28216
66.249.77.8 - - [25/Feb/2014:10:37:12 +0800] "GET /content/nav/relationSubject.jsp?relationWords=GIS+&oid=16777728 HTTP/1.1" 200 2515
66.249.77.8 - - [25/Feb/2014:10:37:17 +0800] "GET /content/nav/relationSubject.jsp?relationWords=GIS%20%E5%9C%B0%E5%BD%A2%E5%9C%96%20%E5%A0%A1%E5%9C%96%20%E8%95%83%E5%9C%B0%20&oid=16777714 HTTP/1.1" 200 4627
66.249.74.117 - - [25/Feb/2014:10:37:17 +0800] "GET /content/nav/relationSubject.jsp?relationWords=GIS%20&oid=16777728 HTTP/1.1" 200 2515
66.249.77.195 - - [25/Feb/2014:10:37:53 +0800] "GET /content/subject/resource_content.jsp?oid=16777361&queryType=qs&queryString=%E7%A0%94%E7%A9%B6%E7%94%9F HTTP/1.1" 200 30867
220.181.108.94 - - [25/Feb/2014:10:37:57 +0800] "GET /content/repository/resource_content.jsp?oid=2611800 HTTP/1.1" 200 28297
66.249.77.195 - - [25/Feb/2014:10:38:23 +0800] "GET /content/repository/resource_content.jsp?oid=752020 HTTP/1.1" 200 27841
66.249.77.195 - - [25/Feb/2014:10:39:36 +0800] "GET /content/repository/resource_content.jsp?oid=731627 HTTP/1.1" 200 27544
66.249.77.195 - - [25/Feb/2014:10:39:44 +0800] "GET /content/subject/resource_content.jsp?oid=16777379&queryString=%E5%A4%9A%E5%AA%92%E9%AB%94%20%E6%95%B8%E4%BD%8D%E5%85%B8%E8%97%8F%20%E6%95%B8%E4%BD%8D%E5%85%B8%E8%97%8F%E6%8A%80%E8%A1%93%20%E7%9C%8B%E6%9D%BF%20%E9%9B%BB%E8%A6%96%E7%89%86 HTTP/1.1" 200 42512
66.249.77.195 - - [25/Feb/2014:10:40:04 +0800] "GET /content/repository/resource_content.jsp?oid=1618026 HTTP/1.1" 200 28029
66.249.77.195 - - [25/Feb/2014:10:40:49 +0800] "GET /content/repository/resource_content.jsp?oid=731775 HTTP/1.1" 200 27719
66.249.77.195 - - [25/Feb/2014:10:42:02 +0800] "GET /content/repository/resource_content.jsp?oid=733787 HTTP/1.1" 200 27715
66.249.77.8 - - [25/Feb/2014:10:42:47 +0800] "GET /content/subject/resource_content.jsp?oid=16777730&queryString= HTTP/1.1" 200 45345
66.249.74.221 - - [25/Feb/2014:10:43:16 +0800] "GET /content/repository/resource_content.jsp?oid=735541 HTTP/1.1" 200 28059
66.249.77.195 - - [25/Feb/2014:10:43:43 +0800] "GET /content/nav/relationSubject.jsp?relationWords=%E6%A4%8D%E7%89%A9%E7%95%8C+%E8%8F%AB%E8%8F%9C+%E8%91%AB%E8%98%86%E7%A7%91+&oid=1102618 HTTP/1.1" 200 3067
66.249.77.195 - - [25/Feb/2014:10:43:44 +0800] "GET /content/nav/relationSubject.jsp?relationWords=%E5%8C%97%E5%BA%84+%E7%A5%9E%E5%B2%A1+%E8%87%BA%E4%B8%AD%E7%B8%A3+%E8%BE%B2%E7%94%A2%E5%93%81+&oid=1622203 HTTP/1.1" 200 4501
66.249.74.221 - - [25/Feb/2014:10:43:55 +0800] "GET /content/repository/resource_content.jsp?oid=1623643 HTTP/1.1" 200 27806
66.249.74.221 - - [25/Feb/2014:10:44:29 +0800] "GET /content/repository/resource_content.jsp?oid=735622 HTTP/1.1" 200 27833
61.60.41.227 - - [25/Feb/2014:10:44:41 +0800] "GET /content/nav/relationSubject.jsp?relationWords=%E5%8F%B0%E6%9D%B1%E8%98%87%E9%90%B5+&oid=16777386 HTTP/1.1" 200 4100
114.47.150.89 - - [25/Feb/2014:10:44:56 +0800] "GET /content/subject/resource_content.jsp?oid=16777450&queryString HTTP/1.1" 200 27916
114.47.150.89 - - [25/Feb/2014:10:44:56 +0800] "GET /content/nav/relationSubject.jsp?relationWords=%E6%A1%83%E7%AC%A6+%E7%A5%9E%E8%8D%BC+%E9%AC%B1%E5%A3%98+&oid=16777450 HTTP/1.1" 200 4164
66.249.77.195 - - [25/Feb/2014:10:45:41 +0800] "GET /content/repository/resource_content.jsp?oid=670793 HTTP/1.1" 200 26276
66.249.77.236 - - [25/Feb/2014:10:45:45 +0800] "GET /content/subject/resource_content.jsp?oid=16777514&queryType=qc HTTP/1.1" 200 41874
66.249.77.195 - - [25/Feb/2014:10:46:54 +0800] "GET /content/repository/resource_content.jsp?oid=735906 HTTP/1.1" 200 27455
66.249.77.236 - - [25/Feb/2014:10:47:42 +0800] "GET /content/nav/relationSubject.jsp?relationWords=%E5%A4%9A%E6%A8%A3%E6%80%A7+&oid=16777419 HTTP/1.1" 200 4297
66.249.77.195 - - [25/Feb/2014:10:47:44 +0800] "GET /content/nav/relationSubject.jsp?relationWords=%E5%8D%9C%E8%BE%AD+%E5%8D%9C%E8%BE%AD%E6%AE%98%E7%89%87+%E6%AE%98%E7%89%87+%E9%BE%9C%E7%94%B2+%E9%BE%9C%E7%94%B2%E5%8D%9C%E8%BE%AD+%E9%BE%9C%E7%94%B2%E5%8D%9C%E8%BE%AD%E6%AE%98%E7%89%87+&oid=1878485 HTTP/1.1" 200 3397
66.249.77.195 - - [25/Feb/2014:10:47:46 +0800] "GET /content/repository/resource_content.jsp?oid=1618039 HTTP/1.1" 200 27801
210.242.52.151 - - [25/Feb/2014:10:47:46 +0800] "GET /content/nav/relationSubject.jsp?relationWords=&oid=16777459 HTTP/1.1" 200 1413
66.249.74.221 - - [25/Feb/2014:10:47:46 +0800] "GET /content/nav/relationSubject.jsp?relationWords=%E6%A4%8D%E7%89%A9%E7%95%8C+%E7%90%89%E7%90%83%E9%A6%AC%E5%85%9C%E9%88%B4+%E9%A6%AC%E5%85%9C%E9%88%B4+%E9%A6%AC%E5%85%9C%E9%88%B4%E5%B1%AC+&oid=1100771 HTTP/1.1" 200 3393
66.249.77.195 - - [25/Feb/2014:10:47:47 +0800] "GET /content/nav/relationSubject.jsp?relationWords=%E5%80%92%E6%8F%90%E5%A3%BA%E5%B1%AC+%E5%B0%8F%E8%8A%B1%E5%80%92%E6%8F%90%E5%A3%BA+%E6%A4%8D%E7%89%A9%E7%95%8C+%E7%B4%AB%E8%8D%89%E7%A7%91+&oid=1102638 HTTP/1.1" 200 3389
180.76.6.231 - - [25/Feb/2014:10:48:06 +0800] "GET /content/subject/resource_content.jsp?oid=16777609&queryType=qc HTTP/1.1" 200 57382
66.249.77.195 - - [25/Feb/2014:10:48:07 +0800] "GET /content/repository/resource_content.jsp?oid=670795 HTTP/1.1" 200 26321
66.249.77.195 - - [25/Feb/2014:10:48:07 +0800] "GET /content/nav/relationSubject.jsp?relationWords=%E4%B8%83%E6%98%9F%E9%AD%9A+%E5%85%89%E9%AD%9A+%E7%87%88%E7%B1%A0%E9%AD%9A+%E7%B4%B0%E6%96%91%E7%8F%8D%E7%87%88%E9%AD%9A+%E7%BF%BC%E7%8F%8D%E7%87%88%E9%AD%9A+&oid=14509 HTTP/1.1" 200 3676
140.109.16.164 - - [25/Feb/2014:10:48:38 +0800] "GET /content/subject/resource_content.jsp?oid=16777795&queryString= HTTP/1.1" 200 28756
140.109.16.164 - - [25/Feb/2014:10:48:38 +0800] "GET /content/nav/relationSubject.jsp?relationWords=%E7%94%B2%E9%AA%A8+%E7%A7%91%E6%8A%80+&oid=16777795 HTTP/1.1" 200 4873
210.242.52.151 - - [25/Feb/2014:10:48:43 +0800] "GET /content/subject/resource_content.jsp?oid=16777459&queryType=qs&queryString=%E5%9C%B0%E5%BD%A2%E5%9C%96 HTTP/1.1" 200 38866
210.242.52.151 - - [25/Feb/2014:10:48:44 +0800] "GET /content/nav/relationSubject.jsp?relationWords=&oid=16777459 HTTP/1.1" 200 1413
140.136.54.24 - - [25/Feb/2014:10:49:04 +0800] "GET /content/nav/relationSubject.jsp?relationWords=%E5%B1%B1%E6%AB%BB%E8%8A%B1+&oid=16777304 HTTP/1.1" 200 4460
117.19.114.26 - - [25/Feb/2014:10:49:19 +0800] "GET /content/nav/relationSubject.jsp?relationWords=%E6%A5%93%E9%A6%99+&oid=16777275 HTTP/1.1" 200 3846
66.249.74.221 - - [25/Feb/2014:10:49:20 +0800] "GET /content/repository/resource_content.jsp?oid=769110 HTTP/1.1" 200 25939
66.249.77.195 - - [25/Feb/2014:10:50:33 +0800] "GET /content/repository/resource_content.jsp?oid=769180 HTTP/1.1" 200 27128
66.249.77.8 - - [25/Feb/2014:10:50:52 +0800] "GET /content/nav/relationSubject.jsp?relationWords=%E5%A4%9A%E5%AA%92%E9%AB%94+%E5%AA%92%E9%AB%94+%E5%BD%B1%E5%83%8F%E4%BF%AE%E8%A3%9C+%E6%95%B8%E4%BD%8D%E5%85%B8%E8%97%8F+%E6%95%B8%E4%BD%8D%E5%85%B8%E8%97%8F%E6%8A%80%E8%A1%93+%E8%A6%96%E8%A8%8A+&oid=16777730 HTTP/1.1" 200 8550
66.249.77.8 - - [25/Feb/2014:10:50:56 +0800] "GET /content/nav/relationSubject.jsp?relationWords=%E5%A4%9A%E5%AA%92%E9%AB%94%20%E5%AA%92%E9%AB%94%20%E5%BD%B1%E5%83%8F%E4%BF%AE%E8%A3%9C%20%E6%95%B8%E4%BD%8D%E5%85%B8%E8%97%8F%20%E6%95%B8%E4%BD%8D%E5%85%B8%E8%97%8F%E6%8A%80%E8%A1%93%20%E8%A6%96%E8%A8%8A%20&oid=16777730 HTTP/1.1" 200 8550
66.249.77.8 - - [25/Feb/2014:10:50:59 +0800] "GET /content/subject/resource_content.jsp?oid=16777753&queryString= HTTP/1.1" 200 35839
66.249.77.195 - - [25/Feb/2014:10:51:37 +0800] "GET /content/repository/resource_content.jsp?oid=1618067 HTTP/1.1" 200 27503
66.249.77.195 - - [25/Feb/2014:10:51:46 +0800] "GET /content/repository/resource_content.jsp?oid=722322 HTTP/1.1" 200 27854
66.249.77.62 - - [25/Feb/2014:10:51:47 +0800] "GET /digiarch3/content/subject/resource_content.jsp?oid=16777366&queryString=%E5%A4%9A%E5%AA%92%E9%AB%94%20%E5%AA%92%E9%AB%94%20%E5%BD%B1%E5%83%8F%E4%BF%AE%E8%A3%9C%20%E6%95%B8%E4%BD%8D%E5%85%B8%E8%97%8F%20%E6%95%B8%E4%BD%8D%E5%85%B8%E8%97%8F%E6%8A%80%E8%A1%93%20%E8%A6%96%E8%A8%8A HTTP/1.1" 200 33961
66.249.74.221 - - [25/Feb/2014:10:52:59 +0800] "GET /content/repository/resource_content.jsp?oid=614836 HTTP/1.1" 200 27540
210.242.52.151 - - [25/Feb/2014:10:53:34 +0800] "GET /content/nav/relationSubject.jsp?relationWords=&oid=16777459 HTTP/1.1" 200 1413
66.249.77.195 - - [25/Feb/2014:10:54:12 +0800] "GET /content/repository/resource_content.jsp?oid=630497 HTTP/1.1" 200 25939
101.226.168.249 - - [25/Feb/2014:10:54:13 +0800] "GET /content/subject/resource_content.jsp?oid=16777301&queryType=qc HTTP/1.1" 200 25411
101.226.168.247 - - [25/Feb/2014:10:54:13 +0800] "GET /content/subject/resource_content.jsp?oid=16777259&queryType=qc HTTP/1.1" 200 33762
101.226.168.248 - - [25/Feb/2014:10:54:16 +0800] "GET /content/subject/resource_content.jsp?oid=16777291&queryType=qc HTTP/1.1" 200 27083
66.249.77.195 - - [25/Feb/2014:10:55:25 +0800] "GET /content/repository/resource_content.jsp?oid=694622 HTTP/1.1" 200 27443
66.249.74.221 - - [25/Feb/2014:10:55:28 +0800] "GET /content/repository/resource_content.jsp?oid=1618045 HTTP/1.1" 200 28039
5.10.83.96 - - [25/Feb/2014:10:55:59 +0800] "GET /content/subject/resource_content.jsp?oid=16777254 HTTP/1.1" 200 33785
66.249.77.195 - - [25/Feb/2014:10:56:38 +0800] "GET /content/repository/resource_content.jsp?oid=694509 HTTP/1.1" 200 26321
66.249.74.221 - - [25/Feb/2014:10:57:51 +0800] "GET /content/repository/resource_content.jsp?oid=694411 HTTP/1.1" 200 26321
61.219.139.168 - - [25/Feb/2014:10:58:12 +0800] "GET /content/nav/relationSubject.jsp?relationWords=%E5%B1%B1%E6%AB%BB%E8%8A%B1+&oid=16777304 HTTP/1.1" 200 4460
182.118.25.219 - - [25/Feb/2014:10:58:27 +0800] "GET /content/subject/resource_content.jsp?oid=16777308&queryType=qc HTTP/1.1" 200 27092
66.249.77.195 - - [25/Feb/2014:10:59:04 +0800] "GET /content/repository/resource_content.jsp?oid=605027 HTTP/1.1" 200 26321
66.249.77.8 - - [25/Feb/2014:10:59:11 +0800] "GET /content/repository/resource_content.jsp?oid=523952&queryString=%E5%A4%A7%E8%B1%A1%20%E6%B3%95%E8%9E%BA%20%E6%B3%95%E8%9E%BA%E7%A7%91%20%E7%95%B0%E8%B6%B3%E7%9B%AE%20%E8%85%B9%E8%B6%B3%E7%B6%B1%20%E8%B1%A1%E6%B3%95%E8%9E%BA HTTP/1.1" 200 35263
66.249.77.195 - - [25/Feb/2014:10:59:18 +0800] "GET /content/repository/resource_content.jsp?oid=1618140 HTTP/1.1" 200 27673
210.240.176.158 - - [25/Feb/2014:10:59:26 +0800] "GET /content/subject/resource_content.jsp?oid=16777289&queryType=qc HTTP/1.1" 200 39512
210.240.176.158 - - [25/Feb/2014:10:59:29 +0800] "GET /content/nav/relationSubject.jsp?relationWords=%E5%8D%9C%E8%BE%AD+%E7%94%B2%E9%AA%A8+%E7%94%B2%E9%AA%A8%E6%96%87+%E7%AE%97%E5%91%BD+&oid=16777289 HTTP/1.1" 200 3599
66.249.77.8 - - [25/Feb/2014:10:59:58 +0800] "GET /content/nav/relationSubject.jsp?relationWords=GIS+%E6%95%B8%E4%BD%8D%E5%85%B8%E8%97%8F+%E9%81%99%E6%B8%AC+%E9%81%99%E6%B8%AC%E5%BD%B1%E5%83%8F+&oid=16777753 HTTP/1.1" 200 9628
61.135.189.170 - - [25/Feb/2014:11:00:00 +0800] "GET /content/subject/resource_content.jsp?oid=16777718&queryType=qc HTTP/1.1" 200 32740
66.249.74.117 - - [25/Feb/2014:11:00:02 +0800] "GET /content/nav/relationSubject.jsp?relationWords=GIS%20%E6%95%B8%E4%BD%8D%E5%85%B8%E8%97%8F%20%E9%81%99%E6%B8%AC%20%E9%81%99%E6%B8%AC%E5%BD%B1%E5%83%8F%20&oid=16777753 HTTP/1.1" 200 9628
61.135.189.170 - - [25/Feb/2014:11:00:13 +0800] "GET /content/subject/resource_content.jsp?oid=16777612&queryType=qc HTTP/1.1" 200 41678
66.249.77.195 - - [25/Feb/2014:11:00:17 +0800] "GET /content/repository/resource_content.jsp?oid=684185 HTTP/1.1" 200 27012
1.165.123.126 - - [25/Feb/2014:11:00:47 +0800] "GET /content/pictures/picture_content.jsp?oid=33554828&queryType=qc HTTP/1.1" 200 27407
1.165.123.126 - - [25/Feb/2014:11:00:48 +0800] "GET /content/nav/relationSubject.jsp?relationWords=%E6%B5%B7%E8%91%B5+%E6%B5%B7%E8%91%B5%E9%AD%9A+%E7%9C%BC%E6%96%91+%E7%9C%BC%E6%96%91%E6%B5%B7%E8%91%B5%E9%AD%9A+&oid=33554828 HTTP/1.1" 200 3678
66.249.77.195 - - [25/Feb/2014:11:01:30 +0800] "GET /content/repository/resource_content.jsp?oid=657684 HTTP/1.1" 200 26742
66.249.77.62 - - [25/Feb/2014:11:02:07 +0800] "GET /digiarch3/content/nav/relationSubject.jsp?relationWords=%E6%95%B8%E4%BD%8D%E5%85%B8%E8%97%8F%20&oid=16777366 HTTP/1.1" 200 5925
66.249.77.195 - - [25/Feb/2014:11:02:11 +0800] "GET /content/nav/relationSubject.jsp?relationWords=%E9%AA%A8%E9%8F%83+&oid=1878151 HTTP/1.1" 200 2971
66.249.77.195 - - [25/Feb/2014:11:02:43 +0800] "GET /content/repository/resource_content.jsp?oid=684403 HTTP/1.1" 200 26976
61.135.189.170 - - [25/Feb/2014:11:03:07 +0800] "GET /digiarch3/content/tmp_exh/resource_content.jsp?oid=16777721&queryType=qc HTTP/1.1" 200 33446
66.249.77.195 - - [25/Feb/2014:11:03:09 +0800] "GET /content/repository/resource_content.jsp?oid=1618148 HTTP/1.1" 200 27606
61.135.189.170 - - [25/Feb/2014:11:03:21 +0800] "GET /digiarch3/content/subject/resource_content.jsp?oid=16777617&queryType=qc HTTP/1.1" 200 60024
61.135.189.170 - - [25/Feb/2014:11:03:32 +0800] "GET /digiarch3/content/subject/resource_content.jsp?oid=16777376&queryType=qc HTTP/1.1" 200 34893
61.135.189.170 - - [25/Feb/2014:11:03:45 +0800] "GET /digiarch3/content/subject/resource_content.jsp?oid=16777766&queryType=qc> HTTP/1.1" 200 49611
140.109.143.17 - - [25/Feb/2014:11:03:55 +0800] "GET /content/tmp_exh/resource_content.jsp?oid=16777771&queryString= HTTP/1.1" 200 33151
66.249.77.195 - - [25/Feb/2014:11:03:56 +0800] "GET /content/repository/resource_content.jsp?oid=631208 HTTP/1.1" 200 25939
140.109.143.17 - - [25/Feb/2014:11:03:56 +0800] "GET /content/nav/relationSubject.jsp?relationWords=&oid=16777771 HTTP/1.1" 200 1413
61.135.189.170 - - [25/Feb/2014:11:04:00 +0800] "GET /digiarch3/content/subject/resource_content.jsp?oid=16777475&queryType=qc HTTP/1.1" 200 61135
27.245.179.157 - - [25/Feb/2014:11:04:09 +0800] "GET /content/nav/relationSubject.jsp?relationWords=%E9%BB%91%E6%9D%BF%E6%A8%B9+&oid=16777262 HTTP/1.1" 200 3261
61.135.189.170 - - [25/Feb/2014:11:04:12 +0800] "GET /digiarch3/content/tmp_auth/resource_content.jsp?oid=16777640 HTTP/1.1" 200 53982
61.135.189.170 - - [25/Feb/2014:11:04:25 +0800] "GET /digiarch3/content/pictures/picture_content.jsp?oid=33554739&queryType=qc HTTP/1.1" 200 27065
66.249.77.195 - - [25/Feb/2014:11:04:27 +0800] "GET /content/repository/resource_content.jsp?oid=1633915 HTTP/1.1" 200 28024
61.135.189.170 - - [25/Feb/2014:11:04:38 +0800] "GET /digiarch3/content/subject/resource_content.jsp?oid=16777655&queryType=qc HTTP/1.1" 200 25196
61.135.189.170 - - [25/Feb/2014:11:04:51 +0800] "GET /digiarch2/content/repository/resource_content.jsp?oid=1884489&queryType=qc HTTP/1.1" 200 10284
61.135.189.170 - - [25/Feb/2014:11:05:05 +0800] "GET /digiarch2/content/repository/resource_content.jsp?oid=3204969&queryType=qc HTTP/1.1" 200 9724
66.249.77.195 - - [25/Feb/2014:11:05:09 +0800] "GET /content/repository/resource_content.jsp?oid=622001 HTTP/1.1" 200 25939
182.118.20.235 - - [25/Feb/2014:11:06:00 +0800] "GET /content/subject/resource_content.jsp?oid=16777706&queryType=qc HTTP/1.1" 200 52897
182.118.20.236 - - [25/Feb/2014:11:06:00 +0800] "GET /content/subject/resource_content.jsp?oid=16777753&queryType=qc HTTP/1.1" 200 35839
182.118.20.237 - - [25/Feb/2014:11:06:17 +0800] "GET /content/tmp_auth/resource_content.jsp?oid=16777646 HTTP/1.1" 200 27729
66.249.74.221 - - [25/Feb/2014:11:06:22 +0800] "GET /content/repository/resource_content.jsp?oid=676265 HTTP/1.1" 200 26982
182.118.20.234 - - [25/Feb/2014:11:06:27 +0800] "GET /content/tmp_tec/resource_content.jsp?oid=16777753 HTTP/1.1" 200 33101
101.226.168.204 - - [25/Feb/2014:11:06:31 +0800] "GET /content/subject/resource_content.jsp?oid=16777438&queryType=qc HTTP/1.1" 200 27663
101.226.168.208 - - [25/Feb/2014:11:06:31 +0800] "GET /content/subject/resource_content.jsp?oid=16777353&queryType=qc HTTP/1.1" 200 27848
101.226.166.216 - - [25/Feb/2014:11:06:37 +0800] "GET /content/subject/resource_content.jsp?oid=16777645&queryType=qc HTTP/1.1" 200 62964
101.226.168.207 - - [25/Feb/2014:11:06:43 +0800] "GET /content/subject/resource_content.jsp?oid=16777413&queryType=qc HTTP/1.1" 200 32443
101.226.168.208 - - [25/Feb/2014:11:06:49 +0800] "GET /content/subject/resource_content.jsp?oid=16777499&queryType=qc HTTP/1.1" 200 43445
67.167.206.216 - - [25/Feb/2014:11:06:52 +0800] "GET /content/subject/resource_content.jsp?oid=16777424&queryType=qc HTTP/1.1" 200 37702
101.226.168.209 - - [25/Feb/2014:11:06:56 +0800] "GET /content/subject/resource_content.jsp?oid=16777468&queryType=qc HTTP/1.1" 200 32265
101.226.168.206 - - [25/Feb/2014:11:06:57 +0800] "GET /content/subject/resource_content.jsp?oid=16777496&queryType=qc HTTP/1.1" 200 52150
67.167.206.216 - - [25/Feb/2014:11:06:57 +0800] "GET /content/nav/relationSubject.jsp?relationWords=%E7%B4%AB%E8%96%87+&oid=16777424 HTTP/1.1" 200 4008
66.249.77.195 - - [25/Feb/2014:11:07:01 +0800] "GET /content/repository/resource_content.jsp?oid=1618068 HTTP/1.1" 200 27598
101.226.168.204 - - [25/Feb/2014:11:07:04 +0800] "GET /content/subject/resource_content.jsp?oid=16777501&queryType=qc HTTP/1.1" 200 44720
101.226.168.208 - - [25/Feb/2014:11:07:04 +0800] "GET /content/subject/resource_content.jsp?oid=16777504&queryType=qc HTTP/1.1" 200 35611
140.128.194.191 - - [25/Feb/2014:11:07:11 +0800] "GET /content/repository/resource_content.jsp?oid=1773110 HTTP/1.1" 200 28894
140.128.194.191 - - [25/Feb/2014:11:07:11 +0800] "GET /content/nav/relationSubject.jsp?relationWords=%E5%8D%9A%E7%A2%A9%E5%A3%AB%E8%AB%96%E6%96%87+%E5%9F%BA%E7%9D%A3%E9%95%B7%E8%80%81%E6%95%99%E6%9C%83+&oid=1773110 HTTP/1.1" 200 4650
66.249.74.117 - - [25/Feb/2014:11:07:23 +0800] "GET /content/repository/resource_content.jsp?oid=523952&queryString=%E7%8E%89%E8%9E%BA%20%E7%8E%89%E8%9E%BA%E5%B1%AC%20%E7%8E%89%E8%9E%BA%E7%A7%91%20%E7%95%B0%E8%B6%B3%E7%9B%AE%20%E7%B4%B0%E7%B4%8B%E7%8E%89%E8%9E%BA%20%E8%82%89%E8%9E%BA%20%E8%85%B9%E8%B6%B3%E7%B6%B1 HTTP/1.1" 200 35167
101.226.168.207 - - [25/Feb/2014:11:07:25 +0800] "GET /content/subject/resource_content.jsp?oid=16777518&queryType=qc HTTP/1.1" 200 26908
101.226.168.206 - - [25/Feb/2014:11:07:33 +0800] "GET /content/subject/resource_content.jsp?oid=16777640&queryType=qc HTTP/1.1" 200 61284
66.249.77.195 - - [25/Feb/2014:11:07:35 +0800] "GET /content/repository/resource_content.jsp?oid=679948 HTTP/1.1" 200 27111
220.181.108.91 - - [25/Feb/2014:11:07:38 +0800] "GET /content/subject/resource_content.jsp?oid=16777770&queryType=qc HTTP/1.1" 200 52877
203.64.230.118 - - [25/Feb/2014:11:07:58 +0800] "GET /content/pictures/picture_content.jsp?oid=33554502&classify=2257 HTTP/1.1" 200 26614
203.64.230.118 - - [25/Feb/2014:11:07:59 +0800] "GET /content/nav/relationSubject.jsp?relationWords=&oid=33554502 HTTP/1.1" 200 1413
203.64.230.118 - - [25/Feb/2014:11:08:09 +0800] "GET /content/pictures/picture_content.jsp?oid=33554459&classify=2257 HTTP/1.1" 200 26489
203.64.230.118 - - [25/Feb/2014:11:08:09 +0800] "GET /content/nav/relationSubject.jsp?relationWords=%E8%8A%B1%E9%82%8A+&oid=33554459 HTTP/1.1" 200 3010
66.249.77.195 - - [25/Feb/2014:11:08:48 +0800] "GET /content/repository/resource_content.jsp?oid=680551 HTTP/1.1" 200 27102
140.109.16.164 - - [25/Feb/2014:11:08:56 +0800] "GET /content/exhibit/exhibit.jsp?oid=16777796 HTTP/1.1" 200 24870
140.109.16.164 - - [25/Feb/2014:11:08:56 +0800] "GET /content/exhibit/exhibit_content.jsp?oid=16777796 HTTP/1.1" 200 15793
203.64.230.118 - - [25/Feb/2014:11:08:57 +0800] "GET /content/pictures/picture_content.jsp?oid=33554488&classify=2257 HTTP/1.1" 200 26564
203.64.230.118 - - [25/Feb/2014:11:08:57 +0800] "GET /content/nav/relationSubject.jsp?relationWords=%E9%9B%95%E5%83%8F+&oid=33554488 HTTP/1.1" 200 2959
66.249.74.221 - - [25/Feb/2014:11:10:01 +0800] "GET /content/repository/resource_content.jsp?oid=681354 HTTP/1.1" 200 26964
203.64.230.118 - - [25/Feb/2014:11:11:26 +0800] "GET /content/pictures/picture_content.jsp?oid=33554504&classify=2257 HTTP/1.1" 200 26286
203.64.230.118 - - [25/Feb/2014:11:11:26 +0800] "GET /content/nav/relationSubject.jsp?relationWords=&oid=33554504 HTTP/1.1" 200 1413
123.125.71.88 - - [25/Feb/2014:11:11:30 +0800] "GET /content/repository/resource_content.jsp?oid=2607924 HTTP/1.1" 200 28617
66.249.77.195 - - [25/Feb/2014:11:11:33 +0800] "GET /content/repository/resource_content.jsp?oid=1631910 HTTP/1.1" 200 27455
66.249.77.195 - - [25/Feb/2014:11:11:43 +0800] "GET /content/repository/resource_content.jsp?oid=681525 HTTP/1.1" 200 27128
1.174.100.66 - - [25/Feb/2014:11:12:08 +0800] "GET /content/repository/resource_content.jsp?oid=15319 HTTP/1.1" 200 33476
120.116.36.17 - - [25/Feb/2014:11:12:15 +0800] "GET /content/nav/relationSubject.jsp?relationWords=%E5%8F%B0%E7%81%A3%E6%AC%92%E6%A8%B9+%E6%AC%92%E6%A8%B9+%E8%8B%A6%E8%8B%93+%E8%8B%A6%E8%8B%93%E8%88%85+&oid=16777254 HTTP/1.1" 200 4391
1.174.100.66 - - [25/Feb/2014:11:12:18 +0800] "GET /content/nav/relationSubject.jsp?relationWords=%E5%96%AE%E6%96%91%E7%AC%9B%E9%AF%9B+%E7%AC%9B%E9%AF%9B+%E7%AC%9B%E9%AF%9B%E7%A7%91+%E8%B5%A4%E7%AD%86%E4%BB%94+%E9%AF%9B%E7%A7%91+&oid=15319 HTTP/1.1" 200 3499
66.249.74.221 - - [25/Feb/2014:11:12:27 +0800] "GET /content/repository/resource_content.jsp?oid=667359 HTTP/1.1" 200 27362
140.109.16.164 - - [25/Feb/2014:11:12:52 +0800] "GET /content/exhibit/exhibit.jsp?oid=16777796 HTTP/1.1" 200 24870
140.109.16.164 - - [25/Feb/2014:11:12:52 +0800] "GET /content/exhibit/exhibit_content.jsp?oid=16777796 HTTP/1.1" 200 15845
66.249.77.195 - - [25/Feb/2014:11:13:39 +0800] "GET /content/repository/resource_content.jsp?oid=664613 HTTP/1.1" 200 27926
210.240.176.158 - - [25/Feb/2014:11:13:57 +0800] "GET /content/pictures/picture_content.jsp?oid=33554775&classify=2562 HTTP/1.1" 200 27481
59.125.62.17 - - [25/Feb/2014:11:13:59 +0800] "GET /content/subject/resource_content.jsp?oid=16777717&queryType=qc HTTP/1.0" 200 32346
210.240.176.158 - - [25/Feb/2014:11:13:59 +0800] "GET /content/nav/relationSubject.jsp?relationWords=%E9%BB%91%E6%96%91%E9%BE%8D%E8%86%BD+%E9%BE%8D%E8%86%BD+&oid=33554775 HTTP/1.1" 200 3420
59.125.62.17 - - [25/Feb/2014:11:14:04 +0800] "GET /content/nav/relationSubject.jsp?relationWords=%E6%95%B8%E4%BD%8D%E5%85%B8%E8%97%8F+&oid=16777717 HTTP/1.0" 200 5887
66.249.77.195 - - [25/Feb/2014:11:14:43 +0800] "GET /content/repository/resource_content.jsp?oid=1618136 HTTP/1.1" 200 28169
66.249.77.195 - - [25/Feb/2014:11:14:53 +0800] "GET /content/repository/resource_content.jsp?oid=610711 HTTP/1.1" 200 26321
59.125.62.17 - - [25/Feb/2014:11:15:33 +0800] "GET /content/subject/resource_content.jsp?oid=16777366&queryString=???????????? HTTP/1.0" 200 33915
66.249.77.8 - - [25/Feb/2014:11:15:35 +0800] "GET /content/subject/resource_content.jsp?oid=16777498&queryString= HTTP/1.1" 200 39491
59.125.62.17 - - [25/Feb/2014:11:15:44 +0800] "GET /content/nav/relationSubject.jsp?relationWords=%E6%95%B8%E4%BD%8D%E5%85%B8%E8%97%8F+&oid=16777366 HTTP/1.0" 200 5925
66.249.74.162 - - [25/Feb/2014:11:15:59 +0800] "GET /content/subject/resource_content.jsp?oid=16777783&queryType=qs&queryString=%E6%B0%91%E6%9C%AC%E4%B8%BB%E7%BE%A9 HTTP/1.1" 200 57357
66.249.77.195 - - [25/Feb/2014:11:16:05 +0800] "GET /content/repository/resource_content.jsp?oid=1781938 HTTP/1.1" 200 27488
203.64.230.118 - - [25/Feb/2014:11:16:06 +0800] "GET /content/pictures/picture_content.jsp?oid=33554502&classify=2257 HTTP/1.1" 200 26614
203.64.230.118 - - [25/Feb/2014:11:16:06 +0800] "GET /content/nav/relationSubject.jsp?relationWords=&oid=33554502 HTTP/1.1" 200 1413
66.249.74.221 - - [25/Feb/2014:11:16:39 +0800] "GET /content/nav/relationSubject.jsp?relationWords=%E4%BC%8D%E7%94%B3%E4%B8%89+%E5%8F%83%E8%AD%B0%E5%93%A1+%E5%AE%9C%E8%98%AD%E5%B8%82+%E6%9D%8E%E5%8F%8B%E4%B8%89+%E9%99%B3%E6%BA%90%E9%A0%AD+&oid=1517339 HTTP/1.1" 200 3924
66.249.77.195 - - [25/Feb/2014:11:16:41 +0800] "GET /content/nav/relationSubject.jsp?relationWords=%E7%B8%A3%E6%94%BF%E5%BA%9C+&oid=1591108 HTTP/1.1" 200 7065
66.249.77.195 - - [25/Feb/2014:11:16:43 +0800] "GET /content/nav/relationSubject.jsp?relationWords=%E5%8F%B0%E7%81%A3%E9%AC%BC%E7%9D%A3%E9%83%B5+%E6%A4%8D%E7%89%A9%E7%95%8C+%E8%8F%8A%E7%A7%91+%E9%9B%99%E5%AD%90%E8%91%89+%E9%9B%99%E5%AD%90%E8%91%89%E6%A4%8D%E7%89%A9+%E9%AC%BC%E7%9D%A3%E9%83%B5+%E9%AC%BC%E7%9D%A3%E9%83%B5%E5%B1%AC+&oid=1098476 HTTP/1.1" 200 3590
66.249.77.195 - - [25/Feb/2014:11:16:45 +0800] "GET /content/nav/relationSubject.jsp?relationWords=%E6%A8%8A%E5%B0%B9%E9%BC%8E+&oid=1820574 HTTP/1.1" 200 2877
66.249.77.195 - - [25/Feb/2014:11:16:46 +0800] "GET /content/nav/relationSubject.jsp?relationWords=%E4%BB%A5%E7%AC%A6%E5%AF%A6%E9%9A%9B%E6%A1%88+%E8%B2%B8%E6%AC%BE+%E8%BE%B2%E6%A9%9F+%E8%BE%B2%E7%94%A2+%E8%BE%B2%E7%94%A2%E5%AD%97+&oid=1631127 HTTP/1.1" 200 4199
66.249.74.221 - - [25/Feb/2014:11:16:49 +0800] "GET /content/nav/relationSubject.jsp?relationWords=%E8%AD%B7%E6%B3%95+&oid=1631206 HTTP/1.1" 200 6486
66.249.77.195 - - [25/Feb/2014:11:17:18 +0800] "GET /content/repository/resource_content.jsp?oid=1782105 HTTP/1.1" 200 27183
66.249.74.221 - - [25/Feb/2014:11:17:20 +0800] "GET /content/repository/resource_content.jsp?oid=1516152&queryString=%E5%8F%B8%E6%B3%95%E9%99%A2%20%E8%87%BA%E7%81%A3%E7%9C%81%E5%8F%83%E8%AD%B0%E6%9C%83 HTTP/1.1" 200 28425
203.64.230.118 - - [25/Feb/2014:11:17:51 +0800] "GET /content/pictures/picture_content.jsp?oid=33554448&classify=2261 HTTP/1.1" 200 26321
203.64.230.118 - - [25/Feb/2014:11:17:51 +0800] "GET /content/nav/relationSubject.jsp?relationWords=&oid=33554448 HTTP/1.1" 200 1413
140.109.16.164 - - [25/Feb/2014:11:18:21 +0800] "GET /content/exhibit/exhibit.jsp?oid=16777796 HTTP/1.1" 200 24870
140.109.16.164 - - [25/Feb/2014:11:18:21 +0800] "GET /content/exhibit/exhibit_content.jsp?oid=16777796 HTTP/1.1" 200 15845
66.249.74.221 - - [25/Feb/2014:11:18:32 +0800] "GET /content/repository/resource_content.jsp?oid=1623648 HTTP/1.1" 200 28040
66.249.77.195 - - [25/Feb/2014:11:18:33 +0800] "GET /content/repository/resource_content.jsp?oid=1618177 HTTP/1.1" 200 27526
203.64.230.118 - - [25/Feb/2014:11:19:44 +0800] "GET /content/pictures/picture_content.jsp?oid=33554808&classify=2259 HTTP/1.1" 200 26916
66.249.77.195 - - [25/Feb/2014:11:19:45 +0800] "GET /digiarch_en/content/tmp_exh/resource_content.jsp?oid=16777714&queryType=qc HTTP/1.1" 200 32135
203.64.230.118 - - [25/Feb/2014:11:19:45 +0800] "GET /content/nav/relationSubject.jsp?relationWords=%E7%94%B2%E5%B0%BB%E9%AD%9A+&oid=33554808 HTTP/1.1" 200 3201
