66.249.71.60 - - [25/Feb/2016:00:00:12 +0800] "GET /content/repository/resource_content.jsp?oid=1172896&queryString=%E6%93%BA%E5%A4%B7%20%E9%99%B6%E5%9C%9F HTTP/1.1" 200 35331
66.249.71.60 - - [25/Feb/2016:00:00:44 +0800] "GET /content/nav/relationSubject.jsp?relationWords=%E6%B2%B3%E5%B7%9D%E5%9C%96+%E7%83%8F%E6%BA%AA+&oid=173389 HTTP/1.1" 200 4739
66.249.71.60 - - [25/Feb/2016:00:00:46 +0800] "GET /content/nav/relationSubject.jsp?relationWords=%E6%B2%B3%E5%B7%9D%E5%9C%96%20%E7%83%8F%E6%BA%AA%20&oid=173389 HTTP/1.1" 200 4739
66.249.71.60 - - [25/Feb/2016:00:01:05 +0800] "GET /content/repository/resource_content.jsp?oid=1546400 HTTP/1.1" 200 30089
66.249.77.97 - - [25/Feb/2016:00:01:23 +0800] "GET /content/repository/resource_content.jsp?oid=4458905&queryType=qs&queryString=%E8%B1%A1%E7%9A%AE%E7%97%85 HTTP/1.1" 200 28515
66.249.74.98 - - [25/Feb/2016:00:01:41 +0800] "GET /content/repository/resource_content.jsp?oid=1818392&queryString=%E5%AE%9C%E4%BE%AF%E7%8E%8B HTTP/1.1" 200 29501
66.249.77.97 - - [25/Feb/2016:00:02:16 +0800] "GET /content/subject/resource_content.jsp?oid=16777483&queryString=%E5%8F%B0%E7%81%A3%E5%8E%9F%E4%BD%8F%E6%B0%91 HTTP/1.1" 200 43955
66.249.71.121 - - [25/Feb/2016:00:02:22 +0800] "GET /content/nav/relationSubject.jsp?relationWords=%E6%9E%97%E6%B0%B4+%E6%B0%B4%E5%9C%B3+%E8%90%AC%E6%A6%AE%E9%84%89+%E8%A5%BF%E6%9E%97+&oid=1559290 HTTP/1.1" 200 3286
66.249.74.63 - - [25/Feb/2016:00:02:23 +0800] "GET /content/nav/relationSubject.jsp?relationWords=%E6%9E%97%E6%B0%B4%20%E6%B0%B4%E5%9C%B3%20%E8%90%AC%E6%A6%AE%E9%84%89%20%E8%A5%BF%E6%9E%97%20&oid=1559290 HTTP/1.1" 200 3286
66.249.71.60 - - [25/Feb/2016:00:02:33 +0800] "GET /content/repository/resource_content.jsp?oid=16288 HTTP/1.1" 200 34511
175.111.55.27 - - [25/Feb/2016:00:02:41 +0800] "GET /content/repository/resource_content.jsp?oid=1817856 HTTP/1.1" 200 28828
202.140.72.34 - - [25/Feb/2016:00:02:42 +0800] "GET /content/nav/relationSubject.jsp?relationWords=%E5%A4%A7%E8%8A%B1%E7%B4%AB%E8%96%87+&oid=16777378 HTTP/1.0" 200 3480
66.249.71.60 - - [25/Feb/2016:00:03:09 +0800] "GET /content/repository/resource_content.jsp?oid=524127&queryType=qc HTTP/1.1" 200 37955
66.249.77.91 - - [25/Feb/2016:00:03:24 +0800] "GET /content/repository/resource_content.jsp?oid=1548806&queryString=%E4%BA%A4%E6%8F%9B%E6%A9%9F%20%E9%85%8D%E7%B7%9A%20%E9%9B%BB%E4%BF%A1%E5%B1%80%20%E9%9C%A7%E5%B3%B0 HTTP/1.1" 200 29375
66.249.71.60 - - [25/Feb/2016:00:03:27 +0800] "GET /content/repository/resource_content.jsp?oid=16904 HTTP/1.1" 200 29761
66.249.74.98 - - [25/Feb/2016:00:03:45 +0800] "GET /content/subject/resource_content.jsp?oid=16777620&queryString=%E5%85%AC%E8%B7%AF%E5%B1%80%20%E7%83%8F%E6%97%A5%20%E7%9C%81%E6%94%BF%E5%BA%9C%20%E9%9C%A7%E5%B3%B0 HTTP/1.1" 200 55515
175.111.55.27 - - [25/Feb/2016:00:03:56 +0800] "GET /content/nav/relationSubject.jsp?relationWords=&oid=1817856 HTTP/1.1" 200 1405
66.249.71.60 - - [25/Feb/2016:00:04:02 +0800] "GET /content/subject/resource_content.jsp?oid=16777713 HTTP/1.1" 200 43903
66.249.71.60 - - [25/Feb/2016:00:04:20 +0800] "GET /content/repository/resource_content.jsp?oid=1871268&queryString=%E9%AA%A8%E7%9A%BF%E6%AE%98%E5%A1%8A HTTP/1.1" 200 29533
66.249.71.60 - - [25/Feb/2016:00:05:20 +0800] "GET /content/repository/resource_content.jsp?oid=1893016 HTTP/1.1" 200 28286
66.249.71.105 - - [25/Feb/2016:00:05:20 +0800] "GET /content/nav/relationSubject.jsp?relationWords=&oid=2612166 HTTP/1.1" 200 1405
66.249.71.60 - - [25/Feb/2016:00:05:31 +0800] "GET /content/repository/resource_content.jsp?oid=1894026 HTTP/1.1" 200 28323
66.249.71.60 - - [25/Feb/2016:00:05:48 +0800] "GET /content/repository/resource_content.jsp?oid=1613489 HTTP/1.1" 200 28365
66.249.71.5 - - [25/Feb/2016:00:06:06 +0800] "GET /content/repository/resource_content.jsp?oid=4362183&queryType=qs&queryString=%E7%A5%AD%E7%A5%9E HTTP/1.1" 200 28049
66.249.71.60 - - [25/Feb/2016:00:06:15 +0800] "GET /content/nav/relationSubject.jsp?relationWords=%E6%9E%9C%E7%B2%92%E8%9B%99%E8%9E%BA+%E7%95%B0%E8%B6%B3%E7%9B%AE+%E8%85%B9%E8%B6%B3%E7%B6%B1+%E8%9B%99%E8%9E%BA+%E8%9B%99%E8%9E%BA%E7%A7%91+&oid=524127 HTTP/1.1" 200 3436
66.249.71.60 - - [25/Feb/2016:00:06:19 +0800] "GET /content/nav/relationSubject.jsp?relationWords=%E6%9E%9C%E7%B2%92%E8%9B%99%E8%9E%BA%20%E7%95%B0%E8%B6%B3%E7%9B%AE%20%E8%85%B9%E8%B6%B3%E7%B6%B1%20%E8%9B%99%E8%9E%BA%20%E8%9B%99%E8%9E%BA%E7%A7%91%20&oid=524127 HTTP/1.1" 200 3436
51.255.65.68 - - [25/Feb/2016:00:06:21 +0800] "GET /digiarch3/content/subject/resource_content.jsp?oid=16777604&queryType=qc HTTP/1.1" 200 59775
66.249.77.85 - - [25/Feb/2016:00:06:24 +0800] "GET /content/repository/resource_content.jsp?oid=1611840&queryType=qs&queryString=%E5%82%B3%E7%B5%B1%E5%B8%82%E5%A0%B4 HTTP/1.1" 200 38886
66.249.71.60 - - [25/Feb/2016:00:06:37 +0800] "GET /content/nav/relationSubject.jsp?relationWords=%E5%85%AC%E4%BF%9D+%E5%85%AC%E5%8B%99%E4%BA%BA%E5%93%A1+%E5%85%AC%E5%8B%99%E5%93%A1+%E6%B0%91%E9%81%B8+%E7%A6%8F%E5%88%A9%E4%BA%92%E5%8A%A9+%E9%84%89%E9%8E%AE%E5%B8%82%E9%95%B7+&oid=1636081 HTTP/1.1" 200 3990
66.249.71.60 - - [25/Feb/2016:00:06:41 +0800] "GET /content/nav/relationSubject.jsp?relationWords=%E5%85%AC%E4%BF%9D%20%E5%85%AC%E5%8B%99%E4%BA%BA%E5%93%A1%20%E5%85%AC%E5%8B%99%E5%93%A1%20%E6%B0%91%E9%81%B8%20%E7%A6%8F%E5%88%A9%E4%BA%92%E5%8A%A9%20%E9%84%89%E9%8E%AE%E5%B8%82%E9%95%B7%20&oid=1636081 HTTP/1.1" 200 3990
66.249.71.60 - - [25/Feb/2016:00:06:48 +0800] "GET /content/nav/relationSubject.jsp?relationWords=%E9%AA%A8%E7%9A%BF%E6%AE%98%E5%A1%8A+&oid=1871268 HTTP/1.1" 200 3017
66.249.71.60 - - [25/Feb/2016:00:06:50 +0800] "GET /content/nav/relationSubject.jsp?relationWords=%E9%AA%A8%E7%9A%BF%E6%AE%98%E5%A1%8A%20&oid=1871268 HTTP/1.1" 200 3017
66.249.71.60 - - [25/Feb/2016:00:07:15 +0800] "GET /content/nav/relationSubject.jsp?relationWords=%E5%8D%97%E5%8C%96+%E5%B9%B3%E5%9F%94%E6%97%8F+&oid=1775439 HTTP/1.1" 200 4891
66.249.77.97 - - [25/Feb/2016:00:07:17 +0800] "GET /content/subject/resource_content.jsp?oid=16797243&queryString= HTTP/1.1" 200 56014
66.249.71.60 - - [25/Feb/2016:00:07:17 +0800] "GET /content/nav/relationSubject.jsp?relationWords=%E5%8D%97%E5%8C%96%20%E5%B9%B3%E5%9F%94%E6%97%8F%20&oid=1775439 HTTP/1.1" 200 4891
66.249.71.60 - - [25/Feb/2016:00:07:34 +0800] "GET /content/repository/resource_content.jsp?oid=2145781&queryString=%E6%9D%9C%E9%B5%91%20%E6%9D%9C%E9%B5%91%E8%8A%B1%20%E6%9D%9C%E9%B5%91%E8%8A%B1%E5%B1%AC HTTP/1.1" 200 31236
66.249.71.60 - - [25/Feb/2016:00:07:52 +0800] "GET /content/repository/resource_content.jsp?oid=1125114&queryString=%E5%85%AB%E5%BA%9C%20%E5%AE%89%E5%85%A8%E6%A1%88%20%E5%BA%9C%E5%BB%BA%E6%B0%B4%20%E6%96%B9%E7%A8%8B%E5%BC%8F%20%E6%B0%B4%E5%AD%97%20%E7%A0%B4%E5%B8%83%E7%83%8F%20%E9%98%B2%E6%B4%AA HTTP/1.1" 200 35322
66.249.79.24 - - [25/Feb/2016:00:08:11 +0800] "GET /content/repository/resource_content.jsp?oid=1778162&queryType=qs&queryString=%E4%B8%83%E4%BD%B3 HTTP/1.1" 200 33007
66.249.71.60 - - [25/Feb/2016:00:08:28 +0800] "GET /content/repository/resource_content.jsp?oid=1108514&queryString=API%20%E5%BD%8E%E6%9F%B1%E8%8A%8E%E5%B1%AC%20%E6%A4%8D%E7%89%A9%E7%95%8C%20%E7%8E%89%E5%B1%B1%E5%BD%8E%E6%9F%B1%E8%8A%8E%20%E7%B9%96%E5%BD%A2%E7%A7%91%20%E9%9B%99%E5%AD%90%E8%91%89%20%E9%9B%99%E5%AD%90%E8%91%89%E6%A4%8D%E7%89%A9 HTTP/1.1" 200 31558
66.249.71.60 - - [25/Feb/2016:00:08:45 +0800] "GET /content/repository/resource_content.jsp?oid=1460160&queryString=API%20%E6%A4%8D%E7%89%A9%E7%95%8C%20%E7%8E%89%E5%B1%B1%E7%95%B6%E6%AD%B8%20%E7%95%B6%E6%AD%B8%E5%B1%AC%20%E7%B9%96%E5%BD%A2%E7%A7%91%20%E9%9B%99%E5%AD%90%E8%91%89%20%E9%9B%99%E5%AD%90%E8%91%89%E6%A4%8D%E7%89%A9 HTTP/1.1" 200 31455
66.249.71.5 - - [25/Feb/2016:00:09:03 +0800] "GET /digiarch3/content/subject/resource_content.jsp?oid=16777735&queryType=qs&queryString=%E5%8F%B0%E7%81%A3%E6%B0%91%E6%97%8F%E8%AA%8C HTTP/1.1" 200 32549
207.46.13.127 - - [25/Feb/2016:00:09:13 +0800] "GET /content/subject/resource_content.jsp?oid=16777740&queryType=qc HTTP/1.1" 200 41298
66.249.71.105 - - [25/Feb/2016:00:09:21 +0800] "GET /content/repository/resource_content.jsp?oid=4441380&queryType=qs&queryString=%E9%BD%8A%E8%97%A4 HTTP/1.1" 200 28224
66.249.77.91 - - [25/Feb/2016:00:09:23 +0800] "GET /content/nav/relationSubject.jsp?relationWords=%E4%BA%A4%E6%B6%89%E5%93%A1+%E4%BA%BA%E5%90%8D%E6%AC%8A%E5%A8%81+%E4%BF%84%E5%9C%8B+%E5%AD%AB%E5%AF%B6%E7%90%A6+%E5%BC%B5%E7%B4%B9+&oid=670022 HTTP/1.1" 200 3613
66.249.79.24 - - [25/Feb/2016:00:09:25 +0800] "GET /content/nav/relationSubject.jsp?relationWords=%E4%BA%A4%E6%B6%89%E5%93%A1%20%E4%BA%BA%E5%90%8D%E6%AC%8A%E5%A8%81%20%E4%BF%84%E5%9C%8B%20%E5%AD%AB%E5%AF%B6%E7%90%A6%20%E5%BC%B5%E7%B4%B9%20&oid=670022 HTTP/1.1" 200 3613
66.249.77.91 - - [25/Feb/2016:00:09:54 +0800] "GET /content/nav/relationSubject.jsp?relationWords=%E4%BA%94%E5%B9%B4%E7%A5%AD+%E5%8F%A4%E6%A8%93%E6%9D%91+%E6%AD%B2%E6%99%82%E7%A5%AD%E5%84%80+%E7%A5%AD%E5%84%80+&oid=1778162 HTTP/1.1" 200 4196
66.249.71.60 - - [25/Feb/2016:00:09:58 +0800] "GET /content/repository/resource_content.jsp?oid=4353784&queryString=%E5%A4%A7%E6%96%91%20%E5%A4%A7%E6%96%91%E9%A6%AC%20%E5%B0%91%E5%A5%B3%E9%AD%9A%20%E6%96%91%E9%A6%AC%20%E8%9D%B4%E8%9D%B6%E9%AD%9A%20%E8%9D%B4%E8%9D%B6%E9%AD%9A%E7%A7%91%20%E9%87%91%E6%96%91%E5%B0%91%E5%A5%B3%E9%AD%9A HTTP/1.1" 200 35559
66.249.71.60 - - [25/Feb/2016:00:09:58 +0800] "GET /content/nav/relationSubject.jsp?relationWords=API+%E5%BD%8E%E6%9F%B1%E8%8A%8E%E5%B1%AC+%E6%A4%8D%E7%89%A9%E7%95%8C+%E7%8E%89%E5%B1%B1%E5%BD%8E%E6%9F%B1%E8%8A%8E+%E7%B9%96%E5%BD%A2%E7%A7%91+%E9%9B%99%E5%AD%90%E8%91%89%E6%A4%8D%E7%89%A9+&oid=1108514 HTTP/1.1" 200 3485
66.249.77.85 - - [25/Feb/2016:00:09:59 +0800] "GET /content/nav/relationSubject.jsp?relationWords=%E4%BA%94%E5%B9%B4%E7%A5%AD%20%E5%8F%A4%E6%A8%93%E6%9D%91%20%E6%AD%B2%E6%99%82%E7%A5%AD%E5%84%80%20%E7%A5%AD%E5%84%80%20&oid=1778162 HTTP/1.1" 200 4196
66.249.71.60 - - [25/Feb/2016:00:10:01 +0800] "GET /content/nav/relationSubject.jsp?relationWords=API%20%E5%BD%8E%E6%9F%B1%E8%8A%8E%E5%B1%AC%20%E6%A4%8D%E7%89%A9%E7%95%8C%20%E7%8E%89%E5%B1%B1%E5%BD%8E%E6%9F%B1%E8%8A%8E%20%E7%B9%96%E5%BD%A2%E7%A7%91%20%E9%9B%99%E5%AD%90%E8%91%89%E6%A4%8D%E7%89%A9%20&oid=1108514 HTTP/1.1" 200 3485
66.249.71.60 - - [25/Feb/2016:00:10:06 +0800] "GET /content/nav/relationSubject.jsp?relationWords=%E6%96%91%E9%A6%AC+%E7%9F%AD%E9%B0%AD+%E7%B4%85%E8%99%8E+&oid=4353784 HTTP/1.1" 200 3411
66.249.71.60 - - [25/Feb/2016:00:10:07 +0800] "GET /content/nav/relationSubject.jsp?relationWords=%E6%96%91%E9%A6%AC%20%E7%9F%AD%E9%B0%AD%20%E7%B4%85%E8%99%8E%20&oid=4353784 HTTP/1.1" 200 3411
66.249.74.98 - - [25/Feb/2016:00:10:14 +0800] "GET /content/repository/resource_content.jsp?oid=1590338&queryString=%E5%9C%96%E9%9B%86%E5%90%8D%20%E6%B2%B3%E5%B7%9D%E5%9C%96%20%E8%8A%B1%E8%93%AE%E6%BA%AA HTTP/1.1" 200 32212
66.249.71.60 - - [25/Feb/2016:00:10:23 +0800] "GET /content/nav/relationSubject.jsp?relationWords=%E4%B8%8B%E6%B0%B4%E9%81%93+%E4%BF%9D%E7%95%99%E5%9C%B0+%E5%81%8F%E9%81%A0%E5%9C%B0%E5%8D%80+%E5%85%89%E5%BE%A9%E9%84%89+%E5%9C%B0%E4%BF%9D+%E5%A0%A4%E9%98%B2%E6%A1%88+%E5%A2%9E%E5%BB%BA+%E5%A4%A7%E7%A6%B9+%E5%AE%89%E6%B5%B7+%E5%AF%8C%E9%87%8C+%E5%B1%B1%E8%83%9E+%E5%BB%BA%E8%B1%90+%E6%8E%92%E6%B0%B4%E6%BA%9D+%E7%8E%89%E9%87%8C+%E8%8A%B1%E8%93%AE%E6%BA%AA+%E8%AD%B7%E5%B2%B8%E6%A1%88+%E8%B1%90%E6%BF%B1%E6%9D%91+%E8%B1%90%E6%BF%B1%E9%84%89+%E9%A6%AC%E5%A4%AA%E9%9E%8D+&oid=1590338 HTTP/1.1" 200 3909
66.249.71.60 - - [25/Feb/2016:00:10:26 +0800] "GET /content/nav/relationSubject.jsp?relationWords=%E4%B8%8B%E6%B0%B4%E9%81%93%20%E4%BF%9D%E7%95%99%E5%9C%B0%20%E5%81%8F%E9%81%A0%E5%9C%B0%E5%8D%80%20%E5%85%89%E5%BE%A9%E9%84%89%20%E5%9C%B0%E4%BF%9D%20%E5%A0%A4%E9%98%B2%E6%A1%88%20%E5%A2%9E%E5%BB%BA%20%E5%A4%A7%E7%A6%B9%20%E5%AE%89%E6%B5%B7%20%E5%AF%8C%E9%87%8C%20%E5%B1%B1%E8%83%9E%20%E5%BB%BA%E8%B1%90%20%E6%8E%92%E6%B0%B4%E6%BA%9D%20%E7%8E%89%E9%87%8C%20%E8%8A%B1%E8%93%AE%E6%BA%AA%20%E8%AD%B7%E5%B2%B8%E6%A1%88%20%E8%B1%90%E6%BF%B1%E6%9D%91%20%E8%B1%90%E6%BF%B1%E9%84%89%20%E9%A6%AC%E5%A4%AA%E9%9E%8D%20&oid=1590338 HTTP/1.1" 200 3909
66.249.71.113 - - [25/Feb/2016:00:10:29 +0800] "GET /content/nav/relationSubject.jsp?relationWords=%E6%9D%9C%E9%A6%99%E5%9C%8B+%E6%9E%97%E5%85%B6%E7%BE%8E+%E9%83%AD%E5%BD%A9%E9%B3%B3+%E9%8E%AE%E7%80%BE%E5%AE%AE+&oid=1887817 HTTP/1.1" 200 3257
66.249.71.60 - - [25/Feb/2016:00:10:32 +0800] "GET /content/repository/resource_content.jsp?oid=15466&queryString=%E6%93%AC%E7%BE%8A%E9%AD%9A%20%E7%A7%8B%E5%A7%91%20%E9%AC%9A%E5%93%A5%20%E9%AC%9A%E9%AF%9B%E7%A7%91%20%E9%AF%9B%E7%A7%91 HTTP/1.1" 200 35397
66.249.71.113 - - [25/Feb/2016:00:10:37 +0800] "GET /content/nav/relationSubject.jsp?relationWords=%E6%9D%9C%E9%A6%99%E5%9C%8B%20%E6%9E%97%E5%85%B6%E7%BE%8E%20%E9%83%AD%E5%BD%A9%E9%B3%B3%20%E9%8E%AE%E7%80%BE%E5%AE%AE%20&oid=1887817 HTTP/1.1" 200 3257
66.249.71.60 - - [25/Feb/2016:00:10:49 +0800] "GET /content/repository/resource_content.jsp?oid=1573507&queryString=%E4%BA%BA%E5%90%8D%E6%AC%8A%E5%A8%81%20%E5%95%9F%E6%96%B0%20%E6%B4%8B%E7%81%B0%20%E7%BE%A9%E5%A4%A7%E5%88%A9 HTTP/1.1" 200 30782
66.249.71.60 - - [25/Feb/2016:00:11:07 +0800] "GET /content/repository/resource_content.jsp?oid=1531358&queryString=%E5%B8%B8%E5%82%99%E5%85%B5%20%E5%BE%8C%E5%82%99%E8%BB%8D%E4%BA%BA%20%E7%9C%81%E6%94%BF%E5%BA%9C%20%E8%88%B9%E5%93%A1%20%E9%81%A0%E6%B4%8B%E6%BC%81%E6%A5%AD HTTP/1.1" 200 31026
66.249.71.113 - - [25/Feb/2016:00:11:42 +0800] "GET /content/repository/resource_content.jsp?oid=4363146&queryType=qs&queryString=%E6%9E%97%E9%BB%98%E5%A8%98 HTTP/1.1" 200 34242
207.46.13.127 - - [25/Feb/2016:00:11:53 +0800] "GET /content/subject/resource_content.jsp?oid=16777740&queryType=qc HTTP/1.1" 200 41298
140.123.101.42 - - [25/Feb/2016:00:11:55 +0800] "GET /content/repository/resource_content.jsp?oid=1580971 HTTP/1.1" 200 28560
66.249.71.60 - - [25/Feb/2016:00:12:00 +0800] "GET /content/repository/resource_content.jsp?oid=1779079&queryString=%E5%80%8B%E6%A1%88%E7%A0%94%E7%A9%B6 HTTP/1.1" 200 35394
66.249.71.60 - - [25/Feb/2016:00:12:09 +0800] "GET /content/nav/relationSubject.jsp?relationWords=%E6%B4%BB%E5%A4%BE+&oid=1848858 HTTP/1.1" 200 2963
66.249.71.60 - - [25/Feb/2016:00:12:15 +0800] "GET /content/nav/relationSubject.jsp?relationWords=%E6%B4%BB%E5%A4%BE%20&oid=1848858 HTTP/1.1" 200 2963
66.249.71.113 - - [25/Feb/2016:00:12:18 +0800] "GET /content/repository/resource_content.jsp?oid=1778980&queryType=qs&queryString=%E5%8E%9F%E4%BD%8F%E6%B0%91%E9%A3%B2%E9%A3%9F HTTP/1.1" 200 29359
66.249.77.97 - - [25/Feb/2016:00:12:53 +0800] "GET /content/subject/resource_content.jsp?oid=16777581&queryType=qc HTTP/1.1" 200 48449
66.249.71.60 - - [25/Feb/2016:00:13:05 +0800] "GET /content/nav/relationSubject.jsp?relationWords=%E6%99%9A%E9%9C%9E%E8%8A%8B%E8%9E%BA+%E8%85%B9%E8%B6%B3%E7%B6%B1+%E8%8A%8B%E8%9E%BA%E5%B1%AC+%E8%8A%8B%E8%9E%BA%E7%A7%91+%E8%BB%9F%E9%AB%94%E5%8B%95%E7%89%A9%E9%96%80+&oid=4550408 HTTP/1.1" 200 3479
68.180.228.187 - - [25/Feb/2016:00:13:07 +0800] "GET /content/repository/resource_content.jsp?oid=1558110 HTTP/1.1" 200 29624
66.249.74.98 - - [25/Feb/2016:00:13:11 +0800] "GET /content/repository/resource_content.jsp?oid=1112022 HTTP/1.1" 200 30905
66.249.71.60 - - [25/Feb/2016:00:13:12 +0800] "GET /content/nav/relationSubject.jsp?relationWords=%E6%99%9A%E9%9C%9E%E8%8A%8B%E8%9E%BA%20%E8%85%B9%E8%B6%B3%E7%B6%B1%20%E8%8A%8B%E8%9E%BA%E5%B1%AC%20%E8%8A%8B%E8%9E%BA%E7%A7%91%20%E8%BB%9F%E9%AB%94%E5%8B%95%E7%89%A9%E9%96%80%20&oid=4550408 HTTP/1.1" 200 3479
66.249.71.5 - - [25/Feb/2016:00:13:29 +0800] "GET /digiarch3/content/repository/resource_content.jsp?oid=14748&queryString=%E5%8E%9A%E6%AE%BC%E4%BB%94%20%E5%8E%9A%E6%AE%BC%E7%B8%B1%E7%B0%BE%E8%9B%A4%20%E5%8E%9A%E6%AE%BC%E8%9B%A4%E5%B1%AC%20%E5%92%8C%E5%B0%9A%E8%9A%B5%E4%BB%94%20%E7%B0%BE%E8%9B%A4%E7%9B%AE%20%E7%B0%BE%E8%9B%A4%E7%A7%91%20%E9%9B%99%E6%AE%BC%E7%B6%B1 HTTP/1.1" 200 36776
66.249.77.85 - - [25/Feb/2016:00:13:46 +0800] "GET /content/subject/resource_content.jsp?oid=16777420&queryString=%E5%89%AA%E7%B4%99%20%E5%8F%B0%E7%81%A3%E5%8E%9F%E4%BD%8F%E6%B0%91%20%E8%A6%96%E8%A6%BA%E8%A8%AD%E8%A8%88 HTTP/1.1" 200 30587
66.249.71.60 - - [25/Feb/2016:00:14:22 +0800] "GET /content/subject/resource_content.jsp?oid=16777601&queryType=qs&queryString=%E5%B1%95%E8%A6%BD%E6%9C%83 HTTP/1.1" 200 59047
66.249.71.60 - - [25/Feb/2016:00:14:26 +0800] "GET /content/nav/relationSubject.jsp?relationWords=%E7%A7%8B%E5%A7%91+%E7%B7%8B%E9%AF%89+%E9%AC%9A%E5%93%A5+%E9%AC%9A%E6%B5%B7%E7%B7%8B%E9%AF%89+%E9%AC%9A%E9%AF%9B%E7%A7%91+&oid=15466 HTTP/1.1" 200 3523
66.249.71.60 - - [25/Feb/2016:00:14:30 +0800] "GET /content/nav/relationSubject.jsp?relationWords=%E7%A7%8B%E5%A7%91%20%E7%B7%8B%E9%AF%89%20%E9%AC%9A%E5%93%A5%20%E9%AC%9A%E6%B5%B7%E7%B7%8B%E9%AF%89%20%E9%AC%9A%E9%AF%9B%E7%A7%91%20&oid=15466 HTTP/1.1" 200 3523
66.249.71.5 - - [25/Feb/2016:00:14:39 +0800] "GET /digiarch3/content/repository/resource_content.jsp?oid=15604&queryType=qs&queryString=%E5%90%B3%E9%83%AD%E9%AD%9A HTTP/1.1" 200 36295
66.249.74.72 - - [25/Feb/2016:00:14:58 +0800] "GET /digiarch3/content/subject/resource_content.jsp?oid=16777760&queryType=qs&queryString=%E9%9B%BB%E5%AD%90%E5%95%86%E5%8B%99 HTTP/1.1" 200 38923
66.249.71.60 - - [25/Feb/2016:00:15:15 +0800] "GET /content/subject/resource_content.jsp?oid=16777342&queryType=qc HTTP/1.1" 200 33224
66.249.71.5 - - [25/Feb/2016:00:15:34 +0800] "GET /digiarch3/content/repository/resource_content.jsp?oid=15433&queryType=qs&queryString=%E9%BB%83%E7%B7%A3 HTTP/1.1" 200 34646
66.249.71.60 - - [25/Feb/2016:00:15:50 +0800] "GET /content/subject/resource_content.jsp?oid=16777576&queryString= HTTP/1.1" 200 29391
66.249.71.60 - - [25/Feb/2016:00:16:03 +0800] "GET /content/nav/relationSubject.jsp?relationWords=%E6%9C%A8%E7%9B%A4+&oid=1781858 HTTP/1.1" 200 2957
66.249.71.60 - - [25/Feb/2016:00:16:05 +0800] "GET /content/nav/relationSubject.jsp?relationWords=%E6%9C%A8%E7%9B%A4%20&oid=1781858 HTTP/1.1" 200 2957
66.249.71.5 - - [25/Feb/2016:00:16:06 +0800] "GET /digiarch3/content/nav/relationSubject.jsp?relationWords=&oid=16777760 HTTP/1.1" 200 1405
66.249.71.5 - - [25/Feb/2016:00:16:12 +0800] "GET /digiarch3/content/nav/relationSubject.jsp?relationWords=%E6%A2%9D%E7%B4%8B%E8%B5%A4%E5%B0%BE%E5%86%AC+%E7%B4%85%E5%B0%BE%E5%86%AC%E4%BB%94+%E9%87%91%E7%B7%9A%E9%AD%9A%E7%A7%91+&oid=15433 HTTP/1.1" 200 3609
66.249.74.72 - - [25/Feb/2016:00:16:14 +0800] "GET /digiarch3/content/nav/relationSubject.jsp?relationWords=%E6%A2%9D%E7%B4%8B%E8%B5%A4%E5%B0%BE%E5%86%AC%20%E7%B4%85%E5%B0%BE%E5%86%AC%E4%BB%94%20%E9%87%91%E7%B7%9A%E9%AD%9A%E7%A7%91%20&oid=15433 HTTP/1.1" 200 3609
68.180.228.187 - - [25/Feb/2016:00:16:39 +0800] "GET /content/subject/resource_content.jsp?oid=16777699&queryType=qc HTTP/1.1" 200 54149
66.249.74.98 - - [25/Feb/2016:00:16:44 +0800] "GET /content/pictures/picture_content.jsp?oid=33554728 HTTP/1.1" 200 27791
66.249.77.85 - - [25/Feb/2016:00:17:01 +0800] "GET /content/subject/resource_content.jsp?oid=16777657&queryType=qc HTTP/1.1" 200 71777
66.249.77.91 - - [25/Feb/2016:00:17:19 +0800] "GET /content/subject/resource_content.jsp?oid=16797292&queryType=qc HTTP/1.1" 200 57226
66.249.77.85 - - [25/Feb/2016:00:17:36 +0800] "GET /content/subject/resource_content.jsp?oid=16777654&queryType=qc HTTP/1.1" 200 63676
51.255.65.45 - - [25/Feb/2016:00:18:00 +0800] "GET /content/subject/resource_content.jsp?oid=16777268&queryType=qc HTTP/1.1" 200 42308
66.249.71.60 - - [25/Feb/2016:00:18:12 +0800] "GET /content/repository/resource_content.jsp?oid=2537168 HTTP/1.1" 200 28754
66.249.71.5 - - [25/Feb/2016:00:18:30 +0800] "GET /digiarch3/content/pictures/picture_content.jsp?oid=33554774&classify=2562 HTTP/1.1" 200 27690
66.249.71.60 - - [25/Feb/2016:00:19:07 +0800] "GET /content/repository/resource_content.jsp?oid=1620078 HTTP/1.1" 200 28665
66.249.71.60 - - [25/Feb/2016:00:19:23 +0800] "GET /content/repository/resource_content.jsp?oid=1617733 HTTP/1.1" 200 29195
66.249.74.98 - - [25/Feb/2016:00:19:41 +0800] "GET /digiarch_en/content/repository/resource_content.jsp?oid=1783457&queryString=%E5%88%BA%E5%B0%BE%E9%AD%9A%20%E5%88%BA%E5%B0%BE%E9%AF%9B%E7%A7%91%20%E6%9D%9C%E6%B0%8F%E5%88%BA%E5%B0%BE%E9%AF%9B%20%E7%9C%BC%E7%B4%8B%20%E7%B2%97%E7%9A%AE%E4%BB%94%20%E9%A1%8D%E5%B8%B6 HTTP/1.1" 200 24285
66.249.79.24 - - [25/Feb/2016:00:19:59 +0800] "GET /content/repository/resource_content.jsp?oid=566811&queryString=%E8%AB%AD%E5%96%AE HTTP/1.1" 200 28021
66.249.71.60 - - [25/Feb/2016:00:20:16 +0800] "GET /content/repository/resource_content.jsp?oid=2511934 HTTP/1.1" 200 30165
66.249.71.60 - - [25/Feb/2016:00:20:33 +0800] "GET /content/repository/resource_content.jsp?oid=1534481 HTTP/1.1" 200 28648
66.249.71.60 - - [25/Feb/2016:00:20:51 +0800] "GET /content/repository/resource_content.jsp?oid=4364053 HTTP/1.1" 200 28224
66.249.71.60 - - [25/Feb/2016:00:21:09 +0800] "GET /content/repository/resource_content.jsp?oid=2146852&queryString=%E6%A4%86%E5%B1%AC%20%E6%A4%8D%E7%89%A9%E7%95%8C%20%E6%AE%BC%E6%96%97%E7%A7%91%20%E9%8D%B5%E5%AD%90%E6%AB%9F HTTP/1.1" 200 31215
66.249.71.5 - - [25/Feb/2016:00:21:09 +0800] "GET /digiarch3/content/nav/relationSubject.jsp?relationWords=%E5%8D%97%E6%B4%8B%E9%AF%BD%E4%BB%94+%E5%9C%A8%E4%BE%86%E5%90%B3%E9%83%AD%E9%AD%9A+%E6%85%88%E9%AF%9B%E7%A7%91+%E8%8E%AB%E4%B8%89%E9%BC%BB%E5%8F%A3%E5%AD%B5%E9%AD%9A+%E9%9D%9E%E6%B4%B2%E4%BB%94+&oid=15604 HTTP/1.1" 200 3596
68.180.228.187 - - [25/Feb/2016:00:21:16 +0800] "GET /content/subject/resource_content.jsp?oid=16797271 HTTP/1.1" 200 55170
66.249.71.5 - - [25/Feb/2016:00:21:17 +0800] "GET /digiarch3/content/nav/relationSubject.jsp?relationWords=%E5%8D%97%E6%B4%8B%E9%AF%BD%E4%BB%94%20%E5%9C%A8%E4%BE%86%E5%90%B3%E9%83%AD%E9%AD%9A%20%E6%85%88%E9%AF%9B%E7%A7%91%20%E8%8E%AB%E4%B8%89%E9%BC%BB%E5%8F%A3%E5%AD%B5%E9%AD%9A%20%E9%9D%9E%E6%B4%B2%E4%BB%94%20&oid=15604 HTTP/1.1" 200 3596
66.249.74.98 - - [25/Feb/2016:00:21:27 +0800] "GET /content/repository/resource_content.jsp?oid=1531584 HTTP/1.1" 200 29607
66.249.74.98 - - [25/Feb/2016:00:21:40 +0800] "GET /digiarch_en/content/tmp_auth/resource_content.jsp?oid=16777759&queryString= HTTP/1.1" 200 23378
66.249.71.60 - - [25/Feb/2016:00:21:44 +0800] "GET /content/repository/resource_content.jsp?oid=1621555 HTTP/1.1" 200 28855
66.249.71.60 - - [25/Feb/2016:00:22:02 +0800] "GET /content/repository/resource_content.jsp?oid=4550108&queryString=%E5%8F%B0%E7%81%A3%E6%A4%8E%E5%AF%A6%E8%9E%BA%20%E6%A4%8E%E5%AF%A6%E8%9E%BA%E5%B1%AC%20%E6%A4%8E%E5%AF%A6%E8%9E%BA%E7%A7%91%20%E8%85%B9%E8%B6%B3%E7%B6%B1%20%E8%BB%9F%E9%AB%94%E5%8B%95%E7%89%A9%E9%96%80 HTTP/1.1" 200 30998
66.249.71.155 - - [25/Feb/2016:00:22:20 +0800] "GET /content/repository/resource_content.jsp?oid=15812&queryString=%E7%B5%B2%E4%BB%94%E9%AD%9A%20%E9%9A%86%E9%A0%AD%E9%AD%9A%E7%A7%91%20%E9%9B%99%E6%96%91%E5%B0%96%E5%94%87%E9%AD%9A%20%E9%9B%99%E6%96%91%E9%B8%9A%E9%AF%9B HTTP/1.1" 200 35149
66.249.79.179 - - [25/Feb/2016:00:22:39 +0800] "GET /content/repository/resource_content.jsp?oid=1588698&queryType=qs&queryString=%E8%90%AC%E5%A2%9E HTTP/1.1" 200 28620
66.249.71.113 - - [25/Feb/2016:00:22:55 +0800] "GET /content/repository/resource_content.jsp?oid=2645996&queryType=qs&queryString=%E5%8D%A0%E9%B0%B2 HTTP/1.1" 200 30444
66.249.71.113 - - [25/Feb/2016:00:23:06 +0800] "GET /content/nav/relationSubject.jsp?relationWords=%E7%A6%AE%E9%83%A8+&oid=2653292 HTTP/1.1" 200 3060
66.249.74.61 - - [25/Feb/2016:00:23:08 +0800] "GET /content/nav/relationSubject.jsp?relationWords=%E7%A6%AE%E9%83%A8%20&oid=2653292 HTTP/1.1" 200 3060
66.249.71.113 - - [25/Feb/2016:00:23:13 +0800] "GET /content/repository/resource_content.jsp?oid=2584139&queryType=qs&queryString=%E6%B4%AA%E9%9B%85 HTTP/1.1" 200 29063
157.55.39.93 - - [25/Feb/2016:00:23:28 +0800] "GET /content/subject/resource_content.jsp?oid=16777801&queryType=qc HTTP/1.1" 200 43010
66.249.71.105 - - [25/Feb/2016:00:23:31 +0800] "GET /content/repository/resource_content.jsp?oid=2596339&queryType=qs&queryString=%E5%85%83%E5%AE%B5%E5%A4%9C HTTP/1.1" 200 28894
157.55.39.93 - - [25/Feb/2016:00:23:47 +0800] "GET /content/subject/resource_content.jsp?oid=16777801&queryType=qc HTTP/1.1" 200 43010
66.249.77.97 - - [25/Feb/2016:00:23:48 +0800] "GET /content/repository/resource_content.jsp?oid=15813&queryString=%E4%B9%9D%E6%A3%98%20%E5%8F%B0%E7%81%A3%E4%B9%9D%E5%88%BA%E9%AE%A8%20%E7%9F%B3%E6%96%91%20%E9%81%8E%E9%AD%9A%20%E9%AE%A8%E7%A7%91 HTTP/1.1" 200 35082
66.249.71.60 - - [25/Feb/2016:00:23:53 +0800] "GET /content/nav/relationSubject.jsp?relationWords=%E5%90%88%E4%BD%9C%E7%A4%BE+&oid=1621555 HTTP/1.1" 200 5658
218.161.7.137 - - [25/Feb/2016:00:23:55 +0800] "GET /content/repository/resource_content.jsp?oid=1592777 HTTP/1.1" 200 30266
218.161.7.137 - - [25/Feb/2016:00:23:56 +0800] "GET /content/nav/relationSubject.jsp?relationWords=%E5%85%87%E5%AB%8C+%E6%85%B6%E8%B1%90+%E6%B0%91%E9%98%B2+%E7%B8%A3%E8%AD%B0%E6%9C%83+%E7%BE%A9%E6%B6%88+%E8%AD%A6%E5%AF%9F+%E8%AD%B0%E9%95%B7+%E8%B3%AA%E8%A9%A2+%E9%A0%90%E7%AE%97+&oid=1592777 HTTP/1.1" 200 5931
66.249.71.60 - - [25/Feb/2016:00:23:57 +0800] "GET /content/nav/relationSubject.jsp?relationWords=%E5%90%88%E4%BD%9C%E7%A4%BE%20&oid=1621555 HTTP/1.1" 200 5658
66.249.71.60 - - [25/Feb/2016:00:24:34 +0800] "GET /content/nav/relationSubject.jsp?relationWords=%E8%8B%B1%E6%97%A5%E7%BA%8C%E7%9B%9F%E4%BA%8B+&oid=714385 HTTP/1.1" 200 3082
157.55.39.93 - - [25/Feb/2016:00:24:34 +0800] "GET /content/subject/resource_content.jsp?oid=16777780&queryType=qc HTTP/1.1" 200 33936
66.249.71.60 - - [25/Feb/2016:00:24:37 +0800] "GET /content/nav/relationSubject.jsp?relationWords=%E8%8B%B1%E6%97%A5%E7%BA%8C%E7%9B%9F%E4%BA%8B%20&oid=714385 HTTP/1.1" 200 3082
66.249.71.105 - - [25/Feb/2016:00:24:41 +0800] "GET /content/repository/resource_content.jsp?oid=2612693&queryType=qs&queryString=%E7%94%9F%E7%94%B0 HTTP/1.1" 200 29558
66.249.71.60 - - [25/Feb/2016:00:24:43 +0800] "GET /content/nav/relationSubject.jsp?relationWords=%E5%B7%A5%E7%A8%8B%E8%B2%BB+%E6%B0%91%E6%94%BF%E9%A1%9E+%E8%90%AC%E5%BE%97+%E9%87%8D%E5%8A%83%E5%8D%80+%E9%B9%BF%E6%B8%AF%E9%8E%AE+&oid=1579534 HTTP/1.1" 200 4577
66.249.71.60 - - [25/Feb/2016:00:24:49 +0800] "GET /content/nav/relationSubject.jsp?relationWords=%E5%B7%A5%E7%A8%8B%E8%B2%BB%20%E6%B0%91%E6%94%BF%E9%A1%9E%20%E8%90%AC%E5%BE%97%20%E9%87%8D%E5%8A%83%E5%8D%80%20%E9%B9%BF%E6%B8%AF%E9%8E%AE%20&oid=1579534 HTTP/1.1" 200 4577
157.55.39.93 - - [25/Feb/2016:00:25:17 +0800] "GET /content/subject/resource_content.jsp?oid=16777780&queryType=qc HTTP/1.1" 200 33936
66.249.79.24 - - [25/Feb/2016:00:25:53 +0800] "GET /content/nav/relationSubject.jsp?relationWords=%E8%AB%AD%E5%96%AE+&oid=566811 HTTP/1.1" 200 3058
66.249.77.85 - - [25/Feb/2016:00:25:55 +0800] "GET /content/nav/relationSubject.jsp?relationWords=%E8%AB%AD%E5%96%AE%20&oid=566811 HTTP/1.1" 200 3058
66.249.77.85 - - [25/Feb/2016:00:26:12 +0800] "GET /content/repository/resource_content.jsp?oid=1780007&queryType=qs&queryString=%E9%A6%AC%E5%91%8A HTTP/1.1" 200 31845
219.70.124.4 - - [25/Feb/2016:00:26:30 +0800] "GET /content/nav/relationSubject.jsp?relationWords=%E9%9D%92%E5%89%9B%E6%AB%9F+&oid=16777349 HTTP/1.1" 200 4006
66.249.71.60 - - [25/Feb/2016:00:26:30 +0800] "GET /content/nav/relationSubject.jsp?relationWords=%E4%B8%89%E4%B8%83%E4%BA%94+%E5%88%A9%E6%BD%A4+%E5%9C%B0%E7%A7%9F+%E5%B7%A5%E8%B3%87+%E7%94%9F%E7%94%A2%E6%88%90%E6%9C%AC+%E7%9C%81%E6%94%BF%E5%BA%9C+%E8%8F%B8%E8%91%89+%E8%8F%B8%E9%85%92%E5%85%AC%E8%B3%A3%E5%B1%80+&oid=1617733 HTTP/1.1" 200 4792
66.249.74.98 - - [25/Feb/2016:00:26:32 +0800] "GET /content/nav/relationSubject.jsp?relationWords=%E4%B8%89%E4%B8%83%E4%BA%94%20%E5%88%A9%E6%BD%A4%20%E5%9C%B0%E7%A7%9F%20%E5%B7%A5%E8%B3%87%20%E7%94%9F%E7%94%A2%E6%88%90%E6%9C%AC%20%E7%9C%81%E6%94%BF%E5%BA%9C%20%E8%8F%B8%E8%91%89%20%E8%8F%B8%E9%85%92%E5%85%AC%E8%B3%A3%E5%B1%80%20&oid=1617733 HTTP/1.1" 200 4792
66.249.77.97 - - [25/Feb/2016:00:27:53 +0800] "GET /content/nav/relationSubject.jsp?relationWords=%E4%B9%9D%E6%A3%98+%E4%B9%9D%E6%A3%98%E9%95%B7%E9%B0%AD%E9%B8%9A%E9%AF%9B+%E6%9B%B3%E7%B5%B2%E9%B8%9A%E9%AF%9B+%E7%98%A6%E7%89%99+%E7%A0%82%E9%81%8D%E7%BE%85+%E7%B5%B2%E4%BB%94%E9%AD%9A+%E7%B5%B2%E9%B0%AD%E9%B8%9A%E9%AF%9B+%E8%8D%94%E6%9E%9D%E9%AD%9A+%E8%B2%93%E4%BB%94%E9%AD%9A%E5%A9%86+%E9%9A%86%E9%A0%AD%E9%AD%9A%E7%A7%91+%E9%AB%98%E9%AB%94%E7%9B%94%E9%AD%9A+%E9%BB%83%E9%B6%AF%E9%AD%9A+&oid=15813 HTTP/1.1" 200 4076
66.249.71.60 - - [25/Feb/2016:00:27:56 +0800] "GET /content/repository/resource_content.jsp?oid=1102159 HTTP/1.1" 200 31090
66.249.77.91 - - [25/Feb/2016:00:27:56 +0800] "GET /content/nav/relationSubject.jsp?relationWords=%E4%B9%9D%E6%A3%98%20%E4%B9%9D%E6%A3%98%E9%95%B7%E9%B0%AD%E9%B8%9A%E9%AF%9B%20%E6%9B%B3%E7%B5%B2%E9%B8%9A%E9%AF%9B%20%E7%98%A6%E7%89%99%20%E7%A0%82%E9%81%8D%E7%BE%85%20%E7%B5%B2%E4%BB%94%E9%AD%9A%20%E7%B5%B2%E9%B0%AD%E9%B8%9A%E9%AF%9B%20%E8%8D%94%E6%9E%9D%E9%AD%9A%20%E8%B2%93%E4%BB%94%E9%AD%9A%E5%A9%86%20%E9%9A%86%E9%A0%AD%E9%AD%9A%E7%A7%91%20%E9%AB%98%E9%AB%94%E7%9B%94%E9%AD%9A%20%E9%BB%83%E9%B6%AF%E9%AD%9A%20&oid=15813 HTTP/1.1" 200 4076
66.249.71.60 - - [25/Feb/2016:00:28:14 +0800] "GET /content/repository/resource_content.jsp?oid=1107667&queryString=%E5%A4%A9%E5%90%8D%E7%B2%BE%20%E5%A4%A9%E5%90%8D%E7%B2%BE%E5%B1%AC HTTP/1.1" 200 31246
66.249.71.60 - - [25/Feb/2016:00:28:20 +0800] "GET /content/nav/relationSubject.jsp?relationWords=%E6%A4%86%E5%B1%AC+%E6%A4%8D%E7%89%A9%E7%95%8C+%E6%AE%BC%E6%96%97%E7%A7%91+%E9%8D%B5%E5%AD%90%E6%AB%9F+&oid=2146852 HTTP/1.1" 200 3517
66.249.71.60 - - [25/Feb/2016:00:28:22 +0800] "GET /content/nav/relationSubject.jsp?relationWords=%E6%A4%86%E5%B1%AC%20%E6%A4%8D%E7%89%A9%E7%95%8C%20%E6%AE%BC%E6%96%97%E7%A7%91%20%E9%8D%B5%E5%AD%90%E6%AB%9F%20&oid=2146852 HTTP/1.1" 200 3517
66.249.71.60 - - [25/Feb/2016:00:28:32 +0800] "GET /content/repository/resource_content.jsp?oid=1811107&queryString=%E4%BC%8F%E7%BE%B2%20%E5%A5%B3%E5%AA%A7%20%E6%AD%A6%E6%96%91%E7%A5%A0%20%E6%AD%A6%E6%B0%8F%E7%A5%A0%E5%B7%A6%E7%9F%B3%E5%AE%A4%20%E7%A7%A6%E7%8E%8B%20%E9%9D%88%E7%95%B0 HTTP/1.1" 200 48988
66.249.74.98 - - [25/Feb/2016:00:28:50 +0800] "GET /content/repository/resource_content.jsp?oid=1553170 HTTP/1.1" 200 28469
66.249.71.60 - - [25/Feb/2016:00:28:50 +0800] "GET /content/nav/relationSubject.jsp?relationWords=%E6%B4%BB%E5%A4%BE+&oid=1848861 HTTP/1.1" 200 2963
66.249.71.60 - - [25/Feb/2016:00:28:51 +0800] "GET /content/nav/relationSubject.jsp?relationWords=%E6%B4%BB%E5%A4%BE%20&oid=1848861 HTTP/1.1" 200 2963
66.249.71.113 - - [25/Feb/2016:00:29:07 +0800] "GET /content/repository/resource_content.jsp?oid=4352636&queryType=qs&queryString=%E5%90%8C%E7%89%A9%E7%95%B0%E5%90%8D HTTP/1.1" 200 31182
66.249.71.105 - - [25/Feb/2016:00:29:25 +0800] "GET /content/repository/resource_content.jsp?oid=1560574&queryString=%E6%9F%A5%E6%9F%90 HTTP/1.1" 200 29148
66.249.71.105 - - [25/Feb/2016:00:29:34 +0800] "GET /content/nav/relationSubject.jsp?relationWords=&oid=2584139 HTTP/1.1" 200 1405
66.249.77.85 - - [25/Feb/2016:00:29:43 +0800] "GET /content/repository/resource_content.jsp?oid=3205079&queryString=%E8%81%AF%E5%90%88%E7%9B%AE%E9%8C%84%20%E9%86%AB%E7%99%82%E5%8F%B2%20%E9%88%94%E6%9C%AC%20%E9%BB%83%E5%B8%9D%E5%85%A7%E7%B6%93 HTTP/1.1" 200 29601
66.249.71.60 - - [25/Feb/2016:00:29:49 +0800] "GET /content/nav/relationSubject.jsp?relationWords=%E5%8F%B0%E7%81%A3%E9%9B%B2%E6%9D%89+%E6%9D%BE%E6%9D%89+%E6%9D%BE%E7%A7%91+%E6%A4%8D%E7%89%A9%E7%95%8C+%E6%AF%AC%E6%9E%9C+%E9%9B%B2%E6%9D%89%E5%B1%AC+&oid=2149380 HTTP/1.1" 200 3375
66.249.71.60 - - [25/Feb/2016:00:30:00 +0800] "GET /content/subject/resource_content.jsp?oid=16777335 HTTP/1.1" 200 32413
66.249.77.91 - - [25/Feb/2016:00:30:05 +0800] "GET /content/nav/relationSubject.jsp?relationWords=%E7%95%B0%E8%B6%B3%E7%9B%AE+%E8%85%B9%E8%B6%B3%E7%B6%B1+%E8%86%A8%E9%BC%93%E8%9E%BA+%E8%8A%B1%E9%B6%89%E8%9E%BA+%E9%85%B8%E8%82%89%E8%9E%BA+%E9%B6%89%E8%9E%BA+&oid=523925 HTTP/1.1" 200 3380
219.78.222.226 - - [25/Feb/2016:00:30:17 +0800] "GET /content/nav/relationSubject.jsp?relationWords=%E5%BF%97%E4%BD%B3%E9%99%BD%E6%9D%9C%E9%B5%91+%E6%9D%9C%E9%B5%91+%E6%9D%9C%E9%B5%91%E8%8A%B1+%E7%99%BD%E7%90%89%E7%90%83%E6%9D%9C%E9%B5%91+&oid=16777345 HTTP/1.1" 200 5018
66.249.71.105 - - [25/Feb/2016:00:30:18 +0800] "GET /content/repository/resource_content.jsp?oid=1780842&queryType=qs&queryString=%E8%85%B0%E9%A3%BE HTTP/1.1" 200 29373
66.249.71.173 - - [25/Feb/2016:00:30:35 +0800] "GET /content/nav/relationSubject.jsp?relationWords=%E6%9B%B3%E7%B5%B2%E9%B8%9A%E9%AF%9B+%E7%98%A6%E7%89%99+%E7%A0%82%E9%81%8D%E7%BE%85+%E7%B5%B2%E4%BB%94%E9%AD%9A+%E7%B5%B2%E9%B0%AD%E9%B8%9A%E9%AF%9B+%E8%8D%94%E6%9E%9D%E9%AD%9A+%E8%B2%93%E4%BB%94%E9%AD%9A%E5%A9%86+%E9%9A%86%E9%A0%AD%E9%AD%9A%E7%A7%91+%E9%9A%B1%E7%A7%98%E9%95%B7%E9%B0%AD%E9%B8%9A%E9%AF%9B+%E9%AB%98%E9%AB%94%E7%9B%94%E9%AD%9A+%E9%BB%83%E9%B6%AF%E9%AD%9A+&oid=15812 HTTP/1.1" 200 4041
66.249.71.173 - - [25/Feb/2016:00:30:36 +0800] "GET /content/repository/resource_content.jsp?oid=2660465&queryString=%E7%9F%B3%E7%A2%89%20%E7%BE%8C%E4%BA%BA HTTP/1.1" 200 30175
66.249.71.173 - - [25/Feb/2016:00:30:37 +0800] "GET /content/nav/relationSubject.jsp?relationWords=%E6%9B%B3%E7%B5%B2%E9%B8%9A%E9%AF%9B%20%E7%98%A6%E7%89%99%20%E7%A0%82%E9%81%8D%E7%BE%85%20%E7%B5%B2%E4%BB%94%E9%AD%9A%20%E7%B5%B2%E9%B0%AD%E9%B8%9A%E9%AF%9B%20%E8%8D%94%E6%9E%9D%E9%AD%9A%20%E8%B2%93%E4%BB%94%E9%AD%9A%E5%A9%86%20%E9%9A%86%E9%A0%AD%E9%AD%9A%E7%A7%91%20%E9%9A%B1%E7%A7%98%E9%95%B7%E9%B0%AD%E9%B8%9A%E9%AF%9B%20%E9%AB%98%E9%AB%94%E7%9B%94%E9%AD%9A%20%E9%BB%83%E9%B6%AF%E9%AD%9A%20&oid=15812 HTTP/1.1" 200 4041
66.249.71.105 - - [25/Feb/2016:00:30:53 +0800] "GET /content/repository/resource_content.jsp?oid=1782871&queryType=qs&queryString=%E5%B1%AF%E4%B8%81 HTTP/1.1" 200 32766
66.249.71.105 - - [25/Feb/2016:00:31:03 +0800] "GET /content/nav/relationSubject.jsp?relationWords=&oid=2596339 HTTP/1.1" 200 1405
66.249.74.72 - - [25/Feb/2016:00:31:11 +0800] "GET /digiarch3/content/subject/resource_content.jsp?oid=16777378&queryType=qs&queryString=%E7%A4%BE%E6%9C%83%E7%A7%91%E5%AD%B8 HTTP/1.1" 200 33317
66.249.82.160 - - [25/Feb/2016:00:32:12 +0800] "GET /content/nav/relationSubject.jsp?relationWords=&oid=16777591 HTTP/1.1" 200 1405
66.249.71.5 - - [25/Feb/2016:00:32:22 +0800] "GET /digiarch3/content/repository/resource_content.jsp?oid=1569277&queryType=qs&queryString=%E5%B8%AB%E7%AF%84%E5%AD%B8%E9%99%A2 HTTP/1.1" 200 29344
66.249.71.72 - - [25/Feb/2016:00:32:29 +0800] "GET /content/nav/relationSubject.jsp?relationWords=%E7%9F%B3%E8%9C%91%E8%9E%BA+%E8%85%B9%E8%B6%B3%E7%B6%B1+%E8%9C%91%E8%9E%BA+&oid=523631 HTTP/1.1" 200 3357
66.249.71.72 - - [25/Feb/2016:00:32:31 +0800] "GET /content/nav/relationSubject.jsp?relationWords=%E7%9F%B3%E8%9C%91%E8%9E%BA%20%E8%85%B9%E8%B6%B3%E7%B6%B1%20%E8%9C%91%E8%9E%BA%20&oid=523631 HTTP/1.1" 200 3357
66.249.71.113 - - [25/Feb/2016:00:32:40 +0800] "GET /content/repository/resource_content.jsp?oid=4364292&queryType=qs&queryString=%E8%97%9D%E9%99%A3 HTTP/1.1" 200 28691
66.249.79.27 - - [25/Feb/2016:00:32:41 +0800] "GET /content/nav/relationSubject.jsp?relationWords=&oid=16777771 HTTP/1.1" 200 1405
66.249.71.64 - - [25/Feb/2016:00:33:14 +0800] "GET /content/repository/resource_content.jsp?oid=1598224 HTTP/1.1" 200 28387
66.249.77.97 - - [25/Feb/2016:00:33:14 +0800] "GET /content/nav/relationSubject.jsp?relationWords=&oid=2602297 HTTP/1.1" 200 1405
66.249.71.113 - - [25/Feb/2016:00:33:24 +0800] "GET /content/repository/resource_content.jsp?oid=1774901&queryType=qs&queryString=%E5%BC%93%E8%9F%B2 HTTP/1.1" 200 33110
66.249.71.5 - - [25/Feb/2016:00:33:33 +0800] "GET /digiarch3/content/repository/resource_content.jsp?oid=1522859&queryType=qs&queryString=%E7%85%A4%E7%A4%A6%E5%85%AC%E5%8F%B8 HTTP/1.1" 200 29209
66.249.71.5 - - [25/Feb/2016:00:34:08 +0800] "GET /digiarch3/content/repository/resource_content.jsp?oid=14250&queryType=qs&queryString=%E8%9D%A6%E8%9B%84 HTTP/1.1" 200 33274
42.72.10.212 - - [25/Feb/2016:00:34:17 +0800] "GET /digiarch2/content/repository/resource_content.jsp?queryString=%E7%94%9F%E7%89%A9&oid=4353932&queryType=qc HTTP/1.1" 200 13498
207.46.13.127 - - [25/Feb/2016:00:34:31 +0800] "GET /content/subject/resource_content.jsp?oid=16777838&queryType=qc> HTTP/1.1" 200 59049
66.249.71.105 - - [25/Feb/2016:00:34:36 +0800] "GET /content/nav/relationSubject.jsp?relationWords=%E5%AE%97%E6%95%99%E4%BF%A1%E4%BB%B0+%E9%A6%AC%E8%98%AD%E9%98%BF%E7%BE%8E+&oid=1779895 HTTP/1.1" 200 4925
66.249.74.59 - - [25/Feb/2016:00:34:38 +0800] "GET /content/nav/relationSubject.jsp?relationWords=%E5%AE%97%E6%95%99%E4%BF%A1%E4%BB%B0%20%E9%A6%AC%E8%98%AD%E9%98%BF%E7%BE%8E%20&oid=1779895 HTTP/1.1" 200 4925
66.249.71.5 - - [25/Feb/2016:00:34:43 +0800] "GET /digiarch3/content/repository/resource_content.jsp?oid=4352550&queryType=qs&queryString=%E4%B8%89%E8%A7%92%E7%B4%8B HTTP/1.1" 200 34251
66.249.71.155 - - [25/Feb/2016:00:35:19 +0800] "GET /content/subject/resource_content.jsp?oid=16777476&queryType=qc HTTP/1.1" 200 54267
66.249.71.121 - - [25/Feb/2016:00:35:19 +0800] "GET /content/nav/relationSubject.jsp?relationWords=%E5%A5%91%E7%B4%84%E6%96%87%E6%9B%B8+%E8%B3%A3%E5%A5%91+%E9%81%93%E5%8D%A1%E6%96%AF%E6%97%8F+&oid=1782871 HTTP/1.1" 200 4099
61.230.114.15 - - [25/Feb/2016:00:35:28 +0800] "GET /digiarch2/content/repository/resource_content.jsp?queryString=%E7%94%9F%E7%89%A9&oid=4353932&queryType=qc HTTP/1.1" 200 13498
207.46.13.127 - - [25/Feb/2016:00:35:32 +0800] "GET /content/subject/resource_content.jsp?oid=16777838&queryType=qc> HTTP/1.1" 200 59049
66.249.74.59 - - [25/Feb/2016:00:35:33 +0800] "GET /content/nav/relationSubject.jsp?relationWords=%E5%A5%91%E7%B4%84%E6%96%87%E6%9B%B8%20%E8%B3%A3%E5%A5%91%20%E9%81%93%E5%8D%A1%E6%96%AF%E6%97%8F%20&oid=1782871 HTTP/1.1" 200 4099
66.249.71.60 - - [25/Feb/2016:00:35:37 +0800] "GET /content/nav/relationSubject.jsp?relationWords=&oid=2537168 HTTP/1.1" 200 1405
61.230.114.15 - - [25/Feb/2016:00:35:39 +0800] "GET /digiarch2/content/repository/resource_content.jsp?queryString=%E7%94%9F%E7%89%A9&oid=4353932&queryType=qc HTTP/1.1" 200 13498
66.249.74.98 - - [25/Feb/2016:00:35:54 +0800] "GET /content/tmp_exh/resource_content.jsp?oid=16777720&queryType=qc%201921 HTTP/1.1" 200 27686
66.249.71.155 - - [25/Feb/2016:00:35:55 +0800] "GET /content/nav/relationSubject.jsp?relationWords=%E5%B9%B3%E9%B0%AD%E9%B0%8D%E7%A7%91+%E6%B2%88%E6%B0%8F+%E7%88%AC%E5%B2%A9%E9%B0%8D+%E7%9F%B3%E8%B2%BC%E4%BB%94+&oid=4636727 HTTP/1.1" 200 4352
66.249.71.155 - - [25/Feb/2016:00:35:56 +0800] "GET /content/nav/relationSubject.jsp?relationWords=%E5%B9%B3%E9%B0%AD%E9%B0%8D%E7%A7%91%20%E6%B2%88%E6%B0%8F%20%E7%88%AC%E5%B2%A9%E9%B0%8D%20%E7%9F%B3%E8%B2%BC%E4%BB%94%20&oid=4636727 HTTP/1.1" 200 4352
66.249.71.113 - - [25/Feb/2016:00:36:10 +0800] "GET /content/repository/resource_content.jsp?oid=1125114&queryType=qs&queryString=%E6%B0%B4%E5%AD%97 HTTP/1.1" 200 35311
66.249.74.98 - - [25/Feb/2016:00:36:12 +0800] "GET /content/repository/resource_content.jsp?oid=753539 HTTP/1.1" 200 29075
66.249.71.60 - - [25/Feb/2016:00:36:13 +0800] "GET /content/repository/resource_content.jsp?oid=524052&queryString=%E7%95%B0%E8%B6%B3%E7%9B%AE%20%E8%82%89%E8%9E%BA%20%E8%85%B9%E8%B6%B3%E7%B6%B1%20%E8%86%A8%E9%BC%93%E8%9E%BA%20%E8%8A%B1%E9%B6%89%E8%9E%BA%20%E9%85%B8%E8%82%89%E8%9E%BA%20%E9%B6%89%E8%9E%BA HTTP/1.1" 200 35155
66.249.71.60 - - [25/Feb/2016:00:36:14 +0800] "GET /content/repository/resource_content.jsp?oid=1828202 HTTP/1.1" 200 28633
66.249.74.98 - - [25/Feb/2016:00:36:17 +0800] "GET /content/repository/resource_content.jsp?oid=2147509 HTTP/1.1" 200 30874
66.249.71.60 - - [25/Feb/2016:00:36:20 +0800] "GET /content/repository/resource_content.jsp?oid=2560422 HTTP/1.1" 200 29042
66.249.71.60 - - [25/Feb/2016:00:36:22 +0800] "GET /content/repository/resource_content.jsp?oid=2526918 HTTP/1.1" 200 28654
66.249.74.98 - - [25/Feb/2016:00:36:25 +0800] "GET /content/repository/resource_content.jsp?oid=2575833 HTTP/1.1" 200 28835
66.249.71.60 - - [25/Feb/2016:00:36:28 +0800] "GET /content/repository/resource_content.jsp?oid=1855128 HTTP/1.1" 200 29645
66.249.71.60 - - [25/Feb/2016:00:36:31 +0800] "GET /content/repository/resource_content.jsp?oid=1604227 HTTP/1.1" 200 28796
66.249.71.60 - - [25/Feb/2016:00:36:33 +0800] "GET /content/repository/resource_content.jsp?oid=1834820 HTTP/1.1" 200 29492
66.249.71.60 - - [25/Feb/2016:00:36:36 +0800] "GET /content/repository/resource_content.jsp?oid=1833315 HTTP/1.1" 200 28630
66.249.71.60 - - [25/Feb/2016:00:36:38 +0800] "GET /content/repository/resource_content.jsp?oid=1837775 HTTP/1.1" 200 28388
66.249.71.60 - - [25/Feb/2016:00:36:41 +0800] "GET /content/repository/resource_content.jsp?oid=620186 HTTP/1.1" 200 27920
66.249.71.60 - - [25/Feb/2016:00:36:44 +0800] "GET /content/repository/resource_content.jsp?oid=1833455 HTTP/1.1" 200 28630
66.249.74.98 - - [25/Feb/2016:00:36:47 +0800] "GET /content/repository/resource_content.jsp?oid=2567300 HTTP/1.1" 200 28783
66.249.71.60 - - [25/Feb/2016:00:36:49 +0800] "GET /content/repository/resource_content.jsp?oid=2603307 HTTP/1.1" 200 29357
66.249.71.60 - - [25/Feb/2016:00:36:52 +0800] "GET /content/repository/resource_content.jsp?oid=1859724 HTTP/1.1" 200 29122
66.249.71.60 - - [25/Feb/2016:00:36:54 +0800] "GET /content/repository/resource_content.jsp?oid=1774291 HTTP/1.1" 200 26985
66.249.71.60 - - [25/Feb/2016:00:36:57 +0800] "GET /content/repository/resource_content.jsp?oid=2530431 HTTP/1.1" 200 28704
66.249.71.105 - - [25/Feb/2016:00:36:59 +0800] "GET /content/nav/relationSubject.jsp?relationWords=%E5%8E%9F%E4%BD%8F%E6%B0%91%E9%A3%B2%E9%A3%9F+%E5%8F%B0%E7%81%A3%E5%8E%9F%E4%BD%8F%E6%B0%91+&oid=1778980 HTTP/1.1" 200 4886
66.249.71.60 - - [25/Feb/2016:00:37:01 +0800] "GET /content/repository/resource_content.jsp?oid=2528431 HTTP/1.1" 200 28827
66.249.71.60 - - [25/Feb/2016:00:37:02 +0800] "GET /content/repository/resource_content.jsp?oid=2526683 HTTP/1.1" 200 28737
66.249.74.98 - - [25/Feb/2016:00:37:06 +0800] "GET /content/repository/resource_content.jsp?oid=1819230 HTTP/1.1" 200 28811
66.249.74.98 - - [25/Feb/2016:00:37:08 +0800] "GET /content/repository/resource_content.jsp?oid=2574193 HTTP/1.1" 200 28999
66.249.74.98 - - [25/Feb/2016:00:37:11 +0800] "GET /content/repository/resource_content.jsp?oid=2583876 HTTP/1.1" 200 28751
66.249.71.60 - - [25/Feb/2016:00:37:13 +0800] "GET /content/repository/resource_content.jsp?oid=2584252 HTTP/1.1" 200 29590
66.249.74.98 - - [25/Feb/2016:00:37:16 +0800] "GET /content/repository/resource_content.jsp?oid=2555437 HTTP/1.1" 200 28701
66.249.71.60 - - [25/Feb/2016:00:37:18 +0800] "GET /content/repository/resource_content.jsp?oid=2584491 HTTP/1.1" 200 28547
66.249.71.60 - - [25/Feb/2016:00:37:21 +0800] "GET /content/repository/resource_content.jsp?oid=1579705 HTTP/1.1" 200 28725
66.249.74.98 - - [25/Feb/2016:00:37:23 +0800] "GET /content/repository/resource_content.jsp?oid=2638941 HTTP/1.1" 200 29902
66.249.71.60 - - [25/Feb/2016:00:37:24 +0800] "GET /content/repository/resource_content.jsp?oid=2583226 HTTP/1.1" 200 28878
66.249.74.98 - - [25/Feb/2016:00:37:27 +0800] "GET /content/repository/resource_content.jsp?oid=2584851 HTTP/1.1" 200 28841
66.249.71.60 - - [25/Feb/2016:00:37:29 +0800] "GET /content/repository/resource_content.jsp?oid=1606608 HTTP/1.1" 200 28351
66.249.71.60 - - [25/Feb/2016:00:37:32 +0800] "GET /content/repository/resource_content.jsp?oid=2598362 HTTP/1.1" 200 29051
66.249.71.60 - - [25/Feb/2016:00:37:34 +0800] "GET /content/repository/resource_content.jsp?oid=2559337 HTTP/1.1" 200 28783
109.208.69.240 - - [25/Feb/2016:00:37:35 +0800] "GET /content/repository/resource_content.jsp?oid=1524085 HTTP/1.1" 200 29043
66.249.74.98 - - [25/Feb/2016:00:37:37 +0800] "GET /content/repository/resource_content.jsp?oid=2598467 HTTP/1.1" 200 28978
66.249.71.60 - - [25/Feb/2016:00:37:40 +0800] "GET /content/repository/resource_content.jsp?oid=2557273 HTTP/1.1" 200 28940
66.249.74.98 - - [25/Feb/2016:00:37:41 +0800] "GET /content/tmp_exh/resource_content.jsp?oid=16777763&queryString= HTTP/1.1" 200 31603
66.249.71.60 - - [25/Feb/2016:00:37:43 +0800] "GET /content/repository/resource_content.jsp?oid=2546562 HTTP/1.1" 200 29004
66.249.71.60 - - [25/Feb/2016:00:37:45 +0800] "GET /content/repository/resource_content.jsp?oid=2559085 HTTP/1.1" 200 29152
109.208.69.240 - - [25/Feb/2016:00:37:45 +0800] "GET /content/nav/relationSubject.jsp?relationWords=%E5%AE%89%E5%85%A8%E6%A1%88+%E5%B7%A5%E6%9C%83+%E7%94%A2%E6%A5%AD%E5%B7%A5%E6%9C%83+%E7%9C%81%E6%94%BF%E5%BA%9C+%E8%87%BA%E5%8C%97%E7%B8%A3+%E9%87%91%E7%93%9C%E7%9F%B3+&oid=1524085 HTTP/1.1" 200 4707
66.249.71.60 - - [25/Feb/2016:00:37:48 +0800] "GET /content/repository/resource_content.jsp?oid=757704 HTTP/1.1" 200 29013
66.249.74.72 - - [25/Feb/2016:00:37:51 +0800] "GET /digiarch3/content/pictures/picture_content.jsp?oid=33554636&queryType=qs&queryString=%E8%95%A8%E9%A1%9E%E6%A4%8D%E7%89%A9 HTTP/1.1" 200 27292
66.249.71.105 - - [25/Feb/2016:00:37:51 +0800] "GET /content/nav/relationSubject.jsp?relationWords=%E5%A4%A7%E6%8D%B7%E4%BA%8B+%E6%B5%B7%E5%AF%87+%E8%88%9F%E5%B1%B1+%E9%96%A9%E6%B5%99%E7%B8%BD%E7%9D%A3+&oid=2549003 HTTP/1.1" 200 3243
66.249.71.105 - - [25/Feb/2016:00:37:55 +0800] "GET /content/nav/relationSubject.jsp?relationWords=%E5%A4%A7%E6%8D%B7%E4%BA%8B%20%E6%B5%B7%E5%AF%87%20%E8%88%9F%E5%B1%B1%20%E9%96%A9%E6%B5%99%E7%B8%BD%E7%9D%A3%20&oid=2549003 HTTP/1.1" 200 3243
66.249.71.5 - - [25/Feb/2016:00:37:56 +0800] "GET /digiarch3/content/pictures/picture_content.jsp?oid=33554755&queryType=qs&queryString=%E8%98%AD%E5%B1%AC HTTP/1.1" 200 27585
66.249.71.105 - - [25/Feb/2016:00:37:58 +0800] "GET /content/repository/resource_content.jsp?oid=4588730&queryType=qs&queryString=%E7%8E%84%E6%AD%A6%E5%B2%A9 HTTP/1.1" 200 29295
66.249.71.5 - - [25/Feb/2016:00:37:59 +0800] "GET /digiarch3/content/pictures/picture_content.jsp?oid=33554808 HTTP/1.1" 200 27559
66.249.74.72 - - [25/Feb/2016:00:38:02 +0800] "GET /digiarch3/content/pictures/picture_content.jsp?oid=33554655&queryType=qs&queryString=%E8%98%AD%E5%B1%AC HTTP/1.1" 200 27774
66.249.74.72 - - [25/Feb/2016:00:38:07 +0800] "GET /digiarch3/content/pictures/picture_content.jsp?oid=33554696&queryType=qs&queryString=%E6%83%A0%E8%93%80%E6%9E%97%E5%A0%B4 HTTP/1.1" 200 27719
66.249.71.5 - - [25/Feb/2016:00:38:09 +0800] "GET /digiarch3/content/pictures/picture_content.jsp?oid=33554694&queryType=qs&queryString=%E7%A7%8B%E6%B5%B7%E6%A3%A0%E5%B1%AC HTTP/1.1" 200 27989
66.249.71.105 - - [25/Feb/2016:00:38:12 +0800] "GET /content/repository/resource_content.jsp?oid=1549187&queryType=qs&queryString=%E8%AD%A6%E5%82%99%E7%B8%BD%E5%8F%B8%E4%BB%A4%E9%83%A8 HTTP/1.1" 200 29344
223.139.111.138 - - [25/Feb/2016:00:38:15 +0800] "GET /content/subject/resource_content.jsp?oid=16777345 HTTP/1.1" 200 35034
66.249.74.59 - - [25/Feb/2016:00:38:15 +0800] "GET /content/repository/resource_content.jsp?oid=2679012&queryType=qs&queryString=%E9%95%B7%E6%B8%85 HTTP/1.1" 200 30231
66.249.71.60 - - [25/Feb/2016:00:38:16 +0800] "GET /content/repository/resource_content.jsp?oid=1779327 HTTP/1.1" 200 27180
66.249.71.105 - - [25/Feb/2016:00:38:17 +0800] "GET /content/repository/resource_content.jsp?oid=1834491&queryType=qs&queryString=%E9%BE%8D%E5%BD%A2 HTTP/1.1" 200 33501
223.139.111.138 - - [25/Feb/2016:00:38:18 +0800] "GET /content/nav/relationSubject.jsp?relationWords=%E5%BF%97%E4%BD%B3%E9%99%BD%E6%9D%9C%E9%B5%91+%E6%9D%9C%E9%B5%91+%E6%9D%9C%E9%B5%91%E8%8A%B1+%E7%99%BD%E7%90%89%E7%90%83%E6%9D%9C%E9%B5%91+&oid=16777345 HTTP/1.1" 200 5018
66.249.71.105 - - [25/Feb/2016:00:38:20 +0800] "GET /content/repository/resource_content.jsp?oid=1887452&queryType=qs&queryString=%E7%87%9F%E6%A5%AD%E6%A1%88%E5%85%A7 HTTP/1.1" 200 31078
66.249.71.105 - - [25/Feb/2016:00:38:23 +0800] "GET /content/repository/resource_content.jsp?oid=1173974&queryType=qs&queryString=%E7%90%86%E7%95%AA HTTP/1.1" 200 32342
40.77.167.22 - - [25/Feb/2016:00:38:23 +0800] "GET /content/subject/resource_content.jsp?oid=16777361&queryType=qc HTTP/1.1" 200 31893
66.249.71.105 - - [25/Feb/2016:00:38:25 +0800] "GET /content/repository/resource_content.jsp?oid=2674165&queryType=qs&queryString=%E8%B7%AF%E7%B8%BD%E5%85%B5 HTTP/1.1" 200 29931
42.73.191.222 - - [25/Feb/2016:00:38:25 +0800] "GET /digiarch2/content/repository/resource_content.jsp?queryString=%E7%94%9F%E7%89%A9&oid=4353932&queryType=qc HTTP/1.1" 200 13498
66.249.71.105 - - [25/Feb/2016:00:38:28 +0800] "GET /content/repository/resource_content.jsp?oid=2595631&queryType=qs&queryString=%E5%B0%88%E5%82%99 HTTP/1.1" 200 29312
66.249.71.105 - - [25/Feb/2016:00:38:30 +0800] "GET /content/repository/resource_content.jsp?oid=2639694&queryType=qs&queryString=%E9%8A%85%E4%BB%81%E7%B8%A3 HTTP/1.1" 200 30153
66.249.71.105 - - [25/Feb/2016:00:38:33 +0800] "GET /content/repository/resource_content.jsp?oid=2517778&queryType=qs&queryString=%E5%AF%A7%E5%9C%8B%E5%BA%9C HTTP/1.1" 200 30143
66.249.74.59 - - [25/Feb/2016:00:38:36 +0800] "GET /content/repository/resource_content.jsp?oid=2520733&queryType=qs&queryString=%E6%95%A3%E8%B3%91 HTTP/1.1" 200 29975
40.77.167.22 - - [25/Feb/2016:00:38:37 +0800] "GET /content/subject/resource_content.jsp?oid=16777361&queryType=qc HTTP/1.1" 200 31893
66.249.71.105 - - [25/Feb/2016:00:38:38 +0800] "GET /content/repository/resource_content.jsp?oid=2517499&queryType=qs&queryString=%E9%AB%98%E7%88%BE HTTP/1.1" 200 29790
66.249.74.59 - - [25/Feb/2016:00:38:41 +0800] "GET /content/repository/resource_content.jsp?oid=2602280&queryType=qs&queryString=%E4%BC%8A%E7%A7%89%E7%B6%AC HTTP/1.1" 200 29184
66.249.74.59 - - [25/Feb/2016:00:38:44 +0800] "GET /content/repository/resource_content.jsp?oid=2641806&queryType=qs&queryString=%E6%B0%B8%E9%99%B5 HTTP/1.1" 200 30315
66.249.71.105 - - [25/Feb/2016:00:38:46 +0800] "GET /content/repository/resource_content.jsp?oid=2642273&queryType=qs&queryString=%E4%BB%81%E5%92%8C%E7%B8%A3 HTTP/1.1" 200 29880
66.249.71.105 - - [25/Feb/2016:00:38:49 +0800] "GET /content/repository/resource_content.jsp?oid=2521943&queryType=qs&queryString=%E8%B1%AB%E6%9D%B1 HTTP/1.1" 200 30098
66.249.74.59 - - [25/Feb/2016:00:38:53 +0800] "GET /content/repository/resource_content.jsp?oid=2521616&queryType=qs&queryString=%E5%B0%91%E5%8D%BF HTTP/1.1" 200 30435
