66.249.71.60 - - [22/Feb/2016:03:24:35 +0800] "GET /content/nav/relationSubject.jsp?relationWords=%E6%A4%8D%E7%89%A9%E7%95%8C%20%E7%89%9B%E7%9A%AE%E6%B6%88%E5%B1%AC%20%E8%98%AD%E5%B6%BC%E7%89%9B%E7%9A%AE%E6%B6%88%20%E8%98%AD%E5%B6%BC%E7%99%BD%E8%96%87%20%E8%98%BF%E8%97%A6%E7%A7%91%20%E9%BE%8D%E8%86%BD%20&oid=1457767 HTTP/1.1" 200 3674
66.249.71.60 - - [22/Feb/2016:03:24:46 +0800] "GET /content/subject/resource_content.jsp?oid=16777745&queryType=qc HTTP/1.1" 200 35935
66.249.79.27 - - [22/Feb/2016:03:25:31 +0800] "GET /content/subject/resource_content.jsp?oid=16777640&queryString=%E6%9E%97%E7%8D%BB%E5%A0%82%20%E7%81%8C%E5%9C%92%E5%85%88%E7%94%9F%20%E9%9C%A7%E5%B3%B0 HTTP/1.1" 200 61915
66.249.71.60 - - [22/Feb/2016:03:26:15 +0800] "GET /content/subject/resource_content.jsp?oid=16777493&queryType=qs&queryString=%E9%82%8A%E5%9D%A1 HTTP/1.1" 200 48274
66.249.71.5 - - [22/Feb/2016:03:26:35 +0800] "GET /digiarch3/content/nav/relationSubject.jsp?relationWords=%E5%B1%B1%E7%99%BD%E8%98%AD+%E6%A4%8D%E7%89%A9%E7%95%8C+%E7%99%BD%E8%98%AD+%E7%B4%AB%E8%8F%80+%E7%B4%AB%E8%8F%80%E5%B1%AC+%E7%B5%A8%E5%B1%B1%E7%99%BD%E8%98%AD+%E8%8F%8A%E7%A7%91+%E9%9B%99%E5%AD%90%E8%91%89+%E9%9B%99%E5%AD%90%E8%91%89%E6%A4%8D%E7%89%A9+&oid=1101091 HTTP/1.1" 200 3559
66.249.74.72 - - [22/Feb/2016:03:26:40 +0800] "GET /digiarch3/content/nav/relationSubject.jsp?relationWords=%E5%B1%B1%E7%99%BD%E8%98%AD%20%E6%A4%8D%E7%89%A9%E7%95%8C%20%E7%99%BD%E8%98%AD%20%E7%B4%AB%E8%8F%80%20%E7%B4%AB%E8%8F%80%E5%B1%AC%20%E7%B5%A8%E5%B1%B1%E7%99%BD%E8%98%AD%20%E8%8F%8A%E7%A7%91%20%E9%9B%99%E5%AD%90%E8%91%89%20%E9%9B%99%E5%AD%90%E8%91%89%E6%A4%8D%E7%89%A9%20&oid=1101091 HTTP/1.1" 200 3559
66.249.71.60 - - [22/Feb/2016:03:27:00 +0800] "GET /content/subject/resource_content.jsp?oid=16777350&queryType=qs&queryString=%E9%87%91%E8%9E%8D HTTP/1.1" 200 36176
66.249.71.50 - - [22/Feb/2016:03:27:46 +0800] "GET /content/repository/resource_content.jsp?oid=1542879&queryType=qs&queryString=%E6%B0%B4%E8%B3%87%E6%BA%90 HTTP/1.1" 200 29032
40.77.167.77 - - [22/Feb/2016:03:28:22 +0800] "GET /digiarch_en/content/repository/resource_content.jsp?oid=2470607&queryString=%E9%96%8B%E4%B8%AD HTTP/1.1" 200 23910
66.249.71.60 - - [22/Feb/2016:03:28:29 +0800] "GET /content/repository/resource_content.jsp?oid=2657116 HTTP/1.1" 200 29814
66.249.71.60 - - [22/Feb/2016:03:29:14 +0800] "GET /content/repository/resource_content.jsp?oid=1898222 HTTP/1.1" 200 28988
1.164.101.162 - - [22/Feb/2016:03:29:57 +0800] "GET /content/repository/resource_content.jsp?oid=2638596&queryType=qs&queryString=%E5%AF%A9%E6%93%AC%E7%8E%8B HTTP/1.1" 200 30118
66.249.71.60 - - [22/Feb/2016:03:29:58 +0800] "GET /content/repository/resource_content.jsp?oid=523962&queryString=%E8%85%B9%E8%B6%B3%E7%B6%B1%20%E8%8D%89%E8%93%86%E9%90%98%E8%9E%BA%20%E9%90%98%E8%9E%BA%E7%A7%91 HTTP/1.1" 200 35796
1.164.101.162 - - [22/Feb/2016:03:29:59 +0800] "GET /content/nav/relationSubject.jsp?relationWords=%E5%88%91%E9%83%A8+%E5%AF%A9%E6%93%AC%E7%8E%8B+%E9%95%B7%E5%BA%9A+&oid=2638596 HTTP/1.1" 200 3180
66.249.71.60 - - [22/Feb/2016:03:30:43 +0800] "GET /content/repository/resource_content.jsp?oid=1895917 HTTP/1.1" 200 29826
66.249.74.98 - - [22/Feb/2016:03:31:28 +0800] "GET /content/repository/resource_content.jsp?oid=2633777&queryString=%E4%B8%81%E5%8D%AF%20%E6%8B%93%E7%89%87%20%E7%94%B2%E9%AA%A8%20%E7%94%B2%E9%AA%A8%E6%96%87 HTTP/1.1" 200 30044
66.249.71.60 - - [22/Feb/2016:03:32:12 +0800] "GET /content/repository/resource_content.jsp?oid=2618412&queryString=%E7%9D%A3%E5%AF%9F%20%E8%A1%A1%E5%B7%9E HTTP/1.1" 200 29613
66.249.71.60 - - [22/Feb/2016:03:32:18 +0800] "GET /content/nav/relationSubject.jsp?relationWords=%E5%9C%96%E9%9B%86%E5%90%8D+%E5%A4%A7%E5%AE%89%E6%BA%AA+&oid=173432 HTTP/1.1" 200 9063
66.249.74.98 - - [22/Feb/2016:03:32:21 +0800] "GET /content/nav/relationSubject.jsp?relationWords=%E5%9C%96%E9%9B%86%E5%90%8D%20%E5%A4%A7%E5%AE%89%E6%BA%AA%20&oid=173432 HTTP/1.1" 200 9063
66.249.71.60 - - [22/Feb/2016:03:33:00 +0800] "GET /content/repository/resource_content.jsp?oid=3821816&queryString=%E5%88%BA%E8%8A%B1%E6%87%B8%E9%89%A4%E5%AD%90%20%E6%87%B8%E9%89%A4%E5%AD%90%E5%B1%AC%20%E6%A4%8D%E7%89%A9%E7%95%8C%20%E8%96%94%E8%96%87%E7%9B%AE%20%E8%96%94%E8%96%87%E7%A7%91 HTTP/1.1" 200 31590
66.249.71.60 - - [22/Feb/2016:03:33:14 +0800] "GET /content/nav/relationSubject.jsp?relationWords=%E4%B8%AD%E5%A3%A2+%E4%B8%AD%E5%A3%A2%E9%8E%AE+%E8%8E%8A%E7%91%9E%E6%81%AD+%E8%91%89%E5%AF%92%E9%9D%92+%E9%83%AD%E5%9C%8B%E5%9F%BA+%E9%99%B8%E8%BB%8D%E7%B8%BD%E5%8F%B8%E4%BB%A4%E9%83%A8+%E9%BB%83%E9%81%8B%E9%87%91+&oid=1522324 HTTP/1.1" 200 6247
66.249.71.60 - - [22/Feb/2016:03:33:41 +0800] "GET /content/repository/resource_content.jsp?oid=4387940&queryString=%E5%8F%A4%E8%AC%A0%20%E5%A5%BD%E8%8C%B6%20%E7%A5%AD%E5%84%80%20%E8%B1%90%E5%B9%B4%E7%A5%AD%20%E9%AD%AF%E5%87%B1%20%E9%AD%AF%E5%87%B1%E6%97%8F HTTP/1.1" 200 32129
66.249.71.5 - - [22/Feb/2016:03:33:46 +0800] "GET /digiarch3/content/nav/relationSubject.jsp?relationWords=&oid=4363052 HTTP/1.1" 200 1405
66.249.71.60 - - [22/Feb/2016:03:34:20 +0800] "GET /content/tmp_tec/resource_content.jsp?oid=16777736 HTTP/1.1" 200 36881
68.180.230.178 - - [22/Feb/2016:03:34:26 +0800] "GET /content/subject/resource_content.jsp?oid=16797281&queryType=qc HTTP/1.1" 200 52953
66.249.71.60 - - [22/Feb/2016:03:34:26 +0800] "GET /content/repository/resource_content.jsp?oid=1634132 HTTP/1.1" 200 29153
66.249.71.60 - - [22/Feb/2016:03:34:28 +0800] "GET /content/tmp_tec/resource_content.jsp?oid=16777736 HTTP/1.1" 200 36881
157.55.39.118 - - [22/Feb/2016:03:34:39 +0800] "GET /content/repository/resource_content.jsp?oid=1517512 HTTP/1.1" 200 29438
66.249.71.60 - - [22/Feb/2016:03:34:55 +0800] "GET /content/nav/relationSubject.jsp?relationWords=%E8%85%B9%E8%B6%B3%E7%B6%B1+%E8%8D%89%E8%93%86%E9%90%98%E8%9E%BA+%E9%90%98%E8%9E%BA%E7%A7%91+&oid=523962 HTTP/1.1" 200 3289
66.249.71.60 - - [22/Feb/2016:03:34:57 +0800] "GET /content/nav/relationSubject.jsp?relationWords=%E8%85%B9%E8%B6%B3%E7%B6%B1%20%E8%8D%89%E8%93%86%E9%90%98%E8%9E%BA%20%E9%90%98%E8%9E%BA%E7%A7%91%20&oid=523962 HTTP/1.1" 200 3289
66.249.71.60 - - [22/Feb/2016:03:35:11 +0800] "GET /content/repository/resource_content.jsp?oid=2635362 HTTP/1.1" 200 30323
66.249.71.60 - - [22/Feb/2016:03:35:56 +0800] "GET /content/repository/resource_content.jsp?oid=175294&queryString=%E4%B8%AD%E5%9C%8B%E5%A4%A7%E9%99%B8%E5%9C%B0%E5%9C%96%20%E6%BE%A0%E6%B1%A0%E7%B8%A3 HTTP/1.1" 200 30337
66.249.71.60 - - [22/Feb/2016:03:36:40 +0800] "GET /content/repository/resource_content.jsp?oid=1636810 HTTP/1.1" 200 31025
66.249.71.60 - - [22/Feb/2016:03:37:10 +0800] "GET /content/nav/relationSubject.jsp?relationWords=%E5%85%AC%E5%8B%99%E5%93%A1+%E5%B1%A5%E6%AD%B7%E8%A1%A8+%E6%9E%97%E7%B9%BC%E5%85%89+%E7%B0%A1%E4%BB%BB+%E8%87%BA%E7%81%A3%E7%9C%81+%E8%87%BA%E7%81%A3%E7%9C%81%E8%AD%B0%E6%9C%83+%E9%8A%93%E6%95%98+%E9%8A%93%E6%95%98%E9%83%A8+%E9%95%B7%E7%9F%B3+&oid=1895917 HTTP/1.1" 200 4728
66.249.74.98 - - [22/Feb/2016:03:37:12 +0800] "GET /content/nav/relationSubject.jsp?relationWords=%E5%85%AC%E5%8B%99%E5%93%A1%20%E5%B1%A5%E6%AD%B7%E8%A1%A8%20%E6%9E%97%E7%B9%BC%E5%85%89%20%E7%B0%A1%E4%BB%BB%20%E8%87%BA%E7%81%A3%E7%9C%81%20%E8%87%BA%E7%81%A3%E7%9C%81%E8%AD%B0%E6%9C%83%20%E9%8A%93%E6%95%98%20%E9%8A%93%E6%95%98%E9%83%A8%20%E9%95%B7%E7%9F%B3%20&oid=1895917 HTTP/1.1" 200 4728
66.249.74.98 - - [22/Feb/2016:03:37:25 +0800] "GET /content/repository/resource_content.jsp?oid=2150056 HTTP/1.1" 200 30938
66.249.71.60 - - [22/Feb/2016:03:37:59 +0800] "GET /content/nav/relationSubject.jsp?relationWords=%E5%8F%83%E9%A0%98+%E8%AD%B7%E8%BB%8D+%E9%91%B2%E7%99%BD%E6%97%97+&oid=2657116 HTTP/1.1" 200 3193
66.249.71.60 - - [22/Feb/2016:03:38:01 +0800] "GET /content/nav/relationSubject.jsp?relationWords=%E5%8F%83%E9%A0%98%20%E8%AD%B7%E8%BB%8D%20%E9%91%B2%E7%99%BD%E6%97%97%20&oid=2657116 HTTP/1.1" 200 3193
66.249.71.60 - - [22/Feb/2016:03:38:09 +0800] "GET /content/repository/resource_content.jsp?oid=220223 HTTP/1.1" 200 30175
66.249.71.60 - - [22/Feb/2016:03:38:54 +0800] "GET /content/repository/resource_content.jsp?oid=187450 HTTP/1.1" 200 30481
66.249.71.60 - - [22/Feb/2016:03:39:38 +0800] "GET /content/subject/resource_content.jsp?oid=16777457&queryType=qs&queryString=%E5%85%A7%E6%94%BF%E9%83%A8 HTTP/1.1" 200 29651
66.249.74.98 - - [22/Feb/2016:03:40:24 +0800] "GET /content/repository/resource_content.jsp?oid=4353495&queryString=%E8%B5%A4%E7%9F%B3%E6%96%91%E9%AD%9A HTTP/1.1" 200 35023
66.249.74.98 - - [22/Feb/2016:03:41:09 +0800] "GET /content/repository/resource_content.jsp?oid=1782943&queryString=%E6%B3%B0%E9%9B%85%E6%97%8F%20%E7%85%99%E6%96%97 HTTP/1.1" 200 28829
66.249.71.60 - - [22/Feb/2016:03:41:52 +0800] "GET /content/repository/resource_content.jsp?oid=4551105&queryString=%E8%B2%9D%E5%8D%A1%20%E8%BB%9F%E9%AB%94%E5%8B%95%E7%89%A9%E9%96%80%20%E9%8E%96%E7%AE%A1%20%E9%8E%96%E7%AE%A1%E7%A7%91%20%E9%A0%AD%E8%B6%B3%E7%B6%B1 HTTP/1.1" 200 30467
66.249.71.60 - - [22/Feb/2016:03:41:53 +0800] "GET /content/nav/relationSubject.jsp?relationWords=%E5%85%AB%E5%BA%9C+%E5%B7%A5%E7%A8%8B%E8%B2%BB+%E8%87%AA%E4%BE%86%E6%B0%B4+%E8%87%BA%E5%8C%97%E7%B8%A3+%E9%A0%90%E7%AE%97+&oid=1634132 HTTP/1.1" 200 5830
66.249.71.60 - - [22/Feb/2016:03:41:55 +0800] "GET /content/nav/relationSubject.jsp?relationWords=%E5%85%AB%E5%BA%9C%20%E5%B7%A5%E7%A8%8B%E8%B2%BB%20%E8%87%AA%E4%BE%86%E6%B0%B4%20%E8%87%BA%E5%8C%97%E7%B8%A3%20%E9%A0%90%E7%AE%97%20&oid=1634132 HTTP/1.1" 200 5830
66.249.71.60 - - [22/Feb/2016:03:42:37 +0800] "GET /content/repository/resource_content.jsp?oid=2674546 HTTP/1.1" 200 30024
66.249.71.60 - - [22/Feb/2016:03:42:38 +0800] "GET /content/nav/relationSubject.jsp?relationWords=%E4%B8%89%E5%BA%9C%E6%95%99+%E5%81%A5%E5%BA%B7%E6%A1%88+%E6%83%A1%E6%80%A7%E8%A3%9C%E7%BF%92+&oid=1567223 HTTP/1.1" 200 4005
66.249.74.98 - - [22/Feb/2016:03:42:41 +0800] "GET /content/nav/relationSubject.jsp?relationWords=%E4%B8%89%E5%BA%9C%E6%95%99%20%E5%81%A5%E5%BA%B7%E6%A1%88%20%E6%83%A1%E6%80%A7%E8%A3%9C%E7%BF%92%20&oid=1567223 HTTP/1.1" 200 4005
114.39.24.22 - - [22/Feb/2016:03:42:47 +0800] "GET /content/nav/relationSubject.jsp?relationWords=%E8%A5%BF%E6%8B%89%E9%9B%85+%E8%A5%BF%E6%8B%89%E9%9B%85%E5%A4%9C%E7%A5%AD+&oid=16777249 HTTP/1.1" 200 3533
66.249.71.60 - - [22/Feb/2016:03:43:21 +0800] "GET /content/repository/resource_content.jsp?oid=4352538&queryString=%E6%A3%98%E8%B5%A4%20%E7%B4%85%E7%B0%BE%E9%AD%9A%20%E8%B5%A4%E5%88%80%E9%AD%9A HTTP/1.1" 200 34459
114.39.24.22 - - [22/Feb/2016:03:43:49 +0800] "GET /content/nav/relationSubject.jsp?relationWords=%E8%A5%BF%E6%8B%89%E9%9B%85+%E8%A5%BF%E6%8B%89%E9%9B%85%E5%A4%9C%E7%A5%AD+&oid=16777249 HTTP/1.1" 200 3533
66.249.71.60 - - [22/Feb/2016:03:44:06 +0800] "GET /content/repository/resource_content.jsp?oid=1884648 HTTP/1.1" 200 30228
114.39.24.22 - - [22/Feb/2016:03:44:09 +0800] "GET /content/nav/relationSubject.jsp?relationWords=%E8%A5%BF%E6%8B%89%E9%9B%85+%E8%A5%BF%E6%8B%89%E9%9B%85%E5%A4%9C%E7%A5%AD+&oid=16777249 HTTP/1.1" 200 3533
114.39.24.22 - - [22/Feb/2016:03:44:25 +0800] "GET /content/nav/relationSubject.jsp?relationWords=%E8%A5%BF%E6%8B%89%E9%9B%85+%E8%A5%BF%E6%8B%89%E9%9B%85%E5%A4%9C%E7%A5%AD+&oid=16777249 HTTP/1.1" 200 3533
114.39.24.22 - - [22/Feb/2016:03:44:39 +0800] "GET /content/nav/relationSubject.jsp?relationWords=%E8%A5%BF%E6%8B%89%E9%9B%85+%E8%A5%BF%E6%8B%89%E9%9B%85%E5%A4%9C%E7%A5%AD+&oid=16777249 HTTP/1.1" 200 3533
66.249.71.60 - - [22/Feb/2016:03:44:51 +0800] "GET /content/repository/resource_content.jsp?oid=1816178 HTTP/1.1" 200 29768
114.39.24.22 - - [22/Feb/2016:03:44:57 +0800] "GET /content/nav/relationSubject.jsp?relationWords=%E8%A5%BF%E6%8B%89%E9%9B%85+%E8%A5%BF%E6%8B%89%E9%9B%85%E5%A4%9C%E7%A5%AD+&oid=16777249 HTTP/1.1" 200 3533
66.249.79.30 - - [22/Feb/2016:03:45:36 +0800] "GET /content/subject/resource_content.jsp?oid=16777308&queryString=%E5%9D%AA%E6%9E%97%E7%A7%8B%E6%B5%B7%E6%A3%A0%20%E7%A7%8B%E6%B5%B7%E6%A3%A0 HTTP/1.1" 200 28123
66.249.71.60 - - [22/Feb/2016:03:47:50 +0800] "GET /content/subject/resource_content.jsp?oid=16777423 HTTP/1.1" 200 39714
66.249.71.60 - - [22/Feb/2016:03:48:34 +0800] "GET /content/subject/resource_content.jsp?oid=16797340&queryType=qc HTTP/1.1" 200 63037
40.77.167.77 - - [22/Feb/2016:03:48:39 +0800] "GET /content/repository/resource_content.jsp?oid=1107592 HTTP/1.1" 200 31037
157.55.39.212 - - [22/Feb/2016:03:48:58 +0800] "GET /content/nav/relationSubject.jsp?relationWords=%E5%85%AD%E9%81%93%E6%9C%A8%E5%B1%AC+%E5%BF%8D%E5%86%AC%E7%A7%91+%E6%A4%8D%E7%89%A9%E7%95%8C+%E8%87%BA%E7%81%A3%E7%B3%AF%E7%B1%B3%E6%A2%9D+&oid=1107592 HTTP/1.1" 200 3522
66.249.71.60 - - [22/Feb/2016:03:49:02 +0800] "GET /content/nav/relationSubject.jsp?relationWords=%E5%90%8F%E9%83%A8+%E5%A4%A7%E5%AD%B8%E5%A3%AB+%E6%81%AD%E8%AC%9D%E5%A4%A9%E6%81%A9+%E8%91%A3%E8%AA%A5+&oid=2635362 HTTP/1.1" 200 3251
66.249.71.60 - - [22/Feb/2016:03:49:08 +0800] "GET /content/nav/relationSubject.jsp?relationWords=%E5%90%8F%E9%83%A8%20%E5%A4%A7%E5%AD%B8%E5%A3%AB%20%E6%81%AD%E8%AC%9D%E5%A4%A9%E6%81%A9%20%E8%91%A3%E8%AA%A5%20&oid=2635362 HTTP/1.1" 200 3251
51.255.65.23 - - [22/Feb/2016:03:50:58 +0800] "GET /content/subject/resource_content.jsp?oid=16777837&queryType=qc HTTP/1.1" 200 37531
66.249.71.60 - - [22/Feb/2016:03:51:03 +0800] "GET /content/nav/relationSubject.jsp?relationWords=%E5%8D%B0%E5%BA%A6%E6%A3%98%E8%B5%A4%E5%88%80%E9%AD%9A+%E7%B4%85%E7%B0%BE%E9%AD%9A+%E8%B5%A4%E5%88%80%E9%AD%9A+&oid=4352538 HTTP/1.1" 200 3486
66.249.71.60 - - [22/Feb/2016:03:51:05 +0800] "GET /content/nav/relationSubject.jsp?relationWords=%E5%8D%B0%E5%BA%A6%E6%A3%98%E8%B5%A4%E5%88%80%E9%AD%9A%20%E7%B4%85%E7%B0%BE%E9%AD%9A%20%E8%B5%A4%E5%88%80%E9%AD%9A%20&oid=4352538 HTTP/1.1" 200 3486
66.249.71.60 - - [22/Feb/2016:03:51:29 +0800] "GET /content/subject/resource_content.jsp?oid=16777839&queryType=qc%3E HTTP/1.1" 200 27193
66.249.71.60 - - [22/Feb/2016:03:52:17 +0800] "GET /content/tmp_tec/resource_content.jsp?oid=16777728&queryString= HTTP/1.1" 200 58613
66.249.71.60 - - [22/Feb/2016:03:52:51 +0800] "GET /content/nav/relationSubject.jsp?relationWords=%E8%85%B9%E8%B6%B3%E7%B6%B1+%E8%A0%91%E8%9E%BA+%E8%A0%91%E8%9E%BA%E7%A7%91+%E8%B2%93%E7%9C%BC%E8%A0%91%E8%9E%BA+&oid=1636810 HTTP/1.1" 200 3384
66.249.71.60 - - [22/Feb/2016:03:53:46 +0800] "GET /content/tmp_exh/resource_content.jsp?oid=16777852&queryType=qc HTTP/1.1" 200 67305
66.249.74.98 - - [22/Feb/2016:03:56:01 +0800] "GET /content/repository/resource_content.jsp?oid=14297&queryString=%E5%B7%A8%E6%96%91%E8%8A%B1%E8%9B%87%E9%B0%BB%20%E8%9B%87%E9%B0%BB%E7%A7%91 HTTP/1.1" 200 33972
66.249.71.60 - - [22/Feb/2016:03:56:45 +0800] "GET /content/subject/resource_content.jsp?oid=16777265&queryType=qs&queryString=%E6%A1%82%E8%8A%B1 HTTP/1.1" 200 36505
66.249.71.60 - - [22/Feb/2016:03:57:16 +0800] "GET /digiarch_en/content/nav/relationSubject.jsp?relationWords=%E7%A5%AD%E5%84%80%20%E9%9D%92%E5%B0%91%E5%B9%B4%20&oid=4739234 HTTP/1.1" 200 4057
66.249.71.60 - - [22/Feb/2016:03:57:30 +0800] "GET /content/subject/resource_content.jsp?oid=16777814&queryType=qs&queryString=%E6%8D%B7%E9%81%8B HTTP/1.1" 200 30897
66.249.71.60 - - [22/Feb/2016:03:58:14 +0800] "GET /content/subject/resource_content.jsp?oid=16777699&queryString=%E5%9C%B0%E5%9D%80%20%E7%9C%81%E8%AD%B0%E6%9C%83%20%E8%87%A8%E6%99%82%E7%9C%81%E8%AD%B0%E6%9C%83%20%E8%87%BA%E5%8C%97%E9%83%B5%E6%94%BF%E5%B1%80 HTTP/1.1" 200 54204
66.249.71.59 - - [22/Feb/2016:03:58:16 +0800] "GET /content/subject/resource_content.jsp?oid=16777839&queryType=qc%3E HTTP/1.1" 200 27197
66.249.74.98 - - [22/Feb/2016:03:58:50 +0800] "GET /content/nav/relationSubject.jsp?relationWords=&oid=16777265 HTTP/1.1" 200 1405
66.249.71.60 - - [22/Feb/2016:03:58:59 +0800] "GET /content/subject/resource_content.jsp?oid=16777307&queryType=qs&queryString=%E9%9B%9C%E4%BA%A4%E7%A8%AE HTTP/1.1" 200 37130
68.180.228.24 - - [22/Feb/2016:03:59:26 +0800] "GET /content/repository/resource_content.jsp?oid=523339&queryType=qc HTTP/1.1" 200 36998
66.249.71.60 - - [22/Feb/2016:03:59:43 +0800] "GET /content/repository/resource_content.jsp?oid=2687586 HTTP/1.1" 200 29994
66.249.71.50 - - [22/Feb/2016:04:00:28 +0800] "GET /content/subject/resource_content.jsp?oid=16777368&queryType=qc HTTP/1.1" 200 31935
66.249.71.60 - - [22/Feb/2016:04:00:29 +0800] "GET /content/repository/resource_content.jsp?oid=216806&queryString=%E4%B8%AD%E5%9C%8B%E5%A4%A7%E9%99%B8%E5%9C%B0%E5%9C%96%20%E6%B4%BE%E6%BD%AD%E5%A2%9F HTTP/1.1" 200 30834
66.249.71.60 - - [22/Feb/2016:04:01:13 +0800] "GET /content/repository/resource_content.jsp?oid=1778480&queryString=%E5%8F%B0%E7%81%A3%E5%8F%B2%20%E6%8B%94%E9%BD%92 HTTP/1.1" 200 31790
66.249.71.60 - - [22/Feb/2016:04:01:57 +0800] "GET /content/repository/resource_content.jsp?oid=2605303 HTTP/1.1" 200 29253
66.249.71.105 - - [22/Feb/2016:04:02:18 +0800] "GET /content/nav/relationSubject.jsp?relationWords=%E6%AD%A6%E6%96%91%E7%A5%A0+%E6%AD%A6%E6%B0%8F%E7%A5%A0%E5%B7%A6%E7%9F%B3%E5%AE%A4+&oid=1812781 HTTP/1.1" 200 3848
66.249.71.121 - - [22/Feb/2016:04:02:19 +0800] "GET /content/nav/relationSubject.jsp?relationWords=%E6%AD%A6%E6%96%91%E7%A5%A0%20%E6%AD%A6%E6%B0%8F%E7%A5%A0%E5%B7%A6%E7%9F%B3%E5%AE%A4%20&oid=1812781 HTTP/1.1" 200 3848
68.180.228.24 - - [22/Feb/2016:04:02:31 +0800] "GET /content/subject/resource_content.jsp?oid=16777446&queryString= HTTP/1.1" 200 42187
66.249.74.98 - - [22/Feb/2016:04:02:42 +0800] "GET /content/repository/resource_content.jsp?oid=1778346 HTTP/1.1" 200 30875
66.249.71.60 - - [22/Feb/2016:04:03:26 +0800] "GET /content/subject/resource_content.jsp?oid=16777519&queryType=qs&queryString=%E7%86%B1%E5%B8%B6%E5%9C%B0%E5%8D%80 HTTP/1.1" 200 35999
66.249.74.98 - - [22/Feb/2016:04:04:12 +0800] "GET /content/repository/resource_content.jsp?oid=1843199 HTTP/1.1" 200 29563
66.249.74.98 - - [22/Feb/2016:04:04:50 +0800] "GET /content/nav/relationSubject.jsp?relationWords=&oid=1575719 HTTP/1.1" 200 1405
66.249.71.60 - - [22/Feb/2016:04:04:56 +0800] "GET /content/repository/resource_content.jsp?oid=25612 HTTP/1.1" 200 29100
66.249.71.60 - - [22/Feb/2016:04:05:40 +0800] "GET /content/repository/resource_content.jsp?oid=1895074 HTTP/1.1" 200 28513
157.55.39.217 - - [22/Feb/2016:04:06:13 +0800] "GET /content/repository/resource_content.jsp?oid=4588508&queryType=qs&queryString=%E9%98%B2%E7%A9%BA%E5%A3%95 HTTP/1.1" 200 29547
157.55.39.217 - - [22/Feb/2016:04:06:14 +0800] "GET /content/repository/resource_content.jsp?oid=1106553&queryString=%E4%B8%AD%E5%8E%9F%E6%B0%8F%E9%AC%BC%E7%9D%A3%E9%83%B5%20%E6%A4%8D%E7%89%A9%E7%95%8C%20%E8%8F%8A%E7%A7%91%20%E9%9B%99%E5%AD%90%E8%91%89%E6%A4%8D%E7%89%A9%20%E9%AC%BC%E7%9D%A3%E9%83%B5%E5%B1%AC HTTP/1.1" 200 31842
66.249.74.98 - - [22/Feb/2016:04:06:26 +0800] "GET /content/subject/resource_content.jsp?oid=16777348&queryType=qs&queryString=%E8%8F%9C%E5%B8%82%E5%A0%B4 HTTP/1.1" 200 47905
66.249.71.60 - - [22/Feb/2016:04:07:10 +0800] "GET /content/repository/resource_content.jsp?oid=1773298 HTTP/1.1" 200 32365
157.55.39.250 - - [22/Feb/2016:04:07:11 +0800] "GET /content/repository/resource_content.jsp?oid=2605371&queryType=qs&queryString=%E7%BE%85%E6%BC%A2%E9%96%80 HTTP/1.1" 200 30081
68.180.228.24 - - [22/Feb/2016:04:07:23 +0800] "GET /content/repository/resource_content.jsp?oid=1124784&queryType=qc HTTP/1.1" 200 36021
68.180.228.24 - - [22/Feb/2016:04:07:27 +0800] "GET /content/pictures/picture_content.jsp?oid=33554745&queryType=qc HTTP/1.1" 200 27791
157.55.39.179 - - [22/Feb/2016:04:07:55 +0800] "GET /content/subject/resource_content.jsp?oid=16797335&queryType=qc HTTP/1.1" 200 60398
66.249.71.50 - - [22/Feb/2016:04:07:55 +0800] "GET /content/repository/resource_content.jsp?oid=3818231&queryString=%E5%B1%B1%E6%AB%BB%E8%8A%B1 HTTP/1.1" 200 31213
66.249.71.60 - - [22/Feb/2016:04:08:39 +0800] "GET /content/repository/resource_content.jsp?oid=1592248 HTTP/1.1" 200 29005
111.206.36.7 - - [22/Feb/2016:04:08:43 +0800] "GET /content/subject/resource_content.jsp?oid=16777264&queryType=qc HTTP/1.1" 200 37668
66.249.71.60 - - [22/Feb/2016:04:09:23 +0800] "GET /content/repository/resource_content.jsp?oid=1557015 HTTP/1.1" 200 30835
66.249.71.60 - - [22/Feb/2016:04:09:27 +0800] "GET /content/nav/relationSubject.jsp?relationWords=%E5%8F%B0%E7%81%A3%E8%83%A1%E9%BA%BB%E8%8A%B1+%E6%A4%8D%E7%89%A9%E7%95%8C+%E7%99%BE%E5%90%88%E7%A7%91+%E8%83%A1%E9%BA%BB%E8%8A%B1%E5%B1%AC+&oid=3812597 HTTP/1.1" 200 3374
66.249.71.60 - - [22/Feb/2016:04:09:32 +0800] "GET /content/nav/relationSubject.jsp?relationWords=%E5%8F%B0%E7%81%A3%E8%83%A1%E9%BA%BB%E8%8A%B1%20%E6%A4%8D%E7%89%A9%E7%95%8C%20%E7%99%BE%E5%90%88%E7%A7%91%20%E8%83%A1%E9%BA%BB%E8%8A%B1%E5%B1%AC%20&oid=3812597 HTTP/1.1" 200 3374
66.249.71.50 - - [22/Feb/2016:04:10:08 +0800] "GET /content/repository/resource_content.jsp?oid=2470388&queryType=qs&queryString=%E8%87%BA%E7%81%A3%E6%96%87%E5%8C%96 HTTP/1.1" 200 31157
66.249.74.98 - - [22/Feb/2016:04:10:53 +0800] "GET /content/repository/resource_content.jsp?oid=1527558 HTTP/1.1" 200 28892
66.249.71.60 - - [22/Feb/2016:04:11:37 +0800] "GET /content/repository/resource_content.jsp?oid=2515986 HTTP/1.1" 200 29796
220.181.108.184 - - [22/Feb/2016:04:11:54 +0800] "GET /content/repository/resource_content.jsp?oid=2548321 HTTP/1.1" 200 28634
66.249.71.60 - - [22/Feb/2016:04:12:22 +0800] "GET /content/repository/resource_content.jsp?oid=2150041&queryString=%E5%B0%8F%E4%BB%99%E8%8C%85%E5%B1%AC%20%E5%B0%8F%E9%87%91%E6%A2%85%E8%8D%89%20%E5%B0%8F%E9%87%91%E6%A2%85%E8%91%89 HTTP/1.1" 200 31334
66.249.71.60 - - [22/Feb/2016:04:12:26 +0800] "GET /content/repository/resource_content.jsp?oid=4501239 HTTP/1.1" 200 27849
66.249.71.60 - - [22/Feb/2016:04:12:46 +0800] "GET /content/nav/relationSubject.jsp?relationWords=%E7%8F%A0%E4%B8%B2%E9%A0%85%E9%A3%BE+&oid=1780319 HTTP/1.1" 200 2993
66.249.71.60 - - [22/Feb/2016:04:12:47 +0800] "GET /content/nav/relationSubject.jsp?relationWords=%E7%8F%A0%E4%B8%B2%E9%A0%85%E9%A3%BE%20&oid=1780319 HTTP/1.1" 200 2993
66.249.77.97 - - [22/Feb/2016:04:13:07 +0800] "GET /content/subject/resource_content.jsp?oid=16777773&queryType=qs&queryString=%E9%99%B3%E9%87%91%E6%B8%85 HTTP/1.1" 200 54791
66.249.71.60 - - [22/Feb/2016:04:13:51 +0800] "GET /content/repository/resource_content.jsp?oid=1559351 HTTP/1.1" 200 28972
66.249.74.98 - - [22/Feb/2016:04:14:36 +0800] "GET /content/repository/resource_content.jsp?oid=1606163 HTTP/1.1" 200 28875
66.249.74.98 - - [22/Feb/2016:04:15:18 +0800] "GET /content/nav/relationSubject.jsp?relationWords=&oid=4501239 HTTP/1.1" 200 1405
66.249.71.60 - - [22/Feb/2016:04:15:21 +0800] "GET /digiarch_en/content/subject/resource_content.jsp?oid=16777827&queryString= HTTP/1.1" 200 31385
66.249.79.30 - - [22/Feb/2016:04:15:36 +0800] "GET /content/nav/relationSubject.jsp?relationWords=%E6%89%81%E9%AF%8A+%E7%90%B5%E7%90%B6%E9%AE%AB+%E9%9B%B2%E7%B4%8B%E7%90%B5%E7%90%B6%E9%AE%AB+&oid=4354162 HTTP/1.1" 200 4493
66.249.71.60 - - [22/Feb/2016:04:16:05 +0800] "GET /content/repository/resource_content.jsp?oid=2543938 HTTP/1.1" 200 28995
66.249.71.5 - - [22/Feb/2016:04:16:37 +0800] "GET /digiarch3/content/nav/relationSubject.jsp?relationWords=%E5%B7%A5%E9%83%A8+%E7%81%AB%E8%97%A5+%E7%81%AB%E8%97%A5%E5%B1%80+&oid=2666391 HTTP/1.1" 200 3107
66.249.71.5 - - [22/Feb/2016:04:16:39 +0800] "GET /digiarch3/content/nav/relationSubject.jsp?relationWords=%E5%B7%A5%E9%83%A8%20%E7%81%AB%E8%97%A5%20%E7%81%AB%E8%97%A5%E5%B1%80%20&oid=2666391 HTTP/1.1" 200 3107
66.249.71.60 - - [22/Feb/2016:04:17:02 +0800] "GET /content/repository/resource_content.jsp?oid=1603442 HTTP/1.1" 200 29684
66.249.71.60 - - [22/Feb/2016:04:17:34 +0800] "GET /content/repository/resource_content.jsp?oid=523952 HTTP/1.1" 200 36040
66.249.71.60 - - [22/Feb/2016:04:17:57 +0800] "GET /content/nav/relationSubject.jsp?relationWords=%E8%87%BA%E7%81%A3%E7%9C%81+%E8%87%BA%E7%81%A3%E7%9C%81%E6%94%BF%E5%BA%9C+&oid=1531002 HTTP/1.1" 200 4423
66.249.71.60 - - [22/Feb/2016:04:18:00 +0800] "GET /content/nav/relationSubject.jsp?relationWords=%E8%87%BA%E7%81%A3%E7%9C%81%20%E8%87%BA%E7%81%A3%E7%9C%81%E6%94%BF%E5%BA%9C%20&oid=1531002 HTTP/1.1" 200 4423
66.249.71.173 - - [22/Feb/2016:04:18:19 +0800] "GET /content/repository/resource_content.jsp?oid=2645788&queryType=qs&queryString=%E5%BC%B5%E6%88%90 HTTP/1.1" 200 30443
66.249.71.60 - - [22/Feb/2016:04:19:03 +0800] "GET /digiarch_en/content/repository/resource_content.jsp?oid=15109&queryString=%E5%A4%A7%E9%B1%97%E5%A4%A7%E7%9C%BC%E9%AF%9B HTTP/1.1" 200 27316
66.249.74.98 - - [22/Feb/2016:04:20:33 +0800] "GET /content/repository/resource_content.jsp?oid=2674928&queryString=%E5%AD%B8%E6%94%BF%20%E6%95%95%E6%9B%B8%20%E7%A6%AE%E7%A7%91 HTTP/1.1" 200 30322
66.249.71.60 - - [22/Feb/2016:04:21:24 +0800] "GET /content/nav/relationSubject.jsp?relationWords=%E5%86%AC%E9%9D%92%E5%B1%AC+%E5%86%AC%E9%9D%92%E7%A7%91+%E6%A4%8D%E7%89%A9%E7%95%8C+%E7%B3%8A%E6%A8%97+%E8%A1%9B%E7%9F%9B+&oid=1099889 HTTP/1.1" 200 3332
66.249.71.60 - - [22/Feb/2016:04:21:26 +0800] "GET /content/nav/relationSubject.jsp?relationWords=%E5%86%AC%E9%9D%92%E5%B1%AC%20%E5%86%AC%E9%9D%92%E7%A7%91%20%E6%A4%8D%E7%89%A9%E7%95%8C%20%E7%B3%8A%E6%A8%97%20%E8%A1%9B%E7%9F%9B%20&oid=1099889 HTTP/1.1" 200 3332
66.249.79.179 - - [22/Feb/2016:04:22:03 +0800] "GET /content/repository/resource_content.jsp?oid=1567911&queryType=qs&queryString=%E8%98%87%E5%85%AC HTTP/1.1" 200 33791
66.249.77.97 - - [22/Feb/2016:04:22:47 +0800] "GET /content/repository/resource_content.jsp?oid=1845412&queryString=%E9%8A%85%E7%9F%9B HTTP/1.1" 200 30147
66.249.71.60 - - [22/Feb/2016:04:22:56 +0800] "GET /content/nav/relationSubject.jsp?relationWords=%E5%9C%B0%E5%BD%A2%E5%9C%96+&oid=220223 HTTP/1.1" 200 3046
66.249.71.60 - - [22/Feb/2016:04:22:57 +0800] "GET /content/nav/relationSubject.jsp?relationWords=%E5%9C%B0%E5%BD%A2%E5%9C%96%20&oid=220223 HTTP/1.1" 200 3046
66.249.71.60 - - [22/Feb/2016:04:23:31 +0800] "GET /content/repository/resource_content.jsp?oid=1553589 HTTP/1.1" 200 28925
157.55.39.212 - - [22/Feb/2016:04:23:59 +0800] "GET /content/subject/resource_content.jsp?oid=16797340&queryType=qc HTTP/1.1" 200 63037
66.249.71.60 - - [22/Feb/2016:04:24:16 +0800] "GET /content/repository/resource_content.jsp?oid=22202 HTTP/1.1" 200 29790
66.249.74.98 - - [22/Feb/2016:04:25:46 +0800] "GET /content/repository/resource_content.jsp?oid=1776044 HTTP/1.1" 200 29908
40.77.167.77 - - [22/Feb/2016:04:25:47 +0800] "GET /content/nav/relationSubject.jsp?relationWords=%E5%8A%89%E5%85%B6%E5%81%89+&oid=16797340 HTTP/1.1" 200 1415
66.249.71.41 - - [22/Feb/2016:04:25:47 +0800] "GET /content/nav/relationSubject.jsp?relationWords=%E5%8F%B0%E7%81%A3%E6%B0%B4%E9%BE%8D%E9%AA%A8+%E6%A4%8D%E7%89%A9%E7%95%8C+%E6%B0%B4%E9%BE%8D%E9%AA%A8+%E6%B0%B4%E9%BE%8D%E9%AA%A8%E5%B1%AC+%E6%B0%B4%E9%BE%8D%E9%AA%A8%E7%A7%91+%E8%95%A8%E9%A1%9E%E6%A4%8D%E7%89%A9+&oid=3812655 HTTP/1.1" 200 3518
66.249.71.41 - - [22/Feb/2016:04:25:49 +0800] "GET /content/nav/relationSubject.jsp?relationWords=%E5%8F%B0%E7%81%A3%E6%B0%B4%E9%BE%8D%E9%AA%A8%20%E6%A4%8D%E7%89%A9%E7%95%8C%20%E6%B0%B4%E9%BE%8D%E9%AA%A8%20%E6%B0%B4%E9%BE%8D%E9%AA%A8%E5%B1%AC%20%E6%B0%B4%E9%BE%8D%E9%AA%A8%E7%A7%91%20%E8%95%A8%E9%A1%9E%E6%A4%8D%E7%89%A9%20&oid=3812655 HTTP/1.1" 200 3518
66.249.71.173 - - [22/Feb/2016:04:26:33 +0800] "GET /content/repository/resource_content.jsp?oid=4363083&queryString=%E5%A4%A9%E5%AE%98 HTTP/1.1" 200 40783
66.249.71.60 - - [22/Feb/2016:04:27:07 +0800] "GET /content/nav/relationSubject.jsp?relationWords=%E5%BE%A1%E5%8F%B2+%E6%BC%95%E7%B3%A7+%E7%B3%A7%E4%BA%8B+&oid=2515986 HTTP/1.1" 200 4047
66.249.71.60 - - [22/Feb/2016:04:27:09 +0800] "GET /content/nav/relationSubject.jsp?relationWords=%E5%BE%A1%E5%8F%B2%20%E6%BC%95%E7%B3%A7%20%E7%B3%A7%E4%BA%8B%20&oid=2515986 HTTP/1.1" 200 4047
66.249.71.60 - - [22/Feb/2016:04:27:24 +0800] "GET /content/repository/resource_content.jsp?oid=4351748&queryString=%E7%83%8F%E8%80%B3%E9%B0%BB%20%E8%8A%B1%E9%B0%BB%20%E8%8A%B1%E9%B0%BB%E9%B1%BA%20%E9%B0%BB%E9%B1%BA%E7%A7%91%20%E9%B1%B8%E9%B0%BB HTTP/1.1" 200 34116
66.249.71.5 - - [22/Feb/2016:04:27:56 +0800] "GET /digiarch3/content/nav/relationSubject.jsp?relationWords=%E8%91%97%E4%BD%9C%E6%AC%8A+&oid=16777502 HTTP/1.1" 200 3999
66.249.71.5 - - [22/Feb/2016:04:27:59 +0800] "GET /digiarch3/content/nav/relationSubject.jsp?relationWords=%E8%91%97%E4%BD%9C%E6%AC%8A%20&oid=16777502 HTTP/1.1" 200 3999
66.249.71.60 - - [22/Feb/2016:04:28:24 +0800] "GET /content/nav/relationSubject.jsp?relationWords=%E8%8A%B1%E9%B0%BB+%E8%96%AF%E9%B0%BB+%E8%99%8E%E9%B0%BB+%E8%A3%B8%E8%83%B8%E9%B1%94+%E9%8C%A2%E9%B0%BB+%E9%BB%B4%E8%BA%AB%E8%A3%B8%E8%83%B8%E9%AF%99+&oid=4351748 HTTP/1.1" 200 3517
40.77.167.77 - - [22/Feb/2016:04:28:32 +0800] "GET /content/repository/resource_content.jsp?oid=1578927 HTTP/1.1" 200 28521
66.249.77.97 - - [22/Feb/2016:04:28:40 +0800] "GET /content/nav/relationSubject.jsp?relationWords=%E5%AE%89%E5%85%A8%E6%A1%88+%E6%95%88%E7%8E%87+%E8%AD%A6%E5%AF%9F+&oid=1546772 HTTP/1.1" 200 5241
66.249.77.91 - - [22/Feb/2016:04:28:46 +0800] "GET /content/nav/relationSubject.jsp?relationWords=%E5%AE%89%E5%85%A8%E6%A1%88%20%E6%95%88%E7%8E%87%20%E8%AD%A6%E5%AF%9F%20&oid=1546772 HTTP/1.1" 200 5241
66.249.71.60 - - [22/Feb/2016:04:28:54 +0800] "GET /content/nav/relationSubject.jsp?relationWords=%E5%A2%9E%E7%94%A2%E6%A1%88+%E5%B0%A4%E6%98%8E%E5%93%B2+%E7%9C%81%E6%94%BF%E5%BA%9C+%E8%87%A8%E6%99%82%E7%9C%81%E8%AD%B0%E6%9C%83+%E8%87%BA%E6%9D%B1%E7%B8%A3+%E8%87%BA%E7%81%A3%E7%9C%81+&oid=1527558 HTTP/1.1" 200 4737
66.249.71.60 - - [22/Feb/2016:04:28:58 +0800] "GET /content/nav/relationSubject.jsp?relationWords=%E5%A2%9E%E7%94%A2%E6%A1%88%20%E5%B0%A4%E6%98%8E%E5%93%B2%20%E7%9C%81%E6%94%BF%E5%BA%9C%20%E8%87%A8%E6%99%82%E7%9C%81%E8%AD%B0%E6%9C%83%20%E8%87%BA%E6%9D%B1%E7%B8%A3%20%E8%87%BA%E7%81%A3%E7%9C%81%20&oid=1527558 HTTP/1.1" 200 4737
66.249.74.98 - - [22/Feb/2016:04:29:03 +0800] "GET /content/repository/resource_content.jsp?oid=4354508&queryString=%E5%B8%86%E9%B0%AD%E9%AD%B4 HTTP/1.1" 200 30815
66.249.71.60 - - [22/Feb/2016:04:30:57 +0800] "GET /content/subject/resource_content.jsp?oid=16777366&queryString=%E5%B0%8B%E5%AF%B6%20%E6%95%B8%E4%BD%8D%E5%85%B8%E8%97%8F HTTP/1.1" 200 34940
66.249.71.60 - - [22/Feb/2016:04:31:42 +0800] "GET /content/repository/resource_content.jsp?oid=2673902&queryString=%E5%A4%A7%E5%AD%B8%E5%A3%AB%20%E7%B1%B3%E7%9F%B3 HTTP/1.1" 200 30440
66.249.71.59 - - [22/Feb/2016:04:31:44 +0800] "GET /content/nav/relationSubject.jsp?relationWords=%E6%96%91%E7%9F%B3%E9%AF%9B+%E7%9F%B3%E9%AF%9B+%E7%A1%AC%E6%AE%BC%E4%BB%94+%E9%AF%9B%E7%A7%91+&oid=15583 HTTP/1.1" 200 3484
66.249.71.59 - - [22/Feb/2016:04:31:47 +0800] "GET /content/nav/relationSubject.jsp?relationWords=%E6%96%91%E7%9F%B3%E9%AF%9B%20%E7%9F%B3%E9%AF%9B%20%E7%A1%AC%E6%AE%BC%E4%BB%94%20%E9%AF%9B%E7%A7%91%20&oid=15583 HTTP/1.1" 200 3484
66.249.71.60 - - [22/Feb/2016:04:32:26 +0800] "GET /content/tmp_tec/resource_content.jsp?oid=16777736 HTTP/1.1" 200 36881
66.249.71.60 - - [22/Feb/2016:04:32:51 +0800] "GET /content/nav/relationSubject.jsp?relationWords=%E6%9E%97%E6%B7%B5%E7%86%99+%E8%94%A1%E4%BB%8B%E9%9B%84+&oid=1893739 HTTP/1.1" 200 3240
66.249.74.98 - - [22/Feb/2016:04:33:12 +0800] "GET /content/repository/resource_content.jsp?oid=2686352&queryString=%E8%B3%9E%E9%8A%80 HTTP/1.1" 200 30707
66.249.71.164 - - [22/Feb/2016:04:33:52 +0800] "GET /content/nav/relationSubject.jsp?relationWords=&oid=2645788 HTTP/1.1" 200 1405
66.249.71.60 - - [22/Feb/2016:04:33:56 +0800] "GET /content/repository/resource_content.jsp?oid=2148989 HTTP/1.1" 200 31000
66.249.71.60 - - [22/Feb/2016:04:34:33 +0800] "GET /content/nav/relationSubject.jsp?relationWords=%E7%94%A2%E6%A5%AD%E9%81%93%E8%B7%AF+%E7%AB%B9%E5%B4%8E%E9%84%89+&oid=1606163 HTTP/1.1" 200 5268
66.249.71.60 - - [22/Feb/2016:04:34:35 +0800] "GET /content/nav/relationSubject.jsp?relationWords=%E7%94%A2%E6%A5%AD%E9%81%93%E8%B7%AF%20%E7%AB%B9%E5%B4%8E%E9%84%89%20&oid=1606163 HTTP/1.1" 200 5268
66.249.71.60 - - [22/Feb/2016:04:34:52 +0800] "GET /content/repository/resource_content.jsp?oid=1853464 HTTP/1.1" 200 29654
66.249.71.60 - - [22/Feb/2016:04:35:22 +0800] "GET /content/nav/relationSubject.jsp?relationWords=%E4%BA%BA%E4%BA%8B%E5%88%B6%E5%BA%A6+%E4%BD%99%E7%99%BB%E7%99%BC+%E5%85%AC%E5%8B%99%E4%BA%BA%E5%93%A1+%E5%9C%8B%E6%A0%A1+%E5%9C%8B%E6%A0%A1%E6%95%99%E5%B8%AB+%E5%9C%9F%E5%9C%B0%E6%89%80%E6%9C%89%E6%AC%8A%E4%BA%BA+%E5%9C%9F%E5%9C%B0%E6%B3%95+%E5%9C%9F%E6%9C%A8%E7%A7%91+%E5%9C%B0%E8%B3%AA%E5%AD%B8+%E5%A4%9C%E9%96%93%E9%83%A8+%E5%A4%A7%E8%B2%9D+%E5%A4%A7%E8%B2%9D%E6%B9%96+%E5%A5%89%E7%9C%81+%E5%AE%B6%E9%95%B7%E6%9C%83+%E5%AF%AE%E5%9C%8B+%E5%B0%88%E7%A7%91+%E5%B7%A5%E5%8F%8B+%E5%B8%AB%E7%AF%84%E5%AD%B8%E6%A0%A1+%E5%BB%BA%E8%A8%AD%E5%B1%80+%E5%BB%BA%E8%A8%AD%E5%BB%B3+%E6%88%90%E5%8A%9F%E5%A4%A7%E5%AD%B8+%E6%89%B9%E7%99%BC%E5%B8%82%E5%A0%B4+%E6%94%BF%E9%A2%A8+%E6%95%99%E8%82%B2%E5%BB%B3+%E6%9D%8E%E5%95%9F%E5%8D%97+%E6%9D%8E%E6%BA%90%E6%A3%A7+%E6%A2%93%E5%AE%98%E9%84%89+%E6%B0%91%E6%84%8F+%E7%89%A9%E8%B3%87%E5%B1%80+%E7%8E%8B%E5%9C%8B%E7%99%BC+%E7%95%99%E8%81%B7%E5%81%9C%E8%96%AA+%E7%9C%81%E6%94%BF%E5%BA%9C+%E7%A6%8F%E9%9F%B3+%E7%A6%AE%E6%8B%9C%E5%A0%82+%E7%A7%81%E6%9C%89%E5%9C%9F%E5%9C%B0+%E7%A7%91%E6%8A%80+%E7%BD%B0%E9%8D%B0+%E8%87%BA%E7%81%A3%E7%9C%81+%E8%8C%84%E8%8B%B3+%E8%9A%B5%E5%AF%AE+%E8%AD%A6%E5%AF%9F+%E8%B2%9D%E7%8F%A0+%E8%B3%AA%E8%A9%A2+%E8%BC%94%E4%BB%81%E5%A4%A7%E5%AD%B8+%E8%BE%B2%E6%9E%97%E5%BB%B3+%E8%BE%B2%E7%94%B0%E6%B0%B4%E5%88%A9%E6%9C%83+%E9%81%95%E5%BB%BA+%E9%83%AD%E6%B3%B0%E5%B1%B1+%E9%A0%90%E7%AE%97+%E9%AB%98%E9%9B%84%E5%B7%A5%E6%A5%AD+%E9%AB%98%E9%9B%84%E5%B8%82+%E9%AB%98%E9%9B%84%E5%B8%82%E6%94%BF%E5%BA%9C+%E9%AB%98%E9%9B%84%E7%B8%A3%E6%94%BF%E5%BA%9C+%E9%B3%A5%E6%9D%BE+%E9%B3%A5%E6%9D%BE%E9%84%89+%E9%B3%B3%E5%B1%B1%E9%8E%AE+%E9%B9%BD%E5%9F%95+&oid=1555024 HTTP/1.1" 200 12445
66.249.74.98 - - [22/Feb/2016:04:35:26 +0800] "GET /content/nav/relationSubject.jsp?relationWords=%E4%BA%BA%E4%BA%8B%E5%88%B6%E5%BA%A6%20%E4%BD%99%E7%99%BB%E7%99%BC%20%E5%85%AC%E5%8B%99%E4%BA%BA%E5%93%A1%20%E5%9C%8B%E6%A0%A1%20%E5%9C%8B%E6%A0%A1%E6%95%99%E5%B8%AB%20%E5%9C%9F%E5%9C%B0%E6%89%80%E6%9C%89%E6%AC%8A%E4%BA%BA%20%E5%9C%9F%E5%9C%B0%E6%B3%95%20%E5%9C%9F%E6%9C%A8%E7%A7%91%20%E5%9C%B0%E8%B3%AA%E5%AD%B8%20%E5%A4%9C%E9%96%93%E9%83%A8%20%E5%A4%A7%E8%B2%9D%20%E5%A4%A7%E8%B2%9D%E6%B9%96%20%E5%A5%89%E7%9C%81%20%E5%AE%B6%E9%95%B7%E6%9C%83%20%E5%AF%AE%E5%9C%8B%20%E5%B0%88%E7%A7%91%20%E5%B7%A5%E5%8F%8B%20%E5%B8%AB%E7%AF%84%E5%AD%B8%E6%A0%A1%20%E5%BB%BA%E8%A8%AD%E5%B1%80%20%E5%BB%BA%E8%A8%AD%E5%BB%B3%20%E6%88%90%E5%8A%9F%E5%A4%A7%E5%AD%B8%20%E6%89%B9%E7%99%BC%E5%B8%82%E5%A0%B4%20%E6%94%BF%E9%A2%A8%20%E6%95%99%E8%82%B2%E5%BB%B3%20%E6%9D%8E%E5%95%9F%E5%8D%97%20%E6%9D%8E%E6%BA%90%E6%A3%A7%20%E6%A2%93%E5%AE%98%E9%84%89%20%E6%B0%91%E6%84%8F%20%E7%89%A9%E8%B3%87%E5%B1%80%20%E7%8E%8B%E5%9C%8B%E7%99%BC%20%E7%95%99%E8%81%B7%E5%81%9C%E8%96%AA%20%E7%9C%81%E6%94%BF%E5%BA%9C%20%E7%A6%8F%E9%9F%B3%20%E7%A6%AE%E6%8B%9C%E5%A0%82%20%E7%A7%81%E6%9C%89%E5%9C%9F%E5%9C%B0%20%E7%A7%91%E6%8A%80%20%E7%BD%B0%E9%8D%B0%20%E8%87%BA%E7%81%A3%E7%9C%81%20%E8%8C%84%E8%8B%B3%20%E8%9A%B5%E5%AF%AE%20%E8%AD%A6%E5%AF%9F%20%E8%B2%9D%E7%8F%A0%20%E8%B3%AA%E8%A9%A2%20%E8%BC%94%E4%BB%81%E5%A4%A7%E5%AD%B8%20%E8%BE%B2%E6%9E%97%E5%BB%B3%20%E8%BE%B2%E7%94%B0%E6%B0%B4%E5%88%A9%E6%9C%83%20%E9%81%95%E5%BB%BA%20%E9%83%AD%E6%B3%B0%E5%B1%B1%20%E9%A0%90%E7%AE%97%20%E9%AB%98%E9%9B%84%E5%B7%A5%E6%A5%AD%20%E9%AB%98%E9%9B%84%E5%B8%82%20%E9%AB%98%E9%9B%84%E5%B8%82%E6%94%BF%E5%BA%9C%20%E9%AB%98%E9%9B%84%E7%B8%A3%E6%94%BF%E5%BA%9C%20%E9%B3%A5%E6%9D%BE%20%E9%B3%A5%E6%9D%BE%E9%84%89%20%E9%B3%B3%E5%B1%B1%E9%8E%AE%20%E9%B9%BD%E5%9F%95%20&oid=1555024 HTTP/1.1" 200 12445
66.249.71.60 - - [22/Feb/2016:04:35:30 +0800] "GET /content/repository/resource_content.jsp?oid=2150787 HTTP/1.1" 200 31044
66.249.71.164 - - [22/Feb/2016:04:35:44 +0800] "GET /content/nav/relationSubject.jsp?relationWords=%E5%A4%A9%E5%AE%98+&oid=4363083 HTTP/1.1" 200 3045
66.249.71.60 - - [22/Feb/2016:04:35:52 +0800] "GET /content/nav/relationSubject.jsp?relationWords=API+%E6%A3%AE%E6%B0%8F%E7%95%B6%E6%AD%B8+%E6%A4%8D%E7%89%A9%E7%95%8C+%E7%95%B6%E6%AD%B8%E5%B1%AC+%E7%B9%96%E5%BD%A2%E7%A7%91+%E9%9B%99%E5%AD%90%E8%91%89%E6%A4%8D%E7%89%A9+&oid=1458071 HTTP/1.1" 200 3399
66.249.71.164 - - [22/Feb/2016:04:35:56 +0800] "GET /content/nav/relationSubject.jsp?relationWords=%E5%A4%A9%E5%AE%98%20&oid=4363083 HTTP/1.1" 200 3045
66.249.74.98 - - [22/Feb/2016:04:36:10 +0800] "GET /content/subject/resource_content.jsp?oid=16777509&queryType=qs&queryString=%E9%BB%A8%E5%85%A7%E5%88%9D%E9%81%B8 HTTP/1.1" 200 33421
66.249.71.60 - - [22/Feb/2016:04:37:10 +0800] "GET /content/repository/resource_content.jsp?oid=1818677 HTTP/1.1" 200 28425
157.55.39.118 - - [22/Feb/2016:04:37:11 +0800] "GET /content/subject/resource_content.jsp?oid=16777457 HTTP/1.1" 200 29752
68.180.228.24 - - [22/Feb/2016:04:37:55 +0800] "GET /digiarch_en/content/subject/resource_content.jsp?oid=16777714&queryType=qc HTTP/1.1" 200 36667
66.249.71.50 - - [22/Feb/2016:04:38:24 +0800] "GET /content/repository/resource_content.jsp?oid=523339&queryType=qs&queryString=%E8%87%8D%E5%AD%94 HTTP/1.1" 200 36979
66.249.74.98 - - [22/Feb/2016:04:39:09 +0800] "GET /content/repository/resource_content.jsp?oid=1540896 HTTP/1.1" 200 28572
68.180.228.24 - - [22/Feb/2016:04:39:18 +0800] "GET /content/pictures/picture_content.jsp?oid=33554782&queryType=qc HTTP/1.1" 200 27730
66.249.79.179 - - [22/Feb/2016:04:39:25 +0800] "GET /content/nav/relationSubject.jsp?relationWords=%E5%A4%A7%E7%9B%AE%E5%81%B4%E4%BB%94+%E5%A4%A7%E9%9D%A2%E5%81%B4%E4%BB%94+%E5%A4%A9%E7%AB%BA%E9%AF%9B%E7%A7%91+%E6%A3%98%E9%A0%AD%E5%A4%A9%E7%AB%BA%E9%AF%9B+%E9%BA%97%E9%B0%AD%E5%A4%A9%E7%AB%BA%E9%AF%9B+&oid=15134 HTTP/1.1" 200 3691
66.249.79.186 - - [22/Feb/2016:04:39:28 +0800] "GET /content/nav/relationSubject.jsp?relationWords=%E5%A4%A7%E7%9B%AE%E5%81%B4%E4%BB%94%20%E5%A4%A7%E9%9D%A2%E5%81%B4%E4%BB%94%20%E5%A4%A9%E7%AB%BA%E9%AF%9B%E7%A7%91%20%E6%A3%98%E9%A0%AD%E5%A4%A9%E7%AB%BA%E9%AF%9B%20%E9%BA%97%E9%B0%AD%E5%A4%A9%E7%AB%BA%E9%AF%9B%20&oid=15134 HTTP/1.1" 200 3691
66.249.71.60 - - [22/Feb/2016:04:40:14 +0800] "GET /content/nav/relationSubject.jsp?relationWords=%E6%93%AC%E9%9D%92%E7%9F%B3%E6%96%91%E9%AD%9A+%E7%9F%B3%E6%96%91+%E7%AB%B9%E7%AF%80+%E9%81%8E%E9%AD%9A+%E9%AE%A8%E7%A7%91+&oid=15001 HTTP/1.1" 200 3753
66.249.71.60 - - [22/Feb/2016:04:40:17 +0800] "GET /content/nav/relationSubject.jsp?relationWords=%E6%93%AC%E9%9D%92%E7%9F%B3%E6%96%91%E9%AD%9A%20%E7%9F%B3%E6%96%91%20%E7%AB%B9%E7%AF%80%20%E9%81%8E%E9%AD%9A%20%E9%AE%A8%E7%A7%91%20&oid=15001 HTTP/1.1" 200 3753
66.249.71.59 - - [22/Feb/2016:04:40:21 +0800] "GET /content/nav/relationSubject.jsp?relationWords=%E5%90%88%E5%BA%AB+%E5%94%90%E6%A6%AE+%E5%9B%BA%E5%AE%9A%E8%B3%87%E7%94%A2+%E7%9C%81%E7%87%9F%E4%BA%8B%E6%A5%AD+%E7%B6%9C%E5%90%88%E9%A0%90%E7%AE%97+%E8%87%BA%E7%81%A3%E7%9C%81+%E8%87%BA%E7%81%A3%E7%9C%81%E6%94%BF%E5%BA%9C+%E8%87%BA%E9%8A%80+%E8%AA%BF%E6%9F%A5%E7%A0%94%E7%A9%B6+%E9%A0%90%E7%AE%97+&oid=1900398 HTTP/1.1" 200 4937
66.249.71.50 - - [22/Feb/2016:04:40:27 +0800] "GET /content/nav/relationSubject.jsp?relationWords=%E5%90%88%E5%BA%AB%20%E5%94%90%E6%A6%AE%20%E5%9B%BA%E5%AE%9A%E8%B3%87%E7%94%A2%20%E7%9C%81%E7%87%9F%E4%BA%8B%E6%A5%AD%20%E7%B6%9C%E5%90%88%E9%A0%90%E7%AE%97%20%E8%87%BA%E7%81%A3%E7%9C%81%20%E8%87%BA%E7%81%A3%E7%9C%81%E6%94%BF%E5%BA%9C%20%E8%87%BA%E9%8A%80%20%E8%AA%BF%E6%9F%A5%E7%A0%94%E7%A9%B6%20%E9%A0%90%E7%AE%97%20&oid=1900398 HTTP/1.1" 200 4937
66.249.71.60 - - [22/Feb/2016:04:40:36 +0800] "GET /content/nav/relationSubject.jsp?relationWords=%E5%90%8F%E9%83%A8+%E8%A6%BA%E7%BE%85%E5%AD%B8+&oid=2511551 HTTP/1.1" 200 3151
66.249.71.60 - - [22/Feb/2016:04:40:38 +0800] "GET /content/repository/resource_content.jsp?oid=2571837 HTTP/1.1" 200 28907
66.249.71.60 - - [22/Feb/2016:04:40:47 +0800] "GET /content/nav/relationSubject.jsp?relationWords=%E5%90%8F%E9%83%A8%20%E8%A6%BA%E7%BE%85%E5%AD%B8%20&oid=2511551 HTTP/1.1" 200 3151
66.249.71.60 - - [22/Feb/2016:04:41:22 +0800] "GET /content/repository/resource_content.jsp?oid=2675716 HTTP/1.1" 200 29443
66.249.71.60 - - [22/Feb/2016:04:42:07 +0800] "GET /content/repository/resource_content.jsp?oid=734446 HTTP/1.1" 200 28402
66.249.71.60 - - [22/Feb/2016:04:42:53 +0800] "GET /content/repository/resource_content.jsp?oid=2151406 HTTP/1.1" 200 30408
66.249.74.98 - - [22/Feb/2016:04:43:37 +0800] "GET /content/repository/resource_content.jsp?oid=1827076 HTTP/1.1" 200 28592
66.249.71.60 - - [22/Feb/2016:04:44:21 +0800] "GET /content/repository/resource_content.jsp?oid=1524470 HTTP/1.1" 200 29490
66.249.74.98 - - [22/Feb/2016:04:45:00 +0800] "GET /content/nav/relationSubject.jsp?relationWords=%E5%A3%81%E8%9C%91%E8%9E%BA+&oid=33554877 HTTP/1.1" 200 3206
66.249.74.98 - - [22/Feb/2016:04:45:48 +0800] "GET /content/repository/resource_content.jsp?oid=1593393 HTTP/1.1" 200 28585
66.249.74.98 - - [22/Feb/2016:04:46:35 +0800] "GET /content/repository/resource_content.jsp?oid=2675489 HTTP/1.1" 200 29448
66.249.74.98 - - [22/Feb/2016:04:47:20 +0800] "GET /content/repository/resource_content.jsp?oid=2587228 HTTP/1.1" 200 29122
66.249.71.60 - - [22/Feb/2016:04:48:04 +0800] "GET /content/repository/resource_content.jsp?oid=222629 HTTP/1.1" 200 30073
66.249.71.60 - - [22/Feb/2016:04:48:49 +0800] "GET /content/repository/resource_content.jsp?oid=2150500 HTTP/1.1" 200 31283
66.249.71.60 - - [22/Feb/2016:04:49:19 +0800] "GET /content/nav/relationSubject.jsp?relationWords=%E5%8F%8B%E8%8F%AF+%E5%90%B3%E9%AD%AF%E7%94%9F+%E5%93%88%E7%88%BE%E6%BF%B1+%E6%87%8B%E6%A5%AD+%E8%A9%90%E9%A8%99+&oid=606663 HTTP/1.1" 200 3287
66.249.71.60 - - [22/Feb/2016:04:49:29 +0800] "GET /content/nav/relationSubject.jsp?relationWords=%E5%8F%8B%E8%8F%AF%20%E5%90%B3%E9%AD%AF%E7%94%9F%20%E5%93%88%E7%88%BE%E6%BF%B1%20%E6%87%8B%E6%A5%AD%20%E8%A9%90%E9%A8%99%20&oid=606663 HTTP/1.1" 200 3287
66.249.71.60 - - [22/Feb/2016:04:49:38 +0800] "GET /content/nav/relationSubject.jsp?relationWords=%E6%AD%A3%E9%BB%83%E6%97%97+&oid=3122659 HTTP/1.1" 200 3081
66.249.71.60 - - [22/Feb/2016:04:49:45 +0800] "GET /content/repository/resource_content.jsp?oid=2555335 HTTP/1.1" 200 28859
66.249.71.41 - - [22/Feb/2016:04:50:12 +0800] "GET /content/nav/relationSubject.jsp?relationWords=%E5%BA%9C%E5%BB%BA%E6%B0%B4+%E6%B0%B4%E5%AD%97+%E6%B0%B4%E8%B3%87%E6%BA%90+%E7%B6%93%E6%BF%9F%E9%83%A8+%E9%BE%8D%E7%A5%9E+&oid=1542879 HTTP/1.1" 200 3303
66.249.71.50 - - [22/Feb/2016:04:50:17 +0800] "GET /content/nav/relationSubject.jsp?relationWords=%E5%BA%9C%E5%BB%BA%E6%B0%B4%20%E6%B0%B4%E5%AD%97%20%E6%B0%B4%E8%B3%87%E6%BA%90%20%E7%B6%93%E6%BF%9F%E9%83%A8%20%E9%BE%8D%E7%A5%9E%20&oid=1542879 HTTP/1.1" 200 3303
66.249.71.60 - - [22/Feb/2016:04:50:22 +0800] "GET /content/repository/resource_content.jsp?oid=1536473 HTTP/1.1" 200 30548
66.249.77.85 - - [22/Feb/2016:04:50:26 +0800] "GET /content/nav/relationSubject.jsp?relationWords=%E8%A8%88%E7%A8%8B%E8%BB%8A%E5%8F%B8%E6%A9%9F+%E8%AD%A6%E5%AF%9F+&oid=1569111 HTTP/1.1" 200 4576
66.249.77.85 - - [22/Feb/2016:04:50:33 +0800] "GET /content/nav/relationSubject.jsp?relationWords=%E8%A8%88%E7%A8%8B%E8%BB%8A%E5%8F%B8%E6%A9%9F%20%E8%AD%A6%E5%AF%9F%20&oid=1569111 HTTP/1.1" 200 4576
66.249.77.85 - - [22/Feb/2016:04:51:02 +0800] "GET /content/subject/resource_content.jsp?oid=16777484&queryType=qc HTTP/1.1" 200 72193
66.249.71.173 - - [22/Feb/2016:04:51:26 +0800] "GET /content/nav/relationSubject.jsp?relationWords=%E5%AF%8C%E9%87%8C+%E5%B1%B1%E5%9D%A1%E5%9C%B0+%E5%BE%B7%E6%AD%A6+%E6%93%B4%E5%BB%BA+%E6%BA%AB%E5%A6%AE+%E7%8E%89%E5%BE%B7+%E7%94%A2%E6%A5%AD%E9%81%93%E8%B7%AF+%E7%A7%80%E5%A7%91%E5%B7%92%E6%BA%AA+%E7%B3%A7%E9%A3%9F%E5%B1%80+%E8%8A%B1%E6%9D%B1%E5%85%AC%E8%B7%AF+%E8%98%87%E5%85%AC+%E8%98%87%E8%8A%B1%E5%85%AC%E8%B7%AF+%E8%A3%BD%E6%9D%90%E5%BB%A0+%E9%85%8D%E8%82%A5+%E9%BB%83%E4%B8%BB+&oid=1567911 HTTP/1.1" 200 4839
66.249.71.60 - - [22/Feb/2016:04:52:14 +0800] "GET /content/nav/relationSubject.jsp?relationWords=%E7%A7%8B%E6%B5%B7%E6%A3%A0+&oid=16777279 HTTP/1.1" 200 4850
66.249.74.98 - - [22/Feb/2016:04:52:32 +0800] "GET /content/subject/resource_content.jsp?oid=16797244&queryType=qc HTTP/1.1" 200 50442
66.249.71.60 - - [22/Feb/2016:04:52:35 +0800] "GET /content/nav/relationSubject.jsp?relationWords=%E6%A4%86%E5%B1%AC+%E6%A4%8D%E7%89%A9%E7%95%8C+%E6%AE%BC%E6%96%97%E7%A7%91+%E8%B5%A4%E7%9A%AE+%E8%B5%A4%E7%9A%AE%E6%A4%86+&oid=2148989 HTTP/1.1" 200 3312
66.249.71.60 - - [22/Feb/2016:04:52:37 +0800] "GET /content/nav/relationSubject.jsp?relationWords=%E6%A4%86%E5%B1%AC%20%E6%A4%8D%E7%89%A9%E7%95%8C%20%E6%AE%BC%E6%96%97%E7%A7%91%20%E8%B5%A4%E7%9A%AE%20%E8%B5%A4%E7%9A%AE%E6%A4%86%20&oid=2148989 HTTP/1.1" 200 3312
66.249.71.60 - - [22/Feb/2016:04:53:09 +0800] "GET /content/nav/relationSubject.jsp?relationWords=%E6%A4%8D%E7%89%A9%E7%95%8C+%E7%B4%B0%E8%91%89%E9%87%91%E5%8D%88%E6%99%82%E8%8A%B1+%E9%87%91%E5%8D%88%E6%99%82%E8%8A%B1%E5%B1%AC+%E9%8C%A6%E8%91%B5+%E9%8C%A6%E8%91%B5%E7%A7%91+&oid=2150500 HTTP/1.1" 200 3396
66.249.71.60 - - [22/Feb/2016:04:53:10 +0800] "GET /content/nav/relationSubject.jsp?relationWords=%E6%A4%8D%E7%89%A9%E7%95%8C%20%E7%B4%B0%E8%91%89%E9%87%91%E5%8D%88%E6%99%82%E8%8A%B1%20%E9%87%91%E5%8D%88%E6%99%82%E8%8A%B1%E5%B1%AC%20%E9%8C%A6%E8%91%B5%20%E9%8C%A6%E8%91%B5%E7%A7%91%20&oid=2150500 HTTP/1.1" 200 3396
66.249.74.98 - - [22/Feb/2016:04:53:17 +0800] "GET /content/repository/resource_content.jsp?oid=1897831 HTTP/1.1" 200 29145
66.249.71.60 - - [22/Feb/2016:04:54:01 +0800] "GET /content/repository/resource_content.jsp?oid=2688905 HTTP/1.1" 200 30214
66.249.71.14 - - [22/Feb/2016:04:54:47 +0800] "GET /digiarch3/content/repository/resource_content.jsp?oid=1517492&queryType=qs&queryString=%E7%81%AB%E6%9F%B4 HTTP/1.1" 200 28812
66.249.71.60 - - [22/Feb/2016:04:55:30 +0800] "GET /content/subject/resource_content.jsp?oid=16777787&queryString=%E6%9E%97%E7%8D%BB%E5%A0%82%20%E6%A5%8A%E8%82%87%E5%98%89%20%E6%B2%88%E8%91%86%E7%A6%8E%20%E8%A8%B1%E5%BF%97%20%E9%95%B7%E8%B0%B7%E5%B7%9D%E6%B8%85 HTTP/1.1" 200 57808
66.249.71.60 - - [22/Feb/2016:04:55:33 +0800] "GET /content/nav/relationSubject.jsp?relationWords=%E5%90%8F%E9%83%A8+%E5%A4%A7%E5%AD%B8%E5%A3%AB+%E7%9F%A5%E7%85%A7+%E7%BD%B0%E4%BF%B8+&oid=2673902 HTTP/1.1" 200 4978
66.249.74.98 - - [22/Feb/2016:04:55:43 +0800] "GET /content/nav/relationSubject.jsp?relationWords=%E5%90%8F%E9%83%A8%20%E5%A4%A7%E5%AD%B8%E5%A3%AB%20%E7%9F%A5%E7%85%A7%20%E7%BD%B0%E4%BF%B8%20&oid=2673902 HTTP/1.1" 200 4978
66.249.71.105 - - [22/Feb/2016:04:57:00 +0800] "GET /content/repository/resource_content.jsp?oid=15275&queryType=qs&queryString=%E6%9B%B3%E7%B5%B2 HTTP/1.1" 200 34325
157.55.39.217 - - [22/Feb/2016:04:57:06 +0800] "GET /content/repository/resource_content.jsp?oid=1106553&queryString=%E4%B8%AD%E5%8E%9F%E6%B0%8F%E9%AC%BC%E7%9D%A3%E9%83%B5%20%E6%A4%8D%E7%89%A9%E7%95%8C%20%E8%8F%8A%E7%A7%91%20%E9%9B%99%E5%AD%90%E8%91%89%E6%A4%8D%E7%89%A9%20%E9%AC%BC%E7%9D%A3%E9%83%B5%E5%B1%AC HTTP/1.1" 200 31842
66.249.74.98 - - [22/Feb/2016:04:57:09 +0800] "GET /content/nav/relationSubject.jsp?relationWords=&oid=2675489 HTTP/1.1" 200 1405
66.249.71.60 - - [22/Feb/2016:04:57:22 +0800] "GET /content/nav/relationSubject.jsp?relationWords=%E5%BD%B0%E5%8C%96%E7%B8%A3%E8%AD%B0%E6%9C%83+%E6%87%87%E8%BD%89+%E6%9C%83%E8%AD%B0%E7%B4%80%E9%8C%84+%E6%9E%97%E5%85%88%E9%BD%8A+%E6%B1%BA%E7%AE%97+%E7%B3%96%E5%BB%A0+%E7%B6%AD%E6%B0%91+%E8%87%BA%E7%81%A3%E9%8A%80%E8%A1%8C+%E8%87%BA%E7%B3%96+%E8%AD%B0%E9%95%B7+%E8%B2%A8%E9%81%8B+%E8%B3%B4%E7%B6%AD%E7%A8%AE+&oid=1536473 HTTP/1.1" 200 6080
66.249.71.60 - - [22/Feb/2016:04:57:23 +0800] "GET /content/nav/relationSubject.jsp?relationWords=%E5%BD%B0%E5%8C%96%E7%B8%A3%E8%AD%B0%E6%9C%83%20%E6%87%87%E8%BD%89%20%E6%9C%83%E8%AD%B0%E7%B4%80%E9%8C%84%20%E6%9E%97%E5%85%88%E9%BD%8A%20%E6%B1%BA%E7%AE%97%20%E7%B3%96%E5%BB%A0%20%E7%B6%AD%E6%B0%91%20%E8%87%BA%E7%81%A3%E9%8A%80%E8%A1%8C%20%E8%87%BA%E7%B3%96%20%E8%AD%B0%E9%95%B7%20%E8%B2%A8%E9%81%8B%20%E8%B3%B4%E7%B6%AD%E7%A8%AE%20&oid=1536473 HTTP/1.1" 200 6080
66.249.71.64 - - [22/Feb/2016:05:01:08 +0800] "GET /content/nav/relationSubject.jsp?relationWords=%E5%8E%9A%E6%AE%BC%E6%A8%B9%E5%B1%AC+%E6%A4%8D%E7%89%A9%E7%95%8C+%E7%A0%B4%E7%9A%AE%E7%83%8F+%E7%B4%AB%E8%8D%89%E7%A7%91+&oid=1103223 HTTP/1.1" 200 3295
66.249.71.64 - - [22/Feb/2016:05:01:11 +0800] "GET /content/nav/relationSubject.jsp?relationWords=%E5%8E%9A%E6%AE%BC%E6%A8%B9%E5%B1%AC%20%E6%A4%8D%E7%89%A9%E7%95%8C%20%E7%A0%B4%E7%9A%AE%E7%83%8F%20%E7%B4%AB%E8%8D%89%E7%A7%91%20&oid=1103223 HTTP/1.1" 200 3295
157.55.39.118 - - [22/Feb/2016:05:01:41 +0800] "GET /content/repository/resource_content.jsp?oid=1779811&queryString=%E5%8F%B0%E7%81%A3%E5%8E%9F%E4%BD%8F%E6%B0%91%20%E6%95%B8%E4%BD%8D%E5%85%B8%E8%97%8F HTTP/1.1" 200 30462
157.55.39.212 - - [22/Feb/2016:05:02:23 +0800] "GET /content/nav/relationSubject.jsp?relationWords=%E5%8D%91%E5%8D%97%E6%97%8F+%E5%8F%B0%E7%81%A3%E5%8E%9F%E4%BD%8F%E6%B0%91+%E5%B8%83%E8%BE%B2%E6%97%8F+%E6%88%90%E5%B9%B4%E7%A6%AE+%E6%B3%B0%E9%9B%85%E6%97%8F+%E7%94%9F%E5%91%BD%E5%84%80%E7%A6%AE+%E7%94%9F%E5%91%BD%E7%A6%AE%E4%BF%97+%E8%B3%BD%E5%A4%8F%E6%97%8F+%E9%82%B5%E6%97%8F+%E9%84%92%E6%97%8F+%E9%9B%85%E7%BE%8E%E6%97%8F+%E9%AD%AF%E5%87%B1%E6%97%8F+&oid=1779811 HTTP/1.1" 200 5913
66.249.71.64 - - [22/Feb/2016:05:03:41 +0800] "GET /content/repository/resource_content.jsp?oid=4351932&queryString=%E6%9D%BE%E6%AF%AC%E9%AD%9A HTTP/1.1" 200 34936
66.249.71.64 - - [22/Feb/2016:05:03:54 +0800] "GET /content/nav/relationSubject.jsp?relationWords=%E6%9D%BE%E6%AF%AC%E9%AD%9A+&oid=4351932 HTTP/1.1" 200 3067
66.249.71.64 - - [22/Feb/2016:05:04:08 +0800] "GET /content/nav/relationSubject.jsp?relationWords=%E4%B8%8A%E8%AA%B2+%E6%95%99%E8%82%B2%E5%B1%80+%E6%95%99%E8%82%B2%E5%BB%B3+%E9%84%89%E9%8E%AE%E5%B8%82%E9%95%B7+%E9%A0%90%E7%AE%97+&oid=1614314 HTTP/1.1" 200 5392
66.249.71.60 - - [22/Feb/2016:05:04:09 +0800] "GET /content/nav/relationSubject.jsp?relationWords=%E5%82%85%E5%96%84%E9%88%BF+%E5%90%B3%E5%BE%A9%E7%94%9F+%E5%BC%B5%E5%BE%B7%E7%85%8C+%E5%BC%B5%E8%98%AD%E4%BA%AD+%E6%A5%8A%E6%AD%A3+%E6%A8%99%E5%94%AE+%E7%8E%8B%E5%AD%B8%E8%8A%B3+%E7%A7%BB%E4%BA%A4+%E8%87%A8%E6%99%82%E7%9C%81%E8%AD%B0%E6%9C%83+%E8%87%BA%E7%81%A3%E7%9C%81+%E8%91%89%E6%8D%B7%E6%96%B0+%E8%91%89%E9%9B%B2%E9%91%91+%E9%84%AD%E8%B5%B7%E6%BF%A4+&oid=1520154 HTTP/1.1" 200 4928
