66.249.77.236 - - [02/Feb/2014:00:00:09 +0800] "GET /content/pictures/picture_content.jsp?oid=33554453&classify= HTTP/1.1" 200 26440
66.249.77.195 - - [02/Feb/2014:00:01:13 +0800] "GET /content/nav/relationSubject.jsp?relationWords=&oid=2564269 HTTP/1.1" 200 1413
66.249.77.195 - - [02/Feb/2014:00:02:55 +0800] "GET /content/nav/relationSubject.jsp?relationWords=%E6%B3%B0%E9%9B%85%E6%97%8F+%E8%83%8E%E5%85%92+&oid=1777989 HTTP/1.1" 200 5669
66.249.77.8 - - [02/Feb/2014:00:04:20 +0800] "GET /content/nav/relationSubject.jsp?relationWords=%E5%B9%B3%E4%BA%A4%E9%81%93+%E8%87%BA%E7%B3%96+&oid=1580211 HTTP/1.1" 200 4131
66.249.74.113 - - [02/Feb/2014:00:05:26 +0800] "GET /content/subject/resource_content.jsp?oid=16777373&queryString=%E6%95%B8%E4%BD%8D%E5%85%B8%E8%97%8F%20%E7%A7%91%E6%99%AE HTTP/1.1" 200 26622
66.249.77.195 - - [02/Feb/2014:00:09:08 +0800] "GET /content/repository/resource_content.jsp?oid=1896063&queryString=%E5%85%AC%E6%95%99%E4%BA%BA%E5%93%A1%20%E6%96%B0%E8%87%BA%E5%B9%A3 HTTP/1.1" 200 28625
66.249.77.236 - - [02/Feb/2014:00:10:13 +0800] "GET /content/subject/resource_content.jsp?oid=16777748&queryString= HTTP/1.1" 200 38461
220.181.108.119 - - [02/Feb/2014:00:10:31 +0800] "GET /content/subject/resource_content.jsp?oid=16777336&queryType=qc HTTP/1.1" 200 31102
66.249.77.195 - - [02/Feb/2014:00:11:18 +0800] "GET /content/repository/resource_content.jsp?oid=2575686 HTTP/1.1" 200 28048
123.125.71.79 - - [02/Feb/2014:00:11:31 +0800] "GET /content/repository/resource_content.jsp?oid=2578217 HTTP/1.1" 200 24678
66.249.74.221 - - [02/Feb/2014:00:13:14 +0800] "GET /content/nav/relationSubject.jsp?relationWords=&oid=2562826 HTTP/1.1" 200 1413
66.249.77.8 - - [02/Feb/2014:00:14:06 +0800] "GET /content/tmp_exh/resource_content.jsp?oid=16777768&queryType=qc HTTP/1.1" 200 33604
66.249.77.195 - - [02/Feb/2014:00:15:10 +0800] "GET /content/nav/relationSubject.jsp?relationWords=&oid=2564260 HTTP/1.1" 200 1413
66.249.74.221 - - [02/Feb/2014:00:16:12 +0800] "GET /content/nav/relationSubject.jsp?relationWords=&oid=2564211 HTTP/1.1" 200 1413
66.249.74.221 - - [02/Feb/2014:00:17:15 +0800] "GET /digiarch_en/content/pictures/picture_content.jsp?oid=33554738 HTTP/1.1" 200 21299
66.249.77.172 - - [02/Feb/2014:00:19:22 +0800] "GET /content/subject/resource_content.jsp?oid=16777693&queryType=qs&queryString=%E6%9D%8E%E7%99%BB%E8%BC%9D HTTP/1.1" 200 52868
66.249.74.221 - - [02/Feb/2014:00:21:22 +0800] "GET /content/nav/relationSubject.jsp?relationWords=&oid=2564490 HTTP/1.1" 200 1413
66.249.77.195 - - [02/Feb/2014:00:24:44 +0800] "GET /content/repository/resource_content.jsp?oid=1896063&queryString=%E5%85%AC%E6%95%99%E4%BA%BA%E5%93%A1%20%E7%9C%B7%E8%88%8D HTTP/1.1" 200 28625
66.249.77.195 - - [02/Feb/2014:00:25:49 +0800] "GET /content/nav/relationSubject.jsp?relationWords=&oid=2564443 HTTP/1.1" 200 1413
66.249.77.195 - - [02/Feb/2014:00:27:27 +0800] "GET /content/tmp_exh/resource_content.jsp?oid=16777789&queryType=qc HTTP/1.1" 200 40771
66.249.77.195 - - [02/Feb/2014:00:28:32 +0800] "GET /content/nav/relationSubject.jsp?relationWords=&oid=2564504 HTTP/1.1" 200 1413
66.249.77.195 - - [02/Feb/2014:00:29:24 +0800] "GET /content/nav/relationSubject.jsp?relationWords=&oid=2562826 HTTP/1.1" 200 1413
180.76.6.17 - - [02/Feb/2014:00:29:44 +0800] "GET /content/subject/resource_content.jsp?oid=16777308&queryType=qc HTTP/1.1" 200 27088
111.240.212.89 - - [02/Feb/2014:00:29:48 +0800] "GET /content/tmp_exh/resource_content.jsp?oid=16777789 HTTP/1.1" 200 40771
66.249.77.195 - - [02/Feb/2014:00:30:18 +0800] "GET /content/repository/resource_content.jsp?oid=1896063&queryString=%E5%85%AC%E6%95%99%E4%BA%BA%E5%93%A1%20%E8%A3%95%E6%B0%91 HTTP/1.1" 200 28625
111.240.212.89 - - [02/Feb/2014:00:30:53 +0800] "GET /content/nav/relationSubject.jsp?relationWords=%E5%9C%8B%E9%9A%9B%E6%9B%B8%E5%B1%95+%E6%80%9D%E6%83%B3+%E6%96%87%E6%98%9F+%E7%9A%87%E8%BC%BF+%E9%87%8D%E6%85%B6%E5%8D%97%E8%B7%AF+&oid=16777789 HTTP/1.1" 200 5051
66.249.74.162 - - [02/Feb/2014:00:31:24 +0800] "GET /content/tmp_exh/resource_content.jsp?oid=16777755&queryString= HTTP/1.1" 200 33089
66.249.77.195 - - [02/Feb/2014:00:33:32 +0800] "GET /content/repository/resource_content.jsp?oid=1896063&queryString=%E5%89%B5%E6%A5%AD%20%E7%A4%BE%E6%9C%83%E5%95%8F%E9%A1%8C%20%E8%B2%B8%E6%AC%BE HTTP/1.1" 200 28509
66.249.77.195 - - [02/Feb/2014:00:34:37 +0800] "GET /content/nav/relationSubject.jsp?relationWords=%E6%B3%B0%E9%9B%85%E6%97%8F+%E8%83%8E%E5%85%92+&oid=1777989 HTTP/1.1" 200 5669
66.249.77.195 - - [02/Feb/2014:00:37:29 +0800] "GET /content/repository/resource_content.jsp?oid=1896063&queryString=%E5%9B%9B%E5%BA%9C%20%E5%AE%8F%E6%95%88%E6%A1%88%20%E8%B2%B8%E6%AC%BE%20%E8%BE%B2%E6%9D%91%E5%BB%BA%E8%A8%AD HTTP/1.1" 200 28509
66.249.77.195 - - [02/Feb/2014:00:38:35 +0800] "GET /content/repository/resource_content.jsp?oid=1896063&queryString=%E5%A2%9E%E7%94%A2%E6%A1%88%20%E6%96%B0%E8%87%BA%E5%B9%A3%20%E6%B0%B4%E7%A8%BB%20%E7%B3%A7%E9%A3%9F%E5%A2%9E%E7%94%A2%20%E8%B2%B8%E6%AC%BE HTTP/1.1" 200 28509
118.168.204.232 - - [02/Feb/2014:00:38:40 +0800] "GET /content/repository/resource_content.jsp?oid=1605329 HTTP/1.1" 200 30589
66.249.77.195 - - [02/Feb/2014:00:39:40 +0800] "GET /content/repository/resource_content.jsp?oid=1895748 HTTP/1.1" 200 27787
124.8.233.155 - - [02/Feb/2014:00:40:02 +0800] "GET /content/nav/relationSubject.jsp?relationWords=%E5%B1%B1%E8%8A%99%E8%93%89+%E6%9C%A8%E8%8A%99%E8%93%89+%E8%96%9B%E6%BF%A4+%E9%86%89%E8%8A%99%E8%93%89+&oid=16777260 HTTP/1.1" 200 4603
66.249.77.62 - - [02/Feb/2014:00:40:51 +0800] "GET /digiarch2/content/repository/resource_content.jsp?oid=710009&queryType=qc HTTP/1.1" 200 9071
66.249.77.195 - - [02/Feb/2014:00:42:51 +0800] "GET /content/repository/resource_content.jsp?oid=1896063&queryString=%E5%AD%98%E6%AC%BE%20%E6%89%80%E5%BE%97%E7%A8%85%20%E7%A8%85%E6%B3%95%20%E8%B2%B8%E6%AC%BE HTTP/1.1" 200 28509
124.8.233.155 - - [02/Feb/2014:00:43:19 +0800] "GET /content/nav/relationSubject.jsp?relationWords=%E5%B1%B1%E8%8A%99%E8%93%89+%E6%9C%A8%E8%8A%99%E8%93%89+%E8%96%9B%E6%BF%A4+%E9%86%89%E8%8A%99%E8%93%89+&oid=16777260 HTTP/1.1" 200 4603
66.249.77.195 - - [02/Feb/2014:00:44:51 +0800] "GET /content/repository/resource_content.jsp?oid=1896063&queryString=%E8%9E%8D%E8%B3%87%20%E8%B2%A1%E5%9C%98%20%E8%B2%B8%E6%AC%BE HTTP/1.1" 200 28509
66.249.77.62 - - [02/Feb/2014:00:45:58 +0800] "GET /digiarch3/content/tmp_auth/resource_content.jsp?oid=16777667 HTTP/1.1" 200 27803
66.249.77.195 - - [02/Feb/2014:00:47:04 +0800] "GET /content/repository/resource_content.jsp?oid=1896154&queryString=%E5%85%AC%E6%95%99%E4%BA%BA%E5%93%A1%20%E5%9C%8B%E7%AD%96%E6%A1%88%20%E8%BC%94%E5%B0%8E%E6%A9%9F%E6%A7%8B HTTP/1.1" 200 29970
66.249.77.172 - - [02/Feb/2014:00:47:10 +0800] "GET /content/repository/resource_content.jsp?oid=15874&queryString=%E5%8F%B0%E7%81%A3%E9%AD%9A%E9%A1%9E%20%E6%93%AC%E9%B1%B8%20%E7%89%9F%E5%A9%81%E6%93%AC%E9%B1%B8 HTTP/1.1" 200 32767
114.42.140.233 - - [02/Feb/2014:00:47:28 +0800] "GET /content/nav/relationSubject.jsp?relationWords=%E9%9D%92%E5%89%9B%E6%AB%9F+&oid=16777349 HTTP/1.1" 200 4014
66.249.77.195 - - [02/Feb/2014:00:49:14 +0800] "GET /content/nav/relationSubject.jsp?relationWords=&oid=2564260 HTTP/1.1" 200 1413
42.70.159.101 - - [02/Feb/2014:00:50:03 +0800] "GET /content/tmp_exh/resource_content.jsp?oid=16777763 HTTP/1.1" 200 30779
42.70.159.101 - - [02/Feb/2014:00:51:10 +0800] "GET /content/nav/relationSubject.jsp?relationWords=%E6%9E%97%E7%8D%BB%E5%A0%82+%E6%A5%8A%E8%82%87%E5%98%89+%E6%B2%88%E8%91%86%E7%A6%8E+%E8%A8%B1%E5%BF%97+%E9%95%B7%E8%B0%B7%E5%B7%9D%E6%B8%85+&oid=16777763 HTTP/1.1" 200 4346
66.249.77.236 - - [02/Feb/2014:00:52:10 +0800] "GET /content/subject/resource_content.jsp?oid=16777462&queryType=qs&queryString=%E6%95%B8%E4%BD%8D%E5%AD%B8%E7%BF%92 HTTP/1.1" 200 54298
66.249.77.236 - - [02/Feb/2014:00:55:13 +0800] "GET /content/repository/resource_content.jsp?oid=1566224&queryType=qs&queryString=%E5%BB%BA%E7%AF%89%E5%B8%AB HTTP/1.1" 200 29953
66.249.77.172 - - [02/Feb/2014:00:57:07 +0800] "GET /content/subject/resource_content.jsp?oid=16777693&queryType=qs&queryString=%E7%8F%8D%E7%8F%A0%E6%B8%AF HTTP/1.1" 200 52868
66.249.77.236 - - [02/Feb/2014:00:59:01 +0800] "GET /content/tmp_exh/resource_content.jsp?oid=16777760&queryString= HTTP/1.1" 200 34997
180.76.5.197 - - [02/Feb/2014:00:59:45 +0800] "GET /content/tmp_exh/resource_content.jsp?oid=16777790&queryType=qc HTTP/1.1" 200 38771
66.249.77.195 - - [02/Feb/2014:01:00:24 +0800] "GET /content/nav/relationSubject.jsp?relationWords=&oid=2564504 HTTP/1.1" 200 1413
66.249.77.195 - - [02/Feb/2014:01:02:01 +0800] "GET /content/repository/resource_content.jsp?oid=1776471 HTTP/1.1" 200 26509
66.249.74.162 - - [02/Feb/2014:01:05:47 +0800] "GET /content/tmp_exh/resource_content.jsp?oid=16777763&queryString= HTTP/1.1" 200 30790
66.249.74.7 - - [02/Feb/2014:01:06:56 +0800] "GET /digiarch3/content/subject/resource_content.jsp?oid=16777712&queryType=qc HTTP/1.1" 200 33874
66.249.77.195 - - [02/Feb/2014:01:08:47 +0800] "GET /content/repository/resource_content.jsp?oid=1896154&queryString=%E5%85%AC%E6%95%99%E4%BA%BA%E5%93%A1%20%E5%BA%9C%E4%BA%BA%E4%B8%99%E5%AD%97%20%E7%94%9F%E6%B4%BB%E8%A3%9C%E5%8A%A9%E8%B2%BB%20%E8%BB%8D%E5%85%AC%E6%95%99 HTTP/1.1" 200 29999
66.249.77.195 - - [02/Feb/2014:01:10:37 +0800] "GET /content/nav/relationSubject.jsp?relationWords=&oid=2564451 HTTP/1.1" 200 1413
66.249.77.195 - - [02/Feb/2014:01:11:21 +0800] "GET /content/nav/relationSubject.jsp?relationWords=&oid=2564264 HTTP/1.1" 200 1413
66.249.77.195 - - [02/Feb/2014:01:12:07 +0800] "GET /content/repository/resource_content.jsp?oid=4351918&queryString=%E6%B2%88%E6%B0%8F%20%E7%88%AC%E5%B2%A9%E9%B0%8D HTTP/1.1" 200 32884
114.47.226.200 - - [02/Feb/2014:01:14:50 +0800] "GET /content/nav/relationSubject.jsp?relationWords=%E8%8B%A6%E8%8B%93+&oid=16777317 HTTP/1.1" 200 3191
180.76.5.60 - - [02/Feb/2014:01:16:34 +0800] "GET /content/subject/resource_content.jsp?oid=16777508&queryType=qc HTTP/1.1" 200 35318
66.249.77.195 - - [02/Feb/2014:01:17:10 +0800] "GET /content/repository/resource_content.jsp?oid=2585806 HTTP/1.1" 200 28227
66.249.77.195 - - [02/Feb/2014:01:18:17 +0800] "GET /content/nav/relationSubject.jsp?relationWords=&oid=2564293 HTTP/1.1" 200 1413
66.249.74.221 - - [02/Feb/2014:01:19:25 +0800] "GET /content/repository/resource_content.jsp?oid=15101&queryString=%E5%A4%A7%E7%9C%BC%E9%AF%9B%20%E5%A4%A7%E7%9C%BC%E9%AF%9B%E7%A7%91 HTTP/1.1" 200 34259
66.249.77.195 - - [02/Feb/2014:01:22:32 +0800] "GET /content/nav/relationSubject.jsp?relationWords=&oid=2564451 HTTP/1.1" 200 1413
66.249.74.221 - - [02/Feb/2014:01:25:29 +0800] "GET /content/repository/resource_content.jsp?oid=2585747 HTTP/1.1" 200 28232
66.249.77.195 - - [02/Feb/2014:01:27:27 +0800] "GET /content/repository/resource_content.jsp?oid=1896782&queryString=%E5%98%89%E7%BE%A9%E5%B8%82%20%E5%B9%B3%E4%BA%A4%E9%81%93%20%E7%BE%A9%E8%B7%AF%20%E9%90%B5%E8%B7%AF%E5%B1%80 HTTP/1.1" 200 28909
66.249.77.195 - - [02/Feb/2014:01:28:34 +0800] "GET /content/nav/relationSubject.jsp?relationWords=&oid=2564443 HTTP/1.1" 200 1413
66.249.77.195 - - [02/Feb/2014:01:30:38 +0800] "GET /content/repository/resource_content.jsp?oid=1624710&queryString=%E4%B8%80%E5%BA%9C%E6%95%99 HTTP/1.1" 200 28155
66.249.77.195 - - [02/Feb/2014:01:31:46 +0800] "GET /content/nav/relationSubject.jsp?relationWords=&oid=2561212 HTTP/1.1" 200 1413
66.249.77.236 - - [02/Feb/2014:01:32:52 +0800] "GET /content/subject/resource_content.jsp?oid=16777262&queryType=qs&queryString=%E8%A1%8C%E9%81%93%E6%A8%B9 HTTP/1.1" 200 31171
66.249.74.221 - - [02/Feb/2014:01:36:59 +0800] "GET /content/nav/relationSubject.jsp?relationWords=&oid=2564262 HTTP/1.1" 200 1413
66.249.77.195 - - [02/Feb/2014:01:37:54 +0800] "GET /content/repository/resource_content.jsp?oid=1896782&queryString=%E5%9C%9F%E5%9C%B0%E5%BE%B5%E6%94%B6%20%E5%9C%B0%E8%99%9F%20%E5%A4%A7%E7%94%B2%E9%8E%AE%20%E8%87%BA%E4%B8%AD%E7%B8%A3%20%E9%90%B5%E8%B7%AF%E5%B1%80 HTTP/1.1" 200 28906
157.55.34.94 - - [02/Feb/2014:01:38:33 +0800] "GET /content/nav/relationSubject.jsp?relationWords=%E7%9C%8B%E8%AD%B7%E5%A9%A6+%E8%AD%B7%E5%A3%AB+&oid=16777604 HTTP/1.1" 200 4053
66.249.77.195 - - [02/Feb/2014:01:38:39 +0800] "GET /content/repository/resource_content.jsp?oid=4497543 HTTP/1.1" 200 27339
157.55.34.94 - - [02/Feb/2014:01:39:05 +0800] "GET /content/repository/resource_content.jsp?oid=1896359 HTTP/1.1" 200 27944
157.55.32.84 - - [02/Feb/2014:01:40:04 +0800] "GET /content/nav/relationSubject.jsp?relationWords=%E7%BE%8E%E5%B0%91%E5%A5%B3+&oid=16777663 HTTP/1.1" 200 2222
66.249.74.221 - - [02/Feb/2014:01:40:40 +0800] "GET /content/nav/relationSubject.jsp?relationWords=&oid=2564264 HTTP/1.1" 200 1413
66.249.77.195 - - [02/Feb/2014:01:41:17 +0800] "GET /content/nav/relationSubject.jsp?relationWords=&oid=2564295 HTTP/1.1" 200 1413
65.55.52.114 - - [02/Feb/2014:01:41:26 +0800] "GET /content/repository/resource_content.jsp?oid=1899167 HTTP/1.0" 200 29925
66.249.77.195 - - [02/Feb/2014:01:41:32 +0800] "GET /content/nav/relationSubject.jsp?relationWords=&oid=2561292 HTTP/1.1" 200 1413
81.209.177.140 - - [02/Feb/2014:01:41:34 +0800] "GET /content/subject/resource_content.jsp?oid=16777742&queryType=qc HTTP/1.1" 200 38018
66.249.77.236 - - [02/Feb/2014:01:41:47 +0800] "GET /content/subject/resource_content.jsp?oid=16777475&queryType=qc HTTP/1.1" 200 61126
66.249.77.195 - - [02/Feb/2014:01:42:08 +0800] "GET /content/nav/relationSubject.jsp?relationWords=&oid=2564230 HTTP/1.1" 200 1413
81.209.177.189 - - [02/Feb/2014:01:42:38 +0800] "GET /content/subject/resource_content.jsp?oid=16777471&queryType=qc HTTP/1.1" 200 29269
114.37.91.40 - - [02/Feb/2014:01:42:41 +0800] "GET /content/repository/resource_content.jsp?oid=1898401 HTTP/1.1" 200 28308
114.37.91.40 - - [02/Feb/2014:01:42:43 +0800] "GET /content/nav/relationSubject.jsp?relationWords=%E5%89%8D%E9%8E%AE+%E5%89%8D%E9%8E%AE%E5%8D%80+%E5%9C%B0%E8%99%9F+%E6%B8%AF%E5%8B%99+%E6%B8%AF%E5%8B%99%E5%B1%80+%E7%81%A3%E7%9C%81%E6%94%BF%E5%BA%9C+%E7%9C%81%E6%94%BF%E5%BA%9C+%E8%87%BA%E7%81%A3%E7%9C%81+%E8%87%BA%E7%81%A3%E7%9C%81%E6%94%BF%E5%BA%9C+%E9%AB%98%E9%9B%84%E5%B8%82+%E9%AB%98%E9%9B%84%E6%B8%AF+%E9%AB%98%E9%9B%84%E6%B8%AF%E5%8B%99%E5%B1%80+&oid=1898401 HTTP/1.1" 200 5045
66.249.77.172 - - [02/Feb/2014:01:42:51 +0800] "GET /content/subject/resource_content.jsp?oid=16777481&queryType=qs&queryString=%E7%A0%94%E7%A9%B6%E5%AE%A4 HTTP/1.1" 200 171208
81.209.177.140 - - [02/Feb/2014:01:42:53 +0800] "GET /content/subject/resource_content.jsp?oid=16777458&queryType=qc HTTP/1.1" 200 30617
66.249.77.195 - - [02/Feb/2014:01:43:11 +0800] "GET /content/nav/relationSubject.jsp?relationWords=%E5%8D%B3%E5%A2%A8%E7%B8%A3+%E5%96%AE%E8%89%B2+&oid=199079 HTTP/1.1" 200 3250
114.37.91.40 - - [02/Feb/2014:01:43:30 +0800] "GET /content/repository/resource_content.jsp?oid=1898401 HTTP/1.1" 200 28309
114.37.91.40 - - [02/Feb/2014:01:43:30 +0800] "GET /content/nav/relationSubject.jsp?relationWords=%E5%89%8D%E9%8E%AE+%E5%89%8D%E9%8E%AE%E5%8D%80+%E5%9C%B0%E8%99%9F+%E6%B8%AF%E5%8B%99+%E6%B8%AF%E5%8B%99%E5%B1%80+%E7%81%A3%E7%9C%81%E6%94%BF%E5%BA%9C+%E7%9C%81%E6%94%BF%E5%BA%9C+%E8%87%BA%E7%81%A3%E7%9C%81+%E8%87%BA%E7%81%A3%E7%9C%81%E6%94%BF%E5%BA%9C+%E9%AB%98%E9%9B%84%E5%B8%82+%E9%AB%98%E9%9B%84%E6%B8%AF+%E9%AB%98%E9%9B%84%E6%B8%AF%E5%8B%99%E5%B1%80+&oid=1898401 HTTP/1.1" 200 5045
81.209.177.189 - - [02/Feb/2014:01:43:42 +0800] "GET /content/subject/resource_content.jsp?oid=16777358&queryType=qc HTTP/1.1" 200 27616
66.249.77.8 - - [02/Feb/2014:01:43:53 +0800] "GET /content/nav/relationSubject.jsp?relationWords=%E5%9C%B0%E5%9D%80+%E7%A7%91%E6%8A%80+&oid=1621828 HTTP/1.1" 200 7575
81.209.177.189 - - [02/Feb/2014:01:44:25 +0800] "GET /digiarch_en/content/subject/resource_content.jsp?oid=16777442&queryType=qc HTTP/1.1" 200 21550
66.249.77.195 - - [02/Feb/2014:01:44:33 +0800] "GET /content/nav/relationSubject.jsp?relationWords=&oid=2564211 HTTP/1.1" 200 1413
66.249.77.8 - - [02/Feb/2014:01:44:54 +0800] "GET /content/subject/resource_content.jsp?oid=16777475&queryString=%E5%8C%96%E5%A6%9D%E5%93%81%20%E5%A4%9A%E6%A8%A3%E6%80%A7%20%E5%B0%8F%E5%90%83 HTTP/1.1" 200 61056
66.249.77.172 - - [02/Feb/2014:01:45:13 +0800] "GET /content/nav/relationSubject.jsp?relationWords=%E5%BB%B6%E9%97%93%20%E8%AD%9A%E5%BB%B6%E9%97%93%20&oid=16777570 HTTP/1.1" 200 3961
81.209.177.189 - - [02/Feb/2014:01:45:31 +0800] "GET /digiarch_en/content/subject/resource_content.jsp?oid=16777408&queryType=qc HTTP/1.1" 200 21528
66.249.77.236 - - [02/Feb/2014:01:45:33 +0800] "GET /content/subject/resource_content.jsp?oid=16777359&queryType=qc HTTP/1.1" 200 32910
66.249.74.221 - - [02/Feb/2014:01:45:53 +0800] "GET /content/repository/resource_content.jsp?oid=1896782&queryString=%E5%9C%B0%E4%B8%8B%E9%81%93%20%E5%AE%89%E5%85%A8%E6%A1%88%20%E9%90%B5%E8%B7%AF%E5%B1%80%20%E9%B6%AF%E6%AD%8C HTTP/1.1" 200 28906
81.209.177.189 - - [02/Feb/2014:01:46:06 +0800] "GET /content/tmp_tec/resource_content.jsp?oid=16777734 HTTP/1.1" 200 36155
66.249.77.195 - - [02/Feb/2014:01:46:11 +0800] "GET /content/nav/relationSubject.jsp?relationWords=&oid=2564269 HTTP/1.1" 200 1413
81.209.177.189 - - [02/Feb/2014:01:46:18 +0800] "GET /content/subject/resource_content.jsp?oid=16777560&queryType=qc HTTP/1.1" 200 27643
66.249.77.195 - - [02/Feb/2014:01:46:30 +0800] "GET /content/nav/relationSubject.jsp?relationWords=&oid=2564282 HTTP/1.1" 200 1413
81.209.177.189 - - [02/Feb/2014:01:46:30 +0800] "GET /digiarch_en/content/subject/resource_content.jsp?oid=16777742&queryType=qc HTTP/1.1" 200 33877
81.209.177.189 - - [02/Feb/2014:01:46:45 +0800] "GET /content/subject/resource_content.jsp?oid=16777599&queryType=qc HTTP/1.1" 200 35994
66.249.77.195 - - [02/Feb/2014:01:47:07 +0800] "GET /content/nav/relationSubject.jsp?relationWords=&oid=2564306 HTTP/1.1" 200 1413
81.209.177.189 - - [02/Feb/2014:01:47:57 +0800] "GET /digiarch_en/content/subject/resource_content.jsp?oid=16777741&queryType=qc HTTP/1.1" 200 53770
81.209.177.189 - - [02/Feb/2014:01:48:22 +0800] "GET /digiarch_en/content/subject/resource_content.jsp?oid=16777738&queryType=qc HTTP/1.1" 200 44576
66.249.77.195 - - [02/Feb/2014:01:48:26 +0800] "GET /content/repository/resource_content.jsp?oid=1892885 HTTP/1.1" 200 27603
66.249.74.221 - - [02/Feb/2014:01:48:26 +0800] "GET /content/nav/relationSubject.jsp?relationWords=&oid=2564197 HTTP/1.1" 200 1413
66.249.77.195 - - [02/Feb/2014:01:48:37 +0800] "GET /content/nav/relationSubject.jsp?relationWords=&oid=2564501 HTTP/1.1" 200 1413
66.249.77.195 - - [02/Feb/2014:01:48:46 +0800] "GET /content/nav/relationSubject.jsp?relationWords=&oid=2564333 HTTP/1.1" 200 1413
81.209.177.140 - - [02/Feb/2014:01:48:49 +0800] "GET /content/subject/resource_content.jsp?oid=16777426&queryType=qc HTTP/1.1" 200 37896
66.249.77.195 - - [02/Feb/2014:01:49:02 +0800] "GET /content/nav/relationSubject.jsp?relationWords=&oid=2564383 HTTP/1.1" 200 1413
81.209.177.189 - - [02/Feb/2014:01:49:09 +0800] "GET /digiarch_en/content/subject/resource_content.jsp?oid=16777386&queryType=qc HTTP/1.1" 200 32629
66.249.77.195 - - [02/Feb/2014:01:49:20 +0800] "GET /content/nav/relationSubject.jsp?relationWords=&oid=2564283 HTTP/1.1" 200 1413
81.209.177.189 - - [02/Feb/2014:01:49:51 +0800] "GET /digiarch_en/content/subject/resource_content.jsp?oid=16777599&queryType=qc HTTP/1.1" 200 32831
66.249.77.195 - - [02/Feb/2014:01:49:55 +0800] "GET /content/tmp_auth/resource_content.jsp?oid=16777371 HTTP/1.1" 200 40609
81.209.177.189 - - [02/Feb/2014:01:50:31 +0800] "GET /content/tmp_exh/resource_content.jsp?oid=16777789&queryType=qc HTTP/1.1" 200 40771
66.249.74.221 - - [02/Feb/2014:01:51:03 +0800] "GET /content/repository/resource_content.jsp?oid=1777519 HTTP/1.1" 200 34730
66.249.77.195 - - [02/Feb/2014:01:51:19 +0800] "GET /content/repository/resource_content.jsp?oid=1896782&queryString=%E5%AE%A2%E9%81%8B%20%E9%90%B5%E8%B7%AF%E5%B1%80 HTTP/1.1" 200 28906
36.238.254.217 - - [02/Feb/2014:01:51:21 +0800] "GET /content/tmp_tec/resource_content.jsp?oid=16777728 HTTP/1.1" 200 57827
36.238.254.217 - - [02/Feb/2014:01:51:22 +0800] "GET /content/nav/relationSubject.jsp?relationWords=GIS+&oid=16777728 HTTP/1.1" 200 2515
81.209.177.189 - - [02/Feb/2014:01:51:25 +0800] "GET /content/subject/resource_content.jsp?oid=16777350&queryType=qc HTTP/1.1" 200 35787
81.209.177.189 - - [02/Feb/2014:01:51:40 +0800] "GET /content/subject/resource_content.jsp?oid=16777487&queryType=qc HTTP/1.1" 200 44669
66.249.77.195 - - [02/Feb/2014:01:52:24 +0800] "GET /content/repository/resource_content.jsp?oid=4636727&queryString=%E6%B2%88%E6%B0%8F%20%E7%88%AC%E5%B2%A9%E9%B0%8D HTTP/1.1" 200 31585
81.209.177.140 - - [02/Feb/2014:01:52:36 +0800] "GET /digiarch_en/content/tmp_exh/resource_content.jsp?oid=16777789&queryType=qc HTTP/1.1" 200 35489
66.249.77.195 - - [02/Feb/2014:01:53:10 +0800] "GET /content/repository/resource_content.jsp?oid=1896782&queryString=%E5%B7%AE%E6%97%85%E8%B2%BB%20%E8%81%B7%E7%B4%9A%20%E9%90%B5%E8%B7%AF%E5%B1%80 HTTP/1.1" 200 28906
66.249.77.236 - - [02/Feb/2014:01:53:25 +0800] "GET /content/subject/resource_content.jsp?oid=16777303&queryType=qs&queryString=%E8%A1%8C%E9%81%93%E6%A8%B9 HTTP/1.1" 200 33968
81.209.177.189 - - [02/Feb/2014:01:53:37 +0800] "GET /content/subject/resource_content.jsp?oid=16777341&queryType=qc HTTP/1.1" 200 36178
81.209.177.189 - - [02/Feb/2014:01:53:50 +0800] "GET /content/subject/resource_content.jsp?oid=16777740&queryType=qc HTTP/1.1" 200 40476
66.249.77.195 - - [02/Feb/2014:01:53:56 +0800] "GET /content/repository/resource_content.jsp?oid=2575819 HTTP/1.1" 200 28150
81.209.177.189 - - [02/Feb/2014:01:54:21 +0800] "GET /digiarch_en/content/subject/resource_content.jsp?oid=16777730&queryType=qc HTTP/1.1" 200 42662
66.249.77.62 - - [02/Feb/2014:01:54:27 +0800] "GET /digiarch3/content/subject/resource_content.jsp?oid=16777420&queryType=qs&queryString=%E9%87%8D%E6%85%B6%E5%8D%97%E8%B7%AF HTTP/1.1" 200 29166
81.209.177.140 - - [02/Feb/2014:01:55:06 +0800] "GET /content/tmp_auth/resource_content.jsp?oid=16777759 HTTP/1.1" 200 24517
81.209.177.189 - - [02/Feb/2014:01:55:26 +0800] "GET /digiarch_en/content/subject/resource_content.jsp?oid=16777783&queryType=qc HTTP/1.1" 200 53380
66.249.77.236 - - [02/Feb/2014:01:55:58 +0800] "GET /content/subject/resource_content.jsp?oid=16777333&queryType=qs&queryString=%E8%A1%8C%E9%81%93%E6%A8%B9 HTTP/1.1" 200 30978
81.209.177.189 - - [02/Feb/2014:01:56:15 +0800] "GET /digiarch_en/content/subject/resource_content.jsp?oid=16777421&queryType=qc HTTP/1.1" 200 28867
66.249.77.8 - - [02/Feb/2014:01:56:31 +0800] "GET /content/repository/resource_content.jsp?oid=524127&queryType=qc HTTP/1.1" 200 36873
66.249.74.117 - - [02/Feb/2014:01:56:32 +0800] "GET /content/pictures/picture_content.jsp?oid=33554486&queryType=qc HTTP/1.1" 200 26773
66.249.77.62 - - [02/Feb/2014:01:56:38 +0800] "GET /digiarch3/content/nav/relationSubject.jsp?relationWords=%E5%89%AA%E7%B4%99+%E6%95%B8%E4%BD%8D%E5%85%B8%E8%97%8F+&oid=16777420 HTTP/1.1" 200 6703
66.249.77.62 - - [02/Feb/2014:01:56:41 +0800] "GET /digiarch3/content/nav/relationSubject.jsp?relationWords=%E5%89%AA%E7%B4%99%20%E6%95%B8%E4%BD%8D%E5%85%B8%E8%97%8F%20&oid=16777420 HTTP/1.1" 200 6703
66.249.77.236 - - [02/Feb/2014:01:56:48 +0800] "GET /content/nav/relationSubject.jsp?relationWords=%E5%88%BA%E6%A1%90+%E7%8F%8A%E7%91%9A%E5%88%BA%E6%A1%90+&oid=16777333 HTTP/1.1" 200 3754
66.249.77.195 - - [02/Feb/2014:01:56:49 +0800] "GET /content/nav/relationSubject.jsp?relationWords=%E6%9E%97%E5%AE%97%E7%94%B7+%E6%A5%8A%E6%96%87%E6%AC%A3+%E9%82%B1%E9%8F%A1%E6%B7%B3+&oid=1892885 HTTP/1.1" 200 3843
66.249.77.8 - - [02/Feb/2014:01:56:50 +0800] "GET /content/nav/relationSubject.jsp?relationWords=%E5%A4%9A%E6%A8%A3%E6%80%A7+%E8%9E%BA%E9%88%BF+&oid=16777475 HTTP/1.1" 200 4348
66.249.77.236 - - [02/Feb/2014:01:56:52 +0800] "GET /content/nav/relationSubject.jsp?relationWords=%E5%88%BA%E6%A1%90%20%E7%8F%8A%E7%91%9A%E5%88%BA%E6%A1%90%20&oid=16777333 HTTP/1.1" 200 3754
66.249.77.195 - - [02/Feb/2014:01:57:23 +0800] "GET /content/repository/resource_content.jsp?oid=1896694&queryString=%E4%B8%89%E6%98%9F%E9%84%89%20%E5%9C%B0%E6%94%BF%E8%99%95%20%E8%BE%B2%E5%9C%B0%E9%87%8D%E5%8A%83%20%E9%87%8D%E5%8A%83%E5%8D%80 HTTP/1.1" 200 28085
66.249.77.172 - - [02/Feb/2014:01:57:36 +0800] "GET /content/subject/resource_content.jsp?oid=16777366&queryString=%E6%95%B8%E4%BD%8D%E5%85%B8%E8%97%8F%20%E6%96%B0%E5%A4%A9%E5%9C%B0%20%E9%AD%9A%E9%A1%9E%E8%B3%87%E6%96%99%E5%BA%AB HTTP/1.1" 200 33963
81.209.177.189 - - [02/Feb/2014:01:57:57 +0800] "GET /digiarch_en/content/subject/resource_content.jsp?oid=16777425&queryType=qc HTTP/1.1" 200 30371
81.209.177.189 - - [02/Feb/2014:01:58:11 +0800] "GET /digiarch_en/content/subject/resource_content.jsp?oid=16777728&queryType=qc HTTP/1.1" 200 61516
157.55.32.84 - - [02/Feb/2014:01:58:16 +0800] "GET /content/subject/resource_content.jsp?oid=16777448 HTTP/1.1" 200 33552
157.55.32.84 - - [02/Feb/2014:01:58:31 +0800] "GET /content/repository/resource_content.jsp?oid=1532673 HTTP/1.1" 200 28842
81.209.177.140 - - [02/Feb/2014:01:58:44 +0800] "GET /content/subject/resource_content.jsp?oid=16777734&queryType=qc HTTP/1.1" 200 39267
81.209.177.140 - - [02/Feb/2014:01:59:07 +0800] "GET /content/subject/resource_content.jsp?oid=16777730&queryType=qc HTTP/1.1" 200 45356
66.249.77.195 - - [02/Feb/2014:01:59:10 +0800] "GET /digiarch_en/content/subject/resource_content.jsp?oid=16777654&queryType=qc HTTP/1.1" 200 46439
66.249.77.8 - - [02/Feb/2014:01:59:15 +0800] "GET /content/repository/resource_content.jsp?oid=1530058&queryString=%E5%9C%8B%E6%B0%91%E4%BD%8F%E5%AE%85%20%E6%9C%83%E8%AD%B0%E7%B4%80%E9%8C%84%20%E6%B0%91%E6%94%BF%E9%A1%9E%20%E6%B0%B4%E5%88%A9%E5%B1%80%20%E8%87%BA%E7%81%A3%E7%9C%81%20%E9%9B%AA%E8%8E%89%E9%A2%B1%E9%A2%A8%20%E9%A0%90%E7%AE%97 HTTP/1.1" 200 30797
81.209.177.140 - - [02/Feb/2014:01:59:28 +0800] "GET /content/subject/resource_content.jsp?oid=16777738&queryType=qc HTTP/1.1" 200 49803
81.209.177.189 - - [02/Feb/2014:01:59:47 +0800] "GET /digiarch_en/content/subject/resource_content.jsp?oid=16777782&queryType=qc HTTP/1.1" 200 43871
81.209.177.189 - - [02/Feb/2014:02:00:32 +0800] "GET /digiarch_en/content/subject/resource_content.jsp?oid=16777734&queryType=qc HTTP/1.1" 200 36391
81.209.177.140 - - [02/Feb/2014:02:01:20 +0800] "GET /content/subject/resource_content.jsp?oid=16777463&queryType=qc HTTP/1.1" 200 27419
81.209.177.189 - - [02/Feb/2014:02:01:39 +0800] "GET /content/subject/resource_content.jsp?oid=16777349&queryType=qc HTTP/1.1" 200 35503
81.209.177.189 - - [02/Feb/2014:02:02:26 +0800] "GET /content/subject/resource_content.jsp?oid=16777469&queryType=qc HTTP/1.1" 200 30192
81.209.177.189 - - [02/Feb/2014:02:02:41 +0800] "GET /content/subject/resource_content.jsp?oid=16777660&queryType=qc HTTP/1.1" 200 69785
81.209.177.140 - - [02/Feb/2014:02:03:22 +0800] "GET /digiarch_en/content/subject/resource_content.jsp?oid=16777385&queryType=qc HTTP/1.1" 200 29056
81.209.177.189 - - [02/Feb/2014:02:04:41 +0800] "GET /content/tmp_exh/resource_content.jsp?oid=16777750&queryType=qc HTTP/1.1" 200 31683
81.209.177.189 - - [02/Feb/2014:02:05:05 +0800] "GET /content/subject/resource_content.jsp?oid=16777305&queryType=qc HTTP/1.1" 200 35138
66.249.77.62 - - [02/Feb/2014:02:05:58 +0800] "GET /digiarch3/content/repository/resource_content.jsp?oid=1125318&queryString=%E6%A3%98%E5%86%A0%E8%9E%BA HTTP/1.1" 200 31754
66.249.77.195 - - [02/Feb/2014:02:08:03 +0800] "GET /content/repository/resource_content.jsp?oid=1896782&queryString=%E5%B9%B3%E4%BA%A4%E9%81%93%20%E6%BD%AD%E5%AD%90%E9%84%89%20%E8%87%BA%E4%B8%AD%E7%B8%A3%20%E9%90%B5%E8%B7%AF%E5%B1%80 HTTP/1.1" 200 28906
66.249.77.236 - - [02/Feb/2014:02:08:04 +0800] "GET /content/tmp_exh/resource_content.jsp?oid=16777686&queryType=qc HTTP/1.1" 200 28336
66.249.77.195 - - [02/Feb/2014:02:08:08 +0800] "GET /content/repository/resource_content.jsp?oid=2585737 HTTP/1.1" 200 28307
66.249.77.195 - - [02/Feb/2014:02:08:13 +0800] "GET /content/subject/resource_content.jsp?oid=16777699&queryString=%E5%93%81%E8%B3%AA%20%E5%B1%B1%E5%9C%B0%E9%84%89%20%E5%B9%B3%E5%9C%B0%E5%B1%B1%E8%83%9E%20%E6%95%B4%E4%BF%AE%20%E7%94%A2%E6%A5%AD%E9%81%93%E8%B7%AF%20%E7%9C%81%E8%AD%B0%E6%9C%83%20%E9%98%B2%E6%B4%AA HTTP/1.1" 200 53136
66.249.74.162 - - [02/Feb/2014:02:08:16 +0800] "GET /content/subject/resource_content.jsp?oid=16777531&queryType=qc HTTP/1.1" 200 41157
66.249.74.117 - - [02/Feb/2014:02:08:17 +0800] "GET /content/pictures/picture_content.jsp?oid=33554884&queryType=qc HTTP/1.1" 200 27315
66.249.77.195 - - [02/Feb/2014:02:08:18 +0800] "GET /content/subject/resource_content.jsp?oid=16777725&queryString=%E5%8F%B0%E7%81%A3%E5%8E%9F%E4%BD%8F%E6%B0%91%20%E5%AF%9F%E5%A0%B1%20%E8%87%BA%E7%81%A3%E5%8E%9F%E4%BD%8F%E6%B0%91 HTTP/1.1" 200 32740
66.249.77.8 - - [02/Feb/2014:02:08:19 +0800] "GET /content/subject/resource_content.jsp?oid=16777787&queryType=qc HTTP/1.1" 200 56841
66.249.77.8 - - [02/Feb/2014:02:08:20 +0800] "GET /content/subject/resource_content.jsp?oid=16777760&queryString= HTTP/1.1" 200 37923
66.249.77.195 - - [02/Feb/2014:02:08:24 +0800] "GET /content/repository/resource_content.jsp?oid=2598569 HTTP/1.1" 200 28150
157.55.32.117 - - [02/Feb/2014:02:09:07 +0800] "GET /content/subject/resource_content.jsp?oid=16777260 HTTP/1.0" 200 37803
66.249.77.195 - - [02/Feb/2014:02:09:29 +0800] "GET /content/subject/resource_content.jsp?oid=16777278 HTTP/1.1" 200 36948
81.209.177.189 - - [02/Feb/2014:02:09:44 +0800] "GET /content/subject/resource_content.jsp?oid=16777361&queryType=qc HTTP/1.1" 200 30912
66.249.74.221 - - [02/Feb/2014:02:10:11 +0800] "GET /content/repository/resource_content.jsp?oid=1896782&queryString=%E6%93%81%E6%93%A0%E6%A1%88%20%E8%B2%A8%E9%81%8B%20%E9%90%B5%E8%B7%AF%E5%B1%80 HTTP/1.1" 200 28906
81.209.177.189 - - [02/Feb/2014:02:10:12 +0800] "GET /content/subject/resource_content.jsp?oid=16777753&queryType=qc HTTP/1.1" 200 35850
66.249.77.8 - - [02/Feb/2014:02:10:41 +0800] "GET /content/nav/relationSubject.jsp?relationWords=%E5%86%B7%E6%B0%A3+%E5%A4%96%E8%B3%BC+%E7%81%A3%E7%9C%81%E6%94%BF%E5%BA%9C+%E7%87%9F%E9%80%A0%E5%BB%A0+%E7%9C%81%E6%94%BF%E5%BA%9C+%E7%9C%81%E8%AD%B0%E6%9C%83+%E7%B5%90%E5%8C%AF+%E8%87%BA%E7%81%A3%E7%9C%81+%E8%87%BA%E7%81%A3%E7%9C%81%E6%94%BF%E5%BA%9C+%E8%87%BA%E7%81%A3%E7%9C%81%E8%AD%B0%E6%9C%83+%E8%B2%A1%E6%94%BF+%E8%B2%A1%E6%94%BF%E5%BB%B3+%E9%9B%BB%E6%B0%A3%E8%A8%AD%E5%82%99+&oid=1530058 HTTP/1.1" 200 6061
66.249.77.8 - - [02/Feb/2014:02:10:58 +0800] "GET /content/nav/relationSubject.jsp?relationWords=%E6%9E%9C%E7%B2%92%E8%9B%99%E8%9E%BA+%E7%95%B0%E8%B6%B3%E7%9B%AE+%E8%85%B9%E8%B6%B3%E7%B6%B1+%E8%9B%99%E8%9E%BA+%E8%9B%99%E8%9E%BA%E7%A7%91+&oid=524127 HTTP/1.1" 200 3444
66.249.77.8 - - [02/Feb/2014:02:10:59 +0800] "GET /content/nav/relationSubject.jsp?relationWords=%E5%88%BA%E5%B0%BE%E9%AF%9B+%E7%B7%9A%E7%B4%8B+%E7%B7%9A%E7%B4%8B%E5%88%BA%E5%B0%BE%E9%AF%9B+&oid=33554884 HTTP/1.1" 200 3486
81.209.177.189 - - [02/Feb/2014:02:11:31 +0800] "GET /digiarch_en/content/subject/resource_content.jsp?oid=16777415&queryType=qc HTTP/1.1" 200 22569
66.249.77.195 - - [02/Feb/2014:02:11:39 +0800] "GET /content/repository/resource_content.jsp?oid=1779381 HTTP/1.1" 200 26567
66.249.77.195 - - [02/Feb/2014:02:11:48 +0800] "GET /content/nav/relationSubject.jsp?relationWords=&oid=2585737 HTTP/1.1" 200 1413
66.249.77.195 - - [02/Feb/2014:02:11:49 +0800] "GET /content/nav/relationSubject.jsp?relationWords=&oid=2598569 HTTP/1.1" 200 1413
66.249.77.195 - - [02/Feb/2014:02:11:49 +0800] "GET /content/nav/relationSubject.jsp?relationWords=%E5%8F%B0%E7%81%A3%E5%8E%9F%E4%BD%8F%E6%B0%91+%E6%95%B8%E4%BD%8D%E5%85%B8%E8%97%8F+&oid=16777725 HTTP/1.1" 200 7516
66.249.74.221 - - [02/Feb/2014:02:11:56 +0800] "GET /content/nav/relationSubject.jsp?relationWords=%E5%A4%A7%E8%91%89%E5%B1%B1%E6%AC%96+&oid=16777278 HTTP/1.1" 200 4757
66.249.77.236 - - [02/Feb/2014:02:11:58 +0800] "GET /content/nav/relationSubject.jsp?relationWords=%E5%A4%A7%E9%BC%8E+&oid=16777531 HTTP/1.1" 200 3208
123.125.71.74 - - [02/Feb/2014:02:12:50 +0800] "GET /content/repository/resource_content.jsp?oid=2661938 HTTP/1.1" 200 29296
66.249.74.162 - - [02/Feb/2014:02:12:53 +0800] "GET /content/subject/resource_content.jsp?oid=16777270&queryType=qs&queryString=%E8%A1%8C%E9%81%93%E6%A8%B9 HTTP/1.1" 200 32816
66.249.77.195 - - [02/Feb/2014:02:13:26 +0800] "GET /content/repository/resource_content.jsp?oid=1896782&queryString=%E6%97%85%E6%A1%88%20%E9%90%B5%E8%B7%AF%E5%B1%80%20%E9%A4%90%E5%BB%B3 HTTP/1.1" 200 28906
81.209.177.189 - - [02/Feb/2014:02:13:28 +0800] "GET /content/tmp_tec/resource_content.jsp?oid=16777731 HTTP/1.1" 200 38443
81.209.177.140 - - [02/Feb/2014:02:13:42 +0800] "GET /content/subject/resource_content.jsp?oid=16777745&queryType=qc HTTP/1.1" 200 34954
66.249.77.195 - - [02/Feb/2014:02:13:49 +0800] "GET /content/repository/resource_content.jsp?oid=1807894 HTTP/1.1" 200 27349
1.171.230.55 - - [02/Feb/2014:02:13:59 +0800] "GET /content/nav/relationSubject.jsp?relationWords=%E6%B4%8B%E7%8E%89%E8%98%AD+&oid=16777351 HTTP/1.1" 200 3553
81.209.177.189 - - [02/Feb/2014:02:14:33 +0800] "GET /content/subject/resource_content.jsp?oid=16777566&queryType=qc HTTP/1.1" 200 30767
81.209.177.189 - - [02/Feb/2014:02:15:24 +0800] "GET /digiarch_en/content/tmp_exh/resource_content.jsp?oid=16777784&queryType=qc HTTP/1.1" 200 22829
81.209.177.189 - - [02/Feb/2014:02:15:38 +0800] "GET /digiarch_en/content/subject/resource_content.jsp?oid=16777781&queryType=qc HTTP/1.1" 200 52313
81.209.177.189 - - [02/Feb/2014:02:15:52 +0800] "GET /digiarch_en/content/subject/resource_content.jsp?oid=16777470&queryType=qc HTTP/1.1" 200 23226
66.249.77.195 - - [02/Feb/2014:02:15:59 +0800] "GET /content/repository/resource_content.jsp?oid=2572990 HTTP/1.1" 200 27992
81.209.177.189 - - [02/Feb/2014:02:16:20 +0800] "GET /content/subject/resource_content.jsp?oid=16777728&queryType=qc HTTP/1.1" 200 64204
66.249.77.172 - - [02/Feb/2014:02:16:42 +0800] "GET /content/subject/resource_content.jsp?oid=16777373&queryString=%E6%95%B8%E4%BD%8D%E5%85%B8%E8%97%8F%20%E6%96%B0%E5%A4%A9%E5%9C%B0%20%E9%AD%9A%E9%A1%9E%E8%B3%87%E6%96%99%E5%BA%AB HTTP/1.1" 200 26622
66.249.77.195 - - [02/Feb/2014:02:18:09 +0800] "GET /content/nav/relationSubject.jsp?relationWords=&oid=2562644 HTTP/1.1" 200 1413
66.249.77.195 - - [02/Feb/2014:02:18:10 +0800] "GET /content/repository/resource_content.jsp?oid=2573061 HTTP/1.1" 200 28021
157.55.34.26 - - [02/Feb/2014:02:18:45 +0800] "GET /content/subject/resource_content.jsp?oid=16777509&queryType=qc HTTP/1.1" 200 32458
66.249.77.236 - - [02/Feb/2014:02:19:52 +0800] "GET /content/subject/resource_content.jsp?oid=16777275&queryType=qs&queryString=%E8%A1%8C%E9%81%93%E6%A8%B9 HTTP/1.1" 200 33203
66.249.74.221 - - [02/Feb/2014:02:19:59 +0800] "GET /content/repository/resource_content.jsp?oid=1896782&queryString=%E6%9C%8D%E5%8B%99%E5%93%81%E8%B3%AA%20%E9%90%B5%E8%B7%AF%E5%B1%80 HTTP/1.1" 200 28906
66.249.77.195 - - [02/Feb/2014:02:20:19 +0800] "GET /content/repository/resource_content.jsp?oid=2573019 HTTP/1.1" 200 28264
157.55.34.24 - - [02/Feb/2014:02:20:23 +0800] "GET /content/repository/resource_content.jsp?oid=1095881 HTTP/1.1" 200 28011
66.249.74.221 - - [02/Feb/2014:02:21:04 +0800] "GET /content/repository/resource_content.jsp?oid=225047 HTTP/1.1" 200 28765
81.209.177.189 - - [02/Feb/2014:02:21:43 +0800] "GET /digiarch_en/content/subject/resource_content.jsp?oid=16777568&queryType=qc HTTP/1.1" 200 28407
66.249.77.236 - - [02/Feb/2014:02:21:47 +0800] "GET /content/nav/relationSubject.jsp?relationWords=%E5%A4%A7%E8%91%89%E5%B1%B1%20%E5%A4%A7%E8%91%89%E5%B1%B1%E6%AC%96%20%E5%B1%B1%E6%AC%96%20%E6%8B%BC%E6%9D%BF%E8%88%9F%20%E9%81%94%E6%82%9F%20%E9%81%94%E6%82%9F%E6%97%8F%20&oid=16777270 HTTP/1.1" 200 4830
66.249.77.195 - - [02/Feb/2014:02:22:17 +0800] "GET /content/repository/resource_content.jsp?oid=2580944 HTTP/1.1" 200 27863
66.249.77.195 - - [02/Feb/2014:02:22:18 +0800] "GET /content/repository/resource_content.jsp?oid=2603967 HTTP/1.1" 200 28546
66.249.74.221 - - [02/Feb/2014:02:22:20 +0800] "GET /content/repository/resource_content.jsp?oid=2589268 HTTP/1.1" 200 28328
66.249.77.195 - - [02/Feb/2014:02:22:20 +0800] "GET /content/repository/resource_content.jsp?oid=2609885 HTTP/1.1" 200 28153
66.249.77.195 - - [02/Feb/2014:02:22:21 +0800] "GET /content/repository/resource_content.jsp?oid=2582347 HTTP/1.1" 200 28182
66.249.77.195 - - [02/Feb/2014:02:22:22 +0800] "GET /content/repository/resource_content.jsp?oid=2544733 HTTP/1.1" 200 27950
66.249.74.221 - - [02/Feb/2014:02:22:23 +0800] "GET /content/repository/resource_content.jsp?oid=1834346 HTTP/1.1" 200 28769
66.249.77.195 - - [02/Feb/2014:02:22:24 +0800] "GET /content/repository/resource_content.jsp?oid=2591917 HTTP/1.1" 200 27526
66.249.77.195 - - [02/Feb/2014:02:22:25 +0800] "GET /content/repository/resource_content.jsp?oid=1549261 HTTP/1.1" 200 29293
66.249.77.195 - - [02/Feb/2014:02:22:28 +0800] "GET /content/repository/resource_content.jsp?oid=2572987 HTTP/1.1" 200 27951
66.249.74.221 - - [02/Feb/2014:02:23:15 +0800] "GET /content/repository/resource_content.jsp?oid=1896782&queryString=%E6%9F%B4%E6%B2%B9%20%E6%B2%B9%E8%BB%8A%20%E9%90%B5%E8%B7%AF%E5%B1%80 HTTP/1.1" 200 28906
81.209.177.189 - - [02/Feb/2014:02:23:34 +0800] "GET /digiarch_en/content/tmp_auth/resource_content.jsp?oid=16777666 HTTP/1.1" 200 26373
66.249.74.221 - - [02/Feb/2014:02:24:40 +0800] "GET /content/repository/resource_content.jsp?oid=2573084 HTTP/1.1" 200 28275
66.249.77.195 - - [02/Feb/2014:02:25:32 +0800] "GET /content/nav/relationSubject.jsp?relationWords=%E5%B4%87%E4%BF%A1+%E7%A5%96%E9%9D%88+%E8%B3%BD%E5%BE%B7%E5%85%8B%E4%BA%BA+&oid=1779381 HTTP/1.1" 200 3246
66.249.77.195 - - [02/Feb/2014:02:25:34 +0800] "GET /content/nav/relationSubject.jsp?relationWords=&oid=2582347 HTTP/1.1" 200 1413
66.249.77.195 - - [02/Feb/2014:02:25:34 +0800] "GET /content/nav/relationSubject.jsp?relationWords=%E6%8B%93%E7%89%87+%E7%94%B2%E9%AA%A8+%E7%94%B2%E9%AA%A8%E6%96%87+&oid=1807894 HTTP/1.1" 200 4296
66.249.77.195 - - [02/Feb/2014:02:25:35 +0800] "GET /content/nav/relationSubject.jsp?relationWords=&oid=2573061 HTTP/1.1" 200 1413
66.249.77.195 - - [02/Feb/2014:02:25:36 +0800] "GET /content/nav/relationSubject.jsp?relationWords=%E9%8A%80%E5%85%A9+&oid=2572987 HTTP/1.1" 200 5373
66.249.77.195 - - [02/Feb/2014:02:25:37 +0800] "GET /content/nav/relationSubject.jsp?relationWords=%E4%BA%BA%E5%8F%A3%E5%95%8F%E9%A1%8C+%E5%85%AC%E6%95%99%E4%BA%BA%E5%93%A1+%E5%9C%8B%E6%A0%A1+%E5%9C%9F%E5%9C%B0%E9%87%8D%E5%8A%83+%E6%9E%97%E7%8E%8B%E7%B4%AB%E7%87%95+%E6%B0%91%E4%B8%BB%E5%8C%96+%E6%B0%91%E4%B8%BB%E5%9C%8B%E5%AE%B6+%E8%AA%B2%E7%A8%85+%E8%AD%A6%E5%AF%9F+%E8%B3%AA%E8%A9%A2+%E8%BE%B2%E6%9E%97+%E8%BE%B2%E6%9E%97%E5%85%AC%E5%8F%B8+&oid=1549261 HTTP/1.1" 200 3684
66.249.77.195 - - [02/Feb/2014:02:25:38 +0800] "GET /content/nav/relationSubject.jsp?relationWords=&oid=2609885 HTTP/1.1" 200 1413
66.249.77.195 - - [02/Feb/2014:02:25:39 +0800] "GET /content/nav/relationSubject.jsp?relationWords=&oid=2544733 HTTP/1.1" 200 1413
66.249.77.195 - - [02/Feb/2014:02:25:39 +0800] "GET /content/nav/relationSubject.jsp?relationWords=&oid=2593024 HTTP/1.1" 200 1413
66.249.74.221 - - [02/Feb/2014:02:25:40 +0800] "GET /content/nav/relationSubject.jsp?relationWords=&oid=2589268 HTTP/1.1" 200 1413
66.249.77.195 - - [02/Feb/2014:02:25:41 +0800] "GET /content/nav/relationSubject.jsp?relationWords=&oid=2591917 HTTP/1.1" 200 1413
66.249.77.195 - - [02/Feb/2014:02:25:42 +0800] "GET /content/nav/relationSubject.jsp?relationWords=&oid=2580944 HTTP/1.1" 200 1413
66.249.74.221 - - [02/Feb/2014:02:25:43 +0800] "GET /content/nav/relationSubject.jsp?relationWords=&oid=2573019 HTTP/1.1" 200 1413
66.249.77.195 - - [02/Feb/2014:02:25:44 +0800] "GET /content/nav/relationSubject.jsp?relationWords=%E6%81%A9%E6%A8%82%E7%B8%A3+&oid=2572990 HTTP/1.1" 200 1898
66.249.74.221 - - [02/Feb/2014:02:25:46 +0800] "GET /content/nav/relationSubject.jsp?relationWords=&oid=2603967 HTTP/1.1" 200 1413
81.209.177.140 - - [02/Feb/2014:02:25:56 +0800] "GET /digiarch_en/content/subject/resource_content.jsp?oid=16777785&queryType=qc HTTP/1.1" 200 44145
66.249.74.221 - - [02/Feb/2014:02:26:05 +0800] "GET /digiarch_en/content/nav/relationSubject.jsp?relationWords=%E4%B8%AD%E5%A4%AE%E5%9C%96%E6%9B%B8%E9%A4%A8+&oid=16777474 HTTP/1.1" 200 6861
66.249.77.195 - - [02/Feb/2014:02:26:06 +0800] "GET /digiarch_en/content/nav/relationSubject.jsp?relationWords=%E4%B8%AD%E5%A4%AE%E5%9C%96%E6%9B%B8%E9%A4%A8%20&oid=16777474 HTTP/1.1" 200 6861
66.249.77.195 - - [02/Feb/2014:02:26:30 +0800] "GET /content/repository/resource_content.jsp?oid=1896782&queryString=%E6%A0%A1%E8%88%8D%20%E9%90%B5%E8%B7%AF%E5%B1%80 HTTP/1.1" 200 28906
66.249.77.172 - - [02/Feb/2014:02:26:40 +0800] "GET /content/subject/resource_content.jsp?oid=16777373&queryString=%E5%A4%9A%E5%AA%92%E9%AB%94%20%E5%BD%B1%E5%83%8F%E4%BF%AE%E8%A3%9C%20%E6%95%B8%E4%BD%8D%E5%85%B8%E8%97%8F%20%E6%95%B8%E4%BD%8D%E5%85%B8%E8%97%8F%E6%8A%80%E8%A1%93%20%E8%A6%96%E8%A8%8A HTTP/1.1" 200 26622
81.209.177.189 - - [02/Feb/2014:02:27:40 +0800] "GET /content/subject/resource_content.jsp?oid=16777776&queryType=qc HTTP/1.1" 200 60638
81.209.177.140 - - [02/Feb/2014:02:28:22 +0800] "GET /digiarch_en/content/subject/resource_content.jsp?oid=16777471&queryType=qc HTTP/1.1" 200 23963
81.209.177.189 - - [02/Feb/2014:02:29:30 +0800] "GET /content/subject/resource_content.jsp?oid=16777450&queryType=qc HTTP/1.1" 200 27916
81.209.177.189 - - [02/Feb/2014:02:29:45 +0800] "GET /digiarch_en/content/subject/resource_content.jsp?oid=16777788&queryType=qc HTTP/1.1" 200 38053
66.249.77.195 - - [02/Feb/2014:02:29:46 +0800] "GET /content/repository/resource_content.jsp?oid=1896782&queryString=%E8%A8%BA%E7%99%82%20%E9%90%B5%E8%B7%AF%E5%B1%80 HTTP/1.1" 200 28906
66.249.74.221 - - [02/Feb/2014:02:30:05 +0800] "GET /content/repository/resource_content.jsp?oid=2575796 HTTP/1.1" 200 28041
81.209.177.189 - - [02/Feb/2014:02:30:09 +0800] "GET /content/subject/resource_content.jsp?oid=16777409&queryType=qc HTTP/1.1" 200 36743
66.249.77.195 - - [02/Feb/2014:02:31:09 +0800] "GET /content/repository/resource_content.jsp?oid=2573136 HTTP/1.1" 200 27818
81.209.177.189 - - [02/Feb/2014:02:31:46 +0800] "GET /digiarch_en/content/pictures/picture_content.jsp?oid=33554796 HTTP/1.1" 200 20930
66.249.77.195 - - [02/Feb/2014:02:33:03 +0800] "GET /content/repository/resource_content.jsp?oid=1896872&queryString=%E4%B8%AD%E5%A3%A2%20%E5%AE%89%E5%85%A8%E6%A1%88%20%E9%90%B5%E8%B7%AF%E5%B1%80 HTTP/1.1" 200 29761
66.249.77.195 - - [02/Feb/2014:02:33:19 +0800] "GET /content/repository/resource_content.jsp?oid=2573149 HTTP/1.1" 200 28487
65.55.52.97 - - [02/Feb/2014:02:33:25 +0800] "GET /content/nav/relationSubject.jsp?relationWords=%E5%8D%81%E4%B8%89%E8%A1%8C%E9%81%BA%E5%9D%80+%E9%8A%85%E9%8C%A2+&oid=16777259 HTTP/1.1" 200 3585
66.249.77.172 - - [02/Feb/2014:02:33:32 +0800] "GET /content/subject/resource_content.jsp?oid=16777721&queryType=qc HTTP/1.1" 200 35372
81.209.177.189 - - [02/Feb/2014:02:33:43 +0800] "GET /digiarch_en/content/subject/resource_content.jsp?oid=16777451&queryType=qc HTTP/1.1" 200 22121
66.249.74.221 - - [02/Feb/2014:02:34:18 +0800] "GET /content/repository/resource_content.jsp?oid=1105336 HTTP/1.1" 200 28842
81.209.177.140 - - [02/Feb/2014:02:34:42 +0800] "GET /content/subject/resource_content.jsp?oid=16777780&queryType=qc HTTP/1.1" 200 32953
66.249.77.195 - - [02/Feb/2014:02:34:56 +0800] "GET /content/repository/resource_content.jsp?oid=1107414 HTTP/1.1" 200 29988
66.249.77.195 - - [02/Feb/2014:02:36:19 +0800] "GET /content/repository/resource_content.jsp?oid=1896872&queryString=%E4%B8%AD%E8%88%88%E7%B4%99%E6%A5%AD%20%E4%BA%A4%E6%B5%81%E9%81%93%20%E6%A9%9F%E6%A2%B0%20%E9%AB%98%E9%80%9F%E5%85%AC%E8%B7%AF%20%E9%AF%89%E9%AD%9A%E6%BD%AD%E6%B0%B4%E5%BA%AB HTTP/1.1" 200 30138
157.55.32.108 - - [02/Feb/2014:02:36:51 +0800] "GET /content/repository/resource_content.jsp?oid=1574853 HTTP/1.1" 200 28034
81.209.177.140 - - [02/Feb/2014:02:37:18 +0800] "GET /content/tmp_auth/resource_content.jsp?oid=16777757 HTTP/1.1" 200 43311
81.209.177.189 - - [02/Feb/2014:02:38:18 +0800] "GET /content/subject/resource_content.jsp?oid=16777420&queryType=qc HTTP/1.1" 200 29189
66.249.77.8 - - [02/Feb/2014:02:39:18 +0800] "GET /content/subject/resource_content.jsp?oid=16777392&queryType=qc HTTP/1.1" 200 24466
66.249.77.195 - - [02/Feb/2014:02:39:35 +0800] "GET /content/repository/resource_content.jsp?oid=1896872&queryString=%E4%BA%A4%E6%B5%81%E9%81%93%20%E5%85%AC%E5%85%B1%E5%BB%BA%E8%A8%AD%20%E6%95%88%E7%9B%8A%E6%A1%88%20%E9%83%BD%E5%B8%82%E8%A8%88%E7%95%AB%20%E9%AB%98%E9%80%9F%E5%85%AC%E8%B7%AF HTTP/1.1" 200 30138
66.249.77.195 - - [02/Feb/2014:02:39:49 +0800] "GET /content/repository/resource_content.jsp?oid=2573122 HTTP/1.1" 200 27849
81.209.177.189 - - [02/Feb/2014:02:39:54 +0800] "GET /content/subject/resource_content.jsp?oid=16777731&queryType=qc HTTP/1.1" 200 42426
66.249.74.221 - - [02/Feb/2014:02:40:10 +0800] "GET /content/nav/relationSubject.jsp?relationWords=&oid=2573084 HTTP/1.1" 200 1413
66.249.74.221 - - [02/Feb/2014:02:40:11 +0800] "GET /content/nav/relationSubject.jsp?relationWords=&oid=2573149 HTTP/1.1" 200 1413
66.249.77.195 - - [02/Feb/2014:02:40:12 +0800] "GET /content/nav/relationSubject.jsp?relationWords=%E5%A4%A9%E8%93%AC%E8%8D%89+%E5%A4%A9%E8%93%AC%E8%8D%89%E8%88%85+%E6%A4%8D%E7%89%A9%E7%95%8C+%E8%8F%8A%E5%B1%AC+%E8%8F%8A%E7%A7%91+%E8%93%AC%E8%8D%89+%E8%9F%9B%E8%9C%9E%E8%8F%8A+%E8%9F%9B%E8%9C%9E%E8%8F%8A%E5%B1%AC+%E9%9B%99%E5%AD%90%E8%91%89+%E9%9B%99%E5%AD%90%E8%91%89%E6%A4%8D%E7%89%A9+&oid=1107414 HTTP/1.1" 200 3690
66.249.77.195 - - [02/Feb/2014:02:40:13 +0800] "GET /content/nav/relationSubject.jsp?relationWords=&oid=1105336 HTTP/1.1" 200 1413
66.249.74.221 - - [02/Feb/2014:02:40:14 +0800] "GET /content/nav/relationSubject.jsp?relationWords=&oid=2573136 HTTP/1.1" 200 1413
66.249.77.236 - - [02/Feb/2014:02:40:34 +0800] "GET /content/subject/resource_content.jsp?oid=16777287&queryType=qs&queryString=%E8%A1%8C%E9%81%93%E6%A8%B9 HTTP/1.1" 200 32569
81.209.177.189 - - [02/Feb/2014:02:40:50 +0800] "GET /content/subject/resource_content.jsp?oid=16777482&queryType=qc HTTP/1.1" 200 36224
66.249.77.172 - - [02/Feb/2014:02:41:49 +0800] "GET /content/nav/relationSubject.jsp?relationWords=%E7%8E%89%E5%B1%B1%E8%96%84%E9%9B%AA%E8%8D%89+%E8%96%84%E9%9B%AA%E8%8D%89+&oid=16777721 HTTP/1.1" 200 3744
66.249.77.172 - - [02/Feb/2014:02:41:51 +0800] "GET /content/nav/relationSubject.jsp?relationWords=%E7%8E%89%E5%B1%B1%E8%96%84%E9%9B%AA%E8%8D%89%20%E8%96%84%E9%9B%AA%E8%8D%89%20&oid=16777721 HTTP/1.1" 200 3744
66.249.77.236 - - [02/Feb/2014:02:41:52 +0800] "GET /content/nav/relationSubject.jsp?relationWords=%E7%99%BD%E5%8D%83%E5%B1%A4%20&oid=16777287 HTTP/1.1" 200 3860
66.249.77.195 - - [02/Feb/2014:02:41:59 +0800] "GET /content/repository/resource_content.jsp?oid=1531097&queryString=%E7%89%99%E7%89%8C%20%E9%9A%86%E6%85%B6 HTTP/1.1" 200 28102
66.249.74.221 - - [02/Feb/2014:02:42:01 +0800] "GET /content/repository/resource_content.jsp?oid=1640480 HTTP/1.1" 200 28205
81.209.177.189 - - [02/Feb/2014:02:42:07 +0800] "GET /digiarch_en/content/subject/resource_content.jsp?oid=16777468&queryType=qc HTTP/1.1" 200 27466
66.249.77.195 - - [02/Feb/2014:02:42:51 +0800] "GET /content/repository/resource_content.jsp?oid=1896872&queryString=%E4%BA%A4%E6%B5%81%E9%81%93%20%E6%A1%83%E5%9C%92%E5%B8%82%20%E9%AB%98%E9%80%9F%E5%85%AC%E8%B7%AF HTTP/1.1" 200 30138
157.56.93.42 - - [02/Feb/2014:02:43:58 +0800] "GET /content/repository/resource_content.jsp?oid=1471907 HTTP/1.1" 200 24678
66.249.77.195 - - [02/Feb/2014:02:44:09 +0800] "GET /content/repository/resource_content.jsp?oid=2573167 HTTP/1.1" 200 28419
81.209.177.189 - - [02/Feb/2014:02:44:39 +0800] "GET /digiarch_en/content/subject/resource_content.jsp?oid=16777740&queryType=qc HTTP/1.1" 200 38111
81.209.177.189 - - [02/Feb/2014:02:45:27 +0800] "GET /content/subject/resource_content.jsp?oid=16777623&queryType=qc HTTP/1.1" 200 30955
81.209.177.189 - - [02/Feb/2014:02:45:54 +0800] "GET /content/subject/resource_content.jsp?oid=16777304&queryType=qc HTTP/1.1" 200 35958
66.249.77.195 - - [02/Feb/2014:02:46:07 +0800] "GET /content/repository/resource_content.jsp?oid=1896872&queryString=%E4%BA%A4%E6%B5%81%E9%81%93%20%E9%AB%98%E9%80%9F%E5%85%AC%E8%B7%AF%20%E9%AB%98%E9%9B%84%E5%B8%82 HTTP/1.1" 200 30486
66.249.74.221 - - [02/Feb/2014:02:46:19 +0800] "GET /content/repository/resource_content.jsp?oid=2573144 HTTP/1.1" 200 27939
66.249.77.236 - - [02/Feb/2014:02:47:24 +0800] "GET /content/subject/resource_content.jsp?oid=16777599&queryType=qs&queryString=%E5%B7%A5%E6%A5%AD%E7%94%A8 HTTP/1.1" 200 35960
81.209.177.189 - - [02/Feb/2014:02:47:28 +0800] "GET /content/subject/resource_content.jsp?oid=16777721&queryType=qc HTTP/1.1" 200 35368
81.209.177.189 - - [02/Feb/2014:02:48:02 +0800] "GET /digiarch_en/content/tmp_auth/resource_content.jsp?oid=16777777 HTTP/1.1" 200 26879
66.249.77.195 - - [02/Feb/2014:02:48:29 +0800] "GET /content/repository/resource_content.jsp?oid=2573260 HTTP/1.1" 200 27850
66.249.77.195 - - [02/Feb/2014:02:49:06 +0800] "GET /content/repository/resource_content.jsp?oid=1104022 HTTP/1.1" 200 30107
66.249.77.195 - - [02/Feb/2014:02:49:23 +0800] "GET /content/repository/resource_content.jsp?oid=1896872&queryString=%E4%BA%A4%E9%80%9A%E5%B7%A5%E5%85%B7%20%E5%85%AC%E8%B7%AF%E5%B1%80%20%E6%A0%B8%E8%83%BD%E9%9B%BB%E5%BB%A0%20%E8%87%BA%E5%8C%97%E7%B8%A3%20%E8%87%BA%E9%9B%BB%20%E8%8F%AF%E5%9C%8B HTTP/1.1" 200 29819
81.209.177.189 - - [02/Feb/2014:02:51:13 +0800] "GET /content/subject/resource_content.jsp?oid=16777581&queryType=qc HTTP/1.1" 200 47539
66.249.74.221 - - [02/Feb/2014:02:51:51 +0800] "GET /content/nav/relationSubject.jsp?relationWords=&oid=2585713 HTTP/1.1" 200 1413
81.209.177.189 - - [02/Feb/2014:02:51:55 +0800] "GET /digiarch_en/content/subject/resource_content.jsp?oid=16777448&queryType=qc HTTP/1.1" 200 30766
66.249.77.195 - - [02/Feb/2014:02:52:39 +0800] "GET /content/repository/resource_content.jsp?oid=1896872&queryString=%E5%85%AC%E8%B7%AF%E5%B1%80%20%E5%85%AC%E8%B7%AF%E5%B7%A5%E7%A8%8B%20%E8%B3%AA%E8%A9%A2 HTTP/1.1" 200 29906
