66.249.74.98 - - [18/Dec/2015:07:07:14 +0800] "GET /content/repository/resource_content.jsp?oid=1881933 HTTP/1.1" 200 28791
40.77.167.12 - - [18/Dec/2015:07:08:06 +0800] "GET /content/subject/resource_content.jsp?oid=16777531&queryType=qc HTTP/1.1" 200 42128
66.249.74.102 - - [18/Dec/2015:07:08:42 +0800] "GET /content/repository/resource_content.jsp?oid=14748&queryString=%E6%9D%BE%E6%AF%AC%20%E6%9F%8F%E6%B0%8F HTTP/1.1" 200 36744
40.77.167.12 - - [18/Dec/2015:07:08:52 +0800] "GET /content/subject/resource_content.jsp?oid=16777688 HTTP/1.1" 200 39245
66.249.74.102 - - [18/Dec/2015:07:09:31 +0800] "GET /content/repository/resource_content.jsp?oid=1520431 HTTP/1.1" 200 28513
66.249.79.30 - - [18/Dec/2015:07:09:35 +0800] "GET /content/tmp_exh/resource_content.jsp?oid=16777852&queryType=qc HTTP/1.1" 200 67316
66.249.74.98 - - [18/Dec/2015:07:09:36 +0800] "GET /digiarch_en/content/subject/resource_content.jsp?oid=16777305&queryType=qc HTTP/1.1" 200 31939
66.249.74.98 - - [18/Dec/2015:07:09:46 +0800] "GET /content/repository/resource_content.jsp?oid=1873982 HTTP/1.1" 200 29104
66.249.74.98 - - [18/Dec/2015:07:10:19 +0800] "GET /content/repository/resource_content.jsp?oid=2568795 HTTP/1.1" 200 28926
66.249.74.98 - - [18/Dec/2015:07:10:35 +0800] "GET /content/repository/resource_content.jsp?oid=1552232 HTTP/1.1" 200 28797
40.77.167.32 - - [18/Dec/2015:07:10:39 +0800] "GET /content/subject/resource_content.jsp?oid=16777838&queryType=qc> HTTP/1.1" 200 59031
66.249.74.102 - - [18/Dec/2015:07:10:52 +0800] "GET /content/repository/resource_content.jsp?oid=2605737 HTTP/1.1" 200 29268
66.249.74.102 - - [18/Dec/2015:07:11:19 +0800] "GET /content/subject/resource_content.jsp?oid=16777386&queryType=qs&queryString=%E5%88%86%E9%A1%9E%E5%AD%B8 HTTP/1.1" 200 38737
68.180.228.24 - - [18/Dec/2015:07:11:57 +0800] "GET /digiarch_en/content/pictures/picture_content.jsp?oid=33554735 HTTP/1.1" 200 22134
66.249.79.27 - - [18/Dec/2015:07:12:31 +0800] "GET /content/subject/resource_content.jsp?oid=16777264&queryType=qc HTTP/1.1" 200 37704
66.249.74.98 - - [18/Dec/2015:07:12:32 +0800] "GET /digiarch_en/content/subject/resource_content.jsp?oid=16777781&queryType=qc HTTP/1.1" 200 52916
66.249.74.98 - - [18/Dec/2015:07:12:36 +0800] "GET /content/subject/resource_content.jsp?oid=16797291&queryType=qc HTTP/1.1" 200 51133
66.249.74.98 - - [18/Dec/2015:07:12:38 +0800] "GET /content/repository/resource_content.jsp?oid=2541853 HTTP/1.1" 200 28754
66.249.74.98 - - [18/Dec/2015:07:12:57 +0800] "GET /content/nav/relationSubject.jsp?relationWords=%E5%8E%9A%E6%AE%BC%E4%BB%94%20%E5%A4%A7%E7%9B%AE%E4%BB%94%20%E6%9D%BE%E6%AF%AC%20%E7%80%BE%E5%85%AC%E5%A6%BE%20%E7%84%A6%E6%9D%BE%E6%AF%AC%20%E9%87%91%E9%B1%97%E7%94%B2%20%E9%87%91%E9%B1%97%E9%AD%9A%20%E9%87%91%E9%B1%97%E9%AD%9A%E7%A7%91%20%E9%8B%B8%E9%B1%97%20%E9%90%B5%E7%94%B2%E5%85%B5%20%E9%90%B5%E7%B7%9A%E5%A9%86%20%E9%B1%97%E9%AD%9A%20&oid=14748 HTTP/1.1" 200 3879
66.249.74.98 - - [18/Dec/2015:07:13:17 +0800] "GET /content/repository/resource_content.jsp?oid=1578097 HTTP/1.1" 200 28546
66.249.74.98 - - [18/Dec/2015:07:13:19 +0800] "GET /content/nav/relationSubject.jsp?relationWords=%E5%8E%9A%E6%AE%BC%E4%BB%94+%E5%A4%A7%E7%9B%AE%E4%BB%94+%E6%9D%BE%E6%AF%AC+%E7%80%BE%E5%85%AC%E5%A6%BE+%E7%84%A6%E6%9D%BE%E6%AF%AC+%E9%87%91%E9%B1%97%E7%94%B2+%E9%87%91%E9%B1%97%E9%AD%9A+%E9%87%91%E9%B1%97%E9%AD%9A%E7%A7%91+%E9%8B%B8%E9%B1%97+%E9%90%B5%E7%94%B2%E5%85%B5+%E9%90%B5%E7%B7%9A%E5%A9%86+%E9%B1%97%E9%AD%9A+&oid=14748 HTTP/1.1" 200 3879
66.249.74.98 - - [18/Dec/2015:07:13:37 +0800] "GET /content/repository/resource_content.jsp?oid=1105742 HTTP/1.1" 200 31083
183.79.219.169 - - [18/Dec/2015:07:13:43 +0800] "GET /content/subject/resource_content.jsp?oid=16777688&queryType=qc HTTP/1.0" 200 39189
40.77.167.52 - - [18/Dec/2015:07:13:56 +0800] "GET /content/tmp_auth/resource_content.jsp?oid=16777759 HTTP/1.1" 200 25325
66.249.79.172 - - [18/Dec/2015:07:13:57 +0800] "GET /content/repository/resource_content.jsp?oid=2512726&queryString=%E5%BB%A3%E6%9D%B1%E6%8F%90%E7%9D%A3 HTTP/1.1" 200 30567
66.249.74.98 - - [18/Dec/2015:07:13:58 +0800] "GET /content/repository/resource_content.jsp?oid=1590623 HTTP/1.1" 200 28710
66.249.74.98 - - [18/Dec/2015:07:14:20 +0800] "GET /content/repository/resource_content.jsp?oid=1111468 HTTP/1.1" 200 30825
66.249.74.63 - - [18/Dec/2015:07:14:42 +0800] "GET /content/nav/relationSubject.jsp?relationWords=%E8%A3%9C%E5%B7%9E%E5%AE%98+&oid=2513233 HTTP/1.1" 200 3069
207.46.13.87 - - [18/Dec/2015:07:14:45 +0800] "GET /content/subject/resource_content.jsp?oid=16777839&queryType=qc HTTP/1.1" 200 27193
40.77.167.12 - - [18/Dec/2015:07:15:10 +0800] "GET /content/subject/resource_content.jsp?oid=16777531&queryType=qc HTTP/1.1" 200 42128
207.46.13.87 - - [18/Dec/2015:07:15:30 +0800] "GET /content/subject/resource_content.jsp?oid=16777808&queryType=qc HTTP/1.1" 200 39882
66.249.74.100 - - [18/Dec/2015:07:15:40 +0800] "GET /content/repository/resource_content.jsp?oid=216795 HTTP/1.1" 200 30659
66.249.74.98 - - [18/Dec/2015:07:15:42 +0800] "GET /content/repository/resource_content.jsp?oid=2540256 HTTP/1.1" 200 28623
207.46.13.87 - - [18/Dec/2015:07:15:49 +0800] "GET /content/subject/resource_content.jsp?oid=16777840&queryType=qc HTTP/1.1" 200 40649
66.249.74.98 - - [18/Dec/2015:07:15:58 +0800] "GET /content/repository/resource_content.jsp?oid=279381 HTTP/1.1" 200 29351
40.77.167.32 - - [18/Dec/2015:07:16:20 +0800] "GET /content/tmp_tec/resource_content.jsp?oid=16777837 HTTP/1.1" 200 35579
40.77.167.32 - - [18/Dec/2015:07:16:21 +0800] "GET /content/tmp_auth/resource_content.jsp?oid=16777758 HTTP/1.1" 200 25328
66.249.74.100 - - [18/Dec/2015:07:16:34 +0800] "GET /content/repository/resource_content.jsp?oid=16337&queryString=%E6%89%81%E8%8A%B1%E9%B0%B9%20%E9%AF%96%E7%A7%91 HTTP/1.1" 200 35083
66.249.74.100 - - [18/Dec/2015:07:16:37 +0800] "GET /content/repository/resource_content.jsp?oid=1555863 HTTP/1.1" 200 29136
40.77.167.52 - - [18/Dec/2015:07:16:49 +0800] "GET /content/subject/resource_content.jsp?oid=16777468&queryType=qc HTTP/1.1" 200 33264
66.249.74.98 - - [18/Dec/2015:07:16:52 +0800] "GET /content/repository/resource_content.jsp?oid=1828703 HTTP/1.1" 200 28702
68.180.228.24 - - [18/Dec/2015:07:17:56 +0800] "GET /digiarch_en/content/tmp_exh/resource_content.jsp?oid=16777827&queryType=qc%201890 HTTP/1.1" 200 28836
207.46.13.87 - - [18/Dec/2015:07:18:10 +0800] "GET /content/subject/resource_content.jsp?oid=16777839&queryType=qc> HTTP/1.1" 200 27193
40.77.167.32 - - [18/Dec/2015:07:18:30 +0800] "GET /content/subject/resource_content.jsp?oid=16797257&queryType=qc HTTP/1.1" 200 47942
66.249.74.98 - - [18/Dec/2015:07:18:38 +0800] "GET /content/nav/relationSubject.jsp?relationWords=%E5%85%AC%E5%85%B1%E8%A8%AD%E6%96%BD+%E7%9C%81%E6%94%BF%E5%BA%9C+&oid=1898849 HTTP/1.1" 200 4522
66.249.74.102 - - [18/Dec/2015:07:18:41 +0800] "GET /content/repository/resource_content.jsp?oid=1539402 HTTP/1.1" 200 28658
66.249.74.98 - - [18/Dec/2015:07:18:41 +0800] "GET /content/nav/relationSubject.jsp?relationWords=%E5%85%AC%E5%85%B1%E8%A8%AD%E6%96%BD%20%E7%9C%81%E6%94%BF%E5%BA%9C%20&oid=1898849 HTTP/1.1" 200 4522
66.249.74.98 - - [18/Dec/2015:07:18:44 +0800] "GET /content/repository/resource_content.jsp?oid=230282 HTTP/1.1" 200 30182
66.249.79.186 - - [18/Dec/2015:07:18:48 +0800] "GET /content/nav/relationSubject.jsp?relationWords=%E5%88%91%E9%83%A8+%E5%A5%89%E8%AB%AD+&oid=2682942 HTTP/1.1" 200 3112
66.249.79.172 - - [18/Dec/2015:07:18:51 +0800] "GET /content/nav/relationSubject.jsp?relationWords=%E5%88%91%E9%83%A8%20%E5%A5%89%E8%AB%AD%20&oid=2682942 HTTP/1.1" 200 3112
66.249.74.98 - - [18/Dec/2015:07:19:03 +0800] "GET /content/repository/resource_content.jsp?oid=2523392 HTTP/1.1" 200 28713
207.46.13.87 - - [18/Dec/2015:07:19:10 +0800] "GET /content/tmp_exh/resource_content.jsp?oid=16777852&queryType=qc HTTP/1.1" 200 67305
66.249.74.98 - - [18/Dec/2015:07:19:11 +0800] "GET /digiarch_en/content/repository/resource_content.jsp?oid=14173&queryString=%E7%87%95%E9%AD%9F%20%E9%9D%92%E5%B8%B6%E5%9C%93%E5%90%BB%E7%87%95%E9%AD%9F%20%E9%AD%B4%E4%BB%94 HTTP/1.1" 200 25028
66.249.74.98 - - [18/Dec/2015:07:19:26 +0800] "GET /content/repository/resource_content.jsp?oid=2149511&queryString=%E5%B0%8F%E8%91%89%E6%8B%AC%E6%A0%B9%20%E6%8B%AC%E6%A0%B9%E5%B1%AC%20%E6%A4%8D%E7%89%A9%E7%95%8C%20%E8%A0%B6%E8%B1%86%20%E9%9B%99%E5%AD%90%E8%91%89%E6%A4%8D%E7%89%A9 HTTP/1.1" 200 31476
66.249.74.100 - - [18/Dec/2015:07:19:50 +0800] "GET /content/repository/resource_content.jsp?oid=3812177&queryString=%E5%AF%B6%E9%90%B8%E8%8D%89%E5%B1%AC%20%E5%B1%B1%E5%AF%B6%E9%90%B8%E8%8A%B1%20%E6%A4%8D%E7%89%A9%E7%95%8C%20%E7%99%BE%E5%90%88%E7%A7%91 HTTP/1.1" 200 31186
40.77.167.12 - - [18/Dec/2015:07:19:50 +0800] "GET /content/tmp_exh/resource_content.jsp?oid=16777852&queryType=qc%201890 HTTP/1.1" 200 67305
66.249.74.98 - - [18/Dec/2015:07:20:13 +0800] "GET /content/repository/resource_content.jsp?oid=1612254 HTTP/1.1" 200 28371
183.79.219.169 - - [18/Dec/2015:07:20:17 +0800] "GET /content/subject/resource_content.jsp?oid=16797258&queryType=qc HTTP/1.0" 200 56049
66.249.74.98 - - [18/Dec/2015:07:20:29 +0800] "GET /content/nav/relationSubject.jsp?relationWords=%E5%BC%B5%E5%AE%8F+%E6%95%B8%E4%BD%8D%E5%85%B8%E8%97%8F+&oid=16777584 HTTP/1.1" 200 6854
66.249.79.30 - - [18/Dec/2015:07:20:36 +0800] "GET /content/repository/resource_content.jsp?oid=568923&queryString=%E9%AD%8F%E6%96%87%E7%91%9E HTTP/1.1" 200 28071
66.249.74.98 - - [18/Dec/2015:07:20:36 +0800] "GET /content/nav/relationSubject.jsp?relationWords=%E5%BC%B5%E5%AE%8F%20%E6%95%B8%E4%BD%8D%E5%85%B8%E8%97%8F%20&oid=16777584 HTTP/1.1" 200 6854
66.249.74.59 - - [18/Dec/2015:07:21:34 +0800] "GET /content/subject/resource_content.jsp?oid=16777779&queryType=qc HTTP/1.1" 200 37692
66.249.74.98 - - [18/Dec/2015:07:21:40 +0800] "GET /content/repository/resource_content.jsp?oid=3039818 HTTP/1.1" 200 28542
66.249.74.98 - - [18/Dec/2015:07:21:44 +0800] "GET /content/subject/resource_content.jsp?oid=16777495&queryType=qc HTTP/1.1" 200 34800
66.249.74.98 - - [18/Dec/2015:07:21:46 +0800] "GET /content/repository/resource_content.jsp?oid=726701&queryString=%E4%BA%BA%E5%90%8D%E6%AC%8A%E5%A8%81%20%E6%AF%94%E5%88%A9%E6%99%82%20%E7%8E%8B%E6%99%AF%E5%B2%90 HTTP/1.1" 200 29365
66.249.74.98 - - [18/Dec/2015:07:21:55 +0800] "GET /content/repository/resource_content.jsp?oid=1522811 HTTP/1.1" 200 28800
207.46.13.87 - - [18/Dec/2015:07:22:01 +0800] "GET /content/subject/resource_content.jsp?oid=16777808&queryType=qc HTTP/1.1" 200 39882
68.180.228.24 - - [18/Dec/2015:07:22:05 +0800] "GET /digiarch_en/content/subject/resource_content.jsp?oid=16777742&queryType=qc HTTP/1.1" 200 34479
68.180.228.24 - - [18/Dec/2015:07:22:14 +0800] "GET /digiarch_en/content/subject/resource_content.jsp?oid=16777276&queryType=qc HTTP/1.1" 200 27809
66.249.74.98 - - [18/Dec/2015:07:22:24 +0800] "GET /content/repository/resource_content.jsp?oid=1900095 HTTP/1.1" 200 28707
66.249.74.72 - - [18/Dec/2015:07:22:40 +0800] "GET /digiarch3/content/repository/resource_content.jsp?oid=1579369&queryString=%E8%8A%B1%E6%9D%B1%E6%B5%B7%E5%B2%B8%20%E8%B3%AA%E8%A9%A2%20%E9%A2%A8%E6%99%AF%E5%8D%80 HTTP/1.1" 200 30865
40.77.167.12 - - [18/Dec/2015:07:22:40 +0800] "GET /content/subject/resource_content.jsp?oid=16777448 HTTP/1.1" 200 34545
207.46.13.87 - - [18/Dec/2015:07:22:47 +0800] "GET /content/subject/resource_content.jsp?oid=16777840&queryType=qc HTTP/1.1" 200 40649
66.249.74.100 - - [18/Dec/2015:07:22:54 +0800] "GET /content/repository/resource_content.jsp?oid=2564480 HTTP/1.1" 200 28825
40.77.167.32 - - [18/Dec/2015:07:23:04 +0800] "GET /content/tmp_tec/resource_content.jsp?oid=16777837 HTTP/1.1" 200 35579
40.77.167.52 - - [18/Dec/2015:07:23:06 +0800] "GET /content/subject/resource_content.jsp?oid=16777468 HTTP/1.1" 200 33275
40.77.167.12 - - [18/Dec/2015:07:23:06 +0800] "GET /content/subject/resource_content.jsp?oid=16777513&queryType=qc HTTP/1.1" 200 28614
66.249.79.179 - - [18/Dec/2015:07:23:09 +0800] "GET /content/nav/relationSubject.jsp?relationWords=%E5%BB%A3%E6%9D%B1%E6%8F%90%E7%9D%A3+%E6%8F%90%E7%9D%A3+&oid=2512726 HTTP/1.1" 200 4058
66.249.79.172 - - [18/Dec/2015:07:23:11 +0800] "GET /content/nav/relationSubject.jsp?relationWords=%E5%BB%A3%E6%9D%B1%E6%8F%90%E7%9D%A3%20%E6%8F%90%E7%9D%A3%20&oid=2512726 HTTP/1.1" 200 4058
66.249.74.98 - - [18/Dec/2015:07:24:27 +0800] "GET /content/repository/resource_content.jsp?oid=1567425 HTTP/1.1" 200 28766
68.180.228.24 - - [18/Dec/2015:07:24:37 +0800] "GET /digiarch_en/content/repository/resource_content.jsp?oid=523341&queryType=qc HTTP/1.1" 200 29495
66.249.74.100 - - [18/Dec/2015:07:24:40 +0800] "GET /content/repository/resource_content.jsp?oid=17874 HTTP/1.1" 200 29779
66.249.74.98 - - [18/Dec/2015:07:24:44 +0800] "GET /content/subject/resource_content.jsp?oid=16777656&queryType=qc HTTP/1.1" 200 63504
66.249.74.98 - - [18/Dec/2015:07:24:45 +0800] "GET /content/repository/resource_content.jsp?oid=1518358 HTTP/1.1" 200 28765
68.180.228.24 - - [18/Dec/2015:07:24:47 +0800] "GET /content/tmp_exh/resource_content.jsp?oid=16777816&queryString HTTP/1.1" 200 28461
40.77.167.32 - - [18/Dec/2015:07:25:11 +0800] "GET /content/tmp_auth/resource_content.jsp?oid=16777758 HTTP/1.1" 200 25328
40.77.167.52 - - [18/Dec/2015:07:25:21 +0800] "GET /content/subject/resource_content.jsp?oid=16777468&queryType=qc HTTP/1.1" 200 33264
66.249.74.98 - - [18/Dec/2015:07:25:23 +0800] "GET /content/repository/resource_content.jsp?oid=24309 HTTP/1.1" 200 29852
40.77.167.52 - - [18/Dec/2015:07:25:38 +0800] "GET /content/tmp_auth/resource_content.jsp?oid=16777759 HTTP/1.1" 200 25325
66.249.74.98 - - [18/Dec/2015:07:25:42 +0800] "GET /content/repository/resource_content.jsp?oid=2613783 HTTP/1.1" 200 29340
40.77.167.32 - - [18/Dec/2015:07:26:21 +0800] "GET /content/subject/resource_content.jsp?oid=16797257&queryType=qc HTTP/1.1" 200 47942
66.249.74.98 - - [18/Dec/2015:07:26:22 +0800] "GET /content/repository/resource_content.jsp?oid=2565242 HTTP/1.1" 200 29141
207.46.13.87 - - [18/Dec/2015:07:27:01 +0800] "GET /content/subject/resource_content.jsp?oid=16777839&queryType=qc> HTTP/1.1" 200 27193
66.249.74.100 - - [18/Dec/2015:07:27:04 +0800] "GET /digiarch_en/content/repository/resource_content.jsp?oid=1774015&queryString=%E8%BF%91%E4%BB%A3%E5%8F%B2 HTTP/1.1" 200 29800
66.249.79.30 - - [18/Dec/2015:07:27:49 +0800] "GET /content/subject/resource_content.jsp?oid=16777468&queryString=%E6%9D%BE%E5%B1%AC%20%E6%9D%BE%E6%9D%89%20%E6%9D%BE%E7%A7%91%20%E6%A4%8D%E7%89%A9%E7%95%8C%20%E6%AF%AC%E6%9E%9C%20%E7%BE%85%E6%BC%A2%E6%9D%BE%20%E7%BE%85%E6%BC%A2%E6%9D%BE%E5%B1%AC%20%E8%98%AD%E5%B6%BC%E7%BE%85%E6%BC%A2%E6%9D%BE HTTP/1.1" 200 33243
66.249.74.100 - - [18/Dec/2015:07:27:53 +0800] "GET /content/subject/resource_content.jsp?oid=16777744&queryType=qc HTTP/1.1" 200 41136
66.249.74.98 - - [18/Dec/2015:07:27:55 +0800] "GET /content/repository/resource_content.jsp?oid=1555609 HTTP/1.1" 200 28472
66.249.74.98 - - [18/Dec/2015:07:28:31 +0800] "GET /content/repository/resource_content.jsp?oid=2576250 HTTP/1.1" 200 28572
40.77.167.32 - - [18/Dec/2015:07:28:41 +0800] "GET /content/subject/resource_content.jsp?oid=16777753&queryType=qc HTTP/1.1" 200 36831
66.249.74.98 - - [18/Dec/2015:07:28:53 +0800] "GET /content/repository/resource_content.jsp?oid=2519952 HTTP/1.1" 200 29424
66.249.74.98 - - [18/Dec/2015:07:29:11 +0800] "GET /content/repository/resource_content.jsp?oid=24368 HTTP/1.1" 200 30027
66.249.74.102 - - [18/Dec/2015:07:29:18 +0800] "GET /content/nav/relationSubject.jsp?relationWords=%E8%A4%87%E8%91%89%E8%80%B3%E8%95%A8+%E8%A4%87%E8%91%89%E8%80%B3%E8%95%A8%E5%B1%AC+&oid=1109452 HTTP/1.1" 200 3327
66.249.74.98 - - [18/Dec/2015:07:29:21 +0800] "GET /content/nav/relationSubject.jsp?relationWords=%E8%A4%87%E8%91%89%E8%80%B3%E8%95%A8%20%E8%A4%87%E8%91%89%E8%80%B3%E8%95%A8%E5%B1%AC%20&oid=1109452 HTTP/1.1" 200 3327
59.115.50.172 - - [18/Dec/2015:07:29:25 +0800] "GET /content/nav/relationSubject.jsp?relationWords=%E5%A4%A7%E8%91%89%E5%B1%B1+%E5%A4%A7%E8%91%89%E5%B1%B1%E6%AC%96+%E5%B1%B1%E6%AC%96+%E6%8B%BC%E6%9D%BF%E8%88%9F+%E9%81%94%E6%82%9F+%E9%81%94%E6%82%9F%E6%97%8F+&oid=16777270 HTTP/1.1" 200 4822
59.115.50.172 - - [18/Dec/2015:07:29:28 +0800] "GET /content/repository/resource_content.jsp?oid=3824672&queryString=%E5%A4%A7%E8%91%89%E5%B1%B1%20%E5%A4%A7%E8%91%89%E5%B1%B1%E6%AC%96%20%E5%B1%B1%E6%AC%96%20%E6%8B%BC%E6%9D%BF%E8%88%9F%20%E9%81%94%E6%82%9F%20%E9%81%94%E6%82%9F%E6%97%8F HTTP/1.1" 200 31407
40.77.167.12 - - [18/Dec/2015:07:29:29 +0800] "GET /content/subject/resource_content.jsp?oid=16777620 HTTP/1.1" 200 54830
59.115.50.172 - - [18/Dec/2015:07:29:29 +0800] "GET /content/nav/relationSubject.jsp?relationWords=%E5%B1%B1%E6%AC%96+%E5%B1%B1%E6%AC%96%E5%B1%AC+%E6%9F%BF%E6%A8%B9+%E6%A4%8D%E7%89%A9%E7%95%8C+&oid=3824672 HTTP/1.1" 200 4928
66.249.74.98 - - [18/Dec/2015:07:29:31 +0800] "GET /content/repository/resource_content.jsp?oid=776528 HTTP/1.1" 200 26460
66.249.74.72 - - [18/Dec/2015:07:29:42 +0800] "GET /digiarch3/content/repository/resource_content.jsp?oid=15298&queryType=qs&queryString=%E6%BF%B1%E9%AF%9B HTTP/1.1" 200 34687
66.249.74.100 - - [18/Dec/2015:07:29:52 +0800] "GET /content/repository/resource_content.jsp?oid=21545 HTTP/1.1" 200 29796
207.46.13.87 - - [18/Dec/2015:07:30:05 +0800] "GET /content/tmp_exh/resource_content.jsp?oid=16777852&queryType=qc HTTP/1.1" 200 67305
40.77.167.52 - - [18/Dec/2015:07:30:45 +0800] "GET /content/tmp_auth/resource_content.jsp?oid=16777777 HTTP/1.1" 200 29418
66.249.74.98 - - [18/Dec/2015:07:30:50 +0800] "GET /content/repository/resource_content.jsp?oid=180460 HTTP/1.1" 200 30157
66.249.74.98 - - [18/Dec/2015:07:30:52 +0800] "GET /content/repository/resource_content.jsp?oid=1848830&queryString=%E7%A9%BA%E9%A6%96%E5%B8%83%20%E9%8F%9F%E5%B9%A3 HTTP/1.1" 200 30353
66.249.74.100 - - [18/Dec/2015:07:31:17 +0800] "GET /content/repository/resource_content.jsp?oid=224678 HTTP/1.1" 200 30058
40.77.167.12 - - [18/Dec/2015:07:31:24 +0800] "GET /content/tmp_exh/resource_content.jsp?oid=16777852&queryType=qc%201890 HTTP/1.1" 200 67305
66.249.74.100 - - [18/Dec/2015:07:31:48 +0800] "GET /content/repository/resource_content.jsp?oid=1113613 HTTP/1.1" 200 30982
40.77.167.32 - - [18/Dec/2015:07:32:03 +0800] "GET /content/subject/resource_content.jsp?oid=16777332&queryType=qc HTTP/1.1" 200 32786
66.249.74.98 - - [18/Dec/2015:07:32:11 +0800] "GET /content/repository/resource_content.jsp?oid=222395 HTTP/1.1" 200 30072
66.249.74.102 - - [18/Dec/2015:07:32:20 +0800] "GET /content/repository/resource_content.jsp?oid=2684586&queryString=%E7%A5%A8%E7%B0%BD%20%E7%A7%BB%E9%80%81 HTTP/1.1" 200 30462
66.249.74.100 - - [18/Dec/2015:07:32:38 +0800] "GET /content/repository/resource_content.jsp?oid=1113375 HTTP/1.1" 200 31013
40.77.167.12 - - [18/Dec/2015:07:32:49 +0800] "GET /content/subject/resource_content.jsp?oid=16777513&queryType=qc HTTP/1.1" 200 28614
59.115.50.172 - - [18/Dec/2015:07:33:33 +0800] "GET /content/nav/relationSubject.jsp?relationWords=%E5%A4%A7%E8%91%89%E5%B1%B1+%E5%A4%A7%E8%91%89%E5%B1%B1%E6%AC%96+%E5%B1%B1%E6%AC%96+%E6%8B%BC%E6%9D%BF%E8%88%9F+%E9%81%94%E6%82%9F+%E9%81%94%E6%82%9F%E6%97%8F+&oid=16777270 HTTP/1.1" 200 4822
40.77.167.12 - - [18/Dec/2015:07:33:33 +0800] "GET /content/subject/resource_content.jsp?oid=16777448 HTTP/1.1" 200 34545
183.79.219.169 - - [18/Dec/2015:07:33:44 +0800] "GET /content/subject/resource_content.jsp?oid=16777344&queryType=qc HTTP/1.0" 200 47609
66.249.74.98 - - [18/Dec/2015:07:34:00 +0800] "GET /content/repository/resource_content.jsp?oid=1636863 HTTP/1.1" 200 32424
66.249.74.98 - - [18/Dec/2015:07:34:02 +0800] "GET /content/repository/resource_content.jsp?oid=1564765 HTTP/1.1" 200 28589
66.249.74.98 - - [18/Dec/2015:07:34:04 +0800] "GET /content/subject/resource_content.jsp?oid=16777735&queryType=qs&queryString=%E6%B0%91%E6%97%8F%E8%AA%8C HTTP/1.1" 200 32503
40.77.167.52 - - [18/Dec/2015:07:34:09 +0800] "GET /content/subject/resource_content.jsp?oid=16777468 HTTP/1.1" 200 33275
111.251.92.223 - - [18/Dec/2015:07:34:16 +0800] "GET /content/nav/relationSubject.jsp?relationWords=&oid=16777342 HTTP/1.1" 200 1405
66.249.74.98 - - [18/Dec/2015:07:34:23 +0800] "GET /content/repository/resource_content.jsp?oid=2149497&queryString=%E5%B0%8F%E8%91%89%E6%8B%AC%E6%A0%B9%20%E6%8B%AC%E6%A0%B9%E5%B1%AC%20%E6%A4%8D%E7%89%A9%E7%95%8C%20%E8%A0%B6%E8%B1%86%20%E9%9B%99%E5%AD%90%E8%91%89%E6%A4%8D%E7%89%A9 HTTP/1.1" 200 31452
66.249.74.102 - - [18/Dec/2015:07:34:38 +0800] "GET /digiarch_en/content/nav/relationSubject.jsp?relationWords=%E5%8D%91%E5%8D%97%E6%97%8F%20%E6%B3%B0%E9%9B%85%20%E6%B3%B0%E9%9B%85%E6%97%8F%20%E8%B3%BD%E5%A4%8F%20%E8%B3%BD%E5%A4%8F%E6%97%8F%20%E8%BF%91%E4%BB%A3%E5%8F%B2%20%E9%84%92%E6%97%8F%20%E9%AD%AF%E5%87%B1%20%E9%AD%AF%E5%87%B1%E6%97%8F%20&oid=1774015 HTTP/1.1" 200 4207
66.249.74.98 - - [18/Dec/2015:07:34:48 +0800] "GET /content/nav/relationSubject.jsp?relationWords=&oid=1567425 HTTP/1.1" 200 1405
66.249.74.102 - - [18/Dec/2015:07:35:09 +0800] "GET /content/repository/resource_content.jsp?oid=1534483 HTTP/1.1" 200 28737
68.180.228.24 - - [18/Dec/2015:07:35:13 +0800] "GET /digiarch_en/content/repository/resource_content.jsp?oid=1124522&queryType=qc HTTP/1.1" 200 27358
66.249.74.98 - - [18/Dec/2015:07:35:33 +0800] "GET /content/repository/resource_content.jsp?oid=2150483 HTTP/1.1" 200 31518
40.77.167.32 - - [18/Dec/2015:07:35:57 +0800] "GET /content/subject/resource_content.jsp?oid=16797244&queryType=qc HTTP/1.1" 200 50442
66.249.79.27 - - [18/Dec/2015:07:37:10 +0800] "GET /content/subject/resource_content.jsp?oid=16777684&queryType=qs&queryString=%E6%95%B8%E4%BD%8D%E8%B3%87%E6%96%99%E5%BA%AB HTTP/1.1" 200 30769
66.249.74.100 - - [18/Dec/2015:07:37:12 +0800] "GET /content/repository/resource_content.jsp?oid=1890575 HTTP/1.1" 200 28311
207.46.13.87 - - [18/Dec/2015:07:37:25 +0800] "GET /content/nav/relationSubject.jsp?relationWords=%E5%8F%A4%E5%9C%B0%E5%9C%96+&oid=16777514 HTTP/1.1" 200 3976
66.249.79.24 - - [18/Dec/2015:07:37:35 +0800] "GET /content/repository/resource_content.jsp?oid=2669810&queryType=qs&queryString=%E9%99%9D%E5%B7%9E HTTP/1.1" 200 30345
66.249.74.98 - - [18/Dec/2015:07:37:39 +0800] "GET /content/repository/resource_content.jsp?oid=1112954 HTTP/1.1" 200 30959
40.77.167.12 - - [18/Dec/2015:07:37:55 +0800] "GET /content/tmp_tec/resource_content.jsp?oid=16777730 HTTP/1.1" 200 42457
66.249.74.98 - - [18/Dec/2015:07:38:04 +0800] "GET /content/repository/resource_content.jsp?oid=226566 HTTP/1.1" 200 30104
66.249.74.98 - - [18/Dec/2015:07:38:09 +0800] "GET /content/nav/relationSubject.jsp?relationWords=%E5%A4%A7%E6%BA%AA%E9%8E%AE+%E8%82%A1%E4%BB%BD%E6%9C%89%E9%99%90%E5%85%AC%E5%8F%B8+&oid=1622159 HTTP/1.1" 200 3772
66.249.74.98 - - [18/Dec/2015:07:38:11 +0800] "GET /content/nav/relationSubject.jsp?relationWords=%E5%A4%A7%E6%BA%AA%E9%8E%AE%20%E8%82%A1%E4%BB%BD%E6%9C%89%E9%99%90%E5%85%AC%E5%8F%B8%20&oid=1622159 HTTP/1.1" 200 3772
66.249.79.30 - - [18/Dec/2015:07:38:32 +0800] "GET /content/subject/resource_content.jsp?oid=16777456&queryType=qc HTTP/1.1" 200 34444
40.77.167.12 - - [18/Dec/2015:07:39:42 +0800] "GET /content/subject/resource_content.jsp?oid=16777620 HTTP/1.1" 200 54830
40.77.167.32 - - [18/Dec/2015:07:39:55 +0800] "GET /content/subject/resource_content.jsp?oid=16777753&queryType=qc HTTP/1.1" 200 36831
66.249.74.102 - - [18/Dec/2015:07:40:21 +0800] "GET /content/repository/resource_content.jsp?oid=225126 HTTP/1.1" 200 30063
66.249.74.102 - - [18/Dec/2015:07:42:50 +0800] "GET /content/repository/resource_content.jsp?oid=518214&queryString=%E4%BA%9E%E6%88%90%E9%AB%94%20%E5%B0%8F%E5%8D%B7%20%E7%9C%9F%E9%8E%96%E7%AE%A1%20%E9%80%8F%E6%8A%BD%20%E9%8E%96%E7%AE%A1%E5%B1%AC%20%E9%8E%96%E7%AE%A1%E7%A7%91%20%E9%A0%AD%E8%B6%B3%E7%B6%B1 HTTP/1.1" 200 31959
40.77.167.32 - - [18/Dec/2015:07:42:55 +0800] "GET /content/subject/resource_content.jsp?oid=16777332&queryType=qc HTTP/1.1" 200 32786
66.249.74.102 - - [18/Dec/2015:07:43:30 +0800] "GET /content/repository/resource_content.jsp?oid=1868570 HTTP/1.1" 200 29286
66.249.74.98 - - [18/Dec/2015:07:43:33 +0800] "GET /content/subject/resource_content.jsp?oid=16777258 HTTP/1.1" 200 36451
36.231.229.39 - - [18/Dec/2015:07:43:33 +0800] "GET /content/repository/resource_content.jsp?oid=1105327 HTTP/1.1" 200 31340
36.231.229.39 - - [18/Dec/2015:07:43:34 +0800] "GET /content/nav/relationSubject.jsp?relationWords=%E5%8F%B0%E7%81%A3%E6%BF%B1%E8%97%9C+%E6%A4%8D%E7%89%A9%E7%95%8C+%E6%BF%B1%E8%97%9C+%E6%BF%B1%E8%97%9C%E5%B1%AC+%E7%9F%B3%E7%AB%B9+%E8%97%9C%E5%B1%AC+%E8%97%9C%E7%A7%91+&oid=1105327 HTTP/1.1" 200 3413
66.249.74.102 - - [18/Dec/2015:07:44:02 +0800] "GET /content/repository/resource_content.jsp?oid=2686313&queryString=%E5%A4%AA%E5%83%95%E5%AF%BA%20%E8%AD%B7%E8%BB%8D%E6%A0%A1 HTTP/1.1" 200 30681
66.249.79.24 - - [18/Dec/2015:07:44:19 +0800] "GET /content/subject/resource_content.jsp?oid=16777620&queryType=qs&queryString=%E8%94%A1%E5%9F%B9%E7%81%AB HTTP/1.1" 200 54917
40.77.167.52 - - [18/Dec/2015:07:44:40 +0800] "GET /content/tmp_auth/resource_content.jsp?oid=16777777 HTTP/1.1" 200 29418
66.249.79.30 - - [18/Dec/2015:07:45:01 +0800] "GET /content/nav/relationSubject.jsp?relationWords=%E5%90%8F%E9%83%A8%20%E6%B2%B3%E5%8D%97%E5%BA%9C%20%E7%9F%A5%E5%BA%9C%20&oid=2669810 HTTP/1.1" 200 3186
40.77.167.12 - - [18/Dec/2015:07:45:02 +0800] "GET /content/subject/resource_content.jsp?oid=16777532 HTTP/1.1" 200 34931
66.249.74.100 - - [18/Dec/2015:07:45:19 +0800] "GET /content/nav/relationSubject.jsp?relationWords=%E4%BA%A4%E9%80%9A%E5%AE%89%E5%85%A8+%E5%AE%89%E5%85%A8%E6%A1%88+%E8%87%BA%E4%B8%AD%E7%B8%A3+&oid=1636306 HTTP/1.1" 200 5388
66.249.74.98 - - [18/Dec/2015:07:45:21 +0800] "GET /content/nav/relationSubject.jsp?relationWords=%E4%BA%A4%E9%80%9A%E5%AE%89%E5%85%A8%20%E5%AE%89%E5%85%A8%E6%A1%88%20%E8%87%BA%E4%B8%AD%E7%B8%A3%20&oid=1636306 HTTP/1.1" 200 5388
66.249.74.98 - - [18/Dec/2015:07:45:27 +0800] "GET /content/repository/resource_content.jsp?oid=1774678 HTTP/1.1" 200 33331
66.249.79.24 - - [18/Dec/2015:07:46:40 +0800] "GET /content/subject/resource_content.jsp?oid=16797241&queryType=qc HTTP/1.1" 200 44202
66.249.74.98 - - [18/Dec/2015:07:46:42 +0800] "GET /content/repository/resource_content.jsp?oid=2556209 HTTP/1.1" 200 28617
66.249.79.24 - - [18/Dec/2015:07:47:00 +0800] "GET /content/repository/resource_content.jsp?oid=2682925&queryType=qs&queryString=%E6%96%B9%E8%A7%80%E6%89%BF HTTP/1.1" 200 30106
66.249.74.98 - - [18/Dec/2015:07:47:22 +0800] "GET /content/repository/resource_content.jsp?oid=2681970 HTTP/1.1" 200 28723
68.180.228.24 - - [18/Dec/2015:07:47:32 +0800] "GET /content/pictures/picture_content.jsp?oid=33554820 HTTP/1.1" 200 27896
66.249.74.102 - - [18/Dec/2015:07:47:42 +0800] "GET /content/repository/resource_content.jsp?oid=2540975 HTTP/1.1" 200 28828
66.249.74.98 - - [18/Dec/2015:07:48:02 +0800] "GET /content/repository/resource_content.jsp?oid=728024 HTTP/1.1" 200 28820
66.249.74.102 - - [18/Dec/2015:07:48:05 +0800] "GET /content/repository/resource_content.jsp?oid=1124600 HTTP/1.1" 200 29769
68.180.228.24 - - [18/Dec/2015:07:48:09 +0800] "GET /digiarch_en/content/subject/resource_content.jsp?oid=16777621&queryType=qc HTTP/1.1" 200 32765
66.249.74.61 - - [18/Dec/2015:07:49:37 +0800] "GET /content/nav/relationSubject.jsp?relationWords=%E5%88%91%E9%83%A8+&oid=2674527 HTTP/1.1" 200 3095
66.249.74.59 - - [18/Dec/2015:07:49:39 +0800] "GET /content/nav/relationSubject.jsp?relationWords=%E5%88%91%E9%83%A8%20&oid=2674527 HTTP/1.1" 200 3095
66.249.74.98 - - [18/Dec/2015:07:49:44 +0800] "GET /content/repository/resource_content.jsp?oid=1536383 HTTP/1.1" 200 28581
66.249.74.98 - - [18/Dec/2015:07:49:58 +0800] "GET /content/repository/resource_content.jsp?oid=1547255 HTTP/1.1" 200 29085
66.249.74.98 - - [18/Dec/2015:07:50:16 +0800] "GET /content/repository/resource_content.jsp?oid=830465 HTTP/1.1" 200 27919
66.249.74.98 - - [18/Dec/2015:07:50:34 +0800] "GET /content/repository/resource_content.jsp?oid=1546611 HTTP/1.1" 200 28518
66.249.74.98 - - [18/Dec/2015:07:50:43 +0800] "GET /content/repository/resource_content.jsp?oid=15867&queryString=%E5%A4%A7%E9%A0%AD%E7%8B%97%E6%AF%8D%E9%AD%9A%20%E7%8B%97%E6%AF%8D%20%E7%8B%97%E6%AF%8D%E9%AD%9A HTTP/1.1" 200 33321
66.249.74.98 - - [18/Dec/2015:07:50:52 +0800] "GET /content/repository/resource_content.jsp?oid=1868018 HTTP/1.1" 200 29354
40.77.167.32 - - [18/Dec/2015:07:51:00 +0800] "GET /content/subject/resource_content.jsp?oid=16797244&queryType=qc HTTP/1.1" 200 50442
66.249.79.24 - - [18/Dec/2015:07:51:10 +0800] "GET /content/repository/resource_content.jsp?oid=2549406&queryType=qs&queryString=%E6%9C%89%E8%81%B7 HTTP/1.1" 200 30002
66.249.79.27 - - [18/Dec/2015:07:51:26 +0800] "GET /content/nav/relationSubject.jsp?relationWords=%E5%9C%8B%E6%B0%91%E5%A4%A7%E6%9C%83+%E5%9C%8B%E6%B0%91%E5%A4%A7%E6%9C%83%E4%BB%A3%E8%A1%A8+%E5%9C%98%E7%B5%90%E6%A1%88+%E7%81%A3%E7%9C%81%E6%94%BF%E5%BA%9C+%E7%9C%81%E6%94%BF%E5%BA%9C+%E7%AB%8B%E6%B3%95%E5%A7%94%E5%93%A1+%E8%87%BA%E7%81%A3%E7%9C%81+%E8%87%BA%E7%81%A3%E7%9C%81%E6%94%BF%E5%BA%9C+&oid=1569404 HTTP/1.1" 200 4927
66.249.79.24 - - [18/Dec/2015:07:51:28 +0800] "GET /content/nav/relationSubject.jsp?relationWords=%E5%9C%8B%E6%B0%91%E5%A4%A7%E6%9C%83%20%E5%9C%8B%E6%B0%91%E5%A4%A7%E6%9C%83%E4%BB%A3%E8%A1%A8%20%E5%9C%98%E7%B5%90%E6%A1%88%20%E7%81%A3%E7%9C%81%E6%94%BF%E5%BA%9C%20%E7%9C%81%E6%94%BF%E5%BA%9C%20%E7%AB%8B%E6%B3%95%E5%A7%94%E5%93%A1%20%E8%87%BA%E7%81%A3%E7%9C%81%20%E8%87%BA%E7%81%A3%E7%9C%81%E6%94%BF%E5%BA%9C%20&oid=1569404 HTTP/1.1" 200 4927
68.180.228.24 - - [18/Dec/2015:07:52:23 +0800] "GET /digiarch_en/content/repository/resource_content.jsp?oid=523290&queryType=qc HTTP/1.1" 200 26709
66.249.74.102 - - [18/Dec/2015:07:52:40 +0800] "GET /content/repository/resource_content.jsp?oid=2634533 HTTP/1.1" 200 29617
66.249.74.98 - - [18/Dec/2015:07:52:41 +0800] "GET /content/repository/resource_content.jsp?oid=1882218 HTTP/1.1" 200 29772
66.249.74.72 - - [18/Dec/2015:07:52:46 +0800] "GET /digiarch/content/repository/resource_content.jsp?oid=1778016 HTTP/1.1" 404 14873
66.249.79.24 - - [18/Dec/2015:07:52:49 +0800] "GET /content/repository/resource_content.jsp?oid=2637371&queryType=qs&queryString=%E9%9B%B6%E9%99%B5 HTTP/1.1" 200 30203
66.249.74.98 - - [18/Dec/2015:07:53:04 +0800] "GET /content/repository/resource_content.jsp?oid=2518280 HTTP/1.1" 200 29418
40.77.167.52 - - [18/Dec/2015:07:53:05 +0800] "GET /content/tmp_auth/resource_content.jsp?oid=16777809 HTTP/1.1" 200 37139
223.139.197.53 - - [18/Dec/2015:07:53:20 +0800] "GET /content/nav/relationSubject.jsp?relationWords=%E6%9C%A8%E7%8A%80+%E6%A1%82%E8%8A%B1+&oid=16777255 HTTP/1.1" 200 4029
66.249.79.179 - - [18/Dec/2015:07:53:21 +0800] "GET /content/repository/resource_content.jsp?oid=4362961&queryType=qs&queryString=%E7%94%B2%E5%86%91 HTTP/1.1" 200 28552
66.249.74.102 - - [18/Dec/2015:07:53:58 +0800] "GET /content/repository/resource_content.jsp?oid=1890960 HTTP/1.1" 200 28536
40.77.167.12 - - [18/Dec/2015:07:54:14 +0800] "GET /content/tmp_tec/resource_content.jsp?oid=16777730 HTTP/1.1" 200 42457
66.249.74.98 - - [18/Dec/2015:07:54:18 +0800] "GET /content/subject/resource_content.jsp?oid=16777728&queryType=qs&queryString=%E6%88%AA%E5%BD%8E%E5%8F%96%E7%9B%B4 HTTP/1.1" 200 65160
66.249.74.98 - - [18/Dec/2015:07:54:34 +0800] "GET /content/repository/resource_content.jsp?oid=1524265 HTTP/1.1" 200 28846
66.249.74.98 - - [18/Dec/2015:07:54:47 +0800] "GET /content/nav/relationSubject.jsp?relationWords=%E5%8E%9F%E4%BD%8F%E6%B0%91%E6%96%87%E5%8C%96%20%E6%B3%B0%E9%9B%85%20%E6%B3%B0%E9%9B%85%E6%97%8F%20%E7%A4%BE%E5%B7%A5%20%E7%A4%BE%E6%9C%83%E5%95%8F%E9%A1%8C%20%E7%A4%BE%E6%9C%83%E6%95%91%E5%8A%A9%20&oid=1774678 HTTP/1.1" 200 5077
66.249.74.102 - - [18/Dec/2015:07:55:05 +0800] "GET /content/subject/resource_content.jsp?oid=16777481&queryType=qc HTTP/1.1" 200 172185
66.249.74.98 - - [18/Dec/2015:07:55:50 +0800] "GET /content/repository/resource_content.jsp?oid=182841 HTTP/1.1" 200 30224
66.249.74.98 - - [18/Dec/2015:07:55:52 +0800] "GET /content/repository/resource_content.jsp?oid=1109560 HTTP/1.1" 200 31325
66.249.74.98 - - [18/Dec/2015:07:55:56 +0800] "GET /content/repository/resource_content.jsp?oid=2586248 HTTP/1.1" 200 29206
66.249.74.63 - - [18/Dec/2015:07:55:59 +0800] "GET /content/repository/resource_content.jsp?oid=4362075&queryType=qs&queryString=%E8%B5%B7%E4%B9%A9 HTTP/1.1" 200 30004
66.249.74.102 - - [18/Dec/2015:07:56:00 +0800] "GET /content/nav/relationSubject.jsp?relationWords=%E5%B0%8F%E5%8D%B7+%E8%B2%9D%E5%8D%A1+%E9%8E%96%E7%AE%A1+%E9%8E%96%E7%AE%A1%E5%B1%AC+%E9%8E%96%E7%AE%A1%E7%A7%91+%E9%A0%AD%E8%B6%B3+%E9%A0%AD%E8%B6%B3%E7%B6%B1+%E9%B9%BD%E6%BC%AC%E5%B0%8F%E5%8D%B7+&oid=518214 HTTP/1.1" 200 3641
66.249.74.98 - - [18/Dec/2015:07:56:15 +0800] "GET /content/repository/resource_content.jsp?oid=207152 HTTP/1.1" 200 30429
66.249.74.98 - - [18/Dec/2015:07:56:32 +0800] "GET /content/repository/resource_content.jsp?oid=1633712 HTTP/1.1" 200 28536
66.249.79.24 - - [18/Dec/2015:07:56:50 +0800] "GET /content/subject/resource_content.jsp?oid=16777553&queryString=%E4%B9%9D%E5%B9%B4%E5%9C%8B%E6%B0%91%E6%95%99%E8%82%B2%20%E5%A5%BD%E6%B6%88%E6%81%AF%20%E8%B3%AA%E8%A9%A2 HTTP/1.1" 200 28727
66.249.74.98 - - [18/Dec/2015:07:57:08 +0800] "GET /content/repository/resource_content.jsp?oid=2148585 HTTP/1.1" 200 30621
68.180.228.24 - - [18/Dec/2015:07:57:12 +0800] "GET /content/subject/resource_content.jsp?oid=16777749&queryType=qc HTTP/1.1" 200 41248
140.119.186.147 - - [18/Dec/2015:07:57:22 +0800] "GET /content/tmp_exh/resource_content.jsp?oid=16777852&queryType=qc%201890 HTTP/1.1" 200 67305
140.119.186.147 - - [18/Dec/2015:07:57:22 +0800] "GET /content/nav/relationSubject.jsp?relationWords=&oid=16777852 HTTP/1.1" 200 1405
66.249.74.98 - - [18/Dec/2015:07:57:27 +0800] "GET /content/subject/resource_content.jsp?oid=16777553&queryString=%E5%85%AB%E5%8D%A6%E5%B1%B1%20%E5%8D%97%E6%8A%95%E7%B8%A3%E8%AD%B0%E6%9C%83%20%E5%A5%BD%E6%B6%88%E6%81%AF%20%E5%B7%A5%E6%A5%AD%E7%94%A8%20%E5%BB%BA%E8%A8%AD%E5%BB%B3%20%E6%B0%B4%E5%A3%A9%20%E7%B8%A3%E8%AD%B0%E6%9C%83%20%E7%B9%94%E6%9F%93 HTTP/1.1" 200 28716
40.77.167.12 - - [18/Dec/2015:07:57:43 +0800] "GET /content/subject/resource_content.jsp?oid=16777532 HTTP/1.1" 200 34931
68.180.228.24 - - [18/Dec/2015:07:58:10 +0800] "GET /content/subject/resource_content.jsp?oid=16777606&queryType=qc HTTP/1.1" 200 51024
40.77.167.32 - - [18/Dec/2015:07:58:12 +0800] "GET /content/subject/resource_content.jsp?oid=16777576 HTTP/1.1" 200 29391
66.249.74.59 - - [18/Dec/2015:07:58:36 +0800] "GET /content/repository/resource_content.jsp?oid=15288&queryType=qs&queryString=%E9%82%8A%E5%9D%A1 HTTP/1.1" 200 34364
66.249.74.100 - - [18/Dec/2015:07:58:37 +0800] "GET /content/nav/relationSubject.jsp?relationWords=%E5%B0%8F%E5%8D%B7%20%E8%B2%9D%E5%8D%A1%20%E9%8E%96%E7%AE%A1%20%E9%8E%96%E7%AE%A1%E5%B1%AC%20%E9%8E%96%E7%AE%A1%E7%A7%91%20%E9%A0%AD%E8%B6%B3%20%E9%A0%AD%E8%B6%B3%E7%B6%B1%20%E9%B9%BD%E6%BC%AC%E5%B0%8F%E5%8D%B7%20&oid=518214 HTTP/1.1" 200 3641
40.77.167.12 - - [18/Dec/2015:07:58:45 +0800] "GET /content/subject/resource_content.jsp?oid=16777773 HTTP/1.1" 200 54782
66.249.74.102 - - [18/Dec/2015:07:58:53 +0800] "GET /content/repository/resource_content.jsp?oid=2556093 HTTP/1.1" 200 28813
66.249.74.98 - - [18/Dec/2015:07:58:56 +0800] "GET /content/repository/resource_content.jsp?oid=2541614 HTTP/1.1" 200 28936
66.249.74.98 - - [18/Dec/2015:07:58:59 +0800] "GET /content/nav/relationSubject.jsp?relationWords=%E5%81%87%E5%90%90%E9%87%91%E8%8F%8A+%E5%81%87%E5%90%90%E9%87%91%E8%8F%8A%E5%B1%AC+%E6%A4%8D%E7%89%A9%E7%95%8C+%E8%8F%8A%E5%B1%AC+%E8%8F%8A%E7%A7%91+%E9%87%91%E8%8F%8A+%E9%9B%99%E5%AD%90%E8%91%89+%E9%9B%99%E5%AD%90%E8%91%89%E6%A4%8D%E7%89%A9+&oid=1459120 HTTP/1.1" 200 3584
66.249.74.98 - - [18/Dec/2015:07:59:02 +0800] "GET /content/nav/relationSubject.jsp?relationWords=%E5%81%87%E5%90%90%E9%87%91%E8%8F%8A%20%E5%81%87%E5%90%90%E9%87%91%E8%8F%8A%E5%B1%AC%20%E6%A4%8D%E7%89%A9%E7%95%8C%20%E8%8F%8A%E5%B1%AC%20%E8%8F%8A%E7%A7%91%20%E9%87%91%E8%8F%8A%20%E9%9B%99%E5%AD%90%E8%91%89%20%E9%9B%99%E5%AD%90%E8%91%89%E6%A4%8D%E7%89%A9%20&oid=1459120 HTTP/1.1" 200 3584
66.249.74.98 - - [18/Dec/2015:07:59:13 +0800] "GET /content/repository/resource_content.jsp?oid=2540030 HTTP/1.1" 200 28055
66.249.79.27 - - [18/Dec/2015:08:00:00 +0800] "GET /content/repository/resource_content.jsp?oid=1891804&queryString=%E5%90%B3%E5%A4%A7%20%E5%B8%AB%E9%85%89%20%E5%B8%AB%E9%85%89%E7%B0%8B%20%E6%B0%B8%E5%AF%B6 HTTP/1.1" 200 28992
40.77.167.52 - - [18/Dec/2015:08:00:00 +0800] "GET /content/subject/resource_content.jsp?oid=16777743 HTTP/1.1" 200 32580
40.77.167.52 - - [18/Dec/2015:08:00:01 +0800] "GET /content/subject/resource_content.jsp?oid=16777753 HTTP/1.1" 200 36842
66.249.74.100 - - [18/Dec/2015:08:00:12 +0800] "GET /content/nav/relationSubject.jsp?relationWords=%E8%87%BA%E6%9D%B1%E7%B8%A3+%E9%95%B7%E6%BF%B1%E9%84%89+&oid=1580879 HTTP/1.1" 200 8216
66.249.74.98 - - [18/Dec/2015:08:00:14 +0800] "GET /content/nav/relationSubject.jsp?relationWords=%E8%87%BA%E6%9D%B1%E7%B8%A3%20%E9%95%B7%E6%BF%B1%E9%84%89%20&oid=1580879 HTTP/1.1" 200 8216
66.249.74.100 - - [18/Dec/2015:08:00:23 +0800] "GET /content/repository/resource_content.jsp?oid=1547970 HTTP/1.1" 200 28467
40.77.167.12 - - [18/Dec/2015:08:00:38 +0800] "GET /content/subject/resource_content.jsp?oid=16797253 HTTP/1.1" 200 43053
40.77.167.52 - - [18/Dec/2015:08:01:59 +0800] "GET /content/tmp_auth/resource_content.jsp?oid=16777809 HTTP/1.1" 200 37139
66.249.74.100 - - [18/Dec/2015:08:02:00 +0800] "GET /digiarch_en/content/repository/resource_content.jsp?oid=1887117&queryString=%E8%9B%A4%E7%A7%91%20%E9%9B%99%E6%AE%BC%E7%B6%B1%20%E9%AD%81%E8%9B%A4%20%E9%AD%81%E8%9B%A4%E5%B1%AC%20%E9%AD%81%E8%9B%A4%E7%A7%91%20%E9%B7%B9%E7%BF%BC%E9%AD%81%E8%9B%A4 HTTP/1.1" 200 24146
66.249.74.98 - - [18/Dec/2015:08:02:02 +0800] "GET /content/repository/resource_content.jsp?oid=1539456 HTTP/1.1" 200 28841
40.77.167.12 - - [18/Dec/2015:08:02:19 +0800] "GET /content/tmp_exh/resource_content.jsp?oid=16777771&queryType=qc HTTP/1.1" 200 33975
66.249.74.98 - - [18/Dec/2015:08:02:20 +0800] "GET /content/repository/resource_content.jsp?oid=1553891 HTTP/1.1" 200 28440
40.77.167.14 - - [18/Dec/2015:08:02:30 +0800] "GET /content/subject/resource_content.jsp?oid=16797258 HTTP/1.1" 200 56110
40.77.167.14 - - [18/Dec/2015:08:02:31 +0800] "GET /content/subject/resource_content.jsp?oid=16797258 HTTP/1.1" 200 56110
40.77.167.52 - - [18/Dec/2015:08:02:43 +0800] "GET /content/subject/resource_content.jsp?oid=16777420 HTTP/1.1" 200 30181
66.249.74.98 - - [18/Dec/2015:08:03:01 +0800] "GET /content/repository/resource_content.jsp?oid=1522476 HTTP/1.1" 200 28874
66.249.79.179 - - [18/Dec/2015:08:03:52 +0800] "GET /content/repository/resource_content.jsp?oid=1544268&queryString=%E5%85%89%E5%BE%A9%E7%AF%80 HTTP/1.1" 200 32215
40.77.167.52 - - [18/Dec/2015:08:03:54 +0800] "GET /content/subject/resource_content.jsp?oid=16777730&queryType=qc HTTP/1.1" 200 46337
66.249.74.102 - - [18/Dec/2015:08:04:04 +0800] "GET /content/nav/relationSubject.jsp?relationWords=%E7%9F%B3%E6%96%91%E9%AD%9A+%E9%AE%A8%E7%A7%91+&oid=23936 HTTP/1.1" 200 3436
66.249.74.98 - - [18/Dec/2015:08:04:07 +0800] "GET /content/nav/relationSubject.jsp?relationWords=%E7%9F%B3%E6%96%91%E9%AD%9A%20%E9%AE%A8%E7%A7%91%20&oid=23936 HTTP/1.1" 200 3436
66.249.79.179 - - [18/Dec/2015:08:04:44 +0800] "GET /content/nav/relationSubject.jsp?relationWords=%E9%A6%AC%E7%B8%BD%20&oid=4362961 HTTP/1.1" 200 6347
40.77.167.14 - - [18/Dec/2015:08:04:57 +0800] "GET /content/subject/resource_content.jsp?oid=16777838 HTTP/1.1" 200 59042
40.77.167.14 - - [18/Dec/2015:08:04:58 +0800] "GET /content/subject/resource_content.jsp?oid=16777838 HTTP/1.1" 200 59042
66.249.74.102 - - [18/Dec/2015:08:05:01 +0800] "GET /content/repository/resource_content.jsp?oid=2523467 HTTP/1.1" 200 29268
66.249.74.100 - - [18/Dec/2015:08:05:02 +0800] "GET /content/repository/resource_content.jsp?oid=2148166 HTTP/1.1" 200 31428
66.249.74.98 - - [18/Dec/2015:08:05:28 +0800] "GET /content/repository/resource_content.jsp?oid=1595053&queryType=qs&queryString=%E5%83%B9%E5%80%BC%E8%A7%80 HTTP/1.1" 200 29450
110.30.29.214 - - [18/Dec/2015:08:06:06 +0800] "GET /content/subject/resource_content.jsp?oid=16797240&queryType=qc HTTP/1.1" 200 42460
111.250.205.21 - - [18/Dec/2015:08:06:07 +0800] "GET /content/repository/resource_content.jsp?oid=1899139 HTTP/1.1" 200 29024
111.250.205.21 - - [18/Dec/2015:08:06:08 +0800] "GET /content/nav/relationSubject.jsp?relationWords=%E5%85%AC%E5%8F%B8%E8%B2%A0%E8%B2%AC%E4%BA%BA+%E5%94%90%E6%A6%AE+%E6%AD%A3%E7%BE%A9%E6%A1%88+%E7%9C%81%E6%94%BF%E5%BA%9C+%E8%87%BA%E5%8C%97%E5%B8%82+%E8%B2%A0%E8%B2%AC%E4%BA%BA+%E9%90%B5%E5%B7%A5%E5%BB%A0+&oid=1899139 HTTP/1.1" 200 4772
110.30.29.214 - - [18/Dec/2015:08:06:08 +0800] "GET /content/nav/relationSubject.jsp?relationWords=&oid=16797240 HTTP/1.1" 200 1405
66.249.74.100 - - [18/Dec/2015:08:06:22 +0800] "GET /content/repository/resource_content.jsp?oid=1841663 HTTP/1.1" 200 28740
66.249.74.100 - - [18/Dec/2015:08:06:49 +0800] "GET /content/repository/resource_content.jsp?oid=1558577 HTTP/1.1" 200 28842
220.181.108.96 - - [18/Dec/2015:08:07:35 +0800] "GET /content/tmp_tec/resource_content.jsp?oid=16777719 HTTP/1.1" 200 35274
40.77.167.52 - - [18/Dec/2015:08:07:55 +0800] "GET /content/subject/resource_content.jsp?oid=16777742&queryType=qc HTTP/1.1" 200 38999
40.77.167.12 - - [18/Dec/2015:08:08:01 +0800] "GET /content/subject/resource_content.jsp?oid=16777773 HTTP/1.1" 200 54782
66.249.74.74 - - [18/Dec/2015:08:08:09 +0800] "GET /digiarch/content/repository/resource_content.jsp?oid=4458872 HTTP/1.1" 404 14873
66.249.74.98 - - [18/Dec/2015:08:08:12 +0800] "GET /digiarch_en/content/repository/resource_content.jsp?oid=1125111&queryString=%E5%9C%8B%E9%9A%9B%E8%B2%BF%E6%98%93%20%E6%B0%B4%E5%88%A9%E5%B1%80%20%E7%B6%93%E6%BF%9F%E5%BB%BA%E8%A8%AD%20%E8%9E%BA%E7%B5%B2%20%E8%B2%BF%E6%98%93%E9%A1%8D HTTP/1.1" 200 26846
66.249.79.27 - - [18/Dec/2015:08:08:14 +0800] "GET /content/repository/resource_content.jsp?oid=2563130&queryType=qs&queryString=%E4%BB%A3%E7%90%86%E5%95%86 HTTP/1.1" 200 29498
68.180.228.24 - - [18/Dec/2015:08:08:40 +0800] "GET /content/subject/resource_content.jsp?oid=16777692 HTTP/1.1" 200 36451
66.249.74.98 - - [18/Dec/2015:08:09:04 +0800] "GET /content/repository/resource_content.jsp?oid=1462949 HTTP/1.1" 200 30802
66.249.74.98 - - [18/Dec/2015:08:09:22 +0800] "GET /content/repository/resource_content.jsp?oid=2611877 HTTP/1.1" 200 29350
40.77.167.14 - - [18/Dec/2015:08:09:31 +0800] "GET /content/subject/resource_content.jsp?oid=16777788 HTTP/1.1" 200 42893
40.77.167.14 - - [18/Dec/2015:08:09:34 +0800] "GET /content/subject/resource_content.jsp?oid=16777788 HTTP/1.1" 200 42893
40.77.167.14 - - [18/Dec/2015:08:09:35 +0800] "GET /content/subject/resource_content.jsp?oid=16777693 HTTP/1.1" 200 53903
66.249.74.98 - - [18/Dec/2015:08:09:41 +0800] "GET /content/repository/resource_content.jsp?oid=2571035&queryType=qs&queryString=%E6%B3%B0%E5%AE%89%E7%B8%A3 HTTP/1.1" 200 29949
68.180.230.228 - - [18/Dec/2015:08:10:08 +0800] "GET /digiarch3/content/subject/resource_content.jsp?oid=16777471&queryType=qc HTTP/1.1" 200 30232
40.77.167.52 - - [18/Dec/2015:08:10:36 +0800] "GET /content/subject/resource_content.jsp?oid=16777743 HTTP/1.1" 200 32580
40.77.167.52 - - [18/Dec/2015:08:10:37 +0800] "GET /content/subject/resource_content.jsp?oid=16777753 HTTP/1.1" 200 36842
40.77.167.12 - - [18/Dec/2015:08:10:39 +0800] "GET /content/subject/resource_content.jsp?oid=16797253 HTTP/1.1" 200 43053
66.249.74.100 - - [18/Dec/2015:08:11:20 +0800] "GET /content/subject/resource_content.jsp?oid=16777640&queryString=%E6%9E%97%E7%8D%BB%E5%A0%82%20%E7%81%8C%E5%9C%92%20%E7%81%8C%E5%9C%92%E5%85%88%E7%94%9F%20%E9%9C%A7%E5%B3%B0 HTTP/1.1" 200 62231
66.249.79.30 - - [18/Dec/2015:08:11:22 +0800] "GET /content/repository/resource_content.jsp?oid=1631687&queryType=qs&queryString=%E5%BB%A3%E6%92%AD HTTP/1.1" 200 30953
66.249.74.98 - - [18/Dec/2015:08:11:40 +0800] "GET /content/repository/resource_content.jsp?oid=1848090 HTTP/1.1" 200 29617
66.249.74.98 - - [18/Dec/2015:08:11:43 +0800] "GET /content/repository/resource_content.jsp?oid=1554422 HTTP/1.1" 200 28428
66.249.74.98 - - [18/Dec/2015:08:11:49 +0800] "GET /content/repository/resource_content.jsp?oid=1459056 HTTP/1.1" 200 30941
40.77.167.52 - - [18/Dec/2015:08:11:51 +0800] "GET /content/subject/resource_content.jsp?oid=16777420 HTTP/1.1" 200 30181
40.77.167.52 - - [18/Dec/2015:08:11:53 +0800] "GET /content/subject/resource_content.jsp?oid=16777306 HTTP/1.1" 200 32139
66.249.74.98 - - [18/Dec/2015:08:12:30 +0800] "GET /content/repository/resource_content.jsp?oid=282204 HTTP/1.1" 200 29518
66.249.74.98 - - [18/Dec/2015:08:12:52 +0800] "GET /content/repository/resource_content.jsp?oid=2585672 HTTP/1.1" 200 28613
122.29.146.136 - - [18/Dec/2015:08:13:30 +0800] "GET /content/subject/resource_content.jsp?oid=16777576&queryString= HTTP/1.1" 200 29391
40.77.167.12 - - [18/Dec/2015:08:13:39 +0800] "GET /content/tmp_tec/resource_content.jsp?oid=16777837 HTTP/1.1" 200 35568
40.77.167.32 - - [18/Dec/2015:08:13:59 +0800] "GET /content/tmp_tec/resource_content.jsp?oid=16777730 HTTP/1.1" 200 42446
40.77.167.12 - - [18/Dec/2015:08:14:20 +0800] "GET /content/tmp_tec/resource_content.jsp?oid=16777734 HTTP/1.1" 200 36946
66.249.74.98 - - [18/Dec/2015:08:14:21 +0800] "GET /content/repository/resource_content.jsp?oid=2598933 HTTP/1.1" 200 28729
66.249.74.98 - - [18/Dec/2015:08:14:30 +0800] "GET /content/repository/resource_content.jsp?oid=1103644 HTTP/1.1" 200 30426
66.249.79.24 - - [18/Dec/2015:08:14:43 +0800] "GET /content/repository/resource_content.jsp?oid=2670186&queryType=qs&queryString=%E5%8F%A5%E5%AE%B9%E7%B8%A3 HTTP/1.1" 200 29896
40.77.167.52 - - [18/Dec/2015:08:14:56 +0800] "GET /content/tmp_tec/resource_content.jsp?oid=16777731 HTTP/1.1" 200 39233
66.249.74.100 - - [18/Dec/2015:08:15:07 +0800] "GET /content/repository/resource_content.jsp?oid=1543672 HTTP/1.1" 200 28483
40.77.167.52 - - [18/Dec/2015:08:15:16 +0800] "GET /content/subject/resource_content.jsp?oid=16777730&queryType=qc HTTP/1.1" 200 46337
66.249.74.98 - - [18/Dec/2015:08:15:29 +0800] "GET /content/repository/resource_content.jsp?oid=2147299 HTTP/1.1" 200 31056
207.46.13.87 - - [18/Dec/2015:08:15:46 +0800] "GET /content/subject/resource_content.jsp?oid=16777329&queryType=qc HTTP/1.1" 200 27826
66.249.74.102 - - [18/Dec/2015:08:15:53 +0800] "GET /content/repository/resource_content.jsp?oid=1853616 HTTP/1.1" 200 29860
66.249.74.98 - - [18/Dec/2015:08:16:18 +0800] "GET /content/repository/resource_content.jsp?oid=565303&queryString=%E7%81%AB%E7%A5%A8 HTTP/1.1" 200 28158
58.114.199.173 - - [18/Dec/2015:08:16:25 +0800] "GET /content/repository/resource_content.jsp?oid=1592484 HTTP/1.1" 200 28483
58.114.199.173 - - [18/Dec/2015:08:16:26 +0800] "GET /content/nav/relationSubject.jsp?relationWords=%E7%94%9F%E7%94%A2%E6%88%90%E6%9C%AC+%E8%BE%B2%E7%94%A2+%E8%BE%B2%E7%94%A2%E5%93%81+&oid=1592484 HTTP/1.1" 200 4082
40.77.167.52 - - [18/Dec/2015:08:16:37 +0800] "GET /content/subject/resource_content.jsp?oid=16777742&queryType=qc HTTP/1.1" 200 38999
40.77.167.14 - - [18/Dec/2015:08:16:41 +0800] "GET /content/subject/resource_content.jsp?oid=16777730 HTTP/1.1" 200 46348
40.77.167.14 - - [18/Dec/2015:08:16:44 +0800] "GET /content/subject/resource_content.jsp?oid=16777730 HTTP/1.1" 200 46348
66.249.79.27 - - [18/Dec/2015:08:17:20 +0800] "GET /content/repository/resource_content.jsp?oid=14778&queryString=%E5%89%83%E5%88%80%E9%AD%9A HTTP/1.1" 200 35372
66.249.74.100 - - [18/Dec/2015:08:17:22 +0800] "GET /content/repository/resource_content.jsp?oid=1629262 HTTP/1.1" 200 28862
66.249.74.102 - - [18/Dec/2015:08:17:39 +0800] "GET /content/repository/resource_content.jsp?oid=1099744 HTTP/1.1" 200 31806
61.57.43.125 - - [18/Dec/2015:08:17:48 +0800] "GET /content/repository/resource_content.jsp?oid=2516550 HTTP/1.1" 200 29811
40.77.167.52 - - [18/Dec/2015:08:17:57 +0800] "GET /content/subject/resource_content.jsp?oid=16777749&queryType=qc HTTP/1.1" 200 41248
61.57.43.125 - - [18/Dec/2015:08:17:57 +0800] "GET /content/nav/relationSubject.jsp?relationWords=%E5%90%8F%E4%BA%8B+%E5%B7%A1%E6%8C%89+%E5%B7%A1%E6%8C%89%E5%BE%A1%E5%8F%B2+%E5%BE%A1%E5%8F%B2+&oid=2516550 HTTP/1.1" 200 3248
40.77.167.12 - - [18/Dec/2015:08:17:57 +0800] "GET /content/subject/resource_content.jsp?oid=16777693 HTTP/1.1" 200 53903
66.249.74.98 - - [18/Dec/2015:08:18:14 +0800] "GET /content/repository/resource_content.jsp?oid=3819583&queryString=%E4%B9%B3%E8%B1%86%E5%B1%AC%20%E6%A4%8D%E7%89%A9%E7%95%8C%20%E6%AF%9B%E7%B4%B0%E8%8A%B1%E4%B9%B3%E8%B1%86%20%E8%A0%B6%E8%B1%86%20%E9%9B%99%E5%AD%90%E8%91%89%E6%A4%8D%E7%89%A9 HTTP/1.1" 200 31450
66.249.74.98 - - [18/Dec/2015:08:18:32 +0800] "GET /content/repository/resource_content.jsp?oid=2558554 HTTP/1.1" 200 28865
40.77.167.52 - - [18/Dec/2015:08:18:54 +0800] "GET /content/subject/resource_content.jsp?oid=16777783&queryType=qc HTTP/1.1" 200 58360
66.249.74.102 - - [18/Dec/2015:08:19:38 +0800] "GET /content/subject/resource_content.jsp?oid=16777286 HTTP/1.1" 200 37894
207.46.13.87 - - [18/Dec/2015:08:19:50 +0800] "GET /content/repository/resource_content.jsp?oid=1893703&queryType=qs&queryString=%E5%BC%B5%E6%BA%AB%E9%B7%B9 HTTP/1.1" 200 29105
150.70.173.55 - - [18/Dec/2015:08:19:50 +0800] "GET /content/repository/resource_content.jsp?oid=2516550 HTTP/1.1" 200 29811
207.46.13.87 - - [18/Dec/2015:08:19:59 +0800] "GET /content/subject/resource_content.jsp?oid=16777470 HTTP/1.1" 200 29374
207.46.13.87 - - [18/Dec/2015:08:20:00 +0800] "GET /content/subject/resource_content.jsp?oid=16777470 HTTP/1.1" 200 29374
66.249.74.100 - - [18/Dec/2015:08:20:22 +0800] "GET /content/subject/resource_content.jsp?oid=16777387&queryString=%E5%B9%B3%E9%B0%AD%E9%B0%8D%E7%A7%91%20%E6%B2%88%E6%B0%8F%20%E7%88%AC%E5%B2%A9%E9%B0%8D%20%E7%9F%B3%E8%B2%BC%E4%BB%94 HTTP/1.1" 200 34248
40.77.167.14 - - [18/Dec/2015:08:20:27 +0800] "GET /content/subject/resource_content.jsp?oid=16777842 HTTP/1.1" 200 36286
