157.55.39.163 - - [20/Jan/2016:06:08:17 +0800] "GET /digiarch_en/content/repository/resource_content.jsp?oid=1591694&queryString=%E4%BA%BA%E6%A9%9F%E4%BA%92%E5%8B%95%20%E5%A4%9A%E5%AA%92%E9%AB%94%20%E6%B3%B0%E9%9B%85%E6%97%8F%20%E8%87%BA%E7%81%A3%E5%8E%9F%E4%BD%8F%E6%B0%91 HTTP/1.1" 200 27529
66.249.71.113 - - [20/Jan/2016:06:09:40 +0800] "GET /content/nav/relationSubject.jsp?relationWords=%E5%B7%A5%E9%83%A8+%E7%89%8C%E6%A8%93+%E9%9A%86%E7%A6%8F+&oid=2569455 HTTP/1.1" 200 3138
66.249.71.105 - - [20/Jan/2016:06:09:41 +0800] "GET /content/nav/relationSubject.jsp?relationWords=%E5%B7%A5%E9%83%A8%20%E7%89%8C%E6%A8%93%20%E9%9A%86%E7%A6%8F%20&oid=2569455 HTTP/1.1" 200 3138
66.249.71.113 - - [20/Jan/2016:06:10:22 +0800] "GET /content/nav/relationSubject.jsp?relationWords=%E6%8F%90%E6%A2%81%E5%A3%BA+&oid=1848709 HTTP/1.1" 200 2154
66.249.71.105 - - [20/Jan/2016:06:10:24 +0800] "GET /content/nav/relationSubject.jsp?relationWords=%E6%8F%90%E6%A2%81%E5%A3%BA%20&oid=1848709 HTTP/1.1" 200 2154
68.180.228.24 - - [20/Jan/2016:06:14:14 +0800] "GET /content/repository/resource_content.jsp?oid=1896212 HTTP/1.1" 200 29158
66.249.71.14 - - [20/Jan/2016:06:14:24 +0800] "GET /content/nav/relationSubject.jsp?relationWords=%E9%BB%83%E5%AE%B6%E5%B6%BA%E7%95%AB%E8%B1%A1+&oid=1832454 HTTP/1.1" 200 3072
66.249.71.5 - - [20/Jan/2016:06:14:26 +0800] "GET /content/nav/relationSubject.jsp?relationWords=%E9%BB%83%E5%AE%B6%E5%B6%BA%E7%95%AB%E8%B1%A1%20&oid=1832454 HTTP/1.1" 200 3072
207.46.13.178 - - [20/Jan/2016:06:14:33 +0800] "GET /content/repository/resource_content.jsp?oid=1774348 HTTP/1.1" 200 26808
66.249.71.121 - - [20/Jan/2016:06:15:10 +0800] "GET /content/nav/relationSubject.jsp?relationWords=&oid=2662492 HTTP/1.1" 200 1405
66.249.71.72 - - [20/Jan/2016:06:15:16 +0800] "GET /content/nav/relationSubject.jsp?relationWords=%E6%8D%B2%E7%AE%A1%E8%9E%BA+%E8%85%B9%E8%B6%B3%E7%B6%B1+%E9%AA%A8%E7%BD%88%E6%8D%B2%E7%AE%A1%E8%9E%BA+&oid=1124430 HTTP/1.1" 200 3367
66.249.71.60 - - [20/Jan/2016:06:15:18 +0800] "GET /content/nav/relationSubject.jsp?relationWords=%E6%8D%B2%E7%AE%A1%E8%9E%BA%20%E8%85%B9%E8%B6%B3%E7%B6%B1%20%E9%AA%A8%E7%BD%88%E6%8D%B2%E7%AE%A1%E8%9E%BA%20&oid=1124430 HTTP/1.1" 200 3367
123.125.71.91 - - [20/Jan/2016:06:16:26 +0800] "GET /digiarch_en/content/pictures/picture_content.jsp?oid=33554834&queryType=qc HTTP/1.1" 200 21964
66.249.71.155 - - [20/Jan/2016:06:16:42 +0800] "GET /content/repository/resource_content.jsp?oid=4470506&queryString=%E8%AD%B7%E8%AC%A8 HTTP/1.1" 200 29012
66.249.71.113 - - [20/Jan/2016:06:16:49 +0800] "GET /content/nav/relationSubject.jsp?relationWords=%E9%81%BA%E7%A8%BF+%E9%BD%8A%E8%97%A4+&oid=4491105 HTTP/1.1" 200 4047
207.46.13.178 - - [20/Jan/2016:06:16:56 +0800] "GET /content/subject/resource_content.jsp?oid=16777385&queryType=qc HTTP/1.1" 200 34229
120.26.0.67 - - [20/Jan/2016:06:17:24 +0800] "GET /content/subject/resource_content.jsp?oid=16777347&queryType=qc HTTP/1.0" 200 33692
121.41.103.106 - - [20/Jan/2016:06:17:22 +0800] "GET /content/subject/resource_content.jsp?oid=16777590&queryType=qc HTTP/1.0" 200 35272
120.26.0.178 - - [20/Jan/2016:06:17:23 +0800] "GET /content/subject/resource_content.jsp?oid=16777317&queryType=qc HTTP/1.0" 200 34867
120.26.0.79 - - [20/Jan/2016:06:17:24 +0800] "GET /content/subject/resource_content.jsp?oid=16777416&queryType=qc HTTP/1.0" 200 32924
120.26.2.170 - - [20/Jan/2016:06:17:24 +0800] "GET /content/subject/resource_content.jsp?oid=16777328&queryType=qc HTTP/1.0" 200 35518
120.26.0.217 - - [20/Jan/2016:06:17:24 +0800] "GET /content/subject/resource_content.jsp?oid=16777435&queryType=qc HTTP/1.0" 200 28703
120.26.2.170 - - [20/Jan/2016:06:17:24 +0800] "GET /content/subject/resource_content.jsp?oid=16777361&queryType=qc HTTP/1.0" 200 31856
120.26.2.193 - - [20/Jan/2016:06:17:25 +0800] "GET /content/subject/resource_content.jsp?oid=16797244&queryType=qc HTTP/1.0" 200 50382
120.26.0.175 - - [20/Jan/2016:06:17:25 +0800] "GET /content/subject/resource_content.jsp?oid=16777391&queryType=qc HTTP/1.0" 200 41579
120.26.2.186 - - [20/Jan/2016:06:17:25 +0800] "GET /content/subject/resource_content.jsp?oid=16777390&queryType=qc HTTP/1.0" 200 43036
120.26.2.192 - - [20/Jan/2016:06:17:25 +0800] "GET /content/subject/resource_content.jsp?oid=16777491&queryType=qc HTTP/1.0" 200 48768
66.249.71.64 - - [20/Jan/2016:06:17:25 +0800] "GET /content/nav/relationSubject.jsp?relationWords=%E5%A5%B3%E9%81%8B+%E6%9E%97%E7%8E%8B%E5%B0%91%E8%8F%AF+%E6%A5%8A%E7%B4%85%E7%B6%A2+%E8%87%A8%E6%99%82%E7%9C%81%E8%AD%B0%E6%9C%83+%E8%87%BA%E7%81%A3%E7%9C%81+%E9%A4%8A%E5%A5%B3+&oid=1520797 HTTP/1.1" 200 4608
66.249.71.105 - - [20/Jan/2016:06:17:25 +0800] "GET /content/nav/relationSubject.jsp?relationWords=%E5%A5%B3%E6%AC%8A+%E5%AD%95%E5%A9%A6+%E5%BA%9C%E4%BA%A4%E8%B7%AF+&oid=1552565 HTTP/1.1" 200 3558
120.26.2.234 - - [20/Jan/2016:06:17:26 +0800] "GET /content/subject/resource_content.jsp?oid=16777585&queryType=qc HTTP/1.0" 200 40485
121.40.142.136 - - [20/Jan/2016:06:17:26 +0800] "GET /content/subject/resource_content.jsp?oid=16777483&queryType=qc HTTP/1.0" 200 43772
66.249.71.60 - - [20/Jan/2016:06:17:27 +0800] "GET /content/nav/relationSubject.jsp?relationWords=%E5%A5%B3%E9%81%8B%20%E6%9E%97%E7%8E%8B%E5%B0%91%E8%8F%AF%20%E6%A5%8A%E7%B4%85%E7%B6%A2%20%E8%87%A8%E6%99%82%E7%9C%81%E8%AD%B0%E6%9C%83%20%E8%87%BA%E7%81%A3%E7%9C%81%20%E9%A4%8A%E5%A5%B3%20&oid=1520797 HTTP/1.1" 200 4608
120.26.2.192 - - [20/Jan/2016:06:17:27 +0800] "GET /content/subject/resource_content.jsp?oid=16777726&queryType=qc HTTP/1.0" 200 36251
66.249.71.105 - - [20/Jan/2016:06:17:28 +0800] "GET /content/nav/relationSubject.jsp?relationWords=%E5%A5%B3%E6%AC%8A%20%E5%AD%95%E5%A9%A6%20%E5%BA%9C%E4%BA%A4%E8%B7%AF%20&oid=1552565 HTTP/1.1" 200 3558
66.249.71.60 - - [20/Jan/2016:06:17:35 +0800] "GET /content/nav/relationSubject.jsp?relationWords=%E5%8F%B0%E7%81%A3%E9%A6%AC%E6%A1%91+%E6%A4%8D%E7%89%A9%E7%95%8C+%E6%AF%9B%E8%8C%9B+%E9%A6%AC%E6%A1%91+%E9%A6%AC%E6%A1%91%E5%B1%AC+&oid=1105928 HTTP/1.1" 200 3360
66.249.71.60 - - [20/Jan/2016:06:17:37 +0800] "GET /content/nav/relationSubject.jsp?relationWords=%E6%A4%8D%E7%89%A9%E7%95%8C+%E8%8F%8A%E7%A7%91+%E8%92%B2%E5%85%AC%E8%8B%B1%E5%B1%AC+%E8%A5%BF%E6%B4%8B%E8%92%B2%E5%85%AC%E8%8B%B1+%E9%9B%99%E5%AD%90%E8%91%89%E6%A4%8D%E7%89%A9+&oid=1098088 HTTP/1.1" 200 3470
66.249.71.60 - - [20/Jan/2016:06:17:39 +0800] "GET /content/nav/relationSubject.jsp?relationWords=%E5%8F%B0%E7%81%A3%E9%A6%AC%E6%A1%91%20%E6%A4%8D%E7%89%A9%E7%95%8C%20%E6%AF%9B%E8%8C%9B%20%E9%A6%AC%E6%A1%91%20%E9%A6%AC%E6%A1%91%E5%B1%AC%20&oid=1105928 HTTP/1.1" 200 3360
66.249.71.60 - - [20/Jan/2016:06:17:39 +0800] "GET /content/nav/relationSubject.jsp?relationWords=%E6%A4%8D%E7%89%A9%E7%95%8C%20%E8%8F%8A%E7%A7%91%20%E8%92%B2%E5%85%AC%E8%8B%B1%E5%B1%AC%20%E8%A5%BF%E6%B4%8B%E8%92%B2%E5%85%AC%E8%8B%B1%20%E9%9B%99%E5%AD%90%E8%91%89%E6%A4%8D%E7%89%A9%20&oid=1098088 HTTP/1.1" 200 3470
66.249.71.164 - - [20/Jan/2016:06:18:43 +0800] "GET /content/subject/resource_content.jsp?oid=16777468&queryType=qc HTTP/1.1" 200 33248
66.249.71.121 - - [20/Jan/2016:06:19:33 +0800] "GET /content/nav/relationSubject.jsp?relationWords=%E6%AD%A6%E6%A6%AE%E7%A5%A0+%E6%AD%A6%E6%B0%8F%E7%A5%A0%E5%89%8D%E7%9F%B3%E5%AE%A4+%E8%BB%8A%E9%A8%8E+%E9%9D%88%E7%95%B0+&oid=1809999 HTTP/1.1" 200 4393
66.249.71.105 - - [20/Jan/2016:06:19:34 +0800] "GET /content/nav/relationSubject.jsp?relationWords=%E6%AD%A6%E6%A6%AE%E7%A5%A0%20%E6%AD%A6%E6%B0%8F%E7%A5%A0%E5%89%8D%E7%9F%B3%E5%AE%A4%20%E8%BB%8A%E9%A8%8E%20%E9%9D%88%E7%95%B0%20&oid=1809999 HTTP/1.1" 200 4393
207.46.13.178 - - [20/Jan/2016:06:20:36 +0800] "GET /content/subject/resource_content.jsp?oid=16777535 HTTP/1.1" 200 35604
68.180.228.24 - - [20/Jan/2016:06:20:53 +0800] "GET /content/tmp_tec/resource_content.jsp?oid=16777730 HTTP/1.1" 200 42439
66.249.71.64 - - [20/Jan/2016:06:21:47 +0800] "GET /content/nav/relationSubject.jsp?relationWords=%E8%87%BA%E5%8C%97%E6%A9%8B+%E8%87%BA%E7%81%A3%E7%9C%81%E6%94%BF%E5%BA%9C+&oid=1899907 HTTP/1.1" 200 5260
66.249.71.72 - - [20/Jan/2016:06:21:49 +0800] "GET /content/nav/relationSubject.jsp?relationWords=%E8%87%BA%E5%8C%97%E6%A9%8B%20%E8%87%BA%E7%81%A3%E7%9C%81%E6%94%BF%E5%BA%9C%20&oid=1899907 HTTP/1.1" 200 5260
66.249.71.121 - - [20/Jan/2016:06:21:53 +0800] "GET /content/nav/relationSubject.jsp?relationWords=%E5%8F%B8%E6%A9%9F+%E5%B7%A5%E4%BD%9C%E6%A1%88+%E6%8A%80%E5%B7%A5+%E6%B4%A5%E8%B2%BC+%E7%9C%81%E6%94%BF%E5%BA%9C+%E8%87%A8%E6%99%82%E7%9C%81%E8%AD%B0%E6%9C%83+%E8%87%BA%E7%81%A3%E7%9C%81+%E9%83%AD%E7%9F%B3%E9%A0%AD+&oid=1526517 HTTP/1.1" 200 4792
66.249.71.105 - - [20/Jan/2016:06:21:56 +0800] "GET /content/nav/relationSubject.jsp?relationWords=%E5%8F%B8%E6%A9%9F%20%E5%B7%A5%E4%BD%9C%E6%A1%88%20%E6%8A%80%E5%B7%A5%20%E6%B4%A5%E8%B2%BC%20%E7%9C%81%E6%94%BF%E5%BA%9C%20%E8%87%A8%E6%99%82%E7%9C%81%E8%AD%B0%E6%9C%83%20%E8%87%BA%E7%81%A3%E7%9C%81%20%E9%83%AD%E7%9F%B3%E9%A0%AD%20&oid=1526517 HTTP/1.1" 200 4792
66.249.77.97 - - [20/Jan/2016:06:25:13 +0800] "GET /content/nav/relationSubject.jsp?relationWords=%E6%A4%8D%E7%89%A9%E7%95%8C+%E7%88%B5%E5%BA%8A%E7%A7%91+%E7%8E%84%E5%8F%83+%E7%B4%85%E6%A8%93%E8%8A%B1+%E7%B4%85%E6%A8%93%E8%8A%B1%E5%B1%AC+&oid=1104717 HTTP/1.1" 200 3458
66.249.77.85 - - [20/Jan/2016:06:25:14 +0800] "GET /content/nav/relationSubject.jsp?relationWords=%E6%A4%8D%E7%89%A9%E7%95%8C%20%E7%88%B5%E5%BA%8A%E7%A7%91%20%E7%8E%84%E5%8F%83%20%E7%B4%85%E6%A8%93%E8%8A%B1%20%E7%B4%85%E6%A8%93%E8%8A%B1%E5%B1%AC%20&oid=1104717 HTTP/1.1" 200 3458
66.249.71.113 - - [20/Jan/2016:06:27:00 +0800] "GET /content/nav/relationSubject.jsp?relationWords=%E7%8E%8B%E7%AF%80+&oid=710686 HTTP/1.1" 200 2669
66.249.71.105 - - [20/Jan/2016:06:27:04 +0800] "GET /content/nav/relationSubject.jsp?relationWords=%E7%8E%8B%E7%AF%80%20&oid=710686 HTTP/1.1" 200 2669
66.249.71.41 - - [20/Jan/2016:06:27:36 +0800] "GET /content/nav/relationSubject.jsp?relationWords=%E5%9C%B0%E5%8D%80%E7%99%BC%E5%B1%95+%E6%BE%8E%E6%B9%96%E5%B3%B6+%E9%A6%AC%E6%B2%99%E6%BA%9D%E6%B8%AF+&oid=1557684 HTTP/1.1" 200 4356
66.249.71.41 - - [20/Jan/2016:06:27:38 +0800] "GET /content/nav/relationSubject.jsp?relationWords=%E5%9C%B0%E5%8D%80%E7%99%BC%E5%B1%95%20%E6%BE%8E%E6%B9%96%E5%B3%B6%20%E9%A6%AC%E6%B2%99%E6%BA%9D%E6%B8%AF%20&oid=1557684 HTTP/1.1" 200 4356
207.46.13.178 - - [20/Jan/2016:06:28:31 +0800] "GET /content/subject/resource_content.jsp?oid=16777351&queryString=%E6%9C%A8%E8%98%AD%E5%B1%AC%20%E6%9C%A8%E8%98%AD%E7%A7%91%20%E6%A4%8D%E7%89%A9%E7%95%8C%20%E6%B4%8B%E7%8E%89%E8%98%AD HTTP/1.1" 200 34152
66.249.71.5 - - [20/Jan/2016:06:29:44 +0800] "GET /digiarch3/content/nav/relationSubject.jsp?relationWords=%E9%A3%B2%E9%A3%9F%E6%96%87%E5%8C%96+&oid=1775055 HTTP/1.1" 200 2745
66.249.71.5 - - [20/Jan/2016:06:29:45 +0800] "GET /digiarch3/content/nav/relationSubject.jsp?relationWords=%E9%A3%B2%E9%A3%9F%E6%96%87%E5%8C%96%20&oid=1775055 HTTP/1.1" 200 2745
66.249.71.60 - - [20/Jan/2016:06:30:12 +0800] "GET /content/nav/relationSubject.jsp?relationWords=%E5%B7%A5%E9%83%A8+&oid=2686322 HTTP/1.1" 200 3068
66.249.71.60 - - [20/Jan/2016:06:30:14 +0800] "GET /content/nav/relationSubject.jsp?relationWords=%E5%B7%A5%E9%83%A8%20&oid=2686322 HTTP/1.1" 200 3068
66.249.77.91 - - [20/Jan/2016:06:30:45 +0800] "GET /content/repository/resource_content.jsp?oid=653067&queryType=qs&queryString=%E9%9D%92%E6%B4%B2 HTTP/1.1" 200 29038
131.253.25.218 - - [20/Jan/2016:06:31:37 +0800] "GET /content/nav/relationSubject.jsp?relationWords=%E8%98%AD%E5%B6%BC%E7%BE%85%E6%BC%A2%E6%9D%BE+%E9%81%94%E6%82%9F%E6%97%8F+%E9%9B%85%E7%BE%8E%E6%97%8F+&oid=16777443 HTTP/1.1" 200 3982
157.55.39.163 - - [20/Jan/2016:06:32:37 +0800] "GET /content/tmp_tec/resource_content.jsp?oid=16777837 HTTP/1.1" 200 35568
157.55.39.164 - - [20/Jan/2016:06:32:58 +0800] "GET /content/tmp_tec/resource_content.jsp?oid=16777734 HTTP/1.1" 200 36946
207.46.13.178 - - [20/Jan/2016:06:33:20 +0800] "GET /content/tmp_tec/resource_content.jsp?oid=16777730 HTTP/1.1" 200 42439
66.249.71.50 - - [20/Jan/2016:06:33:22 +0800] "GET /content/nav/relationSubject.jsp?relationWords=&oid=4362231 HTTP/1.1" 200 1405
66.249.71.60 - - [20/Jan/2016:06:34:06 +0800] "GET /content/nav/relationSubject.jsp?relationWords=%E9%BE%9C%E8%85%B9%E7%94%B2+&oid=1840516 HTTP/1.1" 200 3026
66.249.71.60 - - [20/Jan/2016:06:34:09 +0800] "GET /content/nav/relationSubject.jsp?relationWords=%E9%BE%9C%E8%85%B9%E7%94%B2%20&oid=1840516 HTTP/1.1" 200 3026
220.181.108.162 - - [20/Jan/2016:06:34:12 +0800] "GET /content/subject/resource_content.jsp?oid=16777345 HTTP/1.1" 200 35034
66.249.71.105 - - [20/Jan/2016:06:34:12 +0800] "GET /content/nav/relationSubject.jsp?relationWords=%E5%A7%94%E5%BC%81+%E9%BB%83%E6%AD%A3+&oid=2671615 HTTP/1.1" 200 3140
66.249.71.105 - - [20/Jan/2016:06:34:14 +0800] "GET /content/nav/relationSubject.jsp?relationWords=%E5%A7%94%E5%BC%81%20%E9%BB%83%E6%AD%A3%20&oid=2671615 HTTP/1.1" 200 3140
66.249.71.60 - - [20/Jan/2016:06:35:09 +0800] "GET /content/nav/relationSubject.jsp?relationWords=%E4%BF%B8%E6%BB%BF+%E5%85%B5%E9%83%A8%E5%B0%9A%E6%9B%B8+%E6%8E%88%E4%BA%8B+&oid=2512202 HTTP/1.1" 200 3205
66.249.71.60 - - [20/Jan/2016:06:35:11 +0800] "GET /content/nav/relationSubject.jsp?relationWords=%E4%BF%B8%E6%BB%BF%20%E5%85%B5%E9%83%A8%E5%B0%9A%E6%9B%B8%20%E6%8E%88%E4%BA%8B%20&oid=2512202 HTTP/1.1" 200 3205
66.249.71.41 - - [20/Jan/2016:06:35:27 +0800] "GET /content/nav/relationSubject.jsp?relationWords=%E6%A5%8A%E6%B0%8F%E5%89%AF%E7%9B%B2%E9%B0%BB+%E7%84%A1%E7%9B%AE%E9%B0%BB+%E7%9B%B2%E9%B0%BB+%E9%9D%92%E7%9C%A0%E9%B0%BB+%E9%B0%BB%E7%A7%91+%E9%BE%8D%E7%AD%8B+&oid=14059 HTTP/1.1" 200 3661
66.249.71.41 - - [20/Jan/2016:06:35:28 +0800] "GET /content/nav/relationSubject.jsp?relationWords=%E6%A5%8A%E6%B0%8F%E5%89%AF%E7%9B%B2%E9%B0%BB%20%E7%84%A1%E7%9B%AE%E9%B0%BB%20%E7%9B%B2%E9%B0%BB%20%E9%9D%92%E7%9C%A0%E9%B0%BB%20%E9%B0%BB%E7%A7%91%20%E9%BE%8D%E7%AD%8B%20&oid=14059 HTTP/1.1" 200 3661
66.249.71.155 - - [20/Jan/2016:06:37:34 +0800] "GET /content/subject/resource_content.jsp?oid=16777749&queryType=qc HTTP/1.1" 200 41252
207.46.13.178 - - [20/Jan/2016:06:38:02 +0800] "GET /content/subject/resource_content.jsp?oid=16777594&queryType=qc HTTP/1.1" 200 40430
207.46.13.85 - - [20/Jan/2016:06:38:22 +0800] "GET /content/repository/resource_content.jsp?oid=1617427 HTTP/1.1" 200 30211
66.249.71.60 - - [20/Jan/2016:06:41:01 +0800] "GET /content/nav/relationSubject.jsp?relationWords=%E4%B8%89%E6%96%97%E7%9F%B3%E6%AB%9F+%E6%9F%AF%E5%B1%AC+%E6%A4%8D%E7%89%A9%E7%95%8C+%E6%AE%BC%E6%96%97%E7%A7%91+%E7%B4%B0%E8%91%89+&oid=1459187 HTTP/1.1" 200 3378
66.249.71.60 - - [20/Jan/2016:06:41:04 +0800] "GET /content/nav/relationSubject.jsp?relationWords=%E4%B8%89%E6%96%97%E7%9F%B3%E6%AB%9F%20%E6%9F%AF%E5%B1%AC%20%E6%A4%8D%E7%89%A9%E7%95%8C%20%E6%AE%BC%E6%96%97%E7%A7%91%20%E7%B4%B0%E8%91%89%20&oid=1459187 HTTP/1.1" 200 3378
66.249.71.113 - - [20/Jan/2016:06:41:32 +0800] "GET /content/nav/relationSubject.jsp?relationWords=&oid=2625952 HTTP/1.1" 200 1405
66.249.71.64 - - [20/Jan/2016:06:42:49 +0800] "GET /content/nav/relationSubject.jsp?relationWords=%E5%B0%8F%E7%B1%B3%E8%8F%8A%E5%B1%AC+%E6%A4%8D%E7%89%A9%E7%95%8C+%E7%B2%97%E6%AF%9B%E5%B0%8F%E7%B1%B3%E8%8F%8A+%E8%8F%8A%E7%A7%91+%E9%9B%99%E5%AD%90%E8%91%89%E6%A4%8D%E7%89%A9+&oid=1113426 HTTP/1.1" 200 3462
66.249.71.60 - - [20/Jan/2016:06:42:51 +0800] "GET /content/nav/relationSubject.jsp?relationWords=%E5%B0%8F%E7%B1%B3%E8%8F%8A%E5%B1%AC%20%E6%A4%8D%E7%89%A9%E7%95%8C%20%E7%B2%97%E6%AF%9B%E5%B0%8F%E7%B1%B3%E8%8F%8A%20%E8%8F%8A%E7%A7%91%20%E9%9B%99%E5%AD%90%E8%91%89%E6%A4%8D%E7%89%A9%20&oid=1113426 HTTP/1.1" 200 3462
66.249.71.60 - - [20/Jan/2016:06:43:33 +0800] "GET /content/nav/relationSubject.jsp?relationWords=%E4%B8%AD%E5%9F%94%E9%84%89+%E5%AF%84%E5%AD%98+%E7%89%A9%E5%83%B9%E6%8C%87%E6%95%B8+%E7%9C%81%E6%94%BF%E5%BA%9C+%E8%94%A3%E9%87%91%E6%9C%A8+&oid=1521360 HTTP/1.1" 200 4657
66.249.71.60 - - [20/Jan/2016:06:43:35 +0800] "GET /content/nav/relationSubject.jsp?relationWords=%E4%B8%AD%E5%9F%94%E9%84%89%20%E5%AF%84%E5%AD%98%20%E7%89%A9%E5%83%B9%E6%8C%87%E6%95%B8%20%E7%9C%81%E6%94%BF%E5%BA%9C%20%E8%94%A3%E9%87%91%E6%9C%A8%20&oid=1521360 HTTP/1.1" 200 4657
66.249.71.105 - - [20/Jan/2016:06:43:48 +0800] "GET /content/nav/relationSubject.jsp?relationWords=%E4%B8%89%E4%B8%83%E4%BA%94%E7%A7%9F%E7%B4%84+%E5%B8%B8%E5%82%99%E5%85%B5+%E5%B9%B3%E5%9D%87%E5%9C%B0%E6%AC%8A%E6%A2%9D%E4%BE%8B+%E6%88%B6%E7%A8%85+%E6%9C%B1%E8%90%AC%E6%88%90+%E8%83%A1%E4%B8%99%E7%94%B3+&oid=1541999 HTTP/1.1" 200 4514
66.249.71.105 - - [20/Jan/2016:06:43:49 +0800] "GET /content/nav/relationSubject.jsp?relationWords=%E4%B8%89%E4%B8%83%E4%BA%94%E7%A7%9F%E7%B4%84%20%E5%B8%B8%E5%82%99%E5%85%B5%20%E5%B9%B3%E5%9D%87%E5%9C%B0%E6%AC%8A%E6%A2%9D%E4%BE%8B%20%E6%88%B6%E7%A8%85%20%E6%9C%B1%E8%90%AC%E6%88%90%20%E8%83%A1%E4%B8%99%E7%94%B3%20&oid=1541999 HTTP/1.1" 200 4514
66.249.71.72 - - [20/Jan/2016:06:44:35 +0800] "GET /content/subject/resource_content.jsp?oid=16777470&queryType=qs&queryString=%E5%80%92%E6%8A%AB%E9%87%9D%E5%BD%A2 HTTP/1.1" 200 29336
66.249.71.155 - - [20/Jan/2016:06:44:49 +0800] "GET /content/nav/relationSubject.jsp?relationWords=&oid=2668641 HTTP/1.1" 200 1405
66.249.71.105 - - [20/Jan/2016:06:44:53 +0800] "GET /content/nav/relationSubject.jsp?relationWords=%E5%9C%8B%E6%A0%A1+%E6%95%99%E8%82%B2%E6%A1%88+%E7%BE%A9%E5%8B%99%E6%95%99%E8%82%B2+&oid=1580453 HTTP/1.1" 200 3576
66.249.71.105 - - [20/Jan/2016:06:44:56 +0800] "GET /content/nav/relationSubject.jsp?relationWords=%E5%9C%8B%E6%A0%A1%20%E6%95%99%E8%82%B2%E6%A1%88%20%E7%BE%A9%E5%8B%99%E6%95%99%E8%82%B2%20&oid=1580453 HTTP/1.1" 200 3576
66.249.71.5 - - [20/Jan/2016:06:44:58 +0800] "GET /digiarch3/content/nav/relationSubject.jsp?relationWords=%E7%BE%85%E6%BC%A2%E6%9D%BE+%E8%98%AD%E5%B6%BC%E7%BE%85%E6%BC%A2%E6%9D%BE+&oid=16777470 HTTP/1.1" 200 4360
66.249.71.5 - - [20/Jan/2016:06:45:00 +0800] "GET /digiarch3/content/nav/relationSubject.jsp?relationWords=%E7%BE%85%E6%BC%A2%E6%9D%BE%20%E8%98%AD%E5%B6%BC%E7%BE%85%E6%BC%A2%E6%9D%BE%20&oid=16777470 HTTP/1.1" 200 4360
66.249.71.60 - - [20/Jan/2016:06:46:35 +0800] "GET /content/nav/relationSubject.jsp?relationWords=%E5%8F%83%E8%AD%B0%E5%93%A1+%E5%8F%B0%E7%81%A3%E7%9C%81+%E9%99%B3%E8%8C%82%E5%A0%A4+%E9%BB%83%E7%B4%94%E9%9D%92+&oid=1519089 HTTP/1.1" 200 5620
66.249.71.60 - - [20/Jan/2016:06:46:37 +0800] "GET /content/nav/relationSubject.jsp?relationWords=%E5%8F%83%E8%AD%B0%E5%93%A1%20%E5%8F%B0%E7%81%A3%E7%9C%81%20%E9%99%B3%E8%8C%82%E5%A0%A4%20%E9%BB%83%E7%B4%94%E9%9D%92%20&oid=1519089 HTTP/1.1" 200 5620
106.38.241.143 - - [20/Jan/2016:06:47:03 +0800] "GET /content/pictures/picture_content.jsp?oid=33554810&queryType=qc HTTP/1.1" 200 27894
66.249.71.60 - - [20/Jan/2016:06:47:30 +0800] "GET /digiarch_en/content/nav/relationSubject.jsp?relationWords=%E4%B8%89%E5%A5%88+%E8%96%91%E5%B1%AC+&oid=1114815 HTTP/1.1" 200 3014
66.249.71.60 - - [20/Jan/2016:06:47:32 +0800] "GET /digiarch_en/content/nav/relationSubject.jsp?relationWords=%E4%B8%89%E5%A5%88%20%E8%96%91%E5%B1%AC%20&oid=1114815 HTTP/1.1" 200 3014
114.136.133.190 - - [20/Jan/2016:06:48:23 +0800] "GET /content/nav/relationSubject.jsp?relationWords=%E6%9D%8E%E6%BF%9F+&oid=16777377 HTTP/1.1" 200 3256
106.38.241.143 - - [20/Jan/2016:06:49:01 +0800] "GET /content/subject/resource_content.jsp?oid=16777721&queryType=qc HTTP/1.1" 200 36340
66.249.71.41 - - [20/Jan/2016:06:49:36 +0800] "GET /content/nav/relationSubject.jsp?relationWords=%E5%8F%83%E5%B0%87%E4%BA%8B+&oid=2676584 HTTP/1.1" 200 3075
66.249.71.41 - - [20/Jan/2016:06:49:38 +0800] "GET /content/nav/relationSubject.jsp?relationWords=%E5%8F%83%E5%B0%87%E4%BA%8B%20&oid=2676584 HTTP/1.1" 200 3075
66.249.71.60 - - [20/Jan/2016:06:49:45 +0800] "GET /content/nav/relationSubject.jsp?relationWords=%E6%B3%95%E5%85%B5+%E9%8A%80%E9%8C%A2+&oid=784850 HTTP/1.1" 200 3131
66.249.71.60 - - [20/Jan/2016:06:49:47 +0800] "GET /content/nav/relationSubject.jsp?relationWords=%E6%B3%95%E5%85%B5%20%E9%8A%80%E9%8C%A2%20&oid=784850 HTTP/1.1" 200 3131
68.180.228.24 - - [20/Jan/2016:06:50:10 +0800] "GET /content/pictures/picture_content.jsp?oid=33554740 HTTP/1.1" 200 27212
66.249.71.72 - - [20/Jan/2016:06:52:08 +0800] "GET /content/nav/relationSubject.jsp?relationWords=%E5%8D%9C%E8%BE%AD%E6%AE%98%E7%89%87+%E7%8D%B8%E9%AA%A8%E5%8D%9C%E8%BE%AD+&oid=1883368 HTTP/1.1" 200 3118
66.249.71.60 - - [20/Jan/2016:06:52:10 +0800] "GET /content/nav/relationSubject.jsp?relationWords=%E5%8D%9C%E8%BE%AD%E6%AE%98%E7%89%87%20%E7%8D%B8%E9%AA%A8%E5%8D%9C%E8%BE%AD%20&oid=1883368 HTTP/1.1" 200 3118
66.249.71.105 - - [20/Jan/2016:06:53:22 +0800] "GET /content/nav/relationSubject.jsp?relationWords=%E5%8D%81%E4%BA%8C%E9%BB%9E+%E5%A4%A7%E5%8E%9F+%E5%BC%B5%E4%BB%81%E6%BB%94+%E7%89%A9%E8%B3%87%E5%B1%80+%E7%8E%89%E7%B1%B3+%E7%95%9C%E7%94%A2+%E7%A8%85%E6%8D%90+%E7%AB%8B%E6%B3%95%E9%99%A2+%E7%B6%93%E6%BF%9F%E9%83%A8+%E8%82%A1%E7%A5%A8+%E8%87%BA%E7%B3%96+%E8%BE%B2%E6%9E%97%E5%BB%B3+%E9%A3%9F%E7%B1%B3+%E9%A3%BC%E6%96%99+&oid=1565543 HTTP/1.1" 200 3765
66.249.71.72 - - [20/Jan/2016:06:53:23 +0800] "GET /content/nav/relationSubject.jsp?relationWords=%E4%BA%94%E5%8A%A0%E7%A7%91+%E6%A4%8D%E7%89%A9%E7%95%8C+%E9%B5%9D%E6%8E%8C%E6%9F%B4+%E9%B5%9D%E6%8E%8C%E6%9F%B4%E5%B1%AC+&oid=1099150 HTTP/1.1" 200 3361
66.249.71.105 - - [20/Jan/2016:06:53:24 +0800] "GET /content/nav/relationSubject.jsp?relationWords=%E5%8D%81%E4%BA%8C%E9%BB%9E%20%E5%A4%A7%E5%8E%9F%20%E5%BC%B5%E4%BB%81%E6%BB%94%20%E7%89%A9%E8%B3%87%E5%B1%80%20%E7%8E%89%E7%B1%B3%20%E7%95%9C%E7%94%A2%20%E7%A8%85%E6%8D%90%20%E7%AB%8B%E6%B3%95%E9%99%A2%20%E7%B6%93%E6%BF%9F%E9%83%A8%20%E8%82%A1%E7%A5%A8%20%E8%87%BA%E7%B3%96%20%E8%BE%B2%E6%9E%97%E5%BB%B3%20%E9%A3%9F%E7%B1%B3%20%E9%A3%BC%E6%96%99%20&oid=1565543 HTTP/1.1" 200 3765
66.249.71.60 - - [20/Jan/2016:06:53:25 +0800] "GET /content/nav/relationSubject.jsp?relationWords=%E4%BA%94%E5%8A%A0%E7%A7%91%20%E6%A4%8D%E7%89%A9%E7%95%8C%20%E9%B5%9D%E6%8E%8C%E6%9F%B4%20%E9%B5%9D%E6%8E%8C%E6%9F%B4%E5%B1%AC%20&oid=1099150 HTTP/1.1" 200 3361
66.249.71.60 - - [20/Jan/2016:06:53:47 +0800] "GET /content/nav/relationSubject.jsp?relationWords=%E5%A4%A7%E9%8C%A6%E8%98%AD+%E5%A4%BE%E7%AB%B9%E6%A1%83%E7%A7%91+%E5%B0%8F%E9%8C%A6%E8%98%AD+%E6%A4%8D%E7%89%A9%E7%95%8C+%E9%8C%A6%E8%98%AD%E5%B1%AC+%E9%BE%8D%E8%86%BD+&oid=1106170 HTTP/1.1" 200 3612
66.249.71.60 - - [20/Jan/2016:06:53:50 +0800] "GET /content/nav/relationSubject.jsp?relationWords=%E5%A4%A7%E9%8C%A6%E8%98%AD%20%E5%A4%BE%E7%AB%B9%E6%A1%83%E7%A7%91%20%E5%B0%8F%E9%8C%A6%E8%98%AD%20%E6%A4%8D%E7%89%A9%E7%95%8C%20%E9%8C%A6%E8%98%AD%E5%B1%AC%20%E9%BE%8D%E8%86%BD%20&oid=1106170 HTTP/1.1" 200 3612
66.249.71.105 - - [20/Jan/2016:06:54:40 +0800] "GET /content/nav/relationSubject.jsp?relationWords=%E5%8F%83%E7%B8%A3%E5%AE%98+&oid=2515679 HTTP/1.1" 200 3147
66.249.71.105 - - [20/Jan/2016:06:54:42 +0800] "GET /content/nav/relationSubject.jsp?relationWords=%E5%8F%83%E7%B8%A3%E5%AE%98%20&oid=2515679 HTTP/1.1" 200 3147
66.249.71.72 - - [20/Jan/2016:06:55:57 +0800] "GET /content/nav/relationSubject.jsp?relationWords=%E5%A4%9A%E6%A8%A3%E6%80%A7+%E6%A3%B2%E5%9C%B0+%E9%9B%85%E7%BE%8E%E6%97%8F+&oid=1778412 HTTP/1.1" 200 4890
66.249.71.60 - - [20/Jan/2016:06:56:00 +0800] "GET /content/nav/relationSubject.jsp?relationWords=%E5%A4%9A%E6%A8%A3%E6%80%A7%20%E6%A3%B2%E5%9C%B0%20%E9%9B%85%E7%BE%8E%E6%97%8F%20&oid=1778412 HTTP/1.1" 200 4890
66.249.71.155 - - [20/Jan/2016:06:56:03 +0800] "GET /content/subject/resource_content.jsp?oid=16777434&queryType=qc HTTP/1.1" 200 31622
66.249.71.60 - - [20/Jan/2016:06:57:24 +0800] "GET /content/repository/resource_content.jsp?oid=1862212 HTTP/1.1" 200 29373
66.249.71.64 - - [20/Jan/2016:06:57:35 +0800] "GET /content/nav/relationSubject.jsp?relationWords=%E9%AA%A8%E7%AE%AD%E9%A0%AD+&oid=1862212 HTTP/1.1" 200 2990
66.249.71.60 - - [20/Jan/2016:06:57:37 +0800] "GET /content/nav/relationSubject.jsp?relationWords=%E9%AA%A8%E7%AE%AD%E9%A0%AD%20&oid=1862212 HTTP/1.1" 200 2990
207.46.13.178 - - [20/Jan/2016:06:58:07 +0800] "GET /content/nav/relationSubject.jsp?relationWords=%E5%BE%B7%E5%A5%A7+%E6%88%B0%E4%BF%98+&oid=16777569 HTTP/1.1" 200 3574
207.46.13.178 - - [20/Jan/2016:06:58:29 +0800] "GET /content/repository/resource_content.jsp?oid=2146535 HTTP/1.1" 200 29422
68.180.228.24 - - [20/Jan/2016:06:59:33 +0800] "GET /content/subject/resource_content.jsp?oid=16797242&queryType=qc HTTP/1.1" 200 46766
66.249.71.121 - - [20/Jan/2016:07:00:26 +0800] "GET /content/nav/relationSubject.jsp?relationWords=&oid=2597622 HTTP/1.1" 200 1405
68.180.228.24 - - [20/Jan/2016:07:01:58 +0800] "GET /content/tmp_exh/resource_content.jsp?oid=16777750&queryType=qc HTTP/1.1" 200 32507
66.249.71.113 - - [20/Jan/2016:07:02:03 +0800] "GET /content/nav/relationSubject.jsp?relationWords=%E5%A3%BD%E5%A9%A6+%E6%97%8C%E4%BA%8B+%E7%A6%AE%E9%83%A8+%E8%AB%8B%E6%97%8C+&oid=2679416 HTTP/1.1" 200 3186
66.249.71.105 - - [20/Jan/2016:07:02:05 +0800] "GET /content/nav/relationSubject.jsp?relationWords=%E5%A3%BD%E5%A9%A6%20%E6%97%8C%E4%BA%8B%20%E7%A6%AE%E9%83%A8%20%E8%AB%8B%E6%97%8C%20&oid=2679416 HTTP/1.1" 200 3186
66.249.77.97 - - [20/Jan/2016:07:02:27 +0800] "GET /content/nav/relationSubject.jsp?relationWords=%E5%82%AC%E8%A9%A2+%E6%AC%A0%E5%83%B9+%E9%A0%86%E7%99%BC+&oid=743044 HTTP/1.1" 200 3265
66.249.71.105 - - [20/Jan/2016:07:04:00 +0800] "GET /content/nav/relationSubject.jsp?relationWords=%E8%8A%B1%E9%AA%A8%E6%9F%B6+&oid=1863414 HTTP/1.1" 200 2990
66.249.71.105 - - [20/Jan/2016:07:04:02 +0800] "GET /content/nav/relationSubject.jsp?relationWords=%E8%8A%B1%E9%AA%A8%E6%9F%B6%20&oid=1863414 HTTP/1.1" 200 2990
60.54.106.69 - - [20/Jan/2016:07:04:14 +0800] "GET /content/nav/relationSubject.jsp?relationWords=%E6%9C%A8%E7%8A%80+%E6%A1%82%E8%8A%B1+&oid=16777255 HTTP/1.1" 200 4029
66.249.71.173 - - [20/Jan/2016:07:04:39 +0800] "GET /content/nav/relationSubject.jsp?relationWords=%E5%8F%B0%E7%81%A3%E5%9C%93%E8%85%BA%E8%95%A8+%E5%9C%93%E8%85%BA%E8%95%A8%E5%B1%AC+&oid=1110951 HTTP/1.1" 200 3239
66.249.71.155 - - [20/Jan/2016:07:04:41 +0800] "GET /content/nav/relationSubject.jsp?relationWords=%E5%8F%B0%E7%81%A3%E5%9C%93%E8%85%BA%E8%95%A8%20%E5%9C%93%E8%85%BA%E8%95%A8%E5%B1%AC%20&oid=1110951 HTTP/1.1" 200 3239
207.46.13.178 - - [20/Jan/2016:07:05:53 +0800] "GET /content/tmp_exh/resource_content.jsp?oid=16777851&queryType=qc HTTP/1.1" 200 45681
68.180.228.24 - - [20/Jan/2016:07:07:35 +0800] "GET /content/subject/resource_content.jsp?oid=16777329&queryType=qc HTTP/1.1" 200 27826
68.180.228.24 - - [20/Jan/2016:07:08:39 +0800] "GET /digiarch_en/content/subject/resource_content.jsp?oid=16777653&queryType=qc HTTP/1.1" 200 42652
66.249.71.64 - - [20/Jan/2016:07:10:00 +0800] "GET /content/nav/relationSubject.jsp?relationWords=%E6%B5%B7%E5%B2%B8%E6%93%AC%E8%8C%80%E8%95%A8+&oid=33554632 HTTP/1.1" 200 2806
66.249.71.60 - - [20/Jan/2016:07:10:03 +0800] "GET /content/nav/relationSubject.jsp?relationWords=%E6%B5%B7%E5%B2%B8%E6%93%AC%E8%8C%80%E8%95%A8%20&oid=33554632 HTTP/1.1" 200 2806
66.249.71.121 - - [20/Jan/2016:07:12:07 +0800] "GET /content/nav/relationSubject.jsp?relationWords=%E5%90%8F%E9%83%A8+&oid=2688684 HTTP/1.1" 200 3101
66.249.71.105 - - [20/Jan/2016:07:12:09 +0800] "GET /content/nav/relationSubject.jsp?relationWords=%E5%90%8F%E9%83%A8%20&oid=2688684 HTTP/1.1" 200 3101
68.180.228.24 - - [20/Jan/2016:07:12:21 +0800] "GET /content/subject/resource_content.jsp?oid=16777469&queryType=qc HTTP/1.1" 200 31173
66.249.71.72 - - [20/Jan/2016:07:12:24 +0800] "GET /content/repository/resource_content.jsp?oid=1522618 HTTP/1.1" 200 28738
66.249.71.60 - - [20/Jan/2016:07:14:36 +0800] "GET /content/nav/relationSubject.jsp?relationWords=%E5%85%AB%E4%BB%99%E8%8A%B1%E5%B1%AC+%E5%A4%A7%E6%9E%9D%E6%8E%9B%E7%B9%A1%E7%90%83+%E6%A4%8D%E7%89%A9%E7%95%8C+%E8%96%94%E8%96%87%E7%9B%AE+%E8%99%8E%E8%80%B3%E8%8D%89%E7%A7%91+&oid=3824444 HTTP/1.1" 200 3518
66.249.71.60 - - [20/Jan/2016:07:14:38 +0800] "GET /content/nav/relationSubject.jsp?relationWords=%E5%85%AB%E4%BB%99%E8%8A%B1%E5%B1%AC%20%E5%A4%A7%E6%9E%9D%E6%8E%9B%E7%B9%A1%E7%90%83%20%E6%A4%8D%E7%89%A9%E7%95%8C%20%E8%96%94%E8%96%87%E7%9B%AE%20%E8%99%8E%E8%80%B3%E8%8D%89%E7%A7%91%20&oid=3824444 HTTP/1.1" 200 3518
66.249.71.155 - - [20/Jan/2016:07:14:45 +0800] "GET /content/subject/resource_content.jsp?oid=16777822&queryType=qc HTTP/1.1" 200 45438
207.46.13.178 - - [20/Jan/2016:07:15:47 +0800] "GET /content/subject/resource_content.jsp?oid=16777448&queryType=qc HTTP/1.1" 200 34500
66.249.71.121 - - [20/Jan/2016:07:16:40 +0800] "GET /content/nav/relationSubject.jsp?relationWords=%E5%8F%83%E8%AD%B0%E5%93%A1+%E5%8F%83%E8%AD%B0%E6%9C%83+%E5%8F%B0%E7%81%A3%E7%9C%81+%E7%94%98%E8%97%B7+%E7%9C%81%E6%94%BF%E5%BA%9C+%E8%95%83%E8%96%AF+%E8%95%83%E8%96%AF%E7%B0%BD+%E8%AC%9D%E6%B0%B4%E8%97%8D+&oid=1519492 HTTP/1.1" 200 4444
66.249.71.105 - - [20/Jan/2016:07:16:42 +0800] "GET /content/nav/relationSubject.jsp?relationWords=%E5%8F%83%E8%AD%B0%E5%93%A1%20%E5%8F%83%E8%AD%B0%E6%9C%83%20%E5%8F%B0%E7%81%A3%E7%9C%81%20%E7%94%98%E8%97%B7%20%E7%9C%81%E6%94%BF%E5%BA%9C%20%E8%95%83%E8%96%AF%20%E8%95%83%E8%96%AF%E7%B0%BD%20%E8%AC%9D%E6%B0%B4%E8%97%8D%20&oid=1519492 HTTP/1.1" 200 4444
66.249.71.64 - - [20/Jan/2016:07:18:09 +0800] "GET /content/nav/relationSubject.jsp?relationWords=%E5%90%8F%E9%83%A8+&oid=2686386 HTTP/1.1" 200 3101
66.249.71.60 - - [20/Jan/2016:07:18:10 +0800] "GET /content/nav/relationSubject.jsp?relationWords=%E5%90%8F%E9%83%A8%20&oid=2686386 HTTP/1.1" 200 3101
66.249.71.64 - - [20/Jan/2016:07:19:45 +0800] "GET /content/nav/relationSubject.jsp?relationWords=%E9%A3%BC%E6%96%99+&oid=1608472 HTTP/1.1" 200 4080
66.249.71.60 - - [20/Jan/2016:07:19:47 +0800] "GET /content/nav/relationSubject.jsp?relationWords=%E9%A3%BC%E6%96%99%20&oid=1608472 HTTP/1.1" 200 4080
66.249.71.121 - - [20/Jan/2016:07:20:04 +0800] "GET /content/nav/relationSubject.jsp?relationWords=%E7%AB%8B%E5%A7%94%E9%81%B8%E8%88%89+&oid=1597015 HTTP/1.1" 200 3758
66.249.71.105 - - [20/Jan/2016:07:20:05 +0800] "GET /content/nav/relationSubject.jsp?relationWords=%E7%AB%8B%E5%A7%94%E9%81%B8%E8%88%89%20&oid=1597015 HTTP/1.1" 200 3758
66.249.77.85 - - [20/Jan/2016:07:20:42 +0800] "GET /content/nav/relationSubject.jsp?relationWords=%E4%B8%AD%E5%9C%8B%E9%86%AB%E5%AD%B8+%E4%BA%BA%E5%90%8D%E6%AC%8A%E5%A8%81+%E5%9F%BA%E9%87%91%E6%9C%83+%E6%A0%BC%E6%9E%97+%E6%B4%9B%E5%85%8B%E6%96%90%E5%8B%92+%E7%90%86%E4%BA%8B%E6%9C%83+&oid=624385 HTTP/1.1" 200 7915
66.249.77.85 - - [20/Jan/2016:07:20:43 +0800] "GET /content/nav/relationSubject.jsp?relationWords=%E4%B8%AD%E5%9C%8B%E9%86%AB%E5%AD%B8%20%E4%BA%BA%E5%90%8D%E6%AC%8A%E5%A8%81%20%E5%9F%BA%E9%87%91%E6%9C%83%20%E6%A0%BC%E6%9E%97%20%E6%B4%9B%E5%85%8B%E6%96%90%E5%8B%92%20%E7%90%86%E4%BA%8B%E6%9C%83%20&oid=624385 HTTP/1.1" 200 7915
36.238.131.204 - - [20/Jan/2016:07:22:08 +0800] "GET /digiarch3/content/subject/resource_content.jsp?oid=16777260&queryType=qc HTTP/1.1" 200 38832
66.249.71.60 - - [20/Jan/2016:07:22:11 +0800] "GET /content/nav/relationSubject.jsp?relationWords=%E4%BF%9D%E5%AE%89%E5%8F%B8%20%E5%8F%B8%E4%BB%A4%E9%83%A8%20%E6%87%87%E8%BD%89%20%E6%9D%BF%E6%A9%8B%E9%8E%AE%20%E6%9E%97%E6%97%A5%E9%AB%98%20%E6%9E%97%E6%BD%98%E9%87%91%E7%92%B0%20%E8%87%BA%E5%8C%97%E7%B8%A3%20&oid=1522618 HTTP/1.1" 200 5460
36.238.131.204 - - [20/Jan/2016:07:22:15 +0800] "GET /digiarch3/content/nav/relationSubject.jsp?relationWords=%E5%B1%B1%E8%8A%99%E8%93%89+%E6%9C%A8%E8%8A%99%E8%93%89+%E8%96%9B%E6%BF%A4+%E9%86%89%E8%8A%99%E8%93%89+&oid=16777260 HTTP/1.1" 200 4595
157.55.39.71 - - [20/Jan/2016:07:22:45 +0800] "GET /content/subject/resource_content.jsp?oid=16777568&queryType=qc HTTP/1.1" 200 34862
66.249.77.85 - - [20/Jan/2016:07:23:12 +0800] "GET /content/nav/relationSubject.jsp?relationWords=%E5%9C%8B%E6%B0%91%E5%B0%8F%E5%AD%B8%20%E5%B9%BC%E7%A8%9A%E5%9C%92%20&oid=1624173 HTTP/1.1" 200 6549
66.249.71.113 - - [20/Jan/2016:07:23:16 +0800] "GET /content/nav/relationSubject.jsp?relationWords=%E6%98%8E%E4%BF%A1%E7%89%87+%E6%9D%9C%E6%B8%85+%E7%94%9F%E5%91%BD%E4%BF%9D%E9%9A%AA+&oid=1887550 HTTP/1.1" 200 3344
66.249.71.105 - - [20/Jan/2016:07:23:18 +0800] "GET /content/nav/relationSubject.jsp?relationWords=%E6%98%8E%E4%BF%A1%E7%89%87%20%E6%9D%9C%E6%B8%85%20%E7%94%9F%E5%91%BD%E4%BF%9D%E9%9A%AA%20&oid=1887550 HTTP/1.1" 200 3344
207.46.13.137 - - [20/Jan/2016:07:24:14 +0800] "GET /content/repository/resource_content.jsp?oid=1109683 HTTP/1.1" 200 30783
66.249.71.121 - - [20/Jan/2016:07:24:58 +0800] "GET /content/nav/relationSubject.jsp?relationWords=%E5%94%87%E5%BD%A2%E7%A7%91+%E5%B0%8F%E5%86%A0%E8%96%B0+%E6%A4%8D%E7%89%A9%E7%95%8C+%E8%96%84%E8%8D%B7+%E9%9B%99%E5%AD%90%E8%91%89%E6%A4%8D%E7%89%A9+%E9%9B%B6%E9%99%B5%E9%A6%99+%E9%9B%B6%E9%99%B5%E9%A6%99%E5%B1%AC+&oid=2149172 HTTP/1.1" 200 3529
66.249.71.105 - - [20/Jan/2016:07:25:00 +0800] "GET /content/nav/relationSubject.jsp?relationWords=%E5%94%87%E5%BD%A2%E7%A7%91%20%E5%B0%8F%E5%86%A0%E8%96%B0%20%E6%A4%8D%E7%89%A9%E7%95%8C%20%E8%96%84%E8%8D%B7%20%E9%9B%99%E5%AD%90%E8%91%89%E6%A4%8D%E7%89%A9%20%E9%9B%B6%E9%99%B5%E9%A6%99%20%E9%9B%B6%E9%99%B5%E9%A6%99%E5%B1%AC%20&oid=2149172 HTTP/1.1" 200 3529
66.249.77.85 - - [20/Jan/2016:07:25:23 +0800] "GET /content/repository/resource_content.jsp?oid=1598717&queryString=%E5%BB%A3%E6%92%AD%20%E5%BB%A3%E6%92%AD%E9%9B%BB%E5%8F%B0%20%E6%95%99%E8%82%B2%E5%BB%A3%E6%92%AD%E9%9B%BB%E5%8F%B0 HTTP/1.1" 200 47208
66.249.71.64 - - [20/Jan/2016:07:25:24 +0800] "GET /content/repository/resource_content.jsp?oid=2679416&queryString=%E7%A6%AE%E9%83%A8%20%E9%8A%9C%E5%90%8D HTTP/1.1" 200 30297
66.249.71.60 - - [20/Jan/2016:07:25:46 +0800] "GET /digiarch_en/content/repository/resource_content.jsp?oid=3811123&queryString=%E9%87%8E%E8%96%91%E8%8A%B1 HTTP/1.1" 200 23246
66.249.71.105 - - [20/Jan/2016:07:25:50 +0800] "GET /content/nav/relationSubject.jsp?relationWords=%E5%80%99%E9%81%B8%E4%BA%BA+%E5%85%AC%E5%8B%99%E4%BA%BA%E5%93%A1+%E5%85%AC%E7%87%9F%E4%BA%8B%E6%A5%AD+%E5%9C%9F%E5%9C%B0%E6%94%B9%E9%9D%A9+%E5%9C%B0%E6%94%BF%E5%B1%80+%E5%9C%B0%E6%96%B9%E6%B0%91%E6%84%8F%E4%BB%A3%E8%A1%A8+%E5%B8%82%E8%AD%B0%E5%93%A1+%E6%B0%91%E6%84%8F%E4%BB%A3%E8%A1%A8+%E6%B0%91%E6%94%BF%E5%BB%B3+%E6%B3%95%E6%B2%BB+%E6%B3%95%E9%99%A2+%E8%99%95%E9%95%B7+%E8%AD%A6%E5%8B%99%E8%99%95+%E8%AD%A6%E5%AF%9F+%E8%AD%A6%E5%AF%9F%E5%B1%80+%E8%AD%A6%E6%B0%91%E5%8D%94%E6%9C%83+%E9%81%95%E7%AB%A0%E5%BB%BA%E7%AF%89+%E9%83%BD%E5%B8%82%E5%9C%9F%E5%9C%B0+&oid=1547123 HTTP/1.1" 200 6283
66.249.71.105 - - [20/Jan/2016:07:25:52 +0800] "GET /content/nav/relationSubject.jsp?relationWords=%E5%80%99%E9%81%B8%E4%BA%BA%20%E5%85%AC%E5%8B%99%E4%BA%BA%E5%93%A1%20%E5%85%AC%E7%87%9F%E4%BA%8B%E6%A5%AD%20%E5%9C%9F%E5%9C%B0%E6%94%B9%E9%9D%A9%20%E5%9C%B0%E6%94%BF%E5%B1%80%20%E5%9C%B0%E6%96%B9%E6%B0%91%E6%84%8F%E4%BB%A3%E8%A1%A8%20%E5%B8%82%E8%AD%B0%E5%93%A1%20%E6%B0%91%E6%84%8F%E4%BB%A3%E8%A1%A8%20%E6%B0%91%E6%94%BF%E5%BB%B3%20%E6%B3%95%E6%B2%BB%20%E6%B3%95%E9%99%A2%20%E8%99%95%E9%95%B7%20%E8%AD%A6%E5%8B%99%E8%99%95%20%E8%AD%A6%E5%AF%9F%20%E8%AD%A6%E5%AF%9F%E5%B1%80%20%E8%AD%A6%E6%B0%91%E5%8D%94%E6%9C%83%20%E9%81%95%E7%AB%A0%E5%BB%BA%E7%AF%89%20%E9%83%BD%E5%B8%82%E5%9C%9F%E5%9C%B0%20&oid=1547123 HTTP/1.1" 200 6283
66.249.71.105 - - [20/Jan/2016:07:25:52 +0800] "GET /content/nav/relationSubject.jsp?relationWords=&oid=2680394 HTTP/1.1" 200 1405
157.55.39.132 - - [20/Jan/2016:07:25:56 +0800] "GET /content/repository/resource_content.jsp?oid=735881&queryType=qs&queryString=%E6%80%A1%E6%98%8C HTTP/1.1" 200 29019
66.249.71.72 - - [20/Jan/2016:07:25:56 +0800] "GET /content/nav/relationSubject.jsp?relationWords=%E5%BA%AB%E5%80%AB+%E7%90%86%E8%97%A9%E9%99%A2+&oid=2686726 HTTP/1.1" 200 3134
66.249.71.60 - - [20/Jan/2016:07:25:58 +0800] "GET /content/nav/relationSubject.jsp?relationWords=%E5%BA%AB%E5%80%AB%20%E7%90%86%E8%97%A9%E9%99%A2%20&oid=2686726 HTTP/1.1" 200 3134
66.249.71.60 - - [20/Jan/2016:07:25:59 +0800] "GET /content/repository/resource_content.jsp?oid=745215 HTTP/1.1" 200 28835
66.249.71.60 - - [20/Jan/2016:07:26:13 +0800] "GET /content/nav/relationSubject.jsp?relationWords=%E4%BA%BA%E5%90%8D%E6%AC%8A%E5%A8%81+%E5%96%AC%E6%B2%BB+&oid=745215 HTTP/1.1" 200 3105
66.249.71.60 - - [20/Jan/2016:07:26:14 +0800] "GET /content/nav/relationSubject.jsp?relationWords=%E4%BA%BA%E5%90%8D%E6%AC%8A%E5%A8%81%20%E5%96%AC%E6%B2%BB%20&oid=745215 HTTP/1.1" 200 3105
66.249.71.60 - - [20/Jan/2016:07:26:23 +0800] "GET /content/repository/resource_content.jsp?oid=2143713 HTTP/1.1" 200 30585
66.249.71.60 - - [20/Jan/2016:07:26:34 +0800] "GET /content/repository/resource_content.jsp?oid=2546464 HTTP/1.1" 200 28706
66.249.71.60 - - [20/Jan/2016:07:26:39 +0800] "GET /content/nav/relationSubject.jsp?relationWords=%E5%B0%8F%E8%B1%86%E8%98%AD+%E6%8D%B2%E7%93%A3%E8%98%AD%E5%B1%AC+%E7%B4%B0%E8%B1%86%E8%98%AD+%E8%B1%86%E8%98%AD%E5%B1%AC+&oid=2143713 HTTP/1.1" 200 3237
66.249.71.60 - - [20/Jan/2016:07:26:41 +0800] "GET /content/nav/relationSubject.jsp?relationWords=%E5%B0%8F%E8%B1%86%E8%98%AD%20%E6%8D%B2%E7%93%A3%E8%98%AD%E5%B1%AC%20%E7%B4%B0%E8%B1%86%E8%98%AD%20%E8%B1%86%E8%98%AD%E5%B1%AC%20&oid=2143713 HTTP/1.1" 200 3237
66.249.71.60 - - [20/Jan/2016:07:26:51 +0800] "GET /content/nav/relationSubject.jsp?relationWords=&oid=2546464 HTTP/1.1" 200 1405
66.249.71.64 - - [20/Jan/2016:07:26:53 +0800] "GET /content/repository/resource_content.jsp?oid=4475254&queryType=qs&queryString=%E5%AD%90%E5%AE%88%E5%94%84 HTTP/1.1" 200 28361
66.249.71.60 - - [20/Jan/2016:07:27:04 +0800] "GET /content/nav/relationSubject.jsp?relationWords=%E5%AD%90%E5%AE%88%E5%94%84+&oid=4475254 HTTP/1.1" 200 3065
157.55.39.71 - - [20/Jan/2016:07:27:05 +0800] "GET /content/subject/resource_content.jsp?oid=16777469&queryType=qc HTTP/1.1" 200 31173
66.249.71.60 - - [20/Jan/2016:07:27:06 +0800] "GET /content/nav/relationSubject.jsp?relationWords=%E5%AD%90%E5%AE%88%E5%94%84%20&oid=4475254 HTTP/1.1" 200 3065
66.249.71.60 - - [20/Jan/2016:07:27:11 +0800] "GET /content/repository/resource_content.jsp?oid=787995 HTTP/1.1" 200 27881
66.249.71.60 - - [20/Jan/2016:07:27:25 +0800] "GET /content/nav/relationSubject.jsp?relationWords=&oid=787995 HTTP/1.1" 200 1405
220.181.108.139 - - [20/Jan/2016:07:27:28 +0800] "GET /content/tmp_auth/resource_content.jsp?oid=16777759 HTTP/1.1" 200 25314
66.249.71.60 - - [20/Jan/2016:07:27:42 +0800] "GET /content/repository/resource_content.jsp?oid=740825 HTTP/1.1" 200 28391
66.249.71.60 - - [20/Jan/2016:07:27:42 +0800] "GET /content/repository/resource_content.jsp?oid=1613115 HTTP/1.1" 200 28601
66.249.71.64 - - [20/Jan/2016:07:27:56 +0800] "GET /content/nav/relationSubject.jsp?relationWords=%E7%91%9E%E8%A8%98+&oid=740825 HTTP/1.1" 200 3132
66.249.71.60 - - [20/Jan/2016:07:27:57 +0800] "GET /content/nav/relationSubject.jsp?relationWords=%E7%91%9E%E8%A8%98%20&oid=740825 HTTP/1.1" 200 3132
66.249.71.64 - - [20/Jan/2016:07:28:10 +0800] "GET /content/repository/resource_content.jsp?oid=1628066 HTTP/1.1" 200 28884
66.249.71.64 - - [20/Jan/2016:07:28:10 +0800] "GET /content/repository/resource_content.jsp?oid=20191 HTTP/1.1" 200 29473
66.249.71.60 - - [20/Jan/2016:07:28:23 +0800] "GET /content/nav/relationSubject.jsp?relationWords=%E6%9B%BE%E6%96%87%E6%B0%B4%E5%BA%AB+%E9%B9%BD%E6%B0%B4%E6%BA%AA+&oid=1628066 HTTP/1.1" 200 5609
66.249.71.60 - - [20/Jan/2016:07:28:33 +0800] "GET /content/nav/relationSubject.jsp?relationWords=%E4%BE%9B%E6%B0%B4+%E6%B0%B4%E5%85%AC%E5%8F%B8+%E7%AB%B9%E7%94%B0+%E8%87%AA%E4%BE%86%E6%B0%B4+%E9%B9%BF%E8%B0%B7%E9%84%89+&oid=1613115 HTTP/1.1" 200 5802
66.249.71.60 - - [20/Jan/2016:07:28:35 +0800] "GET /content/nav/relationSubject.jsp?relationWords=%E4%BE%9B%E6%B0%B4%20%E6%B0%B4%E5%85%AC%E5%8F%B8%20%E7%AB%B9%E7%94%B0%20%E8%87%AA%E4%BE%86%E6%B0%B4%20%E9%B9%BF%E8%B0%B7%E9%84%89%20&oid=1613115 HTTP/1.1" 200 5802
66.249.71.72 - - [20/Jan/2016:07:28:43 +0800] "GET /content/repository/resource_content.jsp?oid=1779312 HTTP/1.1" 200 27435
66.249.71.60 - - [20/Jan/2016:07:28:47 +0800] "GET /content/nav/relationSubject.jsp?relationWords=%E5%8F%B0%E7%81%A3%E5%8E%9F%E4%BD%8F%E6%B0%91+%E9%9B%9C%E8%AA%8C+%E9%AB%98%E7%A0%82%E6%97%8F+&oid=1779312 HTTP/1.1" 200 5272
66.249.71.60 - - [20/Jan/2016:07:28:49 +0800] "GET /content/nav/relationSubject.jsp?relationWords=%E5%8F%B0%E7%81%A3%E5%8E%9F%E4%BD%8F%E6%B0%91%20%E9%9B%9C%E8%AA%8C%20%E9%AB%98%E7%A0%82%E6%97%8F%20&oid=1779312 HTTP/1.1" 200 5272
66.249.71.72 - - [20/Jan/2016:07:28:54 +0800] "GET /content/repository/resource_content.jsp?oid=2150480 HTTP/1.1" 200 31121
66.249.74.98 - - [20/Jan/2016:07:28:56 +0800] "GET /content/repository/resource_content.jsp?oid=1586165 HTTP/1.1" 200 28729
66.249.71.60 - - [20/Jan/2016:07:28:57 +0800] "GET /content/repository/resource_content.jsp?oid=16263&queryString=%E5%B0%96%E7%BF%85%E7%87%95%E9%AD%9A%20%E6%B5%B7%E7%87%95%20%E7%87%95%E9%AD%9A%20%E7%99%BD%E9%AF%A7%E7%A7%91%20%E9%AF%A7%E4%BB%94 HTTP/1.1" 200 35538
66.249.71.72 - - [20/Jan/2016:07:28:59 +0800] "GET /content/repository/resource_content.jsp?oid=759282 HTTP/1.1" 200 28969
66.249.71.60 - - [20/Jan/2016:07:29:02 +0800] "GET /content/nav/relationSubject.jsp?relationWords=%E4%BA%BA%E5%90%8D%E6%AC%8A%E5%A8%81+%E5%9C%8B%E6%B0%91%E5%AD%B8%E6%A0%A1+%E8%A8%88%E7%AE%97%E6%9B%B8+&oid=759282 HTTP/1.1" 200 3428
66.249.71.60 - - [20/Jan/2016:07:29:03 +0800] "GET /content/nav/relationSubject.jsp?relationWords=%E7%90%89%E7%90%83%E9%BB%91%E9%AF%9B+%E9%AF%9B%E7%A7%91+&oid=20191 HTTP/1.1" 200 3058
66.249.74.98 - - [20/Jan/2016:07:29:04 +0800] "GET /content/nav/relationSubject.jsp?relationWords=%E4%BA%BA%E5%90%8D%E6%AC%8A%E5%A8%81%20%E5%9C%8B%E6%B0%91%E5%AD%B8%E6%A0%A1%20%E8%A8%88%E7%AE%97%E6%9B%B8%20&oid=759282 HTTP/1.1" 200 3428
66.249.71.60 - - [20/Jan/2016:07:29:05 +0800] "GET /content/nav/relationSubject.jsp?relationWords=%E7%90%89%E7%90%83%E9%BB%91%E9%AF%9B%20%E9%AF%9B%E7%A7%91%20&oid=20191 HTTP/1.1" 200 3058
66.249.71.60 - - [20/Jan/2016:07:29:07 +0800] "GET /content/nav/relationSubject.jsp?relationWords=%E6%9D%BE%E6%9D%89+%E6%A4%8D%E7%89%A9%E7%95%8C+%E6%AF%AC%E6%9E%9C+&oid=2150480 HTTP/1.1" 200 3463
66.249.71.60 - - [20/Jan/2016:07:29:08 +0800] "GET /content/nav/relationSubject.jsp?relationWords=%E6%9D%BE%E6%9D%89%20%E6%A4%8D%E7%89%A9%E7%95%8C%20%E6%AF%AC%E6%9E%9C%20&oid=2150480 HTTP/1.1" 200 3463
66.249.71.60 - - [20/Jan/2016:07:29:12 +0800] "GET /content/repository/resource_content.jsp?oid=2566525 HTTP/1.1" 200 29279
157.55.39.163 - - [20/Jan/2016:07:29:32 +0800] "GET /content/subject/resource_content.jsp?oid=16777840&queryType=qc> HTTP/1.1" 200 40649
66.249.71.60 - - [20/Jan/2016:07:29:53 +0800] "GET /content/repository/resource_content.jsp?oid=1616171 HTTP/1.1" 200 30647
66.249.74.98 - - [20/Jan/2016:07:30:03 +0800] "GET /content/nav/relationSubject.jsp?relationWords=%E4%BB%A3%E8%AA%B2%E6%95%99%E5%B8%AB+%E4%BF%9D%E8%82%B2%E5%93%A1+%E5%AD%B8%E9%9B%9C%E8%B2%BB+%E5%AE%89%E9%9D%9E%E4%BB%96%E5%91%BD+%E6%89%80%E5%BE%97%E7%A8%85+%E6%89%98%E5%85%92%E6%89%80+%E6%95%99%E8%82%B2%E5%B1%80+%E6%96%87%E5%8C%96%E5%BB%BA%E8%A8%AD+%E7%BE%A9%E5%8B%99%E6%95%99%E8%82%B2+%E8%83%BD%E5%8A%9B%E5%88%86%E7%8F%AD+%E8%87%AA%E4%BE%86%E6%B0%B4+%E8%87%BA%E4%B8%AD%E5%B8%82+%E8%87%BA%E7%81%A3%E6%9B%B8%E5%BA%97+%E8%87%BA%E9%9B%BB+%E8%B3%AA%E8%A9%A2+&oid=1616171 HTTP/1.1" 200 6171
66.249.71.60 - - [20/Jan/2016:07:30:04 +0800] "GET /content/nav/relationSubject.jsp?relationWords=%E4%BB%A3%E8%AA%B2%E6%95%99%E5%B8%AB%20%E4%BF%9D%E8%82%B2%E5%93%A1%20%E5%AD%B8%E9%9B%9C%E8%B2%BB%20%E5%AE%89%E9%9D%9E%E4%BB%96%E5%91%BD%20%E6%89%80%E5%BE%97%E7%A8%85%20%E6%89%98%E5%85%92%E6%89%80%20%E6%95%99%E8%82%B2%E5%B1%80%20%E6%96%87%E5%8C%96%E5%BB%BA%E8%A8%AD%20%E7%BE%A9%E5%8B%99%E6%95%99%E8%82%B2%20%E8%83%BD%E5%8A%9B%E5%88%86%E7%8F%AD%20%E8%87%AA%E4%BE%86%E6%B0%B4%20%E8%87%BA%E4%B8%AD%E5%B8%82%20%E8%87%BA%E7%81%A3%E6%9B%B8%E5%BA%97%20%E8%87%BA%E9%9B%BB%20%E8%B3%AA%E8%A9%A2%20&oid=1616171 HTTP/1.1" 200 6171
66.249.74.98 - - [20/Jan/2016:07:30:17 +0800] "GET /content/nav/relationSubject.jsp?relationWords=%E4%BA%BA%E8%A1%8C%E9%81%93+%E5%8D%97%E6%BE%B3%E9%84%89+%E5%9B%B0%E9%9B%A3%E6%A1%88+%E9%87%91%E6%B4%8B%E6%9D%91+&oid=1586165 HTTP/1.1" 200 3482
66.249.71.60 - - [20/Jan/2016:07:30:18 +0800] "GET /content/nav/relationSubject.jsp?relationWords=%E4%BA%BA%E8%A1%8C%E9%81%93%20%E5%8D%97%E6%BE%B3%E9%84%89%20%E5%9B%B0%E9%9B%A3%E6%A1%88%20%E9%87%91%E6%B4%8B%E6%9D%91%20&oid=1586165 HTTP/1.1" 200 3482
66.249.71.60 - - [20/Jan/2016:07:30:37 +0800] "GET /digiarch_en/content/repository/resource_content.jsp?oid=2470521&queryString=%E6%97%A5%E6%9C%AC%E6%96%87%E5%AD%B8 HTTP/1.1" 200 23790
66.249.71.121 - - [20/Jan/2016:07:30:37 +0800] "GET /content/nav/relationSubject.jsp?relationWords=%E5%8D%B7%E9%A6%96+&oid=4459109 HTTP/1.1" 200 2927
66.249.74.98 - - [20/Jan/2016:07:30:39 +0800] "GET /content/repository/resource_content.jsp?oid=1629744 HTTP/1.1" 200 28496
66.249.74.59 - - [20/Jan/2016:07:30:40 +0800] "GET /content/nav/relationSubject.jsp?relationWords=%E5%8D%B7%E9%A6%96%20&oid=4459109 HTTP/1.1" 200 2927
66.249.71.72 - - [20/Jan/2016:07:30:50 +0800] "GET /digiarch_en/content/nav/relationSubject.jsp?relationWords=%E6%97%A5%E6%9C%AC%E6%96%87%E5%AD%B8+&oid=2470521 HTTP/1.1" 200 3222
66.249.74.98 - - [20/Jan/2016:07:30:51 +0800] "GET /digiarch_en/content/nav/relationSubject.jsp?relationWords=%E6%97%A5%E6%9C%AC%E6%96%87%E5%AD%B8%20&oid=2470521 HTTP/1.1" 200 3222
66.249.71.60 - - [20/Jan/2016:07:31:00 +0800] "GET /content/repository/resource_content.jsp?oid=1889635 HTTP/1.1" 200 28489
66.249.74.98 - - [20/Jan/2016:07:31:14 +0800] "GET /content/repository/resource_content.jsp?oid=1812304 HTTP/1.1" 200 28290
66.249.79.27 - - [20/Jan/2016:07:31:15 +0800] "GET /content/nav/relationSubject.jsp?relationWords=%E6%A4%8D%E7%89%A9%E7%95%8C+%E8%A0%B6%E8%B1%86+%E9%87%8E%E7%99%BE%E5%90%88%E5%B1%AC+%E9%9B%99%E5%AD%90%E8%91%89%E6%A4%8D%E7%89%A9+%E9%BB%83%E9%87%8E%E7%99%BE%E5%90%88+&oid=1110528 HTTP/1.1" 200 3503
66.249.79.24 - - [20/Jan/2016:07:31:18 +0800] "GET /content/nav/relationSubject.jsp?relationWords=%E6%A4%8D%E7%89%A9%E7%95%8C%20%E8%A0%B6%E8%B1%86%20%E9%87%8E%E7%99%BE%E5%90%88%E5%B1%AC%20%E9%9B%99%E5%AD%90%E8%91%89%E6%A4%8D%E7%89%A9%20%E9%BB%83%E9%87%8E%E7%99%BE%E5%90%88%20&oid=1110528 HTTP/1.1" 200 3503
66.249.71.60 - - [20/Jan/2016:07:31:20 +0800] "GET /content/nav/relationSubject.jsp?relationWords=&oid=1889635 HTTP/1.1" 200 1405
66.249.74.98 - - [20/Jan/2016:07:31:24 +0800] "GET /content/repository/resource_content.jsp?oid=2149874 HTTP/1.1" 200 30871
66.249.71.60 - - [20/Jan/2016:07:31:27 +0800] "GET /content/nav/relationSubject.jsp?relationWords=%E9%B3%A5%E7%88%B5+&oid=1812304 HTTP/1.1" 200 3075
66.249.71.60 - - [20/Jan/2016:07:31:28 +0800] "GET /content/nav/relationSubject.jsp?relationWords=%E9%B3%A5%E7%88%B5%20&oid=1812304 HTTP/1.1" 200 3075
66.249.74.98 - - [20/Jan/2016:07:31:38 +0800] "GET /content/nav/relationSubject.jsp?relationWords=%E6%9F%8F%E6%8B%89%E6%9C%A8+%E6%A1%83%E9%87%91%E5%AD%83+%E6%A4%8D%E7%89%A9%E7%95%8C+%E9%87%8E%E7%89%A1%E4%B8%B9%E7%A7%91+&oid=2149874 HTTP/1.1" 200 3319
66.249.74.98 - - [20/Jan/2016:07:31:39 +0800] "GET /content/nav/relationSubject.jsp?relationWords=%E6%9F%8F%E6%8B%89%E6%9C%A8%20%E6%A1%83%E9%87%91%E5%AD%83%20%E6%A4%8D%E7%89%A9%E7%95%8C%20%E9%87%8E%E7%89%A1%E4%B8%B9%E7%A7%91%20&oid=2149874 HTTP/1.1" 200 3319
66.249.74.98 - - [20/Jan/2016:07:31:42 +0800] "GET /content/repository/resource_content.jsp?oid=1619929 HTTP/1.1" 200 28609
66.249.71.50 - - [20/Jan/2016:07:32:21 +0800] "GET /content/nav/relationSubject.jsp?relationWords=&oid=15898 HTTP/1.1" 200 1405
66.249.74.102 - - [20/Jan/2016:07:32:25 +0800] "GET /content/repository/resource_content.jsp?oid=1594616 HTTP/1.1" 200 28691
66.249.71.64 - - [20/Jan/2016:07:32:38 +0800] "GET /content/nav/relationSubject.jsp?relationWords=%E5%81%8F%E9%81%A0%E5%9C%B0%E5%8D%80+%E6%83%85%E5%BD%A2%E6%A1%88+&oid=1594616 HTTP/1.1" 200 4715
66.249.74.98 - - [20/Jan/2016:07:32:40 +0800] "GET /content/nav/relationSubject.jsp?relationWords=%E5%81%8F%E9%81%A0%E5%9C%B0%E5%8D%80%20%E6%83%85%E5%BD%A2%E6%A1%88%20&oid=1594616 HTTP/1.1" 200 4715
66.249.71.173 - - [20/Jan/2016:07:33:27 +0800] "GET /content/subject/resource_content.jsp?oid=16777615&queryType=qc HTTP/1.1" 200 37934
66.249.77.97 - - [20/Jan/2016:07:33:49 +0800] "GET /content/repository/resource_content.jsp?oid=4356553&queryString=%E5%8D%B0%E5%BA%A6%E9%B0%B3%20%E5%9C%93%E7%9C%BC%E4%BB%94%20%E9%BB%91%E5%8F%A3%E9%B0%B3 HTTP/1.1" 200 29938
157.55.39.71 - - [20/Jan/2016:07:33:54 +0800] "GET /content/nav/relationSubject.jsp?relationWords=%E9%BB%83%E6%A7%90+&oid=16777364 HTTP/1.1" 200 2681
61.230.194.174 - - [20/Jan/2016:07:33:59 +0800] "GET /content/repository/resource_content.jsp?oid=1111515&queryType=qs&queryString=%E7%8E%89%E5%B1%B1%E5%9C%93%E6%9F%8F HTTP/1.1" 200 31828
66.249.71.72 - - [20/Jan/2016:07:34:02 +0800] "GET /content/repository/resource_content.jsp?oid=1607491 HTTP/1.1" 200 28488
66.249.79.27 - - [20/Jan/2016:07:34:02 +0800] "GET /content/nav/relationSubject.jsp?relationWords=%E9%BB%91%E5%8F%A3%E9%B0%B3+&oid=4356553 HTTP/1.1" 200 3139
66.249.77.85 - - [20/Jan/2016:07:34:03 +0800] "GET /content/nav/relationSubject.jsp?relationWords=%E9%BB%91%E5%8F%A3%E9%B0%B3%20&oid=4356553 HTTP/1.1" 200 3139
66.249.71.60 - - [20/Jan/2016:07:34:06 +0800] "GET /content/repository/resource_content.jsp?oid=1635268 HTTP/1.1" 200 28387
61.230.194.174 - - [20/Jan/2016:07:34:10 +0800] "GET /content/nav/relationSubject.jsp?relationWords=%E5%9C%93%E6%9F%8F%E5%B1%AC+%E6%9D%BE%E6%9D%89+%E6%9F%8F%E7%A7%91+%E6%A4%8D%E7%89%A9%E7%95%8C+%E6%AF%AC%E6%9E%9C+%E7%8E%89%E5%B1%B1%E5%9C%93%E6%9F%8F+&oid=1111515 HTTP/1.1" 200 3563
66.249.71.60 - - [20/Jan/2016:07:34:11 +0800] "GET /content/nav/relationSubject.jsp?relationWords=%E5%A0%A4%E9%98%B2%E6%A1%88+&oid=1607491 HTTP/1.1" 200 3388
66.249.71.60 - - [20/Jan/2016:07:34:25 +0800] "GET /content/repository/resource_content.jsp?oid=1617568 HTTP/1.1" 200 28658
66.249.71.60 - - [20/Jan/2016:07:34:28 +0800] "GET /content/repository/resource_content.jsp?oid=1635272 HTTP/1.1" 200 28713
66.249.71.60 - - [20/Jan/2016:07:34:38 +0800] "GET /content/nav/relationSubject.jsp?relationWords=%E5%A4%A7%E8%8F%AF+%E6%95%B4%E4%BF%AE+&oid=1617568 HTTP/1.1" 200 3304
66.249.71.60 - - [20/Jan/2016:07:34:40 +0800] "GET /content/nav/relationSubject.jsp?relationWords=%E5%A4%A7%E8%8F%AF%20%E6%95%B4%E4%BF%AE%20&oid=1617568 HTTP/1.1" 200 3304
66.249.71.60 - - [20/Jan/2016:07:34:43 +0800] "GET /content/repository/resource_content.jsp?oid=1618919 HTTP/1.1" 200 28494
