118.233.29.145 - - [15/Jan/2016:00:42:09 +0800] "GET /content/nav/relationSubject.jsp?relationWords=%E5%B7%B4%E8%A5%BF%E4%B9%B3%E9%A6%99+%E5%B7%B4%E8%A5%BF%E8%83%A1%E6%A4%92%E6%9C%A8+%E6%A4%8D%E7%89%A9%E7%95%8C+%E6%BC%86%E6%A8%B9%E7%A7%91+%E7%84%A1%E6%82%A3%E5%AD%90+%E8%83%A1%E6%A4%92%E6%9C%A8%E5%B1%AC+&oid=1106027 HTTP/1.1" 200 3456
61.135.189.96 - - [15/Jan/2016:00:42:17 +0800] "GET /digiarch3/content/tmp_exh/resource_content.jsp?oid=16777710&queryType=qc HTTP/1.1" 200 27151
61.135.189.96 - - [15/Jan/2016:00:42:29 +0800] "GET /digiarch3/content/subject/resource_content.jsp?oid=16777841&queryType=qc> HTTP/1.1" 200 27541
66.249.71.60 - - [15/Jan/2016:00:42:35 +0800] "GET /content/nav/relationSubject.jsp?relationWords=%E5%88%80%E8%B1%86%E5%B1%AC+%E6%A4%8D%E7%89%A9%E7%95%8C+%E6%BF%B1%E5%88%80%E8%B1%86+%E8%A0%B6%E8%B1%86+%E9%9B%99%E5%AD%90%E8%91%89%E6%A4%8D%E7%89%A9+&oid=1461897 HTTP/1.1" 200 3361
61.135.189.96 - - [15/Jan/2016:00:42:41 +0800] "GET /content/pictures/picture_content.jsp?oid=33554743&queryType=qc HTTP/1.1" 200 27961
61.135.189.96 - - [15/Jan/2016:00:42:52 +0800] "GET /content/pictures/picture_content.jsp?oid=33554791 HTTP/1.1" 200 27182
66.249.71.64 - - [15/Jan/2016:00:42:58 +0800] "GET /content/repository/resource_content.jsp?oid=1555022 HTTP/1.1" 200 32100
61.135.189.96 - - [15/Jan/2016:00:43:05 +0800] "GET /content/pictures/picture_content.jsp?oid=33554790 HTTP/1.1" 200 27623
61.135.189.96 - - [15/Jan/2016:00:43:17 +0800] "GET /content/repository/resource_content.jsp?oid=523561&queryType=qc HTTP/1.1" 200 37684
61.135.189.96 - - [15/Jan/2016:00:43:28 +0800] "GET /content/pictures/picture_content.jsp?oid=33554789 HTTP/1.1" 200 27134
66.249.71.60 - - [15/Jan/2016:00:43:31 +0800] "GET /content/repository/resource_content.jsp?oid=1556815 HTTP/1.1" 200 29136
61.135.189.96 - - [15/Jan/2016:00:43:41 +0800] "GET /content/tmp_exh/resource_content.jsp?oid=16777851&queryType=qc%201890 HTTP/1.1" 200 45673
66.249.71.72 - - [15/Jan/2016:00:43:45 +0800] "GET /digiarch_en/content/nav/relationSubject.jsp?relationWords=%E6%9E%97%E7%A5%96%E5%A3%BD+&oid=16777654 HTTP/1.1" 200 2326
66.249.71.60 - - [15/Jan/2016:00:43:53 +0800] "GET /digiarch_en/content/nav/relationSubject.jsp?relationWords=%E6%9E%97%E7%A5%96%E5%A3%BD%20&oid=16777654 HTTP/1.1" 200 2326
61.135.189.96 - - [15/Jan/2016:00:43:53 +0800] "GET /content/tmp_exh/resource_content.jsp?oid=16777851&queryType=qc HTTP/1.1" 200 45673
66.249.71.113 - - [15/Jan/2016:00:44:08 +0800] "GET /content/nav/relationSubject.jsp?relationWords=&oid=1779616 HTTP/1.1" 200 1405
66.249.77.97 - - [15/Jan/2016:00:44:24 +0800] "GET /content/repository/resource_content.jsp?oid=2627426&queryString=%E4%BA%BA%E5%90%8D%E6%AC%8A%E5%A8%81%20%E5%93%A1%E5%92%A8%20%E5%9C%8B%E5%8B%99%E9%99%A2%20%E6%9D%9C%E7%88%BE%E4%BC%AF%E7%89%B9%20%E8%92%99%E8%97%8F%E9%99%A2 HTTP/1.1" 200 30082
66.249.71.64 - - [15/Jan/2016:00:45:24 +0800] "GET /content/subject/resource_content.jsp?oid=16777470&queryString=%E6%B5%B7%E6%AA%AC%E6%9E%9C HTTP/1.1" 500 15712
66.249.71.60 - - [15/Jan/2016:00:45:34 +0800] "GET /content/subject/resource_content.jsp?oid=16777474&queryString=%E6%B5%B7%E6%AA%AC%E6%9E%9C HTTP/1.1" 500 15712
61.135.189.96 - - [15/Jan/2016:00:45:35 +0800] "GET /content/subject/resource_content.jsp?oid=16777803&queryType=qc HTTP/1.1" 200 33498
61.135.189.96 - - [15/Jan/2016:00:45:48 +0800] "GET /digiarch3/content/repository/resource_content.jsp?oid=1124830&queryType=qc HTTP/1.1" 200 33243
1.165.34.220 - - [15/Jan/2016:00:45:55 +0800] "GET /content/repository/resource_content.jsp?oid=207786 HTTP/1.1" 200 30458
1.165.34.220 - - [15/Jan/2016:00:45:58 +0800] "GET /content/nav/relationSubject.jsp?relationWords=%E4%B8%AD%E5%9C%8B%E5%A4%A7%E9%99%B8%E5%9C%B0%E5%9C%96+%E6%B9%96%E9%99%BD%E9%8E%AE+&oid=207786 HTTP/1.1" 200 3153
61.135.189.96 - - [15/Jan/2016:00:46:00 +0800] "GET /digiarch3/content/repository/resource_content.jsp?oid=523821&queryType=qc HTTP/1.1" 200 34502
66.249.74.63 - - [15/Jan/2016:00:46:18 +0800] "GET /content/repository/resource_content.jsp?oid=2646950&queryType=qs&queryString=%E9%95%B7%E7%91%9E HTTP/1.1" 200 29796
61.135.189.96 - - [15/Jan/2016:00:46:23 +0800] "GET /digiarch3/content/subject/resource_content.jsp?oid=16797294&queryType=qc HTTP/1.1" 200 45274
66.249.71.64 - - [15/Jan/2016:00:47:04 +0800] "GET /content/nav/relationSubject.jsp?relationWords=%E8%A1%8D%E8%81%96%E5%85%AC+&oid=2511152 HTTP/1.1" 200 3090
66.249.74.98 - - [15/Jan/2016:00:47:08 +0800] "GET /content/nav/relationSubject.jsp?relationWords=%E8%A1%8D%E8%81%96%E5%85%AC%20&oid=2511152 HTTP/1.1" 200 3090
157.55.39.48 - - [15/Jan/2016:00:47:18 +0800] "GET /content/subject/resource_content.jsp?oid=16777842&queryType=qc HTTP/1.1" 200 36275
66.249.71.50 - - [15/Jan/2016:00:47:23 +0800] "GET /content/repository/resource_content.jsp?oid=1554261&queryType=qs&queryString=%E6%84%9B%E5%9C%8B%E5%A9%A6%E4%BA%BA%E6%9C%83 HTTP/1.1" 200 33587
66.249.71.60 - - [15/Jan/2016:00:47:56 +0800] "GET /content/repository/resource_content.jsp?oid=1530731 HTTP/1.1" 200 28599
66.249.71.60 - - [15/Jan/2016:00:48:09 +0800] "GET /content/subject/resource_content.jsp?oid=16797296&queryType=qc HTTP/1.1" 200 54561
66.249.71.121 - - [15/Jan/2016:00:48:29 +0800] "GET /content/repository/resource_content.jsp?oid=1605337&queryType=qs&queryString=%E5%B9%BE%E7%B1%B3 HTTP/1.1" 200 33176
66.249.71.105 - - [15/Jan/2016:00:48:52 +0800] "GET /content/repository/resource_content.jsp?oid=4363593&queryType=qs&queryString=%E6%96%87%E6%AE%8A HTTP/1.1" 200 30119
66.249.71.64 - - [15/Jan/2016:00:49:03 +0800] "GET /content/repository/resource_content.jsp?oid=1844664&queryString=%E6%8F%90%E6%A2%81%E5%8D%A3%20%E7%8D%B8%E9%9D%A2%E7%B4%8B%20%E9%85%92%E5%99%A8 HTTP/1.1" 200 31027
66.249.71.72 - - [15/Jan/2016:00:49:04 +0800] "GET /content/repository/resource_content.jsp?oid=3110820 HTTP/1.1" 200 29840
66.249.77.97 - - [15/Jan/2016:00:49:36 +0800] "GET /content/subject/resource_content.jsp?oid=16777849&queryType=qs&queryString=%E7%89%A1%E4%B8%B9%E7%A4%BE%E4%BA%8B%E4%BB%B6 HTTP/1.1" 200 34404
157.55.39.71 - - [15/Jan/2016:00:49:57 +0800] "GET /content/subject/resource_content.jsp?oid=16777825&queryType=qc HTTP/1.1" 200 41691
66.249.74.102 - - [15/Jan/2016:00:50:05 +0800] "GET /content/nav/relationSubject.jsp?relationWords=%E5%81%A5%E5%BA%B7%E6%A1%88+%E5%81%BD%E8%97%A5+%E6%86%B2%E6%B3%95+%E6%88%90%E8%97%A5+%E6%94%A4%E8%B2%A9+%E6%9C%B1%E8%90%AC%E6%88%90+%E8%80%83%E8%A9%A6%E6%B3%95+%E8%87%BA%E7%81%A3%E7%9C%81+%E8%87%BA%E7%81%A3%E7%9C%81%E8%A1%9B%E7%94%9F%E8%99%95+%E8%97%A5%E5%8A%91%E5%B8%AB+%E8%97%A5%E7%89%A9+%E8%AC%9D%E6%B8%85%E9%9B%B2+%E8%AD%B7%E6%B3%95+&oid=1896494 HTTP/1.1" 200 4898
66.249.71.60 - - [15/Jan/2016:00:50:08 +0800] "GET /content/nav/relationSubject.jsp?relationWords=%E5%81%A5%E5%BA%B7%E6%A1%88%20%E5%81%BD%E8%97%A5%20%E6%86%B2%E6%B3%95%20%E6%88%90%E8%97%A5%20%E6%94%A4%E8%B2%A9%20%E6%9C%B1%E8%90%AC%E6%88%90%20%E8%80%83%E8%A9%A6%E6%B3%95%20%E8%87%BA%E7%81%A3%E7%9C%81%20%E8%87%BA%E7%81%A3%E7%9C%81%E8%A1%9B%E7%94%9F%E8%99%95%20%E8%97%A5%E5%8A%91%E5%B8%AB%20%E8%97%A5%E7%89%A9%20%E8%AC%9D%E6%B8%85%E9%9B%B2%20%E8%AD%B7%E6%B3%95%20&oid=1896494 HTTP/1.1" 200 4898
66.249.74.63 - - [15/Jan/2016:00:50:10 +0800] "GET /content/repository/resource_content.jsp?oid=2677181&queryType=qs&queryString=%E9%8C%A6%E8%A1%A3%E8%A1%9B HTTP/1.1" 200 30569
66.249.74.98 - - [15/Jan/2016:00:50:12 +0800] "GET /content/nav/relationSubject.jsp?relationWords=%E5%8D%9C%E8%BE%AD+%E7%94%B2%E9%AA%A8%E6%96%87+%E7%AE%97%E5%91%BD+&oid=16777289 HTTP/1.1" 200 3556
66.249.71.5 - - [15/Jan/2016:00:50:49 +0800] "GET /digiarch3/content/nav/relationSubject.jsp?relationWords=%E5%8F%B0%E7%81%A3%E8%83%A1%E9%A0%B9%E5%AD%90+%E6%A4%8D%E7%89%A9%E7%95%8C+%E8%83%A1%E9%A0%B9%E5%AD%90+%E8%83%A1%E9%A0%B9%E5%AD%90%E5%B1%AC+%E9%BC%A0%E6%9D%8E+&oid=1099713 HTTP/1.1" 200 3408
66.249.71.60 - - [15/Jan/2016:00:51:03 +0800] "GET /content/nav/relationSubject.jsp?relationWords=%E6%B0%AE%E8%82%A5+%E7%A8%BB%E8%B0%B7+%E7%B1%B3%E5%BA%97+%E7%B3%A7%E9%A3%9F%E5%B1%80+%E8%AE%8A%E9%80%9A+&oid=1555761 HTTP/1.1" 200 3218
66.249.71.60 - - [15/Jan/2016:00:51:04 +0800] "GET /content/repository/resource_content.jsp?oid=2565369 HTTP/1.1" 200 29197
66.249.71.60 - - [15/Jan/2016:00:51:05 +0800] "GET /content/nav/relationSubject.jsp?relationWords=%E6%B0%AE%E8%82%A5%20%E7%A8%BB%E8%B0%B7%20%E7%B1%B3%E5%BA%97%20%E7%B3%A7%E9%A3%9F%E5%B1%80%20%E8%AE%8A%E9%80%9A%20&oid=1555761 HTTP/1.1" 200 3218
66.249.71.72 - - [15/Jan/2016:00:51:48 +0800] "GET /content/repository/resource_content.jsp?oid=1849997 HTTP/1.1" 200 28761
114.42.214.150 - - [15/Jan/2016:00:51:56 +0800] "GET /content/nav/relationSubject.jsp?relationWords=%E9%9D%92%E5%89%9B%E6%AB%9F+&oid=16777349 HTTP/1.1" 200 4006
68.180.228.24 - - [15/Jan/2016:00:52:35 +0800] "GET /digiarch_en/content/subject/resource_content.jsp?oid=16777425&queryType=qc HTTP/1.1" 200 30966
66.249.74.102 - - [15/Jan/2016:00:52:48 +0800] "GET /content/repository/resource_content.jsp?oid=1859622 HTTP/1.1" 200 29123
66.249.74.102 - - [15/Jan/2016:00:53:24 +0800] "GET /content/subject/resource_content.jsp?oid=16777673&queryType=qs&queryString=%E6%BC%81%E6%A5%AD%E8%B3%87%E6%BA%90 HTTP/1.1" 200 33321
66.249.74.102 - - [15/Jan/2016:00:54:06 +0800] "GET /content/nav/relationSubject.jsp?relationWords=%E6%95%99%E8%82%B2%E8%A3%9C%E5%8A%A9%E8%B2%BB+%E9%87%91%E8%9E%8D+%E9%87%91%E8%9E%8D%E6%A5%AD%E5%8B%99+&oid=1589205 HTTP/1.1" 200 4907
66.249.71.60 - - [15/Jan/2016:00:54:07 +0800] "GET /content/nav/relationSubject.jsp?relationWords=%E6%95%99%E8%82%B2%E8%A3%9C%E5%8A%A9%E8%B2%BB%20%E9%87%91%E8%9E%8D%20%E9%87%91%E8%9E%8D%E6%A5%AD%E5%8B%99%20&oid=1589205 HTTP/1.1" 200 4907
66.249.77.85 - - [15/Jan/2016:00:55:40 +0800] "GET /content/subject/resource_content.jsp?oid=16777617&queryType=qc HTTP/1.1" 200 61014
66.249.74.102 - - [15/Jan/2016:00:55:47 +0800] "GET /content/repository/resource_content.jsp?oid=1460034&queryString=%E6%A4%8D%E7%89%A9%E7%95%8C%20%E6%B0%B4%E9%BE%8D%E9%AA%A8%20%E7%A6%BE%E8%91%89%E8%95%A8%20%E7%A9%B4%E5%AD%90%E8%95%A8%20%E7%A9%B4%E5%AD%90%E8%95%A8%E5%B1%AC%20%E8%95%A8%E9%A1%9E%E6%A4%8D%E7%89%A9 HTTP/1.1" 200 31379
66.249.71.64 - - [15/Jan/2016:00:57:29 +0800] "GET /content/nav/relationSubject.jsp?relationWords=%E4%B8%AD%E8%85%B9%E8%B6%B3%E7%9B%AE+%E6%B5%B7%E5%85%94%E8%9E%BA+%E7%8E%89%E5%85%94%E8%9E%BA+%E8%85%B9%E8%B6%B3%E7%B6%B1+&oid=1636972 HTTP/1.1" 200 3316
66.249.71.60 - - [15/Jan/2016:00:57:32 +0800] "GET /content/nav/relationSubject.jsp?relationWords=%E4%B8%AD%E8%85%B9%E8%B6%B3%E7%9B%AE%20%E6%B5%B7%E5%85%94%E8%9E%BA%20%E7%8E%89%E5%85%94%E8%9E%BA%20%E8%85%B9%E8%B6%B3%E7%B6%B1%20&oid=1636972 HTTP/1.1" 200 3316
66.249.71.64 - - [15/Jan/2016:00:57:55 +0800] "GET /content/nav/relationSubject.jsp?relationWords=%E5%B9%B3%E6%89%81%E8%9C%B7%20%E5%BB%A3%E6%9D%B1%E5%B9%B3%E6%89%81%E8%9C%B7%20%E6%89%81%E8%9C%B7%E7%A7%91%20%E8%85%B9%E8%B6%B3%E7%B6%B1%20&oid=1123825 HTTP/1.1" 200 3214
66.249.71.23 - - [15/Jan/2016:01:01:12 +0800] "GET /digiarch3/content/subject/resource_content.jsp?oid=16777260&queryType=qc HTTP/1.1" 200 38832
66.249.71.60 - - [15/Jan/2016:01:02:03 +0800] "GET /content/nav/relationSubject.jsp?relationWords=%E4%BC%8F%E6%AF%9B%E5%A4%A9%E8%8A%B9%E8%8F%9C+%E5%A4%A9%E8%8A%B9%E8%8F%9C%E5%B1%AC+%E6%A4%8D%E7%89%A9%E7%95%8C+%E7%B4%AB%E8%8D%89%E7%A7%91+&oid=1103465 HTTP/1.1" 200 3546
66.249.71.60 - - [15/Jan/2016:01:02:06 +0800] "GET /content/nav/relationSubject.jsp?relationWords=%E4%BC%8F%E6%AF%9B%E5%A4%A9%E8%8A%B9%E8%8F%9C%20%E5%A4%A9%E8%8A%B9%E8%8F%9C%E5%B1%AC%20%E6%A4%8D%E7%89%A9%E7%95%8C%20%E7%B4%AB%E8%8D%89%E7%A7%91%20&oid=1103465 HTTP/1.1" 200 3546
66.249.71.64 - - [15/Jan/2016:01:02:18 +0800] "GET /content/repository/resource_content.jsp?oid=1887011 HTTP/1.1" 200 31378
66.249.71.113 - - [15/Jan/2016:01:02:27 +0800] "GET /content/nav/relationSubject.jsp?relationWords=%E5%8C%97%E6%B8%AF%E6%9C%9D%E5%A4%A9%E5%AE%AE+%E5%AA%BD%E7%A5%96+&oid=4364370 HTTP/1.1" 200 3103
66.249.74.59 - - [15/Jan/2016:01:02:32 +0800] "GET /content/nav/relationSubject.jsp?relationWords=%E5%8C%97%E6%B8%AF%E6%9C%9D%E5%A4%A9%E5%AE%AE%20%E5%AA%BD%E7%A5%96%20&oid=4364370 HTTP/1.1" 200 3103
66.249.71.60 - - [15/Jan/2016:01:02:45 +0800] "GET /content/nav/relationSubject.jsp?relationWords=%E7%A5%9E%E6%A1%88+&oid=4363178 HTTP/1.1" 200 3356
66.249.71.60 - - [15/Jan/2016:01:02:50 +0800] "GET /content/nav/relationSubject.jsp?relationWords=%E7%A5%9E%E6%A1%88%20&oid=4363178 HTTP/1.1" 200 3356
66.249.71.60 - - [15/Jan/2016:01:02:51 +0800] "GET /digiarch_en/content/repository/resource_content.jsp?oid=4362902&queryString=%E4%BB%81%E5%92%8C%E5%AE%AE%20%E5%B9%B3%E5%AE%89%E7%AC%A6%20%E9%96%8B%E6%BC%B3%E8%81%96%E7%8E%8B HTTP/1.1" 200 25484
66.249.74.98 - - [15/Jan/2016:01:02:52 +0800] "GET /content/nav/relationSubject.jsp?relationWords=%E4%BB%8B%E8%95%A8+&oid=1111635 HTTP/1.1" 200 2399
66.249.71.60 - - [15/Jan/2016:01:02:53 +0800] "GET /content/nav/relationSubject.jsp?relationWords=%E4%BB%8B%E8%95%A8%20&oid=1111635 HTTP/1.1" 200 2399
66.249.74.100 - - [15/Jan/2016:01:03:18 +0800] "GET /content/nav/relationSubject.jsp?relationWords=%E5%90%B3%E6%B0%8F%E9%9B%80%E7%A8%97+%E9%9B%80%E7%A8%97%E5%B1%AC+&oid=1110866 HTTP/1.1" 200 3094
66.249.71.60 - - [15/Jan/2016:01:03:22 +0800] "GET /content/nav/relationSubject.jsp?relationWords=%E5%90%B3%E6%B0%8F%E9%9B%80%E7%A8%97%20%E9%9B%80%E7%A8%97%E5%B1%AC%20&oid=1110866 HTTP/1.1" 200 3094
66.249.71.72 - - [15/Jan/2016:01:03:24 +0800] "GET /content/subject/resource_content.jsp?oid=16777835&queryType=qs&queryString=%E9%80%A0%E5%BD%A2 HTTP/1.1" 200 51042
66.249.71.113 - - [15/Jan/2016:01:03:26 +0800] "GET /content/nav/relationSubject.jsp?relationWords=%E5%88%91%E9%83%A8+%E5%90%8C%E7%9F%A5+%E7%BF%8E%E4%BA%8B+%E8%8A%B1%E7%BF%8E+&oid=2618279 HTTP/1.1" 200 4103
66.249.71.105 - - [15/Jan/2016:01:03:28 +0800] "GET /content/nav/relationSubject.jsp?relationWords=%E5%88%91%E9%83%A8%20%E5%90%8C%E7%9F%A5%20%E7%BF%8E%E4%BA%8B%20%E8%8A%B1%E7%BF%8E%20&oid=2618279 HTTP/1.1" 200 4103
66.249.71.60 - - [15/Jan/2016:01:03:57 +0800] "GET /content/repository/resource_content.jsp?oid=1869916&queryString=%E7%B7%A8%E7%A3%AC HTTP/1.1" 200 29368
66.249.71.72 - - [15/Jan/2016:01:04:05 +0800] "GET /content/nav/relationSubject.jsp?relationWords=%E5%90%B3%E6%B0%B8+&oid=2546399 HTTP/1.1" 200 3319
66.249.71.60 - - [15/Jan/2016:01:04:07 +0800] "GET /content/nav/relationSubject.jsp?relationWords=%E5%90%B3%E6%B0%B8%20&oid=2546399 HTTP/1.1" 200 3319
66.249.71.60 - - [15/Jan/2016:01:04:22 +0800] "GET /content/nav/relationSubject.jsp?relationWords=%E5%8E%9F%E4%BD%8F%E6%B0%91%E6%96%87%E5%8C%96+%E6%B3%B0%E9%9B%85%E6%97%8F+%E7%A4%BE%E5%B7%A5+%E7%A4%BE%E6%9C%83%E5%95%8F%E9%A1%8C+%E7%A4%BE%E6%9C%83%E6%95%91%E5%8A%A9+&oid=1774678 HTTP/1.1" 200 5035
66.249.71.60 - - [15/Jan/2016:01:04:24 +0800] "GET /content/nav/relationSubject.jsp?relationWords=%E5%8E%9F%E4%BD%8F%E6%B0%91%E6%96%87%E5%8C%96%20%E6%B3%B0%E9%9B%85%E6%97%8F%20%E7%A4%BE%E5%B7%A5%20%E7%A4%BE%E6%9C%83%E5%95%8F%E9%A1%8C%20%E7%A4%BE%E6%9C%83%E6%95%91%E5%8A%A9%20&oid=1774678 HTTP/1.1" 200 5035
66.249.71.60 - - [15/Jan/2016:01:04:30 +0800] "GET /content/subject/resource_content.jsp?oid=16777376&queryType=qs&queryString=%E5%82%85%E6%96%AF%E5%B9%B4%E5%9C%96%E6%9B%B8%E9%A4%A8 HTTP/1.1" 200 35914
66.249.71.60 - - [15/Jan/2016:01:05:36 +0800] "GET /content/repository/resource_content.jsp?oid=2573593 HTTP/1.1" 200 28941
101.139.153.89 - - [15/Jan/2016:01:06:06 +0800] "GET /content/subject/resource_content.jsp?oid=16797271&queryType=qc HTTP/1.1" 200 55170
101.139.153.89 - - [15/Jan/2016:01:06:07 +0800] "GET /content/nav/relationSubject.jsp?relationWords=&oid=16797271 HTTP/1.1" 200 1405
66.249.74.102 - - [15/Jan/2016:01:06:10 +0800] "GET /content/repository/resource_content.jsp?oid=2633034 HTTP/1.1" 200 29250
66.249.71.60 - - [15/Jan/2016:01:06:43 +0800] "GET /content/repository/resource_content.jsp?oid=1564205 HTTP/1.1" 200 28794
207.46.13.2 - - [15/Jan/2016:01:06:46 +0800] "GET /content/tmp_exh/resource_content.jsp?oid=16777750&queryType=qc HTTP/1.1" 200 32507
66.249.71.121 - - [15/Jan/2016:01:06:50 +0800] "GET /content/nav/relationSubject.jsp?relationWords=&oid=2687175 HTTP/1.1" 200 1405
66.249.79.27 - - [15/Jan/2016:01:07:16 +0800] "GET /content/repository/resource_content.jsp?oid=2676289&queryString=%E4%B8%8A%E8%AB%AD%20%E5%8A%A0%E6%81%A9 HTTP/1.1" 200 30303
66.249.77.85 - - [15/Jan/2016:01:07:49 +0800] "GET /content/repository/resource_content.jsp?oid=2511229&queryType=qs&queryString=%E5%BC%B5%E5%85%88 HTTP/1.1" 200 30220
66.249.71.72 - - [15/Jan/2016:01:08:55 +0800] "GET /content/repository/resource_content.jsp?oid=2517690 HTTP/1.1" 200 29688
66.249.77.97 - - [15/Jan/2016:01:09:09 +0800] "GET /content/nav/relationSubject.jsp?relationWords=%E6%96%87%E8%97%9D%E8%87%BA%E7%81%A3%E7%A4%BE+&oid=2470541 HTTP/1.1" 200 3287
66.249.77.85 - - [15/Jan/2016:01:09:11 +0800] "GET /content/nav/relationSubject.jsp?relationWords=%E6%96%87%E8%97%9D%E8%87%BA%E7%81%A3%E7%A4%BE%20&oid=2470541 HTTP/1.1" 200 3287
66.249.71.64 - - [15/Jan/2016:01:09:21 +0800] "GET /content/nav/relationSubject.jsp?relationWords=%E5%88%91%E9%83%A8+%E5%93%A1%E5%A4%96%E9%83%8E+&oid=2633034 HTTP/1.1" 200 3145
66.249.74.98 - - [15/Jan/2016:01:09:23 +0800] "GET /content/nav/relationSubject.jsp?relationWords=%E5%88%91%E9%83%A8%20%E5%93%A1%E5%A4%96%E9%83%8E%20&oid=2633034 HTTP/1.1" 200 3145
66.249.71.113 - - [15/Jan/2016:01:10:45 +0800] "GET /content/nav/relationSubject.jsp?relationWords=%E7%99%BD%E8%9D%B4%E8%9D%B6+%E8%9D%B4%E8%9D%B6%E8%98%AD+%E8%9D%B4%E8%9D%B6%E8%98%AD%E5%B1%AC+&oid=2143830 HTTP/1.1" 200 2231
66.249.71.105 - - [15/Jan/2016:01:10:48 +0800] "GET /content/nav/relationSubject.jsp?relationWords=%E7%99%BD%E8%9D%B4%E8%9D%B6%20%E8%9D%B4%E8%9D%B6%E8%98%AD%20%E8%9D%B4%E8%9D%B6%E8%98%AD%E5%B1%AC%20&oid=2143830 HTTP/1.1" 200 2231
66.249.77.85 - - [15/Jan/2016:01:12:03 +0800] "GET /content/repository/resource_content.jsp?oid=4363306&queryString=%E4%B8%AD%E5%A3%87%E5%85%83%E5%B8%A5 HTTP/1.1" 200 28152
66.249.71.105 - - [15/Jan/2016:01:13:00 +0800] "GET /content/nav/relationSubject.jsp?relationWords=%E7%94%9F%E5%93%A1+&oid=2676369 HTTP/1.1" 200 3087
66.249.77.91 - - [15/Jan/2016:01:14:03 +0800] "GET /content/repository/resource_content.jsp?oid=1615367&queryType=qs&queryString=%E6%9E%97%E7%BE%A9%E9%9B%84 HTTP/1.1" 200 31035
66.249.71.72 - - [15/Jan/2016:01:15:04 +0800] "GET /content/repository/resource_content.jsp?oid=1888237&queryString=%E5%B8%BD%E8%93%86%20%E6%9D%8E%E6%99%A8%E9%90%98%20%E6%9D%9C%E6%B8%85 HTTP/1.1" 200 31212
207.46.13.2 - - [15/Jan/2016:01:15:26 +0800] "GET /content/subject/resource_content.jsp?oid=16777788&queryType=qc HTTP/1.1" 200 42882
66.249.71.64 - - [15/Jan/2016:01:15:33 +0800] "GET /content/repository/resource_content.jsp?oid=1532349 HTTP/1.1" 200 30320
66.249.71.121 - - [15/Jan/2016:01:15:58 +0800] "GET /content/nav/relationSubject.jsp?relationWords=%E8%A1%8D%E8%81%96%E5%85%AC+&oid=2511152 HTTP/1.1" 200 3090
66.249.71.64 - - [15/Jan/2016:01:16:06 +0800] "GET /content/repository/resource_content.jsp?oid=1593452 HTTP/1.1" 200 28901
66.249.71.60 - - [15/Jan/2016:01:16:34 +0800] "GET /content/nav/relationSubject.jsp?relationWords=%E5%B8%83%E8%BE%B2%E6%97%8F+%E8%80%B3%E9%A3%BE+%E9%A0%B8%E9%A3%BE+&oid=1782659 HTTP/1.1" 200 3128
66.249.71.60 - - [15/Jan/2016:01:16:36 +0800] "GET /content/nav/relationSubject.jsp?relationWords=%E5%B8%83%E8%BE%B2%E6%97%8F%20%E8%80%B3%E9%A3%BE%20%E9%A0%B8%E9%A3%BE%20&oid=1782659 HTTP/1.1" 200 3128
66.249.71.173 - - [15/Jan/2016:01:16:39 +0800] "GET /content/repository/resource_content.jsp?oid=2654493&queryString=%E9%9A%A8%E5%9C%8D HTTP/1.1" 200 30275
66.249.79.30 - - [15/Jan/2016:01:17:05 +0800] "GET /content/repository/resource_content.jsp?oid=1544302&queryType=qs&queryString=%E9%B3%B3%E6%A2%A8%E7%BD%90%E9%A0%AD HTTP/1.1" 200 30925
66.249.71.72 - - [15/Jan/2016:01:17:12 +0800] "GET /content/repository/resource_content.jsp?oid=2683485&queryString=%E9%8A%9C%E4%BA%8B HTTP/1.1" 200 30550
66.249.71.121 - - [15/Jan/2016:01:17:25 +0800] "GET /content/nav/relationSubject.jsp?relationWords=%E6%B1%A0%E5%BA%9C%E5%8D%83%E6%AD%B2+&oid=4364075 HTTP/1.1" 200 3017
66.249.71.105 - - [15/Jan/2016:01:17:27 +0800] "GET /content/nav/relationSubject.jsp?relationWords=%E6%B1%A0%E5%BA%9C%E5%8D%83%E6%AD%B2%20&oid=4364075 HTTP/1.1" 200 3017
66.249.71.60 - - [15/Jan/2016:01:18:07 +0800] "GET /content/repository/resource_content.jsp?oid=1545550&queryString=%E5%85%89%E7%9B%9B%E8%BC%AA HTTP/1.1" 200 34007
66.249.71.105 - - [15/Jan/2016:01:18:52 +0800] "GET /content/repository/resource_content.jsp?oid=2637733&queryType=qs&queryString=%E5%BC%B5%E7%82%B3 HTTP/1.1" 200 30017
66.249.71.72 - - [15/Jan/2016:01:19:32 +0800] "GET /content/nav/relationSubject.jsp?relationWords=%E6%8B%93%E7%89%87+%E7%94%B2%E9%AA%A8%E6%96%87+&oid=1831515 HTTP/1.1" 200 4578
66.249.71.60 - - [15/Jan/2016:01:19:33 +0800] "GET /content/nav/relationSubject.jsp?relationWords=%E6%8B%93%E7%89%87%20%E7%94%B2%E9%AA%A8%E6%96%87%20&oid=1831515 HTTP/1.1" 200 4578
66.249.71.60 - - [15/Jan/2016:01:19:41 +0800] "GET /content/nav/relationSubject.jsp?relationWords=%E5%AF%A6%E7%8F%BE%E6%A1%88+%E8%B1%90%E7%94%B0%E6%9D%91+%E8%BE%B2%E5%9C%B0%E9%87%8D%E5%8A%83+&oid=1544985 HTTP/1.1" 200 3763
66.249.71.60 - - [15/Jan/2016:01:19:48 +0800] "GET /content/nav/relationSubject.jsp?relationWords=%E5%AF%A6%E7%8F%BE%E6%A1%88%20%E8%B1%90%E7%94%B0%E6%9D%91%20%E8%BE%B2%E5%9C%B0%E9%87%8D%E5%8A%83%20&oid=1544985 HTTP/1.1" 200 3763
66.249.77.97 - - [15/Jan/2016:01:20:08 +0800] "GET /content/repository/resource_content.jsp?oid=4364493&queryString=%E9%9F%BF%E7%9B%9E HTTP/1.1" 200 28607
66.249.77.91 - - [15/Jan/2016:01:21:04 +0800] "GET /content/repository/resource_content.jsp?oid=1814408&queryType=qs&queryString=%E7%95%B0%E7%8D%B8 HTTP/1.1" 200 34664
207.46.13.2 - - [15/Jan/2016:01:21:05 +0800] "GET /content/repository/resource_content.jsp?oid=1570711 HTTP/1.1" 200 28447
66.249.71.23 - - [15/Jan/2016:01:21:10 +0800] "GET /digiarch3/content/nav/relationSubject.jsp?relationWords=%E8%AD%B0%E9%95%B7+%E9%95%B7%E8%98%86+%E9%B9%BD%E5%8B%99+&oid=2644182 HTTP/1.1" 200 5346
66.249.71.5 - - [15/Jan/2016:01:21:13 +0800] "GET /digiarch3/content/nav/relationSubject.jsp?relationWords=%E8%AD%B0%E9%95%B7%20%E9%95%B7%E8%98%86%20%E9%B9%BD%E5%8B%99%20&oid=2644182 HTTP/1.1" 200 5346
66.249.74.98 - - [15/Jan/2016:01:21:18 +0800] "GET /content/nav/relationSubject.jsp?relationWords=%E9%B3%B3%E5%B0%BE%E8%95%A8%E5%B1%AC+&oid=2148615 HTTP/1.1" 200 3023
66.249.71.60 - - [15/Jan/2016:01:21:20 +0800] "GET /content/nav/relationSubject.jsp?relationWords=%E9%B3%B3%E5%B0%BE%E8%95%A8%E5%B1%AC%20&oid=2148615 HTTP/1.1" 200 3023
66.249.71.60 - - [15/Jan/2016:01:21:38 +0800] "GET /content/repository/resource_content.jsp?oid=2682873&queryString=%E8%81%B7%E9%8A%9C%E4%BA%8B HTTP/1.1" 200 30500
66.249.71.14 - - [15/Jan/2016:01:22:10 +0800] "GET /digiarch3/content/repository/resource_content.jsp?oid=2666748&queryType=qs&queryString=%E5%82%B7%E5%AF%92 HTTP/1.1" 200 30158
123.203.10.25 - - [15/Jan/2016:01:22:10 +0800] "GET /content/nav/relationSubject.jsp?relationWords=%E7%9B%B8%E6%80%9D%E6%A8%B9+&oid=16777519 HTTP/1.1" 200 3659
66.249.71.72 - - [15/Jan/2016:01:22:13 +0800] "GET /content/subject/resource_content.jsp?oid=16777739&queryType=qs&queryString=%E8%87%BA%E7%81%A3%E5%8E%9F%E4%BD%8F%E6%B0%91 HTTP/1.1" 200 36137
66.249.71.121 - - [15/Jan/2016:01:22:43 +0800] "GET /content/repository/resource_content.jsp?oid=2534511&queryType=qs&queryString=%E9%8A%80%E8%99%9F HTTP/1.1" 200 29846
66.249.71.72 - - [15/Jan/2016:01:22:57 +0800] "GET /content/nav/relationSubject.jsp?relationWords=%E6%A4%8D%E7%89%A9%E7%95%8C+%E6%B0%B4%E9%B4%A8%E8%85%B3+%E7%A7%8B%E6%B5%B7%E6%A3%A0%E5%B1%AC+%E7%A7%8B%E6%B5%B7%E6%A3%A0%E7%A7%91+%E8%8F%AB%E8%8F%9C+&oid=1108549 HTTP/1.1" 200 3385
66.249.71.60 - - [15/Jan/2016:01:23:00 +0800] "GET /content/nav/relationSubject.jsp?relationWords=%E6%A4%8D%E7%89%A9%E7%95%8C%20%E6%B0%B4%E9%B4%A8%E8%85%B3%20%E7%A7%8B%E6%B5%B7%E6%A3%A0%E5%B1%AC%20%E7%A7%8B%E6%B5%B7%E6%A3%A0%E7%A7%91%20%E8%8F%AB%E8%8F%9C%20&oid=1108549 HTTP/1.1" 200 3385
66.249.71.64 - - [15/Jan/2016:01:23:17 +0800] "GET /content/repository/resource_content.jsp?oid=3824582&queryString=%E4%B8%89%E8%85%B3%E9%B1%89%E5%B1%AC%20%E5%B1%B1%E5%88%88%E8%91%89%20%E6%A4%8D%E7%89%A9%E7%95%8C%20%E8%8A%B8%E9%A6%99%20%E8%8A%B8%E9%A6%99%E7%A7%91 HTTP/1.1" 200 31206
66.249.71.60 - - [15/Jan/2016:01:23:23 +0800] "GET /content/nav/relationSubject.jsp?relationWords=%E5%A4%9A%E5%AD%90%E6%BC%BF%E6%9E%9C%E8%8E%A7+%E6%A4%8D%E7%89%A9%E7%95%8C+%E6%BC%BF%E6%9E%9C%E8%8E%A7%E5%B1%AC+%E7%9F%B3%E7%AB%B9+%E8%8E%A7%E7%A7%91+&oid=1101789 HTTP/1.1" 200 3385
66.249.71.60 - - [15/Jan/2016:01:23:24 +0800] "GET /content/nav/relationSubject.jsp?relationWords=%E5%A4%9A%E5%AD%90%E6%BC%BF%E6%9E%9C%E8%8E%A7%20%E6%A4%8D%E7%89%A9%E7%95%8C%20%E6%BC%BF%E6%9E%9C%E8%8E%A7%E5%B1%AC%20%E7%9F%B3%E7%AB%B9%20%E8%8E%A7%E7%A7%91%20&oid=1101789 HTTP/1.1" 200 3385
123.203.10.25 - - [15/Jan/2016:01:23:43 +0800] "GET /content/nav/relationSubject.jsp?relationWords=%E7%9B%B8%E6%80%9D%E6%A8%B9+&oid=16777519 HTTP/1.1" 200 3659
66.249.71.64 - - [15/Jan/2016:01:23:59 +0800] "GET /content/nav/relationSubject.jsp?relationWords=%E6%89%93%E8%A3%BD%E7%9F%B3%E5%88%80+%E6%89%93%E8%A3%BD%E7%9F%B3%E9%8B%A4+&oid=4203409 HTTP/1.1" 200 3145
66.249.71.60 - - [15/Jan/2016:01:24:02 +0800] "GET /content/nav/relationSubject.jsp?relationWords=%E6%89%93%E8%A3%BD%E7%9F%B3%E5%88%80%20%E6%89%93%E8%A3%BD%E7%9F%B3%E9%8B%A4%20&oid=4203409 HTTP/1.1" 200 3145
66.249.71.14 - - [15/Jan/2016:01:24:08 +0800] "GET /digiarch3/content/subject/resource_content.jsp?oid=16777260&queryType=qc HTTP/1.1" 200 38832
123.203.10.25 - - [15/Jan/2016:01:24:21 +0800] "GET /content/nav/relationSubject.jsp?relationWords=%E7%9B%B8%E6%80%9D%E6%A8%B9+&oid=16777519 HTTP/1.1" 200 3659
66.249.71.60 - - [15/Jan/2016:01:24:56 +0800] "GET /content/repository/resource_content.jsp?oid=1099209 HTTP/1.1" 200 30816
207.46.13.103 - - [15/Jan/2016:01:24:57 +0800] "GET /content/subject/resource_content.jsp?oid=16777744&queryString= HTTP/1.1" 200 41038
66.249.71.72 - - [15/Jan/2016:01:25:14 +0800] "GET /content/repository/resource_content.jsp?oid=1635046 HTTP/1.1" 200 28978
66.249.74.61 - - [15/Jan/2016:01:25:30 +0800] "GET /content/repository/resource_content.jsp?oid=188856&queryType=qs&queryString=%E4%B8%AD%E5%9C%8B%E8%BC%BF%E5%9C%96 HTTP/1.1" 200 30638
66.249.74.98 - - [15/Jan/2016:01:26:36 +0800] "GET /content/repository/resource_content.jsp?oid=2146582 HTTP/1.1" 200 31073
66.249.71.5 - - [15/Jan/2016:01:26:46 +0800] "GET /digiarch3/content/pictures/picture_content.jsp?oid=33554717&queryType=qs&queryString=%E8%95%A8%E9%A1%9E%E6%A4%8D%E7%89%A9 HTTP/1.1" 200 27756
66.249.74.100 - - [15/Jan/2016:01:27:09 +0800] "GET /content/repository/resource_content.jsp?oid=2145033 HTTP/1.1" 200 31542
101.226.166.246 - - [15/Jan/2016:01:27:20 +0800] "GET /content/subject/resource_content.jsp?oid=16777481&queryType=qc HTTP/1.1" 200 172274
66.249.74.98 - - [15/Jan/2016:01:27:43 +0800] "GET /content/nav/relationSubject.jsp?relationWords=%E5%85%AC%E6%9C%89%E5%9C%9F%E5%9C%B0+%E5%90%88%E4%BD%9C%E8%BE%B2%E5%A0%B4+%E6%94%BE%E7%A7%9F+%E9%99%B3%E5%90%8D%E7%99%BC+&oid=1516802 HTTP/1.1" 200 4677
66.249.74.98 - - [15/Jan/2016:01:27:47 +0800] "GET /content/nav/relationSubject.jsp?relationWords=%E5%85%AC%E6%9C%89%E5%9C%9F%E5%9C%B0%20%E5%90%88%E4%BD%9C%E8%BE%B2%E5%A0%B4%20%E6%94%BE%E7%A7%9F%20%E9%99%B3%E5%90%8D%E7%99%BC%20&oid=1516802 HTTP/1.1" 200 4677
68.180.228.24 - - [15/Jan/2016:01:27:50 +0800] "GET /digiarch_en/content/subject/resource_content.jsp?oid=16777341&queryType=qc HTTP/1.1" 200 32677
66.249.71.60 - - [15/Jan/2016:01:28:15 +0800] "GET /content/repository/resource_content.jsp?oid=1517699 HTTP/1.1" 200 28799
66.249.71.72 - - [15/Jan/2016:01:28:18 +0800] "GET /content/repository/resource_content.jsp?oid=3814598&queryString=%E7%B4%85%E9%9E%98%E8%96%B9%20%E8%96%B9%E5%B1%AC HTTP/1.1" 200 31128
66.249.71.64 - - [15/Jan/2016:01:28:41 +0800] "GET /content/nav/relationSubject.jsp?relationWords=%E4%BF%9D%E9%A1%8C+%E4%BF%B8%E6%BB%BF+%E5%90%8F%E9%83%A8+%E6%95%99%E8%AB%AD%E4%BF%B8+%E9%A1%8C%E8%A6%86%E6%95%99+&oid=2510421 HTTP/1.1" 200 4152
66.249.71.60 - - [15/Jan/2016:01:28:43 +0800] "GET /content/nav/relationSubject.jsp?relationWords=%E4%BF%9D%E9%A1%8C%20%E4%BF%B8%E6%BB%BF%20%E5%90%8F%E9%83%A8%20%E6%95%99%E8%AB%AD%E4%BF%B8%20%E9%A1%8C%E8%A6%86%E6%95%99%20&oid=2510421 HTTP/1.1" 200 4152
66.249.71.60 - - [15/Jan/2016:01:28:48 +0800] "GET /content/repository/resource_content.jsp?oid=1869836 HTTP/1.1" 200 30033
66.249.71.113 - - [15/Jan/2016:01:29:21 +0800] "GET /content/repository/resource_content.jsp?oid=1541059&queryType=qs&queryString=%E5%B1%B1%E5%9C%B0%E5%B1%B1%E8%83%9E HTTP/1.1" 200 28944
66.249.77.91 - - [15/Jan/2016:01:29:50 +0800] "GET /content/repository/resource_content.jsp?oid=4363235&queryString=%E7%A5%9E%E4%B8%BB%E7%89%8C HTTP/1.1" 200 29007
66.249.71.72 - - [15/Jan/2016:01:29:54 +0800] "GET /content/repository/resource_content.jsp?oid=14828&queryString=%E5%8F%B0%E7%81%A3%E7%89%B9%E6%9C%89%E7%A8%AE%20%E6%A3%98%E8%A3%B8%E7%B5%A8%E9%AE%8B%20%E7%9F%B3%E7%8B%97%E5%85%AC%20%E7%9F%B3%E9%A0%AD%E9%AD%9A HTTP/1.1" 200 34418
66.249.71.14 - - [15/Jan/2016:01:30:27 +0800] "GET /content/repository/resource_content.jsp?oid=1893920&queryType=qs&queryString=%E8%98%87%E6%96%87%E9%9B%84 HTTP/1.1" 200 28875
66.249.71.64 - - [15/Jan/2016:01:31:29 +0800] "GET /content/nav/relationSubject.jsp?relationWords=%E5%8D%94%E9%BB%94+%E5%B7%A1%E6%92%AB+%E9%8A%80%E5%85%A9+&oid=2511997 HTTP/1.1" 200 5435
66.249.77.97 - - [15/Jan/2016:01:31:33 +0800] "GET /content/repository/resource_content.jsp?oid=4353430&queryString=%E7%9F%B3%E9%A6%96%E9%AD%9A%E7%A7%91%20%E9%AE%B8%E4%BB%94%20%E9%AE%B8%E9%AD%9A HTTP/1.1" 200 36670
66.249.71.64 - - [15/Jan/2016:01:32:07 +0800] "GET /content/subject/resource_content.jsp?oid=16777266&queryString=%E8%8A%B1%E8%94%93%20%E8%94%93%E6%BE%A4%E8%98%AD HTTP/1.1" 200 36818
66.249.71.72 - - [15/Jan/2016:01:32:10 +0800] "GET /content/nav/relationSubject.jsp?relationWords=%E6%8A%AB%E9%87%9D%E8%91%89+%E6%A4%8D%E7%89%A9%E7%95%8C+%E7%8E%89%E5%B1%B1%E8%82%BA%E5%BD%A2%E8%8D%89+%E8%82%BA%E5%BD%A2%E8%8D%89+%E8%82%BA%E5%BD%A2%E8%8D%89%E5%B1%AC+%E9%BE%8D%E8%86%BD+%E9%BE%8D%E8%86%BD%E7%A7%91+&oid=2150174 HTTP/1.1" 200 3708
66.249.71.60 - - [15/Jan/2016:01:32:12 +0800] "GET /content/nav/relationSubject.jsp?relationWords=%E6%8A%AB%E9%87%9D%E8%91%89%20%E6%A4%8D%E7%89%A9%E7%95%8C%20%E7%8E%89%E5%B1%B1%E8%82%BA%E5%BD%A2%E8%8D%89%20%E8%82%BA%E5%BD%A2%E8%8D%89%20%E8%82%BA%E5%BD%A2%E8%8D%89%E5%B1%AC%20%E9%BE%8D%E8%86%BD%20%E9%BE%8D%E8%86%BD%E7%A7%91%20&oid=2150174 HTTP/1.1" 200 3708
120.110.93.152 - - [15/Jan/2016:01:32:16 +0800] "GET /content/nav/relationSubject.jsp?relationWords=%E8%8A%B1%E8%94%93+%E8%94%93%E6%BE%A4%E8%98%AD+&oid=16777266 HTTP/1.1" 200 4225
66.249.77.91 - - [15/Jan/2016:01:32:40 +0800] "GET /content/subject/resource_content.jsp?oid=16797295&queryType=qc HTTP/1.1" 200 66255
1.161.150.102 - - [15/Jan/2016:01:32:54 +0800] "GET /content/repository/resource_content.jsp?oid=1779399 HTTP/1.1" 200 27500
66.249.77.91 - - [15/Jan/2016:01:32:55 +0800] "GET /content/repository/resource_content.jsp?oid=1778446&queryType=qs&queryString=%E5%85%AC%E5%85%B1%E8%B2%A1 HTTP/1.1" 200 46937
1.161.150.102 - - [15/Jan/2016:01:32:56 +0800] "GET /content/nav/relationSubject.jsp?relationWords=%E5%8F%B0%E7%81%A3%E5%8E%9F%E4%BD%8F%E6%B0%91+%E9%B3%A5%E5%B1%85%E9%BE%8D%E8%97%8F+&oid=1779399 HTTP/1.1" 200 4859
66.249.71.64 - - [15/Jan/2016:01:33:13 +0800] "GET /content/repository/resource_content.jsp?oid=2632426&queryType=qs&queryString=%E5%BB%A3%E5%B9%B3%E5%BA%9C HTTP/1.1" 200 30195
114.33.110.150 - - [15/Jan/2016:01:33:41 +0800] "GET /content/repository/resource_content.jsp?oid=1886836 HTTP/1.1" 200 29089
114.33.110.150 - - [15/Jan/2016:01:33:42 +0800] "GET /content/nav/relationSubject.jsp?relationWords=%E6%B7%A1%E6%B0%B4%E7%AC%A0%E8%9E%BA+%E7%9B%A4%E8%9C%B7+%E8%85%B9%E8%B6%B3%E7%B6%B1+%E8%8A%9D%E9%BA%BB%E6%B7%A1%E6%B0%B4%E7%AC%A0%E8%9E%BA+&oid=1886836 HTTP/1.1" 200 3356
114.33.110.150 - - [15/Jan/2016:01:33:46 +0800] "GET /content/repository/resource_content.jsp?oid=1886836 HTTP/1.1" 200 29089
114.33.110.150 - - [15/Jan/2016:01:33:47 +0800] "GET /content/nav/relationSubject.jsp?relationWords=%E6%B7%A1%E6%B0%B4%E7%AC%A0%E8%9E%BA+%E7%9B%A4%E8%9C%B7+%E8%85%B9%E8%B6%B3%E7%B6%B1+%E8%8A%9D%E9%BA%BB%E6%B7%A1%E6%B0%B4%E7%AC%A0%E8%9E%BA+&oid=1886836 HTTP/1.1" 200 3356
114.33.110.150 - - [15/Jan/2016:01:33:50 +0800] "GET /content/repository/resource_content.jsp?oid=518193&queryString=%E6%B7%A1%E6%B0%B4%E7%AC%A0%E8%9E%BA%20%E7%9B%A4%E8%9C%B7%20%E8%85%B9%E8%B6%B3%E7%B6%B1%20%E8%8A%9D%E9%BA%BB%E6%B7%A1%E6%B0%B4%E7%AC%A0%E8%9E%BA HTTP/1.1" 200 32020
114.33.110.150 - - [15/Jan/2016:01:33:50 +0800] "GET /content/nav/relationSubject.jsp?relationWords=%E6%B7%A1%E6%B0%B4%E7%AC%A0%E8%9E%BA+%E7%9B%A4%E8%9C%B7+%E8%85%B9%E8%B6%B3%E7%B6%B1+%E8%8A%9D%E9%BA%BB%E6%B7%A1%E6%B0%B4%E7%AC%A0%E8%9E%BA+&oid=518193 HTTP/1.1" 200 3283
66.249.74.98 - - [15/Jan/2016:01:34:28 +0800] "GET /content/repository/resource_content.jsp?oid=2572038 HTTP/1.1" 200 28758
66.249.71.155 - - [15/Jan/2016:01:34:52 +0800] "GET /content/repository/resource_content.jsp?oid=2677082&queryString=%E9%80%86%E5%A5%B4 HTTP/1.1" 200 30159
66.249.74.102 - - [15/Jan/2016:01:35:26 +0800] "GET /content/repository/resource_content.jsp?oid=14718&queryString=%E4%BB%BF%E9%AF%A8%20%E5%80%A3%E9%AF%A8%E9%AD%9A HTTP/1.1" 200 33312
66.249.77.85 - - [15/Jan/2016:01:35:59 +0800] "GET /content/repository/resource_content.jsp?oid=524142&queryString=%E6%B2%B3%E8%9C%91%E8%9E%BA%E5%B1%AC%20%E7%B4%B0%E6%96%91%E8%9C%91%E8%9E%BA%20%E8%85%B9%E8%B6%B3%E7%B6%B1%20%E8%9C%91%E8%9E%BA HTTP/1.1" 200 43293
66.249.74.100 - - [15/Jan/2016:01:36:32 +0800] "GET /content/repository/resource_content.jsp?oid=1113656 HTTP/1.1" 200 30802
66.249.71.155 - - [15/Jan/2016:01:36:52 +0800] "GET /content/nav/relationSubject.jsp?relationWords=%E6%96%87%E5%8C%96%E4%B8%AD%E5%BF%83+%E6%B5%B7%E9%AE%AE+%E7%94%9F%E7%89%A9%E5%A4%9A%E6%A8%A3%E6%80%A7+&oid=16777813 HTTP/1.1" 200 9070
66.249.71.155 - - [15/Jan/2016:01:36:53 +0800] "GET /content/nav/relationSubject.jsp?relationWords=%E6%96%87%E5%8C%96%E4%B8%AD%E5%BF%83%20%E6%B5%B7%E9%AE%AE%20%E7%94%9F%E7%89%A9%E5%A4%9A%E6%A8%A3%E6%80%A7%20&oid=16777813 HTTP/1.1" 200 9070
66.249.77.91 - - [15/Jan/2016:01:37:05 +0800] "GET /content/subject/resource_content.jsp?oid=16777463&queryType=qc HTTP/1.1" 200 28409
66.249.71.64 - - [15/Jan/2016:01:37:31 +0800] "GET /content/repository/resource_content.jsp?oid=1562327 HTTP/1.1" 200 28788
66.249.71.72 - - [15/Jan/2016:01:37:38 +0800] "GET /content/repository/resource_content.jsp?oid=2576240 HTTP/1.1" 200 29190
66.249.71.72 - - [15/Jan/2016:01:38:11 +0800] "GET /content/repository/resource_content.jsp?oid=2533171 HTTP/1.1" 200 28958
66.249.74.98 - - [15/Jan/2016:01:38:25 +0800] "GET /digiarch_en/content/nav/relationSubject.jsp?relationWords=%E5%B7%A5%E9%83%A8+&oid=2686558 HTTP/1.1" 200 3061
66.249.71.60 - - [15/Jan/2016:01:38:29 +0800] "GET /digiarch_en/content/nav/relationSubject.jsp?relationWords=%E5%B7%A5%E9%83%A8%20&oid=2686558 HTTP/1.1" 200 3061
66.249.71.60 - - [15/Jan/2016:01:38:44 +0800] "GET /content/repository/resource_content.jsp?oid=2595622 HTTP/1.1" 200 28976
66.249.71.72 - - [15/Jan/2016:01:39:04 +0800] "GET /content/repository/resource_content.jsp?oid=1632583 HTTP/1.1" 200 28710
66.249.74.100 - - [15/Jan/2016:01:39:18 +0800] "GET /content/repository/resource_content.jsp?oid=1095130 HTTP/1.1" 200 30741
66.249.71.64 - - [15/Jan/2016:01:40:00 +0800] "GET /content/nav/relationSubject.jsp?relationWords=&oid=2576240 HTTP/1.1" 200 1405
66.249.71.60 - - [15/Jan/2016:01:40:14 +0800] "GET /content/nav/relationSubject.jsp?relationWords=%E6%B5%B7%E5%AF%87+%E6%BB%BF%E6%96%87%E6%9C%AC+&oid=2677857 HTTP/1.1" 200 3143
66.249.71.50 - - [15/Jan/2016:01:40:15 +0800] "GET /content/nav/relationSubject.jsp?relationWords=%E5%9C%8B%E9%98%B2%E9%83%A8+%E5%9C%B0%E4%B8%8A%E7%89%A9+%E6%B5%B7%E8%BB%8D%E9%99%B8%E6%88%B0%E9%9A%8A+%E8%A8%B1%E6%B8%85%E5%92%8C+%E9%B3%B3%E5%B1%B1%E9%8E%AE+&oid=1522350 HTTP/1.1" 200 4815
66.249.71.41 - - [15/Jan/2016:01:40:16 +0800] "GET /content/nav/relationSubject.jsp?relationWords=%E5%9C%8B%E9%98%B2%E9%83%A8%20%E5%9C%B0%E4%B8%8A%E7%89%A9%20%E6%B5%B7%E8%BB%8D%E9%99%B8%E6%88%B0%E9%9A%8A%20%E8%A8%B1%E6%B8%85%E5%92%8C%20%E9%B3%B3%E5%B1%B1%E9%8E%AE%20&oid=1522350 HTTP/1.1" 200 4815
66.249.71.72 - - [15/Jan/2016:01:40:36 +0800] "GET /content/repository/resource_content.jsp?oid=1103265 HTTP/1.1" 200 30884
66.249.77.91 - - [15/Jan/2016:01:41:30 +0800] "GET /content/repository/resource_content.jsp?oid=2670371&queryString=%E5%8D%B0%E7%BD%B2%20%E7%90%A6%E5%96%84%20%E7%90%A6%E5%96%84%E5%A5%8F HTTP/1.1" 200 30601
66.249.74.102 - - [15/Jan/2016:01:42:04 +0800] "GET /content/repository/resource_content.jsp?oid=1635562 HTTP/1.1" 200 28937
66.249.71.5 - - [15/Jan/2016:01:42:04 +0800] "GET /digiarch3/content/nav/relationSubject.jsp?relationWords=%E8%88%9B%E9%8C%AF+&oid=2680904 HTTP/1.1" 200 3999
66.249.71.5 - - [15/Jan/2016:01:42:06 +0800] "GET /digiarch3/content/nav/relationSubject.jsp?relationWords=%E8%88%9B%E9%8C%AF%20&oid=2680904 HTTP/1.1" 200 3999
66.249.71.173 - - [15/Jan/2016:01:42:09 +0800] "GET /content/subject/resource_content.jsp?oid=16777764&queryType=qs&queryString=%E7%B4%80%E9%8C%84%E7%89%87 HTTP/1.1" 200 40694
66.249.71.60 - - [15/Jan/2016:01:42:38 +0800] "GET /content/repository/resource_content.jsp?oid=1115700&queryString=%E7%B5%B9%E6%AF%9B%E9%B3%B6%E5%B0%BE%20%E9%9E%98%E8%96%91%E5%B1%AC HTTP/1.1" 200 30130
66.249.71.72 - - [15/Jan/2016:01:42:55 +0800] "GET /content/nav/relationSubject.jsp?relationWords=%E4%B8%80%E5%BA%9C%E6%95%99+%E5%85%AC%E7%AB%8B%E5%AD%B8%E6%A0%A1+%E5%AD%B8%E6%A0%A1%E6%95%99%E8%81%B7%E5%93%A1+%E5%B9%B4%E7%B5%82%E8%80%83%E7%B8%BE+%E8%B2%A1%E6%94%BF+&oid=1635562 HTTP/1.1" 200 5590
66.249.71.60 - - [15/Jan/2016:01:42:57 +0800] "GET /content/nav/relationSubject.jsp?relationWords=%E4%B8%80%E5%BA%9C%E6%95%99%20%E5%85%AC%E7%AB%8B%E5%AD%B8%E6%A0%A1%20%E5%AD%B8%E6%A0%A1%E6%95%99%E8%81%B7%E5%93%A1%20%E5%B9%B4%E7%B5%82%E8%80%83%E7%B8%BE%20%E8%B2%A1%E6%94%BF%20&oid=1635562 HTTP/1.1" 200 5590
66.249.79.27 - - [15/Jan/2016:01:43:01 +0800] "GET /content/nav/relationSubject.jsp?relationWords=%E5%8F%B2%E5%8D%9A%E9%A4%A8+%E6%AD%B7%E5%8F%B2%E5%8D%9A%E7%89%A9%E9%A4%A8+%E7%90%86%E4%BA%8B%E6%9C%83+%E9%9B%86%E5%B9%A3%E5%8D%94%E6%9C%83+&oid=2470608 HTTP/1.1" 200 4717
66.249.77.85 - - [15/Jan/2016:01:43:05 +0800] "GET /content/nav/relationSubject.jsp?relationWords=%E5%8F%B2%E5%8D%9A%E9%A4%A8%20%E6%AD%B7%E5%8F%B2%E5%8D%9A%E7%89%A9%E9%A4%A8%20%E7%90%86%E4%BA%8B%E6%9C%83%20%E9%9B%86%E5%B9%A3%E5%8D%94%E6%9C%83%20&oid=2470608 HTTP/1.1" 200 4717
66.249.74.63 - - [15/Jan/2016:01:43:23 +0800] "GET /content/nav/relationSubject.jsp?relationWords=%E5%AF%B6%E7%9F%B3%E6%96%91%E9%AD%9A+%E6%A0%BC%E4%BB%94+%E6%B5%81%E6%B0%93+%E7%9F%B3%E6%96%91+%E7%9F%B3%E6%96%91%E9%AD%9A+%E9%81%8E%E9%AD%9A+%E9%AE%A8%E7%A7%91+&oid=4353483 HTTP/1.1" 200 3801
66.249.71.105 - - [15/Jan/2016:01:43:25 +0800] "GET /content/nav/relationSubject.jsp?relationWords=%E5%AF%B6%E7%9F%B3%E6%96%91%E9%AD%9A%20%E6%A0%BC%E4%BB%94%20%E6%B5%81%E6%B0%93%20%E7%9F%B3%E6%96%91%20%E7%9F%B3%E6%96%91%E9%AD%9A%20%E9%81%8E%E9%AD%9A%20%E9%AE%A8%E7%A7%91%20&oid=4353483 HTTP/1.1" 200 3801
66.249.79.27 - - [15/Jan/2016:01:43:40 +0800] "GET /content/repository/resource_content.jsp?oid=4353200&queryString=%E7%B6%A0%E5%B0%BE%E4%BD%8E%E7%B7%9A%E9%AD%9A HTTP/1.1" 200 33746
66.249.71.121 - - [15/Jan/2016:01:44:10 +0800] "GET /content/nav/relationSubject.jsp?relationWords=%E5%90%8C%E7%9F%A5+%E5%90%8F%E9%83%A8+&oid=2666463 HTTP/1.1" 200 4027
66.249.71.105 - - [15/Jan/2016:01:44:15 +0800] "GET /content/nav/relationSubject.jsp?relationWords=%E5%90%8C%E7%9F%A5%20%E5%90%8F%E9%83%A8%20&oid=2666463 HTTP/1.1" 200 4027
66.249.71.5 - - [15/Jan/2016:01:44:49 +0800] "GET /digiarch3/content/repository/resource_content.jsp?oid=14895&queryType=qs&queryString=%E6%BE%8E%E6%B9%96%E6%B5%B7 HTTP/1.1" 200 32737
66.249.74.59 - - [15/Jan/2016:01:45:11 +0800] "GET /content/tmp_auth/resource_content.jsp?oid=16777663 HTTP/1.1" 200 24906
66.249.71.59 - - [15/Jan/2016:01:45:55 +0800] "GET /content/nav/relationSubject.jsp?relationWords=%E4%B8%AD%E5%B0%8F%E4%BC%81%E6%A5%AD+%E5%A4%96%E5%8C%AF+%E8%9E%8D%E8%B3%87+&oid=1631453 HTTP/1.1" 200 4686
66.249.71.105 - - [15/Jan/2016:01:46:28 +0800] "GET /content/repository/resource_content.jsp?oid=2686381&queryType=qs&queryString=%E4%BF%AE%E6%96%87%E7%B8%A3 HTTP/1.1" 200 30189
66.249.77.91 - - [15/Jan/2016:01:46:43 +0800] "GET /content/repository/resource_content.jsp?oid=1807780&queryType=qs&queryString=%E6%9B%B9%E7%B8%A3 HTTP/1.1" 200 35990
66.249.71.60 - - [15/Jan/2016:01:47:34 +0800] "GET /content/repository/resource_content.jsp?oid=2664076&queryString=%E7%A9%BA%E6%BC%95%E8%88%B9 HTTP/1.1" 200 30131
66.249.71.64 - - [15/Jan/2016:01:48:07 +0800] "GET /content/repository/resource_content.jsp?oid=1571341 HTTP/1.1" 200 28743
66.249.71.64 - - [15/Jan/2016:01:48:16 +0800] "GET /content/repository/resource_content.jsp?oid=14433&queryString=%E5%B9%B3%E9%A0%AD%E9%AD%9A%20%E9%BB%91%E9%A0%AD%E9%AD%9A HTTP/1.1" 200 33608
66.249.71.64 - - [15/Jan/2016:01:49:14 +0800] "GET /content/repository/resource_content.jsp?oid=1522363 HTTP/1.1" 200 29004
66.249.74.72 - - [15/Jan/2016:01:49:33 +0800] "GET /content/nav/relationSubject.jsp?relationWords=%E6%84%9B%E7%8E%89%E5%AD%90+%E6%A4%8D%E7%89%A9%E7%95%8C+%E6%A6%95%E5%B1%AC+&oid=3816415 HTTP/1.1" 200 3311
66.249.74.70 - - [15/Jan/2016:01:49:35 +0800] "GET /content/nav/relationSubject.jsp?relationWords=%E6%84%9B%E7%8E%89%E5%AD%90%20%E6%A4%8D%E7%89%A9%E7%95%8C%20%E6%A6%95%E5%B1%AC%20&oid=3816415 HTTP/1.1" 200 3311
66.249.71.60 - - [15/Jan/2016:01:49:48 +0800] "GET /content/subject/resource_content.jsp?oid=16777725&queryString=%E5%8F%B0%E7%81%A3%E5%8E%9F%E4%BD%8F%E6%B0%91 HTTP/1.1" 200 33619
66.249.71.72 - - [15/Jan/2016:01:50:20 +0800] "GET /content/repository/resource_content.jsp?oid=15538&queryString=%E4%B8%89%E9%BB%9E%E9%98%BF%E6%B3%A2%E9%AD%9A%20%E8%93%8B%E5%88%BA%E9%AD%9A HTTP/1.1" 200 34332
66.249.71.64 - - [15/Jan/2016:01:50:53 +0800] "GET /content/nav/relationSubject.jsp?relationWords=%E5%85%AC%E8%B7%AF%E5%B1%80+%E6%99%AE%E9%80%9A%E8%BB%8A+&oid=1571341 HTTP/1.1" 200 4597
66.249.71.72 - - [15/Jan/2016:01:50:55 +0800] "GET /content/nav/relationSubject.jsp?relationWords=%E5%85%AC%E8%B7%AF%E5%B1%80%20%E6%99%AE%E9%80%9A%E8%BB%8A%20&oid=1571341 HTTP/1.1" 200 4597
66.249.77.85 - - [15/Jan/2016:01:51:21 +0800] "GET /content/repository/resource_content.jsp?oid=1887429&queryString=%E5%90%88%E8%B3%87%E6%9C%83%E7%A4%BE HTTP/1.1" 200 30337
66.249.74.102 - - [15/Jan/2016:01:51:27 +0800] "GET /content/repository/resource_content.jsp?oid=1822836&queryString=%E4%B8%89%E8%A7%92%E6%8F%B4%E6%88%88 HTTP/1.1" 200 28869
66.249.74.98 - - [15/Jan/2016:01:51:52 +0800] "GET /content/nav/relationSubject.jsp?relationWords=%E5%85%AD%E5%B8%B6%E7%B7%9A%E7%B4%8B%E9%AD%9A+%E5%85%AD%E7%B7%9A%E9%BB%91%E9%B1%B8+%E5%8C%85%E5%85%AC+%E9%AE%A8%E7%A7%91+&oid=14966 HTTP/1.1" 200 3475
66.249.71.60 - - [15/Jan/2016:01:51:56 +0800] "GET /content/nav/relationSubject.jsp?relationWords=%E5%85%AD%E5%B8%B6%E7%B7%9A%E7%B4%8B%E9%AD%9A%20%E5%85%AD%E7%B7%9A%E9%BB%91%E9%B1%B8%20%E5%8C%85%E5%85%AC%20%E9%AE%A8%E7%A7%91%20&oid=14966 HTTP/1.1" 200 3475
66.249.71.64 - - [15/Jan/2016:01:52:01 +0800] "GET /content/repository/resource_content.jsp?oid=1103185 HTTP/1.1" 200 29601
66.249.71.113 - - [15/Jan/2016:01:52:16 +0800] "GET /content/nav/relationSubject.jsp?relationWords=%E4%B8%89%E7%8E%8B+%E4%B9%9D%E5%8D%BF+%E7%82%BA%E6%AC%BD%E6%B4%BE+%E7%A6%AE%E9%83%A8+&oid=2683742 HTTP/1.1" 200 3195
66.249.71.105 - - [15/Jan/2016:01:52:18 +0800] "GET /content/nav/relationSubject.jsp?relationWords=%E4%B8%89%E7%8E%8B%20%E4%B9%9D%E5%8D%BF%20%E7%82%BA%E6%AC%BD%E6%B4%BE%20%E7%A6%AE%E9%83%A8%20&oid=2683742 HTTP/1.1" 200 3195
66.249.71.60 - - [15/Jan/2016:01:52:53 +0800] "GET /content/repository/resource_content.jsp?oid=1896675 HTTP/1.1" 200 29283
66.249.71.23 - - [15/Jan/2016:01:53:06 +0800] "GET /digiarch3/content/repository/resource_content.jsp?oid=4364344&queryType=qs&queryString=%E9%80%9A%E9%9D%88 HTTP/1.1" 200 28458
66.249.71.60 - - [15/Jan/2016:01:53:28 +0800] "GET /content/nav/relationSubject.jsp?relationWords=%E5%85%A9%E6%B7%AE%E9%B9%BD%E8%AA%B2+%E9%8A%80%E6%95%B8+&oid=2539995 HTTP/1.1" 200 3152
66.249.74.98 - - [15/Jan/2016:01:53:32 +0800] "GET /content/nav/relationSubject.jsp?relationWords=%E5%85%A9%E6%B7%AE%E9%B9%BD%E8%AA%B2%20%E9%8A%80%E6%95%B8%20&oid=2539995 HTTP/1.1" 200 3152
68.180.228.24 - - [15/Jan/2016:01:53:42 +0800] "GET /content/subject/resource_content.jsp?oid=16797290&queryType=qc HTTP/1.1" 200 48346
66.249.74.102 - - [15/Jan/2016:01:54:12 +0800] "GET /content/tmp_tec/resource_content.jsp?oid=16777706 HTTP/1.1" 200 45946
66.249.71.155 - - [15/Jan/2016:01:54:25 +0800] "GET /content/repository/resource_content.jsp?oid=2689435&queryString=%E6%AD%A6%E8%88%89%20%E9%A0%86%E5%A4%A9%E5%BA%9C HTTP/1.1" 200 30422
66.249.71.72 - - [15/Jan/2016:01:54:35 +0800] "GET /content/nav/relationSubject.jsp?relationWords=%E6%8F%90%E6%A2%81%E5%8D%A3%20%E7%8D%B8%E9%9D%A2%E7%B4%8B%20%E9%85%92%E5%99%A8%20&oid=16777801 HTTP/1.1" 200 3586
66.249.71.60 - - [15/Jan/2016:01:54:45 +0800] "GET /content/repository/resource_content.jsp?oid=15365&queryString=%E7%9F%B3%E9%B1%B8 HTTP/1.1" 200 35209
68.180.228.24 - - [15/Jan/2016:01:55:04 +0800] "GET /digiarch_en/content/subject/resource_content.jsp?oid=16777595&queryType=qc HTTP/1.1" 200 31911
66.249.71.64 - - [15/Jan/2016:01:55:25 +0800] "GET /content/nav/relationSubject.jsp?relationWords=%E9%83%BD%E5%AF%9F%E9%99%A2+&oid=2687288 HTTP/1.1" 200 3096
66.249.71.60 - - [15/Jan/2016:01:55:27 +0800] "GET /content/nav/relationSubject.jsp?relationWords=%E9%83%BD%E5%AF%9F%E9%99%A2%20&oid=2687288 HTTP/1.1" 200 3096
66.249.74.98 - - [15/Jan/2016:01:55:35 +0800] "GET /content/nav/relationSubject.jsp?relationWords=%E6%89%81%E8%8A%B1%E9%B0%B9+%E8%88%B5%E9%B0%B9+%E9%AF%96%E7%A7%91+&oid=16337 HTTP/1.1" 200 3363
66.249.71.60 - - [15/Jan/2016:01:55:38 +0800] "GET /content/nav/relationSubject.jsp?relationWords=%E6%89%81%E8%8A%B1%E9%B0%B9%20%E8%88%B5%E9%B0%B9%20%E9%AF%96%E7%A7%91%20&oid=16337 HTTP/1.1" 200 3363
66.249.71.60 - - [15/Jan/2016:01:55:57 +0800] "GET /content/repository/resource_content.jsp?oid=1463555&queryString=%E6%9C%88%E6%A9%98%E5%B1%AC%20%E6%A4%8D%E7%89%A9%E7%95%8C%20%E8%8A%B8%E9%A6%99%20%E8%8A%B8%E9%A6%99%E7%A7%91%20%E9%95%B7%E6%9E%9C%E6%9C%88%E6%A9%98 HTTP/1.1" 200 31352
66.249.74.100 - - [15/Jan/2016:01:56:25 +0800] "GET /content/subject/resource_content.jsp?oid=16797260&queryType=qc HTTP/1.1" 200 47340
64.233.172.148 - - [15/Jan/2016:01:56:27 +0800] "GET /content/subject/resource_content.jsp?oid=16797287&queryType=qc HTTP/1.1" 200 88347
64.233.172.156 - - [15/Jan/2016:01:56:29 +0800] "GET /content/nav/relationSubject.jsp?relationWords=%E5%8F%B0%E7%81%A3%E5%8E%9F%E4%BD%8F%E6%B0%91+&oid=16797287 HTTP/1.1" 200 4742
66.249.71.64 - - [15/Jan/2016:01:56:35 +0800] "GET /content/nav/relationSubject.jsp?relationWords=%E5%A4%A7%E6%88%9F+%E5%A4%A7%E6%88%9F%E7%A7%91+%E6%A4%8D%E7%89%A9%E7%95%8C+%E7%83%8F%E8%87%BC%E5%B1%AC+%E7%99%BD%E8%87%BC+&oid=1462763 HTTP/1.1" 200 3355
66.249.71.60 - - [15/Jan/2016:01:56:37 +0800] "GET /content/nav/relationSubject.jsp?relationWords=%E5%A4%A7%E6%88%9F%20%E5%A4%A7%E6%88%9F%E7%A7%91%20%E6%A4%8D%E7%89%A9%E7%95%8C%20%E7%83%8F%E8%87%BC%E5%B1%AC%20%E7%99%BD%E8%87%BC%20&oid=1462763 HTTP/1.1" 200 3355
66.249.71.105 - - [15/Jan/2016:01:57:29 +0800] "GET /content/repository/resource_content.jsp?oid=2687201&queryType=qs&queryString=%E9%A0%82%E5%86%92 HTTP/1.1" 200 29961
157.55.39.71 - - [15/Jan/2016:01:57:58 +0800] "GET /content/repository/resource_content.jsp?oid=3812588&queryString=%E5%B1%8F%E6%9D%B1%E8%8A%B1%E6%A4%92%20%E6%A4%8D%E7%89%A9%E7%95%8C%20%E8%8A%B1%E6%A4%92%E5%B1%AC%20%E8%8A%B8%E9%A6%99%20%E8%8A%B8%E9%A6%99%E7%A7%91 HTTP/1.1" 200 31056
66.249.71.60 - - [15/Jan/2016:01:58:06 +0800] "GET /content/nav/relationSubject.jsp?relationWords=%E5%8D%94%E5%89%AF%E5%B0%87+&oid=2615048 HTTP/1.1" 200 3147
66.249.71.60 - - [15/Jan/2016:01:58:10 +0800] "GET /content/nav/relationSubject.jsp?relationWords=%E5%93%81%E8%B3%AA+%E6%89%80%E5%BE%97%E7%A8%85+%E8%B2%A1%E7%A8%85+%E8%B3%AA%E8%A9%A2+%E9%99%B3%E6%96%B0%E7%99%BC+&oid=1549270 HTTP/1.1" 200 5356
66.249.71.60 - - [15/Jan/2016:01:58:11 +0800] "GET /content/nav/relationSubject.jsp?relationWords=%E5%93%81%E8%B3%AA%20%E6%89%80%E5%BE%97%E7%A8%85%20%E8%B2%A1%E7%A8%85%20%E8%B3%AA%E8%A9%A2%20%E9%99%B3%E6%96%B0%E7%99%BC%20&oid=1549270 HTTP/1.1" 200 5356
66.249.71.60 - - [15/Jan/2016:01:58:13 +0800] "GET /content/nav/relationSubject.jsp?relationWords=%E5%8D%94%E5%89%AF%E5%B0%87%20&oid=2615048 HTTP/1.1" 200 3147
66.249.71.60 - - [15/Jan/2016:01:58:31 +0800] "GET /content/nav/relationSubject.jsp?relationWords=%E4%BF%9D%E5%AE%89%E5%8F%B8+%E5%8F%B0%E7%81%A3%E7%9C%81+%E5%8F%B8%E4%BB%A4%E9%83%A8+%E6%9D%8E%E7%A6%8F+%E8%93%AE%E5%AD%90+%E8%A7%A3%E6%95%91%E6%A1%88+%E9%99%B3%E9%87%91+%E9%AB%98%E9%9B%84%E5%B8%82+&oid=1517002 HTTP/1.1" 200 3798
66.249.74.98 - - [15/Jan/2016:01:58:39 +0800] "GET /content/repository/resource_content.jsp?oid=1112899 HTTP/1.1" 200 30132
66.249.71.64 - - [15/Jan/2016:01:59:10 +0800] "GET /content/subject/resource_content.jsp?oid=16777647&queryString=%E6%88%B6%E7%B1%8D%E8%AC%84%E6%9C%AC%20%E6%9D%BE%E6%9D%89%20%E8%87%BA%E7%81%A3%E7%9C%81%E8%AD%B0%E6%9C%83%20%E8%AD%89%E4%BB%B6 HTTP/1.1" 200 56824
66.249.71.64 - - [15/Jan/2016:01:59:31 +0800] "GET /content/nav/relationSubject.jsp?relationWords=%E6%A4%8D%E7%89%A9%E7%95%8C+%E7%BF%BC%E6%9F%84%E8%8A%B1%E6%A4%92+%E8%8A%B1%E6%A4%92%E5%B1%AC+%E8%8A%B8%E9%A6%99+%E8%8A%B8%E9%A6%99%E7%A7%91+&oid=3822401 HTTP/1.1" 200 3402
68.180.228.24 - - [15/Jan/2016:01:59:36 +0800] "GET /content/tmp_auth/resource_content.jsp?oid=16777777 HTTP/1.1" 200 29418
66.249.71.60 - - [15/Jan/2016:01:59:43 +0800] "GET /content/repository/resource_content.jsp?oid=1099332 HTTP/1.1" 200 30893
106.105.27.77 - - [15/Jan/2016:01:59:52 +0800] "GET /content/subject/resource_content.jsp?oid=16777840&queryType=qc HTTP/1.1" 200 40649
