66.249.71.60 - - [22/Dec/2015:11:40:22 +0800] "GET /content/repository/resource_content.jsp?oid=3811822&queryString=%E6%A4%8D%E7%89%A9%E7%95%8C%20%E8%8F%AF%E9%87%8E%E7%99%BE%E5%90%88%20%E8%A0%B6%E8%B1%86%20%E9%87%8E%E7%99%BE%E5%90%88%E5%B1%AC%20%E9%9B%99%E5%AD%90%E8%91%89%E6%A4%8D%E7%89%A9 HTTP/1.1" 200 31220
66.249.71.72 - - [22/Dec/2015:11:40:57 +0800] "GET /content/repository/resource_content.jsp?oid=2633175 HTTP/1.1" 200 29555
66.249.77.85 - - [22/Dec/2015:11:41:35 +0800] "GET /content/repository/resource_content.jsp?oid=722820&queryString=%E4%BA%BA%E5%90%8D%E6%AC%8A%E5%A8%81%20%E4%BC%8D%E5%BB%B7%E8%8A%B3%20%E8%89%BE%E6%96%AF%E6%95%A6 HTTP/1.1" 200 29175
66.249.71.121 - - [22/Dec/2015:11:42:12 +0800] "GET /content/repository/resource_content.jsp?oid=1777296&queryType=qs&queryString=%E4%BF%AE%E8%BE%AD HTTP/1.1" 200 30864
66.249.71.64 - - [22/Dec/2015:11:42:30 +0800] "GET /content/nav/relationSubject.jsp?relationWords=%E4%BA%A4%E9%80%9A%E4%BA%8B%E6%A5%AD+%E5%AE%A2%E9%81%8B+%E6%9E%97%E6%B0%B4+%E6%9E%97%E6%B0%B4%E9%87%91+%E7%9C%81%E6%94%BF%E5%BA%9C+%E8%82%A1%E4%BB%BD%E6%9C%89%E9%99%90%E5%85%AC%E5%8F%B8+%E8%87%BA%E5%8D%97%E5%B8%82+%E8%87%BA%E5%8D%97%E5%B8%82%E6%94%BF%E5%BA%9C+%E8%91%A3%E4%BA%8B%E9%95%B7+%E9%80%9A%E4%BA%8B+&oid=1532576 HTTP/1.1" 200 4952
66.249.71.60 - - [22/Dec/2015:11:42:32 +0800] "GET /content/nav/relationSubject.jsp?relationWords=%E4%BA%A4%E9%80%9A%E4%BA%8B%E6%A5%AD%20%E5%AE%A2%E9%81%8B%20%E6%9E%97%E6%B0%B4%20%E6%9E%97%E6%B0%B4%E9%87%91%20%E7%9C%81%E6%94%BF%E5%BA%9C%20%E8%82%A1%E4%BB%BD%E6%9C%89%E9%99%90%E5%85%AC%E5%8F%B8%20%E8%87%BA%E5%8D%97%E5%B8%82%20%E8%87%BA%E5%8D%97%E5%B8%82%E6%94%BF%E5%BA%9C%20%E8%91%A3%E4%BA%8B%E9%95%B7%20%E9%80%9A%E4%BA%8B%20&oid=1532576 HTTP/1.1" 200 4952
66.249.71.121 - - [22/Dec/2015:11:42:50 +0800] "GET /content/repository/resource_content.jsp?oid=1540267&queryType=qs&queryString=%E9%9B%A8%E9%87%8F HTTP/1.1" 200 29122
66.249.71.60 - - [22/Dec/2015:11:43:17 +0800] "GET /content/nav/relationSubject.jsp?relationWords=%E7%BE%85%E6%BC%A2%E6%9D%BE+%E8%98%AD%E5%B6%BC%E7%BE%85%E6%BC%A2%E6%9D%BE+&oid=16777468 HTTP/1.1" 200 4360
66.249.71.105 - - [22/Dec/2015:11:43:27 +0800] "GET /content/repository/resource_content.jsp?oid=15911&queryType=qs&queryString=%E7%9E%BB%E6%98%9F%E9%AD%9A HTTP/1.1" 200 34060
66.249.71.64 - - [22/Dec/2015:11:44:05 +0800] "GET /content/repository/resource_content.jsp?oid=1613098 HTTP/1.1" 200 28858
68.180.229.107 - - [22/Dec/2015:11:44:48 +0800] "GET /content/tmp_auth/resource_content.jsp?oid=16777758 HTTP/1.1" 200 25321
66.249.71.60 - - [22/Dec/2015:11:44:48 +0800] "GET /content/repository/resource_content.jsp?oid=1097966&queryString=%E5%B0%96%E5%B0%BE%E9%B3%B3%20%E5%B0%96%E5%B0%BE%E9%B3%B3%E5%B1%AC%20%E6%A4%8D%E7%89%A9%E7%95%8C%20%E8%98%BF%E8%97%A6%E7%A7%91%20%E9%BE%8D%E8%86%BD HTTP/1.1" 200 31505
66.249.71.72 - - [22/Dec/2015:11:44:51 +0800] "GET /content/nav/relationSubject.jsp?relationWords=%E4%B8%83%E4%BD%B3+%E7%A5%AD%E5%84%80+&oid=4388425 HTTP/1.1" 200 4113
66.249.71.60 - - [22/Dec/2015:11:44:53 +0800] "GET /content/nav/relationSubject.jsp?relationWords=%E4%B8%83%E4%BD%B3%20%E7%A5%AD%E5%84%80%20&oid=4388425 HTTP/1.1" 200 4113
66.249.71.41 - - [22/Dec/2015:11:45:03 +0800] "GET /content/nav/relationSubject.jsp?relationWords=%E4%BA%A4%E9%80%9A%E5%AE%89%E5%85%A8%20%E4%BA%A4%E9%80%9A%E9%81%95%E8%A6%8F%20%E5%99%AA%E9%9F%B3%20%E5%99%AA%E9%9F%B3%E7%AE%A1%E5%88%B6%20%E7%8D%8E%E6%87%B2%20%E8%99%95%E9%95%B7%20%E8%AD%A6%E5%AF%9F%20%E9%80%9A%E4%BA%8B%20&oid=1586119 HTTP/1.1" 200 3395
66.249.71.113 - - [22/Dec/2015:11:45:20 +0800] "GET /content/repository/resource_content.jsp?oid=2652934&queryType=qs&queryString=%E5%A4%9A%E7%88%BE%E6%BF%9F HTTP/1.1" 200 30358
66.249.79.30 - - [22/Dec/2015:11:45:58 +0800] "GET /content/subject/resource_content.jsp?oid=16777391&queryString=%E4%BA%BA%E5%90%8D%E6%AC%8A%E5%A8%81%20%E8%91%97%E4%BD%9C%E6%AC%8A%20%E9%A1%8F%E6%83%A0%E6%85%B6 HTTP/1.1" 200 41863
66.249.71.60 - - [22/Dec/2015:11:46:25 +0800] "GET /content/nav/relationSubject.jsp?relationWords=%E5%8D%9C%E8%BE%AD+%E9%BE%9C%E8%85%B9%E7%94%B2+&oid=1839739 HTTP/1.1" 200 3058
66.249.71.60 - - [22/Dec/2015:11:46:26 +0800] "GET /content/nav/relationSubject.jsp?relationWords=%E5%8D%9C%E8%BE%AD%20%E9%BE%9C%E8%85%B9%E7%94%B2%20&oid=1839739 HTTP/1.1" 200 3058
66.249.71.72 - - [22/Dec/2015:11:46:35 +0800] "GET /content/repository/resource_content.jsp?oid=1303745 HTTP/1.1" 200 29620
66.249.71.5 - - [22/Dec/2015:11:47:12 +0800] "GET /digiarch3/content/repository/resource_content.jsp?oid=1621781&queryType=qs&queryString=%E6%9E%97%E9%8E%AE%E5%B1%B1 HTTP/1.1" 200 28865
66.249.71.60 - - [22/Dec/2015:11:47:24 +0800] "GET /content/nav/relationSubject.jsp?relationWords=%E4%B8%AD%E5%A4%AE%E9%8A%80%E8%A1%8C+%E4%B8%AD%E5%B0%8F%E4%BC%81%E6%A5%AD+%E4%BF%A1%E7%94%A8%E8%B2%B8%E6%AC%BE+%E5%85%AC%E5%8B%99%E4%BA%BA%E5%93%A1+%E5%85%AC%E8%B3%A3%E5%B1%80+%E5%85%B1%E7%94%A2+%E5%85%B1%E7%94%A2%E9%BB%A8+%E5%8D%81%E4%BF%A1+%E5%90%88%E5%BA%AB+%E5%93%81%E8%B3%AA+%E5%9C%8B%E6%B3%B0+%E5%9C%B0%E5%83%B9+%E5%9C%B0%E5%83%B9%E7%A8%85+%E5%A4%96%E5%8C%AF+%E5%B1%A0%E5%AE%B0%E7%A8%85+%E5%BC%8A%E6%A1%88+%E5%BD%8C%E8%A3%9C+%E6%89%80%E5%BE%97%E7%A8%85+%E6%96%B0%E8%87%BA%E5%B9%A3+%E6%9C%88%E5%AC%8C+%E6%A8%99%E5%94%AE+%E6%B7%A1%E6%B1%9F+%E6%B7%A1%E6%B1%9F%E5%A4%A7%E5%AD%B8+%E7%89%A9%E8%B3%87%E5%B1%80+%E7%9B%9C%E9%A0%98+%E7%9C%81%E6%9C%89%E5%9C%9F%E5%9C%B0+%E7%A8%BB%E7%B1%B3+%E7%B3%A7%E9%A3%9F%E5%B1%80+%E7%B5%B1%E4%B8%80%E7%99%BC%E7%A5%A8+%E7%B6%93%E6%BF%9F%E9%83%A8+%E7%B6%9C%E5%90%88%E6%89%80%E5%BE%97%E7%A8%85+%E8%87%BA%E5%8C%97%E5%B8%82+%E8%87%BA%E5%8D%97%E5%B8%82+%E8%87%BA%E9%8A%80+%E8%8F%B8%E8%91%89+%E8%8F%B8%E9%85%92+%E8%91%A1%E8%90%84%E9%85%92+%E8%94%A1%E4%BB%8B%E9%9B%84+%E8%98%87%E6%B4%AA%E6%9C%88%E5%AC%8C+%E8%AD%89%E5%88%B8+%E8%B2%A1%E6%94%BF+%E8%B2%A1%E6%94%BF%E5%BB%B3+%E8%B2%A1%E6%94%BF%E9%83%A8+%E8%B2%B8%E6%AC%BE+%E8%B3%87%E6%9C%AC%E9%A1%8D+%E8%B3%AA%E8%A9%A2+%E8%BE%B2%E6%9E%97+%E8%BE%B2%E6%9E%97%E5%BB%B3+%E9%80%BE%E6%9C%9F%E6%94%BE%E6%AC%BE+%E9%87%91%E6%B5%81+%E9%9B%9C%E8%B2%A8%E5%BA%97+%E9%AB%98%E6%A2%81+&oid=1600818 HTTP/1.1" 200 9396
66.249.71.60 - - [22/Dec/2015:11:47:26 +0800] "GET /content/nav/relationSubject.jsp?relationWords=%E4%B8%AD%E5%A4%AE%E9%8A%80%E8%A1%8C%20%E4%B8%AD%E5%B0%8F%E4%BC%81%E6%A5%AD%20%E4%BF%A1%E7%94%A8%E8%B2%B8%E6%AC%BE%20%E5%85%AC%E5%8B%99%E4%BA%BA%E5%93%A1%20%E5%85%AC%E8%B3%A3%E5%B1%80%20%E5%85%B1%E7%94%A2%20%E5%85%B1%E7%94%A2%E9%BB%A8%20%E5%8D%81%E4%BF%A1%20%E5%90%88%E5%BA%AB%20%E5%93%81%E8%B3%AA%20%E5%9C%8B%E6%B3%B0%20%E5%9C%B0%E5%83%B9%20%E5%9C%B0%E5%83%B9%E7%A8%85%20%E5%A4%96%E5%8C%AF%20%E5%B1%A0%E5%AE%B0%E7%A8%85%20%E5%BC%8A%E6%A1%88%20%E5%BD%8C%E8%A3%9C%20%E6%89%80%E5%BE%97%E7%A8%85%20%E6%96%B0%E8%87%BA%E5%B9%A3%20%E6%9C%88%E5%AC%8C%20%E6%A8%99%E5%94%AE%20%E6%B7%A1%E6%B1%9F%20%E6%B7%A1%E6%B1%9F%E5%A4%A7%E5%AD%B8%20%E7%89%A9%E8%B3%87%E5%B1%80%20%E7%9B%9C%E9%A0%98%20%E7%9C%81%E6%9C%89%E5%9C%9F%E5%9C%B0%20%E7%A8%BB%E7%B1%B3%20%E7%B3%A7%E9%A3%9F%E5%B1%80%20%E7%B5%B1%E4%B8%80%E7%99%BC%E7%A5%A8%20%E7%B6%93%E6%BF%9F%E9%83%A8%20%E7%B6%9C%E5%90%88%E6%89%80%E5%BE%97%E7%A8%85%20%E8%87%BA%E5%8C%97%E5%B8%82%20%E8%87%BA%E5%8D%97%E5%B8%82%20%E8%87%BA%E9%8A%80%20%E8%8F%B8%E8%91%89%20%E8%8F%B8%E9%85%92%20%E8%91%A1%E8%90%84%E9%85%92%20%E8%94%A1%E4%BB%8B%E9%9B%84%20%E8%98%87%E6%B4%AA%E6%9C%88%E5%AC%8C%20%E8%AD%89%E5%88%B8%20%E8%B2%A1%E6%94%BF%20%E8%B2%A1%E6%94%BF%E5%BB%B3%20%E8%B2%A1%E6%94%BF%E9%83%A8%20%E8%B2%B8%E6%AC%BE%20%E8%B3%87%E6%9C%AC%E9%A1%8D%20%E8%B3%AA%E8%A9%A2%20%E8%BE%B2%E6%9E%97%20%E8%BE%B2%E6%9E%97%E5%BB%B3%20%E9%80%BE%E6%9C%9F%E6%94%BE%E6%AC%BE%20%E9%87%91%E6%B5%81%20%E9%9B%9C%E8%B2%A8%E5%BA%97%20%E9%AB%98%E6%A2%81%20&oid=1600818 HTTP/1.1" 200 9396
66.249.71.64 - - [22/Dec/2015:11:47:50 +0800] "GET /content/repository/resource_content.jsp?oid=2144723 HTTP/1.1" 200 31160
66.249.77.97 - - [22/Dec/2015:11:48:12 +0800] "GET /content/nav/relationSubject.jsp?relationWords=%E6%BC%A2%E6%B0%8F%E7%B6%BE%E9%AF%B7+%E7%AA%81%E9%BC%BB+%E7%AA%81%E9%BC%BB%E4%BB%94+%E7%B6%BE%E9%AF%B7+%E9%AF%B7%E7%A7%91+&oid=14342 HTTP/1.1" 200 3494
66.249.71.72 - - [22/Dec/2015:11:48:21 +0800] "GET /content/nav/relationSubject.jsp?relationWords=%E4%BF%A1%E7%BE%A9%E9%84%89%20%E6%B0%B4%E5%9C%B3%20&oid=1599886 HTTP/1.1" 200 8324
66.249.71.60 - - [22/Dec/2015:11:48:29 +0800] "GET /content/repository/resource_content.jsp?oid=1115305 HTTP/1.1" 200 29802
66.249.74.59 - - [22/Dec/2015:11:48:51 +0800] "GET /content/nav/relationSubject.jsp?relationWords=%E5%90%8F%E9%83%A8+%E8%A3%9C%E5%93%A1%E7%BC%BA%E4%BA%8B+%E8%AA%BF%E8%A3%9C%E5%93%A1+&oid=2661464 HTTP/1.1" 200 3216
66.249.71.105 - - [22/Dec/2015:11:48:54 +0800] "GET /content/nav/relationSubject.jsp?relationWords=%E5%90%8F%E9%83%A8%20%E8%A3%9C%E5%93%A1%E7%BC%BA%E4%BA%8B%20%E8%AA%BF%E8%A3%9C%E5%93%A1%20&oid=2661464 HTTP/1.1" 200 3216
163.17.8.228 - - [22/Dec/2015:11:49:10 +0800] "GET /digiarch2/content/repository/resource_content.jsp?queryString=%E8%AA%9E%E8%A8%80&oid=280058&queryType=qc HTTP/1.1" 200 9531
66.249.71.105 - - [22/Dec/2015:11:49:13 +0800] "GET /content/nav/relationSubject.jsp?relationWords=%E7%A6%AE%E9%83%A8+%E9%84%89%E8%A9%A6+&oid=2679037 HTTP/1.1" 200 5324
66.249.71.105 - - [22/Dec/2015:11:49:15 +0800] "GET /content/nav/relationSubject.jsp?relationWords=%E7%A6%AE%E9%83%A8%20%E9%84%89%E8%A9%A6%20&oid=2679037 HTTP/1.1" 200 5324
66.249.71.72 - - [22/Dec/2015:11:49:18 +0800] "GET /digiarch_en/content/nav/relationSubject.jsp?relationWords=%E6%8A%80%E8%A1%93%E4%BA%BA%E5%93%A1+%E6%A4%8D%E7%89%A9%E6%AA%A2%E7%96%AB+%E7%A8%8B%E7%A6%8F%E9%91%84+%E8%BE%B2%E7%94%A2%E5%93%81+&oid=1562226 HTTP/1.1" 200 4681
66.249.71.60 - - [22/Dec/2015:11:49:20 +0800] "GET /digiarch_en/content/nav/relationSubject.jsp?relationWords=%E6%8A%80%E8%A1%93%E4%BA%BA%E5%93%A1%20%E6%A4%8D%E7%89%A9%E6%AA%A2%E7%96%AB%20%E7%A8%8B%E7%A6%8F%E9%91%84%20%E8%BE%B2%E7%94%A2%E5%93%81%20&oid=1562226 HTTP/1.1" 200 4681
66.249.71.105 - - [22/Dec/2015:11:49:23 +0800] "GET /content/nav/relationSubject.jsp?relationWords=%E5%8F%B2%E5%89%8D%E6%96%87%E5%8C%96+&oid=1777748 HTTP/1.1" 200 3047
66.249.74.59 - - [22/Dec/2015:11:49:28 +0800] "GET /content/nav/relationSubject.jsp?relationWords=%E5%8F%B2%E5%89%8D%E6%96%87%E5%8C%96%20&oid=1777748 HTTP/1.1" 200 3047
66.249.74.102 - - [22/Dec/2015:11:49:43 +0800] "GET /content/repository/resource_content.jsp?oid=1531063 HTTP/1.1" 200 28689
66.249.71.72 - - [22/Dec/2015:11:50:11 +0800] "GET /content/subject/resource_content.jsp?oid=16777405 HTTP/1.1" 200 27208
218.161.13.208 - - [22/Dec/2015:11:50:13 +0800] "GET /content/nav/relationSubject.jsp?relationWords=&oid=16777591 HTTP/1.1" 200 1405
66.249.71.5 - - [22/Dec/2015:11:50:20 +0800] "GET /digiarch3/content/repository/resource_content.jsp?oid=1463148&queryString=%E6%A4%8D%E7%89%A9%E7%95%8C%20%E7%9B%B8%E6%80%9D%E6%A8%B9%20%E7%9B%B8%E6%80%9D%E6%A8%B9%E5%B1%AC%20%E8%A0%B6%E8%B1%86%20%E9%9B%99%E5%AD%90%E8%91%89%E6%A4%8D%E7%89%A9 HTTP/1.1" 200 31229
163.30.191.252 - - [22/Dec/2015:11:50:24 +0800] "GET /content/repository/resource_content.jsp?oid=1774348 HTTP/1.1" 200 26808
163.30.191.252 - - [22/Dec/2015:11:50:25 +0800] "GET /content/nav/relationSubject.jsp?relationWords=&oid=1774348 HTTP/1.1" 200 1405
157.55.39.167 - - [22/Dec/2015:11:51:31 +0800] "GET /content/repository/resource_content.jsp?oid=1457676 HTTP/1.1" 200 30457
66.249.77.91 - - [22/Dec/2015:11:51:35 +0800] "GET /content/subject/resource_content.jsp?oid=16777448&queryType=qc HTTP/1.1" 200 34545
163.17.233.51 - - [22/Dec/2015:11:51:36 +0800] "GET /content/nav/relationSubject.jsp?relationWords=%E9%9D%92%E5%89%9B+%E9%9D%92%E5%89%9B%E6%AB%9F+&oid=16777349 HTTP/1.1" 200 4048
66.249.71.164 - - [22/Dec/2015:11:51:53 +0800] "GET /content/nav/relationSubject.jsp?relationWords=%E5%8A%89%E4%BA%94+%E9%A0%86%E5%A4%A9+%E9%A0%86%E5%A4%A9%E5%BA%9C+&oid=2646471 HTTP/1.1" 200 3178
66.249.71.155 - - [22/Dec/2015:11:51:55 +0800] "GET /content/nav/relationSubject.jsp?relationWords=%E5%8A%89%E4%BA%94%20%E9%A0%86%E5%A4%A9%20%E9%A0%86%E5%A4%A9%E5%BA%9C%20&oid=2646471 HTTP/1.1" 200 3178
123.125.71.17 - - [22/Dec/2015:11:52:07 +0800] "GET /content/tmp_exh/resource_content.jsp?oid=16777763 HTTP/1.1" 200 31620
203.111.208.99 - - [22/Dec/2015:11:52:24 +0800] "GET /content/nav/relationSubject.jsp?relationWords=%E7%99%BD%E5%8D%83%E5%B1%A4+&oid=16777287 HTTP/1.1" 200 3852
66.249.71.23 - - [22/Dec/2015:11:52:35 +0800] "GET /digiarch3/content/nav/relationSubject.jsp?relationWords=%E6%A4%8D%E7%89%A9%E7%95%8C+%E7%9B%B8%E6%80%9D%E6%A8%B9+%E7%9B%B8%E6%80%9D%E6%A8%B9%E5%B1%AC+%E8%A0%B6%E8%B1%86+%E9%9B%99%E5%AD%90%E8%91%89%E6%A4%8D%E7%89%A9+&oid=1463148 HTTP/1.1" 200 4215
210.59.89.73 - - [22/Dec/2015:11:52:47 +0800] "GET /content/nav/relationSubject.jsp?relationWords=&oid=16777459 HTTP/1.1" 200 1405
66.249.71.121 - - [22/Dec/2015:11:52:57 +0800] "GET /content/nav/relationSubject.jsp?relationWords=%E7%A3%A8%E8%A3%BD%E7%9F%B3%E5%88%80+&oid=4411657 HTTP/1.1" 200 3021
66.249.71.105 - - [22/Dec/2015:11:53:02 +0800] "GET /content/nav/relationSubject.jsp?relationWords=%E7%A3%A8%E8%A3%BD%E7%9F%B3%E5%88%80%20&oid=4411657 HTTP/1.1" 200 3021
220.181.108.90 - - [22/Dec/2015:11:53:02 +0800] "GET /content/subject/resource_content.jsp?oid=16777766&queryType=qc HTTP/1.1" 200 50711
66.249.71.60 - - [22/Dec/2015:11:53:19 +0800] "GET /content/nav/relationSubject.jsp?relationWords=%E7%A6%AE%E9%83%A8+&oid=2678954 HTTP/1.1" 200 3060
66.249.74.98 - - [22/Dec/2015:11:53:21 +0800] "GET /content/nav/relationSubject.jsp?relationWords=%E7%A6%AE%E9%83%A8%20&oid=2678954 HTTP/1.1" 200 3060
101.226.167.232 - - [22/Dec/2015:11:53:27 +0800] "GET /digiarch3/content/pictures/picture_content.jsp?oid=33554730 HTTP/1.1" 200 27820
66.249.71.60 - - [22/Dec/2015:11:53:28 +0800] "GET /content/nav/relationSubject.jsp?relationWords=%E5%A4%96%E5%8C%AF+%E7%8E%8B%E4%B9%83%E6%96%87+%E7%99%BD%E9%9B%B2%E7%9F%B3+%E7%9C%81%E6%94%BF%E5%BA%9C+%E8%87%BA%E5%8C%97%E5%B8%82+%E8%8A%B1%E8%93%AE%E6%B8%AF+&oid=1524283 HTTP/1.1" 200 4692
66.249.74.98 - - [22/Dec/2015:11:53:29 +0800] "GET /content/nav/relationSubject.jsp?relationWords=%E5%A4%96%E5%8C%AF%20%E7%8E%8B%E4%B9%83%E6%96%87%20%E7%99%BD%E9%9B%B2%E7%9F%B3%20%E7%9C%81%E6%94%BF%E5%BA%9C%20%E8%87%BA%E5%8C%97%E5%B8%82%20%E8%8A%B1%E8%93%AE%E6%B8%AF%20&oid=1524283 HTTP/1.1" 200 4692
66.249.71.60 - - [22/Dec/2015:11:53:46 +0800] "GET /content/nav/relationSubject.jsp?relationWords=%E6%AF%9B%E8%95%A8%E5%B1%AC+%E7%B8%AE%E7%BE%BD%E6%AF%9B%E8%95%A8+%E8%96%84%E8%91%89%E6%A2%B3%E6%AF%9B%E8%95%A8+&oid=1456905 HTTP/1.1" 200 3267
66.249.77.91 - - [22/Dec/2015:11:54:29 +0800] "GET /content/nav/relationSubject.jsp?relationWords=%E5%A7%94%E5%A6%A5%E5%93%A1+&oid=556098 HTTP/1.1" 200 2947
66.249.77.85 - - [22/Dec/2015:11:54:32 +0800] "GET /content/nav/relationSubject.jsp?relationWords=%E5%A7%94%E5%A6%A5%E5%93%A1%20&oid=556098 HTTP/1.1" 200 2947
66.249.71.60 - - [22/Dec/2015:11:54:35 +0800] "GET /content/nav/relationSubject.jsp?relationWords=%E9%BB%83%E6%A7%90%20&oid=16777405 HTTP/1.1" 200 2928
66.249.71.60 - - [22/Dec/2015:11:54:37 +0800] "GET /content/nav/relationSubject.jsp?relationWords=%E5%9C%8B%E6%A0%A1+&oid=1574009 HTTP/1.1" 200 3389
66.249.71.60 - - [22/Dec/2015:11:54:39 +0800] "GET /content/nav/relationSubject.jsp?relationWords=%E5%9C%8B%E6%A0%A1%20&oid=1574009 HTTP/1.1" 200 3389
66.249.74.74 - - [22/Dec/2015:11:54:43 +0800] "GET /content/repository/resource_content.jsp?oid=4470378&queryType=qs&queryString=%E5%8C%97%E6%8A%95%E6%BA%AB%E6%B3%89 HTTP/1.1" 200 36504
157.55.39.110 - - [22/Dec/2015:11:55:33 +0800] "GET /content/subject/resource_content.jsp?oid=16777312&queryType=qc HTTP/1.1" 200 28136
66.249.71.64 - - [22/Dec/2015:11:55:33 +0800] "GET /content/repository/resource_content.jsp?oid=3355875 HTTP/1.1" 200 28823
66.249.71.72 - - [22/Dec/2015:11:55:58 +0800] "GET /content/subject/resource_content.jsp?oid=16797287&queryType=qc HTTP/1.1" 200 88698
66.249.71.60 - - [22/Dec/2015:11:57:03 +0800] "GET /content/nav/relationSubject.jsp?relationWords=%E7%B4%85%E5%B0%BE+%E7%B4%85%E5%B0%BE%E8%9D%B4%E8%9D%B6%E9%AD%9A+%E8%9D%B4%E8%9D%B6%E9%AD%9A+&oid=33554821 HTTP/1.1" 200 3527
66.249.71.60 - - [22/Dec/2015:11:57:10 +0800] "GET /content/nav/relationSubject.jsp?relationWords=%E7%B4%85%E5%B0%BE%20%E7%B4%85%E5%B0%BE%E8%9D%B4%E8%9D%B6%E9%AD%9A%20%E8%9D%B4%E8%9D%B6%E9%AD%9A%20&oid=33554821 HTTP/1.1" 200 3527
122.29.146.136 - - [22/Dec/2015:11:57:14 +0800] "GET /content/subject/resource_content.jsp?oid=16777576&queryString= HTTP/1.1" 200 29391
66.249.71.105 - - [22/Dec/2015:11:59:42 +0800] "GET /content/repository/resource_content.jsp?oid=2676943&queryType=qs&queryString=%E5%AE%A3%E5%BA%9C HTTP/1.1" 200 30578
66.249.71.105 - - [22/Dec/2015:12:00:06 +0800] "GET /content/nav/relationSubject.jsp?relationWords=%E7%8E%89%E5%B1%B1%E8%96%84%E9%9B%AA%E8%8D%89+&oid=16777721 HTTP/1.1" 200 3686
66.249.74.59 - - [22/Dec/2015:12:00:08 +0800] "GET /content/nav/relationSubject.jsp?relationWords=%E7%8E%89%E5%B1%B1%E8%96%84%E9%9B%AA%E8%8D%89%20&oid=16777721 HTTP/1.1" 200 3686
66.249.71.64 - - [22/Dec/2015:12:00:20 +0800] "GET /content/subject/resource_content.jsp?oid=16777721&queryString=%E6%A4%8D%E7%89%A9%E7%95%8C%20%E7%8E%89%E5%B1%B1%E8%96%84%E9%9B%AA%E8%8D%89%20%E8%8F%8A%E7%A7%91%20%E8%96%84%E9%9B%AA%E8%8D%89%E5%B1%AC%20%E9%9B%99%E5%AD%90%E8%91%89%E6%A4%8D%E7%89%A9 HTTP/1.1" 200 36236
66.249.79.24 - - [22/Dec/2015:12:00:57 +0800] "GET /content/repository/resource_content.jsp?oid=1888515&queryType=qs&queryString=%E5%B7%A5%E8%97%A4%E5%A5%BD%E7%BE%8E HTTP/1.1" 200 28983
66.249.71.64 - - [22/Dec/2015:12:01:12 +0800] "GET /content/nav/relationSubject.jsp?relationWords=%E4%B8%AB%E9%AB%BB%E9%AE%AB+%E7%B4%85%E8%82%89%E4%B8%AB%E9%AB%BB%E9%AE%AB+&oid=19305 HTTP/1.1" 200 3518
66.249.71.60 - - [22/Dec/2015:12:01:14 +0800] "GET /content/nav/relationSubject.jsp?relationWords=%E4%B8%AB%E9%AB%BB%E9%AE%AB%20%E7%B4%85%E8%82%89%E4%B8%AB%E9%AB%BB%E9%AE%AB%20&oid=19305 HTTP/1.1" 200 3518
66.249.71.105 - - [22/Dec/2015:12:01:36 +0800] "GET /content/repository/resource_content.jsp?oid=1594747&queryType=qs&queryString=%E6%80%A7%E7%8A%AF%E7%BD%AA HTTP/1.1" 200 28941
66.249.71.60 - - [22/Dec/2015:12:02:12 +0800] "GET /content/subject/resource_content.jsp?oid=16777606 HTTP/1.1" 200 51024
66.249.77.85 - - [22/Dec/2015:12:02:47 +0800] "GET /content/subject/resource_content.jsp?oid=16777468&queryType=qc HTTP/1.1" 200 33275
66.249.71.60 - - [22/Dec/2015:12:02:50 +0800] "GET /content/subject/resource_content.jsp?oid=16777783&queryString=%E7%81%8C%E5%9C%92%E5%85%88%E7%94%9F%20%E9%87%91%E6%B3%B0 HTTP/1.1" 200 58258
140.126.248.230 - - [22/Dec/2015:12:02:56 +0800] "GET /content/nav/relationSubject.jsp?relationWords=%E9%BB%91%E6%9D%BF%E6%A8%B9+&oid=16777262 HTTP/1.1" 200 3253
207.46.13.137 - - [22/Dec/2015:12:03:03 +0800] "GET /content/subject/resource_content.jsp?oid=16777749 HTTP/1.1" 200 41259
66.249.71.60 - - [22/Dec/2015:12:03:27 +0800] "GET /content/repository/resource_content.jsp?oid=2148848 HTTP/1.1" 200 31023
66.249.71.113 - - [22/Dec/2015:12:04:19 +0800] "GET /content/nav/relationSubject.jsp?relationWords=%E6%9F%94%E4%BD%9B%E9%99%B8%E6%A9%8B+&oid=4488084 HTTP/1.1" 200 2854
66.249.71.105 - - [22/Dec/2015:12:04:21 +0800] "GET /content/nav/relationSubject.jsp?relationWords=%E6%9F%94%E4%BD%9B%E9%99%B8%E6%A9%8B%20&oid=4488084 HTTP/1.1" 200 2854
66.249.71.121 - - [22/Dec/2015:12:04:42 +0800] "GET /content/repository/resource_content.jsp?oid=14835&queryType=qs&queryString=%E6%87%87%E4%B8%81 HTTP/1.1" 200 34459
66.249.71.113 - - [22/Dec/2015:12:05:05 +0800] "GET /content/nav/relationSubject.jsp?relationWords=%E5%A4%A7%E5%B0%88%E9%99%A2%E6%A0%A1%20%E5%B9%BC%E7%A8%9A%E5%9C%92%20%E6%9E%97%E4%BA%AE%E9%9B%B2%20%E7%8D%8E%E5%8A%A9%E9%87%91%20%E7%A7%81%E7%AB%8B%E5%AD%B8%E6%A0%A1%20%E8%B3%AA%E8%A9%A2%20%E9%A0%90%E7%AE%97%20&oid=1569926 HTTP/1.1" 200 5507
1.162.87.37 - - [22/Dec/2015:12:05:11 +0800] "GET /content/subject/resource_content.jsp?oid=16777459 HTTP/1.1" 200 40387
1.162.87.37 - - [22/Dec/2015:12:05:12 +0800] "GET /content/nav/relationSubject.jsp?relationWords=&oid=16777459 HTTP/1.1" 200 1405
66.249.71.60 - - [22/Dec/2015:12:05:20 +0800] "GET /content/repository/resource_content.jsp?oid=1546151&queryString=%E5%8D%91%E5%8D%97%E6%97%8F%20%E5%B1%B1%E8%83%9E HTTP/1.1" 200 29615
66.249.71.64 - - [22/Dec/2015:12:05:33 +0800] "GET /content/nav/relationSubject.jsp?relationWords=%E5%82%85%E6%B0%8F+%E5%82%85%E6%B0%8F%E5%94%90%E6%9D%BE%E8%8D%89+%E5%94%90%E6%9D%BE%E8%8D%89+%E5%94%90%E6%9D%BE%E8%8D%89%E5%B1%AC+%E6%9D%BE%E8%8D%89+%E6%A4%8D%E7%89%A9%E7%95%8C+%E6%AF%9B%E8%8C%9B+%E6%AF%9B%E8%8C%9B%E7%A7%91+&oid=1108616 HTTP/1.1" 200 3519
66.249.71.60 - - [22/Dec/2015:12:05:35 +0800] "GET /content/nav/relationSubject.jsp?relationWords=%E5%82%85%E6%B0%8F%20%E5%82%85%E6%B0%8F%E5%94%90%E6%9D%BE%E8%8D%89%20%E5%94%90%E6%9D%BE%E8%8D%89%20%E5%94%90%E6%9D%BE%E8%8D%89%E5%B1%AC%20%E6%9D%BE%E8%8D%89%20%E6%A4%8D%E7%89%A9%E7%95%8C%20%E6%AF%9B%E8%8C%9B%20%E6%AF%9B%E8%8C%9B%E7%A7%91%20&oid=1108616 HTTP/1.1" 200 3519
66.249.74.100 - - [22/Dec/2015:12:05:58 +0800] "GET /content/repository/resource_content.jsp?oid=1898906 HTTP/1.1" 200 30646
66.249.71.155 - - [22/Dec/2015:12:06:19 +0800] "GET /content/repository/resource_content.jsp?oid=1105280&queryType=qs&queryString=%E9%A6%AC%E8%B9%84%E8%8A%B1 HTTP/1.1" 200 31375
66.249.71.72 - - [22/Dec/2015:12:06:35 +0800] "GET /content/repository/resource_content.jsp?oid=1604440&queryString=%E5%B7%A5%E6%A5%AD%E5%8C%96%20%E7%B4%80%E5%BF%B5%E9%A4%A8 HTTP/1.1" 200 33259
66.249.71.72 - - [22/Dec/2015:12:06:54 +0800] "GET /content/nav/relationSubject.jsp?relationWords=%E6%9E%97%E5%9C%92%E9%84%89+&oid=1633771 HTTP/1.1" 200 5171
59.124.9.153 - - [22/Dec/2015:12:06:57 +0800] "GET /content/subject/resource_content.jsp?oid=16797240&queryType=qc HTTP/1.1" 200 42460
66.249.71.60 - - [22/Dec/2015:12:06:57 +0800] "GET /content/nav/relationSubject.jsp?relationWords=%E6%9E%97%E5%9C%92%E9%84%89%20&oid=1633771 HTTP/1.1" 200 5171
59.124.9.153 - - [22/Dec/2015:12:06:59 +0800] "GET /content/nav/relationSubject.jsp?relationWords=&oid=16797240 HTTP/1.1" 200 1405
210.240.38.106 - - [22/Dec/2015:12:07:03 +0800] "GET /content/repository/resource_content.jsp?oid=1124939&queryString=%E9%87%91%E5%A1%94%E7%8E%89%E9%BB%8D%E8%9E%BA HTTP/1.1" 200 32332
210.240.38.106 - - [22/Dec/2015:12:07:04 +0800] "GET /content/nav/relationSubject.jsp?relationWords=%E4%B8%AD%E8%85%B9+%E4%B8%AD%E8%85%B9%E8%B6%B3%E7%9B%AE+%E7%8E%89%E9%BB%8D%E8%9E%BA+%E7%8E%89%E9%BB%8D%E8%9E%BA%E7%A7%91+%E8%85%B9%E8%B6%B3%E7%B6%B1+%E9%87%91%E5%A1%94%E7%8E%89%E9%BB%8D%E8%9E%BA+&oid=1124939 HTTP/1.1" 200 3529
66.249.71.5 - - [22/Dec/2015:12:07:31 +0800] "GET /digiarch3/content/nav/relationSubject.jsp?relationWords=%E5%8D%B0%E5%BA%A6%E6%B5%B7%E7%B7%8B%E9%AF%89+%E6%B5%B7%E7%B7%8B%E9%AF%89+%E7%A7%8B%E5%A7%91+%E7%B7%8B%E9%AF%89+%E9%AC%9A%E5%93%A5+%E9%AC%9A%E9%AF%9B%E7%A7%91+%E9%AF%9B%E7%A7%91+&oid=4353138 HTTP/1.1" 200 3623
66.249.71.5 - - [22/Dec/2015:12:07:33 +0800] "GET /digiarch3/content/nav/relationSubject.jsp?relationWords=%E5%8D%B0%E5%BA%A6%E6%B5%B7%E7%B7%8B%E9%AF%89%20%E6%B5%B7%E7%B7%8B%E9%AF%89%20%E7%A7%8B%E5%A7%91%20%E7%B7%8B%E9%AF%89%20%E9%AC%9A%E5%93%A5%20%E9%AC%9A%E9%AF%9B%E7%A7%91%20%E9%AF%9B%E7%A7%91%20&oid=4353138 HTTP/1.1" 200 3623
68.180.228.24 - - [22/Dec/2015:12:07:41 +0800] "GET /digiarch_en/content/subject/resource_content.jsp?oid=16777413&queryType=qc HTTP/1.1" 200 28333
1.162.99.17 - - [22/Dec/2015:12:07:45 +0800] "GET /content/nav/relationSubject.jsp?relationWords=%E8%96%9C%E8%8D%94+&oid=16777485 HTTP/1.1" 200 3561
66.249.71.60 - - [22/Dec/2015:12:07:50 +0800] "GET /content/repository/resource_content.jsp?oid=1899177 HTTP/1.1" 200 30603
182.155.150.45 - - [22/Dec/2015:12:08:20 +0800] "GET /content/repository/resource_content.jsp?oid=1779923&queryType=qs&queryString=%E5%B0%BF%E9%85%B8%E5%80%BC HTTP/1.1" 200 41465
66.249.71.60 - - [22/Dec/2015:12:08:27 +0800] "GET /content/repository/resource_content.jsp?oid=18887&queryString=%E5%B7%9D%E7%B4%8B%E8%9D%B4%E8%9D%B6%E9%AD%9A HTTP/1.1" 200 29950
182.155.150.45 - - [22/Dec/2015:12:08:27 +0800] "GET /content/nav/relationSubject.jsp?relationWords=%E5%B0%BF%E9%85%B8+%E7%97%9B%E9%A2%A8+%E9%81%BA%E5%82%B3+%E9%85%B8%E8%A1%80%E7%97%87+%E9%AB%98%E5%B0%BF%E9%85%B8%E8%A1%80%E7%97%87+&oid=1779923 HTTP/1.1" 200 6137
66.249.71.5 - - [22/Dec/2015:12:08:28 +0800] "GET /digiarch3/content/nav/relationSubject.jsp?relationWords=%E7%9B%9B%E5%85%B7+%E7%B6%B2%E8%A2%8B+%E9%AD%AF%E5%87%B1+%E9%AD%AF%E5%87%B1%E6%97%8F+&oid=4364664 HTTP/1.1" 200 3164
66.249.71.5 - - [22/Dec/2015:12:08:30 +0800] "GET /digiarch3/content/nav/relationSubject.jsp?relationWords=%E7%9B%9B%E5%85%B7%20%E7%B6%B2%E8%A2%8B%20%E9%AD%AF%E5%87%B1%20%E9%AD%AF%E5%87%B1%E6%97%8F%20&oid=4364664 HTTP/1.1" 200 3164
66.249.71.14 - - [22/Dec/2015:12:09:05 +0800] "GET /digiarch3/content/repository/resource_content.jsp?oid=4364730&queryString=%E5%8D%91%E5%8D%97%E6%97%8F%20%E7%B6%81%E8%A4%B2 HTTP/1.1" 200 29324
66.249.71.23 - - [22/Dec/2015:12:09:09 +0800] "GET /digiarch3/content/nav/relationSubject.jsp?relationWords=%E4%B8%8A%E6%BC%B2%20%E5%85%AC%E9%96%8B%E6%8B%9B%E6%A8%99%20%E5%9C%B0%E4%B8%8B%E6%B0%B4%20%E5%B1%B1%E6%9E%97%E7%AE%A1%E7%90%86%E6%89%80%20%E6%92%B2%E6%BB%85%20%E6%9E%97%E7%94%A2%20%E6%B6%88%E9%98%B2%20%E7%9B%AE%E6%A8%99%20%E7%B3%A7%E9%A3%9F%E5%B1%80%20%E8%87%BA%E5%8D%97%E5%B8%82%E6%94%BF%E5%BA%9C%20%E8%87%BA%E7%B3%96%20%E8%AD%A6%E5%AF%9F%20%E8%B3%AA%E8%A9%A2%20%E8%BE%B2%E6%9E%97%20%E8%BE%B2%E6%9E%97%E5%BB%B3%20%E9%AB%98%E9%9B%84%E5%B8%82%20&oid=1551819 HTTP/1.1" 200 4710
66.249.71.60 - - [22/Dec/2015:12:09:10 +0800] "GET /content/nav/relationSubject.jsp?relationWords=%E5%A4%96%E5%8C%AF+%E7%8E%8B%E4%B9%83%E6%96%87+%E7%99%BD%E9%9B%B2%E7%9F%B3+%E7%9C%81%E6%94%BF%E5%BA%9C+%E8%87%BA%E5%8C%97%E5%B8%82+%E8%8A%B1%E8%93%AE%E6%B8%AF+%E9%9B%B2%E7%9F%B3+&oid=1524283 HTTP/1.1" 200 4727
66.249.71.60 - - [22/Dec/2015:12:09:12 +0800] "GET /content/nav/relationSubject.jsp?relationWords=%E5%A4%96%E5%8C%AF%20%E7%8E%8B%E4%B9%83%E6%96%87%20%E7%99%BD%E9%9B%B2%E7%9F%B3%20%E7%9C%81%E6%94%BF%E5%BA%9C%20%E8%87%BA%E5%8C%97%E5%B8%82%20%E8%8A%B1%E8%93%AE%E6%B8%AF%20%E9%9B%B2%E7%9F%B3%20&oid=1524283 HTTP/1.1" 200 4727
66.249.71.72 - - [22/Dec/2015:12:09:42 +0800] "GET /content/repository/resource_content.jsp?oid=3815491&queryString=%E8%8C%B6%E5%8C%99%E9%BB%83%20%E8%8F%AB%E8%8F%9C%E5%B1%AC HTTP/1.1" 200 31158
66.249.77.97 - - [22/Dec/2015:12:10:20 +0800] "GET /content/subject/resource_content.jsp?oid=16777509&queryType=qs&queryString=%E9%BB%A8%E5%85%A7%E5%88%9D%E9%81%B8 HTTP/1.1" 200 33432
66.249.71.64 - - [22/Dec/2015:12:10:57 +0800] "GET /content/repository/resource_content.jsp?oid=2152634&queryString=%E5%B1%B1%E5%9F%94%E5%A7%9C%20%E6%A4%8D%E7%89%A9%E7%95%8C%20%E7%99%BD%E6%B0%B4%E6%9C%A8%20%E7%99%BD%E6%B0%B4%E6%9C%A8%E5%B1%AC%20%E7%B4%AB%E8%8D%89%E7%A7%91 HTTP/1.1" 200 31598
66.249.71.23 - - [22/Dec/2015:12:11:35 +0800] "GET /digiarch3/content/repository/resource_content.jsp?oid=4357456&queryType=qs&queryString=%E5%B7%AB%E5%A5%B3 HTTP/1.1" 200 28283
66.249.71.5 - - [22/Dec/2015:12:11:42 +0800] "GET /digiarch3/content/repository/resource_content.jsp?oid=1888354&queryType=qs&queryString=%E8%87%BA%E4%B8%AD%E5%B7%9E HTTP/1.1" 200 33123
66.249.71.72 - - [22/Dec/2015:12:12:12 +0800] "GET /content/repository/resource_content.jsp?oid=2678645&queryType=qs&queryString=%E9%A9%8D%E9%A8%8E HTTP/1.1" 200 30424
66.249.71.14 - - [22/Dec/2015:12:12:16 +0800] "GET /digiarch3/content/nav/relationSubject.jsp?relationWords=%E8%87%BA%E4%B8%AD%E5%B7%9E%20&oid=1888354 HTTP/1.1" 200 3187
66.249.74.102 - - [22/Dec/2015:12:12:50 +0800] "GET /content/repository/resource_content.jsp?oid=1515672 HTTP/1.1" 200 28659
66.249.71.60 - - [22/Dec/2015:12:13:29 +0800] "GET /content/repository/resource_content.jsp?oid=1110706 HTTP/1.1" 200 30863
68.180.228.24 - - [22/Dec/2015:12:13:38 +0800] "GET /content/repository/resource_content.jsp?oid=523612&queryType=qc HTTP/1.1" 200 36029
66.249.71.64 - - [22/Dec/2015:12:14:05 +0800] "GET /content/repository/resource_content.jsp?oid=2150854 HTTP/1.1" 200 31041
66.249.74.98 - - [22/Dec/2015:12:14:43 +0800] "GET /content/repository/resource_content.jsp?oid=4352814&queryString=%E8%8A%B1%E8%B7%B3%20%E8%9D%A6%E8%99%8E%E7%A7%91%20%E9%9D%92%E5%BD%88%E5%A1%97%E9%AD%9A HTTP/1.1" 200 31305
66.249.71.64 - - [22/Dec/2015:12:15:35 +0800] "GET /content/nav/relationSubject.jsp?relationWords=%E4%BA%A4%E9%80%9A%E8%99%95+%E4%BD%8F%E9%83%BD%E5%B1%80+%E5%81%8F%E9%81%A0%E5%9C%B0%E5%8D%80+%E5%85%AC%E8%B7%AF%E5%B1%80+%E5%86%A4%E9%AD%82+%E5%9C%B0%E6%96%B9%E8%B2%A1%E6%94%BF+%E5%AE%A2%E9%81%8B+%E6%98%A5%E7%AF%80+%E6%AD%A6%E9%9B%84+%E6%B0%B4%E5%85%AC%E5%8F%B8+%E7%AE%A1%E7%B7%9A+%E7%B8%A3%E6%94%BF%E5%BA%9C+%E8%87%AA%E4%BE%86%E6%B0%B4+%E8%87%BA%E5%8D%97%E7%B8%A3+%E8%99%95%E9%95%B7+%E8%B3%AA%E8%A9%A2+%E9%83%BD%E5%B8%82%E8%A8%88%E7%95%AB+%E9%84%89%E9%81%93+%E9%90%B5%E8%B7%AF%E5%B1%80+%E9%A0%90%E9%98%B2+&oid=1599817 HTTP/1.1" 200 5349
66.249.71.60 - - [22/Dec/2015:12:15:37 +0800] "GET /content/nav/relationSubject.jsp?relationWords=%E4%BA%A4%E9%80%9A%E8%99%95%20%E4%BD%8F%E9%83%BD%E5%B1%80%20%E5%81%8F%E9%81%A0%E5%9C%B0%E5%8D%80%20%E5%85%AC%E8%B7%AF%E5%B1%80%20%E5%86%A4%E9%AD%82%20%E5%9C%B0%E6%96%B9%E8%B2%A1%E6%94%BF%20%E5%AE%A2%E9%81%8B%20%E6%98%A5%E7%AF%80%20%E6%AD%A6%E9%9B%84%20%E6%B0%B4%E5%85%AC%E5%8F%B8%20%E7%AE%A1%E7%B7%9A%20%E7%B8%A3%E6%94%BF%E5%BA%9C%20%E8%87%AA%E4%BE%86%E6%B0%B4%20%E8%87%BA%E5%8D%97%E7%B8%A3%20%E8%99%95%E9%95%B7%20%E8%B3%AA%E8%A9%A2%20%E9%83%BD%E5%B8%82%E8%A8%88%E7%95%AB%20%E9%84%89%E9%81%93%20%E9%90%B5%E8%B7%AF%E5%B1%80%20%E9%A0%90%E9%98%B2%20&oid=1599817 HTTP/1.1" 200 5349
66.249.77.91 - - [22/Dec/2015:12:15:57 +0800] "GET /content/subject/resource_content.jsp?oid=16777332&queryString=%E8%8C%84%E8%8B%B3 HTTP/1.1" 200 33558
66.249.71.72 - - [22/Dec/2015:12:16:32 +0800] "GET /content/nav/relationSubject.jsp?relationWords=%E5%94%87%E5%BD%A2%E7%A7%91+%E5%B0%8F%E8%8B%A6%E8%8D%89+%E6%A4%8D%E7%89%A9%E7%95%8C+%E8%8B%A6%E8%8D%89+%E8%94%93%E8%8B%A6%E8%8D%89+%E8%96%84%E8%8D%B7+%E8%A1%80%E8%A6%8B%E6%84%81+%E9%9B%99%E5%AD%90%E8%91%89+%E9%9B%99%E5%AD%90%E8%91%89%E6%A4%8D%E7%89%A9+%E9%A6%99%E7%A7%91%E7%A7%91+%E9%A6%99%E7%A7%91%E7%A7%91%E5%B1%AC+&oid=1112654 HTTP/1.1" 200 3714
66.249.71.60 - - [22/Dec/2015:12:16:35 +0800] "GET /content/nav/relationSubject.jsp?relationWords=%E5%94%87%E5%BD%A2%E7%A7%91%20%E5%B0%8F%E8%8B%A6%E8%8D%89%20%E6%A4%8D%E7%89%A9%E7%95%8C%20%E8%8B%A6%E8%8D%89%20%E8%94%93%E8%8B%A6%E8%8D%89%20%E8%96%84%E8%8D%B7%20%E8%A1%80%E8%A6%8B%E6%84%81%20%E9%9B%99%E5%AD%90%E8%91%89%20%E9%9B%99%E5%AD%90%E8%91%89%E6%A4%8D%E7%89%A9%20%E9%A6%99%E7%A7%91%E7%A7%91%20%E9%A6%99%E7%A7%91%E7%A7%91%E5%B1%AC%20&oid=1112654 HTTP/1.1" 200 3714
223.138.116.12 - - [22/Dec/2015:12:17:53 +0800] "GET /content/repository/resource_content.jsp?oid=1459349 HTTP/1.1" 200 31180
66.249.71.72 - - [22/Dec/2015:12:17:53 +0800] "GET /content/subject/resource_content.jsp?oid=16777468&queryType=qc HTTP/1.1" 200 33264
223.138.116.12 - - [22/Dec/2015:12:17:56 +0800] "GET /content/nav/relationSubject.jsp?relationWords=%E5%8F%B0%E7%81%A3%E9%87%8E%E8%96%94%E8%96%87+%E6%A4%8D%E7%89%A9%E7%95%8C+%E8%96%94%E8%96%87%E5%B1%AC+%E8%96%94%E8%96%87%E7%9B%AE+%E8%96%94%E8%96%87%E7%A7%91+%E9%87%8E%E8%96%94%E8%96%87+&oid=1459349 HTTP/1.1" 200 3560
66.249.71.113 - - [22/Dec/2015:12:19:12 +0800] "GET /content/nav/relationSubject.jsp?relationWords=%E5%B8%9D%E7%99%BB+%E6%96%87%E6%88%BF%E5%9B%9B%E5%AF%B6+%E7%A6%AE%E9%83%A8+&oid=2687828 HTTP/1.1" 200 3924
66.249.71.105 - - [22/Dec/2015:12:19:14 +0800] "GET /content/nav/relationSubject.jsp?relationWords=%E5%B8%9D%E7%99%BB%20%E6%96%87%E6%88%BF%E5%9B%9B%E5%AF%B6%20%E7%A6%AE%E9%83%A8%20&oid=2687828 HTTP/1.1" 200 3924
66.249.71.64 - - [22/Dec/2015:12:19:42 +0800] "GET /content/subject/resource_content.jsp?oid=16777692 HTTP/1.1" 200 36451
66.249.71.72 - - [22/Dec/2015:12:20:12 +0800] "GET /digiarch_en/content/nav/relationSubject.jsp?relationWords=%E5%8F%B0%E7%81%A3%E5%96%89%E9%AC%9A%E9%AE%AB+%E5%96%89%E9%AC%9A%E9%AE%AB+%E6%A9%99%E9%BB%83%E9%AF%8A+%E6%B2%99%E6%A2%9D+&oid=14065 HTTP/1.1" 200 3463
66.249.71.60 - - [22/Dec/2015:12:20:15 +0800] "GET /digiarch_en/content/nav/relationSubject.jsp?relationWords=%E5%8F%B0%E7%81%A3%E5%96%89%E9%AC%9A%E9%AE%AB%20%E5%96%89%E9%AC%9A%E9%AE%AB%20%E6%A9%99%E9%BB%83%E9%AF%8A%20%E6%B2%99%E6%A2%9D%20&oid=14065 HTTP/1.1" 200 3463
66.249.71.72 - - [22/Dec/2015:12:20:57 +0800] "GET /content/subject/resource_content.jsp?oid=16797293&queryType=qc HTTP/1.1" 200 46243
66.249.71.64 - - [22/Dec/2015:12:21:39 +0800] "GET /content/nav/relationSubject.jsp?relationWords=%E5%88%BA%E8%95%8A%E8%8D%89%20%E5%88%BA%E8%95%8A%E8%8D%89%E5%B1%AC%20%E5%8F%B0%E7%81%A3%E5%88%BA%E8%95%8A%E8%8D%89%20%E5%94%87%E5%BD%A2%E7%A7%91%20%E5%B0%96%E5%B0%BE%E9%B3%B3%20%E6%A4%8D%E7%89%A9%E7%95%8C%20%E7%AF%80%E7%AF%80%E7%B4%85%20%E8%96%84%E8%8D%B7%20%E9%9B%99%E5%AD%90%E8%91%89%20%E9%9B%99%E5%AD%90%E8%91%89%E6%A4%8D%E7%89%A9%20&oid=1097966 HTTP/1.1" 200 3717
66.249.77.97 - - [22/Dec/2015:12:22:29 +0800] "GET /content/repository/resource_content.jsp?oid=15874&queryString=%E5%9C%93%E6%93%AC%E9%B1%B8%20%E6%B2%99%E9%B1%B8%20%E6%B5%B7%E7%8B%97%E7%94%98%E4%BB%94%20%E8%88%89%E7%9B%AE%E9%AD%9A%20%E8%8A%B1%E7%8B%97%E6%AF%8D%E6%B5%B7%20%E9%9B%A8%E5%82%98%E9%96%82 HTTP/1.1" 200 34734
223.140.128.166 - - [22/Dec/2015:12:22:52 +0800] "GET /content/repository/resource_content.jsp?oid=1101110&queryString=%E6%A4%8D%E7%89%A9%E7%95%8C%20%E7%A9%97%E8%8A%B1%E8%9B%87%E8%8F%B0%20%E8%9B%87%E8%8F%B0%20%E8%9B%87%E8%8F%B0%E5%B1%AC HTTP/1.1" 200 31302
223.140.128.166 - - [22/Dec/2015:12:22:54 +0800] "GET /content/nav/relationSubject.jsp?relationWords=%E6%A4%8D%E7%89%A9%E7%95%8C+%E7%A9%97%E8%8A%B1%E8%9B%87%E8%8F%B0+%E8%9B%87%E8%8F%B0+%E8%9B%87%E8%8F%B0%E5%B1%AC+&oid=1101110 HTTP/1.1" 200 3312
66.249.71.60 - - [22/Dec/2015:12:23:14 +0800] "GET /content/nav/relationSubject.jsp?relationWords=%E6%9E%97%E7%8D%BB%E5%A0%82%20%E7%81%8C%E5%9C%92%20%E7%81%8C%E5%9C%92%E5%85%88%E7%94%9F%20&oid=16777640 HTTP/1.1" 200 4135
66.249.71.60 - - [22/Dec/2015:12:23:27 +0800] "GET /content/subject/resource_content.jsp?oid=16777732 HTTP/1.1" 200 31321
66.249.71.72 - - [22/Dec/2015:12:23:33 +0800] "GET /content/nav/relationSubject.jsp?relationWords=%E5%8E%9A%E5%94%87%E7%9F%B3%E9%B1%B8%20%E5%B0%8F%E4%B8%91%E7%9F%B3%E9%B1%B8%20%E6%89%93%E9%90%B5%E5%A9%86%20%E6%96%91%E8%83%A1%E6%A4%92%E9%AF%9B%20%E7%87%95%E5%AD%90%E8%8A%B1%E6%97%A6%20%E7%9F%B3%E9%B1%B8%20&oid=15365 HTTP/1.1" 200 3622
66.249.77.85 - - [22/Dec/2015:12:24:06 +0800] "GET /content/nav/relationSubject.jsp?relationWords=%E5%B7%A5%E5%AD%97%E5%BD%A2+%E5%B7%A5%E5%AD%97%E5%BD%A2%E7%AE%A1+%E8%BB%8A%E9%A6%AC%E5%99%A8+&oid=1849027 HTTP/1.1" 200 3117
66.249.77.85 - - [22/Dec/2015:12:24:08 +0800] "GET /content/nav/relationSubject.jsp?relationWords=%E5%B7%A5%E5%AD%97%E5%BD%A2%20%E5%B7%A5%E5%AD%97%E5%BD%A2%E7%AE%A1%20%E8%BB%8A%E9%A6%AC%E5%99%A8%20&oid=1849027 HTTP/1.1" 200 3117
66.249.71.64 - - [22/Dec/2015:12:24:35 +0800] "GET /content/repository/resource_content.jsp?oid=713645 HTTP/1.1" 200 28923
66.249.71.64 - - [22/Dec/2015:12:25:36 +0800] "GET /digiarch_en/content/nav/relationSubject.jsp?relationWords=&oid=16777375 HTTP/1.1" 200 1399
66.249.71.41 - - [22/Dec/2015:12:25:49 +0800] "GET /content/nav/relationSubject.jsp?relationWords=%E5%A4%AA%E5%B9%B3%E6%B4%8B%E6%88%B0%E7%88%AD+%E7%9A%87%E6%B0%91+%E7%9A%87%E6%B0%91%E5%A5%89%E5%85%AC%E6%9C%83+%E8%B0%B7%E5%B7%9D+%E8%BB%8D%E8%A8%93+%E9%95%B7%E8%B0%B7%E5%B7%9D+%E9%95%B7%E8%B0%B7%E5%B7%9D%E6%B8%85+&oid=16777787 HTTP/1.1" 200 5093
66.249.71.41 - - [22/Dec/2015:12:25:51 +0800] "GET /content/nav/relationSubject.jsp?relationWords=%E5%A4%AA%E5%B9%B3%E6%B4%8B%E6%88%B0%E7%88%AD%20%E7%9A%87%E6%B0%91%20%E7%9A%87%E6%B0%91%E5%A5%89%E5%85%AC%E6%9C%83%20%E8%B0%B7%E5%B7%9D%20%E8%BB%8D%E8%A8%93%20%E9%95%B7%E8%B0%B7%E5%B7%9D%20%E9%95%B7%E8%B0%B7%E5%B7%9D%E6%B8%85%20&oid=16777787 HTTP/1.1" 200 5093
66.249.71.14 - - [22/Dec/2015:12:25:57 +0800] "GET /digiarch3/content/subject/resource_content.jsp?oid=16777519&queryType=qc HTTP/1.1" 200 36026
66.249.71.60 - - [22/Dec/2015:12:27:12 +0800] "GET /content/subject/resource_content.jsp?oid=16777440&queryType=qs&queryString=%E6%B2%88%E8%91%86%E6%A5%A8 HTTP/1.1" 200 50057
66.249.77.97 - - [22/Dec/2015:12:27:50 +0800] "GET /content/repository/resource_content.jsp?oid=1592047&queryString=%E6%9E%9C%E5%AF%A6%E8%A0%85%20%E8%A7%A3%E5%89%96%E5%AD%B8 HTTP/1.1" 200 30128
66.249.71.60 - - [22/Dec/2015:12:28:27 +0800] "GET /content/repository/resource_content.jsp?oid=1870033 HTTP/1.1" 200 29449
66.249.77.97 - - [22/Dec/2015:12:29:05 +0800] "GET /content/subject/resource_content.jsp?oid=16797258&queryType=qc HTTP/1.1" 200 56110
66.249.71.72 - - [22/Dec/2015:12:30:17 +0800] "GET /content/nav/relationSubject.jsp?relationWords=%E5%A7%94%E5%BC%81+%E5%BC%81%E4%BA%8B+&oid=2678645 HTTP/1.1" 200 3110
66.249.71.72 - - [22/Dec/2015:12:30:20 +0800] "GET /content/repository/resource_content.jsp?oid=1631582 HTTP/1.1" 200 28675
66.249.71.60 - - [22/Dec/2015:12:30:22 +0800] "GET /content/nav/relationSubject.jsp?relationWords=%E5%A7%94%E5%BC%81%20%E5%BC%81%E4%BA%8B%20&oid=2678645 HTTP/1.1" 200 3110
66.249.71.72 - - [22/Dec/2015:12:30:57 +0800] "GET /content/tmp_exh/resource_content.jsp?oid=16777849&queryString= HTTP/1.1" 200 32528
66.249.71.72 - - [22/Dec/2015:12:31:48 +0800] "GET /content/nav/relationSubject.jsp?relationWords=%E6%A0%A1%E6%AC%91+%E6%A0%B2%E5%B1%AC+%E6%A4%8D%E7%89%A9%E7%95%8C+%E6%AE%BC%E6%96%97%E7%A7%91+%E7%99%BD%E6%A0%A1%E6%AC%91+%E9%8B%B8%E8%91%89%E9%95%B7%E5%B0%BE%E6%A0%B2+%E9%95%B7%E5%B0%BE%E6%A0%B2+&oid=2152692 HTTP/1.1" 200 3626
66.249.71.60 - - [22/Dec/2015:12:31:54 +0800] "GET /content/nav/relationSubject.jsp?relationWords=%E6%A0%A1%E6%AC%91%20%E6%A0%B2%E5%B1%AC%20%E6%A4%8D%E7%89%A9%E7%95%8C%20%E6%AE%BC%E6%96%97%E7%A7%91%20%E7%99%BD%E6%A0%A1%E6%AC%91%20%E9%8B%B8%E8%91%89%E9%95%B7%E5%B0%BE%E6%A0%B2%20%E9%95%B7%E5%B0%BE%E6%A0%B2%20&oid=2152692 HTTP/1.1" 200 3626
210.240.38.24 - - [22/Dec/2015:12:32:05 +0800] "GET /content/nav/relationSubject.jsp?relationWords=%E6%BE%A4%E8%98%AD+%E8%8A%B1%E8%94%93+%E8%94%93%E6%BE%A4+%E8%94%93%E6%BE%A4%E8%98%AD+&oid=16777266 HTTP/1.1" 200 4343
66.249.71.113 - - [22/Dec/2015:12:32:13 +0800] "GET /content/repository/resource_content.jsp?oid=2614878&queryType=qs&queryString=%E6%96%87%E9%8F%A1 HTTP/1.1" 200 29450
66.249.74.98 - - [22/Dec/2015:12:32:50 +0800] "GET /content/repository/resource_content.jsp?oid=1590338 HTTP/1.1" 200 32038
60.251.45.151 - - [22/Dec/2015:12:33:12 +0800] "GET /content/subject/resource_content.jsp?oid=16777256&queryType=qs&queryString=%E8%BF%91%E4%BB%A3%E5%8F%B2%E7%A0%94%E7%A9%B6%E6%89%80 HTTP/1.1" 200 37358
66.249.77.91 - - [22/Dec/2015:12:33:13 +0800] "GET /content/subject/resource_content.jsp?oid=16777731&queryType=qs&queryString=%E5%BB%A3%E5%91%8A%E7%9C%8B%E6%9D%BF HTTP/1.1" 200 43368
60.251.45.151 - - [22/Dec/2015:12:33:13 +0800] "GET /content/nav/relationSubject.jsp?relationWords=%E5%9C%8B%E9%9A%9B%E9%87%91%E8%9E%8D+%E9%87%91%E8%9E%8D+&oid=16777256 HTTP/1.1" 200 4531
123.125.71.84 - - [22/Dec/2015:12:33:20 +0800] "GET /digiarch_en/content/pictures/picture_content.jsp?oid=33554783&queryType=qc HTTP/1.1" 200 22230
123.125.71.12 - - [22/Dec/2015:12:33:24 +0800] "GET /content/subject/resource_content.jsp?oid=16777508&queryType=qc HTTP/1.1" 200 36283
66.249.71.60 - - [22/Dec/2015:12:33:27 +0800] "GET /content/subject/resource_content.jsp?oid=16777334 HTTP/1.1" 200 27779
36.226.46.236 - - [22/Dec/2015:12:33:39 +0800] "GET /content/nav/relationSubject.jsp?relationWords=%E5%B1%B1%E8%8A%99%E8%93%89+%E6%9C%A8%E8%8A%99%E8%93%89+%E8%96%9B%E6%BF%A4+%E9%86%89%E8%8A%99%E8%93%89+&oid=16777260 HTTP/1.1" 200 4595
123.125.71.78 - - [22/Dec/2015:12:34:02 +0800] "GET /content/subject/resource_content.jsp?oid=16777270&queryType=qc HTTP/1.1" 200 33838
66.249.77.91 - - [22/Dec/2015:12:34:05 +0800] "GET /content/repository/resource_content.jsp?oid=1555254&queryType=qs&queryString=%E8%BA%AB%E5%88%86%E8%AD%89 HTTP/1.1" 200 30507
66.249.77.85 - - [22/Dec/2015:12:34:13 +0800] "GET /content/nav/relationSubject.jsp?relationWords=%E5%93%81%E8%B3%AA%20%E5%B0%B1%E6%A5%AD%E6%A9%9F%E6%9C%83%20%E6%9E%9C%E5%AF%A6%E8%A0%85%20%E6%9F%91%E6%A9%98%20%E7%9D%A3%E5%AF%9F%20%E7%BE%8E%E5%AE%B9%20%E8%B2%B8%E6%AC%BE%20%E8%BE%B2%E6%B0%91%E7%94%9F%E6%B4%BB%20&oid=1592047 HTTP/1.1" 200 5552
123.125.71.74 - - [22/Dec/2015:12:34:13 +0800] "GET /content/tmp_tec/resource_content.jsp?oid=16777753 HTTP/1.1" 200 33902
66.249.77.85 - - [22/Dec/2015:12:34:22 +0800] "GET /content/nav/relationSubject.jsp?relationWords=%E5%A4%9A%E5%AA%92%E9%AB%94%20%E5%AA%92%E9%AB%94%20%E6%95%B8%E4%BD%8D%E5%85%B8%E8%97%8F%20%E6%AA%94%E6%A1%88%E7%AE%A1%E7%90%86%20&oid=16777411 HTTP/1.1" 200 8307
220.130.170.43 - - [22/Dec/2015:12:34:25 +0800] "GET /content/subject/resource_content.jsp?oid=16777793&queryType=qc HTTP/1.1" 200 42692
220.130.170.43 - - [22/Dec/2015:12:34:29 +0800] "GET /content/nav/relationSubject.jsp?relationWords=%E5%B0%8B%E5%AF%B6+%E6%95%B8%E4%BD%8D%E5%85%B8%E8%97%8F+%E6%A3%92%E7%90%83+%E9%9B%BB%E5%AD%90%E6%9B%B8+&oid=16777793 HTTP/1.1" 200 11470
66.249.71.72 - - [22/Dec/2015:12:34:43 +0800] "GET /content/subject/resource_content.jsp?oid=16777373&queryString=%E6%95%B8%E4%BD%8D%E5%85%B8%E8%97%8F%20%E7%A0%94%E8%A8%8E%E6%9C%83 HTTP/1.1" 200 27600
140.120.12.137 - - [22/Dec/2015:12:34:59 +0800] "GET /content/repository/resource_content.jsp?oid=2150243&queryString=%E6%A1%83%E9%87%91%E5%AD%83%20%E6%A4%8D%E7%89%A9%E7%95%8C%20%E8%82%89%E7%A9%97%E9%87%8E%E7%89%A1%E4%B8%B9%20%E8%82%89%E7%A9%97%E9%87%8E%E7%89%A1%E4%B8%B9%E5%B1%AC%20%E9%87%8E%E7%89%A1%E4%B8%B9%E7%A7%91 HTTP/1.1" 200 31672
140.120.12.137 - - [22/Dec/2015:12:34:59 +0800] "GET /content/nav/relationSubject.jsp?relationWords=%E6%A1%83%E9%87%91%E5%AD%83+%E6%A4%8D%E7%89%A9%E7%95%8C+%E7%89%A1%E4%B8%B9%E5%B1%AC+%E8%82%89%E7%A9%97%E9%87%8E%E7%89%A1%E4%B8%B9+%E8%82%89%E7%A9%97%E9%87%8E%E7%89%A1%E4%B8%B9%E5%B1%AC+%E9%87%8E%E7%89%A1%E4%B8%B9+%E9%87%8E%E7%89%A1%E4%B8%B9%E5%B1%AC+%E9%87%8E%E7%89%A1%E4%B8%B9%E7%A7%91+&oid=2150243 HTTP/1.1" 200 3698
123.125.71.70 - - [22/Dec/2015:12:35:11 +0800] "GET /content/subject/resource_content.jsp?oid=16777412 HTTP/1.1" 200 33929
66.249.71.64 - - [22/Dec/2015:12:35:17 +0800] "GET /content/nav/relationSubject.jsp?relationWords=%E5%8D%9C%E7%88%BE+%E5%8D%9C%E7%88%BE%E7%86%99+&oid=603563 HTTP/1.1" 200 3253
66.249.71.60 - - [22/Dec/2015:12:35:20 +0800] "GET /content/repository/resource_content.jsp?oid=634900&queryString=%E4%BA%BA%E5%90%8D%E6%AC%8A%E5%A8%81%20%E9%A1%8F%E6%83%A0%E6%85%B6%20%E9%BD%8A%E7%87%AE%E5%85%83 HTTP/1.1" 200 28313
66.249.71.72 - - [22/Dec/2015:12:35:21 +0800] "GET /content/subject/resource_content.jsp?oid=16777293&queryType=qc HTTP/1.1" 200 32195
66.249.74.98 - - [22/Dec/2015:12:35:21 +0800] "GET /content/nav/relationSubject.jsp?relationWords=%E5%8D%9C%E7%88%BE%20%E5%8D%9C%E7%88%BE%E7%86%99%20&oid=603563 HTTP/1.1" 200 3253
66.249.71.14 - - [22/Dec/2015:12:36:20 +0800] "GET /digiarch3/content/repository/resource_content.jsp?oid=4353047&queryType=qs&queryString=%E9%A3%9F%E7%89%A9%E4%B8%AD%E6%AF%92 HTTP/1.1" 200 34572
123.125.71.60 - - [22/Dec/2015:12:36:25 +0800] "GET /content/subject/resource_content.jsp?oid=16777462&queryType=qc HTTP/1.1" 200 55355
123.125.71.42 - - [22/Dec/2015:12:36:33 +0800] "GET /content/tmp_auth/resource_content.jsp?oid=16777459 HTTP/1.1" 200 36343
66.249.71.72 - - [22/Dec/2015:12:36:35 +0800] "GET /content/repository/resource_content.jsp?oid=1573884 HTTP/1.1" 200 28473
66.249.71.72 - - [22/Dec/2015:12:36:40 +0800] "GET /content/nav/relationSubject.jsp?relationWords=&oid=2512644 HTTP/1.1" 200 1405
123.125.71.89 - - [22/Dec/2015:12:36:56 +0800] "GET /digiarch_en/content/subject/resource_content.jsp?oid=16777484&queryType=qc HTTP/1.1" 200 67106
66.249.71.60 - - [22/Dec/2015:12:37:12 +0800] "GET /content/repository/resource_content.jsp?oid=1564446 HTTP/1.1" 200 28608
123.125.71.42 - - [22/Dec/2015:12:37:26 +0800] "GET /content/subject/resource_content.jsp?oid=16777472&queryType=qc HTTP/1.1" 200 65078
68.180.228.24 - - [22/Dec/2015:12:37:42 +0800] "GET /content/subject/resource_content.jsp?oid=16797287&queryType=qc HTTP/1.1" 200 88698
66.249.71.64 - - [22/Dec/2015:12:37:48 +0800] "GET /content/nav/relationSubject.jsp?relationWords=%E7%99%BC%E9%9B%BB%E5%BB%A0+%E7%B6%A0%E5%B3%B6%E9%84%89+&oid=1576201 HTTP/1.1" 200 4825
66.249.71.60 - - [22/Dec/2015:12:37:52 +0800] "GET /content/nav/relationSubject.jsp?relationWords=%E7%99%BC%E9%9B%BB%E5%BB%A0%20%E7%B6%A0%E5%B3%B6%E9%84%89%20&oid=1576201 HTTP/1.1" 200 4825
66.249.74.98 - - [22/Dec/2015:12:37:57 +0800] "GET /content/repository/resource_content.jsp?oid=1557382 HTTP/1.1" 200 29159
66.249.77.85 - - [22/Dec/2015:12:38:26 +0800] "GET /content/nav/relationSubject.jsp?relationWords=%E4%BA%A4%E6%B6%89%E5%93%A1+%E4%BA%BA%E5%90%8D%E6%AC%8A%E5%A8%81+%E5%A4%96%E4%BA%A4%E9%83%A8+%E5%B0%BC%E7%88%BE+%E9%BB%83%E6%A6%AE+&oid=731362 HTTP/1.1" 200 3809
66.249.71.60 - - [22/Dec/2015:12:38:32 +0800] "GET /content/repository/resource_content.jsp?oid=1112592 HTTP/1.1" 200 29846
66.249.71.64 - - [22/Dec/2015:12:38:35 +0800] "GET /content/repository/resource_content.jsp?oid=18098 HTTP/1.1" 200 29731
66.249.71.60 - - [22/Dec/2015:12:39:05 +0800] "GET /digiarch_en/content/repository/resource_content.jsp?oid=4548013&queryString=%E5%BD%88%E9%A0%AD%E8%9E%BA%20%E6%9E%95%E9%A0%AD%E8%9E%BA%20%E6%A6%A7%E8%9E%BA%20%E6%A6%A7%E8%9E%BA%E5%B1%AC%20%E6%A9%99%E5%8F%A3%E6%A6%A7%E8%9E%BA%20%E7%B4%85%E5%8F%A3%E6%A6%A7%E8%9E%BA%20%E8%85%B9%E8%B6%B3%E7%B6%B1%20%E9%8E%96%E5%8C%99%E8%9E%BA HTTP/1.1" 200 23914
123.125.71.79 - - [22/Dec/2015:12:39:09 +0800] "GET /content/subject/resource_content.jsp?oid=16777462&queryType=qc HTTP/1.1" 200 55333
66.249.71.60 - - [22/Dec/2015:12:39:42 +0800] "GET /content/repository/resource_content.jsp?oid=1566383 HTTP/1.1" 200 28754
66.249.71.72 - - [22/Dec/2015:12:39:44 +0800] "GET /content/nav/relationSubject.jsp?relationWords=%E8%B2%9D%E5%A1%9A+&oid=1834686 HTTP/1.1" 200 5255
66.249.71.60 - - [22/Dec/2015:12:39:59 +0800] "GET /content/nav/relationSubject.jsp?relationWords=%E6%B0%A3%E8%B1%A1%E4%B8%AD%E5%BF%83+%E6%BA%96%E5%82%99%E5%B7%A5%E4%BD%9C+%E9%98%B2%E9%A2%B1+%E9%9B%B7%E9%81%94+&oid=1585403 HTTP/1.1" 200 10457
66.249.71.60 - - [22/Dec/2015:12:40:01 +0800] "GET /content/nav/relationSubject.jsp?relationWords=%E6%B0%A3%E8%B1%A1%E4%B8%AD%E5%BF%83%20%E6%BA%96%E5%82%99%E5%B7%A5%E4%BD%9C%20%E9%98%B2%E9%A2%B1%20%E9%9B%B7%E9%81%94%20&oid=1585403 HTTP/1.1" 200 10457
66.249.77.97 - - [22/Dec/2015:12:40:05 +0800] "GET /content/nav/relationSubject.jsp?relationWords=%E5%B7%A6%E9%8C%90%E8%9E%BA+%E5%B7%A6%E9%8C%90%E8%9E%BA%E7%A7%91+%E8%85%B9%E8%B6%B3%E7%B6%B1+%E9%8C%90%E8%9E%BA+&oid=523424 HTTP/1.1" 200 3425
66.249.77.85 - - [22/Dec/2015:12:40:07 +0800] "GET /content/nav/relationSubject.jsp?relationWords=%E5%B7%A6%E9%8C%90%E8%9E%BA%20%E5%B7%A6%E9%8C%90%E8%9E%BA%E7%A7%91%20%E8%85%B9%E8%B6%B3%E7%B6%B1%20%E9%8C%90%E8%9E%BA%20&oid=523424 HTTP/1.1" 200 3425
66.249.71.113 - - [22/Dec/2015:12:40:20 +0800] "GET /content/repository/resource_content.jsp?oid=1851794&queryType=qs&queryString=%E9%AA%A8%E7%AD%92 HTTP/1.1" 200 30477
123.125.71.89 - - [22/Dec/2015:12:40:43 +0800] "GET /content/subject/resource_content.jsp?oid=16777377&queryString= HTTP/1.1" 200 52303
66.249.71.72 - - [22/Dec/2015:12:40:51 +0800] "GET /content/nav/relationSubject.jsp?relationWords=%E5%BB%A9%E9%8A%80+%E6%92%AB%E6%A8%99+%E9%8A%80%E6%95%B8+&oid=2547324 HTTP/1.1" 200 4042
66.249.71.60 - - [22/Dec/2015:12:40:53 +0800] "GET /content/nav/relationSubject.jsp?relationWords=%E5%BB%A9%E9%8A%80%20%E6%92%AB%E6%A8%99%20%E9%8A%80%E6%95%B8%20&oid=2547324 HTTP/1.1" 200 4042
66.249.71.72 - - [22/Dec/2015:12:40:57 +0800] "GET /content/repository/resource_content.jsp?oid=2149137 HTTP/1.1" 200 30920
66.249.71.72 - - [22/Dec/2015:12:41:13 +0800] "GET /content/repository/resource_content.jsp?oid=3357326 HTTP/1.1" 200 28303
66.249.71.72 - - [22/Dec/2015:12:41:35 +0800] "GET /content/repository/resource_content.jsp?oid=205436 HTTP/1.1" 200 30385
66.249.71.60 - - [22/Dec/2015:12:42:35 +0800] "GET /content/nav/relationSubject.jsp?relationWords=%E4%BA%BA%E5%90%8D%E6%AC%8A%E5%A8%81+%E5%A4%A7%E6%B2%BD+%E5%A4%A7%E6%B2%BD%E4%BA%8B%E4%BB%B6+%E9%8D%BE%E9%BA%9F+%E9%B9%BF%E9%8D%BE%E9%BA%9F+&oid=713645 HTTP/1.1" 200 3317
66.249.74.98 - - [22/Dec/2015:12:42:39 +0800] "GET /content/nav/relationSubject.jsp?relationWords=%E4%BA%BA%E5%90%8D%E6%AC%8A%E5%A8%81%20%E5%A4%A7%E6%B2%BD%20%E5%A4%A7%E6%B2%BD%E4%BA%8B%E4%BB%B6%20%E9%8D%BE%E9%BA%9F%20%E9%B9%BF%E9%8D%BE%E9%BA%9F%20&oid=713645 HTTP/1.1" 200 3317
66.249.71.72 - - [22/Dec/2015:12:42:50 +0800] "GET /content/repository/resource_content.jsp?oid=2540904 HTTP/1.1" 200 28723
66.249.71.60 - - [22/Dec/2015:12:43:27 +0800] "GET /content/repository/resource_content.jsp?oid=1891849 HTTP/1.1" 200 28450
66.249.71.72 - - [22/Dec/2015:12:43:58 +0800] "GET /content/repository/resource_content.jsp?oid=1526126&queryString=%E5%AE%89%E4%BA%A1%E4%BA%BA%20%E7%9B%9C%E5%A2%93 HTTP/1.1" 200 29188
66.249.77.97 - - [22/Dec/2015:12:44:05 +0800] "GET /content/repository/resource_content.jsp?oid=4364065&queryType=qs&queryString=%E5%8A%8D%E6%9F%84 HTTP/1.1" 200 28939
66.249.71.72 - - [22/Dec/2015:12:44:33 +0800] "GET /content/subject/resource_content.jsp?oid=16777302&queryType=qc HTTP/1.1" 200 33444
66.249.71.60 - - [22/Dec/2015:12:44:34 +0800] "GET /content/subject/resource_content.jsp?oid=16777710&queryType=qc HTTP/1.1" 200 27808
66.249.71.60 - - [22/Dec/2015:12:44:35 +0800] "GET /content/subject/resource_content.jsp?oid=16797256&queryType=qc HTTP/1.1" 200 45358
66.249.71.60 - - [22/Dec/2015:12:44:37 +0800] "GET /content/subject/resource_content.jsp?oid=16777264&queryType=qc HTTP/1.1" 200 37693
66.249.71.60 - - [22/Dec/2015:12:44:38 +0800] "GET /content/subject/resource_content.jsp?oid=16777437&queryType=qc HTTP/1.1" 200 28766
66.249.71.60 - - [22/Dec/2015:12:44:39 +0800] "GET /content/subject/resource_content.jsp?oid=16777803&queryType=qc HTTP/1.1" 200 33497
123.125.71.17 - - [22/Dec/2015:12:45:12 +0800] "GET /content/subject/resource_content.jsp?oid=16777410&queryString HTTP/1.1" 200 27315
66.249.71.164 - - [22/Dec/2015:12:45:20 +0800] "GET /content/subject/resource_content.jsp?oid=16777485&queryType=qc HTTP/1.1" 200 39416
