66.249.71.60 - - [26/Nov/2015:03:07:55 +0800] "GET /content/repository/resource_content.jsp?oid=1845671 HTTP/1.1" 200 29967
66.249.71.60 - - [26/Nov/2015:03:08:03 +0800] "GET /content/nav/relationSubject.jsp?relationWords=%E6%99%AE%E5%88%BA%E7%89%B9%E8%8D%89+%E6%99%AE%E5%89%8C%E7%89%B9%E8%8D%89%E5%B1%AC+%E6%A1%94%E6%A2%97+%E6%A1%94%E6%A2%97%E7%A7%91+%E6%A4%8D%E7%89%A9%E7%95%8C+&oid=1100490 HTTP/1.1" 200 3432
66.249.71.60 - - [26/Nov/2015:03:08:06 +0800] "GET /content/nav/relationSubject.jsp?relationWords=%E6%99%AE%E5%88%BA%E7%89%B9%E8%8D%89%20%E6%99%AE%E5%89%8C%E7%89%B9%E8%8D%89%E5%B1%AC%20%E6%A1%94%E6%A2%97%20%E6%A1%94%E6%A2%97%E7%A7%91%20%E6%A4%8D%E7%89%A9%E7%95%8C%20&oid=1100490 HTTP/1.1" 200 3432
66.249.71.72 - - [26/Nov/2015:03:08:53 +0800] "GET /content/repository/resource_content.jsp?oid=1616589 HTTP/1.1" 200 28938
207.46.13.121 - - [26/Nov/2015:03:09:36 +0800] "GET /content/nav/relationSubject.jsp?relationWords=%E9%9D%92%E6%A5%93+&oid=16777274 HTTP/1.1" 200 4083
66.249.71.72 - - [26/Nov/2015:03:10:42 +0800] "GET /content/repository/resource_content.jsp?oid=1632695 HTTP/1.1" 200 28810
66.249.74.98 - - [26/Nov/2015:03:10:53 +0800] "GET /content/repository/resource_content.jsp?oid=1622155 HTTP/1.1" 200 29007
66.249.71.60 - - [26/Nov/2015:03:11:04 +0800] "GET /content/nav/relationSubject.jsp?relationWords=%E5%9C%B0%E5%BD%A2%E5%9C%96+&oid=179250 HTTP/1.1" 200 3046
66.249.71.60 - - [26/Nov/2015:03:11:19 +0800] "GET /content/repository/resource_content.jsp?oid=2148989 HTTP/1.1" 200 31000
66.249.71.72 - - [26/Nov/2015:03:11:26 +0800] "GET /content/nav/relationSubject.jsp?relationWords=%E5%9C%B0%E5%BD%A2%E5%9C%96%20&oid=179250 HTTP/1.1" 200 3046
66.249.71.60 - - [26/Nov/2015:03:11:51 +0800] "GET /content/repository/resource_content.jsp?oid=2530774 HTTP/1.1" 200 29911
66.249.71.60 - - [26/Nov/2015:03:12:06 +0800] "GET /content/nav/relationSubject.jsp?relationWords=%E5%BA%9C%E5%BB%BA%E6%B0%B4+%E6%8D%B7%E9%81%8B+%E6%B0%B4%E5%AD%97+%E7%9C%81%E6%94%BF%E5%BA%9C+%E9%81%93%E8%B7%AF%E5%B7%A5%E7%A8%8B+&oid=1631250 HTTP/1.1" 200 4332
66.249.71.60 - - [26/Nov/2015:03:12:12 +0800] "GET /content/nav/relationSubject.jsp?relationWords=%E5%BA%9C%E5%BB%BA%E6%B0%B4%20%E6%8D%B7%E9%81%8B%20%E6%B0%B4%E5%AD%97%20%E7%9C%81%E6%94%BF%E5%BA%9C%20%E9%81%93%E8%B7%AF%E5%B7%A5%E7%A8%8B%20&oid=1631250 HTTP/1.1" 200 4332
66.249.71.72 - - [26/Nov/2015:03:12:50 +0800] "GET /content/repository/resource_content.jsp?oid=1573724 HTTP/1.1" 200 28649
66.249.71.60 - - [26/Nov/2015:03:12:54 +0800] "GET /content/nav/relationSubject.jsp?relationWords=%E4%BA%A4%E9%80%9A%E5%AE%89%E5%85%A8+%E5%AE%89%E5%85%A8%E6%A1%88+%E8%87%BA%E7%81%A3%E7%9C%81%E8%AD%A6%E5%8B%99%E8%99%95+&oid=1586596 HTTP/1.1" 200 5943
66.249.71.60 - - [26/Nov/2015:03:12:58 +0800] "GET /content/nav/relationSubject.jsp?relationWords=%E4%BA%A4%E9%80%9A%E5%AE%89%E5%85%A8%20%E5%AE%89%E5%85%A8%E6%A1%88%20%E8%87%BA%E7%81%A3%E7%9C%81%E8%AD%A6%E5%8B%99%E8%99%95%20&oid=1586596 HTTP/1.1" 200 5943
66.249.71.60 - - [26/Nov/2015:03:13:06 +0800] "GET /content/nav/relationSubject.jsp?relationWords=%E6%A4%86%E5%B1%AC%20%E6%A4%8D%E7%89%A9%E7%95%8C%20%E6%AE%BC%E6%96%97%E7%A7%91%20%E8%B5%A4%E7%9A%AE%20%E8%B5%A4%E7%9A%AE%E6%A4%86%20&oid=2148989 HTTP/1.1" 200 3312
66.249.71.64 - - [26/Nov/2015:03:13:19 +0800] "GET /content/nav/relationSubject.jsp?relationWords=%E7%94%9F%E5%93%A1+%E7%A6%AE%E9%83%A8+&oid=2690007 HTTP/1.1" 200 3130
66.249.74.98 - - [26/Nov/2015:03:13:22 +0800] "GET /content/nav/relationSubject.jsp?relationWords=%E7%94%9F%E5%93%A1%20%E7%A6%AE%E9%83%A8%20&oid=2690007 HTTP/1.1" 200 3130
66.249.71.64 - - [26/Nov/2015:03:13:49 +0800] "GET /content/repository/resource_content.jsp?oid=1099508 HTTP/1.1" 200 30989
68.180.228.24 - - [26/Nov/2015:03:14:17 +0800] "GET /content/pictures/picture_content.jsp?oid=33554731 HTTP/1.1" 200 27754
66.249.71.72 - - [26/Nov/2015:03:14:49 +0800] "GET /content/repository/resource_content.jsp?oid=1834593 HTTP/1.1" 200 29590
66.249.71.72 - - [26/Nov/2015:03:15:48 +0800] "GET /content/repository/resource_content.jsp?oid=831770 HTTP/1.1" 200 27925
123.125.68.147 - - [26/Nov/2015:03:16:27 +0800] "GET /content/subject/resource_content.jsp?oid=16777361&queryType=qc HTTP/1.1" 200 31882
66.249.71.60 - - [26/Nov/2015:03:16:47 +0800] "GET /content/repository/resource_content.jsp?oid=1829315 HTTP/1.1" 200 28175
66.249.71.121 - - [26/Nov/2015:03:17:07 +0800] "GET /content/repository/resource_content.jsp?oid=4352636&queryType=qs&queryString=%E5%90%8C%E7%89%A9%E7%95%B0%E5%90%8D HTTP/1.1" 200 31182
66.249.71.60 - - [26/Nov/2015:03:17:47 +0800] "GET /content/repository/resource_content.jsp?oid=1531820 HTTP/1.1" 200 28844
61.135.190.71 - - [26/Nov/2015:03:18:15 +0800] "GET /content/subject/resource_content.jsp?oid=16777620&queryType=qc HTTP/1.1" 200 54694
66.249.71.60 - - [26/Nov/2015:03:18:36 +0800] "GET /content/nav/relationSubject.jsp?relationWords=%E5%B1%95%E8%87%BA+%E5%B7%A5%E6%A5%AD%E6%A1%88+%E7%9C%81%E6%94%BF%E5%BA%9C+%E8%87%A8%E6%99%82%E7%9C%81%E8%AD%B0%E6%9C%83+%E8%87%BA%E7%81%A3%E7%9C%81+%E9%BB%83%E6%A5%AD+&oid=1527284 HTTP/1.1" 200 5531
66.249.71.60 - - [26/Nov/2015:03:18:38 +0800] "GET /content/nav/relationSubject.jsp?relationWords=%E5%B1%95%E8%87%BA%20%E5%B7%A5%E6%A5%AD%E6%A1%88%20%E7%9C%81%E6%94%BF%E5%BA%9C%20%E8%87%A8%E6%99%82%E7%9C%81%E8%AD%B0%E6%9C%83%20%E8%87%BA%E7%81%A3%E7%9C%81%20%E9%BB%83%E6%A5%AD%20&oid=1527284 HTTP/1.1" 200 5531
66.249.71.60 - - [26/Nov/2015:03:18:43 +0800] "GET /content/nav/relationSubject.jsp?relationWords=%E5%AE%89%E5%85%A8%E6%A1%88+%E6%B0%B4%E5%88%A9%E5%B1%80+%E7%83%8F%E6%BA%AA+%E7%9C%81%E6%94%BF%E5%BA%9C+%E8%87%BA%E4%B8%AD%E7%B8%A3%E8%AD%B0%E6%9C%83+%E9%9C%A7%E5%B3%B0+&oid=1532023 HTTP/1.1" 200 5874
66.249.71.60 - - [26/Nov/2015:03:18:45 +0800] "GET /content/nav/relationSubject.jsp?relationWords=%E5%AE%89%E5%85%A8%E6%A1%88%20%E6%B0%B4%E5%88%A9%E5%B1%80%20%E7%83%8F%E6%BA%AA%20%E7%9C%81%E6%94%BF%E5%BA%9C%20%E8%87%BA%E4%B8%AD%E7%B8%A3%E8%AD%B0%E6%9C%83%20%E9%9C%A7%E5%B3%B0%20&oid=1532023 HTTP/1.1" 200 5874
66.249.71.72 - - [26/Nov/2015:03:18:46 +0800] "GET /content/repository/resource_content.jsp?oid=19593 HTTP/1.1" 200 29738
207.46.13.52 - - [26/Nov/2015:03:19:01 +0800] "GET /content/pictures/picture_content.jsp?oid=33554751 HTTP/1.1" 200 27653
66.249.71.60 - - [26/Nov/2015:03:19:20 +0800] "GET /content/nav/relationSubject.jsp?relationWords=%E4%BE%BF%E6%B0%91+%E5%85%B1%E6%9C%89%E5%9C%9F%E5%9C%B0+%E5%9C%B0%E6%94%BF%E5%B1%80+%E9%83%BD%E5%B8%82%E8%A8%88%E7%95%AB+&oid=1621700 HTTP/1.1" 200 3285
66.249.71.60 - - [26/Nov/2015:03:19:22 +0800] "GET /content/nav/relationSubject.jsp?relationWords=%E4%BE%BF%E6%B0%91%20%E5%85%B1%E6%9C%89%E5%9C%9F%E5%9C%B0%20%E5%9C%B0%E6%94%BF%E5%B1%80%20%E9%83%BD%E5%B8%82%E8%A8%88%E7%95%AB%20&oid=1621700 HTTP/1.1" 200 3285
66.249.71.64 - - [26/Nov/2015:03:19:45 +0800] "GET /content/repository/resource_content.jsp?oid=2621868 HTTP/1.1" 200 29114
66.249.71.72 - - [26/Nov/2015:03:20:53 +0800] "GET /content/repository/resource_content.jsp?oid=1542554 HTTP/1.1" 200 28522
66.249.71.60 - - [26/Nov/2015:03:21:33 +0800] "GET /content/nav/relationSubject.jsp?relationWords=%E5%A4%A9%E7%AB%BA%E9%AF%9B%E7%A7%91+%E6%89%81%E9%A0%AD%E5%A4%A9%E7%AB%BA%E9%AF%9B+&oid=19593 HTTP/1.1" 200 3266
66.249.71.60 - - [26/Nov/2015:03:21:35 +0800] "GET /content/nav/relationSubject.jsp?relationWords=%E5%A4%A9%E7%AB%BA%E9%AF%9B%E7%A7%91%20%E6%89%81%E9%A0%AD%E5%A4%A9%E7%AB%BA%E9%AF%9B%20&oid=19593 HTTP/1.1" 200 3266
66.249.71.72 - - [26/Nov/2015:03:21:44 +0800] "GET /content/repository/resource_content.jsp?oid=1539459 HTTP/1.1" 200 28574
66.249.71.72 - - [26/Nov/2015:03:22:40 +0800] "GET /content/nav/relationSubject.jsp?relationWords=&oid=825487 HTTP/1.1" 200 1405
66.249.74.98 - - [26/Nov/2015:03:22:44 +0800] "GET /content/repository/resource_content.jsp?oid=1636314 HTTP/1.1" 200 28517
66.249.74.102 - - [26/Nov/2015:03:23:04 +0800] "GET /content/repository/resource_content.jsp?oid=1195131 HTTP/1.1" 200 29303
66.249.71.72 - - [26/Nov/2015:03:23:43 +0800] "GET /content/repository/resource_content.jsp?oid=3346518 HTTP/1.1" 200 28270
66.249.71.64 - - [26/Nov/2015:03:24:42 +0800] "GET /content/repository/resource_content.jsp?oid=4449148 HTTP/1.1" 200 28148
119.14.95.167 - - [26/Nov/2015:03:25:42 +0800] "GET /content/repository/resource_content.jsp?oid=1081581&queryString=%E5%85%85%E9%87%91%E7%9C%BC%E9%AF%9B%20%E5%96%AE%E9%B0%AD%E9%AD%9A%20%E5%A4%A7%E9%9D%A2%E5%81%B4%E4%BB%94%20%E6%93%AC%E9%87%91%E7%9C%BC%E9%AF%9B%20%E9%AF%9B%E7%A7%91 HTTP/1.1" 200 33666
66.249.71.64 - - [26/Nov/2015:03:25:43 +0800] "GET /content/repository/resource_content.jsp?oid=1607124 HTTP/1.1" 200 28448
119.14.95.167 - - [26/Nov/2015:03:25:44 +0800] "GET /content/nav/relationSubject.jsp?relationWords=%E5%A4%A7%E7%9B%AE%E5%81%B4%E4%BB%94+%E5%A4%A7%E9%9D%A2%E5%81%B4%E4%BB%94+%E5%A4%A9%E7%AB%BA%E9%AF%9B+%E5%A4%A9%E7%AB%BA%E9%AF%9B%E7%A7%91+%E7%B4%B0%E8%BA%AB%E5%BE%8C%E7%AB%BA%E9%AF%9B+&oid=1081581 HTTP/1.1" 200 3652
188.165.15.5 - - [26/Nov/2015:03:25:45 +0800] "GET /content/subject/resource_content.jsp?oid=16777801&queryType=qc HTTP/1.1" 200 43002
66.249.71.113 - - [26/Nov/2015:03:26:03 +0800] "GET /content/nav/relationSubject.jsp?relationWords=%E5%96%AE%E6%96%91%E7%AC%9B%E9%AF%9B+%E7%AC%9B%E9%AF%9B+%E7%AC%9B%E9%AF%9B%E7%A7%91+%E8%B5%A4%E7%AD%86%E4%BB%94+%E9%AF%9B%E7%A7%91+&oid=15319 HTTP/1.1" 200 3491
66.249.71.60 - - [26/Nov/2015:03:26:08 +0800] "GET /content/nav/relationSubject.jsp?relationWords=%E9%AB%98%E9%A0%A4%E9%97%95+&oid=1834593 HTTP/1.1" 200 3338
66.249.71.60 - - [26/Nov/2015:03:26:10 +0800] "GET /content/nav/relationSubject.jsp?relationWords=%E9%AB%98%E9%A0%A4%E9%97%95%20&oid=1834593 HTTP/1.1" 200 3338
40.77.167.69 - - [26/Nov/2015:03:26:32 +0800] "GET /content/repository/resource_content.jsp?oid=2685751&queryString=%E7%9D%A3%E7%AF%86 HTTP/1.1" 200 30299
66.249.71.64 - - [26/Nov/2015:03:26:41 +0800] "GET /content/repository/resource_content.jsp?oid=284444 HTTP/1.1" 200 29329
66.249.71.60 - - [26/Nov/2015:03:27:29 +0800] "GET /content/nav/relationSubject.jsp?relationWords=%E9%8A%85%E7%9F%9B+&oid=1845671 HTTP/1.1" 200 2963
66.249.71.60 - - [26/Nov/2015:03:27:30 +0800] "GET /content/nav/relationSubject.jsp?relationWords=%E9%8A%85%E7%9F%9B%20&oid=1845671 HTTP/1.1" 200 2963
66.249.71.60 - - [26/Nov/2015:03:27:40 +0800] "GET /content/repository/resource_content.jsp?oid=1826401 HTTP/1.1" 200 28547
66.249.71.60 - - [26/Nov/2015:03:28:40 +0800] "GET /content/repository/resource_content.jsp?oid=1828401 HTTP/1.1" 200 28623
68.180.228.24 - - [26/Nov/2015:03:28:56 +0800] "GET /digiarch_en/content/pictures/picture_content.jsp?oid=33554882&queryType=qc HTTP/1.1" 200 22078
66.249.71.164 - - [26/Nov/2015:03:28:57 +0800] "GET /content/repository/resource_content.jsp?oid=1811275&queryType=qs&queryString=%E6%AF%94%E7%9B%AE%E9%AD%9A HTTP/1.1" 200 37212
66.249.71.72 - - [26/Nov/2015:03:29:39 +0800] "GET /content/repository/resource_content.jsp?oid=14417&queryString=%E5%B9%B3%E9%B0%AD%E9%B0%8D%E7%A7%91%20%E6%B2%88%E6%B0%8F%20%E7%88%AC%E5%B2%A9%E9%B0%8D%20%E7%9F%B3%E8%B2%BC%E4%BB%94 HTTP/1.1" 200 34723
66.249.77.91 - - [26/Nov/2015:03:30:38 +0800] "GET /content/tmp_exh/resource_content.jsp?oid=16777846&queryType=qc HTTP/1.1" 200 44789
66.249.71.72 - - [26/Nov/2015:03:30:39 +0800] "GET /content/nav/relationSubject.jsp?relationWords=%E4%B8%89%E4%B8%83%E4%BA%94+&oid=1599376 HTTP/1.1" 200 4857
66.249.71.60 - - [26/Nov/2015:03:30:42 +0800] "GET /content/nav/relationSubject.jsp?relationWords=%E4%B8%89%E4%B8%83%E4%BA%94%20&oid=1599376 HTTP/1.1" 200 4857
66.249.71.60 - - [26/Nov/2015:03:31:38 +0800] "GET /content/repository/resource_content.jsp?oid=1632635 HTTP/1.1" 200 28989
207.46.13.52 - - [26/Nov/2015:03:32:13 +0800] "GET /content/subject/resource_content.jsp?oid=16777838 HTTP/1.1" 200 59060
207.46.13.52 - - [26/Nov/2015:03:32:14 +0800] "GET /content/subject/resource_content.jsp?oid=16777788 HTTP/1.1" 200 42893
207.46.13.52 - - [26/Nov/2015:03:32:18 +0800] "GET /content/subject/resource_content.jsp?oid=16777730 HTTP/1.1" 200 46334
207.46.13.52 - - [26/Nov/2015:03:32:19 +0800] "GET /content/subject/resource_content.jsp?oid=16777842 HTTP/1.1" 200 36286
207.46.13.52 - - [26/Nov/2015:03:32:20 +0800] "GET /content/subject/resource_content.jsp?oid=16797271 HTTP/1.1" 200 55170
207.46.13.52 - - [26/Nov/2015:03:32:22 +0800] "GET /content/tmp_exh/resource_content.jsp?oid=16777852 HTTP/1.1" 200 67316
207.46.13.52 - - [26/Nov/2015:03:32:25 +0800] "GET /content/subject/resource_content.jsp?oid=16777615 HTTP/1.1" 200 37941
207.46.13.52 - - [26/Nov/2015:03:32:31 +0800] "GET /content/subject/resource_content.jsp?oid=16777801 HTTP/1.1" 200 43021
207.46.13.52 - - [26/Nov/2015:03:32:32 +0800] "GET /content/subject/resource_content.jsp?oid=16797239 HTTP/1.1" 200 44010
207.46.13.52 - - [26/Nov/2015:03:32:33 +0800] "GET /content/subject/resource_content.jsp?oid=16777746 HTTP/1.1" 200 39179
66.249.71.72 - - [26/Nov/2015:03:32:37 +0800] "GET /content/repository/resource_content.jsp?oid=1859673 HTTP/1.1" 200 29116
40.77.167.69 - - [26/Nov/2015:03:32:46 +0800] "GET /content/repository/resource_content.jsp?oid=1105280&queryString=%E5%B1%B1%E8%8C%B6%E8%8A%B1%20%E6%9B%BC%E9%99%80%E7%BE%85%20%E6%9B%BC%E9%99%80%E7%BE%85%E8%8A%B1%20%E8%8C%B6%E8%8A%B1 HTTP/1.1" 200 31290
180.153.236.136 - - [26/Nov/2015:03:33:32 +0800] "GET /digiarch3/content/subject/resource_content.jsp?oid=16777835&queryType=qc HTTP/1.1" 200 50983
66.249.71.64 - - [26/Nov/2015:03:33:38 +0800] "GET /content/repository/resource_content.jsp?oid=1564307 HTTP/1.1" 200 28876
66.249.71.64 - - [26/Nov/2015:03:34:07 +0800] "GET /content/nav/relationSubject.jsp?relationWords=%E5%85%A7%E7%94%B0%E5%98%89%E5%90%89%E6%96%87%E5%BA%AB+%E8%87%BA%E7%81%A3%E7%B8%BD%E7%9D%A3%E5%BA%9C+&oid=1195131 HTTP/1.1" 200 3488
66.249.71.72 - - [26/Nov/2015:03:34:11 +0800] "GET /content/nav/relationSubject.jsp?relationWords=%E5%85%A7%E7%94%B0%E5%98%89%E5%90%89%E6%96%87%E5%BA%AB%20%E8%87%BA%E7%81%A3%E7%B8%BD%E7%9D%A3%E5%BA%9C%20&oid=1195131 HTTP/1.1" 200 3488
66.249.71.64 - - [26/Nov/2015:03:34:36 +0800] "GET /content/repository/resource_content.jsp?oid=1854472 HTTP/1.1" 200 29818
66.249.77.91 - - [26/Nov/2015:03:34:38 +0800] "GET /content/nav/relationSubject.jsp?relationWords=%E7%94%9F%E5%91%BD%E5%84%80%E7%A6%AE+%E7%A5%AD%E5%84%80+%E9%9B%85%E7%BE%8E%E6%97%8F+&oid=1777826 HTTP/1.1" 200 4938
66.249.77.85 - - [26/Nov/2015:03:34:44 +0800] "GET /content/nav/relationSubject.jsp?relationWords=%E7%94%9F%E5%91%BD%E5%84%80%E7%A6%AE%20%E7%A5%AD%E5%84%80%20%E9%9B%85%E7%BE%8E%E6%97%8F%20&oid=1777826 HTTP/1.1" 200 4938
66.249.71.72 - - [26/Nov/2015:03:34:50 +0800] "GET /content/repository/resource_content.jsp?oid=1622325 HTTP/1.1" 200 28883
66.249.71.60 - - [26/Nov/2015:03:35:40 +0800] "GET /content/repository/resource_content.jsp?oid=206976 HTTP/1.1" 200 30453
111.206.36.12 - - [26/Nov/2015:03:36:15 +0800] "GET /content/subject/resource_content.jsp?oid=16777394&queryType=qc HTTP/1.1" 200 29074
66.249.74.98 - - [26/Nov/2015:03:36:28 +0800] "GET /content/nav/relationSubject.jsp?relationWords=%E6%AD%BB%E4%BA%A1%E8%A7%80+%E9%81%94%E6%82%9F+%E9%9B%85%E7%BE%8E%E6%97%8F+&oid=1778017 HTTP/1.1" 200 4312
66.249.71.60 - - [26/Nov/2015:03:36:34 +0800] "GET /content/repository/resource_content.jsp?oid=1854161 HTTP/1.1" 200 29829
66.249.71.60 - - [26/Nov/2015:03:36:55 +0800] "GET /content/nav/relationSubject.jsp?relationWords=%E7%A8%AE%E8%8B%97+%E8%BE%B2%E7%94%A2%E5%93%81+%E9%9B%9C%E7%B3%A7+&oid=1631293 HTTP/1.1" 200 5254
66.249.71.60 - - [26/Nov/2015:03:36:57 +0800] "GET /content/nav/relationSubject.jsp?relationWords=%E7%A8%AE%E8%8B%97%20%E8%BE%B2%E7%94%A2%E5%93%81%20%E9%9B%9C%E7%B3%A7%20&oid=1631293 HTTP/1.1" 200 5254
66.249.71.64 - - [26/Nov/2015:03:37:37 +0800] "GET /content/repository/resource_content.jsp?oid=1622440 HTTP/1.1" 200 28958
66.249.71.72 - - [26/Nov/2015:03:38:17 +0800] "GET /content/nav/relationSubject.jsp?relationWords=%E5%9C%B0%E5%BD%A2%E5%9C%96+&oid=221325 HTTP/1.1" 200 3046
66.249.71.60 - - [26/Nov/2015:03:38:25 +0800] "GET /content/nav/relationSubject.jsp?relationWords=%E5%9C%B0%E5%BD%A2%E5%9C%96%20&oid=221325 HTTP/1.1" 200 3046
66.249.71.72 - - [26/Nov/2015:03:38:33 +0800] "GET /content/repository/resource_content.jsp?oid=1628767 HTTP/1.1" 200 29357
66.249.71.60 - - [26/Nov/2015:03:38:38 +0800] "GET /content/nav/relationSubject.jsp?relationWords=%E6%A4%8D%E7%89%A9%E7%95%8C+%E6%B0%B4%E5%86%AC%E7%93%9C+%E6%B0%B4%E5%86%AC%E7%93%9C%E5%B1%AC+%E7%8D%BC%E7%8C%B4%E6%A1%83%E7%A7%91+&oid=1106313 HTTP/1.1" 200 3488
66.249.71.60 - - [26/Nov/2015:03:38:40 +0800] "GET /content/nav/relationSubject.jsp?relationWords=%E6%A4%8D%E7%89%A9%E7%95%8C%20%E6%B0%B4%E5%86%AC%E7%93%9C%20%E6%B0%B4%E5%86%AC%E7%93%9C%E5%B1%AC%20%E7%8D%BC%E7%8C%B4%E6%A1%83%E7%A7%91%20&oid=1106313 HTTP/1.1" 200 3488
66.249.71.60 - - [26/Nov/2015:03:38:55 +0800] "GET /content/nav/relationSubject.jsp?relationWords=%E5%85%AC%E8%B3%A3%E5%B1%80+%E5%8D%97%E6%8A%95%E7%B8%A3%E8%AD%B0%E6%9C%83+%E7%9C%81%E6%94%BF%E5%BA%9C+%E7%A7%81%E8%8F%B8+%E8%8D%89%E5%B1%AF%E9%8E%AE+%E8%8F%B8%E9%85%92+&oid=1523242 HTTP/1.1" 200 4707
66.249.71.60 - - [26/Nov/2015:03:38:57 +0800] "GET /content/nav/relationSubject.jsp?relationWords=%E5%85%AC%E8%B3%A3%E5%B1%80%20%E5%8D%97%E6%8A%95%E7%B8%A3%E8%AD%B0%E6%9C%83%20%E7%9C%81%E6%94%BF%E5%BA%9C%20%E7%A7%81%E8%8F%B8%20%E8%8D%89%E5%B1%AF%E9%8E%AE%20%E8%8F%B8%E9%85%92%20&oid=1523242 HTTP/1.1" 200 4707
66.249.71.64 - - [26/Nov/2015:03:39:32 +0800] "GET /content/repository/resource_content.jsp?oid=2616048 HTTP/1.1" 200 29031
66.249.71.60 - - [26/Nov/2015:03:40:06 +0800] "GET /content/nav/relationSubject.jsp?relationWords=%E9%8A%85%E7%9F%9B+&oid=1845830 HTTP/1.1" 200 2963
66.249.74.102 - - [26/Nov/2015:03:40:09 +0800] "GET /content/nav/relationSubject.jsp?relationWords=%E9%8A%85%E7%9F%9B%20&oid=1845830 HTTP/1.1" 200 2963
66.249.71.72 - - [26/Nov/2015:03:40:32 +0800] "GET /content/repository/resource_content.jsp?oid=1528036 HTTP/1.1" 200 28892
123.125.68.153 - - [26/Nov/2015:03:40:32 +0800] "GET /content/subject/resource_content.jsp?oid=16777653&queryType=qc HTTP/1.1" 200 57817
66.249.77.85 - - [26/Nov/2015:03:40:45 +0800] "GET /content/repository/resource_content.jsp?oid=1546787&queryString=%E5%B8%AB%E7%AF%84%E5%A4%A7%E5%AD%B8%20%E6%95%99%E8%82%B2%E5%AD%B8%E5%88%86%20%E7%95%A2%E6%A5%AD%E7%94%9F HTTP/1.1" 200 29250
66.249.79.24 - - [26/Nov/2015:03:41:31 +0800] "GET /content/repository/resource_content.jsp?oid=2655907&queryType=qs&queryString=%E6%9D%8E%E8%8A%B3 HTTP/1.1" 200 30014
66.249.71.64 - - [26/Nov/2015:03:42:30 +0800] "GET /content/repository/resource_content.jsp?oid=1557923 HTTP/1.1" 200 28509
66.249.71.64 - - [26/Nov/2015:03:43:30 +0800] "GET /content/repository/resource_content.jsp?oid=1559147 HTTP/1.1" 200 28781
39.15.4.239 - - [26/Nov/2015:03:43:52 +0800] "GET /content/nav/relationSubject.jsp?relationWords=&oid=16777612 HTTP/1.1" 200 1405
66.249.71.72 - - [26/Nov/2015:03:44:29 +0800] "GET /content/repository/resource_content.jsp?oid=1898582 HTTP/1.1" 200 29132
66.249.71.72 - - [26/Nov/2015:03:45:09 +0800] "GET /content/nav/relationSubject.jsp?relationWords=%E9%BE%9C%E7%94%B2%E5%8D%9C%E8%BE%AD%E6%AE%98%E7%89%87+&oid=1844221 HTTP/1.1" 200 3071
66.249.71.60 - - [26/Nov/2015:03:45:11 +0800] "GET /content/nav/relationSubject.jsp?relationWords=%E9%BE%9C%E7%94%B2%E5%8D%9C%E8%BE%AD%E6%AE%98%E7%89%87%20&oid=1844221 HTTP/1.1" 200 3071
66.249.74.102 - - [26/Nov/2015:03:45:29 +0800] "GET /content/repository/resource_content.jsp?oid=2688730 HTTP/1.1" 200 29850
66.249.74.98 - - [26/Nov/2015:03:45:40 +0800] "GET /content/nav/relationSubject.jsp?relationWords=%E5%89%9D%E8%88%B9+%E6%B5%B7%E9%81%8B+&oid=2640415 HTTP/1.1" 200 4433
66.249.71.60 - - [26/Nov/2015:03:45:41 +0800] "GET /content/nav/relationSubject.jsp?relationWords=%E5%89%9D%E8%88%B9%20%E6%B5%B7%E9%81%8B%20&oid=2640415 HTTP/1.1" 200 4433
66.249.71.64 - - [26/Nov/2015:03:46:31 +0800] "GET /content/repository/resource_content.jsp?oid=1546325 HTTP/1.1" 200 34912
66.249.71.121 - - [26/Nov/2015:03:46:39 +0800] "GET /content/repository/resource_content.jsp?oid=1776455&queryType=qs&queryString=%E9%A0%86%E7%9B%8A HTTP/1.1" 200 27905
66.249.71.72 - - [26/Nov/2015:03:46:41 +0800] "GET /content/nav/relationSubject.jsp?relationWords=%E6%A1%82%E8%8A%B1%E5%AF%BA+%E9%9D%92%E6%B5%B7%E7%9C%81%E5%9C%B0%E5%BD%A2%E5%9C%96+&oid=182929 HTTP/1.1" 200 3172
66.249.71.60 - - [26/Nov/2015:03:46:42 +0800] "GET /content/nav/relationSubject.jsp?relationWords=%E6%A1%82%E8%8A%B1%E5%AF%BA%20%E9%9D%92%E6%B5%B7%E7%9C%81%E5%9C%B0%E5%BD%A2%E5%9C%96%20&oid=182929 HTTP/1.1" 200 3172
157.55.39.248 - - [26/Nov/2015:03:46:56 +0800] "GET /digiarch/content/repository/resource_content.jsp?oid=1812500 HTTP/1.1" 404 14873
66.249.71.60 - - [26/Nov/2015:03:47:19 +0800] "GET /content/nav/relationSubject.jsp?relationWords=%E5%9C%B0%E8%99%9F+%E7%9C%81%E6%9C%89%E5%9C%9F%E5%9C%B0+%E7%9C%B7%E8%88%8D+%E8%87%BA%E5%8C%97%E5%B8%82+%E8%87%BA%E7%81%A3%E7%9C%81%E6%94%BF%E5%BA%9C+%E8%8F%B8%E9%85%92%E5%85%AC%E8%B3%A3%E5%B1%80+&oid=1898582 HTTP/1.1" 200 4854
66.249.71.60 - - [26/Nov/2015:03:47:20 +0800] "GET /content/nav/relationSubject.jsp?relationWords=%E5%9C%B0%E8%99%9F%20%E7%9C%81%E6%9C%89%E5%9C%9F%E5%9C%B0%20%E7%9C%B7%E8%88%8D%20%E8%87%BA%E5%8C%97%E5%B8%82%20%E8%87%BA%E7%81%A3%E7%9C%81%E6%94%BF%E5%BA%9C%20%E8%8F%B8%E9%85%92%E5%85%AC%E8%B3%A3%E5%B1%80%20&oid=1898582 HTTP/1.1" 200 4854
66.249.71.72 - - [26/Nov/2015:03:47:27 +0800] "GET /content/repository/resource_content.jsp?oid=1569909 HTTP/1.1" 200 28696
66.249.71.60 - - [26/Nov/2015:03:47:28 +0800] "GET /content/nav/relationSubject.jsp?relationWords=%E6%A4%8D%E7%89%A9%E7%95%8C+%E8%8F%AF%E9%8C%A6%E8%91%B5+%E9%8C%A6%E8%91%B5+%E9%8C%A6%E8%91%B5%E5%B1%AC+%E9%8C%A6%E8%91%B5%E7%A7%91+&oid=2148716 HTTP/1.1" 200 3311
66.249.77.91 - - [26/Nov/2015:03:47:47 +0800] "GET /content/nav/relationSubject.jsp?relationWords=%E5%93%81%E8%B3%AA+%E5%9C%B0%E5%83%B9+%E5%A4%96%E5%8C%AF+%E6%89%80%E5%BE%97%E7%A8%85+%E6%9E%9C%E8%BE%B2+%E7%94%9F%E7%94%A2%E6%88%90%E6%9C%AC+%E8%B3%AA%E8%A9%A2+%E8%BE%B2%E6%9E%97%E9%A1%9E+%E9%B3%B3%E6%A2%A8%E7%BD%90%E9%A0%AD+&oid=1611403 HTTP/1.1" 200 3741
66.249.77.85 - - [26/Nov/2015:03:47:49 +0800] "GET /content/nav/relationSubject.jsp?relationWords=%E5%93%81%E8%B3%AA%20%E5%9C%B0%E5%83%B9%20%E5%A4%96%E5%8C%AF%20%E6%89%80%E5%BE%97%E7%A8%85%20%E6%9E%9C%E8%BE%B2%20%E7%94%9F%E7%94%A2%E6%88%90%E6%9C%AC%20%E8%B3%AA%E8%A9%A2%20%E8%BE%B2%E6%9E%97%E9%A1%9E%20%E9%B3%B3%E6%A2%A8%E7%BD%90%E9%A0%AD%20&oid=1611403 HTTP/1.1" 200 3741
104.197.224.131 - - [26/Nov/2015:03:48:00 +0800] "GET /content/repository/resource_content.jsp?oid=1834278&queryString=%E6%8B%89%E7%B8%B4%20%E6%8B%93%E7%89%87%20%E7%95%AB%E5%83%8F%E7%9F%B3%20%E9%BB%83%E5%AE%B6%E5%B6%BA%E7%95%AB%E8%B1%A1 HTTP/1.1" 200 32259
66.249.71.64 - - [26/Nov/2015:03:48:28 +0800] "GET /content/repository/resource_content.jsp?oid=1113203 HTTP/1.1" 200 29942
66.249.71.64 - - [26/Nov/2015:03:48:47 +0800] "GET /content/nav/relationSubject.jsp?relationWords=%E7%AF%89%E5%A0%A4+&oid=783819 HTTP/1.1" 200 3990
66.249.71.60 - - [26/Nov/2015:03:48:48 +0800] "GET /content/nav/relationSubject.jsp?relationWords=%E7%AF%89%E5%A0%A4%20&oid=783819 HTTP/1.1" 200 3990
66.249.71.60 - - [26/Nov/2015:03:49:08 +0800] "GET /content/nav/relationSubject.jsp?relationWords=%E4%B8%AD%E8%85%B9%E8%B6%B3%E7%9B%AE+%E5%AF%B6%E8%9E%BA+%E5%AF%B6%E8%9E%BA%E5%B1%AC+%E5%AF%B6%E8%9E%BA%E7%A7%91+%E8%85%B9%E8%B6%B3%E7%B6%B1+&oid=1125049 HTTP/1.1" 200 3423
66.249.74.98 - - [26/Nov/2015:03:49:10 +0800] "GET /content/nav/relationSubject.jsp?relationWords=%E4%B8%AD%E8%85%B9%E8%B6%B3%E7%9B%AE%20%E5%AF%B6%E8%9E%BA%20%E5%AF%B6%E8%9E%BA%E5%B1%AC%20%E5%AF%B6%E8%9E%BA%E7%A7%91%20%E8%85%B9%E8%B6%B3%E7%B6%B1%20&oid=1125049 HTTP/1.1" 200 3423
66.249.71.64 - - [26/Nov/2015:03:49:26 +0800] "GET /content/repository/resource_content.jsp?oid=1554330 HTTP/1.1" 200 28414
66.249.71.60 - - [26/Nov/2015:03:50:05 +0800] "GET /content/nav/relationSubject.jsp?relationWords=%E4%B8%AD%E5%A3%A2+%E6%9F%8F%E6%B2%B9%E8%B7%AF%E9%9D%A2+&oid=1548821 HTTP/1.1" 200 4517
66.249.74.98 - - [26/Nov/2015:03:50:07 +0800] "GET /content/nav/relationSubject.jsp?relationWords=%E4%B8%AD%E5%A3%A2%20%E6%9F%8F%E6%B2%B9%E8%B7%AF%E9%9D%A2%20&oid=1548821 HTTP/1.1" 200 4517
66.249.74.98 - - [26/Nov/2015:03:50:25 +0800] "GET /content/repository/resource_content.jsp?oid=175553 HTTP/1.1" 200 30095
66.249.71.60 - - [26/Nov/2015:03:51:05 +0800] "GET /content/nav/relationSubject.jsp?relationWords=%E5%85%AB%E4%B8%80%E5%9B%9B+%E5%9B%9B%E5%BA%9C%E6%95%99+%E7%89%B9%E6%AE%8A%E6%95%99%E8%82%B2+&oid=1622440 HTTP/1.1" 200 3939
66.249.71.60 - - [26/Nov/2015:03:51:06 +0800] "GET /content/nav/relationSubject.jsp?relationWords=%E5%85%AB%E4%B8%80%E5%9B%9B%20%E5%9B%9B%E5%BA%9C%E6%95%99%20%E7%89%B9%E6%AE%8A%E6%95%99%E8%82%B2%20&oid=1622440 HTTP/1.1" 200 3939
66.249.71.64 - - [26/Nov/2015:03:51:24 +0800] "GET /content/repository/resource_content.jsp?oid=1552616 HTTP/1.1" 200 28499
66.249.71.64 - - [26/Nov/2015:03:52:24 +0800] "GET /content/repository/resource_content.jsp?oid=1577450 HTTP/1.1" 200 28729
66.249.71.64 - - [26/Nov/2015:03:52:33 +0800] "GET /content/repository/resource_content.jsp?oid=1635149 HTTP/1.1" 200 30856
66.249.71.64 - - [26/Nov/2015:03:53:00 +0800] "GET /content/nav/relationSubject.jsp?relationWords=%E5%A1%98%E9%B1%A7+%E9%B1%A7%E7%A7%91+&oid=24124 HTTP/1.1" 200 3254
66.249.71.60 - - [26/Nov/2015:03:53:01 +0800] "GET /content/nav/relationSubject.jsp?relationWords=%E5%A1%98%E9%B1%A7%20%E9%B1%A7%E7%A7%91%20&oid=24124 HTTP/1.1" 200 3254
66.249.71.72 - - [26/Nov/2015:03:54:05 +0800] "GET /content/repository/resource_content.jsp?oid=1524684 HTTP/1.1" 200 28633
40.77.167.69 - - [26/Nov/2015:03:54:16 +0800] "GET /content/subject/resource_content.jsp?oid=16777840 HTTP/1.1" 200 40660
66.249.71.64 - - [26/Nov/2015:03:54:22 +0800] "GET /content/repository/resource_content.jsp?oid=1570506 HTTP/1.1" 200 28589
66.249.71.72 - - [26/Nov/2015:03:55:21 +0800] "GET /content/repository/resource_content.jsp?oid=179481 HTTP/1.1" 200 30162
66.249.71.64 - - [26/Nov/2015:03:56:21 +0800] "GET /content/repository/resource_content.jsp?oid=2598101 HTTP/1.1" 200 28813
66.249.71.64 - - [26/Nov/2015:03:57:13 +0800] "GET /content/nav/relationSubject.jsp?relationWords=%E4%B9%9D%E5%BA%9C%E6%95%99+%E5%BC%8A%E6%A1%88+%E6%95%99%E6%9D%90+%E6%95%99%E8%82%B2%E5%BB%B3+&oid=1635193 HTTP/1.1" 200 4193
66.249.74.98 - - [26/Nov/2015:03:57:19 +0800] "GET /content/nav/relationSubject.jsp?relationWords=%E4%B9%9D%E5%BA%9C%E6%95%99%20%E5%BC%8A%E6%A1%88%20%E6%95%99%E6%9D%90%20%E6%95%99%E8%82%B2%E5%BB%B3%20&oid=1635193 HTTP/1.1" 200 4193
157.55.39.68 - - [26/Nov/2015:03:57:21 +0800] "GET /content/subject/resource_content.jsp?oid=16777448&queryType=qc HTTP/1.1" 200 34511
66.249.71.64 - - [26/Nov/2015:03:57:24 +0800] "GET /content/repository/resource_content.jsp?oid=2598229 HTTP/1.1" 200 28912
66.249.71.64 - - [26/Nov/2015:03:58:20 +0800] "GET /content/repository/resource_content.jsp?oid=1838044 HTTP/1.1" 200 28388
66.249.74.102 - - [26/Nov/2015:03:58:29 +0800] "GET /content/subject/resource_content.jsp?oid=16777396&queryType=qs&queryString=%E8%A8%88%E7%A8%8B%E8%BB%8A HTTP/1.1" 200 34806
66.249.71.72 - - [26/Nov/2015:03:59:07 +0800] "GET /content/nav/relationSubject.jsp?relationWords=%E5%8D%91%E5%8D%97%E6%97%8F+&oid=1775272 HTTP/1.1" 200 3206
66.249.74.102 - - [26/Nov/2015:03:59:10 +0800] "GET /content/nav/relationSubject.jsp?relationWords=%E5%8D%91%E5%8D%97%E6%97%8F%20&oid=1775272 HTTP/1.1" 200 3206
66.249.71.64 - - [26/Nov/2015:03:59:20 +0800] "GET /content/repository/resource_content.jsp?oid=2470602&queryString=%E8%87%BA%E7%81%A3%E7%9C%81%E9%80%9A%E5%BF%97 HTTP/1.1" 200 30371
66.249.71.72 - - [26/Nov/2015:04:00:19 +0800] "GET /content/repository/resource_content.jsp?oid=1620264 HTTP/1.1" 200 28516
207.46.13.121 - - [26/Nov/2015:04:00:29 +0800] "GET /content/repository/resource_content.jsp?oid=1550810&queryString=%E4%B8%AD%E5%A4%AE%E4%BF%A1%E8%A8%97%E5%B1%80%20%E5%85%AC%E5%8B%99%E4%BA%BA%E5%93%A1%E4%BF%9D%E9%9A%AA HTTP/1.1" 200 31091
66.249.71.60 - - [26/Nov/2015:04:00:42 +0800] "GET /content/nav/relationSubject.jsp?relationWords=%E7%B6%93%E6%BF%9F%E9%83%A8+%E8%87%BA%E7%81%A3%E9%9B%BB%E5%8A%9B%E5%85%AC%E5%8F%B8+&oid=1570506 HTTP/1.1" 200 4427
66.249.74.98 - - [26/Nov/2015:04:00:45 +0800] "GET /content/nav/relationSubject.jsp?relationWords=%E7%B6%93%E6%BF%9F%E9%83%A8%20%E8%87%BA%E7%81%A3%E9%9B%BB%E5%8A%9B%E5%85%AC%E5%8F%B8%20&oid=1570506 HTTP/1.1" 200 4427
66.249.71.72 - - [26/Nov/2015:04:01:10 +0800] "GET /content/nav/relationSubject.jsp?relationWords=%E5%90%B3%E5%9F%BA%E7%A6%8F+%E8%87%BA%E7%B3%96+&oid=1547184 HTTP/1.1" 200 4147
66.249.71.60 - - [26/Nov/2015:04:01:12 +0800] "GET /content/nav/relationSubject.jsp?relationWords=%E5%90%B3%E5%9F%BA%E7%A6%8F%20%E8%87%BA%E7%B3%96%20&oid=1547184 HTTP/1.1" 200 4147
66.249.71.60 - - [26/Nov/2015:04:01:17 +0800] "GET /content/nav/relationSubject.jsp?relationWords=%E4%B9%9D%E5%BA%9C%E6%95%99+%E5%B0%88%E7%A7%91+&oid=1567185 HTTP/1.1" 200 7860
66.249.71.64 - - [26/Nov/2015:04:01:19 +0800] "GET /content/repository/resource_content.jsp?oid=186377 HTTP/1.1" 200 30205
66.249.71.60 - - [26/Nov/2015:04:01:23 +0800] "GET /content/nav/relationSubject.jsp?relationWords=%E4%B9%9D%E5%BA%9C%E6%95%99%20%E5%B0%88%E7%A7%91%20&oid=1567185 HTTP/1.1" 200 7860
66.249.71.60 - - [26/Nov/2015:04:01:28 +0800] "GET /content/nav/relationSubject.jsp?relationWords=%E5%9C%8B%E6%B0%91%E5%B0%8F%E5%AD%B8+%E6%95%99%E5%AD%B8%E6%A1%88+%E6%95%99%E8%81%B7%E5%93%A1+%E7%87%9F%E9%A4%8A%E5%8D%88%E9%A4%90+&oid=1634201 HTTP/1.1" 200 3779
66.249.71.60 - - [26/Nov/2015:04:01:30 +0800] "GET /content/nav/relationSubject.jsp?relationWords=%E5%9C%8B%E6%B0%91%E5%B0%8F%E5%AD%B8%20%E6%95%99%E5%AD%B8%E6%A1%88%20%E6%95%99%E8%81%B7%E5%93%A1%20%E7%87%9F%E9%A4%8A%E5%8D%88%E9%A4%90%20&oid=1634201 HTTP/1.1" 200 3779
123.125.71.83 - - [26/Nov/2015:04:01:40 +0800] "GET /digiarch_en/content/subject/resource_content.jsp?oid=16777779&queryType=qc HTTP/1.1" 200 32077
66.249.71.60 - - [26/Nov/2015:04:01:57 +0800] "GET /content/nav/relationSubject.jsp?relationWords=&oid=2598101 HTTP/1.1" 200 1405
66.249.71.60 - - [26/Nov/2015:04:02:14 +0800] "GET /content/nav/relationSubject.jsp?relationWords=%E5%A4%A7%E8%8B%9E%E9%B4%A8%E8%B7%96%E8%8D%89+%E5%A4%A7%E8%91%89%E9%B4%A8%E8%B7%96%E8%8D%89+%E6%A4%8D%E7%89%A9%E7%95%8C+%E9%B4%A8%E8%B7%96%E8%8D%89+%E9%B4%A8%E8%B7%96%E8%8D%89%E5%B1%AC+%E9%B4%A8%E8%B7%96%E8%8D%89%E7%A7%91+&oid=2151290 HTTP/1.1" 200 3540
66.249.71.72 - - [26/Nov/2015:04:02:25 +0800] "GET /content/repository/resource_content.jsp?oid=1531371 HTTP/1.1" 200 28820
66.249.71.60 - - [26/Nov/2015:04:02:35 +0800] "GET /content/nav/relationSubject.jsp?relationWords=&oid=2602222 HTTP/1.1" 200 1405
66.249.71.60 - - [26/Nov/2015:04:02:44 +0800] "GET /content/nav/relationSubject.jsp?relationWords=%E5%8F%83%E8%AD%B0%E5%93%A1+%E5%8F%83%E8%AD%B0%E6%9C%83+%E5%8F%B0%E7%81%A3%E7%9C%81+%E6%B4%AA%E7%81%AB%E7%85%89+%E7%9C%81%E6%94%BF%E5%BA%9C+&oid=1519471 HTTP/1.1" 200 4657
66.249.71.60 - - [26/Nov/2015:04:02:47 +0800] "GET /content/nav/relationSubject.jsp?relationWords=%E5%8F%83%E8%AD%B0%E5%93%A1%20%E5%8F%83%E8%AD%B0%E6%9C%83%20%E5%8F%B0%E7%81%A3%E7%9C%81%20%E6%B4%AA%E7%81%AB%E7%85%89%20%E7%9C%81%E6%94%BF%E5%BA%9C%20&oid=1519471 HTTP/1.1" 200 4657
66.249.71.155 - - [26/Nov/2015:04:03:21 +0800] "GET /content/subject/resource_content.jsp?oid=16777649&queryType=qs&queryString=%E5%8F%83%E8%AD%B0%E6%9C%83 HTTP/1.1" 200 54670
66.249.71.60 - - [26/Nov/2015:04:03:21 +0800] "GET /content/nav/relationSubject.jsp?relationWords=%E5%9C%B0%E5%BD%A2%E5%9C%96+&oid=175553 HTTP/1.1" 200 3046
66.249.71.60 - - [26/Nov/2015:04:03:26 +0800] "GET /content/nav/relationSubject.jsp?relationWords=%E5%85%AC%E5%8B%99%E8%AD%B7%E7%85%A7+%E5%A4%96%E4%BA%A4%E9%83%A8+%E7%9C%81%E6%94%BF%E5%BA%9C+%E9%99%B3%E5%A4%A9%E4%BD%91+&oid=1531371 HTTP/1.1" 200 4622
66.249.71.60 - - [26/Nov/2015:04:03:28 +0800] "GET /content/nav/relationSubject.jsp?relationWords=%E5%9C%B0%E5%BD%A2%E5%9C%96%20&oid=175553 HTTP/1.1" 200 3046
66.249.71.60 - - [26/Nov/2015:04:03:30 +0800] "GET /content/nav/relationSubject.jsp?relationWords=%E5%85%AC%E5%8B%99%E8%AD%B7%E7%85%A7%20%E5%A4%96%E4%BA%A4%E9%83%A8%20%E7%9C%81%E6%94%BF%E5%BA%9C%20%E9%99%B3%E5%A4%A9%E4%BD%91%20&oid=1531371 HTTP/1.1" 200 4622
68.180.228.24 - - [26/Nov/2015:04:03:40 +0800] "GET /digiarch_en/content/subject/resource_content.jsp?oid=16777517&queryType=qc HTTP/1.1" 200 47417
66.249.71.60 - - [26/Nov/2015:04:04:05 +0800] "GET /content/nav/relationSubject.jsp?relationWords=%E5%9C%8B%E6%9C%89%E6%9E%97+%E5%B1%B1%E5%9C%B0%E9%84%89+%E6%B0%B4%E6%B5%81%E6%9C%A8+%E9%84%89%E5%85%AC%E6%89%80+&oid=1552108 HTTP/1.1" 200 3809
66.249.71.60 - - [26/Nov/2015:04:04:07 +0800] "GET /content/nav/relationSubject.jsp?relationWords=%E5%9C%8B%E6%9C%89%E6%9E%97%20%E5%B1%B1%E5%9C%B0%E9%84%89%20%E6%B0%B4%E6%B5%81%E6%9C%A8%20%E9%84%89%E5%85%AC%E6%89%80%20&oid=1552108 HTTP/1.1" 200 3809
66.249.74.100 - - [26/Nov/2015:04:04:17 +0800] "GET /content/repository/resource_content.jsp?oid=1900686 HTTP/1.1" 200 28994
66.249.71.72 - - [26/Nov/2015:04:04:22 +0800] "GET /content/repository/resource_content.jsp?oid=1104236 HTTP/1.1" 200 31102
66.249.71.72 - - [26/Nov/2015:04:04:49 +0800] "GET /content/nav/relationSubject.jsp?relationWords=%E5%A4%A7%E5%B0%88%E9%99%A2%E6%A0%A1+%E6%95%99%E8%82%B2%E6%A1%88+%E8%87%BA%E6%9D%B1%E7%B8%A3+&oid=1620264 HTTP/1.1" 200 8324
66.249.71.60 - - [26/Nov/2015:04:04:50 +0800] "GET /content/nav/relationSubject.jsp?relationWords=%E5%A4%A7%E5%B0%88%E9%99%A2%E6%A0%A1%20%E6%95%99%E8%82%B2%E6%A1%88%20%E8%87%BA%E6%9D%B1%E7%B8%A3%20&oid=1620264 HTTP/1.1" 200 8324
66.249.71.72 - - [26/Nov/2015:04:05:16 +0800] "GET /content/repository/resource_content.jsp?oid=1605710 HTTP/1.1" 200 29136
66.249.71.64 - - [26/Nov/2015:04:06:14 +0800] "GET /content/repository/resource_content.jsp?oid=2548509 HTTP/1.1" 200 29136
66.249.71.72 - - [26/Nov/2015:04:06:53 +0800] "GET /content/nav/relationSubject.jsp?relationWords=%E5%85%AD%E5%BA%9C+%E5%B1%B1%E5%9C%B0%E8%A1%8C%E6%94%BF%E7%89%B9%E8%80%83+%E5%B1%B1%E8%83%9E+%E6%A1%91%E6%A2%93+%E6%B0%91%E6%94%BF%E5%BB%B3+&oid=1605710 HTTP/1.1" 200 3914
66.249.71.60 - - [26/Nov/2015:04:07:00 +0800] "GET /content/nav/relationSubject.jsp?relationWords=%E5%85%AD%E5%BA%9C%20%E5%B1%B1%E5%9C%B0%E8%A1%8C%E6%94%BF%E7%89%B9%E8%80%83%20%E5%B1%B1%E8%83%9E%20%E6%A1%91%E6%A2%93%20%E6%B0%91%E6%94%BF%E5%BB%B3%20&oid=1605710 HTTP/1.1" 200 3914
66.249.71.60 - - [26/Nov/2015:04:07:14 +0800] "GET /content/repository/resource_content.jsp?oid=1521891 HTTP/1.1" 200 29049
66.249.74.98 - - [26/Nov/2015:04:08:01 +0800] "GET /content/nav/relationSubject.jsp?relationWords=%E5%81%87%E5%B7%9D%E7%89%9B%E8%86%9D+%E5%B7%9D%E7%89%9B%E8%86%9D%E5%B1%AC+%E6%A4%8D%E7%89%A9%E7%95%8C+%E7%9F%B3%E7%AB%B9+%E8%8E%A7%E7%A7%91+&oid=1103886 HTTP/1.1" 200 3352
66.249.71.60 - - [26/Nov/2015:04:08:03 +0800] "GET /content/nav/relationSubject.jsp?relationWords=%E5%81%87%E5%B7%9D%E7%89%9B%E8%86%9D%20%E5%B7%9D%E7%89%9B%E8%86%9D%E5%B1%AC%20%E6%A4%8D%E7%89%A9%E7%95%8C%20%E7%9F%B3%E7%AB%B9%20%E8%8E%A7%E7%A7%91%20&oid=1103886 HTTP/1.1" 200 3352
66.249.71.72 - - [26/Nov/2015:04:08:13 +0800] "GET /content/repository/resource_content.jsp?oid=1846149 HTTP/1.1" 200 29989
66.249.71.72 - - [26/Nov/2015:04:09:13 +0800] "GET /content/repository/resource_content.jsp?oid=1875928 HTTP/1.1" 200 29836
66.249.71.72 - - [26/Nov/2015:04:09:34 +0800] "GET /content/nav/relationSubject.jsp?relationWords=%E9%BE%9C%E7%94%B2%E5%8D%9C%E8%BE%AD%E6%AE%98%E7%89%87+&oid=1856704 HTTP/1.1" 200 3071
66.249.71.60 - - [26/Nov/2015:04:09:37 +0800] "GET /content/nav/relationSubject.jsp?relationWords=%E9%BE%9C%E7%94%B2%E5%8D%9C%E8%BE%AD%E6%AE%98%E7%89%87%20&oid=1856704 HTTP/1.1" 200 3071
66.249.71.64 - - [26/Nov/2015:04:10:12 +0800] "GET /content/repository/resource_content.jsp?oid=2548475 HTTP/1.1" 200 29331
66.249.71.72 - - [26/Nov/2015:04:10:17 +0800] "GET /content/repository/resource_content.jsp?oid=1617364 HTTP/1.1" 200 29417
66.249.71.64 - - [26/Nov/2015:04:10:38 +0800] "GET /content/nav/relationSubject.jsp?relationWords=%E4%B8%AD%E5%B0%8F%E4%BC%81%E6%A5%AD+%E6%96%B0%E8%87%BA%E5%B9%A3+%E8%87%BA%E7%81%A3%E7%9C%81%E6%94%BF%E5%BA%9C+%E8%B2%A1%E5%9C%98%E6%B3%95%E4%BA%BA+%E9%A0%90%E7%AE%97+&oid=1900686 HTTP/1.1" 200 5425
66.249.71.60 - - [26/Nov/2015:04:10:39 +0800] "GET /content/nav/relationSubject.jsp?relationWords=%E4%B8%AD%E5%B0%8F%E4%BC%81%E6%A5%AD%20%E6%96%B0%E8%87%BA%E5%B9%A3%20%E8%87%BA%E7%81%A3%E7%9C%81%E6%94%BF%E5%BA%9C%20%E8%B2%A1%E5%9C%98%E6%B3%95%E4%BA%BA%20%E9%A0%90%E7%AE%97%20&oid=1900686 HTTP/1.1" 200 5425
66.249.71.64 - - [26/Nov/2015:04:11:11 +0800] "GET /content/repository/resource_content.jsp?oid=2670125 HTTP/1.1" 200 30106
66.249.71.64 - - [26/Nov/2015:04:11:13 +0800] "GET /content/nav/relationSubject.jsp?relationWords=%E6%A4%8D%E7%89%A9%E7%95%8C+%E8%8B%A6%E8%8B%A3%E8%8F%9C%E5%B1%AC+%E8%8F%8A%E7%A7%91+%E9%9B%99%E5%AD%90%E8%91%89%E6%A4%8D%E7%89%A9+%E9%AC%BC%E8%8B%A6%E8%8B%A3%E8%8F%9C+&oid=1107866 HTTP/1.1" 200 3387
66.249.71.60 - - [26/Nov/2015:04:11:15 +0800] "GET /content/nav/relationSubject.jsp?relationWords=%E6%A4%8D%E7%89%A9%E7%95%8C%20%E8%8B%A6%E8%8B%A3%E8%8F%9C%E5%B1%AC%20%E8%8F%8A%E7%A7%91%20%E9%9B%99%E5%AD%90%E8%91%89%E6%A4%8D%E7%89%A9%20%E9%AC%BC%E8%8B%A6%E8%8B%A3%E8%8F%9C%20&oid=1107866 HTTP/1.1" 200 3387
66.249.71.64 - - [26/Nov/2015:04:12:10 +0800] "GET /content/repository/resource_content.jsp?oid=2552382 HTTP/1.1" 200 28817
66.249.71.72 - - [26/Nov/2015:04:13:10 +0800] "GET /content/repository/resource_content.jsp?oid=1524756 HTTP/1.1" 200 28849
66.249.71.60 - - [26/Nov/2015:04:13:46 +0800] "GET /content/nav/relationSubject.jsp?relationWords=%E6%A4%8D%E7%89%A9%E7%95%8C%20%E6%B3%95%E5%9C%8B%E8%8F%8A%20%E8%8F%8A%E5%B1%AC%20%E8%8F%8A%E7%A7%91%20%E9%9B%99%E5%AD%90%E8%91%89%E6%A4%8D%E7%89%A9%20&oid=1104236 HTTP/1.1" 200 3358
66.249.71.64 - - [26/Nov/2015:04:14:09 +0800] "GET /content/repository/resource_content.jsp?oid=820483 HTTP/1.1" 200 27922
66.249.71.60 - - [26/Nov/2015:04:14:18 +0800] "GET /content/nav/relationSubject.jsp?relationWords=&oid=820483 HTTP/1.1" 200 1405
66.249.74.98 - - [26/Nov/2015:04:14:36 +0800] "GET /content/nav/relationSubject.jsp?relationWords=%E6%8B%93%E7%89%87+%E7%94%B2%E9%AA%A8%E6%96%87+&oid=3351342 HTTP/1.1" 200 5112
66.249.71.60 - - [26/Nov/2015:04:14:38 +0800] "GET /content/nav/relationSubject.jsp?relationWords=%E6%8B%93%E7%89%87%20%E7%94%B2%E9%AA%A8%E6%96%87%20&oid=3351342 HTTP/1.1" 200 5112
66.249.74.98 - - [26/Nov/2015:04:15:16 +0800] "GET /content/repository/resource_content.jsp?oid=1841821 HTTP/1.1" 200 29143
66.249.71.60 - - [26/Nov/2015:04:15:57 +0800] "GET /content/nav/relationSubject.jsp?relationWords=%E9%A0%86%E5%A4%A9%E5%BA%9C+&oid=2670561 HTTP/1.1" 200 3108
66.249.71.60 - - [26/Nov/2015:04:15:59 +0800] "GET /content/nav/relationSubject.jsp?relationWords=%E9%A0%86%E5%A4%A9%E5%BA%9C%20&oid=2670561 HTTP/1.1" 200 3108
66.249.71.60 - - [26/Nov/2015:04:16:01 +0800] "GET /content/nav/relationSubject.jsp?relationWords=%E4%BA%94%E5%B9%B4%E7%A5%AD+%E5%88%BA%E7%90%83+%E7%A5%AD%E5%84%80+&oid=4388317 HTTP/1.1" 200 4116
66.249.71.60 - - [26/Nov/2015:04:16:03 +0800] "GET /content/nav/relationSubject.jsp?relationWords=%E4%BA%94%E5%B9%B4%E7%A5%AD%20%E5%88%BA%E7%90%83%20%E7%A5%AD%E5%84%80%20&oid=4388317 HTTP/1.1" 200 4116
66.249.71.60 - - [26/Nov/2015:04:16:08 +0800] "GET /content/repository/resource_content.jsp?oid=1539385 HTTP/1.1" 200 28592
66.249.74.102 - - [26/Nov/2015:04:16:13 +0800] "GET /content/repository/resource_content.jsp?oid=1774519&queryString=%E5%85%AC%E8%A6%96%20%E5%A3%BD%E5%8F%B8 HTTP/1.1" 200 27683
66.249.74.98 - - [26/Nov/2015:04:16:13 +0800] "GET /content/nav/relationSubject.jsp?relationWords=%E9%AA%A8%E7%AE%AD%E9%A0%AD+&oid=1854472 HTTP/1.1" 200 2990
66.249.71.60 - - [26/Nov/2015:04:16:18 +0800] "GET /content/nav/relationSubject.jsp?relationWords=%E9%AA%A8%E7%AE%AD%E9%A0%AD%20&oid=1854472 HTTP/1.1" 200 2990
66.249.71.60 - - [26/Nov/2015:04:16:35 +0800] "GET /content/nav/relationSubject.jsp?relationWords=%E5%A4%AA%E5%B8%B8%E5%AF%BA+&oid=2670125 HTTP/1.1" 200 3066
66.249.71.60 - - [26/Nov/2015:04:16:36 +0800] "GET /content/nav/relationSubject.jsp?relationWords=%E5%A4%AA%E5%B8%B8%E5%AF%BA%20&oid=2670125 HTTP/1.1" 200 3066
66.249.71.60 - - [26/Nov/2015:04:16:37 +0800] "GET /content/nav/relationSubject.jsp?relationWords=%E7%99%BD%E7%91%AA%E7%91%99%E7%AE%A1%E9%A3%BE+&oid=1869992 HTTP/1.1" 200 3044
66.249.71.60 - - [26/Nov/2015:04:16:39 +0800] "GET /content/nav/relationSubject.jsp?relationWords=%E7%99%BD%E7%91%AA%E7%91%99%E7%AE%A1%E9%A3%BE%20&oid=1869992 HTTP/1.1" 200 3044
66.249.74.98 - - [26/Nov/2015:04:16:45 +0800] "GET /content/nav/relationSubject.jsp?relationWords=%E8%87%BA%E4%B8%AD%E6%B8%AF+&oid=1625031 HTTP/1.1" 200 4707
66.249.74.98 - - [26/Nov/2015:04:16:46 +0800] "GET /content/nav/relationSubject.jsp?relationWords=%E8%87%BA%E4%B8%AD%E6%B8%AF%20&oid=1625031 HTTP/1.1" 200 4707
66.249.71.64 - - [26/Nov/2015:04:17:07 +0800] "GET /content/repository/resource_content.jsp?oid=1862282 HTTP/1.1" 200 29701
66.249.71.72 - - [26/Nov/2015:04:17:35 +0800] "GET /content/nav/relationSubject.jsp?relationWords=%E4%BA%BA%E6%AC%8A+%E9%99%AA%E5%AF%A9%E5%88%B6%E5%BA%A6+&oid=1539385 HTTP/1.1" 200 3956
66.249.71.60 - - [26/Nov/2015:04:17:38 +0800] "GET /content/nav/relationSubject.jsp?relationWords=%E4%BA%BA%E6%AC%8A%20%E9%99%AA%E5%AF%A9%E5%88%B6%E5%BA%A6%20&oid=1539385 HTTP/1.1" 200 3956
66.249.74.102 - - [26/Nov/2015:04:18:09 +0800] "GET /content/repository/resource_content.jsp?oid=1541487 HTTP/1.1" 200 28450
68.180.228.24 - - [26/Nov/2015:04:18:42 +0800] "GET /digiarch_en/content/subject/resource_content.jsp?oid=16777624&queryType=qc HTTP/1.1" 200 98233
66.249.71.60 - - [26/Nov/2015:04:19:10 +0800] "GET /content/repository/resource_content.jsp?oid=1837343 HTTP/1.1" 200 28744
66.249.71.60 - - [26/Nov/2015:04:20:05 +0800] "GET /content/repository/resource_content.jsp?oid=1102662 HTTP/1.1" 200 31326
66.249.71.64 - - [26/Nov/2015:04:20:51 +0800] "GET /content/nav/relationSubject.jsp?relationWords=%E6%9E%97%E7%8D%BB%E5%A0%82+%E6%A5%8A%E9%9B%B2%E8%90%8D+%E9%9C%A7%E5%B3%B0%E6%9E%97%E5%AE%B6+&oid=2470726 HTTP/1.1" 200 5131
66.249.74.98 - - [26/Nov/2015:04:20:53 +0800] "GET /content/nav/relationSubject.jsp?relationWords=%E6%9E%97%E7%8D%BB%E5%A0%82%20%E6%A5%8A%E9%9B%B2%E8%90%8D%20%E9%9C%A7%E5%B3%B0%E6%9E%97%E5%AE%B6%20&oid=2470726 HTTP/1.1" 200 5131
66.249.74.98 - - [26/Nov/2015:04:21:05 +0800] "GET /content/repository/resource_content.jsp?oid=21678 HTTP/1.1" 200 29788
207.46.13.52 - - [26/Nov/2015:04:21:09 +0800] "GET /content/subject/resource_content.jsp?oid=16777448 HTTP/1.1" 200 34511
66.249.71.164 - - [26/Nov/2015:04:21:15 +0800] "GET /content/nav/relationSubject.jsp?relationWords=%E6%89%BF%E9%A0%98%E6%AC%8A+%E8%B1%AB%E7%B4%84+&oid=1546601 HTTP/1.1" 200 4805
66.249.71.60 - - [26/Nov/2015:04:21:37 +0800] "GET /content/nav/relationSubject.jsp?relationWords=%E4%B8%8D%E5%8B%95%E7%94%A2+%E5%8B%95%E7%94%A2%E6%8A%B5%E6%8A%BC+%E5%90%88%E4%BD%9C%E7%A4%BE+%E8%B2%B8%E6%AC%BE+&oid=1564307 HTTP/1.1" 200 4984
66.249.71.60 - - [26/Nov/2015:04:21:39 +0800] "GET /content/nav/relationSubject.jsp?relationWords=%E4%B8%8D%E5%8B%95%E7%94%A2%20%E5%8B%95%E7%94%A2%E6%8A%B5%E6%8A%BC%20%E5%90%88%E4%BD%9C%E7%A4%BE%20%E8%B2%B8%E6%AC%BE%20&oid=1564307 HTTP/1.1" 200 4984
68.180.228.24 - - [26/Nov/2015:04:22:00 +0800] "GET /content/tmp_tec/resource_content.jsp?oid=16777837 HTTP/1.1" 200 35568
66.249.71.60 - - [26/Nov/2015:04:22:04 +0800] "GET /content/repository/resource_content.jsp?oid=2589769 HTTP/1.1" 200 29383
66.249.74.100 - - [26/Nov/2015:04:22:14 +0800] "GET /content/nav/relationSubject.jsp?relationWords=%E5%80%89%E7%A9%80+&oid=2552382 HTTP/1.1" 200 3069
66.249.71.60 - - [26/Nov/2015:04:22:17 +0800] "GET /content/nav/relationSubject.jsp?relationWords=%E5%80%89%E7%A9%80%20&oid=2552382 HTTP/1.1" 200 3069
66.249.71.60 - - [26/Nov/2015:04:22:18 +0800] "GET /content/nav/relationSubject.jsp?relationWords=%E5%85%AC%E8%A6%96%20%E5%B0%8E%E6%BC%94%20%E9%9C%A7%E7%A4%BE%E4%BA%8B%E4%BB%B6%20%E9%A2%A8%E4%B8%AD%E7%B7%8B%E6%AB%BB%20&oid=1774519 HTTP/1.1" 200 7919
68.180.228.24 - - [26/Nov/2015:04:22:52 +0800] "GET /content/tmp_exh/resource_content.jsp?oid=16777815&queryString= HTTP/1.1" 200 28676
66.249.71.72 - - [26/Nov/2015:04:23:03 +0800] "GET /content/repository/resource_content.jsp?oid=1531929 HTTP/1.1" 200 28749
66.249.77.97 - - [26/Nov/2015:04:23:03 +0800] "GET /content/nav/relationSubject.jsp?relationWords=%E4%BA%BA%E5%90%8D%E6%AC%8A%E5%A8%81+%E5%82%B3%E6%95%99%E5%A3%AB+%E6%95%B5%E5%83%91+&oid=733672 HTTP/1.1" 200 3131
66.249.71.60 - - [26/Nov/2015:04:23:50 +0800] "GET /content/nav/relationSubject.jsp?relationWords=%E7%87%9F%E5%88%A9%E4%BA%8B%E6%A5%AD%E7%99%BB%E8%A8%98+%E7%9C%81%E6%94%BF%E5%BA%9C+&oid=1532200 HTTP/1.1" 200 4552
66.249.71.60 - - [26/Nov/2015:04:23:51 +0800] "GET /content/nav/relationSubject.jsp?relationWords=%E7%87%9F%E5%88%A9%E4%BA%8B%E6%A5%AD%E7%99%BB%E8%A8%98%20%E7%9C%81%E6%94%BF%E5%BA%9C%20&oid=1532200 HTTP/1.1" 200 4552
66.249.71.60 - - [26/Nov/2015:04:24:08 +0800] "GET /content/repository/resource_content.jsp?oid=1123444 HTTP/1.1" 200 28780
66.249.74.102 - - [26/Nov/2015:04:24:19 +0800] "GET /content/nav/relationSubject.jsp?relationWords=&oid=1541487 HTTP/1.1" 200 1405
66.249.74.100 - - [26/Nov/2015:04:25:41 +0800] "GET /content/nav/relationSubject.jsp?relationWords=&oid=2548030 HTTP/1.1" 200 1405
66.249.74.98 - - [26/Nov/2015:04:25:50 +0800] "GET /content/nav/relationSubject.jsp?relationWords=%E5%81%A5%E5%BA%B7%E6%A1%88+%E5%90%8E%E9%87%8C+%E5%90%8E%E9%87%8C%E9%84%89+&oid=1632131 HTTP/1.1" 200 3594
66.249.71.60 - - [26/Nov/2015:04:25:53 +0800] "GET /content/nav/relationSubject.jsp?relationWords=%E5%81%A5%E5%BA%B7%E6%A1%88%20%E5%90%8E%E9%87%8C%20%E5%90%8E%E9%87%8C%E9%84%89%20&oid=1632131 HTTP/1.1" 200 3594
66.249.71.60 - - [26/Nov/2015:04:26:03 +0800] "GET /content/repository/resource_content.jsp?oid=2533589 HTTP/1.1" 200 28789
66.249.71.60 - - [26/Nov/2015:04:26:03 +0800] "GET /content/nav/relationSubject.jsp?relationWords=%E9%A0%90%E7%AE%97+&oid=1580488 HTTP/1.1" 200 5192
66.249.71.60 - - [26/Nov/2015:04:26:05 +0800] "GET /content/nav/relationSubject.jsp?relationWords=%E9%A0%90%E7%AE%97%20&oid=1580488 HTTP/1.1" 200 5192
66.249.74.98 - - [26/Nov/2015:04:26:09 +0800] "GET /content/nav/relationSubject.jsp?relationWords=%E9%AA%A8%E7%AE%AD%E9%A0%AD+&oid=1862282 HTTP/1.1" 200 2990
66.249.71.60 - - [26/Nov/2015:04:26:11 +0800] "GET /content/nav/relationSubject.jsp?relationWords=%E9%AA%A8%E7%AE%AD%E9%A0%AD%20&oid=1862282 HTTP/1.1" 200 2990
66.249.74.98 - - [26/Nov/2015:04:26:28 +0800] "GET /content/nav/relationSubject.jsp?relationWords=%E6%95%99%E8%82%B2%E6%A1%88+%E7%9C%81%E6%94%BF%E5%BA%9C+%E7%B8%BD%E9%A0%90%E7%AE%97+&oid=1543816 HTTP/1.1" 200 4557
66.249.71.60 - - [26/Nov/2015:04:26:29 +0800] "GET /content/nav/relationSubject.jsp?relationWords=%E6%95%99%E8%82%B2%E6%A1%88%20%E7%9C%81%E6%94%BF%E5%BA%9C%20%E7%B8%BD%E9%A0%90%E7%AE%97%20&oid=1543816 HTTP/1.1" 200 4557
66.249.71.60 - - [26/Nov/2015:04:26:52 +0800] "GET /content/nav/relationSubject.jsp?relationWords=%E4%B8%AD%E5%A3%A2+%E8%81%B7%E6%A5%AD%E5%AD%B8%E6%A0%A1+&oid=1552616 HTTP/1.1" 200 4475
66.249.71.60 - - [26/Nov/2015:04:26:53 +0800] "GET /content/nav/relationSubject.jsp?relationWords=%E4%B8%AD%E5%A3%A2%20%E8%81%B7%E6%A5%AD%E5%AD%B8%E6%A0%A1%20&oid=1552616 HTTP/1.1" 200 4475
66.249.71.64 - - [26/Nov/2015:04:27:00 +0800] "GET /content/repository/resource_content.jsp?oid=828542 HTTP/1.1" 200 28014
66.249.71.72 - - [26/Nov/2015:04:27:59 +0800] "GET /content/repository/resource_content.jsp?oid=1773479 HTTP/1.1" 200 36533
66.249.71.72 - - [26/Nov/2015:04:28:03 +0800] "GET /content/repository/resource_content.jsp?oid=1838508 HTTP/1.1" 200 28401
68.180.228.24 - - [26/Nov/2015:04:28:14 +0800] "GET /content/subject/resource_content.jsp?oid=16777289&queryString= HTTP/1.1" 200 40493
111.206.36.139 - - [26/Nov/2015:04:28:58 +0800] "GET /content/subject/resource_content.jsp?oid=16777344&queryType=qc HTTP/1.1" 200 47651
66.249.74.102 - - [26/Nov/2015:04:29:00 +0800] "GET /content/repository/resource_content.jsp?oid=1900315 HTTP/1.1" 200 29113
66.249.71.64 - - [26/Nov/2015:04:29:39 +0800] "GET /content/nav/relationSubject.jsp?relationWords=%E8%85%B9%E8%B6%B3%E7%B6%B1+%E8%8A%8B%E8%9E%BA%E5%B1%AC+%E8%8A%8B%E8%9E%BA%E7%A7%91+%E9%BE%8D%E6%9F%B1%E8%8A%8B%E8%9E%BA+&oid=1123444 HTTP/1.1" 200 1923
66.249.74.98 - - [26/Nov/2015:04:29:41 +0800] "GET /content/nav/relationSubject.jsp?relationWords=%E8%85%B9%E8%B6%B3%E7%B6%B1%20%E8%8A%8B%E8%9E%BA%E5%B1%AC%20%E8%8A%8B%E8%9E%BA%E7%A7%91%20%E9%BE%8D%E6%9F%B1%E8%8A%8B%E8%9E%BA%20&oid=1123444 HTTP/1.1" 200 1923
66.249.71.60 - - [26/Nov/2015:04:29:51 +0800] "GET /content/nav/relationSubject.jsp?relationWords=%E6%95%95%E6%9B%B8+%E7%A6%AE%E9%83%A8+&oid=2670717 HTTP/1.1" 200 3095
66.249.74.98 - - [26/Nov/2015:04:29:52 +0800] "GET /content/nav/relationSubject.jsp?relationWords=%E6%95%95%E6%9B%B8%20%E7%A6%AE%E9%83%A8%20&oid=2670717 HTTP/1.1" 200 3095
66.249.71.72 - - [26/Nov/2015:04:30:00 +0800] "GET /content/repository/resource_content.jsp?oid=2557803 HTTP/1.1" 200 28759
66.249.71.64 - - [26/Nov/2015:04:30:29 +0800] "GET /content/nav/relationSubject.jsp?relationWords=%E5%9C%B0%E5%BD%A2%E5%9C%96+&oid=220689 HTTP/1.1" 200 3046
66.249.71.60 - - [26/Nov/2015:04:30:31 +0800] "GET /content/nav/relationSubject.jsp?relationWords=%E5%9C%B0%E5%BD%A2%E5%9C%96%20&oid=220689 HTTP/1.1" 200 3046
66.249.71.60 - - [26/Nov/2015:04:30:32 +0800] "GET /content/nav/relationSubject.jsp?relationWords=%E6%96%AF%E6%99%AE%E8%98%AD+%E7%87%88%E7%B1%A0%E6%A3%98%E9%AE%AB+&oid=21678 HTTP/1.1" 200 3373
66.249.71.60 - - [26/Nov/2015:04:30:34 +0800] "GET /content/nav/relationSubject.jsp?relationWords=%E6%96%AF%E6%99%AE%E8%98%AD%20%E7%87%88%E7%B1%A0%E6%A3%98%E9%AE%AB%20&oid=21678 HTTP/1.1" 200 3373
66.249.71.60 - - [26/Nov/2015:04:30:52 +0800] "GET /content/nav/relationSubject.jsp?relationWords=%E6%94%B6%E8%B3%BC%E5%83%B9%E6%A0%BC+%E7%A8%BB%E8%B0%B7+%E8%87%A8%E6%99%82%E7%9C%81%E8%AD%B0%E6%9C%83+%E8%87%BA%E7%81%A3%E7%9C%81+%E8%87%BA%E7%81%A3%E7%9C%81%E6%94%BF%E5%BA%9C+&oid=1524448 HTTP/1.1" 200 4603
