66.249.71.60 - - [20/May/2016:07:36:04 +0800] "GET /content/nav/relationSubject.jsp?relationWords=%E6%A4%8D%E7%89%A9%E7%95%8C%20%E6%AC%96%E4%BB%81%E8%88%85%20%E8%8C%9C%E8%8D%89%20%E8%8C%9C%E8%8D%89%E7%A7%91%20&oid=3825405 HTTP/1.1" 200 3324
66.249.71.105 - - [20/May/2016:07:36:22 +0800] "GET /content/repository/resource_content.jsp?oid=4589323&queryType=qs&queryString=%E7%B9%A9%E7%B4%8B%E9%99%B6 HTTP/1.1" 200 29312
66.249.71.105 - - [20/May/2016:07:36:31 +0800] "GET /content/nav/relationSubject.jsp?relationWords=%E7%B4%B0%E7%B9%A9%E7%B4%8B%E9%99%B6+&oid=4589323 HTTP/1.1" 200 3133
1.34.184.139 - - [20/May/2016:07:36:36 +0800] "GET /content/nav/relationSubject.jsp?relationWords=%E5%8F%B0%E7%81%A3%E6%AC%92%E6%A8%B9+%E8%8B%A6%E8%8B%93%E8%88%85+&oid=16777254 HTTP/1.1" 200 4285
66.249.71.105 - - [20/May/2016:07:36:39 +0800] "GET /content/nav/relationSubject.jsp?relationWords=%E7%B4%B0%E7%B9%A9%E7%B4%8B%E9%99%B6%20&oid=4589323 HTTP/1.1" 200 3133
66.249.71.188 - - [20/May/2016:07:37:23 +0800] "GET /content/repository/resource_content.jsp?oid=4354131&queryType=qs&queryString=%E5%BA%95%E6%8B%96%E7%B6%B2 HTTP/1.1" 200 33808
125.224.234.253 - - [20/May/2016:07:37:53 +0800] "GET /content/nav/relationSubject.jsp?relationWords=%E5%8F%B0%E6%9D%B1%E8%98%87%E9%90%B5+&oid=16777386 HTTP/1.1" 200 4092
66.249.71.60 - - [20/May/2016:07:38:23 +0800] "GET /content/repository/resource_content.jsp?oid=1175517 HTTP/1.1" 200 27308
68.180.229.182 - - [20/May/2016:07:38:32 +0800] "GET /content/subject/resource_content.jsp?oid=16777404&queryType=qc HTTP/1.1" 200 27559
66.249.71.60 - - [20/May/2016:07:38:37 +0800] "GET /content/nav/relationSubject.jsp?relationWords=&oid=1175517 HTTP/1.1" 200 1405
207.46.13.112 - - [20/May/2016:07:39:06 +0800] "GET /content/repository/resource_content.jsp?oid=3820758&queryString=%E6%9D%BF%E6%A0%97%20%E6%A0%97%E5%B1%AC%20%E6%A4%8D%E7%89%A9%E7%95%8C%20%E6%AE%BC%E6%96%97%E7%A7%91 HTTP/1.1" 200 30972
66.249.66.9 - - [20/May/2016:07:39:20 +0800] "GET /content/repository/resource_content.jsp?oid=3815320&queryString=%E5%B0%8F%E6%AF%9B%E8%95%A8%20%E6%A4%8D%E7%89%A9%E7%95%8C%20%E6%AF%9B%E8%95%A8%20%E6%AF%9B%E8%95%A8%E5%B1%AC%20%E6%B0%B4%E9%BE%8D%E9%AA%A8%20%E8%95%A8%E9%A1%9E%E6%A4%8D%E7%89%A9%20%E9%87%91%E6%98%9F%E8%95%A8 HTTP/1.1" 200 31522
66.249.71.14 - - [20/May/2016:07:39:24 +0800] "GET /digiarch3/content/subject/resource_content.jsp?oid=16777850&queryType=qs&queryString=%E6%96%B0%E5%A4%A9%E5%9C%B0 HTTP/1.1" 200 46997
66.249.71.60 - - [20/May/2016:07:40:01 +0800] "GET /content/nav/relationSubject.jsp?relationWords=%E5%8D%81%E5%AD%97%E8%8A%B1%E7%A7%91+%E6%A4%8D%E7%89%A9%E7%95%8C+%E7%8D%A8%E8%A1%8C%E8%8F%9C+%E7%8D%A8%E8%A1%8C%E8%8F%9C%E5%B1%AC+%E9%9B%99%E5%AD%90%E8%91%89%E6%A4%8D%E7%89%A9+&oid=1102400 HTTP/1.1" 200 3392
141.8.132.82 - - [20/May/2016:07:40:11 +0800] "GET /content/subject/resource_content.jsp?oid=16777456&queryType=qc HTTP/1.1" 200 34433
66.249.71.188 - - [20/May/2016:07:41:05 +0800] "GET /content/nav/relationSubject.jsp?relationWords=%E8%A8%B1%E6%B0%8F%E7%8A%81%E9%A0%AD%E9%B0%A9+%E9%A3%AF%E5%8C%99%E9%AF%8A+%E9%AD%B4%E4%BB%94+&oid=4354131 HTTP/1.1" 200 3511
66.249.71.194 - - [20/May/2016:07:41:11 +0800] "GET /content/nav/relationSubject.jsp?relationWords=%E8%A8%B1%E6%B0%8F%E7%8A%81%E9%A0%AD%E9%B0%A9%20%E9%A3%AF%E5%8C%99%E9%AF%8A%20%E9%AD%B4%E4%BB%94%20&oid=4354131 HTTP/1.1" 200 3511
66.249.79.244 - - [20/May/2016:07:41:26 +0800] "GET /content/repository/resource_content.jsp?oid=1890697&queryType=qs&queryString=%E5%85%89%E7%A2%9F HTTP/1.1" 200 29555
66.249.77.85 - - [20/May/2016:07:41:38 +0800] "GET /content/nav/relationSubject.jsp?relationWords=%E5%8A%89%E7%82%B3+%E5%8A%89%E9%82%A6%E5%8F%8B+%E7%B0%A1%E9%8C%A6%E7%9B%8A+%E8%98%87%E8%B2%9E%E6%98%8C+%E9%87%91%E5%BE%B7+%E9%99%B3%E9%87%91+&oid=1890697 HTTP/1.1" 200 3378
66.249.77.85 - - [20/May/2016:07:41:40 +0800] "GET /content/nav/relationSubject.jsp?relationWords=%E5%8A%89%E7%82%B3%20%E5%8A%89%E9%82%A6%E5%8F%8B%20%E7%B0%A1%E9%8C%A6%E7%9B%8A%20%E8%98%87%E8%B2%9E%E6%98%8C%20%E9%87%91%E5%BE%B7%20%E9%99%B3%E9%87%91%20&oid=1890697 HTTP/1.1" 200 3378
66.249.71.60 - - [20/May/2016:07:42:25 +0800] "GET /content/repository/resource_content.jsp?oid=2675201 HTTP/1.1" 200 30138
66.249.71.64 - - [20/May/2016:07:42:34 +0800] "GET /content/nav/relationSubject.jsp?relationWords=%E6%BC%A2%E7%A5%A8+%E7%A5%A8%E7%B0%BD+&oid=2675201 HTTP/1.1" 200 3131
66.249.71.60 - - [20/May/2016:07:42:35 +0800] "GET /content/nav/relationSubject.jsp?relationWords=%E6%BC%A2%E7%A5%A8%20%E7%A5%A8%E7%B0%BD%20&oid=2675201 HTTP/1.1" 200 3131
123.110.71.29 - - [20/May/2016:07:42:47 +0800] "GET /content/nav/relationSubject.jsp?relationWords=%E5%B1%B1%E8%8A%99%E8%93%89+%E6%9C%A8%E8%8A%99%E8%93%89+%E8%96%9B%E6%BF%A4+%E9%86%89%E8%8A%99%E8%93%89+&oid=16777260 HTTP/1.1" 200 4595
66.249.71.60 - - [20/May/2016:07:43:26 +0800] "GET /content/repository/resource_content.jsp?oid=1106066 HTTP/1.1" 200 31065
114.25.52.103 - - [20/May/2016:07:43:37 +0800] "GET /content/nav/relationSubject.jsp?relationWords=%E6%B4%8B%E7%8E%89%E8%98%AD+&oid=16777351 HTTP/1.1" 200 3545
66.249.71.23 - - [20/May/2016:07:44:05 +0800] "GET /digiarch3/content/nav/relationSubject.jsp?relationWords=%E6%96%87%E5%8C%96%E4%B8%AD%E5%BF%83+%E6%9A%A8%E5%8D%97+%E6%9A%A8%E5%8D%97%E5%A4%A7%E5%AD%B8+&oid=16777829 HTTP/1.1" 200 8362
114.25.52.103 - - [20/May/2016:07:44:16 +0800] "GET /content/nav/relationSubject.jsp?relationWords=%E6%B4%8B%E7%8E%89%E8%98%AD+&oid=16777351 HTTP/1.1" 200 3545
66.249.71.60 - - [20/May/2016:07:44:26 +0800] "GET /content/repository/resource_content.jsp?oid=2531232 HTTP/1.1" 200 28842
66.249.71.60 - - [20/May/2016:07:45:11 +0800] "GET /digiarch_en/content/repository/resource_content.jsp?oid=15560&queryString=%E8%93%8B%E5%88%BA%E9%AD%9A HTTP/1.1" 200 26481
66.249.71.60 - - [20/May/2016:07:45:27 +0800] "GET /content/repository/resource_content.jsp?oid=673642 HTTP/1.1" 200 28617
199.30.25.177 - - [20/May/2016:07:45:29 +0800] "GET /content/nav/relationSubject.jsp?relationWords=%E5%A4%A7%E8%8E%9E%E8%8D%89+%E6%A4%8D%E7%89%A9%E7%95%8C+%E8%8E%8E%E8%8D%89+%E8%8E%8E%E8%8D%89%E7%A7%91+%E8%8E%9E%E5%B1%AC+&oid=3812891 HTTP/1.1" 200 3316
66.249.71.60 - - [20/May/2016:07:47:28 +0800] "GET /content/repository/resource_content.jsp?oid=1523043 HTTP/1.1" 200 28997
66.249.71.121 - - [20/May/2016:07:48:24 +0800] "GET /content/nav/relationSubject.jsp?relationWords=%E9%8E%AE%E8%87%A3+&oid=2666741 HTTP/1.1" 200 3087
66.249.71.121 - - [20/May/2016:07:48:28 +0800] "GET /content/repository/resource_content.jsp?oid=1461160&queryType=qs&queryString=%E5%B1%B1%E9%9B%80 HTTP/1.1" 200 31562
101.12.183.244 - - [20/May/2016:07:48:39 +0800] "GET /content/nav/relationSubject.jsp?relationWords=%E5%B1%B1%E8%8A%99%E8%93%89+%E6%9C%A8%E8%8A%99%E8%93%89+%E8%96%9B%E6%BF%A4+%E9%86%89%E8%8A%99%E8%93%89+&oid=16777260 HTTP/1.1" 200 4595
66.249.71.113 - - [20/May/2016:07:48:43 +0800] "GET /content/nav/relationSubject.jsp?relationWords=%E6%96%87%E5%8C%96%E4%B8%AD%E5%BF%83+&oid=16777830 HTTP/1.1" 200 8898
66.249.71.23 - - [20/May/2016:07:49:25 +0800] "GET /digiarch3/content/nav/relationSubject.jsp?relationWords=%E7%81%8C%E5%9C%92%E5%85%88%E7%94%9F+%E9%87%91%E6%B3%B0+&oid=16777776 HTTP/1.1" 200 4257
66.249.71.60 - - [20/May/2016:07:50:30 +0800] "GET /content/repository/resource_content.jsp?oid=1547676&queryString=%E5%A0%A4%E9%98%B2%E6%A1%88 HTTP/1.1" 200 29366
66.249.71.14 - - [20/May/2016:07:50:44 +0800] "GET /digiarch3/content/nav/relationSubject.jsp?relationWords=%E7%AD%86%E7%AD%92+%E7%AD%86%E7%AD%92%E6%A8%B9+&oid=33554774 HTTP/1.1" 200 3206
66.249.71.105 - - [20/May/2016:07:50:45 +0800] "GET /content/nav/relationSubject.jsp?relationWords=%E4%BF%B8%E7%B1%B3+%E5%82%AC%E5%AE%98%E5%93%A1+%E8%A3%95%E8%B1%90+&oid=2659883 HTTP/1.1" 200 4033
66.249.71.72 - - [20/May/2016:07:51:30 +0800] "GET /content/repository/resource_content.jsp?oid=1571526 HTTP/1.1" 200 28726
66.249.71.64 - - [20/May/2016:07:52:32 +0800] "GET /content/repository/resource_content.jsp?oid=1523455 HTTP/1.1" 200 29009
66.249.77.97 - - [20/May/2016:07:53:25 +0800] "GET /content/nav/relationSubject.jsp?relationWords=%E5%A4%A7%E7%94%B2%E4%BF%A1%E7%94%A8%E7%B5%84%E5%90%88+%E6%9D%8E%E6%99%A8%E9%90%98+%E6%9D%9C%E9%A6%99%E5%9C%8B+&oid=1887910 HTTP/1.1" 200 3252
157.55.39.30 - - [20/May/2016:07:53:31 +0800] "GET /content/subject/resource_content.jsp?oid=16777844&queryString=%E7%A4%BE%E6%9C%83%E5%AD%B8 HTTP/1.1" 200 41288
66.249.71.64 - - [20/May/2016:07:53:31 +0800] "GET /content/repository/resource_content.jsp?oid=3340869&queryString=%E5%BA%95%E9%87%91%E7%B7%9A%E9%AD%9A%20%E9%87%91%E7%B7%9A%E9%AD%9A%E7%A7%91 HTTP/1.1" 200 30321
163.19.170.155 - - [20/May/2016:07:54:00 +0800] "GET /content/subject/resource_content.jsp?oid=16777599&queryType=qc HTTP/1.1" 200 36988
163.19.170.155 - - [20/May/2016:07:54:01 +0800] "GET /content/nav/relationSubject.jsp?relationWords=%E5%8D%83%E5%B9%B4%E6%A1%90+%E6%A1%90%E8%8A%B1+%E6%B2%B9%E6%A1%90+&oid=16777599 HTTP/1.1" 200 3738
66.249.71.60 - - [20/May/2016:07:54:26 +0800] "GET /content/repository/resource_content.jsp?oid=4551107&queryString=%E7%AB%A0%E9%AD%9A%20%E8%88%B9%E8%9B%B8%20%E8%88%B9%E8%9B%B8%E5%B1%AC%20%E8%BB%9F%E9%AB%94%E5%8B%95%E7%89%A9%E9%96%80%20%E9%97%8A%E8%88%B9%E8%9B%B8%20%E9%A0%AD%E8%B6%B3%E7%B6%B1 HTTP/1.1" 200 30781
66.249.71.121 - - [20/May/2016:07:54:32 +0800] "GET /content/repository/resource_content.jsp?oid=1542912&queryType=qs&queryString=%E5%95%86%E5%AD%B8%E9%99%A2 HTTP/1.1" 200 29103
68.180.229.182 - - [20/May/2016:07:54:58 +0800] "GET /content/subject/resource_content.jsp?oid=16777542&queryType=qc HTTP/1.1" 200 31575
66.249.71.60 - - [20/May/2016:07:55:15 +0800] "GET /content/nav/relationSubject.jsp?relationWords=%E6%A4%8D%E7%89%A9%E7%95%8C+%E8%8F%8A%E7%A7%91+%E9%9B%99%E5%AD%90%E8%91%89%E6%A4%8D%E7%89%A9+%E9%BC%A0%E9%BA%B4%E8%88%85+%E9%BC%A0%E9%BA%B4%E8%8D%89%E5%B1%AC+&oid=2144500 HTTP/1.1" 200 3278
66.249.71.5 - - [20/May/2016:07:55:17 +0800] "GET /content/nav/relationSubject.jsp?relationWords=%E4%B8%AD%E8%8F%AF%E8%B7%AF+%E5%83%91%E6%B0%91+%E5%83%91%E8%83%9E+%E5%85%83%E9%95%B7+%E5%85%AC%E5%85%B1%E5%B7%A5%E7%A8%8B+%E5%85%AC%E5%BB%B3+%E5%85%B1%E6%9C%89%E5%9C%9F%E5%9C%B0+%E5%8A%A0%E5%B7%A5%E5%87%BA%E5%8F%A3%E5%8D%80+%E5%8B%95%E8%AD%B0%E4%BA%8B%E9%A0%85+%E5%8F%8D%E5%85%B1+%E5%8F%8D%E5%85%B1%E6%8A%97%E4%BF%84+%E5%91%82%E9%8C%A6%E8%8A%B1+%E5%93%A1%E6%9E%97%E9%8E%AE+%E5%9C%9F%E5%9C%B0%E6%89%80%E6%9C%89%E6%AC%8A+%E5%9C%9F%E5%9C%B0%E9%8A%80%E8%A1%8C+%E5%A4%A7%E8%B5%A6+%E5%AF%A9%E5%88%A4+%E5%B1%A0%E5%AE%B0%E7%A8%85+%E5%B7%A5%E7%A8%8B%E8%B2%BB+%E5%B7%A5%E8%B3%87+%E5%B8%AB%E7%AF%84%E5%AD%B8%E6%A0%A1+%E5%BC%B5%E5%AF%8C+%E5%BE%B7%E6%84%8F%E6%A1%88+%E6%88%A1%E4%BA%82%E6%A1%88+%E6%8F%9B%E5%9C%9F+%E6%95%99%E8%82%B2%E5%BB%B3+%E6%9C%83%E8%AD%B0%E7%B4%80%E9%8C%84+%E6%9D%8E%E6%BA%90%E6%A3%A7+%E6%A1%83%E5%9C%92%E7%B8%A3%E6%94%BF%E5%BA%9C+%E6%A5%8A%E6%A2%85%E9%8E%AE+%E6%A8%99%E5%94%AE+%E6%B0%B4%E5%88%A9%E5%B1%80+%E6%B1%BD%E8%BB%8A%E9%A7%95%E9%A7%9B+%E7%82%BA%E8%88%88+%E7%87%9F%E6%A5%AD%E7%A8%85+%E7%94%B3%E5%A0%B1+%E7%9C%81%E6%94%BF%E5%BA%9C+%E7%9C%81%E6%9C%89%E5%9C%9F%E5%9C%B0+%E7%A7%81%E6%9C%89%E5%9C%9F%E5%9C%B0+%E7%A8%85%E6%8D%90+%E7%A8%BD%E5%BE%81+%E7%B3%A7%E9%A3%9F%E5%B1%80+%E7%B5%84%E7%B9%94%E8%A6%8F%E7%A8%8B+%E8%81%AF%E8%8F%AF+%E8%87%BA%E4%B8%AD%E5%B8%82+%E8%87%BA%E5%8C%97%E5%B8%82+%E8%87%BA%E5%8D%97%E5%B8%82%E6%94%BF%E5%BA%9C+%E8%87%BA%E6%9D%B1%E5%B8%AB%E7%AF%84+%E8%87%BA%E6%9D%B1%E9%8E%AE+%E8%87%BA%E7%81%A3%E7%9C%81+%E8%8F%AF%E5%83%91+%E8%8F%AF%E8%AA%95+%E8%8F%B8%E9%85%92%E5%85%AC%E8%B3%A3%E5%B1%80+%E8%99%A7%E7%BC%BA+%E8%A6%86%E8%AD%B0+%E8%AC%9D%E6%A6%AE+%E8%B2%A1%E6%94%BF+%E8%B2%A1%E6%94%BF%E5%BB%B3+%E8%B2%A1%E6%94%BF%E9%A1%9E+%E8%B3%A6%E7%A8%85+%E8%B7%AF%E7%AB%B9+%E8%BE%B2%E6%9E%97+%E8%BE%B2%E6%9E%97%E5%BB%B3+%E8%BE%B2%E7%94%B0%E6%B0%B4%E5%88%A9%E6%9C%83+%E9%84%89%E5%85%AC%E6%89%80+%E9%85%8D%E9%8A%B7+%E9%85%92%E5%BB%A0+%E9%90%B5%E8%B7%AF%E5%B1%80+%E9%BB%83%E5%85%89%E5%B9%B3+&oid=1580504 HTTP/1.1" 200 7812
66.249.71.5 - - [20/May/2016:07:56:10 +0800] "GET /digiarch3/content/nav/relationSubject.jsp?relationWords=%E6%B5%B7%E6%89%87+%E6%B5%B7%E6%89%87%E8%9B%A4+%E6%B5%B7%E6%89%87%E8%9B%A4%E5%B1%AC+%E6%B5%B7%E6%89%87%E8%9B%A4%E7%A7%91+%E8%9B%A4%E7%A7%91+%E9%8C%A6%E6%B5%B7%E6%89%87%E8%9B%A4%E5%B1%AC+%E9%9B%99%E6%AE%BC%E7%B6%B1+%E9%AB%98%E8%B2%B4%E6%B5%B7%E6%89%87%E8%9B%A4+%E9%B6%AF%E8%9B%A4+%E9%B6%AF%E8%9B%A4%E7%9B%AE+&oid=1123782 HTTP/1.1" 200 3774
66.249.71.60 - - [20/May/2016:07:56:33 +0800] "GET /content/repository/resource_content.jsp?oid=1890936 HTTP/1.1" 200 28583
223.138.110.65 - - [20/May/2016:07:58:17 +0800] "GET /content/nav/relationSubject.jsp?relationWords=&oid=16777342 HTTP/1.1" 200 1405
66.249.71.60 - - [20/May/2016:07:58:33 +0800] "GET /content/repository/resource_content.jsp?oid=1609300 HTTP/1.1" 200 29340
66.249.71.60 - - [20/May/2016:07:59:34 +0800] "GET /content/repository/resource_content.jsp?oid=1459220 HTTP/1.1" 200 31354
66.249.66.15 - - [20/May/2016:07:59:44 +0800] "GET /content/repository/resource_content.jsp?oid=1622791 HTTP/1.1" 200 29122
66.249.71.60 - - [20/May/2016:08:00:35 +0800] "GET /content/repository/resource_content.jsp?oid=2510651 HTTP/1.1" 200 29814
42.71.92.104 - - [20/May/2016:08:00:40 +0800] "GET /content/nav/relationSubject.jsp?relationWords=%E5%8D%83%E5%B9%B4%E6%A1%90+%E6%A1%90%E8%8A%B1+%E6%B2%B9%E6%A1%90+&oid=16777599 HTTP/1.1" 200 3738
66.249.71.60 - - [20/May/2016:08:01:35 +0800] "GET /digiarch_en/content/repository/resource_content.jsp?oid=3820704&queryString=%E6%A1%83%E9%87%91%E5%AD%83%20%E6%A1%83%E9%87%91%E5%AD%83%E7%A7%91%20%E6%A4%8D%E7%89%A9%E7%95%8C HTTP/1.1" 200 23924
164.132.161.11 - - [20/May/2016:08:01:48 +0800] "GET /content/pictures/picture_content.jsp?oid=33554806 HTTP/1.1" 200 27360
164.132.161.75 - - [20/May/2016:08:01:57 +0800] "GET /content/pictures/picture_content.jsp?oid=33554805 HTTP/1.1" 200 27617
51.255.65.10 - - [20/May/2016:08:02:09 +0800] "GET /content/pictures/picture_content.jsp?oid=33554807 HTTP/1.1" 200 27677
66.249.71.60 - - [20/May/2016:08:02:36 +0800] "GET /digiarch_en/content/repository/resource_content.jsp?oid=1897181&queryString=%E6%AC%8A%E5%88%A9 HTTP/1.1" 200 26675
157.55.39.30 - - [20/May/2016:08:03:34 +0800] "GET /content/repository/resource_content.jsp?oid=1522281&queryType=qs&queryString=%E8%BF%AA%E5%8C%96%E8%A1%97 HTTP/1.1" 200 29461
66.249.77.85 - - [20/May/2016:08:03:52 +0800] "GET /content/repository/resource_content.jsp?oid=4472298&queryString=%E5%85%B1%E6%A6%AE%20%E5%BB%BA%E6%98%A5%E5%95%86%E8%A1%8C%20%E6%98%8E%E4%BF%A1%E7%89%87%20%E6%9D%9C%E9%A6%99%E5%9C%8B HTTP/1.1" 200 30039
66.249.71.72 - - [20/May/2016:08:04:37 +0800] "GET /content/repository/resource_content.jsp?oid=3814119&queryString=API%20%E5%B1%B1%E8%96%B0%E9%A6%99%20%E5%B1%B1%E8%96%B0%E9%A6%99%E5%B1%AC%20%E6%A4%8D%E7%89%A9%E7%95%8C%20%E7%B9%96%E5%BD%A2%E7%A7%91%20%E9%9B%99%E5%AD%90%E8%91%89%E6%A4%8D%E7%89%A9 HTTP/1.1" 200 31827
66.249.71.64 - - [20/May/2016:08:06:38 +0800] "GET /content/repository/resource_content.jsp?oid=1562351 HTTP/1.1" 200 28749
203.104.145.38 - - [20/May/2016:08:07:01 +0800] "GET /content/repository/resource_content.jsp?oid=1115320&queryString=%E6%A4%8D%E7%89%A9%E7%95%8C%20%E8%A0%B6%E8%B1%86%20%E9%87%8E%E9%BB%83%E8%B1%86%20%E9%87%8E%E9%BB%83%E8%B1%86%E5%B1%AC%20%E9%9B%99%E5%AD%90%E8%91%89%20%E9%9B%99%E5%AD%90%E8%91%89%E6%A4%8D%E7%89%A9%20%E9%BB%83%E8%B1%86 HTTP/1.1" 200 31723
66.249.71.64 - - [20/May/2016:08:07:38 +0800] "GET /content/repository/resource_content.jsp?oid=1081601&queryString=%E8%9D%B4%E8%9D%B6%E9%AD%9A%20%E8%9D%B4%E8%9D%B6%E9%AD%9A%E7%A7%91 HTTP/1.1" 200 34506
220.181.108.184 - - [20/May/2016:08:08:22 +0800] "GET /digiarch_en/content/subject/resource_content.jsp?oid=16777263&queryType=qc HTTP/1.1" 200 26788
66.249.77.91 - - [20/May/2016:08:08:39 +0800] "GET /content/subject/resource_content.jsp?oid=16777442&queryString=%E8%A6%96%E8%A6%BA HTTP/1.1" 200 28119
66.249.77.85 - - [20/May/2016:08:09:39 +0800] "GET /content/subject/resource_content.jsp?oid=16777657&queryType=qc HTTP/1.1" 200 71777
66.249.71.72 - - [20/May/2016:08:10:12 +0800] "GET /content/nav/relationSubject.jsp?relationWords=%E5%93%A1%E6%9E%97%E9%8E%AE+&oid=1625178 HTTP/1.1" 200 5175
68.180.229.182 - - [20/May/2016:08:10:29 +0800] "GET /digiarch_en/content/subject/resource_content.jsp?oid=16777541&queryType=qc HTTP/1.1" 200 23321
68.180.229.182 - - [20/May/2016:08:10:32 +0800] "GET /digiarch_en/content/subject/resource_content.jsp?oid=16777745&queryType=qc HTTP/1.1" 200 31171
66.249.77.85 - - [20/May/2016:08:10:40 +0800] "GET /content/subject/resource_content.jsp?oid=16777735&queryString=%E6%B3%B0%E9%9B%85%E6%97%8F%20%E7%8F%A0%E8%A1%A3 HTTP/1.1" 200 32560
66.249.71.60 - - [20/May/2016:08:11:40 +0800] "GET /content/subject/resource_content.jsp?oid=16777743&queryType=qc HTTP/1.1" 200 32569
66.249.71.72 - - [20/May/2016:08:13:08 +0800] "GET /content/subject/resource_content.jsp?oid=16777400&queryString=%E6%9D%9C%E9%B5%91%E8%8A%B1%20%E6%9D%9C%E9%B5%91%E8%8A%B1%E5%B1%AC%20%E6%9D%9C%E9%B5%91%E8%8A%B1%E7%A7%91%20%E6%A4%8D%E7%89%A9%E7%95%8C%20%E9%87%91%E6%AF%9B%E6%9D%9C%E9%B5%91 HTTP/1.1" 200 28451
66.249.77.85 - - [20/May/2016:08:13:41 +0800] "GET /content/repository/resource_content.jsp?oid=1520264&queryString=%E6%97%8F%E8%AD%9C HTTP/1.1" 200 29527
207.46.13.187 - - [20/May/2016:08:13:49 +0800] "GET /content/repository/resource_content.jsp?oid=2605371&queryType=qs&queryString=%E7%BE%85%E6%BC%A2%E9%96%80 HTTP/1.1" 200 30212
157.55.39.30 - - [20/May/2016:08:14:43 +0800] "GET /content/repository/resource_content.jsp?oid=1601522&queryString=%E5%9C%B0%E7%B1%8D%E6%B8%AC%E9%87%8F%20%E6%8A%80%E5%A3%AB HTTP/1.1" 200 29162
66.249.71.72 - - [20/May/2016:08:16:04 +0800] "GET /content/repository/resource_content.jsp?oid=14232&queryString=%E8%96%AF%E9%B0%BB%20%E8%99%8E%E9%B0%BB%20%E8%A4%90%E8%A3%B8%E8%87%80%E9%AF%99%20%E8%A4%90%E9%AB%98%E7%9C%89%E9%B1%94%20%E9%8C%A2%E9%B0%BB HTTP/1.1" 200 34104
101.12.119.30 - - [20/May/2016:08:16:42 +0800] "GET /content/nav/relationSubject.jsp?relationWords=%E6%B4%8B%E7%8E%89%E8%98%AD+&oid=16777351 HTTP/1.1" 200 3545
66.249.71.64 - - [20/May/2016:08:17:02 +0800] "GET /content/nav/relationSubject.jsp?relationWords=%E5%B9%B9%E8%8A%B1%E6%A6%95+%E6%A4%8D%E7%89%A9%E7%95%8C+%E6%A6%95%E5%B1%AC+&oid=3819355 HTTP/1.1" 200 3303
180.76.15.147 - - [20/May/2016:08:18:24 +0800] "GET /content/repository/resource_content.jsp?oid=2630544&queryType=qs&queryString=%E6%B2%99%E6%B2%B3%E7%B8%A3 HTTP/1.1" 200 29193
66.249.71.105 - - [20/May/2016:08:18:27 +0800] "GET /content/tmp_exh/resource_content.jsp?oid=16777802&queryType=qc HTTP/1.1" 200 28926
66.249.66.60 - - [20/May/2016:08:19:46 +0800] "GET /content/repository/resource_content.jsp?oid=1773169&queryType=qs&queryString=%E6%B4%BB%E5%8B%95%E7%9B%AE%E6%A8%99 HTTP/1.1" 200 33515
66.249.71.14 - - [20/May/2016:08:20:50 +0800] "GET /digiarch3/content/repository/resource_content.jsp?oid=3823070&queryString=%E6%A4%8D%E7%89%A9%E7%95%8C%20%E7%8E%89%E8%91%89%E9%87%91%E8%8A%B1%20%E7%8E%89%E8%91%89%E9%87%91%E8%8A%B1%E5%B1%AC%20%E8%8C%9C%E8%8D%89%20%E8%8C%9C%E8%8D%89%E7%A7%91 HTTP/1.1" 200 31550
66.249.71.64 - - [20/May/2016:08:22:19 +0800] "GET /content/subject/resource_content.jsp?oid=16777463&queryString=%E6%9D%BE%E6%9D%89%20%E6%9D%BE%E7%A7%91%20%E6%A4%8D%E7%89%A9%E7%95%8C%20%E6%AF%AC%E6%9E%9C%20%E7%BE%85%E6%BC%A2%E6%9D%BE%20%E7%BE%85%E6%BC%A2%E6%9D%BE%E5%B1%AC%20%E8%98%AD%E5%B6%BC%E7%BE%85%E6%BC%A2%E6%9D%BE HTTP/1.1" 200 28538
66.249.71.121 - - [20/May/2016:08:23:13 +0800] "GET /content/repository/resource_content.jsp?oid=1887531&queryType=qs&queryString=%E5%85%89%E9%9C%B2%E5%9C%92 HTTP/1.1" 200 29795
126.152.196.64 - - [20/May/2016:08:24:54 +0800] "GET /content/nav/relationSubject.jsp?relationWords=%E7%9F%B3%E7%8B%97%E5%85%AC+%E7%9F%B3%E9%A0%AD%E9%AD%9A+%E8%99%8E%E9%AD%9A+%E9%AC%BC%E8%99%8E%E9%AD%9A+%E9%AD%9A%E8%99%8E+&oid=14832 HTTP/1.1" 200 3505
36.225.243.47 - - [20/May/2016:08:27:34 +0800] "GET /content/repository/resource_content.jsp?oid=3811122&queryString=%E5%8F%B0%E7%81%A3%E6%9C%88%E6%A1%83%20%E6%9C%88%E6%A1%83%E5%B1%AC HTTP/1.1" 200 30736
36.225.243.47 - - [20/May/2016:08:27:35 +0800] "GET /content/nav/relationSubject.jsp?relationWords=%E5%8F%B0%E7%81%A3%E6%9C%88%E6%A1%83+%E6%9C%88%E6%A1%83%E5%B1%AC+%E6%A4%8D%E7%89%A9%E7%95%8C+%E8%96%91%E7%A7%91+&oid=3811122 HTTP/1.1" 200 3111
180.76.15.159 - - [20/May/2016:08:27:52 +0800] "GET /content/repository/resource_content.jsp?oid=3817009&queryString=%E6%A4%8D%E7%89%A9%E7%95%8C%20%E8%8C%9C%E8%8D%89%20%E8%8C%9C%E8%8D%89%E7%A7%91%20%E9%9B%9E%E5%B1%8E%E7%B1%90 HTTP/1.1" 200 31504
111.240.192.148 - - [20/May/2016:08:28:26 +0800] "GET /content/nav/relationSubject.jsp?relationWords=%E5%8F%B0%E7%81%A3%E6%AC%92%E6%A8%B9+%E8%8B%A6%E8%8B%93%E8%88%85+&oid=16777254 HTTP/1.1" 200 4285
157.55.39.241 - - [20/May/2016:08:28:36 +0800] "GET /content/repository/resource_content.jsp?oid=1105731 HTTP/1.1" 200 30046
36.225.243.47 - - [20/May/2016:08:29:41 +0800] "GET /content/repository/resource_content.jsp?oid=3811122&queryString=%E5%8F%B0%E7%81%A3%E6%9C%88%E6%A1%83%20%E6%9C%88%E6%A1%83%E5%B1%AC HTTP/1.1" 200 30736
36.225.243.47 - - [20/May/2016:08:29:41 +0800] "GET /content/nav/relationSubject.jsp?relationWords=%E5%8F%B0%E7%81%A3%E6%9C%88%E6%A1%83+%E6%9C%88%E6%A1%83%E5%B1%AC+%E6%A4%8D%E7%89%A9%E7%95%8C+%E8%96%91%E7%A7%91+&oid=3811122 HTTP/1.1" 200 3111
66.249.71.60 - - [20/May/2016:08:30:22 +0800] "GET /content/pictures/picture_content.jsp?oid=33554818&queryType=qc HTTP/1.1" 200 27801
164.132.161.65 - - [20/May/2016:08:31:16 +0800] "GET /digiarch3/content/subject/resource_content.jsp?oid=16797281&queryType=qc HTTP/1.1" 200 53085
66.249.71.60 - - [20/May/2016:08:32:46 +0800] "GET /content/repository/resource_content.jsp?oid=24862 HTTP/1.1" 200 30025
66.249.71.64 - - [20/May/2016:08:35:09 +0800] "GET /content/repository/resource_content.jsp?oid=2629262&queryString=%E5%9C%B0%E5%BD%A2%E5%9C%96%20%E5%B1%B1%E9%99%B0%E7%B8%A3 HTTP/1.1" 200 30419
182.155.216.166 - - [20/May/2016:08:35:25 +0800] "GET /content/repository/resource_content.jsp?oid=1620846 HTTP/1.1" 200 28938
182.155.216.166 - - [20/May/2016:08:35:25 +0800] "GET /content/nav/relationSubject.jsp?relationWords=%E4%BA%A4%E6%B5%81%E9%81%93+%E4%BD%8F%E5%AE%85%E5%8D%80+%E7%89%B9%E5%AE%9A%E5%8D%80+%E9%AB%98%E9%80%9F%E5%85%AC%E8%B7%AF+&oid=1620846 HTTP/1.1" 200 4397
114.44.209.180 - - [20/May/2016:08:36:15 +0800] "GET /content/repository/resource_content.jsp?oid=1897453 HTTP/1.1" 200 29073
114.44.209.180 - - [20/May/2016:08:36:16 +0800] "GET /content/nav/relationSubject.jsp?relationWords=%E5%8D%97%E5%9F%94+%E7%89%A9%E8%B3%87%E5%B1%80+%E7%94%A2%E6%AC%8A+%E7%95%B8%E9%9B%B6%E5%9C%B0+%E8%87%BA%E7%81%A3%E7%9C%81%E6%94%BF%E5%BA%9C+&oid=1897453 HTTP/1.1" 200 5380
66.249.66.15 - - [20/May/2016:08:37:05 +0800] "GET /content/repository/resource_content.jsp?oid=1106066 HTTP/1.1" 200 31065
66.249.71.60 - - [20/May/2016:08:37:32 +0800] "GET /content/repository/resource_content.jsp?oid=23431 HTTP/1.1" 200 29596
66.249.71.64 - - [20/May/2016:08:39:55 +0800] "GET /content/repository/resource_content.jsp?oid=1530629 HTTP/1.1" 200 28647
66.249.71.64 - - [20/May/2016:08:40:47 +0800] "GET /content/repository/resource_content.jsp?oid=1095991&queryString=%E6%A4%8D%E7%89%A9%E7%95%8C%20%E7%88%B5%E5%BA%8A%20%E7%88%B5%E5%BA%8A%E7%A7%91%20%E7%8E%84%E5%8F%83%20%E8%98%86%E5%88%A9%E8%8D%89%20%E8%98%86%E5%88%A9%E8%8D%89%E5%B1%AC HTTP/1.1" 200 31389
118.167.51.65 - - [20/May/2016:08:41:13 +0800] "GET /content/nav/relationSubject.jsp?relationWords=%E7%B4%AB%E8%96%87+&oid=16777424 HTTP/1.1" 200 4000
210.66.181.120 - - [20/May/2016:08:46:30 +0800] "GET /content/nav/relationSubject.jsp?relationWords=%E8%8C%84%E8%8B%B3+&oid=16777306 HTTP/1.1" 200 4432
66.249.71.59 - - [20/May/2016:08:47:04 +0800] "GET /content/repository/resource_content.jsp?oid=4362313&queryString=%E7%B1%A4%E7%AD%92 HTTP/1.1" 200 29775
66.249.71.121 - - [20/May/2016:08:48:28 +0800] "GET /content/nav/relationSubject.jsp?relationWords=%E5%A4%A7%E7%94%B2%E4%BF%A1%E7%94%A8%E7%B5%84%E5%90%88+%E6%9D%8E%E6%99%A8%E9%90%98+%E6%9D%9C%E9%A6%99%E5%9C%8B+&oid=1887910 HTTP/1.1" 200 3252
66.249.71.113 - - [20/May/2016:08:48:30 +0800] "GET /content/nav/relationSubject.jsp?relationWords=%E5%A4%A7%E7%94%B2%E4%BF%A1%E7%94%A8%E7%B5%84%E5%90%88%20%E6%9D%8E%E6%99%A8%E9%90%98%20%E6%9D%9C%E9%A6%99%E5%9C%8B%20&oid=1887910 HTTP/1.1" 200 3252
66.249.71.60 - - [20/May/2016:08:49:27 +0800] "GET /content/repository/resource_content.jsp?oid=1109728&queryString=%E6%9D%9C%E9%B5%91%E8%8A%B1%20%E6%9D%9C%E9%B5%91%E8%8A%B1%E7%A7%91%20%E6%A4%8D%E7%89%A9%E7%95%8C%20%E7%8F%8D%E7%8F%A0%E8%8A%B1%20%E8%B6%8A%E6%A9%98%E5%B1%AC%20%E9%95%B7%E5%B0%BE%E8%91%89%E8%B6%8A%E6%A9%98 HTTP/1.1" 200 31856
66.249.71.64 - - [20/May/2016:08:50:00 +0800] "GET /content/repository/resource_content.jsp?oid=1836030&queryString=%E7%8A%A7%E9%A6%96%20%E7%8D%B8%E9%9D%A2%E7%B4%8B HTTP/1.1" 200 30682
66.249.71.64 - - [20/May/2016:08:50:43 +0800] "GET /content/nav/relationSubject.jsp?relationWords=%E6%A0%B8%E7%A4%BA%E9%81%B5+%E7%B5%84%E7%B9%94%E8%A6%8F%E7%A8%8B+%E8%87%A8%E6%99%82%E7%9C%81%E8%AD%B0%E6%9C%83+%E8%87%BA%E7%81%A3%E7%9C%81+&oid=1550666 HTTP/1.1" 200 4538
66.249.71.64 - - [20/May/2016:08:50:46 +0800] "GET /content/nav/relationSubject.jsp?relationWords=%E6%A0%B8%E7%A4%BA%E9%81%B5%20%E7%B5%84%E7%B9%94%E8%A6%8F%E7%A8%8B%20%E8%87%A8%E6%99%82%E7%9C%81%E8%AD%B0%E6%9C%83%20%E8%87%BA%E7%81%A3%E7%9C%81%20&oid=1550666 HTTP/1.1" 200 4538
163.27.43.7 - - [20/May/2016:08:50:58 +0800] "GET /content/subject/resource_content.jsp?oid=16777721&queryString=%E6%A4%8D%E7%89%A9%E7%95%8C%20%E7%8E%89%E5%B1%B1%E8%96%84%E9%9B%AA%E8%8D%89%20%E8%8F%8A%E7%A7%91%20%E8%96%84%E9%9B%AA%E8%8D%89%E5%B1%AC%20%E9%9B%99%E5%AD%90%E8%91%89%E6%A4%8D%E7%89%A9 HTTP/1.1" 200 36216
163.27.43.7 - - [20/May/2016:08:50:59 +0800] "GET /content/nav/relationSubject.jsp?relationWords=%E7%8E%89%E5%B1%B1%E8%96%84%E9%9B%AA%E8%8D%89+&oid=16777721 HTTP/1.1" 200 3686
66.249.77.85 - - [20/May/2016:08:51:23 +0800] "GET /content/nav/relationSubject.jsp?relationWords=%E6%B1%BD%E8%88%B9+%E9%9B%85%E7%BE%8E%E6%97%8F+&oid=1781119 HTTP/1.1" 200 3267
1.164.209.58 - - [20/May/2016:08:51:24 +0800] "GET /content/repository/resource_content.jsp?oid=1110049 HTTP/1.1" 200 31050
1.164.209.58 - - [20/May/2016:08:51:25 +0800] "GET /content/nav/relationSubject.jsp?relationWords=%E6%A4%8D%E7%89%A9%E7%95%8C+%E8%8E%94%E9%BA%BB+%E9%8C%A6%E8%91%B5+%E9%8C%A6%E8%91%B5%E7%A7%91+%E9%A2%A8%E9%88%B4%E8%8A%B1+&oid=1110049 HTTP/1.1" 200 3312
66.249.77.85 - - [20/May/2016:08:51:25 +0800] "GET /content/nav/relationSubject.jsp?relationWords=%E6%B1%BD%E8%88%B9%20%E9%9B%85%E7%BE%8E%E6%97%8F%20&oid=1781119 HTTP/1.1" 200 3267
66.249.71.5 - - [20/May/2016:08:51:50 +0800] "GET /digiarch3/content/repository/resource_content.jsp?oid=4364026&queryType=qs&queryString=%E5%9E%82%E5%B8%B6 HTTP/1.1" 200 29024
66.249.79.244 - - [20/May/2016:08:52:11 +0800] "GET /content/nav/relationSubject.jsp?relationWords=%E6%97%8F%E8%AD%9C+%E7%B1%8D%E8%B2%AB+%E8%87%A8%E6%99%82%E7%9C%81%E8%AD%B0%E6%9C%83+%E8%87%BA%E7%81%A3%E7%9C%81+%E8%B3%B4%E6%A3%AE%E6%9E%97+%E8%B3%B4%E6%A6%AE%E6%9C%A8+%E8%B3%B4%E6%B7%B5%E5%B9%B3+&oid=1520264 HTTP/1.1" 200 6336
66.249.79.135 - - [20/May/2016:08:52:13 +0800] "GET /content/nav/relationSubject.jsp?relationWords=%E6%97%8F%E8%AD%9C%20%E7%B1%8D%E8%B2%AB%20%E8%87%A8%E6%99%82%E7%9C%81%E8%AD%B0%E6%9C%83%20%E8%87%BA%E7%81%A3%E7%9C%81%20%E8%B3%B4%E6%A3%AE%E6%9E%97%20%E8%B3%B4%E6%A6%AE%E6%9C%A8%20%E8%B3%B4%E6%B7%B5%E5%B9%B3%20&oid=1520264 HTTP/1.1" 200 6336
66.249.79.200 - - [20/May/2016:08:52:23 +0800] "GET /content/nav/relationSubject.jsp?relationWords=%E6%88%B6%E7%A8%85+%E7%9C%81%E6%94%BF%E5%BA%9C+%E7%A8%85%E5%88%B6+%E8%87%A8%E6%99%82%E7%9C%81%E8%AD%B0%E6%9C%83+%E8%87%BA%E7%81%A3%E7%9C%81+%E8%8B%97%E6%A0%97%E7%B8%A3%E8%AD%B0%E6%9C%83+%E8%B2%A1%E6%94%BF%E7%8D%A8%E7%AB%8B+%E9%99%B3%E9%8C%AB%E7%90%9B+&oid=1523043 HTTP/1.1" 200 4852
66.249.71.60 - - [20/May/2016:08:52:25 +0800] "GET /content/nav/relationSubject.jsp?relationWords=%E6%88%B6%E7%A8%85%20%E7%9C%81%E6%94%BF%E5%BA%9C%20%E7%A8%85%E5%88%B6%20%E8%87%A8%E6%99%82%E7%9C%81%E8%AD%B0%E6%9C%83%20%E8%87%BA%E7%81%A3%E7%9C%81%20%E8%8B%97%E6%A0%97%E7%B8%A3%E8%AD%B0%E6%9C%83%20%E8%B2%A1%E6%94%BF%E7%8D%A8%E7%AB%8B%20%E9%99%B3%E9%8C%AB%E7%90%9B%20&oid=1523043 HTTP/1.1" 200 4852
66.249.71.60 - - [20/May/2016:08:52:53 +0800] "GET /digiarch_en/content/nav/relationSubject.jsp?relationWords=%E9%99%B3%E6%B0%8F%E6%B2%B9%E9%B0%BB+%E9%BA%A5%E6%B0%8F+&oid=16777779 HTTP/1.1" 200 3371
66.249.79.200 - - [20/May/2016:08:52:58 +0800] "GET /digiarch_en/content/nav/relationSubject.jsp?relationWords=%E9%99%B3%E6%B0%8F%E6%B2%B9%E9%B0%BB%20%E9%BA%A5%E6%B0%8F%20&oid=16777779 HTTP/1.1" 200 3371
220.181.108.113 - - [20/May/2016:08:53:22 +0800] "GET /digiarch_en/content/subject/resource_content.jsp?oid=16777753&queryType=qc HTTP/1.1" 200 31354
66.249.71.60 - - [20/May/2016:08:54:13 +0800] "GET /content/repository/resource_content.jsp?oid=1627835 HTTP/1.1" 200 29021
139.129.7.222 - - [20/May/2016:08:54:32 +0800] "GET /content/subject/resource_content.jsp?oid=16777303&queryType=qc HTTP/1.1" 200 34984
139.129.7.222 - - [20/May/2016:08:54:52 +0800] "GET /content/tmp_auth/resource_content.jsp?oid=16777758 HTTP/1.1" 200 25317
139.129.7.222 - - [20/May/2016:08:55:04 +0800] "GET /content/tmp_tec/resource_content.jsp?oid=16777730 HTTP/1.1" 200 42439
139.129.7.222 - - [20/May/2016:08:55:18 +0800] "GET /content/tmp_auth/resource_content.jsp?oid=16777758+and%281%3D1%29 HTTP/1.1" 200 25373
139.129.7.222 - - [20/May/2016:08:55:22 +0800] "GET /content/tmp_auth/resource_content.jsp?oid=16777758+and%2811%3D11%29 HTTP/1.1" 200 25350
139.129.7.222 - - [20/May/2016:08:55:24 +0800] "GET /content/tmp_auth/resource_content.jsp?oid=16777758+and%281%3D11%29 HTTP/1.1" 200 25376
139.129.7.222 - - [20/May/2016:08:55:24 +0800] "GET /content/subject/resource_content.jsp?oid=16777303+and%281%3D1%29&queryType=qc HTTP/1.1" 200 34984
139.129.7.222 - - [20/May/2016:08:55:26 +0800] "GET /content/tmp_auth/resource_content.jsp?oid=16777758%27+and+%271%27%3D%271 HTTP/1.1" 200 25370
139.129.7.222 - - [20/May/2016:08:55:27 +0800] "GET /content/tmp_auth/resource_content.jsp?oid=16777758%27+and+%2711%27%3D%2711 HTTP/1.1" 200 25347
139.129.7.222 - - [20/May/2016:08:55:28 +0800] "GET /content/subject/resource_content.jsp?oid=16777303+and%2811%3D11%29&queryType=qc HTTP/1.1" 200 34984
139.129.7.222 - - [20/May/2016:08:55:29 +0800] "GET /content/tmp_auth/resource_content.jsp?oid=16777758%27+and+%271%27%3D%2711 HTTP/1.1" 200 25373
139.129.7.222 - - [20/May/2016:08:55:30 +0800] "GET /content/subject/resource_content.jsp?oid=16777303+and%281%3D11%29&queryType=qc HTTP/1.1" 200 34984
139.129.7.222 - - [20/May/2016:08:55:30 +0800] "GET /content/tmp_auth/resource_content.jsp?oid=16777758%29and%281%3D1 HTTP/1.1" 500 15712
139.129.7.222 - - [20/May/2016:08:55:32 +0800] "GET /content/tmp_auth/resource_content.jsp?oid=16777758%27+and+%27%25%27%3D%27 HTTP/1.1" 200 25338
139.129.7.222 - - [20/May/2016:08:55:33 +0800] "GET /content/subject/resource_content.jsp?oid=16777303%27+and+%271%27%3D%271&queryType=qc HTTP/1.1" 200 34984
139.129.7.222 - - [20/May/2016:08:55:34 +0800] "GET /content/tmp_auth/resource_content.jsp?oid=16777758%27+and+%2711%25%27%3D%2711 HTTP/1.1" 200 25350
139.129.7.222 - - [20/May/2016:08:55:35 +0800] "GET /content/tmp_auth/resource_content.jsp?oid=16777758%27+and+%271%25%27%3D%2711 HTTP/1.1" 200 25376
139.129.7.222 - - [20/May/2016:08:55:36 +0800] "GET /content/subject/resource_content.jsp?oid=16777303%27+and+%2711%27%3D%2711&queryType=qc HTTP/1.1" 200 34984
139.129.7.222 - - [20/May/2016:08:55:40 +0800] "GET /content/subject/resource_content.jsp?oid=16777303%27+and+%271%27%3D%2711&queryType=qc HTTP/1.1" 200 34984
139.129.7.222 - - [20/May/2016:08:55:40 +0800] "GET /content/subject/resource_content.jsp?oid=16777303%29and%281%3D1&queryType=qc HTTP/1.1" 500 15712
139.129.7.222 - - [20/May/2016:08:55:41 +0800] "GET /content/tmp_tec/resource_content.jsp?oid=16777730+and%281%3D1%29 HTTP/1.1" 200 42524
139.129.7.222 - - [20/May/2016:08:55:43 +0800] "GET /content/tmp_tec/resource_content.jsp?oid=16777730+and%2811%3D11%29 HTTP/1.1" 200 42501
139.129.7.222 - - [20/May/2016:08:55:45 +0800] "GET /content/tmp_tec/resource_content.jsp?oid=16777730+and%281%3D11%29 HTTP/1.1" 200 42556
139.129.7.222 - - [20/May/2016:08:55:47 +0800] "GET /content/tmp_tec/resource_content.jsp?oid=16777730%27+and+%271%27%3D%271 HTTP/1.1" 200 42521
139.129.7.222 - - [20/May/2016:08:55:48 +0800] "GET /content/subject/resource_content.jsp?oid=16777303%27+and+%27%25%27%3D%27&queryType=qc HTTP/1.1" 200 34984
139.129.7.222 - - [20/May/2016:08:55:49 +0800] "GET /content/tmp_tec/resource_content.jsp?oid=16777730%27+and+%2711%27%3D%2711 HTTP/1.1" 200 42498
139.129.7.222 - - [20/May/2016:08:55:51 +0800] "GET /content/tmp_tec/resource_content.jsp?oid=16777730%27+and+%271%27%3D%2711 HTTP/1.1" 200 42553
139.129.7.222 - - [20/May/2016:08:55:51 +0800] "GET /content/tmp_tec/resource_content.jsp?oid=16777730%29and%281%3D1 HTTP/1.1" 302 -
139.129.7.222 - - [20/May/2016:08:55:52 +0800] "GET /content/subject/resource_content.jsp?oid=16777303%27+and+%2711%25%27%3D%2711&queryType=qc HTTP/1.1" 200 34984
139.129.7.222 - - [20/May/2016:08:55:54 +0800] "GET /content/tmp_tec/resource_content.jsp?oid=16777730%27+and+%27%25%27%3D%27 HTTP/1.1" 200 42460
139.129.7.222 - - [20/May/2016:08:55:56 +0800] "GET /content/subject/resource_content.jsp?oid=16777303%27+and+%271%25%27%3D%2711&queryType=qc HTTP/1.1" 200 34984
139.129.7.222 - - [20/May/2016:08:55:58 +0800] "GET /content/tmp_tec/resource_content.jsp?oid=16777730%27+and+%2711%25%27%3D%2711 HTTP/1.1" 200 42501
139.129.7.222 - - [20/May/2016:08:55:58 +0800] "GET /content/subject/resource_content.jsp?oid=16777303&queryType=qc%27+and+%271%27%3D%271 HTTP/1.1" 200 34984
139.129.7.222 - - [20/May/2016:08:56:00 +0800] "GET /content/subject/resource_content.jsp?oid=16777303&queryType=qc%27+and+%2711%27%3D%2711 HTTP/1.1" 200 34984
139.129.7.222 - - [20/May/2016:08:56:00 +0800] "GET /content/tmp_tec/resource_content.jsp?oid=16777730%27+and+%271%25%27%3D%2711 HTTP/1.1" 200 42556
139.129.7.222 - - [20/May/2016:08:56:04 +0800] "GET /content/subject/resource_content.jsp?oid=16777303&queryType=qc%27+and+%271%27%3D%2711 HTTP/1.1" 200 34984
139.129.7.222 - - [20/May/2016:08:56:06 +0800] "GET /content/subject/resource_content.jsp?oid=16777303&queryType=qc%27+and+%27%25%27%3D%27 HTTP/1.1" 200 34984
139.129.7.222 - - [20/May/2016:08:56:08 +0800] "GET /content/subject/resource_content.jsp?oid=16777303&queryType=qc%27+and+%2711%25%27%3D%2711 HTTP/1.1" 200 34984
139.129.7.222 - - [20/May/2016:08:56:10 +0800] "GET /content/subject/resource_content.jsp?oid=16777303&queryType=qc%27+and+%271%25%27%3D%2711 HTTP/1.1" 200 34984
66.249.66.5 - - [20/May/2016:08:56:20 +0800] "GET /content/repository/resource_content.jsp?oid=1571526 HTTP/1.1" 200 28726
1.167.228.77 - - [20/May/2016:08:56:28 +0800] "GET /content/nav/relationSubject.jsp?relationWords=%E6%B4%8B%E7%8E%89%E8%98%AD+&oid=16777351 HTTP/1.1" 200 3545
66.249.71.72 - - [20/May/2016:08:56:36 +0800] "GET /content/repository/resource_content.jsp?oid=1612109 HTTP/1.1" 200 28718
66.249.71.60 - - [20/May/2016:08:56:57 +0800] "GET /content/nav/relationSubject.jsp?relationWords=%E4%BF%84%E4%BD%BF+%E7%83%8F%E6%A2%81%E6%B5%B7+%E7%83%8F%E9%87%8C%E9%9B%85%E8%98%87%E5%8F%B0+&oid=673642 HTTP/1.1" 200 3238
66.249.71.60 - - [20/May/2016:08:57:00 +0800] "GET /content/nav/relationSubject.jsp?relationWords=%E4%BF%84%E4%BD%BF%20%E7%83%8F%E6%A2%81%E6%B5%B7%20%E7%83%8F%E9%87%8C%E9%9B%85%E8%98%87%E5%8F%B0%20&oid=673642 HTTP/1.1" 200 3238
125.230.121.86 - - [20/May/2016:08:57:16 +0800] "GET /content/repository/resource_content.jsp?oid=4452786&queryString=%E8%97%A4%E5%B1%B1 HTTP/1.1" 200 28436
66.249.71.60 - - [20/May/2016:08:57:16 +0800] "GET /content/nav/relationSubject.jsp?relationWords=%E9%A6%99%E8%95%89%E7%89%8C+&oid=1562351 HTTP/1.1" 200 4134
125.230.121.86 - - [20/May/2016:08:57:17 +0800] "GET /content/nav/relationSubject.jsp?relationWords=%E8%97%A4%E5%B1%B1+&oid=4452786 HTTP/1.1" 200 3146
66.249.71.60 - - [20/May/2016:08:57:19 +0800] "GET /content/nav/relationSubject.jsp?relationWords=%E9%A6%99%E8%95%89%E7%89%8C%20&oid=1562351 HTTP/1.1" 200 4134
27.246.133.70 - - [20/May/2016:08:57:53 +0800] "GET /content/nav/relationSubject.jsp?relationWords=%E7%99%BD%E5%8D%83%E5%B1%A4+&oid=16777287 HTTP/1.1" 200 3852
68.180.229.182 - - [20/May/2016:08:57:58 +0800] "GET /digiarch_en/content/pictures/picture_content.jsp?oid=33554812 HTTP/1.1" 200 22172
66.249.71.60 - - [20/May/2016:08:58:14 +0800] "GET /content/nav/relationSubject.jsp?relationWords=%E6%A4%8D%E7%89%A9%E7%95%8C+%E7%B4%AB%E8%83%8C%E8%8D%89%E5%B1%AC+%E7%BA%93%E7%B5%A8%E8%8A%B1+%E8%8F%8A%E7%A7%91+%E9%9B%99%E5%AD%90%E8%91%89%E6%A4%8D%E7%89%A9+&oid=1110616 HTTP/1.1" 200 3404
66.249.71.60 - - [20/May/2016:08:58:16 +0800] "GET /content/nav/relationSubject.jsp?relationWords=%E5%81%BD%E9%80%A0%E6%96%87%E6%9B%B8+%E6%B3%95%E9%99%A2+%E8%95%AD%E4%BD%9B%E5%8A%A9+%E8%B2%A1%E6%94%BF%E5%BB%B3+%E9%AB%98%E9%9B%84%E5%B8%82+&oid=1523455 HTTP/1.1" 200 5361
66.249.71.60 - - [20/May/2016:08:58:19 +0800] "GET /content/nav/relationSubject.jsp?relationWords=%E5%81%BD%E9%80%A0%E6%96%87%E6%9B%B8%20%E6%B3%95%E9%99%A2%20%E8%95%AD%E4%BD%9B%E5%8A%A9%20%E8%B2%A1%E6%94%BF%E5%BB%B3%20%E9%AB%98%E9%9B%84%E5%B8%82%20&oid=1523455 HTTP/1.1" 200 5361
125.230.121.86 - - [20/May/2016:08:58:27 +0800] "GET /content/repository/resource_content.jsp?oid=4452786&queryType=null&queryString=%E8%97%A4%E5%B1%B1%E9%9B%B7%E5%A4%AA HTTP/1.1" 200 28610
140.109.153.185 - - [20/May/2016:08:58:38 +0800] "GET /content/tmp_exh/resource_content.jsp?oid=16777852&queryType=qc%201890 HTTP/1.1" 200 67305
140.109.153.185 - - [20/May/2016:08:58:40 +0800] "GET /content/nav/relationSubject.jsp?relationWords=&oid=16777852 HTTP/1.1" 200 1405
207.46.13.78 - - [20/May/2016:08:58:42 +0800] "GET /content/repository/resource_content.jsp?oid=14411&queryString=%E5%8F%B0%E7%81%A3%E9%8F%9F%E9%A0%9C%E9%AD%9A%20%E7%94%B2%E9%AD%9A%20%E7%99%BD%E7%94%B2%20%E9%AF%89%E7%A7%91%20%E9%BD%8A%E9%A0%AD%E5%81%8E HTTP/1.1" 200 35866
66.249.71.60 - - [20/May/2016:08:58:59 +0800] "GET /content/repository/resource_content.jsp?oid=1626837&queryString=%E5%A4%9A%E5%AA%92%E9%AB%94%20%E5%AA%92%E9%AB%94%20%E5%B8%82%E5%A0%B4%E8%AA%BF%E6%9F%A5%20%E6%89%8B%E5%B7%A5%E8%97%9D%E5%93%81 HTTP/1.1" 200 29737
213.251.182.106 - - [20/May/2016:09:00:31 +0800] "HEAD /content/subject/resource_content.jsp?oid=16777835&queryType=qc%3E HTTP/1.1" 200 -
213.251.182.106 - - [20/May/2016:09:00:34 +0800] "GET /content/subject/resource_content.jsp?oid=16777835&queryType=qc%3E HTTP/1.1" 200 50984
66.249.77.91 - - [20/May/2016:09:01:00 +0800] "GET /content/subject/resource_content.jsp?oid=16777448&queryType=qc HTTP/1.1" 200 34511
66.249.71.105 - - [20/May/2016:09:01:22 +0800] "GET /content/repository/resource_content.jsp?oid=1115689&queryType=qs&queryString=%E4%B8%89%E8%8A%B1 HTTP/1.1" 200 31787
49.218.39.237 - - [20/May/2016:09:01:32 +0800] "GET /content/nav/relationSubject.jsp?relationWords=%E5%8F%B0%E7%81%A3%E6%AC%92%E6%A8%B9+%E8%8B%A6%E8%8B%93%E8%88%85+&oid=16777254 HTTP/1.1" 200 4285
66.249.71.64 - - [20/May/2016:09:02:38 +0800] "GET /content/nav/relationSubject.jsp?relationWords=%E5%AE%98%E7%B4%B3+%E6%87%B7%E9%81%A0+&oid=2676370 HTTP/1.1" 200 3145
66.249.71.105 - - [20/May/2016:09:02:52 +0800] "GET /content/nav/relationSubject.jsp?relationWords=%E4%B9%9D%E4%BA%8C%E4%B8%80+%E5%95%86%E5%AD%B8%E9%99%A2+%E6%88%90%E5%8A%9F%E5%A4%A7%E5%AD%B8+%E9%A0%90%E7%AE%97+&oid=1542912 HTTP/1.1" 200 5357
66.249.71.105 - - [20/May/2016:09:02:54 +0800] "GET /content/nav/relationSubject.jsp?relationWords=%E4%B9%9D%E4%BA%8C%E4%B8%80%20%E5%95%86%E5%AD%B8%E9%99%A2%20%E6%88%90%E5%8A%9F%E5%A4%A7%E5%AD%B8%20%E9%A0%90%E7%AE%97%20&oid=1542912 HTTP/1.1" 200 5357
66.249.71.60 - - [20/May/2016:09:03:54 +0800] "GET /content/repository/resource_content.jsp?oid=1847947 HTTP/1.1" 200 30231
66.249.71.72 - - [20/May/2016:09:03:57 +0800] "GET /content/nav/relationSubject.jsp?relationWords=&oid=2531232 HTTP/1.1" 200 1405
66.249.71.60 - - [20/May/2016:09:04:04 +0800] "GET /content/nav/relationSubject.jsp?relationWords=%E5%B0%96%E8%91%89%E6%A7%AD+%E6%A4%8D%E7%89%A9%E7%95%8C+%E6%A5%93%E6%A8%B9%E5%B1%AC+%E6%A7%AD%E6%A8%B9%E7%A7%91+%E7%84%A1%E6%82%A3%E5%AD%90+&oid=1106066 HTTP/1.1" 200 3338
66.249.71.60 - - [20/May/2016:09:04:06 +0800] "GET /content/nav/relationSubject.jsp?relationWords=%E5%B0%96%E8%91%89%E6%A7%AD%20%E6%A4%8D%E7%89%A9%E7%95%8C%20%E6%A5%93%E6%A8%B9%E5%B1%AC%20%E6%A7%AD%E6%A8%B9%E7%A7%91%20%E7%84%A1%E6%82%A3%E5%AD%90%20&oid=1106066 HTTP/1.1" 200 3338
66.249.71.60 - - [20/May/2016:09:04:10 +0800] "GET /content/nav/relationSubject.jsp?relationWords=&oid=1571526 HTTP/1.1" 200 1405
163.29.105.241 - - [20/May/2016:09:04:23 +0800] "GET /content/nav/relationSubject.jsp?relationWords=%E5%85%AB%E5%90%89%E7%A5%A5+%E5%A4%9A%E6%A8%A3%E6%80%A7+%E5%BD%A9%E7%B9%AA+%E8%9E%BA%E9%88%BF+%E9%83%B5%E7%A5%A8+&oid=16777481 HTTP/1.1" 200 5190
66.249.71.60 - - [20/May/2016:09:04:43 +0800] "GET /content/nav/relationSubject.jsp?relationWords=API+%E5%B1%B1%E8%96%B0%E9%A6%99+%E5%B1%B1%E8%96%B0%E9%A6%99%E5%B1%AC+%E6%A4%8D%E7%89%A9%E7%95%8C+%E7%B9%96%E5%BD%A2%E7%A7%91+%E9%9B%99%E5%AD%90%E8%91%89%E6%A4%8D%E7%89%A9+&oid=3814119 HTTP/1.1" 200 3423
66.249.71.60 - - [20/May/2016:09:04:47 +0800] "GET /content/nav/relationSubject.jsp?relationWords=API%20%E5%B1%B1%E8%96%B0%E9%A6%99%20%E5%B1%B1%E8%96%B0%E9%A6%99%E5%B1%AC%20%E6%A4%8D%E7%89%A9%E7%95%8C%20%E7%B9%96%E5%BD%A2%E7%A7%91%20%E9%9B%99%E5%AD%90%E8%91%89%E6%A4%8D%E7%89%A9%20&oid=3814119 HTTP/1.1" 200 3423
66.249.71.60 - - [20/May/2016:09:06:09 +0800] "GET /content/repository/resource_content.jsp?oid=3355551 HTTP/1.1" 200 29589
163.29.105.241 - - [20/May/2016:09:06:09 +0800] "GET /content/nav/relationSubject.jsp?relationWords=%E5%85%AB%E5%90%89%E7%A5%A5+%E5%A4%9A%E6%A8%A3%E6%80%A7+%E5%BD%A9%E7%B9%AA+%E8%9E%BA%E9%88%BF+%E9%83%B5%E7%A5%A8+&oid=16777481 HTTP/1.1" 200 5190
66.249.71.60 - - [20/May/2016:09:07:03 +0800] "GET /digiarch_en/content/nav/relationSubject.jsp?relationWords=%E4%BC%B0%E5%83%B9+%E5%90%B3%E4%B8%80%E8%A1%9B+%E6%88%BF%E5%B1%8B%E7%A8%85+%E6%88%BF%E6%8D%90+%E6%A5%AD%E5%A0%B1%E7%B6%93+%E6%AC%8A%E5%88%A9+%E7%9C%81%E6%94%BF%E5%BA%9C+%E7%A8%85%E6%B3%95+%E8%87%BA%E7%81%A3%E7%9C%81+%E8%87%BA%E7%81%A3%E7%9C%81%E6%94%BF%E5%BA%9C+%E8%B2%A1%E6%94%BF+%E8%B2%A1%E6%94%BF%E9%83%A8+%E8%B3%A6%E7%A8%85+%E9%BB%83%E9%81%8B%E9%87%91+&oid=1897181 HTTP/1.1" 200 5901
66.249.79.200 - - [20/May/2016:09:07:38 +0800] "GET /content/nav/relationSubject.jsp?relationWords=%E5%A0%A4%E9%98%B2%E6%A1%88+&oid=1547676 HTTP/1.1" 200 3461
66.249.71.60 - - [20/May/2016:09:07:41 +0800] "GET /content/nav/relationSubject.jsp?relationWords=%E5%A0%A4%E9%98%B2%E6%A1%88%20&oid=1547676 HTTP/1.1" 200 3461
66.249.71.60 - - [20/May/2016:09:08:30 +0800] "GET /content/subject/resource_content.jsp?oid=16777814&queryString=%E5%9C%8B%E7%AB%8B%E8%87%BA%E7%81%A3%E5%A4%A7%E5%AD%B8%20%E6%80%9D%E6%83%B3%20%E8%87%BA%E7%81%A3%E5%A4%A7%E5%AD%B8%20%E9%87%8D%E6%85%B6%E5%8D%97%E8%B7%AF HTTP/1.1" 200 31218
66.249.71.113 - - [20/May/2016:09:08:31 +0800] "GET /content/repository/resource_content.jsp?oid=4362279&queryType=qs&queryString=%E4%B8%81%E8%98%AD%E5%B0%BA HTTP/1.1" 200 35220
65.55.210.28 - - [20/May/2016:09:08:54 +0800] "GET /content/nav/relationSubject.jsp?relationWords=%E7%B4%AB%E8%96%87+&oid=16777424 HTTP/1.1" 200 4000
66.249.71.113 - - [20/May/2016:09:09:18 +0800] "GET /content/nav/relationSubject.jsp?relationWords=%E5%85%89%E9%9C%B2%E5%9C%92+%E6%98%8E%E4%BF%A1%E7%89%87+%E6%B3%A8%E6%96%87%E6%9B%B8+&oid=1887531 HTTP/1.1" 200 3374
66.249.79.105 - - [20/May/2016:09:09:20 +0800] "GET /content/nav/relationSubject.jsp?relationWords=%E5%85%89%E9%9C%B2%E5%9C%92%20%E6%98%8E%E4%BF%A1%E7%89%87%20%E6%B3%A8%E6%96%87%E6%9B%B8%20&oid=1887531 HTTP/1.1" 200 3374
66.249.71.60 - - [20/May/2016:09:09:23 +0800] "GET /content/nav/relationSubject.jsp?relationWords=%E7%99%BD%E5%8D%83%E5%B1%A4+&oid=16777287 HTTP/1.1" 200 3852
220.181.108.94 - - [20/May/2016:09:09:24 +0800] "GET /content/subject/resource_content.jsp?oid=16777624&queryType=qc HTTP/1.1" 200 119503
164.132.161.34 - - [20/May/2016:09:09:30 +0800] "GET /digiarch3/content/subject/resource_content.jsp?oid=16777481&queryType=qc HTTP/1.1" 200 172187
66.249.79.200 - - [20/May/2016:09:09:50 +0800] "GET /content/nav/relationSubject.jsp?relationWords=%E5%AD%B8%E5%AE%AE+&oid=2510651 HTTP/1.1" 200 3007
66.249.79.200 - - [20/May/2016:09:09:53 +0800] "GET /content/nav/relationSubject.jsp?relationWords=%E5%AD%B8%E5%AE%AE%20&oid=2510651 HTTP/1.1" 200 3007
66.249.71.60 - - [20/May/2016:09:10:15 +0800] "GET /content/nav/relationSubject.jsp?relationWords=%E6%9F%8F%E6%B0%8F+%E6%9F%8F%E6%B0%8F%E8%9D%B4%E8%9D%B6%E9%AD%9A+%E8%9D%B4%E8%9D%B6%E9%AD%9A%E7%A7%91+&oid=1081601 HTTP/1.1" 200 3496
120.113.52.171 - - [20/May/2016:09:10:32 +0800] "GET /content/nav/relationSubject.jsp?relationWords=%E5%A4%A7%E8%8A%B1%E7%B4%AB%E8%96%87+&oid=16777378 HTTP/1.1" 200 3480
66.249.71.105 - - [20/May/2016:09:10:54 +0800] "GET /content/repository/resource_content.jsp?oid=724508&queryType=qs&queryString=%E7%A7%9F%E7%95%8C HTTP/1.1" 200 29702
66.249.71.105 - - [20/May/2016:09:13:01 +0800] "GET /content/nav/relationSubject.jsp?relationWords=%E5%8C%97%E9%AD%8F+%E5%8D%97%E5%8C%97%E6%9C%9D+%E6%8B%93%E7%89%87+%E9%A1%8C%E8%A8%98+&oid=16777802 HTTP/1.1" 200 4888
66.249.79.107 - - [20/May/2016:09:13:02 +0800] "GET /content/nav/relationSubject.jsp?relationWords=%E5%8C%97%E9%AD%8F%20%E5%8D%97%E5%8C%97%E6%9C%9D%20%E6%8B%93%E7%89%87%20%E9%A1%8C%E8%A8%98%20&oid=16777802 HTTP/1.1" 200 4888
66.249.77.91 - - [20/May/2016:09:13:17 +0800] "GET /content/repository/resource_content.jsp?oid=1812014&queryType=qs&queryString=%E5%A5%B3%E5%AA%A7 HTTP/1.1" 200 34197
66.249.71.72 - - [20/May/2016:09:14:32 +0800] "GET /content/nav/relationSubject.jsp?relationWords=%E5%9C%9F%E5%9C%B0%E9%87%8D%E5%8A%83+%E8%87%BA%E4%B8%AD%E7%B8%A3+&oid=1573261 HTTP/1.1" 200 5825
66.249.79.200 - - [20/May/2016:09:15:41 +0800] "GET /content/repository/resource_content.jsp?oid=173402&queryString=%E5%A0%A1%E5%9C%96 HTTP/1.1" 200 30374
123.125.71.117 - - [20/May/2016:09:15:50 +0800] "GET /content/repository/resource_content.jsp?oid=1123782&queryType=qc HTTP/1.1" 200 36769
66.249.66.15 - - [20/May/2016:09:16:11 +0800] "GET /content/repository/resource_content.jsp?oid=1523455 HTTP/1.1" 200 29009
124.8.228.5 - - [20/May/2016:09:16:29 +0800] "GET /content/repository/resource_content.jsp?oid=1104659 HTTP/1.1" 200 30942
124.8.228.5 - - [20/May/2016:09:16:30 +0800] "GET /content/nav/relationSubject.jsp?relationWords=%E6%8C%96%E8%80%B3%E8%8D%89+%E6%A4%8D%E7%89%A9%E7%95%8C+%E7%8B%B8%E8%97%BB+%E7%8B%B8%E8%97%BB%E5%B1%AC+%E7%8E%84%E5%8F%83+&oid=1104659 HTTP/1.1" 200 3406
66.249.71.64 - - [20/May/2016:09:16:44 +0800] "GET /content/nav/relationSubject.jsp?relationWords=%E5%84%80%E5%99%A8+%E5%93%81%E8%B3%AA+%E5%AE%89%E5%85%A8%E5%B8%BD+%E6%A9%9F%E8%BB%8A+%E8%87%BA%E5%8C%97%E5%B8%82+%E8%AD%A6%E5%AF%9F+%E8%BB%8A%E9%A8%8E+&oid=1609300 HTTP/1.1" 200 4456
66.249.71.60 - - [20/May/2016:09:16:45 +0800] "GET /content/nav/relationSubject.jsp?relationWords=%E5%84%80%E5%99%A8%20%E5%93%81%E8%B3%AA%20%E5%AE%89%E5%85%A8%E5%B8%BD%20%E6%A9%9F%E8%BB%8A%20%E8%87%BA%E5%8C%97%E5%B8%82%20%E8%AD%A6%E5%AF%9F%20%E8%BB%8A%E9%A8%8E%20&oid=1609300 HTTP/1.1" 200 4456
124.8.228.5 - - [20/May/2016:09:16:47 +0800] "GET /content/repository/resource_content.jsp?oid=1108200&queryString=%E6%8C%96%E8%80%B3%E8%8D%89%20%E6%A4%8D%E7%89%A9%E7%95%8C%20%E7%8B%B8%E8%97%BB%20%E7%8B%B8%E8%97%BB%E5%B1%AC%20%E7%8E%84%E5%8F%83 HTTP/1.1" 200 31365
124.8.228.5 - - [20/May/2016:09:16:48 +0800] "GET /content/nav/relationSubject.jsp?relationWords=%E5%9C%93%E8%91%89%E6%8C%96%E8%80%B3%E8%8D%89+%E6%A4%8D%E7%89%A9%E7%95%8C+%E7%8B%B8%E8%97%BB+%E7%8B%B8%E8%97%BB%E5%B1%AC+%E7%8E%84%E5%8F%83+&oid=1108200 HTTP/1.1" 200 3447
66.249.71.14 - - [20/May/2016:09:17:46 +0800] "GET /content/repository/resource_content.jsp?oid=2676129&queryString=%E4%BE%8B%E5%A5%8F%20%E5%80%89%E7%B3%A7 HTTP/1.1" 200 30475
66.249.71.60 - - [20/May/2016:09:17:50 +0800] "GET /content/nav/relationSubject.jsp?relationWords=%E5%A4%A9%E8%93%AC%E8%8D%89+%E6%A4%8D%E7%89%A9%E7%95%8C+%E7%9F%B3%E7%AB%B9+%E7%9F%B3%E7%AB%B9%E7%A7%91+%E7%B9%81%E7%B8%B7%E5%B1%AC+%E9%9B%80%E8%88%8C%E8%8D%89+&oid=1459220 HTTP/1.1" 200 3437
66.249.71.64 - - [20/May/2016:09:17:53 +0800] "GET /content/nav/relationSubject.jsp?relationWords=%E5%A4%A9%E8%93%AC%E8%8D%89%20%E6%A4%8D%E7%89%A9%E7%95%8C%20%E7%9F%B3%E7%AB%B9%20%E7%9F%B3%E7%AB%B9%E7%A7%91%20%E7%B9%81%E7%B8%B7%E5%B1%AC%20%E9%9B%80%E8%88%8C%E8%8D%89%20&oid=1459220 HTTP/1.1" 200 3437
66.249.71.188 - - [20/May/2016:09:18:03 +0800] "GET /content/repository/resource_content.jsp?oid=2566785&queryType=qs&queryString=%E9%98%AE%E7%A6%8F HTTP/1.1" 200 29820
66.249.79.200 - - [20/May/2016:09:18:12 +0800] "GET /content/nav/relationSubject.jsp?relationWords=%E6%9D%8E%E8%A9%A9%E7%9B%8A+&oid=1890936 HTTP/1.1" 200 3232
66.249.79.200 - - [20/May/2016:09:19:05 +0800] "GET /digiarch_en/content/nav/relationSubject.jsp?relationWords=%E5%A5%BD%E6%B6%88%E6%81%AF+%E5%B7%AB%E6%96%87%E9%9A%86+&oid=16777553 HTTP/1.1" 200 6265
66.249.71.60 - - [20/May/2016:09:19:13 +0800] "GET /content/nav/relationSubject.jsp?relationWords=%E6%9D%9C%E9%B5%91%E8%8A%B1+&oid=16777400 HTTP/1.1" 200 3944
66.249.71.60 - - [20/May/2016:09:20:26 +0800] "GET /content/repository/resource_content.jsp?oid=1833009 HTTP/1.1" 200 29314
66.249.71.60 - - [20/May/2016:09:20:40 +0800] "GET /content/nav/relationSubject.jsp?relationWords=%E8%B3%AA%E8%A9%A2+%E9%A0%90%E9%98%B2+&oid=1612109 HTTP/1.1" 200 3175
66.249.71.60 - - [20/May/2016:09:21:47 +0800] "GET /content/tmp_tec/resource_content.jsp?oid=16777736 HTTP/1.1" 200 36881
66.249.71.60 - - [20/May/2016:09:22:50 +0800] "GET /content/repository/resource_content.jsp?oid=1518131 HTTP/1.1" 200 30586
66.249.79.200 - - [20/May/2016:09:23:49 +0800] "GET /content/nav/relationSubject.jsp?relationWords=%E4%B8%94%E8%BE%9B+&oid=3355551 HTTP/1.1" 200 3342
