66.249.71.121 - - [14/May/2016:10:33:11 +0800] "GET /content/repository/resource_content.jsp?oid=4495603&queryType=qs&queryString=%E5%A4%96%E4%BE%86%E8%AA%9E HTTP/1.1" 200 28554
61.220.29.175 - - [14/May/2016:10:34:07 +0800] "GET /content/nav/relationSubject.jsp?relationWords=%E6%9C%A8%E7%8A%80+%E6%A1%82%E8%8A%B1+&oid=16777255 HTTP/1.1" 200 4029
66.249.71.72 - - [14/May/2016:10:34:11 +0800] "GET /content/subject/resource_content.jsp?oid=16777398&queryString=%E6%9D%9C%E9%B5%91%20%E6%9D%9C%E9%B5%91%E8%8A%B1%20%E6%9D%9C%E9%B5%91%E8%8A%B1%E5%B1%AC%20%E6%9D%9C%E9%B5%91%E8%8A%B1%E7%A7%91%20%E6%A3%AE%E6%B0%8F%E6%9D%9C%E9%B5%91%20%E6%A4%8D%E7%89%A9%E7%95%8C HTTP/1.1" 200 29009
42.120.161.94 - - [14/May/2016:10:35:03 +0800] "GET /content/subject/resource_content.jsp?oid=16777742&queryType=qc HTTP/1.1" 200 38999
66.249.71.60 - - [14/May/2016:10:35:03 +0800] "GET /content/nav/relationSubject.jsp?relationWords=%E5%85%94%E5%B0%BE%E8%8D%89+%E5%85%94%E5%B0%BE%E8%8D%89%E5%B1%AC+%E6%A4%8D%E7%89%A9%E7%95%8C+%E8%A0%B6%E8%B1%86+%E9%9B%99%E5%AD%90%E8%91%89+%E9%9B%99%E5%AD%90%E8%91%89%E6%A4%8D%E7%89%A9+&oid=2144404 HTTP/1.1" 200 3482
66.249.77.85 - - [14/May/2016:10:35:05 +0800] "GET /content/repository/resource_content.jsp?oid=4354166&queryType=qs&queryString=%E6%B2%88%E4%B8%96%E5%82%91 HTTP/1.1" 200 33969
66.249.71.64 - - [14/May/2016:10:35:54 +0800] "GET /content/repository/resource_content.jsp?oid=1631888 HTTP/1.1" 200 28786
66.249.71.113 - - [14/May/2016:10:35:54 +0800] "GET /content/nav/relationSubject.jsp?relationWords=%E5%8F%B0%E7%81%A3%E5%85%AC%E8%AB%96+%E5%B0%8F%E7%9F%B3%E5%8E%9F%E5%8B%87+%E6%98%8E%E4%BF%A1%E7%89%87+&oid=2470270 HTTP/1.1" 200 3404
66.249.71.113 - - [14/May/2016:10:36:04 +0800] "GET /content/nav/relationSubject.jsp?relationWords=%E5%8F%B0%E7%81%A3%E5%85%AC%E8%AB%96%20%E5%B0%8F%E7%9F%B3%E5%8E%9F%E5%8B%87%20%E6%98%8E%E4%BF%A1%E7%89%87%20&oid=2470270 HTTP/1.1" 200 3404
66.249.71.60 - - [14/May/2016:10:36:14 +0800] "GET /content/repository/resource_content.jsp?oid=1458306 HTTP/1.1" 200 30907
66.249.77.97 - - [14/May/2016:10:37:13 +0800] "GET /content/repository/resource_content.jsp?oid=1870327&queryString=%E6%AE%98%E9%8A%85%E7%89%87 HTTP/1.1" 200 30057
66.249.71.60 - - [14/May/2016:10:37:19 +0800] "GET /content/nav/relationSubject.jsp?relationWords=%E4%B8%8B%E9%AF%A4%E9%AF%93+%E5%85%AC%E5%85%B1%E8%A8%AD%E6%96%BD+%E5%90%88%E4%BD%9C%E7%A4%BE+%E5%90%B3%E4%B8%89%E9%80%A3+%E5%9C%B0%E6%94%BF%E5%B1%80+%E6%9D%8E%E6%BA%90+%E6%9D%8E%E6%BA%90%E6%A3%A7+%E6%9E%97%E5%85%A8+%E6%9E%97%E5%85%A8%E7%A5%BF+%E6%AD%90%E9%9B%B2%E6%98%8E+%E6%B0%91%E6%94%BF%E5%BB%B3+%E6%B5%B7%E5%9F%94%E6%96%B0%E7%94%9F+%E6%B5%B7%E5%9F%94%E6%96%B0%E7%94%9F%E5%9C%B0+%E6%BC%81%E5%A1%AD+%E8%87%BA%E5%8D%97%E5%B8%82+%E8%87%BA%E5%8D%97%E5%B8%82%E6%94%BF%E5%BA%9C+%E8%87%BA%E5%8D%97%E7%B8%A3+%E8%94%A1%E6%9D%8E%E9%B4%A6+%E8%B3%AA%E8%A9%A2+%E9%AD%9A%E5%A1%AD+%E9%BB%83%E5%8D%A0+%E9%BB%83%E5%8D%A0%E5%B2%B8+&oid=1553699 HTTP/1.1" 200 7518
66.249.77.85 - - [14/May/2016:10:38:01 +0800] "GET /content/subject/resource_content.jsp?oid=16777568&queryType=qc HTTP/1.1" 200 34873
66.249.71.14 - - [14/May/2016:10:38:13 +0800] "GET /digiarch3/content/repository/resource_content.jsp?oid=4352572&queryString=%E9%8F%A1%E6%96%91%E8%9D%B4%E8%9D%B6%E9%AD%9A HTTP/1.1" 200 34170
66.249.71.5 - - [14/May/2016:10:38:17 +0800] "GET /digiarch3/content/nav/relationSubject.jsp?relationWords=%E4%B8%AD%E8%85%B9%E8%B6%B3%E7%9B%AE+%E5%AF%B6%E8%9E%BA%E5%B1%AC+%E5%AF%B6%E8%9E%BA%E7%A7%91+%E7%B4%85%E8%8A%B1%E5%AF%B6%E8%9E%BA+%E8%85%B9%E8%B6%B3%E7%B6%B1+&oid=1886863 HTTP/1.1" 200 3395
66.249.79.135 - - [14/May/2016:10:38:27 +0800] "GET /content/subject/resource_content.jsp?oid=16777476&queryType=qc HTTP/1.1" 200 54252
223.138.168.118 - - [14/May/2016:10:39:01 +0800] "GET /content/nav/relationSubject.jsp?relationWords=%E6%BE%A4%E8%98%AD+%E8%8A%B1%E8%94%93+%E8%94%93%E6%BE%A4+%E8%94%93%E6%BE%A4%E8%98%AD+&oid=16777266 HTTP/1.1" 200 4343
66.249.77.85 - - [14/May/2016:10:39:06 +0800] "GET /content/subject/resource_content.jsp?oid=16777328&queryType=qc HTTP/1.1" 200 35573
66.249.71.60 - - [14/May/2016:10:39:14 +0800] "GET /content/repository/resource_content.jsp?oid=4352535&queryString=%E5%88%BA%E9%AF%A7 HTTP/1.1" 200 34469
66.249.77.85 - - [14/May/2016:10:39:24 +0800] "GET /content/nav/relationSubject.jsp?relationWords=%E9%89%A4%E9%B1%97%E9%AD%A8+%E9%B1%97%E9%AD%A8+&oid=33554731 HTTP/1.1" 200 3443
66.249.79.244 - - [14/May/2016:10:39:27 +0800] "GET /content/nav/relationSubject.jsp?relationWords=%E9%89%A4%E9%B1%97%E9%AD%A8%20%E9%B1%97%E9%AD%A8%20&oid=33554731 HTTP/1.1" 200 3443
125.227.143.37 - - [14/May/2016:10:39:31 +0800] "GET /content/subject/resource_content.jsp?oid=16777706 HTTP/1.1" 200 53891
125.227.143.37 - - [14/May/2016:10:39:32 +0800] "GET /content/nav/relationSubject.jsp?relationWords=%E5%A0%A1%E5%9C%96+&oid=16777706 HTTP/1.1" 200 2864
66.249.79.214 - - [14/May/2016:10:40:23 +0800] "GET /content/subject/resource_content.jsp?oid=16797244&queryType=qc HTTP/1.1" 200 50442
66.249.71.64 - - [14/May/2016:10:40:35 +0800] "GET /content/nav/relationSubject.jsp?relationWords=%E6%93%A6%E6%A8%B9+%E6%A4%8D%E7%89%A9%E7%95%8C+%E6%A8%9F%E7%A7%91+&oid=2146114 HTTP/1.1" 200 3264
66.249.71.64 - - [14/May/2016:10:41:15 +0800] "GET /content/repository/resource_content.jsp?oid=3811855&queryString=%E5%81%87%E8%8F%9C%E8%B1%86%20%E6%A4%8D%E7%89%A9%E7%95%8C%20%E8%A0%B6%E8%B1%86%20%E9%9B%99%E5%AD%90%E8%91%89%E6%A4%8D%E7%89%A9 HTTP/1.1" 200 31143
66.249.71.60 - - [14/May/2016:10:41:30 +0800] "GET /digiarch_en/content/nav/relationSubject.jsp?relationWords=%E4%B8%81%E6%86%82+%E6%97%97%E6%BB%BF%E6%B4%B2+%E6%AD%A3%E7%B4%85%E6%97%97+%E7%B4%85%E6%97%97+&oid=2660150 HTTP/1.1" 200 4066
66.249.71.60 - - [14/May/2016:10:41:33 +0800] "GET /digiarch_en/content/nav/relationSubject.jsp?relationWords=%E4%B8%81%E6%86%82%20%E6%97%97%E6%BB%BF%E6%B4%B2%20%E6%AD%A3%E7%B4%85%E6%97%97%20%E7%B4%85%E6%97%97%20&oid=2660150 HTTP/1.1" 200 4066
66.249.71.14 - - [14/May/2016:10:41:49 +0800] "GET /digiarch3/content/nav/relationSubject.jsp?relationWords=%E4%B8%AD%E8%85%B9%E8%B6%B3%E7%9B%AE%20%E5%AF%B6%E8%9E%BA%E5%B1%AC%20%E5%AF%B6%E8%9E%BA%E7%A7%91%20%E7%B4%85%E8%8A%B1%E5%AF%B6%E8%9E%BA%20%E8%85%B9%E8%B6%B3%E7%B6%B1%20&oid=1886863 HTTP/1.1" 200 3395
66.249.77.97 - - [14/May/2016:10:41:50 +0800] "GET /content/nav/relationSubject.jsp?relationWords=%E7%A7%91%E8%88%89+&oid=16777506 HTTP/1.1" 200 5087
66.249.71.60 - - [14/May/2016:10:42:15 +0800] "GET /content/subject/resource_content.jsp?oid=16777780&queryString=%E5%8F%B0%E7%81%A3%E9%AD%9A%E9%A1%9E%20%E6%B5%B7%E9%AE%AE%20%E7%92%B0%E4%BF%9D%20%E7%94%9F%E7%89%A9%E5%A4%9A%E6%A8%A3%E6%80%A7%20%E9%8C%A2%E9%B0%BB HTTP/1.1" 200 34052
66.249.71.5 - - [14/May/2016:10:42:16 +0800] "GET /digiarch3/content/nav/relationSubject.jsp?relationWords=%E5%B0%96%E5%90%BB+%E5%B0%96%E9%A0%AD%E5%94%87%E9%AD%9A+%E5%B0%96%E9%A0%AD%E9%BE%8D+%E7%9F%B3%E8%9A%B1%E4%BB%94+%E9%9A%86%E9%A0%AD%E9%AD%9A%E7%A7%91+%E9%B8%9A%E9%AF%9B+&oid=15710 HTTP/1.1" 200 3698
66.249.71.5 - - [14/May/2016:10:42:19 +0800] "GET /digiarch3/content/nav/relationSubject.jsp?relationWords=%E5%B0%96%E5%90%BB%20%E5%B0%96%E9%A0%AD%E5%94%87%E9%AD%9A%20%E5%B0%96%E9%A0%AD%E9%BE%8D%20%E7%9F%B3%E8%9A%B1%E4%BB%94%20%E9%9A%86%E9%A0%AD%E9%AD%9A%E7%A7%91%20%E9%B8%9A%E9%AF%9B%20&oid=15710 HTTP/1.1" 200 3698
66.249.77.91 - - [14/May/2016:10:42:55 +0800] "GET /content/nav/relationSubject.jsp?relationWords=%E5%8D%B7%E9%A6%96+&oid=4443220 HTTP/1.1" 200 2927
66.249.71.60 - - [14/May/2016:10:43:16 +0800] "GET /content/repository/resource_content.jsp?oid=1550532 HTTP/1.1" 200 28871
66.249.71.60 - - [14/May/2016:10:43:43 +0800] "GET /content/nav/relationSubject.jsp?relationWords=%E6%A4%8D%E7%89%A9%E7%95%8C+%E6%B2%B9%E9%BB%9E%E8%8D%89%E5%B1%AC+%E7%99%BE%E5%90%88%E7%A7%91+%E9%88%B4%E6%9C%A8%E6%B0%8F%E6%B2%B9%E9%BB%9E%E8%8D%89+&oid=1460030 HTTP/1.1" 200 3250
60.251.229.155 - - [14/May/2016:10:44:00 +0800] "GET /content/subject/resource_content.jsp?oid=16777692 HTTP/1.1" 200 36451
60.251.221.27 - - [14/May/2016:10:44:01 +0800] "GET /content/nav/relationSubject.jsp?relationWords=&oid=16777692 HTTP/1.1" 200 1405
66.249.71.60 - - [14/May/2016:10:44:16 +0800] "GET /content/repository/resource_content.jsp?oid=1108301&queryString=%E6%A4%8D%E7%89%A9%E7%95%8C%20%E7%99%BD%E8%8A%B1%E9%AC%BC%E9%87%9D%20%E8%8F%8A%E7%A7%91%20%E9%9B%99%E5%AD%90%E8%91%89%E6%A4%8D%E7%89%A9%20%E9%AC%BC%E9%87%9D%E5%B1%AC HTTP/1.1" 200 31648
120.26.0.178 - - [14/May/2016:10:44:24 +0800] "GET /content/tmp_auth/resource_content.jsp?oid=16777758 HTTP/1.0" 200 25281
120.26.0.101 - - [14/May/2016:10:44:25 +0800] "GET /content/subject/resource_content.jsp?oid=16777495&queryType=qc HTTP/1.0" 200 34756
121.41.50.226 - - [14/May/2016:10:44:25 +0800] "GET /content/subject/resource_content.jsp?oid=16777713&queryType=qc HTTP/1.0" 200 43851
120.26.0.54 - - [14/May/2016:10:44:25 +0800] "GET /content/subject/resource_content.jsp?oid=16797260&queryType=qc HTTP/1.0" 200 47287
120.26.0.203 - - [14/May/2016:10:44:26 +0800] "GET /content/subject/resource_content.jsp?oid=16777485&queryType=qc HTTP/1.0" 200 39367
121.41.103.106 - - [14/May/2016:10:44:26 +0800] "GET /content/subject/resource_content.jsp?oid=16777660&queryType=qc HTTP/1.0" 200 70689
121.41.117.40 - - [14/May/2016:10:44:26 +0800] "GET /content/subject/resource_content.jsp?oid=16777803&queryType=qc HTTP/1.0" 200 33453
120.26.2.163 - - [14/May/2016:10:44:27 +0800] "GET /content/subject/resource_content.jsp?oid=16777479&queryType=qc HTTP/1.0" 200 35745
121.41.103.109 - - [14/May/2016:10:44:29 +0800] "GET /content/subject/resource_content.jsp?oid=16777509&queryType=qc HTTP/1.0" 200 33402
120.26.2.22 - - [14/May/2016:10:44:29 +0800] "GET /content/subject/resource_content.jsp?oid=16777507&queryType=qc HTTP/1.0" 200 49469
120.26.0.175 - - [14/May/2016:10:44:30 +0800] "GET /content/subject/resource_content.jsp?oid=16777296&queryType=qc HTTP/1.0" 200 32030
120.26.0.184 - - [14/May/2016:10:44:30 +0800] "GET /content/subject/resource_content.jsp?oid=16777294&queryType=qc HTTP/1.0" 200 28051
66.249.77.85 - - [14/May/2016:10:45:17 +0800] "GET /content/repository/resource_content.jsp?oid=4352593&queryString=%E9%9B%99%E9%B0%AD%E9%9B%BB%E9%B0%A9%20%E9%9B%B7%E9%AD%9A%20%E9%9B%BB%E9%AD%B4 HTTP/1.1" 200 34152
66.249.71.60 - - [14/May/2016:10:45:18 +0800] "GET /content/nav/relationSubject.jsp?relationWords=%E6%A4%8D%E7%89%A9%E7%95%8C+%E8%8E%8E%E8%8D%89+%E8%8E%8E%E8%8D%89%E5%B1%AC+%E8%8E%8E%E8%8D%89%E7%A7%91+&oid=1458306 HTTP/1.1" 200 3273
66.249.79.200 - - [14/May/2016:10:45:21 +0800] "GET /content/nav/relationSubject.jsp?relationWords=%E6%A4%8D%E7%89%A9%E7%95%8C%20%E8%8E%8E%E8%8D%89%20%E8%8E%8E%E8%8D%89%E5%B1%AC%20%E8%8E%8E%E8%8D%89%E7%A7%91%20&oid=1458306 HTTP/1.1" 200 3273
66.249.71.60 - - [14/May/2016:10:45:34 +0800] "GET /content/nav/relationSubject.jsp?relationWords=%E5%AE%9C%E5%90%9B+%E6%96%87%E5%A7%AC+%E6%BF%9F%E7%94%9F+%E9%80%A0%E5%83%8F%E7%A2%91+%E9%80%A0%E5%83%8F%E8%A8%98+%E9%82%91%E4%B8%BB+%E9%82%91%E5%AD%90+%E9%9B%8D%E5%B7%9E+&oid=1834405 HTTP/1.1" 200 3678
68.180.230.99 - - [14/May/2016:10:45:57 +0800] "GET /content/subject/resource_content.jsp?oid=16777498&queryType=qc HTTP/1.1" 200 40494
66.249.71.60 - - [14/May/2016:10:46:00 +0800] "GET /content/nav/relationSubject.jsp?relationWords=%E6%A4%8D%E7%89%A9%E7%95%8C+%E7%9B%B8%E6%80%9D%E6%A8%B9+%E7%9B%B8%E6%80%9D%E6%A8%B9%E5%B1%AC+%E8%A0%B6%E8%B1%86+%E9%9B%99%E5%AD%90%E8%91%89+%E9%9B%99%E5%AD%90%E8%91%89%E6%A4%8D%E7%89%A9+&oid=2148639 HTTP/1.1" 200 4275
66.249.71.60 - - [14/May/2016:10:46:17 +0800] "GET /content/repository/resource_content.jsp?oid=14481&queryType=qs&queryString=%E6%B7%B1%E6%B5%B7%E9%AD%9A HTTP/1.1" 200 33796
183.63.97.46 - - [14/May/2016:10:46:36 +0800] "GET /content/repository/resource_content.jsp?oid=1814697 HTTP/1.1" 200 29184
183.63.97.46 - - [14/May/2016:10:46:42 +0800] "GET /content/nav/relationSubject.jsp?relationWords=&oid=1814697 HTTP/1.1" 200 1405
123.125.71.14 - - [14/May/2016:10:47:08 +0800] "GET /content/tmp_tec/resource_content.jsp?oid=16777731 HTTP/1.1" 200 39233
66.249.71.60 - - [14/May/2016:10:47:18 +0800] "GET /content/repository/resource_content.jsp?oid=3824751&queryString=%E6%A2%85%E5%B1%AC%20%E6%A4%8D%E7%89%A9%E7%95%8C%20%E8%96%94%E8%96%87%E7%9B%AE%20%E8%96%94%E8%96%87%E7%A7%91%20%E9%9C%A7%E7%A4%BE%E5%B1%B1%E6%AB%BB%E8%8A%B1 HTTP/1.1" 200 31408
66.249.71.60 - - [14/May/2016:10:48:17 +0800] "GET /content/nav/relationSubject.jsp?relationWords=%E5%81%A5%E5%BA%B7%E6%A1%88+%E6%95%99%E8%82%B2%E5%BB%B3+%E8%AD%B7%E5%A3%AB+&oid=1550532 HTTP/1.1" 200 3548
66.249.71.60 - - [14/May/2016:10:48:19 +0800] "GET /content/repository/resource_content.jsp?oid=1456578 HTTP/1.1" 200 31212
66.249.71.60 - - [14/May/2016:10:48:21 +0800] "GET /content/nav/relationSubject.jsp?relationWords=%E5%81%A5%E5%BA%B7%E6%A1%88%20%E6%95%99%E8%82%B2%E5%BB%B3%20%E8%AD%B7%E5%A3%AB%20&oid=1550532 HTTP/1.1" 200 3548
66.249.71.60 - - [14/May/2016:10:48:43 +0800] "GET /content/nav/relationSubject.jsp?relationWords=%E6%A4%8D%E7%89%A9%E7%95%8C+%E7%9B%A4%E9%BE%8D%E6%9C%A8+&oid=3823821 HTTP/1.1" 200 3220
66.249.71.5 - - [14/May/2016:10:49:19 +0800] "GET /digiarch3/content/repository/resource_content.jsp?oid=4491553&queryType=qs&queryString=%E6%96%87%E5%8C%96%E5%8F%B2 HTTP/1.1" 200 28630
66.249.71.60 - - [14/May/2016:10:49:37 +0800] "GET /content/nav/relationSubject.jsp?relationWords=%E5%B0%8F%E7%99%BD%E8%8A%B1%E9%AC%BC%E9%87%9D+%E6%A4%8D%E7%89%A9%E7%95%8C+%E7%99%BD%E8%8A%B1%E9%AC%BC%E9%87%9D+%E8%8A%B1%E9%AC%BC%E9%87%9D+%E8%8F%8A%E7%A7%91+%E9%9B%99%E5%AD%90%E8%91%89+%E9%9B%99%E5%AD%90%E8%91%89%E6%A4%8D%E7%89%A9+%E9%AC%BC%E9%87%9D+%E9%AC%BC%E9%87%9D%E5%B1%AC+&oid=1108301 HTTP/1.1" 200 3620
66.249.71.60 - - [14/May/2016:10:49:56 +0800] "GET /content/nav/relationSubject.jsp?relationWords=%E5%B7%A1%E6%92%AB+%E6%93%AC%E7%BD%AA+&oid=2569610 HTTP/1.1" 200 3119
66.249.71.5 - - [14/May/2016:10:50:20 +0800] "GET /digiarch3/content/subject/resource_content.jsp?oid=16797297&queryType=qc HTTP/1.1" 200 67888
66.249.71.60 - - [14/May/2016:10:50:24 +0800] "GET /content/nav/relationSubject.jsp?relationWords=%E5%B0%8F%E8%8A%BD%E6%96%B0%E6%9C%A8%E8%96%91%E5%AD%90+%E6%96%B0%E6%9C%A8%E8%96%91%E5%AD%90+%E6%96%B0%E6%9C%A8%E8%96%91%E5%AD%90%E5%B1%AC+%E6%9C%A8%E8%96%91%E5%AD%90+%E6%9C%A8%E8%96%91%E5%AD%90%E5%B1%AC+%E6%A4%8D%E7%89%A9%E7%95%8C+%E6%A8%9F%E7%A7%91+&oid=1456578 HTTP/1.1" 200 3668
66.249.79.200 - - [14/May/2016:10:50:29 +0800] "GET /content/nav/relationSubject.jsp?relationWords=%E5%B0%8F%E8%8A%BD%E6%96%B0%E6%9C%A8%E8%96%91%E5%AD%90%20%E6%96%B0%E6%9C%A8%E8%96%91%E5%AD%90%20%E6%96%B0%E6%9C%A8%E8%96%91%E5%AD%90%E5%B1%AC%20%E6%9C%A8%E8%96%91%E5%AD%90%20%E6%9C%A8%E8%96%91%E5%AD%90%E5%B1%AC%20%E6%A4%8D%E7%89%A9%E7%95%8C%20%E6%A8%9F%E7%A7%91%20&oid=1456578 HTTP/1.1" 200 3668
66.249.71.5 - - [14/May/2016:10:51:08 +0800] "GET /digiarch3/content/nav/relationSubject.jsp?relationWords=%E8%9D%B4%E8%9D%B6%E9%AD%9A%E7%A7%91+%E9%8F%A1%E6%96%91%E8%9D%B4%E8%9D%B6%E9%AD%9A+&oid=4352572 HTTP/1.1" 200 3159
66.249.79.200 - - [14/May/2016:10:51:20 +0800] "GET /content/repository/resource_content.jsp?oid=518216&queryString=%E7%83%8F%E8%B3%8A%20%E7%83%8F%E8%B3%8A%E5%B1%AC%20%E7%83%8F%E8%B3%8A%E7%A7%91%20%E8%99%8E%E6%96%91%E7%83%8F%E8%B3%8A%20%E9%A0%AD%E8%B6%B3%E7%B6%B1 HTTP/1.1" 200 31687
66.249.71.60 - - [14/May/2016:10:51:40 +0800] "GET /content/nav/relationSubject.jsp?relationWords=%E5%8D%81%E5%AD%97%E8%8A%B1%E7%A7%91+%E6%A4%8D%E7%89%A9%E7%95%8C+%E7%84%8A%E8%8F%9C+%E7%A2%8E%E7%B1%B3%E8%96%BA+%E7%A2%8E%E7%B1%B3%E8%96%BA%E5%B1%AC+%E9%9B%99%E5%AD%90%E8%91%89+%E9%9B%99%E5%AD%90%E8%91%89%E6%A4%8D%E7%89%A9+&oid=1101478 HTTP/1.1" 200 3537
66.249.71.60 - - [14/May/2016:10:53:04 +0800] "GET /content/nav/relationSubject.jsp?relationWords=%E7%A0%82%E7%B3%96+&oid=1580209 HTTP/1.1" 200 3417
66.249.71.60 - - [14/May/2016:10:53:08 +0800] "GET /content/nav/relationSubject.jsp?relationWords=%E7%A0%82%E7%B3%96%20&oid=1580209 HTTP/1.1" 200 3417
66.249.71.194 - - [14/May/2016:10:53:21 +0800] "GET /content/subject/resource_content.jsp?oid=16777514&queryType=qs&queryString=%E9%96%A9%E6%B5%99 HTTP/1.1" 200 42682
180.76.15.140 - - [14/May/2016:10:53:25 +0800] "GET /content/repository/resource_content.jsp?oid=4353792&queryType=qs&queryString=%E6%BE%B3%E5%A4%A7%E5%88%A9%E4%BA%9E HTTP/1.1" 200 35056
157.55.39.140 - - [14/May/2016:10:53:37 +0800] "GET /content/repository/resource_content.jsp?oid=1777639&queryString=%E6%95%B8%E4%BD%8D%E5%8D%9A%E7%89%A9%E9%A4%A8 HTTP/1.1" 200 28091
66.249.71.5 - - [14/May/2016:10:54:21 +0800] "GET /content/repository/resource_content.jsp?oid=14818&queryString=%E9%A3%9B%E9%AD%9A%20%E9%A3%9B%E9%AD%9A%E7%A7%91%20%E9%AC%9A%E5%94%87 HTTP/1.1" 200 34439
66.249.79.61 - - [14/May/2016:10:54:38 +0800] "GET /content/nav/relationSubject.jsp?relationWords=%E5%8D%97%E8%A5%BF%E6%B2%B3+&oid=787653 HTTP/1.1" 200 2786
68.180.230.90 - - [14/May/2016:10:54:40 +0800] "GET /content/repository/resource_content.jsp?oid=1584263 HTTP/1.1" 200 30523
68.180.230.90 - - [14/May/2016:10:55:12 +0800] "GET /content/subject/resource_content.jsp?oid=16777576&queryType=qc HTTP/1.1" 200 29391
27.109.204.36 - - [14/May/2016:10:55:26 +0800] "GET /content/subject/resource_content.jsp?oid=16777704&queryString=%E8%83%A1%E9%81%A9 HTTP/1.1" 200 26586
27.109.204.36 - - [14/May/2016:10:55:26 +0800] "GET /content/nav/relationSubject.jsp?relationWords=%E7%B4%80%E5%BF%B5%E9%A4%A8+%E8%83%A1%E9%81%A9+%E9%81%A9%E4%B9%8B+&oid=16777704 HTTP/1.1" 200 4753
114.35.149.143 - - [14/May/2016:10:55:39 +0800] "GET /content/nav/relationSubject.jsp?relationWords=%E6%BE%A4%E8%98%AD+%E8%8A%B1%E8%94%93+%E8%94%93%E6%BE%A4+%E8%94%93%E6%BE%A4%E8%98%AD+&oid=16777266 HTTP/1.1" 200 4343
131.253.25.212 - - [14/May/2016:10:56:49 +0800] "GET /content/nav/relationSubject.jsp?relationWords=%E8%96%9C%E8%8D%94+&oid=16777485 HTTP/1.1" 200 3561
66.249.71.72 - - [14/May/2016:10:56:51 +0800] "GET /content/nav/relationSubject.jsp?relationWords=%E5%A5%8F%E8%AD%B0+&oid=2568657 HTTP/1.1" 200 3126
66.249.71.60 - - [14/May/2016:10:57:04 +0800] "GET /content/nav/relationSubject.jsp?relationWords=%E5%85%AC%E6%95%99%E4%BA%BA%E5%93%A1+%E9%A4%8A%E7%88%B6+&oid=1635830 HTTP/1.1" 200 3608
66.249.71.113 - - [14/May/2016:10:57:23 +0800] "GET /content/repository/resource_content.jsp?oid=2629704&queryType=qs&queryString=%E5%8D%B0%E7%BD%B2 HTTP/1.1" 200 29910
66.249.71.60 - - [14/May/2016:10:58:23 +0800] "GET /content/subject/resource_content.jsp?oid=16797271&queryType=qc HTTP/1.1" 200 55290
114.136.57.244 - - [14/May/2016:10:59:12 +0800] "GET /content/nav/relationSubject.jsp?relationWords=%E6%B4%8B%E7%8E%89%E8%98%AD+&oid=16777351 HTTP/1.1" 200 3545
66.249.71.14 - - [14/May/2016:10:59:22 +0800] "GET /content/nav/relationSubject.jsp?relationWords=%E7%95%AA%E9%9B%9E%E5%85%AC+%E7%9A%AE%E6%B0%8F+%E7%B4%85%E9%A3%9B%E9%AD%9A+%E8%A7%92%E9%AD%9A+%E9%9B%9E%E8%A7%92+%E9%A3%9B%E8%A7%92+%E9%A3%9B%E9%AD%9A+&oid=14818 HTTP/1.1" 200 3639
66.249.71.50 - - [14/May/2016:10:59:24 +0800] "GET /content/tmp_exh/resource_content.jsp?oid=16777750&queryType=qc HTTP/1.1" 200 32511
66.249.79.186 - - [14/May/2016:10:59:30 +0800] "GET /content/nav/relationSubject.jsp?relationWords=%E7%95%AA%E9%9B%9E%E5%85%AC%20%E7%9A%AE%E6%B0%8F%20%E7%B4%85%E9%A3%9B%E9%AD%9A%20%E8%A7%92%E9%AD%9A%20%E9%9B%9E%E8%A7%92%20%E9%A3%9B%E8%A7%92%20%E9%A3%9B%E9%AD%9A%20&oid=14818 HTTP/1.1" 200 3639
68.180.230.90 - - [14/May/2016:11:00:14 +0800] "GET /digiarch_en/content/subject/resource_content.jsp?oid=16777329&queryType=qc HTTP/1.1" 200 22164
66.249.71.72 - - [14/May/2016:11:00:24 +0800] "GET /content/repository/resource_content.jsp?oid=1543480 HTTP/1.1" 200 28769
66.249.71.50 - - [14/May/2016:11:00:54 +0800] "GET /content/nav/relationSubject.jsp?relationWords=&oid=16777750 HTTP/1.1" 200 1405
66.249.71.64 - - [14/May/2016:11:01:25 +0800] "GET /content/repository/resource_content.jsp?oid=2142691 HTTP/1.1" 200 30935
223.142.203.48 - - [14/May/2016:11:01:43 +0800] "GET /content/subject/resource_content.jsp?oid=16797271&queryType=qc HTTP/1.1" 200 55290
223.142.203.48 - - [14/May/2016:11:01:45 +0800] "GET /content/nav/relationSubject.jsp?relationWords=&oid=16797271 HTTP/1.1" 200 1405
52.3.105.23 - - [14/May/2016:11:02:19 +0800] "GET /content/subject/resource_content.jsp?oid=16777842&queryType=qc HTTP/1.1" 200 36275
66.249.77.85 - - [14/May/2016:11:02:25 +0800] "GET /content/repository/resource_content.jsp?oid=4354046&queryType=qs&queryString=%E7%B6%93%E6%BF%9F%E8%A6%8F%E6%A8%A1 HTTP/1.1" 200 34315
66.249.71.72 - - [14/May/2016:11:02:41 +0800] "GET /content/nav/relationSubject.jsp?relationWords=%E5%B7%B4%E6%8B%89%E5%BA%AB%E7%AD%94+%E6%A2%AD%E9%AD%9A+%E7%AB%B9%E6%A2%AD+%E9%87%91%E6%A2%AD+%E9%87%91%E6%A2%AD%E9%AD%9A+%E9%BB%83%E5%B0%BE+%E9%BB%83%E5%B0%BE%E9%87%91%E6%A2%AD%E9%AD%9A+&oid=16318 HTTP/1.1" 200 3667
66.249.77.91 - - [14/May/2016:11:02:55 +0800] "GET /content/nav/relationSubject.jsp?relationWords=%E7%A9%97%E8%8A%B1%E5%B1%B1%E5%A5%88+%E9%87%8E%E8%96%91%E8%8A%B1+&oid=16777263 HTTP/1.1" 200 3284
66.249.71.60 - - [14/May/2016:11:03:24 +0800] "GET /content/nav/relationSubject.jsp?relationWords=%E5%85%89%E9%B1%97%E9%AD%9A+%E6%97%A5%E6%9C%AC%E5%85%89%E9%B1%97%E9%AD%9A+%E7%8B%97%E6%AF%8D+%E7%8B%97%E6%AF%8D%E9%AD%9A+%E8%A3%B8%E7%8B%97%E6%AF%8D%E9%AD%9A+%E9%B1%97%E9%AD%9A+&oid=14481 HTTP/1.1" 200 3597
66.249.71.60 - - [14/May/2016:11:03:42 +0800] "GET /content/repository/resource_content.jsp?oid=1114901 HTTP/1.1" 200 31132
66.249.71.64 - - [14/May/2016:11:03:42 +0800] "GET /content/nav/relationSubject.jsp?relationWords=%E5%85%89%E9%B1%97%E9%AD%9A%20%E6%97%A5%E6%9C%AC%E5%85%89%E9%B1%97%E9%AD%9A%20%E7%8B%97%E6%AF%8D%20%E7%8B%97%E6%AF%8D%E9%AD%9A%20%E8%A3%B8%E7%8B%97%E6%AF%8D%E9%AD%9A%20%E9%B1%97%E9%AD%9A%20&oid=14481 HTTP/1.1" 200 3597
66.249.71.60 - - [14/May/2016:11:04:25 +0800] "GET /content/nav/relationSubject.jsp?relationWords=%E5%8A%89%E6%96%87+%E5%8A%89%E6%96%87%E9%9B%84+%E6%9D%8E%E9%9B%85%E6%99%AF+%E8%98%87%E6%96%87+%E8%98%87%E6%96%87%E9%9B%84+%E9%BB%83%E6%B0%B8+%E9%BB%83%E6%B0%B8%E6%AC%BD+&oid=1892745 HTTP/1.1" 200 3458
66.249.71.200 - - [14/May/2016:11:04:30 +0800] "GET /content/repository/resource_content.jsp?oid=2641238&queryString=%E6%B1%9F%E5%A4%8F HTTP/1.1" 200 30128
66.249.71.60 - - [14/May/2016:11:04:33 +0800] "GET /content/nav/relationSubject.jsp?relationWords=%E5%8A%89%E6%96%87%20%E5%8A%89%E6%96%87%E9%9B%84%20%E6%9D%8E%E9%9B%85%E6%99%AF%20%E8%98%87%E6%96%87%20%E8%98%87%E6%96%87%E9%9B%84%20%E9%BB%83%E6%B0%B8%20%E9%BB%83%E6%B0%B8%E6%AC%BD%20&oid=1892745 HTTP/1.1" 200 3458
66.249.71.60 - - [14/May/2016:11:04:44 +0800] "GET /content/nav/relationSubject.jsp?relationWords=%E6%A4%8D%E7%89%A9%E7%95%8C+%E8%A0%B6%E8%B1%86+%E9%87%91%E9%BE%9C+%E9%87%91%E9%BE%9C%E6%A8%B9%E5%B1%AC+%E9%9B%99%E5%AD%90%E8%91%89%E6%A4%8D%E7%89%A9+&oid=2149414 HTTP/1.1" 200 3274
220.181.108.114 - - [14/May/2016:11:05:18 +0800] "GET /content/subject/resource_content.jsp?oid=16777359&queryType=qc HTTP/1.1" 200 33870
66.249.71.60 - - [14/May/2016:11:05:27 +0800] "GET /content/repository/resource_content.jsp?oid=1540938 HTTP/1.1" 200 28755
66.249.71.60 - - [14/May/2016:11:05:59 +0800] "GET /content/nav/relationSubject.jsp?relationWords=%E6%96%B9%E7%9F%B3%E7%89%87+&oid=1849612 HTTP/1.1" 200 2990
66.249.71.60 - - [14/May/2016:11:06:30 +0800] "GET /content/repository/resource_content.jsp?oid=1463176 HTTP/1.1" 200 31471
66.249.77.97 - - [14/May/2016:11:06:53 +0800] "GET /content/nav/relationSubject.jsp?relationWords=%E5%8D%97%E9%B1%A7+%E6%96%91%E9%B1%A7+%E9%9B%B7%E9%AD%9A+%E9%B1%A7%E7%A7%91+%E9%B1%A7%E9%AD%9A+&oid=4352593 HTTP/1.1" 200 3421
66.249.77.91 - - [14/May/2016:11:06:59 +0800] "GET /content/nav/relationSubject.jsp?relationWords=%E5%8D%97%E9%B1%A7%20%E6%96%91%E9%B1%A7%20%E9%9B%B7%E9%AD%9A%20%E9%B1%A7%E7%A7%91%20%E9%B1%A7%E9%AD%9A%20&oid=4352593 HTTP/1.1" 200 3421
122.254.33.190 - - [14/May/2016:11:07:07 +0800] "GET /content/subject/resource_content.jsp?oid=16797242&queryType=qc HTTP/1.1" 200 46766
122.254.33.190 - - [14/May/2016:11:07:09 +0800] "GET /content/nav/relationSubject.jsp?relationWords=&oid=16797242 HTTP/1.1" 200 1405
122.254.33.190 - - [14/May/2016:11:07:16 +0800] "HEAD /content/subject/resource_content.jsp?oid=16797242&queryType=qc HTTP/1.1" 200 -
122.254.33.190 - - [14/May/2016:11:07:17 +0800] "GET /content/subject/resource_content.jsp?oid=16797242&queryType=qc HTTP/1.1" 200 46766
66.249.71.60 - - [14/May/2016:11:07:19 +0800] "GET /content/nav/relationSubject.jsp?relationWords=%E5%85%AB%E6%8E%8C%E6%BA%AA+%E8%8E%8E%E6%8B%89+%E9%B9%BD%E6%B0%B4%E9%8E%AE+&oid=1633305 HTTP/1.1" 200 3817
66.249.71.60 - - [14/May/2016:11:07:20 +0800] "GET /content/nav/relationSubject.jsp?relationWords=%E5%85%AB%E6%8E%8C%E6%BA%AA%20%E8%8E%8E%E6%8B%89%20%E9%B9%BD%E6%B0%B4%E9%8E%AE%20&oid=1633305 HTTP/1.1" 200 3817
66.249.71.60 - - [14/May/2016:11:07:22 +0800] "GET /content/nav/relationSubject.jsp?relationWords=%E5%88%BA%E9%AF%A7+%E8%82%89%E9%AF%BD%E4%BB%94+%E9%AF%BD%E4%BB%94+&oid=4352535 HTTP/1.1" 200 3618
66.249.71.60 - - [14/May/2016:11:07:25 +0800] "GET /content/nav/relationSubject.jsp?relationWords=%E5%88%BA%E9%AF%A7%20%E8%82%89%E9%AF%BD%E4%BB%94%20%E9%AF%BD%E4%BB%94%20&oid=4352535 HTTP/1.1" 200 3618
66.249.71.60 - - [14/May/2016:11:07:28 +0800] "GET /content/repository/resource_content.jsp?oid=3817977&queryString=%E5%9C%93%E8%91%89%20%E5%9C%93%E8%91%89%E9%8C%A6%E8%91%B5%20%E6%A4%8D%E7%89%A9%E7%95%8C%20%E9%8C%A6%E8%91%B5%20%E9%8C%A6%E8%91%B5%E5%B1%AC%20%E9%8C%A6%E8%91%B5%E7%A7%91 HTTP/1.1" 200 31846
66.249.71.14 - - [14/May/2016:11:08:28 +0800] "GET /digiarch3/content/repository/resource_content.jsp?oid=14840&queryType=qs&queryString=%E7%84%A1%E6%96%91 HTTP/1.1" 200 34706
36.232.143.196 - - [14/May/2016:11:09:27 +0800] "GET /content/nav/relationSubject.jsp?relationWords=%E9%98%BF%E5%8B%83%E5%8B%92+&oid=16777368 HTTP/1.1" 200 2917
66.249.71.105 - - [14/May/2016:11:09:46 +0800] "GET /content/repository/resource_content.jsp?oid=1893975&queryType=qs&queryString=%E9%99%B3%E6%A6%AE%E7%9B%9B HTTP/1.1" 200 28930
66.249.71.60 - - [14/May/2016:11:10:29 +0800] "GET /content/repository/resource_content.jsp?oid=3820698&queryString=%E6%A4%8D%E7%89%A9%E7%95%8C%20%E6%B0%B4%E5%86%AC%E7%93%9C%20%E6%B0%B4%E5%86%AC%E7%93%9C%E5%B1%AC%20%E7%8D%BC%E7%8C%B4%E6%A1%83%E7%A7%91 HTTP/1.1" 200 31368
66.249.71.105 - - [14/May/2016:11:11:14 +0800] "GET /content/nav/relationSubject.jsp?relationWords=%E5%A4%A7%E7%94%B2%E4%BF%A1%E7%94%A8%E7%B5%84%E5%90%88+%E6%9D%9C%E6%B8%85+%E6%9D%9C%E9%A6%99+%E6%9D%9C%E9%A6%99%E5%9C%8B+&oid=1887303 HTTP/1.1" 200 3272
66.249.71.60 - - [14/May/2016:11:11:32 +0800] "GET /content/nav/relationSubject.jsp?relationWords=&oid=2578484 HTTP/1.1" 200 1405
68.180.230.90 - - [14/May/2016:11:11:35 +0800] "GET /digiarch_en/content/pictures/picture_content.jsp?oid=33554789 HTTP/1.1" 200 21360
66.249.79.59 - - [14/May/2016:11:11:47 +0800] "GET /content/nav/relationSubject.jsp?relationWords=%E5%B9%B3%E5%BA%95%E7%9B%86%E5%BD%A2%E5%99%A8+&oid=1865149 HTTP/1.1" 200 2757
66.249.71.113 - - [14/May/2016:11:11:49 +0800] "GET /content/nav/relationSubject.jsp?relationWords=%E5%B9%B3%E5%BA%95%E7%9B%86%E5%BD%A2%E5%99%A8%20&oid=1865149 HTTP/1.1" 200 2757
66.249.71.5 - - [14/May/2016:11:11:52 +0800] "GET /content/nav/relationSubject.jsp?relationWords=%E6%95%B8%E4%BD%8D%E5%85%B8%E8%97%8F+%E9%89%9B%E5%AD%97+%E9%8A%85%E6%A8%A1+&oid=16777769 HTTP/1.1" 200 11830
66.249.71.5 - - [14/May/2016:11:11:55 +0800] "GET /content/nav/relationSubject.jsp?relationWords=%E6%95%B8%E4%BD%8D%E5%85%B8%E8%97%8F%20%E9%89%9B%E5%AD%97%20%E9%8A%85%E6%A8%A1%20&oid=16777769 HTTP/1.1" 200 11830
220.181.108.162 - - [14/May/2016:11:12:14 +0800] "GET /digiarch_en/content/subject/resource_content.jsp?oid=16777788&queryType=qc HTTP/1.1" 200 38656
66.249.77.97 - - [14/May/2016:11:12:58 +0800] "GET /content/nav/relationSubject.jsp?relationWords=%E5%90%8F%E9%83%A8+&oid=2681733 HTTP/1.1" 200 3101
66.249.71.60 - - [14/May/2016:11:13:31 +0800] "GET /content/repository/resource_content.jsp?oid=18295 HTTP/1.1" 200 29806
66.249.71.64 - - [14/May/2016:11:13:35 +0800] "GET /content/nav/relationSubject.jsp?relationWords=%E7%B3%A7%E9%A3%9F%E5%B1%80+%E7%BE%8E%E6%8F%B4+&oid=1543480 HTTP/1.1" 200 5020
66.249.71.60 - - [14/May/2016:11:13:38 +0800] "GET /content/nav/relationSubject.jsp?relationWords=%E7%B3%A7%E9%A3%9F%E5%B1%80%20%E7%BE%8E%E6%8F%B4%20&oid=1543480 HTTP/1.1" 200 5020
66.249.71.60 - - [14/May/2016:11:13:39 +0800] "GET /content/nav/relationSubject.jsp?relationWords=%E5%B1%B1%E6%AB%BB%E8%8A%B1+%E6%A2%85%E5%B1%AC+%E6%A4%8D%E7%89%A9%E7%95%8C+%E8%96%94%E8%96%87%E7%9B%AE+%E8%96%94%E8%96%87%E7%A7%91+%E9%9C%A7%E7%A4%BE%E5%B1%B1%E6%AB%BB+%E9%9C%A7%E7%A4%BE%E5%B1%B1%E6%AB%BB%E8%8A%B1+&oid=3824751 HTTP/1.1" 200 5299
66.249.71.64 - - [14/May/2016:11:14:27 +0800] "GET /digiarch_en/content/nav/relationSubject.jsp?relationWords=%E5%8F%A4%E7%B1%8D+%E7%B4%A0%E5%95%8F+%E8%81%AF%E5%90%88%E7%9B%AE%E9%8C%84+%E9%86%AB%E7%99%82%E5%8F%B2+%E9%87%8D%E5%BB%A3+%E9%BB%83%E5%B8%9D%E5%85%A7%E7%B6%93+%E9%BB%83%E5%B8%9D%E5%85%A7%E7%B6%93%E7%B4%A0%E5%95%8F+&oid=3205079 HTTP/1.1" 200 4595
66.249.71.60 - - [14/May/2016:11:14:33 +0800] "GET /digiarch_en/content/nav/relationSubject.jsp?relationWords=%E5%8F%A4%E7%B1%8D%20%E7%B4%A0%E5%95%8F%20%E8%81%AF%E5%90%88%E7%9B%AE%E9%8C%84%20%E9%86%AB%E7%99%82%E5%8F%B2%20%E9%87%8D%E5%BB%A3%20%E9%BB%83%E5%B8%9D%E5%85%A7%E7%B6%93%20%E9%BB%83%E5%B8%9D%E5%85%A7%E7%B6%93%E7%B4%A0%E5%95%8F%20&oid=3205079 HTTP/1.1" 200 4595
66.249.71.105 - - [14/May/2016:11:14:43 +0800] "GET /content/nav/relationSubject.jsp?relationWords=%E9%99%B3%E6%A6%AE+%E9%99%B3%E6%A6%AE%E7%9B%9B+&oid=1893975 HTTP/1.1" 200 3403
66.249.71.113 - - [14/May/2016:11:14:50 +0800] "GET /content/nav/relationSubject.jsp?relationWords=%E9%99%B3%E6%A6%AE%20%E9%99%B3%E6%A6%AE%E7%9B%9B%20&oid=1893975 HTTP/1.1" 200 3403
40.77.167.2 - - [14/May/2016:11:15:24 +0800] "GET /content/repository/resource_content.jsp?oid=2689439&queryString=%E7%9B%A7%E6%BA%9D%E6%A9%8B HTTP/1.1" 200 30778
207.46.13.158 - - [14/May/2016:11:15:46 +0800] "GET /content/subject/resource_content.jsp?oid=16777610&queryString=%E5%91%A8%E8%99%95%20%E5%BB%A3%E6%92%AD%20%E5%BD%B1%E5%B1%95%20%E6%96%B0%E8%81%9E%E8%99%95%20%E7%B5%90%E8%AA%9E%20%E8%99%95%E9%95%B7%20%E9%95%B7%E5%A4%A9%E5%9B%BA HTTP/1.1" 200 27658
66.249.71.60 - - [14/May/2016:11:17:58 +0800] "GET /content/repository/resource_content.jsp?oid=1552630&queryType=qs&queryString=%E6%93%8D%E5%A0%B4%E6%A1%88 HTTP/1.1" 200 28838
66.249.71.60 - - [14/May/2016:11:17:59 +0800] "GET /content/nav/relationSubject.jsp?relationWords=%E6%95%91%E6%BF%9F%E9%99%A2%20&oid=1540938 HTTP/1.1" 200 3785
66.249.71.60 - - [14/May/2016:11:18:00 +0800] "GET /content/repository/resource_content.jsp?oid=1556856 HTTP/1.1" 200 28784
66.249.71.5 - - [14/May/2016:11:18:33 +0800] "GET /digiarch3/content/repository/resource_content.jsp?oid=16533&queryType=qs&queryString=%E6%9C%89%E5%AD%94%E8%9F%B2 HTTP/1.1" 200 35652
223.140.15.66 - - [14/May/2016:11:18:52 +0800] "GET /content/nav/relationSubject.jsp?relationWords=%E6%9C%A8%E7%8A%80+%E6%A1%82%E8%8A%B1+&oid=16777255 HTTP/1.1" 200 4029
65.55.210.250 - - [14/May/2016:11:19:09 +0800] "GET /content/nav/relationSubject.jsp?relationWords=%E5%8F%B0%E7%81%A3%E6%AC%92%E6%A8%B9+%E6%AC%92%E6%A8%B9+%E8%8B%A6%E8%8B%93+%E8%8B%A6%E8%8B%93%E8%88%85+&oid=16777254 HTTP/1.1" 200 4383
141.8.132.82 - - [14/May/2016:11:19:25 +0800] "GET /content/subject/resource_content.jsp?oid=16777692 HTTP/1.1" 200 36451
66.249.71.113 - - [14/May/2016:11:19:34 +0800] "GET /content/repository/resource_content.jsp?oid=1900551&queryType=qs&queryString=%E8%A1%8C%E6%94%BF%E9%99%A2%E4%B8%BB%E8%A8%88%E8%99%95 HTTP/1.1" 200 31591
66.249.71.72 - - [14/May/2016:11:20:35 +0800] "GET /content/repository/resource_content.jsp?oid=1116039 HTTP/1.1" 200 30194
66.249.71.64 - - [14/May/2016:11:20:42 +0800] "GET /content/nav/relationSubject.jsp?relationWords=%E9%BD%8A%E4%BE%AF%E6%95%A6%20&oid=1812569 HTTP/1.1" 200 3123
141.8.132.82 - - [14/May/2016:11:21:48 +0800] "GET /content/subject/resource_content.jsp?oid=16777421&queryType=qc HTTP/1.1" 200 34224
141.8.132.82 - - [14/May/2016:11:22:19 +0800] "GET /content/repository/resource_content.jsp?oid=1123772&queryType=qc HTTP/1.1" 200 36432
141.8.132.82 - - [14/May/2016:11:22:53 +0800] "GET /content/subject/resource_content.jsp?oid=16797335&queryType=qc HTTP/1.1" 200 60644
222.251.0.163 - - [14/May/2016:11:23:19 +0800] "GET /content/nav/relationSubject.jsp?relationWords=%E6%9C%A8%E7%8A%80+%E6%A1%82%E8%8A%B1+&oid=16777255 HTTP/1.1" 200 4029
66.249.71.5 - - [14/May/2016:11:23:41 +0800] "GET /digiarch3/content/subject/resource_content.jsp?oid=16797271&queryType=qc HTTP/1.1" 200 55170
141.8.132.82 - - [14/May/2016:11:23:42 +0800] "GET /content/subject/resource_content.jsp?oid=16777531&queryType=qc HTTP/1.1" 200 42128
66.249.71.113 - - [14/May/2016:11:23:45 +0800] "GET /content/nav/relationSubject.jsp?relationWords=%E5%89%9D%E7%9A%AE%E9%AD%9A+%E5%96%AE%E6%A3%98%E9%AD%A8+%E5%96%AE%E6%A3%98%E9%AD%A8%E7%A7%91+%E6%96%91%E5%88%BA%E9%BC%BB%E5%96%AE%E6%A3%98+%E6%96%91%E5%88%BA%E9%BC%BB%E5%96%AE%E6%A3%98%E9%AD%A8+%E6%A3%98%E9%AD%A8+%E7%B4%B0%E6%96%91+%E9%AD%A8%E7%A7%91+&oid=16497 HTTP/1.1" 200 3770
66.249.79.207 - - [14/May/2016:11:24:37 +0800] "GET /content/repository/resource_content.jsp?oid=1530004 HTTP/1.1" 200 28582
220.181.108.181 - - [14/May/2016:11:24:48 +0800] "GET /content/subject/resource_content.jsp?oid=16777349&queryType=qc HTTP/1.1" 200 36485
141.8.132.82 - - [14/May/2016:11:24:49 +0800] "GET /content/subject/resource_content.jsp?oid=16797243&queryType=qc HTTP/1.1" 200 56179
66.249.71.23 - - [14/May/2016:11:25:21 +0800] "GET /digiarch3/content/nav/relationSubject.jsp?relationWords=%E5%8F%B2%E8%AB%96+%E6%96%87%E5%8C%96%E5%8F%B2+&oid=4491553 HTTP/1.1" 200 8942
66.249.71.5 - - [14/May/2016:11:25:26 +0800] "GET /digiarch3/content/nav/relationSubject.jsp?relationWords=%E5%8F%B2%E8%AB%96%20%E6%96%87%E5%8C%96%E5%8F%B2%20&oid=4491553 HTTP/1.1" 200 8942
141.8.132.82 - - [14/May/2016:11:25:33 +0800] "GET /content/subject/resource_content.jsp?oid=16777645&queryType=qc HTTP/1.1" 200 63956
66.249.71.72 - - [14/May/2016:11:25:34 +0800] "GET /content/nav/relationSubject.jsp?relationWords=%E5%BA%9C%E8%BE%B2%E6%BC%81%E5%AD%97+%E7%B3%A7%E9%A3%9F%E5%B1%80+&oid=1623241 HTTP/1.1" 200 4204
66.249.71.188 - - [14/May/2016:11:25:40 +0800] "GET /content/repository/resource_content.jsp?oid=4362012&queryString=%E6%B3%95%E4%B8%BB%E5%85%AC HTTP/1.1" 200 28248
66.249.71.60 - - [14/May/2016:11:25:42 +0800] "GET /content/nav/relationSubject.jsp?relationWords=%E5%BA%9C%E8%BE%B2%E6%BC%81%E5%AD%97%20%E7%B3%A7%E9%A3%9F%E5%B1%80%20&oid=1623241 HTTP/1.1" 200 4204
66.249.71.60 - - [14/May/2016:11:25:49 +0800] "GET /content/nav/relationSubject.jsp?relationWords=&oid=1081501 HTTP/1.1" 200 1405
66.249.71.60 - - [14/May/2016:11:27:31 +0800] "GET /content/nav/relationSubject.jsp?relationWords=%E8%80%95%E8%80%85%E6%9C%89%E5%85%B6%E7%94%B0+%E9%83%BD%E5%B8%82%E8%A8%88%E5%8A%83+&oid=1556856 HTTP/1.1" 200 6660
66.249.71.60 - - [14/May/2016:11:27:33 +0800] "GET /content/nav/relationSubject.jsp?relationWords=%E8%80%95%E8%80%85%E6%9C%89%E5%85%B6%E7%94%B0%20%E9%83%BD%E5%B8%82%E8%A8%88%E5%8A%83%20&oid=1556856 HTTP/1.1" 200 6660
66.249.79.200 - - [14/May/2016:11:27:40 +0800] "GET /content/nav/relationSubject.jsp?relationWords=%E6%81%A4%E6%A1%88+%E6%94%A4%E8%B2%A9+%E7%BD%B0%E9%8D%B0+%E9%8A%80%E5%85%83+&oid=1559319 HTTP/1.1" 200 6541
66.249.71.60 - - [14/May/2016:11:27:46 +0800] "GET /content/nav/relationSubject.jsp?relationWords=%E6%81%A4%E6%A1%88%20%E6%94%A4%E8%B2%A9%20%E7%BD%B0%E9%8D%B0%20%E9%8A%80%E5%85%83%20&oid=1559319 HTTP/1.1" 200 6541
66.249.71.60 - - [14/May/2016:11:29:39 +0800] "GET /content/subject/resource_content.jsp?oid=16777721&queryString=%E6%A4%8D%E7%89%A9%E7%95%8C%20%E7%8E%89%E5%B1%B1%E8%96%84%E9%9B%AA%E8%8D%89%20%E8%8F%8A%E7%A7%91%20%E8%96%84%E9%9B%AA%E8%8D%89%E5%B1%AC%20%E9%9B%99%E5%AD%90%E8%91%89%E6%A4%8D%E7%89%A9 HTTP/1.1" 200 36236
66.249.71.60 - - [14/May/2016:11:30:17 +0800] "GET /content/nav/relationSubject.jsp?relationWords=%E7%9C%81%E8%AD%B0%E6%9C%83%20%E8%87%BA%E7%81%A3%E7%9C%81%20&oid=1540868 HTTP/1.1" 200 5153
66.249.71.60 - - [14/May/2016:11:30:39 +0800] "GET /content/subject/resource_content.jsp?oid=16797244&queryString= HTTP/1.1" 200 50442
52.3.105.23 - - [14/May/2016:11:31:56 +0800] "GET /digiarch_en/content/subject/resource_content.jsp?oid=16777838&queryType=qc> HTTP/1.1" 200 54550
66.249.71.60 - - [14/May/2016:11:31:59 +0800] "GET /content/nav/relationSubject.jsp?relationWords=%E6%A4%8D%E7%89%A9%E7%95%8C+%E7%89%9B%E8%99%B1%E8%8D%89+%E7%95%AB%E7%9C%89+%E7%95%AB%E7%9C%89%E8%8D%89+%E7%95%AB%E7%9C%89%E8%8D%89%E5%B1%AC+%E7%A6%BE%E6%9C%AC%E7%A7%91+%E8%8E%8E%E8%8D%89+&oid=1114901 HTTP/1.1" 200 3538
66.249.71.60 - - [14/May/2016:11:32:02 +0800] "GET /content/nav/relationSubject.jsp?relationWords=%E6%A4%8D%E7%89%A9%E7%95%8C%20%E7%89%9B%E8%99%B1%E8%8D%89%20%E7%95%AB%E7%9C%89%20%E7%95%AB%E7%9C%89%E8%8D%89%20%E7%95%AB%E7%9C%89%E8%8D%89%E5%B1%AC%20%E7%A6%BE%E6%9C%AC%E7%A7%91%20%E8%8E%8E%E8%8D%89%20&oid=1114901 HTTP/1.1" 200 3538
66.249.71.60 - - [14/May/2016:11:32:14 +0800] "GET /content/subject/resource_content.jsp?oid=16777692 HTTP/1.1" 200 36451
66.249.71.194 - - [14/May/2016:11:32:40 +0800] "GET /content/repository/resource_content.jsp?oid=4361885&queryString=%E5%9C%9F%E5%9C%B0%E5%85%AC HTTP/1.1" 200 28972
66.249.71.60 - - [14/May/2016:11:32:56 +0800] "GET /content/nav/relationSubject.jsp?relationWords=%E4%B8%AD%E8%85%B9+%E4%B8%AD%E8%85%B9%E8%B6%B3%E7%9B%AE+%E5%AF%B6%E8%9E%BA+%E5%AF%B6%E8%9E%BA%E5%B1%AC+%E5%AF%B6%E8%9E%BA%E7%A7%91+%E6%B5%AE%E6%A8%99%E5%AF%B6%E8%9E%BA+%E8%85%B9%E8%B6%B3%E7%B6%B1+&oid=3212429 HTTP/1.1" 200 3523
66.249.71.60 - - [14/May/2016:11:33:38 +0800] "GET /content/nav/relationSubject.jsp?relationWords=%E6%9D%9C%E9%A6%99+%E6%9D%9C%E9%A6%99%E5%9C%8B+&oid=1884612 HTTP/1.1" 200 3142
66.249.79.200 - - [14/May/2016:11:33:41 +0800] "GET /content/repository/resource_content.jsp?oid=1114636 HTTP/1.1" 200 31376
66.249.71.60 - - [14/May/2016:11:33:42 +0800] "GET /content/nav/relationSubject.jsp?relationWords=%E6%9D%9C%E9%A6%99%20%E6%9D%9C%E9%A6%99%E5%9C%8B%20&oid=1884612 HTTP/1.1" 200 3142
66.249.71.60 - - [14/May/2016:11:34:41 +0800] "GET /content/repository/resource_content.jsp?oid=1541791 HTTP/1.1" 200 28821
66.249.71.60 - - [14/May/2016:11:34:58 +0800] "GET /content/nav/relationSubject.jsp?relationWords=%E5%A0%B1%E6%98%A5%E8%8A%B1+%E6%8E%92%E9%A6%99%E8%8D%89+%E6%98%A5%E8%8A%B1+%E6%A4%8D%E7%89%A9%E7%95%8C+%E7%8F%8D%E7%8F%A0%E8%8F%9C+%E7%8F%8D%E7%8F%A0%E8%8F%9C%E5%B1%AC+&oid=1114636 HTTP/1.1" 200 3438
66.249.71.60 - - [14/May/2016:11:35:02 +0800] "GET /content/nav/relationSubject.jsp?relationWords=%E5%A0%B1%E6%98%A5%E8%8A%B1%20%E6%8E%92%E9%A6%99%E8%8D%89%20%E6%98%A5%E8%8A%B1%20%E6%A4%8D%E7%89%A9%E7%95%8C%20%E7%8F%8D%E7%8F%A0%E8%8F%9C%20%E7%8F%8D%E7%8F%A0%E8%8F%9C%E5%B1%AC%20&oid=1114636 HTTP/1.1" 200 3438
223.140.61.253 - - [14/May/2016:11:35:40 +0800] "GET /content/nav/relationSubject.jsp?relationWords=&oid=16777459 HTTP/1.1" 200 1405
66.249.79.200 - - [14/May/2016:11:35:42 +0800] "GET /content/repository/resource_content.jsp?oid=1100772&queryString=%E6%A4%8D%E7%89%A9%E7%95%8C%20%E7%96%8F%E8%8A%B1%E7%B9%81%E7%B8%B7%20%E7%9F%B3%E7%AB%B9%20%E7%9F%B3%E7%AB%B9%E7%A7%91%20%E7%B9%81%E7%B8%B7%E5%B1%AC HTTP/1.1" 200 31495
66.249.71.60 - - [14/May/2016:11:35:46 +0800] "GET /content/nav/relationSubject.jsp?relationWords=%E5%8F%B0%E7%81%A3%E5%8E%9F%E4%BD%8F%E6%B0%91+%E6%B0%91%E6%97%8F%E8%87%AA%E6%B2%BB+%E7%A4%BE%E6%9C%83%E9%81%8B%E5%8B%95+%E8%98%AD%E5%B6%BC%E9%81%94%E6%82%9F%E6%97%8F+%E9%9B%85%E7%BE%8E%E6%97%8F+&oid=1777934 HTTP/1.1" 200 6569
66.249.71.60 - - [14/May/2016:11:36:42 +0800] "GET /content/repository/resource_content.jsp?oid=1126225 HTTP/1.1" 200 31819
66.249.71.60 - - [14/May/2016:11:37:18 +0800] "GET /content/nav/relationSubject.jsp?relationWords=%E4%B9%9D%E5%B7%9E%E6%96%A7%E8%9B%A4+%E6%96%A7%E8%9B%A4+%E6%96%A7%E8%9B%A4%E7%A7%91+%E7%B0%BE%E8%9B%A4+%E7%B0%BE%E8%9B%A4%E7%9B%AE+%E8%9B%A4%E7%A7%91+%E9%9B%99%E6%AE%BC%E7%B6%B1+&oid=1126225 HTTP/1.1" 200 3696
220.181.108.144 - - [14/May/2016:11:37:22 +0800] "GET /digiarch_en/content/subject/resource_content.jsp?oid=16777279&queryType=qc HTTP/1.1" 200 28076
66.249.71.60 - - [14/May/2016:11:37:24 +0800] "GET /content/nav/relationSubject.jsp?relationWords=%E4%B9%9D%E5%B7%9E%E6%96%A7%E8%9B%A4%20%E6%96%A7%E8%9B%A4%20%E6%96%A7%E8%9B%A4%E7%A7%91%20%E7%B0%BE%E8%9B%A4%20%E7%B0%BE%E8%9B%A4%E7%9B%AE%20%E8%9B%A4%E7%A7%91%20%E9%9B%99%E6%AE%BC%E7%B6%B1%20&oid=1126225 HTTP/1.1" 200 3696
66.249.71.60 - - [14/May/2016:11:37:43 +0800] "GET /content/repository/resource_content.jsp?oid=3812214&queryString=%E6%A4%8D%E7%89%A9%E7%95%8C%20%E8%90%BD%E6%96%B0%E5%A9%A6%20%E8%90%BD%E6%96%B0%E5%A9%A6%E5%B1%AC%20%E8%96%94%E8%96%87%E7%9B%AE%20%E8%99%8E%E8%80%B3%E8%8D%89%E7%A7%91 HTTP/1.1" 200 31500
66.249.71.60 - - [14/May/2016:11:37:58 +0800] "GET /content/nav/relationSubject.jsp?relationWords=%E9%8A%85%E9%8C%A2+&oid=16777261 HTTP/1.1" 200 3769
220.181.108.99 - - [14/May/2016:11:38:38 +0800] "GET /content/subject/resource_content.jsp?oid=16777514&queryType=qc HTTP/1.1" 200 42833
66.249.71.14 - - [14/May/2016:11:38:43 +0800] "GET /digiarch3/content/subject/resource_content.jsp?oid=16777843&queryType=qs&queryString=%E6%89%8B%E5%B7%A5%E8%97%9D%E5%93%81 HTTP/1.1" 200 36102
223.138.136.209 - - [14/May/2016:11:39:43 +0800] "GET /content/nav/relationSubject.jsp?relationWords=%E7%83%8F%E5%BF%83%E7%9F%B3+%E9%B1%B8%E9%B0%BB+&oid=16777303 HTTP/1.1" 200 4004
66.249.79.200 - - [14/May/2016:11:39:44 +0800] "GET /content/nav/relationSubject.jsp?relationWords=%E5%B8%B8%E5%82%99%E5%85%B5+&oid=1541791 HTTP/1.1" 200 3944
66.249.71.60 - - [14/May/2016:11:39:48 +0800] "GET /content/nav/relationSubject.jsp?relationWords=%E5%B8%B8%E5%82%99%E5%85%B5%20&oid=1541791 HTTP/1.1" 200 3944
66.249.71.60 - - [14/May/2016:11:40:44 +0800] "GET /content/repository/resource_content.jsp?oid=1894261 HTTP/1.1" 200 28489
66.249.71.121 - - [14/May/2016:11:41:07 +0800] "GET /content/nav/relationSubject.jsp?relationWords=%E5%8D%87%E7%BD%B2+%E5%90%8F%E9%83%A8+&oid=2678087 HTTP/1.1" 200 3115
66.249.71.5 - - [14/May/2016:11:41:45 +0800] "GET /digiarch3/content/subject/resource_content.jsp?oid=16777484&queryType=qs&queryString=%E5%A4%A9%E9%BE%8D%E5%85%AB%E9%83%A8 HTTP/1.1" 200 72159
52.3.105.23 - - [14/May/2016:11:42:33 +0800] "GET /digiarch_en/content/subject/resource_content.jsp?oid=16777764&queryType=qc HTTP/1.1" 200 36856
66.249.71.64 - - [14/May/2016:11:43:13 +0800] "GET /content/nav/relationSubject.jsp?relationWords=%E8%A8%B1%E7%99%BB%E5%AE%AE+%E9%82%B1%E9%8F%A1%E6%B7%B3+&oid=1894261 HTTP/1.1" 200 3234
52.3.105.23 - - [14/May/2016:11:43:38 +0800] "GET /digiarch_en/content/subject/resource_content.jsp?oid=16777838&queryType=qc HTTP/1.1" 200 54550
207.46.13.158 - - [14/May/2016:11:43:45 +0800] "GET /content/subject/resource_content.jsp?oid=16777721&queryString= HTTP/1.1" 200 36349
66.249.71.64 - - [14/May/2016:11:43:46 +0800] "GET /content/repository/resource_content.jsp?oid=1592883 HTTP/1.1" 200 29587
66.249.71.60 - - [14/May/2016:11:43:57 +0800] "GET /content/nav/relationSubject.jsp?relationWords=%E6%A4%8D%E7%89%A9%E7%95%8C+%E6%AF%9B%E9%A6%AC%E9%BD%92%E8%8E%A7+%E7%9F%B3%E7%AB%B9+%E8%8E%A7%E5%B1%AC+%E8%8E%A7%E7%A7%91+%E9%A6%AC%E9%BD%92%E8%8E%A7+%E9%A6%AC%E9%BD%92%E8%8E%A7%E5%B1%AC+%E9%A6%AC%E9%BD%92%E8%8E%A7%E7%A7%91+&oid=1457522 HTTP/1.1" 200 3502
66.249.79.200 - - [14/May/2016:11:43:59 +0800] "GET /content/nav/relationSubject.jsp?relationWords=%E6%A4%8D%E7%89%A9%E7%95%8C%20%E6%AF%9B%E9%A6%AC%E9%BD%92%E8%8E%A7%20%E7%9F%B3%E7%AB%B9%20%E8%8E%A7%E5%B1%AC%20%E8%8E%A7%E7%A7%91%20%E9%A6%AC%E9%BD%92%E8%8E%A7%20%E9%A6%AC%E9%BD%92%E8%8E%A7%E5%B1%AC%20%E9%A6%AC%E9%BD%92%E8%8E%A7%E7%A7%91%20&oid=1457522 HTTP/1.1" 200 3502
66.249.71.50 - - [14/May/2016:11:44:46 +0800] "GET /content/repository/resource_content.jsp?oid=4363997&queryString=%E5%8D%91%E5%8D%97%E6%97%8F%20%E7%BE%BD%E5%86%A0%20%E9%A0%AD%E9%A3%BE HTTP/1.1" 200 29888
66.249.79.200 - - [14/May/2016:11:45:47 +0800] "GET /content/repository/resource_content.jsp?oid=1108079 HTTP/1.1" 200 31640
68.180.230.90 - - [14/May/2016:11:45:57 +0800] "GET /digiarch_en/content/subject/resource_content.jsp?oid=16777606&queryType=qc HTTP/1.1" 200 39198
66.249.79.200 - - [14/May/2016:11:46:00 +0800] "GET /content/nav/relationSubject.jsp?relationWords=%E9%99%B3%E9%8C%AB+%E9%BB%83%E6%B0%B8%E6%AC%BD+&oid=1891101 HTTP/1.1" 200 3241
66.249.71.60 - - [14/May/2016:11:46:03 +0800] "GET /content/nav/relationSubject.jsp?relationWords=%E9%99%B3%E9%8C%AB%20%E9%BB%83%E6%B0%B8%E6%AC%BD%20&oid=1891101 HTTP/1.1" 200 3241
66.249.71.41 - - [14/May/2016:11:46:18 +0800] "GET /content/nav/relationSubject.jsp?relationWords=%E7%B9%A1%E8%8A%B1+%E9%A0%AD%E9%A3%BE+&oid=4363997 HTTP/1.1" 200 2989
66.249.77.91 - - [14/May/2016:11:46:21 +0800] "GET /content/nav/relationSubject.jsp?relationWords=%E7%B4%A0%E6%8F%8F+&oid=4438414 HTTP/1.1" 200 3138
66.249.71.50 - - [14/May/2016:11:46:22 +0800] "GET /content/nav/relationSubject.jsp?relationWords=%E7%B9%A1%E8%8A%B1%20%E9%A0%AD%E9%A3%BE%20&oid=4363997 HTTP/1.1" 200 2989
66.249.77.85 - - [14/May/2016:11:46:24 +0800] "GET /content/nav/relationSubject.jsp?relationWords=%E7%B4%A0%E6%8F%8F%20&oid=4438414 HTTP/1.1" 200 3138
66.249.71.60 - - [14/May/2016:11:47:03 +0800] "GET /content/nav/relationSubject.jsp?relationWords=%E7%8E%89%E9%A3%BE+&oid=1850343 HTTP/1.1" 200 2972
66.249.71.5 - - [14/May/2016:11:47:27 +0800] "GET /digiarch3/content/nav/relationSubject.jsp?relationWords=%E5%85%AB%E5%8D%A6%E5%B1%B1+%E5%85%AC%E6%95%99%E4%BA%BA%E5%93%A1+%E5%B0%88%E7%A7%91+%E6%95%99%E8%82%B2%E5%BB%B3+%E9%B9%BF%E6%B8%AF%E4%B8%AD%E5%AD%B8+&oid=1565459 HTTP/1.1" 200 3901
66.249.77.91 - - [14/May/2016:11:47:55 +0800] "GET /content/nav/relationSubject.jsp?relationWords=&oid=16777459 HTTP/1.1" 200 1405
66.249.71.5 - - [14/May/2016:11:48:16 +0800] "GET /digiarch3/content/nav/relationSubject.jsp?relationWords=&oid=16777843 HTTP/1.1" 200 1405
66.249.71.60 - - [14/May/2016:11:49:49 +0800] "GET /content/repository/resource_content.jsp?oid=1104746 HTTP/1.1" 200 31505
66.249.71.72 - - [14/May/2016:11:50:45 +0800] "GET /content/nav/relationSubject.jsp?relationWords=%E5%95%A4%E9%85%92+&oid=1610373 HTTP/1.1" 200 4385
66.249.71.72 - - [14/May/2016:11:50:47 +0800] "GET /content/nav/relationSubject.jsp?relationWords=%E5%95%A4%E9%85%92%20&oid=1610373 HTTP/1.1" 200 4385
66.249.79.207 - - [14/May/2016:11:50:50 +0800] "GET /content/repository/resource_content.jsp?oid=4468929&queryString=%E7%9B%B8%E6%80%9D%E6%A8%B9 HTTP/1.1" 200 29401
66.249.71.64 - - [14/May/2016:11:51:50 +0800] "GET /content/repository/resource_content.jsp?oid=1892335 HTTP/1.1" 200 28673
66.249.71.60 - - [14/May/2016:11:53:51 +0800] "GET /content/repository/resource_content.jsp?oid=16361&queryString=%E6%97%97%E9%AD%9A HTTP/1.1" 200 34918
66.249.71.60 - - [14/May/2016:11:54:00 +0800] "GET /content/nav/relationSubject.jsp?relationWords=%E4%B8%80%E6%A2%9D%E9%9E%AD+%E5%90%88%E5%BA%AB+%E5%AD%98%E6%AC%BE+%E6%AC%8A%E5%88%A9+%E7%92%B0%E4%BF%9D+%E9%80%BE%E6%9C%9F%E6%94%BE%E6%AC%BE+&oid=1592883 HTTP/1.1" 200 6031
66.249.71.60 - - [14/May/2016:11:54:04 +0800] "GET /content/nav/relationSubject.jsp?relationWords=%E4%B8%80%E6%A2%9D%E9%9E%AD%20%E5%90%88%E5%BA%AB%20%E5%AD%98%E6%AC%BE%20%E6%AC%8A%E5%88%A9%20%E7%92%B0%E4%BF%9D%20%E9%80%BE%E6%9C%9F%E6%94%BE%E6%AC%BE%20&oid=1592883 HTTP/1.1" 200 6031
66.249.77.85 - - [14/May/2016:11:54:59 +0800] "GET /content/nav/relationSubject.jsp?relationWords=%E4%BC%B0%E5%83%B9+%E5%90%B3%E4%B8%80%E8%A1%9B+%E6%88%BF%E5%B1%8B%E7%A8%85+%E6%88%BF%E6%8D%90+%E6%A5%AD%E5%A0%B1%E7%B6%93+%E6%AC%8A%E5%88%A9+%E7%81%A3%E7%9C%81%E6%94%BF%E5%BA%9C+%E7%9C%81%E6%94%BF%E5%BA%9C+%E7%A8%85%E6%B3%95+%E8%87%BA%E7%81%A3%E7%9C%81+%E8%87%BA%E7%81%A3%E7%9C%81%E6%94%BF%E5%BA%9C+%E8%B2%A1%E6%94%BF+%E8%B2%A1%E6%94%BF%E9%83%A8+%E8%B3%A6%E7%A8%85+%E9%BB%83%E9%81%8B%E9%87%91+&oid=1897181 HTTP/1.1" 200 5990
66.249.71.5 - - [14/May/2016:11:55:17 +0800] "GET /content/nav/relationSubject.jsp?relationWords=%E6%B3%A5%E5%81%B6+%E9%9B%85%E7%BE%8E%E6%97%8F+&oid=1780889 HTTP/1.1" 200 2977
140.112.236.22 - - [14/May/2016:11:56:28 +0800] "GET /content/nav/relationSubject.jsp?relationWords=&oid=16777459 HTTP/1.1" 200 1405
66.249.71.188 - - [14/May/2016:11:56:29 +0800] "GET /content/nav/relationSubject.jsp?relationWords=%E5%90%8F%E9%83%A8+%E5%A0%AA%E7%BD%B2+%E5%A4%8F%E7%B8%A3+%E6%B1%9F%E5%A4%8F+%E6%B1%9F%E5%A4%8F%E7%B8%A3+&oid=2641238 HTTP/1.1" 200 3256
66.249.71.60 - - [14/May/2016:11:56:31 +0800] "GET /content/nav/relationSubject.jsp?relationWords=%E5%B1%B1%E8%8C%B6%E8%8A%B1%20%E6%9B%BC%E9%99%80%E7%BE%85%20%E6%9B%BC%E9%99%80%E7%BE%85%E8%8A%B1%20%E8%8C%B6%E8%8A%B1%20&oid=16777448 HTTP/1.1" 200 3399
66.249.71.194 - - [14/May/2016:11:56:33 +0800] "GET /content/nav/relationSubject.jsp?relationWords=%E5%90%8F%E9%83%A8%20%E5%A0%AA%E7%BD%B2%20%E5%A4%8F%E7%B8%A3%20%E6%B1%9F%E5%A4%8F%20%E6%B1%9F%E5%A4%8F%E7%B8%A3%20&oid=2641238 HTTP/1.1" 200 3256
66.249.71.60 - - [14/May/2016:11:57:01 +0800] "GET /content/nav/relationSubject.jsp?relationWords=%E9%81%93%E8%87%A3+&oid=2545278 HTTP/1.1" 200 3102
66.249.79.200 - - [14/May/2016:11:57:03 +0800] "GET /content/nav/relationSubject.jsp?relationWords=%E9%81%93%E8%87%A3%20&oid=2545278 HTTP/1.1" 200 3102
66.249.71.60 - - [14/May/2016:11:57:21 +0800] "GET /content/nav/relationSubject.jsp?relationWords=%E5%A4%9A%E6%A8%A3%E6%80%A7+%E6%95%B8%E4%BD%8D%E5%85%B8%E8%97%8F+%E7%94%9F%E7%89%A9%E5%A4%9A%E6%A8%A3%E6%80%A7+&oid=16777477 HTTP/1.1" 200 7074
66.249.71.121 - - [14/May/2016:11:57:34 +0800] "GET /content/nav/relationSubject.jsp?relationWords=%E4%BD%99%E9%99%B3%E6%9C%88%E7%91%9B+%E6%9C%88%E7%91%9B+%E8%94%A1%E9%99%B3%E7%BF%A0+%E8%B3%AA%E8%A9%A2+&oid=1584376 HTTP/1.1" 200 3299
66.249.71.105 - - [14/May/2016:11:57:42 +0800] "GET /content/nav/relationSubject.jsp?relationWords=%E4%BD%99%E9%99%B3%E6%9C%88%E7%91%9B%20%E6%9C%88%E7%91%9B%20%E8%94%A1%E9%99%B3%E7%BF%A0%20%E8%B3%AA%E8%A9%A2%20&oid=1584376 HTTP/1.1" 200 3299
66.249.71.60 - - [14/May/2016:11:58:19 +0800] "GET /content/nav/relationSubject.jsp?relationWords=%E5%8D%AF%E7%B0%8B+&oid=1821414 HTTP/1.1" 200 2825
