66.249.71.59 - - [01/Mar/2016:04:38:44 +0800] "GET /content/nav/relationSubject.jsp?relationWords=%E5%8D%91%E5%8D%97%E6%97%8F%20%E5%B8%83%E8%BE%B2%20%E5%B8%83%E8%BE%B2%E6%97%8F%20%E6%96%87%E5%8C%96%E8%97%9D%E8%A1%93%20%E7%89%A9%E8%B3%AA%E6%96%87%E5%8C%96%20%E8%B3%BD%E5%A4%8F%20%E8%B3%BD%E5%A4%8F%E6%97%8F%20&oid=1773178 HTTP/1.1" 200 3366
107.172.229.166 - - [01/Mar/2016:04:38:51 +0800] "GET /content/subject/http:/www.facebook.com/plugins/like.php?href=http://digiarch.sinica.edu.tw/content/subject/resource_content.jsp?oid=16797256&layout=button_count&show_faces=false&action=like&font=arial&colorscheme=light HTTP/1.1" 404 14873
107.172.229.131 - - [01/Mar/2016:04:39:20 +0800] "GET /content/subject/http:/www.facebook.com/plugins/like.php?href=http://digiarch.sinica.edu.tw/content/subject/resource_content.jsp?oid=16777491&layout=button_count&show_faces=false&action=like&font=arial&colorscheme=light HTTP/1.1" 404 14873
66.249.71.113 - - [01/Mar/2016:04:39:28 +0800] "GET /content/nav/relationSubject.jsp?relationWords=%E7%94%B7%E6%8A%AB%E8%82%A9+%E9%AD%AF%E5%87%B1+%E9%AD%AF%E5%87%B1%E6%97%8F+&oid=4364628 HTTP/1.1" 200 3149
66.249.71.105 - - [01/Mar/2016:04:39:30 +0800] "GET /content/nav/relationSubject.jsp?relationWords=%E7%94%B7%E6%8A%AB%E8%82%A9%20%E9%AD%AF%E5%87%B1%20%E9%AD%AF%E5%87%B1%E6%97%8F%20&oid=4364628 HTTP/1.1" 200 3149
107.172.229.131 - - [01/Mar/2016:04:39:40 +0800] "GET /content/subject/http:/www.facebook.com/plugins/like.php?href=http://digiarch.sinica.edu.tw/content/subject/resource_content.jsp?oid=16777483&layout=button_count&show_faces=false&action=like&font=arial&colorscheme=light HTTP/1.1" 404 14873
51.255.65.80 - - [01/Mar/2016:04:39:51 +0800] "GET /digiarch3/content/subject/resource_content.jsp?oid=16797335&queryType=qc HTTP/1.1" 200 60644
107.172.229.131 - - [01/Mar/2016:04:39:59 +0800] "GET /content/subject/http:/www.facebook.com/plugins/like.php?href=http://digiarch.sinica.edu.tw/content/subject/resource_content.jsp?oid=16777594&layout=button_count&show_faces=false&action=like&font=arial&colorscheme=light HTTP/1.1" 404 14873
107.172.229.154 - - [01/Mar/2016:04:40:01 +0800] "GET /content/subject/http:/www.facebook.com/plugins/like.php?href=http://digiarch.sinica.edu.tw/content/subject/resource_content.jsp?oid=16777591&layout=button_count&show_faces=false&action=like&font=arial&colorscheme=light HTTP/1.1" 404 14873
107.172.229.131 - - [01/Mar/2016:04:40:03 +0800] "GET /content/subject/http:/www.facebook.com/plugins/like.php?href=http://digiarch.sinica.edu.tw/content/subject/resource_content.jsp?oid=16777612&layout=button_count&show_faces=false&action=like&font=arial&colorscheme=light HTTP/1.1" 404 14873
107.172.229.131 - - [01/Mar/2016:04:40:09 +0800] "GET /content/subject/http:/www.facebook.com/plugins/like.php?href=http://digiarch.sinica.edu.tw/content/subject/resource_content.jsp?oid=16777378&layout=button_count&show_faces=false&action=like&font=arial&colorscheme=light HTTP/1.1" 404 14873
66.249.74.63 - - [01/Mar/2016:04:40:16 +0800] "GET /content/nav/relationSubject.jsp?relationWords=%E5%9C%9F%E5%9C%B0%E9%8A%80%E8%A1%8C+%E8%8F%AF%E5%8D%97%E9%8A%80%E8%A1%8C+&oid=1562329 HTTP/1.1" 200 4082
66.249.71.105 - - [01/Mar/2016:04:40:18 +0800] "GET /content/nav/relationSubject.jsp?relationWords=%E5%9C%9F%E5%9C%B0%E9%8A%80%E8%A1%8C%20%E8%8F%AF%E5%8D%97%E9%8A%80%E8%A1%8C%20&oid=1562329 HTTP/1.1" 200 4082
107.172.229.166 - - [01/Mar/2016:04:40:18 +0800] "GET /content/subject/http:/www.facebook.com/plugins/like.php?href=http://digiarch.sinica.edu.tw/content/subject/resource_content.jsp?oid=16777476&layout=button_count&show_faces=false&action=like&font=arial&colorscheme=light HTTP/1.1" 404 14873
107.172.229.166 - - [01/Mar/2016:04:40:58 +0800] "GET /content/subject/http:/www.facebook.com/plugins/like.php?href=http://digiarch.sinica.edu.tw/content/subject/resource_content.jsp?oid=16777475&layout=button_count&show_faces=false&action=like&font=arial&colorscheme=light HTTP/1.1" 404 14873
107.172.229.166 - - [01/Mar/2016:04:41:22 +0800] "GET /content/subject/http:/www.facebook.com/plugins/like.php?href=http://digiarch.sinica.edu.tw/content/subject/resource_content.jsp?oid=16777312&layout=button_count&show_faces=false&action=like&font=arial&colorscheme=light HTTP/1.1" 404 14873
107.172.229.154 - - [01/Mar/2016:04:41:24 +0800] "GET /content/subject/http:/www.facebook.com/plugins/like.php?href=http://digiarch.sinica.edu.tw/content/subject/resource_content.jsp?oid=16777313&layout=button_count&show_faces=false&action=like&font=arial&colorscheme=light HTTP/1.1" 404 14873
107.172.229.131 - - [01/Mar/2016:04:41:27 +0800] "GET /content/subject/http:/www.facebook.com/plugins/like.php?href=http://digiarch.sinica.edu.tw/content/subject/resource_content.jsp?oid=16777480&layout=button_count&show_faces=false&action=like&font=arial&colorscheme=light HTTP/1.1" 404 14873
107.172.229.154 - - [01/Mar/2016:04:41:37 +0800] "GET /content/subject/http:/www.facebook.com/plugins/like.php?href=http://digiarch.sinica.edu.tw/content/subject/resource_content.jsp?oid=16777457&layout=button_count&show_faces=false&action=like&font=arial&colorscheme=light HTTP/1.1" 404 14873
107.172.229.166 - - [01/Mar/2016:04:41:54 +0800] "GET /content/tmp_exh/http:/www.facebook.com/plugins/like.php?href=http://digiarch.sinica.edu.tw/content/tmp_exh/resource_content.jsp?oid=16777852&layout=button_count&show_faces=false&action=like&font=arial&colorscheme=light HTTP/1.1" 404 14873
107.172.229.166 - - [01/Mar/2016:04:41:59 +0800] "GET /content/tmp_exh/http:/www.facebook.com/plugins/like.php?href=http://digiarch.sinica.edu.tw/content/tmp_exh/resource_content.jsp?oid=16777750&layout=button_count&show_faces=false&action=like&font=arial&colorscheme=light HTTP/1.1" 404 14873
107.172.229.166 - - [01/Mar/2016:04:42:09 +0800] "GET /content/tmp_exh/http:/www.facebook.com/plugins/like.php?href=http://digiarch.sinica.edu.tw/content/tmp_exh/resource_content.jsp?oid=16777851&layout=button_count&show_faces=false&action=like&font=arial&colorscheme=light HTTP/1.1" 404 14873
66.249.74.98 - - [01/Mar/2016:04:42:12 +0800] "GET /content/nav/relationSubject.jsp?relationWords=%E4%BA%BA%E5%90%8D%E6%AC%8A%E5%A8%81+%E5%A4%96%E4%BA%A4%E9%83%A8+%E6%9C%B1%E9%82%87%E5%85%B8+%E9%A1%A7%E7%B6%AD%E9%88%9E+&oid=717235 HTTP/1.1" 200 3890
66.249.71.60 - - [01/Mar/2016:04:42:18 +0800] "GET /content/nav/relationSubject.jsp?relationWords=%E4%BA%BA%E5%90%8D%E6%AC%8A%E5%A8%81%20%E5%A4%96%E4%BA%A4%E9%83%A8%20%E6%9C%B1%E9%82%87%E5%85%B8%20%E9%A1%A7%E7%B6%AD%E9%88%9E%20&oid=717235 HTTP/1.1" 200 3890
107.172.229.154 - - [01/Mar/2016:04:42:22 +0800] "GET /content/tmp_tec/http:/www.facebook.com/plugins/like.php?href=http://digiarch.sinica.edu.tw/content/tmp_tec/resource_content.jsp?oid=16777837&layout=button_count&show_faces=false&action=like&font=arial&colorscheme=light HTTP/1.1" 404 14873
107.172.229.166 - - [01/Mar/2016:04:42:23 +0800] "GET /content/tmp_tec/http:/www.facebook.com/plugins/like.php?href=http://digiarch.sinica.edu.tw/content/tmp_tec/resource_content.jsp?oid=16777753&layout=button_count&show_faces=false&action=like&font=arial&colorscheme=light HTTP/1.1" 404 14873
107.172.229.131 - - [01/Mar/2016:04:42:24 +0800] "GET /content/tmp_tec/http:/www.facebook.com/plugins/like.php?href=http://digiarch.sinica.edu.tw/content/tmp_tec/resource_content.jsp?oid=16777734&layout=button_count&show_faces=false&action=like&font=arial&colorscheme=light HTTP/1.1" 404 14873
107.172.229.154 - - [01/Mar/2016:04:42:25 +0800] "GET /content/tmp_tec/http:/www.facebook.com/plugins/like.php?href=http://digiarch.sinica.edu.tw/content/tmp_tec/resource_content.jsp?oid=16777731&layout=button_count&show_faces=false&action=like&font=arial&colorscheme=light HTTP/1.1" 404 14873
107.172.229.166 - - [01/Mar/2016:04:42:26 +0800] "GET /content/tmp_tec/http:/www.facebook.com/plugins/like.php?href=http://digiarch.sinica.edu.tw/content/tmp_tec/resource_content.jsp?oid=16777730&layout=button_count&show_faces=false&action=like&font=arial&colorscheme=light HTTP/1.1" 404 14873
66.249.71.113 - - [01/Mar/2016:04:42:27 +0800] "GET /content/nav/relationSubject.jsp?relationWords=%E4%BA%BA%E6%AC%8A+%E4%BF%9D%E7%95%99%E5%9C%B0+%E5%8F%B0%E7%81%A3%E4%BA%BA+%E6%B3%B0%E9%9B%85+%E6%B3%B0%E9%9B%85%E6%97%8F+%E9%84%92%E6%97%8F+&oid=1779094 HTTP/1.1" 200 4168
66.249.71.105 - - [01/Mar/2016:04:42:30 +0800] "GET /content/nav/relationSubject.jsp?relationWords=%E4%BA%BA%E6%AC%8A%20%E4%BF%9D%E7%95%99%E5%9C%B0%20%E5%8F%B0%E7%81%A3%E4%BA%BA%20%E6%B3%B0%E9%9B%85%20%E6%B3%B0%E9%9B%85%E6%97%8F%20%E9%84%92%E6%97%8F%20&oid=1779094 HTTP/1.1" 200 4168
107.172.229.154 - - [01/Mar/2016:04:42:43 +0800] "GET /content/tmp_auth/http:/www.facebook.com/plugins/like.php?href=http://digiarch.sinica.edu.tw/content/tmp_auth/resource_content.jsp?oid=16777809&layout=button_count&show_faces=false&action=like&font=arial&colorscheme=light HTTP/1.1" 404 14873
107.172.229.166 - - [01/Mar/2016:04:42:44 +0800] "GET /content/tmp_auth/http:/www.facebook.com/plugins/like.php?href=http://digiarch.sinica.edu.tw/content/tmp_auth/resource_content.jsp?oid=16777810&layout=button_count&show_faces=false&action=like&font=arial&colorscheme=light HTTP/1.1" 404 14873
107.172.229.131 - - [01/Mar/2016:04:42:45 +0800] "GET /content/tmp_auth/http:/www.facebook.com/plugins/like.php?href=http://digiarch.sinica.edu.tw/content/tmp_auth/resource_content.jsp?oid=16777777&layout=button_count&show_faces=false&action=like&font=arial&colorscheme=light HTTP/1.1" 404 14873
107.172.229.154 - - [01/Mar/2016:04:42:46 +0800] "GET /content/tmp_auth/http:/www.facebook.com/plugins/like.php?href=http://digiarch.sinica.edu.tw/content/tmp_auth/resource_content.jsp?oid=16777758&layout=button_count&show_faces=false&action=like&font=arial&colorscheme=light HTTP/1.1" 404 14873
107.172.229.166 - - [01/Mar/2016:04:42:47 +0800] "GET /content/tmp_auth/http:/www.facebook.com/plugins/like.php?href=http://digiarch.sinica.edu.tw/content/tmp_auth/resource_content.jsp?oid=16777759&layout=button_count&show_faces=false&action=like&font=arial&colorscheme=light HTTP/1.1" 404 14873
66.249.71.155 - - [01/Mar/2016:04:43:41 +0800] "GET /content/subject/resource_content.jsp?oid=16777518&queryType=qc HTTP/1.1" 200 27905
66.249.71.121 - - [01/Mar/2016:04:44:36 +0800] "GET /content/repository/resource_content.jsp?oid=2670913&queryType=qs&queryString=%E6%95%98%E8%B3%9E HTTP/1.1" 200 30185
8.37.71.31 - - [01/Mar/2016:04:45:37 +0800] "GET /content/subject/resource_content.jsp?oid=16777448&queryType=qc HTTP/1.1" 200 34545
66.249.71.72 - - [01/Mar/2016:04:46:26 +0800] "GET /content/repository/resource_content.jsp?oid=518201&queryString=%E6%AB%9B%E7%AD%8D%E8%9E%BA HTTP/1.1" 200 31282
66.249.71.5 - - [01/Mar/2016:04:47:22 +0800] "GET /digiarch3/content/subject/resource_content.jsp?oid=16777550&queryType=qs&queryString=%E9%9B%BB%E5%AD%90%E6%9B%B8 HTTP/1.1" 200 30589
66.249.71.164 - - [01/Mar/2016:04:48:42 +0800] "GET /content/nav/relationSubject.jsp?relationWords=%E6%9D%BF%E9%BC%93%20&oid=4364484 HTTP/1.1" 200 2150
66.249.71.72 - - [01/Mar/2016:04:48:59 +0800] "GET /content/nav/relationSubject.jsp?relationWords=%E4%B8%8A%E6%BC%B2+%E5%82%B3%E6%9F%93%E7%97%85+%E6%9D%B1%E7%9F%B3%E9%84%89+%E6%A3%A7%E5%96%AE+%E6%BC%81%E7%AE%A1%E8%99%95+%E7%89%A1%E8%A0%A3+%E7%94%B2%E9%A1%9E+%E7%9C%81%E6%94%BF%E5%BA%9C+%E7%B3%96%E6%A5%AD+%E7%B4%A1%E7%B4%97+%E7%B8%A3%E6%94%BF%E5%BA%9C+%E8%B2%B8%E6%AC%BE+%E8%BE%B2%E6%9E%97%E5%BB%B3+%E8%BE%B2%E8%97%A5+%E9%80%A0%E6%9E%97+%E9%A0%90%E9%98%B2%E6%B3%A8%E5%B0%84+&oid=1552749 HTTP/1.1" 200 4617
66.249.71.64 - - [01/Mar/2016:04:49:02 +0800] "GET /content/nav/relationSubject.jsp?relationWords=%E4%B8%8A%E6%BC%B2%20%E5%82%B3%E6%9F%93%E7%97%85%20%E6%9D%B1%E7%9F%B3%E9%84%89%20%E6%A3%A7%E5%96%AE%20%E6%BC%81%E7%AE%A1%E8%99%95%20%E7%89%A1%E8%A0%A3%20%E7%94%B2%E9%A1%9E%20%E7%9C%81%E6%94%BF%E5%BA%9C%20%E7%B3%96%E6%A5%AD%20%E7%B4%A1%E7%B4%97%20%E7%B8%A3%E6%94%BF%E5%BA%9C%20%E8%B2%B8%E6%AC%BE%20%E8%BE%B2%E6%9E%97%E5%BB%B3%20%E8%BE%B2%E8%97%A5%20%E9%80%A0%E6%9E%97%20%E9%A0%90%E9%98%B2%E6%B3%A8%E5%B0%84%20&oid=1552749 HTTP/1.1" 200 4617
66.249.74.98 - - [01/Mar/2016:04:50:13 +0800] "GET /content/nav/relationSubject.jsp?relationWords=%E8%98%AD%E5%B6%BC%E7%BE%85%E6%BC%A2%E6%9D%BE%20&oid=16777470 HTTP/1.1" 200 3870
66.249.71.5 - - [01/Mar/2016:04:51:02 +0800] "GET /digiarch3/content/repository/resource_content.jsp?oid=1628562&queryString=%E6%95%B8%E4%BD%8D%E5%85%B8%E8%97%8F%20%E6%95%B8%E4%BD%8D%E5%AD%B8%E7%BF%92%20%E7%A7%91%E6%8A%80 HTTP/1.1" 200 28848
66.249.71.60 - - [01/Mar/2016:04:51:42 +0800] "GET /content/subject/resource_content.jsp?oid=16777735&queryType=qs&queryString=%E5%8F%B0%E7%81%A3%E6%B0%91%E6%97%8F%E8%AA%8C HTTP/1.1" 200 32561
66.249.71.60 - - [01/Mar/2016:04:52:22 +0800] "GET /content/nav/relationSubject.jsp?relationWords=%E7%A8%BB%E7%A9%80+&oid=1633024 HTTP/1.1" 200 3557
66.249.71.60 - - [01/Mar/2016:04:52:25 +0800] "GET /content/nav/relationSubject.jsp?relationWords=%E7%A8%BB%E7%A9%80%20&oid=1633024 HTTP/1.1" 200 3557
66.249.71.121 - - [01/Mar/2016:04:53:28 +0800] "GET /content/nav/relationSubject.jsp?relationWords=%E5%BD%B9%E8%B2%AA+%E9%80%9A%E8%B3%8A+&oid=2517998 HTTP/1.1" 200 3131
66.249.71.113 - - [01/Mar/2016:04:53:30 +0800] "GET /content/nav/relationSubject.jsp?relationWords=%E5%BD%B9%E8%B2%AA%20%E9%80%9A%E8%B3%8A%20&oid=2517998 HTTP/1.1" 200 3131
66.249.71.173 - - [01/Mar/2016:04:53:47 +0800] "GET /content/subject/resource_content.jsp?oid=16797244&queryType=qc HTTP/1.1" 200 50442
66.249.71.121 - - [01/Mar/2016:04:54:41 +0800] "GET /content/nav/relationSubject.jsp?relationWords=%E6%B1%BA%E7%AE%97+%E6%BE%84%E6%B8%85%E6%B9%96+%E7%81%A3%E7%9C%81%E6%94%BF%E5%BA%9C+%E7%82%BA%E8%88%88+%E7%9C%81%E6%94%BF%E5%BA%9C+%E8%87%BA%E7%81%A3%E7%9C%81+%E8%87%BA%E7%81%A3%E7%9C%81%E6%94%BF%E5%BA%9C+%E8%B2%B8%E6%AC%BE+&oid=1901066 HTTP/1.1" 200 4807
66.249.71.113 - - [01/Mar/2016:04:54:42 +0800] "GET /content/nav/relationSubject.jsp?relationWords=%E5%8D%B7%E9%A6%96+&oid=4458196 HTTP/1.1" 200 2927
66.249.71.121 - - [01/Mar/2016:04:54:43 +0800] "GET /content/nav/relationSubject.jsp?relationWords=%E6%B1%BA%E7%AE%97%20%E6%BE%84%E6%B8%85%E6%B9%96%20%E7%81%A3%E7%9C%81%E6%94%BF%E5%BA%9C%20%E7%82%BA%E8%88%88%20%E7%9C%81%E6%94%BF%E5%BA%9C%20%E8%87%BA%E7%81%A3%E7%9C%81%20%E8%87%BA%E7%81%A3%E7%9C%81%E6%94%BF%E5%BA%9C%20%E8%B2%B8%E6%AC%BE%20&oid=1901066 HTTP/1.1" 200 4807
66.249.71.113 - - [01/Mar/2016:04:54:47 +0800] "GET /content/nav/relationSubject.jsp?relationWords=%E5%8D%B7%E9%A6%96%20&oid=4458196 HTTP/1.1" 200 2927
66.249.71.72 - - [01/Mar/2016:04:55:51 +0800] "GET /digiarch_en/content/nav/relationSubject.jsp?relationWords=%E6%96%87%E5%8C%96%E4%B8%AD%E5%BF%83+%E6%B3%95%E9%99%A2+%E7%A4%BE%E6%9C%83%E5%AD%B8+%E7%AB%8B%E6%B3%95%E9%99%A2+&oid=16777844 HTTP/1.1" 200 6999
66.249.71.105 - - [01/Mar/2016:04:55:54 +0800] "GET /content/nav/relationSubject.jsp?relationWords=%E8%B5%A4%E9%BB%83%E9%87%91%E7%B7%9A%E9%AD%9A+%E9%87%91%E7%B7%9A%E9%AD%9A+%E9%87%91%E7%B7%9A%E9%AD%9A%E7%A7%91+%E9%87%91%E7%B7%9A%E9%B0%B1+&oid=4353149 HTTP/1.1" 200 3531
66.249.77.85 - - [01/Mar/2016:04:55:56 +0800] "GET /content/nav/relationSubject.jsp?relationWords=%E9%AB%98%E9%AB%94+&oid=4352524 HTTP/1.1" 200 3420
66.249.71.105 - - [01/Mar/2016:04:55:57 +0800] "GET /content/nav/relationSubject.jsp?relationWords=%E8%B5%A4%E9%BB%83%E9%87%91%E7%B7%9A%E9%AD%9A%20%E9%87%91%E7%B7%9A%E9%AD%9A%20%E9%87%91%E7%B7%9A%E9%AD%9A%E7%A7%91%20%E9%87%91%E7%B7%9A%E9%B0%B1%20&oid=4353149 HTTP/1.1" 200 3531
66.249.77.91 - - [01/Mar/2016:04:55:58 +0800] "GET /content/nav/relationSubject.jsp?relationWords=%E9%AB%98%E9%AB%94%20&oid=4352524 HTTP/1.1" 200 3420
66.249.71.105 - - [01/Mar/2016:04:56:25 +0800] "GET /content/nav/relationSubject.jsp?relationWords=%E6%90%96%E7%B1%83+%E6%90%96%E7%B1%83%E8%93%86+%E9%AD%AF%E5%87%B1%E6%97%8F+&oid=1782544 HTTP/1.1" 200 3052
66.249.71.60 - - [01/Mar/2016:04:56:32 +0800] "GET /content/repository/resource_content.jsp?oid=2516353 HTTP/1.1" 200 29531
66.249.71.64 - - [01/Mar/2016:04:56:47 +0800] "GET /content/tmp_exh/resource_content.jsp?oid=16777784&queryType=qc HTTP/1.1" 200 28932
66.249.71.60 - - [01/Mar/2016:04:56:49 +0800] "GET /content/nav/relationSubject.jsp?relationWords=%E4%B8%AD%E5%BA%B8+%E5%82%85%E6%96%AF%E5%B9%B4+%E5%82%85%E6%96%AF%E5%B9%B4%E5%9C%96%E6%9B%B8%E9%A4%A8+%E6%9B%B2%E8%AD%9C+%E7%B4%A0%E5%95%8F+%E9%BB%83%E5%B8%9D%E5%85%A7%E7%B6%93+%E9%BB%83%E5%B8%9D%E5%85%A7%E7%B6%93%E7%B4%A0%E5%95%8F+&oid=16777784 HTTP/1.1" 200 4640
66.249.74.100 - - [01/Mar/2016:04:56:55 +0800] "GET /content/tmp_exh/resource_content.jsp?oid=16777784&queryType=qc HTTP/1.1" 200 28932
66.249.77.85 - - [01/Mar/2016:04:58:23 +0800] "GET /content/subject/resource_content.jsp?oid=16777634&queryType=qs&queryString=%E6%B3%A8%E6%84%8F%E4%BA%8B%E9%A0%85 HTTP/1.1" 200 28604
66.249.71.60 - - [01/Mar/2016:04:58:34 +0800] "GET /content/nav/relationSubject.jsp?relationWords=%E4%B8%AD%E5%BA%B8%20%E5%82%85%E6%96%AF%E5%B9%B4%20%E5%82%85%E6%96%AF%E5%B9%B4%E5%9C%96%E6%9B%B8%E9%A4%A8%20%E6%9B%B2%E8%AD%9C%20%E7%B4%A0%E5%95%8F%20%E9%BB%83%E5%B8%9D%E5%85%A7%E7%B6%93%20%E9%BB%83%E5%B8%9D%E5%85%A7%E7%B6%93%E7%B4%A0%E5%95%8F%20&oid=16777784 HTTP/1.1" 200 4640
66.249.71.105 - - [01/Mar/2016:04:58:37 +0800] "GET /content/nav/relationSubject.jsp?relationWords=%E5%8D%97%E6%B5%B7%E5%B2%B8+%E5%8F%83%E8%AD%B0%E5%93%A1+%E5%8F%83%E8%AD%B0%E6%9C%83+%E5%8F%B0%E7%81%A3%E7%9C%81+%E6%AE%B7%E5%8D%A0%E9%AD%81+&oid=1519724 HTTP/1.1" 200 4614
66.249.77.85 - - [01/Mar/2016:04:59:18 +0800] "GET /content/repository/resource_content.jsp?oid=2470557&queryString=%E6%96%87%E8%97%9D%E8%87%BA%E7%81%A3%E7%A4%BE%20%E6%97%A5%E6%B2%BB%E6%99%82%E6%9C%9F HTTP/1.1" 200 30579
66.249.71.60 - - [01/Mar/2016:05:00:26 +0800] "GET /content/nav/relationSubject.jsp?relationWords=&oid=2674629 HTTP/1.1" 200 1405
66.249.71.60 - - [01/Mar/2016:05:00:49 +0800] "GET /content/nav/relationSubject.jsp?relationWords=%E5%90%8F%E9%83%A8+%E7%9F%A5%E5%BA%9C+%E7%BC%BA%E4%BA%8B+&oid=2681461 HTTP/1.1" 200 3168
66.249.71.60 - - [01/Mar/2016:05:00:53 +0800] "GET /content/nav/relationSubject.jsp?relationWords=%E5%90%8F%E9%83%A8%20%E7%9F%A5%E5%BA%9C%20%E7%BC%BA%E4%BA%8B%20&oid=2681461 HTTP/1.1" 200 3168
66.249.71.14 - - [01/Mar/2016:05:01:53 +0800] "GET /digiarch3/content/nav/relationSubject.jsp?relationWords=%E5%85%AB%E4%B8%83%E6%B0%B4%E7%81%BD+%E5%85%AC%E7%87%9F%E7%95%B6%E8%88%96+%E5%9C%8B%E5%A4%A7%E4%BB%A3%E8%A1%A8+%E5%9C%8B%E6%A0%A1+%E5%AF%B6%E5%B1%B1%E6%B0%B4%E5%BA%AB+%E6%86%B2%E6%B3%95+%E6%88%B6%E7%A8%85+%E6%B0%91%E9%81%B8+%E7%8D%85%E9%A0%AD%E5%B1%B1+%E7%95%99%E5%AD%B8%E7%94%9F+%E7%9B%A3%E5%AF%9F%E5%A7%94%E5%93%A1+%E7%AB%8B%E6%B3%95%E5%A7%94%E5%93%A1+%E7%B4%85%E5%8C%85+%E8%87%BA%E4%B8%AD%E7%B8%A3+%E8%87%BA%E7%81%A3%E7%9C%81+%E8%A8%B4%E9%A1%98+%E8%B2%A1%E6%94%BF+%E8%BE%B2%E6%9E%97%E5%BB%B3+%E9%9D%92%E8%8D%89%E6%B9%96+%E9%A2%A8%E6%99%AF%E5%8D%80+&oid=1552992 HTTP/1.1" 200 5392
66.249.71.23 - - [01/Mar/2016:05:01:55 +0800] "GET /digiarch3/content/nav/relationSubject.jsp?relationWords=%E5%85%AB%E4%B8%83%E6%B0%B4%E7%81%BD%20%E5%85%AC%E7%87%9F%E7%95%B6%E8%88%96%20%E5%9C%8B%E5%A4%A7%E4%BB%A3%E8%A1%A8%20%E5%9C%8B%E6%A0%A1%20%E5%AF%B6%E5%B1%B1%E6%B0%B4%E5%BA%AB%20%E6%86%B2%E6%B3%95%20%E6%88%B6%E7%A8%85%20%E6%B0%91%E9%81%B8%20%E7%8D%85%E9%A0%AD%E5%B1%B1%20%E7%95%99%E5%AD%B8%E7%94%9F%20%E7%9B%A3%E5%AF%9F%E5%A7%94%E5%93%A1%20%E7%AB%8B%E6%B3%95%E5%A7%94%E5%93%A1%20%E7%B4%85%E5%8C%85%20%E8%87%BA%E4%B8%AD%E7%B8%A3%20%E8%87%BA%E7%81%A3%E7%9C%81%20%E8%A8%B4%E9%A1%98%20%E8%B2%A1%E6%94%BF%20%E8%BE%B2%E6%9E%97%E5%BB%B3%20%E9%9D%92%E8%8D%89%E6%B9%96%20%E9%A2%A8%E6%99%AF%E5%8D%80%20&oid=1552992 HTTP/1.1" 200 5392
66.249.71.105 - - [01/Mar/2016:05:03:10 +0800] "GET /content/nav/relationSubject.jsp?relationWords=%E4%BA%BA%E5%90%8D%E6%AC%8A%E5%A8%81+%E5%8B%9E%E8%BE%B2+%E5%A4%96%E4%BA%A4%E9%83%A8+%E5%BB%B6%E7%A6%A7+%E7%B6%AD%E9%88%9E+%E9%84%AD%E5%BB%B6%E7%A6%A7+%E9%A1%A7%E7%B6%AD%E9%88%9E+&oid=708958 HTTP/1.1" 200 3741
66.249.71.105 - - [01/Mar/2016:05:03:12 +0800] "GET /content/nav/relationSubject.jsp?relationWords=%E4%BA%BA%E5%90%8D%E6%AC%8A%E5%A8%81%20%E5%8B%9E%E8%BE%B2%20%E5%A4%96%E4%BA%A4%E9%83%A8%20%E5%BB%B6%E7%A6%A7%20%E7%B6%AD%E9%88%9E%20%E9%84%AD%E5%BB%B6%E7%A6%A7%20%E9%A1%A7%E7%B6%AD%E9%88%9E%20&oid=708958 HTTP/1.1" 200 3741
66.249.71.121 - - [01/Mar/2016:05:03:53 +0800] "GET /content/repository/resource_content.jsp?oid=1534249&queryType=qs&queryString=%E6%84%9B%E8%98%AD HTTP/1.1" 200 28943
66.249.71.64 - - [01/Mar/2016:05:04:49 +0800] "GET /content/subject/resource_content.jsp?oid=16777789&queryString=%E6%80%9D%E6%83%B3%20%E9%87%8D%E6%85%B6%E5%8D%97%E8%B7%AF HTTP/1.1" 200 48364
66.249.71.113 - - [01/Mar/2016:05:05:54 +0800] "GET /content/nav/relationSubject.jsp?relationWords=%E4%BA%BA%E5%90%8D%E6%AC%8A%E5%A8%81+%E6%9D%8E%E5%9E%A3+&oid=674475 HTTP/1.1" 200 3183
66.249.71.105 - - [01/Mar/2016:05:05:56 +0800] "GET /content/nav/relationSubject.jsp?relationWords=%E4%BA%BA%E5%90%8D%E6%AC%8A%E5%A8%81%20%E6%9D%8E%E5%9E%A3%20&oid=674475 HTTP/1.1" 200 3183
66.249.71.72 - - [01/Mar/2016:05:06:39 +0800] "GET /content/repository/resource_content.jsp?oid=1126045&queryString=%E6%A1%83%E7%BE%85%E8%9E%BA%20%E7%BE%85%E8%9E%BA%20%E8%85%B9%E8%B6%B3%E7%B6%B1%20%E8%BB%9F%E9%AB%94%E5%8B%95%E7%89%A9%E9%96%80%20%E9%AA%A8%E8%9E%BA%20%E9%AA%A8%E8%9E%BA%E7%A7%91 HTTP/1.1" 200 31623
66.249.71.60 - - [01/Mar/2016:05:07:46 +0800] "GET /content/nav/relationSubject.jsp?relationWords=%E6%AD%A3%E9%BB%83%E6%97%97+%E9%BB%83%E6%97%97+&oid=2649661 HTTP/1.1" 200 3131
66.249.71.60 - - [01/Mar/2016:05:07:47 +0800] "GET /content/nav/relationSubject.jsp?relationWords=%E6%AD%A3%E9%BB%83%E6%97%97%20%E9%BB%83%E6%97%97%20&oid=2649661 HTTP/1.1" 200 3131
66.249.71.64 - - [01/Mar/2016:05:08:04 +0800] "GET /content/nav/relationSubject.jsp?relationWords=%E6%9E%97%E4%B8%8B%E8%96%B9+%E6%A4%8D%E7%89%A9%E7%95%8C+%E8%8E%8E%E8%8D%89+%E8%8E%8E%E8%8D%89%E7%A7%91+%E8%96%B9%E5%B1%AC+&oid=1460073 HTTP/1.1" 200 3308
66.249.77.85 - - [01/Mar/2016:05:08:07 +0800] "GET /content/nav/relationSubject.jsp?relationWords=%E4%B8%AD%E5%9C%8B%E5%A4%A7%E9%99%B8%E5%9C%B0%E5%9C%96+%E6%A1%83%E7%AC%A6+&oid=205399 HTTP/1.1" 200 4149
66.249.71.60 - - [01/Mar/2016:05:08:08 +0800] "GET /content/nav/relationSubject.jsp?relationWords=%E6%9E%97%E4%B8%8B%E8%96%B9%20%E6%A4%8D%E7%89%A9%E7%95%8C%20%E8%8E%8E%E8%8D%89%20%E8%8E%8E%E8%8D%89%E7%A7%91%20%E8%96%B9%E5%B1%AC%20&oid=1460073 HTTP/1.1" 200 3308
66.249.77.85 - - [01/Mar/2016:05:08:09 +0800] "GET /content/nav/relationSubject.jsp?relationWords=%E4%B8%AD%E5%9C%8B%E5%A4%A7%E9%99%B8%E5%9C%B0%E5%9C%96%20%E6%A1%83%E7%AC%A6%20&oid=205399 HTTP/1.1" 200 4149
66.249.71.173 - - [01/Mar/2016:05:09:17 +0800] "GET /content/nav/relationSubject.jsp?relationWords=%E4%BA%BA%E5%90%8D%E6%AC%8A%E5%A8%81+%E5%98%89%E5%88%A9+%E5%B0%8F%E5%B9%A1%E9%85%89%E5%90%89+%E6%8B%8D%E8%B3%A3+%E6%AF%94%E5%88%A9%E6%99%82+%E7%94%A2%E6%A5%AD%E6%A1%88+%E8%89%BE%E6%96%AF%E6%95%A6+&oid=744154 HTTP/1.1" 200 4377
66.249.71.173 - - [01/Mar/2016:05:09:20 +0800] "GET /content/nav/relationSubject.jsp?relationWords=%E4%BA%BA%E5%90%8D%E6%AC%8A%E5%A8%81%20%E5%98%89%E5%88%A9%20%E5%B0%8F%E5%B9%A1%E9%85%89%E5%90%89%20%E6%8B%8D%E8%B3%A3%20%E6%AF%94%E5%88%A9%E6%99%82%20%E7%94%A2%E6%A5%AD%E6%A1%88%20%E8%89%BE%E6%96%AF%E6%95%A6%20&oid=744154 HTTP/1.1" 200 4377
66.249.71.121 - - [01/Mar/2016:05:10:19 +0800] "GET /content/repository/resource_content.jsp?oid=1894141&queryType=qs&queryString=%E6%9E%97%E6%B7%B5%E7%86%99 HTTP/1.1" 200 28783
66.249.71.113 - - [01/Mar/2016:05:11:14 +0800] "GET /content/repository/resource_content.jsp?oid=4548000&queryType=qs&queryString=%E5%A4%9C%E5%85%89%E8%A0%91%E8%9E%BA HTTP/1.1" 200 30005
66.249.71.60 - - [01/Mar/2016:05:11:35 +0800] "GET /content/nav/relationSubject.jsp?relationWords=%E5%86%AC%E7%93%9C+%E6%A4%8D%E7%89%A9%E7%95%8C+%E6%B0%B4%E5%86%AC%E5%93%A5+%E6%B0%B4%E5%86%AC%E7%93%9C+%E6%B0%B4%E5%86%AC%E7%93%9C%E5%B1%AC+%E7%8D%BC%E7%8C%B4+%E7%8D%BC%E7%8C%B4%E6%A1%83+%E7%8D%BC%E7%8C%B4%E6%A1%83%E7%A7%91+&oid=2142936 HTTP/1.1" 200 3668
66.249.71.72 - - [01/Mar/2016:05:11:37 +0800] "GET /content/nav/relationSubject.jsp?relationWords=%E5%86%AC%E7%93%9C%20%E6%A4%8D%E7%89%A9%E7%95%8C%20%E6%B0%B4%E5%86%AC%E5%93%A5%20%E6%B0%B4%E5%86%AC%E7%93%9C%20%E6%B0%B4%E5%86%AC%E7%93%9C%E5%B1%AC%20%E7%8D%BC%E7%8C%B4%20%E7%8D%BC%E7%8C%B4%E6%A1%83%20%E7%8D%BC%E7%8C%B4%E6%A1%83%E7%A7%91%20&oid=2142936 HTTP/1.1" 200 3668
66.249.71.72 - - [01/Mar/2016:05:11:59 +0800] "GET /content/subject/resource_content.jsp?oid=16797281&queryType=qc HTTP/1.1" 200 53085
66.249.71.121 - - [01/Mar/2016:05:13:04 +0800] "GET /content/repository/resource_content.jsp?oid=4456258&queryType=qs&queryString=%E8%A5%BF%E7%93%9C HTTP/1.1" 200 29217
66.249.74.102 - - [01/Mar/2016:05:13:12 +0800] "GET /content/nav/relationSubject.jsp?relationWords=%E5%B1%B1%E6%A1%94%E6%A2%97+%E5%B1%B1%E6%A1%94%E6%A2%97%E5%B1%AC+%E6%A1%94%E6%A2%97+%E6%A1%94%E6%A2%97%E7%A7%91+%E6%A4%8D%E7%89%A9%E7%95%8C+&oid=1108857 HTTP/1.1" 200 3402
66.249.71.72 - - [01/Mar/2016:05:13:15 +0800] "GET /content/nav/relationSubject.jsp?relationWords=%E5%B1%B1%E6%A1%94%E6%A2%97%20%E5%B1%B1%E6%A1%94%E6%A2%97%E5%B1%AC%20%E6%A1%94%E6%A2%97%20%E6%A1%94%E6%A2%97%E7%A7%91%20%E6%A4%8D%E7%89%A9%E7%95%8C%20&oid=1108857 HTTP/1.1" 200 3402
66.249.74.59 - - [01/Mar/2016:05:14:00 +0800] "GET /content/repository/resource_content.jsp?oid=2683023&queryType=qs&queryString=%E9%81%93%E8%B7%AF%E6%A9%8B%E6%A8%91 HTTP/1.1" 200 30252
66.249.77.97 - - [01/Mar/2016:05:14:00 +0800] "GET /content/nav/relationSubject.jsp?relationWords=%E5%85%83%E5%BA%B7+%E5%B1%85%E5%BB%B6%E6%BC%A2%E7%B0%A1+%E6%BC%A2%E7%B0%A1+%E8%A9%94%E6%9B%B8+&oid=279216 HTTP/1.1" 200 4332
66.249.77.97 - - [01/Mar/2016:05:14:02 +0800] "GET /content/nav/relationSubject.jsp?relationWords=%E5%85%83%E5%BA%B7%20%E5%B1%85%E5%BB%B6%E6%BC%A2%E7%B0%A1%20%E6%BC%A2%E7%B0%A1%20%E8%A9%94%E6%9B%B8%20&oid=279216 HTTP/1.1" 200 4332
66.249.71.113 - - [01/Mar/2016:05:14:14 +0800] "GET /content/nav/relationSubject.jsp?relationWords=%E7%95%B0%E8%B6%B3%E7%9B%AE+%E8%85%B9%E8%B6%B3%E7%B6%B1+%E8%BB%9F%E9%AB%94%E5%8B%95%E7%89%A9%E9%96%80+%E9%B6%89%E8%9E%BA+%E9%BB%83%E5%8F%A3+%E9%BB%83%E5%8F%A3%E9%B6%89%E8%9E%BA+&oid=4550907 HTTP/1.1" 200 3520
66.249.74.61 - - [01/Mar/2016:05:14:17 +0800] "GET /content/nav/relationSubject.jsp?relationWords=%E7%95%B0%E8%B6%B3%E7%9B%AE%20%E8%85%B9%E8%B6%B3%E7%B6%B1%20%E8%BB%9F%E9%AB%94%E5%8B%95%E7%89%A9%E9%96%80%20%E9%B6%89%E8%9E%BA%20%E9%BB%83%E5%8F%A3%20%E9%BB%83%E5%8F%A3%E9%B6%89%E8%9E%BA%20&oid=4550907 HTTP/1.1" 200 3520
66.249.71.60 - - [01/Mar/2016:05:15:49 +0800] "GET /content/nav/relationSubject.jsp?relationWords=%E6%BE%97%E9%8E%AE+%E9%99%B8%E6%B8%AC%E5%9C%96+&oid=222832 HTTP/1.1" 200 3114
66.249.71.105 - - [01/Mar/2016:05:15:50 +0800] "GET /content/repository/resource_content.jsp?oid=4363434&queryType=qs&queryString=%E9%BE%8D%E7%89%8C HTTP/1.1" 200 29119
66.249.71.72 - - [01/Mar/2016:05:15:52 +0800] "GET /content/nav/relationSubject.jsp?relationWords=%E6%BE%97%E9%8E%AE%20%E9%99%B8%E6%B8%AC%E5%9C%96%20&oid=222832 HTTP/1.1" 200 3114
66.249.71.64 - - [01/Mar/2016:05:16:24 +0800] "GET /content/nav/relationSubject.jsp?relationWords=%E4%B8%8A%E6%BC%B2+%E4%BD%8E%E6%94%B6%E5%85%A5%E6%88%B6+%E4%BD%95%E5%85%85+%E5%8B%9E%E4%BF%9D+%E5%BE%8C%E5%82%99%E8%BB%8D%E4%BA%BA+%E6%9E%97%E6%BA%90+%E6%AE%98%E9%9A%9C%E8%80%85+%E7%A4%BE%E6%9C%83%E7%A6%8F%E5%88%A9+%E7%B8%BD%E9%A0%90%E7%AE%97+%E8%AD%A6%E5%AF%9F+%E8%B3%AA%E8%A9%A2+&oid=1591693 HTTP/1.1" 200 3944
66.249.71.64 - - [01/Mar/2016:05:16:27 +0800] "GET /content/nav/relationSubject.jsp?relationWords=%E4%B8%8A%E6%BC%B2%20%E4%BD%8E%E6%94%B6%E5%85%A5%E6%88%B6%20%E4%BD%95%E5%85%85%20%E5%8B%9E%E4%BF%9D%20%E5%BE%8C%E5%82%99%E8%BB%8D%E4%BA%BA%20%E6%9E%97%E6%BA%90%20%E6%AE%98%E9%9A%9C%E8%80%85%20%E7%A4%BE%E6%9C%83%E7%A6%8F%E5%88%A9%20%E7%B8%BD%E9%A0%90%E7%AE%97%20%E8%AD%A6%E5%AF%9F%20%E8%B3%AA%E8%A9%A2%20&oid=1591693 HTTP/1.1" 200 3944
66.249.71.105 - - [01/Mar/2016:05:16:45 +0800] "GET /content/repository/resource_content.jsp?oid=2677140&queryType=qs&queryString=%E5%A4%A7%E5%AF%A7 HTTP/1.1" 200 29878
66.249.71.164 - - [01/Mar/2016:05:17:16 +0800] "GET /content/nav/relationSubject.jsp?relationWords=%E6%9C%A8%E5%95%86+%E6%B2%B9%E6%88%BF+&oid=4473815 HTTP/1.1" 200 3322
157.55.39.147 - - [01/Mar/2016:05:17:24 +0800] "GET /content/nav/relationSubject.jsp?relationWords=%E8%96%9C%E8%8D%94+&oid=16777485 HTTP/1.1" 200 3561
66.249.71.105 - - [01/Mar/2016:05:17:40 +0800] "GET /content/repository/resource_content.jsp?oid=2665878&queryType=qs&queryString=%E9%9D%96%E5%AE%89 HTTP/1.1" 200 30213
66.249.71.105 - - [01/Mar/2016:05:18:35 +0800] "GET /content/repository/resource_content.jsp?oid=2661271&queryType=qs&queryString=%E7%88%BE%E5%98%89 HTTP/1.1" 200 30190
123.240.175.124 - - [01/Mar/2016:05:19:01 +0800] "GET /content/subject/resource_content.jsp?oid=16777493&queryString=%E7%A7%8B%E6%B5%B7%E6%A3%A0 HTTP/1.1" 200 47120
66.249.74.98 - - [01/Mar/2016:05:19:02 +0800] "GET /content/nav/relationSubject.jsp?relationWords=%E5%AF%B6%E9%A6%AC+%E6%BC%A2%E6%9C%AC%E5%A0%82+&oid=2654841 HTTP/1.1" 200 3152
123.240.175.124 - - [01/Mar/2016:05:19:02 +0800] "GET /content/nav/relationSubject.jsp?relationWords=%E5%9D%AA%E6%9E%97%E7%A7%8B%E6%B5%B7%E6%A3%A0+%E6%B5%B7%E6%A3%A0+%E7%A7%8B%E6%B5%B7%E6%A3%A0+&oid=16777493 HTTP/1.1" 200 4994
66.249.71.60 - - [01/Mar/2016:05:19:04 +0800] "GET /content/nav/relationSubject.jsp?relationWords=%E5%AF%B6%E9%A6%AC%20%E6%BC%A2%E6%9C%AC%E5%A0%82%20&oid=2654841 HTTP/1.1" 200 3152
66.249.71.105 - - [01/Mar/2016:05:19:30 +0800] "GET /content/repository/resource_content.jsp?oid=2664833&queryType=qs&queryString=%E6%B9%96%E5%8C%97%E7%BD%B2 HTTP/1.1" 200 30131
66.249.71.105 - - [01/Mar/2016:05:19:59 +0800] "GET /content/nav/relationSubject.jsp?relationWords=&oid=2661013 HTTP/1.1" 200 1405
66.249.71.105 - - [01/Mar/2016:05:20:25 +0800] "GET /content/repository/resource_content.jsp?oid=2655563&queryType=qs&queryString=%E7%B5%B3%E5%B7%9E HTTP/1.1" 200 30074
66.249.71.105 - - [01/Mar/2016:05:21:20 +0800] "GET /content/repository/resource_content.jsp?oid=2668596&queryType=qs&queryString=%E5%91%A8%E9%BC%8E HTTP/1.1" 200 29982
66.249.71.60 - - [01/Mar/2016:05:22:07 +0800] "GET /content/subject/resource_content.jsp?oid=16797243&queryType=qc HTTP/1.1" 200 56179
66.249.71.105 - - [01/Mar/2016:05:22:15 +0800] "GET /content/repository/resource_content.jsp?oid=2670632&queryType=qs&queryString=%E6%A1%83%E6%BA%90%E7%B8%A3 HTTP/1.1" 200 30143
66.249.71.105 - - [01/Mar/2016:05:22:58 +0800] "GET /content/nav/relationSubject.jsp?relationWords=%E9%8A%80%E4%BA%8B+&oid=2641034 HTTP/1.1" 200 3090
66.249.74.59 - - [01/Mar/2016:05:23:03 +0800] "GET /content/nav/relationSubject.jsp?relationWords=%E9%8A%80%E4%BA%8B%20&oid=2641034 HTTP/1.1" 200 3090
66.249.71.105 - - [01/Mar/2016:05:23:10 +0800] "GET /content/repository/resource_content.jsp?oid=2670373&queryType=qs&queryString=%E6%87%89%E5%B7%9E HTTP/1.1" 200 30178
66.249.71.60 - - [01/Mar/2016:05:23:47 +0800] "GET /content/nav/relationSubject.jsp?relationWords=%E5%8F%B0%E7%81%A3%E7%A0%B4%E5%82%98%E8%8F%8A+%E6%A4%8D%E7%89%A9%E7%95%8C+%E7%A0%B4%E5%82%98%E8%8F%8A%E5%B1%AC+%E8%8F%8A%E5%B1%AC+%E8%8F%8A%E7%A7%91+%E9%9B%99%E5%AD%90%E8%91%89+%E9%9B%99%E5%AD%90%E8%91%89%E6%A4%8D%E7%89%A9+&oid=1105717 HTTP/1.1" 200 3433
66.249.71.60 - - [01/Mar/2016:05:23:51 +0800] "GET /content/nav/relationSubject.jsp?relationWords=%E5%8F%B0%E7%81%A3%E7%A0%B4%E5%82%98%E8%8F%8A%20%E6%A4%8D%E7%89%A9%E7%95%8C%20%E7%A0%B4%E5%82%98%E8%8F%8A%E5%B1%AC%20%E8%8F%8A%E5%B1%AC%20%E8%8F%8A%E7%A7%91%20%E9%9B%99%E5%AD%90%E8%91%89%20%E9%9B%99%E5%AD%90%E8%91%89%E6%A4%8D%E7%89%A9%20&oid=1105717 HTTP/1.1" 200 3433
66.249.74.59 - - [01/Mar/2016:05:24:06 +0800] "GET /content/repository/resource_content.jsp?oid=2666226&queryType=qs&queryString=%E8%A5%BF%E5%AE%89%E5%BA%9C HTTP/1.1" 200 29872
66.249.71.105 - - [01/Mar/2016:05:25:01 +0800] "GET /content/repository/resource_content.jsp?oid=2663578&queryType=qs&queryString=%E9%97%9C%E9%A4%98 HTTP/1.1" 200 30114
66.249.77.91 - - [01/Mar/2016:05:25:06 +0800] "GET /content/nav/relationSubject.jsp?relationWords=%E4%B8%AD%E8%97%A5+%E4%B8%AD%E8%97%A5%E6%9D%90+%E5%81%A5%E5%BA%B7%E6%A1%88+&oid=1546861 HTTP/1.1" 200 5298
66.249.79.27 - - [01/Mar/2016:05:25:07 +0800] "GET /content/nav/relationSubject.jsp?relationWords=%E4%B8%AD%E8%97%A5%20%E4%B8%AD%E8%97%A5%E6%9D%90%20%E5%81%A5%E5%BA%B7%E6%A1%88%20&oid=1546861 HTTP/1.1" 200 5298
66.249.71.60 - - [01/Mar/2016:05:25:30 +0800] "GET /content/nav/relationSubject.jsp?relationWords=%E5%BE%8C%E5%A4%A7%E5%9F%94%E7%9F%B3%E6%AB%9F%20%E6%9F%AF%E5%B1%AC%20%E6%A4%8D%E7%89%A9%E7%95%8C%20%E6%AE%BC%E6%96%97%E7%A7%91%20%E7%85%99%E6%96%97%E7%9F%B3%E6%AB%9F%20&oid=2152132 HTTP/1.1" 200 3449
66.249.71.105 - - [01/Mar/2016:05:25:56 +0800] "GET /content/repository/resource_content.jsp?oid=2658629&queryType=qs&queryString=%E9%95%B7%E6%98%A5%E5%BB%B3 HTTP/1.1" 200 30134
66.249.71.60 - - [01/Mar/2016:05:26:20 +0800] "GET /content/nav/relationSubject.jsp?relationWords=%E6%98%9F%E5%B8%B6%E8%9D%AE%E9%AF%99+%E6%B5%B7%E9%B1%94+%E8%96%AF%E9%B0%BB+%E8%99%8E%E9%B0%BB+%E8%9D%AE%E9%AF%99+%E9%8C%A2%E9%B0%BB+&oid=14232 HTTP/1.1" 200 3519
66.249.71.64 - - [01/Mar/2016:05:26:22 +0800] "GET /content/nav/relationSubject.jsp?relationWords=%E6%98%9F%E5%B8%B6%E8%9D%AE%E9%AF%99%20%E6%B5%B7%E9%B1%94%20%E8%96%AF%E9%B0%BB%20%E8%99%8E%E9%B0%BB%20%E8%9D%AE%E9%AF%99%20%E9%8C%A2%E9%B0%BB%20&oid=14232 HTTP/1.1" 200 3519
157.55.39.159 - - [01/Mar/2016:05:26:32 +0800] "GET /content/subject/resource_content.jsp?oid=16777279 HTTP/1.1" 200 34118
66.249.71.105 - - [01/Mar/2016:05:26:51 +0800] "GET /content/repository/resource_content.jsp?oid=1899489&queryType=qs&queryString=%E6%9E%97%E6%98%8E%E5%BE%B7 HTTP/1.1" 200 29811
68.180.228.187 - - [01/Mar/2016:05:27:43 +0800] "GET /content/repository/resource_content.jsp?oid=4363321 HTTP/1.1" 200 28028
66.249.71.105 - - [01/Mar/2016:05:27:46 +0800] "GET /content/repository/resource_content.jsp?oid=2667560&queryType=qs&queryString=%E7%A9%BF%E5%AD%9D HTTP/1.1" 200 30155
66.249.71.105 - - [01/Mar/2016:05:28:41 +0800] "GET /content/repository/resource_content.jsp?oid=2671079&queryType=qs&queryString=%E5%A4%96%E6%9F%B5 HTTP/1.1" 200 30323
220.181.108.76 - - [01/Mar/2016:05:29:23 +0800] "GET /content/repository/resource_content.jsp?oid=230826 HTTP/1.1" 200 30222
66.249.71.105 - - [01/Mar/2016:05:29:36 +0800] "GET /content/repository/resource_content.jsp?oid=2667405&queryType=qs&queryString=%E6%BA%AB%E8%99%95%E9%81%93 HTTP/1.1" 200 29837
66.249.71.164 - - [01/Mar/2016:05:29:46 +0800] "GET /content/nav/relationSubject.jsp?relationWords=%E5%90%8F%E9%83%A8+%E5%A4%A9%E6%B4%A5%E9%81%93+&oid=2665388 HTTP/1.1" 200 3151
66.249.71.164 - - [01/Mar/2016:05:29:48 +0800] "GET /content/nav/relationSubject.jsp?relationWords=%E5%90%8F%E9%83%A8%20%E5%A4%A9%E6%B4%A5%E9%81%93%20&oid=2665388 HTTP/1.1" 200 3151
208.80.155.187 - - [01/Mar/2016:05:30:06 +0800] "GET /content/repository/resource_content.jsp?oid=1578865/ HTTP/1.0" 200 28714
66.249.71.105 - - [01/Mar/2016:05:30:31 +0800] "GET /content/repository/resource_content.jsp?oid=2658355&queryType=qs&queryString=%E8%95%8E%E9%BA%A5 HTTP/1.1" 200 30002
66.249.71.72 - - [01/Mar/2016:05:31:26 +0800] "GET /content/repository/resource_content.jsp?oid=2581865 HTTP/1.1" 200 29161
66.249.71.60 - - [01/Mar/2016:05:32:21 +0800] "GET /content/repository/resource_content.jsp?oid=1563567&queryString=%E7%B4%80%E5%BF%B5%E7%AB%A0 HTTP/1.1" 200 28612
66.249.71.23 - - [01/Mar/2016:05:33:04 +0800] "GET /digiarch3/content/nav/relationSubject.jsp?relationWords=%E6%9A%B9%E7%BE%85%E5%9C%8B%E8%B2%A2+%E8%B2%A2%E4%BD%BF+&oid=2670815 HTTP/1.1" 200 3158
66.249.71.64 - - [01/Mar/2016:05:33:06 +0800] "GET /content/nav/relationSubject.jsp?relationWords=%E4%BD%95%E5%AF%B6%E7%8F%8D+%E5%93%81%E8%B3%AA+%E6%9E%97%E7%89%9B+%E6%9E%97%E7%89%9B%E6%B8%AF+%E6%B0%91%E6%94%BF%E5%BB%B3+%E7%A4%BE%E6%9C%83%E8%99%95+%E8%87%AA%E4%BE%86%E6%B0%B4+%E8%99%95%E9%95%B7+%E8%A1%9B%E7%94%9F%E8%99%95+%E8%B3%AA%E8%A9%A2+%E9%99%B3%E6%85%B6+%E9%A3%9F%E5%93%81%E8%A1%9B%E7%94%9F+&oid=1587198 HTTP/1.1" 200 6026
66.249.71.23 - - [01/Mar/2016:05:33:07 +0800] "GET /digiarch3/content/nav/relationSubject.jsp?relationWords=%E6%9A%B9%E7%BE%85%E5%9C%8B%E8%B2%A2%20%E8%B2%A2%E4%BD%BF%20&oid=2670815 HTTP/1.1" 200 3158
66.249.71.121 - - [01/Mar/2016:05:33:17 +0800] "GET /content/repository/resource_content.jsp?oid=4362889&queryType=qs&queryString=%E6%85%B6%E6%88%90 HTTP/1.1" 200 31236
111.67.148.34 - - [01/Mar/2016:05:34:55 +0800] "GET /content/repository/resource_content.jsp?oid=189675&queryType=qc&queryString=%2B%E5%9C%B0%E5%BD%A2%E5%9C%96 HTTP/1.1" 200 30561
111.67.148.34 - - [01/Mar/2016:05:35:03 +0800] "GET /content/nav/relationSubject.jsp?relationWords=%E5%96%AE%E8%89%B2+&oid=189675 HTTP/1.1" 200 3192
66.249.71.60 - - [01/Mar/2016:05:35:07 +0800] "GET /content/subject/resource_content.jsp?oid=16777647 HTTP/1.1" 200 56476
66.249.71.64 - - [01/Mar/2016:05:35:14 +0800] "GET /content/nav/relationSubject.jsp?relationWords=%E5%90%8F%E9%83%A8+%E5%A5%89%E8%AB%AD+&oid=2659194 HTTP/1.1" 200 3121
66.249.71.60 - - [01/Mar/2016:05:35:17 +0800] "GET /content/nav/relationSubject.jsp?relationWords=%E5%90%8F%E9%83%A8%20%E5%A5%89%E8%AB%AD%20&oid=2659194 HTTP/1.1" 200 3121
66.249.71.113 - - [01/Mar/2016:05:35:55 +0800] "GET /content/nav/relationSubject.jsp?relationWords=%E4%BA%A4%E9%80%9A%E9%81%95%E8%A6%8F+%E4%BD%99%E9%99%B3%E6%9C%88%E7%91%9B+%E5%85%AC%E5%8B%99%E4%BA%BA%E5%93%A1+%E5%85%AC%E5%8B%99%E5%93%A1+%E5%85%AC%E6%B0%91+%E5%9C%8B%E6%B0%91%E4%BD%8F%E5%AE%85+%E5%9C%B0%E5%83%B9+%E5%A2%9E%E5%80%BC%E7%A8%85+%E5%BC%B5%E5%AF%8C+%E5%BE%8C%E5%82%99%E8%BB%8D%E4%BA%BA+%E6%94%BF%E9%BB%A8+%E6%9C%88%E7%91%9B+%E6%B0%91%E9%81%B8+%E8%87%BA%E5%8C%97%E5%B8%82+%E8%87%BA%E5%8C%97%E7%B8%A3+%E8%87%BA%E7%81%A3%E7%9C%81+%E8%99%B1%E7%9B%AE%E9%AD%9A+%E8%A1%9B%E7%94%9F%E9%86%AB%E7%99%82+%E8%AD%A6%E5%AF%9F+%E8%B3%AA%E8%A9%A2+%E9%86%AB%E7%99%82%E6%A9%9F%E9%97%9C+%E9%9C%8D%E4%BA%82+%E9%A0%90%E9%98%B2+%E9%AD%9A%E8%8B%97+&oid=1569057 HTTP/1.1" 200 7103
66.249.77.97 - - [01/Mar/2016:05:36:02 +0800] "GET /content/repository/resource_content.jsp?oid=2667935&queryString=%E4%B9%9D%E6%B1%9F%E9%97%9C%20%E9%97%9C%E7%A8%85 HTTP/1.1" 200 30297
66.249.71.105 - - [01/Mar/2016:05:36:04 +0800] "GET /content/nav/relationSubject.jsp?relationWords=%E4%BA%A4%E9%80%9A%E9%81%95%E8%A6%8F%20%E4%BD%99%E9%99%B3%E6%9C%88%E7%91%9B%20%E5%85%AC%E5%8B%99%E4%BA%BA%E5%93%A1%20%E5%85%AC%E5%8B%99%E5%93%A1%20%E5%85%AC%E6%B0%91%20%E5%9C%8B%E6%B0%91%E4%BD%8F%E5%AE%85%20%E5%9C%B0%E5%83%B9%20%E5%A2%9E%E5%80%BC%E7%A8%85%20%E5%BC%B5%E5%AF%8C%20%E5%BE%8C%E5%82%99%E8%BB%8D%E4%BA%BA%20%E6%94%BF%E9%BB%A8%20%E6%9C%88%E7%91%9B%20%E6%B0%91%E9%81%B8%20%E8%87%BA%E5%8C%97%E5%B8%82%20%E8%87%BA%E5%8C%97%E7%B8%A3%20%E8%87%BA%E7%81%A3%E7%9C%81%20%E8%99%B1%E7%9B%AE%E9%AD%9A%20%E8%A1%9B%E7%94%9F%E9%86%AB%E7%99%82%20%E8%AD%A6%E5%AF%9F%20%E8%B3%AA%E8%A9%A2%20%E9%86%AB%E7%99%82%E6%A9%9F%E9%97%9C%20%E9%9C%8D%E4%BA%82%20%E9%A0%90%E9%98%B2%20%E9%AD%9A%E8%8B%97%20&oid=1569057 HTTP/1.1" 200 7103
66.249.71.164 - - [01/Mar/2016:05:36:58 +0800] "GET /content/repository/resource_content.jsp?oid=2665388&queryString=%E5%A4%A9%E6%B4%A5%E9%81%93 HTTP/1.1" 200 29970
66.249.71.113 - - [01/Mar/2016:05:37:19 +0800] "GET /content/nav/relationSubject.jsp?relationWords=%E5%8D%91%E5%8D%97%E6%BA%AA+%E5%B8%83%E8%BE%B2%E6%97%8F+%E6%97%A5%E6%B2%BB%E6%99%82%E6%9C%9F+%E9%83%A1%E7%A4%BE%E7%BE%A4+&oid=1778785 HTTP/1.1" 200 3873
66.249.71.105 - - [01/Mar/2016:05:37:24 +0800] "GET /content/nav/relationSubject.jsp?relationWords=%E5%8D%91%E5%8D%97%E6%BA%AA%20%E5%B8%83%E8%BE%B2%E6%97%8F%20%E6%97%A5%E6%B2%BB%E6%99%82%E6%9C%9F%20%E9%83%A1%E7%A4%BE%E7%BE%A4%20&oid=1778785 HTTP/1.1" 200 3873
66.249.71.60 - - [01/Mar/2016:05:37:42 +0800] "GET /content/nav/relationSubject.jsp?relationWords=%E6%8B%9C%E8%AC%81+%E7%AF%86%E6%9B%B8+&oid=1810731 HTTP/1.1" 200 3179
66.249.71.60 - - [01/Mar/2016:05:37:44 +0800] "GET /content/nav/relationSubject.jsp?relationWords=%E6%8B%9C%E8%AC%81%20%E7%AF%86%E6%9B%B8%20&oid=1810731 HTTP/1.1" 200 3179
66.249.71.60 - - [01/Mar/2016:05:37:52 +0800] "GET /content/repository/resource_content.jsp?oid=1888370&queryString=%E8%87%AA%E7%84%B6%E7%A7%91%E5%AD%B8%20%E8%87%BA%E7%81%A3%E7%B8%BD%E7%9D%A3%E5%BA%9C HTTP/1.1" 200 30489
66.249.71.155 - - [01/Mar/2016:05:38:47 +0800] "GET /content/repository/resource_content.jsp?oid=2687010&queryString=%E7%AF%89%E5%A0%A4 HTTP/1.1" 200 30390
66.249.71.105 - - [01/Mar/2016:05:38:53 +0800] "GET /content/nav/relationSubject.jsp?relationWords=&oid=2590264 HTTP/1.1" 200 1405
157.55.39.6 - - [01/Mar/2016:05:39:17 +0800] "GET /content/nav/relationSubject.jsp?relationWords=%E4%B8%AD%E5%A4%AE%E5%9C%96%E6%9B%B8%E9%A4%A8+%E5%A4%AE%E5%9C%96+&oid=16777473 HTTP/1.1" 200 6891
65.55.213.27 - - [01/Mar/2016:05:39:32 +0800] "GET /content/nav/relationSubject.jsp?relationWords=GIS+%E5%9C%B0%E5%BD%A2%E5%9C%96+%E5%A0%A1%E5%9C%96+%E8%95%83%E5%9C%B0+&oid=16777714 HTTP/1.1" 200 4619
66.249.79.24 - - [01/Mar/2016:05:40:02 +0800] "GET /content/nav/relationSubject.jsp?relationWords=%E5%8F%A4%E7%B1%8D%20%E7%B4%A0%E5%95%8F%20%E8%81%AF%E5%90%88%E7%9B%AE%E9%8C%84%20%E9%86%AB%E7%99%82%E5%8F%B2%20%E9%87%8D%E5%BB%A3%20%E9%BB%83%E5%B8%9D%E5%85%A7%E7%B6%93%E7%B4%A0%E5%95%8F%20&oid=3205079 HTTP/1.1" 200 4864
66.249.71.173 - - [01/Mar/2016:05:41:33 +0800] "GET /content/repository/resource_content.jsp?oid=4362815&queryType=qs&queryString=%E8%99%8E%E7%88%BA HTTP/1.1" 200 29339
68.180.228.187 - - [01/Mar/2016:05:43:55 +0800] "GET /content/subject/resource_content.jsp?oid=16777432&queryType=qc HTTP/1.1" 200 28844
66.249.71.64 - - [01/Mar/2016:05:44:18 +0800] "GET /content/repository/resource_content.jsp?oid=3817761&queryString=%E6%A4%8D%E7%89%A9%E7%95%8C%20%E6%B7%B1%E7%B4%85%E8%8C%B5%E8%8A%8B%20%E8%8A%8B%E5%B1%AC%20%E8%8A%B8%E9%A6%99%20%E8%8A%B8%E9%A6%99%E7%A7%91%20%E8%8C%B5%E8%8A%8B%20%E8%8C%B5%E8%8A%8B%E5%B1%AC HTTP/1.1" 200 31393
66.249.71.105 - - [01/Mar/2016:05:45:31 +0800] "GET /content/nav/relationSubject.jsp?relationWords=%E5%B7%A1%E6%8C%89+%E5%B7%A1%E6%8C%89%E5%BE%A1%E5%8F%B2+%E5%BE%A1%E5%8F%B2+&oid=2516045 HTTP/1.1" 200 3213
66.249.71.105 - - [01/Mar/2016:05:45:32 +0800] "GET /content/nav/relationSubject.jsp?relationWords=%E5%B7%A1%E6%8C%89%20%E5%B7%A1%E6%8C%89%E5%BE%A1%E5%8F%B2%20%E5%BE%A1%E5%8F%B2%20&oid=2516045 HTTP/1.1" 200 3213
66.249.74.59 - - [01/Mar/2016:05:46:09 +0800] "GET /content/repository/resource_content.jsp?oid=2678685&queryType=qs&queryString=%E5%B9%B3%E7%B3%B6 HTTP/1.1" 200 30568
111.81.60.91 - - [01/Mar/2016:05:46:58 +0800] "GET /content/repository/resource_content.jsp?oid=1518268 HTTP/1.1" 200 29130
66.249.71.105 - - [01/Mar/2016:05:47:03 +0800] "GET /content/repository/resource_content.jsp?oid=4361957&queryType=qs&queryString=%E5%8D%97%E5%AE%8B HTTP/1.1" 200 39359
111.81.60.91 - - [01/Mar/2016:05:47:07 +0800] "GET /content/nav/relationSubject.jsp?relationWords=%E5%8F%83%E8%AD%B0%E6%9C%83+%E5%8F%B0%E7%81%A3%E7%9C%81+%E6%96%BD%E8%A1%8C%E7%B4%B0%E5%89%87+%E6%9C%83%E8%AD%B0%E7%B4%80%E9%8C%84+%E7%81%A3%E7%9C%81%E6%94%BF%E5%BA%9C+%E7%9C%81%E6%94%BF%E5%BA%9C+&oid=1518268 HTTP/1.1" 200 4752
51.255.65.13 - - [01/Mar/2016:05:47:45 +0800] "GET /digiarch3/content/subject/resource_content.jsp?oid=16777356&queryType=qc HTTP/1.1" 200 32635
66.249.71.105 - - [01/Mar/2016:05:47:58 +0800] "GET /content/repository/resource_content.jsp?oid=2681711&queryType=qs&queryString=%E7%90%85%E7%8E%95 HTTP/1.1" 200 30281
68.180.228.187 - - [01/Mar/2016:05:49:31 +0800] "GET /digiarch_en/content/subject/resource_content.jsp?oid=16777568&queryType=qc HTTP/1.1" 200 29010
66.249.71.121 - - [01/Mar/2016:05:50:28 +0800] "GET /content/nav/relationSubject.jsp?relationWords=%E4%BF%9D%E5%81%A5+%E5%8B%9D%E5%88%A9+%E5%9C%8B%E6%B0%91%E5%B0%8F%E5%AD%B8+%E5%AE%89%E9%9D%9E%E4%BB%96%E5%91%BD+%E6%95%88%E7%8E%87+%E6%95%99%E8%82%B2%E4%BA%BA%E5%93%A1+%E6%9C%8D%E5%8B%99%E5%B9%B4%E8%B3%87+%E6%B4%BB%E5%8B%95%E4%B8%AD%E5%BF%83+%E8%80%83%E8%A9%A6%E9%99%A2+%E8%87%A8%E6%99%82%E9%9B%87%E5%93%A1+%E8%87%BA%E5%8D%97%E7%B8%A3+%E8%96%AA%E8%B3%87+%E8%A1%8C%E6%94%BF%E6%A9%9F%E9%97%9C+%E8%A3%9C%E7%BF%92%E5%AD%B8%E6%A0%A1+%E9%80%B2%E4%BF%AE+&oid=1609124 HTTP/1.1" 200 3844
66.249.71.113 - - [01/Mar/2016:05:50:33 +0800] "GET /content/nav/relationSubject.jsp?relationWords=%E4%BF%9D%E5%81%A5%20%E5%8B%9D%E5%88%A9%20%E5%9C%8B%E6%B0%91%E5%B0%8F%E5%AD%B8%20%E5%AE%89%E9%9D%9E%E4%BB%96%E5%91%BD%20%E6%95%88%E7%8E%87%20%E6%95%99%E8%82%B2%E4%BA%BA%E5%93%A1%20%E6%9C%8D%E5%8B%99%E5%B9%B4%E8%B3%87%20%E6%B4%BB%E5%8B%95%E4%B8%AD%E5%BF%83%20%E8%80%83%E8%A9%A6%E9%99%A2%20%E8%87%A8%E6%99%82%E9%9B%87%E5%93%A1%20%E8%87%BA%E5%8D%97%E7%B8%A3%20%E8%96%AA%E8%B3%87%20%E8%A1%8C%E6%94%BF%E6%A9%9F%E9%97%9C%20%E8%A3%9C%E7%BF%92%E5%AD%B8%E6%A0%A1%20%E9%80%B2%E4%BF%AE%20&oid=1609124 HTTP/1.1" 200 3844
66.249.71.105 - - [01/Mar/2016:05:50:44 +0800] "GET /content/repository/resource_content.jsp?oid=704010&queryString=%E8%81%AF%E5%90%88%E7%9B%AE%E9%8C%84%20%E9%86%AB%E7%99%82%E5%8F%B2%20%E9%88%94%E6%9C%AC HTTP/1.1" 200 28963
111.81.60.91 - - [01/Mar/2016:05:51:15 +0800] "GET /content/repository/resource_content.jsp?oid=1519857 HTTP/1.1" 200 29356
111.81.60.91 - - [01/Mar/2016:05:51:16 +0800] "GET /content/nav/relationSubject.jsp?relationWords=%E5%8F%B0%E7%81%A3%E7%9C%81+%E6%96%BD%E8%A1%8C%E7%B4%B0%E5%89%87+%E7%81%A3%E7%9C%81%E6%94%BF%E5%BA%9C+%E7%9C%81%E6%94%BF%E5%BA%9C+%E7%A8%BB%E4%BD%9C+%E7%B3%A7%E9%A3%9F%E5%B1%80+%E9%85%8D%E9%8A%B7+%E9%A4%8A%E8%B1%9A+&oid=1519857 HTTP/1.1" 200 4792
66.249.77.85 - - [01/Mar/2016:05:51:31 +0800] "GET /content/nav/relationSubject.jsp?relationWords=%E7%8D%B5%E6%A7%8D+%E8%AD%A6%E5%AF%9F+&oid=1538274 HTTP/1.1" 200 4531
66.249.71.105 - - [01/Mar/2016:05:51:39 +0800] "GET /content/repository/resource_content.jsp?oid=619533&queryType=qs&queryString=%E4%B8%89%E4%BA%95%E7%89%A9%E7%94%A2 HTTP/1.1" 200 28337
66.249.79.30 - - [01/Mar/2016:05:52:34 +0800] "GET /content/nav/relationSubject.jsp?relationWords=%E5%9C%B0%E5%BD%A2%E5%9C%96+%E9%8E%AE%E5%BA%B7+&oid=219852 HTTP/1.1" 200 3081
66.249.77.85 - - [01/Mar/2016:05:52:34 +0800] "GET /content/nav/relationSubject.jsp?relationWords=%E5%8F%B3%E7%BF%BC%E7%A8%85+%E7%9B%88%E9%A4%98+%E9%8A%80%E5%85%A9+&oid=2664037 HTTP/1.1" 200 5450
66.249.79.27 - - [01/Mar/2016:05:52:39 +0800] "GET /content/nav/relationSubject.jsp?relationWords=%E5%9C%B0%E5%BD%A2%E5%9C%96%20%E9%8E%AE%E5%BA%B7%20&oid=219852 HTTP/1.1" 200 3081
66.249.71.105 - - [01/Mar/2016:05:53:12 +0800] "GET /content/nav/relationSubject.jsp?relationWords=%E6%B0%B4%E5%AD%97+%E6%B0%B4%E5%AD%97%E8%9E%BA+&oid=33554895 HTTP/1.1" 200 3392
66.249.71.105 - - [01/Mar/2016:05:53:15 +0800] "GET /content/nav/relationSubject.jsp?relationWords=%E6%B0%B4%E5%AD%97%20%E6%B0%B4%E5%AD%97%E8%9E%BA%20&oid=33554895 HTTP/1.1" 200 3392
66.249.71.105 - - [01/Mar/2016:05:54:24 +0800] "GET /content/repository/resource_content.jsp?oid=745131&queryType=qs&queryString=%E6%97%A5%E6%96%AF%E5%B7%B4%E5%B0%BC%E4%BA%9E HTTP/1.1" 200 29362
66.249.71.72 - - [01/Mar/2016:05:55:19 +0800] "GET /content/repository/resource_content.jsp?oid=2550919 HTTP/1.1" 200 29302
66.249.71.64 - - [01/Mar/2016:05:55:23 +0800] "GET /content/nav/relationSubject.jsp?relationWords=%E6%90%AD%E8%82%89%E5%88%BA+%E6%A4%8D%E7%89%A9%E7%95%8C+%E8%82%89%E5%88%BA+%E8%98%87%E6%9C%A8%E5%B1%AC+%E8%A0%B6%E8%B1%86+%E9%9B%99%E5%AD%90%E8%91%89+%E9%9B%99%E5%AD%90%E8%91%89%E6%A4%8D%E7%89%A9+&oid=2147780 HTTP/1.1" 200 3422
66.249.74.59 - - [01/Mar/2016:05:55:34 +0800] "GET /content/nav/relationSubject.jsp?relationWords=%E5%8D%B0%E5%8B%99+%E6%BC%95%E5%8D%B0+%E7%B8%BD%E6%BC%95+%E8%88%B9%E7%B3%A7+%E9%80%9A%E5%88%A4+&oid=2520121 HTTP/1.1" 200 3221
66.249.71.105 - - [01/Mar/2016:05:55:38 +0800] "GET /content/nav/relationSubject.jsp?relationWords=%E5%8D%B0%E5%8B%99%20%E6%BC%95%E5%8D%B0%20%E7%B8%BD%E6%BC%95%20%E8%88%B9%E7%B3%A7%20%E9%80%9A%E5%88%A4%20&oid=2520121 HTTP/1.1" 200 3221
66.249.71.60 - - [01/Mar/2016:05:55:45 +0800] "GET /content/nav/relationSubject.jsp?relationWords=%E5%A4%A7%E7%9C%BC%E6%93%AC%E6%B5%B7%E7%B3%AF%E9%B0%BB+%E5%BA%B7%E5%90%89%E9%B0%BB+%E9%AD%9A%E9%A1%9E%E6%A8%99%E6%9C%AC+%E9%B0%BB%E7%A7%91+&oid=1083674 HTTP/1.1" 200 3424
66.249.71.60 - - [01/Mar/2016:05:55:47 +0800] "GET /content/nav/relationSubject.jsp?relationWords=%E5%A4%A7%E7%9C%BC%E6%93%AC%E6%B5%B7%E7%B3%AF%E9%B0%BB%20%E5%BA%B7%E5%90%89%E9%B0%BB%20%E9%AD%9A%E9%A1%9E%E6%A8%99%E6%9C%AC%20%E9%B0%BB%E7%A7%91%20&oid=1083674 HTTP/1.1" 200 3424
68.180.228.187 - - [01/Mar/2016:05:57:51 +0800] "GET /content/tmp_exh/resource_content.jsp?oid=16777807&queryType=qc HTTP/1.1" 200 35350
66.249.71.105 - - [01/Mar/2016:05:58:11 +0800] "GET /content/nav/relationSubject.jsp?relationWords=%E5%AE%97%E4%BA%BA%E5%BA%9C+&oid=2676554 HTTP/1.1" 200 3112
66.249.71.105 - - [01/Mar/2016:05:58:14 +0800] "GET /content/nav/relationSubject.jsp?relationWords=%E5%AE%97%E4%BA%BA%E5%BA%9C%20&oid=2676554 HTTP/1.1" 200 3112
66.249.71.105 - - [01/Mar/2016:05:58:41 +0800] "GET /content/nav/relationSubject.jsp?relationWords=%E5%88%91%E9%83%A8+&oid=2687545 HTTP/1.1" 200 3095
66.249.71.105 - - [01/Mar/2016:05:58:45 +0800] "GET /content/nav/relationSubject.jsp?relationWords=%E5%88%91%E9%83%A8%20&oid=2687545 HTTP/1.1" 200 3095
66.249.71.105 - - [01/Mar/2016:05:58:59 +0800] "GET /content/repository/resource_content.jsp?oid=2641034&queryType=qs&queryString=%E8%83%9E%E5%8F%94 HTTP/1.1" 200 30308
66.249.71.60 - - [01/Mar/2016:05:59:22 +0800] "GET /content/nav/relationSubject.jsp?relationWords=API+%E5%B1%B1%E8%96%B0%E9%A6%99+%E5%B1%B1%E8%96%B0%E9%A6%99%E5%B1%AC+%E6%A4%8D%E7%89%A9%E7%95%8C+%E7%B9%96%E5%BD%A2%E7%A7%91+%E9%9B%99%E5%AD%90%E8%91%89%E6%A4%8D%E7%89%A9+&oid=3814118 HTTP/1.1" 200 3423
66.249.71.64 - - [01/Mar/2016:05:59:26 +0800] "GET /content/nav/relationSubject.jsp?relationWords=API%20%E5%B1%B1%E8%96%B0%E9%A6%99%20%E5%B1%B1%E8%96%B0%E9%A6%99%E5%B1%AC%20%E6%A4%8D%E7%89%A9%E7%95%8C%20%E7%B9%96%E5%BD%A2%E7%A7%91%20%E9%9B%99%E5%AD%90%E8%91%89%E6%A4%8D%E7%89%A9%20&oid=3814118 HTTP/1.1" 200 3423
220.181.108.160 - - [01/Mar/2016:05:59:29 +0800] "GET /content/subject/resource_content.jsp?oid=16777641&queryType=qc HTTP/1.1" 200 49675
66.249.71.105 - - [01/Mar/2016:06:00:03 +0800] "GET /content/nav/relationSubject.jsp?relationWords=%E5%A4%AA%E5%B8%B8%E5%AF%BA+&oid=2689101 HTTP/1.1" 200 3078
