66.249.74.72 - - [27/Mar/2016:05:53:21 +0800] "GET /digiarch3/content/nav/relationSubject.jsp?relationWords=%E4%B8%AD%E6%9D%91%E5%93%B2%20%E5%90%8D%E7%B0%BF%20%E5%B1%B1%E4%B8%AD%E6%A8%B5%20%E5%B3%B6%E7%94%B0%20%E5%B3%B6%E7%94%B0%E8%AC%B9%E4%BA%8C%20%E5%B7%A5%E8%97%A4%E5%A5%BD%E7%BE%8E%20%E5%BC%B5%E6%96%87%E7%92%B0%20%E6%80%9D%E6%83%B3%20%E6%9C%A8%E4%B8%8B%20%E6%9C%A8%E4%B8%8B%E9%9D%9C%E6%B6%AF%20%E6%9D%8E%E6%A2%85%20%E6%9D%8E%E6%A2%85%E6%A8%B9%20%E6%9D%BE%E5%B1%85%E6%A1%83%E6%A8%93%20%E6%9E%97%E8%8C%82%E7%94%9F%20%E6%A5%8A%E9%9B%B2%E8%90%8D%20%E6%BF%B1%E7%94%B0%20%E6%BF%B1%E7%94%B0%E9%9A%BC%E9%9B%84%20%E7%80%A7%E7%94%B0%E8%B2%9E%E6%B2%BB%20%E7%9A%87%E6%B0%91%20%E7%9A%87%E6%B0%91%E5%A5%89%E5%85%AC%E6%9C%83%20%E7%9F%A2%E9%87%8E%20%E7%9F%A2%E9%87%8E%E5%B3%B0%E4%BA%BA%20%E7%AB%8B%E7%9F%B3%E9%90%B5%E8%87%A3%20%E8%8C%82%E7%94%9F%20%E8%A5%BF%E5%B7%9D%20%E8%A5%BF%E5%B7%9D%E6%BB%BF%20%E9%83%AD%E9%9B%AA%E6%B9%96%20%E9%87%91%E9%97%9C%E4%B8%88%E5%A4%AB%20%E9%95%B7%E5%B4%8E%E6%B5%A9%20%E9%99%B3%E9%80%A2%E6%BA%90%20%E9%BB%83%E5%BE%97%E6%99%82%20%E9%BD%8B%E8%97%A4%20%E9%BE%8D%E7%91%9B%E5%AE%97%20&oid=2470503 HTTP/1.1" 200 7824
61.135.248.178 - - [27/Mar/2016:05:53:32 +0800] "GET /content/subject/resource_content.jsp?oid=16777368&queryType=qc HTTP/1.1" 200 31931
61.135.248.178 - - [27/Mar/2016:05:53:57 +0800] "GET /content/subject/resource_content.jsp?oid=16777435&queryType=qc HTTP/1.1" 200 28740
66.249.71.60 - - [27/Mar/2016:05:53:58 +0800] "GET /content/repository/resource_content.jsp?oid=2609467 HTTP/1.1" 200 29566
66.249.71.60 - - [27/Mar/2016:05:54:10 +0800] "GET /content/repository/resource_content.jsp?oid=1123493 HTTP/1.1" 200 33130
61.135.248.178 - - [27/Mar/2016:05:54:23 +0800] "GET /content/subject/resource_content.jsp?oid=16777710&queryType=qc HTTP/1.1" 200 27808
61.135.248.178 - - [27/Mar/2016:05:54:51 +0800] "GET /content/subject/resource_content.jsp?oid=16777455&queryType=qc HTTP/1.1" 200 33620
66.249.71.5 - - [27/Mar/2016:05:55:04 +0800] "GET /content/nav/relationSubject.jsp?relationWords=%E5%8F%B0%E7%81%A3%E7%A7%8B%E6%B5%B7%E6%A3%A0+%E6%A4%8D%E7%89%A9%E7%95%8C+%E7%A7%8B%E6%B5%B7%E6%A3%A0%E5%B1%AC+%E7%A7%8B%E6%B5%B7%E6%A3%A0%E7%A7%91+%E8%8F%AB%E8%8F%9C+&oid=1107695 HTTP/1.1" 200 3519
66.249.71.5 - - [27/Mar/2016:05:55:06 +0800] "GET /content/nav/relationSubject.jsp?relationWords=%E5%8F%B0%E7%81%A3%E7%A7%8B%E6%B5%B7%E6%A3%A0%20%E6%A4%8D%E7%89%A9%E7%95%8C%20%E7%A7%8B%E6%B5%B7%E6%A3%A0%E5%B1%AC%20%E7%A7%8B%E6%B5%B7%E6%A3%A0%E7%A7%91%20%E8%8F%AB%E8%8F%9C%20&oid=1107695 HTTP/1.1" 200 3519
66.249.71.60 - - [27/Mar/2016:05:55:18 +0800] "GET /content/nav/relationSubject.jsp?relationWords=%E6%A4%8D%E7%89%A9%E7%95%8C+%E8%8F%8A%E7%A7%91+%E8%96%8A%E5%B1%AC+%E9%98%BF%E9%87%8C%E5%B1%B1%E8%96%8A+%E9%9B%99%E5%AD%90%E8%91%89%E6%A4%8D%E7%89%A9+&oid=1111117 HTTP/1.1" 200 3445
66.249.71.60 - - [27/Mar/2016:05:55:23 +0800] "GET /content/nav/relationSubject.jsp?relationWords=%E6%A4%8D%E7%89%A9%E7%95%8C%20%E8%8F%8A%E7%A7%91%20%E8%96%8A%E5%B1%AC%20%E9%98%BF%E9%87%8C%E5%B1%B1%E8%96%8A%20%E9%9B%99%E5%AD%90%E8%91%89%E6%A4%8D%E7%89%A9%20&oid=1111117 HTTP/1.1" 200 3445
66.249.71.60 - - [27/Mar/2016:05:55:27 +0800] "GET /content/repository/resource_content.jsp?oid=15005&queryString=%E5%A4%BE%E7%AB%B9%E6%A1%83%E7%A7%91%20%E6%A4%8D%E7%89%A9%E7%95%8C%20%E9%BB%91%E6%9D%BF%E6%A8%B9%20%E9%BE%8D%E8%86%BD HTTP/1.1" 200 35167
66.249.71.113 - - [27/Mar/2016:05:55:39 +0800] "GET /content/nav/relationSubject.jsp?relationWords=%E4%BA%BA%E4%BA%8B%E8%99%95+%E5%85%AC%E5%8B%99%E5%93%A1+%E5%8F%8D%E5%85%B1%E6%8A%97%E4%BF%84+%E5%93%81%E8%B3%AA+%E6%97%A5%E6%93%9A%E6%99%82%E4%BB%A3+%E6%A8%82%E7%94%9F%E7%99%82%E9%A4%8A%E9%99%A2+%E6%B0%91%E7%A4%BE%E9%BB%A8+%E7%97%B2%E7%98%8B%E7%97%85+%E7%9B%B2%E4%BA%BA+%E7%A4%BE%E6%9C%83%E8%99%95+%E7%A4%BE%E6%9C%83%E9%83%A8+%E8%8D%89%E8%97%A5+%E8%99%95%E9%95%B7+%E8%A1%9B%E7%94%9F%E8%99%95+%E8%A1%9B%E7%94%9F%E9%83%A8+%E8%A5%BF%E8%97%A5+%E8%AD%A6%E5%82%99%E7%B8%BD%E9%83%A8+%E9%A0%90%E7%AE%97+&oid=1547107 HTTP/1.1" 200 6198
66.249.71.113 - - [27/Mar/2016:05:55:45 +0800] "GET /content/nav/relationSubject.jsp?relationWords=%E4%BA%BA%E4%BA%8B%E8%99%95%20%E5%85%AC%E5%8B%99%E5%93%A1%20%E5%8F%8D%E5%85%B1%E6%8A%97%E4%BF%84%20%E5%93%81%E8%B3%AA%20%E6%97%A5%E6%93%9A%E6%99%82%E4%BB%A3%20%E6%A8%82%E7%94%9F%E7%99%82%E9%A4%8A%E9%99%A2%20%E6%B0%91%E7%A4%BE%E9%BB%A8%20%E7%97%B2%E7%98%8B%E7%97%85%20%E7%9B%B2%E4%BA%BA%20%E7%A4%BE%E6%9C%83%E8%99%95%20%E7%A4%BE%E6%9C%83%E9%83%A8%20%E8%8D%89%E8%97%A5%20%E8%99%95%E9%95%B7%20%E8%A1%9B%E7%94%9F%E8%99%95%20%E8%A1%9B%E7%94%9F%E9%83%A8%20%E8%A5%BF%E8%97%A5%20%E8%AD%A6%E5%82%99%E7%B8%BD%E9%83%A8%20%E9%A0%90%E7%AE%97%20&oid=1547107 HTTP/1.1" 200 6198
37.0.121.221 - - [27/Mar/2016:05:55:59 +0800] "GET /content/repository/resource_content.jsp?oid=14073'A=0&queryString=%E9%AF%A8%E9%AE%AB%20%E9%AF%A8%E9%AE%AB%E7%A7%91%20%E9%AF%A8%E9%AF%8A HTTP/1.1" 200 35587
37.0.121.221 - - [27/Mar/2016:05:56:01 +0800] "GET /content/repository/resource_content.jsp?oid=14073&queryString=%E9%AF%A8%E9%AE%AB%20%E9%AF%A8%E9%AE%AB%E7%A7%91%20%E9%AF%A8%E9%AF%8A'A=0 HTTP/1.1" 200 35464
66.249.71.60 - - [27/Mar/2016:05:56:07 +0800] "GET /content/nav/relationSubject.jsp?relationWords=%E5%B9%BC%E7%A8%9A%E5%9C%92+%E8%81%B7%E5%B7%A5%E7%A6%8F%E5%88%A9+%E9%90%B5%E8%B7%AF%E5%B1%80+&oid=1589518 HTTP/1.1" 200 5296
66.249.71.60 - - [27/Mar/2016:05:56:09 +0800] "GET /content/nav/relationSubject.jsp?relationWords=%E5%B9%BC%E7%A8%9A%E5%9C%92%20%E8%81%B7%E5%B7%A5%E7%A6%8F%E5%88%A9%20%E9%90%B5%E8%B7%AF%E5%B1%80%20&oid=1589518 HTTP/1.1" 200 5296
66.249.71.60 - - [27/Mar/2016:05:56:20 +0800] "GET /content/nav/relationSubject.jsp?relationWords=%E4%B8%AD%E5%B1%B1%E5%85%AC%E5%9C%92+%E4%BD%B3%E9%87%8C%E9%8E%AE+%E8%87%BA%E5%8D%97%E7%B8%A3+&oid=1593610 HTTP/1.1" 200 5655
66.249.71.60 - - [27/Mar/2016:05:56:22 +0800] "GET /content/nav/relationSubject.jsp?relationWords=%E4%B8%AD%E5%B1%B1%E5%85%AC%E5%9C%92%20%E4%BD%B3%E9%87%8C%E9%8E%AE%20%E8%87%BA%E5%8D%97%E7%B8%A3%20&oid=1593610 HTTP/1.1" 200 5655
66.249.71.60 - - [27/Mar/2016:05:56:56 +0800] "GET /content/repository/resource_content.jsp?oid=663330 HTTP/1.1" 200 29119
66.249.71.60 - - [27/Mar/2016:05:58:25 +0800] "GET /content/repository/resource_content.jsp?oid=1776549 HTTP/1.1" 200 28911
66.249.74.72 - - [27/Mar/2016:05:58:52 +0800] "GET /content/nav/relationSubject.jsp?relationWords=%E5%8D%97%E5%B1%AF+%E5%B7%A1%E6%92%AB+%E7%B1%B3%E7%9F%B3+%E8%AD%B7%E7%90%86+&oid=2627065 HTTP/1.1" 200 4070
66.249.71.5 - - [27/Mar/2016:05:58:54 +0800] "GET /content/nav/relationSubject.jsp?relationWords=%E5%8D%97%E5%B1%AF%20%E5%B7%A1%E6%92%AB%20%E7%B1%B3%E7%9F%B3%20%E8%AD%B7%E7%90%86%20&oid=2627065 HTTP/1.1" 200 4070
66.249.71.60 - - [27/Mar/2016:06:00:21 +0800] "GET /content/repository/resource_content.jsp?oid=22271 HTTP/1.1" 200 29708
66.249.71.164 - - [27/Mar/2016:06:00:25 +0800] "GET /content/nav/relationSubject.jsp?relationWords=%E9%A6%AC%E7%B8%BD+&oid=4362961 HTTP/1.1" 200 6347
61.135.248.178 - - [27/Mar/2016:06:00:31 +0800] "GET /content/subject/resource_content.jsp?oid=16777452&queryType=qc HTTP/1.1" 200 33291
66.249.71.60 - - [27/Mar/2016:06:00:41 +0800] "GET /content/nav/relationSubject.jsp?relationWords=%E5%90%8E%E7%A8%B7+%E5%91%A8%E6%98%8E+%E5%9A%B4%E5%B5%A9+%E5%9A%B4%E6%B0%8F+%E5%A4%A7%E5%AF%B6+%E5%A4%AA%E5%BB%9F+%E5%A4%AA%E7%A5%96+%E5%AD%90%E5%AD%AB%E6%B0%B8%E5%AF%B6+%E6%AF%9B%E5%82%B3+%E6%B2%B3%E5%9C%96+%E7%84%A6%E5%B1%B1+%E7%A5%96%E5%BB%9F+%E8%A9%A9%E5%BA%8F+%E9%84%AD%E6%B0%8F+%E9%A1%8C%E8%A8%98+%E9%A1%A7%E4%BA%AD%E6%9E%97+%E9%AD%8F%E6%B0%8F+&oid=1820026 HTTP/1.1" 200 5514
61.135.248.178 - - [27/Mar/2016:06:01:21 +0800] "GET /content/subject/resource_content.jsp?oid=16777721&queryType=qc HTTP/1.1" 200 36349
66.249.71.113 - - [27/Mar/2016:06:01:23 +0800] "GET /content/repository/resource_content.jsp?oid=4436772&queryType=qs&queryString=%E6%96%B0%E7%BE%85 HTTP/1.1" 200 29416
66.249.71.64 - - [27/Mar/2016:06:02:52 +0800] "GET /content/repository/resource_content.jsp?oid=1591658 HTTP/1.1" 200 29249
66.249.71.60 - - [27/Mar/2016:06:03:02 +0800] "GET /content/repository/resource_content.jsp?oid=1899592 HTTP/1.1" 200 30302
207.46.13.31 - - [27/Mar/2016:06:03:19 +0800] "GET /digiarch_en/content/repository/resource_content.jsp?oid=1591895&queryString=%E6%96%87%E5%8C%96%E4%B8%AD%E5%BF%83 HTTP/1.1" 200 36865
66.249.71.5 - - [27/Mar/2016:06:04:21 +0800] "GET /digiarch3/content/subject/resource_content.jsp?oid=16777769&queryType=qc HTTP/1.1" 200 41383
66.249.71.64 - - [27/Mar/2016:06:04:54 +0800] "GET /content/nav/relationSubject.jsp?relationWords=%E5%96%9C%E6%99%AE%E9%9E%8B%E8%98%AD+%E5%96%9C%E6%99%AE%E9%9E%8B%E8%98%AD%E5%B1%AC+&oid=2144054 HTTP/1.1" 200 3203
66.249.71.64 - - [27/Mar/2016:06:04:56 +0800] "GET /content/nav/relationSubject.jsp?relationWords=%E5%96%9C%E6%99%AE%E9%9E%8B%E8%98%AD%20%E5%96%9C%E6%99%AE%E9%9E%8B%E8%98%AD%E5%B1%AC%20&oid=2144054 HTTP/1.1" 200 3203
61.135.248.178 - - [27/Mar/2016:06:04:58 +0800] "GET /content/subject/resource_content.jsp?oid=16777282&queryType=qc HTTP/1.1" 200 28947
66.249.71.64 - - [27/Mar/2016:06:05:49 +0800] "GET /content/repository/resource_content.jsp?oid=3808597&queryString=%E5%B7%A6%E9%8C%90%E8%9E%BA%20%E5%B7%A6%E9%8C%90%E8%9E%BA%E7%A7%91%20%E8%85%B9%E8%B6%B3%E7%B6%B1 HTTP/1.1" 200 31536
61.135.248.178 - - [27/Mar/2016:06:06:42 +0800] "GET /content/subject/resource_content.jsp?oid=16777352&queryType=qc HTTP/1.1" 200 28007
61.135.248.178 - - [27/Mar/2016:06:07:06 +0800] "GET /content/subject/resource_content.jsp?oid=16777401&queryType=qc HTTP/1.1" 200 28840
66.249.71.64 - - [27/Mar/2016:06:07:18 +0800] "GET /content/subject/resource_content.jsp?oid=16777745&queryType=qc HTTP/1.1" 200 35935
66.249.71.60 - - [27/Mar/2016:06:07:25 +0800] "GET /digiarch_en/content/nav/relationSubject.jsp?relationWords=%E7%83%8F%E9%A0%82%E8%9D%B4%E8%9D%B6%E9%AD%9A+%E8%9D%B4%E8%9D%B6%E9%AD%9A+%E8%9D%B4%E8%9D%B6%E9%AD%9A%E7%A7%91+&oid=15494 HTTP/1.1" 200 3482
61.135.248.178 - - [27/Mar/2016:06:07:58 +0800] "GET /digiarch_en/content/subject/resource_content.jsp?oid=16777513&queryType=qc HTTP/1.1" 200 22885
66.249.71.60 - - [27/Mar/2016:06:08:08 +0800] "GET /content/nav/relationSubject.jsp?relationWords=%E5%89%9D%E7%9A%AE%E9%AD%9A+%E5%96%AE%E6%A3%98%E9%AD%A8%E7%A7%91+%E7%B5%A8%E9%B1%97%E5%89%AF%E5%96%AE%E6%A3%98%E9%AD%A8+%E9%B1%97%E9%AD%A8+&oid=4353942 HTTP/1.1" 200 3561
66.249.71.60 - - [27/Mar/2016:06:08:10 +0800] "GET /content/nav/relationSubject.jsp?relationWords=%E5%89%9D%E7%9A%AE%E9%AD%9A%20%E5%96%AE%E6%A3%98%E9%AD%A8%E7%A7%91%20%E7%B5%A8%E9%B1%97%E5%89%AF%E5%96%AE%E6%A3%98%E9%AD%A8%20%E9%B1%97%E9%AD%A8%20&oid=4353942 HTTP/1.1" 200 3561
66.249.77.85 - - [27/Mar/2016:06:08:24 +0800] "GET /content/repository/resource_content.jsp?oid=14669&queryString=%E5%AD%B8%E4%BB%94%20%E5%AF%AC%E5%B0%BE%E9%B6%B4%E9%B1%B5%20%E7%99%BD%E5%A4%A9%E9%9D%92%E6%97%97%20%E9%87%9D%E9%AD%9A%20%E9%9D%92%E6%97%97%20%E9%B6%B4%E9%B1%B5%E7%A7%91 HTTP/1.1" 200 36617
66.249.71.60 - - [27/Mar/2016:06:08:35 +0800] "GET /content/nav/relationSubject.jsp?relationWords=%E4%B9%9D%E7%AF%80%E6%9C%A8+%E4%B9%9D%E7%AF%80%E6%9C%A8%E5%B1%AC+%E6%A4%8D%E7%89%A9%E7%95%8C+%E7%89%9B%E5%B1%8E%E7%83%8F+%E8%8C%9C%E8%8D%89+%E8%8C%9C%E8%8D%89%E7%A7%91+%E9%9D%92%E9%BE%8D%E5%90%90%E9%9C%A7+&oid=2142977 HTTP/1.1" 200 3540
66.249.71.60 - - [27/Mar/2016:06:08:36 +0800] "GET /content/nav/relationSubject.jsp?relationWords=%E4%B9%9D%E7%AF%80%E6%9C%A8%20%E4%B9%9D%E7%AF%80%E6%9C%A8%E5%B1%AC%20%E6%A4%8D%E7%89%A9%E7%95%8C%20%E7%89%9B%E5%B1%8E%E7%83%8F%20%E8%8C%9C%E8%8D%89%20%E8%8C%9C%E8%8D%89%E7%A7%91%20%E9%9D%92%E9%BE%8D%E5%90%90%E9%9C%A7%20&oid=2142977 HTTP/1.1" 200 3540
66.249.77.91 - - [27/Mar/2016:06:08:47 +0800] "GET /content/repository/resource_content.jsp?oid=2671973&queryType=qs&queryString=%E5%80%AD%E4%BB%81 HTTP/1.1" 200 30101
66.249.71.105 - - [27/Mar/2016:06:09:20 +0800] "GET /content/nav/relationSubject.jsp?relationWords=%E5%8A%89%E7%82%B3+%E5%8A%89%E9%82%A6+%E5%8A%89%E9%82%A6%E5%8F%8B+%E7%B0%A1%E9%8C%A6%E7%9B%8A+%E8%98%87%E8%B2%9E%E6%98%8C+%E9%87%91%E5%BE%B7+%E9%99%B3%E9%87%91+&oid=1890697 HTTP/1.1" 200 3413
66.249.71.121 - - [27/Mar/2016:06:09:21 +0800] "GET /content/nav/relationSubject.jsp?relationWords=%E5%8A%89%E7%82%B3%20%E5%8A%89%E9%82%A6%20%E5%8A%89%E9%82%A6%E5%8F%8B%20%E7%B0%A1%E9%8C%A6%E7%9B%8A%20%E8%98%87%E8%B2%9E%E6%98%8C%20%E9%87%91%E5%BE%B7%20%E9%99%B3%E9%87%91%20&oid=1890697 HTTP/1.1" 200 3413
66.249.71.60 - - [27/Mar/2016:06:10:00 +0800] "GET /content/nav/relationSubject.jsp?relationWords=%E5%80%89%E5%84%B2+%E5%85%AC%E7%AB%8B%E9%86%AB%E9%99%A2+%E5%88%A9%E6%BD%A4+%E5%9C%8D%E6%A8%99+%E5%9C%B0%E5%83%B9%E7%A8%85+%E5%AF%A9%E8%A8%88+%E5%AF%A9%E8%A8%88%E6%A9%9F%E9%97%9C+%E6%88%90%E5%88%86%E7%8D%8E+%E6%88%B6%E7%A8%85+%E6%88%BF%E6%8D%90+%E6%89%80%E5%BE%97%E7%A8%85+%E6%B0%91%E7%87%9F%E4%BC%81%E6%A5%AD+%E7%87%9F%E5%88%A9%E4%BA%8B%E6%A5%AD+%E7%A8%85%E5%8B%99+%E7%A8%85%E6%8D%90+%E7%BD%B0%E9%8D%B0+%E8%A1%8C%E6%94%BF%E8%99%95%E5%88%86+%E8%B3%AA%E8%A9%A2+%E8%B3%B4%E6%A3%AE%E6%9E%97+%E9%83%AD%E7%9F%B3%E9%A0%AD+%E9%90%B5%E8%B7%AF%E5%B1%80+&oid=1548322 HTTP/1.1" 200 5220
66.249.71.60 - - [27/Mar/2016:06:10:02 +0800] "GET /content/nav/relationSubject.jsp?relationWords=%E5%80%89%E5%84%B2%20%E5%85%AC%E7%AB%8B%E9%86%AB%E9%99%A2%20%E5%88%A9%E6%BD%A4%20%E5%9C%8D%E6%A8%99%20%E5%9C%B0%E5%83%B9%E7%A8%85%20%E5%AF%A9%E8%A8%88%20%E5%AF%A9%E8%A8%88%E6%A9%9F%E9%97%9C%20%E6%88%90%E5%88%86%E7%8D%8E%20%E6%88%B6%E7%A8%85%20%E6%88%BF%E6%8D%90%20%E6%89%80%E5%BE%97%E7%A8%85%20%E6%B0%91%E7%87%9F%E4%BC%81%E6%A5%AD%20%E7%87%9F%E5%88%A9%E4%BA%8B%E6%A5%AD%20%E7%A8%85%E5%8B%99%20%E7%A8%85%E6%8D%90%20%E7%BD%B0%E9%8D%B0%20%E8%A1%8C%E6%94%BF%E8%99%95%E5%88%86%20%E8%B3%AA%E8%A9%A2%20%E8%B3%B4%E6%A3%AE%E6%9E%97%20%E9%83%AD%E7%9F%B3%E9%A0%AD%20%E9%90%B5%E8%B7%AF%E5%B1%80%20&oid=1548322 HTTP/1.1" 200 5220
66.249.77.91 - - [27/Mar/2016:06:10:16 +0800] "GET /content/subject/resource_content.jsp?oid=16777736&queryString=%E5%BF%97%E4%BD%B3%E9%99%BD%E6%9D%9C%E9%B5%91%20%E6%9D%9C%E9%B5%91%20%E6%9D%9C%E9%B5%91%E8%8A%B1%20%E7%99%BD%E7%90%89%E7%90%83%E6%9D%9C%E9%B5%91%20%E8%91%97%E7%94%9F%E6%9D%9C%E9%B5%91 HTTP/1.1" 200 43303
61.135.248.178 - - [27/Mar/2016:06:10:17 +0800] "GET /content/subject/resource_content.jsp?oid=16777469&queryType=qc HTTP/1.1" 200 31173
66.249.71.5 - - [27/Mar/2016:06:10:38 +0800] "GET /digiarch3/content/nav/relationSubject.jsp?relationWords=%E8%B1%AC%E9%BD%92%E9%AD%9A+%E9%82%B5%E6%B0%8F+%E9%82%B5%E6%B0%8F%E8%B1%AC%E9%BD%92%E9%AD%9A+%E9%9A%86%E9%A0%AD%E9%AD%9A+%E9%9A%86%E9%A0%AD%E9%AD%9A%E7%A7%91+&oid=3110966 HTTP/1.1" 200 3667
66.249.71.5 - - [27/Mar/2016:06:10:40 +0800] "GET /digiarch3/content/nav/relationSubject.jsp?relationWords=%E8%B1%AC%E9%BD%92%E9%AD%9A%20%E9%82%B5%E6%B0%8F%20%E9%82%B5%E6%B0%8F%E8%B1%AC%E9%BD%92%E9%AD%9A%20%E9%9A%86%E9%A0%AD%E9%AD%9A%20%E9%9A%86%E9%A0%AD%E9%AD%9A%E7%A7%91%20&oid=3110966 HTTP/1.1" 200 3667
182.234.134.35 - - [27/Mar/2016:06:10:51 +0800] "GET /content/subject/resource_content.jsp?oid=16797340&queryType=qc HTTP/1.1" 200 63037
66.249.71.60 - - [27/Mar/2016:06:10:52 +0800] "GET /content/nav/relationSubject.jsp?relationWords=%E5%B0%8A%E9%BC%8E%20%E6%B0%B8%E5%AF%B6%20%E7%9A%87%E8%80%83%20%E9%AC%B2%E6%94%B8%E6%AF%94%E9%BC%8E%20&oid=3041191 HTTP/1.1" 200 3270
182.234.134.35 - - [27/Mar/2016:06:10:53 +0800] "GET /content/nav/relationSubject.jsp?relationWords=%E5%8A%89%E5%85%B6%E5%81%89+&oid=16797340 HTTP/1.1" 200 1415
61.135.248.178 - - [27/Mar/2016:06:10:57 +0800] "GET /content/subject/resource_content.jsp?oid=16777297&queryType=qc HTTP/1.1" 200 31755
66.249.71.60 - - [27/Mar/2016:06:11:02 +0800] "GET /content/nav/relationSubject.jsp?relationWords=API%20%E5%8F%B0%E7%81%A3%E5%B1%B1%E8%96%B0%E9%A6%99%20%E5%B1%B1%E8%96%B0%E9%A6%99%20%E5%B1%B1%E8%96%B0%E9%A6%99%E5%B1%AC%20%E6%A4%8D%E7%89%A9%E7%95%8C%20%E7%B9%96%E5%BD%A2%E7%A7%91%20%E9%9B%99%E5%AD%90%E8%91%89%20%E9%9B%99%E5%AD%90%E8%91%89%E6%A4%8D%E7%89%A9%20&oid=3814114 HTTP/1.1" 200 3553
66.249.77.85 - - [27/Mar/2016:06:11:04 +0800] "GET /content/subject/resource_content.jsp?oid=16777434&queryType=qs&queryString=%E6%B4%BB%E5%8C%96%E7%9F%B3 HTTP/1.1" 200 31584
180.76.15.150 - - [27/Mar/2016:06:12:14 +0800] "GET /content/repository/resource_content.jsp?oid=4354005&queryString=%E6%B5%B7%E9%AD%B4%20%E9%AF%9B%E7%A7%91 HTTP/1.1" 200 33527
66.249.77.85 - - [27/Mar/2016:06:12:44 +0800] "GET /content/nav/relationSubject.jsp?relationWords=%E5%91%88%E6%8E%A7+%E5%A0%82%E9%82%91%E7%B8%A3+&oid=2665718 HTTP/1.1" 200 3139
66.249.77.85 - - [27/Mar/2016:06:12:45 +0800] "GET /content/nav/relationSubject.jsp?relationWords=%E5%91%88%E6%8E%A7%20%E5%A0%82%E9%82%91%E7%B8%A3%20&oid=2665718 HTTP/1.1" 200 3139
66.249.77.85 - - [27/Mar/2016:06:13:14 +0800] "GET /content/repository/resource_content.jsp?oid=4353021&queryString=%E6%9B%B3%E7%B5%B2%20%E6%9B%B3%E7%B5%B2%E9%B0%8F HTTP/1.1" 200 34442
66.249.71.60 - - [27/Mar/2016:06:13:44 +0800] "GET /content/repository/resource_content.jsp?oid=1543997&queryString=%E6%9D%8E%E6%BF%9F%20%E6%A2%81%E6%80%9D%E6%B0%B8%20%E6%AE%B7%E5%A2%9F%20%E7%9B%9C%E5%A2%93%20%E8%91%A3%E4%BD%9C%E8%B3%93 HTTP/1.1" 200 28950
66.249.71.64 - - [27/Mar/2016:06:14:06 +0800] "GET /content/nav/relationSubject.jsp?relationWords=%E5%8D%97%E8%8F%AF%E8%96%AF%E8%95%B7%20%E6%A4%8D%E7%89%A9%E7%95%8C%20%E8%96%AF%E8%95%B7%E5%B1%AC%20%E8%96%AF%E8%95%B7%E7%A7%91%20&oid=1457682 HTTP/1.1" 200 3284
66.249.74.100 - - [27/Mar/2016:06:14:44 +0800] "GET /content/subject/resource_content.jsp?oid=16777304&queryType=qs&queryString=%E6%98%A5%E5%A4%A9 HTTP/1.1" 200 37305
66.249.77.97 - - [27/Mar/2016:06:16:12 +0800] "GET /content/subject/resource_content.jsp?oid=16777361&queryType=qc HTTP/1.1" 200 31904
66.249.71.23 - - [27/Mar/2016:06:16:20 +0800] "GET /digiarch3/content/nav/relationSubject.jsp?relationWords=%E6%9D%BE%E6%AF%AC%E9%AD%9A%20&oid=14723 HTTP/1.1" 200 3072
66.249.71.121 - - [27/Mar/2016:06:16:38 +0800] "GET /content/nav/relationSubject.jsp?relationWords=%E5%85%AD%E5%BA%9C+%E6%B0%B4%E5%9C%9F%E4%BF%9D%E6%8C%81+%E8%BE%B2%E5%B1%B1+%E9%B3%B3%E5%B1%B1%E6%BA%AA+&oid=1569872 HTTP/1.1" 200 3802
66.249.74.61 - - [27/Mar/2016:06:16:40 +0800] "GET /content/nav/relationSubject.jsp?relationWords=%E5%85%AD%E5%BA%9C%20%E6%B0%B4%E5%9C%9F%E4%BF%9D%E6%8C%81%20%E8%BE%B2%E5%B1%B1%20%E9%B3%B3%E5%B1%B1%E6%BA%AA%20&oid=1569872 HTTP/1.1" 200 3802
66.249.71.60 - - [27/Mar/2016:06:16:41 +0800] "GET /digiarch_en/content/nav/relationSubject.jsp?relationWords=&oid=16777652 HTTP/1.1" 200 1399
66.249.71.5 - - [27/Mar/2016:06:16:51 +0800] "GET /content/nav/relationSubject.jsp?relationWords=%E9%87%91%E9%8C%A2%E4%BB%94+%E9%95%B7%E6%A3%98+&oid=15274 HTTP/1.1" 200 3354
66.249.71.14 - - [27/Mar/2016:06:16:53 +0800] "GET /content/nav/relationSubject.jsp?relationWords=%E9%87%91%E9%8C%A2%E4%BB%94%20%E9%95%B7%E6%A3%98%20&oid=15274 HTTP/1.1" 200 3354
66.249.71.5 - - [27/Mar/2016:06:16:59 +0800] "GET /content/nav/relationSubject.jsp?relationWords=%E9%99%9D%E7%9C%81+&oid=2687628 HTTP/1.1" 200 3090
66.249.71.5 - - [27/Mar/2016:06:17:00 +0800] "GET /content/nav/relationSubject.jsp?relationWords=%E9%99%9D%E7%9C%81%20&oid=2687628 HTTP/1.1" 200 3090
66.249.74.100 - - [27/Mar/2016:06:17:41 +0800] "GET /content/repository/resource_content.jsp?oid=16475&queryString=%E6%9D%BF%E6%A9%9F%E9%AD%A8%20%E9%B1%97%E9%AD%A8%E7%A7%91%20%E9%BB%91%E5%B8%B6%E9%BB%83%E9%B1%97%E9%AD%A8 HTTP/1.1" 200 35044
66.249.71.5 - - [27/Mar/2016:06:18:11 +0800] "GET /content/nav/relationSubject.jsp?relationWords=%E7%A3%A8%E8%A3%BD%E7%9F%B3%E7%9F%9B+&oid=4411381 HTTP/1.1" 200 3015
66.249.71.5 - - [27/Mar/2016:06:18:12 +0800] "GET /content/nav/relationSubject.jsp?relationWords=%E7%A3%A8%E8%A3%BD%E7%9F%B3%E7%9F%9B%20&oid=4411381 HTTP/1.1" 200 3015
66.249.71.60 - - [27/Mar/2016:06:18:21 +0800] "GET /content/nav/relationSubject.jsp?relationWords=%E5%8F%A4%E7%B1%8D+%E6%BC%A2%E7%B1%8D+&oid=16777812 HTTP/1.1" 200 2651
66.249.71.60 - - [27/Mar/2016:06:18:27 +0800] "GET /content/nav/relationSubject.jsp?relationWords=%E5%9B%9B%E5%BA%9C+%E5%BB%BA%E6%9D%90+%E7%89%A9%E8%B3%87%E5%B1%80+&oid=1580060 HTTP/1.1" 200 3389
180.76.15.32 - - [27/Mar/2016:06:18:29 +0800] "GET /content/repository/resource_content.jsp?oid=1636938&queryString=%E4%B8%AD%E8%85%B9%E8%B6%B3%E7%9B%AE%20%E5%8F%B0%E7%81%A3%E5%A4%A7%E5%B1%B1%E8%9D%B8%E7%89%9B%20%E5%B1%B1%E8%9D%B8%E7%89%9B%E7%A7%91%20%E8%85%B9%E8%B6%B3%E7%B6%B1 HTTP/1.1" 200 33037
66.249.71.60 - - [27/Mar/2016:06:18:33 +0800] "GET /content/nav/relationSubject.jsp?relationWords=%E5%9B%9B%E5%BA%9C%20%E5%BB%BA%E6%9D%90%20%E7%89%A9%E8%B3%87%E5%B1%80%20&oid=1580060 HTTP/1.1" 200 3389
220.181.108.119 - - [27/Mar/2016:06:19:00 +0800] "GET /content/repository/resource_content.jsp?oid=1828305 HTTP/1.1" 200 28771
66.249.71.60 - - [27/Mar/2016:06:19:09 +0800] "GET /content/subject/resource_content.jsp?oid=16777349&queryType=qs&queryString=%E5%86%AC%E5%A4%A9 HTTP/1.1" 200 36807
66.249.77.91 - - [27/Mar/2016:06:20:32 +0800] "GET /content/nav/relationSubject.jsp?relationWords=%E5%88%91%E9%83%A8%20&oid=2678002 HTTP/1.1" 200 3095
66.249.71.60 - - [27/Mar/2016:06:20:38 +0800] "GET /content/repository/resource_content.jsp?oid=218598 HTTP/1.1" 200 30729
66.249.74.98 - - [27/Mar/2016:06:20:49 +0800] "GET /content/nav/relationSubject.jsp?relationWords=%E5%9C%B0%E8%99%9F+%E6%89%80%E6%9C%89%E6%AC%8A+%E6%89%80%E6%9C%89%E6%AC%8A%E4%BA%BA+%E6%9F%B3%E7%87%9F+%E7%81%A3%E7%9C%81%E6%94%BF%E5%BA%9C+%E7%95%AA%E5%AD%90%E7%94%B0+%E7%95%B8%E9%9B%B6%E5%9C%B0+%E7%9C%81%E6%94%BF%E5%BA%9C+%E7%B8%A3%E6%94%BF%E5%BA%9C+%E8%87%BA%E5%8D%97%E7%B8%A3+%E8%87%BA%E5%8D%97%E7%B8%A3%E6%94%BF%E5%BA%9C+%E8%87%BA%E7%81%A3%E7%9C%81+%E8%87%BA%E7%81%A3%E7%9C%81%E6%94%BF%E5%BA%9C+&oid=1898670 HTTP/1.1" 200 5117
66.249.71.60 - - [27/Mar/2016:06:20:51 +0800] "GET /content/nav/relationSubject.jsp?relationWords=%E5%9C%B0%E8%99%9F%20%E6%89%80%E6%9C%89%E6%AC%8A%20%E6%89%80%E6%9C%89%E6%AC%8A%E4%BA%BA%20%E6%9F%B3%E7%87%9F%20%E7%81%A3%E7%9C%81%E6%94%BF%E5%BA%9C%20%E7%95%AA%E5%AD%90%E7%94%B0%20%E7%95%B8%E9%9B%B6%E5%9C%B0%20%E7%9C%81%E6%94%BF%E5%BA%9C%20%E7%B8%A3%E6%94%BF%E5%BA%9C%20%E8%87%BA%E5%8D%97%E7%B8%A3%20%E8%87%BA%E5%8D%97%E7%B8%A3%E6%94%BF%E5%BA%9C%20%E8%87%BA%E7%81%A3%E7%9C%81%20%E8%87%BA%E7%81%A3%E7%9C%81%E6%94%BF%E5%BA%9C%20&oid=1898670 HTTP/1.1" 200 5117
66.249.71.60 - - [27/Mar/2016:06:21:47 +0800] "GET /content/repository/resource_content.jsp?oid=1543633&queryString=%E6%9D%8E%E6%BF%9F%20%E6%A2%81%E6%80%9D%E6%B0%B8%20%E6%AE%B7%E5%A2%9F%20%E7%9B%9C%E5%A2%93%20%E8%91%A3%E4%BD%9C%E8%B3%93 HTTP/1.1" 200 32340
66.249.71.60 - - [27/Mar/2016:06:22:07 +0800] "GET /content/subject/resource_content.jsp?oid=16777386&queryType=qs&queryString=%E5%88%86%E9%A1%9E%E5%AD%B8 HTTP/1.1" 200 38737
61.135.248.178 - - [27/Mar/2016:06:22:13 +0800] "GET /content/subject/resource_content.jsp?oid=16777448&queryType=qc HTTP/1.1" 200 34534
66.249.74.61 - - [27/Mar/2016:06:22:57 +0800] "GET /content/nav/relationSubject.jsp?relationWords=%E5%88%91%E9%83%A8+&oid=2516380 HTTP/1.1" 200 3095
66.249.71.105 - - [27/Mar/2016:06:22:59 +0800] "GET /content/nav/relationSubject.jsp?relationWords=%E5%88%91%E9%83%A8%20&oid=2516380 HTTP/1.1" 200 3095
39.13.12.65 - - [27/Mar/2016:06:23:07 +0800] "GET /content/repository/resource_content.jsp?oid=16261&queryString=%E5%9C%93%E6%B5%B7%E7%87%95%20%E5%9C%93%E7%9C%BC%E7%87%95%E9%AD%9A%20%E7%87%95%E9%AD%9A%20%E7%99%BD%E9%AF%A7%E7%A7%91%20%E9%AF%A7%E4%BB%94 HTTP/1.1" 200 34121
39.13.12.65 - - [27/Mar/2016:06:23:08 +0800] "GET /content/nav/relationSubject.jsp?relationWords=%E5%9C%93%E7%99%BD%E9%AF%A7+%E7%99%BD%E9%AF%A7+%E7%99%BD%E9%AF%A7%E7%A7%91+%E9%AF%A7%E4%BB%94+&oid=16261 HTTP/1.1" 200 4266
66.249.79.24 - - [27/Mar/2016:06:23:37 +0800] "GET /content/subject/resource_content.jsp?oid=16777728&queryType=qs&queryString=%E6%9C%88%E4%B8%96%E7%95%8C HTTP/1.1" 200 65151
66.249.71.72 - - [27/Mar/2016:06:24:27 +0800] "GET /content/repository/resource_content.jsp?oid=1543702&queryString=%E6%9D%8E%E6%BF%9F%20%E6%A2%81%E6%80%9D%E6%B0%B8%20%E6%AE%B7%E5%A2%9F%20%E7%9B%9C%E5%A2%93%20%E8%91%A3%E4%BD%9C%E8%B3%93 HTTP/1.1" 200 28759
66.249.71.60 - - [27/Mar/2016:06:24:30 +0800] "GET /content/nav/relationSubject.jsp?relationWords=%E5%A5%88%E6%B0%8F%E9%B1%88+%E9%BC%A0%E5%B0%BE%E9%B1%88%E7%A7%91+&oid=1772846 HTTP/1.1" 200 3196
66.249.71.64 - - [27/Mar/2016:06:24:33 +0800] "GET /content/nav/relationSubject.jsp?relationWords=%E5%A5%88%E6%B0%8F%E9%B1%88%20%E9%BC%A0%E5%B0%BE%E9%B1%88%E7%A7%91%20&oid=1772846 HTTP/1.1" 200 3196
61.135.248.178 - - [27/Mar/2016:06:24:49 +0800] "GET /content/subject/resource_content.jsp?oid=16797254&queryType=qc HTTP/1.1" 200 53252
66.249.74.98 - - [27/Mar/2016:06:25:06 +0800] "GET /content/tmp_exh/resource_content.jsp?oid=16777802&queryString= HTTP/1.1" 200 28944
66.249.74.59 - - [27/Mar/2016:06:25:06 +0800] "GET /content/nav/relationSubject.jsp?relationWords=%E5%80%89%E5%A0%B4+%E7%B3%A7%E6%96%9B+&oid=2516874 HTTP/1.1" 200 4034
66.249.71.60 - - [27/Mar/2016:06:26:34 +0800] "GET /content/repository/resource_content.jsp?oid=1547757&queryString=%E7%95%A2%E6%A5%AD%E7%94%9F HTTP/1.1" 200 29318
157.55.12.74 - - [27/Mar/2016:06:26:43 +0800] "GET /content/nav/relationSubject.jsp?relationWords=%E7%A9%97%E8%8A%B1%E5%B1%B1%E5%A5%88+%E9%87%8E%E8%96%91%E8%8A%B1+&oid=16777263 HTTP/1.1" 200 3284
66.249.77.97 - - [27/Mar/2016:06:26:45 +0800] "GET /content/nav/relationSubject.jsp?relationWords=%E5%9B%9B%E9%BD%92+%E7%A4%AB%E4%BB%94+%E8%91%89%E9%AF%9B+%E9%88%8D%E5%90%BB%E8%91%89%E9%AF%9B+%E9%88%8D%E9%A0%AD+%E9%88%8D%E9%A0%AD%E8%91%89%E9%AF%9B+%E9%88%8D%E9%A0%AD%E9%8C%A6%E9%AD%9A+%E9%9A%86%E9%A0%AD%E9%AD%9A+%E9%9A%86%E9%A0%AD%E9%AD%9A%E7%A7%91+%E9%9D%92%E9%96%8B%E5%8F%89+&oid=15819 HTTP/1.1" 200 3972
66.249.77.97 - - [27/Mar/2016:06:26:47 +0800] "GET /content/nav/relationSubject.jsp?relationWords=%E5%9B%9B%E9%BD%92%20%E7%A4%AB%E4%BB%94%20%E8%91%89%E9%AF%9B%20%E9%88%8D%E5%90%BB%E8%91%89%E9%AF%9B%20%E9%88%8D%E9%A0%AD%20%E9%88%8D%E9%A0%AD%E8%91%89%E9%AF%9B%20%E9%88%8D%E9%A0%AD%E9%8C%A6%E9%AD%9A%20%E9%9A%86%E9%A0%AD%E9%AD%9A%20%E9%9A%86%E9%A0%AD%E9%AD%9A%E7%A7%91%20%E9%9D%92%E9%96%8B%E5%8F%89%20&oid=15819 HTTP/1.1" 200 3972
66.249.71.60 - - [27/Mar/2016:06:27:23 +0800] "GET /content/repository/resource_content.jsp?oid=2150005 HTTP/1.1" 200 31210
66.249.71.5 - - [27/Mar/2016:06:27:36 +0800] "GET /content/nav/relationSubject.jsp?relationWords=%E5%B7%A5%E4%BD%9C%E6%A1%88+%E7%95%A2%E6%A5%AD%E7%94%9F+%E8%81%B7%E6%A5%AD%E5%AD%B8%E6%A0%A1+&oid=1546804 HTTP/1.1" 200 3635
66.249.71.5 - - [27/Mar/2016:06:27:40 +0800] "GET /content/nav/relationSubject.jsp?relationWords=%E5%B7%A5%E4%BD%9C%E6%A1%88%20%E7%95%A2%E6%A5%AD%E7%94%9F%20%E8%81%B7%E6%A5%AD%E5%AD%B8%E6%A0%A1%20&oid=1546804 HTTP/1.1" 200 3635
66.249.79.27 - - [27/Mar/2016:06:28:03 +0800] "GET /content/repository/resource_content.jsp?oid=1436243&queryString=%E5%B8%86%E9%B0%AD%E9%AD%B4 HTTP/1.1" 200 31046
66.249.71.5 - - [27/Mar/2016:06:28:28 +0800] "GET /content/nav/relationSubject.jsp?relationWords=%E4%BB%A4%E7%89%8C+&oid=4363404 HTTP/1.1" 200 3050
66.249.74.72 - - [27/Mar/2016:06:28:30 +0800] "GET /content/nav/relationSubject.jsp?relationWords=%E4%BB%A4%E7%89%8C%20&oid=4363404 HTTP/1.1" 200 3050
66.249.71.60 - - [27/Mar/2016:06:29:31 +0800] "GET /content/tmp_exh/resource_content.jsp?oid=16777824&queryType=qc%201890 HTTP/1.1" 200 40038
66.249.71.60 - - [27/Mar/2016:06:29:44 +0800] "GET /content/nav/relationSubject.jsp?relationWords=%E5%85%AC%E8%B7%AF%E5%B1%80+%E7%94%A2%E6%AC%8A+%E7%BE%85%E6%9D%B1%E9%8E%AE+%E8%87%BA%E7%81%A3%E7%9C%81%E6%94%BF%E5%BA%9C+&oid=1531796 HTTP/1.1" 200 4508
66.249.71.60 - - [27/Mar/2016:06:29:45 +0800] "GET /content/nav/relationSubject.jsp?relationWords=%E5%85%AC%E8%B7%AF%E5%B1%80%20%E7%94%A2%E6%AC%8A%20%E7%BE%85%E6%9D%B1%E9%8E%AE%20%E8%87%BA%E7%81%A3%E7%9C%81%E6%94%BF%E5%BA%9C%20&oid=1531796 HTTP/1.1" 200 4508
66.249.71.60 - - [27/Mar/2016:06:30:30 +0800] "GET /content/nav/relationSubject.jsp?relationWords=%E8%BB%9F%E9%A0%AD%E6%A2%9D%E9%B1%88+%E8%BB%9F%E9%A6%96%E9%B1%88+%E9%BC%A0%E5%B0%BE%E9%B1%88%E7%A7%91+&oid=4352061 HTTP/1.1" 200 3176
66.249.71.60 - - [27/Mar/2016:06:30:32 +0800] "GET /content/nav/relationSubject.jsp?relationWords=%E8%BB%9F%E9%A0%AD%E6%A2%9D%E9%B1%88%20%E8%BB%9F%E9%A6%96%E9%B1%88%20%E9%BC%A0%E5%B0%BE%E9%B1%88%E7%A7%91%20&oid=4352061 HTTP/1.1" 200 3176
65.55.210.92 - - [27/Mar/2016:06:30:34 +0800] "GET /content/nav/relationSubject.jsp?relationWords=%E7%B4%85%E6%A5%A0+%E8%B1%AC%E8%85%B3%E6%A5%A0+&oid=16777302 HTTP/1.1" 200 3693
66.249.71.5 - - [27/Mar/2016:06:30:51 +0800] "GET /content/nav/relationSubject.jsp?relationWords=%E6%9D%B5%E8%87%BC+&oid=4358673 HTTP/1.1" 200 2954
66.249.71.5 - - [27/Mar/2016:06:30:52 +0800] "GET /content/nav/relationSubject.jsp?relationWords=%E6%9D%B5%E8%87%BC%20&oid=4358673 HTTP/1.1" 200 2954
66.249.77.85 - - [27/Mar/2016:06:31:01 +0800] "GET /content/subject/resource_content.jsp?oid=16777473&queryType=qs&queryString=%E6%9E%97%E7%8D%BB%E5%A0%82 HTTP/1.1" 200 31604
66.249.71.60 - - [27/Mar/2016:06:32:03 +0800] "GET /content/nav/relationSubject.jsp?relationWords=%E7%9F%B3%E5%8C%95%20&oid=1849451 HTTP/1.1" 200 2963
66.249.77.91 - - [27/Mar/2016:06:32:29 +0800] "GET /content/repository/resource_content.jsp?oid=14970&queryString=%E8%82%A5%E7%9A%82%E9%AD%9A%20%E9%9B%99%E7%B7%9A%E5%B0%91%E5%AD%94%E7%B4%8B%E9%AF%9B%20%E9%AE%A8%E7%A7%91 HTTP/1.1" 200 34710
66.249.71.60 - - [27/Mar/2016:06:32:30 +0800] "GET /content/repository/resource_content.jsp?oid=2573935 HTTP/1.1" 200 28871
66.249.77.91 - - [27/Mar/2016:06:33:46 +0800] "GET /content/nav/relationSubject.jsp?relationWords=%E5%A4%A7%E7%94%B2%E5%85%AC%E5%AD%B8%E6%A0%A1+%E5%BF%97%E8%B3%80%E5%93%B2%E5%A4%AA%E9%83%8E+%E6%9D%9C%E9%A6%99%E5%9C%8B+&oid=1888228 HTTP/1.1" 200 3267
66.249.77.85 - - [27/Mar/2016:06:33:48 +0800] "GET /content/nav/relationSubject.jsp?relationWords=%E5%A4%A7%E7%94%B2%E5%85%AC%E5%AD%B8%E6%A0%A1%20%E5%BF%97%E8%B3%80%E5%93%B2%E5%A4%AA%E9%83%8E%20%E6%9D%9C%E9%A6%99%E5%9C%8B%20&oid=1888228 HTTP/1.1" 200 3267
66.249.71.60 - - [27/Mar/2016:06:33:58 +0800] "GET /content/repository/resource_content.jsp?oid=4365237 HTTP/1.1" 200 28351
66.249.74.98 - - [27/Mar/2016:06:34:31 +0800] "GET /content/nav/relationSubject.jsp?relationWords=%E7%88%B6%E4%B8%81%E8%A7%9A+&oid=1819606 HTTP/1.1" 200 3262
66.249.71.60 - - [27/Mar/2016:06:34:33 +0800] "GET /content/nav/relationSubject.jsp?relationWords=%E7%88%B6%E4%B8%81%E8%A7%9A%20&oid=1819606 HTTP/1.1" 200 3262
66.249.71.60 - - [27/Mar/2016:06:34:48 +0800] "GET /content/nav/relationSubject.jsp?relationWords=%E6%9C%9B%E6%B1%9F%E5%8D%97%20%E6%B1%BA%E6%98%8E%20%E6%B1%BA%E6%98%8E%E5%B1%AC%20%E7%BE%8A%E8%A7%92%E8%B1%86%20&oid=1462319 HTTP/1.1" 200 3378
66.249.71.5 - - [27/Mar/2016:06:34:59 +0800] "GET /digiarch3/content/nav/relationSubject.jsp?relationWords=%E7%9B%9B%E5%85%B7+&oid=1782033 HTTP/1.1" 200 2188
66.249.71.5 - - [27/Mar/2016:06:35:01 +0800] "GET /digiarch3/content/nav/relationSubject.jsp?relationWords=%E7%9B%9B%E5%85%B7%20&oid=1782033 HTTP/1.1" 200 2188
66.249.71.60 - - [27/Mar/2016:06:35:09 +0800] "GET /content/repository/resource_content.jsp?oid=1125982 HTTP/1.1" 200 29421
66.249.71.5 - - [27/Mar/2016:06:35:27 +0800] "GET /content/nav/relationSubject.jsp?relationWords=%E4%B8%AD%E7%87%9F%E4%BB%A4%E6%97%97+%E7%A5%AD%E5%84%80+%E8%A5%BF%E6%8B%89%E9%9B%85%E6%97%8F+&oid=1782869 HTTP/1.1" 200 4152
66.249.71.5 - - [27/Mar/2016:06:35:29 +0800] "GET /content/nav/relationSubject.jsp?relationWords=%E4%B8%AD%E7%87%9F%E4%BB%A4%E6%97%97%20%E7%A5%AD%E5%84%80%20%E8%A5%BF%E6%8B%89%E9%9B%85%E6%97%8F%20&oid=1782869 HTTP/1.1" 200 4152
66.249.71.5 - - [27/Mar/2016:06:36:56 +0800] "GET /digiarch3/content/subject/resource_content.jsp?oid=16777345&queryType=qc HTTP/1.1" 200 35062
66.249.71.60 - - [27/Mar/2016:06:37:01 +0800] "GET /content/nav/relationSubject.jsp?relationWords=%E5%BE%B7%E9%A6%A8+&oid=2549254 HTTP/1.1" 200 3026
66.249.74.98 - - [27/Mar/2016:06:37:03 +0800] "GET /content/nav/relationSubject.jsp?relationWords=%E5%BE%B7%E9%A6%A8%20&oid=2549254 HTTP/1.1" 200 3026
66.249.71.5 - - [27/Mar/2016:06:37:13 +0800] "GET /content/nav/relationSubject.jsp?relationWords=%E8%99%8E%E9%AD%9A+&oid=14896 HTTP/1.1" 200 3320
66.249.71.5 - - [27/Mar/2016:06:37:15 +0800] "GET /content/nav/relationSubject.jsp?relationWords=%E8%99%8E%E9%AD%9A%20&oid=14896 HTTP/1.1" 200 3320
66.249.71.5 - - [27/Mar/2016:06:37:50 +0800] "GET /digiarch3/content/repository/resource_content.jsp?oid=15422&queryString=%E7%B4%85%E5%B0%BE%E5%86%AC%E4%BB%94%20%E9%87%91%E7%B7%9A%E9%AD%9A%E7%A7%91%20%E9%9B%99%E5%B8%B6%E8%B5%A4%E5%B0%BE%E5%86%AC HTTP/1.1" 200 35414
66.249.79.30 - - [27/Mar/2016:06:38:26 +0800] "GET /content/repository/resource_content.jsp?oid=1896899&queryType=qs&queryString=%E5%B1%8F%E6%9D%B1%E7%B8%A3%E6%94%BF%E5%BA%9C HTTP/1.1" 200 29501
66.249.77.91 - - [27/Mar/2016:06:39:32 +0800] "GET /content/nav/relationSubject.jsp?relationWords=%E5%90%89%E9%83%8E+&oid=2672831 HTTP/1.1" 200 3055
66.249.77.85 - - [27/Mar/2016:06:39:34 +0800] "GET /content/nav/relationSubject.jsp?relationWords=%E5%90%89%E9%83%8E%20&oid=2672831 HTTP/1.1" 200 3055
66.249.71.60 - - [27/Mar/2016:06:39:36 +0800] "GET /content/nav/relationSubject.jsp?relationWords=%E5%AE%89%E5%85%A8%E6%A1%88+%E5%BA%9C%E5%BB%BA%E6%B0%B4+%E6%B0%B4%E5%AD%97+%E6%BE%8E%E6%B9%96%E7%B8%A3+%E7%99%BD%E6%B2%99%E9%84%89+%E8%AC%9B%E7%BE%8E+%E9%98%B2%E6%B3%A2%E5%A0%A4+&oid=1624897 HTTP/1.1" 200 4032
66.249.71.64 - - [27/Mar/2016:06:39:38 +0800] "GET /content/nav/relationSubject.jsp?relationWords=%E5%AE%89%E5%85%A8%E6%A1%88%20%E5%BA%9C%E5%BB%BA%E6%B0%B4%20%E6%B0%B4%E5%AD%97%20%E6%BE%8E%E6%B9%96%E7%B8%A3%20%E7%99%BD%E6%B2%99%E9%84%89%20%E8%AC%9B%E7%BE%8E%20%E9%98%B2%E6%B3%A2%E5%A0%A4%20&oid=1624897 HTTP/1.1" 200 4032
66.249.71.64 - - [27/Mar/2016:06:39:54 +0800] "GET /content/subject/resource_content.jsp?oid=16777518 HTTP/1.1" 200 27901
66.249.71.60 - - [27/Mar/2016:06:41:23 +0800] "GET /content/subject/resource_content.jsp?oid=16777268&queryString= HTTP/1.1" 200 42316
66.249.77.91 - - [27/Mar/2016:06:42:52 +0800] "GET /content/subject/resource_content.jsp?oid=16777630&queryType=qs&queryString=%E7%81%8C%E5%9C%92 HTTP/1.1" 200 65126
66.249.79.27 - - [27/Mar/2016:06:43:28 +0800] "GET /content/repository/resource_content.jsp?oid=1563368&queryString=%E8%93%AE%E8%88%AB%20%E8%A5%BF%E8%9E%BA%E8%A1%97%20%E8%AD%89%E5%88%B8 HTTP/1.1" 200 29966
66.249.77.85 - - [27/Mar/2016:06:44:20 +0800] "GET /content/subject/resource_content.jsp?oid=16777286&queryType=qc HTTP/1.1" 200 37905
66.249.71.60 - - [27/Mar/2016:06:45:02 +0800] "GET /content/nav/relationSubject.jsp?relationWords=%E6%A0%B9%E7%AF%80%E8%98%AD%E5%B1%AC+%E9%98%BF%E9%87%8C%E5%B1%B1%E6%A0%B9%E7%AF%80%E8%98%AD+&oid=2143390 HTTP/1.1" 200 3250
66.249.74.102 - - [27/Mar/2016:06:45:04 +0800] "GET /content/nav/relationSubject.jsp?relationWords=%E6%A0%B9%E7%AF%80%E8%98%AD%E5%B1%AC%20%E9%98%BF%E9%87%8C%E5%B1%B1%E6%A0%B9%E7%AF%80%E8%98%AD%20&oid=2143390 HTTP/1.1" 200 3250
66.249.71.72 - - [27/Mar/2016:06:45:21 +0800] "GET /content/nav/relationSubject.jsp?relationWords=%E6%B5%B7%E9%B5%AC+%E8%90%AC%E7%A6%8F%E9%BA%9F+%E8%AD%B7%E8%B7%AF%E8%BB%8D+&oid=688773 HTTP/1.1" 200 3433
66.249.71.60 - - [27/Mar/2016:06:45:22 +0800] "GET /content/nav/relationSubject.jsp?relationWords=%E6%B5%B7%E9%B5%AC%20%E8%90%AC%E7%A6%8F%E9%BA%9F%20%E8%AD%B7%E8%B7%AF%E8%BB%8D%20&oid=688773 HTTP/1.1" 200 3433
66.249.71.64 - - [27/Mar/2016:06:45:49 +0800] "GET /content/repository/resource_content.jsp?oid=15575&queryString=%E4%B8%89%E7%88%AA%E4%BB%94%20%E4%B8%89%E7%B7%9A%E9%9B%9E%E9%AD%9A%20%E7%9F%B3%E9%B1%B8%20%E9%9B%9E%E4%BB%94%E9%AD%9A%20%E9%9B%9E%E9%AD%9A%20%E9%BB%83%E9%9B%9E%20%E9%BB%83%E9%9B%9E%E4%BB%94 HTTP/1.1" 200 34632
66.249.77.85 - - [27/Mar/2016:06:45:52 +0800] "GET /content/subject/resource_content.jsp?oid=16777848&queryType=qs&queryString=%E8%A5%BF%E6%8B%89%E9%9B%85 HTTP/1.1" 200 41752
66.249.71.5 - - [27/Mar/2016:06:46:12 +0800] "GET /content/nav/relationSubject.jsp?relationWords=%E5%96%AE%E8%89%B2+%E5%B1%B1%E5%BD%AA%E9%8E%AE+&oid=199957 HTTP/1.1" 200 3232
66.249.71.5 - - [27/Mar/2016:06:46:14 +0800] "GET /content/nav/relationSubject.jsp?relationWords=%E5%96%AE%E8%89%B2%20%E5%B1%B1%E5%BD%AA%E9%8E%AE%20&oid=199957 HTTP/1.1" 200 3232
66.249.71.113 - - [27/Mar/2016:06:47:29 +0800] "GET /content/nav/relationSubject.jsp?relationWords=%E7%94%B7%E4%B8%8A%E8%A1%A3+%E9%9B%85%E7%BE%8E+%E9%9B%85%E7%BE%8E%E6%97%8F+&oid=1780988 HTTP/1.1" 200 3039
66.249.74.63 - - [27/Mar/2016:06:47:32 +0800] "GET /content/nav/relationSubject.jsp?relationWords=%E7%94%B7%E4%B8%8A%E8%A1%A3%20%E9%9B%85%E7%BE%8E%20%E9%9B%85%E7%BE%8E%E6%97%8F%20&oid=1780988 HTTP/1.1" 200 3039
66.249.71.5 - - [27/Mar/2016:06:47:51 +0800] "GET /digiarch3/content/nav/relationSubject.jsp?relationWords=%E7%9F%AD%E9%B0%AD+%E7%AC%9B%E9%AF%9B+%E7%AC%9B%E9%AF%9B%E7%A7%91+%E8%97%8D%E7%AC%9B%E9%AF%9B+%E9%AF%9B%E7%A7%91+&oid=4353052 HTTP/1.1" 200 3584
66.249.71.5 - - [27/Mar/2016:06:47:52 +0800] "GET /digiarch3/content/nav/relationSubject.jsp?relationWords=%E7%9F%AD%E9%B0%AD%20%E7%AC%9B%E9%AF%9B%20%E7%AC%9B%E9%AF%9B%E7%A7%91%20%E8%97%8D%E7%AC%9B%E9%AF%9B%20%E9%AF%9B%E7%A7%91%20&oid=4353052 HTTP/1.1" 200 3584
66.249.77.91 - - [27/Mar/2016:06:48:33 +0800] "GET /content/subject/resource_content.jsp?oid=16777804&queryType=qs&queryString=%E5%8D%97%E5%8C%97%E6%9C%9D HTTP/1.1" 200 29793
66.249.71.64 - - [27/Mar/2016:06:48:47 +0800] "GET /content/subject/resource_content.jsp?oid=16777811&queryType=qs&queryString=%E9%87%8D%E6%85%B6%E5%8D%97%E8%B7%AF HTTP/1.1" 200 31079
66.249.71.60 - - [27/Mar/2016:06:49:06 +0800] "GET /content/nav/relationSubject.jsp?relationWords=%E4%B8%AD%E5%A4%AE%E9%8A%80%E8%A1%8C+%E4%B8%AD%E5%B0%8F%E4%BC%81%E6%A5%AD+%E4%BF%A1%E7%94%A8%E8%B2%B8%E6%AC%BE+%E5%85%AC%E5%8B%99%E4%BA%BA%E5%93%A1+%E5%85%AC%E8%B3%A3%E5%B1%80+%E5%85%B1%E7%94%A2+%E5%85%B1%E7%94%A2%E9%BB%A8+%E5%8D%81%E4%BF%A1+%E5%90%88%E5%BA%AB+%E5%93%81%E8%B3%AA+%E5%9C%8B%E6%B3%B0+%E5%9C%B0%E5%83%B9+%E5%9C%B0%E5%83%B9%E7%A8%85+%E5%A4%96%E5%8C%AF+%E5%B1%A0%E5%AE%B0%E7%A8%85+%E5%BC%8A%E6%A1%88+%E5%BD%8C%E8%A3%9C+%E6%89%80%E5%BE%97%E7%A8%85+%E6%96%B0%E8%87%BA%E5%B9%A3+%E6%9C%88%E5%AC%8C+%E6%A8%99%E5%94%AE+%E6%B7%A1%E6%B1%9F+%E6%B7%A1%E6%B1%9F%E5%A4%A7%E5%AD%B8+%E7%89%A9%E8%B3%87%E5%B1%80+%E7%9B%9C%E9%A0%98+%E7%9C%81%E6%9C%89%E5%9C%9F%E5%9C%B0+%E7%A8%BB%E7%B1%B3+%E7%B3%A7%E9%A3%9F%E5%B1%80+%E7%B5%B1%E4%B8%80%E7%99%BC%E7%A5%A8+%E7%B6%93%E6%BF%9F%E9%83%A8+%E7%B6%9C%E5%90%88%E6%89%80%E5%BE%97%E7%A8%85+%E8%87%BA%E5%8C%97%E5%B8%82+%E8%87%BA%E5%8D%97%E5%B8%82+%E8%87%BA%E9%8A%80+%E8%8F%B8%E8%91%89+%E8%8F%B8%E9%85%92+%E8%91%A1%E8%90%84%E9%85%92+%E8%94%A1%E4%BB%8B%E9%9B%84+%E8%98%87%E6%B4%AA%E6%9C%88%E5%AC%8C+%E8%AD%89%E5%88%B8+%E8%B2%A1%E6%94%BF+%E8%B2%A1%E6%94%BF%E5%BB%B3+%E8%B2%A1%E6%94%BF%E9%83%A8+%E8%B2%B8%E6%AC%BE+%E8%B3%87%E6%9C%AC%E9%A1%8D+%E8%B3%AA%E8%A9%A2+%E8%BE%B2%E6%9E%97+%E8%BE%B2%E6%9E%97%E5%BB%B3+%E9%80%BE%E6%9C%9F%E6%94%BE%E6%AC%BE+%E9%87%91%E6%B5%81+%E9%9B%9C%E8%B2%A8%E5%BA%97+%E9%AB%98%E6%A2%81+&oid=1600818 HTTP/1.1" 200 9396
66.249.71.60 - - [27/Mar/2016:06:49:08 +0800] "GET /content/nav/relationSubject.jsp?relationWords=%E4%B8%AD%E5%A4%AE%E9%8A%80%E8%A1%8C%20%E4%B8%AD%E5%B0%8F%E4%BC%81%E6%A5%AD%20%E4%BF%A1%E7%94%A8%E8%B2%B8%E6%AC%BE%20%E5%85%AC%E5%8B%99%E4%BA%BA%E5%93%A1%20%E5%85%AC%E8%B3%A3%E5%B1%80%20%E5%85%B1%E7%94%A2%20%E5%85%B1%E7%94%A2%E9%BB%A8%20%E5%8D%81%E4%BF%A1%20%E5%90%88%E5%BA%AB%20%E5%93%81%E8%B3%AA%20%E5%9C%8B%E6%B3%B0%20%E5%9C%B0%E5%83%B9%20%E5%9C%B0%E5%83%B9%E7%A8%85%20%E5%A4%96%E5%8C%AF%20%E5%B1%A0%E5%AE%B0%E7%A8%85%20%E5%BC%8A%E6%A1%88%20%E5%BD%8C%E8%A3%9C%20%E6%89%80%E5%BE%97%E7%A8%85%20%E6%96%B0%E8%87%BA%E5%B9%A3%20%E6%9C%88%E5%AC%8C%20%E6%A8%99%E5%94%AE%20%E6%B7%A1%E6%B1%9F%20%E6%B7%A1%E6%B1%9F%E5%A4%A7%E5%AD%B8%20%E7%89%A9%E8%B3%87%E5%B1%80%20%E7%9B%9C%E9%A0%98%20%E7%9C%81%E6%9C%89%E5%9C%9F%E5%9C%B0%20%E7%A8%BB%E7%B1%B3%20%E7%B3%A7%E9%A3%9F%E5%B1%80%20%E7%B5%B1%E4%B8%80%E7%99%BC%E7%A5%A8%20%E7%B6%93%E6%BF%9F%E9%83%A8%20%E7%B6%9C%E5%90%88%E6%89%80%E5%BE%97%E7%A8%85%20%E8%87%BA%E5%8C%97%E5%B8%82%20%E8%87%BA%E5%8D%97%E5%B8%82%20%E8%87%BA%E9%8A%80%20%E8%8F%B8%E8%91%89%20%E8%8F%B8%E9%85%92%20%E8%91%A1%E8%90%84%E9%85%92%20%E8%94%A1%E4%BB%8B%E9%9B%84%20%E8%98%87%E6%B4%AA%E6%9C%88%E5%AC%8C%20%E8%AD%89%E5%88%B8%20%E8%B2%A1%E6%94%BF%20%E8%B2%A1%E6%94%BF%E5%BB%B3%20%E8%B2%A1%E6%94%BF%E9%83%A8%20%E8%B2%B8%E6%AC%BE%20%E8%B3%87%E6%9C%AC%E9%A1%8D%20%E8%B3%AA%E8%A9%A2%20%E8%BE%B2%E6%9E%97%20%E8%BE%B2%E6%9E%97%E5%BB%B3%20%E9%80%BE%E6%9C%9F%E6%94%BE%E6%AC%BE%20%E9%87%91%E6%B5%81%20%E9%9B%9C%E8%B2%A8%E5%BA%97%20%E9%AB%98%E6%A2%81%20&oid=1600818 HTTP/1.1" 200 9396
66.249.71.60 - - [27/Mar/2016:06:49:12 +0800] "GET /content/nav/relationSubject.jsp?relationWords=%E5%9C%9F%E5%9C%B0%E6%89%80%E6%9C%89%E6%AC%8A%20%E5%9C%9F%E5%9C%B0%E6%89%80%E6%9C%89%E6%AC%8A%E4%BA%BA%20%E5%9C%B0%E7%9B%AE%E8%AE%8A%E6%9B%B4%20%E6%89%80%E6%9C%89%E6%AC%8A%20%E6%89%80%E6%9C%89%E6%AC%8A%E4%BA%BA%20%E8%A6%8F%E8%B2%BB%20%E8%BE%B2%E5%9C%B0%E9%87%8D%E5%8A%83%20&oid=1615072 HTTP/1.1" 200 4332
66.249.77.91 - - [27/Mar/2016:06:49:27 +0800] "GET /content/nav/relationSubject.jsp?relationWords=&oid=16777823 HTTP/1.1" 200 1405
66.249.71.60 - - [27/Mar/2016:06:51:14 +0800] "GET /content/repository/resource_content.jsp?oid=2673902&queryString=%E7%BD%B0%E4%BF%B8%20%E9%A1%8C%E8%AC%9D HTTP/1.1" 200 30487
66.249.71.60 - - [27/Mar/2016:06:51:19 +0800] "GET /content/nav/relationSubject.jsp?relationWords=%E8%99%8E%E7%A7%91+%E9%9B%B7%E6%B0%8F%E9%AF%8A+&oid=17579 HTTP/1.1" 200 3117
66.249.74.98 - - [27/Mar/2016:06:51:46 +0800] "GET /content/subject/resource_content.jsp?oid=16777735&queryString HTTP/1.1" 200 32698
66.249.74.98 - - [27/Mar/2016:06:52:00 +0800] "GET /content/nav/relationSubject.jsp?relationWords=%E5%80%8B%E6%A1%88%E7%A0%94%E7%A9%B6+&oid=1773559 HTTP/1.1" 200 3062
66.249.71.60 - - [27/Mar/2016:06:52:01 +0800] "GET /content/nav/relationSubject.jsp?relationWords=%E5%80%8B%E6%A1%88%E7%A0%94%E7%A9%B6%20&oid=1773559 HTTP/1.1" 200 3062
66.249.71.121 - - [27/Mar/2016:06:52:57 +0800] "GET /content/nav/relationSubject.jsp?relationWords=%E5%B7%A1%E6%92%AB+%E7%B3%A7%E4%BA%8B+%E9%8A%B7%E5%85%B5%E9%A6%AC+%E9%8C%A2%E7%B3%A7+&oid=2519917 HTTP/1.1" 200 5410
66.249.71.105 - - [27/Mar/2016:06:52:59 +0800] "GET /content/nav/relationSubject.jsp?relationWords=%E5%B7%A1%E6%92%AB%20%E7%B3%A7%E4%BA%8B%20%E9%8A%B7%E5%85%B5%E9%A6%AC%20%E9%8C%A2%E7%B3%A7%20&oid=2519917 HTTP/1.1" 200 5410
66.249.77.85 - - [27/Mar/2016:06:53:42 +0800] "GET /content/nav/relationSubject.jsp?relationWords=%E6%92%AB%E7%95%AA+%E9%96%8B%E5%B1%B1%E6%92%AB%E7%95%AA+&oid=1778053 HTTP/1.1" 200 3110
66.249.71.5 - - [27/Mar/2016:06:54:00 +0800] "GET /content/nav/relationSubject.jsp?relationWords=%E5%AD%94%E9%96%80+%E6%AD%A6%E6%96%91%E7%A5%A0+%E6%AD%A6%E6%B0%8F%E7%A5%A0%E5%B7%A6%E7%9F%B3%E5%AE%A4+%E7%95%AB%E5%83%8F%E7%9F%B3+%E9%9D%88%E7%95%B0+&oid=1811556 HTTP/1.1" 200 4443
66.249.71.5 - - [27/Mar/2016:06:54:02 +0800] "GET /content/nav/relationSubject.jsp?relationWords=%E5%AD%94%E9%96%80%20%E6%AD%A6%E6%96%91%E7%A5%A0%20%E6%AD%A6%E6%B0%8F%E7%A5%A0%E5%B7%A6%E7%9F%B3%E5%AE%A4%20%E7%95%AB%E5%83%8F%E7%9F%B3%20%E9%9D%88%E7%95%B0%20&oid=1811556 HTTP/1.1" 200 4443
66.249.71.60 - - [27/Mar/2016:06:54:43 +0800] "GET /content/tmp_exh/resource_content.jsp?oid=16777710&queryType=qc%201921 HTTP/1.1" 200 27149
111.206.36.14 - - [27/Mar/2016:06:54:46 +0800] "GET /content/subject/resource_content.jsp?oid=16777649&queryType=qc HTTP/1.1" 200 54809
223.137.86.130 - - [27/Mar/2016:06:55:03 +0800] "GET /content/nav/relationSubject.jsp?relationWords=%E6%9E%97%E7%A5%96%E5%A3%BD+%E8%93%AE%E8%88%AB+&oid=16777654 HTTP/1.1" 200 2701
66.249.74.98 - - [27/Mar/2016:06:55:13 +0800] "GET /content/nav/relationSubject.jsp?relationWords=%E7%81%A3%E7%9C%81%E6%94%BF%E5%BA%9C+%E7%9C%81%E6%94%BF%E5%BA%9C+%E8%87%BA%E7%81%A3%E7%9C%81+%E8%87%BA%E7%81%A3%E7%9C%81%E6%94%BF%E5%BA%9C+%E8%A6%8F%E8%B2%BB+&oid=1896543 HTTP/1.1" 200 4687
66.249.71.60 - - [27/Mar/2016:06:55:14 +0800] "GET /content/nav/relationSubject.jsp?relationWords=%E7%81%A3%E7%9C%81%E6%94%BF%E5%BA%9C%20%E7%9C%81%E6%94%BF%E5%BA%9C%20%E8%87%BA%E7%81%A3%E7%9C%81%20%E8%87%BA%E7%81%A3%E7%9C%81%E6%94%BF%E5%BA%9C%20%E8%A6%8F%E8%B2%BB%20&oid=1896543 HTTP/1.1" 200 4687
66.249.71.168 - - [27/Mar/2016:06:56:01 +0800] "GET /content/nav/relationSubject.jsp?relationWords=%E4%B8%89%E5%BA%B7%20%E8%83%8C%E5%B8%B6%E9%B7%B9%20%E8%90%AC%E5%B9%B4%E7%98%A6%20&oid=15594 HTTP/1.1" 200 3499
66.249.77.97 - - [27/Mar/2016:06:56:12 +0800] "GET /content/subject/resource_content.jsp?oid=16777738&queryType=qc HTTP/1.1" 200 50795
66.249.74.98 - - [27/Mar/2016:06:56:36 +0800] "GET /content/repository/resource_content.jsp?oid=713865&queryString=%E5%90%B3%E9%81%94%20%E5%B8%8C%E6%A0%B8%20%E9%81%94%E9%9B%B2 HTTP/1.1" 200 29355
66.249.71.60 - - [27/Mar/2016:06:56:36 +0800] "GET /digiarch_en/content/nav/relationSubject.jsp?relationWords=%E4%BF%9D%E8%AD%89%E4%BA%BA+%E5%A5%91%E7%B4%84%E6%9B%B8+%E5%B0%8F%E6%9E%97%E8%BA%8B%E9%80%A0+%E6%9D%9C%E7%A5%96%E5%9F%B9+%E6%9D%9C%E9%A6%99%E5%9C%8B+%E7%94%9F%E5%91%BD%E4%BF%9D%E9%9A%AA+&oid=1887753 HTTP/1.1" 200 3443
66.249.71.60 - - [27/Mar/2016:06:56:37 +0800] "GET /content/nav/relationSubject.jsp?relationWords=%E4%B8%AD%E5%A3%A2+%E4%B8%AD%E5%A3%A2%E5%B8%82+%E4%BD%8F%E5%AE%85%E5%8D%80+%E5%90%B3%E6%B8%85+%E5%91%82%E5%AE%89%E5%BE%B7+%E5%9C%B0%E8%99%9F+%E5%AE%89%E5%BE%B7+%E6%9D%8E%E5%BE%B7+%E6%9E%97%E6%98%8E%E5%BE%B7+%E7%9C%81%E6%94%BF%E5%BA%9C+%E8%91%A3%E9%8C%A6%E6%A8%B9+%E8%94%A1%E4%BB%8B%E9%9B%84+%E9%80%B2%E5%AE%89+%E9%83%BD%E5%B8%82%E7%99%BC%E5%B1%95+%E9%83%BD%E5%B8%82%E8%A8%88%E5%8A%83+%E9%AD%8F%E7%B6%B8%E6%B4%B2+&oid=1899172 HTTP/1.1" 200 5147
66.249.71.60 - - [27/Mar/2016:06:56:37 +0800] "GET /digiarch_en/content/nav/relationSubject.jsp?relationWords=%E4%BF%9D%E8%AD%89%E4%BA%BA%20%E5%A5%91%E7%B4%84%E6%9B%B8%20%E5%B0%8F%E6%9E%97%E8%BA%8B%E9%80%A0%20%E6%9D%9C%E7%A5%96%E5%9F%B9%20%E6%9D%9C%E9%A6%99%E5%9C%8B%20%E7%94%9F%E5%91%BD%E4%BF%9D%E9%9A%AA%20&oid=1887753 HTTP/1.1" 200 3443
66.249.71.60 - - [27/Mar/2016:06:56:38 +0800] "GET /content/nav/relationSubject.jsp?relationWords=%E4%B8%AD%E5%A3%A2%20%E4%B8%AD%E5%A3%A2%E5%B8%82%20%E4%BD%8F%E5%AE%85%E5%8D%80%20%E5%90%B3%E6%B8%85%20%E5%91%82%E5%AE%89%E5%BE%B7%20%E5%9C%B0%E8%99%9F%20%E5%AE%89%E5%BE%B7%20%E6%9D%8E%E5%BE%B7%20%E6%9E%97%E6%98%8E%E5%BE%B7%20%E7%9C%81%E6%94%BF%E5%BA%9C%20%E8%91%A3%E9%8C%A6%E6%A8%B9%20%E8%94%A1%E4%BB%8B%E9%9B%84%20%E9%80%B2%E5%AE%89%20%E9%83%BD%E5%B8%82%E7%99%BC%E5%B1%95%20%E9%83%BD%E5%B8%82%E8%A8%88%E5%8A%83%20%E9%AD%8F%E7%B6%B8%E6%B4%B2%20&oid=1899172 HTTP/1.1" 200 5147
66.249.71.60 - - [27/Mar/2016:06:57:27 +0800] "GET /content/nav/relationSubject.jsp?relationWords=%E8%87%BA%E7%81%A3%E7%9C%81%E6%B0%B4%E5%88%A9%E5%B1%80+%E8%8A%B1%E5%A3%87%E9%84%89+&oid=1889456 HTTP/1.1" 200 4495
66.249.71.60 - - [27/Mar/2016:06:57:28 +0800] "GET /content/nav/relationSubject.jsp?relationWords=%E8%87%BA%E7%81%A3%E7%9C%81%E6%B0%B4%E5%88%A9%E5%B1%80%20%E8%8A%B1%E5%A3%87%E9%84%89%20&oid=1889456 HTTP/1.1" 200 4495
66.249.77.91 - - [27/Mar/2016:06:57:41 +0800] "GET /content/repository/resource_content.jsp?oid=1887087&queryString=%E6%96%87%E8%9B%A4%E5%B1%AC%20%E7%92%B0%E6%96%87%E8%9B%A4%20%E7%B0%BE%E8%9B%A4%E7%9B%AE%20%E7%B0%BE%E8%9B%A4%E7%A7%91%20%E8%BB%9F%E9%AB%94%E5%8B%95%E7%89%A9%E9%96%80%20%E9%9B%99%E6%AE%BC%E7%B6%B1 HTTP/1.1" 200 31882
66.249.74.98 - - [27/Mar/2016:06:57:45 +0800] "GET /content/nav/relationSubject.jsp?relationWords=%E5%9C%93%E6%9F%8F%E5%B1%AC+%E6%9D%BE%E6%9D%89+%E6%9F%8F%E7%A7%91+%E6%A4%8D%E7%89%A9%E7%95%8C+%E6%AF%AC%E6%9E%9C+%E7%8E%89%E5%B1%B1%E5%9C%93%E6%9F%8F+&oid=1111515 HTTP/1.1" 200 3563
66.249.71.60 - - [27/Mar/2016:06:57:46 +0800] "GET /content/nav/relationSubject.jsp?relationWords=%E5%9C%93%E6%9F%8F%E5%B1%AC%20%E6%9D%BE%E6%9D%89%20%E6%9F%8F%E7%A7%91%20%E6%A4%8D%E7%89%A9%E7%95%8C%20%E6%AF%AC%E6%9E%9C%20%E7%8E%89%E5%B1%B1%E5%9C%93%E6%9F%8F%20&oid=1111515 HTTP/1.1" 200 3563
66.249.71.60 - - [27/Mar/2016:06:59:10 +0800] "GET /content/subject/resource_content.jsp?oid=16777789&queryType=qs&queryString=%E9%87%8D%E6%85%B6%E5%8D%97%E8%B7%AF HTTP/1.1" 200 47784
66.249.71.60 - - [27/Mar/2016:06:59:16 +0800] "GET /content/subject/resource_content.jsp?oid=16777385&queryType=qs&queryString=%E8%98%87%E6%9D%B1%E5%9D%A1 HTTP/1.1" 200 34160
66.249.71.60 - - [27/Mar/2016:06:59:58 +0800] "GET /content/nav/relationSubject.jsp?relationWords=%E6%85%B6%E6%BA%90+%E6%94%BE%E7%A7%9F+%E6%9E%97%E5%A4%A9%E7%94%9F+%E6%9E%97%E6%B8%85%E6%99%AF+%E6%BD%98%E7%A6%8F%E9%9A%86+%E7%9C%81%E6%94%BF%E5%BA%9C+%E8%91%89%E6%85%B6%E6%BA%90+&oid=1522234 HTTP/1.1" 200 4727
66.249.71.60 - - [27/Mar/2016:06:59:59 +0800] "GET /content/nav/relationSubject.jsp?relationWords=%E6%85%B6%E6%BA%90%20%E6%94%BE%E7%A7%9F%20%E6%9E%97%E5%A4%A9%E7%94%9F%20%E6%9E%97%E6%B8%85%E6%99%AF%20%E6%BD%98%E7%A6%8F%E9%9A%86%20%E7%9C%81%E6%94%BF%E5%BA%9C%20%E8%91%89%E6%85%B6%E6%BA%90%20&oid=1522234 HTTP/1.1" 200 4727
66.249.77.85 - - [27/Mar/2016:07:00:39 +0800] "GET /content/repository/resource_content.jsp?oid=1895045&queryString=%E5%A4%9A%E5%AA%92%E9%AB%94%20%E5%AA%92%E9%AB%94%20%E6%95%B8%E4%BD%8D%E5%85%B8%E8%97%8F%20%E6%95%B8%E4%BD%8D%E5%85%B8%E8%97%8F%E6%8A%80%E8%A1%93%20%E7%9C%8B%E6%9D%BF%20%E9%9B%BB%E8%A6%96%E7%89%86 HTTP/1.1" 200 28938
42.73.146.79 - - [27/Mar/2016:07:01:03 +0800] "GET /content/nav/relationSubject.jsp?relationWords=%E7%A9%97%E8%8A%B1%E5%B1%B1%E5%A5%88+%E9%87%8E%E8%96%91%E8%8A%B1+&oid=16777263 HTTP/1.1" 200 3284
68.180.230.99 - - [27/Mar/2016:07:01:09 +0800] "GET /content/subject/resource_content.jsp?oid=16777560&queryType=qc HTTP/1.1" 200 28635
66.249.77.91 - - [27/Mar/2016:07:01:56 +0800] "GET /content/subject/resource_content.jsp?oid=16777391&queryType=qs&queryString=%E8%87%AA%E7%94%B1%E8%BB%9F%E9%AB%94 HTTP/1.1" 200 41813
66.249.77.91 - - [27/Mar/2016:07:02:07 +0800] "GET /content/repository/resource_content.jsp?oid=15282&queryString=%E5%B8%86%E9%B0%AD%E9%AD%B4%20%E7%83%8F%E9%AD%B4%20%E9%AD%9A%E9%A1%9E%E6%A8%99%E6%9C%AC HTTP/1.1" 200 34667
66.249.71.14 - - [27/Mar/2016:07:02:30 +0800] "GET /digiarch3/content/nav/relationSubject.jsp?relationWords=%E5%8D%91%E5%8D%97%E6%97%8F%20%E8%83%8C%E5%BF%83%20&oid=4364426 HTTP/1.1" 200 3524
66.249.71.72 - - [27/Mar/2016:07:03:24 +0800] "GET /content/nav/relationSubject.jsp?relationWords=%E5%8A%89%E7%82%B3%20%E5%BC%B5%E4%BF%8A%E9%9B%84%20%E7%B0%A1%E6%98%8E%E6%99%AF%20&oid=1889847 HTTP/1.1" 200 3222
