66.249.71.60 - - [02/May/2016:04:52:30 +0800] "GET /content/nav/relationSubject.jsp?relationWords=%E6%BE%A4%E8%98%AD+%E8%8A%B1%E8%94%93+%E8%94%93%E6%BE%A4+%E8%94%93%E6%BE%A4%E8%98%AD+&oid=16777266 HTTP/1.1" 200 4343
66.249.71.60 - - [02/May/2016:04:52:57 +0800] "GET /content/tmp_exh/resource_content.jsp?oid=16777851&queryType=qc HTTP/1.1" 200 45681
66.249.79.109 - - [02/May/2016:04:53:21 +0800] "GET /content/nav/relationSubject.jsp?relationWords=&oid=2605682 HTTP/1.1" 200 1405
68.180.230.90 - - [02/May/2016:04:53:25 +0800] "GET /content/subject/resource_content.jsp?oid=16777344&queryType=qc HTTP/1.1" 200 47662
66.249.71.14 - - [02/May/2016:04:53:25 +0800] "GET /digiarch3/content/nav/relationSubject.jsp?relationWords=&oid=4364460 HTTP/1.1" 200 1405
66.249.79.186 - - [02/May/2016:04:53:50 +0800] "GET /digiarch3/content/subject/resource_content.jsp?oid=16777270&queryType=qc HTTP/1.1" 200 33806
66.249.71.60 - - [02/May/2016:04:54:40 +0800] "GET /content/subject/resource_content.jsp?oid=16797282&queryType=qc HTTP/1.1" 200 78850
68.180.230.90 - - [02/May/2016:04:54:54 +0800] "GET /content/subject/resource_content.jsp?oid=16777275&queryType=qc HTTP/1.1" 200 34218
66.249.71.60 - - [02/May/2016:04:55:25 +0800] "GET /content/nav/relationSubject.jsp?relationWords=%E5%88%91%E9%83%A8+&oid=2638229 HTTP/1.1" 200 3095
66.249.71.60 - - [02/May/2016:04:55:26 +0800] "GET /content/nav/relationSubject.jsp?relationWords=%E5%88%91%E9%83%A8%20&oid=2638229 HTTP/1.1" 200 3095
66.249.71.60 - - [02/May/2016:04:56:19 +0800] "GET /digiarch_en/content/nav/relationSubject.jsp?relationWords=%E5%81%BD%E8%97%A5+%E5%8F%B8%E6%B3%95%E6%A9%9F%E9%97%9C+%E5%8F%B8%E6%B3%95%E8%A1%8C%E6%94%BF%E9%83%A8+%E6%B3%95%E9%99%A2+%E7%A7%BB%E9%80%81+%E8%A1%9B%E7%94%9F%E7%92%B0%E5%A2%83+%E8%A1%9B%E7%94%9F%E8%99%95+%E8%A1%9B%E7%94%9F%E9%83%A8+&oid=1566352 HTTP/1.1" 200 4550
40.77.167.20 - - [02/May/2016:04:56:19 +0800] "GET /content/subject/resource_content.jsp?oid=16797293&queryType=qc HTTP/1.1" 200 46243
66.249.71.60 - - [02/May/2016:04:56:21 +0800] "GET /digiarch_en/content/nav/relationSubject.jsp?relationWords=%E5%81%BD%E8%97%A5%20%E5%8F%B8%E6%B3%95%E6%A9%9F%E9%97%9C%20%E5%8F%B8%E6%B3%95%E8%A1%8C%E6%94%BF%E9%83%A8%20%E6%B3%95%E9%99%A2%20%E7%A7%BB%E9%80%81%20%E8%A1%9B%E7%94%9F%E7%92%B0%E5%A2%83%20%E8%A1%9B%E7%94%9F%E8%99%95%20%E8%A1%9B%E7%94%9F%E9%83%A8%20&oid=1566352 HTTP/1.1" 200 4550
101.8.66.207 - - [02/May/2016:04:56:38 +0800] "GET /content/nav/relationSubject.jsp?relationWords=&oid=16777459 HTTP/1.1" 200 1405
68.180.230.90 - - [02/May/2016:04:57:31 +0800] "GET /content/subject/resource_content.jsp?oid=16777268&queryType=qc HTTP/1.1" 200 42316
66.249.71.60 - - [02/May/2016:04:58:57 +0800] "GET /content/repository/resource_content.jsp?oid=2568165 HTTP/1.1" 200 29461
66.249.79.200 - - [02/May/2016:04:58:59 +0800] "GET /content/nav/relationSubject.jsp?relationWords=&oid=2568165 HTTP/1.1" 200 1405
180.76.15.23 - - [02/May/2016:04:59:31 +0800] "GET /content/repository/resource_content.jsp?oid=3205120&queryType=qs&queryString=%E6%B8%85%E5%85%89%E7%B7%92 HTTP/1.1" 200 29951
66.249.79.200 - - [02/May/2016:04:59:48 +0800] "GET /content/repository/resource_content.jsp?oid=1782655&queryString=%E9%A0%B8%E7%8F%A0 HTTP/1.1" 200 28811
66.249.71.60 - - [02/May/2016:04:59:59 +0800] "GET /content/nav/relationSubject.jsp?relationWords=%E5%B8%83%E8%BE%B2+%E5%B8%83%E8%BE%B2%E6%97%8F+%E9%A0%B8%E7%8F%A0+%E9%A0%B8%E9%A3%BE+&oid=1782655 HTTP/1.1" 200 3224
207.46.13.63 - - [02/May/2016:05:00:18 +0800] "GET /content/nav/relationSubject.jsp?relationWords=%E7%B4%AB%E8%96%87+&oid=16777424 HTTP/1.1" 200 4000
66.249.71.60 - - [02/May/2016:05:00:39 +0800] "GET /content/subject/resource_content.jsp?oid=16777263&queryString=%E9%87%8E%E8%96%91%E8%8A%B1 HTTP/1.1" 200 31916
66.249.71.60 - - [02/May/2016:05:00:44 +0800] "GET /content/nav/relationSubject.jsp?relationWords=%E5%9C%B0%E4%B8%8B%E9%81%93+%E5%B9%B3%E4%BA%A4%E9%81%93+%E9%90%B5%E8%B7%AF%E5%B1%80+&oid=1622483 HTTP/1.1" 200 4858
66.249.71.60 - - [02/May/2016:05:00:47 +0800] "GET /content/nav/relationSubject.jsp?relationWords=%E5%9C%B0%E4%B8%8B%E9%81%93%20%E5%B9%B3%E4%BA%A4%E9%81%93%20%E9%90%B5%E8%B7%AF%E5%B1%80%20&oid=1622483 HTTP/1.1" 200 4858
66.249.71.5 - - [02/May/2016:05:01:38 +0800] "GET /content/nav/relationSubject.jsp?relationWords=%E5%80%89%E5%BB%92+&oid=2684189 HTTP/1.1" 200 3093
66.249.71.5 - - [02/May/2016:05:01:43 +0800] "GET /content/nav/relationSubject.jsp?relationWords=%E5%80%89%E5%BB%92%20&oid=2684189 HTTP/1.1" 200 3093
66.249.71.60 - - [02/May/2016:05:02:29 +0800] "GET /content/nav/relationSubject.jsp?relationWords=%E6%9C%A8%E5%B1%B1%E8%9E%9E%E8%9D%97%E5%B1%AC+%E6%A4%8D%E7%89%A9%E7%95%8C+%E7%99%BD%E6%9C%A8%E8%98%87%E8%8A%B1+%E8%A0%B6%E8%B1%86+%E9%9B%99%E5%AD%90%E8%91%89%E6%A4%8D%E7%89%A9+&oid=1462417 HTTP/1.1" 200 3450
66.249.71.60 - - [02/May/2016:05:02:31 +0800] "GET /content/nav/relationSubject.jsp?relationWords=%E6%9C%A8%E5%B1%B1%E8%9E%9E%E8%9D%97%E5%B1%AC%20%E6%A4%8D%E7%89%A9%E7%95%8C%20%E7%99%BD%E6%9C%A8%E8%98%87%E8%8A%B1%20%E8%A0%B6%E8%B1%86%20%E9%9B%99%E5%AD%90%E8%91%89%E6%A4%8D%E7%89%A9%20&oid=1462417 HTTP/1.1" 200 3450
66.249.71.60 - - [02/May/2016:05:02:50 +0800] "GET /content/repository/resource_content.jsp?oid=1462433&queryString=%E6%9D%9C%E9%B5%91%E8%8A%B1 HTTP/1.1" 200 31389
68.180.230.90 - - [02/May/2016:05:02:52 +0800] "GET /digiarch_en/content/subject/resource_content.jsp?oid=16777664&queryType=qc HTTP/1.1" 200 31094
66.249.71.60 - - [02/May/2016:05:03:13 +0800] "GET /content/subject/resource_content.jsp?oid=16777266&queryType=qc HTTP/1.1" 200 35345
66.249.79.200 - - [02/May/2016:05:03:25 +0800] "GET /content/nav/relationSubject.jsp?relationWords=%E6%9D%9C%E9%B5%91+%E6%9D%9C%E9%B5%91%E8%8A%B1+%E6%9D%9C%E9%B5%91%E8%8A%B1%E5%B1%AC+&oid=1462433 HTTP/1.1" 200 4805
66.249.71.60 - - [02/May/2016:05:03:28 +0800] "GET /content/nav/relationSubject.jsp?relationWords=%E6%9D%9C%E9%B5%91%20%E6%9D%9C%E9%B5%91%E8%8A%B1%20%E6%9D%9C%E9%B5%91%E8%8A%B1%E5%B1%AC%20&oid=1462433 HTTP/1.1" 200 4805
66.249.71.60 - - [02/May/2016:05:03:30 +0800] "GET /content/nav/relationSubject.jsp?relationWords=&oid=2563969 HTTP/1.1" 200 1405
207.46.13.176 - - [02/May/2016:05:04:11 +0800] "GET /content/repository/resource_content.jsp?oid=1113344&queryString=%E5%8D%81%E5%AD%97%E8%8A%B1%E7%A7%91%20%E6%A4%8D%E7%89%A9%E7%95%8C%20%E7%8E%89%E5%B1%B1%E7%AD%B7%E5%AD%90%E8%8A%A5%20%E7%AD%B7%E5%AD%90%E8%8A%A5%E5%B1%AC%20%E9%9B%99%E5%AD%90%E8%91%89%E6%A4%8D%E7%89%A9 HTTP/1.1" 200 31799
66.249.79.135 - - [02/May/2016:05:05:20 +0800] "GET /content/subject/resource_content.jsp?oid=16777728&queryType=qc HTTP/1.1" 200 65196
66.249.77.91 - - [02/May/2016:05:05:28 +0800] "GET /content/nav/relationSubject.jsp?relationWords=%E5%B8%AB%E5%B0%88+%E6%A3%92%E7%90%83+%E6%A3%92%E7%90%83%E9%9A%8A+&oid=1581364 HTTP/1.1" 200 3895
66.249.79.135 - - [02/May/2016:05:05:30 +0800] "GET /content/nav/relationSubject.jsp?relationWords=%E5%B8%AB%E5%B0%88+%E6%A3%92%E7%90%83%E9%9A%8A+&oid=1581364 HTTP/1.1" 200 3089
66.249.71.72 - - [02/May/2016:05:05:47 +0800] "GET /content/repository/resource_content.jsp?oid=1114584 HTTP/1.1" 200 31648
66.249.79.214 - - [02/May/2016:05:06:39 +0800] "GET /content/repository/resource_content.jsp?oid=1597087 HTTP/1.1" 200 28862
66.249.71.60 - - [02/May/2016:05:06:40 +0800] "GET /content/nav/relationSubject.jsp?relationWords=%E5%85%AC%E9%96%8B%E5%B1%95%E8%A6%BD+%E7%89%B9%E5%AE%9A%E5%8D%80+&oid=1597087 HTTP/1.1" 200 6691
66.249.79.119 - - [02/May/2016:05:07:09 +0800] "GET /content/nav/relationSubject.jsp?relationWords=%E5%BE%A9%E8%88%88%E8%88%AA%E7%A9%BA+%E6%9E%97%E6%B0%B8%E6%A8%91+&oid=16777595 HTTP/1.1" 200 4461
66.249.71.194 - - [02/May/2016:05:07:12 +0800] "GET /content/nav/relationSubject.jsp?relationWords=%E5%BE%A9%E8%88%88%E8%88%AA%E7%A9%BA%20%E6%9E%97%E6%B0%B8%E6%A8%91%20&oid=16777595 HTTP/1.1" 200 4461
66.249.71.113 - - [02/May/2016:05:07:30 +0800] "GET /content/repository/resource_content.jsp?oid=1104570&queryString=API%20%E6%A4%8D%E7%89%A9%E7%95%8C%20%E7%B9%96%E5%BD%A2%E7%A7%91%20%E8%83%A1%E8%98%BF%E8%94%94%20%E8%83%A1%E8%98%BF%E8%94%94%E5%B1%AC%20%E8%8F%9C%E9%A0%AD%20%E9%9B%99%E5%AD%90%E8%91%89%E6%A4%8D%E7%89%A9 HTTP/1.1" 200 31545
66.249.71.113 - - [02/May/2016:05:07:32 +0800] "GET /content/nav/relationSubject.jsp?relationWords=API+%E6%A4%8D%E7%89%A9%E7%95%8C+%E7%B9%96%E5%BD%A2%E7%A7%91+%E8%83%A1%E8%98%BF%E8%94%94+%E8%83%A1%E8%98%BF%E8%94%94%E5%B1%AC+%E8%8F%9C%E9%A0%AD+%E9%9B%99%E5%AD%90%E8%91%89+%E9%9B%99%E5%AD%90%E8%91%89%E6%A4%8D%E7%89%A9+&oid=1104570 HTTP/1.1" 200 3528
66.249.77.97 - - [02/May/2016:05:08:04 +0800] "GET /content/nav/relationSubject.jsp?relationWords=%E5%96%AE%E8%89%B2+%E9%BB%83%E6%A5%8A%E6%9C%A8+&oid=191085 HTTP/1.1" 200 3242
66.249.77.85 - - [02/May/2016:05:08:05 +0800] "GET /content/nav/relationSubject.jsp?relationWords=%E5%96%AE%E8%89%B2%20%E9%BB%83%E6%A5%8A%E6%9C%A8%20&oid=191085 HTTP/1.1" 200 3242
66.249.71.72 - - [02/May/2016:05:08:43 +0800] "GET /content/nav/relationSubject.jsp?relationWords=%E4%BA%8C%E4%BA%8C%E5%BA%9C+%E7%94%98%E8%97%B7+%E7%B3%96%E6%A5%AD+%E8%BE%B2%E7%94%A2+&oid=1622849 HTTP/1.1" 200 3851
66.249.71.64 - - [02/May/2016:05:08:44 +0800] "GET /content/nav/relationSubject.jsp?relationWords=%E4%BA%8C%E4%BA%8C%E5%BA%9C%20%E7%94%98%E8%97%B7%20%E7%B3%96%E6%A5%AD%20%E8%BE%B2%E7%94%A2%20&oid=1622849 HTTP/1.1" 200 3851
66.249.71.72 - - [02/May/2016:05:08:45 +0800] "GET /content/nav/relationSubject.jsp?relationWords=&oid=2548869 HTTP/1.1" 200 1405
66.249.71.64 - - [02/May/2016:05:09:12 +0800] "GET /content/repository/resource_content.jsp?oid=1107604&queryString=%E6%A4%8D%E7%89%A9%E7%95%8C%20%E7%B4%AB%E8%83%8C%E8%8D%89%E5%B1%AC%20%E7%BA%93%E7%B5%A8%E8%8A%B1%20%E8%8F%8A%E7%A7%91%20%E9%9B%99%E5%AD%90%E8%91%89%E6%A4%8D%E7%89%A9 HTTP/1.1" 200 31879
66.249.71.64 - - [02/May/2016:05:09:15 +0800] "GET /content/nav/relationSubject.jsp?relationWords=%E6%A4%8D%E7%89%A9%E7%95%8C+%E7%B4%AB%E8%83%8C%E8%8D%89+%E7%B4%AB%E8%83%8C%E8%8D%89%E5%B1%AC+%E7%BA%93%E7%B5%A8%E8%8A%B1+%E8%8F%8A%E7%A7%91+%E9%9B%99%E5%AD%90%E8%91%89+%E9%9B%99%E5%AD%90%E8%91%89%E6%A4%8D%E7%89%A9+&oid=1107604 HTTP/1.1" 200 3576
66.249.77.97 - - [02/May/2016:05:10:55 +0800] "GET /content/subject/resource_content.jsp?oid=16777824&queryType=qs&queryString=%E6%96%87%E5%8C%96%E8%B3%87%E7%94%A2 HTTP/1.1" 200 42561
66.249.71.60 - - [02/May/2016:05:11:01 +0800] "GET /content/nav/relationSubject.jsp?relationWords=&oid=2598364 HTTP/1.1" 200 1405
66.249.77.91 - - [02/May/2016:05:11:10 +0800] "GET /content/nav/relationSubject.jsp?relationWords=%E5%B7%A1%E7%8B%A9%20%E7%8E%8B%E8%88%B9%20&oid=16777824 HTTP/1.1" 200 4757
66.249.71.60 - - [02/May/2016:05:11:46 +0800] "GET /content/repository/resource_content.jsp?oid=1095080 HTTP/1.1" 200 29590
66.249.71.60 - - [02/May/2016:05:11:50 +0800] "GET /content/nav/relationSubject.jsp?relationWords=%E8%8B%A6%E8%97%9A%E8%8F%9C+%E8%8B%A6%E8%97%9A%E8%8F%9C%E5%B1%AC+&oid=1095080 HTTP/1.1" 200 3031
66.249.71.60 - - [02/May/2016:05:12:38 +0800] "GET /content/repository/resource_content.jsp?oid=1109486&queryString=%E6%A4%8D%E7%89%A9%E7%95%8C%20%E7%A7%8B%E6%B5%B7%E6%A3%A0%E5%B1%AC%20%E7%A7%8B%E6%B5%B7%E6%A3%A0%E7%A7%91%20%E8%8F%AB%E8%8F%9C%20%E8%98%AD%E5%B6%BC%E7%A7%8B%E6%B5%B7%E6%A3%A0 HTTP/1.1" 200 31555
66.249.71.5 - - [02/May/2016:05:13:02 +0800] "GET /content/nav/relationSubject.jsp?relationWords=%E5%9C%B0%E6%96%B9%E6%B4%BE%E7%B3%BB+%E6%9E%97%E5%8B%99%E5%B1%80+%E6%A8%99%E5%94%AE+%E8%BE%B2%E6%9E%97%E5%BB%B3+%E8%BF%91%E6%B5%B7%E6%BC%81%E6%A5%AD+%E9%81%A0%E6%B4%8B%E6%BC%81%E6%A5%AD+&oid=1580221 HTTP/1.1" 200 5454
66.249.71.5 - - [02/May/2016:05:13:04 +0800] "GET /content/nav/relationSubject.jsp?relationWords=%E5%9C%B0%E6%96%B9%E6%B4%BE%E7%B3%BB%20%E6%9E%97%E5%8B%99%E5%B1%80%20%E6%A8%99%E5%94%AE%20%E8%BE%B2%E6%9E%97%E5%BB%B3%20%E8%BF%91%E6%B5%B7%E6%BC%81%E6%A5%AD%20%E9%81%A0%E6%B4%8B%E6%BC%81%E6%A5%AD%20&oid=1580221 HTTP/1.1" 200 5454
66.249.71.60 - - [02/May/2016:05:13:54 +0800] "GET /content/repository/resource_content.jsp?oid=2621064 HTTP/1.1" 200 29384
80.86.94.7 - - [02/May/2016:05:14:16 +0800] "GET /content/subject/resource_content.jsp?oid=16777842&queryType=qc HTTP/1.1" 200 36275
66.249.71.60 - - [02/May/2016:05:14:20 +0800] "GET /content/repository/resource_content.jsp?oid=2152059 HTTP/1.1" 200 31245
80.86.94.7 - - [02/May/2016:05:14:39 +0800] "GET /content/subject/resource_content.jsp?oid=16777841&queryType=qc HTTP/1.1" 200 27539
80.86.94.7 - - [02/May/2016:05:15:11 +0800] "GET /content/subject/resource_content.jsp?oid=16777839&queryType=qc HTTP/1.1" 200 27193
66.249.77.91 - - [02/May/2016:05:15:12 +0800] "GET /content/repository/resource_content.jsp?oid=1547700&queryString=%E5%81%A5%E5%BA%B7%E6%A1%88%20%E7%99%82%E9%A4%8A%E9%99%A2%20%E8%82%BA%E7%B5%90%E6%A0%B8 HTTP/1.1" 200 29496
66.249.77.85 - - [02/May/2016:05:15:14 +0800] "GET /content/nav/relationSubject.jsp?relationWords=%E5%81%A5%E5%BA%B7%E6%A1%88+%E7%9C%81%E6%94%BF%E5%BA%9C+%E8%87%AA%E4%BE%86%E6%B0%B4+&oid=1547700 HTTP/1.1" 200 4557
66.249.71.60 - - [02/May/2016:05:15:18 +0800] "GET /content/nav/relationSubject.jsp?relationWords=%E6%87%B8%E9%89%A4%E5%AD%90%E5%B1%AC+%E6%A4%8D%E7%89%A9%E7%95%8C+%E6%AF%9B%E5%88%BA%E6%87%B8%E9%89%A4%E5%AD%90+%E8%96%94%E8%96%87%E7%9B%AE+%E8%96%94%E8%96%87%E7%A7%91+&oid=3816585 HTTP/1.1" 200 3475
66.249.71.60 - - [02/May/2016:05:15:20 +0800] "GET /content/nav/relationSubject.jsp?relationWords=%E6%87%B8%E9%89%A4%E5%AD%90%E5%B1%AC%20%E6%A4%8D%E7%89%A9%E7%95%8C%20%E6%AF%9B%E5%88%BA%E6%87%B8%E9%89%A4%E5%AD%90%20%E8%96%94%E8%96%87%E7%9B%AE%20%E8%96%94%E8%96%87%E7%A7%91%20&oid=3816585 HTTP/1.1" 200 3475
66.249.71.105 - - [02/May/2016:05:15:30 +0800] "GET /content/nav/relationSubject.jsp?relationWords=%E6%B3%B0%E9%9B%85%E6%97%8F+%E8%B3%BD%E5%BE%B7%E5%85%8B%E6%97%8F+&oid=1777380 HTTP/1.1" 200 3786
66.249.71.113 - - [02/May/2016:05:15:31 +0800] "GET /content/nav/relationSubject.jsp?relationWords=%E6%B3%B0%E9%9B%85%E6%97%8F%20%E8%B3%BD%E5%BE%B7%E5%85%8B%E6%97%8F%20&oid=1777380 HTTP/1.1" 200 3786
80.86.94.7 - - [02/May/2016:05:15:37 +0800] "GET /content/subject/resource_content.jsp?oid=16777840&queryType=qc HTTP/1.1" 200 40649
131.253.25.210 - - [02/May/2016:05:15:51 +0800] "GET /nav/relationSubject.jsp?relationWords=%E6%9D%8E%E6%BF%9F+&oid=16777377 HTTP/1.1" 404 14873
66.249.71.60 - - [02/May/2016:05:16:03 +0800] "GET /content/repository/resource_content.jsp?oid=1553862 HTTP/1.1" 200 29518
80.86.94.7 - - [02/May/2016:05:16:05 +0800] "GET /content/subject/resource_content.jsp?oid=16777840&queryType=2000qc HTTP/1.1" 200 40649
80.86.94.7 - - [02/May/2016:05:16:42 +0800] "GET /content/subject/resource_content.jsp?oid=16777838&queryType=qc HTTP/1.1" 200 59031
66.249.71.105 - - [02/May/2016:05:16:54 +0800] "GET /content/repository/resource_content.jsp?oid=2604662&queryType=qs&queryString=%E5%BC%B5%E8%B5%B7 HTTP/1.1" 200 30100
66.249.71.105 - - [02/May/2016:05:17:02 +0800] "GET /content/nav/relationSubject.jsp?relationWords=%E5%A4%A9%E6%81%A9+%E5%A4%A9%E6%81%A9%E4%BA%8B+%E6%81%AD%E8%AC%9D%E5%A4%A9%E6%81%A9+%E7%A6%AE%E9%83%A8+&oid=2604662 HTTP/1.1" 200 3210
80.86.94.7 - - [02/May/2016:05:17:18 +0800] "GET /content/subject/resource_content.jsp?oid=16777801&queryType=qc HTTP/1.1" 200 43038
175.181.121.198 - - [02/May/2016:05:17:28 +0800] "GET /content/repository/resource_content.jsp?oid=1522247 HTTP/1.1" 200 29193
175.181.121.198 - - [02/May/2016:05:17:31 +0800] "GET /content/nav/relationSubject.jsp?relationWords=%E4%B8%89%E4%B8%83%E4%BA%94+%E5%9C%B0%E7%A7%9F+%E6%94%BE%E7%A7%9F+%E7%81%A3%E7%9C%81%E6%94%BF%E5%BA%9C+%E7%9C%81%E6%94%BF%E5%BA%9C+%E8%87%BA%E7%81%A3%E7%9C%81+%E8%87%BA%E7%81%A3%E7%9C%81%E6%94%BF%E5%BA%9C+%E8%94%A1%E6%B7%B1%E6%B1%A0+&oid=1522247 HTTP/1.1" 200 4822
66.249.71.60 - - [02/May/2016:05:17:45 +0800] "GET /content/subject/resource_content.jsp?oid=16777266&queryString=%E8%8A%B1%E8%94%93%20%E8%94%93%E6%BE%A4%E8%98%AD HTTP/1.1" 200 36828
80.86.94.7 - - [02/May/2016:05:17:49 +0800] "GET /content/subject/resource_content.jsp?oid=16777749&queryType=qc HTTP/1.1" 200 41248
40.77.167.20 - - [02/May/2016:05:17:59 +0800] "GET /content/repository/resource_content.jsp?oid=1775670 HTTP/1.1" 200 32722
80.86.94.7 - - [02/May/2016:05:18:26 +0800] "GET /content/subject/resource_content.jsp?oid=16777742&queryType=qc HTTP/1.1" 200 38999
66.249.71.60 - - [02/May/2016:05:18:37 +0800] "GET /content/repository/resource_content.jsp?oid=1105977&queryString=%E7%B4%AB%E8%83%8C%E8%8D%89%E5%B1%AC HTTP/1.1" 200 31116
66.249.71.60 - - [02/May/2016:05:18:39 +0800] "GET /content/nav/relationSubject.jsp?relationWords=%E7%B4%AB%E8%83%8C%E8%8D%89+%E7%B4%AB%E8%83%8C%E8%8D%89%E5%B1%AC+&oid=1105977 HTTP/1.1" 200 3394
80.86.94.7 - - [02/May/2016:05:18:52 +0800] "GET /content/subject/resource_content.jsp?oid=16777741&queryType=qc HTTP/1.1" 200 53538
80.86.94.7 - - [02/May/2016:05:19:27 +0800] "GET /content/subject/resource_content.jsp?oid=16777740&queryType=qc HTTP/1.1" 200 41464
66.249.71.60 - - [02/May/2016:05:19:28 +0800] "GET /content/repository/resource_content.jsp?oid=2520712&queryType=qs&queryString=%E7%A6%8F%E5%AF%A7 HTTP/1.1" 200 30458
66.249.71.60 - - [02/May/2016:05:19:30 +0800] "GET /content/nav/relationSubject.jsp?relationWords=%E5%AE%88%E5%82%99%E4%BA%8B+&oid=2520712 HTTP/1.1" 200 3090
80.86.94.7 - - [02/May/2016:05:20:04 +0800] "GET /content/subject/resource_content.jsp?oid=16777842&queryType=qc%3E HTTP/1.1" 200 36275
66.249.71.60 - - [02/May/2016:05:20:19 +0800] "GET /content/repository/resource_content.jsp?oid=4636875&queryString=%E7%B6%B2%E7%B4%8B%E5%9C%93%E9%9B%80%E9%AF%9B HTTP/1.1" 200 30517
66.249.71.60 - - [02/May/2016:05:20:22 +0800] "GET /content/nav/relationSubject.jsp?relationWords=%E5%9C%93%E9%9B%80%E9%AF%9B+%E7%B6%B2%E7%B4%8B+%E7%B6%B2%E7%B4%8B%E5%9C%93%E9%9B%80%E9%AF%9B+%E9%9B%80%E9%AF%9B+%E9%9B%80%E9%AF%9B%E7%A7%91+%E9%AF%9B%E7%A7%91+&oid=4636875 HTTP/1.1" 200 3642
80.86.94.7 - - [02/May/2016:05:20:28 +0800] "GET /content/subject/resource_content.jsp?oid=16777841&queryType=qc%3E HTTP/1.1" 200 27539
66.249.71.60 - - [02/May/2016:05:20:34 +0800] "GET /content/nav/relationSubject.jsp?relationWords=%E4%BA%8E%E6%B0%B8%E5%BB%B7+%E6%A5%8A%E9%9B%B2%E8%90%8D+&oid=2470348 HTTP/1.1" 200 3313
66.249.71.60 - - [02/May/2016:05:20:37 +0800] "GET /content/nav/relationSubject.jsp?relationWords=%E4%BA%8E%E6%B0%B8%E5%BB%B7%20%E6%A5%8A%E9%9B%B2%E8%90%8D%20&oid=2470348 HTTP/1.1" 200 3313
80.86.94.7 - - [02/May/2016:05:20:56 +0800] "GET /content/subject/resource_content.jsp?oid=16777839&queryType=qc%3E HTTP/1.1" 200 27193
66.249.79.251 - - [02/May/2016:05:21:02 +0800] "GET /content/nav/relationSubject.jsp?relationWords=%E5%85%AC%E8%B7%AF%E5%B1%80%20%E5%AE%A2%E9%81%8B%20%E5%B9%B3%E4%BA%A4%E9%81%93%20%E6%9D%BF%E6%A9%8B%E9%8E%AE%20%E6%B2%99%E9%B9%BF%20%E8%87%BA%E4%B8%AD%E6%B8%AF%20%E8%87%BA%E5%8C%97%E5%B8%82%20%E8%AE%8A%E9%9B%BB%E6%89%80%20%E8%B3%AA%E8%A9%A2%20%E8%BB%8A%E7%A6%8D%20%E9%90%B5%E7%B7%9A%E6%A9%8B%20&oid=1615545 HTTP/1.1" 200 4987
66.249.79.109 - - [02/May/2016:05:21:13 +0800] "GET /content/repository/resource_content.jsp?oid=4438929&queryType=qs&queryString=%E7%93%A6%E6%96%AF HTTP/1.1" 200 32997
80.86.94.7 - - [02/May/2016:05:21:21 +0800] "GET /content/subject/resource_content.jsp?oid=16777840&queryType=qc%3E HTTP/1.1" 200 40649
66.249.71.60 - - [02/May/2016:05:21:26 +0800] "GET /content/nav/relationSubject.jsp?relationWords=%E5%9B%9B%E5%BA%9C+%E7%89%8C%E7%85%A7%E7%A8%85+%E8%B2%A1%E7%A8%85+&oid=1616616 HTTP/1.1" 200 3341
66.249.71.60 - - [02/May/2016:05:21:30 +0800] "GET /content/nav/relationSubject.jsp?relationWords=%E5%9B%9B%E5%BA%9C%20%E7%89%8C%E7%85%A7%E7%A8%85%20%E8%B2%A1%E7%A8%85%20&oid=1616616 HTTP/1.1" 200 3341
80.86.94.7 - - [02/May/2016:05:21:46 +0800] "GET /content/subject/resource_content.jsp?oid=16777838&queryType=qc%3E HTTP/1.1" 200 59031
66.249.77.85 - - [02/May/2016:05:22:02 +0800] "GET /content/repository/resource_content.jsp?oid=2660059&queryType=qs&queryString=%E9%81%8E%E7%81%AB HTTP/1.1" 200 30026
66.249.77.97 - - [02/May/2016:05:22:03 +0800] "GET /content/nav/relationSubject.jsp?relationWords=%E5%B7%A1%E6%92%AB+%E9%83%B5%E7%AC%A6+&oid=2660059 HTTP/1.1" 200 4002
80.86.94.7 - - [02/May/2016:05:22:11 +0800] "GET /content/subject/resource_content.jsp?oid=16777805&queryType=qc HTTP/1.1" 200 35092
80.86.94.7 - - [02/May/2016:05:22:39 +0800] "GET /content/subject/resource_content.jsp?oid=16777736&queryType=qc HTTP/1.1" 200 43184
66.249.71.60 - - [02/May/2016:05:22:49 +0800] "GET /content/nav/relationSubject.jsp?relationWords=&oid=2565166 HTTP/1.1" 200 1405
66.249.71.105 - - [02/May/2016:05:22:53 +0800] "GET /content/repository/resource_content.jsp?oid=2669706&queryType=qs&queryString=%E6%B3%B0%E5%AF%A7%E9%8E%AE HTTP/1.1" 200 30106
66.249.71.113 - - [02/May/2016:05:22:58 +0800] "GET /content/nav/relationSubject.jsp?relationWords=&oid=2669706 HTTP/1.1" 200 1405
66.249.71.60 - - [02/May/2016:05:22:59 +0800] "GET /content/nav/relationSubject.jsp?relationWords=%E8%94%A1%E6%B0%8F+&oid=1832903 HTTP/1.1" 200 3027
66.249.71.60 - - [02/May/2016:05:23:02 +0800] "GET /content/nav/relationSubject.jsp?relationWords=%E8%94%A1%E6%B0%8F%20&oid=1832903 HTTP/1.1" 200 3027
80.86.94.7 - - [02/May/2016:05:23:09 +0800] "GET /content/subject/resource_content.jsp?oid=16777721&queryType=qc HTTP/1.1" 200 36349
164.132.161.77 - - [02/May/2016:05:23:15 +0800] "GET /content/subject/resource_content.jsp?oid=16797281&queryType=qc HTTP/1.1" 200 53085
80.86.94.7 - - [02/May/2016:05:23:39 +0800] "GET /content/subject/resource_content.jsp?oid=16777599&queryType=qc HTTP/1.1" 200 36977
80.86.94.7 - - [02/May/2016:05:24:05 +0800] "GET /digiarch_en/content/tmp_auth/resource_content.jsp?oid=16777777?oid=16777777 HTTP/1.1" 500 15712
80.86.94.7 - - [02/May/2016:05:24:06 +0800] "GET /content/pictures/picture_content.jsp?oid=33554813?oid=33554813 HTTP/1.1" 302 -
207.46.13.63 - - [02/May/2016:05:24:17 +0800] "GET /content/repository/resource_content.jsp?oid=1516734&queryString=%E4%B9%9E%E6%A0%B8%20%E4%BA%BA%E5%90%8D%E6%AC%8A%E5%A8%81 HTTP/1.1" 200 29037
80.86.94.7 - - [02/May/2016:05:24:36 +0800] "GET /content/subject/resource_content.jsp?oid=16777744&queryType=qc HTTP/1.1" 200 41140
80.86.94.7 - - [02/May/2016:05:25:04 +0800] "GET /digiarch_en/content/subject/resource_content.jsp?oid=16777801&queryType=qc?oid=16777801&queryType=qc HTTP/1.1" 200 40347
80.86.94.7 - - [02/May/2016:05:25:37 +0800] "GET /content/subject/resource_content.jsp?oid=16797242&queryType=qc HTTP/1.1" 200 46766
66.249.71.5 - - [02/May/2016:05:26:14 +0800] "GET /digiarch3/content/nav/relationSubject.jsp?relationWords=%E6%BF%B1%E9%AF%9B+%E7%AC%9B%E9%AF%9B%E7%A7%91+%E7%B4%85%E9%9B%9E%E4%BB%94+&oid=15298 HTTP/1.1" 200 3408
66.249.71.5 - - [02/May/2016:05:26:19 +0800] "GET /digiarch3/content/subject/resource_content.jsp?oid=16777368&queryType=qc HTTP/1.1" 200 31933
80.86.94.7 - - [02/May/2016:05:26:31 +0800] "GET /digiarch_en/content/subject/resource_content.jsp?oid=16777463&queryType=qc?oid=16777463&queryType=qc HTTP/1.1" 200 22833
108.176.158.28 - - [02/May/2016:05:27:37 +0800] "GET /content/nav/relationSubject.jsp?relationWords=%E7%A9%97%E8%8A%B1%E5%B1%B1%E5%A5%88+%E9%87%8E%E8%96%91%E8%8A%B1+&oid=16777263 HTTP/1.1" 200 3284
66.249.77.97 - - [02/May/2016:05:28:01 +0800] "GET /content/repository/resource_content.jsp?oid=2669379&queryType=qs&queryString=%E5%8D%A1%E5%80%AB HTTP/1.1" 200 30355
140.123.56.141 - - [02/May/2016:05:28:18 +0800] "GET /content/subject/resource_content.jsp?oid=16797281&queryType=qc HTTP/1.1" 200 53085
140.123.56.141 - - [02/May/2016:05:28:19 +0800] "GET /content/nav/relationSubject.jsp?relationWords=%E5%AA%92%E9%AB%94+&oid=16797281 HTTP/1.1" 200 5011
68.180.230.90 - - [02/May/2016:05:29:47 +0800] "GET /content/subject/resource_content.jsp?oid=16777620 HTTP/1.1" 200 54819
66.249.71.64 - - [02/May/2016:05:29:51 +0800] "GET /content/nav/relationSubject.jsp?relationWords=%E6%8A%98%E8%89%B2+%E9%A6%AC%E9%A7%9D+&oid=2688058 HTTP/1.1" 200 4407
66.249.71.60 - - [02/May/2016:05:30:05 +0800] "GET /content/nav/relationSubject.jsp?relationWords=%E6%8A%98%E8%89%B2%20%E9%A6%AC%E9%A7%9D%20&oid=2688058 HTTP/1.1" 200 4407
66.249.71.188 - - [02/May/2016:05:31:26 +0800] "GET /content/repository/resource_content.jsp?oid=4363925&queryString=%E7%A5%9E%E4%B8%BB%E7%89%8C%20%E7%A5%9E%E9%BE%95 HTTP/1.1" 200 30250
66.249.71.188 - - [02/May/2016:05:31:28 +0800] "GET /content/nav/relationSubject.jsp?relationWords=%E7%A5%9E%E4%B8%BB%E7%89%8C+%E7%A5%9E%E9%BE%95+&oid=4363925 HTTP/1.1" 200 3004
66.249.71.60 - - [02/May/2016:05:31:34 +0800] "GET /content/nav/relationSubject.jsp?relationWords=%E4%B8%89%E6%9E%97+%E4%BD%83%E4%BA%BA+%E5%A5%91%E7%B4%84%E6%96%87%E6%9B%B8+%E6%94%BE%E7%A7%9F+%E6%9E%97%E5%8D%80%E7%AE%A1%E7%90%86%E8%99%95+%E7%9C%81%E6%94%BF%E5%BA%9C+%E7%AB%A0%E5%8D%9A%E9%9A%86+%E7%AB%B9%E5%B4%8E%E9%84%89+%E9%80%9A%E4%BA%8B+%E9%80%A0%E6%9E%97+&oid=1899601 HTTP/1.1" 200 4877
66.249.71.60 - - [02/May/2016:05:31:38 +0800] "GET /content/nav/relationSubject.jsp?relationWords=%E4%B8%89%E6%9E%97%20%E4%BD%83%E4%BA%BA%20%E5%A5%91%E7%B4%84%E6%96%87%E6%9B%B8%20%E6%94%BE%E7%A7%9F%20%E6%9E%97%E5%8D%80%E7%AE%A1%E7%90%86%E8%99%95%20%E7%9C%81%E6%94%BF%E5%BA%9C%20%E7%AB%A0%E5%8D%9A%E9%9A%86%20%E7%AB%B9%E5%B4%8E%E9%84%89%20%E9%80%9A%E4%BA%8B%20%E9%80%A0%E6%9E%97%20&oid=1899601 HTTP/1.1" 200 4877
66.249.71.60 - - [02/May/2016:05:31:47 +0800] "GET /content/nav/relationSubject.jsp?relationWords=%E6%AF%9B%E5%85%AC%E9%BC%8E%20&oid=1819542 HTTP/1.1" 200 3126
66.249.79.186 - - [02/May/2016:05:32:18 +0800] "GET /digiarch3/content/repository/resource_content.jsp?oid=3813810&queryString=%E9%AB%98%E5%B1%B1%E6%B2%99%E5%8F%83 HTTP/1.1" 200 31599
66.249.71.5 - - [02/May/2016:05:32:21 +0800] "GET /digiarch3/content/nav/relationSubject.jsp?relationWords=%E6%A1%94%E6%A2%97+%E6%A1%94%E6%A2%97%E7%A7%91+%E6%A4%8D%E7%89%A9%E7%95%8C+%E6%B2%99%E5%8F%83%E5%B1%AC+%E9%AB%98%E5%B1%B1%E6%B2%99%E5%8F%83+&oid=3813810 HTTP/1.1" 200 3402
66.249.71.60 - - [02/May/2016:05:32:28 +0800] "GET /content/nav/relationSubject.jsp?relationWords=%E9%B6%B4%E9%B1%B5+%E9%B6%B4%E9%B1%B5%E7%A7%91+&oid=25281 HTTP/1.1" 200 3434
66.249.79.200 - - [02/May/2016:05:32:30 +0800] "GET /content/nav/relationSubject.jsp?relationWords=%E9%B6%B4%E9%B1%B5%20%E9%B6%B4%E9%B1%B5%E7%A7%91%20&oid=25281 HTTP/1.1" 200 3434
66.249.71.60 - - [02/May/2016:05:33:09 +0800] "GET /content/repository/resource_content.jsp?oid=208242 HTTP/1.1" 200 30570
66.249.71.60 - - [02/May/2016:05:33:11 +0800] "GET /content/nav/relationSubject.jsp?relationWords=%E4%B8%AD%E5%9C%8B%E5%A4%A7%E9%99%B8%E5%9C%B0%E5%9C%96+&oid=208242 HTTP/1.1" 200 1424
199.30.24.174 - - [02/May/2016:05:33:54 +0800] "GET /content/nav/relationSubject.jsp?relationWords=%E8%96%9C%E8%8D%94+&oid=16777485 HTTP/1.1" 200 3561
66.249.71.59 - - [02/May/2016:05:34:00 +0800] "GET /content/repository/resource_content.jsp?oid=2661243&queryType=qs&queryString=%E7%91%9A%E5%9C%96%E7%A6%AE HTTP/1.1" 200 30372
66.249.71.41 - - [02/May/2016:05:34:03 +0800] "GET /content/nav/relationSubject.jsp?relationWords=%E5%90%8F%E9%83%A8+%E9%BB%83%E5%AE%89%E7%B8%A3+&oid=2661243 HTTP/1.1" 200 3151
66.249.71.60 - - [02/May/2016:05:34:51 +0800] "GET /digiarch_en/content/repository/resource_content.jsp?oid=1531794&queryString=%E5%8F%83%E8%AD%B0%E6%9C%83%20%E5%8F%B0%E7%81%A3%E7%9C%81%20%E5%AA%92%E9%AB%94%20%E8%A1%8C%E6%94%BF%E6%A9%9F%E9%97%9C%20%E9%96%8B%E5%8F%B0 HTTP/1.1" 200 25028
66.249.79.200 - - [02/May/2016:05:34:55 +0800] "GET /digiarch_en/content/nav/relationSubject.jsp?relationWords=%E5%8F%83%E8%AD%B0%E6%9C%83+%E5%BB%BA%E8%A8%AD%E5%85%AC%E5%8F%B8+%E6%9C%83%E8%AD%B0%E7%B4%80%E9%8C%84+%E6%9D%8E%E8%90%AC%E5%B1%85+%E7%9C%81%E6%94%BF%E5%BA%9C+%E8%87%BA%E5%8C%97%E5%B8%82+%E9%90%B5%E8%B7%AF%E5%B1%80+&oid=1531794 HTTP/1.1" 200 4780
66.249.71.60 - - [02/May/2016:05:35:28 +0800] "GET /content/repository/resource_content.jsp?oid=15713&queryString=%E6%9E%97%E6%8A%95%20%E6%B5%B7%E9%BE%8D%20%E7%83%88%E4%BB%94%20%E7%AE%A1%E5%94%87%E9%AD%9A%20%E9%87%91%E6%A2%AD%20%E9%87%91%E6%A2%AD%E9%B8%9A%E9%AF%9B%20%E9%9A%86%E9%A0%AD%E9%AD%9A%E7%A7%91 HTTP/1.1" 200 36959
66.249.79.200 - - [02/May/2016:05:36:34 +0800] "GET /digiarch_en/content/repository/resource_content.jsp?oid=15219&queryString=%E7%94%98%E4%BB%94%E9%AD%9A HTTP/1.1" 200 26456
66.249.71.60 - - [02/May/2016:05:36:37 +0800] "GET /digiarch_en/content/nav/relationSubject.jsp?relationWords=%E7%94%98%E4%BB%94%E9%AD%9A+&oid=15219 HTTP/1.1" 200 3299
66.249.71.60 - - [02/May/2016:05:37:25 +0800] "GET /content/repository/resource_content.jsp?oid=2144479&queryString=%E8%98%86%E8%91%A6%E5%B1%AC%20%E9%96%8B%E5%8D%A1%E8%98%86 HTTP/1.1" 200 31196
66.249.79.200 - - [02/May/2016:05:37:29 +0800] "GET /content/nav/relationSubject.jsp?relationWords=%E6%A4%8D%E7%89%A9%E7%95%8C+%E7%A6%BE%E6%9C%AC%E7%A7%91+%E8%8E%8E%E8%8D%89+%E8%98%86%E8%91%A6+%E8%98%86%E8%91%A6%E5%B1%AC+%E9%96%8B%E5%8D%A1%E8%98%86+&oid=2144479 HTTP/1.1" 200 3355
66.249.71.5 - - [02/May/2016:05:37:44 +0800] "GET /digiarch3/content/nav/relationSubject.jsp?relationWords=%E6%85%88%E6%81%A9+%E6%85%88%E6%81%A9%E8%83%A1%E9%A0%B9%E5%AD%90+%E6%A4%8D%E7%89%A9%E7%95%8C+%E8%83%A1%E9%A0%B9%E5%AD%90+%E8%83%A1%E9%A0%B9%E5%AD%90%E5%B1%AC+%E9%BC%A0%E6%9D%8E+&oid=2143083 HTTP/1.1" 200 3436
66.249.79.186 - - [02/May/2016:05:37:46 +0800] "GET /digiarch3/content/nav/relationSubject.jsp?relationWords=%E6%85%88%E6%81%A9%20%E6%85%88%E6%81%A9%E8%83%A1%E9%A0%B9%E5%AD%90%20%E6%A4%8D%E7%89%A9%E7%95%8C%20%E8%83%A1%E9%A0%B9%E5%AD%90%20%E8%83%A1%E9%A0%B9%E5%AD%90%E5%B1%AC%20%E9%BC%A0%E6%9D%8E%20&oid=2143083 HTTP/1.1" 200 3436
66.249.79.200 - - [02/May/2016:05:38:17 +0800] "GET /digiarch_en/content/repository/resource_content.jsp?oid=179093&queryString=%E7%86%B1%E6%B2%B3%E7%9C%81 HTTP/1.1" 200 23896
66.249.71.60 - - [02/May/2016:05:38:20 +0800] "GET /digiarch_en/content/nav/relationSubject.jsp?relationWords=%E5%9C%B0%E5%BD%A2%E5%9C%96+%E7%86%B1%E6%B2%B3%E7%9C%81+&oid=179093 HTTP/1.1" 200 3075
66.249.79.200 - - [02/May/2016:05:39:09 +0800] "GET /content/repository/resource_content.jsp?oid=2147033&queryString=%E6%A0%93%E7%9A%AE%E6%AB%9F%20%E6%A4%8D%E7%89%A9%E7%95%8C%20%E6%AB%9F%E5%B1%AC%20%E6%AE%BC%E6%96%97%E7%A7%91 HTTP/1.1" 200 31231
66.249.71.60 - - [02/May/2016:05:39:13 +0800] "GET /content/nav/relationSubject.jsp?relationWords=%E6%A0%93%E7%9A%AE%E6%AB%9F+%E6%A4%8D%E7%89%A9%E7%95%8C+%E6%AB%9F%E5%B1%AC+%E6%AE%BC%E6%96%97%E7%A7%91+&oid=2147033 HTTP/1.1" 200 3261
66.249.71.60 - - [02/May/2016:05:39:59 +0800] "GET /content/repository/resource_content.jsp?oid=1102152&queryString=%E5%A4%AA%E9%AD%AF%E9%96%A3%E5%8D%83%E9%87%8C%E5%85%89%20%E6%A4%8D%E7%89%A9%E7%95%8C%20%E8%8F%8A%E7%A7%91%20%E9%9B%99%E5%AD%90%E8%91%89%E6%A4%8D%E7%89%A9%20%E9%BB%83%E8%8F%80%E5%B1%AC HTTP/1.1" 200 31471
66.249.71.60 - - [02/May/2016:05:40:03 +0800] "GET /content/nav/relationSubject.jsp?relationWords=%E9%BB%83%E8%8F%80+%E9%BB%83%E8%8F%80%E5%B1%AC+&oid=1102152 HTTP/1.1" 200 3250
111.242.187.220 - - [02/May/2016:05:40:44 +0800] "GET /content/subject/resource_content.jsp?oid=16777706 HTTP/1.1" 200 53891
111.242.187.220 - - [02/May/2016:05:40:45 +0800] "GET /content/nav/relationSubject.jsp?relationWords=%E5%A0%A1%E5%9C%96+&oid=16777706 HTTP/1.1" 200 2864
66.249.71.60 - - [02/May/2016:05:40:51 +0800] "GET /content/repository/resource_content.jsp?oid=1103734&queryString=%E6%A4%8D%E7%89%A9%E7%95%8C%20%E7%B4%AB%E8%83%8C%E8%8D%89%E5%B1%AC%20%E7%BA%93%E7%B5%A8%E8%8A%B1%20%E8%8F%8A%E7%A7%91%20%E9%9B%99%E5%AD%90%E8%91%89%E6%A4%8D%E7%89%A9 HTTP/1.1" 200 31790
66.249.71.60 - - [02/May/2016:05:40:56 +0800] "GET /content/nav/relationSubject.jsp?relationWords=%E6%A4%8D%E7%89%A9%E7%95%8C+%E7%B4%AB%E8%83%8C%E8%8D%89+%E7%B4%AB%E8%83%8C%E8%8D%89%E5%B1%AC+%E7%BA%93%E7%B5%A8%E8%8A%B1+%E8%8F%8A%E7%A7%91+%E9%9B%99%E5%AD%90%E8%91%89+%E9%9B%99%E5%AD%90%E8%91%89%E6%A4%8D%E7%89%A9+&oid=1103734 HTTP/1.1" 200 3588
66.249.71.113 - - [02/May/2016:05:41:29 +0800] "GET /content/nav/relationSubject.jsp?relationWords=&oid=2638317 HTTP/1.1" 200 1405
66.249.71.60 - - [02/May/2016:05:41:42 +0800] "GET /content/repository/resource_content.jsp?oid=183484 HTTP/1.1" 200 30289
66.249.71.60 - - [02/May/2016:05:41:46 +0800] "GET /content/nav/relationSubject.jsp?relationWords=%E5%9C%8B%E7%95%8C%E5%9C%96+%E7%B1%B3%E7%88%BE+&oid=183484 HTTP/1.1" 200 3262
66.249.71.60 - - [02/May/2016:05:42:33 +0800] "GET /content/repository/resource_content.jsp?oid=2674835 HTTP/1.1" 200 30015
66.249.71.60 - - [02/May/2016:05:42:44 +0800] "GET /content/nav/relationSubject.jsp?relationWords=%E5%90%8F%E9%83%A8+&oid=2674835 HTTP/1.1" 200 3101
150.70.173.9 - - [02/May/2016:05:43:42 +0800] "GET /content/subject/resource_content.jsp?oid=16777706 HTTP/1.1" 200 53891
66.249.71.60 - - [02/May/2016:05:44:16 +0800] "GET /content/repository/resource_content.jsp?oid=14952&queryString=%E5%B0%96%E6%A3%98%E9%AF%9B HTTP/1.1" 200 34104
66.249.71.60 - - [02/May/2016:05:44:21 +0800] "GET /content/nav/relationSubject.jsp?relationWords=%E5%A4%A7%E9%9D%A2%E5%81%B4%E4%BB%94+%E5%B0%96%E6%A3%98%E9%AF%9B+%E6%A3%98%E9%AF%9B+%E9%BB%91%E5%A4%A7%E9%9D%A2%E5%81%B4%E4%BB%94+&oid=14952 HTTP/1.1" 200 3566
66.249.71.121 - - [02/May/2016:05:44:58 +0800] "GET /content/nav/relationSubject.jsp?relationWords=%E5%90%8F%E9%83%A8+%E5%A5%8F%E6%B4%BE+&oid=2676353 HTTP/1.1" 200 3136
66.249.71.121 - - [02/May/2016:05:45:00 +0800] "GET /content/nav/relationSubject.jsp?relationWords=%E5%90%8F%E9%83%A8%20%E5%A5%8F%E6%B4%BE%20&oid=2676353 HTTP/1.1" 200 3136
66.249.71.188 - - [02/May/2016:05:45:07 +0800] "GET /content/repository/resource_content.jsp?oid=614423&queryString=%E5%B9%B3%E5%A1%9A%20%E7%B8%BD%E5%8B%99%E9%95%B7%E5%AE%98 HTTP/1.1" 200 28651
66.249.71.188 - - [02/May/2016:05:45:14 +0800] "GET /content/nav/relationSubject.jsp?relationWords=%E4%B9%9E%E9%91%92+%E5%B9%B3%E5%A1%9A+&oid=614423 HTTP/1.1" 200 3612
66.249.71.60 - - [02/May/2016:05:45:59 +0800] "GET /content/repository/resource_content.jsp?oid=1096041 HTTP/1.1" 200 31021
66.249.71.60 - - [02/May/2016:05:46:04 +0800] "GET /content/nav/relationSubject.jsp?relationWords=%E6%A4%8D%E7%89%A9%E7%95%8C+%E8%8F%8A%E7%A7%91+%E9%87%91%E8%85%B0%E7%AE%AD+%E9%87%91%E8%85%B0%E7%AE%AD%E8%88%85+%E9%87%91%E8%85%B0%E7%AE%AD%E8%88%85%E5%B1%AC+%E9%9B%99%E5%AD%90%E8%91%89+%E9%9B%99%E5%AD%90%E8%91%89%E6%A4%8D%E7%89%A9+&oid=1096041 HTTP/1.1" 200 3526
66.249.71.14 - - [02/May/2016:05:46:34 +0800] "GET /content/nav/relationSubject.jsp?relationWords=%E5%9B%9E%E9%91%BE+%E9%99%B3%E8%B5%B7+&oid=2679823 HTTP/1.1" 200 3125
66.249.79.186 - - [02/May/2016:05:46:36 +0800] "GET /content/nav/relationSubject.jsp?relationWords=%E5%9B%9E%E9%91%BE%20%E9%99%B3%E8%B5%B7%20&oid=2679823 HTTP/1.1" 200 3125
66.249.71.60 - - [02/May/2016:05:46:56 +0800] "GET /content/repository/resource_content.jsp?oid=3819311&queryString=%E5%8F%B0%E7%81%A3%E6%B2%B9%E9%BB%9E%E8%8D%89%20%E6%B2%B9%E9%BB%9E%E8%8D%89%E5%B1%AC HTTP/1.1" 200 31347
66.249.71.60 - - [02/May/2016:05:47:41 +0800] "GET /content/repository/resource_content.jsp?oid=3826196&queryString=%E5%B0%8F%E9%87%91%E6%AB%BB%20%E6%A4%8D%E7%89%A9%E7%95%8C%20%E8%96%94%E8%96%87%E5%B1%AC%20%E8%96%94%E8%96%87%E7%9B%AE%20%E8%96%94%E8%96%87%E7%A7%91 HTTP/1.1" 200 31389
66.249.71.60 - - [02/May/2016:05:47:45 +0800] "GET /content/nav/relationSubject.jsp?relationWords=%E5%B0%8F%E9%87%91%E6%AB%BB+%E6%A4%8D%E7%89%A9%E7%95%8C+%E8%96%94%E8%96%87%E5%B1%AC+%E8%96%94%E8%96%87%E7%9B%AE+%E8%96%94%E8%96%87%E7%A7%91+&oid=3826196 HTTP/1.1" 200 3326
207.46.13.2 - - [02/May/2016:05:50:17 +0800] "GET /content/repository/resource_content.jsp?oid=3820758&queryString=%E6%9D%BF%E6%A0%97%20%E6%A0%97%E5%B1%AC%20%E6%A4%8D%E7%89%A9%E7%95%8C%20%E6%AE%BC%E6%96%97%E7%A7%91 HTTP/1.1" 200 30972
66.249.71.60 - - [02/May/2016:05:51:06 +0800] "GET /content/repository/resource_content.jsp?oid=1610329 HTTP/1.1" 200 30231
66.249.79.200 - - [02/May/2016:05:51:09 +0800] "GET /content/nav/relationSubject.jsp?relationWords=%E4%BF%A1%E7%94%A8%E9%83%A8+%E6%8B%8D%E8%B3%A3+%E6%93%94%E4%BF%9D%E5%93%81+%E6%B3%95%E9%99%A2+%E6%BC%81%E6%9C%83+%E7%A8%85%E6%94%B6+%E8%87%BA%E7%81%A3%E7%9C%81+%E8%B2%A1%E6%94%BF+%E8%B2%A1%E6%94%BF%E6%94%B6%E6%94%AF+%E9%80%BE%E6%9C%9F%E6%94%BE%E6%AC%BE+&oid=1610329 HTTP/1.1" 200 4748
65.55.218.54 - - [02/May/2016:05:51:11 +0800] "GET /content/repository/resource_content.jsp?oid=15560&queryString=%E8%93%8B%E5%88%BA%E9%AD%9A HTTP/1.1" 200 34125
65.55.218.54 - - [02/May/2016:05:51:14 +0800] "GET /content/nav/relationSubject.jsp?relationWords=%E5%88%BA%E9%AD%9A+%E7%92%B0%E7%B4%8B%E5%88%BA%E8%93%8B%E9%AD%9A+%E8%93%8B%E5%88%BA%E9%AD%9A+&oid=15560 HTTP/1.1" 200 3448
66.249.79.200 - - [02/May/2016:05:51:15 +0800] "GET /content/nav/relationSubject.jsp?relationWords=%E6%AC%8A%E5%88%A9+%E8%91%97%E4%BD%9C%E6%AC%8A%E6%B3%95+&oid=1629911 HTTP/1.1" 200 6604
66.249.71.60 - - [02/May/2016:05:52:02 +0800] "GET /content/nav/relationSubject.jsp?relationWords=%E5%AF%8C%E6%BA%90+%E7%91%9E%E7%A9%97%E9%84%89+%E9%81%93%E8%B7%AF%E5%B7%A5%E7%A8%8B+&oid=1629231 HTTP/1.1" 200 5793
66.249.71.60 - - [02/May/2016:05:52:06 +0800] "GET /content/nav/relationSubject.jsp?relationWords=%E5%AF%8C%E6%BA%90%20%E7%91%9E%E7%A9%97%E9%84%89%20%E9%81%93%E8%B7%AF%E5%B7%A5%E7%A8%8B%20&oid=1629231 HTTP/1.1" 200 5793
66.249.71.60 - - [02/May/2016:05:53:25 +0800] "GET /content/nav/relationSubject.jsp?relationWords=%E5%B0%8F%E8%91%89%E8%83%A1%E9%A0%B9%E5%AD%90+%E6%A4%8D%E7%89%A9%E7%95%8C+%E8%83%A1%E9%A0%B9%E5%AD%90+%E8%83%A1%E9%A0%B9%E5%AD%90%E5%B1%AC+%E9%BC%A0%E6%9D%8E+&oid=1106626 HTTP/1.1" 200 3401
66.249.71.60 - - [02/May/2016:05:53:27 +0800] "GET /content/nav/relationSubject.jsp?relationWords=%E5%B0%8F%E8%91%89%E8%83%A1%E9%A0%B9%E5%AD%90%20%E6%A4%8D%E7%89%A9%E7%95%8C%20%E8%83%A1%E9%A0%B9%E5%AD%90%20%E8%83%A1%E9%A0%B9%E5%AD%90%E5%B1%AC%20%E9%BC%A0%E6%9D%8E%20&oid=1106626 HTTP/1.1" 200 3401
66.249.77.97 - - [02/May/2016:05:53:40 +0800] "GET /content/repository/resource_content.jsp?oid=1535925&queryType=qs&queryString=%E4%BA%BA%E9%80%A0%E7%BA%96%E7%B6%AD HTTP/1.1" 200 29038
66.249.71.105 - - [02/May/2016:05:53:41 +0800] "GET /content/nav/relationSubject.jsp?relationWords=%E5%80%89%E7%B3%A7+%E5%BE%B7%E5%B7%9E+%E7%B3%A7%E6%96%9B+&oid=2516946 HTTP/1.1" 200 4067
66.249.77.97 - - [02/May/2016:05:53:42 +0800] "GET /content/nav/relationSubject.jsp?relationWords=%E4%BA%BA%E9%80%A0%E7%BA%96%E7%B6%AD+%E5%BB%BA%E8%A8%AD%E5%BB%B3+%E7%BA%96%E7%B6%AD+&oid=1535925 HTTP/1.1" 200 7295
66.249.71.105 - - [02/May/2016:05:53:43 +0800] "GET /content/nav/relationSubject.jsp?relationWords=%E5%80%89%E7%B3%A7%20%E5%BE%B7%E5%B7%9E%20%E7%B3%A7%E6%96%9B%20&oid=2516946 HTTP/1.1" 200 4067
66.249.71.113 - - [02/May/2016:05:54:16 +0800] "GET /content/subject/resource_content.jsp?oid=16777617&queryType=qs&queryString=%E7%87%92%E9%85%92%E9%9B%9E HTTP/1.1" 200 60938
66.249.71.60 - - [02/May/2016:05:54:17 +0800] "GET /content/nav/relationSubject.jsp?relationWords=%E5%81%87%E8%85%B8%E8%95%A8+%E5%81%87%E8%85%B8%E8%95%A8%E5%B1%AC+&oid=1103185 HTTP/1.1" 200 3155
66.249.71.60 - - [02/May/2016:05:54:19 +0800] "GET /content/nav/relationSubject.jsp?relationWords=%E5%81%87%E8%85%B8%E8%95%A8%20%E5%81%87%E8%85%B8%E8%95%A8%E5%B1%AC%20&oid=1103185 HTTP/1.1" 200 3155
66.249.71.113 - - [02/May/2016:05:54:20 +0800] "GET /content/nav/relationSubject.jsp?relationWords=%E7%B1%A4%E8%A9%A9+&oid=4362933 HTTP/1.1" 200 2984
66.249.71.105 - - [02/May/2016:05:54:23 +0800] "GET /content/nav/relationSubject.jsp?relationWords=%E7%B1%A4%E8%A9%A9%20&oid=4362933 HTTP/1.1" 200 2984
66.249.71.105 - - [02/May/2016:05:54:24 +0800] "GET /content/nav/relationSubject.jsp?relationWords=%E9%9B%85%E5%A0%82%E6%9B%B8%E5%B1%80+&oid=1887630 HTTP/1.1" 200 2217
66.249.71.105 - - [02/May/2016:05:54:25 +0800] "GET /content/nav/relationSubject.jsp?relationWords=%E9%9B%85%E5%A0%82%E6%9B%B8%E5%B1%80%20&oid=1887630 HTTP/1.1" 200 2217
66.249.79.251 - - [02/May/2016:05:55:46 +0800] "GET /content/nav/relationSubject.jsp?relationWords=%E4%BF%9D%E9%9A%AA+%E5%85%A5%E5%AD%B8%E8%80%83%E8%A9%A6+%E5%85%AC%E5%82%B5+%E5%88%9D%E4%B8%AD+%E5%9C%B0%E6%AC%8A+%E6%A9%9F%E6%A2%B0+%E6%B6%88%E6%A5%B5+%E7%81%AB%E7%81%BD%E4%BF%9D%E9%9A%AA+%E7%A4%BE%E6%9C%83%E7%8F%BE%E8%B1%A1+%E7%AE%97%E8%A1%93+%E8%80%95%E8%80%85%E6%9C%89%E5%85%B6%E7%94%B0+%E8%8C%82%E6%9D%BE+%E8%97%8D%E8%8C%82%E6%9D%BE+%E8%B2%A1%E6%94%BF+%E8%BE%B2%E6%A5%AD%E6%A9%9F%E6%A2%B0+%E8%BE%B2%E6%A5%AD%E6%A9%9F%E6%A2%B0%E5%8C%96+&oid=1548030 HTTP/1.1" 200 6080
66.249.77.91 - - [02/May/2016:05:56:01 +0800] "GET /content/nav/relationSubject.jsp?relationWords=%E4%BF%9D%E9%9A%AA%20%E5%85%A5%E5%AD%B8%E8%80%83%E8%A9%A6%20%E5%85%AC%E5%82%B5%20%E5%88%9D%E4%B8%AD%20%E5%9C%B0%E6%AC%8A%20%E6%A9%9F%E6%A2%B0%20%E6%B6%88%E6%A5%B5%20%E7%81%AB%E7%81%BD%E4%BF%9D%E9%9A%AA%20%E7%A4%BE%E6%9C%83%E7%8F%BE%E8%B1%A1%20%E7%AE%97%E8%A1%93%20%E8%80%95%E8%80%85%E6%9C%89%E5%85%B6%E7%94%B0%20%E8%8C%82%E6%9D%BE%20%E8%97%8D%E8%8C%82%E6%9D%BE%20%E8%B2%A1%E6%94%BF%20%E8%BE%B2%E6%A5%AD%E6%A9%9F%E6%A2%B0%20%E8%BE%B2%E6%A5%AD%E6%A9%9F%E6%A2%B0%E5%8C%96%20&oid=1548030 HTTP/1.1" 200 6080
66.249.77.91 - - [02/May/2016:05:56:57 +0800] "GET /content/nav/relationSubject.jsp?relationWords=%E6%9B%BE%E5%9C%AD%E8%A7%92+%E6%9D%9C%E9%A6%99%E5%9C%8B+&oid=1887346 HTTP/1.1" 200 3157
66.249.77.85 - - [02/May/2016:05:56:59 +0800] "GET /content/nav/relationSubject.jsp?relationWords=%E6%9B%BE%E5%9C%AD%E8%A7%92%20%E6%9D%9C%E9%A6%99%E5%9C%8B%20&oid=1887346 HTTP/1.1" 200 3157
199.30.16.183 - - [02/May/2016:05:57:35 +0800] "GET /content/nav/relationSubject.jsp?relationWords=%E5%B0%8F%E5%90%83+&oid=16797293 HTTP/1.1" 200 3156
66.249.71.64 - - [02/May/2016:05:57:57 +0800] "GET /content/repository/resource_content.jsp?oid=1621843 HTTP/1.1" 200 29173
66.249.71.72 - - [02/May/2016:05:57:58 +0800] "GET /content/nav/relationSubject.jsp?relationWords=%E5%85%AB%E5%BA%9C+%E5%85%AB%E5%BA%9C%E4%BA%BA+%E5%85%AC%E6%95%99%E4%BA%BA%E5%93%A1+&oid=1621843 HTTP/1.1" 200 3664
66.249.71.5 - - [02/May/2016:05:58:12 +0800] "GET /digiarch3/content/nav/relationSubject.jsp?relationWords=%E8%98%AD%E5%B6%BC%E7%BE%85%E6%BC%A2%E6%9D%BE+&oid=16777468 HTTP/1.1" 200 3870
66.249.71.5 - - [02/May/2016:05:58:15 +0800] "GET /digiarch3/content/nav/relationSubject.jsp?relationWords=%E8%98%AD%E5%B6%BC%E7%BE%85%E6%BC%A2%E6%9D%BE%20&oid=16777468 HTTP/1.1" 200 3870
66.249.77.97 - - [02/May/2016:05:58:48 +0800] "GET /content/subject/resource_content.jsp?oid=16777706&queryType=qs&queryString=%E5%9C%B0%E7%B1%8D%E6%B8%AC%E9%87%8F HTTP/1.1" 200 53852
66.249.71.60 - - [02/May/2016:05:58:50 +0800] "GET /content/nav/relationSubject.jsp?relationWords=%E6%96%B0%E7%AB%B9%E5%BB%B3%E5%BF%97+&oid=1774738 HTTP/1.1" 200 2123
66.249.71.105 - - [02/May/2016:05:58:50 +0800] "GET /content/nav/relationSubject.jsp?relationWords=%E5%90%8F%E9%83%A8+%E6%9E%97%E5%89%87%E5%BE%90+&oid=2664290 HTTP/1.1" 200 3151
66.249.79.207 - - [02/May/2016:05:58:52 +0800] "GET /content/nav/relationSubject.jsp?relationWords=%E6%96%B0%E7%AB%B9%E5%BB%B3%E5%BF%97%20&oid=1774738 HTTP/1.1" 200 2123
66.249.71.121 - - [02/May/2016:05:58:53 +0800] "GET /content/nav/relationSubject.jsp?relationWords=%E5%90%8F%E9%83%A8%20%E6%9E%97%E5%89%87%E5%BE%90%20&oid=2664290 HTTP/1.1" 200 3151
68.180.230.90 - - [02/May/2016:05:59:09 +0800] "GET /content/subject/resource_content.jsp?oid=16777731&queryType=qc HTTP/1.1" 200 43407
66.249.71.121 - - [02/May/2016:05:59:39 +0800] "GET /content/repository/resource_content.jsp?oid=4362075&queryType=qs&queryString=%E8%B5%B7%E4%B9%A9 HTTP/1.1" 200 30135
66.249.79.139 - - [02/May/2016:06:00:24 +0800] "GET /content/nav/relationSubject.jsp?relationWords=%E5%A4%A7%E8%91%89%E5%B1%B1%E8%9E%9E%E8%9D%97+%E5%B1%B1%E8%9E%9E%E8%9D%97%E5%B1%AC+%E6%A4%8D%E7%89%A9%E7%95%8C+%E8%A0%B6%E8%B1%86+%E9%9B%99%E5%AD%90%E8%91%89%E6%A4%8D%E7%89%A9+&oid=2148126 HTTP/1.1" 200 3438
66.249.79.200 - - [02/May/2016:06:00:31 +0800] "GET /content/repository/resource_content.jsp?oid=1616156 HTTP/1.1" 200 31616
66.249.71.60 - - [02/May/2016:06:00:33 +0800] "GET /content/nav/relationSubject.jsp?relationWords=%E4%BB%A3%E8%AA%B2%E6%95%99%E5%B8%AB+%E5%99%AA%E9%9F%B3+%E5%9C%8B%E6%B0%91%E4%B8%AD%E5%B0%8F%E5%AD%B8+%E5%AE%89%E9%9D%9E%E4%BB%96%E5%91%BD+%E5%B0%91%E5%B9%B4%E7%8A%AF+%E5%B0%91%E5%B9%B4%E7%8A%AF%E7%BD%AA+%E5%B8%AB%E6%AF%94+%E6%88%B6%E5%8F%A3%E6%99%AE%E6%9F%A5+%E6%95%99%E8%82%B2%E5%BB%B3+%E6%99%AE%E6%9F%A5+%E6%A0%A1%E5%9C%92%E6%9A%B4%E5%8A%9B+%E6%A0%A1%E8%88%8D+%E8%87%BA%E4%B8%AD%E7%B8%A3+%E8%AA%B2%E7%A8%85+%E8%B3%AA%E8%A9%A2+%E9%80%8F%E6%98%8E%E5%8C%96+%E9%95%B7%E5%84%84+%E9%97%9C%E4%B8%AD+%E9%9D%92%E5%B0%91%E5%B9%B4+%E9%9D%92%E5%B0%91%E5%B9%B4%E7%8A%AF%E7%BD%AA+&oid=1616156 HTTP/1.1" 200 4596
66.249.79.200 - - [02/May/2016:06:01:24 +0800] "GET /content/repository/resource_content.jsp?oid=1114187 HTTP/1.1" 200 30024
66.249.71.14 - - [02/May/2016:06:01:24 +0800] "GET /content/nav/relationSubject.jsp?relationWords=%E6%BC%A2%E7%A5%A8+%E7%A5%A8%E7%B0%BD+%E7%A7%BB%E9%80%81+&oid=2659873 HTTP/1.1" 200 3166
66.249.71.14 - - [02/May/2016:06:01:26 +0800] "GET /content/nav/relationSubject.jsp?relationWords=%E6%BC%A2%E7%A5%A8%20%E7%A5%A8%E7%B0%BD%20%E7%A7%BB%E9%80%81%20&oid=2659873 HTTP/1.1" 200 3166
66.249.71.60 - - [02/May/2016:06:01:27 +0800] "GET /content/nav/relationSubject.jsp?relationWords=%E7%83%8F%E8%98%87+%E7%83%8F%E8%98%87%E9%87%8C+%E7%89%9B%E5%B0%BE%E8%8F%9C+&oid=1114187 HTTP/1.1" 200 3239
66.249.71.60 - - [02/May/2016:06:01:54 +0800] "GET /content/nav/relationSubject.jsp?relationWords=%E9%99%B3%E8%80%95%E5%85%83+&oid=1774850 HTTP/1.1" 200 1890
66.249.71.60 - - [02/May/2016:06:01:56 +0800] "GET /content/nav/relationSubject.jsp?relationWords=%E9%99%B3%E8%80%95%E5%85%83%20&oid=1774850 HTTP/1.1" 200 1890
66.249.71.60 - - [02/May/2016:06:02:11 +0800] "GET /content/nav/relationSubject.jsp?relationWords=%E5%A8%98%E4%BB%94%E9%AD%9A+%E6%9C%B1%E6%96%91%E5%A4%A7%E5%92%BD%E9%B8%9A%E9%AF%9B+%E6%9C%B1%E6%96%91%E5%A4%A7%E5%92%BD%E9%BD%92%E9%AF%9B+%E7%8F%A0%E6%96%91%E5%A4%A7%E5%92%BD%E9%BD%92%E9%AD%9A+%E7%9F%B3%E6%96%91%E9%BE%8D+%E7%B6%B2%E7%B4%8B%E6%9B%B2%E9%BD%92%E9%B8%9A%E9%AF%9B+%E9%9A%86%E9%A0%AD%E9%AD%9A%E7%A7%91+%E9%B8%9A%E9%AF%9B+&oid=4352964 HTTP/1.1" 200 4000
66.249.79.200 - - [02/May/2016:06:02:14 +0800] "GET /content/repository/resource_content.jsp?oid=1108116 HTTP/1.1" 200 31360
66.249.71.60 - - [02/May/2016:06:02:14 +0800] "GET /content/nav/relationSubject.jsp?relationWords=%E5%A8%98%E4%BB%94%E9%AD%9A%20%E6%9C%B1%E6%96%91%E5%A4%A7%E5%92%BD%E9%B8%9A%E9%AF%9B%20%E6%9C%B1%E6%96%91%E5%A4%A7%E5%92%BD%E9%BD%92%E9%AF%9B%20%E7%8F%A0%E6%96%91%E5%A4%A7%E5%92%BD%E9%BD%92%E9%AD%9A%20%E7%9F%B3%E6%96%91%E9%BE%8D%20%E7%B6%B2%E7%B4%8B%E6%9B%B2%E9%BD%92%E9%B8%9A%E9%AF%9B%20%E9%9A%86%E9%A0%AD%E9%AD%9A%E7%A7%91%20%E9%B8%9A%E9%AF%9B%20&oid=4352964 HTTP/1.1" 200 4000
66.249.71.60 - - [02/May/2016:06:02:22 +0800] "GET /content/nav/relationSubject.jsp?relationWords=API+%E4%BA%94%E8%91%89%E5%B1%B1%E8%8A%B9%E8%8F%9C+%E5%B1%B1%E8%8A%B9%E8%8F%9C+%E5%B1%B1%E8%8A%B9%E8%8F%9C%E5%B1%AC+%E6%A4%8D%E7%89%A9%E7%95%8C+%E7%B9%96%E5%BD%A2%E7%A7%91+%E8%8A%B9%E8%8F%9C+%E8%8A%B9%E8%8F%9C%E5%B1%AC+%E9%9B%99%E5%AD%90%E8%91%89+%E9%9B%99%E5%AD%90%E8%91%89%E6%A4%8D%E7%89%A9+&oid=1108116 HTTP/1.1" 200 3647
66.249.71.60 - - [02/May/2016:06:02:34 +0800] "GET /content/nav/relationSubject.jsp?relationWords=%E5%8F%B0%E7%81%A3%E5%AF%B6%E9%90%B8%E8%8A%B1+%E5%AF%B6%E9%90%B8%E8%8A%B1+%E5%AF%B6%E9%90%B8%E8%8D%89+%E5%AF%B6%E9%90%B8%E8%8D%89%E5%B1%AC+%E6%A4%8D%E7%89%A9%E7%95%8C+%E7%99%BE%E5%90%88%E7%A7%91+&oid=3813904 HTTP/1.1" 200 3575
66.249.71.60 - - [02/May/2016:06:02:40 +0800] "GET /content/nav/relationSubject.jsp?relationWords=%E5%8F%B0%E7%81%A3%E5%AF%B6%E9%90%B8%E8%8A%B1%20%E5%AF%B6%E9%90%B8%E8%8A%B1%20%E5%AF%B6%E9%90%B8%E8%8D%89%20%E5%AF%B6%E9%90%B8%E8%8D%89%E5%B1%AC%20%E6%A4%8D%E7%89%A9%E7%95%8C%20%E7%99%BE%E5%90%88%E7%A7%91%20&oid=3813904 HTTP/1.1" 200 3575
220.181.108.183 - - [02/May/2016:06:02:53 +0800] "GET /content/pictures/picture_content.jsp?oid=33554557&queryType=qc HTTP/1.1" 200 27730
66.249.71.14 - - [02/May/2016:06:03:10 +0800] "GET /digiarch3/content/repository/resource_content.jsp?oid=1109392&queryType=qs&queryString=%E4%BD%8F%E5%AE%85%E5%8D%80 HTTP/1.1" 200 31664
66.249.71.5 - - [02/May/2016:06:03:12 +0800] "GET /digiarch3/content/nav/relationSubject.jsp?relationWords=%E4%B8%80%E6%9E%9D%E9%A6%99+%E6%96%91%E9%B3%A9%E8%8F%8A%E5%B1%AC+%E6%A4%8D%E7%89%A9%E7%95%8C+%E8%8F%8A%E7%A7%91+%E9%9B%99%E5%AD%90%E8%91%89%E6%A4%8D%E7%89%A9+&oid=1109392 HTTP/1.1" 200 3376
66.249.71.60 - - [02/May/2016:06:03:56 +0800] "GET /content/repository/resource_content.jsp?oid=1544772 HTTP/1.1" 200 28523
66.249.71.60 - - [02/May/2016:06:03:58 +0800] "GET /content/nav/relationSubject.jsp?relationWords=%E7%A8%85%E6%8D%90+&oid=1544772 HTTP/1.1" 200 3512
66.249.71.60 - - [02/May/2016:06:04:10 +0800] "GET /content/nav/relationSubject.jsp?relationWords=%E5%B1%B1%E6%9F%B3%E8%8F%8A%E5%B1%AC+%E6%A3%AE%E6%B0%8F%E5%B1%B1%E6%9F%B3%E8%8F%8A+%E6%A4%8D%E7%89%A9%E7%95%8C+%E8%8F%8A%E7%A7%91+%E9%9B%99%E5%AD%90%E8%91%89%E6%A4%8D%E7%89%A9+&oid=1106122 HTTP/1.1" 200 3410
207.46.13.63 - - [02/May/2016:06:04:16 +0800] "GET /content/repository/resource_content.jsp?oid=1823649&queryString=%E5%BE%90%E5%90%8C%E4%BC%AF HTTP/1.1" 200 28358
66.249.71.121 - - [02/May/2016:06:04:47 +0800] "GET /content/repository/resource_content.jsp?oid=2689129&queryType=qs&queryString=%E7%A8%BD%E5%8B%B3 HTTP/1.1" 200 30099
66.249.71.121 - - [02/May/2016:06:04:50 +0800] "GET /content/nav/relationSubject.jsp?relationWords=%E5%90%8F%E9%83%A8+%E5%AD%B8%E6%94%BF+&oid=2689129 HTTP/1.1" 200 3136
66.249.71.105 - - [02/May/2016:06:04:54 +0800] "GET /content/nav/relationSubject.jsp?relationWords=%E5%93%81%E8%B3%AA+%E5%A4%A7%E7%94%B2%E5%B8%BD+%E5%B8%BD%E8%93%86+%E8%87%BA%E4%B8%AD%E7%B8%A3+&oid=1559202 HTTP/1.1" 200 5693
66.249.71.113 - - [02/May/2016:06:04:56 +0800] "GET /content/nav/relationSubject.jsp?relationWords=%E5%93%81%E8%B3%AA%20%E5%A4%A7%E7%94%B2%E5%B8%BD%20%E5%B8%BD%E8%93%86%20%E8%87%BA%E4%B8%AD%E7%B8%A3%20&oid=1559202 HTTP/1.1" 200 5693
66.249.71.5 - - [02/May/2016:06:06:30 +0800] "GET /content/repository/resource_content.jsp?oid=14411&queryString=%E5%8F%B0%E7%81%A3%E9%8F%9F%E9%A0%9C%E9%AD%9A%20%E9%AF%89%E7%A7%91 HTTP/1.1" 200 35687
