66.249.71.60 - - [01/May/2016:06:45:46 +0800] "GET /content/nav/relationSubject.jsp?relationWords=%E6%9D%BF%E6%A0%97%20%E6%A0%97%E5%B1%AC%20%E6%A4%8D%E7%89%A9%E7%95%8C%20%E6%AE%BC%E6%96%97%E7%A7%91%20&oid=3820758 HTTP/1.1" 200 3274
66.249.77.91 - - [01/May/2016:06:45:51 +0800] "GET /content/nav/relationSubject.jsp?relationWords=%E4%B8%AD%E8%85%B9%E8%B6%B3%E7%9B%AE+%E7%94%B0%E8%9E%BA%E7%A7%91+%E7%9F%B3%E7%94%B0%E8%9E%BA+%E7%9F%B3%E7%94%B0%E8%9E%BA%E5%B1%AC+%E8%85%B9%E8%B6%B3%E7%B6%B1+%E8%BB%9F%E9%AB%94%E5%8B%95%E7%89%A9%E9%96%80+&oid=4549622 HTTP/1.1" 200 3473
66.249.79.207 - - [01/May/2016:06:46:13 +0800] "GET /content/nav/relationSubject.jsp?relationWords=%E5%AD%A3%E5%BF%B5%E7%88%B6%E9%BC%8E+&oid=1807035 HTTP/1.1" 200 2852
66.249.71.194 - - [01/May/2016:06:46:15 +0800] "GET /content/repository/resource_content.jsp?oid=2548177&queryType=qs&queryString=%E5%85%A7%E5%B8%91 HTTP/1.1" 200 29399
66.249.71.64 - - [01/May/2016:06:46:16 +0800] "GET /content/nav/relationSubject.jsp?relationWords=%E5%AD%A3%E5%BF%B5%E7%88%B6%E9%BC%8E%20&oid=1807035 HTTP/1.1" 200 2852
66.249.71.64 - - [01/May/2016:06:47:02 +0800] "GET /content/nav/relationSubject.jsp?relationWords=&oid=2529764 HTTP/1.1" 200 1405
66.249.71.60 - - [01/May/2016:06:47:24 +0800] "GET /content/repository/resource_content.jsp?oid=2679007&queryString=%E7%B8%B1%E8%A0%B9%20%E9%81%93%E8%87%A3 HTTP/1.1" 200 30438
66.249.71.60 - - [01/May/2016:06:47:28 +0800] "GET /content/nav/relationSubject.jsp?relationWords=%E5%9C%96%E9%9B%86%E5%90%8D+%E6%96%B7%E5%9C%96+%E7%B8%B1%E6%96%B7%E5%9C%96+&oid=173317 HTTP/1.1" 200 3396
66.249.71.60 - - [01/May/2016:06:47:30 +0800] "GET /content/nav/relationSubject.jsp?relationWords=%E5%9C%96%E9%9B%86%E5%90%8D%20%E6%96%B7%E5%9C%96%20%E7%B8%B1%E6%96%B7%E5%9C%96%20&oid=173317 HTTP/1.1" 200 3396
66.249.71.60 - - [01/May/2016:06:48:34 +0800] "GET /content/repository/resource_content.jsp?oid=2664362 HTTP/1.1" 200 30299
66.249.71.105 - - [01/May/2016:06:49:43 +0800] "GET /content/repository/resource_content.jsp?oid=737868&queryType=qs&queryString=%E5%8C%97%E4%BA%AC%E5%A4%A7%E5%AD%B8 HTTP/1.1" 200 29504
66.249.71.60 - - [01/May/2016:06:50:00 +0800] "GET /content/nav/relationSubject.jsp?relationWords=%E4%B8%AD%E8%85%B9+%E4%B8%AD%E8%85%B9%E8%B6%B3%E7%9B%AE+%E8%85%B9%E8%B6%B3%E7%B6%B1+%E8%9A%AF%E8%9A%93+%E8%9A%AF%E8%9A%93%E8%9E%BA+&oid=1125647 HTTP/1.1" 200 3342
66.249.71.60 - - [01/May/2016:06:50:02 +0800] "GET /content/nav/relationSubject.jsp?relationWords=%E4%B8%AD%E8%85%B9%20%E4%B8%AD%E8%85%B9%E8%B6%B3%E7%9B%AE%20%E8%85%B9%E8%B6%B3%E7%B6%B1%20%E8%9A%AF%E8%9A%93%20%E8%9A%AF%E8%9A%93%E8%9E%BA%20&oid=1125647 HTTP/1.1" 200 3342
66.249.71.113 - - [01/May/2016:06:50:13 +0800] "GET /content/nav/relationSubject.jsp?relationWords=%E4%BA%BA%E5%90%8D%E6%AC%8A%E5%A8%81+%E5%8C%97%E4%BA%AC%E5%A4%A7%E5%AD%B8+%E5%AD%AB%E5%AF%B6%E7%90%A6+%E6%97%A5%E5%BE%B7%E4%BF%98+%E6%AD%90%E7%89%B9%E6%9B%BC+%E7%A8%85%E5%8B%99+&oid=737868 HTTP/1.1" 200 3403
66.249.71.5 - - [01/May/2016:06:50:15 +0800] "GET /digiarch3/content/subject/resource_content.jsp?oid=16777299&queryString=%E5%9C%8B%E9%9A%9B%E6%9B%B8%E5%B1%95%20%E6%95%B8%E4%BD%8D%E5%85%B8%E8%97%8F%20%E6%95%B8%E4%BD%8D%E5%AD%B8%E7%BF%92%20%E7%A7%91%E6%8A%80%20%E8%A6%96%E8%A6%BA%20%E8%A6%96%E8%A6%BA%E8%A8%AD%E8%A8%88 HTTP/1.1" 200 35786
66.249.71.60 - - [01/May/2016:06:50:30 +0800] "GET /content/nav/relationSubject.jsp?relationWords=%E6%9D%9F%E5%BF%83%E8%98%AD+%E7%B2%89%E6%A2%9D%E5%85%92%E8%8F%9C%E5%B1%AC+&oid=2152969 HTTP/1.1" 200 3153
66.249.71.60 - - [01/May/2016:06:50:32 +0800] "GET /content/nav/relationSubject.jsp?relationWords=%E6%9D%9F%E5%BF%83%E8%98%AD%20%E7%B2%89%E6%A2%9D%E5%85%92%E8%8F%9C%E5%B1%AC%20&oid=2152969 HTTP/1.1" 200 3153
66.249.71.50 - - [01/May/2016:06:50:43 +0800] "GET /content/nav/relationSubject.jsp?relationWords=%E9%8A%80%E5%85%A9+&oid=2684206 HTTP/1.1" 200 5368
157.55.39.254 - - [01/May/2016:06:50:44 +0800] "GET /content/repository/resource_content.jsp?oid=1517512 HTTP/1.1" 200 29569
66.249.71.50 - - [01/May/2016:06:50:44 +0800] "GET /content/nav/relationSubject.jsp?relationWords=%E9%8A%80%E5%85%A9%20&oid=2684206 HTTP/1.1" 200 5368
66.249.71.105 - - [01/May/2016:06:50:53 +0800] "GET /content/repository/resource_content.jsp?oid=2641640&queryType=qs&queryString=%E5%AE%A3%E6%AD%A6 HTTP/1.1" 200 30120
66.249.71.60 - - [01/May/2016:06:51:03 +0800] "GET /content/nav/relationSubject.jsp?relationWords=%E5%B7%A8%E5%8F%A3%E9%AD%9A+%E5%B7%A8%E5%8F%A3%E9%AD%9A%E7%A7%91+%E6%98%9F%E8%A1%AB%E9%AD%9A+&oid=24486 HTTP/1.1" 200 3361
66.249.71.60 - - [01/May/2016:06:51:06 +0800] "GET /content/nav/relationSubject.jsp?relationWords=%E5%B7%A8%E5%8F%A3%E9%AD%9A%20%E5%B7%A8%E5%8F%A3%E9%AD%9A%E7%A7%91%20%E6%98%9F%E8%A1%AB%E9%AD%9A%20&oid=24486 HTTP/1.1" 200 3361
66.249.71.60 - - [01/May/2016:06:51:15 +0800] "GET /content/nav/relationSubject.jsp?relationWords=%E5%9F%BA%E9%9A%86%E6%B8%AF+%E8%B3%AA%E8%A9%A2+%E8%B7%A8%E6%B8%AF%E5%A4%A7%E6%A9%8B+&oid=1592998 HTTP/1.1" 200 4201
66.249.71.60 - - [01/May/2016:06:51:16 +0800] "GET /content/nav/relationSubject.jsp?relationWords=%E5%9F%BA%E9%9A%86%E6%B8%AF%20%E8%B3%AA%E8%A9%A2%20%E8%B7%A8%E6%B8%AF%E5%A4%A7%E6%A9%8B%20&oid=1592998 HTTP/1.1" 200 4201
173.252.88.152 - - [01/May/2016:06:51:57 +0800] "GET /content/repository/resource_content.jsp?oid=1460180&queryString=%E5%8E%9A%E7%9A%AE%E9%A6%99+%E5%8E%9A%E7%9A%AE%E9%A6%99%E5%B1%AC HTTP/1.1" 200 31079
66.249.71.60 - - [01/May/2016:06:52:02 +0800] "GET /content/subject/resource_content.jsp?oid=16777745&queryType=qc HTTP/1.1" 200 35935
66.249.71.113 - - [01/May/2016:06:53:12 +0800] "GET /content/repository/resource_content.jsp?oid=1584036&queryType=qs&queryString=%E8%A1%8C%E4%BA%8B%E6%9B%86 HTTP/1.1" 200 29589
68.180.230.90 - - [01/May/2016:06:53:49 +0800] "GET /digiarch_en/content/pictures/picture_content.jsp?oid=33554750 HTTP/1.1" 200 21785
207.46.13.107 - - [01/May/2016:06:54:01 +0800] "GET /content/repository/resource_content.jsp?oid=3815049&queryString=%E4%B8%89%E8%85%B3%E5%89%AA%20%E6%85%88%E5%A7%91%E5%B1%AC%20%E6%A4%8D%E7%89%A9%E7%95%8C%20%E6%B0%B4%E8%8A%8B%20%E6%BE%A4%E7%80%89%20%E6%BE%A4%E7%80%89%E7%A7%91 HTTP/1.1" 200 31343
66.249.71.105 - - [01/May/2016:06:54:21 +0800] "GET /content/repository/resource_content.jsp?oid=2631511&queryType=qs&queryString=%E8%8C%B6%E8%AA%B2 HTTP/1.1" 200 29406
66.249.71.60 - - [01/May/2016:06:54:38 +0800] "GET /content/nav/relationSubject.jsp?relationWords=&oid=2581009 HTTP/1.1" 200 1405
66.249.71.113 - - [01/May/2016:06:55:30 +0800] "GET /content/repository/resource_content.jsp?oid=2689573&queryType=qs&queryString=%E8%B1%AB%E6%9D%B1 HTTP/1.1" 200 30367
66.249.71.60 - - [01/May/2016:06:56:17 +0800] "GET /content/nav/relationSubject.jsp?relationWords=%E8%99%A2%E5%8F%94+%E8%99%A2%E5%8F%94%E7%B0%A0+&oid=1813463 HTTP/1.1" 200 3145
66.249.71.60 - - [01/May/2016:06:56:19 +0800] "GET /content/nav/relationSubject.jsp?relationWords=%E8%99%A2%E5%8F%94%20%E8%99%A2%E5%8F%94%E7%B0%A0%20&oid=1813463 HTTP/1.1" 200 3145
66.249.71.60 - - [01/May/2016:06:56:37 +0800] "GET /content/nav/relationSubject.jsp?relationWords=&oid=1814220 HTTP/1.1" 200 1405
66.249.71.5 - - [01/May/2016:06:56:40 +0800] "GET /digiarch3/content/subject/resource_content.jsp?oid=16777604&queryType=qs&queryString=%E8%B2%B7%E8%B3%A3%E5%A5%91%E7%B4%84 HTTP/1.1" 200 59891
66.249.79.200 - - [01/May/2016:06:57:12 +0800] "GET /content/nav/relationSubject.jsp?relationWords=%E6%9D%8E%E5%AD%90%E9%A7%B8+%E6%9D%B1%E6%98%A5+%E7%B0%A1%E9%8C%A6%E7%9B%8A+%E8%98%87%E6%B4%AA%E6%9C%88%E5%AC%8C+&oid=1889711 HTTP/1.1" 200 3373
66.249.71.105 - - [01/May/2016:06:57:51 +0800] "GET /content/repository/resource_content.jsp?oid=1113281&queryType=qs&queryString=%E5%B1%B1%E9%9B%80 HTTP/1.1" 200 30084
180.217.204.70 - - [01/May/2016:06:58:09 +0800] "GET /content/nav/relationSubject.jsp?relationWords=%E5%9D%AA%E6%9E%97%E7%A7%8B%E6%B5%B7%E6%A3%A0+%E7%A7%8B%E6%B5%B7%E6%A3%A0+&oid=16777493 HTTP/1.1" 200 4931
66.220.146.227 - - [01/May/2016:06:58:52 +0800] "GET /content/subject/%20http://www.facebook.com/plugins/like.php?href=http://digiarch.sinica.edu.tw/content/subject/resource_content.jsp?oid=16777493&layout=button_count&show_faces=false&action=like&font=arial&colorscheme=light HTTP/1.1" 404 14873
66.249.71.113 - - [01/May/2016:06:58:59 +0800] "GET /content/repository/resource_content.jsp?oid=2678919&queryType=qs&queryString=%E5%85%B5%E9%A4%89 HTTP/1.1" 200 30612
180.76.15.7 - - [01/May/2016:06:59:01 +0800] "GET /content/repository/resource_content.jsp?oid=2518537&queryType=qs&queryString=%E7%99%BE%E9%87%91 HTTP/1.1" 200 30123
66.249.71.60 - - [01/May/2016:06:59:10 +0800] "GET /content/nav/relationSubject.jsp?relationWords=%E5%A4%A9%E7%AB%BA%E9%AF%9B+%E5%A4%A9%E7%AB%BA%E9%AF%9B%E7%A7%91+%E9%88%8D%E5%B0%BE%E6%93%AC%E5%A4%A9%E7%AB%BA%E9%AF%9B+%E9%AF%9B%E7%A7%91+&oid=16828 HTTP/1.1" 200 3601
66.249.71.60 - - [01/May/2016:06:59:11 +0800] "GET /content/nav/relationSubject.jsp?relationWords=%E5%A4%A9%E7%AB%BA%E9%AF%9B%20%E5%A4%A9%E7%AB%BA%E9%AF%9B%E7%A7%91%20%E9%88%8D%E5%B0%BE%E6%93%AC%E5%A4%A9%E7%AB%BA%E9%AF%9B%20%E9%AF%9B%E7%A7%91%20&oid=16828 HTTP/1.1" 200 3601
180.217.204.70 - - [01/May/2016:06:59:16 +0800] "GET /content/nav/relationSubject.jsp?relationWords=%E5%9D%AA%E6%9E%97%E7%A7%8B%E6%B5%B7%E6%A3%A0+%E7%A7%8B%E6%B5%B7%E6%A3%A0+&oid=16777493 HTTP/1.1" 200 4931
180.217.204.70 - - [01/May/2016:06:59:31 +0800] "GET /content/nav/relationSubject.jsp?relationWords=%E5%9D%AA%E6%9E%97%E7%A7%8B%E6%B5%B7%E6%A3%A0+%E7%A7%8B%E6%B5%B7%E6%A3%A0+&oid=16777493 HTTP/1.1" 200 4931
66.249.71.60 - - [01/May/2016:07:00:08 +0800] "GET /content/repository/resource_content.jsp?oid=2606377 HTTP/1.1" 200 29522
39.9.14.248 - - [01/May/2016:07:00:38 +0800] "GET /content/nav/relationSubject.jsp?relationWords=%E6%9D%8E%E6%BF%9F+&oid=16777377 HTTP/1.1" 200 3256
66.249.71.60 - - [01/May/2016:07:01:18 +0800] "GET /content/repository/resource_content.jsp?oid=2600939 HTTP/1.1" 200 29462
39.9.14.248 - - [01/May/2016:07:01:19 +0800] "GET /content/nav/relationSubject.jsp?relationWords=%E6%9D%8E%E6%BF%9F+&oid=16777377 HTTP/1.1" 200 3256
39.9.14.248 - - [01/May/2016:07:02:00 +0800] "GET /content/nav/relationSubject.jsp?relationWords=%E6%9D%8E%E6%BF%9F+&oid=16777377 HTTP/1.1" 200 3256
66.249.77.85 - - [01/May/2016:07:02:27 +0800] "GET /content/repository/resource_content.jsp?oid=1844862&queryType=qs&queryString=%E5%A4%94%E9%BE%8D%E7%B4%8B HTTP/1.1" 200 31187
66.249.77.91 - - [01/May/2016:07:02:57 +0800] "GET /content/subject/resource_content.jsp?oid=16777620&queryType=qs&queryString=%E5%AD%B8%E6%A0%A1%E6%95%99%E8%82%B2 HTTP/1.1" 200 54691
68.180.230.90 - - [01/May/2016:07:03:05 +0800] "GET /content/subject/resource_content.jsp?oid=16777272 HTTP/1.1" 200 45197
207.46.13.2 - - [01/May/2016:07:03:27 +0800] "GET /content/repository/resource_content.jsp?oid=2150288&queryString=%E5%B6%BA%E5%8D%97%E6%9F%AF%20%E6%9D%B1%E5%8D%97%E7%9F%B3%E6%AB%9F%20%E6%9F%AF%E5%B1%AC%20%E6%A4%8D%E7%89%A9%E7%95%8C%20%E6%AE%BC%E6%96%97%E7%A7%91%20%E7%9F%AD%E5%B0%BE%E8%91%89%E7%9F%B3%E6%AB%9F HTTP/1.1" 200 31946
180.76.15.138 - - [01/May/2016:07:03:32 +0800] "GET /content/repository/resource_content.jsp?oid=1864257&queryString=%E6%AE%98%E7%9F%B3%E7%A3%AC HTTP/1.1" 200 29915
66.249.71.60 - - [01/May/2016:07:03:37 +0800] "GET /content/repository/resource_content.jsp?oid=1457931&queryString=%E4%BA%94%E5%8A%A0%E7%A7%91%20%E5%88%BA%E8%94%A5%E5%B1%AC%20%E6%A4%8D%E7%89%A9%E7%95%8C%20%E9%A3%9F%E7%94%A8%E5%9C%9F%E7%95%B6%E6%AD%B8 HTTP/1.1" 200 31316
66.249.71.188 - - [01/May/2016:07:03:49 +0800] "GET /content/nav/relationSubject.jsp?relationWords=%E5%8F%B0%E7%81%A3%E9%AD%9A%E9%A1%9E+%E6%B5%B7%E9%AE%AE+%E7%92%B0%E4%BF%9D+%E7%94%9F%E7%89%A9%E5%A4%9A%E6%A8%A3%E6%80%A7+%E9%8C%A2%E9%B0%BB+&oid=16777746 HTTP/1.1" 200 7222
66.249.71.60 - - [01/May/2016:07:04:04 +0800] "GET /content/nav/relationSubject.jsp?relationWords=%E6%B9%96%E5%BB%A3%E7%B8%BD%E7%9D%A3+&oid=2569386 HTTP/1.1" 200 3114
66.249.71.60 - - [01/May/2016:07:04:06 +0800] "GET /content/nav/relationSubject.jsp?relationWords=%E6%B9%96%E5%BB%A3%E7%B8%BD%E7%9D%A3%20&oid=2569386 HTTP/1.1" 200 3114
66.249.71.60 - - [01/May/2016:07:04:13 +0800] "GET /content/repository/resource_content.jsp?oid=1590361 HTTP/1.1" 200 32627
66.249.79.200 - - [01/May/2016:07:04:46 +0800] "GET /content/repository/resource_content.jsp?oid=2516651 HTTP/1.1" 200 29196
66.249.71.121 - - [01/May/2016:07:05:55 +0800] "GET /content/repository/resource_content.jsp?oid=2685131&queryType=qs&queryString=%E6%99%AF%E9%81%8B%E9%96%80 HTTP/1.1" 200 30473
66.249.71.60 - - [01/May/2016:07:06:50 +0800] "GET /content/nav/relationSubject.jsp?relationWords=%E4%B8%89%E5%AD%97%E7%B6%93+%E4%BA%8C%E6%B0%B4+%E5%85%A8%E7%8F%AD+%E5%88%9D%E4%B8%AD+%E5%9C%8B%E6%B0%91%E5%B0%8F%E5%AD%B8+%E5%9C%8B%E6%B0%91%E6%95%99%E8%82%B2+%E6%95%99%E8%82%B2%E5%BB%B3+%E6%9E%97%E5%82%B3%E6%97%BA+%E8%B3%AA%E8%A9%A2+%E9%99%B3%E6%85%B6+%E9%AB%94%E7%BD%B0+&oid=1604422 HTTP/1.1" 200 3863
180.76.15.28 - - [01/May/2016:07:07:59 +0800] "GET /content/repository/resource_content.jsp?oid=2150440&queryString=%E8%8C%84%E8%8B%B3 HTTP/1.1" 200 31099
66.249.71.113 - - [01/May/2016:07:08:14 +0800] "GET /content/repository/resource_content.jsp?oid=1777940&queryType=qs&queryString=%E9%AB%98%E7%A0%82%E7%BE%A9%E5%8B%87%E9%9A%8A HTTP/1.1" 200 39447
66.249.71.5 - - [01/May/2016:07:09:17 +0800] "GET /digiarch3/content/repository/resource_content.jsp?oid=4353944&queryString=%E5%96%AE%E6%A3%98%E9%AD%A8%E7%A7%91%20%E7%9A%AE%E5%89%9D%E9%AD%A8%20%E7%B2%97%E5%B0%BE%E5%89%8D%E8%A7%92%E9%AD%A8 HTTP/1.1" 200 34555
66.249.71.5 - - [01/May/2016:07:09:24 +0800] "GET /digiarch3/content/subject/resource_content.jsp?oid=16777428&queryType=qs&queryString=%E7%B9%94%E5%93%81 HTTP/1.1" 200 38348
66.249.71.60 - - [01/May/2016:07:09:36 +0800] "GET /content/nav/relationSubject.jsp?relationWords=%E5%B7%A5%E9%83%A8+%E7%AF%80%E6%85%8E%E5%BA%AB+%E9%8A%80%E9%8C%A2+&oid=2534841 HTTP/1.1" 200 3165
66.249.71.60 - - [01/May/2016:07:09:38 +0800] "GET /content/nav/relationSubject.jsp?relationWords=%E5%B7%A5%E9%83%A8%20%E7%AF%80%E6%85%8E%E5%BA%AB%20%E9%8A%80%E9%8C%A2%20&oid=2534841 HTTP/1.1" 200 3165
66.249.71.5 - - [01/May/2016:07:09:42 +0800] "GET /content/nav/relationSubject.jsp?relationWords=%E5%A0%85%E9%A0%AD%E5%A4%A9%E7%AB%BA%E9%AF%9B+%E5%A4%A7%E7%9B%AE%E5%81%B4%E4%BB%94+%E5%A4%A7%E9%9D%A2%E5%81%B4%E4%BB%94+%E5%A4%A9%E7%AB%BA%E9%AF%9B+%E5%A4%A9%E7%AB%BA%E9%AF%9B%E7%A7%91+&oid=15122 HTTP/1.1" 200 3661
66.249.71.5 - - [01/May/2016:07:09:44 +0800] "GET /content/nav/relationSubject.jsp?relationWords=%E5%A0%85%E9%A0%AD%E5%A4%A9%E7%AB%BA%E9%AF%9B%20%E5%A4%A7%E7%9B%AE%E5%81%B4%E4%BB%94%20%E5%A4%A7%E9%9D%A2%E5%81%B4%E4%BB%94%20%E5%A4%A9%E7%AB%BA%E9%AF%9B%20%E5%A4%A9%E7%AB%BA%E9%AF%9B%E7%A7%91%20&oid=15122 HTTP/1.1" 200 3661
66.249.71.60 - - [01/May/2016:07:10:33 +0800] "GET /content/nav/relationSubject.jsp?relationWords=%E7%B1%A4%E7%AD%92+&oid=4362360 HTTP/1.1" 200 2951
66.249.71.60 - - [01/May/2016:07:10:34 +0800] "GET /content/repository/resource_content.jsp?oid=2580301 HTTP/1.1" 200 29460
66.249.71.113 - - [01/May/2016:07:11:43 +0800] "GET /content/repository/resource_content.jsp?oid=14410&queryType=qs&queryString=%E5%8D%91%E5%8D%97%E6%BA%AA HTTP/1.1" 200 35255
66.249.71.200 - - [01/May/2016:07:12:57 +0800] "GET /content/repository/resource_content.jsp?oid=2684548&queryString=%E7%87%9F%E5%BC%81 HTTP/1.1" 200 30446
140.119.107.232 - - [01/May/2016:07:14:36 +0800] "GET /digiarch3/content/subject/resource_content.jsp?oid=16777349&queryType=qc HTTP/1.1" 200 36473
140.119.107.232 - - [01/May/2016:07:14:38 +0800] "GET /digiarch3/content/nav/relationSubject.jsp?relationWords=%E9%9D%92%E5%89%9B%E6%AB%9F+&oid=16777349 HTTP/1.1" 200 4006
174.110.30.188 - - [01/May/2016:07:14:46 +0800] "GET /content/nav/relationSubject.jsp?relationWords=&oid=16777576 HTTP/1.1" 200 1405
66.249.79.107 - - [01/May/2016:07:15:12 +0800] "GET /content/repository/resource_content.jsp?oid=4470156&queryType=qs&queryString=%E9%99%B0%E8%8E%96 HTTP/1.1" 200 28658
66.249.71.60 - - [01/May/2016:07:16:21 +0800] "GET /content/repository/resource_content.jsp?oid=2687307&queryString=%E5%88%91%E9%83%A8%20%E5%B7%A6%E4%BE%8D%E9%83%8E HTTP/1.1" 200 30922
66.220.152.33 - - [01/May/2016:07:16:49 +0800] "GET /content/subject/%20http://www.facebook.com/plugins/like.php?href=http://digiarch.sinica.edu.tw/content/subject/resource_content.jsp?oid=16777493&layout=button_count&show_faces=false&action=like&font=arial&colorscheme=light HTTP/1.1" 404 14873
1.171.201.115 - - [01/May/2016:07:16:52 +0800] "GET /content/nav/relationSubject.jsp?relationWords=%E5%9D%AA%E6%9E%97%E7%A7%8B%E6%B5%B7%E6%A3%A0+%E7%A7%8B%E6%B5%B7%E6%A3%A0+&oid=16777493 HTTP/1.1" 200 4931
66.249.71.60 - - [01/May/2016:07:17:08 +0800] "GET /content/nav/relationSubject.jsp?relationWords=%E5%90%8F%E9%83%A8+%E6%BB%87%E7%9C%81+%E7%9F%A5%E5%BA%9C+&oid=2656647 HTTP/1.1" 200 3165
1.171.201.115 - - [01/May/2016:07:17:09 +0800] "GET /content/nav/relationSubject.jsp?relationWords=%E5%9D%AA%E6%9E%97%E7%A7%8B%E6%B5%B7%E6%A3%A0+%E7%A7%8B%E6%B5%B7%E6%A3%A0+&oid=16777493 HTTP/1.1" 200 4931
66.249.71.113 - - [01/May/2016:07:17:30 +0800] "GET /content/repository/resource_content.jsp?oid=2531824&queryType=qs&queryString=%E6%9D%B1%E5%BB%A0 HTTP/1.1" 200 30618
66.249.71.50 - - [01/May/2016:07:17:31 +0800] "GET /content/nav/relationSubject.jsp?relationWords=%E6%9C%B1%E8%90%AC%E6%88%90+%E7%89%A9%E8%B3%87%E5%B1%80+%E7%B3%A7%E9%A3%9F%E5%B1%80+%E7%B6%93%E6%BF%9F%E5%88%A9%E7%9B%8A+%E7%B6%93%E6%BF%9F%E6%94%BF%E7%AD%96+%E8%B3%AA%E8%A9%A2+%E8%BE%B2%E6%B0%91%E7%94%9F%E6%B4%BB+%E9%99%B3%E7%AD%86+%E9%A0%98%E8%82%A5+&oid=1553195 HTTP/1.1" 200 4469
66.249.71.50 - - [01/May/2016:07:17:35 +0800] "GET /content/nav/relationSubject.jsp?relationWords=%E6%9C%B1%E8%90%AC%E6%88%90%20%E7%89%A9%E8%B3%87%E5%B1%80%20%E7%B3%A7%E9%A3%9F%E5%B1%80%20%E7%B6%93%E6%BF%9F%E5%88%A9%E7%9B%8A%20%E7%B6%93%E6%BF%9F%E6%94%BF%E7%AD%96%20%E8%B3%AA%E8%A9%A2%20%E8%BE%B2%E6%B0%91%E7%94%9F%E6%B4%BB%20%E9%99%B3%E7%AD%86%20%E9%A0%98%E8%82%A5%20&oid=1553195 HTTP/1.1" 200 4469
66.249.71.64 - - [01/May/2016:07:17:46 +0800] "GET /content/nav/relationSubject.jsp?relationWords=%E5%86%AC%E7%93%9C+%E6%A4%8D%E7%89%A9%E7%95%8C+%E6%B0%B4%E5%86%AC%E5%93%A5+%E6%B0%B4%E5%86%AC%E7%93%9C+%E6%B0%B4%E5%86%AC%E7%93%9C%E5%B1%AC+%E7%8D%BC%E7%8C%B4+%E7%8D%BC%E7%8C%B4%E6%A1%83+%E7%8D%BC%E7%8C%B4%E6%A1%83%E7%A7%91+&oid=1096149 HTTP/1.1" 200 3668
66.249.71.64 - - [01/May/2016:07:17:48 +0800] "GET /content/nav/relationSubject.jsp?relationWords=%E5%86%AC%E7%93%9C%20%E6%A4%8D%E7%89%A9%E7%95%8C%20%E6%B0%B4%E5%86%AC%E5%93%A5%20%E6%B0%B4%E5%86%AC%E7%93%9C%20%E6%B0%B4%E5%86%AC%E7%93%9C%E5%B1%AC%20%E7%8D%BC%E7%8C%B4%20%E7%8D%BC%E7%8C%B4%E6%A1%83%20%E7%8D%BC%E7%8C%B4%E6%A1%83%E7%A7%91%20&oid=1096149 HTTP/1.1" 200 3668
66.249.71.105 - - [01/May/2016:07:18:40 +0800] "GET /content/repository/resource_content.jsp?oid=2668519&queryType=qs&queryString=%E5%B7%9D%E6%B2%99 HTTP/1.1" 200 30179
66.249.71.105 - - [01/May/2016:07:19:49 +0800] "GET /content/repository/resource_content.jsp?oid=2569117&queryType=qs&queryString=%E6%96%B9%E6%B0%8F HTTP/1.1" 200 29229
66.249.71.60 - - [01/May/2016:07:19:51 +0800] "GET /content/repository/resource_content.jsp?oid=651870 HTTP/1.1" 200 28069
66.249.71.60 - - [01/May/2016:07:19:59 +0800] "GET /content/nav/relationSubject.jsp?relationWords=&oid=651870 HTTP/1.1" 200 1405
66.249.71.121 - - [01/May/2016:07:20:59 +0800] "GET /content/subject/resource_content.jsp?oid=16777509&queryType=qs&queryString=%E9%BB%A8%E5%85%A7%E5%88%9D%E9%81%B8 HTTP/1.1" 200 33410
195.9.247.183 - - [01/May/2016:07:21:50 +0800] "GET /content/subject/resource_content.jsp?oid=16797271&querytype=qc HTTP/1.1" 200 55170
195.9.247.183 - - [01/May/2016:07:21:55 +0800] "GET /content/nav/relationSubject.jsp?relationWords=&oid=16797271 HTTP/1.1" 200 1405
66.249.71.121 - - [01/May/2016:07:21:58 +0800] "GET /content/repository/resource_content.jsp?oid=4362825&queryType=qs&queryString=%E6%9C%9D%E5%A4%A9%E5%AE%AE HTTP/1.1" 200 28255
66.249.71.60 - - [01/May/2016:07:22:01 +0800] "GET /content/nav/relationSubject.jsp?relationWords=%E7%8E%8B%E5%AE%89%E9%A0%86+%E7%B3%A7%E9%A3%9F%E5%B1%80+%E8%87%BA%E7%81%A3%E7%9C%81+%E8%87%BA%E7%81%A3%E7%9C%81%E6%94%BF%E5%BA%9C+%E8%BE%B2%E6%9E%97%E5%BB%B3+%E8%BE%B2%E7%89%A7+&oid=1895565 HTTP/1.1" 200 4608
66.249.71.60 - - [01/May/2016:07:22:03 +0800] "GET /content/nav/relationSubject.jsp?relationWords=%E7%8E%8B%E5%AE%89%E9%A0%86%20%E7%B3%A7%E9%A3%9F%E5%B1%80%20%E8%87%BA%E7%81%A3%E7%9C%81%20%E8%87%BA%E7%81%A3%E7%9C%81%E6%94%BF%E5%BA%9C%20%E8%BE%B2%E6%9E%97%E5%BB%B3%20%E8%BE%B2%E7%89%A7%20&oid=1895565 HTTP/1.1" 200 4608
66.249.71.105 - - [01/May/2016:07:22:08 +0800] "GET /content/repository/resource_content.jsp?oid=2560297&queryType=qs&queryString=%E5%BA%9C%E5%BB%BA%E6%B0%B4 HTTP/1.1" 200 29135
66.249.77.97 - - [01/May/2016:07:23:17 +0800] "GET /content/repository/resource_content.jsp?oid=16041&queryString=%E5%A1%98%E9%B1%A7%20%E9%B1%A7%E7%A7%91 HTTP/1.1" 200 34045
66.249.77.91 - - [01/May/2016:07:23:25 +0800] "GET /content/nav/relationSubject.jsp?relationWords=%E6%BA%AA%E5%A1%98%E9%B1%A7+%E6%BA%AA%E9%B1%A7+%E7%9F%B3%E8%B2%BC%E4%BB%94+%E9%B1%A7%E7%A7%91+&oid=16041 HTTP/1.1" 200 3541
66.249.71.121 - - [01/May/2016:07:24:27 +0800] "GET /content/repository/resource_content.jsp?oid=4362933&queryType=qs&queryString=%E7%B1%A4%E8%A9%A9 HTTP/1.1" 200 28176
66.249.71.200 - - [01/May/2016:07:25:03 +0800] "GET /content/nav/relationSubject.jsp?relationWords=%E7%85%99%E9%B1%A0+%E7%8F%9E%E7%8F%88%E9%B1%A0+%E7%9F%B3%E6%96%91+%E9%81%8E%E9%AD%9A+%E9%AE%A8%E7%A7%91+%E9%B1%A0%E4%BB%94+&oid=14967 HTTP/1.1" 200 3803
66.249.71.194 - - [01/May/2016:07:25:08 +0800] "GET /content/nav/relationSubject.jsp?relationWords=%E7%85%99%E9%B1%A0%20%E7%8F%9E%E7%8F%88%E9%B1%A0%20%E7%9F%B3%E6%96%91%20%E9%81%8E%E9%AD%9A%20%E9%AE%A8%E7%A7%91%20%E9%B1%A0%E4%BB%94%20&oid=14967 HTTP/1.1" 200 3803
66.249.71.64 - - [01/May/2016:07:25:36 +0800] "GET /content/repository/resource_content.jsp?oid=2604056 HTTP/1.1" 200 29250
66.249.71.64 - - [01/May/2016:07:26:08 +0800] "GET /digiarch_en/content/nav/relationSubject.jsp?relationWords=%E6%8A%98%E8%89%B2+%E7%B1%B3%E7%9F%B3+&oid=2688102 HTTP/1.1" 200 4262
66.249.71.60 - - [01/May/2016:07:26:13 +0800] "GET /content/nav/relationSubject.jsp?relationWords=%E4%B9%99%E7%A8%AE%E8%BB%8A%E8%BC%9B+%E5%84%B2%E8%93%84+%E5%84%B2%E8%93%84%E5%AD%98%E6%AC%BE+%E5%8F%97%E7%81%BD%E6%88%B6+%E5%90%88%E4%BD%9C%E7%A4%BE+%E5%AD%98%E6%AC%BE+%E5%BD%B9%E7%94%B7+%E6%89%80%E5%BE%97%E7%A8%85+%E6%95%99%E8%82%B2%E5%8F%AC%E9%9B%86+%E6%9C%83%E8%AD%B0%E7%B4%80%E9%8C%84+%E6%9D%8E%E6%BA%90%E6%A3%A7+%E6%B4%AA%E6%A8%B5%E5%AE%B9+%E7%83%8F%E5%9D%B5+%E7%83%8F%E9%AD%9A+%E7%89%8C%E7%85%A7%E7%A8%85+%E7%B9%BC%E7%BA%8C%E6%95%99%E8%82%B2+%E8%89%B1%E6%A1%88+%E8%AD%B0%E5%93%A1%E9%BB%83%E5%A0%AF+%E8%B3%AA%E8%A9%A2+%E8%B3%B4%E6%A6%AE%E6%9C%A8+%E8%BE%B2%E6%9C%83%E4%BF%A1%E7%94%A8%E9%83%A8+%E9%AB%98%E9%9B%84%E5%B8%82+%E9%B9%BD%E5%9F%95+&oid=1567266 HTTP/1.1" 200 6660
66.249.71.60 - - [01/May/2016:07:26:22 +0800] "GET /content/nav/relationSubject.jsp?relationWords=%E8%8A%B1%E9%82%8A+&oid=33554476 HTTP/1.1" 200 3002
66.249.71.60 - - [01/May/2016:07:26:46 +0800] "GET /content/repository/resource_content.jsp?oid=3814171&queryString=%E8%80%B3%E8%95%A8%E5%B1%AC%20%E9%AB%98%E5%B1%B1%E8%80%B3%E8%95%A8 HTTP/1.1" 200 31522
66.249.71.60 - - [01/May/2016:07:27:55 +0800] "GET /content/repository/resource_content.jsp?oid=2578040 HTTP/1.1" 200 29335
66.249.71.5 - - [01/May/2016:07:28:18 +0800] "GET /digiarch3/content/subject/resource_content.jsp?oid=16777605&queryType=qs&queryString=%E8%81%AF%E5%90%88%E7%9B%AE%E9%8C%84 HTTP/1.1" 200 42305
66.249.71.60 - - [01/May/2016:07:29:04 +0800] "GET /content/repository/resource_content.jsp?oid=1557461&queryString=%E4%B8%AD%E5%A4%AE%E5%9C%96%E6%9B%B8%E9%A4%A8%20%E5%87%BA%E7%89%88%E5%93%81%20%E5%9C%8B%E9%9A%9B%E4%BA%A4%E6%8F%9B%20%E5%A4%AE%E5%9C%96 HTTP/1.1" 200 29992
66.249.71.60 - - [01/May/2016:07:29:07 +0800] "GET /content/nav/relationSubject.jsp?relationWords=%E5%87%BA%E7%89%88%E5%93%81+%E6%95%99%E8%81%B7%E5%93%A1+%E6%95%99%E8%82%B2%E5%BB%B3+%E8%91%89%E7%82%B3%E7%85%8C+%E8%B3%AA%E8%A9%A2+%E9%AB%94%E8%82%B2+&oid=1557461 HTTP/1.1" 200 3804
66.249.71.5 - - [01/May/2016:07:29:25 +0800] "GET /content/nav/relationSubject.jsp?relationWords=%E9%9B%9C%E5%A0%B1+&oid=4469334 HTTP/1.1" 200 3242
66.249.71.5 - - [01/May/2016:07:29:27 +0800] "GET /content/nav/relationSubject.jsp?relationWords=%E9%9B%9C%E5%A0%B1%20&oid=4469334 HTTP/1.1" 200 3242
66.249.71.60 - - [01/May/2016:07:30:10 +0800] "GET /content/subject/resource_content.jsp?oid=16777728&queryType=qc HTTP/1.1" 200 65177
66.249.71.60 - - [01/May/2016:07:30:14 +0800] "GET /content/repository/resource_content.jsp?oid=1578269 HTTP/1.1" 200 28864
66.249.71.60 - - [01/May/2016:07:30:47 +0800] "GET /content/nav/relationSubject.jsp?relationWords=%E5%90%8F%E9%83%A8+&oid=2642397 HTTP/1.1" 200 3101
66.249.71.60 - - [01/May/2016:07:30:51 +0800] "GET /content/nav/relationSubject.jsp?relationWords=%E5%90%8F%E9%83%A8%20&oid=2642397 HTTP/1.1" 200 3101
66.249.71.5 - - [01/May/2016:07:31:48 +0800] "GET /content/nav/relationSubject.jsp?relationWords=%E5%90%8F%E9%83%A8+%E5%BE%A1%E5%8F%B2+&oid=2678996 HTTP/1.1" 200 3136
66.249.71.60 - - [01/May/2016:07:31:51 +0800] "GET /content/nav/relationSubject.jsp?relationWords=%E5%8D%B5%E8%9B%A4+%E7%B0%BE%E8%9B%A4%E7%9B%AE+%E7%B0%BE%E8%9B%A4%E7%A7%91+%E9%9B%99%E6%AE%BC%E7%B6%B1+%E9%BB%83%E6%96%87%E8%9B%A4+&oid=1124488 HTTP/1.1" 200 3304
66.249.71.60 - - [01/May/2016:07:31:52 +0800] "GET /content/nav/relationSubject.jsp?relationWords=%E5%8D%B5%E8%9B%A4%20%E7%B0%BE%E8%9B%A4%E7%9B%AE%20%E7%B0%BE%E8%9B%A4%E7%A7%91%20%E9%9B%99%E6%AE%BC%E7%B6%B1%20%E9%BB%83%E6%96%87%E8%9B%A4%20&oid=1124488 HTTP/1.1" 200 3304
220.181.108.157 - - [01/May/2016:07:32:00 +0800] "GET /content/pictures/picture_content.jsp?oid=33554881&queryType=qc HTTP/1.1" 200 27841
68.180.230.90 - - [01/May/2016:07:32:05 +0800] "GET /content/repository/resource_content.jsp?oid=523339&queryType=qc HTTP/1.1" 200 37130
66.249.79.200 - - [01/May/2016:07:32:15 +0800] "GET /content/nav/relationSubject.jsp?relationWords=%E8%98%AD%E5%B6%BC%E7%BE%85%E6%BC%A2%E6%9D%BE+&oid=16777470 HTTP/1.1" 200 3870
66.249.71.60 - - [01/May/2016:07:32:33 +0800] "GET /content/repository/resource_content.jsp?oid=3812048&queryString=%E5%8D%83%E5%B1%A4%E5%A1%94%20%E6%9D%BE%E7%A7%91%20%E6%9D%BE%E9%96%80%20%E6%A4%8D%E7%89%A9%E7%95%8C%20%E7%9F%B3%E6%9D%BE%20%E7%9F%B3%E6%9D%BE%E5%B1%AC HTTP/1.1" 200 31787
66.249.77.91 - - [01/May/2016:07:33:43 +0800] "GET /content/subject/resource_content.jsp?oid=16777728&queryType=qc HTTP/1.1" 200 65188
66.249.71.121 - - [01/May/2016:07:34:21 +0800] "GET /content/nav/relationSubject.jsp?relationWords=%E6%9D%8E%E5%BA%9C%E5%8D%83%E6%AD%B2+&oid=4364145 HTTP/1.1" 200 2757
66.249.71.113 - - [01/May/2016:07:34:23 +0800] "GET /content/nav/relationSubject.jsp?relationWords=%E6%9D%8E%E5%BA%9C%E5%8D%83%E6%AD%B2%20&oid=4364145 HTTP/1.1" 200 2757
66.249.71.60 - - [01/May/2016:07:34:52 +0800] "GET /content/repository/resource_content.jsp?oid=2588837 HTTP/1.1" 200 29565
173.252.88.155 - - [01/May/2016:07:35:17 +0800] "GET /content/pictures/picture_content.jsp?oid=33554632&queryString=%E6%B5%B7%E5%B2%B8%E6%98%9F%E8%95%A8&queryType=qs HTTP/1.1" 200 27428
66.249.71.5 - - [01/May/2016:07:35:21 +0800] "GET /digiarch3/content/nav/relationSubject.jsp?relationWords=&oid=16777605 HTTP/1.1" 200 1405
66.220.152.33 - - [01/May/2016:07:35:43 +0800] "GET /content/subject/%20http://www.facebook.com/plugins/like.php?href=http://digiarch.sinica.edu.tw/content/subject/resource_content.jsp?oid=16777493&layout=button_count&show_faces=false&action=like&font=arial&colorscheme=light HTTP/1.1" 404 14873
1.168.146.117 - - [01/May/2016:07:35:46 +0800] "GET /content/nav/relationSubject.jsp?relationWords=%E5%9D%AA%E6%9E%97%E7%A7%8B%E6%B5%B7%E6%A3%A0+%E7%A7%8B%E6%B5%B7%E6%A3%A0+&oid=16777493 HTTP/1.1" 200 4931
66.249.77.97 - - [01/May/2016:07:36:01 +0800] "GET /content/repository/resource_content.jsp?oid=2598702&queryType=qs&queryString=%E6%B0%B8%E5%AF%B6 HTTP/1.1" 200 29347
66.249.77.85 - - [01/May/2016:07:37:11 +0800] "GET /content/repository/resource_content.jsp?oid=3825612&queryType=qs&queryString=%E4%BD%95%E9%A6%96%E7%83%8F HTTP/1.1" 200 31402
66.249.71.105 - - [01/May/2016:07:37:24 +0800] "GET /content/nav/relationSubject.jsp?relationWords=&oid=2618495 HTTP/1.1" 200 1405
66.249.71.60 - - [01/May/2016:07:37:29 +0800] "GET /content/nav/relationSubject.jsp?relationWords=%E5%8D%B0%E5%BA%A6%E9%B4%A8%E5%98%B4%E8%8D%89+%E6%A4%8D%E7%89%A9%E7%95%8C+%E7%A6%BE%E6%9C%AC%E7%A7%91+%E8%8E%8E%E8%8D%89+%E9%B4%A8%E5%98%B4%E8%8D%89%E5%B1%AC+&oid=3815058 HTTP/1.1" 200 3368
66.249.71.5 - - [01/May/2016:07:38:04 +0800] "GET /content/nav/relationSubject.jsp?relationWords=%E4%BD%95%E6%B0%8F%E6%A3%98+%E9%AF%89%E7%A7%91+&oid=4352019 HTTP/1.1" 200 3083
66.249.71.5 - - [01/May/2016:07:38:07 +0800] "GET /content/nav/relationSubject.jsp?relationWords=%E4%BD%95%E6%B0%8F%E6%A3%98%20%E9%AF%89%E7%A7%91%20&oid=4352019 HTTP/1.1" 200 3083
66.249.77.85 - - [01/May/2016:07:38:20 +0800] "GET /content/subject/resource_content.jsp?oid=16777599&queryType=qc HTTP/1.1" 200 36988
66.249.71.60 - - [01/May/2016:07:38:30 +0800] "GET /content/nav/relationSubject.jsp?relationWords=%E6%9D%BE%E7%A7%91+%E6%9D%BE%E9%96%80+%E6%A4%8D%E7%89%A9%E7%95%8C+%E7%9B%B8%E9%A6%AC%E6%B0%8F%E7%9F%B3%E6%9D%BE+%E7%9F%B3%E6%9D%BE+%E7%9F%B3%E6%9D%BE%E5%B1%AC+&oid=3812048 HTTP/1.1" 200 3375
66.249.71.60 - - [01/May/2016:07:38:34 +0800] "GET /content/nav/relationSubject.jsp?relationWords=%E6%9D%BE%E7%A7%91%20%E6%9D%BE%E9%96%80%20%E6%A4%8D%E7%89%A9%E7%95%8C%20%E7%9B%B8%E9%A6%AC%E6%B0%8F%E7%9F%B3%E6%9D%BE%20%E7%9F%B3%E6%9D%BE%20%E7%9F%B3%E6%9D%BE%E5%B1%AC%20&oid=3812048 HTTP/1.1" 200 3375
131.253.25.200 - - [01/May/2016:07:39:26 +0800] "GET /nav/relationSubject.jsp?relationWords=%E7%B4%AB%E9%88%B4%E8%97%A4+%E8%92%9C%E9%A6%99%E8%97%A4+&oid=16777257 HTTP/1.1" 404 14873
66.249.71.60 - - [01/May/2016:07:40:37 +0800] "GET /content/nav/relationSubject.jsp?relationWords=&oid=1563879 HTTP/1.1" 200 1405
66.249.79.186 - - [01/May/2016:07:40:40 +0800] "GET /content/repository/resource_content.jsp?oid=2690122&queryString=%E6%B9%96%E5%BB%A3%E7%B8%BD%E7%9D%A3%20%E7%B8%A3%E5%AE%98%E4%BA%8B HTTP/1.1" 200 30462
66.249.79.251 - - [01/May/2016:07:41:01 +0800] "GET /content/subject/resource_content.jsp?oid=16777559&queryType=qs&queryString=%E4%BA%BA%E9%A1%9E%E5%AD%B8 HTTP/1.1" 200 42419
66.249.71.60 - - [01/May/2016:07:41:35 +0800] "GET /content/nav/relationSubject.jsp?relationWords=%E5%A5%B3%E7%94%A8%E7%A5%AD%E7%AC%A0+%E9%9B%85%E7%BE%8E%E6%97%8F+&oid=1780928 HTTP/1.1" 200 2980
66.249.71.60 - - [01/May/2016:07:41:38 +0800] "GET /content/nav/relationSubject.jsp?relationWords=%E5%A5%B3%E7%94%A8%E7%A5%AD%E7%AC%A0%20%E9%9B%85%E7%BE%8E%E6%97%8F%20&oid=1780928 HTTP/1.1" 200 2980
66.249.71.60 - - [01/May/2016:07:42:28 +0800] "GET /content/nav/relationSubject.jsp?relationWords=%E5%94%90%E6%9D%BE%E8%8D%89%E5%B1%AC+%E6%A4%8D%E7%89%A9%E7%95%8C+%E6%AF%9B%E8%8C%9B+%E6%AF%9B%E8%8C%9B%E7%A7%91+%E7%8E%89%E5%B1%B1%E5%94%90%E6%9D%BE%E8%8D%89+&oid=1105668 HTTP/1.1" 200 3407
66.249.71.60 - - [01/May/2016:07:42:58 +0800] "GET /digiarch_en/content/repository/resource_content.jsp?oid=15257&queryString=%E6%B2%B9%E7%94%98%20%E8%BB%9F%E9%AA%A8%E7%94%98%20%E9%BB%91%E7%94%98%20%E9%BB%91%E7%B4%8B%E5%B0%8F%E6%A2%9D%E9%B0%A4 HTTP/1.1" 200 27049
68.180.230.90 - - [01/May/2016:07:43:13 +0800] "GET /digiarch_en/content/subject/resource_content.jsp?oid=16777336&queryType=qc HTTP/1.1" 200 27515
66.249.77.97 - - [01/May/2016:07:44:08 +0800] "GET /content/subject/resource_content.jsp?oid=16777728&queryType=qs&queryString=%E9%83%BD%E5%B8%82%E8%A8%88%E7%95%AB HTTP/1.1" 200 65163
66.249.71.60 - - [01/May/2016:07:44:10 +0800] "GET /digiarch_en/content/nav/relationSubject.jsp?relationWords=%E6%B2%B9%E7%94%98%20%E9%95%B7%E9%B0%AD%E9%B0%A4%20%E9%BB%83%E5%B0%BE%20&oid=15257 HTTP/1.1" 200 3477
173.252.88.153 - - [01/May/2016:07:44:11 +0800] "GET /content/subject/resource_content.jsp?oid=16777349&queryString=%E9%9D%92%E5%89%9B%E6%AB%9F HTTP/1.1" 200 36855
66.249.71.60 - - [01/May/2016:07:44:20 +0800] "GET /content/nav/relationSubject.jsp?relationWords=%E5%8C%AF%E8%B1%90+%E5%AD%98%E6%AC%BE+&oid=798282 HTTP/1.1" 200 4008
68.180.230.90 - - [01/May/2016:07:45:08 +0800] "GET /content/subject/resource_content.jsp?oid=16777558&queryType=qc HTTP/1.1" 200 30850
66.249.71.59 - - [01/May/2016:07:45:57 +0800] "GET /content/nav/relationSubject.jsp?relationWords=%E5%9C%8B%E9%9A%9B%E6%80%A7+%E6%A5%8A%E5%82%B3%E5%BB%A3+%E6%A9%AB%E8%B2%AB%E5%85%AC%E8%B7%AF+%E8%87%BA%E7%81%A3%E9%8A%80%E8%A1%8C+&oid=1553772 HTTP/1.1" 200 4998
66.249.71.59 - - [01/May/2016:07:45:59 +0800] "GET /content/nav/relationSubject.jsp?relationWords=%E5%9C%8B%E9%9A%9B%E6%80%A7%20%E6%A5%8A%E5%82%B3%E5%BB%A3%20%E6%A9%AB%E8%B2%AB%E5%85%AC%E8%B7%AF%20%E8%87%BA%E7%81%A3%E9%8A%80%E8%A1%8C%20&oid=1553772 HTTP/1.1" 200 4998
66.249.71.5 - - [01/May/2016:07:46:26 +0800] "GET /digiarch3/content/repository/resource_content.jsp?oid=1104339&queryString=%E9%AB%98%E5%B1%B1%E6%B2%99%E5%8F%83 HTTP/1.1" 200 31826
66.249.71.5 - - [01/May/2016:07:46:30 +0800] "GET /digiarch3/content/nav/relationSubject.jsp?relationWords=%E6%A1%94%E6%A2%97+%E6%A1%94%E6%A2%97%E7%A7%91+%E6%A4%8D%E7%89%A9%E7%95%8C+%E6%B2%99%E5%8F%83%E5%B1%AC+%E9%AB%98%E5%B1%B1%E6%B2%99%E5%8F%83+&oid=1104339 HTTP/1.1" 200 3402
66.249.71.113 - - [01/May/2016:07:46:39 +0800] "GET /content/nav/relationSubject.jsp?relationWords=%E5%B7%A5%E9%83%A8+%E6%8F%90%E7%9D%A3+%E7%A7%BB%E9%80%81+&oid=2658162 HTTP/1.1" 200 4029
66.249.71.60 - - [01/May/2016:07:46:45 +0800] "GET /content/nav/relationSubject.jsp?relationWords=%E7%88%B6%E4%B9%99+%E7%88%B6%E4%B9%99%E5%AD%9F%E8%A7%9A+&oid=3355582 HTTP/1.1" 200 3281
68.180.230.90 - - [01/May/2016:07:47:18 +0800] "GET /digiarch_en/content/subject/resource_content.jsp?oid=16777476&queryType=qc HTTP/1.1" 200 49856
66.249.77.85 - - [01/May/2016:07:47:19 +0800] "GET /content/subject/resource_content.jsp?oid=16777714&queryString= HTTP/1.1" 200 42393
66.249.71.188 - - [01/May/2016:07:47:36 +0800] "GET /content/repository/resource_content.jsp?oid=1173911&queryString=%E6%9C%A8%E8%87%BC HTTP/1.1" 200 29828
66.249.71.200 - - [01/May/2016:07:47:39 +0800] "GET /content/nav/relationSubject.jsp?relationWords=%E6%9C%A8%E8%87%BC+&oid=1173911 HTTP/1.1" 200 2927
66.249.71.5 - - [01/May/2016:07:48:08 +0800] "GET /content/nav/relationSubject.jsp?relationWords=%E5%B7%96%E8%9E%BA+%E8%85%B9%E8%B6%B3%E7%B6%B1+%E8%9A%B5%E5%B7%96%E8%9E%BA+%E9%AA%A8%E8%9E%BA+%E9%AA%A8%E8%9E%BA%E7%A7%91+&oid=1637071 HTTP/1.1" 200 3439
66.249.71.5 - - [01/May/2016:07:48:12 +0800] "GET /content/nav/relationSubject.jsp?relationWords=%E5%B7%96%E8%9E%BA%20%E8%85%B9%E8%B6%B3%E7%B6%B1%20%E8%9A%B5%E5%B7%96%E8%9E%BA%20%E9%AA%A8%E8%9E%BA%20%E9%AA%A8%E8%9E%BA%E7%A7%91%20&oid=1637071 HTTP/1.1" 200 3439
118.170.165.231 - - [01/May/2016:07:48:35 +0800] "GET /content/nav/relationSubject.jsp?relationWords=%E7%83%8F%E5%BF%83%E7%9F%B3+%E9%B1%B8%E9%B0%BB+&oid=16777303 HTTP/1.1" 200 4004
66.249.71.60 - - [01/May/2016:07:48:39 +0800] "GET /content/nav/relationSubject.jsp?relationWords=%E7%A7%BB%E9%80%81+&oid=2576146 HTTP/1.1" 200 3096
66.249.71.60 - - [01/May/2016:07:48:41 +0800] "GET /content/nav/relationSubject.jsp?relationWords=%E7%A7%BB%E9%80%81%20&oid=2576146 HTTP/1.1" 200 3096
66.249.71.60 - - [01/May/2016:07:48:55 +0800] "GET /content/nav/relationSubject.jsp?relationWords=%E7%83%8F%E5%B0%BE%E5%86%AC%E4%BB%94+%E9%B1%97%E9%B0%AD%E6%A2%85%E9%AF%9B+&oid=15343 HTTP/1.1" 200 3432
66.249.71.60 - - [01/May/2016:07:49:06 +0800] "GET /content/nav/relationSubject.jsp?relationWords=%E4%BD%9C%E6%97%85%E5%AF%B6%E5%BD%9D%E5%8D%A3+&oid=1817054 HTTP/1.1" 200 3192
66.249.71.60 - - [01/May/2016:07:49:08 +0800] "GET /content/nav/relationSubject.jsp?relationWords=%E4%BD%9C%E6%97%85%E5%AF%B6%E5%BD%9D%E5%8D%A3%20&oid=1817054 HTTP/1.1" 200 3192
180.76.15.30 - - [01/May/2016:07:49:16 +0800] "GET /content/repository/resource_content.jsp?oid=2654360&queryType=qs&queryString=%E5%91%8A%E8%95%86 HTTP/1.1" 200 30121
66.249.71.113 - - [01/May/2016:07:50:07 +0800] "GET /content/nav/relationSubject.jsp?relationWords=%E4%BA%BA%E5%90%8D%E6%AC%8A%E5%A8%81+%E5%84%89%E9%9B%BB+%E5%93%A5%E8%96%A9%E5%85%8B+%E6%A5%8A%E5%A2%9E%E6%96%B0+%E8%91%A6%E5%A1%98%E5%AD%90+&oid=666986 HTTP/1.1" 200 3325
66.249.71.121 - - [01/May/2016:07:50:11 +0800] "GET /content/nav/relationSubject.jsp?relationWords=%E4%BA%BA%E5%90%8D%E6%AC%8A%E5%A8%81%20%E5%84%89%E9%9B%BB%20%E5%93%A5%E8%96%A9%E5%85%8B%20%E6%A5%8A%E5%A2%9E%E6%96%B0%20%E8%91%A6%E5%A1%98%E5%AD%90%20&oid=666986 HTTP/1.1" 200 3325
66.249.71.121 - - [01/May/2016:07:50:42 +0800] "GET /content/nav/relationSubject.jsp?relationWords=%E9%A4%89%E9%8A%80+&oid=2687879 HTTP/1.1" 200 3063
66.249.71.5 - - [01/May/2016:07:51:04 +0800] "GET /digiarch3/content/repository/resource_content.jsp?oid=1124480&queryString=%E5%8E%9A%E6%AE%BC%E7%B8%B1%E7%B0%BE%E8%9B%A4%20%E7%B0%BE%E8%9B%A4 HTTP/1.1" 200 36490
66.249.71.60 - - [01/May/2016:07:51:20 +0800] "GET /digiarch_en/content/nav/relationSubject.jsp?relationWords=%E5%BB%96%E7%B9%BC%E9%AD%AF+%E6%9D%B1%E6%98%A5+&oid=1890432 HTTP/1.1" 200 3148
66.249.71.60 - - [01/May/2016:07:51:24 +0800] "GET /digiarch_en/content/nav/relationSubject.jsp?relationWords=%E5%BB%96%E7%B9%BC%E9%AD%AF%20%E6%9D%B1%E6%98%A5%20&oid=1890432 HTTP/1.1" 200 3148
66.249.71.60 - - [01/May/2016:07:52:57 +0800] "GET /content/nav/relationSubject.jsp?relationWords=%E6%A4%8D%E7%89%A9%E7%95%8C+%E7%89%BB%E7%89%9B%E5%85%92%E8%8B%97+%E7%B4%AB%E8%8A%B1%E9%B3%B3%E4%BB%99%E8%8A%B1+%E9%B3%B3%E4%BB%99%E8%8A%B1%E5%B1%AC+%E9%B3%B3%E4%BB%99%E8%8A%B1%E7%A7%91+&oid=1099877 HTTP/1.1" 200 3438
207.46.13.94 - - [01/May/2016:07:53:27 +0800] "GET /content/repository/resource_content.jsp?oid=1531332 HTTP/1.1" 200 28703
66.249.71.60 - - [01/May/2016:07:53:40 +0800] "GET /content/subject/resource_content.jsp?oid=16777440&queryType=qs&queryString=%E5%B7%A5%E4%BD%9C%E5%AE%A4 HTTP/1.1" 200 50057
68.180.230.90 - - [01/May/2016:07:53:43 +0800] "GET /digiarch_en/content/subject/resource_content.jsp?oid=16777454&queryType=qc HTTP/1.1" 200 24549
66.249.79.105 - - [01/May/2016:07:54:21 +0800] "GET /content/nav/relationSubject.jsp?relationWords=&oid=4362077 HTTP/1.1" 200 1405
66.249.71.60 - - [01/May/2016:07:54:55 +0800] "GET /content/nav/relationSubject.jsp?relationWords=%E6%A4%8D%E7%89%A9%E7%95%8C+%E7%B4%AB%E9%9B%B2%E8%8B%B1+%E7%B4%AB%E9%9B%B2%E8%8B%B1%E5%B1%AC+%E7%BF%B9%E6%90%96+%E8%A0%B6%E8%B1%86+%E9%9B%99%E5%AD%90%E8%91%89%E6%A4%8D%E7%89%A9+&oid=2152413 HTTP/1.1" 200 3463
66.249.71.60 - - [01/May/2016:07:54:59 +0800] "GET /content/nav/relationSubject.jsp?relationWords=%E6%A4%8D%E7%89%A9%E7%95%8C%20%E7%B4%AB%E9%9B%B2%E8%8B%B1%20%E7%B4%AB%E9%9B%B2%E8%8B%B1%E5%B1%AC%20%E7%BF%B9%E6%90%96%20%E8%A0%B6%E8%B1%86%20%E9%9B%99%E5%AD%90%E8%91%89%E6%A4%8D%E7%89%A9%20&oid=2152413 HTTP/1.1" 200 3463
66.249.71.105 - - [01/May/2016:07:56:34 +0800] "GET /content/nav/relationSubject.jsp?relationWords=%E5%81%A5%E5%BA%B7%E6%A1%88+%E5%81%BD%E8%97%A5+%E6%88%90%E8%97%A5+%E8%87%A8%E5%BA%8A+&oid=1626791 HTTP/1.1" 200 3974
66.249.71.105 - - [01/May/2016:07:56:37 +0800] "GET /content/nav/relationSubject.jsp?relationWords=%E5%81%A5%E5%BA%B7%E6%A1%88%20%E5%81%BD%E8%97%A5%20%E6%88%90%E8%97%A5%20%E8%87%A8%E5%BA%8A%20&oid=1626791 HTTP/1.1" 200 3974
66.249.71.60 - - [01/May/2016:07:56:51 +0800] "GET /content/repository/resource_content.jsp?oid=692946&queryString=%E4%BA%BA%E5%90%8D%E6%AC%8A%E5%A8%81%20%E4%BF%84%E5%9C%8B HTTP/1.1" 200 29083
66.249.71.60 - - [01/May/2016:07:56:55 +0800] "GET /content/nav/relationSubject.jsp?relationWords=%E4%BA%BA%E5%90%8D%E6%AC%8A%E5%A8%81+%E4%BF%84%E4%BA%9E+%E4%BF%84%E5%9C%8B+&oid=692946 HTTP/1.1" 200 3179
66.249.71.105 - - [01/May/2016:07:57:28 +0800] "GET /content/nav/relationSubject.jsp?relationWords=%E5%93%A8%E6%8E%A2+&oid=2679314 HTTP/1.1" 200 3036
66.249.71.105 - - [01/May/2016:07:57:29 +0800] "GET /content/nav/relationSubject.jsp?relationWords=%E5%90%8F%E9%83%A8+%E7%9F%A5%E5%B7%9E+&oid=2655539 HTTP/1.1" 200 3136
66.249.71.105 - - [01/May/2016:07:57:32 +0800] "GET /content/nav/relationSubject.jsp?relationWords=%E5%93%A8%E6%8E%A2%20&oid=2679314 HTTP/1.1" 200 3036
66.249.71.105 - - [01/May/2016:07:57:33 +0800] "GET /content/nav/relationSubject.jsp?relationWords=%E5%90%8F%E9%83%A8%20%E7%9F%A5%E5%B7%9E%20&oid=2655539 HTTP/1.1" 200 3136
66.249.71.60 - - [01/May/2016:07:58:01 +0800] "GET /content/repository/resource_content.jsp?oid=1818627 HTTP/1.1" 200 28516
66.249.79.135 - - [01/May/2016:07:59:11 +0800] "GET /content/subject/resource_content.jsp?oid=16777660&queryType=qc HTTP/1.1" 200 70777
66.249.71.60 - - [01/May/2016:08:00:01 +0800] "GET /digiarch_en/content/repository/resource_content.jsp?oid=2659954&queryString=%E4%BF%AE%E5%A2%93%20%E5%90%B3%E9%B3%B3%20%E5%A2%93%E5%9C%92%20%E6%95%B4%E4%BF%AE%20%E6%96%87%E7%89%A9%E9%99%B3%E5%88%97%E9%A4%A8%20%E7%AB%B9%E5%B4%8E%E9%84%89%20%E7%BE%A9%E4%BB%81 HTTP/1.1" 200 23825
66.249.71.60 - - [01/May/2016:08:00:10 +0800] "GET /digiarch_en/content/nav/relationSubject.jsp?relationWords=%E8%AB%8B%E6%95%95+&oid=2521273 HTTP/1.1" 200 3116
173.252.88.154 - - [01/May/2016:08:00:22 +0800] "GET /content/repository/resource_content.jsp?oid=4354593 HTTP/1.1" 200 29557
31.205.6.218 - - [01/May/2016:08:01:02 +0800] "GET /content/subject/resource_content.jsp?oid=16797242&queryType=qc HTTP/1.1" 200 46766
31.205.6.218 - - [01/May/2016:08:01:05 +0800] "GET /content/nav/relationSubject.jsp?relationWords=&oid=16797242 HTTP/1.1" 200 1405
66.249.71.60 - - [01/May/2016:08:01:16 +0800] "GET /content/nav/relationSubject.jsp?relationWords=%E5%9B%9B%E5%BA%9C+%E5%AE%89%E5%85%A8%E6%A1%88+%E5%B9%B3%E4%BA%A4%E9%81%93+%E7%99%BD%E9%B5%9D+%E7%A4%81%E6%BA%AA%E9%84%89+%E8%87%BA%E7%81%A3%E7%9C%81+%E9%84%B0%E9%95%B7+&oid=1613689 HTTP/1.1" 200 4598
66.249.71.60 - - [01/May/2016:08:01:18 +0800] "GET /content/nav/relationSubject.jsp?relationWords=%E5%9B%9B%E5%BA%9C%20%E5%AE%89%E5%85%A8%E6%A1%88%20%E5%B9%B3%E4%BA%A4%E9%81%93%20%E7%99%BD%E9%B5%9D%20%E7%A4%81%E6%BA%AA%E9%84%89%20%E8%87%BA%E7%81%A3%E7%9C%81%20%E9%84%B0%E9%95%B7%20&oid=1613689 HTTP/1.1" 200 4598
66.249.71.113 - - [01/May/2016:08:01:44 +0800] "GET /content/nav/relationSubject.jsp?relationWords=%E6%95%95%E6%9B%B8+%E7%81%8C%E9%A0%82+&oid=2548422 HTTP/1.1" 200 3122
66.249.71.5 - - [01/May/2016:08:01:57 +0800] "GET /digiarch3/content/nav/relationSubject.jsp?relationWords=%E7%B4%AB%E8%8F%80%E5%B1%AC+&oid=1098741 HTTP/1.1" 200 2954
66.249.71.5 - - [01/May/2016:08:01:59 +0800] "GET /digiarch3/content/nav/relationSubject.jsp?relationWords=%E7%B4%AB%E8%8F%80%E5%B1%AC%20&oid=1098741 HTTP/1.1" 200 2954
66.249.71.60 - - [01/May/2016:08:02:21 +0800] "GET /content/nav/relationSubject.jsp?relationWords=%E5%A4%AA%E5%AE%88+&oid=1818627 HTTP/1.1" 200 3408
66.249.71.60 - - [01/May/2016:08:02:39 +0800] "GET /content/repository/resource_content.jsp?oid=1614508&queryString=%E4%B8%80%E5%BA%9C%E4%BA%BA HTTP/1.1" 200 29313
66.249.71.60 - - [01/May/2016:08:02:42 +0800] "GET /content/nav/relationSubject.jsp?relationWords=%E4%B8%80%E5%BA%9C%E4%BA%BA+%E5%85%AC%E6%95%99%E4%BA%BA%E5%93%A1+%E5%B7%A5%E5%8F%8B+&oid=1614508 HTTP/1.1" 200 3802
66.249.71.60 - - [01/May/2016:08:02:43 +0800] "GET /content/nav/relationSubject.jsp?relationWords=%E6%9D%8E%E9%9B%85%E6%99%AF+%E8%81%AF%E7%99%BB+%E9%BB%83%E6%B0%B8+%E9%BB%83%E6%B0%B8%E6%AC%BD+&oid=1891286 HTTP/1.1" 200 3315
66.249.71.60 - - [01/May/2016:08:02:45 +0800] "GET /content/nav/relationSubject.jsp?relationWords=%E6%9D%8E%E9%9B%85%E6%99%AF%20%E8%81%AF%E7%99%BB%20%E9%BB%83%E6%B0%B8%20%E9%BB%83%E6%B0%B8%E6%AC%BD%20&oid=1891286 HTTP/1.1" 200 3315
66.249.71.60 - - [01/May/2016:08:03:26 +0800] "GET /content/nav/relationSubject.jsp?relationWords=%E5%BF%8D%E5%86%AC%E7%A7%91+%E6%A4%8D%E7%89%A9%E7%95%8C+%E7%8F%8A%E7%91%9A%E6%A8%B9+&oid=1462133 HTTP/1.1" 200 3256
66.249.71.60 - - [01/May/2016:08:03:48 +0800] "GET /content/repository/resource_content.jsp?oid=1622066 HTTP/1.1" 200 28603
66.249.71.60 - - [01/May/2016:08:03:50 +0800] "GET /content/nav/relationSubject.jsp?relationWords=%E5%AE%89%E5%B9%B3%E5%8D%80+%E9%80%A0%E8%88%B9%E6%A5%AD+&oid=1622066 HTTP/1.1" 200 4615
66.249.71.60 - - [01/May/2016:08:04:57 +0800] "GET /content/repository/resource_content.jsp?oid=1534299 HTTP/1.1" 200 28993
66.249.71.60 - - [01/May/2016:08:05:00 +0800] "GET /content/nav/relationSubject.jsp?relationWords=%E5%95%86%E8%89%B1%E6%A1%88+%E5%AE%A2%E9%81%8B+%E6%9E%97%E5%85%A8%E7%A5%BF+%E7%9C%81%E6%94%BF%E5%BA%9C+%E8%87%BA%E7%81%A3%E7%9C%81%E8%AD%B0%E6%9C%83+&oid=1534299 HTTP/1.1" 200 4672
173.252.88.154 - - [01/May/2016:08:05:10 +0800] "GET /content/repository/resource_content.jsp?oid=3823505&queryString=%E5%8F%B0%E7%81%A3%E5%B1%B1%E6%A1%82%E8%8A%B1+%E5%A0%B1%E6%98%A5%E8%8A%B1+%E5%B1%B1%E6%A1%82%E8%8A%B1%E5%B1%AC+%E6%A4%8D%E7%89%A9%E7%95%8C+%E7%B4%AB%E9%87%91%E7%89%9B%E7%A7%91 HTTP/1.1" 200 31517
66.249.79.200 - - [01/May/2016:08:05:18 +0800] "GET /content/nav/relationSubject.jsp?relationWords=%E5%94%87%E5%BD%A2%E7%A7%91+%E5%B1%B1%E8%96%84%E8%8D%B7+%E5%B1%B1%E8%96%84%E8%8D%B7%E5%B1%AC+%E6%A4%8D%E7%89%A9%E7%95%8C+%E8%96%84%E8%8D%B7+%E8%9C%9C%E8%9C%82%E8%8A%B1+%E9%9B%99%E5%AD%90%E8%91%89%E6%A4%8D%E7%89%A9+&oid=1109320 HTTP/1.1" 200 3529
66.249.79.107 - - [01/May/2016:08:06:08 +0800] "GET /content/repository/resource_content.jsp?oid=2675682&queryType=qs&queryString=%E9%80%B2%E5%A3%AB%E7%99%BB%E7%A7%91%E9%8C%84 HTTP/1.1" 200 30056
66.249.71.105 - - [01/May/2016:08:06:11 +0800] "GET /content/nav/relationSubject.jsp?relationWords=%E6%9C%83%E8%A9%A6%E9%8C%84+%E7%A6%AE%E9%83%A8+&oid=2675682 HTTP/1.1" 200 3110
66.249.77.97 - - [01/May/2016:08:06:20 +0800] "GET /content/repository/resource_content.jsp?oid=1806995&queryType=qs&queryString=%E4%BD%A9%E5%8A%8D HTTP/1.1" 200 40159
66.249.71.105 - - [01/May/2016:08:06:21 +0800] "GET /content/nav/relationSubject.jsp?relationWords=%E5%8D%8A%E9%82%8A%E9%AD%9A+%E6%89%81%E9%AD%9A+%E6%9C%A8%E8%91%89%E9%B0%88+%E6%AF%94%E7%9B%AE%E9%AD%9A+%E7%9A%87%E5%B8%9D%E9%AD%9A+%E9%B0%88%E7%A7%91+&oid=16424 HTTP/1.1" 200 3685
66.249.71.105 - - [01/May/2016:08:06:24 +0800] "GET /content/nav/relationSubject.jsp?relationWords=%E5%8D%8A%E9%82%8A%E9%AD%9A%20%E6%89%81%E9%AD%9A%20%E6%9C%A8%E8%91%89%E9%B0%88%20%E6%AF%94%E7%9B%AE%E9%AD%9A%20%E7%9A%87%E5%B8%9D%E9%AD%9A%20%E9%B0%88%E7%A7%91%20&oid=16424 HTTP/1.1" 200 3685
68.180.230.90 - - [01/May/2016:08:06:30 +0800] "GET /digiarch_en/content/subject/resource_content.jsp?oid=16777633&queryType=qc HTTP/1.1" 200 39013
207.46.13.107 - - [01/May/2016:08:06:55 +0800] "GET /content/repository/resource_content.jsp?oid=2144478 HTTP/1.1" 200 30619
66.249.77.85 - - [01/May/2016:08:07:41 +0800] "GET /content/nav/relationSubject.jsp?relationWords=%E8%87%AA%E4%B8%BB%E6%AC%8A%20%E8%B3%AA%E8%A9%A2%20%E9%83%BD%E5%B8%82%E8%A8%88%E7%95%AB%20&oid=1594860 HTTP/1.1" 200 4742
220.181.108.144 - - [01/May/2016:08:08:00 +0800] "GET /content/tmp_exh/resource_content.jsp?oid=16777741&queryType=qc HTTP/1.1" 200 49831
66.249.77.91 - - [01/May/2016:08:08:08 +0800] "GET /content/nav/relationSubject.jsp?relationWords=%E5%B6%BD%E7%80%86+%E5%B7%A5%E9%83%A8+&oid=2663935 HTTP/1.1" 200 3103
66.249.79.251 - - [01/May/2016:08:08:13 +0800] "GET /content/nav/relationSubject.jsp?relationWords=%E5%B6%BD%E7%80%86%20%E5%B7%A5%E9%83%A8%20&oid=2663935 HTTP/1.1" 200 3103
66.249.71.105 - - [01/May/2016:08:08:24 +0800] "GET /content/nav/relationSubject.jsp?relationWords=%E5%B7%A1%E6%8C%89%E5%BE%A1%E5%8F%B2+&oid=2518231 HTTP/1.1" 200 3126
66.249.71.60 - - [01/May/2016:08:08:58 +0800] "GET /content/nav/relationSubject.jsp?relationWords=%E9%99%B8%E6%B8%AC%E5%9C%96+&oid=224556 HTTP/1.1" 200 3079
66.249.71.105 - - [01/May/2016:08:09:35 +0800] "GET /content/repository/resource_content.jsp?oid=15337&queryType=qs&queryString=%E6%BF%B1%E9%AF%9B HTTP/1.1" 200 35341
66.220.152.35 - - [01/May/2016:08:10:26 +0800] "GET /content/subject/%20http://www.facebook.com/plugins/like.php?href=http://digiarch.sinica.edu.tw/content/subject/resource_content.jsp?oid=16777493&layout=button_count&show_faces=false&action=like&font=arial&colorscheme=light HTTP/1.1" 404 14873
59.126.240.182 - - [01/May/2016:08:10:27 +0800] "GET /content/nav/relationSubject.jsp?relationWords=%E5%9D%AA%E6%9E%97%E7%A7%8B%E6%B5%B7%E6%A3%A0+%E7%A7%8B%E6%B5%B7%E6%A3%A0+&oid=16777493 HTTP/1.1" 200 4931
66.249.71.105 - - [01/May/2016:08:10:45 +0800] "GET /content/repository/resource_content.jsp?oid=1850249&queryType=qs&queryString=%E9%80%A0%E5%BD%A2 HTTP/1.1" 200 29688
66.249.79.200 - - [01/May/2016:08:11:10 +0800] "GET /content/nav/relationSubject.jsp?relationWords=%E4%B8%B9%E9%BA%A5+%E5%85%A5%E5%87%BA%E5%A2%83%E7%AE%A1%E7%90%86%E5%B1%80+%E5%85%A7%E6%94%BF%E9%83%A8+%E5%A5%A7%E5%9C%B0%E5%88%A9+%E5%B8%8C%E8%87%98+%E6%8C%AA%E5%A8%81+%E7%BE%A9%E5%A4%A7%E5%88%A9+%E8%87%BA%E7%81%A3%E7%9C%81%E8%AD%B0%E6%9C%83+%E8%A5%BF%E5%BE%B7+%E8%AB%8B%E9%91%92+%E9%91%92%E6%A0%B8%E6%A1%88+&oid=1894839 HTTP/1.1" 200 4552
66.249.79.207 - - [01/May/2016:08:11:13 +0800] "GET /content/nav/relationSubject.jsp?relationWords=%E4%B8%B9%E9%BA%A5%20%E5%85%A5%E5%87%BA%E5%A2%83%E7%AE%A1%E7%90%86%E5%B1%80%20%E5%85%A7%E6%94%BF%E9%83%A8%20%E5%A5%A7%E5%9C%B0%E5%88%A9%20%E5%B8%8C%E8%87%98%20%E6%8C%AA%E5%A8%81%20%E7%BE%A9%E5%A4%A7%E5%88%A9%20%E8%87%BA%E7%81%A3%E7%9C%81%E8%AD%B0%E6%9C%83%20%E8%A5%BF%E5%BE%B7%20%E8%AB%8B%E9%91%92%20%E9%91%92%E6%A0%B8%E6%A1%88%20&oid=1894839 HTTP/1.1" 200 4552
66.249.71.60 - - [01/May/2016:08:11:56 +0800] "GET /content/subject/resource_content.jsp?oid=16777720&queryString=%E5%8F%B0%E7%81%A3%E5%8E%9F%E4%BD%8F%E6%B0%91%20%E5%9F%BA%E5%9B%A0%20%E7%94%9F%E7%89%A9%E5%A4%9A%E6%A8%A3%E6%80%A7%20%E9%81%BA%E5%82%B3 HTTP/1.1" 200 30040
66.249.77.85 - - [01/May/2016:08:13:19 +0800] "GET /content/nav/relationSubject.jsp?relationWords=%E5%85%89%E9%B1%97%E9%AD%9A+%E5%8F%A4%E5%B7%B4+%E8%A3%B8%E7%8B%97%E6%AF%8D%E9%AD%9A+&oid=14480 HTTP/1.1" 200 3654
66.249.77.85 - - [01/May/2016:08:13:21 +0800] "GET /content/nav/relationSubject.jsp?relationWords=%E5%85%89%E9%B1%97%E9%AD%9A%20%E5%8F%A4%E5%B7%B4%20%E8%A3%B8%E7%8B%97%E6%AF%8D%E9%AD%9A%20&oid=14480 HTTP/1.1" 200 3654
