66.249.71.105 - - [22/Apr/2016:08:41:11 +0800] "GET /content/repository/resource_content.jsp?oid=2470384&queryType=qs&queryString=%E6%B1%A0%E7%94%B0%E6%95%8F%E9%9B%84 HTTP/1.1" 200 30446
66.249.71.64 - - [22/Apr/2016:08:41:58 +0800] "GET /content/repository/resource_content.jsp?oid=1636911 HTTP/1.1" 200 29260
66.249.79.186 - - [22/Apr/2016:08:42:25 +0800] "GET /digiarch3/content/nav/relationSubject.jsp?relationWords=&oid=2676409 HTTP/1.1" 200 1405
66.249.71.64 - - [22/Apr/2016:08:42:45 +0800] "GET /content/repository/resource_content.jsp?oid=1096000 HTTP/1.1" 200 30687
114.45.161.137 - - [22/Apr/2016:08:42:56 +0800] "GET /content/subject/resource_content.jsp?oid=16777776&queryType=qs&queryString=%E8%87%BA%E5%8C%97%E5%B8%9D%E5%9C%8B%E5%A4%A7%E5%AD%B8 HTTP/1.1" 200 61616
114.45.161.137 - - [22/Apr/2016:08:42:57 +0800] "GET /content/nav/relationSubject.jsp?relationWords=%E7%81%8C%E5%9C%92%E5%85%88%E7%94%9F+%E9%87%91%E6%B3%B0+&oid=16777776 HTTP/1.1" 200 4257
66.249.77.25 - - [22/Apr/2016:08:43:32 +0800] "GET /content/subject/resource_content.jsp?oid=16777434&queryType=qs&queryString=%E6%B4%BB%E5%8C%96%E7%9F%B3 HTTP/1.1" 200 31584
66.249.71.194 - - [22/Apr/2016:08:43:44 +0800] "GET /content/nav/relationSubject.jsp?relationWords=&oid=16777760 HTTP/1.1" 200 1405
66.249.71.64 - - [22/Apr/2016:08:44:19 +0800] "GET /content/repository/resource_content.jsp?oid=1773907 HTTP/1.1" 200 28944
66.249.71.60 - - [22/Apr/2016:08:44:50 +0800] "GET /content/nav/relationSubject.jsp?relationWords=%E4%BD%9B%E7%94%B2%E8%8D%89%E5%B1%AC+%E6%A4%8D%E7%89%A9%E7%95%8C+%E7%8E%89%E5%B1%B1%E4%BD%9B%E7%94%B2%E8%8D%89+%E8%96%94%E8%96%87%E7%9B%AE+&oid=1097352 HTTP/1.1" 200 3357
66.249.79.207 - - [22/Apr/2016:08:44:52 +0800] "GET /content/nav/relationSubject.jsp?relationWords=%E4%BD%9B%E7%94%B2%E8%8D%89%E5%B1%AC%20%E6%A4%8D%E7%89%A9%E7%95%8C%20%E7%8E%89%E5%B1%B1%E4%BD%9B%E7%94%B2%E8%8D%89%20%E8%96%94%E8%96%87%E7%9B%AE%20&oid=1097352 HTTP/1.1" 200 3357
66.249.77.25 - - [22/Apr/2016:08:45:06 +0800] "GET /content/subject/resource_content.jsp?oid=16777458&queryType=qc HTTP/1.1" 200 31609
163.30.84.1 - - [22/Apr/2016:08:45:48 +0800] "GET /content/nav/relationSubject.jsp?relationWords=%E7%99%BD%E5%8D%83%E5%B1%A4+&oid=16777287 HTTP/1.1" 200 3852
66.249.77.25 - - [22/Apr/2016:08:45:54 +0800] "GET /content/subject/resource_content.jsp?oid=16777507&queryType=qs&queryString=%E6%B5%81%E5%AA%92%E9%AB%94 HTTP/1.1" 200 49348
66.249.71.5 - - [22/Apr/2016:08:46:00 +0800] "GET /digiarch3/content/nav/relationSubject.jsp?relationWords=%E5%BD%A9%E7%B9%AA+&oid=16777392 HTTP/1.1" 200 4749
66.249.71.60 - - [22/Apr/2016:08:46:40 +0800] "GET /content/repository/resource_content.jsp?oid=1577164 HTTP/1.1" 200 28622
66.249.71.5 - - [22/Apr/2016:08:46:45 +0800] "GET /digiarch3/content/nav/relationSubject.jsp?relationWords=%E5%8F%B0%E7%81%A3%E8%83%A1%E9%A0%B9%E5%AD%90+%E6%A4%8D%E7%89%A9%E7%95%8C+%E8%83%A1%E9%A0%B9%E5%AD%90+%E8%83%A1%E9%A0%B9%E5%AD%90%E5%B1%AC+%E9%BC%A0%E6%9D%8E+&oid=1099713 HTTP/1.1" 200 3408
66.249.71.194 - - [22/Apr/2016:08:47:02 +0800] "GET /content/nav/relationSubject.jsp?relationWords=%E4%BD%9B%E7%B6%93+&oid=4364259 HTTP/1.1" 200 3284
66.249.71.60 - - [22/Apr/2016:08:47:27 +0800] "GET /content/repository/resource_content.jsp?oid=1555747 HTTP/1.1" 200 29226
66.249.71.5 - - [22/Apr/2016:08:48:14 +0800] "GET /content/repository/resource_content.jsp?oid=15423&queryString=%E7%8A%AC%E7%89%99%E9%8C%90%E9%BD%92%E9%AF%9B%20%E7%B4%85%E5%B0%BE%E5%86%AC%E4%BB%94%20%E9%87%91%E7%B7%9A%E9%AD%9A%E7%A7%91 HTTP/1.1" 200 35156
140.111.119.157 - - [22/Apr/2016:08:48:53 +0800] "GET /content/nav/relationSubject.jsp?relationWords=%E8%96%9C%E8%8D%94+&oid=16777485 HTTP/1.1" 200 3561
66.249.71.121 - - [22/Apr/2016:08:49:01 +0800] "GET /content/repository/resource_content.jsp?oid=4352344&queryType=qs&queryString=%E9%95%B7%E9%B0%AD%E5%A4%A9%E7%AB%BA%E9%AF%9B HTTP/1.1" 200 34683
66.249.71.105 - - [22/Apr/2016:08:49:48 +0800] "GET /content/repository/resource_content.jsp?oid=4352243&queryType=qs&queryString=%E5%B8%83%E6%B0%8F%E5%88%BA%E5%B0%BE%E9%AF%9B HTTP/1.1" 200 36247
68.180.230.99 - - [22/Apr/2016:08:50:44 +0800] "GET /content/subject/resource_content.jsp?oid=16777387&queryType=qc HTTP/1.1" 200 34481
66.249.71.72 - - [22/Apr/2016:08:50:59 +0800] "GET /content/nav/relationSubject.jsp?relationWords=%E5%88%91%E9%83%A8+%E6%83%85%E7%9C%9F%E5%BE%8B+%E6%96%AC%E7%9B%A3%E5%80%99+%E7%A7%8B%E6%B1%BA+&oid=2534283 HTTP/1.1" 200 3230
66.249.71.105 - - [22/Apr/2016:08:51:15 +0800] "GET /content/nav/relationSubject.jsp?relationWords=%E6%8D%90%E4%BA%8B+%E9%99%8D%E9%9D%A9+&oid=2656235 HTTP/1.1" 200 3137
66.249.71.121 - - [22/Apr/2016:08:51:17 +0800] "GET /content/nav/relationSubject.jsp?relationWords=%E6%8D%90%E4%BA%8B%20%E9%99%8D%E9%9D%A9%20&oid=2656235 HTTP/1.1" 200 3137
66.249.71.60 - - [22/Apr/2016:08:51:22 +0800] "GET /content/repository/resource_content.jsp?oid=1773055 HTTP/1.1" 200 30031
66.249.71.5 - - [22/Apr/2016:08:52:09 +0800] "GET /content/repository/resource_content.jsp?oid=4351705&queryString=%E7%9C%9F%E5%8F%A3%E9%AD%9A%20%E7%AB%B9%E7%AF%99%E9%A0%AD%20%E9%AF%89%E7%A7%91 HTTP/1.1" 200 33724
66.249.79.200 - - [22/Apr/2016:08:52:57 +0800] "GET /content/subject/resource_content.jsp?oid=16797240&queryType=qc HTTP/1.1" 200 42460
66.249.79.135 - - [22/Apr/2016:08:53:44 +0800] "GET /content/subject/resource_content.jsp?oid=16777619&queryType=qs&queryString=%E8%87%BA%E4%B8%AD%E5%B8%82 HTTP/1.1" 200 78731
66.249.71.60 - - [22/Apr/2016:08:54:30 +0800] "GET /content/subject/resource_content.jsp?oid=16777364&queryString=%E9%BB%83%E6%A7%90 HTTP/1.1" 200 35063
114.45.161.137 - - [22/Apr/2016:08:54:32 +0800] "GET /content/subject/resource_content.jsp?oid=16777706&queryType=qs&queryString=%E8%87%BA%E7%81%A3%E6%97%A5%E6%97%A5%E6%96%B0%E5%A0%B1 HTTP/1.1" 200 53879
114.45.161.137 - - [22/Apr/2016:08:54:32 +0800] "GET /content/nav/relationSubject.jsp?relationWords=%E5%A0%A1%E5%9C%96+&oid=16777706 HTTP/1.1" 200 2864
66.249.71.60 - - [22/Apr/2016:08:54:40 +0800] "GET /content/nav/relationSubject.jsp?relationWords=%E5%A4%A9%E5%90%8D%E7%B2%BE%E5%B1%AC+%E6%A4%8D%E7%89%A9%E7%95%8C+%E7%85%99%E7%AE%A1%E8%8D%89+%E8%8F%8A%E7%A7%91+%E9%9B%99%E5%AD%90%E8%91%89%E6%A4%8D%E7%89%A9+&oid=1097631 HTTP/1.1" 200 3408
66.249.71.60 - - [22/Apr/2016:08:54:41 +0800] "GET /content/nav/relationSubject.jsp?relationWords=%E5%A4%A9%E5%90%8D%E7%B2%BE%E5%B1%AC%20%E6%A4%8D%E7%89%A9%E7%95%8C%20%E7%85%99%E7%AE%A1%E8%8D%89%20%E8%8F%8A%E7%A7%91%20%E9%9B%99%E5%AD%90%E8%91%89%E6%A4%8D%E7%89%A9%20&oid=1097631 HTTP/1.1" 200 3408
66.249.71.60 - - [22/Apr/2016:08:56:05 +0800] "GET /digiarch_en/content/repository/resource_content.jsp?oid=4353054&queryString=%E5%88%BA%E5%B0%BE%E9%AD%9A%20%E5%88%BA%E5%B0%BE%E9%AF%9B%E7%A7%91%20%E5%89%9D%E7%9A%AE%E9%AD%9A%20%E6%93%AC%E5%88%BA%E5%B0%BE%E9%AF%9B%20%E9%BB%83%E5%B0%BE HTTP/1.1" 200 27322
66.249.79.59 - - [22/Apr/2016:08:56:57 +0800] "GET /content/nav/relationSubject.jsp?relationWords=%E5%B7%A5%E9%83%A8+%E9%8A%80%E4%BA%8B+&oid=2643005 HTTP/1.1" 200 3122
66.249.71.105 - - [22/Apr/2016:08:56:59 +0800] "GET /content/nav/relationSubject.jsp?relationWords=%E5%B7%A5%E9%83%A8%20%E9%8A%80%E4%BA%8B%20&oid=2643005 HTTP/1.1" 200 3122
66.249.71.60 - - [22/Apr/2016:08:59:13 +0800] "GET /content/repository/resource_content.jsp?oid=16247&queryString=%E8%9D%A6%E8%99%8E%20%E8%9D%A6%E8%99%8E%E7%A7%91 HTTP/1.1" 200 31538
66.249.71.60 - - [22/Apr/2016:09:01:34 +0800] "GET /content/repository/resource_content.jsp?oid=4551532&queryString=%E4%BC%BC%E9%9B%B2%E9%9B%80%E6%AE%BC%E8%8F%9C%E8%9B%A4%20%E6%AE%BC%E8%8F%9C%E8%9B%A4%E7%A7%91%20%E7%B4%A2%E8%B2%BD%E8%B2%9D%E5%B1%AC%20%E8%B2%BD%E8%B2%9D%20%E9%9B%99%E6%AE%BC%E7%B6%B1 HTTP/1.1" 200 31118
42.72.78.73 - - [22/Apr/2016:09:01:41 +0800] "GET /content/repository/resource_content.jsp?oid=1776792 HTTP/1.1" 200 31389
42.72.78.73 - - [22/Apr/2016:09:01:44 +0800] "GET /content/nav/relationSubject.jsp?relationWords=%E6%9D%B1%E5%8D%B0%E5%BA%A6%E5%85%AC%E5%8F%B8+%E8%A5%BF%E6%8B%89%E9%9B%85%E6%97%8F+&oid=1776792 HTTP/1.1" 200 3139
68.180.230.90 - - [22/Apr/2016:09:02:15 +0800] "GET /content/subject/resource_content.jsp?oid=16777516&queryType=qc HTTP/1.1" 200 23737
66.249.79.200 - - [22/Apr/2016:09:02:22 +0800] "GET /content/repository/resource_content.jsp?oid=1556225 HTTP/1.1" 200 29736
163.20.242.210 - - [22/Apr/2016:09:04:00 +0800] "GET /content/nav/relationSubject.jsp?relationWords=%E6%B8%85%E4%BB%A3%E7%A7%91%E8%88%89+%E7%A7%91%E8%88%89+%E9%AD%9A%E8%BA%8D+&oid=16777536 HTTP/1.1" 200 4901
66.249.71.60 - - [22/Apr/2016:09:04:26 +0800] "GET /content/nav/relationSubject.jsp?relationWords=%E6%AE%BA%E6%89%8B%E8%8A%8B%E8%9E%BA+&oid=33554964 HTTP/1.1" 200 2860
66.249.71.60 - - [22/Apr/2016:09:05:29 +0800] "GET /content/repository/resource_content.jsp?oid=2143147&queryString=%E6%A4%86%E5%B1%AC%20%E6%A4%8D%E7%89%A9%E7%95%8C%20%E6%AE%BC%E6%96%97%E7%A7%91%20%E7%99%BD%E8%83%8C%E6%AB%9F HTTP/1.1" 200 31059
66.249.71.60 - - [22/Apr/2016:09:05:48 +0800] "GET /content/nav/relationSubject.jsp?relationWords=%E6%A1%83%E9%87%91%E5%AD%83+%E6%A4%8D%E7%89%A9%E7%95%8C+%E9%87%8E%E7%89%A1%E4%B8%B9%E7%A7%91+%E9%87%91%E7%9F%B3%E6%A6%B4+%E9%87%91%E7%9F%B3%E6%A6%B4%E5%B1%AC+&oid=2149154 HTTP/1.1" 200 3368
66.249.71.60 - - [22/Apr/2016:09:05:50 +0800] "GET /content/nav/relationSubject.jsp?relationWords=%E6%A1%83%E9%87%91%E5%AD%83%20%E6%A4%8D%E7%89%A9%E7%95%8C%20%E9%87%8E%E7%89%A1%E4%B8%B9%E7%A7%91%20%E9%87%91%E7%9F%B3%E6%A6%B4%20%E9%87%91%E7%9F%B3%E6%A6%B4%E5%B1%AC%20&oid=2149154 HTTP/1.1" 200 3368
1.173.21.243 - - [22/Apr/2016:09:06:24 +0800] "GET /content/nav/relationSubject.jsp?relationWords=%E7%99%BD%E5%8D%83%E5%B1%A4+&oid=16777287 HTTP/1.1" 200 3852
66.249.71.60 - - [22/Apr/2016:09:06:37 +0800] "GET /content/nav/relationSubject.jsp?relationWords=%E6%A4%86%E5%B1%AC+%E6%A4%8D%E7%89%A9%E7%95%8C+%E6%AE%BC%E6%96%97%E7%A7%91+%E7%99%BD%E8%83%8C%E6%AB%9F+&oid=2143147 HTTP/1.1" 200 3321
66.249.71.5 - - [22/Apr/2016:09:07:04 +0800] "GET /content/repository/resource_content.jsp?oid=1546173&queryString=%E4%BA%BA%E6%AC%8A%20%E6%AA%A2%E5%AF%9F%E5%AE%98%20%E8%AD%A6%E5%AF%9F HTTP/1.1" 200 29176
66.249.71.5 - - [22/Apr/2016:09:07:24 +0800] "GET /digiarch3/content/nav/relationSubject.jsp?relationWords=%E4%BA%94%E4%BE%9B+%E6%9D%BE%E5%B1%B1%E6%A9%9F%E5%A0%B4+%E7%A9%BA%E8%BB%8D+&oid=1522644 HTTP/1.1" 200 3178
66.249.71.5 - - [22/Apr/2016:09:07:25 +0800] "GET /digiarch3/content/nav/relationSubject.jsp?relationWords=%E4%BA%94%E4%BE%9B%20%E6%9D%BE%E5%B1%B1%E6%A9%9F%E5%A0%B4%20%E7%A9%BA%E8%BB%8D%20&oid=1522644 HTTP/1.1" 200 3178
66.249.71.113 - - [22/Apr/2016:09:07:50 +0800] "GET /content/repository/resource_content.jsp?oid=2515227&queryType=qs&queryString=%E5%B7%A6%E6%98%A5%E5%9D%8A HTTP/1.1" 200 29955
66.249.71.60 - - [22/Apr/2016:09:08:38 +0800] "GET /content/repository/resource_content.jsp?oid=1896459 HTTP/1.1" 200 28918
66.249.71.41 - - [22/Apr/2016:09:09:25 +0800] "GET /content/repository/resource_content.jsp?oid=1775471&queryString=%E6%A4%8D%E7%89%A9%E9%A0%AD%E9%A3%BE%20%E7%89%A9%E8%B3%AA%E6%96%87%E5%8C%96%20%E9%9C%A7%E5%8F%B0%E9%AD%AF%E5%87%B1%E6%97%8F HTTP/1.1" 200 29711
66.249.71.60 - - [22/Apr/2016:09:10:07 +0800] "GET /content/nav/relationSubject.jsp?relationWords=%E5%8A%89%E5%82%B3%E4%BE%86+%E5%8A%89%E9%87%91%E7%B4%84+%E6%9E%97%E7%94%A2%E7%AE%A1%E7%90%86%E5%B1%80+%E6%A2%85%E5%B1%B1%E9%84%89+%E7%91%9E%E9%87%8C+%E7%9C%81%E6%94%BF%E5%BA%9C+%E7%B8%A3%E8%AD%B0%E5%93%A1+%E8%91%89%E6%85%B6%E9%9A%86+%E8%95%AD%E7%A7%80%E5%88%A9+%E8%B3%B4%E6%A3%AE%E6%9E%97+%E8%BE%B2%E6%9E%97+%E9%98%BF%E9%87%8C%E5%B1%B1%E6%9E%97%E5%A0%B4+%E9%BB%83%E6%B0%B8%E6%AC%BD+&oid=1524509 HTTP/1.1" 200 4789
66.249.71.60 - - [22/Apr/2016:09:10:10 +0800] "GET /content/nav/relationSubject.jsp?relationWords=%E5%8A%89%E5%82%B3%E4%BE%86%20%E5%8A%89%E9%87%91%E7%B4%84%20%E6%9E%97%E7%94%A2%E7%AE%A1%E7%90%86%E5%B1%80%20%E6%A2%85%E5%B1%B1%E9%84%89%20%E7%91%9E%E9%87%8C%20%E7%9C%81%E6%94%BF%E5%BA%9C%20%E7%B8%A3%E8%AD%B0%E5%93%A1%20%E8%91%89%E6%85%B6%E9%9A%86%20%E8%95%AD%E7%A7%80%E5%88%A9%20%E8%B3%B4%E6%A3%AE%E6%9E%97%20%E8%BE%B2%E6%9E%97%20%E9%98%BF%E9%87%8C%E5%B1%B1%E6%9E%97%E5%A0%B4%20%E9%BB%83%E6%B0%B8%E6%AC%BD%20&oid=1524509 HTTP/1.1" 200 4789
66.249.71.60 - - [22/Apr/2016:09:10:12 +0800] "GET /content/repository/resource_content.jsp?oid=1603808 HTTP/1.1" 200 28545
68.180.230.229 - - [22/Apr/2016:09:10:18 +0800] "GET /content/subject/resource_content.jsp?oid=16777780&queryType=qc HTTP/1.1" 200 33940
223.139.165.43 - - [22/Apr/2016:09:10:24 +0800] "GET /content/repository/resource_content.jsp?oid=4550793&queryString=%E7%9A%BA%E8%B6%B3%E8%9B%9E%E8%9D%93%20%E8%85%B9%E8%B6%B3%E7%B6%B1%20%E8%8A%B1%E9%BB%9E%E7%9A%BA%E8%B6%B3%E8%9B%9E%E8%9D%93%20%E8%BB%9F%E9%AB%94%E5%8B%95%E7%89%A9%E9%96%80 HTTP/1.1" 200 30281
223.139.165.43 - - [22/Apr/2016:09:10:25 +0800] "GET /content/nav/relationSubject.jsp?relationWords=%E7%9A%BA%E8%B6%B3%E8%9B%9E%E8%9D%93+%E8%85%B9%E8%B6%B3%E7%B6%B1+%E8%BB%9F%E9%AB%94%E5%8B%95%E7%89%A9%E9%96%80+&oid=4550793 HTTP/1.1" 200 3259
66.249.71.5 - - [22/Apr/2016:09:10:34 +0800] "GET /content/nav/relationSubject.jsp?relationWords=&oid=2677015 HTTP/1.1" 200 1405
40.77.167.94 - - [22/Apr/2016:09:10:57 +0800] "GET /content/subject/resource_content.jsp?oid=16777713 HTTP/1.1" 200 43914
66.249.71.5 - - [22/Apr/2016:09:10:59 +0800] "GET /digiarch3/content/repository/resource_content.jsp?oid=1103990&queryString=%E5%8F%B0%E7%81%A3%E5%B1%B1%E7%99%BD%E8%98%AD%20%E6%A4%8D%E7%89%A9%E7%95%8C%20%E7%B4%AB%E8%8F%80%E5%B1%AC%20%E8%8F%8A%E7%A7%91%20%E9%9B%99%E5%AD%90%E8%91%89%E6%A4%8D%E7%89%A9 HTTP/1.1" 200 31450
66.249.71.60 - - [22/Apr/2016:09:11:46 +0800] "GET /content/repository/resource_content.jsp?oid=1618498 HTTP/1.1" 200 28805
66.249.71.5 - - [22/Apr/2016:09:11:47 +0800] "GET /digiarch3/content/subject/resource_content.jsp?oid=16777459&queryType=qs&queryString=%E5%9C%B0%E5%BD%A2%E5%9C%96 HTTP/1.1" 200 39849
106.38.241.143 - - [22/Apr/2016:09:12:04 +0800] "GET /digiarch_en/content/subject/resource_content.jsp?oid=16777452&queryType=qc HTTP/1.1" 200 28121
180.177.59.202 - - [22/Apr/2016:09:12:07 +0800] "GET /content/nav/relationSubject.jsp?relationWords=%E8%8B%A6%E8%8B%93+&oid=16777317 HTTP/1.1" 200 3183
66.249.71.60 - - [22/Apr/2016:09:12:33 +0800] "GET /content/repository/resource_content.jsp?oid=1626975 HTTP/1.1" 200 29062
66.249.71.60 - - [22/Apr/2016:09:12:40 +0800] "GET /content/nav/relationSubject.jsp?relationWords=%E6%9F%AF%E5%B1%AC+%E6%9F%B3%E8%91%89%E7%9F%B3%E6%AB%9F+%E6%A4%8D%E7%89%A9%E7%95%8C+%E6%AE%BC%E6%96%97%E7%A7%91+&oid=2150192 HTTP/1.1" 200 3322
106.38.241.143 - - [22/Apr/2016:09:12:41 +0800] "GET /content/pictures/picture_content.jsp?oid=33554651&queryType=qc HTTP/1.1" 200 27654
66.249.71.60 - - [22/Apr/2016:09:12:42 +0800] "GET /content/nav/relationSubject.jsp?relationWords=%E6%9F%AF%E5%B1%AC%20%E6%9F%B3%E8%91%89%E7%9F%B3%E6%AB%9F%20%E6%A4%8D%E7%89%A9%E7%95%8C%20%E6%AE%BC%E6%96%97%E7%A7%91%20&oid=2150192 HTTP/1.1" 200 3322
106.38.241.143 - - [22/Apr/2016:09:12:54 +0800] "GET /digiarch_en/content/subject/resource_content.jsp?oid=16777803&queryType=qc> HTTP/1.1" 200 28787
106.38.241.143 - - [22/Apr/2016:09:13:06 +0800] "GET /content/pictures/picture_content.jsp?oid=33554486&queryType=qc HTTP/1.1" 200 27405
66.249.71.5 - - [22/Apr/2016:09:13:20 +0800] "GET /digiarch3/content/subject/resource_content.jsp?oid=16777342&queryType=qs&queryString=%E8%B2%A8%E6%AB%83%E8%BB%8A HTTP/1.1" 200 33181
106.38.241.143 - - [22/Apr/2016:09:13:32 +0800] "GET /content/pictures/picture_content.jsp?oid=33554736 HTTP/1.1" 200 27558
106.38.241.143 - - [22/Apr/2016:09:13:44 +0800] "GET /digiarch_en/content/subject/resource_content.jsp?oid=16777560&queryType=qc HTTP/1.1" 200 22878
106.38.241.143 - - [22/Apr/2016:09:13:57 +0800] "GET /digiarch_en/content/subject/resource_content.jsp?oid=16777528&queryType=qc HTTP/1.1" 200 22106
66.249.71.60 - - [22/Apr/2016:09:14:07 +0800] "GET /content/repository/resource_content.jsp?oid=1608555 HTTP/1.1" 200 28947
106.38.241.143 - - [22/Apr/2016:09:14:09 +0800] "GET /digiarch_en/content/subject/resource_content.jsp?oid=16777602&queryType=qc HTTP/1.1" 200 26529
106.38.241.143 - - [22/Apr/2016:09:14:21 +0800] "GET /digiarch_en/content/subject/resource_content.jsp?oid=16777262&queryType=qc HTTP/1.1" 200 28271
66.249.71.188 - - [22/Apr/2016:09:14:32 +0800] "GET /content/nav/relationSubject.jsp?relationWords=%E5%8A%9B%E8%B1%90+%E7%B3%96%E6%A5%AD+&oid=4473721 HTTP/1.1" 200 7814
106.38.241.143 - - [22/Apr/2016:09:14:32 +0800] "GET /content/subject/resource_content.jsp?oid=16777825&queryType=qc HTTP/1.1" 200 41691
66.249.71.188 - - [22/Apr/2016:09:14:33 +0800] "GET /content/nav/relationSubject.jsp?relationWords=%E5%8A%9B%E8%B1%90%20%E7%B3%96%E6%A5%AD%20&oid=4473721 HTTP/1.1" 200 7814
106.38.241.143 - - [22/Apr/2016:09:14:45 +0800] "GET /content/subject/resource_content.jsp?oid=16777764&queryType=qc HTTP/1.1" 200 40780
66.249.71.5 - - [22/Apr/2016:09:14:54 +0800] "GET /digiarch3/content/repository/resource_content.jsp?oid=725600&queryType=qs&queryString=%E6%BD%9B%E6%B0%B4%E8%89%87 HTTP/1.1" 200 29333
106.38.241.143 - - [22/Apr/2016:09:14:57 +0800] "GET /content/subject/resource_content.jsp?oid=16777470&queryType=qc HTTP/1.1" 200 29361
106.38.241.143 - - [22/Apr/2016:09:15:09 +0800] "GET /content/subject/resource_content.jsp?oid=16777745&queryType=qc HTTP/1.1" 200 35935
106.38.241.143 - - [22/Apr/2016:09:15:22 +0800] "GET /content/subject/resource_content.jsp?oid=16777839&queryType=qc HTTP/1.1" 200 27193
106.38.241.143 - - [22/Apr/2016:09:15:33 +0800] "GET /content/subject/resource_content.jsp?oid=16777840&queryType=qc HTTP/1.1" 200 40649
106.38.241.143 - - [22/Apr/2016:09:15:46 +0800] "GET /content/subject/resource_content.jsp?oid=16777442&queryType=qc HTTP/1.1" 200 27851
66.249.71.60 - - [22/Apr/2016:09:15:52 +0800] "GET /content/nav/relationSubject.jsp?relationWords=%E6%A4%8D%E7%89%A9%E7%95%8C+%E6%A6%95%E5%B1%AC+%E9%B5%9D%E9%91%BE%E9%BC%BB%E8%94%93%E6%A6%95+&oid=3823700 HTTP/1.1" 200 3381
66.249.71.60 - - [22/Apr/2016:09:15:56 +0800] "GET /content/nav/relationSubject.jsp?relationWords=%E6%A4%8D%E7%89%A9%E7%95%8C%20%E6%A6%95%E5%B1%AC%20%E9%B5%9D%E9%91%BE%E9%BC%BB%E8%94%93%E6%A6%95%20&oid=3823700 HTTP/1.1" 200 3381
106.38.241.143 - - [22/Apr/2016:09:15:58 +0800] "GET /content/subject/resource_content.jsp?oid=16777690&queryType=qc HTTP/1.1" 200 40256
106.38.241.143 - - [22/Apr/2016:09:16:22 +0800] "GET /content/subject/resource_content.jsp?oid=16777549&queryString= HTTP/1.1" 200 38055
66.249.71.113 - - [22/Apr/2016:09:16:28 +0800] "GET /content/repository/resource_content.jsp?oid=1778180&queryType=qs&queryString=%E9%9B%85%E5%90%84 HTTP/1.1" 200 33336
106.38.241.143 - - [22/Apr/2016:09:16:34 +0800] "GET /content/subject/resource_content.jsp?oid=16777643&queryType=qc HTTP/1.1" 200 33344
106.38.241.143 - - [22/Apr/2016:09:16:47 +0800] "GET /content/subject/resource_content.jsp?oid=16777626&queryString= HTTP/1.1" 200 43195
106.38.241.143 - - [22/Apr/2016:09:17:00 +0800] "GET /content/subject/resource_content.jsp?oid=16777740&queryType=qc HTTP/1.1" 200 41298
106.38.241.143 - - [22/Apr/2016:09:17:12 +0800] "GET /content/subject/resource_content.jsp?oid=16777478&queryType=qc HTTP/1.1" 200 35938
106.38.241.143 - - [22/Apr/2016:09:17:24 +0800] "GET /content/subject/resource_content.jsp?oid=16777377&queryString= HTTP/1.1" 200 52075
106.38.241.143 - - [22/Apr/2016:09:17:37 +0800] "GET /content/subject/resource_content.jsp?oid=16777731&queryType=qc HTTP/1.1" 200 43393
106.38.241.143 - - [22/Apr/2016:09:18:03 +0800] "GET /content/subject/resource_content.jsp?oid=16777615&queryType=qc HTTP/1.1" 200 37930
106.38.241.143 - - [22/Apr/2016:09:18:16 +0800] "GET /content/subject/resource_content.jsp?oid=16777446&queryString= HTTP/1.1" 200 42187
106.38.241.143 - - [22/Apr/2016:09:18:30 +0800] "GET /content/subject/resource_content.jsp?oid=16777595&queryType=qc HTTP/1.1" 200 42911
133.82.251.213 - - [22/Apr/2016:09:18:35 +0800] "GET /content/repository/resource_content.jsp?oid=3041188 HTTP/1.1" 200 30299
133.82.251.213 - - [22/Apr/2016:09:18:41 +0800] "GET /content/nav/relationSubject.jsp?relationWords=%E5%B0%8A%E9%BC%8E+%E6%B0%B8%E5%AF%B6+%E7%9A%87%E8%80%83+&oid=3041188 HTTP/1.1" 200 3211
106.38.241.143 - - [22/Apr/2016:09:18:42 +0800] "GET /content/subject/resource_content.jsp?oid=16777580&queryType=qc HTTP/1.1" 200 30804
106.38.241.143 - - [22/Apr/2016:09:18:54 +0800] "GET /content/subject/resource_content.jsp?oid=16777317&queryType=qc HTTP/1.1" 200 34911
106.38.241.143 - - [22/Apr/2016:09:19:17 +0800] "GET /content/subject/resource_content.jsp?oid=16777511&queryType=qc HTTP/1.1" 200 23648
106.38.241.143 - - [22/Apr/2016:09:19:28 +0800] "GET /content/subject/resource_content.jsp?oid=16777677&queryType=qc HTTP/1.1" 200 29004
106.38.241.143 - - [22/Apr/2016:09:19:41 +0800] "GET /content/subject/resource_content.jsp?oid=16777709&queryType=qc HTTP/1.1" 200 27617
106.38.241.143 - - [22/Apr/2016:09:19:52 +0800] "GET /content/subject/resource_content.jsp?oid=16777546&queryType=qc HTTP/1.1" 200 27455
106.38.241.143 - - [22/Apr/2016:09:20:05 +0800] "GET /content/subject/resource_content.jsp?oid=16777456&queryType=qc HTTP/1.1" 200 34433
106.38.241.143 - - [22/Apr/2016:09:20:29 +0800] "GET /content/subject/resource_content.jsp?oid=16777279&queryType=qc HTTP/1.1" 200 33690
66.249.71.50 - - [22/Apr/2016:09:21:10 +0800] "GET /content/repository/resource_content.jsp?oid=22353&queryString=%E7%A7%8B%E5%88%80%E9%AD%9A HTTP/1.1" 200 30055
66.249.71.64 - - [22/Apr/2016:09:22:45 +0800] "GET /content/repository/resource_content.jsp?oid=1628933 HTTP/1.1" 200 29174
66.249.77.37 - - [22/Apr/2016:09:23:32 +0800] "GET /content/repository/resource_content.jsp?oid=1887247&queryString=%E6%A0%AA%E5%BC%8F%E5%8F%96%E5%BC%95 HTTP/1.1" 200 30592
39.13.232.79 - - [22/Apr/2016:09:23:40 +0800] "GET /content/repository/resource_content.jsp?oid=2609202 HTTP/1.1" 200 29131
39.13.232.79 - - [22/Apr/2016:09:23:47 +0800] "GET /content/nav/relationSubject.jsp?relationWords=&oid=2609202 HTTP/1.1" 200 1405
39.13.232.79 - - [22/Apr/2016:09:23:57 +0800] "GET /content/repository/resource_content.jsp?oid=2601408 HTTP/1.1" 200 29309
39.13.232.79 - - [22/Apr/2016:09:23:58 +0800] "GET /content/nav/relationSubject.jsp?relationWords=&oid=2601408 HTTP/1.1" 200 1405
163.29.192.211 - - [22/Apr/2016:09:24:04 +0800] "GET /content/nav/relationSubject.jsp?relationWords=%E9%BB%91%E6%9D%BF%E6%A8%B9+&oid=16777262 HTTP/1.1" 200 3253
66.249.71.72 - - [22/Apr/2016:09:24:19 +0800] "GET /content/repository/resource_content.jsp?oid=2470361 HTTP/1.1" 200 29832
66.249.77.25 - - [22/Apr/2016:09:24:38 +0800] "GET /content/subject/resource_content.jsp?oid=16777624&queryType=qc HTTP/1.1" 200 119503
66.249.77.37 - - [22/Apr/2016:09:24:38 +0800] "GET /content/nav/relationSubject.jsp?relationWords=%E5%A4%A7%E6%88%9F+%E5%A4%A7%E6%88%9F%E7%A7%91+%E6%A4%8D%E7%89%A9%E7%95%8C+%E8%98%AD%E5%B6%BC%E9%90%B5%E8%8E%A7+%E9%90%B5%E8%8E%A7%E5%B1%AC+&oid=2147520 HTTP/1.1" 200 3385
66.249.77.25 - - [22/Apr/2016:09:24:40 +0800] "GET /content/nav/relationSubject.jsp?relationWords=%E5%A4%A7%E6%88%9F%20%E5%A4%A7%E6%88%9F%E7%A7%91%20%E6%A4%8D%E7%89%A9%E7%95%8C%20%E8%98%AD%E5%B6%BC%E9%90%B5%E8%8E%A7%20%E9%90%B5%E8%8E%A7%E5%B1%AC%20&oid=2147520 HTTP/1.1" 200 3385
66.249.71.64 - - [22/Apr/2016:09:25:02 +0800] "GET /content/nav/relationSubject.jsp?relationWords=%E9%80%A3%E6%9D%AF+&oid=1781847 HTTP/1.1" 200 2939
66.249.79.207 - - [22/Apr/2016:09:25:04 +0800] "GET /content/nav/relationSubject.jsp?relationWords=%E9%80%A3%E6%9D%AF%20&oid=1781847 HTTP/1.1" 200 2939
66.249.71.60 - - [22/Apr/2016:09:25:06 +0800] "GET /content/repository/resource_content.jsp?oid=1600508 HTTP/1.1" 200 28616
66.249.71.121 - - [22/Apr/2016:09:25:45 +0800] "GET /content/nav/relationSubject.jsp?relationWords=%E6%BC%A2%E4%BB%A3+%E6%BC%A2%E7%B0%A1+%E7%95%AA%E7%A4%BE%E9%87%87%E9%A2%A8%E5%9C%96+%E7%B0%A1%E7%89%98+&oid=16777740 HTTP/1.1" 200 4640
66.249.71.113 - - [22/Apr/2016:09:25:46 +0800] "GET /content/nav/relationSubject.jsp?relationWords=%E6%BC%A2%E4%BB%A3%20%E6%BC%A2%E7%B0%A1%20%E7%95%AA%E7%A4%BE%E9%87%87%E9%A2%A8%E5%9C%96%20%E7%B0%A1%E7%89%98%20&oid=16777740 HTTP/1.1" 200 4640
66.249.77.37 - - [22/Apr/2016:09:25:53 +0800] "GET /content/repository/resource_content.jsp?oid=15782&queryType=qs&queryString=%E5%AF%84%E7%94%9F%E8%9F%B2 HTTP/1.1" 200 35233
66.249.71.60 - - [22/Apr/2016:09:26:40 +0800] "GET /content/repository/resource_content.jsp?oid=1104986 HTTP/1.1" 200 31441
106.38.241.143 - - [22/Apr/2016:09:27:12 +0800] "GET /digiarch_en/content/tmp_tec/resource_content.jsp?oid=16777712 HTTP/1.1" 200 26796
68.180.230.99 - - [22/Apr/2016:09:27:22 +0800] "GET /content/subject/resource_content.jsp?oid=16777426&queryType=qc HTTP/1.1" 200 38888
106.38.241.143 - - [22/Apr/2016:09:27:23 +0800] "GET /digiarch_en/content/tmp_exh/resource_content.jsp?oid=16777804&queryType=qc%201890 HTTP/1.1" 200 22733
66.249.71.113 - - [22/Apr/2016:09:27:27 +0800] "GET /content/repository/resource_content.jsp?oid=2689552&queryType=qs&queryString=%E4%BC%AF%E9%BA%9F HTTP/1.1" 200 30221
59.126.93.228 - - [22/Apr/2016:09:27:50 +0800] "GET /content/repository/resource_content.jsp?oid=1546134&queryString=%E5%80%99%E9%81%B8%E4%BA%BA%20%E6%8E%9B%E6%97%97%20%E6%A8%99%E8%AA%9E%20%E7%9C%8B%E6%9D%BF HTTP/1.1" 200 29491
59.126.93.228 - - [22/Apr/2016:09:27:51 +0800] "GET /content/nav/relationSubject.jsp?relationWords=%E5%80%99%E9%81%B8%E4%BA%BA+%E6%B0%91%E6%84%8F%E4%BB%A3%E8%A1%A8+&oid=1546134 HTTP/1.1" 200 4279
66.249.71.60 - - [22/Apr/2016:09:28:24 +0800] "GET /content/nav/relationSubject.jsp?relationWords=%E9%9B%BB%E5%AD%90%E6%9B%B8+&oid=16777550 HTTP/1.1" 200 1881
59.126.93.228 - - [22/Apr/2016:09:28:55 +0800] "GET /content/repository/resource_content.jsp?oid=1553786&queryString=%E5%80%99%E9%81%B8%E4%BA%BA%20%E6%B0%91%E6%84%8F%E4%BB%A3%E8%A1%A8 HTTP/1.1" 200 30898
59.126.93.228 - - [22/Apr/2016:09:28:55 +0800] "GET /content/nav/relationSubject.jsp?relationWords=%E5%9C%8B%E6%B0%91%E6%95%99%E8%82%B2+%E5%A4%A7%E8%B2%9D%E6%B9%96+%E5%B9%BC%E7%A8%9A%E5%9C%92+%E6%95%88%E7%8E%87+%E6%B0%91%E6%84%8F%E4%BB%A3%E8%A1%A8+%E6%BC%81%E5%A1%AD+%E7%A7%BB%E4%BA%A4+&oid=1553786 HTTP/1.1" 200 3393
66.249.71.59 - - [22/Apr/2016:09:29:48 +0800] "GET /content/repository/resource_content.jsp?oid=1515377&queryType=qs&queryString=%E4%BA%8C%E4%BA%8C%E5%85%AB%E4%BA%8B%E4%BB%B6 HTTP/1.1" 200 29126
66.249.77.25 - - [22/Apr/2016:09:30:35 +0800] "GET /content/repository/resource_content.jsp?oid=14970&queryString=%E8%82%A5%E7%9A%82%E9%AD%9A%20%E9%9B%99%E7%B7%9A%E5%B0%91%E5%AD%94%E7%B4%8B%E9%AF%9B%20%E9%AE%A8%E7%A7%91 HTTP/1.1" 200 34677
66.249.71.60 - - [22/Apr/2016:09:30:42 +0800] "GET /content/nav/relationSubject.jsp?relationWords=&oid=2564194 HTTP/1.1" 200 1405
220.142.74.207 - - [22/Apr/2016:09:30:50 +0800] "GET /content/nav/relationSubject.jsp?relationWords=&oid=16777459 HTTP/1.1" 200 1405
66.249.77.31 - - [22/Apr/2016:09:31:04 +0800] "GET /content/repository/resource_content.jsp?oid=1873511&queryString=%E6%8F%90%E6%A2%81%E5%8D%A3%20%E7%8D%B8%E9%9D%A2%E7%B4%8B%20%E9%85%92%E5%99%A8 HTTP/1.1" 200 30810
66.249.77.31 - - [22/Apr/2016:09:31:22 +0800] "GET /content/subject/resource_content.jsp?oid=16777576&queryType=qc HTTP/1.1" 200 29402
66.249.71.60 - - [22/Apr/2016:09:32:56 +0800] "GET /content/repository/resource_content.jsp?oid=15899&queryType=qs&queryString=%E7%84%A1%E6%A3%98 HTTP/1.1" 200 33686
68.180.230.90 - - [22/Apr/2016:09:33:36 +0800] "GET /content/repository/resource_content.jsp?oid=1627231 HTTP/1.1" 200 29427
66.249.71.60 - - [22/Apr/2016:09:33:38 +0800] "GET /digiarch_en/content/nav/relationSubject.jsp?relationWords=%E7%94%B2%E9%AA%A8%20&oid=16777288 HTTP/1.1" 200 3008
66.249.71.60 - - [22/Apr/2016:09:33:43 +0800] "GET /content/repository/resource_content.jsp?oid=22931 HTTP/1.1" 200 29535
66.249.79.186 - - [22/Apr/2016:09:33:46 +0800] "GET /content/nav/relationSubject.jsp?relationWords=%E5%A4%8F%E6%9C%9F+%E6%9D%9C%E7%A3%81+%E6%9D%9C%E9%A6%99%E5%9C%8B+%E6%9F%AF%E6%B8%85%E6%A8%99+%E7%AE%97%E8%A1%93+%E8%87%BA%E7%81%A3%E7%B8%BD%E7%9D%A3%E5%BA%9C+%E8%8E%8A%E6%B0%B4+%E9%99%B3%E5%98%89%E9%82%A6+&oid=1888369 HTTP/1.1" 200 3427
66.249.71.5 - - [22/Apr/2016:09:33:47 +0800] "GET /content/nav/relationSubject.jsp?relationWords=%E5%A4%8F%E6%9C%9F%20%E6%9D%9C%E7%A3%81%20%E6%9D%9C%E9%A6%99%E5%9C%8B%20%E6%9F%AF%E6%B8%85%E6%A8%99%20%E7%AE%97%E8%A1%93%20%E8%87%BA%E7%81%A3%E7%B8%BD%E7%9D%A3%E5%BA%9C%20%E8%8E%8A%E6%B0%B4%20%E9%99%B3%E5%98%89%E9%82%A6%20&oid=1888369 HTTP/1.1" 200 3427
40.77.167.94 - - [22/Apr/2016:09:33:53 +0800] "GET /digiarch_en/content/repository/resource_content.jsp?oid=2470607&queryString=%E9%96%8B%E4%B8%AD HTTP/1.1" 200 23910
66.249.71.60 - - [22/Apr/2016:09:34:30 +0800] "GET /content/subject/resource_content.jsp?oid=16777576&queryType=qc HTTP/1.1" 200 29391
66.249.79.200 - - [22/Apr/2016:09:35:18 +0800] "GET /content/subject/resource_content.jsp?oid=16777576&queryString= HTTP/1.1" 200 29391
106.38.241.143 - - [22/Apr/2016:09:35:25 +0800] "GET /content/repository/resource_content.jsp?oid=1458861 HTTP/1.1" 200 30993
106.38.241.143 - - [22/Apr/2016:09:35:47 +0800] "GET /content/repository/resource_content.jsp?oid=1458547 HTTP/1.1" 200 30601
106.38.241.143 - - [22/Apr/2016:09:36:00 +0800] "GET /content/repository/resource_content.jsp?oid=1114472 HTTP/1.1" 200 31290
66.249.71.113 - - [22/Apr/2016:09:36:05 +0800] "GET /content/repository/resource_content.jsp?oid=4364488&queryType=qs&queryString=%E5%8C%97%E7%AE%A1 HTTP/1.1" 200 28834
106.38.241.143 - - [22/Apr/2016:09:36:11 +0800] "GET /content/repository/resource_content.jsp?oid=1460747 HTTP/1.1" 200 31364
106.38.241.143 - - [22/Apr/2016:09:36:24 +0800] "GET /content/repository/resource_content.jsp?oid=1458397 HTTP/1.1" 200 30967
66.249.71.200 - - [22/Apr/2016:09:36:37 +0800] "GET /content/nav/relationSubject.jsp?relationWords=%E6%89%81%E6%A3%98%E9%AF%9B+%E6%89%93%E9%90%B5%E5%A9%86+%E6%A3%98%E9%AF%9B+%E9%AF%9B%E7%A7%91+&oid=15099 HTTP/1.1" 200 3514
66.249.71.5 - - [22/Apr/2016:09:36:48 +0800] "GET /digiarch3/content/nav/relationSubject.jsp?relationWords=%E6%B5%B7%E6%AA%AC%E6%9E%9C+&oid=16777415 HTTP/1.1" 200 4347
66.249.71.60 - - [22/Apr/2016:09:36:49 +0800] "GET /content/nav/relationSubject.jsp?relationWords=%E5%B1%B1%E8%8C%B1%E8%90%B8+%E5%B1%B1%E8%8C%B1%E8%90%B8%E7%A7%91+%E6%A1%83%E8%91%89%E7%8F%8A%E7%91%9A+%E6%A1%83%E8%91%89%E7%8F%8A%E7%91%9A%E5%B1%AC+%E6%A4%8D%E7%89%A9%E7%95%8C+&oid=1099857 HTTP/1.1" 200 3402
66.249.77.37 - - [22/Apr/2016:09:36:52 +0800] "GET /content/subject/resource_content.jsp?oid=16777820&queryType=qc HTTP/1.1" 200 36952
106.38.241.143 - - [22/Apr/2016:09:36:58 +0800] "GET /content/repository/resource_content.jsp?oid=1537449 HTTP/1.1" 200 28797
66.249.71.60 - - [22/Apr/2016:09:37:05 +0800] "GET /content/nav/relationSubject.jsp?relationWords=%E6%A4%8D%E7%89%A9%E7%95%8C+%E8%8F%8A%E7%A7%91+%E9%8A%80%E8%86%A0%E8%8F%8A+%E9%8A%80%E8%86%A0%E8%8F%8A%E5%B1%AC+%E9%9B%99%E5%AD%90%E8%91%89%E6%A4%8D%E7%89%A9+&oid=1104575 HTTP/1.1" 200 3376
66.249.71.60 - - [22/Apr/2016:09:37:07 +0800] "GET /content/nav/relationSubject.jsp?relationWords=%E6%A4%8D%E7%89%A9%E7%95%8C%20%E8%8F%8A%E7%A7%91%20%E9%8A%80%E8%86%A0%E8%8F%8A%20%E9%8A%80%E8%86%A0%E8%8F%8A%E5%B1%AC%20%E9%9B%99%E5%AD%90%E8%91%89%E6%A4%8D%E7%89%A9%20&oid=1104575 HTTP/1.1" 200 3376
106.38.241.143 - - [22/Apr/2016:09:37:09 +0800] "GET /content/repository/resource_content.jsp?oid=1123813 HTTP/1.1" 200 34977
211.21.129.37 - - [22/Apr/2016:09:37:16 +0800] "GET /digiarch3/content/repository/resource_content.jsp?oid=4364427&queryType=qs&queryString=%E5%B8%B6%E5%AF%AC HTTP/1.1" 200 29124
211.21.129.37 - - [22/Apr/2016:09:37:17 +0800] "GET /digiarch3/content/nav/relationSubject.jsp?relationWords=%E5%8D%91%E5%8D%97%E6%97%8F+%E7%B6%81%E8%A4%B2+&oid=4364427 HTTP/1.1" 200 2998
66.249.71.5 - - [22/Apr/2016:09:37:17 +0800] "GET /digiarch3/content/nav/relationSubject.jsp?relationWords=%E6%95%B8%E4%BD%8D%E5%85%B8%E8%97%8F+&oid=16777382 HTTP/1.1" 200 5925
66.249.79.186 - - [22/Apr/2016:09:37:21 +0800] "GET /digiarch3/content/nav/relationSubject.jsp?relationWords=%E6%95%B8%E4%BD%8D%E5%85%B8%E8%97%8F%20&oid=16777382 HTTP/1.1" 200 5925
106.38.241.143 - - [22/Apr/2016:09:37:21 +0800] "GET /content/repository/resource_content.jsp?oid=1125115&queryType=qc HTTP/1.1" 200 34953
66.249.79.251 - - [22/Apr/2016:09:37:29 +0800] "GET /content/repository/resource_content.jsp?oid=4363837&queryType=qs&queryString=%E5%8D%81%E4%BA%8C%E7%94%9F%E8%82%96 HTTP/1.1" 200 29230
106.38.241.143 - - [22/Apr/2016:09:37:34 +0800] "GET /content/repository/resource_content.jsp?oid=4352582&queryString=%E7%81%AB%E7%AE%AD%E8%9D%B6%20%E9%BB%83%E9%91%B7%E5%8F%A3%E9%AD%9A HTTP/1.1" 200 35058
66.249.79.200 - - [22/Apr/2016:09:37:39 +0800] "GET /content/repository/resource_content.jsp?oid=2151303&queryString=%E5%A4%A7%E8%B1%86%20%E5%A4%A7%E8%B1%86%E5%B1%AC%20%E6%89%81%E8%B1%86%E8%8E%A2%E5%A4%A7%E8%B1%86%20%E6%A4%8D%E7%89%A9%E7%95%8C%20%E8%A0%B6%E8%B1%86%20%E8%B1%86%E8%8E%A2%20%E9%9B%99%E5%AD%90%E8%91%89%20%E9%9B%99%E5%AD%90%E8%91%89%E6%A4%8D%E7%89%A9 HTTP/1.1" 200 31472
106.38.241.143 - - [22/Apr/2016:09:37:46 +0800] "GET /content/repository/resource_content.jsp?oid=1462786 HTTP/1.1" 200 31140
66.249.71.60 - - [22/Apr/2016:09:37:55 +0800] "GET /content/nav/relationSubject.jsp?relationWords=%E5%B1%B1%E5%9D%A1%E5%9C%B0+%E8%87%BA%E7%81%A3%E7%9C%81%E6%94%BF%E5%BA%9C+%E8%BE%B2%E6%9E%97%E5%BB%B3+%E8%BE%B2%E7%89%A7%E5%B1%80+%E8%BE%B2%E7%99%BC%E6%9C%83+&oid=1896561 HTTP/1.1" 200 5410
180.76.15.137 - - [22/Apr/2016:09:38:03 +0800] "GET /content/repository/resource_content.jsp?oid=1901404&queryType=qs&queryString=%E8%AA%BF%E6%9F%A5%E7%A0%94%E7%A9%B6 HTTP/1.1" 200 31930
106.38.241.143 - - [22/Apr/2016:09:38:19 +0800] "GET /content/subject/resource_content.jsp?oid=16777675&queryType=qc HTTP/1.1" 200 35427
106.38.241.143 - - [22/Apr/2016:09:38:31 +0800] "GET /digiarch_en/content/pictures/picture_content.jsp?oid=33554782&queryType=qc HTTP/1.1" 200 21956
106.38.241.143 - - [22/Apr/2016:09:38:55 +0800] "GET /digiarch_en/content/pictures/picture_content.jsp?oid=33554730 HTTP/1.1" 200 22036
106.38.241.143 - - [22/Apr/2016:09:39:07 +0800] "GET /digiarch_en/content/repository/resource_content.jsp?oid=523623&queryType=qc HTTP/1.1" 200 24639
66.249.71.60 - - [22/Apr/2016:09:39:13 +0800] "GET /content/repository/resource_content.jsp?oid=1599211 HTTP/1.1" 200 28536
106.38.241.143 - - [22/Apr/2016:09:39:20 +0800] "GET /digiarch_en/content/repository/resource_content.jsp?oid=1124522&queryType=qc HTTP/1.1" 200 27270
66.249.71.60 - - [22/Apr/2016:09:39:41 +0800] "GET /digiarch_en/content/nav/relationSubject.jsp?relationWords=%E5%90%8F%E9%83%A8+%E5%A4%A7%E4%BD%BF+%E8%A8%B1%E5%BF%97+&oid=2510362 HTTP/1.1" 200 3164
106.38.241.143 - - [22/Apr/2016:09:39:43 +0800] "GET /content/tmp_auth/resource_content.jsp?oid=16777658 HTTP/1.1" 200 26625
106.38.241.143 - - [22/Apr/2016:09:40:07 +0800] "GET /content/tmp_auth/resource_content.jsp?oid=16777659 HTTP/1.1" 200 29100
106.38.241.143 - - [22/Apr/2016:09:40:20 +0800] "GET /content/tmp_exh/resource_content.jsp?oid=16777768&queryType=qc HTTP/1.1" 200 34439
106.38.241.143 - - [22/Apr/2016:09:40:31 +0800] "GET /content/tmp_exh/resource_content.jsp?oid=16777686&queryType=qc HTTP/1.1" 200 29150
66.249.71.194 - - [22/Apr/2016:09:40:32 +0800] "GET /content/exhibit/exhibit_content.jsp?oid=16777796 HTTP/1.1" 200 15838
106.38.241.143 - - [22/Apr/2016:09:40:43 +0800] "GET /content/tmp_tec/resource_content.jsp?oid=16777732 HTTP/1.1" 200 28461
221.126.231.99 - - [22/Apr/2016:09:40:58 +0800] "GET /content/subject/resource_content.jsp?oid=16797253&queryType=qc HTTP/1.0" 200 42782
221.126.231.99 - - [22/Apr/2016:09:40:59 +0800] "GET /content/nav/relationSubject.jsp?relationWords=%E6%BD%AE%E6%B5%81+%E7%A4%BE%E6%9C%83%E8%AE%8A%E9%81%B7+&oid=16797253 HTTP/1.0" 200 7712
106.38.241.143 - - [22/Apr/2016:09:41:07 +0800] "GET /content/tmp_tec/resource_content.jsp?oid=16777680 HTTP/1.1" 200 30699
106.38.241.143 - - [22/Apr/2016:09:41:19 +0800] "GET /content/tmp_auth/resource_content.jsp?oid=16777450 HTTP/1.1" 200 28204
66.249.71.105 - - [22/Apr/2016:09:41:34 +0800] "GET /content/repository/resource_content.jsp?oid=4362825&queryType=qs&queryString=%E5%8C%97%E6%B8%AF%E6%9C%9D%E5%A4%A9%E5%AE%AE HTTP/1.1" 200 28371
66.249.71.121 - - [22/Apr/2016:09:42:05 +0800] "GET /content/nav/relationSubject.jsp?relationWords=%E6%96%87%E9%BC%8E+&oid=807303 HTTP/1.1" 200 3133
66.249.71.60 - - [22/Apr/2016:09:42:21 +0800] "GET /content/repository/resource_content.jsp?oid=1889943 HTTP/1.1" 200 28720
66.249.71.60 - - [22/Apr/2016:09:43:08 +0800] "GET /content/repository/resource_content.jsp?oid=1531460 HTTP/1.1" 200 29165
66.249.71.5 - - [22/Apr/2016:09:43:55 +0800] "GET /content/repository/resource_content.jsp?oid=2518890&queryString=%E5%85%A7%E7%BF%B0%E6%9E%97%20%E5%9C%8B%E5%8F%B2%E9%99%A2%20%E5%A5%B8%E6%83%85 HTTP/1.1" 200 30159
66.249.79.61 - - [22/Apr/2016:09:43:57 +0800] "GET /content/repository/resource_content.jsp?oid=2513267&queryType=qs&queryString=%E5%B1%B1%E4%B8%B9 HTTP/1.1" 200 29941
66.249.71.60 - - [22/Apr/2016:09:44:03 +0800] "GET /content/nav/relationSubject.jsp?relationWords=%E6%95%B8%E4%BD%8D%E5%85%B8%E8%97%8F+&oid=16777687 HTTP/1.1" 200 5879
66.249.71.60 - - [22/Apr/2016:09:44:06 +0800] "GET /content/nav/relationSubject.jsp?relationWords=%E5%85%AD%E5%BA%9C+%E5%8D%97%E5%B1%AF+%E8%87%BA%E4%B8%AD%E5%B8%82+%E8%B7%AF%E6%A9%8B+&oid=1635487 HTTP/1.1" 200 3231
66.249.79.135 - - [22/Apr/2016:09:44:07 +0800] "GET /content/nav/relationSubject.jsp?relationWords=%E5%8D%81%E4%BA%8C%E7%94%9F%E8%82%96%20%E5%A4%AA%E6%AD%B2%20&oid=4363837 HTTP/1.1" 200 3052
106.38.241.143 - - [22/Apr/2016:09:44:11 +0800] "GET /content/tmp_exh/resource_content.jsp?oid=16777852&queryType=qc HTTP/1.1" 200 67305
66.249.71.60 - - [22/Apr/2016:09:44:12 +0800] "GET /content/nav/relationSubject.jsp?relationWords=%E5%8F%B0%E7%81%A3%E5%B1%B1%E9%BA%BB%E6%A1%BF+%E5%A4%A7%E6%88%9F+%E5%A4%A7%E6%88%9F%E7%A7%91+%E5%B1%B1%E9%BA%BB%E6%A1%BF%E5%B1%AC+%E6%A4%8D%E7%89%A9%E7%95%8C+&oid=1461524 HTTP/1.1" 200 3415
66.249.71.60 - - [22/Apr/2016:09:44:16 +0800] "GET /content/nav/relationSubject.jsp?relationWords=%E6%B3%95%E8%98%AD%E4%BA%AD+&oid=789671 HTTP/1.1" 200 3088
164.132.161.97 - - [22/Apr/2016:09:44:20 +0800] "GET /content/subject/resource_content.jsp?oid=16777568&queryType=qc HTTP/1.1" 200 34854
66.249.71.5 - - [22/Apr/2016:09:44:42 +0800] "GET /content/repository/resource_content.jsp?oid=1899884&queryString=%E5%BC%B5%E4%BF%8A%E9%9B%84%20%E9%87%91%E5%BE%B7%20%E9%99%B3%E9%87%91 HTTP/1.1" 200 31296
66.249.71.200 - - [22/Apr/2016:09:44:42 +0800] "GET /content/nav/relationSubject.jsp?relationWords=%E7%BE%85%E6%BC%A2%E6%9D%BE+%E8%98%AD%E5%B6%BC%E7%BE%85%E6%BC%A2%E6%9D%BE+%E9%81%94%E6%82%9F+%E9%81%94%E6%82%9F%E6%97%8F+%E9%9B%85%E7%BE%8E+%E9%9B%85%E7%BE%8E%E6%97%8F+&oid=16777443 HTTP/1.1" 200 4289
223.141.217.143 - - [22/Apr/2016:09:45:16 +0800] "GET /content/subject/resource_content.jsp?oid=16797271&queryType=qc HTTP/1.1" 200 55170
223.141.217.143 - - [22/Apr/2016:09:45:25 +0800] "GET /content/nav/relationSubject.jsp?relationWords=&oid=16797271 HTTP/1.1" 200 1405
106.38.241.143 - - [22/Apr/2016:09:45:27 +0800] "GET /content/tmp_exh/resource_content.jsp?oid=16777710&queryType=qc%201921 HTTP/1.1" 200 27149
66.249.71.60 - - [22/Apr/2016:09:45:29 +0800] "GET /content/repository/resource_content.jsp?oid=1814220 HTTP/1.1" 200 28488
66.249.71.60 - - [22/Apr/2016:09:46:10 +0800] "GET /content/nav/relationSubject.jsp?relationWords=%E4%BA%BA%E9%A1%9E%E5%AD%B8+%E5%8F%B0%E7%81%A3%E5%8E%9F%E4%BD%8F%E6%B0%91+%E5%BE%8C%E7%8F%BE%E4%BB%A3+%E8%91%89%E6%98%A5%E6%A6%AE+&oid=1778198 HTTP/1.1" 200 5444
66.249.71.60 - - [22/Apr/2016:09:46:12 +0800] "GET /content/nav/relationSubject.jsp?relationWords=%E4%BA%BA%E9%A1%9E%E5%AD%B8%20%E5%8F%B0%E7%81%A3%E5%8E%9F%E4%BD%8F%E6%B0%91%20%E5%BE%8C%E7%8F%BE%E4%BB%A3%20%E8%91%89%E6%98%A5%E6%A6%AE%20&oid=1778198 HTTP/1.1" 200 5444
106.38.241.143 - - [22/Apr/2016:09:46:13 +0800] "GET /content/tmp_exh/resource_content.jsp?oid=16777813&queryType=qc%201889 HTTP/1.1" 200 39080
68.180.230.90 - - [22/Apr/2016:09:46:18 +0800] "GET /digiarch_en/content/subject/resource_content.jsp?oid=16777701&queryType=qc HTTP/1.1" 200 32034
117.56.241.193 - - [22/Apr/2016:09:48:07 +0800] "GET /content/nav/relationSubject.jsp?relationWords=%E9%BB%83%E6%A7%90+&oid=16777364 HTTP/1.1" 200 2681
66.249.71.121 - - [22/Apr/2016:09:48:08 +0800] "GET /content/nav/relationSubject.jsp?relationWords=%E5%AE%B6%E5%B1%8B%E8%A3%9D%E9%A3%BE+%E7%A6%8F%E7%A5%BF%E5%A3%BD+%E9%96%80%E6%A5%A3+&oid=4363132 HTTP/1.1" 200 3114
66.249.79.63 - - [22/Apr/2016:09:48:11 +0800] "GET /content/nav/relationSubject.jsp?relationWords=%E5%AE%B6%E5%B1%8B%E8%A3%9D%E9%A3%BE%20%E7%A6%8F%E7%A5%BF%E5%A3%BD%20%E9%96%80%E6%A5%A3%20&oid=4363132 HTTP/1.1" 200 3114
66.249.71.64 - - [22/Apr/2016:09:48:27 +0800] "GET /content/nav/relationSubject.jsp?relationWords=&oid=2524063 HTTP/1.1" 200 1405
66.249.71.60 - - [22/Apr/2016:09:48:29 +0800] "GET /content/nav/relationSubject.jsp?relationWords=%E5%8D%83%E9%87%91%E6%A6%86%E5%B1%AC+%E6%A4%8D%E7%89%A9%E7%95%8C+%E6%A8%BA%E6%9C%A8%E7%A7%91+%E9%98%BF%E9%87%8C%E5%B1%B1%E5%8D%83%E9%87%91%E6%A6%86+&oid=1102637 HTTP/1.1" 200 3384
66.249.71.60 - - [22/Apr/2016:09:48:32 +0800] "GET /content/nav/relationSubject.jsp?relationWords=%E5%8D%83%E9%87%91%E6%A6%86%E5%B1%AC%20%E6%A4%8D%E7%89%A9%E7%95%8C%20%E6%A8%BA%E6%9C%A8%E7%A7%91%20%E9%98%BF%E9%87%8C%E5%B1%B1%E5%8D%83%E9%87%91%E6%A6%86%20&oid=1102637 HTTP/1.1" 200 3384
66.249.71.64 - - [22/Apr/2016:09:48:43 +0800] "GET /content/nav/relationSubject.jsp?relationWords=%E9%A6%AC%E9%A7%9D+&oid=2662103 HTTP/1.1" 200 3054
210.240.95.16 - - [22/Apr/2016:09:49:01 +0800] "GET /content/repository/resource_content.jsp?oid=1123921&queryString=%E6%89%81%E8%9D%B8%E7%89%9B%E7%A7%91%20%E6%9F%84%E7%9C%BC%E7%9B%AE%20%E7%90%83%E8%9D%B8%E7%89%9B%20%E8%85%B9%E8%B6%B3%E7%B6%B1 HTTP/1.1" 200 34291
210.240.95.16 - - [22/Apr/2016:09:49:03 +0800] "GET /content/nav/relationSubject.jsp?relationWords=%E6%89%81%E8%9D%B8%E7%89%9B%E7%A7%91+%E6%9F%84%E7%9C%BC%E7%9B%AE+%E7%90%83%E8%9D%B8%E7%89%9B+%E8%85%B9%E8%B6%B3%E7%B6%B1+&oid=1123921 HTTP/1.1" 200 3360
101.15.112.65 - - [22/Apr/2016:09:49:38 +0800] "GET /content/repository/resource_content.jsp?oid=1633811 HTTP/1.1" 200 28857
101.15.112.65 - - [22/Apr/2016:09:49:39 +0800] "GET /content/nav/relationSubject.jsp?relationWords=%E6%94%B6%E5%85%A5%E6%A1%88+%E6%94%B6%E8%B3%BC%E5%83%B9%E6%A0%BC+%E6%B4%8B%E8%8F%87+&oid=1633811 HTTP/1.1" 200 7071
66.249.71.60 - - [22/Apr/2016:09:49:47 +0800] "GET /content/nav/relationSubject.jsp?relationWords=%E4%B8%8D%E6%B3%95%E4%B9%8B%E5%BE%92+%E5%8D%97%E7%81%A3+%E6%81%86%E6%98%A5%E9%8E%AE+%E7%95%9C%E7%89%A7+%E7%9C%81%E6%94%BF%E5%BA%9C+%E7%A7%81%E6%9C%89%E5%9C%9F%E5%9C%B0+&oid=1530795 HTTP/1.1" 200 4707
66.249.71.60 - - [22/Apr/2016:09:49:50 +0800] "GET /content/nav/relationSubject.jsp?relationWords=%E4%B8%8D%E6%B3%95%E4%B9%8B%E5%BE%92%20%E5%8D%97%E7%81%A3%20%E6%81%86%E6%98%A5%E9%8E%AE%20%E7%95%9C%E7%89%A7%20%E7%9C%81%E6%94%BF%E5%BA%9C%20%E7%A7%81%E6%9C%89%E5%9C%9F%E5%9C%B0%20&oid=1530795 HTTP/1.1" 200 4707
66.249.71.59 - - [22/Apr/2016:09:50:25 +0800] "GET /content/repository/resource_content.jsp?oid=1593464&queryType=qs&queryString=%E5%A4%A7%E5%AE%B6%E6%A8%82 HTTP/1.1" 200 29247
66.249.71.5 - - [22/Apr/2016:09:50:29 +0800] "GET /digiarch3/content/repository/resource_content.jsp?oid=1900022&queryType=qs&queryString=%E5%85%AB%E6%96%97%E5%AD%90 HTTP/1.1" 200 30583
180.217.21.225 - - [22/Apr/2016:09:50:46 +0800] "GET /content/subject/resource_content.jsp?oid=16797271&queryType=qc HTTP/1.1" 200 55170
66.249.71.5 - - [22/Apr/2016:09:50:59 +0800] "GET /digiarch3/content/repository/resource_content.jsp?oid=1603588&queryType=qs&queryString=%E5%98%89%E7%BE%A9%E7%B8%A3%E8%AD%B0%E6%9C%83 HTTP/1.1" 200 29239
180.217.21.225 - - [22/Apr/2016:09:51:03 +0800] "GET /content/nav/relationSubject.jsp?relationWords=&oid=16797271 HTTP/1.1" 200 1405
66.249.71.5 - - [22/Apr/2016:09:51:28 +0800] "GET /digiarch3/content/nav/relationSubject.jsp?relationWords=%E6%95%99%E6%9D%90+%E6%98%8E%E4%BF%A1%E7%89%87+%E6%9D%9C%E7%A3%81+%E6%9D%9C%E9%A6%99+%E6%9D%9C%E9%A6%99%E5%9C%8B+&oid=1888194 HTTP/1.1" 200 3262
66.249.71.113 - - [22/Apr/2016:09:52:33 +0800] "GET /content/repository/resource_content.jsp?oid=2512098&queryType=qs&queryString=%E5%85%A7%E9%82%B1 HTTP/1.1" 200 29923
157.55.39.155 - - [22/Apr/2016:09:52:37 +0800] "GET /content/subject/resource_content.jsp?oid=16797240&queryType=qc HTTP/1.1" 200 42460
157.55.39.155 - - [22/Apr/2016:09:52:56 +0800] "GET /content/nav/relationSubject.jsp?relationWords=&oid=16797240 HTTP/1.1" 200 1405
66.249.71.60 - - [22/Apr/2016:09:53:20 +0800] "GET /content/repository/resource_content.jsp?oid=3817679&queryString=%E6%A4%8D%E7%89%A9%E7%95%8C%20%E6%AF%9B%E8%8B%A6%E5%8F%83%20%E8%8B%A6%E5%8F%83%E5%B1%AC%20%E8%A0%B6%E8%B1%86%20%E9%9B%99%E5%AD%90%E8%91%89%E6%A4%8D%E7%89%A9 HTTP/1.1" 200 31341
66.249.71.105 - - [22/Apr/2016:09:53:29 +0800] "GET /content/nav/relationSubject.jsp?relationWords=%E5%B0%8F%E4%BA%AC%E5%AE%98+%E5%B7%A5%E9%83%A8+&oid=2658511 HTTP/1.1" 200 3118
66.249.71.113 - - [22/Apr/2016:09:53:31 +0800] "GET /content/nav/relationSubject.jsp?relationWords=%E5%B0%8F%E4%BA%AC%E5%AE%98%20%E5%B7%A5%E9%83%A8%20&oid=2658511 HTTP/1.1" 200 3118
66.249.71.64 - - [22/Apr/2016:09:54:07 +0800] "GET /content/repository/resource_content.jsp?oid=3818300&queryString=%E6%A4%8D%E7%89%A9%E7%95%8C%20%E7%8E%84%E5%8F%83%20%E7%8E%84%E5%8F%83%E7%A7%91%20%E7%B4%AB%E8%98%87%E8%8D%89 HTTP/1.1" 200 31204
66.249.71.50 - - [22/Apr/2016:09:54:54 +0800] "GET /content/repository/resource_content.jsp?oid=4501496&queryType=qs&queryString=%E8%AA%BF%E6%9F%A5%E7%A0%94%E7%A9%B6 HTTP/1.1" 200 29645
66.249.71.64 - - [22/Apr/2016:09:55:39 +0800] "GET /content/nav/relationSubject.jsp?relationWords=%E5%9F%BA%E6%94%B9+%E7%A6%AE%E9%83%A8+%E7%B5%9E%E7%9B%A3%E5%80%99+&oid=2687246 HTTP/1.1" 200 3145
66.249.79.207 - - [22/Apr/2016:09:55:42 +0800] "GET /content/repository/resource_content.jsp?oid=1889323&queryString=%E8%BE%B2%E6%A5%AD%E7%94%A8%E5%9C%B0 HTTP/1.1" 200 28989
66.249.71.113 - - [22/Apr/2016:09:56:29 +0800] "GET /content/repository/resource_content.jsp?oid=1887355&queryType=qs&queryString=%E4%B8%AD%E5%A4%AE%E7%BE%8E%E8%A1%93%E5%8D%94%E6%9C%83 HTTP/1.1" 200 31340
66.249.79.200 - - [22/Apr/2016:09:56:45 +0800] "GET /digiarch_en/content/subject/resource_content.jsp?oid=16777373&queryString=%E6%95%B8%E4%BD%8D%E5%85%B8%E8%97%8F%20%E7%A7%91%E6%99%AE HTTP/1.1" 200 22209
66.249.71.60 - - [22/Apr/2016:09:57:22 +0800] "GET /content/repository/resource_content.jsp?oid=1463781&queryString=%E5%BF%8D%E5%86%AC%E7%A7%91%20%E6%88%B2%E7%8F%A0%E8%8A%B1%20%E6%A4%8D%E7%89%A9%E7%95%8C HTTP/1.1" 200 31257
66.249.71.113 - - [22/Apr/2016:09:57:24 +0800] "GET /content/nav/relationSubject.jsp?relationWords=%E4%B8%81%E4%BA%8B+%E5%85%B5%E4%B8%81+&oid=2521846 HTTP/1.1" 200 4023
66.249.71.60 - - [22/Apr/2016:09:57:47 +0800] "GET /content/nav/relationSubject.jsp?relationWords=%E6%A4%8D%E7%89%A9%E7%95%8C+%E7%A0%B4%E5%82%98%E8%8F%8A%E5%B1%AC+%E8%8F%8A%E7%A7%91+%E9%9B%99%E5%AD%90%E8%91%89%E6%A4%8D%E7%89%A9+%E9%AB%98%E5%B1%B1%E7%A0%B4%E5%82%98%E8%8F%8A+&oid=3813737 HTTP/1.1" 200 3563
66.249.71.60 - - [22/Apr/2016:09:57:49 +0800] "GET /content/nav/relationSubject.jsp?relationWords=%E6%A4%8D%E7%89%A9%E7%95%8C%20%E7%A0%B4%E5%82%98%E8%8F%8A%E5%B1%AC%20%E8%8F%8A%E7%A7%91%20%E9%9B%99%E5%AD%90%E8%91%89%E6%A4%8D%E7%89%A9%20%E9%AB%98%E5%B1%B1%E7%A0%B4%E5%82%98%E8%8F%8A%20&oid=3813737 HTTP/1.1" 200 3563
66.249.71.113 - - [22/Apr/2016:09:58:06 +0800] "GET /content/repository/resource_content.jsp?oid=1081566&queryType=qs&queryString=%E8%92%BC%E7%99%BD HTTP/1.1" 200 30714
66.249.77.37 - - [22/Apr/2016:09:58:49 +0800] "GET /content/subject/resource_content.jsp?oid=16777264&queryType=qs&queryString=%E6%95%B8%E4%BD%8D%E8%B3%87%E6%96%99%E5%BA%AB HTTP/1.1" 200 37680
178.255.215.94 - - [22/Apr/2016:09:59:03 +0800] "GET /content/pictures/picture_content.jsp?oid=33554505&classify= HTTP/1.1" 200 26910
66.249.71.60 - - [22/Apr/2016:09:59:23 +0800] "GET /content/nav/relationSubject.jsp?relationWords=%E7%81%B0%E7%9B%B2%E6%A2%9D%E9%AD%9A+%E8%99%8E%E7%A7%91+&oid=3111526 HTTP/1.1" 200 3144
114.47.188.198 - - [22/Apr/2016:09:59:28 +0800] "GET /content/nav/relationSubject.jsp?relationWords=%E5%8D%83%E5%B9%B4%E6%A1%90+%E6%A1%90%E8%8A%B1+%E6%B2%B9%E6%A1%90+&oid=16777599 HTTP/1.1" 200 3738
111.13.102.134 - - [22/Apr/2016:09:59:35 +0800] "GET /digiarch_en/content/pictures/picture_content.jsp?oid=33554798&queryType=qc HTTP/1.1" 200 22052
111.13.102.137 - - [22/Apr/2016:09:59:36 +0800] "GET /content/subject/resource_content.jsp?oid=16777353&queryType=qc HTTP/1.1" 200 28827
220.181.51.76 - - [22/Apr/2016:09:59:37 +0800] "GET /digiarch_en/content/subject/resource_content.jsp?oid=16777647&queryType=qc HTTP/1.1" 200 38917
111.13.102.5 - - [22/Apr/2016:09:59:37 +0800] "GET /content/subject/resource_content.jsp?oid=16777614&queryType=qc HTTP/1.1" 200 49075
111.13.102.6 - - [22/Apr/2016:09:59:40 +0800] "GET /content/tmp_exh/resource_content.jsp?oid=16777826&queryType=qc HTTP/1.1" 200 30918
111.13.102.6 - - [22/Apr/2016:09:59:40 +0800] "GET /content/subject/resource_content.jsp?oid=16777361 HTTP/1.1" 200 31893
111.13.102.4 - - [22/Apr/2016:09:59:41 +0800] "GET /content/subject/resource_content.jsp?oid=16797287&queryType=qc HTTP/1.1" 200 88347
220.181.51.82 - - [22/Apr/2016:09:59:45 +0800] "GET /content/subject/resource_content.jsp?oid=16797335&queryType=qc HTTP/1.1" 200 60398
220.181.51.81 - - [22/Apr/2016:09:59:47 +0800] "GET /digiarch_en/content/subject/resource_content.jsp?oid=16777481&queryType=qc HTTP/1.1" 200 175036
66.249.71.60 - - [22/Apr/2016:10:00:23 +0800] "GET /content/repository/resource_content.jsp?oid=1887135&queryString=%E7%B0%BE%E8%9B%A4%E7%9B%AE%20%E7%B4%AB%E6%99%83%E8%82%89%20%E8%9B%A4%E7%A7%91%20%E8%A5%BF%E6%96%BD%E8%88%8C%20%E8%A5%BF%E6%96%BD%E8%88%8C%E5%B1%AC%20%E8%A5%BF%E8%82%9A%E8%88%8C%20%E9%9B%99%E6%AE%BC%E7%B6%B1%20%E9%9B%99%E7%B7%9A%E8%A1%80%E8%9A%B6 HTTP/1.1" 200 32832
66.249.71.60 - - [22/Apr/2016:10:00:37 +0800] "GET /content/nav/relationSubject.jsp?relationWords=%E7%87%9F%E4%BC%8D+&oid=2511963 HTTP/1.1" 200 5265
