110.28.219.142 - - [23/Apr/2016:08:27:09 +0800] "GET /content/nav/relationSubject.jsp?relationWords=%E5%A4%A7%E8%91%89%E5%B1%B1%E6%AC%96+%E6%8B%BC%E6%9D%BF%E8%88%9F+%E9%81%94%E6%82%9F%E6%97%8F+&oid=16777270 HTTP/1.1" 200 4585
66.249.71.5 - - [23/Apr/2016:08:27:51 +0800] "GET /digiarch3/content/nav/relationSubject.jsp?relationWords=%E6%93%92%E6%96%AC+%E9%80%86%E4%BA%8B+&oid=2690112 HTTP/1.1" 200 3095
66.249.71.5 - - [23/Apr/2016:08:27:53 +0800] "GET /digiarch3/content/nav/relationSubject.jsp?relationWords=%E6%93%92%E6%96%AC%20%E9%80%86%E4%BA%8B%20&oid=2690112 HTTP/1.1" 200 3095
66.249.71.5 - - [23/Apr/2016:08:29:07 +0800] "GET /digiarch3/content/subject/resource_content.jsp?oid=16777345&queryType=qc HTTP/1.1" 200 35062
66.249.71.60 - - [23/Apr/2016:08:29:09 +0800] "GET /content/repository/resource_content.jsp?oid=14720&queryString=%E4%B8%89%E8%A7%92%E4%BB%94%20%E5%8D%97%E6%96%B9%E6%93%AC%E9%87%91%E7%9C%BC%E9%AF%9B%20%E5%96%AE%E9%B0%AD%E9%AD%9A%20%E6%93%AC%E9%87%91%E7%9C%BC%E9%AF%9B%20%E7%9A%AE%E5%88%80%20%E8%A7%A3%E9%A4%8C%E5%88%80%20%E9%AF%9B%E7%A7%91 HTTP/1.1" 200 33951
66.249.71.105 - - [23/Apr/2016:08:29:11 +0800] "GET /content/nav/relationSubject.jsp?relationWords=&oid=2612091 HTTP/1.1" 200 1405
66.249.77.91 - - [23/Apr/2016:08:32:23 +0800] "GET /content/nav/relationSubject.jsp?relationWords=%E5%85%89%E7%A5%BF+%E5%85%89%E7%A5%BF%E5%AF%BA+%E9%8A%80%E5%85%A9+&oid=2663767 HTTP/1.1" 200 5450
66.249.71.72 - - [23/Apr/2016:08:33:26 +0800] "GET /content/nav/relationSubject.jsp?relationWords=%E6%89%8B%E9%90%B2+%E9%8A%85%E6%89%8B%E9%90%B2+&oid=1780383 HTTP/1.1" 200 2983
66.249.79.200 - - [23/Apr/2016:08:33:39 +0800] "GET /content/subject/resource_content.jsp?oid=16777721&queryString=%E6%A4%8D%E7%89%A9%E7%95%8C%20%E7%8E%89%E5%B1%B1%E8%96%84%E9%9B%AA%E8%8D%89%20%E8%8F%8A%E7%A7%91%20%E8%96%84%E9%9B%AA%E8%8D%89%E5%B1%AC%20%E9%9B%99%E5%AD%90%E8%91%89%E6%A4%8D%E7%89%A9 HTTP/1.1" 200 36216
66.249.77.91 - - [23/Apr/2016:08:34:02 +0800] "GET /content/nav/relationSubject.jsp?relationWords=%E7%8B%97%E9%B0%B7+&oid=15930 HTTP/1.1" 200 3437
66.249.77.91 - - [23/Apr/2016:08:34:11 +0800] "GET /mobile/content/subject/resource_content.jsp?oid=16777773&queryType=qc HTTP/1.1" 404 14873
66.249.71.72 - - [23/Apr/2016:08:36:39 +0800] "GET /content/subject/resource_content.jsp?oid=16797271&queryType=qc HTTP/1.1" 200 55170
66.249.71.72 - - [23/Apr/2016:08:38:57 +0800] "GET /content/nav/relationSubject.jsp?relationWords=%E9%A1%8C%E8%A8%98+&oid=3356353 HTTP/1.1" 200 4788
66.249.79.139 - - [23/Apr/2016:08:39:40 +0800] "GET /content/subject/resource_content.jsp?oid=16777351&queryType=qs&queryString=%E7%8E%89%E8%98%AD%E8%8A%B1 HTTP/1.1" 200 34040
175.181.116.119 - - [23/Apr/2016:08:40:25 +0800] "GET /content/subject/resource_content.jsp?oid=16777761&queryType=qs&queryString=%E6%9C%B1%E4%B8%80%E8%B2%B4 HTTP/1.1" 200 32688
175.181.116.119 - - [23/Apr/2016:08:40:26 +0800] "GET /content/nav/relationSubject.jsp?relationWords=%E6%BC%AB%E7%95%AB+&oid=16777761 HTTP/1.1" 200 4129
66.249.71.72 - - [23/Apr/2016:08:40:27 +0800] "GET /content/nav/relationSubject.jsp?relationWords=&oid=33554719 HTTP/1.1" 200 1405
66.249.71.113 - - [23/Apr/2016:08:41:10 +0800] "GET /content/tmp_auth/resource_content.jsp?oid=16777810 HTTP/1.1" 200 40580
66.249.71.64 - - [23/Apr/2016:08:42:00 +0800] "GET /content/nav/relationSubject.jsp?relationWords=%E6%9C%A8%E8%87%BC+&oid=1173691 HTTP/1.1" 200 2927
66.249.71.72 - - [23/Apr/2016:08:42:38 +0800] "GET /content/nav/relationSubject.jsp?relationWords=%E6%A4%8D%E7%89%A9%E7%95%8C+%E6%AF%9B%E8%8C%9B+%E6%AF%9B%E8%8C%9B%E7%A7%91+%E7%83%8F%E9%A0%AD%E5%B1%AC+%E8%87%BA%E7%81%A3%E7%83%8F%E9%A0%AD+&oid=1459771 HTTP/1.1" 200 3386
66.249.71.60 - - [23/Apr/2016:08:42:40 +0800] "GET /content/repository/resource_content.jsp?oid=1573293 HTTP/1.1" 200 28523
66.249.71.72 - - [23/Apr/2016:08:42:41 +0800] "GET /content/nav/relationSubject.jsp?relationWords=%E6%A4%8D%E7%89%A9%E7%95%8C%20%E6%AF%9B%E8%8C%9B%20%E6%AF%9B%E8%8C%9B%E7%A7%91%20%E7%83%8F%E9%A0%AD%E5%B1%AC%20%E8%87%BA%E7%81%A3%E7%83%8F%E9%A0%AD%20&oid=1459771 HTTP/1.1" 200 3386
1.161.203.137 - - [23/Apr/2016:08:43:53 +0800] "GET /content/repository/resource_content.jsp?oid=4362878&queryType=null&queryString=%E5%8E%B2%E7%8E%8B%E5%AE%AE HTTP/1.1" 200 31515
1.161.203.137 - - [23/Apr/2016:08:43:55 +0800] "GET /content/nav/relationSubject.jsp?relationWords=%E5%8E%B2%E7%8E%8B+%E6%9D%8E%E5%BA%9C%E5%8D%83%E6%AD%B2+%E9%97%9C%E5%B8%9D+&oid=4362878 HTTP/1.1" 200 3168
66.249.71.59 - - [23/Apr/2016:08:44:12 +0800] "GET /content/repository/resource_content.jsp?oid=4362890&queryString=%E4%BF%9D%E7%94%9F%E5%A4%A7%E5%B8%9D%20%E5%B9%B3%E5%AE%89%E7%AC%A6 HTTP/1.1" 200 30943
66.249.71.64 - - [23/Apr/2016:08:44:12 +0800] "GET /content/nav/relationSubject.jsp?relationWords=%E5%A4%96%E5%82%98%E9%A0%82%E6%B4%B2+%E6%9C%B4%E5%AD%90+%E6%9D%B1%E7%9F%B3%E9%84%89+%E7%92%B0%E4%BF%9D+%E7%9F%B3%E5%8C%96+%E9%87%8D%E5%B7%A5%E6%A5%AD+&oid=1591684 HTTP/1.1" 200 4581
68.180.230.90 - - [23/Apr/2016:08:44:14 +0800] "GET /digiarch_en/content/subject/resource_content.jsp?oid=16777565&queryType=qc HTTP/1.1" 200 27207
180.217.208.243 - - [23/Apr/2016:08:44:24 +0800] "GET /content/nav/relationSubject.jsp?relationWords=%E5%8D%83%E5%B9%B4%E6%A1%90+%E6%A1%90%E8%8A%B1+%E6%B2%B9%E6%A1%90+&oid=16777599 HTTP/1.1" 200 3738
110.26.210.27 - - [23/Apr/2016:08:44:57 +0800] "GET /content/repository/resource_content.jsp?oid=3815049&queryString=%E4%B8%89%E8%85%B3%E5%89%AA%20%E6%85%88%E5%A7%91%E5%B1%AC%20%E6%A4%8D%E7%89%A9%E7%95%8C%20%E6%B0%B4%E8%8A%8B%20%E6%BE%A4%E7%80%89%20%E6%BE%A4%E7%80%89%E7%A7%91 HTTP/1.1" 200 31343
110.26.210.27 - - [23/Apr/2016:08:44:59 +0800] "GET /content/nav/relationSubject.jsp?relationWords=%E4%B8%89%E8%85%B3%E5%89%AA+%E6%85%88%E5%A7%91%E5%B1%AC+%E6%A4%8D%E7%89%A9%E7%95%8C+%E6%B0%B4%E8%8A%8B+%E6%BE%A4%E7%80%89+%E6%BE%A4%E7%80%89%E7%A7%91+&oid=3815049 HTTP/1.1" 200 3383
66.249.71.105 - - [23/Apr/2016:08:48:42 +0800] "GET /content/repository/resource_content.jsp?oid=1531734&queryType=qs&queryString=%E8%AC%9D%E5%BE%B7 HTTP/1.1" 200 29035
66.249.71.60 - - [23/Apr/2016:08:49:11 +0800] "GET /content/nav/relationSubject.jsp?relationWords=%E4%BA%8C%E6%B0%A7%E5%8C%96%E9%88%A6+%E6%9D%9C%E9%82%A6+%E8%A7%80%E9%9F%B3%E9%84%89+&oid=1611961 HTTP/1.1" 200 4041
66.249.71.64 - - [23/Apr/2016:08:49:14 +0800] "GET /content/nav/relationSubject.jsp?relationWords=%E4%BA%8C%E6%B0%A7%E5%8C%96%E9%88%A6%20%E6%9D%9C%E9%82%A6%20%E8%A7%80%E9%9F%B3%E9%84%89%20&oid=1611961 HTTP/1.1" 200 4041
66.249.71.5 - - [23/Apr/2016:08:49:21 +0800] "GET /digiarch3/content/nav/relationSubject.jsp?relationWords=%E4%BA%BA%E5%90%8D%E6%AC%8A%E5%A8%81+%E5%B7%A1%E6%B4%8B+%E6%BD%9B%E6%B0%B4%E8%89%87+&oid=723881 HTTP/1.1" 200 3206
66.249.79.186 - - [23/Apr/2016:08:49:24 +0800] "GET /digiarch3/content/nav/relationSubject.jsp?relationWords=%E4%BA%BA%E5%90%8D%E6%AC%8A%E5%A8%81%20%E5%B7%A1%E6%B4%8B%20%E6%BD%9B%E6%B0%B4%E8%89%87%20&oid=723881 HTTP/1.1" 200 3206
66.249.71.5 - - [23/Apr/2016:08:50:12 +0800] "GET /digiarch3/content/subject/resource_content.jsp?oid=16777306&queryType=qs&queryString=%E7%9A%AE%E8%86%9A HTTP/1.1" 200 32246
66.249.71.121 - - [23/Apr/2016:08:51:03 +0800] "GET /content/nav/relationSubject.jsp?relationWords=%E5%A5%8F%E8%AD%B0+%E6%98%8E%E9%88%94%E6%9C%AC+%E8%81%96%E8%AB%AD+%E8%81%AF%E5%90%88%E7%9B%AE%E9%8C%84+&oid=3205487 HTTP/1.1" 200 4521
66.249.71.41 - - [23/Apr/2016:08:51:06 +0800] "GET /content/subject/resource_content.jsp?oid=16777304&queryType=qc HTTP/1.1" 200 36239
66.249.77.85 - - [23/Apr/2016:08:51:43 +0800] "GET /content/repository/resource_content.jsp?oid=4364738&queryString=%E7%94%B7%E8%A1%A3 HTTP/1.1" 200 29345
66.249.71.64 - - [23/Apr/2016:08:52:16 +0800] "GET /content/nav/relationSubject.jsp?relationWords=%E4%BF%9D%E5%8A%9B%20%E6%81%86%E6%98%A5%E5%8D%8A%E5%B3%B6%20%E7%89%A1%E4%B8%B9%E7%A4%BE%E4%BA%8B%E4%BB%B6%20%E7%95%AA%E7%A4%BE%20&oid=16777766 HTTP/1.1" 200 4011
66.249.71.72 - - [23/Apr/2016:08:53:13 +0800] "GET /content/repository/resource_content.jsp?oid=1124488 HTTP/1.1" 200 29622
66.249.71.113 - - [23/Apr/2016:08:54:43 +0800] "GET /content/repository/resource_content.jsp?oid=1583460&queryType=qs&queryString=%E5%B7%A5%E6%A5%AD%E5%AD%B8%E6%A0%A1 HTTP/1.1" 200 30753
119.14.203.46 - - [23/Apr/2016:08:56:02 +0800] "GET /content/nav/relationSubject.jsp?relationWords=&oid=16777459 HTTP/1.1" 200 1405
66.249.77.85 - - [23/Apr/2016:08:56:14 +0800] "GET /content/repository/resource_content.jsp?oid=16525&queryType=qs&queryString=%E8%82%9D%E8%87%9F HTTP/1.1" 200 34593
66.249.77.85 - - [23/Apr/2016:08:57:44 +0800] "GET /content/repository/resource_content.jsp?oid=4468101&queryString=%E7%93%A2%E8%9F%B2 HTTP/1.1" 200 28452
122.118.148.91 - - [23/Apr/2016:08:58:30 +0800] "GET /content/repository/resource_content.jsp?oid=1551372&queryType=qs&queryString=%E6%9D%BE%E5%B1%B1%E8%8F%B8%E5%BB%A0 HTTP/1.1" 200 32162
122.118.148.91 - - [23/Apr/2016:08:58:31 +0800] "GET /content/nav/relationSubject.jsp?relationWords=%E4%B8%BB%E8%A8%88%E4%BA%BA%E5%93%A1+%E4%B8%BB%E8%A8%88%E8%99%95+%E5%85%AC%E5%8B%99%E4%BA%BA%E5%93%A1+%E5%85%AC%E7%87%9F%E4%BA%8B%E6%A5%AD%E6%A9%9F%E6%A7%8B+%E5%8F%B8%E6%A9%9F+%E5%90%88%E4%BD%9C%E7%A4%BE+%E5%95%86%E6%A5%AD%E9%8A%80%E8%A1%8C+%E5%AD%98%E6%AC%BE+%E6%95%88%E7%8E%87+%E6%9D%BE%E5%B1%B1%E8%8F%B8%E5%BB%A0+%E7%A8%85%E5%8B%99+%E7%A8%85%E6%8D%90+%E8%87%AA%E4%BE%86%E6%B0%B4+%E8%87%BA%E7%81%A3%E9%8A%80%E8%A1%8C+%E8%99%95%E9%95%B7+%E8%B2%A1%E6%94%BF+&oid=1551372 HTTP/1.1" 200 5564
207.46.13.126 - - [23/Apr/2016:08:59:01 +0800] "GET /content/pictures/picture_content.jsp?oid=33554813&queryType=qc HTTP/1.1" 200 27732
207.46.13.126 - - [23/Apr/2016:08:59:03 +0800] "GET /content/pictures/picture_content.jsp?oid=33554826&queryType=qc HTTP/1.1" 200 27805
207.46.13.126 - - [23/Apr/2016:08:59:04 +0800] "GET /content/repository/resource_content.jsp?oid=523999&queryType=qc HTTP/1.1" 200 36520
207.46.13.126 - - [23/Apr/2016:08:59:05 +0800] "GET /content/pictures/picture_content.jsp?oid=33554848&queryType=qc HTTP/1.1" 200 27763
207.46.13.126 - - [23/Apr/2016:08:59:07 +0800] "GET /content/subject/resource_content.jsp?oid=16777504&queryType=qc HTTP/1.1" 200 36614
207.46.13.126 - - [23/Apr/2016:08:59:08 +0800] "GET /content/repository/resource_content.jsp?oid=1777442&queryType=qs HTTP/1.1" 200 32168
207.46.13.126 - - [23/Apr/2016:08:59:10 +0800] "GET /content/pictures/picture_content.jsp?oid=33554804&queryType=qc HTTP/1.1" 200 27648
207.46.13.46 - - [23/Apr/2016:08:59:14 +0800] "GET /content/subject/resource_content.jsp?oid=16777660&queryType=qc HTTP/1.1" 200 70777
66.249.71.105 - - [23/Apr/2016:08:59:15 +0800] "GET /content/repository/resource_content.jsp?oid=2638565&queryType=qs&queryString=%E7%A5%80%E8%AC%9D HTTP/1.1" 200 30255
207.46.13.46 - - [23/Apr/2016:08:59:15 +0800] "GET /content/subject/resource_content.jsp?oid=16797282 HTTP/1.1" 200 78895
66.249.71.60 - - [23/Apr/2016:08:59:48 +0800] "GET /digiarch_en/content/nav/relationSubject.jsp?relationWords=%E5%A4%BE%E7%AB%B9%E6%A1%83+%E5%A4%BE%E7%AB%B9%E6%A1%83%E7%A7%91+%E6%A4%8D%E7%89%A9%E7%95%8C+%E6%AA%AC%E6%9E%9C+%E6%B5%B7%E6%AA%AC%E6%9E%9C+%E6%B5%B7%E6%AA%AC%E6%9E%9C%E5%B1%AC+%E9%BE%8D%E8%86%BD+&oid=1106031 HTTP/1.1" 200 5436
207.140.42.6 - - [23/Apr/2016:09:00:02 +0800] "GET /content/nav/relationSubject.jsp?relationWords=%E6%9C%A8%E7%8A%80+%E6%A1%82%E8%8A%B1+&oid=16777255 HTTP/1.1" 200 4029
66.249.71.5 - - [23/Apr/2016:09:00:10 +0800] "GET /content/nav/relationSubject.jsp?relationWords=%E5%9D%90%E5%90%8D%E6%95%95%E6%9B%B8+%E5%AE%8B%E6%84%9B+%E9%80%9A%E6%83%A0+&oid=2614401 HTTP/1.1" 200 3199
66.249.71.5 - - [23/Apr/2016:09:00:12 +0800] "GET /content/nav/relationSubject.jsp?relationWords=%E5%9D%90%E5%90%8D%E6%95%95%E6%9B%B8%20%E5%AE%8B%E6%84%9B%20%E9%80%9A%E6%83%A0%20&oid=2614401 HTTP/1.1" 200 3199
66.249.71.200 - - [23/Apr/2016:09:00:37 +0800] "GET /content/nav/relationSubject.jsp?relationWords=%E4%BA%8B%E5%AF%94+&oid=2666168 HTTP/1.1" 200 3603
66.249.77.91 - - [23/Apr/2016:09:00:45 +0800] "GET /content/subject/resource_content.jsp?oid=16777624&queryType=qc HTTP/1.1" 200 119503
66.249.71.194 - - [23/Apr/2016:09:00:56 +0800] "GET /content/nav/relationSubject.jsp?relationWords=%E4%BC%8A%E7%88%B6+%E5%88%91%E9%83%A8+%E6%88%90%E5%AF%A7+&oid=2634914 HTTP/1.1" 200 3165
66.249.71.194 - - [23/Apr/2016:09:00:59 +0800] "GET /content/nav/relationSubject.jsp?relationWords=%E4%BC%8A%E7%88%B6%20%E5%88%91%E9%83%A8%20%E6%88%90%E5%AF%A7%20&oid=2634914 HTTP/1.1" 200 3165
114.37.200.240 - - [23/Apr/2016:09:01:57 +0800] "GET /content/repository/resource_content.jsp?oid=2145945&queryString=%E5%A4%8F%E5%A4%9C%20%E6%B0%B4%E8%8C%84%E8%8B%B3 HTTP/1.1" 200 31215
114.37.200.240 - - [23/Apr/2016:09:01:58 +0800] "GET /content/nav/relationSubject.jsp?relationWords=%E6%A3%8B%E7%9B%A4%E8%85%B3%E6%A8%B9%E5%B1%AC+%E6%A4%8D%E7%89%A9%E7%95%8C+%E6%B0%B4%E8%8C%84%E8%8B%B3+%E7%8E%89%E8%95%8A%E7%A7%91+&oid=2145945 HTTP/1.1" 200 4157
66.249.71.64 - - [23/Apr/2016:09:02:04 +0800] "GET /content/nav/relationSubject.jsp?relationWords=%E9%9D%92%E5%89%9B%E6%AB%9F+&oid=16777349 HTTP/1.1" 200 4006
66.249.77.85 - - [23/Apr/2016:09:02:16 +0800] "GET /content/subject/resource_content.jsp?oid=16777714&queryString= HTTP/1.1" 200 42393
180.76.15.14 - - [23/Apr/2016:09:02:30 +0800] "GET /content/repository/resource_content.jsp?oid=1572720&queryType=qs&queryString=%E5%BA%B7%E6%A8%82%E6%B4%BB%E5%8B%95 HTTP/1.1" 200 29180
66.249.77.91 - - [23/Apr/2016:09:03:16 +0800] "GET /content/nav/relationSubject.jsp?relationWords=%E5%90%8F%E9%83%A8+&oid=2680239 HTTP/1.1" 200 3101
66.249.79.207 - - [23/Apr/2016:09:03:46 +0800] "GET /content/repository/resource_content.jsp?oid=3813657&queryString=%E5%B1%B1%E8%96%91%20%E5%B1%B1%E8%96%91%E5%B1%AC HTTP/1.1" 200 31153
61.220.72.235 - - [23/Apr/2016:09:03:47 +0800] "GET /content/subject/resource_content.jsp?oid=16777692 HTTP/1.1" 200 36451
61.220.72.235 - - [23/Apr/2016:09:04:09 +0800] "GET /content/subject/resource_content.jsp?oid=16777692 HTTP/1.1" 200 36451
61.220.72.235 - - [23/Apr/2016:09:04:13 +0800] "GET /content/nav/relationSubject.jsp?relationWords=&oid=16777692 HTTP/1.1" 200 1405
66.249.71.64 - - [23/Apr/2016:09:04:44 +0800] "GET /content/nav/relationSubject.jsp?relationWords=&oid=2532143 HTTP/1.1" 200 1405
66.249.71.5 - - [23/Apr/2016:09:06:46 +0800] "GET /digiarch3/content/subject/resource_content.jsp?oid=16777342&queryType=qc HTTP/1.1" 200 33226
66.249.71.60 - - [23/Apr/2016:09:08:17 +0800] "GET /content/subject/resource_content.jsp?oid=16777342 HTTP/1.1" 200 33224
66.249.77.85 - - [23/Apr/2016:09:09:13 +0800] "GET /content/nav/relationSubject.jsp?relationWords=%E5%A2%A8%E9%BB%9E%E6%AB%BB%E6%A1%83+%E6%A2%85%E5%B1%AC+%E6%A4%8D%E7%89%A9%E7%95%8C+%E8%96%94%E8%96%87%E7%9B%AE+%E8%96%94%E8%96%87%E7%A7%91+%E9%BB%91%E6%98%9F%E6%AB%BB+&oid=3823121 HTTP/1.1" 200 3476
66.249.79.186 - - [23/Apr/2016:09:09:48 +0800] "GET /digiarch3/content/repository/resource_content.jsp?oid=16300&queryString=%E7%9F%AD%E5%96%99%E9%BC%BB%E9%AD%9A HTTP/1.1" 200 34776
66.249.71.60 - - [23/Apr/2016:09:10:08 +0800] "GET /content/nav/relationSubject.jsp?relationWords=%E5%A4%A7%E7%89%A1%E8%A0%A3+%E5%B7%A8%E7%89%A1%E8%A0%A3%E5%B1%AC+%E7%89%A1%E8%A0%A3+%E9%95%B7%E7%89%A1%E8%A0%A3+%E9%9B%99%E6%AE%BC%E7%B6%B1+%E9%B6%AF%E8%9B%A4%E7%9B%AE+&oid=1126249 HTTP/1.1" 200 3578
66.249.79.200 - - [23/Apr/2016:09:10:09 +0800] "GET /content/nav/relationSubject.jsp?relationWords=%E5%A4%A7%E7%89%A1%E8%A0%A3%20%E5%B7%A8%E7%89%A1%E8%A0%A3%E5%B1%AC%20%E7%89%A1%E8%A0%A3%20%E9%95%B7%E7%89%A1%E8%A0%A3%20%E9%9B%99%E6%AE%BC%E7%B6%B1%20%E9%B6%AF%E8%9B%A4%E7%9B%AE%20&oid=1126249 HTTP/1.1" 200 3578
207.46.13.46 - - [23/Apr/2016:09:10:38 +0800] "GET /content/nav/relationSubject.jsp?relationWords=%E5%8F%B0%E7%81%A3%E6%AC%92%E6%A8%B9+%E8%8B%A6%E8%8B%93%E8%88%85+&oid=16777254 HTTP/1.1" 200 4285
66.249.71.60 - - [23/Apr/2016:09:10:47 +0800] "GET /content/nav/relationSubject.jsp?relationWords=&oid=2591754 HTTP/1.1" 200 1405
157.55.39.106 - - [23/Apr/2016:09:10:57 +0800] "GET /content/nav/relationSubject.jsp?relationWords=%E5%B1%B1%E8%8C%B6%E8%8A%B1+%E6%9B%BC%E9%99%80%E7%BE%85%E8%8A%B1+&oid=16777448 HTTP/1.1" 200 1894
66.249.79.200 - - [23/Apr/2016:09:11:18 +0800] "GET /content/repository/resource_content.jsp?oid=2577897 HTTP/1.1" 200 28799
66.249.71.105 - - [23/Apr/2016:09:12:10 +0800] "GET /content/nav/relationSubject.jsp?relationWords=%E4%BF%9D%E5%81%A5+%E5%82%B3%E6%9F%93%E7%97%85%E9%98%B2%E6%B2%BB+%E8%99%95%E9%95%B7+%E8%A1%8C%E6%94%BF%E7%AE%A1%E7%90%86+%E8%A1%9B%E7%94%9F%E8%99%95+&oid=1546229 HTTP/1.1" 200 4378
66.249.71.105 - - [23/Apr/2016:09:12:14 +0800] "GET /content/nav/relationSubject.jsp?relationWords=%E4%BF%9D%E5%81%A5%20%E5%82%B3%E6%9F%93%E7%97%85%E9%98%B2%E6%B2%BB%20%E8%99%95%E9%95%B7%20%E8%A1%8C%E6%94%BF%E7%AE%A1%E7%90%86%20%E8%A1%9B%E7%94%9F%E8%99%95%20&oid=1546229 HTTP/1.1" 200 4378
66.249.71.60 - - [23/Apr/2016:09:12:17 +0800] "GET /content/nav/relationSubject.jsp?relationWords=%E5%8B%9E%E5%B7%A5%E4%BF%9D%E9%9A%AA+%E6%9E%97%E5%82%B3%E6%97%BA+%E6%9E%97%E6%98%8E%E5%BE%B7+%E6%AD%BB%E4%BA%A1%E4%BF%9D%E9%9A%AA+%E7%9C%81%E6%94%BF%E5%BA%9C+%E8%94%A1%E5%AE%A2+%E8%AB%8B%E9%91%92+%E9%AB%98%E8%82%B2%E4%BB%81+&oid=1896401 HTTP/1.1" 200 4807
66.249.79.200 - - [23/Apr/2016:09:12:20 +0800] "GET /content/nav/relationSubject.jsp?relationWords=%E5%8B%9E%E5%B7%A5%E4%BF%9D%E9%9A%AA%20%E6%9E%97%E5%82%B3%E6%97%BA%20%E6%9E%97%E6%98%8E%E5%BE%B7%20%E6%AD%BB%E4%BA%A1%E4%BF%9D%E9%9A%AA%20%E7%9C%81%E6%94%BF%E5%BA%9C%20%E8%94%A1%E5%AE%A2%20%E8%AB%8B%E9%91%92%20%E9%AB%98%E8%82%B2%E4%BB%81%20&oid=1896401 HTTP/1.1" 200 4807
66.249.71.60 - - [23/Apr/2016:09:12:48 +0800] "GET /content/repository/resource_content.jsp?oid=2574737 HTTP/1.1" 200 29125
66.249.71.60 - - [23/Apr/2016:09:12:57 +0800] "GET /content/nav/relationSubject.jsp?relationWords=%E5%A4%96%E4%BA%A4%E9%83%A8+%E7%A6%AE%E8%B3%93+%E8%81%96%E4%BF%9D%E7%BE%85+&oid=1530273 HTTP/1.1" 200 3810
66.249.71.60 - - [23/Apr/2016:09:12:59 +0800] "GET /content/nav/relationSubject.jsp?relationWords=%E5%A4%96%E4%BA%A4%E9%83%A8%20%E7%A6%AE%E8%B3%93%20%E8%81%96%E4%BF%9D%E7%BE%85%20&oid=1530273 HTTP/1.1" 200 3810
66.249.71.60 - - [23/Apr/2016:09:13:18 +0800] "GET /content/nav/relationSubject.jsp?relationWords=%E7%9B%88%E9%A4%98+&oid=2629117 HTTP/1.1" 200 3072
157.55.39.106 - - [23/Apr/2016:09:13:19 +0800] "GET /content/subject/resource_content.jsp?oid=16777706 HTTP/1.1" 200 53849
66.249.71.60 - - [23/Apr/2016:09:13:24 +0800] "GET /content/nav/relationSubject.jsp?relationWords=%E7%9B%88%E9%A4%98%20&oid=2629117 HTTP/1.1" 200 3072
207.46.13.126 - - [23/Apr/2016:09:14:17 +0800] "GET /content/nav/relationSubject.jsp?relationWords=%E5%9D%AA%E6%9E%97%E7%A7%8B%E6%B5%B7%E6%A3%A0+%E7%A7%8B%E6%B5%B7%E6%A3%A0+&oid=16777493 HTTP/1.1" 200 4931
66.249.71.14 - - [23/Apr/2016:09:14:19 +0800] "GET /digiarch3/content/nav/relationSubject.jsp?relationWords=%E5%B0%96%E7%BF%85%E7%87%95%E9%AD%9A+%E6%B5%B7%E7%87%95+%E7%87%95%E9%AD%9A+%E7%99%BD%E9%AF%A7+%E7%99%BD%E9%AF%A7%E7%A7%91+%E9%AF%A7%E4%BB%94+&oid=16264 HTTP/1.1" 200 4346
66.249.71.60 - - [23/Apr/2016:09:14:36 +0800] "GET /content/subject/resource_content.jsp?oid=16777752&queryType=qs&queryString=%E8%99%9B%E6%93%AC%E5%8D%9A%E7%89%A9%E9%A4%A8 HTTP/1.1" 200 37639
66.249.77.91 - - [23/Apr/2016:09:16:45 +0800] "GET /content/nav/relationSubject.jsp?relationWords=%E5%AA%BD%E7%A5%96+%E9%BB%91%E9%9D%A2%E5%AA%BD%E7%A5%96+&oid=4363869 HTTP/1.1" 200 3088
207.46.13.126 - - [23/Apr/2016:09:16:58 +0800] "GET /content/nav/relationSubject.jsp?relationWords=%E7%B4%AB%E8%96%87+&oid=16777424 HTTP/1.1" 200 4000
66.249.77.91 - - [23/Apr/2016:09:18:50 +0800] "GET /content/subject/resource_content.jsp?oid=16777752&queryType=qs&queryString=%E6%B0%91%E6%97%8F%E8%AA%8C HTTP/1.1" 200 37388
66.249.71.121 - - [23/Apr/2016:09:20:17 +0800] "GET /content/nav/relationSubject.jsp?relationWords=&oid=2598493 HTTP/1.1" 200 1405
66.249.71.64 - - [23/Apr/2016:09:20:20 +0800] "GET /content/repository/resource_content.jsp?oid=1632519&queryString=%E6%9D%B1%E5%B3%B0 HTTP/1.1" 200 30000
66.249.71.121 - - [23/Apr/2016:09:21:14 +0800] "GET /content/nav/relationSubject.jsp?relationWords=&oid=16777810 HTTP/1.1" 200 1405
66.249.71.64 - - [23/Apr/2016:09:21:50 +0800] "GET /content/repository/resource_content.jsp?oid=1826681 HTTP/1.1" 200 28660
66.249.71.60 - - [23/Apr/2016:09:22:29 +0800] "GET /content/subject/resource_content.jsp?oid=16777379&queryString=%E6%95%B8%E4%BD%8D%E5%85%B8%E8%97%8F%20%E9%89%9B%E5%AD%97%20%E9%8A%85%E6%A8%A1 HTTP/1.1" 200 43493
66.249.77.97 - - [23/Apr/2016:09:22:56 +0800] "GET /content/nav/relationSubject.jsp?relationWords=%E5%90%B3%E6%B3%89+%E5%90%B3%E6%B3%89%E6%B4%9D+%E5%91%82%E9%8C%A6%E8%8A%B1+%E5%AF%92%E9%9D%92+%E5%BC%B5%E5%AF%8C+%E6%9E%97%E4%BA%AE%E9%9B%B2+%E6%9E%97%E6%98%8E%E5%BE%B7+%E6%B3%89%E6%B4%9D+%E7%99%BD%E4%B8%96+%E7%99%BD%E4%B8%96%E7%B6%AD+%E7%9C%81%E6%94%BF%E5%BA%9C+%E7%9C%81%E8%AD%B0%E6%9C%83+%E8%87%BA%E7%81%A3%E7%9C%81+%E8%87%BA%E7%81%A3%E7%9C%81%E8%AD%B0%E6%9C%83+%E8%91%89%E5%AF%92%E9%9D%92+%E9%99%B3%E7%81%AB+%E9%99%B3%E7%81%AB%E5%9C%9F+%E9%99%B3%E9%87%8D%E5%85%89+%E9%BB%83%E5%85%89%E5%B9%B3+&oid=1899489 HTTP/1.1" 200 6215
66.249.71.60 - - [23/Apr/2016:09:22:59 +0800] "GET /content/nav/relationSubject.jsp?relationWords=%E5%A0%B1%E6%98%A5%E8%8A%B1+%E6%A4%8D%E7%89%A9%E7%95%8C+%E7%B4%AB%E9%87%91%E7%89%9B%E5%B1%AC+%E7%B4%AB%E9%87%91%E7%89%9B%E7%A7%91+%E8%BC%AA%E8%91%89%E7%B4%AB%E9%87%91%E7%89%9B+&oid=3821645 HTTP/1.1" 200 3410
66.249.71.60 - - [23/Apr/2016:09:23:21 +0800] "GET /content/repository/resource_content.jsp?oid=1563879 HTTP/1.1" 200 28509
66.249.71.60 - - [23/Apr/2016:09:23:45 +0800] "GET /content/nav/relationSubject.jsp?relationWords=%E8%9B%A4%E7%A7%91+%E9%96%8B%E8%85%B9%E8%9B%A4+%E9%96%8B%E8%85%B9%E8%9B%A4%E7%A7%91+%E9%9B%99%E6%AE%BC%E7%B6%B1+&oid=518229 HTTP/1.1" 200 3244
66.249.71.113 - - [23/Apr/2016:09:24:19 +0800] "GET /content/nav/relationSubject.jsp?relationWords=%E4%B9%BE%E7%87%A5%E5%A0%B4+&oid=4464158 HTTP/1.1" 200 2538
66.249.71.60 - - [23/Apr/2016:09:24:47 +0800] "GET /content/nav/relationSubject.jsp?relationWords=%E8%87%BA%E7%81%A3%E7%B8%BD%E7%9D%A3%E5%BA%9C+&oid=1078528 HTTP/1.1" 200 3393
66.249.71.60 - - [23/Apr/2016:09:24:49 +0800] "GET /content/nav/relationSubject.jsp?relationWords=%E8%87%BA%E7%81%A3%E7%B8%BD%E7%9D%A3%E5%BA%9C%20&oid=1078528 HTTP/1.1" 200 3393
66.249.71.105 - - [23/Apr/2016:09:24:51 +0800] "GET /content/repository/resource_content.jsp?oid=556487&queryType=qs&queryString=%E8%97%A4%E7%89%8C HTTP/1.1" 200 28128
66.249.71.105 - - [23/Apr/2016:09:26:26 +0800] "GET /content/nav/relationSubject.jsp?relationWords=%E5%90%8F%E9%83%A8+&oid=2511797 HTTP/1.1" 200 3101
66.249.71.113 - - [23/Apr/2016:09:26:32 +0800] "GET /content/nav/relationSubject.jsp?relationWords=%E5%90%8F%E9%83%A8%20&oid=2511797 HTTP/1.1" 200 3101
66.249.71.60 - - [23/Apr/2016:09:27:55 +0800] "GET /content/subject/resource_content.jsp?oid=16797242&queryType=qc HTTP/1.1" 200 46766
66.249.77.97 - - [23/Apr/2016:09:29:22 +0800] "GET /content/subject/resource_content.jsp?oid=16777599&queryType=qc HTTP/1.1" 200 36988
27.245.136.134 - - [23/Apr/2016:09:29:43 +0800] "GET /content/nav/relationSubject.jsp?relationWords=%E8%8C%84%E8%8B%B3+&oid=16777306 HTTP/1.1" 200 4432
66.249.71.14 - - [23/Apr/2016:09:30:19 +0800] "GET /digiarch3/content/subject/resource_content.jsp?oid=16777307&queryType=qc HTTP/1.1" 200 37177
66.249.71.121 - - [23/Apr/2016:09:30:28 +0800] "GET /content/nav/relationSubject.jsp?relationWords=%E4%BA%94%E6%A3%98%E9%AF%9B%E7%A7%91+%E6%97%A5%E6%9C%AC%E4%BA%94%E6%A3%98%E9%AF%9B+&oid=24315 HTTP/1.1" 200 3262
66.249.79.105 - - [23/Apr/2016:09:30:30 +0800] "GET /content/nav/relationSubject.jsp?relationWords=%E4%BA%94%E6%A3%98%E9%AF%9B%E7%A7%91%20%E6%97%A5%E6%9C%AC%E4%BA%94%E6%A3%98%E9%AF%9B%20&oid=24315 HTTP/1.1" 200 3262
66.249.77.85 - - [23/Apr/2016:09:31:02 +0800] "GET /content/nav/relationSubject.jsp?relationWords=%E4%BB%A3%E8%A1%A8%E4%BA%BA+%E5%81%95%E5%8F%A1%E5%BB%89+%E5%8F%83%E8%AD%B0%E6%9C%83+%E5%8F%B0%E7%81%A3%E7%9C%81+%E5%91%82%E8%80%80%E8%AC%99+%E5%9F%BA%E7%9D%A3%E9%95%B7%E8%80%81%E6%95%99%E6%9C%83+%E5%B0%88%E7%A7%91+%E5%B1%85%E7%80%9B%E7%8E%96+%E5%BC%B5%E9%B3%B4+%E6%95%99%E8%82%B2%E5%BB%B3+%E6%A0%A1%E7%94%A2+%E6%A0%A1%E8%88%8D+%E6%B7%A1%E6%B1%9F+%E6%B7%A1%E6%B1%9F%E5%A4%A7%E5%AD%B8+%E7%81%A3%E7%9C%81%E6%94%BF%E5%BA%9C+%E7%94%A2%E6%AC%8A+%E7%A7%81%E7%AB%8B%E6%B7%A1%E6%B1%9F%E4%B8%AD%E5%AD%B8+%E7%B4%94%E5%BE%B7%E5%A5%B3%E5%AD%90%E4%B8%AD%E5%AD%B8+%E8%8B%B1%E8%AA%9E+%E8%91%A3%E4%BA%8B%E6%9C%83+%E8%A3%9C%E7%BF%92%E7%8F%AD+%E9%99%B3%E6%BA%AA%E5%9C%B3+&oid=1517614 HTTP/1.1" 200 6290
164.132.161.35 - - [23/Apr/2016:09:31:35 +0800] "GET /digiarch3/content/pictures/picture_content.jsp?oid=33554733 HTTP/1.1" 200 27998
66.249.71.72 - - [23/Apr/2016:09:33:17 +0800] "GET /content/nav/relationSubject.jsp?relationWords=%E4%B8%89%E5%88%BA%E9%AD%A8+%E4%B8%89%E8%85%B3%E9%87%98+%E4%B8%89%E8%A7%92%E7%8B%84+%E6%93%AC%E4%B8%89%E6%A3%98%E9%AD%A8%E7%A7%91+%E9%95%B7%E7%AE%A1%E5%90%BB%E9%AD%A8+&oid=4354322 HTTP/1.1" 200 3724
66.249.77.85 - - [23/Apr/2016:09:33:22 +0800] "GET /content/repository/resource_content.jsp?oid=15378&queryString=%E6%96%91%E7%9F%B3%20%E6%96%91%E7%9F%B3%E9%AF%9B%20%E7%9F%B3%E9%AF%9B%20%E7%A1%AC%E6%AE%BC%E4%BB%94%20%E9%AF%9B%E7%A7%91 HTTP/1.1" 200 34634
66.249.71.60 - - [23/Apr/2016:09:33:22 +0800] "GET /content/nav/relationSubject.jsp?relationWords=%E4%B8%89%E5%88%BA%E9%AD%A8%20%E4%B8%89%E8%85%B3%E9%87%98%20%E4%B8%89%E8%A7%92%E7%8B%84%20%E6%93%AC%E4%B8%89%E6%A3%98%E9%AD%A8%E7%A7%91%20%E9%95%B7%E7%AE%A1%E5%90%BB%E9%AD%A8%20&oid=4354322 HTTP/1.1" 200 3724
66.249.79.186 - - [23/Apr/2016:09:33:54 +0800] "GET /digiarch3/content/subject/resource_content.jsp?oid=16777488&queryType=qc HTTP/1.1" 200 60916
66.249.71.5 - - [23/Apr/2016:09:35:10 +0800] "GET /content/nav/relationSubject.jsp?relationWords=%E5%A4%A7%E7%9C%BC%E9%87%91%E6%A2%AD%E9%AD%9A+%E5%B7%B4%E6%8B%89%E5%BA%AB%E7%AD%94+%E7%AB%B9%E6%A2%AD+%E9%87%91%E6%A2%AD%E9%AD%9A+&oid=16319 HTTP/1.1" 200 3600
39.9.78.230 - - [23/Apr/2016:09:35:16 +0800] "GET /content/nav/relationSubject.jsp?relationWords=%E7%99%BD%E5%8D%83%E5%B1%A4+&oid=16777287 HTTP/1.1" 200 3852
66.249.71.64 - - [23/Apr/2016:09:35:24 +0800] "GET /content/repository/resource_content.jsp?oid=19328&queryString=%E8%B2%93%E9%AE%AB%E7%A7%91 HTTP/1.1" 200 30016
61.220.72.235 - - [23/Apr/2016:09:35:27 +0800] "GET /content/subject/resource_content.jsp?oid=16777692 HTTP/1.1" 200 36451
66.249.71.60 - - [23/Apr/2016:09:35:36 +0800] "GET /content/nav/relationSubject.jsp?relationWords=&oid=3125854 HTTP/1.1" 200 1405
66.249.77.91 - - [23/Apr/2016:09:35:36 +0800] "GET /content/nav/relationSubject.jsp?relationWords=%E5%8D%97%E6%B9%96%E5%A4%A7%E5%B1%B1+%E6%9D%9C%E9%B5%91+%E7%8E%89%E5%B1%B1%E6%9D%9C%E9%B5%91+%E7%B4%B0%E8%91%89%E6%9D%9C%E9%B5%91+%E8%A5%BF%E6%96%BD%E8%8A%B1+&oid=16777736 HTTP/1.1" 200 5052
66.249.71.5 - - [23/Apr/2016:09:35:38 +0800] "GET /content/nav/relationSubject.jsp?relationWords=%E5%90%8F%E9%83%A8+%E5%BE%A9%E5%8E%9F%E5%AE%98+%E9%9D%A9%E5%93%A1+&oid=2683760 HTTP/1.1" 200 3186
1.169.167.249 - - [23/Apr/2016:09:35:46 +0800] "GET /content/nav/relationSubject.jsp?relationWords=%E5%BE%B5%E5%85%B5+%E8%98%87%E8%8A%B1+&oid=16777359 HTTP/1.1" 200 3629
61.220.72.235 - - [23/Apr/2016:09:35:47 +0800] "GET /content/nav/relationSubject.jsp?relationWords=&oid=16777692 HTTP/1.1" 200 1405
66.249.71.60 - - [23/Apr/2016:09:35:57 +0800] "GET /content/nav/relationSubject.jsp?relationWords=%E5%91%A8%E5%AE%B6%E6%9B%88+%E5%9C%B0%E5%BD%A2%E5%9C%96+&oid=230089 HTTP/1.1" 200 3096
66.249.71.60 - - [23/Apr/2016:09:35:59 +0800] "GET /content/nav/relationSubject.jsp?relationWords=%E5%91%A8%E5%AE%B6%E6%9B%88%20%E5%9C%B0%E5%BD%A2%E5%9C%96%20&oid=230089 HTTP/1.1" 200 3096
101.14.183.96 - - [23/Apr/2016:09:36:33 +0800] "GET /content/nav/relationSubject.jsp?relationWords=&oid=16777576 HTTP/1.1" 200 1405
66.249.77.91 - - [23/Apr/2016:09:38:24 +0800] "GET /content/subject/resource_content.jsp?oid=16777448&queryType=qc HTTP/1.1" 200 34511
27.246.217.91 - - [23/Apr/2016:09:38:48 +0800] "GET /content/nav/relationSubject.jsp?relationWords=&oid=16777576 HTTP/1.1" 200 1405
66.249.71.60 - - [23/Apr/2016:09:39:34 +0800] "GET /content/nav/relationSubject.jsp?relationWords=&oid=2597298 HTTP/1.1" 200 1405
66.249.77.91 - - [23/Apr/2016:09:39:55 +0800] "GET /content/repository/resource_content.jsp?oid=1863372&queryType=qs&queryString=%E7%AC%A6%E8%99%9F HTTP/1.1" 200 31071
66.249.77.85 - - [23/Apr/2016:09:41:25 +0800] "GET /content/subject/resource_content.jsp?oid=16777361&queryType=qc HTTP/1.1" 200 31904
106.38.241.143 - - [23/Apr/2016:09:42:43 +0800] "GET /digiarch_en/content/repository/resource_content.jsp?oid=523571&queryType=qc HTTP/1.1" 200 26693
106.38.241.143 - - [23/Apr/2016:09:42:55 +0800] "GET /digiarch_en/content/pictures/picture_content.jsp?oid=33554739&queryType=qc HTTP/1.1" 200 21913
207.46.13.46 - - [23/Apr/2016:09:43:08 +0800] "GET /content/subject/resource_content.jsp?oid=16777769&queryType=qc HTTP/1.1" 200 41381
164.132.161.69 - - [23/Apr/2016:09:43:13 +0800] "GET /digiarch3/content/tmp_tec/resource_content.jsp?oid=16777753 HTTP/1.1" 200 33904
207.46.13.46 - - [23/Apr/2016:09:43:27 +0800] "GET /content/nav/relationSubject.jsp?relationWords=%E6%95%B8%E4%BD%8D%E5%85%B8%E8%97%8F+%E9%89%9B%E5%AD%97+%E9%8A%85%E6%A8%A1+&oid=16777769 HTTP/1.1" 200 11830
66.249.71.72 - - [23/Apr/2016:09:44:26 +0800] "GET /content/repository/resource_content.jsp?oid=2611202 HTTP/1.1" 200 29306
66.249.71.72 - - [23/Apr/2016:09:45:56 +0800] "GET /content/repository/resource_content.jsp?oid=2150683 HTTP/1.1" 200 31148
66.249.77.85 - - [23/Apr/2016:09:45:59 +0800] "GET /content/subject/resource_content.jsp?oid=16777332&queryType=qc HTTP/1.1" 200 32797
124.11.69.101 - - [23/Apr/2016:09:46:11 +0800] "GET /content/nav/relationSubject.jsp?relationWords=%E6%B4%8B%E7%8E%89%E8%98%AD+&oid=16777351 HTTP/1.1" 200 3545
68.180.230.99 - - [23/Apr/2016:09:47:25 +0800] "GET /content/tmp_exh/resource_content.jsp?oid=16777750&queryType=qc HTTP/1.1" 200 32518
66.249.71.72 - - [23/Apr/2016:09:47:26 +0800] "GET /digiarch_en/content/repository/resource_content.jsp?oid=1559963&queryString=%E5%BD%B1%E5%B1%95 HTTP/1.1" 200 26457
101.15.179.237 - - [23/Apr/2016:09:47:43 +0800] "GET /content/nav/relationSubject.jsp?relationWords=%E7%99%BD%E5%8D%83%E5%B1%A4+&oid=16777287 HTTP/1.1" 200 3852
66.249.71.14 - - [23/Apr/2016:09:48:57 +0800] "GET /digiarch3/content/subject/resource_content.jsp?oid=16777400&queryString=%E6%9D%9C%E9%B5%91%E8%8A%B1%20%E6%9D%9C%E9%B5%91%E8%8A%B1%E5%B1%AC%20%E6%9D%9C%E9%B5%91%E8%8A%B1%E7%A7%91%20%E6%A4%8D%E7%89%A9%E7%95%8C%20%E8%A5%BF%E6%96%BD%E8%8A%B1%20%E9%9D%92%E7%B4%AB%E6%9C%A8 HTTP/1.1" 200 28467
66.249.71.113 - - [23/Apr/2016:09:49:22 +0800] "GET /content/nav/relationSubject.jsp?relationWords=%E5%B0%89%E9%81%B2%E6%81%AD+&oid=4364323 HTTP/1.1" 200 1890
66.249.71.60 - - [23/Apr/2016:09:52:44 +0800] "GET /content/nav/relationSubject.jsp?relationWords=%E9%8A%85%E6%89%8B%E9%90%B2+&oid=1780383 HTTP/1.1" 200 2954
66.249.71.113 - - [23/Apr/2016:09:52:56 +0800] "GET /content/nav/relationSubject.jsp?relationWords=%E5%81%A5%E5%BA%B7%E6%A1%88+%E5%81%BD%E8%97%A5+%E6%88%90%E8%97%A5+%E8%87%A8%E5%BA%8A+&oid=1626791 HTTP/1.1" 200 3974
66.249.71.105 - - [23/Apr/2016:09:53:08 +0800] "GET /content/nav/relationSubject.jsp?relationWords=%E6%8F%90%E7%9D%A3+&oid=2568809 HTTP/1.1" 200 3993
137.189.240.61 - - [23/Apr/2016:09:53:08 +0800] "GET /content/subject/resource_content.jsp?oid=16797293&queryType=qc HTTP/1.1" 200 46243
137.189.240.61 - - [23/Apr/2016:09:53:10 +0800] "GET /content/nav/relationSubject.jsp?relationWords=%E5%B0%8F%E5%90%83+&oid=16797293 HTTP/1.1" 200 3156
37.59.19.36 - - [23/Apr/2016:09:54:25 +0800] "GET /content/subject/resource_content.jsp?oid=16777785&queryType=qc HTTP/1.1" 200 49917
66.249.71.105 - - [23/Apr/2016:09:54:32 +0800] "GET /content/nav/relationSubject.jsp?relationWords=%E5%A0%B1%E6%8D%90%E7%9B%A3+%E8%A5%BF%E5%A0%B1+%E9%8A%80%E6%95%B8+&oid=2678794 HTTP/1.1" 200 3172
66.249.71.64 - - [23/Apr/2016:09:54:58 +0800] "GET /content/repository/resource_content.jsp?oid=1099804 HTTP/1.1" 200 31027
66.249.71.105 - - [23/Apr/2016:09:56:29 +0800] "GET /content/repository/resource_content.jsp?oid=2665803&queryType=qs&queryString=%E7%95%B6%E6%9C%88%E5%AE%98 HTTP/1.1" 200 30388
66.249.71.113 - - [23/Apr/2016:09:58:15 +0800] "GET /content/nav/relationSubject.jsp?relationWords=%E4%BD%8E%E9%B0%AD%E5%88%BA%E9%AF%8A+%E5%88%BA%E9%AF%8A+%E5%B0%96%E9%B0%AD%E9%AE%AB+%E6%A3%98%E6%B2%99+%E6%B2%99%E9%AD%9A+&oid=14145 HTTP/1.1" 200 3446
66.249.71.64 - - [23/Apr/2016:09:58:43 +0800] "GET /content/nav/relationSubject.jsp?relationWords=%E5%8D%97%E5%8F%B0%E7%81%A3%E9%BB%83%E8%8A%A9+%E5%94%87%E5%BD%A2%E7%A7%91+%E6%A4%8D%E7%89%A9%E7%95%8C+%E8%96%84%E8%8D%B7+%E9%9B%99%E5%AD%90%E8%91%89%E6%A4%8D%E7%89%A9+%E9%BB%83%E8%8A%A9%E5%B1%AC+&oid=2152632 HTTP/1.1" 200 3494
66.249.77.97 - - [23/Apr/2016:09:59:29 +0800] "GET /content/nav/relationSubject.jsp?relationWords=%E4%BA%BA%E7%94%9F%E8%A7%80+&oid=4501650 HTTP/1.1" 200 5975
66.249.71.64 - - [23/Apr/2016:09:59:30 +0800] "GET /content/repository/resource_content.jsp?oid=1891494 HTTP/1.1" 200 28599
66.249.71.64 - - [23/Apr/2016:10:00:20 +0800] "GET /content/nav/relationSubject.jsp?relationWords=%E5%B7%A5%E7%A8%8B%E8%B2%BB+%E7%94%B0%E8%B3%A6+%E8%87%BA%E7%81%A3%E7%9C%81+&oid=1587721 HTTP/1.1" 200 4428
66.249.71.60 - - [23/Apr/2016:10:00:22 +0800] "GET /content/nav/relationSubject.jsp?relationWords=%E5%B7%A5%E7%A8%8B%E8%B2%BB%20%E7%94%B0%E8%B3%A6%20%E8%87%BA%E7%81%A3%E7%9C%81%20&oid=1587721 HTTP/1.1" 200 4428
66.249.71.105 - - [23/Apr/2016:10:01:25 +0800] "GET /content/nav/relationSubject.jsp?relationWords=%E5%85%A9%E6%A3%B2+%E5%85%A9%E6%A3%B2%E9%A1%9E+%E6%BE%8E%E6%B9%96%E5%B3%B6+%E7%88%AC%E8%9F%B2%E9%A1%9E+&oid=4468351 HTTP/1.1" 200 4232
66.249.77.91 - - [23/Apr/2016:10:01:42 +0800] "GET /content/repository/resource_content.jsp?oid=1608325&queryType=qs&queryString=%E6%88%AA%E5%BD%8E%E5%8F%96%E7%9B%B4 HTTP/1.1" 200 42461
66.249.71.194 - - [23/Apr/2016:10:01:46 +0800] "GET /content/nav/relationSubject.jsp?relationWords=%E6%A3%8B%E7%9B%A4%E8%85%B3%E6%A8%B9+%E6%A3%8B%E7%9B%A4%E8%85%B3%E6%A8%B9%E5%B1%AC+%E6%A4%8D%E7%89%A9%E7%95%8C+%E7%8E%89%E8%95%8A%E7%A7%91+%E8%85%B3%E6%A8%B9+&oid=2147050 HTTP/1.1" 200 3404
66.249.71.60 - - [23/Apr/2016:10:02:15 +0800] "GET /content/nav/relationSubject.jsp?relationWords=%E6%A3%98%E9%BE%8D+%E7%B5%B2%E6%A3%98%E9%BE%8D%E5%8D%A0+%E8%A3%B8%E9%A0%B0%E9%AF%9B+%E9%95%B7%E6%A3%98+%E9%A0%B0%E9%AF%9B+%E9%BE%8D%E5%8D%A0+%E9%BE%8D%E5%B0%96+&oid=15399 HTTP/1.1" 200 3614
66.249.71.194 - - [23/Apr/2016:10:02:33 +0800] "GET /content/nav/relationSubject.jsp?relationWords=%E5%95%86%E6%A5%AD%E9%8A%80%E8%A1%8C+%E5%9C%8B%E6%B0%91%E5%AD%B8%E6%A0%A1+%E6%9D%9C%E9%A6%99+%E6%9D%9C%E9%A6%99%E5%9C%8B+%E8%91%A3%E4%BA%8B%E9%95%B7+%E8%AB%8B%E6%9F%AC+%E9%A0%86%E5%A4%A9+&oid=1887296 HTTP/1.1" 200 3405
66.249.71.5 - - [23/Apr/2016:10:02:51 +0800] "GET /digiarch3/content/nav/relationSubject.jsp?relationWords=%E9%AA%A8%E7%AE%AD%E9%A0%AD+&oid=1864835 HTTP/1.1" 200 2990
66.249.71.5 - - [23/Apr/2016:10:02:54 +0800] "GET /digiarch3/content/nav/relationSubject.jsp?relationWords=%E9%AA%A8%E7%AE%AD%E9%A0%AD%20&oid=1864835 HTTP/1.1" 200 2990
66.249.71.64 - - [23/Apr/2016:10:03:06 +0800] "GET /content/nav/relationSubject.jsp?relationWords=%E5%8D%97%E5%9F%94+%E5%9C%96%E9%9B%86%E5%90%8D+%E5%B9%B3%E9%9D%A2%E5%9C%96+%E9%81%94%E8%A6%8B+&oid=173431 HTTP/1.1" 200 4369
157.55.39.106 - - [23/Apr/2016:10:03:10 +0800] "GET /content/pictures/picture_content.jsp?oid=33554819&queryType=qc HTTP/1.1" 200 27764
157.55.39.106 - - [23/Apr/2016:10:03:11 +0800] "GET /content/pictures/picture_content.jsp?oid=33554834&queryType=qc HTTP/1.1" 200 27738
157.55.39.106 - - [23/Apr/2016:10:03:12 +0800] "GET /content/repository/resource_content.jsp?oid=523579&queryType=qc HTTP/1.1" 200 38682
157.55.39.106 - - [23/Apr/2016:10:03:14 +0800] "GET /content/repository/resource_content.jsp?oid=1774650&queryString=%E4%BC%8A%E8%83%BD%E5%98%89%E7%9F%A9%20%E5%AE%8B%E6%96%87%E8%96%B0%20%E8%B6%B3%E7%AB%8B%E6%96%87%E5%A4%AA%E9%83%8E HTTP/1.1" 200 33660
157.55.39.106 - - [23/Apr/2016:10:03:15 +0800] "GET /content/subject/resource_content.jsp?oid=16777794&queryType=qc HTTP/1.1" 200 43054
157.55.39.106 - - [23/Apr/2016:10:03:17 +0800] "GET /content/pictures/picture_content.jsp?oid=33554798&queryType=qc HTTP/1.1" 200 27826
66.249.71.121 - - [23/Apr/2016:10:03:24 +0800] "GET /content/nav/relationSubject.jsp?relationWords=%E5%9C%93%E9%B1%97%E6%93%AC+%E5%A4%A7%E7%9B%AE%E5%81%B4%E4%BB%94+%E5%A4%A7%E9%9D%A2%E5%81%B4%E4%BB%94+%E5%A4%A9%E7%AB%BA%E9%AF%9B+%E5%A4%A9%E7%AB%BA%E9%AF%9B%E7%A7%91+&oid=1081580 HTTP/1.1" 200 3631
66.249.71.121 - - [23/Apr/2016:10:03:27 +0800] "GET /content/nav/relationSubject.jsp?relationWords=%E5%9C%93%E9%B1%97%E6%93%AC%20%E5%A4%A7%E7%9B%AE%E5%81%B4%E4%BB%94%20%E5%A4%A7%E9%9D%A2%E5%81%B4%E4%BB%94%20%E5%A4%A9%E7%AB%BA%E9%AF%9B%20%E5%A4%A9%E7%AB%BA%E9%AF%9B%E7%A7%91%20&oid=1081580 HTTP/1.1" 200 3631
66.249.71.60 - - [23/Apr/2016:10:04:27 +0800] "GET /content/nav/relationSubject.jsp?relationWords=%E5%88%BA%E8%BB%B8%E5%90%AB%E7%BE%9E%E8%8D%89+%E5%90%AB%E7%BE%9E%E8%8D%89%E5%B1%AC+%E6%A4%8D%E7%89%A9%E7%95%8C+%E8%A0%B6%E8%B1%86+%E9%9B%99%E5%AD%90%E8%91%89%E6%A4%8D%E7%89%A9+&oid=1456771 HTTP/1.1" 200 3367
66.249.71.60 - - [23/Apr/2016:10:04:29 +0800] "GET /content/nav/relationSubject.jsp?relationWords=%E5%88%BA%E8%BB%B8%E5%90%AB%E7%BE%9E%E8%8D%89%20%E5%90%AB%E7%BE%9E%E8%8D%89%E5%B1%AC%20%E6%A4%8D%E7%89%A9%E7%95%8C%20%E8%A0%B6%E8%B1%86%20%E9%9B%99%E5%AD%90%E8%91%89%E6%A4%8D%E7%89%A9%20&oid=1456771 HTTP/1.1" 200 3367
66.249.71.5 - - [23/Apr/2016:10:04:35 +0800] "GET /digiarch3/content/nav/relationSubject.jsp?relationWords=GIS+%E6%95%B8%E4%BD%8D%E5%85%B8%E8%97%8F+%E9%81%99%E6%B8%AC%E5%BD%B1%E5%83%8F+&oid=16777753 HTTP/1.1" 200 5952
66.249.71.23 - - [23/Apr/2016:10:07:53 +0800] "GET /content/nav/relationSubject.jsp?relationWords=%E5%88%80%E7%89%87%E9%AD%9A+%E7%8E%BB%E7%92%83%E9%AD%9A+%E7%8E%BB%E7%94%B2%E9%AD%9A+%E7%94%B2%E9%A6%99%E9%AD%9A+%E7%94%B2%E9%AD%9A+%E8%9D%A6%E9%AD%9A+%E9%A6%99%E9%AD%9A+&oid=14813 HTTP/1.1" 200 3604
66.249.77.91 - - [23/Apr/2016:10:09:32 +0800] "GET /content/subject/resource_content.jsp?oid=16777435&queryString=%E5%8F%B0%E6%9D%B1%E8%98%87%E9%90%B5 HTTP/1.1" 200 28842
66.249.71.60 - - [23/Apr/2016:10:10:10 +0800] "GET /content/nav/relationSubject.jsp?relationWords=%E5%AE%98%E7%B4%B3+&oid=2661048 HTTP/1.1" 200 3102
66.249.71.60 - - [23/Apr/2016:10:10:12 +0800] "GET /content/nav/relationSubject.jsp?relationWords=%E5%AE%98%E7%B4%B3%20&oid=2661048 HTTP/1.1" 200 3102
1.164.104.192 - - [23/Apr/2016:10:11:09 +0800] "GET /content/nav/relationSubject.jsp?relationWords=%E7%83%8F%E5%BF%83%E7%9F%B3+%E9%B1%B8%E9%B0%BB+&oid=16777303 HTTP/1.1" 200 4004
66.249.71.14 - - [23/Apr/2016:10:11:30 +0800] "GET /content/nav/relationSubject.jsp?relationWords=%E5%85%AC%E5%8B%99%E5%93%A1+%E6%BD%98%E7%A6%8F%E9%9A%86+%E7%9C%81%E6%94%BF%E5%BA%9C+%E8%87%A8%E6%99%82%E7%9C%81%E8%AD%B0%E6%9C%83+%E8%87%BA%E7%81%A3%E7%9C%81+%E8%91%9B%E8%89%AF%E6%8B%9C+%E9%AB%98%E8%B4%8F%E6%B8%85+&oid=1526516 HTTP/1.1" 200 4787
163.26.21.77 - - [23/Apr/2016:10:12:30 +0800] "GET /content/nav/relationSubject.jsp?relationWords=%E8%8A%B1%E8%94%93+%E8%94%93%E6%BE%A4%E8%98%AD+&oid=16777266 HTTP/1.1" 200 4225
163.26.21.77 - - [23/Apr/2016:10:12:36 +0800] "GET /content/repository/resource_content.jsp?oid=1099711&queryString=%E8%8A%B1%E8%94%93%20%E8%94%93%E6%BE%A4%E8%98%AD HTTP/1.1" 200 31491
163.26.21.77 - - [23/Apr/2016:10:12:36 +0800] "GET /content/nav/relationSubject.jsp?relationWords=%E6%A4%8D%E7%89%A9%E7%95%8C+%E8%8F%8A%E7%A7%91+%E8%94%93%E6%BE%A4%E8%98%AD+%E8%94%93%E6%BE%A4%E8%98%AD%E5%B1%AC+%E9%9B%99%E5%AD%90%E8%91%89%E6%A4%8D%E7%89%A9+&oid=1099711 HTTP/1.1" 200 4809
163.26.21.77 - - [23/Apr/2016:10:12:38 +0800] "HEAD /content/repository/resource_content.jsp?oid=1099711&queryString=%E8%8A%B1%E8%94%93%20%E8%94%93%E6%BE%A4%E8%98%AD HTTP/1.1" 200 -
66.249.79.214 - - [23/Apr/2016:10:12:38 +0800] "GET /content/nav/relationSubject.jsp?relationWords=%E6%A2%A8%E5%B1%AC+%E6%A4%8D%E7%89%A9%E7%95%8C+%E8%96%94%E8%96%87%E7%9B%AE+%E8%96%94%E8%96%87%E7%A7%91+&oid=1456561 HTTP/1.1" 200 2228
163.26.21.77 - - [23/Apr/2016:10:12:38 +0800] "GET /content/repository/resource_content.jsp?oid=1099711&queryString=%E8%8A%B1%E8%94%93%20%E8%94%93%E6%BE%A4%E8%98%AD HTTP/1.1" 200 31491
163.26.21.77 - - [23/Apr/2016:10:12:41 +0800] "GET /content/repository/resource_content.jsp?oid=3818240&queryString=%E8%8A%B1%E8%94%93%20%E8%94%93%E6%BE%A4%E8%98%AD HTTP/1.1" 200 31392
163.26.21.77 - - [23/Apr/2016:10:12:41 +0800] "GET /content/nav/relationSubject.jsp?relationWords=%E6%A4%8D%E7%89%A9%E7%95%8C+%E8%8B%9E%E8%8A%B1%E8%94%93+%E8%8B%9E%E8%8A%B1%E8%94%93%E5%B1%AC+%E8%8C%9C%E8%8D%89+%E8%8C%9C%E8%8D%89%E7%A7%91+&oid=3818240 HTTP/1.1" 200 3379
163.26.21.77 - - [23/Apr/2016:10:12:43 +0800] "HEAD /content/repository/resource_content.jsp?oid=3818240&queryString=%E8%8A%B1%E8%94%93%20%E8%94%93%E6%BE%A4%E8%98%AD HTTP/1.1" 200 -
163.26.21.77 - - [23/Apr/2016:10:12:44 +0800] "GET /content/repository/resource_content.jsp?oid=3818240&queryString=%E8%8A%B1%E8%94%93%20%E8%94%93%E6%BE%A4%E8%98%AD HTTP/1.1" 200 31392
163.26.21.77 - - [23/Apr/2016:10:12:46 +0800] "GET /content/repository/resource_content.jsp?oid=3815752&queryString=%E8%8A%B1%E8%94%93%20%E8%94%93%E6%BE%A4%E8%98%AD HTTP/1.1" 200 31392
163.26.21.77 - - [23/Apr/2016:10:12:46 +0800] "GET /content/nav/relationSubject.jsp?relationWords=%E6%A4%8D%E7%89%A9%E7%95%8C+%E8%8B%9E%E8%8A%B1%E8%94%93+%E8%8B%9E%E8%8A%B1%E8%94%93%E5%B1%AC+%E8%8C%9C%E8%8D%89+%E8%8C%9C%E8%8D%89%E7%A7%91+&oid=3815752 HTTP/1.1" 200 3379
163.26.21.77 - - [23/Apr/2016:10:12:48 +0800] "HEAD /content/repository/resource_content.jsp?oid=3815752&queryString=%E8%8A%B1%E8%94%93%20%E8%94%93%E6%BE%A4%E8%98%AD HTTP/1.1" 200 -
163.26.21.77 - - [23/Apr/2016:10:12:50 +0800] "GET /content/repository/resource_content.jsp?oid=3815752&queryString=%E8%8A%B1%E8%94%93%20%E8%94%93%E6%BE%A4%E8%98%AD HTTP/1.1" 200 31392
66.249.71.64 - - [23/Apr/2016:10:13:03 +0800] "GET /content/repository/resource_content.jsp?oid=1591608 HTTP/1.1" 200 30088
66.249.71.60 - - [23/Apr/2016:10:14:15 +0800] "GET /content/nav/relationSubject.jsp?relationWords=%E6%99%82%E5%B1%80%E8%B3%87%E6%96%99+%E7%B3%A7%E9%A3%9F%E5%95%8F%E9%A1%8C+%E7%B3%A7%E9%A3%9F%E5%A2%9E%E7%94%A2+%E7%B8%BD%E7%9D%A3%E5%AE%98%E6%88%BF+&oid=2470484 HTTP/1.1" 200 5664
66.249.79.135 - - [23/Apr/2016:10:16:54 +0800] "GET /content/subject/resource_content.jsp?oid=16797293&queryType=qc HTTP/1.1" 200 46243
66.249.77.91 - - [23/Apr/2016:10:17:08 +0800] "GET /content/nav/relationSubject.jsp?relationWords=%E5%B7%A5%E9%83%A8+%E9%BB%94%E7%9C%81+&oid=2645986 HTTP/1.1" 200 3103
66.249.77.85 - - [23/Apr/2016:10:17:22 +0800] "GET /content/subject/resource_content.jsp?oid=16777350&queryType=qs&queryString=%E6%95%B8%E4%BD%8D%E5%AD%B8%E7%BF%92 HTTP/1.1" 200 36245
66.249.71.5 - - [23/Apr/2016:10:17:34 +0800] "GET /digiarch3/content/repository/resource_content.jsp?oid=1782094&queryString=%E7%9B%9B%E5%85%B7%20%E7%B6%B2%E8%A2%8B%20%E9%9B%85%E7%BE%8E%E6%97%8F HTTP/1.1" 200 29004
66.249.71.64 - - [23/Apr/2016:10:17:35 +0800] "GET /content/nav/relationSubject.jsp?relationWords=%E6%A4%8D%E7%89%A9%E7%95%8C+%E6%AB%9F%E5%B1%AC+%E6%AE%BC%E6%96%97%E7%A7%91+%E9%AB%98%E5%B1%B1%E6%AB%9F+&oid=2150073 HTTP/1.1" 200 3319
163.27.132.220 - - [23/Apr/2016:10:17:48 +0800] "GET /content/nav/relationSubject.jsp?relationWords=&oid=16777459 HTTP/1.1" 200 1405
64.233.172.254 - - [23/Apr/2016:10:18:18 +0800] "GET /content/repository/resource_content.jsp?oid=4361956&queryString=%E4%B8%AD%E5%A3%87%E5%85%83%E5%B8%A5 HTTP/1.1" 200 30493
64.233.172.130 - - [23/Apr/2016:10:18:20 +0800] "GET /content/nav/relationSubject.jsp?relationWords=%E4%B8%AD%E5%A3%87%E5%85%83%E5%B8%A5+&oid=4361956 HTTP/1.1" 200 2467
61.230.74.178 - - [23/Apr/2016:10:18:33 +0800] "GET /content/nav/relationSubject.jsp?relationWords=&oid=16777591 HTTP/1.1" 200 1405
66.249.71.105 - - [23/Apr/2016:10:19:09 +0800] "GET /content/nav/relationSubject.jsp?relationWords=&oid=16777702 HTTP/1.1" 200 1405
66.249.71.64 - - [23/Apr/2016:10:19:22 +0800] "GET /content/nav/relationSubject.jsp?relationWords=%E5%A4%A7%E5%9C%92%E9%84%89+%E6%99%82%E6%95%88+%E8%A8%B1%E5%8E%9D%E6%B8%AF+&oid=1636514 HTTP/1.1" 200 4992
66.249.71.50 - - [23/Apr/2016:10:19:30 +0800] "GET /content/nav/relationSubject.jsp?relationWords=%E5%B1%B1%E6%AB%BB%E8%8A%B1%20&oid=16777304 HTTP/1.1" 200 4452
66.249.71.64 - - [23/Apr/2016:10:20:25 +0800] "GET /content/nav/relationSubject.jsp?relationWords=&oid=2543887 HTTP/1.1" 200 1405
66.249.71.64 - - [23/Apr/2016:10:22:05 +0800] "GET /content/repository/resource_content.jsp?oid=1584880 HTTP/1.1" 200 28722
66.249.71.121 - - [23/Apr/2016:10:22:24 +0800] "GET /content/nav/relationSubject.jsp?relationWords=&oid=2603939 HTTP/1.1" 200 1405
66.249.71.113 - - [23/Apr/2016:10:22:32 +0800] "GET /content/nav/relationSubject.jsp?relationWords=%E5%8F%B0%E7%81%A3%E5%8E%9F%E4%BD%8F%E6%B0%91+&oid=1778457 HTTP/1.1" 200 4742
66.249.71.113 - - [23/Apr/2016:10:22:37 +0800] "GET /content/nav/relationSubject.jsp?relationWords=%E5%8F%B0%E7%81%A3%E5%8E%9F%E4%BD%8F%E6%B0%91%20&oid=1778457 HTTP/1.1" 200 4742
66.249.71.105 - - [23/Apr/2016:10:24:18 +0800] "GET /content/nav/relationSubject.jsp?relationWords=&oid=2624685 HTTP/1.1" 200 1405
66.249.77.97 - - [23/Apr/2016:10:24:34 +0800] "GET /content/nav/relationSubject.jsp?relationWords=%E4%BA%BA%E9%A1%9E%E5%AD%B8+%E5%8F%B0%E7%81%A3%E5%8E%9F%E4%BD%8F%E6%B0%91+%E6%95%B8%E4%BD%8D%E5%85%B8%E8%97%8F+%E6%B0%91%E6%97%8F%E5%AD%B8+%E9%81%94%E6%82%9F+&oid=16777752 HTTP/1.1" 200 8071
66.249.71.5 - - [23/Apr/2016:10:25:13 +0800] "GET /digiarch3/content/repository/resource_content.jsp?oid=1834942&queryType=qs&queryString=%E7%93%B7%E7%93%B6 HTTP/1.1" 200 31335
66.249.79.186 - - [23/Apr/2016:10:25:50 +0800] "GET /digiarch3/content/nav/relationSubject.jsp?relationWords=&oid=2684187 HTTP/1.1" 200 1405
66.249.71.60 - - [23/Apr/2016:10:26:36 +0800] "GET /content/repository/resource_content.jsp?oid=1460176 HTTP/1.1" 200 31121
68.180.230.90 - - [23/Apr/2016:10:26:46 +0800] "GET /content/tmp_tec/resource_content.jsp?oid=16777837 HTTP/1.1" 200 35568
180.76.15.30 - - [23/Apr/2016:10:28:03 +0800] "GET /content/repository/resource_content.jsp?oid=1569136&queryType=qs&queryString=%E5%9C%9F%E5%9C%B0%E9%96%8B%E7%99%BC HTTP/1.1" 200 29395
66.249.71.64 - - [23/Apr/2016:10:28:07 +0800] "GET /content/repository/resource_content.jsp?oid=1101943 HTTP/1.1" 200 30936
66.249.77.85 - - [23/Apr/2016:10:28:47 +0800] "GET /content/nav/relationSubject.jsp?relationWords=%E4%B8%AD%E5%A4%AE%E6%B0%91%E6%84%8F%E4%BB%A3%E8%A1%A8+%E5%81%8F%E9%81%A0%E5%9C%B0%E5%8D%80+%E5%85%AC%E5%85%B1%E9%80%A0%E7%94%A2+%E5%AE%97%E6%95%99%E5%9C%98%E9%AB%94+%E5%B1%B1%E5%9C%B0%E8%A1%8C%E6%94%BF+%E5%B1%B1%E8%83%9E+%E6%96%87%E5%8C%96%E8%B3%87%E7%94%A2+%E6%B0%91%E6%94%BF%E5%BB%B3+%E7%B8%A3%E8%BD%84%E5%B8%82+%E8%87%BA%E7%81%A3%E7%9C%81%E9%80%9A%E5%BF%97+%E9%99%B3%E6%AD%A3%E9%9B%84+%E9%B3%B3%E5%87%B0%E8%B0%B7%E9%B3%A5%E5%9C%92+&oid=1590799 HTTP/1.1" 200 4348
66.249.71.72 - - [23/Apr/2016:10:29:37 +0800] "GET /content/repository/resource_content.jsp?oid=2513865&queryString=%E4%BB%8B%E4%BC%91%E7%B8%A3%20%E9%99%B8%E6%B8%AC%E5%9C%96 HTTP/1.1" 200 30525
66.249.79.105 - - [23/Apr/2016:10:30:08 +0800] "GET /content/nav/relationSubject.jsp?relationWords=%E6%AD%A6%E8%88%89+&oid=2676976 HTTP/1.1" 200 3952
36.228.250.224 - - [23/Apr/2016:10:30:43 +0800] "GET /content/nav/relationSubject.jsp?relationWords=%E5%8D%83%E5%B9%B4%E6%A1%90+%E6%A1%90%E8%8A%B1+%E6%B2%B9%E6%A1%90+&oid=16777599 HTTP/1.1" 200 3738
68.180.230.90 - - [23/Apr/2016:10:31:33 +0800] "GET /digiarch_en/content/subject/resource_content.jsp?oid=16777378&queryType=qc HTTP/1.1" 200 28912
66.249.71.60 - - [23/Apr/2016:10:32:38 +0800] "GET /content/repository/resource_content.jsp?oid=1572669 HTTP/1.1" 200 29151
66.249.71.60 - - [23/Apr/2016:10:33:05 +0800] "GET /content/repository/resource_content.jsp?oid=4457206&queryString=%E7%99%BD%E9%AC%9A%E5%85%AC HTTP/1.1" 200 28371
223.138.168.158 - - [23/Apr/2016:10:33:35 +0800] "GET /content/repository/resource_content.jsp?oid=15370&queryType=qs&queryString=%E4%BA%BA%E5%B7%A5%E9%AD%9A%E7%A4%81 HTTP/1.1" 200 35475
36.234.55.149 - - [23/Apr/2016:10:33:35 +0800] "GET /content/nav/relationSubject.jsp?relationWords=%E5%B1%B1%E6%AB%BB%E8%8A%B1+&oid=16777304 HTTP/1.1" 200 4452
223.138.168.158 - - [23/Apr/2016:10:33:37 +0800] "GET /content/nav/relationSubject.jsp?relationWords=%E5%B0%91%E8%80%99%E8%83%A1%E6%A4%92%E9%AF%9B+%E6%89%93%E9%90%B5%E5%A9%86+%E7%9F%B3%E9%B1%B8+%E9%9B%B7%E6%B0%8F%E7%9F%B3%E9%B1%B8+&oid=15370 HTTP/1.1" 200 3507
66.249.71.113 - - [23/Apr/2016:10:33:54 +0800] "GET /content/nav/relationSubject.jsp?relationWords=%E5%90%8F%E9%83%A8%E7%82%BA%E7%8E%8B+&oid=2637991 HTTP/1.1" 200 3114
66.249.71.60 - - [23/Apr/2016:10:34:08 +0800] "GET /content/repository/resource_content.jsp?oid=1549252 HTTP/1.1" 200 29439
157.55.39.106 - - [23/Apr/2016:10:34:32 +0800] "GET /content/nav/relationSubject.jsp?relationWords=%E5%8D%83%E5%B9%B4%E6%A1%90+%E6%A1%90%E8%8A%B1+%E6%B2%B9%E6%A1%90+&oid=16777599 HTTP/1.1" 200 3738
66.249.71.121 - - [23/Apr/2016:10:34:45 +0800] "GET /content/nav/relationSubject.jsp?relationWords=%E4%B9%9E%E8%BD%89+%E6%B0%91%E6%94%BF%E9%A1%9E+%E7%A0%B4%E7%94%A2+%E9%AD%9A%E5%A1%AD+&oid=1553883 HTTP/1.1" 200 3647
207.46.13.126 - - [23/Apr/2016:10:36:11 +0800] "GET /content/nav/relationSubject.jsp?relationWords=&oid=16777342 HTTP/1.1" 200 1405
66.249.71.200 - - [23/Apr/2016:10:36:15 +0800] "GET /content/nav/relationSubject.jsp?relationWords=%E5%85%AC%E8%B7%AF%E5%B1%80+%E5%8A%9B%E5%8A%A0+%E6%97%A5%E6%93%9A%E6%99%82%E4%BB%A3+%E6%A9%AB%E8%B2%AB%E5%85%AC%E8%B7%AF+%E6%B1%BD%E6%B2%B9+%E6%B2%B9%E7%87%88+%E6%BA%96%E5%82%99%E5%B7%A5%E4%BD%9C+%E7%89%8C%E7%85%A7+%E7%8D%85%E9%A0%AD%E5%B1%B1+%E7%A6%8F%E6%B0%A3+%E8%99%95%E9%95%B7+%E8%B2%A1%E5%8B%99+%E8%B2%A8%E8%BB%8A+%E8%B3%AA%E8%A9%A2+%E8%BE%B2%E6%9D%91%E9%9B%BB%E5%8C%96+%E9%90%B5%E8%B7%AF%E5%B1%80+%E9%90%B5%E8%B7%AF%E9%81%8B%E8%BC%B8+%E9%A0%90%E7%AE%97+%E9%A2%A8%E6%99%AF%E5%8D%80+&oid=1545549 HTTP/1.1" 200 5664
