66.249.71.72 - - [29/Feb/2016:06:06:25 +0800] "GET /content/nav/relationSubject.jsp?relationWords=%E4%BA%BA%E5%90%8D%E6%AC%8A%E5%A8%81%20%E5%AD%AB%E5%AF%B6%20%E5%AD%AB%E5%AF%B6%E7%90%A6%20%E8%86%A0%E6%BE%B3%E5%95%8F%E9%A1%8C%20&oid=717454 HTTP/1.1" 200 3525
140.123.101.42 - - [29/Feb/2016:06:06:39 +0800] "GET /content/subject/resource_content.jsp?oid=16777393&queryType=qc HTTP/1.1" 200 27881
66.249.77.97 - - [29/Feb/2016:06:07:17 +0800] "GET /content/subject/resource_content.jsp?oid=16777729&queryType=qc HTTP/1.1" 200 51735
161.253.2.251 - - [29/Feb/2016:06:07:29 +0800] "GET /content/repository/resource_content.jsp?oid=1780182&queryType=qs&queryString=%E9%98%BF%E7%BE%8E%E6%97%8F HTTP/1.1" 200 29061
161.253.2.251 - - [29/Feb/2016:06:07:29 +0800] "GET /content/nav/relationSubject.jsp?relationWords=%E7%94%B7%E4%B8%8A%E8%A1%A3+&oid=1780182 HTTP/1.1" 200 2954
66.249.74.100 - - [29/Feb/2016:06:08:12 +0800] "GET /content/repository/resource_content.jsp?oid=2686630&queryString=%E5%80%89%E7%B3%A7 HTTP/1.1" 200 30365
161.253.2.251 - - [29/Feb/2016:06:08:17 +0800] "GET /content/repository/resource_content.jsp?oid=1780181&queryType=qs&queryString=%E9%98%BF%E7%BE%8E%E6%97%8F HTTP/1.1" 200 29171
161.253.2.251 - - [29/Feb/2016:06:08:17 +0800] "GET /content/nav/relationSubject.jsp?relationWords=%E7%94%B7%E4%B8%8A%E8%A1%A3+&oid=1780181 HTTP/1.1" 200 2954
66.249.77.85 - - [29/Feb/2016:06:08:37 +0800] "GET /content/nav/relationSubject.jsp?relationWords=%E5%91%88%E6%8E%A7+&oid=2640300 HTTP/1.1" 200 3089
66.249.77.85 - - [29/Feb/2016:06:08:39 +0800] "GET /content/nav/relationSubject.jsp?relationWords=%E5%91%88%E6%8E%A7%20&oid=2640300 HTTP/1.1" 200 3089
66.249.71.72 - - [29/Feb/2016:06:09:07 +0800] "GET /content/repository/resource_content.jsp?oid=1522679&queryString=%E5%A4%96%E7%B1%8D%E5%8B%9E%E5%B7%A5%20%E5%AE%89%E9%9D%9E%E4%BB%96%E5%91%BD%20%E6%AF%92%E5%93%81%20%E6%B2%B3%E5%B7%9D%E6%95%B4%E6%B2%BB%20%E8%87%BA%E7%81%A3%E5%9C%B0%E5%8D%80 HTTP/1.1" 200 29027
66.249.71.60 - - [29/Feb/2016:06:09:26 +0800] "GET /content/nav/relationSubject.jsp?relationWords=&oid=2587484 HTTP/1.1" 200 1405
66.249.71.60 - - [29/Feb/2016:06:10:02 +0800] "GET /content/repository/resource_content.jsp?oid=2519808&queryString=%E4%BF%9D%E9%A1%8C%20%E5%80%89%E5%AE%98%20%E5%AF%A7%E5%8F%A4%E5%A1%94 HTTP/1.1" 200 30435
66.249.77.97 - - [29/Feb/2016:06:10:57 +0800] "GET /content/repository/resource_content.jsp?oid=2681718&queryType=qs&queryString=%E9%98%BF%E5%85%8B%E8%98%87 HTTP/1.1" 200 30376
107.178.194.71 - - [29/Feb/2016:06:11:11 +0800] "GET /content/repository/resource_content.jsp?oid=221855&queryType=qs&queryString=%E6%A9%AB%E6%B2%BF HTTP/1.1" 200 30110
161.253.2.251 - - [29/Feb/2016:06:11:12 +0800] "GET /content/repository/resource_content.jsp?oid=1780327&queryType=qs&queryString=%E9%98%BF%E7%BE%8E%E6%97%8F HTTP/1.1" 200 28977
161.253.2.251 - - [29/Feb/2016:06:11:13 +0800] "GET /content/nav/relationSubject.jsp?relationWords=%E7%B4%85%E5%B8%83%E7%A9%BF%E7%8F%A0+%E9%A1%8D%E5%B8%B6+&oid=1780327 HTTP/1.1" 200 3102
107.178.194.75 - - [29/Feb/2016:06:11:16 +0800] "GET /content/nav/relationSubject.jsp?relationWords=%E9%99%B8%E6%B8%AC%E5%9C%96+&oid=221855 HTTP/1.1" 200 3079
107.178.194.79 - - [29/Feb/2016:06:11:17 +0800] "GET /content/repository/resource_content.jsp?oid=205132&queryType=qs&queryString=%E6%A9%AB%E6%B2%BF HTTP/1.1" 200 30487
107.178.194.71 - - [29/Feb/2016:06:11:18 +0800] "GET /content/nav/relationSubject.jsp?relationWords=%E4%B8%AD%E5%9C%8B%E5%A4%A7%E9%99%B8%E5%9C%B0%E5%9C%96+&oid=205132 HTTP/1.1" 200 1424
66.249.71.60 - - [29/Feb/2016:06:11:38 +0800] "GET /content/nav/relationSubject.jsp?relationWords=%E6%B0%B4%E8%8A%B9%E8%8F%9C+%E6%B0%B4%E8%8A%B9%E8%8F%9C%E5%B1%AC+%E8%8A%B9%E8%8F%9C+%E8%8A%B9%E8%8F%9C%E5%B1%AC+&oid=1110399 HTTP/1.1" 200 3317
66.249.71.60 - - [29/Feb/2016:06:11:42 +0800] "GET /content/nav/relationSubject.jsp?relationWords=%E6%B0%B4%E8%8A%B9%E8%8F%9C%20%E6%B0%B4%E8%8A%B9%E8%8F%9C%E5%B1%AC%20%E8%8A%B9%E8%8F%9C%20%E8%8A%B9%E8%8F%9C%E5%B1%AC%20&oid=1110399 HTTP/1.1" 200 3317
66.249.77.85 - - [29/Feb/2016:06:11:52 +0800] "GET /content/repository/resource_content.jsp?oid=2582326&queryType=qs&queryString=%E7%8E%8B%E7%90%A6 HTTP/1.1" 200 29277
66.249.71.121 - - [29/Feb/2016:06:12:00 +0800] "GET /content/nav/relationSubject.jsp?relationWords=%E5%8D%97%E8%A5%BF%E6%B2%B3+%E7%B3%A7%E4%BA%8B+&oid=2643100 HTTP/1.1" 200 3101
66.249.71.105 - - [29/Feb/2016:06:12:02 +0800] "GET /content/nav/relationSubject.jsp?relationWords=%E5%8D%97%E8%A5%BF%E6%B2%B3%20%E7%B3%A7%E4%BA%8B%20&oid=2643100 HTTP/1.1" 200 3101
114.37.166.157 - - [29/Feb/2016:06:12:04 +0800] "GET /content/tmp_exh/resource_content.jsp?oid=16777852&queryType=qc%201890 HTTP/1.1" 200 67305
66.249.71.60 - - [29/Feb/2016:06:12:08 +0800] "GET /content/nav/relationSubject.jsp?relationWords=%E5%8D%97%E9%99%BD%E5%B8%82%E7%95%AB%E8%B1%A1+&oid=1808956 HTTP/1.1" 200 3191
114.37.166.157 - - [29/Feb/2016:06:12:10 +0800] "GET /content/nav/relationSubject.jsp?relationWords=&oid=16777852 HTTP/1.1" 200 1405
66.249.71.60 - - [29/Feb/2016:06:12:11 +0800] "GET /content/nav/relationSubject.jsp?relationWords=%E5%8D%97%E9%99%BD%E5%B8%82%E7%95%AB%E8%B1%A1%20&oid=1808956 HTTP/1.1" 200 3191
161.253.2.251 - - [29/Feb/2016:06:12:18 +0800] "GET /content/repository/resource_content.jsp?oid=4364724&queryType=qs&queryString=%E9%98%BF%E7%BE%8E%E6%97%8F HTTP/1.1" 200 29378
161.253.2.251 - - [29/Feb/2016:06:12:19 +0800] "GET /content/nav/relationSubject.jsp?relationWords=%E5%A5%B3%E4%B8%8A%E8%A1%A3+%E7%94%B7%E4%B8%8A%E8%A1%A3+%E7%AB%A5%E8%A1%A3+&oid=4364724 HTTP/1.1" 200 3039
66.249.71.60 - - [29/Feb/2016:06:12:47 +0800] "GET /content/repository/resource_content.jsp?oid=4353997&queryString=%E7%AE%A1%E5%90%BB%E9%AD%A8 HTTP/1.1" 200 34118
66.249.77.97 - - [29/Feb/2016:06:13:42 +0800] "GET /content/repository/resource_content.jsp?oid=2662082&queryType=qs&queryString=%E5%A5%89%E7%9C%81 HTTP/1.1" 200 29745
68.180.228.187 - - [29/Feb/2016:06:14:33 +0800] "GET /digiarch_en/content/subject/resource_content.jsp?oid=16777714&queryType=qc HTTP/1.1" 200 36667
161.253.2.251 - - [29/Feb/2016:06:14:35 +0800] "GET /content/repository/resource_content.jsp?oid=4364719&queryType=qs&queryString=%2B%E9%98%BF%E7%BE%8E%E6%97%8F+%2B%E7%94%B7%E4%B8%8A%E8%A1%A3 HTTP/1.1" 200 28835
161.253.2.251 - - [29/Feb/2016:06:14:35 +0800] "GET /content/nav/relationSubject.jsp?relationWords=%E7%94%B7%E4%B8%8A%E8%A1%A3+&oid=4364719 HTTP/1.1" 200 2954
66.249.71.164 - - [29/Feb/2016:06:14:38 +0800] "GET /content/repository/resource_content.jsp?oid=2520421&queryString=%E4%B8%81%E8%89%B1 HTTP/1.1" 200 30200
66.249.71.64 - - [29/Feb/2016:06:15:19 +0800] "GET /content/nav/relationSubject.jsp?relationWords=%E5%9C%93%E6%9E%9C%E9%9D%92%E5%89%9B%E6%AB%9F+%E6%A4%86%E5%B1%AC+%E6%A4%8D%E7%89%A9%E7%95%8C+%E6%AE%BC%E6%96%97%E7%A7%91+%E9%9D%92%E5%89%9B+%E9%9D%92%E5%89%9B%E6%AB%9F+&oid=2148876 HTTP/1.1" 200 4618
66.249.71.60 - - [29/Feb/2016:06:15:24 +0800] "GET /content/nav/relationSubject.jsp?relationWords=%E5%9C%93%E6%9E%9C%E9%9D%92%E5%89%9B%E6%AB%9F%20%E6%A4%86%E5%B1%AC%20%E6%A4%8D%E7%89%A9%E7%95%8C%20%E6%AE%BC%E6%96%97%E7%A7%91%20%E9%9D%92%E5%89%9B%20%E9%9D%92%E5%89%9B%E6%AB%9F%20&oid=2148876 HTTP/1.1" 200 4618
66.249.77.85 - - [29/Feb/2016:06:15:33 +0800] "GET /content/repository/resource_content.jsp?oid=2676373&queryString=%E5%91%88%E6%8E%A7%20%E5%91%88%E6%8E%A7%E6%A1%88%20%E7%A7%BB%E6%9C%83 HTTP/1.1" 200 30284
66.249.71.60 - - [29/Feb/2016:06:16:19 +0800] "GET /content/nav/relationSubject.jsp?relationWords=%E9%AA%A8%E7%AE%AD%E9%A0%AD+&oid=1860758 HTTP/1.1" 200 2990
66.249.71.60 - - [29/Feb/2016:06:16:25 +0800] "GET /content/nav/relationSubject.jsp?relationWords=%E9%AA%A8%E7%AE%AD%E9%A0%AD%20&oid=1860758 HTTP/1.1" 200 2990
66.249.74.98 - - [29/Feb/2016:06:16:28 +0800] "GET /content/repository/resource_content.jsp?oid=2569261 HTTP/1.1" 200 29528
66.249.71.60 - - [29/Feb/2016:06:17:00 +0800] "GET /content/nav/relationSubject.jsp?relationWords=%E5%BA%B7%E5%BE%B7%E6%9D%BE%E6%AF%AC+%E6%9D%BE%E6%AF%AC+%E9%87%91%E9%B1%97%E9%AD%9A+%E9%87%91%E9%B1%97%E9%AD%9A%E7%A7%91+%E9%B1%97%E9%AD%9A+&oid=18036 HTTP/1.1" 200 3557
66.249.71.60 - - [29/Feb/2016:06:17:03 +0800] "GET /content/nav/relationSubject.jsp?relationWords=%E5%BA%B7%E5%BE%B7%E6%9D%BE%E6%AF%AC%20%E6%9D%BE%E6%AF%AC%20%E9%87%91%E9%B1%97%E9%AD%9A%20%E9%87%91%E9%B1%97%E9%AD%9A%E7%A7%91%20%E9%B1%97%E9%AD%9A%20&oid=18036 HTTP/1.1" 200 3557
66.249.71.60 - - [29/Feb/2016:06:17:17 +0800] "GET /digiarch_en/content/nav/relationSubject.jsp?relationWords=&oid=15202 HTTP/1.1" 200 1399
66.249.71.164 - - [29/Feb/2016:06:17:24 +0800] "GET /content/repository/resource_content.jsp?oid=4364484&queryType=qs&queryString=%E6%8B%8D%E6%9D%BF HTTP/1.1" 200 28908
66.249.77.97 - - [29/Feb/2016:06:17:55 +0800] "GET /content/nav/relationSubject.jsp?relationWords=&oid=16777518 HTTP/1.1" 200 1405
66.249.77.85 - - [29/Feb/2016:06:18:18 +0800] "GET /content/repository/resource_content.jsp?oid=1557684&queryType=qs&queryString=%E5%9C%B0%E5%8D%80%E7%99%BC%E5%B1%95 HTTP/1.1" 200 28830
66.249.71.105 - - [29/Feb/2016:06:18:37 +0800] "GET /content/nav/relationSubject.jsp?relationWords=%E6%AD%A5%E7%94%B2+%E7%A7%BB%E6%9C%83+&oid=2674675 HTTP/1.1" 200 3120
66.249.71.121 - - [29/Feb/2016:06:18:40 +0800] "GET /content/nav/relationSubject.jsp?relationWords=%E6%AD%A5%E7%94%B2%20%E7%A7%BB%E6%9C%83%20&oid=2674675 HTTP/1.1" 200 3120
66.249.74.98 - - [29/Feb/2016:06:18:45 +0800] "GET /content/nav/relationSubject.jsp?relationWords=%E6%AE%98%E7%89%87+%E9%8A%85%E5%AE%B9%E5%99%A8%E6%AE%98%E7%89%87+&oid=1852507 HTTP/1.1" 200 3079
66.249.71.60 - - [29/Feb/2016:06:18:48 +0800] "GET /content/nav/relationSubject.jsp?relationWords=%E6%AE%98%E7%89%87%20%E9%8A%85%E5%AE%B9%E5%99%A8%E6%AE%98%E7%89%87%20&oid=1852507 HTTP/1.1" 200 3079
66.249.71.155 - - [29/Feb/2016:06:19:13 +0800] "GET /content/repository/resource_content.jsp?oid=2565973&queryType=qs&queryString=%E7%89%A7%E7%89%9B HTTP/1.1" 200 29191
66.249.77.85 - - [29/Feb/2016:06:20:08 +0800] "GET /content/repository/resource_content.jsp?oid=612455&queryString=%E5%82%AC%E5%82%B3 HTTP/1.1" 200 28559
1.160.113.37 - - [29/Feb/2016:06:20:29 +0800] "GET /content/nav/relationSubject.jsp?relationWords=%E6%B4%8B%E7%8E%89%E8%98%AD+&oid=16777351 HTTP/1.1" 200 3545
66.249.77.85 - - [29/Feb/2016:06:21:03 +0800] "GET /content/repository/resource_content.jsp?oid=2656672&queryType=qs&queryString=%E5%95%86%E6%B2%B3 HTTP/1.1" 200 29901
66.249.74.98 - - [29/Feb/2016:06:21:10 +0800] "GET /content/nav/relationSubject.jsp?relationWords=%E4%B9%9D%E5%AD%94+%E4%B9%9D%E5%AD%94%E8%9E%BA+%E6%B1%BA%E6%98%8E+%E7%9F%B3%E6%B1%BA%E6%98%8E+%E8%85%B9%E8%B6%B3%E7%B6%B1+%E9%9B%9C%E8%89%B2%E9%AE%91+%E9%AE%91%E8%9E%BA+%E9%AE%91%E8%9E%BA%E5%B1%AC+&oid=1125989 HTTP/1.1" 200 3654
66.249.71.60 - - [29/Feb/2016:06:21:12 +0800] "GET /content/nav/relationSubject.jsp?relationWords=%E4%B9%9D%E5%AD%94%20%E4%B9%9D%E5%AD%94%E8%9E%BA%20%E6%B1%BA%E6%98%8E%20%E7%9F%B3%E6%B1%BA%E6%98%8E%20%E8%85%B9%E8%B6%B3%E7%B6%B1%20%E9%9B%9C%E8%89%B2%E9%AE%91%20%E9%AE%91%E8%9E%BA%20%E9%AE%91%E8%9E%BA%E5%B1%AC%20&oid=1125989 HTTP/1.1" 200 3654
66.249.77.85 - - [29/Feb/2016:06:21:58 +0800] "GET /content/repository/resource_content.jsp?oid=2520937&queryType=qs&queryString=%E9%81%B5%E7%BE%A9%E5%BA%9C HTTP/1.1" 200 29952
66.249.71.72 - - [29/Feb/2016:06:22:14 +0800] "GET /content/nav/relationSubject.jsp?relationWords=%E5%90%B3%E8%8C%B1%E8%90%B8+%E5%90%B3%E8%8C%B1%E8%90%B8%E5%B1%AC+%E6%A4%8D%E7%89%A9%E7%95%8C+%E8%87%AD%E8%BE%A3%E6%A8%B9+%E8%8A%B8%E9%A6%99+%E8%8A%B8%E9%A6%99%E7%A7%91+%E8%B3%8A%E4%BB%94%E6%A8%B9+&oid=3826419 HTTP/1.1" 200 3530
66.249.71.60 - - [29/Feb/2016:06:22:16 +0800] "GET /content/nav/relationSubject.jsp?relationWords=%E5%90%B3%E8%8C%B1%E8%90%B8%20%E5%90%B3%E8%8C%B1%E8%90%B8%E5%B1%AC%20%E6%A4%8D%E7%89%A9%E7%95%8C%20%E8%87%AD%E8%BE%A3%E6%A8%B9%20%E8%8A%B8%E9%A6%99%20%E8%8A%B8%E9%A6%99%E7%A7%91%20%E8%B3%8A%E4%BB%94%E6%A8%B9%20&oid=3826419 HTTP/1.1" 200 3530
66.249.77.91 - - [29/Feb/2016:06:22:53 +0800] "GET /content/repository/resource_content.jsp?oid=2679905&queryType=qs&queryString=%E8%B2%AF%E9%8A%80 HTTP/1.1" 200 30031
161.253.2.251 - - [29/Feb/2016:06:23:11 +0800] "GET /content/repository/resource_content.jsp?oid=4364708&queryType=null&queryString=%2B%E9%98%BF%E7%BE%8E%E6%97%8F HTTP/1.1" 200 29430
161.253.2.251 - - [29/Feb/2016:06:23:11 +0800] "GET /content/nav/relationSubject.jsp?relationWords=%E5%A5%B3%E4%B8%8A%E8%A1%A3+%E7%94%B7%E4%B8%8A%E8%A1%A3+%E7%94%B7%E8%A3%99+%E7%AB%A5%E8%A1%A3+%E7%B9%A1%E8%8A%B1+&oid=4364708 HTTP/1.1" 200 3109
66.249.74.102 - - [29/Feb/2016:06:23:29 +0800] "GET /content/nav/relationSubject.jsp?relationWords=&oid=2562545 HTTP/1.1" 200 1405
66.249.71.60 - - [29/Feb/2016:06:23:39 +0800] "GET /content/subject/resource_content.jsp?oid=16777647&queryType=qs&queryString=%E8%87%BA%E5%8C%97%E5%B7%9E%E7%9F%A5%E4%BA%8B HTTP/1.1" 200 56471
1.160.113.37 - - [29/Feb/2016:06:23:39 +0800] "GET /content/nav/relationSubject.jsp?relationWords=%E6%B4%8B%E7%8E%89%E8%98%AD+&oid=16777351 HTTP/1.1" 200 3545
1.160.113.37 - - [29/Feb/2016:06:23:47 +0800] "GET /content/nav/relationSubject.jsp?relationWords=%E6%B4%8B%E7%8E%89%E8%98%AD+&oid=16777351 HTTP/1.1" 200 3545
66.249.71.60 - - [29/Feb/2016:06:23:48 +0800] "GET /content/repository/resource_content.jsp?oid=1538296&queryString=%E8%95%83%E8%96%AF HTTP/1.1" 200 30043
1.160.113.37 - - [29/Feb/2016:06:23:52 +0800] "GET /content/nav/relationSubject.jsp?relationWords=%E6%B4%8B%E7%8E%89%E8%98%AD+&oid=16777351 HTTP/1.1" 200 3545
66.249.71.113 - - [29/Feb/2016:06:24:44 +0800] "GET /content/repository/resource_content.jsp?oid=4364026&queryType=qs&queryString=%E6%B6%BC%E5%82%98 HTTP/1.1" 200 29019
66.249.71.72 - - [29/Feb/2016:06:25:09 +0800] "GET /content/nav/relationSubject.jsp?relationWords=%E4%BF%9D%E9%9A%AA+%E4%BF%9D%E9%9A%AA%E9%87%91+%E5%AD%98%E6%AC%BE+%E6%97%A5%E6%93%9A%E6%99%82%E4%BB%A3+%E7%9C%81%E6%94%BF%E5%BA%9C+%E7%9C%81%E8%AD%B0%E6%9C%83+%E8%87%BA%E7%81%A3%E7%9C%81+%E8%87%BA%E7%81%A3%E7%9C%81%E8%AD%B0%E6%9C%83+%E8%B3%B4%E6%B7%B5%E5%B9%B3+%E9%83%B5%E4%BE%BF+%E9%83%B5%E4%BE%BF%E5%AD%98%E6%AC%BE+%E9%83%B5%E5%B1%80+&oid=1533141 HTTP/1.1" 200 5867
66.249.71.64 - - [29/Feb/2016:06:25:12 +0800] "GET /content/nav/relationSubject.jsp?relationWords=%E4%BF%9D%E9%9A%AA%20%E4%BF%9D%E9%9A%AA%E9%87%91%20%E5%AD%98%E6%AC%BE%20%E6%97%A5%E6%93%9A%E6%99%82%E4%BB%A3%20%E7%9C%81%E6%94%BF%E5%BA%9C%20%E7%9C%81%E8%AD%B0%E6%9C%83%20%E8%87%BA%E7%81%A3%E7%9C%81%20%E8%87%BA%E7%81%A3%E7%9C%81%E8%AD%B0%E6%9C%83%20%E8%B3%B4%E6%B7%B5%E5%B9%B3%20%E9%83%B5%E4%BE%BF%20%E9%83%B5%E4%BE%BF%E5%AD%98%E6%AC%BE%20%E9%83%B5%E5%B1%80%20&oid=1533141 HTTP/1.1" 200 5867
66.249.71.113 - - [29/Feb/2016:06:25:33 +0800] "GET /content/nav/relationSubject.jsp?relationWords=%E7%85%99%E9%B1%A0%20%E7%8F%9E%E7%8F%88%E9%B1%A0%20%E7%9F%B3%E6%96%91%20%E9%81%8E%E9%AD%9A%20%E9%AE%A8%E7%A7%91%20%E9%B1%A0%E4%BB%94%20&oid=14967 HTTP/1.1" 200 3803
66.249.71.64 - - [29/Feb/2016:06:26:34 +0800] "GET /content/repository/resource_content.jsp?oid=2612975 HTTP/1.1" 200 28911
66.249.71.121 - - [29/Feb/2016:06:27:21 +0800] "GET /content/nav/relationSubject.jsp?relationWords=&oid=2676409 HTTP/1.1" 200 1405
66.249.77.85 - - [29/Feb/2016:06:27:29 +0800] "GET /content/repository/resource_content.jsp?oid=4354490&queryString=%E5%A1%98%E9%B1%A7%20%E7%A3%A8%E5%A1%98%E9%B1%A7%20%E8%99%8E%E7%A7%91%20%E9%80%8F%E6%98%8E%E7%A3%A8%E5%A1%98%E9%B1%A7 HTTP/1.1" 200 31161
66.249.74.102 - - [29/Feb/2016:06:28:25 +0800] "GET /content/repository/resource_content.jsp?oid=1620448 HTTP/1.1" 200 28885
66.249.71.60 - - [29/Feb/2016:06:30:14 +0800] "GET /content/repository/resource_content.jsp?oid=2573541 HTTP/1.1" 200 29015
66.249.74.61 - - [29/Feb/2016:06:30:39 +0800] "GET /content/nav/relationSubject.jsp?relationWords=%E4%B8%81%E6%86%82+&oid=2633817 HTTP/1.1" 200 3958
66.249.77.97 - - [29/Feb/2016:06:31:58 +0800] "GET /content/subject/resource_content.jsp?oid=16777503&queryString=%E8%8C%84%E8%8B%B3 HTTP/1.1" 200 40287
66.249.77.91 - - [29/Feb/2016:06:32:04 +0800] "GET /content/repository/resource_content.jsp?oid=4362862&queryString=%E9%96%8B%E6%BC%B3%E8%81%96%E7%8E%8B HTTP/1.1" 200 28289
66.249.71.72 - - [29/Feb/2016:06:32:21 +0800] "GET /content/nav/relationSubject.jsp?relationWords=%E6%A4%8D%E7%89%A9%E7%95%8C+%E8%9D%B6%E8%B1%86+%E8%9D%B6%E8%B1%86%E5%B1%AC+%E8%A0%B6%E8%B1%86+%E9%90%AE%E5%88%80%E8%8E%A2%E8%9D%B6%E8%B1%86+%E9%9B%99%E5%AD%90%E8%91%89+%E9%9B%99%E5%AD%90%E8%91%89%E6%A4%8D%E7%89%A9+&oid=1461156 HTTP/1.1" 200 3436
66.249.74.100 - - [29/Feb/2016:06:32:23 +0800] "GET /content/nav/relationSubject.jsp?relationWords=%E6%A4%8D%E7%89%A9%E7%95%8C%20%E8%9D%B6%E8%B1%86%20%E8%9D%B6%E8%B1%86%E5%B1%AC%20%E8%A0%B6%E8%B1%86%20%E9%90%AE%E5%88%80%E8%8E%A2%E8%9D%B6%E8%B1%86%20%E9%9B%99%E5%AD%90%E8%91%89%20%E9%9B%99%E5%AD%90%E8%91%89%E6%A4%8D%E7%89%A9%20&oid=1461156 HTTP/1.1" 200 3436
66.249.71.60 - - [29/Feb/2016:06:32:59 +0800] "GET /content/subject/resource_content.jsp?oid=16777310 HTTP/1.1" 200 28118
101.226.167.235 - - [29/Feb/2016:06:33:12 +0800] "GET /content/tmp_exh/resource_content.jsp?oid=16777754&queryType=qc%201889 HTTP/1.1" 302 -
66.249.71.121 - - [29/Feb/2016:06:34:42 +0800] "GET /content/nav/relationSubject.jsp?relationWords=%E5%90%8F%E9%83%A8+&oid=2675836 HTTP/1.1" 200 3101
66.249.74.98 - - [29/Feb/2016:06:34:45 +0800] "GET /content/repository/resource_content.jsp?oid=4353085&queryString=%E7%99%BD%E6%98%9F HTTP/1.1" 200 34267
66.249.71.121 - - [29/Feb/2016:06:34:45 +0800] "GET /content/nav/relationSubject.jsp?relationWords=%E5%90%8F%E9%83%A8%20&oid=2675836 HTTP/1.1" 200 3101
66.249.71.173 - - [29/Feb/2016:06:34:50 +0800] "GET /content/subject/resource_content.jsp?oid=16777654&queryType=qc HTTP/1.1" 200 63669
66.249.71.60 - - [29/Feb/2016:06:35:01 +0800] "GET /content/nav/relationSubject.jsp?relationWords=%E5%9C%B0%E9%8C%A6+%E5%9C%B0%E9%8C%A6%E8%8D%89+%E5%9C%B0%E9%8C%A6%E8%8D%89%E5%B1%AC+%E5%A4%A7%E6%88%9F+%E5%A4%A7%E6%88%9F%E7%A7%91+%E6%A4%8D%E7%89%A9%E7%95%8C+%E6%BF%B1%E5%A4%A7%E6%88%9F+&oid=3814052 HTTP/1.1" 200 3468
66.249.71.60 - - [29/Feb/2016:06:35:03 +0800] "GET /content/nav/relationSubject.jsp?relationWords=%E5%9C%B0%E9%8C%A6%20%E5%9C%B0%E9%8C%A6%E8%8D%89%20%E5%9C%B0%E9%8C%A6%E8%8D%89%E5%B1%AC%20%E5%A4%A7%E6%88%9F%20%E5%A4%A7%E6%88%9F%E7%A7%91%20%E6%A4%8D%E7%89%A9%E7%95%8C%20%E6%BF%B1%E5%A4%A7%E6%88%9F%20&oid=3814052 HTTP/1.1" 200 3468
66.249.77.97 - - [29/Feb/2016:06:35:45 +0800] "GET /content/repository/resource_content.jsp?oid=2600250&queryType=qs&queryString=%E5%8B%98%E9%85%8C HTTP/1.1" 200 29320
66.249.71.60 - - [29/Feb/2016:06:36:20 +0800] "GET /content/nav/relationSubject.jsp?relationWords=%E6%A4%8D%E7%89%A9%E7%95%8C+%E7%8E%89%E5%B1%B1%E9%87%91%E6%A2%85+%E7%BF%BB%E7%99%BD%E8%8D%89%E5%B1%AC+%E8%96%94%E8%96%87%E7%9B%AE+%E8%96%94%E8%96%87%E7%A7%91+&oid=1109201 HTTP/1.1" 200 3440
66.249.71.60 - - [29/Feb/2016:06:36:22 +0800] "GET /content/nav/relationSubject.jsp?relationWords=%E6%A4%8D%E7%89%A9%E7%95%8C%20%E7%8E%89%E5%B1%B1%E9%87%91%E6%A2%85%20%E7%BF%BB%E7%99%BD%E8%8D%89%E5%B1%AC%20%E8%96%94%E8%96%87%E7%9B%AE%20%E8%96%94%E8%96%87%E7%A7%91%20&oid=1109201 HTTP/1.1" 200 3440
66.249.71.155 - - [29/Feb/2016:06:36:40 +0800] "GET /content/subject/resource_content.jsp?oid=16777424&queryType=qc HTTP/1.1" 200 38685
66.249.71.155 - - [29/Feb/2016:06:37:35 +0800] "GET /content/repository/resource_content.jsp?oid=2669964&queryString=%E5%93%A8%E8%88%A1 HTTP/1.1" 200 30007
66.249.71.60 - - [29/Feb/2016:06:37:39 +0800] "GET /content/nav/relationSubject.jsp?relationWords=%E9%8A%85%E5%88%80+%E9%9D%92%E9%8A%85%E5%88%80+%E9%9D%92%E9%8A%85%E5%88%80%E6%9F%84+&oid=1843461 HTTP/1.1" 200 3093
66.249.71.60 - - [29/Feb/2016:06:37:42 +0800] "GET /content/nav/relationSubject.jsp?relationWords=%E9%8A%85%E5%88%80%20%E9%9D%92%E9%8A%85%E5%88%80%20%E9%9D%92%E9%8A%85%E5%88%80%E6%9F%84%20&oid=1843461 HTTP/1.1" 200 3093
66.249.71.105 - - [29/Feb/2016:06:37:52 +0800] "GET /content/nav/relationSubject.jsp?relationWords=&oid=2676367 HTTP/1.1" 200 1405
66.249.71.60 - - [29/Feb/2016:06:37:56 +0800] "GET /content/nav/relationSubject.jsp?relationWords=%E8%A8%B1%E6%9C%9D%E6%9C%A8+&oid=1518695 HTTP/1.1" 200 1890
66.249.71.60 - - [29/Feb/2016:06:37:58 +0800] "GET /content/nav/relationSubject.jsp?relationWords=%E8%A8%B1%E6%9C%9D%E6%9C%A8%20&oid=1518695 HTTP/1.1" 200 1890
207.46.13.110 - - [29/Feb/2016:06:37:59 +0800] "GET /content/subject/resource_content.jsp?oid=16797245&queryType=qc HTTP/1.1" 200 48121
207.46.13.165 - - [29/Feb/2016:06:38:14 +0800] "GET /content/nav/relationSubject.jsp?relationWords=&oid=16797245 HTTP/1.1" 200 1405
66.249.71.60 - - [29/Feb/2016:06:38:30 +0800] "GET /content/pictures/picture_content.jsp?oid=33554788 HTTP/1.1" 200 27711
66.249.71.121 - - [29/Feb/2016:06:38:40 +0800] "GET /content/nav/relationSubject.jsp?relationWords=%E4%BD%90%E4%B9%85%E9%96%93+%E6%9D%9C%E9%A6%99+%E6%9D%9C%E9%A6%99%E5%9C%8B+%E7%8E%89%E9%9B%B2%E5%A0%82+&oid=1887362 HTTP/1.1" 200 3242
66.249.74.59 - - [29/Feb/2016:06:38:45 +0800] "GET /content/nav/relationSubject.jsp?relationWords=%E4%BD%90%E4%B9%85%E9%96%93%20%E6%9D%9C%E9%A6%99%20%E6%9D%9C%E9%A6%99%E5%9C%8B%20%E7%8E%89%E9%9B%B2%E5%A0%82%20&oid=1887362 HTTP/1.1" 200 3242
66.249.71.5 - - [29/Feb/2016:06:39:25 +0800] "GET /digiarch3/content/subject/resource_content.jsp?oid=16777812&queryType=qc HTTP/1.1" 200 37590
66.249.74.98 - - [29/Feb/2016:06:40:11 +0800] "GET /content/subject/resource_content.jsp?oid=16777570&queryType=qc HTTP/1.1" 200 40496
66.249.77.91 - - [29/Feb/2016:06:40:17 +0800] "GET /content/nav/relationSubject.jsp?relationWords=%E6%BE%A4%E8%98%AD+%E8%8A%B1%E8%94%93+%E8%94%93%E6%BE%A4+%E8%94%93%E6%BE%A4%E8%98%AD+&oid=16777298 HTTP/1.1" 200 4337
66.249.74.98 - - [29/Feb/2016:06:40:21 +0800] "GET /digiarch_en/content/subject/resource_content.jsp?oid=16777787&queryString=%E7%9A%87%E6%B0%91%E5%A5%89%E5%85%AC%E6%9C%83 HTTP/1.1" 200 53817
66.249.71.113 - - [29/Feb/2016:06:40:59 +0800] "GET /content/nav/relationSubject.jsp?relationWords=%E4%BA%BA%E5%90%8D%E6%AC%8A%E5%A8%81+%E6%96%BD%E8%82%87%E5%9F%BA+%E9%BA%BB%E5%85%8B+%E9%BA%BB%E5%85%8B%E9%A1%9E+&oid=705007 HTTP/1.1" 200 3367
66.249.71.121 - - [29/Feb/2016:06:41:00 +0800] "GET /content/nav/relationSubject.jsp?relationWords=%E4%BA%BA%E5%90%8D%E6%AC%8A%E5%A8%81%20%E6%96%BD%E8%82%87%E5%9F%BA%20%E9%BA%BB%E5%85%8B%20%E9%BA%BB%E5%85%8B%E9%A1%9E%20&oid=705007 HTTP/1.1" 200 3367
66.249.77.85 - - [29/Feb/2016:06:41:15 +0800] "GET /content/repository/resource_content.jsp?oid=1552757&queryString=%E5%BC%B5%E7%9C%81%20%E6%92%B2%E6%BB%85%20%E6%A8%82%E7%94%9F%E7%99%82%E9%A4%8A%E9%99%A2%20%E7%97%B2%E7%98%8B%E7%97%85 HTTP/1.1" 200 30189
66.249.77.91 - - [29/Feb/2016:06:42:11 +0800] "GET /content/subject/resource_content.jsp?oid=16777417&queryString=%E5%A4%BE%E7%AB%B9%E6%A1%83%E7%A7%91%20%E6%A4%8D%E7%89%A9%E7%95%8C%20%E6%B5%B7%E6%AA%AC%E6%9E%9C%20%E6%B5%B7%E6%AA%AC%E6%9E%9C%E5%B1%AC%20%E9%BE%8D%E8%86%BD HTTP/1.1" 200 28367
66.249.74.98 - - [29/Feb/2016:06:44:17 +0800] "GET /content/nav/relationSubject.jsp?relationWords=%E6%A4%8D%E7%89%A9%E7%95%8C+%E8%8F%8A%E7%A7%91+%E9%9B%99%E5%AD%90%E8%91%89%E6%A4%8D%E7%89%A9+%E9%B1%A7%E8%85%B8+%E9%B1%A7%E8%85%B8%E5%B1%AC+&oid=1102753 HTTP/1.1" 200 3326
66.249.71.60 - - [29/Feb/2016:06:44:21 +0800] "GET /content/nav/relationSubject.jsp?relationWords=%E6%A4%8D%E7%89%A9%E7%95%8C%20%E8%8F%8A%E7%A7%91%20%E9%9B%99%E5%AD%90%E8%91%89%E6%A4%8D%E7%89%A9%20%E9%B1%A7%E8%85%B8%20%E9%B1%A7%E8%85%B8%E5%B1%AC%20&oid=1102753 HTTP/1.1" 200 3326
36.230.204.222 - - [29/Feb/2016:06:44:48 +0800] "GET /content/repository/resource_content.jsp?oid=1887759&queryType=qs&queryString=%E6%9E%97%E5%85%B6%E7%BE%8E HTTP/1.1" 200 30162
36.230.204.222 - - [29/Feb/2016:06:44:49 +0800] "GET /content/nav/relationSubject.jsp?relationWords=%E6%9D%9C%E9%A6%99%E5%9C%8B+%E6%9E%97%E5%85%B6%E7%BE%8E+&oid=1887759 HTTP/1.1" 200 3157
66.249.74.61 - - [29/Feb/2016:06:45:04 +0800] "GET /content/nav/relationSubject.jsp?relationWords=%E4%BA%BA%E5%90%8D%E6%AC%8A%E5%A8%81+%E5%9C%8B%E4%BB%A3+%E6%9D%8E%E5%9E%A3+%E9%98%BF%E6%A0%BC%E9%81%BC%E5%A4%AB+&oid=675035 HTTP/1.1" 200 5026
66.249.71.113 - - [29/Feb/2016:06:45:06 +0800] "GET /content/nav/relationSubject.jsp?relationWords=%E4%BA%BA%E5%90%8D%E6%AC%8A%E5%A8%81%20%E5%9C%8B%E4%BB%A3%20%E6%9D%8E%E5%9E%A3%20%E9%98%BF%E6%A0%BC%E9%81%BC%E5%A4%AB%20&oid=675035 HTTP/1.1" 200 5026
66.249.71.60 - - [29/Feb/2016:06:45:09 +0800] "GET /content/nav/relationSubject.jsp?relationWords=API+%E4%BA%94%E8%91%89%E5%B1%B1%E8%8A%B9%E8%8F%9C+%E5%B1%B1%E8%8A%B9%E8%8F%9C+%E5%B1%B1%E8%8A%B9%E8%8F%9C%E5%B1%AC+%E6%A4%8D%E7%89%A9%E7%95%8C+%E7%B9%96%E5%BD%A2%E7%A7%91+%E8%8A%B9%E8%8F%9C+%E8%8A%B9%E8%8F%9C%E5%B1%AC+%E9%9B%99%E5%AD%90%E8%91%89+%E9%9B%99%E5%AD%90%E8%91%89%E6%A4%8D%E7%89%A9+&oid=1100729 HTTP/1.1" 200 3647
66.249.71.60 - - [29/Feb/2016:06:45:21 +0800] "GET /content/nav/relationSubject.jsp?relationWords=API%20%E4%BA%94%E8%91%89%E5%B1%B1%E8%8A%B9%E8%8F%9C%20%E5%B1%B1%E8%8A%B9%E8%8F%9C%20%E5%B1%B1%E8%8A%B9%E8%8F%9C%E5%B1%AC%20%E6%A4%8D%E7%89%A9%E7%95%8C%20%E7%B9%96%E5%BD%A2%E7%A7%91%20%E8%8A%B9%E8%8F%9C%20%E8%8A%B9%E8%8F%9C%E5%B1%AC%20%E9%9B%99%E5%AD%90%E8%91%89%20%E9%9B%99%E5%AD%90%E8%91%89%E6%A4%8D%E7%89%A9%20&oid=1100729 HTTP/1.1" 200 3647
66.249.71.113 - - [29/Feb/2016:06:45:27 +0800] "GET /content/nav/relationSubject.jsp?relationWords=%E6%B3%B0%E9%9B%85+%E6%B3%B0%E9%9B%85%E6%97%8F+%E7%AB%B9%E5%99%A8+%E7%AB%B9%E6%9D%AF+&oid=1782969 HTTP/1.1" 200 7064
66.249.77.85 - - [29/Feb/2016:06:45:43 +0800] "GET /content/repository/resource_content.jsp?oid=675035&queryType=qs&queryString=%E6%9D%8E%E5%9E%A3 HTTP/1.1" 200 29205
66.249.71.60 - - [29/Feb/2016:06:45:51 +0800] "GET /content/repository/resource_content.jsp?oid=1571268&queryString=%E4%BC%B8%E6%B8%AF%E9%84%89%20%E6%B0%B4%E5%88%A9%E5%B1%80%20%E8%9A%B5%E5%AF%AE%20%E9%98%B2%E6%BD%AE%E5%A0%A4 HTTP/1.1" 200 29671
66.249.74.98 - - [29/Feb/2016:06:46:37 +0800] "GET /content/nav/relationSubject.jsp?relationWords=%E7%A4%A6%E5%B7%A5+&oid=1558845 HTTP/1.1" 200 4598
66.249.71.60 - - [29/Feb/2016:06:46:39 +0800] "GET /content/nav/relationSubject.jsp?relationWords=%E7%A4%A6%E5%B7%A5%20&oid=1558845 HTTP/1.1" 200 4598
66.249.71.60 - - [29/Feb/2016:06:48:36 +0800] "GET /content/repository/resource_content.jsp?oid=1571270&queryString=%E4%BC%B8%E6%B8%AF%E9%84%89%20%E6%B0%B4%E5%88%A9%E5%B1%80%20%E8%9A%B5%E5%AF%AE%20%E9%98%B2%E6%BD%AE%E5%A0%A4 HTTP/1.1" 200 30902
68.180.228.187 - - [29/Feb/2016:06:50:08 +0800] "GET /digiarch_en/content/pictures/picture_content.jsp?oid=33554804&queryType=qc HTTP/1.1" 200 21874
68.180.228.187 - - [29/Feb/2016:06:50:16 +0800] "GET /content/pictures/picture_content.jsp?oid=33554794 HTTP/1.1" 200 27397
66.249.71.60 - - [29/Feb/2016:06:50:20 +0800] "GET /content/nav/relationSubject.jsp?relationWords=%E5%B0%8F%E8%BE%B2+%E6%94%B6%E7%9B%8A%E6%A1%88+%E6%B0%B4%E7%A8%BB+%E7%94%9F%E7%94%A2%E6%88%90%E6%9C%AC+%E7%A8%BB%E4%BD%9C+%E8%BE%B2%E7%94%A2+%E8%BE%B2%E7%94%A2%E5%AD%97+&oid=1630322 HTTP/1.1" 200 4360
66.249.71.60 - - [29/Feb/2016:06:50:21 +0800] "GET /content/nav/relationSubject.jsp?relationWords=%E5%B0%8F%E8%BE%B2%20%E6%94%B6%E7%9B%8A%E6%A1%88%20%E6%B0%B4%E7%A8%BB%20%E7%94%9F%E7%94%A2%E6%88%90%E6%9C%AC%20%E7%A8%BB%E4%BD%9C%20%E8%BE%B2%E7%94%A2%20%E8%BE%B2%E7%94%A2%E5%AD%97%20&oid=1630322 HTTP/1.1" 200 4360
66.249.77.85 - - [29/Feb/2016:06:50:31 +0800] "GET /content/nav/relationSubject.jsp?relationWords=%E6%96%87%E5%8C%96%E4%B8%AD%E5%BF%83+%E6%B5%B7%E9%AE%AE+%E7%94%9F%E7%89%A9%E5%A4%9A%E6%A8%A3%E6%80%A7+&oid=16777813 HTTP/1.1" 200 9070
66.249.71.155 - - [29/Feb/2016:06:50:37 +0800] "GET /content/nav/relationSubject.jsp?relationWords=&oid=16777649 HTTP/1.1" 200 1405
66.249.71.64 - - [29/Feb/2016:06:51:22 +0800] "GET /content/repository/resource_content.jsp?oid=2689479&queryString=%E5%B7%A1%E6%92%AB%20%E6%BC%95%E7%B3%A7%20%E7%B3%A7%E4%BA%8B%20%E7%B7%A9%E5%BE%B5 HTTP/1.1" 200 30543
66.249.71.113 - - [29/Feb/2016:06:52:14 +0800] "GET /content/nav/relationSubject.jsp?relationWords=%E5%9C%B0%E7%95%9D+%E5%9C%B0%E7%95%9D%E6%A1%88+%E7%95%9D%E6%A1%88+%E9%9B%99%E5%96%9C+&oid=2680521 HTTP/1.1" 200 3237
66.249.74.102 - - [29/Feb/2016:06:52:17 +0800] "GET /content/repository/resource_content.jsp?oid=1105253&queryString=API%20%E6%A4%8D%E7%89%A9%E7%95%8C%20%E6%B0%B4%E8%8A%B9%E8%8F%9C%20%E6%B0%B4%E8%8A%B9%E8%8F%9C%E5%B1%AC%20%E7%B9%96%E5%BD%A2%E7%A7%91%20%E9%9B%99%E5%AD%90%E8%91%89%E6%A4%8D%E7%89%A9 HTTP/1.1" 200 31364
66.249.71.105 - - [29/Feb/2016:06:52:17 +0800] "GET /content/nav/relationSubject.jsp?relationWords=%E5%9C%B0%E7%95%9D%20%E5%9C%B0%E7%95%9D%E6%A1%88%20%E7%95%9D%E6%A1%88%20%E9%9B%99%E5%96%9C%20&oid=2680521 HTTP/1.1" 200 3237
66.249.71.64 - - [29/Feb/2016:06:52:22 +0800] "GET /content/nav/relationSubject.jsp?relationWords=%E7%9F%B3%E8%95%A8%E5%B1%AC+%E8%95%A8%E5%B1%AC+%E9%99%B0%E7%9F%B3%E8%95%A8+%E9%B1%97%E8%91%89%E9%99%B0%E7%9F%B3%E8%95%A8+&oid=1111101 HTTP/1.1" 200 3316
66.249.71.60 - - [29/Feb/2016:06:52:24 +0800] "GET /content/nav/relationSubject.jsp?relationWords=%E7%9F%B3%E8%95%A8%E5%B1%AC%20%E8%95%A8%E5%B1%AC%20%E9%99%B0%E7%9F%B3%E8%95%A8%20%E9%B1%97%E8%91%89%E9%99%B0%E7%9F%B3%E8%95%A8%20&oid=1111101 HTTP/1.1" 200 3316
66.249.74.98 - - [29/Feb/2016:06:52:35 +0800] "GET /content/nav/relationSubject.jsp?relationWords=%E4%B8%AD%E5%9C%8B%E5%A4%A7%E9%99%B8%E5%9C%B0%E5%9C%96+&oid=207173 HTTP/1.1" 200 1424
66.249.71.60 - - [29/Feb/2016:06:52:38 +0800] "GET /content/nav/relationSubject.jsp?relationWords=%E4%B8%AD%E5%9C%8B%E5%A4%A7%E9%99%B8%E5%9C%B0%E5%9C%96%20&oid=207173 HTTP/1.1" 200 1424
207.46.13.110 - - [29/Feb/2016:06:52:59 +0800] "GET /content/nav/relationSubject.jsp?relationWords=%E6%9C%A8%E7%8A%80+%E6%A1%82%E8%8A%B1+&oid=16777255 HTTP/1.1" 200 4029
66.249.71.60 - - [29/Feb/2016:06:53:12 +0800] "GET /content/repository/resource_content.jsp?oid=2684988&queryString=%E4%BA%AC%E9%A4%89%20%E5%B7%A1%E6%8C%89%20%E9%A4%89%E4%BA%8B HTTP/1.1" 200 30339
66.249.71.60 - - [29/Feb/2016:06:53:36 +0800] "GET /content/nav/relationSubject.jsp?relationWords=%E5%A4%A7%E8%B1%A1+%E6%B3%95%E8%9E%BA+%E6%B3%95%E8%9E%BA%E7%A7%91+%E7%95%B0%E8%B6%B3%E7%9B%AE+%E8%85%B9%E8%B6%B3%E7%B6%B1+%E8%B1%A1%E6%B3%95%E8%9E%BA+&oid=1125201 HTTP/1.1" 200 3527
66.249.71.60 - - [29/Feb/2016:06:53:38 +0800] "GET /content/nav/relationSubject.jsp?relationWords=%E5%A4%A7%E8%B1%A1%20%E6%B3%95%E8%9E%BA%20%E6%B3%95%E8%9E%BA%E7%A7%91%20%E7%95%B0%E8%B6%B3%E7%9B%AE%20%E8%85%B9%E8%B6%B3%E7%B6%B1%20%E8%B1%A1%E6%B3%95%E8%9E%BA%20&oid=1125201 HTTP/1.1" 200 3527
66.249.71.60 - - [29/Feb/2016:06:54:07 +0800] "GET /content/repository/resource_content.jsp?oid=3814119&queryString=API%20%E5%B1%B1%E8%96%B0%E9%A6%99%20%E5%B1%B1%E8%96%B0%E9%A6%99%E5%B1%AC%20%E6%A4%8D%E7%89%A9%E7%95%8C%20%E7%B9%96%E5%BD%A2%E7%A7%91%20%E9%9B%99%E5%AD%90%E8%91%89%E6%A4%8D%E7%89%A9 HTTP/1.1" 200 31695
66.249.71.60 - - [29/Feb/2016:06:54:15 +0800] "GET /content/nav/relationSubject.jsp?relationWords=%E6%9E%97%E6%B0%8F%E8%8C%9C%E8%8D%89+%E6%A4%8D%E7%89%A9%E7%95%8C+%E8%8C%9C%E8%8D%89+%E8%8C%9C%E8%8D%89%E5%B1%AC+%E8%8C%9C%E8%8D%89%E7%A7%91+&oid=3818147 HTTP/1.1" 200 3414
66.249.71.60 - - [29/Feb/2016:06:54:18 +0800] "GET /content/nav/relationSubject.jsp?relationWords=%E6%9E%97%E6%B0%8F%E8%8C%9C%E8%8D%89%20%E6%A4%8D%E7%89%A9%E7%95%8C%20%E8%8C%9C%E8%8D%89%20%E8%8C%9C%E8%8D%89%E5%B1%AC%20%E8%8C%9C%E8%8D%89%E7%A7%91%20&oid=3818147 HTTP/1.1" 200 3414
66.249.74.98 - - [29/Feb/2016:06:55:03 +0800] "GET /content/repository/resource_content.jsp?oid=2518649&queryString=%E8%AA%A5%E5%91%BD HTTP/1.1" 200 29922
66.249.71.60 - - [29/Feb/2016:06:55:18 +0800] "GET /content/nav/relationSubject.jsp?relationWords=%E5%A4%9A%E5%AA%92%E9%AB%94+%E5%AA%92%E9%AB%94+%E5%BD%B1%E5%83%8F%E4%BF%AE%E8%A3%9C+%E6%95%B8%E4%BD%8D%E5%85%B8%E8%97%8F+%E6%95%B8%E4%BD%8D%E5%85%B8%E8%97%8F%E6%8A%80%E8%A1%93+%E8%A6%96%E8%A8%8A+&oid=16777730 HTTP/1.1" 200 8542
66.249.71.60 - - [29/Feb/2016:06:55:20 +0800] "GET /content/nav/relationSubject.jsp?relationWords=%E5%A4%9A%E5%AA%92%E9%AB%94%20%E5%AA%92%E9%AB%94%20%E5%BD%B1%E5%83%8F%E4%BF%AE%E8%A3%9C%20%E6%95%B8%E4%BD%8D%E5%85%B8%E8%97%8F%20%E6%95%B8%E4%BD%8D%E5%85%B8%E8%97%8F%E6%8A%80%E8%A1%93%20%E8%A6%96%E8%A8%8A%20&oid=16777730 HTTP/1.1" 200 8542
66.249.71.60 - - [29/Feb/2016:06:55:44 +0800] "GET /content/nav/relationSubject.jsp?relationWords=%E6%BC%81%E8%88%9F%E8%9C%91%E8%9E%BA+%E7%95%9A%E7%AE%95+%E7%95%9A%E7%AE%95%E8%9E%BA+%E8%85%B9%E8%B6%B3%E7%B6%B1+%E8%9C%91%E8%9E%BA+%E8%9C%92%E8%9E%BA+%E9%8C%A6%E8%9C%92%E8%9E%BA+&oid=1636772 HTTP/1.1" 200 3542
66.249.71.60 - - [29/Feb/2016:06:55:46 +0800] "GET /content/nav/relationSubject.jsp?relationWords=%E6%BC%81%E8%88%9F%E8%9C%91%E8%9E%BA%20%E7%95%9A%E7%AE%95%20%E7%95%9A%E7%AE%95%E8%9E%BA%20%E8%85%B9%E8%B6%B3%E7%B6%B1%20%E8%9C%91%E8%9E%BA%20%E8%9C%92%E8%9E%BA%20%E9%8C%A6%E8%9C%92%E8%9E%BA%20&oid=1636772 HTTP/1.1" 200 3542
66.249.71.121 - - [29/Feb/2016:06:55:47 +0800] "GET /content/nav/relationSubject.jsp?relationWords=%E6%A9%9F%E8%BB%8A%20%E8%92%B8%E6%B1%BD%E6%A9%9F%E8%BB%8A%20%E9%90%B5%E8%B7%AF%E5%B1%80%20&oid=1563107 HTTP/1.1" 200 5281
66.249.71.60 - - [29/Feb/2016:06:55:57 +0800] "GET /content/repository/resource_content.jsp?oid=1109454&queryString=API%20%E5%A4%A9%E8%83%A1%E8%8D%BD%E5%B1%AC%20%E6%A4%8D%E7%89%A9%E7%95%8C%20%E7%B9%96%E5%BD%A2%E7%A7%91%20%E8%8F%B2%E5%B3%B6%E5%A4%A9%E8%83%A1%E8%8D%BD%20%E9%9B%99%E5%AD%90%E8%91%89%E6%A4%8D%E7%89%A9 HTTP/1.1" 200 31494
207.46.13.165 - - [29/Feb/2016:06:56:36 +0800] "GET /content/nav/relationSubject.jsp?relationWords=GIS+%E5%9C%B0%E5%BD%A2%E5%9C%96+%E5%A0%A1%E5%9C%96+%E8%95%83%E5%9C%B0+&oid=16777714 HTTP/1.1" 200 4619
66.249.71.60 - - [29/Feb/2016:06:56:53 +0800] "GET /content/repository/resource_content.jsp?oid=2152330&queryString=%E4%B8%AD%E5%9C%8B%E7%A9%BF%E9%9E%98%E8%8A%B1%20%E6%A4%8D%E7%89%A9%E7%95%8C%20%E7%A9%BF%E9%9E%98%E8%8A%B1%20%E7%A9%BF%E9%9E%98%E8%8A%B1%E5%B1%AC%20%E9%B4%A8%E8%B7%96%E8%8D%89%20%E9%B4%A8%E8%B7%96%E8%8D%89%E7%A7%91 HTTP/1.1" 200 31651
66.249.71.60 - - [29/Feb/2016:06:56:53 +0800] "GET /content/nav/relationSubject.jsp?relationWords=%E6%A4%8D%E7%89%A9%E7%95%8C+%E8%89%BE%E7%B4%8D%E9%A6%99+%E8%89%BE%E7%B4%8D%E9%A6%99%E5%B1%AC+%E8%8F%8A%E7%A7%91+%E8%96%84%E8%91%89+%E8%96%84%E8%91%89%E8%89%BE%E7%B4%8D%E9%A6%99+%E9%9B%99%E5%AD%90%E8%91%89+%E9%9B%99%E5%AD%90%E8%91%89%E6%A4%8D%E7%89%A9+&oid=1106904 HTTP/1.1" 200 3762
66.249.71.60 - - [29/Feb/2016:06:56:55 +0800] "GET /content/nav/relationSubject.jsp?relationWords=%E6%A4%8D%E7%89%A9%E7%95%8C%20%E8%89%BE%E7%B4%8D%E9%A6%99%20%E8%89%BE%E7%B4%8D%E9%A6%99%E5%B1%AC%20%E8%8F%8A%E7%A7%91%20%E8%96%84%E8%91%89%20%E8%96%84%E8%91%89%E8%89%BE%E7%B4%8D%E9%A6%99%20%E9%9B%99%E5%AD%90%E8%91%89%20%E9%9B%99%E5%AD%90%E8%91%89%E6%A4%8D%E7%89%A9%20&oid=1106904 HTTP/1.1" 200 3762
66.249.71.60 - - [29/Feb/2016:06:57:31 +0800] "GET /content/nav/relationSubject.jsp?relationWords=%E7%9C%81%E6%94%BF%E5%BA%9C+%E9%AB%98%E9%9B%84%E5%B8%82+&oid=1568662 HTTP/1.1" 200 4507
66.249.71.60 - - [29/Feb/2016:06:57:39 +0800] "GET /content/nav/relationSubject.jsp?relationWords=%E7%9C%81%E6%94%BF%E5%BA%9C%20%E9%AB%98%E9%9B%84%E5%B8%82%20&oid=1568662 HTTP/1.1" 200 4507
66.249.71.60 - - [29/Feb/2016:06:57:47 +0800] "GET /content/repository/resource_content.jsp?oid=4551109&queryString=%E7%AB%A0%E9%AD%9A%20%E8%88%B9%E8%9B%B8%20%E8%88%B9%E8%9B%B8%E5%B1%AC%20%E9%97%8A%E8%88%B9%E8%9B%B8%20%E9%A0%AD%E8%B6%B3%E7%B6%B1 HTTP/1.1" 200 30099
157.55.39.159 - - [29/Feb/2016:06:58:16 +0800] "GET /content/nav/relationSubject.jsp?relationWords=%E8%A5%BF%E8%9E%BA%E5%A4%A7%E6%A9%8B+&oid=16777581 HTTP/1.1" 200 8161
66.249.74.98 - - [29/Feb/2016:06:58:43 +0800] "GET /digiarch_en/content/repository/resource_content.jsp?oid=696499&queryType=qs&queryString=%E5%B8%8C%E8%87%98 HTTP/1.1" 200 22740
66.249.71.113 - - [29/Feb/2016:06:58:59 +0800] "GET /content/nav/relationSubject.jsp?relationWords=%E5%88%91%E9%83%A8+%E7%BC%BA%E4%BA%8B+&oid=2683667 HTTP/1.1" 200 3145
66.249.71.60 - - [29/Feb/2016:06:59:01 +0800] "GET /content/nav/relationSubject.jsp?relationWords=%E5%85%AC%E5%8B%99%E4%BA%BA%E5%93%A1+%E5%85%AC%E6%95%99%E4%BA%BA%E5%93%A1+%E7%81%A3%E7%9C%81%E6%94%BF%E5%BA%9C+%E7%9C%81%E6%94%BF%E5%BA%9C+%E7%A6%8F%E5%88%A9%E4%BA%92%E5%8A%A9+%E8%87%BA%E7%81%A3%E7%9C%81+%E8%87%BA%E7%81%A3%E7%9C%81%E6%94%BF%E5%BA%9C+&oid=1896067 HTTP/1.1" 200 4847
66.249.71.60 - - [29/Feb/2016:06:59:04 +0800] "GET /content/nav/relationSubject.jsp?relationWords=%E5%85%AC%E5%8B%99%E4%BA%BA%E5%93%A1%20%E5%85%AC%E6%95%99%E4%BA%BA%E5%93%A1%20%E7%81%A3%E7%9C%81%E6%94%BF%E5%BA%9C%20%E7%9C%81%E6%94%BF%E5%BA%9C%20%E7%A6%8F%E5%88%A9%E4%BA%92%E5%8A%A9%20%E8%87%BA%E7%81%A3%E7%9C%81%20%E8%87%BA%E7%81%A3%E7%9C%81%E6%94%BF%E5%BA%9C%20&oid=1896067 HTTP/1.1" 200 4847
66.249.74.59 - - [29/Feb/2016:06:59:08 +0800] "GET /content/nav/relationSubject.jsp?relationWords=%E5%88%91%E9%83%A8%20%E7%BC%BA%E4%BA%8B%20&oid=2683667 HTTP/1.1" 200 3145
66.249.74.98 - - [29/Feb/2016:06:59:38 +0800] "GET /digiarch_en/content/repository/resource_content.jsp?oid=1897846&queryString=%E9%A3%9F%E5%A0%82%20%E9%A4%90%E5%BB%B3%20%E9%AB%98%E9%9B%84%E5%B8%82 HTTP/1.1" 200 24504
68.180.228.187 - - [29/Feb/2016:07:00:21 +0800] "GET /content/subject/resource_content.jsp?oid=16777257&queryType=qc HTTP/1.1" 200 31200
66.249.74.59 - - [29/Feb/2016:07:00:28 +0800] "GET /content/nav/relationSubject.jsp?relationWords=%E5%B0%91%E8%80%99%E8%83%A1%E6%A4%92%E9%AF%9B+%E6%89%93%E9%90%B5%E5%A9%86+%E7%9F%B3%E9%B1%B8+%E8%83%A1%E6%A4%92%E9%AF%9B+%E9%9B%B7%E6%B0%8F+%E9%9B%B7%E6%B0%8F%E7%9F%B3%E9%B1%B8+&oid=15370 HTTP/1.1" 200 3575
66.249.71.113 - - [29/Feb/2016:07:00:30 +0800] "GET /content/nav/relationSubject.jsp?relationWords=%E5%B0%91%E8%80%99%E8%83%A1%E6%A4%92%E9%AF%9B%20%E6%89%93%E9%90%B5%E5%A9%86%20%E7%9F%B3%E9%B1%B8%20%E8%83%A1%E6%A4%92%E9%AF%9B%20%E9%9B%B7%E6%B0%8F%20%E9%9B%B7%E6%B0%8F%E7%9F%B3%E9%B1%B8%20&oid=15370 HTTP/1.1" 200 3575
66.249.71.60 - - [29/Feb/2016:07:00:33 +0800] "GET /content/repository/resource_content.jsp?oid=2682833&queryString=%E5%8F%AC%E5%8D%97%20%E5%AF%A9%E6%93%AC%E7%8E%8B HTTP/1.1" 200 30278
114.198.162.12 - - [29/Feb/2016:07:00:40 +0800] "GET /content/nav/relationSubject.jsp?relationWords=%E7%B4%85%E6%A5%A0+%E8%B1%AC%E8%85%B3%E6%A5%A0+&oid=16777302 HTTP/1.1" 200 3693
66.249.77.97 - - [29/Feb/2016:07:01:26 +0800] "GET /content/nav/relationSubject.jsp?relationWords=%E5%B0%8F%E7%81%B0%E7%8E%89%E8%9E%BA+%E7%8E%89%E8%9E%BA%E5%B1%AC+%E7%8E%89%E8%9E%BA%E7%A7%91+%E7%95%B0%E8%B6%B3%E7%9B%AE+%E8%85%B9%E8%B6%B3%E7%B6%B1+%E8%BB%9F%E9%AB%94%E5%8B%95%E7%89%A9%E9%96%80+&oid=4550205 HTTP/1.1" 200 3352
66.249.71.60 - - [29/Feb/2016:07:01:28 +0800] "GET /content/repository/resource_content.jsp?oid=1521755&queryString=%E4%BC%91%E8%80%95%20%E6%9E%9C%E8%BE%B2 HTTP/1.1" 200 28736
66.249.77.85 - - [29/Feb/2016:07:01:28 +0800] "GET /content/nav/relationSubject.jsp?relationWords=%E5%B0%8F%E7%81%B0%E7%8E%89%E8%9E%BA%20%E7%8E%89%E8%9E%BA%E5%B1%AC%20%E7%8E%89%E8%9E%BA%E7%A7%91%20%E7%95%B0%E8%B6%B3%E7%9B%AE%20%E8%85%B9%E8%B6%B3%E7%B6%B1%20%E8%BB%9F%E9%AB%94%E5%8B%95%E7%89%A9%E9%96%80%20&oid=4550205 HTTP/1.1" 200 3352
66.249.71.105 - - [29/Feb/2016:07:02:16 +0800] "GET /content/nav/relationSubject.jsp?relationWords=%E5%B0%8F%E6%B5%B7%E9%AD%B4+%E6%B5%B7%E9%AD%B4+%E9%AF%9B%E7%A7%91+&oid=1081534 HTTP/1.1" 200 3366
66.249.71.121 - - [29/Feb/2016:07:02:19 +0800] "GET /content/nav/relationSubject.jsp?relationWords=%E5%B0%8F%E6%B5%B7%E9%AD%B4%20%E6%B5%B7%E9%AD%B4%20%E9%AF%9B%E7%A7%91%20&oid=1081534 HTTP/1.1" 200 3366
66.249.71.64 - - [29/Feb/2016:07:03:48 +0800] "GET /content/nav/relationSubject.jsp?relationWords=%E7%95%AB%E7%9C%89+%E7%AC%9B%E9%AF%9B+%E7%AC%9B%E9%AF%9B%E7%A7%91+%E7%B8%B1%E5%B8%B6+%E7%B8%B1%E5%B8%B6%E7%AC%9B%E9%AF%9B+%E8%B5%A4%E6%B5%B7+%E8%B5%A4%E7%AD%86%E4%BB%94+%E9%9B%9E%E9%AD%9A+%E9%AF%9B%E7%A7%91+&oid=4353086 HTTP/1.1" 200 3717
66.249.71.60 - - [29/Feb/2016:07:03:50 +0800] "GET /content/nav/relationSubject.jsp?relationWords=%E7%95%AB%E7%9C%89%20%E7%AC%9B%E9%AF%9B%20%E7%AC%9B%E9%AF%9B%E7%A7%91%20%E7%B8%B1%E5%B8%B6%20%E7%B8%B1%E5%B8%B6%E7%AC%9B%E9%AF%9B%20%E8%B5%A4%E6%B5%B7%20%E8%B5%A4%E7%AD%86%E4%BB%94%20%E9%9B%9E%E9%AD%9A%20%E9%AF%9B%E7%A7%91%20&oid=4353086 HTTP/1.1" 200 3717
220.181.108.111 - - [29/Feb/2016:07:04:09 +0800] "GET /content/subject/resource_content.jsp?oid=16777267 HTTP/1.1" 200 38929
66.249.71.60 - - [29/Feb/2016:07:04:45 +0800] "GET /content/nav/relationSubject.jsp?relationWords=%E5%A4%A9%E6%81%A9+%E5%A4%A9%E6%81%A9%E4%BA%8B+%E6%81%AD%E8%AC%9D%E5%A4%A9%E6%81%A9+%E7%B8%BD%E5%85%B5%E5%AE%98+&oid=2545390 HTTP/1.1" 200 3288
66.249.71.60 - - [29/Feb/2016:07:04:48 +0800] "GET /content/nav/relationSubject.jsp?relationWords=%E5%A4%A9%E6%81%A9%20%E5%A4%A9%E6%81%A9%E4%BA%8B%20%E6%81%AD%E8%AC%9D%E5%A4%A9%E6%81%A9%20%E7%B8%BD%E5%85%B5%E5%AE%98%20&oid=2545390 HTTP/1.1" 200 3288
66.249.71.60 - - [29/Feb/2016:07:04:51 +0800] "GET /content/tmp_tec/resource_content.jsp?oid=16777728 HTTP/1.1" 200 58613
141.8.132.82 - - [29/Feb/2016:07:05:07 +0800] "GET /content/repository/resource_content.jsp?oid=3819630&queryString=%E8%8B%A6%E8%8B%93 HTTP/1.1" 200 31683
66.249.71.64 - - [29/Feb/2016:07:06:45 +0800] "GET /content/nav/relationSubject.jsp?relationWords=%E4%BA%BA%E5%90%8D%E6%AC%8A%E5%A8%81+%E5%85%8D%E9%81%A3%E6%95%B5%E5%83%91+%E5%85%8D%E9%81%A3%E6%95%B5%E5%83%91%E4%BA%8B+%E5%A4%96%E4%BA%A4%E9%83%A8+%E6%95%B5%E5%83%91+&oid=734145 HTTP/1.1" 200 3696
66.249.71.64 - - [29/Feb/2016:07:06:49 +0800] "GET /content/nav/relationSubject.jsp?relationWords=%E4%BA%BA%E5%90%8D%E6%AC%8A%E5%A8%81%20%E5%85%8D%E9%81%A3%E6%95%B5%E5%83%91%20%E5%85%8D%E9%81%A3%E6%95%B5%E5%83%91%E4%BA%8B%20%E5%A4%96%E4%BA%A4%E9%83%A8%20%E6%95%B5%E5%83%91%20&oid=734145 HTTP/1.1" 200 3696
66.249.74.59 - - [29/Feb/2016:07:07:10 +0800] "GET /content/nav/relationSubject.jsp?relationWords=%E6%9D%9C%E9%A6%99+%E6%9D%9C%E9%A6%99%E5%9C%8B+%E6%9D%BE%E4%BA%95+%E6%9D%BE%E4%BA%95%E6%88%BF%E5%90%89%E5%95%86%E5%BA%97+&oid=1887555 HTTP/1.1" 200 3272
66.249.71.105 - - [29/Feb/2016:07:07:14 +0800] "GET /content/nav/relationSubject.jsp?relationWords=%E6%9D%9C%E9%A6%99%20%E6%9D%9C%E9%A6%99%E5%9C%8B%20%E6%9D%BE%E4%BA%95%20%E6%9D%BE%E4%BA%95%E6%88%BF%E5%90%89%E5%95%86%E5%BA%97%20&oid=1887555 HTTP/1.1" 200 3272
66.249.71.72 - - [29/Feb/2016:07:07:52 +0800] "GET /content/nav/relationSubject.jsp?relationWords=%E4%B9%BE%E5%9D%A4+%E6%B4%AA%E6%B3%89+%E7%9A%87%E6%A5%B5+%E7%A2%A3%E9%8A%98+%E7%AF%86%E6%9B%B8+%E9%99%B3%E8%84%A9+&oid=1810787 HTTP/1.1" 200 3319
66.249.71.60 - - [29/Feb/2016:07:07:54 +0800] "GET /content/nav/relationSubject.jsp?relationWords=%E4%B9%BE%E5%9D%A4%20%E6%B4%AA%E6%B3%89%20%E7%9A%87%E6%A5%B5%20%E7%A2%A3%E9%8A%98%20%E7%AF%86%E6%9B%B8%20%E9%99%B3%E8%84%A9%20&oid=1810787 HTTP/1.1" 200 3319
66.249.71.60 - - [29/Feb/2016:07:07:59 +0800] "GET /content/nav/relationSubject.jsp?relationWords=%E5%8D%B0%E9%91%91+%E5%8D%B0%E9%91%91%E7%99%BB%E8%A8%98+%E7%81%A3%E7%9C%81%E6%94%BF%E5%BA%9C+%E7%9C%81%E6%94%BF%E5%BA%9C+%E8%87%BA%E7%81%A3%E7%9C%81+%E8%87%BA%E7%81%A3%E7%9C%81%E6%94%BF%E5%BA%9C+&oid=1896312 HTTP/1.1" 200 4752
66.249.77.97 - - [29/Feb/2016:07:08:01 +0800] "GET /content/nav/relationSubject.jsp?relationWords=%E6%9D%9C%E9%B5%91+%E6%9D%9C%E9%B5%91%E8%8A%B1+%E6%9D%9C%E9%B5%91%E8%8A%B1%E5%B1%AC+&oid=1462433 HTTP/1.1" 200 4805
66.249.71.64 - - [29/Feb/2016:07:08:02 +0800] "GET /content/nav/relationSubject.jsp?relationWords=%E5%8D%B0%E9%91%91%20%E5%8D%B0%E9%91%91%E7%99%BB%E8%A8%98%20%E7%81%A3%E7%9C%81%E6%94%BF%E5%BA%9C%20%E7%9C%81%E6%94%BF%E5%BA%9C%20%E8%87%BA%E7%81%A3%E7%9C%81%20%E8%87%BA%E7%81%A3%E7%9C%81%E6%94%BF%E5%BA%9C%20&oid=1896312 HTTP/1.1" 200 4752
66.249.77.97 - - [29/Feb/2016:07:08:03 +0800] "GET /content/nav/relationSubject.jsp?relationWords=%E6%9D%9C%E9%B5%91%20%E6%9D%9C%E9%B5%91%E8%8A%B1%20%E6%9D%9C%E9%B5%91%E8%8A%B1%E5%B1%AC%20&oid=1462433 HTTP/1.1" 200 4805
66.249.71.60 - - [29/Feb/2016:07:09:06 +0800] "GET /content/nav/relationSubject.jsp?relationWords=%E7%89%B9%E5%AE%9A%E5%8D%80+%E8%87%BA%E4%B8%AD%E6%B8%AF+&oid=1622072 HTTP/1.1" 200 4757
66.249.74.59 - - [29/Feb/2016:07:09:18 +0800] "GET /content/nav/relationSubject.jsp?relationWords=%E5%85%A7%E5%8B%99%E5%BA%9C+%E5%85%A7%E5%8B%99%E5%BA%9C%E5%A4%A7%E8%87%A3+%E5%90%8F%E9%83%A8+%E5%A4%A7%E8%87%A3%E4%BA%8B+%E5%B7%A5%E9%83%A8+&oid=2681781 HTTP/1.1" 200 3316
66.249.71.121 - - [29/Feb/2016:07:09:22 +0800] "GET /content/nav/relationSubject.jsp?relationWords=%E5%85%A7%E5%8B%99%E5%BA%9C%20%E5%85%A7%E5%8B%99%E5%BA%9C%E5%A4%A7%E8%87%A3%20%E5%90%8F%E9%83%A8%20%E5%A4%A7%E8%87%A3%E4%BA%8B%20%E5%B7%A5%E9%83%A8%20&oid=2681781 HTTP/1.1" 200 3316
101.226.167.195 - - [29/Feb/2016:07:10:28 +0800] "GET /digiarch3/content/subject/resource_content.jsp?oid=16777331&queryType=qc HTTP/1.1" 200 32086
66.249.71.60 - - [29/Feb/2016:07:11:30 +0800] "GET /content/nav/relationSubject.jsp?relationWords=%E5%8B%92%E4%BC%91+%E5%90%8F%E9%83%A8+&oid=2657349 HTTP/1.1" 200 3136
66.249.74.100 - - [29/Feb/2016:07:11:34 +0800] "GET /content/repository/resource_content.jsp?oid=2595385 HTTP/1.1" 200 29433
66.249.71.60 - - [29/Feb/2016:07:11:36 +0800] "GET /content/nav/relationSubject.jsp?relationWords=%E5%8B%92%E4%BC%91%20%E5%90%8F%E9%83%A8%20&oid=2657349 HTTP/1.1" 200 3136
207.46.13.110 - - [29/Feb/2016:07:12:13 +0800] "GET /content/nav/relationSubject.jsp?relationWords=%E7%8F%8A%E7%91%9A%E5%88%BA%E6%A1%90+&oid=16777333 HTTP/1.1" 200 2149
66.249.71.60 - - [29/Feb/2016:07:12:29 +0800] "GET /content/repository/resource_content.jsp?oid=1877260 HTTP/1.1" 200 29128
66.249.71.60 - - [29/Feb/2016:07:13:24 +0800] "GET /content/repository/resource_content.jsp?oid=14779&queryString=%E5%88%80%E9%AD%9A%20%E7%A7%8B%E5%88%80%E9%AD%9A HTTP/1.1" 200 34752
207.46.13.110 - - [29/Feb/2016:07:13:40 +0800] "GET /content/nav/relationSubject.jsp?relationWords=%E5%BE%B5%E5%85%B5+%E8%98%87%E8%8A%B1+&oid=16777359 HTTP/1.1" 200 3629
66.249.71.60 - - [29/Feb/2016:07:14:19 +0800] "GET /content/repository/resource_content.jsp?oid=14350&queryString=%E5%88%80%E9%AD%9A%20%E7%A7%8B%E5%88%80%E9%AD%9A HTTP/1.1" 200 34606
66.249.71.60 - - [29/Feb/2016:07:14:19 +0800] "GET /content/nav/relationSubject.jsp?relationWords=%E5%BB%A3%E6%92%AD+%E6%AD%8C%E4%BB%94%E6%88%B2+%E9%9B%BB%E8%A6%96%E5%8F%B0+&oid=1588295 HTTP/1.1" 200 11089
66.249.71.60 - - [29/Feb/2016:07:14:25 +0800] "GET /content/nav/relationSubject.jsp?relationWords=%E5%BB%A3%E6%92%AD%20%E6%AD%8C%E4%BB%94%E6%88%B2%20%E9%9B%BB%E8%A6%96%E5%8F%B0%20&oid=1588295 HTTP/1.1" 200 11089
101.12.167.187 - - [29/Feb/2016:07:14:37 +0800] "GET /content/nav/relationSubject.jsp?relationWords=%E6%9C%A8%E7%8A%80+%E6%A1%82%E8%8A%B1+&oid=16777255 HTTP/1.1" 200 4029
66.249.71.113 - - [29/Feb/2016:07:15:17 +0800] "GET /content/nav/relationSubject.jsp?relationWords=%E5%8F%B0%E7%81%A3%E5%8E%9F%E4%BD%8F%E6%B0%91+%E5%B0%91%E6%95%B8%E6%B0%91%E6%97%8F+&oid=1774707 HTTP/1.1" 200 8487
66.249.71.121 - - [29/Feb/2016:07:15:19 +0800] "GET /content/nav/relationSubject.jsp?relationWords=%E5%8F%B0%E7%81%A3%E5%8E%9F%E4%BD%8F%E6%B0%91%20%E5%B0%91%E6%95%B8%E6%B0%91%E6%97%8F%20&oid=1774707 HTTP/1.1" 200 8487
66.249.71.64 - - [29/Feb/2016:07:16:09 +0800] "GET /content/repository/resource_content.jsp?oid=2686399&queryString=%E5%BB%A2%E5%93%A1 HTTP/1.1" 200 30223
66.249.79.30 - - [29/Feb/2016:07:16:31 +0800] "GET /content/subject/resource_content.jsp?oid=16797271&queryType=qc HTTP/1.1" 200 55170
66.249.71.64 - - [29/Feb/2016:07:17:04 +0800] "GET /content/repository/resource_content.jsp?oid=1897846&queryString=%E5%98%89%E7%BE%A9%E7%B8%A3%E8%AD%B0%E6%9C%83%20%E5%9C%9F%E5%9C%B0%E9%8A%80%E8%A1%8C%20%E8%87%BA%E7%81%A3%E7%9C%81%E6%94%BF%E5%BA%9C%20%E8%B2%B8%E6%AC%BE HTTP/1.1" 200 30658
66.249.71.64 - - [29/Feb/2016:07:17:12 +0800] "GET /content/nav/relationSubject.jsp?relationWords=%E7%9C%81%E6%94%BF%E5%BA%9C+%E7%B8%A3%E8%AD%B0%E6%9C%83+%E8%87%BA%E5%8C%97%E7%B8%A3+%E8%87%BA%E5%8C%97%E7%B8%A3%E8%AD%B0%E6%9C%83+&oid=1522717 HTTP/1.1" 200 4637
66.249.71.60 - - [29/Feb/2016:07:17:16 +0800] "GET /content/nav/relationSubject.jsp?relationWords=%E7%9C%81%E6%94%BF%E5%BA%9C%20%E7%B8%A3%E8%AD%B0%E6%9C%83%20%E8%87%BA%E5%8C%97%E7%B8%A3%20%E8%87%BA%E5%8C%97%E7%B8%A3%E8%AD%B0%E6%9C%83%20&oid=1522717 HTTP/1.1" 200 4637
66.249.71.60 - - [29/Feb/2016:07:18:00 +0800] "GET /content/repository/resource_content.jsp?oid=1899580&queryString=%E6%9E%97%E5%8B%99%E5%B1%80%20%E6%A1%82%E7%AB%B9%20%E8%BE%B2%E6%9E%97%E9%A1%9E HTTP/1.1" 200 30833
66.249.71.60 - - [29/Feb/2016:07:18:01 +0800] "GET /content/nav/relationSubject.jsp?relationWords=%E6%89%80%E5%BE%97%E7%A8%85+%E7%9C%81%E6%94%BF%E5%BA%9C+%E7%9C%81%E8%AD%B0%E6%9C%83+%E7%A8%85%E6%B3%95+%E8%87%A8%E6%99%82%E7%9C%81%E8%AD%B0%E6%9C%83+%E8%87%BA%E7%81%A3%E7%9C%81+%E8%94%A1%E9%8C%A6%E6%A3%9F+%E9%83%AD%E7%9F%B3+%E9%83%AD%E7%9F%B3%E9%A0%AD+&oid=1527038 HTTP/1.1" 200 5687
66.249.71.60 - - [29/Feb/2016:07:18:07 +0800] "GET /content/nav/relationSubject.jsp?relationWords=%E6%89%80%E5%BE%97%E7%A8%85%20%E7%9C%81%E6%94%BF%E5%BA%9C%20%E7%9C%81%E8%AD%B0%E6%9C%83%20%E7%A8%85%E6%B3%95%20%E8%87%A8%E6%99%82%E7%9C%81%E8%AD%B0%E6%9C%83%20%E8%87%BA%E7%81%A3%E7%9C%81%20%E8%94%A1%E9%8C%A6%E6%A3%9F%20%E9%83%AD%E7%9F%B3%20%E9%83%AD%E7%9F%B3%E9%A0%AD%20&oid=1527038 HTTP/1.1" 200 5687
66.249.71.60 - - [29/Feb/2016:07:18:10 +0800] "GET /content/nav/relationSubject.jsp?relationWords=%E6%B1%90%E6%AD%A2%E9%8E%AE+%E8%87%BA%E5%8C%97%E7%B8%A3+%E9%95%B7%E5%AE%89%E9%87%8C+&oid=1622271 HTTP/1.1" 200 5260
66.249.71.60 - - [29/Feb/2016:07:18:14 +0800] "GET /content/nav/relationSubject.jsp?relationWords=%E6%B1%90%E6%AD%A2%E9%8E%AE%20%E8%87%BA%E5%8C%97%E7%B8%A3%20%E9%95%B7%E5%AE%89%E9%87%8C%20&oid=1622271 HTTP/1.1" 200 5260
66.249.71.60 - - [29/Feb/2016:07:18:55 +0800] "GET /content/repository/resource_content.jsp?oid=14778&queryString=%E5%88%80%E9%AD%9A%20%E7%A7%8B%E5%88%80%E9%AD%9A HTTP/1.1" 200 35173
1.162.74.22 - - [29/Feb/2016:07:19:03 +0800] "GET /content/nav/relationSubject.jsp?relationWords=%E7%A9%97%E8%8A%B1%E5%B1%B1%E5%A5%88+%E9%87%8E%E8%96%91%E8%8A%B1+&oid=16777263 HTTP/1.1" 200 3284
66.249.71.60 - - [29/Feb/2016:07:19:08 +0800] "GET /content/nav/relationSubject.jsp?relationWords=%E5%A4%A7%E9%9B%85%E9%84%89+%E7%9C%81%E9%81%93+%E8%87%BA%E4%B8%AD%E6%B8%AF+%E9%83%BD%E5%B8%82%E8%A8%88%E7%95%AB+&oid=1626941 HTTP/1.1" 200 3287
