66.249.71.107 - - [06/Jun/2015:18:33:54 +0800] "GET /content/repository/resource_content.jsp?oid=1893683 HTTP/1.1" 200 28401
180.76.15.24 - - [06/Jun/2015:18:33:56 +0800] "GET /content/subject/resource_content.jsp?oid=16777312&queryType=qc HTTP/1.1" 200 28136
66.249.71.141 - - [06/Jun/2015:18:35:50 +0800] "GET /content/repository/resource_content.jsp?oid=1115757 HTTP/1.1" 200 29433
66.249.71.236 - - [06/Jun/2015:18:37:08 +0800] "GET /content/nav/relationSubject.jsp?relationWords=%E5%8B%9E%E8%BB%8D+%E5%B8%82%E5%85%AC%E6%89%80+%E5%BD%B0%E5%8C%96%E5%B8%82+%E8%A8%B1%E7%85%8C+&oid=1522469 HTTP/1.1" 200 4698
66.249.71.15 - - [06/Jun/2015:18:37:10 +0800] "GET /content/nav/relationSubject.jsp?relationWords=%E5%8B%9E%E8%BB%8D%20%E5%B8%82%E5%85%AC%E6%89%80%20%E5%BD%B0%E5%8C%96%E5%B8%82%20%E8%A8%B1%E7%85%8C%20&oid=1522469 HTTP/1.1" 200 4698
66.249.71.124 - - [06/Jun/2015:18:37:42 +0800] "GET /content/repository/resource_content.jsp?oid=2144923 HTTP/1.1" 200 30891
66.249.71.141 - - [06/Jun/2015:18:39:35 +0800] "GET /digiarch_en/content/repository/resource_content.jsp?oid=2470641&queryString=%E6%A0%A1%E5%8F%8B%E6%9C%83%20%E8%87%BA%E7%81%A3%E7%B8%BD%E7%9D%A3%E5%BA%9C%20%E9%9B%9C%E8%AA%8C HTTP/1.1" 200 24476
66.249.79.72 - - [06/Jun/2015:18:39:56 +0800] "GET /content/nav/relationSubject.jsp?relationWords=%E4%BA%A4%E6%B6%89%E5%93%A1+%E4%BA%BA%E5%90%8D%E6%AC%8A%E5%A8%81+%E5%A4%96%E4%BA%A4%E9%83%A8+%E5%AF%A9%E5%88%A4+%E7%A5%88%E9%80%9F+&oid=709634 HTTP/1.1" 200 3663
66.249.71.236 - - [06/Jun/2015:18:39:57 +0800] "GET /content/nav/relationSubject.jsp?relationWords=%E4%BA%A4%E6%B6%89%E5%93%A1%20%E4%BA%BA%E5%90%8D%E6%AC%8A%E5%A8%81%20%E5%A4%96%E4%BA%A4%E9%83%A8%20%E5%AF%A9%E5%88%A4%20%E7%A5%88%E9%80%9F%20&oid=709634 HTTP/1.1" 200 3663
66.249.71.26 - - [06/Jun/2015:18:41:34 +0800] "GET /content/repository/resource_content.jsp?oid=1081663&queryType=qs&queryString=%E7%99%BD%E5%B8%B6%E9%AD%9A HTTP/1.1" 200 34890
66.249.71.124 - - [06/Jun/2015:18:41:54 +0800] "GET /content/nav/relationSubject.jsp?relationWords=%E8%BE%B2%E7%94%A2+&oid=1565800 HTTP/1.1" 200 4221
157.55.39.101 - - [06/Jun/2015:18:41:54 +0800] "GET /content/subject/resource_content.jsp?oid=16777736&queryType=qc HTTP/1.1" 200 43184
66.249.71.141 - - [06/Jun/2015:18:41:56 +0800] "GET /content/nav/relationSubject.jsp?relationWords=%E8%BE%B2%E7%94%A2%20&oid=1565800 HTTP/1.1" 200 4221
61.18.252.224 - - [06/Jun/2015:18:42:28 +0800] "GET /content/nav/relationSubject.jsp?relationWords=&oid=16777576 HTTP/1.1" 200 1405
207.46.13.56 - - [06/Jun/2015:18:42:39 +0800] "GET /content/subject/resource_content.jsp?oid=16777330&queryType=qc HTTP/1.1" 200 30462
66.249.71.79 - - [06/Jun/2015:18:42:42 +0800] "GET /content/nav/relationSubject.jsp?relationWords=%E5%8F%83%E7%9F%A5+&oid=2511022 HTTP/1.1" 200 3027
66.249.71.62 - - [06/Jun/2015:18:42:44 +0800] "GET /content/nav/relationSubject.jsp?relationWords=%E5%8F%83%E7%9F%A5%20&oid=2511022 HTTP/1.1" 200 3027
157.55.39.101 - - [06/Jun/2015:18:42:49 +0800] "GET /content/subject/resource_content.jsp?oid=16777736&queryType=qc HTTP/1.1" 200 43184
207.46.13.56 - - [06/Jun/2015:18:43:17 +0800] "GET /content/subject/resource_content.jsp?oid=16777330&queryType=qc HTTP/1.1" 200 30462
124.9.113.253 - - [06/Jun/2015:18:43:23 +0800] "GET /content/nav/relationSubject.jsp?relationWords=&oid=16777341 HTTP/1.1" 200 1405
66.249.71.141 - - [06/Jun/2015:18:43:32 +0800] "GET /content/repository/resource_content.jsp?oid=1875693 HTTP/1.1" 200 29760
207.46.13.56 - - [06/Jun/2015:18:44:14 +0800] "GET /content/subject/resource_content.jsp?oid=16777741&queryType=qc HTTP/1.1" 200 53538
219.70.196.23 - - [06/Jun/2015:18:44:15 +0800] "GET /content/subject/resource_content.jsp?oid=16777253&queryString=%E7%A0%94%E8%A8%8E%E6%9C%83%20%E7%A4%BE%E6%9C%83%E5%AD%B8 HTTP/1.1" 200 26306
219.70.196.23 - - [06/Jun/2015:18:44:16 +0800] "GET /content/nav/relationSubject.jsp?relationWords=%E7%A0%94%E8%A8%8E%E6%9C%83+&oid=16777253 HTTP/1.1" 200 5097
66.249.71.62 - - [06/Jun/2015:18:44:50 +0800] "GET /content/repository/resource_content.jsp?oid=1611528&queryType=qs&queryString=%E5%9C%8B%E8%B1%90 HTTP/1.1" 200 36311
220.181.108.140 - - [06/Jun/2015:18:45:00 +0800] "GET /content/repository/resource_content.jsp?oid=2148787 HTTP/1.1" 200 31003
175.96.228.195 - - [06/Jun/2015:18:45:30 +0800] "GET /content/nav/relationSubject.jsp?relationWords=%E5%8D%83%E5%B9%B4%E6%A1%90+%E6%A1%90%E8%8A%B1+%E6%B2%B9%E6%A1%90+&oid=16777599 HTTP/1.1" 200 3738
123.125.71.107 - - [06/Jun/2015:18:46:09 +0800] "GET /content/repository/resource_content.jsp?oid=1109990 HTTP/1.1" 200 30196
157.55.39.101 - - [06/Jun/2015:18:47:00 +0800] "GET /content/repository/resource_content.jsp?oid=15208&queryString=%E5%8D%B0%E4%BB%94%E9%AD%9A HTTP/1.1" 200 33866
207.46.13.56 - - [06/Jun/2015:18:47:14 +0800] "GET /content/subject/resource_content.jsp?oid=16777764&queryType=qc HTTP/1.1" 200 40791
66.249.79.32 - - [06/Jun/2015:18:47:19 +0800] "GET /content/nav/relationSubject.jsp?relationWords=%E5%B1%85%E5%BB%B6%E6%BC%A2%E7%B0%A1+%E6%BC%A2%E7%B0%A1+&oid=291557 HTTP/1.1" 200 3898
66.249.71.124 - - [06/Jun/2015:18:47:23 +0800] "GET /content/nav/relationSubject.jsp?relationWords=%E5%B1%85%E5%BB%B6%E6%BC%A2%E7%B0%A1%20%E6%BC%A2%E7%B0%A1%20&oid=291557 HTTP/1.1" 200 3898
207.46.13.56 - - [06/Jun/2015:18:47:26 +0800] "GET /content/subject/resource_content.jsp?oid=16777640&queryType=qc HTTP/1.1" 200 62277
66.249.71.107 - - [06/Jun/2015:18:47:34 +0800] "GET /content/repository/resource_content.jsp?oid=17764 HTTP/1.1" 200 29760
66.249.79.45 - - [06/Jun/2015:18:47:35 +0800] "GET /content/nav/relationSubject.jsp?relationWords=%E4%B8%83%E5%BA%9C%E4%BA%BA+%E6%95%88%E7%8E%87+%E6%95%88%E7%8E%87%E6%A1%88+%E9%84%89%E9%8E%AE%E9%95%B7+&oid=1636613 HTTP/1.1" 200 4109
66.249.71.141 - - [06/Jun/2015:18:47:36 +0800] "GET /content/nav/relationSubject.jsp?relationWords=%E4%B8%83%E5%BA%9C%E4%BA%BA%20%E6%95%88%E7%8E%87%20%E6%95%88%E7%8E%87%E6%A1%88%20%E9%84%89%E9%8E%AE%E9%95%B7%20&oid=1636613 HTTP/1.1" 200 4109
123.125.71.83 - - [06/Jun/2015:18:48:26 +0800] "GET /content/subject/resource_content.jsp?oid=16777513 HTTP/1.1" 200 28614
157.55.39.63 - - [06/Jun/2015:18:48:40 +0800] "GET /content/subject/resource_content.jsp?oid=16777457&queryType=qc HTTP/1.1" 200 29741
157.55.39.63 - - [06/Jun/2015:18:48:41 +0800] "GET /content/subject/resource_content.jsp?oid=16777448&queryType=qc HTTP/1.1" 200 34545
66.249.71.141 - - [06/Jun/2015:18:49:39 +0800] "GET /content/nav/relationSubject.jsp?relationWords=&oid=1542038 HTTP/1.1" 200 1405
14.39.25.113 - - [06/Jun/2015:18:49:47 +0800] "GET /content/repository/resource_content.jsp?oid=1811845 HTTP/1.1" 200 28548
14.39.25.113 - - [06/Jun/2015:18:49:51 +0800] "GET /content/nav/relationSubject.jsp?relationWords=&oid=1811845 HTTP/1.1" 200 1405
123.125.71.95 - - [06/Jun/2015:18:50:45 +0800] "GET /content/repository/resource_content.jsp?oid=2148515 HTTP/1.1" 200 31272
61.230.216.234 - - [06/Jun/2015:18:51:09 +0800] "GET /content/nav/relationSubject.jsp?relationWords=%E6%B0%B4%E9%BB%83%E7%9A%AE+&oid=16777535 HTTP/1.1" 200 3630
66.249.71.15 - - [06/Jun/2015:18:51:39 +0800] "GET /content/repository/resource_content.jsp?oid=4351705&queryString=%E5%B7%B4%E6%8B%89%E5%BA%AB%E7%AD%94%20%E5%B8%83%E6%B0%8F%E9%87%91%E6%A2%AD%E9%AD%9A%20%E6%A2%AD%E9%AD%9A%20%E7%AB%B9%E6%A2%AD%20%E9%87%91%E6%A2%AD%20%E9%87%91%E6%A2%AD%E9%AD%9A HTTP/1.1" 200 33848
66.249.71.141 - - [06/Jun/2015:18:52:55 +0800] "GET /mobile/content/subject/resource_content.jsp?oid=16777295&queryString=%E7%A9%97%E8%8A%B1%E5%B1%B1%E5%A5%88%20%E9%87%8E%E8%96%91%E8%8A%B1 HTTP/1.1" 404 14873
66.249.71.62 - - [06/Jun/2015:18:52:56 +0800] "GET /content/nav/relationSubject.jsp?relationWords=%E4%B8%AD%E8%88%88%E6%96%B0%E6%9D%91%20%E4%B8%AD%E8%88%88%E7%B4%99%E6%A5%AD%20%E4%BA%BA%E5%A3%BD%E4%BF%9D%E9%9A%AA%20%E4%BF%9D%E9%9A%AA%20%E4%BF%A1%E8%A8%97%20%E4%BF%A1%E8%A8%97%E6%8A%95%E8%B3%87%E5%85%AC%E5%8F%B8%20%E5%84%B2%E8%93%84%20%E5%85%AD%E5%A0%B5%E5%B7%A5%E6%A5%AD%E5%8D%80%20%E5%94%90%E6%A6%AE%20%E5%95%86%E6%A5%AD%E9%8A%80%E8%A1%8C%20%E5%9C%8B%E8%B1%90%20%E5%9C%9F%E5%9C%B0%E9%96%8B%E7%99%BC%20%E5%A0%B1%E5%91%8A%E8%A9%9E%20%E5%AE%B6%E9%8A%98%20%E5%AF%B6%E6%88%90%20%E5%BB%89%E6%B3%89%20%E5%BD%B0%E5%8C%96%E5%95%86%E6%A5%AD%E9%8A%80%E8%A1%8C%20%E5%BE%A9%E8%88%88%E7%B4%A1%E7%B9%94%E5%85%AC%E5%8F%B8%20%E6%96%B0%E7%94%9F%E5%A0%B1%20%E6%99%BA%E6%98%8E%20%E6%9B%BE%E6%96%87%E6%B0%B4%E5%BA%AB%20%E6%9C%83%E8%AD%B0%E7%B4%80%E9%8C%84%20%E6%9E%97%E5%8B%99%E5%B1%80%20%E6%9E%97%E6%BF%B1%20%E6%A2%A8%E5%B1%B1%20%E6%AD%A6%E9%9B%84%20%E6%BE%84%E6%B8%85%E6%B9%96%20%E7%89%A9%E8%B3%87%E5%B1%80%20%E7%94%A2%E7%89%A9%E4%BF%9D%E9%9A%AA%20%E7%99%BD%E8%99%B9%20%E7%9F%B3%E9%96%80%E5%8D%80%20%E7%9F%B3%E9%96%80%E6%B0%B4%E5%BA%AB%20%E7%9F%B3%E9%9D%92%20%E7%A1%AB%E9%85%B8%20%E7%A1%AB%E9%85%B8%E9%8C%8F%20%E7%B3%A7%E9%A3%9F%E5%B1%80%20%E8%87%AA%E4%BE%86%E6%B0%B4%20%E8%87%AA%E4%BE%86%E6%B0%B4%E5%BB%A0%20%E8%87%BA%E7%81%A3%E4%BA%BA%E5%A3%BD%20%E8%87%BA%E7%81%A3%E6%9B%B8%E5%BA%97%20%E9%87%91%E5%B7%9D%20%E9%90%B5%E5%B7%A5%E5%BB%A0%20%E9%95%B7%E5%B2%B3%20%E9%95%B7%E6%AD%A6%20%E9%95%B7%E6%B8%85%20%E9%95%B7%E7%9F%B3%20%E9%95%B7%E9%A0%86%20%E9%A0%AD%E4%BB%BD%20%E9%A8%B0%E7%99%BC%20&oid=1611528 HTTP/1.1" 200 6058
157.55.39.101 - - [06/Jun/2015:18:53:13 +0800] "GET /content/tmp_auth/resource_content.jsp?oid=16777758 HTTP/1.1" 200 25317
66.249.79.106 - - [06/Jun/2015:18:53:39 +0800] "GET /content/nav/relationSubject.jsp?relationWords=%E5%90%8F%E9%83%A8+&oid=2629343 HTTP/1.1" 200 3101
66.249.79.45 - - [06/Jun/2015:18:53:43 +0800] "GET /content/repository/resource_content.jsp?oid=2638690 HTTP/1.1" 200 30106
207.46.13.56 - - [06/Jun/2015:18:54:13 +0800] "GET /content/subject/resource_content.jsp?oid=16777463&queryType=qc HTTP/1.1" 200 28411
1.162.58.230 - - [06/Jun/2015:18:55:01 +0800] "GET /content/nav/relationSubject.jsp?relationWords=&oid=16777576 HTTP/1.1" 200 1405
114.41.63.72 - - [06/Jun/2015:18:55:07 +0800] "GET /content/subject/resource_content.jsp?oid=16777331&queryString=%E7%83%8F%E5%BF%83%E7%9F%B3%20%E9%B1%B8%E9%B0%BB HTTP/1.1" 200 31991
114.41.63.72 - - [06/Jun/2015:18:55:10 +0800] "GET /content/nav/relationSubject.jsp?relationWords=%E7%83%8F%E5%BF%83%E7%9F%B3+&oid=16777331 HTTP/1.1" 200 3897
114.41.63.72 - - [06/Jun/2015:18:55:38 +0800] "GET /content/subject/resource_content.jsp?oid=16777303&queryString=Q???? HTTP/1.1" 500 15712
114.41.63.72 - - [06/Jun/2015:18:55:42 +0800] "GET /content/repository/resource_content.jsp?oid=2152670&queryString=Q???? HTTP/1.1" 500 15712
66.249.71.141 - - [06/Jun/2015:18:55:45 +0800] "GET /content/repository/resource_content.jsp?oid=1614419 HTTP/1.1" 200 29922
66.249.71.141 - - [06/Jun/2015:18:58:11 +0800] "GET /content/nav/relationSubject.jsp?relationWords=%E5%AD%97%E5%83%B9+&oid=2675724 HTTP/1.1" 200 3093
66.249.71.107 - - [06/Jun/2015:18:58:13 +0800] "GET /content/nav/relationSubject.jsp?relationWords=%E5%AD%97%E5%83%B9%20&oid=2675724 HTTP/1.1" 200 3093
207.46.13.56 - - [06/Jun/2015:18:58:49 +0800] "GET /content/subject/resource_content.jsp?oid=16777411&queryType=qc HTTP/1.1" 200 36978
66.249.71.107 - - [06/Jun/2015:19:00:14 +0800] "GET /mobile/content/repository/resource_content.jsp?oid=1459994 HTTP/1.1" 404 14873
217.69.133.4 - - [06/Jun/2015:19:00:28 +0800] "GET /content/subject/resource_content.jsp?oid=16797282&queryType=qc HTTP/1.1" 200 78849
207.46.13.43 - - [06/Jun/2015:19:01:57 +0800] "GET /content/subject/resource_content.jsp?oid=16797242&queryType=qc HTTP/1.1" 200 46766
66.249.71.9 - - [06/Jun/2015:19:01:57 +0800] "GET /digiarch3/content/subject/resource_content.jsp?oid=16777304&queryString= HTTP/1.1" 200 36943
66.249.71.107 - - [06/Jun/2015:19:02:07 +0800] "GET /content/nav/relationSubject.jsp?relationWords=%E5%95%86%E8%89%B1%E6%A1%88+%E5%AE%A2%E9%81%8B+%E6%9E%97%E7%A6%8F%E5%9C%B0+%E6%A4%8D%E6%B0%91+%E6%B0%91%E9%9B%84+%E7%9C%81%E6%94%BF%E5%BA%9C+%E8%91%A3%E4%BA%8B%E9%95%B7+%E8%98%87%E5%95%86%E8%89%B1+%E8%BB%8A%E7%A6%8D+&oid=1532605 HTTP/1.1" 200 4797
66.249.71.124 - - [06/Jun/2015:19:02:08 +0800] "GET /content/nav/relationSubject.jsp?relationWords=%E5%95%86%E8%89%B1%E6%A1%88%20%E5%AE%A2%E9%81%8B%20%E6%9E%97%E7%A6%8F%E5%9C%B0%20%E6%A4%8D%E6%B0%91%20%E6%B0%91%E9%9B%84%20%E7%9C%81%E6%94%BF%E5%BA%9C%20%E8%91%A3%E4%BA%8B%E9%95%B7%20%E8%98%87%E5%95%86%E8%89%B1%20%E8%BB%8A%E7%A6%8D%20&oid=1532605 HTTP/1.1" 200 4797
207.46.13.43 - - [06/Jun/2015:19:02:46 +0800] "GET /content/subject/resource_content.jsp?oid=16777805&queryType=qc HTTP/1.1" 200 35103
1.160.26.13 - - [06/Jun/2015:19:03:12 +0800] "GET /content/nav/relationSubject.jsp?relationWords=%E9%9D%92%E5%89%9B+%E9%9D%92%E5%89%9B%E6%AB%9F+&oid=16777349 HTTP/1.1" 200 4048
207.46.13.56 - - [06/Jun/2015:19:03:16 +0800] "GET /content/tmp_auth/resource_content.jsp?oid=16777810 HTTP/1.1" 200 40591
1.160.26.13 - - [06/Jun/2015:19:03:32 +0800] "GET /content/subject/resource_content.jsp?oid=16777396&queryString=%E9%9D%92%E5%89%9B%20%E9%9D%92%E5%89%9B%E6%AB%9F HTTP/1.1" 200 34727
1.160.26.13 - - [06/Jun/2015:19:03:32 +0800] "GET /content/nav/relationSubject.jsp?relationWords=%E9%9D%92%E5%89%9B+%E9%9D%92%E5%89%9B%E6%AB%9F+&oid=16777396 HTTP/1.1" 200 4042
66.249.71.141 - - [06/Jun/2015:19:03:55 +0800] "GET /content/nav/relationSubject.jsp?relationWords=%E5%9C%8B%E6%B0%91%E4%B8%AD%E5%B0%8F%E5%AD%B8+%E6%96%B0%E8%87%BA%E5%B9%A3+&oid=1622997 HTTP/1.1" 200 6309
66.249.71.124 - - [06/Jun/2015:19:03:56 +0800] "GET /content/nav/relationSubject.jsp?relationWords=%E5%9C%8B%E6%B0%91%E4%B8%AD%E5%B0%8F%E5%AD%B8%20%E6%96%B0%E8%87%BA%E5%B9%A3%20&oid=1622997 HTTP/1.1" 200 6309
66.249.71.9 - - [06/Jun/2015:19:04:02 +0800] "GET /digiarch3/content/subject/resource_content.jsp?oid=16777609&queryType=qs&queryString=%E6%97%A5%E6%9C%AC%E5%A4%A7%E5%AD%B8 HTTP/1.1" 200 58347
66.249.71.238 - - [06/Jun/2015:19:04:04 +0800] "GET /content/nav/relationSubject.jsp?relationWords=%E5%B1%B1%E6%AC%96+%E5%B1%B1%E6%AC%96%E5%B1%AC+%E6%9F%BF%E6%A8%B9+%E6%A4%8D%E7%89%A9%E7%95%8C+%E8%98%AD%E5%B6%BC%E5%B1%B1%E6%AC%96+&oid=3821505 HTTP/1.1" 200 5043
66.249.71.240 - - [06/Jun/2015:19:04:06 +0800] "GET /content/nav/relationSubject.jsp?relationWords=%E5%B1%B1%E6%AC%96%20%E5%B1%B1%E6%AC%96%E5%B1%AC%20%E6%9F%BF%E6%A8%B9%20%E6%A4%8D%E7%89%A9%E7%95%8C%20%E8%98%AD%E5%B6%BC%E5%B1%B1%E6%AC%96%20&oid=3821505 HTTP/1.1" 200 5043
66.249.71.141 - - [06/Jun/2015:19:04:17 +0800] "GET /content/nav/relationSubject.jsp?relationWords=%E5%8D%81%E5%AD%97%E8%8A%B1%E7%A7%91+%E6%A4%8D%E7%89%A9%E7%95%8C+%E7%8D%A8%E8%A1%8C%E8%8F%9C+%E7%8D%A8%E8%A1%8C%E8%8F%9C%E5%B1%AC+%E9%9B%99%E5%AD%90%E8%91%89%E6%A4%8D%E7%89%A9+&oid=1098083 HTTP/1.1" 200 3392
66.249.71.124 - - [06/Jun/2015:19:04:18 +0800] "GET /content/nav/relationSubject.jsp?relationWords=%E5%8D%81%E5%AD%97%E8%8A%B1%E7%A7%91%20%E6%A4%8D%E7%89%A9%E7%95%8C%20%E7%8D%A8%E8%A1%8C%E8%8F%9C%20%E7%8D%A8%E8%A1%8C%E8%8F%9C%E5%B1%AC%20%E9%9B%99%E5%AD%90%E8%91%89%E6%A4%8D%E7%89%A9%20&oid=1098083 HTTP/1.1" 200 3392
123.125.71.92 - - [06/Jun/2015:19:04:29 +0800] "GET /content/repository/resource_content.jsp?oid=1125110&queryType=qc HTTP/1.1" 200 36875
66.249.71.9 - - [06/Jun/2015:19:04:45 +0800] "GET /content/nav/relationSubject.jsp?relationWords=%E5%88%91%E9%83%A8+%E6%9D%8E%E5%B4%87+&oid=2667448 HTTP/1.1" 200 3130
66.249.71.43 - - [06/Jun/2015:19:04:47 +0800] "GET /content/nav/relationSubject.jsp?relationWords=%E5%88%91%E9%83%A8%20%E6%9D%8E%E5%B4%87%20&oid=2667448 HTTP/1.1" 200 3130
207.46.13.43 - - [06/Jun/2015:19:05:16 +0800] "GET /content/subject/resource_content.jsp?oid=16777838&queryType=qc HTTP/1.1" 200 59031
111.255.171.91 - - [06/Jun/2015:19:05:56 +0800] "GET /content/nav/relationSubject.jsp?relationWords=%E9%98%BF%E5%8B%83%E5%8B%92+&oid=16777368 HTTP/1.1" 200 2917
207.46.13.56 - - [06/Jun/2015:19:06:25 +0800] "GET /content/subject/resource_content.jsp?oid=16797234&queryType=qc HTTP/1.1" 200 46557
123.125.71.106 - - [06/Jun/2015:19:06:48 +0800] "GET /content/repository/resource_content.jsp?oid=14104 HTTP/1.1" 200 36124
111.242.51.233 - - [06/Jun/2015:19:07:34 +0800] "GET /content/nav/relationSubject.jsp?relationWords=&oid=16777342 HTTP/1.1" 200 1405
157.55.39.63 - - [06/Jun/2015:19:07:44 +0800] "GET /content/subject/resource_content.jsp?oid=16777471&queryType=qc HTTP/1.1" 200 30250
66.249.71.141 - - [06/Jun/2015:19:08:11 +0800] "GET /content/repository/resource_content.jsp?oid=1899636&queryString=%E5%8F%B0%E6%96%97%E5%9D%91%20%E5%98%89%E7%BE%A9%E5%B8%82 HTTP/1.1" 200 29832
207.46.13.56 - - [06/Jun/2015:19:08:17 +0800] "GET /content/subject/resource_content.jsp?oid=16777639&queryType=qc HTTP/1.1" 200 57051
66.249.71.238 - - [06/Jun/2015:19:08:25 +0800] "GET /content/nav/relationSubject.jsp?relationWords=%E8%B2%A2%E6%B0%8F+%E9%BB%91%E7%8B%97%E6%AF%8D+&oid=15868 HTTP/1.1" 200 3372
66.249.71.240 - - [06/Jun/2015:19:08:27 +0800] "GET /content/nav/relationSubject.jsp?relationWords=%E8%B2%A2%E6%B0%8F%20%E9%BB%91%E7%8B%97%E6%AF%8D%20&oid=15868 HTTP/1.1" 200 3372
188.165.15.235 - - [06/Jun/2015:19:08:49 +0800] "GET /digiarch3/content/subject/resource_content.jsp?oid=16777645&queryType=qc HTTP/1.1" 200 63958
66.249.71.96 - - [06/Jun/2015:19:10:16 +0800] "GET /content/repository/resource_content.jsp?oid=2678996&queryString=%E5%B7%A1%E6%8C%89%20%E5%B7%A1%E6%8C%89%E5%BE%A1%E5%8F%B2%20%E5%BE%A1%E5%8F%B2 HTTP/1.1" 200 30389
66.249.83.151 - - [06/Jun/2015:19:10:48 +0800] "GET /content/nav/relationSubject.jsp?relationWords=%E6%B0%B4%E9%BB%83%E7%9A%AE+&oid=16777535 HTTP/1.1" 200 3630
66.249.84.137 - - [06/Jun/2015:19:11:31 +0800] "GET /content/nav/relationSubject.jsp?relationWords=%E6%B0%B4%E9%BB%83%E7%9A%AE+&oid=16777535 HTTP/1.1" 200 3630
66.249.84.151 - - [06/Jun/2015:19:11:32 +0800] "GET /content/nav/relationSubject.jsp?relationWords=%E6%B0%B4%E9%BB%83%E7%9A%AE+&oid=16777535 HTTP/1.1" 200 3630
66.249.83.144 - - [06/Jun/2015:19:11:53 +0800] "GET /content/nav/relationSubject.jsp?relationWords=%E6%B0%B4%E9%BB%83%E7%9A%AE+&oid=16777535 HTTP/1.1" 200 3630
66.249.71.96 - - [06/Jun/2015:19:12:13 +0800] "GET /content/nav/relationSubject.jsp?relationWords=%E8%A6%96%E8%A6%BA+&oid=16777299 HTTP/1.1" 200 3612
66.249.71.124 - - [06/Jun/2015:19:12:21 +0800] "GET /content/repository/resource_content.jsp?oid=1573347 HTTP/1.1" 200 28588
207.46.13.43 - - [06/Jun/2015:19:12:36 +0800] "GET /content/subject/resource_content.jsp?oid=16777455&queryString HTTP/1.1" 200 33620
66.249.71.124 - - [06/Jun/2015:19:13:01 +0800] "GET /content/nav/relationSubject.jsp?relationWords=%E4%BF%9D%E9%9A%AA+%E4%BF%9D%E9%9A%AA%E6%B3%95+%E4%BF%9D%E9%9A%AA%E6%B3%95%E8%A6%8F+%E5%8B%9E%E5%B7%A5%E4%BF%9D%E9%9A%AA+%E6%B3%95%E9%99%A2+%E7%AB%8B%E6%B3%95%E9%99%A2+&oid=1573347 HTTP/1.1" 200 6390
66.249.71.124 - - [06/Jun/2015:19:13:03 +0800] "GET /content/nav/relationSubject.jsp?relationWords=%E4%BF%9D%E9%9A%AA%20%E4%BF%9D%E9%9A%AA%E6%B3%95%20%E4%BF%9D%E9%9A%AA%E6%B3%95%E8%A6%8F%20%E5%8B%9E%E5%B7%A5%E4%BF%9D%E9%9A%AA%20%E6%B3%95%E9%99%A2%20%E7%AB%8B%E6%B3%95%E9%99%A2%20&oid=1573347 HTTP/1.1" 200 6390
175.140.88.181 - - [06/Jun/2015:19:13:06 +0800] "GET /content/nav/relationSubject.jsp?relationWords=&oid=16777576 HTTP/1.1" 200 1405
66.249.71.107 - - [06/Jun/2015:19:14:15 +0800] "GET /m/content/subject/resource_content.jsp?oid=16777295&queryString=%E7%A9%97%E8%8A%B1%E5%B1%B1%E5%A5%88%20%E9%87%8E%E8%96%91%E8%8A%B1 HTTP/1.1" 404 14873
66.249.71.124 - - [06/Jun/2015:19:14:26 +0800] "GET /content/repository/resource_content.jsp?oid=1891804 HTTP/1.1" 200 28888
207.46.13.43 - - [06/Jun/2015:19:15:31 +0800] "GET /content/subject/resource_content.jsp?oid=16777455&queryString HTTP/1.1" 200 33620
66.249.71.107 - - [06/Jun/2015:19:16:24 +0800] "GET /content/nav/relationSubject.jsp?relationWords=%E5%93%81%E8%B3%AA+%E5%A0%B1%E7%B4%99%E5%BB%A3%E5%91%8A+%E5%AD%B8%E6%A0%A1%E6%95%99%E5%AE%A4+%E5%B9%B9%E9%83%A8+%E5%BB%B6%E7%BA%8C+%E6%B0%B4%E5%85%AC%E5%8F%B8+%E6%B1%A1%E6%B0%B4%E4%B8%8B%E6%B0%B4%E9%81%93+%E7%B4%85%E5%8C%85+%E7%BE%8E%E8%A1%93%E9%A4%A8+%E8%87%AA%E4%BE%86%E6%B0%B4+%E8%87%BA%E7%81%A3%E7%9C%81%E6%94%BF%E5%BA%9C+%E9%98%B2%E9%9C%87+&oid=1617354 HTTP/1.1" 200 5745
66.249.71.124 - - [06/Jun/2015:19:16:25 +0800] "GET /content/nav/relationSubject.jsp?relationWords=%E5%93%81%E8%B3%AA%20%E5%A0%B1%E7%B4%99%E5%BB%A3%E5%91%8A%20%E5%AD%B8%E6%A0%A1%E6%95%99%E5%AE%A4%20%E5%B9%B9%E9%83%A8%20%E5%BB%B6%E7%BA%8C%20%E6%B0%B4%E5%85%AC%E5%8F%B8%20%E6%B1%A1%E6%B0%B4%E4%B8%8B%E6%B0%B4%E9%81%93%20%E7%B4%85%E5%8C%85%20%E7%BE%8E%E8%A1%93%E9%A4%A8%20%E8%87%AA%E4%BE%86%E6%B0%B4%20%E8%87%BA%E7%81%A3%E7%9C%81%E6%94%BF%E5%BA%9C%20%E9%98%B2%E9%9C%87%20&oid=1617354 HTTP/1.1" 200 5745
66.249.71.15 - - [06/Jun/2015:19:16:31 +0800] "GET /content/repository/resource_content.jsp?oid=1874561&queryType=qs&queryString=%E6%AE%B7%E8%99%9B HTTP/1.1" 200 29379
36.225.111.49 - - [06/Jun/2015:19:16:35 +0800] "GET /content/nav/relationSubject.jsp?relationWords=%E7%B4%AB%E8%96%87+&oid=16777424 HTTP/1.1" 200 4000
207.46.13.43 - - [06/Jun/2015:19:17:13 +0800] "GET /content/subject/resource_content.jsp?oid=16777618&queryType=qc HTTP/1.1" 200 47681
66.249.71.221 - - [06/Jun/2015:19:17:33 +0800] "GET /content/nav/relationSubject.jsp?relationWords=&oid=16777713 HTTP/1.1" 200 1405
66.249.71.124 - - [06/Jun/2015:19:18:24 +0800] "GET /content/nav/relationSubject.jsp?relationWords=%E5%B7%A1%E6%92%AB+%E5%BD%B9%E8%B2%AA+&oid=2517674 HTTP/1.1" 200 3119
66.249.71.141 - - [06/Jun/2015:19:18:26 +0800] "GET /content/nav/relationSubject.jsp?relationWords=%E5%B7%A1%E6%92%AB%20%E5%BD%B9%E8%B2%AA%20&oid=2517674 HTTP/1.1" 200 3119
157.55.39.63 - - [06/Jun/2015:19:19:03 +0800] "GET /content/subject/resource_content.jsp?oid=16777838&queryType=qc> HTTP/1.1" 200 59042
207.46.13.56 - - [06/Jun/2015:19:19:16 +0800] "GET /content/tmp_exh/resource_content.jsp?oid=16777844&queryType=qc HTTP/1.1" 200 37014
66.249.71.236 - - [06/Jun/2015:19:19:32 +0800] "GET /content/nav/relationSubject.jsp?relationWords=%E5%85%88%E4%BD%8F%E6%B0%91+%E5%8F%B0%E7%81%A3%E7%B8%BD%E7%9D%A3%E5%BA%9C+%E6%97%A5%E6%93%9A%E6%99%82%E6%9C%9F+&oid=1776041 HTTP/1.1" 200 3711
123.125.71.103 - - [06/Jun/2015:19:20:11 +0800] "GET /content/repository/resource_content.jsp?oid=2149066 HTTP/1.1" 200 31260
66.249.71.124 - - [06/Jun/2015:19:21:36 +0800] "GET /content/repository/resource_content.jsp?oid=1551831&queryString=%E9%85%AA%E8%BE%B2 HTTP/1.1" 200 30100
180.218.3.47 - - [06/Jun/2015:19:22:17 +0800] "GET /content/nav/relationSubject.jsp?relationWords=&oid=16777459 HTTP/1.1" 200 1405
66.249.71.107 - - [06/Jun/2015:19:22:20 +0800] "GET /content/nav/relationSubject.jsp?relationWords=%E5%81%BD%E6%9C%A8%E8%8D%94%E6%9E%9D+%E5%81%BD%E6%9C%A8%E8%8D%94%E6%9E%9D%E5%B1%AC+%E6%A4%8D%E7%89%A9%E7%95%8C+%E9%BE%8D%E8%86%BD+&oid=2148799 HTTP/1.1" 200 3542
66.249.71.124 - - [06/Jun/2015:19:22:21 +0800] "GET /content/nav/relationSubject.jsp?relationWords=%E5%81%BD%E6%9C%A8%E8%8D%94%E6%9E%9D%20%E5%81%BD%E6%9C%A8%E8%8D%94%E6%9E%9D%E5%B1%AC%20%E6%A4%8D%E7%89%A9%E7%95%8C%20%E9%BE%8D%E8%86%BD%20&oid=2148799 HTTP/1.1" 200 3542
207.46.13.43 - - [06/Jun/2015:19:23:15 +0800] "GET /content/subject/resource_content.jsp?oid=16777741&queryType=qc HTTP/1.1" 200 53549
207.46.13.43 - - [06/Jun/2015:19:23:17 +0800] "GET /content/tmp_tec/resource_content.jsp?oid=16777753 HTTP/1.1" 200 33913
66.249.71.141 - - [06/Jun/2015:19:23:25 +0800] "GET /content/repository/resource_content.jsp?oid=2549486&queryString=%E6%8D%90%E4%BA%8B%20%E9%99%B3%E5%98%89%E6%B3%B0 HTTP/1.1" 200 30217
66.249.79.248 - - [06/Jun/2015:19:24:23 +0800] "GET /content/nav/relationSubject.jsp?relationWords=%E7%A7%8B%E6%B5%B7%E6%A3%A0+&oid=16777338 HTTP/1.1" 200 4787
66.249.71.240 - - [06/Jun/2015:19:24:25 +0800] "GET /content/nav/relationSubject.jsp?relationWords=%E7%A7%8B%E6%B5%B7%E6%A3%A0%20&oid=16777338 HTTP/1.1" 200 4787
66.249.71.124 - - [06/Jun/2015:19:25:15 +0800] "GET /content/repository/resource_content.jsp?oid=1892744 HTTP/1.1" 200 28340
180.76.15.21 - - [06/Jun/2015:19:25:22 +0800] "GET /content/repository/resource_content.jsp?oid=1099800&queryString=%E6%9D%9C%E9%B5%91%E8%8A%B1%20%E6%9D%9C%E9%B5%91%E8%8A%B1%E7%A7%91%20%E6%A4%8D%E7%89%A9%E7%95%8C%20%E7%99%BD%E7%8F%A0%E6%A8%B9%20%E7%99%BD%E7%8F%A0%E6%A8%B9%E5%B1%AC HTTP/1.1" 200 31565
66.249.71.141 - - [06/Jun/2015:19:25:25 +0800] "GET /content/nav/relationSubject.jsp?relationWords=&oid=1566179 HTTP/1.1" 200 1405
66.249.71.124 - - [06/Jun/2015:19:26:17 +0800] "GET /content/nav/relationSubject.jsp?relationWords=%E4%B8%AD%E5%B1%B1%E5%8D%80+%E5%9C%B0%E8%99%9F+%E6%9C%B1%E5%8E%9D%E5%B4%99+%E7%9C%81%E6%9C%89%E5%9C%9F%E5%9C%B0+%E7%B3%A7%E9%A3%9F%E5%B1%80+%E8%87%BA%E5%8C%97%E5%B8%82+%E8%87%BA%E7%81%A3%E7%9C%81%E6%94%BF%E5%BA%9C+&oid=1898298 HTTP/1.1" 200 4889
66.249.71.107 - - [06/Jun/2015:19:26:18 +0800] "GET /content/nav/relationSubject.jsp?relationWords=%E4%B8%AD%E5%B1%B1%E5%8D%80%20%E5%9C%B0%E8%99%9F%20%E6%9C%B1%E5%8E%9D%E5%B4%99%20%E7%9C%81%E6%9C%89%E5%9C%9F%E5%9C%B0%20%E7%B3%A7%E9%A3%9F%E5%B1%80%20%E8%87%BA%E5%8C%97%E5%B8%82%20%E8%87%BA%E7%81%A3%E7%9C%81%E6%94%BF%E5%BA%9C%20&oid=1898298 HTTP/1.1" 200 4889
66.249.71.107 - - [06/Jun/2015:19:27:06 +0800] "GET /content/repository/resource_content.jsp?oid=1105130 HTTP/1.1" 200 30785
66.249.71.240 - - [06/Jun/2015:19:28:19 +0800] "GET /m/content/pictures/picture_content.jsp?oid=33554818&queryType=qc HTTP/1.1" 404 14873
111.83.60.209 - - [06/Jun/2015:19:28:51 +0800] "GET /content/repository/resource_content.jsp?oid=2143463 HTTP/1.1" 200 29748
111.83.60.209 - - [06/Jun/2015:19:28:52 +0800] "GET /content/nav/relationSubject.jsp?relationWords=%E7%8E%89%E5%B1%B1%E9%9B%99%E8%91%89%E8%98%AD+%E8%91%89%E8%98%AD+%E8%98%AD%E5%B1%AC+%E9%9B%99%E8%91%89%E8%98%AD+%E9%9B%99%E8%91%89%E8%98%AD%E5%B1%AC+&oid=2143463 HTTP/1.1" 200 3363
123.125.71.12 - - [06/Jun/2015:19:29:15 +0800] "GET /content/repository/resource_content.jsp?oid=2665288 HTTP/1.1" 200 30045
207.46.13.43 - - [06/Jun/2015:19:30:47 +0800] "GET /content/subject/resource_content.jsp?oid=16777801&queryType=qc HTTP/1.1" 200 43049
66.249.71.107 - - [06/Jun/2015:19:30:56 +0800] "GET /content/nav/relationSubject.jsp?relationWords=%E6%89%BF%E5%BE%B7%E5%BA%9C+%E8%B1%90%E5%AF%A7+&oid=2665703 HTTP/1.1" 200 3161
66.249.71.141 - - [06/Jun/2015:19:30:57 +0800] "GET /content/nav/relationSubject.jsp?relationWords=%E6%89%BF%E5%BE%B7%E5%BA%9C%20%E8%B1%90%E5%AF%A7%20&oid=2665703 HTTP/1.1" 200 3161
66.249.71.236 - - [06/Jun/2015:19:30:58 +0800] "GET /content/nav/relationSubject.jsp?relationWords=%E5%82%85%E6%96%AF%E5%B9%B4+%E5%8F%B0%E7%81%A3%E5%A4%A7%E5%AD%B8+%E8%AD%B0%E9%95%B7+&oid=1515709 HTTP/1.1" 200 4273
66.249.71.15 - - [06/Jun/2015:19:31:09 +0800] "GET /content/nav/relationSubject.jsp?relationWords=%E5%82%85%E6%96%AF%E5%B9%B4%20%E5%8F%B0%E7%81%A3%E5%A4%A7%E5%AD%B8%20%E8%AD%B0%E9%95%B7%20&oid=1515709 HTTP/1.1" 200 4273
66.249.71.124 - - [06/Jun/2015:19:31:16 +0800] "GET /content/nav/relationSubject.jsp?relationWords=%E9%BE%9C%E7%94%B2%E5%8D%9C%E8%BE%AD%E6%AE%98%E7%89%87+&oid=1872975 HTTP/1.1" 200 3071
66.249.71.124 - - [06/Jun/2015:19:31:17 +0800] "GET /content/nav/relationSubject.jsp?relationWords=%E9%BE%9C%E7%94%B2%E5%8D%9C%E8%BE%AD%E6%AE%98%E7%89%87%20&oid=1872975 HTTP/1.1" 200 3071
207.46.13.56 - - [06/Jun/2015:19:31:44 +0800] "GET /content/subject/resource_content.jsp?oid=16777805&queryType=qc HTTP/1.1" 200 35092
66.249.71.124 - - [06/Jun/2015:19:32:43 +0800] "GET /content/repository/resource_content.jsp?oid=1775777 HTTP/1.1" 200 30917
66.249.71.124 - - [06/Jun/2015:19:33:28 +0800] "GET /content/nav/relationSubject.jsp?relationWords=%E4%B8%AB%E7%92%B0%E8%A3%B8%E8%83%B8%E9%AF%99+&oid=19588 HTTP/1.1" 200 3123
66.249.71.141 - - [06/Jun/2015:19:33:29 +0800] "GET /content/nav/relationSubject.jsp?relationWords=%E4%B8%AB%E7%92%B0%E8%A3%B8%E8%83%B8%E9%AF%99%20&oid=19588 HTTP/1.1" 200 3123
157.55.39.63 - - [06/Jun/2015:19:33:34 +0800] "GET /content/subject/resource_content.jsp?oid=16777721&queryType=qc HTTP/1.1" 200 36360
66.249.71.124 - - [06/Jun/2015:19:33:39 +0800] "GET /digiarch_en/content/subject/resource_content.jsp?oid=16777482&queryType=qc HTTP/1.1" 200 32204
66.249.71.141 - - [06/Jun/2015:19:33:43 +0800] "GET /digiarch_en/content/nav/relationSubject.jsp?relationWords=&oid=16777482 HTTP/1.1" 200 1399
66.249.71.124 - - [06/Jun/2015:19:34:36 +0800] "GET /content/subject/resource_content.jsp?oid=16777776&queryType=qs&queryString=%E5%8D%9A%E8%A6%BD%E6%9C%83 HTTP/1.1" 200 61576
123.125.71.15 - - [06/Jun/2015:19:35:01 +0800] "GET /content/repository/resource_content.jsp?oid=576474 HTTP/1.1" 200 27925
180.217.200.210 - - [06/Jun/2015:19:35:24 +0800] "GET /content/nav/relationSubject.jsp?relationWords=%E7%A9%97%E8%8A%B1%E5%B1%B1%E5%A5%88+%E9%87%8E%E8%96%91%E8%8A%B1+&oid=16777263 HTTP/1.1" 200 3284
207.46.13.56 - - [06/Jun/2015:19:35:34 +0800] "GET /content/repository/resource_content.jsp?oid=1385002 HTTP/1.1" 200 24927
157.55.39.63 - - [06/Jun/2015:19:35:53 +0800] "GET /content/repository/resource_content.jsp?oid=177488 HTTP/1.1" 200 30103
66.249.71.79 - - [06/Jun/2015:19:35:57 +0800] "GET /content/nav/relationSubject.jsp?relationWords=&oid=4470383 HTTP/1.1" 200 1405
157.55.39.63 - - [06/Jun/2015:19:36:16 +0800] "GET /content/subject/resource_content.jsp?oid=16777842&queryType=qc> HTTP/1.1" 200 36275
207.46.13.56 - - [06/Jun/2015:19:36:33 +0800] "GET /content/repository/resource_content.jsp?oid=2542778 HTTP/1.1" 200 28692
66.249.71.124 - - [06/Jun/2015:19:36:34 +0800] "GET /content/repository/resource_content.jsp?oid=1586359 HTTP/1.1" 200 28963
207.46.13.56 - - [06/Jun/2015:19:36:53 +0800] "GET /content/repository/resource_content.jsp?oid=2561835 HTTP/1.1" 200 29216
207.46.13.56 - - [06/Jun/2015:19:37:13 +0800] "GET /content/repository/resource_content.jsp?oid=4352036 HTTP/1.1" 200 33330
36.232.34.77 - - [06/Jun/2015:19:37:30 +0800] "GET /content/nav/relationSubject.jsp?relationWords=&oid=16777341 HTTP/1.1" 200 1405
207.46.13.56 - - [06/Jun/2015:19:37:33 +0800] "GET /content/repository/resource_content.jsp?oid=631873 HTTP/1.1" 200 28448
66.249.71.107 - - [06/Jun/2015:19:37:46 +0800] "GET /content/nav/relationSubject.jsp?relationWords=%E7%A0%82%E5%B2%A9%E7%A4%AA%E7%9F%B3+&oid=1850876 HTTP/1.1" 200 3017
66.249.71.107 - - [06/Jun/2015:19:37:48 +0800] "GET /content/nav/relationSubject.jsp?relationWords=%E7%A0%82%E5%B2%A9%E7%A4%AA%E7%9F%B3%20&oid=1850876 HTTP/1.1" 200 3017
207.46.13.56 - - [06/Jun/2015:19:37:53 +0800] "GET /content/repository/resource_content.jsp?oid=684382 HTTP/1.1" 200 27909
207.46.13.56 - - [06/Jun/2015:19:38:13 +0800] "GET /content/repository/resource_content.jsp?oid=819449 HTTP/1.1" 200 28076
66.249.71.124 - - [06/Jun/2015:19:38:31 +0800] "GET /content/repository/resource_content.jsp?oid=1893743 HTTP/1.1" 200 28765
157.55.39.63 - - [06/Jun/2015:19:38:33 +0800] "GET /content/repository/resource_content.jsp?oid=1810130 HTTP/1.1" 200 28188
157.55.39.101 - - [06/Jun/2015:19:38:53 +0800] "GET /content/repository/resource_content.jsp?oid=1096490 HTTP/1.1" 200 30925
207.46.13.43 - - [06/Jun/2015:19:39:14 +0800] "GET /content/repository/resource_content.jsp?oid=1098842 HTTP/1.1" 200 30946
207.46.13.43 - - [06/Jun/2015:19:39:34 +0800] "GET /content/repository/resource_content.jsp?oid=1620503 HTTP/1.1" 200 29838
157.55.39.101 - - [06/Jun/2015:19:39:55 +0800] "GET /content/subject/resource_content.jsp?oid=16797239&queryType=qc HTTP/1.1" 200 44009
207.46.13.56 - - [06/Jun/2015:19:39:58 +0800] "GET /content/subject/resource_content.jsp?oid=16777470&queryType=qc HTTP/1.1" 200 29374
157.55.39.101 - - [06/Jun/2015:19:40:15 +0800] "GET /content/repository/resource_content.jsp?oid=1123128 HTTP/1.1" 200 32244
66.249.71.79 - - [06/Jun/2015:19:40:30 +0800] "GET /content/repository/resource_content.jsp?oid=2675332&queryString=%E4%BA%BA%E5%90%8D%E6%AC%8A%E5%A8%81%20%E5%A7%9C%E7%B6%AD%20%E5%BE%B7%E8%88%B9%20%E8%83%A1%E7%91%9E HTTP/1.1" 200 30007
207.46.13.43 - - [06/Jun/2015:19:40:37 +0800] "GET /content/repository/resource_content.jsp?oid=1891336 HTTP/1.1" 200 28382
207.46.13.43 - - [06/Jun/2015:19:40:55 +0800] "GET /content/repository/resource_content.jsp?oid=2628726 HTTP/1.1" 200 29612
157.55.39.101 - - [06/Jun/2015:19:41:15 +0800] "GET /content/repository/resource_content.jsp?oid=1461284 HTTP/1.1" 200 31116
157.55.39.101 - - [06/Jun/2015:19:41:35 +0800] "GET /content/repository/resource_content.jsp?oid=1578442 HTTP/1.1" 200 28960
66.249.71.124 - - [06/Jun/2015:19:41:37 +0800] "GET /content/nav/relationSubject.jsp?relationWords=%E9%BE%9C%E7%94%B2%E5%8D%9C%E8%BE%AD%E6%AE%98%E7%89%87+&oid=1844366 HTTP/1.1" 200 3071
66.249.71.141 - - [06/Jun/2015:19:41:39 +0800] "GET /content/nav/relationSubject.jsp?relationWords=%E9%BE%9C%E7%94%B2%E5%8D%9C%E8%BE%AD%E6%AE%98%E7%89%87%20&oid=1844366 HTTP/1.1" 200 3071
207.46.13.43 - - [06/Jun/2015:19:41:56 +0800] "GET /content/repository/resource_content.jsp?oid=2669866 HTTP/1.1" 200 29980
66.249.71.107 - - [06/Jun/2015:19:42:02 +0800] "GET /content/nav/relationSubject.jsp?relationWords=%E5%B2%A9%E8%95%A8+%E5%B2%A9%E8%95%A8%E5%B1%AC+&oid=1458031 HTTP/1.1" 200 3019
66.249.71.107 - - [06/Jun/2015:19:42:05 +0800] "GET /content/nav/relationSubject.jsp?relationWords=%E5%B2%A9%E8%95%A8%20%E5%B2%A9%E8%95%A8%E5%B1%AC%20&oid=1458031 HTTP/1.1" 200 3019
207.46.13.43 - - [06/Jun/2015:19:42:15 +0800] "GET /content/repository/resource_content.jsp?oid=4479249 HTTP/1.1" 200 27859
66.249.71.62 - - [06/Jun/2015:19:42:25 +0800] "GET /content/subject/resource_content.jsp?oid=16777484&queryType=qs&queryString=%E9%87%8E%E7%94%9F%E5%8B%95%E7%89%A9%E4%BF%9D%E8%82%B2 HTTP/1.1" 200 72183
157.55.39.101 - - [06/Jun/2015:19:42:36 +0800] "GET /content/repository/resource_content.jsp?oid=1613294 HTTP/1.1" 200 28350
157.55.39.101 - - [06/Jun/2015:19:42:55 +0800] "GET /content/repository/resource_content.jsp?oid=1635782 HTTP/1.1" 200 29201
157.55.39.101 - - [06/Jun/2015:19:43:15 +0800] "GET /content/repository/resource_content.jsp?oid=1888724 HTTP/1.1" 200 28724
157.55.39.101 - - [06/Jun/2015:19:43:34 +0800] "GET /content/repository/resource_content.jsp?oid=2554162 HTTP/1.1" 200 28631
157.55.39.101 - - [06/Jun/2015:19:43:55 +0800] "GET /content/repository/resource_content.jsp?oid=2599362 HTTP/1.1" 200 29276
157.55.39.101 - - [06/Jun/2015:19:44:14 +0800] "GET /content/repository/resource_content.jsp?oid=288450 HTTP/1.1" 200 29726
66.249.71.254 - - [06/Jun/2015:19:44:23 +0800] "GET /content/subject/resource_content.jsp?oid=16797234&queryType=qc HTTP/1.1" 200 46557
66.249.71.236 - - [06/Jun/2015:19:44:30 +0800] "GET /content/repository/resource_content.jsp?oid=14226&queryString=%E6%97%A5%E6%9C%AC%E9%B0%BB%20%E7%99%BD%E9%B0%BB%20%E9%B0%BB%E9%B1%BA%20%E9%B0%BB%E9%B1%BA%E7%A7%91 HTTP/1.1" 200 35434
207.46.13.56 - - [06/Jun/2015:19:44:35 +0800] "GET /content/subject/resource_content.jsp?oid=16777745&queryType=qc HTTP/1.1" 200 35935
207.46.13.43 - - [06/Jun/2015:19:44:56 +0800] "GET /content/repository/resource_content.jsp?oid=597119 HTTP/1.1" 200 28337
114.41.24.186 - - [06/Jun/2015:19:45:19 +0800] "GET /content/nav/relationSubject.jsp?relationWords=%E5%9D%AA%E6%9E%97%E7%A7%8B%E6%B5%B7%E6%A3%A0+%E6%B5%B7%E6%A3%A0+%E7%A7%8B%E6%B5%B7%E6%A3%A0+&oid=16777493 HTTP/1.1" 200 4994
207.46.13.43 - - [06/Jun/2015:19:45:54 +0800] "GET /content/repository/resource_content.jsp?oid=722623 HTTP/1.1" 200 26842
66.249.71.236 - - [06/Jun/2015:19:46:29 +0800] "GET /content/subject/resource_content.jsp?oid=16777274&queryType=qc HTTP/1.1" 200 35516
66.249.71.236 - - [06/Jun/2015:19:46:34 +0800] "GET /content/repository/resource_content.jsp?oid=1889723&queryString=%E9%BB%83%E8%81%B2%E9%8F%9E HTTP/1.1" 200 29096
207.46.13.56 - - [06/Jun/2015:19:46:34 +0800] "GET /content/nav/relationSubject.jsp?relationWords=%E5%B1%B1%E8%8A%99%E8%93%89+%E6%9C%A8%E8%8A%99%E8%93%89+%E8%96%9B%E6%BF%A4+%E9%86%89%E8%8A%99%E8%93%89+&oid=16777260 HTTP/1.1" 200 4595
207.46.13.56 - - [06/Jun/2015:19:46:55 +0800] "GET /content/tmp_exh/resource_content.jsp?oid=16777843&queryType=qc HTTP/1.1" 200 34515
157.55.39.101 - - [06/Jun/2015:19:47:15 +0800] "GET /content/repository/resource_content.jsp?oid=4478496 HTTP/1.1" 200 28134
157.55.39.101 - - [06/Jun/2015:19:47:35 +0800] "GET /content/repository/resource_content.jsp?oid=565026 HTTP/1.1" 200 27935
1.172.230.116 - - [06/Jun/2015:19:47:42 +0800] "GET /content/nav/relationSubject.jsp?relationWords=%E8%8C%84%E8%8B%B3+&oid=16777306 HTTP/1.1" 200 4432
157.55.39.101 - - [06/Jun/2015:19:47:55 +0800] "GET /content/repository/resource_content.jsp?oid=631901 HTTP/1.1" 200 28271
66.249.71.141 - - [06/Jun/2015:19:48:00 +0800] "GET /content/nav/relationSubject.jsp?relationWords=%E5%8F%B2%E5%89%8D%E6%96%87%E5%8C%96+%E6%96%87%E5%8C%96%E8%97%9D%E8%A1%93+&oid=1775854 HTTP/1.1" 200 3721
66.249.71.107 - - [06/Jun/2015:19:48:02 +0800] "GET /content/nav/relationSubject.jsp?relationWords=%E5%8F%B2%E5%89%8D%E6%96%87%E5%8C%96%20%E6%96%87%E5%8C%96%E8%97%9D%E8%A1%93%20&oid=1775854 HTTP/1.1" 200 3721
157.55.39.101 - - [06/Jun/2015:19:48:15 +0800] "GET /content/repository/resource_content.jsp?oid=664049 HTTP/1.1" 200 29373
220.181.108.96 - - [06/Jun/2015:19:48:21 +0800] "GET /content/repository/resource_content.jsp?oid=2641536 HTTP/1.1" 200 30237
207.46.13.43 - - [06/Jun/2015:19:48:35 +0800] "GET /content/repository/resource_content.jsp?oid=1580199 HTTP/1.1" 200 31735
66.249.79.106 - - [06/Jun/2015:19:48:39 +0800] "GET /content/repository/resource_content.jsp?oid=4411251&queryString=%E5%A4%A7%E9%A6%AC%E7%92%98 HTTP/1.1" 200 31878
157.55.39.101 - - [06/Jun/2015:19:48:54 +0800] "GET /content/repository/resource_content.jsp?oid=747565 HTTP/1.1" 200 28843
66.249.79.19 - - [06/Jun/2015:19:49:12 +0800] "GET /content/nav/relationSubject.jsp?relationWords=%E5%84%AA%E4%BA%BA+%E5%8A%89%E9%87%91%E7%B4%84+%E5%90%B3%E6%B3%89%E6%B4%9D+%E5%91%A8%E5%A1%97%E9%87%91+%E5%91%A8%E6%B8%85%E9%81%A0+%E5%B9%B3%E5%9D%87%E5%9C%B0%E6%AC%8A+%E6%9D%8E%E5%BB%BA%E5%92%8C+%E7%9F%B3%E9%80%A2%E9%9B%B2+%E8%87%BA%E7%81%A3%E7%9C%81%E8%AD%B0%E6%9C%83+%E8%94%A3%E5%A4%A9%E9%99%8D+%E8%A8%B1%E9%87%91%E5%BE%B7+%E8%AC%9D%E6%9D%B1%E9%96%94+%E8%AD%B0%E9%95%B7+%E8%B3%B4%E6%A3%AE%E6%9E%97+%E9%95%B7%E5%91%A8+%E9%99%B3%E7%BF%94%E5%86%B0+%E9%99%B3%E9%87%8D%E5%85%89+%E9%BB%83%E5%85%89%E5%B9%B3+&oid=1895232 HTTP/1.1" 200 6683
66.249.71.124 - - [06/Jun/2015:19:49:15 +0800] "GET /content/nav/relationSubject.jsp?relationWords=%E5%84%AA%E4%BA%BA%20%E5%8A%89%E9%87%91%E7%B4%84%20%E5%90%B3%E6%B3%89%E6%B4%9D%20%E5%91%A8%E5%A1%97%E9%87%91%20%E5%91%A8%E6%B8%85%E9%81%A0%20%E5%B9%B3%E5%9D%87%E5%9C%B0%E6%AC%8A%20%E6%9D%8E%E5%BB%BA%E5%92%8C%20%E7%9F%B3%E9%80%A2%E9%9B%B2%20%E8%87%BA%E7%81%A3%E7%9C%81%E8%AD%B0%E6%9C%83%20%E8%94%A3%E5%A4%A9%E9%99%8D%20%E8%A8%B1%E9%87%91%E5%BE%B7%20%E8%AC%9D%E6%9D%B1%E9%96%94%20%E8%AD%B0%E9%95%B7%20%E8%B3%B4%E6%A3%AE%E6%9E%97%20%E9%95%B7%E5%91%A8%20%E9%99%B3%E7%BF%94%E5%86%B0%20%E9%99%B3%E9%87%8D%E5%85%89%20%E9%BB%83%E5%85%89%E5%B9%B3%20&oid=1895232 HTTP/1.1" 200 6683
66.249.71.79 - - [06/Jun/2015:19:49:28 +0800] "GET /content/nav/relationSubject.jsp?relationWords=%E5%A4%A7%E9%A6%AC%E7%92%98+%E9%A6%AC%E7%92%98+&oid=4411251 HTTP/1.1" 200 3134
66.249.71.62 - - [06/Jun/2015:19:49:30 +0800] "GET /content/nav/relationSubject.jsp?relationWords=%E5%A4%A7%E9%A6%AC%E7%92%98%20%E9%A6%AC%E7%92%98%20&oid=4411251 HTTP/1.1" 200 3134
157.55.39.101 - - [06/Jun/2015:19:49:51 +0800] "GET /content/subject/resource_content.jsp?oid=16797296&queryType=qc HTTP/1.1" 200 54561
66.249.71.254 - - [06/Jun/2015:19:50:42 +0800] "GET /content/tmp_exh/resource_content.jsp?oid=16777750&queryType=qc HTTP/1.1" 200 32518
123.125.71.55 - - [06/Jun/2015:19:52:07 +0800] "GET /digiarch_en/content/subject/resource_content.jsp?oid=16777431&queryType=qc HTTP/1.1" 200 31065
66.249.71.236 - - [06/Jun/2015:19:52:26 +0800] "GET /content/nav/relationSubject.jsp?relationWords=%E4%BA%BA%E9%A1%9E%E5%AD%B8+%E6%96%87%E5%8C%96%E8%97%9D%E8%A1%93+%E8%87%BA%E7%81%A3%E5%8E%9F%E4%BD%8F%E6%B0%91+&oid=1777770 HTTP/1.1" 200 3679
66.249.79.72 - - [06/Jun/2015:19:52:28 +0800] "GET /content/nav/relationSubject.jsp?relationWords=%E4%BA%BA%E9%A1%9E%E5%AD%B8%20%E6%96%87%E5%8C%96%E8%97%9D%E8%A1%93%20%E8%87%BA%E7%81%A3%E5%8E%9F%E4%BD%8F%E6%B0%91%20&oid=1777770 HTTP/1.1" 200 3679
66.249.71.15 - - [06/Jun/2015:19:52:47 +0800] "GET /content/repository/resource_content.jsp?oid=2685540&queryType=qs&queryString=%E6%98%8C%E5%9C%96 HTTP/1.1" 200 30034
66.249.71.141 - - [06/Jun/2015:19:53:00 +0800] "GET /content/nav/relationSubject.jsp?relationWords=%E6%9E%97%E7%94%A2+%E6%9E%97%E7%94%A2%E5%B1%80+&oid=1536636 HTTP/1.1" 200 4865
66.249.71.124 - - [06/Jun/2015:19:53:02 +0800] "GET /content/nav/relationSubject.jsp?relationWords=%E6%9E%97%E7%94%A2%20%E6%9E%97%E7%94%A2%E5%B1%80%20&oid=1536636 HTTP/1.1" 200 4865
207.46.13.43 - - [06/Jun/2015:19:54:16 +0800] "GET /content/subject/resource_content.jsp?oid=16777480&queryType=qc HTTP/1.1" 200 49147
66.249.79.248 - - [06/Jun/2015:19:54:52 +0800] "GET /content/repository/resource_content.jsp?oid=15575&queryString=%E4%B8%89%E7%88%AA%E4%BB%94%20%E4%B8%89%E7%B7%9A%E9%9B%9E%E9%AD%9A%20%E7%9F%B3%E9%B1%B8%20%E9%9B%9E%E4%BB%94%E9%AD%9A%20%E9%9B%9E%E9%AD%9A%20%E9%BB%83%E9%9B%9E%20%E9%BB%83%E9%9B%9E%E4%BB%94 HTTP/1.1" 200 34489
66.249.71.43 - - [06/Jun/2015:19:56:28 +0800] "GET /digiarch3/content/subject/resource_content.jsp?oid=16777467&queryType=qs&queryString=%E5%AF%84%E7%94%9F%E8%9F%B2 HTTP/1.1" 200 70818
207.46.13.56 - - [06/Jun/2015:19:56:54 +0800] "GET /content/nav/relationSubject.jsp?relationWords=&oid=16777591 HTTP/1.1" 200 1405
157.55.39.101 - - [06/Jun/2015:19:56:56 +0800] "GET /content/subject/resource_content.jsp?oid=16777839&queryType=qc> HTTP/1.1" 200 27204
157.55.39.63 - - [06/Jun/2015:19:57:19 +0800] "GET /content/subject/resource_content.jsp?oid=16777731&queryType=qc HTTP/1.1" 200 43406
157.55.39.63 - - [06/Jun/2015:19:57:35 +0800] "GET /content/subject/resource_content.jsp?oid=16777779&queryType=qc HTTP/1.1" 200 37703
220.181.108.182 - - [06/Jun/2015:19:57:48 +0800] "GET /content/repository/resource_content.jsp?oid=597261 HTTP/1.1" 200 28555
39.15.134.172 - - [06/Jun/2015:19:58:28 +0800] "GET /content/nav/relationSubject.jsp?relationWords=%E8%96%9C%E8%8D%94+&oid=16777485 HTTP/1.1" 200 3561
66.249.71.79 - - [06/Jun/2015:19:58:46 +0800] "GET /content/nav/relationSubject.jsp?relationWords=%E6%BC%95%E7%B3%A7+&oid=2640002 HTTP/1.1" 200 4016
66.249.71.96 - - [06/Jun/2015:19:58:48 +0800] "GET /content/nav/relationSubject.jsp?relationWords=%E6%BC%95%E7%B3%A7%20&oid=2640002 HTTP/1.1" 200 4016
220.181.108.83 - - [06/Jun/2015:19:58:58 +0800] "GET /digiarch_en/content/subject/resource_content.jsp?oid=16777624&amp;queryType=qc&gt; HTTP/1.1" 200 98332
66.249.71.26 - - [06/Jun/2015:19:59:02 +0800] "GET /digiarch3/content/repository/resource_content.jsp?oid=1081585&queryString=%E9%AC%BC%E9%A0%AD%E5%88%80%20%E9%AF%95%E9%B0%8D HTTP/1.1" 200 34404
207.46.13.56 - - [06/Jun/2015:19:59:16 +0800] "GET /content/subject/resource_content.jsp?oid=16777838&queryType=qc HTTP/1.1" 200 59042
207.46.13.43 - - [06/Jun/2015:19:59:19 +0800] "GET /content/subject/resource_content.jsp?oid=16777837&queryType=qc HTTP/1.1" 200 37538
66.249.71.79 - - [06/Jun/2015:20:01:06 +0800] "GET /content/repository/resource_content.jsp?oid=1598717&queryType=qs&queryString=%E6%9E%97%E6%98%A5 HTTP/1.1" 200 47112
60.251.57.70 - - [06/Jun/2015:20:01:13 +0800] "GET /content/nav/relationSubject.jsp?relationWords=%E5%A4%A7%E8%8A%B1%E7%B4%AB%E8%96%87+%E7%B4%AB%E8%96%87+&oid=16777378 HTTP/1.1" 200 4054
220.181.108.83 - - [06/Jun/2015:20:01:16 +0800] "GET /content/repository/resource_content.jsp?oid=2662919 HTTP/1.1" 200 29819
1.169.13.20 - - [06/Jun/2015:20:01:28 +0800] "GET /content/nav/relationSubject.jsp?relationWords=%E5%BF%97%E4%BD%B3%E9%99%BD%E6%9D%9C%E9%B5%91+%E6%9D%9C%E9%B5%91+%E6%9D%9C%E9%B5%91%E8%8A%B1+%E7%99%BD%E7%90%89%E7%90%83%E6%9D%9C%E9%B5%91+%E8%91%97%E7%94%9F%E6%9D%9C%E9%B5%91+&oid=16777345 HTTP/1.1" 200 5135
157.55.39.63 - - [06/Jun/2015:20:01:46 +0800] "GET /content/nav/relationSubject.jsp?relationWords=%E5%A4%9A%E6%A8%A3%E6%80%A7+%E7%A5%9E%E7%A5%AD+%E8%B2%9D%E5%A1%9A+%E8%B2%9D%E7%A5%9E+%E9%84%92%E6%97%8F+&oid=16777484 HTTP/1.1" 200 7500
157.55.39.63 - - [06/Jun/2015:20:02:02 +0800] "GET /content/subject/resource_content.jsp?oid=16777740&queryType=qc HTTP/1.1" 200 41475
66.249.71.124 - - [06/Jun/2015:20:02:50 +0800] "GET /content/nav/relationSubject.jsp?relationWords=%E5%8F%83%E7%96%8F%E9%98%B2%E6%AD%A6%E8%81%B7+%E6%AD%A6%E8%81%B7+%E7%96%8F%E9%98%B2+%E9%96%A9%E6%B5%99+%E9%96%A9%E6%B5%99%E7%B8%BD%E7%9D%A3+%E9%98%B2%E6%AD%A6%E8%81%B7+&oid=2542682 HTTP/1.1" 200 4660
66.249.71.107 - - [06/Jun/2015:20:02:53 +0800] "GET /content/nav/relationSubject.jsp?relationWords=%E5%8F%83%E7%96%8F%E9%98%B2%E6%AD%A6%E8%81%B7%20%E6%AD%A6%E8%81%B7%20%E7%96%8F%E9%98%B2%20%E9%96%A9%E6%B5%99%20%E9%96%A9%E6%B5%99%E7%B8%BD%E7%9D%A3%20%E9%98%B2%E6%AD%A6%E8%81%B7%20&oid=2542682 HTTP/1.1" 200 4660
220.134.109.62 - - [06/Jun/2015:20:03:03 +0800] "GET /content/nav/relationSubject.jsp?relationWords=%E8%96%9C%E8%8D%94+&oid=16777485 HTTP/1.1" 200 3561
66.249.71.107 - - [06/Jun/2015:20:03:11 +0800] "GET /content/repository/resource_content.jsp?oid=523603&queryType=qc HTTP/1.1" 200 38785
111.240.232.143 - - [06/Jun/2015:20:05:05 +0800] "GET /content/repository/resource_content.jsp?oid=1107297&queryString=%E6%A4%8D%E7%89%A9%E7%95%8C%20%E6%B0%B4%E5%86%AC%E5%93%A5%20%E6%B0%B4%E5%86%AC%E7%93%9C%E5%B1%AC%20%E7%8D%BC%E7%8C%B4%E6%A1%83%E7%A7%91 HTTP/1.1" 200 31260
111.240.232.143 - - [06/Jun/2015:20:05:06 +0800] "GET /content/nav/relationSubject.jsp?relationWords=%E5%86%AC%E7%93%9C+%E6%A4%8D%E7%89%A9%E7%95%8C+%E6%B0%B4%E5%86%AC%E5%93%A5+%E6%B0%B4%E5%86%AC%E7%93%9C+%E6%B0%B4%E5%86%AC%E7%93%9C%E5%B1%AC+%E7%8D%BC%E7%8C%B4+%E7%8D%BC%E7%8C%B4%E6%A1%83+%E7%8D%BC%E7%8C%B4%E6%A1%83%E7%A7%91+&oid=1107297 HTTP/1.1" 200 3668
66.249.71.26 - - [06/Jun/2015:20:05:16 +0800] "GET /digiarch3/content/subject/resource_content.jsp?oid=16777781&queryType=qs&queryString=%E5%B7%A1%E8%BF%B4%E6%BC%94%E5%87%BA HTTP/1.1" 200 57402
66.249.71.124 - - [06/Jun/2015:20:05:17 +0800] "GET /content/nav/relationSubject.jsp?relationWords=%E6%93%92%E6%96%AC+%E9%80%86%E8%B3%8A+&oid=2547663 HTTP/1.1" 200 3137
66.249.71.124 - - [06/Jun/2015:20:05:19 +0800] "GET /content/nav/relationSubject.jsp?relationWords=%E6%93%92%E6%96%AC%20%E9%80%86%E8%B3%8A%20&oid=2547663 HTTP/1.1" 200 3137
111.240.232.143 - - [06/Jun/2015:20:05:21 +0800] "GET /content/repository/resource_content.jsp?oid=1107930&queryString=%E6%A4%8D%E7%89%A9%E7%95%8C%20%E6%B0%B4%E5%86%AC%E7%93%9C%20%E6%B0%B4%E5%86%AC%E7%93%9C%E5%B1%AC%20%E7%8D%BC%E7%8C%B4%E6%A1%83%E7%A7%91 HTTP/1.1" 200 31299
111.240.232.143 - - [06/Jun/2015:20:05:21 +0800] "GET /content/nav/relationSubject.jsp?relationWords=%E5%86%AC%E7%93%9C+%E6%A4%8D%E7%89%A9%E7%95%8C+%E6%B0%B4%E5%86%AC%E7%93%9C+%E6%B0%B4%E5%86%AC%E7%93%9C%E5%B1%AC+%E7%8D%BC%E7%8C%B4+%E7%8D%BC%E7%8C%B4%E6%A1%83+%E7%8D%BC%E7%8C%B4%E6%A1%83%E7%A7%91+&oid=1107930 HTTP/1.1" 200 3618
207.46.13.43 - - [06/Jun/2015:20:07:02 +0800] "GET /content/subject/resource_content.jsp?oid=16777764&queryType=qc HTTP/1.1" 200 40780
65.55.218.40 - - [06/Jun/2015:20:07:15 +0800] "GET /content/nav/relationSubject.jsp?relationWords=&oid=16777600 HTTP/1.1" 200 1405
66.249.71.254 - - [06/Jun/2015:20:07:21 +0800] "GET /content/repository/resource_content.jsp?oid=1531214&queryString=%E6%96%87%E5%8C%96%E4%B8%AD%E5%BF%83%20%E6%9A%A8%E5%8D%97%20%E6%9A%A8%E5%8D%97%E5%A4%A7%E5%AD%B8 HTTP/1.1" 200 32689
66.249.71.240 - - [06/Jun/2015:20:08:00 +0800] "GET /content/nav/relationSubject.jsp?relationWords=%E7%99%BD%E9%9B%B2%E5%A0%82%20&oid=2470700 HTTP/1.1" 200 1890
188.165.15.235 - - [06/Jun/2015:20:09:01 +0800] "GET /content/subject/resource_content.jsp?oid=16777295&queryType=qc HTTP/1.1" 200 28476
66.249.71.107 - - [06/Jun/2015:20:09:38 +0800] "GET /content/nav/relationSubject.jsp?relationWords=%E5%90%8F%E9%83%A8+%E5%A7%94%E7%BD%B2+&oid=2638835 HTTP/1.1" 200 4000
66.249.71.124 - - [06/Jun/2015:20:09:40 +0800] "GET /content/nav/relationSubject.jsp?relationWords=%E5%90%8F%E9%83%A8%20%E5%A7%94%E7%BD%B2%20&oid=2638835 HTTP/1.1" 200 4000
66.249.71.141 - - [06/Jun/2015:20:09:42 +0800] "GET /content/nav/relationSubject.jsp?relationWords=&oid=1561256 HTTP/1.1" 200 1405
207.46.13.43 - - [06/Jun/2015:20:11:08 +0800] "GET /content/subject/resource_content.jsp?oid=16797246&queryType=qc HTTP/1.1" 200 43650
66.249.71.79 - - [06/Jun/2015:20:11:30 +0800] "GET /content/repository/resource_content.jsp?oid=4203790&queryType=qs&queryString=%E9%81%BA%E8%B9%9F HTTP/1.1" 200 29899
157.55.39.101 - - [06/Jun/2015:20:11:34 +0800] "GET /content/subject/resource_content.jsp?oid=16777731&queryType=qc HTTP/1.1" 200 43417
123.125.71.103 - - [06/Jun/2015:20:12:17 +0800] "GET /content/repository/resource_content.jsp?oid=2647290 HTTP/1.1" 200 30100
203.80.116.182 - - [06/Jun/2015:20:12:37 +0800] "GET /content/nav/relationSubject.jsp?relationWords=&oid=16777576 HTTP/1.1" 200 1405
66.249.71.107 - - [06/Jun/2015:20:13:04 +0800] "GET /content/repository/resource_content.jsp?oid=1851426 HTTP/1.1" 200 29758
220.181.108.88 - - [06/Jun/2015:20:13:28 +0800] "GET /content/repository/resource_content.jsp?oid=1542941 HTTP/1.1" 200 33035
66.249.71.141 - - [06/Jun/2015:20:14:53 +0800] "GET /content/repository/resource_content.jsp?oid=1845932 HTTP/1.1" 200 29978
66.249.71.62 - - [06/Jun/2015:20:16:47 +0800] "GET /content/repository/resource_content.jsp?oid=4361949&queryType=qs&queryString=%E4%BD%9B%E9%99%80 HTTP/1.1" 200 32580
180.76.15.160 - - [06/Jun/2015:20:16:47 +0800] "GET /content/subject/resource_content.jsp?oid=16777297&queryType=qc HTTP/1.1" 200 31755
66.249.71.79 - - [06/Jun/2015:20:17:05 +0800] "GET /content/nav/relationSubject.jsp?relationWords=&oid=4361949 HTTP/1.1" 200 1405
123.125.71.71 - - [06/Jun/2015:20:17:24 +0800] "GET /content/subject/resource_content.jsp?oid=16777840&queryType=qc HTTP/1.1" 200 40638
157.55.39.63 - - [06/Jun/2015:20:17:32 +0800] "GET /content/subject/resource_content.jsp?oid=16777462&queryType=qc HTTP/1.1" 200 55344
66.249.71.26 - - [06/Jun/2015:20:17:34 +0800] "GET /digiarch3/content/subject/resource_content.jsp?oid=16777371&queryType=qs&queryString=%E6%96%87%E7%89%A9%E9%A4%A8 HTTP/1.1" 200 48598
66.249.71.62 - - [06/Jun/2015:20:18:36 +0800] "GET /content/repository/resource_content.jsp?oid=2679954&queryType=qs&queryString=%E6%83%A0%E6%BD%AE%E5%98%89%E9%81%93 HTTP/1.1" 200 30107
