111.83.43.37 - - [11/May/2016:08:05:50 +0800] "GET /content/nav/relationSubject.jsp?relationWords=&oid=16797271 HTTP/1.1" 200 1405
66.249.71.60 - - [11/May/2016:08:06:29 +0800] "GET /content/tmp_exh/resource_content.jsp?oid=16777711&queryType=qc HTTP/1.1" 200 26287
66.249.71.60 - - [11/May/2016:08:07:00 +0800] "GET /content/nav/relationSubject.jsp?relationWords=%E5%90%8F%E9%83%A8+%E6%9E%97%E5%9C%8B%E8%8A%B3+&oid=2667958 HTTP/1.1" 200 3151
66.249.79.186 - - [11/May/2016:08:07:01 +0800] "GET /digiarch3/content/nav/relationSubject.jsp?relationWords=%E4%B8%89%E9%87%8D%E5%B8%82+%E5%8A%89%E6%9E%97+%E6%9D%8E%E7%8E%89%E6%B3%89+%E6%9E%97%E5%8B%99%E5%B1%80+%E6%B4%AA%E6%8E%9B+%E7%9C%81%E6%94%BF%E5%BA%9C+%E8%87%BA%E5%8C%97%E7%B8%A3+%E8%AD%B0%E9%95%B7+&oid=1899581 HTTP/1.1" 200 4762
66.249.71.5 - - [11/May/2016:08:07:03 +0800] "GET /digiarch3/content/nav/relationSubject.jsp?relationWords=%E4%B8%89%E9%87%8D%E5%B8%82%20%E5%8A%89%E6%9E%97%20%E6%9D%8E%E7%8E%89%E6%B3%89%20%E6%9E%97%E5%8B%99%E5%B1%80%20%E6%B4%AA%E6%8E%9B%20%E7%9C%81%E6%94%BF%E5%BA%9C%20%E8%87%BA%E5%8C%97%E7%B8%A3%20%E8%AD%B0%E9%95%B7%20&oid=1899581 HTTP/1.1" 200 4762
66.249.77.97 - - [11/May/2016:08:07:31 +0800] "GET /content/nav/relationSubject.jsp?relationWords=%E5%9C%88%E5%B8%BD+%E7%89%99%E5%9C%88+%E8%B1%AC%E7%89%99+%E9%AD%AF%E5%87%B1+%E9%AD%AF%E5%87%B1%E6%97%8F+&oid=1782592 HTTP/1.1" 200 3198
66.249.71.60 - - [11/May/2016:08:07:33 +0800] "GET /content/repository/resource_content.jsp?oid=2525309 HTTP/1.1" 200 29011
59.125.215.33 - - [11/May/2016:08:07:38 +0800] "GET /content/subject/resource_content.jsp?oid=16797271&queryType=qc HTTP/1.1" 200 55290
59.125.215.33 - - [11/May/2016:08:07:40 +0800] "GET /content/nav/relationSubject.jsp?relationWords=&oid=16797271 HTTP/1.1" 200 1405
66.249.77.91 - - [11/May/2016:08:08:26 +0800] "GET /content/subject/resource_content.jsp?oid=16777484&queryType=qc HTTP/1.1" 200 72157
66.249.77.85 - - [11/May/2016:08:10:22 +0800] "GET /content/repository/resource_content.jsp?oid=2676319&queryString=%E4%B8%8A%E8%AB%AD%20%E8%B3%91%E4%BA%8B HTTP/1.1" 200 30654
66.249.77.85 - - [11/May/2016:08:10:26 +0800] "GET /content/nav/relationSubject.jsp?relationWords=%E5%9A%B4%E5%85%AC%E4%BB%94+%E5%A4%A7%E7%9C%BC%E9%AF%9B+%E5%A4%A7%E7%9C%BC%E9%AF%9B%E7%A7%91+%E6%97%A5%E6%9C%AC%E5%A4%A7%E7%9C%BC%E9%AF%9B+%E7%B4%85%E7%9B%AE%E9%B0%B1+%E9%AF%9B%E7%A7%91+&oid=15100 HTTP/1.1" 200 3654
66.249.77.85 - - [11/May/2016:08:10:50 +0800] "GET /content/nav/relationSubject.jsp?relationWords=%E4%B9%9D%E5%88%BA%E9%AE%A8+%E4%B9%9D%E6%A3%98+%E6%A9%AB%E5%B8%B6+%E6%A9%AB%E7%B4%8B%E4%B9%9D%E5%88%BA%E9%AE%A8+%E7%9F%B3%E6%96%91+%E9%81%8E%E9%AD%9A+%E9%AE%A8%E7%A7%91+%E9%B1%A0%E4%BB%94+%E9%BB%91%E8%B2%93%E4%BB%94+&oid=14975 HTTP/1.1" 200 3682
66.249.79.207 - - [11/May/2016:08:11:37 +0800] "GET /content/nav/relationSubject.jsp?relationWords=%E4%B8%89%E8%BC%AA%E8%BB%8A+%E4%B8%AD%E8%88%88%E6%96%B0%E6%9D%91+%E5%80%99%E9%81%B8%E4%BA%BA+%E5%81%BD%E8%97%A5+%E5%8F%8D%E6%94%BB%E5%A4%A7%E9%99%B8+%E5%9C%8B%E9%98%B2%E9%83%A8+%E5%A4%96%E7%9C%81%E4%BA%BA+%E5%AE%B6%E6%94%BF+%E5%BD%B9%E7%94%B7+%E6%9D%8E%E6%BA%90+%E6%9D%8E%E6%BA%90%E6%A3%A7+%E6%9D%8E%E9%80%A3%E7%A6%8F+%E6%9D%8E%E9%8C%A6%E5%B7%9D+%E6%A7%8D%E5%8F%A3+%E6%B3%95%E6%B2%BB+%E6%B3%95%E9%99%A2+%E7%A4%BE%E6%9C%83%E8%99%95+%E8%95%83%E8%96%AF+%E8%99%95%E9%95%B7+%E8%A3%9C%E7%BF%92%E7%8F%AD+%E8%AC%9B%E7%BF%92%E6%9C%83+%E8%AD%A6%E5%8B%99%E8%99%95+%E8%AD%A6%E5%AF%9F+%E8%AD%A6%E5%AF%9F%E5%B1%80+%E8%B3%AA%E8%A9%A2+%E9%83%AD%E5%9C%8B%E5%9F%BA+%E9%8C%A6%E5%B7%9D+%E9%AB%98%E9%9B%84%E5%B8%82+%E9%AB%98%E9%9B%84%E5%B8%82%E8%AD%A6%E5%AF%9F%E5%B1%80+&oid=1552690 HTTP/1.1" 200 8604
66.249.71.64 - - [11/May/2016:08:12:05 +0800] "GET /content/nav/relationSubject.jsp?relationWords=%E5%AE%97%E6%95%99%E4%BF%A1%E4%BB%B0+%E5%B7%B4%E5%89%87%E6%B5%B7+%E5%B7%B4%E5%89%87%E6%B5%B7%E6%97%8F+%E5%B7%B4%E5%AE%B0+%E5%B9%B3%E5%9F%94%E6%97%8F+&oid=1775641 HTTP/1.1" 200 5245
66.249.71.64 - - [11/May/2016:08:12:07 +0800] "GET /content/nav/relationSubject.jsp?relationWords=%E5%AE%97%E6%95%99%E4%BF%A1%E4%BB%B0%20%E5%B7%B4%E5%89%87%E6%B5%B7%20%E5%B7%B4%E5%89%87%E6%B5%B7%E6%97%8F%20%E5%B7%B4%E5%AE%B0%20%E5%B9%B3%E5%9F%94%E6%97%8F%20&oid=1775641 HTTP/1.1" 200 5245
66.249.77.85 - - [11/May/2016:08:12:18 +0800] "GET /content/subject/resource_content.jsp?oid=16777753&queryType=qs&queryString=%E8%B3%87%E8%A8%8A%E6%87%89%E7%94%A8 HTTP/1.1" 200 36817
111.251.40.158 - - [11/May/2016:08:13:02 +0800] "GET /digiarch3/content/subject/resource_content.jsp?oid=16777349&queryType=qc HTTP/1.1" 200 36487
111.251.40.158 - - [11/May/2016:08:13:03 +0800] "GET /digiarch3/content/nav/relationSubject.jsp?relationWords=%E9%9D%92%E5%89%9B+%E9%9D%92%E5%89%9B%E6%AB%9F+&oid=16777349 HTTP/1.1" 200 4048
66.249.71.60 - - [11/May/2016:08:13:49 +0800] "GET /content/repository/resource_content.jsp?oid=1097132 HTTP/1.1" 200 30612
66.249.79.207 - - [11/May/2016:08:14:13 +0800] "GET /content/nav/relationSubject.jsp?relationWords=%E5%8F%B0%E7%81%A3%E9%90%B5%E6%9D%89+%E6%9D%BE%E6%9D%89+%E6%9D%BE%E7%A7%91+%E6%A4%8D%E7%89%A9%E7%95%8C+%E6%AF%AC%E6%9E%9C+%E9%90%B5%E6%9D%89+%E9%90%B5%E6%9D%89%E5%B1%AC+&oid=2152379 HTTP/1.1" 200 3691
66.249.71.5 - - [11/May/2016:08:14:15 +0800] "GET /digiarch3/content/subject/resource_content.jsp?oid=16777484&queryType=qc HTTP/1.1" 200 72148
66.249.71.64 - - [11/May/2016:08:15:06 +0800] "GET /content/nav/relationSubject.jsp?relationWords=%E5%90%88%E6%AD%A1+%E5%9C%8B%E6%9C%89%E6%9E%97+%E9%8A%80%E5%90%88%E6%AD%A1+&oid=1552733 HTTP/1.1" 200 3335
66.249.71.60 - - [11/May/2016:08:15:36 +0800] "GET /content/nav/relationSubject.jsp?relationWords=%E6%B5%B7%E9%AD%B4+%E9%9B%A8%E5%8D%B0%E9%AF%9B+%E9%AF%9B%E7%A7%91+&oid=14769 HTTP/1.1" 200 3338
66.249.77.91 - - [11/May/2016:08:15:51 +0800] "GET /content/nav/relationSubject.jsp?relationWords=%E5%9B%9E%E6%B0%91+%E5%BC%B5%E6%98%8E+&oid=2683225 HTTP/1.1" 200 3211
66.249.77.91 - - [11/May/2016:08:16:01 +0800] "GET /content/nav/relationSubject.jsp?relationWords=%E5%B1%8F%E6%9D%B1%E9%90%B5%E8%8E%A7+%E8%8E%A7%E5%B1%AC+%E9%90%B5%E8%8E%A7+%E9%90%B5%E8%8E%A7%E5%B1%AC+&oid=1461529 HTTP/1.1" 200 3274
66.249.77.91 - - [11/May/2016:08:16:03 +0800] "GET /content/nav/relationSubject.jsp?relationWords=%E5%B1%8F%E6%9D%B1%E9%90%B5%E8%8E%A7%20%E8%8E%A7%E5%B1%AC%20%E9%90%B5%E8%8E%A7%20%E9%90%B5%E8%8E%A7%E5%B1%AC%20&oid=1461529 HTTP/1.1" 200 3274
66.249.71.200 - - [11/May/2016:08:16:10 +0800] "GET /content/repository/resource_content.jsp?oid=589694&queryString=%E8%86%A0%E6%B2%82 HTTP/1.1" 200 28594
66.249.71.60 - - [11/May/2016:08:16:47 +0800] "GET /content/nav/relationSubject.jsp?relationWords=%E7%9B%A3%E5%80%99+%E7%B5%9E%E7%9B%A3+%E7%B5%9E%E7%9B%A3%E5%80%99+&oid=2525309 HTTP/1.1" 200 4112
66.249.77.85 - - [11/May/2016:08:16:57 +0800] "GET /content/nav/relationSubject.jsp?relationWords=%E5%81%BD%E8%97%A5+%E5%81%BD%E9%86%AB+%E5%8F%8D%E6%94%BB%E5%A4%A7%E9%99%B8+%E5%93%81%E8%B3%AA+%E5%AF%86%E9%86%AB+%E6%98%A5%E8%8F%8A+%E6%99%AE%E8%80%83+%E6%9C%B1%E8%90%AC%E6%88%90+%E6%9D%8E%E6%BA%90+%E6%9D%8E%E6%BA%90%E6%A3%A7+%E6%A2%81%E8%A8%B1%E6%98%A5%E8%8F%8A+%E6%B3%95%E9%99%A2+%E7%8E%8B%E5%AE%8B%E7%93%8A%E8%8B%B1+%E7%9C%BC%E5%85%89+%E7%AB%8B%E6%B3%95%E9%99%A2+%E8%91%A1%E8%90%84%E7%B3%96+%E8%97%A5%E5%93%81+%E8%A1%9B%E7%94%9F%E8%99%95+%E8%A3%BD%E8%97%A5%E5%BB%A0+%E8%A8%B1%E6%98%A5%E8%8F%8A+%E8%B3%AA%E8%A9%A2+%E9%86%AB%E5%B8%AB%E6%B3%95+%E9%A0%90%E7%AE%97+%E9%AB%98%E6%99%AE%E8%80%83+%E9%BB%83%E5%A5%87+%E9%BB%83%E5%A5%87%E6%AD%A3+&oid=1564054 HTTP/1.1" 200 5767
66.249.71.60 - - [11/May/2016:08:16:59 +0800] "GET /content/nav/relationSubject.jsp?relationWords=%E7%9B%A3%E5%80%99%20%E7%B5%9E%E7%9B%A3%20%E7%B5%9E%E7%9B%A3%E5%80%99%20&oid=2525309 HTTP/1.1" 200 4112
66.249.71.60 - - [11/May/2016:08:18:06 +0800] "GET /content/repository/resource_content.jsp?oid=1105130&queryString=%E6%97%8B%E8%8A%B1%E7%A7%91%20%E6%A4%8D%E7%89%A9%E7%95%8C%20%E6%B5%B7%E7%89%BD%E7%89%9B%20%E7%89%BD%E7%89%9B%E5%B1%AC HTTP/1.1" 200 31102
66.249.71.60 - - [11/May/2016:08:18:20 +0800] "GET /content/nav/relationSubject.jsp?relationWords=&oid=2563834 HTTP/1.1" 200 1405
66.249.71.113 - - [11/May/2016:08:18:59 +0800] "GET /content/nav/relationSubject.jsp?relationWords=%E5%90%8F%E9%83%A8+%E5%B9%B3%E6%85%B6+%E7%AF%86%E5%8B%99+&oid=2659865 HTTP/1.1" 200 3171
66.249.77.85 - - [11/May/2016:08:20:03 +0800] "GET /content/repository/resource_content.jsp?oid=4448041&queryType=qs&queryString=%E5%8F%8D%E6%94%BB%E4%BD%9C%E6%88%B0 HTTP/1.1" 200 28547
66.249.71.72 - - [11/May/2016:08:21:39 +0800] "GET /content/nav/relationSubject.jsp?relationWords=&oid=1826138 HTTP/1.1" 200 1405
66.249.77.85 - - [11/May/2016:08:21:59 +0800] "GET /content/repository/resource_content.jsp?oid=15582&queryString=%E6%96%91%E7%9F%B3%E9%AF%9B%20%E7%9F%B3%E9%AF%9B%20%E7%A1%AC%E6%AE%BC%E4%BB%94%20%E9%AF%9B%E7%A7%91 HTTP/1.1" 200 35023
66.249.71.113 - - [11/May/2016:08:22:16 +0800] "GET /content/nav/relationSubject.jsp?relationWords=%E5%8F%A4%E5%8C%97%E5%8F%A3+%E5%A5%8F%E8%AC%9D%E8%A3%9C%E6%8E%88+&oid=2631784 HTTP/1.1" 200 3164
66.249.71.188 - - [11/May/2016:08:22:17 +0800] "GET /content/nav/relationSubject.jsp?relationWords=%E4%B8%AD%E6%9F%B1%E6%97%8B%E9%BE%8D%E7%9B%82+&oid=1844655 HTTP/1.1" 200 2183
66.249.71.188 - - [11/May/2016:08:22:21 +0800] "GET /content/nav/relationSubject.jsp?relationWords=%E4%B8%AD%E6%9F%B1%E6%97%8B%E9%BE%8D%E7%9B%82%20&oid=1844655 HTTP/1.1" 200 2183
66.249.71.188 - - [11/May/2016:08:22:26 +0800] "GET /content/nav/relationSubject.jsp?relationWords=%E5%88%80%E9%AD%9A+%E5%B8%B6%E5%88%80+%E5%B8%B6%E5%88%80%E9%AD%9A+%E6%A3%98%E9%B0%8D+%E8%B1%AC%E6%AF%8D%E9%8B%B8+&oid=4353904 HTTP/1.1" 200 3471
66.249.71.188 - - [11/May/2016:08:22:30 +0800] "GET /content/nav/relationSubject.jsp?relationWords=%E5%88%80%E9%AD%9A%20%E5%B8%B6%E5%88%80%20%E5%B8%B6%E5%88%80%E9%AD%9A%20%E6%A3%98%E9%B0%8D%20%E8%B1%AC%E6%AF%8D%E9%8B%B8%20&oid=4353904 HTTP/1.1" 200 3471
66.249.71.105 - - [11/May/2016:08:22:52 +0800] "GET /content/nav/relationSubject.jsp?relationWords=%E5%8F%A4%E5%8C%97%E5%8F%A3%20%E5%A5%8F%E8%AC%9D%E8%A3%9C%E6%8E%88%20&oid=2631784 HTTP/1.1" 200 3164
66.249.71.105 - - [11/May/2016:08:23:19 +0800] "GET /content/nav/relationSubject.jsp?relationWords=%E9%99%B6%E5%81%B6+&oid=1838764 HTTP/1.1" 200 2963
66.249.79.107 - - [11/May/2016:08:23:22 +0800] "GET /content/nav/relationSubject.jsp?relationWords=%E9%99%B6%E5%81%B6%20&oid=1838764 HTTP/1.1" 200 2963
66.249.71.5 - - [11/May/2016:08:23:57 +0800] "GET /digiarch3/content/repository/resource_content.jsp?oid=1888358&queryType=qs&queryString=%E8%87%BA%E4%B8%AD%E5%B8%82 HTTP/1.1" 200 31670
59.120.248.131 - - [11/May/2016:08:24:30 +0800] "GET /content/nav/relationSubject.jsp?relationWords=%E5%B1%B1%E8%8A%99%E8%93%89+%E6%9C%A8%E8%8A%99%E8%93%89+%E8%96%9B%E6%BF%A4+%E9%86%89%E8%8A%99%E8%93%89+&oid=16777260 HTTP/1.1" 200 4595
66.249.79.186 - - [11/May/2016:08:25:30 +0800] "GET /content/nav/relationSubject.jsp?relationWords=%E7%B4%84%E6%B0%8F%E9%BB%91%E7%8A%80%E9%AD%9A+&oid=14630 HTTP/1.1" 200 2291
66.249.71.5 - - [11/May/2016:08:25:33 +0800] "GET /content/nav/relationSubject.jsp?relationWords=%E7%B4%84%E6%B0%8F%E9%BB%91%E7%8A%80%E9%AD%9A%20&oid=14630 HTTP/1.1" 200 2291
66.249.71.64 - - [11/May/2016:08:25:43 +0800] "GET /content/nav/relationSubject.jsp?relationWords=%E6%A4%8D%E7%89%A9%E7%95%8C+%E6%BE%A4%E8%98%AD+%E6%BE%A4%E8%98%AD%E5%B1%AC+%E8%8F%8A%E7%A7%91+%E8%98%AD%E5%B1%AC+%E9%9B%99%E5%AD%90%E8%91%89+%E9%9B%99%E5%AD%90%E8%91%89%E6%A4%8D%E7%89%A9+%E9%A3%9B%E6%A9%9F%E8%8D%89+%E9%A6%99%E6%BE%A4%E8%98%AD+%E9%A6%99%E6%BE%A4%E8%98%AD%E5%B1%AC+&oid=1114140 HTTP/1.1" 200 5176
66.249.71.72 - - [11/May/2016:08:25:45 +0800] "GET /content/nav/relationSubject.jsp?relationWords=%E6%A4%8D%E7%89%A9%E7%95%8C%20%E6%BE%A4%E8%98%AD%20%E6%BE%A4%E8%98%AD%E5%B1%AC%20%E8%8F%8A%E7%A7%91%20%E8%98%AD%E5%B1%AC%20%E9%9B%99%E5%AD%90%E8%91%89%20%E9%9B%99%E5%AD%90%E8%91%89%E6%A4%8D%E7%89%A9%20%E9%A3%9B%E6%A9%9F%E8%8D%89%20%E9%A6%99%E6%BE%A4%E8%98%AD%20%E9%A6%99%E6%BE%A4%E8%98%AD%E5%B1%AC%20&oid=1114140 HTTP/1.1" 200 5176
66.249.71.60 - - [11/May/2016:08:25:51 +0800] "GET /content/repository/resource_content.jsp?oid=14341&queryString=%E7%AA%81%E9%BC%BB%E4%BB%94%20%E7%B6%BE%E9%AF%B7%20%E9%AF%B7%E7%A7%91 HTTP/1.1" 200 34647
66.249.71.60 - - [11/May/2016:08:25:57 +0800] "GET /content/nav/relationSubject.jsp?relationWords=%E6%95%B8%E4%BD%8D%E5%85%B8%E8%97%8F+&oid=16777367 HTTP/1.1" 200 5879
66.249.71.60 - - [11/May/2016:08:25:58 +0800] "GET /content/nav/relationSubject.jsp?relationWords=%E6%95%B8%E4%BD%8D%E5%85%B8%E8%97%8F%20&oid=16777367 HTTP/1.1" 200 5879
66.249.71.60 - - [11/May/2016:08:27:17 +0800] "GET /content/nav/relationSubject.jsp?relationWords=%E6%A4%8D%E7%89%A9%E7%95%8C+%E7%89%9B%E7%9A%AE%E6%B6%88+%E7%89%9B%E7%9A%AE%E6%B6%88%E5%B1%AC+%E7%99%BD%E8%96%87+%E8%96%84%E8%91%89+%E8%96%84%E8%91%89%E7%89%9B%E7%9A%AE%E6%B6%88+%E8%96%84%E8%91%89%E7%99%BD%E8%96%87+%E8%98%BF%E8%97%A6+%E8%98%BF%E8%97%A6%E7%A7%91+%E9%BE%8D%E8%86%BD+&oid=1107268 HTTP/1.1" 200 4024
66.249.71.60 - - [11/May/2016:08:27:47 +0800] "GET /content/repository/resource_content.jsp?oid=4387967&queryString=%E5%B9%B3%E5%9F%94%E6%97%8F%20%E6%95%B8%E4%BD%8D%E5%85%B8%E8%97%8F%20%E7%9F%AE%E9%9D%88%E7%A5%AD%20%E8%A5%BF%E6%8B%89%E9%9B%85%E6%97%8F%20%E8%B3%BD%E5%A4%8F%E6%97%8F%20%E9%81%94%E6%82%9F%E6%97%8F%20%E9%AD%AF%E5%87%B1%E6%97%8F HTTP/1.1" 200 31654
66.249.71.60 - - [11/May/2016:08:28:15 +0800] "GET /content/nav/relationSubject.jsp?relationWords=%E5%8F%B0%E7%81%A3%E7%A6%8F%E7%8E%8B%E8%8D%89+%E6%A4%8D%E7%89%A9%E7%95%8C+%E7%A6%8F%E7%8E%8B%E8%8D%89%E5%B1%AC+%E8%8F%8A%E7%A7%91+%E9%9B%99%E5%AD%90%E8%91%89%E6%A4%8D%E7%89%A9+&oid=1098650 HTTP/1.1" 200 3430
66.249.71.60 - - [11/May/2016:08:28:18 +0800] "GET /content/nav/relationSubject.jsp?relationWords=%E5%8F%B0%E7%81%A3%E7%A6%8F%E7%8E%8B%E8%8D%89%20%E6%A4%8D%E7%89%A9%E7%95%8C%20%E7%A6%8F%E7%8E%8B%E8%8D%89%E5%B1%AC%20%E8%8F%8A%E7%A7%91%20%E9%9B%99%E5%AD%90%E8%91%89%E6%A4%8D%E7%89%A9%20&oid=1098650 HTTP/1.1" 200 3430
157.55.39.245 - - [11/May/2016:08:28:55 +0800] "GET /content/subject/resource_content.jsp?oid=16777443 HTTP/1.1" 200 40106
65.55.218.32 - - [11/May/2016:08:29:20 +0800] "GET /content/tmp_auth/resource_content.jsp?oid=16777459 HTTP/1.1" 200 36343
66.249.71.60 - - [11/May/2016:08:29:43 +0800] "GET /content/repository/resource_content.jsp?oid=4359792&queryString=%E6%A4%8D%E7%89%A9%E7%95%8C%20%E8%8B%A7%E9%BA%BB%E5%B1%AC%20%E8%8F%AF%E5%8D%97%E8%8B%A7%E9%BA%BB%20%E8%95%81%E9%BA%BB%E7%A7%91 HTTP/1.1" 200 28367
117.56.165.54 - - [11/May/2016:08:29:58 +0800] "GET /content/repository/resource_content.jsp?oid=1622265 HTTP/1.1" 200 28989
117.56.165.54 - - [11/May/2016:08:29:59 +0800] "GET /content/nav/relationSubject.jsp?relationWords=%E5%BA%9C%E5%BB%BA%E6%B0%B4+%E6%95%88%E7%8E%87+%E6%95%88%E7%8E%87%E6%A1%88+%E6%B0%B4%E5%AD%97+&oid=1622265 HTTP/1.1" 200 3528
220.181.108.181 - - [11/May/2016:08:31:15 +0800] "GET /digiarch_en/content/subject/resource_content.jsp?oid=16777489&queryType=qc HTTP/1.1" 200 69886
66.249.71.60 - - [11/May/2016:08:32:31 +0800] "GET /content/nav/relationSubject.jsp?relationWords=&oid=2605218 HTTP/1.1" 200 1405
66.249.79.139 - - [11/May/2016:08:33:36 +0800] "GET /content/repository/resource_content.jsp?oid=1581970&queryString=%E6%8A%80%E5%A3%AB%20%E9%87%8C%E5%B9%B9%E4%BA%8B HTTP/1.1" 200 29098
66.249.79.186 - - [11/May/2016:08:33:55 +0800] "GET /digiarch3/content/nav/relationSubject.jsp?relationWords=%E5%BD%B0%E5%8C%96%E7%B8%A3%E8%AD%B0%E6%9C%83+%E7%9C%81%E6%94%BF%E5%BA%9C+%E8%87%BA%E5%8C%97%E5%B8%82+%E8%87%BA%E7%81%A3%E7%9C%81%E5%8F%83%E8%AD%B0%E6%9C%83+%E8%87%BA%E7%81%A3%E9%8A%80%E8%A1%8C+%E9%83%AD%E4%BF%AE%E7%A9%86+%E9%83%B5%E6%94%BF%E7%AE%A1%E7%90%86%E5%B1%80+&oid=1516230 HTTP/1.1" 200 4877
66.249.71.60 - - [11/May/2016:08:35:10 +0800] "GET /content/nav/relationSubject.jsp?relationWords=%E6%A4%8D%E7%89%A9%E7%95%8C%20%E7%9B%B8%E6%80%9D%E6%A8%B9%20%E7%9B%B8%E6%80%9D%E6%A8%B9%E5%B1%AC%20%E8%A0%B6%E8%B1%86%20%E9%9B%99%E5%AD%90%E8%91%89%20%E9%9B%99%E5%AD%90%E8%91%89%E6%A4%8D%E7%89%A9%20&oid=2148639 HTTP/1.1" 200 4275
66.249.71.60 - - [11/May/2016:08:35:32 +0800] "GET /content/repository/resource_content.jsp?oid=3821806&queryString=%E6%A4%8D%E7%89%A9%E7%95%8C%20%E6%A6%95%E5%B1%AC%20%E6%BF%B1%E6%A6%95 HTTP/1.1" 200 31023
66.249.66.15 - - [11/May/2016:08:36:14 +0800] "GET /content/repository/resource_content.jsp?oid=16069&queryString=%E6%97%A5%E6%9C%AC%E7%A6%BF%E9%A0%AD%E9%AF%8A%20%E8%99%8E%E7%A7%91 HTTP/1.1" 200 31163
66.249.77.85 - - [11/May/2016:08:37:28 +0800] "GET /content/subject/resource_content.jsp?oid=16777617&queryType=qc HTTP/1.1" 200 61005
66.249.77.97 - - [11/May/2016:08:38:49 +0800] "GET /content/repository/resource_content.jsp?oid=1538689&queryType=qs&queryString=%E5%90%B3%E9%83%AD%E9%AD%9A HTTP/1.1" 200 28912
180.153.236.106 - - [11/May/2016:08:38:49 +0800] "GET /content/repository/resource_content.jsp?oid=1124480&queryType=qc HTTP/1.1" 200 36362
66.249.71.23 - - [11/May/2016:08:39:24 +0800] "GET /content/repository/resource_content.jsp?oid=2568709&queryType=qs&queryString=%E5%81%B7%E6%B8%A1 HTTP/1.1" 200 30423
66.249.71.64 - - [11/May/2016:08:39:25 +0800] "GET /content/nav/relationSubject.jsp?relationWords=%E5%B1%B1%E5%9C%B0%E9%84%89+%E5%B1%B1%E8%83%9E+&oid=1614273 HTTP/1.1" 200 3749
66.249.71.64 - - [11/May/2016:08:39:34 +0800] "GET /content/nav/relationSubject.jsp?relationWords=%E5%B1%B1%E5%9C%B0%E9%84%89%20%E5%B1%B1%E8%83%9E%20&oid=1614273 HTTP/1.1" 200 3749
66.249.71.188 - - [11/May/2016:08:40:08 +0800] "GET /content/nav/relationSubject.jsp?relationWords=&oid=2667371 HTTP/1.1" 200 1405
66.249.79.207 - - [11/May/2016:08:40:51 +0800] "GET /content/nav/relationSubject.jsp?relationWords=%E5%B7%A1%E6%92%AB+%E6%B9%96%E5%BB%A3+&oid=2544383 HTTP/1.1" 200 3119
66.249.71.64 - - [11/May/2016:08:40:54 +0800] "GET /content/nav/relationSubject.jsp?relationWords=%E5%B7%A1%E6%92%AB%20%E6%B9%96%E5%BB%A3%20&oid=2544383 HTTP/1.1" 200 3119
66.249.71.113 - - [11/May/2016:08:41:20 +0800] "GET /content/repository/resource_content.jsp?oid=2680756&queryType=qs&queryString=%E5%85%B8%E7%B1%8D%E5%BB%B3 HTTP/1.1" 200 30638
66.249.71.64 - - [11/May/2016:08:41:26 +0800] "GET /content/nav/relationSubject.jsp?relationWords=%E9%BB%83%E6%A7%90+&oid=16777404 HTTP/1.1" 200 2928
66.249.71.60 - - [11/May/2016:08:41:28 +0800] "GET /content/nav/relationSubject.jsp?relationWords=%E9%BB%83%E6%A7%90%20&oid=16777404 HTTP/1.1" 200 2928
66.249.71.64 - - [11/May/2016:08:42:11 +0800] "GET /content/nav/relationSubject.jsp?relationWords=%E4%B8%8B%E6%B0%B4%E9%81%93+%E5%BB%BA%E7%AF%89%E6%B3%95+%E7%95%B8%E9%9B%B6%E5%9C%B0+%E8%98%86%E6%B4%B2+%E8%98%86%E6%B4%B2%E9%84%89+%E9%9B%A8%E6%B0%B4%E4%B8%8B%E6%B0%B4%E9%81%93+&oid=1628059 HTTP/1.1" 200 4080
66.249.71.64 - - [11/May/2016:08:43:17 +0800] "GET /content/repository/resource_content.jsp?oid=1780307&queryString=%E9%95%B7%E6%A2%9D%E8%B2%9D%E5%A1%8A%E9%A0%85%E9%A3%BE HTTP/1.1" 200 29284
203.67.246.242 - - [11/May/2016:08:43:40 +0800] "GET /digiarch3/content/subject/resource_content.jsp?oid=16777349&queryType=qc HTTP/1.1" 200 36487
203.67.246.242 - - [11/May/2016:08:43:41 +0800] "GET /digiarch3/content/nav/relationSubject.jsp?relationWords=%E9%9D%92%E5%89%9B+%E9%9D%92%E5%89%9B%E6%AB%9F+&oid=16777349 HTTP/1.1" 200 4048
40.77.167.93 - - [11/May/2016:08:44:11 +0800] "GET /content/repository/resource_content.jsp?oid=1599767&queryType=qs&queryString=%E5%AE%89%E5%85%A8%E5%B8%BD HTTP/1.1" 200 45537
182.118.20.166 - - [11/May/2016:08:44:23 +0800] "GET /content/pictures/picture_content.jsp?oid=33554784&queryType=qc HTTP/1.1" 200 27807
66.249.79.135 - - [11/May/2016:08:44:46 +0800] "GET /content/nav/relationSubject.jsp?relationWords=%E5%90%B3%E9%83%AD%E9%AD%9A%20%E8%A1%A8%E5%BD%B0%20&oid=1538689 HTTP/1.1" 200 3454
101.226.168.231 - - [11/May/2016:08:44:48 +0800] "GET /content/subject/resource_content.jsp?oid=16777731&queryType=qc HTTP/1.1" 200 43399
66.249.71.5 - - [11/May/2016:08:44:49 +0800] "GET /content/nav/relationSubject.jsp?relationWords=%E5%8D%B0%E5%BA%A6%E9%B0%B3+%E5%9C%93%E7%9C%BC%E4%BB%94+%E9%BB%91%E5%8F%A3%E9%B0%B3+&oid=14346 HTTP/1.1" 200 3363
66.249.71.5 - - [11/May/2016:08:45:01 +0800] "GET /content/nav/relationSubject.jsp?relationWords=%E5%8D%B0%E5%BA%A6%E9%B0%B3%20%E5%9C%93%E7%9C%BC%E4%BB%94%20%E9%BB%91%E5%8F%A3%E9%B0%B3%20&oid=14346 HTTP/1.1" 200 3363
66.249.71.113 - - [11/May/2016:08:45:12 +0800] "GET /content/repository/resource_content.jsp?oid=2586664&queryType=qs&queryString=%E9%85%83%E7%B8%A3 HTTP/1.1" 200 29218
121.254.125.215 - - [11/May/2016:08:45:36 +0800] "GET /content/nav/relationSubject.jsp?relationWords=%E8%8B%A6%E8%8B%93+&oid=16777317 HTTP/1.1" 200 3183
66.249.77.85 - - [11/May/2016:08:45:40 +0800] "GET /content/nav/relationSubject.jsp?relationWords=%E5%8F%B2%E5%8D%9A%E9%A4%A8+%E6%AD%B7%E5%8F%B2%E5%8D%9A%E7%89%A9%E9%A4%A8+%E7%90%86%E4%BA%8B%E6%9C%83+%E9%9B%86%E5%B9%A3%E5%8D%94%E6%9C%83+&oid=2470608 HTTP/1.1" 200 4717
66.249.77.85 - - [11/May/2016:08:45:42 +0800] "GET /content/nav/relationSubject.jsp?relationWords=%E5%8F%B2%E5%8D%9A%E9%A4%A8%20%E6%AD%B7%E5%8F%B2%E5%8D%9A%E7%89%A9%E9%A4%A8%20%E7%90%86%E4%BA%8B%E6%9C%83%20%E9%9B%86%E5%B9%A3%E5%8D%94%E6%9C%83%20&oid=2470608 HTTP/1.1" 200 4717
66.249.71.113 - - [11/May/2016:08:47:09 +0800] "GET /content/repository/resource_content.jsp?oid=1540367&queryType=qs&queryString=%E6%9D%BE%E5%90%9B HTTP/1.1" 200 29134
68.180.230.90 - - [11/May/2016:08:47:09 +0800] "GET /content/subject/resource_content.jsp?oid=16777780&queryType=qc HTTP/1.1" 200 33936
66.249.71.64 - - [11/May/2016:08:48:25 +0800] "GET /content/nav/relationSubject.jsp?relationWords=%E6%A5%93%E6%A8%B9+%E6%A5%93%E6%A8%B9%E5%B1%AC+&oid=1097132 HTTP/1.1" 200 3376
66.249.71.72 - - [11/May/2016:08:48:28 +0800] "GET /content/nav/relationSubject.jsp?relationWords=%E6%A5%93%E6%A8%B9%20%E6%A5%93%E6%A8%B9%E5%B1%AC%20&oid=1097132 HTTP/1.1" 200 3376
91.200.12.106 - - [11/May/2016:08:48:49 +0800] "GET /content/tmp_auth/resource_content.jsp?oid=16777777 HTTP/1.0" 200 29381
66.249.71.188 - - [11/May/2016:08:49:05 +0800] "GET /content/repository/resource_content.jsp?oid=2565261&queryType=qs&queryString=%E6%9E%97%E8%8B%B1 HTTP/1.1" 200 29550
141.8.132.82 - - [11/May/2016:08:49:05 +0800] "GET /content/subject/resource_content.jsp?oid=16777699&queryType=qc HTTP/1.1" 200 54121
141.8.132.82 - - [11/May/2016:08:49:29 +0800] "GET /content/subject/resource_content.jsp?oid=16777492&queryType=qc HTTP/1.1" 200 35491
66.249.71.64 - - [11/May/2016:08:50:12 +0800] "GET /content/nav/relationSubject.jsp?relationWords=%E4%BE%9B%E6%B0%B4+%E5%93%81%E8%B3%AA+%E5%93%81%E8%B3%AA%E6%A1%88+%E6%B0%B4%E5%85%AC%E5%8F%B8+%E7%9C%81%E6%94%BF%E5%BA%9C+%E7%AE%A1%E7%B7%9A+%E8%87%AA%E4%BE%86%E6%B0%B4+%E8%B2%A2%E5%AF%AE+&oid=1623315 HTTP/1.1" 200 4747
1.175.22.80 - - [11/May/2016:08:50:40 +0800] "GET /content/repository/resource_content.jsp?oid=4353612&queryString=%E9%9B%9E%E9%AD%9A HTTP/1.1" 200 34881
1.175.22.80 - - [11/May/2016:08:50:40 +0800] "GET /content/nav/relationSubject.jsp?relationWords=%E9%9B%9E%E9%AD%9A+&oid=4353612 HTTP/1.1" 200 3400
141.8.132.82 - - [11/May/2016:08:50:49 +0800] "GET /content/pictures/picture_content.jsp?oid=33554811 HTTP/1.1" 200 27679
66.249.71.64 - - [11/May/2016:08:51:01 +0800] "GET /content/repository/resource_content.jsp?oid=1614612 HTTP/1.1" 200 28946
141.8.132.82 - - [11/May/2016:08:51:17 +0800] "GET /content/pictures/picture_content.jsp?oid=33554804 HTTP/1.1" 200 27658
141.8.132.82 - - [11/May/2016:08:51:47 +0800] "GET /content/subject/resource_content.jsp?oid=16797259&queryType=qc HTTP/1.1" 200 44075
68.180.230.99 - - [11/May/2016:08:51:55 +0800] "GET /content/subject/resource_content.jsp?oid=16777513&queryType=qc HTTP/1.1" 200 28625
60.251.205.96 - - [11/May/2016:08:52:17 +0800] "GET /content/nav/relationSubject.jsp?relationWords=%E5%8D%83%E5%B9%B4%E6%A1%90+%E6%A1%90%E8%8A%B1+%E6%B2%B9%E6%A1%90+&oid=16777599 HTTP/1.1" 200 3738
141.8.132.82 - - [11/May/2016:08:52:19 +0800] "GET /content/subject/resource_content.jsp?oid=16777803&queryType=qc HTTP/1.1" 200 33497
66.249.71.105 - - [11/May/2016:08:52:42 +0800] "GET /content/nav/relationSubject.jsp?relationWords=%E5%B7%A5%E9%83%A8+%E7%AF%80%E5%AD%9D+%E7%AF%80%E5%AD%9D%E7%A5%A0+&oid=3120897 HTTP/1.1" 200 3153
66.249.79.105 - - [11/May/2016:08:52:46 +0800] "GET /content/nav/relationSubject.jsp?relationWords=%E5%B7%A5%E9%83%A8%20%E7%AF%80%E5%AD%9D%20%E7%AF%80%E5%AD%9D%E7%A5%A0%20&oid=3120897 HTTP/1.1" 200 3153
66.249.71.72 - - [11/May/2016:08:52:57 +0800] "GET /content/repository/resource_content.jsp?oid=4351765&queryString=%E9%8B%B8%E9%BD%92%E8%A3%B8%E8%83%B8%E9%AF%99 HTTP/1.1" 200 33895
40.77.167.26 - - [11/May/2016:08:53:31 +0800] "GET /content/subject/resource_content.jsp?oid=16777535 HTTP/1.1" 200 35604
68.180.230.90 - - [11/May/2016:08:53:40 +0800] "GET /content/subject/resource_content.jsp?oid=16777639&queryType=qc HTTP/1.1" 200 57051
66.249.71.64 - - [11/May/2016:08:54:18 +0800] "GET /content/nav/relationSubject.jsp?relationWords=%E5%B1%B1%E9%AC%BC+%E6%A4%8D%E7%89%A9%E7%95%8C+%E7%8E%89%E5%B1%B1%E9%AC%BC%E7%9D%A3%E9%83%B5+%E8%8F%8A%E7%A7%91+%E9%9B%99%E5%AD%90%E8%91%89+%E9%9B%99%E5%AD%90%E8%91%89%E6%A4%8D%E7%89%A9+%E9%AC%BC%E7%9D%A3%E9%83%B5+%E9%AC%BC%E7%9D%A3%E9%83%B5%E5%B1%AC+&oid=1101923 HTTP/1.1" 200 3617
66.249.79.214 - - [11/May/2016:08:54:19 +0800] "GET /content/nav/relationSubject.jsp?relationWords=%E5%B1%B1%E9%AC%BC%20%E6%A4%8D%E7%89%A9%E7%95%8C%20%E7%8E%89%E5%B1%B1%E9%AC%BC%E7%9D%A3%E9%83%B5%20%E8%8F%8A%E7%A7%91%20%E9%9B%99%E5%AD%90%E8%91%89%20%E9%9B%99%E5%AD%90%E8%91%89%E6%A4%8D%E7%89%A9%20%E9%AC%BC%E7%9D%A3%E9%83%B5%20%E9%AC%BC%E7%9D%A3%E9%83%B5%E5%B1%AC%20&oid=1101923 HTTP/1.1" 200 3617
66.249.71.5 - - [11/May/2016:08:54:23 +0800] "GET /digiarch3/content/nav/relationSubject.jsp?relationWords=%E5%9B%9B%E5%B8%B6%E7%9F%B3%E9%B1%B8+%E5%B2%B8%E4%B8%8A%E6%B0%8F%E9%AB%AD%E9%AF%9B+%E6%89%93%E9%90%B5%E5%A9%86+%E7%9F%B3%E9%B1%B8+%E7%B8%B1%E5%B8%B6+%E7%B8%B1%E5%B8%B6%E9%AB%AD%E9%AF%9B+%E9%AB%AD%E9%AF%9B+&oid=15360 HTTP/1.1" 200 3701
66.249.71.64 - - [11/May/2016:08:54:53 +0800] "GET /content/subject/resource_content.jsp?oid=16777420&queryString=%E5%89%AA%E7%B4%99%20%E5%8F%B0%E7%81%A3%E5%8E%9F%E4%BD%8F%E6%B0%91%20%E8%A6%96%E8%A6%BA%20%E8%A6%96%E8%A6%BA%E8%A8%AD%E8%A8%88 HTTP/1.1" 200 30576
66.249.71.60 - - [11/May/2016:08:55:01 +0800] "GET /content/nav/relationSubject.jsp?relationWords=&oid=2601283 HTTP/1.1" 200 1405
66.249.71.121 - - [11/May/2016:08:55:02 +0800] "GET /content/nav/relationSubject.jsp?relationWords=%E7%B4%AC%E7%B7%9E+&oid=2656536 HTTP/1.1" 200 3093
40.77.167.42 - - [11/May/2016:08:55:31 +0800] "GET /content/repository/resource_content.jsp?oid=1123174&queryString=%E5%88%BA%E8%9D%9F%20%E7%8F%8A%E7%91%9A%E8%9E%BA%E7%A7%91%20%E8%85%B9%E8%B6%B3%E7%B6%B1%20%E8%8A%B1%E4%BB%99%E8%9E%BA HTTP/1.1" 200 32589
40.77.167.26 - - [11/May/2016:08:55:35 +0800] "GET /content/repository/resource_content.jsp?oid=1555477&queryString=%E4%B8%81%E8%98%AD%20%E4%B8%81%E8%98%AD%E5%B0%BA HTTP/1.1" 200 29121
40.77.167.26 - - [11/May/2016:08:55:36 +0800] "GET /content/repository/resource_content.jsp?oid=4362280&queryType=qs&queryString=%E5%AE%98%E6%9C%AC HTTP/1.1" 200 34895
66.249.71.60 - - [11/May/2016:08:55:38 +0800] "GET /content/nav/relationSubject.jsp?relationWords=%E9%99%B3%E7%9A%86%E8%88%88+&oid=1542113 HTTP/1.1" 200 4698
66.249.71.60 - - [11/May/2016:08:55:40 +0800] "GET /content/nav/relationSubject.jsp?relationWords=&oid=2569217 HTTP/1.1" 200 1405
66.249.71.60 - - [11/May/2016:08:55:41 +0800] "GET /content/nav/relationSubject.jsp?relationWords=%E9%99%B3%E7%9A%86%E8%88%88%20&oid=1542113 HTTP/1.1" 200 4698
182.118.22.230 - - [11/May/2016:08:55:48 +0800] "GET /content/subject/resource_content.jsp?oid=16777585&queryType=qc HTTP/1.1" 200 40522
66.249.71.60 - - [11/May/2016:08:56:31 +0800] "GET /content/nav/relationSubject.jsp?relationWords=%E5%9C%93%E6%B5%B7%E7%87%95+%E6%B5%B7%E7%87%95+%E7%87%95%E9%AD%9A+%E7%99%BD%E9%AF%A7+%E7%99%BD%E9%AF%A7%E7%A7%91+%E9%AF%A7%E4%BB%94+&oid=16263 HTTP/1.1" 200 4316
157.55.39.245 - - [11/May/2016:08:56:41 +0800] "GET /content/repository/resource_content.jsp?oid=15445&queryString=%E5%88%BA%E5%B0%BE%E9%AD%9A%20%E5%88%BA%E5%B0%BE%E9%AF%9B%E7%A7%91%20%E7%B2%97%E7%9A%AE%E4%BB%94%20%E9%BB%83%E9%B0%AD%20%E9%BB%83%E9%B0%AD%E5%88%BA%E5%B0%BE%E9%AF%9B HTTP/1.1" 200 35841
66.249.77.85 - - [11/May/2016:08:56:49 +0800] "GET /content/subject/resource_content.jsp?oid=16777753&queryType=qs&queryString=%E8%A1%8C%E5%8B%95%E8%A3%9D%E7%BD%AE HTTP/1.1" 200 36883
220.134.29.217 - - [11/May/2016:08:56:52 +0800] "GET /content/repository/resource_content.jsp?oid=14669&queryType=qs&queryString=%E9%B6%B4%E9%B1%B5 HTTP/1.1" 200 35870
68.180.230.90 - - [11/May/2016:08:56:57 +0800] "GET /content/subject/resource_content.jsp?oid=16777443 HTTP/1.1" 200 40095
66.249.71.60 - - [11/May/2016:08:57:02 +0800] "GET /content/nav/relationSubject.jsp?relationWords=&oid=2587709 HTTP/1.1" 200 1405
66.249.71.14 - - [11/May/2016:08:57:34 +0800] "GET /digiarch3/content/repository/resource_content.jsp?oid=1598498&queryType=qs&queryString=%E7%9F%B3%E9%A0%AD%E5%85%AC HTTP/1.1" 200 29221
66.249.71.105 - - [11/May/2016:08:58:45 +0800] "GET /content/repository/resource_content.jsp?oid=2519914&queryType=qs&queryString=%E5%BA%B7%E7%86%99%E5%85%AD%E5%8D%81%E5%B9%B4 HTTP/1.1" 200 30219
66.249.71.60 - - [11/May/2016:08:58:57 +0800] "GET /content/nav/relationSubject.jsp?relationWords=%E5%88%BB%E7%B4%8B%E7%99%BD%E9%99%B6+%E5%8A%83%E5%88%BB%E7%B4%8B+%E5%9C%88%E8%B6%B3+%E5%9C%88%E8%B6%B3%E7%89%87+%E7%99%BD%E9%99%B6+&oid=1881983 HTTP/1.1" 200 3244
66.249.71.60 - - [11/May/2016:08:59:00 +0800] "GET /content/nav/relationSubject.jsp?relationWords=%E5%88%BB%E7%B4%8B%E7%99%BD%E9%99%B6%20%E5%8A%83%E5%88%BB%E7%B4%8B%20%E5%9C%88%E8%B6%B3%20%E5%9C%88%E8%B6%B3%E7%89%87%20%E7%99%BD%E9%99%B6%20&oid=1881983 HTTP/1.1" 200 3244
66.249.71.72 - - [11/May/2016:09:00:41 +0800] "GET /content/repository/resource_content.jsp?oid=15460&queryString=%E4%B8%89%E7%89%99%20%E7%9F%B3%E9%A6%96%E9%AD%9A%20%E7%9F%B3%E9%A6%96%E9%AD%9A%E7%A7%91%20%E7%B4%85%E7%89%99 HTTP/1.1" 200 37675
66.249.71.60 - - [11/May/2016:09:01:31 +0800] "GET /content/nav/relationSubject.jsp?relationWords=%E9%A1%8C%E8%AC%9D+%E9%A1%8C%E8%AC%9D%E8%A3%9C%E6%8E%88+&oid=2550577 HTTP/1.1" 200 3155
66.249.71.72 - - [11/May/2016:09:01:33 +0800] "GET /content/nav/relationSubject.jsp?relationWords=%E9%A1%8C%E8%AC%9D%20%E9%A1%8C%E8%AC%9D%E8%A3%9C%E6%8E%88%20&oid=2550577 HTTP/1.1" 200 3155
68.180.230.90 - - [11/May/2016:09:02:23 +0800] "GET /content/subject/resource_content.jsp?oid=16777463&queryType=qc HTTP/1.1" 200 28400
66.249.71.60 - - [11/May/2016:09:02:37 +0800] "GET /content/repository/resource_content.jsp?oid=1611689 HTTP/1.1" 200 28715
66.249.71.64 - - [11/May/2016:09:04:34 +0800] "GET /content/repository/resource_content.jsp?oid=1774946 HTTP/1.1" 200 28433
66.249.71.5 - - [11/May/2016:09:05:06 +0800] "GET /digiarch3/content/nav/relationSubject.jsp?relationWords=%E5%AE%89%E5%85%A8%E6%A1%88+%E7%9F%B3%E9%A0%AD%E5%85%AC+%E7%A4%BE%E9%A0%AD%E9%84%89+%E8%BE%B2%E7%89%A7+%E8%BE%B2%E7%89%A7%E5%B1%80+&oid=1598498 HTTP/1.1" 200 3499
66.249.71.5 - - [11/May/2016:09:05:08 +0800] "GET /digiarch3/content/nav/relationSubject.jsp?relationWords=%E5%AE%89%E5%85%A8%E6%A1%88%20%E7%9F%B3%E9%A0%AD%E5%85%AC%20%E7%A4%BE%E9%A0%AD%E9%84%89%20%E8%BE%B2%E7%89%A7%20%E8%BE%B2%E7%89%A7%E5%B1%80%20&oid=1598498 HTTP/1.1" 200 3499
52.3.127.144 - - [11/May/2016:09:06:03 +0800] "GET /digiarch_en/content/subject/resource_content.jsp?oid=16777731&queryType=qc HTTP/1.1" 200 40629
68.180.230.90 - - [11/May/2016:09:06:19 +0800] "GET /content/pictures/picture_content.jsp?oid=33554691&queryType=qc HTTP/1.1" 200 27577
66.249.71.72 - - [11/May/2016:09:06:26 +0800] "GET /content/nav/relationSubject.jsp?relationWords=%E5%9C%96%E9%9B%86%E5%90%8D+%E5%B9%B3%E9%9D%A2%E5%9C%96+&oid=173407 HTTP/1.1" 200 6083
66.249.71.60 - - [11/May/2016:09:06:30 +0800] "GET /content/repository/resource_content.jsp?oid=1842992 HTTP/1.1" 200 28951
91.200.12.106 - - [11/May/2016:09:07:17 +0800] "GET /content/tmp_auth/resource_content.jsp?oid=16777777 HTTP/1.0" 200 29381
66.249.71.64 - - [11/May/2016:09:07:36 +0800] "GET /content/nav/relationSubject.jsp?relationWords=%E5%85%AD%E9%81%93%E6%9C%A8+%E5%85%AD%E9%81%93%E6%9C%A8%E5%B1%AC+%E5%8F%B0%E7%81%A3%E7%B3%AF%E7%B1%B3%E6%A2%9D+%E5%BF%8D%E5%86%AC+%E5%BF%8D%E5%86%AC%E7%A7%91+%E6%A4%8D%E7%89%A9%E7%95%8C+%E7%B3%AF%E7%B1%B3%E6%A2%9D+&oid=1100011 HTTP/1.1" 200 3490
66.249.71.60 - - [11/May/2016:09:07:55 +0800] "GET /content/nav/relationSubject.jsp?relationWords=%E5%85%AD%E9%81%93%E6%9C%A8%20%E5%85%AD%E9%81%93%E6%9C%A8%E5%B1%AC%20%E5%8F%B0%E7%81%A3%E7%B3%AF%E7%B1%B3%E6%A2%9D%20%E5%BF%8D%E5%86%AC%20%E5%BF%8D%E5%86%AC%E7%A7%91%20%E6%A4%8D%E7%89%A9%E7%95%8C%20%E7%B3%AF%E7%B1%B3%E6%A2%9D%20&oid=1100011 HTTP/1.1" 200 3490
66.249.71.64 - - [11/May/2016:09:07:58 +0800] "GET /content/nav/relationSubject.jsp?relationWords=%E8%97%8D%E9%BB%9E%E9%A6%AC%E9%AE%AB+%E9%A6%AC%E5%8A%A0%E9%B0%86+%E9%AF%96%E7%A7%91+&oid=16349 HTTP/1.1" 200 3460
66.249.77.91 - - [11/May/2016:09:08:26 +0800] "GET /content/subject/resource_content.jsp?oid=16777769&queryType=qc HTTP/1.1" 200 41392
61.56.136.92 - - [11/May/2016:09:08:36 +0800] "GET /content/subject/resource_content.jsp?oid=16777706 HTTP/1.1" 200 53891
61.56.136.92 - - [11/May/2016:09:08:39 +0800] "GET /content/nav/relationSubject.jsp?relationWords=%E5%A0%A1%E5%9C%96+&oid=16777706 HTTP/1.1" 200 2864
66.249.66.9 - - [11/May/2016:09:08:46 +0800] "GET /content/repository/resource_content.jsp?oid=2623137 HTTP/1.1" 200 29472
66.249.71.23 - - [11/May/2016:09:10:06 +0800] "GET /digiarch3/content/subject/resource_content.jsp?oid=16777497&queryType=qs&queryString=%E7%B8%BD%E7%B5%B1%E5%BA%9C HTTP/1.1" 200 40714
66.249.71.72 - - [11/May/2016:09:10:12 +0800] "GET /content/nav/relationSubject.jsp?relationWords=%E5%B7%A1%E6%92%AB+&oid=2518193 HTTP/1.1" 200 3084
66.249.71.64 - - [11/May/2016:09:10:22 +0800] "GET /content/repository/resource_content.jsp?oid=1542054 HTTP/1.1" 200 28863
66.249.71.60 - - [11/May/2016:09:10:38 +0800] "GET /content/nav/relationSubject.jsp?relationWords=%E7%8B%97%E9%B0%B7+&oid=15915 HTTP/1.1" 200 3423
66.249.71.60 - - [11/May/2016:09:10:40 +0800] "GET /content/nav/relationSubject.jsp?relationWords=%E7%8B%97%E9%B0%B7%20&oid=15915 HTTP/1.1" 200 3423
66.249.71.60 - - [11/May/2016:09:11:14 +0800] "GET /content/nav/relationSubject.jsp?relationWords=&oid=1813068 HTTP/1.1" 200 1405
220.134.29.217 - - [11/May/2016:09:12:18 +0800] "GET /content/repository/resource_content.jsp?oid=14669&queryType=qs&queryString=%E9%B6%B4%E9%B1%B5 HTTP/1.1" 200 35870
66.249.71.60 - - [11/May/2016:09:12:19 +0800] "GET /content/repository/resource_content.jsp?oid=4352490&queryString=%E6%9B%B3%E7%B5%B2%20%E6%9B%B3%E7%B5%B2%E9%B0%8F HTTP/1.1" 200 34326
220.134.29.217 - - [11/May/2016:09:12:19 +0800] "GET /content/nav/relationSubject.jsp?relationWords=%E5%AD%B8%E4%BB%94+%E5%AF%AC%E5%B0%BE%E9%B6%B4%E9%B1%B5+%E7%99%BD%E5%A4%A9%E9%9D%92%E6%97%97+%E9%87%9D%E9%AD%9A+%E9%9D%92%E6%97%97+%E9%B1%B5%E7%A7%91+%E9%B6%B4%E9%B1%B5+%E9%B6%B4%E9%B1%B5%E7%A7%91+&oid=14669 HTTP/1.1" 200 3671
66.249.71.60 - - [11/May/2016:09:12:28 +0800] "GET /content/nav/relationSubject.jsp?relationWords=%E5%90%90%E9%87%91%E8%8D%89+%E6%A4%8D%E7%89%A9%E7%95%8C+%E7%9F%B3%E8%83%A1+%E7%9F%B3%E8%83%A1%E8%8D%BD+%E7%9F%B3%E8%83%A1%E8%8D%BD%E5%B1%AC+%E8%83%A1%E8%8D%BD+%E8%8F%8A%E7%A7%91+%E9%9B%99%E5%AD%90%E8%91%89+%E9%9B%99%E5%AD%90%E8%91%89%E6%A4%8D%E7%89%A9+&oid=1104624 HTTP/1.1" 200 3624
66.249.71.113 - - [11/May/2016:09:14:14 +0800] "GET /content/repository/resource_content.jsp?oid=2637025&queryType=qs&queryString=%E5%8F%A4%E7%94%B0%E7%B8%A3 HTTP/1.1" 200 30202
68.180.230.90 - - [11/May/2016:09:14:48 +0800] "GET /content/subject/resource_content.jsp?oid=16777615&queryType=qc HTTP/1.1" 200 37930
66.249.71.64 - - [11/May/2016:09:16:10 +0800] "GET /content/repository/resource_content.jsp?oid=2623137 HTTP/1.1" 200 29472
66.249.71.60 - - [11/May/2016:09:16:11 +0800] "GET /content/nav/relationSubject.jsp?relationWords=%E6%85%B6%E7%A5%9D%E6%AF%8D%E8%A6%AA%E7%AF%80+%E6%AF%8D%E8%A6%AA%E7%AF%80+%E6%B5%81%E8%BD%89%E5%B9%B4%E8%8F%AF+&oid=16777588 HTTP/1.1" 200 5726
66.249.71.60 - - [11/May/2016:09:16:14 +0800] "GET /content/nav/relationSubject.jsp?relationWords=%E5%8F%83%E8%AD%B0%E5%93%A1+%E5%8F%83%E8%AD%B0%E6%9C%83+%E5%8F%B0%E7%81%A3%E7%9C%81+%E6%96%87%E7%9F%B3+%E6%BE%8E%E6%B9%96%E7%B8%A3+%E8%81%B7%E6%A5%AD%E5%AD%B8%E6%A0%A1+%E8%B3%AA%E8%A9%A2+%E9%99%B3%E6%96%87%E7%9F%B3+%E9%A0%86%E8%B3%A2+%E9%AB%98%E9%A0%86%E8%B3%A2+&oid=1519820 HTTP/1.1" 200 4248
66.249.71.60 - - [11/May/2016:09:16:19 +0800] "GET /content/repository/resource_content.jsp?oid=3814551&queryString=API%20%E5%9F%BA%E9%9A%86%E5%A4%A9%E8%83%A1%E8%8D%BD%20%E5%A4%A9%E8%83%A1%E8%8D%BD%E5%B1%AC%20%E6%A4%8D%E7%89%A9%E7%95%8C%20%E7%B9%96%E5%BD%A2%E7%A7%91%20%E9%9B%99%E5%AD%90%E8%91%89%E6%A4%8D%E7%89%A9 HTTP/1.1" 200 31687
66.249.71.60 - - [11/May/2016:09:17:34 +0800] "GET /content/nav/relationSubject.jsp?relationWords=%E5%85%AC%E8%B7%AF%E5%B1%80+%E6%97%85%E5%AE%A2%E6%A1%88+&oid=1614612 HTTP/1.1" 200 4597
61.43.146.85 - - [11/May/2016:09:18:04 +0800] "GET /content/repository/resource_content.jsp?oid=207962 HTTP/1.1" 200 30583
66.249.77.91 - - [11/May/2016:09:18:06 +0800] "GET /content/repository/resource_content.jsp?oid=2676534&queryType=qs&queryString=%E7%89%99%E5%B8%96 HTTP/1.1" 200 30465
61.43.146.85 - - [11/May/2016:09:18:08 +0800] "GET /content/nav/relationSubject.jsp?relationWords=%E4%B8%AD%E5%9C%8B%E5%A4%A7%E9%99%B8%E5%9C%B0%E5%9C%96+%E9%B3%B3%E9%99%BD+&oid=207962 HTTP/1.1" 200 3218
42.72.65.154 - - [11/May/2016:09:18:49 +0800] "GET /content/nav/relationSubject.jsp?relationWords=%E5%8F%B0%E7%81%A3%E6%AC%92%E6%A8%B9+%E6%AC%92%E6%A8%B9+%E8%8B%A6%E8%8B%93+%E8%8B%A6%E8%8B%93%E8%88%85+&oid=16777254 HTTP/1.1" 200 4383
66.249.71.5 - - [11/May/2016:09:19:04 +0800] "GET /digiarch3/content/nav/relationSubject.jsp?relationWords=%E6%A1%94%E6%A2%97+%E6%A1%94%E6%A2%97%E7%A7%91+%E6%A4%8D%E7%89%A9%E7%95%8C+%E6%B2%99%E5%8F%83+%E6%B2%99%E5%8F%83%E5%B1%AC+%E9%AB%98%E5%B1%B1%E6%B2%99%E5%8F%83+&oid=1104680 HTTP/1.1" 200 3437
66.249.71.60 - - [11/May/2016:09:20:03 +0800] "GET /content/repository/resource_content.jsp?oid=3821698&queryString=%E5%85%AB%E4%BB%99%E8%8A%B1%E5%B1%AC%20%E6%A4%8D%E7%89%A9%E7%95%8C%20%E7%8B%B9%E7%93%A3%E5%85%AB%E4%BB%99%E8%8A%B1%20%E8%96%94%E8%96%87%E7%9B%AE%20%E8%99%8E%E8%80%B3%E8%8D%89%E7%A7%91 HTTP/1.1" 200 31725
59.115.90.41 - - [11/May/2016:09:20:08 +0800] "GET /content/nav/relationSubject.jsp?relationWords=&oid=16777342 HTTP/1.1" 200 1405
66.249.71.121 - - [11/May/2016:09:20:16 +0800] "GET /content/nav/relationSubject.jsp?relationWords=%E5%95%86%E6%BC%81+%E8%88%A1%E9%9A%BB+&oid=2665430 HTTP/1.1" 200 3104
66.249.71.72 - - [11/May/2016:09:20:38 +0800] "GET /content/nav/relationSubject.jsp?relationWords=%E5%85%AB%E4%BB%99%E8%8A%B1+%E5%85%AB%E4%BB%99%E8%8A%B1%E5%B1%AC+%E6%A4%8D%E7%89%A9%E7%95%8C+%E7%8B%B9%E7%93%A3%E5%85%AB%E4%BB%99+%E7%8B%B9%E7%93%A3%E5%85%AB%E4%BB%99%E8%8A%B1+%E8%80%B3%E8%8D%89+%E8%96%94%E8%96%87%E7%9B%AE+%E8%99%8E%E8%80%B3+%E8%99%8E%E8%80%B3%E8%8D%89+%E8%99%8E%E8%80%B3%E8%8D%89%E7%A7%91+&oid=3821698 HTTP/1.1" 200 3676
66.249.71.72 - - [11/May/2016:09:20:40 +0800] "GET /content/nav/relationSubject.jsp?relationWords=%E5%85%AB%E4%BB%99%E8%8A%B1%20%E5%85%AB%E4%BB%99%E8%8A%B1%E5%B1%AC%20%E6%A4%8D%E7%89%A9%E7%95%8C%20%E7%8B%B9%E7%93%A3%E5%85%AB%E4%BB%99%20%E7%8B%B9%E7%93%A3%E5%85%AB%E4%BB%99%E8%8A%B1%20%E8%80%B3%E8%8D%89%20%E8%96%94%E8%96%87%E7%9B%AE%20%E8%99%8E%E8%80%B3%20%E8%99%8E%E8%80%B3%E8%8D%89%20%E8%99%8E%E8%80%B3%E8%8D%89%E7%A7%91%20&oid=3821698 HTTP/1.1" 200 3676
66.249.71.64 - - [11/May/2016:09:20:56 +0800] "GET /content/nav/relationSubject.jsp?relationWords=%E5%8E%9A%E6%AE%BC%E4%BB%94+%E7%9C%B6%E9%8B%B8%E9%9B%80%E9%AF%9B+%E8%83%B8%E6%96%91+%E8%97%8D%E7%B4%8B%E9%AB%98%E8%BA%AB+%E8%97%8D%E7%B4%8B%E9%AB%98%E8%BA%AB%E9%9B%80%E9%AF%9B+%E9%8B%B8%E9%9B%80%E9%AF%9B+%E9%9B%80%E9%AF%9B+%E9%9B%80%E9%AF%9B%E7%A7%91+%E9%AB%98%E8%BA%AB%E9%9B%80%E9%AF%9B+%E9%AF%9B%E7%A7%91+&oid=15703 HTTP/1.1" 200 3860
66.249.71.64 - - [11/May/2016:09:20:57 +0800] "GET /content/nav/relationSubject.jsp?relationWords=%E5%8E%9A%E6%AE%BC%E4%BB%94%20%E7%9C%B6%E9%8B%B8%E9%9B%80%E9%AF%9B%20%E8%83%B8%E6%96%91%20%E8%97%8D%E7%B4%8B%E9%AB%98%E8%BA%AB%20%E8%97%8D%E7%B4%8B%E9%AB%98%E8%BA%AB%E9%9B%80%E9%AF%9B%20%E9%8B%B8%E9%9B%80%E9%AF%9B%20%E9%9B%80%E9%AF%9B%20%E9%9B%80%E9%AF%9B%E7%A7%91%20%E9%AB%98%E8%BA%AB%E9%9B%80%E9%AF%9B%20%E9%AF%9B%E7%A7%91%20&oid=15703 HTTP/1.1" 200 3860
66.249.71.64 - - [11/May/2016:09:21:46 +0800] "GET /content/nav/relationSubject.jsp?relationWords=&oid=2599031 HTTP/1.1" 200 1405
66.249.71.60 - - [11/May/2016:09:21:57 +0800] "GET /content/subject/resource_content.jsp?oid=16777720&amp;queryType=qc HTTP/1.1" 200 29887
66.249.71.60 - - [11/May/2016:09:21:59 +0800] "GET /content/repository/resource_content.jsp?oid=2590375 HTTP/1.1" 200 29460
66.249.71.60 - - [11/May/2016:09:22:35 +0800] "GET /content/repository/resource_content.jsp?oid=1568628&queryString=%E5%BB%BA%E7%AF%89%E5%9F%B7%E7%85%A7%20%E5%BB%BA%E7%AF%89%E8%A8%AD%E8%A8%88%20%E8%A8%AD%E8%A8%88%E5%9C%96 HTTP/1.1" 200 32740
66.249.71.113 - - [11/May/2016:09:23:17 +0800] "GET /content/nav/relationSubject.jsp?relationWords=%E7%81%AB%E8%97%A5+%E7%81%AB%E8%97%A5%E7%BD%90+%E7%9B%9B%E5%85%B7+&oid=1782252 HTTP/1.1" 200 3166
66.249.71.121 - - [11/May/2016:09:23:19 +0800] "GET /content/nav/relationSubject.jsp?relationWords=%E7%81%AB%E8%97%A5%20%E7%81%AB%E8%97%A5%E7%BD%90%20%E7%9B%9B%E5%85%B7%20&oid=1782252 HTTP/1.1" 200 3166
66.249.71.113 - - [11/May/2016:09:23:55 +0800] "GET /content/repository/resource_content.jsp?oid=4411654&queryType=qs&queryString=%E9%8C%9B%E9%91%BF%E5%BD%A2%E5%99%A8 HTTP/1.1" 200 31405
182.118.20.168 - - [11/May/2016:09:24:02 +0800] "GET /content/tmp_exh/resource_content.jsp?oid=16777762&queryType=qc HTTP/1.1" 302 -
66.249.71.60 - - [11/May/2016:09:25:11 +0800] "GET /content/nav/relationSubject.jsp?relationWords=API+%E5%9F%BA%E9%9A%86%E5%A4%A9%E8%83%A1%E8%8D%BD+%E5%A4%A9%E8%83%A1%E8%8D%BD+%E5%A4%A9%E8%83%A1%E8%8D%BD%E5%B1%AC+%E6%A4%8D%E7%89%A9%E7%95%8C+%E7%B9%96%E5%BD%A2%E7%A7%91+%E8%83%A1%E8%8D%BD+%E9%9B%99%E5%AD%90%E8%91%89+%E9%9B%99%E5%AD%90%E8%91%89%E6%A4%8D%E7%89%A9+&oid=3814551 HTTP/1.1" 200 3654
66.249.71.64 - - [11/May/2016:09:25:14 +0800] "GET /content/nav/relationSubject.jsp?relationWords=API%20%E5%9F%BA%E9%9A%86%E5%A4%A9%E8%83%A1%E8%8D%BD%20%E5%A4%A9%E8%83%A1%E8%8D%BD%20%E5%A4%A9%E8%83%A1%E8%8D%BD%E5%B1%AC%20%E6%A4%8D%E7%89%A9%E7%95%8C%20%E7%B9%96%E5%BD%A2%E7%A7%91%20%E8%83%A1%E8%8D%BD%20%E9%9B%99%E5%AD%90%E8%91%89%20%E9%9B%99%E5%AD%90%E8%91%89%E6%A4%8D%E7%89%A9%20&oid=3814551 HTTP/1.1" 200 3654
66.249.71.5 - - [11/May/2016:09:25:36 +0800] "GET /digiarch3/content/nav/relationSubject.jsp?relationWords=%E5%88%BA%E5%B0%BE%E9%AF%9B+%E5%88%BA%E5%B0%BE%E9%AF%9B%E7%A7%91+%E5%89%9D%E7%9A%AE%E4%BB%94+%E6%89%93%E9%90%B5%E5%A9%86+%E7%8D%A8%E8%A7%92%E5%80%92%E5%90%8A+%E7%9F%AD%E5%90%BB%E9%BC%BB%E9%AD%9A+%E7%9F%AD%E5%96%99%E9%BC%BB%E9%AD%9A+%E9%AF%9B%E7%A7%91+&oid=16300 HTTP/1.1" 200 3709
66.249.71.64 - - [11/May/2016:09:25:38 +0800] "GET /content/nav/relationSubject.jsp?relationWords=%E5%85%AC%E5%8B%99%E4%BA%BA%E5%93%A1+%E5%BB%BA%E7%AF%89%E5%9F%B7%E7%85%A7+%E5%BB%BA%E8%A8%AD%E5%BB%B3+%E5%BC%B5%E5%AF%8C+%E7%B8%A3%E8%BD%84%E5%B8%82+%E8%87%AA%E4%BE%86%E6%B0%B4+%E8%87%AA%E4%BE%86%E6%B0%B4%E5%BB%A0+%E8%87%BA%E7%81%A3%E7%9C%81+%E8%B2%A1%E6%94%BF+%E8%B3%AA%E8%A9%A2+%E9%83%BD%E5%B8%82%E8%A8%88%E5%8A%83+%E9%99%B3%E7%AD%86+&oid=1568628 HTTP/1.1" 200 4893
66.249.71.64 - - [11/May/2016:09:25:40 +0800] "GET /content/nav/relationSubject.jsp?relationWords=%E5%85%AC%E5%8B%99%E4%BA%BA%E5%93%A1%20%E5%BB%BA%E7%AF%89%E5%9F%B7%E7%85%A7%20%E5%BB%BA%E8%A8%AD%E5%BB%B3%20%E5%BC%B5%E5%AF%8C%20%E7%B8%A3%E8%BD%84%E5%B8%82%20%E8%87%AA%E4%BE%86%E6%B0%B4%20%E8%87%AA%E4%BE%86%E6%B0%B4%E5%BB%A0%20%E8%87%BA%E7%81%A3%E7%9C%81%20%E8%B2%A1%E6%94%BF%20%E8%B3%AA%E8%A9%A2%20%E9%83%BD%E5%B8%82%E8%A8%88%E5%8A%83%20%E9%99%B3%E7%AD%86%20&oid=1568628 HTTP/1.1" 200 4893
66.249.71.121 - - [11/May/2016:09:25:45 +0800] "GET /content/nav/relationSubject.jsp?relationWords=%E5%A5%B3%E5%B7%AB+%E5%B7%AB%E5%B8%AB+%E5%B7%AB%E8%A1%93+%E6%83%A0%E7%8E%B2+%E7%A5%AD%E5%84%80+&oid=4388188 HTTP/1.1" 200 4105
66.249.71.60 - - [11/May/2016:09:25:51 +0800] "GET /content/repository/resource_content.jsp?oid=1106377&queryString=%E5%B9%B9%E8%8A%B1%E6%A6%95%20%E6%A4%8D%E7%89%A9%E7%95%8C%20%E6%A6%95%E5%B1%AC HTTP/1.1" 200 31051
66.249.71.60 - - [11/May/2016:09:26:43 +0800] "GET /content/nav/relationSubject.jsp?relationWords=&oid=2596469 HTTP/1.1" 200 1405
180.76.15.15 - - [11/May/2016:09:27:02 +0800] "GET /content/repository/resource_content.jsp?oid=694086&queryType=qs&queryString=%E9%98%BF%E7%A9%86%E7%88%BE HTTP/1.1" 200 29194
223.141.140.242 - - [11/May/2016:09:27:32 +0800] "GET /content/repository/resource_content.jsp?oid=1621851 HTTP/1.1" 200 29206
223.141.140.242 - - [11/May/2016:09:27:35 +0800] "GET /content/nav/relationSubject.jsp?relationWords=%E5%85%AC%E8%B3%A3%E5%B1%80+%E5%9B%9B%E5%BA%9C+%E8%8F%B8%E9%85%92+%E8%8F%B8%E9%85%92%E5%85%AC%E8%B3%A3+%E8%8F%B8%E9%85%92%E5%85%AC%E8%B3%A3%E5%B1%80+&oid=1621851 HTTP/1.1" 200 4162
66.249.71.60 - - [11/May/2016:09:27:47 +0800] "GET /content/subject/resource_content.jsp?oid=16777820&queryType=qc HTTP/1.1" 200 36941
39.10.73.186 - - [11/May/2016:09:28:42 +0800] "GET /content/subject/resource_content.jsp?oid=16797240&queryType=qc HTTP/1.1" 200 42460
39.10.73.186 - - [11/May/2016:09:28:44 +0800] "GET /content/nav/relationSubject.jsp?relationWords=&oid=16797240 HTTP/1.1" 200 1405
66.249.71.60 - - [11/May/2016:09:29:32 +0800] "GET /content/nav/relationSubject.jsp?relationWords=%E7%B4%B0%E9%AF%BD+%E8%8F%8A%E6%B1%A0+%E8%8F%8A%E6%B1%A0%E6%B0%8F+%E8%8F%8A%E6%B1%A0%E6%B0%8F%E7%B4%B0%E9%AF%BD+%E8%8F%8A%E6%B1%A0%E7%B4%B0%E9%AF%BD+%E9%81%94%E5%8D%A1+%E9%AF%89%E7%A7%91+&oid=14379 HTTP/1.1" 200 3673
66.249.71.60 - - [11/May/2016:09:29:35 +0800] "GET /content/nav/relationSubject.jsp?relationWords=%E7%B4%B0%E9%AF%BD%20%E8%8F%8A%E6%B1%A0%20%E8%8F%8A%E6%B1%A0%E6%B0%8F%20%E8%8F%8A%E6%B1%A0%E6%B0%8F%E7%B4%B0%E9%AF%BD%20%E8%8F%8A%E6%B1%A0%E7%B4%B0%E9%AF%BD%20%E9%81%94%E5%8D%A1%20%E9%AF%89%E7%A7%91%20&oid=14379 HTTP/1.1" 200 3673
66.249.71.60 - - [11/May/2016:09:29:43 +0800] "GET /content/repository/resource_content.jsp?oid=2619114 HTTP/1.1" 200 29374
220.130.80.100 - - [11/May/2016:09:29:59 +0800] "GET /content/nav/relationSubject.jsp?relationWords=&oid=16777576 HTTP/1.1" 200 1405
66.249.71.60 - - [11/May/2016:09:30:17 +0800] "GET /content/nav/relationSubject.jsp?relationWords=%E5%8F%B0%E7%81%A3%E6%A6%BF%E6%9C%A8+%E5%8F%B0%E7%81%A3%E8%B5%A4%E6%A5%8A+%E6%A4%8D%E7%89%A9%E7%95%8C+%E6%A8%BA%E6%9C%A8+%E6%A8%BA%E6%9C%A8%E7%A7%91+%E8%B5%A4%E6%A5%8A+&oid=1102592 HTTP/1.1" 200 3604
66.249.71.60 - - [11/May/2016:09:30:20 +0800] "GET /content/nav/relationSubject.jsp?relationWords=%E5%8F%B0%E7%81%A3%E6%A6%BF%E6%9C%A8%20%E5%8F%B0%E7%81%A3%E8%B5%A4%E6%A5%8A%20%E6%A4%8D%E7%89%A9%E7%95%8C%20%E6%A8%BA%E6%9C%A8%20%E6%A8%BA%E6%9C%A8%E7%A7%91%20%E8%B5%A4%E6%A5%8A%20&oid=1102592 HTTP/1.1" 200 3604
66.249.71.121 - - [11/May/2016:09:31:30 +0800] "GET /content/nav/relationSubject.jsp?relationWords=%E6%95%99%E8%82%B2%E5%BB%B3+%E6%9D%BE%E5%90%9B+%E6%A0%A1%E8%88%8D+%E7%9C%81%E6%95%99%E8%82%B2%E5%BB%B3+%E7%9C%81%E8%AD%B0%E6%9C%83+%E8%87%A8%E6%99%82%E7%9C%81%E8%AD%B0%E6%9C%83+%E8%87%BA%E7%81%A3%E7%9C%81+%E8%87%BA%E7%81%A3%E7%9C%81%E6%95%99%E8%82%B2%E5%BB%B3+%E8%AC%9D%E5%A6%82%E6%9D%BE+&oid=1540367 HTTP/1.1" 200 5645
66.249.71.105 - - [11/May/2016:09:31:32 +0800] "GET /content/nav/relationSubject.jsp?relationWords=%E6%95%99%E8%82%B2%E5%BB%B3%20%E6%9D%BE%E5%90%9B%20%E6%A0%A1%E8%88%8D%20%E7%9C%81%E6%95%99%E8%82%B2%E5%BB%B3%20%E7%9C%81%E8%AD%B0%E6%9C%83%20%E8%87%A8%E6%99%82%E7%9C%81%E8%AD%B0%E6%9C%83%20%E8%87%BA%E7%81%A3%E7%9C%81%20%E8%87%BA%E7%81%A3%E7%9C%81%E6%95%99%E8%82%B2%E5%BB%B3%20%E8%AC%9D%E5%A6%82%E6%9D%BE%20&oid=1540367 HTTP/1.1" 200 5645
66.249.71.60 - - [11/May/2016:09:31:40 +0800] "GET /content/repository/resource_content.jsp?oid=801332 HTTP/1.1" 200 28215
61.60.224.227 - - [11/May/2016:09:31:44 +0800] "GET /content/subject/resource_content.jsp?oid=16797281&queryType=qc HTTP/1.1" 200 53085
61.60.224.227 - - [11/May/2016:09:31:46 +0800] "GET /content/nav/relationSubject.jsp?relationWords=%E5%AA%92%E9%AB%94+&oid=16797281 HTTP/1.1" 200 5011
66.249.71.5 - - [11/May/2016:09:32:27 +0800] "GET /content/nav/relationSubject.jsp?relationWords=%E7%99%BD%E9%99%B6+%E7%99%BD%E9%99%B6%E8%B1%86+%E9%99%B6%E8%B1%86+&oid=1847947 HTTP/1.1" 200 3125
66.249.71.14 - - [11/May/2016:09:32:36 +0800] "GET /content/nav/relationSubject.jsp?relationWords=%E7%99%BD%E9%99%B6%20%E7%99%BD%E9%99%B6%E8%B1%86%20%E9%99%B6%E8%B1%86%20&oid=1847947 HTTP/1.1" 200 3125
66.249.71.60 - - [11/May/2016:09:33:07 +0800] "GET /content/nav/relationSubject.jsp?relationWords=%E4%B8%AD%E5%9C%8B%E6%96%87%E5%8C%96%E5%AD%B8%E9%99%A2+%E5%B9%B3%E4%BA%A4%E9%81%93+%E6%9D%8E%E7%82%B3%E7%9B%9B+%E7%BD%B9%E9%9B%A3+%E8%87%BA%E5%8C%97%E5%B8%82+%E8%AD%B0%E9%95%B7+%E9%90%B5%E8%B7%AF%E5%B1%80+%E9%AB%98%E9%9B%84%E5%B8%82+&oid=1896470 HTTP/1.1" 200 5730
66.249.71.60 - - [11/May/2016:09:33:35 +0800] "GET /content/repository/resource_content.jsp?oid=1532666 HTTP/1.1" 200 30580
66.249.71.60 - - [11/May/2016:09:33:41 +0800] "GET /content/nav/relationSubject.jsp?relationWords=%E5%B1%A0%E5%AE%B0%E5%A0%B4+%E5%B1%A0%E5%AE%B0%E7%A8%85+%E7%94%B0%E8%B3%A6+%E8%B2%A1%E6%94%BF+%E8%B2%A1%E6%94%BF%E6%94%B6%E5%85%A5+&oid=1609865 HTTP/1.1" 200 4975
66.249.71.23 - - [11/May/2016:09:35:04 +0800] "GET /digiarch3/content/repository/resource_content.jsp?oid=14964&queryString=%E6%A7%8D%E9%A0%AD%E7%9F%B3%E6%96%91%E9%AD%9A%20%E9%81%8E%E9%AD%9A%20%E9%9E%8D%E5%B8%B6%E7%9F%B3%E6%96%91%E9%AD%9A%20%E9%AE%A8%E7%A7%91%20%E9%BE%8D%E8%86%BD%E7%9F%B3%E6%96%91 HTTP/1.1" 200 33345
66.249.71.60 - - [11/May/2016:09:37:28 +0800] "GET /content/repository/resource_content.jsp?oid=1779506 HTTP/1.1" 200 46679
68.180.230.90 - - [11/May/2016:09:37:36 +0800] "GET /digiarch_en/content/subject/resource_content.jsp?oid=16777615&queryType=qc HTTP/1.1" 200 34435
