106.38.241.143 - - [27/May/2016:13:06:23 +0800] "GET /content/tmp_auth/resource_content.jsp?oid=16777653 HTTP/1.1" 200 53716
68.180.228.229 - - [27/May/2016:13:06:24 +0800] "GET /content/pictures/picture_content.jsp?oid=33554797 HTTP/1.1" 200 27475
106.38.241.143 - - [27/May/2016:13:06:48 +0800] "GET /content/tmp_auth/resource_content.jsp?oid=16777646 HTTP/1.1" 200 28530
66.249.71.60 - - [27/May/2016:13:06:56 +0800] "GET /content/subject/resource_content.jsp?oid=16797271&queryType=qc HTTP/1.1" 200 55170
106.38.241.143 - - [27/May/2016:13:07:30 +0800] "GET /content/subject/resource_content.jsp?oid=16777660&queryType=qc HTTP/1.1" 200 70777
180.206.10.238 - - [27/May/2016:13:07:34 +0800] "GET /content/subject/resource_content.jsp?oid=16797281&queryType=qc HTTP/1.1" 200 52953
180.206.10.238 - - [27/May/2016:13:07:39 +0800] "GET /content/nav/relationSubject.jsp?relationWords=%E5%AA%92%E9%AB%94+&oid=16797281 HTTP/1.1" 200 5011
106.38.241.143 - - [27/May/2016:13:07:43 +0800] "GET /content/tmp_auth/resource_content.jsp?oid=16777633 HTTP/1.1" 200 52602
111.242.254.195 - - [27/May/2016:13:07:44 +0800] "GET /content/nav/relationSubject.jsp?relationWords=&oid=16777459 HTTP/1.1" 200 1405
106.38.241.143 - - [27/May/2016:13:07:55 +0800] "GET /content/subject/resource_content.jsp?oid=16777716&queryType=qc HTTP/1.1" 200 26251
66.249.71.5 - - [27/May/2016:13:08:00 +0800] "GET /digiarch3/content/repository/resource_content.jsp?oid=1126280&queryType=qs&queryString=%E5%AD%94%E9%9B%80%E8%9B%A4 HTTP/1.1" 200 32264
163.29.155.250 - - [27/May/2016:13:08:02 +0800] "GET /content/nav/relationSubject.jsp?relationWords=&oid=16777591 HTTP/1.1" 200 1405
106.38.241.143 - - [27/May/2016:13:08:07 +0800] "GET /content/tmp_auth/resource_content.jsp?oid=16777365 HTTP/1.1" 200 31170
106.38.241.143 - - [27/May/2016:13:08:31 +0800] "GET /content/tmp_tec/resource_content.jsp?oid=16777725 HTTP/1.1" 200 29743
106.38.241.143 - - [27/May/2016:13:08:44 +0800] "GET /content/subject/resource_content.jsp?oid=16777653&queryType=qc> HTTP/1.1" 200 57839
66.249.77.85 - - [27/May/2016:13:09:05 +0800] "GET /content/repository/resource_content.jsp?oid=1896755&queryType=qs&queryString=%E6%89%80%E6%9C%89%E6%AC%8A HTTP/1.1" 200 30914
66.249.71.5 - - [27/May/2016:13:09:17 +0800] "GET /digiarch3/content/nav/relationSubject.jsp?relationWords=%E5%AD%94%E9%9B%80%E8%9B%A4%20%E6%AE%BC%E8%8F%9C%E8%9B%A4%E7%A7%91%20%E7%B6%A0%E6%AE%BC%E8%8F%9C%E8%9B%A4%20%E7%BF%A1%E7%BF%A0%E8%B2%BD%E8%B2%9D%20%E8%B2%BD%E8%B2%9D%20%E9%9B%99%E6%AE%BC%E7%B6%B1%20&oid=1126280 HTTP/1.1" 200 3568
66.249.77.85 - - [27/May/2016:13:10:10 +0800] "GET /content/subject/resource_content.jsp?oid=16777348&queryType=qs&queryString=%E5%8D%81%E4%B8%89%E8%A1%8C%E5%8D%9A%E7%89%A9%E9%A4%A8 HTTP/1.1" 200 47976
66.249.71.72 - - [27/May/2016:13:10:11 +0800] "GET /content/nav/relationSubject.jsp?relationWords=%E8%9D%A6%E8%99%8E+%E8%9D%A6%E8%99%8E%E7%A7%91+%E8%9D%A6%E8%99%8E%E9%AD%9A+&oid=16247 HTTP/1.1" 200 3284
106.38.241.143 - - [27/May/2016:13:11:08 +0800] "GET /content/tmp_tec/resource_content.jsp?oid=16777734 HTTP/1.1" 200 36946
66.249.77.85 - - [27/May/2016:13:11:14 +0800] "GET /content/repository/resource_content.jsp?oid=14173&queryType=qs&queryString=%E5%BA%95%E6%8B%96%E7%B6%B2 HTTP/1.1" 200 32652
195.154.146.240 - - [27/May/2016:13:12:02 +0800] "GET /content/subject/resource_content.jsp?oid=16777470&queryType=qc HTTP/1.1" 200 29372
66.249.71.72 - - [27/May/2016:13:12:13 +0800] "GET /content/nav/relationSubject.jsp?relationWords=GBIF+%E5%8F%B0%E7%81%A3%E9%AD%9A%E9%A1%9E+%E6%B5%B7%E9%AE%AE+%E7%94%9F%E7%89%A9%E5%A4%9A%E6%A8%A3%E6%80%A7+%E8%99%B1%E7%9B%AE%E9%AD%9A+&oid=16777744 HTTP/1.1" 200 11156
66.249.71.200 - - [27/May/2016:13:12:19 +0800] "GET /content/repository/resource_content.jsp?oid=4362279&queryString=%E4%B8%81%E8%98%AD%E5%B0%BA HTTP/1.1" 200 35235
163.21.200.252 - - [27/May/2016:13:12:55 +0800] "GET /content/repository/resource_content.jsp?oid=16060 HTTP/1.1" 200 30855
163.21.200.252 - - [27/May/2016:13:12:55 +0800] "GET /content/nav/relationSubject.jsp?relationWords=%E5%90%BB%E8%9D%A6%E8%99%8E+%E8%9D%A6%E8%99%8E%E7%A7%91+%E8%9D%A6%E8%99%8E%E9%AD%9A+&oid=16060 HTTP/1.1" 200 3350
66.249.77.85 - - [27/May/2016:13:13:04 +0800] "GET /content/nav/relationSubject.jsp?relationWords=%E6%96%91%E7%B4%8B%E7%8A%81%E9%A0%AD%E9%B0%A9+%E7%8A%81%E9%A0%AD+%E9%A3%AF%E5%8C%99%E9%AF%8A+%E9%AD%B4%E4%BB%94+&oid=14173 HTTP/1.1" 200 3551
66.249.77.85 - - [27/May/2016:13:13:05 +0800] "GET /content/nav/relationSubject.jsp?relationWords=%E6%96%91%E7%B4%8B%E7%8A%81%E9%A0%AD%E9%B0%A9%20%E7%8A%81%E9%A0%AD%20%E9%A3%AF%E5%8C%99%E9%AF%8A%20%E9%AD%B4%E4%BB%94%20&oid=14173 HTTP/1.1" 200 3551
66.249.71.72 - - [27/May/2016:13:13:24 +0800] "GET /content/subject/resource_content.jsp?oid=16777421 HTTP/1.1" 200 34298
66.249.71.60 - - [27/May/2016:13:14:17 +0800] "GET /content/repository/resource_content.jsp?oid=1590660&queryString=%E6%96%87%E5%8C%96%E4%B8%AD%E5%BF%83%20%E6%B5%B7%E9%AE%AE%20%E7%94%9F%E7%89%A9%E5%A4%9A%E6%A8%A3%E6%80%A7 HTTP/1.1" 200 28792
66.249.71.60 - - [27/May/2016:13:14:28 +0800] "GET /content/subject/resource_content.jsp?oid=16777348&queryType=qs&queryString=%E5%8D%81%E4%B8%89%E8%A1%8C%E5%8D%9A%E7%89%A9%E9%A4%A8 HTTP/1.1" 200 47965
66.249.71.64 - - [27/May/2016:13:15:33 +0800] "GET /digiarch_en/content/repository/resource_content.jsp?oid=1782724&queryString=%E5%88%BA%E5%B0%BE%E9%AD%9A%20%E5%88%BA%E5%B0%BE%E9%AF%9B%E7%A7%91%20%E6%9D%9C%E6%B0%8F%E5%88%BA%E5%B0%BE%E9%AF%9B%20%E7%9C%BC%E7%B4%8B%20%E7%B2%97%E7%9A%AE%E4%BB%94%20%E9%A1%8D%E5%B8%B6 HTTP/1.1" 200 23265
110.28.155.13 - - [27/May/2016:13:16:09 +0800] "GET /content/subject/resource_content.jsp?oid=16797240&queryType=qc HTTP/1.1" 200 42460
110.28.155.13 - - [27/May/2016:13:16:15 +0800] "GET /content/nav/relationSubject.jsp?relationWords=&oid=16797240 HTTP/1.1" 200 1405
66.249.71.200 - - [27/May/2016:13:17:43 +0800] "GET /content/repository/resource_content.jsp?oid=1551372&queryType=qs&queryString=%E6%9D%BE%E5%B1%B1%E8%8F%B8%E5%BB%A0 HTTP/1.1" 200 32162
66.249.79.200 - - [27/May/2016:13:18:48 +0800] "GET /content/repository/resource_content.jsp?oid=2660057 HTTP/1.1" 200 30316
106.38.241.143 - - [27/May/2016:13:18:50 +0800] "GET /content/repository/resource_content.jsp?oid=523584&queryType=qc HTTP/1.1" 200 37057
106.38.241.143 - - [27/May/2016:13:19:15 +0800] "GET /content/repository/resource_content.jsp?oid=523603&queryType=qc HTTP/1.1" 200 38832
106.38.241.143 - - [27/May/2016:13:19:39 +0800] "GET /content/subject/resource_content.jsp?oid=16777374&queryType=qc HTTP/1.1" 200 28679
195.154.146.240 - - [27/May/2016:13:22:03 +0800] "GET /content/subject/resource_content.jsp?oid=16777469&queryType=qc HTTP/1.1" 200 31177
111.254.201.29 - - [27/May/2016:13:22:31 +0800] "GET /content/subject/resource_content.jsp?oid=16797271&queryType=qc HTTP/1.1" 200 55170
111.254.201.29 - - [27/May/2016:13:22:34 +0800] "GET /content/nav/relationSubject.jsp?relationWords=&oid=16797271 HTTP/1.1" 200 1405
106.38.241.143 - - [27/May/2016:13:22:53 +0800] "GET /content/tmp_auth/resource_content.jsp?oid=16777671 HTTP/1.1" 200 32990
106.38.241.143 - - [27/May/2016:13:23:03 +0800] "GET /content/tmp_exh/resource_content.jsp?oid=16777765&queryType=qc HTTP/1.1" 302 -
66.249.71.60 - - [27/May/2016:13:23:13 +0800] "GET /content/repository/resource_content.jsp?oid=1541932 HTTP/1.1" 200 29156
66.249.71.5 - - [27/May/2016:13:23:14 +0800] "GET /digiarch3/content/repository/resource_content.jsp?oid=15291&queryString=%E6%BF%B1%E9%AF%9B%20%E7%AC%9B%E9%AF%9B%20%E7%AC%9B%E9%AF%9B%E7%A7%91%20%E7%B4%85%E9%9B%9E%E4%BB%94%20%E9%AF%9B%E7%A7%91 HTTP/1.1" 200 35156
220.128.126.88 - - [27/May/2016:13:23:29 +0800] "GET /content/nav/relationSubject.jsp?relationWords=%E7%83%8F%E5%BF%83%E7%9F%B3+%E9%B1%B8%E9%B0%BB+&oid=16777303 HTTP/1.1" 200 4004
195.154.146.240 - - [27/May/2016:13:23:38 +0800] "GET /content/subject/resource_content.jsp?oid=16777728&queryType=qc HTTP/1.1" 200 65188
66.249.71.72 - - [27/May/2016:13:24:46 +0800] "GET /content/nav/relationSubject.jsp?relationWords=%E5%85%AB%E4%B8%80%E4%B8%89+%E5%B0%88%E6%89%8D%E6%A1%88+%E5%B0%88%E7%A7%91+%E6%9E%97%E5%85%A8%E7%BE%A9+%E8%87%A8%E6%99%82%E7%9C%81%E8%AD%B0%E6%9C%83+&oid=1541932 HTTP/1.1" 200 5337
66.249.71.72 - - [27/May/2016:13:24:56 +0800] "GET /content/nav/relationSubject.jsp?relationWords=%E5%85%AB%E4%B8%80%E4%B8%89%20%E5%B0%88%E6%89%8D%E6%A1%88%20%E5%B0%88%E7%A7%91%20%E6%9E%97%E5%85%A8%E7%BE%A9%20%E8%87%A8%E6%99%82%E7%9C%81%E8%AD%B0%E6%9C%83%20&oid=1541932 HTTP/1.1" 200 5337
68.180.228.229 - - [27/May/2016:13:25:58 +0800] "GET /digiarch_en/content/repository/resource_content.jsp?oid=523584&queryType=qc HTTP/1.1" 200 27345
66.249.71.60 - - [27/May/2016:13:26:20 +0800] "GET /digiarch_en/content/repository/resource_content.jsp?oid=4363112&queryString=%E9%96%8B%E6%BC%B3%E8%81%96%E7%8E%8B HTTP/1.1" 200 21676
66.249.79.207 - - [27/May/2016:13:27:25 +0800] "GET /content/repository/resource_content.jsp?oid=735753&queryString=%E5%BE%90%E5%B8%83%E7%B4%8D%E7%88%BE HTTP/1.1" 200 28954
52.3.105.23 - - [27/May/2016:13:27:46 +0800] "GET /content/subject/resource_content.jsp?oid=16777730&queryType=qc HTTP/1.1" 200 46334
66.249.71.64 - - [27/May/2016:13:27:49 +0800] "GET /content/nav/relationSubject.jsp?relationWords=%E6%96%87%E5%8C%96%E4%B8%AD%E5%BF%83+%E8%B3%AA%E8%A9%A2+&oid=1590660 HTTP/1.1" 200 5836
66.249.79.186 - - [27/May/2016:13:28:01 +0800] "GET /digiarch3/content/nav/relationSubject.jsp?relationWords=%E5%B0%8F%E9%BD%92%E7%B4%85%E9%AF%9B+%E7%AC%9B%E9%AF%9B%E7%A7%91+%E7%B4%85%E5%8F%89%E5%B0%BE%E9%AF%9B+%E8%89%B2%E7%B4%B0%E9%BD%92%E7%AC%9B%E9%AF%9B+&oid=15291 HTTP/1.1" 200 3431
66.249.71.5 - - [27/May/2016:13:28:02 +0800] "GET /digiarch3/content/nav/relationSubject.jsp?relationWords=%E5%B0%8F%E9%BD%92%E7%B4%85%E9%AF%9B%20%E7%AC%9B%E9%AF%9B%E7%A7%91%20%E7%B4%85%E5%8F%89%E5%B0%BE%E9%AF%9B%20%E8%89%B2%E7%B4%B0%E9%BD%92%E7%AC%9B%E9%AF%9B%20&oid=15291 HTTP/1.1" 200 3431
66.249.71.60 - - [27/May/2016:13:28:07 +0800] "GET /digiarch_en/content/nav/relationSubject.jsp?relationWords=%E4%BB%81%E5%92%8C%E5%AE%AE%20%E9%96%8B%E6%BC%B3%E8%81%96%E7%8E%8B%20&oid=4363112 HTTP/1.1" 200 2781
66.249.71.5 - - [27/May/2016:13:28:29 +0800] "GET /digiarch3/content/repository/resource_content.jsp?oid=1108604&queryString=%E6%BA%AA%E9%A0%AD%E7%A7%8B%E6%B5%B7%E6%A3%A0 HTTP/1.1" 200 31654
36.234.160.53 - - [27/May/2016:13:29:34 +0800] "GET /content/subject/resource_content.jsp?oid=16797271&queryType=qc HTTP/1.1" 200 55170
36.234.160.53 - - [27/May/2016:13:29:36 +0800] "GET /content/nav/relationSubject.jsp?relationWords=&oid=16797271 HTTP/1.1" 200 1405
210.69.58.180 - - [27/May/2016:13:30:15 +0800] "GET /content/subject/resource_content.jsp?oid=16797281&queryType=qc HTTP/1.1" 200 52953
210.69.58.180 - - [27/May/2016:13:30:17 +0800] "GET /content/nav/relationSubject.jsp?relationWords=%E5%AA%92%E9%AB%94+&oid=16797281 HTTP/1.1" 200 5011
66.249.71.72 - - [27/May/2016:13:30:38 +0800] "GET /content/repository/resource_content.jsp?oid=3825588&queryString=%E6%A4%8D%E7%89%A9%E7%95%8C%20%E7%BE%8A%E8%80%B3%E8%92%9C%20%E7%BE%8A%E8%80%B3%E8%92%9C%E5%B1%AC HTTP/1.1" 200 31142
66.249.71.64 - - [27/May/2016:13:31:45 +0800] "GET /digiarch_en/content/repository/resource_content.jsp?oid=4352274&queryString=%E5%88%BA%E5%B0%BE%E9%AF%9B%E7%A7%91%20%E6%93%AC%E5%88%BA%E5%B0%BE%E9%AF%9B HTTP/1.1" 200 26357
66.249.79.200 - - [27/May/2016:13:31:49 +0800] "GET /content/nav/relationSubject.jsp?relationWords=%E5%8F%83%E5%B0%87+&oid=2660057 HTTP/1.1" 200 3057
66.249.71.60 - - [27/May/2016:13:31:50 +0800] "GET /content/nav/relationSubject.jsp?relationWords=%E5%8F%83%E5%B0%87%20&oid=2660057 HTTP/1.1" 200 3057
66.249.71.188 - - [27/May/2016:13:32:08 +0800] "GET /content/nav/relationSubject.jsp?relationWords=%E4%B8%BB%E8%A8%88%E4%BA%BA%E5%93%A1+%E4%B8%BB%E8%A8%88%E8%99%95+%E5%85%AC%E5%8B%99%E4%BA%BA%E5%93%A1+%E5%85%AC%E7%87%9F%E4%BA%8B%E6%A5%AD%E6%A9%9F%E6%A7%8B+%E5%8F%B8%E6%A9%9F+%E5%90%88%E4%BD%9C%E7%A4%BE+%E5%95%86%E6%A5%AD%E9%8A%80%E8%A1%8C+%E5%AD%98%E6%AC%BE+%E6%95%88%E7%8E%87+%E6%9D%BE%E5%B1%B1%E8%8F%B8%E5%BB%A0+%E7%A8%85%E5%8B%99+%E7%A8%85%E6%8D%90+%E8%87%AA%E4%BE%86%E6%B0%B4+%E8%87%BA%E7%81%A3%E9%8A%80%E8%A1%8C+%E8%99%95%E9%95%B7+%E8%B2%A1%E6%94%BF+&oid=1551372 HTTP/1.1" 200 5564
66.249.71.188 - - [27/May/2016:13:32:10 +0800] "GET /content/nav/relationSubject.jsp?relationWords=%E4%B8%BB%E8%A8%88%E4%BA%BA%E5%93%A1%20%E4%B8%BB%E8%A8%88%E8%99%95%20%E5%85%AC%E5%8B%99%E4%BA%BA%E5%93%A1%20%E5%85%AC%E7%87%9F%E4%BA%8B%E6%A5%AD%E6%A9%9F%E6%A7%8B%20%E5%8F%B8%E6%A9%9F%20%E5%90%88%E4%BD%9C%E7%A4%BE%20%E5%95%86%E6%A5%AD%E9%8A%80%E8%A1%8C%20%E5%AD%98%E6%AC%BE%20%E6%95%88%E7%8E%87%20%E6%9D%BE%E5%B1%B1%E8%8F%B8%E5%BB%A0%20%E7%A8%85%E5%8B%99%20%E7%A8%85%E6%8D%90%20%E8%87%AA%E4%BE%86%E6%B0%B4%20%E8%87%BA%E7%81%A3%E9%8A%80%E8%A1%8C%20%E8%99%95%E9%95%B7%20%E8%B2%A1%E6%94%BF%20&oid=1551372 HTTP/1.1" 200 5564
66.249.71.60 - - [27/May/2016:13:32:48 +0800] "GET /content/repository/resource_content.jsp?oid=3815068&queryString=%E6%A4%8D%E7%89%A9%E7%95%8C%20%E9%A6%AC%E9%9E%AD%E8%8D%89%E7%A7%91%20%E9%B4%A8%E5%98%B4%E9%BB%83%20%E9%B4%A8%E8%88%8C%E9%BB%83%20%E9%B4%A8%E8%88%8C%E9%BB%83%E5%B1%AC HTTP/1.1" 200 31435
204.79.180.63 - - [27/May/2016:13:33:05 +0800] "GET /content/nav/relationSubject.jsp?relationWords=%E5%8D%83%E5%B9%B4%E6%A1%90+%E6%A1%90%E8%8A%B1+%E6%B2%B9%E6%A1%90+&oid=16777599 HTTP/1.1" 200 3738
195.154.146.240 - - [27/May/2016:13:33:52 +0800] "GET /content/subject/resource_content.jsp?oid=16777764&queryType=qc HTTP/1.1" 200 40784
66.249.71.60 - - [27/May/2016:13:33:53 +0800] "GET /content/subject/resource_content.jsp?oid=16777341&queryType=qs&queryString=%E8%A6%96%E8%A6%BA HTTP/1.1" 200 37135
66.249.77.85 - - [27/May/2016:13:34:57 +0800] "GET /content/subject/resource_content.jsp?oid=16777345&queryType=qs&queryString=%E7%99%BD%E7%90%89%E7%90%83%E6%9D%9C%E9%B5%91 HTTP/1.1" 200 35040
66.249.71.72 - - [27/May/2016:13:36:02 +0800] "GET /content/repository/resource_content.jsp?oid=187518 HTTP/1.1" 200 30532
111.71.216.33 - - [27/May/2016:13:36:05 +0800] "GET /content/nav/relationSubject.jsp?relationWords=%E6%B4%8B%E7%8E%89%E8%98%AD+&oid=16777351 HTTP/1.1" 200 3545
66.249.71.72 - - [27/May/2016:13:36:51 +0800] "GET /content/nav/relationSubject.jsp?relationWords=%E5%BE%90%E5%B8%83%E7%B4%8D%E7%88%BE+&oid=735753 HTTP/1.1" 200 3145
66.249.71.72 - - [27/May/2016:13:36:52 +0800] "GET /content/nav/relationSubject.jsp?relationWords=%E5%BE%90%E5%B8%83%E7%B4%8D%E7%88%BE%20&oid=735753 HTTP/1.1" 200 3145
66.249.71.60 - - [27/May/2016:13:37:06 +0800] "GET /content/repository/resource_content.jsp?oid=1896388 HTTP/1.1" 200 29268
66.249.71.60 - - [27/May/2016:13:38:11 +0800] "GET /content/repository/resource_content.jsp?oid=2147272 HTTP/1.1" 200 30949
66.249.71.60 - - [27/May/2016:13:39:16 +0800] "GET /content/repository/resource_content.jsp?oid=2522443&queryString=%E5%BE%8B%E4%BE%8B HTTP/1.1" 200 30050
66.249.77.91 - - [27/May/2016:13:40:21 +0800] "GET /content/subject/resource_content.jsp?oid=16777317&queryType=qs&queryString=%E5%8D%91%E5%8D%97%E6%97%8F HTTP/1.1" 200 34877
66.249.75.143 - - [27/May/2016:13:40:57 +0800] "GET /content/repository/resource_content.jsp?oid=1870327&queryString=%E6%AE%98%E9%8A%85%E7%89%87 HTTP/1.1" 200 30066
66.249.71.5 - - [27/May/2016:13:41:25 +0800] "GET /digiarch3/content/subject/resource_content.jsp?oid=16777488&queryType=qc HTTP/1.1" 200 60886
52.3.105.23 - - [27/May/2016:13:41:30 +0800] "GET /content/subject/resource_content.jsp?oid=16777262&queryType=qc HTTP/1.1" 200 32187
101.11.19.150 - - [27/May/2016:13:41:42 +0800] "GET /content/subject/resource_content.jsp?oid=16797271&queryType=qc HTTP/1.1" 200 55170
117.56.86.98 - - [27/May/2016:13:42:18 +0800] "GET /content/nav/relationSubject.jsp?relationWords=%E7%9B%B8%E6%80%9D%E6%A8%B9+&oid=16777519 HTTP/1.1" 200 3659
180.76.15.31 - - [27/May/2016:13:42:22 +0800] "GET /content/repository/resource_content.jsp?oid=1115320&queryType=qs&queryString=%E5%A4%A7%E8%B1%86 HTTP/1.1" 200 31654
66.249.77.85 - - [27/May/2016:13:42:30 +0800] "GET /content/repository/resource_content.jsp?oid=2689081&queryType=qs&queryString=%E9%81%93%E7%AF%86 HTTP/1.1" 200 30556
66.249.71.72 - - [27/May/2016:13:42:43 +0800] "GET /digiarch_en/content/nav/relationSubject.jsp?relationWords=%E5%88%BA%E5%B0%BE%E9%AD%9A+%E5%88%BA%E5%B0%BE%E9%AF%9B%E7%A7%91+%E5%89%9D%E7%9A%AE%E9%AD%9A+%E6%93%AC%E5%88%BA%E5%B0%BE%E9%AF%9B+%E9%BB%83%E5%B0%BE+&oid=4352274 HTTP/1.1" 200 3589
66.249.71.72 - - [27/May/2016:13:42:46 +0800] "GET /digiarch_en/content/nav/relationSubject.jsp?relationWords=%E5%88%BA%E5%B0%BE%E9%AD%9A%20%E5%88%BA%E5%B0%BE%E9%AF%9B%E7%A7%91%20%E5%89%9D%E7%9A%AE%E9%AD%9A%20%E6%93%AC%E5%88%BA%E5%B0%BE%E9%AF%9B%20%E9%BB%83%E5%B0%BE%20&oid=4352274 HTTP/1.1" 200 3589
66.249.71.5 - - [27/May/2016:13:43:35 +0800] "GET /content/repository/resource_content.jsp?oid=2679452&queryString=%E5%8F%83%E7%A5%A8%20%E7%9B%9B%E4%BA%AC HTTP/1.1" 200 30594
120.108.80.40 - - [27/May/2016:13:44:08 +0800] "GET /content/nav/relationSubject.jsp?relationWords=%E6%9C%A8%E7%8A%80+%E6%A1%82%E8%8A%B1+&oid=16777255 HTTP/1.1" 200 4029
66.249.71.60 - - [27/May/2016:13:44:19 +0800] "GET /content/nav/relationSubject.jsp?relationWords=%E6%A4%8D%E7%89%A9%E7%95%8C+%E9%A6%AC%E9%9E%AD%E8%8D%89%E7%A7%91+%E9%B4%A8%E5%98%B4%E9%BB%83+%E9%B4%A8%E8%88%8C%E9%BB%83+%E9%B4%A8%E8%88%8C%E9%BB%83%E5%B1%AC+&oid=3815068 HTTP/1.1" 200 3339
66.249.71.60 - - [27/May/2016:13:44:22 +0800] "GET /content/nav/relationSubject.jsp?relationWords=%E6%A4%8D%E7%89%A9%E7%95%8C%20%E9%A6%AC%E9%9E%AD%E8%8D%89%E7%A7%91%20%E9%B4%A8%E5%98%B4%E9%BB%83%20%E9%B4%A8%E8%88%8C%E9%BB%83%20%E9%B4%A8%E8%88%8C%E9%BB%83%E5%B1%AC%20&oid=3815068 HTTP/1.1" 200 3339
111.250.24.62 - - [27/May/2016:13:44:30 +0800] "GET /content/repository/resource_content.jsp?oid=1081548 HTTP/1.1" 200 30889
111.250.24.62 - - [27/May/2016:13:44:31 +0800] "GET /content/nav/relationSubject.jsp?relationWords=%E7%9F%B3%E7%8B%97%E5%85%AC+%E7%9F%B3%E9%A0%AD%E9%AD%9A+&oid=1081548 HTTP/1.1" 200 3544
66.249.77.85 - - [27/May/2016:13:44:39 +0800] "GET /content/subject/resource_content.jsp?oid=16777805&queryType=qs&queryString=%E8%87%BA%E7%81%A3%E6%9C%AC%E5%9C%9F%E6%A4%8D%E7%89%A9 HTTP/1.1" 200 35187
66.249.71.64 - - [27/May/2016:13:45:24 +0800] "GET /content/nav/relationSubject.jsp?relationWords=%E6%A4%8D%E7%89%A9%E7%95%8C%20%E7%BE%8A%E8%80%B3%E8%92%9C%E5%B1%AC%20%E9%95%B7%E8%91%89%E7%BE%8A%E8%80%B3%E8%92%9C%20&oid=3825588 HTTP/1.1" 200 3231
66.249.71.64 - - [27/May/2016:13:45:33 +0800] "GET /content/nav/relationSubject.jsp?relationWords=%E5%B7%9D%E9%BB%94+%E6%BB%87%E6%A1%82+%E8%81%AF%E7%95%8C%E5%9C%96+&oid=187518 HTTP/1.1" 200 3172
66.249.71.64 - - [27/May/2016:13:45:34 +0800] "GET /content/nav/relationSubject.jsp?relationWords=%E5%B7%9D%E9%BB%94%20%E6%BB%87%E6%A1%82%20%E8%81%AF%E7%95%8C%E5%9C%96%20&oid=187518 HTTP/1.1" 200 3172
61.135.249.118 - - [27/May/2016:13:45:43 +0800] "GET /content/subject/resource_content.jsp?oid=16777381&queryType=qc HTTP/1.1" 200 37136
66.249.71.60 - - [27/May/2016:13:45:44 +0800] "GET /content/repository/resource_content.jsp?oid=1887088&queryString=%E5%A4%A7%E6%AE%BC%E4%BB%94%20%E6%B7%BA%E8%9C%8A%20%E7%B0%BE%E8%9B%A4%E7%9B%AE%20%E7%B0%BE%E8%9B%A4%E7%A7%91%20%E7%B6%B4%E9%8C%A6%E8%9B%A4%20%E8%9D%B4%E8%9D%B6%E7%93%9C%E5%AD%90%E8%9B%A4%20%E9%9B%99%E6%AE%BC%E7%B6%B1 HTTP/1.1" 200 32414
66.249.79.27 - - [27/May/2016:13:46:49 +0800] "GET /content/subject/resource_content.jsp?oid=16777781&queryType=qc HTTP/1.1" 200 57494
66.249.71.60 - - [27/May/2016:13:47:01 +0800] "GET /content/nav/relationSubject.jsp?relationWords=%E5%8D%97%E6%B9%96%E5%A4%A7%E5%B1%B1+%E5%8D%97%E6%B9%96%E5%A4%A7%E5%B1%B1%E8%92%BF%E8%8D%89+%E6%A4%8D%E7%89%A9%E7%95%8C+%E7%8E%84%E5%8F%83+%E7%8E%84%E5%8F%83%E7%A7%91+%E8%92%BF%E8%8D%89+%E9%A6%AC%E5%85%88%E8%92%BF+%E9%A6%AC%E5%85%88%E8%92%BF%E5%B1%AC+&oid=3823461 HTTP/1.1" 200 4475
114.45.165.123 - - [27/May/2016:13:47:38 +0800] "GET /digiarch_en/content/repository/resource_content.jsp?oid=1124521&queryType=qc HTTP/1.1" 200 27596
114.45.165.123 - - [27/May/2016:13:47:41 +0800] "GET /digiarch_en/content/nav/relationSubject.jsp?relationWords=%E5%B0%8F%E7%9C%BC%E8%8A%B1%E7%B0%BE%E8%9B%A4+%E6%B5%B7%E7%93%9C%E5%AD%90+%E7%B0%BE%E8%9B%A4%E7%9B%AE+%E7%B0%BE%E8%9B%A4%E7%A7%91+%E8%8A%B1%E7%B0%BE%E8%9B%A4%E5%B1%AC+%E8%8A%B1%E8%9B%A4+%E9%9B%99%E6%AE%BC%E7%B6%B1+&oid=1124521 HTTP/1.1" 200 3600
66.249.77.97 - - [27/May/2016:13:48:04 +0800] "GET /content/nav/relationSubject.jsp?relationWords=%E6%AE%98%E9%8A%85%E7%89%87+&oid=1870327 HTTP/1.1" 200 2990
66.249.77.97 - - [27/May/2016:13:48:08 +0800] "GET /content/nav/relationSubject.jsp?relationWords=%E6%AE%98%E9%8A%85%E7%89%87%20&oid=1870327 HTTP/1.1" 200 2990
66.249.71.60 - - [27/May/2016:13:48:12 +0800] "GET /content/nav/relationSubject.jsp?relationWords=%E5%BE%8B%E4%BE%8B+%E5%BE%A1%E5%8F%B2+%E6%A2%9D%E5%A5%8F+&oid=2522443 HTTP/1.1" 200 4489
173.252.95.8 - - [27/May/2016:13:48:13 +0800] "GET /content/subject/resource_content.jsp?oid=16777706&queryString=%E6%B0%B4%E5%9C%B3 HTTP/1.1" 200 53907
66.249.71.60 - - [27/May/2016:13:48:14 +0800] "GET /content/nav/relationSubject.jsp?relationWords=%E5%BE%8B%E4%BE%8B%20%E5%BE%A1%E5%8F%B2%20%E6%A2%9D%E5%A5%8F%20&oid=2522443 HTTP/1.1" 200 4489
195.154.146.240 - - [27/May/2016:13:48:54 +0800] "GET /content/tmp_auth/resource_content.jsp?oid=16777809 HTTP/1.1" 200 37150
66.249.71.200 - - [27/May/2016:13:48:58 +0800] "GET /content/repository/resource_content.jsp?oid=2640626&queryString=%E6%A3%A7%E9%81%93 HTTP/1.1" 200 30326
66.249.77.91 - - [27/May/2016:13:49:48 +0800] "GET /content/repository/resource_content.jsp?oid=205399&queryString=%E6%A1%83%E7%AC%A6%20%E7%A5%9E%E8%8D%BC%20%E9%AC%B1%E5%A3%98 HTTP/1.1" 200 30637
66.249.71.60 - - [27/May/2016:13:50:03 +0800] "GET /content/repository/resource_content.jsp?oid=1558162 HTTP/1.1" 200 28786
36.225.168.224 - - [27/May/2016:13:50:05 +0800] "GET /content/repository/resource_content.jsp?oid=15299&queryType=qs&queryString=%E6%B7%B1%E6%B5%B7%E4%B8%80%E6%94%AF%E9%87%A3 HTTP/1.1" 200 34798
36.225.168.224 - - [27/May/2016:13:50:07 +0800] "GET /content/nav/relationSubject.jsp?relationWords=%E7%AC%9B%E9%AF%9B%E7%A7%91+%E7%B5%B2%E5%B0%BE+%E9%95%B7%E5%B0%BE%E6%BF%B1%E9%AF%9B+%E9%95%B7%E5%B0%BE%E9%B3%A5+&oid=15299 HTTP/1.1" 200 3488
195.154.146.240 - - [27/May/2016:13:50:09 +0800] "GET /content/subject/resource_content.jsp?oid=16777741&queryType=qc HTTP/1.1" 200 53549
66.249.71.64 - - [27/May/2016:13:51:07 +0800] "GET /content/repository/resource_content.jsp?oid=1628048 HTTP/1.1" 200 28961
68.180.228.229 - - [27/May/2016:13:51:33 +0800] "GET /content/repository/resource_content.jsp?oid=1583597 HTTP/1.1" 200 30875
66.249.71.72 - - [27/May/2016:13:52:09 +0800] "GET /content/nav/relationSubject.jsp?relationWords=%E4%BF%9D%E9%9A%AA+%E5%8B%9E%E4%BF%9D+%E5%8B%9E%E5%B7%A5%E4%BF%9D%E9%9A%AA+%E5%8D%B0%E9%91%91+%E8%87%BA%E7%81%A3%E7%9C%81%E8%AD%B0%E6%9C%83+&oid=1896388 HTTP/1.1" 200 4252
66.249.71.72 - - [27/May/2016:13:52:11 +0800] "GET /content/nav/relationSubject.jsp?relationWords=%E4%BF%9D%E9%9A%AA%20%E5%8B%9E%E4%BF%9D%20%E5%8B%9E%E5%B7%A5%E4%BF%9D%E9%9A%AA%20%E5%8D%B0%E9%91%91%20%E8%87%BA%E7%81%A3%E7%9C%81%E8%AD%B0%E6%9C%83%20&oid=1896388 HTTP/1.1" 200 4252
61.135.249.118 - - [27/May/2016:13:53:13 +0800] "GET /content/subject/resource_content.jsp?oid=16777496&queryType=qc HTTP/1.1" 200 53142
66.249.71.72 - - [27/May/2016:13:53:17 +0800] "GET /content/repository/resource_content.jsp?oid=1607501 HTTP/1.1" 200 28796
180.153.187.104 - - [27/May/2016:13:53:42 +0800] "GET /content/repository/resource_content.jsp?oid=524142&queryType=qc HTTP/1.1" 200 43248
66.249.71.64 - - [27/May/2016:13:54:21 +0800] "GET /content/repository/resource_content.jsp?oid=1537586 HTTP/1.1" 200 28747
52.3.105.23 - - [27/May/2016:13:54:37 +0800] "GET /content/subject/resource_content.jsp?oid=16777566&queryType=qc HTTP/1.1" 200 31759
220.135.117.142 - - [27/May/2016:13:54:57 +0800] "GET /content/subject/resource_content.jsp?oid=16777796&queryType=qs&queryString=%E4%B8%AD%E5%9C%8B%E6%AD%B7%E5%8F%B2%E5%9C%B0%E5%9C%96 HTTP/1.1" 200 34407
220.135.117.142 - - [27/May/2016:13:54:58 +0800] "GET /content/nav/relationSubject.jsp?relationWords=%E6%95%B8%E4%BD%8D%E5%85%B8%E8%97%8F+%E9%81%99%E6%B8%AC%E5%BD%B1%E5%83%8F+&oid=16777796 HTTP/1.1" 200 5944
66.249.71.113 - - [27/May/2016:13:55:26 +0800] "GET /content/repository/resource_content.jsp?oid=2663970&queryType=qs&queryString=%E5%A5%89%E7%9C%81 HTTP/1.1" 200 29934
66.249.71.72 - - [27/May/2016:13:56:31 +0800] "GET /digiarch_en/content/repository/resource_content.jsp?oid=16523&queryString=%E6%A3%98%E7%AE%B1%E9%AD%A8%20%E6%B2%B3%E9%AD%A8%20%E6%B5%B7%E7%89%9B%20%E6%B5%B7%E7%89%9B%E6%B8%AF%20%E7%AE%B1%E6%B2%B3%E9%AD%A8%20%E7%AE%B1%E9%AD%A8%20%E9%AD%A8%E7%A7%91 HTTP/1.1" 200 26304
195.154.146.240 - - [27/May/2016:13:56:53 +0800] "GET /content/subject/resource_content.jsp?oid=16797234&queryType=qc HTTP/1.1" 200 46558
66.249.79.200 - - [27/May/2016:13:57:36 +0800] "GET /content/repository/resource_content.jsp?oid=1571156 HTTP/1.1" 200 28867
66.249.71.64 - - [27/May/2016:13:58:31 +0800] "GET /content/nav/relationSubject.jsp?relationWords=%E7%94%9F%E7%94%A2%E6%88%90%E6%9C%AC+%E8%BE%B2%E6%A5%AD%E6%A9%9F%E6%A2%B0%E5%8C%96+%E8%BE%B2%E6%B0%91%E7%94%9F%E6%B4%BB+&oid=1537586 HTTP/1.1" 200 4795
66.249.71.60 - - [27/May/2016:13:58:39 +0800] "GET /content/repository/resource_content.jsp?oid=1556064&queryString=%E6%96%87%E5%8C%96%E4%B8%AD%E5%BF%83%20%E6%96%B0%E5%85%89 HTTP/1.1" 200 28926
66.249.71.60 - - [27/May/2016:13:58:40 +0800] "GET /content/repository/resource_content.jsp?oid=2657273 HTTP/1.1" 200 30063
66.249.77.85 - - [27/May/2016:13:59:07 +0800] "GET /content/nav/relationSubject.jsp?relationWords=%E7%B4%AB%E8%97%A4%20%E8%83%A1%E9%81%A9%20&oid=16777805 HTTP/1.1" 200 5276
66.249.79.200 - - [27/May/2016:13:59:45 +0800] "GET /content/repository/resource_content.jsp?oid=2574264 HTTP/1.1" 200 29192
66.249.79.115 - - [27/May/2016:14:00:07 +0800] "GET /content/nav/relationSubject.jsp?relationWords=%E6%A3%A7%E9%81%93+&oid=2640626 HTTP/1.1" 200 3078
66.249.71.60 - - [27/May/2016:14:00:13 +0800] "GET /content/nav/relationSubject.jsp?relationWords=%E6%9C%A8%E5%B1%B1%E8%9E%9E%E8%9D%97%E5%B1%AC+%E6%A4%8D%E7%89%A9%E7%95%8C+%E7%99%BD%E6%9C%A8%E8%98%87%E8%8A%B1+%E8%A0%B6%E8%B1%86+%E9%9B%99%E5%AD%90%E8%91%89%E6%A4%8D%E7%89%A9+&oid=1462417 HTTP/1.1" 200 3450
52.3.105.23 - - [27/May/2016:14:00:17 +0800] "GET /content/subject/resource_content.jsp?oid=16777736&queryType=qc HTTP/1.1" 200 43166
66.249.71.113 - - [27/May/2016:14:00:49 +0800] "GET /content/repository/resource_content.jsp?oid=2669565&queryType=qs&queryString=%E5%BC%B5%E7%85%A5 HTTP/1.1" 200 29970
66.249.71.60 - - [27/May/2016:14:01:25 +0800] "GET /content/nav/relationSubject.jsp?relationWords=%E7%B4%AB%E8%97%A4+%E8%83%A1%E9%81%A9+&oid=16777805 HTTP/1.1" 200 5276
66.249.71.60 - - [27/May/2016:14:01:43 +0800] "GET /content/nav/relationSubject.jsp?relationWords=&oid=2574264 HTTP/1.1" 200 1405
219.85.110.113 - - [27/May/2016:14:01:45 +0800] "GET /content/repository/resource_content.jsp?oid=4739282&queryType=qc&queryString= HTTP/1.1" 200 32364
219.85.110.113 - - [27/May/2016:14:01:46 +0800] "GET /content/nav/relationSubject.jsp?relationWords=%E4%BA%94%E5%B3%B0%E7%9F%AE%E4%BA%BA%E7%A5%AD+%E7%A5%AD%E5%84%80+%E7%A5%AD%E6%A1%BF+%E8%8A%92%E8%8D%89+%E8%B3%BD%E5%A4%8F+%E8%B3%BD%E5%A4%8F%E6%97%8F+%E8%B5%A4%E6%A5%8A+%E8%BF%8E%E7%A5%9E+&oid=4739282 HTTP/1.1" 200 4708
195.154.146.240 - - [27/May/2016:14:02:33 +0800] "GET /content/subject/resource_content.jsp?oid=16777740&queryType=qc HTTP/1.1" 200 41302
40.77.167.31 - - [27/May/2016:14:02:41 +0800] "GET /content/subject/resource_content.jsp?oid=16777610&queryString=%E5%91%A8%E8%99%95%20%E5%BB%A3%E6%92%AD%20%E5%BD%B1%E5%B1%95%20%E6%96%B0%E8%81%9E%E8%99%95%20%E7%B5%90%E8%AA%9E%20%E8%99%95%E9%95%B7%20%E9%95%B7%E5%A4%A9%E5%9B%BA HTTP/1.1" 200 27618
66.249.71.60 - - [27/May/2016:14:02:59 +0800] "GET /content/repository/resource_content.jsp?oid=1812551 HTTP/1.1" 200 29037
195.154.146.240 - - [27/May/2016:14:03:34 +0800] "GET /content/tmp_auth/resource_content.jsp?oid=16777759 HTTP/1.1" 200 25318
66.249.79.24 - - [27/May/2016:14:04:16 +0800] "GET /content/nav/relationSubject.jsp?relationWords=%E7%B4%AB%E8%97%A4+%E8%83%A1%E9%81%A9+&oid=16777805 HTTP/1.1" 200 5276
40.77.167.31 - - [27/May/2016:14:05:06 +0800] "GET /content/nav/relationSubject.jsp?relationWords=%E7%9B%B8%E6%80%9D%E6%A8%B9+&oid=16777519 HTTP/1.1" 200 3659
66.249.79.200 - - [27/May/2016:14:05:09 +0800] "GET /content/repository/resource_content.jsp?oid=1098286&queryString=%E6%A4%8D%E7%89%A9%E7%95%8C%20%E8%8C%85%E8%86%8F%E8%8F%9C%E5%B1%AC%20%E8%8C%85%E8%86%8F%E8%8F%9C%E7%A7%91%20%E9%95%B7%E8%91%89%E8%8C%85%E8%86%8F%E8%8F%9C HTTP/1.1" 200 31490
163.30.176.239 - - [27/May/2016:14:05:30 +0800] "GET /content/subject/resource_content.jsp?oid=16777721&queryString=%E6%A4%8D%E7%89%A9%E7%95%8C%20%E7%8E%89%E5%B1%B1%E8%96%84%E9%9B%AA%E8%8D%89%20%E8%8F%8A%E7%A7%91%20%E8%96%84%E9%9B%AA%E8%8D%89%E5%B1%AC%20%E9%9B%99%E5%AD%90%E8%91%89%E6%A4%8D%E7%89%A9 HTTP/1.1" 200 36216
163.30.176.239 - - [27/May/2016:14:05:37 +0800] "GET /content/nav/relationSubject.jsp?relationWords=%E7%8E%89%E5%B1%B1%E8%96%84%E9%9B%AA%E8%8D%89+&oid=16777721 HTTP/1.1" 200 3686
66.249.79.27 - - [27/May/2016:14:05:51 +0800] "GET /content/nav/relationSubject.jsp?relationWords=&oid=2689081 HTTP/1.1" 200 1405
66.249.71.113 - - [27/May/2016:14:06:13 +0800] "GET /content/repository/resource_content.jsp?oid=1525230&queryType=qs&queryString=%E7%BF%81%E6%96%B0%E5%8F%B0 HTTP/1.1" 200 30678
68.180.228.229 - - [27/May/2016:14:06:48 +0800] "GET /digiarch_en/content/subject/resource_content.jsp?oid=16777442&queryType=qc HTTP/1.1" 200 22145
66.249.71.14 - - [27/May/2016:14:07:32 +0800] "GET /digiarch3/content/repository/resource_content.jsp?oid=15941&queryType=qs&queryString=%E8%90%8A%E6%81%A9 HTTP/1.1" 200 34585
66.249.71.60 - - [27/May/2016:14:07:33 +0800] "GET /content/nav/relationSubject.jsp?relationWords=%E5%A4%A7%E6%AE%BC%E4%BB%94+%E6%B7%BA%E8%9C%8A+%E7%B0%BE%E8%9B%A4%E7%9B%AE+%E7%B0%BE%E8%9B%A4%E7%A7%91+%E7%B6%B4%E9%8C%A6%E8%9B%A4+%E8%9D%B4%E8%9D%B6%E7%93%9C%E5%AD%90%E8%9B%A4+%E9%9B%99%E6%AE%BC%E7%B6%B1+&oid=1887088 HTTP/1.1" 200 3510
66.249.71.64 - - [27/May/2016:14:07:35 +0800] "GET /content/nav/relationSubject.jsp?relationWords=%E5%A4%A7%E6%AE%BC%E4%BB%94%20%E6%B7%BA%E8%9C%8A%20%E7%B0%BE%E8%9B%A4%E7%9B%AE%20%E7%B0%BE%E8%9B%A4%E7%A7%91%20%E7%B6%B4%E9%8C%A6%E8%9B%A4%20%E8%9D%B4%E8%9D%B6%E7%93%9C%E5%AD%90%E8%9B%A4%20%E9%9B%99%E6%AE%BC%E7%B6%B1%20&oid=1887088 HTTP/1.1" 200 3510
66.249.71.60 - - [27/May/2016:14:07:36 +0800] "GET /content/exhibit/exhibit.jsp?oid=16777797 HTTP/1.1" 200 26268
59.120.129.130 - - [27/May/2016:14:09:16 +0800] "GET /content/repository/resource_content.jsp?oid=14435&queryType=qs&queryString=%E9%A6%99%E9%AD%9A HTTP/1.1" 200 36408
59.120.129.130 - - [27/May/2016:14:09:17 +0800] "GET /content/nav/relationSubject.jsp?relationWords=%E8%83%A1%E7%93%9C%E9%AD%9A+%E9%A6%99%E9%AD%9A+&oid=14435 HTTP/1.1" 200 3364
1.173.210.174 - - [27/May/2016:14:09:22 +0800] "GET /content/subject/resource_content.jsp?oid=16797293&queryType=qc HTTP/1.1" 200 46243
1.173.210.174 - - [27/May/2016:14:09:23 +0800] "GET /content/nav/relationSubject.jsp?relationWords=%E5%B0%8F%E5%90%83+&oid=16797293 HTTP/1.1" 200 3156
66.249.71.60 - - [27/May/2016:14:09:26 +0800] "GET /content/tmp_exh/resource_content.jsp?oid=16777693&queryType=qc HTTP/1.1" 200 50474
42.98.154.234 - - [27/May/2016:14:10:13 +0800] "GET /content/nav/relationSubject.jsp?relationWords=&oid=16777459 HTTP/1.1" 200 1405
66.249.71.14 - - [27/May/2016:14:11:36 +0800] "GET /digiarch3/content/repository/resource_content.jsp?oid=2684039&queryString=%E4%B8%B9%E9%99%BD%20%E4%B8%B9%E9%99%BD%E7%B8%A3%E5%BF%97%20%E5%8F%A4%E7%B1%8D%20%E6%96%B9%E5%BF%97%20%E8%81%AF%E5%90%88%E7%9B%AE%E9%8C%84 HTTP/1.1" 200 30671
66.249.71.72 - - [27/May/2016:14:11:42 +0800] "GET /content/nav/relationSubject.jsp?relationWords=%E5%80%92%E5%8D%B5%E8%91%89%E6%A5%A0+%E6%A4%8D%E7%89%A9%E7%95%8C+%E6%A5%A0%E5%B1%AC+%E6%A5%A8%E6%A5%A0+%E6%A8%9F%E7%A7%91+&oid=2147272 HTTP/1.1" 200 3403
66.249.71.72 - - [27/May/2016:14:11:44 +0800] "GET /content/nav/relationSubject.jsp?relationWords=%E5%80%92%E5%8D%B5%E8%91%89%E6%A5%A0%20%E6%A4%8D%E7%89%A9%E7%95%8C%20%E6%A5%A0%E5%B1%AC%20%E6%A5%A8%E6%A5%A0%20%E6%A8%9F%E7%A7%91%20&oid=2147272 HTTP/1.1" 200 3403
66.249.71.121 - - [27/May/2016:14:13:45 +0800] "GET /content/repository/resource_content.jsp?oid=3826328&queryType=qs&queryString=%E6%8E%92%E6%B0%B4%E6%BA%9D HTTP/1.1" 200 31176
66.249.79.200 - - [27/May/2016:14:14:05 +0800] "GET /digiarch_en/content/nav/relationSubject.jsp?relationWords=%E5%9B%9B%E9%BD%92%E9%AD%A8+%E6%B2%B3%E9%AD%A8+%E7%93%A3%E5%8F%89%E9%BC%BB%E9%AD%A8+%E8%A6%8F%E4%BB%94+%E9%AD%A8%E7%A7%91+&oid=16523 HTTP/1.1" 200 3544
66.249.71.60 - - [27/May/2016:14:14:06 +0800] "GET /digiarch_en/content/nav/relationSubject.jsp?relationWords=%E5%9B%9B%E9%BD%92%E9%AD%A8%20%E6%B2%B3%E9%AD%A8%20%E7%93%A3%E5%8F%89%E9%BC%BB%E9%AD%A8%20%E8%A6%8F%E4%BB%94%20%E9%AD%A8%E7%A7%91%20&oid=16523 HTTP/1.1" 200 3544
66.249.71.60 - - [27/May/2016:14:14:40 +0800] "GET /content/nav/relationSubject.jsp?relationWords=%E8%87%BA%E9%9B%BB+%E9%81%95%E5%BB%BA+&oid=1628048 HTTP/1.1" 200 7438
66.249.71.64 - - [27/May/2016:14:14:41 +0800] "GET /content/nav/relationSubject.jsp?relationWords=%E8%87%BA%E9%9B%BB%20%E9%81%95%E5%BB%BA%20&oid=1628048 HTTP/1.1" 200 7438
66.249.71.60 - - [27/May/2016:14:14:50 +0800] "GET /content/repository/resource_content.jsp?oid=1822086&queryString=%E6%B4%B9%E5%AD%90%E5%AD%9F%E5%A7%9C%E5%A3%BA HTTP/1.1" 200 31553
163.29.35.155 - - [27/May/2016:14:14:56 +0800] "GET /content/nav/relationSubject.jsp?relationWords=%E5%8F%B0%E7%81%A3%E6%AC%92%E6%A8%B9+%E8%8B%A6%E8%8B%93%E8%88%85+&oid=16777254 HTTP/1.1" 200 4285
66.249.71.5 - - [27/May/2016:14:15:22 +0800] "GET /content/nav/relationSubject.jsp?relationWords=%E5%B7%AE%E5%8B%99+%E7%9B%9B%E4%BA%AC+&oid=2679452 HTTP/1.1" 200 3147
66.249.71.5 - - [27/May/2016:14:15:26 +0800] "GET /content/nav/relationSubject.jsp?relationWords=%E5%B7%AE%E5%8B%99%20%E7%9B%9B%E4%BA%AC%20&oid=2679452 HTTP/1.1" 200 3147
66.249.71.60 - - [27/May/2016:14:15:36 +0800] "GET /content/nav/relationSubject.jsp?relationWords=%E7%94%9F%E7%94%A2%E6%88%90%E6%9C%AC%20%E8%BE%B2%E6%A5%AD%E6%A9%9F%E6%A2%B0%E5%8C%96%20%E8%BE%B2%E6%B0%91%E7%94%9F%E6%B4%BB%20&oid=1537586 HTTP/1.1" 200 4795
66.249.71.60 - - [27/May/2016:14:15:55 +0800] "GET /content/subject/resource_content.jsp?oid=16777793&queryType=qc HTTP/1.1" 200 42696
111.82.230.180 - - [27/May/2016:14:16:31 +0800] "GET /content/subject/resource_content.jsp?oid=16777351&queryString=%E6%9C%A8%E8%98%AD HTTP/1.1" 200 33853
111.82.230.180 - - [27/May/2016:14:16:33 +0800] "GET /content/nav/relationSubject.jsp?relationWords=%E6%B4%8B%E7%8E%89%E8%98%AD+&oid=16777351 HTTP/1.1" 200 3545
66.249.71.5 - - [27/May/2016:14:16:59 +0800] "GET /digiarch3/content/pictures/picture_content.jsp?oid=33554828&classify=2761 HTTP/1.1" 200 28025
66.249.71.60 - - [27/May/2016:14:17:39 +0800] "GET /content/nav/relationSubject.jsp?relationWords=%E5%90%8F%E9%83%A8+%E5%A5%89%E8%AB%AD+&oid=2657273 HTTP/1.1" 200 3121
66.249.71.60 - - [27/May/2016:14:17:41 +0800] "GET /content/nav/relationSubject.jsp?relationWords=%E5%90%8F%E9%83%A8%20%E5%A5%89%E8%AB%AD%20&oid=2657273 HTTP/1.1" 200 3121
66.249.71.60 - - [27/May/2016:14:18:04 +0800] "GET /content/subject/resource_content.jsp?oid=16797271&queryType=qc HTTP/1.1" 200 55170
220.137.159.177 - - [27/May/2016:14:18:36 +0800] "GET /content/repository/resource_content.jsp?oid=16356&queryString=%E6%97%97%E9%AD%9A HTTP/1.1" 200 35377
220.137.159.177 - - [27/May/2016:14:18:39 +0800] "GET /content/nav/relationSubject.jsp?relationWords=%E6%97%97%E9%AD%9A+%E7%A0%B4%E9%9B%A8%E5%82%98+%E9%9B%A8%E5%82%98%E6%97%97%E9%AD%9A+%E9%9B%A8%E7%AC%A0+&oid=16356 HTTP/1.1" 200 3486
66.249.71.188 - - [27/May/2016:14:18:54 +0800] "GET /content/nav/relationSubject.jsp?relationWords=%E6%A3%A7%E9%81%93%20&oid=2640626 HTTP/1.1" 200 3078
52.3.105.23 - - [27/May/2016:14:19:01 +0800] "GET /content/subject/resource_content.jsp?oid=16797239&queryType=qc HTTP/1.1" 200 44010
66.249.77.97 - - [27/May/2016:14:19:09 +0800] "GET /content/repository/resource_content.jsp?oid=2671887&queryType=qs&queryString=%E9%8D%BE%E7%A5%A5%E5%A5%8F HTTP/1.1" 200 30028
59.120.144.151 - - [27/May/2016:14:19:29 +0800] "GET /content/nav/relationSubject.jsp?relationWords=%E8%8B%A6%E8%8B%93+&oid=16777317 HTTP/1.1" 200 3183
51.255.65.16 - - [27/May/2016:14:19:38 +0800] "GET /content/subject/resource_content.jsp?oid=16777842&queryType=qc> HTTP/1.1" 200 36267
175.140.232.207 - - [27/May/2016:14:19:45 +0800] "GET /content/nav/relationSubject.jsp?relationWords=&oid=16777542 HTTP/1.1" 200 1405
66.249.71.72 - - [27/May/2016:14:20:13 +0800] "GET /content/repository/resource_content.jsp?oid=2671117&queryString=%E8%AE%8A%E9%80%9A HTTP/1.1" 200 30295
66.249.71.105 - - [27/May/2016:14:20:19 +0800] "GET /content/nav/relationSubject.jsp?relationWords=%E5%90%8F%E9%83%A8+&oid=2663970 HTTP/1.1" 200 3101
66.249.71.121 - - [27/May/2016:14:20:21 +0800] "GET /content/nav/relationSubject.jsp?relationWords=%E5%90%8F%E9%83%A8%20&oid=2663970 HTTP/1.1" 200 3101
195.154.146.240 - - [27/May/2016:14:21:01 +0800] "GET /content/subject/resource_content.jsp?oid=16777448&queryType=qc HTTP/1.1" 200 34511
66.249.71.60 - - [27/May/2016:14:21:18 +0800] "GET /content/repository/resource_content.jsp?oid=2688157&queryString=%E9%8E%AE%E5%AF%A7%20%E9%99%B8%E6%B8%AC%E5%9C%96 HTTP/1.1" 200 30615
59.120.144.151 - - [27/May/2016:14:22:21 +0800] "GET /content/repository/resource_content.jsp?oid=3819630&queryString=?????? HTTP/1.1" 200 31814
59.120.144.151 - - [27/May/2016:14:22:22 +0800] "GET /content/nav/relationSubject.jsp?relationWords=API+%E5%8F%B0%E7%81%A3%E6%AC%92%E6%A8%B9+%E6%A4%8D%E7%89%A9%E7%95%8C+%E6%AC%92%E6%A8%B9+%E7%84%A1%E6%82%A3%E5%AD%90+%E7%84%A1%E6%82%A3%E5%AD%90%E7%A7%91+%E8%8B%A6%E8%8B%93%E8%88%85+&oid=3819630 HTTP/1.1" 200 4867
66.249.71.60 - - [27/May/2016:14:22:23 +0800] "GET /content/repository/resource_content.jsp?oid=2689768 HTTP/1.1" 200 29846
66.249.71.64 - - [27/May/2016:14:22:26 +0800] "GET /content/nav/relationSubject.jsp?relationWords=%E5%BE%97%E4%BB%94%E5%8F%A3%E6%BA%AA+%E7%AB%B9%E5%AE%89+%E9%98%B2%E6%BD%AE%E7%A0%82%E5%A0%A4+&oid=1558162 HTTP/1.1" 200 3711
66.249.79.200 - - [27/May/2016:14:22:28 +0800] "GET /content/nav/relationSubject.jsp?relationWords=%E5%BE%97%E4%BB%94%E5%8F%A3%E6%BA%AA%20%E7%AB%B9%E5%AE%89%20%E9%98%B2%E6%BD%AE%E7%A0%82%E5%A0%A4%20&oid=1558162 HTTP/1.1" 200 3711
163.29.105.241 - - [27/May/2016:14:22:59 +0800] "GET /content/repository/resource_content.jsp?oid=3820605&queryType=qs&queryString=%E6%B5%81%E8%98%87%E6%A8%B9 HTTP/1.1" 200 31272
163.29.105.241 - - [27/May/2016:14:23:00 +0800] "GET /content/nav/relationSubject.jsp?relationWords=%E6%9C%A8%E7%8A%80%E7%A7%91+%E6%A4%8D%E7%89%A9%E7%95%8C+%E6%B5%81%E8%98%87%E6%A8%B9+%E7%8E%84%E5%8F%83+&oid=3820605 HTTP/1.1" 200 3393
66.249.77.97 - - [27/May/2016:14:23:27 +0800] "GET /content/subject/resource_content.jsp?oid=16777484&queryType=qs&queryString=%E7%B0%A1%E5%A3%AB%E5%82%91 HTTP/1.1" 200 72103
66.249.71.5 - - [27/May/2016:14:23:36 +0800] "GET /digiarch3/content/nav/relationSubject.jsp?relationWords=%E6%A9%AB%E5%B8%B6+%E7%8B%97%E9%B0%B7+&oid=15941 HTTP/1.1" 200 3472
66.249.71.5 - - [27/May/2016:14:23:37 +0800] "GET /digiarch3/content/nav/relationSubject.jsp?relationWords=%E6%A9%AB%E5%B8%B6%20%E7%8B%97%E9%B0%B7%20&oid=15941 HTTP/1.1" 200 3472
203.72.239.1 - - [27/May/2016:14:24:03 +0800] "GET /content/nav/relationSubject.jsp?relationWords=%E7%9B%B8%E6%80%9D%E6%A8%B9+&oid=16777519 HTTP/1.1" 200 3659
66.249.79.207 - - [27/May/2016:14:24:38 +0800] "GET /content/nav/relationSubject.jsp?relationWords=%E4%B8%89%E7%99%BD%E8%8D%89+%E6%A4%8D%E7%89%A9%E7%95%8C+&oid=3811193 HTTP/1.1" 200 2890
123.125.71.38 - - [27/May/2016:14:24:42 +0800] "GET /digiarch_en/content/subject/resource_content.jsp?oid=16777600&queryType=qc HTTP/1.1" 200 37855
66.249.71.113 - - [27/May/2016:14:25:17 +0800] "GET /content/repository/resource_content.jsp?oid=4463177&queryType=qs&queryString=%E7%B2%BE%E7%B1%B3 HTTP/1.1" 200 28607
66.249.71.60 - - [27/May/2016:14:25:37 +0800] "GET /content/repository/resource_content.jsp?oid=2523888 HTTP/1.1" 200 29999
199.30.25.44 - - [27/May/2016:14:25:56 +0800] "GET /content/nav/relationSubject.jsp?relationWords=%E7%A7%8B%E6%B5%B7%E6%A3%A0+&oid=16777279 HTTP/1.1" 200 4850
195.154.146.240 - - [27/May/2016:14:26:10 +0800] "GET /content/subject/resource_content.jsp?oid=16777753&queryType=qc HTTP/1.1" 200 36828
195.154.146.240 - - [27/May/2016:14:26:19 +0800] "GET /content/subject/resource_content.jsp?oid=16777568&queryType=qc HTTP/1.1" 200 34866
66.249.79.165 - - [27/May/2016:14:26:42 +0800] "GET /content/repository/resource_content.jsp?oid=2684538&queryType=qs&queryString=%E5%AF%B6%E6%87%89 HTTP/1.1" 200 30001
66.249.71.64 - - [27/May/2016:14:27:12 +0800] "GET /content/nav/relationSubject.jsp?relationWords=%E6%9F%BF%E6%A8%B9+%E6%A1%90%E8%91%89+%E6%A4%8D%E7%89%A9%E7%95%8C+%E6%A5%8A%E6%A1%90+%E6%A5%8A%E6%A1%90%E8%91%89%E7%81%B0%E6%9C%A8+%E7%81%B0%E6%9C%A8+%E7%81%B0%E6%9C%A8%E5%B1%AC+%E8%91%89%E7%81%B0%E6%9C%A8+&oid=3812935 HTTP/1.1" 200 3557
66.249.71.5 - - [27/May/2016:14:27:46 +0800] "GET /content/repository/resource_content.jsp?oid=2558340&queryString=%E5%A7%94%E7%BD%B2%20%E7%B8%BD%E5%85%B5%E5%AE%98%20%E9%A6%AC%E8%98%AD%E5%8F%A3 HTTP/1.1" 200 30707
66.249.71.64 - - [27/May/2016:14:28:51 +0800] "GET /content/repository/resource_content.jsp?oid=3816335&queryString=%E5%B0%8F%E7%90%89%E7%90%83%20%E8%87%AA%E7%94%B1%E8%B2%BF%E6%98%93 HTTP/1.1" 200 31221
195.154.146.240 - - [27/May/2016:14:29:16 +0800] "GET /content/tmp_auth/resource_content.jsp?oid=16777758 HTTP/1.1" 200 25321
66.249.71.60 - - [27/May/2016:14:29:21 +0800] "GET /content/nav/relationSubject.jsp?relationWords=%E5%B0%8B%E5%AF%B6+%E6%95%B8%E4%BD%8D%E5%85%B8%E8%97%8F+%E9%9B%BB%E5%AD%90%E6%9B%B8+&oid=16777793 HTTP/1.1" 200 5964
68.180.228.229 - - [27/May/2016:14:29:26 +0800] "GET /digiarch_en/content/pictures/picture_content.jsp?oid=33554744 HTTP/1.1" 200 21741
66.249.71.60 - - [27/May/2016:14:29:55 +0800] "GET /content/repository/resource_content.jsp?oid=1525856 HTTP/1.1" 200 29126
120.124.84.38 - - [27/May/2016:14:30:37 +0800] "GET /content/nav/relationSubject.jsp?relationWords=%E6%BC%94%E8%AE%8A+%E7%A6%AE%E6%9C%8D+&oid=16777619 HTTP/1.1" 200 3545
66.249.71.5 - - [27/May/2016:14:31:00 +0800] "GET /digiarch3/content/repository/resource_content.jsp?oid=1782159&queryString=%E8%8A%B1%E9%82%8A HTTP/1.1" 200 29605
203.64.118.253 - - [27/May/2016:14:31:45 +0800] "GET /content/nav/relationSubject.jsp?relationWords=&oid=16777459 HTTP/1.1" 200 1405
66.249.71.64 - - [27/May/2016:14:31:59 +0800] "GET /content/nav/relationSubject.jsp?relationWords=%E4%BA%BA%E6%B0%91%E5%9C%98%E9%AB%94+%E6%88%BF%E5%B1%8B%E7%A8%85+%E8%B2%A1%E7%A8%85+&oid=1571156 HTTP/1.1" 200 4992
66.249.71.60 - - [27/May/2016:14:32:01 +0800] "GET /content/nav/relationSubject.jsp?relationWords=%E4%BA%BA%E6%B0%91%E5%9C%98%E9%AB%94%20%E6%88%BF%E5%B1%8B%E7%A8%85%20%E8%B2%A1%E7%A8%85%20&oid=1571156 HTTP/1.1" 200 4992
66.249.71.64 - - [27/May/2016:14:32:05 +0800] "GET /content/repository/resource_content.jsp?oid=1593619 HTTP/1.1" 200 29033
66.249.71.60 - - [27/May/2016:14:32:31 +0800] "GET /content/nav/relationSubject.jsp?relationWords=&oid=1812551 HTTP/1.1" 200 1405
66.249.71.60 - - [27/May/2016:14:33:11 +0800] "GET /content/repository/resource_content.jsp?oid=1783182 HTTP/1.1" 200 28318
66.249.71.188 - - [27/May/2016:14:33:38 +0800] "GET /content/nav/relationSubject.jsp?relationWords=%E6%AE%B7%E5%A2%9F+%E8%BB%8A%E9%A6%AC%E5%9D%91+&oid=16777272 HTTP/1.1" 200 3283
66.249.71.60 - - [27/May/2016:14:34:09 +0800] "GET /content/repository/resource_content.jsp?oid=2554681&queryString=%E7%83%8F%E8%98%87%20%E7%B7%A9%E9%81%A0%20%E9%99%B8%E6%B8%AC%E5%9C%96 HTTP/1.1" 200 30359
66.249.77.91 - - [27/May/2016:14:34:14 +0800] "GET /content/repository/resource_content.jsp?oid=4364098&queryString=%E6%B1%A0%E5%BA%9C%E5%8D%83%E6%AD%B2 HTTP/1.1" 200 29258
59.148.93.142 - - [27/May/2016:14:35:03 +0800] "GET /content/repository/resource_content.jsp?oid=2151840&queryString=%E6%A4%8D%E7%89%A9%E7%95%8C%20%E6%A7%B2%E6%A8%B9%20%E6%AB%9F%E5%B1%AC%20%E6%AE%BC%E6%96%97%E7%A7%91 HTTP/1.1" 200 31487
59.148.93.142 - - [27/May/2016:14:35:04 +0800] "GET /content/nav/relationSubject.jsp?relationWords=%E6%A4%8D%E7%89%A9%E7%95%8C+%E6%A7%B2%E6%A8%B9+%E6%AB%9F%E5%B1%AC+%E6%AE%BC%E6%96%97%E7%A7%91+&oid=2151840 HTTP/1.1" 200 3217
68.180.228.229 - - [27/May/2016:14:35:16 +0800] "GET /content/subject/resource_content.jsp?oid=16777610 HTTP/1.1" 200 27650
173.252.95.12 - - [27/May/2016:14:35:41 +0800] "GET /content/subject/resource_content.jsp?oid=16777436&queryString=%E5%8F%B0%E6%9D%B1%E8%98%87%E9%90%B5+%E6%B4%BB%E5%8C%96%E7%9F%B3 HTTP/1.1" 200 28654
68.180.228.229 - - [27/May/2016:14:36:06 +0800] "GET /content/repository/resource_content.jsp?oid=1124667&queryType=qc HTTP/1.1" 200 39133
195.154.146.240 - - [27/May/2016:14:36:15 +0800] "GET /content/subject/resource_content.jsp?oid=16777841&queryType=qc HTTP/1.1" 200 27550
204.79.180.117 - - [27/May/2016:14:36:32 +0800] "GET /content/nav/relationSubject.jsp?relationWords=&oid=16777342 HTTP/1.1" 200 1405
66.249.71.64 - - [27/May/2016:14:37:34 +0800] "GET /digiarch_en/content/repository/resource_content.jsp?oid=15871&queryString=%E5%9C%93%E6%93%AC%E9%B1%B8%20%E6%B2%99%E9%B1%B8%20%E6%B5%B7%E7%8B%97%E7%94%98%E4%BB%94%20%E8%88%89%E7%9B%AE%E9%AD%9A%20%E8%8A%B1%E7%8B%97%E6%AF%8D%E6%B5%B7%20%E9%9B%A8%E5%82%98%E9%96%82 HTTP/1.1" 200 27350
195.154.146.240 - - [27/May/2016:14:37:59 +0800] "GET /content/subject/resource_content.jsp?oid=16797246&queryType=qc HTTP/1.1" 200 43651
66.249.71.72 - - [27/May/2016:14:38:33 +0800] "GET /content/repository/resource_content.jsp?oid=1078127 HTTP/1.1" 200 29264
66.249.71.60 - - [27/May/2016:14:38:36 +0800] "GET /content/nav/relationSubject.jsp?relationWords=%E5%85%AC%E5%85%B1%E9%80%A0%E7%94%A2+%E6%98%8E%E5%BE%B7%E6%B0%B4%E5%BA%AB+%E9%81%8A%E8%89%87+%E9%84%89%E5%85%AC%E6%89%80+%E9%A0%AD%E5%B1%8B%E9%84%89+&oid=1607501 HTTP/1.1" 200 4123
66.249.71.60 - - [27/May/2016:14:38:39 +0800] "GET /content/nav/relationSubject.jsp?relationWords=%E5%85%AC%E5%85%B1%E9%80%A0%E7%94%A2%20%E6%98%8E%E5%BE%B7%E6%B0%B4%E5%BA%AB%20%E9%81%8A%E8%89%87%20%E9%84%89%E5%85%AC%E6%89%80%20%E9%A0%AD%E5%B1%8B%E9%84%89%20&oid=1607501 HTTP/1.1" 200 4123
140.109.192.112 - - [27/May/2016:14:38:45 +0800] "GET /content/repository/resource_content.jsp?oid=2661243&queryType=qs&queryString=%E7%91%9A%E5%9C%96%E7%A6%AE HTTP/1.1" 200 30378
140.109.192.112 - - [27/May/2016:14:38:46 +0800] "GET /content/nav/relationSubject.jsp?relationWords=%E5%90%8F%E9%83%A8+%E9%BB%83%E5%AE%89%E7%B8%A3+&oid=2661243 HTTP/1.1" 200 3151
40.77.167.31 - - [27/May/2016:14:39:12 +0800] "GET /content/repository/resource_content.jsp?oid=1531069 HTTP/1.1" 200 29004
163.14.33.93 - - [27/May/2016:14:39:17 +0800] "GET /content/repository/resource_content.jsp?oid=1814052 HTTP/1.1" 200 28962
163.14.33.93 - - [27/May/2016:14:39:18 +0800] "GET /content/nav/relationSubject.jsp?relationWords=%E7%88%B6%E8%BE%9B%E7%88%B5+&oid=1814052 HTTP/1.1" 200 3218
66.249.71.64 - - [27/May/2016:14:39:25 +0800] "GET /content/nav/relationSubject.jsp?relationWords=&oid=16777693 HTTP/1.1" 200 1405
114.136.148.91 - - [27/May/2016:14:40:25 +0800] "GET /digiarch3/content/repository/resource_content.jsp?oid=4551157&queryString=%E5%B0%8F%E7%9C%BC%E8%8A%B1%E7%B0%BE%E8%9B%A4%20%E6%B5%B7%E7%93%9C%E5%AD%90%20%E7%B0%BE%E8%9B%A4%E7%9B%AE%20%E7%B0%BE%E8%9B%A4%E7%A7%91%20%E8%8A%B1%E7%B0%BE%E8%9B%A4%E5%B1%AC%20%E8%8A%B1%E8%9B%A4%20%E9%9B%99%E6%AE%BC%E7%B6%B1 HTTP/1.1" 200 30682
114.136.148.91 - - [27/May/2016:14:40:26 +0800] "GET /digiarch3/content/nav/relationSubject.jsp?relationWords=%E7%B0%BE%E8%9B%A4%E7%9B%AE+%E7%B0%BE%E8%9B%A4%E7%A7%91+%E8%8A%B1%E8%9B%A4+%E8%BB%9F%E9%AB%94%E5%8B%95%E7%89%A9%E9%96%80+%E9%9B%99%E6%AE%BC%E7%B6%B1+&oid=4551157 HTTP/1.1" 200 3593
66.249.71.64 - - [27/May/2016:14:40:50 +0800] "GET /content/nav/relationSubject.jsp?relationWords=%E6%A4%8D%E7%89%A9%E7%95%8C+%E8%8C%85%E8%86%8F%E8%8F%9C%E5%B1%AC+%E8%8C%85%E8%86%8F%E8%8F%9C%E7%A7%91+%E9%95%B7%E8%91%89%E8%8C%85%E8%86%8F%E8%8F%9C+&oid=1098286 HTTP/1.1" 200 3340
66.249.71.60 - - [27/May/2016:14:40:52 +0800] "GET /content/nav/relationSubject.jsp?relationWords=%E6%A4%8D%E7%89%A9%E7%95%8C%20%E8%8C%85%E8%86%8F%E8%8F%9C%E5%B1%AC%20%E8%8C%85%E8%86%8F%E8%8F%9C%E7%A7%91%20%E9%95%B7%E8%91%89%E8%8C%85%E8%86%8F%E8%8F%9C%20&oid=1098286 HTTP/1.1" 200 3340
114.24.18.95 - - [27/May/2016:14:41:13 +0800] "GET /content/subject/resource_content.jsp?oid=16777448&queryType=qc HTTP/1.1" 200 34511
114.24.18.95 - - [27/May/2016:14:41:14 +0800] "GET /content/nav/relationSubject.jsp?relationWords=%E5%B1%B1%E8%8C%B6%E8%8A%B1+%E6%9B%BC%E9%99%80%E7%BE%85%E8%8A%B1+&oid=16777448 HTTP/1.1" 200 1894
66.249.71.60 - - [27/May/2016:14:41:47 +0800] "GET /content/repository/resource_content.jsp?oid=1530327 HTTP/1.1" 200 28591
118.232.164.76 - - [27/May/2016:14:42:25 +0800] "GET /content/repository/resource_content.jsp?oid=2147415&queryString=%E6%93%AC%E5%A4%A7%E8%B1%86%20%E6%93%AC%E5%A4%A7%E8%B1%86%E5%B1%AC%20%E6%A4%8D%E7%89%A9%E7%95%8C%20%E8%A0%B6%E8%B1%86%20%E9%9B%99%E5%AD%90%E8%91%89%E6%A4%8D%E7%89%A9 HTTP/1.1" 200 31441
118.232.164.76 - - [27/May/2016:14:42:26 +0800] "GET /content/nav/relationSubject.jsp?relationWords=%E6%93%AC%E5%A4%A7%E8%B1%86+%E6%93%AC%E5%A4%A7%E8%B1%86%E5%B1%AC+%E6%A4%8D%E7%89%A9%E7%95%8C+%E8%A0%B6%E8%B1%86+%E9%9B%99%E5%AD%90%E8%91%89%E6%A4%8D%E7%89%A9+&oid=2147415 HTTP/1.1" 200 3384
118.232.164.76 - - [27/May/2016:14:42:36 +0800] "HEAD /content/repository/resource_content.jsp?oid=2147415&queryString=%E6%93%AC%E5%A4%A7%E8%B1%86%20%E6%93%AC%E5%A4%A7%E8%B1%86%E5%B1%AC%20%E6%A4%8D%E7%89%A9%E7%95%8C%20%E8%A0%B6%E8%B1%86%20%E9%9B%99%E5%AD%90%E8%91%89%E6%A4%8D%E7%89%A9 HTTP/1.1" 200 -
