66.249.71.136 - - [31/May/2016:00:00:06 +0800] "GET /content/nav/relationSubject.jsp?relationWords=%E7%8E%89%E9%A3%BE+&oid=1844808 HTTP/1.1" 200 2975
66.249.71.136 - - [31/May/2016:00:00:10 +0800] "GET /content/nav/relationSubject.jsp?relationWords=%E7%8E%89%E9%A3%BE%20&oid=1844808 HTTP/1.1" 200 2975
66.249.71.242 - - [31/May/2016:00:00:12 +0800] "GET /content/repository/resource_content.jsp?oid=4411613&queryType=qs&queryString=%E5%9C%88%E5%8D%B0%E7%B4%8B HTTP/1.1" 200 30371
66.249.71.253 - - [31/May/2016:00:00:35 +0800] "GET /content/nav/relationSubject.jsp?relationWords=%E4%B8%89%E5%88%BA%E9%AD%A8+%E4%B8%89%E8%85%B3%E9%87%98+%E4%B8%89%E8%A7%92%E7%8B%84+%E6%93%AC%E4%B8%89%E6%A3%98%E9%AD%A8%E7%A7%91+%E9%95%B7%E7%AE%A1%E5%90%BB%E9%AD%A8+&oid=1081671 HTTP/1.1" 200 3703
66.249.71.136 - - [31/May/2016:00:00:41 +0800] "GET /content/repository/resource_content.jsp?oid=1115433 HTTP/1.1" 200 29909
66.249.71.136 - - [31/May/2016:00:00:42 +0800] "GET /content/nav/relationSubject.jsp?relationWords=%E4%BF%B8%E6%BB%BF%E4%BF%9D+%E5%80%99%E9%99%9E+%E5%90%8F%E9%83%A8+%E5%A4%A7%E4%BD%BF+&oid=2513135 HTTP/1.1" 200 3221
66.249.79.200 - - [31/May/2016:00:00:48 +0800] "GET /content/nav/relationSubject.jsp?relationWords=%E4%BF%B8%E6%BB%BF%E4%BF%9D%20%E5%80%99%E9%99%9E%20%E5%90%8F%E9%83%A8%20%E5%A4%A7%E4%BD%BF%20&oid=2513135 HTTP/1.1" 200 3221
66.249.71.152 - - [31/May/2016:00:00:49 +0800] "GET /content/repository/resource_content.jsp?oid=4485790&queryType=qs&queryString=%E5%85%A8%E6%99%AF HTTP/1.1" 200 32817
66.249.71.248 - - [31/May/2016:00:00:55 +0800] "GET /content/nav/relationSubject.jsp?relationWords=%E5%B7%A1%E6%92%AB+%E7%B5%9E%E7%9B%A3%E5%80%99+&oid=2542569 HTTP/1.1" 200 3134
66.249.79.244 - - [31/May/2016:00:01:07 +0800] "GET /content/repository/resource_content.jsp?oid=4351731&queryType=qs&queryString=%E9%B0%BB%E9%AD%9A HTTP/1.1" 200 35975
66.249.71.136 - - [31/May/2016:00:01:22 +0800] "GET /content/nav/relationSubject.jsp?relationWords=%E4%BD%95%E6%B0%8F+%E8%80%81%E6%9D%BF%E9%AF%86+%E9%AD%9F%E9%AD%9A+&oid=16777743 HTTP/1.1" 200 3774
180.177.198.136 - - [31/May/2016:00:01:33 +0800] "GET /digiarch_en/content/repository/resource_content.jsp?oid=16311&queryString=%E6%93%AC%E5%88%BA%E5%B0%BE%E9%AF%9B HTTP/1.1" 200 26365
66.249.71.136 - - [31/May/2016:00:01:34 +0800] "GET /content/repository/resource_content.jsp?oid=1619747 HTTP/1.1" 200 28942
180.177.198.136 - - [31/May/2016:00:01:35 +0800] "GET /digiarch_en/content/nav/relationSubject.jsp?relationWords=%E5%88%BA%E5%B0%BE%E9%AD%9A+%E5%88%BA%E5%B0%BE%E9%AF%9B%E7%A7%91+%E5%89%9D%E7%9A%AE%E9%AD%9A+%E6%93%AC%E5%88%BA%E5%B0%BE%E9%AF%9B+%E9%BB%83%E5%B0%BE+&oid=16311 HTTP/1.1" 200 3589
173.252.95.13 - - [31/May/2016:00:01:44 +0800] "GET /digiarch_en/content/repository/resource_content.jsp?oid=16311&queryString=%E6%93%AC%E5%88%BA%E5%B0%BE%E9%AF%9B HTTP/1.1" 200 26365
66.220.156.122 - - [31/May/2016:00:01:45 +0800] "GET /digiarch_en/content/repository/resource_content.jsp?oid=16311&queryString=%E6%93%AC%E5%88%BA%E5%B0%BE%E9%AF%9B HTTP/1.1" 200 26365
66.249.71.136 - - [31/May/2016:00:01:55 +0800] "GET /content/nav/relationSubject.jsp?relationWords=%E5%8C%96%E5%A6%9D%E5%93%81+%E5%98%89%E7%BE%A9%E5%B8%82+%E6%9D%B1%E5%85%89+%E7%89%9B%E6%B2%B9+%E7%9C%81%E6%94%BF%E5%BA%9C+%E7%BE%8E%E6%8F%B4+%E8%87%BA%E4%B8%AD%E5%B8%82+%E9%99%B3%E5%BF%A0%E7%BE%A9+%E9%AB%98%E9%9B%84%E5%B8%82+&oid=1524127 HTTP/1.1" 200 4812
66.249.79.200 - - [31/May/2016:00:01:59 +0800] "GET /content/nav/relationSubject.jsp?relationWords=%E5%8C%96%E5%A6%9D%E5%93%81%20%E5%98%89%E7%BE%A9%E5%B8%82%20%E6%9D%B1%E5%85%89%20%E7%89%9B%E6%B2%B9%20%E7%9C%81%E6%94%BF%E5%BA%9C%20%E7%BE%8E%E6%8F%B4%20%E8%87%BA%E4%B8%AD%E5%B8%82%20%E9%99%B3%E5%BF%A0%E7%BE%A9%20%E9%AB%98%E9%9B%84%E5%B8%82%20&oid=1524127 HTTP/1.1" 200 4812
66.249.71.136 - - [31/May/2016:00:02:01 +0800] "GET /content/repository/resource_content.jsp?oid=1567990 HTTP/1.1" 200 32201
61.231.213.8 - - [31/May/2016:00:03:23 +0800] "GET /content/repository/resource_content.jsp?oid=1106299&queryString=%E6%A4%8D%E7%89%A9%E7%95%8C%20%E7%B5%9E%E8%82%A1%E8%97%8D%20%E7%B5%9E%E8%82%A1%E8%97%8D%E5%B1%AC%20%E8%8F%AB%E8%8F%9C%20%E8%91%AB%E8%98%86%E7%A7%91 HTTP/1.1" 200 31769
66.249.71.136 - - [31/May/2016:00:03:24 +0800] "GET /content/repository/resource_content.jsp?oid=1106222 HTTP/1.1" 200 31382
61.231.213.8 - - [31/May/2016:00:03:25 +0800] "GET /content/nav/relationSubject.jsp?relationWords=%E6%A4%8D%E7%89%A9%E7%95%8C+%E7%B5%9E%E8%82%A1%E8%97%8D+%E7%B5%9E%E8%82%A1%E8%97%8D%E5%B1%AC+%E8%8F%AB%E8%8F%9C+%E8%91%AB%E8%98%86%E7%A7%91+&oid=1106299 HTTP/1.1" 200 3394
66.249.71.129 - - [31/May/2016:00:03:50 +0800] "GET /content/tmp_exh/resource_content.jsp?oid=16777851&queryType=qc HTTP/1.1" 200 45685
66.249.71.152 - - [31/May/2016:00:04:18 +0800] "GET /content/repository/resource_content.jsp?oid=2630515&queryType=qs&queryString=%E9%BB%83%E6%A6%AE HTTP/1.1" 200 29474
66.249.71.242 - - [31/May/2016:00:04:39 +0800] "GET /content/nav/relationSubject.jsp?relationWords=%E8%AD%81%E5%85%B5+&oid=2679338 HTTP/1.1" 200 2436
66.249.71.159 - - [31/May/2016:00:04:45 +0800] "GET /content/repository/resource_content.jsp?oid=4364535&queryType=qs&queryString=%E6%9C%B1%E5%AE%B6%E9%A9%8A HTTP/1.1" 200 29570
66.249.71.136 - - [31/May/2016:00:05:04 +0800] "GET /content/nav/relationSubject.jsp?relationWords=%E5%9B%9B%E5%BA%9C%E6%95%99+%E6%8E%A8%E9%8A%B7+%E6%95%99%E8%82%B2%E6%A1%88+%E6%96%87%E5%85%B7+&oid=1559042 HTTP/1.1" 200 4491
66.249.71.136 - - [31/May/2016:00:05:08 +0800] "GET /content/nav/relationSubject.jsp?relationWords=%E5%9B%9B%E5%BA%9C%E6%95%99%20%E6%8E%A8%E9%8A%B7%20%E6%95%99%E8%82%B2%E6%A1%88%20%E6%96%87%E5%85%B7%20&oid=1559042 HTTP/1.1" 200 4491
66.249.71.248 - - [31/May/2016:00:05:13 +0800] "GET /content/nav/relationSubject.jsp?relationWords=%E8%AD%81%E5%85%B5%20&oid=2679338 HTTP/1.1" 200 2436
66.249.71.199 - - [31/May/2016:00:05:40 +0800] "GET /digiarch3/content/repository/resource_content.jsp?oid=14918&queryString=%E7%B4%85%E7%89%9B%E5%B0%BE HTTP/1.1" 200 33110
66.249.71.159 - - [31/May/2016:00:05:47 +0800] "GET /content/nav/relationSubject.jsp?relationWords=%E5%A4%A7%E7%89%87%E4%BB%94+%E6%8B%BF%E7%A0%B4%E5%B4%99+%E6%9B%B2%E7%B4%8B%E5%94%87%E9%AD%9A+%E6%B1%95%E6%95%A3%E4%BB%94+%E6%B3%A2%E7%B4%8B%E5%94%87%E9%AD%9A+%E6%B3%A2%E7%B4%8B%E9%B8%9A%E9%AF%9B+%E6%B5%B7%E5%93%A5%E9%BE%8D+%E7%9F%B3%E8%9A%B1%E4%BB%94+%E9%97%8A%E5%98%B4%E9%83%8E+%E9%9A%86%E9%A0%AD%E9%AD%9A%E7%A7%91+%E9%BE%8D%E7%8E%8B%E9%AF%9B+&oid=15712 HTTP/1.1" 200 4007
66.249.71.136 - - [31/May/2016:00:05:53 +0800] "GET /content/nav/relationSubject.jsp?relationWords=%E5%AE%89%E5%85%A8%E6%A1%88+%E5%B0%8F%E6%B8%AF%E9%84%89+%E9%B3%B3%E9%B3%B4+&oid=1889104 HTTP/1.1" 200 3260
66.249.71.136 - - [31/May/2016:00:05:54 +0800] "GET /content/nav/relationSubject.jsp?relationWords=%E5%AE%89%E5%85%A8%E6%A1%88%20%E5%B0%8F%E6%B8%AF%E9%84%89%20%E9%B3%B3%E9%B3%B4%20&oid=1889104 HTTP/1.1" 200 3260
66.249.71.136 - - [31/May/2016:00:05:55 +0800] "GET /content/nav/relationSubject.jsp?relationWords=%E8%B5%A4%E7%9F%B3%E6%96%91%E9%AD%9A+%E9%AE%A8%E7%A7%91+&oid=1450851 HTTP/1.1" 200 3271
66.249.71.248 - - [31/May/2016:00:06:01 +0800] "GET /content/nav/relationSubject.jsp?relationWords=%E5%9F%BA%E5%9B%A0+%E5%9F%BA%E5%9B%A0%E7%AA%81%E8%AE%8A+%E6%B3%B0%E9%9B%85%E6%97%8F+&oid=1778116 HTTP/1.1" 200 4007
66.249.71.242 - - [31/May/2016:00:06:03 +0800] "GET /content/nav/relationSubject.jsp?relationWords=%E5%9F%BA%E5%9B%A0%20%E5%9F%BA%E5%9B%A0%E7%AA%81%E8%AE%8A%20%E6%B3%B0%E9%9B%85%E6%97%8F%20&oid=1778116 HTTP/1.1" 200 4007
66.249.71.199 - - [31/May/2016:00:06:59 +0800] "GET /content/nav/relationSubject.jsp?relationWords=%E8%85%B9%E8%B6%B3%E7%B6%B1+%E8%9A%B5%E5%B7%96%E8%9E%BA+%E9%AA%A8%E8%9E%BA%E7%A7%91+&oid=3809145 HTTP/1.1" 200 3236
66.249.71.199 - - [31/May/2016:00:07:02 +0800] "GET /content/nav/relationSubject.jsp?relationWords=%E8%85%B9%E8%B6%B3%E7%B6%B1%20%E8%9A%B5%E5%B7%96%E8%9E%BA%20%E9%AA%A8%E8%9E%BA%E7%A7%91%20&oid=3809145 HTTP/1.1" 200 3236
66.249.79.139 - - [31/May/2016:00:07:04 +0800] "GET /content/nav/relationSubject.jsp?relationWords=%E5%A2%A8%E9%BB%9E%E6%AB%BB%E6%A1%83+%E6%A2%85%E5%B1%AC+%E6%A4%8D%E7%89%A9%E7%95%8C+%E8%96%94%E8%96%87%E7%9B%AE+%E8%96%94%E8%96%87%E7%A7%91+%E9%BB%91%E6%98%9F%E6%AB%BB+&oid=3818148 HTTP/1.1" 200 3476
66.249.71.248 - - [31/May/2016:00:07:59 +0800] "GET /content/repository/resource_content.jsp?oid=15855&queryType=qs&queryString=%E6%B7%A4%E6%B3%A5 HTTP/1.1" 200 35026
66.249.71.242 - - [31/May/2016:00:08:18 +0800] "GET /content/nav/relationSubject.jsp?relationWords=%E9%9B%85%E7%BE%8E%E6%97%8F%20&oid=1773368 HTTP/1.1" 200 2870
66.249.71.150 - - [31/May/2016:00:08:52 +0800] "GET /content/repository/resource_content.jsp?oid=1635882 HTTP/1.1" 200 28568
66.249.71.143 - - [31/May/2016:00:09:19 +0800] "GET /content/repository/resource_content.jsp?oid=1530363 HTTP/1.1" 200 28698
51.255.65.8 - - [31/May/2016:00:09:26 +0800] "GET /content/subject/resource_content.jsp?oid=16777352&queryType=qc HTTP/1.1" 200 27999
66.249.71.242 - - [31/May/2016:00:09:43 +0800] "GET /content/nav/relationSubject.jsp?relationWords=%E9%B3%B4%E8%B4%8A+%E9%B4%BB%E8%87%9A%E5%AF%BA+&oid=2640978 HTTP/1.1" 200 3116
66.249.71.136 - - [31/May/2016:00:09:44 +0800] "GET /content/repository/resource_content.jsp?oid=2534564&queryString=%E5%BB%A3%E8%A5%BF%E5%8F%B8 HTTP/1.1" 200 30302
66.249.79.141 - - [31/May/2016:00:09:46 +0800] "GET /content/nav/relationSubject.jsp?relationWords=%E9%B3%B4%E8%B4%8A%20%E9%B4%BB%E8%87%9A%E5%AF%BA%20&oid=2640978 HTTP/1.1" 200 3116
66.249.79.200 - - [31/May/2016:00:09:49 +0800] "GET /content/repository/resource_content.jsp?oid=797568 HTTP/1.1" 200 28180
180.76.15.138 - - [31/May/2016:00:10:00 +0800] "GET /content/repository/resource_content.jsp?oid=1108364&queryString=%E6%A4%8D%E7%89%A9%E7%95%8C%20%E7%84%A1%E6%82%A3%E5%AD%90%20%E9%90%98%E8%90%BC%E6%9C%A8%20%E9%90%98%E8%90%BC%E6%9C%A8%E5%B1%AC HTTP/1.1" 200 31762
66.249.71.242 - - [31/May/2016:00:10:13 +0800] "GET /content/nav/relationSubject.jsp?relationWords=%E6%A3%98%E9%AC%BC%E9%A0%AD%E5%88%80+%E9%AF%95%E9%B0%8D+&oid=1081585 HTTP/1.1" 200 3315
66.249.71.242 - - [31/May/2016:00:10:16 +0800] "GET /content/nav/relationSubject.jsp?relationWords=%E6%A3%98%E9%AC%BC%E9%A0%AD%E5%88%80%20%E9%AF%95%E9%B0%8D%20&oid=1081585 HTTP/1.1" 200 3315
66.249.71.136 - - [31/May/2016:00:10:27 +0800] "GET /content/nav/relationSubject.jsp?relationWords=%E6%A4%8D%E7%89%A9%E7%95%8C+%E8%8F%8A%E7%A7%91+%E9%8A%80%E8%86%A0%E8%8F%8A+%E9%8A%80%E8%86%A0%E8%8F%8A%E5%B1%AC+%E9%9B%99%E5%AD%90%E8%91%89%E6%A4%8D%E7%89%A9+&oid=3812571 HTTP/1.1" 200 3376
66.249.71.136 - - [31/May/2016:00:10:29 +0800] "GET /content/nav/relationSubject.jsp?relationWords=%E6%A4%8D%E7%89%A9%E7%95%8C%20%E8%8F%8A%E7%A7%91%20%E9%8A%80%E8%86%A0%E8%8F%8A%20%E9%8A%80%E8%86%A0%E8%8F%8A%E5%B1%AC%20%E9%9B%99%E5%AD%90%E8%91%89%E6%A4%8D%E7%89%A9%20&oid=3812571 HTTP/1.1" 200 3376
66.249.71.136 - - [31/May/2016:00:10:42 +0800] "GET /content/subject/resource_content.jsp?oid=16777397 HTTP/1.1" 200 29428
66.249.71.242 - - [31/May/2016:00:11:09 +0800] "GET /content/repository/resource_content.jsp?oid=15071&queryString=%E5%88%BA%E5%B0%BE%E9%AF%9B%20%E7%B7%9A%E7%B4%8B%20%E7%B7%9A%E7%B4%8B%E5%88%BA%E5%B0%BE%E9%AF%9B HTTP/1.1" 200 35145
66.249.71.242 - - [31/May/2016:00:11:31 +0800] "GET /content/nav/relationSubject.jsp?relationWords=%E4%B8%AD%E8%A1%9B%E7%B8%A3+%E5%90%8F%E9%83%A8+%E5%A5%89%E8%AB%AD+&oid=2667284 HTTP/1.1" 200 3171
66.249.71.136 - - [31/May/2016:00:11:37 +0800] "GET /content/nav/relationSubject.jsp?relationWords=%E5%8F%89%E5%B0%BE+%E7%AC%9B%E9%AF%9B%E7%A7%91+%E8%89%B2%E7%B4%B0%E9%BD%92%E7%AC%9B%E9%AF%9B+&oid=4353050 HTTP/1.1" 200 3504
66.249.71.136 - - [31/May/2016:00:11:40 +0800] "GET /content/nav/relationSubject.jsp?relationWords=%E5%8F%89%E5%B0%BE%20%E7%AC%9B%E9%AF%9B%E7%A7%91%20%E8%89%B2%E7%B4%B0%E9%BD%92%E7%AC%9B%E9%AF%9B%20&oid=4353050 HTTP/1.1" 200 3504
66.249.71.242 - - [31/May/2016:00:11:40 +0800] "GET /content/nav/relationSubject.jsp?relationWords=%E4%B8%AD%E8%A1%9B%E7%B8%A3%20%E5%90%8F%E9%83%A8%20%E5%A5%89%E8%AB%AD%20&oid=2667284 HTTP/1.1" 200 3171
66.249.71.152 - - [31/May/2016:00:12:04 +0800] "GET /content/subject/resource_content.jsp?oid=16777611&queryType=qs&queryString=%E8%B2%B7%E8%B3%A3%E5%A5%91%E7%B4%84 HTTP/1.1" 200 49621
66.249.71.136 - - [31/May/2016:00:12:09 +0800] "GET /digiarch_en/content/nav/relationSubject.jsp?relationWords=%E7%B0%A1%E9%8C%A6%E7%9B%8A+%E9%99%B3%E9%8C%AB+%E9%BB%83%E6%B0%B8%E6%AC%BD+&oid=1889728 HTTP/1.1" 200 3319
66.249.71.136 - - [31/May/2016:00:12:31 +0800] "GET /content/subject/resource_content.jsp?oid=16777621&queryType=qs&queryString=%E7%99%BE%E6%97%A5%E7%B4%85 HTTP/1.1" 200 35729
66.249.71.136 - - [31/May/2016:00:12:58 +0800] "GET /content/repository/resource_content.jsp?oid=1612263&queryString=%E9%83%BD%E5%B8%82%E5%8E%9F%E4%BD%8F%E6%B0%91 HTTP/1.1" 200 29115
66.249.71.242 - - [31/May/2016:00:13:29 +0800] "GET /content/nav/relationSubject.jsp?relationWords=%E4%B8%81%E8%98%AD%E5%B0%BA+&oid=4362280 HTTP/1.1" 200 2440
66.249.71.136 - - [31/May/2016:00:13:54 +0800] "GET /content/repository/resource_content.jsp?oid=1617633 HTTP/1.1" 200 29629
66.249.71.136 - - [31/May/2016:00:14:21 +0800] "GET /content/subject/resource_content.jsp?oid=16797271&queryType=qc HTTP/1.1" 200 55170
66.249.71.136 - - [31/May/2016:00:14:49 +0800] "GET /content/subject/resource_content.jsp?oid=16777561&queryType=qs&queryString=%E8%BF%91%E4%BB%A3%E5%8F%B2 HTTP/1.1" 200 40884
66.249.71.136 - - [31/May/2016:00:15:20 +0800] "GET /content/nav/relationSubject.jsp?relationWords=%E6%9C%A8%E7%9B%A4+%E7%9B%9B%E5%85%B7+%E9%9B%85%E7%BE%8E%E6%97%8F+%E9%A3%9B%E9%AD%9A+%E9%AD%9A%E6%9C%A8+&oid=1781050 HTTP/1.1" 200 3531
66.249.79.200 - - [31/May/2016:00:15:23 +0800] "GET /content/nav/relationSubject.jsp?relationWords=%E6%9C%A8%E7%9B%A4%20%E7%9B%9B%E5%85%B7%20%E9%9B%85%E7%BE%8E%E6%97%8F%20%E9%A3%9B%E9%AD%9A%20%E9%AD%9A%E6%9C%A8%20&oid=1781050 HTTP/1.1" 200 3531
66.249.79.200 - - [31/May/2016:00:15:30 +0800] "GET /content/nav/relationSubject.jsp?relationWords=%E5%9C%8B%E9%9A%9B%E6%9B%B8%E5%B1%95+%E6%95%B8%E4%BD%8D%E5%85%B8%E8%97%8F+&oid=16777695 HTTP/1.1" 200 5944
66.249.71.199 - - [31/May/2016:00:16:35 +0800] "GET /content/nav/relationSubject.jsp?relationWords=%E5%8D%97%E6%BE%B3%E9%84%89+%E5%AE%9C%E8%98%AD%E7%B8%A3%E8%AD%B0%E6%9C%83+%E7%9C%81%E6%94%BF%E5%BA%9C+%E9%87%91%E6%B4%8B%E6%9D%91+&oid=1532083 HTTP/1.1" 200 4637
66.249.79.186 - - [31/May/2016:00:16:36 +0800] "GET /content/nav/relationSubject.jsp?relationWords=%E5%8D%97%E6%BE%B3%E9%84%89%20%E5%AE%9C%E8%98%AD%E7%B8%A3%E8%AD%B0%E6%9C%83%20%E7%9C%81%E6%94%BF%E5%BA%9C%20%E9%87%91%E6%B4%8B%E6%9D%91%20&oid=1532083 HTTP/1.1" 200 4637
66.249.71.136 - - [31/May/2016:00:16:38 +0800] "GET /digiarch_en/content/repository/resource_content.jsp?oid=4353907&queryString=%E9%89%A4%E9%B1%97%E9%AD%A8 HTTP/1.1" 200 27542
66.249.71.136 - - [31/May/2016:00:17:05 +0800] "GET /content/repository/resource_content.jsp?oid=1627587 HTTP/1.1" 200 30044
140.120.239.177 - - [31/May/2016:00:17:11 +0800] "GET /content/repository/resource_content.jsp?oid=2151254 HTTP/1.1" 200 30993
140.120.239.177 - - [31/May/2016:00:17:12 +0800] "GET /content/nav/relationSubject.jsp?relationWords=%E6%A0%B2%E5%B1%AC+%E6%A4%8D%E7%89%A9%E7%95%8C+%E6%AE%BC%E6%96%97%E7%A7%91+&oid=2151254 HTTP/1.1" 200 3022
66.249.79.186 - - [31/May/2016:00:17:31 +0800] "GET /content/nav/relationSubject.jsp?relationWords=%E5%84%B2%E8%93%84+%E5%8A%87%E5%9C%98+%E5%9C%8B%E6%A0%A1+%E5%B1%B1%E8%83%9E+%E6%95%99%E8%82%B2%E5%BB%B3+%E6%B0%91%E6%94%BF%E5%BB%B3+%E7%89%A1%E4%B8%B9%E9%84%89+%E7%94%9F%E7%94%A2%E4%BA%8B%E6%A5%AD+%E8%AC%9D%E6%B8%85%E9%9B%B2+%E8%AD%A6%E5%8B%99%E8%99%95+%E8%BE%B2%E7%89%A7%E5%B1%80+%E9%A0%98%E5%B0%8E+&oid=1547237 HTTP/1.1" 200 5719
66.249.71.136 - - [31/May/2016:00:17:34 +0800] "GET /content/subject/resource_content.jsp?oid=16777813&queryString= HTTP/1.1" 200 42045
66.249.71.199 - - [31/May/2016:00:17:34 +0800] "GET /content/nav/relationSubject.jsp?relationWords=%E5%84%B2%E8%93%84%20%E5%8A%87%E5%9C%98%20%E5%9C%8B%E6%A0%A1%20%E5%B1%B1%E8%83%9E%20%E6%95%99%E8%82%B2%E5%BB%B3%20%E6%B0%91%E6%94%BF%E5%BB%B3%20%E7%89%A1%E4%B8%B9%E9%84%89%20%E7%94%9F%E7%94%A2%E4%BA%8B%E6%A5%AD%20%E8%AC%9D%E6%B8%85%E9%9B%B2%20%E8%AD%A6%E5%8B%99%E8%99%95%20%E8%BE%B2%E7%89%A7%E5%B1%80%20%E9%A0%98%E5%B0%8E%20&oid=1547237 HTTP/1.1" 200 5719
66.249.71.254 - - [31/May/2016:00:17:40 +0800] "GET /content/nav/relationSubject.jsp?relationWords=%E6%A9%AB%E7%B0%BE%E8%9B%A4+%E7%B0%BE%E8%9B%A4%E7%9B%AE+%E7%B0%BE%E8%9B%A4%E7%A7%91+%E8%BB%9F%E9%AB%94%E5%8B%95%E7%89%A9%E9%96%80+%E9%9B%99%E6%AE%BC%E7%B6%B1+&oid=4551225 HTTP/1.1" 200 3646
66.249.71.199 - - [31/May/2016:00:17:54 +0800] "GET /content/nav/relationSubject.jsp?relationWords=%E4%BF%AE%E9%80%A0%E6%88%B0+%E9%8A%80%E6%95%B8+&oid=2679462 HTTP/1.1" 200 3113
66.249.71.199 - - [31/May/2016:00:17:56 +0800] "GET /content/nav/relationSubject.jsp?relationWords=%E4%BF%AE%E9%80%A0%E6%88%B0%20%E9%8A%80%E6%95%B8%20&oid=2679462 HTTP/1.1" 200 3113
207.46.13.7 - - [31/May/2016:00:18:28 +0800] "GET /content/subject/resource_content.jsp?oid=16777448&queryType=qc HTTP/1.1" 200 34511
66.249.71.136 - - [31/May/2016:00:18:40 +0800] "GET /content/repository/resource_content.jsp?oid=1520107&queryString=%E6%9E%97%E7%8D%BB%E5%A0%82%20%E7%81%8C%E5%9C%92%E5%85%88%E7%94%9F%20%E9%9C%A7%E5%B3%B0 HTTP/1.1" 200 29499
207.46.13.7 - - [31/May/2016:00:18:45 +0800] "GET /content/nav/relationSubject.jsp?relationWords=%E5%B1%B1%E8%8C%B6%E8%8A%B1+%E6%9B%BC%E9%99%80%E7%BE%85%E8%8A%B1+&oid=16777448 HTTP/1.1" 200 1894
140.122.20.94 - - [31/May/2016:00:19:10 +0800] "GET /content/repository/resource_content.jsp?oid=1777539 HTTP/1.1" 200 29911
140.122.20.94 - - [31/May/2016:00:19:11 +0800] "GET /content/nav/relationSubject.jsp?relationWords=%E6%AF%8D%E7%B3%BB%E7%A4%BE%E6%9C%83+&oid=1777539 HTTP/1.1" 200 2987
66.249.79.200 - - [31/May/2016:00:19:23 +0800] "GET /content/repository/resource_content.jsp?oid=1463049&queryString=%E6%A4%8D%E7%89%A9%E7%95%8C%20%E7%B4%AB%E9%9B%B2%E8%8B%B1%20%E7%B4%AB%E9%9B%B2%E8%8B%B1%E5%B1%AC%20%E7%BF%B9%E6%90%96%20%E8%A0%B6%E8%B1%86%20%E9%9B%99%E5%AD%90%E8%91%89%E6%A4%8D%E7%89%A9 HTTP/1.1" 200 31570
66.249.71.136 - - [31/May/2016:00:19:50 +0800] "GET /content/repository/resource_content.jsp?oid=1541285 HTTP/1.1" 200 28900
66.249.71.136 - - [31/May/2016:00:19:51 +0800] "GET /content/nav/relationSubject.jsp?relationWords=%E6%A4%8D%E7%89%A9%E7%95%8C+%E6%A8%9F%E7%A7%91+%E9%87%A3%E6%A8%9F%E5%B1%AC+%E9%90%B5%E9%87%98%E6%A8%B9+&oid=1110600 HTTP/1.1" 200 3281
66.249.71.136 - - [31/May/2016:00:20:02 +0800] "GET /content/nav/relationSubject.jsp?relationWords=%E6%A4%8D%E7%89%A9%E7%95%8C%20%E6%A8%9F%E7%A7%91%20%E9%87%A3%E6%A8%9F%E5%B1%AC%20%E9%90%B5%E9%87%98%E6%A8%B9%20&oid=1110600 HTTP/1.1" 200 3281
66.249.71.152 - - [31/May/2016:00:22:09 +0800] "GET /content/nav/relationSubject.jsp?relationWords=&oid=4362661 HTTP/1.1" 200 1405
66.249.71.159 - - [31/May/2016:00:22:15 +0800] "GET /content/nav/relationSubject.jsp?relationWords=%E5%8D%B7%E9%A6%96+&oid=4485790 HTTP/1.1" 200 2927
66.249.79.200 - - [31/May/2016:00:22:35 +0800] "GET /content/repository/resource_content.jsp?oid=1104457 HTTP/1.1" 200 31014
66.249.71.136 - - [31/May/2016:00:23:02 +0800] "GET /content/repository/resource_content.jsp?oid=1457324 HTTP/1.1" 200 31155
66.249.71.199 - - [31/May/2016:00:23:06 +0800] "GET /content/nav/relationSubject.jsp?relationWords=%E5%B7%A5%E9%83%A8+%E7%81%AB%E8%97%A5%E5%B1%80+&oid=2676303 HTTP/1.1" 200 3118
66.249.71.199 - - [31/May/2016:00:23:08 +0800] "GET /content/nav/relationSubject.jsp?relationWords=%E5%B7%A5%E9%83%A8%20%E7%81%AB%E8%97%A5%E5%B1%80%20&oid=2676303 HTTP/1.1" 200 3118
66.249.71.152 - - [31/May/2016:00:23:29 +0800] "GET /content/repository/resource_content.jsp?oid=1888264&queryString=%E5%85%A7%E7%A7%91 HTTP/1.1" 200 30688
66.249.71.136 - - [31/May/2016:00:23:50 +0800] "GET /content/nav/relationSubject.jsp?relationWords=%E6%96%9C%E6%A3%98+&oid=1773000 HTTP/1.1" 200 3301
66.249.71.188 - - [31/May/2016:00:23:57 +0800] "GET /content/subject/resource_content.jsp?oid=16777611&queryType=qs&queryString=%E8%B2%B7%E8%B3%A3%E5%A5%91%E7%B4%84 HTTP/1.1" 200 49614
66.249.71.136 - - [31/May/2016:00:24:12 +0800] "GET /content/nav/relationSubject.jsp?relationWords=%E6%96%9C%E6%A3%98%20&oid=1773000 HTTP/1.1" 200 3301
66.249.71.136 - - [31/May/2016:00:24:16 +0800] "GET /content/nav/relationSubject.jsp?relationWords=%E8%AD%A6%E5%AF%9F%E5%88%B6%E5%BA%A6+&oid=1545936 HTTP/1.1" 200 5576
66.249.71.136 - - [31/May/2016:00:24:18 +0800] "GET /content/nav/relationSubject.jsp?relationWords=%E8%AD%A6%E5%AF%9F%E5%88%B6%E5%BA%A6%20&oid=1545936 HTTP/1.1" 200 5576
66.249.71.136 - - [31/May/2016:00:24:21 +0800] "GET /content/nav/relationSubject.jsp?relationWords=%E4%BC%B0%E5%83%B9+%E4%BC%B0%E5%83%B9%E5%96%AE+%E8%87%A8%E6%99%82%E7%9C%81%E8%AD%B0%E6%9C%83+%E8%87%BA%E4%B8%AD%E5%8D%80+%E8%87%BA%E7%81%A3%E7%9C%81+%E8%87%BA%E7%81%A3%E9%9B%BB%E5%8A%9B%E5%85%AC%E5%8F%B8+%E9%9C%A7%E5%B3%B0+&oid=1520107 HTTP/1.1" 200 5531
66.249.71.159 - - [31/May/2016:00:24:33 +0800] "GET /content/subject/resource_content.jsp?oid=16777448&queryType=qc HTTP/1.1" 200 34511
66.249.71.136 - - [31/May/2016:00:24:52 +0800] "GET /content/subject/resource_content.jsp?oid=16777641 HTTP/1.1" 200 49686
66.249.79.200 - - [31/May/2016:00:25:19 +0800] "GET /content/repository/resource_content.jsp?oid=1897106 HTTP/1.1" 200 28987
66.249.71.136 - - [31/May/2016:00:25:22 +0800] "GET /content/nav/relationSubject.jsp?relationWords=%E6%9D%9C%E9%B5%91%E8%8A%B1+%E6%9D%9C%E9%B5%91%E8%8A%B1%E5%B1%AC+%E6%9D%9C%E9%B5%91%E8%8A%B1%E7%A7%91+%E6%A4%8D%E7%89%A9%E7%95%8C+%E8%A5%BF%E6%96%BD%E8%8A%B1+%E9%9D%92%E7%B4%AB%E6%9C%A8+&oid=1462898 HTTP/1.1" 200 4828
66.249.71.136 - - [31/May/2016:00:25:24 +0800] "GET /content/nav/relationSubject.jsp?relationWords=%E6%9D%9C%E9%B5%91%E8%8A%B1%20%E6%9D%9C%E9%B5%91%E8%8A%B1%E5%B1%AC%20%E6%9D%9C%E9%B5%91%E8%8A%B1%E7%A7%91%20%E6%A4%8D%E7%89%A9%E7%95%8C%20%E8%A5%BF%E6%96%BD%E8%8A%B1%20%E9%9D%92%E7%B4%AB%E6%9C%A8%20&oid=1462898 HTTP/1.1" 200 4828
207.46.13.7 - - [31/May/2016:00:25:45 +0800] "GET /content/tmp_tec/resource_content.jsp?oid=16777753 HTTP/1.1" 200 33895
66.249.71.136 - - [31/May/2016:00:25:46 +0800] "GET /content/repository/resource_content.jsp?oid=2522341&queryString=%E8%87%A8%E6%AD%BF HTTP/1.1" 200 29850
68.180.228.229 - - [31/May/2016:00:25:48 +0800] "GET /content/pictures/picture_content.jsp?oid=33554791 HTTP/1.1" 200 27182
66.249.71.136 - - [31/May/2016:00:25:55 +0800] "GET /digiarch_en/content/nav/relationSubject.jsp?relationWords=%E6%95%B8%E4%BD%8D%E5%85%B8%E8%97%8F+%E7%94%9F%E7%89%A9%E5%A4%9A%E6%A8%A3%E6%80%A7+&oid=16777478 HTTP/1.1" 200 6439
66.249.71.136 - - [31/May/2016:00:25:56 +0800] "GET /digiarch_en/content/nav/relationSubject.jsp?relationWords=%E6%95%B8%E4%BD%8D%E5%85%B8%E8%97%8F%20%E7%94%9F%E7%89%A9%E5%A4%9A%E6%A8%A3%E6%80%A7%20&oid=16777478 HTTP/1.1" 200 6439
66.249.71.136 - - [31/May/2016:00:25:58 +0800] "GET /content/nav/relationSubject.jsp?relationWords=%E5%9C%9F%E5%AF%86%E6%A8%B9+%E5%9C%9F%E5%AF%86%E6%A8%B9%E5%B1%AC+%E5%A4%A7%E6%88%9F+%E5%A4%A7%E6%88%9F%E7%A7%91+%E6%A4%8D%E7%89%A9%E7%95%8C+&oid=1461965 HTTP/1.1" 200 3361
66.249.79.200 - - [31/May/2016:00:26:01 +0800] "GET /content/nav/relationSubject.jsp?relationWords=%E5%9C%9F%E5%AF%86%E6%A8%B9%20%E5%9C%9F%E5%AF%86%E6%A8%B9%E5%B1%AC%20%E5%A4%A7%E6%88%9F%20%E5%A4%A7%E6%88%9F%E7%A7%91%20%E6%A4%8D%E7%89%A9%E7%95%8C%20&oid=1461965 HTTP/1.1" 200 3361
207.46.13.7 - - [31/May/2016:00:26:23 +0800] "GET /content/nav/relationSubject.jsp?relationWords=GIS+%E6%95%B8%E4%BD%8D%E5%85%B8%E8%97%8F+%E9%81%99%E6%B8%AC%E5%BD%B1%E5%83%8F+&oid=16777753 HTTP/1.1" 200 5952
66.249.71.136 - - [31/May/2016:00:27:08 +0800] "GET /content/repository/resource_content.jsp?oid=1114782 HTTP/1.1" 200 31053
66.249.79.141 - - [31/May/2016:00:27:22 +0800] "GET /content/nav/relationSubject.jsp?relationWords=&oid=2678990 HTTP/1.1" 200 1405
66.249.71.136 - - [31/May/2016:00:27:36 +0800] "GET /content/repository/resource_content.jsp?oid=2516534 HTTP/1.1" 200 29935
66.249.71.136 - - [31/May/2016:00:27:37 +0800] "GET /content/subject/resource_content.jsp?oid=16777732&queryType=qs&queryString=%E5%8F%B0%E7%81%A3%E5%8E%9F%E4%BD%8F%E6%B0%91 HTTP/1.1" 200 31174
66.249.71.136 - - [31/May/2016:00:28:03 +0800] "GET /content/repository/resource_content.jsp?oid=1100265&queryString=%E6%9D%9C%E9%B5%91%20%E6%9D%9C%E9%B5%91%E8%8A%B1%20%E6%9D%9C%E9%B5%91%E8%8A%B1%E5%B1%AC HTTP/1.1" 200 31492
66.249.79.200 - - [31/May/2016:00:28:31 +0800] "GET /content/repository/resource_content.jsp?oid=2518432 HTTP/1.1" 200 30551
66.249.71.136 - - [31/May/2016:00:28:46 +0800] "GET /content/nav/relationSubject.jsp?relationWords=&oid=2575821 HTTP/1.1" 200 1405
66.249.71.242 - - [31/May/2016:00:28:58 +0800] "GET /content/tmp_exh/resource_content.jsp?oid=16777850&queryType=qc%201890 HTTP/1.1" 200 44437
66.249.71.136 - - [31/May/2016:00:29:10 +0800] "GET /content/nav/relationSubject.jsp?relationWords=%E6%A4%8D%E7%89%A9%E7%95%8C+%E7%8E%84%E5%8F%83+%E7%8E%84%E5%8F%83%E7%A7%91+%E7%8E%89%E5%B1%B1%E5%B0%8F%E7%B1%B3%E8%8D%89+%E7%A2%8E%E9%9B%AA%E8%8D%89%E5%B1%AC+&oid=2144850 HTTP/1.1" 200 3446
66.249.71.166 - - [31/May/2016:00:29:25 +0800] "GET /content/repository/resource_content.jsp?oid=607123&queryString=%E9%99%9D%E5%B7%9E HTTP/1.1" 200 28482
66.249.71.254 - - [31/May/2016:00:29:53 +0800] "GET /content/repository/resource_content.jsp?oid=15602&queryType=qs&queryString=%E6%AD%90%E6%B0%8F HTTP/1.1" 200 33724
66.249.71.194 - - [31/May/2016:00:29:56 +0800] "GET /content/nav/relationSubject.jsp?relationWords=%E6%84%9B%E6%83%85+&oid=16777357 HTTP/1.1" 200 4016
66.249.71.136 - - [31/May/2016:00:30:20 +0800] "GET /content/repository/resource_content.jsp?oid=3813799&queryString=%E6%97%97%E5%94%87%E8%98%AD%E5%B1%AC%20%E6%A4%8D%E7%89%A9%E7%95%8C%20%E7%B4%AB%E8%91%89%E6%97%97%E5%94%87%E8%98%AD HTTP/1.1" 200 31345
66.249.71.136 - - [31/May/2016:00:30:58 +0800] "GET /content/nav/relationSubject.jsp?relationWords=%E5%A4%A7%E5%86%87%E6%A6%95+%E6%A4%8D%E7%89%A9%E7%95%8C+%E6%A6%95%E5%B1%AC+&oid=1108074 HTTP/1.1" 200 3211
66.249.71.136 - - [31/May/2016:00:31:05 +0800] "GET /content/nav/relationSubject.jsp?relationWords=%E5%9C%B0%E5%BD%A2%E5%9C%96+%E7%99%BD%E9%BA%BB+&oid=179947 HTTP/1.1" 200 3330
66.249.71.136 - - [31/May/2016:00:31:06 +0800] "GET /content/nav/relationSubject.jsp?relationWords=%E5%A0%B4%E5%8B%98+%E7%9C%81%E6%94%BF%E5%BA%9C+%E7%A6%8F%E6%98%9F+%E8%83%BD%E9%AB%98%E5%A4%A7%E5%9C%B3+&oid=1898966 HTTP/1.1" 200 4592
66.249.71.136 - - [31/May/2016:00:31:06 +0800] "GET /content/nav/relationSubject.jsp?relationWords=%E5%9C%B0%E5%BD%A2%E5%9C%96%20%E7%99%BD%E9%BA%BB%20&oid=179947 HTTP/1.1" 200 3330
66.249.71.254 - - [31/May/2016:00:31:42 +0800] "GET /content/repository/resource_content.jsp?oid=1780849&queryType=qs&queryString=%E6%88%90%E5%B9%B4%E7%A6%AE HTTP/1.1" 200 29548
66.249.71.199 - - [31/May/2016:00:31:56 +0800] "GET /content/nav/relationSubject.jsp?relationWords=%E7%AC%A0%E8%9E%BA+%E8%85%B9%E8%B6%B3%E7%B6%B1+%E9%BE%9C%E7%94%B2%E7%AC%A0%E8%9E%BA+&oid=523915 HTTP/1.1" 200 3364
66.249.71.199 - - [31/May/2016:00:32:00 +0800] "GET /content/nav/relationSubject.jsp?relationWords=%E7%AC%A0%E8%9E%BA%20%E8%85%B9%E8%B6%B3%E7%B6%B1%20%E9%BE%9C%E7%94%B2%E7%AC%A0%E8%9E%BA%20&oid=523915 HTTP/1.1" 200 3364
66.249.71.248 - - [31/May/2016:00:32:15 +0800] "GET /content/nav/relationSubject.jsp?relationWords=&oid=2510915 HTTP/1.1" 200 1405
66.249.71.136 - - [31/May/2016:00:32:44 +0800] "GET /content/nav/relationSubject.jsp?relationWords=%E5%B8%83%E8%A2%8B%E6%88%B2%E5%81%B6+&oid=4363823 HTTP/1.1" 200 3008
66.249.71.199 - - [31/May/2016:00:33:06 +0800] "GET /digiarch3/content/repository/resource_content.jsp?oid=17047&queryString=%E7%94%B2%E5%B0%BB%E9%AD%9A HTTP/1.1" 200 29875
123.125.71.22 - - [31/May/2016:00:33:38 +0800] "GET /content/subject/resource_content.jsp?oid=16777609&queryType=qc%3E HTTP/1.1" 200 58370
66.249.79.244 - - [31/May/2016:00:33:45 +0800] "GET /content/nav/relationSubject.jsp?relationWords=%E6%A8%B9%E7%9A%AE%E5%B8%83+%E7%89%A9%E8%B3%AA%E6%96%87%E5%8C%96+&oid=1776998 HTTP/1.1" 200 3055
66.249.71.152 - - [31/May/2016:00:33:47 +0800] "GET /content/nav/relationSubject.jsp?relationWords=%E6%A8%B9%E7%9A%AE%E5%B8%83%20%E7%89%A9%E8%B3%AA%E6%96%87%E5%8C%96%20&oid=1776998 HTTP/1.1" 200 3055
66.249.71.152 - - [31/May/2016:00:34:00 +0800] "GET /content/repository/resource_content.jsp?oid=2470167&queryType=qs&queryString=%E9%87%91%E9%97%9C%E4%B8%88%E5%A4%AB HTTP/1.1" 200 30625
66.249.71.199 - - [31/May/2016:00:34:51 +0800] "GET /content/nav/relationSubject.jsp?relationWords=%E6%9C%9B%E6%B1%9F%E5%8D%97+%E6%A4%8D%E7%89%A9%E7%95%8C+%E6%B1%BA%E6%98%8E%E5%B1%AC+%E8%A0%B6%E8%B1%86+%E9%9B%99%E5%AD%90%E8%91%89%E6%A4%8D%E7%89%A9+&oid=2151989 HTTP/1.1" 200 3380
66.249.71.254 - - [31/May/2016:00:34:54 +0800] "GET /content/repository/resource_content.jsp?oid=4363416&queryType=qs&queryString=%E5%BD%8C%E5%8B%92%E4%BD%9B HTTP/1.1" 200 28266
66.249.71.199 - - [31/May/2016:00:34:55 +0800] "GET /content/nav/relationSubject.jsp?relationWords=%E6%9C%9B%E6%B1%9F%E5%8D%97%20%E6%A4%8D%E7%89%A9%E7%95%8C%20%E6%B1%BA%E6%98%8E%E5%B1%AC%20%E8%A0%B6%E8%B1%86%20%E9%9B%99%E5%AD%90%E8%91%89%E6%A4%8D%E7%89%A9%20&oid=2151989 HTTP/1.1" 200 3380
66.249.71.143 - - [31/May/2016:00:36:00 +0800] "GET /content/nav/relationSubject.jsp?relationWords=%E5%90%89%E5%AD%AB%E7%9D%A3+%E9%90%B5%E7%94%B2%E8%BB%8A+&oid=688919 HTTP/1.1" 200 2624
66.249.71.143 - - [31/May/2016:00:36:03 +0800] "GET /content/nav/relationSubject.jsp?relationWords=%E5%90%89%E5%AD%AB%E7%9D%A3%20%E9%90%B5%E7%94%B2%E8%BB%8A%20&oid=688919 HTTP/1.1" 200 2624
66.249.71.143 - - [31/May/2016:00:36:33 +0800] "GET /content/subject/resource_content.jsp?oid=16777368&queryType=qs&queryString=%E7%BE%BD%E7%8B%80%E8%A4%87%E8%91%89 HTTP/1.1" 200 31907
66.249.71.199 - - [31/May/2016:00:36:44 +0800] "GET /digiarch3/content/repository/resource_content.jsp?oid=15555&queryType=qs&queryString=%E5%88%BA%E9%AD%9A HTTP/1.1" 200 33903
66.249.71.136 - - [31/May/2016:00:37:30 +0800] "GET /content/nav/relationSubject.jsp?relationWords=%E4%BD%99%E9%99%B3%E6%9C%88%E7%91%9B+%E5%80%99%E9%81%B8%E4%BA%BA+%E5%8A%A9%E9%81%B8%E5%93%A1+%E5%8F%8D%E6%94%BB%E5%A4%A7%E9%99%B8+%E5%8F%B8%E6%A9%9F+%E5%90%B3%E4%B8%80%E8%A1%9B+%E5%9C%B0%E6%96%B9%E8%87%AA%E6%B2%BB+%E5%B8%82%E8%AD%B0%E5%93%A1+%E5%BB%A3%E6%92%AD+%E5%BC%B5%E5%AF%8C+%E5%BC%B5%E6%8C%AF%E7%94%9F+%E6%94%BF%E8%A6%8B%E7%99%BC%E8%A1%A8%E6%9C%83+%E6%94%BF%E9%BB%A8+%E6%9C%9B%E6%98%8E+%E6%9D%8E%E7%A7%8B%E9%81%A0+%E6%B0%91%E6%94%BF%E5%BB%B3+%E6%B4%A5%E8%B2%BC+%E7%9B%A3%E5%AF%9F%E5%A7%94%E5%93%A1+%E8%A8%B1%E6%96%B0%E6%9E%9D+%E8%AD%A6%E5%AF%9F+%E8%B3%84%E9%81%B8+%E8%B3%AA%E8%A9%A2+%E8%B3%B4%E6%A6%AE%E6%9C%A8+%E9%84%89%E9%8E%AE%E9%95%B7+%E9%87%8C%E6%B0%91%E5%A4%A7%E6%9C%83+%E9%99%B3%E7%81%AB%E5%9C%9F+&oid=1562721 HTTP/1.1" 200 7566
66.249.79.200 - - [31/May/2016:00:37:33 +0800] "GET /content/nav/relationSubject.jsp?relationWords=%E4%BD%99%E9%99%B3%E6%9C%88%E7%91%9B%20%E5%80%99%E9%81%B8%E4%BA%BA%20%E5%8A%A9%E9%81%B8%E5%93%A1%20%E5%8F%8D%E6%94%BB%E5%A4%A7%E9%99%B8%20%E5%8F%B8%E6%A9%9F%20%E5%90%B3%E4%B8%80%E8%A1%9B%20%E5%9C%B0%E6%96%B9%E8%87%AA%E6%B2%BB%20%E5%B8%82%E8%AD%B0%E5%93%A1%20%E5%BB%A3%E6%92%AD%20%E5%BC%B5%E5%AF%8C%20%E5%BC%B5%E6%8C%AF%E7%94%9F%20%E6%94%BF%E8%A6%8B%E7%99%BC%E8%A1%A8%E6%9C%83%20%E6%94%BF%E9%BB%A8%20%E6%9C%9B%E6%98%8E%20%E6%9D%8E%E7%A7%8B%E9%81%A0%20%E6%B0%91%E6%94%BF%E5%BB%B3%20%E6%B4%A5%E8%B2%BC%20%E7%9B%A3%E5%AF%9F%E5%A7%94%E5%93%A1%20%E8%A8%B1%E6%96%B0%E6%9E%9D%20%E8%AD%A6%E5%AF%9F%20%E8%B3%84%E9%81%B8%20%E8%B3%AA%E8%A9%A2%20%E8%B3%B4%E6%A6%AE%E6%9C%A8%20%E9%84%89%E9%8E%AE%E9%95%B7%20%E9%87%8C%E6%B0%91%E5%A4%A7%E6%9C%83%20%E9%99%B3%E7%81%AB%E5%9C%9F%20&oid=1562721 HTTP/1.1" 200 7566
66.249.71.136 - - [31/May/2016:00:37:39 +0800] "GET /content/repository/resource_content.jsp?oid=1889586 HTTP/1.1" 200 28867
223.136.192.55 - - [31/May/2016:00:38:09 +0800] "GET /content/nav/relationSubject.jsp?relationWords=%E6%96%B9%E9%BC%8E+%E9%9B%B2%E9%9B%B7%E7%B4%8B%E5%88%97%E9%BC%8E+%E9%9D%92%E9%8A%85%E5%99%A8+&oid=16777446 HTTP/1.1" 200 4066
66.249.71.136 - - [31/May/2016:00:38:34 +0800] "GET /content/repository/resource_content.jsp?oid=1173829 HTTP/1.1" 200 29059
1.173.34.95 - - [31/May/2016:00:38:48 +0800] "GET /content/subject/resource_content.jsp?oid=16777736&queryType=qc HTTP/1.1" 200 43177
1.173.34.95 - - [31/May/2016:00:38:49 +0800] "GET /content/nav/relationSubject.jsp?relationWords=%E5%8D%97%E6%B9%96%E5%A4%A7%E5%B1%B1+%E6%9D%9C%E9%B5%91+%E7%8E%89%E5%B1%B1%E6%9D%9C%E9%B5%91+%E7%B4%B0%E8%91%89%E6%9D%9C%E9%B5%91+%E8%A5%BF%E6%96%BD%E8%8A%B1+&oid=16777736 HTTP/1.1" 200 5052
66.249.71.136 - - [31/May/2016:00:39:10 +0800] "GET /content/nav/relationSubject.jsp?relationWords=%E6%9D%9F%E5%BF%83%E8%98%AD+%E7%B2%89%E6%A2%9D%E5%85%92%E8%8F%9C%E5%B1%AC+&oid=2149594 HTTP/1.1" 200 3153
66.249.71.136 - - [31/May/2016:00:39:13 +0800] "GET /content/nav/relationSubject.jsp?relationWords=%E6%9D%9F%E5%BF%83%E8%98%AD%20%E7%B2%89%E6%A2%9D%E5%85%92%E8%8F%9C%E5%B1%AC%20&oid=2149594 HTTP/1.1" 200 3153
66.249.71.136 - - [31/May/2016:00:39:50 +0800] "GET /content/nav/relationSubject.jsp?relationWords=%E7%B8%A3%E8%BD%84%E5%B8%82+&oid=1631025 HTTP/1.1" 200 4829
66.249.71.254 - - [31/May/2016:00:40:25 +0800] "GET /content/nav/relationSubject.jsp?relationWords=%E5%B7%A1%E6%92%AB+%E6%95%A3%E8%B3%91+%E8%B3%91%E4%BA%8B+&oid=2515484 HTTP/1.1" 200 3142
61.70.248.196 - - [31/May/2016:00:40:28 +0800] "GET /content/nav/relationSubject.jsp?relationWords=&oid=16777600 HTTP/1.1" 200 1405
66.249.79.200 - - [31/May/2016:00:40:51 +0800] "GET /content/repository/resource_content.jsp?oid=2634768 HTTP/1.1" 200 30081
157.55.39.136 - - [31/May/2016:00:41:07 +0800] "GET /content/nav/relationSubject.jsp?relationWords=%E7%8C%B4%E6%AD%A1%E5%96%9C+&oid=33554691 HTTP/1.1" 200 3118
66.249.71.136 - - [31/May/2016:00:41:18 +0800] "GET /content/repository/resource_content.jsp?oid=3813139&queryString=%E6%AF%9B%E6%A2%97%E9%9B%99%E8%8A%B1%E8%8D%89%20%E9%9B%99%E8%8A%B1%E8%8D%89 HTTP/1.1" 200 31416
66.249.71.136 - - [31/May/2016:00:41:54 +0800] "GET /content/nav/relationSubject.jsp?relationWords=%E6%96%87%E7%A5%A5+%E6%BB%B8%E5%A2%85%E9%97%9C+%E9%8A%80%E5%85%A9+%E9%97%9C%E9%A4%98+&oid=2644869 HTTP/1.1" 200 5485
66.249.71.136 - - [31/May/2016:00:42:01 +0800] "GET /content/nav/relationSubject.jsp?relationWords=%E6%96%87%E7%A5%A5%20%E6%BB%B8%E5%A2%85%E9%97%9C%20%E9%8A%80%E5%85%A9%20%E9%97%9C%E9%A4%98%20&oid=2644869 HTTP/1.1" 200 5485
66.249.71.136 - - [31/May/2016:00:42:13 +0800] "GET /content/repository/resource_content.jsp?oid=1775209 HTTP/1.1" 200 33238
66.249.71.136 - - [31/May/2016:00:42:40 +0800] "GET /content/repository/resource_content.jsp?oid=1598313 HTTP/1.1" 200 28811
66.249.71.136 - - [31/May/2016:00:42:51 +0800] "GET /content/nav/relationSubject.jsp?relationWords=%E6%A1%83%E5%9C%92%E5%A4%A7%E5%9C%B3+%E8%BE%B2%E6%B0%91%E5%81%A5%E5%BA%B7%E4%BF%9D%E9%9A%AA+&oid=1590198 HTTP/1.1" 200 4942
66.249.71.136 - - [31/May/2016:00:43:35 +0800] "GET /content/repository/resource_content.jsp?oid=2151208&queryString=%E5%9C%93%E6%9E%9C%E9%9D%92%E5%89%9B%E6%AB%9F%20%E6%A4%86%E5%B1%AC%20%E6%A4%8D%E7%89%A9%E7%95%8C%20%E6%AE%BC%E6%96%97%E7%A7%91 HTTP/1.1" 200 31309
180.76.15.155 - - [31/May/2016:00:43:54 +0800] "GET /content/repository/resource_content.jsp?oid=14309&queryString=%E5%8F%B0%E7%81%A3%E7%B5%B2%E5%B0%BE%E6%B5%B7%E9%B0%BB%20%E6%B5%B7%E9%B0%BB%E7%A7%91 HTTP/1.1" 200 31229
66.249.71.166 - - [31/May/2016:00:44:03 +0800] "GET /content/nav/relationSubject.jsp?relationWords=%E5%A4%9A%E6%A8%A3%E6%80%A7+&oid=16777489 HTTP/1.1" 200 4289
66.249.71.136 - - [31/May/2016:00:44:57 +0800] "GET /content/repository/resource_content.jsp?oid=523925&queryString=%E5%A4%A7%E6%B3%95%E8%9E%BA%20%E6%B3%95%E8%9E%BA%20%E6%B3%95%E8%9E%BA%E7%A7%91%20%E7%95%B0%E8%B6%B3%E7%9B%AE%20%E7%99%BD%E6%B3%95%E8%9E%BA%20%E8%82%89%E8%9E%BA%20%E8%85%B9%E8%B6%B3%E7%B6%B1 HTTP/1.1" 200 35293
111.250.130.237 - - [31/May/2016:00:45:25 +0800] "GET /content/repository/resource_content.jsp?oid=2148837&queryString=%E6%A4%8D%E7%89%A9%E7%95%8C%20%E8%A0%B6%E8%B1%86%20%E8%B1%87%E8%B1%86%E5%B1%AC%20%E9%95%B7%E8%91%89%E8%B1%87%E8%B1%86%20%E9%9B%99%E5%AD%90%E8%91%89%E6%A4%8D%E7%89%A9 HTTP/1.1" 200 31339
66.249.71.199 - - [31/May/2016:00:45:25 +0800] "GET /digiarch3/content/subject/resource_content.jsp?oid=16777827&queryType=qs&queryString=%E9%AB%98%E9%9B%84%E5%B8%82%E6%94%BF%E5%BA%9C HTTP/1.1" 200 36972
66.249.79.139 - - [31/May/2016:00:45:30 +0800] "GET /content/repository/resource_content.jsp?oid=4352388&queryType=qs&queryString=%E5%8D%97%E6%B2%99%E5%A4%AA%E5%B9%B3%E5%B3%B6 HTTP/1.1" 200 33602
111.250.130.237 - - [31/May/2016:00:45:43 +0800] "GET /content/nav/relationSubject.jsp?relationWords=%E6%A4%8D%E7%89%A9%E7%95%8C+%E8%A0%B6%E8%B1%86+%E8%B1%87%E8%B1%86%E5%B1%AC+%E9%95%B7%E8%91%89%E8%B1%87%E8%B1%86+%E9%9B%99%E5%AD%90%E8%91%89%E6%A4%8D%E7%89%A9+&oid=2148837 HTTP/1.1" 200 3388
66.249.71.136 - - [31/May/2016:00:45:52 +0800] "GET /content/subject/resource_content.jsp?oid=16777524&queryString=%E5%85%AC%E8%A6%96%20%E5%A3%BD%E5%8F%B8%20%E8%80%81%E5%B8%AB HTTP/1.1" 200 28123
66.249.71.136 - - [31/May/2016:00:46:25 +0800] "GET /content/subject/resource_content.jsp?oid=16777838&queryType=qc%3E HTTP/1.1" 200 59049
66.249.71.136 - - [31/May/2016:00:46:31 +0800] "GET /content/subject/resource_content.jsp?oid=16777749&queryType=qc HTTP/1.1" 200 41248
66.249.79.200 - - [31/May/2016:00:46:32 +0800] "GET /content/subject/resource_content.jsp?oid=16777764&queryType=qc HTTP/1.1" 200 40780
66.249.71.136 - - [31/May/2016:00:46:37 +0800] "GET /content/subject/resource_content.jsp?oid=16777599&queryType=qc HTTP/1.1" 200 36977
66.249.71.136 - - [31/May/2016:00:46:47 +0800] "GET /content/subject/resource_content.jsp?oid=16777745&queryType=qc HTTP/1.1" 200 35935
66.249.71.136 - - [31/May/2016:00:46:50 +0800] "GET /content/nav/relationSubject.jsp?relationWords=%E5%A4%A7%E6%98%9F%E8%95%A8+%E6%98%9F%E8%95%A8%E5%B1%AC+%E6%A4%8D%E7%89%A9%E7%95%8C+%E6%B0%B4%E9%BE%8D%E9%AA%A8+%E6%B0%B4%E9%BE%8D%E9%AA%A8%E7%A7%91+%E8%95%A8%E9%A1%9E%E6%A4%8D%E7%89%A9+&oid=1458911 HTTP/1.1" 200 3465
66.249.71.136 - - [31/May/2016:00:46:56 +0800] "GET /content/subject/resource_content.jsp?oid=16777740&queryType=qc HTTP/1.1" 200 41298
66.249.79.200 - - [31/May/2016:00:47:05 +0800] "GET /content/subject/resource_content.jsp?oid=16797257&queryType=qc HTTP/1.1" 200 47865
66.249.79.200 - - [31/May/2016:00:47:13 +0800] "GET /content/tmp_exh/resource_content.jsp?oid=16777851&queryType=qc HTTP/1.1" 200 45681
66.249.79.200 - - [31/May/2016:00:47:21 +0800] "GET /digiarch_en/content/nav/relationSubject.jsp?relationWords=%E7%B0%A1%E9%8C%A6%E7%9B%8A%20%E9%99%B3%E9%8C%AB%20%E9%BB%83%E6%B0%B8%E6%AC%BD%20&oid=1889728 HTTP/1.1" 200 3319
66.249.79.200 - - [31/May/2016:00:47:24 +0800] "GET /content/subject/resource_content.jsp?oid=16797240&queryType=qc HTTP/1.1" 200 42460
66.249.71.136 - - [31/May/2016:00:47:52 +0800] "GET /content/nav/relationSubject.jsp?relationWords=%E5%8A%89%E9%9B%A8%E7%94%B0+%E7%9B%9B%E4%BA%AC+&oid=791096 HTTP/1.1" 200 3153
66.249.79.200 - - [31/May/2016:00:47:55 +0800] "GET /content/nav/relationSubject.jsp?relationWords=%E5%8A%89%E9%9B%A8%E7%94%B0%20%E7%9B%9B%E4%BA%AC%20&oid=791096 HTTP/1.1" 200 3153
66.249.71.136 - - [31/May/2016:00:48:37 +0800] "GET /content/subject/resource_content.jsp?oid=16777559&queryString=%E5%95%86%E7%8E%8B%E5%A4%A7%E5%A2%93%20%E9%9D%92%E9%8A%85%E4%BA%BA%E9%9D%A2 HTTP/1.1" 200 42326
66.249.71.136 - - [31/May/2016:00:49:04 +0800] "GET /digiarch_en/content/repository/resource_content.jsp?oid=16302&queryString=%E6%89%81%E6%A3%98%E9%AF%9B%20%E6%89%93%E9%90%B5%E5%A9%86%20%E9%AF%9B%E7%A7%91 HTTP/1.1" 200 27151
66.249.79.200 - - [31/May/2016:00:49:33 +0800] "GET /content/repository/resource_content.jsp?oid=1097905 HTTP/1.1" 200 31147
66.249.79.200 - - [31/May/2016:00:49:48 +0800] "GET /content/nav/relationSubject.jsp?relationWords=%E9%99%B3%E5%AD%B8%E7%9B%8A+&oid=1890451 HTTP/1.1" 200 3147
150.70.188.167 - - [31/May/2016:00:49:49 +0800] "GET /content/tmp_exh/resource_content.jsp?oid=16777852&queryType=qc HTTP/1.1" 200 67305
66.249.71.136 - - [31/May/2016:00:49:50 +0800] "GET /content/nav/relationSubject.jsp?relationWords=%E9%99%B3%E5%AD%B8%E7%9B%8A%20&oid=1890451 HTTP/1.1" 200 3147
140.122.20.94 - - [31/May/2016:00:49:52 +0800] "GET /content/repository/resource_content.jsp?oid=1778172&queryString=%E6%AF%8D%E7%B3%BB%E7%A4%BE%E6%9C%83 HTTP/1.1" 200 30926
140.122.20.94 - - [31/May/2016:00:49:53 +0800] "GET /content/nav/relationSubject.jsp?relationWords=%E4%BA%BA%E9%A1%9E%E5%AD%B8+%E6%AF%8D%E7%B3%BB%E7%A4%BE%E6%9C%83+%E6%B6%B5%E5%8C%96+&oid=1778172 HTTP/1.1" 200 3414
66.249.71.136 - - [31/May/2016:00:50:00 +0800] "GET /content/repository/resource_content.jsp?oid=207184 HTTP/1.1" 200 30599
66.249.71.136 - - [31/May/2016:00:50:26 +0800] "GET /digiarch_en/content/repository/resource_content.jsp?oid=4352490&queryString=%E6%9B%B3%E7%B5%B2%20%E6%9B%B3%E7%B5%B2%E9%B0%8F HTTP/1.1" 200 26653
66.249.71.248 - - [31/May/2016:00:50:35 +0800] "GET /content/nav/relationSubject.jsp?relationWords=%E5%88%91%E9%83%A8+&oid=2629652 HTTP/1.1" 200 3095
66.249.71.242 - - [31/May/2016:00:50:39 +0800] "GET /content/nav/relationSubject.jsp?relationWords=%E5%88%91%E9%83%A8%20&oid=2629652 HTTP/1.1" 200 3095
66.249.79.200 - - [31/May/2016:00:50:41 +0800] "GET /content/nav/relationSubject.jsp?relationWords=%E8%97%8D%E6%96%B0+&oid=1173829 HTTP/1.1" 200 3317
66.249.71.136 - - [31/May/2016:00:50:43 +0800] "GET /content/nav/relationSubject.jsp?relationWords=%E8%97%8D%E6%96%B0%20&oid=1173829 HTTP/1.1" 200 3317
66.249.71.136 - - [31/May/2016:00:50:54 +0800] "GET /content/repository/resource_content.jsp?oid=1515651 HTTP/1.1" 200 28694
66.249.71.152 - - [31/May/2016:00:51:04 +0800] "GET /content/nav/relationSubject.jsp?relationWords=%E5%8C%96%E5%A6%9D%E5%93%81+%E5%A4%9A%E6%A8%A3%E6%80%A7+%E5%B0%8F%E5%90%83+&oid=16777467 HTTP/1.1" 200 7322
66.249.71.242 - - [31/May/2016:00:51:28 +0800] "GET /content/nav/relationSubject.jsp?relationWords=%E5%B7%B4%E8%98%AD+%E8%BE%B2%E6%9E%97%E9%A1%9E+&oid=1565731 HTTP/1.1" 200 5369
66.249.71.136 - - [31/May/2016:00:51:42 +0800] "GET /content/nav/relationSubject.jsp?relationWords=%E5%89%83%E5%88%80%E9%AD%9A+&oid=4352087 HTTP/1.1" 200 3233
66.249.71.152 - - [31/May/2016:00:51:48 +0800] "GET /content/subject/resource_content.jsp?oid=16777773&queryType=qc HTTP/1.1" 200 54836
66.249.71.136 - - [31/May/2016:00:52:16 +0800] "GET /content/subject/resource_content.jsp?oid=16777553&queryString=%E5%B7%AB%E6%96%87%E9%9A%86 HTTP/1.1" 200 28688
66.249.71.136 - - [31/May/2016:00:52:43 +0800] "GET /content/repository/resource_content.jsp?oid=2681734&queryString=%E5%88%91%E9%83%A8%E5%B0%9A%E6%9B%B8 HTTP/1.1" 200 31041
66.249.71.136 - - [31/May/2016:00:53:11 +0800] "GET /content/repository/resource_content.jsp?oid=523341&queryString=%E8%85%B9%E8%B6%B3%E7%B6%B1%20%E8%A0%91%E8%9E%BA%20%E8%A0%91%E8%9E%BA%E7%A7%91%20%E9%AB%98%E8%85%B0%E8%A0%91%E8%9E%BA HTTP/1.1" 200 38309
66.249.71.136 - - [31/May/2016:00:53:33 +0800] "GET /content/nav/relationSubject.jsp?relationWords=%E8%B3%AA%E8%A9%A2+%E9%84%AD%E5%AE%8B%E6%9F%B3+&oid=1547346 HTTP/1.1" 200 4496
66.249.79.141 - - [31/May/2016:00:53:34 +0800] "GET /content/nav/relationSubject.jsp?relationWords=%E5%8F%B0%E7%81%A3%E5%8E%9F%E4%BD%8F%E6%B0%91+%E6%99%BA%E9%9A%9C+%E7%A4%BE%E6%9C%83%E7%A6%8F%E5%88%A9+%E8%BA%AB%E5%BF%83%E9%9A%9C%E7%A4%99+&oid=1778364 HTTP/1.1" 200 6248
66.249.71.136 - - [31/May/2016:00:53:38 +0800] "GET /content/repository/resource_content.jsp?oid=2673929&queryType=qs&queryString=%E6%8D%95%E5%BD%B9 HTTP/1.1" 200 30518
66.249.71.242 - - [31/May/2016:00:53:40 +0800] "GET /content/nav/relationSubject.jsp?relationWords=%E5%8F%B0%E7%81%A3%E5%8E%9F%E4%BD%8F%E6%B0%91%20%E6%99%BA%E9%9A%9C%20%E7%A4%BE%E6%9C%83%E7%A6%8F%E5%88%A9%20%E8%BA%AB%E5%BF%83%E9%9A%9C%E7%A4%99%20&oid=1778364 HTTP/1.1" 200 6248
140.122.20.94 - - [31/May/2016:00:54:01 +0800] "GET /content/repository/resource_content.jsp?oid=1777539 HTTP/1.1" 200 29911
140.122.20.94 - - [31/May/2016:00:54:01 +0800] "GET /content/nav/relationSubject.jsp?relationWords=%E6%AF%8D%E7%B3%BB%E7%A4%BE%E6%9C%83+&oid=1777539 HTTP/1.1" 200 2987
66.249.71.136 - - [31/May/2016:00:54:06 +0800] "GET /content/repository/resource_content.jsp?oid=1113449&queryString=%E5%90%90%E9%87%91%E8%8D%89%20%E6%A4%8D%E7%89%A9%E7%95%8C%20%E7%9F%B3%E8%83%A1%E8%8D%BD%20%E7%9F%B3%E8%83%A1%E8%8D%BD%E5%B1%AC%20%E8%8F%8A%E7%A7%91%20%E9%9B%99%E5%AD%90%E8%91%89%E6%A4%8D%E7%89%A9 HTTP/1.1" 200 32006
140.122.20.94 - - [31/May/2016:00:54:07 +0800] "GET /content/repository/resource_content.jsp?oid=1778172&queryString=%E6%AF%8D%E7%B3%BB%E7%A4%BE%E6%9C%83 HTTP/1.1" 200 30926
140.122.20.94 - - [31/May/2016:00:54:08 +0800] "GET /content/nav/relationSubject.jsp?relationWords=%E4%BA%BA%E9%A1%9E%E5%AD%B8+%E6%AF%8D%E7%B3%BB%E7%A4%BE%E6%9C%83+%E6%B6%B5%E5%8C%96+&oid=1778172 HTTP/1.1" 200 3414
140.122.20.94 - - [31/May/2016:00:54:08 +0800] "GET /content/repository/resource_content.jsp?oid=1774562&queryString=%E6%AF%8D%E7%B3%BB%E7%A4%BE%E6%9C%83 HTTP/1.1" 200 30942
140.122.20.94 - - [31/May/2016:00:54:09 +0800] "GET /content/repository/resource_content.jsp?oid=1774565&queryString=%E6%AF%8D%E7%B3%BB%E7%A4%BE%E6%9C%83 HTTP/1.1" 200 29089
140.122.20.94 - - [31/May/2016:00:54:09 +0800] "GET /content/nav/relationSubject.jsp?relationWords=%E5%85%A9%E6%80%A7%E9%97%9C%E4%BF%82+%E6%AF%8D%E7%B3%BB%E7%A4%BE%E6%9C%83+&oid=1774562 HTTP/1.1" 200 3091
140.122.20.94 - - [31/May/2016:00:54:09 +0800] "GET /content/nav/relationSubject.jsp?relationWords=%E6%AF%8D%E7%B3%BB%E7%A4%BE%E6%9C%83+&oid=1774565 HTTP/1.1" 200 2972
66.249.71.166 - - [31/May/2016:00:54:27 +0800] "GET /content/subject/resource_content.jsp?oid=16777379&queryString=%E6%95%B8%E4%BD%8D%E5%85%B8%E8%97%8F%20%E7%94%9F%E7%89%A9%E5%A4%9A%E6%A8%A3%E6%80%A7 HTTP/1.1" 200 43504
66.249.71.136 - - [31/May/2016:00:54:33 +0800] "GET /content/subject/resource_content.jsp?oid=16777725&queryType=qs&queryString=%E8%87%BA%E7%81%A3%E6%B0%91%E6%97%8F%E8%AA%8C HTTP/1.1" 200 33494
140.122.20.94 - - [31/May/2016:00:54:44 +0800] "GET /content/repository/resource_content.jsp?oid=1774565&queryString=%E6%AF%8D%E7%B3%BB%E7%A4%BE%E6%9C%83 HTTP/1.1" 200 29089
140.122.20.94 - - [31/May/2016:00:54:44 +0800] "GET /content/nav/relationSubject.jsp?relationWords=%E6%AF%8D%E7%B3%BB%E7%A4%BE%E6%9C%83+&oid=1774565 HTTP/1.1" 200 2972
66.249.79.200 - - [31/May/2016:00:55:28 +0800] "GET /content/repository/resource_content.jsp?oid=1826086 HTTP/1.1" 200 30065
140.122.20.94 - - [31/May/2016:00:55:50 +0800] "GET /content/repository/resource_content.jsp?oid=1774562&queryString=%E6%AF%8D%E7%B3%BB%E7%A4%BE%E6%9C%83 HTTP/1.1" 200 30942
140.122.20.94 - - [31/May/2016:00:55:51 +0800] "GET /content/nav/relationSubject.jsp?relationWords=%E5%85%A9%E6%80%A7%E9%97%9C%E4%BF%82+%E6%AF%8D%E7%B3%BB%E7%A4%BE%E6%9C%83+&oid=1774562 HTTP/1.1" 200 3091
66.249.71.136 - - [31/May/2016:00:55:53 +0800] "GET /content/nav/relationSubject.jsp?relationWords=%E7%9F%B3%E5%A1%98+%E9%99%B8%E6%B8%AC%E5%9C%96+&oid=224444 HTTP/1.1" 200 3131
66.249.71.159 - - [31/May/2016:00:56:05 +0800] "GET /content/nav/relationSubject.jsp?relationWords=&oid=2630515 HTTP/1.1" 200 1405
66.249.71.152 - - [31/May/2016:00:56:23 +0800] "GET /content/repository/resource_content.jsp?oid=4351742&queryType=qs&queryString=%E5%93%A5%E5%80%AB%E6%AF%94%E4%BA%9E HTTP/1.1" 200 34137
140.122.20.94 - - [31/May/2016:00:56:35 +0800] "GET /content/repository/resource_content.jsp?oid=1774562&queryString=%E6%AF%8D%E7%B3%BB%E7%A4%BE%E6%9C%83 HTTP/1.1" 200 30942
140.122.20.94 - - [31/May/2016:00:56:35 +0800] "GET /content/nav/relationSubject.jsp?relationWords=%E5%85%A9%E6%80%A7%E9%97%9C%E4%BF%82+%E6%AF%8D%E7%B3%BB%E7%A4%BE%E6%9C%83+&oid=1774562 HTTP/1.1" 200 3091
66.249.71.152 - - [31/May/2016:00:56:50 +0800] "GET /content/subject/resource_content.jsp?oid=16777688&queryType=qc HTTP/1.1" 200 39211
66.249.79.200 - - [31/May/2016:00:57:18 +0800] "GET /content/repository/resource_content.jsp?oid=2147900&queryString=%E5%B1%B1%E8%8A%99%E8%93%89%20%E6%9C%A8%E6%A7%BF%E5%B1%AC%20%E6%A4%8D%E7%89%A9%E7%95%8C%20%E9%8C%A6%E8%91%B5%20%E9%8C%A6%E8%91%B5%E7%A7%91 HTTP/1.1" 200 31338
66.249.71.136 - - [31/May/2016:00:57:45 +0800] "GET /content/subject/resource_content.jsp?oid=16777351 HTTP/1.1" 200 34075
123.125.71.43 - - [31/May/2016:00:58:00 +0800] "GET /content/subject/resource_content.jsp?oid=16777350 HTTP/1.1" 200 36259
66.249.71.136 - - [31/May/2016:00:58:10 +0800] "GET /digiarch_en/content/nav/relationSubject.jsp?relationWords=%E4%B8%8A%E8%AB%AD+%E4%B9%9D%E5%8D%BF+&oid=2676728 HTTP/1.1" 200 3064
66.249.71.136 - - [31/May/2016:00:58:12 +0800] "GET /content/repository/resource_content.jsp?oid=15071&queryString=%E5%85%AD%E5%B8%B6%E7%B7%9A%E7%B4%8B%E9%AD%9A%20%E5%85%AD%E7%B7%9A%E9%BB%91%E9%B1%B8%20%E5%8C%85%E5%85%AC%20%E7%B7%9A%E7%B4%8B%20%E9%AE%A8%E7%A7%91%20%E9%BB%91%E9%B1%B8 HTTP/1.1" 200 35156
66.249.71.136 - - [31/May/2016:00:58:15 +0800] "GET /digiarch_en/content/nav/relationSubject.jsp?relationWords=%E4%B8%8A%E8%AB%AD%20%E4%B9%9D%E5%8D%BF%20&oid=2676728 HTTP/1.1" 200 3064
114.37.38.210 - - [31/May/2016:00:58:32 +0800] "GET /content/nav/relationSubject.jsp?relationWords=%E5%8F%B0%E7%81%A3%E6%AC%92%E6%A8%B9+%E8%8B%A6%E8%8B%93%E8%88%85+&oid=16777254 HTTP/1.1" 200 4285
66.249.79.186 - - [31/May/2016:00:58:34 +0800] "GET /content/nav/relationSubject.jsp?relationWords=%E6%9D%9C%E9%B5%91%E8%8A%B1+%E6%9D%9C%E9%B5%91%E8%8A%B1%E5%B1%AC+%E6%9D%9C%E9%B5%91%E8%8A%B1%E7%A7%91+%E6%A3%AE%E6%B0%8F%E6%9D%9C%E9%B5%91+%E6%A4%8D%E7%89%A9%E7%95%8C+&oid=2147104 HTTP/1.1" 200 4733
66.249.71.199 - - [31/May/2016:00:58:37 +0800] "GET /content/nav/relationSubject.jsp?relationWords=%E6%9D%9C%E9%B5%91%E8%8A%B1%20%E6%9D%9C%E9%B5%91%E8%8A%B1%E5%B1%AC%20%E6%9D%9C%E9%B5%91%E8%8A%B1%E7%A7%91%20%E6%A3%AE%E6%B0%8F%E6%9D%9C%E9%B5%91%20%E6%A4%8D%E7%89%A9%E7%95%8C%20&oid=2147104 HTTP/1.1" 200 4733
