66.249.79.59 - - [14/Apr/2016:13:56:36 +0800] "GET /content/nav/relationSubject.jsp?relationWords=%E5%A4%A7%E5%85%A7%E9%84%89+%E7%9C%81%E6%94%BF%E5%BA%9C+%E8%87%AA%E4%BE%86%E6%B0%B4%E5%BB%A0+%E8%87%BA%E5%8D%97%E7%B8%A3%E8%AD%B0%E6%9C%83+%E9%A0%AD%E7%A4%BE+&oid=1524200 HTTP/1.1" 200 4687
66.249.71.64 - - [14/Apr/2016:13:56:55 +0800] "GET /content/repository/resource_content.jsp?oid=1561031 HTTP/1.1" 200 28586
66.249.71.60 - - [14/Apr/2016:13:57:12 +0800] "GET /content/nav/relationSubject.jsp?relationWords=%E9%8E%AE%E8%87%A3%20&oid=2679406 HTTP/1.1" 200 3102
66.249.79.251 - - [14/Apr/2016:13:57:14 +0800] "GET /content/subject/resource_content.jsp?oid=16777773&queryType=qs&queryString=%E6%AD%B7%E5%8F%B2%E5%BB%BA%E7%AF%89 HTTP/1.1" 200 54786
66.249.71.113 - - [14/Apr/2016:13:57:14 +0800] "GET /content/nav/relationSubject.jsp?relationWords=GIS+GPS+&oid=16777344 HTTP/1.1" 200 2228
66.249.71.60 - - [14/Apr/2016:13:57:15 +0800] "GET /content/nav/relationSubject.jsp?relationWords=%E9%99%B8%E6%B8%AC%E5%9C%96+%E9%BE%8D%E9%99%82%E6%A9%8B+&oid=226771 HTTP/1.1" 200 3129
66.249.71.60 - - [14/Apr/2016:13:57:17 +0800] "GET /content/nav/relationSubject.jsp?relationWords=%E9%99%B8%E6%B8%AC%E5%9C%96%20%E9%BE%8D%E9%99%82%E6%A9%8B%20&oid=226771 HTTP/1.1" 200 3129
66.249.71.60 - - [14/Apr/2016:13:57:56 +0800] "GET /content/repository/resource_content.jsp?oid=1850890 HTTP/1.1" 200 30030
66.249.77.91 - - [14/Apr/2016:13:58:12 +0800] "GET /content/nav/relationSubject.jsp?relationWords=%E5%B0%8F%E7%B1%B3%E6%94%B6%E7%A9%AB%E7%A5%AD+%E7%A5%AD%E5%84%80+&oid=4388399 HTTP/1.1" 200 4075
66.249.71.105 - - [14/Apr/2016:13:58:17 +0800] "GET /content/nav/relationSubject.jsp?relationWords=%E5%88%A9%E7%94%9F+%E5%90%B3%E9%B3%B3%E9%84%89+%E5%B9%B6%E5%88%A9+&oid=1559341 HTTP/1.1" 200 3741
66.249.71.60 - - [14/Apr/2016:13:58:25 +0800] "GET /digiarch_en/content/nav/relationSubject.jsp?relationWords=%E9%87%91%E6%B3%B0+&oid=2668705 HTTP/1.1" 200 3044
180.205.129.129 - - [14/Apr/2016:13:58:33 +0800] "GET /content/subject/resource_content.jsp?oid=16797253&queryType=qc HTTP/1.1" 200 42834
66.249.71.105 - - [14/Apr/2016:13:58:33 +0800] "GET /content/nav/relationSubject.jsp?relationWords=%E4%BF%B8%E9%8A%80+%E9%8A%80%E4%BA%8B+&oid=2678955 HTTP/1.1" 200 4016
180.205.129.129 - - [14/Apr/2016:13:58:41 +0800] "GET /content/nav/relationSubject.jsp?relationWords=%E6%BD%AE%E6%B5%81+%E7%A4%BE%E6%9C%83%E8%AE%8A%E9%81%B7+&oid=16797253 HTTP/1.1" 200 7712
66.249.79.200 - - [14/Apr/2016:13:58:58 +0800] "GET /content/repository/resource_content.jsp?oid=2560833&queryType=qs&queryString=%E9%8A%85%E4%BB%81%E5%8D%94 HTTP/1.1" 200 29331
66.249.71.105 - - [14/Apr/2016:13:59:19 +0800] "GET /content/nav/relationSubject.jsp?relationWords=%E9%8A%80%E5%85%A9+&oid=2669618 HTTP/1.1" 200 5365
66.249.71.60 - - [14/Apr/2016:13:59:45 +0800] "GET /content/repository/resource_content.jsp?oid=1531239 HTTP/1.1" 200 29034
66.249.71.60 - - [14/Apr/2016:13:59:58 +0800] "GET /content/repository/resource_content.jsp?oid=1108506&queryString=%E6%A4%8D%E7%89%A9%E7%95%8C%20%E7%8E%89%E5%B1%B1%E9%A3%9B%E8%93%AC%20%E8%8F%8A%E7%A7%91%20%E9%9B%99%E5%AD%90%E8%91%89%E6%A4%8D%E7%89%A9%20%E9%A3%9B%E8%93%AC%E5%B1%AC HTTP/1.1" 200 31872
173.252.88.152 - - [14/Apr/2016:14:00:10 +0800] "GET /content/repository/resource_content.jsp?oid=2569326&queryString=+%E5%B9%B4%E7%BE%B9%E5%A0%AF&queryType=qc HTTP/1.1" 200 29717
66.249.71.60 - - [14/Apr/2016:14:00:29 +0800] "GET /content/repository/resource_content.jsp?oid=1891521 HTTP/1.1" 200 28495
66.249.79.200 - - [14/Apr/2016:14:01:00 +0800] "GET /content/repository/resource_content.jsp?oid=218356 HTTP/1.1" 200 30721
173.252.88.153 - - [14/Apr/2016:14:01:18 +0800] "GET /content/repository/resource_content.jsp?oid=3818780&queryString=%E6%A4%8D%E7%89%A9%E7%95%8C+%E6%A6%95%E5%B1%AC+%E6%AD%A3%E6%A6%95 HTTP/1.1" 200 30979
66.249.71.60 - - [14/Apr/2016:14:01:30 +0800] "GET /content/nav/relationSubject.jsp?relationWords=&oid=2570246 HTTP/1.1" 200 1405
66.249.71.60 - - [14/Apr/2016:14:01:49 +0800] "GET /content/nav/relationSubject.jsp?relationWords=%E5%B7%A1%E7%8B%A9+%E7%8E%8B%E8%88%B9+%E9%96%8B%E5%85%89+&oid=16777807 HTTP/1.1" 200 4905
66.249.71.5 - - [14/Apr/2016:14:02:00 +0800] "GET /digiarch3/content/subject/resource_content.jsp?oid=16777361&queryType=qs&queryString=%E8%83%8C%E9%B0%AD HTTP/1.1" 200 32011
173.252.88.150 - - [14/Apr/2016:14:02:53 +0800] "GET /content/repository/resource_content.jsp?oid=1105558 HTTP/1.1" 200 31662
66.249.77.97 - - [14/Apr/2016:14:02:58 +0800] "GET /content/nav/relationSubject.jsp?relationWords=%E5%BB%82%E7%B4%85+&oid=2675959 HTTP/1.1" 200 3075
66.249.71.60 - - [14/Apr/2016:14:03:01 +0800] "GET /content/repository/resource_content.jsp?oid=718584 HTTP/1.1" 200 28013
66.249.71.113 - - [14/Apr/2016:14:03:16 +0800] "GET /content/nav/relationSubject.jsp?relationWords=%E8%99%A7%E7%BC%BA+%E9%8C%A2%E7%B3%A7+&oid=2661259 HTTP/1.1" 200 5295
66.249.71.60 - - [14/Apr/2016:14:04:02 +0800] "GET /content/repository/resource_content.jsp?oid=176925 HTTP/1.1" 200 30210
66.249.71.60 - - [14/Apr/2016:14:04:58 +0800] "GET /content/nav/relationSubject.jsp?relationWords=%E5%8F%B0%E7%81%A3%E7%89%B9%E6%9C%89%E7%A8%AE+%E6%A3%98%E8%A3%B8%E7%B5%A8%E9%AE%8B+%E7%9F%B3%E7%8B%97%E5%85%AC+%E7%9F%B3%E9%A0%AD%E9%AD%9A+&oid=16777688 HTTP/1.1" 200 4155
66.249.77.91 - - [14/Apr/2016:14:05:03 +0800] "GET /content/repository/resource_content.jsp?oid=1613612&queryString=%E6%9D%B1%E6%B2%B3%E6%9D%91 HTTP/1.1" 200 29253
66.249.71.60 - - [14/Apr/2016:14:05:31 +0800] "GET /content/nav/relationSubject.jsp?relationWords=%E5%B1%85%E5%BB%B6%E6%BC%A2%E7%B0%A1+%E6%BC%A2%E7%B0%A1+&oid=279265 HTTP/1.1" 200 3898
66.249.77.85 - - [14/Apr/2016:14:06:05 +0800] "GET /content/repository/resource_content.jsp?oid=2638210&queryType=qs&queryString=%E5%A4%A9%E5%90%8E HTTP/1.1" 200 30237
66.249.71.60 - - [14/Apr/2016:14:06:29 +0800] "GET /content/nav/relationSubject.jsp?relationWords=%E5%90%8C%E5%96%84%E9%8E%AE+%E9%99%B8%E6%B8%AC%E5%9C%96+&oid=176925 HTTP/1.1" 200 3129
163.27.44.116 - - [14/Apr/2016:14:06:52 +0800] "GET /content/repository/resource_content.jsp?oid=1524254&queryString=%E5%B8%82%E5%A0%B4%E7%AE%A1%E7%90%86 HTTP/1.1" 200 30924
163.27.44.116 - - [14/Apr/2016:14:06:53 +0800] "GET /content/nav/relationSubject.jsp?relationWords=%E5%98%89%E7%BE%A9%E7%B8%A3%E6%94%BF%E5%BA%9C+%E5%B8%82%E5%A0%B4%E7%AE%A1%E7%90%86+%E6%89%B9%E7%99%BC%E5%B8%82%E5%A0%B4+%E6%A5%8A%E5%BE%B7%E8%89%AF+%E6%B4%AA%E6%8E%9B+%E7%91%9E%E8%B1%90+%E7%9C%81%E6%94%BF%E5%BA%9C+%E8%87%BA%E7%81%A3%E7%9C%81+%E8%90%AC%E7%9B%8A+%E8%95%AD%E7%B8%BD%E5%82%B3+%E8%A1%8C%E8%95%AD%E7%B8%BD+%E9%83%AD%E9%9B%A8%E6%96%B0+%E9%84%AD%E8%8C%82%E6%9D%BE+%E9%BB%83%E5%A0%AF+&oid=1524254 HTTP/1.1" 200 5107
66.249.79.115 - - [14/Apr/2016:14:07:03 +0800] "GET /content/repository/resource_content.jsp?oid=2684045&queryType=qs&queryString=%E5%90%8C%E8%88%88 HTTP/1.1" 200 30466
66.249.71.60 - - [14/Apr/2016:14:07:05 +0800] "GET /content/repository/resource_content.jsp?oid=1609237 HTTP/1.1" 200 28572
66.249.71.60 - - [14/Apr/2016:14:07:21 +0800] "GET /digiarch_en/content/nav/relationSubject.jsp?relationWords=%E6%96%B9%E8%B2%9D%E5%A1%8A%E9%A0%85%E9%A3%BE+&oid=1780336 HTTP/1.1" 200 3004
66.249.71.60 - - [14/Apr/2016:14:07:23 +0800] "GET /digiarch_en/content/pictures/picture_content.jsp?oid=33554787 HTTP/1.1" 200 22128
66.249.71.60 - - [14/Apr/2016:14:07:27 +0800] "GET /digiarch_en/content/nav/relationSubject.jsp?relationWords=%E6%96%B9%E8%B2%9D%E5%A1%8A%E9%A0%85%E9%A3%BE%20&oid=1780336 HTTP/1.1" 200 3004
106.38.241.143 - - [14/Apr/2016:14:07:48 +0800] "GET /content/tmp_auth/resource_content.jsp?oid=16777641 HTTP/1.1" 200 46495
66.249.71.23 - - [14/Apr/2016:14:08:06 +0800] "GET /digiarch3/content/repository/resource_content.jsp?oid=16300&queryString=%E7%9F%AD%E5%96%99%E9%BC%BB%E9%AD%9A HTTP/1.1" 200 34745
223.141.84.213 - - [14/Apr/2016:14:08:31 +0800] "GET /digiarch3/content/repository/resource_content.jsp?oid=15712&queryType=qs&queryString=%E9%9A%86%E9%A0%AD%E9%AD%9A%E7%A7%91 HTTP/1.1" 200 36621
223.141.84.213 - - [14/Apr/2016:14:08:39 +0800] "GET /digiarch3/content/nav/relationSubject.jsp?relationWords=%E5%A4%A7%E7%89%87%E4%BB%94+%E6%8B%BF%E7%A0%B4%E5%B4%99+%E6%9B%B2%E7%B4%8B%E5%94%87%E9%AD%9A+%E6%B1%95%E6%95%A3%E4%BB%94+%E6%B3%A2%E7%B4%8B%E5%94%87%E9%AD%9A+%E6%B3%A2%E7%B4%8B%E9%B8%9A%E9%AF%9B+%E6%B5%B7%E5%93%A5%E9%BE%8D+%E7%9F%B3%E8%9A%B1%E4%BB%94+%E9%97%8A%E5%98%B4%E9%83%8E+%E9%9A%86%E9%A0%AD%E9%AD%9A%E7%A7%91+%E9%BE%8D%E7%8E%8B%E9%AF%9B+&oid=15712 HTTP/1.1" 200 4007
123.125.71.38 - - [14/Apr/2016:14:08:39 +0800] "GET /digiarch_en/content/pictures/picture_content.jsp?oid=33554826&queryType=qc HTTP/1.1" 200 22031
106.38.241.143 - - [14/Apr/2016:14:08:48 +0800] "GET /content/tmp_exh/resource_content.jsp?oid=16777850&queryType=qc%201890 HTTP/1.1" 200 44459
66.249.71.60 - - [14/Apr/2016:14:09:01 +0800] "GET /digiarch_en/content/pictures/picture_content.jsp?oid=33554789 HTTP/1.1" 200 21360
66.249.71.60 - - [14/Apr/2016:14:09:07 +0800] "GET /content/repository/resource_content.jsp?oid=2581564 HTTP/1.1" 200 29265
106.38.241.143 - - [14/Apr/2016:14:09:12 +0800] "GET /content/pictures/picture_content.jsp?oid=33554819 HTTP/1.1" 200 27764
140.112.77.26 - - [14/Apr/2016:14:09:54 +0800] "GET /content/repository/resource_content.jsp?oid=2548376&queryString=%E8%A2%81%E5%B4%87%E7%85%A5%20%E9%87%91%E5%9C%8B%E6%B1%97 HTTP/1.1" 200 29736
223.143.59.231 - - [14/Apr/2016:14:09:55 +0800] "GET /content/subject/resource_content.jsp?oid=16777371&queryString=%E6%AE%B7%E5%A2%9F%20%E7%94%B2%E9%AA%A8%20%E9%83%B5%E7%A5%A8%20%E9%9D%92%E9%8A%85%E5%99%A8 HTTP/1.1" 200 48099
140.112.77.26 - - [14/Apr/2016:14:09:57 +0800] "GET /content/nav/relationSubject.jsp?relationWords=%E5%AE%98%E7%94%9F+%E5%AF%A7%E9%81%A0+%E9%87%91%E5%9C%8B%E6%B1%97+%E9%8C%A6%E5%B7%9E+&oid=2548376 HTTP/1.1" 200 3248
66.249.71.60 - - [14/Apr/2016:14:10:08 +0800] "GET /content/repository/resource_content.jsp?oid=2533170 HTTP/1.1" 200 29979
106.38.241.143 - - [14/Apr/2016:14:10:20 +0800] "GET /content/subject/resource_content.jsp?oid=16777720&queryType=qc HTTP/1.1" 200 29916
106.38.241.143 - - [14/Apr/2016:14:10:44 +0800] "GET /content/subject/resource_content.jsp?oid=16777361&queryType=qc HTTP/1.1" 200 31904
106.38.241.143 - - [14/Apr/2016:14:11:08 +0800] "GET /content/subject/resource_content.jsp?oid=16777622&queryType=qc> HTTP/1.1" 200 31405
66.249.77.97 - - [14/Apr/2016:14:11:09 +0800] "GET /content/repository/resource_content.jsp?oid=4469051&queryString=%E5%9C%B0%E7%90%86%E5%AD%B8%20%E6%B0%B4%E7%94%A2%E9%A4%8A%E6%AE%96%E6%A5%AD%20%E8%87%BA%E7%81%A3%E7%B8%BD%E7%9D%A3%E5%BA%9C%20%E8%99%B1%E7%9B%AE%E9%AD%9A HTTP/1.1" 200 29425
173.252.88.150 - - [14/Apr/2016:14:11:12 +0800] "GET /content/repository/resource_content.jsp?oid=4362315&queryString=%E5%B7%A1%E7%8B%A9+%E7%8E%8B%E8%88%B9+%E9%96%8B%E5%85%89 HTTP/1.1" 200 28150
106.38.241.143 - - [14/Apr/2016:14:11:31 +0800] "GET /content/subject/resource_content.jsp?oid=16777622&queryType=qc HTTP/1.1" 200 31405
66.249.71.60 - - [14/Apr/2016:14:11:43 +0800] "GET /content/nav/relationSubject.jsp?relationWords=%E5%85%A5%E5%AD%B8%E8%80%83%E8%A9%A6+%E5%91%82%E9%8C%A6%E8%8A%B1+%E5%9C%8B%E6%A0%A1+%E5%9C%8D%E6%A8%99+%E5%A2%9E%E5%BB%BA+%E5%AE%B6%E9%95%B7%E6%9C%83+%E6%83%A1%E6%80%A7%E8%A3%9C%E7%BF%92+%E6%95%99%E6%9D%90+%E7%9F%A5%E6%96%B0+%E7%AE%97%E8%A1%93+%E8%B3%AA%E8%A9%A2+&oid=1555942 HTTP/1.1" 200 3866
106.38.241.143 - - [14/Apr/2016:14:11:57 +0800] "GET /content/subject/resource_content.jsp?oid=16777623&queryType=qc> HTTP/1.1" 200 31947
66.249.71.60 - - [14/Apr/2016:14:12:10 +0800] "GET /content/repository/resource_content.jsp?oid=2518593 HTTP/1.1" 200 29939
163.15.209.72 - - [14/Apr/2016:14:12:14 +0800] "GET /content/repository/resource_content.jsp?oid=15252&queryString=%E4%B8%83%E6%98%9F%E4%BB%94%20%E5%BA%B7%E6%B0%8F%20%E6%A3%98%E8%94%A5%E4%BB%94%20%E9%AC%BC%E5%B9%B3%20%E9%BE%9C%E6%BF%B1 HTTP/1.1" 200 34740
163.15.209.72 - - [14/Apr/2016:14:12:20 +0800] "GET /content/nav/relationSubject.jsp?relationWords=%E4%B8%83%E6%98%9F%E4%BB%94+%E6%A3%98%E8%94%A5%E4%BB%94+%E9%AC%BC%E5%B9%B3+&oid=15252 HTTP/1.1" 200 3562
106.38.241.143 - - [14/Apr/2016:14:12:22 +0800] "GET /content/subject/resource_content.jsp?oid=16777595&queryType=qc HTTP/1.1" 200 42922
66.249.71.60 - - [14/Apr/2016:14:13:11 +0800] "GET /content/repository/resource_content.jsp?oid=1621754 HTTP/1.1" 200 29233
66.249.71.60 - - [14/Apr/2016:14:13:46 +0800] "GET /content/nav/relationSubject.jsp?relationWords=%E5%AE%89%E5%85%A8%E6%A1%88+%E5%BA%9C%E5%BB%BA%E6%B0%B4+%E6%B0%B4%E5%AD%97+%E8%98%87%E6%BE%B3%E9%8E%AE+&oid=1561269 HTTP/1.1" 200 3303
66.249.71.60 - - [14/Apr/2016:14:13:49 +0800] "GET /content/nav/relationSubject.jsp?relationWords=%E9%99%B8%E6%B8%AC%E5%9C%96+%E9%BE%8D%E5%9D%AA+&oid=225150 HTTP/1.1" 200 3114
66.249.71.60 - - [14/Apr/2016:14:14:12 +0800] "GET /content/repository/resource_content.jsp?oid=2663205 HTTP/1.1" 200 29754
223.24.80.149 - - [14/Apr/2016:14:15:29 +0800] "GET /content/repository/resource_content.jsp?oid=1173184 HTTP/1.1" 200 28260
223.24.80.149 - - [14/Apr/2016:14:15:33 +0800] "GET /content/nav/relationSubject.jsp?relationWords=%E4%BA%BA%E5%A5%B3%E8%A1%A3+&oid=1173184 HTTP/1.1" 200 3034
223.24.80.149 - - [14/Apr/2016:14:15:45 +0800] "GET /content/repository/resource_content.jsp?oid=1174428 HTTP/1.1" 200 29123
223.24.80.149 - - [14/Apr/2016:14:15:46 +0800] "GET /content/nav/relationSubject.jsp?relationWords=&oid=1174428 HTTP/1.1" 200 1405
66.249.71.60 - - [14/Apr/2016:14:15:53 +0800] "GET /content/nav/relationSubject.jsp?relationWords=%E5%AD%A4%E5%B1%B1%E5%8F%A3+%E6%B2%B3%E5%8C%97%E7%9C%81+%E9%99%B8%E6%B8%AC%E5%9C%96+&oid=231103 HTTP/1.1" 200 3179
66.249.71.60 - - [14/Apr/2016:14:15:58 +0800] "GET /content/nav/relationSubject.jsp?relationWords=%E5%AD%A4%E5%B1%B1%E5%8F%A3%20%E6%B2%B3%E5%8C%97%E7%9C%81%20%E9%99%B8%E6%B8%AC%E5%9C%96%20&oid=231103 HTTP/1.1" 200 3179
66.249.79.200 - - [14/Apr/2016:14:16:15 +0800] "GET /content/repository/resource_content.jsp?oid=1854039 HTTP/1.1" 200 30274
66.249.71.105 - - [14/Apr/2016:14:16:29 +0800] "GET /content/nav/relationSubject.jsp?relationWords=&oid=2595595 HTTP/1.1" 200 1405
59.120.189.28 - - [14/Apr/2016:14:16:41 +0800] "GET /content/nav/relationSubject.jsp?relationWords=&oid=16777328 HTTP/1.1" 200 1405
66.249.71.104 - - [14/Apr/2016:14:16:52 +0800] "GET /digiarch_en/content/repository/resource_content.jsp?oid=1516081&queryString=%E6%9F%A5%E6%9F%90 HTTP/1.1" 200 22742
66.249.71.104 - - [14/Apr/2016:14:17:15 +0800] "GET /content/repository/resource_content.jsp?oid=1876035 HTTP/1.1" 200 29967
59.120.189.28 - - [14/Apr/2016:14:17:24 +0800] "GET /content/subject/resource_content.jsp?oid=16777519&queryType=qs&queryString=%E7%9B%B8%E6%80%9D%E8%8A%B1 HTTP/1.1" 200 35980
59.120.189.28 - - [14/Apr/2016:14:17:25 +0800] "GET /content/nav/relationSubject.jsp?relationWords=%E7%9B%B8%E6%80%9D%E6%A8%B9+&oid=16777519 HTTP/1.1" 200 3659
66.249.71.60 - - [14/Apr/2016:14:18:16 +0800] "GET /content/repository/resource_content.jsp?oid=1618400 HTTP/1.1" 200 29025
106.38.241.143 - - [14/Apr/2016:14:19:12 +0800] "GET /content/repository/resource_content.jsp?oid=1124023&queryType=qc HTTP/1.1" 200 36782
66.249.71.60 - - [14/Apr/2016:14:19:17 +0800] "GET /content/repository/resource_content.jsp?oid=2558318 HTTP/1.1" 200 30034
106.38.241.143 - - [14/Apr/2016:14:19:33 +0800] "GET /content/repository/resource_content.jsp?oid=524007&queryType=qc HTTP/1.1" 200 35596
106.38.241.143 - - [14/Apr/2016:14:19:39 +0800] "GET /content/subject/resource_content.jsp?oid=16777624&queryType=qc HTTP/1.1" 200 119503
106.38.241.143 - - [14/Apr/2016:14:19:53 +0800] "GET /content/tmp_exh/resource_content.jsp?oid=16777718&queryType=qc%201921 HTTP/1.1" 200 31174
211.21.142.109 - - [14/Apr/2016:14:19:53 +0800] "GET /content/subject/resource_content.jsp?oid=16777753 HTTP/1.1" 200 36817
211.21.142.109 - - [14/Apr/2016:14:19:56 +0800] "GET /content/nav/relationSubject.jsp?relationWords=GIS+%E6%95%B8%E4%BD%8D%E5%85%B8%E8%97%8F+%E9%81%99%E6%B8%AC%E5%BD%B1%E5%83%8F+&oid=16777753 HTTP/1.1" 200 5952
66.249.71.60 - - [14/Apr/2016:14:20:08 +0800] "GET /digiarch_en/content/repository/resource_content.jsp?oid=1887486&queryString=%E5%90%B3%E6%B5%B7%E6%B6%BC%20%E5%95%86%E8%A1%8C HTTP/1.1" 200 24015
68.180.230.90 - - [14/Apr/2016:14:20:12 +0800] "GET /content/tmp_exh/resource_content.jsp?oid=16777720&queryType=qc HTTP/1.1" 200 27686
66.249.71.60 - - [14/Apr/2016:14:20:18 +0800] "GET /content/repository/resource_content.jsp?oid=2636173&queryString=%E7%8C%9B%E8%A7%92%E8%A1%97%E5%AD%90%20%E7%94%B7%E5%A9%A6 HTTP/1.1" 200 29913
66.249.71.113 - - [14/Apr/2016:14:21:03 +0800] "GET /content/nav/relationSubject.jsp?relationWords=%E5%B7%A1%E6%92%AB+%E7%BD%B2%E7%AF%86+&oid=2627734 HTTP/1.1" 200 3119
66.249.79.59 - - [14/Apr/2016:14:21:20 +0800] "GET /content/repository/resource_content.jsp?oid=2521633&queryType=qs&queryString=%E8%97%A5%E9%89%9B HTTP/1.1" 200 30231
173.252.88.152 - - [14/Apr/2016:14:21:34 +0800] "GET /content/repository/resource_content.jsp?oid=1100256&queryString=%E8%96%8A%E5%B1%AC&queryType=null HTTP/1.1" 200 31076
140.128.60.176 - - [14/Apr/2016:14:21:42 +0800] "GET /content/subject/resource_content.jsp?oid=16777736&queryType=qc HTTP/1.1" 200 43177
140.128.60.176 - - [14/Apr/2016:14:21:44 +0800] "GET /content/nav/relationSubject.jsp?relationWords=%E5%8D%97%E6%B9%96%E5%A4%A7%E5%B1%B1+%E6%9D%9C%E9%B5%91+%E7%8E%89%E5%B1%B1%E6%9D%9C%E9%B5%91+%E7%B4%B0%E8%91%89%E6%9D%9C%E9%B5%91+%E8%A5%BF%E6%96%BD%E8%8A%B1+&oid=16777736 HTTP/1.1" 200 5052
66.249.71.60 - - [14/Apr/2016:14:21:46 +0800] "GET /content/nav/relationSubject.jsp?relationWords=%E7%94%A2%E6%A5%AD%E9%81%93%E8%B7%AF+%E7%9C%81%E6%94%BF%E5%BA%9C+%E8%8B%97%E6%A0%97%E7%B8%A3%E6%94%BF%E5%BA%9C+&oid=1622612 HTTP/1.1" 200 4602
66.249.71.60 - - [14/Apr/2016:14:21:50 +0800] "GET /content/nav/relationSubject.jsp?relationWords=%E7%94%A2%E6%A5%AD%E9%81%93%E8%B7%AF%20%E7%9C%81%E6%94%BF%E5%BA%9C%20%E8%8B%97%E6%A0%97%E7%B8%A3%E6%94%BF%E5%BA%9C%20&oid=1622612 HTTP/1.1" 200 4602
66.249.77.85 - - [14/Apr/2016:14:22:21 +0800] "GET /content/subject/resource_content.jsp?oid=16797287&queryType=qc HTTP/1.1" 200 88347
66.249.71.113 - - [14/Apr/2016:14:22:22 +0800] "GET /content/nav/relationSubject.jsp?relationWords=%E4%BA%A4%E9%80%9A%E8%99%95+%E5%90%B3%E4%B8%80%E8%A1%9B+%E5%9F%BA%E9%9A%86%E6%B8%AF+%E5%9F%BA%E9%9A%86%E6%B8%AF%E5%8B%99%E5%B1%80+%E5%A4%A9%E4%BD%91+%E5%A4%AA%E5%B9%B3%E6%B4%8B%E6%88%B0%E7%88%AD+%E5%BC%B5%E5%AF%8C+%E6%9D%8E%E9%8A%91+%E6%9E%97%E6%98%8E%E5%BE%B7+%E6%A6%AE%E7%99%BC+%E6%B0%91%E6%84%8F+%E6%B8%AF%E5%8B%99+%E6%B8%AF%E5%8B%99%E5%B1%80+%E6%B8%AF%E5%9F%A0+%E7%AE%97%E7%9B%A4+%E8%87%BA%E4%B8%AD%E6%B8%AF+%E8%87%BA%E7%81%A3%E5%85%89%E5%BE%A9+%E8%87%BA%E7%81%A3%E7%B6%93%E6%BF%9F+%E8%94%A1%E9%B4%BB%E6%96%87+%E8%99%95%E9%95%B7+%E8%B3%AA%E8%A9%A2+%E8%B7%AF%E6%A9%8B+%E9%87%8D%E5%B7%A5%E6%A5%AD+%E9%96%8B%E7%99%BC%E8%A8%88%E5%8A%83+%E9%99%B3%E5%A4%A9%E4%BD%91+&oid=1580915 HTTP/1.1" 200 5617
66.249.71.113 - - [14/Apr/2016:14:22:51 +0800] "GET /content/nav/relationSubject.jsp?relationWords=%E4%BA%A4%E9%80%9A%E8%99%95%20%E5%90%B3%E4%B8%80%E8%A1%9B%20%E5%9F%BA%E9%9A%86%E6%B8%AF%20%E5%9F%BA%E9%9A%86%E6%B8%AF%E5%8B%99%E5%B1%80%20%E5%A4%A9%E4%BD%91%20%E5%A4%AA%E5%B9%B3%E6%B4%8B%E6%88%B0%E7%88%AD%20%E5%BC%B5%E5%AF%8C%20%E6%9D%8E%E9%8A%91%20%E6%9E%97%E6%98%8E%E5%BE%B7%20%E6%A6%AE%E7%99%BC%20%E6%B0%91%E6%84%8F%20%E6%B8%AF%E5%8B%99%20%E6%B8%AF%E5%8B%99%E5%B1%80%20%E6%B8%AF%E5%9F%A0%20%E7%AE%97%E7%9B%A4%20%E8%87%BA%E4%B8%AD%E6%B8%AF%20%E8%87%BA%E7%81%A3%E5%85%89%E5%BE%A9%20%E8%87%BA%E7%81%A3%E7%B6%93%E6%BF%9F%20%E8%94%A1%E9%B4%BB%E6%96%87%20%E8%99%95%E9%95%B7%20%E8%B3%AA%E8%A9%A2%20%E8%B7%AF%E6%A9%8B%20%E9%87%8D%E5%B7%A5%E6%A5%AD%20%E9%96%8B%E7%99%BC%E8%A8%88%E5%8A%83%20%E9%99%B3%E5%A4%A9%E4%BD%91%20&oid=1580915 HTTP/1.1" 200 5617
124.199.97.84 - - [14/Apr/2016:14:23:13 +0800] "GET /content/repository/resource_content.jsp?oid=14113&queryString=%E5%B0%96%E5%90%BB HTTP/1.1" 200 36061
124.199.97.84 - - [14/Apr/2016:14:23:17 +0800] "GET /content/nav/relationSubject.jsp?relationWords=%E5%B0%96%E5%90%BB+%E5%B0%96%E9%A0%AD%E6%9B%B2%E9%BD%92%E9%AE%AB+%E5%B0%96%E9%A0%AD%E6%B2%99+%E6%B2%99%E6%A2%9D+%E7%99%BD%E7%9C%BC%E9%AE%AB%E7%A7%91+&oid=14113 HTTP/1.1" 200 3547
66.249.71.60 - - [14/Apr/2016:14:23:21 +0800] "GET /content/repository/resource_content.jsp?oid=2660676 HTTP/1.1" 200 29756
66.249.71.60 - - [14/Apr/2016:14:23:25 +0800] "GET /content/repository/resource_content.jsp?oid=1557748 HTTP/1.1" 200 28883
175.96.178.191 - - [14/Apr/2016:14:24:07 +0800] "GET /content/nav/relationSubject.jsp?relationWords=%E9%9D%92%E6%A5%93+&oid=16777274 HTTP/1.1" 200 3565
66.249.77.91 - - [14/Apr/2016:14:24:20 +0800] "GET /content/nav/relationSubject.jsp?relationWords=%E4%BA%A4%E6%B6%89%E5%93%A1+%E4%BA%BA%E5%90%8D%E6%AC%8A%E5%A8%81+%E5%A4%96%E4%BA%A4%E9%83%A8+%E5%BB%A3%E5%8B%A4+%E7%84%A1%E9%8C%AB+%E8%83%B0%E7%9A%82%E5%BB%A0+%E9%99%B3%E8%B2%BD%E7%AF%84+&oid=731297 HTTP/1.1" 200 3381
66.249.77.91 - - [14/Apr/2016:14:24:22 +0800] "GET /content/nav/relationSubject.jsp?relationWords=%E4%BA%A4%E6%B6%89%E5%93%A1%20%E4%BA%BA%E5%90%8D%E6%AC%8A%E5%A8%81%20%E5%A4%96%E4%BA%A4%E9%83%A8%20%E5%BB%A3%E5%8B%A4%20%E7%84%A1%E9%8C%AB%20%E8%83%B0%E7%9A%82%E5%BB%A0%20%E9%99%B3%E8%B2%BD%E7%AF%84%20&oid=731297 HTTP/1.1" 200 3381
66.249.71.60 - - [14/Apr/2016:14:24:23 +0800] "GET /content/repository/resource_content.jsp?oid=2520177 HTTP/1.1" 200 29765
66.249.71.60 - - [14/Apr/2016:14:24:43 +0800] "GET /content/nav/relationSubject.jsp?relationWords=%E4%B8%81%E6%B0%8F+&oid=20250 HTTP/1.1" 200 3388
66.249.71.60 - - [14/Apr/2016:14:24:44 +0800] "GET /content/nav/relationSubject.jsp?relationWords=%E4%B8%BB%E5%A7%94+%E5%85%AC%E7%87%9F%E4%BA%8B%E6%A5%AD+%E5%8F%83%E8%AD%B0%E5%93%A1+%E6%9D%8E%E5%8F%8B%E4%B8%89+%E6%9E%97%E4%B8%96%E5%8D%97+%E6%B4%AA%E7%81%AB%E7%85%89+%E7%9C%81%E5%8F%83%E8%AD%B0%E5%93%A1+%E9%BB%83%E8%81%AF%E7%99%BB+&oid=1515819 HTTP/1.1" 200 4444
66.249.71.60 - - [14/Apr/2016:14:25:24 +0800] "GET /content/repository/resource_content.jsp?oid=1536653 HTTP/1.1" 200 28655
39.9.207.194 - - [14/Apr/2016:14:26:13 +0800] "GET /content/repository/resource_content.jsp?oid=1773125&queryString=%E7%A5%9E%E8%A9%B1%E5%82%B3%E8%AA%AA HTTP/1.1" 200 32706
39.9.207.194 - - [14/Apr/2016:14:26:16 +0800] "GET /content/nav/relationSubject.jsp?relationWords=%E7%A5%9E%E8%A9%B1%E5%82%B3%E8%AA%AA+%E9%A6%AC%E8%98%AD%E7%A4%BE+&oid=1773125 HTTP/1.1" 200 3122
66.249.71.60 - - [14/Apr/2016:14:26:24 +0800] "GET /content/repository/resource_content.jsp?oid=206803 HTTP/1.1" 200 30570
107.167.98.20 - - [14/Apr/2016:14:26:26 +0800] "GET /digiarch3/content/repository/resource_content.jsp?oid=4362296&queryType=qs&queryString=%E9%BB%91%E4%BB%A4%E6%97%97 HTTP/1.1" 200 28201
107.167.98.20 - - [14/Apr/2016:14:26:29 +0800] "GET /digiarch3/content/nav/relationSubject.jsp?relationWords=%E9%BB%91%E4%BB%A4%E6%97%97+&oid=4362296 HTTP/1.1" 200 1890
107.167.98.20 - - [14/Apr/2016:14:26:29 +0800] "GET /digiarch3/content/nav/relationSubject.jsp?relationWords=%E9%BB%91%E4%BB%A4%E6%97%97+&oid=4362296 HTTP/1.1" 200 1890
123.125.71.109 - - [14/Apr/2016:14:26:40 +0800] "GET /content/repository/resource_content.jsp?oid=2517686 HTTP/1.1" 200 29775
66.249.71.60 - - [14/Apr/2016:14:27:26 +0800] "GET /content/repository/resource_content.jsp?oid=223716 HTTP/1.1" 200 30190
163.21.129.101 - - [14/Apr/2016:14:27:53 +0800] "GET /content/nav/relationSubject.jsp?relationWords=%E6%9C%A8%E7%8A%80+%E6%A1%82%E8%8A%B1+&oid=16777255 HTTP/1.1" 200 4029
49.217.80.225 - - [14/Apr/2016:14:28:03 +0800] "GET /content/repository/resource_content.jsp?oid=1462238&queryString=%E5%9C%9F%E5%AF%86%E6%A8%B9%20%E5%9C%9F%E5%AF%86%E6%A8%B9%E5%B1%AC%20%E5%A4%A7%E6%88%9F%20%E5%A4%A7%E6%88%9F%E7%A7%91%20%E6%A4%8D%E7%89%A9%E7%95%8C HTTP/1.1" 200 31448
49.217.80.225 - - [14/Apr/2016:14:28:05 +0800] "GET /content/nav/relationSubject.jsp?relationWords=%E5%9C%9F%E5%AF%86%E6%A8%B9+%E5%9C%9F%E5%AF%86%E6%A8%B9%E5%B1%AC+%E5%A4%A7%E6%88%9F+%E5%A4%A7%E6%88%9F%E7%A7%91+%E6%A4%8D%E7%89%A9%E7%95%8C+&oid=1462238 HTTP/1.1" 200 3364
66.249.71.121 - - [14/Apr/2016:14:28:06 +0800] "GET /content/nav/relationSubject.jsp?relationWords=&oid=4411620 HTTP/1.1" 200 1405
66.249.71.60 - - [14/Apr/2016:14:28:12 +0800] "GET /content/nav/relationSubject.jsp?relationWords=%E4%BE%8D%E6%87%89%E7%94%9F+%E5%81%A5%E5%BA%B7%E6%AA%A2%E6%9F%A5+%E5%90%8C%E6%A5%AD%E5%85%AC%E6%9C%83+%E5%B7%A5%E6%9C%83+%E5%BC%B5%E7%82%8E%E6%B8%85+%E6%9E%97%E7%A7%80%E7%90%B4+%E7%9C%81%E6%94%BF%E5%BA%9C+%E8%87%A8%E6%99%82%E7%9C%81%E8%AD%B0%E6%9C%83+%E8%87%BA%E7%81%A3%E7%9C%81+&oid=1526327 HTTP/1.1" 200 4902
66.249.79.200 - - [14/Apr/2016:14:28:15 +0800] "GET /content/nav/relationSubject.jsp?relationWords=%E4%BE%8D%E6%87%89%E7%94%9F%20%E5%81%A5%E5%BA%B7%E6%AA%A2%E6%9F%A5%20%E5%90%8C%E6%A5%AD%E5%85%AC%E6%9C%83%20%E5%B7%A5%E6%9C%83%20%E5%BC%B5%E7%82%8E%E6%B8%85%20%E6%9E%97%E7%A7%80%E7%90%B4%20%E7%9C%81%E6%94%BF%E5%BA%9C%20%E8%87%A8%E6%99%82%E7%9C%81%E8%AD%B0%E6%9C%83%20%E8%87%BA%E7%81%A3%E7%9C%81%20&oid=1526327 HTTP/1.1" 200 4902
66.249.71.60 - - [14/Apr/2016:14:28:27 +0800] "GET /content/repository/resource_content.jsp?oid=1847726 HTTP/1.1" 200 29647
66.249.71.60 - - [14/Apr/2016:14:28:27 +0800] "GET /content/nav/relationSubject.jsp?relationWords=%E9%A6%AC%E9%A7%9D+&oid=2662103 HTTP/1.1" 200 3054
66.249.77.91 - - [14/Apr/2016:14:29:28 +0800] "GET /content/repository/resource_content.jsp?oid=4450654&queryString=%E9%AB%98%E7%A0%82%E6%97%8F HTTP/1.1" 200 30169
114.34.6.39 - - [14/Apr/2016:14:29:41 +0800] "GET /content/nav/relationSubject.jsp?relationWords=%E7%83%8F%E5%BF%83%E7%9F%B3+%E9%B1%B8%E9%B0%BB+&oid=16777303 HTTP/1.1" 200 4004
66.249.71.60 - - [14/Apr/2016:14:29:58 +0800] "GET /content/repository/resource_content.jsp?oid=1110717&queryString=%E5%85%A8%E7%B7%A3%E6%8B%AC%E6%A8%93%20%E6%8B%AC%E6%A8%93%E5%B1%AC%20%E6%A4%8D%E7%89%A9%E7%95%8C%20%E8%8F%AB%E8%8F%9C%20%E8%91%AB%E8%98%86%E7%A7%91 HTTP/1.1" 200 31782
66.249.71.60 - - [14/Apr/2016:14:30:29 +0800] "GET /content/repository/resource_content.jsp?oid=2674571 HTTP/1.1" 200 29787
66.249.71.60 - - [14/Apr/2016:14:30:55 +0800] "GET /content/nav/relationSubject.jsp?relationWords=%E6%A4%8D%E7%89%A9%E7%95%8C+%E6%A6%95%E5%B1%AC+%E9%B5%9D%E9%91%BE%E9%BC%BB%E8%94%93%E6%A6%95+&oid=3823700 HTTP/1.1" 200 3381
66.249.71.60 - - [14/Apr/2016:14:31:30 +0800] "GET /content/repository/resource_content.jsp?oid=2551368 HTTP/1.1" 200 28989
66.249.71.60 - - [14/Apr/2016:14:32:31 +0800] "GET /content/repository/resource_content.jsp?oid=2661554 HTTP/1.1" 200 29838
173.252.88.149 - - [14/Apr/2016:14:32:32 +0800] "GET /content/subject/resource_content.jsp?oid=16777692 HTTP/1.1" 200 36451
66.249.71.60 - - [14/Apr/2016:14:33:32 +0800] "GET /content/repository/resource_content.jsp?oid=1566352&queryString=%E6%96%87%E5%8C%96%E4%B8%AD%E5%BF%83%20%E6%B3%95%E9%99%A2%20%E7%A4%BE%E6%9C%83%E5%AD%B8%20%E7%AB%8B%E6%B3%95%E9%99%A2 HTTP/1.1" 200 30833
66.249.71.60 - - [14/Apr/2016:14:34:33 +0800] "GET /content/repository/resource_content.jsp?oid=2601757 HTTP/1.1" 200 29319
66.249.73.187 - - [14/Apr/2016:14:34:36 +0800] "GET /content/nav/relationSubject.jsp?relationWords=&oid=2580907 HTTP/1.1" 200 1405
66.249.71.121 - - [14/Apr/2016:14:34:59 +0800] "GET /content/nav/relationSubject.jsp?relationWords=%E5%B7%A1%E6%92%AB+%E6%98%A5%E8%8A%B1+&oid=2511743 HTTP/1.1" 200 3119
66.249.71.5 - - [14/Apr/2016:14:35:14 +0800] "GET /digiarch3/content/nav/relationSubject.jsp?relationWords=%E7%9C%8B%E8%AD%B7%E5%A9%A6+%E8%AD%B7%E5%A3%AB+&oid=16777604 HTTP/1.1" 200 4045
66.249.71.200 - - [14/Apr/2016:14:35:28 +0800] "GET /content/nav/relationSubject.jsp?relationWords=%E7%94%9F%E8%95%83+&oid=4445492 HTTP/1.1" 200 3181
66.249.71.60 - - [14/Apr/2016:14:35:34 +0800] "GET /content/repository/resource_content.jsp?oid=1839510 HTTP/1.1" 200 28876
59.172.176.92 - - [14/Apr/2016:14:35:39 +0800] "GET /content/subject/resource_content.jsp?oid=16777733&queryString=%E6%BC%A2%E4%BB%A3%20%E6%BC%A2%E7%B0%A1%20%E7%95%AA%E7%A4%BE%20%E7%95%AA%E7%A4%BE%E9%87%87%E9%A2%A8%E5%9C%96%20%E7%B0%A1%E7%89%98%20%E9%87%87%E9%A2%A8%E5%9C%96 HTTP/1.1" 200 33467
59.172.176.92 - - [14/Apr/2016:14:35:42 +0800] "GET /content/nav/relationSubject.jsp?relationWords=%E6%96%87%E7%89%A9%E9%99%B3%E5%88%97%E9%A4%A8+%E6%BC%A2%E4%BB%A3+%E6%BC%A2%E7%B0%A1+%E7%AF%86%E6%9B%B8+%E8%8D%89%E6%9B%B8+%E9%9A%B8%E6%9B%B8+&oid=16777733 HTTP/1.1" 200 5075
66.249.71.60 - - [14/Apr/2016:14:35:49 +0800] "GET /content/nav/relationSubject.jsp?relationWords=%E5%85%AC%E6%95%99%E4%BA%BA%E5%93%A1+%E5%85%AC%E8%B7%AF%E5%B1%80+%E5%AE%A2%E9%81%8B+%E6%9F%B4%E6%B2%B9+%E7%9B%B2%E4%BA%BA+%E8%BB%8A%E7%A6%8D+%E8%BB%8D%E5%85%AC%E6%95%99+&oid=1552769 HTTP/1.1" 200 4673
66.249.71.60 - - [14/Apr/2016:14:36:31 +0800] "GET /content/nav/relationSubject.jsp?relationWords=%E9%81%93%E5%82%B3+&oid=2615132 HTTP/1.1" 200 3239
66.249.71.60 - - [14/Apr/2016:14:36:35 +0800] "GET /content/repository/resource_content.jsp?oid=2555953 HTTP/1.1" 200 28893
123.125.67.215 - - [14/Apr/2016:14:36:40 +0800] "GET /content/subject/resource_content.jsp?oid=16777553 HTTP/1.1" 200 28691
66.249.71.60 - - [14/Apr/2016:14:36:54 +0800] "GET /content/nav/relationSubject.jsp?relationWords=%E6%A4%8D%E7%89%A9%E7%95%8C+%E6%B0%B4%E9%BE%8D%E9%AA%A8+%E6%B7%B1%E5%B1%B1%E7%B2%89%E8%83%8C%E8%95%A8+%E7%B2%89%E8%83%8C%E8%95%A8%E5%B1%AC+%E8%95%A8%E9%A1%9E%E6%A4%8D%E7%89%A9+%E9%B3%B3%E5%B0%BE%E8%95%A8%E7%A7%91+&oid=3811333 HTTP/1.1" 200 3512
136.243.9.138 - - [14/Apr/2016:14:37:01 +0800] "GET /content/subject/resource_content.jsp?oid=16777740 HTTP/1.1" 200 41298
203.64.72.117 - - [14/Apr/2016:14:37:26 +0800] "GET /content/nav/relationSubject.jsp?relationWords=%E6%BC%94%E8%AE%8A+%E7%A6%AE%E6%9C%8D+&oid=16777619 HTTP/1.1" 200 3545
173.252.88.152 - - [14/Apr/2016:14:37:26 +0800] "GET /content/repository/resource_content.jsp?oid=4351709&queryString=%E7%83%8F%E5%BF%83%E7%9F%B3+%E9%B1%B8%E9%B0%BB HTTP/1.1" 200 35421
66.249.71.60 - - [14/Apr/2016:14:37:36 +0800] "GET /content/repository/resource_content.jsp?oid=1880744 HTTP/1.1" 200 28948
163.20.151.178 - - [14/Apr/2016:14:37:36 +0800] "GET /content/subject/resource_content.jsp?oid=16777706 HTTP/1.1" 200 53849
163.20.151.178 - - [14/Apr/2016:14:37:37 +0800] "GET /content/nav/relationSubject.jsp?relationWords=%E5%A0%A1%E5%9C%96+&oid=16777706 HTTP/1.1" 200 2864
66.249.71.60 - - [14/Apr/2016:14:38:35 +0800] "GET /content/nav/relationSubject.jsp?relationWords=%E9%B9%BD%E8%AA%B2+&oid=2674619 HTTP/1.1" 200 4430
66.249.71.60 - - [14/Apr/2016:14:38:37 +0800] "GET /content/subject/resource_content.jsp?oid=16797290&queryType=qc HTTP/1.1" 200 48346
66.249.71.60 - - [14/Apr/2016:14:38:45 +0800] "GET /content/nav/relationSubject.jsp?relationWords=%E4%BA%BA%E5%A3%BD%E4%BF%9D%E9%9A%AA+%E4%BF%9D%E9%9A%AA+%E4%BF%9D%E9%9A%AA%E9%87%91+%E5%B7%A5%E5%8F%8B+%E6%B4%AA%E6%9C%9D+%E7%9C%81%E8%AD%B0%E6%9C%83+%E8%82%A1%E4%BB%BD%E6%9C%89%E9%99%90%E5%85%AC%E5%8F%B8+%E8%87%BA%E7%81%A3%E4%BA%BA%E5%A3%BD+%E8%87%BA%E7%81%A3%E7%9C%81+%E8%87%BA%E7%81%A3%E7%9C%81%E8%AD%B0%E6%9C%83+&oid=1530941 HTTP/1.1" 200 5705
66.249.71.60 - - [14/Apr/2016:14:38:47 +0800] "GET /content/nav/relationSubject.jsp?relationWords=%E4%BA%BA%E5%A3%BD%E4%BF%9D%E9%9A%AA%20%E4%BF%9D%E9%9A%AA%20%E4%BF%9D%E9%9A%AA%E9%87%91%20%E5%B7%A5%E5%8F%8B%20%E6%B4%AA%E6%9C%9D%20%E7%9C%81%E8%AD%B0%E6%9C%83%20%E8%82%A1%E4%BB%BD%E6%9C%89%E9%99%90%E5%85%AC%E5%8F%B8%20%E8%87%BA%E7%81%A3%E4%BA%BA%E5%A3%BD%20%E8%87%BA%E7%81%A3%E7%9C%81%20%E8%87%BA%E7%81%A3%E7%9C%81%E8%AD%B0%E6%9C%83%20&oid=1530941 HTTP/1.1" 200 5705
210.241.78.188 - - [14/Apr/2016:14:39:34 +0800] "GET /content/repository/resource_content.jsp?oid=1105280&queryString=%E5%B1%B1%E8%8C%B6%E8%8A%B1%20%E6%9B%BC%E9%99%80%E7%BE%85%20%E6%9B%BC%E9%99%80%E7%BE%85%E8%8A%B1%20%E8%8C%B6%E8%8A%B1 HTTP/1.1" 200 31410
210.241.78.188 - - [14/Apr/2016:14:39:35 +0800] "GET /content/nav/relationSubject.jsp?relationWords=%E5%A4%BE%E7%AB%B9%E6%A1%83%E7%A7%91+%E5%B1%B1%E9%A6%AC%E8%8C%B6+%E6%A4%8D%E7%89%A9%E7%95%8C+%E9%A6%AC%E8%8C%B6%E8%8A%B1+%E9%A6%AC%E8%B9%84%E8%8A%B1+%E9%A6%AC%E8%B9%84%E8%8A%B1%E5%B1%AC+%E9%BE%8D%E8%86%BD+&oid=1105280 HTTP/1.1" 200 3677
66.249.71.60 - - [14/Apr/2016:14:39:38 +0800] "GET /content/repository/resource_content.jsp?oid=2519050 HTTP/1.1" 200 30398
163.21.129.101 - - [14/Apr/2016:14:39:40 +0800] "GET /content/nav/relationSubject.jsp?relationWords=%E6%9C%A8%E7%8A%80+%E6%A1%82%E8%8A%B1+&oid=16777255 HTTP/1.1" 200 4029
66.249.71.60 - - [14/Apr/2016:14:39:47 +0800] "GET /content/repository/resource_content.jsp?oid=1531239 HTTP/1.1" 200 29034
61.230.242.74 - - [14/Apr/2016:14:40:03 +0800] "GET /content/nav/relationSubject.jsp?relationWords=&oid=16777328 HTTP/1.1" 200 1405
66.249.71.60 - - [14/Apr/2016:14:40:18 +0800] "GET /content/nav/relationSubject.jsp?relationWords=%E5%85%94%E5%B0%BE%E8%8D%89%E5%B1%AC+%E5%A4%A7%E8%91%89%E5%85%94%E5%B0%BE%E8%8D%89+%E6%A4%8D%E7%89%A9%E7%95%8C+%E8%A0%B6%E8%B1%86+%E9%9B%99%E5%AD%90%E8%91%89%E6%A4%8D%E7%89%A9+&oid=2149510 HTTP/1.1" 200 3474
66.249.79.200 - - [14/Apr/2016:14:40:39 +0800] "GET /content/repository/resource_content.jsp?oid=1821044 HTTP/1.1" 200 28674
66.249.71.60 - - [14/Apr/2016:14:41:18 +0800] "GET /content/nav/relationSubject.jsp?relationWords=%E4%BA%8C%E4%BA%8C%E5%85%AB%E4%BA%8B%E4%BB%B6+%E5%8F%83%E8%AD%B0%E6%9C%83+%E8%AD%A6%E5%82%99%E5%8F%B8%E4%BB%A4%E9%83%A8+%E9%80%A3%E9%9C%87%E6%9D%B1+%E9%83%AD%E8%B3%9C%E6%A6%AE+&oid=1516100 HTTP/1.1" 200 4674
36.233.176.159 - - [14/Apr/2016:14:41:30 +0800] "GET /content/nav/relationSubject.jsp?relationWords=%E6%9C%A8%E7%8A%80+%E6%A1%82%E8%8A%B1+&oid=16777255 HTTP/1.1" 200 4029
207.46.13.174 - - [14/Apr/2016:14:41:38 +0800] "GET /content/repository/resource_content.jsp?oid=1599051 HTTP/1.1" 200 28589
66.249.77.85 - - [14/Apr/2016:14:41:40 +0800] "GET /content/repository/resource_content.jsp?oid=4363091&queryString=%E5%B1%B1%E7%A5%9E HTTP/1.1" 200 30253
66.249.71.60 - - [14/Apr/2016:14:42:21 +0800] "GET /content/nav/relationSubject.jsp?relationWords=%E9%99%B8%E6%B8%AC%E5%9C%96+%E9%AB%98%E6%98%8E%E7%B8%A3+&oid=217940 HTTP/1.1" 200 3134
66.249.71.60 - - [14/Apr/2016:14:42:31 +0800] "GET /content/nav/relationSubject.jsp?relationWords=&oid=2569568 HTTP/1.1" 200 1405
66.249.77.85 - - [14/Apr/2016:14:42:41 +0800] "GET /content/repository/resource_content.jsp?oid=186951&queryString=%E7%B0%AB%E5%B1%B1 HTTP/1.1" 200 30587
68.180.230.90 - - [14/Apr/2016:14:43:06 +0800] "GET /content/repository/resource_content.jsp?oid=523997&queryType=qc HTTP/1.1" 200 35758
163.27.106.129 - - [14/Apr/2016:14:43:32 +0800] "GET /content/nav/relationSubject.jsp?relationWords=%E5%B1%B1%E6%AB%BB%E8%8A%B1+&oid=16777304 HTTP/1.1" 200 4452
66.249.71.60 - - [14/Apr/2016:14:43:36 +0800] "GET /content/nav/relationSubject.jsp?relationWords=%E5%B0%8F%E8%91%89%E7%91%9E%E6%9C%A8+%E6%A4%8D%E7%89%A9%E7%95%8C+%E8%A0%9F%E7%93%A3%E8%8A%B1%E5%B1%AC+%E9%87%91%E7%B8%B7%E6%A2%85+%E9%87%91%E7%B8%B7%E6%A2%85%E7%A7%91+&oid=2149261 HTTP/1.1" 200 3435
66.249.71.60 - - [14/Apr/2016:14:43:37 +0800] "GET /content/nav/relationSubject.jsp?relationWords=%E5%B0%8F%E8%91%89%E7%91%9E%E6%9C%A8%20%E6%A4%8D%E7%89%A9%E7%95%8C%20%E8%A0%9F%E7%93%A3%E8%8A%B1%E5%B1%AC%20%E9%87%91%E7%B8%B7%E6%A2%85%20%E9%87%91%E7%B8%B7%E6%A2%85%E7%A7%91%20&oid=2149261 HTTP/1.1" 200 3435
66.249.79.200 - - [14/Apr/2016:14:43:42 +0800] "GET /content/repository/resource_content.jsp?oid=2549527 HTTP/1.1" 200 29419
203.64.72.117 - - [14/Apr/2016:14:43:49 +0800] "GET /content/nav/relationSubject.jsp?relationWords=%E6%BC%94%E8%AE%8A+%E7%A6%AE%E6%9C%8D+&oid=16777619 HTTP/1.1" 200 3545
36.224.66.113 - - [14/Apr/2016:14:43:58 +0800] "GET /content/repository/resource_content.jsp?oid=1110860 HTTP/1.1" 200 31704
36.224.66.113 - - [14/Apr/2016:14:44:00 +0800] "GET /content/nav/relationSubject.jsp?relationWords=%E5%94%87%E5%BD%A2%E7%A7%91+%E6%A4%8D%E7%89%A9%E7%95%8C+%E7%99%BD%E8%8A%B1%E8%8D%89+%E7%99%BD%E8%8A%B1%E8%8D%89%E5%B1%AC+%E8%96%84%E8%8D%B7+%E9%9B%99%E5%AD%90%E8%91%89%E6%A4%8D%E7%89%A9+&oid=1110860 HTTP/1.1" 200 3479
173.252.88.154 - - [14/Apr/2016:14:44:01 +0800] "GET /content/subject/resource_content.jsp?oid=16777443 HTTP/1.1" 200 40047
66.249.71.60 - - [14/Apr/2016:14:44:43 +0800] "GET /content/repository/resource_content.jsp?oid=2513879 HTTP/1.1" 200 30082
66.249.71.60 - - [14/Apr/2016:14:44:54 +0800] "GET /content/nav/relationSubject.jsp?relationWords=%E5%A4%A9%E5%90%8D%E7%B2%BE%E5%B1%AC+%E6%A4%8D%E7%89%A9%E7%95%8C+%E7%85%99%E7%AE%A1%E8%8D%89+%E8%8F%8A%E7%A7%91+%E9%9B%99%E5%AD%90%E8%91%89%E6%A4%8D%E7%89%A9+&oid=1097631 HTTP/1.1" 200 3408
40.77.167.77 - - [14/Apr/2016:14:45:35 +0800] "GET /content/nav/relationSubject.jsp?relationWords=%E8%8C%84%E8%8B%B3+&oid=16777306 HTTP/1.1" 200 4432
66.249.79.200 - - [14/Apr/2016:14:45:36 +0800] "GET /content/subject/resource_content.jsp?oid=16777785&queryType=qc HTTP/1.1" 200 49917
66.249.71.105 - - [14/Apr/2016:14:45:44 +0800] "GET /content/repository/resource_content.jsp?oid=4511938&queryType=qs&queryString=%E5%B1%B1%E5%B7%A6 HTTP/1.1" 200 28858
66.249.79.200 - - [14/Apr/2016:14:46:20 +0800] "GET /content/subject/resource_content.jsp?oid=16777653&queryType=qs&queryString=%E4%BF%AE%E8%BA%AB%E6%9B%B8 HTTP/1.1" 200 57783
66.249.71.121 - - [14/Apr/2016:14:46:45 +0800] "GET /content/repository/resource_content.jsp?oid=2678892&queryType=qs&queryString=%E8%B3%93%E5%B7%9E HTTP/1.1" 200 30528
66.249.71.60 - - [14/Apr/2016:14:47:46 +0800] "GET /content/repository/resource_content.jsp?oid=2632318 HTTP/1.1" 200 29376
66.249.77.91 - - [14/Apr/2016:14:48:13 +0800] "GET /content/nav/relationSubject.jsp?relationWords=%E5%8F%B0%E7%81%A3%E9%AD%9A%E9%A1%9E+%E6%B5%B7%E9%AE%AE+%E7%92%B0%E4%BF%9D+%E7%94%9F%E7%89%A9%E5%A4%9A%E6%A8%A3%E6%80%A7+%E9%8C%A2%E9%B0%BB+&oid=16777746 HTTP/1.1" 200 7222
118.163.188.109 - - [14/Apr/2016:14:48:26 +0800] "GET /content/nav/relationSubject.jsp?relationWords=&oid=16777328 HTTP/1.1" 200 1405
220.132.207.124 - - [14/Apr/2016:14:48:35 +0800] "GET /digiarch3/content/repository/resource_content.jsp?oid=1098434&queryString=%E6%A1%94%E6%A2%97%20%E6%A1%94%E6%A2%97%E7%A7%91%20%E6%A4%8D%E7%89%A9%E7%95%8C%20%E6%B2%99%E5%8F%83%E5%B1%AC%20%E9%AB%98%E5%B1%B1%E6%B2%99%E5%8F%83 HTTP/1.1" 200 31371
220.132.207.124 - - [14/Apr/2016:14:48:37 +0800] "GET /digiarch3/content/nav/relationSubject.jsp?relationWords=%E5%B1%B1%E6%A1%94%E6%A2%97+%E5%B1%B1%E6%A1%94%E6%A2%97%E5%B1%AC+%E6%A1%94%E6%A2%97+%E6%A1%94%E6%A2%97%E7%A7%91+%E6%A4%8D%E7%89%A9%E7%95%8C+&oid=1098434 HTTP/1.1" 200 3402
66.249.79.59 - - [14/Apr/2016:14:48:48 +0800] "GET /content/repository/resource_content.jsp?oid=2643068&queryType=qs&queryString=%E6%9D%BE%E7%A6%8F HTTP/1.1" 200 30186
114.33.17.244 - - [14/Apr/2016:14:49:29 +0800] "GET /content/nav/relationSubject.jsp?relationWords=%E7%9B%B8%E6%80%9D%E6%A8%B9+&oid=16777519 HTTP/1.1" 200 3659
66.249.71.5 - - [14/Apr/2016:14:49:37 +0800] "GET /digiarch3/content/subject/resource_content.jsp?oid=16777589&queryString=%E6%85%B6%E7%A5%9D%E6%AF%8D%E8%A6%AA%E7%AF%80%20%E6%AF%8D%E8%A6%AA%E7%AF%80%20%E6%B5%81%E8%BD%89%E5%B9%B4%E8%8F%AF HTTP/1.1" 200 28424
66.249.71.64 - - [14/Apr/2016:14:49:43 +0800] "GET /content/nav/relationSubject.jsp?relationWords=%E5%AD%B8%E6%94%BF+%E6%95%95%E6%9B%B8+&oid=2670554 HTTP/1.1" 200 3113
210.61.177.36 - - [14/Apr/2016:14:49:48 +0800] "GET /content/nav/relationSubject.jsp?relationWords=%E9%98%BF%E5%8B%83%E5%8B%92+&oid=16777368 HTTP/1.1" 200 2917
66.249.79.214 - - [14/Apr/2016:14:49:48 +0800] "GET /content/repository/resource_content.jsp?oid=1174242 HTTP/1.1" 200 29106
66.249.71.64 - - [14/Apr/2016:14:50:14 +0800] "GET /content/nav/relationSubject.jsp?relationWords=%E5%8F%A4%E5%8C%97%E5%8F%A3+%E5%9D%90%E5%90%8D%E6%95%95%E6%9B%B8+%E6%8F%90%E7%9D%A3+&oid=2615203 HTTP/1.1" 200 4108
66.249.71.105 - - [14/Apr/2016:14:50:17 +0800] "GET /content/nav/relationSubject.jsp?relationWords=%E7%8E%8B%E5%85%81+&oid=2676224 HTTP/1.1" 200 3093
66.249.71.113 - - [14/Apr/2016:14:50:22 +0800] "GET /content/nav/relationSubject.jsp?relationWords=%E4%BE%8D%E9%83%8E+%E5%80%89%E5%A0%B4+%E5%80%89%E5%A0%B4%E4%BE%8D%E9%83%8E+%E5%90%8F%E9%83%A8+&oid=2661620 HTTP/1.1" 200 3236
66.249.71.113 - - [14/Apr/2016:14:50:24 +0800] "GET /content/nav/relationSubject.jsp?relationWords=%E4%BE%8D%E9%83%8E%20%E5%80%89%E5%A0%B4%20%E5%80%89%E5%A0%B4%E4%BE%8D%E9%83%8E%20%E5%90%8F%E9%83%A8%20&oid=2661620 HTTP/1.1" 200 3236
66.249.71.60 - - [14/Apr/2016:14:50:49 +0800] "GET /content/repository/resource_content.jsp?oid=1870472 HTTP/1.1" 200 29990
42.77.19.149 - - [14/Apr/2016:14:50:58 +0800] "GET /content/nav/relationSubject.jsp?relationWords=%E9%BB%91%E6%9D%BF%E6%A8%B9+&oid=16777262 HTTP/1.1" 200 3253
66.249.71.60 - - [14/Apr/2016:14:51:01 +0800] "GET /content/nav/relationSubject.jsp?relationWords=%E9%B6%B4%E9%B1%B5+%E9%B6%B4%E9%B1%B5%E7%A7%91+&oid=25281 HTTP/1.1" 200 3434
66.249.71.14 - - [14/Apr/2016:14:51:50 +0800] "GET /digiarch3/content/subject/resource_content.jsp?oid=16777396&queryType=qs&queryString=%E7%94%B0%E9%87%8E%E8%AA%BF%E6%9F%A5 HTTP/1.1" 200 34828
66.249.71.60 - - [14/Apr/2016:14:51:59 +0800] "GET /content/nav/relationSubject.jsp?relationWords=%E6%B3%B0%E9%9B%85%E6%97%8F+%E9%AD%9A%E7%B0%8D+&oid=1780107 HTTP/1.1" 200 3728
66.249.71.60 - - [14/Apr/2016:14:52:05 +0800] "GET /content/nav/relationSubject.jsp?relationWords=%E6%B3%B0%E9%9B%85%E6%97%8F%20%E9%AD%9A%E7%B0%8D%20&oid=1780107 HTTP/1.1" 200 3728
40.77.167.77 - - [14/Apr/2016:14:52:22 +0800] "GET /content/repository/resource_content.jsp?oid=3823697&queryString=API%20%E6%A4%8D%E7%89%A9%E7%95%8C%20%E7%84%A1%E6%82%A3%E5%AD%90%20%E7%84%A1%E6%82%A3%E5%AD%90%E7%A7%91 HTTP/1.1" 200 31295
8.37.70.143 - - [14/Apr/2016:14:52:49 +0800] "GET /content/subject/resource_content.jsp?oid=16777736 HTTP/1.1" 200 43166
66.249.79.200 - - [14/Apr/2016:14:52:52 +0800] "GET /content/repository/resource_content.jsp?oid=2672709 HTTP/1.1" 200 29635
66.249.77.97 - - [14/Apr/2016:14:52:53 +0800] "GET /content/repository/resource_content.jsp?oid=16353&queryString=%E9%87%91%E6%A7%8D%20%E9%95%B7%E9%B0%AD%E9%AE%AA%20%E9%AF%96%E7%A7%91 HTTP/1.1" 200 35432
66.249.71.60 - - [14/Apr/2016:14:53:47 +0800] "GET /content/nav/relationSubject.jsp?relationWords=%E5%90%8F%E9%83%A8+%E6%8A%95%E8%AA%A0+&oid=2569390 HTTP/1.1" 200 4021
66.249.71.113 - - [14/Apr/2016:14:53:52 +0800] "GET /content/repository/resource_content.jsp?oid=4358866&queryType=qs&queryString=%E5%A4%AA%E9%BA%BB%E8%A3%A1 HTTP/1.1" 200 28361
66.249.71.5 - - [14/Apr/2016:14:54:32 +0800] "GET /content/nav/relationSubject.jsp?relationWords=%E5%B7%A6%E9%8C%90%E8%9E%BA+%E5%B7%A6%E9%8C%90%E8%9E%BA%E7%A7%91+%E7%8F%A0%E8%9E%BA+%E8%85%B9%E8%B6%B3%E7%B6%B1+%E9%8C%90%E8%9E%BA+%E9%9B%99%E7%8F%A0%E8%9E%BA+%E9%9B%99%E7%8F%A0%E8%9E%BA%E5%B1%AC+&oid=3808597 HTTP/1.1" 200 3707
66.249.71.5 - - [14/Apr/2016:14:54:34 +0800] "GET /content/nav/relationSubject.jsp?relationWords=%E5%B7%A6%E9%8C%90%E8%9E%BA%20%E5%B7%A6%E9%8C%90%E8%9E%BA%E7%A7%91%20%E7%8F%A0%E8%9E%BA%20%E8%85%B9%E8%B6%B3%E7%B6%B1%20%E9%8C%90%E8%9E%BA%20%E9%9B%99%E7%8F%A0%E8%9E%BA%20%E9%9B%99%E7%8F%A0%E8%9E%BA%E5%B1%AC%20&oid=3808597 HTTP/1.1" 200 3707
101.15.176.244 - - [14/Apr/2016:14:54:37 +0800] "GET /content/nav/relationSubject.jsp?relationWords=%E5%BE%B5%E5%85%B5+%E8%98%87%E8%8A%B1+&oid=16777359 HTTP/1.1" 200 3629
66.249.77.91 - - [14/Apr/2016:14:54:53 +0800] "GET /content/subject/resource_content.jsp?oid=16777822&queryType=qc HTTP/1.1" 200 45445
42.73.57.70 - - [14/Apr/2016:14:55:27 +0800] "GET /content/nav/relationSubject.jsp?relationWords=%E7%A9%97%E8%8A%B1%E5%B1%B1%E5%A5%88+%E9%87%8E%E8%96%91%E8%8A%B1+&oid=16777263 HTTP/1.1" 200 3284
42.73.57.70 - - [14/Apr/2016:14:55:34 +0800] "GET /content/repository/resource_content.jsp?oid=3811123&queryString=%E7%A9%97%E8%8A%B1%E5%B1%B1%E5%A5%88%20%E9%87%8E%E8%96%91%E8%8A%B1 HTTP/1.1" 200 30957
42.73.57.70 - - [14/Apr/2016:14:55:35 +0800] "GET /content/nav/relationSubject.jsp?relationWords=%E6%A4%8D%E7%89%A9%E7%95%8C+%E7%A9%97%E8%8A%B1%E5%B1%B1%E5%A5%88+%E8%96%91%E5%B1%AC+%E8%96%91%E7%A7%91+%E9%87%8E%E8%96%91%E8%8A%B1+&oid=3811123 HTTP/1.1" 200 4214
66.249.71.72 - - [14/Apr/2016:14:55:54 +0800] "GET /content/repository/resource_content.jsp?oid=1814474 HTTP/1.1" 200 28676
66.249.79.251 - - [14/Apr/2016:14:56:09 +0800] "GET /content/repository/resource_content.jsp?oid=2688796&queryString=%E7%9A%87%E5%A4%AA%E5%90%8E%20%E8%A1%8C%E7%A6%AE%E4%BA%8B HTTP/1.1" 200 30932
66.249.71.64 - - [14/Apr/2016:14:56:44 +0800] "GET /content/nav/relationSubject.jsp?relationWords=%E5%88%91%E9%83%A8+&oid=2515973 HTTP/1.1" 200 3095
66.249.71.64 - - [14/Apr/2016:14:56:55 +0800] "GET /content/repository/resource_content.jsp?oid=2657940 HTTP/1.1" 200 29974
66.249.71.105 - - [14/Apr/2016:14:57:32 +0800] "GET /content/nav/relationSubject.jsp?relationWords=%E5%B7%A1%E6%92%AB%20&oid=2548319 HTTP/1.1" 200 3084
61.221.208.85 - - [14/Apr/2016:14:57:57 +0800] "GET /content/nav/relationSubject.jsp?relationWords=&oid=16777328 HTTP/1.1" 200 1405
66.249.71.105 - - [14/Apr/2016:14:57:58 +0800] "GET /content/nav/relationSubject.jsp?relationWords=&oid=2563563 HTTP/1.1" 200 1405
66.249.77.97 - - [14/Apr/2016:14:58:47 +0800] "GET /content/nav/relationSubject.jsp?relationWords=%E5%B9%B3%E9%B0%AD%E9%B0%8D%E7%A7%91+%E6%B2%88%E6%B0%8F+%E7%88%AC%E5%B2%A9%E9%B0%8D+%E7%9F%B3%E8%B2%BC%E4%BB%94+&oid=16777387 HTTP/1.1" 200 4037
66.249.77.97 - - [14/Apr/2016:14:58:56 +0800] "GET /content/nav/relationSubject.jsp?relationWords=%E6%B8%85%E4%BB%A3%E7%A7%91%E8%88%89+%E7%A7%91%E8%88%89+%E9%AD%9A%E8%BA%8D+&oid=16777536 HTTP/1.1" 200 4901
66.249.71.64 - - [14/Apr/2016:14:58:58 +0800] "GET /content/repository/resource_content.jsp?oid=2566528 HTTP/1.1" 200 28996
66.249.71.64 - - [14/Apr/2016:14:59:14 +0800] "GET /content/nav/relationSubject.jsp?relationWords=%E5%8D%91%E5%8D%97%E9%84%89+%E6%94%BE%E7%A7%9F+%E7%9C%81%E6%94%BF%E5%BA%9C+%E8%87%BA%E6%9D%B1%E7%B8%A3+%E9%99%B3%E6%B0%B8+&oid=1531239 HTTP/1.1" 200 4627
66.249.71.64 - - [14/Apr/2016:14:59:15 +0800] "GET /content/nav/relationSubject.jsp?relationWords=%E6%87%B8%E9%89%A4%E5%AD%90%E5%B1%AC+%E6%A4%8D%E7%89%A9%E7%95%8C+%E8%96%94%E8%96%87%E7%9B%AE+%E8%96%94%E8%96%87%E7%A7%91+%E9%AB%98%E6%A2%81%E6%B3%A1+&oid=3823818 HTTP/1.1" 200 3373
66.249.79.200 - - [14/Apr/2016:14:59:47 +0800] "GET /content/nav/relationSubject.jsp?relationWords=%E6%A2%AD%E6%B0%8F%E8%9C%A5%E9%AE%AB+%E6%B2%99%E6%A2%9D+%E6%B2%99%E9%AD%9A+%E8%B2%93%E9%AE%AB%E7%A7%91+%E9%BB%91%E9%B0%AD+&oid=14080 HTTP/1.1" 200 3487
66.249.77.85 - - [14/Apr/2016:14:59:58 +0800] "GET /content/repository/resource_content.jsp?oid=2656272&queryType=qs&queryString=%E5%B5%A9%E6%BA%A5 HTTP/1.1" 200 30500
66.249.71.60 - - [14/Apr/2016:15:00:10 +0800] "GET /content/nav/relationSubject.jsp?relationWords=%E9%AB%98%E8%8F%B1%E9%AF%9B%20&oid=3339114 HTTP/1.1" 200 3117
66.249.71.60 - - [14/Apr/2016:15:00:59 +0800] "GET /content/repository/resource_content.jsp?oid=2601651 HTTP/1.1" 200 28901
66.249.71.60 - - [14/Apr/2016:15:01:04 +0800] "GET /content/nav/relationSubject.jsp?relationWords=%E5%88%91%E9%83%A8+&oid=2657986 HTTP/1.1" 200 3095
66.249.77.91 - - [14/Apr/2016:15:01:29 +0800] "GET /content/nav/relationSubject.jsp?relationWords=&oid=16777757 HTTP/1.1" 200 1405
66.249.79.200 - - [14/Apr/2016:15:02:01 +0800] "GET /content/repository/resource_content.jsp?oid=2612967 HTTP/1.1" 200 29081
66.249.71.60 - - [14/Apr/2016:15:02:17 +0800] "GET /content/nav/relationSubject.jsp?relationWords=%E8%98%AD%E5%B6%BC%E7%BE%85%E6%BC%A2%E6%9D%BE+&oid=16777463 HTTP/1.1" 200 3599
66.249.71.60 - - [14/Apr/2016:15:02:22 +0800] "GET /content/nav/relationSubject.jsp?relationWords=%E8%98%AD%E5%B6%BC%E7%BE%85%E6%BC%A2%E6%9D%BE%20&oid=16777463 HTTP/1.1" 200 3599
66.249.71.113 - - [14/Apr/2016:15:02:23 +0800] "GET /content/nav/relationSubject.jsp?relationWords=%E6%B9%96%E5%BB%A3%E7%B8%BD%E7%9D%A3+&oid=2519431 HTTP/1.1" 200 3114
66.249.79.103 - - [14/Apr/2016:15:02:52 +0800] "GET /content/nav/relationSubject.jsp?relationWords=%E5%A4%A7%E9%A0%AD%E7%99%BD%E5%A7%91%E9%AD%9A+%E5%B8%95%E9%A0%AD+%E5%BD%AD%E7%B4%8D%E7%9F%B3%E9%A6%96%E9%AD%9A+%E7%9F%B3%E9%A6%96%E9%AD%9A%E7%A7%91+&oid=15460 HTTP/1.1" 200 3541
66.249.71.60 - - [14/Apr/2016:15:03:01 +0800] "GET /content/repository/resource_content.jsp?oid=1837159 HTTP/1.1" 200 28520
66.249.71.105 - - [14/Apr/2016:15:03:01 +0800] "GET /content/nav/relationSubject.jsp?relationWords=%E9%BB%91%E6%96%91%E6%A2%AD%E9%B1%88+%E9%BC%A0%E5%B0%BE%E9%B1%88%E7%A7%91+&oid=14584 HTTP/1.1" 200 3147
66.249.77.85 - - [14/Apr/2016:15:03:49 +0800] "GET /content/nav/relationSubject.jsp?relationWords=%E6%AD%A6%E6%A6%AE%E7%A5%A0+%E6%AD%A6%E6%B0%8F%E7%A5%A0%E5%89%8D%E7%9F%B3%E5%AE%A4+%E7%A7%A6%E7%8E%8B+%E8%BB%8A%E9%A8%8E+&oid=1808222 HTTP/1.1" 200 5155
66.249.71.60 - - [14/Apr/2016:15:04:02 +0800] "GET /content/repository/resource_content.jsp?oid=2564194 HTTP/1.1" 200 29320
66.249.71.60 - - [14/Apr/2016:15:04:04 +0800] "GET /content/nav/relationSubject.jsp?relationWords=%E5%A0%82%E9%8A%9C+%E9%8A%9C%E4%BA%8B+&oid=2662834 HTTP/1.1" 200 3128
173.252.88.154 - - [14/Apr/2016:15:04:38 +0800] "GET /content/repository/resource_content.jsp?oid=1462548 HTTP/1.1" 200 31456
66.249.71.60 - - [14/Apr/2016:15:05:03 +0800] "GET /content/repository/resource_content.jsp?oid=2649614&queryString=%E7%9B%9B%E5%85%B7%20%E9%99%B6%E5%A3%BA HTTP/1.1" 200 30354
66.249.71.105 - - [14/Apr/2016:15:06:04 +0800] "GET /content/repository/resource_content.jsp?oid=1774988&queryType=qs&queryString=%E9%A3%B2%E9%A3%9F%E6%96%87%E5%8C%96 HTTP/1.1" 200 29657
180.176.26.30 - - [14/Apr/2016:15:06:34 +0800] "GET /content/nav/relationSubject.jsp?relationWords=%E8%96%9C%E8%8D%94+&oid=16777485 HTTP/1.1" 200 3561
66.249.71.72 - - [14/Apr/2016:15:07:05 +0800] "GET /content/repository/resource_content.jsp?oid=227625 HTTP/1.1" 200 30204
157.55.39.96 - - [14/Apr/2016:15:07:23 +0800] "GET /content/subject/resource_content.jsp?oid=16777275 HTTP/1.1" 200 34218
140.112.25.98 - - [14/Apr/2016:15:07:57 +0800] "GET /content/nav/relationSubject.jsp?relationWords=%E7%B4%85%E6%A5%A0+%E8%B1%AC%E8%85%B3%E6%A5%A0+&oid=16777302 HTTP/1.1" 200 3693
111.248.197.172 - - [14/Apr/2016:15:08:05 +0800] "GET /content/nav/relationSubject.jsp?relationWords=%E8%8B%A6%E8%8B%93+&oid=16777317 HTTP/1.1" 200 3183
