66.249.71.64 - - [10/Mar/2016:03:49:13 +0800] "GET /content/nav/relationSubject.jsp?relationWords=%E5%9C%8B%E6%B0%91%E5%AD%B8%E6%A0%A1%20%E5%9C%9F%E5%9C%B0%E5%A2%9E%E5%80%BC%E7%A8%85%20%E5%A4%A7%E5%B0%88%E9%99%A2%E6%A0%A1%20%E5%AD%B8%E6%A0%A1%E6%95%99%E5%B8%AB%20%E5%AE%B6%E9%95%B7%E6%9C%83%20%E6%95%99%E5%B8%AB%E6%9C%83%E9%A4%A8%20%E7%9B%B2%E5%95%9E%E5%AD%B8%E6%A0%A1%20%E7%A6%8F%E5%88%A9%E9%87%91%20%E7%A7%81%E7%AB%8B%E5%AD%B8%E6%A0%A1%20%E7%BE%8E%E6%8F%B4%20%E8%81%B7%E6%A5%AD%E6%95%99%E8%82%B2%20%E8%B3%AA%E8%A9%A2%20%E9%99%B3%E6%84%B7%20&oid=1549199 HTTP/1.1" 200 4262
66.249.71.60 - - [10/Mar/2016:03:49:55 +0800] "GET /content/nav/relationSubject.jsp?relationWords=%E5%A4%96%E5%8C%AF+%E8%87%A8%E6%99%82%E7%9C%81%E8%AD%B0%E6%9C%83+%E8%87%BA%E7%81%A3%E7%9C%81+%E8%BE%B2%E6%A9%9F%E5%85%B7+%E8%BE%B2%E8%97%A5+&oid=1544357 HTTP/1.1" 200 4543
66.249.71.64 - - [10/Mar/2016:03:49:58 +0800] "GET /content/nav/relationSubject.jsp?relationWords=%E8%A8%BB%E7%94%9F%E5%A8%98%E5%A8%98+&oid=4362017 HTTP/1.1" 200 3011
66.249.71.60 - - [10/Mar/2016:03:49:59 +0800] "GET /content/nav/relationSubject.jsp?relationWords=%E5%A4%96%E5%8C%AF%20%E8%87%A8%E6%99%82%E7%9C%81%E8%AD%B0%E6%9C%83%20%E8%87%BA%E7%81%A3%E7%9C%81%20%E8%BE%B2%E6%A9%9F%E5%85%B7%20%E8%BE%B2%E8%97%A5%20&oid=1544357 HTTP/1.1" 200 4543
66.249.71.60 - - [10/Mar/2016:03:50:00 +0800] "GET /content/nav/relationSubject.jsp?relationWords=%E8%A8%BB%E7%94%9F%E5%A8%98%E5%A8%98%20&oid=4362017 HTTP/1.1" 200 3011
66.249.71.173 - - [10/Mar/2016:03:50:04 +0800] "GET /content/nav/relationSubject.jsp?relationWords=%E5%A4%A7%E7%90%86%E5%AF%BA+%E5%A5%89%E8%AB%AD+%E8%AB%AD%E6%97%A8+&oid=2676191 HTTP/1.1" 200 3158
66.249.71.155 - - [10/Mar/2016:03:50:07 +0800] "GET /content/nav/relationSubject.jsp?relationWords=%E5%A4%A7%E7%90%86%E5%AF%BA%20%E5%A5%89%E8%AB%AD%20%E8%AB%AD%E6%97%A8%20&oid=2676191 HTTP/1.1" 200 3158
66.249.71.60 - - [10/Mar/2016:03:50:24 +0800] "GET /content/nav/relationSubject.jsp?relationWords=%E7%A8%85%E5%8B%99+&oid=2679770 HTTP/1.1" 200 3135
66.249.71.5 - - [10/Mar/2016:03:51:55 +0800] "GET /digiarch2/content/repository/resource_content.jsp?oid=1081324&queryType=qc HTTP/1.1" 200 9762
66.249.71.60 - - [10/Mar/2016:03:51:58 +0800] "GET /content/nav/relationSubject.jsp?relationWords=%E5%A4%A7%E8%B1%86%E5%B1%AC+%E6%A4%8D%E7%89%A9%E7%95%8C+%E8%A0%B6%E8%B1%86+%E9%97%8A%E8%91%89%E5%A4%A7%E8%B1%86+%E9%9B%99%E5%AD%90%E8%91%89%E6%A4%8D%E7%89%A9+&oid=3818403 HTTP/1.1" 200 3380
66.249.71.60 - - [10/Mar/2016:03:52:00 +0800] "GET /content/nav/relationSubject.jsp?relationWords=%E5%A4%A7%E8%B1%86%E5%B1%AC%20%E6%A4%8D%E7%89%A9%E7%95%8C%20%E8%A0%B6%E8%B1%86%20%E9%97%8A%E8%91%89%E5%A4%A7%E8%B1%86%20%E9%9B%99%E5%AD%90%E8%91%89%E6%A4%8D%E7%89%A9%20&oid=3818403 HTTP/1.1" 200 3380
68.180.228.187 - - [10/Mar/2016:03:52:19 +0800] "GET /digiarch_en/content/subject/resource_content.jsp?oid=16777425&queryType=qc HTTP/1.1" 200 30973
68.180.228.187 - - [10/Mar/2016:03:52:25 +0800] "GET /digiarch_en/content/subject/resource_content.jsp?oid=16777268&queryType=qc HTTP/1.1" 200 38299
68.180.228.187 - - [10/Mar/2016:03:52:48 +0800] "GET /digiarch_en/content/subject/resource_content.jsp?oid=16777605&queryType=qc HTTP/1.1" 200 31343
66.249.71.60 - - [10/Mar/2016:03:53:23 +0800] "GET /digiarch_en/content/repository/resource_content.jsp?oid=1547733&queryString=%E5%B9%B3%E4%BA%A4%E9%81%93%20%E8%87%BA%E7%B3%96 HTTP/1.1" 200 23310
66.249.71.60 - - [10/Mar/2016:03:53:40 +0800] "GET /content/nav/relationSubject.jsp?relationWords=%E5%8D%97%E9%9F%BF%E5%A0%82%E5%B1%B1+%E6%B3%95%E7%95%8C+%E8%8F%A9%E8%96%A9%E5%83%8F+%E8%A7%80%E4%B8%96%E9%9F%B3+%E9%96%8B%E7%9A%87+&oid=3357693 HTTP/1.1" 200 3264
66.249.71.60 - - [10/Mar/2016:03:53:42 +0800] "GET /content/nav/relationSubject.jsp?relationWords=%E5%8D%97%E9%9F%BF%E5%A0%82%E5%B1%B1%20%E6%B3%95%E7%95%8C%20%E8%8F%A9%E8%96%A9%E5%83%8F%20%E8%A7%80%E4%B8%96%E9%9F%B3%20%E9%96%8B%E7%9A%87%20&oid=3357693 HTTP/1.1" 200 3264
66.249.74.98 - - [10/Mar/2016:03:53:48 +0800] "GET /content/nav/relationSubject.jsp?relationWords=%E7%B8%B1%E5%85%B5+&oid=2676839 HTTP/1.1" 200 3090
66.249.71.60 - - [10/Mar/2016:03:53:51 +0800] "GET /content/nav/relationSubject.jsp?relationWords=%E7%B8%B1%E5%85%B5%20&oid=2676839 HTTP/1.1" 200 3090
66.249.71.60 - - [10/Mar/2016:03:54:37 +0800] "GET /content/nav/relationSubject.jsp?relationWords=%E5%B1%B1%E7%8F%8A%E7%91%9A%E5%B1%AC+%E5%BA%AB%E6%B0%8F%E5%B1%B1%E7%8F%8A%E7%91%9A+&oid=2145869 HTTP/1.1" 200 3087
66.249.71.121 - - [10/Mar/2016:03:55:27 +0800] "GET /content/repository/resource_content.jsp?oid=1099507&queryType=qs&queryString=%E8%97%8D%E8%8A%B1 HTTP/1.1" 200 31556
66.249.71.60 - - [10/Mar/2016:03:55:29 +0800] "GET /content/repository/resource_content.jsp?oid=2147987 HTTP/1.1" 200 30914
66.249.71.60 - - [10/Mar/2016:03:57:38 +0800] "GET /content/nav/relationSubject.jsp?relationWords=%E6%9D%8E%E7%8E%89%E6%B3%89%20%E6%9D%B1%E6%9E%97%20%E6%9E%97%E5%8B%99%E5%B1%80%20%E6%9E%97%E5%8D%80%E7%AE%A1%E7%90%86%E8%99%95%20%E6%9E%97%E7%99%BB%20%E6%A8%99%E5%94%AE%20%E6%B4%AA%E6%8E%9B%20%E7%9C%81%E6%94%BF%E5%BA%9C%20%E8%8A%8E%E6%9E%97%E9%84%89%20%E9%80%A0%E6%9E%97%20&oid=1899580 HTTP/1.1" 200 4862
66.249.71.60 - - [10/Mar/2016:03:58:44 +0800] "GET /digiarch_en/content/nav/relationSubject.jsp?relationWords=%E5%88%91%E9%83%A8+%E5%9C%9F%E8%B3%8A+%E6%90%B6%E5%8A%AB+&oid=2631417 HTTP/1.1" 200 3158
66.249.71.60 - - [10/Mar/2016:03:58:54 +0800] "GET /digiarch_en/content/nav/relationSubject.jsp?relationWords=%E5%88%91%E9%83%A8%20%E5%9C%9F%E8%B3%8A%20%E6%90%B6%E5%8A%AB%20&oid=2631417 HTTP/1.1" 200 3158
66.249.74.98 - - [10/Mar/2016:03:58:58 +0800] "GET /content/nav/relationSubject.jsp?relationWords=%E4%BB%A3%E9%8A%B7%E5%95%86+%E5%85%A7%E6%83%9F+%E5%85%AC%E5%85%B1%E5%B7%A5%E7%A8%8B+%E5%85%B5%E5%B7%A5%E5%BB%A0+%E5%9C%B0%E5%9D%80+%E5%B7%A6%E7%87%9F+%E5%B8%82%E5%83%B9+%E5%BB%BA%E8%A8%AD%E5%BB%B3+%E5%BC%B5%E6%96%87%E8%B1%90+%E6%B0%B8%E8%B1%90+%E7%94%A8%E6%B0%B4%E6%A1%88+%E7%A1%AB%E9%85%B8+%E7%A1%AB%E9%85%B8%E9%8C%8F+%E8%93%84%E6%B0%B4%E5%BA%AB+%E8%93%AE%E6%B1%A0%E6%BD%AD+%E9%A4%8A%E6%AE%96%E9%AD%9A%E9%A1%9E+&oid=1554111 HTTP/1.1" 200 4724
66.249.71.60 - - [10/Mar/2016:03:59:00 +0800] "GET /content/nav/relationSubject.jsp?relationWords=%E4%BB%A3%E9%8A%B7%E5%95%86%20%E5%85%A7%E6%83%9F%20%E5%85%AC%E5%85%B1%E5%B7%A5%E7%A8%8B%20%E5%85%B5%E5%B7%A5%E5%BB%A0%20%E5%9C%B0%E5%9D%80%20%E5%B7%A6%E7%87%9F%20%E5%B8%82%E5%83%B9%20%E5%BB%BA%E8%A8%AD%E5%BB%B3%20%E5%BC%B5%E6%96%87%E8%B1%90%20%E6%B0%B8%E8%B1%90%20%E7%94%A8%E6%B0%B4%E6%A1%88%20%E7%A1%AB%E9%85%B8%20%E7%A1%AB%E9%85%B8%E9%8C%8F%20%E8%93%84%E6%B0%B4%E5%BA%AB%20%E8%93%AE%E6%B1%A0%E6%BD%AD%20%E9%A4%8A%E6%AE%96%E9%AD%9A%E9%A1%9E%20&oid=1554111 HTTP/1.1" 200 4724
66.249.74.98 - - [10/Mar/2016:03:59:04 +0800] "GET /digiarch_en/content/repository/resource_content.jsp?oid=1173452&queryString=%E7%99%BD%E8%8B%97%20%E8%8B%97%E5%A5%B3 HTTP/1.1" 200 23380
66.249.71.155 - - [10/Mar/2016:03:59:04 +0800] "GET /content/nav/relationSubject.jsp?relationWords=%E4%B8%89%E5%88%BA%E9%AD%A8+%E4%B8%89%E8%85%B3%E9%87%98+%E4%B8%89%E8%A7%92%E7%8B%84+%E6%93%AC%E4%B8%89%E5%88%BA%E9%AD%A8+%E6%93%AC%E4%B8%89%E6%A3%98%E9%AD%A8+%E6%93%AC%E4%B8%89%E6%A3%98%E9%AD%A8%E7%A7%91+&oid=16470 HTTP/1.1" 200 3789
66.249.71.164 - - [10/Mar/2016:03:59:07 +0800] "GET /content/nav/relationSubject.jsp?relationWords=%E4%B8%89%E5%88%BA%E9%AD%A8%20%E4%B8%89%E8%85%B3%E9%87%98%20%E4%B8%89%E8%A7%92%E7%8B%84%20%E6%93%AC%E4%B8%89%E5%88%BA%E9%AD%A8%20%E6%93%AC%E4%B8%89%E6%A3%98%E9%AD%A8%20%E6%93%AC%E4%B8%89%E6%A3%98%E9%AD%A8%E7%A7%91%20&oid=16470 HTTP/1.1" 200 3789
66.249.74.98 - - [10/Mar/2016:04:00:24 +0800] "GET /content/nav/relationSubject.jsp?relationWords=%E5%8E%9A%E6%AE%BC%E6%A8%B9%E5%B1%AC+%E6%A4%8D%E7%89%A9%E7%95%8C+%E7%B4%AB%E8%8D%89%E7%A7%91+%E8%98%AD%E5%B6%BC%E5%8E%9A%E6%AE%BC%E6%A8%B9+&oid=1098217 HTTP/1.1" 200 3373
66.249.71.60 - - [10/Mar/2016:04:00:30 +0800] "GET /content/nav/relationSubject.jsp?relationWords=%E5%8E%9A%E6%AE%BC%E6%A8%B9%E5%B1%AC%20%E6%A4%8D%E7%89%A9%E7%95%8C%20%E7%B4%AB%E8%8D%89%E7%A7%91%20%E8%98%AD%E5%B6%BC%E5%8E%9A%E6%AE%BC%E6%A8%B9%20&oid=1098217 HTTP/1.1" 200 3373
66.249.71.60 - - [10/Mar/2016:04:00:34 +0800] "GET /digiarch_en/content/nav/relationSubject.jsp?relationWords=%E9%BB%83%E8%81%B2%E9%8F%9E+&oid=1889716 HTTP/1.1" 200 3203
66.249.71.60 - - [10/Mar/2016:04:00:36 +0800] "GET /digiarch_en/content/nav/relationSubject.jsp?relationWords=%E9%BB%83%E8%81%B2%E9%8F%9E%20&oid=1889716 HTTP/1.1" 200 3203
66.249.71.60 - - [10/Mar/2016:04:00:51 +0800] "GET /digiarch_en/content/nav/relationSubject.jsp?relationWords=%E4%B8%81%E5%8D%AF+%E6%9D%9C%E9%A6%99%E5%9C%8B+%E8%A9%A9%E7%A8%BF+&oid=1888372 HTTP/1.1" 200 3192
66.249.71.60 - - [10/Mar/2016:04:00:54 +0800] "GET /digiarch_en/content/nav/relationSubject.jsp?relationWords=%E4%B8%81%E5%8D%AF%20%E6%9D%9C%E9%A6%99%E5%9C%8B%20%E8%A9%A9%E7%A8%BF%20&oid=1888372 HTTP/1.1" 200 3192
66.249.71.60 - - [10/Mar/2016:04:01:15 +0800] "GET /content/nav/relationSubject.jsp?relationWords=%E4%BF%B8%E7%B1%B3+%E8%AE%8A%E9%80%9A+&oid=2676631 HTTP/1.1" 200 3992
66.249.71.60 - - [10/Mar/2016:04:01:18 +0800] "GET /content/nav/relationSubject.jsp?relationWords=%E4%BF%B8%E7%B1%B3%20%E8%AE%8A%E9%80%9A%20&oid=2676631 HTTP/1.1" 200 3992
68.180.228.187 - - [10/Mar/2016:04:03:12 +0800] "GET /digiarch_en/content/subject/resource_content.jsp?oid=16777381&queryType=qc HTTP/1.1" 200 30893
66.249.71.60 - - [10/Mar/2016:04:03:41 +0800] "GET /content/nav/relationSubject.jsp?relationWords=%E5%9C%93%E8%91%89+%E5%9C%93%E8%91%89%E7%85%89%E8%8E%A2%E8%B1%86+%E6%A4%8D%E7%89%A9%E7%95%8C+%E7%85%89%E8%8E%A2%E8%B1%86+%E7%85%89%E8%8E%A2%E8%B1%86%E5%B1%AC+%E8%8E%A2%E8%B1%86+%E8%A0%B6%E8%B1%86+%E9%9B%99%E5%AD%90%E8%91%89+%E9%9B%99%E5%AD%90%E8%91%89%E6%A4%8D%E7%89%A9+&oid=1462418 HTTP/1.1" 200 3583
66.249.71.60 - - [10/Mar/2016:04:03:43 +0800] "GET /content/nav/relationSubject.jsp?relationWords=%E5%9C%93%E8%91%89%20%E5%9C%93%E8%91%89%E7%85%89%E8%8E%A2%E8%B1%86%20%E6%A4%8D%E7%89%A9%E7%95%8C%20%E7%85%89%E8%8E%A2%E8%B1%86%20%E7%85%89%E8%8E%A2%E8%B1%86%E5%B1%AC%20%E8%8E%A2%E8%B1%86%20%E8%A0%B6%E8%B1%86%20%E9%9B%99%E5%AD%90%E8%91%89%20%E9%9B%99%E5%AD%90%E8%91%89%E6%A4%8D%E7%89%A9%20&oid=1462418 HTTP/1.1" 200 3583
66.249.71.60 - - [10/Mar/2016:04:05:30 +0800] "GET /content/pictures/picture_content.jsp?oid=33554801 HTTP/1.1" 200 27556
66.249.71.60 - - [10/Mar/2016:04:06:12 +0800] "GET /content/repository/resource_content.jsp?oid=4363108&queryString=%E5%B7%A1%E7%8B%A9%20%E7%8E%8B%E8%88%B9 HTTP/1.1" 200 28102
66.249.71.60 - - [10/Mar/2016:04:06:31 +0800] "GET /content/subject/resource_content.jsp?oid=16777406&queryString=%E9%98%BF%E5%8B%83%E5%8B%92 HTTP/1.1" 200 32847
66.249.71.60 - - [10/Mar/2016:04:06:46 +0800] "GET /content/nav/relationSubject.jsp?relationWords=%E6%8E%A8%E5%B1%95%E6%A1%88+%E6%95%99%E8%82%B2%E8%A1%8C%E6%94%BF+%E8%81%B7%E6%A0%A1+%E9%AB%98%E7%B4%9A%E4%B8%AD%E5%AD%B8+&oid=1625758 HTTP/1.1" 200 7286
66.249.71.60 - - [10/Mar/2016:04:06:48 +0800] "GET /content/nav/relationSubject.jsp?relationWords=%E6%8E%A8%E5%B1%95%E6%A1%88%20%E6%95%99%E8%82%B2%E8%A1%8C%E6%94%BF%20%E8%81%B7%E6%A0%A1%20%E9%AB%98%E7%B4%9A%E4%B8%AD%E5%AD%B8%20&oid=1625758 HTTP/1.1" 200 7286
66.249.74.98 - - [10/Mar/2016:04:07:17 +0800] "GET /content/nav/relationSubject.jsp?relationWords=%E5%AD%AB%E5%AF%B6+%E7%88%B6%E8%BE%9B+%E7%88%B6%E8%BE%9B%E5%8D%A3+&oid=3354875 HTTP/1.1" 200 3464
66.249.71.60 - - [10/Mar/2016:04:08:02 +0800] "GET /digiarch_en/content/nav/relationSubject.jsp?relationWords=%E5%90%8F%E9%83%A8+%E7%9F%A5%E5%BA%9C+&oid=2676607 HTTP/1.1" 200 3129
66.249.71.60 - - [10/Mar/2016:04:08:04 +0800] "GET /digiarch_en/content/nav/relationSubject.jsp?relationWords=%E5%90%8F%E9%83%A8%20%E7%9F%A5%E5%BA%9C%20&oid=2676607 HTTP/1.1" 200 3129
66.249.71.60 - - [10/Mar/2016:04:08:06 +0800] "GET /content/nav/relationSubject.jsp?relationWords=%E9%9D%92%E9%B8%9A%E5%93%A5%E9%AD%9A+%E9%B8%9A%E5%93%A5+%E9%B8%9A%E5%93%A5%E9%AD%9A+&oid=22205 HTTP/1.1" 200 3465
66.249.71.60 - - [10/Mar/2016:04:08:13 +0800] "GET /content/nav/relationSubject.jsp?relationWords=%E9%9D%92%E9%B8%9A%E5%93%A5%E9%AD%9A%20%E9%B8%9A%E5%93%A5%20%E9%B8%9A%E5%93%A5%E9%AD%9A%20&oid=22205 HTTP/1.1" 200 3465
66.249.71.60 - - [10/Mar/2016:04:08:58 +0800] "GET /content/nav/relationSubject.jsp?relationWords=%E7%91%AA%E7%91%99%E9%BA%A5%E8%9E%BA+%E8%85%B9%E8%B6%B3%E7%B6%B1+%E9%BA%A5%E8%9E%BA%E7%A7%91+&oid=1125226 HTTP/1.1" 200 3237
66.249.71.60 - - [10/Mar/2016:04:09:06 +0800] "GET /content/nav/relationSubject.jsp?relationWords=%E7%91%AA%E7%91%99%E9%BA%A5%E8%9E%BA%20%E8%85%B9%E8%B6%B3%E7%B6%B1%20%E9%BA%A5%E8%9E%BA%E7%A7%91%20&oid=1125226 HTTP/1.1" 200 3237
66.249.77.91 - - [10/Mar/2016:04:09:13 +0800] "GET /content/nav/relationSubject.jsp?relationWords=%E7%9A%87%E8%BB%8D%20&oid=4451230 HTTP/1.1" 200 3274
66.249.71.60 - - [10/Mar/2016:04:09:18 +0800] "GET /content/nav/relationSubject.jsp?relationWords=%E6%97%A5%E6%9C%AC%E6%96%87%E5%AD%B8+&oid=2470517 HTTP/1.1" 200 3214
66.249.71.60 - - [10/Mar/2016:04:09:46 +0800] "GET /digiarch_en/content/repository/resource_content.jsp?oid=518215&queryString=%E4%BA%9E%E6%88%90%E9%AB%94%20%E5%B0%8F%E5%8D%B7%20%E7%9C%9F%E9%8E%96%E7%AE%A1%20%E9%80%8F%E6%8A%BD%20%E9%8E%96%E7%AE%A1%E5%B1%AC%20%E9%8E%96%E7%AE%A1%E7%A7%91%20%E9%A0%AD%E8%B6%B3%E7%B6%B1 HTTP/1.1" 200 25099
66.249.79.24 - - [10/Mar/2016:04:10:13 +0800] "GET /content/nav/relationSubject.jsp?relationWords=%E5%88%91%E9%83%A8+%E5%AE%97%E5%AE%A4+&oid=2656164 HTTP/1.1" 200 3130
66.249.77.91 - - [10/Mar/2016:04:10:15 +0800] "GET /content/nav/relationSubject.jsp?relationWords=%E5%88%91%E9%83%A8%20%E5%AE%97%E5%AE%A4%20&oid=2656164 HTTP/1.1" 200 3130
68.180.228.187 - - [10/Mar/2016:04:11:57 +0800] "GET /content/subject/resource_content.jsp?oid=16777633&queryType=qc HTTP/1.1" 200 56606
66.249.71.41 - - [10/Mar/2016:04:13:24 +0800] "GET /content/nav/relationSubject.jsp?relationWords=%E4%B8%83%E6%98%9F%E4%BB%94+%E5%BA%B7%E6%B0%8F+%E6%A3%98%E8%94%A5%E4%BB%94+%E9%AC%BC%E5%B9%B3+%E9%BE%9C%E6%BF%B1+&oid=4352519 HTTP/1.1" 200 3593
66.249.71.50 - - [10/Mar/2016:04:13:26 +0800] "GET /content/nav/relationSubject.jsp?relationWords=%E4%B8%83%E6%98%9F%E4%BB%94%20%E5%BA%B7%E6%B0%8F%20%E6%A3%98%E8%94%A5%E4%BB%94%20%E9%AC%BC%E5%B9%B3%20%E9%BE%9C%E6%BF%B1%20&oid=4352519 HTTP/1.1" 200 3593
66.249.71.60 - - [10/Mar/2016:04:13:36 +0800] "GET /digiarch_en/content/nav/relationSubject.jsp?relationWords=%E9%83%BD%E5%AF%9F%E9%99%A2+%E9%87%91%E5%B7%9D+%E9%98%BF%E7%88%BE%E6%B3%B0+&oid=2613885 HTTP/1.1" 200 3153
66.249.71.60 - - [10/Mar/2016:04:13:41 +0800] "GET /digiarch_en/content/nav/relationSubject.jsp?relationWords=%E9%83%BD%E5%AF%9F%E9%99%A2%20%E9%87%91%E5%B7%9D%20%E9%98%BF%E7%88%BE%E6%B3%B0%20&oid=2613885 HTTP/1.1" 200 3153
66.249.71.60 - - [10/Mar/2016:04:13:49 +0800] "GET /content/nav/relationSubject.jsp?relationWords=%E5%A4%A7%E6%A8%82+%E6%B4%B9%E5%AD%90%E5%AD%9F%E5%A7%9C%E5%A3%BA+&oid=3354852 HTTP/1.1" 200 3290
66.249.71.50 - - [10/Mar/2016:04:16:33 +0800] "GET /content/nav/relationSubject.jsp?relationWords=%E5%AD%B8%E7%94%B2+%E5%B8%83%E8%A2%8B%E9%8E%AE+%E8%87%BA%E5%8D%97%E7%B8%A3+&oid=1523531 HTTP/1.1" 200 5895
66.249.71.50 - - [10/Mar/2016:04:16:41 +0800] "GET /content/nav/relationSubject.jsp?relationWords=%E5%AD%B8%E7%94%B2%20%E5%B8%83%E8%A2%8B%E9%8E%AE%20%E8%87%BA%E5%8D%97%E7%B8%A3%20&oid=1523531 HTTP/1.1" 200 5895
66.249.71.72 - - [10/Mar/2016:04:17:18 +0800] "GET /content/nav/relationSubject.jsp?relationWords=%E4%B8%AD%E8%97%A5+%E4%B8%AD%E8%97%A5%E6%9D%90+%E5%81%A5%E5%BA%B7%E6%A1%88+&oid=1546861 HTTP/1.1" 200 5298
66.249.71.64 - - [10/Mar/2016:04:17:26 +0800] "GET /content/nav/relationSubject.jsp?relationWords=%E5%B8%B6%E9%89%A4+&oid=1849315 HTTP/1.1" 200 2963
220.181.108.158 - - [10/Mar/2016:04:17:35 +0800] "GET /content/subject/resource_content.jsp?oid=16777394&queryType=qc HTTP/1.1" 200 29099
66.249.71.60 - - [10/Mar/2016:04:17:36 +0800] "GET /content/nav/relationSubject.jsp?relationWords=%E5%B8%B6%E9%89%A4%20&oid=1849315 HTTP/1.1" 200 2963
68.180.228.187 - - [10/Mar/2016:04:19:03 +0800] "GET /content/subject/resource_content.jsp?oid=16777749&queryType=qc HTTP/1.1" 200 41248
66.249.71.60 - - [10/Mar/2016:04:19:38 +0800] "GET /digiarch_en/content/nav/relationSubject.jsp?relationWords=%E8%85%B9%E8%B6%B3%E7%B6%B1+%E8%9A%B5%E5%B7%96%E8%9E%BA+%E9%AA%A8%E8%9E%BA%E7%A7%91+&oid=3809143 HTTP/1.1" 200 3229
66.249.71.60 - - [10/Mar/2016:04:19:40 +0800] "GET /digiarch_en/content/nav/relationSubject.jsp?relationWords=%E8%85%B9%E8%B6%B3%E7%B6%B1%20%E8%9A%B5%E5%B7%96%E8%9E%BA%20%E9%AA%A8%E8%9E%BA%E7%A7%91%20&oid=3809143 HTTP/1.1" 200 3229
61.135.190.197 - - [10/Mar/2016:04:19:43 +0800] "GET /content/subject/resource_content.jsp?oid=16797281&queryType=qc HTTP/1.1" 200 53085
66.249.71.64 - - [10/Mar/2016:04:20:18 +0800] "GET /content/nav/relationSubject.jsp?relationWords=%E5%90%B3%E5%A4%A7+%E6%97%A8%E4%BA%8B+%E8%AB%AD%E6%97%A8+&oid=2679545 HTTP/1.1" 200 3122
66.249.71.5 - - [10/Mar/2016:04:20:29 +0800] "GET /digiarch3/content/subject/resource_content.jsp?oid=16777640&queryType=qs&queryString=%E8%87%BA%E7%81%A3%E6%96%87%E5%8C%96 HTTP/1.1" 200 61935
66.249.71.64 - - [10/Mar/2016:04:20:39 +0800] "GET /content/nav/relationSubject.jsp?relationWords=%E5%90%B3%E5%A4%A7%20%E6%97%A8%E4%BA%8B%20%E8%AB%AD%E6%97%A8%20&oid=2679545 HTTP/1.1" 200 3122
66.249.71.64 - - [10/Mar/2016:04:20:43 +0800] "GET /digiarch_en/content/nav/relationSubject.jsp?relationWords=%E5%BD%88%E9%A0%AD%E8%9E%BA+%E6%9E%95%E9%A0%AD%E8%9E%BA+%E6%A6%A7%E8%9E%BA+%E6%A6%A7%E8%9E%BA%E5%B1%AC+%E6%A9%99%E5%8F%A3%E6%A6%A7%E8%9E%BA+%E7%B4%85%E5%8F%A3%E6%A6%A7%E8%9E%BA+%E8%85%B9%E8%B6%B3%E7%B6%B1+%E9%8E%96%E5%8C%99%E8%9E%BA+&oid=1123282 HTTP/1.1" 200 3520
66.249.71.60 - - [10/Mar/2016:04:20:45 +0800] "GET /digiarch_en/content/nav/relationSubject.jsp?relationWords=%E5%BD%88%E9%A0%AD%E8%9E%BA%20%E6%9E%95%E9%A0%AD%E8%9E%BA%20%E6%A6%A7%E8%9E%BA%20%E6%A6%A7%E8%9E%BA%E5%B1%AC%20%E6%A9%99%E5%8F%A3%E6%A6%A7%E8%9E%BA%20%E7%B4%85%E5%8F%A3%E6%A6%A7%E8%9E%BA%20%E8%85%B9%E8%B6%B3%E7%B6%B1%20%E9%8E%96%E5%8C%99%E8%9E%BA%20&oid=1123282 HTTP/1.1" 200 3520
66.249.71.60 - - [10/Mar/2016:04:21:38 +0800] "GET /content/nav/relationSubject.jsp?relationWords=%E5%93%B2%E5%AD%B8%20%E7%A5%9E%E7%A4%BE%20%E7%A5%9E%E9%81%93%20%E8%87%BA%E7%81%A3%E7%B8%BD%E7%9D%A3%E5%BA%9C%20&oid=1303781 HTTP/1.1" 200 3536
1.161.78.155 - - [10/Mar/2016:04:21:46 +0800] "GET /content/nav/relationSubject.jsp?relationWords=&oid=16777328 HTTP/1.1" 200 1405
66.249.71.60 - - [10/Mar/2016:04:23:07 +0800] "GET /content/nav/relationSubject.jsp?relationWords=%E5%B0%8F%E6%AF%9B+%E5%B0%8F%E6%AF%9B%E6%B0%88%E8%8B%94+%E6%A4%8D%E7%89%A9%E7%95%8C+%E8%8C%85%E8%86%8F%E8%8F%9C+%E8%8C%85%E8%86%8F%E8%8F%9C%E5%B1%AC+%E8%8C%85%E8%86%8F%E8%8F%9C%E7%A7%91+&oid=1105871 HTTP/1.1" 200 3461
66.249.71.155 - - [10/Mar/2016:04:23:34 +0800] "GET /content/nav/relationSubject.jsp?relationWords=%E7%84%A1%E7%9B%AE%E9%B0%BB+%E7%9B%B2%E9%B0%BB+%E7%B4%90%E6%B0%8F%E5%89%AF%E7%9B%B2%E9%B0%BB+%E9%9D%92%E7%9C%A0%E9%B0%BB+%E9%B0%BB%E7%A7%91+%E9%BE%8D%E7%AD%8B+&oid=14056 HTTP/1.1" 200 3659
66.249.71.60 - - [10/Mar/2016:04:24:00 +0800] "GET /content/repository/resource_content.jsp?oid=1817006 HTTP/1.1" 200 28796
66.249.71.113 - - [10/Mar/2016:04:25:31 +0800] "GET /content/nav/relationSubject.jsp?relationWords=&oid=2630635 HTTP/1.1" 200 1405
66.249.71.60 - - [10/Mar/2016:04:25:35 +0800] "GET /content/nav/relationSubject.jsp?relationWords=%E5%9C%9F%E5%AF%87+&oid=2545068 HTTP/1.1" 200 3072
66.249.71.60 - - [10/Mar/2016:04:25:41 +0800] "GET /content/nav/relationSubject.jsp?relationWords=%E5%9C%9F%E5%AF%87%20&oid=2545068 HTTP/1.1" 200 3072
66.249.71.60 - - [10/Mar/2016:04:26:45 +0800] "GET /content/nav/relationSubject.jsp?relationWords=%E5%8D%81%E5%AD%97%E8%8A%B1%E7%A7%91+%E6%A4%8D%E7%89%A9%E7%95%8C+%E6%BF%B1%E8%8A%A5%E5%B1%AC+%E8%87%AD%E6%BF%B1%E8%8A%A5+%E8%87%AD%E8%96%BA+%E9%9B%99%E5%AD%90%E8%91%89%E6%A4%8D%E7%89%A9+&oid=1104183 HTTP/1.1" 200 3462
66.249.71.60 - - [10/Mar/2016:04:26:48 +0800] "GET /content/nav/relationSubject.jsp?relationWords=%E5%8D%81%E5%AD%97%E8%8A%B1%E7%A7%91%20%E6%A4%8D%E7%89%A9%E7%95%8C%20%E6%BF%B1%E8%8A%A5%E5%B1%AC%20%E8%87%AD%E6%BF%B1%E8%8A%A5%20%E8%87%AD%E8%96%BA%20%E9%9B%99%E5%AD%90%E8%91%89%E6%A4%8D%E7%89%A9%20&oid=1104183 HTTP/1.1" 200 3462
66.249.71.164 - - [10/Mar/2016:04:27:22 +0800] "GET /content/nav/relationSubject.jsp?relationWords=%E5%B7%A1%E7%8B%A9+%E7%8E%8B%E8%88%B9+&oid=16777846 HTTP/1.1" 200 4757
66.249.71.60 - - [10/Mar/2016:04:28:18 +0800] "GET /digiarch_en/content/nav/relationSubject.jsp?relationWords=%E5%8A%AB%E5%8F%83+%E5%8F%83%E7%96%8F%E9%98%B2%E6%AD%A6%E8%81%B7+%E6%B0%91%E5%AE%85+&oid=2520086 HTTP/1.1" 200 3240
66.249.71.60 - - [10/Mar/2016:04:28:25 +0800] "GET /digiarch_en/content/nav/relationSubject.jsp?relationWords=%E5%8A%AB%E5%8F%83%20%E5%8F%83%E7%96%8F%E9%98%B2%E6%AD%A6%E8%81%B7%20%E6%B0%91%E5%AE%85%20&oid=2520086 HTTP/1.1" 200 3240
66.249.71.60 - - [10/Mar/2016:04:29:17 +0800] "GET /content/nav/relationSubject.jsp?relationWords=%E5%8A%8D%E8%95%A8%E5%B1%AC+%E5%B0%8F%E8%91%89%E5%8A%8D%E8%95%A8+&oid=1458003 HTTP/1.1" 200 3095
66.249.71.60 - - [10/Mar/2016:04:29:18 +0800] "GET /digiarch_en/content/nav/relationSubject.jsp?relationWords=%E4%B8%AD%E8%85%B9%E8%B6%B3%E7%9B%AE+%E8%85%B9%E8%B6%B3%E7%B6%B1+%E8%8A%B1%E7%93%B6%E9%B3%B3%E5%87%B0%E8%9E%BA+%E9%B3%B3%E5%87%B0%E8%9E%BA+&oid=523646 HTTP/1.1" 200 3437
66.249.71.60 - - [10/Mar/2016:04:29:19 +0800] "GET /digiarch_en/content/nav/relationSubject.jsp?relationWords=%E4%B8%AD%E8%85%B9%E8%B6%B3%E7%9B%AE%20%E8%85%B9%E8%B6%B3%E7%B6%B1%20%E8%8A%B1%E7%93%B6%E9%B3%B3%E5%87%B0%E8%9E%BA%20%E9%B3%B3%E5%87%B0%E8%9E%BA%20&oid=523646 HTTP/1.1" 200 3437
66.249.71.5 - - [10/Mar/2016:04:29:22 +0800] "GET /digiarch3/content/subject/resource_content.jsp?oid=16777541&queryType=qc HTTP/1.1" 200 29271
66.249.71.60 - - [10/Mar/2016:04:29:22 +0800] "GET /content/nav/relationSubject.jsp?relationWords=%E5%8A%8D%E8%95%A8%E5%B1%AC%20%E5%B0%8F%E8%91%89%E5%8A%8D%E8%95%A8%20&oid=1458003 HTTP/1.1" 200 3095
66.249.71.60 - - [10/Mar/2016:04:29:36 +0800] "GET /content/repository/resource_content.jsp?oid=1531119&queryString=%E4%B8%89%E9%87%8D%E5%B8%82%20%E5%A4%A7%E5%B5%99%E5%B4%81%20%E5%B7%A5%E7%A8%8B%E5%8F%97%E7%9B%8A%E8%B2%BB%20%E7%9F%B3%E9%96%80%E6%B0%B4%E5%BA%AB%20%E8%87%BA%E5%8C%97%E7%B8%A3%E8%AD%B0%E6%9C%83 HTTP/1.1" 200 30822
66.249.71.5 - - [10/Mar/2016:04:30:08 +0800] "GET /digiarch3/content/repository/resource_content.jsp?oid=15560&queryString=%E8%93%8B%E5%88%BA%E9%AD%9A HTTP/1.1" 200 33996
66.249.71.60 - - [10/Mar/2016:04:30:25 +0800] "GET /digiarch_en/content/nav/relationSubject.jsp?relationWords=%E5%8D%83%E7%B8%BD+&oid=2678656 HTTP/1.1" 200 3056
66.249.73.187 - - [10/Mar/2016:04:30:34 +0800] "GET /digiarch_en/content/nav/relationSubject.jsp?relationWords=%E5%8D%83%E7%B8%BD%20&oid=2678656 HTTP/1.1" 200 3056
66.249.71.164 - - [10/Mar/2016:04:30:39 +0800] "GET /content/nav/relationSubject.jsp?relationWords=%E5%B7%A1%E6%92%AB+%E7%89%B9%E7%B3%BE%E8%B2%AA%E5%90%8F+%E9%A0%86%E5%A4%A9+&oid=2515965 HTTP/1.1" 200 3193
66.249.71.60 - - [10/Mar/2016:04:30:50 +0800] "GET /content/subject/resource_content.jsp?oid=16777714&queryType=qc HTTP/1.1" 200 42382
66.249.71.164 - - [10/Mar/2016:04:30:51 +0800] "GET /content/nav/relationSubject.jsp?relationWords=%E5%B7%A1%E6%92%AB%20%E7%89%B9%E7%B3%BE%E8%B2%AA%E5%90%8F%20%E9%A0%86%E5%A4%A9%20&oid=2515965 HTTP/1.1" 200 3193
66.249.71.60 - - [10/Mar/2016:04:31:11 +0800] "GET /content/repository/resource_content.jsp?oid=2145206&queryString=%E5%8D%B7%E6%9F%8F%20%E5%8D%B7%E6%9F%8F%E5%B1%AC%20%E6%9D%BE%E9%96%80%20%E6%9F%8F%E7%A7%91%20%E6%A4%8D%E7%89%A9%E7%95%8C%20%E7%8E%89%E5%B1%B1%E5%8D%B7%E6%9F%8F%20%E7%9F%B3%E6%9D%BE HTTP/1.1" 200 31346
66.249.74.98 - - [10/Mar/2016:04:31:41 +0800] "GET /content/subject/resource_content.jsp?oid=16777721&queryType=qc HTTP/1.1" 200 36349
66.249.71.60 - - [10/Mar/2016:04:32:14 +0800] "GET /content/subject/resource_content.jsp?oid=16777488 HTTP/1.1" 200 60914
66.249.71.60 - - [10/Mar/2016:04:32:16 +0800] "GET /content/nav/relationSubject.jsp?relationWords=%E5%B0%8F%E9%B1%97%E6%B7%B5%E7%9C%BC%E9%AD%9A+%E9%BB%91%E9%A0%AD%E9%AD%9A+&oid=1081391 HTTP/1.1" 200 3420
66.249.71.60 - - [10/Mar/2016:04:32:18 +0800] "GET /content/nav/relationSubject.jsp?relationWords=%E5%B0%8F%E9%B1%97%E6%B7%B5%E7%9C%BC%E9%AD%9A%20%E9%BB%91%E9%A0%AD%E9%AD%9A%20&oid=1081391 HTTP/1.1" 200 3420
66.249.79.30 - - [10/Mar/2016:04:32:20 +0800] "GET /content/nav/relationSubject.jsp?relationWords=%E5%9F%8E%E5%AF%9F+&oid=2681731 HTTP/1.1" 200 3140
66.249.71.60 - - [10/Mar/2016:04:32:37 +0800] "GET /content/subject/resource_content.jsp?oid=16777841&queryType=qc HTTP/1.1" 200 27539
66.249.77.85 - - [10/Mar/2016:04:32:43 +0800] "GET /content/nav/relationSubject.jsp?relationWords=%E5%9F%8E%E5%AF%9F%20&oid=2681731 HTTP/1.1" 200 3140
66.249.71.60 - - [10/Mar/2016:04:33:52 +0800] "GET /content/nav/relationSubject.jsp?relationWords=%E5%A4%A7%E9%A0%AD%E8%8C%B6%20%E5%A4%A7%E9%A0%AD%E8%8C%B6%E5%B1%AC%20%E6%A4%8D%E7%89%A9%E7%95%8C%20&oid=3819255 HTTP/1.1" 200 3596
66.249.74.98 - - [10/Mar/2016:04:34:06 +0800] "GET /content/nav/relationSubject.jsp?relationWords=%E5%A4%A7%E7%9B%AE%E5%81%B4%E4%BB%94+%E5%A4%A7%E9%9D%A2%E5%81%B4%E4%BB%94+%E5%A4%A9%E7%AB%BA%E9%AF%9B+%E5%A4%A9%E7%AB%BA%E9%AF%9B%E7%A7%91+%E7%B4%B0%E8%BA%AB%E5%BE%8C%E7%AB%BA%E9%AF%9B+&oid=4354289 HTTP/1.1" 200 3649
66.249.71.60 - - [10/Mar/2016:04:34:08 +0800] "GET /content/nav/relationSubject.jsp?relationWords=%E5%A4%A7%E7%9B%AE%E5%81%B4%E4%BB%94%20%E5%A4%A7%E9%9D%A2%E5%81%B4%E4%BB%94%20%E5%A4%A9%E7%AB%BA%E9%AF%9B%20%E5%A4%A9%E7%AB%BA%E9%AF%9B%E7%A7%91%20%E7%B4%B0%E8%BA%AB%E5%BE%8C%E7%AB%BA%E9%AF%9B%20&oid=4354289 HTTP/1.1" 200 3649
66.249.71.60 - - [10/Mar/2016:04:34:15 +0800] "GET /content/nav/relationSubject.jsp?relationWords=%E7%9F%B3%E8%95%A8%E5%B1%AC%20%E9%99%B0%E7%9F%B3%E8%95%A8%20%E9%B1%97%E8%91%89%E9%99%B0%E7%9F%B3%E8%95%A8%20&oid=1111101 HTTP/1.1" 200 3281
66.249.71.60 - - [10/Mar/2016:04:34:42 +0800] "GET /content/repository/resource_content.jsp?oid=1891077 HTTP/1.1" 200 28576
66.249.77.91 - - [10/Mar/2016:04:36:57 +0800] "GET /content/repository/resource_content.jsp?oid=1601725&queryType=qs&queryString=%E6%99%BA%E5%8A%9B%E6%B8%AC%E9%A9%97 HTTP/1.1" 200 28734
66.249.77.91 - - [10/Mar/2016:04:37:51 +0800] "GET /content/nav/relationSubject.jsp?relationWords=%E4%BA%BA%E5%90%8D%E6%AC%8A%E5%A8%81+%E8%88%92%E7%88%BE%E6%9B%BC+%E9%A0%98%E4%BA%8B%E8%A3%81%E5%88%A4%E6%AC%8A+%E9%A1%A7%E7%B6%AD%E9%88%9E+&oid=722738 HTTP/1.1" 200 3301
66.249.77.91 - - [10/Mar/2016:04:37:52 +0800] "GET /content/nav/relationSubject.jsp?relationWords=%E4%BA%BA%E5%90%8D%E6%AC%8A%E5%A8%81%20%E8%88%92%E7%88%BE%E6%9B%BC%20%E9%A0%98%E4%BA%8B%E8%A3%81%E5%88%A4%E6%AC%8A%20%E9%A1%A7%E7%B6%AD%E9%88%9E%20&oid=722738 HTTP/1.1" 200 3301
68.180.228.187 - - [10/Mar/2016:04:38:09 +0800] "GET /content/pictures/picture_content.jsp?oid=33554852&queryType=qc HTTP/1.1" 200 27738
66.249.71.60 - - [10/Mar/2016:04:38:20 +0800] "GET /content/repository/resource_content.jsp?oid=1456561 HTTP/1.1" 200 30796
66.249.77.91 - - [10/Mar/2016:04:40:31 +0800] "GET /content/nav/relationSubject.jsp?relationWords=%E5%9C%93%E7%99%BD%E9%AF%A7+%E7%99%BD%E9%AF%A7+%E7%99%BD%E9%AF%A7%E7%A7%91+%E9%AF%A7%E4%BB%94+&oid=4352642 HTTP/1.1" 200 4261
66.249.71.60 - - [10/Mar/2016:04:41:09 +0800] "GET /content/repository/resource_content.jsp?oid=1459914&queryString=%E8%80%81%E9%B8%9B%E8%8D%89%20%E8%80%81%E9%B8%9B%E8%8D%89%E5%B1%AC HTTP/1.1" 200 31413
66.249.71.60 - - [10/Mar/2016:04:41:12 +0800] "GET /content/nav/relationSubject.jsp?relationWords=%E5%A2%9E%E7%94%A2%E6%A1%88+&oid=1548717 HTTP/1.1" 200 3281
66.249.71.60 - - [10/Mar/2016:04:41:16 +0800] "GET /content/nav/relationSubject.jsp?relationWords=%E5%A2%9E%E7%94%A2%E6%A1%88%20&oid=1548717 HTTP/1.1" 200 3281
66.249.77.91 - - [10/Mar/2016:04:41:54 +0800] "GET /content/repository/resource_content.jsp?oid=15427&queryString=%E7%8A%AC%E7%89%99%E9%8C%90%E9%BD%92%E9%AF%9B%20%E7%B4%85%E5%B0%BE%E5%86%AC%E4%BB%94%20%E9%87%91%E7%B7%9A%E9%AD%9A%E7%A7%91 HTTP/1.1" 200 34750
66.249.74.63 - - [10/Mar/2016:04:42:12 +0800] "GET /content/repository/resource_content.jsp?oid=4362188&queryType=qs&queryString=%E5%81%B6%E8%B9%84%E7%9B%AE HTTP/1.1" 200 28654
66.249.74.98 - - [10/Mar/2016:04:43:10 +0800] "GET /content/nav/relationSubject.jsp?relationWords=%E5%94%87%E5%BD%A2%E7%A7%91+%E6%A4%8D%E7%89%A9%E7%95%8C+%E8%96%84%E8%8D%B7+%E9%87%91%E5%8A%8D%E8%8D%89+%E9%87%91%E5%8A%8D%E8%8D%89%E5%B1%AC+%E9%9B%99%E5%AD%90%E8%91%89%E6%A4%8D%E7%89%A9+%E9%AD%9A%E9%87%9D%E8%8D%89+&oid=2152664 HTTP/1.1" 200 3481
66.249.71.60 - - [10/Mar/2016:04:43:12 +0800] "GET /content/nav/relationSubject.jsp?relationWords=%E5%94%87%E5%BD%A2%E7%A7%91%20%E6%A4%8D%E7%89%A9%E7%95%8C%20%E8%96%84%E8%8D%B7%20%E9%87%91%E5%8A%8D%E8%8D%89%20%E9%87%91%E5%8A%8D%E8%8D%89%E5%B1%AC%20%E9%9B%99%E5%AD%90%E8%91%89%E6%A4%8D%E7%89%A9%20%E9%AD%9A%E9%87%9D%E8%8D%89%20&oid=2152664 HTTP/1.1" 200 3481
66.249.71.173 - - [10/Mar/2016:04:44:26 +0800] "GET /content/nav/relationSubject.jsp?relationWords=%E5%93%A1%E5%A4%96%E9%83%8E+%E6%9D%B1%E5%8F%B8+%E6%BC%A2%E5%93%A1+&oid=2682594 HTTP/1.1" 200 3202
66.249.79.179 - - [10/Mar/2016:04:44:27 +0800] "GET /content/nav/relationSubject.jsp?relationWords=%E5%93%A1%E5%A4%96%E9%83%8E%20%E6%9D%B1%E5%8F%B8%20%E6%BC%A2%E5%93%A1%20&oid=2682594 HTTP/1.1" 200 3202
66.249.71.155 - - [10/Mar/2016:04:44:50 +0800] "GET /content/nav/relationSubject.jsp?relationWords=%E5%90%8F%E9%83%A8+&oid=2636057 HTTP/1.1" 200 3101
66.249.71.155 - - [10/Mar/2016:04:44:53 +0800] "GET /content/nav/relationSubject.jsp?relationWords=%E5%90%8F%E9%83%A8%20&oid=2636057 HTTP/1.1" 200 3101
66.249.71.60 - - [10/Mar/2016:04:45:25 +0800] "GET /content/repository/resource_content.jsp?oid=719031&queryString=%E5%B7%B4%E9%BB%8E%E5%92%8C%E6%9C%83 HTTP/1.1" 200 29012
66.249.71.113 - - [10/Mar/2016:04:47:58 +0800] "GET /content/repository/resource_content.jsp?oid=14222&queryType=qs&queryString=%E6%BA%AB%E7%86%B1%E5%B8%B6 HTTP/1.1" 200 33706
66.249.71.164 - - [10/Mar/2016:04:48:30 +0800] "GET /content/repository/resource_content.jsp?oid=1517107&queryString=%E6%B1%9F%E6%BC%A2%E9%97%9C%20%E9%97%9C%E7%A8%85%E5%8B%99%E5%8F%B8 HTTP/1.1" 200 28941
66.249.71.64 - - [10/Mar/2016:04:48:38 +0800] "GET /content/nav/relationSubject.jsp?relationWords=%E6%A4%8D%E7%89%A9%E7%95%8C%20%E7%BF%BC%E8%8E%96%E9%97%8A%E8%8B%9E%E8%8F%8A%20%E8%8F%8A%E7%A7%91%20%E9%97%8A%E8%8B%9E%E8%8F%8A%E5%B1%AC%20%E9%9B%99%E5%AD%90%E8%91%89%E6%A4%8D%E7%89%A9%20&oid=1107841 HTTP/1.1" 200 3450
66.249.71.72 - - [10/Mar/2016:04:50:02 +0800] "GET /content/nav/relationSubject.jsp?relationWords=%E9%A6%AC%E5%8A%A0%E9%B0%86%20%E9%AF%96%E7%A7%91%20&oid=1451375 HTTP/1.1" 200 3406
36.228.153.220 - - [10/Mar/2016:04:50:26 +0800] "GET /content/subject/resource_content.jsp?oid=16797246&queryType=qc HTTP/1.1" 200 43651
36.228.153.220 - - [10/Mar/2016:04:50:26 +0800] "GET /content/nav/relationSubject.jsp?relationWords=&oid=16797246 HTTP/1.1" 200 1405
66.249.71.60 - - [10/Mar/2016:04:50:36 +0800] "GET /content/repository/resource_content.jsp?oid=1806995&queryString=%E5%AE%B4%E4%BA%AB%20%E5%AE%B4%E9%A3%B2%20%E6%9C%B1%E9%AE%AA%E5%A2%93%E7%A5%A0%E5%A0%82%20%E6%9C%B1%E9%AE%AA%E7%9F%B3%E5%AE%A4%E7%95%AB%E8%B1%A1%20%E9%87%91%E9%84%89%E7%A5%A0%E5%A0%82%E7%95%AB%E8%B1%A1 HTTP/1.1" 200 40434
66.249.71.105 - - [10/Mar/2016:04:51:07 +0800] "GET /content/repository/resource_content.jsp?oid=1777937&queryType=qs&queryString=%E5%A4%AA%E9%BA%BB%E8%A3%A1 HTTP/1.1" 200 43219
66.249.77.91 - - [10/Mar/2016:04:51:23 +0800] "GET /content/nav/relationSubject.jsp?relationWords=%E6%A3%8B%E7%9B%A4%E8%85%B3%E6%A8%B9%E5%B1%AC+%E6%A4%8D%E7%89%A9%E7%95%8C+%E6%B0%B4%E8%8C%84%E8%8B%B3+%E7%8E%89%E8%95%8A%E7%A7%91+&oid=2146250 HTTP/1.1" 200 4157
66.249.77.97 - - [10/Mar/2016:04:51:25 +0800] "GET /content/nav/relationSubject.jsp?relationWords=%E6%A3%8B%E7%9B%A4%E8%85%B3%E6%A8%B9%E5%B1%AC%20%E6%A4%8D%E7%89%A9%E7%95%8C%20%E6%B0%B4%E8%8C%84%E8%8B%B3%20%E7%8E%89%E8%95%8A%E7%A7%91%20&oid=2146250 HTTP/1.1" 200 4157
66.249.77.85 - - [10/Mar/2016:04:51:29 +0800] "GET /content/nav/relationSubject.jsp?relationWords=%E6%BD%9B%E6%B0%B4%E8%89%87%20%E7%83%8F%E8%B3%8A%20%E9%B8%9A%E9%B5%A1%E8%9E%BA%20&oid=16777745 HTTP/1.1" 200 3253
66.249.71.60 - - [10/Mar/2016:04:51:58 +0800] "GET /content/nav/relationSubject.jsp?relationWords=%E4%B8%80%E8%91%89%E8%98%AD%E5%B1%AC+%E5%8F%B0%E7%81%A3%E4%B8%80%E8%91%89%E8%98%AD+%E6%A4%8D%E7%89%A9%E7%95%8C+&oid=3815485 HTTP/1.1" 200 3187
40.77.167.39 - - [10/Mar/2016:04:52:39 +0800] "GET /content/nav/relationSubject.jsp?relationWords=%E6%B0%91%E6%97%8F%E5%AD%B8+%E6%B0%91%E9%96%93%E4%BF%A1%E4%BB%B0+&oid=16777557 HTTP/1.1" 200 5123
66.249.71.64 - - [10/Mar/2016:04:53:44 +0800] "GET /content/repository/resource_content.jsp?oid=4469395&queryString=%E8%95%83%E5%9C%B0%20%E9%AB%98%E9%9B%84%E5%B7%9E HTTP/1.1" 200 29184
66.249.71.105 - - [10/Mar/2016:04:55:19 +0800] "GET /content/repository/resource_content.jsp?oid=14979&queryType=qs&queryString=%E9%AD%9A%E7%B1%A0 HTTP/1.1" 200 35204
220.181.108.183 - - [10/Mar/2016:04:55:31 +0800] "GET /content/repository/resource_content.jsp?oid=217168 HTTP/1.1" 200 30642
66.249.77.97 - - [10/Mar/2016:04:55:49 +0800] "GET /content/nav/relationSubject.jsp?relationWords=%E5%BB%A2%E6%A3%84%E7%89%A9%E8%99%95%E7%90%86+%E6%96%B0%E7%AB%B9%E7%A7%91%E5%AD%B8%E5%9C%92%E5%8D%80+&oid=1613194 HTTP/1.1" 200 12865
66.249.74.102 - - [10/Mar/2016:04:55:51 +0800] "GET /content/repository/resource_content.jsp?oid=1101840 HTTP/1.1" 200 31501
66.249.77.91 - - [10/Mar/2016:04:55:52 +0800] "GET /content/nav/relationSubject.jsp?relationWords=%E5%BB%A2%E6%A3%84%E7%89%A9%E8%99%95%E7%90%86%20%E6%96%B0%E7%AB%B9%E7%A7%91%E5%AD%B8%E5%9C%92%E5%8D%80%20&oid=1613194 HTTP/1.1" 200 12865
66.249.71.64 - - [10/Mar/2016:04:56:10 +0800] "GET /content/repository/resource_content.jsp?oid=1517005 HTTP/1.1" 200 29064
66.249.71.64 - - [10/Mar/2016:04:56:12 +0800] "GET /content/nav/relationSubject.jsp?relationWords=%E6%B7%A1%E6%B1%9F%E5%A4%A7%E5%AD%B8+%E7%9B%9C%E9%A0%98+%E8%91%A3%E4%BA%8B%E9%95%B7+%E8%A8%B1%E9%81%A0%E6%9D%B1+%E8%B3%AA%E8%A9%A2+&oid=1609716 HTTP/1.1" 200 4145
66.249.71.60 - - [10/Mar/2016:04:56:14 +0800] "GET /content/nav/relationSubject.jsp?relationWords=%E6%B7%A1%E6%B1%9F%E5%A4%A7%E5%AD%B8%20%E7%9B%9C%E9%A0%98%20%E8%91%A3%E4%BA%8B%E9%95%B7%20%E8%A8%B1%E9%81%A0%E6%9D%B1%20%E8%B3%AA%E8%A9%A2%20&oid=1609716 HTTP/1.1" 200 4145
66.249.71.105 - - [10/Mar/2016:04:56:31 +0800] "GET /content/nav/relationSubject.jsp?relationWords=%E5%83%A7%E6%A0%BC%E6%9E%97%E6%B2%81+%E5%91%BD%E5%83%A7+%E5%A4%A7%E6%B2%BD+%E6%81%86%E7%A6%8F+%E6%A0%BC%E6%9E%97+%E8%98%86%E5%8F%B0+&oid=558909 HTTP/1.1" 200 3291
66.249.71.105 - - [10/Mar/2016:04:56:32 +0800] "GET /content/nav/relationSubject.jsp?relationWords=%E5%83%A7%E6%A0%BC%E6%9E%97%E6%B2%81%20%E5%91%BD%E5%83%A7%20%E5%A4%A7%E6%B2%BD%20%E6%81%86%E7%A6%8F%20%E6%A0%BC%E6%9E%97%20%E8%98%86%E5%8F%B0%20&oid=558909 HTTP/1.1" 200 3291
204.79.180.178 - - [10/Mar/2016:04:56:33 +0800] "GET /content/nav/relationSubject.jsp?relationWords=%E7%99%BD%E5%8D%83%E5%B1%A4+&oid=16777287 HTTP/1.1" 200 3852
66.249.71.105 - - [10/Mar/2016:04:56:53 +0800] "GET /content/repository/resource_content.jsp?oid=1569059&queryType=qs&queryString=%E6%AA%A2%E5%AF%9F%E5%AE%98 HTTP/1.1" 200 28918
66.249.71.60 - - [10/Mar/2016:04:56:56 +0800] "GET /content/nav/relationSubject.jsp?relationWords=%E6%87%87%E8%B3%9C+%E9%84%AD%E8%8A%9D%E9%BE%8D+&oid=2599451 HTTP/1.1" 200 3131
66.249.71.60 - - [10/Mar/2016:04:56:58 +0800] "GET /content/nav/relationSubject.jsp?relationWords=%E6%87%87%E8%B3%9C%20%E9%84%AD%E8%8A%9D%E9%BE%8D%20&oid=2599451 HTTP/1.1" 200 3131
66.249.71.60 - - [10/Mar/2016:04:56:59 +0800] "GET /content/nav/relationSubject.jsp?relationWords=%E5%81%87%E5%9C%B0%E8%97%8D+%E6%A4%8D%E7%89%A9%E7%95%8C+%E7%99%BE%E5%90%88%E5%B1%AC+%E8%A0%B6%E8%B1%86+%E9%87%8E%E7%99%BE%E5%90%88+%E9%87%8E%E7%99%BE%E5%90%88%E5%B1%AC+%E9%9B%99%E5%AD%90%E8%91%89+%E9%9B%99%E5%AD%90%E8%91%89%E6%A4%8D%E7%89%A9+&oid=1462812 HTTP/1.1" 200 3565
66.249.71.60 - - [10/Mar/2016:04:57:01 +0800] "GET /content/nav/relationSubject.jsp?relationWords=%E5%81%87%E5%9C%B0%E8%97%8D%20%E6%A4%8D%E7%89%A9%E7%95%8C%20%E7%99%BE%E5%90%88%E5%B1%AC%20%E8%A0%B6%E8%B1%86%20%E9%87%8E%E7%99%BE%E5%90%88%20%E9%87%8E%E7%99%BE%E5%90%88%E5%B1%AC%20%E9%9B%99%E5%AD%90%E8%91%89%20%E9%9B%99%E5%AD%90%E8%91%89%E6%A4%8D%E7%89%A9%20&oid=1462812 HTTP/1.1" 200 3565
66.249.71.60 - - [10/Mar/2016:04:57:56 +0800] "GET /content/subject/resource_content.jsp?oid=16777456 HTTP/1.1" 200 34433
66.249.74.98 - - [10/Mar/2016:04:58:24 +0800] "GET /content/nav/relationSubject.jsp?relationWords=%E5%81%87%E6%9C%A8%E8%B1%86+%E6%9C%A8%E5%B1%B1%E8%9E%9E%E8%9D%97%E5%B1%AC+%E6%A4%8D%E7%89%A9%E7%95%8C+%E8%A0%B6%E8%B1%86+%E9%9B%99%E5%AD%90%E8%91%89%E6%A4%8D%E7%89%A9+&oid=2145982 HTTP/1.1" 200 3447
66.249.77.97 - - [10/Mar/2016:04:58:24 +0800] "GET /content/nav/relationSubject.jsp?relationWords=%E4%B9%9D%E5%B9%B4%E4%B8%80%E8%B2%AB+%E5%9B%9B%E5%BA%9C%E6%95%99+&oid=1619701 HTTP/1.1" 200 3676
66.249.71.60 - - [10/Mar/2016:04:58:26 +0800] "GET /content/nav/relationSubject.jsp?relationWords=%E5%81%87%E6%9C%A8%E8%B1%86%20%E6%9C%A8%E5%B1%B1%E8%9E%9E%E8%9D%97%E5%B1%AC%20%E6%A4%8D%E7%89%A9%E7%95%8C%20%E8%A0%B6%E8%B1%86%20%E9%9B%99%E5%AD%90%E8%91%89%E6%A4%8D%E7%89%A9%20&oid=2145982 HTTP/1.1" 200 3447
66.249.77.91 - - [10/Mar/2016:04:58:26 +0800] "GET /content/nav/relationSubject.jsp?relationWords=%E4%B9%9D%E5%B9%B4%E4%B8%80%E8%B2%AB%20%E5%9B%9B%E5%BA%9C%E6%95%99%20&oid=1619701 HTTP/1.1" 200 3676
66.249.71.60 - - [10/Mar/2016:04:58:59 +0800] "GET /content/repository/resource_content.jsp?oid=14953&queryString=%E7%B4%85%E9%BB%83%E5%B8%B6%E8%8A%B1%E9%AE%A8%20%E8%8A%B1%E9%AE%A8%20%E8%8A%B1%E9%B1%B8 HTTP/1.1" 200 34377
66.249.71.60 - - [10/Mar/2016:05:01:36 +0800] "GET /content/subject/resource_content.jsp?oid=16777599&queryString= HTTP/1.1" 200 36977
66.249.71.164 - - [10/Mar/2016:05:02:52 +0800] "GET /content/pictures/picture_content.jsp?oid=33554791 HTTP/1.1" 200 27182
66.249.77.91 - - [10/Mar/2016:05:02:59 +0800] "GET /content/nav/relationSubject.jsp?relationWords=%E5%9C%B0%E9%8C%A6%E8%8D%89%E5%B1%AC+%E5%A4%A7%E6%88%9F+%E5%A4%A7%E6%88%9F%E7%A7%91+%E6%A4%8D%E7%89%A9%E7%95%8C+%E9%B5%9D%E9%91%BE%E9%BC%BB%E5%A4%A7%E6%88%9F+&oid=3814046 HTTP/1.1" 200 3406
66.249.71.60 - - [10/Mar/2016:05:03:09 +0800] "GET /content/repository/resource_content.jsp?oid=1123782&queryType=qc HTTP/1.1" 200 36711
66.249.71.60 - - [10/Mar/2016:05:03:11 +0800] "GET /content/repository/resource_content.jsp?oid=14427&queryString=%E5%8D%B0%E5%BA%A6%E6%A7%8D%E9%AD%9A%20%E6%97%97%E9%AD%9A%20%E7%99%BD%E8%82%89%20%E7%AB%8B%E7%BF%85%E6%97%97%E9%AD%9A HTTP/1.1" 200 35338
66.249.77.91 - - [10/Mar/2016:05:03:15 +0800] "GET /content/subject/resource_content.jsp?oid=16777458&queryType=qc HTTP/1.1" 200 31609
66.249.71.64 - - [10/Mar/2016:05:04:46 +0800] "GET /content/repository/resource_content.jsp?oid=1548938 HTTP/1.1" 200 28548
66.249.71.60 - - [10/Mar/2016:05:05:11 +0800] "GET /content/nav/relationSubject.jsp?relationWords=%E5%9C%B0%E6%94%BF%E5%B1%80+%E7%9C%81%E6%94%BF%E5%BA%9C+%E8%87%BA%E7%81%A3%E7%9C%81%E8%AD%B0%E6%9C%83+%E8%BE%B2%E5%9C%B0%E9%87%8D%E5%8A%83+%E9%99%B3%E6%A0%B9%E5%A1%97+&oid=1896724 HTTP/1.1" 200 4702
66.249.74.98 - - [10/Mar/2016:05:05:18 +0800] "GET /content/repository/resource_content.jsp?oid=1619856 HTTP/1.1" 200 28786
66.249.71.60 - - [10/Mar/2016:05:05:18 +0800] "GET /content/nav/relationSubject.jsp?relationWords=%E5%9C%B0%E6%94%BF%E5%B1%80%20%E7%9C%81%E6%94%BF%E5%BA%9C%20%E8%87%BA%E7%81%A3%E7%9C%81%E8%AD%B0%E6%9C%83%20%E8%BE%B2%E5%9C%B0%E9%87%8D%E5%8A%83%20%E9%99%B3%E6%A0%B9%E5%A1%97%20&oid=1896724 HTTP/1.1" 200 4702
66.249.71.113 - - [10/Mar/2016:05:05:35 +0800] "GET /content/nav/relationSubject.jsp?relationWords=%E5%90%89%E9%87%8E%E6%9D%91+%E5%9C%96%E9%9B%86%E5%90%8D+%E6%B8%AC%E9%87%8F%E5%9C%96+&oid=173543 HTTP/1.1" 200 3167
66.249.71.105 - - [10/Mar/2016:05:05:37 +0800] "GET /content/nav/relationSubject.jsp?relationWords=%E5%90%89%E9%87%8E%E6%9D%91%20%E5%9C%96%E9%9B%86%E5%90%8D%20%E6%B8%AC%E9%87%8F%E5%9C%96%20&oid=173543 HTTP/1.1" 200 3167
66.249.71.60 - - [10/Mar/2016:05:05:48 +0800] "GET /content/repository/resource_content.jsp?oid=2512809 HTTP/1.1" 200 30020
66.249.71.60 - - [10/Mar/2016:05:06:21 +0800] "GET /content/repository/resource_content.jsp?oid=1522342 HTTP/1.1" 200 28816
204.79.180.23 - - [10/Mar/2016:05:06:23 +0800] "GET /content/nav/relationSubject.jsp?relationWords=%E5%B1%B1%E6%AB%BB%E8%8A%B1+&oid=16777304 HTTP/1.1" 200 4452
66.249.71.60 - - [10/Mar/2016:05:06:51 +0800] "GET /content/repository/resource_content.jsp?oid=2605704 HTTP/1.1" 200 29107
66.249.77.97 - - [10/Mar/2016:05:06:53 +0800] "GET /content/repository/resource_content.jsp?oid=1780653&queryString=%E7%BE%BD%E5%86%A0 HTTP/1.1" 200 28626
66.249.77.91 - - [10/Mar/2016:05:07:06 +0800] "GET /content/nav/relationSubject.jsp?relationWords=%E5%96%AE%E9%B0%AD+%E8%99%8E%E9%AD%9A+&oid=14894 HTTP/1.1" 200 3345
66.249.77.91 - - [10/Mar/2016:05:07:09 +0800] "GET /content/nav/relationSubject.jsp?relationWords=%E5%96%AE%E9%B0%AD%20%E8%99%8E%E9%AD%9A%20&oid=14894 HTTP/1.1" 200 3345
66.249.77.85 - - [10/Mar/2016:05:07:23 +0800] "GET /content/repository/resource_content.jsp?oid=3397248&queryType=qs&queryString=%E7%8F%AD%E9%A6%AC HTTP/1.1" 200 29477
66.249.74.61 - - [10/Mar/2016:05:07:55 +0800] "GET /content/repository/resource_content.jsp?oid=2680933&queryType=qs&queryString=%E7%A6%8F%E7%8F%A0%E9%9A%86%E9%98%BF HTTP/1.1" 200 30214
66.249.71.60 - - [10/Mar/2016:05:08:26 +0800] "GET /content/repository/resource_content.jsp?oid=1831531 HTTP/1.1" 200 30144
66.249.71.60 - - [10/Mar/2016:05:08:57 +0800] "GET /content/repository/resource_content.jsp?oid=1593747 HTTP/1.1" 200 30286
66.249.71.173 - - [10/Mar/2016:05:09:25 +0800] "GET /content/nav/relationSubject.jsp?relationWords=%E7%B4%85%E9%A0%AD%E5%82%9C%E6%AD%A3%E9%9D%A2+&oid=1173863 HTTP/1.1" 200 2452
66.249.71.173 - - [10/Mar/2016:05:09:27 +0800] "GET /content/nav/relationSubject.jsp?relationWords=%E7%B4%85%E9%A0%AD%E5%82%9C%E6%AD%A3%E9%9D%A2%20&oid=1173863 HTTP/1.1" 200 2452
66.249.71.60 - - [10/Mar/2016:05:09:29 +0800] "GET /content/repository/resource_content.jsp?oid=220604 HTTP/1.1" 200 30059
68.180.228.187 - - [10/Mar/2016:05:09:37 +0800] "GET /content/tmp_exh/resource_content.jsp?oid=16777848&queryType=qc HTTP/1.1" 200 37207
66.249.71.60 - - [10/Mar/2016:05:09:50 +0800] "GET /content/nav/relationSubject.jsp?relationWords=%E8%88%AA%E7%A9%BA%E5%9C%96%20&oid=188440 HTTP/1.1" 200 3229
66.249.71.60 - - [10/Mar/2016:05:10:02 +0800] "GET /content/repository/resource_content.jsp?oid=1590323 HTTP/1.1" 200 29048
66.249.71.60 - - [10/Mar/2016:05:10:32 +0800] "GET /content/repository/resource_content.jsp?oid=1124214&queryType=qs&queryString=%E6%B5%AE%E6%B8%B8%E7%94%9F%E7%89%A9 HTTP/1.1" 200 38425
66.249.71.60 - - [10/Mar/2016:05:10:46 +0800] "GET /digiarch_en/content/nav/relationSubject.jsp?relationWords=%E5%87%B9%E5%B0%BE%E5%A1%98%E9%B1%A7+%E5%A1%98%E9%B1%A7+%E5%A4%A7%E5%8F%A3%E7%B7%9A%E5%A1%98%E9%B1%A7+%E7%B5%B2%E9%B0%AD+%E7%B5%B2%E9%B0%AD%E7%B7%9A%E5%A1%98%E9%B1%A7+%E9%B1%A7%E7%A7%91+&oid=16251 HTTP/1.1" 200 3583
66.249.71.60 - - [10/Mar/2016:05:10:47 +0800] "GET /digiarch_en/content/nav/relationSubject.jsp?relationWords=%E5%87%B9%E5%B0%BE%E5%A1%98%E9%B1%A7%20%E5%A1%98%E9%B1%A7%20%E5%A4%A7%E5%8F%A3%E7%B7%9A%E5%A1%98%E9%B1%A7%20%E7%B5%B2%E9%B0%AD%20%E7%B5%B2%E9%B0%AD%E7%B7%9A%E5%A1%98%E9%B1%A7%20%E9%B1%A7%E7%A7%91%20&oid=16251 HTTP/1.1" 200 3583
66.249.71.60 - - [10/Mar/2016:05:11:03 +0800] "GET /content/repository/resource_content.jsp?oid=1104989&queryString=%E4%B8%80%E6%9E%9D%E9%A6%99%20%E6%96%91%E9%B3%A9%E8%8F%8A%E5%B1%AC%20%E6%A4%8D%E7%89%A9%E7%95%8C%20%E8%8F%8A%E7%A7%91%20%E9%9B%99%E5%AD%90%E8%91%89%E6%A4%8D%E7%89%A9 HTTP/1.1" 200 31674
66.249.77.85 - - [10/Mar/2016:05:11:35 +0800] "GET /content/repository/resource_content.jsp?oid=2663977&queryString=%E5%8A%89%E6%AC%8A%E4%B9%8B HTTP/1.1" 200 30332
66.249.71.60 - - [10/Mar/2016:05:12:06 +0800] "GET /content/repository/resource_content.jsp?oid=1900148 HTTP/1.1" 200 29985
66.249.71.60 - - [10/Mar/2016:05:12:23 +0800] "GET /content/repository/resource_content.jsp?oid=231089 HTTP/1.1" 200 30227
66.249.74.98 - - [10/Mar/2016:05:12:38 +0800] "GET /content/repository/resource_content.jsp?oid=1081354&queryString=%E7%AE%AD%E9%BD%92%E5%89%8D%E8%82%9B%E9%B0%BB%20%E7%B3%AF%E9%B0%BB%20%E9%B0%93%E9%B0%BB%20%E9%B0%BB%E7%A7%91 HTTP/1.1" 200 31509
66.249.71.60 - - [10/Mar/2016:05:13:11 +0800] "GET /content/repository/resource_content.jsp?oid=1898890 HTTP/1.1" 200 29380
66.249.71.5 - - [10/Mar/2016:05:13:15 +0800] "GET /digiarch3/content/nav/relationSubject.jsp?relationWords=%E5%85%AC%E6%95%99%E4%BA%BA%E5%93%A1+%E7%9C%81%E6%94%BF%E5%BA%9C+%E8%A8%AD%E5%AD%97+%E8%AA%BF%E6%9F%A5%E7%A0%94%E7%A9%B6+&oid=1585605 HTTP/1.1" 200 4622
66.249.71.113 - - [10/Mar/2016:05:13:33 +0800] "GET /content/nav/relationSubject.jsp?relationWords=%E5%BE%90%E6%85%B6%E5%85%83+%E6%9E%97%E6%98%A5+%E8%98%87%E6%96%87%E9%9B%84+%E9%A1%8F%E6%B8%85%E6%A8%99+&oid=1894129 HTTP/1.1" 200 3286
66.249.71.113 - - [10/Mar/2016:05:13:35 +0800] "GET /content/nav/relationSubject.jsp?relationWords=%E5%BE%90%E6%85%B6%E5%85%83%20%E6%9E%97%E6%98%A5%20%E8%98%87%E6%96%87%E9%9B%84%20%E9%A1%8F%E6%B8%85%E6%A8%99%20&oid=1894129 HTTP/1.1" 200 3286
66.249.71.60 - - [10/Mar/2016:05:13:41 +0800] "GET /content/repository/resource_content.jsp?oid=1781596 HTTP/1.1" 200 28846
66.249.71.60 - - [10/Mar/2016:05:13:58 +0800] "GET /content/repository/resource_content.jsp?oid=4551404&queryString=%E5%9C%93%E8%9A%8C%20%E5%9C%93%E8%9A%8C%E5%B1%AC%20%E7%94%B0%E8%9A%8C%20%E8%9A%8C%E7%A7%91%20%E9%9B%99%E6%AE%BC%E7%B6%B1 HTTP/1.1" 200 30913
66.249.74.98 - - [10/Mar/2016:05:14:13 +0800] "GET /digiarch_en/content/subject/resource_content.jsp?oid=16777746&queryString=%E6%96%87%E5%8C%96%E4%B8%AD%E5%BF%83%20%E6%B5%B7%E9%AE%AE%20%E7%94%9F%E7%89%A9%E5%A4%9A%E6%A8%A3%E6%80%A7 HTTP/1.1" 200 35462
66.249.71.5 - - [10/Mar/2016:05:14:18 +0800] "GET /digiarch3/content/nav/relationSubject.jsp?relationWords=%E5%88%BA%E5%B0%BE%E9%AD%9A%20%E5%88%BA%E5%B0%BE%E9%AF%9B%E7%A7%91%20%E6%9D%9C%E6%B0%8F%E5%88%BA%E5%B0%BE%E9%AF%9B%20%E7%9C%BC%E7%B4%8B%20%E7%B2%97%E7%9A%AE%E4%BB%94%20%E9%A1%8D%E5%B8%B6%20&oid=16281 HTTP/1.1" 200 3310
123.125.71.69 - - [10/Mar/2016:05:14:26 +0800] "GET /content/tmp_exh/resource_content.jsp?oid=16777715&queryType=qc%201921 HTTP/1.1" 200 32435
66.249.71.60 - - [10/Mar/2016:05:14:35 +0800] "GET /content/nav/relationSubject.jsp?relationWords=%E4%B8%83%E5%BA%9C%E4%BA%BA+%E5%BA%9C%E4%BA%BA%E4%B8%99%E5%AD%97+%E7%A6%8F%E5%88%A9%E7%A4%BE+&oid=1570050 HTTP/1.1" 200 4262
66.249.71.164 - - [10/Mar/2016:05:14:37 +0800] "GET /content/nav/relationSubject.jsp?relationWords=%E5%B7%A5%E9%83%A8+%E8%A1%9B%E6%B2%B3+&oid=2643568 HTTP/1.1" 200 3103
66.249.71.155 - - [10/Mar/2016:05:14:44 +0800] "GET /content/repository/resource_content.jsp?oid=2680325&queryString=%E8%B3%9A%E4%BA%8B%20%E8%B3%9E%E8%B3%9A HTTP/1.1" 200 30383
66.249.79.172 - - [10/Mar/2016:05:14:52 +0800] "GET /content/nav/relationSubject.jsp?relationWords=%E5%B7%A5%E9%83%A8%20%E8%A1%9B%E6%B2%B3%20&oid=2643568 HTTP/1.1" 200 3103
66.249.71.60 - - [10/Mar/2016:05:15:15 +0800] "GET /content/repository/resource_content.jsp?oid=15244&queryString=%E5%B7%B4%E6%94%8F%20%E7%A1%AC%E5%B0%BE HTTP/1.1" 200 34202
66.249.74.98 - - [10/Mar/2016:05:15:47 +0800] "GET /content/repository/resource_content.jsp?oid=1081606&queryString=%E5%9B%9B%E9%BD%92%E4%BB%94%20%E5%AF%92%E9%AF%9B%20%E6%A5%94%E6%96%91%E8%B1%AC%E9%BD%92%E9%AD%9A%20%E7%B0%BE%E4%BB%94%20%E8%A5%BF%E9%BD%92%20%E9%9A%86%E9%A0%AD%E9%AD%9A%E7%A7%91%20%E9%9E%8D%E6%96%91%E8%B1%AC%E9%BD%92%E9%AD%9A HTTP/1.1" 200 33799
66.249.74.59 - - [10/Mar/2016:05:16:19 +0800] "GET /content/repository/resource_content.jsp?oid=2535225&queryType=qs&queryString=%E7%B9%BC%E7%88%B6 HTTP/1.1" 200 30193
66.249.71.72 - - [10/Mar/2016:05:17:35 +0800] "GET /content/subject/resource_content.jsp?oid=16777697 HTTP/1.1" 200 27612
66.249.71.64 - - [10/Mar/2016:05:17:40 +0800] "GET /content/nav/relationSubject.jsp?relationWords=%E6%BA%AA%E9%A0%AD%E7%A7%8B%E6%B5%B7%E6%A3%A0%20&oid=33554449 HTTP/1.1" 200 3252
66.249.71.64 - - [10/Mar/2016:05:18:16 +0800] "GET /content/nav/relationSubject.jsp?relationWords=%E6%96%87%E5%8C%96%E8%97%9D%E8%A1%93+%E8%A9%AE%E9%87%8B%E7%A0%94%E7%A9%B6+%E9%AD%AF%E5%87%B1%E6%97%8F+&oid=1778495 HTTP/1.1" 200 3339
66.249.71.60 - - [10/Mar/2016:05:18:19 +0800] "GET /content/nav/relationSubject.jsp?relationWords=%E6%96%87%E5%8C%96%E8%97%9D%E8%A1%93%20%E8%A9%AE%E9%87%8B%E7%A0%94%E7%A9%B6%20%E9%AD%AF%E5%87%B1%E6%97%8F%20&oid=1778495 HTTP/1.1" 200 3339
66.249.71.60 - - [10/Mar/2016:05:18:23 +0800] "GET /content/nav/relationSubject.jsp?relationWords=%E6%A4%8D%E7%89%A9%E7%95%8C+%E8%93%AE%E5%AF%A6+%E8%98%87%E6%9C%A8%E5%B1%AC+%E8%A0%B6%E8%B1%86+%E9%9B%99%E5%AD%90%E8%91%89%E6%A4%8D%E7%89%A9+&oid=1462551 HTTP/1.1" 200 3311
66.249.71.5 - - [10/Mar/2016:05:18:24 +0800] "GET /digiarch3/content/repository/resource_content.jsp?oid=1780657&queryType=qs&queryString=%E7%AB%B9%E7%AD%8F HTTP/1.1" 200 28774
66.249.71.60 - - [10/Mar/2016:05:18:25 +0800] "GET /content/nav/relationSubject.jsp?relationWords=%E6%A4%8D%E7%89%A9%E7%95%8C%20%E8%93%AE%E5%AF%A6%20%E8%98%87%E6%9C%A8%E5%B1%AC%20%E8%A0%B6%E8%B1%86%20%E9%9B%99%E5%AD%90%E8%91%89%E6%A4%8D%E7%89%A9%20&oid=1462551 HTTP/1.1" 200 3311
66.249.71.5 - - [10/Mar/2016:05:19:27 +0800] "GET /digiarch3/content/repository/resource_content.jsp?oid=1598814&queryType=qs&queryString=%E6%A0%B8%E4%B8%89%E5%BB%A0 HTTP/1.1" 200 28735
111.206.36.147 - - [10/Mar/2016:05:19:52 +0800] "GET /content/subject/resource_content.jsp?oid=16797282&queryType=qc HTTP/1.1" 200 78850
66.249.71.60 - - [10/Mar/2016:05:19:59 +0800] "GET /content/repository/resource_content.jsp?oid=1124815&queryString=%E8%85%B9%E8%B6%B3%E7%B6%B1%20%E8%91%A1%E8%90%84%E8%9E%BA HTTP/1.1" 200 31510
66.249.71.60 - - [10/Mar/2016:05:20:07 +0800] "GET /digiarch_en/content/nav/relationSubject.jsp?relationWords=%E6%81%86%E6%98%A5%E6%A5%A8%E6%A5%A0+%E6%A4%8D%E7%89%A9%E7%95%8C+%E6%A5%A0%E5%B1%AC+%E6%A8%9F%E7%A7%91+&oid=1457115 HTTP/1.1" 200 3370
