66.249.71.248 - - [05/Jun/2016:00:00:30 +0800] "GET /content/repository/resource_content.jsp?oid=2673098&queryType=qs&queryString=%E5%8A%89%E7%82%B3 HTTP/1.1" 200 29880
180.76.15.13 - - [05/Jun/2016:00:00:36 +0800] "GET /content/repository/resource_content.jsp?oid=2676234 HTTP/1.1" 200 30247
173.252.95.15 - - [05/Jun/2016:00:01:09 +0800] "GET /content/repository/resource_content.jsp?oid=1621757&queryString=%E5%A8%9C%E6%8B%89%E9%A2%B1%E9%A2%A8&queryType=qs HTTP/1.1" 200 29238
111.83.137.243 - - [05/Jun/2016:00:01:50 +0800] "GET /content/nav/relationSubject.jsp?relationWords=&oid=16777576 HTTP/1.1" 200 1405
66.249.71.248 - - [05/Jun/2016:00:02:32 +0800] "GET /content/repository/resource_content.jsp?oid=14430&queryType=qs&queryString=%E9%B0%BB%E9%AF%B0 HTTP/1.1" 200 36113
66.249.71.199 - - [05/Jun/2016:00:02:41 +0800] "GET /content/nav/relationSubject.jsp?relationWords=%E4%BA%A4%E9%80%9A%E5%AE%89%E5%85%A8+%E5%81%9C%E8%BB%8A%E5%A0%B4+%E5%85%AC%E5%85%B1%E5%B7%A5%E7%A8%8B+%E6%85%88%E6%98%8E+%E6%93%B4%E5%BB%BA+%E6%9C%83%E8%AD%B0%E5%AE%A4+%E7%95%AB%E9%81%93+%E8%87%BA%E4%B8%AD%E7%B8%A3+%E8%A3%9C%E7%BF%92%E5%AD%B8%E6%A0%A1+&oid=1899943 HTTP/1.1" 200 5673
66.249.71.242 - - [05/Jun/2016:00:03:31 +0800] "GET /content/nav/relationSubject.jsp?relationWords=%E5%90%8C%E7%9F%A5+%E5%90%8F%E9%83%A8+%E5%A8%81%E9%81%A0+&oid=2634098 HTTP/1.1" 200 4062
66.249.71.242 - - [05/Jun/2016:00:03:33 +0800] "GET /content/nav/relationSubject.jsp?relationWords=%E5%90%8C%E7%9F%A5%20%E5%90%8F%E9%83%A8%20%E5%A8%81%E9%81%A0%20&oid=2634098 HTTP/1.1" 200 4062
66.249.79.200 - - [05/Jun/2016:00:03:37 +0800] "GET /content/repository/resource_content.jsp?oid=2689871 HTTP/1.1" 200 29961
66.249.71.136 - - [05/Jun/2016:00:04:33 +0800] "GET /content/repository/resource_content.jsp?oid=1781795&queryString=%E5%8F%B0%E7%81%A3%E5%8E%9F%E4%BD%8F%E6%B0%91%20%E7%85%99%E6%96%97%20%E8%8F%B8%E8%8D%89 HTTP/1.1" 200 28933
173.252.95.14 - - [05/Jun/2016:00:05:17 +0800] "GET /content/repository/resource_content.jsp?oid=1625465&queryString=%E5%A8%9C%E6%8B%89%E9%A2%B1%E9%A2%A8&queryType=qs HTTP/1.1" 200 28903
66.249.71.242 - - [05/Jun/2016:00:05:35 +0800] "GET /content/repository/resource_content.jsp?oid=1522399&queryType=qs&queryString=%E9%83%BD%E5%B8%82%E5%9C%9F%E5%9C%B0 HTTP/1.1" 200 29422
123.125.71.75 - - [05/Jun/2016:00:06:34 +0800] "GET /content/subject/resource_content.jsp?oid=16777483&queryType=qc HTTP/1.1" 200 43954
66.249.71.242 - - [05/Jun/2016:00:06:35 +0800] "GET /content/repository/resource_content.jsp?oid=1887319&queryType=qs&queryString=%E5%8F%97%E6%8B%82 HTTP/1.1" 200 31120
66.249.71.143 - - [05/Jun/2016:00:07:36 +0800] "GET /content/repository/resource_content.jsp?oid=2631517 HTTP/1.1" 200 29574
36.235.177.114 - - [05/Jun/2016:00:08:12 +0800] "GET /content/repository/resource_content.jsp?oid=1776928 HTTP/1.1" 200 34606
36.235.177.114 - - [05/Jun/2016:00:08:12 +0800] "GET /content/nav/relationSubject.jsp?relationWords=%E5%BE%8C%E6%AE%96%E6%B0%91%E8%AB%96%E8%BF%B0+%E7%A4%BE%E6%9C%83%E5%95%8F%E9%A1%8C+&oid=1776928 HTTP/1.1" 200 4199
66.249.71.136 - - [05/Jun/2016:00:08:15 +0800] "GET /content/nav/relationSubject.jsp?relationWords=%E6%98%8E%E5%88%8A%E6%9C%AC+%E8%81%AF%E5%90%88%E7%9B%AE%E9%8C%84+&oid=3205529 HTTP/1.1" 200 2587
66.249.71.136 - - [05/Jun/2016:00:08:16 +0800] "GET /content/nav/relationSubject.jsp?relationWords=%E6%98%8E%E5%88%8A%E6%9C%AC%20%E8%81%AF%E5%90%88%E7%9B%AE%E9%8C%84%20&oid=3205529 HTTP/1.1" 200 2587
66.249.71.136 - - [05/Jun/2016:00:08:43 +0800] "GET /content/repository/resource_content.jsp?oid=523888&queryString=%E4%B8%AD%E8%85%B9%E8%B6%B3%E7%9B%AE%20%E5%AF%B6%E8%9E%BA%20%E5%AF%B6%E8%9E%BA%E5%B1%AC%20%E5%AF%B6%E8%9E%BA%E7%A7%91%20%E5%B9%B3%E7%80%A8%20%E8%85%B9%E8%B6%B3%E7%B6%B1 HTTP/1.1" 200 38210
157.55.39.53 - - [05/Jun/2016:00:09:08 +0800] "GET /content/repository/resource_content.jsp?oid=1461805 HTTP/1.1" 200 31201
66.249.71.166 - - [05/Jun/2016:00:09:10 +0800] "GET /content/nav/relationSubject.jsp?relationWords=%E5%91%A8%E5%A4%A9%E5%95%9F+%E5%A4%A9%E5%95%9F+%E7%81%A3%E7%9C%81%E6%94%BF%E5%BA%9C+%E7%8E%8B%E9%9B%B2%E9%BE%8D+%E7%9C%81%E6%94%BF%E5%BA%9C+%E8%87%BA%E7%81%A3%E7%9C%81+%E8%87%BA%E7%81%A3%E7%9C%81%E6%94%BF%E5%BA%9C+%E9%99%B3%E9%80%A2%E6%BA%90+%E9%A6%AC%E6%9C%89%E5%B2%B3+&oid=1519900 HTTP/1.1" 200 4887
66.249.71.159 - - [05/Jun/2016:00:09:14 +0800] "GET /content/nav/relationSubject.jsp?relationWords=%E5%91%A8%E5%A4%A9%E5%95%9F%20%E5%A4%A9%E5%95%9F%20%E7%81%A3%E7%9C%81%E6%94%BF%E5%BA%9C%20%E7%8E%8B%E9%9B%B2%E9%BE%8D%20%E7%9C%81%E6%94%BF%E5%BA%9C%20%E8%87%BA%E7%81%A3%E7%9C%81%20%E8%87%BA%E7%81%A3%E7%9C%81%E6%94%BF%E5%BA%9C%20%E9%99%B3%E9%80%A2%E6%BA%90%20%E9%A6%AC%E6%9C%89%E5%B2%B3%20&oid=1519900 HTTP/1.1" 200 4887
66.249.71.136 - - [05/Jun/2016:00:09:23 +0800] "GET /content/nav/relationSubject.jsp?relationWords=%E5%89%8D%E5%8E%9F%E9%B5%9D%E8%A7%80%E8%8D%89+%E6%A4%8D%E7%89%A9%E7%95%8C+%E7%A6%BE%E6%9C%AC%E7%A7%91+%E8%8E%8E%E8%8D%89+%E9%B5%9D%E8%A7%80%E8%8D%89+%E9%B5%9D%E8%A7%80%E8%8D%89%E5%B1%AC+&oid=1458704 HTTP/1.1" 200 3425
66.249.79.200 - - [05/Jun/2016:00:09:25 +0800] "GET /content/nav/relationSubject.jsp?relationWords=%E5%89%8D%E5%8E%9F%E9%B5%9D%E8%A7%80%E8%8D%89%20%E6%A4%8D%E7%89%A9%E7%95%8C%20%E7%A6%BE%E6%9C%AC%E7%A7%91%20%E8%8E%8E%E8%8D%89%20%E9%B5%9D%E8%A7%80%E8%8D%89%20%E9%B5%9D%E8%A7%80%E8%8D%89%E5%B1%AC%20&oid=1458704 HTTP/1.1" 200 3425
66.249.71.194 - - [05/Jun/2016:00:09:38 +0800] "GET /content/repository/resource_content.jsp?oid=2671553&queryString=%E7%9B%A7%E6%BA%9D%E6%A9%8B HTTP/1.1" 200 30240
66.249.71.200 - - [05/Jun/2016:00:10:39 +0800] "GET /content/repository/resource_content.jsp?oid=4511443&queryString=%E4%BD%9B%E9%BE%95 HTTP/1.1" 200 29317
66.249.71.254 - - [05/Jun/2016:00:11:39 +0800] "GET /content/repository/resource_content.jsp?oid=14669&queryType=qs&queryString=%E9%B6%B4%E9%B1%B5 HTTP/1.1" 200 35870
66.249.79.200 - - [05/Jun/2016:00:13:06 +0800] "GET /content/nav/relationSubject.jsp?relationWords=%E5%90%88%E5%BA%AB+%E5%95%86%E6%BC%81+%E5%9B%9B%E5%BA%9C+%E8%B2%A0%E8%B2%AC%E4%BA%BA+%E9%87%91%E8%9E%8D+&oid=1564308 HTTP/1.1" 200 4030
66.249.71.136 - - [05/Jun/2016:00:13:10 +0800] "GET /content/nav/relationSubject.jsp?relationWords=%E5%90%88%E5%BA%AB%20%E5%95%86%E6%BC%81%20%E5%9B%9B%E5%BA%9C%20%E8%B2%A0%E8%B2%AC%E4%BA%BA%20%E9%87%91%E8%9E%8D%20&oid=1564308 HTTP/1.1" 200 4030
211.74.52.30 - - [05/Jun/2016:00:13:21 +0800] "GET /content/nav/relationSubject.jsp?relationWords=%E5%A4%8F%E5%A4%9C+%E6%B0%B4%E8%8C%84+%E6%B0%B4%E8%8C%84%E8%8B%B3+%E8%8C%84%E8%8B%B3+&oid=16777503 HTTP/1.1" 200 4551
180.217.138.142 - - [05/Jun/2016:00:13:22 +0800] "GET /content/subject/resource_content.jsp?oid=16797271&queryType=qc HTTP/1.1" 200 55290
180.217.138.142 - - [05/Jun/2016:00:13:29 +0800] "GET /content/nav/relationSubject.jsp?relationWords=&oid=16797271 HTTP/1.1" 200 1405
66.249.71.136 - - [05/Jun/2016:00:13:32 +0800] "GET /content/tmp_exh/resource_content.jsp?oid=16777760&amp;queryType=qc%201889 HTTP/1.1" 200 35810
66.249.71.136 - - [05/Jun/2016:00:13:41 +0800] "GET /content/repository/resource_content.jsp?oid=1620796 HTTP/1.1" 200 29117
157.55.39.53 - - [05/Jun/2016:00:13:46 +0800] "GET /content/repository/resource_content.jsp?oid=14974&queryString=%E4%B9%9D%E5%88%BA%E9%AE%A8 HTTP/1.1" 200 34298
66.249.71.136 - - [05/Jun/2016:00:13:49 +0800] "GET /content/repository/resource_content.jsp?oid=183253 HTTP/1.1" 200 30217
65.55.218.46 - - [05/Jun/2016:00:13:53 +0800] "GET /content/nav/relationSubject.jsp?relationWords=%E5%BF%97%E4%BD%B3%E9%99%BD%E6%9D%9C%E9%B5%91+%E6%9D%9C%E9%B5%91+%E6%9D%9C%E9%B5%91%E8%8A%B1+%E7%99%BD%E7%90%89%E7%90%83%E6%9D%9C%E9%B5%91+%E8%91%97%E7%94%9F%E6%9D%9C%E9%B5%91+&oid=16777345 HTTP/1.1" 200 5135
66.249.71.205 - - [05/Jun/2016:00:14:05 +0800] "GET /digiarch3/content/nav/relationSubject.jsp?relationWords=%E6%B0%B0%E6%B0%AE%E5%8C%96%E9%88%A3+%E7%A8%BB%E7%A9%97+%E7%B6%93%E6%BF%9F%E9%83%A8+&oid=1565415 HTTP/1.1" 200 4774
66.249.71.152 - - [05/Jun/2016:00:14:42 +0800] "GET /content/repository/resource_content.jsp?oid=4550043&queryString=%E5%8D%97%E4%BA%9E%E8%9D%B8%E7%89%9B%E7%A7%91%20%E5%A4%9A%E8%AE%8A%E9%AB%98%E8%85%B0%E8%9D%B8%E7%89%9B%20%E6%9F%84%E7%9C%BC%E7%9B%AE%20%E6%A0%97%E8%9D%B8%E7%89%9B%E5%B1%AC%20%E8%85%B9%E8%B6%B3%E7%B6%B1 HTTP/1.1" 200 31426
66.249.71.136 - - [05/Jun/2016:00:15:08 +0800] "GET /content/nav/relationSubject.jsp?relationWords=%E6%81%AD%E7%B9%95+&oid=2659743 HTTP/1.1" 200 3084
66.249.71.136 - - [05/Jun/2016:00:15:10 +0800] "GET /content/nav/relationSubject.jsp?relationWords=%E6%81%AD%E7%B9%95%20&oid=2659743 HTTP/1.1" 200 3084
66.249.71.136 - - [05/Jun/2016:00:15:16 +0800] "GET /content/nav/relationSubject.jsp?relationWords=%E4%B8%AD%E8%85%B9+%E4%B8%AD%E8%85%B9%E8%B6%B3%E7%9B%AE+%E5%AF%B6%E8%9E%BA+%E5%AF%B6%E8%9E%BA%E5%B1%AC+%E5%AF%B6%E8%9E%BA%E7%A7%91+%E8%85%B9%E8%B6%B3%E7%B6%B1+%E9%87%91%E7%92%B0%E5%AF%B6%E8%9E%BA+&oid=523888 HTTP/1.1" 200 3491
66.249.71.136 - - [05/Jun/2016:00:15:19 +0800] "GET /content/nav/relationSubject.jsp?relationWords=%E4%B8%AD%E8%85%B9%20%E4%B8%AD%E8%85%B9%E8%B6%B3%E7%9B%AE%20%E5%AF%B6%E8%9E%BA%20%E5%AF%B6%E8%9E%BA%E5%B1%AC%20%E5%AF%B6%E8%9E%BA%E7%A7%91%20%E8%85%B9%E8%B6%B3%E7%B6%B1%20%E9%87%91%E7%92%B0%E5%AF%B6%E8%9E%BA%20&oid=523888 HTTP/1.1" 200 3491
66.249.71.136 - - [05/Jun/2016:00:15:35 +0800] "GET /content/nav/relationSubject.jsp?relationWords=%E5%85%AC%E8%B3%A3%E5%B1%80+%E5%9F%BA%E6%95%B8+%E6%94%B6%E8%B3%BC%E5%83%B9%E6%A0%BC+%E7%94%9F%E7%94%A2%E6%88%90%E6%9C%AC+%E8%8F%B8%E8%91%89+%E8%8F%B8%E9%85%92+%E8%8F%B8%E9%85%92%E5%85%AC%E8%B3%A3+%E8%8F%B8%E9%85%92%E5%85%AC%E8%B3%A3%E5%B1%80+&oid=1557201 HTTP/1.1" 200 6000
66.249.79.200 - - [05/Jun/2016:00:15:38 +0800] "GET /content/nav/relationSubject.jsp?relationWords=%E5%85%AC%E8%B3%A3%E5%B1%80%20%E5%9F%BA%E6%95%B8%20%E6%94%B6%E8%B3%BC%E5%83%B9%E6%A0%BC%20%E7%94%9F%E7%94%A2%E6%88%90%E6%9C%AC%20%E8%8F%B8%E8%91%89%20%E8%8F%B8%E9%85%92%20%E8%8F%B8%E9%85%92%E5%85%AC%E8%B3%A3%20%E8%8F%B8%E9%85%92%E5%85%AC%E8%B3%A3%E5%B1%80%20&oid=1557201 HTTP/1.1" 200 6000
66.249.71.136 - - [05/Jun/2016:00:15:43 +0800] "GET /content/repository/resource_content.jsp?oid=1588650 HTTP/1.1" 200 28691
66.249.71.248 - - [05/Jun/2016:00:16:20 +0800] "GET /content/nav/relationSubject.jsp?relationWords=&oid=4411631 HTTP/1.1" 200 1405
66.249.79.200 - - [05/Jun/2016:00:16:44 +0800] "GET /content/repository/resource_content.jsp?oid=3820288&queryString=%E6%A4%8D%E7%89%A9%E7%95%8C%20%E7%9F%B3%E8%93%AF%E8%93%89 HTTP/1.1" 200 31278
66.249.71.136 - - [05/Jun/2016:00:17:02 +0800] "GET /content/nav/relationSubject.jsp?relationWords=%E8%95%83%E5%9C%B0+%E9%AB%98%E9%9B%84%E5%B7%9E+&oid=173858 HTTP/1.1" 200 3213
66.249.71.253 - - [05/Jun/2016:00:17:23 +0800] "GET /content/nav/relationSubject.jsp?relationWords=%E5%9C%B0%E5%8D%80%E7%99%BC%E5%B1%95+%E6%BE%8E%E6%B9%96%E5%B3%B6+%E9%A6%AC%E6%B2%99%E6%BA%9D+%E9%A6%AC%E6%B2%99%E6%BA%9D%E6%B8%AF+&oid=1557684 HTTP/1.1" 200 3824
66.249.71.136 - - [05/Jun/2016:00:17:24 +0800] "GET /content/nav/relationSubject.jsp?relationWords=%E5%9C%B0%E5%8D%80%E7%99%BC%E5%B1%95%20%E6%BE%8E%E6%B9%96%E5%B3%B6%20%E9%A6%AC%E6%B2%99%E6%BA%9D%20%E9%A6%AC%E6%B2%99%E6%BA%9D%E6%B8%AF%20&oid=1557684 HTTP/1.1" 200 3824
66.249.71.159 - - [05/Jun/2016:00:17:29 +0800] "GET /content/nav/relationSubject.jsp?relationWords=%E5%B0%96%E5%98%B4+%E5%B0%96%E5%98%B4%E9%AD%9A+%E7%BE%85%E6%BC%A2%E9%AD%9A+%E8%BB%8A%E6%A0%93%E4%BB%94+%E9%AF%89%E7%A7%91+%E9%BA%A5%E7%A9%97+&oid=14402 HTTP/1.1" 200 4409
180.76.15.30 - - [05/Jun/2016:00:17:32 +0800] "GET /content/repository/resource_content.jsp?oid=1095650&queryString=%E5%86%AC%E9%9D%92%E5%B1%AC%20%E7%87%88%E7%A8%B1%E8%8A%B1 HTTP/1.1" 200 31382
66.249.71.136 - - [05/Jun/2016:00:17:44 +0800] "GET /content/repository/resource_content.jsp?oid=1777354 HTTP/1.1" 200 30489
68.180.228.229 - - [05/Jun/2016:00:17:53 +0800] "GET /content/repository/resource_content.jsp?oid=1523730 HTTP/1.1" 200 28738
66.249.71.136 - - [05/Jun/2016:00:18:45 +0800] "GET /content/repository/resource_content.jsp?oid=3812588&queryString=%E5%B1%8F%E6%9D%B1%E8%8A%B1%E6%A4%92%20%E6%A4%8D%E7%89%A9%E7%95%8C%20%E8%8A%B1%E6%A4%92%E5%B1%AC%20%E8%8A%B8%E9%A6%99%20%E8%8A%B8%E9%A6%99%E7%A7%91 HTTP/1.1" 200 31201
66.249.71.242 - - [05/Jun/2016:00:18:56 +0800] "GET /content/repository/resource_content.jsp?oid=1887185&queryType=qs&queryString=%E6%A8%BD%E8%B0%B7%E9%B9%BF HTTP/1.1" 200 30657
66.249.79.200 - - [05/Jun/2016:00:19:47 +0800] "GET /content/repository/resource_content.jsp?oid=1869836 HTTP/1.1" 200 30206
207.241.231.163 - - [05/Jun/2016:00:19:55 +0800] "GET /content/subject/resource_content.jsp?oid=16797234&queryType=qc HTTP/1.0" 200 46505
66.249.71.136 - - [05/Jun/2016:00:19:57 +0800] "GET /content/nav/relationSubject.jsp?relationWords=%E8%9E%AD%E7%B4%8B+%E8%9F%A0%E8%9E%AD+%E8%9F%A0%E8%9E%AD%E7%B4%8B+%E8%9F%A0%E8%9E%AD%E7%B4%8B%E9%91%91+&oid=1869836 HTTP/1.1" 200 3167
207.241.231.163 - - [05/Jun/2016:00:19:59 +0800] "GET /content/tmp_auth/resource_content.jsp?oid=16777810 HTTP/1.0" 200 40557
66.249.79.200 - - [05/Jun/2016:00:20:01 +0800] "GET /content/nav/relationSubject.jsp?relationWords=%E8%9E%AD%E7%B4%8B%20%E8%9F%A0%E8%9E%AD%20%E8%9F%A0%E8%9E%AD%E7%B4%8B%20%E8%9F%A0%E8%9E%AD%E7%B4%8B%E9%91%91%20&oid=1869836 HTTP/1.1" 200 3167
207.241.231.163 - - [05/Jun/2016:00:20:02 +0800] "GET /content/subject/resource_content.jsp?oid=16777779&queryType=qc HTTP/1.0" 200 37669
66.249.71.159 - - [05/Jun/2016:00:20:47 +0800] "GET /content/subject/resource_content.jsp?oid=16797290&queryType=qc HTTP/1.1" 200 48337
121.254.104.125 - - [05/Jun/2016:00:21:22 +0800] "GET /content/nav/relationSubject.jsp?relationWords=%E8%96%9C%E8%8D%94+&oid=16777485 HTTP/1.1" 200 3561
66.249.71.136 - - [05/Jun/2016:00:21:40 +0800] "GET /content/nav/relationSubject.jsp?relationWords=%E5%B7%A1%E6%8C%89+&oid=2518107 HTTP/1.1" 200 3096
66.249.71.136 - - [05/Jun/2016:00:21:42 +0800] "GET /content/nav/relationSubject.jsp?relationWords=%E5%B7%A1%E6%8C%89%20&oid=2518107 HTTP/1.1" 200 3096
66.249.71.248 - - [05/Jun/2016:00:21:48 +0800] "GET /content/repository/resource_content.jsp?oid=14402&queryType=qs&queryString=%E9%BA%A5%E7%A9%97 HTTP/1.1" 200 34977
66.249.71.136 - - [05/Jun/2016:00:22:23 +0800] "GET /content/nav/relationSubject.jsp?relationWords=%E5%87%86%E6%96%B0+%E5%A2%9E%E5%BB%BA+%E7%BF%A1%E7%BF%A0%E6%B0%B4%E5%BA%AB+%E8%87%BA%E5%8C%97%E7%B8%A3+&oid=1615806 HTTP/1.1" 200 5057
66.249.79.186 - - [05/Jun/2016:00:22:34 +0800] "GET /content/nav/relationSubject.jsp?relationWords=%E6%A6%AE%E4%B8%89%E9%83%8E+%E9%87%8E%E6%9D%91+&oid=829826 HTTP/1.1" 200 3362
66.249.79.179 - - [05/Jun/2016:00:22:47 +0800] "GET /content/nav/relationSubject.jsp?relationWords=%E6%A6%AE%E4%B8%89%E9%83%8E%20%E9%87%8E%E6%9D%91%20&oid=829826 HTTP/1.1" 200 3362
66.249.71.254 - - [05/Jun/2016:00:22:49 +0800] "GET /content/repository/resource_content.jsp?oid=1779401&queryType=qs&queryString=%E4%BA%BA%E5%8F%A3%E5%AD%B8 HTTP/1.1" 200 37888
66.249.71.136 - - [05/Jun/2016:00:23:14 +0800] "GET /digiarch_en/content/nav/relationSubject.jsp?relationWords=%E8%9D%B4%E8%9D%B6%E9%AD%9A+%E8%9D%B4%E8%9D%B6%E9%AD%9A%E7%A7%91+%E9%BA%A5%E6%B0%8F+%E9%BA%A5%E6%B0%8F%E8%9D%B4%E8%9D%B6%E9%AD%9A+&oid=15508 HTTP/1.1" 200 3502
66.249.71.136 - - [05/Jun/2016:00:23:16 +0800] "GET /digiarch_en/content/nav/relationSubject.jsp?relationWords=%E8%9D%B4%E8%9D%B6%E9%AD%9A%20%E8%9D%B4%E8%9D%B6%E9%AD%9A%E7%A7%91%20%E9%BA%A5%E6%B0%8F%20%E9%BA%A5%E6%B0%8F%E8%9D%B4%E8%9D%B6%E9%AD%9A%20&oid=15508 HTTP/1.1" 200 3502
66.249.71.248 - - [05/Jun/2016:00:24:50 +0800] "GET /content/repository/resource_content.jsp?oid=22290&queryType=qs&queryString=%E9%BC%AC%E9%AE%AB HTTP/1.1" 200 30027
66.249.71.242 - - [05/Jun/2016:00:25:08 +0800] "GET /content/nav/relationSubject.jsp?relationWords=%E6%9D%B1%E6%96%B9%E8%97%8D%E9%B0%AD%E9%AE%AA+%E9%87%91%E6%A7%8D+%E9%AF%96%E7%A7%91+&oid=16354 HTTP/1.1" 200 3510
66.249.71.242 - - [05/Jun/2016:00:25:09 +0800] "GET /content/nav/relationSubject.jsp?relationWords=%E6%9D%B1%E6%96%B9%E8%97%8D%E9%B0%AD%E9%AE%AA%20%E9%87%91%E6%A7%8D%20%E9%AF%96%E7%A7%91%20&oid=16354 HTTP/1.1" 200 3510
110.30.231.77 - - [05/Jun/2016:00:25:24 +0800] "GET /digiarch3/content/subject/resource_content.jsp?oid=16797340&queryType=qc HTTP/1.1" 200 63037
110.30.231.77 - - [05/Jun/2016:00:25:25 +0800] "GET /digiarch3/content/nav/relationSubject.jsp?relationWords=%E5%8A%89%E5%85%B6%E5%81%89+&oid=16797340 HTTP/1.1" 200 1415
66.249.71.166 - - [05/Jun/2016:00:25:51 +0800] "GET /content/repository/resource_content.jsp?oid=15062&queryType=qs&queryString=%E9%AE%91%E6%B0%8F HTTP/1.1" 200 34881
66.249.71.242 - - [05/Jun/2016:00:25:59 +0800] "GET /content/nav/relationSubject.jsp?relationWords=%E5%A4%AA%E9%83%8E+%E6%98%8E%E4%BF%A1%E7%89%87+%E6%9D%9C%E9%A6%99+%E6%9D%9C%E9%A6%99%E5%9C%8B+%E6%A8%BD%E8%B0%B7%E9%B9%BF+&oid=1887185 HTTP/1.1" 200 3277
66.249.71.242 - - [05/Jun/2016:00:26:06 +0800] "GET /content/nav/relationSubject.jsp?relationWords=%E5%A4%AA%E9%83%8E%20%E6%98%8E%E4%BF%A1%E7%89%87%20%E6%9D%9C%E9%A6%99%20%E6%9D%9C%E9%A6%99%E5%9C%8B%20%E6%A8%BD%E8%B0%B7%E9%B9%BF%20&oid=1887185 HTTP/1.1" 200 3277
66.249.71.242 - - [05/Jun/2016:00:26:13 +0800] "GET /content/nav/relationSubject.jsp?relationWords=%E5%87%8C%E7%B4%94%E8%81%B2+%E5%8F%B0%E7%81%A3%E5%A4%A7%E5%AD%B8+%E5%A5%91%E7%B4%84%E6%96%87%E6%9B%B8+%E8%81%98%E6%9B%B8+&oid=4364544 HTTP/1.1" 200 3254
66.249.71.242 - - [05/Jun/2016:00:26:16 +0800] "GET /content/nav/relationSubject.jsp?relationWords=%E5%87%8C%E7%B4%94%E8%81%B2%20%E5%8F%B0%E7%81%A3%E5%A4%A7%E5%AD%B8%20%E5%A5%91%E7%B4%84%E6%96%87%E6%9B%B8%20%E8%81%98%E6%9B%B8%20&oid=4364544 HTTP/1.1" 200 3254
66.249.71.150 - - [05/Jun/2016:00:26:17 +0800] "GET /content/nav/relationSubject.jsp?relationWords=%E5%9C%B0%E4%B8%8B%E6%B0%B4+%E6%B0%B4%E5%88%A9%E5%B1%80+%E6%B0%B4%E6%B1%A1%E6%9F%93+&oid=1592080 HTTP/1.1" 200 4949
66.249.71.143 - - [05/Jun/2016:00:26:19 +0800] "GET /content/nav/relationSubject.jsp?relationWords=%E5%9C%B0%E4%B8%8B%E6%B0%B4%20%E6%B0%B4%E5%88%A9%E5%B1%80%20%E6%B0%B4%E6%B1%A1%E6%9F%93%20&oid=1592080 HTTP/1.1" 200 4949
173.252.95.13 - - [05/Jun/2016:00:26:37 +0800] "GET /content/repository/resource_content.jsp?oid=1811822&queryString=%E5%AE%9A%E5%85%89%E4%BD%9B+%E6%AF%94%E4%B8%98%E5%B0%BC+%E9%80%A0%E5%83%8F%E8%A8%98 HTTP/1.1" 200 31041
66.249.71.242 - - [05/Jun/2016:00:26:52 +0800] "GET /content/tmp_auth/resource_content.jsp?oid=16777657 HTTP/1.1" 200 64260
114.33.249.169 - - [05/Jun/2016:00:27:20 +0800] "GET /content/subject/resource_content.jsp?oid=16797271&queryType=qc HTTP/1.1" 200 55290
114.33.249.169 - - [05/Jun/2016:00:27:21 +0800] "GET /content/nav/relationSubject.jsp?relationWords=&oid=16797271 HTTP/1.1" 200 1405
66.249.71.150 - - [05/Jun/2016:00:27:53 +0800] "GET /content/repository/resource_content.jsp?oid=25280 HTTP/1.1" 200 29587
66.249.71.143 - - [05/Jun/2016:00:28:54 +0800] "GET /content/repository/resource_content.jsp?oid=1629784 HTTP/1.1" 200 29202
66.249.71.242 - - [05/Jun/2016:00:29:26 +0800] "GET /content/nav/relationSubject.jsp?relationWords=%E5%B7%B4%E6%B0%8F+%E7%8B%97%E9%B0%B7+&oid=15927 HTTP/1.1" 200 3472
66.249.71.248 - - [05/Jun/2016:00:29:28 +0800] "GET /content/nav/relationSubject.jsp?relationWords=%E5%B7%B4%E6%B0%8F%20%E7%8B%97%E9%B0%B7%20&oid=15927 HTTP/1.1" 200 3472
66.249.71.211 - - [05/Jun/2016:00:29:49 +0800] "GET /digiarch3/content/nav/relationSubject.jsp?relationWords=%E4%BA%A4%E9%80%9A%E5%AE%89%E5%85%A8+%E4%BA%BA%E5%8F%A3%E5%A3%93%E5%8A%9B+%E4%BE%BF%E6%B0%91+%E5%89%AF%E4%BD%9C%E7%94%A8+%E5%B9%B9%E9%83%A8+%E6%89%8B%E5%86%8A+%E6%9D%BF%E6%A9%8B%E5%B8%82+%E6%9D%BF%E6%A9%8B%E6%9E%97%E5%AE%B6%E8%8A%B1%E5%9C%92+%E6%9E%97%E5%AE%B6%E8%8A%B1%E5%9C%92+%E6%B2%BF%E6%B2%B3+%E7%A5%9E%E7%B6%93%E7%97%85+%E9%84%B0%E9%95%B7+%E9%A0%90%E7%AE%97+&oid=1634085 HTTP/1.1" 200 5182
66.249.71.205 - - [05/Jun/2016:00:29:52 +0800] "GET /digiarch3/content/nav/relationSubject.jsp?relationWords=%E4%BA%A4%E9%80%9A%E5%AE%89%E5%85%A8%20%E4%BA%BA%E5%8F%A3%E5%A3%93%E5%8A%9B%20%E4%BE%BF%E6%B0%91%20%E5%89%AF%E4%BD%9C%E7%94%A8%20%E5%B9%B9%E9%83%A8%20%E6%89%8B%E5%86%8A%20%E6%9D%BF%E6%A9%8B%E5%B8%82%20%E6%9D%BF%E6%A9%8B%E6%9E%97%E5%AE%B6%E8%8A%B1%E5%9C%92%20%E6%9E%97%E5%AE%B6%E8%8A%B1%E5%9C%92%20%E6%B2%BF%E6%B2%B3%20%E7%A5%9E%E7%B6%93%E7%97%85%20%E9%84%B0%E9%95%B7%20%E9%A0%90%E7%AE%97%20&oid=1634085 HTTP/1.1" 200 5182
66.249.71.205 - - [05/Jun/2016:00:29:55 +0800] "GET /content/repository/resource_content.jsp?oid=4551520&queryString=%E6%AE%BC%E8%8F%9C%E8%9B%A4%E7%A7%91%20%E7%B6%A0%E6%AE%BC%E8%8F%9C%E8%9B%A4%20%E8%B2%BD%E8%B2%9D%20%E8%BB%9F%E9%AB%94%E5%8B%95%E7%89%A9%E9%96%80%20%E9%9B%99%E6%AE%BC%E7%B6%B1 HTTP/1.1" 200 30829
207.241.231.163 - - [05/Jun/2016:00:30:42 +0800] "GET /content/subject/resource_content.jsp?oid=16777837&queryType=qc HTTP/1.0" 200 37505
66.249.71.242 - - [05/Jun/2016:00:30:56 +0800] "GET /content/repository/resource_content.jsp?oid=14991&queryType=qs&queryString=%E9%9D%92%E7%9F%B3 HTTP/1.1" 200 35654
66.249.71.143 - - [05/Jun/2016:00:31:33 +0800] "GET /content/nav/relationSubject.jsp?relationWords=%E6%A2%85%E5%B1%B1%E9%84%89+%E7%94%A2%E6%A5%AD%E9%81%93%E8%B7%AF+%E7%9C%81%E6%94%BF%E5%BA%9C+%E8%BE%B2%E5%B1%B1+&oid=1629754 HTTP/1.1" 200 4607
66.249.71.143 - - [05/Jun/2016:00:31:34 +0800] "GET /content/nav/relationSubject.jsp?relationWords=%E6%A2%85%E5%B1%B1%E9%84%89%20%E7%94%A2%E6%A5%AD%E9%81%93%E8%B7%AF%20%E7%9C%81%E6%94%BF%E5%BA%9C%20%E8%BE%B2%E5%B1%B1%20&oid=1629754 HTTP/1.1" 200 4607
66.249.71.248 - - [05/Jun/2016:00:31:56 +0800] "GET /content/repository/resource_content.jsp?oid=1569068&queryType=qs&queryString=%E4%B8%89%E6%96%87 HTTP/1.1" 200 32094
66.249.71.143 - - [05/Jun/2016:00:32:42 +0800] "GET /content/nav/relationSubject.jsp?relationWords=%E5%BB%96%E7%B9%BC%E9%AD%AF+%E9%BB%83%E6%9C%A8%E6%B7%BB+&oid=1892542 HTTP/1.1" 200 3162
66.249.71.199 - - [05/Jun/2016:00:32:57 +0800] "GET /content/repository/resource_content.jsp?oid=4353868&queryString=%E4%B8%81%E9%8A%80%20%E5%85%B5%E4%B8%81%20%E9%82%A2%E9%83%A8%20%E9%8A%80%E7%B3%A7 HTTP/1.1" 200 35303
66.249.71.136 - - [05/Jun/2016:00:34:22 +0800] "GET /content/repository/resource_content.jsp?oid=1552761&queryString=%E5%85%AD%E5%A1%8A%E5%8E%9D%20%E6%B2%B9%E8%BB%8A HTTP/1.1" 200 33634
66.249.71.152 - - [05/Jun/2016:00:34:22 +0800] "GET /content/nav/relationSubject.jsp?relationWords=%E5%85%A7%E8%8B%B3%E5%AD%90+%E6%A4%8D%E7%89%A9%E7%95%8C+%E6%A8%9F%E5%B1%AC+%E6%A8%9F%E7%A7%91+%E9%87%A3%E6%A8%9F+%E9%87%A3%E6%A8%9F%E5%B1%AC+&oid=1104646 HTTP/1.1" 200 3349
66.249.71.159 - - [05/Jun/2016:00:34:25 +0800] "GET /content/nav/relationSubject.jsp?relationWords=%E5%85%A7%E8%8B%B3%E5%AD%90%20%E6%A4%8D%E7%89%A9%E7%95%8C%20%E6%A8%9F%E5%B1%AC%20%E6%A8%9F%E7%A7%91%20%E9%87%A3%E6%A8%9F%20%E9%87%A3%E6%A8%9F%E5%B1%AC%20&oid=1104646 HTTP/1.1" 200 3349
180.76.15.159 - - [05/Jun/2016:00:34:29 +0800] "GET /content/repository/resource_content.jsp?oid=1457605 HTTP/1.1" 200 30902
66.249.71.159 - - [05/Jun/2016:00:34:30 +0800] "GET /content/nav/relationSubject.jsp?relationWords=%E7%9F%B3%E6%96%91+%E8%A4%92%E6%B0%8F%E8%B2%A7%E9%B1%A0+%E9%81%8E%E9%AD%9A+%E9%AE%91%E6%B0%8F+%E9%AE%A8%E7%A7%91+&oid=15062 HTTP/1.1" 200 3725
66.249.71.152 - - [05/Jun/2016:00:34:32 +0800] "GET /content/nav/relationSubject.jsp?relationWords=%E7%9F%B3%E6%96%91%20%E8%A4%92%E6%B0%8F%E8%B2%A7%E9%B1%A0%20%E9%81%8E%E9%AD%9A%20%E9%AE%91%E6%B0%8F%20%E9%AE%A8%E7%A7%91%20&oid=15062 HTTP/1.1" 200 3725
66.249.71.136 - - [05/Jun/2016:00:34:47 +0800] "GET /content/nav/relationSubject.jsp?relationWords=%E4%B8%AD%E5%9C%8B%E5%A4%A7%E9%99%B8%E5%9C%B0%E5%9C%96+%E5%8A%89%E5%AE%B6%E6%B2%B3+&oid=207764 HTTP/1.1" 200 3182
66.249.71.199 - - [05/Jun/2016:00:34:59 +0800] "GET /digiarch3/content/subject/resource_content.jsp?oid=16777488&queryType=qc HTTP/1.1" 200 60916
66.249.71.136 - - [05/Jun/2016:00:35:01 +0800] "GET /content/nav/relationSubject.jsp?relationWords=%E4%B8%AD%E5%9C%8B%E5%A4%A7%E9%99%B8%E5%9C%B0%E5%9C%96%20%E5%8A%89%E5%AE%B6%E6%B2%B3%20&oid=207764 HTTP/1.1" 200 3182
66.249.71.159 - - [05/Jun/2016:00:35:30 +0800] "GET /content/nav/relationSubject.jsp?relationWords=%E6%A4%86%E5%B1%AC+%E6%A4%8D%E7%89%A9%E7%95%8C+%E6%AE%BC%E6%96%97%E7%A7%91+%E9%8C%90%E6%9E%9C%E6%AB%9F+&oid=3818183 HTTP/1.1" 200 3322
66.249.71.152 - - [05/Jun/2016:00:35:32 +0800] "GET /content/nav/relationSubject.jsp?relationWords=%E6%A4%86%E5%B1%AC%20%E6%A4%8D%E7%89%A9%E7%95%8C%20%E6%AE%BC%E6%96%97%E7%A7%91%20%E9%8C%90%E6%9E%9C%E6%AB%9F%20&oid=3818183 HTTP/1.1" 200 3322
66.249.71.199 - - [05/Jun/2016:00:38:01 +0800] "GET /digiarch3/content/repository/resource_content.jsp?oid=15557&queryString=%E5%88%BA%E9%AD%9A%20%E7%92%B0%E7%B4%8B%E5%88%BA%E8%93%8B%E9%AD%9A%20%E8%93%8B%E5%88%BA%E9%AD%9A HTTP/1.1" 200 34129
150.70.188.166 - - [05/Jun/2016:00:38:51 +0800] "GET /content/repository/resource_content.jsp?oid=1081440&queryString=%E5%B7%A8%E5%8F%A3%E9%AD%9A%E7%A7%91%20%E6%98%9F%E9%9B%B2%E5%B7%A8%E5%8F%A3%E9%AD%9A HTTP/1.1" 200 31088
66.249.71.136 - - [05/Jun/2016:00:38:57 +0800] "GET /content/nav/relationSubject.jsp?relationWords=%E8%A9%94%E6%9B%B8+&oid=2548401 HTTP/1.1" 200 3830
66.249.71.136 - - [05/Jun/2016:00:38:59 +0800] "GET /content/nav/relationSubject.jsp?relationWords=%E8%A9%94%E6%9B%B8%20&oid=2548401 HTTP/1.1" 200 3830
66.249.79.135 - - [05/Jun/2016:00:39:03 +0800] "GET /content/subject/resource_content.jsp?oid=16777500&queryType=qs&queryString=%E8%99%9B%E6%93%AC%E5%AF%A6%E5%A2%83 HTTP/1.1" 200 33329
66.249.79.200 - - [05/Jun/2016:00:39:27 +0800] "GET /content/repository/resource_content.jsp?oid=1530915&queryString=%E8%83%A1%E9%81%A9%E4%B9%8B%20%E8%AD%B0%E9%95%B7%20%E9%BB%83%E6%9C%9D%E7%90%B4 HTTP/1.1" 200 34924
66.249.71.129 - - [05/Jun/2016:00:40:03 +0800] "GET /content/subject/resource_content.jsp?oid=16777406&queryString=%E9%98%BF%E5%8B%83%E5%8B%92 HTTP/1.1" 200 32851
66.249.71.129 - - [05/Jun/2016:00:41:03 +0800] "GET /content/nav/relationSubject.jsp?relationWords=%E6%AF%8B%E5%BF%98%E5%9C%A8+%E6%AF%8B%E5%BF%98%E5%9C%A8%E8%8E%92+%E6%BD%AE%E6%B5%81+&oid=1564905 HTTP/1.1" 200 4192
66.249.71.136 - - [05/Jun/2016:00:41:05 +0800] "GET /content/repository/resource_content.jsp?oid=1531563 HTTP/1.1" 200 29239
66.249.71.248 - - [05/Jun/2016:00:42:05 +0800] "GET /content/repository/resource_content.jsp?oid=1602484&queryType=qs&queryString=%E6%B4%BB%E7%9B%AE HTTP/1.1" 200 31067
66.249.79.200 - - [05/Jun/2016:00:43:06 +0800] "GET /digiarch_en/content/repository/resource_content.jsp?oid=1549813&queryString=%E8%B2%A1%E7%A8%85 HTTP/1.1" 200 23892
66.249.71.136 - - [05/Jun/2016:00:43:19 +0800] "GET /content/nav/relationSubject.jsp?relationWords=%E5%B1%85%E5%BB%B6%E6%BC%A2%E7%B0%A1+%E6%BC%A2%E7%B0%A1+&oid=289865 HTTP/1.1" 200 3898
66.249.71.136 - - [05/Jun/2016:00:43:35 +0800] "GET /content/nav/relationSubject.jsp?relationWords=%E6%96%B9%E9%8C%AB%E7%8E%89+%E8%87%BA%E5%8C%97%E5%B8%82+%E8%B5%B7%E8%A8%B4%E9%A1%98+%E9%83%AD%E9%87%91%E5%A1%94+&oid=1521648 HTTP/1.1" 200 4712
66.249.71.200 - - [05/Jun/2016:00:44:06 +0800] "GET /content/repository/resource_content.jsp?oid=4364618&queryString=%E5%A4%A7%E6%9C%A8%E5%8C%99 HTTP/1.1" 200 28745
207.241.231.163 - - [05/Jun/2016:00:44:50 +0800] "GET /content/tmp_auth/resource_content.jsp?oid=16777809 HTTP/1.0" 200 37105
66.249.71.136 - - [05/Jun/2016:00:45:07 +0800] "GET /content/repository/resource_content.jsp?oid=2547867 HTTP/1.1" 200 28850
66.249.71.136 - - [05/Jun/2016:00:45:09 +0800] "GET /content/nav/relationSubject.jsp?relationWords=%E4%BF%9D%E9%9A%AA+%E4%BF%9D%E9%9A%AA%E9%87%91+%E5%8A%89%E9%87%91+%E5%8A%89%E9%87%91%E7%B4%84+%E5%90%B3%E6%B3%89+%E5%90%B3%E6%B3%89%E6%B4%9D+%E5%98%89%E7%BE%A9%E5%B8%82+%E5%AF%9F%E6%A0%B8%E6%A1%88+%E5%BC%B5%E5%AF%8C+%E5%BE%90%E5%A0%85+%E6%85%B0%E5%95%8F%E9%87%91+%E6%95%91%E6%BF%9F%E9%87%91+%E6%98%A5%E8%8F%8A+%E6%9D%8E%E9%9B%85%E6%A8%B5+%E6%9E%97%E7%A6%8F%E5%9C%B0+%E6%A2%81%E8%A8%B1%E6%98%A5%E8%8F%8A+%E6%B3%89%E6%B4%9D+%E7%81%AB%E9%9A%AA+%E7%81%BD%E5%8D%80+%E7%94%A2%E7%89%A9%E4%BF%9D%E9%9A%AA+%E7%9C%81%E6%94%BF%E5%BA%9C+%E7%9C%81%E8%AD%B0%E6%9C%83+%E8%87%BA%E5%8D%97%E7%B8%A3+%E8%87%BA%E7%81%A3%E7%9C%81+%E8%87%BA%E7%81%A3%E7%9C%81%E8%AD%B0%E6%9C%83+%E8%94%A1%E9%8C%A6%E6%A3%9F+%E8%94%A1%E9%B4%BB%E6%96%87+%E8%94%A3%E5%A4%A9+%E8%94%A3%E5%A4%A9%E9%99%8D+%E8%A8%B1%E4%B8%96%E8%B3%A2+%E8%A8%B1%E6%98%A5%E8%8F%8A+%E8%AB%8B%E5%AF%9F+%E8%AD%B0%E9%95%B7+%E8%B2%A1%E6%94%BF+%E9%87%91%E7%B4%84+%E9%99%B3%E8%8F%AF+%E9%99%B3%E8%8F%AF%E5%AE%97+&oid=1530915 HTTP/1.1" 200 7169
66.249.71.136 - - [05/Jun/2016:00:45:11 +0800] "GET /content/nav/relationSubject.jsp?relationWords=%E4%BF%9D%E9%9A%AA%20%E4%BF%9D%E9%9A%AA%E9%87%91%20%E5%8A%89%E9%87%91%20%E5%8A%89%E9%87%91%E7%B4%84%20%E5%90%B3%E6%B3%89%20%E5%90%B3%E6%B3%89%E6%B4%9D%20%E5%98%89%E7%BE%A9%E5%B8%82%20%E5%AF%9F%E6%A0%B8%E6%A1%88%20%E5%BC%B5%E5%AF%8C%20%E5%BE%90%E5%A0%85%20%E6%85%B0%E5%95%8F%E9%87%91%20%E6%95%91%E6%BF%9F%E9%87%91%20%E6%98%A5%E8%8F%8A%20%E6%9D%8E%E9%9B%85%E6%A8%B5%20%E6%9E%97%E7%A6%8F%E5%9C%B0%20%E6%A2%81%E8%A8%B1%E6%98%A5%E8%8F%8A%20%E6%B3%89%E6%B4%9D%20%E7%81%AB%E9%9A%AA%20%E7%81%BD%E5%8D%80%20%E7%94%A2%E7%89%A9%E4%BF%9D%E9%9A%AA%20%E7%9C%81%E6%94%BF%E5%BA%9C%20%E7%9C%81%E8%AD%B0%E6%9C%83%20%E8%87%BA%E5%8D%97%E7%B8%A3%20%E8%87%BA%E7%81%A3%E7%9C%81%20%E8%87%BA%E7%81%A3%E7%9C%81%E8%AD%B0%E6%9C%83%20%E8%94%A1%E9%8C%A6%E6%A3%9F%20%E8%94%A1%E9%B4%BB%E6%96%87%20%E8%94%A3%E5%A4%A9%20%E8%94%A3%E5%A4%A9%E9%99%8D%20%E8%A8%B1%E4%B8%96%E8%B3%A2%20%E8%A8%B1%E6%98%A5%E8%8F%8A%20%E8%AB%8B%E5%AF%9F%20%E8%AD%B0%E9%95%B7%20%E8%B2%A1%E6%94%BF%20%E9%87%91%E7%B4%84%20%E9%99%B3%E8%8F%AF%20%E9%99%B3%E8%8F%AF%E5%AE%97%20&oid=1530915 HTTP/1.1" 200 7169
173.252.95.15 - - [05/Jun/2016:00:45:32 +0800] "GET /content/repository/resource_content.jsp?oid=1632487&queryString=%E5%A8%9C%E6%8B%89%E9%A2%B1%E9%A2%A8&queryType=qs HTTP/1.1" 200 29230
39.12.39.192 - - [05/Jun/2016:00:45:55 +0800] "GET /content/nav/relationSubject.jsp?relationWords=%E8%8B%A6%E8%8B%93+&oid=16777317 HTTP/1.1" 200 3183
66.249.71.136 - - [05/Jun/2016:00:46:08 +0800] "GET /content/nav/relationSubject.jsp?relationWords=%E6%9D%8E%E8%A9%A9%E7%9B%8A+&oid=1889653 HTTP/1.1" 200 3232
66.249.71.136 - - [05/Jun/2016:00:46:10 +0800] "GET /content/nav/relationSubject.jsp?relationWords=%E6%9D%8E%E8%A9%A9%E7%9B%8A%20&oid=1889653 HTTP/1.1" 200 3232
66.249.71.136 - - [05/Jun/2016:00:46:19 +0800] "GET /content/subject/resource_content.jsp?oid=16777312&queryType=qc HTTP/1.1" 200 28136
66.249.71.136 - - [05/Jun/2016:00:46:51 +0800] "GET /content/nav/relationSubject.jsp?relationWords=%E5%B1%8F%E6%9D%B1%E8%8A%B1%E6%A4%92+%E6%A4%8D%E7%89%A9%E7%95%8C+%E8%8A%B1%E6%A4%92+%E8%8A%B1%E6%A4%92%E5%B1%AC+%E8%8A%B8%E9%A6%99+%E8%8A%B8%E9%A6%99%E7%A7%91+&oid=3812588 HTTP/1.1" 200 3386
66.249.71.136 - - [05/Jun/2016:00:46:55 +0800] "GET /content/nav/relationSubject.jsp?relationWords=%E5%B1%8F%E6%9D%B1%E8%8A%B1%E6%A4%92%20%E6%A4%8D%E7%89%A9%E7%95%8C%20%E8%8A%B1%E6%A4%92%20%E8%8A%B1%E6%A4%92%E5%B1%AC%20%E8%8A%B8%E9%A6%99%20%E8%8A%B8%E9%A6%99%E7%A7%91%20&oid=3812588 HTTP/1.1" 200 3386
66.249.71.199 - - [05/Jun/2016:00:47:05 +0800] "GET /content/nav/relationSubject.jsp?relationWords=%E5%AE%8B%E8%89%BE%E5%85%8B+%E8%94%A1%E7%BE%8E+%E9%99%B3%E6%A6%AE+%E9%99%B3%E6%A6%AE%E7%9B%9B+%E9%BB%83%E6%9C%A8+%E9%BB%83%E6%9C%A8%E6%B7%BB+&oid=1893736 HTTP/1.1" 200 3317
66.249.71.199 - - [05/Jun/2016:00:47:08 +0800] "GET /content/nav/relationSubject.jsp?relationWords=%E5%AE%8B%E8%89%BE%E5%85%8B%20%E8%94%A1%E7%BE%8E%20%E9%99%B3%E6%A6%AE%20%E9%99%B3%E6%A6%AE%E7%9B%9B%20%E9%BB%83%E6%9C%A8%20%E9%BB%83%E6%9C%A8%E6%B7%BB%20&oid=1893736 HTTP/1.1" 200 3317
39.12.39.192 - - [05/Jun/2016:00:47:08 +0800] "GET /content/nav/relationSubject.jsp?relationWords=%E8%8B%A6%E8%8B%93+&oid=16777317 HTTP/1.1" 200 3183
66.249.71.136 - - [05/Jun/2016:00:47:09 +0800] "GET /content/repository/resource_content.jsp?oid=1605539 HTTP/1.1" 200 29088
207.241.231.163 - - [05/Jun/2016:00:47:50 +0800] "GET /content/subject/resource_content.jsp?oid=16777788&queryType=qc HTTP/1.0" 200 42841
151.33.119.156 - - [05/Jun/2016:00:47:55 +0800] "GET /content/nav/relationSubject.jsp?relationWords=%E7%99%BD%E5%8D%83%E5%B1%A4+&oid=16777287 HTTP/1.1" 200 3852
66.249.71.242 - - [05/Jun/2016:00:48:22 +0800] "GET /content/nav/relationSubject.jsp?relationWords=%E6%A3%98%E9%B0%86+%E6%B2%99%E6%B0%8F+%E7%9F%B3%E5%96%AC+%E7%AB%B9%E7%AF%80+%E7%AB%B9%E7%AF%80%E9%B0%86+%E9%AF%96%E7%A7%91+&oid=4353439 HTTP/1.1" 200 3562
66.249.71.242 - - [05/Jun/2016:00:48:24 +0800] "GET /content/nav/relationSubject.jsp?relationWords=%E6%A3%98%E9%B0%86%20%E6%B2%99%E6%B0%8F%20%E7%9F%B3%E5%96%AC%20%E7%AB%B9%E7%AF%80%20%E7%AB%B9%E7%AF%80%E9%B0%86%20%E9%AF%96%E7%A7%91%20&oid=4353439 HTTP/1.1" 200 3562
181.223.233.247 - - [05/Jun/2016:00:49:00 +0800] "GET /content/subject/resource_content.jsp?oid=16777736&queryType=qc HTTP/1.1" 200 43195
66.249.71.254 - - [05/Jun/2016:00:49:10 +0800] "GET /content/repository/resource_content.jsp?oid=2635868&queryType=qs&queryString=%E9%9A%86%E6%85%B6 HTTP/1.1" 200 30064
181.223.233.247 - - [05/Jun/2016:00:49:25 +0800] "GET /content/nav/relationSubject.jsp?relationWords=%E5%8D%97%E6%B9%96%E5%A4%A7%E5%B1%B1+%E5%8D%97%E6%B9%96%E6%9D%9C%E9%B5%91+%E6%9D%9C%E9%B5%91+%E7%8E%89%E5%B1%B1%E6%9D%9C%E9%B5%91+%E7%B4%B0%E8%91%89+%E7%B4%B0%E8%91%89%E6%9D%9C%E9%B5%91+%E8%A5%BF%E6%96%BD+%E8%A5%BF%E6%96%BD%E8%8A%B1+&oid=16777736 HTTP/1.1" 200 5393
66.249.71.152 - - [05/Jun/2016:00:49:42 +0800] "GET /content/repository/resource_content.jsp?oid=1104080&queryType=qs&queryString=%E6%9C%A8%E9%BA%BB%E9%BB%83%E5%B1%AC HTTP/1.1" 200 29687
66.249.71.150 - - [05/Jun/2016:00:50:45 +0800] "GET /content/nav/relationSubject.jsp?relationWords=%E5%A5%B3%E8%B2%9E+%E5%A5%B3%E8%B2%9E%E5%B1%AC+%E6%9C%A8%E7%8A%80+%E6%9C%A8%E7%8A%80%E7%A7%91+%E6%A4%8D%E7%89%A9%E7%95%8C+%E7%8E%84%E5%8F%83+%E7%8E%89%E5%B1%B1%E5%A5%B3%E8%B2%9E+&oid=2144947 HTTP/1.1" 200 3526
66.249.71.143 - - [05/Jun/2016:00:50:47 +0800] "GET /content/nav/relationSubject.jsp?relationWords=%E5%A5%B3%E8%B2%9E%20%E5%A5%B3%E8%B2%9E%E5%B1%AC%20%E6%9C%A8%E7%8A%80%20%E6%9C%A8%E7%8A%80%E7%A7%91%20%E6%A4%8D%E7%89%A9%E7%95%8C%20%E7%8E%84%E5%8F%83%20%E7%8E%89%E5%B1%B1%E5%A5%B3%E8%B2%9E%20&oid=2144947 HTTP/1.1" 200 3526
163.13.252.217 - - [05/Jun/2016:00:51:10 +0800] "GET /content/nav/relationSubject.jsp?relationWords=&oid=16777459 HTTP/1.1" 200 1405
66.249.79.135 - - [05/Jun/2016:00:51:13 +0800] "GET /content/repository/resource_content.jsp?oid=1776758&queryType=qs&queryString=%E6%8B%BC%E6%9D%BF%E8%88%9F HTTP/1.1" 200 29080
180.76.15.140 - - [05/Jun/2016:00:51:25 +0800] "GET /content/repository/resource_content.jsp?oid=1099378&queryString=%E6%A4%8D%E7%89%A9%E7%95%8C%20%E7%9F%AE%E8%8F%8A%20%E7%9F%AE%E8%8F%8A%E5%B1%AC%20%E8%8F%8A%E7%A7%91%20%E9%9B%99%E5%AD%90%E8%91%89%E6%A4%8D%E7%89%A9 HTTP/1.1" 200 31450
207.241.231.163 - - [05/Jun/2016:00:52:01 +0800] "GET /content/subject/resource_content.jsp?oid=16777736&queryType=qc HTTP/1.0" 200 43143
66.249.71.143 - - [05/Jun/2016:00:52:13 +0800] "GET /content/repository/resource_content.jsp?oid=2512998 HTTP/1.1" 200 29757
66.249.71.129 - - [05/Jun/2016:00:52:19 +0800] "GET /content/nav/relationSubject.jsp?relationWords=%E8%AB%8B%E9%91%92+%E8%AB%BE%E8%B2%9D%E7%88%BE+%E8%AB%BE%E8%B2%9D%E7%88%BE%E7%8D%8E+&oid=605893 HTTP/1.1" 200 5893
66.249.71.129 - - [05/Jun/2016:00:52:27 +0800] "GET /content/nav/relationSubject.jsp?relationWords=%E8%AB%8B%E9%91%92%20%E8%AB%BE%E8%B2%9D%E7%88%BE%20%E8%AB%BE%E8%B2%9D%E7%88%BE%E7%8D%8E%20&oid=605893 HTTP/1.1" 200 5893
66.249.71.143 - - [05/Jun/2016:00:54:18 +0800] "GET /digiarch_en/content/repository/resource_content.jsp?oid=1807775&queryString=%E6%8B%93%E7%89%87%20%E6%BC%A2%E4%BB%A3 HTTP/1.1" 200 23859
207.46.13.176 - - [05/Jun/2016:00:54:19 +0800] "GET /content/repository/resource_content.jsp?oid=2150861 HTTP/1.1" 200 31254
66.249.71.136 - - [05/Jun/2016:00:54:35 +0800] "GET /digiarch_en/content/nav/relationSubject.jsp?relationWords=%E6%BC%A2%E4%BB%A3%20%E7%95%AB%E5%83%8F%E7%9F%B3%20%E7%BE%BD%E4%BA%BA%20%E9%BE%8D%E7%95%AB%E5%83%8F%E7%9F%B3%20&oid=1807775 HTTP/1.1" 200 5620
49.215.208.217 - - [05/Jun/2016:00:54:41 +0800] "GET /content/repository/resource_content.jsp?oid=1782867 HTTP/1.1" 200 29282
49.215.208.217 - - [05/Jun/2016:00:54:44 +0800] "GET /content/nav/relationSubject.jsp?relationWords=%E4%BB%A4%E6%97%97+%E7%99%BD%E8%89%B2%E4%BB%A4%E6%97%97+%E7%A5%AD%E5%84%80+%E8%A5%BF%E6%8B%89%E9%9B%85+%E8%A5%BF%E6%8B%89%E9%9B%85%E6%97%8F+&oid=1782867 HTTP/1.1" 200 5433
66.249.71.136 - - [05/Jun/2016:00:54:45 +0800] "GET /content/nav/relationSubject.jsp?relationWords=%E8%AD%A6%E5%8B%99%E8%99%95+&oid=1618180 HTTP/1.1" 200 5012
66.249.71.136 - - [05/Jun/2016:00:54:59 +0800] "GET /content/nav/relationSubject.jsp?relationWords=%E8%AD%A6%E5%8B%99%E8%99%95%20&oid=1618180 HTTP/1.1" 200 5012
66.249.71.199 - - [05/Jun/2016:00:55:16 +0800] "GET /digiarch3/content/repository/resource_content.jsp?oid=1777937&queryType=qs&queryString=%E9%99%B6%E8%97%9D HTTP/1.1" 200 43453
66.249.71.136 - - [05/Jun/2016:00:55:22 +0800] "GET /content/nav/relationSubject.jsp?relationWords=%E5%88%91%E9%83%A8+%E5%91%88%E6%8E%A7+%E7%82%BA%E6%B0%91%E4%BA%BA+&oid=2659940 HTTP/1.1" 200 3186
66.249.71.199 - - [05/Jun/2016:00:55:27 +0800] "GET /digiarch3/content/nav/relationSubject.jsp?relationWords=%E6%AD%A3%E8%88%88+%E6%AD%A3%E8%88%88%E6%9D%91+%E6%AD%B2%E6%99%82%E7%A5%AD%E5%84%80+%E7%A5%AD%E5%84%80+%E9%99%B6%E7%94%95+%E9%AD%AF%E5%87%B1+%E9%AD%AF%E5%87%B1%E6%97%8F+&oid=1777937 HTTP/1.1" 200 4273
66.249.71.136 - - [05/Jun/2016:00:55:29 +0800] "GET /content/nav/relationSubject.jsp?relationWords=%E5%88%91%E9%83%A8%20%E5%91%88%E6%8E%A7%20%E7%82%BA%E6%B0%91%E4%BA%BA%20&oid=2659940 HTTP/1.1" 200 3186
66.249.71.199 - - [05/Jun/2016:00:55:31 +0800] "GET /digiarch3/content/nav/relationSubject.jsp?relationWords=%E6%AD%A3%E8%88%88%20%E6%AD%A3%E8%88%88%E6%9D%91%20%E6%AD%B2%E6%99%82%E7%A5%AD%E5%84%80%20%E7%A5%AD%E5%84%80%20%E9%99%B6%E7%94%95%20%E9%AD%AF%E5%87%B1%20%E9%AD%AF%E5%87%B1%E6%97%8F%20&oid=1777937 HTTP/1.1" 200 4273
207.241.231.163 - - [05/Jun/2016:00:55:46 +0800] "GET /content/subject/resource_content.jsp?oid=16777838&queryType=qc HTTP/1.0" 200 58974
66.249.71.199 - - [05/Jun/2016:00:56:17 +0800] "GET /digiarch3/content/repository/resource_content.jsp?oid=14917&queryString=%E7%B4%85%E7%89%9B%E5%B0%BE HTTP/1.1" 200 33680
66.249.71.136 - - [05/Jun/2016:00:56:25 +0800] "GET /content/nav/relationSubject.jsp?relationWords=%E6%A4%8D%E7%89%A9%E7%95%8C+%E7%8E%89%E5%B1%B1%E9%87%8E%E8%96%94%E8%96%87+%E8%96%94%E8%96%87%E5%B1%AC+%E8%96%94%E8%96%87%E7%9B%AE+%E8%96%94%E8%96%87%E7%A7%91+%E9%87%8E%E8%96%94%E8%96%87+&oid=1457861 HTTP/1.1" 200 3560
66.249.71.136 - - [05/Jun/2016:00:56:27 +0800] "GET /content/nav/relationSubject.jsp?relationWords=%E6%A4%8D%E7%89%A9%E7%95%8C%20%E7%8E%89%E5%B1%B1%E9%87%8E%E8%96%94%E8%96%87%20%E8%96%94%E8%96%87%E5%B1%AC%20%E8%96%94%E8%96%87%E7%9B%AE%20%E8%96%94%E8%96%87%E7%A7%91%20%E9%87%8E%E8%96%94%E8%96%87%20&oid=1457861 HTTP/1.1" 200 3560
66.249.71.199 - - [05/Jun/2016:00:56:42 +0800] "GET /digiarch3/content/nav/relationSubject.jsp?relationWords=%E7%B4%85%E7%89%9B%E5%B0%BE+&oid=14917 HTTP/1.1" 200 2945
66.249.71.199 - - [05/Jun/2016:00:56:57 +0800] "GET /digiarch3/content/nav/relationSubject.jsp?relationWords=%E7%B4%85%E7%89%9B%E5%B0%BE%20&oid=14917 HTTP/1.1" 200 2945
66.249.79.200 - - [05/Jun/2016:00:57:18 +0800] "GET /content/repository/resource_content.jsp?oid=4364582&queryString=%E5%90%B3%E9%B3%B3%20%E5%9C%8B%E5%9C%96%20%E7%A4%BE%E6%9C%83%E7%A7%91%E5%AD%B8%20%E7%A6%AE%E4%BF%97 HTTP/1.1" 200 30250
173.252.95.15 - - [05/Jun/2016:00:57:32 +0800] "GET /content/repository/resource_content.jsp?oid=1621717&queryString=%E5%A8%9C%E6%8B%89%E9%A2%B1%E9%A2%A8&queryType=qs HTTP/1.1" 200 29162
66.249.79.200 - - [05/Jun/2016:00:57:33 +0800] "GET /content/nav/relationSubject.jsp?relationWords=%E5%87%8C%E7%B4%94%E8%81%B2+%E7%A4%BE%E6%9C%83%E7%A7%91%E5%AD%B8+&oid=4364582 HTTP/1.1" 200 3154
66.249.71.136 - - [05/Jun/2016:00:57:54 +0800] "GET /content/nav/relationSubject.jsp?relationWords=%E5%87%8C%E7%B4%94%E8%81%B2%20%E7%A4%BE%E6%9C%83%E7%A7%91%E5%AD%B8%20&oid=4364582 HTTP/1.1" 200 3154
66.249.71.199 - - [05/Jun/2016:00:58:17 +0800] "GET /content/nav/relationSubject.jsp?relationWords=%E8%8A%B1%E4%BB%A4%E4%BB%94+%E9%87%91%E9%8C%A2%E4%BB%94+&oid=15276 HTTP/1.1" 200 3369
66.249.79.141 - - [05/Jun/2016:00:58:20 +0800] "GET /content/repository/resource_content.jsp?oid=2686984&queryType=qs&queryString=%E5%8A%A0%E9%8A%9C HTTP/1.1" 200 30147
66.249.79.186 - - [05/Jun/2016:00:58:20 +0800] "GET /content/nav/relationSubject.jsp?relationWords=%E8%8A%B1%E4%BB%A4%E4%BB%94%20%E9%87%91%E9%8C%A2%E4%BB%94%20&oid=15276 HTTP/1.1" 200 3369
66.249.71.136 - - [05/Jun/2016:00:58:21 +0800] "GET /content/nav/relationSubject.jsp?relationWords=%E5%90%88%E4%BD%9C%E8%BE%B2%E5%A0%B4+&oid=1543986 HTTP/1.1" 200 4482
66.249.71.136 - - [05/Jun/2016:00:58:23 +0800] "GET /content/nav/relationSubject.jsp?relationWords=%E5%90%88%E4%BD%9C%E8%BE%B2%E5%A0%B4%20&oid=1543986 HTTP/1.1" 200 4482
66.249.71.166 - - [05/Jun/2016:00:58:47 +0800] "GET /content/nav/relationSubject.jsp?relationWords=%E6%97%A5%E6%9C%AC%E6%96%87%E5%AD%B8+%E7%80%A7%E7%94%B0%E8%B2%9E%E6%B2%BB+%E7%9A%87%E6%B0%91+%E7%9A%87%E6%B0%91%E5%A5%89%E5%85%AC%E6%9C%83+%E7%B8%BD%E8%B9%B6%E8%B5%B7+%E8%87%BA%E7%81%A3%E6%96%87%E5%AD%B8+&oid=2470515 HTTP/1.1" 200 4808
66.249.71.152 - - [05/Jun/2016:00:58:49 +0800] "GET /content/nav/relationSubject.jsp?relationWords=%E6%97%A5%E6%9C%AC%E6%96%87%E5%AD%B8%20%E7%80%A7%E7%94%B0%E8%B2%9E%E6%B2%BB%20%E7%9A%87%E6%B0%91%20%E7%9A%87%E6%B0%91%E5%A5%89%E5%85%AC%E6%9C%83%20%E7%B8%BD%E8%B9%B6%E8%B5%B7%20%E8%87%BA%E7%81%A3%E6%96%87%E5%AD%B8%20&oid=2470515 HTTP/1.1" 200 4808
118.168.164.103 - - [05/Jun/2016:00:59:17 +0800] "GET /content/repository/resource_content.jsp?oid=1844832&queryType=qs&queryString=%E7%8D%B8%E9%A0%AD%E5%88%80 HTTP/1.1" 200 30434
66.249.79.200 - - [05/Jun/2016:00:59:20 +0800] "GET /content/repository/resource_content.jsp?oid=1462614 HTTP/1.1" 200 31059
118.168.164.103 - - [05/Jun/2016:00:59:20 +0800] "GET /content/nav/relationSubject.jsp?relationWords=%E7%8D%B8%E9%A0%AD%E5%88%80+&oid=1844832 HTTP/1.1" 200 3016
66.249.71.159 - - [05/Jun/2016:00:59:20 +0800] "GET /content/nav/relationSubject.jsp?relationWords=%E5%9C%8B%E6%B0%91%E6%95%99%E8%82%B2+%E7%B8%BD%E5%8A%9B%E6%88%B0+%E8%87%BA%E7%81%A3%E7%B8%BD%E7%9D%A3%E5%BA%9C+&oid=1195190 HTTP/1.1" 200 3900
66.249.71.152 - - [05/Jun/2016:00:59:22 +0800] "GET /content/nav/relationSubject.jsp?relationWords=%E5%9C%8B%E6%B0%91%E6%95%99%E8%82%B2%20%E7%B8%BD%E5%8A%9B%E6%88%B0%20%E8%87%BA%E7%81%A3%E7%B8%BD%E7%9D%A3%E5%BA%9C%20&oid=1195190 HTTP/1.1" 200 3900
66.249.71.254 - - [05/Jun/2016:00:59:24 +0800] "GET /content/nav/relationSubject.jsp?relationWords=%E5%A4%AA%E5%B8%B8%E5%AF%BA+%E5%AF%BA%E4%B8%9E+&oid=2635868 HTTP/1.1" 200 3101
66.249.71.248 - - [05/Jun/2016:00:59:26 +0800] "GET /content/nav/relationSubject.jsp?relationWords=%E5%A4%AA%E5%B8%B8%E5%AF%BA%20%E5%AF%BA%E4%B8%9E%20&oid=2635868 HTTP/1.1" 200 3101
118.168.164.103 - - [05/Jun/2016:00:59:27 +0800] "GET /content/repository/resource_content.jsp?oid=1846677&queryType=qs&queryString=%E7%8D%B8%E9%A0%AD%E5%88%80 HTTP/1.1" 200 29886
118.168.164.103 - - [05/Jun/2016:00:59:28 +0800] "GET /content/nav/relationSubject.jsp?relationWords=%E7%8D%B8%E9%A0%AD%E5%88%80+&oid=1846677 HTTP/1.1" 200 3028
66.249.71.136 - - [05/Jun/2016:00:59:53 +0800] "GET /content/repository/resource_content.jsp?oid=2145994 HTTP/1.1" 200 31222
66.249.71.199 - - [05/Jun/2016:01:00:20 +0800] "GET /content/repository/resource_content.jsp?oid=3812720&queryString=%E5%8F%B0%E7%81%A3%E6%B0%B4%E9%BE%8D%E9%AA%A8%20%E6%A4%8D%E7%89%A9%E7%95%8C%20%E6%B0%B4%E9%BE%8D%E9%AA%A8%20%E6%B0%B4%E9%BE%8D%E9%AA%A8%E5%B1%AC%20%E6%B0%B4%E9%BE%8D%E9%AA%A8%E7%A7%91%20%E8%95%A8%E9%A1%9E%E6%A4%8D%E7%89%A9 HTTP/1.1" 200 31532
66.249.71.136 - - [05/Jun/2016:01:02:00 +0800] "GET /content/nav/relationSubject.jsp?relationWords=%E5%8F%83%E8%AD%B0%E6%9C%83+%E5%8F%B0%E7%81%A3%E7%9C%81+%E8%AC%9B%E7%BF%92%E6%9C%83+%E8%AD%A6%E5%8B%99%E8%99%95+%E8%AD%A6%E5%AF%9F+&oid=1516949 HTTP/1.1" 200 4892
66.249.71.136 - - [05/Jun/2016:01:02:05 +0800] "GET /content/nav/relationSubject.jsp?relationWords=%E5%A4%9A%E6%A8%A3%E6%80%A7+&oid=16777462 HTTP/1.1" 200 4316
66.249.79.200 - - [05/Jun/2016:01:02:08 +0800] "GET /content/nav/relationSubject.jsp?relationWords=%E7%9B%A4%E9%AE%91%E8%9E%BA+%E9%AE%91%E8%9E%BA+&oid=33554933 HTTP/1.1" 200 3211
66.249.71.136 - - [05/Jun/2016:01:02:13 +0800] "GET /content/nav/relationSubject.jsp?relationWords=%E7%9B%A4%E9%AE%91%E8%9E%BA%20%E9%AE%91%E8%9E%BA%20&oid=33554933 HTTP/1.1" 200 3211
66.249.71.166 - - [05/Jun/2016:01:02:23 +0800] "GET /content/subject/resource_content.jsp?oid=16777714&queryType=qc HTTP/1.1" 200 42393
66.249.71.254 - - [05/Jun/2016:01:02:27 +0800] "GET /content/nav/relationSubject.jsp?relationWords=%E5%90%B3%E6%B3%89+%E5%90%B3%E6%B3%89%E6%B4%9D+%E5%91%82%E5%85%83+%E5%91%82%E5%85%83%E5%BC%B7+%E5%B0%8F%E6%B8%AF%E9%84%89+%E5%BE%90%E8%BC%9D%E5%9C%8B+%E6%B3%89%E6%B4%9D+%E7%9C%81%E6%94%BF%E5%BA%9C+%E8%94%A1%E6%9D%8E%E9%B4%A6+%E8%AD%B0%E9%95%B7+%E9%BB%83%E6%9C%AC+&oid=1899213 HTTP/1.1" 200 4882
66.249.71.248 - - [05/Jun/2016:01:02:29 +0800] "GET /content/nav/relationSubject.jsp?relationWords=%E5%90%B3%E6%B3%89%20%E5%90%B3%E6%B3%89%E6%B4%9D%20%E5%91%82%E5%85%83%20%E5%91%82%E5%85%83%E5%BC%B7%20%E5%B0%8F%E6%B8%AF%E9%84%89%20%E5%BE%90%E8%BC%9D%E5%9C%8B%20%E6%B3%89%E6%B4%9D%20%E7%9C%81%E6%94%BF%E5%BA%9C%20%E8%94%A1%E6%9D%8E%E9%B4%A6%20%E8%AD%B0%E9%95%B7%20%E9%BB%83%E6%9C%AC%20&oid=1899213 HTTP/1.1" 200 4882
66.249.71.248 - - [05/Jun/2016:01:03:23 +0800] "GET /content/nav/relationSubject.jsp?relationWords=%E5%85%AD%E7%B6%93+%E8%8D%89%E5%B6%BA+%E9%80%9A%E8%B2%A8+&oid=1582487 HTTP/1.1" 200 8614
66.249.71.136 - - [05/Jun/2016:01:03:38 +0800] "GET /content/nav/relationSubject.jsp?relationWords=%E5%A4%9A%E5%88%BA%E9%B3%A5%E5%B0%BE%E8%9B%A4+%E7%B0%BE%E8%9B%A4%E7%9B%AE+%E8%9B%A4%E7%A7%91+%E8%BB%9F%E9%AB%94%E5%8B%95%E7%89%A9%E9%96%80+%E9%9B%99%E6%AE%BC%E7%B6%B1+%E9%B3%A5%E5%B0%BE%E8%9B%A4+&oid=4551294 HTTP/1.1" 200 3535
66.249.71.136 - - [05/Jun/2016:01:04:05 +0800] "GET /content/nav/relationSubject.jsp?relationWords=%E5%87%BA%E7%8D%84%E4%BA%BA+%E6%9B%B4%E7%94%9F%E4%BF%9D%E8%AD%B7+%E9%A0%90%E7%AE%97+&oid=1628400 HTTP/1.1" 200 5307
66.249.71.136 - - [05/Jun/2016:01:04:07 +0800] "GET /content/nav/relationSubject.jsp?relationWords=%E5%87%BA%E7%8D%84%E4%BA%BA%20%E6%9B%B4%E7%94%9F%E4%BF%9D%E8%AD%B7%20%E9%A0%90%E7%AE%97%20&oid=1628400 HTTP/1.1" 200 5307
66.249.71.136 - - [05/Jun/2016:01:04:10 +0800] "GET /content/nav/relationSubject.jsp?relationWords=%E5%8F%83%E8%AD%B0%E6%9C%83+%E5%8F%B0%E7%81%A3%E7%9C%81+%E8%90%AC%E5%BE%97+%E8%A8%B1%E8%90%AC%E5%BE%97+&oid=1518041 HTTP/1.1" 200 4549
66.249.71.136 - - [05/Jun/2016:01:04:13 +0800] "GET /content/nav/relationSubject.jsp?relationWords=%E5%8F%83%E8%AD%B0%E6%9C%83%20%E5%8F%B0%E7%81%A3%E7%9C%81%20%E8%90%AC%E5%BE%97%20%E8%A8%B1%E8%90%AC%E5%BE%97%20&oid=1518041 HTTP/1.1" 200 4549
66.249.79.155 - - [05/Jun/2016:01:04:24 +0800] "GET /content/repository/resource_content.jsp?oid=1519900&queryType=qs&queryString=%E9%99%B3%E9%80%A2%E6%BA%90 HTTP/1.1" 200 29555
49.216.162.52 - - [05/Jun/2016:01:04:34 +0800] "GET /content/nav/relationSubject.jsp?relationWords=%E5%B1%B1%E8%8A%99%E8%93%89+%E6%9C%A8%E8%8A%99%E8%93%89+%E8%96%9B%E6%BF%A4+%E9%86%89%E8%8A%99%E8%93%89+&oid=16777260 HTTP/1.1" 200 4595
66.249.71.199 - - [05/Jun/2016:01:05:24 +0800] "GET /content/repository/resource_content.jsp?oid=1889739&queryString=%E7%B0%A1%E9%8C%A6%E7%9B%8A%20%E9%99%B3%E9%8C%AB%20%E9%BB%83%E6%B0%B8%20%E9%BB%83%E6%B0%B8%E6%AC%BD HTTP/1.1" 200 29426
66.249.71.136 - - [05/Jun/2016:01:05:42 +0800] "GET /content/nav/relationSubject.jsp?relationWords=%E5%8D%97%E6%98%9F%E7%A7%91+%E5%8F%B0%E7%81%A3%E5%A4%A9%E5%8D%97%E6%98%9F+%E5%A4%A9%E5%8D%97%E6%98%9F+%E5%A4%A9%E5%8D%97%E6%98%9F%E5%B1%AC+%E5%A4%A9%E5%8D%97%E6%98%9F%E7%A7%91+%E6%A4%8D%E7%89%A9%E7%95%8C+&oid=2145994 HTTP/1.1" 200 3524
66.249.71.136 - - [05/Jun/2016:01:05:45 +0800] "GET /content/nav/relationSubject.jsp?relationWords=%E5%8D%97%E6%98%9F%E7%A7%91%20%E5%8F%B0%E7%81%A3%E5%A4%A9%E5%8D%97%E6%98%9F%20%E5%A4%A9%E5%8D%97%E6%98%9F%20%E5%A4%A9%E5%8D%97%E6%98%9F%E5%B1%AC%20%E5%A4%A9%E5%8D%97%E6%98%9F%E7%A7%91%20%E6%A4%8D%E7%89%A9%E7%95%8C%20&oid=2145994 HTTP/1.1" 200 3524
66.249.71.136 - - [05/Jun/2016:01:05:51 +0800] "GET /content/nav/relationSubject.jsp?relationWords=%E4%B8%89%E8%BC%AA%E8%B2%A8%E8%BB%8A+%E4%B8%BB%E4%BB%BB%E7%A7%98%E6%9B%B8+%E4%BA%A4%E9%80%9A%E8%99%95+%E5%85%83%E5%A4%A7+%E5%85%AC%E8%B7%AF%E5%B1%80+%E5%86%B7%E6%B0%A3+%E5%9C%B0%E6%96%B9%E6%B3%95%E9%99%A2+%E5%BB%B6%E7%A6%A7+%E5%BE%B5%E4%BF%A1+%E5%BE%B5%E4%BF%A1%E6%96%B0%E8%81%9E%E5%A0%B1+%E6%8A%80%E5%B7%A5+%E6%93%B4%E5%BB%BA+%E6%9D%8E%E6%BA%90+%E6%9D%8E%E6%BA%90%E6%A3%A7+%E6%B3%95%E9%99%A2+%E6%B4%A5%E8%B2%BC+%E6%B4%AA%E6%8C%AF%E4%B9%BE+%E6%B8%AF%E5%8B%99+%E6%B8%AF%E5%8B%99%E5%B1%80+%E7%AB%99%E9%95%B7+%E8%80%95%E8%80%98+%E8%80%95%E8%80%98%E6%A9%9F+%E8%87%BA%E4%B8%AD%E5%8D%80+%E8%87%BA%E5%8C%97%E5%B8%82+%E8%B2%A8%E8%BB%8A+%E8%B3%AA%E8%A9%A2+%E9%90%B5%E8%B7%AF%E5%B1%80+%E9%99%B3%E6%9E%97+%E9%99%B3%E9%87%91+%E9%AB%98%E9%9B%84%E6%B8%AF+%E9%AB%98%E9%9B%84%E6%B8%AF%E5%8B%99%E5%B1%80+&oid=1549250 HTTP/1.1" 200 5822
66.249.71.136 - - [05/Jun/2016:01:05:54 +0800] "GET /content/nav/relationSubject.jsp?relationWords=%E5%90%B3%E5%A4%A7+%E6%9E%97%E5%AE%97%E7%94%B7+&oid=1892161 HTTP/1.1" 200 3753
