106.38.241.143 - - [09/May/2016:04:31:05 +0800] "GET /digiarch_en/content/repository/resource_content.jsp?oid=1123624&queryType=qc HTTP/1.1" 200 24946
106.38.241.143 - - [09/May/2016:04:31:17 +0800] "GET /digiarch_en/content/repository/resource_content.jsp?oid=523969&queryType=qc HTTP/1.1" 200 27689
66.249.71.60 - - [09/May/2016:04:32:36 +0800] "GET /content/nav/relationSubject.jsp?relationWords=%E7%B4%85%E8%8B%9E%E8%B9%84%E8%93%8B%E8%95%A8+%E8%B9%84%E8%93%8B%E8%95%A8%E5%B1%AC+&oid=1112863 HTTP/1.1" 200 3120
106.38.241.143 - - [09/May/2016:04:32:37 +0800] "GET /content/tmp_exh/resource_content.jsp?oid=16777763 HTTP/1.1" 200 31620
66.249.71.60 - - [09/May/2016:04:32:38 +0800] "GET /content/nav/relationSubject.jsp?relationWords=%E7%B4%85%E8%8B%9E%E8%B9%84%E8%93%8B%E8%95%A8%20%E8%B9%84%E8%93%8B%E8%95%A8%E5%B1%AC%20&oid=1112863 HTTP/1.1" 200 3120
106.38.241.143 - - [09/May/2016:04:32:50 +0800] "GET /content/tmp_auth/resource_content.jsp?oid=16777809 HTTP/1.1" 200 37139
66.249.71.60 - - [09/May/2016:04:32:50 +0800] "GET /content/repository/resource_content.jsp?oid=2518496 HTTP/1.1" 200 29736
106.38.241.143 - - [09/May/2016:04:33:14 +0800] "GET /content/tmp_exh/resource_content.jsp?oid=16777710&queryType=qc HTTP/1.1" 200 27149
106.38.241.143 - - [09/May/2016:04:33:38 +0800] "GET /content/tmp_auth/resource_content.jsp?oid=16777433 HTTP/1.1" 200 27606
66.249.77.91 - - [09/May/2016:04:33:49 +0800] "GET /content/nav/relationSubject.jsp?relationWords=%E5%85%89%E8%91%89+%E5%85%89%E8%91%89%E8%96%94%E8%96%87+%E6%A4%8D%E7%89%A9%E7%95%8C+%E8%96%94%E8%96%87%E5%B1%AC+%E8%96%94%E8%96%87%E7%9B%AE+%E8%96%94%E8%96%87%E7%A7%91+&oid=1111600 HTTP/1.1" 200 3437
66.249.77.91 - - [09/May/2016:04:33:51 +0800] "GET /content/nav/relationSubject.jsp?relationWords=%E5%85%89%E8%91%89%20%E5%85%89%E8%91%89%E8%96%94%E8%96%87%20%E6%A4%8D%E7%89%A9%E7%95%8C%20%E8%96%94%E8%96%87%E5%B1%AC%20%E8%96%94%E8%96%87%E7%9B%AE%20%E8%96%94%E8%96%87%E7%A7%91%20&oid=1111600 HTTP/1.1" 200 3437
106.38.241.143 - - [09/May/2016:04:34:02 +0800] "GET /content/tmp_exh/resource_content.jsp?oid=16777693&queryType=qc%201921 HTTP/1.1" 200 50474
106.38.241.143 - - [09/May/2016:04:34:13 +0800] "GET /content/tmp_auth/resource_content.jsp?oid=16777466 HTTP/1.1" 200 27559
106.38.241.143 - - [09/May/2016:04:34:25 +0800] "GET /content/tmp_exh/resource_content.jsp?oid=16777709&queryType=qc HTTP/1.1" 200 27121
66.249.77.91 - - [09/May/2016:04:34:36 +0800] "GET /content/subject/resource_content.jsp?oid=16777599&queryType=qs&queryString=%E6%97%A5%E6%93%9A%E6%99%82%E4%BB%A3 HTTP/1.1" 200 36963
106.38.241.143 - - [09/May/2016:04:34:36 +0800] "GET /content/tmp_auth/resource_content.jsp?oid=16777668 HTTP/1.1" 200 24625
106.38.241.143 - - [09/May/2016:04:34:48 +0800] "GET /content/tmp_exh/resource_content.jsp?oid=16777824&queryType=qc%201890 HTTP/1.1" 200 40038
106.38.241.143 - - [09/May/2016:04:35:00 +0800] "GET /content/tmp_auth/resource_content.jsp?oid=16777674 HTTP/1.1" 200 27531
106.38.241.143 - - [09/May/2016:04:35:12 +0800] "GET /content/tmp_tec/resource_content.jsp?oid=16777753 HTTP/1.1" 200 33902
106.38.241.143 - - [09/May/2016:04:35:23 +0800] "GET /content/tmp_tec/resource_content.jsp?oid=16777730 HTTP/1.1" 200 42446
106.38.241.143 - - [09/May/2016:04:35:35 +0800] "GET /content/tmp_auth/resource_content.jsp?oid=16777759 HTTP/1.1" 200 25314
123.125.71.50 - - [09/May/2016:04:35:42 +0800] "GET /content/subject/resource_content.jsp?oid=16777783&queryType=qc HTTP/1.1" 200 58360
106.38.241.143 - - [09/May/2016:04:35:52 +0800] "GET /content/tmp_exh/resource_content.jsp?oid=16777710&queryType=qc%201890 HTTP/1.1" 200 27149
106.38.241.143 - - [09/May/2016:04:36:04 +0800] "GET /content/tmp_exh/resource_content.jsp?oid=16777715&queryType=qc HTTP/1.1" 200 32435
106.38.241.143 - - [09/May/2016:04:36:16 +0800] "GET /content/tmp_auth/resource_content.jsp?oid=16777460 HTTP/1.1" 200 35840
66.249.71.60 - - [09/May/2016:04:36:18 +0800] "GET /content/nav/relationSubject.jsp?relationWords=%E4%B8%AD%E5%9C%8B%E5%A4%A7%E9%99%B8%E5%9C%B0%E5%9C%96+%E5%B4%87%E8%88%88+&oid=206082 HTTP/1.1" 200 3175
66.249.71.60 - - [09/May/2016:04:36:20 +0800] "GET /content/nav/relationSubject.jsp?relationWords=%E4%B8%AD%E5%9C%8B%E5%A4%A7%E9%99%B8%E5%9C%B0%E5%9C%96%20%E5%B4%87%E8%88%88%20&oid=206082 HTTP/1.1" 200 3175
106.38.241.143 - - [09/May/2016:04:36:27 +0800] "GET /content/tmp_exh/resource_content.jsp?oid=16777739&queryType=qc HTTP/1.1" 200 32479
66.249.71.113 - - [09/May/2016:04:36:34 +0800] "GET /content/repository/resource_content.jsp?oid=1838764&queryType=qs&queryString=%E4%B8%81%E5%AD%97%E8%A4%B2 HTTP/1.1" 200 31389
106.38.241.143 - - [09/May/2016:04:36:39 +0800] "GET /content/tmp_exh/resource_content.jsp?oid=16777821&queryType=qc%201890 HTTP/1.1" 200 35129
157.55.39.178 - - [09/May/2016:04:37:55 +0800] "GET /nav/relationSubject.jsp?relationWords=%E9%BB%83%E6%A7%90+&oid=16777364 HTTP/1.1" 404 14873
66.249.71.60 - - [09/May/2016:04:38:26 +0800] "GET /content/repository/resource_content.jsp?oid=1460114 HTTP/1.1" 200 31133
131.253.26.238 - - [09/May/2016:04:38:29 +0800] "GET /content/tmp_exh/resource_content.jsp?oid=16777755&querystring= HTTP/1.1" 200 33902
66.249.71.60 - - [09/May/2016:04:38:44 +0800] "GET /content/nav/relationSubject.jsp?relationWords=%E4%B8%89%E4%B8%83%E4%BA%94+%E5%89%B5%E6%A5%AD+&oid=1607734 HTTP/1.1" 200 4682
66.249.71.60 - - [09/May/2016:04:38:47 +0800] "GET /content/nav/relationSubject.jsp?relationWords=%E4%B8%89%E4%B8%83%E4%BA%94%20%E5%89%B5%E6%A5%AD%20&oid=1607734 HTTP/1.1" 200 4682
66.249.71.5 - - [09/May/2016:04:38:48 +0800] "GET /content/nav/relationSubject.jsp?relationWords=%E7%9B%88%E9%A4%98+%E9%97%9C%E7%A8%85+&oid=2676592 HTTP/1.1" 200 4416
66.249.71.5 - - [09/May/2016:04:38:50 +0800] "GET /content/nav/relationSubject.jsp?relationWords=%E7%9B%88%E9%A4%98%20%E9%97%9C%E7%A8%85%20&oid=2676592 HTTP/1.1" 200 4416
66.249.77.97 - - [09/May/2016:04:39:40 +0800] "GET /content/nav/relationSubject.jsp?relationWords=%E5%9F%94%E9%B9%BD+%E6%A4%8D%E7%89%A9%E7%95%8C+%E6%BC%86%E6%A8%B9%E5%B1%AC+%E6%BC%86%E6%A8%B9%E7%A7%91+%E7%84%A1%E6%82%A3%E5%AD%90+%E7%BE%85%E6%B0%8F%E9%B9%BD%E8%86%9A%E6%9C%A8+&oid=1105840 HTTP/1.1" 200 3487
66.249.77.97 - - [09/May/2016:04:39:42 +0800] "GET /content/nav/relationSubject.jsp?relationWords=%E5%9F%94%E9%B9%BD%20%E6%A4%8D%E7%89%A9%E7%95%8C%20%E6%BC%86%E6%A8%B9%E5%B1%AC%20%E6%BC%86%E6%A8%B9%E7%A7%91%20%E7%84%A1%E6%82%A3%E5%AD%90%20%E7%BE%85%E6%B0%8F%E9%B9%BD%E8%86%9A%E6%9C%A8%20&oid=1105840 HTTP/1.1" 200 3487
66.249.71.113 - - [09/May/2016:04:40:18 +0800] "GET /content/repository/resource_content.jsp?oid=2635452&queryType=qs&queryString=%E5%8C%AA%E6%A3%8D HTTP/1.1" 200 29799
66.249.71.113 - - [09/May/2016:04:41:33 +0800] "GET /content/nav/relationSubject.jsp?relationWords=%E7%B2%BF%E6%A8%A1+%E7%B4%85%E9%BE%9C+%E7%B4%85%E9%BE%9C%E7%B2%BF+&oid=4362090 HTTP/1.1" 200 2753
66.249.71.105 - - [09/May/2016:04:41:39 +0800] "GET /content/nav/relationSubject.jsp?relationWords=%E5%B0%96%E9%A0%AD%E7%9F%B3%E7%8B%97%E5%85%AC+%E6%A0%BC%E4%BB%94+%E6%B2%99%E8%96%91%E8%99%8E+%E7%9F%B3%E5%B4%87+%E7%9F%B3%E7%8B%97%E5%85%AC+%E7%9F%B3%E7%8D%85%E5%AD%90+%E7%9F%B3%E9%99%8D+%E7%9F%B3%E9%A0%AD%E9%AD%9A+%E8%87%AD%E9%A0%AD+%E8%87%AD%E9%A0%AD%E6%A0%BC%E4%BB%94+%E8%99%8E%E9%AD%9A+%E9%81%8E%E6%BA%9D%E4%BB%94+&oid=14879 HTTP/1.1" 200 3855
66.249.71.105 - - [09/May/2016:04:41:42 +0800] "GET /content/nav/relationSubject.jsp?relationWords=%E5%B0%96%E9%A0%AD%E7%9F%B3%E7%8B%97%E5%85%AC%20%E6%A0%BC%E4%BB%94%20%E6%B2%99%E8%96%91%E8%99%8E%20%E7%9F%B3%E5%B4%87%20%E7%9F%B3%E7%8B%97%E5%85%AC%20%E7%9F%B3%E7%8D%85%E5%AD%90%20%E7%9F%B3%E9%99%8D%20%E7%9F%B3%E9%A0%AD%E9%AD%9A%20%E8%87%AD%E9%A0%AD%20%E8%87%AD%E9%A0%AD%E6%A0%BC%E4%BB%94%20%E8%99%8E%E9%AD%9A%20%E9%81%8E%E6%BA%9D%E4%BB%94%20&oid=14879 HTTP/1.1" 200 3855
66.249.71.5 - - [09/May/2016:04:42:11 +0800] "GET /digiarch3/content/subject/resource_content.jsp?oid=16777361&queryString=%E5%B8%86%E9%B0%AD%E9%AD%B4%20%E6%B7%B1%E6%B5%B7%E4%B8%89%E8%A7%92%E4%BB%94%20%E7%83%8F%E9%AD%B4%20%E9%BB%91%E7%9A%AE%E5%88%80%20%E9%BB%91%E9%A3%9B%E5%88%80 HTTP/1.1" 200 31712
66.249.71.60 - - [09/May/2016:04:42:48 +0800] "GET /content/nav/relationSubject.jsp?relationWords=%E5%8D%81%E5%AD%97%E8%8A%B1%E7%A7%91%20%E5%8F%B0%E7%81%A3%E5%B1%B1%E8%96%BA%20%E5%B1%B1%E8%96%BA%E5%B1%AC%20%E6%A4%8D%E7%89%A9%E7%95%8C%20%E9%9B%99%E5%AD%90%E8%91%89%E6%A4%8D%E7%89%A9%20&oid=1460114 HTTP/1.1" 200 3025
66.249.71.72 - - [09/May/2016:04:43:52 +0800] "GET /content/nav/relationSubject.jsp?relationWords=%E6%A4%8D%E7%89%A9%E7%95%8C+%E8%8C%85%E7%93%9C+%E8%8F%AB%E8%8F%9C+%E8%91%AB%E8%98%86%E7%A7%91+&oid=1110118 HTTP/1.1" 200 3282
66.249.71.72 - - [09/May/2016:04:43:54 +0800] "GET /content/nav/relationSubject.jsp?relationWords=%E6%A4%8D%E7%89%A9%E7%95%8C%20%E8%8C%85%E7%93%9C%20%E8%8F%AB%E8%8F%9C%20%E8%91%AB%E8%98%86%E7%A7%91%20&oid=1110118 HTTP/1.1" 200 3282
66.249.71.23 - - [09/May/2016:04:45:35 +0800] "GET /digiarch3/content/subject/resource_content.jsp?oid=16777484&queryType=qs&queryString=%E7%94%B2%E9%AA%A8%E6%96%87 HTTP/1.1" 200 71968
66.249.71.5 - - [09/May/2016:04:45:37 +0800] "GET /digiarch3/content/nav/relationSubject.jsp?relationWords=%E5%AE%8C%E6%AC%A0+%E9%8C%A2%E7%B3%A7+&oid=2673938 HTTP/1.1" 200 5292
66.249.79.207 - - [09/May/2016:04:45:39 +0800] "GET /content/nav/relationSubject.jsp?relationWords=%E5%BC%B7%E5%88%B6%E4%BF%9D%E9%9A%AA+%E8%87%BA%E6%B1%BD+&oid=1593235 HTTP/1.1" 200 13903
66.249.71.14 - - [09/May/2016:04:45:39 +0800] "GET /digiarch3/content/nav/relationSubject.jsp?relationWords=%E5%AE%8C%E6%AC%A0%20%E9%8C%A2%E7%B3%A7%20&oid=2673938 HTTP/1.1" 200 5292
66.249.71.60 - - [09/May/2016:04:45:41 +0800] "GET /content/nav/relationSubject.jsp?relationWords=%E5%BC%B7%E5%88%B6%E4%BF%9D%E9%9A%AA%20%E8%87%BA%E6%B1%BD%20&oid=1593235 HTTP/1.1" 200 13903
66.249.71.64 - - [09/May/2016:04:45:54 +0800] "GET /content/subject/resource_content.jsp?oid=16797292&queryType=qc HTTP/1.1" 200 57226
66.249.71.14 - - [09/May/2016:04:46:35 +0800] "GET /content/nav/relationSubject.jsp?relationWords=%E5%8D%91%E5%8D%97%E6%97%8F+%E5%8F%B0%E7%81%A3%E5%8E%9F%E4%BD%8F%E6%B0%91+%E5%B8%83%E8%BE%B2%E6%97%8F+%E6%88%90%E5%B9%B4%E7%A6%AE+%E6%B3%B0%E9%9B%85%E6%97%8F+%E7%94%9F%E5%91%BD%E5%84%80%E7%A6%AE+%E7%94%9F%E5%91%BD%E7%A6%AE%E4%BF%97+%E8%B3%BD%E5%A4%8F%E6%97%8F+%E9%82%B5%E6%97%8F+%E9%84%92%E6%97%8F+%E9%9B%85%E7%BE%8E%E6%97%8F+%E9%AD%AF%E5%87%B1%E6%97%8F+&oid=1779811 HTTP/1.1" 200 5913
66.249.71.14 - - [09/May/2016:04:46:37 +0800] "GET /content/nav/relationSubject.jsp?relationWords=%E5%8D%91%E5%8D%97%E6%97%8F%20%E5%8F%B0%E7%81%A3%E5%8E%9F%E4%BD%8F%E6%B0%91%20%E5%B8%83%E8%BE%B2%E6%97%8F%20%E6%88%90%E5%B9%B4%E7%A6%AE%20%E6%B3%B0%E9%9B%85%E6%97%8F%20%E7%94%9F%E5%91%BD%E5%84%80%E7%A6%AE%20%E7%94%9F%E5%91%BD%E7%A6%AE%E4%BF%97%20%E8%B3%BD%E5%A4%8F%E6%97%8F%20%E9%82%B5%E6%97%8F%20%E9%84%92%E6%97%8F%20%E9%9B%85%E7%BE%8E%E6%97%8F%20%E9%AD%AF%E5%87%B1%E6%97%8F%20&oid=1779811 HTTP/1.1" 200 5913
66.249.71.105 - - [09/May/2016:04:46:50 +0800] "GET /content/nav/relationSubject.jsp?relationWords=%E9%8E%AE%E5%8D%97%E9%97%9C+%E9%BB%8E%E7%B6%AD%E7%A5%81+&oid=2654922 HTTP/1.1" 200 3125
66.249.71.105 - - [09/May/2016:04:46:53 +0800] "GET /content/nav/relationSubject.jsp?relationWords=%E9%8E%AE%E5%8D%97%E9%97%9C%20%E9%BB%8E%E7%B6%AD%E7%A5%81%20&oid=2654922 HTTP/1.1" 200 3125
66.249.71.60 - - [09/May/2016:04:47:25 +0800] "GET /content/nav/relationSubject.jsp?relationWords=%E5%AD%9D%E9%A0%86%E7%AB%B9+%E6%A4%8D%E7%89%A9%E7%95%8C+%E7%A6%BE%E6%9C%AC%E7%A7%91+%E8%8E%8E%E8%8D%89+%E8%93%AC%E8%90%8A%E7%AB%B9+%E8%93%AC%E8%90%8A%E7%AB%B9%E5%B1%AC+%E8%A7%80%E9%9F%B3%E7%AB%B9+%E9%B3%B3%E5%B0%BE+&oid=1114912 HTTP/1.1" 200 4289
66.249.71.60 - - [09/May/2016:04:47:40 +0800] "GET /content/nav/relationSubject.jsp?relationWords=%E6%A4%8D%E7%89%A9%E7%95%8C+%E9%87%91%E5%8D%88%E6%99%82%E8%8A%B1+%E9%87%91%E5%8D%88%E6%99%82%E8%8A%B1%E5%B1%AC+%E9%8C%A6%E8%91%B5+%E9%8C%A6%E8%91%B5%E7%A7%91+&oid=1110834 HTTP/1.1" 200 3426
66.249.71.60 - - [09/May/2016:04:47:43 +0800] "GET /content/nav/relationSubject.jsp?relationWords=%E6%A4%8D%E7%89%A9%E7%95%8C%20%E9%87%91%E5%8D%88%E6%99%82%E8%8A%B1%20%E9%87%91%E5%8D%88%E6%99%82%E8%8A%B1%E5%B1%AC%20%E9%8C%A6%E8%91%B5%20%E9%8C%A6%E8%91%B5%E7%A7%91%20&oid=1110834 HTTP/1.1" 200 3426
66.249.71.60 - - [09/May/2016:04:47:45 +0800] "GET /content/subject/resource_content.jsp?oid=16777230&queryType=qs&queryString=%E9%8A%85%E5%99%A8 HTTP/1.1" 200 28868
66.249.71.60 - - [09/May/2016:04:48:06 +0800] "GET /content/nav/relationSubject.jsp?relationWords=%E4%B8%8B%E6%B0%B4%E9%81%93+%E5%8F%B8%E6%A9%9F+%E5%9C%B0%E6%96%B9%E8%87%AA%E6%B2%BB+%E5%9F%8E%E9%84%89%E7%99%BC%E5%B1%95+%E5%B0%8E%E8%88%AA%E8%A8%AD%E6%96%BD+%E5%B7%A5%E7%A8%8B%E5%8F%97%E7%9B%8A%E8%B2%BB+%E5%B8%AB%E8%B3%87%E4%BE%9B%E9%9C%80+%E6%85%B6%E8%B1%90+%E6%93%B4%E5%BB%BA+%E6%B0%91%E7%87%9F%E5%8C%96+%E6%B3%95%E5%88%B6%E5%8C%96+%E6%B8%85%E6%BD%94%E9%9A%8A+%E6%B8%AF%E5%8B%99+%E7%94%A2%E6%AC%8A+%E7%9C%81%E7%87%9F%E4%BA%8B%E6%A5%AD+%E7%A4%BE%E6%9C%83%E7%A6%8F%E5%88%A9+%E7%AB%B9%E5%B1%B1%E9%8E%AE+%E7%B8%BD%E8%B3%AA%E8%A9%A2+%E8%88%B9%E9%95%B7+%E8%A1%9B%E7%94%9F%E8%99%95+%E8%AD%89%E4%BB%B6+%E8%B2%A1%E6%94%BF+%E8%B2%B7%E8%B3%A3%E5%A5%91%E7%B4%84+%E8%B3%A3%E5%A5%91+%E8%B3%AA%E8%A9%A2+%E9%81%93%E8%B7%AF%E5%B7%A5%E7%A8%8B+%E9%A0%90%E7%AE%97+&oid=1608249 HTTP/1.1" 200 6257
157.55.39.22 - - [09/May/2016:04:48:12 +0800] "GET /nav/relationSubject.jsp?relationWords=%E8%BE%9B%E5%A4%B7+&oid=16777479 HTTP/1.1" 404 14873
66.249.71.60 - - [09/May/2016:04:48:20 +0800] "GET /content/nav/relationSubject.jsp?relationWords=&oid=2544174 HTTP/1.1" 200 1405
66.249.71.60 - - [09/May/2016:04:48:27 +0800] "GET /content/nav/relationSubject.jsp?relationWords=%E5%90%B3%E4%B8%80%E8%A1%9B+%E5%9C%8B%E6%A0%A1+%E6%9C%9F%E6%9C%9B+%E8%B3%AA%E8%A9%A2+%E8%BF%91%E8%A6%96+%E9%9B%BB%E8%A6%96%E5%8F%B0+%E9%BB%83%E5%A5%87%E6%AD%A3+&oid=1575560 HTTP/1.1" 200 5000
157.55.39.22 - - [09/May/2016:04:48:32 +0800] "GET /nav/relationSubject.jsp?relationWords=%E9%98%BF%E5%8B%83%E5%8B%92+&oid=16777401 HTTP/1.1" 404 14873
66.249.71.60 - - [09/May/2016:04:49:37 +0800] "GET /content/repository/resource_content.jsp?oid=1575560&queryType=qs&queryString=%E6%9C%9F%E6%9C%9B HTTP/1.1" 200 29754
66.249.71.105 - - [09/May/2016:04:49:41 +0800] "GET /content/nav/relationSubject.jsp?relationWords=%E4%BF%9D%E8%AD%89%E4%BA%BA+%E5%90%B3%E6%B7%AE%E6%B0%B4+%E5%A4%A7%E7%94%B2%E4%BF%A1%E7%94%A8%E7%B5%84%E5%90%88+%E6%8C%AF%E5%87%BA%E4%BA%BA+%E6%9D%9C%E9%A6%99%E5%9C%8B+%E7%8E%8B%E7%87%95%E7%BF%BC+&oid=1887302 HTTP/1.1" 200 3402
66.249.71.105 - - [09/May/2016:04:49:44 +0800] "GET /content/nav/relationSubject.jsp?relationWords=%E4%BF%9D%E8%AD%89%E4%BA%BA%20%E5%90%B3%E6%B7%AE%E6%B0%B4%20%E5%A4%A7%E7%94%B2%E4%BF%A1%E7%94%A8%E7%B5%84%E5%90%88%20%E6%8C%AF%E5%87%BA%E4%BA%BA%20%E6%9D%9C%E9%A6%99%E5%9C%8B%20%E7%8E%8B%E7%87%95%E7%BF%BC%20&oid=1887302 HTTP/1.1" 200 3402
66.249.79.200 - - [09/May/2016:04:51:06 +0800] "GET /content/nav/relationSubject.jsp?relationWords=%E5%A4%AA%E9%AD%AF%E9%96%A3%E6%97%8F+%E5%AD%B8%E6%A0%A1%E6%95%99%E8%82%B2+%E5%B0%91%E6%95%B8%E6%B0%91%E6%97%8F+%E6%B3%B0%E9%9B%85+&oid=1779506 HTTP/1.1" 200 7002
106.38.241.143 - - [09/May/2016:04:51:19 +0800] "GET /content/subject/resource_content.jsp?oid=16777548&queryType=qc HTTP/1.1" 200 23825
66.249.71.60 - - [09/May/2016:04:51:29 +0800] "GET /content/repository/resource_content.jsp?oid=1894702&queryString=%E4%B8%AD%E8%88%88%E7%B4%99%E6%A5%AD HTTP/1.1" 200 30164
106.38.241.143 - - [09/May/2016:04:51:41 +0800] "GET /content/subject/resource_content.jsp?oid=16777392&queryType=qc HTTP/1.1" 200 25476
66.249.71.60 - - [09/May/2016:04:51:55 +0800] "GET /content/repository/resource_content.jsp?oid=1566972&queryString=%E5%BB%A3%E6%92%AD%20%E5%BB%A3%E6%92%AD%E9%9B%BB%E5%8F%B0%20%E6%95%99%E8%82%B2%E5%BB%A3%E6%92%AD%E9%9B%BB%E5%8F%B0 HTTP/1.1" 200 31624
66.249.71.60 - - [09/May/2016:04:52:02 +0800] "GET /content/nav/relationSubject.jsp?relationWords=%E5%85%B1%E6%9C%89%E5%9C%9F%E5%9C%B0+%E5%9C%8B%E8%88%88+%E5%9C%9F%E5%9C%B0%E9%87%8D%E5%8A%83+%E7%94%B0%E8%B3%A6%E6%A1%88+%E7%9C%81%E6%94%BF%E5%BA%9C+%E8%94%A1%E9%8C%A6%E6%A3%9F+&oid=1899448 HTTP/1.1" 200 4722
106.38.241.143 - - [09/May/2016:04:52:07 +0800] "GET /content/subject/resource_content.jsp?oid=16777738&queryType=qc HTTP/1.1" 200 50795
66.249.71.5 - - [09/May/2016:04:52:08 +0800] "GET /content/nav/relationSubject.jsp?relationWords=%E9%BB%91%E9%9D%A2%E5%AA%BD%E7%A5%96+&oid=4363869 HTTP/1.1" 200 1893
66.249.71.5 - - [09/May/2016:04:52:10 +0800] "GET /content/nav/relationSubject.jsp?relationWords=%E9%BB%91%E9%9D%A2%E5%AA%BD%E7%A5%96%20&oid=4363869 HTTP/1.1" 200 1893
66.249.77.85 - - [09/May/2016:04:52:26 +0800] "GET /content/nav/relationSubject.jsp?relationWords=%E8%A6%96%E8%A6%BA+&oid=16777299 HTTP/1.1" 200 3612
106.38.241.143 - - [09/May/2016:04:52:32 +0800] "GET /content/subject/resource_content.jsp?oid=16777428&queryType=qc HTTP/1.1" 200 38317
66.249.71.113 - - [09/May/2016:04:52:40 +0800] "GET /content/nav/relationSubject.jsp?relationWords=&oid=2605682 HTTP/1.1" 200 1405
106.38.241.143 - - [09/May/2016:04:52:54 +0800] "GET /content/subject/resource_content.jsp?oid=16777280&queryType=qc HTTP/1.1" 200 30999
106.38.241.143 - - [09/May/2016:04:53:16 +0800] "GET /content/subject/resource_content.jsp?oid=16777717&queryType=qc HTTP/1.1" 200 33382
66.249.71.60 - - [09/May/2016:04:53:20 +0800] "GET /content/nav/relationSubject.jsp?relationWords=%E4%BA%A8%E6%B0%8F%E7%9F%AD%E9%AB%94%E9%B0%BB+%E7%A1%AC%E9%AA%A8%E7%AF%A1+%E8%9B%87%E9%B0%BB+%E8%9B%87%E9%B0%BB%E7%A7%91+%E9%B0%BB%E7%A7%91+&oid=3338411 HTTP/1.1" 200 3568
66.249.77.85 - - [09/May/2016:04:53:21 +0800] "GET /content/subject/resource_content.jsp?oid=16777785&queryType=qs&queryString=%E5%9B%9E%E6%86%B6%E9%8C%84 HTTP/1.1" 200 49793
66.249.71.60 - - [09/May/2016:04:53:22 +0800] "GET /content/nav/relationSubject.jsp?relationWords=%E4%BA%A8%E6%B0%8F%E7%9F%AD%E9%AB%94%E9%B0%BB%20%E7%A1%AC%E9%AA%A8%E7%AF%A1%20%E8%9B%87%E9%B0%BB%20%E8%9B%87%E9%B0%BB%E7%A7%91%20%E9%B0%BB%E7%A7%91%20&oid=3338411 HTTP/1.1" 200 3568
66.249.71.60 - - [09/May/2016:04:54:11 +0800] "GET /content/nav/relationSubject.jsp?relationWords=%E5%90%88%E4%BD%9C%E7%A4%BE+%E5%9C%B0%E6%96%B9%E6%B4%BE%E7%B3%BB+%E5%B7%AE%E6%97%85%E8%B2%BB+%E6%A5%8A%E7%B4%85%E7%B6%A2+%E6%B4%BE%E7%B3%BB+%E7%82%B3%E7%85%8C+%E7%B3%A7%E9%A3%9F%E5%B1%80+%E8%87%BA%E7%B3%96+%E8%8C%B6%E8%BE%B2+%E8%91%89%E7%82%B3%E7%85%8C+%E8%B3%AA%E8%A9%A2+%E9%A3%9F%E5%AE%98+%E9%A3%BC%E6%96%99+&oid=1551823 HTTP/1.1" 200 4834
68.180.230.90 - - [09/May/2016:04:54:11 +0800] "GET /content/subject/resource_content.jsp?oid=16777484&queryType=qc HTTP/1.1" 200 72146
66.249.71.60 - - [09/May/2016:04:54:12 +0800] "GET /content/nav/relationSubject.jsp?relationWords=%E5%90%88%E4%BD%9C%E7%A4%BE%20%E5%9C%B0%E6%96%B9%E6%B4%BE%E7%B3%BB%20%E5%B7%AE%E6%97%85%E8%B2%BB%20%E6%A5%8A%E7%B4%85%E7%B6%A2%20%E6%B4%BE%E7%B3%BB%20%E7%82%B3%E7%85%8C%20%E7%B3%A7%E9%A3%9F%E5%B1%80%20%E8%87%BA%E7%B3%96%20%E8%8C%B6%E8%BE%B2%20%E8%91%89%E7%82%B3%E7%85%8C%20%E8%B3%AA%E8%A9%A2%20%E9%A3%9F%E5%AE%98%20%E9%A3%BC%E6%96%99%20&oid=1551823 HTTP/1.1" 200 4834
68.180.230.90 - - [09/May/2016:04:54:25 +0800] "GET /content/subject/resource_content.jsp?oid=16777544&queryType=qc HTTP/1.1" 200 35835
68.180.230.90 - - [09/May/2016:04:55:07 +0800] "GET /content/subject/resource_content.jsp?oid=16777303&queryType=qc HTTP/1.1" 200 34984
66.249.77.85 - - [09/May/2016:04:55:13 +0800] "GET /content/repository/resource_content.jsp?oid=1115933&queryString=%E5%85%89%E6%9E%9C%E9%BE%8D%E8%91%B5%20%E6%A4%8D%E7%89%A9%E7%95%8C%20%E8%8C%84%E5%B1%AC%20%E8%8C%84%E7%A7%91 HTTP/1.1" 200 31646
68.180.230.90 - - [09/May/2016:04:56:23 +0800] "GET /content/subject/resource_content.jsp?oid=16777701&queryType=qc HTTP/1.1" 200 37539
66.249.77.85 - - [09/May/2016:04:56:34 +0800] "GET /content/repository/resource_content.jsp?oid=15005&queryString=%E5%A4%BE%E7%AB%B9%E6%A1%83%E7%A7%91%20%E6%A4%8D%E7%89%A9%E7%95%8C%20%E6%B5%B7%E6%AA%AC%E6%9E%9C%20%E6%B5%B7%E6%AA%AC%E6%9E%9C%E5%B1%AC%20%E9%BE%8D%E8%86%BD HTTP/1.1" 200 35178
66.249.71.64 - - [09/May/2016:04:57:05 +0800] "GET /content/repository/resource_content.jsp?oid=2150825&queryString=%E6%9C%A8%E8%98%AD%E7%A7%91%20%E6%A4%8D%E7%89%A9%E7%95%8C%20%E7%83%8F%E5%BF%83%E7%9F%B3%20%E7%83%8F%E5%BF%83%E7%9F%B3%E5%B1%AC HTTP/1.1" 200 31259
66.249.71.5 - - [09/May/2016:04:58:57 +0800] "GET /digiarch3/content/repository/resource_content.jsp?oid=523952&queryType=qs&queryString=%E6%B7%A1%E8%A4%90%E8%89%B2 HTTP/1.1" 200 36257
66.249.71.64 - - [09/May/2016:04:59:39 +0800] "GET /content/nav/relationSubject.jsp?relationWords=%E4%BF%9D%E9%9A%AA+%E5%81%A5%E5%BA%B7%E4%BF%9D%E9%9A%AA+%E7%81%A3%E7%9C%81%E6%94%BF%E5%BA%9C+%E7%9C%81%E6%94%BF%E5%BA%9C+%E8%87%BA%E7%81%A3%E7%9C%81+%E8%87%BA%E7%81%A3%E7%9C%81%E6%94%BF%E5%BA%9C+&oid=1896431 HTTP/1.1" 200 4752
66.249.71.60 - - [09/May/2016:04:59:42 +0800] "GET /content/nav/relationSubject.jsp?relationWords=%E4%BF%9D%E9%9A%AA%20%E5%81%A5%E5%BA%B7%E4%BF%9D%E9%9A%AA%20%E7%81%A3%E7%9C%81%E6%94%BF%E5%BA%9C%20%E7%9C%81%E6%94%BF%E5%BA%9C%20%E8%87%BA%E7%81%A3%E7%9C%81%20%E8%87%BA%E7%81%A3%E7%9C%81%E6%94%BF%E5%BA%9C%20&oid=1896431 HTTP/1.1" 200 4752
66.249.71.23 - - [09/May/2016:05:00:24 +0800] "GET /content/nav/relationSubject.jsp?relationWords=%E7%87%9F%E6%B1%9B+%E7%B8%BD%E5%85%B5%E5%AE%98+&oid=2565486 HTTP/1.1" 200 3158
66.249.71.14 - - [09/May/2016:05:00:29 +0800] "GET /content/nav/relationSubject.jsp?relationWords=%E7%87%9F%E6%B1%9B%20%E7%B8%BD%E5%85%B5%E5%AE%98%20&oid=2565486 HTTP/1.1" 200 3158
66.249.71.72 - - [09/May/2016:05:01:16 +0800] "GET /content/repository/resource_content.jsp?oid=2151757&queryString=%E5%85%A7%E8%8B%B3%E5%AD%90%20%E6%A4%8D%E7%89%A9%E7%95%8C%20%E6%A8%9F%E7%A7%91%20%E9%87%A3%E6%A8%9F%E5%B1%AC HTTP/1.1" 200 31275
66.249.71.60 - - [09/May/2016:05:02:41 +0800] "GET /content/repository/resource_content.jsp?oid=1461837 HTTP/1.1" 200 31252
66.249.71.113 - - [09/May/2016:05:03:08 +0800] "GET /content/nav/relationSubject.jsp?relationWords=%E8%94%A1%E4%BB%8B%E9%9B%84+%E9%8D%BE%E7%B4%B9+%E9%8D%BE%E7%B4%B9%E5%92%8C+%E9%BB%83%E6%B0%B8+&oid=1894158 HTTP/1.1" 200 3320
66.249.71.105 - - [09/May/2016:05:03:10 +0800] "GET /content/nav/relationSubject.jsp?relationWords=%E8%94%A1%E4%BB%8B%E9%9B%84%20%E9%8D%BE%E7%B4%B9%20%E9%8D%BE%E7%B4%B9%E5%92%8C%20%E9%BB%83%E6%B0%B8%20&oid=1894158 HTTP/1.1" 200 3320
106.38.241.143 - - [09/May/2016:05:03:40 +0800] "GET /content/repository/resource_content.jsp?oid=2562663&queryType=qs&queryString=%E7%B8%89%E9%9B%B2 HTTP/1.1" 200 29503
157.55.39.178 - - [09/May/2016:05:03:49 +0800] "GET /content/nav/relationSubject.jsp?relationWords=%E8%A5%BF%E8%9E%BA+%E8%A5%BF%E8%9E%BA%E5%A4%A7%E6%A9%8B+&oid=16777581 HTTP/1.1" 200 4454
106.38.241.143 - - [09/May/2016:05:04:00 +0800] "GET /content/repository/resource_content.jsp?oid=524127&queryType=qc HTTP/1.1" 200 38091
68.180.230.90 - - [09/May/2016:05:04:06 +0800] "GET /digiarch_en/content/subject/resource_content.jsp?oid=16777656&queryType=qc HTTP/1.1" 200 35344
106.38.241.143 - - [09/May/2016:05:04:24 +0800] "GET /content/subject/resource_content.jsp?oid=16777457&queryType=qc HTTP/1.1" 200 29752
106.38.241.143 - - [09/May/2016:05:04:48 +0800] "GET /content/tmp_exh/resource_content.jsp?oid=16777807&queryType=qc%201890 HTTP/1.1" 200 35361
68.180.230.90 - - [09/May/2016:05:04:53 +0800] "GET /content/subject/resource_content.jsp?oid=16777266 HTTP/1.1" 200 35345
68.180.230.90 - - [09/May/2016:05:05:18 +0800] "GET /content/subject/resource_content.jsp?oid=16777435&queryType=qc HTTP/1.1" 200 28740
66.249.71.72 - - [09/May/2016:05:06:25 +0800] "GET /content/subject/resource_content.jsp?oid=16777264&queryType=qc HTTP/1.1" 200 37693
66.249.71.60 - - [09/May/2016:05:07:09 +0800] "GET /content/nav/relationSubject.jsp?relationWords=%E4%BA%A4%E9%80%9A%E5%AE%89%E5%85%A8+%E5%85%AC%E8%B7%AF%E5%B1%80+%E5%8C%97%E9%96%80%E9%84%89+%E5%8D%97%E9%AF%A4%E9%AF%93+%E5%AE%89%E5%B9%B3%E6%B8%AF+%E5%AE%A2%E9%81%8B+%E6%9E%97%E5%85%A8%E7%A5%BF+%E7%AC%A6%E6%B0%91+%E8%87%BA%E5%8D%97%E7%B8%A3+%E8%B3%AA%E8%A9%A2+%E9%90%B5%E8%B7%AF%E5%B1%80+%E9%AB%98%E9%9B%84%E6%B8%AF%E5%8B%99%E5%B1%80+&oid=1558501 HTTP/1.1" 200 6333
66.249.71.64 - - [09/May/2016:05:07:11 +0800] "GET /content/nav/relationSubject.jsp?relationWords=%E4%BA%A4%E9%80%9A%E5%AE%89%E5%85%A8%20%E5%85%AC%E8%B7%AF%E5%B1%80%20%E5%8C%97%E9%96%80%E9%84%89%20%E5%8D%97%E9%AF%A4%E9%AF%93%20%E5%AE%89%E5%B9%B3%E6%B8%AF%20%E5%AE%A2%E9%81%8B%20%E6%9E%97%E5%85%A8%E7%A5%BF%20%E7%AC%A6%E6%B0%91%20%E8%87%BA%E5%8D%97%E7%B8%A3%20%E8%B3%AA%E8%A9%A2%20%E9%90%B5%E8%B7%AF%E5%B1%80%20%E9%AB%98%E9%9B%84%E6%B8%AF%E5%8B%99%E5%B1%80%20&oid=1558501 HTTP/1.1" 200 6333
66.249.71.64 - - [09/May/2016:05:07:34 +0800] "GET /content/repository/resource_content.jsp?oid=1834602 HTTP/1.1" 200 29250
66.249.79.200 - - [09/May/2016:05:08:17 +0800] "GET /digiarch3/content/subject/resource_content.jsp?oid=16777396&queryString=%E6%A0%A1%E6%AC%91%20%E6%A4%86%E5%B1%AC%20%E6%A4%8D%E7%89%A9%E7%95%8C%20%E6%AE%BC%E6%96%97%E7%A7%91%20%E9%90%B5%E6%A4%86%20%E9%9D%92%E5%89%9B%E6%AB%9F HTTP/1.1" 200 34729
66.249.79.207 - - [09/May/2016:05:09:09 +0800] "GET /content/nav/relationSubject.jsp?relationWords=&oid=2597636 HTTP/1.1" 200 1405
66.249.77.85 - - [09/May/2016:05:10:08 +0800] "GET /content/repository/resource_content.jsp?oid=14054&queryType=qs&queryString=%E6%B2%88%E4%B8%96%E5%82%91 HTTP/1.1" 200 34019
66.249.71.64 - - [09/May/2016:05:10:22 +0800] "GET /content/nav/relationSubject.jsp?relationWords=&oid=2584037 HTTP/1.1" 200 1405
66.249.77.97 - - [09/May/2016:05:12:01 +0800] "GET /content/subject/resource_content.jsp?oid=16777567&queryString=%E5%B7%A1%E7%8B%A9%20%E5%BD%A9%E7%B9%AA%20%E7%8E%8B%E8%88%B9 HTTP/1.1" 200 38217
106.38.241.143 - - [09/May/2016:05:12:16 +0800] "GET /content/subject/resource_content.jsp?oid=16797282&queryType=qc HTTP/1.1" 200 78850
157.55.39.178 - - [09/May/2016:05:12:39 +0800] "GET /content/nav/relationSubject.jsp?relationWords=%E9%BB%91%E6%9D%BF%E6%A8%B9+&oid=16777262 HTTP/1.1" 200 3253
66.249.77.97 - - [09/May/2016:05:12:40 +0800] "GET /content/nav/relationSubject.jsp?relationWords=%E7%8B%97%E9%B0%B7+&oid=4353631 HTTP/1.1" 200 3437
66.249.79.139 - - [09/May/2016:05:12:43 +0800] "GET /content/nav/relationSubject.jsp?relationWords=%E7%8B%97%E9%B0%B7%20&oid=4353631 HTTP/1.1" 200 3437
66.249.79.109 - - [09/May/2016:05:13:26 +0800] "GET /content/nav/relationSubject.jsp?relationWords=%E4%BE%8B%E5%A5%8F+%E5%90%8F%E9%83%A8+&oid=2665467 HTTP/1.1" 200 3136
66.249.71.64 - - [09/May/2016:05:13:59 +0800] "GET /content/repository/resource_content.jsp?oid=4501146&queryString=%E5%98%89%E7%BE%A9%E5%BB%B3%20%E7%99%BD%E9%AC%9A%E5%85%AC%E6%BD%AD%E5%A0%A1 HTTP/1.1" 200 29080
66.249.71.72 - - [09/May/2016:05:15:44 +0800] "GET /content/repository/resource_content.jsp?oid=1546778&queryString=%E5%BD%B9%E7%94%B7%20%E6%87%89%E8%80%83%E6%A1%88%20%E8%81%AF%E8%80%83%20%E8%BB%8D%E8%A8%93 HTTP/1.1" 200 29673
66.249.71.72 - - [09/May/2016:05:17:36 +0800] "GET /content/repository/resource_content.jsp?oid=1546531 HTTP/1.1" 200 30350
66.249.71.60 - - [09/May/2016:05:18:41 +0800] "GET /content/nav/relationSubject.jsp?relationWords=%E5%90%8F%E9%83%A8+%E7%BC%BA%E4%BA%8B+&oid=2664605 HTTP/1.1" 200 3133
66.249.79.207 - - [09/May/2016:05:18:45 +0800] "GET /content/nav/relationSubject.jsp?relationWords=%E5%90%8F%E9%83%A8%20%E7%BC%BA%E4%BA%8B%20&oid=2664605 HTTP/1.1" 200 3133
66.249.71.14 - - [09/May/2016:05:19:28 +0800] "GET /content/repository/resource_content.jsp?oid=4363722&queryType=qs&queryString=%E6%87%B7%E5%AD%95 HTTP/1.1" 200 36945
66.249.71.113 - - [09/May/2016:05:20:37 +0800] "GET /content/nav/relationSubject.jsp?relationWords=%E5%A4%A7%E5%B1%8B%E6%9B%B8%E6%88%BF+%E6%A5%8A%E9%9B%B2%E8%90%8D+&oid=2470587 HTTP/1.1" 200 3332
220.181.108.143 - - [09/May/2016:05:20:41 +0800] "GET /content/repository/resource_content.jsp?oid=1099964 HTTP/1.1" 200 31057
66.249.71.121 - - [09/May/2016:05:20:41 +0800] "GET /content/nav/relationSubject.jsp?relationWords=%E5%A4%A7%E5%B1%8B%E6%9B%B8%E6%88%BF%20%E6%A5%8A%E9%9B%B2%E8%90%8D%20&oid=2470587 HTTP/1.1" 200 3332
66.249.71.64 - - [09/May/2016:05:21:20 +0800] "GET /content/repository/resource_content.jsp?oid=1532081 HTTP/1.1" 200 29181
66.249.71.113 - - [09/May/2016:05:22:05 +0800] "GET /content/nav/relationSubject.jsp?relationWords=%E9%96%A9%E6%B5%99%E7%B8%BD%E7%9D%A3+&oid=2510462 HTTP/1.1" 200 3150
66.249.71.113 - - [09/May/2016:05:22:09 +0800] "GET /content/nav/relationSubject.jsp?relationWords=%E9%96%A9%E6%B5%99%E7%B8%BD%E7%9D%A3%20&oid=2510462 HTTP/1.1" 200 3150
157.55.39.22 - - [09/May/2016:05:22:32 +0800] "GET /content/nav/relationSubject.jsp?relationWords=%E8%96%9C%E8%8D%94+&oid=16777485 HTTP/1.1" 200 3561
66.249.71.194 - - [09/May/2016:05:22:45 +0800] "GET /content/nav/relationSubject.jsp?relationWords=%E7%B5%B3%E5%B7%9E%E6%9D%B1%E9%9B%8D+&oid=571317 HTTP/1.1" 200 3136
66.249.71.200 - - [09/May/2016:05:22:47 +0800] "GET /content/nav/relationSubject.jsp?relationWords=%E7%B5%B3%E5%B7%9E%E6%9D%B1%E9%9B%8D%20&oid=571317 HTTP/1.1" 200 3136
66.249.77.91 - - [09/May/2016:05:22:51 +0800] "GET /content/nav/relationSubject.jsp?relationWords=%E4%BA%A4%E9%80%9A%E8%99%95+%E6%8B%9B%E6%A8%99+%E6%A9%9F%E9%97%9C%E8%BB%8A+%E8%B2%A8%E8%BC%AA+%E9%90%B5%E8%B7%AF%E5%B1%80+%E9%AB%98%E9%A6%AC%E7%B7%9A+&oid=1552653 HTTP/1.1" 200 5212
66.249.77.97 - - [09/May/2016:05:22:53 +0800] "GET /content/nav/relationSubject.jsp?relationWords=%E4%BA%A4%E9%80%9A%E8%99%95%20%E6%8B%9B%E6%A8%99%20%E6%A9%9F%E9%97%9C%E8%BB%8A%20%E8%B2%A8%E8%BC%AA%20%E9%90%B5%E8%B7%AF%E5%B1%80%20%E9%AB%98%E9%A6%AC%E7%B7%9A%20&oid=1552653 HTTP/1.1" 200 5212
66.249.77.85 - - [09/May/2016:05:23:12 +0800] "GET /content/repository/resource_content.jsp?oid=4364540&queryString=%E5%87%8C%E7%B4%94%E8%81%B2%20%E5%A5%91%E7%B4%84%E6%96%87%E6%9B%B8%20%E8%81%98%E6%9B%B8 HTTP/1.1" 200 30830
66.249.79.214 - - [09/May/2016:05:25:04 +0800] "GET /content/repository/resource_content.jsp?oid=3205322&queryString=%E7%9A%87%E8%BC%BF HTTP/1.1" 200 29394
66.249.71.64 - - [09/May/2016:05:25:08 +0800] "GET /content/nav/relationSubject.jsp?relationWords=%E5%85%AC%E5%8B%99%E4%BA%BA%E5%93%A1+%E5%90%88%E4%BD%9C%E7%A4%BE+%E5%9C%8B%E6%B0%91%E6%95%99%E8%82%B2+%E7%89%B9%E6%AE%8A%E6%95%99%E8%82%B2+%E8%82%89%E9%9B%9E+%E9%90%B5%E8%B7%AF%E5%B1%80+&oid=1611853 HTTP/1.1" 200 4196
66.249.71.60 - - [09/May/2016:05:25:10 +0800] "GET /content/nav/relationSubject.jsp?relationWords=%E5%85%AC%E5%8B%99%E4%BA%BA%E5%93%A1%20%E5%90%88%E4%BD%9C%E7%A4%BE%20%E5%9C%8B%E6%B0%91%E6%95%99%E8%82%B2%20%E7%89%B9%E6%AE%8A%E6%95%99%E8%82%B2%20%E8%82%89%E9%9B%9E%20%E9%90%B5%E8%B7%AF%E5%B1%80%20&oid=1611853 HTTP/1.1" 200 4196
66.249.71.64 - - [09/May/2016:05:25:19 +0800] "GET /content/nav/relationSubject.jsp?relationWords=%E5%8F%83%E8%AD%B0%E5%93%A1+%E5%8F%83%E8%AD%B0%E6%9C%83+%E5%8F%B0%E7%81%A3%E7%9C%81+%E6%BE%8E%E6%B9%96%E7%B8%A3+%E8%81%B7%E6%A5%AD%E5%AD%B8%E6%A0%A1+%E8%B3%AA%E8%A9%A2+%E9%99%B3%E6%96%87%E7%9F%B3+%E9%AB%98%E9%A0%86%E8%B3%A2+&oid=1519820 HTTP/1.1" 200 4808
66.249.71.64 - - [09/May/2016:05:25:21 +0800] "GET /content/nav/relationSubject.jsp?relationWords=%E5%8F%83%E8%AD%B0%E5%93%A1%20%E5%8F%83%E8%AD%B0%E6%9C%83%20%E5%8F%B0%E7%81%A3%E7%9C%81%20%E6%BE%8E%E6%B9%96%E7%B8%A3%20%E8%81%B7%E6%A5%AD%E5%AD%B8%E6%A0%A1%20%E8%B3%AA%E8%A9%A2%20%E9%99%B3%E6%96%87%E7%9F%B3%20%E9%AB%98%E9%A0%86%E8%B3%A2%20&oid=1519820 HTTP/1.1" 200 4808
49.219.37.98 - - [09/May/2016:05:26:56 +0800] "GET /content/repository/resource_content.jsp?oid=1579191 HTTP/1.1" 200 30781
49.219.37.98 - - [09/May/2016:05:26:59 +0800] "GET /content/nav/relationSubject.jsp?relationWords=%E5%9C%B0%E6%AC%8A+%E5%A2%9E%E5%80%BC%E7%A8%85+%E5%B9%B3%E5%9D%87%E5%9C%B0%E6%AC%8A+%E5%B9%B3%E5%9D%87%E5%9C%B0%E6%AC%8A%E6%A2%9D%E4%BE%8B+%E6%9D%8E%E5%AD%98%E6%95%AC+%E6%B6%82%E9%BA%97%E7%94%9F+%E7%A8%85%E5%88%B6+%E7%A8%85%E6%94%B6+%E8%B3%AA%E8%A9%A2+%E9%84%AD%E5%AE%8B%E6%9F%B3+&oid=1579191 HTTP/1.1" 200 4627
66.249.71.64 - - [09/May/2016:05:27:39 +0800] "GET /content/nav/relationSubject.jsp?relationWords=%E5%90%8F%E9%83%A8+%E9%80%9A%E5%88%A4+&oid=2626204 HTTP/1.1" 200 3136
66.249.71.72 - - [09/May/2016:05:27:41 +0800] "GET /content/nav/relationSubject.jsp?relationWords=%E5%90%8F%E9%83%A8%20%E9%80%9A%E5%88%A4%20&oid=2626204 HTTP/1.1" 200 3136
66.249.79.200 - - [09/May/2016:05:28:11 +0800] "GET /content/nav/relationSubject.jsp?relationWords=%E7%A7%8B%E6%B5%B7%E6%A3%A0%E5%B1%AC+%E7%B4%AB%E8%83%8C%E5%A4%A9%E8%91%B5+&oid=1113976 HTTP/1.1" 200 3078
66.249.71.60 - - [09/May/2016:05:28:13 +0800] "GET /content/nav/relationSubject.jsp?relationWords=%E7%A7%8B%E6%B5%B7%E6%A3%A0%E5%B1%AC%20%E7%B4%AB%E8%83%8C%E5%A4%A9%E8%91%B5%20&oid=1113976 HTTP/1.1" 200 3078
66.249.71.105 - - [09/May/2016:05:28:48 +0800] "GET /content/repository/resource_content.jsp?oid=1810709&queryType=qs&queryString=%E9%9A%B8%E6%9B%B8 HTTP/1.1" 200 33376
66.249.71.60 - - [09/May/2016:05:29:41 +0800] "GET /content/nav/relationSubject.jsp?relationWords=%E9%BB%83%E7%A7%80+&oid=1892299 HTTP/1.1" 200 3102
66.249.71.60 - - [09/May/2016:05:29:43 +0800] "GET /content/nav/relationSubject.jsp?relationWords=%E9%BB%83%E7%A7%80%20&oid=1892299 HTTP/1.1" 200 3102
66.249.77.91 - - [09/May/2016:05:30:09 +0800] "GET /content/nav/relationSubject.jsp?relationWords=%E6%B2%99%E8%85%B8%E4%BB%94+&oid=15189 HTTP/1.1" 200 3341
66.249.79.251 - - [09/May/2016:05:30:12 +0800] "GET /content/nav/relationSubject.jsp?relationWords=%E6%B2%99%E8%85%B8%E4%BB%94%20&oid=15189 HTTP/1.1" 200 3341
66.249.77.85 - - [09/May/2016:05:30:39 +0800] "GET /content/subject/resource_content.jsp?oid=16777822&queryType=qs&queryString=%E8%BE%B2%E6%A5%AD%E5%A7%94%E5%93%A1%E6%9C%83 HTTP/1.1" 200 45968
66.249.79.207 - - [09/May/2016:05:30:45 +0800] "GET /content/nav/relationSubject.jsp?relationWords=&oid=2624097 HTTP/1.1" 200 1405
66.249.71.5 - - [09/May/2016:05:31:04 +0800] "GET /digiarch3/content/nav/relationSubject.jsp?relationWords=%E6%A3%98%E9%B1%97%E9%AD%9A+%E7%80%BE%E5%85%AC%E5%A6%BE+%E9%87%91%E9%B1%97%E7%94%B2+%E9%87%91%E9%B1%97%E9%AD%9A%E7%A7%91+%E9%90%B5%E7%94%B2%E5%85%B5+%E9%90%B5%E7%B7%9A%E5%A9%86+&oid=14743 HTTP/1.1" 200 3730
66.249.71.5 - - [09/May/2016:05:31:07 +0800] "GET /digiarch3/content/nav/relationSubject.jsp?relationWords=%E6%A3%98%E9%B1%97%E9%AD%9A%20%E7%80%BE%E5%85%AC%E5%A6%BE%20%E9%87%91%E9%B1%97%E7%94%B2%20%E9%87%91%E9%B1%97%E9%AD%9A%E7%A7%91%20%E9%90%B5%E7%94%B2%E5%85%B5%20%E9%90%B5%E7%B7%9A%E5%A9%86%20&oid=14743 HTTP/1.1" 200 3730
66.249.71.64 - - [09/May/2016:05:31:48 +0800] "GET /content/nav/relationSubject.jsp?relationWords=%E6%80%9D%E9%9A%B4+%E9%99%B8%E6%B8%AC%E5%9C%96+&oid=186160 HTTP/1.1" 200 3114
157.55.39.22 - - [09/May/2016:05:31:49 +0800] "GET /content/nav/relationSubject.jsp?relationWords=%E5%8F%B0%E6%9D%B1%E8%98%87%E9%90%B5+&oid=16777386 HTTP/1.1" 200 4092
66.249.71.60 - - [09/May/2016:05:31:50 +0800] "GET /content/nav/relationSubject.jsp?relationWords=%E6%80%9D%E9%9A%B4%20%E9%99%B8%E6%B8%AC%E5%9C%96%20&oid=186160 HTTP/1.1" 200 3114
66.249.71.60 - - [09/May/2016:05:32:31 +0800] "GET /content/repository/resource_content.jsp?oid=1779857 HTTP/1.1" 200 44996
66.249.71.113 - - [09/May/2016:05:34:18 +0800] "GET /content/nav/relationSubject.jsp?relationWords=%E6%88%B4%E8%88%92%E8%98%AD+%E6%96%B0%E8%A9%A9+%E6%96%B0%E8%A9%A9%E5%8F%B2+%E6%A5%8A%E9%9B%B2%E8%90%8D+%E8%88%92%E8%98%AD+%E8%A9%A9%E5%8F%B2+&oid=2470362 HTTP/1.1" 200 3468
66.249.71.14 - - [09/May/2016:05:36:37 +0800] "GET /digiarch3/content/nav/relationSubject.jsp?relationWords=%E7%B4%85%E8%B5%A4%E5%B0%BE+&oid=15240 HTTP/1.1" 200 3485
66.249.71.5 - - [09/May/2016:05:36:38 +0800] "GET /digiarch3/content/nav/relationSubject.jsp?relationWords=%E7%B4%85%E8%B5%A4%E5%B0%BE%20&oid=15240 HTTP/1.1" 200 3485
66.249.71.60 - - [09/May/2016:05:37:16 +0800] "GET /digiarch_en/content/nav/relationSubject.jsp?relationWords=%E5%8F%A4%E5%9C%B0%E5%9C%96+&oid=16777514 HTTP/1.1" 200 3965
66.249.79.200 - - [09/May/2016:05:37:37 +0800] "GET /content/nav/relationSubject.jsp?relationWords=%E5%90%8C%E6%A5%AD%E5%85%AC%E6%9C%83+%E5%9C%B0%E5%83%B9%E7%A8%85+%E5%B7%A5%E5%BB%A0%E7%99%BB%E8%A8%98+%E6%9C%A8%E5%95%86+%E8%87%A8%E6%99%82%E7%9C%81%E8%AD%B0%E6%9C%83+%E8%87%BA%E7%81%A3%E7%9C%81+%E8%87%BA%E7%81%A3%E7%9C%81%E6%9C%A8+&oid=1522918 HTTP/1.1" 200 4817
66.249.71.60 - - [09/May/2016:05:37:39 +0800] "GET /content/nav/relationSubject.jsp?relationWords=%E5%90%8C%E6%A5%AD%E5%85%AC%E6%9C%83%20%E5%9C%B0%E5%83%B9%E7%A8%85%20%E5%B7%A5%E5%BB%A0%E7%99%BB%E8%A8%98%20%E6%9C%A8%E5%95%86%20%E8%87%A8%E6%99%82%E7%9C%81%E8%AD%B0%E6%9C%83%20%E8%87%BA%E7%81%A3%E7%9C%81%20%E8%87%BA%E7%81%A3%E7%9C%81%E6%9C%A8%20&oid=1522918 HTTP/1.1" 200 4817
66.249.77.97 - - [09/May/2016:05:37:57 +0800] "GET /content/nav/relationSubject.jsp?relationWords=%E7%8B%97%E9%B0%B7+&oid=4352391 HTTP/1.1" 200 3437
66.249.77.85 - - [09/May/2016:05:37:59 +0800] "GET /content/nav/relationSubject.jsp?relationWords=%E7%8B%97%E9%B0%B7%20&oid=4352391 HTTP/1.1" 200 3437
66.249.71.60 - - [09/May/2016:05:38:07 +0800] "GET /content/tmp_exh/resource_content.jsp?oid=16777851&queryType=qc HTTP/1.1" 200 45681
66.249.79.251 - - [09/May/2016:05:40:00 +0800] "GET /content/subject/resource_content.jsp?oid=16777645&queryType=qc HTTP/1.1" 200 63967
66.249.71.60 - - [09/May/2016:05:40:10 +0800] "GET /content/nav/relationSubject.jsp?relationWords=&oid=1635867 HTTP/1.1" 200 1405
66.249.77.85 - - [09/May/2016:05:40:35 +0800] "GET /content/subject/resource_content.jsp?oid=16777640&queryType=qs&queryString=%E6%9E%97%E7%8D%BB%E5%A0%82 HTTP/1.1" 200 61928
125.208.4.70 - - [09/May/2016:05:41:20 +0800] "GET /content/tmp_tec/resource_content.jsp?oid=16777731 HTTP/1.1" 200 39233
125.208.4.70 - - [09/May/2016:05:41:20 +0800] "GET /content/subject/resource_content.jsp?oid=16777731&amp;queryType=qc HTTP/1.1" 200 43407
125.208.4.70 - - [09/May/2016:05:41:45 +0800] "GET /content/tmp_tec/resource_content.jsp?oid=16777731 HTTP/1.1" 200 39233
125.208.4.70 - - [09/May/2016:05:41:46 +0800] "GET /content/subject/resource_content.jsp?oid=16777731&amp;queryType=qc HTTP/1.1" 200 43407
66.249.77.85 - - [09/May/2016:05:41:51 +0800] "GET /content/repository/resource_content.jsp?oid=1530245&queryString=%E6%9E%97%E7%8D%BB%E5%A0%82%20%E7%81%8C%E5%9C%92%20%E7%81%8C%E5%9C%92%E5%85%88%E7%94%9F%20%E9%9C%A7%E5%B3%B0 HTTP/1.1" 200 29488
66.249.71.64 - - [09/May/2016:05:42:55 +0800] "GET /content/nav/relationSubject.jsp?relationWords=%E6%B4%A5%E8%B2%BC+%E7%9C%81%E6%94%BF%E5%BA%9C+%E8%87%BA%E5%8C%97%E5%B8%82+%E9%AB%98%E9%9B%84%E5%B8%82+&oid=1592839 HTTP/1.1" 200 4592
66.249.71.60 - - [09/May/2016:05:42:57 +0800] "GET /content/nav/relationSubject.jsp?relationWords=%E6%B4%A5%E8%B2%BC%20%E7%9C%81%E6%94%BF%E5%BA%9C%20%E8%87%BA%E5%8C%97%E5%B8%82%20%E9%AB%98%E9%9B%84%E5%B8%82%20&oid=1592839 HTTP/1.1" 200 4592
66.249.77.91 - - [09/May/2016:05:44:11 +0800] "GET /content/nav/relationSubject.jsp?relationWords=%E5%B0%8B%E5%AF%B6%20%E6%95%B8%E4%BD%8D%E5%85%B8%E8%97%8F%20%E9%9B%BB%E5%AD%90%E6%9B%B8%20&oid=16777793 HTTP/1.1" 200 5964
66.249.71.60 - - [09/May/2016:05:44:23 +0800] "GET /content/nav/relationSubject.jsp?relationWords=%E4%B9%9D%E5%BA%9C%E6%95%99+%E5%9C%8B%E6%A0%A1+%E5%9C%8B%E6%A0%A1%E6%A1%88+&oid=1555241 HTTP/1.1" 200 3489
66.249.79.207 - - [09/May/2016:05:44:25 +0800] "GET /content/nav/relationSubject.jsp?relationWords=%E4%B9%9D%E5%BA%9C%E6%95%99%20%E5%9C%8B%E6%A0%A1%20%E5%9C%8B%E6%A0%A1%E6%A1%88%20&oid=1555241 HTTP/1.1" 200 3489
180.76.15.154 - - [09/May/2016:05:44:50 +0800] "GET /content/repository/resource_content.jsp?oid=4354005&queryString=%E6%B5%B7%E9%AD%B4%20%E9%AF%9B%E7%A7%91 HTTP/1.1" 200 33527
66.249.71.60 - - [09/May/2016:05:45:00 +0800] "GET /content/nav/relationSubject.jsp?relationWords=%E5%9C%B0%E6%96%B9%E6%94%BF%E5%BA%9C+%E5%B7%A5%E7%A8%8B%E8%B2%BB+%E9%84%89%E9%81%93+&oid=1627775 HTTP/1.1" 200 4429
66.249.71.60 - - [09/May/2016:05:45:02 +0800] "GET /content/nav/relationSubject.jsp?relationWords=%E5%9C%B0%E6%96%B9%E6%94%BF%E5%BA%9C%20%E5%B7%A5%E7%A8%8B%E8%B2%BB%20%E9%84%89%E9%81%93%20&oid=1627775 HTTP/1.1" 200 4429
66.249.71.60 - - [09/May/2016:05:45:35 +0800] "GET /content/repository/resource_content.jsp?oid=218102 HTTP/1.1" 200 30797
66.249.71.60 - - [09/May/2016:05:47:01 +0800] "GET /content/nav/relationSubject.jsp?relationWords=%E5%B8%8C%E5%91%8A+%E9%91%AA%E5%9F%8E+&oid=575242 HTTP/1.1" 200 3279
66.249.71.60 - - [09/May/2016:05:47:05 +0800] "GET /content/nav/relationSubject.jsp?relationWords=%E5%B8%8C%E5%91%8A%20%E9%91%AA%E5%9F%8E%20&oid=575242 HTTP/1.1" 200 3279
66.249.71.60 - - [09/May/2016:05:47:27 +0800] "GET /content/repository/resource_content.jsp?oid=198520 HTTP/1.1" 200 29842
66.249.79.200 - - [09/May/2016:05:47:37 +0800] "GET /content/nav/relationSubject.jsp?relationWords=%E7%88%B6%E7%99%B8+%E7%88%B6%E7%99%B8%E8%A7%B6+%E7%99%B8%E8%A7%B6+&oid=1813986 HTTP/1.1" 200 3280
66.249.71.60 - - [09/May/2016:05:47:39 +0800] "GET /content/nav/relationSubject.jsp?relationWords=%E7%88%B6%E7%99%B8%20%E7%88%B6%E7%99%B8%E8%A7%B6%20%E7%99%B8%E8%A7%B6%20&oid=1813986 HTTP/1.1" 200 3280
66.249.71.60 - - [09/May/2016:05:48:51 +0800] "GET /content/nav/relationSubject.jsp?relationWords=&oid=1610948 HTTP/1.1" 200 1405
66.249.77.91 - - [09/May/2016:05:49:19 +0800] "GET /content/repository/resource_content.jsp?oid=1869437&queryType=qs&queryString=%E5%A4%94%E9%BE%8D%E7%B4%8B HTTP/1.1" 200 30509
66.249.79.135 - - [09/May/2016:05:50:10 +0800] "GET /content/nav/relationSubject.jsp?relationWords=%E5%B7%A1%E6%92%AB+&oid=2519991 HTTP/1.1" 200 3084
66.249.77.91 - - [09/May/2016:05:50:13 +0800] "GET /content/nav/relationSubject.jsp?relationWords=%E5%B7%A1%E6%92%AB%20&oid=2519991 HTTP/1.1" 200 3084
66.249.71.60 - - [09/May/2016:05:50:23 +0800] "GET /content/nav/relationSubject.jsp?relationWords=%E4%B8%81%E5%8D%AF+%E6%B3%95%E7%95%8C+%E7%AB%AF%E8%8F%AF+%E8%BF%A6%E8%91%89+%E9%80%A0%E5%83%8F%E8%A8%98+%E9%87%8B%E8%BF%A6%E5%83%8F+%E9%98%BF%E9%9B%A3+&oid=1811827 HTTP/1.1" 200 3374
66.249.71.60 - - [09/May/2016:05:50:25 +0800] "GET /content/nav/relationSubject.jsp?relationWords=%E4%B8%81%E5%8D%AF%20%E6%B3%95%E7%95%8C%20%E7%AB%AF%E8%8F%AF%20%E8%BF%A6%E8%91%89%20%E9%80%A0%E5%83%8F%E8%A8%98%20%E9%87%8B%E8%BF%A6%E5%83%8F%20%E9%98%BF%E9%9B%A3%20&oid=1811827 HTTP/1.1" 200 3374
66.249.71.105 - - [09/May/2016:05:51:11 +0800] "GET /content/subject/resource_content.jsp?oid=16777508&queryType=qc HTTP/1.1" 200 36269
66.249.71.5 - - [09/May/2016:05:51:12 +0800] "GET /digiarch3/content/nav/relationSubject.jsp?relationWords=%E7%91%9E%E9%BA%9F+%E7%A2%A9%E5%BA%B7+&oid=2571105 HTTP/1.1" 200 3122
66.249.71.5 - - [09/May/2016:05:51:14 +0800] "GET /digiarch3/content/nav/relationSubject.jsp?relationWords=%E7%91%9E%E9%BA%9F%20%E7%A2%A9%E5%BA%B7%20&oid=2571105 HTTP/1.1" 200 3122
66.249.77.91 - - [09/May/2016:05:51:36 +0800] "GET /content/subject/resource_content.jsp?oid=16777338&queryType=qs&queryString=%E4%B8%8D%E7%B9%94%E5%B8%83 HTTP/1.1" 200 29684
66.249.71.60 - - [09/May/2016:05:52:49 +0800] "GET /digiarch_en/content/nav/relationSubject.jsp?relationWords=%E5%88%BA%E5%B0%BE%E9%AF%9B+%E5%88%BA%E5%B0%BE%E9%AF%9B%E7%A7%91+%E5%B8%83%E6%B0%8F%E5%88%BA%E5%B0%BE%E9%AF%9B+%E7%B2%97%E7%9A%AE%E4%BB%94+%E9%AF%9B%E7%A7%91+&oid=16280 HTTP/1.1" 200 3578
66.249.71.60 - - [09/May/2016:05:52:52 +0800] "GET /digiarch_en/content/nav/relationSubject.jsp?relationWords=%E5%88%BA%E5%B0%BE%E9%AF%9B%20%E5%88%BA%E5%B0%BE%E9%AF%9B%E7%A7%91%20%E5%B8%83%E6%B0%8F%E5%88%BA%E5%B0%BE%E9%AF%9B%20%E7%B2%97%E7%9A%AE%E4%BB%94%20%E9%AF%9B%E7%A7%91%20&oid=16280 HTTP/1.1" 200 3578
66.249.71.60 - - [09/May/2016:05:52:58 +0800] "GET /content/nav/relationSubject.jsp?relationWords=%E5%B7%92%E5%A4%A7%E6%9D%89+%E6%9D%BE%E6%9D%89+%E6%A4%8D%E7%89%A9%E7%95%8C+%E6%AF%AC%E6%9E%9C+&oid=1457367 HTTP/1.1" 200 3270
66.249.71.60 - - [09/May/2016:05:53:00 +0800] "GET /content/nav/relationSubject.jsp?relationWords=%E5%B7%92%E5%A4%A7%E6%9D%89%20%E6%9D%BE%E6%9D%89%20%E6%A4%8D%E7%89%A9%E7%95%8C%20%E6%AF%AC%E6%9E%9C%20&oid=1457367 HTTP/1.1" 200 3270
66.249.71.60 - - [09/May/2016:05:53:02 +0800] "GET /content/repository/resource_content.jsp?oid=1109502 HTTP/1.1" 200 31330
66.249.77.97 - - [09/May/2016:05:54:29 +0800] "GET /content/nav/relationSubject.jsp?relationWords=%E6%B5%B7%E6%A3%A0+%E7%A7%8B%E6%B5%B7%E6%A3%A0+&oid=16777338 HTTP/1.1" 200 4850
66.249.77.85 - - [09/May/2016:05:54:31 +0800] "GET /content/nav/relationSubject.jsp?relationWords=%E6%B5%B7%E6%A3%A0%20%E7%A7%8B%E6%B5%B7%E6%A3%A0%20&oid=16777338 HTTP/1.1" 200 4850
66.249.71.60 - - [09/May/2016:05:54:59 +0800] "GET /content/nav/relationSubject.jsp?relationWords=&oid=1814922 HTTP/1.1" 200 1405
66.249.77.97 - - [09/May/2016:05:55:26 +0800] "GET /content/nav/relationSubject.jsp?relationWords=%E6%93%BA%E5%A4%B7+&oid=1172886 HTTP/1.1" 200 2975
66.249.77.91 - - [09/May/2016:05:55:28 +0800] "GET /content/nav/relationSubject.jsp?relationWords=%E6%93%BA%E5%A4%B7%20&oid=1172886 HTTP/1.1" 200 2975
66.249.71.60 - - [09/May/2016:05:55:33 +0800] "GET /content/nav/relationSubject.jsp?relationWords=%E5%85%A7%E8%8B%B3%E5%AD%90+%E6%A4%8D%E7%89%A9%E7%95%8C+%E6%A8%9F%E5%B1%AC+%E6%A8%9F%E7%A7%91+%E9%87%A3%E6%A8%9F+%E9%87%A3%E6%A8%9F%E5%B1%AC+&oid=2151757 HTTP/1.1" 200 3349
66.249.71.60 - - [09/May/2016:05:55:35 +0800] "GET /content/nav/relationSubject.jsp?relationWords=%E5%85%A7%E8%8B%B3%E5%AD%90%20%E6%A4%8D%E7%89%A9%E7%95%8C%20%E6%A8%9F%E5%B1%AC%20%E6%A8%9F%E7%A7%91%20%E9%87%A3%E6%A8%9F%20%E9%87%A3%E6%A8%9F%E5%B1%AC%20&oid=2151757 HTTP/1.1" 200 3349
66.249.71.60 - - [09/May/2016:05:56:46 +0800] "GET /content/repository/resource_content.jsp?oid=4364477&queryString=%E4%B8%89%E5%BC%A6%20%E5%8D%97%E7%AE%A1 HTTP/1.1" 200 29442
66.249.79.200 - - [09/May/2016:05:58:39 +0800] "GET /content/repository/resource_content.jsp?oid=1630981 HTTP/1.1" 200 28706
66.249.71.60 - - [09/May/2016:05:58:50 +0800] "GET /content/nav/relationSubject.jsp?relationWords=%E4%BA%A4%E9%80%9A%E5%AE%89%E5%85%A8+%E5%AE%89%E5%85%A8%E6%A1%88+%E6%9D%BF%E6%A9%8B%E9%8E%AE+%E6%B5%AE%E6%B4%B2+%E9%90%B5%E8%B7%AF%E5%B1%80+%E9%90%B5%E8%B7%AF%E5%B9%B3%E4%BA%A4%E9%81%93+&oid=1554506 HTTP/1.1" 200 5600
66.249.71.60 - - [09/May/2016:05:58:52 +0800] "GET /content/nav/relationSubject.jsp?relationWords=%E4%BA%A4%E9%80%9A%E5%AE%89%E5%85%A8%20%E5%AE%89%E5%85%A8%E6%A1%88%20%E6%9D%BF%E6%A9%8B%E9%8E%AE%20%E6%B5%AE%E6%B4%B2%20%E9%90%B5%E8%B7%AF%E5%B1%80%20%E9%90%B5%E8%B7%AF%E5%B9%B3%E4%BA%A4%E9%81%93%20&oid=1554506 HTTP/1.1" 200 5600
40.77.167.20 - - [09/May/2016:05:59:18 +0800] "GET /content/subject/resource_content.jsp?oid=16797258&queryType=qc HTTP/1.1" 200 56111
40.77.167.20 - - [09/May/2016:05:59:19 +0800] "GET /content/pictures/picture_content.jsp?oid=33554784&queryType=qc HTTP/1.1" 200 27807
40.77.167.20 - - [09/May/2016:05:59:20 +0800] "GET /content/tmp_exh/resource_content.jsp?oid=16777849&queryType=qc HTTP/1.1" 200 32539
66.249.71.60 - - [09/May/2016:06:00:30 +0800] "GET /content/repository/resource_content.jsp?oid=1461939 HTTP/1.1" 200 31674
66.249.71.60 - - [09/May/2016:06:01:14 +0800] "GET /content/nav/relationSubject.jsp?relationWords=%E5%90%B3%E6%B8%85+%E5%91%A8%E7%B4%B9%E5%BA%B7+%E5%BC%B5%E5%BE%B7%E7%85%8C+%E6%9E%97%E5%9D%A4+%E6%B2%88%E5%A5%A0%E5%9C%8B+%E8%87%A8%E6%99%82%E7%9C%81%E8%AD%B0%E6%9C%83+%E8%87%BA%E7%81%A3%E7%9C%81+%E9%84%AD%E8%B5%B7%E6%BF%A4+&oid=1520986 HTTP/1.1" 200 4693
66.249.71.60 - - [09/May/2016:06:01:16 +0800] "GET /content/nav/relationSubject.jsp?relationWords=%E5%90%B3%E6%B8%85%20%E5%91%A8%E7%B4%B9%E5%BA%B7%20%E5%BC%B5%E5%BE%B7%E7%85%8C%20%E6%9E%97%E5%9D%A4%20%E6%B2%88%E5%A5%A0%E5%9C%8B%20%E8%87%A8%E6%99%82%E7%9C%81%E8%AD%B0%E6%9C%83%20%E8%87%BA%E7%81%A3%E7%9C%81%20%E9%84%AD%E8%B5%B7%E6%BF%A4%20&oid=1520986 HTTP/1.1" 200 4693
157.55.39.178 - - [09/May/2016:06:01:29 +0800] "GET /content/pictures/picture_content.jsp?oid=33554811&queryType=qc HTTP/1.1" 200 27679
140.116.108.97 - - [09/May/2016:06:01:52 +0800] "GET /content/nav/relationSubject.jsp?relationWords=&oid=16777459 HTTP/1.1" 200 1405
66.249.71.60 - - [09/May/2016:06:02:22 +0800] "GET /content/repository/resource_content.jsp?oid=1776062 HTTP/1.1" 200 30926
66.249.71.200 - - [09/May/2016:06:02:37 +0800] "GET /content/repository/resource_content.jsp?oid=4363416&queryString=%E5%BD%8C%E5%8B%92%E4%BD%9B HTTP/1.1" 200 28281
66.249.71.60 - - [09/May/2016:06:04:14 +0800] "GET /content/subject/resource_content.jsp?oid=16777581&queryType=qs&queryString=%E8%A5%BF%E8%9E%BA%E5%A4%A7%E6%A9%8B HTTP/1.1" 200 48419
66.249.71.188 - - [09/May/2016:06:05:35 +0800] "GET /content/nav/relationSubject.jsp?relationWords=%E6%B5%B7%E9%99%BD%E7%B8%A3+&oid=2666069 HTTP/1.1" 200 3066
66.249.71.188 - - [09/May/2016:06:05:37 +0800] "GET /content/nav/relationSubject.jsp?relationWords=%E6%B5%B7%E9%99%BD%E7%B8%A3%20&oid=2666069 HTTP/1.1" 200 3066
123.125.71.81 - - [09/May/2016:06:05:41 +0800] "GET /content/repository/resource_content.jsp?oid=2669629 HTTP/1.1" 200 29841
66.249.71.5 - - [09/May/2016:06:05:48 +0800] "GET /digiarch3/content/nav/relationSubject.jsp?relationWords=%E5%8F%B0%E6%9D%B1%E8%98%87%E9%90%B5+&oid=16777432 HTTP/1.1" 200 4086
66.249.71.5 - - [09/May/2016:06:05:50 +0800] "GET /digiarch3/content/nav/relationSubject.jsp?relationWords=%E5%8F%B0%E6%9D%B1%E8%98%87%E9%90%B5%20&oid=16777432 HTTP/1.1" 200 4086
66.249.79.186 - - [09/May/2016:06:06:06 +0800] "GET /content/tmp_exh/resource_content.jsp?oid=16777833&queryType=qc%201890 HTTP/1.1" 200 35194
66.249.71.200 - - [09/May/2016:06:06:21 +0800] "GET /content/nav/relationSubject.jsp?relationWords=%E5%BD%8C%E5%8B%92%E4%BD%9B+&oid=4363416 HTTP/1.1" 200 3093
66.249.71.200 - - [09/May/2016:06:06:23 +0800] "GET /content/nav/relationSubject.jsp?relationWords=%E5%BD%8C%E5%8B%92%E4%BD%9B%20&oid=4363416 HTTP/1.1" 200 3093
68.180.230.90 - - [09/May/2016:06:07:46 +0800] "GET /content/subject/resource_content.jsp?oid=16777740&queryType=qc HTTP/1.1" 200 41464
66.249.71.121 - - [09/May/2016:06:07:49 +0800] "GET /content/nav/relationSubject.jsp?relationWords=%E4%BD%95%E7%A6%AE%E6%A3%9F+%E5%88%A9%E8%88%88+%E5%B8%82%E5%BA%9C+%E6%9E%97%E5%85%A8%E7%BE%A9+%E7%9C%81%E6%94%BF%E5%BA%9C+%E8%87%A8%E6%99%82%E7%9C%81%E8%AD%B0%E6%9C%83+%E8%87%BA%E7%81%A3%E7%9C%81+&oid=1527285 HTTP/1.1" 200 4757
