61.135.189.96 - - [26/May/2016:13:21:59 +0800] "GET /digiarch/content/repository/resource_content.jsp?oid=2622965 HTTP/1.1" 404 14873
61.135.189.96 - - [26/May/2016:13:22:10 +0800] "GET /digiarch/content/repository/resource_content.jsp?oid=2612858 HTTP/1.1" 404 14873
61.135.189.96 - - [26/May/2016:13:22:23 +0800] "GET /digiarch/content/repository/resource_content.jsp?oid=3406082 HTTP/1.1" 404 14873
61.135.189.96 - - [26/May/2016:13:22:37 +0800] "GET /digiarch/content/repository/resource_content.jsp?oid=2629174 HTTP/1.1" 404 14873
61.135.189.96 - - [26/May/2016:13:22:49 +0800] "GET /digiarch/content/repository/resource_content.jsp?oid=2681100 HTTP/1.1" 404 14873
61.135.189.96 - - [26/May/2016:13:23:03 +0800] "GET /digiarch/content/repository/resource_content.jsp?oid=2618182 HTTP/1.1" 404 14873
61.135.189.96 - - [26/May/2016:13:23:15 +0800] "GET /digiarch/content/repository/resource_content.jsp?oid=2618547 HTTP/1.1" 404 14873
61.135.189.96 - - [26/May/2016:13:23:26 +0800] "GET /digiarch/content/repository/resource_content.jsp?oid=2621366 HTTP/1.1" 404 14873
173.252.95.12 - - [26/May/2016:13:23:28 +0800] "GET /content/subject/resource_content.jsp?oid=16777437&queryString=%E8%98%87%E9%90%B5 HTTP/1.1" 200 28824
61.135.189.96 - - [26/May/2016:13:24:08 +0800] "GET /digiarch/content/repository/resource_content.jsp?oid=523262 HTTP/1.1" 404 14873
61.135.189.96 - - [26/May/2016:13:24:13 +0800] "GET /digiarch/content/repository/resource_content.jsp?oid=1619546 HTTP/1.1" 404 14873
61.135.189.96 - - [26/May/2016:13:24:31 +0800] "GET /digiarch/content/repository/resource_content.jsp?oid=2604461 HTTP/1.1" 404 14873
61.135.189.96 - - [26/May/2016:13:24:43 +0800] "GET /digiarch/content/repository/resource_content.jsp?oid=1619544 HTTP/1.1" 404 14873
66.249.71.60 - - [26/May/2016:13:24:55 +0800] "GET /content/repository/resource_content.jsp?oid=16320&queryString=%E5%A4%A7%E7%9C%BC%E9%87%91%E6%A2%AD%E9%AD%9A%20%E5%B7%B4%E6%8B%89%E5%BA%AB%E7%AD%94%20%E7%AB%B9%E6%A2%AD%20%E9%87%91%E6%A2%AD%E9%AD%9A HTTP/1.1" 200 34627
61.135.189.96 - - [26/May/2016:13:25:07 +0800] "GET /digiarch/content/repository/resource_content.jsp?oid=1519320 HTTP/1.1" 404 14873
61.135.189.96 - - [26/May/2016:13:25:10 +0800] "GET /digiarch/content/repository/resource_content.jsp?oid=2601712 HTTP/1.1" 404 14873
61.135.189.96 - - [26/May/2016:13:25:22 +0800] "GET /digiarch/content/repository/resource_content.jsp?oid=2598749 HTTP/1.1" 404 14873
61.135.189.96 - - [26/May/2016:13:25:34 +0800] "GET /digiarch/content/repository/resource_content.jsp?oid=2613681 HTTP/1.1" 404 14873
66.249.71.60 - - [26/May/2016:13:26:05 +0800] "GET /digiarch_en/content/repository/resource_content.jsp?oid=1887934&queryString=%E6%98%86%E8%9F%B2%20%E6%9D%9C%E9%A6%99%20%E6%9D%9C%E9%A6%99%E5%9C%8B%20%E9%87%91%E9%80%9A HTTP/1.1" 200 25263
66.249.71.60 - - [26/May/2016:13:26:19 +0800] "GET /digiarch_en/content/nav/relationSubject.jsp?relationWords=%E6%9D%9C%E9%A6%99%E5%9C%8B+%E8%A3%BD%E7%B3%96%E6%9C%83%E7%A4%BE+%E9%BB%83%E6%B8%85%E6%B3%A2+&oid=1887934 HTTP/1.1" 200 3222
66.249.71.64 - - [26/May/2016:13:26:21 +0800] "GET /digiarch_en/content/nav/relationSubject.jsp?relationWords=%E6%9D%9C%E9%A6%99%E5%9C%8B%20%E8%A3%BD%E7%B3%96%E6%9C%83%E7%A4%BE%20%E9%BB%83%E6%B8%85%E6%B3%A2%20&oid=1887934 HTTP/1.1" 200 3222
61.135.189.96 - - [26/May/2016:13:26:33 +0800] "GET /digiarch/content/repository/resource_content.jsp?oid=2470448 HTTP/1.1" 404 14873
61.135.189.96 - - [26/May/2016:13:26:55 +0800] "GET /digiarch/content/repository/resource_content.jsp?oid=1523212 HTTP/1.1" 404 14873
61.135.189.96 - - [26/May/2016:13:27:14 +0800] "GET /digiarch/content/repository/resource_content.jsp?oid=2597754 HTTP/1.1" 404 14873
61.135.189.96 - - [26/May/2016:13:28:07 +0800] "GET /digiarch/content/repository/resource_content.jsp?oid=2517406 HTTP/1.1" 404 14873
61.135.189.96 - - [26/May/2016:13:28:18 +0800] "GET /digiarch/content/repository/resource_content.jsp?oid=2610569 HTTP/1.1" 404 14873
61.135.189.96 - - [26/May/2016:13:28:42 +0800] "GET /digiarch/content/repository/resource_content.jsp?oid=2622845 HTTP/1.1" 404 14873
61.135.189.96 - - [26/May/2016:13:28:44 +0800] "GET /digiarch/content/repository/resource_content.jsp?oid=1526574 HTTP/1.1" 404 14873
61.135.189.96 - - [26/May/2016:13:28:58 +0800] "GET /digiarch/content/repository/resource_content.jsp?oid=1526573 HTTP/1.1" 404 14873
61.135.189.96 - - [26/May/2016:13:29:23 +0800] "GET /digiarch/content/repository/resource_content.jsp?oid=3408627 HTTP/1.1" 404 14873
61.135.189.96 - - [26/May/2016:13:29:25 +0800] "GET /digiarch/content/repository/resource_content.jsp?oid=2613839 HTTP/1.1" 404 14873
61.135.189.96 - - [26/May/2016:13:29:42 +0800] "GET /digiarch/content/repository/resource_content.jsp?oid=1892236 HTTP/1.1" 404 14873
173.252.95.13 - - [26/May/2016:13:30:04 +0800] "GET /content/repository/resource_content.jsp?oid=1775860 HTTP/1.1" 200 31684
61.135.189.96 - - [26/May/2016:13:30:12 +0800] "GET /digiarch/content/repository/resource_content.jsp?oid=702009 HTTP/1.1" 404 14873
66.249.71.60 - - [26/May/2016:13:30:14 +0800] "GET /content/repository/resource_content.jsp?oid=1463324 HTTP/1.1" 200 31066
66.249.71.60 - - [26/May/2016:13:30:25 +0800] "GET /content/nav/relationSubject.jsp?relationWords=%E5%A0%B1%E6%98%A5%E8%8A%B1+%E6%A4%8D%E7%89%A9%E7%95%8C+%E7%8F%8D%E7%8F%A0%E8%8F%9C%E5%B1%AC+%E9%BB%91%E9%BB%9E%E7%8F%8D%E7%8F%A0%E8%8F%9C+&oid=1463324 HTTP/1.1" 200 3381
61.135.189.96 - - [26/May/2016:13:30:25 +0800] "GET /digiarch/content/repository/resource_content.jsp?oid=1531292 HTTP/1.1" 404 14873
61.135.189.96 - - [26/May/2016:13:30:27 +0800] "GET /digiarch/content/repository/resource_content.jsp?oid=1531289 HTTP/1.1" 404 14873
66.249.71.64 - - [26/May/2016:13:30:27 +0800] "GET /content/nav/relationSubject.jsp?relationWords=%E5%A0%B1%E6%98%A5%E8%8A%B1%20%E6%A4%8D%E7%89%A9%E7%95%8C%20%E7%8F%8D%E7%8F%A0%E8%8F%9C%E5%B1%AC%20%E9%BB%91%E9%BB%9E%E7%8F%8D%E7%8F%A0%E8%8F%9C%20&oid=1463324 HTTP/1.1" 200 3381
61.135.189.96 - - [26/May/2016:13:30:43 +0800] "GET /digiarch/content/repository/resource_content.jsp?oid=2648099 HTTP/1.1" 404 14873
61.135.189.96 - - [26/May/2016:13:31:00 +0800] "GET /digiarch/content/repository/resource_content.jsp?oid=1901345 HTTP/1.1" 404 14873
61.135.189.96 - - [26/May/2016:13:31:35 +0800] "GET /digiarch/content/repository/resource_content.jsp?oid=2616353 HTTP/1.1" 404 14873
223.143.103.189 - - [26/May/2016:13:31:41 +0800] "GET /digiarch_en/content/repository/resource_content.jsp?oid=14829&queryString=%E5%8F%B0%E7%81%A3%E7%89%B9%E6%9C%89%E7%A8%AE%20%E6%A3%98%E8%A3%B8%E7%B5%A8%E9%AE%8B%20%E7%89%B9%E6%9C%89%E7%A8%AE%20%E7%9F%B3%E7%8B%97%E5%85%AC%20%E7%9F%B3%E9%A0%AD%E9%AD%9A%20%E7%B5%A8%E9%AE%8B HTTP/1.1" 200 27506
223.143.103.189 - - [26/May/2016:13:31:42 +0800] "GET /digiarch_en/content/nav/relationSubject.jsp?relationWords=%E7%9F%B3%E7%8B%97%E5%85%AC+%E7%9F%B3%E9%A0%AD%E9%AD%9A+%E7%B4%85%E8%99%8E+%E7%B4%85%E9%BB%91%E5%96%89+%E8%99%8E%E9%AD%9A+&oid=14829 HTTP/1.1" 200 3498
61.135.189.96 - - [26/May/2016:13:31:52 +0800] "GET /digiarch/content/repository/resource_content.jsp?oid=2612620 HTTP/1.1" 404 14873
61.135.189.96 - - [26/May/2016:13:32:10 +0800] "GET /digiarch/content/repository/resource_content.jsp?oid=1531282 HTTP/1.1" 404 14873
61.135.189.96 - - [26/May/2016:13:32:12 +0800] "GET /digiarch/content/repository/resource_content.jsp?oid=2643338 HTTP/1.1" 404 14873
66.249.71.60 - - [26/May/2016:13:32:18 +0800] "GET /content/repository/resource_content.jsp?oid=1621362 HTTP/1.1" 200 28760
66.249.71.60 - - [26/May/2016:13:32:26 +0800] "GET /content/nav/relationSubject.jsp?relationWords=%E4%BA%A4%E6%B5%81%E9%81%93+%E6%95%88%E7%9B%8A%E6%A1%88+%E7%B6%93%E6%BF%9F%E6%95%88%E7%9B%8A+%E9%99%B8%E6%A9%8B+%E9%AB%98%E9%80%9F%E5%85%AC%E8%B7%AF+&oid=1621362 HTTP/1.1" 200 7074
61.135.189.96 - - [26/May/2016:13:32:26 +0800] "GET /digiarch/content/repository/resource_content.jsp?oid=2601555 HTTP/1.1" 404 14873
66.249.71.60 - - [26/May/2016:13:32:28 +0800] "GET /content/nav/relationSubject.jsp?relationWords=%E4%BA%A4%E6%B5%81%E9%81%93%20%E6%95%88%E7%9B%8A%E6%A1%88%20%E7%B6%93%E6%BF%9F%E6%95%88%E7%9B%8A%20%E9%99%B8%E6%A9%8B%20%E9%AB%98%E9%80%9F%E5%85%AC%E8%B7%AF%20&oid=1621362 HTTP/1.1" 200 7074
61.135.189.96 - - [26/May/2016:13:32:44 +0800] "GET /digiarch/content/repository/resource_content.jsp?oid=2600789 HTTP/1.1" 404 14873
61.135.189.96 - - [26/May/2016:13:33:01 +0800] "GET /digiarch/content/repository/resource_content.jsp?oid=1531284 HTTP/1.1" 404 14873
61.135.189.96 - - [26/May/2016:13:33:18 +0800] "GET /digiarch/content/repository/resource_content.jsp?oid=2656595 HTTP/1.1" 404 14873
61.135.189.96 - - [26/May/2016:13:33:26 +0800] "GET /digiarch/content/repository/resource_content.jsp?oid=2599531 HTTP/1.1" 404 14873
61.135.189.96 - - [26/May/2016:13:33:38 +0800] "GET /digiarch/content/repository/resource_content.jsp?oid=2613867 HTTP/1.1" 404 14873
61.135.189.96 - - [26/May/2016:13:33:49 +0800] "GET /digiarch/content/repository/resource_content.jsp?oid=2620871 HTTP/1.1" 404 14873
61.135.189.96 - - [26/May/2016:13:34:09 +0800] "GET /digiarch/content/repository/resource_content.jsp?oid=3407017 HTTP/1.1" 404 14873
61.135.189.96 - - [26/May/2016:13:34:17 +0800] "GET /digiarch/content/repository/resource_content.jsp?oid=620912 HTTP/1.1" 404 14873
61.135.189.96 - - [26/May/2016:13:34:29 +0800] "GET /digiarch/content/repository/resource_content.jsp?oid=2543087 HTTP/1.1" 404 14873
66.249.79.200 - - [26/May/2016:13:34:54 +0800] "GET /content/nav/relationSubject.jsp?relationWords=%E5%B7%B4%E6%8B%89%E5%BA%AB%E7%AD%94+%E6%97%A5%E6%9C%AC%E9%87%91%E6%A2%AD%E9%AD%9A+%E7%AB%B9%E6%A2%AD+%E9%87%91%E6%A2%AD%E9%AD%9A+&oid=16320 HTTP/1.1" 200 3556
66.249.71.60 - - [26/May/2016:13:34:58 +0800] "GET /content/nav/relationSubject.jsp?relationWords=%E5%B7%B4%E6%8B%89%E5%BA%AB%E7%AD%94%20%E6%97%A5%E6%9C%AC%E9%87%91%E6%A2%AD%E9%AD%9A%20%E7%AB%B9%E6%A2%AD%20%E9%87%91%E6%A2%AD%E9%AD%9A%20&oid=16320 HTTP/1.1" 200 3556
61.135.189.96 - - [26/May/2016:13:35:14 +0800] "GET /digiarch/content/repository/resource_content.jsp?oid=287919 HTTP/1.1" 404 14873
61.135.189.96 - - [26/May/2016:13:35:20 +0800] "GET /digiarch/content/repository/resource_content.jsp?oid=586350 HTTP/1.1" 404 14873
61.135.189.96 - - [26/May/2016:13:35:39 +0800] "GET /digiarch/content/repository/resource_content.jsp?oid=745486 HTTP/1.1" 404 14873
61.135.189.96 - - [26/May/2016:13:35:41 +0800] "GET /digiarch/content/repository/resource_content.jsp?oid=2618927 HTTP/1.1" 404 14873
61.135.189.96 - - [26/May/2016:13:35:53 +0800] "GET /digiarch/content/repository/resource_content.jsp?oid=2603635 HTTP/1.1" 404 14873
66.249.71.60 - - [26/May/2016:13:35:54 +0800] "GET /content/repository/resource_content.jsp?oid=1081354&queryString=%E7%AE%AD%E9%BD%92%E5%89%8D%E8%82%9B%E9%B0%BB HTTP/1.1" 200 31484
61.135.189.96 - - [26/May/2016:13:36:07 +0800] "GET /digiarch/content/repository/resource_content.jsp?oid=2611190 HTTP/1.1" 404 14873
61.135.189.96 - - [26/May/2016:13:36:18 +0800] "GET /digiarch/content/repository/resource_content.jsp?oid=2612520 HTTP/1.1" 404 14873
66.249.71.60 - - [26/May/2016:13:36:26 +0800] "GET /content/repository/resource_content.jsp?oid=1845036&queryString=%E5%A4%A7%E9%AA%A8%E6%9D%BF HTTP/1.1" 200 29974
61.135.189.96 - - [26/May/2016:13:36:29 +0800] "GET /digiarch/content/repository/resource_content.jsp?oid=1517802 HTTP/1.1" 404 14873
66.249.71.60 - - [26/May/2016:13:36:35 +0800] "GET /content/nav/relationSubject.jsp?relationWords=%E5%A4%A7%E9%AA%A8%E6%9D%BF+&oid=1845036 HTTP/1.1" 200 2990
66.249.71.60 - - [26/May/2016:13:36:37 +0800] "GET /content/nav/relationSubject.jsp?relationWords=%E5%A4%A7%E9%AA%A8%E6%9D%BF%20&oid=1845036 HTTP/1.1" 200 2990
61.135.189.96 - - [26/May/2016:13:36:40 +0800] "GET /digiarch/content/repository/resource_content.jsp?oid=2621427 HTTP/1.1" 404 14873
61.135.189.96 - - [26/May/2016:13:36:53 +0800] "GET /digiarch/content/repository/resource_content.jsp?oid=2604892 HTTP/1.1" 404 14873
123.125.71.117 - - [26/May/2016:13:36:54 +0800] "GET /digiarch_en/content/subject/resource_content.jsp?oid=16777595&queryType=qc HTTP/1.1" 200 31911
61.135.189.96 - - [26/May/2016:13:37:05 +0800] "GET /digiarch/content/repository/resource_content.jsp?oid=1517799 HTTP/1.1" 404 14873
49.217.224.28 - - [26/May/2016:13:37:12 +0800] "GET /content/subject/resource_content.jsp?oid=16797271&queryType=qc HTTP/1.1" 200 55170
49.217.224.28 - - [26/May/2016:13:37:14 +0800] "GET /content/nav/relationSubject.jsp?relationWords=&oid=16797271 HTTP/1.1" 200 1405
61.135.189.96 - - [26/May/2016:13:37:19 +0800] "GET /digiarch/content/repository/resource_content.jsp?oid=2658087 HTTP/1.1" 404 14873
61.135.189.96 - - [26/May/2016:13:37:30 +0800] "GET /digiarch/content/repository/resource_content.jsp?oid=2638173 HTTP/1.1" 404 14873
61.135.189.96 - - [26/May/2016:13:37:41 +0800] "GET /digiarch/content/repository/resource_content.jsp?oid=2619543 HTTP/1.1" 404 14873
66.249.79.200 - - [26/May/2016:13:37:51 +0800] "GET /content/nav/relationSubject.jsp?relationWords=%E9%BB%83%E9%91%B7%E5%8F%A3%E9%AD%9A+&oid=33554782 HTTP/1.1" 200 3152
61.135.189.96 - - [26/May/2016:13:37:53 +0800] "GET /digiarch/content/repository/resource_content.jsp?oid=2615072 HTTP/1.1" 404 14873
61.135.189.96 - - [26/May/2016:13:38:04 +0800] "GET /digiarch/content/repository/resource_content.jsp?oid=1518390 HTTP/1.1" 404 14873
61.135.189.96 - - [26/May/2016:13:38:15 +0800] "GET /digiarch/content/repository/resource_content.jsp?oid=2598986 HTTP/1.1" 404 14873
61.135.189.96 - - [26/May/2016:13:38:26 +0800] "GET /digiarch/content/repository/resource_content.jsp?oid=1629847 HTTP/1.1" 404 14873
173.252.95.10 - - [26/May/2016:13:38:26 +0800] "GET /content/repository/resource_content.jsp?oid=4492541&queryString=%E6%B5%AE%E4%B8%96%E7%B9%AA&queryType=qs HTTP/1.1" 200 28659
66.249.71.41 - - [26/May/2016:13:38:31 +0800] "GET /content/repository/resource_content.jsp?oid=1838639&queryString=%E9%81%94%E6%82%9F%20%E9%81%94%E6%82%9F%E6%97%8F%20%E9%99%B6%E5%81%B6%20%E9%9B%85%E7%BE%8E%20%E9%9B%85%E7%BE%8E%E6%97%8F HTTP/1.1" 200 30946
61.135.189.96 - - [26/May/2016:13:38:37 +0800] "GET /digiarch/content/repository/resource_content.jsp?oid=2666839 HTTP/1.1" 404 14873
66.249.71.50 - - [26/May/2016:13:38:44 +0800] "GET /content/nav/relationSubject.jsp?relationWords=%E9%99%B6%E5%81%B6+&oid=1838639 HTTP/1.1" 200 2963
66.249.71.50 - - [26/May/2016:13:38:46 +0800] "GET /content/nav/relationSubject.jsp?relationWords=%E9%99%B6%E5%81%B6%20&oid=1838639 HTTP/1.1" 200 2963
61.135.189.96 - - [26/May/2016:13:38:49 +0800] "GET /digiarch/content/repository/resource_content.jsp?oid=1528762 HTTP/1.1" 404 14873
61.135.189.96 - - [26/May/2016:13:39:00 +0800] "GET /digiarch/content/repository/resource_content.jsp?oid=2615474 HTTP/1.1" 404 14873
61.135.189.96 - - [26/May/2016:13:39:12 +0800] "GET /digiarch/content/repository/resource_content.jsp?oid=1528846 HTTP/1.1" 404 14873
61.135.189.96 - - [26/May/2016:13:39:23 +0800] "GET /digiarch/content/repository/resource_content.jsp?oid=1617994 HTTP/1.1" 404 14873
61.135.189.96 - - [26/May/2016:13:39:34 +0800] "GET /digiarch/content/repository/resource_content.jsp?oid=583652 HTTP/1.1" 404 14873
66.249.71.23 - - [26/May/2016:13:39:34 +0800] "GET /digiarch3/content/nav/relationSubject.jsp?relationWords=%E6%9F%A5%E6%9F%90+&oid=16777614 HTTP/1.1" 200 8874
61.135.189.96 - - [26/May/2016:13:39:45 +0800] "GET /digiarch/content/repository/resource_content.jsp?oid=3410703 HTTP/1.1" 404 14873
61.135.189.96 - - [26/May/2016:13:40:01 +0800] "GET /digiarch/content/repository/resource_content.jsp?oid=2613635 HTTP/1.1" 404 14873
140.128.230.108 - - [26/May/2016:13:40:06 +0800] "GET /content/subject/resource_content.jsp?oid=16777726&queryString= HTTP/1.1" 200 36295
140.128.230.108 - - [26/May/2016:13:40:06 +0800] "GET /content/nav/relationSubject.jsp?relationWords=%E6%95%B8%E4%BD%8D%E5%85%B8%E8%97%8F+&oid=16777726 HTTP/1.1" 200 5879
61.135.189.96 - - [26/May/2016:13:40:14 +0800] "GET /digiarch/content/repository/resource_content.jsp?oid=3404297 HTTP/1.1" 404 14873
61.135.189.96 - - [26/May/2016:13:40:25 +0800] "GET /digiarch/content/repository/resource_content.jsp?oid=2686966 HTTP/1.1" 404 14873
66.249.77.97 - - [26/May/2016:13:40:34 +0800] "GET /content/subject/resource_content.jsp?oid=16777426&queryType=qc HTTP/1.1" 200 38888
61.135.189.96 - - [26/May/2016:13:40:36 +0800] "GET /digiarch/content/repository/resource_content.jsp?oid=664114 HTTP/1.1" 404 14873
61.135.189.96 - - [26/May/2016:13:40:48 +0800] "GET /digiarch/content/repository/resource_content.jsp?oid=2566884 HTTP/1.1" 404 14873
61.135.189.96 - - [26/May/2016:13:40:59 +0800] "GET /digiarch/content/repository/resource_content.jsp?oid=4203176 HTTP/1.1" 404 14873
61.135.189.96 - - [26/May/2016:13:41:10 +0800] "GET /digiarch/content/repository/resource_content.jsp?oid=1531518 HTTP/1.1" 404 14873
61.135.189.96 - - [26/May/2016:13:41:21 +0800] "GET /digiarch/content/repository/resource_content.jsp?oid=2519269 HTTP/1.1" 404 14873
61.135.189.96 - - [26/May/2016:13:41:32 +0800] "GET /digiarch/content/repository/resource_content.jsp?oid=289134 HTTP/1.1" 404 14873
61.135.189.96 - - [26/May/2016:13:41:43 +0800] "GET /digiarch/content/repository/resource_content.jsp?oid=2609536 HTTP/1.1" 404 14873
61.135.189.96 - - [26/May/2016:13:41:55 +0800] "GET /digiarch/content/repository/resource_content.jsp?oid=2610868 HTTP/1.1" 404 14873
61.135.189.96 - - [26/May/2016:13:42:06 +0800] "GET /digiarch/content/repository/resource_content.jsp?oid=2618843 HTTP/1.1" 404 14873
61.135.189.96 - - [26/May/2016:13:42:17 +0800] "GET /digiarch/content/repository/resource_content.jsp?oid=2622294 HTTP/1.1" 404 14873
61.135.189.96 - - [26/May/2016:13:42:28 +0800] "GET /digiarch/content/repository/resource_content.jsp?oid=2650230 HTTP/1.1" 404 14873
61.135.189.96 - - [26/May/2016:13:42:39 +0800] "GET /digiarch/content/repository/resource_content.jsp?oid=2597844 HTTP/1.1" 404 14873
66.249.79.200 - - [26/May/2016:13:42:49 +0800] "GET /content/subject/resource_content.jsp?oid=16777746&queryType=qc HTTP/1.1" 200 39168
110.30.160.107 - - [26/May/2016:13:44:25 +0800] "GET /content/subject/resource_content.jsp?oid=16797293&queryType=qc HTTP/1.1" 200 46243
110.30.160.107 - - [26/May/2016:13:44:27 +0800] "GET /content/nav/relationSubject.jsp?relationWords=%E5%B0%8F%E5%90%83+&oid=16797293 HTTP/1.1" 200 3156
125.227.34.182 - - [26/May/2016:13:45:21 +0800] "GET /content/subject/resource_content.jsp?oid=16777368 HTTP/1.1" 200 31932
125.227.34.182 - - [26/May/2016:13:45:22 +0800] "GET /content/nav/relationSubject.jsp?relationWords=%E9%98%BF%E5%8B%83%E5%8B%92+&oid=16777368 HTTP/1.1" 200 2917
173.252.95.11 - - [26/May/2016:13:46:10 +0800] "GET /content/exhibit/exhibit.jsp?oid=16777847 HTTP/1.1" 200 26268
140.128.57.115 - - [26/May/2016:13:46:18 +0800] "GET /content/repository/resource_content.jsp?oid=2147505 HTTP/1.1" 200 31420
140.128.57.115 - - [26/May/2016:13:46:23 +0800] "GET /content/nav/relationSubject.jsp?relationWords=%E5%8D%97%E4%BB%81%E9%90%B5%E8%89%B2+%E5%A4%A7%E6%88%9F+%E5%A4%A7%E6%88%9F%E7%A7%91+%E6%A4%8D%E7%89%A9%E7%95%8C+%E9%90%B5%E8%89%B2%E5%B1%AC+&oid=2147505 HTTP/1.1" 200 3385
61.60.106.5 - - [26/May/2016:13:46:35 +0800] "GET /content/subject/resource_content.jsp?oid=16797293&queryType=qc HTTP/1.1" 200 46243
40.77.167.30 - - [26/May/2016:13:46:35 +0800] "GET /content/subject/resource_content.jsp?oid=16777424 HTTP/1.1" 200 38692
61.60.106.5 - - [26/May/2016:13:46:37 +0800] "GET /content/nav/relationSubject.jsp?relationWords=%E5%B0%8F%E5%90%83+&oid=16797293 HTTP/1.1" 200 3156
66.249.71.72 - - [26/May/2016:13:46:55 +0800] "GET /content/repository/resource_content.jsp?oid=4351705&queryString=%E6%A2%AD%E9%AD%9A%20%E9%87%91%E6%A2%AD%20%E9%87%91%E6%A2%AD%E9%AD%9A%20%E9%BB%83%E5%B0%BE%20%E9%BB%83%E5%B0%BE%E9%87%91%E6%A2%AD%E9%AD%9A HTTP/1.1" 200 33790
101.12.111.165 - - [26/May/2016:13:46:57 +0800] "GET /content/nav/relationSubject.jsp?relationWords=%E5%B1%B1%E8%8C%B6%E8%8A%B1+%E6%9B%BC%E9%99%80%E7%BE%85%E8%8A%B1+&oid=16777448 HTTP/1.1" 200 1894
140.128.57.115 - - [26/May/2016:13:47:07 +0800] "GET /content/repository/resource_content.jsp?oid=2147505 HTTP/1.1" 200 31420
140.128.57.115 - - [26/May/2016:13:47:07 +0800] "GET /content/nav/relationSubject.jsp?relationWords=%E5%8D%97%E4%BB%81%E9%90%B5%E8%89%B2+%E5%A4%A7%E6%88%9F+%E5%A4%A7%E6%88%9F%E7%A7%91+%E6%A4%8D%E7%89%A9%E7%95%8C+%E9%90%B5%E8%89%B2%E5%B1%AC+&oid=2147505 HTTP/1.1" 200 3385
66.249.79.207 - - [26/May/2016:13:48:01 +0800] "GET /content/nav/relationSubject.jsp?relationWords=%E5%A7%91%E9%AD%9A+%E7%9F%B3%E9%A6%96%E9%AD%9A+%E7%9F%B3%E9%A6%96%E9%AD%9A%E7%A7%91+%E9%BB%83%E5%A7%91+%E9%BB%83%E5%A7%91%E9%AD%9A+%E9%BB%83%E9%AD%9A+&oid=15455 HTTP/1.1" 200 3522
140.109.136.41 - - [26/May/2016:13:48:02 +0800] "GET /content/repository/resource_content.jsp?oid=1838209&queryType=qs&queryString=%E7%8D%B8%E9%AA%A8 HTTP/1.1" 200 29605
140.109.136.41 - - [26/May/2016:13:48:03 +0800] "GET /content/nav/relationSubject.jsp?relationWords=%E5%88%BB%E8%BE%AD+&oid=1838209 HTTP/1.1" 200 3009
40.77.167.30 - - [26/May/2016:13:48:14 +0800] "GET /content/subject/resource_content.jsp?oid=16777840&queryType=qc HTTP/1.1" 200 40649
40.77.167.30 - - [26/May/2016:13:48:33 +0800] "GET /content/nav/relationSubject.jsp?relationWords=%E5%8D%83%E5%B9%B4%E6%A1%90+%E6%A1%90%E8%8A%B1+%E6%B2%B9%E6%A1%90+&oid=16777599 HTTP/1.1" 200 3738
140.109.136.41 - - [26/May/2016:13:48:39 +0800] "GET /content/repository/resource_content.jsp?oid=1880030&queryType=null&queryString=%E9%91%BE HTTP/1.1" 200 30338
140.109.136.41 - - [26/May/2016:13:48:39 +0800] "GET /content/nav/relationSubject.jsp?relationWords=%E8%BB%8A%E9%A6%AC%E5%99%A8+&oid=1880030 HTTP/1.1" 200 1415
66.249.71.60 - - [26/May/2016:13:48:51 +0800] "GET /content/repository/resource_content.jsp?oid=1828653 HTTP/1.1" 200 29036
66.249.71.60 - - [26/May/2016:13:49:03 +0800] "GET /content/nav/relationSubject.jsp?relationWords=%E4%BA%9E%E9%86%9C+%E7%88%B6%E4%B8%81%E6%96%B9%E9%BC%8E+&oid=1828653 HTTP/1.1" 200 3240
66.249.71.60 - - [26/May/2016:13:49:04 +0800] "GET /content/nav/relationSubject.jsp?relationWords=%E4%BA%9E%E9%86%9C%20%E7%88%B6%E4%B8%81%E6%96%B9%E9%BC%8E%20&oid=1828653 HTTP/1.1" 200 3240
173.252.95.15 - - [26/May/2016:13:49:32 +0800] "GET /content/repository/resource_content.jsp?oid=1775993 HTTP/1.1" 200 34116
68.180.228.229 - - [26/May/2016:13:49:59 +0800] "GET /digiarch_en/content/subject/resource_content.jsp?oid=16777517&queryType=qc HTTP/1.1" 200 47417
66.249.71.60 - - [26/May/2016:13:50:56 +0800] "GET /content/subject/resource_content.jsp?oid=16777605&queryType=qs&queryString=%E5%9C%8B%E6%B0%91%E6%94%BF%E5%BA%9C HTTP/1.1" 200 42303
122.147.156.194 - - [26/May/2016:13:50:57 +0800] "GET /content/nav/relationSubject.jsp?relationWords=%E5%8F%B0%E7%81%A3%E6%AC%92%E6%A8%B9+%E8%8B%A6%E8%8B%93%E8%88%85+&oid=16777254 HTTP/1.1" 200 4285
150.70.173.52 - - [26/May/2016:13:51:02 +0800] "GET /digiarch3/content/repository/resource_content.jsp?oid=3212632&queryString=%E7%B0%BE%E8%9B%A4%E7%9B%AE%20%E7%B0%BE%E8%9B%A4%E7%A7%91%20%E8%8A%B1%E7%B0%BE%E8%9B%A4%E5%B1%AC%20%E8%8F%B2%E5%BE%8B%E8%B3%93%E7%B0%BE%E8%9B%A4%20%E8%BB%9F%E9%AB%94%E5%8B%95%E7%89%A9%E9%96%80%20%E9%9B%99%E6%AE%BC%E7%B6%B1 HTTP/1.1" 200 32304
150.70.173.52 - - [26/May/2016:13:51:02 +0800] "GET /digiarch3/content/repository/resource_content.jsp?oid=3212632&queryString=%E7%B0%BE%E8%9B%A4%E7%9B%AE%20%E7%B0%BE%E8%9B%A4%E7%A7%91%20%E8%8A%B1%E7%B0%BE%E8%9B%A4%E5%B1%AC%20%E8%8F%B2%E5%BE%8B%E8%B3%93%E7%B0%BE%E8%9B%A4%20%E9%9B%99%E6%AE%BC%E7%B6%B1 HTTP/1.1" 200 32304
203.64.118.253 - - [26/May/2016:13:51:31 +0800] "GET /content/subject/resource_content.jsp?oid=16777286 HTTP/1.1" 200 37579
203.64.118.253 - - [26/May/2016:13:51:32 +0800] "GET /content/nav/relationSubject.jsp?relationWords=%E6%8B%93%E7%89%87+&oid=16777286 HTTP/1.1" 200 4508
61.135.189.96 - - [26/May/2016:13:51:48 +0800] "GET /digiarch3/content/subject/resource_content.jsp?oid=16777657&queryType=qc HTTP/1.1" 200 71696
61.135.189.96 - - [26/May/2016:13:52:01 +0800] "GET /digiarch3/content/pictures/picture_content.jsp?oid=33554828&queryType=qc HTTP/1.1" 200 28049
173.252.95.12 - - [26/May/2016:13:52:02 +0800] "GET /content/repository/resource_content.jsp?oid=15461&queryString=%E5%A4%A7%E9%A0%AD%E7%99%BD%E5%A7%91%E9%AD%9A+%E5%B8%95%E9%A0%AD+%E5%BD%AD%E7%B4%8D%E7%9F%B3%E9%A6%96%E9%AD%9A+%E7%9F%B3%E9%A6%96%E9%AD%9A%E7%A7%91 HTTP/1.1" 200 37178
61.135.189.96 - - [26/May/2016:13:52:14 +0800] "GET /digiarch3/content/subject/resource_content.jsp?oid=16777371&queryType=qc HTTP/1.1" 200 48643
61.135.189.96 - - [26/May/2016:13:52:26 +0800] "GET /digiarch3/content/subject/resource_content.jsp?oid=16777532&queryType=qc HTTP/1.1" 200 34922
1.175.36.34 - - [26/May/2016:13:52:30 +0800] "GET /content/nav/relationSubject.jsp?relationWords=%E6%AA%AC%E6%9E%9C+%E8%8A%92%E6%9E%9C+&oid=16777508 HTTP/1.1" 200 4379
61.135.189.96 - - [26/May/2016:13:52:38 +0800] "GET /digiarch3/content/subject/resource_content.jsp?oid=16777424&queryType=qc HTTP/1.1" 200 38674
66.249.71.60 - - [26/May/2016:13:52:50 +0800] "GET /content/nav/relationSubject.jsp?relationWords=%E5%B0%BE%E8%91%89%E6%87%B8%E9%89%A4%E5%AD%90+%E6%87%B8%E9%89%A4%E5%AD%90+%E6%87%B8%E9%89%A4%E5%AD%90%E5%B1%AC+%E6%A4%8D%E7%89%A9%E7%95%8C+%E8%91%89%E6%87%B8%E9%89%A4%E5%AD%90+%E8%96%94%E8%96%87%E7%9B%AE+%E8%96%94%E8%96%87%E7%A7%91+&oid=3824726 HTTP/1.1" 200 3508
61.135.189.96 - - [26/May/2016:13:52:52 +0800] "GET /digiarch3/content/subject/resource_content.jsp?oid=16777728&queryType=qc HTTP/1.1" 200 65187
68.180.228.229 - - [26/May/2016:13:52:57 +0800] "GET /content/tmp_exh/resource_content.jsp?oid=16777816&queryString HTTP/1.1" 200 28461
61.135.189.96 - - [26/May/2016:13:53:05 +0800] "GET /digiarch3/content/tmp_tec/resource_content.jsp?oid=16777731 HTTP/1.1" 200 39235
61.135.189.96 - - [26/May/2016:13:53:20 +0800] "GET /digiarch3/content/subject/resource_content.jsp?oid=16777703&queryType=qc HTTP/1.1" 200 27140
61.135.189.96 - - [26/May/2016:13:53:35 +0800] "GET /content/subject/resource_content.jsp?oid=16777648&queryType=qc> HTTP/1.1" 200 30880
150.70.173.55 - - [26/May/2016:13:54:03 +0800] "GET /content/subject/resource_content.jsp?oid=16777286 HTTP/1.1" 200 37579
66.249.71.72 - - [26/May/2016:13:55:02 +0800] "GET /content/nav/relationSubject.jsp?relationWords=%E5%8C%97%E6%A2%AD%E9%AD%9A+%E5%9C%93%E9%A0%9C%E5%8C%97%E6%A2%AD%E9%AD%9A+%E7%AB%B9%E7%AF%99%E9%A0%AD+&oid=4351705 HTTP/1.1" 200 3409
66.249.71.72 - - [26/May/2016:13:55:04 +0800] "GET /content/repository/resource_content.jsp?oid=1899248 HTTP/1.1" 200 29338
66.249.79.207 - - [26/May/2016:13:55:05 +0800] "GET /content/nav/relationSubject.jsp?relationWords=%E5%8C%97%E6%A2%AD%E9%AD%9A%20%E5%9C%93%E9%A0%9C%E5%8C%97%E6%A2%AD%E9%AD%9A%20%E7%AB%B9%E7%AF%99%E9%A0%AD%20&oid=4351705 HTTP/1.1" 200 3409
163.21.183.253 - - [26/May/2016:13:55:05 +0800] "GET /content/repository/resource_content.jsp?oid=2672788&queryString=%E6%96%87%E5%BB%9F HTTP/1.1" 200 30296
163.21.183.253 - - [26/May/2016:13:55:07 +0800] "GET /content/nav/relationSubject.jsp?relationWords=%E5%B7%A5%E9%83%A8+%E6%96%87%E5%BB%9F+%E7%A2%91%E4%BA%AD+&oid=2672788 HTTP/1.1" 200 3138
66.249.79.207 - - [26/May/2016:13:55:16 +0800] "GET /content/nav/relationSubject.jsp?relationWords=%E7%9C%81%E6%94%BF%E5%BA%9C+%E9%AB%98%E9%9B%84%E5%B8%82+&oid=1899248 HTTP/1.1" 200 4507
173.252.95.8 - - [26/May/2016:13:55:20 +0800] "GET /content/repository/resource_content.jsp?oid=2152027&queryString=%E5%81%87%E9%95%B7%E8%91%89%E6%A5%A0+%E6%A4%8D%E7%89%A9%E7%95%8C+%E6%A5%A0%E5%B1%AC+%E6%A8%9F%E7%A7%91 HTTP/1.1" 200 31530
66.249.71.60 - - [26/May/2016:13:55:21 +0800] "GET /content/nav/relationSubject.jsp?relationWords=%E7%9C%81%E6%94%BF%E5%BA%9C%20%E9%AB%98%E9%9B%84%E5%B8%82%20&oid=1899248 HTTP/1.1" 200 4507
163.21.183.253 - - [26/May/2016:13:55:52 +0800] "GET /content/repository/resource_content.jsp?oid=2672788&queryString=%E6%96%87%E5%BB%9F HTTP/1.1" 200 30296
163.21.183.253 - - [26/May/2016:13:55:52 +0800] "GET /content/nav/relationSubject.jsp?relationWords=%E5%B7%A5%E9%83%A8+%E6%96%87%E5%BB%9F+%E7%A2%91%E4%BA%AD+&oid=2672788 HTTP/1.1" 200 3138
36.228.146.72 - - [26/May/2016:13:57:02 +0800] "GET /digiarch_en/content/repository/resource_content.jsp?oid=3212632&queryString=%E7%B0%BE%E8%9B%A4%E7%9B%AE%20%E7%B0%BE%E8%9B%A4%E7%A7%91%20%E8%8A%B1%E7%B0%BE%E8%9B%A4%E5%B1%AC%20%E8%8F%B2%E5%BE%8B%E8%B3%93%E7%B0%BE%E8%9B%A4%20%E9%9B%99%E6%AE%BC%E7%B6%B1 HTTP/1.1" 200 24402
36.228.146.72 - - [26/May/2016:13:57:04 +0800] "GET /digiarch_en/content/nav/relationSubject.jsp?relationWords=%E7%B0%BE%E8%9B%A4%E7%9B%AE+%E7%B0%BE%E8%9B%A4%E7%A7%91+%E8%8A%B1%E7%B0%BE%E8%9B%A4%E5%B1%AC+%E8%8F%B2%E5%BE%8B%E8%B3%93%E7%B0%BE%E8%9B%A4+%E9%9B%99%E6%AE%BC%E7%B6%B1+&oid=3212632 HTTP/1.1" 200 2682
66.249.77.91 - - [26/May/2016:13:57:08 +0800] "GET /content/repository/resource_content.jsp?oid=1776812&queryType=qs&queryString=%E9%A3%9B%E9%AD%9A%E5%AD%A3 HTTP/1.1" 200 30184
66.249.79.135 - - [26/May/2016:13:57:18 +0800] "GET /content/nav/relationSubject.jsp?relationWords=%E9%9B%85%E7%BE%8E%E6%97%8F+&oid=1776812 HTTP/1.1" 200 2870
66.249.77.91 - - [26/May/2016:13:57:20 +0800] "GET /content/nav/relationSubject.jsp?relationWords=%E9%9B%85%E7%BE%8E%E6%97%8F%20&oid=1776812 HTTP/1.1" 200 2870
157.55.39.55 - - [26/May/2016:13:57:31 +0800] "GET /content/subject/resource_content.jsp?oid=16777706 HTTP/1.1" 200 53849
140.128.44.76 - - [26/May/2016:13:57:43 +0800] "GET /content/subject/resource_content.jsp?oid=16797240&queryType=qc HTTP/1.1" 200 42460
140.128.44.76 - - [26/May/2016:13:57:44 +0800] "GET /content/nav/relationSubject.jsp?relationWords=&oid=16797240 HTTP/1.1" 200 1405
157.55.39.55 - - [26/May/2016:13:57:50 +0800] "GET /content/nav/relationSubject.jsp?relationWords=%E5%A0%A1%E5%9C%96+&oid=16777706 HTTP/1.1" 200 2864
66.249.79.200 - - [26/May/2016:13:57:54 +0800] "GET /content/repository/resource_content.jsp?oid=1108194 HTTP/1.1" 200 31240
61.135.189.96 - - [26/May/2016:13:58:05 +0800] "GET /content/subject/resource_content.jsp?oid=16777585&queryType=qc HTTP/1.1" 200 40522
61.135.189.96 - - [26/May/2016:13:58:28 +0800] "GET /content/pictures/picture_content.jsp?oid=33554791 HTTP/1.1" 200 27182
61.135.189.96 - - [26/May/2016:13:58:53 +0800] "GET /digiarch3/content/repository/resource_content.jsp?oid=523561&queryType=qc HTTP/1.1" 200 37822
150.70.173.43 - - [26/May/2016:13:59:05 +0800] "GET /digiarch3/content/repository/resource_content.jsp?oid=4551233&queryString=%E7%B0%BE%E8%9B%A4%E7%9B%AE%20%E7%B0%BE%E8%9B%A4%E7%A7%91%20%E8%8A%B1%E7%B0%BE%E8%9B%A4%E5%B1%AC%20%E8%8F%B2%E5%BE%8B%E8%B3%93%E7%B0%BE%E8%9B%A4%20%E9%9B%99%E6%AE%BC%E7%B6%B1 HTTP/1.1" 200 31166
150.70.173.54 - - [26/May/2016:13:59:07 +0800] "GET /digiarch_en/content/repository/resource_content.jsp?oid=3212632&queryString=%E7%B0%BE%E8%9B%A4%E7%9B%AE%20%E7%B0%BE%E8%9B%A4%E7%A7%91%20%E8%8A%B1%E7%B0%BE%E8%9B%A4%E5%B1%AC%20%E8%8F%B2%E5%BE%8B%E8%B3%93%E7%B0%BE%E8%9B%A4%20%E9%9B%99%E6%AE%BC%E7%B6%B1 HTTP/1.1" 200 24402
61.135.189.96 - - [26/May/2016:13:59:07 +0800] "GET /digiarch3/content/subject/resource_content.jsp?oid=16777818&queryType=qc> HTTP/1.1" 200 38832
66.249.79.207 - - [26/May/2016:13:59:12 +0800] "GET /content/repository/resource_content.jsp?oid=1105970&queryString=%E5%8F%B0%E7%81%A3%E9%A6%AC%E8%98%AD%20%E6%A4%8D%E7%89%A9%E7%95%8C%20%E7%B4%AB%E8%8F%80%E5%B1%AC%20%E8%8F%8A%E7%A7%91%20%E9%9B%99%E5%AD%90%E8%91%89%E6%A4%8D%E7%89%A9 HTTP/1.1" 200 31820
66.249.71.64 - - [26/May/2016:13:59:20 +0800] "GET /content/nav/relationSubject.jsp?relationWords=%E5%8F%B0%E7%81%A3%E9%A6%AC%E8%98%AD+%E6%A4%8D%E7%89%A9%E7%95%8C+%E7%B4%AB%E8%8F%80%E5%B1%AC+%E8%8F%8A%E7%A7%91+%E9%9B%99%E5%AD%90%E8%91%89%E6%A4%8D%E7%89%A9+&oid=1105970 HTTP/1.1" 200 3376
66.249.71.64 - - [26/May/2016:13:59:22 +0800] "GET /content/nav/relationSubject.jsp?relationWords=%E5%8F%B0%E7%81%A3%E9%A6%AC%E8%98%AD%20%E6%A4%8D%E7%89%A9%E7%95%8C%20%E7%B4%AB%E8%8F%80%E5%B1%AC%20%E8%8F%8A%E7%A7%91%20%E9%9B%99%E5%AD%90%E8%91%89%E6%A4%8D%E7%89%A9%20&oid=1105970 HTTP/1.1" 200 3376
114.46.62.235 - - [26/May/2016:14:00:24 +0800] "GET /content/tmp_exh/resource_content.jsp?oid=16777750&queryType=qc HTTP/1.1" 200 32507
114.46.62.235 - - [26/May/2016:14:00:24 +0800] "GET /content/nav/relationSubject.jsp?relationWords=&oid=16777750 HTTP/1.1" 200 1405
66.249.71.60 - - [26/May/2016:14:01:16 +0800] "GET /content/repository/resource_content.jsp?oid=708891&queryString=%E4%B9%9E%E9%91%92%20%E4%BA%BA%E5%90%8D%E6%AC%8A%E5%A8%81%20%E6%B5%B7%E5%8F%83 HTTP/1.1" 200 29590
59.124.25.241 - - [26/May/2016:14:01:23 +0800] "GET /content/nav/relationSubject.jsp?relationWords=%E9%98%BF%E5%8B%83%E5%8B%92+&oid=16777368 HTTP/1.1" 200 2917
66.249.71.60 - - [26/May/2016:14:01:24 +0800] "GET /content/nav/relationSubject.jsp?relationWords=%E4%B8%AD%E6%9D%B1%E9%90%B5%E8%B7%AF+%E4%BA%BA%E5%90%8D%E6%AC%8A%E5%A8%81+%E5%82%AC%E8%AD%B0+%E5%8B%9E%E8%BE%B2+%E5%9C%8B%E4%BB%A3+%E5%B4%B4%E4%BA%8B+%E6%B5%B7%E5%8F%83+%E9%A1%8F%E6%83%A0%E6%85%B6+&oid=708891 HTTP/1.1" 200 3529
66.249.71.60 - - [26/May/2016:14:01:26 +0800] "GET /content/nav/relationSubject.jsp?relationWords=%E4%B8%AD%E6%9D%B1%E9%90%B5%E8%B7%AF%20%E4%BA%BA%E5%90%8D%E6%AC%8A%E5%A8%81%20%E5%82%AC%E8%AD%B0%20%E5%8B%9E%E8%BE%B2%20%E5%9C%8B%E4%BB%A3%20%E5%B4%B4%E4%BA%8B%20%E6%B5%B7%E5%8F%83%20%E9%A1%8F%E6%83%A0%E6%85%B6%20&oid=708891 HTTP/1.1" 200 3529
66.249.71.14 - - [26/May/2016:14:03:20 +0800] "GET /digiarch3/content/subject/resource_content.jsp?oid=16777448&queryType=qs&queryString=%E5%9C%8B%E9%9A%9B%E6%80%A7 HTTP/1.1" 200 34491
211.75.113.77 - - [26/May/2016:14:04:10 +0800] "GET /content/repository/resource_content.jsp?oid=1099597&queryString=%E6%9D%9C%E9%B5%91%E8%8A%B1%20%E6%9D%9C%E9%B5%91%E8%8A%B1%E7%A7%91%20%E6%A4%8D%E7%89%A9%E7%95%8C%20%E7%99%BD%E7%8F%A0%E6%A8%B9%20%E7%99%BD%E7%8F%A0%E6%A8%B9%E5%B1%AC HTTP/1.1" 200 31579
211.75.113.77 - - [26/May/2016:14:04:13 +0800] "GET /content/nav/relationSubject.jsp?relationWords=%E6%9D%9C%E9%B5%91%E8%8A%B1+%E6%9D%9C%E9%B5%91%E8%8A%B1%E7%A7%91+%E6%A4%8D%E7%89%A9%E7%95%8C+%E7%99%BD%E7%8F%A0%E6%A8%B9%E5%B1%AC+%E9%AB%98%E5%B1%B1%E7%99%BD%E7%8F%A0%E6%A8%B9+&oid=1099597 HTTP/1.1" 200 4763
66.249.71.64 - - [26/May/2016:14:04:32 +0800] "GET /content/nav/relationSubject.jsp?relationWords=API+%E6%A4%8D%E7%89%A9%E7%95%8C+%E7%B9%96%E5%BD%A2%E7%A7%91+%E9%9B%99%E5%AD%90%E8%91%89%E6%A4%8D%E7%89%A9+%E9%9B%B7%E5%85%AC%E6%A0%B9+%E9%9B%B7%E5%85%AC%E6%A0%B9%E5%B1%AC+&oid=1108194 HTTP/1.1" 200 3415
66.249.71.64 - - [26/May/2016:14:04:33 +0800] "GET /content/nav/relationSubject.jsp?relationWords=API%20%E6%A4%8D%E7%89%A9%E7%95%8C%20%E7%B9%96%E5%BD%A2%E7%A7%91%20%E9%9B%99%E5%AD%90%E8%91%89%E6%A4%8D%E7%89%A9%20%E9%9B%B7%E5%85%AC%E6%A0%B9%20%E9%9B%B7%E5%85%AC%E6%A0%B9%E5%B1%AC%20&oid=1108194 HTTP/1.1" 200 3415
66.249.71.60 - - [26/May/2016:14:05:24 +0800] "GET /content/repository/resource_content.jsp?oid=175958 HTTP/1.1" 200 30204
66.249.71.121 - - [26/May/2016:14:05:29 +0800] "GET /content/nav/relationSubject.jsp?relationWords=%E6%8E%92%E6%B0%B4%E6%BA%9D+%E7%A0%8C%E7%9F%B3+%E8%B1%90%E7%94%B0%E6%9D%91+&oid=1594540 HTTP/1.1" 200 5016
66.249.71.60 - - [26/May/2016:14:05:30 +0800] "GET /content/nav/relationSubject.jsp?relationWords=%E7%99%BD%E7%8B%BC+%E9%99%B8%E6%B8%AC%E5%9C%96+&oid=175958 HTTP/1.1" 200 3114
66.249.71.60 - - [26/May/2016:14:05:32 +0800] "GET /content/nav/relationSubject.jsp?relationWords=%E7%99%BD%E7%8B%BC%20%E9%99%B8%E6%B8%AC%E5%9C%96%20&oid=175958 HTTP/1.1" 200 3114
125.31.120.154 - - [26/May/2016:14:06:35 +0800] "GET /content/nav/relationSubject.jsp?relationWords=&oid=16777576 HTTP/1.1" 200 1405
61.228.178.166 - - [26/May/2016:14:07:27 +0800] "GET /content/nav/relationSubject.jsp?relationWords=&oid=16777459 HTTP/1.1" 200 1405
207.46.13.11 - - [26/May/2016:14:08:25 +0800] "GET /content/repository/resource_content.jsp?oid=4362280&queryType=qs&queryString=%E5%AE%98%E6%9C%AC HTTP/1.1" 200 34881
207.46.13.11 - - [26/May/2016:14:08:26 +0800] "GET /content/repository/resource_content.jsp?oid=4362036&queryString=%E9%A6%99%E6%97%97 HTTP/1.1" 200 28545
207.46.13.11 - - [26/May/2016:14:08:28 +0800] "GET /content/tmp_exh/resource_content.jsp?oid=16777845&queryType=qc%201889 HTTP/1.1" 200 46643
207.46.13.11 - - [26/May/2016:14:08:30 +0800] "GET /content/subject/resource_content.jsp?oid=16777743&queryType=qc HTTP/1.1" 200 32573
207.46.13.11 - - [26/May/2016:14:08:31 +0800] "GET /content/subject/resource_content.jsp?oid=16777619&queryType=qc HTTP/1.1" 200 78769
207.46.13.11 - - [26/May/2016:14:08:33 +0800] "GET /content/subject/resource_content.jsp?oid=16777361&queryType=qc HTTP/1.1" 200 31897
207.46.13.11 - - [26/May/2016:14:08:34 +0800] "GET /content/subject/resource_content.jsp?oid=16777347&queryType=qc HTTP/1.1" 200 33740
207.46.13.154 - - [26/May/2016:14:08:52 +0800] "GET /content/repository/resource_content.jsp?oid=4470464&queryString=%E8%AD%B7%E8%AC%A8 HTTP/1.1" 200 28595
66.249.71.113 - - [26/May/2016:14:08:53 +0800] "GET /content/subject/resource_content.jsp?oid=16777741&queryType=qc HTTP/1.1" 200 53527
207.46.13.154 - - [26/May/2016:14:08:54 +0800] "GET /content/repository/resource_content.jsp?oid=4362279&queryString=%E4%B8%81%E8%98%AD%E5%B0%BA HTTP/1.1" 200 35235
157.55.39.55 - - [26/May/2016:14:09:13 +0800] "GET /content/subject/resource_content.jsp?oid=16777617&queryType=qc HTTP/1.1" 200 61007
157.55.39.55 - - [26/May/2016:14:09:14 +0800] "GET /content/subject/resource_content.jsp?oid=16777406&queryType=qc HTTP/1.1" 200 32899
66.249.71.60 - - [26/May/2016:14:09:32 +0800] "GET /content/repository/resource_content.jsp?oid=1124003 HTTP/1.1" 200 33714
66.249.71.60 - - [26/May/2016:14:09:42 +0800] "GET /content/nav/relationSubject.jsp?relationWords=%E5%A4%A7%E6%AF%9B%E8%9A%B6+%E6%AF%9B%E8%9A%B6%E5%B1%AC+%E9%9B%99%E6%AE%BC%E7%B6%B1+%E9%AD%81%E8%9B%A4+%E9%AD%81%E8%9B%A4%E7%A7%91+&oid=1124003 HTTP/1.1" 200 3373
66.249.71.60 - - [26/May/2016:14:09:44 +0800] "GET /content/nav/relationSubject.jsp?relationWords=%E5%A4%A7%E6%AF%9B%E8%9A%B6%20%E6%AF%9B%E8%9A%B6%E5%B1%AC%20%E9%9B%99%E6%AE%BC%E7%B6%B1%20%E9%AD%81%E8%9B%A4%20%E9%AD%81%E8%9B%A4%E7%A7%91%20&oid=1124003 HTTP/1.1" 200 3373
140.122.34.121 - - [26/May/2016:14:10:16 +0800] "GET /content/nav/relationSubject.jsp?relationWords=&oid=16777459 HTTP/1.1" 200 1405
141.8.132.82 - - [26/May/2016:14:10:51 +0800] "GET /content/subject/resource_content.jsp?oid=16777635&queryType=qc HTTP/1.1" 200 63970
61.222.206.78 - - [26/May/2016:14:11:27 +0800] "GET /content/subject/resource_content.jsp?oid=16777508&queryString HTTP/1.1" 200 36289
61.222.206.78 - - [26/May/2016:14:11:28 +0800] "GET /content/nav/relationSubject.jsp?relationWords=%E6%AA%AC%E6%9E%9C+%E8%8A%92%E6%9E%9C+&oid=16777508 HTTP/1.1" 200 4379
117.56.51.36 - - [26/May/2016:14:11:30 +0800] "GET /content/subject/resource_content.jsp?oid=16797271&queryType=qc HTTP/1.1" 200 55170
173.252.88.89 - - [26/May/2016:14:11:31 +0800] "GET /content/subject/resource_content.jsp?oid=16777508&queryString HTTP/1.1" 200 36289
117.56.51.36 - - [26/May/2016:14:11:32 +0800] "GET /content/nav/relationSubject.jsp?relationWords=&oid=16797271 HTTP/1.1" 200 1405
66.249.71.60 - - [26/May/2016:14:11:36 +0800] "GET /content/repository/resource_content.jsp?oid=1605598 HTTP/1.1" 200 28797
66.249.71.60 - - [26/May/2016:14:11:59 +0800] "GET /content/nav/relationSubject.jsp?relationWords=%E8%BE%B2%E6%B0%91%E7%94%9F%E6%B4%BB+&oid=1605598 HTTP/1.1" 200 4698
66.249.71.60 - - [26/May/2016:14:12:01 +0800] "GET /content/nav/relationSubject.jsp?relationWords=%E8%BE%B2%E6%B0%91%E7%94%9F%E6%B4%BB%20&oid=1605598 HTTP/1.1" 200 4698
52.3.105.23 - - [26/May/2016:14:13:59 +0800] "GET /content/subject/resource_content.jsp?oid=16797246&queryType=qc HTTP/1.1" 200 43651
66.249.71.60 - - [26/May/2016:14:15:45 +0800] "GET /content/repository/resource_content.jsp?oid=3818368&queryString=%E6%A4%8D%E7%89%A9%E7%95%8C%20%E7%81%AB%E7%82%AD%E6%AF%8D%E8%8D%89%20%E8%93%BC%E5%B1%AC%20%E8%93%BC%E7%A7%91 HTTP/1.1" 200 31306
66.249.71.60 - - [26/May/2016:14:15:54 +0800] "GET /content/nav/relationSubject.jsp?relationWords=%E6%A4%8D%E7%89%A9%E7%95%8C+%E7%81%AB%E7%82%AD%E6%AF%8D%E8%8D%89+%E8%93%BC%E5%B1%AC+%E8%93%BC%E7%A7%91+&oid=3818368 HTTP/1.1" 200 3313
66.249.71.60 - - [26/May/2016:14:15:57 +0800] "GET /content/nav/relationSubject.jsp?relationWords=%E6%A4%8D%E7%89%A9%E7%95%8C%20%E7%81%AB%E7%82%AD%E6%AF%8D%E8%8D%89%20%E8%93%BC%E5%B1%AC%20%E8%93%BC%E7%A7%91%20&oid=3818368 HTTP/1.1" 200 3313
124.106.177.144 - - [26/May/2016:14:17:11 +0800] "GET /content/nav/relationSubject.jsp?relationWords=%E5%8D%83%E5%B9%B4%E6%A1%90+%E6%A1%90%E8%8A%B1+%E6%B2%B9%E6%A1%90+&oid=16777599 HTTP/1.1" 200 3738
52.3.105.23 - - [26/May/2016:14:17:25 +0800] "GET /content/subject/resource_content.jsp?oid=16777463&queryType=qc HTTP/1.1" 200 28402
140.128.117.91 - - [26/May/2016:14:17:41 +0800] "GET /content/nav/relationSubject.jsp?relationWords=%E8%8C%84%E8%8B%B3+&oid=16777332 HTTP/1.1" 200 4424
66.249.71.60 - - [26/May/2016:14:17:49 +0800] "GET /content/repository/resource_content.jsp?oid=1173158 HTTP/1.1" 200 29338
66.249.79.200 - - [26/May/2016:14:18:22 +0800] "GET /content/nav/relationSubject.jsp?relationWords=%E4%BA%BA%E9%A0%AD%E6%A8%81+&oid=1173158 HTTP/1.1" 200 3029
66.249.71.60 - - [26/May/2016:14:18:24 +0800] "GET /content/nav/relationSubject.jsp?relationWords=%E4%BA%BA%E9%A0%AD%E6%A8%81%20&oid=1173158 HTTP/1.1" 200 3029
66.249.77.91 - - [26/May/2016:14:19:20 +0800] "GET /content/nav/relationSubject.jsp?relationWords=%E5%85%AD%E5%8D%9A+%E5%B4%96%E5%A2%93+%E6%8B%93%E7%89%87+%E6%96%B0%E6%B4%A5+%E6%96%B0%E6%B4%A5%E7%9F%B3%E5%87%BD%E7%95%AB%E8%B1%A1+%E7%9F%B3%E5%87%BD+%E7%BE%BD%E4%BA%BA+&oid=1834294 HTTP/1.1" 200 4699
66.249.71.60 - - [26/May/2016:14:19:53 +0800] "GET /content/repository/resource_content.jsp?oid=1834821&queryString=%E5%B0%8F%E5%B1%AF%E5%A2%93 HTTP/1.1" 200 31326
66.249.77.85 - - [26/May/2016:14:19:54 +0800] "GET /content/pictures/picture_content.jsp?oid=33554852&queryType=qc HTTP/1.1" 200 27728
66.249.77.85 - - [26/May/2016:14:20:14 +0800] "GET /content/nav/relationSubject.jsp?relationWords=%E5%A4%A7%E9%B1%97%E5%A4%A7%E7%9C%BC%E9%AF%9B+&oid=33554852 HTTP/1.1" 200 3426
66.249.79.244 - - [26/May/2016:14:20:18 +0800] "GET /content/nav/relationSubject.jsp?relationWords=%E5%A4%A7%E9%B1%97%E5%A4%A7%E7%9C%BC%E9%AF%9B%20&oid=33554852 HTTP/1.1" 200 3426
173.252.95.10 - - [26/May/2016:14:23:21 +0800] "GET /content/subject/resource_content.jsp?oid=16777714&queryString=%E5%9C%B0%E5%BD%A2%E5%9C%96&queryType=qs HTTP/1.1" 200 41842
203.68.101.42 - - [26/May/2016:14:23:31 +0800] "GET /content/repository/resource_content.jsp?oid=16265&queryString=%E9%87%91%E9%8C%A2%E9%AD%9A HTTP/1.1" 200 34606
203.68.101.42 - - [26/May/2016:14:23:32 +0800] "GET /content/nav/relationSubject.jsp?relationWords=%E8%AE%8A%E8%BA%AB%E8%8B%A6+%E9%87%91%E9%8C%A2%E9%AD%9A+&oid=16265 HTTP/1.1" 200 3086
173.252.95.11 - - [26/May/2016:14:23:39 +0800] "GET /content/repository/resource_content.jsp?oid=1098407 HTTP/1.1" 200 31146
66.249.71.60 - - [26/May/2016:14:23:45 +0800] "GET /content/nav/relationSubject.jsp?relationWords=%E5%B0%8F%E5%B1%AF%E5%A2%93+&oid=1834821 HTTP/1.1" 200 3026
66.249.71.60 - - [26/May/2016:14:23:50 +0800] "GET /content/nav/relationSubject.jsp?relationWords=%E5%B0%8F%E5%B1%AF%E5%A2%93%20&oid=1834821 HTTP/1.1" 200 3026
66.249.71.60 - - [26/May/2016:14:23:59 +0800] "GET /content/nav/relationSubject.jsp?relationWords=%E5%B0%8F%E5%B1%AF%E5%A2%93+&oid=1834821 HTTP/1.1" 200 3026
126.24.190.202 - - [26/May/2016:14:24:56 +0800] "GET /content/repository/resource_content.jsp?oid=4467878&queryString=%E5%BA%A6%E9%87%8F%E8%A1%A1 HTTP/1.1" 200 29166
126.24.190.202 - - [26/May/2016:14:24:58 +0800] "GET /content/nav/relationSubject.jsp?relationWords=%E5%BA%A6%E9%87%8F%E8%A1%A1+&oid=4467878 HTTP/1.1" 200 3970
140.127.11.55 - - [26/May/2016:14:26:22 +0800] "GET /content/repository/resource_content.jsp?oid=2151849&queryString=%E5%8E%9A%E6%AE%BC%E6%A1%82%E5%B1%AC%20%E5%9C%9F%E6%A5%A0%20%E6%A4%8D%E7%89%A9%E7%95%8C%20%E6%A8%9F%E7%A7%91 HTTP/1.1" 200 31086
140.127.11.55 - - [26/May/2016:14:26:23 +0800] "GET /content/nav/relationSubject.jsp?relationWords=%E5%8E%9A%E6%AE%BC%E6%A1%82%E5%B1%AC+%E5%9C%9F%E6%A5%A0+%E6%A4%8D%E7%89%A9%E7%95%8C+%E6%A8%9F%E7%A7%91+&oid=2151849 HTTP/1.1" 200 3265
66.249.79.200 - - [26/May/2016:14:28:10 +0800] "GET /content/repository/resource_content.jsp?oid=1894004 HTTP/1.1" 200 28539
66.249.71.64 - - [26/May/2016:14:28:37 +0800] "GET /content/nav/relationSubject.jsp?relationWords=%E5%AE%8B%E8%89%BE%E5%85%8B+%E6%A5%8A%E7%A7%8B%E8%88%88+%E8%B6%99%E8%89%AF%E7%87%95+&oid=1894004 HTTP/1.1" 200 3291
66.249.71.64 - - [26/May/2016:14:28:38 +0800] "GET /content/nav/relationSubject.jsp?relationWords=%E5%AE%8B%E8%89%BE%E5%85%8B%20%E6%A5%8A%E7%A7%8B%E8%88%88%20%E8%B6%99%E8%89%AF%E7%87%95%20&oid=1894004 HTTP/1.1" 200 3291
59.115.137.102 - - [26/May/2016:14:28:46 +0800] "GET /content/nav/relationSubject.jsp?relationWords=&oid=16777459 HTTP/1.1" 200 1405
59.115.137.102 - - [26/May/2016:14:28:52 +0800] "GET /content/subject/resource_content.jsp?oid=16777728 HTTP/1.1" 200 65177
66.249.71.64 - - [26/May/2016:14:30:14 +0800] "GET /content/subject/resource_content.jsp?oid=16797296&queryType=qc HTTP/1.1" 200 54561
66.249.71.60 - - [26/May/2016:14:30:54 +0800] "GET /content/repository/resource_content.jsp?oid=3826230&queryString=%E5%AF%B6%E5%B3%B6%E7%BE%8A%E8%80%B3%E8%92%9C%20%E6%A4%8D%E7%89%A9%E7%95%8C%20%E7%BE%8A%E8%80%B3%20%E7%BE%8A%E8%80%B3%E8%92%9C%20%E7%BE%8A%E8%80%B3%E8%92%9C%E5%B1%AC HTTP/1.1" 200 31177
66.249.79.63 - - [26/May/2016:14:32:18 +0800] "GET /content/tmp_exh/resource_content.jsp?oid=16777816&queryString= HTTP/1.1" 200 28450
66.249.71.105 - - [26/May/2016:14:32:56 +0800] "GET /content/nav/relationSubject.jsp?relationWords=%E5%B7%A1%E7%8B%A9+&oid=16777816 HTTP/1.1" 200 4372
66.249.71.105 - - [26/May/2016:14:32:58 +0800] "GET /content/nav/relationSubject.jsp?relationWords=%E5%B7%A1%E7%8B%A9%20&oid=16777816 HTTP/1.1" 200 4372
114.35.218.151 - - [26/May/2016:14:33:42 +0800] "GET /content/nav/relationSubject.jsp?relationWords=%E8%8B%A6%E8%8B%93+&oid=16777317 HTTP/1.1" 200 3183
66.249.71.72 - - [26/May/2016:14:34:09 +0800] "GET /content/nav/relationSubject.jsp?relationWords=%E5%8F%B0%E7%81%A3%E7%BE%8A%E8%80%B3%E8%92%9C+%E6%A4%8D%E7%89%A9%E7%95%8C+%E7%BE%8A%E8%80%B3%E8%92%9C%E5%B1%AC+%E8%99%8E%E9%A0%AD%E7%9F%B3+&oid=3826230 HTTP/1.1" 200 3389
66.249.71.60 - - [26/May/2016:14:34:12 +0800] "GET /content/nav/relationSubject.jsp?relationWords=%E5%8F%B0%E7%81%A3%E7%BE%8A%E8%80%B3%E8%92%9C%20%E6%A4%8D%E7%89%A9%E7%95%8C%20%E7%BE%8A%E8%80%B3%E8%92%9C%E5%B1%AC%20%E8%99%8E%E9%A0%AD%E7%9F%B3%20&oid=3826230 HTTP/1.1" 200 3389
68.180.229.176 - - [26/May/2016:14:34:14 +0800] "GET /content/subject/resource_content.jsp?oid=16777472&queryType=qc HTTP/1.1" 200 64971
66.249.71.60 - - [26/May/2016:14:34:22 +0800] "GET /content/repository/resource_content.jsp?oid=1584181 HTTP/1.1" 200 29239
203.71.94.31 - - [26/May/2016:14:34:33 +0800] "GET /digiarch_en/content/repository/resource_content.jsp?oid=4354056&queryString=%E9%8A%80%E9%AE%AB%20%E9%95%B7%E9%BC%BB%E9%8A%80%E9%AE%AB%20%E9%BB%91%E7%BF%85%E6%B2%99 HTTP/1.1" 200 28149
203.71.94.31 - - [26/May/2016:14:34:36 +0800] "GET /digiarch_en/content/nav/relationSubject.jsp?relationWords=%E7%9F%AD%E9%BC%BB%E9%8A%80%E9%AE%AB%E7%A7%91+%E9%8A%80%E9%AE%AB+%E9%BB%91%E7%BF%85%E6%B2%99+%E9%BC%A0%E9%AD%9A+&oid=4354056 HTTP/1.1" 200 3491
66.249.71.60 - - [26/May/2016:14:34:37 +0800] "GET /content/nav/relationSubject.jsp?relationWords=%E6%9D%8E%E5%AE%89+%E6%A9%9F%E6%A2%B0+%E7%95%9C%E7%89%A7+%E7%A0%82%E7%B3%96+%E8%87%BA%E7%81%A3%E7%B3%96%E6%A5%AD%E5%85%AC%E5%8F%B8+%E8%94%97%E8%BE%B2+&oid=1584181 HTTP/1.1" 200 4578
66.249.71.60 - - [26/May/2016:14:34:39 +0800] "GET /content/nav/relationSubject.jsp?relationWords=%E6%9D%8E%E5%AE%89%20%E6%A9%9F%E6%A2%B0%20%E7%95%9C%E7%89%A7%20%E7%A0%82%E7%B3%96%20%E8%87%BA%E7%81%A3%E7%B3%96%E6%A5%AD%E5%85%AC%E5%8F%B8%20%E8%94%97%E8%BE%B2%20&oid=1584181 HTTP/1.1" 200 4578
1.170.166.7 - - [26/May/2016:14:34:43 +0800] "GET /content/subject/resource_content.jsp?oid=16797271&queryType=qc HTTP/1.1" 200 55170
1.170.166.7 - - [26/May/2016:14:34:57 +0800] "GET /content/nav/relationSubject.jsp?relationWords=&oid=16797271 HTTP/1.1" 200 1405
114.35.220.183 - - [26/May/2016:14:35:26 +0800] "GET /content/subject/resource_content.jsp?oid=16797281&queryType=qc HTTP/1.1" 200 52953
114.35.220.183 - - [26/May/2016:14:35:30 +0800] "GET /content/nav/relationSubject.jsp?relationWords=%E5%AA%92%E9%AB%94+&oid=16797281 HTTP/1.1" 200 5011
66.249.71.60 - - [26/May/2016:14:36:26 +0800] "GET /content/repository/resource_content.jsp?oid=2150018&queryString=%E5%A4%A7%E6%AD%A6%E6%96%B0%E6%9C%A8%E8%96%91%E5%AD%90%20%E6%96%B0%E6%9C%A8%E8%96%91%E5%AD%90%E5%B1%AC%20%E6%A4%8D%E7%89%A9%E7%95%8C%20%E6%A8%9F%E7%A7%91 HTTP/1.1" 200 31356
36.231.244.98 - - [26/May/2016:14:36:30 +0800] "GET /content/subject/resource_content.jsp?oid=16797271&queryType=qc HTTP/1.1" 200 55170
36.231.244.98 - - [26/May/2016:14:36:30 +0800] "GET /content/nav/relationSubject.jsp?relationWords=&oid=16797271 HTTP/1.1" 200 1405
66.249.71.60 - - [26/May/2016:14:36:33 +0800] "GET /content/nav/relationSubject.jsp?relationWords=%E5%A4%A7%E6%AD%A6%E6%96%B0%E6%9C%A8%E8%96%91%E5%AD%90+%E6%96%B0%E6%9C%A8%E8%96%91%E5%AD%90%E5%B1%AC+%E6%A4%8D%E7%89%A9%E7%95%8C+%E6%A8%9F%E7%A7%91+&oid=2150018 HTTP/1.1" 200 3286
66.249.71.60 - - [26/May/2016:14:36:35 +0800] "GET /content/nav/relationSubject.jsp?relationWords=%E5%A4%A7%E6%AD%A6%E6%96%B0%E6%9C%A8%E8%96%91%E5%AD%90%20%E6%96%B0%E6%9C%A8%E8%96%91%E5%AD%90%E5%B1%AC%20%E6%A4%8D%E7%89%A9%E7%95%8C%20%E6%A8%9F%E7%A7%91%20&oid=2150018 HTTP/1.1" 200 3286
68.180.228.229 - - [26/May/2016:14:37:00 +0800] "GET /content/tmp_exh/resource_content.jsp?oid=16777712&queryType=qc HTTP/1.1" 200 32367
60.251.144.133 - - [26/May/2016:14:37:19 +0800] "GET /digiarch3/content/subject/resource_content.jsp?oid=16777387&queryType=qc HTTP/1.1" 200 34445
60.251.144.133 - - [26/May/2016:14:37:21 +0800] "GET /digiarch3/content/nav/relationSubject.jsp?relationWords=%E5%B9%B3%E9%B0%AD%E9%B0%8D%E7%A7%91+%E6%B2%88%E6%B0%8F+%E7%88%AC%E5%B2%A9%E9%B0%8D+%E7%9F%B3%E8%B2%BC%E4%BB%94+&oid=16777387 HTTP/1.1" 200 4037
