66.249.74.98 - - [14/Mar/2016:04:36:00 +0800] "GET /content/nav/relationSubject.jsp?relationWords=%E4%B8%94%E8%BE%9B+%E7%88%B6%E5%BA%9A+%E8%88%8A%E8%97%8F+%E9%A1%8C%E8%A8%98+&oid=3040881 HTTP/1.1" 200 4914
66.249.74.98 - - [14/Mar/2016:04:36:02 +0800] "GET /content/nav/relationSubject.jsp?relationWords=%E4%B8%94%E8%BE%9B%20%E7%88%B6%E5%BA%9A%20%E8%88%8A%E8%97%8F%20%E9%A1%8C%E8%A8%98%20&oid=3040881 HTTP/1.1" 200 4914
66.249.71.5 - - [14/Mar/2016:04:36:07 +0800] "GET /digiarch3/content/repository/resource_content.jsp?oid=15713&queryString=%E6%B5%B7%E9%BE%8D%20%E7%A6%AE%E9%83%A8%20%E9%BE%8D%E7%A5%9E HTTP/1.1" 200 35901
66.249.71.60 - - [14/Mar/2016:04:36:17 +0800] "GET /content/exhibit/exhibit.jsp?oid=16777430 HTTP/1.1" 200 26268
66.249.74.98 - - [14/Mar/2016:04:36:23 +0800] "GET /content/nav/relationSubject.jsp?relationWords=%E9%96%8B%E4%B8%AD+&oid=16777671 HTTP/1.1" 200 5428
66.249.71.60 - - [14/Mar/2016:04:36:28 +0800] "GET /content/repository/resource_content.jsp?oid=17884 HTTP/1.1" 200 29864
66.249.71.60 - - [14/Mar/2016:04:36:35 +0800] "GET /content/nav/relationSubject.jsp?relationWords=%E4%BA%A4%E9%80%9A%E5%AE%89%E5%85%A8+%E5%A5%A2%E9%9D%A1+%E8%99%95%E9%95%B7+%E8%AD%A6%E5%8B%99%E8%99%95+%E8%AD%A6%E5%AF%9F%E6%95%99%E8%82%B2+&oid=1628761 HTTP/1.1" 200 5437
66.249.71.60 - - [14/Mar/2016:04:36:37 +0800] "GET /content/nav/relationSubject.jsp?relationWords=%E4%BA%A4%E9%80%9A%E5%AE%89%E5%85%A8%20%E5%A5%A2%E9%9D%A1%20%E8%99%95%E9%95%B7%20%E8%AD%A6%E5%8B%99%E8%99%95%20%E8%AD%A6%E5%AF%9F%E6%95%99%E8%82%B2%20&oid=1628761 HTTP/1.1" 200 5437
66.249.71.60 - - [14/Mar/2016:04:36:49 +0800] "GET /content/pictures/picture_content.jsp?oid=33554736 HTTP/1.1" 200 27558
66.249.79.24 - - [14/Mar/2016:04:36:58 +0800] "GET /content/nav/relationSubject.jsp?relationWords=%E5%A4%9A%E7%92%B0%E8%9D%AE%E9%AF%99%20%E6%B5%B7%E9%B1%94%20%E8%96%AF%E9%B0%BB%20%E8%99%8E%E9%B0%BB%20%E8%9D%AE%E9%AF%99%20%E9%8C%A2%E9%B0%BB%20&oid=14233 HTTP/1.1" 200 3519
66.249.71.60 - - [14/Mar/2016:04:37:00 +0800] "GET /content/repository/resource_content.jsp?oid=3205450&queryString=%E5%8F%A4%E7%B1%8D%20%E7%B4%A0%E5%95%8F%20%E8%81%AF%E5%90%88%E7%9B%AE%E9%8C%84%20%E9%86%AB%E7%99%82%E5%8F%B2%20%E9%87%8D%E5%BB%A3%20%E9%BB%83%E5%B8%9D%E5%85%A7%E7%B6%93%20%E9%BB%83%E5%B8%9D%E5%85%A7%E7%B6%93%E7%B4%A0%E5%95%8F HTTP/1.1" 200 29986
66.249.74.98 - - [14/Mar/2016:04:37:21 +0800] "GET /content/subject/resource_content.jsp?oid=16777462&queryString=%E5%8C%96%E5%A6%9D%E5%93%81%20%E5%A4%9A%E6%A8%A3%E6%80%A7%20%E5%B0%8F%E5%90%83 HTTP/1.1" 200 55059
66.249.74.98 - - [14/Mar/2016:04:37:42 +0800] "GET /content/subject/resource_content.jsp?oid=16777386&queryString=%E5%8F%B0%E6%9D%B1%E8%98%87%E9%90%B5%20%E6%B4%BB%E5%8C%96%E7%9F%B3 HTTP/1.1" 200 38789
66.249.74.72 - - [14/Mar/2016:04:38:04 +0800] "GET /content/repository/resource_content.jsp?oid=4203218&queryType=qs&queryString=%E7%9F%B3%E9%91%BF HTTP/1.1" 200 29739
66.249.71.60 - - [14/Mar/2016:04:38:13 +0800] "GET /content/repository/resource_content.jsp?oid=2680262&queryString=%E4%BA%BA%E5%90%8D%E6%AC%8A%E5%A8%81%20%E4%BF%84%E4%BD%BF%20%E5%96%80%E6%8B%89%E7%BD%95%20%E5%A4%96%E4%BA%A4%E9%83%A8%20%E5%A4%A7%E4%BD%BF%20%E8%98%87%E8%81%AF HTTP/1.1" 200 30589
66.249.71.60 - - [14/Mar/2016:04:38:19 +0800] "GET /content/tmp_tec/resource_content.jsp?oid=16777685 HTTP/1.1" 200 31620
66.249.74.98 - - [14/Mar/2016:04:38:24 +0800] "GET /content/repository/resource_content.jsp?oid=1834277&queryString=%E7%86%92%E9%99%BD HTTP/1.1" 200 29525
66.249.71.60 - - [14/Mar/2016:04:38:34 +0800] "GET /content/repository/resource_content.jsp?oid=1612967 HTTP/1.1" 200 29119
66.249.71.113 - - [14/Mar/2016:04:38:35 +0800] "GET /content/nav/relationSubject.jsp?relationWords=%E4%BA%A4%E9%80%9A%E8%99%95+%E7%94%A2%E6%A5%AD%E6%A1%88+%E7%A7%80%E5%A7%91%E5%B7%92%E6%BA%AA+&oid=1552571 HTTP/1.1" 200 5362
66.249.71.105 - - [14/Mar/2016:04:38:37 +0800] "GET /content/nav/relationSubject.jsp?relationWords=%E4%BA%A4%E9%80%9A%E8%99%95%20%E7%94%A2%E6%A5%AD%E6%A1%88%20%E7%A7%80%E5%A7%91%E5%B7%92%E6%BA%AA%20&oid=1552571 HTTP/1.1" 200 5362
220.181.108.140 - - [14/Mar/2016:04:38:45 +0800] "GET /content/pictures/picture_content.jsp?oid=33554740 HTTP/1.1" 200 27212
66.249.71.105 - - [14/Mar/2016:04:38:55 +0800] "GET /content/repository/resource_content.jsp?oid=14239&queryType=qs&queryString=%E6%B5%B7%E9%B1%94 HTTP/1.1" 200 34087
66.249.71.60 - - [14/Mar/2016:04:39:06 +0800] "GET /content/repository/resource_content.jsp?oid=1546116&queryString=%E5%8F%83%E8%AD%B0%E6%9C%83%20%E6%9C%83%E8%AD%B0%E7%B4%80%E9%8C%84%20%E8%94%A3%E7%B8%BD%E7%B5%B1%20%E9%99%B3%E8%AA%A0 HTTP/1.1" 200 30053
66.249.71.60 - - [14/Mar/2016:04:39:16 +0800] "GET /content/repository/resource_content.jsp?oid=1605323 HTTP/1.1" 200 32222
66.249.71.173 - - [14/Mar/2016:04:39:27 +0800] "GET /content/subject/resource_content.jsp?oid=16777373&queryString=%E5%A4%9A%E5%AA%92%E9%AB%94%20%E5%BD%B1%E5%83%8F%E4%BF%AE%E8%A3%9C%20%E6%95%B8%E4%BD%8D%E5%85%B8%E8%97%8F%20%E6%95%B8%E4%BD%8D%E5%85%B8%E8%97%8F%E6%8A%80%E8%A1%93%20%E8%A6%96%E8%A8%8A HTTP/1.1" 200 27604
66.249.74.61 - - [14/Mar/2016:04:39:44 +0800] "GET /content/nav/relationSubject.jsp?relationWords=%E5%8F%B2%E6%B0%8F%E9%B8%9A%E5%93%A5%E9%AD%9A+%E8%A0%94%E9%AD%9A+%E8%A8%B1%E6%B0%8F+%E9%9D%92%E8%A1%AB+%E9%B8%9A%E5%93%A5+%E9%B8%9A%E5%93%A5%E9%AD%9A+%E9%B8%9A%E5%98%B4%E9%AD%9A+&oid=4353414 HTTP/1.1" 200 3670
66.249.71.105 - - [14/Mar/2016:04:39:45 +0800] "GET /content/nav/relationSubject.jsp?relationWords=%E5%8F%B2%E6%B0%8F%E9%B8%9A%E5%93%A5%E9%AD%9A%20%E8%A0%94%E9%AD%9A%20%E8%A8%B1%E6%B0%8F%20%E9%9D%92%E8%A1%AB%20%E9%B8%9A%E5%93%A5%20%E9%B8%9A%E5%93%A5%E9%AD%9A%20%E9%B8%9A%E5%98%B4%E9%AD%9A%20&oid=4353414 HTTP/1.1" 200 3670
66.249.77.97 - - [14/Mar/2016:04:39:48 +0800] "GET /content/subject/resource_content.jsp?oid=16777514&queryType=qs&queryString=%E6%B0%91%E6%97%8F%E4%B8%BB%E7%BE%A9 HTTP/1.1" 200 42857
66.249.74.98 - - [14/Mar/2016:04:39:59 +0800] "GET /content/repository/resource_content.jsp?oid=1517798 HTTP/1.1" 200 28944
66.249.71.60 - - [14/Mar/2016:04:40:09 +0800] "GET /content/tmp_exh/resource_content.jsp?oid=16777802&queryString= HTTP/1.1" 200 28937
66.249.74.98 - - [14/Mar/2016:04:40:20 +0800] "GET /content/subject/resource_content.jsp?oid=16777719&queryType=qs&queryString=%E6%95%B8%E4%BD%8D%E8%B3%87%E6%BA%90 HTTP/1.1" 200 40485
66.249.74.98 - - [14/Mar/2016:04:40:30 +0800] "GET /content/repository/resource_content.jsp?oid=2548112 HTTP/1.1" 200 29718
66.249.77.97 - - [14/Mar/2016:04:40:39 +0800] "GET /content/repository/resource_content.jsp?oid=3818148&queryString=%E5%B1%B1%E6%AB%BB%E6%A1%83%20%E5%B1%B1%E6%AB%BB%E8%8A%B1%20%E6%A2%85%E5%B1%AC%20%E6%A4%8D%E7%89%A9%E7%95%8C%20%E6%AB%BB%E6%A1%83%20%E7%B7%8B%E6%AB%BB%20%E8%96%94%E8%96%87%E7%9B%AE%20%E8%96%94%E8%96%87%E7%A7%91 HTTP/1.1" 200 31426
66.249.71.60 - - [14/Mar/2016:04:40:41 +0800] "GET /content/repository/resource_content.jsp?oid=1568313 HTTP/1.1" 200 28825
66.249.74.98 - - [14/Mar/2016:04:41:02 +0800] "GET /content/repository/resource_content.jsp?oid=2546018 HTTP/1.1" 200 29062
66.249.74.98 - - [14/Mar/2016:04:41:12 +0800] "GET /digiarch_en/content/repository/resource_content.jsp?oid=1107321&queryString=%E9%9D%92%E6%A5%93 HTTP/1.1" 200 23697
66.249.71.60 - - [14/Mar/2016:04:41:23 +0800] "GET /content/subject/resource_content.jsp?oid=16777640&queryType=qs&queryString=%E6%96%87%E5%8C%96%E5%8D%94%E6%9C%83 HTTP/1.1" 200 61908
66.249.74.61 - - [14/Mar/2016:04:41:44 +0800] "GET /content/repository/resource_content.jsp?oid=4352875&queryType=qs&queryString=%E6%B9%AF%E9%AF%89 HTTP/1.1" 200 34453
66.249.71.105 - - [14/Mar/2016:04:41:54 +0800] "GET /content/repository/resource_content.jsp?oid=4467832&queryType=qs&queryString=%E5%AE%AE%E6%9C%AC HTTP/1.1" 200 30111
66.249.74.98 - - [14/Mar/2016:04:42:06 +0800] "GET /content/repository/resource_content.jsp?oid=1593450 HTTP/1.1" 200 28878
66.249.71.60 - - [14/Mar/2016:04:42:15 +0800] "GET /content/repository/resource_content.jsp?oid=1518004 HTTP/1.1" 200 28660
66.249.71.155 - - [14/Mar/2016:04:42:27 +0800] "GET /content/repository/resource_content.jsp?oid=15450&queryType=qs&queryString=%E5%8F%AB%E5%A7%91%E9%AD%9A HTTP/1.1" 200 36047
66.249.71.60 - - [14/Mar/2016:04:42:57 +0800] "GET /content/repository/resource_content.jsp?oid=1774174 HTTP/1.1" 200 30430
66.249.71.5 - - [14/Mar/2016:04:43:08 +0800] "GET /digiarch3/content/repository/resource_content.jsp?oid=1598118&queryType=qs&queryString=%E6%9E%97%E9%8E%AE%E5%B1%B1 HTTP/1.1" 200 28985
66.249.71.5 - - [14/Mar/2016:04:43:19 +0800] "GET /digiarch3/content/repository/resource_content.jsp?oid=1780846&queryType=qs&queryString=%E7%B6%81%E8%A4%B2 HTTP/1.1" 200 29516
66.249.71.60 - - [14/Mar/2016:04:43:29 +0800] "GET /content/repository/resource_content.jsp?oid=1124667&queryString=%E6%BC%81%E8%88%9F%E8%9C%91%E8%9E%BA%20%E7%95%9A%E7%AE%95%E8%9E%BA%20%E8%85%B9%E8%B6%B3%E7%B6%B1%20%E8%9C%91%E8%9E%BA%20%E9%8C%A6%E8%9C%92%E8%9E%BA HTTP/1.1" 200 39180
66.249.74.72 - - [14/Mar/2016:04:43:40 +0800] "GET /digiarch3/content/repository/resource_content.jsp?oid=4362867&queryType=qs&queryString=%E6%B0%B4%E4%BB%99%E5%B0%8A%E7%8E%8B HTTP/1.1" 200 30003
66.249.74.98 - - [14/Mar/2016:04:43:51 +0800] "GET /content/repository/resource_content.jsp?oid=1123728 HTTP/1.1" 200 30128
66.249.71.105 - - [14/Mar/2016:04:43:57 +0800] "GET /content/nav/relationSubject.jsp?relationWords=%E6%98%8E%E4%BF%A1%E7%89%87+%E6%9D%9C%E9%A6%99%E5%9C%8B+%E6%AB%9B%E9%83%A8+%E8%A3%81%E5%88%A4+&oid=1887629 HTTP/1.1" 200 3227
66.249.71.105 - - [14/Mar/2016:04:43:58 +0800] "GET /content/nav/relationSubject.jsp?relationWords=%E6%98%8E%E4%BF%A1%E7%89%87%20%E6%9D%9C%E9%A6%99%E5%9C%8B%20%E6%AB%9B%E9%83%A8%20%E8%A3%81%E5%88%A4%20&oid=1887629 HTTP/1.1" 200 3227
66.249.71.5 - - [14/Mar/2016:04:44:01 +0800] "GET /digiarch3/content/repository/resource_content.jsp?oid=16283&queryType=qs&queryString=%E5%88%BA%E5%B0%BE%E9%AF%9B HTTP/1.1" 200 35025
66.249.71.5 - - [14/Mar/2016:04:44:22 +0800] "GET /digiarch3/content/repository/resource_content.jsp?oid=1449880&queryString=%E7%9F%AD%E5%96%99%E9%BC%BB%E9%AD%9A HTTP/1.1" 200 30308
66.249.79.27 - - [14/Mar/2016:04:44:33 +0800] "GET /content/subject/resource_content.jsp?oid=16777783&queryType=qc HTTP/1.1" 200 58243
66.249.74.98 - - [14/Mar/2016:04:44:44 +0800] "GET /content/repository/resource_content.jsp?oid=2145924 HTTP/1.1" 200 31369
66.249.71.60 - - [14/Mar/2016:04:44:53 +0800] "GET /content/repository/resource_content.jsp?oid=4352525&queryString=%E6%B2%B9%E7%94%98%20%E8%91%89%E4%B8%8B%E7%8F%A0%E5%B1%AC HTTP/1.1" 200 34694
220.181.108.150 - - [14/Mar/2016:04:45:02 +0800] "GET /content/subject/resource_content.jsp?oid=16777486&queryType=qc HTTP/1.1" 200 42090
66.249.74.72 - - [14/Mar/2016:04:45:05 +0800] "GET /digiarch3/content/repository/resource_content.jsp?oid=14753&queryType=qs&queryString=%E6%9D%BE%E6%AF%AC HTTP/1.1" 200 36077
66.249.71.5 - - [14/Mar/2016:04:45:15 +0800] "GET /digiarch3/content/repository/resource_content.jsp?oid=4482319&queryType=qs&queryString=%E6%AA%B3%E6%A6%94%E6%A8%B9 HTTP/1.1" 200 28452
66.249.77.91 - - [14/Mar/2016:04:45:25 +0800] "GET /content/repository/resource_content.jsp?oid=1515929&queryType=qs&queryString=%E5%8F%B0%E5%A4%A7%E9%86%AB%E9%99%A2 HTTP/1.1" 200 28971
66.249.74.98 - - [14/Mar/2016:04:45:36 +0800] "GET /content/repository/resource_content.jsp?oid=1530790 HTTP/1.1" 200 28878
66.249.79.24 - - [14/Mar/2016:04:45:47 +0800] "GET /content/repository/resource_content.jsp?oid=3826091&queryString=%E5%A2%A8%E9%BB%9E%E6%AB%BB%E6%A1%83%20%E6%A2%85%E5%B1%AC%20%E6%A4%8D%E7%89%A9%E7%95%8C%20%E8%96%94%E8%96%87%E7%9B%AE%20%E8%96%94%E8%96%87%E7%A7%91%20%E9%BB%91%E6%98%9F%E6%AB%BB HTTP/1.1" 200 31683
66.249.71.5 - - [14/Mar/2016:04:45:57 +0800] "GET /digiarch3/content/subject/resource_content.jsp?oid=16777842&queryType=qs&queryString=%E6%96%87%E5%8C%96%E8%97%9D%E8%A1%93 HTTP/1.1" 200 36334
66.249.71.121 - - [14/Mar/2016:04:46:04 +0800] "GET /content/nav/relationSubject.jsp?relationWords=%E4%B8%BB%E8%A8%88%E8%99%95+%E4%BA%BA%E4%BA%8B%E8%99%95+%E4%BA%BA%E5%B7%A5%E7%94%98%E5%91%B3%E5%8A%91+%E5%85%A7%E6%94%BF%E9%83%A8+%E5%85%A7%E9%8A%B7+%E5%85%AC%E5%8B%99%E5%93%A1+%E5%8F%AF%E5%8F%A3%E5%8F%AF%E6%A8%82+%E5%95%A4%E9%85%92+%E5%B9%B4%E7%B5%82%E8%80%83%E7%B8%BE+%E5%BC%B5%E5%AF%8C+%E6%81%86%E9%9A%86+%E6%94%A4%E8%B2%A9+%E6%9E%97%E4%BA%AE%E9%9B%B2+%E6%AE%98%E5%BB%A2+%E6%B0%91%E6%84%8F%E6%A9%9F%E9%97%9C+%E6%B0%91%E6%94%BF%E5%BB%B3+%E6%B2%99%E5%85%8B+%E7%9B%AE%E6%A8%99+%E7%9C%81%E6%94%BF%E5%BA%9C+%E7%B8%A3%E6%94%BF%E5%BA%9C+%E8%87%BA%E7%B3%96+%E8%99%95%E9%95%B7+%E8%9C%9C%E9%A4%9E+%E8%A1%9B%E7%94%9F%E8%99%95+%E8%B2%A1%E6%94%BF+%E8%B2%A1%E6%94%BF%E5%BB%B3+%E8%B3%AA%E8%A9%A2+%E9%80%80%E4%BC%91%E5%88%B6%E5%BA%A6+%E9%A3%9F%E5%93%81%E8%A1%9B%E7%94%9F+&oid=1574257 HTTP/1.1" 200 5767
66.249.71.60 - - [14/Mar/2016:04:46:08 +0800] "GET /content/subject/resource_content.jsp?oid=16777734&queryType=qs&queryString=%E9%BB%91%E6%B4%9E%E7%90%86%E8%AB%96 HTTP/1.1" 200 40277
66.249.74.59 - - [14/Mar/2016:04:46:09 +0800] "GET /content/nav/relationSubject.jsp?relationWords=%E4%B8%BB%E8%A8%88%E8%99%95%20%E4%BA%BA%E4%BA%8B%E8%99%95%20%E4%BA%BA%E5%B7%A5%E7%94%98%E5%91%B3%E5%8A%91%20%E5%85%A7%E6%94%BF%E9%83%A8%20%E5%85%A7%E9%8A%B7%20%E5%85%AC%E5%8B%99%E5%93%A1%20%E5%8F%AF%E5%8F%A3%E5%8F%AF%E6%A8%82%20%E5%95%A4%E9%85%92%20%E5%B9%B4%E7%B5%82%E8%80%83%E7%B8%BE%20%E5%BC%B5%E5%AF%8C%20%E6%81%86%E9%9A%86%20%E6%94%A4%E8%B2%A9%20%E6%9E%97%E4%BA%AE%E9%9B%B2%20%E6%AE%98%E5%BB%A2%20%E6%B0%91%E6%84%8F%E6%A9%9F%E9%97%9C%20%E6%B0%91%E6%94%BF%E5%BB%B3%20%E6%B2%99%E5%85%8B%20%E7%9B%AE%E6%A8%99%20%E7%9C%81%E6%94%BF%E5%BA%9C%20%E7%B8%A3%E6%94%BF%E5%BA%9C%20%E8%87%BA%E7%B3%96%20%E8%99%95%E9%95%B7%20%E8%9C%9C%E9%A4%9E%20%E8%A1%9B%E7%94%9F%E8%99%95%20%E8%B2%A1%E6%94%BF%20%E8%B2%A1%E6%94%BF%E5%BB%B3%20%E8%B3%AA%E8%A9%A2%20%E9%80%80%E4%BC%91%E5%88%B6%E5%BA%A6%20%E9%A3%9F%E5%93%81%E8%A1%9B%E7%94%9F%20&oid=1574257 HTTP/1.1" 200 5767
66.249.71.60 - - [14/Mar/2016:04:46:29 +0800] "GET /content/repository/resource_content.jsp?oid=2687399&queryString=%E6%BC%AB%E5%8F%A3%20%E9%99%BD%E6%AD%A6 HTTP/1.1" 200 30438
66.249.71.105 - - [14/Mar/2016:04:46:39 +0800] "GET /content/repository/resource_content.jsp?oid=1542798&queryType=qs&queryString=%E5%A4%A7%E6%AD%A6%E9%84%89 HTTP/1.1" 200 29002
40.77.167.71 - - [14/Mar/2016:04:46:46 +0800] "GET /content/repository/resource_content.jsp?oid=14408&queryString=%E4%BD%95%E6%B0%8F%E6%A3%98%20%E9%AF%89%E7%A7%91 HTTP/1.1" 200 34999
66.249.71.60 - - [14/Mar/2016:04:46:50 +0800] "GET /content/repository/resource_content.jsp?oid=2149794&queryString=%E5%A4%A7%E9%87%8E%E7%89%A1%E4%B8%B9%20%E5%A4%A7%E9%87%8E%E7%89%A1%E4%B8%B9%E5%B1%AC%20%E6%A1%83%E9%87%91%E5%AD%83%20%E6%A4%8D%E7%89%A9%E7%95%8C%20%E9%87%8E%E7%89%A1%E4%B8%B9%E7%A7%91 HTTP/1.1" 200 31828
66.249.71.60 - - [14/Mar/2016:04:46:58 +0800] "GET /content/nav/relationSubject.jsp?relationWords=%E5%89%AA%E5%88%80%E8%82%A1+%E6%A4%8D%E7%89%A9%E7%95%8C+%E7%B4%B0%E8%91%89+%E7%B4%B0%E8%91%89%E5%89%AA%E5%88%80%E8%82%A1+%E8%8B%A6%E8%97%9A%E8%8F%9C+%E8%8B%A6%E8%97%9A%E8%8F%9C%E5%B1%AC+%E8%8F%8A%E7%A7%91+%E9%9B%99%E5%AD%90%E8%91%89+%E9%9B%99%E5%AD%90%E8%91%89%E6%A4%8D%E7%89%A9+&oid=3814937 HTTP/1.1" 200 3638
66.249.77.85 - - [14/Mar/2016:04:47:00 +0800] "GET /content/subject/resource_content.jsp?oid=16777472&queryString=%E5%A4%9A%E6%A8%A3%E6%80%A7%20%E6%96%87%E5%8C%96%E4%B8%AD%E5%BF%83%20%E7%94%9F%E7%89%A9%E5%A4%9A%E6%A8%A3%E6%80%A7 HTTP/1.1" 200 65026
66.249.71.60 - - [14/Mar/2016:04:47:01 +0800] "GET /content/nav/relationSubject.jsp?relationWords=%E5%89%AA%E5%88%80%E8%82%A1%20%E6%A4%8D%E7%89%A9%E7%95%8C%20%E7%B4%B0%E8%91%89%20%E7%B4%B0%E8%91%89%E5%89%AA%E5%88%80%E8%82%A1%20%E8%8B%A6%E8%97%9A%E8%8F%9C%20%E8%8B%A6%E8%97%9A%E8%8F%9C%E5%B1%AC%20%E8%8F%8A%E7%A7%91%20%E9%9B%99%E5%AD%90%E8%91%89%20%E9%9B%99%E5%AD%90%E8%91%89%E6%A4%8D%E7%89%A9%20&oid=3814937 HTTP/1.1" 200 3638
66.249.77.85 - - [14/Mar/2016:04:47:10 +0800] "GET /content/repository/resource_content.jsp?oid=1542114&queryString=%E7%B4%80%E5%BF%B5%E9%A4%A8%20%E8%83%A1%E9%81%A9%20%E9%81%A9%E4%B9%8B HTTP/1.1" 200 29224
66.249.71.5 - - [14/Mar/2016:04:47:21 +0800] "GET /digiarch3/content/repository/resource_content.jsp?oid=15495&queryString=%E8%9D%B4%E8%9D%B6%E9%AD%9A%20%E8%9D%B4%E8%9D%B6%E9%AD%9A%E7%A7%91%20%E9%8A%80%E6%96%91%20%E9%8A%80%E6%96%91%E8%9D%B6%E9%AD%9A HTTP/1.1" 200 34751
66.249.71.60 - - [14/Mar/2016:04:47:31 +0800] "GET /content/repository/resource_content.jsp?oid=2678525&queryString=%E5%8D%97%E9%99%BD%E7%B8%A3%20%E8%8D%89%E5%BA%97%E7%95%AB%E8%B1%A1 HTTP/1.1" 200 30644
66.249.71.60 - - [14/Mar/2016:04:47:40 +0800] "GET /content/repository/resource_content.jsp?oid=1110643 HTTP/1.1" 200 29587
66.249.71.60 - - [14/Mar/2016:04:47:42 +0800] "GET /digiarch_en/content/repository/resource_content.jsp?oid=2470699&queryString=%E6%9E%97%E7%8D%BB%E5%A0%82%20%E6%A5%8A%E9%9B%B2%E8%90%8D%20%E9%9C%A7%E5%B3%B0%E6%9E%97%E5%AE%B6 HTTP/1.1" 200 24067
66.249.77.85 - - [14/Mar/2016:04:47:52 +0800] "GET /content/repository/resource_content.jsp?oid=2151808&queryString=%E6%9C%A8%E6%A7%BF%20%E6%9C%A8%E6%A7%BF%E5%B1%AC%20%E6%A4%8D%E7%89%A9%E7%95%8C%20%E9%8C%A6%E8%91%B5%20%E9%8C%A6%E8%91%B5%E7%A7%91 HTTP/1.1" 200 31154
66.249.74.98 - - [14/Mar/2016:04:47:57 +0800] "GET /content/nav/relationSubject.jsp?relationWords=%E9%8A%85%E9%8C%A2+&oid=1843478 HTTP/1.1" 200 3767
66.249.71.60 - - [14/Mar/2016:04:47:59 +0800] "GET /content/nav/relationSubject.jsp?relationWords=%E9%8A%85%E9%8C%A2%20&oid=1843478 HTTP/1.1" 200 3767
66.249.74.98 - - [14/Mar/2016:04:48:03 +0800] "GET /digiarch_en/content/repository/resource_content.jsp?oid=1591895&queryString=%E5%A4%9A%E6%A8%A3%E6%80%A7%20%E6%96%87%E5%8C%96%E4%B8%AD%E5%BF%83%20%E6%B5%B7%E9%AE%AE%20%E7%94%9F%E7%89%A9%E5%A4%9A%E6%A8%A3%E6%80%A7 HTTP/1.1" 200 36831
66.249.79.200 - - [14/Mar/2016:04:48:25 +0800] "GET /content/subject/resource_content.jsp?oid=16777776&queryType=qc HTTP/1.1" 200 61605
66.249.74.72 - - [14/Mar/2016:04:48:44 +0800] "GET /digiarch3/content/nav/relationSubject.jsp?relationWords=%E5%A4%BE%E7%AB%B9%E6%A1%83%E7%A7%91+%E6%A4%8D%E7%89%A9%E7%95%8C+%E8%98%AD%E5%B6%BC%E9%A6%AC%E8%B9%84%E8%8A%B1+%E9%A6%AC%E8%B9%84%E8%8A%B1%E5%B1%AC+%E9%BE%8D%E8%86%BD+&oid=3815399 HTTP/1.1" 200 3607
66.249.71.113 - - [14/Mar/2016:04:48:46 +0800] "GET /content/repository/resource_content.jsp?oid=2685038&queryType=qs&queryString=%E9%95%B7%E5%A0%A4 HTTP/1.1" 200 30226
66.249.77.85 - - [14/Mar/2016:04:48:56 +0800] "GET /content/repository/resource_content.jsp?oid=1896305&queryType=qs&queryString=%E8%87%BA%E7%81%A3%E5%9C%B0%E5%8D%80 HTTP/1.1" 200 29386
66.249.71.60 - - [14/Mar/2016:04:49:06 +0800] "GET /digiarch_en/content/repository/resource_content.jsp?oid=2687767&queryString=%E6%BC%94%E8%AE%8A%20%E7%A6%AE%E6%9C%8D HTTP/1.1" 200 23793
66.249.74.98 - - [14/Mar/2016:04:49:17 +0800] "GET /content/repository/resource_content.jsp?oid=667859&queryString=%E7%B4%8B%E9%8A%80 HTTP/1.1" 200 29098
66.249.77.85 - - [14/Mar/2016:04:49:27 +0800] "GET /content/repository/resource_content.jsp?oid=1111493&queryString=%E6%9D%BE%E5%B1%AC%20%E6%9D%BE%E6%9D%89%20%E6%9D%BE%E7%A7%91%20%E6%A4%8D%E7%89%A9%E7%95%8C%20%E6%AF%AC%E6%9E%9C%20%E7%BE%85%E6%BC%A2%E6%9D%BE%20%E7%BE%85%E6%BC%A2%E6%9D%BE%E5%B1%AC%20%E8%98%AD%E5%B6%BC%E7%BE%85%E6%BC%A2%E6%9D%BE HTTP/1.1" 200 31433
207.46.13.25 - - [14/Mar/2016:04:49:34 +0800] "GET /content/nav/relationSubject.jsp?relationWords=&oid=16777655 HTTP/1.1" 200 1405
66.249.71.60 - - [14/Mar/2016:04:49:38 +0800] "GET /digiarch_en/content/repository/resource_content.jsp?oid=279221&queryString=%E6%96%87%E7%89%A9%E9%99%B3%E5%88%97%E9%A4%A8%20%E6%BC%A2%E4%BB%A3%20%E6%BC%A2%E7%B0%A1%20%E7%AF%86%E6%9B%B8%20%E8%8D%89%E6%9B%B8%20%E9%9A%B8%E6%9B%B8 HTTP/1.1" 200 24708
66.249.71.60 - - [14/Mar/2016:04:49:42 +0800] "GET /content/nav/relationSubject.jsp?relationWords=%E4%B8%89%E6%98%9F%E9%84%89+%E5%A2%9E%E7%94%A2%E6%A1%88+%E5%BA%9C%E5%BB%BA%E6%B0%B4+%E6%B0%B4%E5%AD%97+&oid=1538962 HTTP/1.1" 200 3354
66.249.71.60 - - [14/Mar/2016:04:49:48 +0800] "GET /digiarch_en/content/repository/resource_content.jsp?oid=14232&queryString=%E5%8F%B0%E7%81%A3%E9%AC%8D%E9%AF%99%20%E8%96%AF%E9%B0%BB%20%E8%99%8E%E9%B0%BB%20%E9%8C%A2%E9%B0%BB HTTP/1.1" 200 26480
66.249.71.60 - - [14/Mar/2016:04:49:49 +0800] "GET /content/nav/relationSubject.jsp?relationWords=%E4%B8%89%E6%98%9F%E9%84%89%20%E5%A2%9E%E7%94%A2%E6%A1%88%20%E5%BA%9C%E5%BB%BA%E6%B0%B4%20%E6%B0%B4%E5%AD%97%20&oid=1538962 HTTP/1.1" 200 3354
66.249.71.60 - - [14/Mar/2016:04:50:00 +0800] "GET /digiarch_en/content/subject/resource_content.jsp?oid=16777706&queryString= HTTP/1.1" 200 50939
66.249.71.60 - - [14/Mar/2016:04:50:20 +0800] "GET /content/repository/resource_content.jsp?oid=1892947 HTTP/1.1" 200 28470
66.249.71.60 - - [14/Mar/2016:04:50:21 +0800] "GET /content/nav/relationSubject.jsp?relationWords=%E6%A0%A1%E6%AC%91+%E6%A4%86%E5%B1%AC+%E6%A4%8D%E7%89%A9%E7%95%8C+%E6%AE%BC%E6%96%97%E7%A7%91+%E9%90%B5%E6%A4%86+%E9%9D%92%E5%89%9B%E6%AB%9F+&oid=2152116 HTTP/1.1" 200 4562
66.249.74.98 - - [14/Mar/2016:04:50:27 +0800] "GET /content/nav/relationSubject.jsp?relationWords=%E6%A0%A1%E6%AC%91%20%E6%A4%86%E5%B1%AC%20%E6%A4%8D%E7%89%A9%E7%95%8C%20%E6%AE%BC%E6%96%97%E7%A7%91%20%E9%90%B5%E6%A4%86%20%E9%9D%92%E5%89%9B%E6%AB%9F%20&oid=2152116 HTTP/1.1" 200 4562
66.249.71.60 - - [14/Mar/2016:04:50:41 +0800] "GET /digiarch_en/content/subject/resource_content.jsp?oid=16777503&queryString=%E8%8C%84%E8%8B%B3 HTTP/1.1" 200 35919
66.249.71.60 - - [14/Mar/2016:04:50:51 +0800] "GET /content/repository/resource_content.jsp?oid=1640449&queryString=%E8%BE%AD%E5%85%B8 HTTP/1.1" 200 29526
66.249.77.85 - - [14/Mar/2016:04:51:02 +0800] "GET /content/repository/resource_content.jsp?oid=4352600&queryString=%E5%90%89%E5%88%A9%E5%90%B3%E9%83%AD%E9%AD%9A%20%E5%90%89%E5%88%A9%E6%85%88%E9%AF%9B%20%E6%85%88%E9%AF%9B%E7%A7%91%20%E9%BD%8A%E6%B0%8F%E9%9D%9E%E9%AF%BD HTTP/1.1" 200 36302
66.249.77.91 - - [14/Mar/2016:04:51:13 +0800] "GET /content/repository/resource_content.jsp?oid=2679063&queryType=qs&queryString=%E9%97%9C%E8%81%96%E5%B8%9D%E5%90%9B HTTP/1.1" 200 29777
66.249.71.60 - - [14/Mar/2016:04:51:24 +0800] "GET /content/subject/resource_content.jsp?oid=16777684&queryType=qs&queryString=%E5%9C%B0%E7%90%86%E8%B3%87%E8%A8%8A%E7%B3%BB%E7%B5%B1 HTTP/1.1" 200 30796
66.249.77.91 - - [14/Mar/2016:04:51:34 +0800] "GET /content/repository/resource_content.jsp?oid=2667935&queryString=%E9%97%9C%E7%A8%85%20%E9%B3%B3%E9%99%BD%E9%97%9C HTTP/1.1" 200 30428
66.249.77.85 - - [14/Mar/2016:04:51:44 +0800] "GET /content/repository/resource_content.jsp?oid=15094&queryString=%E8%89%BE%E6%B0%8F HTTP/1.1" 200 34129
66.249.71.60 - - [14/Mar/2016:04:51:55 +0800] "GET /digiarch_en/content/repository/resource_content.jsp?oid=4353054&queryString=%E7%93%9C%E4%BB%94%20%E9%BB%83%E5%B0%BE HTTP/1.1" 200 27322
66.249.71.173 - - [14/Mar/2016:04:52:05 +0800] "GET /content/repository/resource_content.jsp?oid=24608&queryString=%E4%B8%AD%E5%9C%8B%E7%AE%A1%E5%8F%A3%E9%AD%9A%20%E6%B5%B7%E9%BE%8D%E9%AC%9A%20%E7%AE%A1%E5%8F%A3%E9%AD%9A%20%E7%AE%A1%E5%8F%A3%E9%AD%9A%E7%A7%91 HTTP/1.1" 200 30045
66.249.71.60 - - [14/Mar/2016:04:52:16 +0800] "GET /content/repository/resource_content.jsp?oid=4548003&queryString=%E8%85%B9%E8%B6%B3%E7%B6%B1%20%E8%A0%91%E8%9E%BA%E7%A7%91%20%E9%95%B7%E6%A3%98%E6%98%9F%E8%9E%BA HTTP/1.1" 200 30119
66.249.71.105 - - [14/Mar/2016:04:52:26 +0800] "GET /content/repository/resource_content.jsp?oid=2577201&queryType=qs&queryString=%E5%AF%84%E5%AD%98 HTTP/1.1" 200 29282
66.249.71.60 - - [14/Mar/2016:04:52:37 +0800] "GET /content/repository/resource_content.jsp?oid=4450607&queryString=%E5%9C%8B%E5%9C%96%20%E5%A4%A7%E9%91%91%20%E6%94%BF%E6%B2%BB%E5%AD%B8%20%E6%A4%8D%E6%B0%91%E5%9C%B0%20%E7%A4%BE%E6%9C%83%E7%A7%91%E5%AD%B8 HTTP/1.1" 200 28669
66.249.71.60 - - [14/Mar/2016:04:52:47 +0800] "GET /content/repository/resource_content.jsp?oid=3818240&queryString=%E6%BE%A4%E8%98%AD%20%E8%8A%B1%E8%94%93%20%E8%94%93%E6%BE%A4%20%E8%94%93%E6%BE%A4%E8%98%AD HTTP/1.1" 200 31392
66.249.71.60 - - [14/Mar/2016:04:52:59 +0800] "GET /content/repository/resource_content.jsp?oid=2645891&queryString=%E9%9D%A9%E7%9B%A3%E7%94%9F HTTP/1.1" 200 30408
66.249.74.98 - - [14/Mar/2016:04:53:07 +0800] "GET /content/nav/relationSubject.jsp?relationWords=%E7%AD%8F%E7%81%A3%E6%9D%91+%E8%AD%A6%E5%AF%9F+&oid=4358549 HTTP/1.1" 200 4546
66.249.74.98 - - [14/Mar/2016:04:53:09 +0800] "GET /content/repository/resource_content.jsp?oid=4364579&queryString=%E4%B8%AD%E5%A4%AE%E4%BF%A1%E8%A8%97%E5%B1%80%20%E4%BF%9D%E9%9A%AA%20%E4%BF%A1%E8%A8%97%20%E5%85%AC%E5%8B%99%E4%BA%BA%E5%93%A1%20%E5%85%AC%E5%8B%99%E4%BA%BA%E5%93%A1%E4%BF%9D%E9%9A%AA HTTP/1.1" 200 29678
66.249.77.85 - - [14/Mar/2016:04:53:09 +0800] "GET /content/nav/relationSubject.jsp?relationWords=%E5%A2%8A%E9%82%84%E6%A1%88+%E6%97%A5%E6%B2%BB%E6%99%82%E4%BB%A3+%E8%A9%B9%E6%85%B6%E8%88%9E+%E8%A9%B9%E6%9C%A8%E7%94%9F+%E9%83%B5%E4%BE%BF%E5%B1%80+%E9%99%B3%E6%9C%A8%E7%81%AB+%E9%99%B3%E6%BC%A2%E5%B7%9E+&oid=1516324 HTTP/1.1" 200 3994
66.249.71.60 - - [14/Mar/2016:04:53:11 +0800] "GET /content/nav/relationSubject.jsp?relationWords=%E7%AD%8F%E7%81%A3%E6%9D%91%20%E8%AD%A6%E5%AF%9F%20&oid=4358549 HTTP/1.1" 200 4546
66.249.77.85 - - [14/Mar/2016:04:53:12 +0800] "GET /content/nav/relationSubject.jsp?relationWords=%E5%A2%8A%E9%82%84%E6%A1%88%20%E6%97%A5%E6%B2%BB%E6%99%82%E4%BB%A3%20%E8%A9%B9%E6%85%B6%E8%88%9E%20%E8%A9%B9%E6%9C%A8%E7%94%9F%20%E9%83%B5%E4%BE%BF%E5%B1%80%20%E9%99%B3%E6%9C%A8%E7%81%AB%20%E9%99%B3%E6%BC%A2%E5%B7%9E%20&oid=1516324 HTTP/1.1" 200 3994
66.249.74.72 - - [14/Mar/2016:04:53:21 +0800] "GET /digiarch3/content/subject/resource_content.jsp?oid=16777714&queryType=qs&queryString=%E6%AF%94%E4%BE%8B%E5%B0%BA HTTP/1.1" 200 42339
66.249.77.85 - - [14/Mar/2016:04:53:26 +0800] "GET /content/nav/relationSubject.jsp?relationWords=%E5%91%A8%E5%A4%A9%E5%95%9F+%E6%9E%97%E6%B9%AF%E7%9B%A4+%E8%87%A8%E6%99%82%E7%9C%81%E8%AD%B0%E6%9C%83+%E8%87%BA%E7%81%A3%E7%9C%81+%E8%B2%A1%E6%94%BF%E5%BB%B3+%E9%83%AD%E7%A7%8B%E7%85%8C+%E9%83%AD%E9%9B%A8%E6%96%B0+%E9%99%B3%E6%B0%B4%E6%BD%AD+&oid=1520290 HTTP/1.1" 200 4723
66.249.71.60 - - [14/Mar/2016:04:53:30 +0800] "GET /content/repository/resource_content.jsp?oid=2686329&queryType=qs&queryString=%E6%8D%95%E5%BD%B9 HTTP/1.1" 200 30818
66.249.77.85 - - [14/Mar/2016:04:53:33 +0800] "GET /content/nav/relationSubject.jsp?relationWords=%E7%8D%B8%E9%9D%A2%E7%B4%8B%E7%93%BF+&oid=1843939 HTTP/1.1" 200 1893
66.249.77.85 - - [14/Mar/2016:04:53:35 +0800] "GET /content/nav/relationSubject.jsp?relationWords=%E7%8D%B8%E9%9D%A2%E7%B4%8B%E7%93%BF%20&oid=1843939 HTTP/1.1" 200 1893
66.249.71.60 - - [14/Mar/2016:04:53:40 +0800] "GET /content/repository/resource_content.jsp?oid=1887558&queryString=%E5%95%86%E6%A8%99%E6%B3%95%20%E5%B0%88%E5%88%A9%E6%B3%95%20%E5%B7%A5%E5%A0%B4 HTTP/1.1" 200 30472
66.249.71.5 - - [14/Mar/2016:04:53:51 +0800] "GET /digiarch3/content/subject/resource_content.jsp?oid=16777633&queryType=qs&queryString=%E5%B8%AB%E7%AF%84%E5%AD%B8%E9%99%A2 HTTP/1.1" 200 56583
66.249.71.60 - - [14/Mar/2016:04:54:12 +0800] "GET /content/repository/resource_content.jsp?oid=1115436&queryString=%E6%A4%8D%E7%89%A9%E7%95%8C%20%E6%B0%B4%E8%8C%84%20%E8%8C%84%E5%B1%AC%20%E8%8C%84%E7%A7%91%20%E8%90%AC%E6%A1%83%E8%8A%B1 HTTP/1.1" 200 31693
66.249.71.155 - - [14/Mar/2016:04:54:22 +0800] "GET /content/repository/resource_content.jsp?oid=15523&queryType=qs&queryString=%E5%B0%96%E5%98%B4 HTTP/1.1" 200 34445
66.249.71.5 - - [14/Mar/2016:04:54:33 +0800] "GET /digiarch3/content/subject/resource_content.jsp?oid=16777782&queryType=qs&queryString=%E6%9D%9C%E8%81%B0%E6%98%8E HTTP/1.1" 200 48966
66.249.71.5 - - [14/Mar/2016:04:54:38 +0800] "GET /content/nav/relationSubject.jsp?relationWords=%E4%BA%BA%E5%90%8D%E6%AC%8A%E5%A8%81+%E5%85%AC%E6%96%B7%E5%93%A1+%E6%B5%B7%E7%89%99+%E7%B6%AD%E9%88%9E+%E9%A1%A7%E7%B6%AD%E9%88%9E+&oid=722849 HTTP/1.1" 200 3402
66.249.71.5 - - [14/Mar/2016:04:54:40 +0800] "GET /content/nav/relationSubject.jsp?relationWords=%E4%BA%BA%E5%90%8D%E6%AC%8A%E5%A8%81%20%E5%85%AC%E6%96%B7%E5%93%A1%20%E6%B5%B7%E7%89%99%20%E7%B6%AD%E9%88%9E%20%E9%A1%A7%E7%B6%AD%E9%88%9E%20&oid=722849 HTTP/1.1" 200 3402
66.249.71.60 - - [14/Mar/2016:04:54:43 +0800] "GET /content/repository/resource_content.jsp?oid=688773&queryString=%E4%BA%BA%E5%90%8D%E6%AC%8A%E5%A8%81%20%E6%B5%B7%E9%B5%AC HTTP/1.1" 200 28693
66.249.71.60 - - [14/Mar/2016:04:54:52 +0800] "GET /content/nav/relationSubject.jsp?relationWords=%E5%A4%A7%E7%9C%BC%E9%AF%9B+%E5%A4%A7%E7%9C%BC%E9%AF%9B%E7%A7%91+%E9%AF%9B%E7%A7%91+&oid=3338724 HTTP/1.1" 200 3475
66.249.71.121 - - [14/Mar/2016:04:54:54 +0800] "GET /content/repository/resource_content.jsp?oid=1516173&queryType=qs&queryString=%E7%81%AB%E6%98%9F HTTP/1.1" 200 29029
66.249.71.60 - - [14/Mar/2016:04:54:55 +0800] "GET /content/nav/relationSubject.jsp?relationWords=%E5%A4%A7%E7%9C%BC%E9%AF%9B%20%E5%A4%A7%E7%9C%BC%E9%AF%9B%E7%A7%91%20%E9%AF%9B%E7%A7%91%20&oid=3338724 HTTP/1.1" 200 3475
66.249.74.72 - - [14/Mar/2016:04:55:06 +0800] "GET /digiarch3/content/repository/resource_content.jsp?oid=15211&queryString=%E9%AC%BC%E9%A0%AD%E5%88%80%20%E9%AF%95%E9%B0%8D HTTP/1.1" 200 35172
66.249.71.60 - - [14/Mar/2016:04:55:15 +0800] "GET /content/repository/resource_content.jsp?oid=2665840 HTTP/1.1" 200 29974
68.180.229.28 - - [14/Mar/2016:04:55:18 +0800] "GET /digiarch_en/content/pictures/picture_content.jsp?oid=33554797 HTTP/1.1" 200 21701
66.249.71.60 - - [14/Mar/2016:04:55:25 +0800] "GET /content/subject/resource_content.jsp?oid=16777343&queryType=qc HTTP/1.1" 200 30924
66.249.71.60 - - [14/Mar/2016:04:55:36 +0800] "GET /content/repository/resource_content.jsp?oid=1608884 HTTP/1.1" 200 28700
66.249.71.60 - - [14/Mar/2016:04:55:46 +0800] "GET /content/repository/resource_content.jsp?oid=1123403 HTTP/1.1" 200 30099
66.249.77.85 - - [14/Mar/2016:04:55:47 +0800] "GET /content/nav/relationSubject.jsp?relationWords=%E5%8E%9A%E6%AE%BC%E4%BB%94+%E9%9B%80%E9%AF%9B+%E9%9B%80%E9%AF%9B%E7%A7%91+%E9%9D%92%E7%8E%89%E9%9B%80%E9%AF%9B+&oid=4353347 HTTP/1.1" 200 3694
66.249.79.24 - - [14/Mar/2016:04:55:49 +0800] "GET /content/nav/relationSubject.jsp?relationWords=%E5%8E%9A%E6%AE%BC%E4%BB%94%20%E9%9B%80%E9%AF%9B%20%E9%9B%80%E9%AF%9B%E7%A7%91%20%E9%9D%92%E7%8E%89%E9%9B%80%E9%AF%9B%20&oid=4353347 HTTP/1.1" 200 3694
66.249.74.98 - - [14/Mar/2016:04:55:58 +0800] "GET /content/subject/resource_content.jsp?oid=16777824&queryType=qs&queryString=%E6%B0%91%E9%96%93%E4%BF%A1%E4%BB%B0 HTTP/1.1" 200 42384
66.249.71.60 - - [14/Mar/2016:04:56:07 +0800] "GET /content/repository/resource_content.jsp?oid=1783188 HTTP/1.1" 200 28215
66.249.71.60 - - [14/Mar/2016:04:56:18 +0800] "GET /content/repository/resource_content.jsp?oid=3814332&queryString=%E9%95%B7%E8%8A%B1%E9%A6%AC%E5%94%90%20%E9%A6%AC%E5%94%90%E5%B1%AC HTTP/1.1" 200 31333
66.249.71.164 - - [14/Mar/2016:04:56:28 +0800] "GET /content/repository/resource_content.jsp?oid=1521741&queryString=%E9%98%B2%E7%A9%BA%E6%BC%94%E7%BF%92 HTTP/1.1" 200 29156
66.249.71.60 - - [14/Mar/2016:04:56:50 +0800] "GET /content/repository/resource_content.jsp?oid=15104&queryString=%E5%9A%B4%E5%85%AC%E4%BB%94%20%E5%A4%A7%E7%9C%BC%E9%AF%9B%E7%A7%91%20%E6%B7%B1%E6%B0%B4%E5%A4%A7%E7%9C%BC%E9%AF%9B%20%E7%B4%85%E7%9B%AE%E9%B0%B1 HTTP/1.1" 200 34941
66.249.71.60 - - [14/Mar/2016:04:57:00 +0800] "GET /content/repository/resource_content.jsp?oid=1543457 HTTP/1.1" 200 28816
66.249.71.60 - - [14/Mar/2016:04:57:11 +0800] "GET /content/repository/resource_content.jsp?oid=292324 HTTP/1.1" 200 29784
66.249.71.60 - - [14/Mar/2016:04:57:12 +0800] "GET /content/nav/relationSubject.jsp?relationWords=%E5%88%A9%E5%90%89%20%E5%90%88%E4%BD%9C%E8%BE%B2%E5%A0%B4%20%E8%87%A8%E6%99%82%E7%9C%81%E8%AD%B0%E6%9C%83%20%E8%87%BA%E6%9D%B1%E7%B8%A3%20%E8%87%BA%E6%9D%B1%E7%B8%A3%E6%94%BF%E5%BA%9C%20%E8%87%BA%E7%81%A3%E7%9C%81%20%E8%87%BA%E7%81%A3%E7%9C%81%E6%94%BF%E5%BA%9C%20%E8%B3%B4%E8%90%AC%E6%88%90%20%E8%B3%B4%E9%9B%A8%E6%85%B6%20&oid=1521765 HTTP/1.1" 200 4833
66.249.74.98 - - [14/Mar/2016:04:57:22 +0800] "GET /content/repository/resource_content.jsp?oid=2611709&queryString=%E5%9C%B0%E5%BD%A2%E5%9C%96%20%E7%A6%8F%E9%BC%8E HTTP/1.1" 200 30580
66.249.71.60 - - [14/Mar/2016:04:57:32 +0800] "GET /content/repository/resource_content.jsp?oid=1818977&queryString=%E9%83%BE%E7%8E%8B%E8%81%B7 HTTP/1.1" 200 29467
66.249.74.98 - - [14/Mar/2016:04:57:42 +0800] "GET /content/repository/resource_content.jsp?oid=2146480 HTTP/1.1" 200 31135
66.249.71.14 - - [14/Mar/2016:04:58:02 +0800] "GET /content/nav/relationSubject.jsp?relationWords=%E6%AA%B3%E6%A6%94%E8%A2%8B+%E7%9A%AE%E6%AA%B3%E6%A6%94%E8%A2%8B+%E7%9B%9B%E5%85%B7+%E9%AD%AF%E5%87%B1%E6%97%8F+&oid=1782574 HTTP/1.1" 200 3167
66.249.71.60 - - [14/Mar/2016:04:58:04 +0800] "GET /content/repository/resource_content.jsp?oid=1460098&queryString=%E5%86%B7%E6%9D%89%20%E5%8F%B0%E7%81%A3%E5%86%B7%E6%9D%89 HTTP/1.1" 200 31644
66.249.71.5 - - [14/Mar/2016:04:58:04 +0800] "GET /content/nav/relationSubject.jsp?relationWords=%E6%AA%B3%E6%A6%94%E8%A2%8B%20%E7%9A%AE%E6%AA%B3%E6%A6%94%E8%A2%8B%20%E7%9B%9B%E5%85%B7%20%E9%AD%AF%E5%87%B1%E6%97%8F%20&oid=1782574 HTTP/1.1" 200 3167
66.249.74.59 - - [14/Mar/2016:04:58:14 +0800] "GET /content/repository/resource_content.jsp?oid=2674173&queryType=qs&queryString=%E9%8A%80%E7%A1%83 HTTP/1.1" 200 30128
66.249.79.30 - - [14/Mar/2016:04:58:25 +0800] "GET /content/repository/resource_content.jsp?oid=1522118&queryType=qs&queryString=%E6%9D%B1%E6%B8%AF%E6%BA%AA HTTP/1.1" 200 29274
66.249.71.60 - - [14/Mar/2016:04:58:35 +0800] "GET /content/repository/resource_content.jsp?oid=1895869 HTTP/1.1" 200 28992
66.249.71.60 - - [14/Mar/2016:04:58:45 +0800] "GET /content/repository/resource_content.jsp?oid=1893875&queryString=%E8%94%A1%E7%BE%8E HTTP/1.1" 200 29362
66.249.77.97 - - [14/Mar/2016:04:58:47 +0800] "GET /content/nav/relationSubject.jsp?relationWords=API+%E6%A4%8D%E7%89%A9%E7%95%8C+%E7%AB%8A%E8%A1%A3+%E7%AB%8A%E8%A1%A3%E5%B1%AC+%E7%B9%96%E5%BD%A2%E7%A7%91+%E9%9B%99%E5%AD%90%E8%91%89%E6%A4%8D%E7%89%A9+&oid=3814130 HTTP/1.1" 200 3381
66.249.77.97 - - [14/Mar/2016:04:58:49 +0800] "GET /content/nav/relationSubject.jsp?relationWords=API%20%E6%A4%8D%E7%89%A9%E7%95%8C%20%E7%AB%8A%E8%A1%A3%20%E7%AB%8A%E8%A1%A3%E5%B1%AC%20%E7%B9%96%E5%BD%A2%E7%A7%91%20%E9%9B%99%E5%AD%90%E8%91%89%E6%A4%8D%E7%89%A9%20&oid=3814130 HTTP/1.1" 200 3381
66.249.74.98 - - [14/Mar/2016:04:59:07 +0800] "GET /content/repository/resource_content.jsp?oid=1555917 HTTP/1.1" 200 33485
66.249.71.60 - - [14/Mar/2016:04:59:17 +0800] "GET /digiarch_en/content/repository/resource_content.jsp?oid=21797&queryString=%E6%9D%BE%E6%AF%AC%E9%AD%9A HTTP/1.1" 200 23501
66.249.71.60 - - [14/Mar/2016:04:59:20 +0800] "GET /content/repository/resource_content.jsp?oid=1591807 HTTP/1.1" 200 28916
66.249.71.60 - - [14/Mar/2016:04:59:23 +0800] "GET /content/nav/relationSubject.jsp?relationWords=%E5%8C%97%E6%9C%9D+%E5%8C%97%E9%AD%8F+%E5%8D%97%E5%8C%97%E6%9C%9D+%E6%8B%93%E7%89%87+%E9%A1%8C%E8%A8%98+&oid=16777802 HTTP/1.1" 200 4930
66.249.77.85 - - [14/Mar/2016:04:59:28 +0800] "GET /content/repository/resource_content.jsp?oid=649767&queryType=qs&queryString=%E8%94%A1%E5%BB%B7%E5%B9%B9 HTTP/1.1" 200 29039
66.249.71.60 - - [14/Mar/2016:04:59:38 +0800] "GET /content/repository/resource_content.jsp?oid=1610374 HTTP/1.1" 200 29761
66.249.71.113 - - [14/Mar/2016:04:59:49 +0800] "GET /content/repository/resource_content.jsp?oid=3811828&queryType=qs&queryString=%E9%9B%9C%E6%9C%A8%E6%9E%97 HTTP/1.1" 200 31144
66.249.71.60 - - [14/Mar/2016:04:59:59 +0800] "GET /content/repository/resource_content.jsp?oid=2602324 HTTP/1.1" 200 29221
66.249.71.60 - - [14/Mar/2016:05:00:10 +0800] "GET /content/repository/resource_content.jsp?oid=2544503 HTTP/1.1" 200 29225
66.249.71.5 - - [14/Mar/2016:05:00:15 +0800] "GET /digiarch3/content/nav/relationSubject.jsp?relationWords=%E6%85%88%E6%81%A9%E8%83%A1%E9%A0%B9%E5%AD%90+%E6%A4%8D%E7%89%A9%E7%95%8C+%E8%83%A1%E9%A0%B9%E5%AD%90+%E8%83%A1%E9%A0%B9%E5%AD%90%E5%B1%AC+%E9%BC%A0%E6%9D%8E+&oid=1107267 HTTP/1.1" 200 3401
66.249.71.5 - - [14/Mar/2016:05:00:17 +0800] "GET /digiarch3/content/nav/relationSubject.jsp?relationWords=%E6%85%88%E6%81%A9%E8%83%A1%E9%A0%B9%E5%AD%90%20%E6%A4%8D%E7%89%A9%E7%95%8C%20%E8%83%A1%E9%A0%B9%E5%AD%90%20%E8%83%A1%E9%A0%B9%E5%AD%90%E5%B1%AC%20%E9%BC%A0%E6%9D%8E%20&oid=1107267 HTTP/1.1" 200 3401
66.249.71.164 - - [14/Mar/2016:05:00:20 +0800] "GET /content/subject/resource_content.jsp?oid=16777293&queryString=%E5%A4%A7%E8%91%89%E5%B1%B1%E6%AC%96%20%E6%8B%BC%E6%9D%BF%E8%88%9F%20%E9%81%94%E6%82%9F%E6%97%8F HTTP/1.1" 200 32347
66.249.71.60 - - [14/Mar/2016:05:00:31 +0800] "GET /content/repository/resource_content.jsp?oid=1108108&queryString=%E5%82%85%E6%B0%8F%E5%94%90%E6%9D%BE%E8%8D%89%20%E5%94%90%E6%9D%BE%E8%8D%89%E5%B1%AC%20%E6%A4%8D%E7%89%A9%E7%95%8C%20%E6%AF%9B%E8%8C%9B%20%E6%AF%9B%E8%8C%9B%E7%A7%91 HTTP/1.1" 200 31523
66.249.77.85 - - [14/Mar/2016:05:00:52 +0800] "GET /content/repository/resource_content.jsp?oid=14610&queryType=qs&queryString=%E8%A1%8D%E7%94%9F%E7%89%A9 HTTP/1.1" 200 35024
66.249.74.98 - - [14/Mar/2016:05:01:03 +0800] "GET /digiarch_en/content/repository/resource_content.jsp?oid=15285&queryString=%E5%B8%86%E9%B0%AD%E9%AD%B4%20%E7%83%8F%E9%AD%B4%20%E9%AD%9A%E9%A1%9E%E6%A8%99%E6%9C%AC HTTP/1.1" 200 27445
66.249.71.60 - - [14/Mar/2016:05:01:13 +0800] "GET /content/repository/resource_content.jsp?oid=1897858 HTTP/1.1" 200 29136
66.249.74.61 - - [14/Mar/2016:05:01:24 +0800] "GET /content/repository/resource_content.jsp?oid=1887869&queryType=qs&queryString=%E5%90%B3%E6%B7%AE%E6%B0%B4 HTTP/1.1" 200 31196
66.249.71.105 - - [14/Mar/2016:05:01:34 +0800] "GET /content/repository/resource_content.jsp?oid=2680069&queryType=qs&queryString=%E6%B3%A8%E5%AE%98 HTTP/1.1" 200 30554
66.249.74.98 - - [14/Mar/2016:05:01:42 +0800] "GET /content/subject/resource_content.jsp?oid=16777776&queryType=qs&queryString=%E6%9B%BE%E5%8F%83 HTTP/1.1" 200 61659
66.249.74.98 - - [14/Mar/2016:05:01:55 +0800] "GET /content/repository/resource_content.jsp?oid=1890190 HTTP/1.1" 200 28633
66.249.71.105 - - [14/Mar/2016:05:02:06 +0800] "GET /content/repository/resource_content.jsp?oid=4739284&queryType=qs&queryString=%E9%9B%9C%E6%99%AF HTTP/1.1" 200 31723
66.249.71.60 - - [14/Mar/2016:05:02:16 +0800] "GET /content/repository/resource_content.jsp?oid=1106755&queryString=%E5%A5%87%E8%90%8A%E7%B4%85%E8%98%AD%20%E7%B4%85%E8%98%AD%E5%B1%AC HTTP/1.1" 200 30166
66.249.71.60 - - [14/Mar/2016:05:02:22 +0800] "GET /content/nav/relationSubject.jsp?relationWords=%E5%8D%9A%E8%A6%BD%E6%9C%83+%E5%8F%B0%E7%81%A3%E5%9C%8B+%E6%95%B8%E4%BD%8D%E5%85%B8%E8%97%8F+%E6%96%87%E5%8C%96%E5%89%B5%E6%84%8F+%E6%96%87%E5%8C%96%E5%89%B5%E6%84%8F%E7%94%A2%E6%A5%AD+&oid=16777540 HTTP/1.1" 200 8180
66.249.71.60 - - [14/Mar/2016:05:02:23 +0800] "GET /content/nav/relationSubject.jsp?relationWords=%E5%8D%9A%E8%A6%BD%E6%9C%83%20%E5%8F%B0%E7%81%A3%E5%9C%8B%20%E6%95%B8%E4%BD%8D%E5%85%B8%E8%97%8F%20%E6%96%87%E5%8C%96%E5%89%B5%E6%84%8F%20%E6%96%87%E5%8C%96%E5%89%B5%E6%84%8F%E7%94%A2%E6%A5%AD%20&oid=16777540 HTTP/1.1" 200 8180
66.249.71.60 - - [14/Mar/2016:05:02:27 +0800] "GET /content/repository/resource_content.jsp?oid=2659066 HTTP/1.1" 200 29830
66.249.71.60 - - [14/Mar/2016:05:02:37 +0800] "GET /content/repository/resource_content.jsp?oid=1531358&queryString=%E5%85%AC%E8%B7%AF%E5%B1%80%20%E7%94%A2%E6%AC%8A%20%E8%87%BA%E5%8C%97%E5%B8%82%20%E8%87%BA%E7%81%A3%E7%9C%81%E6%94%BF%E5%BA%9C HTTP/1.1" 200 31157
66.249.74.61 - - [14/Mar/2016:05:02:48 +0800] "GET /content/repository/resource_content.jsp?oid=2678989&queryType=qs&queryString=%E5%88%B6%E9%8C%A2 HTTP/1.1" 200 30177
66.249.71.60 - - [14/Mar/2016:05:02:57 +0800] "GET /content/nav/relationSubject.jsp?relationWords=%E5%88%BA%E9%AD%9A+%E7%92%B0%E7%B4%8B%E5%88%BA%E8%93%8B%E9%AD%9A+%E8%93%8B%E5%88%BA%E9%AD%9A+&oid=15560 HTTP/1.1" 200 3448
66.249.71.105 - - [14/Mar/2016:05:03:02 +0800] "GET /content/repository/resource_content.jsp?oid=1580209&queryType=qs&queryString=%E7%A0%82%E7%B3%96 HTTP/1.1" 200 29192
66.249.74.72 - - [14/Mar/2016:05:03:10 +0800] "GET /digiarch3/content/repository/resource_content.jsp?oid=1811107&queryType=qs&queryString=%E7%A5%9E%E8%A9%B1%E6%95%85%E4%BA%8B HTTP/1.1" 200 49247
66.249.74.98 - - [14/Mar/2016:05:03:21 +0800] "GET /digiarch_en/content/subject/resource_content.jsp?oid=16777730&queryString=%E5%A4%9A%E5%AA%92%E9%AB%94%20%E5%AA%92%E9%AB%94 HTTP/1.1" 200 42836
66.249.71.60 - - [14/Mar/2016:05:03:30 +0800] "GET /content/repository/resource_content.jsp?oid=2630701 HTTP/1.1" 200 29394
66.249.74.98 - - [14/Mar/2016:05:03:41 +0800] "GET /content/repository/resource_content.jsp?oid=523915&queryString=%E6%96%97%E7%AC%A0%E8%9E%BA%20%E7%AC%A0%E8%9E%BA%20%E8%85%B9%E8%B6%B3%E7%B6%B1 HTTP/1.1" 200 34423
66.249.74.98 - - [14/Mar/2016:05:03:51 +0800] "GET /content/repository/resource_content.jsp?oid=1616220&queryString=%E5%90%8D%E5%88%B6 HTTP/1.1" 200 28791
66.249.71.60 - - [14/Mar/2016:05:03:53 +0800] "GET /content/nav/relationSubject.jsp?relationWords=%E6%9F%B1%E6%B4%9E+&oid=1834685 HTTP/1.1" 200 3020
66.249.77.91 - - [14/Mar/2016:05:03:55 +0800] "GET /content/nav/relationSubject.jsp?relationWords=%E6%9D%BE%E6%AF%AC%E9%AD%9A+&oid=14723 HTTP/1.1" 200 3072
66.249.71.60 - - [14/Mar/2016:05:04:03 +0800] "GET /content/nav/relationSubject.jsp?relationWords=%E5%91%88%E6%8E%A7+%E7%9B%A3%E7%94%9F+%E9%9D%A9%E7%9B%A3%E7%94%9F+&oid=2645891 HTTP/1.1" 200 3168
66.249.77.91 - - [14/Mar/2016:05:04:22 +0800] "GET /content/subject/resource_content.jsp?oid=16777377&queryString=%E6%9D%8E%E6%BF%9F%20%E6%A2%81%E6%80%9D%E6%B0%B8%20%E6%AE%B7%E5%A2%9F%20%E7%9B%9C%E5%A2%93%20%E8%91%A3%E4%BD%9C%E8%B3%93 HTTP/1.1" 200 54499
66.249.71.50 - - [14/Mar/2016:05:04:34 +0800] "GET /content/repository/resource_content.jsp?oid=14832&queryString=%E5%8F%B0%E7%81%A3%E7%89%B9%E6%9C%89%E7%A8%AE%20%E6%A3%98%E8%A3%B8%E7%B5%A8%E9%AE%8B%20%E7%9F%B3%E7%8B%97%E5%85%AC%20%E7%9F%B3%E9%A0%AD%E9%AD%9A HTTP/1.1" 200 36020
40.77.167.71 - - [14/Mar/2016:05:04:38 +0800] "GET /content/nav/relationSubject.jsp?relationWords=&oid=16777543 HTTP/1.1" 200 1405
66.249.71.5 - - [14/Mar/2016:05:04:44 +0800] "GET /digiarch3/content/repository/resource_content.jsp?oid=4352643&queryType=qs&queryString=%E4%B8%89%E7%89%99 HTTP/1.1" 200 35645
66.249.74.98 - - [14/Mar/2016:05:05:05 +0800] "GET /content/subject/resource_content.jsp?oid=16777529 HTTP/1.1" 200 27997
66.249.71.5 - - [14/Mar/2016:05:05:16 +0800] "GET /digiarch3/content/subject/resource_content.jsp?oid=16777766&queryType=qs&queryString=%E7%B8%A3%E6%94%BF%E5%BA%9C HTTP/1.1" 200 50529
66.249.71.60 - - [14/Mar/2016:05:05:28 +0800] "GET /content/repository/resource_content.jsp?oid=1621253 HTTP/1.1" 200 28464
66.249.71.60 - - [14/Mar/2016:05:05:48 +0800] "GET /content/repository/resource_content.jsp?oid=2621126 HTTP/1.1" 200 29282
66.249.71.60 - - [14/Mar/2016:05:05:57 +0800] "GET /content/repository/resource_content.jsp?oid=1545504&queryString=%E5%9C%8B%E7%AB%8B%E8%87%BA%E7%81%A3%E5%A4%A7%E5%AD%B8%20%E8%87%BA%E7%81%A3%E5%A4%A7%E5%AD%B8 HTTP/1.1" 200 31637
66.249.71.60 - - [14/Mar/2016:05:06:08 +0800] "GET /content/repository/resource_content.jsp?oid=1899748 HTTP/1.1" 200 29007
66.249.71.105 - - [14/Mar/2016:05:06:18 +0800] "GET /content/repository/resource_content.jsp?oid=2644871&queryType=qs&queryString=%E6%B0%B8%E6%B8%85%E7%B8%A3 HTTP/1.1" 200 30229
66.249.71.60 - - [14/Mar/2016:05:06:21 +0800] "GET /content/tmp_exh/resource_content.jsp?oid=16777830&queryString= HTTP/1.1" 200 31286
66.249.71.59 - - [14/Mar/2016:05:06:29 +0800] "GET /content/repository/resource_content.jsp?oid=1531966&queryType=qs&queryString=%E5%98%89%E7%BE%A9%E7%B8%A3%E8%AD%B0%E6%9C%83 HTTP/1.1" 200 29630
66.249.71.121 - - [14/Mar/2016:05:06:39 +0800] "GET /content/repository/resource_content.jsp?oid=1779550&queryType=qs&queryString=%E8%AA%9E%E8%A8%80%E8%83%BD%E5%8A%9B HTTP/1.1" 200 35825
66.249.71.105 - - [14/Mar/2016:05:06:50 +0800] "GET /content/repository/resource_content.jsp?oid=2517343&queryType=qs&queryString=%E6%82%96%E6%97%A8 HTTP/1.1" 200 29862
66.249.71.60 - - [14/Mar/2016:05:07:00 +0800] "GET /content/repository/resource_content.jsp?oid=723156 HTTP/1.1" 200 29091
66.249.74.98 - - [14/Mar/2016:05:07:11 +0800] "GET /content/repository/resource_content.jsp?oid=1567698 HTTP/1.1" 200 30444
66.249.71.5 - - [14/Mar/2016:05:07:12 +0800] "GET /digiarch3/content/nav/relationSubject.jsp?relationWords=%E5%8F%B0%E7%81%A3%E6%9C%AC%E5%9C%9F%E6%A4%8D%E7%89%A9%20%E6%95%B8%E4%BD%8D%E5%85%B8%E8%97%8F%20&oid=16777685 HTTP/1.1" 200 5666
66.249.71.60 - - [14/Mar/2016:05:07:21 +0800] "GET /content/repository/resource_content.jsp?oid=1516182 HTTP/1.1" 200 28629
66.249.71.60 - - [14/Mar/2016:05:07:32 +0800] "GET /content/repository/resource_content.jsp?oid=2152494 HTTP/1.1" 200 30961
66.249.71.60 - - [14/Mar/2016:05:07:43 +0800] "GET /content/repository/resource_content.jsp?oid=1597045 HTTP/1.1" 200 28798
66.249.71.155 - - [14/Mar/2016:05:07:53 +0800] "GET /content/repository/resource_content.jsp?oid=2665815&queryString=%E7%99%BB%E7%A7%91%E9%8C%84 HTTP/1.1" 200 30548
66.249.71.5 - - [14/Mar/2016:05:08:04 +0800] "GET /digiarch3/content/subject/resource_content.jsp?oid=16777657&queryType=qs&queryString=%E6%B0%91%E5%A0%B1 HTTP/1.1" 200 71548
66.249.79.24 - - [14/Mar/2016:05:08:15 +0800] "GET /content/repository/resource_content.jsp?oid=4353347&queryType=qs&queryString=%E7%8F%8A%E7%91%9A%E9%A0%82 HTTP/1.1" 200 33686
66.249.71.60 - - [14/Mar/2016:05:08:18 +0800] "GET /content/nav/relationSubject.jsp?relationWords=%E5%A4%A7%E9%B1%97%E6%96%B0%E9%9A%86%E9%AD%9A+%E5%A4%A7%E9%B1%97%E7%BE%8E%E9%B0%AD%E9%AD%9A+%E5%A4%A7%E9%B1%97%E9%B8%9A%E9%AF%9B+%E5%A8%98%E4%BB%94%E9%AD%9A+%E8%A7%92%E9%BE%8D+%E9%9A%86%E9%A0%AD%E9%AD%9A%E7%A7%91+&oid=4352967 HTTP/1.1" 200 3916
66.249.71.60 - - [14/Mar/2016:05:08:20 +0800] "GET /content/nav/relationSubject.jsp?relationWords=%E5%A4%A7%E9%B1%97%E6%96%B0%E9%9A%86%E9%AD%9A%20%E5%A4%A7%E9%B1%97%E7%BE%8E%E9%B0%AD%E9%AD%9A%20%E5%A4%A7%E9%B1%97%E9%B8%9A%E9%AF%9B%20%E5%A8%98%E4%BB%94%E9%AD%9A%20%E8%A7%92%E9%BE%8D%20%E9%9A%86%E9%A0%AD%E9%AD%9A%E7%A7%91%20&oid=4352967 HTTP/1.1" 200 3916
66.249.71.60 - - [14/Mar/2016:05:08:25 +0800] "GET /content/repository/resource_content.jsp?oid=1813794 HTTP/1.1" 200 34428
66.249.71.60 - - [14/Mar/2016:05:08:35 +0800] "GET /content/repository/resource_content.jsp?oid=1522946 HTTP/1.1" 200 29019
66.249.71.60 - - [14/Mar/2016:05:08:56 +0800] "GET /digiarch_en/content/subject/resource_content.jsp?oid=16777625&queryType=qc HTTP/1.1" 200 47878
66.249.71.60 - - [14/Mar/2016:05:09:17 +0800] "GET /content/repository/resource_content.jsp?oid=2617490&queryString=%E7%A6%8F%E5%BB%BA%E6%B0%B4%E5%B8%AB%E6%8F%90%E7%9D%A3 HTTP/1.1" 200 30660
66.249.71.60 - - [14/Mar/2016:05:09:28 +0800] "GET /content/repository/resource_content.jsp?oid=1819879&queryString=%E5%85%A8%E5%BD%A2%E6%8B%93 HTTP/1.1" 200 31501
66.249.71.60 - - [14/Mar/2016:05:09:38 +0800] "GET /content/repository/resource_content.jsp?oid=230363 HTTP/1.1" 200 30308
66.249.71.60 - - [14/Mar/2016:05:09:49 +0800] "GET /content/subject/resource_content.jsp?oid=16777618&queryType=qs&queryString=%E7%A7%91%E5%AD%B8%E5%AE%B6 HTTP/1.1" 200 47531
66.249.71.60 - - [14/Mar/2016:05:09:50 +0800] "GET /content/nav/relationSubject.jsp?relationWords=%E5%A4%9A%E6%A8%A3%E6%80%A7+%E6%A3%B2%E5%9C%B0+%E9%9B%85%E7%BE%8E%E6%97%8F+&oid=1778412 HTTP/1.1" 200 4890
66.249.71.60 - - [14/Mar/2016:05:09:59 +0800] "GET /content/repository/resource_content.jsp?oid=2518778 HTTP/1.1" 200 29464
66.249.71.60 - - [14/Mar/2016:05:10:10 +0800] "GET /content/subject/resource_content.jsp?oid=16777435 HTTP/1.1" 200 28740
66.249.74.98 - - [14/Mar/2016:05:10:32 +0800] "GET /content/repository/resource_content.jsp?oid=1108011 HTTP/1.1" 200 31154
66.249.71.113 - - [14/Mar/2016:05:10:42 +0800] "GET /content/repository/resource_content.jsp?oid=1887629&queryType=qs&queryString=%E6%AB%9B%E9%83%A8 HTTP/1.1" 200 31070
66.249.71.60 - - [14/Mar/2016:05:10:52 +0800] "GET /digiarch_en/content/repository/resource_content.jsp?oid=15295&queryString=%E7%83%8F%E5%B0%BE%E5%86%AC%20%E7%83%8F%E5%B0%BE%E5%86%AC%E4%BB%94%20%E9%9B%99%E9%B0%AD%E6%A2%85%E9%AF%9B HTTP/1.1" 200 27247
66.249.74.98 - - [14/Mar/2016:05:11:03 +0800] "GET /content/repository/resource_content.jsp?oid=1098610 HTTP/1.1" 200 31025
66.249.71.60 - - [14/Mar/2016:05:11:13 +0800] "GET /content/repository/resource_content.jsp?oid=1610879 HTTP/1.1" 200 28536
66.249.74.72 - - [14/Mar/2016:05:11:24 +0800] "GET /digiarch3/content/repository/resource_content.jsp?oid=16477&queryType=qs&queryString=%E9%B1%97%E9%AD%A8 HTTP/1.1" 200 34868
66.249.71.60 - - [14/Mar/2016:05:11:34 +0800] "GET /content/repository/resource_content.jsp?oid=1851180 HTTP/1.1" 200 29249
66.249.71.155 - - [14/Mar/2016:05:11:43 +0800] "GET /content/nav/relationSubject.jsp?relationWords=&oid=16777566 HTTP/1.1" 200 1405
66.249.71.113 - - [14/Mar/2016:05:11:45 +0800] "GET /content/repository/resource_content.jsp?oid=1894932&queryType=qs&queryString=%E9%AB%98%E7%88%BE HTTP/1.1" 200 30416
66.249.71.155 - - [14/Mar/2016:05:11:48 +0800] "GET /content/nav/relationSubject.jsp?relationWords=%E6%9E%97%E7%8D%BB%E5%A0%82+%E7%81%8C%E5%9C%92+%E7%81%8C%E5%9C%92%E5%85%88%E7%94%9F+&oid=16777640 HTTP/1.1" 200 4135
66.249.71.41 - - [14/Mar/2016:05:11:56 +0800] "GET /content/repository/resource_content.jsp?oid=1104721&queryString=%E7%8E%89%E5%B1%B1%E8%96%84%E9%9B%AA%E8%8D%89%20%E8%96%84%E9%9B%AA%E8%8D%89 HTTP/1.1" 200 31508
66.249.71.60 - - [14/Mar/2016:05:12:07 +0800] "GET /content/subject/resource_content.jsp?oid=16777720&queryString=%E5%8F%B0%E7%81%A3%E5%8E%9F%E4%BD%8F%E6%B0%91%20%E7%85%99%E6%96%97%20%E8%8F%B8%E8%8D%89 HTTP/1.1" 200 30040
66.249.71.60 - - [14/Mar/2016:05:12:16 +0800] "GET /content/repository/resource_content.jsp?oid=1521302 HTTP/1.1" 200 28801
66.249.74.98 - - [14/Mar/2016:05:12:28 +0800] "GET /content/repository/resource_content.jsp?oid=1574288 HTTP/1.1" 200 28522
66.249.71.121 - - [14/Mar/2016:05:12:37 +0800] "GET /content/repository/resource_content.jsp?oid=4353791&queryType=qs&queryString=%E9%AD%9A%E8%99%8E HTTP/1.1" 200 35673
