180.204.131.157 - - [27/Apr/2016:02:12:05 +0800] "GET /content/nav/relationSubject.jsp?relationWords=%E8%96%9C%E8%8D%94+&oid=16777485 HTTP/1.1" 200 3561
66.249.71.200 - - [27/Apr/2016:02:12:46 +0800] "GET /content/nav/relationSubject.jsp?relationWords=%E5%85%A5%E5%AD%B8%E8%80%83%E8%A9%A6+%E8%81%B7%E6%A0%A1+&oid=1562338 HTTP/1.1" 200 6847
66.249.71.188 - - [27/Apr/2016:02:12:48 +0800] "GET /content/nav/relationSubject.jsp?relationWords=%E5%85%A5%E5%AD%B8%E8%80%83%E8%A9%A6%20%E8%81%B7%E6%A0%A1%20&oid=1562338 HTTP/1.1" 200 6847
68.180.230.90 - - [27/Apr/2016:02:13:12 +0800] "GET /digiarch_en/content/subject/resource_content.jsp?oid=16777841&queryType=qc HTTP/1.1" 200 21861
66.249.71.64 - - [27/Apr/2016:02:13:13 +0800] "GET /content/nav/relationSubject.jsp?relationWords=%E5%85%89%E5%9B%8A%E7%B4%AB%E6%9F%84%E8%95%A8+%E6%A4%8D%E7%89%A9%E7%95%8C+%E6%B0%B4%E9%BE%8D%E9%AA%A8+%E7%B4%AB%E6%9F%84%E8%95%A8%E5%B1%AC+%E8%95%A8%E9%A1%9E%E6%A4%8D%E7%89%A9+%E9%87%91%E6%98%9F%E8%95%A8+&oid=3813823 HTTP/1.1" 200 3540
68.180.230.90 - - [27/Apr/2016:02:13:13 +0800] "GET /digiarch_en/content/pictures/picture_content.jsp?oid=33554800 HTTP/1.1" 200 21741
199.30.24.193 - - [27/Apr/2016:02:13:32 +0800] "GET /content/nav/relationSubject.jsp?relationWords=%E7%99%BD%E5%8D%83%E5%B1%A4+&oid=16777287 HTTP/1.1" 200 3852
66.249.71.5 - - [27/Apr/2016:02:13:45 +0800] "GET /content/nav/relationSubject.jsp?relationWords=%E5%B9%B3%E5%9F%94%E6%97%8F+%E6%B9%AF%E5%A7%86+&oid=16777770 HTTP/1.1" 200 3581
66.249.71.14 - - [27/Apr/2016:02:13:48 +0800] "GET /content/nav/relationSubject.jsp?relationWords=%E5%B9%B3%E5%9F%94%E6%97%8F%20%E6%B9%AF%E5%A7%86%20&oid=16777770 HTTP/1.1" 200 3581
66.249.77.97 - - [27/Apr/2016:02:14:05 +0800] "GET /content/nav/relationSubject.jsp?relationWords=&oid=16797240 HTTP/1.1" 200 1405
66.249.71.105 - - [27/Apr/2016:02:14:17 +0800] "GET /content/repository/resource_content.jsp?oid=1596127&queryType=qs&queryString=%E9%81%8E%E6%95%8F HTTP/1.1" 200 29049
66.249.71.113 - - [27/Apr/2016:02:14:27 +0800] "GET /content/nav/relationSubject.jsp?relationWords=%E5%85%92%E7%8E%89+%E7%85%A7%E7%89%87%E9%9B%86+&oid=4474291 HTTP/1.1" 200 3132
66.249.79.200 - - [27/Apr/2016:02:14:52 +0800] "GET /content/nav/relationSubject.jsp?relationWords=&oid=1781519 HTTP/1.1" 200 1405
66.249.71.60 - - [27/Apr/2016:02:14:59 +0800] "GET /content/nav/relationSubject.jsp?relationWords=%E5%B8%B8%E5%82%99%E5%85%B5+&oid=1542839 HTTP/1.1" 200 3944
66.249.71.60 - - [27/Apr/2016:02:15:26 +0800] "GET /content/repository/resource_content.jsp?oid=1105731 HTTP/1.1" 200 30046
66.249.79.107 - - [27/Apr/2016:02:15:58 +0800] "GET /content/nav/relationSubject.jsp?relationWords=%E5%85%AC%E5%AD%B8%E6%A0%A1+%E5%90%8E%E9%87%8C+%E8%A8%B1%E5%A4%A9%E5%A5%8E+&oid=1887922 HTTP/1.1" 200 3288
66.249.71.105 - - [27/Apr/2016:02:16:00 +0800] "GET /content/nav/relationSubject.jsp?relationWords=%E4%B8%8A%E8%AB%AD+%E5%90%8F%E9%83%A8+&oid=2659023 HTTP/1.1" 200 3106
66.249.79.200 - - [27/Apr/2016:02:16:34 +0800] "GET /content/repository/resource_content.jsp?oid=4361951&queryString=%E8%A7%80%E9%9F%B3%E4%BD%9B%E7%A5%96 HTTP/1.1" 200 29696
66.249.79.139 - - [27/Apr/2016:02:16:47 +0800] "GET /content/nav/relationSubject.jsp?relationWords=&oid=4362959 HTTP/1.1" 200 1405
66.249.71.113 - - [27/Apr/2016:02:17:42 +0800] "GET /content/repository/resource_content.jsp?oid=2145095&queryType=qs&queryString=%E7%95%AA%E9%BE%8D%E7%9C%BC HTTP/1.1" 200 31209
101.12.147.66 - - [27/Apr/2016:02:18:50 +0800] "GET /content/subject/resource_content.jsp?oid=16797271&queryType=qc HTTP/1.1" 200 55170
66.249.71.5 - - [27/Apr/2016:02:18:51 +0800] "GET /digiarch3/content/repository/resource_content.jsp?oid=2676719&queryType=qs&queryString=%E6%BB%BF%E6%96%87 HTTP/1.1" 200 30642
101.12.147.66 - - [27/Apr/2016:02:18:51 +0800] "GET /content/nav/relationSubject.jsp?relationWords=&oid=16797271 HTTP/1.1" 200 1405
66.249.71.5 - - [27/Apr/2016:02:19:28 +0800] "GET /digiarch3/content/nav/relationSubject.jsp?relationWords=%E9%9D%92%E5%89%9B+%E9%9D%92%E5%89%9B%E6%AB%9F+&oid=16777396 HTTP/1.1" 200 4042
66.249.71.5 - - [27/Apr/2016:02:19:31 +0800] "GET /digiarch3/content/nav/relationSubject.jsp?relationWords=%E9%9D%92%E5%89%9B%20%E9%9D%92%E5%89%9B%E6%AB%9F%20&oid=16777396 HTTP/1.1" 200 4042
66.249.71.60 - - [27/Apr/2016:02:19:41 +0800] "GET /content/nav/relationSubject.jsp?relationWords=%E5%85%AD%E7%B7%9A%E9%95%B7%E9%AF%8A+%E8%9D%A6%E8%99%8E%E7%A7%91+%E8%9D%A6%E8%99%8E%E9%AD%9A+&oid=16107 HTTP/1.1" 200 3365
66.249.79.207 - - [27/Apr/2016:02:19:43 +0800] "GET /content/nav/relationSubject.jsp?relationWords=%E5%85%AD%E7%B7%9A%E9%95%B7%E9%AF%8A%20%E8%9D%A6%E8%99%8E%E7%A7%91%20%E8%9D%A6%E8%99%8E%E9%AD%9A%20&oid=16107 HTTP/1.1" 200 3365
66.249.79.186 - - [27/Apr/2016:02:20:00 +0800] "GET /digiarch3/content/subject/resource_content.jsp?oid=16777463&queryString= HTTP/1.1" 200 28400
66.249.71.60 - - [27/Apr/2016:02:20:04 +0800] "GET /content/repository/resource_content.jsp?oid=2598953 HTTP/1.1" 200 29137
66.249.71.5 - - [27/Apr/2016:02:20:24 +0800] "GET /digiarch3/content/nav/relationSubject.jsp?relationWords=%E6%BB%BF%E6%96%87+%E7%A6%AE%E9%83%A8+%E7%AF%86%E6%9B%B8+&oid=2676719 HTTP/1.1" 200 3142
66.249.71.5 - - [27/Apr/2016:02:20:26 +0800] "GET /digiarch3/content/nav/relationSubject.jsp?relationWords=%E6%BB%BF%E6%96%87%20%E7%A6%AE%E9%83%A8%20%E7%AF%86%E6%9B%B8%20&oid=2676719 HTTP/1.1" 200 3142
140.112.240.46 - - [27/Apr/2016:02:20:37 +0800] "GET /content/nav/relationSubject.jsp?relationWords=&oid=16777328 HTTP/1.1" 200 1405
68.180.230.90 - - [27/Apr/2016:02:20:51 +0800] "GET /content/subject/resource_content.jsp?oid=16777659&queryType=qc HTTP/1.1" 200 32090
207.46.13.151 - - [27/Apr/2016:02:21:39 +0800] "GET /content/subject/resource_content.jsp?oid=16797259&queryType=qc HTTP/1.1" 200 44075
157.55.39.176 - - [27/Apr/2016:02:21:56 +0800] "GET /content/nav/relationSubject.jsp?relationWords=&oid=16797259 HTTP/1.1" 200 1405
66.249.71.60 - - [27/Apr/2016:02:22:13 +0800] "GET /content/nav/relationSubject.jsp?relationWords=%E6%9F%B3%E8%91%89%E5%B1%B1%E8%8C%B6+%E8%8C%B6%E5%B1%AC+&oid=1111355 HTTP/1.1" 200 3160
66.249.71.60 - - [27/Apr/2016:02:22:15 +0800] "GET /content/nav/relationSubject.jsp?relationWords=%E6%9F%B3%E8%91%89%E5%B1%B1%E8%8C%B6%20%E8%8C%B6%E5%B1%AC%20&oid=1111355 HTTP/1.1" 200 3160
66.249.71.105 - - [27/Apr/2016:02:24:00 +0800] "GET /content/nav/relationSubject.jsp?relationWords=%E4%BA%BA%E5%90%8D%E6%AC%8A%E5%A8%81+%E5%96%80%E6%8B%89%E7%BD%95+%E7%8E%8B%E6%AD%A3%E5%BB%B7+%E8%98%87%E8%81%AF+&oid=704450 HTTP/1.1" 200 3307
66.249.77.91 - - [27/Apr/2016:02:24:07 +0800] "GET /content/nav/relationSubject.jsp?relationWords=%E5%A4%BE%E7%AB%B9%E6%A1%83%E7%A7%91+%E5%B1%B1%E9%A6%AC%E8%8C%B6+%E6%A4%8D%E7%89%A9%E7%95%8C+%E9%A6%AC%E8%8C%B6%E8%8A%B1+%E9%A6%AC%E8%B9%84%E8%8A%B1+%E9%A6%AC%E8%B9%84%E8%8A%B1%E5%B1%AC+%E9%BE%8D%E8%86%BD+&oid=1105280 HTTP/1.1" 200 3677
66.249.71.60 - - [27/Apr/2016:02:24:09 +0800] "GET /content/nav/relationSubject.jsp?relationWords=&oid=2598953 HTTP/1.1" 200 1405
66.249.71.60 - - [27/Apr/2016:02:24:31 +0800] "GET /content/nav/relationSubject.jsp?relationWords=%E5%85%AC%E5%8B%99%E4%BA%BA%E5%93%A1%20%E5%B0%B1%E6%A5%AD%E8%BC%94%E5%B0%8E%20%E6%94%BF%E5%BA%9C%E7%B5%84%E7%B9%94%20%E6%BA%AA%E5%A2%98%20%E7%94%9F%E7%94%A2%E6%88%90%E6%9C%AC%20%E7%95%A2%E6%A5%AD%E7%94%9F%20%E9%A0%90%E9%98%B2%20&oid=1610684 HTTP/1.1" 200 3485
66.249.71.60 - - [27/Apr/2016:02:24:35 +0800] "GET /content/tmp_exh/resource_content.jsp?oid=16777834&queryString= HTTP/1.1" 200 27576
66.249.71.121 - - [27/Apr/2016:02:25:08 +0800] "GET /content/nav/relationSubject.jsp?relationWords=%E9%8A%B7%E9%B9%BD+%E9%B9%BD%E5%BC%95+&oid=2510288 HTTP/1.1" 200 4424
66.249.71.113 - - [27/Apr/2016:02:25:14 +0800] "GET /content/nav/relationSubject.jsp?relationWords=%E9%8A%B7%E9%B9%BD%20%E9%B9%BD%E5%BC%95%20&oid=2510288 HTTP/1.1" 200 4424
66.249.71.188 - - [27/Apr/2016:02:25:27 +0800] "GET /content/nav/relationSubject.jsp?relationWords=%E5%A0%82%E9%8A%9C+%E7%89%87%E5%82%AC+%E7%A6%AE%E9%83%A8+%E9%8A%9C%E4%BA%8B+&oid=2671087 HTTP/1.1" 200 3168
66.249.79.200 - - [27/Apr/2016:02:26:48 +0800] "GET /content/nav/relationSubject.jsp?relationWords=%E6%A4%8D%E7%89%A9%E7%95%8C+%E7%A7%8B%E5%88%86%E8%8D%89+%E7%A7%8B%E5%88%86%E8%8D%89%E5%B1%AC+%E8%8F%8A%E7%A7%91+%E9%9B%99%E5%AD%90%E8%91%89%E6%A4%8D%E7%89%A9+&oid=1108419 HTTP/1.1" 200 3408
66.249.79.200 - - [27/Apr/2016:02:26:51 +0800] "GET /content/nav/relationSubject.jsp?relationWords=%E6%A4%8D%E7%89%A9%E7%95%8C%20%E7%A7%8B%E5%88%86%E8%8D%89%20%E7%A7%8B%E5%88%86%E8%8D%89%E5%B1%AC%20%E8%8F%8A%E7%A7%91%20%E9%9B%99%E5%AD%90%E8%91%89%E6%A4%8D%E7%89%A9%20&oid=1108419 HTTP/1.1" 200 3408
66.249.71.60 - - [27/Apr/2016:02:28:06 +0800] "GET /content/nav/relationSubject.jsp?relationWords=%E5%85%AC%E6%B0%91%E6%8A%95%E7%A5%A8+%E6%8A%95%E7%A5%A8%E6%89%80+&oid=1546133 HTTP/1.1" 200 5143
66.249.71.113 - - [27/Apr/2016:02:28:09 +0800] "GET /content/nav/relationSubject.jsp?relationWords=%E6%9E%97%E7%8D%BB%E5%A0%82+%E7%81%8C%E5%9C%92+%E7%81%8C%E5%9C%92%E5%85%88%E7%94%9F+%E9%9C%A7%E5%B3%B0+&oid=16777783 HTTP/1.1" 200 6077
66.249.71.105 - - [27/Apr/2016:02:28:11 +0800] "GET /content/nav/relationSubject.jsp?relationWords=%E6%9E%97%E7%8D%BB%E5%A0%82%20%E7%81%8C%E5%9C%92%20%E7%81%8C%E5%9C%92%E5%85%88%E7%94%9F%20%E9%9C%A7%E5%B3%B0%20&oid=16777783 HTTP/1.1" 200 6077
140.112.4.173 - - [27/Apr/2016:02:29:52 +0800] "GET /content/repository/resource_content.jsp?oid=1461708&queryString=%E4%B8%89%E9%BB%9E%E9%87%91%E8%8D%89%20%E5%B1%B1%E8%9E%9E%E8%9D%97%E5%B1%AC%20%E6%A4%8D%E7%89%A9%E7%95%8C%20%E8%A0%85%E7%BF%BC%E8%8D%89%20%E8%A0%B6%E8%B1%86%20%E9%9B%99%E5%AD%90%E8%91%89%E6%A4%8D%E7%89%A9 HTTP/1.1" 200 31830
140.112.4.173 - - [27/Apr/2016:02:29:55 +0800] "GET /content/nav/relationSubject.jsp?relationWords=%E4%B8%89%E9%BB%9E%E9%87%91%E8%8D%89+%E5%B1%B1%E8%9E%9E%E8%9D%97%E5%B1%AC+%E6%A4%8D%E7%89%A9%E7%95%8C+%E8%A0%85%E7%BF%BC%E8%8D%89+%E8%A0%B6%E8%B1%86+%E9%9B%99%E5%AD%90%E8%91%89%E6%A4%8D%E7%89%A9+&oid=1461708 HTTP/1.1" 200 3501
66.249.71.23 - - [27/Apr/2016:02:30:19 +0800] "GET /digiarch3/content/subject/resource_content.jsp?oid=16777345&queryType=qc HTTP/1.1" 200 35036
66.249.71.72 - - [27/Apr/2016:02:31:03 +0800] "GET /content/nav/relationSubject.jsp?relationWords=%E5%96%AE%E8%89%B2+%E6%9D%B1%E5%8C%97%E5%9C%B0%E5%8D%80+%E8%87%A8%E6%B1%9F%E7%B8%A3+&oid=196134 HTTP/1.1" 200 3307
66.249.71.72 - - [27/Apr/2016:02:31:05 +0800] "GET /content/nav/relationSubject.jsp?relationWords=%E5%96%AE%E8%89%B2%20%E6%9D%B1%E5%8C%97%E5%9C%B0%E5%8D%80%20%E8%87%A8%E6%B1%9F%E7%B8%A3%20&oid=196134 HTTP/1.1" 200 3307
66.249.79.251 - - [27/Apr/2016:02:31:28 +0800] "GET /content/subject/resource_content.jsp?oid=16777448&queryType=qc HTTP/1.1" 200 34511
40.77.167.76 - - [27/Apr/2016:02:31:44 +0800] "GET /content/repository/resource_content.jsp?oid=1599767&queryType=qs&queryString=%E5%AE%89%E5%85%A8%E5%B8%BD HTTP/1.1" 200 45379
27.246.21.200 - - [27/Apr/2016:02:31:56 +0800] "GET /content/subject/resource_content.jsp?oid=16797287&queryType=qc HTTP/1.1" 200 88347
27.246.21.200 - - [27/Apr/2016:02:31:57 +0800] "GET /content/nav/relationSubject.jsp?relationWords=%E5%8F%B0%E7%81%A3%E5%8E%9F%E4%BD%8F%E6%B0%91+&oid=16797287 HTTP/1.1" 200 4742
66.249.71.64 - - [27/Apr/2016:02:32:34 +0800] "GET /content/nav/relationSubject.jsp?relationWords=%E6%95%B8%E4%BD%8D%E5%85%B8%E8%97%8F+&oid=16777379 HTTP/1.1" 200 5913
66.249.77.85 - - [27/Apr/2016:02:32:36 +0800] "GET /content/subject/resource_content.jsp?oid=16777624&queryType=qc HTTP/1.1" 200 119503
66.249.79.200 - - [27/Apr/2016:02:33:46 +0800] "GET /content/subject/resource_content.jsp?oid=16777776&queryType=qc HTTP/1.1" 200 61601
66.249.79.105 - - [27/Apr/2016:02:34:08 +0800] "GET /content/nav/relationSubject.jsp?relationWords=%E7%B8%BD%E5%85%B5%E5%AE%98+&oid=2674061 HTTP/1.1" 200 3138
66.249.71.105 - - [27/Apr/2016:02:34:13 +0800] "GET /content/nav/relationSubject.jsp?relationWords=%E7%B8%BD%E5%85%B5%E5%AE%98%20&oid=2674061 HTTP/1.1" 200 3138
66.249.71.60 - - [27/Apr/2016:02:34:54 +0800] "GET /content/subject/resource_content.jsp?oid=16777345&queryString=%E5%8D%97%E6%B9%96%E5%A4%A7%E5%B1%B1%20%E5%8D%97%E6%B9%96%E6%9D%9C%E9%B5%91%20%E6%9D%9C%E9%B5%91%20%E7%8E%89%E5%B1%B1%E6%9D%9C%E9%B5%91%20%E7%B4%B0%E8%91%89%20%E7%B4%B0%E8%91%89%E6%9D%9C%E9%B5%91%20%E8%A5%BF%E6%96%BD%20%E8%A5%BF%E6%96%BD%E8%8A%B1 HTTP/1.1" 200 35119
66.249.71.60 - - [27/Apr/2016:02:35:30 +0800] "GET /content/tmp_exh/resource_content.jsp?oid=16777763&queryType=qc%201889 HTTP/1.1" 200 31603
66.249.77.85 - - [27/Apr/2016:02:36:03 +0800] "GET /content/subject/resource_content.jsp?oid=16777659&queryType=qs&queryString=%E7%BE%8E%E5%B0%91%E5%A5%B3 HTTP/1.1" 200 31921
66.249.71.64 - - [27/Apr/2016:02:36:21 +0800] "GET /content/repository/resource_content.jsp?oid=2654215&queryString=%E5%84%84%E8%BC%89%E9%87%91%E5%9F%8E%20%E5%AD%94%E5%AD%90%E5%BB%9F%20%E5%AE%89%E5%B9%B3%E5%8F%A4%E5%A0%A1%20%E8%87%BA%E5%8D%97%E5%B8%82 HTTP/1.1" 200 30373
66.249.71.105 - - [27/Apr/2016:02:37:13 +0800] "GET /content/repository/resource_content.jsp?oid=2679917&queryType=qs&queryString=%E7%A6%8F%E6%99%89 HTTP/1.1" 200 30276
36.232.68.244 - - [27/Apr/2016:02:37:23 +0800] "GET /content/subject/resource_content.jsp?oid=16797292&queryType=qc HTTP/1.1" 200 57226
36.232.68.244 - - [27/Apr/2016:02:37:26 +0800] "GET /content/nav/relationSubject.jsp?relationWords=&oid=16797292 HTTP/1.1" 200 1405
66.249.79.214 - - [27/Apr/2016:02:38:21 +0800] "GET /content/repository/resource_content.jsp?oid=173738 HTTP/1.1" 200 31333
66.249.71.60 - - [27/Apr/2016:02:38:45 +0800] "GET /content/nav/relationSubject.jsp?relationWords=%E7%A5%9E%E6%A1%88+&oid=1634962 HTTP/1.1" 200 3203
66.249.71.60 - - [27/Apr/2016:02:39:29 +0800] "GET /content/repository/resource_content.jsp?oid=1097812 HTTP/1.1" 200 31022
66.249.71.113 - - [27/Apr/2016:02:40:38 +0800] "GET /content/repository/resource_content.jsp?oid=4364488&queryType=qs&queryString=%E5%8C%97%E7%AE%A1 HTTP/1.1" 200 28834
66.249.77.85 - - [27/Apr/2016:02:41:48 +0800] "GET /content/repository/resource_content.jsp?oid=1533155&queryString=%E6%A9%9F%E6%A2%B0%20%E7%B6%93%E6%BF%9F%E9%83%A8 HTTP/1.1" 200 29546
66.249.71.72 - - [27/Apr/2016:02:42:07 +0800] "GET /content/nav/relationSubject.jsp?relationWords=%E4%BA%A4%E9%80%9A%E5%AE%89%E5%85%A8+%E5%AE%89%E5%85%A8%E6%A1%88+&oid=1607648 HTTP/1.1" 200 4501
66.249.71.72 - - [27/Apr/2016:02:42:55 +0800] "GET /content/subject/resource_content.jsp?oid=16777574&queryString=%E5%8F%A4%E5%9C%B0%E5%9C%96 HTTP/1.1" 200 29098
66.249.71.50 - - [27/Apr/2016:02:42:56 +0800] "GET /content/nav/relationSubject.jsp?relationWords=%E6%A1%83%E9%87%91%E5%AD%83+%E6%A1%83%E9%87%91%E5%AD%83%E7%A7%91+%E6%A4%8D%E7%89%A9%E7%95%8C+&oid=3826398 HTTP/1.1" 200 3293
66.249.71.60 - - [27/Apr/2016:02:42:59 +0800] "GET /content/nav/relationSubject.jsp?relationWords=%E5%B5%8C%E7%89%87+&oid=1868544 HTTP/1.1" 200 2987
66.249.71.50 - - [27/Apr/2016:02:43:00 +0800] "GET /content/nav/relationSubject.jsp?relationWords=%E6%A1%83%E9%87%91%E5%AD%83%20%E6%A1%83%E9%87%91%E5%AD%83%E7%A7%91%20%E6%A4%8D%E7%89%A9%E7%95%8C%20&oid=3826398 HTTP/1.1" 200 3293
66.249.71.121 - - [27/Apr/2016:02:44:02 +0800] "GET /content/nav/relationSubject.jsp?relationWords=%E5%8D%B7%E9%A6%96+&oid=4465887 HTTP/1.1" 200 2927
66.249.71.64 - - [27/Apr/2016:02:44:40 +0800] "GET /content/nav/relationSubject.jsp?relationWords=%E5%A4%AA%E5%B8%B8%E5%AF%BA%20%E5%AD%94%E5%AD%90%E5%BB%9F%20&oid=2654215 HTTP/1.1" 200 3116
66.249.71.60 - - [27/Apr/2016:02:45:08 +0800] "GET /content/nav/relationSubject.jsp?relationWords=%E4%B9%B3%E9%A6%99+%E5%B7%B4%E8%A5%BF%E4%B9%B3%E9%A6%99+%E5%B7%B4%E8%A5%BF%E8%83%A1%E6%A4%92%E6%9C%A8+%E6%A4%8D%E7%89%A9%E7%95%8C+%E6%BC%86%E6%A8%B9+%E6%BC%86%E6%A8%B9%E7%A7%91+%E7%84%A1%E6%82%A3%E5%AD%90+%E8%83%A1%E6%A4%92%E6%9C%A8+%E8%83%A1%E6%A4%92%E6%9C%A8%E5%B1%AC+&oid=1106027 HTTP/1.1" 200 3639
66.249.77.91 - - [27/Apr/2016:02:45:13 +0800] "GET /content/repository/resource_content.jsp?oid=2513253&queryString=%E7%A7%91%E8%88%89 HTTP/1.1" 200 30229
66.249.71.60 - - [27/Apr/2016:02:46:22 +0800] "GET /content/repository/resource_content.jsp?oid=2146689&queryString=%E6%9D%9C%E9%B5%91%E8%8A%B1%20%E6%9D%9C%E9%B5%91%E8%8A%B1%E5%B1%AC%20%E6%9D%9C%E9%B5%91%E8%8A%B1%E7%A7%91%20%E6%A4%8D%E7%89%A9%E7%95%8C%20%E8%91%97%E7%94%9F%E6%9D%9C%E9%B5%91 HTTP/1.1" 200 31756
66.249.71.60 - - [27/Apr/2016:02:46:56 +0800] "GET /content/nav/relationSubject.jsp?relationWords=%E5%B7%A5%E9%83%A8+%E7%81%AB%E8%97%A5+&oid=2676302 HTTP/1.1" 200 3084
66.249.79.200 - - [27/Apr/2016:02:47:13 +0800] "GET /content/repository/resource_content.jsp?oid=1590820 HTTP/1.1" 200 28496
66.249.71.60 - - [27/Apr/2016:02:47:31 +0800] "GET /content/repository/resource_content.jsp?oid=3813436&queryString=%E6%A4%8D%E7%89%A9%E7%95%8C%20%E7%B4%AB%E8%8F%80%E5%B1%AC%20%E8%8F%8A%E7%A7%91%20%E9%9B%99%E5%AD%90%E8%91%89%E6%A4%8D%E7%89%A9%20%E9%9B%AA%E5%B1%B1%E9%A6%AC%E8%98%AD HTTP/1.1" 200 31392
66.249.77.85 - - [27/Apr/2016:02:49:19 +0800] "GET /content/nav/relationSubject.jsp?relationWords=%E5%B7%A5%E5%8F%8B%20%E6%A9%9F%E6%A2%B0%20%E7%9C%81%E6%94%BF%E5%BA%9C%20%E8%87%BA%E7%81%A3%E7%9C%81%E8%AD%B0%E6%9C%83%20%E8%AD%B0%E5%93%A1%E9%BB%83%E5%A0%AF%20&oid=1533155 HTTP/1.1" 200 4672
66.249.71.60 - - [27/Apr/2016:02:50:57 +0800] "GET /content/repository/resource_content.jsp?oid=1115134 HTTP/1.1" 200 31673
66.249.79.105 - - [27/Apr/2016:02:50:57 +0800] "GET /content/nav/relationSubject.jsp?relationWords=%E5%90%8F%E9%83%A8+&oid=2671886 HTTP/1.1" 200 3101
66.249.71.105 - - [27/Apr/2016:02:51:06 +0800] "GET /content/nav/relationSubject.jsp?relationWords=%E5%90%8F%E9%83%A8%20&oid=2671886 HTTP/1.1" 200 3101
66.249.71.64 - - [27/Apr/2016:02:51:16 +0800] "GET /content/nav/relationSubject.jsp?relationWords=%E6%A4%8D%E7%89%A9%E7%95%8C+%E6%BE%A4%E8%98%AD%E5%B1%AC+%E7%94%B0%E4%BB%A3%E6%B0%8F%E6%BE%A4%E8%98%AD+%E8%8F%8A%E7%A7%91+%E9%9B%99%E5%AD%90%E8%91%89%E6%A4%8D%E7%89%A9+&oid=1106279 HTTP/1.1" 200 3460
66.249.71.60 - - [27/Apr/2016:02:51:29 +0800] "GET /content/nav/relationSubject.jsp?relationWords=%E6%B0%91%E9%98%B2+%E7%BE%A9%E6%B6%88+%E8%B3%AA%E8%A9%A2+&oid=1595595 HTTP/1.1" 200 3982
66.249.71.60 - - [27/Apr/2016:02:51:31 +0800] "GET /content/nav/relationSubject.jsp?relationWords=%E6%B0%91%E9%98%B2%20%E7%BE%A9%E6%B6%88%20%E8%B3%AA%E8%A9%A2%20&oid=1595595 HTTP/1.1" 200 3982
66.249.71.60 - - [27/Apr/2016:02:52:06 +0800] "GET /content/repository/resource_content.jsp?oid=3812588&queryString=%E5%B1%8F%E6%9D%B1%E8%8A%B1%E6%A4%92%20%E6%A4%8D%E7%89%A9%E7%95%8C%20%E8%8A%B1%E6%A4%92%E5%B1%AC%20%E8%8A%B8%E9%A6%99%20%E8%8A%B8%E9%A6%99%E7%A7%91 HTTP/1.1" 200 31187
66.249.71.60 - - [27/Apr/2016:02:52:38 +0800] "GET /content/repository/resource_content.jsp?oid=1099244 HTTP/1.1" 200 31353
66.249.71.60 - - [27/Apr/2016:02:52:59 +0800] "GET /content/nav/relationSubject.jsp?relationWords=%E4%BA%8C%E4%BB%81%E6%BA%AA+%E4%BA%94%E9%87%91+%E7%92%B0%E4%BF%9D+&oid=1630365 HTTP/1.1" 200 14250
66.249.71.60 - - [27/Apr/2016:02:53:18 +0800] "GET /content/nav/relationSubject.jsp?relationWords=%E9%AA%A8%E7%AE%AD%E9%A0%AD+&oid=1854591 HTTP/1.1" 200 2990
66.249.71.60 - - [27/Apr/2016:02:53:21 +0800] "GET /content/nav/relationSubject.jsp?relationWords=%E9%AA%A8%E7%AE%AD%E9%A0%AD%20&oid=1854591 HTTP/1.1" 200 2990
66.249.71.60 - - [27/Apr/2016:02:53:36 +0800] "GET /content/nav/relationSubject.jsp?relationWords=%E5%B1%8F%E6%9D%B1%E8%8A%B1%E6%A4%92+%E6%A4%8D%E7%89%A9%E7%95%8C+%E8%8A%B1%E6%A4%92%E5%B1%AC+%E8%8A%B8%E9%A6%99+%E8%8A%B8%E9%A6%99%E7%A7%91+&oid=3812588 HTTP/1.1" 200 3267
66.249.71.60 - - [27/Apr/2016:02:53:40 +0800] "GET /content/nav/relationSubject.jsp?relationWords=%E5%B1%8F%E6%9D%B1%E8%8A%B1%E6%A4%92%20%E6%A4%8D%E7%89%A9%E7%95%8C%20%E8%8A%B1%E6%A4%92%E5%B1%AC%20%E8%8A%B8%E9%A6%99%20%E8%8A%B8%E9%A6%99%E7%A7%91%20&oid=3812588 HTTP/1.1" 200 3267
66.249.71.60 - - [27/Apr/2016:02:53:47 +0800] "GET /content/nav/relationSubject.jsp?relationWords=%E5%85%AB%E5%BA%9C+%E5%BA%9C%E5%BB%BA%E6%B0%B4+%E6%B0%B4%E5%AD%97+%E9%A0%90%E7%AE%97+&oid=1571168 HTTP/1.1" 200 4700
66.249.71.60 - - [27/Apr/2016:02:53:51 +0800] "GET /content/nav/relationSubject.jsp?relationWords=%E5%85%AB%E5%BA%9C%20%E5%BA%9C%E5%BB%BA%E6%B0%B4%20%E6%B0%B4%E5%AD%97%20%E9%A0%90%E7%AE%97%20&oid=1571168 HTTP/1.1" 200 4700
66.249.71.60 - - [27/Apr/2016:02:54:01 +0800] "GET /content/nav/relationSubject.jsp?relationWords=%E5%8D%81%E5%AD%97%E8%8A%B1%E7%A7%91+%E6%A4%8D%E7%89%A9%E7%95%8C+%E6%B2%B9%E8%8F%9C+%E8%95%93%E8%8B%94%E5%B1%AC+%E9%9B%99%E5%AD%90%E8%91%89%E6%A4%8D%E7%89%A9+&oid=1115134 HTTP/1.1" 200 5299
66.249.71.60 - - [27/Apr/2016:02:54:03 +0800] "GET /content/nav/relationSubject.jsp?relationWords=%E5%8D%81%E5%AD%97%E8%8A%B1%E7%A7%91%20%E6%A4%8D%E7%89%A9%E7%95%8C%20%E6%B2%B9%E8%8F%9C%20%E8%95%93%E8%8B%94%E5%B1%AC%20%E9%9B%99%E5%AD%90%E8%91%89%E6%A4%8D%E7%89%A9%20&oid=1115134 HTTP/1.1" 200 5299
66.249.79.200 - - [27/Apr/2016:02:54:24 +0800] "GET /content/repository/resource_content.jsp?oid=1893683 HTTP/1.1" 200 28518
66.249.71.60 - - [27/Apr/2016:02:55:15 +0800] "GET /content/nav/relationSubject.jsp?relationWords=%E5%A4%A7%E8%B1%86%E5%B1%AC+%E6%A4%8D%E7%89%A9%E7%95%8C+%E8%A0%B6%E8%B1%86+%E9%87%8E%E5%A4%A7%E8%B1%86+%E9%9B%99%E5%AD%90%E8%91%89%E6%A4%8D%E7%89%A9+%E9%B3%A5%E8%B1%86+&oid=2145931 HTTP/1.1" 200 3432
66.249.79.200 - - [27/Apr/2016:02:55:16 +0800] "GET /content/nav/relationSubject.jsp?relationWords=%E6%B2%99%E9%B9%BF%20&oid=1590820 HTTP/1.1" 200 3714
66.249.79.200 - - [27/Apr/2016:02:55:17 +0800] "GET /content/nav/relationSubject.jsp?relationWords=%E5%A4%A7%E8%B1%86%E5%B1%AC%20%E6%A4%8D%E7%89%A9%E7%95%8C%20%E8%A0%B6%E8%B1%86%20%E9%87%8E%E5%A4%A7%E8%B1%86%20%E9%9B%99%E5%AD%90%E8%91%89%E6%A4%8D%E7%89%A9%20%E9%B3%A5%E8%B1%86%20&oid=2145931 HTTP/1.1" 200 3432
66.249.77.91 - - [27/Apr/2016:02:55:32 +0800] "GET /content/subject/resource_content.jsp?oid=16777254&queryString= HTTP/1.1" 200 34627
66.249.71.121 - - [27/Apr/2016:02:56:14 +0800] "GET /content/nav/relationSubject.jsp?relationWords=&oid=16797295 HTTP/1.1" 200 1405
66.249.77.97 - - [27/Apr/2016:02:56:32 +0800] "GET /content/nav/relationSubject.jsp?relationWords=%E7%8B%97%E9%B0%B7+&oid=15986 HTTP/1.1" 200 3437
66.249.79.135 - - [27/Apr/2016:02:56:35 +0800] "GET /content/nav/relationSubject.jsp?relationWords=%E7%8B%97%E9%B0%B7%20&oid=15986 HTTP/1.1" 200 3437
66.249.77.85 - - [27/Apr/2016:02:56:41 +0800] "GET /content/subject/resource_content.jsp?oid=16777360&queryString=%E6%BC%A2%E4%BB%A3%20%E6%BC%A2%E7%B0%A1%20%E7%95%AA%E7%A4%BE%E9%87%87%E9%A2%A8%E5%9C%96%20%E7%B0%A1%E7%89%98 HTTP/1.1" 200 46301
66.249.71.60 - - [27/Apr/2016:02:57:10 +0800] "GET /content/nav/relationSubject.jsp?relationWords=%E5%B5%8C%E7%89%87%20&oid=1846927 HTTP/1.1" 200 2987
66.249.71.194 - - [27/Apr/2016:02:57:45 +0800] "GET /content/nav/relationSubject.jsp?relationWords=%E4%BC%8A%E7%88%B6+%E5%88%91%E9%83%A8+%E6%88%90%E5%AF%A7+&oid=2634914 HTTP/1.1" 200 3165
66.249.77.91 - - [27/Apr/2016:02:57:50 +0800] "GET /content/subject/resource_content.jsp?oid=16777459&queryType=qs&queryString=%E9%81%99%E6%B8%AC%E5%BD%B1%E5%83%8F HTTP/1.1" 200 40373
66.249.71.72 - - [27/Apr/2016:02:58:04 +0800] "GET /content/repository/resource_content.jsp?oid=1812140 HTTP/1.1" 200 29159
200.11.208.125 - - [27/Apr/2016:02:58:37 +0800] "GET /content/nav/relationSubject.jsp?relationWords=%E6%96%B9%E9%BC%8E+%E9%9B%B2%E9%9B%B7%E7%B4%8B%E5%88%97%E9%BC%8E+%E9%9D%92%E9%8A%85%E5%99%A8+&oid=16777446 HTTP/1.1" 200 4066
66.249.71.14 - - [27/Apr/2016:02:58:38 +0800] "GET /content/nav/relationSubject.jsp?relationWords=%E4%BA%AC%E9%8A%85+%E5%B7%A5%E9%83%A8+%E9%89%9B%E8%88%B9+&oid=2690176 HTTP/1.1" 200 3138
66.249.71.5 - - [27/Apr/2016:02:58:43 +0800] "GET /content/nav/relationSubject.jsp?relationWords=%E4%BA%AC%E9%8A%85%20%E5%B7%A5%E9%83%A8%20%E9%89%9B%E8%88%B9%20&oid=2690176 HTTP/1.1" 200 3138
66.249.71.188 - - [27/Apr/2016:02:58:58 +0800] "GET /content/repository/resource_content.jsp?oid=2677552&queryType=qs&queryString=%E6%B8%85%E8%81%96%E7%A5%96 HTTP/1.1" 200 29053
203.133.171.83 - - [27/Apr/2016:02:59:00 +0800] "GET /content/nav/relationSubject.jsp?relationWords=%E6%AA%AC%E6%9E%9C+%E8%8A%92%E6%9E%9C+&oid=16777508 HTTP/1.1" 200 4379
66.249.71.194 - - [27/Apr/2016:02:59:22 +0800] "GET /content/nav/relationSubject.jsp?relationWords=&oid=2677552 HTTP/1.1" 200 1405
66.249.77.85 - - [27/Apr/2016:03:00:07 +0800] "GET /content/subject/resource_content.jsp?oid=16777304&queryType=qc HTTP/1.1" 200 36246
66.249.71.5 - - [27/Apr/2016:03:00:14 +0800] "GET /digiarch3/content/nav/relationSubject.jsp?relationWords=%E5%A4%9A%E6%A8%A3%E6%80%A7+%E9%AD%AF%E5%87%B1%E6%97%8F+%E9%B8%9A%E9%B5%A1%E8%9E%BA+&oid=16777476 HTTP/1.1" 200 5179
66.249.79.109 - - [27/Apr/2016:03:00:23 +0800] "GET /content/nav/relationSubject.jsp?relationWords=%E5%88%91%E9%83%A8+%E5%AF%A9%E6%93%AC%E7%8E%8B+%E9%95%B7%E5%BA%9A+&oid=2638596 HTTP/1.1" 200 3180
66.249.79.107 - - [27/Apr/2016:03:01:30 +0800] "GET /content/nav/relationSubject.jsp?relationWords=%E7%B4%A2%E5%80%AB+%E8%B2%82%E7%9A%AE+%E9%80%B2%E8%B2%A2+&oid=2680531 HTTP/1.1" 200 3160
66.249.71.5 - - [27/Apr/2016:03:01:41 +0800] "GET /digiarch3/content/nav/relationSubject.jsp?relationWords=%E7%89%B9%E5%AE%9A%E5%8D%80+%E7%BF%A1%E7%BF%A0%E6%B0%B4%E5%BA%AB+&oid=1594877 HTTP/1.1" 200 6691
66.249.71.72 - - [27/Apr/2016:03:01:46 +0800] "GET /content/nav/relationSubject.jsp?relationWords=%E9%A6%AC%E9%A7%9D+&oid=2662103 HTTP/1.1" 200 3054
66.249.71.60 - - [27/Apr/2016:03:03:12 +0800] "GET /content/nav/relationSubject.jsp?relationWords=%E5%AD%B8%E9%9B%9C%E8%B2%BB+&oid=1546673 HTTP/1.1" 200 4208
66.249.71.60 - - [27/Apr/2016:03:03:15 +0800] "GET /content/nav/relationSubject.jsp?relationWords=%E5%AD%B8%E9%9B%9C%E8%B2%BB%20&oid=1546673 HTTP/1.1" 200 4208
66.249.79.105 - - [27/Apr/2016:03:03:23 +0800] "GET /content/nav/relationSubject.jsp?relationWords=%E5%BD%B0%E5%8C%96%E9%8A%80%E8%A1%8C+%E6%9D%9C%E9%A6%99%E5%9C%8B+&oid=1887290 HTTP/1.1" 200 3172
66.249.71.59 - - [27/Apr/2016:03:03:31 +0800] "GET /content/repository/resource_content.jsp?oid=22854&queryString=%E7%89%9F%E5%A9%81%E6%93%AC%E9%B1%B8 HTTP/1.1" 200 30153
66.249.79.207 - - [27/Apr/2016:03:03:36 +0800] "GET /content/subject/resource_content.jsp?oid=16777721&queryString=%E6%A4%8D%E7%89%A9%E7%95%8C%20%E7%8E%89%E5%B1%B1%E8%96%84%E9%9B%AA%E8%8D%89%20%E8%8F%8A%E7%A7%91%20%E8%96%84%E9%9B%AA%E8%8D%89%E5%B1%AC%20%E9%9B%99%E5%AD%90%E8%91%89%E6%A4%8D%E7%89%A9 HTTP/1.1" 200 36216
66.249.71.121 - - [27/Apr/2016:03:03:38 +0800] "GET /content/nav/relationSubject.jsp?relationWords=%E5%AF%B6%E6%98%9F+%E5%B4%B4%E5%9F%A0+%E5%BC%B5%E6%85%B6%E6%A1%90+%E9%8A%80%E5%85%A9+%E9%9B%BB%E9%98%BB+&oid=817283 HTTP/1.1" 200 5520
66.249.71.121 - - [27/Apr/2016:03:03:41 +0800] "GET /content/nav/relationSubject.jsp?relationWords=%E5%AF%B6%E6%98%9F%20%E5%B4%B4%E5%9F%A0%20%E5%BC%B5%E6%85%B6%E6%A1%90%20%E9%8A%80%E5%85%A9%20%E9%9B%BB%E9%98%BB%20&oid=817283 HTTP/1.1" 200 5520
66.249.71.60 - - [27/Apr/2016:03:03:42 +0800] "GET /content/nav/relationSubject.jsp?relationWords=%E4%BA%94%E4%B8%80%E4%BA%8C+%E5%9B%9B%E5%BA%9C+%E5%B9%B3%E4%BA%A4%E9%81%93+%E6%85%88%E8%88%AA+%E8%AD%A6%E5%A0%B1%E5%99%A8+%E9%90%B5%E8%B7%AF%E5%B1%80+&oid=1584453 HTTP/1.1" 200 3707
66.249.71.105 - - [27/Apr/2016:03:03:46 +0800] "GET /content/nav/relationSubject.jsp?relationWords=%E5%90%8F%E9%83%A8+%E5%BE%90%E5%AE%97%E5%B9%B9+%E6%B1%80%E6%BC%B3%E9%BE%8D%E9%81%93+&oid=2684790 HTTP/1.1" 200 3216
66.249.71.105 - - [27/Apr/2016:03:03:51 +0800] "GET /content/nav/relationSubject.jsp?relationWords=%E5%90%8F%E9%83%A8%20%E5%BE%90%E5%AE%97%E5%B9%B9%20%E6%B1%80%E6%BC%B3%E9%BE%8D%E9%81%93%20&oid=2684790 HTTP/1.1" 200 3216
66.249.71.60 - - [27/Apr/2016:03:04:07 +0800] "GET /content/nav/relationSubject.jsp?relationWords=%E4%BA%BA%E5%90%8D%E6%AC%8A%E5%A8%81+%E5%BC%B5%E4%B8%AD+&oid=695334 HTTP/1.1" 200 3587
66.249.71.60 - - [27/Apr/2016:03:04:09 +0800] "GET /content/nav/relationSubject.jsp?relationWords=%E4%BA%BA%E5%90%8D%E6%AC%8A%E5%A8%81%20%E5%BC%B5%E4%B8%AD%20&oid=695334 HTTP/1.1" 200 3587
66.249.71.23 - - [27/Apr/2016:03:04:32 +0800] "GET /content/nav/relationSubject.jsp?relationWords=%E5%B1%B1%E5%BD%AA%E9%8E%AE+%E5%B1%B1%E5%BD%AA%E9%8E%AE%E5%A2%93+&oid=1834675 HTTP/1.1" 200 3138
66.249.79.186 - - [27/Apr/2016:03:04:36 +0800] "GET /content/nav/relationSubject.jsp?relationWords=%E5%B1%B1%E5%BD%AA%E9%8E%AE%20%E5%B1%B1%E5%BD%AA%E9%8E%AE%E5%A2%93%20&oid=1834675 HTTP/1.1" 200 3138
66.249.71.105 - - [27/Apr/2016:03:04:42 +0800] "GET /content/repository/resource_content.jsp?oid=4363149&queryType=qs&queryString=%E5%A5%91%E5%B0%BE HTTP/1.1" 200 28196
66.249.77.85 - - [27/Apr/2016:03:05:18 +0800] "GET /content/nav/relationSubject.jsp?relationWords=%E6%97%A5%E9%80%B2%E6%96%97%E9%87%91+%E6%9C%A8%E9%9B%95%E7%89%88%E7%95%AB+&oid=4362468 HTTP/1.1" 200 3106
66.249.77.85 - - [27/Apr/2016:03:05:20 +0800] "GET /content/nav/relationSubject.jsp?relationWords=%E6%97%A5%E9%80%B2%E6%96%97%E9%87%91%20%E6%9C%A8%E9%9B%95%E7%89%88%E7%95%AB%20&oid=4362468 HTTP/1.1" 200 3106
66.249.77.85 - - [27/Apr/2016:03:05:51 +0800] "GET /content/repository/resource_content.jsp?oid=1610356&queryString=%E5%8F%B0%E7%81%A3%E5%8E%9F%E4%BD%8F%E6%B0%91%20%E5%9F%BA%E5%9B%A0%20%E7%94%9F%E7%89%A9%E5%A4%9A%E6%A8%A3%E6%80%A7%20%E9%81%BA%E5%82%B3 HTTP/1.1" 200 29137
66.249.79.251 - - [27/Apr/2016:03:06:06 +0800] "GET /content/nav/relationSubject.jsp?relationWords=%E5%8F%B0%E7%81%A3%E5%8E%9F%E4%BD%8F%E6%B0%91+%E5%9C%B0%E6%96%B9%E6%94%BF%E6%B2%BB+%E5%B0%91%E6%95%B8%E6%B0%91%E6%97%8F+%E6%B0%91%E6%97%8F%E8%87%AA%E6%B2%BB+&oid=1776859 HTTP/1.1" 200 9615
66.249.71.113 - - [27/Apr/2016:03:07:00 +0800] "GET /content/repository/resource_content.jsp?oid=2581248&queryType=qs&queryString=%E7%BE%85%E5%9F%8E%E7%B8%A3 HTTP/1.1" 200 29244
66.249.79.214 - - [27/Apr/2016:03:07:10 +0800] "GET /content/nav/relationSubject.jsp?relationWords=%E9%8E%96%E7%AE%A1+%E9%8E%96%E7%AE%A1%E5%B1%AC+%E9%8E%96%E7%AE%A1%E7%A7%91+%E9%A0%AD%E8%B6%B3%E7%B6%B1+&oid=1123951 HTTP/1.1" 200 3471
66.249.71.60 - - [27/Apr/2016:03:07:13 +0800] "GET /content/nav/relationSubject.jsp?relationWords=%E9%8E%96%E7%AE%A1%20%E9%8E%96%E7%AE%A1%E5%B1%AC%20%E9%8E%96%E7%AE%A1%E7%A7%91%20%E9%A0%AD%E8%B6%B3%E7%B6%B1%20&oid=1123951 HTTP/1.1" 200 3471
66.249.79.200 - - [27/Apr/2016:03:07:56 +0800] "GET /digiarch_en/content/nav/relationSubject.jsp?relationWords=%E6%93%AC%E9%B1%B8+%E6%B2%99%E9%B1%B8+%E6%B5%B7%E7%8B%97%E7%94%98%E4%BB%94+%E8%88%89%E7%9B%AE%E9%AD%9A+%E8%8A%B1%E7%8B%97%E6%AF%8D%E6%B5%B7+%E9%9B%A8%E5%82%98%E9%96%82+%E9%BB%83%E6%93%AC%E9%B1%B8+&oid=15871 HTTP/1.1" 200 4650
66.249.71.105 - - [27/Apr/2016:03:08:09 +0800] "GET /content/repository/resource_content.jsp?oid=1887290&queryType=qs&queryString=%E5%BD%B0%E5%8C%96%E9%8A%80%E8%A1%8C HTTP/1.1" 200 31146
66.249.71.60 - - [27/Apr/2016:03:08:58 +0800] "GET /content/repository/resource_content.jsp?oid=1776744 HTTP/1.1" 200 28785
66.249.71.60 - - [27/Apr/2016:03:09:35 +0800] "GET /content/repository/resource_content.jsp?oid=1600176 HTTP/1.1" 200 29616
66.249.71.121 - - [27/Apr/2016:03:10:22 +0800] "GET /content/nav/relationSubject.jsp?relationWords=%E6%8D%90%E7%AB%A0%E7%A8%8B+%E7%A8%85%E6%8D%90+%E8%98%87%E4%BF%84+&oid=705173 HTTP/1.1" 200 3312
66.249.79.200 - - [27/Apr/2016:03:10:26 +0800] "GET /content/nav/relationSubject.jsp?relationWords=%E5%85%AE%E7%94%B2%E7%9B%A4+&oid=1812700 HTTP/1.1" 200 3120
66.249.71.60 - - [27/Apr/2016:03:10:27 +0800] "GET /digiarch_en/content/repository/resource_content.jsp?oid=523552&queryString=%E8%BB%9F%E9%AB%94%E5%8B%95%E7%89%A9%E9%96%80%20%E9%8E%96%E7%AE%A1%20%E9%8E%96%E7%AE%A1%E7%A7%91%20%E9%A0%AD%E8%B6%B3%E7%B6%B1 HTTP/1.1" 200 25548
66.249.71.105 - - [27/Apr/2016:03:10:28 +0800] "GET /content/nav/relationSubject.jsp?relationWords=%E6%8D%90%E7%AB%A0%E7%A8%8B%20%E7%A8%85%E6%8D%90%20%E8%98%87%E4%BF%84%20&oid=705173 HTTP/1.1" 200 3312
66.249.79.200 - - [27/Apr/2016:03:10:40 +0800] "GET /content/nav/relationSubject.jsp?relationWords=&oid=1614721 HTTP/1.1" 200 1405
66.249.77.85 - - [27/Apr/2016:03:11:35 +0800] "GET /content/subject/resource_content.jsp?oid=16777423&queryType=qc HTTP/1.1" 200 39725
66.249.79.105 - - [27/Apr/2016:03:11:54 +0800] "GET /content/nav/relationSubject.jsp?relationWords=%E5%8F%AF%E6%84%9B%E7%B0%BE%E8%9B%A4+%E5%B7%B4%E9%9D%9E%E8%9B%A4+%E6%A9%AB%E7%B0%BE%E8%9B%A4+%E7%B0%BE%E8%9B%A4+%E7%B0%BE%E8%9B%A4%E7%9B%AE+%E7%B0%BE%E8%9B%A4%E7%A7%91+%E8%9B%A4%E7%A7%91+%E9%9B%99%E6%AE%BC%E7%B6%B1+&oid=1124522 HTTP/1.1" 200 3692
66.249.71.105 - - [27/Apr/2016:03:11:56 +0800] "GET /content/nav/relationSubject.jsp?relationWords=%E5%8F%AF%E6%84%9B%E7%B0%BE%E8%9B%A4%20%E5%B7%B4%E9%9D%9E%E8%9B%A4%20%E6%A9%AB%E7%B0%BE%E8%9B%A4%20%E7%B0%BE%E8%9B%A4%20%E7%B0%BE%E8%9B%A4%E7%9B%AE%20%E7%B0%BE%E8%9B%A4%E7%A7%91%20%E8%9B%A4%E7%A7%91%20%E9%9B%99%E6%AE%BC%E7%B6%B1%20&oid=1124522 HTTP/1.1" 200 3692
66.249.77.85 - - [27/Apr/2016:03:12:44 +0800] "GET /content/subject/resource_content.jsp?oid=16777463&queryType=qc HTTP/1.1" 200 28409
66.249.71.5 - - [27/Apr/2016:03:13:09 +0800] "GET /digiarch3/content/nav/relationSubject.jsp?relationWords=%E6%B2%99%E6%A2%9D+%E7%81%B0%E8%B2%82%E9%AE%AB+&oid=14087 HTTP/1.1" 200 3361
66.249.71.5 - - [27/Apr/2016:03:13:10 +0800] "GET /digiarch3/content/nav/relationSubject.jsp?relationWords=%E6%B2%99%E6%A2%9D%20%E7%81%B0%E8%B2%82%E9%AE%AB%20&oid=14087 HTTP/1.1" 200 3361
66.249.71.60 - - [27/Apr/2016:03:13:26 +0800] "GET /content/nav/relationSubject.jsp?relationWords=%E6%95%99%E8%81%B7%E5%93%A1+%E6%95%99%E8%82%B2%E5%BB%B3+%E7%A6%8F%E5%88%A9%E9%87%91+&oid=1624151 HTTP/1.1" 200 3738
66.249.71.64 - - [27/Apr/2016:03:13:29 +0800] "GET /content/nav/relationSubject.jsp?relationWords=%E6%95%99%E8%81%B7%E5%93%A1%20%E6%95%99%E8%82%B2%E5%BB%B3%20%E7%A6%8F%E5%88%A9%E9%87%91%20&oid=1624151 HTTP/1.1" 200 3738
66.249.71.5 - - [27/Apr/2016:03:13:53 +0800] "GET /digiarch3/content/repository/resource_content.jsp?oid=4352908&queryType=qs&queryString=%E9%9A%86%E9%A0%AD%E9%AD%9A%E7%A7%91 HTTP/1.1" 200 37677
66.249.71.59 - - [27/Apr/2016:03:14:13 +0800] "GET /content/nav/relationSubject.jsp?relationWords=%E7%89%9F%E5%A9%81%E6%93%AC%E9%B1%B8%20&oid=22854 HTTP/1.1" 200 3258
66.249.71.72 - - [27/Apr/2016:03:14:23 +0800] "GET /content/repository/resource_content.jsp?oid=1456738 HTTP/1.1" 200 31063
66.249.71.60 - - [27/Apr/2016:03:14:50 +0800] "GET /content/nav/relationSubject.jsp?relationWords=%E6%9C%A8%E7%8A%80%E5%B1%AC+%E6%9C%A8%E7%8A%80%E7%A7%91+%E6%A4%8D%E7%89%A9%E7%95%8C+%E7%84%A1%E8%84%88%E6%9C%A8%E7%8A%80+%E7%8E%84%E5%8F%83+&oid=3826548 HTTP/1.1" 200 3438
66.249.71.5 - - [27/Apr/2016:03:15:02 +0800] "GET /digiarch3/content/subject/resource_content.jsp?oid=16777508&queryType=qs&queryString=%E6%9D%B1%E5%8D%97%E4%BA%9E HTTP/1.1" 200 36246
66.249.71.60 - - [27/Apr/2016:03:15:18 +0800] "GET /content/nav/relationSubject.jsp?relationWords=%E9%BB%83%E8%81%B2%E9%8F%9E+&oid=1891173 HTTP/1.1" 200 3210
66.249.79.200 - - [27/Apr/2016:03:16:22 +0800] "GET /content/nav/relationSubject.jsp?relationWords=%E5%9C%B0%E6%94%BF%E5%B1%80+%E5%A4%AA%E9%BA%BB%E9%87%8C+%E5%A8%9C%E6%8B%89%E9%A2%B1%E9%A2%A8+%E6%87%87%E8%BD%89+%E6%B0%91%E6%94%BF%E9%A1%9E+&oid=1635802 HTTP/1.1" 200 4217
66.249.71.60 - - [27/Apr/2016:03:17:19 +0800] "GET /content/subject/resource_content.jsp?oid=16777426 HTTP/1.1" 200 38877
27.246.18.4 - - [27/Apr/2016:03:17:20 +0800] "GET /content/nav/relationSubject.jsp?relationWords=%E6%B8%85%E8%81%96%E7%A5%96+&oid=16777381 HTTP/1.1" 200 2915
66.249.71.14 - - [27/Apr/2016:03:17:37 +0800] "GET /digiarch3/content/nav/relationSubject.jsp?relationWords=%E8%9D%B4%E8%9D%B6%E9%AD%9A%E7%A7%91+%E9%8A%80%E6%96%91%E8%9D%B6%E9%AD%9A+&oid=4352584 HTTP/1.1" 200 3139
66.249.79.139 - - [27/Apr/2016:03:19:05 +0800] "GET /content/nav/relationSubject.jsp?relationWords=%E5%88%91%E9%83%A8+%E6%83%85%E7%9C%9F%E5%BE%8B+%E7%A7%8B%E6%B1%BA+%E7%B5%9E%E7%9B%A3%E5%80%99+&oid=2555061 HTTP/1.1" 200 3230
40.77.167.76 - - [27/Apr/2016:03:19:26 +0800] "GET /content/subject/resource_content.jsp?oid=16797246&queryType=qc HTTP/1.1" 200 43651
66.249.71.194 - - [27/Apr/2016:03:19:31 +0800] "GET /content/nav/relationSubject.jsp?relationWords=%E4%B8%AD%E5%9C%8B%E5%A4%A7%E9%99%B8%E5%9C%B0%E5%9C%96+%E6%A2%85%E6%9D%91+&oid=206591 HTTP/1.1" 200 2556
66.249.71.72 - - [27/Apr/2016:03:19:37 +0800] "GET /content/repository/resource_content.jsp?oid=1888237&queryString=%E5%B8%BD%E8%93%86%20%E6%9D%8E%E6%99%A8%E9%90%98%20%E6%9D%9C%E6%B8%85 HTTP/1.1" 200 31343
66.249.71.60 - - [27/Apr/2016:03:19:47 +0800] "GET /content/repository/resource_content.jsp?oid=184261 HTTP/1.1" 200 30338
66.249.71.105 - - [27/Apr/2016:03:20:31 +0800] "GET /content/nav/relationSubject.jsp?relationWords=&oid=4362050 HTTP/1.1" 200 1405
66.249.79.200 - - [27/Apr/2016:03:20:46 +0800] "GET /content/subject/resource_content.jsp?oid=16797271&queryType=qc HTTP/1.1" 200 55170
66.249.71.60 - - [27/Apr/2016:03:20:54 +0800] "GET /content/nav/relationSubject.jsp?relationWords=%E6%93%AC%E7%BE%8A%E9%AD%9A+%E7%A7%8B%E5%A7%91+%E9%AC%9A%E5%93%A5+%E9%AC%9A%E9%AF%9B%E7%A7%91+%E9%AF%9B%E7%A7%91+&oid=15463 HTTP/1.1" 200 3504
36.232.72.54 - - [27/Apr/2016:03:21:31 +0800] "GET /content/repository/resource_content.jsp?oid=1463865 HTTP/1.1" 200 31547
36.232.72.54 - - [27/Apr/2016:03:21:31 +0800] "GET /content/nav/relationSubject.jsp?relationWords=%E4%BA%94%E6%9C%88%E8%8C%B6+%E4%BA%94%E6%9C%88%E8%8C%B6%E5%B1%AC+%E5%A4%A7%E6%88%9F+%E5%A4%A7%E6%88%9F%E7%A7%91+%E6%A4%8D%E7%89%A9%E7%95%8C+&oid=1463865 HTTP/1.1" 200 3385
66.249.71.60 - - [27/Apr/2016:03:21:40 +0800] "GET /content/nav/relationSubject.jsp?relationWords=%E4%B8%AD%E5%BA%B8%20%E5%8F%A4%E7%B1%8D%20%E8%81%AF%E5%90%88%E7%9B%AE%E9%8C%84%20&oid=3205200 HTTP/1.1" 200 4409
66.249.71.105 - - [27/Apr/2016:03:21:43 +0800] "GET /content/nav/relationSubject.jsp?relationWords=%E5%88%91%E9%83%A8+%E6%93%85%E9%81%9E+&oid=2641142 HTTP/1.1" 200 3130
66.249.71.113 - - [27/Apr/2016:03:21:45 +0800] "GET /content/nav/relationSubject.jsp?relationWords=%E5%88%91%E9%83%A8%20%E6%93%85%E9%81%9E%20&oid=2641142 HTTP/1.1" 200 3130
66.249.71.60 - - [27/Apr/2016:03:21:50 +0800] "GET /content/nav/relationSubject.jsp?relationWords=%E6%A4%8D%E7%89%A9%E7%95%8C+%E8%8F%8A%E7%A7%91+%E8%B1%AC%E8%8D%89+%E8%B1%AC%E8%8D%89%E5%B1%AC+%E9%9B%99%E5%AD%90%E8%91%89%E6%A4%8D%E7%89%A9+&oid=1110526 HTTP/1.1" 200 3320
66.249.71.60 - - [27/Apr/2016:03:21:52 +0800] "GET /content/nav/relationSubject.jsp?relationWords=%E6%A4%8D%E7%89%A9%E7%95%8C%20%E8%8F%8A%E7%A7%91%20%E8%B1%AC%E8%8D%89%20%E8%B1%AC%E8%8D%89%E5%B1%AC%20%E9%9B%99%E5%AD%90%E8%91%89%E6%A4%8D%E7%89%A9%20&oid=1110526 HTTP/1.1" 200 3320
66.249.71.113 - - [27/Apr/2016:03:21:54 +0800] "GET /content/repository/resource_content.jsp?oid=1105280&queryString=%E5%B1%B1%E8%8C%B6%E8%8A%B1%20%E6%9B%BC%E9%99%80%E7%BE%85%20%E6%9B%BC%E9%99%80%E7%BE%85%E8%8A%B1%20%E8%8C%B6%E8%8A%B1 HTTP/1.1" 200 31399
66.249.71.105 - - [27/Apr/2016:03:22:05 +0800] "GET /content/nav/relationSubject.jsp?relationWords=%E5%A4%BE%E7%AB%B9%E6%A1%83%E7%A7%91+%E5%B1%B1%E9%A6%AC%E8%8C%B6+%E6%A4%8D%E7%89%A9%E7%95%8C+%E9%A6%AC%E8%8C%B6%E8%8A%B1+%E9%A6%AC%E8%B9%84%E8%8A%B1+%E9%A6%AC%E8%B9%84%E8%8A%B1%E5%B1%AC+%E9%BE%8D%E8%86%BD+&oid=1105280 HTTP/1.1" 200 3677
66.249.71.105 - - [27/Apr/2016:03:22:20 +0800] "GET /content/nav/relationSubject.jsp?relationWords=&oid=2573506 HTTP/1.1" 200 1405
66.249.77.97 - - [27/Apr/2016:03:23:03 +0800] "GET /content/subject/resource_content.jsp?oid=16777781&queryType=qs&queryString=%E6%96%B0%E6%B0%91%E5%A0%B1 HTTP/1.1" 200 57421
66.249.71.60 - - [27/Apr/2016:03:23:25 +0800] "GET /content/nav/relationSubject.jsp?relationWords=&oid=2612967 HTTP/1.1" 200 1405
66.249.71.64 - - [27/Apr/2016:03:23:50 +0800] "GET /content/nav/relationSubject.jsp?relationWords=%E8%88%88%E4%BB%81%20%E9%99%B8%E6%B8%AC%E5%9C%96%20&oid=184261 HTTP/1.1" 200 3144
66.249.79.200 - - [27/Apr/2016:03:24:09 +0800] "GET /content/nav/relationSubject.jsp?relationWords=%E5%96%99%E5%90%BB%E9%B0%BB+%E7%B7%9A%E9%B0%BB+%E9%B0%BB%E7%A7%91+&oid=4354202 HTTP/1.1" 200 3219
66.249.79.186 - - [27/Apr/2016:03:24:12 +0800] "GET /content/repository/resource_content.jsp?oid=2671097&queryString=%E6%AC%BD%E5%A4%A9%E7%9B%A3 HTTP/1.1" 200 30340
66.249.71.60 - - [27/Apr/2016:03:24:20 +0800] "GET /content/nav/relationSubject.jsp?relationWords=%E5%92%8C%E5%B9%B3%E8%8F%B1%E6%9E%9C%E8%96%B9%20%E8%8F%B1%E6%9E%9C%E8%96%B9%20%E8%96%B9%E5%B1%AC%20&oid=1456738 HTTP/1.1" 200 3349
66.249.79.200 - - [27/Apr/2016:03:26:14 +0800] "GET /content/nav/relationSubject.jsp?relationWords=%E5%B6%BA%E5%8D%97%E9%87%8E%E8%8F%8A+%E6%96%91%E9%B3%A9%E8%8F%8A%E5%B1%AC+%E6%A4%8D%E7%89%A9%E7%95%8C+%E8%8F%8A%E7%A7%91+%E9%9B%99%E5%AD%90%E8%91%89%E6%A4%8D%E7%89%A9+&oid=1098326 HTTP/1.1" 200 3419
66.249.79.200 - - [27/Apr/2016:03:26:16 +0800] "GET /content/nav/relationSubject.jsp?relationWords=%E5%B6%BA%E5%8D%97%E9%87%8E%E8%8F%8A%20%E6%96%91%E9%B3%A9%E8%8F%8A%E5%B1%AC%20%E6%A4%8D%E7%89%A9%E7%95%8C%20%E8%8F%8A%E7%A7%91%20%E9%9B%99%E5%AD%90%E8%91%89%E6%A4%8D%E7%89%A9%20&oid=1098326 HTTP/1.1" 200 3419
66.249.71.60 - - [27/Apr/2016:03:26:31 +0800] "GET /content/repository/resource_content.jsp?oid=1456569 HTTP/1.1" 200 29947
66.249.79.200 - - [27/Apr/2016:03:26:38 +0800] "GET /content/nav/relationSubject.jsp?relationWords=%E4%B8%81%E9%A6%99+%E4%B8%81%E9%A6%99%E9%AD%9A+%E6%97%A5%E6%9C%AC%E9%8A%80%E5%B8%B6%E9%AF%A1+%E9%AF%A1%E7%A7%91+&oid=14374 HTTP/1.1" 200 3561
66.249.71.60 - - [27/Apr/2016:03:27:38 +0800] "GET /content/repository/resource_content.jsp?oid=1123291 HTTP/1.1" 200 29274
66.249.71.188 - - [27/Apr/2016:03:27:57 +0800] "GET /content/nav/relationSubject.jsp?relationWords=%E8%8B%A6%E8%8B%93+&oid=16777317 HTTP/1.1" 200 3183
66.249.71.60 - - [27/Apr/2016:03:28:40 +0800] "GET /content/nav/relationSubject.jsp?relationWords=%E5%B0%B1%E6%A5%AD%E8%BC%94%E5%B0%8E+%E6%A6%AE%E6%B0%91+%E6%AE%98%E5%BB%A2+&oid=1566282 HTTP/1.1" 200 3459
66.249.71.60 - - [27/Apr/2016:03:28:42 +0800] "GET /content/nav/relationSubject.jsp?relationWords=%E5%B0%B1%E6%A5%AD%E8%BC%94%E5%B0%8E%20%E6%A6%AE%E6%B0%91%20%E6%AE%98%E5%BB%A2%20&oid=1566282 HTTP/1.1" 200 3459
66.249.71.60 - - [27/Apr/2016:03:28:49 +0800] "GET /content/repository/resource_content.jsp?oid=1775377 HTTP/1.1" 200 37271
66.249.79.109 - - [27/Apr/2016:03:28:50 +0800] "GET /content/nav/relationSubject.jsp?relationWords=%E4%B8%BB%E8%A8%88%E8%99%95+%E5%8A%89%E7%B4%B9%E5%BF%97+%E7%B6%9C%E5%90%88%E9%A0%90%E7%AE%97+%E8%99%95%E9%95%B7+%E9%A0%90%E7%AE%97+&oid=1563224 HTTP/1.1" 200 5392
110.30.103.158 - - [27/Apr/2016:03:29:29 +0800] "GET /content/nav/relationSubject.jsp?relationWords=%E5%8D%83%E5%B9%B4%E6%A1%90+%E6%A1%90%E8%8A%B1+%E6%B2%B9%E6%A1%90+&oid=16777599 HTTP/1.1" 200 3738
164.132.161.9 - - [27/Apr/2016:03:30:30 +0800] "GET /content/tmp_tec/resource_content.jsp?oid=16777837 HTTP/1.1" 200 35560
66.249.71.60 - - [27/Apr/2016:03:30:42 +0800] "GET /content/nav/relationSubject.jsp?relationWords=&oid=16777831 HTTP/1.1" 200 1405
66.249.71.5 - - [27/Apr/2016:03:31:00 +0800] "GET /content/nav/relationSubject.jsp?relationWords=&oid=2576281 HTTP/1.1" 200 1405
66.249.71.105 - - [27/Apr/2016:03:31:13 +0800] "GET /content/nav/relationSubject.jsp?relationWords=%E5%8D%B0%E5%8B%99+%E5%A7%94%E7%BD%B2+%E6%8F%80%E5%93%A1+&oid=2683253 HTTP/1.1" 200 4021
66.249.71.121 - - [27/Apr/2016:03:31:17 +0800] "GET /content/nav/relationSubject.jsp?relationWords=%E5%8D%B0%E5%8B%99%20%E5%A7%94%E7%BD%B2%20%E6%8F%80%E5%93%A1%20&oid=2683253 HTTP/1.1" 200 4021
66.249.79.251 - - [27/Apr/2016:03:31:28 +0800] "GET /content/nav/relationSubject.jsp?relationWords=%E7%99%BD%E7%9C%BC%E9%AE%AB+%E7%99%BD%E7%9C%BC%E9%AE%AB%E7%A7%91+%E7%9C%9F%E9%AF%8A+&oid=4354011 HTTP/1.1" 200 3413
66.249.71.60 - - [27/Apr/2016:03:32:21 +0800] "GET /content/nav/relationSubject.jsp?relationWords=%E6%A4%8D%E7%89%A9%E7%95%8C+%E7%B4%AB%E8%8F%AB+%E7%B4%AB%E8%8F%AB%E5%B1%AC+%E9%BB%83%E8%8F%AB+&oid=1457173 HTTP/1.1" 200 3283
66.249.79.200 - - [27/Apr/2016:03:32:24 +0800] "GET /content/nav/relationSubject.jsp?relationWords=%E6%A4%8D%E7%89%A9%E7%95%8C%20%E7%B4%AB%E8%8F%AB%20%E7%B4%AB%E8%8F%AB%E5%B1%AC%20%E9%BB%83%E8%8F%AB%20&oid=1457173 HTTP/1.1" 200 3283
66.249.71.60 - - [27/Apr/2016:03:32:52 +0800] "GET /content/nav/relationSubject.jsp?relationWords=%E5%91%A8%E6%85%A7%E7%91%9B+%E5%BC%B5%E6%BA%AB%E9%B7%B9+%E6%9E%97%E6%BA%90+%E8%94%A1%E4%BB%8B%E9%9B%84+&oid=1892874 HTTP/1.1" 200 3308
66.249.71.60 - - [27/Apr/2016:03:32:54 +0800] "GET /content/nav/relationSubject.jsp?relationWords=%E5%91%A8%E6%85%A7%E7%91%9B%20%E5%BC%B5%E6%BA%AB%E9%B7%B9%20%E6%9E%97%E6%BA%90%20%E8%94%A1%E4%BB%8B%E9%9B%84%20&oid=1892874 HTTP/1.1" 200 3308
66.249.71.60 - - [27/Apr/2016:03:33:09 +0800] "GET /content/nav/relationSubject.jsp?relationWords=%E4%BF%A1%E5%A3%AB+%E5%BD%B0%E5%8C%96%E5%B8%82+%E6%97%A5%E6%93%9A%E6%99%82%E6%9C%9F+%E7%84%A1%E7%B7%9A%E9%9B%BB+%E7%8E%8B%E9%81%99%E8%B3%93+%E7%9C%81%E6%94%BF%E5%BA%9C+%E8%97%A5%E5%8A%91%E5%B8%AB+%E9%9B%BB%E4%BF%A1+&oid=1523529 HTTP/1.1" 200 5593
66.249.71.60 - - [27/Apr/2016:03:33:11 +0800] "GET /content/nav/relationSubject.jsp?relationWords=%E4%BF%A1%E5%A3%AB%20%E5%BD%B0%E5%8C%96%E5%B8%82%20%E6%97%A5%E6%93%9A%E6%99%82%E6%9C%9F%20%E7%84%A1%E7%B7%9A%E9%9B%BB%20%E7%8E%8B%E9%81%99%E8%B3%93%20%E7%9C%81%E6%94%BF%E5%BA%9C%20%E8%97%A5%E5%8A%91%E5%B8%AB%20%E9%9B%BB%E4%BF%A1%20&oid=1523529 HTTP/1.1" 200 5593
66.249.71.5 - - [27/Apr/2016:03:33:22 +0800] "GET /digiarch3/content/repository/resource_content.jsp?oid=15254&queryString=%E5%B7%B4%E6%94%8F%20%E7%A1%AC%E5%B0%BE HTTP/1.1" 200 34451
66.249.71.5 - - [27/Apr/2016:03:33:51 +0800] "GET /digiarch3/content/nav/relationSubject.jsp?relationWords=%E5%A4%A7%E7%9B%AE%E5%AD%94+%E5%A4%A7%E7%9B%AE%E5%B7%B4%E6%94%8F+%E5%A4%A7%E7%9B%AE%E7%93%9C%E4%BB%94+&oid=15254 HTTP/1.1" 200 3173
66.249.77.91 - - [27/Apr/2016:03:34:31 +0800] "GET /content/subject/resource_content.jsp?oid=16777488&queryType=qs&queryString=%E8%A3%B8%E8%83%B8%E9%AF%99 HTTP/1.1" 200 60805
66.249.71.188 - - [27/Apr/2016:03:35:13 +0800] "GET /content/nav/relationSubject.jsp?relationWords=%E5%AF%92%E6%BA%AA%E6%9D%91+%E9%AB%98%E5%B1%B1%E6%97%8F+&oid=16777656 HTTP/1.1" 200 5051
66.249.77.85 - - [27/Apr/2016:03:35:40 +0800] "GET /content/nav/relationSubject.jsp?relationWords=%E5%A4%96%E5%8C%AF%20%E7%B4%A1%E7%B9%94%E5%93%81%20&oid=1538958 HTTP/1.1" 200 4636
123.125.71.80 - - [27/Apr/2016:03:36:05 +0800] "GET /digiarch_en/content/subject/resource_content.jsp?oid=16777372&queryType=qc HTTP/1.1" 200 22043
66.249.71.72 - - [27/Apr/2016:03:36:05 +0800] "GET /content/repository/resource_content.jsp?oid=2674212&queryString=%E9%9D%96%E5%8D%97%E7%8E%8B HTTP/1.1" 200 30188
66.249.77.97 - - [27/Apr/2016:03:36:38 +0800] "GET /content/nav/relationSubject.jsp?relationWords=%E6%99%AF%E9%A0%97%E6%97%8F+&oid=4364196 HTTP/1.1" 200 1415
66.249.71.64 - - [27/Apr/2016:03:37:12 +0800] "GET /content/nav/relationSubject.jsp?relationWords=%E5%81%A5%E5%BA%B7%E6%A1%88+%E5%81%BD%E8%97%A5+%E6%86%B2%E6%B3%95+%E6%88%90%E8%97%A5+%E6%94%A4%E8%B2%A9+%E6%9C%B1%E8%90%AC%E6%88%90+%E6%B8%85%E9%9B%B2+%E8%80%83%E8%A9%A6%E6%B3%95+%E8%87%BA%E7%81%A3%E7%9C%81+%E8%87%BA%E7%81%A3%E7%9C%81%E8%A1%9B%E7%94%9F%E8%99%95+%E8%97%A5%E5%8A%91%E5%B8%AB+%E8%97%A5%E7%89%A9+%E8%A1%9B%E7%94%9F%E8%99%95+%E8%AC%9D%E6%B8%85+%E8%AC%9D%E6%B8%85%E9%9B%B2+%E8%AD%B7%E6%B3%95+&oid=1896494 HTTP/1.1" 200 5018
66.249.71.60 - - [27/Apr/2016:03:37:13 +0800] "GET /content/nav/relationSubject.jsp?relationWords=%E5%81%A5%E5%BA%B7%E6%A1%88%20%E5%81%BD%E8%97%A5%20%E6%86%B2%E6%B3%95%20%E6%88%90%E8%97%A5%20%E6%94%A4%E8%B2%A9%20%E6%9C%B1%E8%90%AC%E6%88%90%20%E6%B8%85%E9%9B%B2%20%E8%80%83%E8%A9%A6%E6%B3%95%20%E8%87%BA%E7%81%A3%E7%9C%81%20%E8%87%BA%E7%81%A3%E7%9C%81%E8%A1%9B%E7%94%9F%E8%99%95%20%E8%97%A5%E5%8A%91%E5%B8%AB%20%E8%97%A5%E7%89%A9%20%E8%A1%9B%E7%94%9F%E8%99%95%20%E8%AC%9D%E6%B8%85%20%E8%AC%9D%E6%B8%85%E9%9B%B2%20%E8%AD%B7%E6%B3%95%20&oid=1896494 HTTP/1.1" 200 5018
144.76.27.118 - - [27/Apr/2016:03:38:19 +0800] "GET /content/subject/resource_content.jsp?oid=16777842&queryType=qc HTTP/1.1" 200 36275
144.76.27.118 - - [27/Apr/2016:03:38:23 +0800] "GET /content/subject/resource_content.jsp?oid=16777841&queryType=qc HTTP/1.1" 200 27539
144.76.27.118 - - [27/Apr/2016:03:38:26 +0800] "GET /content/subject/resource_content.jsp?oid=16777839&queryType=qc HTTP/1.1" 200 27193
144.76.27.118 - - [27/Apr/2016:03:38:29 +0800] "GET /content/subject/resource_content.jsp?oid=16777840&queryType=qc HTTP/1.1" 200 40649
144.76.27.118 - - [27/Apr/2016:03:38:34 +0800] "GET /content/subject/resource_content.jsp?oid=16777838&queryType=qc HTTP/1.1" 200 59049
144.76.27.118 - - [27/Apr/2016:03:38:37 +0800] "GET /content/subject/resource_content.jsp?oid=16777801&queryType=qc HTTP/1.1" 200 43010
144.76.27.118 - - [27/Apr/2016:03:38:40 +0800] "GET /content/subject/resource_content.jsp?oid=16777749&queryType=qc HTTP/1.1" 200 41248
144.76.27.118 - - [27/Apr/2016:03:38:44 +0800] "GET /content/subject/resource_content.jsp?oid=16777742&queryType=qc HTTP/1.1" 200 39026
144.76.27.118 - - [27/Apr/2016:03:38:47 +0800] "GET /content/subject/resource_content.jsp?oid=16777741&queryType=qc HTTP/1.1" 200 53538
144.76.27.118 - - [27/Apr/2016:03:38:51 +0800] "GET /content/subject/resource_content.jsp?oid=16777740&queryType=qc HTTP/1.1" 200 41298
144.76.27.118 - - [27/Apr/2016:03:38:54 +0800] "GET /content/subject/resource_content.jsp?oid=16777805&queryType=qc HTTP/1.1" 200 35146
144.76.27.118 - - [27/Apr/2016:03:38:58 +0800] "GET /content/subject/resource_content.jsp?oid=16777736&queryType=qc HTTP/1.1" 200 43166
144.76.27.118 - - [27/Apr/2016:03:39:01 +0800] "GET /content/subject/resource_content.jsp?oid=16777721&queryType=qc HTTP/1.1" 200 36329
144.76.27.118 - - [27/Apr/2016:03:39:05 +0800] "GET /content/subject/resource_content.jsp?oid=16777599&queryType=qc HTTP/1.1" 200 36977
144.76.27.118 - - [27/Apr/2016:03:39:09 +0800] "GET /content/subject/resource_content.jsp?oid=16777448&queryType=qc HTTP/1.1" 200 34500
144.76.27.118 - - [27/Apr/2016:03:39:11 +0800] "GET /content/subject/resource_content.jsp?oid=16777779&queryType=qc HTTP/1.1" 200 37712
144.76.27.118 - - [27/Apr/2016:03:39:15 +0800] "GET /content/subject/resource_content.jsp?oid=16777780&queryType=qc HTTP/1.1" 200 33936
144.76.27.118 - - [27/Apr/2016:03:39:19 +0800] "GET /content/subject/resource_content.jsp?oid=16777764&queryType=qc HTTP/1.1" 200 40780
