66.249.71.105 - - [30/Apr/2016:04:15:15 +0800] "GET /content/repository/resource_content.jsp?oid=2629011&queryType=qs&queryString=%E8%8A%AE%E5%9F%8E%E7%B8%A3 HTTP/1.1" 200 29627
66.249.71.188 - - [30/Apr/2016:04:16:14 +0800] "GET /content/subject/resource_content.jsp?oid=16777565&queryType=qs&queryString=%E7%9A%AE%E8%86%9A HTTP/1.1" 200 34403
66.249.79.200 - - [30/Apr/2016:04:16:16 +0800] "GET /content/repository/resource_content.jsp?oid=2559884 HTTP/1.1" 200 29228
66.249.79.109 - - [30/Apr/2016:04:16:47 +0800] "GET /content/repository/resource_content.jsp?oid=1899110&queryType=qs&queryString=%E5%BA%9C%E8%BE%B2%E6%BC%81%E5%AD%97 HTTP/1.1" 200 30672
66.249.79.105 - - [30/Apr/2016:04:16:51 +0800] "GET /content/nav/relationSubject.jsp?relationWords=%E5%89%8D%E9%8E%AE+%E5%B7%A5%E6%A5%AD%E7%94%A8%E5%9C%B0+%E7%9C%81%E6%94%BF%E5%BA%9C+%E8%91%A3%E4%BA%8B%E9%95%B7+%E8%94%A1%E4%BB%8B%E9%9B%84+%E8%94%A1%E9%99%B3%E7%BF%A0+%E9%83%BD%E5%B8%82%E8%A8%88%E7%95%AB+%E9%AB%98%E9%9B%84%E5%B8%82+%E9%AB%98%E9%9B%84%E6%B8%AF%E5%8B%99%E5%B1%80+&oid=1899110 HTTP/1.1" 200 4902
123.125.71.111 - - [30/Apr/2016:04:17:12 +0800] "GET /digiarch_en/content/subject/resource_content.jsp?oid=16777614&queryType=qc HTTP/1.1" 200 40646
66.249.71.60 - - [30/Apr/2016:04:17:19 +0800] "GET /content/repository/resource_content.jsp?oid=1581483&queryString=%E9%81%A0%E6%B4%8B%E6%BC%81%E8%88%B9 HTTP/1.1" 200 29877
66.249.71.60 - - [30/Apr/2016:04:17:36 +0800] "GET /content/nav/relationSubject.jsp?relationWords=&oid=2685979 HTTP/1.1" 200 1405
66.249.79.165 - - [30/Apr/2016:04:17:52 +0800] "GET /content/subject/resource_content.jsp?oid=16777620&queryType=qs&queryString=%E5%95%86%E6%A5%AD%E5%9C%98%E9%AB%94 HTTP/1.1" 200 54816
173.252.88.150 - - [30/Apr/2016:04:18:07 +0800] "GET /content/repository/resource_content.jsp?oid=17212 HTTP/1.1" 200 29624
66.249.71.60 - - [30/Apr/2016:04:18:25 +0800] "GET /content/repository/resource_content.jsp?oid=1620841 HTTP/1.1" 200 28820
66.249.71.60 - - [30/Apr/2016:04:18:29 +0800] "GET /content/nav/relationSubject.jsp?relationWords=%E5%85%AC%E6%95%99%E4%BA%BA%E5%93%A1+%E7%9C%B7%E8%88%8D+&oid=1620841 HTTP/1.1" 200 4138
66.249.71.5 - - [30/Apr/2016:04:18:57 +0800] "GET /content/repository/resource_content.jsp?oid=1522402&queryString=%E5%9C%8B%E7%88%B6%20%E5%B8%82%E8%AD%B0%E6%9C%83%20%E6%8D%90%E4%BA%8B%20%E7%B4%80%E5%BF%B5%E9%A4%A8%20%E8%87%BA%E7%81%A3%E7%9C%81%E8%AD%B0%E6%9C%83%20%E8%AD%B0%E9%95%B7 HTTP/1.1" 200 33796
66.249.71.5 - - [30/Apr/2016:04:19:30 +0800] "GET /content/repository/resource_content.jsp?oid=1524534&queryString=%E4%BA%BA%E5%8F%A3%E5%A3%93%E5%8A%9B%20%E5%9C%B0%E4%B8%8B%E6%B0%B4%20%E6%9E%97%E7%94%A2%E7%AE%A1%E7%90%86%E5%B1%80%20%E8%BE%B2%E6%A5%AD%E6%A9%9F%E6%A2%B0%E5%8C%96 HTTP/1.1" 200 29777
66.249.71.60 - - [30/Apr/2016:04:20:05 +0800] "GET /content/repository/resource_content.jsp?oid=2557585 HTTP/1.1" 200 29079
66.249.71.60 - - [30/Apr/2016:04:20:56 +0800] "GET /content/nav/relationSubject.jsp?relationWords=%E7%9F%B3%E7%8B%97%E5%85%AC+&oid=23813 HTTP/1.1" 200 3505
66.249.71.113 - - [30/Apr/2016:04:22:21 +0800] "GET /content/repository/resource_content.jsp?oid=2675875&queryType=qs&queryString=%E7%9B%B4%E7%9C%81 HTTP/1.1" 200 30308
66.249.79.186 - - [30/Apr/2016:04:22:48 +0800] "GET /content/repository/resource_content.jsp?oid=1562292&queryString=%E5%AE%B3%E8%9F%B2%20%E6%A4%8D%E7%89%A9%E6%AA%A2%E7%96%AB HTTP/1.1" 200 29853
118.165.32.39 - - [30/Apr/2016:04:22:55 +0800] "GET /content/repository/resource_content.jsp?oid=518216&queryString=%E7%83%8F%E8%B3%8A%20%E7%83%8F%E8%B3%8A%E5%B1%AC%20%E7%83%8F%E8%B3%8A%E7%A7%91%20%E8%99%8E%E6%96%91%E7%83%8F%E8%B3%8A%20%E9%A0%AD%E8%B6%B3%E7%B6%B1 HTTP/1.1" 200 31648
118.165.32.39 - - [30/Apr/2016:04:22:57 +0800] "GET /content/nav/relationSubject.jsp?relationWords=%E6%93%AC%E7%83%8F%E8%B3%8A+%E8%BB%9F%E7%BF%85%E4%BB%94+%E8%BB%9F%E7%BF%85%E4%BB%94%E5%B1%AC+%E9%8E%96%E7%AE%A1%E7%A7%91+%E9%A0%AD%E8%B6%B3%E7%B6%B1+&oid=518216 HTTP/1.1" 200 2722
66.249.71.60 - - [30/Apr/2016:04:23:23 +0800] "GET /content/repository/resource_content.jsp?oid=1780638 HTTP/1.1" 200 28173
66.249.71.105 - - [30/Apr/2016:04:23:23 +0800] "GET /content/nav/relationSubject.jsp?relationWords=%E9%9B%85%E7%BE%8E%E6%97%8F+&oid=1781117 HTTP/1.1" 200 2870
66.249.79.109 - - [30/Apr/2016:04:23:28 +0800] "GET /content/nav/relationSubject.jsp?relationWords=%E9%9B%85%E7%BE%8E%E6%97%8F%20&oid=1781117 HTTP/1.1" 200 2870
66.249.71.5 - - [30/Apr/2016:04:23:51 +0800] "GET /digiarch3/content/subject/resource_content.jsp?oid=16777287&queryType=qc HTTP/1.1" 200 33603
66.249.79.135 - - [30/Apr/2016:04:24:24 +0800] "GET /content/repository/resource_content.jsp?oid=2148126&queryString=%E5%A4%A7%E8%91%89%E5%B1%B1%E8%9E%9E%E8%9D%97%20%E5%B1%B1%E8%9E%9E%E8%9D%97%E5%B1%AC%20%E6%A4%8D%E7%89%A9%E7%95%8C%20%E8%A0%B6%E8%B1%86%20%E9%9B%99%E5%AD%90%E8%91%89%E6%A4%8D%E7%89%A9 HTTP/1.1" 200 31595
66.249.79.186 - - [30/Apr/2016:04:24:38 +0800] "GET /digiarch3/content/nav/relationSubject.jsp?relationWords=%E5%A7%94%E7%BD%B2+%E5%BE%B7%E5%B1%B1+%E7%A5%AD%E6%96%87+%E7%A6%AE%E9%83%A8+&oid=2688084 HTTP/1.1" 200 4468
66.249.71.5 - - [30/Apr/2016:04:24:40 +0800] "GET /digiarch3/content/nav/relationSubject.jsp?relationWords=%E5%A7%94%E7%BD%B2%20%E5%BE%B7%E5%B1%B1%20%E7%A5%AD%E6%96%87%20%E7%A6%AE%E9%83%A8%20&oid=2688084 HTTP/1.1" 200 4468
66.249.71.105 - - [30/Apr/2016:04:25:32 +0800] "GET /content/repository/resource_content.jsp?oid=1887922&queryType=qs&queryString=%E5%90%8E%E9%87%8C HTTP/1.1" 200 29857
66.249.71.60 - - [30/Apr/2016:04:25:48 +0800] "GET /content/nav/relationSubject.jsp?relationWords=%E5%85%AD%E9%BE%9C+%E5%B7%B4%E8%98%AD+%E6%9E%97%E5%8B%99%E5%B1%80+%E8%87%BA%E7%81%A3%E7%9C%81%E6%94%BF%E5%BA%9C+%E8%8E%8A%E5%8C%97%E6%96%97+%E8%AC%9D%E8%B2%B4+%E8%B3%B4%E6%A6%AE%E6%9C%A8+%E8%BE%B2%E6%9E%97%E5%BB%B3+&oid=1532353 HTTP/1.1" 200 5496
66.249.71.60 - - [30/Apr/2016:04:25:52 +0800] "GET /content/nav/relationSubject.jsp?relationWords=%E5%85%AD%E9%BE%9C%20%E5%B7%B4%E8%98%AD%20%E6%9E%97%E5%8B%99%E5%B1%80%20%E8%87%BA%E7%81%A3%E7%9C%81%E6%94%BF%E5%BA%9C%20%E8%8E%8A%E5%8C%97%E6%96%97%20%E8%AC%9D%E8%B2%B4%20%E8%B3%B4%E6%A6%AE%E6%9C%A8%20%E8%BE%B2%E6%9E%97%E5%BB%B3%20&oid=1532353 HTTP/1.1" 200 5496
66.249.71.60 - - [30/Apr/2016:04:26:03 +0800] "GET /content/repository/resource_content.jsp?oid=2659790 HTTP/1.1" 200 29767
66.249.77.91 - - [30/Apr/2016:04:26:34 +0800] "GET /content/repository/resource_content.jsp?oid=15378&queryString=%E6%96%91%E7%9F%B3%20%E6%96%91%E7%9F%B3%E9%AF%9B%20%E7%9F%B3%E9%AF%9B%20%E7%A1%AC%E6%AE%BC%E4%BB%94%20%E9%AF%9B%E7%A7%91 HTTP/1.1" 200 34634
66.249.77.85 - - [30/Apr/2016:04:27:07 +0800] "GET /content/repository/resource_content.jsp?oid=4352550&queryString=%E6%9B%B2%E7%B4%8B%E8%9D%B4%E8%9D%B6%E9%AD%9A%20%E8%9D%B4%E8%9D%B6%E9%AD%9A%E7%A7%91 HTTP/1.1" 200 34826
66.249.71.5 - - [30/Apr/2016:04:27:09 +0800] "GET /digiarch3/content/nav/relationSubject.jsp?relationWords=%E5%80%8D%E8%89%AF+%E5%AE%89%E7%B4%8D%E5%9C%B0%E9%A0%B8%E9%B0%AD%E9%AD%9A+%E6%A5%94%E9%AF%9B+%E7%9F%AD%E9%A0%B8+%E7%B4%85%E5%A7%91%E5%A8%98%E4%BB%94+%E7%B4%85%E6%96%B0%E5%A8%98+%E8%83%AD%E8%84%82%E5%86%B7+%E8%99%B9%E5%BD%A9%E9%AF%9B+%E8%A7%92%E9%BE%8D+%E8%B1%8E%E5%81%9C%E4%BB%94+%E9%9A%86%E9%A0%AD%E9%AD%9A%E7%A7%91+%E9%9B%A2%E9%B0%AD%E9%AF%9B+%E9%A0%B8%E9%B0%AD%E9%AD%9A+&oid=15829 HTTP/1.1" 200 4156
66.249.71.5 - - [30/Apr/2016:04:27:12 +0800] "GET /digiarch3/content/nav/relationSubject.jsp?relationWords=%E5%80%8D%E8%89%AF%20%E5%AE%89%E7%B4%8D%E5%9C%B0%E9%A0%B8%E9%B0%AD%E9%AD%9A%20%E6%A5%94%E9%AF%9B%20%E7%9F%AD%E9%A0%B8%20%E7%B4%85%E5%A7%91%E5%A8%98%E4%BB%94%20%E7%B4%85%E6%96%B0%E5%A8%98%20%E8%83%AD%E8%84%82%E5%86%B7%20%E8%99%B9%E5%BD%A9%E9%AF%9B%20%E8%A7%92%E9%BE%8D%20%E8%B1%8E%E5%81%9C%E4%BB%94%20%E9%9A%86%E9%A0%AD%E9%AD%9A%E7%A7%91%20%E9%9B%A2%E9%B0%AD%E9%AF%9B%20%E9%A0%B8%E9%B0%AD%E9%AD%9A%20&oid=15829 HTTP/1.1" 200 4156
66.249.77.85 - - [30/Apr/2016:04:27:40 +0800] "GET /content/repository/resource_content.jsp?oid=4448952&queryString=%E4%BF%9D%E5%8A%9B%20%E5%9C%B0%E5%BD%A2%E5%9C%96%20%E7%86%B1%E6%B2%B3%E7%9C%81 HTTP/1.1" 200 29926
66.249.71.105 - - [30/Apr/2016:04:28:12 +0800] "GET /content/repository/resource_content.jsp?oid=2516398&queryType=qs&queryString=%E6%80%A5%E6%95%91 HTTP/1.1" 200 29632
68.180.230.90 - - [30/Apr/2016:04:28:40 +0800] "GET /content/pictures/picture_content.jsp?oid=33554796 HTTP/1.1" 200 27307
66.249.71.105 - - [30/Apr/2016:04:28:45 +0800] "GET /content/repository/resource_content.jsp?oid=2660644&queryType=qs&queryString=%E5%B7%A6%E8%A1%9B HTTP/1.1" 200 30004
66.249.71.113 - - [30/Apr/2016:04:29:18 +0800] "GET /content/repository/resource_content.jsp?oid=1627252&queryType=qs&queryString=%E8%B6%99%E9%AB%98 HTTP/1.1" 200 29018
66.249.71.105 - - [30/Apr/2016:04:29:50 +0800] "GET /content/repository/resource_content.jsp?oid=2669742&queryType=qs&queryString=%E7%8E%8B%E6%AE%BF%E5%85%83 HTTP/1.1" 200 29960
66.249.71.60 - - [30/Apr/2016:04:30:25 +0800] "GET /content/repository/resource_content.jsp?oid=1458384 HTTP/1.1" 200 28412
207.46.13.21 - - [30/Apr/2016:04:30:27 +0800] "GET /content/repository/resource_content.jsp?oid=2149311 HTTP/1.1" 200 31056
66.249.71.14 - - [30/Apr/2016:04:30:39 +0800] "GET /content/nav/relationSubject.jsp?relationWords=%E8%87%A8%E6%AD%BF+&oid=2520674 HTTP/1.1" 200 3111
66.249.71.64 - - [30/Apr/2016:04:30:56 +0800] "GET /content/repository/resource_content.jsp?oid=2671599 HTTP/1.1" 200 29735
66.249.71.60 - - [30/Apr/2016:04:30:59 +0800] "GET /content/nav/relationSubject.jsp?relationWords=%E6%A4%8D%E7%89%A9%E7%95%8C+%E6%BC%8F%E7%9B%A7%E5%B1%AC+%E8%8F%8A%E7%A7%91+%E9%9B%99%E5%AD%90%E8%91%89+%E9%9B%99%E5%AD%90%E8%91%89%E6%A4%8D%E7%89%A9+&oid=1110087 HTTP/1.1" 200 2249
66.249.71.60 - - [30/Apr/2016:04:31:01 +0800] "GET /content/nav/relationSubject.jsp?relationWords=%E6%A4%8D%E7%89%A9%E7%95%8C%20%E6%BC%8F%E7%9B%A7%E5%B1%AC%20%E8%8F%8A%E7%A7%91%20%E9%9B%99%E5%AD%90%E8%91%89%20%E9%9B%99%E5%AD%90%E8%91%89%E6%A4%8D%E7%89%A9%20&oid=1110087 HTTP/1.1" 200 2249
66.249.77.91 - - [30/Apr/2016:04:31:28 +0800] "GET /content/repository/resource_content.jsp?oid=14480&queryType=qs&queryString=%E6%B5%B7%E9%AD%9A HTTP/1.1" 200 33670
66.249.71.60 - - [30/Apr/2016:04:32:01 +0800] "GET /content/repository/resource_content.jsp?oid=2685021&queryString=%E4%BA%AC%E5%B8%AB%E7%A8%85%20%E6%9D%8E%E6%BF%9F%20%E7%8D%B8%E9%AA%A8%20%E7%A8%85%E5%8B%99 HTTP/1.1" 200 30480
66.249.71.60 - - [30/Apr/2016:04:32:05 +0800] "GET /content/nav/relationSubject.jsp?relationWords=%E7%A8%85%E5%8B%99+%E9%A0%86%E5%A4%A9%E5%BA%9C+&oid=2685021 HTTP/1.1" 200 3146
118.163.176.79 - - [30/Apr/2016:04:32:05 +0800] "GET /content/nav/relationSubject.jsp?relationWords=%E7%9B%B8%E6%80%9D%E6%A8%B9+&oid=16777519 HTTP/1.1" 200 3659
66.249.71.113 - - [30/Apr/2016:04:32:34 +0800] "GET /content/repository/resource_content.jsp?oid=15930&queryType=qs&queryString=%E4%B8%8A%E9%8A%80 HTTP/1.1" 200 33452
66.249.71.60 - - [30/Apr/2016:04:33:08 +0800] "GET /content/repository/resource_content.jsp?oid=2513132&queryString=%E4%B8%81%E5%B7%B3%20%E4%B8%89%E4%B8%8A%20%E6%8B%93%E7%89%87%20%E7%94%B2%E9%AA%A8%E6%96%87%20%E7%A5%96%E4%B9%99 HTTP/1.1" 200 30040
66.249.71.60 - - [30/Apr/2016:04:33:32 +0800] "GET /content/nav/relationSubject.jsp?relationWords=%E7%9F%B3%E5%AE%89%E7%88%B5+%E8%87%A8%E6%99%82%E7%9C%81%E8%AD%B0%E6%9C%83+%E8%87%BA%E7%81%A3%E7%9C%81+%E8%A5%BF%E8%9E%BA%E9%8E%AE+&oid=1516262 HTTP/1.1" 200 4523
66.249.71.60 - - [30/Apr/2016:04:33:34 +0800] "GET /content/nav/relationSubject.jsp?relationWords=%E7%9F%B3%E5%AE%89%E7%88%B5%20%E8%87%A8%E6%99%82%E7%9C%81%E8%AD%B0%E6%9C%83%20%E8%87%BA%E7%81%A3%E7%9C%81%20%E8%A5%BF%E8%9E%BA%E9%8E%AE%20&oid=1516262 HTTP/1.1" 200 4523
66.249.71.105 - - [30/Apr/2016:04:33:39 +0800] "GET /content/repository/resource_content.jsp?oid=2514330&queryType=qs&queryString=%E5%8B%87%E5%90%89 HTTP/1.1" 200 30290
66.249.77.91 - - [30/Apr/2016:04:34:13 +0800] "GET /content/repository/resource_content.jsp?oid=4357401&queryString=%E6%B3%B0%E9%9B%85%E6%97%8F HTTP/1.1" 200 27978
66.249.79.200 - - [30/Apr/2016:04:34:34 +0800] "GET /content/tmp_exh/resource_content.jsp?oid=16777763 HTTP/1.1" 200 31603
220.181.108.96 - - [30/Apr/2016:04:34:42 +0800] "GET /digiarch_en/content/subject/resource_content.jsp?oid=16777480&queryType=qc HTTP/1.1" 200 45718
66.249.77.97 - - [30/Apr/2016:04:34:45 +0800] "GET /content/repository/resource_content.jsp?oid=2677015&queryType=qs&queryString=%E9%83%BD%E7%9D%A3%E5%BA%9C HTTP/1.1" 200 30437
66.249.71.60 - - [30/Apr/2016:04:34:48 +0800] "GET /content/nav/relationSubject.jsp?relationWords=API+%E5%A4%A9%E8%83%A1%E8%8D%BD%E5%B1%AC+%E6%A4%8D%E7%89%A9%E7%95%8C+%E6%AF%9B%E5%A4%A9%E8%83%A1%E8%8D%BD+%E7%B9%96%E5%BD%A2%E7%A7%91+%E9%9B%99%E5%AD%90%E8%91%89%E6%A4%8D%E7%89%A9+&oid=1459442 HTTP/1.1" 200 3352
66.249.71.60 - - [30/Apr/2016:04:35:17 +0800] "GET /content/subject/resource_content.jsp?oid=16777659&queryType=qs&queryString=%E7%B7%9A%E4%B8%8A%E9%81%8A%E6%88%B2 HTTP/1.1" 200 32065
66.249.79.119 - - [30/Apr/2016:04:35:30 +0800] "GET /content/subject/resource_content.jsp?oid=16797242&queryType=qc HTTP/1.1" 200 46766
66.249.71.121 - - [30/Apr/2016:04:35:50 +0800] "GET /content/repository/resource_content.jsp?oid=2516011&queryType=qs&queryString=%E8%BC%AA%E8%80%95 HTTP/1.1" 200 29845
66.249.71.60 - - [30/Apr/2016:04:35:52 +0800] "GET /content/nav/relationSubject.jsp?relationWords=&oid=2600547 HTTP/1.1" 200 1405
66.249.71.60 - - [30/Apr/2016:04:36:12 +0800] "GET /content/nav/relationSubject.jsp?relationWords=%E5%A3%BD%E5%A9%A6+%E6%97%8C%E4%BA%8B+%E7%A6%AE%E9%83%A8+%E8%AB%8B%E6%97%8C+&oid=2679416 HTTP/1.1" 200 3186
66.249.71.105 - - [30/Apr/2016:04:36:22 +0800] "GET /content/repository/resource_content.jsp?oid=2688142&queryType=qs&queryString=%E9%91%91%E6%B1%9F HTTP/1.1" 200 30487
66.249.79.121 - - [30/Apr/2016:04:36:27 +0800] "GET /content/nav/relationSubject.jsp?relationWords=%E4%BA%8C%E6%B0%B4+%E4%BA%A4%E9%80%9A%E7%B3%BB%E7%B5%B1+%E4%BF%9D%E7%95%99%E5%9C%B0+%E5%81%9C%E8%BB%8A%E5%A0%B4+%E5%85%AC%E5%85%B1%E8%A8%AD%E6%96%BD+%E5%85%AC%E5%8B%99%E5%93%A1+%E5%85%AC%E8%B3%A3%E5%B1%80+%E5%8D%97%E6%8A%95%E9%85%92%E5%BB%A0+%E5%9C%9F%E5%9C%B0%E5%BE%B5%E6%94%B6+%E5%9C%B0%E5%8D%80%E7%99%BC%E5%B1%95+%E5%A2%9E%E5%80%BC%E7%A8%85+%E5%B1%B1%E5%9D%A1%E5%9C%B0+%E5%B7%A5%E7%A8%8B%E5%8F%97%E7%9B%8A%E8%B2%BB+%E5%B8%82%E5%83%B9+%E6%89%80%E6%9C%89%E6%AC%8A+%E6%8D%B7%E9%81%8B+%E6%93%B4%E5%BB%BA+%E6%9E%9C%E8%BE%B2+%E6%B0%B4%E8%B3%87%E6%BA%90+%E6%B4%A5%E8%B2%BC+%E7%83%88%E9%85%92+%E7%95%AB%E9%A2%A8+%E7%9B%A3%E7%90%86%E7%AB%99+%E7%9B%B4%E5%8D%87%E6%A9%9F+%E7%9C%81%E7%87%9F%E4%BA%8B%E6%A5%AD+%E7%B3%BB%E7%B5%B1%E8%A6%8F%E5%8A%83+%E7%B8%BD%E8%B3%AA%E8%A9%A2+%E7%BE%A9%E5%8B%99%E6%95%99%E8%82%B2+%E8%87%BA%E4%B8%AD%E5%8D%80+%E8%87%BA%E5%8D%97%E5%B8%82+%E8%87%BA%E6%B1%BD+%E8%87%BA%E7%81%A3%E7%9C%81+%E8%87%BA%E9%90%B5+%E8%8F%B8%E9%85%92+%E8%91%A1%E8%90%84%E9%85%92+%E8%99%95%E9%95%B7+%E8%A8%88%E7%95%AB%E7%94%9F%E7%94%A2+%E8%AD%A6%E5%8B%99%E8%99%95+%E8%AD%A6%E5%AF%9F+%E8%B3%87%E6%BA%90%E9%96%8B%E7%99%BC+%E8%B3%AA%E8%A9%A2+%E8%BB%8A%E7%A6%8D+%E8%BE%B2%E6%9E%97+%E8%BE%B2%E6%9E%97%E6%BC%81%E7%89%A7+%E9%81%8A%E6%A8%82%E5%8D%80+%E9%81%A9%E4%B9%8B+%E9%83%BD%E5%B8%82%E5%9C%9F%E5%9C%B0+%E9%83%BD%E5%B8%82%E8%A8%88%E7%95%AB+%E9%83%BD%E6%9C%83%E5%8D%80+%E9%85%92%E5%BB%A0+%E9%90%B5%E8%B7%AF%E5%9C%B0%E4%B8%8B%E5%8C%96+%E9%99%B3%E6%A6%AE%E7%9B%9B+%E9%A0%90%E7%AE%97+%E9%A2%A8%E6%99%AF%E5%8D%80+%E9%AB%98%E9%80%9F%E5%85%AC%E8%B7%AF+&oid=1609014 HTTP/1.1" 200 9274
66.249.71.194 - - [30/Apr/2016:04:36:29 +0800] "GET /content/nav/relationSubject.jsp?relationWords=%E4%BA%8C%E6%B0%B4%20%E4%BA%A4%E9%80%9A%E7%B3%BB%E7%B5%B1%20%E4%BF%9D%E7%95%99%E5%9C%B0%20%E5%81%9C%E8%BB%8A%E5%A0%B4%20%E5%85%AC%E5%85%B1%E8%A8%AD%E6%96%BD%20%E5%85%AC%E5%8B%99%E5%93%A1%20%E5%85%AC%E8%B3%A3%E5%B1%80%20%E5%8D%97%E6%8A%95%E9%85%92%E5%BB%A0%20%E5%9C%9F%E5%9C%B0%E5%BE%B5%E6%94%B6%20%E5%9C%B0%E5%8D%80%E7%99%BC%E5%B1%95%20%E5%A2%9E%E5%80%BC%E7%A8%85%20%E5%B1%B1%E5%9D%A1%E5%9C%B0%20%E5%B7%A5%E7%A8%8B%E5%8F%97%E7%9B%8A%E8%B2%BB%20%E5%B8%82%E5%83%B9%20%E6%89%80%E6%9C%89%E6%AC%8A%20%E6%8D%B7%E9%81%8B%20%E6%93%B4%E5%BB%BA%20%E6%9E%9C%E8%BE%B2%20%E6%B0%B4%E8%B3%87%E6%BA%90%20%E6%B4%A5%E8%B2%BC%20%E7%83%88%E9%85%92%20%E7%95%AB%E9%A2%A8%20%E7%9B%A3%E7%90%86%E7%AB%99%20%E7%9B%B4%E5%8D%87%E6%A9%9F%20%E7%9C%81%E7%87%9F%E4%BA%8B%E6%A5%AD%20%E7%B3%BB%E7%B5%B1%E8%A6%8F%E5%8A%83%20%E7%B8%BD%E8%B3%AA%E8%A9%A2%20%E7%BE%A9%E5%8B%99%E6%95%99%E8%82%B2%20%E8%87%BA%E4%B8%AD%E5%8D%80%20%E8%87%BA%E5%8D%97%E5%B8%82%20%E8%87%BA%E6%B1%BD%20%E8%87%BA%E7%81%A3%E7%9C%81%20%E8%87%BA%E9%90%B5%20%E8%8F%B8%E9%85%92%20%E8%91%A1%E8%90%84%E9%85%92%20%E8%99%95%E9%95%B7%20%E8%A8%88%E7%95%AB%E7%94%9F%E7%94%A2%20%E8%AD%A6%E5%8B%99%E8%99%95%20%E8%AD%A6%E5%AF%9F%20%E8%B3%87%E6%BA%90%E9%96%8B%E7%99%BC%20%E8%B3%AA%E8%A9%A2%20%E8%BB%8A%E7%A6%8D%20%E8%BE%B2%E6%9E%97%20%E8%BE%B2%E6%9E%97%E6%BC%81%E7%89%A7%20%E9%81%8A%E6%A8%82%E5%8D%80%20%E9%81%A9%E4%B9%8B%20%E9%83%BD%E5%B8%82%E5%9C%9F%E5%9C%B0%20%E9%83%BD%E5%B8%82%E8%A8%88%E7%95%AB%20%E9%83%BD%E6%9C%83%E5%8D%80%20%E9%85%92%E5%BB%A0%20%E9%90%B5%E8%B7%AF%E5%9C%B0%E4%B8%8B%E5%8C%96%20%E9%99%B3%E6%A6%AE%E7%9B%9B%20%E9%A0%90%E7%AE%97%20%E9%A2%A8%E6%99%AF%E5%8D%80%20%E9%AB%98%E9%80%9F%E5%85%AC%E8%B7%AF%20&oid=1609014 HTTP/1.1" 200 9274
66.249.71.194 - - [30/Apr/2016:04:36:41 +0800] "GET /content/nav/relationSubject.jsp?relationWords=%E5%A4%A7%E7%8C%B7+%E9%8C%A6%E8%A1%A3%E8%A1%9B+&oid=2570216 HTTP/1.1" 200 3149
66.249.71.105 - - [30/Apr/2016:04:36:55 +0800] "GET /content/repository/resource_content.jsp?oid=2527974&queryType=qs&queryString=%E8%A0%B6%E8%B1%86 HTTP/1.1" 200 29294
66.249.71.60 - - [30/Apr/2016:04:37:28 +0800] "GET /content/repository/resource_content.jsp?oid=1104940&queryString=%E6%9F%BF%E6%A8%B9%20%E6%9F%BF%E6%A8%B9%E5%B1%AC%20%E6%9F%BF%E6%A8%B9%E7%A7%91%20%E6%A4%8D%E7%89%A9%E7%95%8C%20%E8%98%AD%E5%B6%BC%E6%9F%BF HTTP/1.1" 200 31462
66.249.79.139 - - [30/Apr/2016:04:38:02 +0800] "GET /content/subject/resource_content.jsp?oid=16777656&queryType=qs&queryString=%E7%A5%9E%E7%A4%BE HTTP/1.1" 200 63618
66.249.71.60 - - [30/Apr/2016:04:38:34 +0800] "GET /content/repository/resource_content.jsp?oid=2534841 HTTP/1.1" 200 30050
59.125.3.7 - - [30/Apr/2016:04:38:49 +0800] "GET /content/nav/relationSubject.jsp?relationWords=%E6%B4%8B%E7%8E%89%E8%98%AD+&oid=16777351 HTTP/1.1" 200 3545
66.249.71.105 - - [30/Apr/2016:04:39:06 +0800] "GET /content/repository/resource_content.jsp?oid=2685012&queryType=qs&queryString=%E7%89%87%E5%A5%8F HTTP/1.1" 200 30477
68.180.230.90 - - [30/Apr/2016:04:39:10 +0800] "GET /digiarch_en/content/repository/resource_content.jsp?oid=2470607&queryString=%E9%96%8B%E4%B8%AD HTTP/1.1" 200 23910
66.249.71.14 - - [30/Apr/2016:04:39:40 +0800] "GET /digiarch3/content/repository/resource_content.jsp?oid=2147420&queryString=%E6%A4%8D%E7%89%A9%E7%95%8C%20%E7%9B%B8%E6%80%9D%E6%A8%B9%20%E7%9B%B8%E6%80%9D%E6%A8%B9%E5%B1%AC%20%E8%A0%B6%E8%B1%86%20%E9%9B%99%E5%AD%90%E8%91%89%20%E9%9B%99%E5%AD%90%E8%91%89%E6%A4%8D%E7%89%A9 HTTP/1.1" 200 31428
66.249.71.14 - - [30/Apr/2016:04:39:46 +0800] "GET /digiarch3/content/nav/relationSubject.jsp?relationWords=%E6%A4%8D%E7%89%A9%E7%95%8C+%E7%9B%B8%E6%80%9D%E6%A8%B9+%E7%9B%B8%E6%80%9D%E6%A8%B9%E5%B1%AC+%E8%A0%B6%E8%B1%86+%E9%9B%99%E5%AD%90%E8%91%89%E6%A4%8D%E7%89%A9+&oid=2147420 HTTP/1.1" 200 4207
66.249.71.60 - - [30/Apr/2016:04:40:11 +0800] "GET /content/repository/resource_content.jsp?oid=1896063&queryString=%E5%98%89%E5%8D%97%E5%A4%A7%E5%9C%B3%20%E6%96%B0%E5%8C%96%E9%8E%AE%20%E7%94%9F%E7%94%A2%E6%88%90%E6%9C%AC%20%E8%87%BA%E8%82%A5%20%E8%99%8E%E9%A0%AD%E5%9F%A4%20%E8%B2%A1%E5%8B%99%20%E8%B2%B8%E6%AC%BE%20%E9%A3%AD%E9%80%9F HTTP/1.1" 200 29516
66.249.71.105 - - [30/Apr/2016:04:40:31 +0800] "GET /content/nav/relationSubject.jsp?relationWords=%E4%BA%8C%E9%83%8E%E7%A5%9E%20&oid=4363701 HTTP/1.1" 200 1890
66.249.71.60 - - [30/Apr/2016:04:40:44 +0800] "GET /content/repository/resource_content.jsp?oid=3812391&queryString=%E7%8E%89%E5%B1%B1%E9%87%9D%E8%97%BA%20%E9%87%9D%E8%97%BA%20%E9%87%9D%E8%97%BA%E5%B1%AC HTTP/1.1" 200 31753
66.249.71.60 - - [30/Apr/2016:04:41:17 +0800] "GET /content/repository/resource_content.jsp?oid=1590719 HTTP/1.1" 200 28789
66.249.79.200 - - [30/Apr/2016:04:41:50 +0800] "GET /content/repository/resource_content.jsp?oid=15343&queryType=qs&queryString=%E6%B4%84%E6%B8%B8 HTTP/1.1" 200 34714
66.249.71.60 - - [30/Apr/2016:04:42:18 +0800] "GET /content/nav/relationSubject.jsp?relationWords=%E6%9C%88%E6%96%91%E8%9D%B4%E8%9D%B6%E9%AD%9A+%E8%9D%B4%E8%9D%B6%E9%AD%9A%E7%A7%91+&oid=4356192 HTTP/1.1" 200 3250
66.249.71.60 - - [30/Apr/2016:04:42:20 +0800] "GET /content/nav/relationSubject.jsp?relationWords=%E6%9C%88%E6%96%91%E8%9D%B4%E8%9D%B6%E9%AD%9A%20%E8%9D%B4%E8%9D%B6%E9%AD%9A%E7%A7%91%20&oid=4356192 HTTP/1.1" 200 3250
66.249.77.91 - - [30/Apr/2016:04:42:22 +0800] "GET /content/repository/resource_content.jsp?oid=4452137&queryString=%E7%A4%BE%E6%9C%83%E5%95%8F%E9%A1%8C HTTP/1.1" 200 29000
66.249.71.60 - - [30/Apr/2016:04:42:22 +0800] "GET /content/nav/relationSubject.jsp?relationWords=&oid=1779911 HTTP/1.1" 200 1405
66.249.79.200 - - [30/Apr/2016:04:42:55 +0800] "GET /content/repository/resource_content.jsp?oid=185020 HTTP/1.1" 200 30321
66.249.71.121 - - [30/Apr/2016:04:43:03 +0800] "GET /content/nav/relationSubject.jsp?relationWords=%E5%9C%8B%E9%9A%9B%E9%87%91%E8%9E%8D+&oid=16777256 HTTP/1.1" 200 7709
66.249.77.85 - - [30/Apr/2016:04:43:27 +0800] "GET /content/subject/resource_content.jsp?oid=16777486&queryType=qc HTTP/1.1" 200 42101
66.249.71.121 - - [30/Apr/2016:04:43:30 +0800] "GET /content/nav/relationSubject.jsp?relationWords=%E6%B0%B4%E9%96%98%E5%BA%A7+&oid=2673074 HTTP/1.1" 200 3045
66.249.77.85 - - [30/Apr/2016:04:44:01 +0800] "GET /content/repository/resource_content.jsp?oid=1775750&queryString=%E8%A5%BF%E6%8B%89%E9%9B%85%20%E8%A5%BF%E6%8B%89%E9%9B%85%E5%A4%9C%E7%A5%AD HTTP/1.1" 200 43069
66.249.71.60 - - [30/Apr/2016:04:45:02 +0800] "GET /content/nav/relationSubject.jsp?relationWords=%E5%86%AC%E7%93%9C+%E6%A4%8D%E7%89%A9%E7%95%8C+%E6%B0%B4%E5%86%AC%E7%93%9C+%E6%B0%B4%E5%86%AC%E7%93%9C%E5%B1%AC+%E7%8D%BC%E7%8C%B4+%E7%8D%BC%E7%8C%B4%E6%A1%83+%E7%8D%BC%E7%8C%B4%E6%A1%83%E7%A7%91+&oid=1107930 HTTP/1.1" 200 3618
66.249.71.60 - - [30/Apr/2016:04:45:05 +0800] "GET /content/repository/resource_content.jsp?oid=1603808 HTTP/1.1" 200 28545
66.249.71.60 - - [30/Apr/2016:04:45:06 +0800] "GET /content/nav/relationSubject.jsp?relationWords=%E5%86%AC%E7%93%9C%20%E6%A4%8D%E7%89%A9%E7%95%8C%20%E6%B0%B4%E5%86%AC%E7%93%9C%20%E6%B0%B4%E5%86%AC%E7%93%9C%E5%B1%AC%20%E7%8D%BC%E7%8C%B4%20%E7%8D%BC%E7%8C%B4%E6%A1%83%20%E7%8D%BC%E7%8C%B4%E6%A1%83%E7%A7%91%20&oid=1107930 HTTP/1.1" 200 3618
66.249.79.200 - - [30/Apr/2016:04:45:39 +0800] "GET /digiarch_en/content/subject/resource_content.jsp?oid=16777554&queryString=%E6%B0%91%E6%97%8F%E5%AD%B8 HTTP/1.1" 200 34262
66.249.71.121 - - [30/Apr/2016:04:46:10 +0800] "GET /content/nav/relationSubject.jsp?relationWords=%E5%B0%8F%E5%A8%98%E5%AD%90+%E6%B1%95%E8%99%8E%E4%BB%94+%E7%83%88%E4%BB%94+%E7%A4%AB%E4%BB%94+%E8%83%B8%E6%96%91%E6%B5%B7%E8%B1%AC%E9%AD%9A+%E9%9A%86%E9%A0%AD%E9%AD%9A%E7%A7%91+%E9%BB%91%E8%85%95%E6%B5%B7%E8%B1%AC%E9%AD%9A+%E9%BB%91%E8%87%82%E5%84%92%E8%89%AE%E9%AF%9B+%E9%BB%91%E8%B2%93%E4%BB%94+&oid=15764 HTTP/1.1" 200 4094
66.249.71.60 - - [30/Apr/2016:04:46:12 +0800] "GET /content/repository/resource_content.jsp?oid=1812308 HTTP/1.1" 200 28487
66.249.71.60 - - [30/Apr/2016:04:46:17 +0800] "GET /content/nav/relationSubject.jsp?relationWords=%E7%88%B6%E7%99%B8%E6%96%9D+&oid=1812308 HTTP/1.1" 200 3220
66.249.71.113 - - [30/Apr/2016:04:47:12 +0800] "GET /content/nav/relationSubject.jsp?relationWords=%E7%A6%AE%E9%83%A8+%E9%8A%9C%E4%BA%8B+&oid=2682483 HTTP/1.1" 200 3095
66.249.79.107 - - [30/Apr/2016:04:47:14 +0800] "GET /content/nav/relationSubject.jsp?relationWords=%E7%A6%AE%E9%83%A8%20%E9%8A%9C%E4%BA%8B%20&oid=2682483 HTTP/1.1" 200 3095
66.249.71.188 - - [30/Apr/2016:04:47:15 +0800] "GET /content/nav/relationSubject.jsp?relationWords=&oid=16777601 HTTP/1.1" 200 1405
66.249.71.5 - - [30/Apr/2016:04:47:16 +0800] "GET /digiarch3/content/subject/resource_content.jsp?oid=16777442&queryType=qs&queryString=%E8%A6%96%E8%A6%BA%E8%A8%AD%E8%A8%88 HTTP/1.1" 200 27969
66.249.71.60 - - [30/Apr/2016:04:47:49 +0800] "GET /content/repository/resource_content.jsp?oid=1620766 HTTP/1.1" 200 30407
173.252.88.149 - - [30/Apr/2016:04:48:21 +0800] "GET /content/repository/resource_content.jsp?oid=1110987&queryString=%E7%99%BD%E5%8D%83%E5%B1%A4 HTTP/1.1" 200 31749
66.249.71.60 - - [30/Apr/2016:04:48:22 +0800] "GET /content/repository/resource_content.jsp?oid=1611009 HTTP/1.1" 200 29184
66.249.71.60 - - [30/Apr/2016:04:48:54 +0800] "GET /content/repository/resource_content.jsp?oid=1832903 HTTP/1.1" 200 30944
66.249.79.105 - - [30/Apr/2016:04:49:28 +0800] "GET /content/repository/resource_content.jsp?oid=1778367&queryType=qs&queryString=%E5%85%88%E5%A4%A9%E6%80%A7%E7%95%B8%E5%BD%A2 HTTP/1.1" 200 58434
66.249.71.60 - - [30/Apr/2016:04:49:49 +0800] "GET /content/nav/relationSubject.jsp?relationWords=%E5%9C%8B%E5%AE%B6%E5%AE%89%E5%85%A8%E6%B3%95+%E7%AB%8B%E6%B3%95%E5%A7%94%E5%93%A1+%E8%B3%AA%E8%A9%A2+&oid=1590719 HTTP/1.1" 200 4201
66.249.79.105 - - [30/Apr/2016:04:50:00 +0800] "GET /content/repository/resource_content.jsp?oid=1781989&queryType=qs&queryString=%E5%9C%93%E7%B0%8D HTTP/1.1" 200 28866
66.249.71.105 - - [30/Apr/2016:04:50:25 +0800] "GET /content/nav/relationSubject.jsp?relationWords=%E7%9B%9B%E5%85%B7+%E7%AB%B9%E5%99%A8+%E7%AB%B9%E7%B7%A8%E5%9C%93%E7%B0%8D+&oid=1781989 HTTP/1.1" 200 3062
66.249.71.105 - - [30/Apr/2016:04:50:33 +0800] "GET /content/repository/resource_content.jsp?oid=4468297&queryType=qs&queryString=%E5%B1%B1%E9%B3%A5 HTTP/1.1" 200 28648
66.249.71.105 - - [30/Apr/2016:04:50:36 +0800] "GET /content/nav/relationSubject.jsp?relationWords=%E5%8D%B7%E9%A6%96+&oid=4468297 HTTP/1.1" 200 2927
157.55.39.163 - - [30/Apr/2016:04:50:56 +0800] "GET /content/subject/resource_content.jsp?oid=16777740&queryType=qc HTTP/1.1" 200 41309
66.249.71.5 - - [30/Apr/2016:04:51:05 +0800] "GET /content/repository/resource_content.jsp?oid=761514&queryType=qs&queryString=%E5%AE%98%E6%86%B2 HTTP/1.1" 200 28552
66.249.71.60 - - [30/Apr/2016:04:51:38 +0800] "GET /content/repository/resource_content.jsp?oid=4362060 HTTP/1.1" 200 29828
111.184.72.116 - - [30/Apr/2016:04:52:07 +0800] "GET /content/nav/relationSubject.jsp?relationWords=%E5%8F%A4%E5%9C%B0%E5%9C%96+&oid=16777514 HTTP/1.1" 200 3976
66.249.71.5 - - [30/Apr/2016:04:52:43 +0800] "GET /content/repository/resource_content.jsp?oid=2470587&queryString=%E6%A5%8A%E9%9B%B2%E8%90%8D%20%E7%9A%87%E6%B0%91%E5%A5%89%E5%85%AC%E6%9C%83%20%E8%87%BA%E7%81%A3%E6%96%87%E5%AD%B8 HTTP/1.1" 200 30881
66.249.79.200 - - [30/Apr/2016:04:53:26 +0800] "GET /content/repository/resource_content.jsp?oid=4550489&queryString=%E8%85%B9%E8%B6%B3%E7%B6%B1%20%E8%88%B9%E9%95%B7%E8%8A%8B%E8%9E%BA%20%E8%8A%8B%E8%9E%BA%E5%B1%AC%20%E8%8A%8B%E8%9E%BA%E7%A7%91%20%E8%BB%9F%E9%AB%94%E5%8B%95%E7%89%A9%E9%96%80 HTTP/1.1" 200 30454
66.249.71.105 - - [30/Apr/2016:04:53:28 +0800] "GET /content/nav/relationSubject.jsp?relationWords=%E4%BD%8E%E9%B0%AD+%E4%BD%8E%E9%B0%AD%E5%88%BA%E9%AF%8A+%E5%88%BA%E9%AF%8A+%E5%B0%96%E9%B0%AD%E9%AE%AB+%E6%A3%98%E6%B2%99+%E6%B2%99%E9%AD%9A+&oid=14145 HTTP/1.1" 200 3481
66.249.71.60 - - [30/Apr/2016:04:53:48 +0800] "GET /content/repository/resource_content.jsp?oid=1599971 HTTP/1.1" 200 29153
66.249.79.200 - - [30/Apr/2016:04:53:57 +0800] "GET /content/nav/relationSubject.jsp?relationWords=%E8%85%B9%E8%B6%B3%E7%B6%B1+%E8%88%B9%E9%95%B7%E8%8A%8B%E8%9E%BA+%E8%8A%8B%E8%9E%BA%E5%B1%AC+%E8%8A%8B%E8%9E%BA%E7%A7%91+%E8%BB%9F%E9%AB%94%E5%8B%95%E7%89%A9%E9%96%80+&oid=4550489 HTTP/1.1" 200 3377
66.249.71.113 - - [30/Apr/2016:04:54:21 +0800] "GET /content/repository/resource_content.jsp?oid=1102914&queryString=API%20%E6%A4%8D%E7%89%A9%E7%95%8C%20%E7%B9%96%E5%BD%A2%E7%A7%91%20%E8%83%A1%E8%98%BF%E8%94%94%20%E8%83%A1%E8%98%BF%E8%94%94%E5%B1%AC%20%E8%8F%9C%E9%A0%AD%20%E9%9B%99%E5%AD%90%E8%91%89%E6%A4%8D%E7%89%A9 HTTP/1.1" 200 31675
66.249.71.105 - - [30/Apr/2016:04:54:25 +0800] "GET /content/nav/relationSubject.jsp?relationWords=%E5%8D%81%E5%AD%97%E8%8A%B1%E7%A7%91+%E5%9C%93%E8%8F%9C%E9%A0%AD+%E6%A4%8D%E7%89%A9%E7%95%8C+%E8%95%93%E8%8B%94%E5%B1%AC+%E8%95%AA%E8%8F%81+%E9%9B%99%E5%AD%90%E8%91%89%E6%A4%8D%E7%89%A9+&oid=1102914 HTTP/1.1" 200 2313
66.249.71.59 - - [30/Apr/2016:04:54:54 +0800] "GET /content/repository/resource_content.jsp?oid=3821878&queryString=%E6%84%9B%E7%8E%89%E5%AD%90%20%E6%A4%8D%E7%89%A9%E7%95%8C%20%E6%A6%95%E5%B1%AC HTTP/1.1" 200 31037
66.249.71.105 - - [30/Apr/2016:04:55:26 +0800] "GET /content/repository/resource_content.jsp?oid=4362068&queryType=qs&queryString=%E8%BE%AD%E5%85%B8 HTTP/1.1" 200 29068
66.249.71.105 - - [30/Apr/2016:04:55:59 +0800] "GET /content/repository/resource_content.jsp?oid=1887565&queryString=%E5%90%B3%E6%B5%B7%E6%B6%BC%20%E5%95%86%E8%A1%8C HTTP/1.1" 200 31248
1.171.18.156 - - [30/Apr/2016:04:55:59 +0800] "GET /content/nav/relationSubject.jsp?relationWords=%E8%96%9C%E8%8D%94+&oid=16777485 HTTP/1.1" 200 3561
66.249.71.105 - - [30/Apr/2016:04:56:01 +0800] "GET /content/nav/relationSubject.jsp?relationWords=%E5%8F%83%E7%B8%A3%E5%AE%98+%E5%B7%A1%E6%92%AB+&oid=2514613 HTTP/1.1" 200 3134
66.249.71.105 - - [30/Apr/2016:04:56:05 +0800] "GET /content/nav/relationSubject.jsp?relationWords=%E5%8F%83%E7%B8%A3%E5%AE%98%20%E5%B7%A1%E6%92%AB%20&oid=2514613 HTTP/1.1" 200 3134
68.180.230.90 - - [30/Apr/2016:04:56:53 +0800] "GET /digiarch_en/content/tmp_tec/resource_content.jsp?oid=16777753 HTTP/1.1" 200 28434
66.249.79.105 - - [30/Apr/2016:04:56:57 +0800] "GET /content/nav/relationSubject.jsp?relationWords=%E5%96%84%E6%9C%AC+%E6%98%8E%E5%88%8A%E6%9C%AC+%E7%97%85%E6%A9%9F%E6%B0%A3%E5%AE%9C+%E7%B4%A0%E5%95%8F+%E8%81%AF%E5%90%88%E7%9B%AE%E9%8C%84+%E9%86%AB%E7%99%82%E5%8F%B2+&oid=3205450 HTTP/1.1" 200 5819
66.249.79.186 - - [30/Apr/2016:04:57:05 +0800] "GET /digiarch3/content/subject/resource_content.jsp?oid=16777425&queryType=qs&queryString=%E8%83%8C%E9%B0%AD HTTP/1.1" 200 35803
66.249.79.251 - - [30/Apr/2016:04:57:38 +0800] "GET /content/repository/resource_content.jsp?oid=4551219&queryString=%E6%96%87%E8%9B%A4%E5%B1%AC%20%E6%B5%B7%E8%9C%86%20%E7%92%B0%E6%96%87%E8%9B%A4%20%E7%B0%BE%E8%9B%A4%E7%9B%AE%20%E7%B0%BE%E8%9B%A4%E7%A7%91%20%E8%B5%A4%E5%98%B4%E4%BB%94%20%E8%B5%A4%E5%98%B4%E8%9B%A4%20%E9%9B%99%E6%AE%BC%E7%B6%B1%20%E9%9D%92%E8%9B%A4 HTTP/1.1" 200 30339
66.249.79.214 - - [30/Apr/2016:04:57:42 +0800] "GET /content/nav/relationSubject.jsp?relationWords=&oid=2559884 HTTP/1.1" 200 1405
66.249.71.64 - - [30/Apr/2016:04:57:55 +0800] "GET /digiarch_en/content/nav/relationSubject.jsp?relationWords=%E6%97%A5%E6%9C%AC%E7%8A%80%E9%B1%88+%E6%B5%B7%E9%B0%97%E9%B0%8D+&oid=14603 HTTP/1.1" 200 3367
66.249.79.200 - - [30/Apr/2016:04:58:11 +0800] "GET /content/tmp_exh/resource_content.jsp?oid=16777755&amp;queryType=qc HTTP/1.1" 200 33902
66.249.77.85 - - [30/Apr/2016:04:58:42 +0800] "GET /content/subject/resource_content.jsp?oid=16777448&queryType=qc HTTP/1.1" 200 34511
66.249.71.60 - - [30/Apr/2016:04:58:56 +0800] "GET /content/nav/relationSubject.jsp?relationWords=%E4%BA%BA%E9%A1%9E%E5%AD%B8+%E6%B0%91%E6%97%8F%E8%AA%8C+&oid=1775718 HTTP/1.1" 200 3127
66.249.71.60 - - [30/Apr/2016:04:59:03 +0800] "GET /content/nav/relationSubject.jsp?relationWords=%E6%95%B8%E4%BD%8D%E5%85%B8%E8%97%8F+&oid=16777682 HTTP/1.1" 200 5879
66.249.71.60 - - [30/Apr/2016:04:59:15 +0800] "GET /content/repository/resource_content.jsp?oid=16319&queryString=%E5%B0%96%E9%B0%AD%E9%87%91%E6%A2%AD%E9%AD%9A%20%E9%87%91%E6%A2%AD%E9%AD%9A HTTP/1.1" 200 34689
66.249.77.91 - - [30/Apr/2016:04:59:48 +0800] "GET /content/repository/resource_content.jsp?oid=2686001&queryType=qs&queryString=%E9%84%82%E5%B1%B1 HTTP/1.1" 200 30030
1.171.18.156 - - [30/Apr/2016:05:00:07 +0800] "GET /content/repository/resource_content.jsp?oid=3819095&queryString=%E8%96%9C%E8%8D%94 HTTP/1.1" 200 30945
1.171.18.156 - - [30/Apr/2016:05:00:07 +0800] "GET /content/nav/relationSubject.jsp?relationWords=%E6%A4%8D%E7%89%A9%E7%95%8C+%E6%A6%95%E5%B1%AC+%E8%96%9C%E8%8D%94+&oid=3819095 HTTP/1.1" 200 3934
1.171.18.156 - - [30/Apr/2016:05:00:27 +0800] "GET /content/nav/relationSubject.jsp?relationWords=%E8%96%9C%E8%8D%94+&oid=16777485 HTTP/1.1" 200 3561
66.249.71.60 - - [30/Apr/2016:05:00:28 +0800] "GET /content/nav/relationSubject.jsp?relationWords=%E5%A4%A7%E7%9B%AE%E5%81%B4%E4%BB%94+%E5%A4%A7%E9%9D%A2%E5%81%B4%E4%BB%94+%E5%A4%A9%E7%AB%BA%E9%AF%9B%E7%A7%91+%E7%AE%AD%E5%A4%A9%E7%AB%BA%E9%AF%9B+&oid=15179 HTTP/1.1" 200 3596
66.249.71.60 - - [30/Apr/2016:05:00:30 +0800] "GET /content/nav/relationSubject.jsp?relationWords=%E5%A4%A7%E7%9B%AE%E5%81%B4%E4%BB%94%20%E5%A4%A7%E9%9D%A2%E5%81%B4%E4%BB%94%20%E5%A4%A9%E7%AB%BA%E9%AF%9B%E7%A7%91%20%E7%AE%AD%E5%A4%A9%E7%AB%BA%E9%AF%9B%20&oid=15179 HTTP/1.1" 200 3596
66.249.77.97 - - [30/Apr/2016:05:00:53 +0800] "GET /content/repository/resource_content.jsp?oid=2563252&queryType=qs&queryString=%E8%A8%B1%E7%80%9A HTTP/1.1" 200 29491
157.55.39.163 - - [30/Apr/2016:05:00:59 +0800] "GET /content/nav/relationSubject.jsp?relationWords=&oid=16777227 HTTP/1.1" 200 1405
68.180.230.90 - - [30/Apr/2016:05:01:04 +0800] "GET /digiarch_en/content/subject/resource_content.jsp?oid=16777653&queryType=qc HTTP/1.1" 200 42652
66.249.71.121 - - [30/Apr/2016:05:02:00 +0800] "GET /content/repository/resource_content.jsp?oid=2612091&queryType=qs&queryString=%E8%88%9B%E8%AA%A4 HTTP/1.1" 200 29531
66.249.71.105 - - [30/Apr/2016:05:02:31 +0800] "GET /content/repository/resource_content.jsp?oid=2660883&queryType=qs&queryString=%E7%A9%86%E5%85%8B%E7%99%BB%E9%A1%8D HTTP/1.1" 200 30298
66.249.71.60 - - [30/Apr/2016:05:03:14 +0800] "GET /content/nav/relationSubject.jsp?relationWords=%E5%8D%97%E6%B8%AF%E5%8D%80+%E5%9C%B0%E8%99%9F+%E8%87%BA%E5%8C%97%E5%B8%82+%E8%87%BA%E7%81%A3%E7%9C%81%E6%94%BF%E5%BA%9C+%E9%98%B2%E7%99%86%E5%B1%80+&oid=1898488 HTTP/1.1" 200 4774
66.249.71.60 - - [30/Apr/2016:05:03:17 +0800] "GET /content/nav/relationSubject.jsp?relationWords=%E5%8D%97%E6%B8%AF%E5%8D%80%20%E5%9C%B0%E8%99%9F%20%E8%87%BA%E5%8C%97%E5%B8%82%20%E8%87%BA%E7%81%A3%E7%9C%81%E6%94%BF%E5%BA%9C%20%E9%98%B2%E7%99%86%E5%B1%80%20&oid=1898488 HTTP/1.1" 200 4774
66.249.71.5 - - [30/Apr/2016:05:03:29 +0800] "GET /content/nav/relationSubject.jsp?relationWords=%E5%AE%98%E6%86%B2+%E6%B5%B7%E8%BB%8D%E7%9C%81+&oid=761514 HTTP/1.1" 200 3726
66.249.77.91 - - [30/Apr/2016:05:03:37 +0800] "GET /content/subject/resource_content.jsp?oid=16777481&queryType=qs&queryString=%E5%BD%8C%E5%8B%92%E4%BD%9B HTTP/1.1" 200 111480
66.249.71.60 - - [30/Apr/2016:05:04:08 +0800] "GET /content/nav/relationSubject.jsp?relationWords=%E4%B8%89%E9%BD%92%E4%BB%94+%E6%97%A5%E6%9C%AC%E5%A9%86%E4%BB%94+%E7%B4%85%E5%A8%98%E4%BB%94+%E9%9A%86%E9%A0%AD%E9%AD%9A+%E9%9A%86%E9%A0%AD%E9%AD%9A%E7%A7%91+&oid=1081607 HTTP/1.1" 200 3689
66.249.79.107 - - [30/Apr/2016:05:04:10 +0800] "GET /content/repository/resource_content.jsp?oid=2633419&queryType=qs&queryString=%E6%85%B6%E5%BE%B7 HTTP/1.1" 200 30285
66.249.71.60 - - [30/Apr/2016:05:04:42 +0800] "GET /content/repository/resource_content.jsp?oid=2664015&queryString=%E5%A4%AB%E9%AB%98%E5%B1%B1%20%E7%95%8C%E5%8B%99%20%E9%A8%B0%E8%B6%8A HTTP/1.1" 200 30191
66.249.71.60 - - [30/Apr/2016:05:05:14 +0800] "GET /content/repository/resource_content.jsp?oid=4353610&queryString=%E9%9B%9E%E9%AD%9A HTTP/1.1" 200 34208
66.249.71.188 - - [30/Apr/2016:05:05:34 +0800] "GET /content/nav/relationSubject.jsp?relationWords=%E5%A5%8F%E5%8F%83+&oid=2531437 HTTP/1.1" 200 3045
66.249.71.200 - - [30/Apr/2016:05:05:36 +0800] "GET /content/nav/relationSubject.jsp?relationWords=%E5%A5%8F%E5%8F%83%20&oid=2531437 HTTP/1.1" 200 3045
66.249.71.60 - - [30/Apr/2016:05:05:47 +0800] "GET /content/repository/resource_content.jsp?oid=2563969 HTTP/1.1" 200 29058
66.249.79.105 - - [30/Apr/2016:05:06:07 +0800] "GET /content/nav/relationSubject.jsp?relationWords=%E4%BD%95%E7%9C%9F+%E5%8F%A3%E5%8D%A0+%E6%85%A2%E6%80%A7%E7%97%85%E9%98%B2%E6%B2%BB%E5%B1%80+%E7%A4%BE%E6%9C%83%E7%A6%8F%E5%88%A9+%E8%80%81%E5%B9%B4%E4%BA%BA+%E8%94%A1%E7%BE%8E+%E8%A1%9B%E7%94%9F%E9%83%A8+%E8%A8%BA%E6%89%80+%E8%AD%B7%E5%A3%AB+%E8%AD%B7%E7%90%86%E4%BA%BA%E5%93%A1+%E8%B3%AA%E8%A9%A2+%E9%A0%98%E5%B0%8E%E7%AE%A1%E7%90%86+&oid=1593746 HTTP/1.1" 200 4283
66.249.79.251 - - [30/Apr/2016:05:06:21 +0800] "GET /content/repository/resource_content.jsp?oid=2645986&queryType=qs&queryString=%E5%B7%B4%E5%B7%9E HTTP/1.1" 200 30028
66.249.79.251 - - [30/Apr/2016:05:06:53 +0800] "GET /content/subject/resource_content.jsp?oid=16777304&queryString= HTTP/1.1" 200 36246
66.249.77.91 - - [30/Apr/2016:05:07:25 +0800] "GET /content/repository/resource_content.jsp?oid=4363083&queryString=%E5%A4%A9%E5%AE%98 HTTP/1.1" 200 40921
66.249.71.5 - - [30/Apr/2016:05:07:58 +0800] "GET /content/repository/resource_content.jsp?oid=2513872&queryType=qs&queryString=%E7%8F%AD%E9%A4%A8 HTTP/1.1" 200 30112
66.249.79.200 - - [30/Apr/2016:05:08:08 +0800] "GET /content/nav/relationSubject.jsp?relationWords=%E8%B2%93%E9%AE%AB%E7%A7%91%20&oid=19328 HTTP/1.1" 200 2954
66.249.71.60 - - [30/Apr/2016:05:08:13 +0800] "GET /content/nav/relationSubject.jsp?relationWords=%E5%B0%96%E5%90%BB+&oid=33554837 HTTP/1.1" 200 3334
66.249.71.5 - - [30/Apr/2016:05:08:31 +0800] "GET /digiarch3/content/subject/resource_content.jsp?oid=16777736&queryType=qc HTTP/1.1" 200 43168
66.249.77.91 - - [30/Apr/2016:05:09:36 +0800] "GET /content/subject/resource_content.jsp?oid=16777519&queryType=qs&queryString=%E8%87%BA%E7%81%A3%E5%A4%A7%E5%AD%B8 HTTP/1.1" 200 36011
66.249.71.5 - - [30/Apr/2016:05:10:10 +0800] "GET /digiarch3/content/subject/resource_content.jsp?oid=16777735&queryType=qs&queryString=%E5%8F%B0%E7%81%A3%E6%B0%91%E6%97%8F%E8%AA%8C HTTP/1.1" 200 32549
66.249.79.200 - - [30/Apr/2016:05:10:42 +0800] "GET /content/subject/resource_content.jsp?oid=16777495&queryString= HTTP/1.1" 200 34818
66.249.77.85 - - [30/Apr/2016:05:11:14 +0800] "GET /content/subject/resource_content.jsp?oid=16777630&queryType=qs&queryString=%E7%81%8C%E5%9C%92 HTTP/1.1" 200 65126
66.249.71.60 - - [30/Apr/2016:05:12:19 +0800] "GET /content/repository/resource_content.jsp?oid=1457755 HTTP/1.1" 200 31077
66.249.71.60 - - [30/Apr/2016:05:13:53 +0800] "GET /content/nav/relationSubject.jsp?relationWords=%E5%8D%97%E6%A6%AE+&oid=1630716 HTTP/1.1" 200 6645
66.249.71.113 - - [30/Apr/2016:05:13:55 +0800] "GET /content/nav/relationSubject.jsp?relationWords=%E8%AA%A0%E6%B3%B0+&oid=2684517 HTTP/1.1" 200 3039
66.249.79.107 - - [30/Apr/2016:05:13:57 +0800] "GET /content/nav/relationSubject.jsp?relationWords=%E8%AA%A0%E6%B3%B0%20&oid=2684517 HTTP/1.1" 200 3039
66.249.71.5 - - [30/Apr/2016:05:13:58 +0800] "GET /digiarch3/content/subject/resource_content.jsp?oid=16777503&queryType=qs&queryString=%E6%81%86%E6%98%A5%E5%8D%8A%E5%B3%B6 HTTP/1.1" 200 40572
66.249.71.105 - - [30/Apr/2016:05:13:59 +0800] "GET /content/nav/relationSubject.jsp?relationWords=&oid=4362068 HTTP/1.1" 200 1405
66.249.71.60 - - [30/Apr/2016:05:14:07 +0800] "GET /content/nav/relationSubject.jsp?relationWords=%E5%89%9D%E7%9A%AE%E9%AD%9A+%E5%96%AE%E6%A3%98%E9%AD%A8%E7%A7%91+%E7%B5%A8%E9%B1%97%E5%89%AF%E5%96%AE%E6%A3%98%E9%AD%A8+%E9%B1%97%E9%AD%A8+&oid=4353942 HTTP/1.1" 200 3561
66.249.71.60 - - [30/Apr/2016:05:14:10 +0800] "GET /content/nav/relationSubject.jsp?relationWords=%E5%89%9D%E7%9A%AE%E9%AD%9A%20%E5%96%AE%E6%A3%98%E9%AD%A8%E7%A7%91%20%E7%B5%A8%E9%B1%97%E5%89%AF%E5%96%AE%E6%A3%98%E9%AD%A8%20%E9%B1%97%E9%AD%A8%20&oid=4353942 HTTP/1.1" 200 3561
66.249.71.60 - - [30/Apr/2016:05:14:30 +0800] "GET /content/repository/resource_content.jsp?oid=1898923 HTTP/1.1" 200 30001
66.249.71.60 - - [30/Apr/2016:05:15:03 +0800] "GET /content/repository/resource_content.jsp?oid=1895701 HTTP/1.1" 200 28874
66.249.77.97 - - [30/Apr/2016:05:15:35 +0800] "GET /content/subject/resource_content.jsp?oid=16777484&queryType=qs&queryString=%E6%97%A5%E6%93%9A%E6%99%82%E4%BB%A3 HTTP/1.1" 200 72168
66.249.79.200 - - [30/Apr/2016:05:16:09 +0800] "GET /content/repository/resource_content.jsp?oid=1536946 HTTP/1.1" 200 28592
66.249.79.119 - - [30/Apr/2016:05:16:54 +0800] "GET /content/nav/relationSubject.jsp?relationWords=%E5%9C%B0%E5%9C%96%E9%BE%8D+%E5%A8%98%E4%BB%94%E9%AD%9A+%E7%83%88%E4%BB%94+%E8%8A%B1%E6%96%91%E9%BE%8D+%E8%9F%B2%E7%B4%8B%E9%98%BF%E5%8D%97%E9%AD%9A+%E8%9F%B2%E7%B4%8B%E9%B8%9A%E9%AF%9B+%E8%A0%95%E7%B4%8B%E9%98%BF%E5%8D%97%E9%AD%9A+%E9%98%BF%E5%8D%97%E9%AD%9A+%E9%9A%86%E9%A0%AD%E9%AD%9A+%E9%9A%86%E9%A0%AD%E9%AD%9A%E7%A7%91+%E9%B8%9A%E9%AF%9B+&oid=15734 HTTP/1.1" 200 4042
66.249.71.60 - - [30/Apr/2016:05:17:13 +0800] "GET /content/repository/resource_content.jsp?oid=1521376&queryString=%E4%BA%8C%E6%B0%A7%E5%8C%96%E9%88%A6%20%E6%9D%9C%E9%82%A6%20%E8%A7%80%E9%9F%B3%E9%84%89 HTTP/1.1" 200 29226
66.249.71.60 - - [30/Apr/2016:05:17:18 +0800] "GET /content/nav/relationSubject.jsp?relationWords=%E8%87%BA%E7%81%A3%E7%9C%81%E6%94%BF%E5%BA%9C+%E8%A7%80%E9%9F%B3%E9%84%89+&oid=1521376 HTTP/1.1" 200 5260
66.249.71.60 - - [30/Apr/2016:05:17:41 +0800] "GET /content/subject/resource_content.jsp?oid=16797240&queryType=qc HTTP/1.1" 200 42460
173.252.88.152 - - [30/Apr/2016:05:18:49 +0800] "GET /content/repository/resource_content.jsp?oid=2631156&queryString=%E5%B9%B4%E7%BE%B9%E5%A0%AF&queryType=qs HTTP/1.1" 200 29107
66.249.77.91 - - [30/Apr/2016:05:19:03 +0800] "GET /content/nav/relationSubject.jsp?relationWords=%E5%90%B3%E4%B8%80%E8%A1%9B+%E5%BB%BA%E8%A8%AD%E5%BB%B3+%E6%9D%8E%E7%83%8F%E6%A3%95+%E6%B0%B4%E5%88%A9%E5%BB%BA%E8%A8%AD+%E6%B0%B4%E5%9C%9F%E4%BF%9D%E6%8C%81+%E7%9C%81%E6%94%BF%E5%BA%9C+%E8%87%BA%E4%B8%AD%E5%B8%82+%E8%B3%AA%E8%A9%A2+%E9%98%B2%E6%B4%AA+&oid=1568213 HTTP/1.1" 200 4857
66.249.71.60 - - [30/Apr/2016:05:20:06 +0800] "GET /content/repository/resource_content.jsp?oid=1899094 HTTP/1.1" 200 29782
66.249.71.60 - - [30/Apr/2016:05:20:08 +0800] "GET /content/repository/resource_content.jsp?oid=1100052 HTTP/1.1" 200 31357
68.180.230.90 - - [30/Apr/2016:05:20:15 +0800] "GET /content/subject/resource_content.jsp?oid=16777518&queryType=qc HTTP/1.1" 200 27901
66.249.79.200 - - [30/Apr/2016:05:20:17 +0800] "GET /content/nav/relationSubject.jsp?relationWords=%E4%BA%8C%E6%9E%97+%E4%BC%B0%E5%83%B9+%E5%90%B3%E9%B3%B3%E9%84%89+%E6%9E%97%E5%8B%99%E5%B1%80+%E7%9C%81%E6%94%BF%E5%BA%9C+%E8%87%BA%E5%B8%B3+%E9%84%89%E5%85%AC%E6%89%80+&oid=1899094 HTTP/1.1" 200 4712
66.249.79.200 - - [30/Apr/2016:05:20:39 +0800] "GET /content/nav/relationSubject.jsp?relationWords=API+%E6%A4%8D%E7%89%A9%E7%95%8C+%E7%8E%89%E5%B1%B1%E8%8C%B4%E9%A6%99+%E7%B9%96%E5%BD%A2%E7%A7%91+%E8%8C%B4%E8%8A%B9+%E9%9B%99%E5%AD%90%E8%91%89%E6%A4%8D%E7%89%A9+&oid=1100052 HTTP/1.1" 200 3432
66.249.71.60 - - [30/Apr/2016:05:21:05 +0800] "GET /content/repository/resource_content.jsp?oid=1114020&queryString=%E8%B2%AB%E7%9C%BE%E8%95%A8%E5%B1%AC HTTP/1.1" 200 30232
66.249.71.60 - - [30/Apr/2016:05:21:09 +0800] "GET /content/nav/relationSubject.jsp?relationWords=%E7%B4%B0%E9%BD%92%E8%B2%AB%E7%9C%BE%E8%95%A8+%E8%B2%AB%E7%9C%BE%E8%95%A8%E5%B1%AC+&oid=1114020 HTTP/1.1" 200 3261
66.249.79.200 - - [30/Apr/2016:05:21:14 +0800] "GET /content/nav/relationSubject.jsp?relationWords=%E6%A4%8D%E7%89%A9%E7%95%8C+%E7%95%AB%E7%9C%89+%E7%95%AB%E7%9C%89%E8%8D%89+%E7%95%AB%E7%9C%89%E8%8D%89%E5%B1%AC+%E7%A6%BE%E6%9C%AC%E7%A7%91+%E8%8E%8E%E8%8D%89+%E9%AF%BD%E9%AD%9A+%E9%AF%BD%E9%AD%9A%E8%8D%89+&oid=3824900 HTTP/1.1" 200 3573
66.249.79.200 - - [30/Apr/2016:05:21:19 +0800] "GET /content/nav/relationSubject.jsp?relationWords=%E6%A4%8D%E7%89%A9%E7%95%8C%20%E7%95%AB%E7%9C%89%20%E7%95%AB%E7%9C%89%E8%8D%89%20%E7%95%AB%E7%9C%89%E8%8D%89%E5%B1%AC%20%E7%A6%BE%E6%9C%AC%E7%A7%91%20%E8%8E%8E%E8%8D%89%20%E9%AF%BD%E9%AD%9A%20%E9%AF%BD%E9%AD%9A%E8%8D%89%20&oid=3824900 HTTP/1.1" 200 3573
66.249.71.60 - - [30/Apr/2016:05:21:35 +0800] "GET /content/repository/resource_content.jsp?oid=1610448 HTTP/1.1" 200 28889
66.249.79.200 - - [30/Apr/2016:05:21:38 +0800] "GET /content/nav/relationSubject.jsp?relationWords=%E5%8F%B8%E6%A9%9F+%E6%95%88%E7%8E%87+&oid=1610448 HTTP/1.1" 200 4103
66.249.79.200 - - [30/Apr/2016:05:22:10 +0800] "GET /content/repository/resource_content.jsp?oid=1109867 HTTP/1.1" 200 31315
66.249.79.200 - - [30/Apr/2016:05:22:17 +0800] "GET /content/subject/resource_content.jsp?oid=16777840&queryType=qc HTTP/1.1" 200 40649
66.249.71.60 - - [30/Apr/2016:05:23:14 +0800] "GET /content/nav/relationSubject.jsp?relationWords=%E8%AD%A6%E5%8B%99%E8%99%95+&oid=1536946 HTTP/1.1" 200 5012
111.250.48.215 - - [30/Apr/2016:05:23:34 +0800] "GET /content/repository/resource_content.jsp?oid=15104&queryString=%E5%9A%B4%E5%85%AC%E4%BB%94%20%E5%A4%A7%E7%9C%BC%E9%AF%9B%E7%A7%91%20%E6%97%A5%E6%9C%AC%E5%A4%A7%E7%9C%BC%E9%AF%9B%20%E7%B4%85%E7%9B%AE%E9%B0%B1 HTTP/1.1" 200 34941
111.250.48.215 - - [30/Apr/2016:05:23:35 +0800] "GET /content/nav/relationSubject.jsp?relationWords=%E5%9A%B4%E5%85%AC%E4%BB%94+%E5%A4%A7%E7%9C%BC%E9%AF%9B+%E5%A4%A7%E7%9C%BC%E9%AF%9B%E7%A7%91+%E7%B4%85%E7%9B%AE%E9%B0%B1+&oid=15104 HTTP/1.1" 200 3540
66.249.77.85 - - [30/Apr/2016:05:23:46 +0800] "GET /content/subject/resource_content.jsp?oid=16777640&queryType=qs&queryString=%E8%91%A3%E4%BA%8B%E9%95%B7 HTTP/1.1" 200 61974
66.249.79.200 - - [30/Apr/2016:05:24:13 +0800] "GET /content/nav/relationSubject.jsp?relationWords=%E5%8D%81%E5%AD%97%E8%8A%B1%E7%A7%91+%E6%A4%8D%E7%89%A9%E7%95%8C+%E6%B0%B4%E8%8A%B1%E8%8F%9C+%E7%A2%8E%E7%B1%B3%E8%96%BA%E5%B1%AC+%E9%9B%99%E5%AD%90%E8%91%89%E6%A4%8D%E7%89%A9+&oid=1108798 HTTP/1.1" 200 3386
66.249.71.5 - - [30/Apr/2016:05:24:18 +0800] "GET /digiarch3/content/tmp_exh/resource_content.jsp?oid=16777832&queryString= HTTP/1.1" 200 29074
66.249.79.109 - - [30/Apr/2016:05:24:40 +0800] "GET /content/nav/relationSubject.jsp?relationWords=%E6%B2%99%E6%A2%9D+%E8%B1%B9%E9%AE%AB+%E8%B2%93%E9%AE%AB%E7%A7%91+&oid=4354050 HTTP/1.1" 200 3387
66.249.79.200 - - [30/Apr/2016:05:24:52 +0800] "GET /content/subject/resource_content.jsp?oid=16777736&queryString=%E5%BF%97%E4%BD%B3%E9%99%BD%E6%9D%9C%E9%B5%91%20%E6%9D%9C%E9%B5%91%20%E6%9D%9C%E9%B5%91%E8%8A%B1%20%E7%99%BD%E7%90%89%E7%90%83%E6%9D%9C%E9%B5%91 HTTP/1.1" 200 43274
173.252.88.152 - - [30/Apr/2016:05:25:19 +0800] "GET /content/subject/resource_content.jsp?oid=16797244&queryString HTTP/1.1" 200 50442
66.249.79.200 - - [30/Apr/2016:05:25:24 +0800] "GET /content/repository/resource_content.jsp?oid=2580164 HTTP/1.1" 200 28909
66.249.71.59 - - [30/Apr/2016:05:25:56 +0800] "GET /content/repository/resource_content.jsp?oid=14226&queryString=%E8%8A%B1%E9%B0%BB%20%E8%96%AF%E9%B0%BB%20%E8%99%8E%E9%B0%BB%20%E8%A3%B8%E8%83%B8%E9%B1%94%20%E9%8C%A2%E9%B0%BB%20%E9%BB%B4%E8%BA%AB%E8%A3%B8%E8%83%B8%E9%AF%99 HTTP/1.1" 200 35660
66.249.71.60 - - [30/Apr/2016:05:25:59 +0800] "GET /content/nav/relationSubject.jsp?relationWords=%E5%A4%96%E5%82%98%E9%A0%82+%E5%A4%96%E5%82%98%E9%A0%82%E6%B4%B2+%E5%AE%97%E6%95%99%E8%A7%80+%E5%AE%97%E6%95%99%E8%A7%80%E5%85%89+%E7%9B%AE%E6%A8%99+&oid=1626306 HTTP/1.1" 200 6885
66.249.71.121 - - [30/Apr/2016:05:27:02 +0800] "GET /content/repository/resource_content.jsp?oid=4493067&queryType=qs&queryString=%E5%8F%B8%E9%A6%AC%E9%81%B7 HTTP/1.1" 200 28496
66.249.71.113 - - [30/Apr/2016:05:27:07 +0800] "GET /content/nav/relationSubject.jsp?relationWords=%E5%8F%B8%E9%A6%AC%E9%81%B7+&oid=4493067 HTTP/1.1" 200 3111
66.249.71.60 - - [30/Apr/2016:05:27:34 +0800] "GET /content/subject/resource_content.jsp?oid=16777611&queryType=qs&queryString=%E8%B2%B7%E8%B3%A3%E5%A5%91%E7%B4%84 HTTP/1.1" 200 49610
66.249.71.60 - - [30/Apr/2016:05:28:07 +0800] "GET /content/repository/resource_content.jsp?oid=3818667&queryString=%E5%B1%B1%E6%9E%87%E6%9D%B7%20%E6%9E%87%E6%9D%B7%20%E6%A4%8D%E7%89%A9%E7%95%8C%20%E8%96%94%E8%96%87%E7%9B%AE%20%E8%96%94%E8%96%87%E7%A7%91 HTTP/1.1" 200 31348
66.249.79.200 - - [30/Apr/2016:05:28:40 +0800] "GET /content/repository/resource_content.jsp?oid=1588175 HTTP/1.1" 200 28704
66.249.71.60 - - [30/Apr/2016:05:29:12 +0800] "GET /content/repository/resource_content.jsp?oid=1558785 HTTP/1.1" 200 35285
66.249.71.60 - - [30/Apr/2016:05:29:45 +0800] "GET /content/repository/resource_content.jsp?oid=1531232 HTTP/1.1" 200 30069
66.249.71.60 - - [30/Apr/2016:05:30:34 +0800] "GET /content/repository/resource_content.jsp?oid=1195126 HTTP/1.1" 200 29634
66.249.71.5 - - [30/Apr/2016:05:30:50 +0800] "GET /content/repository/resource_content.jsp?oid=4364029&queryString=%E4%BB%A4%E6%97%97%20%E9%BB%91%E4%BB%A4%20%E9%BB%91%E4%BB%A4%E6%97%97 HTTP/1.1" 200 28854
66.249.71.60 - - [30/Apr/2016:05:31:23 +0800] "GET /content/repository/resource_content.jsp?oid=749336 HTTP/1.1" 200 28496
66.249.71.60 - - [30/Apr/2016:05:31:56 +0800] "GET /content/subject/resource_content.jsp?oid=16777459&queryType=qs&queryString=%E6%95%B8%E4%BD%8D%E8%B3%87%E6%BA%90 HTTP/1.1" 200 40362
220.143.3.206 - - [30/Apr/2016:05:32:10 +0800] "GET /content/subject/resource_content.jsp?oid=16777599&queryType=qc HTTP/1.1" 200 36988
220.143.3.206 - - [30/Apr/2016:05:32:12 +0800] "GET /content/nav/relationSubject.jsp?relationWords=%E5%8D%83%E5%B9%B4%E6%A1%90+%E6%A1%90%E8%8A%B1+%E6%B2%B9%E6%A1%90+&oid=16777599 HTTP/1.1" 200 3738
66.249.71.60 - - [30/Apr/2016:05:32:28 +0800] "GET /content/repository/resource_content.jsp?oid=1105809 HTTP/1.1" 200 31100
66.249.71.60 - - [30/Apr/2016:05:33:02 +0800] "GET /content/subject/resource_content.jsp?oid=16777852&queryType=qs&queryString=%E7%94%B2%E5%8D%88%E6%88%B0%E7%88%AD HTTP/1.1" 200 76901
223.141.155.148 - - [30/Apr/2016:05:33:17 +0800] "GET /content/nav/relationSubject.jsp?relationWords=%E5%8F%B0%E7%81%A3%E5%8E%9F%E4%BD%8F%E6%B0%91+%E7%85%99%E6%96%97+%E8%8F%B8%E8%8D%89+&oid=16777483 HTTP/1.1" 200 5127
66.249.71.60 - - [30/Apr/2016:05:33:34 +0800] "GET /content/repository/resource_content.jsp?oid=16324&queryString=%E6%89%81%E5%B1%8F%E4%BB%94%20%E6%97%A5%E6%9C%AC%E6%B0%B4%E6%BB%91%20%E6%97%A5%E6%9C%AC%E6%B5%B7%E9%B0%B6%20%E6%B2%B9%E9%AD%9A%20%E6%B5%B7%E9%AF%BD%E4%BB%94%20%E9%AF%A1%E7%A7%91 HTTP/1.1" 200 34323
