188.166.213.106 - - [13/Apr/2016:00:00:36 +0800] "GET /content/subject/resource_content.jsp?oid=16777475&queryType=qc HTTP/1.1" 200 62115
66.249.71.50 - - [13/Apr/2016:00:00:49 +0800] "GET /content/repository/resource_content.jsp?oid=14052&queryString=%E5%B8%83%E6%B0%8F%E7%B2%98%E7%9B%B2%E9%B0%BB%20%E7%84%A1%E7%9B%AE%E9%B0%BB%20%E7%9B%B2%E9%B0%BB%20%E7%B2%98%E7%9B%B2%E9%B0%BB%20%E8%92%B2%E6%B0%8F%20%E9%9D%92%E7%9C%A0%E9%B0%BB%20%E9%B0%BB%E7%A7%91%20%E9%BE%8D%E7%AD%8B HTTP/1.1" 200 34752
66.249.71.64 - - [13/Apr/2016:00:01:37 +0800] "GET /content/repository/resource_content.jsp?oid=1577821 HTTP/1.1" 200 28834
68.180.230.90 - - [13/Apr/2016:00:02:22 +0800] "GET /digiarch_en/content/subject/resource_content.jsp?oid=16777741&queryType=qc HTTP/1.1" 200 54372
101.15.178.51 - - [13/Apr/2016:00:02:27 +0800] "GET /content/nav/relationSubject.jsp?relationWords=&oid=16777328 HTTP/1.1" 200 1405
66.249.71.105 - - [13/Apr/2016:00:02:28 +0800] "GET /content/repository/resource_content.jsp?oid=4411619&queryType=qs&queryString=%E8%AE%8A%E8%B3%AA%E7%A0%82%E5%B2%A9 HTTP/1.1" 200 33079
66.249.71.64 - - [13/Apr/2016:00:03:13 +0800] "GET /content/repository/resource_content.jsp?oid=2151933&queryString=%E5%B0%8F%E8%9B%87%E9%BA%BB%20%E6%B0%B4%E8%9B%87%20%E6%B0%B4%E8%9B%87%E9%BA%BB%20%E6%B0%B4%E8%9B%87%E9%BA%BB%E5%B1%AC%20%E8%9B%87%E9%BA%BB HTTP/1.1" 200 30350
66.249.71.5 - - [13/Apr/2016:00:03:19 +0800] "GET /digiarch3/content/subject/resource_content.jsp?oid=16777345&queryType=qc HTTP/1.1" 200 35036
207.46.13.58 - - [13/Apr/2016:00:03:34 +0800] "GET /content/subject/resource_content.jsp?oid=16777770&queryType=qc HTTP/1.1" 200 53870
66.249.71.121 - - [13/Apr/2016:00:03:49 +0800] "GET /content/nav/relationSubject.jsp?relationWords=&oid=2595652 HTTP/1.1" 200 1405
66.249.71.60 - - [13/Apr/2016:00:04:05 +0800] "GET /content/nav/relationSubject.jsp?relationWords=%E5%8D%B0%E5%BA%A6%E7%89%9B%E5%B0%BE%E9%AD%9A+%E7%89%9B%E5%B0%BE%E9%AD%9A+%E7%89%9B%E5%B0%BE%E9%AD%9A%E7%A7%91+&oid=1450939 HTTP/1.1" 200 3573
66.249.71.64 - - [13/Apr/2016:00:04:08 +0800] "GET /content/nav/relationSubject.jsp?relationWords=%E5%8D%B0%E5%BA%A6%E7%89%9B%E5%B0%BE%E9%AD%9A%20%E7%89%9B%E5%B0%BE%E9%AD%9A%20%E7%89%9B%E5%B0%BE%E9%AD%9A%E7%A7%91%20&oid=1450939 HTTP/1.1" 200 3573
66.249.71.60 - - [13/Apr/2016:00:05:01 +0800] "GET /content/repository/resource_content.jsp?oid=181488 HTTP/1.1" 200 30229
157.55.39.159 - - [13/Apr/2016:00:05:04 +0800] "GET /content/repository/resource_content.jsp?oid=1602234&queryType=qs&queryString=%E7%B1%B3%E8%A3%BD HTTP/1.1" 200 42497
157.55.39.163 - - [13/Apr/2016:00:05:48 +0800] "GET /content/subject/resource_content.jsp?oid=16777615&queryType=qc HTTP/1.1" 200 37930
66.249.71.60 - - [13/Apr/2016:00:06:44 +0800] "GET /content/repository/resource_content.jsp?oid=15071&queryString=%E5%88%BA%E5%B0%BE%E9%AF%9B%20%E7%B7%9A%E7%B4%8B%20%E7%B7%9A%E7%B4%8B%E5%88%BA%E5%B0%BE%E9%AF%9B HTTP/1.1" 200 35156
207.46.13.58 - - [13/Apr/2016:00:07:09 +0800] "GET /content/repository/resource_content.jsp?oid=523925 HTTP/1.1" 200 35171
66.249.71.5 - - [13/Apr/2016:00:07:28 +0800] "GET /content/nav/relationSubject.jsp?relationWords=%E4%BB%A4%E7%89%8C+&oid=4363404 HTTP/1.1" 200 3050
207.46.13.58 - - [13/Apr/2016:00:07:28 +0800] "GET /content/repository/resource_content.jsp?oid=4475086 HTTP/1.1" 200 28299
66.249.71.5 - - [13/Apr/2016:00:07:30 +0800] "GET /content/nav/relationSubject.jsp?relationWords=%E4%BB%A4%E7%89%8C%20&oid=4363404 HTTP/1.1" 200 3050
66.249.71.60 - - [13/Apr/2016:00:07:35 +0800] "GET /content/repository/resource_content.jsp?oid=2575770 HTTP/1.1" 200 29492
207.46.13.58 - - [13/Apr/2016:00:07:49 +0800] "GET /content/repository/resource_content.jsp?oid=1900545&queryString=%E4%BA%BA%E4%BA%8B%E7%AE%A1%E7%90%86%20%E5%9C%8B%E9%9A%9B%E9%87%91%E8%9E%8D%20%E5%A4%96%E5%8C%AF%20%E5%AD%98%E6%AC%BE%20%E6%94%BE%E6%AC%BE%E6%A5%AD%E5%8B%99%20%E6%95%88%E7%8E%87%20%E8%87%AA%E5%8B%95%E5%8C%96%20%E8%87%BA%E7%81%A3%E9%8A%80%E8%A1%8C%20%E8%9E%8D%E8%B3%87%20%E9%87%91%E4%BE%86%20%E9%87%91%E7%AE%A1%20%E9%87%91%E8%9E%8D%E6%A5%AD%E5%8B%99%20%E9%8A%80%E8%A1%8C%E6%A5%AD%20%E9%A0%90%E7%AE%97 HTTP/1.1" 200 30512
66.249.71.60 - - [13/Apr/2016:00:07:50 +0800] "GET /content/nav/relationSubject.jsp?relationWords=%E5%88%BA%E6%9E%9C%E8%8F%8A%E5%B1%AC%20%E6%A4%8D%E7%89%A9%E7%95%8C%20%E8%8F%8A%E7%A7%91%20%E9%9B%99%E5%AD%90%E8%91%89%E6%A4%8D%E7%89%A9%20%E9%B5%9D%E4%BB%94%E8%8D%89%20&oid=3812142 HTTP/1.1" 200 3351
122.121.52.127 - - [13/Apr/2016:00:07:55 +0800] "GET /content/repository/resource_content.jsp?oid=1779533 HTTP/1.1" 200 42747
122.121.52.127 - - [13/Apr/2016:00:07:56 +0800] "GET /content/nav/relationSubject.jsp?relationWords=%E7%89%A9%E8%B3%AA%E6%96%87%E5%8C%96+&oid=1779533 HTTP/1.1" 200 3134
207.46.13.58 - - [13/Apr/2016:00:08:24 +0800] "GET /content/repository/resource_content.jsp?oid=1895161&queryString=%E5%A4%A7%E7%A4%BE%E9%84%89%20%E7%9C%81%E6%94%BF%E5%BA%9C%20%E9%A2%A8%E6%99%AF%E5%8D%80 HTTP/1.1" 200 30844
66.249.71.60 - - [13/Apr/2016:00:08:26 +0800] "GET /content/repository/resource_content.jsp?oid=1849380 HTTP/1.1" 200 30196
207.46.13.58 - - [13/Apr/2016:00:08:33 +0800] "GET /content/repository/resource_content.jsp?oid=1532352&queryString=%E6%96%87%E5%8C%96%E4%B8%AD%E5%BF%83%20%E6%9A%A8%E5%8D%97%20%E6%9A%A8%E5%8D%97%E5%A4%A7%E5%AD%B8 HTTP/1.1" 200 30238
66.249.71.60 - - [13/Apr/2016:00:09:00 +0800] "GET /content/subject/resource_content.jsp?oid=16777720&queryString=%E5%89%AA%E7%B4%99%20%E5%8F%B0%E7%81%A3%E5%8E%9F%E4%BD%8F%E6%B0%91%20%E8%A6%96%E8%A6%BA%E8%A8%AD%E8%A8%88 HTTP/1.1" 200 30040
207.46.13.58 - - [13/Apr/2016:00:09:00 +0800] "GET /content/repository/resource_content.jsp?oid=1123937 HTTP/1.1" 200 33789
66.249.71.60 - - [13/Apr/2016:00:09:17 +0800] "GET /content/repository/resource_content.jsp?oid=1173459 HTTP/1.1" 200 29612
157.55.39.189 - - [13/Apr/2016:00:09:48 +0800] "GET /content/subject/resource_content.jsp?oid=16777558&queryType=qc HTTP/1.1" 200 30850
66.249.71.113 - - [13/Apr/2016:00:10:08 +0800] "GET /content/repository/resource_content.jsp?oid=4470382&queryType=qs&queryString=%E8%95%83%E5%B1%8B HTTP/1.1" 200 33117
157.55.39.189 - - [13/Apr/2016:00:10:08 +0800] "GET /content/subject/resource_content.jsp?oid=16777788&queryType=qc HTTP/1.1" 200 42882
198.211.102.193 - - [13/Apr/2016:00:10:45 +0800] "GET /content/repository/resource_content.jsp?oid=606737&queryType=qs&queryString=%E9%B9%BD%E9%A4%98 HTTP/1.1" 200 28703
66.249.71.60 - - [13/Apr/2016:00:10:50 +0800] "GET /content/nav/relationSubject.jsp?relationWords=%E5%B0%8F%E6%A1%91%E6%A8%B9%20%E6%A1%91%E5%B1%AC%20%E6%A4%8D%E7%89%A9%E7%95%8C%20&oid=1115485 HTTP/1.1" 200 3207
66.249.77.91 - - [13/Apr/2016:00:10:59 +0800] "GET /content/repository/resource_content.jsp?oid=16261&queryString=%E5%9C%93%E6%B5%B7%E7%87%95%20%E5%9C%93%E7%9C%BC%E7%87%95%E9%AD%9A%20%E7%87%95%E9%AD%9A%20%E7%99%BD%E9%AF%A7%E7%A7%91%20%E9%AF%A7%E4%BB%94 HTTP/1.1" 200 33953
198.211.102.193 - - [13/Apr/2016:00:11:03 +0800] "GET /content/nav/relationSubject.jsp?relationWords=%E6%88%AA%E7%95%99%E9%B9%BD+%E9%97%9C%E9%A4%98+%E9%B9%BD%E9%A4%98+&oid=606737 HTTP/1.1" 200 3315
198.211.102.193 - - [13/Apr/2016:00:11:45 +0800] "GET /content/repository/resource_content.jsp?oid=606735&queryString=?????}%20?P?N%20?}?N HTTP/1.1" 500 15712
66.249.71.113 - - [13/Apr/2016:00:11:50 +0800] "GET /content/repository/resource_content.jsp?oid=2657599&queryType=qs&queryString=%E7%88%BE%E6%98%8C HTTP/1.1" 200 30374
198.211.102.193 - - [13/Apr/2016:00:11:59 +0800] "GET /content/repository/resource_content.jsp?oid=606735&queryString=?????????%20??????%20?????? HTTP/1.1" 200 29042
198.211.102.193 - - [13/Apr/2016:00:12:03 +0800] "GET /content/nav/relationSubject.jsp?relationWords=%E5%90%B3%E5%B7%A1+%E5%9C%8B%E7%A8%85+%E6%88%AA%E7%95%99%E9%B9%BD+%E6%B5%B7%E8%BB%8D%E8%89%A6%E9%9A%8A+%E7%84%A1%E7%B7%9A%E9%9B%BB+%E7%A8%85%E7%8E%87+%E9%97%9C%E9%A4%98+%E9%B9%BD%E7%A8%85+&oid=606735 HTTP/1.1" 200 4208
157.55.39.189 - - [13/Apr/2016:00:12:28 +0800] "GET /content/repository/resource_content.jsp?oid=524127 HTTP/1.1" 200 38086
66.249.71.60 - - [13/Apr/2016:00:12:41 +0800] "GET /content/repository/resource_content.jsp?oid=1173348 HTTP/1.1" 200 29056
207.46.13.58 - - [13/Apr/2016:00:13:05 +0800] "GET /content/subject/resource_content.jsp?oid=16777256&queryString=%E4%BA%BA%E4%BA%8B%E7%AE%A1%E7%90%86%20%E5%9C%8B%E9%9A%9B%E9%87%91%E8%9E%8D%20%E5%A4%96%E5%8C%AF%20%E5%AD%98%E6%AC%BE%20%E6%94%BE%E6%AC%BE%E6%A5%AD%E5%8B%99%20%E6%95%88%E7%8E%87%20%E8%87%AA%E5%8B%95%E5%8C%96%20%E8%87%BA%E7%81%A3%E9%8A%80%E8%A1%8C%20%E8%9E%8D%E8%B3%87%20%E9%87%91%E4%BE%86%20%E9%87%91%E7%AE%A1%20%E9%87%91%E8%9E%8D%E6%A5%AD%E5%8B%99%20%E9%8A%80%E8%A1%8C%E6%A5%AD%20%E9%A0%90%E7%AE%97 HTTP/1.1" 200 37358
157.55.39.189 - - [13/Apr/2016:00:13:28 +0800] "GET /content/repository/resource_content.jsp?oid=3818673&queryString=%E5%A4%A7%E6%88%9F%20%E5%A4%A7%E6%88%9F%E7%A7%91%20%E5%B0%8F%E8%BF%94%E9%AD%82%20%E6%A4%8D%E7%89%A9%E7%95%8C%20%E8%91%89%E4%B8%8B%E7%8F%A0%E5%B1%AC HTTP/1.1" 200 31301
66.249.71.113 - - [13/Apr/2016:00:13:39 +0800] "GET /content/repository/resource_content.jsp?oid=1775349&queryType=qs&queryString=%E5%8F%A3%E7%B0%A7%E7%90%B4 HTTP/1.1" 200 31853
157.55.39.189 - - [13/Apr/2016:00:13:48 +0800] "GET /content/repository/resource_content.jsp?oid=1776659 HTTP/1.1" 200 27067
157.55.39.189 - - [13/Apr/2016:00:14:09 +0800] "GET /content/repository/resource_content.jsp?oid=1535153 HTTP/1.1" 200 28930
198.211.102.193 - - [13/Apr/2016:00:14:09 +0800] "GET /content/repository/resource_content.jsp?oid=606737&queryType=qs&queryString=%E9%B9%BD%E9%A4%98 HTTP/1.1" 200 28703
66.249.71.60 - - [13/Apr/2016:00:14:23 +0800] "GET /content/repository/resource_content.jsp?oid=2662474 HTTP/1.1" 200 29713
66.249.77.85 - - [13/Apr/2016:00:14:44 +0800] "GET /content/subject/resource_content.jsp?oid=16777450&queryString= HTTP/1.1" 200 28909
66.249.71.5 - - [13/Apr/2016:00:14:50 +0800] "GET /digiarch3/content/nav/relationSubject.jsp?relationWords=%E4%BF%9D%E5%8A%9B%20%E6%81%86%E6%98%A5%E5%8D%8A%E5%B3%B6%20%E7%89%A1%E4%B8%B9%E7%A4%BE%E4%BA%8B%E4%BB%B6%20%E7%95%AA%E7%A4%BE%20&oid=16777766 HTTP/1.1" 200 4011
49.159.162.104 - - [13/Apr/2016:00:15:32 +0800] "GET /content/exhibit/exhibit.jsp?oid=16777848 HTTP/1.1" 200 26268
49.159.162.104 - - [13/Apr/2016:00:15:33 +0800] "GET /content/exhibit/exhibit_content.jsp?oid=16777848 HTTP/1.1" 200 21313
66.249.71.60 - - [13/Apr/2016:00:16:05 +0800] "GET /content/repository/resource_content.jsp?oid=1834077&queryType=qs&queryString=%E6%87%89%E9%BE%8D HTTP/1.1" 200 34870
66.249.71.105 - - [13/Apr/2016:00:16:56 +0800] "GET /content/repository/resource_content.jsp?oid=4351742&queryType=qs&queryString=%E6%B5%B7%E9%B1%94 HTTP/1.1" 200 34202
157.55.39.163 - - [13/Apr/2016:00:17:29 +0800] "GET /content/repository/resource_content.jsp?oid=3814052&queryString=%E5%A4%A7%E6%88%9F%20%E5%A4%A7%E6%88%9F%E7%A7%91%20%E5%B0%8F%E8%BF%94%E9%AD%82%20%E6%A4%8D%E7%89%A9%E7%95%8C%20%E8%91%89%E4%B8%8B%E7%8F%A0%E5%B1%AC HTTP/1.1" 200 31361
66.249.79.200 - - [13/Apr/2016:00:17:48 +0800] "GET /content/repository/resource_content.jsp?oid=1529141 HTTP/1.1" 200 29167
157.55.39.163 - - [13/Apr/2016:00:18:05 +0800] "GET /content/repository/resource_content.jsp?oid=1897846&queryString=%E4%BA%BA%E4%BA%8B%E7%AE%A1%E7%90%86%20%E5%9C%8B%E9%9A%9B%E9%87%91%E8%9E%8D%20%E5%A4%96%E5%8C%AF%20%E5%AD%98%E6%AC%BE%20%E6%94%BE%E6%AC%BE%E6%A5%AD%E5%8B%99%20%E6%95%88%E7%8E%87%20%E8%87%AA%E5%8B%95%E5%8C%96%20%E8%87%BA%E7%81%A3%E9%8A%80%E8%A1%8C%20%E8%9E%8D%E8%B3%87%20%E9%87%91%E4%BE%86%20%E9%87%91%E7%AE%A1%20%E9%87%91%E8%9E%8D%E6%A5%AD%E5%8B%99%20%E9%8A%80%E8%A1%8C%E6%A5%AD%20%E9%A0%90%E7%AE%97 HTTP/1.1" 200 30499
157.55.39.163 - - [13/Apr/2016:00:18:13 +0800] "GET /content/repository/resource_content.jsp?oid=1532323&queryString=%E6%96%87%E5%8C%96%E4%B8%AD%E5%BF%83%20%E6%9A%A8%E5%8D%97%20%E6%9A%A8%E5%8D%97%E5%A4%A7%E5%AD%B8 HTTP/1.1" 200 31789
66.249.71.60 - - [13/Apr/2016:00:18:16 +0800] "GET /content/nav/relationSubject.jsp?relationWords=%E4%BD%B3%E5%86%AC+%E5%9C%8B%E6%B0%91%E5%AD%B8%E6%A0%A1+%E6%A5%8A%E5%8F%8B%E7%99%BB+&oid=1517692 HTTP/1.1" 200 3398
61.230.14.31 - - [13/Apr/2016:00:18:17 +0800] "GET /content/repository/resource_content.jsp?oid=3818422&queryString=%E5%8F%B0%E7%81%A3%E7%B2%97%E6%A6%A7%20%E6%9D%BE%E6%9D%89%20%E6%A4%8D%E7%89%A9%E7%95%8C%20%E6%AF%AC%E6%9E%9C%20%E7%B2%97%E6%A6%A7%20%E7%B2%97%E6%A6%A7%E5%B1%AC HTTP/1.1" 200 30349
66.249.79.200 - - [13/Apr/2016:00:18:18 +0800] "GET /content/nav/relationSubject.jsp?relationWords=%E4%BD%B3%E5%86%AC%20%E5%9C%8B%E6%B0%91%E5%AD%B8%E6%A0%A1%20%E6%A5%8A%E5%8F%8B%E7%99%BB%20&oid=1517692 HTTP/1.1" 200 3398
61.230.14.31 - - [13/Apr/2016:00:18:20 +0800] "GET /content/nav/relationSubject.jsp?relationWords=%E5%8F%B0%E7%81%A3%E7%B2%97%E6%A6%A7+%E6%9D%BE%E6%9D%89+%E6%A4%8D%E7%89%A9%E7%95%8C+%E6%AF%AC%E6%9E%9C+%E7%B2%97%E6%A6%A7+%E7%B2%97%E6%A6%A7%E5%B1%AC+&oid=3818422 HTTP/1.1" 200 3387
207.46.13.58 - - [13/Apr/2016:00:18:32 +0800] "GET /content/subject/resource_content.jsp?oid=16777624 HTTP/1.1" 200 119492
66.249.71.60 - - [13/Apr/2016:00:18:39 +0800] "GET /content/repository/resource_content.jsp?oid=24760 HTTP/1.1" 200 30013
157.55.39.163 - - [13/Apr/2016:00:18:49 +0800] "GET /content/repository/resource_content.jsp?oid=1531214&queryString=%E6%96%87%E5%8C%96%E4%B8%AD%E5%BF%83%20%E6%9A%A8%E5%8D%97%20%E6%9A%A8%E5%8D%97%E5%A4%A7%E5%AD%B8 HTTP/1.1" 200 32720
157.55.39.163 - - [13/Apr/2016:00:19:09 +0800] "GET /content/repository/resource_content.jsp?oid=1081683&queryString=%E5%9B%9B%E9%BD%92%E9%AD%A8%20%E5%9C%93%E6%96%91%20%E5%B0%96%E5%98%B4%E8%A6%8F%20%E6%B2%B3%E9%AD%A8%20%E7%99%BD%E6%96%91%E5%B0%96%E9%BC%BB%E9%AD%A8%20%E7%99%BD%E7%B4%8B%20%E8%A6%8F%E4%BB%94%20%E9%AD%A8%E7%A7%91 HTTP/1.1" 200 34185
210.241.16.226 - - [13/Apr/2016:00:19:24 +0800] "GET /content/nav/relationSubject.jsp?relationWords=&oid=16777459 HTTP/1.1" 200 1405
157.55.39.163 - - [13/Apr/2016:00:19:29 +0800] "GET /content/pictures/picture_content.jsp?oid=33554736&classify=2259 HTTP/1.1" 200 27558
66.249.71.23 - - [13/Apr/2016:00:19:30 +0800] "GET /content/repository/resource_content.jsp?oid=4352914&queryType=qs&queryString=%E5%96%AC%E6%B0%8F HTTP/1.1" 200 35005
66.249.71.60 - - [13/Apr/2016:00:19:51 +0800] "GET /content/nav/relationSubject.jsp?relationWords=%E5%90%8C%E6%A5%AD%E5%85%AC%E6%9C%83+%E5%91%82%E4%B8%96%E6%98%8E+%E5%95%86%E5%90%8C+%E5%95%86%E8%89%B1%E6%A1%88+%E6%87%87%E8%BD%89+%E6%B1%BD%E6%B2%B9+%E8%87%BA%E7%81%A3%E7%9C%81+%E8%89%B1%E6%A1%88+&oid=1522790 HTTP/1.1" 200 4762
66.249.79.200 - - [13/Apr/2016:00:19:53 +0800] "GET /content/nav/relationSubject.jsp?relationWords=%E5%90%8C%E6%A5%AD%E5%85%AC%E6%9C%83%20%E5%91%82%E4%B8%96%E6%98%8E%20%E5%95%86%E5%90%8C%20%E5%95%86%E8%89%B1%E6%A1%88%20%E6%87%87%E8%BD%89%20%E6%B1%BD%E6%B2%B9%20%E8%87%BA%E7%81%A3%E7%9C%81%20%E8%89%B1%E6%A1%88%20&oid=1522790 HTTP/1.1" 200 4762
123.192.195.254 - - [13/Apr/2016:00:20:11 +0800] "GET /content/nav/relationSubject.jsp?relationWords=&oid=16777328 HTTP/1.1" 200 1405
66.249.71.121 - - [13/Apr/2016:00:20:21 +0800] "GET /content/subject/resource_content.jsp?oid=16777542&queryType=qc HTTP/1.1" 200 31564
66.249.79.61 - - [13/Apr/2016:00:20:31 +0800] "GET /content/repository/resource_content.jsp?oid=14976&queryString=%E4%B9%9D%E5%88%BA%E9%AE%A8 HTTP/1.1" 200 35371
66.249.77.85 - - [13/Apr/2016:00:21:01 +0800] "GET /content/nav/relationSubject.jsp?relationWords=%E4%BA%9E%E6%B4%B2%E6%97%A5%E6%9C%88%E8%9B%A4+%E6%97%A5%E6%9C%88%E8%9F%B6+%E6%97%A5%E6%9C%88%E8%B2%9D+%E6%B5%B7%E6%89%87%E8%9B%A4+%E6%B5%B7%E6%89%87%E8%9B%A4%E7%A7%91+%E9%9B%99%E6%AE%BC%E7%B6%B1+%E9%B6%AF%E8%9B%A4%E7%9B%AE+&oid=523590 HTTP/1.1" 200 3559
61.230.14.31 - - [13/Apr/2016:00:21:09 +0800] "GET /content/repository/resource_content.jsp?oid=2151855&queryString=%E5%8F%B0%E7%81%A3%E7%B2%97%E6%A6%A7%20%E6%9D%BE%E6%9D%89%20%E6%A4%8D%E7%89%A9%E7%95%8C%20%E6%AF%AC%E6%9E%9C%20%E7%B2%97%E6%A6%A7%20%E7%B2%97%E6%A6%A7%E5%B1%AC HTTP/1.1" 200 31753
61.230.14.31 - - [13/Apr/2016:00:21:10 +0800] "GET /content/nav/relationSubject.jsp?relationWords=%E5%8F%B0%E7%81%A3%E7%B2%97%E6%A6%A7+%E6%9D%BE%E6%9D%89+%E6%A4%8D%E7%89%A9%E7%95%8C+%E6%AF%AC%E6%9E%9C+%E7%B2%97%E6%A6%A7+%E7%B2%97%E6%A6%A7%E5%B1%AC+&oid=2151855 HTTP/1.1" 200 3387
66.249.71.60 - - [13/Apr/2016:00:21:12 +0800] "GET /content/repository/resource_content.jsp?oid=188252&queryString=%E6%9D%B1%E5%8D%97%E5%8D%80%E5%9C%96 HTTP/1.1" 200 30826
66.249.71.105 - - [13/Apr/2016:00:21:14 +0800] "GET /content/nav/relationSubject.jsp?relationWords=%E5%88%91%E9%83%A8+%E6%83%85%E7%9C%9F%E5%BE%8B+%E7%9B%A3%E5%80%99+%E7%A7%8B%E6%B1%BA+%E7%B5%9E%E7%9B%A3+%E7%B5%9E%E7%9B%A3%E5%80%99+&oid=2556434 HTTP/1.1" 200 4207
66.249.71.113 - - [13/Apr/2016:00:21:18 +0800] "GET /content/nav/relationSubject.jsp?relationWords=%E5%88%91%E9%83%A8%20%E6%83%85%E7%9C%9F%E5%BE%8B%20%E7%9B%A3%E5%80%99%20%E7%A7%8B%E6%B1%BA%20%E7%B5%9E%E7%9B%A3%20%E7%B5%9E%E7%9B%A3%E5%80%99%20&oid=2556434 HTTP/1.1" 200 4207
207.46.13.58 - - [13/Apr/2016:00:21:32 +0800] "GET /content/subject/resource_content.jsp?oid=16777823&queryString=%E6%96%87%E5%8C%96%E4%B8%AD%E5%BF%83%20%E6%9A%A8%E5%8D%97%20%E6%9A%A8%E5%8D%97%E5%A4%A7%E5%AD%B8 HTTP/1.1" 200 33430
66.249.71.105 - - [13/Apr/2016:00:21:45 +0800] "GET /content/nav/relationSubject.jsp?relationWords=%E6%84%9B%E6%83%85+&oid=16777357 HTTP/1.1" 200 4016
66.249.71.105 - - [13/Apr/2016:00:21:48 +0800] "GET /content/nav/relationSubject.jsp?relationWords=%E6%84%9B%E6%83%85%20&oid=16777357 HTTP/1.1" 200 4016
61.135.189.124 - - [13/Apr/2016:00:21:53 +0800] "GET /content/repository/resource_content.jsp?oid=1124539 HTTP/1.1" 200 37784
66.249.77.97 - - [13/Apr/2016:00:22:02 +0800] "GET /content/nav/relationSubject.jsp?relationWords=%E7%84%A1%E7%9B%AE%E9%B0%BB%20%E7%9B%B2%E9%B0%BB%20%E7%B4%AB%E7%B2%98%E7%9B%B2%E9%B0%BB%20%E9%9D%92%E7%9C%A0%E9%B0%BB%20%E9%B0%BB%E7%A7%91%20%E9%BE%8D%E7%AD%8B%20&oid=14052 HTTP/1.1" 200 3646
66.249.71.5 - - [13/Apr/2016:00:22:03 +0800] "GET /content/repository/resource_content.jsp?oid=14428&queryString=%E4%B8%81%E9%8A%80%20%E5%85%B5%E4%B8%81%20%E9%82%A2%E9%83%A8%20%E9%8A%80%E7%B3%A7 HTTP/1.1" 200 35431
157.55.39.159 - - [13/Apr/2016:00:22:09 +0800] "GET /content/subject/resource_content.jsp?oid=16777753 HTTP/1.1" 200 36817
157.55.39.159 - - [13/Apr/2016:00:22:27 +0800] "GET /content/nav/relationSubject.jsp?relationWords=GIS+%E6%95%B8%E4%BD%8D%E5%85%B8%E8%97%8F+%E9%81%99%E6%B8%AC%E5%BD%B1%E5%83%8F+&oid=16777753 HTTP/1.1" 200 5952
66.249.71.5 - - [13/Apr/2016:00:22:37 +0800] "GET /content/nav/relationSubject.jsp?relationWords=%E7%9F%AD%E9%BC%BB%E9%8A%80%E9%AE%AB%E7%A7%91+%E7%BF%85%E6%B2%99+%E9%8A%80%E9%AE%AB+%E9%BB%91%E7%BF%85%E6%B2%99+%E9%BC%A0%E9%AD%9A+&oid=4354056 HTTP/1.1" 200 3533
66.249.71.5 - - [13/Apr/2016:00:22:39 +0800] "GET /content/nav/relationSubject.jsp?relationWords=%E7%9F%AD%E9%BC%BB%E9%8A%80%E9%AE%AB%E7%A7%91%20%E7%BF%85%E6%B2%99%20%E9%8A%80%E9%AE%AB%20%E9%BB%91%E7%BF%85%E6%B2%99%20%E9%BC%A0%E9%AD%9A%20&oid=4354056 HTTP/1.1" 200 3533
61.135.189.124 - - [13/Apr/2016:00:22:59 +0800] "GET /content/repository/resource_content.jsp?oid=1461602 HTTP/1.1" 200 31263
157.55.39.159 - - [13/Apr/2016:00:23:09 +0800] "GET /content/subject/resource_content.jsp?oid=16777425&queryType=qc HTTP/1.1" 200 35685
42.73.229.247 - - [13/Apr/2016:00:23:27 +0800] "GET /content/subject/resource_content.jsp?oid=16777852&queryType=qs&queryString=%E9%A6%AC%E9%97%9C%E6%A2%9D%E7%B4%84 HTTP/1.1" 200 77008
42.73.229.247 - - [13/Apr/2016:00:23:29 +0800] "GET /content/nav/relationSubject.jsp?relationWords=&oid=16777852 HTTP/1.1" 200 1405
66.249.71.105 - - [13/Apr/2016:00:23:51 +0800] "GET /content/nav/relationSubject.jsp?relationWords=%E5%82%B3%E7%B5%B1%E6%AD%8C%E8%AC%A0+%E7%A5%AD%E5%84%80+&oid=4388229 HTTP/1.1" 200 4143
66.249.71.121 - - [13/Apr/2016:00:23:52 +0800] "GET /content/nav/relationSubject.jsp?relationWords=%E5%82%B3%E7%B5%B1%E6%AD%8C%E8%AC%A0%20%E7%A5%AD%E5%84%80%20&oid=4388229 HTTP/1.1" 200 4143
61.135.189.124 - - [13/Apr/2016:00:24:05 +0800] "GET /content/subject/resource_content.jsp?oid=16777812&queryType=qc HTTP/1.1" 200 37588
66.249.71.60 - - [13/Apr/2016:00:24:18 +0800] "GET /content/nav/relationSubject.jsp?relationWords=%E6%A4%8D%E7%89%A9%E7%95%8C%20%E8%A1%9B%E7%9F%9B%20%E8%A1%9B%E7%9F%9B%E5%B1%AC%20%E8%A1%9B%E7%9F%9B%E7%A7%91%20&oid=1099553 HTTP/1.1" 200 3297
66.249.71.50 - - [13/Apr/2016:00:24:36 +0800] "GET /content/repository/resource_content.jsp?oid=2654940&queryType=qs&queryString=%E5%9B%9B%E5%BA%AB%E5%85%A8%E6%9B%B8 HTTP/1.1" 200 30117
157.55.39.159 - - [13/Apr/2016:00:24:49 +0800] "GET /content/repository/resource_content.jsp?oid=827445 HTTP/1.1" 200 27996
157.55.39.159 - - [13/Apr/2016:00:25:09 +0800] "GET /content/repository/resource_content.jsp?oid=524142 HTTP/1.1" 200 43259
61.135.189.124 - - [13/Apr/2016:00:25:11 +0800] "GET /content/tmp_auth/resource_content.jsp?oid=16777461 HTTP/1.1" 200 27964
66.249.71.60 - - [13/Apr/2016:00:25:27 +0800] "GET /content/repository/resource_content.jsp?oid=1103769&queryString=%E6%A4%8D%E7%89%A9%E7%95%8C%20%E7%9B%BE%E6%9E%9C%E8%8D%89%20%E7%9B%BE%E6%9E%9C%E8%8D%89%E5%B1%AC%20%E7%B4%AB%E8%8D%89%20%E7%B4%AB%E8%8D%89%E7%A7%91 HTTP/1.1" 200 31664
157.55.39.159 - - [13/Apr/2016:00:25:29 +0800] "GET /content/repository/resource_content.jsp?oid=3814046&queryString=%E5%A4%A7%E6%88%9F%20%E5%A4%A7%E6%88%9F%E7%A7%91%20%E5%B0%8F%E8%BF%94%E9%AD%82%20%E6%A4%8D%E7%89%A9%E7%95%8C%20%E8%91%89%E4%B8%8B%E7%8F%A0%E5%B1%AC HTTP/1.1" 200 31394
157.55.39.163 - - [13/Apr/2016:00:26:08 +0800] "GET /content/pictures/picture_content.jsp?oid=33554733&classify=2259 HTTP/1.1" 200 27964
66.249.71.5 - - [13/Apr/2016:00:26:17 +0800] "GET /digiarch3/content/repository/resource_content.jsp?oid=4352501&queryString=%E6%88%92%E5%9A%B4%E6%99%82%E6%9C%9F%20%E6%B5%81%E6%B0%93%20%E8%87%BA%E7%81%A3%E7%9C%81 HTTP/1.1" 200 34706
61.135.189.124 - - [13/Apr/2016:00:26:18 +0800] "GET /content/repository/resource_content.jsp?oid=523969&queryType=qc HTTP/1.1" 200 36443
66.249.71.64 - - [13/Apr/2016:00:26:18 +0800] "GET /content/repository/resource_content.jsp?oid=2513647 HTTP/1.1" 200 29852
157.55.39.163 - - [13/Apr/2016:00:26:49 +0800] "GET /content/subject/resource_content.jsp?oid=16777466 HTTP/1.1" 200 28223
66.249.79.207 - - [13/Apr/2016:00:27:09 +0800] "GET /digiarch_en/content/subject/resource_content.jsp?oid=16777352&queryType=qc HTTP/1.1" 200 22262
157.55.39.163 - - [13/Apr/2016:00:27:25 +0800] "GET /content/subject/resource_content.jsp?oid=16777489&queryType=qc HTTP/1.1" 200 74919
157.55.39.189 - - [13/Apr/2016:00:28:27 +0800] "GET /content/nav/relationSubject.jsp?relationWords=&oid=16777342 HTTP/1.1" 200 1405
140.113.95.27 - - [13/Apr/2016:00:28:42 +0800] "GET /content/tmp_exh/resource_content.jsp?oid=16777849&queryString= HTTP/1.1" 200 32528
140.113.95.27 - - [13/Apr/2016:00:28:43 +0800] "GET /content/nav/relationSubject.jsp?relationWords=&oid=16777849 HTTP/1.1" 200 1405
66.249.79.139 - - [13/Apr/2016:00:28:52 +0800] "GET /content/repository/resource_content.jsp?oid=3354497&queryString=%E5%B8%AB%E9%85%89%20%E5%B8%AB%E9%85%89%E7%B0%8B%20%E6%B0%B8%E5%AF%B6 HTTP/1.1" 200 30758
66.249.71.60 - - [13/Apr/2016:00:28:52 +0800] "GET /content/nav/relationSubject.jsp?relationWords=%E4%BA%BA%E4%BA%8B%E5%88%B6%E5%BA%A6+%E4%BF%A1%E7%94%A8%E5%90%88%E4%BD%9C%E7%A4%BE+%E5%90%B3%E6%B3%89%E6%B4%9D+%E5%BC%B5%E7%A7%80+%E6%96%BD%E8%A1%8C%E7%B4%B0%E5%89%87+%E6%9C%83%E8%AD%B0%E7%B4%80%E9%8C%84+%E6%9E%97%E7%89%9B%E6%B8%AF+%E6%A8%99%E5%94%AE+%E6%AA%9C%E6%9C%A8+%E6%B4%AA%E6%8E%9B+%E7%89%B2%E7%95%9C+%E8%87%BA%E5%8C%97%E5%B8%82+%E8%87%BA%E7%81%A3%E7%9C%81+%E8%87%BA%E7%81%A3%E7%9C%81%E8%AD%B0%E6%9C%83+%E8%94%A1%E6%96%87%E7%8E%89+%E8%99%95%E9%95%B7+%E8%B3%B4%E6%A6%AE%E6%9C%A8+%E8%BE%B2%E6%9E%97%E5%BB%B3+%E8%BE%B2%E6%9E%97%E9%A1%9E+%E9%91%92%E6%A0%B8%E6%A1%88+%E9%99%B3%E9%87%8D%E5%85%89+&oid=1589414 HTTP/1.1" 200 5472
66.249.71.64 - - [13/Apr/2016:00:28:54 +0800] "GET /content/nav/relationSubject.jsp?relationWords=%E4%BA%BA%E4%BA%8B%E5%88%B6%E5%BA%A6%20%E4%BF%A1%E7%94%A8%E5%90%88%E4%BD%9C%E7%A4%BE%20%E5%90%B3%E6%B3%89%E6%B4%9D%20%E5%BC%B5%E7%A7%80%20%E6%96%BD%E8%A1%8C%E7%B4%B0%E5%89%87%20%E6%9C%83%E8%AD%B0%E7%B4%80%E9%8C%84%20%E6%9E%97%E7%89%9B%E6%B8%AF%20%E6%A8%99%E5%94%AE%20%E6%AA%9C%E6%9C%A8%20%E6%B4%AA%E6%8E%9B%20%E7%89%B2%E7%95%9C%20%E8%87%BA%E5%8C%97%E5%B8%82%20%E8%87%BA%E7%81%A3%E7%9C%81%20%E8%87%BA%E7%81%A3%E7%9C%81%E8%AD%B0%E6%9C%83%20%E8%94%A1%E6%96%87%E7%8E%89%20%E8%99%95%E9%95%B7%20%E8%B3%B4%E6%A6%AE%E6%9C%A8%20%E8%BE%B2%E6%9E%97%E5%BB%B3%20%E8%BE%B2%E6%9E%97%E9%A1%9E%20%E9%91%92%E6%A0%B8%E6%A1%88%20%E9%99%B3%E9%87%8D%E5%85%89%20&oid=1589414 HTTP/1.1" 200 5472
207.46.13.58 - - [13/Apr/2016:00:29:40 +0800] "GET /digiarch_en/content/subject/resource_content.jsp?oid=16777344&queryType=qc HTTP/1.1" 200 42672
66.249.71.64 - - [13/Apr/2016:00:29:53 +0800] "GET /content/nav/relationSubject.jsp?relationWords=&oid=2525953 HTTP/1.1" 200 1405
66.249.71.60 - - [13/Apr/2016:00:30:07 +0800] "GET /content/nav/relationSubject.jsp?relationWords=%E5%A4%A9%E7%AB%BA%E9%AF%9B+%E5%A4%A9%E7%AB%BA%E9%AF%9B%E7%A7%91+&oid=17664 HTTP/1.1" 200 3471
66.249.71.60 - - [13/Apr/2016:00:30:08 +0800] "GET /content/nav/relationSubject.jsp?relationWords=%E5%A4%A9%E7%AB%BA%E9%AF%9B%20%E5%A4%A9%E7%AB%BA%E9%AF%9B%E7%A7%91%20&oid=17664 HTTP/1.1" 200 3471
66.249.71.5 - - [13/Apr/2016:00:30:33 +0800] "GET /content/repository/resource_content.jsp?oid=14218&queryString=%E7%87%95%E9%AD%9F HTTP/1.1" 200 32925
66.249.71.60 - - [13/Apr/2016:00:31:25 +0800] "GET /content/repository/resource_content.jsp?oid=2148881 HTTP/1.1" 200 31246
220.129.120.180 - - [13/Apr/2016:00:31:38 +0800] "GET /content/subject/resource_content.jsp?oid=16797293&queryType=qc HTTP/1.1" 200 46243
220.129.120.180 - - [13/Apr/2016:00:31:39 +0800] "GET /content/nav/relationSubject.jsp?relationWords=%E5%B0%8F%E5%90%83+&oid=16797293 HTTP/1.1" 200 3156
157.55.39.189 - - [13/Apr/2016:00:31:49 +0800] "GET /content/subject/resource_content.jsp?oid=16777788&queryType=qc HTTP/1.1" 200 42882
157.55.39.189 - - [13/Apr/2016:00:32:09 +0800] "GET /content/subject/resource_content.jsp?oid=16777813&queryString=%E6%96%87%E5%8C%96%E4%B8%AD%E5%BF%83%20%E6%9A%A8%E5%8D%97%20%E6%9A%A8%E5%8D%97%E5%A4%A7%E5%AD%B8 HTTP/1.1" 200 42193
66.249.71.5 - - [13/Apr/2016:00:32:16 +0800] "GET /content/repository/resource_content.jsp?oid=15213&queryString=%E7%93%9C%E4%BB%94%20%E9%BB%83%E5%B0%BE HTTP/1.1" 200 34492
66.249.79.200 - - [13/Apr/2016:00:33:07 +0800] "GET /content/repository/resource_content.jsp?oid=17813 HTTP/1.1" 200 29873
157.55.39.189 - - [13/Apr/2016:00:33:09 +0800] "GET /content/subject/resource_content.jsp?oid=16797335&queryType=qc HTTP/1.1" 200 60398
61.230.127.249 - - [13/Apr/2016:00:33:29 +0800] "GET /content/nav/relationSubject.jsp?relationWords=%E5%8A%89%E7%A7%80+%E6%B4%AA%E6%B7%91%E5%A5%B3+%E6%B5%81%E8%BD%89%E5%B9%B4%E8%8F%AF+&oid=16777625 HTTP/1.1" 200 5493
66.249.71.60 - - [13/Apr/2016:00:33:58 +0800] "GET /content/subject/resource_content.jsp?oid=16777543&queryType=qs&queryString=%E8%A2%AB%E5%AE%B3%E4%BA%BA HTTP/1.1" 200 41319
66.249.71.60 - - [13/Apr/2016:00:34:49 +0800] "GET /content/repository/resource_content.jsp?oid=173587 HTTP/1.1" 200 30790
157.55.39.189 - - [13/Apr/2016:00:35:09 +0800] "GET /digiarch_en/content/repository/resource_content.jsp?oid=1591895&queryString=%E6%96%87%E5%8C%96%E4%B8%AD%E5%BF%83 HTTP/1.1" 200 36831
66.249.79.200 - - [13/Apr/2016:00:36:31 +0800] "GET /content/repository/resource_content.jsp?oid=14233&queryString=%E5%8F%B0%E7%81%A3%E9%AD%9A%E9%A1%9E%20%E5%A4%9A%E6%A8%A3%E6%80%A7%20%E6%B5%B7%E9%AE%AE%20%E7%92%B0%E4%BF%9D%20%E7%94%9F%E7%89%A9%E5%A4%9A%E6%A8%A3%E6%80%A7%20%E9%8C%A2%E9%B0%BB HTTP/1.1" 200 34379
66.249.71.60 - - [13/Apr/2016:00:36:37 +0800] "GET /content/nav/relationSubject.jsp?relationWords=%E4%B8%83%E6%98%9F%E6%96%91+%E4%B8%83%E6%98%9F%E6%96%91%E5%9B%8A%E6%9E%9C%E8%96%B9+%E6%96%91%E5%9B%8A%E6%9E%9C%E8%96%B9+%E6%A4%8D%E7%89%A9%E7%95%8C+%E8%8E%8E%E8%8D%89+%E8%8E%8E%E8%8D%89%E7%A7%91+%E8%96%B9%E5%B1%AC+%E9%8F%A1%E5%AD%90%E8%96%B9+&oid=1458490 HTTP/1.1" 200 3685
66.249.71.60 - - [13/Apr/2016:00:36:39 +0800] "GET /content/nav/relationSubject.jsp?relationWords=%E4%B8%83%E6%98%9F%E6%96%91%20%E4%B8%83%E6%98%9F%E6%96%91%E5%9B%8A%E6%9E%9C%E8%96%B9%20%E6%96%91%E5%9B%8A%E6%9E%9C%E8%96%B9%20%E6%A4%8D%E7%89%A9%E7%95%8C%20%E8%8E%8E%E8%8D%89%20%E8%8E%8E%E8%8D%89%E7%A7%91%20%E8%96%B9%E5%B1%AC%20%E9%8F%A1%E5%AD%90%E8%96%B9%20&oid=1458490 HTTP/1.1" 200 3685
183.90.37.109 - - [13/Apr/2016:00:36:50 +0800] "GET /digiarch3/content/subject/resource_content.jsp?oid=16777287&queryType=qc HTTP/1.1" 200 33603
66.249.79.251 - - [13/Apr/2016:00:37:23 +0800] "GET /content/subject/resource_content.jsp?oid=16777286&queryString=%E6%8B%93%E7%89%87 HTTP/1.1" 200 37706
157.55.39.163 - - [13/Apr/2016:00:37:27 +0800] "GET /content/nav/relationSubject.jsp?relationWords=%E7%83%8F%E5%BF%83%E7%9F%B3+%E9%B1%B8%E9%B0%BB+&oid=16777303 HTTP/1.1" 200 4004
157.55.39.163 - - [13/Apr/2016:00:37:49 +0800] "GET /content/subject/resource_content.jsp?oid=16777830&queryString=%E6%96%87%E5%8C%96%E4%B8%AD%E5%BF%83%20%E6%9A%A8%E5%8D%97%20%E6%9A%A8%E5%8D%97%E5%A4%A7%E5%AD%B8 HTTP/1.1" 200 32541
66.249.71.60 - - [13/Apr/2016:00:37:50 +0800] "GET /content/repository/resource_content.jsp?oid=2666103 HTTP/1.1" 200 29851
157.55.39.163 - - [13/Apr/2016:00:38:09 +0800] "GET /content/subject/resource_content.jsp?oid=16797296&queryType=qc HTTP/1.1" 200 54561
66.249.77.85 - - [13/Apr/2016:00:38:13 +0800] "GET /content/repository/resource_content.jsp?oid=1833342&queryString=%E9%A3%9F%E5%A0%82%20%E9%A4%90%E5%BB%B3%20%E9%AB%98%E9%9B%84%E5%B8%82 HTTP/1.1" 200 32594
66.249.71.60 - - [13/Apr/2016:00:39:33 +0800] "GET /content/nav/relationSubject.jsp?relationWords=&oid=2574677 HTTP/1.1" 200 1405
66.249.71.60 - - [13/Apr/2016:00:39:54 +0800] "GET /content/nav/relationSubject.jsp?relationWords=%E6%96%87%E5%86%8A+&oid=2676816 HTTP/1.1" 200 3978
66.249.77.85 - - [13/Apr/2016:00:39:56 +0800] "GET /content/subject/resource_content.jsp?oid=16777645&queryType=qs&queryString=%E6%9E%97%E7%8D%BB%E5%A0%82 HTTP/1.1" 200 63860
66.249.79.200 - - [13/Apr/2016:00:39:57 +0800] "GET /content/nav/relationSubject.jsp?relationWords=%E6%96%87%E5%86%8A%20&oid=2676816 HTTP/1.1" 200 3978
66.249.71.60 - - [13/Apr/2016:00:41:37 +0800] "GET /content/repository/resource_content.jsp?oid=281951 HTTP/1.1" 200 29428
66.249.71.60 - - [13/Apr/2016:00:42:03 +0800] "GET /content/nav/relationSubject.jsp?relationWords=&oid=2572873 HTTP/1.1" 200 1405
66.249.79.200 - - [13/Apr/2016:00:42:29 +0800] "GET /content/subject/resource_content.jsp?oid=16777495&queryString= HTTP/1.1" 200 34818
114.111.167.202 - - [13/Apr/2016:00:43:14 +0800] "GET /content/repository/resource_content.jsp?oid=1569055&queryType=qs&queryString=%E5%8A%9B%E5%B1%B1 HTTP/1.1" 200 34143
114.111.167.202 - - [13/Apr/2016:00:43:19 +0800] "GET /content/nav/relationSubject.jsp?relationWords=%E4%B8%8D%E6%B3%95%E4%B9%8B%E5%BE%92+%E4%BA%A4%E9%80%9A%E5%B7%A5%E5%85%B7+%E4%BF%9D%E7%95%99%E5%9C%B0+%E5%9C%8B%E6%9C%89%E6%9E%97+%E5%9C%B0%E4%BF%9D+%E5%B1%B1%E5%9C%B0%E8%A1%8C%E6%94%BF+%E5%B1%B1%E5%9C%B0%E9%84%89+%E5%B1%B1%E8%83%9E+%E6%8A%80%E8%A1%93%E4%BA%BA%E5%93%A1+%E6%9E%97%E5%8B%99%E5%B1%80+%E6%A9%AB%E8%B2%AB%E5%85%AC%E8%B7%AF+%E6%B3%95%E9%99%A2+%E7%89%B9%E7%A8%AE%E8%80%83%E8%A9%A6+%E7%AB%A0%E5%8D%9A%E9%9A%86+%E7%B3%A7%E9%A3%9F%E5%B1%80+%E7%B8%A3%E8%AD%B0%E5%93%A1+%E8%87%BA%E6%9D%B1%E7%B8%A3%E8%AD%B0%E6%9C%83+%E8%A1%9B%E7%94%9F%E6%89%80+%E8%AC%9D%E8%B2%B4+%E8%AD%A6%E5%8B%99%E8%99%95+%E8%B3%AA%E8%A9%A2+%E9%84%89%E5%85%AC%E6%89%80+%E9%86%AB%E4%BA%8B%E4%BA%BA%E5%93%A1+%E9%99%B3%E5%AD%B8%E7%9B%8A+%E9%AB%98%E9%9B%84%E9%86%AB%E5%AD%B8%E9%99%A2+&oid=1569055 HTTP/1.1" 200 6660
66.249.71.113 - - [13/Apr/2016:00:43:20 +0800] "GET /content/repository/resource_content.jsp?oid=2470745&queryType=qs&queryString=%E6%9E%97%E7%91%9E%E9%A8%B0 HTTP/1.1" 200 30098
66.249.71.60 - - [13/Apr/2016:00:44:10 +0800] "GET /content/repository/resource_content.jsp?oid=1622612 HTTP/1.1" 200 29038
66.249.71.105 - - [13/Apr/2016:00:45:02 +0800] "GET /content/repository/resource_content.jsp?oid=2652945&queryType=qs&queryString=%E7%A6%AE%E8%A6%AA%E7%8E%8B HTTP/1.1" 200 30507
66.249.71.60 - - [13/Apr/2016:00:45:38 +0800] "GET /content/nav/relationSubject.jsp?relationWords=%E8%99%A2%E5%8F%94+%E8%99%A2%E5%8F%94%E6%97%85+%E8%99%A2%E5%8F%94%E6%97%85%E9%90%98+&oid=1820972 HTTP/1.1" 200 3210
66.249.79.200 - - [13/Apr/2016:00:45:41 +0800] "GET /content/nav/relationSubject.jsp?relationWords=%E8%99%A2%E5%8F%94%20%E8%99%A2%E5%8F%94%E6%97%85%20%E8%99%A2%E5%8F%94%E6%97%85%E9%90%98%20&oid=1820972 HTTP/1.1" 200 3210
66.249.71.14 - - [13/Apr/2016:00:45:53 +0800] "GET /content/repository/resource_content.jsp?oid=14720&queryString=%E4%B8%89%E8%A7%92%E4%BB%94%20%E5%96%AE%E9%B0%AD%E9%AD%9A%20%E6%93%AC%E9%87%91%E7%9C%BC%E9%AF%9B%20%E7%99%BD%E7%B7%A3%E6%93%AC%E9%87%91%E7%9C%BC%E9%AF%9B%20%E7%9A%AE%E5%88%80%20%E8%A7%A3%E9%A4%8C%E5%88%80%20%E9%AF%9B%E7%A7%91 HTTP/1.1" 200 33943
157.55.39.159 - - [13/Apr/2016:00:46:49 +0800] "GET /content/repository/resource_content.jsp?oid=1900280&queryString=%E4%BA%BA%E4%BA%8B%E7%AE%A1%E7%90%86%20%E5%9C%8B%E9%9A%9B%E9%87%91%E8%9E%8D%20%E5%A4%96%E5%8C%AF%20%E5%AD%98%E6%AC%BE%20%E6%94%BE%E6%AC%BE%E6%A5%AD%E5%8B%99%20%E6%95%88%E7%8E%87%20%E8%87%AA%E5%8B%95%E5%8C%96%20%E8%87%BA%E7%81%A3%E9%8A%80%E8%A1%8C%20%E8%9E%8D%E8%B3%87%20%E9%87%91%E4%BE%86%20%E9%87%91%E7%AE%A1%20%E9%87%91%E8%9E%8D%E6%A5%AD%E5%8B%99%20%E9%8A%80%E8%A1%8C%E6%A5%AD%20%E9%A0%90%E7%AE%97 HTTP/1.1" 200 33332
66.249.82.164 - - [13/Apr/2016:00:46:49 +0800] "GET /content/subject/resource_content.jsp?oid=16797281&queryType=qc HTTP/1.1" 200 52953
66.249.82.156 - - [13/Apr/2016:00:46:56 +0800] "GET /content/nav/relationSubject.jsp?relationWords=%E5%AA%92%E9%AB%94+&oid=16797281 HTTP/1.1" 200 5011
61.70.107.209 - - [13/Apr/2016:00:47:03 +0800] "GET /content/nav/relationSubject.jsp?relationWords=&oid=16777328 HTTP/1.1" 200 1405
157.55.39.159 - - [13/Apr/2016:00:47:08 +0800] "GET /content/repository/resource_content.jsp?oid=1895161&queryString=%E4%BA%BA%E4%BA%8B%E7%AE%A1%E7%90%86%20%E5%9C%8B%E9%9A%9B%E9%87%91%E8%9E%8D%20%E5%A4%96%E5%8C%AF%20%E5%AD%98%E6%AC%BE%20%E6%94%BE%E6%AC%BE%E6%A5%AD%E5%8B%99%20%E6%95%88%E7%8E%87%20%E8%87%AA%E5%8B%95%E5%8C%96%20%E8%87%BA%E7%81%A3%E9%8A%80%E8%A1%8C%20%E8%9E%8D%E8%B3%87%20%E9%87%91%E4%BE%86%20%E9%87%91%E7%AE%A1%20%E9%87%91%E8%9E%8D%E6%A5%AD%E5%8B%99%20%E9%8A%80%E8%A1%8C%E6%A5%AD%20%E9%A0%90%E7%AE%97 HTTP/1.1" 200 30786
66.249.71.60 - - [13/Apr/2016:00:47:30 +0800] "GET /content/nav/relationSubject.jsp?relationWords=%E6%9E%97%E7%8D%BB%E5%A0%82+%E7%81%8C%E5%9C%92+%E8%A9%A9%E7%A8%BF+&oid=2470729 HTTP/1.1" 200 4343
66.249.71.60 - - [13/Apr/2016:00:47:32 +0800] "GET /content/nav/relationSubject.jsp?relationWords=%E6%9E%97%E7%8D%BB%E5%A0%82%20%E7%81%8C%E5%9C%92%20%E8%A9%A9%E7%A8%BF%20&oid=2470729 HTTP/1.1" 200 4343
66.249.71.60 - - [13/Apr/2016:00:48:26 +0800] "GET /content/repository/resource_content.jsp?oid=16295 HTTP/1.1" 200 35642
66.249.71.60 - - [13/Apr/2016:00:48:32 +0800] "GET /content/nav/relationSubject.jsp?relationWords=%E5%8F%B0%E7%81%A3%E8%83%A1%E6%A1%83%20%E6%A4%8D%E7%89%A9%E7%95%8C%20%E8%83%A1%E6%A1%83%20%E8%83%A1%E6%A1%83%E5%B1%AC%20%E8%83%A1%E6%A1%83%E7%A7%91%20%E9%87%8E%E6%A0%B8%E6%A1%83%20&oid=2152253 HTTP/1.1" 200 3440
157.55.39.159 - - [13/Apr/2016:00:49:09 +0800] "GET /content/repository/resource_content.jsp?oid=16535&queryString=%E5%9B%9B%E9%BD%92%E9%AD%A8%20%E7%99%BD%E6%96%91%E5%B0%96%E9%BC%BB%E9%AD%A8%20%E9%AD%A8%E7%A7%91 HTTP/1.1" 200 35225
66.249.77.85 - - [13/Apr/2016:00:49:17 +0800] "GET /content/repository/resource_content.jsp?oid=1629911&queryString=%E7%99%BD%E5%AE%AE%20%E8%91%97%E4%BD%9C%E6%AC%8A HTTP/1.1" 200 29048
157.55.39.159 - - [13/Apr/2016:00:49:28 +0800] "GET /content/repository/resource_content.jsp?oid=1081684&queryString=%E5%9B%9B%E9%BD%92%E9%AD%A8%20%E5%9C%93%E6%96%91%20%E5%B0%96%E5%98%B4%E8%A6%8F%20%E6%B2%B3%E9%AD%A8%20%E7%99%BD%E6%96%91%E5%B0%96%E9%BC%BB%E9%AD%A8%20%E7%99%BD%E7%B4%8B%20%E8%A6%8F%E4%BB%94%20%E9%AD%A8%E7%A7%91 HTTP/1.1" 200 34128
157.55.39.159 - - [13/Apr/2016:00:49:48 +0800] "GET /content/pictures/picture_content.jsp?oid=33554737&classify=2259 HTTP/1.1" 200 27202
66.249.71.14 - - [13/Apr/2016:00:50:15 +0800] "GET /digiarch3/content/nav/relationSubject.jsp?relationWords=%E4%BF%9D%E7%95%99%E5%9C%B0+%E5%85%AC%E5%85%B1%E8%A8%AD%E6%96%BD+%E5%85%AC%E7%94%A8%E4%BA%8B%E6%A5%AD+%E5%9C%9F%E5%9C%B0%E5%85%AC+%E5%9C%9F%E5%9C%B0%E5%85%AC%E5%BB%9F+%E5%A4%96%E5%82%98%E9%A0%82+%E5%A4%96%E5%82%98%E9%A0%82%E6%B4%B2+%E5%A4%96%E7%B1%8D%E5%8B%9E%E5%B7%A5+%E6%99%BA%E9%9A%9C+%E6%B0%91%E8%AC%A0+%E6%B0%91%E9%81%B8+%E7%94%A8%E4%BA%8B+%E8%AB%87%E5%88%A4+%E8%B2%BB%E7%8E%87+%E8%BB%8D%E8%81%B7+%E9%84%89%E5%9C%9F%E6%96%87%E5%8C%96+%E9%87%91%E8%9E%8D+%E9%97%9C%E4%B8%AD+&oid=1595038 HTTP/1.1" 200 4757
66.249.71.121 - - [13/Apr/2016:00:50:45 +0800] "GET /content/nav/relationSubject.jsp?relationWords=%E5%84%B2%E8%93%84+%E5%98%89%E8%88%88+%E5%B1%B1%E5%B7%A6+%E6%9E%90%E5%AD%90%E5%AD%AB+%E6%AC%BE%E8%AD%98+%E7%88%B6%E4%B8%81+%E7%88%B6%E4%B8%81%E5%B0%8A+%E7%88%B6%E5%B7%B1%E8%A7%B6+%E9%A1%8C%E8%A8%98+&oid=3355121 HTTP/1.1" 200 5178
66.249.71.72 - - [13/Apr/2016:00:50:59 +0800] "GET /content/repository/resource_content.jsp?oid=2510888 HTTP/1.1" 200 29944
157.55.39.159 - - [13/Apr/2016:00:51:08 +0800] "GET /content/pictures/picture_content.jsp?oid=33554732&classify=2259 HTTP/1.1" 200 27604
114.33.11.248 - - [13/Apr/2016:00:51:42 +0800] "GET /content/repository/resource_content.jsp?oid=1632997 HTTP/1.1" 200 29585
114.33.11.248 - - [13/Apr/2016:00:51:43 +0800] "GET /content/nav/relationSubject.jsp?relationWords=%E5%85%A7%E9%96%80%E9%84%89+%E5%AF%B6%E6%9E%97+%E5%B7%A5%E7%A8%8B%E8%B2%BB+%E7%94%A2%E6%A5%AD%E9%81%93%E8%B7%AF+%E7%95%9C%E7%94%A2+%E8%BE%B2%E5%B1%B1+%E8%BE%B2%E6%9E%97+%E9%A0%90%E7%AE%97+&oid=1632997 HTTP/1.1" 200 5249
66.249.71.60 - - [13/Apr/2016:00:51:50 +0800] "GET /content/repository/resource_content.jsp?oid=2534283 HTTP/1.1" 200 30424
66.249.82.160 - - [13/Apr/2016:00:51:55 +0800] "GET /content/repository/resource_content.jsp?oid=1515420&queryString=%E5%AA%92%E9%AB%94 HTTP/1.1" 200 29013
66.249.82.160 - - [13/Apr/2016:00:51:57 +0800] "GET /content/nav/relationSubject.jsp?relationWords=%E5%A4%A7%E8%8F%AF%E6%99%9A%E5%A0%B1+%E5%AA%92%E9%AB%94+%E8%87%BA%E7%81%A3%E7%9C%81%E5%8F%83%E8%AD%B0%E6%9C%83+%E9%80%9A%E8%B2%A8+&oid=1515420 HTTP/1.1" 200 5512
157.55.39.159 - - [13/Apr/2016:00:52:09 +0800] "GET /content/subject/resource_content.jsp?oid=16777349 HTTP/1.1" 200 36471
84.85.87.36 - - [13/Apr/2016:00:52:33 +0800] "GET /content/subject/resource_content.jsp?oid=16777448&queryType=qs&queryString=%E9%AB%98%E9%80%9F%E5%85%AC%E8%B7%AF HTTP/1.1" 200 34475
84.85.87.36 - - [13/Apr/2016:00:52:38 +0800] "GET /content/nav/relationSubject.jsp?relationWords=%E5%B1%B1%E8%8C%B6%E8%8A%B1+%E6%9B%BC%E9%99%80%E7%BE%85%E8%8A%B1+&oid=16777448 HTTP/1.1" 200 1894
66.249.71.60 - - [13/Apr/2016:00:52:41 +0800] "GET /content/subject/resource_content.jsp?oid=16777583&queryType=qs&queryString=%E5%A4%A9%E7%84%B6%E7%81%BD%E5%AE%B3 HTTP/1.1" 200 28981
157.55.39.159 - - [13/Apr/2016:00:52:49 +0800] "GET /content/subject/resource_content.jsp?oid=16797291&queryType=qc HTTP/1.1" 200 51028
192.192.131.205 - - [13/Apr/2016:00:53:14 +0800] "GET /content/repository/resource_content.jsp?oid=1544168 HTTP/1.1" 200 29588
192.192.131.205 - - [13/Apr/2016:00:53:16 +0800] "GET /content/nav/relationSubject.jsp?relationWords=%E5%9C%8B%E6%B0%91%E5%AD%B8%E6%A0%A1+%E5%BE%A9%E6%A6%AE%E6%9D%91+%E6%80%A7%E7%97%85+%E6%A0%A1%E5%B0%8D+%E8%87%BA%E5%8D%97%E7%B8%A3+&oid=1544168 HTTP/1.1" 200 3272
66.249.71.60 - - [13/Apr/2016:00:54:36 +0800] "GET /digiarch_en/content/subject/resource_content.jsp?oid=16777838&queryType=qc%3E HTTP/1.1" 200 54445
157.55.39.159 - - [13/Apr/2016:00:54:49 +0800] "GET /digiarch_en/content/subject/resource_content.jsp?oid=16777838&queryType=qc HTTP/1.1" 200 54445
66.249.77.91 - - [13/Apr/2016:00:55:10 +0800] "GET /content/repository/resource_content.jsp?oid=2516810&queryString=%E6%B4%AA%E6%89%BF%E7%96%87 HTTP/1.1" 200 30074
68.180.230.90 - - [13/Apr/2016:00:55:17 +0800] "GET /content/subject/resource_content.jsp?oid=16777353&queryType=qc HTTP/1.1" 200 28827
66.249.71.60 - - [13/Apr/2016:00:55:18 +0800] "GET /content/nav/relationSubject.jsp?relationWords=%E4%B8%AD%E5%9C%8B%E5%A4%A7%E9%99%B8%E5%9C%B0%E5%9C%96+%E8%80%83%E5%9F%8E%E7%B8%A3+&oid=206934 HTTP/1.1" 200 3197
66.249.71.60 - - [13/Apr/2016:00:55:20 +0800] "GET /content/nav/relationSubject.jsp?relationWords=%E4%B8%AD%E5%9C%8B%E5%A4%A7%E9%99%B8%E5%9C%B0%E5%9C%96%20%E8%80%83%E5%9F%8E%E7%B8%A3%20&oid=206934 HTTP/1.1" 200 3197
66.249.71.60 - - [13/Apr/2016:00:55:52 +0800] "GET /content/nav/relationSubject.jsp?relationWords=%E5%B1%85%E5%BB%B6%E6%BC%A2%E7%B0%A1+%E6%A1%83%E7%AC%A6+&oid=16777264 HTTP/1.1" 200 3870
66.249.71.60 - - [13/Apr/2016:00:55:53 +0800] "GET /content/nav/relationSubject.jsp?relationWords=%E5%B1%85%E5%BB%B6%E6%BC%A2%E7%B0%A1%20%E6%A1%83%E7%AC%A6%20&oid=16777264 HTTP/1.1" 200 3870
66.249.77.91 - - [13/Apr/2016:00:57:20 +0800] "GET /content/nav/relationSubject.jsp?relationWords=%E6%AC%8A%E5%88%A9+%E8%91%97%E4%BD%9C%E6%AC%8A%E6%B3%95+&oid=1629911 HTTP/1.1" 200 6604
66.249.79.59 - - [13/Apr/2016:00:58:30 +0800] "GET /content/nav/relationSubject.jsp?relationWords=%E8%B3%BD%E5%A4%8F+%E8%B3%BD%E5%A4%8F%E6%97%8F+&oid=1774488 HTTP/1.1" 200 3101
66.249.79.135 - - [13/Apr/2016:00:58:40 +0800] "GET /content/subject/resource_content.jsp?oid=16797287&queryType=qc HTTP/1.1" 200 88347
66.249.71.121 - - [13/Apr/2016:00:59:24 +0800] "GET /content/nav/relationSubject.jsp?relationWords=%E7%A4%BE%E5%8D%80%E7%B8%BD%E9%AB%94%E7%87%9F%E9%80%A0+&oid=1778511 HTTP/1.1" 200 3055
66.249.79.214 - - [13/Apr/2016:00:59:30 +0800] "GET /content/repository/resource_content.jsp?oid=3814012&queryString=%E5%8D%B7%E6%9F%8F%20%E5%8D%B7%E6%9F%8F%E5%B1%AC%20%E6%9D%BE%E9%96%80%20%E6%9F%8F%E7%A7%91%20%E6%A4%8D%E7%89%A9%E7%95%8C%20%E7%94%9F%E6%A0%B9%E5%8D%B7%E6%9F%8F%20%E7%9F%B3%E6%9D%BE HTTP/1.1" 200 31439
66.249.71.14 - - [13/Apr/2016:01:00:57 +0800] "GET /digiarch3/content/subject/resource_content.jsp?oid=16777726&queryType=qs&queryString=%E6%9D%8E%E9%B4%BB%E7%AB%A0 HTTP/1.1" 200 36252
66.249.71.60 - - [13/Apr/2016:01:01:12 +0800] "GET /content/repository/resource_content.jsp?oid=14233&queryString=%E5%8F%B0%E7%81%A3%E9%AD%9A%E9%A1%9E%20%E6%B5%B7%E9%AE%AE%20%E7%92%B0%E4%BF%9D%20%E7%94%9F%E7%89%A9%E5%A4%9A%E6%A8%A3%E6%80%A7%20%E9%8C%A2%E9%B0%BB HTTP/1.1" 200 34379
66.249.71.121 - - [13/Apr/2016:01:01:27 +0800] "GET /content/repository/resource_content.jsp?oid=fpwtzrtrif HTTP/1.1" 500 15712
66.249.77.97 - - [13/Apr/2016:01:02:03 +0800] "GET /content/repository/resource_content.jsp?oid=4353367&queryType=qs&queryString=%E7%B4%85%E7%9B%AE%E5%A4%A7%E7%9C%BC%E9%AF%9B HTTP/1.1" 200 34435
116.48.52.71 - - [13/Apr/2016:01:02:19 +0800] "GET /digiarch3/content/repository/resource_content.jsp?oid=1078511&queryType=null&queryString=%E9%A6%99%E6%B8%AF%E4%BA%8B%E6%83%85%2F%E5%8D%97%E6%B4%8B%E6%B0%91%E6%97%8F%E6%96%87%E5%8C%96%E5%8F%B2 HTTP/1.1" 200 29934
116.48.52.71 - - [13/Apr/2016:01:02:20 +0800] "GET /digiarch3/content/nav/relationSubject.jsp?relationWords=%E6%96%87%E5%8C%96%E5%8F%B2+%E8%87%BA%E7%81%A3%E7%B8%BD%E7%9D%A3%E5%BA%9C+&oid=1078511 HTTP/1.1" 200 3443
66.249.71.5 - - [13/Apr/2016:01:02:54 +0800] "GET /digiarch3/content/subject/resource_content.jsp?oid=16777420&queryType=qs&queryString=%E6%8A%80%E6%B3%95 HTTP/1.1" 200 30288
66.249.71.72 - - [13/Apr/2016:01:03:45 +0800] "GET /content/repository/resource_content.jsp?oid=1629571 HTTP/1.1" 200 29044
66.249.71.72 - - [13/Apr/2016:01:04:33 +0800] "GET /content/nav/relationSubject.jsp?relationWords=%E6%9F%BF%E6%A8%B9%20%E6%9F%BF%E6%A8%B9%E5%B1%AC%20%E6%9F%BF%E6%A8%B9%E7%A7%91%20%E6%A4%8D%E7%89%A9%E7%95%8C%20%E8%BB%9F%E6%AF%9B%E6%9F%BF%20&oid=1103438 HTTP/1.1" 200 3363
66.249.71.72 - - [13/Apr/2016:01:04:35 +0800] "GET /content/nav/relationSubject.jsp?relationWords=%E6%B2%99%E8%A7%92+%E9%99%B8%E6%B8%AC%E5%9C%96+&oid=217972 HTTP/1.1" 200 3117
66.249.71.72 - - [13/Apr/2016:01:04:36 +0800] "GET /content/tmp_exh/resource_content.jsp?oid=16777851&queryType=qc HTTP/1.1" 200 45681
66.249.71.64 - - [13/Apr/2016:01:04:44 +0800] "GET /content/nav/relationSubject.jsp?relationWords=&oid=2603369 HTTP/1.1" 200 1405
123.192.62.155 - - [13/Apr/2016:01:05:14 +0800] "GET /content/subject/resource_content.jsp?oid=16797293&queryType=qc HTTP/1.1" 200 46243
123.192.62.155 - - [13/Apr/2016:01:05:15 +0800] "GET /content/nav/relationSubject.jsp?relationWords=%E5%B0%8F%E5%90%83+&oid=16797293 HTTP/1.1" 200 3156
66.249.71.5 - - [13/Apr/2016:01:05:27 +0800] "GET /content/repository/resource_content.jsp?oid=4471161&queryString=%E4%BA%A4%E9%A9%A9%20%E8%97%A4%E5%8E%9F HTTP/1.1" 200 28963
114.45.188.237 - - [13/Apr/2016:01:05:51 +0800] "GET /content/nav/relationSubject.jsp?relationWords=%E9%BB%83%E6%A7%90+&oid=16777364 HTTP/1.1" 200 2681
199.30.16.167 - - [13/Apr/2016:01:06:17 +0800] "GET /content/nav/relationSubject.jsp?relationWords=%E4%BD%8E%E5%88%A9+%E4%BD%8E%E5%88%A9%E8%B2%B8%E6%AC%BE+%E4%BF%9D%E7%95%99%E5%9C%B0+%E4%BF%9D%E9%9A%AA+%E4%BF%A1%E7%94%A8%E8%B2%B8%E6%AC%BE+%E5%81%8F%E9%81%A0%E5%9C%B0%E5%8D%80+%E5%85%AC%E5%82%B5+%E5%85%AC%E5%85%B1%E8%A8%AD%E6%96%BD+%E5%85%AC%E6%9C%89%E5%9C%B0+%E5%85%AC%E8%B3%A3%E5%B1%80+%E5%88%A9%E7%8E%87+%E5%89%B5%E6%A5%AD+%E5%91%86%E5%B8%B3+%E5%93%81%E8%B3%AA+%E5%9C%9F%E5%9C%B0%E9%96%8B%E7%99%BC+%E5%9C%B0%E4%B8%8A%E7%89%A9+%E5%9C%B0%E4%BF%9D+%E5%9C%B0%E7%A7%9F+%E5%A4%96%E5%8C%AF%E5%AD%98%E5%BA%95+%E5%B1%A0%E5%AE%B0%E7%A8%85%E6%B3%95+%E5%B1%B1%E5%9C%B0%E9%84%89+%E5%B1%B1%E8%83%9E+%E5%B8%82%E5%83%B9+%E6%81%90%E6%87%BC+%E6%89%80%E5%BE%97%E7%A8%85+%E6%89%80%E6%9C%89%E6%AC%8A+%E6%8A%B5%E6%8A%BC%E5%93%81+%E6%96%B0%E8%87%BA%E5%B9%A3+%E7%94%B3%E5%A0%B1+%E7%9C%81%E6%94%BF%E5%BA%9C+%E7%A8%85%E5%8B%99%E5%B1%80+%E7%AB%8B%E4%BF%A1+%E7%AC%AC%E4%B8%80%E9%8A%80%E8%A1%8C+%E7%AE%A1%E7%90%86%E4%BA%BA+%E7%B1%B3%E8%A3%BD+%E7%B1%B3%E9%85%92+%E7%B6%93%E6%BF%9F%E7%99%BC%E5%B1%95+%E7%B6%9C%E5%90%88%E6%89%80%E5%BE%97%E7%A8%85+%E7%B8%A3%E6%94%BF%E5%BA%9C+%E7%B8%BD%E9%A0%90%E7%AE%97+%E7%BE%8E%E5%85%83+%E8%87%BA%E7%81%A3%E7%9C%81%E7%B8%BD%E9%A0%90%E7%AE%97+%E8%87%BA%E7%81%A3%E7%B6%93%E6%BF%9F+%E8%8F%B8%E9%85%92+%E8%A7%A3%E7%B8%A3+%E8%A8%BA%E6%89%80+%E8%AA%A0%E6%87%87+%E8%AA%B2%E7%A8%85+%E8%B2%A1%E6%94%BF+%E8%B2%A1%E6%94%BF%E5%BB%B3+%E8%B2%A1%E6%94%BF%E6%94%B6%E6%94%AF+%E8%B2%A1%E7%A8%85+%E8%B2%B8%E6%AC%BE+%E8%B3%AA%E8%A9%A2+%E9%84%89%E5%85%AC%E6%89%80+%E9%84%B0%E9%95%B7+%E9%87%91%E8%9E%8D+%E9%97%9C%E7%A8%85+%E9%99%B3%E5%BB%BA%E5%B9%B4+%E9%A0%90%E7%AE%97+&oid=1602234 HTTP/1.1" 200 10248
66.249.71.113 - - [13/Apr/2016:01:06:18 +0800] "GET /content/repository/resource_content.jsp?oid=666397&queryType=qs&queryString=%E5%B1%B1%E6%85%B6 HTTP/1.1" 200 29355
66.249.71.113 - - [13/Apr/2016:01:06:26 +0800] "GET /content/nav/relationSubject.jsp?relationWords=%E5%8F%83%E8%AD%B0%E5%93%A1+%E5%8F%83%E8%AD%B0%E6%9C%83+%E5%8F%B0%E4%B8%AD%E6%B8%AF+%E5%8F%B0%E7%81%A3%E7%9C%81+%E6%A5%8A%E5%A4%A9%E8%B3%A6+%E7%8F%BE%E7%8B%80+%E7%9C%81%E6%94%BF%E5%BA%9C+&oid=1519771 HTTP/1.1" 200 4742
66.249.71.105 - - [13/Apr/2016:01:06:42 +0800] "GET /content/repository/resource_content.jsp?oid=4457316&queryType=qs&queryString=%E5%AE%9C%E8%98%AD%E5%BB%B3 HTTP/1.1" 200 28176
66.249.71.64 - - [13/Apr/2016:01:08:42 +0800] "GET /content/nav/relationSubject.jsp?relationWords=%E4%B8%89%E6%B2%B3%E5%8F%A3%20%E5%96%AE%E8%89%B2%20&oid=192106 HTTP/1.1" 200 3242
66.249.79.214 - - [13/Apr/2016:01:08:52 +0800] "GET /content/repository/resource_content.jsp?oid=1630991 HTTP/1.1" 200 28663
66.249.79.61 - - [13/Apr/2016:01:09:13 +0800] "GET /content/nav/relationSubject.jsp?relationWords=%E6%B5%B7%E7%89%9B%E6%B8%AF+%E7%AE%B1%E6%B2%B3%E9%AD%A8+%E7%AE%B1%E9%AD%A8+%E7%B2%92%E7%AA%81%E7%AE%B1%E9%AD%A8+%E9%AD%A8%E7%A7%91+&oid=16516 HTTP/1.1" 200 3583
66.249.71.64 - - [13/Apr/2016:01:09:46 +0800] "GET /content/nav/relationSubject.jsp?relationWords=%E5%8D%97%E6%8A%95%E5%B8%82+%E6%8E%92%E6%B0%B4%E6%BA%9D+%E6%9D%B1%E6%BA%90+&oid=1613013 HTTP/1.1" 200 6561
66.249.71.64 - - [13/Apr/2016:01:11:24 +0800] "GET /content/repository/resource_content.jsp?oid=1559379 HTTP/1.1" 200 29462
66.249.71.60 - - [13/Apr/2016:01:12:29 +0800] "GET /digiarch_en/content/repository/resource_content.jsp?oid=2519861&queryString=%E5%B7%A1%E6%92%AB HTTP/1.1" 200 24508
111.241.149.55 - - [13/Apr/2016:01:12:37 +0800] "GET /content/nav/relationSubject.jsp?relationWords=&oid=16777328 HTTP/1.1" 200 1405
66.249.71.60 - - [13/Apr/2016:01:12:43 +0800] "GET /content/nav/relationSubject.jsp?relationWords=&oid=2619623 HTTP/1.1" 200 1405
66.249.79.200 - - [13/Apr/2016:01:13:40 +0800] "GET /content/nav/relationSubject.jsp?relationWords=%E8%B3%AA%E8%A9%A2%20&oid=1613180 HTTP/1.1" 200 3912
118.161.233.99 - - [13/Apr/2016:01:14:21 +0800] "GET /content/repository/resource_content.jsp?oid=1535502 HTTP/1.1" 200 28558
118.161.233.99 - - [13/Apr/2016:01:14:21 +0800] "GET /content/nav/relationSubject.jsp?relationWords=%E8%87%BA%E7%81%A3%E7%9C%81+%E8%8C%B6%E6%A5%AD+%E8%BE%B2%E6%9E%97+&oid=1535502 HTTP/1.1" 200 4413
61.70.107.209 - - [13/Apr/2016:01:14:46 +0800] "GET /content/nav/relationSubject.jsp?relationWords=&oid=16777328 HTTP/1.1" 200 1405
66.249.71.60 - - [13/Apr/2016:01:15:15 +0800] "GET /content/nav/relationSubject.jsp?relationWords=%E8%AA%B2%E7%A8%85+%E8%B3%AA%E8%A9%A2+%E9%81%BA%E7%94%A2%E7%A8%85+&oid=1608902 HTTP/1.1" 200 3181
66.249.71.60 - - [13/Apr/2016:01:15:16 +0800] "GET /content/nav/relationSubject.jsp?relationWords=%E8%AA%B2%E7%A8%85%20%E8%B3%AA%E8%A9%A2%20%E9%81%BA%E7%94%A2%E7%A8%85%20&oid=1608902 HTTP/1.1" 200 3181
101.226.169.221 - - [13/Apr/2016:01:16:06 +0800] "GET /digiarch3/content/subject/resource_content.jsp?oid=16777364&queryType=qc HTTP/1.1" 200 34543
101.226.167.246 - - [13/Apr/2016:01:17:44 +0800] "GET /digiarch3/content/subject/resource_content.jsp?oid=16777499&queryType=qc HTTP/1.1" 200 44440
101.226.166.195 - - [13/Apr/2016:01:18:09 +0800] "GET /digiarch3/content/tmp_auth/resource_content.jsp?oid=16777646 HTTP/1.1" 200 28532
