66.249.71.60 - - [02/May/2016:01:12:27 +0800] "GET /content/nav/relationSubject.jsp?relationWords=%E5%AE%8B%E8%89%BE%E5%85%8B+%E8%94%A1%E7%BE%8E+%E9%99%B3%E6%A6%AE%E7%9B%9B+%E9%BB%83%E6%9C%A8%E6%B7%BB+&oid=1893736 HTTP/1.1" 200 3309
66.249.71.60 - - [02/May/2016:01:12:29 +0800] "GET /content/nav/relationSubject.jsp?relationWords=%E5%AE%8B%E8%89%BE%E5%85%8B%20%E8%94%A1%E7%BE%8E%20%E9%99%B3%E6%A6%AE%E7%9B%9B%20%E9%BB%83%E6%9C%A8%E6%B7%BB%20&oid=1893736 HTTP/1.1" 200 3309
66.249.71.60 - - [02/May/2016:01:13:19 +0800] "GET /digiarch_en/content/subject/resource_content.jsp?oid=16777640&queryString=%E6%9E%97%E7%8D%BB%E5%A0%82%20%E7%81%8C%E5%9C%92%E5%85%88%E7%94%9F%20%E9%9C%A7%E5%B3%B0 HTTP/1.1" 200 44117
220.181.108.180 - - [02/May/2016:01:13:37 +0800] "GET /content/subject/resource_content.jsp?oid=16797254&queryType=qc HTTP/1.1" 200 53252
66.249.71.60 - - [02/May/2016:01:14:03 +0800] "GET /content/repository/resource_content.jsp?oid=4361370&queryString=%E5%B8%83%E8%BE%B2%E6%97%8F%20%E9%A0%B8%E7%8F%A0 HTTP/1.1" 200 28804
123.125.71.42 - - [02/May/2016:01:14:05 +0800] "GET /content/nav/relationSubject.jsp?relationWords=&oid=16797254 HTTP/1.1" 200 1405
66.249.71.60 - - [02/May/2016:01:14:07 +0800] "GET /content/nav/relationSubject.jsp?relationWords=%E5%B8%83%E8%BE%B2%E6%97%8F+%E9%A0%B8%E7%8F%A0+&oid=4361370 HTTP/1.1" 200 3093
66.249.71.105 - - [02/May/2016:01:14:27 +0800] "GET /content/nav/relationSubject.jsp?relationWords=%E4%B8%8A%E4%B8%8B%E7%8F%AD+%E4%B8%AD%E5%9C%8B%E6%99%82%E5%A0%B1+%E4%B8%AD%E6%AD%A3%E6%A9%8B+%E4%BA%A4%E9%80%9A%E8%99%95+%E5%85%AC%E8%B7%AF%E5%B1%80+%E5%A4%A9%E7%A5%A5+%E5%BC%B5%E6%8C%AF%E7%94%9F+%E6%9F%8F%E6%B2%B9%E8%B7%AF%E9%9D%A2+%E6%A2%A8%E5%B1%B1+%E6%A9%9F%E8%BB%8A+%E6%A9%AB%E8%B2%AB%E5%85%AC%E8%B7%AF+%E6%B3%95%E6%B2%BB+%E6%B6%B5%E7%A2%A7%E6%A8%93+%E7%A7%BB%E4%BA%A4+%E8%87%BA%E5%8C%97%E5%B8%82+%E8%87%BA%E5%8C%97%E5%B8%82%E8%AD%A6%E5%AF%9F%E5%B1%80+%E8%91%89%E5%AF%92%E9%9D%92+%E8%97%A5%E5%93%81+%E8%99%95%E9%95%B7+%E8%AD%A6%E5%8B%99%E8%99%95+%E8%AD%A6%E5%AF%9F+%E8%AD%B7%E5%A3%AB+%E8%AE%80%E8%80%85%E6%8A%95%E6%9B%B8+%E8%B3%AA%E8%A9%A2+%E9%86%AB%E8%AD%B7%E4%BA%BA%E5%93%A1+%E9%90%B5%E8%B7%AF%E5%B1%80+%E9%A0%90%E7%AE%97+%E9%BB%83%E5%85%89%E5%B9%B3+&oid=1601624 HTTP/1.1" 200 5852
66.249.71.60 - - [02/May/2016:01:14:33 +0800] "GET /content/nav/relationSubject.jsp?relationWords=%E7%9A%87%E6%B0%91+%E8%87%BA%E7%81%A3%E7%B8%BD%E7%9D%A3%E5%BA%9C+&oid=1195286 HTTP/1.1" 200 4227
66.249.77.91 - - [02/May/2016:01:14:55 +0800] "GET /content/repository/resource_content.jsp?oid=2642674&queryString=%E5%9C%8D%E5%9F%BA%20%E5%BE%90%E5%BB%A3%E7%B8%89%20%E6%A1%91%E5%9C%92 HTTP/1.1" 200 30459
223.136.115.6 - - [02/May/2016:01:14:56 +0800] "GET /content/subject/resource_content.jsp?oid=16777599&queryType=qc HTTP/1.1" 200 36988
223.136.115.6 - - [02/May/2016:01:14:59 +0800] "GET /content/nav/relationSubject.jsp?relationWords=%E5%8D%83%E5%B9%B4%E6%A1%90+%E6%A1%90%E8%8A%B1+%E6%B2%B9%E6%A1%90+&oid=16777599 HTTP/1.1" 200 3738
66.249.77.85 - - [02/May/2016:01:15:02 +0800] "GET /content/nav/relationSubject.jsp?relationWords=%E5%9C%8D%E5%9F%BA+%E6%A1%91%E5%9C%92+&oid=2642674 HTTP/1.1" 200 3120
66.249.71.60 - - [02/May/2016:01:15:46 +0800] "GET /content/repository/resource_content.jsp?oid=1104938 HTTP/1.1" 200 31455
66.249.71.60 - - [02/May/2016:01:15:50 +0800] "GET /content/nav/relationSubject.jsp?relationWords=%E6%A4%8D%E7%89%A9%E7%95%8C+%E8%8F%8A%E7%A7%91+%E9%87%8E%E6%A1%90%E8%92%BF+%E9%9B%99%E5%AD%90%E8%91%89%E6%A4%8D%E7%89%A9+%E9%A3%9B%E8%93%AC%E5%B1%AC+&oid=1104938 HTTP/1.1" 200 3437
66.249.71.60 - - [02/May/2016:01:16:03 +0800] "GET /content/nav/relationSubject.jsp?relationWords=%E7%B0%BE%E8%9B%A4%E7%9B%AE+%E7%B4%AB%E6%99%83%E8%82%89+%E8%9B%A4%E7%A7%91+%E8%A5%BF%E6%96%BD%E8%88%8C+%E8%A5%BF%E6%96%BD%E8%88%8C%E5%B1%AC+%E8%A5%BF%E8%82%9A%E8%88%8C+%E9%9B%99%E6%AE%BC%E7%B6%B1+%E9%9B%99%E7%B7%9A%E8%A1%80%E8%9A%B6+&oid=1887135 HTTP/1.1" 200 3551
66.249.71.60 - - [02/May/2016:01:16:07 +0800] "GET /content/nav/relationSubject.jsp?relationWords=%E7%B0%BE%E8%9B%A4%E7%9B%AE%20%E7%B4%AB%E6%99%83%E8%82%89%20%E8%9B%A4%E7%A7%91%20%E8%A5%BF%E6%96%BD%E8%88%8C%20%E8%A5%BF%E6%96%BD%E8%88%8C%E5%B1%AC%20%E8%A5%BF%E8%82%9A%E8%88%8C%20%E9%9B%99%E6%AE%BC%E7%B6%B1%20%E9%9B%99%E7%B7%9A%E8%A1%80%E8%9A%B6%20&oid=1887135 HTTP/1.1" 200 3551
66.249.71.23 - - [02/May/2016:01:16:37 +0800] "GET /content/repository/resource_content.jsp?oid=1582619&queryString=%E5%9C%8B%E8%B1%90 HTTP/1.1" 200 28962
180.217.222.28 - - [02/May/2016:01:17:05 +0800] "GET /content/nav/relationSubject.jsp?relationWords=&oid=16777342 HTTP/1.1" 200 1405
17.142.149.36 - - [02/May/2016:01:17:30 +0800] "GET /content/subject/resource_content.jsp?oid=16777805&queryType=qc HTTP/1.1" 200 35146
199.16.156.125 - - [02/May/2016:01:17:30 +0800] "GET /content/subject/resource_content.jsp?oid=16777805&queryType=qc HTTP/1.1" 200 35146
54.151.42.39 - - [02/May/2016:01:17:31 +0800] "HEAD /content/subject/resource_content.jsp?oid=16777805&queryType=qc HTTP/1.1" 200 -
54.151.42.39 - - [02/May/2016:01:17:31 +0800] "HEAD /content/subject/resource_content.jsp?oid=16777805&queryType=qc HTTP/1.1" 200 -
37.187.140.184 - - [02/May/2016:01:17:46 +0800] "GET /content/subject/resource_content.jsp?oid=16777805&queryType=qc HTTP/1.1" 200 35146
37.187.134.24 - - [02/May/2016:01:17:50 +0800] "GET /content/subject/resource_content.jsp?oid=16777805&queryType=qc HTTP/1.1" 200 35146
192.99.232.217 - - [02/May/2016:01:17:51 +0800] "GET /content/subject/resource_content.jsp?oid=16777805&queryType=qc HTTP/1.1" 200 35146
192.99.46.41 - - [02/May/2016:01:17:53 +0800] "GET /content/subject/resource_content.jsp?oid=16777805&queryType=qc HTTP/1.1" 200 35146
192.99.46.41 - - [02/May/2016:01:17:54 +0800] "GET /content/subject/resource_content.jsp?oid=16777805&queryType=qc HTTP/1.1" 200 35146
23.96.208.137 - - [02/May/2016:01:17:57 +0800] "GET /content/subject/resource_content.jsp?oid=16777805&queryType=qc HTTP/1.1" 200 35146
167.114.65.116 - - [02/May/2016:01:17:58 +0800] "GET /content/subject/resource_content.jsp?oid=16777805&queryType=qc HTTP/1.1" 200 35146
192.99.37.144 - - [02/May/2016:01:18:00 +0800] "GET /content/subject/resource_content.jsp?oid=16777805&queryType=qc HTTP/1.1" 200 35146
178.255.215.94 - - [02/May/2016:01:18:02 +0800] "GET /content/subject/resource_content.jsp?oid=16777794&queryType=qc HTTP/1.1" 200 43054
192.99.13.116 - - [02/May/2016:01:18:03 +0800] "GET /content/subject/resource_content.jsp?oid=16777805&queryType=qc HTTP/1.1" 200 35146
66.249.71.14 - - [02/May/2016:01:18:16 +0800] "GET /content/nav/relationSubject.jsp?relationWords=%E4%BA%A4%E9%80%9A%E5%AE%89%E5%85%A8+%E5%9C%8B%E8%B1%90+%E5%AE%89%E5%85%A8%E6%A1%88+%E5%B9%B3%E4%BA%A4%E9%81%93+%E5%BD%AD%E5%8E%9D+%E9%90%B5%E8%B7%AF%E5%B1%80+%E9%BA%B5%E7%B2%89+&oid=1582619 HTTP/1.1" 200 5981
66.249.71.60 - - [02/May/2016:01:18:18 +0800] "GET /content/nav/relationSubject.jsp?relationWords=%E5%90%88%E4%BD%9C%E9%87%91%E5%BA%AB+%E5%AD%98%E6%AC%BE+%E7%9B%9C%E9%A0%98+%E9%87%91%E5%BA%AB+&oid=1591807 HTTP/1.1" 200 4108
66.249.71.64 - - [02/May/2016:01:18:21 +0800] "GET /content/nav/relationSubject.jsp?relationWords=%E5%90%88%E4%BD%9C%E9%87%91%E5%BA%AB%20%E5%AD%98%E6%AC%BE%20%E7%9B%9C%E9%A0%98%20%E9%87%91%E5%BA%AB%20&oid=1591807 HTTP/1.1" 200 4108
136.243.154.95 - - [02/May/2016:01:18:51 +0800] "HEAD /content/subject/resource_content.jsp?oid=16777805&queryType=qc HTTP/1.1" 200 -
136.243.154.95 - - [02/May/2016:01:18:56 +0800] "GET /content/subject/resource_content.jsp?oid=16777805&queryType=qc HTTP/1.1" 200 35146
74.6.254.141 - - [02/May/2016:01:19:11 +0800] "HEAD /content/subject/resource_content.jsp?oid=16777805&queryType=qc HTTP/1.1" 200 -
66.249.71.64 - - [02/May/2016:01:20:02 +0800] "GET /content/repository/resource_content.jsp?oid=1103966&queryString=%E5%8F%B0%E7%81%A3%E6%A6%BF%E6%9C%A8%20%E5%8F%B0%E7%81%A3%E8%B5%A4%E6%A5%8A%20%E6%A4%8D%E7%89%A9%E7%95%8C%20%E6%A8%BA%E6%9C%A8%E7%A7%91 HTTP/1.1" 200 31655
66.249.71.64 - - [02/May/2016:01:21:30 +0800] "GET /content/nav/relationSubject.jsp?relationWords=%E8%B3%AA%E8%A9%A2+%E9%A0%90%E9%98%B2+&oid=1612109 HTTP/1.1" 200 3175
66.249.71.64 - - [02/May/2016:01:21:34 +0800] "GET /content/nav/relationSubject.jsp?relationWords=%E8%B3%AA%E8%A9%A2%20%E9%A0%90%E9%98%B2%20&oid=1612109 HTTP/1.1" 200 3175
66.249.71.60 - - [02/May/2016:01:21:45 +0800] "GET /content/repository/resource_content.jsp?oid=1461599&queryString=%E5%87%B9%E8%91%89%E8%B6%8A%E6%A9%98%20%E6%9D%9C%E9%B5%91%E8%8A%B1%20%E6%9D%9C%E9%B5%91%E8%8A%B1%E7%A7%91%20%E6%A4%8D%E7%89%A9%E7%95%8C%20%E8%B6%8A%E6%A9%98%E5%B1%AC HTTP/1.1" 200 31499
66.249.71.60 - - [02/May/2016:01:21:57 +0800] "GET /content/nav/relationSubject.jsp?relationWords=%E5%87%B9%E8%91%89%E8%B6%8A%E6%A9%98+%E6%9D%9C%E9%B5%91%E8%8A%B1+%E6%9D%9C%E9%B5%91%E8%8A%B1%E7%A7%91+%E6%A4%8D%E7%89%A9%E7%95%8C+%E8%B6%8A%E6%A9%98%E5%B1%AC+&oid=1461599 HTTP/1.1" 200 4718
66.249.71.60 - - [02/May/2016:01:22:21 +0800] "GET /content/nav/relationSubject.jsp?relationWords=%E5%8F%B0%E7%81%A3%E6%A6%BF%E6%9C%A8+%E5%8F%B0%E7%81%A3%E8%B5%A4%E6%A5%8A+%E6%A4%8D%E7%89%A9%E7%95%8C+%E6%A8%BA%E6%9C%A8%E7%A7%91+&oid=1103966 HTTP/1.1" 200 3534
66.249.71.5 - - [02/May/2016:01:22:36 +0800] "GET /digiarch3/content/repository/resource_content.jsp?oid=1562054&queryType=qs&queryString=%E7%94%B0%E5%AF%AE%E9%84%89 HTTP/1.1" 200 28891
150.70.173.43 - - [02/May/2016:01:22:39 +0800] "GET /content/subject/resource_content.jsp?oid=16777805&queryType=qc HTTP/1.1" 200 35146
66.249.71.5 - - [02/May/2016:01:22:39 +0800] "GET /digiarch3/content/nav/relationSubject.jsp?relationWords=%E5%98%89%E8%88%88+%E7%94%B0%E5%AF%AE%E9%84%89+&oid=1562054 HTTP/1.1" 200 3146
150.70.173.46 - - [02/May/2016:01:22:39 +0800] "GET /content/subject/resource_content.jsp?oid=16777805&queryType=qc HTTP/1.1" 200 35146
66.249.71.60 - - [02/May/2016:01:22:56 +0800] "GET /content/nav/relationSubject.jsp?relationWords=%E4%BF%9D%E5%AE%89%E5%8F%B8+%E5%87%BA%E8%BB%8C+%E5%8F%B8%E4%BB%A4%E9%83%A8+%E5%8F%B8%E6%A9%9F+%E6%90%B6%E4%BF%AE+%E8%87%BA%E7%81%A3%E7%9C%81+%E9%90%B5%E8%B7%AF%E5%B1%80+%E9%B6%AF%E6%AD%8C+&oid=1534901 HTTP/1.1" 200 5516
66.249.71.60 - - [02/May/2016:01:22:58 +0800] "GET /content/nav/relationSubject.jsp?relationWords=%E4%BF%9D%E5%AE%89%E5%8F%B8%20%E5%87%BA%E8%BB%8C%20%E5%8F%B8%E4%BB%A4%E9%83%A8%20%E5%8F%B8%E6%A9%9F%20%E6%90%B6%E4%BF%AE%20%E8%87%BA%E7%81%A3%E7%9C%81%20%E9%90%B5%E8%B7%AF%E5%B1%80%20%E9%B6%AF%E6%AD%8C%20&oid=1534901 HTTP/1.1" 200 5516
207.46.13.63 - - [02/May/2016:01:23:26 +0800] "GET /content/repository/resource_content.jsp?oid=2152132 HTTP/1.1" 200 31252
66.249.79.200 - - [02/May/2016:01:23:28 +0800] "GET /content/repository/resource_content.jsp?oid=1108749&queryString=%E5%88%BB%E8%91%89%E7%B4%AB%E8%8F%AB%20%E6%A4%8D%E7%89%A9%E7%95%8C%20%E7%B4%AB%E8%8F%AB%20%E7%B4%AB%E8%8F%AB%E5%B1%AC HTTP/1.1" 200 31230
66.249.71.105 - - [02/May/2016:01:23:50 +0800] "GET /content/nav/relationSubject.jsp?relationWords=%E4%BC%91%E9%96%92%E9%81%8A%E6%86%A9+%E5%85%A7%E6%94%BF%E9%83%A8+&oid=1626271 HTTP/1.1" 200 5038
66.249.71.121 - - [02/May/2016:01:23:53 +0800] "GET /content/nav/relationSubject.jsp?relationWords=%E4%BC%91%E9%96%92%E9%81%8A%E6%86%A9%20%E5%85%A7%E6%94%BF%E9%83%A8%20&oid=1626271 HTTP/1.1" 200 5038
66.249.71.60 - - [02/May/2016:01:24:19 +0800] "GET /content/repository/resource_content.jsp?oid=1457118 HTTP/1.1" 200 31134
66.249.71.5 - - [02/May/2016:01:24:45 +0800] "GET /digiarch3/content/nav/relationSubject.jsp?relationWords=%E5%8E%9A%E6%AE%BC%E8%9B%A4%E5%B1%AC+%E6%96%9C%E8%82%8B%E7%B8%B1%E7%B0%BE%E8%9B%A4+%E7%B0%BE%E8%9B%A4%E7%9B%AE+%E7%B0%BE%E8%9B%A4%E7%A7%91+%E9%9B%99%E6%AE%BC%E7%B6%B1+&oid=1124479 HTTP/1.1" 200 2683
66.249.71.5 - - [02/May/2016:01:24:52 +0800] "GET /digiarch3/content/nav/relationSubject.jsp?relationWords=%E5%8E%9A%E6%AE%BC%E8%9B%A4%E5%B1%AC%20%E6%96%9C%E8%82%8B%E7%B8%B1%E7%B0%BE%E8%9B%A4%20%E7%B0%BE%E8%9B%A4%E7%9B%AE%20%E7%B0%BE%E8%9B%A4%E7%A7%91%20%E9%9B%99%E6%AE%BC%E7%B6%B1%20&oid=1124479 HTTP/1.1" 200 2683
66.249.71.60 - - [02/May/2016:01:25:11 +0800] "GET /content/repository/resource_content.jsp?oid=1875073 HTTP/1.1" 200 29775
66.249.71.60 - - [02/May/2016:01:25:13 +0800] "GET /content/nav/relationSubject.jsp?relationWords=&oid=1875073 HTTP/1.1" 200 1405
68.180.230.90 - - [02/May/2016:01:25:15 +0800] "GET /content/subject/resource_content.jsp?oid=16777825&queryType=qc HTTP/1.1" 200 41691
66.249.71.194 - - [02/May/2016:01:26:02 +0800] "GET /content/repository/resource_content.jsp?oid=2685264&queryString=%E4%B8%AD%E6%9B%B8%E7%A7%91 HTTP/1.1" 200 30625
66.249.71.60 - - [02/May/2016:01:26:53 +0800] "GET /content/repository/resource_content.jsp?oid=1124096 HTTP/1.1" 200 29192
66.249.71.60 - - [02/May/2016:01:26:55 +0800] "GET /content/nav/relationSubject.jsp?relationWords=%E7%B0%BE%E8%9B%A4%E7%9B%AE+%E8%9C%86%E5%B1%AC+%E8%9C%86%E7%A7%91+%E9%9B%99%E6%AE%BC%E7%B6%B1+&oid=1124096 HTTP/1.1" 200 1439
66.249.71.60 - - [02/May/2016:01:27:23 +0800] "GET /content/nav/relationSubject.jsp?relationWords=%E5%85%AD%E8%A7%92%E7%9F%B3%E6%96%91%E9%AD%9A+%E9%AE%A8%E7%A7%91+&oid=22659 HTTP/1.1" 200 3336
66.249.71.60 - - [02/May/2016:01:27:25 +0800] "GET /content/nav/relationSubject.jsp?relationWords=%E5%85%AD%E8%A7%92%E7%9F%B3%E6%96%91%E9%AD%9A%20%E9%AE%A8%E7%A7%91%20&oid=22659 HTTP/1.1" 200 3336
66.249.71.60 - - [02/May/2016:01:27:44 +0800] "GET /content/repository/resource_content.jsp?oid=1780407&queryString=%E5%8F%A3%E7%90%B4%20%E5%8F%B0%E7%81%A3%E5%8E%9F%E4%BD%8F%E6%B0%91%20%E5%B0%91%E6%95%B8%E6%B0%91%E6%97%8F%20%E7%89%A9%E8%B3%AA%E6%96%87%E5%8C%96 HTTP/1.1" 200 28958
66.249.71.60 - - [02/May/2016:01:27:46 +0800] "GET /content/nav/relationSubject.jsp?relationWords=%E5%8F%A3%E7%90%B4+%E5%96%AE%E7%B0%A7%E5%B8%B6%E7%AD%92+&oid=1780407 HTTP/1.1" 200 3043
66.249.79.158 - - [02/May/2016:01:28:09 +0800] "GET /content/nav/relationSubject.jsp?relationWords=%E6%9D%9C%E9%B5%91%E8%8A%B1+%E6%9D%9C%E9%B5%91%E8%8A%B1%E5%B1%AC+%E6%9D%9C%E9%B5%91%E8%8A%B1%E7%A7%91+%E6%A4%8D%E7%89%A9%E7%95%8C+%E8%A5%BF%E6%96%BD%E8%8A%B1+%E9%9D%92%E7%B4%AB%E6%9C%A8+&oid=2146193 HTTP/1.1" 200 4828
66.249.71.50 - - [02/May/2016:01:28:13 +0800] "GET /content/nav/relationSubject.jsp?relationWords=%E6%9D%9C%E9%B5%91%E8%8A%B1%20%E6%9D%9C%E9%B5%91%E8%8A%B1%E5%B1%AC%20%E6%9D%9C%E9%B5%91%E8%8A%B1%E7%A7%91%20%E6%A4%8D%E7%89%A9%E7%95%8C%20%E8%A5%BF%E6%96%BD%E8%8A%B1%20%E9%9D%92%E7%B4%AB%E6%9C%A8%20&oid=2146193 HTTP/1.1" 200 4828
61.19.247.77 - - [02/May/2016:01:29:23 +0800] "GET /content/subject/resource_content.jsp?oid=16777566&amp;queryType=qc' HTTP/1.1" 200 31759
66.249.71.14 - - [02/May/2016:01:29:27 +0800] "GET /digiarch3/content/subject/resource_content.jsp?oid=16777270&queryType=qc HTTP/1.1" 200 33806
66.249.71.113 - - [02/May/2016:01:31:10 +0800] "GET /content/repository/resource_content.jsp?oid=1547315&queryType=qs&queryString=%E5%BE%90%E7%81%B6%E7%94%9F HTTP/1.1" 200 29153
66.249.79.105 - - [02/May/2016:01:31:15 +0800] "GET /content/nav/relationSubject.jsp?relationWords=%E5%BE%90%E7%81%B6%E7%94%9F+%E8%B3%AA%E8%A9%A2+&oid=1547315 HTTP/1.1" 200 4954
207.46.13.2 - - [02/May/2016:01:31:54 +0800] "GET /content/nav/relationSubject.jsp?relationWords=%E8%8B%A6%E8%8B%93+&oid=16777317 HTTP/1.1" 200 3183
66.249.71.60 - - [02/May/2016:01:32:28 +0800] "GET /content/subject/resource_content.jsp?oid=16777715&queryType=qs&queryString=%E5%85%A7%E9%96%A3%E5%A4%A7%E5%BA%AB HTTP/1.1" 200 34743
66.249.71.5 - - [02/May/2016:01:32:52 +0800] "GET /digiarch3/content/repository/resource_content.jsp?oid=16300&queryString=%E7%9F%AD%E5%96%99%E9%BC%BB%E9%AD%9A HTTP/1.1" 200 34745
68.180.230.90 - - [02/May/2016:01:33:26 +0800] "GET /content/subject/resource_content.jsp?oid=16777315&queryType=qc HTTP/1.1" 200 30021
66.249.71.60 - - [02/May/2016:01:34:16 +0800] "GET /content/nav/relationSubject.jsp?relationWords=%E9%8A%85%E8%A3%BD%E9%A1%8D%E9%A3%BE+&oid=1780480 HTTP/1.1" 200 2981
66.249.71.60 - - [02/May/2016:01:34:18 +0800] "GET /content/nav/relationSubject.jsp?relationWords=%E9%8A%85%E8%A3%BD%E9%A1%8D%E9%A3%BE%20&oid=1780480 HTTP/1.1" 200 2981
66.249.77.91 - - [02/May/2016:01:34:21 +0800] "GET /content/nav/relationSubject.jsp?relationWords=%E7%8B%97%E9%B0%B7+&oid=15930 HTTP/1.1" 200 3437
66.249.77.97 - - [02/May/2016:01:34:23 +0800] "GET /content/nav/relationSubject.jsp?relationWords=%E7%8B%97%E9%B0%B7%20&oid=15930 HTTP/1.1" 200 3437
66.249.71.60 - - [02/May/2016:01:35:25 +0800] "GET /content/exhibit/exhibit.jsp?oid=16777682 HTTP/1.1" 200 26268
66.249.71.60 - - [02/May/2016:01:36:16 +0800] "GET /content/exhibit/exhibit.jsp?oid=16777797 HTTP/1.1" 200 26268
66.249.71.60 - - [02/May/2016:01:36:19 +0800] "GET /content/exhibit/exhibit_content.jsp?oid=16777797 HTTP/1.1" 200 14305
66.249.71.113 - - [02/May/2016:01:37:02 +0800] "GET /content/nav/relationSubject.jsp?relationWords=%E4%BA%BA%E5%90%8D%E6%AC%8A%E5%A8%81+%E5%96%80%E6%8B%89%E7%BD%95+%E7%8E%8B%E6%AD%A3%E5%BB%B7+%E8%98%87%E8%81%AF+&oid=704450 HTTP/1.1" 200 3307
66.249.71.113 - - [02/May/2016:01:37:04 +0800] "GET /content/nav/relationSubject.jsp?relationWords=%E4%BA%BA%E5%90%8D%E6%AC%8A%E5%A8%81%20%E5%96%80%E6%8B%89%E7%BD%95%20%E7%8E%8B%E6%AD%A3%E5%BB%B7%20%E8%98%87%E8%81%AF%20&oid=704450 HTTP/1.1" 200 3307
66.249.71.60 - - [02/May/2016:01:37:09 +0800] "GET /content/repository/resource_content.jsp?oid=518168&queryString=%E4%B8%AD%E8%85%B9%E8%B6%B3%E7%9B%AE%20%E8%85%B9%E8%B6%B3%E7%B6%B1%20%E8%8A%9D%E9%BA%BB%E8%9E%BA%20%E8%8A%9D%E9%BA%BB%E8%9E%BA%E7%A7%91 HTTP/1.1" 200 31656
66.249.71.60 - - [02/May/2016:01:37:12 +0800] "GET /content/nav/relationSubject.jsp?relationWords=%E4%B8%AD%E8%85%B9%E8%B6%B3%E7%9B%AE+%E8%85%B9%E8%B6%B3%E7%B6%B1+%E8%8A%9D%E9%BA%BB%E8%9E%BA+%E8%8A%9D%E9%BA%BB%E8%9E%BA%E7%A7%91+&oid=518168 HTTP/1.1" 200 3326
66.249.77.97 - - [02/May/2016:01:37:43 +0800] "GET /content/nav/relationSubject.jsp?relationWords=%E4%BA%BA%E5%90%8D%E6%AC%8A%E5%A8%81+%E5%8B%9E%E8%BE%B2+%E5%9C%8B%E4%BB%A3+%E5%A4%96%E4%BA%A4%E9%83%A8+%E9%96%8B%E4%B8%AD+&oid=703807 HTTP/1.1" 200 4350
66.249.77.91 - - [02/May/2016:01:37:45 +0800] "GET /content/nav/relationSubject.jsp?relationWords=%E4%BA%BA%E5%90%8D%E6%AC%8A%E5%A8%81%20%E5%8B%9E%E8%BE%B2%20%E5%9C%8B%E4%BB%A3%20%E5%A4%96%E4%BA%A4%E9%83%A8%20%E9%96%8B%E4%B8%AD%20&oid=703807 HTTP/1.1" 200 4350
66.249.71.105 - - [02/May/2016:01:37:46 +0800] "GET /content/nav/relationSubject.jsp?relationWords=%E4%BA%BA%E5%90%8D%E6%AC%8A%E5%A8%81+%E5%A4%96%E4%BA%A4%E9%83%A8+%E8%89%BE%E6%96%AF+%E8%89%BE%E6%96%AF%E6%95%A6+%E9%B6%B4%E9%BD%A1+&oid=731458 HTTP/1.1" 200 3546
66.249.71.105 - - [02/May/2016:01:37:48 +0800] "GET /content/nav/relationSubject.jsp?relationWords=%E4%BA%BA%E5%90%8D%E6%AC%8A%E5%A8%81%20%E5%A4%96%E4%BA%A4%E9%83%A8%20%E8%89%BE%E6%96%AF%20%E8%89%BE%E6%96%AF%E6%95%A6%20%E9%B6%B4%E9%BD%A1%20&oid=731458 HTTP/1.1" 200 3546
66.249.77.85 - - [02/May/2016:01:38:00 +0800] "GET /content/repository/resource_content.jsp?oid=1111600&queryString=%E5%85%89%E8%91%89%E8%96%94%E8%96%87%20%E6%A4%8D%E7%89%A9%E7%95%8C%20%E8%96%94%E8%96%87%E5%B1%AC%20%E8%96%94%E8%96%87%E7%9B%AE%20%E8%96%94%E8%96%87%E7%A7%91 HTTP/1.1" 200 31708
66.249.77.85 - - [02/May/2016:01:38:11 +0800] "GET /content/nav/relationSubject.jsp?relationWords=%E5%85%89%E8%91%89%E8%96%94%E8%96%87+%E6%A4%8D%E7%89%A9%E7%95%8C+%E8%96%94%E8%96%87%E5%B1%AC+%E8%96%94%E8%96%87%E7%9B%AE+%E8%96%94%E8%96%87%E7%A7%91+&oid=1111600 HTTP/1.1" 200 3441
66.249.71.105 - - [02/May/2016:01:38:51 +0800] "GET /content/repository/resource_content.jsp?oid=2672937&queryType=qs&queryString=%E8%B0%B7%E5%83%B9 HTTP/1.1" 200 30291
66.249.71.121 - - [02/May/2016:01:38:54 +0800] "GET /content/nav/relationSubject.jsp?relationWords=%E5%80%89%E8%B0%B7+&oid=2672937 HTTP/1.1" 200 3066
66.249.71.113 - - [02/May/2016:01:40:15 +0800] "GET /content/nav/relationSubject.jsp?relationWords=%E5%BC%B5%E5%BB%B7%E6%BF%9F+%E9%A1%8C%E8%A8%98+&oid=4365227 HTTP/1.1" 200 4848
66.249.71.121 - - [02/May/2016:01:40:17 +0800] "GET /content/nav/relationSubject.jsp?relationWords=%E5%BC%B5%E5%BB%B7%E6%BF%9F%20%E9%A1%8C%E8%A8%98%20&oid=4365227 HTTP/1.1" 200 4848
66.249.71.60 - - [02/May/2016:01:40:34 +0800] "GET /content/repository/resource_content.jsp?oid=16134&queryString=%E5%BD%88%E5%A1%97%E9%AD%9A%20%E8%99%8E%E7%A7%91 HTTP/1.1" 200 33371
66.249.71.60 - - [02/May/2016:01:40:37 +0800] "GET /content/nav/relationSubject.jsp?relationWords=%E5%A4%A7%E5%BD%88%E5%A1%97%E9%AD%9A+%E8%9D%A6%E8%99%8E%E7%A7%91+&oid=16134 HTTP/1.1" 200 3122
66.249.79.107 - - [02/May/2016:01:41:14 +0800] "GET /content/nav/relationSubject.jsp?relationWords=%E4%BC%8F%E7%9F%B3%E8%95%A8+%E6%8A%B1%E6%A8%B9%E8%95%A8+%E6%A4%8D%E7%89%A9%E7%95%8C+%E6%B0%B4%E9%BE%8D%E9%AA%A8+%E6%B0%B4%E9%BE%8D%E9%AA%A8%E7%A7%91+%E7%9F%B3%E8%95%A8%E5%B1%AC+%E8%95%A8%E9%A1%9E%E6%A4%8D%E7%89%A9+&oid=1459266 HTTP/1.1" 200 3517
66.249.71.105 - - [02/May/2016:01:41:17 +0800] "GET /content/nav/relationSubject.jsp?relationWords=%E4%BC%8F%E7%9F%B3%E8%95%A8%20%E6%8A%B1%E6%A8%B9%E8%95%A8%20%E6%A4%8D%E7%89%A9%E7%95%8C%20%E6%B0%B4%E9%BE%8D%E9%AA%A8%20%E6%B0%B4%E9%BE%8D%E9%AA%A8%E7%A7%91%20%E7%9F%B3%E8%95%A8%E5%B1%AC%20%E8%95%A8%E9%A1%9E%E6%A4%8D%E7%89%A9%20&oid=1459266 HTTP/1.1" 200 3517
66.249.79.207 - - [02/May/2016:01:43:09 +0800] "GET /content/repository/resource_content.jsp?oid=4362538&queryString=%E4%B8%83%E5%BA%9C%E6%95%99%20%E4%B8%96%E9%81%8B%20%E5%8B%9D%E5%88%A9%20%E9%AB%94%E8%82%B2%E5%A0%B4 HTTP/1.1" 200 28365
66.249.79.200 - - [02/May/2016:01:43:12 +0800] "GET /content/nav/relationSubject.jsp?relationWords=%E5%8B%9D%E5%88%A9+%E6%9C%A8%E9%9B%95%E7%89%88%E7%95%AB+&oid=4362538 HTTP/1.1" 200 3076
118.169.211.162 - - [02/May/2016:01:43:18 +0800] "GET /content/repository/resource_content.jsp?oid=189559 HTTP/1.1" 200 30456
118.169.211.162 - - [02/May/2016:01:43:20 +0800] "GET /content/nav/relationSubject.jsp?relationWords=%E5%9C%B0%E5%BD%A2%E5%9C%96+%E7%BE%A4%E5%B3%B6%E5%9C%B0%E5%BD%A2+&oid=189559 HTTP/1.1" 200 3111
207.46.13.2 - - [02/May/2016:01:43:35 +0800] "GET /content/subject/resource_content.jsp?oid=16777640 HTTP/1.1" 200 62019
66.249.71.60 - - [02/May/2016:01:43:59 +0800] "GET /content/subject/resource_content.jsp?oid=16777497&queryType=qs&queryString=%E8%AB%BE%E8%B2%9D%E7%88%BE HTTP/1.1" 200 40577
66.249.71.113 - - [02/May/2016:01:44:50 +0800] "GET /content/repository/resource_content.jsp?oid=1777621&queryType=qs&queryString=%E5%B8%AB%E8%B3%87%E5%9F%B9%E8%82%B2 HTTP/1.1" 200 39471
66.249.71.113 - - [02/May/2016:01:44:53 +0800] "GET /content/nav/relationSubject.jsp?relationWords=%E5%8F%B0%E7%81%A3%E5%8E%9F%E4%BD%8F%E6%B0%91+%E6%95%99%E8%82%B2%E6%94%BF%E7%AD%96+%E7%A4%BE%E6%9C%83%E5%95%8F%E9%A1%8C+&oid=1777621 HTTP/1.1" 200 7730
66.249.71.121 - - [02/May/2016:01:45:40 +0800] "GET /content/nav/relationSubject.jsp?relationWords=%E5%8A%AB%E9%A1%8C+%E9%98%B2%E6%96%87%E8%81%B7+&oid=2626211 HTTP/1.1" 200 3158
66.249.71.105 - - [02/May/2016:01:45:43 +0800] "GET /content/nav/relationSubject.jsp?relationWords=%E5%8A%AB%E9%A1%8C%20%E9%98%B2%E6%96%87%E8%81%B7%20&oid=2626211 HTTP/1.1" 200 3158
66.249.71.105 - - [02/May/2016:01:45:59 +0800] "GET /content/nav/relationSubject.jsp?relationWords=%E7%BF%81%E6%88%8E%E8%9E%BA+%E8%85%B9%E8%B6%B3%E7%B6%B1+%E9%AB%98%E8%85%B0+%E9%AB%98%E8%85%B0%E7%BF%81%E6%88%8E%E8%9E%BA+&oid=523437 HTTP/1.1" 200 3358
66.249.71.105 - - [02/May/2016:01:46:01 +0800] "GET /content/nav/relationSubject.jsp?relationWords=%E7%BF%81%E6%88%8E%E8%9E%BA%20%E8%85%B9%E8%B6%B3%E7%B6%B1%20%E9%AB%98%E8%85%B0%20%E9%AB%98%E8%85%B0%E7%BF%81%E6%88%8E%E8%9E%BA%20&oid=523437 HTTP/1.1" 200 3358
66.249.71.64 - - [02/May/2016:01:46:31 +0800] "GET /content/nav/relationSubject.jsp?relationWords=%E5%B0%8F%E5%B1%B1%E8%9E%9E%E8%9D%97+%E5%B1%B1%E8%9E%9E%E8%9D%97%E5%B1%AC+%E6%A4%8D%E7%89%A9%E7%95%8C+%E8%A0%B6%E8%B1%86+%E9%9B%99%E5%AD%90%E8%91%89%E6%A4%8D%E7%89%A9+&oid=1462825 HTTP/1.1" 200 3560
66.249.71.60 - - [02/May/2016:01:46:32 +0800] "GET /content/nav/relationSubject.jsp?relationWords=%E5%B0%8F%E5%B1%B1%E8%9E%9E%E8%9D%97%20%E5%B1%B1%E8%9E%9E%E8%9D%97%E5%B1%AC%20%E6%A4%8D%E7%89%A9%E7%95%8C%20%E8%A0%B6%E8%B1%86%20%E9%9B%99%E5%AD%90%E8%91%89%E6%A4%8D%E7%89%A9%20&oid=1462825 HTTP/1.1" 200 3560
66.249.71.5 - - [02/May/2016:01:47:24 +0800] "GET /content/nav/relationSubject.jsp?relationWords=%E4%BF%AE%E6%86%B2+%E5%9C%8B%E4%BB%A3+&oid=1546121 HTTP/1.1" 200 4877
66.249.71.5 - - [02/May/2016:01:47:27 +0800] "GET /content/nav/relationSubject.jsp?relationWords=%E4%BF%AE%E6%86%B2%20%E5%9C%8B%E4%BB%A3%20&oid=1546121 HTTP/1.1" 200 4877
68.180.230.99 - - [02/May/2016:01:47:59 +0800] "GET /content/subject/resource_content.jsp?oid=16777312&queryType=qc HTTP/1.1" 200 28147
66.249.71.60 - - [02/May/2016:01:48:15 +0800] "GET /content/repository/resource_content.jsp?oid=788947&queryString=%E8%A2%81%E4%B8%96%E5%87%B1 HTTP/1.1" 200 28261
66.249.71.60 - - [02/May/2016:01:48:17 +0800] "GET /content/nav/relationSubject.jsp?relationWords=%E5%AF%86%E7%A8%9F+%E8%A2%81%E4%B8%96%E5%87%B1+&oid=788947 HTTP/1.1" 200 3172
66.249.71.60 - - [02/May/2016:01:48:39 +0800] "GET /content/nav/relationSubject.jsp?relationWords=%E5%A4%A7%E8%B1%86%E5%B1%AC+%E6%89%81%E8%B1%86%E8%8E%A2%E5%A4%A7%E8%B1%86+%E6%A4%8D%E7%89%A9%E7%95%8C+%E8%A0%B6%E8%B1%86+%E9%9B%99%E5%AD%90%E8%91%89%E6%A4%8D%E7%89%A9+&oid=2151282 HTTP/1.1" 200 3329
66.249.71.60 - - [02/May/2016:01:48:41 +0800] "GET /content/nav/relationSubject.jsp?relationWords=%E5%A4%A7%E8%B1%86%E5%B1%AC%20%E6%89%81%E8%B1%86%E8%8E%A2%E5%A4%A7%E8%B1%86%20%E6%A4%8D%E7%89%A9%E7%95%8C%20%E8%A0%B6%E8%B1%86%20%E9%9B%99%E5%AD%90%E8%91%89%E6%A4%8D%E7%89%A9%20&oid=2151282 HTTP/1.1" 200 3329
66.249.71.60 - - [02/May/2016:01:49:07 +0800] "GET /content/repository/resource_content.jsp?oid=1894227 HTTP/1.1" 200 28463
66.249.71.121 - - [02/May/2016:01:49:45 +0800] "GET /content/nav/relationSubject.jsp?relationWords=%E5%85%B5%E9%A4%89+%E5%8D%94%E9%99%9D%E5%85%B5+%E5%B7%A1%E9%B9%BD+%E5%BE%A1%E5%8F%B2+%E9%A4%89%E9%8A%80%E6%95%B8+&oid=2520283 HTTP/1.1" 200 4597
66.249.79.105 - - [02/May/2016:01:49:47 +0800] "GET /content/nav/relationSubject.jsp?relationWords=%E5%85%B5%E9%A4%89%20%E5%8D%94%E9%99%9D%E5%85%B5%20%E5%B7%A1%E9%B9%BD%20%E5%BE%A1%E5%8F%B2%20%E9%A4%89%E9%8A%80%E6%95%B8%20&oid=2520283 HTTP/1.1" 200 4597
66.249.71.60 - - [02/May/2016:01:49:58 +0800] "GET /content/repository/resource_content.jsp?oid=2515430 HTTP/1.1" 200 29788
66.249.71.113 - - [02/May/2016:01:50:49 +0800] "GET /content/repository/resource_content.jsp?oid=1774732&queryType=qs&queryString=%E7%A5%AD%E5%A3%BA HTTP/1.1" 200 29794
66.249.71.60 - - [02/May/2016:01:51:41 +0800] "GET /content/repository/resource_content.jsp?oid=1621287 HTTP/1.1" 200 28920
66.249.71.60 - - [02/May/2016:01:51:52 +0800] "GET /content/nav/relationSubject.jsp?relationWords=%E8%99%8E%E6%96%91%E8%8A%8B%E8%9E%BA+&oid=33554914 HTTP/1.1" 200 2904
66.249.71.60 - - [02/May/2016:01:51:56 +0800] "GET /content/nav/relationSubject.jsp?relationWords=%E8%99%8E%E6%96%91%E8%8A%8B%E8%9E%BA%20&oid=33554914 HTTP/1.1" 200 2904
66.249.71.60 - - [02/May/2016:01:52:52 +0800] "GET /content/nav/relationSubject.jsp?relationWords=%E4%B8%80%E5%BA%9C%E6%95%99+&oid=1602630 HTTP/1.1" 200 3548
66.249.71.60 - - [02/May/2016:01:52:55 +0800] "GET /content/nav/relationSubject.jsp?relationWords=%E4%B8%80%E5%BA%9C%E6%95%99%20&oid=1602630 HTTP/1.1" 200 3548
66.249.71.60 - - [02/May/2016:01:53:23 +0800] "GET /content/repository/resource_content.jsp?oid=2536530&queryString=%E4%B8%89%E5%BA%AB%20%E5%A0%82%E9%8A%9C HTTP/1.1" 200 30875
66.249.71.60 - - [02/May/2016:01:53:47 +0800] "GET /content/nav/relationSubject.jsp?relationWords=%E6%9E%97%E6%B7%B5%E7%86%99+%E8%AD%B0%E9%95%B7+&oid=1894227 HTTP/1.1" 200 6991
66.249.71.60 - - [02/May/2016:01:53:48 +0800] "GET /content/nav/relationSubject.jsp?relationWords=%E4%B8%89%E5%BA%AB+&oid=2536530 HTTP/1.1" 200 3090
66.249.71.60 - - [02/May/2016:01:54:17 +0800] "GET /content/repository/resource_content.jsp?oid=1458254 HTTP/1.1" 200 28499
66.249.71.60 - - [02/May/2016:01:54:21 +0800] "GET /content/nav/relationSubject.jsp?relationWords=%E7%8E%89%E5%B1%B1%E7%9F%B3%E6%9D%BE+&oid=1458254 HTTP/1.1" 200 3046
199.30.25.14 - - [02/May/2016:01:54:25 +0800] "GET /content/nav/relationSubject.jsp?relationWords=%E6%9C%A8%E7%8A%80+%E6%A1%82%E8%8A%B1+&oid=16777255 HTTP/1.1" 200 4029
66.249.71.60 - - [02/May/2016:01:54:29 +0800] "GET /content/repository/resource_content.jsp?oid=1519854 HTTP/1.1" 200 31733
66.249.71.121 - - [02/May/2016:01:54:29 +0800] "GET /content/nav/relationSubject.jsp?relationWords=%E5%85%AC%E5%8B%99%E5%93%A1+%E5%85%AC%E8%B7%AF%E5%B1%80+%E5%8D%A1%E8%BB%8A+%E5%8F%B8%E6%A9%9F+%E5%B4%87%E6%96%87+%E5%B7%A5%E6%9C%83+%E5%B7%A5%E8%B3%87+%E6%8A%80%E5%B7%A5+%E6%93%B4%E5%BB%BA+%E6%9F%B4%E6%B2%B9+%E6%B2%B9%E8%BB%8A+%E6%B4%A5%E8%B2%BC+%E6%B4%AA%E6%8C%AF%E4%B9%BE+%E6%B5%B7%E5%9F%94%E6%96%B0%E7%94%9F+%E6%B5%B7%E5%9F%94%E6%96%B0%E7%94%9F%E5%9C%B0+%E7%80%86%E8%81%B7+%E7%A2%BC%E9%A0%AD%E5%B7%A5%E4%BA%BA+%E7%AB%99%E9%95%B7+%E8%81%B7%E6%A5%AD%E5%B7%A5%E6%9C%83+%E8%99%95%E9%95%B7+%E8%B2%A8%E8%BB%8A+%E8%BB%8A%E7%A6%8D+%E9%90%B5%E8%B7%AF%E5%B1%80+%E9%AB%98%E9%9B%84%E5%B8%82+&oid=1551955 HTTP/1.1" 200 5724
66.249.71.121 - - [02/May/2016:01:54:32 +0800] "GET /content/nav/relationSubject.jsp?relationWords=%E5%85%AC%E5%8B%99%E5%93%A1%20%E5%85%AC%E8%B7%AF%E5%B1%80%20%E5%8D%A1%E8%BB%8A%20%E5%8F%B8%E6%A9%9F%20%E5%B4%87%E6%96%87%20%E5%B7%A5%E6%9C%83%20%E5%B7%A5%E8%B3%87%20%E6%8A%80%E5%B7%A5%20%E6%93%B4%E5%BB%BA%20%E6%9F%B4%E6%B2%B9%20%E6%B2%B9%E8%BB%8A%20%E6%B4%A5%E8%B2%BC%20%E6%B4%AA%E6%8C%AF%E4%B9%BE%20%E6%B5%B7%E5%9F%94%E6%96%B0%E7%94%9F%20%E6%B5%B7%E5%9F%94%E6%96%B0%E7%94%9F%E5%9C%B0%20%E7%80%86%E8%81%B7%20%E7%A2%BC%E9%A0%AD%E5%B7%A5%E4%BA%BA%20%E7%AB%99%E9%95%B7%20%E8%81%B7%E6%A5%AD%E5%B7%A5%E6%9C%83%20%E8%99%95%E9%95%B7%20%E8%B2%A8%E8%BB%8A%20%E8%BB%8A%E7%A6%8D%20%E9%90%B5%E8%B7%AF%E5%B1%80%20%E9%AB%98%E9%9B%84%E5%B8%82%20&oid=1551955 HTTP/1.1" 200 5724
68.4.10.35 - - [02/May/2016:01:54:43 +0800] "GET /content/nav/relationSubject.jsp?relationWords=&oid=16777576 HTTP/1.1" 200 1405
66.249.71.60 - - [02/May/2016:01:55:07 +0800] "GET /content/repository/resource_content.jsp?oid=196602&queryString=%E6%9D%B1%E5%8C%97%E9%99%B8%E6%B8%AC%E5%9C%96%20%E7%A7%91%E7%88%BE%E8%8A%AC HTTP/1.1" 200 30073
66.249.77.97 - - [02/May/2016:01:55:58 +0800] "GET /content/subject/resource_content.jsp?oid=16777714&queryString= HTTP/1.1" 200 42393
66.249.71.60 - - [02/May/2016:01:56:46 +0800] "GET /content/nav/relationSubject.jsp?relationWords=%E6%88%BF%E6%8D%90%E7%A8%85+%E7%9C%81%E6%94%BF%E5%BA%9C+%E8%87%BA%E5%8D%97%E7%B8%A3%E8%AD%B0%E6%9C%83+%E9%83%AD%E9%9B%A8%E6%96%B0+&oid=1897184 HTTP/1.1" 200 4637
66.249.77.85 - - [02/May/2016:01:56:49 +0800] "GET /content/subject/resource_content.jsp?oid=16797287&queryType=qc HTTP/1.1" 200 88347
66.249.71.60 - - [02/May/2016:01:58:31 +0800] "GET /content/subject/resource_content.jsp?oid=16777793&queryType=qc HTTP/1.1" 200 42696
66.249.71.121 - - [02/May/2016:01:59:22 +0800] "GET /content/repository/resource_content.jsp?oid=4362709&queryType=qs&queryString=%E7%8E%89%E6%B8%85%E5%85%83%E5%A7%8B%E5%A4%A9%E5%B0%8A HTTP/1.1" 200 28461
66.249.71.105 - - [02/May/2016:01:59:25 +0800] "GET /content/nav/relationSubject.jsp?relationWords=%E7%8E%89%E6%B8%85%E5%85%83%E5%A7%8B%E5%A4%A9%E5%B0%8A+&oid=4362709 HTTP/1.1" 200 2778
66.249.71.60 - - [02/May/2016:02:00:14 +0800] "GET /content/tmp_exh/resource_content.jsp?oid=16777851&queryType=qc HTTP/1.1" 200 45681
66.249.71.60 - - [02/May/2016:02:00:45 +0800] "GET /content/nav/relationSubject.jsp?relationWords=%E5%B7%A1%E6%92%AB+%E7%9B%A3%E8%87%A8+%E9%84%89%E8%A9%A6+&oid=2515430 HTTP/1.1" 200 5332
66.249.71.60 - - [02/May/2016:02:00:54 +0800] "GET /content/nav/relationSubject.jsp?relationWords=%E5%85%B5%E4%B8%81+%E8%B0%B7%E5%83%B9+&oid=2670180 HTTP/1.1" 200 4023
66.249.71.60 - - [02/May/2016:02:00:56 +0800] "GET /content/nav/relationSubject.jsp?relationWords=%E5%85%B5%E4%B8%81%20%E8%B0%B7%E5%83%B9%20&oid=2670180 HTTP/1.1" 200 4023
66.249.71.60 - - [02/May/2016:02:01:05 +0800] "GET /content/subject/resource_content.jsp?oid=16777599&queryType=qc HTTP/1.1" 200 36977
66.249.71.5 - - [02/May/2016:02:01:56 +0800] "GET /digiarch3/content/subject/resource_content.jsp?oid=16797243&queryString= HTTP/1.1" 200 56014
66.249.71.5 - - [02/May/2016:02:01:59 +0800] "GET /digiarch3/content/nav/relationSubject.jsp?relationWords=&oid=16797243 HTTP/1.1" 200 1405
66.249.71.60 - - [02/May/2016:02:02:33 +0800] "GET /content/nav/relationSubject.jsp?relationWords=%E4%B8%96%E7%B3%BB%E7%BE%A4+%E9%9B%85%E7%BE%8E%E6%97%8F+&oid=1773177 HTTP/1.1" 200 2920
66.249.71.113 - - [02/May/2016:02:02:47 +0800] "GET /content/nav/relationSubject.jsp?relationWords=%E5%90%B3%E7%8E%8B+%E6%AD%A3%E6%9B%B8+%E6%B2%82%E6%B0%B4+%E7%8E%8B%E6%AC%BD+%E9%A1%8C%E8%A8%98+&oid=1833642 HTTP/1.1" 200 4956
66.249.71.5 - - [02/May/2016:02:02:57 +0800] "GET /digiarch3/content/subject/resource_content.jsp?oid=16797243&queryType=qc HTTP/1.1" 200 56014
66.249.71.105 - - [02/May/2016:02:02:57 +0800] "GET /content/nav/relationSubject.jsp?relationWords=%E5%90%B3%E7%8E%8B%20%E6%AD%A3%E6%9B%B8%20%E6%B2%82%E6%B0%B4%20%E7%8E%8B%E6%AC%BD%20%E9%A1%8C%E8%A8%98%20&oid=1833642 HTTP/1.1" 200 4956
66.249.71.60 - - [02/May/2016:02:03:40 +0800] "GET /content/repository/resource_content.jsp?oid=1108203&queryString=%E5%A4%A7%E6%9C%AC%E5%B1%B1%E6%A2%97%E8%8F%9C%20%E5%B1%B1%E6%A2%97%E8%8F%9C%E5%B1%AC%20%E6%A1%94%E6%A2%97%20%E6%A1%94%E6%A2%97%E7%A7%91%20%E6%A4%8D%E7%89%A9%E7%95%8C HTTP/1.1" 200 31543
66.249.71.60 - - [02/May/2016:02:03:43 +0800] "GET /content/nav/relationSubject.jsp?relationWords=%E5%A4%A7%E6%9C%AC%E5%B1%B1%E6%A2%97%E8%8F%9C+%E5%B1%B1%E6%A2%97%E8%8F%9C%E5%B1%AC+%E6%A1%94%E6%A2%97+%E6%A1%94%E6%A2%97%E7%A7%91+%E6%A4%8D%E7%89%A9%E7%95%8C+&oid=1108203 HTTP/1.1" 200 3419
66.249.71.60 - - [02/May/2016:02:04:30 +0800] "GET /content/repository/resource_content.jsp?oid=1617592 HTTP/1.1" 200 28726
66.249.71.60 - - [02/May/2016:02:04:37 +0800] "GET /content/nav/relationSubject.jsp?relationWords=&oid=1617592 HTTP/1.1" 200 1405
66.249.71.60 - - [02/May/2016:02:05:09 +0800] "GET /content/nav/relationSubject.jsp?relationWords=%E4%B8%AD%E6%AD%A3%E6%A9%8B+%E8%87%BA%E5%8C%97%E5%B8%82+%E9%98%B2%E6%B4%AA+&oid=1578769 HTTP/1.1" 200 4647
66.249.71.60 - - [02/May/2016:02:05:10 +0800] "GET /content/nav/relationSubject.jsp?relationWords=%E4%B8%AD%E6%AD%A3%E6%A9%8B%20%E8%87%BA%E5%8C%97%E5%B8%82%20%E9%98%B2%E6%B4%AA%20&oid=1578769 HTTP/1.1" 200 4647
66.249.71.60 - - [02/May/2016:02:05:22 +0800] "GET /content/repository/resource_content.jsp?oid=1612635 HTTP/1.1" 200 28573
180.177.8.105 - - [02/May/2016:02:05:40 +0800] "GET /content/subject/resource_content.jsp?oid=16797297&queryType=qc HTTP/1.1" 200 67888
180.177.8.105 - - [02/May/2016:02:05:46 +0800] "GET /content/nav/relationSubject.jsp?relationWords=&oid=16797297 HTTP/1.1" 200 1405
66.249.71.113 - - [02/May/2016:02:06:03 +0800] "GET /content/nav/relationSubject.jsp?relationWords=%E7%A6%AE%E8%A8%98+%E8%A5%BF%E6%8B%89%E9%9B%85%E6%97%8F+%E9%98%BF%E7%AB%8B%E7%A5%96+&oid=1774732 HTTP/1.1" 200 3133
66.249.71.5 - - [02/May/2016:02:06:09 +0800] "GET /digiarch3/content/nav/relationSubject.jsp?relationWords=%E5%B7%A5%E6%A5%AD%E7%94%A8+%E5%B7%A5%E6%A5%AD%E7%94%A8%E5%9C%B0+%E7%9C%81%E8%AD%B0%E6%9C%83+%E8%B3%AA%E8%A9%A2+&oid=1562369 HTTP/1.1" 200 5653
66.249.71.5 - - [02/May/2016:02:06:11 +0800] "GET /digiarch3/content/nav/relationSubject.jsp?relationWords=%E5%B7%A5%E6%A5%AD%E7%94%A8%20%E5%B7%A5%E6%A5%AD%E7%94%A8%E5%9C%B0%20%E7%9C%81%E8%AD%B0%E6%9C%83%20%E8%B3%AA%E8%A9%A2%20&oid=1562369 HTTP/1.1" 200 5653
66.249.77.91 - - [02/May/2016:02:06:14 +0800] "GET /content/repository/resource_content.jsp?oid=723381&queryString=%E4%BA%BA%E5%90%8D%E6%AC%8A%E5%A8%81%20%E5%AE%A3%E6%98%8E%E6%9B%B8 HTTP/1.1" 200 29191
66.249.71.60 - - [02/May/2016:02:07:04 +0800] "GET /content/subject/resource_content.jsp?oid=16777271 HTTP/1.1" 200 29182
66.249.71.60 - - [02/May/2016:02:07:29 +0800] "GET /content/nav/relationSubject.jsp?relationWords=%E5%90%88%E8%88%88+%E6%9F%8F%E6%B2%B9%E8%B7%AF%E9%9D%A2+%E8%B7%AF%E7%AB%B9+&oid=1566816 HTTP/1.1" 200 3652
66.249.71.60 - - [02/May/2016:02:07:31 +0800] "GET /content/nav/relationSubject.jsp?relationWords=%E5%90%88%E8%88%88%20%E6%9F%8F%E6%B2%B9%E8%B7%AF%E9%9D%A2%20%E8%B7%AF%E7%AB%B9%20&oid=1566816 HTTP/1.1" 200 3652
66.249.71.60 - - [02/May/2016:02:07:46 +0800] "GET /content/nav/relationSubject.jsp?relationWords=%E5%96%AE%E8%89%B2+%E6%9D%B1%E5%8C%97%E5%9C%B0%E5%8D%80+%E7%A7%91%E7%88%BE%E8%8A%AC+&oid=196602 HTTP/1.1" 200 3307
66.249.71.60 - - [02/May/2016:02:07:58 +0800] "GET /content/repository/resource_content.jsp?oid=1457127 HTTP/1.1" 200 30103
218.252.252.103 - - [02/May/2016:02:08:00 +0800] "GET /content/repository/resource_content.jsp?oid=722054&queryString=%E4%BA%BA%E5%90%8D%E6%AC%8A%E5%A8%81%20%E6%97%A5%E6%96%AF%E5%B7%B4%E5%B0%BC%E4%BA%9E%20%E9%A0%98%E4%BA%8B%E8%A3%81%E5%88%A4%E6%AC%8A%20%E9%A6%AC%E5%85%8B%E8%AC%A8 HTTP/1.1" 200 29291
218.252.252.103 - - [02/May/2016:02:08:02 +0800] "GET /content/nav/relationSubject.jsp?relationWords=%E4%BA%BA%E5%90%8D%E6%AC%8A%E5%A8%81+%E8%88%92%E7%88%BE%E6%9B%BC+%E9%A0%98%E4%BA%8B%E8%A3%81%E5%88%A4%E6%AC%8A+%E9%A1%A7%E7%B6%AD%E9%88%9E+&oid=722054 HTTP/1.1" 200 3301
120.126.66.16 - - [02/May/2016:02:08:18 +0800] "GET /content/nav/relationSubject.jsp?relationWords=%E5%8F%B0%E7%81%A3%E6%AC%92%E6%A8%B9+%E8%8B%A6%E8%8B%93%E8%88%85+&oid=16777254 HTTP/1.1" 200 4285
66.249.71.50 - - [02/May/2016:02:08:47 +0800] "GET /content/repository/resource_content.jsp?oid=1554975&queryType=qs&queryString=%E4%B8%AD%E5%A4%AE%E4%BF%A1%E8%A8%97%E5%B1%80 HTTP/1.1" 200 29411
66.249.79.200 - - [02/May/2016:02:09:25 +0800] "GET /content/nav/relationSubject.jsp?relationWords=%E4%BB%A3%E5%A4%A9%E5%B7%A1%E7%8B%A9+%E7%8E%89%E6%97%A8+&oid=4363118 HTTP/1.1" 200 2479
66.249.71.60 - - [02/May/2016:02:09:28 +0800] "GET /content/nav/relationSubject.jsp?relationWords=%E4%BB%A3%E5%A4%A9%E5%B7%A1%E7%8B%A9%20%E7%8E%89%E6%97%A8%20&oid=4363118 HTTP/1.1" 200 2479
36.230.0.149 - - [02/May/2016:02:09:28 +0800] "GET /content/nav/relationSubject.jsp?relationWords=%E8%8A%B1%E8%94%93+%E8%94%93%E6%BE%A4%E8%98%AD+&oid=16777266 HTTP/1.1" 200 4225
66.249.71.5 - - [02/May/2016:02:09:40 +0800] "GET /digiarch3/content/repository/resource_content.jsp?oid=1774732&queryType=qs&queryString=%E5%8C%97%E9%96%80%E9%83%A1 HTTP/1.1" 200 29833
66.249.71.5 - - [02/May/2016:02:09:44 +0800] "GET /digiarch3/content/nav/relationSubject.jsp?relationWords=%E7%A6%AE%E8%A8%98+%E8%A5%BF%E6%8B%89%E9%9B%85%E6%97%8F+%E9%98%BF%E7%AB%8B%E7%A5%96+&oid=1774732 HTTP/1.1" 200 3133
66.249.71.60 - - [02/May/2016:02:10:29 +0800] "GET /digiarch_en/content/repository/resource_content.jsp?oid=2142910&queryString=%E6%9C%A8%E6%A7%BF%E5%B1%AC%20%E6%9C%A8%E8%8A%99%E8%93%89%20%E6%A4%8D%E7%89%A9%E7%95%8C%20%E9%8C%A6%E8%91%B5%20%E9%8C%A6%E8%91%B5%E7%A7%91 HTTP/1.1" 200 23945
66.249.71.200 - - [02/May/2016:02:10:32 +0800] "GET /content/nav/relationSubject.jsp?relationWords=%E5%95%86%E6%A5%AD%E9%8A%80%E8%A1%8C+%E5%9C%8B%E6%B0%91%E5%AD%B8%E6%A0%A1+%E6%9D%9C%E9%A6%99+%E6%9D%9C%E9%A6%99%E5%9C%8B+%E8%91%A3%E4%BA%8B%E9%95%B7+%E8%AB%8B%E6%9F%AC+%E9%A0%86%E5%A4%A9+&oid=1887296 HTTP/1.1" 200 3405
66.249.71.200 - - [02/May/2016:02:10:35 +0800] "GET /content/nav/relationSubject.jsp?relationWords=%E5%95%86%E6%A5%AD%E9%8A%80%E8%A1%8C%20%E5%9C%8B%E6%B0%91%E5%AD%B8%E6%A0%A1%20%E6%9D%9C%E9%A6%99%20%E6%9D%9C%E9%A6%99%E5%9C%8B%20%E8%91%A3%E4%BA%8B%E9%95%B7%20%E8%AB%8B%E6%9F%AC%20%E9%A0%86%E5%A4%A9%20&oid=1887296 HTTP/1.1" 200 3405
66.249.71.60 - - [02/May/2016:02:10:41 +0800] "GET /digiarch_en/content/nav/relationSubject.jsp?relationWords=%E6%9C%A8%E6%A7%BF%E5%B1%AC+%E6%9C%A8%E8%8A%99%E8%93%89+%E6%A4%8D%E7%89%A9%E7%95%8C+%E9%8C%A6%E8%91%B5+%E9%8C%A6%E8%91%B5%E7%A7%91+&oid=2142910 HTTP/1.1" 200 3300
66.249.71.60 - - [02/May/2016:02:11:05 +0800] "GET /content/nav/relationSubject.jsp?relationWords=%E9%AA%A8%E7%AE%AD%E9%A0%AD+&oid=1862021 HTTP/1.1" 200 2990
66.249.71.60 - - [02/May/2016:02:11:08 +0800] "GET /content/nav/relationSubject.jsp?relationWords=%E9%AA%A8%E7%AE%AD%E9%A0%AD%20&oid=1862021 HTTP/1.1" 200 2990
66.249.79.200 - - [02/May/2016:02:11:21 +0800] "GET /content/repository/resource_content.jsp?oid=1895687 HTTP/1.1" 200 28487
66.249.79.200 - - [02/May/2016:02:11:23 +0800] "GET /content/nav/relationSubject.jsp?relationWords=%E8%B6%99%E6%A3%AE%E6%B5%B7+&oid=1895687 HTTP/1.1" 200 4960
66.249.71.60 - - [02/May/2016:02:11:24 +0800] "GET /content/nav/relationSubject.jsp?relationWords=%E5%85%AB%E5%8D%A6%E5%B1%B1+%E7%B6%A0%E5%9C%B0+%E9%81%8A%E6%A8%82%E5%8D%80+%E9%A2%A8%E6%99%AF%E7%89%B9%E5%AE%9A%E5%8D%80+&oid=1621287 HTTP/1.1" 200 13776
66.249.71.113 - - [02/May/2016:02:12:12 +0800] "GET /content/repository/resource_content.jsp?oid=4363712&queryType=qs&queryString=%E9%9D%88%E7%8F%A0%E5%AD%90 HTTP/1.1" 200 30578
66.249.71.60 - - [02/May/2016:02:13:03 +0800] "GET /content/repository/resource_content.jsp?oid=2144384 HTTP/1.1" 200 31001
66.249.71.60 - - [02/May/2016:02:13:06 +0800] "GET /content/nav/relationSubject.jsp?relationWords=%E6%A4%8D%E7%89%A9%E7%95%8C+%E8%A0%B6%E8%B1%86+%E9%87%8E%E7%99%BE%E5%90%88+%E9%87%8E%E7%99%BE%E5%90%88%E5%B1%AC+%E9%9B%99%E5%AD%90%E8%91%89%E6%A4%8D%E7%89%A9+&oid=2144384 HTTP/1.1" 200 3415
66.249.77.91 - - [02/May/2016:02:14:46 +0800] "GET /content/repository/resource_content.jsp?oid=2521752&queryString=%E5%B7%A1%E6%92%AB%20%E9%8C%A2%E7%B3%A7%20%E9%A9%9B%E9%B9%BD%E9%81%93 HTTP/1.1" 200 30406
66.249.77.85 - - [02/May/2016:02:14:48 +0800] "GET /content/nav/relationSubject.jsp?relationWords=%E9%A9%9B%E9%B9%BD%E9%81%93+&oid=2521752 HTTP/1.1" 200 3129
66.249.77.85 - - [02/May/2016:02:15:37 +0800] "GET /content/repository/resource_content.jsp?oid=2637538&queryType=qs&queryString=%E6%97%97%E9%A0%AD HTTP/1.1" 200 30163
66.249.77.91 - - [02/May/2016:02:15:39 +0800] "GET /content/nav/relationSubject.jsp?relationWords=&oid=2637538 HTTP/1.1" 200 1405
66.249.71.60 - - [02/May/2016:02:15:42 +0800] "GET /content/nav/relationSubject.jsp?relationWords=%E6%BC%81%E6%92%88+%E7%A5%AD%E5%84%80+%E7%BE%8E%E8%B1%90+%E8%B1%90%E5%B9%B4%E7%A5%AD+&oid=4387739 HTTP/1.1" 200 4142
66.249.71.60 - - [02/May/2016:02:16:29 +0800] "GET /content/repository/resource_content.jsp?oid=1773154 HTTP/1.1" 200 31676
66.249.71.60 - - [02/May/2016:02:16:32 +0800] "GET /content/nav/relationSubject.jsp?relationWords=%E4%B8%83%E4%BD%B3+%E8%8A%8B%E9%A0%AD+&oid=1773154 HTTP/1.1" 200 3280
66.249.71.60 - - [02/May/2016:02:16:36 +0800] "GET /content/repository/resource_content.jsp?oid=16374 HTTP/1.1" 200 34495
66.249.71.60 - - [02/May/2016:02:17:20 +0800] "GET /content/repository/resource_content.jsp?oid=2688796&queryString=%E7%9A%87%E5%A4%AA%E5%90%8E%20%E8%A1%8C%E7%A6%AE%E4%BA%8B HTTP/1.1" 200 30921
66.249.71.60 - - [02/May/2016:02:17:22 +0800] "GET /content/nav/relationSubject.jsp?relationWords=%E7%9A%87%E5%A4%AA%E5%90%8E+&oid=2688796 HTTP/1.1" 200 4003
66.249.71.60 - - [02/May/2016:02:17:45 +0800] "GET /content/nav/relationSubject.jsp?relationWords=%E8%8F%9C%E6%AC%92%E8%97%A4%E5%B1%AC+&oid=1101024 HTTP/1.1" 200 2981
66.249.71.60 - - [02/May/2016:02:17:47 +0800] "GET /content/nav/relationSubject.jsp?relationWords=%E8%8F%9C%E6%AC%92%E8%97%A4%E5%B1%AC%20&oid=1101024 HTTP/1.1" 200 2981
66.249.71.200 - - [02/May/2016:02:17:59 +0800] "GET /content/nav/relationSubject.jsp?relationWords=%E8%8B%A6%E8%8B%93+&oid=16777317 HTTP/1.1" 200 3183
66.249.79.117 - - [02/May/2016:02:18:00 +0800] "GET /content/nav/relationSubject.jsp?relationWords=%E8%8B%A6%E8%8B%93%20&oid=16777317 HTTP/1.1" 200 3183
66.249.71.121 - - [02/May/2016:02:18:11 +0800] "GET /content/repository/resource_content.jsp?oid=1539847&queryType=qs&queryString=%E8%87%BA%E4%B8%AD%E7%B7%9A HTTP/1.1" 200 28968
220.181.108.118 - - [02/May/2016:02:18:24 +0800] "GET /digiarch_en/content/subject/resource_content.jsp?oid=16777587&queryType=qc HTTP/1.1" 200 21921
66.249.71.60 - - [02/May/2016:02:18:34 +0800] "GET /content/nav/relationSubject.jsp?relationWords=%E6%A4%8D%E7%89%A9%E7%95%8C+%E8%8A%B1%E8%94%93+%E8%8F%8A%E7%A7%91+%E8%94%93%E6%BE%A4%E8%98%AD+%E8%94%93%E6%BE%A4%E8%98%AD%E5%B1%AC+%E9%9B%99%E5%AD%90%E8%91%89%E6%A4%8D%E7%89%A9+&oid=1457118 HTTP/1.1" 200 4859
207.46.13.63 - - [02/May/2016:02:18:50 +0800] "GET /content/tmp_tec/resource_content.jsp?oid=16777731 HTTP/1.1" 200 39226
66.249.71.60 - - [02/May/2016:02:19:03 +0800] "GET /content/repository/resource_content.jsp?oid=1568628&queryString=%E5%BB%BA%E7%AF%89%E5%9F%B7%E7%85%A7%20%E5%BB%BA%E7%AF%89%E8%A8%AD%E8%A8%88%20%E8%A8%AD%E8%A8%88%E5%9C%96 HTTP/1.1" 200 32720
66.249.71.60 - - [02/May/2016:02:19:07 +0800] "GET /content/nav/relationSubject.jsp?relationWords=%E5%85%AC%E5%8B%99%E4%BA%BA%E5%93%A1+%E5%BB%BA%E7%AF%89%E5%9F%B7%E7%85%A7+%E5%BB%BA%E8%A8%AD%E5%BB%B3+%E5%BC%B5%E5%AF%8C+%E7%B8%A3%E8%BD%84%E5%B8%82+%E8%87%AA%E4%BE%86%E6%B0%B4%E5%BB%A0+%E8%87%BA%E7%81%A3%E7%9C%81+%E8%B2%A1%E6%94%BF+%E8%B3%AA%E8%A9%A2+%E9%83%BD%E5%B8%82%E8%A8%88%E5%8A%83+%E9%99%B3%E7%AD%86+&oid=1568628 HTTP/1.1" 200 4843
40.77.167.20 - - [02/May/2016:02:19:12 +0800] "GET /content/tmp_tec/resource_content.jsp?oid=16777837 HTTP/1.1" 200 35568
66.249.71.60 - - [02/May/2016:02:19:24 +0800] "GET /content/nav/relationSubject.jsp?relationWords=%E6%A4%8D%E7%89%A9%E7%95%8C+%E7%94%B0%E8%B1%86+%E8%A0%B6%E8%B1%86+%E8%A0%B6%E8%B1%86%E5%B1%AC+%E9%9B%99%E5%AD%90%E8%91%89+%E9%9B%99%E5%AD%90%E8%91%89%E6%A4%8D%E7%89%A9+%E9%A6%AC%E9%BD%92%E8%B1%86+&oid=3811607 HTTP/1.1" 200 3365
66.249.71.60 - - [02/May/2016:02:19:27 +0800] "GET /content/nav/relationSubject.jsp?relationWords=%E6%A4%8D%E7%89%A9%E7%95%8C%20%E7%94%B0%E8%B1%86%20%E8%A0%B6%E8%B1%86%20%E8%A0%B6%E8%B1%86%E5%B1%AC%20%E9%9B%99%E5%AD%90%E8%91%89%20%E9%9B%99%E5%AD%90%E8%91%89%E6%A4%8D%E7%89%A9%20%E9%A6%AC%E9%BD%92%E8%B1%86%20&oid=3811607 HTTP/1.1" 200 3365
66.249.71.60 - - [02/May/2016:02:19:33 +0800] "GET /content/nav/relationSubject.jsp?relationWords=%E6%88%B2%E6%9B%B2+%E8%8D%94%E9%8F%A1%E8%A8%98+&oid=3334379 HTTP/1.1" 200 3972
207.46.13.176 - - [02/May/2016:02:19:33 +0800] "GET /content/tmp_tec/resource_content.jsp?oid=16777730 HTTP/1.1" 200 42439
66.249.71.60 - - [02/May/2016:02:19:34 +0800] "GET /content/nav/relationSubject.jsp?relationWords=%E6%88%B2%E6%9B%B2%20%E8%8D%94%E9%8F%A1%E8%A8%98%20&oid=3334379 HTTP/1.1" 200 3972
1.175.9.35 - - [02/May/2016:02:19:45 +0800] "GET /content/repository/resource_content.jsp?oid=1779858&queryString=%E6%9C%88%E6%9B%BC%20%E8%A6%AA%E5%B1%AC%E5%88%B6%E5%BA%A6 HTTP/1.1" 200 34545
1.175.9.35 - - [02/May/2016:02:19:46 +0800] "GET /content/nav/relationSubject.jsp?relationWords=%E6%9C%88%E6%9B%BC+&oid=1779858 HTTP/1.1" 200 2426
66.249.71.60 - - [02/May/2016:02:19:54 +0800] "GET /content/repository/resource_content.jsp?oid=1538509 HTTP/1.1" 200 28898
66.249.71.60 - - [02/May/2016:02:20:05 +0800] "GET /content/nav/relationSubject.jsp?relationWords=%E7%A0%82%E9%87%91+%E9%87%91%E7%89%8C+%E9%87%91%E9%A3%BE+%E9%8A%80%E6%A8%93+%E9%A3%BE%E9%87%91+&oid=1538509 HTTP/1.1" 200 4254
207.46.13.63 - - [02/May/2016:02:20:12 +0800] "GET /content/subject/resource_content.jsp?oid=16797234&queryType=qc HTTP/1.1" 200 46558
66.249.71.113 - - [02/May/2016:02:20:45 +0800] "GET /content/repository/resource_content.jsp?oid=1888255&queryType=qs&queryString=%E5%8A%83%E6%92%A5 HTTP/1.1" 200 28683
66.249.71.105 - - [02/May/2016:02:20:49 +0800] "GET /content/nav/relationSubject.jsp?relationWords=&oid=1888255 HTTP/1.1" 200 1405
40.77.167.20 - - [02/May/2016:02:20:57 +0800] "GET /content/tmp_tec/resource_content.jsp?oid=16777734 HTTP/1.1" 200 36946
66.249.71.5 - - [02/May/2016:02:21:37 +0800] "GET /digiarch3/content/repository/resource_content.jsp?oid=15338&queryType=qs&queryString=%E6%BF%B1%E9%AF%9B HTTP/1.1" 200 35065
66.249.71.60 - - [02/May/2016:02:21:58 +0800] "GET /content/nav/relationSubject.jsp?relationWords=%E5%80%92%E5%8D%B5%E8%91%89%E5%86%AC%E9%9D%92+%E5%86%AC%E9%9D%92%E5%B1%AC+%E9%87%91%E5%B9%B3%E6%B0%8F%E5%86%AC%E9%9D%92+&oid=1457127 HTTP/1.1" 200 3390
66.249.71.60 - - [02/May/2016:02:22:28 +0800] "GET /content/repository/resource_content.jsp?oid=2680397&queryString=%E9%9D%92%E6%B5%B7%20%E9%A6%AC%E9%A7%9D HTTP/1.1" 200 30139
66.249.71.60 - - [02/May/2016:02:22:34 +0800] "GET /content/nav/relationSubject.jsp?relationWords=%E5%88%A9%E6%B0%B4+%E6%B0%B4%E5%88%A9%E5%B1%80+%E6%B0%B4%E5%9C%B3+%E6%B0%B4%E7%A8%BB+&oid=1547684 HTTP/1.1" 200 5021
66.249.71.60 - - [02/May/2016:02:22:37 +0800] "GET /content/nav/relationSubject.jsp?relationWords=%E5%88%A9%E6%B0%B4%20%E6%B0%B4%E5%88%A9%E5%B1%80%20%E6%B0%B4%E5%9C%B3%20%E6%B0%B4%E7%A8%BB%20&oid=1547684 HTTP/1.1" 200 5021
66.249.71.60 - - [02/May/2016:02:22:42 +0800] "GET /content/nav/relationSubject.jsp?relationWords=%E9%A6%AC%E9%A7%9D+&oid=2680397 HTTP/1.1" 200 3054
66.249.71.105 - - [02/May/2016:02:23:20 +0800] "GET /content/repository/resource_content.jsp?oid=2678840&queryType=qs&queryString=%E5%AE%98%E5%B1%B1 HTTP/1.1" 200 30639
66.249.71.105 - - [02/May/2016:02:23:22 +0800] "GET /content/nav/relationSubject.jsp?relationWords=%E5%88%91%E9%83%A8+%E7%96%8F%E9%98%B2+&oid=2678840 HTTP/1.1" 200 3130
180.153.163.189 - - [02/May/2016:02:23:33 +0800] "GET /digiarch3/content/pictures/picture_content.jsp?oid=33554788&classify=2259 HTTP/1.1" 200 27721
42.58.176.202 - - [02/May/2016:02:23:33 +0800] "GET /digiarch3/content/pictures/picture_content.jsp?oid=33554793&classify=2259 HTTP/1.1" 200 27347
42.58.176.202 - - [02/May/2016:02:23:33 +0800] "GET /digiarch3/content/pictures/picture_content.jsp?oid=33554789&classify=2259 HTTP/1.1" 200 27144
42.58.176.202 - - [02/May/2016:02:23:33 +0800] "GET /digiarch3/content/nav/relationSubject.jsp?relationWords=%E7%9B%8A%E7%94%B0%E6%B0%8F%E6%A3%98%E7%B4%85+&oid=33554793 HTTP/1.1" 200 3191
42.58.176.202 - - [02/May/2016:02:23:33 +0800] "GET /digiarch3/content/pictures/picture_content.jsp?oid=33554788&classify=2259 HTTP/1.1" 200 27721
42.58.176.202 - - [02/May/2016:02:23:33 +0800] "GET /digiarch3/content/nav/relationSubject.jsp?relationWords=&oid=33554789 HTTP/1.1" 200 1405
42.58.176.202 - - [02/May/2016:02:23:34 +0800] "GET /digiarch3/content/nav/relationSubject.jsp?relationWords=%E8%A7%92%E7%AE%B1%E9%AD%A8+&oid=33554788 HTTP/1.1" 200 3439
119.147.146.189 - - [02/May/2016:02:23:35 +0800] "GET /digiarch3/content/pictures/picture_content.jsp?oid=33554788&classify=2259 HTTP/1.1" 200 27721
