66.249.71.60 - - [05/Mar/2016:03:31:22 +0800] "GET /digiarch_en/content/subject/resource_content.jsp?oid=16777344&queryString=GIS%20%E5%9C%B0%E7%90%86%E8%B3%87%E8%A8%8A%20%E6%95%B8%E4%BD%8D%E5%85%B8%E8%97%8F HTTP/1.1" 200 43204
61.223.211.53 - - [05/Mar/2016:03:31:42 +0800] "GET /content/repository/resource_content.jsp?oid=1564460 HTTP/1.1" 200 28401
61.223.211.53 - - [05/Mar/2016:03:31:43 +0800] "GET /content/nav/relationSubject.jsp?relationWords=%E5%B0%96%E8%B1%90+&oid=1564460 HTTP/1.1" 200 7593
66.249.74.98 - - [05/Mar/2016:03:31:45 +0800] "GET /digiarch_en/content/subject/resource_content.jsp?oid=16777814&queryString=%E6%80%9D%E6%83%B3%20%E9%87%8D%E6%85%B6%E5%8D%97%E8%B7%AF HTTP/1.1" 200 27143
66.249.71.105 - - [05/Mar/2016:03:31:55 +0800] "GET /content/repository/resource_content.jsp?oid=1780817&queryType=qs&queryString=%E9%98%BF%E5%A6%B9 HTTP/1.1" 200 29285
66.249.77.91 - - [05/Mar/2016:03:32:04 +0800] "GET /content/nav/relationSubject.jsp?relationWords=&oid=16777785 HTTP/1.1" 200 1405
66.249.71.60 - - [05/Mar/2016:03:32:06 +0800] "GET /content/repository/resource_content.jsp?oid=3817688&queryString=%E4%BD%95%E9%A6%96%E7%83%8F%20%E5%8F%B0%E7%81%A3%E4%BD%95%E9%A6%96%E7%83%8F%20%E6%A4%8D%E7%89%A9%E7%95%8C%20%E8%93%BC%E5%B1%AC%20%E8%93%BC%E7%A7%91 HTTP/1.1" 200 31440
68.180.228.187 - - [05/Mar/2016:03:32:08 +0800] "GET /content/repository/resource_content.jsp?oid=523339&queryType=qc HTTP/1.1" 200 36998
66.249.71.60 - - [05/Mar/2016:03:32:28 +0800] "GET /content/repository/resource_content.jsp?oid=1887807&queryString=%E6%9D%9C%E9%A6%99%20%E6%9D%9C%E9%A6%99%E5%9C%8B%20%E8%94%A1%E4%BC%AF%E6%B7%A9 HTTP/1.1" 200 30718
66.249.71.60 - - [05/Mar/2016:03:32:50 +0800] "GET /content/repository/resource_content.jsp?oid=815792&queryString=%E5%BB%A3%E6%A9%8B%20%E6%9D%8E%E5%BB%A3%E6%A9%8B%20%E8%B2%8D%E8%8B%B3 HTTP/1.1" 200 28237
66.249.71.60 - - [05/Mar/2016:03:33:12 +0800] "GET /content/repository/resource_content.jsp?oid=3819156&queryString=%E6%9F%83%E6%9C%A8%20%E6%9F%83%E6%9C%A8%E5%B1%AC%20%E6%A4%8D%E7%89%A9%E7%95%8C%20%E7%B1%B3%E7%A2%8E%E6%9F%83%E6%9C%A8 HTTP/1.1" 200 30898
66.249.71.60 - - [05/Mar/2016:03:33:22 +0800] "GET /content/nav/relationSubject.jsp?relationWords=%E4%BA%8B%E5%AF%A6%E5%86%8A+%E6%B1%A7%E9%99%BD%E7%B8%A3+%E9%B3%B3%E7%BF%94%E5%BA%9C+&oid=2666212 HTTP/1.1" 200 3235
66.249.71.60 - - [05/Mar/2016:03:33:24 +0800] "GET /content/nav/relationSubject.jsp?relationWords=%E4%BA%8B%E5%AF%A6%E5%86%8A%20%E6%B1%A7%E9%99%BD%E7%B8%A3%20%E9%B3%B3%E7%BF%94%E5%BA%9C%20&oid=2666212 HTTP/1.1" 200 3235
66.249.77.85 - - [05/Mar/2016:03:33:34 +0800] "GET /content/repository/resource_content.jsp?oid=4351748&queryString=%E7%83%8F%E8%80%B3%E9%B0%BB%20%E8%8A%B1%E9%B0%BB%20%E8%8A%B1%E9%B0%BB%E9%B1%BA%20%E9%B0%BB%E9%B1%BA%E7%A7%91%20%E9%B1%B8%E9%B0%BB HTTP/1.1" 200 34127
66.249.74.98 - - [05/Mar/2016:03:33:40 +0800] "GET /content/repository/resource_content.jsp?oid=1614264 HTTP/1.1" 200 28467
66.249.71.60 - - [05/Mar/2016:03:33:56 +0800] "GET /digiarch_en/content/repository/resource_content.jsp?oid=2676397&queryString=%E5%91%88%E6%8E%A7%E6%A1%88%20%E7%A7%BB%E6%9C%83 HTTP/1.1" 200 24138
66.249.71.60 - - [05/Mar/2016:03:34:18 +0800] "GET /content/repository/resource_content.jsp?oid=1609991 HTTP/1.1" 200 29457
66.249.79.27 - - [05/Mar/2016:03:35:02 +0800] "GET /content/repository/resource_content.jsp?oid=14639&queryType=qs&queryString=%E4%BE%8F%E5%84%92 HTTP/1.1" 200 33465
49.218.67.65 - - [05/Mar/2016:03:35:05 +0800] "GET /content/nav/relationSubject.jsp?relationWords=%E5%8F%B0%E7%81%A3%E5%8E%9F%E4%BD%8F%E6%B0%91+%E7%85%99%E6%96%97+%E8%8F%B8%E8%8D%89+&oid=16777483 HTTP/1.1" 200 5127
66.249.74.98 - - [05/Mar/2016:03:35:19 +0800] "GET /content/repository/resource_content.jsp?oid=1888372&queryString=%E5%9C%8B%E4%BB%A3%20%E6%9D%9C%E9%A6%99%E5%9C%8B HTTP/1.1" 200 30394
66.249.74.72 - - [05/Mar/2016:03:35:24 +0800] "GET /digiarch3/content/repository/resource_content.jsp?oid=1607403&queryType=qs&queryString=%E4%BA%A4%E9%80%9A%E5%B7%A5%E5%85%B7 HTTP/1.1" 200 29151
66.249.77.91 - - [05/Mar/2016:03:35:46 +0800] "GET /content/repository/resource_content.jsp?oid=4352429&queryString=%E5%80%8D%E8%89%AF%20%E6%9F%B3%E5%86%B7%E4%BB%94%20%E8%83%B8%E6%96%91%20%E8%83%B8%E6%96%91%E8%A3%82%E5%94%87%E9%AD%9A%20%E9%9A%86%E9%A0%AD%E9%AD%9A%E7%A7%91%20%E9%AD%9A%E9%86%AB%E7%94%9F HTTP/1.1" 200 33178
66.249.77.85 - - [05/Mar/2016:03:36:08 +0800] "GET /content/repository/resource_content.jsp?oid=279216&queryString=%E5%90%88%E7%A5%94%20%E5%A4%AA%E5%BB%9F%20%E7%9A%87%E8%80%83%20%E8%81%96%E7%A5%96%E4%BB%81%20%E8%A9%94%E6%9B%B8 HTTP/1.1" 200 31216
66.249.71.60 - - [05/Mar/2016:03:36:30 +0800] "GET /content/repository/resource_content.jsp?oid=1540009&queryString=%E7%A4%BE%E6%9C%83%E9%81%8B%E5%8B%95 HTTP/1.1" 200 29595
66.249.79.179 - - [05/Mar/2016:03:36:52 +0800] "GET /content/repository/resource_content.jsp?oid=2671624&queryString=%E9%80%9A%E9%91%91 HTTP/1.1" 200 29882
66.249.71.105 - - [05/Mar/2016:03:37:00 +0800] "GET /content/repository/resource_content.jsp?oid=23986&queryType=qs&queryString=%E7%B1%83%E5%AD%90%E9%AD%9A%E7%A7%91 HTTP/1.1" 200 29757
66.249.71.60 - - [05/Mar/2016:03:37:13 +0800] "GET /content/repository/resource_content.jsp?oid=1570235&queryString=%E5%AE%89%E5%85%A8%E6%A1%88%20%E7%B8%A3%E6%94%BF%E5%BA%9C HTTP/1.1" 200 34822
66.249.79.27 - - [05/Mar/2016:03:37:36 +0800] "GET /content/repository/resource_content.jsp?oid=1102630&queryString=%E6%9F%BF%E6%A8%B9%20%E6%9F%BF%E6%A8%B9%E5%B1%AC%20%E6%9F%BF%E6%A8%B9%E7%A7%91%20%E6%A4%8D%E7%89%A9%E7%95%8C%20%E8%BB%9F%E6%AF%9B%E6%9F%BF HTTP/1.1" 200 31260
66.249.71.60 - - [05/Mar/2016:03:37:59 +0800] "GET /digiarch_en/content/nav/relationSubject.jsp?relationWords=%E4%BF%A1%E8%A8%97%20%E6%9D%9C%E6%B8%85%20%E8%8F%AF%E5%8D%97%E9%8A%80%E8%A1%8C%20%E9%AB%98%E6%B9%AF%E7%9B%A4%20&oid=1887295 HTTP/1.1" 200 3558
66.249.71.105 - - [05/Mar/2016:03:38:19 +0800] "GET /content/repository/resource_content.jsp?oid=1861126&queryType=qs&queryString=%E8%A2%8B%E8%B6%B3 HTTP/1.1" 200 30364
66.249.74.61 - - [05/Mar/2016:03:38:21 +0800] "GET /content/nav/relationSubject.jsp?relationWords=&oid=2630479 HTTP/1.1" 200 1405
66.249.71.60 - - [05/Mar/2016:03:38:22 +0800] "GET /content/nav/relationSubject.jsp?relationWords=%E7%8E%89%E7%9A%87%E5%A4%A7%E5%B8%9D+%E8%81%96%E5%A3%BD+&oid=4362865 HTTP/1.1" 200 3122
66.249.74.98 - - [05/Mar/2016:03:38:38 +0800] "GET /content/nav/relationSubject.jsp?relationWords=%E7%8E%89%E7%9A%87%E5%A4%A7%E5%B8%9D%20%E8%81%96%E5%A3%BD%20&oid=4362865 HTTP/1.1" 200 3122
66.249.71.60 - - [05/Mar/2016:03:38:41 +0800] "GET /content/repository/resource_content.jsp?oid=1081608&queryString=%E6%96%B0%E6%9C%88%E7%B5%B2%E9%9A%86%E9%A0%AD%E9%AD%9A%20%E6%96%B0%E6%9C%88%E7%B5%B2%E9%B0%AD%E9%B8%9A%E9%AF%9B%20%E6%9F%B3%E5%86%B7%E4%BB%94%20%E7%B4%85%E5%A8%98%E4%BB%94%20%E9%9A%86%E9%A0%AD%E9%AD%9A%E7%A7%91 HTTP/1.1" 200 36146
66.249.71.60 - - [05/Mar/2016:03:38:42 +0800] "GET /content/repository/resource_content.jsp?oid=4353246&queryString=%E8%97%8D%E6%96%B0 HTTP/1.1" 200 33623
66.249.71.60 - - [05/Mar/2016:03:39:03 +0800] "GET /content/repository/resource_content.jsp?oid=2682828&queryType=qs&queryString=%E7%A6%81%E5%8D%92 HTTP/1.1" 200 29923
66.249.71.60 - - [05/Mar/2016:03:39:25 +0800] "GET /content/repository/resource_content.jsp?oid=2684996&queryString=%E5%B7%A5%E9%83%A8%20%E6%B8%A3%E5%9C%9F%20%E9%8A%80%E5%85%A9%20%E9%8C%A2%E6%B3%95%E5%A0%82 HTTP/1.1" 200 30312
66.249.71.60 - - [05/Mar/2016:03:39:47 +0800] "GET /content/repository/resource_content.jsp?oid=3818817&queryString=%E5%94%87%E5%BD%A2%E7%A7%91%20%E6%A4%8D%E7%89%A9%E7%95%8C%20%E7%9F%B3%E8%96%BA%E8%96%B4%20%E7%9F%B3%E8%96%BA%E8%96%B4%E5%B1%AC%20%E8%96%84%E8%8D%B7%20%E9%9B%99%E5%AD%90%E8%91%89%20%E9%9B%99%E5%AD%90%E8%91%89%E6%A4%8D%E7%89%A9 HTTP/1.1" 200 31449
66.249.79.30 - - [05/Mar/2016:03:40:09 +0800] "GET /content/subject/resource_content.jsp?oid=16777620&queryType=qs&queryString=%E4%BC%91%E9%96%92%E6%B4%BB%E5%8B%95 HTTP/1.1" 200 54823
66.249.74.98 - - [05/Mar/2016:03:40:24 +0800] "GET /content/repository/resource_content.jsp?oid=1541601 HTTP/1.1" 200 28553
66.249.71.60 - - [05/Mar/2016:03:40:31 +0800] "GET /content/repository/resource_content.jsp?oid=1599708 HTTP/1.1" 200 29129
66.249.77.91 - - [05/Mar/2016:03:40:53 +0800] "GET /content/repository/resource_content.jsp?oid=1114340&queryType=qs&queryString=%E5%B1%B1%E6%A2%97%E8%8F%9C%E5%B1%AC HTTP/1.1" 200 29924
66.249.71.60 - - [05/Mar/2016:03:41:15 +0800] "GET /content/repository/resource_content.jsp?oid=1562989 HTTP/1.1" 200 29800
207.46.13.91 - - [05/Mar/2016:03:41:35 +0800] "GET /content/repository/resource_content.jsp?oid=1095195 HTTP/1.1" 200 30723
66.249.74.72 - - [05/Mar/2016:03:41:37 +0800] "GET /digiarch3/content/repository/resource_content.jsp?oid=1626845&queryString=%E5%85%AC%E5%85%B1%E9%9B%BB%E8%A6%96%20%E5%85%AC%E6%B0%91%20%E5%85%AC%E8%A6%96 HTTP/1.1" 200 29162
66.249.77.91 - - [05/Mar/2016:03:41:58 +0800] "GET /content/repository/resource_content.jsp?oid=2568709&queryString=%E5%AE%89%E6%A0%BC%20%E7%BE%8E%E6%96%BD%20%E8%BF%85%E8%BE%A6%20%E9%97%9C%E7%A8%85%20%E9%B9%BD%E5%8B%99 HTTP/1.1" 200 30456
66.249.71.60 - - [05/Mar/2016:03:42:05 +0800] "GET /content/repository/resource_content.jsp?oid=2142731&queryString=%E8%87%AD%E9%BB%83%E8%8D%8A%E5%B1%AC HTTP/1.1" 200 31103
66.249.71.5 - - [05/Mar/2016:03:42:20 +0800] "GET /digiarch3/content/repository/resource_content.jsp?oid=4411615&queryString=%E9%99%B6%E7%92%B0 HTTP/1.1" 200 29294
66.249.74.59 - - [05/Mar/2016:03:42:28 +0800] "GET /content/nav/relationSubject.jsp?relationWords=%E5%88%91%E5%85%B7+%E5%90%8F%E9%83%A8+%E7%8F%AD%E9%A4%A8+&oid=2681684 HTTP/1.1" 200 3171
66.249.71.121 - - [05/Mar/2016:03:42:30 +0800] "GET /content/nav/relationSubject.jsp?relationWords=%E5%88%91%E5%85%B7%20%E5%90%8F%E9%83%A8%20%E7%8F%AD%E9%A4%A8%20&oid=2681684 HTTP/1.1" 200 3171
66.249.71.60 - - [05/Mar/2016:03:42:42 +0800] "GET /digiarch_en/content/repository/resource_content.jsp?oid=1529935&queryString=%E6%B0%91%E6%84%8F%20%E6%BC%81%E6%9C%83%20%E7%90%86%E4%BA%8B%E6%9C%83%20%E7%B8%A3%E6%94%BF%E5%BA%9C%20%E8%99%95%E9%95%B7%20%E9%99%B3%E6%9E%97%E9%9B%AA%E9%9C%9E%20%E9%99%B3%E7%81%AB%E5%9C%9F HTTP/1.1" 200 24086
66.249.71.60 - - [05/Mar/2016:03:43:04 +0800] "GET /content/repository/resource_content.jsp?oid=2681744&queryString=%E6%9D%B1%E4%B8%89%E7%9C%81 HTTP/1.1" 200 30177
66.249.79.30 - - [05/Mar/2016:03:43:27 +0800] "GET /content/subject/resource_content.jsp?oid=16777814&queryString=%E5%9C%8B%E9%9A%9B%E6%9B%B8%E5%B1%95%20%E6%80%9D%E6%83%B3%20%E6%96%87%E6%98%9F%20%E7%9A%87%E8%BC%BF%20%E9%87%8D%E6%85%B6%E5%8D%97%E8%B7%AF HTTP/1.1" 200 31214
66.249.71.60 - - [05/Mar/2016:03:43:48 +0800] "GET /content/repository/resource_content.jsp?oid=1530351 HTTP/1.1" 200 29043
66.249.79.186 - - [05/Mar/2016:03:44:11 +0800] "GET /content/repository/resource_content.jsp?oid=595702&queryString=%E5%BC%B5%E4%BD%9C%E9%9C%96 HTTP/1.1" 200 28615
66.249.71.105 - - [05/Mar/2016:03:44:32 +0800] "GET /content/repository/resource_content.jsp?oid=2146194&queryType=qs&queryString=%E9%9D%92%E5%89%9B%E6%AB%9F HTTP/1.1" 200 31273
66.249.71.60 - - [05/Mar/2016:03:44:54 +0800] "GET /content/repository/resource_content.jsp?oid=1518420 HTTP/1.1" 200 28471
157.55.39.228 - - [05/Mar/2016:03:45:15 +0800] "GET /content/pictures/picture_content.jsp?oid=33554739&queryType=qc HTTP/1.1" 200 27687
66.249.71.60 - - [05/Mar/2016:03:45:16 +0800] "GET /content/repository/resource_content.jsp?oid=1780002 HTTP/1.1" 200 27060
66.249.71.121 - - [05/Mar/2016:03:45:38 +0800] "GET /content/repository/resource_content.jsp?oid=1525802&queryType=qs&queryString=%E6%B3%95%E5%88%B6%E5%8C%96 HTTP/1.1" 200 29465
66.249.71.121 - - [05/Mar/2016:03:46:00 +0800] "GET /content/repository/resource_content.jsp?oid=2537362&queryType=qs&queryString=%E6%9D%8E%E5%B8%B8 HTTP/1.1" 200 29454
66.249.71.105 - - [05/Mar/2016:03:46:22 +0800] "GET /content/repository/resource_content.jsp?oid=2635345&queryType=qs&queryString=%E7%B4%85%E6%A4%BF HTTP/1.1" 200 30070
66.249.71.64 - - [05/Mar/2016:03:46:40 +0800] "GET /content/nav/relationSubject.jsp?relationWords=%E5%A4%A7%E6%88%9F%20%E5%A4%A7%E6%88%9F%E7%A7%91%20%E6%A4%8D%E7%89%A9%E7%95%8C%20%E9%87%8E%E6%A1%90%20%E9%87%8E%E6%A1%90%E5%B1%AC%20&oid=2144782 HTTP/1.1" 200 3291
66.249.71.5 - - [05/Mar/2016:03:46:44 +0800] "GET /digiarch3/content/repository/resource_content.jsp?oid=1081585&queryType=qs&queryString=%E6%8B%96%E9%87%A3 HTTP/1.1" 200 34068
157.55.39.228 - - [05/Mar/2016:03:46:55 +0800] "GET /content/pictures/picture_content.jsp?oid=33554813&queryType=qc HTTP/1.1" 200 27732
66.249.71.113 - - [05/Mar/2016:03:46:58 +0800] "GET /content/nav/relationSubject.jsp?relationWords=%E4%B9%99%E9%BC%8E+%E6%B0%B8%E5%AF%B6+%E9%9B%8D%E9%BC%8E+&oid=4365315 HTTP/1.1" 200 3290
66.249.71.105 - - [05/Mar/2016:03:47:00 +0800] "GET /content/nav/relationSubject.jsp?relationWords=%E4%B9%99%E9%BC%8E%20%E6%B0%B8%E5%AF%B6%20%E9%9B%8D%E9%BC%8E%20&oid=4365315 HTTP/1.1" 200 3290
66.249.71.64 - - [05/Mar/2016:03:47:04 +0800] "GET /content/subject/resource_content.jsp?oid=16777480&queryType=qc HTTP/1.1" 200 49147
66.249.71.64 - - [05/Mar/2016:03:47:05 +0800] "GET /content/tmp_tec/resource_content.jsp?oid=16777740 HTTP/1.1" 200 39289
66.249.74.74 - - [05/Mar/2016:03:47:11 +0800] "GET /content/repository/resource_content.jsp?oid=1899900&queryString=%E4%BA%BA%E8%A1%8C%E5%9C%B0%E4%B8%8B%E9%81%93%20%E5%85%AC%E8%B7%AF%E5%B1%80%20%E6%A0%A1%E9%96%80%E5%8F%A3%20%E8%87%BA%E5%8D%97%E7%B8%A3 HTTP/1.1" 200 30064
66.249.71.105 - - [05/Mar/2016:03:47:27 +0800] "GET /content/repository/resource_content.jsp?oid=1526940&queryType=qs&queryString=%E9%99%B3%E8%8C%82%E6%A6%9C HTTP/1.1" 200 30185
66.249.71.50 - - [05/Mar/2016:03:47:40 +0800] "GET /content/nav/relationSubject.jsp?relationWords=%E8%87%BA%E5%8C%97%E5%B8%82%20%E8%87%BA%E7%81%A3%E7%9C%81%E6%94%BF%E5%BA%9C%20%E8%B2%A1%E6%94%BF%20%E8%B2%A1%E6%94%BF%E5%BB%B3%20&oid=1897806 HTTP/1.1" 200 5479
66.249.71.72 - - [05/Mar/2016:03:47:49 +0800] "GET /content/nav/relationSubject.jsp?relationWords=%E4%BA%A4%E9%80%9A%E8%99%95+%E4%BA%A4%E9%80%9A%E9%83%A8+%E5%85%AC%E8%B7%AF%E5%B1%80+%E5%87%BA%E8%BB%8C+%E5%88%A9%E6%BD%A4+%E5%9F%BA%E9%9A%86%E6%B8%AF+%E5%9F%BA%E9%9A%86%E6%B8%AF%E5%8B%99%E5%B1%80+%E5%AE%A2%E9%81%8B+%E5%B7%A5%E7%A8%8B%E5%8F%97%E7%9B%8A%E8%B2%BB+%E6%8C%96%E5%9C%9F%E6%A9%9F+%E6%93%B4%E5%BB%BA+%E6%A2%A8%E5%B1%B1+%E6%A9%9F%E8%BB%8A+%E6%B0%91%E5%AE%85+%E6%B2%99%E9%B9%BF+%E6%B8%AF%E5%8B%99+%E6%B8%AF%E5%8B%99%E5%B1%80+%E7%81%AB%E5%8A%9B%E7%99%BC%E9%9B%BB+%E7%89%B9%E5%AE%9A%E5%8D%80+%E7%92%B0%E4%BF%9D+%E7%99%BC%E9%9B%BB%E5%BB%A0+%E7%9F%B3%E6%B2%B9+%E7%B5%B1%E8%81%AF+%E8%87%BA%E4%B8%AD%E6%B8%AF+%E8%87%BA%E4%B8%AD%E6%B8%AF%E5%8B%99%E5%B1%80+%E8%87%BA%E6%B1%BD+%E8%94%A1%E7%BE%8E+%E8%96%AA%E8%B3%87+%E8%99%95%E9%95%B7+%E8%A5%BF%E6%BF%B1+%E8%A8%AD%E8%A8%88%E5%9C%96+%E8%AD%B7%E7%90%86+%E8%B2%BB%E7%8E%87+%E8%B3%AA%E8%A9%A2+%E8%B7%AF%E6%A9%8B+%E9%81%8E%E7%81%AB+%E9%81%93%E8%B7%AF%E5%B7%A5%E7%A8%8B+%E9%83%BD%E5%B8%82%E8%A8%88%E7%95%AB+%E9%90%B5%E8%B7%AF%E5%B1%80+%E9%9D%9C%E5%AE%9C+%E9%A0%90%E7%AE%97+%E9%A2%A8%E6%99%AF%E5%8D%80+%E9%A2%A8%E6%99%AF%E7%89%B9%E5%AE%9A%E5%8D%80+%E9%A8%8E%E6%A8%93+%E9%AB%98%E9%80%9F%E5%85%AC%E8%B7%AF+%E9%AB%98%E9%80%9F%E9%90%B5%E8%B7%AF+%E9%AB%98%E9%9B%84%E6%B8%AF+%E9%AB%98%E9%9B%84%E6%B8%AF%E5%8B%99%E5%B1%80+&oid=1608327 HTTP/1.1" 200 8290
66.249.74.59 - - [05/Mar/2016:03:47:51 +0800] "GET /content/repository/resource_content.jsp?oid=1531291&queryType=qs&queryString=%E5%85%B5%E5%B7%A5%E5%BB%A0 HTTP/1.1" 200 31233
157.55.39.228 - - [05/Mar/2016:03:47:55 +0800] "GET /content/repository/resource_content.jsp?oid=1123937&queryString=%E5%A4%9A%E6%A8%A3%E6%80%A7%20%E9%AD%AF%E5%87%B1%E6%97%8F%20%E9%B8%9A%E9%B5%A1%E8%9E%BA HTTP/1.1" 200 34009
66.249.77.85 - - [05/Mar/2016:03:48:07 +0800] "GET /content/nav/relationSubject.jsp?relationWords=%E5%8F%B2%E6%87%8B%E5%A3%BA+%E7%88%B6%E4%B8%81+&oid=3354800 HTTP/1.1" 200 3239
66.249.71.60 - - [05/Mar/2016:03:48:11 +0800] "GET /content/repository/resource_content.jsp?oid=16222 HTTP/1.1" 200 30715
66.249.71.60 - - [05/Mar/2016:03:48:17 +0800] "GET /content/nav/relationSubject.jsp?relationWords=%E4%BA%A4%E9%80%9A%E8%99%95%20%E4%BA%A4%E9%80%9A%E9%83%A8%20%E5%85%AC%E8%B7%AF%E5%B1%80%20%E5%87%BA%E8%BB%8C%20%E5%88%A9%E6%BD%A4%20%E5%9F%BA%E9%9A%86%E6%B8%AF%20%E5%9F%BA%E9%9A%86%E6%B8%AF%E5%8B%99%E5%B1%80%20%E5%AE%A2%E9%81%8B%20%E5%B7%A5%E7%A8%8B%E5%8F%97%E7%9B%8A%E8%B2%BB%20%E6%8C%96%E5%9C%9F%E6%A9%9F%20%E6%93%B4%E5%BB%BA%20%E6%A2%A8%E5%B1%B1%20%E6%A9%9F%E8%BB%8A%20%E6%B0%91%E5%AE%85%20%E6%B2%99%E9%B9%BF%20%E6%B8%AF%E5%8B%99%20%E6%B8%AF%E5%8B%99%E5%B1%80%20%E7%81%AB%E5%8A%9B%E7%99%BC%E9%9B%BB%20%E7%89%B9%E5%AE%9A%E5%8D%80%20%E7%92%B0%E4%BF%9D%20%E7%99%BC%E9%9B%BB%E5%BB%A0%20%E7%9F%B3%E6%B2%B9%20%E7%B5%B1%E8%81%AF%20%E8%87%BA%E4%B8%AD%E6%B8%AF%20%E8%87%BA%E4%B8%AD%E6%B8%AF%E5%8B%99%E5%B1%80%20%E8%87%BA%E6%B1%BD%20%E8%94%A1%E7%BE%8E%20%E8%96%AA%E8%B3%87%20%E8%99%95%E9%95%B7%20%E8%A5%BF%E6%BF%B1%20%E8%A8%AD%E8%A8%88%E5%9C%96%20%E8%AD%B7%E7%90%86%20%E8%B2%BB%E7%8E%87%20%E8%B3%AA%E8%A9%A2%20%E8%B7%AF%E6%A9%8B%20%E9%81%8E%E7%81%AB%20%E9%81%93%E8%B7%AF%E5%B7%A5%E7%A8%8B%20%E9%83%BD%E5%B8%82%E8%A8%88%E7%95%AB%20%E9%90%B5%E8%B7%AF%E5%B1%80%20%E9%9D%9C%E5%AE%9C%20%E9%A0%90%E7%AE%97%20%E9%A2%A8%E6%99%AF%E5%8D%80%20%E9%A2%A8%E6%99%AF%E7%89%B9%E5%AE%9A%E5%8D%80%20%E9%A8%8E%E6%A8%93%20%E9%AB%98%E9%80%9F%E5%85%AC%E8%B7%AF%20%E9%AB%98%E9%80%9F%E9%90%B5%E8%B7%AF%20%E9%AB%98%E9%9B%84%E6%B8%AF%20%E9%AB%98%E9%9B%84%E6%B8%AF%E5%8B%99%E5%B1%80%20&oid=1608327 HTTP/1.1" 200 8290
121.254.88.115 - - [05/Mar/2016:03:48:22 +0800] "GET /content/subject/resource_content.jsp?oid=16797240&queryType=qc HTTP/1.1" 200 42460
121.254.88.115 - - [05/Mar/2016:03:48:23 +0800] "GET /content/nav/relationSubject.jsp?relationWords=&oid=16797240 HTTP/1.1" 200 1405
68.180.228.187 - - [05/Mar/2016:03:48:25 +0800] "GET /content/subject/resource_content.jsp?oid=16777268&queryType=qc HTTP/1.1" 200 42316
66.249.74.98 - - [05/Mar/2016:03:48:32 +0800] "GET /content/nav/relationSubject.jsp?relationWords=%E8%9D%A6%E8%99%8E%20%E8%9D%A6%E8%99%8E%E7%A7%91%20%E8%9D%A6%E8%99%8E%E9%AD%9A%20&oid=16144 HTTP/1.1" 200 3292
66.249.71.105 - - [05/Mar/2016:03:48:34 +0800] "GET /content/repository/resource_content.jsp?oid=2670900&queryType=qs&queryString=%E7%A5%AD%E6%96%87 HTTP/1.1" 200 30041
157.55.39.228 - - [05/Mar/2016:03:48:35 +0800] "GET /content/repository/resource_content.jsp?oid=1631849 HTTP/1.1" 200 28730
66.249.71.105 - - [05/Mar/2016:03:48:55 +0800] "GET /content/repository/resource_content.jsp?oid=2683351&queryType=qs&queryString=%E6%B7%AE%E5%AE%89 HTTP/1.1" 200 30082
66.249.71.60 - - [05/Mar/2016:03:49:17 +0800] "GET /digiarch_en/content/subject/resource_content.jsp?oid=16777366&queryType=qs&queryString=%E9%9B%99%E8%83%9E%E8%83%8E HTTP/1.1" 200 29363
66.249.71.60 - - [05/Mar/2016:03:49:39 +0800] "GET /content/repository/resource_content.jsp?oid=2673288 HTTP/1.1" 200 29842
66.249.74.61 - - [05/Mar/2016:03:50:24 +0800] "GET /content/repository/resource_content.jsp?oid=4352255&queryType=qs&queryString=%E7%A6%8F%E6%B0%8F%E5%88%BA%E5%B0%BB%E9%AD%9A HTTP/1.1" 200 36211
66.249.71.105 - - [05/Mar/2016:03:50:33 +0800] "GET /content/repository/resource_content.jsp?oid=1884410&queryType=qs&queryString=%E8%9A%8C%E5%88%80 HTTP/1.1" 200 28473
66.249.71.105 - - [05/Mar/2016:03:50:46 +0800] "GET /content/nav/relationSubject.jsp?relationWords=%E5%99%B6%E7%91%AA%E8%98%AD+%E5%99%B6%E7%91%AA%E8%98%AD%E6%97%8F+&oid=1774595 HTTP/1.1" 200 3120
66.249.71.105 - - [05/Mar/2016:03:50:50 +0800] "GET /content/nav/relationSubject.jsp?relationWords=%E5%99%B6%E7%91%AA%E8%98%AD%20%E5%99%B6%E7%91%AA%E8%98%AD%E6%97%8F%20&oid=1774595 HTTP/1.1" 200 3120
68.180.228.187 - - [05/Mar/2016:03:51:00 +0800] "GET /content/repository/resource_content.jsp?oid=1530930&queryType=qs& HTTP/1.1" 200 28555
66.249.74.98 - - [05/Mar/2016:03:51:29 +0800] "GET /content/repository/resource_content.jsp?oid=1773923 HTTP/1.1" 200 28232
66.249.74.98 - - [05/Mar/2016:03:52:13 +0800] "GET /content/repository/resource_content.jsp?oid=2551501 HTTP/1.1" 200 28860
66.249.71.60 - - [05/Mar/2016:03:52:17 +0800] "GET /content/repository/resource_content.jsp?oid=1612598 HTTP/1.1" 200 28675
66.249.71.60 - - [05/Mar/2016:03:52:35 +0800] "GET /digiarch_en/content/subject/resource_content.jsp?oid=16777730&queryString=%E5%A4%9A%E5%AA%92%E9%AB%94%20%E5%AA%92%E9%AB%94 HTTP/1.1" 200 42836
157.55.39.228 - - [05/Mar/2016:03:52:36 +0800] "GET /content/repository/resource_content.jsp?oid=1809998&queryString=%E5%85%AB%E5%88%86%E6%9B%B8%20%E5%B1%B1%E6%9D%B1%E5%98%89%E7%A5%A5%20%E5%BB%BA%E7%AF%89%E7%95%AB%20%E6%9C%B1%E6%98%8E%20%E6%9D%8E%E5%96%84%20%E6%AD%A6%E6%A2%81%E7%A5%A0%20%E6%AD%A6%E6%A2%81%E7%A5%A0%E7%95%AB%E5%83%8F%20%E6%AD%A6%E6%B0%8F%E7%A5%A0%E5%BE%8C%E7%9F%B3%E5%AE%A4%20%E7%A5%9E%E8%A9%B1%E6%95%85%E4%BA%8B%20%E7%A7%A6%E7%8E%8B%20%E7%AE%A1%E4%BB%B2%20%E8%91%A3%E6%B0%B8%20%E9%81%BA%E5%AD%A4%20%E9%87%91%E8%80%85%20%E9%A8%8E%E9%83%BD%E5%B0%89%20%E9%BD%8A%E6%A1%93%E5%85%AC HTTP/1.1" 200 45014
66.249.71.60 - - [05/Mar/2016:03:52:56 +0800] "GET /content/repository/resource_content.jsp?oid=1899210 HTTP/1.1" 200 29410
157.55.39.228 - - [05/Mar/2016:03:53:15 +0800] "GET /content/repository/resource_content.jsp?oid=1897806&queryString=%E6%BC%81%E6%9C%83%20%E7%9C%81%E6%94%BF%E5%BA%9C%20%E9%99%B3%E7%81%AB%E5%9C%9F HTTP/1.1" 200 30169
66.249.71.105 - - [05/Mar/2016:03:53:18 +0800] "GET /content/repository/resource_content.jsp?oid=724501&queryType=qs&queryString=%E8%86%A0%E6%9D%B1 HTTP/1.1" 200 29233
157.55.39.228 - - [05/Mar/2016:03:53:36 +0800] "GET /content/repository/resource_content.jsp?oid=523925 HTTP/1.1" 200 35040
66.249.71.60 - - [05/Mar/2016:03:53:40 +0800] "GET /content/repository/resource_content.jsp?oid=1898636 HTTP/1.1" 200 29504
66.249.77.91 - - [05/Mar/2016:03:53:56 +0800] "GET /content/repository/resource_content.jsp?oid=1550542&queryType=qs&queryString=%E5%8B%9E%E4%BD%9C HTTP/1.1" 200 29197
66.249.71.60 - - [05/Mar/2016:03:54:02 +0800] "GET /content/repository/resource_content.jsp?oid=3125051 HTTP/1.1" 200 28959
66.249.79.186 - - [05/Mar/2016:03:54:25 +0800] "GET /content/repository/resource_content.jsp?oid=4363098&queryType=qs&queryString=%E6%A5%B5%E6%A8%82%E4%B8%96%E7%95%8C HTTP/1.1" 200 32416
66.249.71.105 - - [05/Mar/2016:03:54:46 +0800] "GET /content/repository/resource_content.jsp?oid=1524200&queryType=qs&queryString=%E9%A0%AD%E7%A4%BE HTTP/1.1" 200 28788
66.249.74.61 - - [05/Mar/2016:03:55:08 +0800] "GET /content/repository/resource_content.jsp?oid=1195363&queryType=qs&queryString=%E5%A4%A7%E6%9D%B1%E4%BA%9E%E5%85%B1%E6%A6%AE%E5%9C%88 HTTP/1.1" 200 29550
66.249.71.60 - - [05/Mar/2016:03:55:17 +0800] "GET /content/nav/relationSubject.jsp?relationWords=%E6%9F%84%E7%9C%BC%E7%9B%AE%20%E8%85%B9%E8%B6%B3%E7%B6%B1%20%E8%BB%9F%E9%AB%94%E5%8B%95%E7%89%A9%E9%96%80%20%E9%9D%92%E9%B1%89%E7%94%B2%E8%9D%B8%E7%89%9B%20%E9%B1%89%E7%94%B2%E8%9D%B8%E7%89%9B%E7%A7%91%20&oid=4548735 HTTP/1.1" 200 3487
66.249.74.98 - - [05/Mar/2016:03:55:30 +0800] "GET /digiarch_en/content/repository/resource_content.jsp?oid=16513&queryString=%E6%B5%B7%E7%89%9B%E6%B8%AF%20%E7%AE%B1%E6%B2%B3%E9%AD%A8%20%E7%AE%B1%E9%AD%A8%20%E8%A7%92%E7%AE%B1%E9%AD%A8%20%E9%AD%A8%E7%A7%91 HTTP/1.1" 200 28765
66.249.74.98 - - [05/Mar/2016:03:55:38 +0800] "GET /content/repository/resource_content.jsp?oid=2689811 HTTP/1.1" 200 29877
66.249.71.60 - - [05/Mar/2016:03:55:52 +0800] "GET /content/repository/resource_content.jsp?oid=2146444&queryString=%E5%A4%A7%E6%88%9F%20%E5%A4%A7%E6%88%9F%E7%A7%91%20%E6%A4%8D%E7%89%A9%E7%95%8C%20%E8%A1%80%E6%A1%90%20%E8%A1%80%E6%A1%90%E5%B1%AC HTTP/1.1" 200 31138
68.180.228.187 - - [05/Mar/2016:03:56:11 +0800] "GET /digiarch_en/content/subject/resource_content.jsp?oid=16777693&queryType=qc HTTP/1.1" 200 32351
66.249.71.60 - - [05/Mar/2016:03:56:14 +0800] "GET /content/repository/resource_content.jsp?oid=1546128&queryString=%E4%BB%A5%E7%AC%A6%E5%AF%A6%E9%9A%9B%E6%A1%88%20%E8%B2%A7%E6%B0%91%E6%96%BD%E9%86%AB HTTP/1.1" 200 29227
207.46.13.51 - - [05/Mar/2016:03:56:14 +0800] "GET /content/nav/relationSubject.jsp?relationWords=%E8%8B%A6%E8%8B%93+&oid=16777317 HTTP/1.1" 200 3183
207.241.229.225 - - [05/Mar/2016:03:56:17 +0800] "GET /content/pictures/picture_content.jsp?oid=33554696 HTTP/1.0" 200 27673
66.249.71.60 - - [05/Mar/2016:03:56:36 +0800] "GET /content/repository/resource_content.jsp?oid=1102005&queryString=%E8%86%9C%E8%95%A8%E5%B1%AC%20%E8%8F%AF%E6%9D%B1%E8%86%9C%E8%95%A8%20%E8%95%A8%E5%B1%AC HTTP/1.1" 200 30939
157.55.39.228 - - [05/Mar/2016:03:56:55 +0800] "GET /content/repository/resource_content.jsp?oid=523999&queryType=qc HTTP/1.1" 200 36378
66.249.71.60 - - [05/Mar/2016:03:56:57 +0800] "GET /content/repository/resource_content.jsp?oid=2521342&queryString=%E5%AE%8B%E6%99%AF%20%E6%B8%85%E4%BF%A1%E5%A5%B3%20%E9%80%A0%E5%83%8F%E8%A8%98%20%E9%87%8B%E8%BF%A6%E5%83%8F HTTP/1.1" 200 30027
66.249.71.60 - - [05/Mar/2016:03:57:19 +0800] "GET /content/repository/resource_content.jsp?oid=738715&queryString=%E4%BA%BA%E5%90%8D%E6%AC%8A%E5%A8%81%20%E5%A4%8F%E8%A9%92%E9%9C%86%20%E9%80%83%E4%BF%98 HTTP/1.1" 200 29116
66.249.71.5 - - [05/Mar/2016:03:57:21 +0800] "GET /digiarch3/content/repository/resource_content.jsp?oid=2671114&queryString=%E5%A0%82%E9%8A%9C%20%E7%BF%B0%E6%9E%97%E9%99%A2%20%E9%99%A2%E4%BE%8D HTTP/1.1" 200 30228
66.249.74.54 - - [05/Mar/2016:03:57:42 +0800] "GET /content/repository/resource_content.jsp?oid=2148006&queryString=%E8%99%8E%E7%88%AA HTTP/1.1" 200 31177
66.249.71.60 - - [05/Mar/2016:03:58:03 +0800] "GET /content/repository/resource_content.jsp?oid=1081684&queryString=%E5%9B%9B%E9%BD%92%20%E5%9B%9B%E9%BD%92%E9%AD%A8%20%E8%A6%8F%E4%BB%94%20%E9%AD%A8%E7%A7%91%20%E9%BB%83%E5%B8%B6%E7%AA%84%E9%A1%8D%E9%AD%A8 HTTP/1.1" 200 33997
66.249.74.98 - - [05/Mar/2016:03:58:26 +0800] "GET /content/repository/resource_content.jsp?oid=2668748&queryType=qs&queryString=%E4%B8%AD%E6%9B%B8%E7%8E%8B HTTP/1.1" 200 29958
66.249.71.60 - - [05/Mar/2016:03:58:47 +0800] "GET /content/repository/resource_content.jsp?oid=1081366&queryString=%E5%90%BB%E9%B0%BB%20%E7%AA%81%E5%90%BB%E9%B0%BB%20%E7%B3%AF%E9%B0%BB%20%E9%B0%BB%E7%A7%91 HTTP/1.1" 200 30837
66.249.71.113 - - [05/Mar/2016:03:59:01 +0800] "GET /content/repository/resource_content.jsp?oid=1893773&queryType=qs&queryString=%E9%8D%BE%E7%B4%B9%E5%92%8C HTTP/1.1" 200 28936
66.249.71.113 - - [05/Mar/2016:03:59:08 +0800] "GET /content/nav/relationSubject.jsp?relationWords=%E4%BB%99%E6%BA%AA+%E5%85%AC%E5%BB%B3+%E5%85%AC%E9%96%8B%E6%8B%9B%E6%A8%99+%E5%B7%A5%E7%A8%8B%E6%96%BD%E5%B7%A5+%E5%B7%A5%E7%A8%8B%E8%B2%BB+%E6%8A%80%E8%A1%93%E4%BA%BA%E5%93%A1+%E6%9B%BE%E6%96%87%E6%B0%B4%E5%BA%AB+%E6%A5%A0%E6%A2%93+%E6%B0%B4%E5%9C%9F%E4%BF%9D%E6%8C%81+%E6%B0%B4%E5%A3%A9+%E6%B0%B4%E6%AC%8A+%E7%AB%B9%E5%B1%8B+%E7%B4%B0%E8%8F%8C+%E8%85%A6%E7%82%8E+&oid=1569515 HTTP/1.1" 200 5500
66.249.74.98 - - [05/Mar/2016:03:59:11 +0800] "GET /content/repository/resource_content.jsp?oid=2521114&queryString=%E9%8E%AE%E8%87%A3 HTTP/1.1" 200 30116
66.249.71.105 - - [05/Mar/2016:03:59:11 +0800] "GET /content/nav/relationSubject.jsp?relationWords=%E4%BB%99%E6%BA%AA%20%E5%85%AC%E5%BB%B3%20%E5%85%AC%E9%96%8B%E6%8B%9B%E6%A8%99%20%E5%B7%A5%E7%A8%8B%E6%96%BD%E5%B7%A5%20%E5%B7%A5%E7%A8%8B%E8%B2%BB%20%E6%8A%80%E8%A1%93%E4%BA%BA%E5%93%A1%20%E6%9B%BE%E6%96%87%E6%B0%B4%E5%BA%AB%20%E6%A5%A0%E6%A2%93%20%E6%B0%B4%E5%9C%9F%E4%BF%9D%E6%8C%81%20%E6%B0%B4%E5%A3%A9%20%E6%B0%B4%E6%AC%8A%20%E7%AB%B9%E5%B1%8B%20%E7%B4%B0%E8%8F%8C%20%E8%85%A6%E7%82%8E%20&oid=1569515 HTTP/1.1" 200 5500
66.249.74.59 - - [05/Mar/2016:03:59:23 +0800] "GET /content/nav/relationSubject.jsp?relationWords=%E6%9D%9C%E9%A6%99%E5%9C%8B%20%E8%B3%80%E5%B9%B4%E6%98%8E%E4%BF%A1%E7%89%87%20%E9%84%AD%E8%82%87%E5%9F%BA%20&oid=1887608 HTTP/1.1" 200 3237
66.249.71.60 - - [05/Mar/2016:03:59:31 +0800] "GET /content/repository/resource_content.jsp?oid=1459565&queryString=%E5%8F%B0%E7%81%A3%E8%8F%AF%E5%B1%B1%E6%9D%BE%20%E6%9D%BE%E5%B1%AC%20%E6%9D%BE%E6%9D%89%20%E6%9D%BE%E7%A7%91%20%E6%A4%8D%E7%89%A9%E7%95%8C%20%E6%AF%AC%E6%9E%9C%20%E8%8F%AF%E5%B1%B1%E6%9D%BE HTTP/1.1" 200 31389
66.249.71.60 - - [05/Mar/2016:03:59:53 +0800] "GET /content/repository/resource_content.jsp?oid=2676232&queryString=%E4%BE%BF%E6%B0%91%20%E5%B0%8F%E5%9E%8B%E6%8A%BD%E6%B0%B4%E6%A9%9F%20%E5%BB%BA%E8%A8%AD%E5%BB%B3%20%E8%BE%B2%E7%94%B0%E6%B0%B4%E5%88%A9%E6%9C%83 HTTP/1.1" 200 30285
66.249.71.60 - - [05/Mar/2016:04:00:15 +0800] "GET /content/repository/resource_content.jsp?oid=1531358&queryString=%E5%AE%89%E5%B9%B3%E5%8D%80%20%E6%BC%81%E6%9C%83%20%E7%9C%81%E6%94%BF%E5%BA%9C%20%E8%87%BA%E5%8D%97%E5%B8%82 HTTP/1.1" 200 31026
66.249.71.105 - - [05/Mar/2016:04:00:29 +0800] "GET /content/nav/relationSubject.jsp?relationWords=%E5%AF%A9%E6%93%AC%E7%8E%8B+&oid=2673627 HTTP/1.1" 200 3105
66.249.71.60 - - [05/Mar/2016:04:00:37 +0800] "GET /content/repository/resource_content.jsp?oid=1814183&queryString=%E5%8F%AC%E4%B8%AD%E4%B9%8D%E7%94%9F%E5%A6%A3%E9%AC%B2%20%E5%8F%AC%E4%BB%B2%E9%AC%B2%20%E6%B0%B8%E5%AF%B6%20%E9%A1%8C%E8%A8%98 HTTP/1.1" 200 34265
66.249.71.60 - - [05/Mar/2016:04:00:59 +0800] "GET /content/repository/resource_content.jsp?oid=1108583&queryString=%E5%9C%93%E8%91%89%20%E5%9C%93%E8%91%89%E9%8C%A6%E8%91%B5%20%E6%A4%8D%E7%89%A9%E7%95%8C%20%E9%8C%A6%E8%91%B5%20%E9%8C%A6%E8%91%B5%E5%B1%AC%20%E9%8C%A6%E8%91%B5%E7%A7%91 HTTP/1.1" 200 30079
114.136.86.159 - - [05/Mar/2016:04:01:20 +0800] "GET /content/nav/relationSubject.jsp?relationWords=%E5%9D%AA%E6%9E%97%E7%A7%8B%E6%B5%B7%E6%A3%A0+%E7%A7%8B%E6%B5%B7%E6%A3%A0+&oid=16777493 HTTP/1.1" 200 4931
66.249.71.60 - - [05/Mar/2016:04:01:21 +0800] "GET /content/repository/resource_content.jsp?oid=2675297&queryString=%E4%BA%BA%E5%90%8D%E6%AC%8A%E5%A8%81%20%E6%9B%B9%E6%B1%9D%E9%9C%96%20%E6%9C%B1%E9%82%87%E5%85%B8%20%E6%B1%9D%E9%9C%96%20%E7%A7%9F%E7%95%8C HTTP/1.1" 200 30122
66.249.71.60 - - [05/Mar/2016:04:01:43 +0800] "GET /content/repository/resource_content.jsp?oid=1897846&queryString=%E4%BA%A4%E9%80%9A%E5%AE%89%E5%85%A8%20%E5%AE%89%E5%85%A8%E6%A1%88%20%E8%87%BA%E5%8C%97%E5%B8%82 HTTP/1.1" 200 30310
66.249.71.60 - - [05/Mar/2016:04:02:05 +0800] "GET /content/repository/resource_content.jsp?oid=1114966&queryString=%E5%B0%8F%E6%9D%9C%E8%8B%A5%20%E5%B7%9D%E6%9D%9C%E8%8B%A5%20%E6%9D%9C%E8%8B%A5%20%E6%9D%9C%E8%8B%A5%E5%B1%AC%20%E6%A4%8D%E7%89%A9%E7%95%8C%20%E9%B4%A8%E8%B7%96%E8%8D%89%20%E9%B4%A8%E8%B7%96%E8%8D%89%E7%A7%91 HTTP/1.1" 200 31697
66.249.71.60 - - [05/Mar/2016:04:02:26 +0800] "GET /content/repository/resource_content.jsp?oid=1896430&queryType=qs&queryString=%E7%A0%94%E8%A8%8E%E6%9C%83 HTTP/1.1" 200 29086
66.249.71.60 - - [05/Mar/2016:04:02:48 +0800] "GET /content/repository/resource_content.jsp?oid=1901228 HTTP/1.1" 200 31280
66.249.79.24 - - [05/Mar/2016:04:03:11 +0800] "GET /content/repository/resource_content.jsp?oid=3812402&queryString=%E5%A4%A7%E6%89%81%E9%9B%80%E9%BA%A5%20%E9%9B%80%E9%BA%A5%E5%B1%AC HTTP/1.1" 200 31180
66.249.71.5 - - [05/Mar/2016:04:03:32 +0800] "GET /digiarch3/content/subject/resource_content.jsp?oid=16777398&queryString=%E5%8D%97%E6%B9%96%E5%A4%A7%E5%B1%B1%20%E6%9D%9C%E9%B5%91%20%E7%8E%89%E5%B1%B1%E6%9D%9C%E9%B5%91%20%E7%B4%B0%E8%91%89%E6%9D%9C%E9%B5%91%20%E8%A5%BF%E6%96%BD%E8%8A%B1 HTTP/1.1" 200 28939
66.249.71.113 - - [05/Mar/2016:04:03:59 +0800] "GET /content/nav/relationSubject.jsp?relationWords=%E6%9D%8E%E7%82%B3%E7%9B%9B%20%E8%B3%AA%E8%A9%A2%20&oid=1568129 HTTP/1.1" 200 4861
66.249.71.60 - - [05/Mar/2016:04:04:06 +0800] "GET /content/repository/resource_content.jsp?oid=1591131 HTTP/1.1" 200 28324
66.249.71.60 - - [05/Mar/2016:04:04:16 +0800] "GET /content/repository/resource_content.jsp?oid=1099933&queryString=%E5%B1%B1%E6%A1%94%E6%A2%97%20%E5%B1%B1%E6%A1%94%E6%A2%97%E5%B1%AC%20%E6%A1%94%E6%A2%97%20%E6%A1%94%E6%A2%97%E7%A7%91%20%E6%A4%8D%E7%89%A9%E7%95%8C HTTP/1.1" 200 31080
66.249.77.85 - - [05/Mar/2016:04:05:20 +0800] "GET /content/repository/resource_content.jsp?oid=1533155&queryString=%E6%A9%9F%E6%A2%B0%20%E7%B6%93%E6%BF%9F%E9%83%A8 HTTP/1.1" 200 29415
66.249.77.91 - - [05/Mar/2016:04:05:30 +0800] "GET /content/repository/resource_content.jsp?oid=2679008&queryType=qs&queryString=%E5%B0%9A%E5%AE%89 HTTP/1.1" 200 30133
207.46.13.91 - - [05/Mar/2016:04:05:36 +0800] "GET /content/repository/resource_content.jsp?oid=1777702 HTTP/1.1" 200 31647
66.249.71.164 - - [05/Mar/2016:04:05:39 +0800] "GET /content/subject/resource_content.jsp?oid=16777743&queryString= HTTP/1.1" 200 32573
66.249.71.60 - - [05/Mar/2016:04:05:47 +0800] "GET /content/repository/resource_content.jsp?oid=1896394 HTTP/1.1" 200 29095
66.249.71.60 - - [05/Mar/2016:04:05:53 +0800] "GET /content/repository/resource_content.jsp?oid=3815207&queryString=%E5%B0%8F%E8%A5%BF%E6%B0%8F%E7%81%B0%E6%9C%A8%20%E7%81%B0%E6%9C%A8%20%E7%81%B0%E6%9C%A8%E5%B1%AC HTTP/1.1" 200 31116
66.249.71.60 - - [05/Mar/2016:04:06:06 +0800] "GET /content/repository/resource_content.jsp?oid=2681124&queryString=%E5%90%8F%E9%83%A8%20%E5%A4%A7%E4%BD%BF%20%E8%A8%B1%E5%BF%97 HTTP/1.1" 200 30464
66.249.79.24 - - [05/Mar/2016:04:06:28 +0800] "GET /content/repository/resource_content.jsp?oid=4353619&queryString=%E6%A9%AB%E5%B8%B6%20%E6%B2%99%E9%B0%8D HTTP/1.1" 200 33512
66.249.77.91 - - [05/Mar/2016:04:06:50 +0800] "GET /content/repository/resource_content.jsp?oid=1603411&queryString=%E6%96%B0%E6%A0%A1%E8%88%8D%20%E7%90%86%E4%BA%8B%E6%9C%83%20%E8%90%BD%E6%88%90%E5%BC%8F HTTP/1.1" 200 31831
66.249.79.186 - - [05/Mar/2016:04:07:12 +0800] "GET /content/repository/resource_content.jsp?oid=1872819&queryString=%E5%99%A8%E7%AF%84%20%E5%A4%96%E7%AF%84 HTTP/1.1" 200 30096
66.249.71.72 - - [05/Mar/2016:04:07:32 +0800] "GET /content/nav/relationSubject.jsp?relationWords=%E5%A0%B1%E6%98%A5%E8%8A%B1+%E6%A4%8D%E7%89%A9%E7%95%8C+%E7%B4%AB%E9%87%91%E7%89%9B%E5%B1%AC+%E7%B4%AB%E9%87%91%E7%89%9B%E7%A7%91+%E8%BC%AA%E8%91%89%E7%B4%AB%E9%87%91%E7%89%9B+&oid=3821880 HTTP/1.1" 200 3410
66.249.71.72 - - [05/Mar/2016:04:07:36 +0800] "GET /content/nav/relationSubject.jsp?relationWords=%E5%A0%B1%E6%98%A5%E8%8A%B1%20%E6%A4%8D%E7%89%A9%E7%95%8C%20%E7%B4%AB%E9%87%91%E7%89%9B%E5%B1%AC%20%E7%B4%AB%E9%87%91%E7%89%9B%E7%A7%91%20%E8%BC%AA%E8%91%89%E7%B4%AB%E9%87%91%E7%89%9B%20&oid=3821880 HTTP/1.1" 200 3410
66.249.71.64 - - [05/Mar/2016:04:07:55 +0800] "GET /content/repository/resource_content.jsp?oid=1111070&queryString=%E5%A4%BE%E7%AB%B9%E6%A1%83%E7%A7%91%20%E5%B1%B1%E9%A6%AC%E8%8C%B6%20%E6%A4%8D%E7%89%A9%E7%95%8C%20%E9%A6%AC%E8%8C%B6%E8%8A%B1%20%E9%A6%AC%E8%B9%84%E8%8A%B1%20%E9%A6%AC%E8%B9%84%E8%8A%B1%E5%B1%AC%20%E9%BE%8D%E8%86%BD HTTP/1.1" 200 31456
66.249.77.91 - - [05/Mar/2016:04:08:20 +0800] "GET /content/subject/resource_content.jsp?oid=16777824&queryType=qs&queryString=%E4%BA%8C%E4%BB%81%E6%BA%AA HTTP/1.1" 200 42425
66.249.71.60 - - [05/Mar/2016:04:08:40 +0800] "GET /content/repository/resource_content.jsp?oid=14420&queryString=%E7%9B%9B%E5%85%B7%20%E7%B0%B8%E7%AE%95 HTTP/1.1" 200 34640
68.180.228.187 - - [05/Mar/2016:04:08:58 +0800] "GET /digiarch_en/content/subject/resource_content.jsp?oid=16777742&queryType=qc HTTP/1.1" 200 34488
66.249.71.60 - - [05/Mar/2016:04:09:01 +0800] "GET /content/repository/resource_content.jsp?oid=1579909&queryType=qs&queryString=%E9%85%92%E6%B3%89%E8%A1%97 HTTP/1.1" 200 47263
66.249.71.60 - - [05/Mar/2016:04:09:11 +0800] "GET /digiarch_en/content/repository/resource_content.jsp?oid=2635409&queryString=%E8%A3%9C%E5%8F%83%E5%B0%87%20%E9%87%91%E6%B3%B0 HTTP/1.1" 200 24235
66.249.71.60 - - [05/Mar/2016:04:09:25 +0800] "GET /content/repository/resource_content.jsp?oid=1547669 HTTP/1.1" 200 29273
66.249.77.91 - - [05/Mar/2016:04:09:45 +0800] "GET /content/repository/resource_content.jsp?oid=1546768&queryString=%E5%8F%8B%E6%AC%BD%20%E6%95%88%E7%8E%87%20%E6%AA%94%E6%A1%88%E7%AE%A1%E7%90%86%20%E8%A8%B4%E9%A1%98%20%E8%B5%B7%E8%A8%B4%E9%A1%98 HTTP/1.1" 200 29235
66.249.79.30 - - [05/Mar/2016:04:10:07 +0800] "GET /content/repository/resource_content.jsp?oid=1810432&queryString=%E5%B0%91%E5%AE%A4%20%E5%B0%91%E5%AE%A4%E6%9D%B1%E9%97%95 HTTP/1.1" 200 34806
68.180.228.187 - - [05/Mar/2016:04:10:28 +0800] "GET /digiarch_en/content/subject/resource_content.jsp?oid=16777360&queryType=qc HTTP/1.1" 200 42765
66.249.71.60 - - [05/Mar/2016:04:10:30 +0800] "GET /content/repository/resource_content.jsp?oid=2605240 HTTP/1.1" 200 29147
66.249.79.30 - - [05/Mar/2016:04:10:51 +0800] "GET /content/subject/resource_content.jsp?oid=16777230&queryType=qs&queryString=%E6%96%87%E7%89%A9%E9%A4%A8 HTTP/1.1" 200 28908
66.249.71.60 - - [05/Mar/2016:04:10:53 +0800] "GET /content/repository/resource_content.jsp?oid=2676580 HTTP/1.1" 200 29962
66.249.71.5 - - [05/Mar/2016:04:11:13 +0800] "GET /digiarch3/content/repository/resource_content.jsp?oid=1546823&queryString=%E4%BA%8C%E4%BA%8C%E5%BA%9C%20%E5%85%A7%E6%94%BF%E9%83%A8%20%E5%9C%B0%E6%96%B9%E6%94%BF%E5%BA%9C%20%E9%83%BD%E5%B8%82%E8%A8%88%E7%95%AB%20%E9%83%BD%E5%B8%82%E8%A8%88%E7%95%AB%E6%B3%95 HTTP/1.1" 200 29800
66.249.71.5 - - [05/Mar/2016:04:11:37 +0800] "GET /digiarch3/content/subject/resource_content.jsp?oid=16777714&queryType=qs&queryString=%E6%97%A5%E6%93%9A%E6%99%82%E6%9C%9F HTTP/1.1" 200 42359
66.249.71.121 - - [05/Mar/2016:04:11:57 +0800] "GET /content/repository/resource_content.jsp?oid=4363744&queryType=qs&queryString=%E5%AE%8B%E6%B1%9F%E9%99%A3 HTTP/1.1" 200 28768
66.249.71.59 - - [05/Mar/2016:04:12:09 +0800] "GET /content/nav/relationSubject.jsp?relationWords=%E6%A7%8D%E9%A0%AD%E7%9F%B3%E6%96%91%E9%AD%9A+%E9%81%8E%E9%AD%9A+%E9%9E%8D%E5%B8%B6%E7%9F%B3%E6%96%91%E9%AD%9A+%E9%AE%A8%E7%A7%91+%E9%BE%8D%E8%86%BD%E7%9F%B3%E6%96%91+&oid=4353498 HTTP/1.1" 200 3601
66.249.71.41 - - [05/Mar/2016:04:12:11 +0800] "GET /content/nav/relationSubject.jsp?relationWords=%E6%A7%8D%E9%A0%AD%E7%9F%B3%E6%96%91%E9%AD%9A%20%E9%81%8E%E9%AD%9A%20%E9%9E%8D%E5%B8%B6%E7%9F%B3%E6%96%91%E9%AD%9A%20%E9%AE%A8%E7%A7%91%20%E9%BE%8D%E8%86%BD%E7%9F%B3%E6%96%91%20&oid=4353498 HTTP/1.1" 200 3601
66.249.74.102 - - [05/Mar/2016:04:12:20 +0800] "GET /content/subject/resource_content.jsp?oid=16777699&queryString=%E4%B8%AD%E5%A4%AE%E9%8A%80%E8%A1%8C%20%E6%96%B0%E8%87%BA%E5%B9%A3%20%E6%9E%97%E4%B8%96%E5%8D%97%20%E7%9C%81%E8%AD%B0%E6%9C%83%20%E8%87%BA%E7%81%A3%E7%9C%81%20%E8%87%BA%E7%81%A3%E7%9C%81%E8%AD%B0%E6%9C%83 HTTP/1.1" 200 54146
66.249.71.64 - - [05/Mar/2016:04:12:35 +0800] "GET /content/repository/resource_content.jsp?oid=4487705 HTTP/1.1" 200 28381
66.249.71.5 - - [05/Mar/2016:04:12:40 +0800] "GET /digiarch3/content/repository/resource_content.jsp?oid=1531123&queryString=%E5%85%AC%E6%9C%89%E5%9C%9F%E5%9C%B0%20%E5%AF%A6%E9%A9%97%E6%9E%97%20%E6%94%BE%E7%A7%9F%20%E8%87%BA%E5%A4%A7%20%E8%87%BA%E7%81%A3%E5%A4%A7%E5%AD%B8%20%E8%A8%B1%E5%8F%AF%E8%AD%89%20%E8%BE%B2%E5%AD%B8%E9%99%A2 HTTP/1.1" 200 30045
66.249.71.64 - - [05/Mar/2016:04:13:02 +0800] "GET /content/repository/resource_content.jsp?oid=4352614&queryString=%E6%A9%AB%E5%B8%B6%20%E9%87%9D%E7%89%9B%E5%B0%BE HTTP/1.1" 200 33463
66.249.77.85 - - [05/Mar/2016:04:13:25 +0800] "GET /content/repository/resource_content.jsp?oid=1782654&queryString=%E4%B8%83%E4%BD%B3%20%E7%9F%B3%E6%9D%BF%E5%B1%8B HTTP/1.1" 200 28874
66.249.77.85 - - [05/Mar/2016:04:13:46 +0800] "GET /content/repository/resource_content.jsp?oid=2659875&queryType=qs&queryString=%E5%8D%88%E9%96%80 HTTP/1.1" 200 30101
66.249.77.91 - - [05/Mar/2016:04:14:08 +0800] "GET /content/repository/resource_content.jsp?oid=2672386&queryType=qs&queryString=%E5%8D%88%E9%96%80 HTTP/1.1" 200 30296
66.249.71.105 - - [05/Mar/2016:04:14:16 +0800] "GET /content/repository/resource_content.jsp?oid=2675113&queryType=qs&queryString=%E7%A5%9E%E6%A9%9F%E7%87%9F HTTP/1.1" 200 29857
66.249.77.85 - - [05/Mar/2016:04:14:39 +0800] "GET /content/repository/resource_content.jsp?oid=2549565&queryType=qs&queryString=%E5%8D%88%E9%96%80 HTTP/1.1" 200 30308
66.249.77.85 - - [05/Mar/2016:04:14:52 +0800] "GET /content/repository/resource_content.jsp?oid=2681530&queryString=%E5%A1%91%E8%86%A0%20%E5%AE%89%E5%85%A8%E5%B8%BD%20%E5%B7%AE%E6%97%85%E8%B2%BB%20%E6%9E%97%E5%8B%99%E5%B1%80%20%E6%9E%97%E5%8D%80%E7%AE%A1%E7%90%86%E8%99%95%20%E6%B4%A5%E8%B2%BC%20%E8%97%A5%E5%93%81%20%E8%BA%AB%E5%BF%83%20%E9%AB%98%E8%80%83 HTTP/1.1" 200 30260
66.249.79.24 - - [05/Mar/2016:04:15:17 +0800] "GET /content/repository/resource_content.jsp?oid=524007&queryString=%E4%B8%AD%E8%85%B9%20%E4%B8%AD%E8%85%B9%E8%B6%B3%E7%9B%AE%20%E6%B0%B4%E6%99%B6%E9%B3%B3%E5%87%B0%E8%9E%BA%20%E8%85%B9%E8%B6%B3%E7%B6%B1%20%E9%B3%B3%E5%87%B0%E8%9E%BA HTTP/1.1" 200 35674
66.249.77.85 - - [05/Mar/2016:04:15:36 +0800] "GET /content/subject/resource_content.jsp?oid=16777264&queryString=%E6%A1%83%E7%AC%A6%20%E7%A5%9E%E8%8D%BC%20%E9%AC%B1%E5%A3%98 HTTP/1.1" 200 38328
66.249.71.105 - - [05/Mar/2016:04:15:58 +0800] "GET /content/repository/resource_content.jsp?oid=1887764&queryType=qs&queryString=%E6%9E%97%E5%85%B6%E7%BE%8E HTTP/1.1" 200 29706
66.249.71.64 - - [05/Mar/2016:04:16:01 +0800] "GET /content/repository/resource_content.jsp?oid=2685194&queryString=%E5%AE%89%E7%80%BE HTTP/1.1" 200 30498
66.249.79.24 - - [05/Mar/2016:04:16:20 +0800] "GET /content/repository/resource_content.jsp?oid=4353021&queryString=%E6%9B%B3%E7%B5%B2%20%E6%9B%B3%E7%B5%B2%E9%B0%8F HTTP/1.1" 200 34311
66.249.71.59 - - [05/Mar/2016:04:16:42 +0800] "GET /content/repository/resource_content.jsp?oid=4467942&queryString=%E8%B2%9D%E5%A1%9A HTTP/1.1" 200 28944
66.249.71.121 - - [05/Mar/2016:04:17:04 +0800] "GET /content/repository/resource_content.jsp?oid=1532697&queryType=qs&queryString=%E6%A8%9F%E8%85%A6%E5%BB%A0 HTTP/1.1" 200 29576
66.249.71.105 - - [05/Mar/2016:04:17:26 +0800] "GET /content/repository/resource_content.jsp?oid=585371&queryType=qs&queryString=%E7%A8%B1%E6%9D%B1%E8%B7%AF HTTP/1.1" 200 29212
66.249.71.105 - - [05/Mar/2016:04:17:47 +0800] "GET /content/repository/resource_content.jsp?oid=1594781&queryType=qs&queryString=%E8%B2%A8%E6%AB%83%E8%BB%8A HTTP/1.1" 200 29249
66.249.77.97 - - [05/Mar/2016:04:18:09 +0800] "GET /content/repository/resource_content.jsp?oid=2670021&queryType=qs&queryString=%E5%B7%A1%E8%88%A1 HTTP/1.1" 200 30239
66.249.71.60 - - [05/Mar/2016:04:18:31 +0800] "GET /content/repository/resource_content.jsp?oid=1518138 HTTP/1.1" 200 28564
66.249.74.61 - - [05/Mar/2016:04:18:54 +0800] "GET /content/repository/resource_content.jsp?oid=627611&queryType=qs&queryString=%E7%B9%85%E7%B5%B2 HTTP/1.1" 200 28102
66.249.71.64 - - [05/Mar/2016:04:19:15 +0800] "GET /content/subject/resource_content.jsp?oid=16777400&queryString=%E5%8F%B0%E7%81%A3%E6%9D%9C%E9%B5%91%20%E6%9D%9C%E9%B5%91%20%E6%9D%9C%E9%B5%91%E8%8A%B1%20%E6%9D%9C%E9%B5%91%E8%8A%B1%E5%B1%AC%20%E6%9D%9C%E9%B5%91%E8%8A%B1%E7%A7%91%20%E6%A4%8D%E7%89%A9%E7%95%8C HTTP/1.1" 200 28625
66.249.71.5 - - [05/Mar/2016:04:19:22 +0800] "GET /digiarch3/content/repository/resource_content.jsp?oid=15021&queryType=qs&queryString=%E5%8D%97%E6%B2%99%E7%BE%A4%E5%B3%B6 HTTP/1.1" 200 34725
66.249.71.64 - - [05/Mar/2016:04:19:33 +0800] "GET /content/nav/relationSubject.jsp?relationWords=%E5%8F%A4%E6%A8%93%E6%9D%91%20%E7%94%9F%E5%91%BD%E5%84%80%E7%A6%AE%20%E7%A5%AD%E5%84%80%20&oid=1775780 HTTP/1.1" 200 4193
66.249.71.50 - - [05/Mar/2016:04:19:59 +0800] "GET /content/repository/resource_content.jsp?oid=1897350&queryString=%E4%B8%AD%E8%8F%AF%E8%B7%AF%20%E5%85%AC%E8%B3%A3%E5%B1%80%20%E5%93%81%E8%B3%AA%20%E5%A4%AA%E7%99%BD%20%E7%AC%AC%E4%B8%80%E9%8A%80%E8%A1%8C%20%E8%87%BA%E9%8A%80 HTTP/1.1" 200 30836
66.249.74.100 - - [05/Mar/2016:04:20:21 +0800] "GET /content/repository/resource_content.jsp?oid=2470629 HTTP/1.1" 200 29585
66.249.71.60 - - [05/Mar/2016:04:20:43 +0800] "GET /digiarch_en/content/repository/resource_content.jsp?oid=2565962&queryString=%E5%89%8D%E9%8E%AE%20%E5%8F%B3%E7%87%9F%20%E5%B2%B3%E5%B7%9E HTTP/1.1" 200 24114
66.249.71.105 - - [05/Mar/2016:04:21:05 +0800] "GET /content/repository/resource_content.jsp?oid=2614717&queryType=qs&queryString=%E7%93%A6%E5%B1%91 HTTP/1.1" 200 29153
66.249.71.113 - - [05/Mar/2016:04:21:27 +0800] "GET /content/repository/resource_content.jsp?oid=2669167&queryType=qs&queryString=%E9%82%84%E5%BA%AB HTTP/1.1" 200 29803
66.249.71.60 - - [05/Mar/2016:04:21:49 +0800] "GET /content/repository/resource_content.jsp?oid=1568675 HTTP/1.1" 200 28817
66.249.71.60 - - [05/Mar/2016:04:22:10 +0800] "GET /content/repository/resource_content.jsp?oid=2147418 HTTP/1.1" 200 30826
66.249.74.59 - - [05/Mar/2016:04:22:33 +0800] "GET /content/repository/resource_content.jsp?oid=22675&queryType=qs&queryString=%E8%8E%AB%E4%B8%89%E9%BC%BB%E5%8F%A3%E5%AD%B5%E9%AD%9A HTTP/1.1" 200 29950
66.249.71.60 - - [05/Mar/2016:04:22:47 +0800] "GET /content/nav/relationSubject.jsp?relationWords=%E9%B3%A5%E7%88%B5+&oid=3355609 HTTP/1.1" 200 3075
66.249.71.60 - - [05/Mar/2016:04:22:49 +0800] "GET /content/nav/relationSubject.jsp?relationWords=%E9%B3%A5%E7%88%B5%20&oid=3355609 HTTP/1.1" 200 3075
68.180.228.187 - - [05/Mar/2016:04:22:51 +0800] "GET /content/subject/resource_content.jsp?oid=16777543&queryType=qc HTTP/1.1" 200 41364
66.249.79.27 - - [05/Mar/2016:04:22:55 +0800] "GET /content/subject/resource_content.jsp?oid=16777458&queryType=qc HTTP/1.1" 200 31609
66.249.77.85 - - [05/Mar/2016:04:23:16 +0800] "GET /content/repository/resource_content.jsp?oid=1522402&queryType=qs&queryString=%E5%9C%9F%E5%AD%97 HTTP/1.1" 200 33687
66.249.74.98 - - [05/Mar/2016:04:23:39 +0800] "GET /content/repository/resource_content.jsp?oid=4352116&queryString=GBIF%20%E5%8F%B0%E7%81%A3%E9%AD%9A%E9%A1%9E%20%E6%B5%B7%E9%AE%AE%20%E7%94%9F%E7%89%A9%E5%A4%9A%E6%A8%A3%E6%80%A7%20%E8%99%B1%E7%9B%AE%E9%AD%9A HTTP/1.1" 200 35601
66.249.71.113 - - [05/Mar/2016:04:23:58 +0800] "GET /content/subject/resource_content.jsp?oid=16777605&queryType=qc HTTP/1.1" 200 42317
66.249.71.60 - - [05/Mar/2016:04:24:00 +0800] "GET /content/repository/resource_content.jsp?oid=21978 HTTP/1.1" 200 29775
66.249.77.85 - - [05/Mar/2016:04:24:22 +0800] "GET /content/repository/resource_content.jsp?oid=2150599&queryString=%E7%BE%85%E6%BC%A2%E6%9D%BE%20%E8%98%AD%E5%B6%BC%E7%BE%85%E6%BC%A2%E6%9D%BE HTTP/1.1" 200 31273
66.249.71.60 - - [05/Mar/2016:04:24:28 +0800] "GET /content/repository/resource_content.jsp?oid=1586455 HTTP/1.1" 200 28488
66.249.77.85 - - [05/Mar/2016:04:25:21 +0800] "GET /content/subject/resource_content.jsp?oid=16777669&queryType=qs&queryString=%E8%87%BA%E7%81%A3%E7%9C%81 HTTP/1.1" 200 47205
66.249.71.60 - - [05/Mar/2016:04:25:21 +0800] "GET /content/nav/relationSubject.jsp?relationWords=%E5%92%8C%E8%A7%A3+%E5%9C%8B%E5%85%89%E8%99%9F+%E5%B9%B3%E4%BA%A4%E9%81%93+%E5%BB%BA%E8%A8%AD%E5%BB%B3+%E7%9F%B3%E7%AE%A1%E5%B1%80+%E7%9F%B3%E9%96%80%E6%B0%B4%E5%BA%AB+%E9%81%8A%E8%89%87+&oid=1591847 HTTP/1.1" 200 7152
66.249.71.113 - - [05/Mar/2016:04:25:28 +0800] "GET /content/repository/resource_content.jsp?oid=4388045&queryType=qs&queryString=%E6%9C%9B%E5%98%89 HTTP/1.1" 200 31108
66.249.74.98 - - [05/Mar/2016:04:25:50 +0800] "GET /content/repository/resource_content.jsp?oid=15108&queryString=%E5%A4%A7%E9%B1%97%E5%A4%A7%E7%9C%BC%E9%AF%9B HTTP/1.1" 200 35679
66.249.71.60 - - [05/Mar/2016:04:26:12 +0800] "GET /content/repository/resource_content.jsp?oid=1518214 HTTP/1.1" 200 28677
66.249.74.98 - - [05/Mar/2016:04:26:31 +0800] "GET /content/nav/relationSubject.jsp?relationWords=%E5%88%BA%E5%B0%BE%E9%AF%9B+%E5%88%BA%E5%B0%BE%E9%AF%9B%E7%A7%91+%E7%B7%9A%E7%B4%8B+%E7%B7%9A%E7%B4%8B%E5%88%BA%E5%B0%BE%E9%AF%9B+%E9%AF%9B%E7%A7%91+&oid=1448666 HTTP/1.1" 200 3578
66.249.74.98 - - [05/Mar/2016:04:26:35 +0800] "GET /content/repository/resource_content.jsp?oid=189191 HTTP/1.1" 200 30181
66.249.74.98 - - [05/Mar/2016:04:26:37 +0800] "GET /content/nav/relationSubject.jsp?relationWords=%E5%88%BA%E5%B0%BE%E9%AF%9B%20%E5%88%BA%E5%B0%BE%E9%AF%9B%E7%A7%91%20%E7%B7%9A%E7%B4%8B%20%E7%B7%9A%E7%B4%8B%E5%88%BA%E5%B0%BE%E9%AF%9B%20%E9%AF%9B%E7%A7%91%20&oid=1448666 HTTP/1.1" 200 3578
66.249.71.60 - - [05/Mar/2016:04:26:55 +0800] "GET /content/repository/resource_content.jsp?oid=2525290 HTTP/1.1" 200 29969
66.249.71.60 - - [05/Mar/2016:04:27:17 +0800] "GET /content/repository/resource_content.jsp?oid=1590796 HTTP/1.1" 200 28396
66.249.71.23 - - [05/Mar/2016:04:27:51 +0800] "GET /digiarch3/content/repository/resource_content.jsp?oid=1845872&queryString=%E9%BB%91%E9%99%B6 HTTP/1.1" 200 30286
66.249.71.113 - - [05/Mar/2016:04:27:56 +0800] "GET /content/nav/relationSubject.jsp?relationWords=&oid=2569976 HTTP/1.1" 200 1405
66.249.71.59 - - [05/Mar/2016:04:28:01 +0800] "GET /content/repository/resource_content.jsp?oid=1592860&queryType=qs&queryString=%E7%B6%93%E6%BF%9F%E5%88%A9%E7%9B%8A HTTP/1.1" 200 29559
66.249.77.91 - - [05/Mar/2016:04:28:23 +0800] "GET /content/repository/resource_content.jsp?oid=1176310&queryString=%E5%B1%B1%E5%AF%A8%E9%96%80 HTTP/1.1" 200 27932
66.249.71.60 - - [05/Mar/2016:04:28:45 +0800] "GET /content/repository/resource_content.jsp?oid=1547340&queryString=%E8%87%BA%E5%8D%97%E5%9C%B0%E6%96%B9%E6%B3%95%E9%99%A2%20%E8%A8%B1%E5%AF%AC%E8%8C%82 HTTP/1.1" 200 29295
66.249.77.85 - - [05/Mar/2016:04:29:07 +0800] "GET /content/repository/resource_content.jsp?oid=1568394&queryType=qs&queryString=%E7%8E%8B%E6%B4%B8 HTTP/1.1" 200 35963
66.249.71.60 - - [05/Mar/2016:04:29:29 +0800] "GET /content/repository/resource_content.jsp?oid=2689479&queryString=%E5%B7%A1%E6%92%AB%20%E6%B9%96%E5%BB%A3 HTTP/1.1" 200 30543
66.249.71.121 - - [05/Mar/2016:04:29:32 +0800] "GET /content/repository/resource_content.jsp?oid=1543790&queryType=qs&queryString=%E7%94%9F%E5%91%BD%E4%BF%9D%E9%9A%AA HTTP/1.1" 200 28871
66.249.71.64 - - [05/Mar/2016:04:29:51 +0800] "GET /content/repository/resource_content.jsp?oid=1532397&queryString=%E5%8D%93%E8%98%AD%E9%8E%AE%20%E8%AD%A6%E5%AF%9F%20%E8%AD%A6%E5%AF%9F%E5%88%B6%E5%BA%A6%20%E9%80%A0%E6%9E%97 HTTP/1.1" 200 30047
66.249.71.60 - - [05/Mar/2016:04:30:13 +0800] "GET /content/repository/resource_content.jsp?oid=1530811&queryString=%E4%BA%A4%E6%B6%89%E5%93%A1%20%E4%BA%BA%E5%90%8D%E6%AC%8A%E5%A8%81%20%E5%93%88%E5%9F%A0%20%E5%93%88%E5%9F%A0%E4%BA%8B%20%E5%93%88%E7%88%BE%E6%BF%B1%20%E5%A4%96%E4%BA%A4%E9%83%A8%20%E9%81%93%E5%B0%B9 HTTP/1.1" 200 29310
