66.249.71.5 - - [05/May/2016:11:47:47 +0800] "GET /content/nav/relationSubject.jsp?relationWords=%E4%BF%9D%E9%9A%AA%20%E4%BF%9D%E9%9A%AA%E9%87%91%20%E5%8A%89%E9%87%91%20%E5%8A%89%E9%87%91%E7%B4%84%20%E5%90%B3%E6%B3%89%20%E5%90%B3%E6%B3%89%E6%B4%9D%20%E5%98%89%E7%BE%A9%E5%B8%82%20%E5%AF%9F%E6%A0%B8%E6%A1%88%20%E5%BC%B5%E5%AF%8C%20%E5%BE%90%E5%A0%85%20%E6%85%B0%E5%95%8F%E9%87%91%20%E6%95%91%E6%BF%9F%E9%87%91%20%E6%98%A5%E8%8F%8A%20%E6%9D%8E%E9%9B%85%E6%A8%B5%20%E6%9E%97%E7%A6%8F%E5%9C%B0%20%E6%A2%81%E8%A8%B1%E6%98%A5%E8%8F%8A%20%E6%B3%89%E6%B4%9D%20%E7%81%AB%E9%9A%AA%20%E7%81%BD%E5%8D%80%20%E7%94%A2%E7%89%A9%E4%BF%9D%E9%9A%AA%20%E7%9C%81%E6%94%BF%E5%BA%9C%20%E7%9C%81%E8%AD%B0%E6%9C%83%20%E8%87%BA%E5%8D%97%E7%B8%A3%20%E8%87%BA%E7%81%A3%E7%9C%81%20%E8%87%BA%E7%81%A3%E7%9C%81%E8%AD%B0%E6%9C%83%20%E8%94%A1%E9%8C%A6%E6%A3%9F%20%E8%94%A1%E9%B4%BB%E6%96%87%20%E8%94%A3%E5%A4%A9%20%E8%94%A3%E5%A4%A9%E9%99%8D%20%E8%A8%B1%E4%B8%96%E8%B3%A2%20%E8%A8%B1%E6%98%A5%E8%8F%8A%20%E8%AB%8B%E5%AF%9F%20%E8%AD%B0%E9%95%B7%20%E8%B2%A1%E6%94%BF%20%E9%87%91%E7%B4%84%20%E9%99%B3%E8%8F%AF%20%E9%99%B3%E8%8F%AF%E5%AE%97%20&oid=1530915 HTTP/1.1" 200 7169
39.10.128.124 - - [05/May/2016:11:47:58 +0800] "GET /content/nav/relationSubject.jsp?relationWords=&oid=16777342 HTTP/1.1" 200 1405
49.213.134.142 - - [05/May/2016:11:48:00 +0800] "GET /content/repository/resource_content.jsp?oid=1806813&queryType=qs&queryString=%E4%B8%BB%E7%B0%BF HTTP/1.1" 200 36903
49.213.134.142 - - [05/May/2016:11:48:01 +0800] "GET /content/nav/relationSubject.jsp?relationWords=%E4%B8%BB%E7%B0%BF+%E5%8A%9F%E6%9B%B9+%E6%AD%A6%E6%A6%AE%E7%A5%A0+%E6%AD%A6%E6%B0%8F%E7%A5%A0+%E6%AD%A6%E6%B0%8F%E7%A5%A0%E5%89%8D%E7%9F%B3%E5%AE%A4+%E8%BB%8A%E9%A8%8E+&oid=1806813 HTTP/1.1" 200 6095
106.38.241.143 - - [05/May/2016:11:48:07 +0800] "GET /content/subject/resource_content.jsp?oid=16777498 HTTP/1.1" 200 40483
106.38.241.143 - - [05/May/2016:11:48:19 +0800] "GET /digiarch_en/content/repository/resource_content.jsp?oid=523740&queryType=qc HTTP/1.1" 200 27313
106.38.241.143 - - [05/May/2016:11:48:30 +0800] "GET /digiarch_en/content/pictures/picture_content.jsp?oid=33554739&queryType=qc HTTP/1.1" 200 21923
59.124.166.10 - - [05/May/2016:11:48:35 +0800] "GET /content/subject/resource_content.jsp?oid=16777706 HTTP/1.1" 200 53891
59.124.166.10 - - [05/May/2016:11:48:36 +0800] "GET /content/nav/relationSubject.jsp?relationWords=%E5%A0%A1%E5%9C%96+&oid=16777706 HTTP/1.1" 200 2864
66.249.71.60 - - [05/May/2016:11:49:26 +0800] "GET /digiarch_en/content/nav/relationSubject.jsp?relationWords=%E7%A0%94%E8%A8%8E%E6%9C%83+&oid=16777222 HTTP/1.1" 200 5098
66.249.71.60 - - [05/May/2016:11:49:29 +0800] "GET /digiarch_en/content/nav/relationSubject.jsp?relationWords=%E7%A0%94%E8%A8%8E%E6%9C%83%20&oid=16777222 HTTP/1.1" 200 5098
66.249.71.60 - - [05/May/2016:11:50:13 +0800] "GET /content/repository/resource_content.jsp?oid=2559449 HTTP/1.1" 200 29370
106.38.241.143 - - [05/May/2016:11:50:32 +0800] "GET /content/repository/resource_content.jsp?oid=1524254 HTTP/1.1" 200 30754
106.38.241.143 - - [05/May/2016:11:50:44 +0800] "GET /content/repository/resource_content.jsp?oid=1531246 HTTP/1.1" 200 29828
106.38.241.143 - - [05/May/2016:11:50:56 +0800] "GET /content/repository/resource_content.jsp?oid=1531444 HTTP/1.1" 200 28755
106.38.241.143 - - [05/May/2016:11:51:09 +0800] "GET /content/repository/resource_content.jsp?oid=1532427 HTTP/1.1" 200 29203
106.38.241.143 - - [05/May/2016:11:51:21 +0800] "GET /content/repository/resource_content.jsp?oid=1520058 HTTP/1.1" 200 28785
106.38.241.143 - - [05/May/2016:11:51:33 +0800] "GET /content/repository/resource_content.jsp?oid=1517315 HTTP/1.1" 200 29148
66.249.71.60 - - [05/May/2016:11:51:39 +0800] "GET /content/repository/resource_content.jsp?oid=1081608&queryString=%E6%9F%B3%E5%86%B7%E4%BB%94%20%E7%9B%94%E9%AD%9A%20%E8%93%8B%E9%A6%AC%E6%B0%8F%E7%9B%94%E9%AD%9A%20%E9%9A%86%E9%A0%AD%E9%AD%9A%20%E9%9A%86%E9%A0%AD%E9%AD%9A%E7%A7%91%20%E9%9C%B2%E7%8F%A0%20%E9%9C%B2%E7%8F%A0%E7%9B%94%E9%AD%9A%20%E9%B8%9A%E9%AF%9B HTTP/1.1" 200 36438
106.38.241.143 - - [05/May/2016:11:51:46 +0800] "GET /content/repository/resource_content.jsp?oid=1125111&queryType=qc HTTP/1.1" 200 34520
106.38.241.143 - - [05/May/2016:11:51:59 +0800] "GET /content/repository/resource_content.jsp?oid=1125275&queryType=qc HTTP/1.1" 200 34703
66.249.71.14 - - [05/May/2016:11:52:20 +0800] "GET /digiarch3/content/nav/relationSubject.jsp?relationWords=%E5%85%AD%E5%B8%B6%E8%93%8B%E5%88%BA%E9%AD%9A+%E5%88%BA%E9%AD%9A+%E8%93%8B%E5%88%BA%E9%AD%9A+&oid=15563 HTTP/1.1" 200 3448
106.38.241.143 - - [05/May/2016:11:52:32 +0800] "GET /digiarch_en/content/pictures/picture_content.jsp?oid=33554814 HTTP/1.1" 200 21857
66.249.71.60 - - [05/May/2016:11:53:06 +0800] "GET /content/nav/relationSubject.jsp?relationWords=&oid=3405198 HTTP/1.1" 200 1405
66.249.71.60 - - [05/May/2016:11:54:14 +0800] "GET /content/subject/resource_content.jsp?oid=16797241&queryType=qc HTTP/1.1" 200 44202
140.122.152.126 - - [05/May/2016:11:54:29 +0800] "GET /content/subject/resource_content.jsp?oid=16797271&queryType=qc HTTP/1.1" 200 55290
140.122.152.126 - - [05/May/2016:11:54:30 +0800] "GET /content/nav/relationSubject.jsp?relationWords=&oid=16797271 HTTP/1.1" 200 1405
66.249.71.60 - - [05/May/2016:11:55:32 +0800] "GET /content/repository/resource_content.jsp?oid=1614756 HTTP/1.1" 200 29057
114.43.211.160 - - [05/May/2016:11:55:34 +0800] "GET /content/nav/relationSubject.jsp?relationWords=%E7%99%BD%E5%8D%83%E5%B1%A4+&oid=16777287 HTTP/1.1" 200 3852
66.249.71.60 - - [05/May/2016:11:56:30 +0800] "GET /content/nav/relationSubject.jsp?relationWords=%E5%84%92%E8%89%AE+%E5%84%92%E8%89%AE%E9%AF%9B+%E6%9F%B3%E5%86%B7%E4%BB%94+%E6%B5%B7%E8%B1%AC%E9%AD%9A+%E9%9A%86%E9%A0%AD%E9%AD%9A+%E9%9A%86%E9%A0%AD%E9%AD%9A%E7%A7%91+%E9%BB%91%E5%B8%B6%E5%84%92%E8%89%AE%E9%AF%9B+%E9%BB%91%E5%B8%B6%E6%B5%B7%E8%B1%AC%E9%AD%9A+&oid=1081608 HTTP/1.1" 200 3852
66.249.71.113 - - [05/May/2016:11:56:49 +0800] "GET /content/repository/resource_content.jsp?oid=14970&queryType=qs&queryString=%E7%B4%AB%E6%96%91 HTTP/1.1" 200 34654
66.249.71.113 - - [05/May/2016:11:57:28 +0800] "GET /content/nav/relationSubject.jsp?relationWords=%E6%B7%B3%E5%AE%89+%E7%96%8F%E9%98%B2+%E9%96%A9%E6%B5%99%E7%B8%BD%E7%9D%A3+%E9%A4%89%E9%8A%80+&oid=2517475 HTTP/1.1" 200 3204
66.249.71.113 - - [05/May/2016:11:57:31 +0800] "GET /content/nav/relationSubject.jsp?relationWords=%E6%B7%B3%E5%AE%89%20%E7%96%8F%E9%98%B2%20%E9%96%A9%E6%B5%99%E7%B8%BD%E7%9D%A3%20%E9%A4%89%E9%8A%80%20&oid=2517475 HTTP/1.1" 200 3204
66.249.71.105 - - [05/May/2016:11:58:07 +0800] "GET /content/repository/resource_content.jsp?oid=187270&queryType=qs&queryString=%E9%B3%B3%E7%BF%94%E7%B8%A3 HTTP/1.1" 200 30583
106.38.241.143 - - [05/May/2016:11:58:15 +0800] "GET /content/tmp_exh/resource_content.jsp?oid=16777743&queryType=qc HTTP/1.1" 200 31305
106.38.241.143 - - [05/May/2016:11:58:38 +0800] "GET /content/tmp_tec/resource_content.jsp?oid=16777740 HTTP/1.1" 200 39306
106.38.241.143 - - [05/May/2016:11:58:50 +0800] "GET /content/tmp_tec/resource_content.jsp?oid=16777738 HTTP/1.1" 200 44469
106.38.241.143 - - [05/May/2016:11:59:02 +0800] "GET /content/tmp_exh/resource_content.jsp?oid=16777802&queryType=qc HTTP/1.1" 200 28944
66.249.71.64 - - [05/May/2016:11:59:25 +0800] "GET /content/repository/resource_content.jsp?oid=4364233&queryType=qs&queryString=%E5%85%AB%E5%90%89%E7%A5%A5 HTTP/1.1" 200 29932
66.249.71.60 - - [05/May/2016:11:59:26 +0800] "GET /content/nav/relationSubject.jsp?relationWords=%E8%85%B9%E8%B6%B3%E7%B6%B1+%E9%90%98%E8%9E%BA+%E9%90%98%E8%9E%BA%E7%A7%91+%E9%BD%92%E8%BC%AA%E9%90%98%E8%9E%BA+&oid=1125093 HTTP/1.1" 200 3441
66.249.71.105 - - [05/May/2016:11:59:28 +0800] "GET /content/repository/resource_content.jsp?oid=4352929&queryType=qs&queryString=%E9%9B%AA%E5%8D%A1 HTTP/1.1" 200 35974
66.249.79.200 - - [05/May/2016:11:59:30 +0800] "GET /content/nav/relationSubject.jsp?relationWords=%E8%85%B9%E8%B6%B3%E7%B6%B1%20%E9%90%98%E8%9E%BA%20%E9%90%98%E8%9E%BA%E7%A7%91%20%E9%BD%92%E8%BC%AA%E9%90%98%E8%9E%BA%20&oid=1125093 HTTP/1.1" 200 3441
106.38.241.143 - - [05/May/2016:12:00:19 +0800] "GET /content/tmp_tec/resource_content.jsp?oid=16777731 HTTP/1.1" 200 39233
66.249.71.60 - - [05/May/2016:12:00:27 +0800] "GET /content/nav/relationSubject.jsp?relationWords=%E5%9C%96%E9%9B%86%E5%90%8D+%E9%8C%A6%E6%B0%B4+&oid=173865 HTTP/1.1" 200 9808
66.249.71.60 - - [05/May/2016:12:00:30 +0800] "GET /content/nav/relationSubject.jsp?relationWords=%E5%9C%96%E9%9B%86%E5%90%8D%20%E9%8C%A6%E6%B0%B4%20&oid=173865 HTTP/1.1" 200 9808
106.38.241.143 - - [05/May/2016:12:00:43 +0800] "GET /content/tmp_auth/resource_content.jsp?oid=16777679 HTTP/1.1" 200 32502
106.38.241.143 - - [05/May/2016:12:00:55 +0800] "GET /content/tmp_exh/resource_content.jsp?oid=16777760&queryType=qc%201889 HTTP/1.1" 200 35810
66.249.71.113 - - [05/May/2016:12:01:03 +0800] "GET /content/nav/relationSubject.jsp?relationWords=%E7%90%89%E7%92%83%E7%B4%AB%E9%B1%B8+%E7%9A%82%E9%AD%9A+%E7%B4%AB%E6%96%91+%E7%B4%AB%E9%B1%B8+%E8%82%A5%E7%9A%82%E9%AD%9A+%E9%AE%A8%E7%A7%91+%E9%BB%83%E5%B8%B6%E8%82%A5%E7%9A%82%E9%AD%9A+&oid=14970 HTTP/1.1" 200 3629
106.38.241.143 - - [05/May/2016:12:01:17 +0800] "GET /content/tmp_auth/resource_content.jsp?oid=16777453 HTTP/1.1" 200 28005
106.38.241.143 - - [05/May/2016:12:01:29 +0800] "GET /content/tmp_exh/resource_content.jsp?oid=16777718&queryType=qc HTTP/1.1" 200 31163
42.79.127.107 - - [05/May/2016:12:01:40 +0800] "GET /content/repository/resource_content.jsp?oid=2146402&queryString=%E5%B1%B1%E6%BC%86%E8%8E%96%E5%B1%AC HTTP/1.1" 200 30987
42.79.127.107 - - [05/May/2016:12:01:42 +0800] "GET /content/nav/relationSubject.jsp?relationWords=%E5%B1%B1%E6%BC%86+%E5%B1%B1%E6%BC%86%E8%8E%96+%E5%B1%B1%E6%BC%86%E8%8E%96%E5%B1%AC+&oid=2146402 HTTP/1.1" 200 2834
66.249.71.3 - - [05/May/2016:12:01:49 +0800] "GET /content/nav/relationSubject.jsp?relationWords=%E4%BA%A4%E9%80%9A%E5%AE%89%E5%85%A8+%E5%A4%A7%E5%AE%89%E6%BA%AA+%E5%AE%89%E5%85%A8%E6%A1%88+%E5%B0%96%E8%B1%90+%E7%81%AB%E7%82%8E%E5%B1%B1+%E8%8B%91%E8%A3%A1%E9%8E%AE+%E8%BE%B2%E6%9E%97+&oid=1570309 HTTP/1.1" 200 5543
66.249.71.119 - - [05/May/2016:12:01:53 +0800] "GET /content/nav/relationSubject.jsp?relationWords=%E4%BA%A4%E9%80%9A%E5%AE%89%E5%85%A8%20%E5%A4%A7%E5%AE%89%E6%BA%AA%20%E5%AE%89%E5%85%A8%E6%A1%88%20%E5%B0%96%E8%B1%90%20%E7%81%AB%E7%82%8E%E5%B1%B1%20%E8%8B%91%E8%A3%A1%E9%8E%AE%20%E8%BE%B2%E6%9E%97%20&oid=1570309 HTTP/1.1" 200 5543
123.125.71.23 - - [05/May/2016:12:01:54 +0800] "GET /content/repository/resource_content.jsp?oid=1537947 HTTP/1.1" 200 29050
66.249.71.60 - - [05/May/2016:12:02:01 +0800] "GET /content/subject/resource_content.jsp?oid=16797240&queryType=qc HTTP/1.1" 200 42460
106.38.241.143 - - [05/May/2016:12:02:03 +0800] "GET /content/tmp_exh/resource_content.jsp?oid=16777711&queryType=qc%201921 HTTP/1.1" 200 26287
66.249.71.105 - - [05/May/2016:12:02:15 +0800] "GET /content/nav/relationSubject.jsp?relationWords=%E5%9C%B0%E5%BD%A2%E5%9C%96+%E9%B3%B3%E7%BF%94+%E9%B3%B3%E7%BF%94%E7%B8%A3+&oid=187270 HTTP/1.1" 200 3202
106.38.241.143 - - [05/May/2016:12:02:16 +0800] "GET /content/tmp_exh/resource_content.jsp?oid=16777724&queryType=qc HTTP/1.1" 200 26196
106.38.241.143 - - [05/May/2016:12:02:27 +0800] "GET /content/tmp_exh/resource_content.jsp?oid=16777771&queryType=qc%201890 HTTP/1.1" 200 33975
42.79.127.107 - - [05/May/2016:12:02:40 +0800] "GET /content/repository/resource_content.jsp?oid=2152519 HTTP/1.1" 200 31403
106.38.241.143 - - [05/May/2016:12:02:40 +0800] "GET /content/tmp_exh/resource_content.jsp?oid=16777706&queryType=qc HTTP/1.1" 200 45900
42.79.127.107 - - [05/May/2016:12:02:41 +0800] "GET /content/nav/relationSubject.jsp?relationWords=%E5%A4%A7%E6%88%9F+%E5%A4%A7%E6%88%9F%E7%A7%91+%E5%B1%B1%E6%BC%86+%E5%B1%B1%E6%BC%86%E8%8E%96+%E5%B1%B1%E6%BC%86%E8%8E%96%E5%B1%AC+%E6%A4%8D%E7%89%A9%E7%95%8C+&oid=2152519 HTTP/1.1" 200 3420
207.46.13.2 - - [05/May/2016:12:02:51 +0800] "GET /content/subject/resource_content.jsp?oid=16777360 HTTP/1.1" 200 45942
106.38.241.143 - - [05/May/2016:12:02:52 +0800] "GET /content/tmp_auth/resource_content.jsp?oid=16777459 HTTP/1.1" 200 36343
66.249.71.60 - - [05/May/2016:12:03:18 +0800] "GET /content/repository/resource_content.jsp?oid=15295&queryString=%E5%A8%98%E4%BB%94%E9%AD%9A%20%E5%B8%B6%E5%B0%BE%E6%96%B0%E9%9A%86%E9%AD%9A%20%E6%96%B0%E9%9A%86%20%E8%8A%B1%E5%B0%BE%20%E8%A7%92%E9%BE%8D%20%E9%9A%86%E9%A0%AD%E9%AD%9A%20%E9%9A%86%E9%A0%AD%E9%AD%9A%E7%A7%91%20%E9%B0%AD%E9%AD%9A%20%E9%B8%9A%E9%AF%9B HTTP/1.1" 200 34832
66.249.71.60 - - [05/May/2016:12:03:32 +0800] "GET /content/nav/relationSubject.jsp?relationWords=%E5%93%88%E9%81%94+%E8%97%8F%E6%97%8F+&oid=4364233 HTTP/1.1" 200 2998
66.249.71.60 - - [05/May/2016:12:03:59 +0800] "GET /content/nav/relationSubject.jsp?relationWords=&oid=2547177 HTTP/1.1" 200 1405
66.249.71.3 - - [05/May/2016:12:04:01 +0800] "GET /content/subject/resource_content.jsp?oid=16777503&queryType=qs&queryString=%E4%BA%BA%E5%AD%97%E6%8B%96 HTTP/1.1" 200 40614
66.249.79.200 - - [05/May/2016:12:04:36 +0800] "GET /content/subject/resource_content.jsp?oid=16797257&queryType=qc HTTP/1.1" 200 47943
66.249.71.60 - - [05/May/2016:12:05:21 +0800] "GET /content/nav/relationSubject.jsp?relationWords=%E5%A4%AA%E5%AE%88+&oid=1818627 HTTP/1.1" 200 3408
66.249.71.60 - - [05/May/2016:12:05:23 +0800] "GET /content/nav/relationSubject.jsp?relationWords=%E5%A4%AA%E5%AE%88%20&oid=1818627 HTTP/1.1" 200 3408
66.249.71.5 - - [05/May/2016:12:05:54 +0800] "GET /digiarch3/content/subject/resource_content.jsp?oid=16777763&queryType=qs&queryString=%E6%96%87%E5%8C%96%E4%B8%AD%E5%BF%83 HTTP/1.1" 200 34423
66.249.79.186 - - [05/May/2016:12:06:49 +0800] "GET /content/nav/relationSubject.jsp?relationWords=%E5%82%AC%E8%A9%A2+%E5%B8%8C%E9%80%9F+%E6%BB%AC%E6%9D%AD+%E7%94%AC%E8%B7%AF+%E8%8B%B1%E4%BD%BF+&oid=595111 HTTP/1.1" 200 3335
66.249.71.5 - - [05/May/2016:12:06:53 +0800] "GET /content/nav/relationSubject.jsp?relationWords=%E5%82%AC%E8%A9%A2%20%E5%B8%8C%E9%80%9F%20%E6%BB%AC%E6%9D%AD%20%E7%94%AC%E8%B7%AF%20%E8%8B%B1%E4%BD%BF%20&oid=595111 HTTP/1.1" 200 3335
66.249.71.60 - - [05/May/2016:12:07:02 +0800] "GET /content/nav/relationSubject.jsp?relationWords=%E4%BF%A1%E7%94%A8%E9%83%A8+%E8%BE%B2%E6%9C%83%E4%BF%A1%E7%94%A8%E9%83%A8+&oid=1617694 HTTP/1.1" 200 3868
66.249.71.60 - - [05/May/2016:12:07:05 +0800] "GET /content/nav/relationSubject.jsp?relationWords=%E4%BF%A1%E7%94%A8%E9%83%A8%20%E8%BE%B2%E6%9C%83%E4%BF%A1%E7%94%A8%E9%83%A8%20&oid=1617694 HTTP/1.1" 200 3868
66.249.71.60 - - [05/May/2016:12:07:11 +0800] "GET /content/subject/resource_content.jsp?oid=16777329&queryString=%E5%B1%B1%E6%AB%BB%E6%A1%83%20%E5%B1%B1%E6%AB%BB%E8%8A%B1%20%E6%A2%85%E5%B1%AC%20%E6%A4%8D%E7%89%A9%E7%95%8C%20%E6%AB%BB%E6%A1%83%20%E7%B7%8B%E6%AB%BB%20%E8%96%94%E8%96%87%E7%9B%AE%20%E8%96%94%E8%96%87%E7%A7%91 HTTP/1.1" 200 27868
66.249.71.5 - - [05/May/2016:12:09:13 +0800] "GET /digiarch3/content/nav/relationSubject.jsp?relationWords=%E6%9E%97%E7%8D%BB%E5%A0%82+%E6%A5%8A%E8%82%87%E5%98%89+%E6%B2%88%E8%91%86%E7%A6%8E+%E8%A8%B1%E5%BF%97+%E8%B0%B7%E5%B7%9D+%E9%95%B7%E8%B0%B7%E5%B7%9D+%E9%95%B7%E8%B0%B7%E5%B7%9D%E6%B8%85+&oid=16777763 HTTP/1.1" 200 4440
66.249.71.60 - - [05/May/2016:12:09:47 +0800] "GET /content/repository/resource_content.jsp?oid=1532096 HTTP/1.1" 200 29301
66.249.71.60 - - [05/May/2016:12:11:07 +0800] "GET /content/nav/relationSubject.jsp?relationWords=GIS+&oid=16777728 HTTP/1.1" 200 2507
66.249.71.60 - - [05/May/2016:12:11:08 +0800] "GET /digiarch_en/content/nav/relationSubject.jsp?relationWords=%E5%BB%A2%E6%A3%84%E6%A1%88+%E6%B3%95%E9%99%A2+%E7%AB%8B%E6%B3%95%E9%99%A2+%E9%86%AB%E5%B8%AB%E6%B3%95+&oid=1565104 HTTP/1.1" 200 5025
66.249.79.200 - - [05/May/2016:12:11:11 +0800] "GET /digiarch_en/content/nav/relationSubject.jsp?relationWords=%E5%BB%A2%E6%A3%84%E6%A1%88%20%E6%B3%95%E9%99%A2%20%E7%AB%8B%E6%B3%95%E9%99%A2%20%E9%86%AB%E5%B8%AB%E6%B3%95%20&oid=1565104 HTTP/1.1" 200 5025
66.249.71.119 - - [05/May/2016:12:11:12 +0800] "GET /content/nav/relationSubject.jsp?relationWords=%E5%90%8F%E9%83%A8+%E5%91%A8%E5%85%83+&oid=2673969 HTTP/1.1" 200 3136
66.249.79.139 - - [05/May/2016:12:11:15 +0800] "GET /content/nav/relationSubject.jsp?relationWords=%E5%90%8F%E9%83%A8%20%E5%91%A8%E5%85%83%20&oid=2673969 HTTP/1.1" 200 3136
194.187.168.213 - - [05/May/2016:12:11:49 +0800] "GET /digiarch_en/content/subject/resource_content.jsp?oid=16777842&queryType=qc HTTP/1.0" 200 30620
115.148.226.245 - - [05/May/2016:12:12:08 +0800] "GET /digiarch_en/content/subject/resource_content.jsp?oid=16777776&queryType=qc HTTP/1.1" 200 62835
66.249.71.60 - - [05/May/2016:12:12:08 +0800] "GET /content/nav/relationSubject.jsp?relationWords=%E5%B9%B3%E6%89%81%E8%9C%B7+%E6%89%81%E8%9C%B7%E7%A7%91+%E8%85%B9%E8%B6%B3%E7%B6%B1+%E8%BB%9F%E9%AB%94%E5%8B%95%E7%89%A9%E9%96%80+&oid=4550977 HTTP/1.1" 200 3172
66.249.71.60 - - [05/May/2016:12:12:10 +0800] "GET /content/nav/relationSubject.jsp?relationWords=%E5%B9%B3%E6%89%81%E8%9C%B7%20%E6%89%81%E8%9C%B7%E7%A7%91%20%E8%85%B9%E8%B6%B3%E7%B6%B1%20%E8%BB%9F%E9%AB%94%E5%8B%95%E7%89%A9%E9%96%80%20&oid=4550977 HTTP/1.1" 200 3172
66.249.71.60 - - [05/May/2016:12:12:22 +0800] "GET /content/repository/resource_content.jsp?oid=1884570 HTTP/1.1" 200 30705
66.249.79.200 - - [05/May/2016:12:12:34 +0800] "GET /content/nav/relationSubject.jsp?relationWords=%E6%A4%8D%E7%89%A9%E7%95%8C+%E7%81%B0%E6%AF%9B%E8%B1%86+%E7%81%B0%E6%AF%9B%E8%B1%86%E5%B1%AC+%E8%A0%B6%E8%B1%86+%E9%9B%99%E5%AD%90%E8%91%89%E6%A4%8D%E7%89%A9+&oid=2149509 HTTP/1.1" 200 3384
66.249.71.113 - - [05/May/2016:12:13:16 +0800] "GET /content/subject/resource_content.jsp?oid=16777519&queryType=qs&queryString=%E7%86%B1%E5%B8%B6%E5%9C%B0%E5%8D%80 HTTP/1.1" 200 35989
101.10.5.179 - - [05/May/2016:12:13:23 +0800] "GET /content/nav/relationSubject.jsp?relationWords=&oid=16777328 HTTP/1.1" 200 1405
101.10.5.179 - - [05/May/2016:12:13:32 +0800] "GET /content/nav/relationSubject.jsp?relationWords=&oid=16777328 HTTP/1.1" 200 1405
66.249.71.60 - - [05/May/2016:12:13:34 +0800] "GET /content/nav/relationSubject.jsp?relationWords=%E5%90%B3%E7%9F%B3+%E5%B0%8F%E6%B8%AF%E9%84%89+%E7%9C%81%E6%94%BF%E5%BA%9C+%E7%9F%B3%E6%A5%A0+%E9%83%BD%E5%B8%82%E8%A8%88%E5%8A%83+%E9%AB%98%E9%9B%84%E5%B8%82+&oid=1532096 HTTP/1.1" 200 4692
66.249.71.60 - - [05/May/2016:12:13:40 +0800] "GET /content/repository/resource_content.jsp?oid=1894006 HTTP/1.1" 200 28483
123.195.80.152 - - [05/May/2016:12:13:53 +0800] "GET /content/subject/resource_content.jsp?oid=16777443 HTTP/1.1" 200 40095
123.195.80.152 - - [05/May/2016:12:13:54 +0800] "GET /content/nav/relationSubject.jsp?relationWords=%E7%BE%85%E6%BC%A2%E6%9D%BE+%E8%98%AD%E5%B6%BC%E7%BE%85%E6%BC%A2%E6%9D%BE+%E9%81%94%E6%82%9F+%E9%81%94%E6%82%9F%E6%97%8F+%E9%9B%85%E7%BE%8E+%E9%9B%85%E7%BE%8E%E6%97%8F+&oid=16777443 HTTP/1.1" 200 4289
118.163.181.123 - - [05/May/2016:12:14:16 +0800] "GET /content/nav/relationSubject.jsp?relationWords=%E5%8D%83%E5%B9%B4%E6%A1%90+%E6%A1%90%E8%8A%B1+%E6%B2%B9%E6%A1%90+&oid=16777599 HTTP/1.1" 200 3738
60.76.174.18 - - [05/May/2016:12:14:40 +0800] "GET /content/nav/relationSubject.jsp?relationWords=%E6%B5%B7%E6%A3%A0+%E7%A7%8B%E6%B5%B7%E6%A3%A0+&oid=16777279 HTTP/1.1" 200 4913
66.249.71.60 - - [05/May/2016:12:15:22 +0800] "GET /content/nav/relationSubject.jsp?relationWords=%E5%8F%96%E6%89%B1+%E6%9D%9C%E9%A6%99+%E6%9D%9C%E9%A6%99%E5%9C%8B+&oid=1884570 HTTP/1.1" 200 3177
66.249.71.60 - - [05/May/2016:12:16:15 +0800] "GET /content/repository/resource_content.jsp?oid=1105986 HTTP/1.1" 200 31183
66.249.71.5 - - [05/May/2016:12:16:22 +0800] "GET /content/nav/relationSubject.jsp?relationWords=%E8%AD%B7%E8%AC%A8+&oid=4452260 HTTP/1.1" 200 3290
114.46.46.20 - - [05/May/2016:12:16:41 +0800] "GET /content/nav/relationSubject.jsp?relationWords=%E7%B4%AB%E8%96%87+&oid=16777424 HTTP/1.1" 200 4000
66.249.71.60 - - [05/May/2016:12:17:01 +0800] "GET /content/nav/relationSubject.jsp?relationWords=%E5%BC%B5%E6%98%8E+%E8%A8%B1%E7%99%BB%E5%AE%AE+&oid=1894006 HTTP/1.1" 200 3199
66.249.71.60 - - [05/May/2016:12:17:33 +0800] "GET /digiarch_en/content/repository/resource_content.jsp?oid=4362882&queryString=%E7%B8%BD%E8%B6%95%E5%AE%AE HTTP/1.1" 200 25317
66.249.71.119 - - [05/May/2016:12:17:57 +0800] "GET /content/repository/resource_content.jsp?oid=600179&queryType=qs&queryString=%E6%96%B0%E9%A0%98%E5%9C%9F HTTP/1.1" 200 28812
66.249.71.5 - - [05/May/2016:12:18:33 +0800] "GET /digiarch3/content/nav/relationSubject.jsp?relationWords=%E4%B8%89%E8%A7%92%E4%BB%94+%E5%96%AE%E9%B0%AD+%E5%96%AE%E9%B0%AD%E9%AD%9A+%E6%93%AC%E9%87%91%E7%9C%BC%E9%AF%9B+%E6%97%A5%E6%9C%AC%E5%96%AE%E9%B0%AD%E9%AD%9A+%E7%9A%AE%E5%88%80+%E8%A7%A3%E9%A4%8C%E5%88%80+%E9%87%91%E7%9C%BC%E9%AF%9B+%E9%AF%9B%E7%A7%91+%E9%B0%AD%E9%AD%9A+&oid=15486 HTTP/1.1" 200 3841
66.249.71.5 - - [05/May/2016:12:18:42 +0800] "GET /digiarch3/content/nav/relationSubject.jsp?relationWords=%E4%B8%89%E8%A7%92%E4%BB%94%20%E5%96%AE%E9%B0%AD%20%E5%96%AE%E9%B0%AD%E9%AD%9A%20%E6%93%AC%E9%87%91%E7%9C%BC%E9%AF%9B%20%E6%97%A5%E6%9C%AC%E5%96%AE%E9%B0%AD%E9%AD%9A%20%E7%9A%AE%E5%88%80%20%E8%A7%A3%E9%A4%8C%E5%88%80%20%E9%87%91%E7%9C%BC%E9%AF%9B%20%E9%AF%9B%E7%A7%91%20%E9%B0%AD%E9%AD%9A%20&oid=15486 HTTP/1.1" 200 3841
140.96.111.222 - - [05/May/2016:12:18:48 +0800] "GET /content/subject/resource_content.jsp?oid=16777842&queryType=qc HTTP/1.1" 200 36275
140.96.111.222 - - [05/May/2016:12:18:49 +0800] "GET /content/nav/relationSubject.jsp?relationWords=%E5%BD%B1%E5%B1%95+&oid=16777842 HTTP/1.1" 200 4780
123.195.80.152 - - [05/May/2016:12:18:58 +0800] "GET /content/subject/resource_content.jsp?oid=16777463&queryString=%E7%BE%85%E6%BC%A2%E6%9D%BE%20%E8%98%AD%E5%B6%BC%E7%BE%85%E6%BC%A2%E6%9D%BE%20%E9%81%94%E6%82%9F%20%E9%81%94%E6%82%9F%E6%97%8F%20%E9%9B%85%E7%BE%8E%20%E9%9B%85%E7%BE%8E%E6%97%8F HTTP/1.1" 200 28558
123.195.80.152 - - [05/May/2016:12:18:59 +0800] "GET /content/nav/relationSubject.jsp?relationWords=%E7%BE%85%E6%BC%A2%E6%9D%BE+%E8%98%AD%E5%B6%BC%E7%BE%85%E6%BC%A2%E6%9D%BE+&oid=16777463 HTTP/1.1" 200 4079
66.249.71.60 - - [05/May/2016:12:19:37 +0800] "GET /content/nav/relationSubject.jsp?relationWords=%E6%97%A5%E6%9C%AC%E7%89%9B%E8%86%9D+%E6%A4%8D%E7%89%A9%E7%95%8C+%E7%89%9B%E8%86%9D+%E7%89%9B%E8%86%9D%E5%B1%AC+%E7%9F%B3%E7%AB%B9+%E8%8E%A7%E7%A7%91+&oid=1105986 HTTP/1.1" 200 3372
180.76.15.141 - - [05/May/2016:12:19:53 +0800] "GET /content/repository/resource_content.jsp?oid=1587962&queryString=%E6%89%80%E5%BE%97%E7%A8%85%E7%A8%85%E7%8E%87%20%E6%B4%97%E6%9F%93%E6%A5%AD HTTP/1.1" 200 31489
66.249.71.60 - - [05/May/2016:12:20:08 +0800] "GET /content/repository/resource_content.jsp?oid=1625183 HTTP/1.1" 200 29254
66.249.71.127 - - [05/May/2016:12:20:44 +0800] "GET /content/nav/relationSubject.jsp?relationWords=%E5%87%8C%E7%B4%94%E8%81%B2+%E5%9C%8B%E6%B0%91%E6%94%BF%E5%BA%9C+%E7%B0%A1%E4%BB%BB+&oid=4364551 HTTP/1.1" 200 3189
66.249.71.119 - - [05/May/2016:12:20:52 +0800] "GET /content/nav/relationSubject.jsp?relationWords=%E5%87%8C%E7%B4%94%E8%81%B2%20%E5%9C%8B%E6%B0%91%E6%94%BF%E5%BA%9C%20%E7%B0%A1%E4%BB%BB%20&oid=4364551 HTTP/1.1" 200 3189
66.249.71.60 - - [05/May/2016:12:21:26 +0800] "GET /digiarch_en/content/repository/resource_content.jsp?oid=523619&queryType=qc&queryString= HTTP/1.1" 200 25655
66.249.71.105 - - [05/May/2016:12:21:41 +0800] "GET /content/nav/relationSubject.jsp?relationWords=%E4%B8%89%E9%BD%92+%E4%B8%89%E9%BD%92%E4%BB%94+%E5%AF%92%E9%AF%9B+%E6%97%A5%E6%9C%AC%E5%A9%86+%E6%97%A5%E6%9C%AC%E5%A9%86%E4%BB%94+%E6%99%AE%E6%8F%90+%E7%8B%90%E9%AF%9B+%E7%B4%85%E5%A8%98%E4%BB%94+%E9%9A%86%E9%A0%AD%E9%AD%9A+%E9%9A%86%E9%A0%AD%E9%AD%9A%E7%A7%91+%E9%BB%83%E6%96%91+%E9%BB%83%E6%96%91%E7%8B%90%E9%AF%9B+%E9%BB%9E%E5%B8%B6%E7%8B%90%E9%AF%9B+&oid=4352897 HTTP/1.1" 200 3940
66.249.71.113 - - [05/May/2016:12:21:43 +0800] "GET /content/nav/relationSubject.jsp?relationWords=%E4%B8%89%E9%BD%92%20%E4%B8%89%E9%BD%92%E4%BB%94%20%E5%AF%92%E9%AF%9B%20%E6%97%A5%E6%9C%AC%E5%A9%86%20%E6%97%A5%E6%9C%AC%E5%A9%86%E4%BB%94%20%E6%99%AE%E6%8F%90%20%E7%8B%90%E9%AF%9B%20%E7%B4%85%E5%A8%98%E4%BB%94%20%E9%9A%86%E9%A0%AD%E9%AD%9A%20%E9%9A%86%E9%A0%AD%E9%AD%9A%E7%A7%91%20%E9%BB%83%E6%96%91%20%E9%BB%83%E6%96%91%E7%8B%90%E9%AF%9B%20%E9%BB%9E%E5%B8%B6%E7%8B%90%E9%AF%9B%20&oid=4352897 HTTP/1.1" 200 3940
66.249.71.60 - - [05/May/2016:12:23:13 +0800] "GET /content/nav/relationSubject.jsp?relationWords=%E5%8B%9E%E4%BF%9D+%E6%B8%AF%E5%8B%99+%E6%B8%AF%E5%8B%99%E5%B1%80+%E7%A2%BC%E9%A0%AD%E5%B7%A5%E4%BA%BA+%E8%B2%BB%E7%8E%87+%E9%80%80%E4%BC%91%E9%87%91+&oid=1625183 HTTP/1.1" 200 5110
66.249.71.60 - - [05/May/2016:12:24:01 +0800] "GET /digiarch_en/content/repository/resource_content.jsp?oid=4363112&queryString=%E9%96%8B%E6%BC%B3%E8%81%96%E7%8E%8B HTTP/1.1" 200 21683
66.249.71.60 - - [05/May/2016:12:24:28 +0800] "GET /digiarch_en/content/repository/resource_content.jsp?oid=2689604&queryString=%E5%91%88%E6%8E%A7%20%E5%AD%80%E5%A9%A6 HTTP/1.1" 200 24189
66.249.71.127 - - [05/May/2016:12:25:19 +0800] "GET /content/repository/resource_content.jsp?oid=14479&queryType=qs&queryString=%E4%B9%9D%E5%B1%A4%E5%A1%94 HTTP/1.1" 200 34207
66.249.71.60 - - [05/May/2016:12:25:43 +0800] "GET /content/nav/relationSubject.jsp?relationWords=%E5%87%BA%E5%BC%B5%E6%89%80+%E5%A4%A7%E9%98%AA%E8%90%AC%E5%AF%8C%E5%95%86%E6%9C%83+%E6%9D%9C%E9%A6%99%E5%9C%8B+&oid=1887481 HTTP/1.1" 200 3252
66.249.79.200 - - [05/May/2016:12:25:45 +0800] "GET /content/nav/relationSubject.jsp?relationWords=%E5%87%BA%E5%BC%B5%E6%89%80%20%E5%A4%A7%E9%98%AA%E8%90%AC%E5%AF%8C%E5%95%86%E6%9C%83%20%E6%9D%9C%E9%A6%99%E5%9C%8B%20&oid=1887481 HTTP/1.1" 200 3252
66.249.71.60 - - [05/May/2016:12:26:11 +0800] "GET /content/repository/resource_content.jsp?oid=1636282 HTTP/1.1" 200 29101
111.83.103.134 - - [05/May/2016:12:26:16 +0800] "GET /digiarch3/content/repository/resource_content.jsp?oid=15372&queryType=qs&queryString=%E9%AD%9A%E6%A7%8D HTTP/1.1" 200 35623
111.83.103.134 - - [05/May/2016:12:26:17 +0800] "GET /digiarch3/content/nav/relationSubject.jsp?relationWords=%E6%89%93%E9%90%B5%E5%A9%86+%E6%9D%B1%E6%96%B9%E7%9F%B3%E9%B1%B8+%E6%9D%B1%E6%96%B9%E8%83%A1%E6%A4%92%E9%AF%9B+%E7%9F%B3%E9%B1%B8+%E8%83%A1%E6%A4%92%E9%AF%9B+%E8%8A%B1%E8%BA%AB+&oid=15372 HTTP/1.1" 200 3683
66.249.71.121 - - [05/May/2016:12:26:26 +0800] "GET /content/nav/relationSubject.jsp?relationWords=%E7%9B%B8%E6%80%9D%E6%A8%B9+&oid=16777519 HTTP/1.1" 200 3659
66.249.71.60 - - [05/May/2016:12:26:47 +0800] "GET /digiarch_en/content/nav/relationSubject.jsp?relationWords=%E4%BB%81%E5%92%8C%E5%AE%AE+%E8%81%96%E7%8E%8B+%E9%96%8B%E6%BC%B3%E8%81%96%E7%8E%8B+&oid=4363112 HTTP/1.1" 200 3095
66.249.71.60 - - [05/May/2016:12:27:03 +0800] "GET /content/repository/resource_content.jsp?oid=1571350 HTTP/1.1" 200 29028
203.31.32.44 - - [05/May/2016:12:27:22 +0800] "GET /content/repository/resource_content.jsp?oid=2146434 HTTP/1.1" 200 30826
203.31.32.44 - - [05/May/2016:12:27:24 +0800] "GET /content/nav/relationSubject.jsp?relationWords=%E6%A4%8D%E7%89%A9%E7%95%8C+%E7%81%B0%E8%8E%89+%E7%81%B0%E8%8E%89%E5%B1%AC+%E9%BE%8D%E8%86%BD+&oid=2146434 HTTP/1.1" 200 3482
66.249.79.135 - - [05/May/2016:12:27:37 +0800] "GET /content/nav/relationSubject.jsp?relationWords=%E5%A4%A7%E9%A0%AD%E7%8B%97%E6%AF%8D%E9%AD%9A+%E5%A4%A7%E9%A0%AD%E8%8A%B1%E6%A1%BF%E7%8B%97%E6%AF%8D+%E7%8B%97%E6%AF%8D+%E7%8B%97%E6%AF%8D%E9%AD%9A+%E8%8A%B1%E6%A1%BF%E7%8B%97%E6%AF%8D+%E8%8A%B1%E7%8B%97%E6%AF%8D+&oid=14479 HTTP/1.1" 200 3657
66.249.71.60 - - [05/May/2016:12:27:55 +0800] "GET /content/repository/resource_content.jsp?oid=1814318 HTTP/1.1" 200 28439
223.138.51.69 - - [05/May/2016:12:28:09 +0800] "GET /content/nav/relationSubject.jsp?relationWords=%E6%9C%A8%E7%8A%80+%E6%A1%82%E8%8A%B1+&oid=16777255 HTTP/1.1" 200 4029
66.249.71.60 - - [05/May/2016:12:28:24 +0800] "GET /content/nav/relationSubject.jsp?relationWords=&oid=1807014 HTTP/1.1" 200 1405
66.249.71.60 - - [05/May/2016:12:28:27 +0800] "GET /content/nav/relationSubject.jsp?relationWords=%E5%85%AC%E5%8B%99%E4%BA%BA%E5%93%A1+%E7%9C%B7%E8%88%8D+%E9%80%80%E4%BC%91%E5%85%AC%E5%8B%99%E4%BA%BA%E5%93%A1+&oid=1636282 HTTP/1.1" 200 3717
223.138.51.69 - - [05/May/2016:12:28:31 +0800] "GET /content/repository/resource_content.jsp?oid=3819385&queryString=%E6%9C%A8%E7%8A%80%20%E6%A1%82%E8%8A%B1 HTTP/1.1" 200 31541
223.138.51.69 - - [05/May/2016:12:28:32 +0800] "GET /content/nav/relationSubject.jsp?relationWords=%E6%9C%A8%E7%8A%80+%E6%9C%A8%E7%8A%80%E5%B1%AC+%E6%9C%A8%E7%8A%80%E7%A7%91+%E6%A4%8D%E7%89%A9%E7%95%8C+%E7%8E%84%E5%8F%83+%E7%95%B0%E5%9E%8B%E8%91%89%E6%9C%A8%E7%8A%80+&oid=3819385 HTTP/1.1" 200 3490
66.249.71.60 - - [05/May/2016:12:28:47 +0800] "GET /content/subject/resource_content.jsp?oid=16797242&queryType=qc HTTP/1.1" 200 46766
66.249.71.60 - - [05/May/2016:12:29:15 +0800] "GET /content/nav/relationSubject.jsp?relationWords=%E6%90%B6%E4%BF%AE+%E7%9C%81%E6%94%BF%E5%BA%9C+%E9%95%B7%E5%BA%9A+&oid=1556787 HTTP/1.1" 200 5410
66.249.71.60 - - [05/May/2016:12:29:18 +0800] "GET /content/nav/relationSubject.jsp?relationWords=%E6%90%B6%E4%BF%AE%20%E7%9C%81%E6%94%BF%E5%BA%9C%20%E9%95%B7%E5%BA%9A%20&oid=1556787 HTTP/1.1" 200 5410
194.187.168.213 - - [05/May/2016:12:29:28 +0800] "GET /digiarch_en/content/subject/resource_content.jsp?oid=16777841&queryType=qc HTTP/1.0" 200 21832
66.249.71.60 - - [05/May/2016:12:29:39 +0800] "GET /content/subject/resource_content.jsp?oid=16777396&queryString=%E9%9D%92%E5%89%9B%E6%AB%9F HTTP/1.1" 200 34727
66.249.79.200 - - [05/May/2016:12:29:43 +0800] "GET /content/nav/relationSubject.jsp?relationWords=%E4%BF%A1%E7%BE%A9%E9%84%89+%E6%9D%B1%E5%9F%94+%E8%89%BE%E7%88%BE+%E8%89%BE%E7%88%BE%E8%A5%BF+&oid=1571350 HTTP/1.1" 200 5768
66.249.71.60 - - [05/May/2016:12:30:08 +0800] "GET /content/nav/relationSubject.jsp?relationWords=%E5%AD%90%E8%A7%B6+&oid=1814318 HTTP/1.1" 200 3142
66.249.71.60 - - [05/May/2016:12:30:19 +0800] "GET /content/exhibit/exhibit.jsp?oid=16777797 HTTP/1.1" 200 26268
66.249.71.5 - - [05/May/2016:12:30:28 +0800] "GET /digiarch3/content/nav/relationSubject.jsp?relationWords=%E9%B0%93%E9%B0%BB+&oid=16777565 HTTP/1.1" 200 3700
66.249.71.3 - - [05/May/2016:12:30:31 +0800] "GET /content/subject/resource_content.jsp?oid=16777599&queryType=qc HTTP/1.1" 200 36988
66.249.71.5 - - [05/May/2016:12:30:34 +0800] "GET /digiarch3/content/nav/relationSubject.jsp?relationWords=%E9%B0%93%E9%B0%BB%20&oid=16777565 HTTP/1.1" 200 3700
40.77.167.20 - - [05/May/2016:12:30:37 +0800] "GET /content/repository/resource_content.jsp?oid=1579545 HTTP/1.1" 200 28872
66.249.71.5 - - [05/May/2016:12:31:23 +0800] "GET /digiarch3/content/subject/resource_content.jsp?oid=16777345&queryType=qc HTTP/1.1" 200 35062
66.249.71.127 - - [05/May/2016:12:31:49 +0800] "GET /content/repository/resource_content.jsp?oid=4362820&queryType=qs&queryString=%E8%BE%9F%E9%82%AA HTTP/1.1" 200 30540
66.249.71.60 - - [05/May/2016:12:32:02 +0800] "GET /content/nav/relationSubject.jsp?relationWords=%E9%9D%92%E5%89%9B+%E9%9D%92%E5%89%9B%E6%AB%9F+&oid=16777396 HTTP/1.1" 200 4042
66.249.71.60 - - [05/May/2016:12:32:15 +0800] "GET /content/repository/resource_content.jsp?oid=2642573&queryString=%E5%8C%BE%E9%A1%8D HTTP/1.1" 200 30528
66.249.71.5 - - [05/May/2016:12:32:37 +0800] "GET /content/nav/relationSubject.jsp?relationWords=%E5%90%8F%E9%83%A8+%E5%90%8F%E9%83%A8%E7%82%BA%E7%8E%8B+%E9%82%8A%E4%BF%B8+&oid=2684752 HTTP/1.1" 200 4096
66.249.71.5 - - [05/May/2016:12:32:46 +0800] "GET /content/nav/relationSubject.jsp?relationWords=%E5%90%8F%E9%83%A8%20%E5%90%8F%E9%83%A8%E7%82%BA%E7%8E%8B%20%E9%82%8A%E4%BF%B8%20&oid=2684752 HTTP/1.1" 200 4096
59.125.225.22 - - [05/May/2016:12:32:47 +0800] "GET /content/nav/relationSubject.jsp?relationWords=%E6%B4%8B%E7%8E%89%E8%98%AD+&oid=16777351 HTTP/1.1" 200 3545
66.249.71.50 - - [05/May/2016:12:32:55 +0800] "GET /content/nav/relationSubject.jsp?relationWords=%E4%B8%80%E6%96%B0%E6%9C%83+%E9%9C%A7%E5%B3%B0+&oid=16777620 HTTP/1.1" 200 5304
66.249.71.41 - - [05/May/2016:12:33:00 +0800] "GET /content/nav/relationSubject.jsp?relationWords=%E4%B8%80%E6%96%B0%E6%9C%83%20%E9%9C%A7%E5%B3%B0%20&oid=16777620 HTTP/1.1" 200 5304
66.249.71.60 - - [05/May/2016:12:33:32 +0800] "GET /content/nav/relationSubject.jsp?relationWords=%E5%8F%B8%E4%BB%A4%E9%83%A8+%E5%9C%8B%E9%98%B2%E9%83%A8+%E7%A7%81%E6%9C%89%E5%9C%9F%E5%9C%B0+%E8%87%BA%E4%B8%AD%E5%B8%82+%E8%A3%9D%E7%94%B2%E5%85%B5+%E8%BB%8D%E8%A3%9D+&oid=1522257 HTTP/1.1" 200 3364
66.249.71.60 - - [05/May/2016:12:33:35 +0800] "GET /content/nav/relationSubject.jsp?relationWords=%E5%8F%B8%E4%BB%A4%E9%83%A8%20%E5%9C%8B%E9%98%B2%E9%83%A8%20%E7%A7%81%E6%9C%89%E5%9C%9F%E5%9C%B0%20%E8%87%BA%E4%B8%AD%E5%B8%82%20%E8%A3%9D%E7%94%B2%E5%85%B5%20%E8%BB%8D%E8%A3%9D%20&oid=1522257 HTTP/1.1" 200 3364
66.249.71.119 - - [05/May/2016:12:33:58 +0800] "GET /content/subject/resource_content.jsp?oid=16777448&queryType=qc HTTP/1.1" 200 34545
60.251.63.97 - - [05/May/2016:12:34:15 +0800] "GET /content/nav/relationSubject.jsp?relationWords=%E6%9E%97%E7%A5%96%E5%A3%BD+%E8%93%AE%E8%88%AB+&oid=16777654 HTTP/1.1" 200 2701
180.217.216.172 - - [05/May/2016:12:35:33 +0800] "GET /content/subject/resource_content.jsp?oid=16797297&queryType=qc HTTP/1.1" 200 67888
180.217.216.172 - - [05/May/2016:12:35:35 +0800] "GET /content/nav/relationSubject.jsp?relationWords=&oid=16797297 HTTP/1.1" 200 1405
66.249.71.60 - - [05/May/2016:12:35:41 +0800] "GET /content/nav/relationSubject.jsp?relationWords=%E6%A4%86%E5%B1%AC+%E6%A4%8D%E7%89%A9%E7%95%8C+%E6%AE%BC%E6%96%97%E7%A7%91+%E8%B5%A4%E6%9F%AF+&oid=2148322 HTTP/1.1" 200 3302
66.249.71.5 - - [05/May/2016:12:35:41 +0800] "GET /digiarch3/content/nav/relationSubject.jsp?relationWords=%E5%BF%97%E4%BD%B3%E9%99%BD%E6%9D%9C%E9%B5%91+%E6%9D%9C%E9%B5%91+%E6%9D%9C%E9%B5%91%E8%8A%B1+%E7%99%BD%E7%90%89%E7%90%83%E6%9D%9C%E9%B5%91+%E8%91%97%E7%94%9F%E6%9D%9C%E9%B5%91+&oid=16777345 HTTP/1.1" 200 5135
66.249.71.60 - - [05/May/2016:12:35:45 +0800] "GET /content/repository/resource_content.jsp?oid=1108663 HTTP/1.1" 200 31131
66.249.71.60 - - [05/May/2016:12:35:45 +0800] "GET /content/nav/relationSubject.jsp?relationWords=%E6%A4%86%E5%B1%AC%20%E6%A4%8D%E7%89%A9%E7%95%8C%20%E6%AE%BC%E6%96%97%E7%A7%91%20%E8%B5%A4%E6%9F%AF%20&oid=2148322 HTTP/1.1" 200 3302
66.249.79.107 - - [05/May/2016:12:36:22 +0800] "GET /content/repository/resource_content.jsp?oid=2681408&queryType=qs&queryString=%E6%85%B6%E6%87%89 HTTP/1.1" 200 30077
140.128.179.185 - - [05/May/2016:12:37:17 +0800] "GET /content/nav/relationSubject.jsp?relationWords=&oid=16777542 HTTP/1.1" 200 1405
66.249.71.60 - - [05/May/2016:12:37:40 +0800] "GET /content/nav/relationSubject.jsp?relationWords=%E4%B8%80%E6%9E%9D%E8%8A%B1+%E4%B8%83%E8%91%89%E4%B8%80%E6%9E%9D%E8%8A%B1+%E4%B8%83%E8%91%89%E4%B8%80%E6%9E%9D%E8%8A%B1%E5%B1%AC+&oid=1108663 HTTP/1.1" 200 3531
66.249.71.60 - - [05/May/2016:12:38:21 +0800] "GET /content/nav/relationSubject.jsp?relationWords=%E6%A5%8A%E9%80%B5+%E7%9B%9B%E8%88%88%E5%87%BA%E7%89%88%E9%83%A8+&oid=2470593 HTTP/1.1" 200 1428
66.249.71.60 - - [05/May/2016:12:38:23 +0800] "GET /content/nav/relationSubject.jsp?relationWords=%E6%A5%8A%E9%80%B5%20%E7%9B%9B%E8%88%88%E5%87%BA%E7%89%88%E9%83%A8%20&oid=2470593 HTTP/1.1" 200 1428
66.249.71.60 - - [05/May/2016:12:39:10 +0800] "GET /content/subject/resource_content.jsp?oid=16777359 HTTP/1.1" 200 33881
66.249.71.60 - - [05/May/2016:12:40:54 +0800] "GET /content/subject/resource_content.jsp?oid=16777359&queryType=qc HTTP/1.1" 200 33881
180.153.236.17 - - [05/May/2016:12:42:06 +0800] "GET /content/subject/resource_content.jsp?oid=16777446&queryType=qc HTTP/1.1" 200 42184
220.135.133.228 - - [05/May/2016:12:42:52 +0800] "GET /content/repository/resource_content.jsp?oid=4363280&queryString=%E6%96%87%E6%AE%8A%E8%8F%A9%E8%96%A9 HTTP/1.1" 200 34280
220.135.133.228 - - [05/May/2016:12:42:53 +0800] "GET /content/nav/relationSubject.jsp?relationWords=%E6%96%87%E6%AE%8A+%E6%96%87%E6%AE%8A%E8%8F%A9%E8%96%A9+%E6%9C%A8%E9%9B%95+&oid=4363280 HTTP/1.1" 200 3057
123.125.71.46 - - [05/May/2016:12:43:09 +0800] "GET /content/repository/resource_content.jsp?oid=1823554 HTTP/1.1" 200 28761
140.137.9.103 - - [05/May/2016:12:43:52 +0800] "GET /content/nav/relationSubject.jsp?relationWords=%E6%AA%AC%E6%9E%9C+%E8%8A%92%E6%9E%9C+&oid=16777508 HTTP/1.1" 200 4379
66.249.71.60 - - [05/May/2016:12:44:07 +0800] "GET /content/nav/relationSubject.jsp?relationWords=%E6%BD%98%E6%B0%8F+%E7%88%B6%E7%B0%8B+%E9%A1%8C%E8%A8%98+&oid=1815538 HTTP/1.1" 200 4872
66.249.79.200 - - [05/May/2016:12:44:09 +0800] "GET /content/nav/relationSubject.jsp?relationWords=%E6%BD%98%E6%B0%8F%20%E7%88%B6%E7%B0%8B%20%E9%A1%8C%E8%A8%98%20&oid=1815538 HTTP/1.1" 200 4872
66.249.71.64 - - [05/May/2016:12:44:22 +0800] "GET /content/repository/resource_content.jsp?oid=1614717 HTTP/1.1" 200 29121
194.187.168.213 - - [05/May/2016:12:45:05 +0800] "GET /digiarch_en/content/subject/resource_content.jsp?oid=16777840&queryType=qc HTTP/1.0" 200 36216
66.249.79.200 - - [05/May/2016:12:45:14 +0800] "GET /content/repository/resource_content.jsp?oid=1106232 HTTP/1.1" 200 31429
140.137.9.103 - - [05/May/2016:12:45:24 +0800] "GET /content/repository/resource_content.jsp?oid=1105106&queryType=null&queryString=%E8%8A%92%E6%9E%9C HTTP/1.1" 200 31052
140.137.9.103 - - [05/May/2016:12:45:24 +0800] "GET /content/nav/relationSubject.jsp?relationWords=%E6%A4%8D%E7%89%A9%E7%95%8C+%E6%AA%AC%E6%9E%9C+%E6%BC%86%E6%A8%B9+%E6%BC%86%E6%A8%B9%E7%A7%91+%E7%84%A1%E6%82%A3%E5%AD%90+%E8%8A%92%E6%9E%9C+&oid=1105106 HTTP/1.1" 200 5056
66.249.71.5 - - [05/May/2016:12:45:36 +0800] "GET /digiarch3/content/repository/resource_content.jsp?oid=1563592&queryString=%E5%BD%B1%E5%B1%95 HTTP/1.1" 200 28667
66.249.71.121 - - [05/May/2016:12:45:52 +0800] "GET /content/nav/relationSubject.jsp?relationWords=%E5%8D%B0%E6%96%87+%E5%A4%AA%E5%B8%B8%E5%AF%BA+&oid=2657031 HTTP/1.1" 200 3101
66.249.71.105 - - [05/May/2016:12:45:56 +0800] "GET /content/nav/relationSubject.jsp?relationWords=%E5%8D%B0%E6%96%87%20%E5%A4%AA%E5%B8%B8%E5%AF%BA%20&oid=2657031 HTTP/1.1" 200 3101
66.249.71.60 - - [05/May/2016:12:46:03 +0800] "GET /content/subject/resource_content.jsp?oid=16777512&queryType=qc HTTP/1.1" 200 34514
66.249.71.3 - - [05/May/2016:12:46:06 +0800] "GET /content/repository/resource_content.jsp?oid=1461471&queryType=qs&queryString=%E5%9C%B0%E9%8C%A6%E8%8D%89%E5%B1%AC HTTP/1.1" 200 31299
66.249.71.3 - - [05/May/2016:12:46:43 +0800] "GET /content/nav/relationSubject.jsp?relationWords=%E6%97%A5%E6%9C%AC%E7%83%8F%E9%AD%B4%20%E6%B7%B1%E6%B5%B7%E4%B8%89%E8%A7%92%E4%BB%94%20%E7%83%8F%E9%AD%B4%20%E9%BB%91%E7%9A%AE%E5%88%80%20%E9%BB%91%E9%A3%9B%E5%88%80%20&oid=15282 HTTP/1.1" 200 3654
66.249.71.60 - - [05/May/2016:12:47:26 +0800] "GET /content/nav/relationSubject.jsp?relationWords=%E6%A4%8D%E7%89%A9%E7%95%8C+%E7%95%B6%E8%97%A5%E5%B1%AC+%E9%98%BF%E9%87%8C%E5%B1%B1%E7%95%B6%E8%97%A5+%E9%BE%8D%E8%86%BD+%E9%BE%8D%E8%86%BD%E7%A7%91+&oid=2150606 HTTP/1.1" 200 3577
66.249.71.60 - - [05/May/2016:12:47:28 +0800] "GET /content/nav/relationSubject.jsp?relationWords=%E6%A4%8D%E7%89%A9%E7%95%8C%20%E7%95%B6%E8%97%A5%E5%B1%AC%20%E9%98%BF%E9%87%8C%E5%B1%B1%E7%95%B6%E8%97%A5%20%E9%BE%8D%E8%86%BD%20%E9%BE%8D%E8%86%BD%E7%A7%91%20&oid=2150606 HTTP/1.1" 200 3577
37.59.19.36 - - [05/May/2016:12:47:30 +0800] "GET /content/subject/resource_content.jsp?oid=16777785&queryType=qc HTTP/1.1" 200 49917
66.249.71.3 - - [05/May/2016:12:49:23 +0800] "GET /content/nav/relationSubject.jsp?relationWords=%E6%A3%A7%E6%88%BF+%E8%A3%BD%E9%80%A0%E6%A5%AD+&oid=1629400 HTTP/1.1" 200 5096
66.249.71.119 - - [05/May/2016:12:49:33 +0800] "GET /content/nav/relationSubject.jsp?relationWords=%E5%9C%8B%E6%B0%91%E5%AD%B8%E6%A0%A1+%E5%AF%A6%E8%B8%90%E5%AD%B8%E7%A4%BE+%E7%9C%81%E8%AD%B0%E6%9C%83+%E7%9F%B3%E7%89%8C%E5%9C%8B%E6%B0%91%E5%AD%B8%E6%A0%A1+&oid=16777699 HTTP/1.1" 200 5414
66.249.71.119 - - [05/May/2016:12:49:36 +0800] "GET /content/nav/relationSubject.jsp?relationWords=%E5%9C%8B%E6%B0%91%E5%AD%B8%E6%A0%A1%20%E5%AF%A6%E8%B8%90%E5%AD%B8%E7%A4%BE%20%E7%9C%81%E8%AD%B0%E6%9C%83%20%E7%9F%B3%E7%89%8C%E5%9C%8B%E6%B0%91%E5%AD%B8%E6%A0%A1%20&oid=16777699 HTTP/1.1" 200 5414
66.249.71.119 - - [05/May/2016:12:49:38 +0800] "GET /content/nav/relationSubject.jsp?relationWords=%E6%A3%A7%E6%88%BF%20%E8%A3%BD%E9%80%A0%E6%A5%AD%20&oid=1629400 HTTP/1.1" 200 5096
140.137.9.103 - - [05/May/2016:12:50:13 +0800] "GET /content/nav/relationSubject.jsp?relationWords=%E6%AA%AC%E6%9E%9C+%E8%8A%92%E6%9E%9C+&oid=16777508 HTTP/1.1" 200 4379
66.249.79.186 - - [05/May/2016:12:50:26 +0800] "GET /digiarch3/content/subject/resource_content.jsp?oid=16777364&queryType=qc HTTP/1.1" 200 34543
36.225.163.27 - - [05/May/2016:12:50:37 +0800] "GET /digiarch_en/content/repository/resource_content.jsp?oid=4352526&queryString=%E6%B2%B9%E7%94%98%20%E8%BB%9F%E9%AA%A8%E7%94%98%20%E9%BB%91%E7%94%98%20%E9%BB%91%E7%B4%8B%E5%B0%8F%E6%A2%9D%E9%B0%A4 HTTP/1.1" 200 27355
36.225.163.27 - - [05/May/2016:12:50:38 +0800] "GET /digiarch_en/content/nav/relationSubject.jsp?relationWords=%E6%B2%B9%E7%94%98+%E8%BB%9F%E9%AA%A8%E7%94%98+%E9%BB%91%E7%94%98+%E9%BB%91%E7%B4%8B%E5%B0%8F%E6%A2%9D%E9%B0%A4+&oid=4352526 HTTP/1.1" 200 3503
66.249.71.60 - - [05/May/2016:12:51:17 +0800] "GET /content/tmp_exh/resource_content.jsp?oid=16777851&queryType=qc HTTP/1.1" 200 45681
66.249.71.60 - - [05/May/2016:12:52:06 +0800] "GET /content/nav/relationSubject.jsp?relationWords=%E4%B8%AD%E8%8F%AF%E8%B7%AF+%E8%B7%AF%E6%A9%8B+&oid=1571226 HTTP/1.1" 200 3134
66.249.71.5 - - [05/May/2016:12:52:09 +0800] "GET /content/repository/resource_content.jsp?oid=1887969&queryType=qs&queryString=%E6%9D%9C%E6%B8%85 HTTP/1.1" 200 31247
66.249.71.60 - - [05/May/2016:12:52:09 +0800] "GET /content/nav/relationSubject.jsp?relationWords=%E4%B8%AD%E8%8F%AF%E8%B7%AF%20%E8%B7%AF%E6%A9%8B%20&oid=1571226 HTTP/1.1" 200 3134
66.249.71.119 - - [05/May/2016:12:53:01 +0800] "GET /content/subject/resource_content.jsp?oid=16777769&queryType=qc HTTP/1.1" 200 41392
66.249.79.135 - - [05/May/2016:12:53:54 +0800] "GET /content/subject/resource_content.jsp?oid=16777728&queryString= HTTP/1.1" 200 65196
66.249.71.105 - - [05/May/2016:12:54:28 +0800] "GET /content/nav/relationSubject.jsp?relationWords=%E5%8B%92%E9%99%90+%E5%90%8F%E9%83%A8+%E9%8A%80%E6%AC%BE+&oid=2681408 HTTP/1.1" 200 4506
66.249.71.105 - - [05/May/2016:12:54:34 +0800] "GET /content/nav/relationSubject.jsp?relationWords=%E5%8B%92%E9%99%90%20%E5%90%8F%E9%83%A8%20%E9%8A%80%E6%AC%BE%20&oid=2681408 HTTP/1.1" 200 4506
66.249.71.5 - - [05/May/2016:12:54:50 +0800] "GET /digiarch3/content/subject/resource_content.jsp?oid=16777247&queryString=%E5%9C%93%E6%B5%B7%E7%87%95%20%E5%9C%93%E7%9C%BC%E7%87%95%E9%AD%9A%20%E7%87%95%E9%AD%9A%20%E7%99%BD%E9%AF%A7%E7%A7%91%20%E9%AF%A7%E4%BB%94 HTTP/1.1" 200 25710
66.249.71.72 - - [05/May/2016:12:55:21 +0800] "GET /content/nav/relationSubject.jsp?relationWords=%E5%9C%B0%E6%96%B9%E8%87%AA%E6%B2%BB+%E6%A5%8A%E5%9F%BA%E9%8A%93+%E9%BB%83%E4%BB%8B%E9%A8%AB+%E9%BB%83%E5%95%9F%E7%91%9E+&oid=1515910 HTTP/1.1" 200 3845
66.249.71.72 - - [05/May/2016:12:55:24 +0800] "GET /content/nav/relationSubject.jsp?relationWords=%E5%9C%B0%E6%96%B9%E8%87%AA%E6%B2%BB%20%E6%A5%8A%E5%9F%BA%E9%8A%93%20%E9%BB%83%E4%BB%8B%E9%A8%AB%20%E9%BB%83%E5%95%9F%E7%91%9E%20&oid=1515910 HTTP/1.1" 200 3845
66.249.71.127 - - [05/May/2016:12:55:36 +0800] "GET /content/repository/resource_content.jsp?oid=15422&queryString=%E5%89%AF%E7%9C%B6%E6%A3%98%E9%B1%B8%20%E6%B5%B7%E9%AF%BD%E4%BB%94%20%E7%B4%85%E5%B0%BE%E5%86%AC%E4%BB%94%20%E8%B5%A4%E5%B0%BE%E5%86%AC%20%E8%B5%A4%E6%B5%B7%20%E9%87%91%E7%B7%9A%E9%AD%9A%E7%A7%91 HTTP/1.1" 200 36119
66.249.71.113 - - [05/May/2016:12:56:28 +0800] "GET /content/repository/resource_content.jsp?oid=15836&queryType=qs&queryString=%E5%BD%A9%E8%99%B9 HTTP/1.1" 200 35354
66.249.71.50 - - [05/May/2016:12:56:54 +0800] "GET /content/nav/relationSubject.jsp?relationWords=%E6%8B%93%E7%89%87+%E7%A7%A6%E7%8E%8B+&oid=16777556 HTTP/1.1" 200 5098
66.249.71.59 - - [05/May/2016:12:56:56 +0800] "GET /content/nav/relationSubject.jsp?relationWords=%E6%8B%93%E7%89%87%20%E7%A7%A6%E7%8E%8B%20&oid=16777556 HTTP/1.1" 200 5098
140.137.9.103 - - [05/May/2016:12:56:57 +0800] "GET /content/nav/relationSubject.jsp?relationWords=%E6%AA%AC%E6%9E%9C+%E8%8A%92%E6%9E%9C+&oid=16777508 HTTP/1.1" 200 4379
66.249.71.127 - - [05/May/2016:12:57:20 +0800] "GET /content/repository/resource_content.jsp?oid=16268&queryType=qs&queryString=%E7%94%9F%E9%AD%9A%E7%89%87 HTTP/1.1" 200 35132
66.249.71.60 - - [05/May/2016:12:58:12 +0800] "GET /content/subject/resource_content.jsp?oid=16777503&queryString= HTTP/1.1" 200 40648
66.249.79.251 - - [05/May/2016:12:58:31 +0800] "GET /content/nav/relationSubject.jsp?relationWords=%E8%87%BA%E7%81%A3%E9%8E%AE+&oid=2675044 HTTP/1.1" 200 3150
66.249.71.127 - - [05/May/2016:12:58:35 +0800] "GET /content/nav/relationSubject.jsp?relationWords=%E8%87%BA%E7%81%A3%E9%8E%AE%20&oid=2675044 HTTP/1.1" 200 3150
66.249.71.121 - - [05/May/2016:12:59:33 +0800] "GET /content/repository/resource_content.jsp?oid=1549798&queryType=qs&queryString=%E6%BD%98%E7%A6%8F%E9%9A%86 HTTP/1.1" 200 30249
101.139.72.81 - - [05/May/2016:13:00:46 +0800] "GET /content/nav/relationSubject.jsp?relationWords=%E6%AA%AC%E6%9E%9C+%E8%8A%92%E6%9E%9C+&oid=16777508 HTTP/1.1" 200 4379
66.249.71.5 - - [05/May/2016:13:00:56 +0800] "GET /content/nav/relationSubject.jsp?relationWords=%E5%84%B2%E8%93%84+%E5%8A%87%E5%9C%98+%E5%9C%8B%E6%A0%A1+%E5%B1%B1%E8%83%9E+%E6%95%99%E8%82%B2%E5%BB%B3+%E6%B0%91%E6%94%BF%E5%BB%B3+%E7%89%A1%E4%B8%B9%E9%84%89+%E7%94%9F%E7%94%A2%E4%BA%8B%E6%A5%AD+%E8%AC%9D%E6%B8%85%E9%9B%B2+%E8%AD%A6%E5%8B%99%E8%99%95+%E8%BE%B2%E7%89%A7%E5%B1%80+%E9%A0%98%E5%B0%8E+&oid=1547237 HTTP/1.1" 200 5719
66.249.79.186 - - [05/May/2016:13:01:05 +0800] "GET /content/nav/relationSubject.jsp?relationWords=%E5%84%B2%E8%93%84%20%E5%8A%87%E5%9C%98%20%E5%9C%8B%E6%A0%A1%20%E5%B1%B1%E8%83%9E%20%E6%95%99%E8%82%B2%E5%BB%B3%20%E6%B0%91%E6%94%BF%E5%BB%B3%20%E7%89%A1%E4%B8%B9%E9%84%89%20%E7%94%9F%E7%94%A2%E4%BA%8B%E6%A5%AD%20%E8%AC%9D%E6%B8%85%E9%9B%B2%20%E8%AD%A6%E5%8B%99%E8%99%95%20%E8%BE%B2%E7%89%A7%E5%B1%80%20%E9%A0%98%E5%B0%8E%20&oid=1547237 HTTP/1.1" 200 5719
66.249.71.60 - - [05/May/2016:13:02:32 +0800] "GET /content/repository/resource_content.jsp?oid=1775091 HTTP/1.1" 200 29770
66.249.71.60 - - [05/May/2016:13:02:37 +0800] "GET /content/nav/relationSubject.jsp?relationWords=%E5%8F%B0%E7%81%A3%E5%8E%9F%E4%BD%8F%E6%B0%91+%E6%AE%96%E6%B0%91%E7%B5%B1%E6%B2%BB+&oid=1775091 HTTP/1.1" 200 5017
118.161.236.242 - - [05/May/2016:13:02:56 +0800] "GET /content/subject/resource_content.jsp?oid=16797293&queryType=qc HTTP/1.1" 200 46243
118.161.236.242 - - [05/May/2016:13:02:57 +0800] "GET /content/subject/resource_content.jsp?oid=16797293&queryType=qc HTTP/1.1" 200 46243
163.19.169.4 - - [05/May/2016:13:03:13 +0800] "GET /content/nav/relationSubject.jsp?relationWords=%E5%B1%B1%E8%8A%99%E8%93%89+%E6%9C%A8%E8%8A%99%E8%93%89+%E8%96%9B%E6%BF%A4+%E9%86%89%E8%8A%99%E8%93%89+&oid=16777260 HTTP/1.1" 200 4595
66.249.71.60 - - [05/May/2016:13:03:24 +0800] "GET /content/repository/resource_content.jsp?oid=2588690 HTTP/1.1" 200 29155
66.249.71.60 - - [05/May/2016:13:03:26 +0800] "GET /content/nav/relationSubject.jsp?relationWords=%E5%90%8D%E6%95%95+%E5%90%8D%E6%95%95%E6%9B%B8+%E5%9D%90%E5%90%8D+%E5%9D%90%E5%90%8D%E6%95%95%E6%9B%B8+%E6%95%95%E6%9B%B8+&oid=2588690 HTTP/1.1" 200 3287
163.19.169.4 - - [05/May/2016:13:03:48 +0800] "GET /content/subject/resource_content.jsp?oid=16777721&queryString= HTTP/1.1" 200 36349
163.19.169.4 - - [05/May/2016:13:03:48 +0800] "GET /content/nav/relationSubject.jsp?relationWords=%E7%8E%89%E5%B1%B1%E8%96%84%E9%9B%AA%E8%8D%89+%E8%96%84%E9%9B%AA%E8%8D%89+&oid=16777721 HTTP/1.1" 200 3736
66.249.71.60 - - [05/May/2016:13:04:05 +0800] "GET /content/repository/resource_content.jsp?oid=2147144 HTTP/1.1" 200 31054
163.19.169.4 - - [05/May/2016:13:04:08 +0800] "GET /content/subject/resource_content.jsp?oid=16777448&queryString= HTTP/1.1" 200 34534
163.19.169.4 - - [05/May/2016:13:04:08 +0800] "GET /content/nav/relationSubject.jsp?relationWords=%E5%B1%B1%E8%8C%B6%E8%8A%B1+%E6%9B%BC%E9%99%80%E7%BE%85+%E6%9B%BC%E9%99%80%E7%BE%85%E8%8A%B1+%E8%8C%B6%E8%8A%B1+&oid=16777448 HTTP/1.1" 200 3399
66.249.71.60 - - [05/May/2016:13:04:16 +0800] "GET /content/pictures/picture_content.jsp?oid=33554738 HTTP/1.1" 200 27700
66.249.71.105 - - [05/May/2016:13:05:08 +0800] "GET /content/repository/resource_content.jsp?oid=2674017&queryType=qs&queryString=%E9%96%8B%E5%A0%82%E9%8A%9C HTTP/1.1" 200 30180
66.249.71.121 - - [05/May/2016:13:05:10 +0800] "GET /content/nav/relationSubject.jsp?relationWords=%E5%A5%8F%E6%B4%BE+%E9%83%BD%E5%AF%9F%E9%99%A2+&oid=2674017 HTTP/1.1" 200 3149
66.249.71.127 - - [05/May/2016:13:06:00 +0800] "GET /content/repository/resource_content.jsp?oid=1604981&queryType=qs&queryString=%E9%97%9C%E4%BB%94%E5%B6%BA HTTP/1.1" 200 32527
66.249.71.119 - - [05/May/2016:13:06:06 +0800] "GET /content/nav/relationSubject.jsp?relationWords=%E4%BF%9D%E7%95%99%E5%9C%B0+%E5%85%AC%E5%85%B1%E8%A8%AD%E6%96%BD+%E5%9C%9F%E5%9C%B0%E6%89%80%E6%9C%89%E6%AC%8A+%E5%9C%9F%E5%9C%B0%E6%89%80%E6%9C%89%E6%AC%8A%E4%BA%BA+%E5%BB%BA%E8%A8%AD%E5%BB%B3+%E6%89%80%E6%9C%89%E6%AC%8A+%E6%89%80%E6%9C%89%E6%AC%8A%E4%BA%BA+%E6%94%A4%E8%B2%A9+%E6%A6%AE%E6%B0%91+%E6%B0%B4%E5%85%AC%E5%8F%B8+%E6%B0%B4%E9%8C%B6+%E7%99%BD%E6%B2%B3%E6%B0%B4%E5%BA%AB+%E7%A0%B4%E7%94%A2+%E7%A1%AB%E9%85%B8+%E7%A1%AB%E9%85%B8%E9%8C%8F+%E7%A4%A6%E7%89%A9+%E8%87%AA%E4%BE%86%E6%B0%B4+%E8%B2%B8%E6%AC%BE+%E8%B3%AA%E8%A9%A2+%E9%97%9C%E4%BB%94%E5%B6%BA+&oid=1604981 HTTP/1.1" 200 4954
59.126.84.27 - - [05/May/2016:13:06:28 +0800] "GET /digiarch_en/content/repository/resource_content.jsp?oid=1774618&queryString=%E5%88%BA%E6%A1%90%20%E7%8F%8A%E7%91%9A%E5%88%BA%E6%A1%90 HTTP/1.1" 200 24522
59.126.84.27 - - [05/May/2016:13:06:29 +0800] "GET /digiarch_en/content/nav/relationSubject.jsp?relationWords=%E5%88%BA%E6%A1%90+%E5%99%B6%E7%91%AA%E8%98%AD+%E5%99%B6%E7%91%AA%E8%98%AD%E6%97%8F+%E6%A1%90%E8%8A%B1+%E6%AD%B2%E6%99%82%E7%A5%AD%E5%84%80+%E7%A5%AD%E5%84%80+&oid=1774618 HTTP/1.1" 200 5664
66.249.71.60 - - [05/May/2016:13:06:51 +0800] "GET /content/repository/resource_content.jsp?oid=1779983&queryString=%E9%82%B5%E6%97%8F HTTP/1.1" 200 29728
