66.249.71.72 - - [09/May/2016:00:57:00 +0800] "GET /content/nav/relationSubject.jsp?relationWords=%E5%82%B5%E5%88%B8+%E5%B0%8F%E8%BE%B2+%E6%95%B4%E4%BF%AE+%E6%9B%BE%E6%96%87%E6%B0%B4%E5%BA%AB+%E7%82%BA%E8%88%88+%E7%B3%A7%E9%A3%9F%E5%A2%9E%E7%94%A2+%E7%B3%A7%E9%A3%9F%E5%B1%80+%E7%B3%A7%E9%A3%9F%E6%94%BF%E7%AD%96+%E8%B2%B8%E6%AC%BE+%E9%80%A3%E6%98%A5+%E9%9B%9C%E7%B3%A7+%E9%A3%9F%E7%B1%B3+&oid=1578079 HTTP/1.1" 200 5326
66.249.71.72 - - [09/May/2016:00:57:01 +0800] "GET /content/nav/relationSubject.jsp?relationWords=%E5%82%B5%E5%88%B8%20%E5%B0%8F%E8%BE%B2%20%E6%95%B4%E4%BF%AE%20%E6%9B%BE%E6%96%87%E6%B0%B4%E5%BA%AB%20%E7%82%BA%E8%88%88%20%E7%B3%A7%E9%A3%9F%E5%A2%9E%E7%94%A2%20%E7%B3%A7%E9%A3%9F%E5%B1%80%20%E7%B3%A7%E9%A3%9F%E6%94%BF%E7%AD%96%20%E8%B2%B8%E6%AC%BE%20%E9%80%A3%E6%98%A5%20%E9%9B%9C%E7%B3%A7%20%E9%A3%9F%E7%B1%B3%20&oid=1578079 HTTP/1.1" 200 5326
66.249.71.60 - - [09/May/2016:00:57:30 +0800] "GET /content/nav/relationSubject.jsp?relationWords=%E5%A5%9A%E4%B9%9D%E5%A6%82+%E7%9C%81%E6%94%BF%E5%BA%9C+%E8%87%BA%E5%8C%97%E5%B8%82+&oid=1518033 HTTP/1.1" 200 4557
66.249.71.64 - - [09/May/2016:00:57:31 +0800] "GET /content/nav/relationSubject.jsp?relationWords=%E5%A5%9A%E4%B9%9D%E5%A6%82%20%E7%9C%81%E6%94%BF%E5%BA%9C%20%E8%87%BA%E5%8C%97%E5%B8%82%20&oid=1518033 HTTP/1.1" 200 4557
66.249.77.91 - - [09/May/2016:00:57:37 +0800] "GET /content/nav/relationSubject.jsp?relationWords=%E6%A8%82%E7%94%9F+%E6%A8%82%E7%94%9F%E7%99%82%E9%A4%8A%E9%99%A2+%E7%99%82%E9%A4%8A%E9%99%A2+&oid=1566293 HTTP/1.1" 200 6575
66.249.77.91 - - [09/May/2016:00:57:39 +0800] "GET /content/nav/relationSubject.jsp?relationWords=%E6%A8%82%E7%94%9F%20%E6%A8%82%E7%94%9F%E7%99%82%E9%A4%8A%E9%99%A2%20%E7%99%82%E9%A4%8A%E9%99%A2%20&oid=1566293 HTTP/1.1" 200 6575
66.249.77.85 - - [09/May/2016:00:58:00 +0800] "GET /content/nav/relationSubject.jsp?relationWords=%E6%95%B8%E4%BD%8D%E5%85%B8%E8%97%8F+&oid=16777379 HTTP/1.1" 200 5913
66.249.71.72 - - [09/May/2016:00:58:22 +0800] "GET /content/repository/resource_content.jsp?oid=1112863&queryString=%E8%B9%84%E8%93%8B%E8%95%A8%E5%B1%AC HTTP/1.1" 200 30517
68.180.230.90 - - [09/May/2016:00:58:23 +0800] "GET /digiarch_en/content/subject/resource_content.jsp?oid=16777585&queryType=qc HTTP/1.1" 200 36275
66.249.77.85 - - [09/May/2016:00:58:33 +0800] "GET /content/nav/relationSubject.jsp?relationWords=%E6%96%91%E7%B4%8B%E7%8A%81%E9%A0%AD%E9%B0%A9+%E7%8A%81%E9%A0%AD+%E9%A3%AF%E5%8C%99+%E9%A3%AF%E5%8C%99%E9%AF%8A+%E9%AD%B4%E4%BB%94+&oid=4354130 HTTP/1.1" 200 3581
66.249.77.85 - - [09/May/2016:00:58:35 +0800] "GET /content/nav/relationSubject.jsp?relationWords=%E6%96%91%E7%B4%8B%E7%8A%81%E9%A0%AD%E9%B0%A9%20%E7%8A%81%E9%A0%AD%20%E9%A3%AF%E5%8C%99%20%E9%A3%AF%E5%8C%99%E9%AF%8A%20%E9%AD%B4%E4%BB%94%20&oid=4354130 HTTP/1.1" 200 3581
66.249.71.64 - - [09/May/2016:00:58:40 +0800] "GET /content/nav/relationSubject.jsp?relationWords=%E6%A4%8D%E7%89%A9%E7%95%8C+%E8%8F%8A%E7%A7%91+%E8%8F%AF%E8%96%8A+%E8%96%8A%E5%B1%AC+%E9%9B%99%E5%AD%90%E8%91%89+%E9%9B%99%E5%AD%90%E8%91%89%E6%A4%8D%E7%89%A9+&oid=1107748 HTTP/1.1" 200 3287
66.249.71.64 - - [09/May/2016:00:58:42 +0800] "GET /content/nav/relationSubject.jsp?relationWords=%E6%A4%8D%E7%89%A9%E7%95%8C%20%E8%8F%8A%E7%A7%91%20%E8%8F%AF%E8%96%8A%20%E8%96%8A%E5%B1%AC%20%E9%9B%99%E5%AD%90%E8%91%89%20%E9%9B%99%E5%AD%90%E8%91%89%E6%A4%8D%E7%89%A9%20&oid=1107748 HTTP/1.1" 200 3287
66.249.71.60 - - [09/May/2016:00:59:05 +0800] "GET /content/subject/resource_content.jsp?oid=16777506 HTTP/1.1" 200 45634
66.249.71.60 - - [09/May/2016:01:00:12 +0800] "GET /content/repository/resource_content.jsp?oid=1098088&queryString=%E6%A4%8D%E7%89%A9%E7%95%8C%20%E8%8F%8A%E7%A7%91%20%E8%92%B2%E5%85%AC%E8%8B%B1%E5%B1%AC%20%E8%A5%BF%E6%B4%8B%E8%92%B2%E5%85%AC%E8%8B%B1%20%E9%9B%99%E5%AD%90%E8%91%89%E6%A4%8D%E7%89%A9 HTTP/1.1" 200 31483
66.249.71.60 - - [09/May/2016:01:00:36 +0800] "GET /content/nav/relationSubject.jsp?relationWords=&oid=2595433 HTTP/1.1" 200 1405
66.249.71.5 - - [09/May/2016:01:01:09 +0800] "GET /digiarch3/content/nav/relationSubject.jsp?relationWords=%E6%9C%A8%E9%9B%95+%E6%B3%B0%E9%9B%85%E6%97%8F+&oid=1783365 HTTP/1.1" 200 3770
66.249.79.186 - - [09/May/2016:01:01:11 +0800] "GET /digiarch3/content/nav/relationSubject.jsp?relationWords=%E6%9C%A8%E9%9B%95%20%E6%B3%B0%E9%9B%85%E6%97%8F%20&oid=1783365 HTTP/1.1" 200 3770
101.226.166.229 - - [09/May/2016:01:01:23 +0800] "GET /content/subject/resource_content.jsp?oid=16777613&queryType=qc HTTP/1.1" 200 29496
66.249.79.200 - - [09/May/2016:01:01:41 +0800] "GET /content/repository/resource_content.jsp?oid=3825314&queryString=%E6%87%B8%E9%89%A4%E5%AD%90%E5%B1%AC%20%E6%A1%91%E8%91%89%E6%87%B8%E9%89%A4%E5%AD%90%20%E6%A4%8D%E7%89%A9%E7%95%8C%20%E8%96%94%E8%96%87%E7%9B%AE%20%E8%96%94%E8%96%87%E7%A7%91 HTTP/1.1" 200 31505
66.249.79.139 - - [09/May/2016:01:02:34 +0800] "GET /content/nav/relationSubject.jsp?relationWords=%E6%B0%91%E6%97%8F%E5%AD%B8%20%E6%B0%91%E9%96%93%E4%BF%A1%E4%BB%B0%20&oid=16777562 HTTP/1.1" 200 5105
101.226.167.198 - - [09/May/2016:01:02:55 +0800] "GET /content/subject/resource_content.jsp?oid=16777288&queryType=qc HTTP/1.1" 200 43937
66.249.71.5 - - [09/May/2016:01:03:56 +0800] "GET /digiarch3/content/repository/resource_content.jsp?oid=4547981&queryString=%E8%A7%92%E8%A0%91%E8%9E%BA HTTP/1.1" 200 30034
66.249.71.64 - - [09/May/2016:01:04:39 +0800] "GET /content/nav/relationSubject.jsp?relationWords=%E6%87%B8%E9%89%A4%E5%AD%90+%E6%87%B8%E9%89%A4%E5%AD%90%E5%B1%AC+%E6%A1%91%E8%91%89%E6%87%B8%E9%89%A4%E5%AD%90+%E6%A4%8D%E7%89%A9%E7%95%8C+%E8%91%89%E6%87%B8%E9%89%A4%E5%AD%90+%E8%96%94%E8%96%87%E7%9B%AE+%E8%96%94%E8%96%87%E7%A7%91+&oid=3825314 HTTP/1.1" 200 3508
66.249.71.72 - - [09/May/2016:01:04:41 +0800] "GET /content/nav/relationSubject.jsp?relationWords=%E6%87%B8%E9%89%A4%E5%AD%90%20%E6%87%B8%E9%89%A4%E5%AD%90%E5%B1%AC%20%E6%A1%91%E8%91%89%E6%87%B8%E9%89%A4%E5%AD%90%20%E6%A4%8D%E7%89%A9%E7%95%8C%20%E8%91%89%E6%87%B8%E9%89%A4%E5%AD%90%20%E8%96%94%E8%96%87%E7%9B%AE%20%E8%96%94%E8%96%87%E7%A7%91%20&oid=3825314 HTTP/1.1" 200 3508
66.249.71.64 - - [09/May/2016:01:04:42 +0800] "GET /content/nav/relationSubject.jsp?relationWords=%E7%9C%81%E6%94%BF%E5%BA%9C+%E8%87%BA%E5%8C%97%E7%B8%A3%E6%94%BF%E5%BA%9C+&oid=1618255 HTTP/1.1" 200 4537
66.249.71.64 - - [09/May/2016:01:04:43 +0800] "GET /content/nav/relationSubject.jsp?relationWords=%E7%9C%81%E6%94%BF%E5%BA%9C%20%E8%87%BA%E5%8C%97%E7%B8%A3%E6%94%BF%E5%BA%9C%20&oid=1618255 HTTP/1.1" 200 4537
140.112.247.44 - - [09/May/2016:01:04:47 +0800] "GET /content/subject/resource_content.jsp?oid=16797253&queryType=qc HTTP/1.1" 200 43053
140.112.247.44 - - [09/May/2016:01:04:47 +0800] "GET /content/nav/relationSubject.jsp?relationWords=%E6%BD%AE%E6%B5%81+%E7%A4%BE%E6%9C%83%E8%AE%8A%E9%81%B7+&oid=16797253 HTTP/1.1" 200 7712
66.249.71.121 - - [09/May/2016:01:04:53 +0800] "GET /content/nav/relationSubject.jsp?relationWords=%E7%9B%9B%E4%BA%AC+&oid=2514702 HTTP/1.1" 200 3103
66.249.79.107 - - [09/May/2016:01:05:02 +0800] "GET /content/nav/relationSubject.jsp?relationWords=%E5%90%8F%E9%83%A8+%E9%BB%91%E5%AD%90+&oid=2675839 HTTP/1.1" 200 3136
66.249.71.105 - - [09/May/2016:01:05:06 +0800] "GET /content/nav/relationSubject.jsp?relationWords=%E5%90%8F%E9%83%A8%20%E9%BB%91%E5%AD%90%20&oid=2675839 HTTP/1.1" 200 3136
66.249.71.60 - - [09/May/2016:01:05:48 +0800] "GET /content/repository/resource_content.jsp?oid=1552804&queryString=%E5%85%AB%E5%8D%A6%E5%B1%B1%20%E9%A2%A8%E6%99%AF%E5%8D%80 HTTP/1.1" 200 30196
66.249.71.60 - - [09/May/2016:01:06:08 +0800] "GET /content/nav/relationSubject.jsp?relationWords=%E6%9E%97%E5%8B%99%E5%B1%80+%E8%BE%B2%E6%9E%97+%E9%80%A0%E6%9E%97+&oid=1628940 HTTP/1.1" 200 5249
66.249.79.200 - - [09/May/2016:01:06:11 +0800] "GET /content/nav/relationSubject.jsp?relationWords=%E6%9E%97%E5%8B%99%E5%B1%80%20%E8%BE%B2%E6%9E%97%20%E9%80%A0%E6%9E%97%20&oid=1628940 HTTP/1.1" 200 5249
66.249.71.105 - - [09/May/2016:01:06:31 +0800] "GET /content/nav/relationSubject.jsp?relationWords=%E5%90%B3%E4%B8%80%E8%A1%9B+%E5%9C%8B%E6%A0%A1+%E6%9C%9F%E6%9C%9B+%E8%B3%AA%E8%A9%A2+%E8%BF%91%E8%A6%96+%E9%9B%BB%E8%A6%96%E5%8F%B0+%E9%BB%83%E5%A5%87%E6%AD%A3+&oid=1575560 HTTP/1.1" 200 5000
66.249.71.105 - - [09/May/2016:01:06:33 +0800] "GET /content/nav/relationSubject.jsp?relationWords=%E5%90%B3%E4%B8%80%E8%A1%9B%20%E5%9C%8B%E6%A0%A1%20%E6%9C%9F%E6%9C%9B%20%E8%B3%AA%E8%A9%A2%20%E8%BF%91%E8%A6%96%20%E9%9B%BB%E8%A6%96%E5%8F%B0%20%E9%BB%83%E5%A5%87%E6%AD%A3%20&oid=1575560 HTTP/1.1" 200 5000
66.249.71.5 - - [09/May/2016:01:07:48 +0800] "GET /digiarch3/content/nav/relationSubject.jsp?relationWords=%E5%8F%B2%E8%B9%9F%E6%A1%88+%E5%AF%A7%E9%9D%96%E7%8E%8B+%E6%9C%B1%E8%90%AC%E6%88%90+%E6%B0%91%E6%97%8F%E8%8B%B1%E9%9B%84+%E7%9C%81%E6%94%BF%E5%BA%9C+%E8%87%A8%E6%99%82%E7%9C%81%E8%AD%B0%E6%9C%83+%E8%87%BA%E7%81%A3%E7%9C%81+&oid=1528844 HTTP/1.1" 200 4802
66.249.71.5 - - [09/May/2016:01:07:50 +0800] "GET /digiarch3/content/nav/relationSubject.jsp?relationWords=%E5%8F%B2%E8%B9%9F%E6%A1%88%20%E5%AF%A7%E9%9D%96%E7%8E%8B%20%E6%9C%B1%E8%90%AC%E6%88%90%20%E6%B0%91%E6%97%8F%E8%8B%B1%E9%9B%84%20%E7%9C%81%E6%94%BF%E5%BA%9C%20%E8%87%A8%E6%99%82%E7%9C%81%E8%AD%B0%E6%9C%83%20%E8%87%BA%E7%81%A3%E7%9C%81%20&oid=1528844 HTTP/1.1" 200 4802
66.249.71.105 - - [09/May/2016:01:08:15 +0800] "GET /content/nav/relationSubject.jsp?relationWords=&oid=2679145 HTTP/1.1" 200 1405
66.249.79.200 - - [09/May/2016:01:09:32 +0800] "GET /content/subject/resource_content.jsp?oid=16777398&queryString=%E5%BF%97%E4%BD%B3%E9%99%BD%E6%9D%9C%E9%B5%91%20%E6%9D%9C%E9%B5%91%20%E6%9D%9C%E9%B5%91%E8%8A%B1%20%E7%99%BD%E7%90%89%E7%90%83%E6%9D%9C%E9%B5%91%20%E8%91%97%E7%94%9F%E6%9D%9C%E9%B5%91 HTTP/1.1" 200 29009
66.249.71.60 - - [09/May/2016:01:10:20 +0800] "GET /content/nav/relationSubject.jsp?relationWords=%E5%8F%B0%E7%81%A3%E5%8E%9F%E4%BD%8F%E6%B0%91%20%E6%95%B8%E4%BD%8D%E5%85%B8%E8%97%8F%20&oid=16777720 HTTP/1.1" 200 7508
66.249.79.117 - - [09/May/2016:01:10:21 +0800] "GET /content/nav/relationSubject.jsp?relationWords=%E6%91%BA%E7%89%87+%E8%86%A0%E6%B2%82+&oid=589694 HTTP/1.1" 200 3164
66.249.79.119 - - [09/May/2016:01:10:25 +0800] "GET /content/nav/relationSubject.jsp?relationWords=%E4%B8%80%E6%96%B0%E6%9C%83+%E9%9C%A7%E5%B3%B0+&oid=16777620 HTTP/1.1" 200 5304
66.249.71.60 - - [09/May/2016:01:10:31 +0800] "GET /digiarch_en/content/nav/relationSubject.jsp?relationWords=%E5%B9%B3%E8%A1%8C%E7%B7%9A%E8%9C%91%E8%9E%BA%20%E6%B2%B3%E8%9C%91%E8%9E%BA%E5%B1%AC%20%E8%85%B9%E8%B6%B3%E7%B6%B1%20%E8%9C%91%E8%9E%BA%20&oid=523600 HTTP/1.1" 200 3442
66.249.77.97 - - [09/May/2016:01:10:38 +0800] "GET /content/nav/relationSubject.jsp?relationWords=%E5%BD%8C%E5%8B%92%E4%BD%9B+&oid=4363416 HTTP/1.1" 200 3093
101.13.49.141 - - [09/May/2016:01:10:41 +0800] "GET /content/subject/resource_content.jsp?oid=16797242&queryType=qc HTTP/1.1" 200 46766
101.13.49.141 - - [09/May/2016:01:10:46 +0800] "GET /content/nav/relationSubject.jsp?relationWords=&oid=16797242 HTTP/1.1" 200 1405
66.249.79.200 - - [09/May/2016:01:11:10 +0800] "GET /content/nav/relationSubject.jsp?relationWords=%E8%B3%AA%E8%A9%A2+%E9%A0%90%E9%98%B2+&oid=1612109 HTTP/1.1" 200 3175
66.249.79.251 - - [09/May/2016:01:11:24 +0800] "GET /content/subject/resource_content.jsp?oid=16777494&queryType=qc HTTP/1.1" 200 51609
66.249.71.14 - - [09/May/2016:01:12:32 +0800] "GET /content/nav/relationSubject.jsp?relationWords=%E9%A6%AC%E9%9D%A2+&oid=4363443 HTTP/1.1" 200 3331
66.249.71.23 - - [09/May/2016:01:12:35 +0800] "GET /content/nav/relationSubject.jsp?relationWords=%E9%A6%AC%E9%9D%A2%20&oid=4363443 HTTP/1.1" 200 3331
182.118.25.219 - - [09/May/2016:01:12:59 +0800] "GET /content/subject/resource_content.jsp?oid=16777620&queryType=qc%3E HTTP/1.1" 200 54808
182.118.22.215 - - [09/May/2016:01:15:04 +0800] "GET /content/subject/resource_content.jsp?oid=16777657&queryType=qc HTTP/1.1" 200 71683
66.249.71.23 - - [09/May/2016:01:15:07 +0800] "GET /digiarch3/content/repository/resource_content.jsp?oid=4352493&queryType=qs&queryString=%E6%8B%96%E9%87%A3 HTTP/1.1" 200 34043
157.55.39.235 - - [09/May/2016:01:15:08 +0800] "GET /content/nav/relationSubject.jsp?relationWords=&oid=16777601 HTTP/1.1" 200 1405
157.55.39.34 - - [09/May/2016:01:15:30 +0800] "GET /content/subject/resource_content.jsp?oid=16777714 HTTP/1.1" 200 42382
40.77.167.20 - - [09/May/2016:01:15:46 +0800] "GET /content/nav/relationSubject.jsp?relationWords=GIS+%E5%9C%B0%E5%BD%A2%E5%9C%96+%E5%A0%A1%E5%9C%96+%E8%95%83%E5%9C%B0+&oid=16777714 HTTP/1.1" 200 4619
66.249.71.60 - - [09/May/2016:01:16:28 +0800] "GET /content/nav/relationSubject.jsp?relationWords=%E6%B3%A1%E8%9E%BA+%E8%85%B9%E8%B6%B3%E7%B6%B1+%E9%97%9C%E5%B3%B6+&oid=1123566 HTTP/1.1" 200 3227
114.38.149.198 - - [09/May/2016:01:17:34 +0800] "GET /content/subject/resource_content.jsp?oid=16797281&queryType=qc HTTP/1.1" 200 53085
114.38.149.198 - - [09/May/2016:01:17:35 +0800] "GET /content/nav/relationSubject.jsp?relationWords=%E5%AA%92%E9%AB%94+&oid=16797281 HTTP/1.1" 200 5011
66.249.71.64 - - [09/May/2016:01:18:51 +0800] "GET /content/repository/resource_content.jsp?oid=3817801&queryString=%E5%85%AB%E4%BB%99%E8%8A%B1%E5%B1%AC%20%E6%A4%8D%E7%89%A9%E7%95%8C%20%E7%8B%B9%E7%93%A3%E5%85%AB%E4%BB%99%E8%8A%B1%20%E8%96%94%E8%96%87%E7%9B%AE%20%E8%99%8E%E8%80%B3%E8%8D%89%E7%A7%91 HTTP/1.1" 200 31726
220.181.108.179 - - [09/May/2016:01:19:07 +0800] "GET /content/subject/resource_content.jsp?oid=16797290&queryType=qc HTTP/1.1" 200 48337
66.249.71.188 - - [09/May/2016:01:19:21 +0800] "GET /content/nav/relationSubject.jsp?relationWords=%E4%BF%A1%E7%94%A8%E5%90%88%E4%BD%9C%E7%A4%BE+%E5%85%AC%E6%95%99%E4%BA%BA%E5%93%A1+%E5%85%AC%E8%B3%A3%E5%B1%80+%E5%8D%B0%E8%8A%B1%E7%A8%85+%E5%90%88%E4%BD%9C%E7%A4%BE+%E5%AD%98%E6%AC%BE+%E5%B9%A3%E5%88%B6+%E6%81%A9%E7%B5%A6%E6%B3%95+%E6%89%80%E5%BE%97%E7%A8%85+%E6%94%AF%E7%A5%A8+%E6%A8%9F%E8%85%A6+%E7%9B%88%E9%A4%98+%E8%B2%A1%E6%94%BF+&oid=1539034 HTTP/1.1" 200 5342
66.249.71.194 - - [09/May/2016:01:19:23 +0800] "GET /content/nav/relationSubject.jsp?relationWords=%E4%BF%A1%E7%94%A8%E5%90%88%E4%BD%9C%E7%A4%BE%20%E5%85%AC%E6%95%99%E4%BA%BA%E5%93%A1%20%E5%85%AC%E8%B3%A3%E5%B1%80%20%E5%8D%B0%E8%8A%B1%E7%A8%85%20%E5%90%88%E4%BD%9C%E7%A4%BE%20%E5%AD%98%E6%AC%BE%20%E5%B9%A3%E5%88%B6%20%E6%81%A9%E7%B5%A6%E6%B3%95%20%E6%89%80%E5%BE%97%E7%A8%85%20%E6%94%AF%E7%A5%A8%20%E6%A8%9F%E8%85%A6%20%E7%9B%88%E9%A4%98%20%E8%B2%A1%E6%94%BF%20&oid=1539034 HTTP/1.1" 200 5342
66.249.71.64 - - [09/May/2016:01:20:35 +0800] "GET /content/nav/relationSubject.jsp?relationWords=%E5%85%AB%E5%88%86%E6%9B%B8+%E5%90%B3%E9%83%A1+%E5%98%89%E7%A5%A5+%E5%AD%9D%E5%BB%89+%E5%B1%B1%E6%9D%B1%E5%98%89%E7%A5%A5+%E5%BE%8C%E6%BC%A2%E6%9B%B8+%E6%95%A6%E7%85%8C+%E6%97%A5%E7%AB%8B+%E6%99%AF%E8%88%88+%E6%9D%B1%E6%BC%A2+%E6%AD%A6%E6%B0%8F%E7%A5%A0+%E6%B0%B8%E5%98%89+%E6%BC%A2%E6%9B%B8+%E7%9F%B3%E9%97%95+%E8%88%96%E9%A6%96+%E9%87%91%E7%9F%B3%E9%8C%84+%E9%95%B7%E5%8F%B2+%E9%9A%B8%E9%87%8B+%E9%A1%8C%E8%A8%98+&oid=1817915 HTTP/1.1" 200 6909
66.249.71.60 - - [09/May/2016:01:20:39 +0800] "GET /content/nav/relationSubject.jsp?relationWords=%E6%A4%8D%E7%89%A9%E7%95%8C+%E8%8F%8A%E7%A7%91+%E8%94%93%E6%BE%A4%E8%98%AD+%E8%94%93%E6%BE%A4%E8%98%AD%E5%B1%AC+%E9%9B%99%E5%AD%90%E8%91%89%E6%A4%8D%E7%89%A9+&oid=1104114 HTTP/1.1" 200 4809
66.249.71.60 - - [09/May/2016:01:20:41 +0800] "GET /content/nav/relationSubject.jsp?relationWords=%E6%A4%8D%E7%89%A9%E7%95%8C%20%E8%8F%8A%E7%A7%91%20%E8%94%93%E6%BE%A4%E8%98%AD%20%E8%94%93%E6%BE%A4%E8%98%AD%E5%B1%AC%20%E9%9B%99%E5%AD%90%E8%91%89%E6%A4%8D%E7%89%A9%20&oid=1104114 HTTP/1.1" 200 4809
66.249.77.91 - - [09/May/2016:01:20:55 +0800] "GET /content/nav/relationSubject.jsp?relationWords=%E6%96%87%E5%8C%96%E4%B8%AD%E5%BF%83+%E8%B3%AA%E8%A9%A2+&oid=1590660 HTTP/1.1" 200 5836
66.249.77.85 - - [09/May/2016:01:20:57 +0800] "GET /content/nav/relationSubject.jsp?relationWords=%E6%96%87%E5%8C%96%E4%B8%AD%E5%BF%83%20%E8%B3%AA%E8%A9%A2%20&oid=1590660 HTTP/1.1" 200 5836
66.249.71.60 - - [09/May/2016:01:21:34 +0800] "GET /content/nav/relationSubject.jsp?relationWords=%E7%A7%BB%E6%9C%83+&oid=2659870 HTTP/1.1" 200 3085
66.249.71.60 - - [09/May/2016:01:21:36 +0800] "GET /content/nav/relationSubject.jsp?relationWords=%E7%A7%BB%E6%9C%83%20&oid=2659870 HTTP/1.1" 200 3085
66.249.79.200 - - [09/May/2016:01:21:41 +0800] "GET /content/nav/relationSubject.jsp?relationWords=%E5%92%8C%E7%BE%8E%E9%8E%AE+%E5%A2%9E%E5%BB%BA+%E6%B4%BB%E5%8B%95%E4%B8%AD%E5%BF%83+%E7%9C%81%E6%94%BF%E5%BA%9C+%E7%A4%BE%E5%8D%80%E6%B4%BB%E5%8B%95+&oid=1611689 HTTP/1.1" 200 4672
66.249.71.60 - - [09/May/2016:01:22:35 +0800] "GET /content/repository/resource_content.jsp?oid=1545526&queryString=%E8%A5%BF%E8%9E%BA%E5%A4%A7%E6%A9%8B HTTP/1.1" 200 31346
66.249.71.60 - - [09/May/2016:01:22:49 +0800] "GET /content/nav/relationSubject.jsp?relationWords=%E5%8F%B0%E7%81%A3%E5%8E%9F%E4%BD%8F%E6%B0%91+%E5%B0%91%E6%95%B8%E6%B0%91%E6%97%8F+%E5%B8%83%E8%BE%B2+%E5%B8%83%E8%BE%B2%E6%97%8F+%E6%B3%B0%E9%9B%85+%E6%B3%B0%E9%9B%85%E6%97%8F+%E9%84%92%E6%97%8F+&oid=1778818 HTTP/1.1" 200 8131
66.249.71.60 - - [09/May/2016:01:22:50 +0800] "GET /content/nav/relationSubject.jsp?relationWords=%E5%8F%B0%E7%81%A3%E5%8E%9F%E4%BD%8F%E6%B0%91%20%E5%B0%91%E6%95%B8%E6%B0%91%E6%97%8F%20%E5%B8%83%E8%BE%B2%20%E5%B8%83%E8%BE%B2%E6%97%8F%20%E6%B3%B0%E9%9B%85%20%E6%B3%B0%E9%9B%85%E6%97%8F%20%E9%84%92%E6%97%8F%20&oid=1778818 HTTP/1.1" 200 8131
66.249.71.5 - - [09/May/2016:01:23:42 +0800] "GET /digiarch3/content/repository/resource_content.jsp?oid=3811223&queryString=%E4%BA%BA%E5%90%8D%E6%AC%8A%E5%A8%81%20%E5%93%A5%E5%80%AB%E6%AF%94%E4%BA%9E%20%E5%B7%B4%E6%8B%BF%E9%A6%AC%20%E7%99%BC%E5%9C%8B%E9%9B%BB HTTP/1.1" 200 31141
66.249.71.60 - - [09/May/2016:01:23:42 +0800] "GET /content/nav/relationSubject.jsp?relationWords=%E7%BD%B2%E5%BA%9C+&oid=2529292 HTTP/1.1" 200 3057
66.249.71.60 - - [09/May/2016:01:23:45 +0800] "GET /content/nav/relationSubject.jsp?relationWords=%E7%BD%B2%E5%BA%9C%20&oid=2529292 HTTP/1.1" 200 3057
66.249.71.60 - - [09/May/2016:01:24:27 +0800] "GET /content/repository/resource_content.jsp?oid=1124554 HTTP/1.1" 200 28629
66.249.79.193 - - [09/May/2016:01:24:28 +0800] "GET /digiarch3/content/nav/relationSubject.jsp?relationWords=%E5%B7%B4%E6%8B%BF%E9%A6%AC+%E6%A4%8D%E7%89%A9%E7%95%8C+&oid=3811223 HTTP/1.1" 200 3553
66.249.71.14 - - [09/May/2016:01:24:29 +0800] "GET /digiarch3/content/nav/relationSubject.jsp?relationWords=%E5%B7%B4%E6%8B%BF%E9%A6%AC%20%E6%A4%8D%E7%89%A9%E7%95%8C%20&oid=3811223 HTTP/1.1" 200 3553
66.249.79.200 - - [09/May/2016:01:24:58 +0800] "GET /content/nav/relationSubject.jsp?relationWords=%E5%B7%A1%E6%92%AB+%E9%A9%9B%E7%AB%99+&oid=2631889 HTTP/1.1" 200 4886
66.249.71.60 - - [09/May/2016:01:25:00 +0800] "GET /content/nav/relationSubject.jsp?relationWords=%E5%B7%A1%E6%92%AB%20%E9%A9%9B%E7%AB%99%20&oid=2631889 HTTP/1.1" 200 4886
66.249.79.139 - - [09/May/2016:01:25:05 +0800] "GET /content/nav/relationSubject.jsp?relationWords=%E7%A0%82%E5%B2%A9+%E7%A0%82%E5%B2%A9%E7%A4%AA%E7%9F%B3+%E7%A4%AA%E7%9F%B3+&oid=1850799 HTTP/1.1" 200 3091
66.249.77.85 - - [09/May/2016:01:25:07 +0800] "GET /content/nav/relationSubject.jsp?relationWords=%E7%A0%82%E5%B2%A9%20%E7%A0%82%E5%B2%A9%E7%A4%AA%E7%9F%B3%20%E7%A4%AA%E7%9F%B3%20&oid=1850799 HTTP/1.1" 200 3091
114.42.145.25 - - [09/May/2016:01:25:34 +0800] "GET /content/subject/resource_content.jsp?oid=16797295&queryType=qc HTTP/1.1" 200 66378
66.249.71.60 - - [09/May/2016:01:25:36 +0800] "GET /content/nav/relationSubject.jsp?relationWords=%E6%A4%8D%E7%89%A9%E7%95%8C+%E7%B4%B0%E8%BE%9B+%E7%B4%B0%E8%BE%9B%E5%B1%AC+%E8%96%84%E8%91%89+%E8%96%84%E8%91%89%E7%B4%B0%E8%BE%9B+%E9%A6%AC%E5%85%9C%E9%88%B4+&oid=1096705 HTTP/1.1" 200 3627
114.42.145.25 - - [09/May/2016:01:25:36 +0800] "GET /content/nav/relationSubject.jsp?relationWords=&oid=16797295 HTTP/1.1" 200 1405
66.249.71.60 - - [09/May/2016:01:25:37 +0800] "GET /content/nav/relationSubject.jsp?relationWords=%E6%A4%8D%E7%89%A9%E7%95%8C%20%E7%B4%B0%E8%BE%9B%20%E7%B4%B0%E8%BE%9B%E5%B1%AC%20%E8%96%84%E8%91%89%20%E8%96%84%E8%91%89%E7%B4%B0%E8%BE%9B%20%E9%A6%AC%E5%85%9C%E9%88%B4%20&oid=1096705 HTTP/1.1" 200 3627
66.249.71.60 - - [09/May/2016:01:26:19 +0800] "GET /content/repository/resource_content.jsp?oid=2150392 HTTP/1.1" 200 31108
66.249.71.60 - - [09/May/2016:01:27:08 +0800] "GET /content/nav/relationSubject.jsp?relationWords=%E5%B0%8F%E6%9E%87%E6%9D%B7%E8%9E%BA+%E6%9E%87%E6%9D%B7%E8%9E%BA+%E7%95%B0%E8%B6%B3%E7%9B%AE+%E8%85%B9%E8%B6%B3%E7%B6%B1+&oid=1637111 HTTP/1.1" 200 3364
66.249.71.60 - - [09/May/2016:01:27:10 +0800] "GET /content/nav/relationSubject.jsp?relationWords=%E5%B0%8F%E6%9E%87%E6%9D%B7%E8%9E%BA%20%E6%9E%87%E6%9D%B7%E8%9E%BA%20%E7%95%B0%E8%B6%B3%E7%9B%AE%20%E8%85%B9%E8%B6%B3%E7%B6%B1%20&oid=1637111 HTTP/1.1" 200 3364
66.249.79.186 - - [09/May/2016:01:27:23 +0800] "GET /content/nav/relationSubject.jsp?relationWords=%E5%88%BA%E5%B0%BE%E9%AF%9B%E7%A7%91+%E5%89%9D%E7%9A%AE%E4%BB%94+%E6%89%93%E9%90%B5%E5%A9%86+%E9%A6%AC%E9%9D%A2%E9%BC%BB%E9%AD%9A+&oid=1081659 HTTP/1.1" 200 3486
66.249.71.14 - - [09/May/2016:01:27:25 +0800] "GET /content/nav/relationSubject.jsp?relationWords=%E5%88%BA%E5%B0%BE%E9%AF%9B%E7%A7%91%20%E5%89%9D%E7%9A%AE%E4%BB%94%20%E6%89%93%E9%90%B5%E5%A9%86%20%E9%A6%AC%E9%9D%A2%E9%BC%BB%E9%AD%9A%20&oid=1081659 HTTP/1.1" 200 3486
66.249.71.113 - - [09/May/2016:01:27:43 +0800] "GET /content/nav/relationSubject.jsp?relationWords=%E5%8F%A4%E8%B2%9D+&oid=765423 HTTP/1.1" 200 3202
66.249.71.105 - - [09/May/2016:01:27:46 +0800] "GET /content/nav/relationSubject.jsp?relationWords=%E5%8F%A4%E8%B2%9D%20&oid=765423 HTTP/1.1" 200 3202
66.249.71.60 - - [09/May/2016:01:27:58 +0800] "GET /content/nav/relationSubject.jsp?relationWords=%E6%A4%8D%E7%89%A9%E7%95%8C+%E7%8D%BC%E7%8C%B4+%E7%8D%BC%E7%8C%B4%E6%A1%83+%E7%8D%BC%E7%8C%B4%E6%A1%83%E5%B1%AC+%E7%8D%BC%E7%8C%B4%E6%A1%83%E7%A7%91+&oid=1102747 HTTP/1.1" 200 3402
66.249.71.60 - - [09/May/2016:01:28:00 +0800] "GET /content/nav/relationSubject.jsp?relationWords=%E6%A4%8D%E7%89%A9%E7%95%8C%20%E7%8D%BC%E7%8C%B4%20%E7%8D%BC%E7%8C%B4%E6%A1%83%20%E7%8D%BC%E7%8C%B4%E6%A1%83%E5%B1%AC%20%E7%8D%BC%E7%8C%B4%E6%A1%83%E7%A7%91%20&oid=1102747 HTTP/1.1" 200 3402
66.249.71.60 - - [09/May/2016:01:28:11 +0800] "GET /content/repository/resource_content.jsp?oid=1776044 HTTP/1.1" 200 30044
66.249.71.60 - - [09/May/2016:01:28:18 +0800] "GET /content/nav/relationSubject.jsp?relationWords=&oid=2578555 HTTP/1.1" 200 1405
66.249.71.60 - - [09/May/2016:01:28:53 +0800] "GET /content/nav/relationSubject.jsp?relationWords=%E6%B3%B0%E9%9B%85+%E6%B3%B0%E9%9B%85%E6%97%8F+%E9%9C%A7%E7%A4%BE%E4%BA%8B%E4%BB%B6+&oid=1774254 HTTP/1.1" 200 4370
66.249.79.200 - - [09/May/2016:01:28:56 +0800] "GET /content/nav/relationSubject.jsp?relationWords=%E6%B3%B0%E9%9B%85%20%E6%B3%B0%E9%9B%85%E6%97%8F%20%E9%9C%A7%E7%A4%BE%E4%BA%8B%E4%BB%B6%20&oid=1774254 HTTP/1.1" 200 4370
66.249.79.200 - - [09/May/2016:01:29:45 +0800] "GET /content/nav/relationSubject.jsp?relationWords=%E7%A5%A8%E6%93%9A%E6%B3%95+%E7%A9%BA%E9%A0%AD%E6%94%AF%E7%A5%A8+&oid=1560776 HTTP/1.1" 200 6181
66.249.71.60 - - [09/May/2016:01:29:48 +0800] "GET /content/nav/relationSubject.jsp?relationWords=%E7%A5%A8%E6%93%9A%E6%B3%95%20%E7%A9%BA%E9%A0%AD%E6%94%AF%E7%A5%A8%20&oid=1560776 HTTP/1.1" 200 6181
66.249.79.200 - - [09/May/2016:01:31:01 +0800] "GET /content/repository/resource_content.jsp?oid=1811030 HTTP/1.1" 200 31346
66.249.79.200 - - [09/May/2016:01:31:55 +0800] "GET /content/repository/resource_content.jsp?oid=1774177 HTTP/1.1" 200 29854
40.77.167.20 - - [09/May/2016:01:32:50 +0800] "GET /content/nav/relationSubject.jsp?relationWords=%E5%8D%83%E5%B9%B4%E6%A1%90+%E6%A1%90%E8%8A%B1+%E6%B2%B9%E6%A1%90+&oid=16777599 HTTP/1.1" 200 3738
66.249.71.60 - - [09/May/2016:01:33:46 +0800] "GET /content/repository/resource_content.jsp?oid=1532433&queryString=%E6%A4%8D%E6%B0%91 HTTP/1.1" 200 30125
66.249.79.109 - - [09/May/2016:01:33:50 +0800] "GET /content/nav/relationSubject.jsp?relationWords=%E5%90%8F%E9%83%A8+&oid=2557721 HTTP/1.1" 200 3101
66.249.71.121 - - [09/May/2016:01:33:52 +0800] "GET /content/nav/relationSubject.jsp?relationWords=%E5%90%8F%E9%83%A8%20&oid=2557721 HTTP/1.1" 200 3101
220.181.108.96 - - [09/May/2016:01:34:02 +0800] "GET /digiarch_en/content/subject/resource_content.jsp?oid=16777819&queryType=qc HTTP/1.1" 200 31173
66.249.71.60 - - [09/May/2016:01:35:06 +0800] "GET /content/nav/relationSubject.jsp?relationWords=%E4%BA%94%E7%91%9E+%E4%BA%94%E7%91%9E%E5%9C%96+%E5%85%AB%E5%88%86%E6%9B%B8+%E9%BB%83%E9%BE%8D+&oid=1811030 HTTP/1.1" 200 4522
66.249.71.60 - - [09/May/2016:01:35:09 +0800] "GET /content/nav/relationSubject.jsp?relationWords=%E5%B7%A1%E6%92%AB+%E6%B1%9F%E5%AF%A7+&oid=2515486 HTTP/1.1" 200 3122
66.249.71.60 - - [09/May/2016:01:35:10 +0800] "GET /content/nav/relationSubject.jsp?relationWords=%E4%BA%94%E7%91%9E%20%E4%BA%94%E7%91%9E%E5%9C%96%20%E5%85%AB%E5%88%86%E6%9B%B8%20%E9%BB%83%E9%BE%8D%20&oid=1811030 HTTP/1.1" 200 4522
66.249.71.60 - - [09/May/2016:01:35:14 +0800] "GET /content/nav/relationSubject.jsp?relationWords=%E5%B7%A1%E6%92%AB%20%E6%B1%9F%E5%AF%A7%20&oid=2515486 HTTP/1.1" 200 3122
66.249.77.85 - - [09/May/2016:01:35:16 +0800] "GET /content/nav/relationSubject.jsp?relationWords=%E5%8F%A4%E5%A1%94+%E5%AF%A7%E5%8F%A4%E5%A1%94+&oid=2683961 HTTP/1.1" 200 3164
66.249.77.91 - - [09/May/2016:01:35:20 +0800] "GET /content/nav/relationSubject.jsp?relationWords=%E5%8F%A4%E5%A1%94%20%E5%AF%A7%E5%8F%A4%E5%A1%94%20&oid=2683961 HTTP/1.1" 200 3164
220.134.40.100 - - [09/May/2016:01:35:33 +0800] "GET /content/subject/resource_content.jsp?oid=16797244&queryString= HTTP/1.1" 200 50442
220.134.40.100 - - [09/May/2016:01:35:34 +0800] "GET /content/nav/relationSubject.jsp?relationWords=%E6%8E%A8%E8%83%8C%E5%9C%96+&oid=16797244 HTTP/1.1" 200 2217
66.249.71.5 - - [09/May/2016:01:35:39 +0800] "GET /digiarch3/content/repository/resource_content.jsp?oid=16300&queryString=%E7%9F%AD%E5%96%99%E9%BC%BB%E9%AD%9A HTTP/1.1" 200 34745
66.249.71.113 - - [09/May/2016:01:35:45 +0800] "GET /content/nav/relationSubject.jsp?relationWords=%E5%8F%83%E7%B8%A3%E5%AE%98+%E5%B7%A1%E6%92%AB+%E6%B1%9F%E5%AF%A7+&oid=2633478 HTTP/1.1" 200 3172
66.249.71.113 - - [09/May/2016:01:35:47 +0800] "GET /content/nav/relationSubject.jsp?relationWords=%E5%8F%83%E7%B8%A3%E5%AE%98%20%E5%B7%A1%E6%92%AB%20%E6%B1%9F%E5%AF%A7%20&oid=2633478 HTTP/1.1" 200 3172
68.180.230.90 - - [09/May/2016:01:35:55 +0800] "GET /digiarch_en/content/pictures/picture_content.jsp?oid=33554807&queryType=qc HTTP/1.1" 200 21913
66.249.71.60 - - [09/May/2016:01:36:31 +0800] "GET /content/nav/relationSubject.jsp?relationWords=%E8%9B%A4%E8%9C%8A+%E8%9B%A4%E8%9C%8A%E6%B8%AF+%E9%99%B8%E6%B8%AC%E5%9C%96+&oid=220943 HTTP/1.1" 200 3164
66.249.71.60 - - [09/May/2016:01:36:32 +0800] "GET /content/nav/relationSubject.jsp?relationWords=%E8%9B%A4%E8%9C%8A%20%E8%9B%A4%E8%9C%8A%E6%B8%AF%20%E9%99%B8%E6%B8%AC%E5%9C%96%20&oid=220943 HTTP/1.1" 200 3164
66.249.71.5 - - [09/May/2016:01:36:34 +0800] "GET /content/nav/relationSubject.jsp?relationWords=%E6%9D%9C%E9%A6%99%E5%9C%8B+%E8%B3%B4%E6%A3%AE%E6%9E%97+&oid=1887970 HTTP/1.1" 200 3157
66.249.71.5 - - [09/May/2016:01:36:36 +0800] "GET /content/nav/relationSubject.jsp?relationWords=%E6%9D%9C%E9%A6%99%E5%9C%8B%20%E8%B3%B4%E6%A3%AE%E6%9E%97%20&oid=1887970 HTTP/1.1" 200 3157
66.249.71.121 - - [09/May/2016:01:36:39 +0800] "GET /content/nav/relationSubject.jsp?relationWords=%E8%B2%A1%E7%A5%9E+&oid=4363593 HTTP/1.1" 200 2942
66.249.79.105 - - [09/May/2016:01:36:41 +0800] "GET /content/nav/relationSubject.jsp?relationWords=%E8%B2%A1%E7%A5%9E%20&oid=4363593 HTTP/1.1" 200 2942
66.249.71.50 - - [09/May/2016:01:37:13 +0800] "GET /content/nav/relationSubject.jsp?relationWords=%E4%BF%9D%E7%94%9F%E5%A4%A7%E5%B8%9D+%E5%B9%B3%E5%AE%89%E7%AC%A6+&oid=4362872 HTTP/1.1" 200 3091
66.249.71.50 - - [09/May/2016:01:37:20 +0800] "GET /content/nav/relationSubject.jsp?relationWords=%E4%BF%9D%E7%94%9F%E5%A4%A7%E5%B8%9D%20%E5%B9%B3%E5%AE%89%E7%AC%A6%20&oid=4362872 HTTP/1.1" 200 3091
66.249.77.97 - - [09/May/2016:01:37:30 +0800] "GET /content/repository/resource_content.jsp?oid=1834614&queryType=qs&queryString=%E6%BC%81%E5%A4%AB HTTP/1.1" 200 36836
66.249.71.60 - - [09/May/2016:01:37:31 +0800] "GET /content/nav/relationSubject.jsp?relationWords=%E7%AB%B9%E8%91%89+%E7%AB%B9%E8%91%89%E5%AD%90+%E8%B1%AC%E5%85%AC%E9%BC%BB+&oid=1464180 HTTP/1.1" 200 3671
66.249.71.60 - - [09/May/2016:01:37:33 +0800] "GET /content/nav/relationSubject.jsp?relationWords=%E7%AB%B9%E8%91%89%20%E7%AB%B9%E8%91%89%E5%AD%90%20%E8%B1%AC%E5%85%AC%E9%BC%BB%20&oid=1464180 HTTP/1.1" 200 3671
66.249.71.60 - - [09/May/2016:01:37:56 +0800] "GET /content/nav/relationSubject.jsp?relationWords=%E5%8F%B0%E7%81%A3%E9%87%8E%E8%96%84%E8%8D%B7+%E5%94%87%E5%BD%A2%E7%A7%91+%E6%A4%8D%E7%89%A9%E7%95%8C+%E8%96%84%E8%8D%B7+%E9%87%8E%E8%96%84%E8%8D%B7%E5%B1%AC+%E9%9B%99%E5%AD%90%E8%91%89%E6%A4%8D%E7%89%A9+&oid=2148296 HTTP/1.1" 200 3509
66.249.71.60 - - [09/May/2016:01:37:59 +0800] "GET /content/nav/relationSubject.jsp?relationWords=%E5%8F%B0%E7%81%A3%E9%87%8E%E8%96%84%E8%8D%B7%20%E5%94%87%E5%BD%A2%E7%A7%91%20%E6%A4%8D%E7%89%A9%E7%95%8C%20%E8%96%84%E8%8D%B7%20%E9%87%8E%E8%96%84%E8%8D%B7%E5%B1%AC%20%E9%9B%99%E5%AD%90%E8%91%89%E6%A4%8D%E7%89%A9%20&oid=2148296 HTTP/1.1" 200 3509
66.249.71.5 - - [09/May/2016:01:38:00 +0800] "GET /digiarch3/content/nav/relationSubject.jsp?relationWords=%E4%B8%AD%E8%97%A5+%E4%B9%BE%E5%85%83+%E5%95%86%E8%A1%8C+%E8%BF%AA%E5%8C%96%E8%A1%97+&oid=16777773 HTTP/1.1" 200 3815
66.249.71.5 - - [09/May/2016:01:38:02 +0800] "GET /digiarch3/content/nav/relationSubject.jsp?relationWords=%E4%B8%AD%E8%97%A5%20%E4%B9%BE%E5%85%83%20%E5%95%86%E8%A1%8C%20%E8%BF%AA%E5%8C%96%E8%A1%97%20&oid=16777773 HTTP/1.1" 200 3815
66.249.71.5 - - [09/May/2016:01:38:22 +0800] "GET /digiarch3/content/repository/resource_content.jsp?oid=2145035&queryString=%E6%A1%AB%E6%AC%8F%20%E6%A4%8D%E7%89%A9%E7%95%8C%20%E7%AD%86%E7%AD%92%E6%A8%B9%20%E8%95%A8%E9%A1%9E%E6%A4%8D%E7%89%A9 HTTP/1.1" 200 31287
66.249.71.60 - - [09/May/2016:01:38:29 +0800] "GET /content/nav/relationSubject.jsp?relationWords=%E6%A4%8D%E7%89%A9%E7%95%8C+%E7%BE%8A%E8%B9%84%E7%94%B2%E5%B1%AC+%E8%8F%8A%E8%8A%B1%E6%9C%A8+%E8%A0%B6%E8%B1%86+%E9%9B%99%E5%AD%90%E8%91%89%E6%A4%8D%E7%89%A9+&oid=2145896 HTTP/1.1" 200 3408
66.249.79.200 - - [09/May/2016:01:38:32 +0800] "GET /content/nav/relationSubject.jsp?relationWords=%E6%A4%8D%E7%89%A9%E7%95%8C%20%E7%BE%8A%E8%B9%84%E7%94%B2%E5%B1%AC%20%E8%8F%8A%E8%8A%B1%E6%9C%A8%20%E8%A0%B6%E8%B1%86%20%E9%9B%99%E5%AD%90%E8%91%89%E6%A4%8D%E7%89%A9%20&oid=2145896 HTTP/1.1" 200 3408
66.249.71.5 - - [09/May/2016:01:39:22 +0800] "GET /digiarch3/content/repository/resource_content.jsp?oid=1896949&queryString=%E6%9D%B1%E6%B5%B7%E5%A4%A7%E5%AD%B8%20%E7%BE%8E%E6%8F%B4%20%E8%87%BA%E4%B8%AD%E5%B8%82 HTTP/1.1" 200 31846
180.153.236.17 - - [09/May/2016:01:39:24 +0800] "GET /content/subject/resource_content.jsp?oid=16777378&queryType=qc HTTP/1.1" 200 33334
111.184.3.79 - - [09/May/2016:01:40:56 +0800] "GET /content/nav/relationSubject.jsp?relationWords=%E5%8D%83%E5%B9%B4%E6%A1%90+%E6%A1%90%E8%8A%B1+%E6%B2%B9%E6%A1%90+&oid=16777599 HTTP/1.1" 200 3738
66.249.77.97 - - [09/May/2016:01:41:14 +0800] "GET /content/repository/resource_content.jsp?oid=2519991&queryType=qs&queryString=%E5%BB%BA%E6%98%8C HTTP/1.1" 200 29988
66.249.71.72 - - [09/May/2016:01:41:15 +0800] "GET /content/nav/relationSubject.jsp?relationWords=%E4%B9%9D%E6%B1%9F%E9%97%9C+%E5%90%8F%E9%83%A8+%E7%9B%88%E9%A4%98+%E9%8A%80%E5%85%A9+&oid=2688650 HTTP/1.1" 200 5499
66.249.71.60 - - [09/May/2016:01:41:19 +0800] "GET /content/nav/relationSubject.jsp?relationWords=%E4%B9%9D%E6%B1%9F%E9%97%9C%20%E5%90%8F%E9%83%A8%20%E7%9B%88%E9%A4%98%20%E9%8A%80%E5%85%A9%20&oid=2688650 HTTP/1.1" 200 5499
40.77.167.20 - - [09/May/2016:01:41:43 +0800] "GET /content/nav/relationSubject.jsp?relationWords=%E5%8F%B0%E7%81%A3%E5%8E%9F%E4%BD%8F%E6%B0%91+%E7%85%99%E6%96%97+%E8%8F%B8%E8%8D%89+&oid=16777483 HTTP/1.1" 200 5127
66.249.71.64 - - [09/May/2016:01:41:59 +0800] "GET /content/nav/relationSubject.jsp?relationWords=%E5%85%AB%E4%BA%8C%E4%B8%89+%E6%B7%A1%E6%B0%B4%E9%8E%AE+%E8%87%BA%E5%8C%97%E7%B8%A3+%E9%99%B8%E8%BB%8D%E7%B8%BD%E9%83%A8+%E9%BB%83%E4%B9%9E%E9%A3%9F+&oid=1522295 HTTP/1.1" 200 5375
66.249.79.200 - - [09/May/2016:01:42:01 +0800] "GET /content/nav/relationSubject.jsp?relationWords=%E5%85%AB%E4%BA%8C%E4%B8%89%20%E6%B7%A1%E6%B0%B4%E9%8E%AE%20%E8%87%BA%E5%8C%97%E7%B8%A3%20%E9%99%B8%E8%BB%8D%E7%B8%BD%E9%83%A8%20%E9%BB%83%E4%B9%9E%E9%A3%9F%20&oid=1522295 HTTP/1.1" 200 5375
66.249.71.64 - - [09/May/2016:01:42:01 +0800] "GET /content/nav/relationSubject.jsp?relationWords=%E5%90%8F%E9%83%A8+%E7%A7%BB%E6%9C%83+&oid=2640436 HTTP/1.1" 200 3125
66.249.71.60 - - [09/May/2016:01:42:03 +0800] "GET /content/nav/relationSubject.jsp?relationWords=%E5%90%8F%E9%83%A8%20%E7%A7%BB%E6%9C%83%20&oid=2640436 HTTP/1.1" 200 3125
66.249.71.60 - - [09/May/2016:01:42:35 +0800] "GET /content/nav/relationSubject.jsp?relationWords=%E5%88%91%E9%83%A8+&oid=2680275 HTTP/1.1" 200 3095
66.249.71.60 - - [09/May/2016:01:42:37 +0800] "GET /content/nav/relationSubject.jsp?relationWords=%E5%88%91%E9%83%A8%20&oid=2680275 HTTP/1.1" 200 3095
66.249.79.105 - - [09/May/2016:01:43:00 +0800] "GET /content/nav/relationSubject.jsp?relationWords=%E6%AE%96%E6%B0%91%E7%B5%B1%E6%B2%BB+&oid=16797282 HTTP/1.1" 200 2852
66.249.71.105 - - [09/May/2016:01:43:02 +0800] "GET /content/nav/relationSubject.jsp?relationWords=%E6%AE%96%E6%B0%91%E7%B5%B1%E6%B2%BB%20&oid=16797282 HTTP/1.1" 200 2852
66.249.77.91 - - [09/May/2016:01:43:06 +0800] "GET /content/subject/resource_content.jsp?oid=16777384&queryString=GIS HTTP/1.1" 200 35634
36.224.159.219 - - [09/May/2016:01:43:50 +0800] "GET /content/nav/relationSubject.jsp?relationWords=%E7%99%BD%E5%8D%83%E5%B1%A4+&oid=16777287 HTTP/1.1" 200 3852
110.28.91.239 - - [09/May/2016:01:44:25 +0800] "GET /content/nav/relationSubject.jsp?relationWords=%E5%8D%83%E5%B9%B4%E6%A1%90+%E6%A1%90%E8%8A%B1+%E6%B2%B9%E6%A1%90+&oid=16777599 HTTP/1.1" 200 3738
66.249.71.188 - - [09/May/2016:01:45:05 +0800] "GET /content/nav/relationSubject.jsp?relationWords=%E6%9D%B1%E9%9B%8D+%E7%B5%B3%E5%B7%9E+%E7%B5%B3%E5%B7%9E%E6%9D%B1%E9%9B%8D+&oid=571317 HTTP/1.1" 200 3155
66.249.71.188 - - [09/May/2016:01:45:07 +0800] "GET /content/nav/relationSubject.jsp?relationWords=%E6%9D%B1%E9%9B%8D%20%E7%B5%B3%E5%B7%9E%20%E7%B5%B3%E5%B7%9E%E6%9D%B1%E9%9B%8D%20&oid=571317 HTTP/1.1" 200 3155
66.249.71.14 - - [09/May/2016:01:45:14 +0800] "GET /digiarch3/content/nav/relationSubject.jsp?relationWords=%E9%87%91%E9%8C%A2%E4%BB%94+&oid=15272 HTTP/1.1" 200 3319
220.181.108.144 - - [09/May/2016:01:45:43 +0800] "GET /content/repository/resource_content.jsp?oid=1858163 HTTP/1.1" 200 29734
66.249.71.60 - - [09/May/2016:01:45:43 +0800] "GET /content/pictures/picture_content.jsp?oid=33554730 HTTP/1.1" 200 27810
66.249.79.119 - - [09/May/2016:01:46:50 +0800] "GET /content/repository/resource_content.jsp?oid=1124521&queryString=%E7%B0%BE%E8%9B%A4%E7%9B%AE%20%E7%B0%BE%E8%9B%A4%E7%A7%91%20%E8%8A%B1%E8%9B%A4%20%E8%BB%9F%E9%AB%94%E5%8B%95%E7%89%A9%E9%96%80%20%E9%9B%99%E6%AE%BC%E7%B6%B1 HTTP/1.1" 200 36368
40.77.167.20 - - [09/May/2016:01:47:35 +0800] "GET /content/nav/relationSubject.jsp?relationWords=&oid=16777459 HTTP/1.1" 200 1405
66.249.71.60 - - [09/May/2016:01:48:42 +0800] "GET /content/subject/resource_content.jsp?oid=16777616&queryType=qs&queryString=%E5%8F%B0%E7%81%A3%E5%8F%B2 HTTP/1.1" 200 27134
66.249.71.188 - - [09/May/2016:01:49:21 +0800] "GET /content/nav/relationSubject.jsp?relationWords=%E5%B0%8F%E7%9C%BC%E8%8A%B1%E7%B0%BE%E8%9B%A4+%E6%B5%B7%E7%93%9C%E5%AD%90+%E7%B0%BE%E8%9B%A4+%E7%B0%BE%E8%9B%A4%E7%9B%AE+%E7%B0%BE%E8%9B%A4%E7%A7%91+%E8%8A%B1%E7%B0%BE%E8%9B%A4+%E8%8A%B1%E7%B0%BE%E8%9B%A4%E5%B1%AC+%E8%8A%B1%E8%9B%A4+%E8%9B%A4%E7%A7%91+%E9%9B%99%E6%AE%BC%E7%B6%B1+&oid=1124521 HTTP/1.1" 200 3860
66.249.71.200 - - [09/May/2016:01:49:23 +0800] "GET /content/nav/relationSubject.jsp?relationWords=%E5%B0%8F%E7%9C%BC%E8%8A%B1%E7%B0%BE%E8%9B%A4%20%E6%B5%B7%E7%93%9C%E5%AD%90%20%E7%B0%BE%E8%9B%A4%20%E7%B0%BE%E8%9B%A4%E7%9B%AE%20%E7%B0%BE%E8%9B%A4%E7%A7%91%20%E8%8A%B1%E7%B0%BE%E8%9B%A4%20%E8%8A%B1%E7%B0%BE%E8%9B%A4%E5%B1%AC%20%E8%8A%B1%E8%9B%A4%20%E8%9B%A4%E7%A7%91%20%E9%9B%99%E6%AE%BC%E7%B6%B1%20&oid=1124521 HTTP/1.1" 200 3860
66.249.71.72 - - [09/May/2016:01:49:34 +0800] "GET /content/nav/relationSubject.jsp?relationWords=%E6%96%87%E6%97%A6+%E6%9F%91%E6%A9%98+%E6%9F%91%E6%A9%98%E5%B1%AC+%E6%A4%8D%E7%89%A9%E7%95%8C+%E8%8A%B8%E9%A6%99+%E8%8A%B8%E9%A6%99%E7%A7%91+%E9%BA%BB%E8%B1%86+&oid=2143180 HTTP/1.1" 200 9623
66.249.71.64 - - [09/May/2016:01:49:37 +0800] "GET /content/nav/relationSubject.jsp?relationWords=%E6%96%87%E6%97%A6%20%E6%9F%91%E6%A9%98%20%E6%9F%91%E6%A9%98%E5%B1%AC%20%E6%A4%8D%E7%89%A9%E7%95%8C%20%E8%8A%B8%E9%A6%99%20%E8%8A%B8%E9%A6%99%E7%A7%91%20%E9%BA%BB%E8%B1%86%20&oid=2143180 HTTP/1.1" 200 9623
66.249.71.194 - - [09/May/2016:01:50:02 +0800] "GET /content/repository/resource_content.jsp?oid=2143180&queryString=%E6%96%87%E6%97%A6%20%E8%B1%A1%E7%9A%AE%E7%97%85%20%E8%B1%AB%E9%98%B2%20%E9%BA%BB%E8%B1%86 HTTP/1.1" 200 30887
138.19.36.197 - - [09/May/2016:01:50:23 +0800] "GET /content/nav/relationSubject.jsp?relationWords=%E8%8B%A6%E8%8B%93+&oid=16777317 HTTP/1.1" 200 3183
66.249.71.72 - - [09/May/2016:01:50:34 +0800] "GET /content/repository/resource_content.jsp?oid=4351709&queryString=%E7%83%8F%E5%BF%83%E7%9F%B3%20%E9%B1%B8%E9%B0%BB HTTP/1.1" 200 35429
138.19.36.197 - - [09/May/2016:01:51:03 +0800] "GET /content/repository/resource_content.jsp?oid=3822213&queryString=%E8%8B%A6%E8%8B%93 HTTP/1.1" 200 31412
138.19.36.197 - - [09/May/2016:01:51:03 +0800] "GET /content/nav/relationSubject.jsp?relationWords=API+%E5%8F%B0%E7%81%A3%E6%AC%92%E6%A8%B9+%E6%A4%8D%E7%89%A9%E7%95%8C+%E6%AC%92%E6%A8%B9+%E7%84%A1%E6%82%A3%E5%AD%90+%E7%84%A1%E6%82%A3%E5%AD%90%E7%A7%91+%E8%8B%A6%E8%8B%93+%E8%8B%A6%E8%8B%93%E8%88%85+&oid=3822213 HTTP/1.1" 200 4936
157.55.39.178 - - [09/May/2016:01:51:06 +0800] "GET /content/subject/resource_content.jsp?oid=16777620 HTTP/1.1" 200 54819
66.249.71.113 - - [09/May/2016:01:52:00 +0800] "GET /content/nav/relationSubject.jsp?relationWords=%E7%9A%87%E6%B0%91+%E7%9A%87%E6%B0%91%E5%A5%89%E5%85%AC%E6%9C%83+&oid=2470501 HTTP/1.1" 200 10140
66.249.71.105 - - [09/May/2016:01:52:02 +0800] "GET /content/nav/relationSubject.jsp?relationWords=%E7%9A%87%E6%B0%91%20%E7%9A%87%E6%B0%91%E5%A5%89%E5%85%AC%E6%9C%83%20&oid=2470501 HTTP/1.1" 200 10140
66.249.71.194 - - [09/May/2016:01:52:23 +0800] "GET /content/nav/relationSubject.jsp?relationWords=%E7%A8%85%E5%8B%99+%E9%A0%86%E5%A4%A9%E5%BA%9C+&oid=2685021 HTTP/1.1" 200 3146
66.249.79.119 - - [09/May/2016:01:52:24 +0800] "GET /content/nav/relationSubject.jsp?relationWords=%E7%A8%85%E5%8B%99%20%E9%A0%86%E5%A4%A9%E5%BA%9C%20&oid=2685021 HTTP/1.1" 200 3146
66.249.71.72 - - [09/May/2016:01:52:31 +0800] "GET /content/nav/relationSubject.jsp?relationWords=%E5%B8%83%E8%BE%B2+%E5%B8%83%E8%BE%B2%E6%97%8F+&oid=1777572 HTTP/1.1" 200 3193
66.249.79.207 - - [09/May/2016:01:52:34 +0800] "GET /content/nav/relationSubject.jsp?relationWords=%E5%B8%83%E8%BE%B2%20%E5%B8%83%E8%BE%B2%E6%97%8F%20&oid=1777572 HTTP/1.1" 200 3193
157.55.39.34 - - [09/May/2016:01:52:51 +0800] "GET /content/nav/relationSubject.jsp?relationWords=%E8%8A%B1%E9%82%8A+&oid=33554549 HTTP/1.1" 200 3002
66.249.71.60 - - [09/May/2016:01:52:51 +0800] "GET /content/nav/relationSubject.jsp?relationWords=%E4%BA%A4%E9%80%9A%E5%AE%89%E5%85%A8+%E5%85%AC%E8%B7%AF%E5%B1%80+%E5%AE%89%E5%85%A8%E6%A1%88+%E6%9F%8F%E6%B2%B9%E8%B7%AF%E9%9D%A2+&oid=1627971 HTTP/1.1" 200 4727
66.249.71.60 - - [09/May/2016:01:53:00 +0800] "GET /content/nav/relationSubject.jsp?relationWords=%E8%87%BA%E7%81%A3%E7%9C%81+&oid=1540418 HTTP/1.1" 200 4343
66.249.71.60 - - [09/May/2016:01:53:03 +0800] "GET /content/nav/relationSubject.jsp?relationWords=%E8%87%BA%E7%81%A3%E7%9C%81%20&oid=1540418 HTTP/1.1" 200 4343
66.249.71.60 - - [09/May/2016:01:53:06 +0800] "GET /content/nav/relationSubject.jsp?relationWords=%E4%BA%A4%E9%80%9A%E5%AE%89%E5%85%A8%20%E5%85%AC%E8%B7%AF%E5%B1%80%20%E5%AE%89%E5%85%A8%E6%A1%88%20%E6%9F%8F%E6%B2%B9%E8%B7%AF%E9%9D%A2%20&oid=1627971 HTTP/1.1" 200 4727
66.249.71.113 - - [09/May/2016:01:53:54 +0800] "GET /content/nav/relationSubject.jsp?relationWords=&oid=2624549 HTTP/1.1" 200 1405
66.249.79.139 - - [09/May/2016:01:54:18 +0800] "GET /content/subject/resource_content.jsp?oid=16777356&queryType=qs&queryString=%E7%83%8F%E9%A0%AD%E7%BF%81 HTTP/1.1" 200 32599
66.249.79.186 - - [09/May/2016:01:54:22 +0800] "GET /content/nav/relationSubject.jsp?relationWords=%E9%87%9D%E7%89%9B%E5%B0%BE+&oid=14940 HTTP/1.1" 200 3349
66.249.79.186 - - [09/May/2016:01:54:24 +0800] "GET /content/nav/relationSubject.jsp?relationWords=%E9%87%9D%E7%89%9B%E5%B0%BE%20&oid=14940 HTTP/1.1" 200 3349
66.249.71.72 - - [09/May/2016:01:55:43 +0800] "GET /content/nav/relationSubject.jsp?relationWords=&oid=2513692 HTTP/1.1" 200 1405
66.249.71.5 - - [09/May/2016:01:56:09 +0800] "GET /digiarch3/content/repository/resource_content.jsp?oid=15240&queryType=qs&queryString=%E6%96%B0%E6%9C%88%E5%BD%A2 HTTP/1.1" 200 34044
66.249.71.60 - - [09/May/2016:01:56:21 +0800] "GET /content/nav/relationSubject.jsp?relationWords=%E9%A6%98%E9%A6%96+&oid=1773391 HTTP/1.1" 200 2413
66.249.71.64 - - [09/May/2016:01:56:25 +0800] "GET /content/nav/relationSubject.jsp?relationWords=%E9%A6%98%E9%A6%96%20&oid=1773391 HTTP/1.1" 200 2413
66.249.79.186 - - [09/May/2016:01:56:37 +0800] "GET /digiarch3/content/nav/relationSubject.jsp?relationWords=%E5%85%AC%E8%B7%AF%E5%B7%A5%E7%A8%8B+%E5%8A%89%E8%88%88+%E5%8D%97%E5%8C%97%E9%AB%98%E9%80%9F%E5%85%AC%E8%B7%AF+%E6%98%8E%E8%88%88+%E6%99%82%E5%83%B9+%E7%A2%BE%E7%B1%B3+%E8%91%89%E5%AF%92%E9%9D%92+%E8%94%A1%E9%B4%BB%E6%96%87+%E8%AD%B0%E9%95%B7+%E9%99%B3%E6%A0%B9%E5%A1%97+%E9%AB%98%E8%82%B2%E4%BB%81+%E9%AB%98%E9%80%9F%E5%85%AC%E8%B7%AF+%E9%BB%83%E5%8D%A0%E5%B2%B8+&oid=1896873 HTTP/1.1" 200 6780
66.249.71.5 - - [09/May/2016:01:56:40 +0800] "GET /digiarch3/content/nav/relationSubject.jsp?relationWords=%E5%85%AC%E8%B7%AF%E5%B7%A5%E7%A8%8B%20%E5%8A%89%E8%88%88%20%E5%8D%97%E5%8C%97%E9%AB%98%E9%80%9F%E5%85%AC%E8%B7%AF%20%E6%98%8E%E8%88%88%20%E6%99%82%E5%83%B9%20%E7%A2%BE%E7%B1%B3%20%E8%91%89%E5%AF%92%E9%9D%92%20%E8%94%A1%E9%B4%BB%E6%96%87%20%E8%AD%B0%E9%95%B7%20%E9%99%B3%E6%A0%B9%E5%A1%97%20%E9%AB%98%E8%82%B2%E4%BB%81%20%E9%AB%98%E9%80%9F%E5%85%AC%E8%B7%AF%20%E9%BB%83%E5%8D%A0%E5%B2%B8%20&oid=1896873 HTTP/1.1" 200 6780
220.181.108.179 - - [09/May/2016:01:57:21 +0800] "GET /digiarch_en/content/subject/resource_content.jsp?oid=16777643&queryType=qc HTTP/1.1" 200 28211
66.249.71.64 - - [09/May/2016:01:58:01 +0800] "GET /content/subject/resource_content.jsp?oid=16777423&queryString=%E5%B8%82%E8%AD%B0%E5%93%A1%20%E5%BB%A2%E6%A3%84%E7%89%A9%20%E6%B6%88%E9%98%B2%20%E8%99%95%E7%90%86%E6%8A%80%E8%A1%93%20%E8%AD%A6%E5%AF%9F%20%E9%84%89%E9%8E%AE%E9%95%B7 HTTP/1.1" 200 39869
66.249.79.109 - - [09/May/2016:01:58:14 +0800] "GET /content/nav/relationSubject.jsp?relationWords=%E5%8F%B0%E7%81%A3%E5%8E%9F%E4%BD%8F%E6%B0%91%20%E9%83%BD%E5%B8%82%E5%8E%9F%E4%BD%8F%E6%B0%91%20%E9%AB%98%E9%9B%84%E5%B8%82%20&oid=1775368 HTTP/1.1" 200 6398
157.55.39.34 - - [09/May/2016:01:58:46 +0800] "GET /content/subject/resource_content.jsp?oid=16777287 HTTP/1.1" 200 33603
66.249.79.186 - - [09/May/2016:01:58:53 +0800] "GET /digiarch3/content/nav/relationSubject.jsp?relationWords=%E6%9E%97%E6%B0%8F%E8%8C%9C%E8%8D%89+%E6%A4%8D%E7%89%A9%E7%95%8C+%E8%8C%9C%E8%8D%89+%E8%8C%9C%E8%8D%89%E5%B1%AC+%E8%8C%9C%E8%8D%89%E7%A7%91+&oid=3818147 HTTP/1.1" 200 3414
66.249.71.5 - - [09/May/2016:01:58:55 +0800] "GET /digiarch3/content/nav/relationSubject.jsp?relationWords=%E6%9E%97%E6%B0%8F%E8%8C%9C%E8%8D%89%20%E6%A4%8D%E7%89%A9%E7%95%8C%20%E8%8C%9C%E8%8D%89%20%E8%8C%9C%E8%8D%89%E5%B1%AC%20%E8%8C%9C%E8%8D%89%E7%A7%91%20&oid=3818147 HTTP/1.1" 200 3414
66.249.71.5 - - [09/May/2016:01:59:40 +0800] "GET /digiarch3/content/subject/resource_content.jsp?oid=16777653&queryType=qc HTTP/1.1" 200 57830
66.249.79.186 - - [09/May/2016:01:59:54 +0800] "GET /digiarch3/content/subject/resource_content.jsp?oid=16777653&queryType=qc HTTP/1.1" 200 57830
66.249.71.64 - - [09/May/2016:01:59:55 +0800] "GET /content/repository/resource_content.jsp?oid=1519820 HTTP/1.1" 200 29388
66.249.71.64 - - [09/May/2016:02:01:45 +0800] "GET /content/repository/resource_content.jsp?oid=1776659&queryString=%E5%8F%A4%E5%9C%B0%E5%9C%96 HTTP/1.1" 200 27241
66.249.77.97 - - [09/May/2016:02:02:33 +0800] "GET /content/nav/relationSubject.jsp?relationWords=%E5%87%8C%E7%B4%94%E8%81%B2+%E5%A5%91%E7%B4%84%E6%96%87%E6%9B%B8+%E8%81%98%E6%9B%B8+&oid=4364530 HTTP/1.1" 200 3183
66.249.77.91 - - [09/May/2016:02:02:35 +0800] "GET /content/nav/relationSubject.jsp?relationWords=%E5%87%8C%E7%B4%94%E8%81%B2%20%E5%A5%91%E7%B4%84%E6%96%87%E6%9B%B8%20%E8%81%98%E6%9B%B8%20&oid=4364530 HTTP/1.1" 200 3183
66.249.71.121 - - [09/May/2016:02:03:22 +0800] "GET /content/nav/relationSubject.jsp?relationWords=%E5%B8%83%E8%BE%B2%E6%97%8F+%E6%8A%97%E7%88%AD+%E7%A5%9E%E5%AD%B8+%E9%83%A1%E7%A4%BE%E7%BE%A4+&oid=1776838 HTTP/1.1" 200 5194
66.249.71.121 - - [09/May/2016:02:03:24 +0800] "GET /content/nav/relationSubject.jsp?relationWords=%E5%B8%83%E8%BE%B2%E6%97%8F%20%E6%8A%97%E7%88%AD%20%E7%A5%9E%E5%AD%B8%20%E9%83%A1%E7%A4%BE%E7%BE%A4%20&oid=1776838 HTTP/1.1" 200 5194
66.249.71.60 - - [09/May/2016:02:03:53 +0800] "GET /content/repository/resource_content.jsp?oid=1575560 HTTP/1.1" 200 29638
66.249.71.60 - - [09/May/2016:02:03:57 +0800] "GET /content/nav/relationSubject.jsp?relationWords=%E4%BA%A4%E5%8A%9B%E5%9D%AA+%E4%BA%A4%E5%8A%9B%E5%9D%AA%E9%90%B5%E8%89%B2+%E5%A4%A7%E6%88%9F+%E5%A4%A7%E6%88%9F%E7%A7%91+%E6%A4%8D%E7%89%A9%E7%95%8C+%E9%90%B5%E8%89%B2+%E9%90%B5%E8%89%B2%E5%B1%AC+&oid=1459718 HTTP/1.1" 200 3485
66.249.79.207 - - [09/May/2016:02:04:01 +0800] "GET /content/nav/relationSubject.jsp?relationWords=%E4%BA%A4%E5%8A%9B%E5%9D%AA%20%E4%BA%A4%E5%8A%9B%E5%9D%AA%E9%90%B5%E8%89%B2%20%E5%A4%A7%E6%88%9F%20%E5%A4%A7%E6%88%9F%E7%A7%91%20%E6%A4%8D%E7%89%A9%E7%95%8C%20%E9%90%B5%E8%89%B2%20%E9%90%B5%E8%89%B2%E5%B1%AC%20&oid=1459718 HTTP/1.1" 200 3485
66.249.71.60 - - [09/May/2016:02:05:00 +0800] "GET /content/nav/relationSubject.jsp?relationWords=%E6%A4%8D%E7%89%A9%E7%95%8C+%E9%A6%AC%E5%85%9C%E9%88%B4+%E9%A6%AC%E5%85%9C%E9%88%B4%E5%B1%AC+&oid=1095466 HTTP/1.1" 200 3311
66.249.71.60 - - [09/May/2016:02:05:03 +0800] "GET /content/nav/relationSubject.jsp?relationWords=%E6%A4%8D%E7%89%A9%E7%95%8C%20%E9%A6%AC%E5%85%9C%E9%88%B4%20%E9%A6%AC%E5%85%9C%E9%88%B4%E5%B1%AC%20&oid=1095466 HTTP/1.1" 200 3311
66.249.79.186 - - [09/May/2016:02:05:23 +0800] "GET /content/nav/relationSubject.jsp?relationWords=%E5%95%86%E8%A1%8C+%E5%9F%8E%E9%9A%8D+%E5%9F%8E%E9%9A%8D%E5%BB%9F+%E6%85%B6%E6%88%90+%E6%98%8E%E4%BF%A1%E7%89%87+%E6%9D%9C%E9%A6%99+%E6%9D%9C%E9%A6%99%E5%9C%8B+&oid=1887588 HTTP/1.1" 200 4147
66.249.71.14 - - [09/May/2016:02:05:26 +0800] "GET /content/nav/relationSubject.jsp?relationWords=%E5%95%86%E8%A1%8C%20%E5%9F%8E%E9%9A%8D%20%E5%9F%8E%E9%9A%8D%E5%BB%9F%20%E6%85%B6%E6%88%90%20%E6%98%8E%E4%BF%A1%E7%89%87%20%E6%9D%9C%E9%A6%99%20%E6%9D%9C%E9%A6%99%E5%9C%8B%20&oid=1887588 HTTP/1.1" 200 4147
66.249.79.200 - - [09/May/2016:02:05:41 +0800] "GET /content/nav/relationSubject.jsp?relationWords=%E9%99%B8%E6%B8%AC%E5%9C%96+&oid=223920 HTTP/1.1" 200 3079
66.249.71.60 - - [09/May/2016:02:05:44 +0800] "GET /content/nav/relationSubject.jsp?relationWords=%E9%99%B8%E6%B8%AC%E5%9C%96%20&oid=223920 HTTP/1.1" 200 3079
68.180.230.99 - - [09/May/2016:02:06:17 +0800] "GET /content/subject/resource_content.jsp?oid=16777432&queryType=qc HTTP/1.1" 200 28855
66.249.71.60 - - [09/May/2016:02:06:44 +0800] "GET /content/nav/relationSubject.jsp?relationWords=%E5%A2%9E%E7%94%A2%E6%A1%88+%E6%9E%97%E5%AF%B6%E6%98%A5%E5%9C%B3+%E6%B0%B4%E5%88%A9%E5%B1%80+%E8%A8%AD%E5%AD%97+&oid=1559526 HTTP/1.1" 200 4215
66.249.71.60 - - [09/May/2016:02:06:45 +0800] "GET /content/nav/relationSubject.jsp?relationWords=%E5%A2%9E%E7%94%A2%E6%A1%88%20%E6%9E%97%E5%AF%B6%E6%98%A5%E5%9C%B3%20%E6%B0%B4%E5%88%A9%E5%B1%80%20%E8%A8%AD%E5%AD%97%20&oid=1559526 HTTP/1.1" 200 4215
66.249.71.14 - - [09/May/2016:02:07:18 +0800] "GET /digiarch3/content/nav/relationSubject.jsp?relationWords=&oid=4362078 HTTP/1.1" 200 1405
66.249.71.60 - - [09/May/2016:02:08:30 +0800] "GET /content/nav/relationSubject.jsp?relationWords=%E5%8F%B0%E5%8D%97%E5%A4%A7%E6%B2%B9%E8%8A%92+%E5%A4%A7%E6%B2%B9%E8%8A%92+%E5%A4%A7%E6%B2%B9%E8%8A%92%E5%B1%AC+%E6%A4%8D%E7%89%A9%E7%95%8C+%E6%B2%B9%E8%8A%92+%E7%A6%BE%E6%9C%AC%E7%A7%91+%E8%8A%92%E5%B1%AC+%E8%8E%8E%E8%8D%89+&oid=1458316 HTTP/1.1" 200 3488
66.249.71.60 - - [09/May/2016:02:08:32 +0800] "GET /content/nav/relationSubject.jsp?relationWords=%E5%8F%B0%E5%8D%97%E5%A4%A7%E6%B2%B9%E8%8A%92%20%E5%A4%A7%E6%B2%B9%E8%8A%92%20%E5%A4%A7%E6%B2%B9%E8%8A%92%E5%B1%AC%20%E6%A4%8D%E7%89%A9%E7%95%8C%20%E6%B2%B9%E8%8A%92%20%E7%A6%BE%E6%9C%AC%E7%A7%91%20%E8%8A%92%E5%B1%AC%20%E8%8E%8E%E8%8D%89%20&oid=1458316 HTTP/1.1" 200 3488
66.249.71.105 - - [09/May/2016:02:08:36 +0800] "GET /content/nav/relationSubject.jsp?relationWords=%E5%8E%9A%E5%94%87+%E5%8E%9A%E5%94%87%E7%9F%B3%E9%B1%B8+%E7%9F%B3%E9%B1%B8+&oid=4355795 HTTP/1.1" 200 3589
123.125.71.79 - - [09/May/2016:02:09:01 +0800] "GET /content/repository/resource_content.jsp?oid=523997&queryType=qc HTTP/1.1" 200 35847
66.249.77.97 - - [09/May/2016:02:09:13 +0800] "GET /content/subject/resource_content.jsp?oid=16777769&queryType=qc HTTP/1.1" 200 41392
66.249.71.14 - - [09/May/2016:02:09:13 +0800] "GET /digiarch3/content/nav/relationSubject.jsp?relationWords=%E5%88%A9%E7%94%9F+%E5%9C%8B%E9%98%B2%E9%83%A8+%E8%82%A1%E4%BB%BD%E6%9C%89%E9%99%90%E5%85%AC%E5%8F%B8+%E8%87%BA%E5%8C%97%E5%B8%82+%E8%BF%AA%E5%8C%96%E8%A1%97+%E9%98%B2%E7%A9%BA+%E9%99%B3%E5%92%8C%E9%8C%A6+%E9%AB%98%E5%B0%84%E7%A0%B2%E5%8F%B8%E4%BB%A4%E9%83%A8+&oid=1522281 HTTP/1.1" 200 5822
66.249.71.5 - - [09/May/2016:02:10:03 +0800] "GET /digiarch3/content/nav/relationSubject.jsp?relationWords=%E5%AD%94%E9%9B%80%E8%9B%A4+%E6%AE%BC%E8%8F%9C%E8%9B%A4%E7%A7%91+%E7%B6%A0%E6%AE%BC%E8%8F%9C%E8%9B%A4+%E7%BF%A1%E7%BF%A0%E8%B2%BD%E8%B2%9D+%E8%B2%BD%E8%B2%9D+%E9%9B%99%E6%AE%BC%E7%B6%B1+&oid=1124023 HTTP/1.1" 200 3568
