123.194.29.239 - - [04/May/2016:00:00:15 +0800] "GET /content/subject/resource_content.jsp?oid=16797297&queryType=qc HTTP/1.1" 200 67888
123.194.29.239 - - [04/May/2016:00:00:16 +0800] "GET /content/nav/relationSubject.jsp?relationWords=&oid=16797297 HTTP/1.1" 200 1405
66.249.71.60 - - [04/May/2016:00:00:19 +0800] "GET /content/repository/resource_content.jsp?oid=1544765 HTTP/1.1" 200 28780
66.249.71.60 - - [04/May/2016:00:00:55 +0800] "GET /content/repository/resource_content.jsp?oid=1819213 HTTP/1.1" 200 29160
66.249.71.60 - - [04/May/2016:00:00:57 +0800] "GET /content/nav/relationSubject.jsp?relationWords=%E6%96%B0%E5%AF%8C+&oid=16777524 HTTP/1.1" 200 4002
66.249.71.60 - - [04/May/2016:00:01:00 +0800] "GET /content/nav/relationSubject.jsp?relationWords=%E6%96%B0%E5%AF%8C%20&oid=16777524 HTTP/1.1" 200 4002
66.249.71.113 - - [04/May/2016:00:01:12 +0800] "GET /content/nav/relationSubject.jsp?relationWords=%E5%90%B3%E9%B3%B3%E9%84%89+%E5%B1%B1%E7%BE%8E+%E8%BE%B2%E5%B1%B1+%E8%BE%B2%E7%89%A7%E5%B1%80+&oid=1571174 HTTP/1.1" 200 3731
66.249.71.60 - - [04/May/2016:00:01:32 +0800] "GET /content/repository/resource_content.jsp?oid=16191 HTTP/1.1" 200 30824
66.249.79.200 - - [04/May/2016:00:01:33 +0800] "GET /content/nav/relationSubject.jsp?relationWords=%E5%A4%A7%E6%88%9F+%E5%A4%A7%E6%88%9F%E7%A7%91+%E6%A4%8D%E7%89%A9%E7%95%8C+%E7%B4%B0%E8%91%89%E9%A5%85%E9%A0%AD%E6%9E%9C+%E9%A5%85%E9%A0%AD%E6%9E%9C%E5%B1%AC+&oid=1461919 HTTP/1.1" 200 3399
66.249.79.105 - - [04/May/2016:00:02:10 +0800] "GET /content/repository/resource_content.jsp?oid=2520863&queryType=qs&queryString=%E5%90%B3%E5%85%83 HTTP/1.1" 200 30618
66.249.71.60 - - [04/May/2016:00:02:47 +0800] "GET /content/repository/resource_content.jsp?oid=2689879 HTTP/1.1" 200 29930
66.249.71.5 - - [04/May/2016:00:03:12 +0800] "GET /content/nav/relationSubject.jsp?relationWords=%E6%9D%8E%E7%A7%8B%E9%81%A0+%E6%B1%9F%E5%AD%90%E7%BF%A0+%E7%A5%9E%E7%A4%BE+%E8%8F%AF%E6%B1%9F+%E8%B3%AA%E8%A9%A2+&oid=1548306 HTTP/1.1" 200 4461
66.249.71.60 - - [04/May/2016:00:03:24 +0800] "GET /content/repository/resource_content.jsp?oid=1777405 HTTP/1.1" 200 27524
223.143.46.128 - - [04/May/2016:00:03:39 +0800] "GET /content/subject/resource_content.jsp?oid=16797271&queryType=qc HTTP/1.1" 200 55170
223.143.46.128 - - [04/May/2016:00:03:41 +0800] "GET /content/nav/relationSubject.jsp?relationWords=&oid=16797271 HTTP/1.1" 200 1405
66.249.71.200 - - [04/May/2016:00:03:52 +0800] "GET /content/nav/relationSubject.jsp?relationWords=GBIF+%E5%8F%B0%E7%81%A3%E9%AD%9A%E9%A1%9E+%E6%B5%B7%E9%AE%AE+%E7%94%9F%E7%89%A9%E5%A4%9A%E6%A8%A3%E6%80%A7+%E8%99%B1%E7%9B%AE%E9%AD%9A+&oid=16777744 HTTP/1.1" 200 11156
66.249.79.200 - - [04/May/2016:00:04:02 +0800] "GET /content/repository/resource_content.jsp?oid=1612384 HTTP/1.1" 200 28893
66.249.71.60 - - [04/May/2016:00:04:09 +0800] "GET /content/nav/relationSubject.jsp?relationWords=%E5%85%AD%E8%A7%92%E8%8B%B1+%E6%A4%8D%E7%89%A9%E7%95%8C+%E6%A7%8D%E5%88%80%E8%8F%9C%E5%B1%AC+%E7%88%B5%E5%BA%8A%E7%A7%91+%E7%8E%84%E5%8F%83+&oid=1101367 HTTP/1.1" 200 3430
66.249.71.60 - - [04/May/2016:00:04:10 +0800] "GET /content/nav/relationSubject.jsp?relationWords=%E5%9C%8B%E6%B0%91%E5%AD%B8%E6%A0%A1+%E7%9C%BC%E7%96%BE+%E7%AC%A6%E8%99%9F+%E8%BF%91%E8%A6%96+%E8%BF%91%E8%A6%96%E7%9C%BC+%E9%89%9B%E5%AD%97+%E9%A0%90%E9%98%B2+&oid=1601382 HTTP/1.1" 200 3395
66.249.71.60 - - [04/May/2016:00:04:11 +0800] "GET /content/nav/relationSubject.jsp?relationWords=%E5%9C%A8%E8%81%B7%E9%80%B2%E4%BF%AE+&oid=1617141 HTTP/1.1" 200 5793
66.249.71.60 - - [04/May/2016:00:04:12 +0800] "GET /content/nav/relationSubject.jsp?relationWords=%E5%9C%8B%E6%B0%91%E5%AD%B8%E6%A0%A1%20%E7%9C%BC%E7%96%BE%20%E7%AC%A6%E8%99%9F%20%E8%BF%91%E8%A6%96%20%E8%BF%91%E8%A6%96%E7%9C%BC%20%E9%89%9B%E5%AD%97%20%E9%A0%90%E9%98%B2%20&oid=1601382 HTTP/1.1" 200 3395
66.249.71.121 - - [04/May/2016:00:04:14 +0800] "GET /content/nav/relationSubject.jsp?relationWords=%E6%96%B9%E6%B2%B8%E7%9F%B3+%E6%A9%84%E6%AC%96%E7%9F%B3+%E7%8E%84%E6%AD%A6%E5%B2%A9+%E9%BB%91%E9%9B%B2%E6%AF%8D+&oid=4468513 HTTP/1.1" 200 3370
66.249.77.97 - - [04/May/2016:00:04:16 +0800] "GET /content/nav/relationSubject.jsp?relationWords=%E6%95%B8%E4%BD%8D%E5%85%B8%E8%97%8F+&oid=16777723 HTTP/1.1" 200 5879
66.249.79.186 - - [04/May/2016:00:04:21 +0800] "GET /content/nav/relationSubject.jsp?relationWords=%E6%B5%B7%E9%B0%97%E9%B0%8D+%E6%BE%8E%E6%B9%96%E7%8A%80%E9%B1%88+&oid=14605 HTTP/1.1" 200 3373
66.249.71.5 - - [04/May/2016:00:04:54 +0800] "GET /content/nav/relationSubject.jsp?relationWords=%E4%B8%AD%E6%95%A3%E5%A4%A7%E5%A4%AB+%E5%A2%93%E8%AA%8C+%E5%A2%93%E8%AA%8C%E9%8A%98+%E5%A4%AA%E5%AE%88+%E5%BE%A9%E6%9D%B1+%E6%98%AD%E5%84%80+%E6%AF%94%E4%B8%98%E5%B0%BC+%E6%B1%9D%E5%8D%97+%E7%8E%8B%E7%B4%B9+%E7%9A%87%E5%A4%AA%E5%90%8E+%E8%88%8D%E4%BA%BA+%E8%B1%AB%E5%B7%9E+&oid=1834247 HTTP/1.1" 200 4448
101.14.7.115 - - [04/May/2016:00:06:18 +0800] "GET /content/subject/resource_content.jsp?oid=16797271&queryType=qc HTTP/1.1" 200 55170
101.14.7.115 - - [04/May/2016:00:06:21 +0800] "GET /content/nav/relationSubject.jsp?relationWords=&oid=16797271 HTTP/1.1" 200 1405
66.249.71.60 - - [04/May/2016:00:06:31 +0800] "GET /content/subject/resource_content.jsp?oid=16777803&queryString=%E5%B7%A1%E7%8B%A9%20%E7%8E%8B%E8%88%B9 HTTP/1.1" 200 34260
66.249.71.105 - - [04/May/2016:00:07:01 +0800] "GET /content/nav/relationSubject.jsp?relationWords=&oid=2668763 HTTP/1.1" 200 1405
66.249.71.105 - - [04/May/2016:00:07:23 +0800] "GET /content/nav/relationSubject.jsp?relationWords=%E5%B0%BE%E6%96%91%E6%A3%98%E9%B1%97%E9%AD%9A+%E7%80%BE%E5%85%AC%E5%A6%BE+%E9%87%91%E9%B1%97%E7%94%B2+%E9%87%91%E9%B1%97%E9%AD%9A%E7%A7%91+%E9%90%B5%E7%94%B2%E5%85%B5+%E9%90%B5%E7%B7%9A%E5%A9%86+&oid=4351920 HTTP/1.1" 200 3760
66.249.77.91 - - [04/May/2016:00:07:46 +0800] "GET /content/subject/resource_content.jsp?oid=16777297&queryType=qc HTTP/1.1" 200 31738
180.218.124.63 - - [04/May/2016:00:07:47 +0800] "GET /content/nav/relationSubject.jsp?relationWords=%E6%AA%AC%E6%9E%9C+%E8%8A%92%E6%9E%9C+&oid=16777508 HTTP/1.1" 200 4379
66.249.71.113 - - [04/May/2016:00:08:23 +0800] "GET /content/repository/resource_content.jsp?oid=4411709&queryType=qs&queryString=%E9%81%BA%E6%A7%8B HTTP/1.1" 200 30482
66.249.71.105 - - [04/May/2016:00:08:30 +0800] "GET /content/nav/relationSubject.jsp?relationWords=%E4%B8%81%E6%86%82+%E9%8E%AE%E8%87%A3+&oid=2520374 HTTP/1.1" 200 3999
66.249.71.60 - - [04/May/2016:00:09:01 +0800] "GET /content/repository/resource_content.jsp?oid=1898262 HTTP/1.1" 200 29121
40.77.167.20 - - [04/May/2016:00:09:07 +0800] "GET /content/subject/resource_content.jsp?oid=16777770&queryType=qc HTTP/1.1" 200 53870
66.249.71.105 - - [04/May/2016:00:09:38 +0800] "GET /content/repository/resource_content.jsp?oid=1100735&queryType=qs&queryString=%E6%AF%9B%E6%9F%BF HTTP/1.1" 200 31331
68.180.230.90 - - [04/May/2016:00:09:53 +0800] "GET /digiarch_en/content/pictures/picture_content.jsp?oid=33554793 HTTP/1.1" 200 21563
66.249.71.60 - - [04/May/2016:00:09:57 +0800] "GET /content/nav/relationSubject.jsp?relationWords=%E6%A4%8D%E7%89%A9%E7%95%8C+%E7%9F%B3%E7%AB%B9+%E7%9F%B3%E7%AB%B9%E7%A7%91+%E7%B9%81%E7%B8%B7%E5%B1%AC+%E9%98%BF%E9%87%8C%E5%B1%B1%E7%B9%81%E7%B8%B7+&oid=1098477 HTTP/1.1" 200 3393
66.249.79.121 - - [04/May/2016:00:10:13 +0800] "GET /content/repository/resource_content.jsp?oid=2644519&queryType=qs&queryString=%E4%BC%B0%E5%83%B9 HTTP/1.1" 200 30431
1.172.101.225 - - [04/May/2016:00:10:14 +0800] "GET /content/nav/relationSubject.jsp?relationWords=&oid=16777459 HTTP/1.1" 200 1405
66.249.71.60 - - [04/May/2016:00:10:16 +0800] "GET /content/repository/resource_content.jsp?oid=1627457 HTTP/1.1" 200 28779
66.249.71.105 - - [04/May/2016:00:10:41 +0800] "GET /content/nav/relationSubject.jsp?relationWords=&oid=2654616 HTTP/1.1" 200 1405
66.249.71.60 - - [04/May/2016:00:10:53 +0800] "GET /content/repository/resource_content.jsp?oid=1517954 HTTP/1.1" 200 28844
66.249.71.5 - - [04/May/2016:00:11:30 +0800] "GET /content/repository/resource_content.jsp?oid=3815359&queryString=%E4%BA%A4%E6%B6%89%E5%93%A1%20%E4%BA%BA%E5%90%8D%E6%AC%8A%E5%A8%81%20%E6%B1%9F%E6%BC%A2%E9%97%9C%20%E7%A2%97%E8%B1%86%20%E8%A0%B6%E8%B1%86%20%E9%9B%9C%E7%B3%A7 HTTP/1.1" 200 31139
123.193.170.208 - - [04/May/2016:00:11:35 +0800] "GET /content/subject/resource_content.jsp?oid=16777599&queryType=qc HTTP/1.1" 200 36988
123.193.170.208 - - [04/May/2016:00:11:36 +0800] "GET /content/nav/relationSubject.jsp?relationWords=%E5%8D%83%E5%B9%B4%E6%A1%90+%E6%A1%90%E8%8A%B1+%E6%B2%B9%E6%A1%90+&oid=16777599 HTTP/1.1" 200 3738
66.249.79.200 - - [04/May/2016:00:11:47 +0800] "GET /content/nav/relationSubject.jsp?relationWords=%E6%96%B0%E6%9C%A8%E8%96%91%E5%AD%90%E5%B1%AC+%E6%A4%8D%E7%89%A9%E7%95%8C+%E6%A8%9F%E7%A7%91+%E7%99%BD%E6%96%B0%E6%9C%A8%E8%96%91%E5%AD%90+&oid=2150016 HTTP/1.1" 200 3403
66.249.71.60 - - [04/May/2016:00:11:57 +0800] "GET /content/nav/relationSubject.jsp?relationWords=%E9%99%B8%E6%B8%AC%E5%9C%96+&oid=222613 HTTP/1.1" 200 3079
66.249.71.5 - - [04/May/2016:00:12:08 +0800] "GET /content/repository/resource_content.jsp?oid=705284&queryString=%E4%BA%BA%E5%90%8D%E6%AC%8A%E5%A8%81%20%E5%96%80%E6%8B%89%E7%BD%95%20%E8%98%87%E8%81%AF HTTP/1.1" 200 29111
66.249.71.14 - - [04/May/2016:00:12:09 +0800] "GET /content/nav/relationSubject.jsp?relationWords=%E5%85%89%E6%9E%9C%E9%BE%8D%E8%91%B5+%E6%A4%8D%E7%89%A9%E7%95%8C+%E8%8C%84%E5%B1%AC+%E8%8C%84%E7%A7%91+&oid=1115933 HTTP/1.1" 200 3214
66.249.71.105 - - [04/May/2016:00:12:53 +0800] "GET /content/repository/resource_content.jsp?oid=2674732&queryType=qs&queryString=%E5%9C%B0%E5%9F%BA HTTP/1.1" 200 30037
1.172.101.225 - - [04/May/2016:00:12:55 +0800] "GET /content/nav/relationSubject.jsp?relationWords=&oid=16777459 HTTP/1.1" 200 1405
64.233.172.148 - - [04/May/2016:00:13:13 +0800] "GET /content/nav/relationSubject.jsp?relationWords=&oid=16777342 HTTP/1.1" 200 1405
66.249.71.60 - - [04/May/2016:00:13:22 +0800] "GET /content/repository/resource_content.jsp?oid=1825454 HTTP/1.1" 200 28767
122.117.123.174 - - [04/May/2016:00:13:39 +0800] "GET /content/repository/resource_content.jsp?oid=1562727 HTTP/1.1" 200 42843
122.117.123.174 - - [04/May/2016:00:13:40 +0800] "GET /content/nav/relationSubject.jsp?relationWords=%E4%B8%89%E8%BC%AA%E8%BB%8A+%E4%BA%A4%E9%80%9A%E8%A6%8F%E5%89%87+%E5%81%B7%E6%B8%A1+%E5%85%AC%E8%B7%AF%E5%B1%80+%E5%90%B3%E4%B8%80%E8%A1%9B+%E5%92%8C%E8%A7%A3+%E5%B0%B1%E6%A5%AD%E6%A9%9F%E6%9C%83+%E6%9C%B1%E8%90%AC%E6%88%90+%E6%9E%97%E4%BA%AE%E9%9B%B2+%E6%AD%BB%E5%88%91+%E6%B0%91%E6%84%8F%E4%BB%A3%E8%A1%A8+%E6%B0%B8%E5%B7%9D+%E6%B3%95%E9%99%A2+%E6%B4%AA%E6%8E%9B+%E7%99%BD%E4%B8%96%E7%B6%AD+%E7%AB%A0%E5%8D%9A%E9%9A%86+%E8%87%BA%E5%8C%97%E5%B8%82+%E8%94%A3%E5%A4%A9+%E8%99%95%E9%95%B7+%E8%9B%87%E5%B0%BE+%E8%A2%AB%E5%AE%B3%E4%BA%BA+%E8%A8%88%E7%A8%8B%E8%BB%8A+%E8%AC%9D%E6%B8%85%E9%9B%B2+%E8%AD%A6%E5%8B%99%E8%99%95+%E8%AD%A6%E5%A4%A7+%E8%AD%A6%E5%AF%9F+%E8%AD%A6%E5%AF%9F%E5%B1%80+%E8%B3%AA%E8%A9%A2+%E8%B3%B4%E6%A8%B9%E6%97%BA+%E8%B5%B0%E7%A7%81+%E8%BB%8A%E7%A6%8D+%E9%90%B5%E8%B7%AF%E8%AD%A6%E5%AF%9F+%E9%99%B3%E6%96%B0%E7%99%BC+%E9%99%B3%E7%81%AB%E5%9C%9F+%E9%9B%BB%E5%BD%B1%E9%99%A2+%E9%A0%90%E7%AE%97+%E9%A0%90%E9%98%B2+%E9%BB%83%E5%85%89%E5%B9%B3+&oid=1562727 HTTP/1.1" 200 6217
66.249.71.105 - - [04/May/2016:00:14:00 +0800] "GET /content/repository/resource_content.jsp?oid=2668457&queryType=qs&queryString=%E8%AB%8B%E8%B2%A4 HTTP/1.1" 200 30160
66.249.71.60 - - [04/May/2016:00:14:37 +0800] "GET /content/repository/resource_content.jsp?oid=1124927&queryType=qc HTTP/1.1" 200 35949
66.249.71.60 - - [04/May/2016:00:15:14 +0800] "GET /content/repository/resource_content.jsp?oid=2548460 HTTP/1.1" 200 29263
66.249.71.60 - - [04/May/2016:00:15:52 +0800] "GET /content/repository/resource_content.jsp?oid=2642548 HTTP/1.1" 200 30029
66.249.71.60 - - [04/May/2016:00:16:29 +0800] "GET /content/repository/resource_content.jsp?oid=1083211 HTTP/1.1" 200 30114
207.46.13.176 - - [04/May/2016:00:16:33 +0800] "GET /content/subject/resource_content.jsp?oid=16777615&queryType=qc HTTP/1.1" 200 37930
66.249.79.121 - - [04/May/2016:00:16:39 +0800] "GET /content/repository/resource_content.jsp?oid=1887445&queryString=%E5%90%88%E8%B3%87%E6%9C%83%E7%A4%BE HTTP/1.1" 200 31248
66.249.79.186 - - [04/May/2016:00:16:43 +0800] "GET /content/nav/relationSubject.jsp?relationWords=%E5%8D%B0%E5%8B%99+%E5%B7%A1%E6%92%AB+&oid=2519861 HTTP/1.1" 200 3104
66.249.79.200 - - [04/May/2016:00:16:45 +0800] "GET /content/nav/relationSubject.jsp?relationWords=%E5%9B%9E%E7%BD%B2+&oid=2538000 HTTP/1.1" 200 4010
68.180.229.126 - - [04/May/2016:00:16:55 +0800] "GET /content/subject/resource_content.jsp?oid=16777612&queryType=qc HTTP/1.1" 200 42518
66.249.71.105 - - [04/May/2016:00:17:01 +0800] "GET /content/nav/relationSubject.jsp?relationWords=&oid=2521590 HTTP/1.1" 200 1405
66.249.71.60 - - [04/May/2016:00:17:44 +0800] "GET /content/repository/resource_content.jsp?oid=1524006 HTTP/1.1" 200 28849
66.249.71.60 - - [04/May/2016:00:17:53 +0800] "GET /content/nav/relationSubject.jsp?relationWords=%E6%A1%83%E9%87%91%E5%AD%83+%E6%A4%8D%E7%89%A9%E7%95%8C+%E9%87%8E%E7%89%A1%E4%B8%B9%E7%A7%91+%E9%87%91%E9%8C%A6%E9%A6%99+%E9%87%91%E9%8C%A6%E9%A6%99%E5%B1%AC+&oid=1107962 HTTP/1.1" 200 3366
66.249.71.60 - - [04/May/2016:00:17:58 +0800] "GET /content/nav/relationSubject.jsp?relationWords=%E6%A1%83%E9%87%91%E5%AD%83%20%E6%A4%8D%E7%89%A9%E7%95%8C%20%E9%87%8E%E7%89%A1%E4%B8%B9%E7%A7%91%20%E9%87%91%E9%8C%A6%E9%A6%99%20%E9%87%91%E9%8C%A6%E9%A6%99%E5%B1%AC%20&oid=1107962 HTTP/1.1" 200 3366
180.217.218.168 - - [04/May/2016:00:18:05 +0800] "GET /content/subject/resource_content.jsp?oid=16797293&queryType=qc HTTP/1.1" 200 46243
180.217.218.168 - - [04/May/2016:00:18:09 +0800] "GET /content/nav/relationSubject.jsp?relationWords=%E5%B0%8F%E5%90%83+&oid=16797293 HTTP/1.1" 200 3156
66.249.71.5 - - [04/May/2016:00:18:21 +0800] "GET /content/repository/resource_content.jsp?oid=1081659&queryString=%E5%88%BA%E5%B0%BE%E9%AF%9B%E7%A7%91%20%E5%89%9D%E7%9A%AE%E4%BB%94%20%E6%89%93%E9%90%B5%E5%A9%86%20%E7%8D%A8%E8%A7%92%E5%80%92%E5%90%8A%20%E7%9F%AD%E5%90%BB%E9%BC%BB%E9%AD%9A%20%E7%9F%AD%E5%96%99%E9%BC%BB%E9%AD%9A HTTP/1.1" 200 34260
66.249.71.60 - - [04/May/2016:00:18:41 +0800] "GET /content/nav/relationSubject.jsp?relationWords=%E9%9B%80%E9%AF%9B%E7%A7%91+%E9%BB%91%E9%AB%98%E8%BA%AB%E9%9B%80%E9%AF%9B+&oid=18612 HTTP/1.1" 200 3225
66.249.71.60 - - [04/May/2016:00:18:44 +0800] "GET /content/nav/relationSubject.jsp?relationWords=%E5%85%AB%E5%BA%9C+%E5%85%AC%E8%B7%AF%E5%B1%80+%E5%AF%8C%E9%87%8C+%E8%B7%AF%E6%A9%8B+&oid=1563090 HTTP/1.1" 200 3467
207.46.13.63 - - [04/May/2016:00:18:52 +0800] "GET /content/subject/resource_content.jsp?oid=16777788&queryType=qc HTTP/1.1" 200 42882
66.249.71.5 - - [04/May/2016:00:18:59 +0800] "GET /content/repository/resource_content.jsp?oid=15713&queryString=%E6%9E%97%E6%8A%95%20%E6%B5%B7%E9%BE%8D%20%E7%83%88%E4%BB%94%20%E7%AE%A1%E5%94%87%E9%AD%9A%20%E9%87%91%E6%A2%AD%20%E9%87%91%E6%A2%AD%E9%B8%9A%E9%AF%9B%20%E9%9A%86%E9%A0%AD%E9%AD%9A%E7%A7%91 HTTP/1.1" 200 36905
66.249.71.60 - - [04/May/2016:00:19:04 +0800] "GET /content/nav/relationSubject.jsp?relationWords=%E7%8A%80%E4%BC%AF%E9%AD%9A%E7%88%B6%E9%BC%8E+%E7%8A%80%E7%99%BD%E9%AD%9A%E7%88%B6%E9%BC%8E+&oid=1819530 HTTP/1.1" 200 3272
66.249.71.121 - - [04/May/2016:00:19:36 +0800] "GET /content/repository/resource_content.jsp?oid=1631683&queryType=qs&queryString=%E8%87%BA%E5%8D%97%E5%AD%94%E5%AD%90%E5%BB%9F HTTP/1.1" 200 29345
66.249.71.105 - - [04/May/2016:00:20:13 +0800] "GET /content/repository/resource_content.jsp?oid=4450523&queryType=qs&queryString=%E6%97%A5%E6%9C%AC%E6%BC%81%E8%88%B9 HTTP/1.1" 200 30322
66.249.71.60 - - [04/May/2016:00:20:29 +0800] "GET /content/nav/relationSubject.jsp?relationWords=%E5%A4%A7%E5%AE%9B+%E5%BE%A1%E5%8F%B2+%E7%AB%A5%E7%94%9F%E5%AF%A9%E9%9F%B3+&oid=2551004 HTTP/1.1" 200 3213
66.249.71.5 - - [04/May/2016:00:20:37 +0800] "GET /digiarch3/content/nav/relationSubject.jsp?relationWords=%E6%AF%94%E5%BE%8B%E8%B3%93+&oid=4451358 HTTP/1.1" 200 3073
66.249.71.5 - - [04/May/2016:00:20:41 +0800] "GET /digiarch3/content/nav/relationSubject.jsp?relationWords=%E6%AF%94%E5%BE%8B%E8%B3%93%20&oid=4451358 HTTP/1.1" 200 3073
66.249.71.105 - - [04/May/2016:00:20:51 +0800] "GET /content/repository/resource_content.jsp?oid=2667009&queryType=qs&queryString=%E9%98%9C%E5%9F%8E%E7%B8%A3 HTTP/1.1" 200 29912
1.174.87.42 - - [04/May/2016:00:21:02 +0800] "GET /content/nav/relationSubject.jsp?relationWords=&oid=16777385 HTTP/1.1" 200 1405
66.249.71.60 - - [04/May/2016:00:21:29 +0800] "GET /content/repository/resource_content.jsp?oid=1535269 HTTP/1.1" 200 28900
66.249.71.105 - - [04/May/2016:00:21:58 +0800] "GET /content/nav/relationSubject.jsp?relationWords=%E5%AE%B4%E4%BA%AB+%E5%BA%96%E5%BB%9A+%E6%AD%A6%E6%96%91%E7%A5%A0+%E6%AD%A6%E6%B0%8F%E7%A5%A0%E5%B7%A6%E7%9F%B3%E5%AE%A4+&oid=1811780 HTTP/1.1" 200 4059
66.249.79.200 - - [04/May/2016:00:22:08 +0800] "GET /content/repository/resource_content.jsp?oid=1124034&queryString=%E5%81%8F%E9%A0%82%E8%9B%A4%E5%B1%AC%20%E5%9C%9F%E5%98%B4%E7%93%9C%E6%AE%BC%E8%8F%9C%E8%9B%A4%20%E6%AE%BC%E8%8F%9C%E8%9B%A4%E7%A7%91%20%E8%B2%BD%E8%B2%9D%20%E8%BB%9F%E9%AB%94%E5%8B%95%E7%89%A9%E9%96%80%20%E9%9B%99%E6%AE%BC%E7%B6%B1 HTTP/1.1" 200 35323
66.249.71.60 - - [04/May/2016:00:22:31 +0800] "GET /content/nav/relationSubject.jsp?relationWords=&oid=2625336 HTTP/1.1" 200 1405
66.249.71.200 - - [04/May/2016:00:22:32 +0800] "GET /content/nav/relationSubject.jsp?relationWords=%E4%BF%AE%E9%80%A0%E6%88%B0+%E9%8A%80%E6%95%B8+&oid=2644519 HTTP/1.1" 200 3113
66.249.71.194 - - [04/May/2016:00:22:38 +0800] "GET /content/nav/relationSubject.jsp?relationWords=%E4%BF%AE%E9%80%A0%E6%88%B0%20%E9%8A%80%E6%95%B8%20&oid=2644519 HTTP/1.1" 200 3113
66.249.71.60 - - [04/May/2016:00:22:43 +0800] "GET /content/repository/resource_content.jsp?oid=1560776 HTTP/1.1" 200 28817
101.226.166.228 - - [04/May/2016:00:22:49 +0800] "GET /digiarch3/content/subject/resource_content.jsp?oid=16777653&queryType=qc%3E HTTP/1.1" 200 57830
66.249.71.105 - - [04/May/2016:00:22:52 +0800] "GET /content/nav/relationSubject.jsp?relationWords=%E5%88%91%E9%83%A8+&oid=2516398 HTTP/1.1" 200 3095
66.249.71.105 - - [04/May/2016:00:22:54 +0800] "GET /content/nav/relationSubject.jsp?relationWords=%E5%88%91%E9%83%A8%20&oid=2516398 HTTP/1.1" 200 3095
66.249.71.5 - - [04/May/2016:00:23:09 +0800] "GET /content/nav/relationSubject.jsp?relationWords=&oid=2684195 HTTP/1.1" 200 1405
66.249.71.188 - - [04/May/2016:00:23:20 +0800] "GET /content/repository/resource_content.jsp?oid=15251&queryType=qs&queryString=%E5%9C%93%E6%96%91 HTTP/1.1" 200 34484
66.249.71.60 - - [04/May/2016:00:23:58 +0800] "GET /content/repository/resource_content.jsp?oid=1892213 HTTP/1.1" 200 28418
66.249.71.5 - - [04/May/2016:00:24:07 +0800] "GET /digiarch3/content/nav/relationSubject.jsp?relationWords=%E5%A4%A7%E8%8A%B1%E7%B4%AB%E8%96%87+&oid=16777414 HTTP/1.1" 200 3770
66.249.71.60 - - [04/May/2016:00:24:35 +0800] "GET /content/repository/resource_content.jsp?oid=22873 HTTP/1.1" 200 30031
66.249.71.105 - - [04/May/2016:00:24:40 +0800] "GET /content/nav/relationSubject.jsp?relationWords=%E5%A5%BD%E8%8C%B6+%E9%9B%B2%E8%B1%B9+%E9%AD%AF%E5%87%B1%E6%97%8F+&oid=1776652 HTTP/1.1" 200 3170
66.249.71.105 - - [04/May/2016:00:24:43 +0800] "GET /content/nav/relationSubject.jsp?relationWords=%E5%A5%BD%E8%8C%B6%20%E9%9B%B2%E8%B1%B9%20%E9%AD%AF%E5%87%B1%E6%97%8F%20&oid=1776652 HTTP/1.1" 200 3170
66.249.71.105 - - [04/May/2016:00:25:13 +0800] "GET /content/repository/resource_content.jsp?oid=4351984&queryType=qs&queryString=%E7%88%AC%E5%B2%A9%E9%B0%8D HTTP/1.1" 200 34393
101.226.166.247 - - [04/May/2016:00:25:35 +0800] "GET /content/pictures/picture_content.jsp?oid=33554823&queryType=qc HTTP/1.1" 200 27842
66.249.71.5 - - [04/May/2016:00:25:50 +0800] "GET /content/repository/resource_content.jsp?oid=4353424&queryString=%E7%9A%AE%E6%B0%8F%E5%8F%AB%E5%A7%91%E9%AD%9A%20%E7%9F%B3%E9%A6%96%E9%AD%9A%E7%A7%91 HTTP/1.1" 200 37184
66.249.71.105 - - [04/May/2016:00:26:27 +0800] "GET /content/repository/resource_content.jsp?oid=3810750&queryType=qs&queryString=%E8%8F%AF%E5%9A%B4%E7%B6%93 HTTP/1.1" 200 29282
150.70.173.40 - - [04/May/2016:00:26:39 +0800] "GET /content/repository/resource_content.jsp?oid=1778891 HTTP/1.1" 200 28716
66.249.71.59 - - [04/May/2016:00:27:13 +0800] "GET /content/nav/relationSubject.jsp?relationWords=%E5%8D%8A%E9%82%8A%E9%AD%9A+%E6%89%81%E9%AD%9A+%E6%AF%94%E7%9B%AE%E9%AD%9A+%E7%9A%87%E5%B8%9D%E9%AD%9A+&oid=16412 HTTP/1.1" 200 3605
66.249.71.60 - - [04/May/2016:00:28:19 +0800] "GET /content/repository/resource_content.jsp?oid=1518624 HTTP/1.1" 200 29502
66.249.71.60 - - [04/May/2016:00:28:30 +0800] "GET /content/nav/relationSubject.jsp?relationWords=%E6%A3%98%E9%B1%97%E7%89%9B%E5%B0%BE%E9%AD%9A+%E7%89%9B%E5%B0%BE%E9%AD%9A%E7%A7%91+&oid=22873 HTTP/1.1" 200 3266
66.249.71.60 - - [04/May/2016:00:28:33 +0800] "GET /content/nav/relationSubject.jsp?relationWords=%E6%A3%98%E9%B1%97%E7%89%9B%E5%B0%BE%E9%AD%9A%20%E7%89%9B%E5%B0%BE%E9%AD%9A%E7%A7%91%20&oid=22873 HTTP/1.1" 200 3266
66.249.71.105 - - [04/May/2016:00:28:41 +0800] "GET /content/nav/relationSubject.jsp?relationWords=%E5%87%BA%E7%B3%B6+%E6%BC%95%E7%99%BD+%E9%BA%A5%E7%9F%B3+&oid=2656096 HTTP/1.1" 200 3172
66.249.71.105 - - [04/May/2016:00:28:43 +0800] "GET /content/nav/relationSubject.jsp?relationWords=%E5%87%BA%E7%B3%B6%20%E6%BC%95%E7%99%BD%20%E9%BA%A5%E7%9F%B3%20&oid=2656096 HTTP/1.1" 200 3172
66.249.71.60 - - [04/May/2016:00:28:56 +0800] "GET /content/repository/resource_content.jsp?oid=692309 HTTP/1.1" 200 28595
66.249.71.194 - - [04/May/2016:00:28:57 +0800] "GET /content/nav/relationSubject.jsp?relationWords=%E9%9D%92%E5%89%9B%E6%AB%9F+&oid=16777349 HTTP/1.1" 200 4006
66.249.71.60 - - [04/May/2016:00:29:34 +0800] "GET /content/repository/resource_content.jsp?oid=1571429 HTTP/1.1" 200 29241
66.249.77.97 - - [04/May/2016:00:29:51 +0800] "GET /content/repository/resource_content.jsp?oid=1873511&queryString=%E7%8D%B8%E9%9D%A2%E7%B4%8B HTTP/1.1" 200 30810
66.249.77.85 - - [04/May/2016:00:30:11 +0800] "GET /content/repository/resource_content.jsp?oid=15137&queryString=%E5%A4%A9%E7%AB%BA%E9%AF%9B%E7%A7%91%20%E7%B4%B0%E6%A2%9D%E7%B4%8B%E5%A4%A9%E7%AB%BA%E9%AF%9B HTTP/1.1" 200 34664
66.249.71.105 - - [04/May/2016:00:30:16 +0800] "GET /content/nav/relationSubject.jsp?relationWords=%E6%9D%9C%E9%A6%99%E5%9C%8B+%E6%A9%AB%E5%B1%B1%E7%AB%B9%E7%94%B7+&oid=1887991 HTTP/1.1" 200 3172
114.33.206.246 - - [04/May/2016:00:30:23 +0800] "GET /content/repository/resource_content.jsp?oid=25271&queryType=qs&queryString=%E7%A7%8B%E5%88%80%E9%AD%9A HTTP/1.1" 200 30054
114.33.206.246 - - [04/May/2016:00:30:23 +0800] "GET /content/nav/relationSubject.jsp?relationWords=%E7%A7%8B%E5%88%80%E9%AD%9A+&oid=25271 HTTP/1.1" 200 2406
66.249.71.60 - - [04/May/2016:00:30:43 +0800] "GET /content/nav/relationSubject.jsp?relationWords=%E5%9C%92%E8%97%9D+%E8%87%BA%E7%81%A3%E5%9C%92+&oid=4459676 HTTP/1.1" 200 3608
115.165.198.248 - - [04/May/2016:00:30:46 +0800] "GET /content/repository/resource_content.jsp?oid=15715&queryString=%E5%9B%9B%E9%BD%92%E4%BB%94%20%E5%AF%92%E9%AF%9B%20%E6%A5%94%E6%96%91%E8%B1%AC%E9%BD%92%E9%AD%9A%20%E7%B0%BE%E4%BB%94%20%E8%A5%BF%E9%BD%92%20%E9%9A%86%E9%A0%AD%E9%AD%9A%E7%A7%91%20%E9%9E%8D%E6%96%91%E8%B1%AC%E9%BD%92%E9%AD%9A HTTP/1.1" 200 35063
115.165.198.248 - - [04/May/2016:00:30:48 +0800] "GET /content/nav/relationSubject.jsp?relationWords=%E5%9B%9B%E9%BD%92%E4%BB%94+%E5%AF%92%E9%AF%9B+%E7%B0%BE%E4%BB%94+%E8%97%8D%E8%B1%AC%E9%BD%92%E9%AD%9A+%E8%A5%BF%E9%BD%92+%E9%9A%86%E9%A0%AD%E9%AD%9A%E7%A7%91+&oid=15715 HTTP/1.1" 200 3681
66.249.79.200 - - [04/May/2016:00:30:59 +0800] "GET /content/nav/relationSubject.jsp?relationWords=%E5%85%AC%E6%95%99%E4%BA%BA%E5%93%A1+%E5%90%88%E4%BD%9C%E7%A4%BE+%E5%AF%A6%E6%83%85%E6%A1%88+%E6%9C%B1%E8%90%AC%E6%88%90+%E7%9C%81%E6%94%BF%E5%BA%9C+%E8%87%A8%E6%99%82%E7%9C%81%E8%AD%B0%E6%9C%83+%E8%87%BA%E7%81%A3%E7%9C%81+%E9%83%AD%E9%9B%A8%E6%96%B0+&oid=1527108 HTTP/1.1" 200 4852
66.249.71.60 - - [04/May/2016:00:31:01 +0800] "GET /content/nav/relationSubject.jsp?relationWords=%E5%85%AC%E6%95%99%E4%BA%BA%E5%93%A1%20%E5%90%88%E4%BD%9C%E7%A4%BE%20%E5%AF%A6%E6%83%85%E6%A1%88%20%E6%9C%B1%E8%90%AC%E6%88%90%20%E7%9C%81%E6%94%BF%E5%BA%9C%20%E8%87%A8%E6%99%82%E7%9C%81%E8%AD%B0%E6%9C%83%20%E8%87%BA%E7%81%A3%E7%9C%81%20%E9%83%AD%E9%9B%A8%E6%96%B0%20&oid=1527108 HTTP/1.1" 200 4852
180.217.218.168 - - [04/May/2016:00:31:24 +0800] "GET /content/subject/resource_content.jsp?oid=16797293&queryType=qc HTTP/1.1" 200 46243
180.217.218.168 - - [04/May/2016:00:31:25 +0800] "GET /content/nav/relationSubject.jsp?relationWords=%E5%B0%8F%E5%90%83+&oid=16797293 HTTP/1.1" 200 3156
66.249.71.60 - - [04/May/2016:00:31:27 +0800] "GET /content/nav/relationSubject.jsp?relationWords=%E4%B8%94%E4%B9%99%E5%8D%A3+%E9%81%BA%E4%BD%9C%E4%B8%94%E4%B9%99%E5%8D%A3+&oid=3354767 HTTP/1.1" 200 3291
157.55.2.133 - - [04/May/2016:00:32:22 +0800] "GET /content/nav/relationSubject.jsp?relationWords=%E6%90%8D%E5%A4%B1%E6%A1%88+%E6%9E%97%E5%9C%92%E9%84%89+%E6%A8%99%E5%94%AE+%E6%B1%95%E5%B0%BE+%E6%BC%81%E5%A1%AD+%E7%9C%81%E6%94%BF%E5%BA%9C+%E9%AB%98%E9%9B%84%E7%B8%A3%E6%94%BF%E5%BA%9C+%E9%BB%83%E6%B8%85+%E9%BB%83%E8%90%AC+&oid=1899703 HTTP/1.1" 200 4494
66.249.71.23 - - [04/May/2016:00:32:50 +0800] "GET /digiarch3/content/subject/resource_content.jsp?oid=16777349&queryType=qc HTTP/1.1" 200 36473
101.226.169.221 - - [04/May/2016:00:32:52 +0800] "GET /digiarch3/content/subject/resource_content.jsp?oid=16777711&queryType=qc HTTP/1.1" 200 27275
1.165.94.45 - - [04/May/2016:00:33:18 +0800] "GET /content/nav/relationSubject.jsp?relationWords=%E5%8D%83%E5%B9%B4%E6%A1%90+%E6%A1%90%E8%8A%B1+%E6%B2%B9%E6%A1%90+&oid=16777599 HTTP/1.1" 200 3738
182.118.21.203 - - [04/May/2016:00:33:22 +0800] "GET /content/subject/resource_content.jsp?oid=16777453&queryType=qc HTTP/1.1" 200 28648
182.118.25.218 - - [04/May/2016:00:33:23 +0800] "GET /content/subject/resource_content.jsp?oid=16777489&queryType=qc HTTP/1.1" 200 74908
66.249.71.5 - - [04/May/2016:00:33:58 +0800] "GET /digiarch3/content/subject/resource_content.jsp?oid=16777600&queryType=qs&queryString=%E6%B5%81%E8%BD%89%E5%B9%B4%E8%8F%AF HTTP/1.1" 200 50267
66.249.71.60 - - [04/May/2016:00:34:07 +0800] "GET /content/subject/resource_content.jsp?oid=16797234&queryType=qc HTTP/1.1" 200 46558
66.249.77.97 - - [04/May/2016:00:34:10 +0800] "GET /content/subject/resource_content.jsp?oid=16797234&queryType=qc HTTP/1.1" 200 46558
182.118.20.174 - - [04/May/2016:00:34:11 +0800] "GET /content/subject/resource_content.jsp?oid=16777347&queryType=qc HTTP/1.1" 200 33725
66.249.71.105 - - [04/May/2016:00:34:17 +0800] "GET /content/nav/relationSubject.jsp?relationWords=%E7%A5%9E%E5%92%92+&oid=4363646 HTTP/1.1" 200 2975
66.249.71.113 - - [04/May/2016:00:34:20 +0800] "GET /content/nav/relationSubject.jsp?relationWords=%E7%A5%9E%E5%92%92%20&oid=4363646 HTTP/1.1" 200 2975
66.249.71.60 - - [04/May/2016:00:34:33 +0800] "GET /content/subject/resource_content.jsp?oid=16777570&queryType=qs&queryString=%E5%96%84%E6%9C%AC HTTP/1.1" 200 40413
66.249.77.85 - - [04/May/2016:00:35:10 +0800] "GET /content/subject/resource_content.jsp?oid=16777448&queryType=qc HTTP/1.1" 200 34511
134.2.103.138 - - [04/May/2016:00:35:12 +0800] "GET /content/subject/resource_content.jsp?oid=16777781&queryType=qs&queryString=%E6%A5%8A%E8%82%87%E5%98%89 HTTP/1.1" 200 57387
134.2.103.138 - - [04/May/2016:00:35:16 +0800] "GET /content/nav/relationSubject.jsp?relationWords=%E6%A5%8A%E8%82%87%E5%98%89+&oid=16777781 HTTP/1.1" 200 2610
66.249.79.117 - - [04/May/2016:00:35:40 +0800] "GET /content/nav/relationSubject.jsp?relationWords=%E5%90%88%E8%B3%87%E6%9C%83%E7%A4%BE+%E6%9D%9C%E9%A6%99%E5%9C%8B+&oid=1887445 HTTP/1.1" 200 3172
66.249.71.194 - - [04/May/2016:00:35:46 +0800] "GET /content/nav/relationSubject.jsp?relationWords=%E5%90%88%E8%B3%87%E6%9C%83%E7%A4%BE%20%E6%9D%9C%E9%A6%99%E5%9C%8B%20&oid=1887445 HTTP/1.1" 200 3172
66.249.71.113 - - [04/May/2016:00:35:58 +0800] "GET /content/nav/relationSubject.jsp?relationWords=%E7%99%BD%E7%9C%BC%E9%AE%AB%E7%A7%91+%E7%9F%AD%E9%B0%AD%E7%9C%9F%E9%AF%8A+%E8%96%94%E8%96%87%E7%99%BD%E7%9C%BC%E9%AE%AB+&oid=14097 HTTP/1.1" 200 2915
182.118.20.171 - - [04/May/2016:00:36:44 +0800] "GET /content/subject/resource_content.jsp?oid=16777334&queryType=qc HTTP/1.1" 200 27768
118.160.62.14 - - [04/May/2016:00:37:26 +0800] "GET /content/repository/resource_content.jsp?oid=1456957 HTTP/1.1" 200 30829
118.160.62.14 - - [04/May/2016:00:37:27 +0800] "GET /content/nav/relationSubject.jsp?relationWords=%E5%B1%B1%E9%BE%8D%E7%9C%BC+%E6%A4%8D%E7%89%A9%E7%95%8C+%E9%8A%80%E6%A8%BA+&oid=1456957 HTTP/1.1" 200 3231
66.249.71.14 - - [04/May/2016:00:37:36 +0800] "GET /digiarch3/content/nav/relationSubject.jsp?relationWords=%E7%8F%8A%E7%91%9A%E5%88%BA%E6%A1%90+&oid=16777333 HTTP/1.1" 200 2149
66.249.71.113 - - [04/May/2016:00:37:43 +0800] "GET /content/nav/relationSubject.jsp?relationWords=%E5%A9%81%E7%B8%A3+%E5%B7%A1%E6%92%AB+%E6%B1%9F%E5%AF%A7+&oid=2512865 HTTP/1.1" 200 3157
101.226.166.243 - - [04/May/2016:00:38:11 +0800] "GET /content/subject/resource_content.jsp?oid=16777399&queryType=qc HTTP/1.1" 200 28331
66.249.71.60 - - [04/May/2016:00:38:17 +0800] "GET /content/subject/resource_content.jsp?oid=16777721&queryString=%E6%A4%8D%E7%89%A9%E7%95%8C%20%E7%8E%89%E5%B1%B1%E8%96%84%E9%9B%AA%E8%8D%89%20%E8%8F%8A%E7%A7%91%20%E8%96%84%E9%9B%AA%E8%8D%89%E5%B1%AC%20%E9%9B%99%E5%AD%90%E8%91%89%E6%A4%8D%E7%89%A9 HTTP/1.1" 200 36216
66.249.77.85 - - [04/May/2016:00:38:33 +0800] "GET /content/nav/relationSubject.jsp?relationWords=%E4%BA%BA%E5%8A%9B%E8%B3%87%E6%BA%90+%E5%8D%A1%E9%80%9A+%E8%87%BA%E5%8C%97%E5%B8%82+%E9%9B%BB%E8%A6%96%E5%8F%B0+%E9%AB%98%E4%BA%BA+&oid=1574699 HTTP/1.1" 200 4747
66.249.77.91 - - [04/May/2016:00:38:37 +0800] "GET /content/nav/relationSubject.jsp?relationWords=%E4%BA%BA%E5%8A%9B%E8%B3%87%E6%BA%90%20%E5%8D%A1%E9%80%9A%20%E8%87%BA%E5%8C%97%E5%B8%82%20%E9%9B%BB%E8%A6%96%E5%8F%B0%20%E9%AB%98%E4%BA%BA%20&oid=1574699 HTTP/1.1" 200 4747
66.249.71.60 - - [04/May/2016:00:38:54 +0800] "GET /content/repository/resource_content.jsp?oid=14284&queryString=%E7%AE%AD%E9%BD%92%E5%89%8D%E8%82%9B%E9%B0%BB HTTP/1.1" 200 31540
66.249.71.60 - - [04/May/2016:00:39:11 +0800] "GET /content/nav/relationSubject.jsp?relationWords=%E6%B5%B7%E9%81%8B+%E7%9B%B4%E7%9D%A3+&oid=678922 HTTP/1.1" 200 3104
182.118.20.165 - - [04/May/2016:00:39:19 +0800] "GET /content/subject/resource_content.jsp?oid=16777513&queryType=qc HTTP/1.1" 200 28603
66.249.71.14 - - [04/May/2016:00:39:29 +0800] "GET /content/nav/relationSubject.jsp?relationWords=%E5%A4%AA%E9%83%8E+%E6%9D%9C%E9%A6%99%E5%9C%8B+%E6%B8%85%E7%AE%97+%E6%B8%85%E7%AE%97%E4%BA%BA+%E7%94%B0%E5%AE%AE+&oid=1887175 HTTP/1.1" 200 4153
66.249.71.14 - - [04/May/2016:00:39:33 +0800] "GET /content/nav/relationSubject.jsp?relationWords=%E5%A4%AA%E9%83%8E%20%E6%9D%9C%E9%A6%99%E5%9C%8B%20%E6%B8%85%E7%AE%97%20%E6%B8%85%E7%AE%97%E4%BA%BA%20%E7%94%B0%E5%AE%AE%20&oid=1887175 HTTP/1.1" 200 4153
66.249.79.165 - - [04/May/2016:00:39:56 +0800] "GET /content/nav/relationSubject.jsp?relationWords=%E4%B9%9D%E8%8A%8E+%E5%8D%83%E5%B1%88%E8%8F%9C%E7%A7%91+%E6%A1%83%E9%87%91%E5%AD%83+%E6%A4%8D%E7%89%A9%E7%95%8C+%E7%B4%AB%E8%96%87%E5%B1%AC+&oid=1110941 HTTP/1.1" 200 3357
66.249.71.14 - - [04/May/2016:00:40:09 +0800] "GET /digiarch3/content/subject/resource_content.jsp?oid=16777488&queryType=qc HTTP/1.1" 200 60886
66.249.71.105 - - [04/May/2016:00:40:11 +0800] "GET /content/nav/relationSubject.jsp?relationWords=%E6%9D%9C%E7%A7%8B%E9%9B%B2+%E7%AE%97%E5%91%BD+&oid=1887741 HTTP/1.1" 200 3851
66.249.71.60 - - [04/May/2016:00:40:25 +0800] "GET /content/nav/relationSubject.jsp?relationWords=%E5%8F%83%E8%AD%B0%E6%9C%83+%E5%8F%B0%E7%81%A3%E7%9C%81+%E6%94%A4%E8%B2%A9+%E7%AB%B9%E5%8D%97%E9%8E%AE+%E8%B2%A1%E6%94%BF%E5%BB%B3+%E9%84%AD%E6%B8%AD%E6%BF%B1+%E9%B3%B3%E5%B1%B1%E5%B8%82+&oid=1517152 HTTP/1.1" 200 5630
66.249.71.5 - - [04/May/2016:00:40:47 +0800] "GET /digiarch3/content/subject/resource_content.jsp?oid=16777519&queryType=qc HTTP/1.1" 200 36027
66.249.71.60 - - [04/May/2016:00:41:15 +0800] "GET /content/nav/relationSubject.jsp?relationWords=%E5%8A%89%E6%BC%A2+%E5%9C%8B%E9%98%B2%E9%83%A8+%E6%BC%A2%E7%8E%89+&oid=1517003 HTTP/1.1" 200 4590
66.249.71.60 - - [04/May/2016:00:42:01 +0800] "GET /content/nav/relationSubject.jsp?relationWords=&oid=1599883 HTTP/1.1" 200 1405
66.249.71.60 - - [04/May/2016:00:42:12 +0800] "GET /content/nav/relationSubject.jsp?relationWords=%E5%86%AC%E8%91%B5%E5%AD%90+%E6%A4%8D%E7%89%A9%E7%95%8C+%E8%8E%94%E9%BA%BB+%E9%8C%A6%E8%91%B5+%E9%8C%A6%E8%91%B5%E7%A7%91+&oid=2149307 HTTP/1.1" 200 3317
66.249.71.5 - - [04/May/2016:00:42:20 +0800] "GET /content/nav/relationSubject.jsp?relationWords=%E5%BC%B5%E4%BF%8A%E9%9B%84+%E7%B0%A1%E6%98%8E%E6%99%AF+%E8%81%AF%E7%99%BB+&oid=1889744 HTTP/1.1" 200 3185
207.46.13.2 - - [04/May/2016:00:42:25 +0800] "GET /content/repository/resource_content.jsp?oid=3812588&queryString=%E5%B1%8F%E6%9D%B1%E8%8A%B1%E6%A4%92%20%E6%A4%8D%E7%89%A9%E7%95%8C%20%E8%8A%B1%E6%A4%92%E5%B1%AC%20%E8%8A%B8%E9%A6%99%20%E8%8A%B8%E9%A6%99%E7%A7%91 HTTP/1.1" 200 31187
66.249.71.5 - - [04/May/2016:00:42:26 +0800] "GET /content/nav/relationSubject.jsp?relationWords=%E5%BC%B5%E4%BF%8A%E9%9B%84%20%E7%B0%A1%E6%98%8E%E6%99%AF%20%E8%81%AF%E7%99%BB%20&oid=1889744 HTTP/1.1" 200 3185
68.180.230.90 - - [04/May/2016:00:42:26 +0800] "GET /content/repository/resource_content.jsp?oid=1123772&queryType=qc HTTP/1.1" 200 36375
66.249.79.105 - - [04/May/2016:00:42:39 +0800] "GET /content/repository/resource_content.jsp?oid=591324&queryType=qs&queryString=%E8%B2%9D%E6%96%AF HTTP/1.1" 200 28620
66.249.77.85 - - [04/May/2016:00:43:03 +0800] "GET /content/repository/resource_content.jsp?oid=1619806&queryString=%E5%B0%8F%E5%90%83 HTTP/1.1" 200 29259
66.249.71.60 - - [04/May/2016:00:43:06 +0800] "GET /content/nav/relationSubject.jsp?relationWords=%E5%BB%96%E7%B9%BC%E9%AD%AF+&oid=1891392 HTTP/1.1" 200 3112
66.249.71.5 - - [04/May/2016:00:43:16 +0800] "GET /content/repository/resource_content.jsp?oid=4364320&queryString=%E6%8E%9B%E8%BB%B8 HTTP/1.1" 200 28582
66.249.71.60 - - [04/May/2016:00:43:54 +0800] "GET /content/repository/resource_content.jsp?oid=1894995 HTTP/1.1" 200 29421
120.101.20.241 - - [04/May/2016:00:44:00 +0800] "GET /content/subject/resource_content.jsp?oid=16777443 HTTP/1.1" 200 40047
120.101.20.241 - - [04/May/2016:00:44:04 +0800] "GET /content/nav/relationSubject.jsp?relationWords=%E8%98%AD%E5%B6%BC%E7%BE%85%E6%BC%A2%E6%9D%BE+%E9%81%94%E6%82%9F%E6%97%8F+%E9%9B%85%E7%BE%8E%E6%97%8F+&oid=16777443 HTTP/1.1" 200 3982
66.249.71.5 - - [04/May/2016:00:44:10 +0800] "GET /digiarch3/content/nav/relationSubject.jsp?relationWords=%E6%A4%8D%E7%89%A9%E7%95%8C+%E7%8E%89%E8%91%89%E9%87%91%E8%8A%B1+%E7%8E%89%E8%91%89%E9%87%91%E8%8A%B1%E5%B1%AC+%E8%8C%9C%E8%8D%89+%E8%8C%9C%E8%8D%89%E7%A7%91+&oid=3822453 HTTP/1.1" 200 3382
66.249.79.186 - - [04/May/2016:00:44:31 +0800] "GET /content/repository/resource_content.jsp?oid=14660&queryString=%E9%8A%80%E6%BC%A2%E9%AD%9A%20%E9%8A%80%E6%BC%A2%E9%AD%9A%E7%A7%91%20%E9%B1%99%E4%BB%94%20%E9%BA%A5%E9%8A%80%E6%BC%A2%E9%AD%9A HTTP/1.1" 200 35491
66.249.71.60 - - [04/May/2016:00:44:58 +0800] "GET /content/nav/relationSubject.jsp?relationWords=%E5%B0%96%E8%91%89%E6%A7%AD+%E6%A4%8D%E7%89%A9%E7%95%8C+%E6%A5%93%E6%A8%B9%E5%B1%AC+%E6%A7%AD%E6%A8%B9%E7%A7%91+%E7%84%A1%E6%82%A3%E5%AD%90+&oid=1102878 HTTP/1.1" 200 3338
66.249.77.85 - - [04/May/2016:00:45:08 +0800] "GET /content/repository/resource_content.jsp?oid=16539&queryType=qs&queryString=%E5%8D%B5%E5%B7%A2 HTTP/1.1" 200 34684
101.226.167.220 - - [04/May/2016:00:45:15 +0800] "GET /content/tmp_exh/resource_content.jsp?oid=16777845&queryType=qc%201889 HTTP/1.1" 200 46628
182.118.25.219 - - [04/May/2016:00:45:46 +0800] "GET /content/tmp_tec/resource_content.jsp?oid=16777726 HTTP/1.1" 200 34888
66.249.79.186 - - [04/May/2016:00:45:47 +0800] "GET /content/repository/resource_content.jsp?oid=1844851&queryString=%E5%90%8F%E9%83%A8%20%E6%96%B9%E9%BC%8E HTTP/1.1" 200 32210
66.249.71.60 - - [04/May/2016:00:46:23 +0800] "GET /content/repository/resource_content.jsp?oid=1532081 HTTP/1.1" 200 29161
163.25.119.97 - - [04/May/2016:00:46:42 +0800] "GET /content/subject/resource_content.jsp?oid=16777396&queryString=%E9%9D%92%E5%89%9B%E6%AB%9F HTTP/1.1" 200 34713
163.25.119.97 - - [04/May/2016:00:46:44 +0800] "GET /content/nav/relationSubject.jsp?relationWords=%E9%9D%92%E5%89%9B%E6%AB%9F+&oid=16777396 HTTP/1.1" 200 4000
66.249.71.60 - - [04/May/2016:00:47:00 +0800] "GET /content/repository/resource_content.jsp?oid=2150025 HTTP/1.1" 200 30956
66.249.71.113 - - [04/May/2016:00:47:38 +0800] "GET /content/repository/resource_content.jsp?oid=1773112&queryType=qs&queryString=%E4%BA%BA%E5%8F%A3%E7%B5%90%E6%A7%8B HTTP/1.1" 200 33758
66.249.79.186 - - [04/May/2016:00:48:08 +0800] "GET /content/nav/relationSubject.jsp?relationWords=%E7%A9%97%E8%8A%B1%E5%B1%B1%E5%A5%88+%E8%96%91%E5%B1%AC+%E9%87%8E%E8%96%91%E8%8A%B1+&oid=1110854 HTTP/1.1" 200 4148
66.249.79.200 - - [04/May/2016:00:48:53 +0800] "GET /content/repository/resource_content.jsp?oid=1607025 HTTP/1.1" 200 29682
66.249.71.60 - - [04/May/2016:00:49:18 +0800] "GET /content/nav/relationSubject.jsp?relationWords=%E5%BF%8D%E5%86%AC%E8%91%89%E6%A1%91+%E6%9D%BE%E5%AF%84%E7%94%9F%E5%B1%AC+%E6%A1%91%E5%AF%84%E7%94%9F+%E6%A4%8D%E7%89%A9%E7%95%8C+%E9%88%8D%E6%9E%9C%E6%A1%91%E5%AF%84%E7%94%9F%E5%B1%AC+&oid=2151577 HTTP/1.1" 200 3489
66.249.71.5 - - [04/May/2016:00:49:22 +0800] "GET /content/nav/relationSubject.jsp?relationWords=%E5%B0%96%E9%A0%AD%E9%BE%8D+%E7%8A%81%E9%A0%AD+%E9%A3%AF%E5%8C%99%E9%AF%8A+%E9%AD%B4%E4%BB%94+%E9%BE%8D%E7%B4%8B+&oid=14175 HTTP/1.1" 200 3554
66.249.71.60 - - [04/May/2016:00:49:30 +0800] "GET /content/repository/resource_content.jsp?oid=3823686&queryString=%E6%87%B8%E9%89%A4%E5%AD%90%E5%B1%AC%20%E6%A4%8D%E7%89%A9%E7%95%8C%20%E7%B4%85%E8%85%BA%E6%87%B8%E9%89%A4%E5%AD%90%20%E8%96%94%E8%96%87%E7%9B%AE%20%E8%96%94%E8%96%87%E7%A7%91 HTTP/1.1" 200 31471
66.249.71.60 - - [04/May/2016:00:49:33 +0800] "GET /content/nav/relationSubject.jsp?relationWords=%E8%99%8E%E7%A7%91+&oid=19494 HTTP/1.1" 200 2935
66.249.77.97 - - [04/May/2016:00:49:37 +0800] "GET /content/repository/resource_content.jsp?oid=4387904&queryString=%E5%A4%9A%E6%A8%A3%E6%80%A7%20%E7%A5%9E%E7%A5%AD%20%E8%B2%9D%E5%A1%9A%20%E8%B2%9D%E7%A5%9E%20%E9%84%92%E6%97%8F HTTP/1.1" 200 31147
66.249.79.186 - - [04/May/2016:00:50:08 +0800] "GET /content/repository/resource_content.jsp?oid=1834525&queryString=%E9%AB%98%E9%A0%A4%E9%97%95 HTTP/1.1" 200 31527
66.249.71.60 - - [04/May/2016:00:50:36 +0800] "GET /content/nav/relationSubject.jsp?relationWords=%E4%B8%AD%E8%97%A5+%E4%BF%A1%E7%94%A8%E5%90%88%E4%BD%9C%E7%A4%BE+%E5%8D%B0%E8%8A%B1%E7%A8%85+%E6%95%99%E8%82%B2%E5%BB%B3+%E7%87%9F%E6%A5%AD%E7%A8%85+%E7%A8%85%E6%8D%90+%E7%A8%85%E6%94%B6+%E7%B6%9C%E5%90%88%E6%89%80%E5%BE%97%E7%A8%85+%E8%87%BA%E4%B8%AD%E5%B8%82+%E8%87%BA%E4%B8%AD%E5%B8%82%E8%AD%B0%E6%9C%83+%E8%99%95%E9%95%B7+%E8%B2%A1%E6%94%BF%E5%BB%B3+&oid=1549803 HTTP/1.1" 200 5376
66.249.71.5 - - [04/May/2016:00:50:45 +0800] "GET /digiarch3/content/repository/resource_content.jsp?oid=1600472&queryString=%E8%A7%80%E9%9F%B3%E5%83%8F HTTP/1.1" 200 31317
66.249.71.60 - - [04/May/2016:00:50:47 +0800] "GET /content/nav/relationSubject.jsp?relationWords=&oid=18465 HTTP/1.1" 200 1405
66.249.71.60 - - [04/May/2016:00:51:22 +0800] "GET /content/repository/resource_content.jsp?oid=1612291 HTTP/1.1" 200 28553
66.249.71.105 - - [04/May/2016:00:51:59 +0800] "GET /content/repository/resource_content.jsp?oid=2680072&queryType=qs&queryString=%E5%B8%B8%E5%B7%9E%E5%BA%9C HTTP/1.1" 200 30270
66.249.77.91 - - [04/May/2016:00:52:37 +0800] "GET /content/subject/resource_content.jsp?oid=16777385&queryType=qs&queryString=%E7%BE%BD%E7%8B%80%E8%A4%87%E8%91%89 HTTP/1.1" 200 34215
66.249.71.188 - - [04/May/2016:00:53:10 +0800] "GET /content/nav/relationSubject.jsp?relationWords=%E4%BD%8E%E5%88%A9%E8%B2%B8%E6%AC%BE+%E7%95%9C%E7%89%A7+%E7%9C%81%E6%94%BF%E5%BA%9C+%E8%87%A8%E6%99%82%E7%9C%81%E8%AD%B0%E6%9C%83+%E8%87%BA%E7%81%A3%E7%9C%81+%E9%AB%98%E8%B4%8F%E6%B8%85+&oid=1527123 HTTP/1.1" 200 4737
66.249.71.60 - - [04/May/2016:00:53:14 +0800] "GET /content/repository/resource_content.jsp?oid=1558680 HTTP/1.1" 200 28609
66.249.79.117 - - [04/May/2016:00:53:14 +0800] "GET /content/nav/relationSubject.jsp?relationWords=%E4%BD%8E%E5%88%A9%E8%B2%B8%E6%AC%BE%20%E7%95%9C%E7%89%A7%20%E7%9C%81%E6%94%BF%E5%BA%9C%20%E8%87%A8%E6%99%82%E7%9C%81%E8%AD%B0%E6%9C%83%20%E8%87%BA%E7%81%A3%E7%9C%81%20%E9%AB%98%E8%B4%8F%E6%B8%85%20&oid=1527123 HTTP/1.1" 200 4737
66.249.71.105 - - [04/May/2016:00:53:55 +0800] "GET /content/repository/resource_content.jsp?oid=279252&queryType=qs&queryString=%E6%B7%AE%E9%99%BD HTTP/1.1" 200 29932
68.180.230.90 - - [04/May/2016:00:54:02 +0800] "GET /content/subject/resource_content.jsp?oid=16777482&queryType=qc HTTP/1.1" 200 37206
66.249.71.23 - - [04/May/2016:00:54:27 +0800] "GET /digiarch3/content/nav/relationSubject.jsp?relationWords=%E5%8F%83%E8%AD%B0%E5%93%A1+%E5%8F%B0%E7%81%A3%E7%9C%81+%E5%BD%B0%E5%8C%96%E5%B8%82+%E5%BD%B0%E5%8C%96%E5%B8%82%E5%8F%83%E8%AD%B0%E6%9C%83+%E6%9D%8E%E5%8F%8B%E4%B8%89+%E6%AE%B7%E5%8D%A0%E9%AD%81+%E8%87%BA%E7%81%A3%E7%9C%81%E5%8F%83%E8%AD%B0%E6%9C%83+%E8%8F%9C%E5%B8%82%E5%A0%B4+%E8%94%AC%E6%9E%9C+%E9%AB%98%E9%9B%84%E5%B8%82+&oid=1518148 HTTP/1.1" 200 4835
66.249.71.105 - - [04/May/2016:00:54:36 +0800] "GET /content/repository/resource_content.jsp?oid=747978&queryType=qs&queryString=%E5%B7%B4%E8%B3%BD HTTP/1.1" 200 28847
66.249.71.5 - - [04/May/2016:00:54:36 +0800] "GET /digiarch3/content/nav/relationSubject.jsp?relationWords=%E5%8F%83%E8%AD%B0%E5%93%A1%20%E5%8F%B0%E7%81%A3%E7%9C%81%20%E5%BD%B0%E5%8C%96%E5%B8%82%20%E5%BD%B0%E5%8C%96%E5%B8%82%E5%8F%83%E8%AD%B0%E6%9C%83%20%E6%9D%8E%E5%8F%8B%E4%B8%89%20%E6%AE%B7%E5%8D%A0%E9%AD%81%20%E8%87%BA%E7%81%A3%E7%9C%81%E5%8F%83%E8%AD%B0%E6%9C%83%20%E8%8F%9C%E5%B8%82%E5%A0%B4%20%E8%94%AC%E6%9E%9C%20%E9%AB%98%E9%9B%84%E5%B8%82%20&oid=1518148 HTTP/1.1" 200 4835
66.249.79.200 - - [04/May/2016:00:54:40 +0800] "GET /content/nav/relationSubject.jsp?relationWords=%E6%B3%B0%E5%88%A9+&oid=18435 HTTP/1.1" 200 2935
182.118.25.222 - - [04/May/2016:00:54:48 +0800] "GET /digiarch3/content/subject/resource_content.jsp?oid=16777594&queryType=qc HTTP/1.1" 200 40432
182.118.25.224 - - [04/May/2016:00:54:48 +0800] "GET /digiarch3/content/subject/resource_content.jsp?oid=16777721&queryType=qc HTTP/1.1" 200 36331
66.249.77.91 - - [04/May/2016:00:54:55 +0800] "GET /content/nav/relationSubject.jsp?relationWords=%E5%81%A5%E5%BA%B7%E6%A1%88+%E5%B0%8F%E5%90%83+%E5%B9%BC%E8%8B%97+%E6%94%A4%E8%B2%A9+%E7%A6%8F%E5%88%A9%E7%A4%BE+&oid=1619806 HTTP/1.1" 200 6396
66.249.79.251 - - [04/May/2016:00:54:59 +0800] "GET /content/nav/relationSubject.jsp?relationWords=%E5%81%A5%E5%BA%B7%E6%A1%88%20%E5%B0%8F%E5%90%83%20%E5%B9%BC%E8%8B%97%20%E6%94%A4%E8%B2%A9%20%E7%A6%8F%E5%88%A9%E7%A4%BE%20&oid=1619806 HTTP/1.1" 200 6396
66.249.71.105 - - [04/May/2016:00:55:03 +0800] "GET /content/nav/relationSubject.jsp?relationWords=%E5%90%B3%E5%B7%A1+%E5%9C%8B%E7%A8%85+%E6%88%AA%E7%95%99%E9%B9%BD+%E6%B5%B7%E8%BB%8D%E8%89%A6%E9%9A%8A+%E7%84%A1%E7%B7%9A%E9%9B%BB+%E7%A8%85%E7%8E%87+%E9%97%9C%E9%A4%98+%E9%B9%BD%E7%A8%85+&oid=606735 HTTP/1.1" 200 4208
66.249.71.60 - - [04/May/2016:00:55:07 +0800] "GET /content/repository/resource_content.jsp?oid=1101918&queryString=%E6%A4%8D%E7%89%A9%E7%95%8C%20%E8%8F%8A%E7%A7%91%20%E9%95%B7%E6%9F%84%E8%8F%8A%20%E9%95%B7%E6%9F%84%E8%8F%8A%E5%B1%AC%20%E9%9B%99%E5%AD%90%E8%91%89%E6%A4%8D%E7%89%A9 HTTP/1.1" 200 31337
66.249.71.60 - - [04/May/2016:00:55:37 +0800] "GET /content/nav/relationSubject.jsp?relationWords=%E4%B8%AD%E5%9F%94+%E4%B8%AD%E5%9F%94%E9%84%89+%E5%8D%97%E9%9D%96+%E5%90%B3%E4%B8%80%E8%A1%9B+%E5%9C%9F%E5%9C%B0%E6%94%BF%E7%AD%96+%E6%9D%8E%E9%8A%91+%E6%A8%99%E5%94%AE+%E7%9C%81%E6%94%BF%E5%BA%9C+%E7%B3%96%E5%BB%A0+%E8%87%BA%E7%B3%96+%E8%B3%B4%E6%A8%B9%E6%97%BA+&oid=1531262 HTTP/1.1" 200 4882
66.249.71.60 - - [04/May/2016:00:55:39 +0800] "GET /content/nav/relationSubject.jsp?relationWords=%E4%B8%AD%E5%9F%94%20%E4%B8%AD%E5%9F%94%E9%84%89%20%E5%8D%97%E9%9D%96%20%E5%90%B3%E4%B8%80%E8%A1%9B%20%E5%9C%9F%E5%9C%B0%E6%94%BF%E7%AD%96%20%E6%9D%8E%E9%8A%91%20%E6%A8%99%E5%94%AE%20%E7%9C%81%E6%94%BF%E5%BA%9C%20%E7%B3%96%E5%BB%A0%20%E8%87%BA%E7%B3%96%20%E8%B3%B4%E6%A8%B9%E6%97%BA%20&oid=1531262 HTTP/1.1" 200 4882
66.249.71.60 - - [04/May/2016:00:55:45 +0800] "GET /content/repository/resource_content.jsp?oid=1113976 HTTP/1.1" 200 31276
66.249.71.60 - - [04/May/2016:00:56:27 +0800] "GET /content/nav/relationSubject.jsp?relationWords=%E5%8B%95%E5%93%A1%E6%88%A1%E4%BA%82%E6%99%82%E6%9C%9F+%E5%8F%B8%E6%B3%95%E9%99%A2+%E5%90%88%E6%86%B2+%E5%A4%A7%E6%B3%95%E5%AE%98%E6%9C%83%E8%AD%B0+%E6%86%B2%E6%B3%95+%E6%94%BF%E5%BA%9C%E7%B5%84%E7%B9%94+%E7%AB%8B%E6%B3%95%E9%99%A2+%E8%87%BA%E7%81%A3%E7%9C%81%E6%94%BF%E5%BA%9C+%E8%87%BA%E7%81%A3%E7%9C%81%E8%AD%B0%E6%9C%83+&oid=1591715 HTTP/1.1" 200 4863
66.249.71.105 - - [04/May/2016:00:56:46 +0800] "GET /content/nav/relationSubject.jsp?relationWords=%E7%8E%89%E5%B1%B1%E8%96%84%E9%9B%AA%E8%8D%89+&oid=16777721 HTTP/1.1" 200 3686
66.249.77.85 - - [04/May/2016:00:56:48 +0800] "GET /content/nav/relationSubject.jsp?relationWords=%E5%B0%8F%E7%B1%B3%E6%94%B6%E7%A9%AB%E7%A5%AD+%E7%89%B9%E5%AF%8C%E9%87%8E+%E7%A5%AD%E5%84%80+%E8%B7%AF%E7%A5%AD+%E8%BF%8E%E7%A5%9E+%E9%84%92%E6%97%8F+&oid=4387904 HTTP/1.1" 200 4659
66.249.77.85 - - [04/May/2016:00:56:52 +0800] "GET /content/nav/relationSubject.jsp?relationWords=%E5%B0%8F%E7%B1%B3%E6%94%B6%E7%A9%AB%E7%A5%AD%20%E7%89%B9%E5%AF%8C%E9%87%8E%20%E7%A5%AD%E5%84%80%20%E8%B7%AF%E7%A5%AD%20%E8%BF%8E%E7%A5%9E%20%E9%84%92%E6%97%8F%20&oid=4387904 HTTP/1.1" 200 4659
66.249.71.59 - - [04/May/2016:00:56:58 +0800] "GET /content/repository/resource_content.jsp?oid=14094&queryString=%E7%99%BD%E7%9C%BC%E9%AE%AB%20%E7%99%BD%E7%9C%BC%E9%AE%AB%E7%A7%91%20%E7%9C%9F%E9%AF%8A HTTP/1.1" 200 35745
66.249.71.105 - - [04/May/2016:00:57:06 +0800] "GET /content/nav/relationSubject.jsp?relationWords=%E5%BB%82%E7%99%BD%E6%97%97+%E6%97%97%E6%BB%BF%E6%B4%B2+&oid=2651904 HTTP/1.1" 200 3176
66.249.71.105 - - [04/May/2016:00:57:09 +0800] "GET /content/nav/relationSubject.jsp?relationWords=%E5%BB%82%E7%99%BD%E6%97%97%20%E6%97%97%E6%BB%BF%E6%B4%B2%20&oid=2651904 HTTP/1.1" 200 3176
66.249.71.50 - - [04/May/2016:00:57:36 +0800] "GET /content/repository/resource_content.jsp?oid=4362872&queryString=%E5%85%AB%E5%AE%B6%E5%B0%87%20%E5%B9%B3%E5%AE%89%E7%AC%A6 HTTP/1.1" 200 30464
66.249.71.60 - - [04/May/2016:00:57:54 +0800] "GET /content/nav/relationSubject.jsp?relationWords=%E4%BA%A4%E9%80%9A%E8%99%95+%E6%BE%8E%E6%B9%96%E7%B8%A3%E8%AD%B0%E6%9C%83+%E9%AB%98%E9%A6%AC%E7%B7%9A+&oid=1525232 HTTP/1.1" 200 5377
220.134.203.48 - - [04/May/2016:00:58:09 +0800] "GET /content/nav/relationSubject.jsp?relationWords=%E6%A5%93%E9%A6%99+&oid=16777275 HTTP/1.1" 200 3838
66.249.71.5 - - [04/May/2016:00:58:39 +0800] "GET /content/nav/relationSubject.jsp?relationWords=%E5%91%A8%E6%B8%85%E7%8E%89+%E9%99%B3%E6%98%8E%E6%96%87+&oid=1894323 HTTP/1.1" 200 3172
66.249.79.200 - - [04/May/2016:00:58:51 +0800] "GET /content/repository/resource_content.jsp?oid=1105820&queryString=%E4%B8%89%E4%B8%83%E8%8D%89%E5%B1%AC%20%E9%BB%83%E8%8A%B1%E4%B8%89%E4%B8%83%E8%8D%89 HTTP/1.1" 200 31567
66.249.71.60 - - [04/May/2016:00:59:28 +0800] "GET /content/repository/resource_content.jsp?oid=1542551 HTTP/1.1" 200 28739
66.249.71.105 - - [04/May/2016:01:00:05 +0800] "GET /content/repository/resource_content.jsp?oid=4589222&queryType=qs&queryString=%E7%8E%84%E6%AD%A6%E5%B2%A9 HTTP/1.1" 200 29423
66.249.71.23 - - [04/May/2016:01:01:33 +0800] "GET /content/nav/relationSubject.jsp?relationWords=%E5%8D%B7%E9%A6%96+&oid=4467914 HTTP/1.1" 200 2927
66.249.71.5 - - [04/May/2016:01:01:36 +0800] "GET /content/nav/relationSubject.jsp?relationWords=%E5%8D%B7%E9%A6%96%20&oid=4467914 HTTP/1.1" 200 2927
1.174.77.166 - - [04/May/2016:01:02:12 +0800] "GET /content/tmp_exh/resource_content.jsp?oid=16777817&queryType=qc HTTP/1.1" 200 34748
1.174.77.166 - - [04/May/2016:01:02:12 +0800] "GET /content/nav/relationSubject.jsp?relationWords=%E6%96%87%E5%8C%96%E4%B8%AD%E5%BF%83+&oid=16777817 HTTP/1.1" 200 8845
66.249.71.5 - - [04/May/2016:01:02:22 +0800] "GET /digiarch3/content/nav/relationSubject.jsp?relationWords=%E5%88%BA%E9%AD%9A+%E7%96%8A%E6%B3%A2%E8%93%8B%E5%88%BA%E9%AD%9A+%E8%93%8B%E5%88%BA%E9%AD%9A+%E8%97%8D%E7%B4%8B%E7%A5%9E%E4%BB%99+&oid=15562 HTTP/1.1" 200 3513
66.249.71.5 - - [04/May/2016:01:02:25 +0800] "GET /digiarch3/content/nav/relationSubject.jsp?relationWords=%E5%88%BA%E9%AD%9A%20%E7%96%8A%E6%B3%A2%E8%93%8B%E5%88%BA%E9%AD%9A%20%E8%93%8B%E5%88%BA%E9%AD%9A%20%E8%97%8D%E7%B4%8B%E7%A5%9E%E4%BB%99%20&oid=15562 HTTP/1.1" 200 3513
66.249.64.181 - - [04/May/2016:01:02:50 +0800] "GET /content/repository/resource_content.jsp?oid=1887856&queryString=%E4%B8%AD%E8%97%A5%20%E4%B9%BE%E5%85%83%20%E5%95%86%E8%A1%8C%20%E8%BF%AA%E5%8C%96%E8%A1%97 HTTP/1.1" 200 30378
173.252.88.152 - - [04/May/2016:01:03:07 +0800] "GET /content/subject/resource_content.jsp?oid=16777306&queryString HTTP/1.1" 200 32128
66.249.71.5 - - [04/May/2016:01:03:49 +0800] "GET /digiarch3/content/subject/resource_content.jsp?oid=16777270&queryType=qc HTTP/1.1" 200 33806
39.13.160.57 - - [04/May/2016:01:04:00 +0800] "GET /content/repository/resource_content.jsp?oid=1887736&queryType=qs&queryString=%E6%9D%9C%E7%A7%8B%E9%9B%B2 HTTP/1.1" 200 30995
39.13.160.57 - - [04/May/2016:01:04:01 +0800] "GET /content/nav/relationSubject.jsp?relationWords=%E5%AD%B8%E5%AF%AE+%E6%9D%9C%E7%A7%8B%E9%9B%B2+%E6%9D%9C%E9%A6%99%E5%9C%8B+&oid=1887736 HTTP/1.1" 200 3192
173.252.88.151 - - [04/May/2016:01:04:21 +0800] "GET /content/repository/resource_content.jsp?oid=179162&queryString=%E4%BF%9D%E5%8A%9B+%E6%81%86%E6%98%A5%E5%8D%8A%E5%B3%B6+%E7%89%A1%E4%B8%B9%E7%A4%BE%E4%BA%8B%E4%BB%B6+%E7%95%AA%E7%A4%BE HTTP/1.1" 200 30433
66.249.77.85 - - [04/May/2016:01:04:27 +0800] "GET /content/subject/resource_content.jsp?oid=16777599&queryType=qc HTTP/1.1" 200 36988
