66.249.71.60 - - [08/Mar/2016:01:45:13 +0800] "GET /content/subject/resource_content.jsp?oid=16777498 HTTP/1.1" 200 40483
66.249.71.41 - - [08/Mar/2016:01:45:22 +0800] "GET /content/repository/resource_content.jsp?oid=1592860&queryType=qs&queryString=%E7%B6%93%E6%BF%9F%E5%88%A9%E7%9B%8A HTTP/1.1" 200 29559
68.180.228.187 - - [08/Mar/2016:01:45:27 +0800] "GET /content/tmp_exh/resource_content.jsp?oid=16777834&queryType=qc HTTP/1.1" 200 27576
66.249.71.105 - - [08/Mar/2016:01:45:31 +0800] "GET /content/repository/resource_content.jsp?oid=4351744&queryType=qs&queryString=%E9%AD%9A%E8%9D%A8 HTTP/1.1" 200 33738
66.249.74.98 - - [08/Mar/2016:01:45:40 +0800] "GET /content/repository/resource_content.jsp?oid=1082922&queryString=%E8%93%8B%E9%A6%AC%E6%B0%8F%E7%9B%94%E9%AD%9A%20%E9%9A%86%E9%A0%AD%E9%AD%9A%E7%A7%91 HTTP/1.1" 200 30224
66.249.71.60 - - [08/Mar/2016:01:45:49 +0800] "GET /content/repository/resource_content.jsp?oid=1104304 HTTP/1.1" 200 31358
66.249.79.27 - - [08/Mar/2016:01:45:59 +0800] "GET /content/repository/resource_content.jsp?oid=1176310&queryString=%E5%B1%B1%E5%AF%A8%E9%96%80 HTTP/1.1" 200 27918
101.226.167.240 - - [08/Mar/2016:01:46:02 +0800] "GET /digiarch3/content/subject/resource_content.jsp?oid=16777770&queryType=qc%3E HTTP/1.1" 200 53872
66.249.71.60 - - [08/Mar/2016:01:46:07 +0800] "GET /content/repository/resource_content.jsp?oid=22007 HTTP/1.1" 200 29772
66.249.71.5 - - [08/Mar/2016:01:46:16 +0800] "GET /digiarch3/content/subject/resource_content.jsp?oid=16777293&queryString=%E5%A4%A7%E8%91%89%E5%B1%B1%E6%AC%96 HTTP/1.1" 200 32345
66.249.71.60 - - [08/Mar/2016:01:46:34 +0800] "GET /digiarch_en/content/tmp_exh/resource_content.jsp?oid=16777830&queryString= HTTP/1.1" 200 25782
66.249.71.60 - - [08/Mar/2016:01:46:43 +0800] "GET /content/repository/resource_content.jsp?oid=3112005 HTTP/1.1" 200 29538
66.249.71.60 - - [08/Mar/2016:01:46:52 +0800] "GET /content/repository/resource_content.jsp?oid=188174 HTTP/1.1" 200 30293
66.249.71.60 - - [08/Mar/2016:01:47:01 +0800] "GET /content/repository/resource_content.jsp?oid=1773565 HTTP/1.1" 200 36255
66.249.71.113 - - [08/Mar/2016:01:47:10 +0800] "GET /content/repository/resource_content.jsp?oid=2663487&queryType=qs&queryString=%E5%AE%89%E4%BE%AF HTTP/1.1" 200 30099
66.249.74.98 - - [08/Mar/2016:01:47:19 +0800] "GET /content/repository/resource_content.jsp?oid=2532655 HTTP/1.1" 200 28661
66.249.71.113 - - [08/Mar/2016:01:47:29 +0800] "GET /content/repository/resource_content.jsp?oid=4470387&queryType=qs&queryString=%E5%8C%97%E7%99%BD%E5%B7%9D%E5%AE%AE HTTP/1.1" 200 36197
66.249.71.105 - - [08/Mar/2016:01:47:37 +0800] "GET /content/repository/resource_content.jsp?oid=4473446&queryType=qs&queryString=%E9%91%91%E8%B3%9E HTTP/1.1" 200 28529
66.249.71.60 - - [08/Mar/2016:01:47:38 +0800] "GET /content/nav/relationSubject.jsp?relationWords=%E6%A4%8D%E7%89%A9%E7%95%8C+%E7%93%B6%E7%88%BE%E5%B0%8F%E8%8D%89+%E7%93%B6%E7%88%BE%E5%B0%8F%E8%8D%89%E7%A7%91+%E8%95%A8%E9%A1%9E%E6%A4%8D%E7%89%A9+%E8%96%84%E8%91%89%E5%A4%A7%E9%99%B0%E5%9C%B0%E8%95%A8+%E9%99%B0%E5%9C%B0%E8%95%A8%E5%B1%AC+&oid=2145128 HTTP/1.1" 200 3418
66.249.71.105 - - [08/Mar/2016:01:47:46 +0800] "GET /content/repository/resource_content.jsp?oid=2522380&queryType=qs&queryString=%E5%B4%96%E5%B7%9E HTTP/1.1" 200 30673
66.249.71.60 - - [08/Mar/2016:01:47:55 +0800] "GET /content/repository/resource_content.jsp?oid=3811607&queryString=%E5%A4%A7%E8%B1%86%E5%B1%AC%20%E6%89%81%E8%B1%86%E8%8E%A2%E5%A4%A7%E8%B1%86%20%E6%A4%8D%E7%89%A9%E7%95%8C%20%E8%A0%B6%E8%B1%86%20%E9%9B%99%E5%AD%90%E8%91%89%E6%A4%8D%E7%89%A9 HTTP/1.1" 200 30990
66.249.71.60 - - [08/Mar/2016:01:48:03 +0800] "GET /content/repository/resource_content.jsp?oid=1834287&queryString=%E5%B4%96%E5%A2%93%20%E6%8B%93%E7%89%87%20%E6%96%B0%E6%B4%A5%20%E6%96%B0%E6%B4%A5%E7%9F%B3%E5%87%BD%E7%95%AB%E8%B1%A1 HTTP/1.1" 200 32170
66.249.71.105 - - [08/Mar/2016:01:48:13 +0800] "GET /content/repository/resource_content.jsp?oid=4492186&queryString=%E9%91%91%E8%B3%9E HTTP/1.1" 200 28247
66.249.79.179 - - [08/Mar/2016:01:48:22 +0800] "GET /content/subject/resource_content.jsp?oid=16777286&queryType=qc HTTP/1.1" 200 37583
66.249.71.105 - - [08/Mar/2016:01:48:31 +0800] "GET /content/repository/resource_content.jsp?oid=1778381&queryType=qs&queryString=%E9%83%BD%E6%AD%B7 HTTP/1.1" 200 39661
66.249.71.60 - - [08/Mar/2016:01:48:40 +0800] "GET /content/subject/resource_content.jsp?oid=16777736&queryType=qs&queryString=%E8%A5%BF%E6%96%BD%E8%8A%B1 HTTP/1.1" 200 43073
66.249.71.60 - - [08/Mar/2016:01:48:49 +0800] "GET /content/repository/resource_content.jsp?oid=21453&queryString=%E4%B8%89%E7%B7%9A%E7%B4%AB%E8%83%B8%E9%AD%9A%20%E9%9A%86%E9%A0%AD%E9%AD%9A%E7%A7%91 HTTP/1.1" 200 30220
66.249.71.60 - - [08/Mar/2016:01:48:58 +0800] "GET /content/repository/resource_content.jsp?oid=1101835 HTTP/1.1" 200 30972
66.249.79.30 - - [08/Mar/2016:01:49:07 +0800] "GET /content/repository/resource_content.jsp?oid=1782491&queryString=%E6%8E%98%E6%A3%92%20%E7%A5%AD%E7%A5%80%E7%94%A8%E6%8E%98%E6%A3%92%20%E9%9B%85%E7%BE%8E%20%E9%9B%85%E7%BE%8E%E6%97%8F HTTP/1.1" 200 28407
66.249.77.91 - - [08/Mar/2016:01:49:16 +0800] "GET /content/subject/resource_content.jsp?oid=16777387&queryString=%E6%93%AC%E9%B1%B8%20%E6%B2%88%E6%B0%8F%20%E7%8B%97%E6%AF%8D%E9%AD%9A%20%E7%B5%A8%E6%AF%9B%E9%AF%8A%20%E8%A3%B8%E8%83%B8%E9%AF%99%20%E9%82%B5%E6%B0%8F%20%E9%A6%AC%E5%8F%A3%E9%AD%9A%20%E9%AE%9F%E9%B1%87%20%E9%BB%91%E7%89%99%E6%A3%98%E8%8C%84%E9%AD%9A HTTP/1.1" 200 34771
66.249.71.5 - - [08/Mar/2016:01:49:25 +0800] "GET /digiarch3/content/repository/resource_content.jsp?oid=4351730&queryString=%E6%B5%B7%E9%B0%BB%20%E6%B5%B7%E9%B0%BB%E7%A7%91%20%E8%99%8E%E9%B0%BB HTTP/1.1" 200 34458
66.249.71.60 - - [08/Mar/2016:01:50:16 +0800] "GET /content/repository/resource_content.jsp?oid=1891578 HTTP/1.1" 200 28150
101.226.168.248 - - [08/Mar/2016:01:50:16 +0800] "GET /digiarch3/content/subject/resource_content.jsp?oid=16777596&queryType=qc HTTP/1.1" 200 29155
66.249.77.97 - - [08/Mar/2016:01:50:45 +0800] "GET /content/repository/resource_content.jsp?oid=1778417&queryString=%E8%A6%96%E8%A6%BA HTTP/1.1" 200 33112
66.249.71.60 - - [08/Mar/2016:01:50:57 +0800] "GET /content/subject/resource_content.jsp?oid=16777618&queryType=qs&queryString=%E8%AD%B0%E6%9C%83 HTTP/1.1" 200 47544
66.249.71.60 - - [08/Mar/2016:01:51:17 +0800] "GET /content/repository/resource_content.jsp?oid=1818495 HTTP/1.1" 200 29067
66.249.74.59 - - [08/Mar/2016:01:51:32 +0800] "GET /content/repository/resource_content.jsp?oid=607416&queryType=qs&queryString=%E6%97%A5%E6%96%AF%E5%B7%B4%E5%B0%BC%E4%BA%9E HTTP/1.1" 200 28270
66.249.71.41 - - [08/Mar/2016:01:51:38 +0800] "GET /content/repository/resource_content.jsp?oid=2677002&queryString=%E5%90%8F%E9%83%A8%20%E5%A0%B1%E6%8E%A5%E5%8D%B0 HTTP/1.1" 200 30495
66.249.71.60 - - [08/Mar/2016:01:51:43 +0800] "GET /content/repository/resource_content.jsp?oid=1099682 HTTP/1.1" 200 31013
66.249.71.60 - - [08/Mar/2016:01:51:48 +0800] "GET /content/repository/resource_content.jsp?oid=523637&queryString=%E4%B9%9D%E5%AD%94%20%E4%B9%9D%E5%AD%94%E8%9E%BA%20%E7%89%A1%E8%A0%A3%20%E9%AE%91%E9%AD%9A HTTP/1.1" 200 35956
66.249.71.60 - - [08/Mar/2016:01:51:53 +0800] "GET /content/repository/resource_content.jsp?oid=16482 HTTP/1.1" 200 34342
66.249.74.98 - - [08/Mar/2016:01:51:57 +0800] "GET /content/repository/resource_content.jsp?oid=19045 HTTP/1.1" 200 29774
66.249.71.105 - - [08/Mar/2016:01:52:00 +0800] "GET /content/repository/resource_content.jsp?oid=1777933&queryType=qs&queryString=%E4%B8%98%E5%BB%B6%E4%BA%AE HTTP/1.1" 200 36287
66.249.71.105 - - [08/Mar/2016:01:52:04 +0800] "GET /content/repository/resource_content.jsp?oid=1580209&queryType=qs&queryString=%E8%BE%B2%E6%9E%97%E9%A1%9E HTTP/1.1" 200 28948
66.249.71.60 - - [08/Mar/2016:01:52:07 +0800] "GET /content/repository/resource_content.jsp?oid=1574553&queryString=%E6%BD%AE%E6%B5%81%20%E7%A4%BE%E6%9C%83%E8%AE%8A%E9%81%B7 HTTP/1.1" 200 28921
66.249.74.98 - - [08/Mar/2016:01:52:10 +0800] "GET /content/subject/resource_content.jsp?oid=16777640&queryType=qs&queryString=%E6%A5%8A%E8%82%87%E5%98%89 HTTP/1.1" 200 61963
66.249.71.164 - - [08/Mar/2016:01:52:13 +0800] "GET /content/repository/resource_content.jsp?oid=1780874&queryString=%E5%AE%B6%E5%B1%8B%E8%A3%9D%E9%A3%BE%20%E6%B5%AE%E9%9B%95 HTTP/1.1" 200 31046
66.249.71.60 - - [08/Mar/2016:01:52:15 +0800] "GET /content/repository/resource_content.jsp?oid=1565335&queryString=%E9%9C%AA%E9%9B%A8 HTTP/1.1" 200 34515
66.249.71.60 - - [08/Mar/2016:01:52:18 +0800] "GET /content/repository/resource_content.jsp?oid=1113741&queryString=%E5%AE%BF%E6%9F%B1%E8%96%B9%20%E6%A4%8D%E7%89%A9%E7%95%8C%20%E7%9F%AD%E8%8E%96%20%E7%9F%AD%E8%8E%96%E5%AE%BF%E6%9F%B1%E8%96%B9%20%E8%8E%8E%E8%8D%89%20%E8%8E%8E%E8%8D%89%E7%A7%91%20%E8%96%B9%E5%B1%AC HTTP/1.1" 200 31698
66.249.74.98 - - [08/Mar/2016:01:52:20 +0800] "GET /content/repository/resource_content.jsp?oid=1101515 HTTP/1.1" 200 31484
66.249.77.91 - - [08/Mar/2016:01:52:37 +0800] "GET /content/repository/resource_content.jsp?oid=2667935&queryString=%E9%97%9C%E7%A8%85%20%E9%B3%B3%E9%99%BD%E9%97%9C HTTP/1.1" 200 30297
66.249.71.60 - - [08/Mar/2016:01:52:46 +0800] "GET /content/repository/resource_content.jsp?oid=188440&queryString=%E8%88%AA%E7%A9%BA%E5%9C%96 HTTP/1.1" 200 30653
66.249.71.60 - - [08/Mar/2016:01:52:55 +0800] "GET /content/repository/resource_content.jsp?oid=688773&queryString=%E4%BA%BA%E5%90%8D%E6%AC%8A%E5%A8%81%20%E6%B5%B7%E9%B5%AC HTTP/1.1" 200 28562
66.249.71.60 - - [08/Mar/2016:01:53:14 +0800] "GET /content/repository/resource_content.jsp?oid=2634842 HTTP/1.1" 200 29837
68.180.228.187 - - [08/Mar/2016:01:53:15 +0800] "GET /digiarch_en/content/subject/resource_content.jsp?oid=16777838&queryType=qc HTTP/1.1" 200 54445
66.249.71.5 - - [08/Mar/2016:01:53:22 +0800] "GET /digiarch3/content/repository/resource_content.jsp?oid=1887782&queryType=qs&queryString=%E6%9D%9C%E9%A6%99%E5%9C%8B HTTP/1.1" 200 31962
66.249.71.5 - - [08/Mar/2016:01:53:31 +0800] "GET /digiarch3/content/subject/resource_content.jsp?oid=16777524&queryType=qs&queryString=%E8%B2%A0%E8%B2%AC%E4%BA%BA HTTP/1.1" 200 27678
66.249.74.98 - - [08/Mar/2016:01:53:40 +0800] "GET /content/repository/resource_content.jsp?oid=2152534&queryString=%E5%98%89%E8%B3%9C%E6%9C%A8%E5%B1%AC%20%E5%A4%A7%E9%A2%A8%E5%AD%90%20%E6%A4%8D%E7%89%A9%E7%95%8C%20%E8%8F%AB%E8%8F%9C%20%E8%96%84%E8%91%89%E5%98%89%E8%B3%9C%E6%9C%A8 HTTP/1.1" 200 31358
66.249.77.85 - - [08/Mar/2016:01:53:49 +0800] "GET /content/repository/resource_content.jsp?oid=14073&queryString=%E9%AF%A8%E9%AE%AB%20%E9%AF%A8%E9%AE%AB%E7%A7%91%20%E9%AF%A8%E9%AF%8A HTTP/1.1" 200 35452
66.249.71.60 - - [08/Mar/2016:01:53:56 +0800] "GET /content/nav/relationSubject.jsp?relationWords=&oid=2605137 HTTP/1.1" 200 1405
66.249.77.91 - - [08/Mar/2016:01:54:16 +0800] "GET /content/repository/resource_content.jsp?oid=2681766&queryType=qs&queryString=%E6%88%B6%E9%83%A8%E5%B0%9A%E6%9B%B8 HTTP/1.1" 200 30200
66.249.71.60 - - [08/Mar/2016:01:54:25 +0800] "GET /content/repository/resource_content.jsp?oid=2152058&queryString=%E6%A4%86%E5%B1%AC%20%E6%A4%8D%E7%89%A9%E7%95%8C%20%E6%AE%BC%E6%96%97%E7%A7%91%20%E9%BB%91%E6%AB%9F HTTP/1.1" 200 30999
66.249.71.60 - - [08/Mar/2016:01:54:44 +0800] "GET /content/repository/resource_content.jsp?oid=1081611&queryString=%E6%9F%B3%E5%86%B7%E4%BB%94%20%E8%93%8B%E9%A6%AC%E6%B0%8F%E7%9B%94%E9%AD%9A%20%E9%9A%86%E9%A0%AD%E9%AD%9A%E7%A7%91%20%E9%9C%B2%E7%8F%A0%E7%9B%94%E9%AD%9A%20%E9%B8%9A%E9%AF%9B HTTP/1.1" 200 33373
66.249.71.60 - - [08/Mar/2016:01:54:52 +0800] "GET /content/repository/resource_content.jsp?oid=3812875&queryString=%E7%8F%8D%E7%8F%A0%E8%8C%85%E5%B1%AC%20%E8%BC%AA%E8%91%89%E7%8F%8D%E7%8F%A0%E8%8C%85 HTTP/1.1" 200 31306
66.249.71.60 - - [08/Mar/2016:01:54:57 +0800] "GET /content/subject/resource_content.jsp?oid=16777839&queryType=qc%3E HTTP/1.1" 200 27193
66.249.77.85 - - [08/Mar/2016:01:55:10 +0800] "GET /content/subject/resource_content.jsp?oid=16777657&queryType=qs&queryString=%E8%87%BA%E7%81%A3%E7%9C%81 HTTP/1.1" 200 71732
66.249.71.60 - - [08/Mar/2016:01:55:13 +0800] "GET /content/nav/relationSubject.jsp?relationWords=%E4%B8%81%E5%A3%A9+%E5%BA%9C%E5%BB%BA%E6%B0%B4+%E6%90%B6%E4%BF%AE+%E6%9C%B4%E5%AD%90%E6%BA%AA+%E6%A9%AB%E5%A0%A4+%E6%B0%B4%E5%AD%97+%E7%89%9B%E7%A8%A0%E6%BA%AA+&oid=1553301 HTTP/1.1" 200 4250
66.249.71.60 - - [08/Mar/2016:01:55:16 +0800] "GET /content/nav/relationSubject.jsp?relationWords=%E4%B8%81%E5%A3%A9%20%E5%BA%9C%E5%BB%BA%E6%B0%B4%20%E6%90%B6%E4%BF%AE%20%E6%9C%B4%E5%AD%90%E6%BA%AA%20%E6%A9%AB%E5%A0%A4%20%E6%B0%B4%E5%AD%97%20%E7%89%9B%E7%A8%A0%E6%BA%AA%20&oid=1553301 HTTP/1.1" 200 4250
66.249.71.60 - - [08/Mar/2016:01:55:19 +0800] "GET /digiarch_en/content/repository/resource_content.jsp?oid=21797&queryString=%E6%9D%BE%E6%AF%AC%E9%AD%9A HTTP/1.1" 200 23501
66.249.71.5 - - [08/Mar/2016:01:55:28 +0800] "GET /digiarch3/content/repository/resource_content.jsp?oid=1081572&queryType=qs&queryString=%E9%A3%BC%E6%96%99 HTTP/1.1" 200 33506
66.249.71.5 - - [08/Mar/2016:01:55:37 +0800] "GET /digiarch3/content/repository/resource_content.jsp?oid=15342&queryType=qs&queryString=%E6%B5%81%E5%88%BA%E7%B6%B2 HTTP/1.1" 200 34444
66.249.71.60 - - [08/Mar/2016:01:55:55 +0800] "GET /content/repository/resource_content.jsp?oid=4550246&queryString=%E6%8B%B3%E8%9E%BA%20%E7%9F%AD%E6%8B%B3%E8%9E%BA%20%E8%85%B9%E8%B6%B3%E7%B6%B1 HTTP/1.1" 200 29873
66.249.71.60 - - [08/Mar/2016:01:56:04 +0800] "GET /content/repository/resource_content.jsp?oid=2470274 HTTP/1.1" 200 30477
66.249.71.60 - - [08/Mar/2016:01:56:05 +0800] "GET /content/subject/resource_content.jsp?oid=16797295&queryType=qc HTTP/1.1" 200 66255
66.249.71.155 - - [08/Mar/2016:01:56:13 +0800] "GET /content/repository/resource_content.jsp?oid=1887304&queryType=qs&queryString=%E6%94%AF%E6%8B%82 HTTP/1.1" 200 31287
66.249.71.60 - - [08/Mar/2016:01:56:22 +0800] "GET /content/subject/resource_content.jsp?oid=16777637&queryString=%E7%A0%94%E8%A8%8E%E6%9C%83 HTTP/1.1" 200 25999
66.249.74.98 - - [08/Mar/2016:01:56:32 +0800] "GET /digiarch_en/content/subject/resource_content.jsp?oid=16777221&queryString=%E6%BC%A2%E4%BB%A3%20%E6%BC%A2%E7%B0%A1%20%E7%95%AA%E7%A4%BE%E9%87%87%E9%A2%A8%E5%9C%96%20%E7%B0%A1%E7%89%98 HTTP/1.1" 200 17723
66.249.71.60 - - [08/Mar/2016:01:56:40 +0800] "GET /digiarch_en/content/subject/resource_content.jsp?oid=16777253&queryString=%E7%A0%94%E8%A8%8E%E6%9C%83 HTTP/1.1" 200 20537
66.249.74.98 - - [08/Mar/2016:01:56:49 +0800] "GET /content/repository/resource_content.jsp?oid=4551367&queryString=%E5%8D%8A%E7%B4%8B%E6%96%A7%E8%9B%A4%20%E6%96%A7%E8%9B%A4%E7%A7%91%20%E7%B0%BE%E8%9B%A4%E7%9B%AE%20%E9%9B%99%E6%AE%BC%E7%B6%B1 HTTP/1.1" 200 30745
66.249.71.60 - - [08/Mar/2016:01:56:58 +0800] "GET /content/repository/resource_content.jsp?oid=1811487&queryString=%E6%8B%89%E7%B8%B4%20%E6%8B%93%E7%89%87%20%E7%95%AB%E5%83%8F%E7%9F%B3%20%E9%BB%83%E5%AE%B6%E5%B6%BA%E7%95%AB%E8%B1%A1 HTTP/1.1" 200 33492
66.249.71.5 - - [08/Mar/2016:01:57:16 +0800] "GET /content/repository/resource_content.jsp?oid=1521023&queryString=%E5%9C%92%E8%97%9D HTTP/1.1" 200 30087
66.249.71.113 - - [08/Mar/2016:01:57:16 +0800] "GET /content/nav/relationSubject.jsp?relationWords=%E7%8B%97%E9%B0%B7+%E9%9E%8D%E6%96%91+&oid=15919 HTTP/1.1" 200 3472
66.249.71.121 - - [08/Mar/2016:01:57:18 +0800] "GET /content/nav/relationSubject.jsp?relationWords=%E7%8B%97%E9%B0%B7%20%E9%9E%8D%E6%96%91%20&oid=15919 HTTP/1.1" 200 3472
66.249.74.59 - - [08/Mar/2016:01:57:26 +0800] "GET /content/repository/resource_content.jsp?oid=1593634&queryType=qs&queryString=%E9%AB%98%E8%8B%B1 HTTP/1.1" 200 28680
66.249.71.60 - - [08/Mar/2016:01:57:34 +0800] "GET /content/repository/resource_content.jsp?oid=2516427 HTTP/1.1" 200 29851
66.249.71.60 - - [08/Mar/2016:01:57:42 +0800] "GET /content/subject/resource_content.jsp?oid=16777805&queryType=qc HTTP/1.1" 200 35146
66.249.71.60 - - [08/Mar/2016:01:57:43 +0800] "GET /content/subject/resource_content.jsp?oid=16777368&queryString=%E9%98%BF%E5%8B%83%E5%8B%92 HTTP/1.1" 200 31928
66.249.71.60 - - [08/Mar/2016:01:58:04 +0800] "GET /content/nav/relationSubject.jsp?relationWords=%E5%88%91%E9%83%A8+%E5%BC%B7%E8%B3%8A+%E7%8E%8B%E9%80%B2+&oid=2631916 HTTP/1.1" 200 3165
66.249.71.60 - - [08/Mar/2016:01:58:06 +0800] "GET /content/nav/relationSubject.jsp?relationWords=%E5%88%91%E9%83%A8%20%E5%BC%B7%E8%B3%8A%20%E7%8E%8B%E9%80%B2%20&oid=2631916 HTTP/1.1" 200 3165
66.249.71.60 - - [08/Mar/2016:01:58:10 +0800] "GET /content/repository/resource_content.jsp?oid=1811938 HTTP/1.1" 200 30143
66.249.71.60 - - [08/Mar/2016:01:58:19 +0800] "GET /content/repository/resource_content.jsp?oid=14596&queryString=%E7%A8%9A%E9%B1%88%E7%A7%91%20%E7%B4%85%E9%AC%9A%E5%B0%8F%E8%A4%90%E9%B1%88%20%E9%AC%9A%E7%A8%9A%E9%B1%88 HTTP/1.1" 200 33120
66.249.71.5 - - [08/Mar/2016:01:58:28 +0800] "GET /digiarch3/content/repository/resource_content.jsp?oid=4364540&queryType=qs&queryString=%E8%80%83%E5%8F%A4%E4%BA%BA%E9%A1%9E%E5%AD%B8%E7%B3%BB HTTP/1.1" 200 30249
66.249.71.60 - - [08/Mar/2016:01:58:38 +0800] "GET /content/repository/resource_content.jsp?oid=1109119&queryString=%E8%86%9C%E8%95%A8%E5%B1%AC HTTP/1.1" 200 30079
66.249.71.113 - - [08/Mar/2016:01:58:46 +0800] "GET /content/repository/resource_content.jsp?oid=1887469&queryType=qs&queryString=%E5%95%86%E5%A0%B1 HTTP/1.1" 200 28729
66.249.74.98 - - [08/Mar/2016:01:58:55 +0800] "GET /content/repository/resource_content.jsp?oid=2543947 HTTP/1.1" 200 28797
66.249.71.5 - - [08/Mar/2016:01:59:04 +0800] "GET /digiarch3/content/repository/resource_content.jsp?oid=16369&queryType=qs&queryString=%E8%84%82%E8%82%AA HTTP/1.1" 200 34822
66.249.77.91 - - [08/Mar/2016:01:59:10 +0800] "GET /content/nav/relationSubject.jsp?relationWords=%E6%A3%92%E7%90%83+&oid=16777551 HTTP/1.1" 200 7209
66.249.71.60 - - [08/Mar/2016:01:59:12 +0800] "GET /content/nav/relationSubject.jsp?relationWords=%E8%9D%B4%E8%9D%B6%E9%AD%9A+%E8%9D%B4%E8%9D%B6%E9%AD%9A%E7%A7%91+%E9%BA%A5%E6%B0%8F+%E9%BA%A5%E6%B0%8F%E8%9D%B4%E8%9D%B6%E9%AD%9A+&oid=15508 HTTP/1.1" 200 3509
66.249.71.60 - - [08/Mar/2016:01:59:14 +0800] "GET /content/repository/resource_content.jsp?oid=1573120 HTTP/1.1" 200 28955
66.249.71.5 - - [08/Mar/2016:01:59:15 +0800] "GET /digiarch3/content/subject/resource_content.jsp?oid=16777809&queryType=qs&queryString=%E6%94%BF%E5%BA%9C%E6%A9%9F%E9%97%9C HTTP/1.1" 200 39253
66.249.71.60 - - [08/Mar/2016:01:59:15 +0800] "GET /content/nav/relationSubject.jsp?relationWords=%E8%9D%B4%E8%9D%B6%E9%AD%9A%20%E8%9D%B4%E8%9D%B6%E9%AD%9A%E7%A7%91%20%E9%BA%A5%E6%B0%8F%20%E9%BA%A5%E6%B0%8F%E8%9D%B4%E8%9D%B6%E9%AD%9A%20&oid=15508 HTTP/1.1" 200 3509
66.249.71.5 - - [08/Mar/2016:01:59:22 +0800] "GET /digiarch3/content/repository/resource_content.jsp?oid=2687904&queryType=qs&queryString=%E7%94%B3%E5%A0%B1 HTTP/1.1" 200 30286
66.249.71.5 - - [08/Mar/2016:01:59:31 +0800] "GET /digiarch3/content/repository/resource_content.jsp?oid=14721&queryString=%E4%B8%89%E8%A7%92%E4%BB%94%20%E5%8D%97%E6%96%B9%E6%93%AC%E9%87%91%E7%9C%BC%E9%AF%9B%20%E5%96%AE%E9%B0%AD%E9%AD%9A%20%E6%93%AC%E9%87%91%E7%9C%BC%E9%AF%9B%20%E7%9A%AE%E5%88%80%20%E8%A7%A3%E9%A4%8C%E5%88%80%20%E9%AF%9B%E7%A7%91 HTTP/1.1" 200 33793
66.249.71.5 - - [08/Mar/2016:01:59:40 +0800] "GET /digiarch3/content/subject/resource_content.jsp?oid=16777286&queryType=qs&queryString=%E6%95%85%E5%AE%AE%E5%8D%9A%E7%89%A9%E9%99%A2 HTTP/1.1" 200 37576
66.249.71.5 - - [08/Mar/2016:01:59:49 +0800] "GET /content/repository/resource_content.jsp?oid=2672536&queryString=%E5%9B%9E%E9%91%BE%20%E6%85%B6%E6%A1%82 HTTP/1.1" 200 30134
150.70.173.46 - - [08/Mar/2016:01:59:52 +0800] "GET /content/repository/resource_content.jsp?oid=1607079 HTTP/1.1" 200 45221
66.249.71.60 - - [08/Mar/2016:01:59:56 +0800] "GET /content/nav/relationSubject.jsp?relationWords=%E7%8C%B4%E9%AF%8A+%E8%99%8E%E7%A7%91+%E8%B0%B7%E6%B4%A5%E6%B0%8F%E7%8C%B4%E9%AF%8A+&oid=17553 HTTP/1.1" 200 3360
66.249.71.5 - - [08/Mar/2016:01:59:58 +0800] "GET /content/repository/resource_content.jsp?oid=2681124&queryString=%E5%90%8F%E9%83%A8%20%E5%91%A8%E8%88%88%E5%B2%B1%20%E7%9F%A5%E7%85%A7 HTTP/1.1" 200 30456
66.249.71.60 - - [08/Mar/2016:01:59:59 +0800] "GET /content/nav/relationSubject.jsp?relationWords=%E7%8C%B4%E9%AF%8A%20%E8%99%8E%E7%A7%91%20%E8%B0%B7%E6%B4%A5%E6%B0%8F%E7%8C%B4%E9%AF%8A%20&oid=17553 HTTP/1.1" 200 3360
66.249.71.113 - - [08/Mar/2016:02:00:07 +0800] "GET /content/repository/resource_content.jsp?oid=2661331&queryType=qs&queryString=%E5%BE%B7%E9%A6%A8 HTTP/1.1" 200 29794
66.249.71.60 - - [08/Mar/2016:02:00:16 +0800] "GET /content/repository/resource_content.jsp?oid=1104549&queryString=%E6%A4%8D%E7%89%A9%E7%95%8C%20%E8%8F%8A%E7%A7%91%20%E9%8A%80%E8%86%A0%E8%8F%8A%20%E9%8A%80%E8%86%A0%E8%8F%8A%E5%B1%AC%20%E9%9B%99%E5%AD%90%E8%91%89%E6%A4%8D%E7%89%A9 HTTP/1.1" 200 31704
66.249.71.5 - - [08/Mar/2016:02:00:43 +0800] "GET /content/repository/resource_content.jsp?oid=4549517&queryString=%E6%9D%BE%E8%9E%BA%20%E8%85%B9%E8%B6%B3%E7%B6%B1%20%E8%8A%B1%E6%9D%BE%E8%9E%BA HTTP/1.1" 200 30549
66.249.74.72 - - [08/Mar/2016:02:00:53 +0800] "GET /content/repository/resource_content.jsp?oid=3819459&queryString=%E5%A4%A7%E8%B1%86%E5%B1%AC%20%E6%A4%8D%E7%89%A9%E7%95%8C%20%E6%BE%8E%E6%B9%96%E5%A4%A7%E8%B1%86%20%E8%A0%B6%E8%B1%86%20%E9%9B%99%E5%AD%90%E8%91%89%E6%A4%8D%E7%89%A9 HTTP/1.1" 200 31214
66.249.71.60 - - [08/Mar/2016:02:01:10 +0800] "GET /content/repository/resource_content.jsp?oid=2521309&queryString=%E9%A4%89%E9%8A%80 HTTP/1.1" 200 30320
66.249.71.60 - - [08/Mar/2016:02:01:19 +0800] "GET /content/repository/resource_content.jsp?oid=2589337 HTTP/1.1" 200 29512
66.249.71.60 - - [08/Mar/2016:02:01:28 +0800] "GET /content/repository/resource_content.jsp?oid=1565746 HTTP/1.1" 200 28533
66.249.71.60 - - [08/Mar/2016:02:01:37 +0800] "GET /content/repository/resource_content.jsp?oid=1463339&queryString=%E5%BF%8D%E5%86%AC%E7%A7%91%20%E6%A4%8D%E7%89%A9%E7%95%8C%20%E7%8F%8A%E7%91%9A%E6%A8%B9 HTTP/1.1" 200 31069
66.249.74.98 - - [08/Mar/2016:02:01:46 +0800] "GET /content/repository/resource_content.jsp?oid=3824748&queryString=%E5%B1%B1%E8%91%A1%E8%90%84%E5%B1%AC%20%E6%BC%A2%E6%B0%8F%E5%B1%B1%E8%91%A1%E8%90%84 HTTP/1.1" 200 31489
66.249.71.60 - - [08/Mar/2016:02:01:55 +0800] "GET /content/repository/resource_content.jsp?oid=2617490&queryString=%E7%A6%8F%E5%BB%BA%E6%B0%B4%E5%B8%AB%E6%8F%90%E7%9D%A3 HTTP/1.1" 200 30529
66.249.71.60 - - [08/Mar/2016:02:02:13 +0800] "GET /content/repository/resource_content.jsp?oid=2688604&queryString=%E8%AD%B7%E8%BB%8D%E6%A0%A1 HTTP/1.1" 200 30618
66.249.71.60 - - [08/Mar/2016:02:02:22 +0800] "GET /content/repository/resource_content.jsp?oid=1813794 HTTP/1.1" 200 34297
66.249.71.60 - - [08/Mar/2016:02:02:31 +0800] "GET /content/repository/resource_content.jsp?oid=15534&queryString=%E7%99%BD%E5%90%BB%20%E7%AB%8B%E6%97%97%E9%AF%9B HTTP/1.1" 200 34020
66.249.71.5 - - [08/Mar/2016:02:02:40 +0800] "GET /content/repository/resource_content.jsp?oid=4363083&queryString=%E5%A4%A9%E5%AE%98 HTTP/1.1" 200 40771
66.249.71.5 - - [08/Mar/2016:02:02:49 +0800] "GET /digiarch3/content/subject/resource_content.jsp?oid=16777482&queryType=qs&queryString=%E6%B3%95%E5%BE%8B%E7%B3%BB HTTP/1.1" 200 37163
66.249.71.60 - - [08/Mar/2016:02:02:50 +0800] "GET /content/nav/relationSubject.jsp?relationWords=%E7%B4%B0%E8%91%89%20%E7%B4%B0%E8%91%89%E8%95%97%E8%95%A8%20%E8%86%9C%E8%95%A8%E5%B1%AC%20%E8%95%97%E8%95%A8%20%E8%95%A8%E5%B1%AC%20&oid=1109119 HTTP/1.1" 200 3363
66.249.71.60 - - [08/Mar/2016:02:02:57 +0800] "GET /digiarch_en/content/repository/resource_content.jsp?oid=14225&queryString=%E7%83%8F%E8%80%B3%E9%B0%BB%20%E8%8A%B1%E9%B0%BB%20%E8%8A%B1%E9%B0%BB%E9%B1%BA%20%E9%B0%BB%E9%B1%BA%20%E9%B0%BB%E9%B1%BA%E7%A7%91%20%E9%B1%B8%E9%B0%BB HTTP/1.1" 200 27605
66.249.71.5 - - [08/Mar/2016:02:02:58 +0800] "GET /content/repository/resource_content.jsp?oid=4355561&queryString=%E5%90%89%E5%88%A9%E5%90%B3%E9%83%AD%E9%AD%9A%20%E5%90%89%E5%88%A9%E6%85%88%E9%AF%9B%20%E6%85%88%E9%AF%9B%E7%A7%91%20%E9%BD%8A%E6%B0%8F%E9%9D%9E%E9%AF%BD HTTP/1.1" 200 30092
124.155.175.93 - - [08/Mar/2016:02:03:14 +0800] "GET /content/repository/resource_content.jsp?oid=1107209&queryString=%E7%A0%B4%E5%B8%83%E5%AD%90%20%E7%A0%B4%E5%B8%83%E5%AD%90%E5%B1%AC HTTP/1.1" 200 31512
66.249.71.5 - - [08/Mar/2016:02:03:16 +0800] "GET /content/repository/resource_content.jsp?oid=4364402&queryString=%E4%B8%89%E6%B8%85%20%E4%B8%8A%E6%B8%85%E9%9D%88%E5%AF%B6%E5%A4%A9%E5%B0%8A HTTP/1.1" 200 28321
66.249.77.91 - - [08/Mar/2016:02:03:25 +0800] "GET /content/repository/resource_content.jsp?oid=2638803&queryString=%E5%BE%B7%E5%B7%9E HTTP/1.1" 200 30409
66.249.71.5 - - [08/Mar/2016:02:03:34 +0800] "GET /content/repository/resource_content.jsp?oid=1893304&queryString=%E8%98%87%E6%96%87%20%E8%98%87%E6%96%87%E9%9B%84%20%E8%B6%99%E8%89%AF%E7%87%95%20%E9%82%B1%E9%8F%A1%E6%B7%B3 HTTP/1.1" 200 28852
66.249.71.60 - - [08/Mar/2016:02:03:52 +0800] "GET /content/repository/resource_content.jsp?oid=2516960&queryString=%E4%BB%A3%E5%A4%A9%E5%B7%A1%E7%8B%A9%20%E6%95%95%E4%BB%A4 HTTP/1.1" 200 29956
66.249.71.60 - - [08/Mar/2016:02:04:01 +0800] "GET /content/repository/resource_content.jsp?oid=2676839 HTTP/1.1" 200 29942
66.249.71.60 - - [08/Mar/2016:02:04:10 +0800] "GET /digiarch_en/content/repository/resource_content.jsp?oid=2683513&queryString=%E5%AE%97%E4%BA%BA%E5%BA%9C%20%E5%AE%97%E5%AE%A4%20%E7%9B%9B%E4%BA%AC HTTP/1.1" 200 24500
66.249.71.60 - - [08/Mar/2016:02:04:19 +0800] "GET /content/repository/resource_content.jsp?oid=15360&queryString=%E7%9F%B3%E9%B1%B8 HTTP/1.1" 200 34720
66.249.71.60 - - [08/Mar/2016:02:04:28 +0800] "GET /content/repository/resource_content.jsp?oid=2151589&queryString=%E4%B8%89%E8%A3%82%E8%91%89%20%E5%B1%B1%E7%A4%AC%20%E7%81%B0%E6%9C%A8%E5%B1%AC HTTP/1.1" 200 31378
66.249.71.60 - - [08/Mar/2016:02:04:37 +0800] "GET /digiarch_en/content/repository/resource_content.jsp?oid=15108&queryString=%E9%99%B3%E6%B0%8F%E6%B2%B9%E9%B0%BB%20%E9%BA%A5%E6%B0%8F HTTP/1.1" 200 27544
66.249.71.60 - - [08/Mar/2016:02:04:46 +0800] "GET /content/repository/resource_content.jsp?oid=2660280&queryString=%E4%BA%BA%E5%90%8D%E6%AC%8A%E5%A8%81%20%E6%AD%90%E7%99%BB%E7%A7%91%20%E6%B2%BB%E5%A4%96%E6%B3%95%E6%AC%8A%20%E7%99%BB%E7%A7%91%20%E7%B6%AD%E9%88%9E%20%E9%A1%A7%E7%B6%AD%E9%88%9E HTTP/1.1" 200 30014
66.249.71.60 - - [08/Mar/2016:02:04:55 +0800] "GET /content/repository/resource_content.jsp?oid=2551757&queryString=%E4%BA%BA%E5%90%8D%E6%AC%8A%E5%A8%81%20%E5%83%89%E4%BA%8B%20%E5%A4%96%E4%BA%A4%E9%83%A8%20%E9%80%83%E4%BF%98 HTTP/1.1" 200 29082
66.249.77.85 - - [08/Mar/2016:02:05:04 +0800] "GET /content/repository/resource_content.jsp?oid=15070&queryString=%E5%8D%B0%E5%BA%A6%E9%B0%B3%20%E5%9C%93%E7%9C%BC%20%E5%9C%93%E7%9C%BC%E4%BB%94%20%E9%BB%91%E5%8F%A3%E9%B0%B3 HTTP/1.1" 200 36153
68.180.228.187 - - [08/Mar/2016:02:05:12 +0800] "GET /digiarch_en/content/subject/resource_content.jsp?oid=16777317&queryType=qc HTTP/1.1" 200 30687
66.249.77.91 - - [08/Mar/2016:02:05:13 +0800] "GET /content/repository/resource_content.jsp?oid=15367&queryString=%E6%96%91%E7%9F%B3%20%E6%96%91%E7%9F%B3%E9%AF%9B%20%E7%9F%B3%E9%AF%9B%20%E9%AF%9B%E7%A7%91 HTTP/1.1" 200 34757
66.249.71.60 - - [08/Mar/2016:02:05:22 +0800] "GET /content/repository/resource_content.jsp?oid=2675654&queryString=%E6%9B%B8%E5%90%8F HTTP/1.1" 200 29813
66.249.71.60 - - [08/Mar/2016:02:05:31 +0800] "GET /content/repository/resource_content.jsp?oid=1888165&queryString=%E5%85%A7%E8%AD%AF%20%E5%8F%97%E6%8B%82%20%E5%95%86%E8%A1%8C%20%E6%9D%9C%E9%A6%99%20%E6%9D%9C%E9%A6%99%E5%9C%8B%20%E6%A6%AE%E6%B3%B0%E5%95%86%E8%A1%8C%20%E8%B2%AF%E9%87%91 HTTP/1.1" 200 31671
66.249.71.60 - - [08/Mar/2016:02:05:40 +0800] "GET /content/repository/resource_content.jsp?oid=1896049&queryString=%E4%B8%BB%E4%BB%BB%E7%A7%98%E6%9B%B8%20%E5%85%83%E9%BC%8E%20%E6%AA%A2%E5%8D%B7%20%E8%A1%8C%E6%94%BF%E8%A8%B4%E8%A8%9F%20%E8%A8%B4%E8%A8%9F%20%E8%A8%B4%E9%A1%98 HTTP/1.1" 200 30066
66.249.77.91 - - [08/Mar/2016:02:05:49 +0800] "GET /content/repository/resource_content.jsp?oid=2662987&queryString=%E5%A4%A7%E6%B8%85%E4%B8%80%E7%B5%B1%E5%BF%97%20%E7%A6%AE%E9%83%A8%20%E7%A7%BB%E4%BA%A4 HTTP/1.1" 200 30759
150.70.173.8 - - [08/Mar/2016:02:05:53 +0800] "GET /content/repository/resource_content.jsp?oid=1107209&queryString=%E7%A0%B4%E5%B8%83%E5%AD%90%20%E7%A0%B4%E5%B8%83%E5%AD%90%E5%B1%AC HTTP/1.1" 200 31512
66.249.71.60 - - [08/Mar/2016:02:05:58 +0800] "GET /content/repository/resource_content.jsp?oid=1123154&queryString=%E5%B7%96%E8%9E%BA%20%E8%85%B9%E8%B6%B3%E7%B6%B1%20%E8%9A%B5%E5%B7%96%E8%9E%BA%20%E9%AA%A8%E8%9E%BA%20%E9%AA%A8%E8%9E%BA%E7%A7%91 HTTP/1.1" 200 33916
66.249.77.85 - - [08/Mar/2016:02:06:07 +0800] "GET /content/repository/resource_content.jsp?oid=4470385&queryType=qs&queryString=%E5%98%89%E7%BE%A9%E5%BB%B3 HTTP/1.1" 200 32471
66.249.71.5 - - [08/Mar/2016:02:06:16 +0800] "GET /content/repository/resource_content.jsp?oid=4387943&queryType=qs&queryString=%E9%81%94%E4%BB%81 HTTP/1.1" 200 31799
66.249.77.85 - - [08/Mar/2016:02:06:26 +0800] "GET /content/repository/resource_content.jsp?oid=1605209&queryString=%E4%BF%A1%E7%94%A8%E5%8D%A1 HTTP/1.1" 200 29090
66.249.71.60 - - [08/Mar/2016:02:06:34 +0800] "GET /digiarch_en/content/repository/resource_content.jsp?oid=16513&queryString=%E8%A7%92%E7%AE%B1%E9%AD%A8 HTTP/1.1" 200 28236
66.249.77.85 - - [08/Mar/2016:02:06:42 +0800] "GET /content/subject/resource_content.jsp?oid=16777713&queryType=qc HTTP/1.1" 200 43914
66.249.77.85 - - [08/Mar/2016:02:06:43 +0800] "GET /content/subject/resource_content.jsp?oid=16777657&queryType=qs&queryString=%E6%96%B0%E6%B0%91%E5%A0%B1 HTTP/1.1" 200 71651
66.249.71.60 - - [08/Mar/2016:02:06:44 +0800] "GET /content/nav/relationSubject.jsp?relationWords=&oid=2522940 HTTP/1.1" 200 1405
66.249.77.85 - - [08/Mar/2016:02:06:52 +0800] "GET /content/repository/resource_content.jsp?oid=1895161&queryString=%E4%BA%8C%E6%AC%A1%E5%A4%A7%E6%88%B0%20%E5%A4%96%E4%BA%A4%E9%83%A8%20%E6%88%B0%E4%BF%98%20%E6%96%87%E5%8C%96%E5%8D%94%E6%9C%83%20%E7%9C%81%E8%AD%B0%E6%9C%83%20%E8%87%A8%E6%99%82%E7%9C%81%E8%AD%B0%E6%9C%83%20%E8%87%BA%E7%81%A3%E7%9C%81 HTTP/1.1" 200 31266
66.249.77.85 - - [08/Mar/2016:02:07:01 +0800] "GET /content/repository/resource_content.jsp?oid=1545494&queryType=qs&queryString=%E5%85%B1%E7%94%A2%E9%BB%A8 HTTP/1.1" 200 36780
66.249.71.60 - - [08/Mar/2016:02:07:10 +0800] "GET /content/repository/resource_content.jsp?oid=1551091&queryType=qs&queryString=%E8%87%AA%E7%94%B1%E4%B8%AD%E5%9C%8B HTTP/1.1" 200 29082
66.249.71.60 - - [08/Mar/2016:02:07:19 +0800] "GET /content/repository/resource_content.jsp?oid=14538&queryString=%E7%89%A1%E8%A0%A3%20%E7%89%A1%E8%A0%A3%E5%B1%AC%20%E9%9B%99%E6%AE%BC%E7%B6%B1%20%E9%B6%AF%E8%9B%A4%20%E9%B6%AF%E8%9B%A4%E7%9B%AE%20%E9%BB%91%E9%BD%92%E7%89%A1%E8%A0%A3 HTTP/1.1" 200 34243
106.38.241.143 - - [08/Mar/2016:02:07:21 +0800] "GET /content/tmp_tec/resource_content.jsp?oid=16777705 HTTP/1.1" 200 26762
66.249.71.60 - - [08/Mar/2016:02:07:28 +0800] "GET /content/repository/resource_content.jsp?oid=1610431&queryString=%E5%9C%8B%E6%A8%82%20%E6%96%87%E5%8C%96%E8%97%9D%E8%A1%93%20%E9%81%8A%E8%97%9D%20%E9%81%8A%E8%97%9D%E5%A0%B4 HTTP/1.1" 200 29751
66.249.71.60 - - [08/Mar/2016:02:07:37 +0800] "GET /content/repository/resource_content.jsp?oid=14349&queryString=%E5%88%80%E9%AD%9A%20%E5%89%83%E5%88%80%E9%AD%9A HTTP/1.1" 200 34592
66.249.77.85 - - [08/Mar/2016:02:07:46 +0800] "GET /content/repository/resource_content.jsp?oid=2522380&queryString=%E5%88%91%E9%83%A8%20%E7%94%9F%E5%93%A1%20%E8%A0%A1%E7%B8%A3 HTTP/1.1" 200 30811
66.249.77.85 - - [08/Mar/2016:02:07:55 +0800] "GET /content/repository/resource_content.jsp?oid=1773557&queryString=%E5%8E%9F%E6%BC%A2%E6%97%8F%E5%88%A5%20%E5%AD%B8%E6%A5%AD%E6%88%90%E5%B0%B1 HTTP/1.1" 200 49371
66.249.71.60 - - [08/Mar/2016:02:08:04 +0800] "GET /content/repository/resource_content.jsp?oid=1546771&queryString=%E4%B8%AD%E5%9C%8B%E5%9C%8B%E6%B0%91%E9%BB%A8%20%E5%8F%83%E8%AD%B0%E6%9C%83%20%E5%8F%B0%E7%81%A3%E7%9C%81%20%E5%9C%8B%E6%B0%91%E5%AD%B8%E6%A0%A1%20%E5%9C%8B%E6%B0%91%E9%BB%A8%20%E6%95%99%E8%82%B2%E5%B1%80%20%E7%92%87%E7%92%A3 HTTP/1.1" 200 29429
123.125.71.16 - - [08/Mar/2016:02:08:08 +0800] "GET /content/repository/resource_content.jsp?oid=2522511 HTTP/1.1" 200 30220
66.249.77.85 - - [08/Mar/2016:02:08:31 +0800] "GET /content/repository/resource_content.jsp?oid=15606&queryType=qs&queryString=%E5%90%B3%E9%83%AD%E9%AD%9A HTTP/1.1" 200 35697
66.249.77.85 - - [08/Mar/2016:02:08:40 +0800] "GET /content/repository/resource_content.jsp?oid=1526168&queryType=qs&queryString=%E5%BC%B5%E6%9D%8E%E5%BE%B7%E5%92%8C HTTP/1.1" 200 29164
106.38.241.143 - - [08/Mar/2016:02:09:32 +0800] "GET /content/subject/resource_content.jsp?oid=16777562&queryType=qc HTTP/1.1" 200 34824
106.38.241.143 - - [08/Mar/2016:02:10:06 +0800] "GET /content/subject/resource_content.jsp?oid=16777697&queryType=qc HTTP/1.1" 200 27623
106.38.241.143 - - [08/Mar/2016:02:10:40 +0800] "GET /content/subject/resource_content.jsp?oid=16777713&queryType=qc HTTP/1.1" 200 43914
106.38.241.143 - - [08/Mar/2016:02:11:12 +0800] "GET /content/subject/resource_content.jsp?oid=16777469&queryType=qc HTTP/1.1" 200 31184
106.38.241.143 - - [08/Mar/2016:02:11:43 +0800] "GET /content/subject/resource_content.jsp?oid=16777294&queryType=qc HTTP/1.1" 200 28064
180.204.164.132 - - [08/Mar/2016:02:12:20 +0800] "GET /content/subject/resource_content.jsp?oid=16797293&queryType=qc HTTP/1.1" 200 46243
180.204.164.132 - - [08/Mar/2016:02:12:22 +0800] "GET /content/nav/relationSubject.jsp?relationWords=%E5%B0%8F%E5%90%83+&oid=16797293 HTTP/1.1" 200 3156
61.135.189.124 - - [08/Mar/2016:02:12:37 +0800] "GET /content/subject/resource_content.jsp?oid=16777419&queryType=qc HTTP/1.1" 200 28207
99.117.80.172 - - [08/Mar/2016:02:13:10 +0800] "GET /content/nav/relationSubject.jsp?relationWords=%E7%B4%85%E6%A5%A0+%E8%B1%AC%E8%85%B3%E6%A5%A0+&oid=16777302 HTTP/1.1" 200 3693
66.249.71.60 - - [08/Mar/2016:02:13:25 +0800] "GET /content/repository/resource_content.jsp?oid=1549925&queryString=%E5%9C%9F%E5%9C%B0%E5%88%A9%E7%94%A8%20%E8%BE%B2%E6%9E%97%20%E9%98%B2%E9%A2%A8%E6%9E%97 HTTP/1.1" 200 31765
66.249.71.60 - - [08/Mar/2016:02:13:25 +0800] "GET /content/nav/relationSubject.jsp?relationWords=%E5%B7%A5%E7%A8%8B%E8%99%95%20%E6%B0%B4%E5%88%A9%E5%B1%80%20%E7%81%A3%E7%9C%81%E6%94%BF%E5%BA%9C%20%E7%9C%81%E6%94%BF%E5%BA%9C%20%E7%B5%84%E7%B9%94%E8%A6%8F%E7%A8%8B%20%E8%87%BA%E7%81%A3%E7%9C%81%20%E8%87%BA%E7%81%A3%E7%9C%81%E6%94%BF%E5%BA%9C%20&oid=1532054 HTTP/1.1" 200 4817
66.249.71.60 - - [08/Mar/2016:02:13:28 +0800] "GET /content/repository/resource_content.jsp?oid=4351894&queryString=%E7%87%88%E7%9C%BC%E9%AD%9A HTTP/1.1" 200 34573
66.249.71.60 - - [08/Mar/2016:02:13:37 +0800] "GET /content/repository/resource_content.jsp?oid=1889232&queryString=%E5%85%AC%E7%AB%8B%E5%AD%B8%E6%A0%A1 HTTP/1.1" 200 29357
66.249.71.60 - - [08/Mar/2016:02:13:53 +0800] "GET /content/repository/resource_content.jsp?oid=4362017&queryString=%E7%9B%94%E5%B8%BD%20%E8%A8%BB%E7%94%9F%E5%A8%98%E5%A8%98 HTTP/1.1" 200 38531
66.249.71.60 - - [08/Mar/2016:02:13:54 +0800] "GET /content/repository/resource_content.jsp?oid=3812655&queryString=%E5%9C%98%E7%BE%BD%E9%B1%97%E8%93%8B%E8%95%A8%20%E6%A4%8D%E7%89%A9%E7%95%8C%20%E6%B0%B4%E9%BE%8D%E9%AA%A8%20%E7%A2%97%E8%95%A8%E7%A7%91%20%E8%95%A8%E9%A1%9E%E6%A4%8D%E7%89%A9%20%E9%B1%97%E8%93%8B%E8%95%A8%E5%B1%AC HTTP/1.1" 200 31409
66.249.71.60 - - [08/Mar/2016:02:13:55 +0800] "GET /content/repository/resource_content.jsp?oid=4351946&queryString=%E5%8D%B0%E5%BA%A6%E9%B0%B3%20%E5%9C%93%E7%9C%BC%E4%BB%94%20%E9%BB%91%E5%8F%A3%E9%B0%B3 HTTP/1.1" 200 34040
66.249.71.60 - - [08/Mar/2016:02:13:56 +0800] "GET /content/repository/resource_content.jsp?oid=1603194&queryString=%E6%96%B0%E5%AF%8C HTTP/1.1" 200 28993
66.249.71.60 - - [08/Mar/2016:02:14:04 +0800] "GET /content/repository/resource_content.jsp?oid=1778495&queryType=qs&queryString=%E9%84%89%E5%9C%9F%E6%95%99%E6%9D%90 HTTP/1.1" 200 44464
66.249.71.164 - - [08/Mar/2016:02:14:07 +0800] "GET /content/repository/resource_content.jsp?oid=2642455&queryString=%E5%A0%AA%E7%BD%B2 HTTP/1.1" 200 30242
66.249.71.60 - - [08/Mar/2016:02:14:20 +0800] "GET /content/repository/resource_content.jsp?oid=2687307&queryString=%E5%88%91%E9%83%A8%20%E6%B4%AA%E6%B0%8F HTTP/1.1" 200 30791
66.249.71.60 - - [08/Mar/2016:02:14:22 +0800] "GET /content/repository/resource_content.jsp?oid=1546768&queryString=%E4%B8%BB%E4%BB%BB%E7%A7%98%E6%9B%B8%20%E5%85%83%E9%BC%8E%20%E6%AA%A2%E5%8D%B7%20%E8%A1%8C%E6%94%BF%E8%A8%B4%E8%A8%9F%20%E8%A8%B4%E8%A8%9F%20%E8%A8%B4%E9%A1%98 HTTP/1.1" 200 29224
66.249.71.155 - - [08/Mar/2016:02:14:29 +0800] "GET /content/repository/resource_content.jsp?oid=4588726&queryString=%E5%BD%A9%E7%B9%AA%20%E7%A9%BF%E5%AD%94%E5%9C%88%E8%B6%B3 HTTP/1.1" 200 29482
66.249.71.60 - - [08/Mar/2016:02:14:31 +0800] "GET /content/repository/resource_content.jsp?oid=4485259&queryType=qs&queryString=%E5%8B%B3%E7%AB%A0 HTTP/1.1" 200 29046
66.249.71.60 - - [08/Mar/2016:02:14:40 +0800] "GET /content/repository/resource_content.jsp?oid=1123411&queryString=%E6%96%91%E8%8A%8B%E8%9E%BA%20%E8%85%B9%E8%B6%B3%E7%B6%B1%20%E8%8A%8B%E8%9E%BA%20%E8%8A%8B%E8%9E%BA%E5%B1%AC%20%E8%8A%8B%E8%9E%BA%E7%A7%91 HTTP/1.1" 200 35180
99.117.80.172 - - [08/Mar/2016:02:14:46 +0800] "GET /content/nav/relationSubject.jsp?relationWords=%E7%B4%85%E6%A5%A0+%E8%B1%AC%E8%85%B3%E6%A5%A0+&oid=16777302 HTTP/1.1" 200 3693
66.249.71.60 - - [08/Mar/2016:02:14:49 +0800] "GET /content/repository/resource_content.jsp?oid=14565&queryString=%E8%85%94%E5%90%BB%E9%B1%88%20%E9%BC%A0%E5%B0%BE%E9%B1%88%E7%A7%91 HTTP/1.1" 200 33670
66.249.74.98 - - [08/Mar/2016:02:14:51 +0800] "GET /content/repository/resource_content.jsp?oid=523299&queryString=%E5%9C%93%E8%A0%91%E8%9E%BA%20%E8%85%B9%E8%B6%B3%E7%B6%B1%20%E8%A0%91%E8%9E%BA%20%E8%A0%91%E8%9E%BA%E7%A7%91 HTTP/1.1" 200 35876
66.249.71.60 - - [08/Mar/2016:02:14:52 +0800] "GET /content/repository/resource_content.jsp?oid=1899580&queryString=%E5%A4%A7%E6%9E%97%E5%8D%80%20%E6%9E%97%E5%8B%99%E5%B1%80%20%E6%9E%97%E5%8D%80%E7%AE%A1%E7%90%86%E8%99%95%20%E8%BE%B2%E6%9E%97%E9%A1%9E HTTP/1.1" 200 31123
66.249.71.60 - - [08/Mar/2016:02:14:58 +0800] "GET /content/repository/resource_content.jsp?oid=15485&queryString=%E5%A4%A7%E7%9B%AE%E5%81%B4%E4%BB%94%20%E5%A4%A7%E9%9D%A2%E5%81%B4%E4%BB%94%20%E5%A4%A9%E7%AB%BA%E9%AF%9B%20%E5%A4%A9%E7%AB%BA%E9%AF%9B%E7%A7%91%20%E7%9F%AD%E9%BD%92%E5%A4%A9%E7%AB%BA%E9%AF%9B%20%E9%AF%9B%E7%A7%91 HTTP/1.1" 200 34516
66.249.71.60 - - [08/Mar/2016:02:15:14 +0800] "GET /content/repository/resource_content.jsp?oid=1530058&queryString=%E7%9C%81%E8%AD%B0%E6%9C%83%20%E8%94%97%E7%B3%96%20%E8%94%97%E8%BE%B2%20%E8%BE%B2%E6%9E%97%20%E8%BE%B2%E6%9E%97%E9%A1%9E HTTP/1.1" 200 31411
66.249.71.60 - - [08/Mar/2016:02:15:15 +0800] "GET /content/repository/resource_content.jsp?oid=14344&queryString=%E7%AA%81%E9%BC%BB%20%E7%AA%81%E9%BC%BB%E4%BB%94%20%E7%B6%BE%E9%AF%B7%20%E8%8A%9D%E8%95%AA%E7%B6%BE%E9%AF%B7%20%E9%AF%B7%E7%A7%91 HTTP/1.1" 200 34603
66.249.71.60 - - [08/Mar/2016:02:15:16 +0800] "GET /content/repository/resource_content.jsp?oid=14722&queryString=%E7%87%88%E7%9C%BC%E9%AD%9A HTTP/1.1" 200 34774
66.249.71.155 - - [08/Mar/2016:02:15:25 +0800] "GET /content/repository/resource_content.jsp?oid=4353998&queryString=%E4%B8%89%E6%A3%98 HTTP/1.1" 200 34247
66.249.71.113 - - [08/Mar/2016:02:15:27 +0800] "GET /content/nav/relationSubject.jsp?relationWords=%E4%BA%BA%E4%BA%8B%E5%88%B6%E5%BA%A6+%E4%BD%8E%E5%88%A9+%E4%BD%8E%E5%88%A9%E8%B2%B8%E6%AC%BE+%E5%85%AC%E5%BB%B3+%E5%85%AC%E9%96%8B%E6%8B%9B%E6%A8%99+%E6%88%BF%E5%B1%8B%E7%A8%85+%E6%8B%9B%E6%A8%99+%E6%90%B6%E4%BF%AE+%E6%B0%B4%E5%88%A9%E5%B7%A5%E7%A8%8B+%E7%97%85%E8%9F%B2+%E7%97%85%E8%9F%B2%E5%AE%B3+%E7%A4%BE%E6%9C%83%E5%95%8F%E9%A1%8C+%E7%A8%85%E6%8D%90+%E7%B3%A7%E9%A3%9F%E5%A2%9E%E7%94%A2+%E8%9F%B2%E5%AE%B3+%E8%B2%A1%E5%8B%99+%E8%B2%A1%E6%94%BF+%E8%B2%B8%E6%AC%BE+%E8%BE%B2%E5%9C%B0%E9%87%8D%E5%8A%83+%E8%BE%B2%E7%94%B0%E6%B0%B4%E5%88%A9%E6%9C%83+%E9%98%B2%E6%BD%AE+%E9%98%B2%E6%BD%AE%E5%A0%A4+%E9%9C%9C%E7%81%BD+%E9%A2%A8%E7%81%BD+&oid=1574995 HTTP/1.1" 200 6772
66.249.71.105 - - [08/Mar/2016:02:15:28 +0800] "GET /content/nav/relationSubject.jsp?relationWords=%E4%BA%BA%E4%BA%8B%E5%88%B6%E5%BA%A6%20%E4%BD%8E%E5%88%A9%20%E4%BD%8E%E5%88%A9%E8%B2%B8%E6%AC%BE%20%E5%85%AC%E5%BB%B3%20%E5%85%AC%E9%96%8B%E6%8B%9B%E6%A8%99%20%E6%88%BF%E5%B1%8B%E7%A8%85%20%E6%8B%9B%E6%A8%99%20%E6%90%B6%E4%BF%AE%20%E6%B0%B4%E5%88%A9%E5%B7%A5%E7%A8%8B%20%E7%97%85%E8%9F%B2%20%E7%97%85%E8%9F%B2%E5%AE%B3%20%E7%A4%BE%E6%9C%83%E5%95%8F%E9%A1%8C%20%E7%A8%85%E6%8D%90%20%E7%B3%A7%E9%A3%9F%E5%A2%9E%E7%94%A2%20%E8%9F%B2%E5%AE%B3%20%E8%B2%A1%E5%8B%99%20%E8%B2%A1%E6%94%BF%20%E8%B2%B8%E6%AC%BE%20%E8%BE%B2%E5%9C%B0%E9%87%8D%E5%8A%83%20%E8%BE%B2%E7%94%B0%E6%B0%B4%E5%88%A9%E6%9C%83%20%E9%98%B2%E6%BD%AE%20%E9%98%B2%E6%BD%AE%E5%A0%A4%20%E9%9C%9C%E7%81%BD%20%E9%A2%A8%E7%81%BD%20&oid=1574995 HTTP/1.1" 200 6772
66.249.71.60 - - [08/Mar/2016:02:15:32 +0800] "GET /content/repository/resource_content.jsp?oid=1775747&queryString=%E5%87%B1%E9%81%94%E6%A0%BC%E8%98%AD%E6%97%8F%20%E5%99%B6%E7%91%AA%E8%98%AD%E6%97%8F HTTP/1.1" 200 31889
66.249.71.60 - - [08/Mar/2016:02:15:50 +0800] "GET /content/repository/resource_content.jsp?oid=2668188&queryString=%E5%88%91%E9%83%A8%20%E6%B4%AA%E6%B0%8F HTTP/1.1" 200 30639
66.249.74.98 - - [08/Mar/2016:02:15:51 +0800] "GET /content/repository/resource_content.jsp?oid=3340154&queryString=%E9%A6%AC%E5%8F%A3%E9%AD%9A%20%E9%AF%89%E7%A7%91 HTTP/1.1" 200 29681
66.249.71.60 - - [08/Mar/2016:02:16:10 +0800] "GET /content/repository/resource_content.jsp?oid=1107699&queryString=%E6%9D%BE%E8%98%AD%20%E6%9D%BE%E8%98%AD%E5%B1%AC%20%E6%A4%8D%E7%89%A9%E7%95%8C%20%E7%B4%85%E6%AA%9C%20%E7%B4%85%E6%AA%9C%E6%9D%BE%E8%98%AD%20%E8%98%AD%E5%B1%AC HTTP/1.1" 200 31109
66.249.79.179 - - [08/Mar/2016:02:16:19 +0800] "GET /content/repository/resource_content.jsp?oid=16470&queryString=%E4%B8%89%E6%A3%98 HTTP/1.1" 200 34367
66.249.71.60 - - [08/Mar/2016:02:16:24 +0800] "GET /content/repository/resource_content.jsp?oid=2145007&queryString=%E6%A4%8D%E7%89%A9%E7%95%8C%20%E6%B0%B4%E9%BE%8D%E9%AA%A8%20%E8%95%A8%E5%B1%AC%20%E8%95%A8%E9%A1%9E%E6%A4%8D%E7%89%A9%20%E9%90%B5%E8%A7%92%E8%95%A8%20%E9%90%B5%E8%A7%92%E8%95%A8%E5%B1%AC%20%E9%B1%97%E6%9F%84%E9%90%B5%E8%A7%92%E8%95%A8 HTTP/1.1" 200 31520
66.249.74.98 - - [08/Mar/2016:02:16:26 +0800] "GET /content/repository/resource_content.jsp?oid=1897846&queryString=%E4%BA%A4%E9%80%9A%E8%99%95%20%E5%85%AC%E8%B7%AF%E5%B1%80%20%E5%91%A8%E7%81%B6%20%E6%9E%97%E4%BD%9B%E6%A8%B9%20%E8%87%BA%E7%81%A3%E7%9C%81%20%E9%81%95%E7%AB%A0%E5%BB%BA%E7%AF%89%20%E9%8B%BB%E6%A0%B8 HTTP/1.1" 200 30397
66.249.71.60 - - [08/Mar/2016:02:16:27 +0800] "GET /content/repository/resource_content.jsp?oid=1532051&queryString=%E5%9C%9F%E5%9C%B0%E9%96%8B%E7%99%BC%20%E5%B7%A5%E7%A8%8B%E8%B2%BB%20%E6%B5%B7%E5%9F%94%E6%96%B0%E7%94%9F%20%E6%B5%B7%E5%9F%94%E6%96%B0%E7%94%9F%E5%9C%B0%20%E6%BC%81%E5%A1%AD%20%E7%B4%85%E6%AF%9B%E6%B8%AF HTTP/1.1" 200 30839
66.249.74.98 - - [08/Mar/2016:02:16:28 +0800] "GET /content/repository/resource_content.jsp?oid=1886796&queryString=%E4%B8%AD%E8%85%B9%E8%B6%B3%E7%9B%AE%20%E5%B1%B1%E8%9D%B8%E7%89%9B%E7%A7%91%20%E8%85%B9%E8%B6%B3%E7%B6%B1%20%E9%AB%98%E5%A1%94%E5%BE%AE%E5%B1%B1%E8%9D%B8%E7%89%9B HTTP/1.1" 200 29676
66.249.74.98 - - [08/Mar/2016:02:16:37 +0800] "GET /content/repository/resource_content.jsp?oid=1895868 HTTP/1.1" 200 29304
66.249.71.60 - - [08/Mar/2016:02:16:44 +0800] "GET /content/repository/resource_content.jsp?oid=2659862&queryString=%E6%9F%A5%E7%90%86%20%E7%B3%A7%E4%BA%8B%20%E9%8C%A2%E7%B3%A7 HTTP/1.1" 200 30668
66.249.74.98 - - [08/Mar/2016:02:16:46 +0800] "GET /content/repository/resource_content.jsp?oid=2668618&queryString=%E5%B7%A1%E6%8C%89%20%E5%B7%A1%E6%8C%89%E5%BE%A1%E5%8F%B2%20%E5%BA%9C%E4%BD%90%20%E5%BE%A1%E5%8F%B2%20%E7%B8%B1%E5%BD%B9%20%E8%A9%90%E9%A8%99 HTTP/1.1" 200 30301
66.249.71.60 - - [08/Mar/2016:02:16:47 +0800] "GET /content/repository/resource_content.jsp?oid=704430&queryString=%E4%BA%BA%E5%90%8D%E6%AC%8A%E5%A8%81%20%E4%BF%84%E5%9C%8B%20%E4%BF%84%E8%88%B9%20%E5%A4%96%E4%BA%A4%E9%83%A8%20%E6%BB%AC%E4%BF%84 HTTP/1.1" 200 29263
66.249.71.60 - - [08/Mar/2016:02:16:48 +0800] "GET /content/repository/resource_content.jsp?oid=25693 HTTP/1.1" 200 29271
66.249.71.60 - - [08/Mar/2016:02:16:55 +0800] "GET /content/repository/resource_content.jsp?oid=2639796 HTTP/1.1" 200 30297
66.249.71.60 - - [08/Mar/2016:02:17:02 +0800] "GET /content/repository/resource_content.jsp?oid=2150032&queryString=%E6%9D%BE%E5%B1%AC%20%E6%9D%BE%E6%9D%89%20%E6%A4%8D%E7%89%A9%E7%95%8C%20%E6%AF%AC%E6%9E%9C%20%E6%B0%B4%E6%9D%BE%20%E8%90%BD%E7%BE%BD%E6%9D%BE%20%E8%90%BD%E7%BE%BD%E6%9D%BE%E5%B1%AC HTTP/1.1" 200 30934
66.249.71.60 - - [08/Mar/2016:02:17:03 +0800] "GET /content/repository/resource_content.jsp?oid=1569613&queryType=qs&queryString=%E4%B9%BE%E7%87%A5%E5%AE%A4 HTTP/1.1" 200 29097
66.249.71.113 - - [08/Mar/2016:02:17:13 +0800] "GET /content/repository/resource_content.jsp?oid=4438858&queryType=qs&queryString=%E8%8D%B7%E6%8D%8C HTTP/1.1" 200 33200
66.249.74.98 - - [08/Mar/2016:02:17:22 +0800] "GET /content/repository/resource_content.jsp?oid=2626880 HTTP/1.1" 200 29931
66.249.74.98 - - [08/Mar/2016:02:17:31 +0800] "GET /digiarch_en/content/subject/resource_content.jsp?oid=16777830&queryString= HTTP/1.1" 200 26714
66.249.74.59 - - [08/Mar/2016:02:17:49 +0800] "GET /content/repository/resource_content.jsp?oid=2147270&queryType=qs&queryString=%E6%9D%8F%E8%91%89 HTTP/1.1" 200 31223
66.249.74.98 - - [08/Mar/2016:02:17:54 +0800] "GET /content/repository/resource_content.jsp?oid=3812922&queryString=%E5%81%B4%E5%BA%8F%E8%96%B9%20%E5%8F%B0%E5%8C%97%E8%96%B9%20%E8%96%B9%E5%B1%AC%20%E9%8A%B3%E6%9E%9C%E8%96%B9 HTTP/1.1" 200 31495
66.249.71.60 - - [08/Mar/2016:02:17:58 +0800] "GET /content/repository/resource_content.jsp?oid=1459110 HTTP/1.1" 200 30910
66.249.71.60 - - [08/Mar/2016:02:18:16 +0800] "GET /content/repository/resource_content.jsp?oid=2665629 HTTP/1.1" 200 29813
66.249.74.98 - - [08/Mar/2016:02:18:25 +0800] "GET /content/repository/resource_content.jsp?oid=1599708 HTTP/1.1" 200 29129
66.249.71.60 - - [08/Mar/2016:02:18:43 +0800] "GET /content/repository/resource_content.jsp?oid=2147345&queryString=%E5%8F%B0%E7%81%A3%E9%A6%AC%E9%86%89%E6%9C%A8%20%E9%A6%AC%E9%86%89%E6%9C%A8 HTTP/1.1" 200 31467
66.249.71.60 - - [08/Mar/2016:02:18:52 +0800] "GET /content/subject/resource_content.jsp?oid=16777396 HTTP/1.1" 200 34851
66.249.71.105 - - [08/Mar/2016:02:19:01 +0800] "GET /content/repository/resource_content.jsp?oid=2624714&queryType=qs&queryString=%E9%BC%8E%E6%96%B0 HTTP/1.1" 200 29208
66.249.71.60 - - [08/Mar/2016:02:19:19 +0800] "GET /content/repository/resource_content.jsp?oid=18565 HTTP/1.1" 200 29788
66.249.71.60 - - [08/Mar/2016:02:19:28 +0800] "GET /content/repository/resource_content.jsp?oid=2664774 HTTP/1.1" 200 30476
66.249.71.5 - - [08/Mar/2016:02:19:37 +0800] "GET /digiarch3/content/subject/resource_content.jsp?oid=16777488&queryType=qs&queryString=%E9%9B%8C%E6%80%A7 HTTP/1.1" 200 60944
66.249.71.113 - - [08/Mar/2016:02:19:46 +0800] "GET /content/repository/resource_content.jsp?oid=1777763&queryType=qs&queryString=%E7%BE%85%E6%9D%B1%E8%A1%97 HTTP/1.1" 200 30996
66.249.71.60 - - [08/Mar/2016:02:19:55 +0800] "GET /content/repository/resource_content.jsp?oid=1524922 HTTP/1.1" 200 28572
66.249.71.105 - - [08/Mar/2016:02:20:04 +0800] "GET /content/repository/resource_content.jsp?oid=2641381&queryType=qs&queryString=%E5%8D%97%E7%96%86 HTTP/1.1" 200 30178
68.180.228.187 - - [08/Mar/2016:02:20:13 +0800] "GET /content/subject/resource_content.jsp?oid=16777504&queryType=qc HTTP/1.1" 200 36603
66.249.71.105 - - [08/Mar/2016:02:20:22 +0800] "GET /content/repository/resource_content.jsp?oid=15468&queryType=qs&queryString=%E6%A8%B9%E6%9E%9D%E7%8B%80 HTTP/1.1" 200 35895
66.249.71.60 - - [08/Mar/2016:02:20:40 +0800] "GET /content/repository/resource_content.jsp?oid=1890517 HTTP/1.1" 200 28349
66.249.71.5 - - [08/Mar/2016:02:20:58 +0800] "GET /digiarch3/content/subject/resource_content.jsp?oid=16777467&queryType=qs&queryString=%E4%B8%AD%E5%8D%97%E5%8D%8A%E5%B3%B6 HTTP/1.1" 200 70760
66.249.71.155 - - [08/Mar/2016:02:21:07 +0800] "GET /content/repository/resource_content.jsp?oid=1111276&queryString=%E5%93%81%E8%B3%AA%20%E6%9D%B1%E5%8D%97%E4%BA%9E%20%E8%90%AC%E7%BE%8E%20%E8%98%8B%E6%9E%9C HTTP/1.1" 200 31500
66.249.71.105 - - [08/Mar/2016:02:21:16 +0800] "GET /content/repository/resource_content.jsp?oid=2533378&queryType=qs&queryString=%E6%B0%B8%E7%B6%8F HTTP/1.1" 200 30698
66.249.74.98 - - [08/Mar/2016:02:21:25 +0800] "GET /content/repository/resource_content.jsp?oid=1901397 HTTP/1.1" 200 30458
66.249.71.60 - - [08/Mar/2016:02:21:34 +0800] "GET /content/subject/resource_content.jsp?oid=16777308&queryString=%E5%8F%B0%E7%81%A3%E7%A7%8B%E6%B5%B7%E6%A3%A0%20%E6%A4%8D%E7%89%A9%E7%95%8C%20%E6%B5%B7%E6%A3%A0%20%E7%A7%8B%E6%B5%B7%E6%A3%A0%20%E7%A7%8B%E6%B5%B7%E6%A3%A0%E5%B1%AC%20%E7%A7%8B%E6%B5%B7%E6%A3%A0%E7%A7%91%20%E8%8F%AB%E8%8F%9C HTTP/1.1" 200 28112
66.249.71.60 - - [08/Mar/2016:02:21:37 +0800] "GET /content/subject/resource_content.jsp?oid=16777293&queryString=%E5%B1%B1%E6%AC%96%20%E5%B1%B1%E6%AC%96%E5%B1%AC%20%E6%9F%BF%E6%A8%B9%20%E6%A4%8D%E7%89%A9%E7%95%8C%20%E8%98%AD%E5%B6%BC%E5%B1%B1%E6%AC%96 HTTP/1.1" 200 32111
66.249.71.105 - - [08/Mar/2016:02:21:52 +0800] "GET /content/repository/resource_content.jsp?oid=1516295&queryType=qs&queryString=%E5%8A%89%E6%AC%BD HTTP/1.1" 200 29393
66.249.71.60 - - [08/Mar/2016:02:22:01 +0800] "GET /content/repository/resource_content.jsp?oid=25464 HTTP/1.1" 200 29841
66.249.71.105 - - [08/Mar/2016:02:22:09 +0800] "GET /content/nav/relationSubject.jsp?relationWords=%E5%B1%85%E5%BB%B6%E6%BC%A2%E7%B0%A1+%E6%BC%A2%E7%B0%A1+&oid=280621 HTTP/1.1" 200 3898
66.249.71.105 - - [08/Mar/2016:02:22:12 +0800] "GET /content/nav/relationSubject.jsp?relationWords=%E5%B1%85%E5%BB%B6%E6%BC%A2%E7%B0%A1%20%E6%BC%A2%E7%B0%A1%20&oid=280621 HTTP/1.1" 200 3898
66.249.71.60 - - [08/Mar/2016:02:22:19 +0800] "GET /content/repository/resource_content.jsp?oid=2679688&queryString=%E5%8C%BE%E9%A1%8D HTTP/1.1" 200 30461
