66.249.79.200 - - [19/Apr/2016:06:38:43 +0800] "GET /content/subject/resource_content.jsp?oid=16777488&queryType=qs&queryString=%E8%87%AA%E7%84%B6%E7%A7%91%E5%AD%B8 HTTP/1.1" 200 60889
66.249.77.85 - - [19/Apr/2016:06:38:59 +0800] "GET /content/subject/resource_content.jsp?oid=16777472&queryType=qs&queryString=%E8%B2%9D%E7%8F%A0%E4%B8%B2 HTTP/1.1" 200 64905
66.249.71.60 - - [19/Apr/2016:06:39:02 +0800] "GET /content/nav/relationSubject.jsp?relationWords=%E9%96%8B%E4%B8%AD+&oid=16777671 HTTP/1.1" 200 5428
66.249.71.113 - - [19/Apr/2016:06:39:13 +0800] "GET /content/nav/relationSubject.jsp?relationWords=%E5%A4%A7%E7%89%87%E4%BB%94+%E6%8B%BF%E7%A0%B4%E5%B4%99+%E6%9B%B2%E7%B4%8B%E5%94%87%E9%AD%9A+%E6%B1%95%E6%95%A3%E4%BB%94+%E6%B3%A2%E7%B4%8B%E5%94%87%E9%AD%9A+%E6%B3%A2%E7%B4%8B%E9%B8%9A%E9%AF%9B+%E6%B5%B7%E5%93%A5%E9%BE%8D+%E7%9F%B3%E8%9A%B1%E4%BB%94+%E9%97%8A%E5%98%B4%E9%83%8E+%E9%9A%86%E9%A0%AD%E9%AD%9A%E7%A7%91+%E9%BE%8D%E7%8E%8B%E9%AF%9B+&oid=4352908 HTTP/1.1" 200 4007
66.249.77.85 - - [19/Apr/2016:06:39:18 +0800] "GET /content/repository/resource_content.jsp?oid=1780653&queryString=%E7%BE%BD%E5%86%A0 HTTP/1.1" 200 28758
66.249.77.85 - - [19/Apr/2016:06:39:54 +0800] "GET /content/repository/resource_content.jsp?oid=4363083&queryString=%E5%A4%A9%E5%AE%98 HTTP/1.1" 200 40918
66.249.71.60 - - [19/Apr/2016:06:40:24 +0800] "GET /content/nav/relationSubject.jsp?relationWords=%E5%8D%97%E5%9F%94+%E5%A0%A4%E9%98%B2%E6%A1%88+%E5%BA%9C%E5%BB%BA%E6%B0%B4+%E6%B0%B4%E5%AD%97+&oid=1629601 HTTP/1.1" 200 3299
66.249.77.85 - - [19/Apr/2016:06:40:30 +0800] "GET /content/repository/resource_content.jsp?oid=2150683&queryString=%E5%8F%B0%E7%81%A3%E5%8E%9F%E4%BD%8F%E6%B0%91%20%E7%85%99%E6%96%97%20%E8%8F%B8%E8%8D%89 HTTP/1.1" 200 31303
66.249.71.200 - - [19/Apr/2016:06:41:05 +0800] "GET /content/repository/resource_content.jsp?oid=4364730&queryString=%E5%A5%97%E8%A2%96%20%E7%B6%81%E8%85%BF%20%E7%B6%81%E8%A4%B2%20%E9%84%92%E6%97%8F HTTP/1.1" 200 29434
110.30.142.44 - - [19/Apr/2016:06:41:41 +0800] "GET /content/repository/resource_content.jsp?oid=1774988&queryType=qs&queryString=%E9%A3%B2%E9%A3%9F%E6%96%87%E5%8C%96 HTTP/1.1" 200 29673
110.30.142.44 - - [19/Apr/2016:06:41:44 +0800] "GET /content/nav/relationSubject.jsp?relationWords=%E9%87%8E%E8%8F%9C+%E9%A3%9F%E8%AD%9C+&oid=1774988 HTTP/1.1" 200 4208
66.249.71.60 - - [19/Apr/2016:06:42:01 +0800] "GET /content/nav/relationSubject.jsp?relationWords=%E5%8F%83%E8%AD%B0%E6%9C%83+%E8%87%BA%E7%81%A3%E7%9C%81+%E8%87%BA%E7%81%A3%E7%9C%81%E6%94%BF%E5%BA%9C+%E9%A3%9F%E7%B1%B3+&oid=1518342 HTTP/1.1" 200 4508
66.249.71.60 - - [19/Apr/2016:06:42:06 +0800] "GET /content/nav/relationSubject.jsp?relationWords=%E5%8F%83%E8%AD%B0%E6%9C%83%20%E8%87%BA%E7%81%A3%E7%9C%81%20%E8%87%BA%E7%81%A3%E7%9C%81%E6%94%BF%E5%BA%9C%20%E9%A3%9F%E7%B1%B3%20&oid=1518342 HTTP/1.1" 200 4508
66.249.71.60 - - [19/Apr/2016:06:42:17 +0800] "GET /content/repository/resource_content.jsp?oid=1599407 HTTP/1.1" 200 28800
66.249.71.60 - - [19/Apr/2016:06:42:53 +0800] "GET /content/subject/resource_content.jsp?oid=16777334 HTTP/1.1" 200 27779
66.249.71.194 - - [19/Apr/2016:06:43:28 +0800] "GET /content/subject/resource_content.jsp?oid=16777633&queryType=qc HTTP/1.1" 200 56610
66.249.71.113 - - [19/Apr/2016:06:43:51 +0800] "GET /content/nav/relationSubject.jsp?relationWords=%E7%B8%BD%E6%B2%B3+%E9%8A%80%E4%BA%8B+&oid=2513868 HTTP/1.1" 200 3125
66.249.71.113 - - [19/Apr/2016:06:44:05 +0800] "GET /content/repository/resource_content.jsp?oid=2690113&queryType=qs&queryString=%E6%A1%83%E6%BA%90%E7%B8%A3 HTTP/1.1" 200 30284
66.249.71.105 - - [19/Apr/2016:06:44:09 +0800] "GET /content/nav/relationSubject.jsp?relationWords=&oid=2620837 HTTP/1.1" 200 1405
66.249.77.97 - - [19/Apr/2016:06:44:40 +0800] "GET /content/subject/resource_content.jsp?oid=16777386&queryType=qs&queryString=%E5%88%86%E9%A1%9E%E5%AD%B8 HTTP/1.1" 200 38748
66.249.71.200 - - [19/Apr/2016:06:45:15 +0800] "GET /content/repository/resource_content.jsp?oid=4411251&queryType=qs&queryString=%E5%8F%B0%E7%81%A3%E5%8F%B2 HTTP/1.1" 200 31925
66.249.77.97 - - [19/Apr/2016:06:45:38 +0800] "GET /content/nav/relationSubject.jsp?relationWords=%E5%8E%9A%E5%98%B4%E4%BB%94+%E6%89%93%E9%90%B5%E5%A9%86+%E7%99%BD%E5%B8%B6%E7%9F%B3%E9%B1%B8+%E7%99%BD%E5%B8%B6%E8%83%A1%E6%A4%92%E9%AF%9B+%E7%9F%B3%E9%B1%B8+&oid=15364 HTTP/1.1" 200 3557
66.249.77.91 - - [19/Apr/2016:06:45:39 +0800] "GET /content/nav/relationSubject.jsp?relationWords=%E5%8E%9A%E5%98%B4%E4%BB%94%20%E6%89%93%E9%90%B5%E5%A9%86%20%E7%99%BD%E5%B8%B6%E7%9F%B3%E9%B1%B8%20%E7%99%BD%E5%B8%B6%E8%83%A1%E6%A4%92%E9%AF%9B%20%E7%9F%B3%E9%B1%B8%20&oid=15364 HTTP/1.1" 200 3557
66.249.77.97 - - [19/Apr/2016:06:45:45 +0800] "GET /content/repository/resource_content.jsp?oid=1774650&queryString=%E4%BC%8A%E8%83%BD%E5%98%89%E7%9F%A9%20%E5%AE%8B%E6%96%87%E8%96%B0%20%E8%B6%B3%E7%AB%8B%E6%96%87%E5%A4%AA%E9%83%8E HTTP/1.1" 200 33660
66.249.71.105 - - [19/Apr/2016:06:45:51 +0800] "GET /content/repository/resource_content.jsp?oid=1778457&queryType=qs&queryString=%E9%9A%94%E4%BB%A3%E6%95%99%E9%A4%8A HTTP/1.1" 200 40334
66.249.71.72 - - [19/Apr/2016:06:45:53 +0800] "GET /content/nav/relationSubject.jsp?relationWords=%E4%BB%A3%E7%90%86%E4%BA%BA+%E5%90%8C%E6%A5%AD%E5%85%AC%E6%9C%83+%E5%91%A8%E5%8D%97+%E5%AE%A2%E9%81%8B+%E8%87%BA%E7%81%A3%E7%9C%81+&oid=1600583 HTTP/1.1" 200 4642
66.249.79.186 - - [19/Apr/2016:06:46:27 +0800] "GET /content/repository/resource_content.jsp?oid=15455&queryString=%E6%97%A5%E6%9C%AC%E9%8A%80%E8%BA%AB%20%E7%99%BD%E5%A7%91%E9%AD%9A%20%E7%9F%B3%E9%A6%96%E9%AD%9A%E7%A7%91%20%E9%BB%83%E5%A7%91%E9%AD%9A HTTP/1.1" 200 38170
66.249.71.60 - - [19/Apr/2016:06:46:32 +0800] "GET /content/nav/relationSubject.jsp?relationWords=%E6%96%B7%E7%B4%8B%E7%B4%AB%E8%83%B8%E9%AD%9A+%E6%9F%B3%E5%86%B7%E4%BB%94+%E6%B1%95%E5%86%B7%E4%BB%94+%E9%9A%86%E9%A0%AD%E9%AD%9A%E7%A7%91+%E9%B8%9A%E9%AF%9B+&oid=15816 HTTP/1.1" 200 3671
66.249.79.200 - - [19/Apr/2016:06:46:57 +0800] "GET /content/nav/relationSubject.jsp?relationWords=%E8%8B%A6%E8%97%9A%E8%8F%9C%E5%B1%AC+&oid=1107240 HTTP/1.1" 200 2981
66.249.71.60 - - [19/Apr/2016:06:47:02 +0800] "GET /content/repository/resource_content.jsp?oid=1125256&queryString=%E6%89%AD%E6%B3%95%E8%9E%BA%20%E6%B3%95%E8%9E%BA%E7%A7%91%20%E7%95%B0%E8%B6%B3%E7%9B%AE%20%E8%85%B9%E8%B6%B3%E7%B6%B1 HTTP/1.1" 200 31976
66.249.71.105 - - [19/Apr/2016:06:47:38 +0800] "GET /content/repository/resource_content.jsp?oid=1887757&queryType=qs&queryString=%E6%9D%9C%E7%A5%96%E5%9F%B9 HTTP/1.1" 200 30652
66.249.71.60 - - [19/Apr/2016:06:47:43 +0800] "GET /content/nav/relationSubject.jsp?relationWords=%E4%BD%9B%E7%94%B2%E8%8D%89%E5%B1%AC+%E6%A4%8D%E7%89%A9%E7%95%8C+%E8%83%BD%E9%AB%98%E4%BD%9B%E7%94%B2%E8%8D%89+%E8%96%94%E8%96%87%E7%9B%AE+&oid=1105247 HTTP/1.1" 200 3255
66.249.71.60 - - [19/Apr/2016:06:48:00 +0800] "GET /content/nav/relationSubject.jsp?relationWords=%E4%B8%80%E8%89%B2%E5%A4%A9%E7%AB%BA%E9%AF%9B+%E5%96%AE%E8%89%B2%E5%A4%A9%E7%AB%BA%E9%AF%9B+%E5%A4%A7%E7%9B%AE%E5%81%B4%E4%BB%94+%E5%A4%A7%E9%9D%A2%E5%81%B4%E4%BB%94+%E5%A4%A9%E7%AB%BA%E9%AF%9B%E7%A7%91+&oid=4352338 HTTP/1.1" 200 3691
66.249.71.5 - - [19/Apr/2016:06:48:14 +0800] "GET /content/repository/resource_content.jsp?oid=3823123&queryString=%E6%A2%A8%E5%B1%B1%20%E6%A4%8D%E7%89%A9%E7%95%8C%20%E6%AF%9B%E8%8C%9B%20%E6%AF%9B%E8%8C%9B%E7%A7%91%20%E8%93%91%E8%A1%A3%20%E9%90%B5%E7%B7%9A%E8%93%AE%E5%B1%AC HTTP/1.1" 200 31466
66.249.71.188 - - [19/Apr/2016:06:48:50 +0800] "GET /content/subject/resource_content.jsp?oid=16777600&queryType=qs&queryString=%E6%AE%96%E6%B0%91%E7%B5%B1%E6%B2%BB HTTP/1.1" 200 50285
66.249.71.60 - - [19/Apr/2016:06:49:21 +0800] "GET /content/nav/relationSubject.jsp?relationWords=%E4%BA%94%E8%8F%AF+%E6%B0%91%E6%84%8F%E4%BB%A3%E8%A1%A8+%E7%B8%BD%E7%B5%B1%E5%BA%9C+%E8%8F%AF%E8%AA%95+%E8%94%A3%E5%85%AC+&oid=1895253 HTTP/1.1" 200 3344
66.249.79.251 - - [19/Apr/2016:06:49:26 +0800] "GET /content/subject/resource_content.jsp?oid=16777281&queryString=%E5%B1%B1%E8%8A%99%E8%93%89%20%E6%9C%A8%E6%A7%BF%E5%B1%AC%20%E6%A4%8D%E7%89%A9%E7%95%8C%20%E9%8C%A6%E8%91%B5%20%E9%8C%A6%E8%91%B5%E7%A7%91 HTTP/1.1" 200 28242
123.125.71.72 - - [19/Apr/2016:06:49:27 +0800] "GET /digiarch_en/content/subject/resource_content.jsp?oid=16777721&queryType=qc HTTP/1.1" 200 31317
66.249.71.60 - - [19/Apr/2016:06:50:01 +0800] "GET /content/repository/resource_content.jsp?oid=15250&queryString=%E5%88%BA%E5%B0%BE%E9%AD%9A%20%E5%88%BA%E5%B0%BE%E9%AF%9B%20%E5%88%BA%E5%B0%BE%E9%AF%9B%E7%A7%91%20%E5%BD%A9%E8%99%B9%20%E7%B7%9A%E7%B4%8B%20%E7%B7%9A%E7%B4%8B%E5%88%BA%E5%B0%BE%E9%AF%9B%20%E7%B8%B1%E5%B8%B6%20%E9%AF%9B%E7%A7%91 HTTP/1.1" 200 34381
66.249.79.200 - - [19/Apr/2016:06:50:38 +0800] "GET /content/repository/resource_content.jsp?oid=1591818 HTTP/1.1" 200 30821
199.30.24.35 - - [19/Apr/2016:06:50:48 +0800] "GET /content/nav/relationSubject.jsp?relationWords=%E5%9D%AA%E6%9E%97%E7%A7%8B%E6%B5%B7%E6%A3%A0+%E6%B5%B7%E6%A3%A0+%E7%A7%8B%E6%B5%B7%E6%A3%A0+&oid=16777493 HTTP/1.1" 200 4994
66.249.77.85 - - [19/Apr/2016:06:51:12 +0800] "GET /content/subject/resource_content.jsp?oid=16777285&queryString=%E5%B1%B1%E8%8A%99%E8%93%89%20%E6%9C%A8%E6%A7%BF%20%E6%9C%A8%E6%A7%BF%E5%B1%AC%20%E6%A4%8D%E7%89%A9%E7%95%8C%20%E9%8C%A6%E8%91%B5%20%E9%8C%A6%E8%91%B5%E7%A7%91 HTTP/1.1" 200 29010
66.249.71.105 - - [19/Apr/2016:06:51:48 +0800] "GET /content/repository/resource_content.jsp?oid=2687827&queryType=qs&queryString=%E5%A5%8F%E8%98%87%E7%9C%81 HTTP/1.1" 200 30673
66.249.71.113 - - [19/Apr/2016:06:52:08 +0800] "GET /content/nav/relationSubject.jsp?relationWords=%E5%90%8C%E6%A5%AD%E5%85%AC%E6%9C%83+%E5%95%86%E8%89%B1%E6%A1%88+%E5%A6%A8%E5%AE%B3%E9%A2%A8%E5%8C%96+%E6%B3%95%E6%B2%BB+%E6%B3%A8%E6%84%8F%E4%BA%8B%E9%A0%85+%E7%99%BD%E4%B8%96%E7%B6%AD+%E7%9C%81%E6%94%BF%E5%BA%9C+%E8%87%BA%E7%81%A3%E7%9C%81+%E8%87%BA%E7%81%A3%E7%9C%81%E8%AD%A6%E5%8B%99%E8%99%95+&oid=1896956 HTTP/1.1" 200 4932
66.249.71.105 - - [19/Apr/2016:06:52:13 +0800] "GET /content/nav/relationSubject.jsp?relationWords=%E5%90%8C%E6%A5%AD%E5%85%AC%E6%9C%83%20%E5%95%86%E8%89%B1%E6%A1%88%20%E5%A6%A8%E5%AE%B3%E9%A2%A8%E5%8C%96%20%E6%B3%95%E6%B2%BB%20%E6%B3%A8%E6%84%8F%E4%BA%8B%E9%A0%85%20%E7%99%BD%E4%B8%96%E7%B6%AD%20%E7%9C%81%E6%94%BF%E5%BA%9C%20%E8%87%BA%E7%81%A3%E7%9C%81%20%E8%87%BA%E7%81%A3%E7%9C%81%E8%AD%A6%E5%8B%99%E8%99%95%20&oid=1896956 HTTP/1.1" 200 4932
66.249.71.60 - - [19/Apr/2016:06:52:19 +0800] "GET /content/nav/relationSubject.jsp?relationWords=%E6%8B%AC%E6%A8%93%E5%B1%AC+%E6%A4%8D%E7%89%A9%E7%95%8C+%E7%8E%8B%E7%93%9C+%E8%8F%AB%E8%8F%9C+%E8%91%AB%E8%98%86%E7%A7%91+&oid=1103908 HTTP/1.1" 200 3374
66.249.71.105 - - [19/Apr/2016:06:52:24 +0800] "GET /content/repository/resource_content.jsp?oid=2630751&queryType=qs&queryString=%E6%9D%8E%E7%9B%B8 HTTP/1.1" 200 29134
66.249.71.60 - - [19/Apr/2016:06:52:45 +0800] "GET /content/nav/relationSubject.jsp?relationWords=%E4%BA%A4%E9%80%9A%E8%99%95+%E4%BE%9B%E6%87%89%E5%95%86+%E4%BF%9D%E5%AE%89%E5%8F%B8+%E5%8B%9D%E5%88%A9+%E5%8F%B8%E4%BB%A4%E9%83%A8+%E6%9B%B8%E7%B6%93+%E6%9F%AF%E5%92%8C%E5%90%89+%E6%B8%B8%E8%88%88%E6%B7%BB+%E7%9B%A7%E7%B9%BC%E7%AB%87+%E7%9C%81%E6%94%BF%E5%BA%9C+%E8%87%BA%E7%81%A3%E7%9C%81+%E8%88%B9%E8%88%B6+%E9%AB%98%E9%9B%84%E5%B8%82+&oid=1524233 HTTP/1.1" 200 5012
66.249.71.60 - - [19/Apr/2016:06:53:01 +0800] "GET /content/subject/resource_content.jsp?oid=16777728&queryType=qs&queryString=%E8%BE%B2%E6%A5%AD%E5%A7%94%E5%93%A1%E6%9C%83 HTTP/1.1" 200 65180
66.249.71.60 - - [19/Apr/2016:06:53:35 +0800] "GET /content/repository/resource_content.jsp?oid=230169 HTTP/1.1" 200 30294
66.249.71.105 - - [19/Apr/2016:06:53:40 +0800] "GET /content/nav/relationSubject.jsp?relationWords=%E6%9C%A8%E7%9B%A4+%E7%9B%9B%E5%85%B7+%E9%9B%85%E7%BE%8E%E6%97%8F+&oid=1780969 HTTP/1.1" 200 3074
66.249.71.105 - - [19/Apr/2016:06:53:43 +0800] "GET /content/nav/relationSubject.jsp?relationWords=%E6%9C%A8%E7%9B%A4%20%E7%9B%9B%E5%85%B7%20%E9%9B%85%E7%BE%8E%E6%97%8F%20&oid=1780969 HTTP/1.1" 200 3074
49.214.182.237 - - [19/Apr/2016:06:54:04 +0800] "GET /content/repository/resource_content.jsp?oid=3821330&queryString=%E5%8F%B0%E7%81%A3%E9%87%8E%E8%96%94%E8%96%87%20%E6%A4%8D%E7%89%A9%E7%95%8C%20%E8%96%94%E8%96%87%E5%B1%AC%20%E8%96%94%E8%96%87%E7%9B%AE%20%E8%96%94%E8%96%87%E7%A7%91 HTTP/1.1" 200 31650
49.214.182.237 - - [19/Apr/2016:06:54:06 +0800] "GET /content/nav/relationSubject.jsp?relationWords=%E5%8F%B0%E7%81%A3%E9%87%8E%E8%96%94%E8%96%87+%E6%A4%8D%E7%89%A9%E7%95%8C+%E8%96%94%E8%96%87%E5%B1%AC+%E8%96%94%E8%96%87%E7%9B%AE+%E8%96%94%E8%96%87%E7%A7%91+%E9%87%8E%E8%96%94%E8%96%87+&oid=3821330 HTTP/1.1" 200 3560
157.55.39.113 - - [19/Apr/2016:06:54:08 +0800] "GET /content/nav/relationSubject.jsp?relationWords=%E8%8A%B1%E9%82%8A+&oid=33554549 HTTP/1.1" 200 3002
66.249.79.200 - - [19/Apr/2016:06:54:12 +0800] "GET /content/repository/resource_content.jsp?oid=1820637 HTTP/1.1" 200 29034
66.249.71.60 - - [19/Apr/2016:06:54:48 +0800] "GET /content/subject/resource_content.jsp?oid=16777590&queryString=%E6%B5%81%E8%BD%89%E5%B9%B4%E8%8F%AF%20%E8%8F%AF%E7%89%B9 HTTP/1.1" 200 35473
66.249.71.60 - - [19/Apr/2016:06:54:54 +0800] "GET /content/nav/relationSubject.jsp?relationWords=%E5%93%A1%E5%85%89+%E7%A1%AB%E9%85%B8%E9%8C%8F+&oid=1607434 HTTP/1.1" 200 4333
66.249.71.60 - - [19/Apr/2016:06:55:08 +0800] "GET /digiarch_en/content/nav/relationSubject.jsp?relationWords=%E5%8F%B0%E6%9D%B1%E8%98%87%E9%90%B5+&oid=16777436 HTTP/1.1" 200 4075
66.249.77.85 - - [19/Apr/2016:06:55:22 +0800] "GET /content/repository/resource_content.jsp?oid=2671468&queryString=%E8%A5%BF%E6%AD%A6 HTTP/1.1" 200 29454
66.249.71.60 - - [19/Apr/2016:06:55:36 +0800] "GET /content/nav/relationSubject.jsp?relationWords=%E5%B8%83%E8%BE%B2+%E5%B8%83%E8%BE%B2%E6%97%8F+%E6%B3%B0%E9%9B%85+%E6%B3%B0%E9%9B%85%E6%97%8F+%E8%B3%BD%E5%BE%B7%E5%85%8B+%E8%B3%BD%E5%BE%B7%E5%85%8B%E6%97%8F+&oid=1775022 HTTP/1.1" 200 4184
66.249.71.60 - - [19/Apr/2016:06:55:39 +0800] "GET /content/nav/relationSubject.jsp?relationWords=%E5%B8%83%E8%BE%B2%20%E5%B8%83%E8%BE%B2%E6%97%8F%20%E6%B3%B0%E9%9B%85%20%E6%B3%B0%E9%9B%85%E6%97%8F%20%E8%B3%BD%E5%BE%B7%E5%85%8B%20%E8%B3%BD%E5%BE%B7%E5%85%8B%E6%97%8F%20&oid=1775022 HTTP/1.1" 200 4184
66.249.79.200 - - [19/Apr/2016:06:55:59 +0800] "GET /content/repository/resource_content.jsp?oid=1629668 HTTP/1.1" 200 29235
68.180.230.90 - - [19/Apr/2016:06:56:18 +0800] "GET /content/subject/resource_content.jsp?oid=16777570&queryType=qc HTTP/1.1" 200 40478
66.249.71.60 - - [19/Apr/2016:06:56:34 +0800] "GET /content/repository/resource_content.jsp?oid=2569390 HTTP/1.1" 200 29952
66.249.79.117 - - [19/Apr/2016:06:56:34 +0800] "GET /content/nav/relationSubject.jsp?relationWords=%E9%9A%A8%E5%9C%8D+&oid=2654493 HTTP/1.1" 200 3093
66.249.71.14 - - [19/Apr/2016:06:57:09 +0800] "GET /digiarch3/content/repository/resource_content.jsp?oid=4589027&queryType=qs&queryString=%E6%B2%89%E8%88%B9 HTTP/1.1" 200 30087
66.249.71.60 - - [19/Apr/2016:06:57:45 +0800] "GET /content/repository/resource_content.jsp?oid=1559103 HTTP/1.1" 200 28972
66.249.71.60 - - [19/Apr/2016:06:57:59 +0800] "GET /content/nav/relationSubject.jsp?relationWords=API+%E5%89%8D%E8%83%A1%E5%B1%AC+%E6%97%A5%E6%9C%AC%E5%89%8D%E8%83%A1+%E6%A4%8D%E7%89%A9%E7%95%8C+%E7%B9%96%E5%BD%A2%E7%A7%91+%E9%9B%99%E5%AD%90%E8%91%89%E6%A4%8D%E7%89%A9+&oid=1107326 HTTP/1.1" 200 3423
66.249.71.60 - - [19/Apr/2016:06:58:10 +0800] "GET /content/nav/relationSubject.jsp?relationWords=API%20%E5%89%8D%E8%83%A1%E5%B1%AC%20%E6%97%A5%E6%9C%AC%E5%89%8D%E8%83%A1%20%E6%A4%8D%E7%89%A9%E7%95%8C%20%E7%B9%96%E5%BD%A2%E7%A7%91%20%E9%9B%99%E5%AD%90%E8%91%89%E6%A4%8D%E7%89%A9%20&oid=1107326 HTTP/1.1" 200 3423
66.249.71.60 - - [19/Apr/2016:06:58:21 +0800] "GET /content/repository/resource_content.jsp?oid=2613632 HTTP/1.1" 200 29303
66.249.79.200 - - [19/Apr/2016:06:58:57 +0800] "GET /content/repository/resource_content.jsp?oid=1105695 HTTP/1.1" 200 31545
66.249.71.60 - - [19/Apr/2016:06:59:32 +0800] "GET /content/repository/resource_content.jsp?oid=1516881 HTTP/1.1" 200 28665
66.249.71.60 - - [19/Apr/2016:07:00:00 +0800] "GET /content/nav/relationSubject.jsp?relationWords=%E4%BC%8F%E7%BE%B2+%E5%A5%B3%E5%AA%A7+%E6%AD%A6%E6%96%91%E7%A5%A0+%E6%AD%A6%E6%B0%8F%E7%A5%A0%E5%B7%A6%E7%9F%B3%E5%AE%A4+%E7%A7%A6%E7%8E%8B+%E9%9D%88%E7%95%B0+&oid=1811992 HTTP/1.1" 200 5236
66.249.71.105 - - [19/Apr/2016:07:00:07 +0800] "GET /content/nav/relationSubject.jsp?relationWords=%E7%94%B2%E8%9F%B2+%E9%9B%9C%E8%A8%98+&oid=4468504 HTTP/1.1" 200 3102
66.249.71.60 - - [19/Apr/2016:07:00:09 +0800] "GET /digiarch_en/content/repository/resource_content.jsp?oid=1106031&queryString=%E6%AA%AC%E6%9E%9C%20%E6%B5%B7%E6%AA%AC%E6%9E%9C HTTP/1.1" 200 23588
66.249.71.105 - - [19/Apr/2016:07:00:09 +0800] "GET /content/nav/relationSubject.jsp?relationWords=%E7%94%B2%E8%9F%B2%20%E9%9B%9C%E8%A8%98%20&oid=4468504 HTTP/1.1" 200 3102
66.249.71.60 - - [19/Apr/2016:07:00:11 +0800] "GET /content/nav/relationSubject.jsp?relationWords=&oid=2605277 HTTP/1.1" 200 1405
66.249.71.60 - - [19/Apr/2016:07:00:44 +0800] "GET /content/repository/resource_content.jsp?oid=2514833 HTTP/1.1" 200 30128
66.249.71.60 - - [19/Apr/2016:07:01:19 +0800] "GET /content/repository/resource_content.jsp?oid=2581061 HTTP/1.1" 200 29150
66.249.71.60 - - [19/Apr/2016:07:01:55 +0800] "GET /content/repository/resource_content.jsp?oid=2662163 HTTP/1.1" 200 30064
180.76.15.14 - - [19/Apr/2016:07:02:08 +0800] "GET /content/repository/resource_content.jsp?oid=2147420&queryString=%E7%9B%B8%E6%80%9D%E6%A8%B9 HTTP/1.1" 200 31387
66.249.71.60 - - [19/Apr/2016:07:02:31 +0800] "GET /digiarch_en/content/repository/resource_content.jsp?oid=1831701&queryString=%E5%82%85%E6%96%AF%E5%B9%B4%E5%9C%96%E6%9B%B8%E9%A4%A8%20%E6%95%A6%E7%85%8C HTTP/1.1" 200 24684
66.249.71.23 - - [19/Apr/2016:07:03:06 +0800] "GET /content/repository/resource_content.jsp?oid=2679446&queryString=%E5%90%8F%E9%83%A8%20%E5%A5%89%E8%AB%AD%20%E7%A5%A5%E6%B3%B0 HTTP/1.1" 200 30571
66.249.71.60 - - [19/Apr/2016:07:03:31 +0800] "GET /content/nav/relationSubject.jsp?relationWords=%E5%B7%A1%E6%92%AB+%E7%A8%85%E9%8A%80+%E9%8A%80%E6%95%B8+&oid=2514541 HTTP/1.1" 200 5331
66.249.79.200 - - [19/Apr/2016:07:03:36 +0800] "GET /content/nav/relationSubject.jsp?relationWords=%E6%9F%B3%E8%91%89%E7%AE%AC+%E6%9F%B3%E8%91%89%E7%AE%AC%E5%B1%AC+&oid=1111080 HTTP/1.1" 200 3218
66.249.71.60 - - [19/Apr/2016:07:03:36 +0800] "GET /content/nav/relationSubject.jsp?relationWords=%E5%B7%A1%E6%92%AB%20%E7%A8%85%E9%8A%80%20%E9%8A%80%E6%95%B8%20&oid=2514541 HTTP/1.1" 200 5331
66.249.71.60 - - [19/Apr/2016:07:03:38 +0800] "GET /content/nav/relationSubject.jsp?relationWords=%E6%9F%B3%E8%91%89%E7%AE%AC%20%E6%9F%B3%E8%91%89%E7%AE%AC%E5%B1%AC%20&oid=1111080 HTTP/1.1" 200 3218
66.249.71.5 - - [19/Apr/2016:07:03:42 +0800] "GET /content/repository/resource_content.jsp?oid=2643785&queryString=%E4%B8%89%E7%94%B0%E6%9C%83%20%E7%A7%8B%E7%94%B0 HTTP/1.1" 200 30124
66.249.71.121 - - [19/Apr/2016:07:04:45 +0800] "GET /content/nav/relationSubject.jsp?relationWords=%E5%B7%A5%E9%83%A8+%E6%87%87%E5%87%86+%E9%8A%80%E5%85%A9+&oid=2680940 HTTP/1.1" 200 5447
66.249.71.105 - - [19/Apr/2016:07:04:47 +0800] "GET /content/nav/relationSubject.jsp?relationWords=%E5%B7%A5%E9%83%A8%20%E6%87%87%E5%87%86%20%E9%8A%80%E5%85%A9%20&oid=2680940 HTTP/1.1" 200 5447
66.249.71.194 - - [19/Apr/2016:07:04:54 +0800] "GET /content/repository/resource_content.jsp?oid=3205082&queryType=qs&queryString=%E6%88%B0%E5%9C%8B%E7%AD%96 HTTP/1.1" 200 30419
66.249.71.60 - - [19/Apr/2016:07:06:05 +0800] "GET /content/repository/resource_content.jsp?oid=1462133 HTTP/1.1" 200 30940
114.41.222.38 - - [19/Apr/2016:07:06:33 +0800] "GET /content/repository/resource_content.jsp?oid=16497&queryType=qs&queryString=%E5%96%AE%E6%A3%98%E9%AD%A8 HTTP/1.1" 200 34853
114.41.222.38 - - [19/Apr/2016:07:06:36 +0800] "GET /content/nav/relationSubject.jsp?relationWords=%E5%89%9D%E7%9A%AE%E9%AD%9A+%E5%96%AE%E6%A3%98%E9%AD%A8+%E5%96%AE%E6%A3%98%E9%AD%A8%E7%A7%91+%E6%96%91%E5%88%BA%E9%BC%BB%E5%96%AE%E6%A3%98+%E6%96%91%E5%88%BA%E9%BC%BB%E5%96%AE%E6%A3%98%E9%AD%A8+%E6%A3%98%E9%AD%A8+%E7%B4%B0%E6%96%91+%E9%AD%A8%E7%A7%91+&oid=16497 HTTP/1.1" 200 3770
66.249.71.5 - - [19/Apr/2016:07:06:41 +0800] "GET /content/repository/resource_content.jsp?oid=1574533&queryString=%E5%B7%AB%E5%A5%B3%20%E6%B3%B0%E9%9B%85%E6%97%8F%20%E9%87%91%E6%B4%8B%E6%9D%91 HTTP/1.1" 200 29127
66.249.77.97 - - [19/Apr/2016:07:06:55 +0800] "GET /content/nav/relationSubject.jsp?relationWords=%E5%8F%8D%E5%85%B1%E6%8A%97%E4%BF%84+%E5%9B%9B%E5%BA%9C%E6%95%99+%E5%9C%8B%E5%AE%B6%E5%AE%89%E5%85%A8+%E5%AE%89%E5%85%A8%E6%A1%88+&oid=1556361 HTTP/1.1" 200 3491
66.249.71.200 - - [19/Apr/2016:07:07:16 +0800] "GET /content/repository/resource_content.jsp?oid=15734&queryString=%E6%9E%97%E6%8A%95%20%E6%B5%B7%E9%BE%8D%20%E7%83%88%E4%BB%94%20%E7%AE%A1%E5%94%87%E9%AD%9A%20%E9%87%91%E6%A2%AD%20%E9%87%91%E6%A2%AD%E9%B8%9A%E9%AF%9B%20%E9%9A%86%E9%A0%AD%E9%AD%9A%E7%A7%91 HTTP/1.1" 200 35706
66.249.71.113 - - [19/Apr/2016:07:07:52 +0800] "GET /content/repository/resource_content.jsp?oid=2682992&queryType=qs&queryString=%E4%BA%8B%E6%9D%8E HTTP/1.1" 200 30038
66.249.71.113 - - [19/Apr/2016:07:08:28 +0800] "GET /content/repository/resource_content.jsp?oid=15906&queryType=qs&queryString=%E7%9E%BB%E6%98%9F%E9%AD%9A HTTP/1.1" 200 34089
66.249.71.14 - - [19/Apr/2016:07:09:03 +0800] "GET /digiarch3/content/repository/resource_content.jsp?oid=1623385&queryType=qs&queryString=%E9%81%8A%E6%A8%82%E8%A8%AD%E6%96%BD HTTP/1.1" 200 29531
66.249.71.60 - - [19/Apr/2016:07:09:39 +0800] "GET /content/repository/resource_content.jsp?oid=1852347 HTTP/1.1" 200 29948
66.249.79.135 - - [19/Apr/2016:07:10:15 +0800] "GET /content/subject/resource_content.jsp?oid=16777537&queryType=qs&queryString=%E5%85%AC%E6%B0%91%E7%A4%BE%E6%9C%83 HTTP/1.1" 200 30692
66.249.71.5 - - [19/Apr/2016:07:10:36 +0800] "GET /digiarch3/content/nav/relationSubject.jsp?relationWords=%E5%88%BA%E9%AD%9A+%E8%93%8B%E5%88%BA%E9%AD%9A+&oid=1081603 HTTP/1.1" 200 3371
66.249.71.60 - - [19/Apr/2016:07:10:44 +0800] "GET /content/nav/relationSubject.jsp?relationWords=%E6%AC%BD%E5%A4%A9%E7%9B%A3+&oid=2640617 HTTP/1.1" 200 3099
66.249.77.97 - - [19/Apr/2016:07:10:51 +0800] "GET /content/subject/resource_content.jsp?oid=16777660&queryType=qs&queryString=%E7%9A%87%E6%B0%91 HTTP/1.1" 200 70675
66.249.71.60 - - [19/Apr/2016:07:11:26 +0800] "GET /content/repository/resource_content.jsp?oid=2626939 HTTP/1.1" 200 30194
66.249.71.60 - - [19/Apr/2016:07:11:33 +0800] "GET /content/nav/relationSubject.jsp?relationWords=%E6%A4%8D%E7%89%A9%E7%95%8C+%E6%A5%9D%E7%A7%91+%E7%84%A1%E6%82%A3%E5%AD%90+%E7%B4%85%E6%9E%9C%E6%A4%8C%E6%9C%A8+&oid=2151843 HTTP/1.1" 200 3346
194.187.168.224 - - [19/Apr/2016:07:12:01 +0800] "GET /content/subject/resource_content.jsp?oid=16777801&queryType=qc HTTP/1.0" 200 42986
66.249.71.60 - - [19/Apr/2016:07:12:01 +0800] "GET /digiarch_en/content/exhibit/exhibit.jsp?oid=16777672 HTTP/1.1" 200 20346
66.249.71.60 - - [19/Apr/2016:07:12:35 +0800] "GET /content/nav/relationSubject.jsp?relationWords=%E6%9D%B1%E7%A6%8F+%E6%9E%97%E5%AE%9A+%E7%9C%81%E6%94%BF%E5%BA%9C+%E8%87%BA%E6%9D%B1%E9%8E%AE+%E8%A9%B3%E7%B4%B0%E5%9C%96+%E9%83%BD%E5%B8%82%E8%A8%88%E7%95%AB+%E9%AB%98%E9%9B%84%E5%B8%82+%E9%AB%98%E9%9B%84%E5%B8%82%E6%94%BF%E5%BA%9C+&oid=1899099 HTTP/1.1" 200 4822
66.249.71.60 - - [19/Apr/2016:07:12:38 +0800] "GET /content/repository/resource_content.jsp?oid=2586102 HTTP/1.1" 200 29557
66.249.71.60 - - [19/Apr/2016:07:12:48 +0800] "GET /content/subject/resource_content.jsp?oid=16777721&queryString=%E6%A4%8D%E7%89%A9%E7%95%8C%20%E7%8E%89%E5%B1%B1%E8%96%84%E9%9B%AA%E8%8D%89%20%E8%8F%8A%E7%A7%91%20%E8%96%84%E9%9B%AA%E8%8D%89%E5%B1%AC%20%E9%9B%99%E5%AD%90%E8%91%89%E6%A4%8D%E7%89%A9 HTTP/1.1" 200 36236
66.249.77.91 - - [19/Apr/2016:07:13:13 +0800] "GET /content/repository/resource_content.jsp?oid=1776859&queryType=qs&queryString=%E8%94%A1%E4%B8%AD HTTP/1.1" 200 33714
194.187.168.224 - - [19/Apr/2016:07:13:33 +0800] "GET /content/subject/resource_content.jsp?oid=16777741&queryType=qc HTTP/1.0" 200 53477
66.249.71.60 - - [19/Apr/2016:07:13:34 +0800] "GET /content/nav/relationSubject.jsp?relationWords=%E6%B3%B0%E9%9B%85%E6%97%8F+&oid=1775353 HTTP/1.1" 200 3708
180.76.15.18 - - [19/Apr/2016:07:13:39 +0800] "GET /content/repository/resource_content.jsp?oid=4411507&queryString=%E6%A8%A1%E5%BC%8F%E6%A8%99%E6%9C%AC HTTP/1.1" 200 30552
66.249.71.60 - - [19/Apr/2016:07:13:49 +0800] "GET /content/repository/resource_content.jsp?oid=1461757 HTTP/1.1" 200 31619
66.249.71.5 - - [19/Apr/2016:07:13:59 +0800] "GET /digiarch3/content/nav/relationSubject.jsp?relationWords=%E5%90%8C%E6%84%8F%E6%AC%8A+%E5%9C%8B%E6%98%AF%E6%9C%83%E8%AD%B0+%E5%9C%B0%E6%96%B9%E5%88%B6%E5%BA%A6+%E5%9C%B0%E6%96%B9%E8%87%AA%E6%B2%BB+%E5%BD%8C%E8%A3%9C+%E6%86%B2%E6%94%BF+%E6%9C%83%E8%AD%B0%E7%B4%80%E9%8C%84+%E6%B0%91%E4%B8%BB%E5%8C%96+%E6%B0%91%E4%B8%BB%E6%86%B2%E6%94%BF+%E6%B0%91%E6%84%8F+%E6%B0%91%E9%81%B8+%E6%BD%AE%E6%B5%81+%E7%9C%81%E6%94%BF%E5%BA%9C+%E7%B5%84%E7%B9%94%E8%A6%8F%E7%A8%8B+%E8%87%BA%E7%81%A3%E7%9C%81+%E9%BB%83%E6%AD%A3+&oid=1593699 HTTP/1.1" 200 5207
66.249.71.5 - - [19/Apr/2016:07:14:02 +0800] "GET /digiarch3/content/nav/relationSubject.jsp?relationWords=%E5%90%8C%E6%84%8F%E6%AC%8A%20%E5%9C%8B%E6%98%AF%E6%9C%83%E8%AD%B0%20%E5%9C%B0%E6%96%B9%E5%88%B6%E5%BA%A6%20%E5%9C%B0%E6%96%B9%E8%87%AA%E6%B2%BB%20%E5%BD%8C%E8%A3%9C%20%E6%86%B2%E6%94%BF%20%E6%9C%83%E8%AD%B0%E7%B4%80%E9%8C%84%20%E6%B0%91%E4%B8%BB%E5%8C%96%20%E6%B0%91%E4%B8%BB%E6%86%B2%E6%94%BF%20%E6%B0%91%E6%84%8F%20%E6%B0%91%E9%81%B8%20%E6%BD%AE%E6%B5%81%20%E7%9C%81%E6%94%BF%E5%BA%9C%20%E7%B5%84%E7%B9%94%E8%A6%8F%E7%A8%8B%20%E8%87%BA%E7%81%A3%E7%9C%81%20%E9%BB%83%E6%AD%A3%20&oid=1593699 HTTP/1.1" 200 5207
66.249.79.186 - - [19/Apr/2016:07:14:07 +0800] "GET /digiarch3/content/nav/relationSubject.jsp?relationWords=%E5%B7%A1%E7%8B%A9+%E7%8E%8B%E8%88%B9+%E9%96%8B%E5%85%89+&oid=16777803 HTTP/1.1" 200 4887
66.249.71.60 - - [19/Apr/2016:07:14:25 +0800] "GET /content/repository/resource_content.jsp?oid=2659862&queryString=%E7%B3%A7%E4%BA%8B%20%E9%8C%A2%E7%B3%A7 HTTP/1.1" 200 30799
66.249.77.85 - - [19/Apr/2016:07:14:30 +0800] "GET /content/nav/relationSubject.jsp?relationWords=%E5%A4%A7%E6%B3%95%E8%9E%BA+%E6%B3%95%E8%9E%BA+%E6%B3%95%E8%9E%BA%E7%A7%91+%E7%95%B0%E8%B6%B3%E7%9B%AE+%E7%99%BD%E6%B3%95%E8%9E%BA+%E8%82%89%E8%9E%BA+%E8%85%B9%E8%B6%B3%E7%B6%B1+&oid=523952 HTTP/1.1" 200 3616
194.187.168.224 - - [19/Apr/2016:07:14:36 +0800] "GET /content/subject/resource_content.jsp?oid=16777839&queryType=qc HTTP/1.0" 200 27157
66.249.71.60 - - [19/Apr/2016:07:15:00 +0800] "GET /content/repository/resource_content.jsp?oid=2562188 HTTP/1.1" 200 29470
66.249.71.5 - - [19/Apr/2016:07:15:14 +0800] "GET /content/nav/relationSubject.jsp?relationWords=%E8%88%B9%E9%A0%AD%E9%A3%BE+%E9%9B%85%E7%BE%8E%E6%97%8F+&oid=1781036 HTTP/1.1" 200 2989
66.249.71.60 - - [19/Apr/2016:07:15:36 +0800] "GET /content/repository/resource_content.jsp?oid=1106696 HTTP/1.1" 200 31632
66.249.79.251 - - [19/Apr/2016:07:16:12 +0800] "GET /content/repository/resource_content.jsp?oid=15981&queryType=qs&queryString=%E9%AD%9A%E9%86%AB%E7%94%9F HTTP/1.1" 200 34138
66.249.77.97 - - [19/Apr/2016:07:16:48 +0800] "GET /content/repository/resource_content.jsp?oid=1568585&queryString=%E9%96%8B%E4%B8%AD HTTP/1.1" 200 30600
66.249.71.105 - - [19/Apr/2016:07:17:03 +0800] "GET /content/nav/relationSubject.jsp?relationWords=&oid=4467913 HTTP/1.1" 200 1405
68.180.230.90 - - [19/Apr/2016:07:17:09 +0800] "GET /content/subject/resource_content.jsp?oid=16777335&queryType=qc HTTP/1.1" 200 32427
66.249.71.60 - - [19/Apr/2016:07:17:12 +0800] "GET /content/nav/relationSubject.jsp?relationWords=%E5%9C%B0%E8%86%BD%E8%8D%89+%E5%9C%B0%E8%86%BD%E8%8D%89%E5%B1%AC+%E6%A4%8D%E7%89%A9%E7%95%8C+%E6%AF%9B%E8%93%AE%E8%8F%9C+%E8%8F%8A%E7%A7%91+%E9%9B%99%E5%AD%90%E8%91%89%E6%A4%8D%E7%89%A9+&oid=1115739 HTTP/1.1" 200 3537
66.249.71.60 - - [19/Apr/2016:07:17:19 +0800] "GET /content/nav/relationSubject.jsp?relationWords=%E5%9C%B0%E8%86%BD%E8%8D%89%20%E5%9C%B0%E8%86%BD%E8%8D%89%E5%B1%AC%20%E6%A4%8D%E7%89%A9%E7%95%8C%20%E6%AF%9B%E8%93%AE%E8%8F%9C%20%E8%8F%8A%E7%A7%91%20%E9%9B%99%E5%AD%90%E8%91%89%E6%A4%8D%E7%89%A9%20&oid=1115739 HTTP/1.1" 200 3537
66.249.71.60 - - [19/Apr/2016:07:17:23 +0800] "GET /content/repository/resource_content.jsp?oid=2543746 HTTP/1.1" 200 28994
66.249.71.60 - - [19/Apr/2016:07:17:44 +0800] "GET /content/nav/relationSubject.jsp?relationWords=%E5%8F%B0%E7%81%A3%E6%9C%A8%E9%80%9A%20%E6%9C%A8%E9%80%9A%20%E6%9C%A8%E9%80%9A%E5%B1%AC%20%E6%A4%8D%E7%89%A9%E7%95%8C%20%E6%AF%9B%E8%8C%9B%20%E9%95%B7%E5%BA%8F%E6%9C%A8%E9%80%9A%20&oid=1458729 HTTP/1.1" 200 3439
66.249.79.200 - - [19/Apr/2016:07:18:00 +0800] "GET /content/repository/resource_content.jsp?oid=1616896 HTTP/1.1" 200 28953
66.249.77.97 - - [19/Apr/2016:07:18:13 +0800] "GET /content/nav/relationSubject.jsp?relationWords=%E5%B7%A1%E6%92%AB+%E7%A7%91%E8%88%89+&oid=2513253 HTTP/1.1" 200 5186
66.249.77.91 - - [19/Apr/2016:07:18:35 +0800] "GET /content/repository/resource_content.jsp?oid=1570309&queryString=%E7%81%AB%E7%82%8E%E5%B1%B1 HTTP/1.1" 200 29261
66.249.79.200 - - [19/Apr/2016:07:19:11 +0800] "GET /content/repository/resource_content.jsp?oid=2674619&queryString=%E5%A4%A7%E4%BD%BF%20%E9%B9%BD%E5%8B%99%20%E9%B9%BD%E8%AA%B2 HTTP/1.1" 200 30261
66.249.71.60 - - [19/Apr/2016:07:19:20 +0800] "GET /content/nav/relationSubject.jsp?relationWords=%E5%AE%89%E5%85%A8%E6%A1%88+%E6%B0%B4%E5%88%A9%E5%B1%80+%E6%B0%B4%E5%A3%A9+%E7%89%9B%E7%A8%A0%E6%BA%AA+%E7%B6%AD%E5%AE%89+&oid=1558805 HTTP/1.1" 200 5009
66.249.77.91 - - [19/Apr/2016:07:19:46 +0800] "GET /content/subject/resource_content.jsp?oid=16777826&queryType=qs&queryString=%E7%89%B9%E7%94%9F%E4%B8%AD%E5%BF%83 HTTP/1.1" 200 32651
157.55.39.178 - - [19/Apr/2016:07:19:47 +0800] "GET /content/nav/relationSubject.jsp?relationWords=%E6%9E%97%E7%A5%96%E5%A3%BD+%E8%93%AE%E8%88%AB+&oid=16777654 HTTP/1.1" 200 2701
66.249.71.60 - - [19/Apr/2016:07:20:06 +0800] "GET /content/nav/relationSubject.jsp?relationWords=&oid=2577479 HTTP/1.1" 200 1405
66.249.71.60 - - [19/Apr/2016:07:20:22 +0800] "GET /content/repository/resource_content.jsp?oid=2581996 HTTP/1.1" 200 29167
66.249.71.23 - - [19/Apr/2016:07:20:58 +0800] "GET /digiarch3/content/subject/resource_content.jsp?oid=16777789&queryType=qs&queryString=%E5%9F%BA%E9%87%91%E6%9C%83 HTTP/1.1" 200 47230
66.249.71.60 - - [19/Apr/2016:07:20:59 +0800] "GET /content/nav/relationSubject.jsp?relationWords=%E5%BA%9C%E5%BB%BA%E6%B0%B4+%E6%94%94%E6%B2%B3%E5%A0%B0+%E6%B0%B4%E5%AD%97+%E9%9B%86%E9%9B%86+&oid=1629973 HTTP/1.1" 200 3619
66.249.71.60 - - [19/Apr/2016:07:21:02 +0800] "GET /content/nav/relationSubject.jsp?relationWords=%E5%BA%9C%E5%BB%BA%E6%B0%B4%20%E6%94%94%E6%B2%B3%E5%A0%B0%20%E6%B0%B4%E5%AD%97%20%E9%9B%86%E9%9B%86%20&oid=1629973 HTTP/1.1" 200 3619
111.82.91.132 - - [19/Apr/2016:07:21:13 +0800] "GET /content/subject/resource_content.jsp?oid=16777599&queryType=qc HTTP/1.1" 200 36988
111.82.91.132 - - [19/Apr/2016:07:21:14 +0800] "GET /content/nav/relationSubject.jsp?relationWords=%E5%8D%83%E5%B9%B4%E6%A1%90+%E6%A1%90%E8%8A%B1+%E6%B2%B9%E6%A1%90+&oid=16777599 HTTP/1.1" 200 3738
66.249.71.60 - - [19/Apr/2016:07:21:33 +0800] "GET /content/repository/resource_content.jsp?oid=2541097 HTTP/1.1" 200 28311
66.249.79.200 - - [19/Apr/2016:07:21:53 +0800] "GET /content/nav/relationSubject.jsp?relationWords=&oid=2548869 HTTP/1.1" 200 1405
101.12.81.2 - - [19/Apr/2016:07:21:54 +0800] "GET /content/repository/resource_content.jsp?oid=16497&queryType=qs&queryString=%E5%96%AE%E6%A3%98%E9%AD%A8 HTTP/1.1" 200 34853
101.12.81.2 - - [19/Apr/2016:07:21:57 +0800] "GET /content/nav/relationSubject.jsp?relationWords=%E5%89%9D%E7%9A%AE%E9%AD%9A+%E5%96%AE%E6%A3%98%E9%AD%A8+%E5%96%AE%E6%A3%98%E9%AD%A8%E7%A7%91+%E6%96%91%E5%88%BA%E9%BC%BB%E5%96%AE%E6%A3%98+%E6%96%91%E5%88%BA%E9%BC%BB%E5%96%AE%E6%A3%98%E9%AD%A8+%E6%A3%98%E9%AD%A8+%E7%B4%B0%E6%96%91+%E9%AD%A8%E7%A7%91+&oid=16497 HTTP/1.1" 200 3770
66.249.71.113 - - [19/Apr/2016:07:22:09 +0800] "GET /content/repository/resource_content.jsp?oid=1893703&queryType=qs&queryString=%E9%8D%BE%E7%B4%B9%E5%92%8C HTTP/1.1" 200 29221
124.8.73.180 - - [19/Apr/2016:07:22:15 +0800] "GET /content/subject/resource_content.jsp?oid=16797240&queryType=qc HTTP/1.1" 200 42460
66.249.71.105 - - [19/Apr/2016:07:22:19 +0800] "GET /content/nav/relationSubject.jsp?relationWords=%E7%9A%AE%E9%95%B7%E8%A1%A3+%E9%AD%AF%E5%87%B1%E6%97%8F+&oid=1782525 HTTP/1.1" 200 3038
66.249.71.113 - - [19/Apr/2016:07:22:20 +0800] "GET /content/nav/relationSubject.jsp?relationWords=&oid=4362268 HTTP/1.1" 200 1405
66.249.79.200 - - [19/Apr/2016:07:22:45 +0800] "GET /content/subject/resource_content.jsp?oid=16777287&queryType=qc HTTP/1.1" 200 33592
66.249.71.60 - - [19/Apr/2016:07:22:45 +0800] "GET /content/repository/resource_content.jsp?oid=2513560 HTTP/1.1" 200 30080
66.249.71.60 - - [19/Apr/2016:07:22:47 +0800] "GET /content/nav/relationSubject.jsp?relationWords=%E5%B7%A1%E6%92%AB+%E7%A7%8B%E6%B1%BA+%E7%B5%9E%E7%9B%A3%E5%80%99+&oid=2539057 HTTP/1.1" 200 3169
66.249.71.60 - - [19/Apr/2016:07:22:49 +0800] "GET /content/nav/relationSubject.jsp?relationWords=%E5%B7%A1%E6%92%AB%20%E7%A7%8B%E6%B1%BA%20%E7%B5%9E%E7%9B%A3%E5%80%99%20&oid=2539057 HTTP/1.1" 200 3169
66.249.71.60 - - [19/Apr/2016:07:23:18 +0800] "GET /content/nav/relationSubject.jsp?relationWords=%E6%87%B6%E9%9B%B2+%E6%A5%8A%E5%8F%8B%E6%BF%82+%E6%A5%8A%E9%9B%B2%E8%90%8D+%E8%8B%97%E5%9C%83+%E8%B3%B4%E5%92%8C+&oid=2470832 HTTP/1.1" 200 3407
66.249.71.60 - - [19/Apr/2016:07:23:20 +0800] "GET /content/repository/resource_content.jsp?oid=1126219 HTTP/1.1" 200 31884
66.249.71.60 - - [19/Apr/2016:07:23:32 +0800] "GET /content/nav/relationSubject.jsp?relationWords=%E5%A4%A7%E6%88%9F%20%E6%A4%8D%E7%89%A9%E7%95%8C%20%E7%90%89%E7%90%83%E9%BB%83%E6%A5%8A%20%E9%BB%83%E6%A5%8A%E5%B1%AC%20%E9%BB%83%E6%A5%8A%E7%A7%91%20&oid=1109618 HTTP/1.1" 200 3385
124.8.73.180 - - [19/Apr/2016:07:23:39 +0800] "GET /content/nav/relationSubject.jsp?relationWords=&oid=16797240 HTTP/1.1" 200 1405
66.249.71.60 - - [19/Apr/2016:07:23:56 +0800] "GET /content/repository/resource_content.jsp?oid=2590234 HTTP/1.1" 200 29917
66.249.71.60 - - [19/Apr/2016:07:24:18 +0800] "GET /content/nav/relationSubject.jsp?relationWords=%E5%90%8C%E5%AE%89%E7%B8%A3+&oid=2639428 HTTP/1.1" 200 3121
66.249.77.91 - - [19/Apr/2016:07:24:32 +0800] "GET /content/repository/resource_content.jsp?oid=14337&queryString=%E4%B8%81%E9%A6%99%E9%B1%99%20%E5%81%B4%E5%B8%B6%E5%B0%8F%E5%85%AC%E9%AD%9A%20%E5%8D%B0%E5%BA%A6%E5%B0%8F%E5%85%AC%E9%AD%9A%20%E6%83%A1%E9%B1%99%20%E7%99%BD%E9%AA%A8%E9%B1%99%20%E8%8B%A6%E9%B1%99%20%E9%AF%B7%E7%A7%91 HTTP/1.1" 200 34507
66.249.71.121 - - [19/Apr/2016:07:25:07 +0800] "GET /content/repository/resource_content.jsp?oid=2677410&queryType=qs&queryString=%E6%B4%AA%E6%AD%A6 HTTP/1.1" 200 29216
66.249.71.60 - - [19/Apr/2016:07:25:33 +0800] "GET /content/nav/relationSubject.jsp?relationWords=%E6%A5%9A%E5%85%AC%E5%AE%B6%E9%90%98+&oid=1823399 HTTP/1.1" 200 3261
68.180.230.90 - - [19/Apr/2016:07:25:41 +0800] "GET /content/repository/resource_content.jsp?oid=1112288 HTTP/1.1" 200 29912
66.249.71.121 - - [19/Apr/2016:07:25:43 +0800] "GET /content/repository/resource_content.jsp?oid=2682895&queryType=qs&queryString=%E6%BD%98%E6%A1%83%E5%8F%A3 HTTP/1.1" 200 30536
66.249.79.200 - - [19/Apr/2016:07:26:10 +0800] "GET /content/nav/relationSubject.jsp?relationWords=%E4%BD%8E%E5%88%A9%E8%B2%B8%E6%AC%BE+%E6%90%B6%E4%BF%AE+%E6%B3%A2%E5%AF%86%E6%8B%89+%E8%8C%B6%E8%BE%B2+%E9%A2%A8%E7%81%BD+&oid=1560681 HTTP/1.1" 200 4152
66.249.71.60 - - [19/Apr/2016:07:26:14 +0800] "GET /content/nav/relationSubject.jsp?relationWords=%E4%BD%8E%E5%88%A9%E8%B2%B8%E6%AC%BE%20%E6%90%B6%E4%BF%AE%20%E6%B3%A2%E5%AF%86%E6%8B%89%20%E8%8C%B6%E8%BE%B2%20%E9%A2%A8%E7%81%BD%20&oid=1560681 HTTP/1.1" 200 4152
66.249.71.105 - - [19/Apr/2016:07:26:19 +0800] "GET /content/repository/resource_content.jsp?oid=2681931&queryType=qs&queryString=%E6%BA%96%E5%99%B6%E7%88%BE HTTP/1.1" 200 30572
223.141.236.152 - - [19/Apr/2016:07:26:32 +0800] "GET /content/subject/resource_content.jsp?oid=16777443 HTTP/1.1" 200 40095
223.141.236.152 - - [19/Apr/2016:07:26:32 +0800] "GET /content/nav/relationSubject.jsp?relationWords=%E7%BE%85%E6%BC%A2%E6%9D%BE+%E8%98%AD%E5%B6%BC%E7%BE%85%E6%BC%A2%E6%9D%BE+%E9%81%94%E6%82%9F+%E9%81%94%E6%82%9F%E6%97%8F+%E9%9B%85%E7%BE%8E+%E9%9B%85%E7%BE%8E%E6%97%8F+&oid=16777443 HTTP/1.1" 200 4289
66.249.71.113 - - [19/Apr/2016:07:26:55 +0800] "GET /content/repository/resource_content.jsp?oid=2661525&queryType=qs&queryString=%E5%82%85%E6%81%86 HTTP/1.1" 200 30356
66.249.71.105 - - [19/Apr/2016:07:27:30 +0800] "GET /content/repository/resource_content.jsp?oid=15160&queryType=qs&queryString=%E9%95%B7%E9%B0%AD%E5%A4%A9%E7%AB%BA%E9%AF%9B HTTP/1.1" 200 34983
66.249.71.105 - - [19/Apr/2016:07:28:06 +0800] "GET /content/repository/resource_content.jsp?oid=2681669&queryType=qs&queryString=%E9%89%9B%E8%88%A1 HTTP/1.1" 200 30721
66.249.71.60 - - [19/Apr/2016:07:28:15 +0800] "GET /content/nav/relationSubject.jsp?relationWords=%E9%9B%B2%E9%9B%B7%E7%B4%8B%E5%88%97%E9%BC%8E+&oid=1848630 HTTP/1.1" 200 3044
66.249.71.60 - - [19/Apr/2016:07:28:19 +0800] "GET /content/nav/relationSubject.jsp?relationWords=%E9%9B%B2%E9%9B%B7%E7%B4%8B%E5%88%97%E9%BC%8E%20&oid=1848630 HTTP/1.1" 200 3044
66.249.71.105 - - [19/Apr/2016:07:28:42 +0800] "GET /content/repository/resource_content.jsp?oid=1887630&queryType=qs&queryString=%E9%9B%85%E5%A0%82%E6%9B%B8%E5%B1%80 HTTP/1.1" 200 27739
66.249.71.60 - - [19/Apr/2016:07:28:49 +0800] "GET /content/nav/relationSubject.jsp?relationWords=%E5%90%8F%E9%83%A8+&oid=2687820 HTTP/1.1" 200 3101
66.249.71.60 - - [19/Apr/2016:07:28:51 +0800] "GET /content/nav/relationSubject.jsp?relationWords=%E5%90%8F%E9%83%A8%20&oid=2687820 HTTP/1.1" 200 3101
66.249.71.5 - - [19/Apr/2016:07:29:12 +0800] "GET /digiarch3/content/nav/relationSubject.jsp?relationWords=%E5%8D%8A%E6%96%91%E9%BB%83%E5%A7%91%E9%AD%9A+%E7%9F%B3%E9%A6%96%E9%AD%9A%E7%A7%91+%E9%BB%83%E5%A7%91%E9%AD%9A+%E9%BB%83%E9%AD%9A+&oid=15456 HTTP/1.1" 200 3523
66.249.71.5 - - [19/Apr/2016:07:29:14 +0800] "GET /digiarch3/content/nav/relationSubject.jsp?relationWords=%E5%8D%8A%E6%96%91%E9%BB%83%E5%A7%91%E9%AD%9A%20%E7%9F%B3%E9%A6%96%E9%AD%9A%E7%A7%91%20%E9%BB%83%E5%A7%91%E9%AD%9A%20%E9%BB%83%E9%AD%9A%20&oid=15456 HTTP/1.1" 200 3523
66.249.79.200 - - [19/Apr/2016:07:29:18 +0800] "GET /content/repository/resource_content.jsp?oid=1551506 HTTP/1.1" 200 28824
66.249.71.60 - - [19/Apr/2016:07:29:53 +0800] "GET /content/repository/resource_content.jsp?oid=2575311 HTTP/1.1" 200 29038
66.249.71.60 - - [19/Apr/2016:07:30:29 +0800] "GET /content/repository/resource_content.jsp?oid=1560954 HTTP/1.1" 200 28741
66.249.79.200 - - [19/Apr/2016:07:30:36 +0800] "GET /content/nav/relationSubject.jsp?relationWords=%E5%AD%90%E5%AE%88%E5%94%84+%E6%80%9D%E6%83%B3+%E7%9A%87%E6%B0%91%E5%A5%89%E5%85%AC%E6%9C%83+%E8%88%88%E4%BA%9E+&oid=2470502 HTTP/1.1" 200 6578
106.120.173.84 - - [19/Apr/2016:07:30:42 +0800] "GET /content/subject/resource_content.jsp?oid=16777720&queryType=qc HTTP/1.1" 200 29887
66.249.71.60 - - [19/Apr/2016:07:31:03 +0800] "GET /content/nav/relationSubject.jsp?relationWords=%E5%B7%A5%E9%83%A8+&oid=2688821 HTTP/1.1" 200 3071
66.249.71.60 - - [19/Apr/2016:07:31:05 +0800] "GET /content/repository/resource_content.jsp?oid=1561269 HTTP/1.1" 200 28854
66.249.71.105 - - [19/Apr/2016:07:31:40 +0800] "GET /content/repository/resource_content.jsp?oid=2669146&queryType=qs&queryString=%E5%B7%A6%E7%BF%BC%E7%A8%85 HTTP/1.1" 200 30229
66.249.71.105 - - [19/Apr/2016:07:31:50 +0800] "GET /content/nav/relationSubject.jsp?relationWords=%E9%83%BD%E5%AF%9F%E9%99%A2+&oid=2682834 HTTP/1.1" 200 3075
66.249.79.61 - - [19/Apr/2016:07:31:56 +0800] "GET /content/nav/relationSubject.jsp?relationWords=%E6%9E%97%E8%B3%87%E5%BD%AC+%E8%B3%80%E5%B9%B4%E6%98%8E%E4%BF%A1%E7%89%87+&oid=2470735 HTTP/1.1" 200 3276
66.249.71.105 - - [19/Apr/2016:07:32:16 +0800] "GET /content/repository/resource_content.jsp?oid=2563563&queryType=qs&queryString=%E7%B7%AC%E5%8C%AA HTTP/1.1" 200 29880
66.249.77.97 - - [19/Apr/2016:07:32:18 +0800] "GET /content/nav/relationSubject.jsp?relationWords=%E4%B8%8A%E8%AB%AD+%E5%90%8F%E9%83%A8+&oid=2689674 HTTP/1.1" 200 3106
66.249.71.105 - - [19/Apr/2016:07:32:52 +0800] "GET /content/repository/resource_content.jsp?oid=2606502&queryType=qs&queryString=%E6%B5%B7%E8%98%AD HTTP/1.1" 200 30282
61.89.197.82 - - [19/Apr/2016:07:32:54 +0800] "GET /content/subject/resource_content.jsp?oid=16777753 HTTP/1.1" 200 36831
61.89.197.82 - - [19/Apr/2016:07:33:00 +0800] "GET /content/nav/relationSubject.jsp?relationWords=GIS+%E6%95%B8%E4%BD%8D%E5%85%B8%E8%97%8F+%E9%81%99%E6%B8%AC+%E9%81%99%E6%B8%AC%E5%BD%B1%E5%83%8F+&oid=16777753 HTTP/1.1" 200 9620
66.249.71.5 - - [19/Apr/2016:07:33:20 +0800] "GET /digiarch3/content/nav/relationSubject.jsp?relationWords=%E6%89%81%E9%AF%8A+%E6%93%AC%E8%83%8C%E6%96%91+%E7%90%B5%E7%90%B6%E9%AE%AB+&oid=14159 HTTP/1.1" 200 4457
66.249.71.105 - - [19/Apr/2016:07:33:27 +0800] "GET /content/repository/resource_content.jsp?oid=1524200&queryType=qs&queryString=%E5%A4%A7%E5%85%A7%E9%84%89 HTTP/1.1" 200 29037
66.249.71.72 - - [19/Apr/2016:07:33:51 +0800] "GET /content/nav/relationSubject.jsp?relationWords=&oid=2617671 HTTP/1.1" 200 1405
66.249.71.105 - - [19/Apr/2016:07:34:03 +0800] "GET /content/repository/resource_content.jsp?oid=279292&queryType=qs&queryString=%E6%B7%AE%E9%99%BD HTTP/1.1" 200 31091
66.249.71.64 - - [19/Apr/2016:07:34:24 +0800] "GET /content/nav/relationSubject.jsp?relationWords=%E9%99%B8%E6%B8%AC%E5%9C%96+&oid=220468 HTTP/1.1" 200 3079
66.249.71.60 - - [19/Apr/2016:07:34:25 +0800] "GET /content/nav/relationSubject.jsp?relationWords=%E9%99%B8%E6%B8%AC%E5%9C%96%20&oid=220468 HTTP/1.1" 200 3079
66.249.71.60 - - [19/Apr/2016:07:34:39 +0800] "GET /content/repository/resource_content.jsp?oid=701397 HTTP/1.1" 200 29001
61.89.197.82 - - [19/Apr/2016:07:34:40 +0800] "GET /content/subject/resource_content.jsp?oid=16777753 HTTP/1.1" 200 36831
66.249.71.60 - - [19/Apr/2016:07:34:54 +0800] "GET /content/nav/relationSubject.jsp?relationWords=%E6%9C%A8%E9%BA%BB%E9%BB%83+%E6%9C%A8%E9%BA%BB%E9%BB%83%E5%B1%AC+%E6%A4%8D%E7%89%A9%E7%95%8C+%E9%9B%99%E5%AD%90%E8%91%89%E6%A4%8D%E7%89%A9+%E9%BA%BB%E9%BB%83%E7%A7%91+&oid=1106358 HTTP/1.1" 200 3401
66.249.71.60 - - [19/Apr/2016:07:35:14 +0800] "GET /content/repository/resource_content.jsp?oid=2535103 HTTP/1.1" 200 28843
59.115.192.95 - - [19/Apr/2016:07:35:17 +0800] "GET /content/nav/relationSubject.jsp?relationWords=&oid=16777576 HTTP/1.1" 200 1405
66.249.71.60 - - [19/Apr/2016:07:35:50 +0800] "GET /content/repository/resource_content.jsp?oid=1552443 HTTP/1.1" 200 28784
223.138.172.20 - - [19/Apr/2016:07:36:24 +0800] "GET /content/repository/resource_content.jsp?oid=1107677&queryString=%E4%BA%94%E5%8A%A0%E7%A7%91%20%E5%88%BA%E8%94%A5%E5%B1%AC%20%E6%A4%8D%E7%89%A9%E7%95%8C%20%E9%A3%9F%E7%94%A8%E5%9C%9F%E7%95%B6%E6%AD%B8 HTTP/1.1" 200 31346
66.249.71.60 - - [19/Apr/2016:07:36:26 +0800] "GET /content/repository/resource_content.jsp?oid=2577519 HTTP/1.1" 200 29035
223.138.172.20 - - [19/Apr/2016:07:36:26 +0800] "GET /content/nav/relationSubject.jsp?relationWords=%E4%BA%94%E5%8A%A0%E7%A7%91+%E5%88%BA%E8%94%A5+%E5%88%BA%E8%94%A5%E5%B1%AC+%E5%9C%9F%E7%95%B6%E6%AD%B8+%E6%A4%8D%E7%89%A9%E7%95%8C+%E8%94%A5%E5%B1%AC+%E9%A3%9F%E7%94%A8%E5%9C%9F%E7%95%B6%E6%AD%B8+&oid=1107677 HTTP/1.1" 200 3470
1.174.142.239 - - [19/Apr/2016:07:36:33 +0800] "GET /content/nav/relationSubject.jsp?relationWords=%E7%83%8F%E5%BF%83%E7%9F%B3+%E9%B1%B8%E9%B0%BB+&oid=16777303 HTTP/1.1" 200 4004
66.249.71.14 - - [19/Apr/2016:07:37:02 +0800] "GET /digiarch3/content/repository/resource_content.jsp?oid=1617155&queryType=qs&queryString=%E6%9C%88%E4%B8%96%E7%95%8C HTTP/1.1" 200 28982
66.249.71.60 - - [19/Apr/2016:07:37:10 +0800] "GET /content/nav/relationSubject.jsp?relationWords=%E6%A4%8D%E7%89%A9%E7%95%8C+%E8%8F%9C%E8%B1%86%E5%B1%AC+%E8%A0%B6%E8%B1%86+%E8%B3%BD%E8%8A%BB%E8%B1%86+%E9%9B%99%E5%AD%90%E8%91%89%E6%A4%8D%E7%89%A9+&oid=2149928 HTTP/1.1" 200 3407
66.249.79.200 - - [19/Apr/2016:07:37:13 +0800] "GET /content/nav/relationSubject.jsp?relationWords=%E6%A4%8D%E7%89%A9%E7%95%8C%20%E8%8F%9C%E8%B1%86%E5%B1%AC%20%E8%A0%B6%E8%B1%86%20%E8%B3%BD%E8%8A%BB%E8%B1%86%20%E9%9B%99%E5%AD%90%E8%91%89%E6%A4%8D%E7%89%A9%20&oid=2149928 HTTP/1.1" 200 3407
66.249.71.60 - - [19/Apr/2016:07:37:37 +0800] "GET /content/repository/resource_content.jsp?oid=176628 HTTP/1.1" 200 30270
66.249.71.60 - - [19/Apr/2016:07:37:39 +0800] "GET /content/nav/relationSubject.jsp?relationWords=%E6%A4%8D%E7%89%A9%E7%95%8C+%E6%A6%95%E5%B1%AC+%E6%AD%A3%E6%A6%95+&oid=3825041 HTTP/1.1" 200 3216
66.249.71.60 - - [19/Apr/2016:07:37:45 +0800] "GET /content/nav/relationSubject.jsp?relationWords=%E9%80%A0%E5%83%8F%E8%A8%98%20%E9%80%A0%E8%B1%A1%20%E9%83%BD%E7%9D%A3%20&oid=1834386 HTTP/1.1" 200 3234
66.249.79.193 - - [19/Apr/2016:07:38:13 +0800] "GET /digiarch3/content/subject/resource_content.jsp?oid=16777407&queryType=qs&queryString=%E9%BB%83%E6%A8%B9 HTTP/1.1" 200 32036
66.249.71.60 - - [19/Apr/2016:07:39:24 +0800] "GET /content/repository/resource_content.jsp?oid=185126 HTTP/1.1" 200 30336
151.80.31.175 - - [19/Apr/2016:07:39:29 +0800] "GET /digiarch3/content/pictures/picture_content.jsp?oid=33554800 HTTP/1.1" 200 27525
66.249.79.186 - - [19/Apr/2016:07:40:01 +0800] "GET /content/repository/resource_content.jsp?oid=2551804&queryString=%E4%BD%BF%E8%87%A3%20%E5%85%83%E9%A6%96%20%E5%8F%A4%E8%A3%9D%20%E9%95%B7%E8%A2%8D HTTP/1.1" 200 29995
66.249.77.85 - - [19/Apr/2016:07:40:33 +0800] "GET /content/nav/relationSubject.jsp?relationWords=%E7%9F%B3%E9%A6%96%E9%AD%9A%E7%A7%91+%E9%9B%99%E6%A3%98+%E9%AE%B8%E4%BB%94%E9%AD%9A+%E9%BB%83%E5%A7%91%E9%AD%9A+&oid=15462 HTTP/1.1" 200 3468
66.249.77.91 - - [19/Apr/2016:07:40:34 +0800] "GET /content/nav/relationSubject.jsp?relationWords=%E7%9F%B3%E9%A6%96%E9%AD%9A%E7%A7%91%20%E9%9B%99%E6%A3%98%20%E9%AE%B8%E4%BB%94%E9%AD%9A%20%E9%BB%83%E5%A7%91%E9%AD%9A%20&oid=15462 HTTP/1.1" 200 3468
66.249.71.60 - - [19/Apr/2016:07:40:36 +0800] "GET /content/repository/resource_content.jsp?oid=2574958 HTTP/1.1" 200 28953
66.249.71.60 - - [19/Apr/2016:07:41:03 +0800] "GET /content/nav/relationSubject.jsp?relationWords=&oid=2605132 HTTP/1.1" 200 1405
66.249.71.5 - - [19/Apr/2016:07:41:06 +0800] "GET /digiarch3/content/nav/relationSubject.jsp?relationWords=&oid=2677077 HTTP/1.1" 200 1405
66.249.79.200 - - [19/Apr/2016:07:41:12 +0800] "GET /content/repository/resource_content.jsp?oid=2576245 HTTP/1.1" 200 29241
66.249.71.60 - - [19/Apr/2016:07:41:47 +0800] "GET /content/repository/resource_content.jsp?oid=14774&queryString=%E8%8F%B1%E9%AF%9B%20%E9%AB%98%E8%8F%B1%E9%AF%9B HTTP/1.1" 200 33924
66.249.71.60 - - [19/Apr/2016:07:42:23 +0800] "GET /digiarch_en/content/repository/resource_content.jsp?oid=4361957&queryString=%E9%96%8B%E6%BC%B3%E8%81%96%E7%8E%8B HTTP/1.1" 200 33759
66.249.71.60 - - [19/Apr/2016:07:43:55 +0800] "GET /content/nav/relationSubject.jsp?relationWords=%E7%B6%81%E8%85%BF%E5%B8%83+&oid=1780821 HTTP/1.1" 200 2976
66.249.71.60 - - [19/Apr/2016:07:43:59 +0800] "GET /content/nav/relationSubject.jsp?relationWords=%E7%B6%81%E8%85%BF%E5%B8%83%20&oid=1780821 HTTP/1.1" 200 2976
66.249.71.60 - - [19/Apr/2016:07:44:10 +0800] "GET /digiarch_en/content/subject/resource_content.jsp?oid=16777360&queryString=%E6%96%87%E7%89%A9%E9%99%B3%E5%88%97%E9%A4%A8%20%E6%BC%A2%E4%BB%A3%20%E6%BC%A2%E7%B0%A1%20%E7%AF%86%E6%9B%B8%20%E8%8D%89%E6%9B%B8%20%E9%9A%B8%E6%9B%B8 HTTP/1.1" 200 42665
66.249.71.60 - - [19/Apr/2016:07:44:46 +0800] "GET /content/repository/resource_content.jsp?oid=14976&queryString=%E4%B9%9D%E5%88%BA%E9%AE%A8 HTTP/1.1" 200 35402
39.13.87.153 - - [19/Apr/2016:07:44:47 +0800] "GET /content/repository/resource_content.jsp?oid=16497&queryType=qs&queryString=%E5%96%AE%E6%A3%98%E9%AD%A8 HTTP/1.1" 200 34853
39.13.87.153 - - [19/Apr/2016:07:44:49 +0800] "GET /content/nav/relationSubject.jsp?relationWords=%E5%89%9D%E7%9A%AE%E9%AD%9A+%E5%96%AE%E6%A3%98%E9%AD%A8+%E5%96%AE%E6%A3%98%E9%AD%A8%E7%A7%91+%E6%96%91%E5%88%BA%E9%BC%BB%E5%96%AE%E6%A3%98+%E6%96%91%E5%88%BA%E9%BC%BB%E5%96%AE%E6%A3%98%E9%AD%A8+%E6%A3%98%E9%AD%A8+%E7%B4%B0%E6%96%91+%E9%AD%A8%E7%A7%91+&oid=16497 HTTP/1.1" 200 3770
66.249.71.194 - - [19/Apr/2016:07:45:21 +0800] "GET /content/repository/resource_content.jsp?oid=1124521&queryString=%E7%AD%89%E9%82%8A%E8%9B%A4%20%E7%B0%BE%E8%9B%A4%20%E7%B0%BE%E8%9B%A4%E7%9B%AE%20%E7%B0%BE%E8%9B%A4%E7%A7%91%20%E8%8A%B1%E8%9B%A4%20%E8%8A%B1%E8%9B%A4%E4%BB%94%20%E8%9B%A4%E4%BB%94%20%E8%9B%A4%E7%A7%91%20%E9%9B%99%E6%AE%BC%E7%B6%B1 HTTP/1.1" 200 36461
66.249.71.105 - - [19/Apr/2016:07:45:46 +0800] "GET /content/nav/relationSubject.jsp?relationWords=%E7%A5%AD%E5%84%80+%E9%BB%83%E9%80%B2+&oid=4388142 HTTP/1.1" 200 4075
66.249.71.113 - - [19/Apr/2016:07:45:48 +0800] "GET /content/nav/relationSubject.jsp?relationWords=%E7%A5%AD%E5%84%80%20%E9%BB%83%E9%80%B2%20&oid=4388142 HTTP/1.1" 200 4075
66.249.71.60 - - [19/Apr/2016:07:46:24 +0800] "GET /content/nav/relationSubject.jsp?relationWords=%E7%B4%85%E5%B8%B6%E6%B5%B7%E7%B7%8B%E9%AF%89+%E9%AC%9A%E9%AF%9B%E7%A7%91+&oid=24760 HTTP/1.1" 200 3235
66.249.71.60 - - [19/Apr/2016:07:46:25 +0800] "GET /content/nav/relationSubject.jsp?relationWords=%E7%B4%85%E5%B8%B6%E6%B5%B7%E7%B7%8B%E9%AF%89%20%E9%AC%9A%E9%AF%9B%E7%A7%91%20&oid=24760 HTTP/1.1" 200 3235
66.249.71.188 - - [19/Apr/2016:07:46:33 +0800] "GET /content/subject/resource_content.jsp?oid=16777595&queryType=qs&queryString=%E8%81%AF%E5%90%88%E7%9B%AE%E9%8C%84 HTTP/1.1" 200 42850
123.205.139.10 - - [19/Apr/2016:07:46:48 +0800] "GET /content/nav/relationSubject.jsp?relationWords=&oid=16777576 HTTP/1.1" 200 1405
66.249.71.23 - - [19/Apr/2016:07:47:08 +0800] "GET /content/repository/resource_content.jsp?oid=1893951&queryString=%E9%99%B3%E9%80%B2 HTTP/1.1" 200 28935
66.249.71.60 - - [19/Apr/2016:07:47:43 +0800] "GET /digiarch_en/content/nav/relationSubject.jsp?relationWords=%E5%B7%A1%E7%8B%A9+%E7%8E%8B%E8%88%B9+&oid=16777846 HTTP/1.1" 200 4746
66.249.71.60 - - [19/Apr/2016:07:47:45 +0800] "GET /content/repository/resource_content.jsp?oid=1834335 HTTP/1.1" 200 30537
