66.249.71.64 - - [27/Mar/2016:07:03:36 +0800] "GET /content/subject/resource_content.jsp?oid=16777578 HTTP/1.1" 200 34335
66.249.71.64 - - [27/Mar/2016:07:04:36 +0800] "GET /content/repository/resource_content.jsp?oid=2146689&queryString=%E6%9D%9C%E9%B5%91%E8%8A%B1%20%E6%9D%9C%E9%B5%91%E8%8A%B1%E5%B1%AC%20%E6%9D%9C%E9%B5%91%E8%8A%B1%E7%A7%91%20%E6%A4%8D%E7%89%A9%E7%95%8C%20%E8%91%97%E7%94%9F%E6%9D%9C%E9%B5%91 HTTP/1.1" 200 31770
66.249.77.91 - - [27/Mar/2016:07:04:57 +0800] "GET /content/nav/relationSubject.jsp?relationWords=&oid=1849345 HTTP/1.1" 200 1405
66.249.71.60 - - [27/Mar/2016:07:05:05 +0800] "GET /content/repository/resource_content.jsp?oid=1107696&queryString=%E7%A7%8B%E6%B5%B7%E6%A3%A0 HTTP/1.1" 200 31845
66.249.77.97 - - [27/Mar/2016:07:05:46 +0800] "GET /content/nav/relationSubject.jsp?relationWords=%E5%A0%B1%E9%A4%A8+%E8%88%8A%E9%87%91%E5%B1%B1+&oid=747060 HTTP/1.1" 200 3877
66.249.79.27 - - [27/Mar/2016:07:05:48 +0800] "GET /content/nav/relationSubject.jsp?relationWords=%E5%A0%B1%E9%A4%A8%20%E8%88%8A%E9%87%91%E5%B1%B1%20&oid=747060 HTTP/1.1" 200 3877
66.249.74.63 - - [27/Mar/2016:07:07:16 +0800] "GET /content/nav/relationSubject.jsp?relationWords=%E6%BC%A2%E6%9C%AC%E5%A0%82+&oid=3405395 HTTP/1.1" 200 3117
66.249.71.105 - - [27/Mar/2016:07:07:18 +0800] "GET /content/nav/relationSubject.jsp?relationWords=%E6%BC%A2%E6%9C%AC%E5%A0%82%20&oid=3405395 HTTP/1.1" 200 3117
66.249.71.5 - - [27/Mar/2016:07:07:56 +0800] "GET /content/nav/relationSubject.jsp?relationWords=%E5%90%8C%E7%9F%A5+%E5%90%8F%E9%83%A8+%E6%B7%AE%E5%8D%97+&oid=2673548 HTTP/1.1" 200 4062
66.249.71.5 - - [27/Mar/2016:07:07:58 +0800] "GET /content/nav/relationSubject.jsp?relationWords=%E5%90%8C%E7%9F%A5%20%E5%90%8F%E9%83%A8%20%E6%B7%AE%E5%8D%97%20&oid=2673548 HTTP/1.1" 200 4062
66.249.71.72 - - [27/Mar/2016:07:08:03 +0800] "GET /content/subject/resource_content.jsp?oid=16777424 HTTP/1.1" 200 38672
66.249.71.60 - - [27/Mar/2016:07:08:27 +0800] "GET /content/nav/relationSubject.jsp?relationWords=%E5%AE%89%E5%B9%B3%E9%AD%9A+%E6%B5%B7%E8%8D%89%E9%AD%9A+%E8%8D%89%E9%AD%9A+%E8%99%B1%E7%9B%AE%E9%AD%9A+%E8%99%B1%E9%BA%BB%E9%AD%9A+%E9%81%AE%E7%9B%AE%E9%AD%9A+&oid=14376 HTTP/1.1" 200 3535
66.249.71.60 - - [27/Mar/2016:07:08:28 +0800] "GET /content/nav/relationSubject.jsp?relationWords=%E5%AE%89%E5%B9%B3%E9%AD%9A%20%E6%B5%B7%E8%8D%89%E9%AD%9A%20%E8%8D%89%E9%AD%9A%20%E8%99%B1%E7%9B%AE%E9%AD%9A%20%E8%99%B1%E9%BA%BB%E9%AD%9A%20%E9%81%AE%E7%9B%AE%E9%AD%9A%20&oid=14376 HTTP/1.1" 200 3535
66.249.71.60 - - [27/Mar/2016:07:09:21 +0800] "GET /content/nav/relationSubject.jsp?relationWords=%E7%89%8C%E7%85%A7%E7%A8%85+%E8%A5%BF%E8%9E%BA%E5%A4%A7%E6%A9%8B+&oid=1539207 HTTP/1.1" 200 5135
66.249.71.72 - - [27/Mar/2016:07:09:23 +0800] "GET /content/nav/relationSubject.jsp?relationWords=%E7%89%8C%E7%85%A7%E7%A8%85%20%E8%A5%BF%E8%9E%BA%E5%A4%A7%E6%A9%8B%20&oid=1539207 HTTP/1.1" 200 5135
66.249.71.60 - - [27/Mar/2016:07:09:32 +0800] "GET /content/subject/resource_content.jsp?oid=16777424&queryType=qc HTTP/1.1" 200 38672
66.249.71.5 - - [27/Mar/2016:07:09:41 +0800] "GET /digiarch3/content/nav/relationSubject.jsp?relationWords=%E5%8A%9F%E6%9B%B9+%E5%BA%96%E5%BB%9A+%E6%AD%A6%E6%A2%81%E7%A5%A0+%E6%AD%A6%E6%A2%81%E7%A5%A0%E7%95%AB%E5%83%8F+%E8%99%95%E5%A3%AB+%E8%B1%AB%E8%AE%93+%E9%8D%BE%E9%9B%A2+%E9%9D%88%E7%95%B0+&oid=1806812 HTTP/1.1" 200 4228
66.249.71.60 - - [27/Mar/2016:07:09:58 +0800] "GET /content/subject/resource_content.jsp?oid=16777620 HTTP/1.1" 200 54819
220.181.108.177 - - [27/Mar/2016:07:10:17 +0800] "GET /content/subject/resource_content.jsp?oid=16777484&queryType=qc HTTP/1.1" 200 72135
66.249.71.60 - - [27/Mar/2016:07:10:23 +0800] "GET /content/nav/relationSubject.jsp?relationWords=%E4%B8%89%E9%87%8D%E5%B8%82+%E4%BA%94%E7%AD%86+%E4%BF%9D%E7%95%99%E5%9C%B0+%E5%85%AC%E5%B8%91+%E5%90%B3%E6%B8%85+%E5%9C%92%E8%97%9D+%E5%A3%AB%E6%9E%97%E9%8E%AE+%E5%BB%BA%E6%B0%91+%E6%8E%A8%E8%A1%8C%E6%A1%88+%E6%94%BE%E7%A7%9F+%E6%94%BF%E9%9B%84+%E6%96%B0%E6%95%99+%E6%9C%83%E8%AD%B0%E7%B4%80%E9%8C%84+%E6%9E%97%E6%B0%B4+%E6%A8%9F%E8%85%A6+%E6%A8%9F%E8%85%A6%E5%BB%A0+%E6%B0%91%E6%B3%95+%E6%B0%B4%E5%BA%9C+%E7%8F%BE%E7%8B%80+%E7%9C%81%E6%94%BF%E5%BA%9C+%E7%B0%A1%E6%AC%A3%E5%93%B2+%E8%80%95%E8%80%85%E6%9C%89%E5%85%B6%E7%94%B0+%E8%87%BA%E5%8C%97%E5%A4%A7%E6%A9%8B+%E8%87%BA%E7%81%A3%E7%9C%81%E8%AD%B0%E6%9C%83+%E8%89%B1%E6%A1%88+%E8%A1%9B%E7%94%9F%E6%89%80+%E8%A1%9B%E7%94%9F%E8%A1%8C%E6%94%BF+%E8%A3%BD%E8%85%A6+%E8%B2%A1%E6%94%BF%E9%A1%9E+%E8%B3%A3%E6%B8%A1+%E8%BE%B2%E6%9E%97%E9%A1%9E+%E9%90%B5%E8%B7%AF%E5%B1%80+%E9%9B%B2%E6%9E%97%E7%B8%A3%E6%94%BF%E5%BA%9C+&oid=1581498 HTTP/1.1" 200 5952
66.249.77.97 - - [27/Mar/2016:07:11:01 +0800] "GET /content/subject/resource_content.jsp?oid=16777360&queryType=qc HTTP/1.1" 200 45953
68.180.230.99 - - [27/Mar/2016:07:11:48 +0800] "GET /content/subject/resource_content.jsp?oid=16797240&queryType=qc HTTP/1.1" 200 42460
66.249.77.91 - - [27/Mar/2016:07:12:15 +0800] "GET /content/nav/relationSubject.jsp?relationWords=%E5%8D%B0%E5%BA%A6%E7%94%B0%E8%8F%81+%E6%A4%8D%E7%89%A9%E7%95%8C+%E7%94%B0%E8%8F%81+%E8%A0%B6%E8%B1%86+%E9%9B%99%E5%AD%90%E8%91%89%E6%A4%8D%E7%89%A9+&oid=2150402 HTTP/1.1" 200 3369
66.249.77.91 - - [27/Mar/2016:07:12:18 +0800] "GET /content/nav/relationSubject.jsp?relationWords=%E5%8D%B0%E5%BA%A6%E7%94%B0%E8%8F%81%20%E6%A4%8D%E7%89%A9%E7%95%8C%20%E7%94%B0%E8%8F%81%20%E8%A0%B6%E8%B1%86%20%E9%9B%99%E5%AD%90%E8%91%89%E6%A4%8D%E7%89%A9%20&oid=2150402 HTTP/1.1" 200 3369
66.249.71.5 - - [27/Mar/2016:07:12:39 +0800] "GET /digiarch3/content/subject/resource_content.jsp?oid=16777793&queryType=qs&queryString=%E5%AD%B8%E6%A0%A1%E6%95%99%E5%B8%AB HTTP/1.1" 200 42669
66.249.71.72 - - [27/Mar/2016:07:14:33 +0800] "GET /content/nav/relationSubject.jsp?relationWords=%E6%A4%8D%E7%89%A9%E7%95%8C+%E6%A6%95%E5%B1%AC+%E6%AD%A3%E6%A6%95+&oid=2144472 HTTP/1.1" 200 3216
66.249.71.60 - - [27/Mar/2016:07:14:39 +0800] "GET /content/nav/relationSubject.jsp?relationWords=%E6%A4%8D%E7%89%A9%E7%95%8C%20%E6%A6%95%E5%B1%AC%20%E6%AD%A3%E6%A6%95%20&oid=2144472 HTTP/1.1" 200 3216
66.249.79.24 - - [27/Mar/2016:07:14:59 +0800] "GET /content/nav/relationSubject.jsp?relationWords=%E5%B8%82%E8%AD%B0%E5%93%A1%20%E5%BB%A2%E6%A3%84%E7%89%A9%20%E6%B6%88%E9%98%B2%20%E8%99%95%E7%90%86%E6%8A%80%E8%A1%93%20%E8%AD%A6%E5%AF%9F%20%E9%84%89%E9%8E%AE%E9%95%B7%20&oid=1608352 HTTP/1.1" 200 5561
66.249.77.97 - - [27/Mar/2016:07:15:27 +0800] "GET /content/subject/resource_content.jsp?oid=16777601&queryType=qs&queryString=%E8%B2%B7%E8%B3%A3%E5%A5%91%E7%B4%84 HTTP/1.1" 200 59219
66.249.71.60 - - [27/Mar/2016:07:16:56 +0800] "GET /content/subject/resource_content.jsp?oid=16777297 HTTP/1.1" 200 31755
66.249.71.60 - - [27/Mar/2016:07:18:00 +0800] "GET /digiarch_en/content/repository/resource_content.jsp?oid=15833&queryString=%E5%B7%B4%E7%88%B6%E9%A0%B8%E9%B0%AD%E9%AD%9A%20%E9%9A%86%E9%A0%AD%E9%AD%9A%E7%A7%91 HTTP/1.1" 200 29282
66.249.74.98 - - [27/Mar/2016:07:18:25 +0800] "GET /content/subject/resource_content.jsp?oid=16777782&queryType=qc HTTP/1.1" 200 49009
66.249.71.23 - - [27/Mar/2016:07:19:29 +0800] "GET /content/nav/relationSubject.jsp?relationWords=%E5%A5%B3%E5%AD%90%E9%A0%AD%E9%A3%BE%E5%B8%B6+%E8%B3%BD%E5%A4%8F%E6%97%8F+%E9%A0%AD%E9%A3%BE+&oid=1783463 HTTP/1.1" 200 3141
66.249.71.5 - - [27/Mar/2016:07:19:31 +0800] "GET /content/nav/relationSubject.jsp?relationWords=%E5%A5%B3%E5%AD%90%E9%A0%AD%E9%A3%BE%E5%B8%B6%20%E8%B3%BD%E5%A4%8F%E6%97%8F%20%E9%A0%AD%E9%A3%BE%20&oid=1783463 HTTP/1.1" 200 3141
66.249.71.60 - - [27/Mar/2016:07:19:54 +0800] "GET /content/subject/resource_content.jsp?oid=16777601&queryType=qs&queryString=%E5%85%AC%E5%AD%B8%E6%A0%A1 HTTP/1.1" 200 58777
66.249.71.23 - - [27/Mar/2016:07:21:23 +0800] "GET /digiarch3/content/subject/resource_content.jsp?oid=16777464&queryType=qc HTTP/1.1" 200 28415
66.249.74.100 - - [27/Mar/2016:07:21:48 +0800] "GET /content/repository/resource_content.jsp?oid=1896983 HTTP/1.1" 200 29507
66.249.71.5 - - [27/Mar/2016:07:22:15 +0800] "GET /content/nav/relationSubject.jsp?relationWords=%E8%99%8E%E9%AD%9A+&oid=14895 HTTP/1.1" 200 3312
66.249.71.5 - - [27/Mar/2016:07:22:17 +0800] "GET /content/nav/relationSubject.jsp?relationWords=%E8%99%8E%E9%AD%9A%20&oid=14895 HTTP/1.1" 200 3312
66.249.71.5 - - [27/Mar/2016:07:22:24 +0800] "GET /digiarch3/content/nav/relationSubject.jsp?relationWords=%E5%85%B5%E4%B8%81+%E5%88%91%E9%83%A8+%E7%B6%A0%E7%87%9F%E5%85%B5+&oid=2637587 HTTP/1.1" 200 4069
66.249.71.14 - - [27/Mar/2016:07:22:25 +0800] "GET /digiarch3/content/nav/relationSubject.jsp?relationWords=%E5%85%B5%E4%B8%81+%E5%88%91%E9%83%A8+%E7%B6%A0%E7%87%9F+%E7%B6%A0%E7%87%9F%E5%85%B5+&oid=2637587 HTTP/1.1" 200 4527
66.249.71.14 - - [27/Mar/2016:07:22:27 +0800] "GET /digiarch3/content/nav/relationSubject.jsp?relationWords=%E5%85%B5%E4%B8%81%20%E5%88%91%E9%83%A8%20%E7%B6%A0%E7%87%9F%20%E7%B6%A0%E7%87%9F%E5%85%B5%20&oid=2637587 HTTP/1.1" 200 4527
66.249.71.60 - - [27/Mar/2016:07:22:52 +0800] "GET /content/repository/resource_content.jsp?oid=15560&queryString=%E6%A2%9D%E7%B4%8B%E8%93%8B%E5%88%BA%E9%AD%9A%20%E8%93%8B%E5%88%BA%E9%AD%9A HTTP/1.1" 200 34125
66.249.77.97 - - [27/Mar/2016:07:23:22 +0800] "GET /content/subject/resource_content.jsp?oid=16777738&queryType=qs&queryString=%E8%A5%BF%E6%8B%89%E9%9B%85 HTTP/1.1" 200 50750
66.249.71.105 - - [27/Mar/2016:07:23:27 +0800] "GET /content/nav/relationSubject.jsp?relationWords=%E5%8C%97%E7%AE%A1+&oid=4364498 HTTP/1.1" 200 2951
66.249.71.121 - - [27/Mar/2016:07:23:29 +0800] "GET /content/nav/relationSubject.jsp?relationWords=%E5%8C%97%E7%AE%A1%20&oid=4364498 HTTP/1.1" 200 2951
66.249.71.5 - - [27/Mar/2016:07:23:53 +0800] "GET /content/nav/relationSubject.jsp?relationWords=%E4%B8%89%E9%87%8D%E5%B8%82+%E5%85%AC%E5%B8%91+%E5%85%AC%E8%B7%AF%E5%B1%80+%E5%B8%82%E5%83%B9+%E6%B0%91%E6%B3%95+%E7%9C%81%E6%94%BF%E5%BA%9C+%E8%87%BA%E5%8C%97%E5%A4%A7%E6%A9%8B+%E8%87%BA%E5%8C%97%E7%B8%A3+&oid=1899900 HTTP/1.1" 200 5662
66.249.74.72 - - [27/Mar/2016:07:23:55 +0800] "GET /content/nav/relationSubject.jsp?relationWords=%E4%B8%89%E9%87%8D%E5%B8%82%20%E5%85%AC%E5%B8%91%20%E5%85%AC%E8%B7%AF%E5%B1%80%20%E5%B8%82%E5%83%B9%20%E6%B0%91%E6%B3%95%20%E7%9C%81%E6%94%BF%E5%BA%9C%20%E8%87%BA%E5%8C%97%E5%A4%A7%E6%A9%8B%20%E8%87%BA%E5%8C%97%E7%B8%A3%20&oid=1899900 HTTP/1.1" 200 5662
66.249.77.91 - - [27/Mar/2016:07:24:21 +0800] "GET /content/repository/resource_content.jsp?oid=1777511&queryType=qs&queryString=%E9%A3%B2%E9%85%92%E6%AD%8C HTTP/1.1" 200 27871
66.249.77.97 - - [27/Mar/2016:07:25:50 +0800] "GET /content/subject/resource_content.jsp?oid=16797297&queryType=qc HTTP/1.1" 200 67888
66.249.71.5 - - [27/Mar/2016:07:25:53 +0800] "GET /digiarch3/content/nav/relationSubject.jsp?relationWords=%E9%BB%91%E7%8A%80+&oid=4352148 HTTP/1.1" 200 3033
66.249.71.5 - - [27/Mar/2016:07:25:55 +0800] "GET /digiarch3/content/nav/relationSubject.jsp?relationWords=%E9%BB%91%E7%8A%80%20&oid=4352148 HTTP/1.1" 200 3033
66.249.77.85 - - [27/Mar/2016:07:27:19 +0800] "GET /content/repository/resource_content.jsp?oid=2531726&queryString=%E5%A5%8F%E6%91%BA HTTP/1.1" 200 30465
66.249.71.72 - - [27/Mar/2016:07:28:43 +0800] "GET /content/repository/resource_content.jsp?oid=177224 HTTP/1.1" 200 30224
66.249.77.85 - - [27/Mar/2016:07:28:47 +0800] "GET /content/subject/resource_content.jsp?oid=16777463&queryType=qc HTTP/1.1" 200 28411
66.249.77.91 - - [27/Mar/2016:07:29:31 +0800] "GET /content/nav/relationSubject.jsp?relationWords=%E7%A5%9E%E4%B8%BB%E7%89%8C%20&oid=4364170 HTTP/1.1" 200 2706
66.249.71.60 - - [27/Mar/2016:07:29:37 +0800] "GET /content/subject/resource_content.jsp?oid=16777605 HTTP/1.1" 200 42310
66.249.71.72 - - [27/Mar/2016:07:30:16 +0800] "GET /content/repository/resource_content.jsp?oid=2653187 HTTP/1.1" 200 30364
66.249.71.64 - - [27/Mar/2016:07:30:34 +0800] "GET /content/nav/relationSubject.jsp?relationWords=%E4%BA%8B%E6%9D%8E%20%E6%9D%8E%E7%B6%AD%20%E7%9F%A5%E7%85%A7%20%E7%B8%A3%E4%B8%9E%20&oid=2662689 HTTP/1.1" 200 3207
123.204.121.30 - - [27/Mar/2016:07:31:19 +0800] "GET /content/nav/relationSubject.jsp?relationWords=%E7%99%BD%E5%8D%83%E5%B1%A4+&oid=16777287 HTTP/1.1" 200 3852
66.249.77.91 - - [27/Mar/2016:07:31:22 +0800] "GET /content/nav/relationSubject.jsp?relationWords=%E9%A0%98%E4%BE%8D%E8%A1%9B+&oid=2649204 HTTP/1.1" 200 3120
66.249.77.85 - - [27/Mar/2016:07:31:24 +0800] "GET /content/nav/relationSubject.jsp?relationWords=%E9%A0%98%E4%BE%8D%E8%A1%9B%20&oid=2649204 HTTP/1.1" 200 3120
123.125.71.92 - - [27/Mar/2016:07:32:39 +0800] "GET /content/subject/resource_content.jsp?oid=16777341&queryString= HTTP/1.1" 200 37160
66.249.71.60 - - [27/Mar/2016:07:33:40 +0800] "GET /content/nav/relationSubject.jsp?relationWords=%E5%8E%9A%E6%AE%BC%E6%A1%82%E5%B1%AC+%E5%9C%9F%E6%A5%A0+%E6%A4%8D%E7%89%A9%E7%95%8C+%E6%A8%9F%E7%A7%91+&oid=2146697 HTTP/1.1" 200 3265
66.249.71.64 - - [27/Mar/2016:07:33:42 +0800] "GET /content/nav/relationSubject.jsp?relationWords=%E5%8E%9A%E6%AE%BC%E6%A1%82%E5%B1%AC%20%E5%9C%9F%E6%A5%A0%20%E6%A4%8D%E7%89%A9%E7%95%8C%20%E6%A8%9F%E7%A7%91%20&oid=2146697 HTTP/1.1" 200 3265
66.249.71.72 - - [27/Mar/2016:07:33:42 +0800] "GET /content/nav/relationSubject.jsp?relationWords=%E5%A4%A7%E6%88%9F+%E5%A4%A7%E6%88%9F%E7%A7%91+%E6%A4%8D%E7%89%A9%E7%95%8C+%E7%B4%B0%E8%91%89+%E7%B4%B0%E8%91%89%E9%A5%85%E9%A0%AD%E6%9E%9C+%E9%A5%85%E9%A0%AD%E6%9E%9C+%E9%A5%85%E9%A0%AD%E6%9E%9C%E5%B1%AC+&oid=1462607 HTTP/1.1" 200 3518
66.249.71.60 - - [27/Mar/2016:07:33:43 +0800] "GET /content/nav/relationSubject.jsp?relationWords=%E4%B9%BE%E9%9A%86%E5%85%83%E5%B9%B4+&oid=2525098 HTTP/1.1" 200 3144
66.249.71.60 - - [27/Mar/2016:07:33:54 +0800] "GET /content/nav/relationSubject.jsp?relationWords=%E4%B9%BE%E9%9A%86%E5%85%83%E5%B9%B4%20&oid=2525098 HTTP/1.1" 200 3144
66.249.74.98 - - [27/Mar/2016:07:34:04 +0800] "GET /content/repository/resource_content.jsp?oid=1456755 HTTP/1.1" 200 31241
66.249.71.5 - - [27/Mar/2016:07:34:24 +0800] "GET /content/nav/relationSubject.jsp?relationWords=%E4%BF%B8%E9%8A%80+%E7%BD%B0%E4%BF%B8+%E9%8A%80%E5%85%A9+&oid=2684996 HTTP/1.1" 200 5381
66.249.71.5 - - [27/Mar/2016:07:34:26 +0800] "GET /content/nav/relationSubject.jsp?relationWords=%E4%BF%B8%E9%8A%80%20%E7%BD%B0%E4%BF%B8%20%E9%8A%80%E5%85%A9%20&oid=2684996 HTTP/1.1" 200 5381
66.249.71.121 - - [27/Mar/2016:07:34:43 +0800] "GET /content/repository/resource_content.jsp?oid=14669&queryType=qs&queryString=%E9%B6%B4%E9%B1%B5 HTTP/1.1" 200 35870
66.249.71.64 - - [27/Mar/2016:07:36:12 +0800] "GET /digiarch_en/content/repository/resource_content.jsp?oid=4551105&queryString=%E7%9C%9F%E9%8E%96%E7%AE%A1%20%E8%BB%9F%E9%AB%94%E5%8B%95%E7%89%A9%E9%96%80%20%E9%8E%96%E7%AE%A1%20%E9%8E%96%E7%AE%A1%E7%A7%91%20%E9%A0%AD%E8%B6%B3%20%E9%A0%AD%E8%B6%B3%E7%B6%B1 HTTP/1.1" 200 23940
66.249.74.98 - - [27/Mar/2016:07:36:13 +0800] "GET /content/nav/relationSubject.jsp?relationWords=%E6%B0%B4%E5%9C%B3+%E8%A5%BF%E6%B9%96%E9%84%89+%E8%BE%B2%E7%89%A7%E5%B1%80+&oid=1587796 HTTP/1.1" 200 8374
66.249.71.72 - - [27/Mar/2016:07:36:23 +0800] "GET /content/nav/relationSubject.jsp?relationWords=%E5%88%91%E9%83%A8+%E5%88%91%E9%83%A8%E5%B0%9A%E6%9B%B8+%E5%BC%B7%E8%B3%8A+&oid=2674200 HTTP/1.1" 200 3195
66.249.74.100 - - [27/Mar/2016:07:36:25 +0800] "GET /content/nav/relationSubject.jsp?relationWords=%E5%88%91%E9%83%A8%20%E5%88%91%E9%83%A8%E5%B0%9A%E6%9B%B8%20%E5%BC%B7%E8%B3%8A%20&oid=2674200 HTTP/1.1" 200 3195
66.249.71.64 - - [27/Mar/2016:07:36:45 +0800] "GET /content/repository/resource_content.jsp?oid=3819088&queryString=%E5%B1%B1%E6%AC%96%20%E5%B1%B1%E6%AC%96%E5%B1%AC%20%E6%9F%BF%E6%A8%B9%20%E6%A4%8D%E7%89%A9%E7%95%8C HTTP/1.1" 200 31247
66.249.74.98 - - [27/Mar/2016:07:36:51 +0800] "GET /content/nav/relationSubject.jsp?relationWords=%E5%8F%B0%E7%81%A3%E5%8E%9F%E4%BD%8F%E6%B0%91%20%E6%95%B8%E4%BD%8D%E5%85%B8%E8%97%8F%20&oid=16777739 HTTP/1.1" 200 7508
66.249.71.5 - - [27/Mar/2016:07:36:54 +0800] "GET /content/nav/relationSubject.jsp?relationWords=%E7%9F%B3%E7%8B%97%E5%85%AC+%E7%9F%B3%E9%A0%AD%E9%AD%9A+%E7%B4%85%E8%99%8E+%E7%B4%85%E9%BB%91%E5%96%89+%E8%99%8E%E9%AD%9A+&oid=14829 HTTP/1.1" 200 3505
66.249.71.5 - - [27/Mar/2016:07:36:56 +0800] "GET /content/nav/relationSubject.jsp?relationWords=%E7%9F%B3%E7%8B%97%E5%85%AC%20%E7%9F%B3%E9%A0%AD%E9%AD%9A%20%E7%B4%85%E8%99%8E%20%E7%B4%85%E9%BB%91%E5%96%89%20%E8%99%8E%E9%AD%9A%20&oid=14829 HTTP/1.1" 200 3505
66.249.71.5 - - [27/Mar/2016:07:37:31 +0800] "GET /content/nav/relationSubject.jsp?relationWords=%E6%9C%A8%E9%9B%95+&oid=4362225 HTTP/1.1" 200 2975
66.249.74.72 - - [27/Mar/2016:07:37:33 +0800] "GET /content/nav/relationSubject.jsp?relationWords=%E6%9C%A8%E9%9B%95%20&oid=4362225 HTTP/1.1" 200 2975
66.249.71.60 - - [27/Mar/2016:07:37:41 +0800] "GET /content/subject/resource_content.jsp?oid=16797240&queryType=qc HTTP/1.1" 200 42460
66.249.71.60 - - [27/Mar/2016:07:37:58 +0800] "GET /digiarch_en/content/nav/relationSubject.jsp?relationWords=%E5%AE%B6%E6%9B%B8+&oid=16777454 HTTP/1.1" 200 2890
66.249.71.60 - - [27/Mar/2016:07:37:59 +0800] "GET /digiarch_en/content/nav/relationSubject.jsp?relationWords=%E5%AE%B6%E6%9B%B8%20&oid=16777454 HTTP/1.1" 200 2890
66.249.71.60 - - [27/Mar/2016:07:38:14 +0800] "GET /content/nav/relationSubject.jsp?relationWords=%E5%A4%A7%E6%88%9F+%E5%A4%A7%E6%88%9F%E7%A7%91+%E6%A4%8D%E7%89%A9%E7%95%8C+%E6%B2%B9%E6%A1%90%E5%B1%AC+%E7%9F%B3%E6%A0%97+&oid=1463474 HTTP/1.1" 200 3355
66.249.71.60 - - [27/Mar/2016:07:38:16 +0800] "GET /content/nav/relationSubject.jsp?relationWords=%E5%A4%A7%E6%88%9F%20%E5%A4%A7%E6%88%9F%E7%A7%91%20%E6%A4%8D%E7%89%A9%E7%95%8C%20%E6%B2%B9%E6%A1%90%E5%B1%AC%20%E7%9F%B3%E6%A0%97%20&oid=1463474 HTTP/1.1" 200 3355
66.249.71.5 - - [27/Mar/2016:07:38:17 +0800] "GET /digiarch3/content/nav/relationSubject.jsp?relationWords=%E5%90%8F%E9%83%A8+%E5%A5%89%E8%AB%AD+&oid=2654686 HTTP/1.1" 200 3121
66.249.71.60 - - [27/Mar/2016:07:38:18 +0800] "GET /content/nav/relationSubject.jsp?relationWords=%E4%BA%BA%E4%BA%8B%E8%99%95+%E7%9C%81%E6%94%BF%E5%BA%9C+%E8%80%83%E7%B8%BE+%E8%87%A8%E6%99%82%E7%9C%81%E8%AD%B0%E6%9C%83+%E8%87%A8%E6%99%82%E9%9B%87%E5%93%A1+%E8%87%BA%E7%81%A3%E7%9C%81+%E9%8A%93%E6%95%98%E9%83%A8+&oid=1521065 HTTP/1.1" 200 4787
66.249.74.72 - - [27/Mar/2016:07:38:19 +0800] "GET /digiarch3/content/nav/relationSubject.jsp?relationWords=%E5%90%8F%E9%83%A8%20%E5%A5%89%E8%AB%AD%20&oid=2654686 HTTP/1.1" 200 3121
66.249.71.60 - - [27/Mar/2016:07:38:20 +0800] "GET /content/nav/relationSubject.jsp?relationWords=%E4%BA%BA%E4%BA%8B%E8%99%95%20%E7%9C%81%E6%94%BF%E5%BA%9C%20%E8%80%83%E7%B8%BE%20%E8%87%A8%E6%99%82%E7%9C%81%E8%AD%B0%E6%9C%83%20%E8%87%A8%E6%99%82%E9%9B%87%E5%93%A1%20%E8%87%BA%E7%81%A3%E7%9C%81%20%E9%8A%93%E6%95%98%E9%83%A8%20&oid=1521065 HTTP/1.1" 200 4787
66.249.71.172 - - [27/Mar/2016:07:38:52 +0800] "GET /content/nav/relationSubject.jsp?relationWords=%E5%AD%90%E7%88%B5%20%E5%BB%82%E9%BB%83%20%E5%BB%82%E9%BB%83%E6%97%97%20%E7%9F%A5%E7%85%A7%20%E9%BB%83%E6%97%97%20&oid=2640095 HTTP/1.1" 200 3254
66.249.77.85 - - [27/Mar/2016:07:39:09 +0800] "GET /content/repository/resource_content.jsp?oid=1888340&queryString=%E6%9B%B8%E9%81%93 HTTP/1.1" 200 30889
66.249.71.60 - - [27/Mar/2016:07:39:25 +0800] "GET /content/repository/resource_content.jsp?oid=1887464&queryString=%E5%85%B1%E6%A6%AE HTTP/1.1" 200 30686
66.249.71.60 - - [27/Mar/2016:07:40:38 +0800] "GET /content/repository/resource_content.jsp?oid=4353433&queryString=%E7%B4%85%E7%89%99%20%E7%B4%85%E7%89%99%E9%B1%97%E9%AD%A8%20%E9%B1%97%E9%AD%A8 HTTP/1.1" 200 36130
27.253.99.146 - - [27/Mar/2016:07:41:56 +0800] "GET /content/nav/relationSubject.jsp?relationWords=%E6%9C%A8%E7%8A%80+%E6%A1%82%E8%8A%B1+&oid=16777255 HTTP/1.1" 200 4029
66.249.74.98 - - [27/Mar/2016:07:42:09 +0800] "GET /content/subject/resource_content.jsp?oid=16777743&queryString= HTTP/1.1" 200 32569
66.249.77.97 - - [27/Mar/2016:07:43:36 +0800] "GET /content/subject/resource_content.jsp?oid=16777540&queryType=qc HTTP/1.1" 200 31636
66.249.71.72 - - [27/Mar/2016:07:44:32 +0800] "GET /content/nav/relationSubject.jsp?relationWords=%E5%9C%B0%E4%B8%8A%E6%AC%8A+&oid=1555571 HTTP/1.1" 200 4472
66.249.71.64 - - [27/Mar/2016:07:44:34 +0800] "GET /content/nav/relationSubject.jsp?relationWords=%E5%9C%B0%E4%B8%8A%E6%AC%8A%20&oid=1555571 HTTP/1.1" 200 4472
119.77.149.63 - - [27/Mar/2016:07:44:35 +0800] "GET /content/nav/relationSubject.jsp?relationWords=%E8%8B%A6%E8%8B%93+&oid=16777317 HTTP/1.1" 200 3183
66.249.71.64 - - [27/Mar/2016:07:44:46 +0800] "GET /content/repository/resource_content.jsp?oid=2663996&queryString=%E6%80%9D%E6%83%B3%20%E8%87%BA%E5%A4%A7%20%E9%87%8D%E6%85%B6%E5%8D%97%E8%B7%AF HTTP/1.1" 200 30425
66.249.71.60 - - [27/Mar/2016:07:46:34 +0800] "GET /content/subject/resource_content.jsp?oid=16777379&queryString=%E5%A5%BD%E6%B6%88%E6%81%AF%20%E6%95%B8%E4%BD%8D%E5%85%B8%E8%97%8F HTTP/1.1" 200 43493
66.249.74.72 - - [27/Mar/2016:07:46:53 +0800] "GET /content/nav/relationSubject.jsp?relationWords=%E5%8D%97%E5%B3%B6%E6%B0%91%E6%97%8F+&oid=16797290 HTTP/1.1" 200 3008
66.249.74.74 - - [27/Mar/2016:07:46:55 +0800] "GET /content/nav/relationSubject.jsp?relationWords=%E5%8D%97%E5%B3%B6%E6%B0%91%E6%97%8F%20&oid=16797290 HTTP/1.1" 200 3008
66.249.74.98 - - [27/Mar/2016:07:47:40 +0800] "GET /content/nav/relationSubject.jsp?relationWords=&oid=2551106 HTTP/1.1" 200 1405
66.249.71.60 - - [27/Mar/2016:07:47:52 +0800] "GET /content/nav/relationSubject.jsp?relationWords=%E5%A4%A7%E6%A8%B9%E9%84%89+%E5%BB%BA%E8%A8%AD%E5%BB%B3+%E6%9D%8E%E9%9B%85%E6%A8%B5+%E6%B1%9F%E9%87%91%E5%BD%B0+%E8%94%A1%E6%96%87%E7%8E%89+%E8%AD%B0%E9%95%B7+%E9%AB%98%E9%9B%84%E7%B8%A3%E6%94%BF%E5%BA%9C+&oid=1896981 HTTP/1.1" 200 5890
66.249.74.100 - - [27/Mar/2016:07:47:55 +0800] "GET /content/nav/relationSubject.jsp?relationWords=%E5%A4%A7%E6%A8%B9%E9%84%89%20%E5%BB%BA%E8%A8%AD%E5%BB%B3%20%E6%9D%8E%E9%9B%85%E6%A8%B5%20%E6%B1%9F%E9%87%91%E5%BD%B0%20%E8%94%A1%E6%96%87%E7%8E%89%20%E8%AD%B0%E9%95%B7%20%E9%AB%98%E9%9B%84%E7%B8%A3%E6%94%BF%E5%BA%9C%20&oid=1896981 HTTP/1.1" 200 5890
66.249.71.5 - - [27/Mar/2016:07:47:58 +0800] "GET /content/nav/relationSubject.jsp?relationWords=%E8%8A%B1%E8%93%AE%E6%B8%AF%E5%BB%B3+&oid=4499718 HTTP/1.1" 200 3248
66.249.71.5 - - [27/Mar/2016:07:48:00 +0800] "GET /content/nav/relationSubject.jsp?relationWords=%E8%8A%B1%E8%93%AE%E6%B8%AF%E5%BB%B3%20&oid=4499718 HTTP/1.1" 200 3248
66.249.77.97 - - [27/Mar/2016:07:48:04 +0800] "GET /content/subject/resource_content.jsp?oid=16777504&queryType=qc HTTP/1.1" 200 36614
66.249.77.91 - - [27/Mar/2016:07:49:32 +0800] "GET /content/subject/resource_content.jsp?oid=16797294&queryType=qc HTTP/1.1" 200 45275
66.249.74.100 - - [27/Mar/2016:07:50:09 +0800] "GET /content/repository/resource_content.jsp?oid=2144484&queryString=%E6%89%AD%E9%9E%98%E9%A6%99%E8%8C%85%20%E9%A6%99%E8%8C%85%E5%B1%AC HTTP/1.1" 200 31245
66.249.77.85 - - [27/Mar/2016:07:50:10 +0800] "GET /content/nav/relationSubject.jsp?relationWords=%E5%9B%9B%E9%BD%92%E4%BB%94%20%E5%AF%92%E9%AF%9B%20%E8%A3%B8%E9%A0%B0%E8%B1%AC%E9%BD%92%E9%AD%9A%20%E8%A5%BF%E9%BD%92%20%E8%B1%AC%E9%BD%92%E9%AD%9A%20%E9%9A%86%E9%A0%AD%E9%AD%9A%E7%A7%91%20&oid=15717 HTTP/1.1" 200 3698
66.249.77.85 - - [27/Mar/2016:07:51:00 +0800] "GET /content/subject/resource_content.jsp?oid=16777412&queryType=qc HTTP/1.1" 200 33940
66.249.74.72 - - [27/Mar/2016:07:53:59 +0800] "GET /digiarch3/content/subject/resource_content.jsp?oid=16777466&queryType=qc HTTP/1.1" 200 28225
66.249.77.91 - - [27/Mar/2016:07:54:18 +0800] "GET /content/nav/relationSubject.jsp?relationWords=%E4%BA%BA%E5%90%8D%E6%AC%8A%E5%A8%81+%E5%A4%96%E4%BA%A4%E9%83%A8+%E5%B7%B4%E7%88%BE+%E6%95%B5%E5%83%91+&oid=733228 HTTP/1.1" 200 3270
66.249.77.91 - - [27/Mar/2016:07:54:20 +0800] "GET /content/nav/relationSubject.jsp?relationWords=%E4%BA%BA%E5%90%8D%E6%AC%8A%E5%A8%81%20%E5%A4%96%E4%BA%A4%E9%83%A8%20%E5%B7%B4%E7%88%BE%20%E6%95%B5%E5%83%91%20&oid=733228 HTTP/1.1" 200 3270
66.249.71.113 - - [27/Mar/2016:07:54:47 +0800] "GET /content/nav/relationSubject.jsp?relationWords=%E6%96%91%E9%BB%9E%E6%B5%B7%E8%B1%AC%E9%AD%9A+%E6%9F%B3%E5%86%B7%E4%BB%94+%E8%99%B9%E5%BD%A9%E5%84%92%E8%89%AE%E9%AF%9B+%E8%99%B9%E5%BD%A9%E6%B5%B7%E8%B1%AC%E9%AD%9A+%E9%9A%86%E9%A0%AD%E9%AD%9A%E7%A7%91+&oid=15762 HTTP/1.1" 200 3725
66.249.74.59 - - [27/Mar/2016:07:54:49 +0800] "GET /content/nav/relationSubject.jsp?relationWords=%E6%96%91%E9%BB%9E%E6%B5%B7%E8%B1%AC%E9%AD%9A%20%E6%9F%B3%E5%86%B7%E4%BB%94%20%E8%99%B9%E5%BD%A9%E5%84%92%E8%89%AE%E9%AF%9B%20%E8%99%B9%E5%BD%A9%E6%B5%B7%E8%B1%AC%E9%AD%9A%20%E9%9A%86%E9%A0%AD%E9%AD%9A%E7%A7%91%20&oid=15762 HTTP/1.1" 200 3725
66.249.71.72 - - [27/Mar/2016:07:54:53 +0800] "GET /content/subject/resource_content.jsp?oid=16777838&queryType=qc%3E HTTP/1.1" 200 59031
66.249.71.60 - - [27/Mar/2016:07:55:10 +0800] "GET /content/nav/relationSubject.jsp?relationWords=%E6%9E%97%E5%BF%A0+%E6%9E%97%E6%BA%90+%E8%81%AF%E7%99%BB+%E8%98%87%E6%B4%AA%E6%9C%88%E5%AC%8C+&oid=1889745 HTTP/1.1" 200 3278
66.249.71.64 - - [27/Mar/2016:07:55:12 +0800] "GET /content/nav/relationSubject.jsp?relationWords=%E6%9E%97%E5%BF%A0%20%E6%9E%97%E6%BA%90%20%E8%81%AF%E7%99%BB%20%E8%98%87%E6%B4%AA%E6%9C%88%E5%AC%8C%20&oid=1889745 HTTP/1.1" 200 3278
66.249.77.97 - - [27/Mar/2016:07:55:20 +0800] "GET /content/nav/relationSubject.jsp?relationWords=%E8%AD%B7%E8%BB%8D+%E8%AD%B7%E8%BB%8D%E6%A0%A1+%E8%BB%8D%E6%A0%A1+&oid=2688604 HTTP/1.1" 200 3178
66.249.77.85 - - [27/Mar/2016:07:55:22 +0800] "GET /content/nav/relationSubject.jsp?relationWords=%E8%AD%B7%E8%BB%8D%20%E8%AD%B7%E8%BB%8D%E6%A0%A1%20%E8%BB%8D%E6%A0%A1%20&oid=2688604 HTTP/1.1" 200 3178
66.249.71.64 - - [27/Mar/2016:07:55:27 +0800] "GET /content/repository/resource_content.jsp?oid=1176795 HTTP/1.1" 200 27310
66.249.71.60 - - [27/Mar/2016:07:55:28 +0800] "GET /digiarch_en/content/repository/resource_content.jsp?oid=4388027&queryType=qs&queryString=%E7%A5%96%E9%9D%88 HTTP/1.1" 200 24641
68.180.230.90 - - [27/Mar/2016:07:55:54 +0800] "GET /content/subject/resource_content.jsp?oid=16777291&queryType=qc HTTP/1.1" 200 28075
96.227.251.147 - - [27/Mar/2016:07:56:15 +0800] "GET /digiarch3/content/repository/resource_content.jsp?oid=4362890&queryType=qs&queryString=%E7%8E%89%E7%9A%87%E5%A4%A7%E5%B8%9D HTTP/1.1" 200 30912
96.227.251.147 - - [27/Mar/2016:07:56:18 +0800] "GET /digiarch3/content/nav/relationSubject.jsp?relationWords=%E4%BA%94%E7%A6%8F%E5%A4%A7%E5%B8%9D+%E5%B9%B3%E5%AE%89%E7%AC%A6+&oid=4362890 HTTP/1.1" 200 3109
157.55.39.254 - - [27/Mar/2016:07:56:24 +0800] "GET /content/repository/resource_content.jsp?oid=1522403&queryString=%E8%82%A1%E7%A5%A8 HTTP/1.1" 200 30131
66.249.74.61 - - [27/Mar/2016:07:56:39 +0800] "GET /content/nav/relationSubject.jsp?relationWords=%E4%BA%BA%E5%90%8D%E6%AC%8A%E5%A8%81+%E5%9C%8B%E4%BB%A3+%E7%A7%A6%E7%9A%87+%E7%B8%BD%E5%8F%B8%E4%BB%A4+%E8%87%AA%E8%A1%8C%E8%BB%8A+%E8%BB%8D%E5%AE%98+&oid=761492 HTTP/1.1" 200 3439
66.249.71.113 - - [27/Mar/2016:07:56:44 +0800] "GET /content/nav/relationSubject.jsp?relationWords=%E4%BA%BA%E5%90%8D%E6%AC%8A%E5%A8%81%20%E5%9C%8B%E4%BB%A3%20%E7%A7%A6%E7%9A%87%20%E7%B8%BD%E5%8F%B8%E4%BB%A4%20%E8%87%AA%E8%A1%8C%E8%BB%8A%20%E8%BB%8D%E5%AE%98%20&oid=761492 HTTP/1.1" 200 3439
66.249.71.64 - - [27/Mar/2016:07:56:56 +0800] "GET /content/repository/resource_content.jsp?oid=1081615&queryString=%E8%A0%94%E9%AD%9A%20%E9%9D%92%E8%A1%A3%20%E9%9D%92%E9%AF%A8%E9%B8%9A%E5%98%B4%E9%AD%9A%20%E9%9D%92%E9%B8%9A%E5%93%A5%E9%AD%9A%20%E9%B8%9A%E5%93%A5%E9%AD%9A HTTP/1.1" 200 34547
66.249.71.5 - - [27/Mar/2016:07:58:07 +0800] "GET /digiarch3/content/nav/relationSubject.jsp?relationWords=%E5%8F%A4%E6%B0%8F%E5%9C%9F%E9%AD%9F+%E5%9C%9F%E9%AD%9F+%E8%82%89%E7%B5%B2%E9%AD%9F+%E9%AD%B4%E4%BB%94+&oid=4354086 HTTP/1.1" 200 3531
66.249.71.23 - - [27/Mar/2016:07:58:09 +0800] "GET /digiarch3/content/nav/relationSubject.jsp?relationWords=%E5%8F%A4%E6%B0%8F%E5%9C%9F%E9%AD%9F%20%E5%9C%9F%E9%AD%9F%20%E8%82%89%E7%B5%B2%E9%AD%9F%20%E9%AD%B4%E4%BB%94%20&oid=4354086 HTTP/1.1" 200 3531
66.249.71.64 - - [27/Mar/2016:07:58:10 +0800] "GET /content/repository/resource_content.jsp?oid=1109294 HTTP/1.1" 200 31181
66.249.71.72 - - [27/Mar/2016:07:58:25 +0800] "GET /content/repository/resource_content.jsp?oid=1598712&queryString=%E7%84%A1%E7%B7%9A%E9%9B%BB HTTP/1.1" 200 41548
66.249.71.72 - - [27/Mar/2016:07:58:25 +0800] "GET /content/nav/relationSubject.jsp?relationWords=%E5%AE%89%E5%85%A8%E5%B8%BD+%E8%B3%AA%E8%A9%A2+&oid=1607101 HTTP/1.1" 200 3962
66.249.74.100 - - [27/Mar/2016:07:58:27 +0800] "GET /content/nav/relationSubject.jsp?relationWords=%E5%AE%89%E5%85%A8%E5%B8%BD%20%E8%B3%AA%E8%A9%A2%20&oid=1607101 HTTP/1.1" 200 3962
66.249.71.72 - - [27/Mar/2016:07:59:21 +0800] "GET /content/nav/relationSubject.jsp?relationWords=%E8%B3%AA%E8%A9%A2+&oid=1599024 HTTP/1.1" 200 3912
66.249.71.64 - - [27/Mar/2016:07:59:22 +0800] "GET /content/nav/relationSubject.jsp?relationWords=%E8%B3%AA%E8%A9%A2%20&oid=1599024 HTTP/1.1" 200 3912
66.249.77.91 - - [27/Mar/2016:07:59:35 +0800] "GET /content/nav/relationSubject.jsp?relationWords=%E7%9F%B3%E7%B6%BF+%E8%8A%B1%E8%93%AE%E6%B8%AF%E5%BB%B3+%E8%B1%90%E7%94%B0%E6%9D%91+&oid=4499884 HTTP/1.1" 200 3520
66.249.77.97 - - [27/Mar/2016:07:59:38 +0800] "GET /content/nav/relationSubject.jsp?relationWords=%E7%9F%B3%E7%B6%BF%20%E8%8A%B1%E8%93%AE%E6%B8%AF%E5%BB%B3%20%E8%B1%90%E7%94%B0%E6%9D%91%20&oid=4499884 HTTP/1.1" 200 3520
66.249.71.64 - - [27/Mar/2016:07:59:51 +0800] "GET /content/nav/relationSubject.jsp?relationWords=%E5%B7%A5%E7%A8%8B%E5%8F%97%E7%9B%8A%E8%B2%BB+%E5%B7%A5%E7%A8%8B%E8%99%95+%E6%9E%97%E5%82%B3%E6%97%BA+%E6%9E%97%E8%94%A1%E7%B4%A0%E5%A5%B3+%E6%B0%B4%E5%88%A9%E5%B1%80+%E7%9C%81%E6%94%BF%E5%BA%9C+%E8%90%AC%E4%B8%B9%E9%84%89+%E8%91%89%E5%AF%92%E9%9D%92+%E8%BE%B2%E6%B0%91%E7%94%9F%E6%B4%BB+%E9%AB%98%E5%B1%8F%E6%BA%AA+&oid=1897250 HTTP/1.1" 200 4967
66.249.74.100 - - [27/Mar/2016:07:59:52 +0800] "GET /content/nav/relationSubject.jsp?relationWords=%E5%A0%B1%E6%98%A5%E8%8A%B1+%E6%98%9F%E5%AE%BF%E8%8F%9C+%E6%A4%8D%E7%89%A9%E7%95%8C+%E7%8F%8D%E7%8F%A0%E8%8F%9C%E5%B1%AC+&oid=3818265 HTTP/1.1" 200 3307
66.249.71.60 - - [27/Mar/2016:07:59:53 +0800] "GET /content/nav/relationSubject.jsp?relationWords=%E5%B7%A5%E7%A8%8B%E5%8F%97%E7%9B%8A%E8%B2%BB%20%E5%B7%A5%E7%A8%8B%E8%99%95%20%E6%9E%97%E5%82%B3%E6%97%BA%20%E6%9E%97%E8%94%A1%E7%B4%A0%E5%A5%B3%20%E6%B0%B4%E5%88%A9%E5%B1%80%20%E7%9C%81%E6%94%BF%E5%BA%9C%20%E8%90%AC%E4%B8%B9%E9%84%89%20%E8%91%89%E5%AF%92%E9%9D%92%20%E8%BE%B2%E6%B0%91%E7%94%9F%E6%B4%BB%20%E9%AB%98%E5%B1%8F%E6%BA%AA%20&oid=1897250 HTTP/1.1" 200 4967
66.249.71.60 - - [27/Mar/2016:07:59:55 +0800] "GET /content/repository/resource_content.jsp?oid=739940 HTTP/1.1" 200 28366
66.249.71.60 - - [27/Mar/2016:07:59:57 +0800] "GET /content/nav/relationSubject.jsp?relationWords=%E5%A0%B1%E6%98%A5%E8%8A%B1%20%E6%98%9F%E5%AE%BF%E8%8F%9C%20%E6%A4%8D%E7%89%A9%E7%95%8C%20%E7%8F%8D%E7%8F%A0%E8%8F%9C%E5%B1%AC%20&oid=3818265 HTTP/1.1" 200 3307
157.55.39.254 - - [27/Mar/2016:08:00:27 +0800] "GET /content/repository/resource_content.jsp?oid=3815235&queryString=%E6%81%86%E6%98%A5%E6%A5%A8%E6%A5%A0%20%E6%A4%8D%E7%89%A9%E7%95%8C%20%E6%A5%A0%E5%B1%AC%20%E6%A8%9F%E7%A7%91 HTTP/1.1" 200 31335
66.249.71.59 - - [27/Mar/2016:08:01:23 +0800] "GET /content/nav/relationSubject.jsp?relationWords=%E5%8D%B7%E9%A6%96+&oid=4475763 HTTP/1.1" 200 2927
66.249.71.41 - - [27/Mar/2016:08:01:25 +0800] "GET /content/nav/relationSubject.jsp?relationWords=%E5%8D%B7%E9%A6%96%20&oid=4475763 HTTP/1.1" 200 2927
66.249.71.5 - - [27/Mar/2016:08:02:37 +0800] "GET /content/nav/relationSubject.jsp?relationWords=%E5%A4%A9%E7%A5%90+%E9%A6%99%E6%97%97+&oid=4362358 HTTP/1.1" 200 3029
66.249.71.23 - - [27/Mar/2016:08:02:38 +0800] "GET /content/nav/relationSubject.jsp?relationWords=%E5%A4%A9%E7%A5%90%20%E9%A6%99%E6%97%97%20&oid=4362358 HTTP/1.1" 200 3029
66.249.71.72 - - [27/Mar/2016:08:02:52 +0800] "GET /content/repository/resource_content.jsp?oid=1852953 HTTP/1.1" 200 29657
66.249.71.60 - - [27/Mar/2016:08:03:18 +0800] "GET /content/nav/relationSubject.jsp?relationWords=%E6%BE%8E%E6%B9%96%E7%B8%A3+%E7%89%8C%E7%85%A7%E7%A8%85+&oid=1540558 HTTP/1.1" 200 4123
66.249.71.72 - - [27/Mar/2016:08:03:19 +0800] "GET /content/nav/relationSubject.jsp?relationWords=%E6%BE%8E%E6%B9%96%E7%B8%A3%20%E7%89%8C%E7%85%A7%E7%A8%85%20&oid=1540558 HTTP/1.1" 200 4123
66.249.71.113 - - [27/Mar/2016:08:03:31 +0800] "GET /content/repository/resource_content.jsp?oid=4352183&queryType=qs&queryString=%E5%91%82%E6%B0%8F HTTP/1.1" 200 36779
66.249.71.60 - - [27/Mar/2016:08:03:44 +0800] "GET /content/nav/relationSubject.jsp?relationWords=%E6%B4%BB%E5%8B%95%E4%B8%AD%E5%BF%83+%E8%BB%8D%E7%9C%B7+&oid=1628460 HTTP/1.1" 200 4316
66.249.71.64 - - [27/Mar/2016:08:03:45 +0800] "GET /content/nav/relationSubject.jsp?relationWords=%E6%B4%BB%E5%8B%95%E4%B8%AD%E5%BF%83%20%E8%BB%8D%E7%9C%B7%20&oid=1628460 HTTP/1.1" 200 4316
66.249.71.60 - - [27/Mar/2016:08:04:20 +0800] "GET /content/repository/resource_content.jsp?oid=2566492 HTTP/1.1" 200 29236
1.171.155.190 - - [27/Mar/2016:08:04:32 +0800] "GET /content/repository/resource_content.jsp?oid=1114674 HTTP/1.1" 200 29637
1.171.155.190 - - [27/Mar/2016:08:04:33 +0800] "GET /content/nav/relationSubject.jsp?relationWords=%E5%A4%A7%E8%BC%AA%E6%9C%88%E6%A1%83+%E6%9C%88%E6%A1%83%E5%B1%AC+%E7%83%8F%E4%BE%86%E6%9C%88%E6%A1%83+&oid=1114674 HTTP/1.1" 200 3208
66.249.71.72 - - [27/Mar/2016:08:05:50 +0800] "GET /content/repository/resource_content.jsp?oid=208174 HTTP/1.1" 200 30570
66.249.74.102 - - [27/Mar/2016:08:07:19 +0800] "GET /content/repository/resource_content.jsp?oid=1113455 HTTP/1.1" 200 31543
66.249.71.60 - - [27/Mar/2016:08:08:47 +0800] "GET /content/repository/resource_content.jsp?oid=15497&queryString=%E7%83%8F%E9%A0%82%E8%9D%B4%E8%9D%B6%E9%AD%9A%20%E8%9D%B4%E8%9D%B6%E9%AD%9A%20%E8%9D%B4%E8%9D%B6%E9%AD%9A%E7%A7%91 HTTP/1.1" 200 35012
66.249.77.97 - - [27/Mar/2016:08:08:53 +0800] "GET /content/repository/resource_content.jsp?oid=1576489&queryString=%E6%B0%91%E7%94%9F%E7%A4%BE%E5%8D%80%20%E6%B0%B4%E4%B8%8A%E9%84%89 HTTP/1.1" 200 29481
66.249.71.60 - - [27/Mar/2016:08:09:11 +0800] "GET /content/nav/relationSubject.jsp?relationWords=%E9%A3%AD%E9%80%9F+&oid=2627869 HTTP/1.1" 200 5072
66.249.71.60 - - [27/Mar/2016:08:09:13 +0800] "GET /content/nav/relationSubject.jsp?relationWords=%E9%A3%AD%E9%80%9F%20&oid=2627869 HTTP/1.1" 200 5072
66.249.71.60 - - [27/Mar/2016:08:10:06 +0800] "GET /content/nav/relationSubject.jsp?relationWords=%E6%A4%8D%E7%89%A9%E7%95%8C+%E8%8F%BD%E8%8D%89+%E8%A0%B6%E8%B1%86+%E9%9B%99%E5%AD%90%E8%91%89%E6%A4%8D%E7%89%A9+%E9%BB%83%E8%8F%BD%E8%8D%89+&oid=2152454 HTTP/1.1" 200 3314
66.249.71.60 - - [27/Mar/2016:08:10:08 +0800] "GET /content/nav/relationSubject.jsp?relationWords=%E6%A4%8D%E7%89%A9%E7%95%8C%20%E8%8F%BD%E8%8D%89%20%E8%A0%B6%E8%B1%86%20%E9%9B%99%E5%AD%90%E8%91%89%E6%A4%8D%E7%89%A9%20%E9%BB%83%E8%8F%BD%E8%8D%89%20&oid=2152454 HTTP/1.1" 200 3314
66.249.71.60 - - [27/Mar/2016:08:10:09 +0800] "GET /content/nav/relationSubject.jsp?relationWords=%E5%85%B1%E6%A6%AE+&oid=4472305 HTTP/1.1" 200 3358
66.249.77.85 - - [27/Mar/2016:08:10:16 +0800] "GET /content/repository/resource_content.jsp?oid=1517614&queryType=qs&queryString=%E6%A0%A1%E7%94%A2 HTTP/1.1" 200 31841
66.249.71.60 - - [27/Mar/2016:08:10:29 +0800] "GET /content/nav/relationSubject.jsp?relationWords=%E5%8F%B0%E7%81%A3%E8%9C%86%20%E7%B0%BE%E8%9B%A4%E7%9B%AE%20%E8%9C%86%E4%BB%94%20%E8%9C%86%E5%B1%AC%20%E8%9C%86%E7%A7%91%20%E8%9C%8A%E4%BB%94%20%E9%9B%99%E6%AE%BC%E7%B6%B1%20&oid=1126186 HTTP/1.1" 200 3540
66.249.71.72 - - [27/Mar/2016:08:11:33 +0800] "GET /content/repository/resource_content.jsp?oid=1109293 HTTP/1.1" 200 31248
68.180.230.90 - - [27/Mar/2016:08:11:40 +0800] "GET /digiarch_en/content/subject/resource_content.jsp?oid=16777336&queryType=qc HTTP/1.1" 200 27515
66.249.79.30 - - [27/Mar/2016:08:11:46 +0800] "GET /content/repository/resource_content.jsp?oid=2546822&queryString=%E8%90%8D%E9%84%89%E7%B8%A3%20%E8%95%AD%E6%B0%8F%20%E8%A2%81%E5%B7%9E HTTP/1.1" 200 30254
66.249.71.105 - - [27/Mar/2016:08:11:50 +0800] "GET /content/nav/relationSubject.jsp?relationWords=%E7%B8%BD%E5%85%B5%E5%AE%98+%E7%BD%B2%E7%9B%B4%E9%9A%B8+%E9%A6%AC%E8%98%AD%E5%8F%A3+&oid=2521496 HTTP/1.1" 200 3238
66.249.71.121 - - [27/Mar/2016:08:11:52 +0800] "GET /content/nav/relationSubject.jsp?relationWords=%E7%B8%BD%E5%85%B5%E5%AE%98%20%E7%BD%B2%E7%9B%B4%E9%9A%B8%20%E9%A6%AC%E8%98%AD%E5%8F%A3%20&oid=2521496 HTTP/1.1" 200 3238
66.249.79.24 - - [27/Mar/2016:08:13:14 +0800] "GET /content/subject/resource_content.jsp?oid=16777396&queryString=%E6%A0%A1%E6%AC%91%20%E6%A4%86%E5%B1%AC%20%E6%A4%8D%E7%89%A9%E7%95%8C%20%E6%AE%BC%E6%96%97%E7%A7%91%20%E9%90%B5%E6%A4%86%20%E9%9D%92%E5%89%9B%E6%AB%9F HTTP/1.1" 200 34738
66.249.71.5 - - [27/Mar/2016:08:13:33 +0800] "GET /content/nav/relationSubject.jsp?relationWords=%E5%82%B3%E7%B5%B1%E7%A5%AD%E5%84%80+%E7%A5%AD%E5%84%80+&oid=4739367 HTTP/1.1" 200 4099
66.249.71.5 - - [27/Mar/2016:08:13:34 +0800] "GET /content/nav/relationSubject.jsp?relationWords=%E5%82%B3%E7%B5%B1%E7%A5%AD%E5%84%80%20%E7%A5%AD%E5%84%80%20&oid=4739367 HTTP/1.1" 200 4099
66.249.79.30 - - [27/Mar/2016:08:14:43 +0800] "GET /content/repository/resource_content.jsp?oid=1888235&queryString=%E6%96%BD%E8%A1%8C%E6%A1%88%20%E6%9D%8E%E5%8D%BF%E9%9B%B2%20%E6%9D%8E%E6%99%A8%E9%90%98%20%E6%9E%97%E9%B6%B4%E5%B9%B4%20%E6%A5%8A%E8%82%87%E5%98%89 HTTP/1.1" 200 30477
66.249.77.91 - - [27/Mar/2016:08:14:54 +0800] "GET /content/nav/relationSubject.jsp?relationWords=%E5%8F%A4%E5%A2%B3+&oid=4444694 HTTP/1.1" 200 3108
66.249.77.91 - - [27/Mar/2016:08:14:55 +0800] "GET /content/nav/relationSubject.jsp?relationWords=%E5%8F%A4%E5%A2%B3%20&oid=4444694 HTTP/1.1" 200 3108
66.249.71.72 - - [27/Mar/2016:08:15:06 +0800] "GET /content/nav/relationSubject.jsp?relationWords=%E7%9C%81%E8%AD%B0%E6%9C%83+%E8%87%BA%E7%81%A3%E7%9C%81+%E8%87%BA%E7%81%A3%E7%9C%81%E8%AD%B0%E6%9C%83+&oid=1895867 HTTP/1.1" 200 5249
66.249.71.72 - - [27/Mar/2016:08:15:08 +0800] "GET /content/nav/relationSubject.jsp?relationWords=%E7%9C%81%E8%AD%B0%E6%9C%83%20%E8%87%BA%E7%81%A3%E7%9C%81%20%E8%87%BA%E7%81%A3%E7%9C%81%E8%AD%B0%E6%9C%83%20&oid=1895867 HTTP/1.1" 200 5249
39.9.71.203 - - [27/Mar/2016:08:15:20 +0800] "GET /content/subject/resource_content.jsp?oid=16777448&queryType=qc HTTP/1.1" 200 34545
39.9.71.203 - - [27/Mar/2016:08:15:22 +0800] "GET /content/nav/relationSubject.jsp?relationWords=%E5%B1%B1%E8%8C%B6%E8%8A%B1+%E6%9B%BC%E9%99%80%E7%BE%85+%E6%9B%BC%E9%99%80%E7%BE%85%E8%8A%B1+%E8%8C%B6%E8%8A%B1+&oid=16777448 HTTP/1.1" 200 3399
66.249.77.91 - - [27/Mar/2016:08:15:35 +0800] "GET /content/nav/relationSubject.jsp?relationWords=%E5%85%A7%E6%94%BF%E9%83%A8+%E7%87%9F%E9%80%A0%E5%BB%A0+%E7%9C%81%E6%94%BF%E5%BA%9C+%E8%87%BA%E7%81%A3%E7%9C%81+%E8%87%BA%E7%81%A3%E7%9C%81%E8%AD%B0%E6%9C%83+&oid=1899088 HTTP/1.1" 200 4687
66.249.77.85 - - [27/Mar/2016:08:15:37 +0800] "GET /content/nav/relationSubject.jsp?relationWords=%E5%85%A7%E6%94%BF%E9%83%A8%20%E7%87%9F%E9%80%A0%E5%BB%A0%20%E7%9C%81%E6%94%BF%E5%BA%9C%20%E8%87%BA%E7%81%A3%E7%9C%81%20%E8%87%BA%E7%81%A3%E7%9C%81%E8%AD%B0%E6%9C%83%20&oid=1899088 HTTP/1.1" 200 4687
66.249.79.186 - - [27/Mar/2016:08:15:38 +0800] "GET /content/nav/relationSubject.jsp?relationWords=%E5%87%8C%E7%B4%94%E8%81%B2+%E5%8F%B0%E7%81%A3%E5%A4%A7%E5%AD%B8+%E5%A5%91%E7%B4%84%E6%96%87%E6%9B%B8+%E8%81%98%E6%9B%B8+&oid=4364540 HTTP/1.1" 200 3254
66.249.79.186 - - [27/Mar/2016:08:15:40 +0800] "GET /content/nav/relationSubject.jsp?relationWords=%E5%87%8C%E7%B4%94%E8%81%B2%20%E5%8F%B0%E7%81%A3%E5%A4%A7%E5%AD%B8%20%E5%A5%91%E7%B4%84%E6%96%87%E6%9B%B8%20%E8%81%98%E6%9B%B8%20&oid=4364540 HTTP/1.1" 200 3254
66.249.71.5 - - [27/Mar/2016:08:16:04 +0800] "GET /digiarch3/content/nav/relationSubject.jsp?relationWords=%E7%9B%9B%E5%85%B7%20%E9%99%B6%E7%94%95%20&oid=4363950 HTTP/1.1" 200 3015
66.249.71.72 - - [27/Mar/2016:08:16:12 +0800] "GET /content/subject/resource_content.jsp?oid=16777741&queryType=qs&queryString=%E5%95%86%E5%8B%99%E5%8D%B0%E6%9B%B8%E9%A4%A8 HTTP/1.1" 200 53533
66.249.71.64 - - [27/Mar/2016:08:16:34 +0800] "GET /content/exhibit/exhibit_content.jsp?oid=16777683 HTTP/1.1" 200 17914
66.249.71.64 - - [27/Mar/2016:08:16:45 +0800] "GET /content/nav/relationSubject.jsp?relationWords=&oid=2660004 HTTP/1.1" 200 1405
66.249.74.98 - - [27/Mar/2016:08:16:47 +0800] "GET /content/tmp_exh/resource_content.jsp?oid=16777852&queryType=qc HTTP/1.1" 200 67305
66.249.71.172 - - [27/Mar/2016:08:16:53 +0800] "GET /content/nav/relationSubject.jsp?relationWords=%E5%8F%B0%E7%81%A3%E9%AD%9A%E9%A1%9E+%E6%93%AC%E9%B1%B8+%E7%89%9F%E5%A9%81%E6%93%AC%E9%B1%B8+&oid=16777780 HTTP/1.1" 200 6214
66.249.71.60 - - [27/Mar/2016:08:16:55 +0800] "GET /content/subject/resource_content.jsp?oid=16777677&queryString=%E5%BD%A9%E7%B9%AA HTTP/1.1" 200 29640
66.249.71.164 - - [27/Mar/2016:08:16:55 +0800] "GET /content/nav/relationSubject.jsp?relationWords=%E5%8F%B0%E7%81%A3%E9%AD%9A%E9%A1%9E%20%E6%93%AC%E9%B1%B8%20%E7%89%9F%E5%A9%81%E6%93%AC%E9%B1%B8%20&oid=16777780 HTTP/1.1" 200 6214
49.216.106.55 - - [27/Mar/2016:08:17:05 +0800] "GET /content/subject/resource_content.jsp?oid=16777599&queryType=qc HTTP/1.1" 200 36988
66.249.71.5 - - [27/Mar/2016:08:17:08 +0800] "GET /digiarch3/content/nav/relationSubject.jsp?relationWords=%E5%87%BA%E7%89%88%E5%93%81+%E6%95%99%E8%81%B7%E5%93%A1+%E6%95%99%E8%82%B2%E5%BB%B3+%E7%82%B3%E7%85%8C+%E8%91%89%E7%82%B3%E7%85%8C+%E8%B3%AA%E8%A9%A2+%E9%AB%94%E8%82%B2+&oid=1557461 HTTP/1.1" 200 3839
66.249.71.5 - - [27/Mar/2016:08:17:10 +0800] "GET /digiarch3/content/nav/relationSubject.jsp?relationWords=%E5%87%BA%E7%89%88%E5%93%81%20%E6%95%99%E8%81%B7%E5%93%A1%20%E6%95%99%E8%82%B2%E5%BB%B3%20%E7%82%B3%E7%85%8C%20%E8%91%89%E7%82%B3%E7%85%8C%20%E8%B3%AA%E8%A9%A2%20%E9%AB%94%E8%82%B2%20&oid=1557461 HTTP/1.1" 200 3839
49.216.106.55 - - [27/Mar/2016:08:17:17 +0800] "GET /content/nav/relationSubject.jsp?relationWords=%E5%8D%83%E5%B9%B4%E6%A1%90+%E6%A1%90%E8%8A%B1+%E6%B2%B9%E6%A1%90+&oid=16777599 HTTP/1.1" 200 3738
66.249.77.91 - - [27/Mar/2016:08:17:40 +0800] "GET /content/subject/resource_content.jsp?oid=16777306&queryString=%E8%8C%84%E8%8B%B3 HTTP/1.1" 200 33348
61.135.189.96 - - [27/Mar/2016:08:17:45 +0800] "GET /digiarch/content/repository/resource_content.jsp?oid=1623011 HTTP/1.1" 404 14873
68.180.230.90 - - [27/Mar/2016:08:17:53 +0800] "GET /content/subject/resource_content.jsp?oid=16777599 HTTP/1.1" 200 36977
61.135.189.96 - - [27/Mar/2016:08:17:57 +0800] "GET /digiarch/content/repository/resource_content.jsp?oid=1894648 HTTP/1.1" 404 14873
61.135.189.96 - - [27/Mar/2016:08:18:08 +0800] "GET /digiarch/content/repository/resource_content.jsp?oid=3127393 HTTP/1.1" 404 14873
61.135.189.96 - - [27/Mar/2016:08:18:31 +0800] "GET /digiarch/content/repository/resource_content.jsp?oid=3128430 HTTP/1.1" 404 14873
61.135.189.96 - - [27/Mar/2016:08:18:33 +0800] "GET /digiarch/content/repository/resource_content.jsp?oid=1594658 HTTP/1.1" 404 14873
61.135.189.96 - - [27/Mar/2016:08:18:59 +0800] "GET /digiarch/content/repository/resource_content.jsp?oid=1624207 HTTP/1.1" 404 14873
61.135.189.96 - - [27/Mar/2016:08:19:03 +0800] "GET /digiarch/content/repository/resource_content.jsp?oid=1582542 HTTP/1.1" 404 14873
66.249.71.23 - - [27/Mar/2016:08:19:18 +0800] "GET /digiarch3/content/nav/relationSubject.jsp?relationWords=%E5%85%83%E5%BA%B7+%E5%B1%85%E5%BB%B6%E6%BC%A2%E7%B0%A1+%E8%A9%94%E6%9B%B8+&oid=279220 HTTP/1.1" 200 3950
66.249.71.23 - - [27/Mar/2016:08:19:20 +0800] "GET /digiarch3/content/nav/relationSubject.jsp?relationWords=%E5%85%83%E5%BA%B7%20%E5%B1%85%E5%BB%B6%E6%BC%A2%E7%B0%A1%20%E8%A9%94%E6%9B%B8%20&oid=279220 HTTP/1.1" 200 3950
61.135.189.96 - - [27/Mar/2016:08:19:23 +0800] "GET /digiarch/content/repository/resource_content.jsp?oid=1580962 HTTP/1.1" 404 14873
61.135.189.96 - - [27/Mar/2016:08:19:24 +0800] "GET /digiarch/content/repository/resource_content.jsp?oid=3394500 HTTP/1.1" 404 14873
66.249.71.60 - - [27/Mar/2016:08:19:36 +0800] "GET /content/repository/resource_content.jsp?oid=1621165 HTTP/1.1" 200 28895
61.135.189.96 - - [27/Mar/2016:08:19:36 +0800] "GET /digiarch/content/repository/resource_content.jsp?oid=1580951 HTTP/1.1" 404 14873
61.135.189.96 - - [27/Mar/2016:08:19:48 +0800] "GET /digiarch/content/repository/resource_content.jsp?oid=1567463 HTTP/1.1" 404 14873
61.135.189.96 - - [27/Mar/2016:08:19:59 +0800] "GET /digiarch/content/repository/resource_content.jsp?oid=2548926 HTTP/1.1" 404 14873
61.135.189.96 - - [27/Mar/2016:08:20:10 +0800] "GET /digiarch/content/repository/resource_content.jsp?oid=2599022 HTTP/1.1" 404 14873
61.135.189.96 - - [27/Mar/2016:08:20:30 +0800] "GET /digiarch/content/repository/resource_content.jsp?oid=2605130 HTTP/1.1" 404 14873
61.135.189.96 - - [27/Mar/2016:08:20:32 +0800] "GET /digiarch/content/repository/resource_content.jsp?oid=1850466 HTTP/1.1" 404 14873
61.135.189.96 - - [27/Mar/2016:08:20:52 +0800] "GET /digiarch/content/repository/resource_content.jsp?oid=761494 HTTP/1.1" 404 14873
61.135.189.96 - - [27/Mar/2016:08:20:53 +0800] "GET /digiarch/content/repository/resource_content.jsp?oid=3409315 HTTP/1.1" 404 14873
61.135.189.96 - - [27/Mar/2016:08:21:05 +0800] "GET /digiarch/content/repository/resource_content.jsp?oid=1516534 HTTP/1.1" 404 14873
61.135.189.96 - - [27/Mar/2016:08:21:16 +0800] "GET /digiarch/content/repository/resource_content.jsp?oid=1516536 HTTP/1.1" 404 14873
61.135.189.96 - - [27/Mar/2016:08:21:27 +0800] "GET /digiarch/content/repository/resource_content.jsp?oid=523918 HTTP/1.1" 404 14873
61.135.189.96 - - [27/Mar/2016:08:21:38 +0800] "GET /digiarch/content/repository/resource_content.jsp?oid=2604902 HTTP/1.1" 404 14873
61.135.189.96 - - [27/Mar/2016:08:21:51 +0800] "GET /digiarch/content/repository/resource_content.jsp?oid=1865145 HTTP/1.1" 404 14873
66.249.71.5 - - [27/Mar/2016:08:21:53 +0800] "GET /content/nav/relationSubject.jsp?relationWords=%E4%BC%B8%E6%B8%AF%E9%84%89+%E5%8A%A0%E5%80%BC%E7%A8%85+%E5%92%8C%E7%BE%8E%E9%8E%AE+%E5%9C%B0%E6%96%B9%E7%A8%85+%E5%AD%B8%E6%A0%A1%E6%95%99%E8%81%B7%E5%93%A1+%E7%87%9F%E6%A5%AD%E7%A8%85+%E7%9C%81%E8%AD%B0%E6%9C%83+%E7%B7%9A%E8%A5%BF+%E8%87%BA%E5%8C%97%E5%B8%82+%E8%AA%B2%E7%A8%85+%E9%80%80%E4%BC%91%E9%87%91+%E9%A0%90%E7%AE%97+&oid=1597605 HTTP/1.1" 200 5849
66.249.71.14 - - [27/Mar/2016:08:21:55 +0800] "GET /content/nav/relationSubject.jsp?relationWords=%E4%BC%B8%E6%B8%AF%E9%84%89%20%E5%8A%A0%E5%80%BC%E7%A8%85%20%E5%92%8C%E7%BE%8E%E9%8E%AE%20%E5%9C%B0%E6%96%B9%E7%A8%85%20%E5%AD%B8%E6%A0%A1%E6%95%99%E8%81%B7%E5%93%A1%20%E7%87%9F%E6%A5%AD%E7%A8%85%20%E7%9C%81%E8%AD%B0%E6%9C%83%20%E7%B7%9A%E8%A5%BF%20%E8%87%BA%E5%8C%97%E5%B8%82%20%E8%AA%B2%E7%A8%85%20%E9%80%80%E4%BC%91%E9%87%91%20%E9%A0%90%E7%AE%97%20&oid=1597605 HTTP/1.1" 200 5849
61.135.189.96 - - [27/Mar/2016:08:22:05 +0800] "GET /digiarch/content/repository/resource_content.jsp?oid=2647589 HTTP/1.1" 404 14873
66.249.71.72 - - [27/Mar/2016:08:22:07 +0800] "GET /content/tmp_exh/resource_content.jsp?oid=16777843&queryType=qc HTTP/1.1" 200 34515
66.249.71.72 - - [27/Mar/2016:08:22:09 +0800] "GET /digiarch_en/content/nav/relationSubject.jsp?relationWords=%E6%85%B6%E7%A5%9D%E6%AF%8D%E8%A6%AA%E7%AF%80+%E6%B5%81%E8%BD%89%E5%B9%B4%E8%8F%AF+&oid=16777589 HTTP/1.1" 200 3253
66.249.74.98 - - [27/Mar/2016:08:22:10 +0800] "GET /digiarch_en/content/nav/relationSubject.jsp?relationWords=%E6%85%B6%E7%A5%9D%E6%AF%8D%E8%A6%AA%E7%AF%80%20%E6%B5%81%E8%BD%89%E5%B9%B4%E8%8F%AF%20&oid=16777589 HTTP/1.1" 200 3253
66.249.71.60 - - [27/Mar/2016:08:22:16 +0800] "GET /content/repository/resource_content.jsp?oid=1531617 HTTP/1.1" 200 29552
61.135.189.96 - - [27/Mar/2016:08:22:20 +0800] "GET /digiarch/content/repository/resource_content.jsp?oid=1611318 HTTP/1.1" 404 14873
66.249.71.14 - - [27/Mar/2016:08:22:24 +0800] "GET /content/nav/relationSubject.jsp?relationWords=%E5%8D%A1%E6%B0%8F+%E7%8B%97%E6%97%97%E4%BB%94+&oid=15092 HTTP/1.1" 200 3469
66.249.71.14 - - [27/Mar/2016:08:22:25 +0800] "GET /content/nav/relationSubject.jsp?relationWords=%E5%8D%A1%E6%B0%8F%20%E7%8B%97%E6%97%97%E4%BB%94%20&oid=15092 HTTP/1.1" 200 3469
66.249.71.64 - - [27/Mar/2016:08:22:34 +0800] "GET /content/nav/relationSubject.jsp?relationWords=%E6%A4%8D%E7%89%A9%E7%95%8C%20%E6%A6%95%E5%B1%AC%20&oid=1458843 HTTP/1.1" 200 2991
61.135.189.96 - - [27/Mar/2016:08:22:41 +0800] "GET /digiarch/content/repository/resource_content.jsp?oid=2626619 HTTP/1.1" 404 14873
61.135.189.96 - - [27/Mar/2016:08:22:42 +0800] "GET /digiarch/content/repository/resource_content.jsp?oid=4460296 HTTP/1.1" 404 14873
61.135.189.96 - - [27/Mar/2016:08:22:58 +0800] "GET /digiarch/content/repository/resource_content.jsp?oid=2651528 HTTP/1.1" 404 14873
61.135.189.96 - - [27/Mar/2016:08:23:08 +0800] "GET /digiarch/content/repository/resource_content.jsp?oid=2616175 HTTP/1.1" 404 14873
61.135.189.96 - - [27/Mar/2016:08:23:19 +0800] "GET /digiarch/content/repository/resource_content.jsp?oid=2598601 HTTP/1.1" 404 14873
61.135.189.96 - - [27/Mar/2016:08:23:30 +0800] "GET /digiarch/content/repository/resource_content.jsp?oid=1516292 HTTP/1.1" 404 14873
61.135.189.96 - - [27/Mar/2016:08:23:44 +0800] "GET /digiarch/content/repository/resource_content.jsp?oid=2582311 HTTP/1.1" 404 14873
61.135.189.96 - - [27/Mar/2016:08:23:56 +0800] "GET /digiarch/content/repository/resource_content.jsp?oid=1516111 HTTP/1.1" 404 14873
61.135.189.96 - - [27/Mar/2016:08:24:07 +0800] "GET /digiarch/content/repository/resource_content.jsp?oid=2687129 HTTP/1.1" 404 14873
61.135.189.96 - - [27/Mar/2016:08:24:27 +0800] "GET /digiarch/content/repository/resource_content.jsp?oid=2584204 HTTP/1.1" 404 14873
61.135.189.96 - - [27/Mar/2016:08:24:28 +0800] "GET /digiarch/content/repository/resource_content.jsp?oid=3127852 HTTP/1.1" 404 14873
61.135.189.96 - - [27/Mar/2016:08:24:40 +0800] "GET /digiarch/content/repository/resource_content.jsp?oid=2545248 HTTP/1.1" 404 14873
61.135.189.96 - - [27/Mar/2016:08:24:51 +0800] "GET /digiarch/content/repository/resource_content.jsp?oid=1588433 HTTP/1.1" 404 14873
66.249.71.60 - - [27/Mar/2016:08:24:56 +0800] "GET /content/repository/resource_content.jsp?oid=2470233 HTTP/1.1" 200 29550
61.135.189.96 - - [27/Mar/2016:08:25:02 +0800] "GET /digiarch/content/repository/resource_content.jsp?oid=2581888 HTTP/1.1" 404 14873
