66.249.71.5 - - [12/May/2016:06:55:38 +0800] "GET /digiarch3/content/nav/relationSubject.jsp?relationWords=%E4%B8%89%E7%A6%AE%20%E4%BA%BA%E6%B0%91%E5%9C%98%E9%AB%94%20%E5%8B%9E%E5%B7%A5%E4%BF%9D%E9%9A%AA%20%E5%9C%B0%E6%94%BF%E5%B1%80%20%E5%B0%B1%E6%A5%AD%E8%BC%94%E5%B0%8E%20%E5%B7%A5%E6%A5%AD%E7%94%A8%E5%9C%B0%20%E5%B9%B9%E9%83%A8%20%E6%95%99%E8%82%B2%E5%8F%AC%E9%9B%86%20%E6%B0%91%E6%94%BF%E5%BB%B3%20%E7%89%B9%E6%8A%80%20%E7%A4%BE%E6%9C%83%E8%99%95%20%E8%97%A5%E5%8A%91%E5%B8%AB%20%E8%97%A5%E5%93%81%20%E8%99%95%E6%96%B9%20%E8%99%95%E9%95%B7%20%E8%A1%9B%E7%94%9F%E8%99%95%20%E8%A1%9B%E7%94%9F%E8%A1%8C%E6%94%BF%20%E8%AD%A6%E5%8B%99%E8%99%95%20%E8%AD%A6%E5%AF%9F%20%E9%A0%90%E5%82%99%E8%BB%8D%E5%AE%98%20&oid=1555969 HTTP/1.1" 200 4028
66.249.79.200 - - [12/May/2016:06:56:06 +0800] "GET /content/nav/relationSubject.jsp?relationWords=%E5%B0%8F%E6%AF%9B+%E5%B0%8F%E6%AF%9B%E6%B0%88%E8%8B%94+%E6%A4%8D%E7%89%A9%E7%95%8C+%E8%8C%85%E8%86%8F%E8%8F%9C+%E8%8C%85%E8%86%8F%E8%8F%9C%E5%B1%AC+%E8%8C%85%E8%86%8F%E8%8F%9C%E7%A7%91+&oid=1105780 HTTP/1.1" 200 3461
66.249.71.5 - - [12/May/2016:06:56:10 +0800] "GET /digiarch3/content/repository/resource_content.jsp?oid=15286&queryString=%E6%97%A5%E6%9C%AC%E7%83%8F%E9%AD%B4%20%E6%B7%B1%E6%B5%B7%E4%B8%89%E8%A7%92%E4%BB%94%20%E7%83%8F%E9%AD%B4%20%E9%BB%91%E7%9A%AE%E5%88%80%20%E9%BB%91%E9%A3%9B%E5%88%80 HTTP/1.1" 200 35692
66.249.71.60 - - [12/May/2016:06:56:23 +0800] "GET /content/nav/relationSubject.jsp?relationWords=%E8%87%AA%E7%84%B6%E7%A7%91%E5%AD%B8+&oid=4467823 HTTP/1.1" 200 3795
66.249.71.50 - - [12/May/2016:06:57:40 +0800] "GET /content/nav/relationSubject.jsp?relationWords=%E5%90%8D%E7%B0%BF+%E5%9C%8B%E6%B0%91%E8%BA%AB%E5%88%86%E8%AD%89+%E6%B0%91%E6%94%BF%E5%BB%B3+%E7%81%A3%E7%9C%81%E6%94%BF%E5%BA%9C+%E7%9C%81%E6%94%BF%E5%BA%9C+%E8%87%BA%E7%81%A3%E7%9C%81+%E8%87%BA%E7%81%A3%E7%9C%81%E6%94%BF%E5%BA%9C+%E8%BA%AB%E5%88%86%E8%AD%89+&oid=1521450 HTTP/1.1" 200 4867
66.249.77.97 - - [12/May/2016:06:57:44 +0800] "GET /content/nav/relationSubject.jsp?relationWords=%E7%83%8F%E5%B0%BE%E5%86%AC%20%E7%83%8F%E5%B0%BE%E5%86%AC%E4%BB%94%20%E9%BB%83%E5%B0%BE%20%E9%BB%83%E5%B0%BE%E6%A2%85%E9%AF%9B%20&oid=4353054 HTTP/1.1" 200 3517
66.249.71.41 - - [12/May/2016:06:57:47 +0800] "GET /content/nav/relationSubject.jsp?relationWords=%E5%90%8D%E7%B0%BF%20%E5%9C%8B%E6%B0%91%E8%BA%AB%E5%88%86%E8%AD%89%20%E6%B0%91%E6%94%BF%E5%BB%B3%20%E7%81%A3%E7%9C%81%E6%94%BF%E5%BA%9C%20%E7%9C%81%E6%94%BF%E5%BA%9C%20%E8%87%BA%E7%81%A3%E7%9C%81%20%E8%87%BA%E7%81%A3%E7%9C%81%E6%94%BF%E5%BA%9C%20%E8%BA%AB%E5%88%86%E8%AD%89%20&oid=1521450 HTTP/1.1" 200 4867
110.28.153.45 - - [12/May/2016:06:57:52 +0800] "GET /content/subject/resource_content.jsp?oid=16777348&queryType=qs&queryString=%E9%9B%BB%E5%AD%90%E5%A0%B1 HTTP/1.1" 200 47903
36.238.85.253 - - [12/May/2016:06:57:58 +0800] "GET /content/subject/resource_content.jsp?oid=16777604&queryString HTTP/1.1" 200 59755
66.249.71.60 - - [12/May/2016:06:58:04 +0800] "GET /content/nav/relationSubject.jsp?relationWords=%E4%B8%8B%E9%AF%A4%E9%AF%93+%E5%85%AC%E5%85%B1%E8%A8%AD%E6%96%BD+%E5%90%88%E4%BD%9C%E7%A4%BE+%E5%90%B3%E4%B8%89%E9%80%A3+%E5%9C%B0%E6%94%BF%E5%B1%80+%E6%9D%8E%E6%BA%90+%E6%9D%8E%E6%BA%90%E6%A3%A7+%E6%9E%97%E5%85%A8+%E6%9E%97%E5%85%A8%E7%A5%BF+%E6%AD%90%E9%9B%B2%E6%98%8E+%E6%B0%91%E6%94%BF%E5%BB%B3+%E6%B5%B7%E5%9F%94%E6%96%B0%E7%94%9F+%E6%B5%B7%E5%9F%94%E6%96%B0%E7%94%9F%E5%9C%B0+%E6%BC%81%E5%A1%AD+%E8%87%BA%E5%8D%97%E5%B8%82+%E8%87%BA%E5%8D%97%E5%B8%82%E6%94%BF%E5%BA%9C+%E8%87%BA%E5%8D%97%E7%B8%A3+%E8%94%A1%E6%9D%8E%E9%B4%A6+%E8%B3%AA%E8%A9%A2+%E9%AD%9A%E5%A1%AD+%E9%BB%83%E5%8D%A0+%E9%BB%83%E5%8D%A0%E5%B2%B8+&oid=1553699 HTTP/1.1" 200 7518
66.249.71.60 - - [12/May/2016:06:58:22 +0800] "GET /content/nav/relationSubject.jsp?relationWords=%E5%9C%B0%E7%B1%8D%E5%9C%96+%E5%9F%BA%E9%9A%86%E5%B8%82%E6%94%BF%E5%BA%9C+%E5%B0%B1%E6%A5%AD%E8%BC%94%E5%B0%8E+%E7%81%A3%E7%9C%81%E6%94%BF%E5%BA%9C+%E7%9C%81%E6%94%BF%E5%BA%9C+%E7%B8%A3%E6%94%BF%E5%BA%9C+%E8%87%BA%E7%81%A3%E7%9C%81+%E8%87%BA%E7%81%A3%E7%9C%81%E6%94%BF%E5%BA%9C+&oid=1897372 HTTP/1.1" 200 4897
66.249.71.60 - - [12/May/2016:06:58:57 +0800] "GET /content/nav/relationSubject.jsp?relationWords=%E7%B1%A4%E7%AD%92+&oid=4362720 HTTP/1.1" 200 2966
66.249.71.60 - - [12/May/2016:06:59:01 +0800] "GET /content/nav/relationSubject.jsp?relationWords=%E6%B0%91%E4%BF%97%E8%87%BA%E7%81%A3+%E7%AB%8B%E7%9F%B3%E9%90%B5%E8%87%A3+%E8%B3%B4%E5%92%8C+&oid=2470196 HTTP/1.1" 200 3284
66.249.71.60 - - [12/May/2016:06:59:06 +0800] "GET /content/nav/relationSubject.jsp?relationWords=%E6%B0%91%E4%BF%97%E8%87%BA%E7%81%A3%20%E7%AB%8B%E7%9F%B3%E9%90%B5%E8%87%A3%20%E8%B3%B4%E5%92%8C%20&oid=2470196 HTTP/1.1" 200 3284
66.249.79.200 - - [12/May/2016:06:59:34 +0800] "GET /content/subject/resource_content.jsp?oid=16777840&queryType=qc HTTP/1.1" 200 40649
122.116.210.97 - - [12/May/2016:06:59:55 +0800] "GET /content/subject/resource_content.jsp?oid=16777604&queryString HTTP/1.1" 200 59755
66.249.71.113 - - [12/May/2016:07:01:07 +0800] "GET /content/repository/resource_content.jsp?oid=1114952&queryType=qs&queryString=%E8%8A%9D%E8%98%AD HTTP/1.1" 200 31682
111.242.2.10 - - [12/May/2016:07:01:08 +0800] "GET /content/subject/resource_content.jsp?oid=16777604&queryString HTTP/1.1" 200 59755
66.249.77.97 - - [12/May/2016:07:01:10 +0800] "GET /content/nav/relationSubject.jsp?relationWords=%E5%90%8F%E9%83%A8+%E8%B5%A4%E5%B3%B0%E7%B8%A3+%E9%87%91%E6%B3%B0+&oid=2684865 HTTP/1.1" 200 3186
66.249.77.91 - - [12/May/2016:07:01:14 +0800] "GET /content/nav/relationSubject.jsp?relationWords=&oid=16777232 HTTP/1.1" 200 1405
66.249.77.85 - - [12/May/2016:07:01:33 +0800] "GET /content/repository/resource_content.jsp?oid=2658136&queryType=qs&queryString=%E6%A8%82%E5%B9%B3%E7%B8%A3 HTTP/1.1" 200 30099
66.249.71.60 - - [12/May/2016:07:01:34 +0800] "GET /content/nav/relationSubject.jsp?relationWords=%E5%B7%A1%E6%92%AB+%E7%9B%A3%E7%8A%AF+%E7%9B%A3%E7%8A%AF%E7%97%85+&oid=2519640 HTTP/1.1" 200 4054
66.249.71.60 - - [12/May/2016:07:01:38 +0800] "GET /content/nav/relationSubject.jsp?relationWords=%E5%B7%A1%E6%92%AB%20%E7%9B%A3%E7%8A%AF%20%E7%9B%A3%E7%8A%AF%E7%97%85%20&oid=2519640 HTTP/1.1" 200 4054
66.249.71.60 - - [12/May/2016:07:01:56 +0800] "GET /digiarch_en/content/nav/relationSubject.jsp?relationWords=%E5%85%AC%E6%95%99%E4%BA%BA%E5%93%A1+%E5%B0%B1%E6%A5%AD%E8%BC%94%E5%B0%8E+%E7%A6%AE%E4%BF%97+%E8%B3%AA%E8%A9%A2+&oid=1584082 HTTP/1.1" 200 3676
66.249.71.60 - - [12/May/2016:07:02:09 +0800] "GET /content/nav/relationSubject.jsp?relationWords=%E6%9C%88%E6%96%91%E8%9D%B4%E8%9D%B6%E9%AD%9A+%E8%9D%B4%E8%9D%B6%E9%AD%9A+&oid=33554739 HTTP/1.1" 200 3404
66.249.71.60 - - [12/May/2016:07:02:26 +0800] "GET /content/repository/resource_content.jsp?oid=4496545 HTTP/1.1" 200 28074
66.249.71.60 - - [12/May/2016:07:02:38 +0800] "GET /content/nav/relationSubject.jsp?relationWords=%E5%88%91%E9%83%A8+%E5%8F%83%E5%B0%87+&oid=2518857 HTTP/1.1" 200 3130
66.249.71.60 - - [12/May/2016:07:02:38 +0800] "GET /content/nav/relationSubject.jsp?relationWords=%E5%9D%8D%E6%96%B9+%E6%9E%97%E5%8B%99%E5%B1%80+%E6%B0%B4%E5%9C%9F+%E7%9C%81%E6%94%BF%E5%BA%9C+%E8%87%BA%E7%81%A3%E9%8A%80%E8%A1%8C+%E8%98%87%E8%8A%B1+%E8%B2%A1%E6%94%BF+%E8%B2%A1%E6%94%BF%E5%BB%B3+%E9%80%A0%E6%9E%97+&oid=1577042 HTTP/1.1" 200 5599
66.249.71.188 - - [12/May/2016:07:02:54 +0800] "GET /content/repository/resource_content.jsp?oid=2681733&queryType=qs&queryString=%E6%B5%A9%E7%84%B6 HTTP/1.1" 200 30283
66.249.71.60 - - [12/May/2016:07:03:14 +0800] "GET /content/nav/relationSubject.jsp?relationWords=&oid=4358364 HTTP/1.1" 200 1405
66.249.71.60 - - [12/May/2016:07:03:29 +0800] "GET /content/nav/relationSubject.jsp?relationWords=%E5%8A%89%E7%8E%89+%E5%8A%89%E7%8E%89%E9%BA%9F+%E5%8D%97%E6%96%90+%E5%8D%97%E6%96%90%E6%B4%B2+%E7%8E%89%E9%BA%9F+&oid=812703 HTTP/1.1" 200 3266
66.249.79.200 - - [12/May/2016:07:03:33 +0800] "GET /content/nav/relationSubject.jsp?relationWords=%E5%8A%89%E7%8E%89%20%E5%8A%89%E7%8E%89%E9%BA%9F%20%E5%8D%97%E6%96%90%20%E5%8D%97%E6%96%90%E6%B4%B2%20%E7%8E%89%E9%BA%9F%20&oid=812703 HTTP/1.1" 200 3266
123.240.185.151 - - [12/May/2016:07:03:50 +0800] "GET /content/subject/resource_content.jsp?oid=16777604&queryString HTTP/1.1" 200 59755
66.249.77.85 - - [12/May/2016:07:04:02 +0800] "GET /content/nav/relationSubject.jsp?relationWords=%E5%8D%97%E5%B3%B6%E6%B0%91%E6%97%8F+%E5%8F%B0%E7%81%A3%E5%8D%97%E5%B3%B6%E6%B0%91%E6%97%8F+%E6%95%99%E6%9D%90+%E6%AF%8D%E8%AA%9E+%E8%AA%9E%E8%A8%80%E5%AD%B8+&oid=1775758 HTTP/1.1" 200 7229
66.249.77.97 - - [12/May/2016:07:04:15 +0800] "GET /content/repository/resource_content.jsp?oid=1546885&queryString=%E6%80%9D%E6%83%B3%20%E6%95%99%E8%82%B2%E6%A1%88 HTTP/1.1" 200 29456
66.249.71.60 - - [12/May/2016:07:05:08 +0800] "GET /content/nav/relationSubject.jsp?relationWords=%E4%BA%BA%E6%AC%8A+%E5%8F%B8%E6%B3%95%E7%8D%A8%E7%AB%8B+%E6%B3%95%E7%95%8C+%E7%82%B3%E7%85%8C+%E8%91%89%E7%82%B3%E7%85%8C+%E8%B3%AA%E8%A9%A2+%E9%BB%83%E5%A5%87+%E9%BB%83%E5%A5%87%E6%AD%A3+&oid=1572469 HTTP/1.1" 200 3641
99.244.69.92 - - [12/May/2016:07:05:22 +0800] "GET /content/nav/relationSubject.jsp?relationWords=%E6%9C%A8%E7%8A%80+%E6%A1%82%E8%8A%B1+&oid=16777255 HTTP/1.1" 200 4029
66.249.71.60 - - [12/May/2016:07:05:31 +0800] "GET /content/nav/relationSubject.jsp?relationWords=%E4%B8%89%E4%B8%83%E8%8D%89+%E4%B8%89%E4%B8%83%E8%8D%89%E5%B1%AC+%E6%A4%8D%E7%89%A9%E7%95%8C+%E8%8F%8A%E7%A7%91+%E8%98%AD%E5%B6%BC%E6%9C%A8%E8%80%B3%E8%8F%9C+%E9%9B%99%E5%AD%90%E8%91%89+%E9%9B%99%E5%AD%90%E8%91%89%E6%A4%8D%E7%89%A9+&oid=1100004 HTTP/1.1" 200 3539
66.249.71.113 - - [12/May/2016:07:05:36 +0800] "GET /content/repository/resource_content.jsp?oid=1546801&queryType=qs&queryString=%E7%A8%85%E6%8D%90 HTTP/1.1" 200 29630
66.249.71.60 - - [12/May/2016:07:05:48 +0800] "GET /content/nav/relationSubject.jsp?relationWords=API+%E6%A4%8D%E7%89%A9%E7%95%8C+%E7%B9%96%E5%BD%A2%E7%A7%91+%E9%9B%99%E5%AD%90%E8%91%89+%E9%9B%99%E5%AD%90%E8%91%89%E6%A4%8D%E7%89%A9+%E9%9B%B7%E5%85%AC%E6%A0%B9+%E9%9B%B7%E5%85%AC%E6%A0%B9%E5%B1%AC+&oid=1108194 HTTP/1.1" 200 3465
66.249.71.60 - - [12/May/2016:07:05:50 +0800] "GET /content/nav/relationSubject.jsp?relationWords=%E6%9C%A8%E9%9B%95+%E6%9C%A8%E9%9B%95%E7%89%88%E7%95%AB+%E7%89%88%E7%95%AB+&oid=4362601 HTTP/1.1" 200 3069
173.252.88.150 - - [12/May/2016:07:06:47 +0800] "GET /content/repository/resource_content.jsp?oid=1778750 HTTP/1.1" 200 39680
66.249.71.60 - - [12/May/2016:07:06:57 +0800] "GET /content/repository/resource_content.jsp?oid=2561228 HTTP/1.1" 200 29167
114.41.209.124 - - [12/May/2016:07:07:18 +0800] "GET /content/subject/resource_content.jsp?oid=16777604&queryString HTTP/1.1" 200 59755
66.249.71.5 - - [12/May/2016:07:07:22 +0800] "GET /content/nav/relationSubject.jsp?relationWords=&oid=4363078 HTTP/1.1" 200 1405
66.249.71.60 - - [12/May/2016:07:07:26 +0800] "GET /content/repository/resource_content.jsp?oid=1608472 HTTP/1.1" 200 28634
66.249.79.200 - - [12/May/2016:07:07:31 +0800] "GET /content/nav/relationSubject.jsp?relationWords=%E6%9B%B9%E8%8B%B1%E5%93%B2+%E7%9C%81%E8%AD%B0%E6%9C%83+%E8%87%A8%E6%99%82%E7%9C%81%E8%AD%B0%E6%9C%83+%E8%87%BA%E7%81%A3%E7%9C%81+%E9%BB%83%E6%9D%B1%E5%8D%97+&oid=1521091 HTTP/1.1" 200 5369
66.249.77.91 - - [12/May/2016:07:07:33 +0800] "GET /content/nav/relationSubject.jsp?relationWords=%E7%9F%A5%E7%85%A7+&oid=2658083 HTTP/1.1" 200 3099
66.249.71.105 - - [12/May/2016:07:07:35 +0800] "GET /content/nav/relationSubject.jsp?relationWords=%E5%90%8F%E9%83%A8+&oid=3410851 HTTP/1.1" 200 3101
66.249.77.91 - - [12/May/2016:07:07:37 +0800] "GET /content/nav/relationSubject.jsp?relationWords=%E7%9F%A5%E7%85%A7%20&oid=2658083 HTTP/1.1" 200 3099
66.249.71.105 - - [12/May/2016:07:07:39 +0800] "GET /content/nav/relationSubject.jsp?relationWords=%E5%90%8F%E9%83%A8%20&oid=3410851 HTTP/1.1" 200 3101
66.249.71.60 - - [12/May/2016:07:07:54 +0800] "GET /content/nav/relationSubject.jsp?relationWords=%E6%A4%8D%E7%89%A9%E7%95%8C+%E8%A0%B6%E8%B1%86+%E9%9B%99%E5%AD%90%E8%91%89+%E9%9B%99%E5%AD%90%E8%91%89%E6%A4%8D%E7%89%A9+%E9%9B%9E%E6%AF%8D%E7%8F%A0+%E9%9B%9E%E6%AF%8D%E7%8F%A0%E5%B1%AC+&oid=2146481 HTTP/1.1" 200 3398
66.249.71.60 - - [12/May/2016:07:08:18 +0800] "GET /content/repository/resource_content.jsp?oid=2565916 HTTP/1.1" 200 29027
66.249.71.60 - - [12/May/2016:07:08:29 +0800] "GET /content/nav/relationSubject.jsp?relationWords=%E5%AF%86%E6%AF%9B+%E5%AF%86%E6%AF%9B%E8%92%9F%E8%92%BB+%E5%AF%86%E6%AF%9B%E9%AD%94%E8%8A%8B+%E8%92%9F%E8%92%BB+%E9%AD%94%E8%8A%8B+&oid=33554765 HTTP/1.1" 200 3535
66.249.71.60 - - [12/May/2016:07:08:39 +0800] "GET /content/nav/relationSubject.jsp?relationWords=%E6%9D%8E%E9%9B%85%E6%99%AF+%E8%81%AF%E7%99%BB+%E9%BB%83%E6%9C%A8+%E9%BB%83%E6%9C%A8%E6%B7%BB+%E9%BB%83%E6%B0%B8+%E9%BB%83%E6%B0%B8%E6%AC%BD+&oid=1892525 HTTP/1.1" 200 3400
66.249.71.60 - - [12/May/2016:07:09:39 +0800] "GET /content/repository/resource_content.jsp?oid=1893920 HTTP/1.1" 200 28855
66.249.71.105 - - [12/May/2016:07:10:00 +0800] "GET /content/nav/relationSubject.jsp?relationWords=%E5%B7%A1%E6%92%AB+%E7%B3%A7%E4%BA%8B+%E9%8C%A2%E7%B3%A7+&oid=2519914 HTTP/1.1" 200 5360
66.249.71.14 - - [12/May/2016:07:10:58 +0800] "GET /digiarch3/content/nav/relationSubject.jsp?relationWords=%E5%8D%8A%E9%82%8A%E9%AD%9A+%E6%89%81%E9%AD%9A+%E6%AF%94%E7%9B%AE%E9%AD%9A+%E7%9A%87%E5%B8%9D%E9%AD%9A+&oid=16378 HTTP/1.1" 200 3606
66.249.71.194 - - [12/May/2016:07:11:00 +0800] "GET /content/repository/resource_content.jsp?oid=16291&queryString=%E4%B8%80%E5%AD%97%E5%80%92%E5%90%8A%20%E4%B8%80%E5%AD%97%E5%88%BA%E5%B0%BE%E9%AF%9B%20%E5%88%BA%E5%B0%BE%E9%AF%9B%E7%A7%91%20%E6%A9%99%E6%96%91%E5%88%BA%E5%B0%BE%E9%AD%9A%20%E7%B4%85%E5%8D%B0%E5%80%92%E5%90%8A HTTP/1.1" 200 36539
66.249.71.105 - - [12/May/2016:07:11:12 +0800] "GET /content/nav/relationSubject.jsp?relationWords=%E5%85%A7%E5%8B%99%E5%BA%9C+%E9%8A%9C%E5%90%8D+&oid=2673421 HTTP/1.1" 200 3164
66.249.71.60 - - [12/May/2016:07:11:47 +0800] "GET /content/nav/relationSubject.jsp?relationWords=%E5%8E%9F%E4%BD%8F%E6%B0%91%E9%9F%B3%E6%A8%82+%E5%8F%B0%E7%81%A3%E5%8E%9F%E4%BD%8F%E6%B0%91+%E6%B0%B8%E9%81%A0%E7%9A%84%E9%83%A8%E8%90%BD+&oid=1773669 HTTP/1.1" 200 5030
66.249.77.91 - - [12/May/2016:07:12:21 +0800] "GET /content/repository/resource_content.jsp?oid=16291&queryString=%E4%B8%80%E5%AD%97%E5%80%92%E5%90%8A%20%E4%B8%80%E5%AD%97%E5%88%BA%E5%B0%BE%E9%AF%9B%20%E5%88%BA%E5%B0%BE%E9%AF%9B%E7%A7%91%20%E6%A9%99%E6%96%91%E5%88%BA%E5%B0%BE%E9%AD%9A%20%E7%B4%85%E5%8D%B0%E5%80%92%E5%90%8A HTTP/1.1" 200 36546
66.249.71.60 - - [12/May/2016:07:13:17 +0800] "GET /content/nav/relationSubject.jsp?relationWords=%E5%A4%AA%E5%83%95+%E5%A4%AA%E5%83%95%E5%AF%BA+%E8%AD%B7%E8%BB%8D+%E8%AD%B7%E8%BB%8D%E6%A0%A1+%E8%BB%8D%E6%A0%A1+&oid=2657392 HTTP/1.1" 200 3281
66.249.71.60 - - [12/May/2016:07:13:22 +0800] "GET /content/nav/relationSubject.jsp?relationWords=%E5%88%91%E9%83%A8+%E6%83%85%E7%9C%9F%E5%BE%8B+%E6%96%AC%E7%9B%A3%E5%80%99+%E7%9B%A3%E5%80%99+%E7%A7%8B%E6%B1%BA+&oid=2555308 HTTP/1.1" 200 4172
66.249.77.85 - - [12/May/2016:07:13:41 +0800] "GET /content/repository/resource_content.jsp?oid=14975&queryString=%E4%B9%9D%E5%88%BA%E9%AE%A8 HTTP/1.1" 200 35787
66.249.71.60 - - [12/May/2016:07:13:46 +0800] "GET /content/repository/resource_content.jsp?oid=1546339 HTTP/1.1" 200 29222
66.249.71.60 - - [12/May/2016:07:14:03 +0800] "GET /content/nav/relationSubject.jsp?relationWords=%E6%A4%8D%E7%89%A9%E7%95%8C+%E7%B4%AB%E9%99%BD%E8%8A%B1+%E8%80%B3%E8%8D%89+%E8%8D%89%E7%B4%AB%E9%99%BD%E8%8A%B1+%E8%96%94%E8%96%87%E7%9B%AE+%E8%99%8E%E8%80%B3+%E8%99%8E%E8%80%B3%E8%8D%89+%E8%99%8E%E8%80%B3%E8%8D%89%E7%A7%91+&oid=1460176 HTTP/1.1" 200 3540
66.249.71.60 - - [12/May/2016:07:14:05 +0800] "GET /content/nav/relationSubject.jsp?relationWords=%E5%8C%97%E6%B8%AF%E6%BA%AA+%E6%BA%AA%E5%A2%98+%E7%9C%81%E6%94%BF%E5%BA%9C+%E9%98%B2%E6%B4%AA+%E9%99%B3%E9%95%B7%E5%B7%9D+&oid=1532026 HTTP/1.1" 200 4627
66.249.71.105 - - [12/May/2016:07:15:02 +0800] "GET /content/repository/resource_content.jsp?oid=14739&queryString=%E5%B0%BE%E6%96%91%E6%A3%98%E9%B1%97%E9%AD%9A%20%E7%80%BE%E5%85%AC%E5%A6%BE%20%E9%87%91%E9%B1%97%E7%94%B2%20%E9%87%91%E9%B1%97%E9%AD%9A%E7%A7%91%20%E9%90%B5%E7%94%B2%E5%85%B5%20%E9%90%B5%E7%B7%9A%E5%A9%86 HTTP/1.1" 200 37015
66.249.71.113 - - [12/May/2016:07:15:46 +0800] "GET /content/nav/relationSubject.jsp?relationWords=%E5%B7%A1%E6%92%AB%20%E7%B3%A7%E4%BA%8B%20%E9%8C%A2%E7%B3%A7%20&oid=2519914 HTTP/1.1" 200 5360
66.249.71.60 - - [12/May/2016:07:16:23 +0800] "GET /content/repository/resource_content.jsp?oid=3354098&queryString=%E5%A4%A7%E6%A8%82%20%E6%B4%B9%E5%AD%90%E5%AD%9F%E5%A7%9C%E5%A3%BA HTTP/1.1" 200 32689
66.249.77.97 - - [12/May/2016:07:17:14 +0800] "GET /content/nav/relationSubject.jsp?relationWords=%E5%A4%A7%E7%9B%AE%E5%81%B4%E4%BB%94+%E5%A4%A7%E9%9D%A2%E5%81%B4%E4%BB%94+%E5%A4%A9%E7%AB%BA%E9%AF%9B+%E5%A4%A9%E7%AB%BA%E9%AF%9B%E7%A7%91+%E6%96%9C%E5%B8%B6+%E9%AF%9B%E7%A7%91+&oid=15151 HTTP/1.1" 200 3651
66.249.71.60 - - [12/May/2016:07:17:19 +0800] "GET /content/nav/relationSubject.jsp?relationWords=&oid=2685012 HTTP/1.1" 200 1405
140.119.160.13 - - [12/May/2016:07:17:38 +0800] "GET /digiarch2/content/repository/resource_content.jsp?queryString=%E8%AA%9E%E8%A8%80&oid=1833042&queryType=qc HTTP/1.1" 200 11578
140.119.160.13 - - [12/May/2016:07:17:53 +0800] "GET /digiarch2/content/repository/resource_content.jsp?queryString=%E8%AA%9E%E8%A8%80&oid=1833042 HTTP/1.1" 500 2179
66.249.71.194 - - [12/May/2016:07:18:09 +0800] "GET /content/nav/relationSubject.jsp?relationWords=%E5%BE%8B%E6%96%AC%E7%AB%8B%E6%B1%BA+%E6%83%85%E7%9C%9F%E5%BE%8B+%E6%96%AC%E7%AB%8B%E6%B1%BA+&oid=2554787 HTTP/1.1" 200 3256
68.180.230.90 - - [12/May/2016:07:18:25 +0800] "GET /content/subject/resource_content.jsp?oid=16777402&queryType=qc HTTP/1.1" 200 27841
66.249.71.5 - - [12/May/2016:07:19:05 +0800] "GET /digiarch3/content/repository/resource_content.jsp?oid=1543874&queryType=qs&queryString=%E6%B0%B4%E5%8A%9B%E7%99%BC%E9%9B%BB HTTP/1.1" 200 28936
66.249.71.113 - - [12/May/2016:07:19:38 +0800] "GET /content/nav/relationSubject.jsp?relationWords=%E5%9C%B0%E5%83%B9+%E5%9C%B0%E5%83%B9%E8%B0%B7+%E5%B8%82%E5%83%B9+%E6%8F%9B%E8%82%A5+%E6%9C%89%E8%81%B7+%E7%94%B0%E8%B3%A6+%E7%B3%A7%E9%A3%9F%E5%B1%80+%E8%95%83%E8%96%AF+%E8%B0%B7%E5%AD%90+%E8%B2%A7%E6%B0%91%E7%B1%B3+%E9%AB%98%E9%9B%84%E5%B8%82+&oid=1539130 HTTP/1.1" 200 4755
140.119.160.13 - - [12/May/2016:07:19:39 +0800] "GET /digiarch2/content/repository/resource_content.jsp?queryString=%E8%AA%9E%E8%A8%80&oid=1833064&queryType=qc HTTP/1.1" 200 11568
66.249.71.72 - - [12/May/2016:07:20:05 +0800] "GET /content/repository/resource_content.jsp?oid=801332 HTTP/1.1" 200 28215
66.249.71.64 - - [12/May/2016:07:20:26 +0800] "GET /content/repository/resource_content.jsp?oid=2546477 HTTP/1.1" 200 30312
66.249.77.91 - - [12/May/2016:07:20:50 +0800] "GET /content/nav/relationSubject.jsp?relationWords=%E6%8E%98%E6%A3%92+%E7%A5%AD%E7%A5%80%E7%94%A8%E6%8E%98%E6%A3%92+%E9%9B%85%E7%BE%8E+%E9%9B%85%E7%BE%8E%E6%97%8F+&oid=1781024 HTTP/1.1" 200 3119
66.249.71.60 - - [12/May/2016:07:21:47 +0800] "GET /content/repository/resource_content.jsp?oid=2570980 HTTP/1.1" 200 30075
182.239.110.195 - - [12/May/2016:07:22:55 +0800] "GET /content/nav/relationSubject.jsp?relationWords=%E5%8D%83%E5%B9%B4%E6%A1%90+%E6%A1%90%E8%8A%B1+%E6%B2%B9%E6%A1%90+&oid=16777599 HTTP/1.1" 200 3738
66.249.77.85 - - [12/May/2016:07:23:01 +0800] "GET /content/nav/relationSubject.jsp?relationWords=%E8%96%9C%E8%8D%94+&oid=16777485 HTTP/1.1" 200 3561
66.249.71.60 - - [12/May/2016:07:23:08 +0800] "GET /content/repository/resource_content.jsp?oid=2520157 HTTP/1.1" 200 29426
66.249.71.113 - - [12/May/2016:07:24:29 +0800] "GET /content/repository/resource_content.jsp?oid=1572474&queryType=qs&queryString=%E9%9A%86%E9%A0%86 HTTP/1.1" 200 33235
66.249.71.121 - - [12/May/2016:07:25:50 +0800] "GET /content/repository/resource_content.jsp?oid=3823414&queryType=qs&queryString=%E8%95%8E%E9%BA%A5 HTTP/1.1" 200 31251
66.249.71.5 - - [12/May/2016:07:26:20 +0800] "GET /digiarch3/content/nav/relationSubject.jsp?relationWords=%E6%A4%8D%E7%89%A9%E7%95%8C+%E6%BE%A4%E8%98%AD%E5%B1%AC+%E7%90%89%E7%90%83%E6%BE%A4%E8%98%AD+%E8%8F%8A%E7%A7%91+%E9%9B%99%E5%AD%90%E8%91%89%E6%A4%8D%E7%89%A9+&oid=1103553 HTTP/1.1" 200 3268
223.139.11.236 - - [12/May/2016:07:26:44 +0800] "GET /content/nav/relationSubject.jsp?relationWords=%E7%9C%8B%E8%AD%B7%E5%A9%A6+%E8%AD%B7%E5%A3%AB+&oid=16777604 HTTP/1.1" 200 4045
66.249.71.72 - - [12/May/2016:07:26:48 +0800] "GET /content/nav/relationSubject.jsp?relationWords=%E6%A4%8D%E7%89%A9%E7%95%8C+%E7%8E%84%E5%8F%83+%E7%8E%84%E5%8F%83%E5%B1%AC+%E7%8E%84%E5%8F%83%E7%A7%91+%E9%9B%99%E9%8B%B8%E8%91%89%E7%8E%84%E5%8F%83+%E9%9B%99%E9%8B%B8%E9%BD%92%E7%8E%84%E5%8F%83+&oid=3824312 HTTP/1.1" 200 3553
66.249.71.194 - - [12/May/2016:07:27:11 +0800] "GET /content/subject/resource_content.jsp?oid=16777640&queryType=qs&queryString=%E6%9E%97%E7%8D%BB%E5%A0%82 HTTP/1.1" 200 61921
66.249.71.72 - - [12/May/2016:07:27:17 +0800] "GET /content/nav/relationSubject.jsp?relationWords=%E4%BF%A1%E5%90%9B+%E5%85%AB%E5%B9%B4%E7%9B%B8%E9%82%A6%E5%8A%8D+&oid=3357596 HTTP/1.1" 200 3204
66.249.71.60 - - [12/May/2016:07:27:19 +0800] "GET /content/nav/relationSubject.jsp?relationWords=%E4%BF%A1%E5%90%9B%20%E5%85%AB%E5%B9%B4%E7%9B%B8%E9%82%A6%E5%8A%8D%20&oid=3357596 HTTP/1.1" 200 3204
66.249.71.60 - - [12/May/2016:07:27:55 +0800] "GET /content/nav/relationSubject.jsp?relationWords=%E5%AE%9A%E7%B6%93%E8%8D%89+%E6%A4%8D%E7%89%A9%E7%95%8C+%E7%8F%A0%E4%BB%94%E8%8D%89+%E8%80%B3%E8%8D%89+%E8%80%B3%E8%8D%89%E5%B1%AC+%E8%8C%9C%E8%8D%89+%E8%8C%9C%E8%8D%89%E7%A7%91+&oid=3817442 HTTP/1.1" 200 3449
66.249.71.64 - - [12/May/2016:07:27:58 +0800] "GET /content/nav/relationSubject.jsp?relationWords=%E5%AE%9A%E7%B6%93%E8%8D%89%20%E6%A4%8D%E7%89%A9%E7%95%8C%20%E7%8F%A0%E4%BB%94%E8%8D%89%20%E8%80%B3%E8%8D%89%20%E8%80%B3%E8%8D%89%E5%B1%AC%20%E8%8C%9C%E8%8D%89%20%E8%8C%9C%E8%8D%89%E7%A7%91%20&oid=3817442 HTTP/1.1" 200 3449
40.77.167.42 - - [12/May/2016:07:28:13 +0800] "GET /content/repository/resource_content.jsp?oid=1548057&queryType=qs&queryString=%E6%97%A5%E6%B2%BB%E6%99%82%E4%BB%A3 HTTP/1.1" 200 34613
66.249.71.60 - - [12/May/2016:07:28:31 +0800] "GET /content/repository/resource_content.jsp?oid=1112499 HTTP/1.1" 200 31644
66.249.71.64 - - [12/May/2016:07:28:33 +0800] "GET /content/nav/relationSubject.jsp?relationWords=%E5%87%86%E9%9B%80%E9%AF%9B+%E5%9C%93%E7%9C%BC+%E6%88%B4%E6%B0%8F+%E7%92%B0%E7%9C%BC%E5%87%86%E9%9B%80%E9%AF%9B+%E7%B4%85%E5%A8%98%E4%BB%94+%E7%B4%85%E8%BA%AB%E5%85%AC%E4%BB%94+%E7%B4%85%E9%AD%9A%E4%BB%94+%E9%9B%80%E9%AF%9B+%E9%9B%80%E9%AF%9B%E7%A7%91+%E9%AF%9B%E7%A7%91+&oid=15070 HTTP/1.1" 200 4060
66.249.71.64 - - [12/May/2016:07:29:52 +0800] "GET /content/repository/resource_content.jsp?oid=1600580 HTTP/1.1" 200 30591
66.249.71.121 - - [12/May/2016:07:32:34 +0800] "GET /content/repository/resource_content.jsp?oid=1538326&queryType=qs&queryString=%E7%B6%93%E7%87%9F%E6%AC%8A HTTP/1.1" 200 30299
66.249.71.113 - - [12/May/2016:07:32:45 +0800] "GET /content/repository/resource_content.jsp?oid=15335&queryType=qs&queryString=%E6%B7%B1%E6%B5%B7%E4%B8%80%E6%94%AF%E9%87%A3 HTTP/1.1" 200 34972
66.249.71.72 - - [12/May/2016:07:33:00 +0800] "GET /content/nav/relationSubject.jsp?relationWords=GIS%20%E6%95%B8%E4%BD%8D%E5%85%B8%E8%97%8F%20%E9%81%99%E6%B8%AC%20%E9%81%99%E6%B8%AC%E5%BD%B1%E5%83%8F%20&oid=16777796 HTTP/1.1" 200 9620
123.125.71.27 - - [12/May/2016:07:33:43 +0800] "GET /content/tmp_exh/resource_content.jsp?oid=16777851&queryType=qc%201890 HTTP/1.1" 200 45681
66.249.79.105 - - [12/May/2016:07:33:56 +0800] "GET /content/repository/resource_content.jsp?oid=1570180&queryType=qs&queryString=%E6%94%BF%E5%BA%9C%E5%A0%B1%E5%91%8A HTTP/1.1" 200 29366
66.249.71.105 - - [12/May/2016:07:34:05 +0800] "GET /content/nav/relationSubject.jsp?relationWords=%E5%B0%8E%E5%B8%AB%E8%B2%BB+%E6%88%90%E4%BA%BA%E6%95%99%E8%82%B2+&oid=1593265 HTTP/1.1" 200 4023
66.249.71.105 - - [12/May/2016:07:34:12 +0800] "GET /content/nav/relationSubject.jsp?relationWords=%E5%B0%8E%E5%B8%AB%E8%B2%BB%20%E6%88%90%E4%BA%BA%E6%95%99%E8%82%B2%20&oid=1593265 HTTP/1.1" 200 4023
66.249.71.64 - - [12/May/2016:07:34:55 +0800] "GET /content/nav/relationSubject.jsp?relationWords=%E6%A4%8D%E7%89%A9%E7%95%8C+%E6%AB%9F%E5%B1%AC+%E6%AE%BC%E6%96%97%E7%A7%91+%E9%8C%90%E6%9E%9C%E6%AB%9F+&oid=2151036 HTTP/1.1" 200 3366
66.249.71.105 - - [12/May/2016:07:35:17 +0800] "GET /content/repository/resource_content.jsp?oid=1555458&queryType=qs&queryString=%E5%AD%B8%E7%94%9F%E4%BA%BA%E6%95%B8 HTTP/1.1" 200 31185
66.249.71.188 - - [12/May/2016:07:36:07 +0800] "GET /content/nav/relationSubject.jsp?relationWords=%E6%9E%97%E5%9C%8B%E8%B3%A1+&oid=606063 HTTP/1.1" 200 3226
66.249.71.5 - - [12/May/2016:07:36:37 +0800] "GET /content/subject/resource_content.jsp?oid=16777391&queryType=qc HTTP/1.1" 200 41637
66.249.71.105 - - [12/May/2016:07:36:51 +0800] "GET /content/nav/relationSubject.jsp?relationWords=%E5%90%8F%E9%83%A8+&oid=2680756 HTTP/1.1" 200 3098
66.249.71.105 - - [12/May/2016:07:36:57 +0800] "GET /content/nav/relationSubject.jsp?relationWords=%E5%90%8F%E9%83%A8%20&oid=2680756 HTTP/1.1" 200 3098
66.249.71.14 - - [12/May/2016:07:36:59 +0800] "GET /content/nav/relationSubject.jsp?relationWords=%E9%A0%86%E5%A4%A9+%E9%A0%86%E5%A4%A9%E5%BA%9C+&oid=2685022 HTTP/1.1" 200 3152
66.249.79.193 - - [12/May/2016:07:37:01 +0800] "GET /content/nav/relationSubject.jsp?relationWords=%E9%A0%86%E5%A4%A9%20%E9%A0%86%E5%A4%A9%E5%BA%9C%20&oid=2685022 HTTP/1.1" 200 3152
66.249.77.91 - - [12/May/2016:07:37:58 +0800] "GET /content/repository/resource_content.jsp?oid=4472199&queryString=%E4%BD%9B%E5%8D%B0 HTTP/1.1" 200 29267
66.249.71.5 - - [12/May/2016:07:39:09 +0800] "GET /digiarch3/content/nav/relationSubject.jsp?relationWords=%E5%85%A7%E5%9F%94%E9%84%89+%E5%9C%9F%E5%9C%B0%E9%8A%80%E8%A1%8C+%E5%AD%98%E6%AC%BE+%E5%B1%B1%E8%83%9E+%E5%B1%B1%E8%83%9E%E6%A1%88+%E6%BD%98%E7%A6%8F%E9%9A%86+%E7%9C%81%E6%94%BF%E5%BA%9C+%E7%9C%81%E8%AD%B0%E6%9C%83+%E8%87%BA%E7%81%A3%E7%9C%81+%E8%87%BA%E7%81%A3%E7%9C%81%E8%AD%B0%E6%9C%83+%E8%90%AC%E5%B7%92+%E8%90%AC%E5%B7%92%E9%84%89+&oid=1533329 HTTP/1.1" 200 5867
66.249.71.64 - - [12/May/2016:07:39:18 +0800] "GET /content/subject/resource_content.jsp?oid=16777332&queryString=%E5%A4%8F%E5%A4%9C%20%E6%B0%B4%E8%8C%84%20%E6%B0%B4%E8%8C%84%E8%8B%B3%20%E8%8C%84%E8%8B%B3 HTTP/1.1" 200 33547
66.249.71.60 - - [12/May/2016:07:40:03 +0800] "GET /content/nav/relationSubject.jsp?relationWords=%E6%AA%AC%E6%9E%9C+%E6%B5%B7%E6%AA%AC%E6%9E%9C+&oid=16777416 HTTP/1.1" 200 4718
66.249.71.64 - - [12/May/2016:07:40:39 +0800] "GET /content/repository/resource_content.jsp?oid=2587683 HTTP/1.1" 200 29011
223.141.177.231 - - [12/May/2016:07:41:23 +0800] "GET /content/subject/resource_content.jsp?oid=16777348&queryType=qs&queryString=%E9%9B%BB%E5%AD%90%E5%A0%B1 HTTP/1.1" 200 47903
223.141.177.231 - - [12/May/2016:07:41:25 +0800] "GET /content/nav/relationSubject.jsp?relationWords=%E7%8E%BB%E7%92%83%E7%92%B0+%E9%8A%85%E5%88%80+%E9%8E%8F%E9%87%91+%E9%9D%92%E9%8A%85%E5%88%80+%E9%9D%92%E9%8A%85%E5%88%80%E6%9F%84+&oid=16777348 HTTP/1.1" 200 3187
66.249.71.64 - - [12/May/2016:07:41:30 +0800] "GET /content/nav/relationSubject.jsp?relationWords=%E6%A4%8D%E7%89%A9%E7%95%8C%20%E7%8B%B9%E8%91%89%20%E7%8B%B9%E8%91%89%E8%89%BE%E7%B4%8D%E9%A6%99%20%E8%89%BE%E7%B4%8D%E9%A6%99%20%E8%89%BE%E7%B4%8D%E9%A6%99%E5%B1%AC%20%E8%8F%8A%E7%A7%91%20%E9%9B%99%E5%AD%90%E8%91%89%20%E9%9B%99%E5%AD%90%E8%91%89%E6%A4%8D%E7%89%A9%20&oid=1106669 HTTP/1.1" 200 3562
204.79.180.92 - - [12/May/2016:07:41:55 +0800] "GET /content/nav/relationSubject.jsp?relationWords=%E9%BB%91%E6%9D%BF%E6%A8%B9+&oid=16777262 HTTP/1.1" 200 3253
66.249.71.60 - - [12/May/2016:07:42:00 +0800] "GET /content/repository/resource_content.jsp?oid=1606969 HTTP/1.1" 200 28590
66.249.71.60 - - [12/May/2016:07:43:21 +0800] "GET /content/repository/resource_content.jsp?oid=2567711 HTTP/1.1" 200 29729
123.110.141.192 - - [12/May/2016:07:43:41 +0800] "GET /content/repository/resource_content.jsp?oid=2470424&queryString=%E5%85%AC%E6%9C%83%E5%A0%82%20%E5%8C%97%E5%8E%9F%E6%94%BF%E5%90%89%20%E6%96%87%E8%97%9D%E8%87%BA%E7%81%A3%E7%A4%BE%20%E8%A5%BF%E5%B7%9D%E6%BB%BF HTTP/1.1" 200 30948
123.110.141.192 - - [12/May/2016:07:43:41 +0800] "GET /content/nav/relationSubject.jsp?relationWords=%E5%85%AC%E6%9C%83%E5%A0%82+%E5%8C%97%E5%8E%9F%E6%94%BF%E5%90%89+%E6%94%BF%E5%90%89+%E6%97%A5%E6%97%A5%E6%96%B0+%E6%97%A5%E6%97%A5%E6%96%B0%E5%A0%B1+%E8%87%BA%E7%81%A3%E6%97%A5%E6%97%A5%E6%96%B0%E5%A0%B1+&oid=2470424 HTTP/1.1" 200 3504
66.249.71.60 - - [12/May/2016:07:43:50 +0800] "GET /content/nav/relationSubject.jsp?relationWords=%E6%A4%8D%E7%89%A9%E7%95%8C+%E6%BC%86%E5%A7%91%E8%8D%89+%E7%93%9C%E6%A7%8C%E8%8D%89+%E7%93%9C%E6%A7%8C%E8%8D%89%E5%B1%AC+%E7%9F%B3%E7%AB%B9+%E7%9F%B3%E7%AB%B9%E7%A7%91+%E7%AB%B9%E7%A7%91+&oid=1107261 HTTP/1.1" 200 3456
66.249.71.5 - - [12/May/2016:07:43:55 +0800] "GET /digiarch3/content/nav/relationSubject.jsp?relationWords=%E6%B3%B0%E9%9B%85+%E6%B3%B0%E9%9B%85%E6%97%8F+%E7%8F%A0%E8%A1%A3+&oid=16777491 HTTP/1.1" 200 6700
66.249.71.60 - - [12/May/2016:07:43:59 +0800] "GET /content/nav/relationSubject.jsp?relationWords=%E4%BA%8C%E5%BA%9C%E4%BA%BA+%E5%85%AC%E6%95%99%E4%BA%BA%E5%93%A1+%E5%B9%B4%E7%B5%82%E7%8D%8E%E9%87%91+%E5%BA%9C%E4%BA%BA%E4%B8%99%E5%AD%97+&oid=1586636 HTTP/1.1" 200 4283
66.249.71.60 - - [12/May/2016:07:44:02 +0800] "GET /content/nav/relationSubject.jsp?relationWords=%E4%BA%8C%E5%BA%9C%E4%BA%BA%20%E5%85%AC%E6%95%99%E4%BA%BA%E5%93%A1%20%E5%B9%B4%E7%B5%82%E7%8D%8E%E9%87%91%20%E5%BA%9C%E4%BA%BA%E4%B8%99%E5%AD%97%20&oid=1586636 HTTP/1.1" 200 4283
66.249.71.60 - - [12/May/2016:07:44:04 +0800] "GET /content/nav/relationSubject.jsp?relationWords=%E4%B8%80%E8%91%89%E8%98%AD+%E4%B8%80%E8%91%89%E8%98%AD%E5%B1%AC+%E5%8F%B0%E7%81%A3%E4%B8%80%E8%91%89%E8%98%AD+%E6%A4%8D%E7%89%A9%E7%95%8C+%E8%91%89%E8%98%AD+%E8%98%AD%E5%B1%AC+&oid=3815485 HTTP/1.1" 200 3413
66.249.79.200 - - [12/May/2016:07:44:09 +0800] "GET /content/nav/relationSubject.jsp?relationWords=%E4%B8%80%E8%91%89%E8%98%AD%20%E4%B8%80%E8%91%89%E8%98%AD%E5%B1%AC%20%E5%8F%B0%E7%81%A3%E4%B8%80%E8%91%89%E8%98%AD%20%E6%A4%8D%E7%89%A9%E7%95%8C%20%E8%91%89%E8%98%AD%20%E8%98%AD%E5%B1%AC%20&oid=3815485 HTTP/1.1" 200 3413
66.249.71.60 - - [12/May/2016:07:44:42 +0800] "GET /content/repository/resource_content.jsp?oid=16354&queryType=qs&queryString=DNA HTTP/1.1" 200 37705
66.249.71.5 - - [12/May/2016:07:45:08 +0800] "GET /digiarch3/content/nav/relationSubject.jsp?relationWords=%E4%BF%B1%E6%A8%82%E9%83%A8+%E6%84%9B%E5%9C%8B%E5%A9%A6%E4%BA%BA%E6%9C%83+%E6%A1%94%E6%A2%97+&oid=16777660 HTTP/1.1" 200 3317
141.8.132.82 - - [12/May/2016:07:45:19 +0800] "GET /content/subject/resource_content.jsp?oid=16777788&queryType=qc HTTP/1.1" 200 42882
66.249.77.97 - - [12/May/2016:07:45:20 +0800] "GET /content/subject/resource_content.jsp?oid=16777350&queryType=qc HTTP/1.1" 200 36780
141.8.132.82 - - [12/May/2016:07:45:22 +0800] "GET /content/subject/resource_content.jsp?oid=16777436&queryType=qc HTTP/1.1" 200 28563
66.249.71.5 - - [12/May/2016:07:45:22 +0800] "GET /digiarch3/content/repository/resource_content.jsp?oid=15915&queryString=%E7%8B%97%E9%B0%B7%20%E7%B4%85%E5%B0%BE HTTP/1.1" 200 34949
141.8.132.82 - - [12/May/2016:07:45:39 +0800] "GET /content/subject/resource_content.jsp?oid=16777391&queryType=qc HTTP/1.1" 200 41645
66.249.77.85 - - [12/May/2016:07:45:43 +0800] "GET /content/nav/relationSubject.jsp?relationWords=%E5%96%AA%E8%91%AC%E8%A3%9C%E5%8A%A9+%E6%88%B6%E7%B1%8D%E8%AC%84%E6%9C%AC+%E7%9C%81%E6%94%BF%E5%BA%9C+%E7%9C%81%E8%AD%B0%E6%9C%83+%E7%A6%8F%E5%88%A9%E4%BA%92%E5%8A%A9+%E8%87%BA%E7%81%A3%E7%9C%81+%E8%87%BA%E7%81%A3%E7%9C%81%E8%AD%B0%E6%9C%83+%E8%96%AA%E6%B4%A5+%E8%AA%BF%E6%9F%A5%E8%A1%A8+%E8%AC%84%E6%9C%AC+&oid=1530723 HTTP/1.1" 200 5801
141.8.132.82 - - [12/May/2016:07:46:51 +0800] "GET /content/pictures/picture_content.jsp?oid=33554741 HTTP/1.1" 200 27278
141.8.132.82 - - [12/May/2016:07:47:12 +0800] "GET /content/subject/resource_content.jsp?oid=16777753&queryType=qc HTTP/1.1" 200 36831
66.249.71.72 - - [12/May/2016:07:47:24 +0800] "GET /content/repository/resource_content.jsp?oid=2142726&queryString=%E5%A4%A7%E9%82%84%E9%AD%82%20%E5%B0%8F%E7%87%88%E7%B1%A0%E8%8D%89%20%E6%A4%8D%E7%89%A9%E7%95%8C%20%E7%87%88%E7%B1%A0%E8%8D%89%E5%B1%AC%20%E8%96%94%E8%96%87%E7%9B%AE HTTP/1.1" 200 31438
141.8.132.82 - - [12/May/2016:07:47:29 +0800] "GET /content/subject/resource_content.jsp?oid=16777334&queryType=qc HTTP/1.1" 200 27779
141.8.132.82 - - [12/May/2016:07:47:49 +0800] "GET /content/pictures/picture_content.jsp?oid=33554696 HTTP/1.1" 200 27709
111.252.218.168 - - [12/May/2016:07:48:08 +0800] "GET /content/subject/resource_content.jsp?oid=16797240&queryType=qc HTTP/1.1" 200 42460
111.252.218.168 - - [12/May/2016:07:48:17 +0800] "GET /content/nav/relationSubject.jsp?relationWords=&oid=16797240 HTTP/1.1" 200 1405
150.70.173.40 - - [12/May/2016:07:48:30 +0800] "GET /content/subject/resource_content.jsp?oid=16797240&queryType=qc HTTP/1.1" 200 42460
68.180.230.90 - - [12/May/2016:07:48:33 +0800] "GET /content/repository/resource_content.jsp?oid=1124926&queryType=qc HTTP/1.1" 200 36913
66.249.71.5 - - [12/May/2016:07:48:45 +0800] "GET /digiarch3/content/repository/resource_content.jsp?oid=18179&queryType=qs&queryString=%E6%93%AC%E8%83%8C%E6%96%91 HTTP/1.1" 200 30098
66.249.71.64 - - [12/May/2016:07:50:06 +0800] "GET /content/repository/resource_content.jsp?oid=1636794&queryString=%E7%8F%A0%E8%9E%BA%20%E8%85%B9%E8%B6%B3%E7%B6%B1%20%E8%A0%91%E8%9E%BA%E7%A7%91%20%E8%BB%9F%E9%AB%94%E5%8B%95%E7%89%A9%E9%96%80 HTTP/1.1" 200 32668
213.24.134.75 - - [12/May/2016:07:50:42 +0800] "GET /content/subject/resource_content.jsp?oid=16777529'A=0&queryType=qc HTTP/1.1" 500 15712
213.24.134.75 - - [12/May/2016:07:50:46 +0800] "GET /content/subject/resource_content.jsp?oid=16777529&queryType=qc'A=0 HTTP/1.1" 200 27986
66.249.71.105 - - [12/May/2016:07:50:51 +0800] "GET /content/nav/relationSubject.jsp?relationWords=%E5%9C%B0%E6%96%B9%E8%87%AA%E6%B2%BB+%E6%95%88%E7%8E%87+%E6%95%88%E7%8E%87%E6%A1%88+%E7%A8%85%E6%8D%90+%E8%AD%A6%E5%AF%9F+%E8%AD%A6%E5%AF%9F%E5%B1%80+&oid=1546801 HTTP/1.1" 200 4371
66.249.71.105 - - [12/May/2016:07:50:54 +0800] "GET /content/nav/relationSubject.jsp?relationWords=%E5%9C%B0%E6%96%B9%E8%87%AA%E6%B2%BB%20%E6%95%88%E7%8E%87%20%E6%95%88%E7%8E%87%E6%A1%88%20%E7%A8%85%E6%8D%90%20%E8%AD%A6%E5%AF%9F%20%E8%AD%A6%E5%AF%9F%E5%B1%80%20&oid=1546801 HTTP/1.1" 200 4371
66.249.79.200 - - [12/May/2016:07:50:59 +0800] "GET /content/nav/relationSubject.jsp?relationWords=%E5%9B%BA%E5%AE%9A%E8%B3%87%E7%94%A2+%E6%B1%BA%E7%AE%97+%E7%A1%AB%E9%85%B8+%E7%A1%AB%E9%85%B8%E9%8C%8F+%E7%B5%90%E8%AA%9E+%E9%A0%90%E7%AE%97+&oid=1590857 HTTP/1.1" 200 6138
66.249.71.64 - - [12/May/2016:07:51:44 +0800] "GET /content/nav/relationSubject.jsp?relationWords=%E5%9B%BA%E5%AE%9A%E8%B3%87%E7%94%A2%20%E6%B1%BA%E7%AE%97%20%E7%A1%AB%E9%85%B8%20%E7%A1%AB%E9%85%B8%E9%8C%8F%20%E7%B5%90%E8%AA%9E%20%E9%A0%90%E7%AE%97%20&oid=1590857 HTTP/1.1" 200 6138
66.249.71.60 - - [12/May/2016:07:52:07 +0800] "GET /content/nav/relationSubject.jsp?relationWords=%E9%97%9C%E7%A8%85+&oid=4496545 HTTP/1.1" 200 4375
66.249.71.60 - - [12/May/2016:07:52:11 +0800] "GET /content/nav/relationSubject.jsp?relationWords=%E9%97%9C%E7%A8%85%20&oid=4496545 HTTP/1.1" 200 4375
39.13.221.236 - - [12/May/2016:07:53:12 +0800] "GET /content/nav/relationSubject.jsp?relationWords=&oid=16777591 HTTP/1.1" 200 1405
66.249.79.200 - - [12/May/2016:07:54:09 +0800] "GET /content/repository/resource_content.jsp?oid=2518193 HTTP/1.1" 200 29715
66.249.79.200 - - [12/May/2016:07:55:30 +0800] "GET /content/repository/resource_content.jsp?oid=2510944 HTTP/1.1" 200 30155
66.249.71.60 - - [12/May/2016:07:55:59 +0800] "GET /content/nav/relationSubject.jsp?relationWords=%E8%8F%B1%E9%B3%B6%E9%AD%9F+%E9%B3%B6%E9%AD%9F+%E9%B3%B6%E9%AD%9F%E7%A7%91+&oid=24812 HTTP/1.1" 200 3354
66.249.71.60 - - [12/May/2016:07:56:01 +0800] "GET /content/nav/relationSubject.jsp?relationWords=%E8%8F%B1%E9%B3%B6%E9%AD%9F%20%E9%B3%B6%E9%AD%9F%20%E9%B3%B6%E9%AD%9F%E7%A7%91%20&oid=24812 HTTP/1.1" 200 3354
66.249.77.91 - - [12/May/2016:07:56:08 +0800] "GET /content/nav/relationSubject.jsp?relationWords=%E5%A6%A5%E5%93%A1+%E5%A7%94%E5%A6%A5%E5%93%A1+&oid=556098 HTTP/1.1" 200 3307
66.249.71.60 - - [12/May/2016:07:56:27 +0800] "GET /content/nav/relationSubject.jsp?relationWords=%E8%98%87%E6%96%87+%E8%98%87%E6%96%87%E9%9B%84+%E8%B6%99%E8%89%AF%E7%87%95+%E9%82%B1%E9%8F%A1%E6%B7%B3+&oid=1893920 HTTP/1.1" 200 3316
66.249.71.60 - - [12/May/2016:07:56:29 +0800] "GET /content/nav/relationSubject.jsp?relationWords=%E8%98%87%E6%96%87%20%E8%98%87%E6%96%87%E9%9B%84%20%E8%B6%99%E8%89%AF%E7%87%95%20%E9%82%B1%E9%8F%A1%E6%B7%B3%20&oid=1893920 HTTP/1.1" 200 3316
66.249.71.60 - - [12/May/2016:07:56:51 +0800] "GET /content/repository/resource_content.jsp?oid=1782974&queryString=%E6%B3%B0%E9%9B%85%E6%97%8F%20%E7%B1%90%E8%A3%BD%E5%A3%93%E9%85%92%E5%99%A8 HTTP/1.1" 200 28592
66.249.71.121 - - [12/May/2016:07:57:29 +0800] "GET /content/nav/relationSubject.jsp?relationWords=%E6%9A%B9%E9%82%8F+%E8%B2%A2%E4%BD%BF+&oid=2642480 HTTP/1.1" 200 3128
66.249.71.121 - - [12/May/2016:07:57:31 +0800] "GET /content/nav/relationSubject.jsp?relationWords=%E6%9A%B9%E9%82%8F%20%E8%B2%A2%E4%BD%BF%20&oid=2642480 HTTP/1.1" 200 3128
66.249.71.60 - - [12/May/2016:07:57:47 +0800] "GET /content/nav/relationSubject.jsp?relationWords=%E4%B8%81%E6%86%82+%E5%B7%A1%E6%92%AB+&oid=2520157 HTTP/1.1" 200 4002
66.249.71.60 - - [12/May/2016:07:57:49 +0800] "GET /content/nav/relationSubject.jsp?relationWords=%E4%B8%81%E6%86%82%20%E5%B7%A1%E6%92%AB%20&oid=2520157 HTTP/1.1" 200 4002
123.125.71.113 - - [12/May/2016:07:57:57 +0800] "GET /digiarch_en/content/subject/resource_content.jsp?oid=16777486&queryType=qc HTTP/1.1" 200 36871
61.228.55.252 - - [12/May/2016:07:58:05 +0800] "GET /content/nav/relationSubject.jsp?relationWords=%E5%8D%83%E5%B9%B4%E6%A1%90+%E6%A1%90%E8%8A%B1+%E6%B2%B9%E6%A1%90+&oid=16777599 HTTP/1.1" 200 3738
140.129.50.191 - - [12/May/2016:07:58:11 +0800] "GET /content/repository/resource_content.jsp?oid=2149839 HTTP/1.1" 200 30860
66.249.71.60 - - [12/May/2016:07:58:11 +0800] "GET /content/repository/resource_content.jsp?oid=1100436&queryString=%E5%8D%81%E5%AD%97%E8%8A%B1%E7%A7%91%20%E6%A4%8D%E7%89%A9%E7%95%8C%20%E7%84%8A%E8%8F%9C%20%E7%A2%8E%E7%B1%B3%E8%96%BA%E5%B1%AC%20%E9%9B%99%E5%AD%90%E8%91%89%E6%A4%8D%E7%89%A9 HTTP/1.1" 200 31437
140.129.50.191 - - [12/May/2016:07:58:14 +0800] "GET /content/nav/relationSubject.jsp?relationWords=%E6%9C%A8%E8%98%AD%E7%A7%91+%E6%A4%8D%E7%89%A9%E7%95%8C+%E7%83%8F%E5%BF%83%E7%9F%B3+%E7%83%8F%E5%BF%83%E7%9F%B3%E5%B1%AC+%E9%BB%83%E7%8E%89%E8%98%AD+&oid=2149839 HTTP/1.1" 200 4457
66.249.71.60 - - [12/May/2016:07:59:26 +0800] "GET /content/nav/relationSubject.jsp?relationWords=%E6%B3%B0%E9%9B%85+%E6%B3%B0%E9%9B%85%E6%97%8F+%E9%90%B5%E7%B7%9A%E9%99%B7%E6%A9%9F+%E9%99%B7%E6%A9%9F+&oid=1783126 HTTP/1.1" 200 3848
66.249.71.60 - - [12/May/2016:07:59:32 +0800] "GET /content/subject/resource_content.jsp?oid=16777607&queryType=qs&queryString=%E4%B8%AD%E5%9C%8B%E5%9C%8B%E6%B0%91%E9%BB%A8 HTTP/1.1" 200 54868
59.125.215.33 - - [12/May/2016:08:00:00 +0800] "GET /content/subject/resource_content.jsp?oid=16797271&queryType=qc HTTP/1.1" 200 55290
59.125.215.33 - - [12/May/2016:08:00:05 +0800] "GET /content/nav/relationSubject.jsp?relationWords=&oid=16797271 HTTP/1.1" 200 1405
68.180.230.90 - - [12/May/2016:08:00:18 +0800] "GET /content/tmp_exh/resource_content.jsp?oid=16777763 HTTP/1.1" 200 31620
66.249.79.200 - - [12/May/2016:08:00:54 +0800] "GET /digiarch_en/content/repository/resource_content.jsp?oid=1887744&queryString=%E6%A0%A1%E5%8F%8B%E6%9C%83%20%E8%87%BA%E7%81%A3%E7%B8%BD%E7%9D%A3%E5%BA%9C%20%E9%9B%9C%E8%AA%8C HTTP/1.1" 200 25965
66.249.71.60 - - [12/May/2016:08:00:54 +0800] "GET /content/nav/relationSubject.jsp?relationWords=%E6%B1%BD%E6%B2%B9+%E6%B2%B9%E8%BB%8A+%E8%94%A1%E7%99%BB%E9%A0%86+%E8%B7%AF%E7%AB%B9+%E8%B7%AF%E7%AB%B9%E9%84%89+%E9%90%B5%E8%B7%AF%E5%B1%80+&oid=1525138 HTTP/1.1" 200 6203
111.254.13.236 - - [12/May/2016:08:01:30 +0800] "GET /content/nav/relationSubject.jsp?relationWords=%E5%8D%83%E5%B9%B4%E6%A1%90+%E6%A1%90%E8%8A%B1+%E6%B2%B9%E6%A1%90+&oid=16777599 HTTP/1.1" 200 3738
66.249.71.14 - - [12/May/2016:08:01:40 +0800] "GET /digiarch3/content/nav/relationSubject.jsp?relationWords=%E5%96%AE%E6%96%91%E9%BE%8D%E5%8D%A0+%E8%A3%B8%E9%A0%B0%E9%AF%9B+%E9%BE%8D%E5%8D%A0+%E9%BE%8D%E5%B0%96+&oid=15401 HTTP/1.1" 200 3443
66.249.71.14 - - [12/May/2016:08:01:44 +0800] "GET /digiarch3/content/nav/relationSubject.jsp?relationWords=%E5%96%AE%E6%96%91%E9%BE%8D%E5%8D%A0%20%E8%A3%B8%E9%A0%B0%E9%AF%9B%20%E9%BE%8D%E5%8D%A0%20%E9%BE%8D%E5%B0%96%20&oid=15401 HTTP/1.1" 200 3443
66.249.79.186 - - [12/May/2016:08:02:14 +0800] "GET /digiarch3/content/repository/resource_content.jsp?oid=4363703&queryType=qs&queryString=%E5%AD%95%E5%A9%A6 HTTP/1.1" 200 36891
66.249.71.194 - - [12/May/2016:08:03:40 +0800] "GET /content/repository/resource_content.jsp?oid=2680446&queryType=qs&queryString=%E6%BE%82%E6%B1%9F HTTP/1.1" 200 30664
66.249.71.60 - - [12/May/2016:08:04:56 +0800] "GET /content/repository/resource_content.jsp?oid=2598551 HTTP/1.1" 200 29327
68.180.230.90 - - [12/May/2016:08:04:58 +0800] "GET /content/tmp_exh/resource_content.jsp?oid=16777798&queryType=qc HTTP/1.1" 200 32372
66.249.71.60 - - [12/May/2016:08:05:36 +0800] "GET /content/nav/relationSubject.jsp?relationWords=%E5%B0%8F%E9%B1%89%E7%94%B2%E8%9D%B8%E7%89%9B+%E6%9F%84%E7%9C%BC%E7%9B%AE+%E8%85%B9%E8%B6%B3%E7%B6%B1+%E9%B1%89%E7%94%B2+%E9%B1%89%E7%94%B2%E8%9D%B8%E7%89%9B+%E9%B1%89%E7%94%B2%E8%9D%B8%E7%89%9B%E7%A7%91+&oid=1125633 HTTP/1.1" 200 3565
66.249.71.60 - - [12/May/2016:08:06:17 +0800] "GET /content/repository/resource_content.jsp?oid=2601283 HTTP/1.1" 200 29515
66.249.71.60 - - [12/May/2016:08:06:30 +0800] "GET /content/nav/relationSubject.jsp?relationWords=%E9%80%A0%E5%83%8F%E8%A8%98+%E9%BE%8D%E9%96%80%E5%B1%B1+&oid=4512083 HTTP/1.1" 200 4048
66.249.71.121 - - [12/May/2016:08:06:46 +0800] "GET /content/nav/relationSubject.jsp?relationWords=%E5%B8%B8%E5%B9%B3+%E5%B8%B8%E5%B9%B3%E5%80%89+%E6%B9%96%E5%BB%A3+%E6%B9%96%E5%BB%A3%E7%B8%BD%E7%9D%A3+&oid=2510811 HTTP/1.1" 200 3255
66.249.79.105 - - [12/May/2016:08:06:50 +0800] "GET /content/nav/relationSubject.jsp?relationWords=%E5%B8%B8%E5%B9%B3%20%E5%B8%B8%E5%B9%B3%E5%80%89%20%E6%B9%96%E5%BB%A3%20%E6%B9%96%E5%BB%A3%E7%B8%BD%E7%9D%A3%20&oid=2510811 HTTP/1.1" 200 3255
66.249.71.121 - - [12/May/2016:08:07:37 +0800] "GET /content/repository/resource_content.jsp?oid=4364580&queryType=qs&queryString=%E9%AB%98%E7%AD%89%E8%80%83%E8%A9%A6 HTTP/1.1" 200 29588
66.249.79.207 - - [12/May/2016:08:08:59 +0800] "GET /content/repository/resource_content.jsp?oid=21483&queryString=%E4%BD%95%E6%B0%8F%E6%A3%98%20%E9%AF%89%E7%A7%91 HTTP/1.1" 200 30091
66.249.71.72 - - [12/May/2016:08:09:01 +0800] "GET /content/nav/relationSubject.jsp?relationWords=%E6%91%BA%E9%8C%84%E6%97%A8+%E6%97%A8%E6%8A%84+%E6%AD%A5%E6%A7%8D+%E9%8C%84%E6%97%A8+&oid=801332 HTTP/1.1" 200 3480
66.249.71.64 - - [12/May/2016:08:09:03 +0800] "GET /content/nav/relationSubject.jsp?relationWords=%E6%91%BA%E9%8C%84%E6%97%A8%20%E6%97%A8%E6%8A%84%20%E6%AD%A5%E6%A7%8D%20%E9%8C%84%E6%97%A8%20&oid=801332 HTTP/1.1" 200 3480
66.249.77.85 - - [12/May/2016:08:10:19 +0800] "GET /content/repository/resource_content.jsp?oid=556098&queryString=%E5%A7%94%E5%A6%A5%E5%93%A1 HTTP/1.1" 200 28381
66.249.71.60 - - [12/May/2016:08:10:43 +0800] "GET /content/repository/resource_content.jsp?oid=719481 HTTP/1.1" 200 28953
66.249.71.60 - - [12/May/2016:08:11:40 +0800] "GET /content/repository/resource_content.jsp?oid=2571281 HTTP/1.1" 200 30178
66.249.71.60 - - [12/May/2016:08:11:45 +0800] "GET /content/nav/relationSubject.jsp?relationWords=%E6%A4%8D%E7%89%A9%E7%95%8C+%E6%A6%95%E5%B1%AC+%E8%90%BD%E8%91%89%E6%A6%95+%E8%98%AD%E5%B6%BC%E8%90%BD%E8%91%89%E6%A6%95+&oid=1109783 HTTP/1.1" 200 3367
66.249.71.60 - - [12/May/2016:08:11:47 +0800] "GET /content/nav/relationSubject.jsp?relationWords=%E6%A4%8D%E7%89%A9%E7%95%8C%20%E6%A6%95%E5%B1%AC%20%E8%90%BD%E8%91%89%E6%A6%95%20%E8%98%AD%E5%B6%BC%E8%90%BD%E8%91%89%E6%A6%95%20&oid=1109783 HTTP/1.1" 200 3367
66.249.71.14 - - [12/May/2016:08:12:15 +0800] "GET /content/nav/relationSubject.jsp?relationWords=%E9%83%B5%E8%88%B9+&oid=4451588 HTTP/1.1" 200 3120
66.249.71.60 - - [12/May/2016:08:12:33 +0800] "GET /content/nav/relationSubject.jsp?relationWords=%E5%80%92%E5%8D%B5%E8%91%89%E6%A5%A0+%E6%A4%8D%E7%89%A9%E7%95%8C+%E6%A5%A0%E5%B1%AC+%E6%A5%A8%E6%A5%A0+%E6%A8%9F%E7%A7%91+&oid=2146432 HTTP/1.1" 200 3403
66.249.71.60 - - [12/May/2016:08:12:38 +0800] "GET /content/nav/relationSubject.jsp?relationWords=%E5%80%92%E5%8D%B5%E8%91%89%E6%A5%A0%20%E6%A4%8D%E7%89%A9%E7%95%8C%20%E6%A5%A0%E5%B1%AC%20%E6%A5%A8%E6%A5%A0%20%E6%A8%9F%E7%A7%91%20&oid=2146432 HTTP/1.1" 200 3403
66.249.71.60 - - [12/May/2016:08:12:49 +0800] "GET /content/nav/relationSubject.jsp?relationWords=%E4%BF%9D%E5%AE%89%E5%8F%B8+%E5%8A%89%E6%9E%97+%E5%8F%83%E8%AD%B0%E6%9C%83+%E5%8F%B8%E4%BB%A4%E9%83%A8+%E8%87%BA%E5%8C%97%E5%B8%82+%E8%87%BA%E7%81%A3%E7%9C%81+%E8%87%BA%E7%81%A3%E7%9C%81%E5%8F%83%E8%AD%B0%E6%9C%83+&oid=1516044 HTTP/1.1" 200 4787
66.249.71.60 - - [12/May/2016:08:12:51 +0800] "GET /content/nav/relationSubject.jsp?relationWords=%E7%9F%A5%E7%85%A7+%E7%A6%AE%E9%83%A8+&oid=2686445 HTTP/1.1" 200 3104
66.249.79.200 - - [12/May/2016:08:13:02 +0800] "GET /content/repository/resource_content.jsp?oid=1820551 HTTP/1.1" 200 28600
66.249.71.60 - - [12/May/2016:08:13:20 +0800] "GET /digiarch_en/content/nav/relationSubject.jsp?relationWords=%E9%87%9D%E7%89%9B%E5%B0%BE+&oid=14940 HTTP/1.1" 200 3342
66.249.71.60 - - [12/May/2016:08:13:32 +0800] "GET /content/nav/relationSubject.jsp?relationWords=%E5%B1%8F%E6%9D%B1%E8%8A%B1%E6%A4%92+%E6%A4%8D%E7%89%A9%E7%95%8C+%E8%8A%B1%E6%A4%92+%E8%8A%B1%E6%A4%92%E5%B1%AC+%E8%8A%B8%E9%A6%99+%E8%8A%B8%E9%A6%99%E7%A7%91+&oid=1461581 HTTP/1.1" 200 3386
66.249.71.5 - - [12/May/2016:08:14:24 +0800] "GET /digiarch3/content/repository/resource_content.jsp?oid=2143425&queryType=qs&queryString=%E4%B8%AD%E5%9C%8B%E8%98%AD%E5%B1%AC HTTP/1.1" 200 30280
66.249.71.60 - - [12/May/2016:08:14:48 +0800] "GET /content/nav/relationSubject.jsp?relationWords=%E5%B8%83%E8%BE%B2+%E5%B8%83%E8%BE%B2%E6%97%8F+&oid=1773984 HTTP/1.1" 200 3193
66.249.71.5 - - [12/May/2016:08:15:43 +0800] "GET /digiarch3/content/repository/resource_content.jsp?oid=4471277&queryString=%E5%8D%9A%E8%A6%BD%E6%9C%83 HTTP/1.1" 200 30214
66.249.71.200 - - [12/May/2016:08:15:53 +0800] "GET /content/nav/relationSubject.jsp?relationWords=%E5%88%91%E9%83%A8+%E6%8E%88%E4%BA%8B+%E8%A9%A6%E4%BF%B8+&oid=2522141 HTTP/1.1" 200 3165
66.249.71.105 - - [12/May/2016:08:17:00 +0800] "GET /content/repository/resource_content.jsp?oid=1550024&queryType=qs&queryString=%E5%9C%9F%E5%9C%B0%E6%94%BF%E7%AD%96 HTTP/1.1" 200 29552
66.249.71.5 - - [12/May/2016:08:17:04 +0800] "GET /digiarch3/content/repository/resource_content.jsp?oid=1519160&queryType=qs&queryString=%E5%8F%B0%E7%81%A3%E6%96%87%E5%8C%96 HTTP/1.1" 200 30147
66.249.71.64 - - [12/May/2016:08:17:12 +0800] "GET /content/nav/relationSubject.jsp?relationWords=%E5%A5%87%E8%92%BF+%E6%A4%8D%E7%89%A9%E7%95%8C+%E7%8F%8D%E7%8F%A0%E8%92%BF+%E8%89%BE%E5%B1%AC+%E8%8F%8A%E7%A7%91+%E9%9B%99%E5%AD%90%E8%91%89+%E9%9B%99%E5%AD%90%E8%91%89%E6%A4%8D%E7%89%A9+&oid=3814257 HTTP/1.1" 200 3459
66.249.71.72 - - [12/May/2016:08:17:13 +0800] "GET /content/nav/relationSubject.jsp?relationWords=%E5%A4%A7%E5%B1%AF%E7%B4%B0%E8%BE%9B+%E6%A4%8D%E7%89%A9%E7%95%8C+%E7%B4%B0%E8%BE%9B+%E7%B4%B0%E8%BE%9B%E5%B1%AC+%E9%A6%AC%E5%85%9C%E9%88%B4+&oid=3812170 HTTP/1.1" 200 3370
66.249.71.60 - - [12/May/2016:08:17:15 +0800] "GET /content/nav/relationSubject.jsp?relationWords=%E5%A4%A7%E5%B1%AF%E7%B4%B0%E8%BE%9B%20%E6%A4%8D%E7%89%A9%E7%95%8C%20%E7%B4%B0%E8%BE%9B%20%E7%B4%B0%E8%BE%9B%E5%B1%AC%20%E9%A6%AC%E5%85%9C%E9%88%B4%20&oid=3812170 HTTP/1.1" 200 3370
66.249.71.194 - - [12/May/2016:08:18:10 +0800] "GET /content/nav/relationSubject.jsp?relationWords=%E4%BE%8D%E9%83%8E+%E5%85%AB%E5%88%86%E6%9B%B8+%E5%90%B3%E7%8E%8B+%E5%98%89%E7%A5%A5+%E5%B1%B1%E6%9D%B1%E5%98%89%E7%A5%A5+%E6%AD%A6%E6%A2%81%E7%A5%A0+%E6%AD%A6%E6%A2%81%E7%A5%A0%E7%95%AB%E5%83%8F+%E7%A5%9E%E8%A9%B1%E6%95%85%E4%BA%8B+%E7%A7%A6%E7%8E%8B+%E7%AE%A1%E4%BB%B2+%E9%9D%88%E7%95%B0+%E9%BD%8A%E6%A1%93%E5%85%AC+&oid=1811779 HTTP/1.1" 200 5478
66.249.71.5 - - [12/May/2016:08:18:25 +0800] "GET /digiarch3/content/repository/resource_content.jsp?oid=15857&queryType=qs&queryString=%E6%BE%B3%E5%A4%A7%E5%88%A9%E4%BA%9E HTTP/1.1" 200 37601
204.79.180.44 - - [12/May/2016:08:19:21 +0800] "GET /content/nav/relationSubject.jsp?relationWords=%E5%8F%B0%E7%81%A3%E6%AC%92%E6%A8%B9+%E6%AC%92%E6%A8%B9+%E8%8B%A6%E8%8B%93+%E8%8B%A6%E8%8B%93%E8%88%85+&oid=16777254 HTTP/1.1" 200 4383
66.249.71.60 - - [12/May/2016:08:19:45 +0800] "GET /digiarch_en/content/repository/resource_content.jsp?oid=15561&queryString=%E5%85%AD%E5%B8%B6%E8%93%8B%E5%88%BA%E9%AD%9A%20%E8%93%8B%E5%88%BA%E9%AD%9A HTTP/1.1" 200 27644
173.252.88.154 - - [12/May/2016:08:20:53 +0800] "GET /content/repository/resource_content.jsp?oid=16356&queryString=%E6%97%97%E9%AD%9A HTTP/1.1" 200 35374
66.249.71.64 - - [12/May/2016:08:21:05 +0800] "GET /content/nav/relationSubject.jsp?relationWords=%E4%BA%BA%E5%90%8D%E6%AC%8A%E5%A8%81+%E5%85%A7%E7%94%B0+%E7%9B%B8%E8%81%B2+&oid=719481 HTTP/1.1" 200 6233
66.249.71.60 - - [12/May/2016:08:21:09 +0800] "GET /content/nav/relationSubject.jsp?relationWords=%E4%BA%BA%E5%90%8D%E6%AC%8A%E5%A8%81%20%E5%85%A7%E7%94%B0%20%E7%9B%B8%E8%81%B2%20&oid=719481 HTTP/1.1" 200 6233
66.249.77.85 - - [12/May/2016:08:21:37 +0800] "GET /content/nav/relationSubject.jsp?relationWords=%E5%88%91%E9%83%A8+&oid=2658136 HTTP/1.1" 200 3095
66.249.77.97 - - [12/May/2016:08:21:39 +0800] "GET /content/nav/relationSubject.jsp?relationWords=%E5%88%91%E9%83%A8%20&oid=2658136 HTTP/1.1" 200 3095
220.181.108.149 - - [12/May/2016:08:22:12 +0800] "GET /content/subject/resource_content.jsp?oid=16777776&queryType=qc HTTP/1.1" 200 61621
