60.245.65.179 - - [17/Jun/2015:14:21:48 +0800] "GET /content/nav/relationSubject.jsp?relationWords=API+%E5%8F%B0%E7%81%A3%E6%AC%92%E6%A8%B9+%E6%A4%8D%E7%89%A9%E7%95%8C+%E6%AC%92%E6%A8%B9+%E7%84%A1%E6%82%A3%E5%AD%90+%E7%84%A1%E6%82%A3%E5%AD%90%E7%A7%91+%E8%8B%A6%E8%8B%93%E8%88%85+&oid=3822213 HTTP/1.1" 200 4880
59.125.245.200 - - [17/Jun/2015:14:21:51 +0800] "GET /content/nav/relationSubject.jsp?relationWords=%E9%98%BF%E5%8B%83%E5%8B%92+&oid=16777368 HTTP/1.1" 200 2917
66.249.71.5 - - [17/Jun/2015:14:21:54 +0800] "GET /digiarch3/content/repository/resource_content.jsp?oid=1104766&queryString=%E6%9D%9C%E8%8B%B1%20%E6%A4%8D%E7%89%A9%E7%95%8C%20%E7%8C%B4%E6%AD%A1%E5%96%9C%20%E7%8C%B4%E6%AD%A1%E5%96%9C%E5%B1%AC%20%E9%8C%A6%E8%91%B5 HTTP/1.1" 200 31140
60.249.18.232 - - [17/Jun/2015:14:21:59 +0800] "GET /digiarch2/content/repository/resource_content.jsp?queryString=%E5%9C%B0%E5%9C%96%E8%88%87%E9%81%99%E6%B8%AC&oid=189742&queryType=qc HTTP/1.1" 200 10598
66.249.71.45 - - [17/Jun/2015:14:22:38 +0800] "GET /content/nav/relationSubject.jsp?relationWords=%E5%87%B9%E7%9F%B3+&oid=4588729 HTTP/1.1" 200 3020
66.249.71.54 - - [17/Jun/2015:14:23:04 +0800] "GET /content/nav/relationSubject.jsp?relationWords=%E5%87%B9%E7%9F%B3%20&oid=4588729 HTTP/1.1" 200 3020
220.181.108.99 - - [17/Jun/2015:14:23:10 +0800] "GET /content/tmp_exh/resource_content.jsp?oid=16777778&queryType=qc HTTP/1.1" 200 35642
66.249.82.160 - - [17/Jun/2015:14:25:00 +0800] "GET /content/nav/relationSubject.jsp?relationWords=%E7%B4%AB%E8%96%87+&oid=16777424 HTTP/1.1" 200 4000
66.249.79.161 - - [17/Jun/2015:14:25:01 +0800] "GET /digiarch3/content/subject/resource_content.jsp?oid=16777484&queryType=qs&queryString=%E5%9C%96%E9%A8%B0 HTTP/1.1" 200 72206
66.249.71.64 - - [17/Jun/2015:14:26:12 +0800] "GET /content/subject/resource_content.jsp?oid=16777781&queryType=qs&queryString=%E5%9F%BA%E7%9D%A3%E5%BE%92 HTTP/1.1" 200 57438
66.249.71.23 - - [17/Jun/2015:14:26:34 +0800] "GET /digiarch3/content/repository/resource_content.jsp?oid=3357722&queryType=qs&queryString=%E9%BE%8D%E9%96%80%E7%9F%B3%E7%AA%9F HTTP/1.1" 200 29488
1.161.130.184 - - [17/Jun/2015:14:26:40 +0800] "GET /content/subject/resource_content.jsp?oid=16797243&queryType=qc HTTP/1.1" 200 56014
1.161.130.184 - - [17/Jun/2015:14:26:41 +0800] "GET /content/nav/relationSubject.jsp?relationWords=&oid=16797243 HTTP/1.1" 200 1405
60.245.65.179 - - [17/Jun/2015:14:26:59 +0800] "GET /content/subject/resource_content.jsp?oid=16777542&queryString= HTTP/1.1" 200 31575
60.245.65.179 - - [17/Jun/2015:14:27:00 +0800] "GET /content/nav/relationSubject.jsp?relationWords=&oid=16777542 HTTP/1.1" 200 1405
66.249.71.14 - - [17/Jun/2015:14:28:08 +0800] "GET /digiarch3/content/subject/resource_content.jsp?oid=16777493&queryType=qs&queryString=%E9%84%89%E5%85%AC%E6%89%80 HTTP/1.1" 200 48583
140.130.95.14 - - [17/Jun/2015:14:29:24 +0800] "GET /content/repository/resource_content.jsp?oid=1110474 HTTP/1.1" 200 31447
60.245.65.179 - - [17/Jun/2015:14:29:26 +0800] "GET /content/subject/resource_content.jsp?oid=16777443&queryString= HTTP/1.1" 200 40047
60.245.65.179 - - [17/Jun/2015:14:29:27 +0800] "GET /content/nav/relationSubject.jsp?relationWords=%E8%98%AD%E5%B6%BC%E7%BE%85%E6%BC%A2%E6%9D%BE+%E9%81%94%E6%82%9F%E6%97%8F+%E9%9B%85%E7%BE%8E%E6%97%8F+&oid=16777443 HTTP/1.1" 200 3982
140.130.95.14 - - [17/Jun/2015:14:29:30 +0800] "GET /content/nav/relationSubject.jsp?relationWords=%E5%86%AC%E9%9D%92%E5%B1%AC+%E5%86%AC%E9%9D%92%E7%A7%91+%E6%A4%8D%E7%89%A9%E7%95%8C+%E8%A1%9B%E7%9F%9B+%E9%98%BF%E9%87%8C%E5%B1%B1%E5%86%AC%E9%9D%92+&oid=1110474 HTTP/1.1" 200 3377
211.72.92.99 - - [17/Jun/2015:14:29:39 +0800] "GET /content/subject/resource_content.jsp?oid=16797242&queryType=qc HTTP/1.1" 200 46766
211.72.92.99 - - [17/Jun/2015:14:29:40 +0800] "GET /content/nav/relationSubject.jsp?relationWords=&oid=16797242 HTTP/1.1" 200 1405
66.249.71.54 - - [17/Jun/2015:14:29:41 +0800] "GET /content/repository/resource_content.jsp?oid=4353782&queryString=%E7%9F%AD%E9%B0%AD HTTP/1.1" 200 34233
60.245.65.179 - - [17/Jun/2015:14:29:55 +0800] "GET /content/subject/resource_content.jsp?oid=16777424&queryString= HTTP/1.1" 200 38681
60.245.65.179 - - [17/Jun/2015:14:29:55 +0800] "GET /content/nav/relationSubject.jsp?relationWords=%E7%B4%AB%E8%96%87+&oid=16777424 HTTP/1.1" 200 4000
207.46.13.99 - - [17/Jun/2015:14:30:22 +0800] "GET /content/repository/resource_content.jsp?oid=4364366&queryType=qs&queryString=%E4%B8%83%E7%88%BA HTTP/1.1" 200 28110
66.249.71.72 - - [17/Jun/2015:14:31:15 +0800] "GET /content/repository/resource_content.jsp?oid=3823959&queryString=%E6%A4%8D%E7%89%A9%E7%95%8C%20%E8%8B%9E%E8%8A%B1%E8%94%93%20%E8%8B%9E%E8%8A%B1%E8%94%93%E5%B1%AC%20%E8%8C%9C%E8%8D%89%20%E8%8C%9C%E8%8D%89%E7%A7%91 HTTP/1.1" 200 31221
66.249.79.45 - - [17/Jun/2015:14:31:15 +0800] "GET /content/nav/relationSubject.jsp?relationWords=%E7%9A%BA%E8%B6%B3%E8%9B%9E%E8%9D%93+%E8%85%B9%E8%B6%B3%E7%B6%B1+%E8%9B%9E%E8%9D%93+&oid=1886918 HTTP/1.1" 200 3287
66.249.71.60 - - [17/Jun/2015:14:31:17 +0800] "GET /content/nav/relationSubject.jsp?relationWords=%E7%9A%BA%E8%B6%B3%E8%9B%9E%E8%9D%93%20%E8%85%B9%E8%B6%B3%E7%B6%B1%20%E8%9B%9E%E8%9D%93%20&oid=1886918 HTTP/1.1" 200 3287
66.249.71.23 - - [17/Jun/2015:14:32:19 +0800] "GET /content/nav/relationSubject.jsp?relationWords=%E5%8F%B0%E7%81%A3%E9%A0%9C%E9%AC%9A%E9%AE%88+%E5%8F%B0%E9%8A%80+%E8%BB%8A%E6%A0%93%E4%BB%94+%E9%8A%80%E9%AE%88+%E9%A0%9C%E9%AC%9A%E9%AE%88+%E9%A3%AF%E5%B3%B6%E6%B0%8F%E9%8A%80%E9%AE%88+%E9%A3%AF%E5%B3%B6%E6%B0%8F%E9%A0%9C%E9%AC%9A%E9%AE%88+%E9%A3%AF%E5%B3%B6%E6%B0%8F%E9%BA%BB%E9%AD%9A+%E9%AF%89%E7%A7%91+&oid=4352020 HTTP/1.1" 200 3946
66.249.71.5 - - [17/Jun/2015:14:32:21 +0800] "GET /content/nav/relationSubject.jsp?relationWords=%E5%8F%B0%E7%81%A3%E9%A0%9C%E9%AC%9A%E9%AE%88%20%E5%8F%B0%E9%8A%80%20%E8%BB%8A%E6%A0%93%E4%BB%94%20%E9%8A%80%E9%AE%88%20%E9%A0%9C%E9%AC%9A%E9%AE%88%20%E9%A3%AF%E5%B3%B6%E6%B0%8F%E9%8A%80%E9%AE%88%20%E9%A3%AF%E5%B3%B6%E6%B0%8F%E9%A0%9C%E9%AC%9A%E9%AE%88%20%E9%A3%AF%E5%B3%B6%E6%B0%8F%E9%BA%BB%E9%AD%9A%20%E9%AF%89%E7%A7%91%20&oid=4352020 HTTP/1.1" 200 3946
60.245.65.179 - - [17/Jun/2015:14:33:08 +0800] "GET /content/subject/resource_content.jsp?oid=16777376&queryString= HTTP/1.1" 200 35872
60.245.65.179 - - [17/Jun/2015:14:33:09 +0800] "GET /content/nav/relationSubject.jsp?relationWords=%E6%B5%B7%E6%AA%AC%E6%9E%9C+&oid=16777376 HTTP/1.1" 200 4094
66.249.71.72 - - [17/Jun/2015:14:33:47 +0800] "GET /content/nav/relationSubject.jsp?relationWords=%E5%B1%B1%E8%9E%9E%E8%9D%97+%E5%B1%B1%E8%9E%9E%E8%9D%97%E5%B1%AC+%E6%9C%A8%E5%B1%B1%E8%9E%9E%E8%9D%97%E5%B1%AC+%E6%A4%8D%E7%89%A9%E7%95%8C+%E7%99%BD%E6%9C%A8%E8%98%87%E8%8A%B1+%E8%98%87%E8%8A%B1+%E8%9E%9E%E8%9D%97+%E8%A0%B6%E8%B1%86+%E9%9B%99%E5%AD%90%E8%91%89+%E9%9B%99%E5%AD%90%E8%91%89%E6%A4%8D%E7%89%A9+&oid=1462417 HTTP/1.1" 200 4540
66.249.71.64 - - [17/Jun/2015:14:33:49 +0800] "GET /content/nav/relationSubject.jsp?relationWords=%E5%B1%B1%E8%9E%9E%E8%9D%97%20%E5%B1%B1%E8%9E%9E%E8%9D%97%E5%B1%AC%20%E6%9C%A8%E5%B1%B1%E8%9E%9E%E8%9D%97%E5%B1%AC%20%E6%A4%8D%E7%89%A9%E7%95%8C%20%E7%99%BD%E6%9C%A8%E8%98%87%E8%8A%B1%20%E8%98%87%E8%8A%B1%20%E8%9E%9E%E8%9D%97%20%E8%A0%B6%E8%B1%86%20%E9%9B%99%E5%AD%90%E8%91%89%20%E9%9B%99%E5%AD%90%E8%91%89%E6%A4%8D%E7%89%A9%20&oid=1462417 HTTP/1.1" 200 4540
207.46.13.99 - - [17/Jun/2015:14:34:11 +0800] "GET /content/subject/resource_content.jsp?oid=16797271&queryType=qc HTTP/1.1" 200 55169
66.249.71.72 - - [17/Jun/2015:14:34:22 +0800] "GET /content/repository/resource_content.jsp?oid=1173491&queryString=%E8%8B%97%E7%94%B7%20%E8%B7%B3%E8%8A%B1 HTTP/1.1" 200 29633
66.249.71.72 - - [17/Jun/2015:14:34:28 +0800] "GET /content/repository/resource_content.jsp?oid=15867&queryString=%E5%A4%A7%E9%A0%AD%E7%8B%97%E6%AF%8D%E9%AD%9A%20%E7%8B%97%E6%AF%8D%20%E7%8B%97%E6%AF%8D%E9%AD%9A HTTP/1.1" 200 33307
60.245.65.179 - - [17/Jun/2015:14:35:07 +0800] "GET /content/subject/resource_content.jsp?oid=16777364&queryString= HTTP/1.1" 200 34541
60.245.65.179 - - [17/Jun/2015:14:35:08 +0800] "GET /content/nav/relationSubject.jsp?relationWords=%E9%BB%83%E6%A7%90+&oid=16777364 HTTP/1.1" 200 2681
120.88.255.5 - - [17/Jun/2015:14:35:38 +0800] "GET /content/nav/relationSubject.jsp?relationWords=%E5%A4%A7%E8%8A%B1%E7%B4%AB%E8%96%87+&oid=16777378 HTTP/1.1" 200 3480
66.249.71.72 - - [17/Jun/2015:14:35:55 +0800] "GET /content/subject/resource_content.jsp?oid=16777835&queryString= HTTP/1.1" 200 50983
182.118.70.160 - - [17/Jun/2015:14:36:01 +0800] "GET /content/subject/resource_content.jsp?oid=16777743&queryType=qc HTTP/1.1" 200 32580
182.118.70.218 - - [17/Jun/2015:14:36:04 +0800] "GET /content/subject/resource_content.jsp?oid=16777743&queryType=qc HTTP/1.1" 200 32569
66.249.71.127 - - [17/Jun/2015:14:36:17 +0800] "GET /content/repository/resource_content.jsp?oid=14125&queryString=%E5%A4%A7%E7%99%BD%E9%AF%8A%20%E9%A3%9F%E4%BA%BA%E9%AE%AB HTTP/1.1" 200 36733
66.249.71.72 - - [17/Jun/2015:14:36:28 +0800] "GET /content/nav/relationSubject.jsp?relationWords=%E6%95%B8%E4%BD%8D%E5%85%B8%E8%97%8F+%E7%A0%94%E8%A8%8E%E6%9C%83+&oid=16777835 HTTP/1.1" 200 8018
66.249.71.60 - - [17/Jun/2015:14:36:31 +0800] "GET /content/nav/relationSubject.jsp?relationWords=%E6%95%B8%E4%BD%8D%E5%85%B8%E8%97%8F%20%E7%A0%94%E8%A8%8E%E6%9C%83%20&oid=16777835 HTTP/1.1" 200 8018
182.118.54.215 - - [17/Jun/2015:14:36:33 +0800] "GET /content/subject/resource_content.jsp?oid=16797234&queryType=qc HTTP/1.1" 200 46557
182.118.54.129 - - [17/Jun/2015:14:36:35 +0800] "GET /content/subject/resource_content.jsp?oid=16797234&queryType=qc HTTP/1.1" 200 46557
60.245.65.179 - - [17/Jun/2015:14:36:57 +0800] "GET /content/subject/resource_content.jsp?oid=16777345&queryString= HTTP/1.1" 200 35034
60.245.65.179 - - [17/Jun/2015:14:36:58 +0800] "GET /content/nav/relationSubject.jsp?relationWords=%E5%BF%97%E4%BD%B3%E9%99%BD%E6%9D%9C%E9%B5%91+%E6%9D%9C%E9%B5%91+%E6%9D%9C%E9%B5%91%E8%8A%B1+%E7%99%BD%E7%90%89%E7%90%83%E6%9D%9C%E9%B5%91+&oid=16777345 HTTP/1.1" 200 5018
118.165.230.9 - - [17/Jun/2015:14:37:22 +0800] "GET /content/subject/resource_content.jsp?oid=16777721&queryString=%E6%A4%8D%E7%89%A9%E7%95%8C%20%E7%8E%89%E5%B1%B1%E8%96%84%E9%9B%AA%E8%8D%89%20%E8%8F%8A%E7%A7%91%20%E8%96%84%E9%9B%AA%E8%8D%89%E5%B1%AC%20%E9%9B%99%E5%AD%90%E8%91%89%E6%A4%8D%E7%89%A9 HTTP/1.1" 200 36216
66.249.79.32 - - [17/Jun/2015:14:37:29 +0800] "GET /content/repository/resource_content.jsp?oid=1112662&queryString=%E5%9C%9F%E8%82%89%E6%A1%82%20%E6%A4%8D%E7%89%A9%E7%95%8C%20%E6%A8%9F%E5%B1%AC%20%E6%A8%9F%E7%A7%91 HTTP/1.1" 200 30959
118.165.230.9 - - [17/Jun/2015:14:37:30 +0800] "GET /content/nav/relationSubject.jsp?relationWords=%E7%8E%89%E5%B1%B1%E8%96%84%E9%9B%AA%E8%8D%89+&oid=16777721 HTTP/1.1" 200 3686
1.34.138.165 - - [17/Jun/2015:14:38:38 +0800] "GET /content/nav/relationSubject.jsp?relationWords=%E9%9D%92%E5%89%9B%E6%AB%9F+&oid=16777349 HTTP/1.1" 200 4006
66.249.71.64 - - [17/Jun/2015:14:39:02 +0800] "GET /content/repository/resource_content.jsp?oid=1522051 HTTP/1.1" 200 29036
60.245.65.179 - - [17/Jun/2015:14:39:15 +0800] "GET /content/subject/resource_content.jsp?oid=16777342&queryString= HTTP/1.1" 200 33223
60.245.65.179 - - [17/Jun/2015:14:39:16 +0800] "GET /content/nav/relationSubject.jsp?relationWords=&oid=16777342 HTTP/1.1" 200 1405
140.122.101.229 - - [17/Jun/2015:14:40:13 +0800] "GET /content/subject/resource_content.jsp?oid=16777537 HTTP/1.1" 200 30731
140.122.101.229 - - [17/Jun/2015:14:40:14 +0800] "GET /content/nav/relationSubject.jsp?relationWords=%E5%85%AC%E5%85%B1%E9%9B%BB%E8%A6%96+%E5%85%AC%E6%B0%91+%E5%85%AC%E8%A6%96+&oid=16777537 HTTP/1.1" 200 6820
207.46.13.99 - - [17/Jun/2015:14:41:01 +0800] "GET /content/subject/resource_content.jsp?oid=16777262 HTTP/1.1" 200 32187
114.32.84.239 - - [17/Jun/2015:14:42:29 +0800] "GET /content/nav/relationSubject.jsp?relationWords=%E6%9C%A8%E7%8A%80+%E6%A1%82%E8%8A%B1+&oid=16777255 HTTP/1.1" 200 4029
66.249.71.72 - - [17/Jun/2015:14:43:42 +0800] "GET /content/repository/resource_content.jsp?oid=1463559 HTTP/1.1" 200 31022
120.126.32.169 - - [17/Jun/2015:14:44:01 +0800] "GET /content/tmp_exh/resource_content.jsp?oid=16777844&queryType=qc HTTP/1.1" 200 36996
120.126.32.169 - - [17/Jun/2015:14:44:02 +0800] "GET /content/nav/relationSubject.jsp?relationWords=%E6%96%87%E5%8C%96%E4%B8%AD%E5%BF%83+%E7%A4%BE%E6%9C%83%E5%AD%B8+%E7%AB%8B%E6%B3%95%E9%99%A2+&oid=16777844 HTTP/1.1" 200 6934
66.249.71.119 - - [17/Jun/2015:14:45:07 +0800] "GET /content/nav/relationSubject.jsp?relationWords=%E6%9D%9C%E9%B5%91+%E6%9D%9C%E9%B5%91%E8%8A%B1+%E6%9D%9C%E9%B5%91%E8%8A%B1%E5%B1%AC+&oid=1461646 HTTP/1.1" 200 4858
66.249.71.72 - - [17/Jun/2015:14:45:16 +0800] "GET /content/repository/resource_content.jsp?oid=1111583 HTTP/1.1" 200 30898
66.249.71.119 - - [17/Jun/2015:14:45:16 +0800] "GET /content/nav/relationSubject.jsp?relationWords=%E6%9D%9C%E9%B5%91%20%E6%9D%9C%E9%B5%91%E8%8A%B1%20%E6%9D%9C%E9%B5%91%E8%8A%B1%E5%B1%AC%20&oid=1461646 HTTP/1.1" 200 4858
220.181.108.77 - - [17/Jun/2015:14:45:40 +0800] "GET /content/subject/resource_content.jsp?oid=16777744&queryType=qc HTTP/1.1" 200 41038
180.76.15.28 - - [17/Jun/2015:14:45:54 +0800] "GET /content/repository/resource_content.jsp?oid=1102585&queryString=%E6%A4%8D%E7%89%A9%E7%95%8C%20%E7%99%BD%E9%A0%82%E9%A3%9B%E8%93%AC%20%E8%8F%8A%E7%A7%91%20%E9%9B%99%E5%AD%90%E8%91%89%E6%A4%8D%E7%89%A9%20%E9%A3%9B%E8%93%AC%E5%B1%AC HTTP/1.1" 200 31258
66.249.71.113 - - [17/Jun/2015:14:46:26 +0800] "GET /content/nav/relationSubject.jsp?relationWords=%E5%9C%93%E6%96%91+%E5%B0%8F%E4%B8%91+%E6%9D%BF%E6%A9%9F%E9%AD%A8+%E8%8A%B1%E6%96%91%E6%93%AC%E9%B1%97%E9%AD%A8+%E9%AD%A8%E7%A7%91+%E9%B1%97%E9%AD%A8+%E9%B1%97%E9%AD%A8%E7%A7%91+&oid=4353908 HTTP/1.1" 200 3691
66.249.71.113 - - [17/Jun/2015:14:46:29 +0800] "GET /content/nav/relationSubject.jsp?relationWords=%E5%9C%93%E6%96%91%20%E5%B0%8F%E4%B8%91%20%E6%9D%BF%E6%A9%9F%E9%AD%A8%20%E8%8A%B1%E6%96%91%E6%93%AC%E9%B1%97%E9%AD%A8%20%E9%AD%A8%E7%A7%91%20%E9%B1%97%E9%AD%A8%20%E9%B1%97%E9%AD%A8%E7%A7%91%20&oid=4353908 HTTP/1.1" 200 3691
66.249.79.32 - - [17/Jun/2015:14:46:50 +0800] "GET /content/repository/resource_content.jsp?oid=15098&queryString=%E6%B2%88%E6%B0%8F%20%E7%88%AC%E5%B2%A9%E9%B0%8D HTTP/1.1" 200 33371
123.125.71.75 - - [17/Jun/2015:14:46:52 +0800] "GET /content/pictures/picture_content.jsp?oid=33554792 HTTP/1.1" 200 27503
219.77.76.240 - - [17/Jun/2015:14:47:06 +0800] "GET /content/nav/relationSubject.jsp?relationWords=%E7%B4%AB%E8%96%87+&oid=16777424 HTTP/1.1" 200 4000
219.77.76.240 - - [17/Jun/2015:14:48:04 +0800] "GET /content/nav/relationSubject.jsp?relationWords=%E5%A4%A7%E8%8A%B1%E7%B4%AB%E8%96%87+&oid=16777378 HTTP/1.1" 200 3480
220.181.108.119 - - [17/Jun/2015:14:48:06 +0800] "GET /content/tmp_auth/resource_content.jsp?oid=16777653 HTTP/1.1" 200 53716
66.249.79.32 - - [17/Jun/2015:14:48:24 +0800] "GET /content/repository/resource_content.jsp?oid=1607648 HTTP/1.1" 200 28875
207.46.13.99 - - [17/Jun/2015:14:48:51 +0800] "GET /content/subject/resource_content.jsp?oid=16777292&queryString=%E5%A4%A7%E8%91%89%E5%B1%B1%20%E5%A4%A7%E8%91%89%E5%B1%B1%E6%AC%96%20%E5%B1%B1%E6%AC%96 HTTP/1.1" 200 28114
66.249.71.72 - - [17/Jun/2015:14:49:05 +0800] "GET /content/nav/relationSubject.jsp?relationWords=%E5%A4%A7%E8%91%89%E5%B1%B1+%E5%A4%A7%E8%91%89%E5%B1%B1%E6%AC%96+%E5%B1%B1%E6%AC%96+&oid=16777294 HTTP/1.1" 200 4600
66.249.71.60 - - [17/Jun/2015:14:49:09 +0800] "GET /content/nav/relationSubject.jsp?relationWords=%E5%A4%A7%E8%91%89%E5%B1%B1%20%E5%A4%A7%E8%91%89%E5%B1%B1%E6%AC%96%20%E5%B1%B1%E6%AC%96%20&oid=16777294 HTTP/1.1" 200 4600
42.67.228.52 - - [17/Jun/2015:14:49:10 +0800] "GET /content/tmp_exh/resource_content.jsp?oid=16777843&queryType=qc HTTP/1.1" 200 34515
42.67.228.52 - - [17/Jun/2015:14:49:13 +0800] "GET /content/nav/relationSubject.jsp?relationWords=&oid=16777843 HTTP/1.1" 200 1405
180.76.15.156 - - [17/Jun/2015:14:49:20 +0800] "GET /digiarch_en/content/repository/resource_content.jsp?oid=1899111&queryString=%E5%AE%89%E5%85%A8%E6%A1%88%20%E7%B8%A3%E6%94%BF%E5%BA%9C HTTP/1.1" 200 26273
180.76.15.31 - - [17/Jun/2015:14:49:20 +0800] "GET /content/subject/resource_content.jsp?oid=16777509&queryType=qc HTTP/1.1" 200 33446
66.249.71.45 - - [17/Jun/2015:14:49:56 +0800] "GET /content/repository/resource_content.jsp?oid=14509&queryType=qs&queryString=%E8%A6%86%E7%93%A6 HTTP/1.1" 200 36808
140.115.60.34 - - [17/Jun/2015:14:50:43 +0800] "GET /content/nav/relationSubject.jsp?relationWords=%E8%A5%BF%E8%9E%BA%E5%A4%A7%E6%A9%8B+&oid=16777581 HTTP/1.1" 200 8161
160.16.67.107 - - [17/Jun/2015:14:50:59 +0800] "GET /content/nav/relationSubject.jsp?relationWords=%E5%8D%83%E5%B9%B4%E6%A1%90+%E6%A1%90%E8%8A%B1+%E6%B2%B9%E6%A1%90+&oid=16777599 HTTP/1.1" 200 3738
66.249.71.60 - - [17/Jun/2015:14:51:13 +0800] "GET /content/nav/relationSubject.jsp?relationWords=%E5%8E%9A%E6%AE%BC%E6%A8%B9+%E5%8E%9A%E6%AE%BC%E6%A8%B9%E5%B1%AC+%E6%A4%8D%E7%89%A9%E7%95%8C+%E7%B4%AB%E8%8D%89+%E7%B4%AB%E8%8D%89%E7%A7%91+%E8%98%AD%E5%B6%BC%E5%8E%9A%E6%AE%BC%E6%A8%B9+&oid=1109495 HTTP/1.1" 200 3491
66.249.71.60 - - [17/Jun/2015:14:51:16 +0800] "GET /content/nav/relationSubject.jsp?relationWords=%E5%8E%9A%E6%AE%BC%E6%A8%B9%20%E5%8E%9A%E6%AE%BC%E6%A8%B9%E5%B1%AC%20%E6%A4%8D%E7%89%A9%E7%95%8C%20%E7%B4%AB%E8%8D%89%20%E7%B4%AB%E8%8D%89%E7%A7%91%20%E8%98%AD%E5%B6%BC%E5%8E%9A%E6%AE%BC%E6%A8%B9%20&oid=1109495 HTTP/1.1" 200 3491
66.249.71.127 - - [17/Jun/2015:14:53:03 +0800] "GET /content/repository/resource_content.jsp?oid=2470709&queryType=qs&queryString=%E8%A9%A9%E7%A8%BF HTTP/1.1" 200 29514
101.138.74.110 - - [17/Jun/2015:14:53:51 +0800] "GET /content/nav/relationSubject.jsp?relationWords=&oid=16777459 HTTP/1.1" 200 1405
114.46.53.206 - - [17/Jun/2015:14:55:57 +0800] "GET /content/nav/relationSubject.jsp?relationWords=&oid=16777341 HTTP/1.1" 200 1405
61.231.160.137 - - [17/Jun/2015:14:56:00 +0800] "GET /content/repository/resource_content.jsp?oid=4362279&queryString=%E4%B8%81%E8%98%AD%E5%B0%BA HTTP/1.1" 200 35104
61.231.160.137 - - [17/Jun/2015:14:56:00 +0800] "GET /content/nav/relationSubject.jsp?relationWords=%E4%B8%81%E8%98%AD%E5%B0%BA+&oid=4362279 HTTP/1.1" 200 2440
207.46.13.1 - - [17/Jun/2015:14:56:06 +0800] "GET /content/repository/resource_content.jsp?oid=1565553 HTTP/1.1" 200 30684
68.180.229.54 - - [17/Jun/2015:14:57:26 +0800] "GET /digiarch_en/content/subject/resource_content.jsp?oid=16777305&queryType=qc HTTP/1.1" 200 31939
66.249.71.64 - - [17/Jun/2015:14:57:44 +0800] "GET /content/repository/resource_content.jsp?oid=15557&queryString=%E5%8D%8A%E7%B4%8B%E8%83%8C%E9%A0%B0%E5%88%BA%E9%AD%9A HTTP/1.1" 200 34159
66.249.71.64 - - [17/Jun/2015:14:57:57 +0800] "GET /content/nav/relationSubject.jsp?relationWords=%E5%8D%8A%E7%B4%8B%E6%9C%88%E8%9D%B6%E9%AD%9A+%E5%8D%8A%E7%B4%8B%E7%A5%9E%E4%BB%99+%E5%8D%8A%E7%B4%8B%E8%83%8C%E9%A0%B0%E5%88%BA%E9%AD%9A+%E8%93%8B%E5%88%BA%E9%AD%9A+&oid=15557 HTTP/1.1" 200 3612
66.249.71.64 - - [17/Jun/2015:14:57:59 +0800] "GET /content/nav/relationSubject.jsp?relationWords=%E5%8D%8A%E7%B4%8B%E6%9C%88%E8%9D%B6%E9%AD%9A%20%E5%8D%8A%E7%B4%8B%E7%A5%9E%E4%BB%99%20%E5%8D%8A%E7%B4%8B%E8%83%8C%E9%A0%B0%E5%88%BA%E9%AD%9A%20%E8%93%8B%E5%88%BA%E9%AD%9A%20&oid=15557 HTTP/1.1" 200 3612
210.51.19.2 - - [17/Jun/2015:14:58:23 +0800] "GET /content/subject/resource_content.jsp?oid=16777769&queryType=qc HTTP/1.1" 200 41381
210.51.19.2 - - [17/Jun/2015:14:58:27 +0800] "GET /content/nav/relationSubject.jsp?relationWords=%E6%95%B8%E4%BD%8D%E5%85%B8%E8%97%8F+%E9%89%9B%E5%AD%97+%E9%8A%85%E6%A8%A1+&oid=16777769 HTTP/1.1" 200 11830
120.125.13.74 - - [17/Jun/2015:14:58:40 +0800] "GET /content/nav/relationSubject.jsp?relationWords=&oid=16777459 HTTP/1.1" 200 1405
163.29.35.150 - - [17/Jun/2015:14:58:49 +0800] "GET /content/nav/relationSubject.jsp?relationWords=%E7%B4%AB%E8%96%87+&oid=16777424 HTTP/1.1" 200 4000
66.249.71.64 - - [17/Jun/2015:14:59:18 +0800] "GET /content/repository/resource_content.jsp?oid=2689598&queryString=%E4%BA%BA%E5%90%8D%E6%AC%8A%E5%A8%81%20%E4%BF%84%E4%BD%BF%20%E5%82%AC%E9%80%9F%20%E5%96%80%E6%8B%89%20%E5%96%80%E6%8B%89%E7%BD%95%20%E5%A4%96%E4%BA%A4%E9%83%A8%20%E5%A4%A7%E4%BD%BF%20%E8%98%87%E8%81%AF HTTP/1.1" 200 30383
66.249.71.64 - - [17/Jun/2015:14:59:28 +0800] "GET /content/subject/resource_content.jsp?oid=16797293&queryType=qc HTTP/1.1" 200 46242
66.249.71.3 - - [17/Jun/2015:14:59:48 +0800] "GET /content/tmp_auth/resource_content.jsp?oid=16777667&queryString= HTTP/1.1" 200 28602
66.249.71.64 - - [17/Jun/2015:15:00:34 +0800] "GET /content/nav/relationSubject.jsp?relationWords=%E4%BA%A4%E9%80%9A%E5%AE%89%E5%85%A8%20%E5%AE%89%E5%85%A8%E6%A1%88%20&oid=1607648 HTTP/1.1" 200 4501
120.125.13.74 - - [17/Jun/2015:15:00:38 +0800] "GET /content/nav/relationSubject.jsp?relationWords=&oid=16777459 HTTP/1.1" 200 1405
66.249.71.72 - - [17/Jun/2015:15:00:52 +0800] "GET /content/repository/resource_content.jsp?oid=2145014 HTTP/1.1" 200 31334
60.249.21.188 - - [17/Jun/2015:15:00:57 +0800] "GET /content/nav/relationSubject.jsp?relationWords=&oid=16777328 HTTP/1.1" 200 1405
68.180.229.54 - - [17/Jun/2015:15:01:43 +0800] "GET /content/repository/resource_content.jsp?oid=1123204&queryType=qc HTTP/1.1" 200 36877
157.55.39.167 - - [17/Jun/2015:15:01:53 +0800] "GET /content/nav/relationSubject.jsp?relationWords=%E8%8A%B1%E8%94%93+%E8%94%93%E6%BE%A4%E8%98%AD+&oid=16777266 HTTP/1.1" 200 4225
118.163.33.56 - - [17/Jun/2015:15:02:08 +0800] "GET /content/repository/resource_content.jsp?oid=1548052 HTTP/1.1" 200 28867
118.163.33.56 - - [17/Jun/2015:15:02:09 +0800] "GET /content/nav/relationSubject.jsp?relationWords=%E8%B2%A1%E6%94%BF%E5%BB%B3+&oid=1548052 HTTP/1.1" 200 5345
66.249.71.72 - - [17/Jun/2015:15:02:25 +0800] "GET /content/subject/resource_content.jsp?oid=16777813&queryType=qs&queryString=%E6%98%8E%E4%BF%A1%E7%89%87 HTTP/1.1" 200 42000
66.249.71.5 - - [17/Jun/2015:15:02:42 +0800] "GET /content/nav/relationSubject.jsp?relationWords=&oid=3120942 HTTP/1.1" 200 1405
66.249.71.45 - - [17/Jun/2015:15:03:37 +0800] "GET /content/nav/relationSubject.jsp?relationWords=%E4%B8%83%E6%98%9F%E9%AD%9A+%E5%85%89%E9%AD%9A+%E7%87%88%E7%B1%A0%E9%AD%9A+%E7%B4%B0%E6%96%91%E7%8F%8D%E7%87%88%E9%AD%9A+%E7%BF%BC%E7%8F%8D%E7%87%88%E9%AD%9A+&oid=14509 HTTP/1.1" 200 3668
66.249.71.45 - - [17/Jun/2015:15:03:42 +0800] "GET /content/nav/relationSubject.jsp?relationWords=%E4%B8%83%E6%98%9F%E9%AD%9A%20%E5%85%89%E9%AD%9A%20%E7%87%88%E7%B1%A0%E9%AD%9A%20%E7%B4%B0%E6%96%91%E7%8F%8D%E7%87%88%E9%AD%9A%20%E7%BF%BC%E7%8F%8D%E7%87%88%E9%AD%9A%20&oid=14509 HTTP/1.1" 200 3668
66.249.79.19 - - [17/Jun/2015:15:03:59 +0800] "GET /content/repository/resource_content.jsp?oid=2150264 HTTP/1.1" 200 30861
66.249.71.60 - - [17/Jun/2015:15:05:32 +0800] "GET /content/repository/resource_content.jsp?oid=1888365&queryString=%E5%A4%8F%E6%9C%9F%20%E6%9F%AF%E6%B8%85%E6%A8%99%20%E7%AE%97%E8%A1%93%20%E8%87%BA%E7%81%A3%E7%B8%BD%E7%9D%A3%E5%BA%9C%20%E8%8E%8A%E6%B0%B4%20%E9%99%B3%E5%98%89%E9%82%A6 HTTP/1.1" 200 31050
140.115.183.82 - - [17/Jun/2015:15:05:32 +0800] "GET /content/nav/relationSubject.jsp?relationWords=%E7%83%8F%E5%BF%83%E7%9F%B3+&oid=16777331 HTTP/1.1" 200 3897
66.249.71.72 - - [17/Jun/2015:15:05:33 +0800] "GET /content/nav/relationSubject.jsp?relationWords=%E6%96%91%E9%A6%AC+%E6%96%91%E9%A6%AC%E8%A3%B8%E8%83%B8%E9%AF%99+%E8%A3%B8%E8%83%B8+%E8%A3%B8%E8%83%B8%E9%AF%99+&oid=21812 HTTP/1.1" 200 3504
66.249.71.72 - - [17/Jun/2015:15:05:35 +0800] "GET /content/nav/relationSubject.jsp?relationWords=%E6%96%91%E9%A6%AC%20%E6%96%91%E9%A6%AC%E8%A3%B8%E8%83%B8%E9%AF%99%20%E8%A3%B8%E8%83%B8%20%E8%A3%B8%E8%83%B8%E9%AF%99%20&oid=21812 HTTP/1.1" 200 3504
61.228.32.76 - - [17/Jun/2015:15:06:06 +0800] "GET /content/nav/relationSubject.jsp?relationWords=%E5%8F%B0%E7%81%A3%E6%AC%92%E6%A8%B9+%E8%8B%A6%E8%8B%93%E8%88%85+&oid=16777254 HTTP/1.1" 200 4285
140.112.25.98 - - [17/Jun/2015:15:06:10 +0800] "GET /content/nav/relationSubject.jsp?relationWords=%E5%A4%9A%E6%A8%A3%E6%80%A7+%E7%8F%A0%E6%AF%8D%E8%B2%9D+%E7%8F%A0%E8%A1%A3+%E8%B2%9D%E7%8F%A0+&oid=16777472 HTTP/1.1" 200 5069
66.249.71.23 - - [17/Jun/2015:15:07:05 +0800] "GET /digiarch3/content/subject/resource_content.jsp?oid=16777568&queryType=qs&queryString=%E6%95%B8%E4%BD%8D%E5%85%B8%E8%97%8F%E6%8A%80%E8%A1%93 HTTP/1.1" 200 34897
66.249.71.64 - - [17/Jun/2015:15:07:57 +0800] "GET /content/repository/resource_content.jsp?oid=719031&queryString=%E5%B7%B4%E9%BB%8E%20%E5%B7%B4%E9%BB%8E%E5%92%8C%E6%9C%83 HTTP/1.1" 200 28987
66.249.71.64 - - [17/Jun/2015:15:08:39 +0800] "GET /content/repository/resource_content.jsp?oid=2142691 HTTP/1.1" 200 30776
111.243.191.236 - - [17/Jun/2015:15:09:17 +0800] "GET /content/nav/relationSubject.jsp?relationWords=%E6%B5%B7%E6%AA%AC%E6%9E%9C+&oid=16777376 HTTP/1.1" 200 4094
66.249.71.64 - - [17/Jun/2015:15:10:12 +0800] "GET /content/repository/resource_content.jsp?oid=1603194&queryString=%E6%96%B0%E5%AF%8C HTTP/1.1" 200 28993
68.180.229.54 - - [17/Jun/2015:15:10:36 +0800] "GET /digiarch_en/content/subject/resource_content.jsp?oid=16777624&queryType=qc HTTP/1.1" 200 98233
66.249.71.64 - - [17/Jun/2015:15:10:55 +0800] "GET /content/nav/relationSubject.jsp?relationWords=%E6%A4%8D%E7%89%A9%E7%95%8C+%E7%A6%BE%E6%9C%AC%E7%A7%91+%E7%A8%97%E5%B1%AC+%E8%8E%8E%E8%8D%89+&oid=1458271 HTTP/1.1" 200 3258
66.249.71.72 - - [17/Jun/2015:15:10:58 +0800] "GET /content/nav/relationSubject.jsp?relationWords=%E6%A4%8D%E7%89%A9%E7%95%8C%20%E7%A6%BE%E6%9C%AC%E7%A7%91%20%E7%A8%97%E5%B1%AC%20%E8%8E%8E%E8%8D%89%20&oid=1458271 HTTP/1.1" 200 3258
66.249.71.64 - - [17/Jun/2015:15:11:46 +0800] "GET /content/repository/resource_content.jsp?oid=1108200&queryString=%E6%8C%96%E8%80%B3%E8%8D%89%20%E6%A4%8D%E7%89%A9%E7%95%8C%20%E7%8B%B8%E8%97%BB%20%E7%8B%B8%E8%97%BB%E5%B1%AC%20%E7%8E%84%E5%8F%83 HTTP/1.1" 200 31233
66.249.71.60 - - [17/Jun/2015:15:13:19 +0800] "GET /content/repository/resource_content.jsp?oid=1609200 HTTP/1.1" 200 29968
66.249.71.60 - - [17/Jun/2015:15:14:53 +0800] "GET /content/repository/resource_content.jsp?oid=1620909 HTTP/1.1" 200 29242
66.249.82.160 - - [17/Jun/2015:15:15:43 +0800] "GET /content/exhibit/exhibit.jsp?oid=16777844 HTTP/1.1" 200 25966
66.249.82.160 - - [17/Jun/2015:15:15:45 +0800] "GET /content/exhibit/exhibit_content.jsp?oid=16777844 HTTP/1.1" 200 19811
66.249.71.72 - - [17/Jun/2015:15:17:21 +0800] "GET /content/nav/relationSubject.jsp?relationWords=%E8%91%A3%E9%8C%A6%E6%A8%B9+%E9%99%B3%E6%A0%B9%E5%A1%97+&oid=1889595 HTTP/1.1" 200 4413
66.249.71.64 - - [17/Jun/2015:15:21:07 +0800] "GET /content/subject/resource_content.jsp?oid=16797244&queryType=qc HTTP/1.1" 200 50441
66.249.79.19 - - [17/Jun/2015:15:23:26 +0800] "GET /content/nav/relationSubject.jsp?relationWords=%E5%8F%B0%E7%81%A3%E7%89%9B+%E5%8F%B0%E7%81%A3%E7%89%9B%E5%BD%8C%E8%8F%9C+%E6%A4%8D%E7%89%A9%E7%95%8C+%E7%89%9B%E5%BD%8C%E8%8F%9C+%E7%89%9B%E5%BD%8C%E8%8F%9C%E5%B1%AC+%E8%98%BF%E8%97%A6+%E8%98%BF%E8%97%A6%E7%A7%91+%E9%BE%8D%E8%86%BD+&oid=1097989 HTTP/1.1" 200 3781
60.245.65.179 - - [17/Jun/2015:15:24:09 +0800] "GET /content/subject/resource_content.jsp?oid=16777333&queryString= HTTP/1.1" 200 31979
60.245.65.179 - - [17/Jun/2015:15:24:10 +0800] "GET /content/nav/relationSubject.jsp?relationWords=%E7%8F%8A%E7%91%9A%E5%88%BA%E6%A1%90+&oid=16777333 HTTP/1.1" 200 2149
66.249.71.60 - - [17/Jun/2015:15:25:12 +0800] "GET /content/nav/relationSubject.jsp?relationWords=%E5%85%AB%E5%BA%9C+%E8%87%AA%E4%BE%86%E6%B0%B4+%E8%87%BA%E5%8C%97%E7%B8%A3+%E8%B2%B8%E6%AC%BE+&oid=1634131 HTTP/1.1" 200 5024
66.249.71.72 - - [17/Jun/2015:15:25:14 +0800] "GET /content/nav/relationSubject.jsp?relationWords=%E5%85%AB%E5%BA%9C%20%E8%87%AA%E4%BE%86%E6%B0%B4%20%E8%87%BA%E5%8C%97%E7%B8%A3%20%E8%B2%B8%E6%AC%BE%20&oid=1634131 HTTP/1.1" 200 5024
66.249.71.127 - - [17/Jun/2015:15:25:48 +0800] "GET /content/repository/resource_content.jsp?oid=16558&queryString=%E5%88%BA%E8%A6%8F%20%E6%84%9B%E6%B0%8F%E4%BA%8C%E9%BD%92%E9%AD%A8%20%E6%B0%A3%E7%93%9C%E4%BB%94%20%E8%89%BE%E6%B0%8F%E5%88%BA%E9%AD%A8%20%E9%AD%A8%E7%A7%91 HTTP/1.1" 200 34763
66.249.71.119 - - [17/Jun/2015:15:25:48 +0800] "GET /content/nav/relationSubject.jsp?relationWords=%E7%9C%8B%E6%9D%BF+&oid=1585872 HTTP/1.1" 200 3833
66.249.71.119 - - [17/Jun/2015:15:25:50 +0800] "GET /content/nav/relationSubject.jsp?relationWords=%E7%9C%8B%E6%9D%BF%20&oid=1585872 HTTP/1.1" 200 3833
66.249.71.3 - - [17/Jun/2015:15:27:21 +0800] "GET /content/repository/resource_content.jsp?oid=3826399&queryString=%E5%A2%A8%E9%BB%9E%E6%AB%BB%E6%A1%83%20%E6%A2%85%E5%B1%AC%20%E6%A4%8D%E7%89%A9%E7%95%8C%20%E8%96%94%E8%96%87%E7%9B%AE%20%E8%96%94%E8%96%87%E7%A7%91%20%E9%BB%91%E6%98%9F%E6%AB%BB HTTP/1.1" 200 31614
58.115.151.126 - - [17/Jun/2015:15:27:32 +0800] "GET /content/repository/resource_content.jsp?oid=14829&queryString=%E5%8F%B0%E7%81%A3%E7%89%B9%E6%9C%89%E7%A8%AE%20%E6%A3%98%E8%A3%B8%E7%B5%A8%E9%AE%8B%20%E7%9F%B3%E7%8B%97%E5%85%AC%20%E7%9F%B3%E9%A0%AD%E9%AD%9A HTTP/1.1" 200 34959
58.115.151.126 - - [17/Jun/2015:15:27:34 +0800] "GET /content/nav/relationSubject.jsp?relationWords=%E7%9F%B3%E7%8B%97%E5%85%AC+%E7%9F%B3%E9%A0%AD%E9%AD%9A+%E7%B4%85%E8%99%8E+%E7%B4%85%E9%BB%91%E5%96%89+%E8%99%8E%E9%AD%9A+&oid=14829 HTTP/1.1" 200 3505
175.139.241.243 - - [17/Jun/2015:15:28:12 +0800] "GET /content/nav/relationSubject.jsp?relationWords=&oid=16777576 HTTP/1.1" 200 1405
66.249.71.127 - - [17/Jun/2015:15:28:21 +0800] "GET /content/nav/relationSubject.jsp?relationWords=%E8%92%B2%E5%9C%BB+&oid=2643628 HTTP/1.1" 200 3105
66.249.71.3 - - [17/Jun/2015:15:28:25 +0800] "GET /content/nav/relationSubject.jsp?relationWords=%E8%92%B2%E5%9C%BB%20&oid=2643628 HTTP/1.1" 200 3105
60.250.54.103 - - [17/Jun/2015:15:28:30 +0800] "GET /content/nav/relationSubject.jsp?relationWords=%E6%AA%AC%E6%9E%9C+%E8%8A%92%E6%9E%9C+&oid=16777508 HTTP/1.1" 200 4379
123.125.71.90 - - [17/Jun/2015:15:28:33 +0800] "GET /digiarch_en/content/tmp_exh/resource_content.jsp?oid=16777811&queryType=qc HTTP/1.1" 200 23663
140.120.102.201 - - [17/Jun/2015:15:28:38 +0800] "GET /content/nav/relationSubject.jsp?relationWords=%E6%AA%AC%E6%9E%9C+%E8%8A%92%E6%9E%9C+&oid=16777508 HTTP/1.1" 200 4379
66.249.71.60 - - [17/Jun/2015:15:28:54 +0800] "GET /content/repository/resource_content.jsp?oid=1609373 HTTP/1.1" 200 29466
60.245.65.179 - - [17/Jun/2015:15:29:40 +0800] "GET /content/subject/resource_content.jsp?oid=16777328&queryString= HTTP/1.1" 200 35562
60.245.65.179 - - [17/Jun/2015:15:29:40 +0800] "GET /content/nav/relationSubject.jsp?relationWords=&oid=16777328 HTTP/1.1" 200 1405
66.249.79.19 - - [17/Jun/2015:15:30:19 +0800] "GET /content/subject/resource_content.jsp?oid=16777552&queryString=%E5%A5%BD%E6%B6%88%E6%81%AF%20%E5%B7%AB%E6%96%87%E9%9A%86 HTTP/1.1" 200 28686
66.249.71.60 - - [17/Jun/2015:15:30:28 +0800] "GET /content/repository/resource_content.jsp?oid=1568773 HTTP/1.1" 200 28761
61.60.126.4 - - [17/Jun/2015:15:30:43 +0800] "GET /content/nav/relationSubject.jsp?relationWords=%E5%B1%B1%E8%8C%B6%E8%8A%B1+%E6%9B%BC%E9%99%80%E7%BE%85%E8%8A%B1+&oid=16777448 HTTP/1.1" 200 1894
66.249.71.60 - - [17/Jun/2015:15:30:56 +0800] "GET /content/nav/relationSubject.jsp?relationWords=%E5%AE%89%E5%85%A8%E6%A1%88+%E7%9C%81%E6%94%BF%E5%BA%9C+&oid=1568773 HTTP/1.1" 200 4507
66.249.79.32 - - [17/Jun/2015:15:30:59 +0800] "GET /content/nav/relationSubject.jsp?relationWords=%E5%AE%89%E5%85%A8%E6%A1%88%20%E7%9C%81%E6%94%BF%E5%BA%9C%20&oid=1568773 HTTP/1.1" 200 4507
66.249.71.14 - - [17/Jun/2015:15:31:29 +0800] "GET /content/nav/relationSubject.jsp?relationWords=%E7%99%BD%E5%90%BB+%E7%AB%8B%E6%97%97%E9%AF%9B+&oid=33554751 HTTP/1.1" 200 3361
66.249.71.23 - - [17/Jun/2015:15:31:31 +0800] "GET /content/nav/relationSubject.jsp?relationWords=%E7%99%BD%E5%90%BB%20%E7%AB%8B%E6%97%97%E9%AF%9B%20&oid=33554751 HTTP/1.1" 200 3361
66.249.71.64 - - [17/Jun/2015:15:32:01 +0800] "GET /content/repository/resource_content.jsp?oid=1517133 HTTP/1.1" 200 28758
207.46.13.1 - - [17/Jun/2015:15:32:55 +0800] "GET /content/nav/relationSubject.jsp?relationWords=&oid=16777591 HTTP/1.1" 200 1405
66.249.71.14 - - [17/Jun/2015:15:33:35 +0800] "GET /content/subject/resource_content.jsp?oid=16777386&queryType=qc HTTP/1.1" 200 38774
66.249.71.119 - - [17/Jun/2015:15:35:08 +0800] "GET /content/subject/resource_content.jsp?oid=16797244&queryType=qc HTTP/1.1" 200 50441
66.249.71.14 - - [17/Jun/2015:15:35:14 +0800] "GET /content/repository/resource_content.jsp?oid=15458&queryString=%E6%97%A5%E6%9C%AC%E9%8A%80%E8%BA%AB%20%E7%99%BD%E5%A7%91%E9%AD%9A%20%E7%9F%B3%E9%A6%96%E9%AD%9A%E7%A7%91%20%E9%BB%83%E5%A7%91%E9%AD%9A HTTP/1.1" 200 36811
118.163.88.50 - - [17/Jun/2015:15:37:20 +0800] "GET /content/repository/resource_content.jsp?oid=1779248 HTTP/1.1" 200 30962
118.163.88.50 - - [17/Jun/2015:15:37:21 +0800] "GET /content/nav/relationSubject.jsp?relationWords=&oid=1779248 HTTP/1.1" 200 1405
66.249.71.64 - - [17/Jun/2015:15:37:21 +0800] "GET /content/nav/relationSubject.jsp?relationWords=%E6%A4%8D%E7%89%A9%E7%95%8C+%E7%8E%89%E5%B1%B1%E8%88%96%E5%9C%B0%E8%9C%88%E8%9A%A3+%E8%88%96%E5%9C%B0+%E8%88%96%E5%9C%B0%E8%9C%88%E8%9A%A3+%E8%88%96%E5%9C%B0%E8%9C%88%E8%9A%A3%E5%B1%AC+%E8%96%94%E8%96%87%E7%9B%AE+%E8%96%94%E8%96%87%E7%A7%91+&oid=1462803 HTTP/1.1" 200 3582
66.249.71.64 - - [17/Jun/2015:15:37:23 +0800] "GET /content/nav/relationSubject.jsp?relationWords=%E6%A4%8D%E7%89%A9%E7%95%8C%20%E7%8E%89%E5%B1%B1%E8%88%96%E5%9C%B0%E8%9C%88%E8%9A%A3%20%E8%88%96%E5%9C%B0%20%E8%88%96%E5%9C%B0%E8%9C%88%E8%9A%A3%20%E8%88%96%E5%9C%B0%E8%9C%88%E8%9A%A3%E5%B1%AC%20%E8%96%94%E8%96%87%E7%9B%AE%20%E8%96%94%E8%96%87%E7%A7%91%20&oid=1462803 HTTP/1.1" 200 3582
220.181.108.181 - - [17/Jun/2015:15:38:59 +0800] "GET /content/repository/resource_content.jsp?oid=1895161&queryString=%E8%87%BA%E7%81%A3+ HTTP/1.1" 200 30878
66.249.71.127 - - [17/Jun/2015:15:40:48 +0800] "GET /content/nav/relationSubject.jsp?relationWords=%E6%94%B6%E7%9B%8A%E6%A1%88+%E7%94%A2%E6%A5%AD%E9%81%93%E8%B7%AF+%E8%87%BA%E5%8C%97%E7%B8%A3+%E8%8C%B6%E6%A8%B9+&oid=1596511 HTTP/1.1" 200 5310
36.236.197.96 - - [17/Jun/2015:15:40:50 +0800] "GET /content/repository/resource_content.jsp?oid=1620111 HTTP/1.1" 200 29220
66.249.71.127 - - [17/Jun/2015:15:40:51 +0800] "GET /content/nav/relationSubject.jsp?relationWords=%E6%94%B6%E7%9B%8A%E6%A1%88%20%E7%94%A2%E6%A5%AD%E9%81%93%E8%B7%AF%20%E8%87%BA%E5%8C%97%E7%B8%A3%20%E8%8C%B6%E6%A8%B9%20&oid=1596511 HTTP/1.1" 200 5310
36.236.197.96 - - [17/Jun/2015:15:40:52 +0800] "GET /content/nav/relationSubject.jsp?relationWords=%E5%B1%B1%E5%9C%B0%E8%A1%8C%E6%94%BF%E7%89%B9%E8%80%83+%E5%B1%B1%E8%83%9E+&oid=1620111 HTTP/1.1" 200 3794
114.39.213.203 - - [17/Jun/2015:15:41:28 +0800] "GET /content/nav/relationSubject.jsp?relationWords=%E7%83%8F%E5%BF%83%E7%9F%B3+&oid=16777331 HTTP/1.1" 200 3897
220.181.108.103 - - [17/Jun/2015:15:42:37 +0800] "GET /content/pictures/picture_content.jsp?oid=33554850&queryType=qc HTTP/1.1" 200 27674
66.249.71.36 - - [17/Jun/2015:15:42:56 +0800] "GET /content/repository/resource_content.jsp?oid=15862&queryType=qs&queryString=%E9%9D%92%E8%A1%A3 HTTP/1.1" 200 35667
66.249.79.19 - - [17/Jun/2015:15:43:27 +0800] "GET /content/nav/relationSubject.jsp?relationWords=%E5%8A%87%E6%9C%AC+%E6%B1%BA%E6%88%B0+%E7%9A%87%E6%B0%91+%E7%9A%87%E6%B0%91%E5%A5%89%E5%85%AC%E6%9C%83+%E8%87%BA%E7%81%A3%E6%BC%94%E5%8A%87%E5%8D%94%E6%9C%83+&oid=2470531 HTTP/1.1" 200 4392
66.249.71.60 - - [17/Jun/2015:15:43:33 +0800] "GET /content/nav/relationSubject.jsp?relationWords=%E5%8A%87%E6%9C%AC%20%E6%B1%BA%E6%88%B0%20%E7%9A%87%E6%B0%91%20%E7%9A%87%E6%B0%91%E5%A5%89%E5%85%AC%E6%9C%83%20%E8%87%BA%E7%81%A3%E6%BC%94%E5%8A%87%E5%8D%94%E6%9C%83%20&oid=2470531 HTTP/1.1" 200 4392
66.249.71.64 - - [17/Jun/2015:15:43:37 +0800] "GET /content/nav/relationSubject.jsp?relationWords=%E5%8D%97%E6%98%9F%E7%A7%91+%E5%A4%A9%E5%8D%97%E6%98%9F+%E5%A4%A9%E5%8D%97%E6%98%9F%E5%B1%AC+%E5%A4%A9%E5%8D%97%E6%98%9F%E7%A7%91+%E6%A4%8D%E7%89%A9%E7%95%8C+%E8%91%89%E5%A4%A9%E5%8D%97%E6%98%9F+%E9%95%B7%E8%A1%8C%E5%A4%A9%E5%8D%97%E6%98%9F+%E9%9B%B7%E5%85%AC%E7%B5%B1+&oid=2151433 HTTP/1.1" 200 3639
66.249.71.64 - - [17/Jun/2015:15:43:41 +0800] "GET /content/nav/relationSubject.jsp?relationWords=%E5%8D%97%E6%98%9F%E7%A7%91%20%E5%A4%A9%E5%8D%97%E6%98%9F%20%E5%A4%A9%E5%8D%97%E6%98%9F%E5%B1%AC%20%E5%A4%A9%E5%8D%97%E6%98%9F%E7%A7%91%20%E6%A4%8D%E7%89%A9%E7%95%8C%20%E8%91%89%E5%A4%A9%E5%8D%97%E6%98%9F%20%E9%95%B7%E8%A1%8C%E5%A4%A9%E5%8D%97%E6%98%9F%20%E9%9B%B7%E5%85%AC%E7%B5%B1%20&oid=2151433 HTTP/1.1" 200 3639
180.76.15.162 - - [17/Jun/2015:15:44:11 +0800] "GET /content/repository/resource_content.jsp?oid=1095611&queryString=%E5%81%87%E8%93%AC%E5%B1%AC%20%E5%8A%A0%E6%8B%BF%E5%A4%A7%E8%93%AC%20%E6%A4%8D%E7%89%A9%E7%95%8C%20%E8%8F%8A%E7%A7%91%20%E9%9B%99%E5%AD%90%E8%91%89%E6%A4%8D%E7%89%A9 HTTP/1.1" 200 31243
220.136.78.178 - - [17/Jun/2015:15:44:24 +0800] "GET /content/repository/resource_content.jsp?oid=1618815 HTTP/1.1" 200 29061
60.245.65.179 - - [17/Jun/2015:15:44:26 +0800] "GET /content/subject/resource_content.jsp?oid=16777317&queryString= HTTP/1.1" 200 34911
220.136.78.178 - - [17/Jun/2015:15:44:26 +0800] "GET /content/nav/relationSubject.jsp?relationWords=%E7%9F%B3%E9%9D%92+%E7%A8%BB%E7%B1%B3+%E7%B3%A7%E9%A3%9F%E5%B1%80+%E9%9B%9C%E7%B3%A7+%E9%A0%90%E7%AE%97+&oid=1618815 HTTP/1.1" 200 6891
60.245.65.179 - - [17/Jun/2015:15:44:26 +0800] "GET /content/nav/relationSubject.jsp?relationWords=%E8%8B%A6%E8%8B%93+&oid=16777317 HTTP/1.1" 200 3183
66.249.71.3 - - [17/Jun/2015:15:44:29 +0800] "GET /content/subject/resource_content.jsp?oid=16777732&queryString= HTTP/1.1" 200 31200
140.122.84.19 - - [17/Jun/2015:15:44:31 +0800] "GET /content/nav/relationSubject.jsp?relationWords=%E5%B7%B4%E9%BB%8E%E5%92%8C%E6%9C%83+&oid=16777248 HTTP/1.1" 200 3536
66.249.71.45 - - [17/Jun/2015:15:45:25 +0800] "GET /content/nav/relationSubject.jsp?relationWords=%E5%AE%88%E5%82%99%E4%BA%8B+&oid=2667175 HTTP/1.1" 200 3090
66.249.71.36 - - [17/Jun/2015:15:45:27 +0800] "GET /content/nav/relationSubject.jsp?relationWords=%E5%AE%88%E5%82%99%E4%BA%8B%20&oid=2667175 HTTP/1.1" 200 3090
223.141.156.197 - - [17/Jun/2015:15:45:41 +0800] "GET /content/repository/resource_content.jsp?oid=1456974 HTTP/1.1" 200 30862
223.141.156.197 - - [17/Jun/2015:15:45:54 +0800] "GET /content/nav/relationSubject.jsp?relationWords=%E4%B8%83%E9%87%8C%E9%A6%99+%E6%A4%8D%E7%89%A9%E7%95%8C+%E6%B5%B7%E6%A1%90+%E6%B5%B7%E6%A1%90%E5%B1%AC+%E8%96%94%E8%96%87%E7%9B%AE+&oid=1456974 HTTP/1.1" 200 3356
36.236.197.96 - - [17/Jun/2015:15:46:05 +0800] "GET /content/repository/resource_content.jsp?oid=1546808&queryString=%E5%B1%B1%E5%9C%B0%E8%A1%8C%E6%94%BF%E7%89%B9%E8%80%83%20%E5%B1%B1%E8%83%9E HTTP/1.1" 200 29341
36.236.197.96 - - [17/Jun/2015:15:46:08 +0800] "GET /content/nav/relationSubject.jsp?relationWords=%E4%BF%9D%E7%95%99%E5%9C%B0+%E5%9C%B0%E4%BF%9D+%E5%B1%B1%E8%83%9E+%E8%87%AA%E6%A4%8D%E6%9E%97+&oid=1546808 HTTP/1.1" 200 3873
60.245.65.179 - - [17/Jun/2015:15:46:10 +0800] "GET /content/subject/resource_content.jsp?oid=16777307&queryString= HTTP/1.1" 200 37175
60.245.65.179 - - [17/Jun/2015:15:46:11 +0800] "GET /content/nav/relationSubject.jsp?relationWords=%E8%B1%94%E7%B4%AB%E8%8D%8A+&oid=16777307 HTTP/1.1" 200 1881
66.249.71.64 - - [17/Jun/2015:15:46:16 +0800] "GET /digiarch_en/content/nav/relationSubject.jsp?relationWords=%E5%8F%B0%E7%81%A3%E9%AD%9A%E9%A1%9E+%E5%A4%9A%E6%A8%A3%E6%80%A7+%E6%B5%B7%E9%AE%AE+%E7%92%B0%E4%BF%9D+%E7%94%9F%E7%89%A9%E5%A4%9A%E6%A8%A3%E6%80%A7+%E9%8C%A2%E9%B0%BB+&oid=16777746 HTTP/1.1" 200 7533
66.249.71.60 - - [17/Jun/2015:15:46:18 +0800] "GET /digiarch_en/content/nav/relationSubject.jsp?relationWords=%E5%8F%B0%E7%81%A3%E9%AD%9A%E9%A1%9E%20%E5%A4%9A%E6%A8%A3%E6%80%A7%20%E6%B5%B7%E9%AE%AE%20%E7%92%B0%E4%BF%9D%20%E7%94%9F%E7%89%A9%E5%A4%9A%E6%A8%A3%E6%80%A7%20%E9%8C%A2%E9%B0%BB%20&oid=16777746 HTTP/1.1" 200 7533
60.245.65.179 - - [17/Jun/2015:15:46:35 +0800] "GET /content/subject/resource_content.jsp?oid=16777306&queryString= HTTP/1.1" 200 32128
60.245.65.179 - - [17/Jun/2015:15:46:36 +0800] "GET /content/nav/relationSubject.jsp?relationWords=%E8%8C%84%E8%8B%B3+&oid=16777306 HTTP/1.1" 200 4432
60.245.65.179 - - [17/Jun/2015:15:47:12 +0800] "GET /content/subject/resource_content.jsp?oid=16777302&queryString= HTTP/1.1" 200 33444
60.245.65.179 - - [17/Jun/2015:15:47:13 +0800] "GET /content/nav/relationSubject.jsp?relationWords=%E7%B4%85%E6%A5%A0+%E8%B1%AC%E8%85%B3%E6%A5%A0+&oid=16777302 HTTP/1.1" 200 3693
220.181.108.110 - - [17/Jun/2015:15:47:26 +0800] "GET /content/pictures/picture_content.jsp?oid=33554794 HTTP/1.1" 200 27396
60.245.65.179 - - [17/Jun/2015:15:48:19 +0800] "GET /content/subject/resource_content.jsp?oid=16777287&queryString= HTTP/1.1" 200 33601
60.245.65.179 - - [17/Jun/2015:15:48:19 +0800] "GET /content/nav/relationSubject.jsp?relationWords=%E7%99%BD%E5%8D%83%E5%B1%A4+&oid=16777287 HTTP/1.1" 200 3852
66.249.71.45 - - [17/Jun/2015:15:49:10 +0800] "GET /content/repository/resource_content.jsp?oid=1888252&queryString=%E6%88%B6%E7%B1%8D%E8%AC%84%E6%9C%AC HTTP/1.1" 200 30479
60.245.65.179 - - [17/Jun/2015:15:49:21 +0800] "GET /content/subject/resource_content.jsp?oid=16777274&queryString= HTTP/1.1" 200 35382
60.245.65.179 - - [17/Jun/2015:15:49:22 +0800] "GET /content/nav/relationSubject.jsp?relationWords=%E9%9D%92%E6%A5%93+&oid=16777274 HTTP/1.1" 200 3565
66.249.71.127 - - [17/Jun/2015:15:49:46 +0800] "GET /mobile/content/subject/resource_content.jsp?oid=16777387&queryType=qs&queryString=%E7%A0%94%E7%A9%B6%E7%94%9F HTTP/1.1" 404 14873
60.245.65.179 - - [17/Jun/2015:15:50:04 +0800] "GET /content/subject/resource_content.jsp?oid=16777275&queryString= HTTP/1.1" 200 34218
60.245.65.179 - - [17/Jun/2015:15:50:05 +0800] "GET /content/nav/relationSubject.jsp?relationWords=%E6%A5%93%E9%A6%99+&oid=16777275 HTTP/1.1" 200 3838
68.180.229.54 - - [17/Jun/2015:15:50:40 +0800] "GET /content/pictures/picture_content.jsp?oid=33554801 HTTP/1.1" 200 27549
60.245.65.179 - - [17/Jun/2015:15:50:46 +0800] "GET /content/subject/resource_content.jsp?oid=16777262&queryString= HTTP/1.1" 200 32187
60.245.65.179 - - [17/Jun/2015:15:50:46 +0800] "GET /content/nav/relationSubject.jsp?relationWords=%E9%BB%91%E6%9D%BF%E6%A8%B9+&oid=16777262 HTTP/1.1" 200 3253
101.14.94.239 - - [17/Jun/2015:15:51:17 +0800] "GET /content/repository/resource_content.jsp?oid=1599051 HTTP/1.1" 200 28458
101.14.94.239 - - [17/Jun/2015:15:51:20 +0800] "GET /content/nav/relationSubject.jsp?relationWords=%E7%B4%A1%E7%B9%94%E5%BB%A0+%E8%B3%AA%E8%A9%A2+&oid=1599051 HTTP/1.1" 200 3962
66.249.71.60 - - [17/Jun/2015:15:52:17 +0800] "GET /content/repository/resource_content.jsp?oid=2570408 HTTP/1.1" 200 28914
60.245.65.179 - - [17/Jun/2015:15:52:46 +0800] "GET /content/subject/resource_content.jsp?oid=16777257&queryString= HTTP/1.1" 200 31200
60.245.65.179 - - [17/Jun/2015:15:52:47 +0800] "GET /content/nav/relationSubject.jsp?relationWords=%E7%B4%AB%E9%88%B4%E8%97%A4+%E8%92%9C%E9%A6%99%E8%97%A4+&oid=16777257 HTTP/1.1" 200 1891
60.245.65.179 - - [17/Jun/2015:15:54:43 +0800] "GET /content/subject/resource_content.jsp?oid=16777255&queryString= HTTP/1.1" 200 31663
60.245.65.179 - - [17/Jun/2015:15:54:43 +0800] "GET /content/nav/relationSubject.jsp?relationWords=%E6%9C%A8%E7%8A%80+%E6%A1%82%E8%8A%B1+&oid=16777255 HTTP/1.1" 200 4029
66.249.71.72 - - [17/Jun/2015:15:55:24 +0800] "GET /content/repository/resource_content.jsp?oid=1098217&queryString=%E5%8E%9A%E6%AE%BC%E6%A8%B9%E5%B1%AC%20%E6%A4%8D%E7%89%A9%E7%95%8C%20%E7%B4%AB%E8%8D%89%E7%A7%91%20%E8%98%AD%E5%B6%BC%E5%8E%9A%E6%AE%BC%E6%A8%B9 HTTP/1.1" 200 31223
60.245.65.179 - - [17/Jun/2015:15:56:22 +0800] "GET /content/subject/resource_content.jsp?oid=16777448&queryString= HTTP/1.1" 200 34500
60.245.65.179 - - [17/Jun/2015:15:56:23 +0800] "GET /content/nav/relationSubject.jsp?relationWords=%E5%B1%B1%E8%8C%B6%E8%8A%B1+%E6%9B%BC%E9%99%80%E7%BE%85%E8%8A%B1+&oid=16777448 HTTP/1.1" 200 1894
66.249.71.119 - - [17/Jun/2015:15:56:57 +0800] "GET /content/subject/resource_content.jsp?oid=16777483&queryString=%E5%8F%B0%E7%81%A3%E5%8E%9F%E4%BD%8F%E6%B0%91%20%E6%96%87%E5%8C%96%E7%94%A2%E6%A5%AD%20%E7%A4%BE%E5%8D%80%E7%B8%BD%E9%AB%94%E7%87%9F%E9%80%A0 HTTP/1.1" 200 43955
60.245.65.179 - - [17/Jun/2015:15:57:11 +0800] "GET /content/subject/resource_content.jsp?oid=16777317&queryString= HTTP/1.1" 200 34911
202.4.201.42 - - [17/Jun/2015:15:57:17 +0800] "GET /content/nav/relationSubject.jsp?relationWords=%E5%A4%A7%E8%8A%B1%E7%B4%AB%E8%96%87+&oid=16777378 HTTP/1.1" 200 3480
68.180.229.54 - - [17/Jun/2015:15:57:49 +0800] "GET /digiarch_en/content/subject/resource_content.jsp?oid=16777549&queryType=qc HTTP/1.1" 200 28017
66.249.71.60 - - [17/Jun/2015:15:57:59 +0800] "GET /content/nav/relationSubject.jsp?relationWords=%E7%9F%AD%E5%96%99%E9%BC%BB%E9%AD%9A+&oid=33554732 HTTP/1.1" 200 3190
111.242.36.16 - - [17/Jun/2015:15:58:05 +0800] "GET /content/nav/relationSubject.jsp?relationWords=%E9%98%BF%E5%8B%83%E5%8B%92+&oid=16777368 HTTP/1.1" 200 2917
66.249.71.72 - - [17/Jun/2015:15:58:22 +0800] "GET /content/nav/relationSubject.jsp?relationWords=%E8%93%8B%E9%A6%AC%E6%B0%8F%E7%9B%94%E9%AD%9A%20&oid=33554812 HTTP/1.1" 200 3201
66.249.71.127 - - [17/Jun/2015:15:58:31 +0800] "GET /content/repository/resource_content.jsp?oid=1106826&queryString=%E5%8E%9A%E6%AE%BC%E6%A8%B9%E5%B1%AC%20%E5%B1%B1%E6%AA%B3%E6%A6%94%20%E6%A4%8D%E7%89%A9%E7%95%8C%20%E7%B4%AB%E8%8D%89%E7%A7%91%20%E9%95%B7%E8%91%89%E5%8E%9A%E6%AE%BC%E6%A8%B9 HTTP/1.1" 200 31514
66.249.71.72 - - [17/Jun/2015:15:58:37 +0800] "GET /content/nav/relationSubject.jsp?relationWords=%E5%9F%BA%E9%9A%86%E5%B8%82%E6%94%BF%E5%BA%9C+%E6%97%AD%E5%B7%9D+%E6%A5%8A%E6%85%B6%E7%8F%8D+%E7%9C%81%E6%94%BF%E5%BA%9C+%E8%A5%BF%E5%AE%9A+&oid=1532075 HTTP/1.1" 200 4657
66.249.71.64 - - [17/Jun/2015:15:58:39 +0800] "GET /content/nav/relationSubject.jsp?relationWords=%E5%9F%BA%E9%9A%86%E5%B8%82%E6%94%BF%E5%BA%9C%20%E6%97%AD%E5%B7%9D%20%E6%A5%8A%E6%85%B6%E7%8F%8D%20%E7%9C%81%E6%94%BF%E5%BA%9C%20%E8%A5%BF%E5%AE%9A%20&oid=1532075 HTTP/1.1" 200 4657
106.186.20.143 - - [17/Jun/2015:15:59:47 +0800] "GET /content/nav/relationSubject.jsp?relationWords=&oid=16777342 HTTP/1.1" 200 1405
66.249.71.14 - - [17/Jun/2015:16:00:04 +0800] "GET /content/repository/resource_content.jsp?oid=4362280&queryType=qs&queryString=%E7%99%BB%E7%A7%91 HTTP/1.1" 200 34715
66.249.71.60 - - [17/Jun/2015:16:00:13 +0800] "GET /content/repository/resource_content.jsp?oid=1546550 HTTP/1.1" 200 32497
68.180.229.54 - - [17/Jun/2015:16:01:05 +0800] "GET /digiarch_en/content/subject/resource_content.jsp?oid=16777699&queryType=qc HTTP/1.1" 200 32243
207.46.13.1 - - [17/Jun/2015:16:01:10 +0800] "GET /content/nav/relationSubject.jsp?relationWords=&oid=16777459 HTTP/1.1" 200 1405
113.210.3.52 - - [17/Jun/2015:16:01:19 +0800] "GET /content/nav/relationSubject.jsp?relationWords=&oid=16777576 HTTP/1.1" 200 1405
140.128.164.199 - - [17/Jun/2015:16:01:31 +0800] "GET /content/subject/resource_content.jsp?oid=16777769&queryType=qc HTTP/1.1" 200 41381
140.128.164.199 - - [17/Jun/2015:16:01:33 +0800] "GET /content/nav/relationSubject.jsp?relationWords=%E6%95%B8%E4%BD%8D%E5%85%B8%E8%97%8F+%E9%89%9B%E5%AD%97+%E9%8A%85%E6%A8%A1+&oid=16777769 HTTP/1.1" 200 11830
66.249.71.64 - - [17/Jun/2015:16:01:38 +0800] "GET /content/repository/resource_content.jsp?oid=1560005 HTTP/1.1" 200 28436
220.181.108.106 - - [17/Jun/2015:16:02:42 +0800] "GET /content/tmp_tec/resource_content.jsp?oid=16777682 HTTP/1.1" 200 40119
66.249.71.72 - - [17/Jun/2015:16:03:11 +0800] "GET /content/repository/resource_content.jsp?oid=2676752 HTTP/1.1" 200 29678
61.227.98.55 - - [17/Jun/2015:16:03:53 +0800] "GET /content/nav/relationSubject.jsp?relationWords=%E8%8B%A6%E8%8B%93+&oid=16777317 HTTP/1.1" 200 3183
66.249.71.45 - - [17/Jun/2015:16:04:45 +0800] "GET /content/repository/resource_content.jsp?oid=15857&queryType=qs&queryString=%E9%AD%9A%E5%BD%A2 HTTP/1.1" 200 37420
66.249.71.64 - - [17/Jun/2015:16:06:19 +0800] "GET /content/subject/resource_content.jsp?oid=16797241&queryString= HTTP/1.1" 200 44202
66.249.71.14 - - [17/Jun/2015:16:07:52 +0800] "GET /content/repository/resource_content.jsp?oid=1893739&queryType=qs&queryString=%E7%BE%A9%E7%8E%8B HTTP/1.1" 200 28798
207.46.13.99 - - [17/Jun/2015:16:08:15 +0800] "GET /content/subject/resource_content.jsp?oid=16777581 HTTP/1.1" 200 48437
27.245.141.109 - - [17/Jun/2015:16:08:30 +0800] "GET /content/subject/resource_content.jsp?oid=16797240&queryType=qc HTTP/1.1" 200 42460
27.245.141.109 - - [17/Jun/2015:16:08:32 +0800] "GET /content/nav/relationSubject.jsp?relationWords=&oid=16797240 HTTP/1.1" 200 1405
66.249.71.54 - - [17/Jun/2015:16:08:33 +0800] "GET /content/nav/relationSubject.jsp?relationWords=%E4%B8%89%E7%8E%8B+%E6%81%AD%E9%A0%86+&oid=2631464 HTTP/1.1" 200 3128
66.249.71.54 - - [17/Jun/2015:16:08:34 +0800] "GET /content/nav/relationSubject.jsp?relationWords=%E4%B8%89%E7%8E%8B%20%E6%81%AD%E9%A0%86%20&oid=2631464 HTTP/1.1" 200 3128
66.249.71.45 - - [17/Jun/2015:16:10:43 +0800] "GET /content/nav/relationSubject.jsp?relationWords=%E4%BD%95%E5%AE%98+&oid=2685346 HTTP/1.1" 200 3114
66.249.71.36 - - [17/Jun/2015:16:10:45 +0800] "GET /content/nav/relationSubject.jsp?relationWords=%E4%BD%95%E5%AE%98%20&oid=2685346 HTTP/1.1" 200 3114
66.249.71.36 - - [17/Jun/2015:16:10:53 +0800] "GET /content/subject/resource_content.jsp?oid=16797282&queryType=qc HTTP/1.1" 200 78894
66.249.71.64 - - [17/Jun/2015:16:10:59 +0800] "GET /content/repository/resource_content.jsp?oid=741688 HTTP/1.1" 200 28888
66.249.71.60 - - [17/Jun/2015:16:12:32 +0800] "GET /content/repository/resource_content.jsp?oid=2150484 HTTP/1.1" 200 31246
223.141.156.197 - - [17/Jun/2015:16:12:53 +0800] "GET /content/repository/resource_content.jsp?oid=1456974 HTTP/1.1" 200 30862
210.69.125.4 - - [17/Jun/2015:16:13:23 +0800] "GET /content/subject/resource_content.jsp?oid=16797271&queryType=qc HTTP/1.1" 200 55169
210.69.125.4 - - [17/Jun/2015:16:13:32 +0800] "GET /content/nav/relationSubject.jsp?relationWords=&oid=16797271 HTTP/1.1" 200 1405
66.249.71.72 - - [17/Jun/2015:16:13:48 +0800] "GET /content/nav/relationSubject.jsp?relationWords=%E4%BA%BA%E6%B0%91%E5%9C%98%E9%AB%94+%E5%81%A5%E5%BA%B7%E6%AA%A2%E6%9F%A5+%E5%81%BD%E8%97%A5+%E5%8F%A4%E8%B9%9F%E7%B6%AD%E8%AD%B7+%E5%90%8D%E5%8B%9D%E5%8F%A4%E8%B9%9F+%E5%98%89%E7%BE%A9%E5%B8%82+&oid=1631659 HTTP/1.1" 200 5520
