66.249.71.136 - - [25/Jun/2016:06:51:46 +0800] "GET /content/nav/relationSubject.jsp?relationWords=%E6%A4%8D%E7%89%A9%E7%95%8C+%E8%8A%B1%E6%A4%92%E5%B1%AC+%E8%8A%B8%E9%A6%99+%E8%8A%B8%E9%A6%99%E7%A7%91+%E9%9B%99%E9%9D%A2%E5%88%BA+&oid=3824024 HTTP/1.1" 200 3347
66.249.71.152 - - [25/Jun/2016:06:52:04 +0800] "GET /content/repository/resource_content.jsp?oid=1112386&queryString=%E5%A4%8F%E5%A4%9C%20%E6%B0%B4%E8%8C%84%E8%8B%B3 HTTP/1.1" 200 31721
66.249.71.136 - - [25/Jun/2016:06:52:11 +0800] "GET /content/nav/relationSubject.jsp?relationWords=%E9%80%9A%E6%B3%89%E8%8D%89%E5%B1%AC%20&oid=2144928 HTTP/1.1" 200 2697
66.249.71.136 - - [25/Jun/2016:06:52:23 +0800] "GET /content/nav/relationSubject.jsp?relationWords=%E5%8F%B0%E7%81%A3%E7%8E%89%20%E6%B2%99%E9%B0%8D%20%E7%8E%89%E7%AD%8B%E9%AD%9A%20&oid=4352293 HTTP/1.1" 200 3371
66.249.71.136 - - [25/Jun/2016:06:52:55 +0800] "GET /content/nav/relationSubject.jsp?relationWords=%E5%90%88%E4%BD%9C%E7%A4%BE+%E6%BD%98%E7%A6%8F%E9%9A%86+%E7%9C%81%E6%94%BF%E5%BA%9C+%E7%AB%B9%E5%B1%B1%E9%8E%AE+%E8%95%AD%E6%B7%BB%E8%B2%A1+%E9%99%B3%E6%9C%9B%E9%9B%84+%E9%BB%83%E9%81%8B%E9%87%91+&oid=1522087 HTTP/1.1" 200 4757
66.249.71.136 - - [25/Jun/2016:06:53:01 +0800] "GET /content/nav/relationSubject.jsp?relationWords=%E5%88%91%E9%83%A8+%E5%A4%AA%E7%9B%A3+&oid=2670220 HTTP/1.1" 200 3130
66.249.79.200 - - [25/Jun/2016:06:53:04 +0800] "GET /content/nav/relationSubject.jsp?relationWords=%E8%96%9C%E8%8D%94%20&oid=16777485 HTTP/1.1" 200 3561
66.249.71.136 - - [25/Jun/2016:06:53:07 +0800] "GET /content/nav/relationSubject.jsp?relationWords=%E7%9A%87%E8%BC%BF%20&oid=2688117 HTTP/1.1" 200 2554
66.249.71.199 - - [25/Jun/2016:06:53:18 +0800] "GET /digiarch3/content/subject/resource_content.jsp?oid=16777448&queryType=qs&queryString=%E9%A3%B2%E9%85%92%E6%AD%8C HTTP/1.1" 200 34589
66.249.79.244 - - [25/Jun/2016:06:54:32 +0800] "GET /content/repository/resource_content.jsp?oid=1852439&queryString=%E7%9F%B3%E7%9B%82 HTTP/1.1" 200 30163
66.249.79.200 - - [25/Jun/2016:06:54:33 +0800] "GET /content/nav/relationSubject.jsp?relationWords=%E9%BB%83%E8%81%B2%E9%8F%9E%20&oid=1890602 HTTP/1.1" 200 3210
66.249.71.136 - - [25/Jun/2016:06:54:35 +0800] "GET /content/nav/relationSubject.jsp?relationWords=%E6%B9%96%E5%BB%A3%E7%B8%BD%E7%9D%A3%20&oid=2517464 HTTP/1.1" 200 3111
66.249.71.152 - - [25/Jun/2016:06:54:37 +0800] "GET /content/nav/relationSubject.jsp?relationWords=%E7%9F%B3%E7%9B%82+&oid=1852439 HTTP/1.1" 200 2969
66.249.71.136 - - [25/Jun/2016:06:55:13 +0800] "GET /content/nav/relationSubject.jsp?relationWords=%E5%8F%B0%E7%81%A3%E9%B1%92%20%E5%A4%A7%E7%94%B2%E9%B1%92%20%E6%A2%A8%E5%B1%B1%E9%B1%92%20%E6%AB%BB%E8%8A%B1%E9%89%A4%E5%90%BB%E9%AE%AD%20%E6%AB%BB%E8%8A%B1%E9%89%A4%E5%90%BB%E9%B1%92%20%E9%AE%AD%E7%A7%91%20%E9%BA%BB%E5%93%88%20&oid=14437 HTTP/1.1" 200 3503
66.249.71.136 - - [25/Jun/2016:06:56:51 +0800] "GET /content/repository/resource_content.jsp?oid=1078222 HTTP/1.1" 200 29337
66.249.71.136 - - [25/Jun/2016:06:56:52 +0800] "GET /content/nav/relationSubject.jsp?relationWords=%E5%B0%8F%E8%8A%B1%E7%BE%8A%E8%80%B3%E8%92%9C+%E6%A4%8D%E7%89%A9%E7%95%8C+%E7%BE%8A%E8%80%B3%E8%92%9C%E5%B1%AC+&oid=3814495 HTTP/1.1" 200 3159
66.249.71.136 - - [25/Jun/2016:06:56:55 +0800] "GET /content/nav/relationSubject.jsp?relationWords=%E4%BF%9D%E5%AE%89%E6%9E%97+%E5%9C%8B%E5%9C%96+&oid=1078222 HTTP/1.1" 200 4172
66.249.71.136 - - [25/Jun/2016:06:56:56 +0800] "GET /content/nav/relationSubject.jsp?relationWords=%E5%B0%8F%E8%8A%B1%E7%BE%8A%E8%80%B3%E8%92%9C%20%E6%A4%8D%E7%89%A9%E7%95%8C%20%E7%BE%8A%E8%80%B3%E8%92%9C%E5%B1%AC%20&oid=3814495 HTTP/1.1" 200 3159
122.116.217.252 - - [25/Jun/2016:06:57:39 +0800] "GET /content/subject/resource_content.jsp?oid=16777731&queryType=qc HTTP/1.1" 200 43404
122.116.217.252 - - [25/Jun/2016:06:57:39 +0800] "GET /content/nav/relationSubject.jsp?relationWords=%E5%A4%9A%E5%AA%92%E9%AB%94+%E6%95%B8%E4%BD%8D%E5%85%B8%E8%97%8F+%E6%95%B8%E4%BD%8D%E5%85%B8%E8%97%8F%E6%8A%80%E8%A1%93+%E7%9C%8B%E6%9D%BF+%E9%9B%BB%E8%A6%96%E7%89%86+&oid=16777731 HTTP/1.1" 200 8713
66.249.71.199 - - [25/Jun/2016:06:57:59 +0800] "GET /digiarch3/content/nav/relationSubject.jsp?relationWords=%E6%89%81%E6%A3%98%E9%AF%9B+%E9%AF%9B%E7%A7%91+&oid=20738 HTTP/1.1" 200 3164
66.249.71.136 - - [25/Jun/2016:06:58:15 +0800] "GET /content/nav/relationSubject.jsp?relationWords=%E5%B0%8F%E8%A5%BF%E6%B0%8F%E6%A5%A0+%E6%A4%8D%E7%89%A9%E7%95%8C+%E6%A5%A0%E5%B1%AC+%E6%A8%9F%E7%A7%91+&oid=2150491 HTTP/1.1" 200 3236
66.249.71.159 - - [25/Jun/2016:06:58:16 +0800] "GET /content/nav/relationSubject.jsp?relationWords=%E7%9C%8B%E8%AD%B7%E5%A9%A6%20%E8%AD%B7%E5%A3%AB%20&oid=16777604 HTTP/1.1" 200 4045
66.249.71.136 - - [25/Jun/2016:06:58:35 +0800] "GET /content/repository/resource_content.jsp?oid=3823409&queryString=%E5%8F%B0%E7%81%A3%E7%B9%A1%E7%B7%9A%E8%8F%8A%20%E6%A4%8D%E7%89%A9%E7%95%8C%20%E7%B9%A1%E7%B7%9A%E8%8F%8A%E5%B1%AC%20%E8%96%94%E8%96%87%E7%9B%AE%20%E8%96%94%E8%96%87%E7%A7%91 HTTP/1.1" 200 31528
66.249.71.136 - - [25/Jun/2016:06:59:15 +0800] "GET /content/pictures/picture_content.jsp?oid=33554951&classify=2762 HTTP/1.1" 200 27329
66.249.71.159 - - [25/Jun/2016:06:59:17 +0800] "GET /content/nav/relationSubject.jsp?relationWords=%E6%97%A5%E7%9B%9B+%E7%A6%AE%E9%83%A8+%E8%87%BA%E7%81%A3%E5%BA%9C+&oid=2676393 HTTP/1.1" 200 3145
66.249.71.136 - - [25/Jun/2016:06:59:18 +0800] "GET /content/nav/relationSubject.jsp?relationWords=%E6%9C%A8%E5%BD%AB%E8%9B%8B%E7%B3%95%E7%B0%BE%E8%9B%A4+&oid=33554951 HTTP/1.1" 200 2243
66.249.71.136 - - [25/Jun/2016:06:59:35 +0800] "GET /content/nav/relationSubject.jsp?relationWords=%E5%B6%BA%E5%8D%97%E9%87%8E%E8%8F%8A+%E6%96%91%E9%B3%A9%E8%8F%8A%E5%B1%AC+%E6%A4%8D%E7%89%A9%E7%95%8C+%E8%8F%8A%E7%A7%91+%E9%9B%99%E5%AD%90%E8%91%89%E6%A4%8D%E7%89%A9+&oid=1098326 HTTP/1.1" 200 3419
66.249.71.159 - - [25/Jun/2016:07:00:18 +0800] "GET /content/nav/relationSubject.jsp?relationWords=%E4%BA%A4%E9%80%9A%E5%AE%89%E5%85%A8+%E4%BF%9D%E9%9A%AA+%E5%85%AC%E8%B7%AF%E5%B1%80+%E5%8F%B8%E6%A9%9F+%E5%A4%A7%E6%BA%AA%E6%A9%8B+%E6%9F%8F%E6%B2%B9%E8%B7%AF%E9%9D%A2+%E8%A7%92%E6%9D%BF%E5%B1%B1+%E8%B3%AA%E8%A9%A2+%E8%BB%8A%E7%A6%8D+&oid=1545538 HTTP/1.1" 200 6019
66.249.71.152 - - [25/Jun/2016:07:00:45 +0800] "GET /content/nav/relationSubject.jsp?relationWords=%E5%8D%8A%E9%82%8A%E9%AD%9A%20%E6%89%81%E9%AD%9A%20%E6%AF%94%E7%9B%AE%E9%AD%9A%20%E7%9A%87%E5%B8%9D%E9%AD%9A%20&oid=16417 HTTP/1.1" 200 3600
68.180.230.157 - - [25/Jun/2016:07:00:53 +0800] "GET /content/subject/resource_content.jsp?oid=16777425&queryType=qc HTTP/1.1" 200 35685
66.249.71.159 - - [25/Jun/2016:07:01:14 +0800] "GET /content/repository/resource_content.jsp?oid=3818971&queryString=%E6%A4%8D%E7%89%A9%E7%95%8C%20%E6%A6%95%E5%B1%AC%20%E8%96%9C%E8%8D%94 HTTP/1.1" 200 30942
66.249.71.136 - - [25/Jun/2016:07:01:15 +0800] "GET /content/nav/relationSubject.jsp?relationWords=%E6%96%91%E9%87%91%20%E7%B4%85%E9%87%91%E7%B7%9A%E9%AD%9A%20%E9%87%91%E7%B7%9A%E9%AD%9A%20%E9%87%91%E7%B7%9A%E9%AD%9A%E7%A7%91%20%E9%87%91%E7%B7%9A%E9%B0%B1%20&oid=15415 HTTP/1.1" 200 3555
66.249.71.152 - - [25/Jun/2016:07:01:39 +0800] "GET /content/repository/resource_content.jsp?oid=1530058&queryString=%E5%BB%96%E7%A7%89%E8%BC%9D%20%E6%97%97%E5%B1%B1%E9%8E%AE%20%E6%9E%97%E4%BA%AE%E9%9B%B2%20%E6%AC%8A%E5%88%A9%20%E6%BD%AD%E5%AD%90%20%E7%9C%81%E6%94%BF%E5%BA%9C%20%E8%AC%9D%E8%B2%B4%20%E9%80%A0%E6%9E%97 HTTP/1.1" 200 31292
66.249.71.136 - - [25/Jun/2016:07:02:16 +0800] "GET /content/nav/relationSubject.jsp?relationWords=%E7%9B%94%E5%B8%BD%20&oid=4364163 HTTP/1.1" 200 2996
66.249.71.136 - - [25/Jun/2016:07:03:07 +0800] "GET /content/nav/relationSubject.jsp?relationWords=%E5%81%87%E7%9F%B3%E6%9D%BE%20%E6%9D%BE%E7%A7%91%20%E6%9D%BE%E9%96%80%20%E6%A4%8D%E7%89%A9%E7%95%8C%20%E7%9F%B3%E6%9D%BE%20%E7%9F%B3%E6%9D%BE%E5%B1%AC%20&oid=2144768 HTTP/1.1" 200 3355
66.249.71.152 - - [25/Jun/2016:07:03:14 +0800] "GET /content/nav/relationSubject.jsp?relationWords=%E9%98%B2%E6%B3%A2%E5%A0%A4+&oid=1547748 HTTP/1.1" 200 3807
66.249.71.152 - - [25/Jun/2016:07:03:53 +0800] "GET /content/nav/relationSubject.jsp?relationWords=%E7%94%B2%E5%B0%BB%E9%AD%9A+%E8%93%8B%E5%88%BA%E9%AD%9A+%E9%9B%99%E6%A3%98+&oid=4353265 HTTP/1.1" 200 3454
66.249.71.136 - - [25/Jun/2016:07:04:04 +0800] "GET /content/repository/resource_content.jsp?oid=2684988&queryString=%E5%85%B5%E9%A4%89%20%E5%B7%A1%E6%92%AB%20%E7%9D%A3%E5%82%AC%20%E9%A4%89%E4%BA%8B HTTP/1.1" 200 30528
66.249.71.136 - - [25/Jun/2016:07:04:48 +0800] "GET /content/nav/relationSubject.jsp?relationWords=%E5%B7%A8%E9%8A%80%E6%96%A7%E9%AD%9A+%E6%96%A7%E9%AD%9A+%E6%B5%B7%E6%B4%8B%E6%96%A7%E9%AD%9A+%E8%A4%B6%E8%83%B8%E9%AD%9A+%E9%8A%80%E6%96%A7+&oid=1081406 HTTP/1.1" 200 3588
66.249.71.152 - - [25/Jun/2016:07:05:03 +0800] "GET /content/nav/relationSubject.jsp?relationWords=%E5%A4%A7%E8%91%89%E5%B1%B1%E6%AC%96%20&oid=16777293 HTTP/1.1" 200 4484
66.249.71.136 - - [25/Jun/2016:07:05:15 +0800] "GET /content/nav/relationSubject.jsp?relationWords=%E6%A4%8D%E7%89%A9%E7%95%8C+%E8%8A%B8%E9%A6%99+%E8%8A%B8%E9%A6%99%E7%A7%91+%E8%B3%8A%E4%BB%94%E6%A8%B9+&oid=2144883 HTTP/1.1" 200 3357
66.249.71.199 - - [25/Jun/2016:07:05:59 +0800] "GET /digiarch3/content/nav/relationSubject.jsp?relationWords=%E6%80%9D%E6%83%B3%20%E6%95%99%E8%82%B2%E6%A1%88%20&oid=1566559 HTTP/1.1" 200 5178
66.249.71.152 - - [25/Jun/2016:07:06:26 +0800] "GET /content/subject/resource_content.jsp?oid=16777279&queryString=%E6%A4%8D%E7%89%A9%E7%95%8C%20%E7%A7%8B%E6%B5%B7%E6%A3%A0%20%E7%A7%8B%E6%B5%B7%E6%A3%A0%E5%B1%AC%20%E7%A7%8B%E6%B5%B7%E6%A3%A0%E7%A7%91%20%E8%8F%AB%E8%8F%9C HTTP/1.1" 200 33971
66.249.79.148 - - [25/Jun/2016:07:06:33 +0800] "GET /content/repository/resource_content.jsp?oid=2570962&queryType=qs&queryString=%E7%95%AA%E5%AE%98 HTTP/1.1" 200 30454
66.249.71.136 - - [25/Jun/2016:07:06:57 +0800] "GET /content/nav/relationSubject.jsp?relationWords=%E6%B7%BA%E6%B5%B7%E7%8B%90%E9%AE%AB%20%E7%8B%90%E9%AE%AB%20%E9%95%B7%E5%B0%BE%E6%B2%99%20%E9%95%B7%E5%B0%BE%E9%AF%8A%20&oid=4354065 HTTP/1.1" 200 3474
110.24.160.215 - - [25/Jun/2016:07:07:36 +0800] "GET /content/repository/resource_content.jsp?oid=1582097 HTTP/1.1" 200 28778
110.24.160.215 - - [25/Jun/2016:07:07:39 +0800] "GET /content/nav/relationSubject.jsp?relationWords=%E5%BB%BA%E7%AF%89%E5%9F%B7%E7%85%A7+%E9%81%95%E7%AB%A0%E5%BB%BA%E7%AF%89+&oid=1582097 HTTP/1.1" 200 7528
66.249.71.199 - - [25/Jun/2016:07:07:52 +0800] "GET /digiarch3/content/nav/relationSubject.jsp?relationWords=%E7%94%98%E4%BB%94%E9%AD%9A+&oid=15215 HTTP/1.1" 200 3325
180.76.15.137 - - [25/Jun/2016:07:07:55 +0800] "GET /content/repository/resource_content.jsp?oid=1521463 HTTP/1.1" 200 28955
66.249.71.136 - - [25/Jun/2016:07:08:21 +0800] "GET /content/nav/relationSubject.jsp?relationWords=%E5%9C%8B%E6%B0%91%E4%BD%8F%E5%AE%85%20%E5%9C%9F%E5%9C%B0%E9%8A%80%E8%A1%8C%20%E6%A9%9F%E5%A0%B4%20%E8%8D%89%E5%B1%AF%E9%8E%AE%20%E8%B2%B8%E6%AC%BE%20&oid=1560310 HTTP/1.1" 200 4561
66.249.71.166 - - [25/Jun/2016:07:08:50 +0800] "GET /content/repository/resource_content.jsp?oid=2663488&queryString=%E9%84%AD%E6%88%90%E5%8A%9F HTTP/1.1" 200 30231
101.226.167.213 - - [25/Jun/2016:07:09:40 +0800] "GET /content/pictures/picture_content.jsp?oid=33554793 HTTP/1.1" 200 27337
66.249.71.136 - - [25/Jun/2016:07:11:13 +0800] "GET /content/repository/resource_content.jsp?oid=665036&queryString=%E4%BA%BA%E5%90%8D%E6%AC%8A%E5%A8%81%20%E5%93%88%E5%9F%A0%E4%BA%8B%20%E9%A6%AC%E5%85%8B%E8%AC%A8 HTTP/1.1" 200 29536
110.30.150.31 - - [25/Jun/2016:07:11:55 +0800] "GET /content/repository/resource_content.jsp?oid=4501319&queryString=%E7%81%AB%E6%88%90%E5%B2%A9 HTTP/1.1" 200 28788
110.30.150.31 - - [25/Jun/2016:07:11:58 +0800] "GET /content/nav/relationSubject.jsp?relationWords=%E5%9C%B0%E5%B1%A4+%E7%81%AB%E6%88%90%E5%B2%A9+%E7%8E%84%E6%AD%A6%E5%B2%A9%E8%B3%AA+%E9%A6%AC%E6%AD%A6%E7%9D%A3+&oid=4501319 HTTP/1.1" 200 5958
66.249.71.242 - - [25/Jun/2016:07:12:51 +0800] "GET /content/nav/relationSubject.jsp?relationWords=%E5%A4%A9%E4%B8%8A%E8%81%96%E6%AF%8D%20%E5%B9%B3%E5%AE%89%E7%AC%A6%20%E6%96%B0%E6%B8%AF%E5%A5%89%E5%A4%A9%E5%AE%AE%20&oid=4363103 HTTP/1.1" 200 3210
66.249.71.136 - - [25/Jun/2016:07:13:37 +0800] "GET /content/repository/resource_content.jsp?oid=3819017&queryString=%E6%A4%8D%E7%89%A9%E7%95%8C%20%E8%96%84%E8%91%89%E9%87%8E%E5%B1%B1%E8%97%A5%20%E8%96%AF%E8%95%B7%20%E8%96%AF%E8%95%B7%E5%B1%AC%20%E8%96%AF%E8%95%B7%E7%A7%91 HTTP/1.1" 200 31165
66.249.71.136 - - [25/Jun/2016:07:14:15 +0800] "GET /content/nav/relationSubject.jsp?relationWords=%E5%BD%B9%E9%A3%9F+%E6%B1%9F%E5%AF%A7+%E9%8C%A2%E7%B3%A7+%E9%A3%9F%E7%B1%B3+&oid=2571134 HTTP/1.1" 200 5371
66.249.71.136 - - [25/Jun/2016:07:14:35 +0800] "GET /content/nav/relationSubject.jsp?relationWords=%E9%BB%91%E6%9D%BF%E6%A8%B9%20&oid=16777262 HTTP/1.1" 200 3253
66.249.71.136 - - [25/Jun/2016:07:15:02 +0800] "GET /content/nav/relationSubject.jsp?relationWords=%E7%B6%B2%E7%B4%8B%E7%9F%B3%E6%96%91%E9%AD%9A%20%E9%AE%A8%E7%A7%91%20&oid=17909 HTTP/1.1" 200 3551
66.249.71.136 - - [25/Jun/2016:07:15:08 +0800] "GET /content/nav/relationSubject.jsp?relationWords=%E5%88%91%E9%83%A8%20%E7%B3%A7%E4%BA%8B%20%E9%8C%A2%E7%B3%A7%20&oid=2659862 HTTP/1.1" 200 5371
66.249.71.136 - - [25/Jun/2016:07:15:12 +0800] "GET /content/nav/relationSubject.jsp?relationWords=%E5%85%AB%E6%97%97%20%E5%85%B5%E9%A4%89%20%E9%A4%89%E4%BA%8B%20&oid=2684988 HTTP/1.1" 200 4504
101.226.167.208 - - [25/Jun/2016:07:15:14 +0800] "GET /digiarch3/content/pictures/picture_content.jsp?oid=33554805 HTTP/1.1" 200 27627
66.249.71.136 - - [25/Jun/2016:07:16:00 +0800] "GET /content/repository/resource_content.jsp?oid=1530058&queryString=%E5%90%8C%E6%A5%AD%E5%85%AC%E6%9C%83%20%E8%87%BA%E4%B8%AD%E5%B8%82%20%E8%87%BA%E4%B8%AD%E7%B8%A3%20%E8%87%BA%E5%8C%97%E5%B8%82%20%E8%87%BA%E5%8D%97%E5%B8%82%20%E8%87%BA%E7%81%A3%E7%9C%81%20%E8%8C%B6%E5%AE%A4%20%E9%AB%98%E9%9B%84%E5%B8%82 HTTP/1.1" 200 31716
66.249.71.152 - - [25/Jun/2016:07:17:07 +0800] "GET /content/subject/resource_content.jsp?oid=16777448&queryType=qc HTTP/1.1" 200 34511
66.249.71.152 - - [25/Jun/2016:07:17:32 +0800] "GET /content/nav/relationSubject.jsp?relationWords=%E5%85%AB%E7%88%BA%20%E5%BA%9C%E5%BB%BA%E6%B0%B4%20%E6%8E%92%E6%B0%B4%E5%B7%A5%E7%A8%8B%20%E6%B0%B4%E5%AD%97%20%E6%BD%AE%E5%B7%9E%E9%8E%AE%20%E7%9C%81%E6%94%BF%E5%BA%9C%20&oid=1622264 HTTP/1.1" 200 4382
66.249.71.159 - - [25/Jun/2016:07:18:24 +0800] "GET /content/repository/resource_content.jsp?oid=1900280&queryString=%E8%87%BA%E7%81%A3%E7%9C%81%E6%94%BF%E5%BA%9C%20%E8%B3%AA%E8%A9%A2 HTTP/1.1" 200 33541
52.3.127.144 - - [25/Jun/2016:07:18:27 +0800] "GET /digiarch_en/content/subject/resource_content.jsp?oid=16777805&queryType=qc HTTP/1.1" 200 32503
66.249.71.159 - - [25/Jun/2016:07:19:07 +0800] "GET /content/nav/relationSubject.jsp?relationWords=%E5%8D%97%E6%96%B9%E8%B3%87%E6%96%99%E9%A4%A8+%E6%AF%94%E5%BE%8B%E8%B3%93+&oid=4454702 HTTP/1.1" 200 3162
68.180.230.157 - - [25/Jun/2016:07:19:29 +0800] "GET /digiarch_en/content/pictures/picture_content.jsp?oid=33554812 HTTP/1.1" 200 22172
66.249.71.136 - - [25/Jun/2016:07:19:46 +0800] "GET /content/repository/resource_content.jsp?oid=2565569 HTTP/1.1" 200 29164
66.249.71.152 - - [25/Jun/2016:07:20:48 +0800] "GET /content/repository/resource_content.jsp?oid=1777939&queryString=%E5%A4%9A%E5%85%83%E6%96%87%E5%8C%96%20%E7%89%A1%E4%B8%B9%E7%A4%BE%E4%BA%8B%E4%BB%B6 HTTP/1.1" 200 37299
66.249.71.150 - - [25/Jun/2016:07:21:41 +0800] "GET /content/nav/relationSubject.jsp?relationWords=%E5%85%AD%E5%A1%8A%E5%8E%9D%20%E5%AE%89%E5%85%A8%E6%A1%88%20%E7%9C%81%E6%94%BF%E5%BA%9C%20%E8%87%A8%E6%99%82%E7%9C%81%E8%AD%B0%E6%9C%83%20%E8%87%BA%E7%81%A3%E7%9C%81%20%E8%94%A1%E9%B4%BB%E6%96%87%20&oid=1527559 HTTP/1.1" 200 4737
182.118.25.216 - - [25/Jun/2016:07:22:00 +0800] "GET /digiarch3/content/subject/resource_content.jsp?oid=16777769&queryType=qc HTTP/1.1" 200 41380
66.249.71.152 - - [25/Jun/2016:07:22:25 +0800] "GET /content/repository/resource_content.jsp?oid=2647667&queryString=%E4%BA%BA%E5%90%8D%E6%AC%8A%E5%A8%81%20%E5%9C%8B%E9%80%9A%20%E6%AF%94%E5%88%A9%E6%99%82%20%E9%80%9A%E5%91%8A%20%E9%A1%A7%E7%B6%AD%E9%88%9E HTTP/1.1" 200 30059
66.249.71.152 - - [25/Jun/2016:07:22:30 +0800] "GET /content/nav/relationSubject.jsp?relationWords=%E6%BC%94%E8%AE%8A+%E7%A6%AE%E6%9C%8D+&oid=16777619 HTTP/1.1" 200 3545
66.249.79.244 - - [25/Jun/2016:07:22:53 +0800] "GET /content/nav/relationSubject.jsp?relationWords=%E4%BD%BF%E8%87%A3%20%E6%AF%94%E5%88%A9%E6%99%82%20&oid=2647667 HTTP/1.1" 200 3155
66.249.79.244 - - [25/Jun/2016:07:23:12 +0800] "GET /content/repository/resource_content.jsp?oid=1546880&queryString=%E6%80%9D%E6%83%B3%20%E6%95%99%E8%82%B2%E6%A1%88 HTTP/1.1" 200 29517
52.3.105.23 - - [25/Jun/2016:07:23:41 +0800] "GET /digiarch_en/content/subject/resource_content.jsp?oid=16777753&queryType=qc HTTP/1.1" 200 31354
66.249.71.152 - - [25/Jun/2016:07:23:58 +0800] "GET /content/nav/relationSubject.jsp?relationWords=%E5%9C%8B%E7%AB%8B%E8%87%BA%E7%81%A3%E5%A4%A7%E5%AD%B8%20%E6%80%9D%E6%83%B3%20%E9%87%8D%E6%85%B6%E5%8D%97%E8%B7%AF%20&oid=16777811 HTTP/1.1" 200 5677
66.249.71.152 - - [25/Jun/2016:07:24:43 +0800] "GET /content/nav/relationSubject.jsp?relationWords=%E6%89%8B%E5%B7%A5%E8%97%9D%E5%93%81%20%E6%B4%BB%E5%8B%95%E4%B8%AD%E5%BF%83%20%E7%9C%81%E6%9C%89%E5%9C%9F%E5%9C%B0%20%E8%87%BA%E4%B8%AD%E5%B8%82%20&oid=1618849 HTTP/1.1" 200 6105
180.76.15.18 - - [25/Jun/2016:07:24:51 +0800] "GET /content/repository/resource_content.jsp?oid=4354056&queryString=%E7%BF%85%E6%B2%99%20%E8%AD%B7%E5%A3%AB%20%E9%8F%BD%E9%AC%9A%E9%AE%AB HTTP/1.1" 200 35551
66.249.71.152 - - [25/Jun/2016:07:25:04 +0800] "GET /content/subject/resource_content.jsp?oid=16777813&queryString=%E6%96%87%E5%8C%96%E4%B8%AD%E5%BF%83%20%E7%A4%BE%E6%9C%83%E5%AD%B8%20%E7%AB%8B%E6%B3%95%E9%99%A2 HTTP/1.1" 200 42204
66.249.71.143 - - [25/Jun/2016:07:25:35 +0800] "GET /content/repository/resource_content.jsp?oid=3826387&queryString=%E6%A4%8D%E7%89%A9%E7%95%8C%20%E7%8E%89%E8%91%89%E9%87%91%E8%8A%B1%E5%B1%AC%20%E8%8C%9C%E8%8D%89%20%E8%8C%9C%E8%8D%89%E6%A8%B9%20%E8%8C%9C%E8%8D%89%E7%A7%91%20%E9%BE%8D%E8%9D%A6 HTTP/1.1" 200 31952
42.120.161.83 - - [25/Jun/2016:07:26:09 +0800] "GET /content/subject/resource_content.jsp?oid=16777367 HTTP/1.1" 200 26031
66.249.79.214 - - [25/Jun/2016:07:27:00 +0800] "GET /content/tmp_exh/resource_content.jsp?oid=16777750&queryType=qc HTTP/1.1" 200 32507
66.249.71.136 - - [25/Jun/2016:07:27:42 +0800] "GET /content/repository/resource_content.jsp?oid=2537238 HTTP/1.1" 200 29057
66.249.71.136 - - [25/Jun/2016:07:27:59 +0800] "GET /content/repository/resource_content.jsp?oid=1530058&queryString=%E6%97%8F%E8%AD%9C%20%E7%B1%8D%E8%B2%AB%20%E8%87%A8%E6%99%82%E7%9C%81%E8%AD%B0%E6%9C%83%20%E8%87%BA%E7%81%A3%E7%9C%81%20%E8%B3%B4%E6%A3%AE%E6%9E%97%20%E8%B3%B4%E6%A6%AE%E6%9C%A8%20%E8%B3%B4%E6%B7%B5%E5%B9%B3 HTTP/1.1" 200 31716
66.249.71.166 - - [25/Jun/2016:07:28:02 +0800] "GET /content/nav/relationSubject.jsp?relationWords=%E5%B9%B3%E5%9F%94%E6%97%8F%20%E6%B9%AF%E5%A7%86%20&oid=16777770 HTTP/1.1" 200 3581
66.249.71.143 - - [25/Jun/2016:07:28:16 +0800] "GET /content/nav/relationSubject.jsp?relationWords=%E4%B8%89%E4%B8%8A%20%E6%88%8A%E5%8D%88%20%E6%8B%93%E7%89%87%20%E7%94%B2%E9%AA%A8%E6%96%87%20&oid=3040290 HTTP/1.1" 200 5507
66.249.71.136 - - [25/Jun/2016:07:28:37 +0800] "GET /content/nav/relationSubject.jsp?relationWords=%E5%85%AB%E5%90%89%E7%A5%A5%20%E5%A4%9A%E6%A8%A3%E6%80%A7%20%E5%BD%A9%E7%B9%AA%20%E8%9E%BA%E9%88%BF%20%E9%83%B5%E7%A5%A8%20&oid=16777481 HTTP/1.1" 200 5190
66.249.71.166 - - [25/Jun/2016:07:28:45 +0800] "GET /content/nav/relationSubject.jsp?relationWords=%E5%A4%9A%E5%AA%92%E9%AB%94%20%E6%95%B8%E4%BD%8D%E5%85%B8%E8%97%8F%20%E6%95%B8%E4%BD%8D%E5%85%B8%E8%97%8F%E6%8A%80%E8%A1%93%20%E7%9C%8B%E6%9D%BF%20%E9%9B%BB%E8%A6%96%E7%89%86%20&oid=16777731 HTTP/1.1" 200 8713
66.249.66.170 - - [25/Jun/2016:07:29:36 +0800] "GET /content/repository/resource_content.jsp?oid=1107437&queryString=%E5%8D%81%E5%AD%97%E8%8A%B1%E7%A7%91%20%E5%BB%A3%E6%9D%B1%E8%91%B6%E8%97%B6%20%E6%A4%8D%E7%89%A9%E7%95%8C%20%E8%91%B6%E8%97%B6%E5%B1%AC%20%E9%9B%99%E5%AD%90%E8%91%89%E6%A4%8D%E7%89%A9 HTTP/1.1" 200 31506
66.249.71.136 - - [25/Jun/2016:07:30:21 +0800] "GET /content/repository/resource_content.jsp?oid=1900280&queryString=%E5%89%AF%E6%9C%AC%E5%BE%A9%20%E5%A2%9E%E7%94%A2%E6%A1%88%20%E8%87%BA%E7%81%A3%E7%9C%81%E6%94%BF%E5%BA%9C%20%E8%B2%B8%E6%AC%BE HTTP/1.1" 200 33530
66.249.71.136 - - [25/Jun/2016:07:30:23 +0800] "GET /content/repository/resource_content.jsp?oid=1555753&queryString=%E5%A4%A7%E9%A0%AD%E8%8C%B6%20%E5%A4%A7%E9%A0%AD%E8%8C%B6%E5%B1%AC%20%E6%A4%8D%E7%89%A9%E7%95%8C HTTP/1.1" 200 30244
66.249.71.136 - - [25/Jun/2016:07:31:01 +0800] "GET /content/nav/relationSubject.jsp?relationWords=%E8%A6%96%E8%A6%BA%20&oid=16777299 HTTP/1.1" 200 3612
66.249.71.159 - - [25/Jun/2016:07:31:19 +0800] "GET /content/nav/relationSubject.jsp?relationWords=%E5%B9%B3%E9%B0%AD%E9%B0%8D%E7%A7%91%20%E6%B2%88%E6%B0%8F%20%E7%88%AC%E5%B2%A9%E9%B0%8D%20%E7%9F%B3%E8%B2%BC%E4%BB%94%20&oid=16777387 HTTP/1.1" 200 4037
66.249.71.254 - - [25/Jun/2016:07:31:53 +0800] "GET /content/nav/relationSubject.jsp?relationWords=%E7%94%98%E4%BB%94%E9%AD%9A%20%E9%AB%98%E9%AB%94%20&oid=15223 HTTP/1.1" 200 3457
66.249.71.136 - - [25/Jun/2016:07:32:47 +0800] "GET /content/repository/resource_content.jsp?oid=4471328&queryString=%E8%90%AC%E5%9C%8B%E5%8D%9A%E8%A6%BD%E6%9C%83 HTTP/1.1" 200 29493
66.249.71.136 - - [25/Jun/2016:07:33:00 +0800] "GET /content/repository/resource_content.jsp?oid=1561676 HTTP/1.1" 200 28845
39.12.236.63 - - [25/Jun/2016:07:33:15 +0800] "GET /content/nav/relationSubject.jsp?relationWords=%E5%B1%B1%E8%8A%99%E8%93%89+%E6%9C%A8%E8%8A%99%E8%93%89+%E8%96%9B%E6%BF%A4+%E9%86%89%E8%8A%99%E8%93%89+&oid=16777260 HTTP/1.1" 200 4595
66.249.71.136 - - [25/Jun/2016:07:34:06 +0800] "GET /content/nav/relationSubject.jsp?relationWords=%E5%BB%96%E7%B9%BC%E9%AD%AF%20&oid=1889746 HTTP/1.1" 200 3130
66.249.71.159 - - [25/Jun/2016:07:35:09 +0800] "GET /content/repository/resource_content.jsp?oid=2667231&queryString=%E5%A4%AA%E5%B8%B8%E5%AF%BA HTTP/1.1" 200 30592
40.77.167.84 - - [25/Jun/2016:07:35:22 +0800] "GET /content/repository/resource_content.jsp?oid=1807551&queryType=qs&queryString=%E9%A6%AC%E4%BC%95 HTTP/1.1" 200 34340
66.249.71.136 - - [25/Jun/2016:07:35:39 +0800] "GET /content/repository/resource_content.jsp?oid=1564245 HTTP/1.1" 200 28938
66.249.71.143 - - [25/Jun/2016:07:37:34 +0800] "GET /content/repository/resource_content.jsp?oid=4362868&queryString=%E7%9A%87%E5%A4%AA%E5%90%8E%20%E7%A6%AE%E9%83%A8%20%E8%81%96%E8%AA%95 HTTP/1.1" 200 31401
45.55.23.199 - - [25/Jun/2016:07:37:35 +0800] "GET /content/nav/relationSubject.jsp?relationWords=%E8%96%9C%E8%8D%94+&oid=16777485 HTTP/1.1" 200 3561
66.249.71.136 - - [25/Jun/2016:07:37:53 +0800] "GET /content/nav/relationSubject.jsp?relationWords=%E5%9C%B0%E9%8C%A6%E8%8D%89%E5%B1%AC%20%E5%A4%A7%E6%88%9F%20%E5%A4%A7%E6%88%9F%E7%A7%91%20%E6%A4%8D%E7%89%A9%E7%95%8C%20%E6%BF%B1%E5%A4%A7%E6%88%9F%20&oid=3814052 HTTP/1.1" 200 3383
66.249.71.136 - - [25/Jun/2016:07:39:17 +0800] "GET /content/nav/relationSubject.jsp?relationWords=%E6%B1%9F%E4%B8%8A%E6%B8%85%20%E9%99%B3%E6%98%8E%E6%96%87%20%E9%A1%8F%E6%B8%85%E6%A8%99%20&oid=1894219 HTTP/1.1" 200 3239
66.249.71.136 - - [25/Jun/2016:07:39:44 +0800] "GET /content/nav/relationSubject.jsp?relationWords=%E5%8F%B0%E7%81%A3%E5%8E%9F%E4%BD%8F%E6%B0%91%20%E6%95%B8%E4%BD%8D%E5%85%B8%E8%97%8F%20&oid=16777725 HTTP/1.1" 200 7508
66.249.71.136 - - [25/Jun/2016:07:39:57 +0800] "GET /content/repository/resource_content.jsp?oid=2684234&queryString=%E5%90%8F%E9%83%A8 HTTP/1.1" 200 30544
42.72.239.106 - - [25/Jun/2016:07:40:19 +0800] "GET /content/nav/relationSubject.jsp?relationWords=%E7%B4%AB%E8%96%87+&oid=16777424 HTTP/1.1" 200 4000
66.249.71.136 - - [25/Jun/2016:07:40:46 +0800] "GET /content/nav/relationSubject.jsp?relationWords=%E5%A4%9A%E6%A8%A3%E6%80%A7%20%E9%AD%AF%E5%87%B1%E6%97%8F%20%E9%B8%9A%E9%B5%A1%E8%9E%BA%20&oid=16777476 HTTP/1.1" 200 5179
66.249.71.136 - - [25/Jun/2016:07:40:56 +0800] "GET /content/repository/resource_content.jsp?oid=2516325 HTTP/1.1" 200 29835
66.249.71.136 - - [25/Jun/2016:07:41:06 +0800] "GET /content/nav/relationSubject.jsp?relationWords=%E5%8F%B0%E7%81%A3%E5%B1%B1%E7%99%BD%E8%98%AD%20%E6%A4%8D%E7%89%A9%E7%95%8C%20%E7%B4%AB%E8%8F%80%E5%B1%AC%20%E8%8F%8A%E7%A7%91%20%E9%9B%99%E5%AD%90%E8%91%89%E6%A4%8D%E7%89%A9%20&oid=1103990 HTTP/1.1" 200 3349
180.76.15.27 - - [25/Jun/2016:07:41:48 +0800] "GET /content/repository/resource_content.jsp?oid=3820698&queryString=%E6%A4%8D%E7%89%A9%E7%95%8C%20%E6%B0%B4%E5%86%AC%E7%93%9C%20%E6%B0%B4%E5%86%AC%E7%93%9C%E5%B1%AC%20%E7%8D%BC%E7%8C%B4%E6%A1%83%E7%A7%91 HTTP/1.1" 200 31354
66.249.71.136 - - [25/Jun/2016:07:42:21 +0800] "GET /content/repository/resource_content.jsp?oid=1889728&queryString=%E5%BC%B5%E6%B8%85%E8%8A%B3%20%E9%84%AD%E9%87%91%E9%88%B4%20%E9%8D%BE%E7%B4%B9%E5%92%8C%20%E9%BB%83%E6%B0%B8 HTTP/1.1" 200 30372
66.249.79.200 - - [25/Jun/2016:07:43:36 +0800] "GET /content/repository/resource_content.jsp?oid=763312&queryString=%E5%BE%AE%E5%B8%AD%E6%A5%AD%20%E6%9D%9C%E5%A3%AB%E8%98%AD HTTP/1.1" 200 28229
66.249.71.152 - - [25/Jun/2016:07:43:40 +0800] "GET /content/nav/relationSubject.jsp?relationWords=%E4%BC%8F%E7%9F%B3%E8%95%A8+%E6%8A%B1%E6%A8%B9%E8%95%A8+%E6%A4%8D%E7%89%A9%E7%95%8C+%E6%B0%B4%E9%BE%8D%E9%AA%A8+%E6%B0%B4%E9%BE%8D%E9%AA%A8%E7%A7%91+%E7%9F%B3%E8%95%A8%E5%B1%AC+%E8%95%A8%E9%A1%9E%E6%A4%8D%E7%89%A9+&oid=3811353 HTTP/1.1" 200 3517
66.249.71.136 - - [25/Jun/2016:07:44:00 +0800] "GET /content/nav/relationSubject.jsp?relationWords=%E5%85%AC%E8%B7%AF%E5%B1%80%20%E6%9D%8E%E5%BB%BA%E5%92%8C%20%E6%9F%8F%E6%B2%B9%E8%B7%AF%E9%9D%A2%20%E6%9F%B4%E6%B2%B9%20%E6%B2%B9%E8%BB%8A%20%E8%87%BA%E5%8C%97%E7%B8%A3%20%E8%98%87%E6%BE%B3%E6%B8%AF%20%E8%B3%AA%E8%A9%A2%20%E9%99%B3%E7%81%AB%E5%9C%9F%20&oid=1552775 HTTP/1.1" 200 6663
66.249.71.136 - - [25/Jun/2016:07:44:16 +0800] "GET /content/nav/relationSubject.jsp?relationWords=%E9%AC%AE%E6%9B%B8%20&oid=16777611 HTTP/1.1" 200 1878
66.249.71.136 - - [25/Jun/2016:07:44:42 +0800] "GET /content/nav/relationSubject.jsp?relationWords=%E5%84%AA%E4%BA%BA+%E5%90%B3%E5%BE%A9+%E5%90%B3%E5%BE%A9%E7%94%9F+%E7%9C%81%E6%94%BF%E5%BA%9C+%E7%B8%BD%E7%B5%B1%E5%BA%9C+&oid=1895935 HTTP/1.1" 200 4627
66.249.71.136 - - [25/Jun/2016:07:44:44 +0800] "GET /content/repository/resource_content.jsp?oid=1895161&queryString=%E5%BF%A0%E5%84%AA%20%E6%95%88%E7%8E%87%E6%A1%88%20%E7%9C%81%E6%94%BF%E5%BA%9C%20%E8%BB%8D%E5%85%AC%E6%95%99%20%E9%80%80%E4%BC%91%E9%87%91 HTTP/1.1" 200 30844
66.249.71.136 - - [25/Jun/2016:07:45:52 +0800] "GET /digiarch_en/content/nav/relationSubject.jsp?relationWords=%E5%A4%A7%E8%B1%86%20%E5%AE%89%E5%AE%9A%E6%A1%88%20%E7%8E%89%E7%B1%B3%20%E8%BE%B2%E6%B0%91%E7%94%9F%E6%B4%BB%20%E9%9B%9C%E7%B3%A7%20&oid=1582166 HTTP/1.1" 200 4954
66.249.71.242 - - [25/Jun/2016:07:46:14 +0800] "GET /content/repository/resource_content.jsp?oid=2642943&queryType=qs&queryString=%E5%8D%B9%E5%85%B8 HTTP/1.1" 200 30499
42.72.82.88 - - [25/Jun/2016:07:46:43 +0800] "GET /content/subject/resource_content.jsp?oid=16797271&queryType=qc HTTP/1.1" 200 55170
42.72.82.88 - - [25/Jun/2016:07:46:46 +0800] "GET /content/nav/relationSubject.jsp?relationWords=&oid=16797271 HTTP/1.1" 200 1405
66.249.71.166 - - [25/Jun/2016:07:46:47 +0800] "GET /content/nav/relationSubject.jsp?relationWords=%E7%A5%AD%E5%84%80%20%E9%9D%92%E5%B0%91%E5%B9%B4%20&oid=4739234 HTTP/1.1" 200 4132
66.249.71.159 - - [25/Jun/2016:07:47:08 +0800] "GET /content/repository/resource_content.jsp?oid=14230&queryString=%E5%8F%B0%E7%81%A3%E9%AC%8D%E9%AF%99%20%E8%96%AF%E9%B0%BB%20%E8%99%8E%E9%B0%BB%20%E9%8C%A2%E9%B0%BB HTTP/1.1" 200 34663
66.249.71.199 - - [25/Jun/2016:07:48:53 +0800] "GET /digiarch3/content/subject/resource_content.jsp?oid=16777500&queryType=qs&queryString=%E6%95%B8%E4%BD%8D%E5%85%A7%E5%AE%B9%E7%94%A2%E6%A5%AD HTTP/1.1" 200 33396
66.249.71.150 - - [25/Jun/2016:07:49:32 +0800] "GET /content/repository/resource_content.jsp?oid=2510362&queryString=%E6%9E%97%E7%8D%BB%E5%A0%82%20%E6%A5%8A%E8%82%87%E5%98%89%20%E6%B2%88%E8%91%86%E7%A6%8E%20%E8%A8%B1%E5%BF%97%20%E9%95%B7%E8%B0%B7%E5%B7%9D%E6%B8%85 HTTP/1.1" 200 30290
66.249.71.136 - - [25/Jun/2016:07:51:51 +0800] "GET /content/nav/relationSubject.jsp?relationWords=%E4%B8%AD%E8%8F%AF%E8%B7%AF%20%E5%9B%9B%E5%BA%9C%20%E6%8E%92%E6%B0%B4%E6%BA%9D%20&oid=1616646 HTTP/1.1" 200 3404
66.249.71.136 - - [25/Jun/2016:07:51:56 +0800] "GET /content/repository/resource_content.jsp?oid=1851598&queryString=%E8%91%B5%E7%B4%8B%E5%9C%93%E6%B3%A1 HTTP/1.1" 200 30693
66.249.71.136 - - [25/Jun/2016:07:52:21 +0800] "GET /content/nav/relationSubject.jsp?relationWords=%E8%8A%B1%E8%94%93%20%E8%94%93%E6%BE%A4%E8%98%AD%20&oid=16777266 HTTP/1.1" 200 4225
66.249.71.136 - - [25/Jun/2016:07:53:44 +0800] "GET /content/nav/relationSubject.jsp?relationWords=%E5%B0%8F%E8%88%8C%E8%8F%8A%20%E5%B0%8F%E8%88%8C%E8%8F%8A%E5%B1%AC%20%E6%A4%8D%E7%89%A9%E7%95%8C%20%E8%8F%8A%E7%A7%91%20%E8%94%93%E7%B6%BF%E8%8F%9C%20%E9%9B%99%E5%AD%90%E8%91%89%E6%A4%8D%E7%89%A9%20&oid=1100797 HTTP/1.1" 200 3502
66.249.71.159 - - [25/Jun/2016:07:53:58 +0800] "GET /content/nav/relationSubject.jsp?relationWords=%E5%A4%AA%E5%B8%B8%E5%AF%BA%20&oid=2667231 HTTP/1.1" 200 3066
66.249.71.136 - - [25/Jun/2016:07:54:22 +0800] "GET /content/repository/resource_content.jsp?oid=2681718&queryString=%E5%88%91%E9%83%A8%20%E7%A7%8B%E6%B1%BA%20%E7%B5%9E%E7%9B%A3%E5%80%99 HTTP/1.1" 200 30667
68.180.230.154 - - [25/Jun/2016:07:55:46 +0800] "GET /digiarch3/content/subject/resource_content.jsp?oid=16777311&queryType=qc HTTP/1.1" 200 29236
66.249.71.136 - - [25/Jun/2016:07:56:35 +0800] "GET /content/nav/relationSubject.jsp?relationWords=%E4%BF%9D%E5%AE%89%E6%9E%97%20%E5%9C%8B%E5%9C%96%20&oid=1078222 HTTP/1.1" 200 4172
66.249.71.136 - - [25/Jun/2016:07:56:43 +0800] "GET /content/repository/resource_content.jsp?oid=219183&queryString=%E6%B2%99%E8%A7%92%20%E9%99%B8%E6%B8%AC%E5%9C%96 HTTP/1.1" 200 31079
66.249.71.136 - - [25/Jun/2016:07:56:49 +0800] "GET /content/exhibit/exhibit.jsp?oid=16777677 HTTP/1.1" 200 26268
66.249.79.139 - - [25/Jun/2016:07:57:19 +0800] "GET /content/nav/relationSubject.jsp?relationWords=%E6%A3%8B%E7%9B%A4%E8%85%B3%E6%A8%B9%E5%B1%AC%20%E6%A4%8D%E7%89%A9%E7%95%8C%20%E6%B0%B4%E8%8C%84%E8%8B%B3%20%E7%8E%89%E8%95%8A%E7%A7%91%20&oid=1112386 HTTP/1.1" 200 4157
66.249.71.159 - - [25/Jun/2016:07:57:32 +0800] "GET /content/nav/relationSubject.jsp?relationWords=%E6%B3%B0%E9%9B%85%E6%97%8F+%E7%94%9F%E8%82%B2%E7%92%B0%E5%A2%83+&oid=1776882 HTTP/1.1" 200 4454
66.249.71.136 - - [25/Jun/2016:07:58:25 +0800] "GET /content/nav/relationSubject.jsp?relationWords=%E5%82%B3%E7%B5%B1%E7%A5%AD%E5%84%80%20%E7%A5%AD%E5%84%80%20&oid=4739367 HTTP/1.1" 200 4099
66.249.71.136 - - [25/Jun/2016:07:59:07 +0800] "GET /content/repository/resource_content.jsp?oid=2659980&queryString=%E4%B8%AD%E5%9C%8B%E5%85%B1%E7%94%A2%E9%BB%A8%20%E5%9B%9E%E6%B0%91%20%E5%B0%91%E6%95%B8%E6%B0%91%E6%97%8F HTTP/1.1" 200 30378
66.249.71.152 - - [25/Jun/2016:07:59:29 +0800] "GET /content/subject/resource_content.jsp?oid=16777714&queryType=qc HTTP/1.1" 200 42393
66.249.71.159 - - [25/Jun/2016:07:59:29 +0800] "GET /content/nav/relationSubject.jsp?relationWords=%E8%8A%B1%E8%94%93%20%E8%94%93%E6%BE%A4%E8%98%AD%20&oid=16777266 HTTP/1.1" 200 4225
66.249.71.136 - - [25/Jun/2016:08:00:51 +0800] "GET /content/nav/relationSubject.jsp?relationWords=%E5%B1%B1%E6%AB%BB%E8%8A%B1%20&oid=16777304 HTTP/1.1" 200 4452
66.249.71.159 - - [25/Jun/2016:08:01:30 +0800] "GET /content/repository/resource_content.jsp?oid=2150312&queryString=%E4%B9%9D%E8%8A%8E%20%E5%8D%83%E5%B1%88%E8%8F%9C%E7%A7%91%20%E6%A1%83%E9%87%91%E5%AD%83%20%E6%A4%8D%E7%89%A9%E7%95%8C%20%E7%B4%AB%E8%96%87%E5%B1%AC HTTP/1.1" 200 31402
61.64.111.52 - - [25/Jun/2016:08:02:06 +0800] "GET /content/nav/relationSubject.jsp?relationWords=%E7%B4%AB%E8%96%87+&oid=16777424 HTTP/1.1" 200 4000
66.249.71.136 - - [25/Jun/2016:08:02:06 +0800] "GET /content/exhibit/exhibit.jsp?oid=16777685 HTTP/1.1" 200 26268
66.249.71.199 - - [25/Jun/2016:08:02:36 +0800] "GET /digiarch3/content/nav/relationSubject.jsp?relationWords=%E5%88%91%E9%83%A8%20%E7%9B%A3%E7%8D%84%20&oid=2659045 HTTP/1.1" 200 3130
68.180.230.157 - - [25/Jun/2016:08:04:25 +0800] "GET /digiarch_en/content/subject/resource_content.jsp?oid=16777421&queryType=qc HTTP/1.1" 200 28711
66.249.71.136 - - [25/Jun/2016:08:04:30 +0800] "GET /content/nav/relationSubject.jsp?relationWords=%E7%85%99%E9%B1%A0%20%E7%8F%9E%E7%8F%88%E9%B1%A0%20%E7%9F%B3%E6%96%91%20%E9%81%8E%E9%AD%9A%20%E9%AE%A8%E7%A7%91%20%E9%B1%A0%E4%BB%94%20&oid=14967 HTTP/1.1" 200 3803
66.249.71.200 - - [25/Jun/2016:08:04:46 +0800] "GET /content/repository/resource_content.jsp?oid=4364163&queryString=%E7%9B%94%E5%B8%BD HTTP/1.1" 200 29276
111.243.236.204 - - [25/Jun/2016:08:06:29 +0800] "GET /content/repository/resource_content.jsp?oid=1774177 HTTP/1.1" 200 29854
111.243.236.204 - - [25/Jun/2016:08:06:36 +0800] "GET /content/nav/relationSubject.jsp?relationWords=%E5%8D%97%E5%8B%A2%E9%98%BF%E7%BE%8E+%E5%90%8D%E5%88%B6+&oid=1774177 HTTP/1.1" 200 5046
66.249.71.150 - - [25/Jun/2016:08:07:11 +0800] "GET /content/nav/relationSubject.jsp?relationWords=%E9%BB%83%E8%81%B2%E9%8F%9E%20&oid=1889992 HTTP/1.1" 200 3210
66.249.71.199 - - [25/Jun/2016:08:07:25 +0800] "GET /digiarch3/content/repository/resource_content.jsp?oid=4362836&queryString=%E9%87%91%E7%B4%99 HTTP/1.1" 200 30513
66.249.71.150 - - [25/Jun/2016:08:08:21 +0800] "GET /content/nav/relationSubject.jsp?relationWords=%E7%99%BD%E6%98%9F%E8%9E%BA%20%E8%85%B9%E8%B6%B3%E7%B6%B1%20%E8%A0%91%E8%9E%BA%E7%A7%91%20&oid=1636803 HTTP/1.1" 200 3241
163.29.155.250 - - [25/Jun/2016:08:08:41 +0800] "GET /content/repository/resource_content.jsp?oid=1104905&queryString=%E6%A4%8D%E7%89%A9%E7%95%8C%20%E8%8F%8A%E7%A7%91%20%E9%9B%99%E5%AD%90%E8%91%89%E6%A4%8D%E7%89%A9%20%E9%A6%99%E8%8C%B9%20%E9%A6%99%E8%8C%B9%E5%B1%AC HTTP/1.1" 200 31755
66.249.71.143 - - [25/Jun/2016:08:08:42 +0800] "GET /content/repository/resource_content.jsp?oid=2662004&queryString=%E5%9C%8B%E9%9A%9B%E6%9B%B8%E5%B1%95%20%E6%80%9D%E6%83%B3%20%E6%96%87%E6%98%9F%20%E7%9A%87%E8%BC%BF%20%E9%87%8D%E6%85%B6%E5%8D%97%E8%B7%AF HTTP/1.1" 200 30594
163.29.155.250 - - [25/Jun/2016:08:08:42 +0800] "GET /content/nav/relationSubject.jsp?relationWords=%E6%A4%8D%E7%89%A9%E7%95%8C+%E8%8F%8A%E7%A7%91+%E9%9B%99%E5%AD%90%E8%91%89%E6%A4%8D%E7%89%A9+%E9%A6%99%E8%8C%B9+%E9%A6%99%E8%8C%B9%E5%B1%AC+&oid=1104905 HTTP/1.1" 200 3373
66.249.71.136 - - [25/Jun/2016:08:09:14 +0800] "GET /content/nav/relationSubject.jsp?relationWords=%E8%A0%B6%E8%9B%B9%E9%96%8B%E8%85%B9%E8%9B%A4%20%E8%BB%9F%E9%AB%94%E5%8B%95%E7%89%A9%E9%96%80%20%E9%96%8B%E8%85%B9%E8%9B%A4%20%E9%96%8B%E8%85%B9%E8%9B%A4%E7%A7%91%20%E9%9B%99%E6%AE%BC%E7%B6%B1%20&oid=4551285 HTTP/1.1" 200 3428
66.249.79.200 - - [25/Jun/2016:08:09:17 +0800] "GET /content/nav/relationSubject.jsp?relationWords=%E4%BE%9B%E6%A1%88%20%E5%88%91%E9%83%A8%20&oid=2687033 HTTP/1.1" 200 3130
163.29.155.250 - - [25/Jun/2016:08:09:28 +0800] "GET /content/repository/resource_content.jsp?oid=1102361&queryString=%E6%A4%8D%E7%89%A9%E7%95%8C%20%E8%8F%8A%E7%A7%91%20%E9%9B%99%E5%AD%90%E8%91%89%E6%A4%8D%E7%89%A9%20%E9%A6%99%E8%8C%B9%20%E9%A6%99%E8%8C%B9%E5%B1%AC HTTP/1.1" 200 31451
163.29.155.250 - - [25/Jun/2016:08:09:29 +0800] "GET /content/nav/relationSubject.jsp?relationWords=%E6%A4%8D%E7%89%A9%E7%95%8C+%E8%8F%8A%E7%A7%91+%E9%9B%99%E5%AD%90%E8%91%89%E6%A4%8D%E7%89%A9+%E9%A6%99%E8%8C%B9+%E9%A6%99%E8%8C%B9%E5%B1%AC+&oid=1102361 HTTP/1.1" 200 3373
66.249.71.199 - - [25/Jun/2016:08:09:55 +0800] "GET /content/nav/relationSubject.jsp?relationWords=%E5%90%B3%E9%83%A1+%E6%9D%8E%E9%9B%85%E6%A8%B5+%E6%9E%97%E7%89%9B%E6%B8%AF+%E6%B9%96%E5%85%A7%E9%84%89+%E7%94%B2%E9%AD%9A+%E7%9C%81%E6%94%BF%E5%BA%9C+%E8%A8%B4%E9%A1%98+%E9%99%B3%E7%81%AB%E5%9C%9F+%E9%AD%9A%E5%A1%AD+%E9%BB%83%E5%8D%A0%E5%B2%B8+&oid=1532470 HTTP/1.1" 200 4847
52.3.105.23 - - [25/Jun/2016:08:10:00 +0800] "GET /content/subject/resource_content.jsp?oid=16777780&queryType=qc HTTP/1.1" 200 33947
66.249.71.136 - - [25/Jun/2016:08:10:03 +0800] "GET /content/repository/resource_content.jsp?oid=2149706 HTTP/1.1" 200 31110
66.249.71.152 - - [25/Jun/2016:08:10:33 +0800] "GET /content/nav/relationSubject.jsp?relationWords=%E5%A4%9A%E6%A8%A3%E6%80%A7%20%E7%8F%A0%E6%AF%8D%E8%B2%9D%20%E7%8F%A0%E8%A1%A3%20%E8%B2%9D%E7%8F%A0%20&oid=16777472 HTTP/1.1" 200 5069
157.55.39.163 - - [25/Jun/2016:08:10:38 +0800] "GET /content/repository/resource_content.jsp?oid=2150411&queryString=%E4%B8%89%E6%96%97%E7%9F%B3%E6%AB%9F%20%E6%9F%AF%E5%B1%AC%20%E6%A4%8D%E7%89%A9%E7%95%8C%20%E6%AE%BC%E6%96%97%E7%A7%91 HTTP/1.1" 200 31429
131.253.25.201 - - [25/Jun/2016:08:10:50 +0800] "GET /content/nav/relationSubject.jsp?relationWords=%E5%A0%A1%E5%9C%96+&oid=16777706 HTTP/1.1" 200 2864
220.181.108.99 - - [25/Jun/2016:08:10:57 +0800] "GET /content/tmp_tec/resource_content.jsp?oid=16777837 HTTP/1.1" 200 35579
66.249.71.136 - - [25/Jun/2016:08:11:07 +0800] "GET /content/repository/resource_content.jsp?oid=1116105&queryString=%E5%85%AB%E4%BB%99%E8%8A%B1%E5%B1%AC%20%E6%A4%8D%E7%89%A9%E7%95%8C%20%E6%B0%B4%E4%BA%9E%E6%9C%A8%20%E8%96%94%E8%96%87%E7%9B%AE%20%E8%99%8E%E8%80%B3%E8%8D%89%E7%A7%91 HTTP/1.1" 200 30603
66.249.71.136 - - [25/Jun/2016:08:11:43 +0800] "GET /content/nav/relationSubject.jsp?relationWords=%E5%A4%A7%E8%91%89%E5%B1%B1%E6%AC%96%20&oid=16777294 HTTP/1.1" 200 4484
52.3.105.23 - - [25/Jun/2016:08:11:48 +0800] "GET /content/subject/resource_content.jsp?oid=16777776&queryType=qc HTTP/1.1" 200 61601
66.249.71.166 - - [25/Jun/2016:08:12:43 +0800] "GET /content/repository/resource_content.jsp?oid=23242&queryString=%E5%A0%85%E9%A0%AD%E5%A4%A9%E7%AB%BA%E9%AF%9B%20%E5%A4%A9%E7%AB%BA%E9%AF%9B%E7%A7%91 HTTP/1.1" 200 30134
66.249.71.166 - - [25/Jun/2016:08:13:29 +0800] "GET /content/repository/resource_content.jsp?oid=2662987&queryString=%E5%85%B8%E8%A9%A6%20%E7%A6%AE%E9%83%A8 HTTP/1.1" 200 30891
68.180.230.157 - - [25/Jun/2016:08:13:54 +0800] "GET /content/repository/resource_content.jsp?oid=4361906 HTTP/1.1" 200 28321
66.249.71.143 - - [25/Jun/2016:08:15:16 +0800] "GET /content/nav/relationSubject.jsp?relationWords=%E5%89%B5%E6%A5%AD%20%E6%89%8B%E5%B7%A5%E6%A5%AD%20%E7%9B%AE%E6%A8%99%20%E8%87%BA%E7%81%A3%E7%9C%81%E6%94%BF%E5%BA%9C%20%E8%B2%A7%E7%AA%AE%20%E8%B2%B8%E6%AC%BE%20%E9%A0%90%E7%AE%97%20&oid=1900696 HTTP/1.1" 200 5435
66.249.79.186 - - [25/Jun/2016:08:15:22 +0800] "GET /content/repository/resource_content.jsp?oid=1517342&queryString=%E5%8F%83%E8%AD%B0%E5%93%A1%20%E5%8F%83%E8%AD%B0%E6%9C%83%20%E5%8F%B0%E7%81%A3%E7%9C%81%20%E6%A5%8A%E5%A4%A9%E8%B3%A6%20%E6%B8%85%E6%B0%B4%E9%8E%AE HTTP/1.1" 200 30654
180.76.15.20 - - [25/Jun/2016:08:15:41 +0800] "GET /content/repository/resource_content.jsp?oid=1102990 HTTP/1.1" 200 31172
66.249.71.136 - - [25/Jun/2016:08:15:51 +0800] "GET /content/repository/resource_content.jsp?oid=4488774&queryString=%E5%B1%B1%E8%83%9E%20%E6%A6%AE%E6%B0%91%20%E6%B0%91%E6%94%BF%E5%BB%B3%20%E8%87%BA%E5%8C%97%E7%B8%A3%20%E8%87%BA%E7%81%A3%E5%8E%9F%E4%BD%8F%E6%B0%91 HTTP/1.1" 200 29419
66.249.71.143 - - [25/Jun/2016:08:16:09 +0800] "GET /digiarch_en/content/nav/relationSubject.jsp?relationWords=%E5%B0%8F%E7%BF%BC%E6%B3%95%E8%9E%BA%20%E6%B3%95%E8%9E%BA%E7%A7%91%20%E7%95%B0%E8%B6%B3%E7%9B%AE%20%E7%BF%BC%E6%B3%95%E8%9E%BA%20%E8%85%B9%E8%B6%B3%E7%B6%B1%20&oid=524124 HTTP/1.1" 200 3406
66.249.71.199 - - [25/Jun/2016:08:17:04 +0800] "GET /digiarch3/content/nav/relationSubject.jsp?relationWords=%E8%BE%9B%E5%A4%B7%20&oid=16777479 HTTP/1.1" 200 1412
66.249.71.136 - - [25/Jun/2016:08:18:16 +0800] "GET /content/repository/resource_content.jsp?oid=2679389&queryString=%E4%B8%8A%E8%AB%AD%E4%BA%8B HTTP/1.1" 200 30823
66.249.71.136 - - [25/Jun/2016:08:18:55 +0800] "GET /content/nav/relationSubject.jsp?relationWords=%E6%97%A5%E6%9C%AC%E7%AC%A0%E8%9A%B6%20&oid=33554948 HTTP/1.1" 200 3173
66.249.71.152 - - [25/Jun/2016:08:19:12 +0800] "GET /content/nav/relationSubject.jsp?relationWords=%E7%A7%8B%E6%B5%B7%E6%A3%A0%20&oid=16777310 HTTP/1.1" 200 4844
223.139.59.209 - - [25/Jun/2016:08:20:05 +0800] "GET /content/nav/relationSubject.jsp?relationWords=%E6%B8%85%E8%81%96%E7%A5%96+&oid=16777381 HTTP/1.1" 200 2915
66.249.71.136 - - [25/Jun/2016:08:20:40 +0800] "GET /content/repository/resource_content.jsp?oid=4549367&queryString=%E8%85%B9%E8%B6%B3%E7%B6%B1%20%E9%90%98%E8%9E%BA%E7%A7%91%20%E9%A6%AC%E8%B9%84%E9%90%98%E8%9E%BA HTTP/1.1" 200 30223
66.249.71.136 - - [25/Jun/2016:08:20:53 +0800] "GET /content/nav/relationSubject.jsp?relationWords=%E5%9C%9F%E5%9C%B0%E9%87%8D%E5%8A%83%20%E8%87%BA%E4%B8%AD%E7%B8%A3%20&oid=1573261 HTTP/1.1" 200 5825
66.249.71.166 - - [25/Jun/2016:08:21:05 +0800] "GET /content/nav/relationSubject.jsp?relationWords=%E5%9C%8B%E9%9A%9B%E6%9B%B8%E5%B1%95+%E6%80%9D%E6%83%B3+%E6%96%87%E6%98%9F+%E7%9A%87%E8%BC%BF+%E9%87%8D%E6%85%B6%E5%8D%97%E8%B7%AF+&oid=16777789 HTTP/1.1" 200 5716
66.249.71.159 - - [25/Jun/2016:08:21:14 +0800] "GET /content/nav/relationSubject.jsp?relationWords=%E7%A7%8B%E6%B5%B7%E6%A3%A0%20&oid=16777279 HTTP/1.1" 200 4850
66.249.71.136 - - [25/Jun/2016:08:23:04 +0800] "GET /content/repository/resource_content.jsp?oid=1816589&queryString=%E4%BC%AF%E5%BA%B6%E7%88%B6%20%E7%99%BD%E5%BA%B6%E7%88%B6 HTTP/1.1" 200 29313
66.249.71.159 - - [25/Jun/2016:08:23:24 +0800] "GET /content/nav/relationSubject.jsp?relationWords=%E6%95%B8%E4%BD%8D%E5%85%B8%E8%97%8F%20&oid=16777379 HTTP/1.1" 200 5913
66.249.71.136 - - [25/Jun/2016:08:23:39 +0800] "GET /content/nav/relationSubject.jsp?relationWords=%E5%BC%B5%E6%8C%AF%E7%94%9F%20%E6%9D%8E%E6%BA%90%E6%A3%A7%20%E7%8E%8B%E5%9C%8B%E7%A7%80%20%E7%B8%BD%E8%B3%AA%E8%A9%A2%20%E8%A8%B1%E9%87%91%E5%BE%B7%20%E9%83%AD%E5%9C%8B%E5%9F%BA%20%E9%99%B3%E7%81%AB%E5%9C%9F%20&oid=1552788 HTTP/1.1" 200 4973
66.249.71.159 - - [25/Jun/2016:08:24:37 +0800] "GET /content/nav/relationSubject.jsp?relationWords=%E9%9D%92%E9%8A%85%E5%88%80%E6%9F%84%20&oid=1843455 HTTP/1.1" 200 3008
66.249.71.136 - - [25/Jun/2016:08:25:26 +0800] "GET /content/repository/resource_content.jsp?oid=3040289&queryString=%E6%96%87%E7%89%A9%E9%99%B3%E5%88%97%E9%A4%A8%20%E7%94%B2%E9%AA%A8%E6%96%87%20%E8%91%A3%E4%BD%9C%E8%B3%93 HTTP/1.1" 200 29879
66.249.79.186 - - [25/Jun/2016:08:25:57 +0800] "GET /digiarch3/content/subject/resource_content.jsp?oid=16777345&queryType=qc HTTP/1.1" 200 35036
52.3.127.144 - - [25/Jun/2016:08:26:18 +0800] "GET /content/repository/resource_content.jsp?oid=1124651&queryType=qc HTTP/1.1" 200 35505
52.3.105.23 - - [25/Jun/2016:08:27:03 +0800] "GET /content/subject/resource_content.jsp?oid=16777837&queryType=qc HTTP/1.1" 200 37539
66.249.71.136 - - [25/Jun/2016:08:27:20 +0800] "GET /digiarch_en/content/nav/relationSubject.jsp?relationWords=%E4%BF%9D%E9%9A%AA+%E5%88%A9%E6%BD%A4+%E5%98%89%E5%8D%97%E5%A4%A7%E5%9C%B3+%E5%9C%B0%E4%B8%8B%E6%B0%B4+%E5%B7%A5%E8%B3%87+%E5%B8%82%E5%83%B9+%E6%8E%92%E6%B0%B4%E6%BA%9D+%E6%8F%92%E7%A7%A7+%E6%B0%B4%E5%9C%B3+%E6%B0%B4%E7%A8%BB+%E6%B5%B7%E5%B2%B8%E6%9E%97+%E7%89%B9%E6%8F%90+%E7%A0%B4%E7%94%A2+%E7%A8%BB%E8%B0%B7+%E7%B3%96%E5%BB%A0+%E7%B3%A7%E9%A3%9F%E5%A2%9E%E7%94%A2+%E8%BE%B2%E7%94%A2+%E8%BE%B2%E7%94%B0%E6%B0%B4%E5%88%A9%E6%9C%83+%E9%98%B2%E9%A2%A8%E6%9E%97+&oid=1571282 HTTP/1.1" 200 4960
66.249.71.159 - - [25/Jun/2016:08:27:51 +0800] "GET /content/repository/resource_content.jsp?oid=1780218&queryString=%E4%BD%A9%E8%A2%8B HTTP/1.1" 200 29593
66.249.66.167 - - [25/Jun/2016:08:28:34 +0800] "GET /content/repository/resource_content.jsp?oid=734654&queryType=qs&queryString=%E5%82%B3%E6%95%99%E5%A3%AB HTTP/1.1" 200 29098
66.249.71.136 - - [25/Jun/2016:08:28:35 +0800] "GET /content/subject/resource_content.jsp?oid=16797271&queryType=qc HTTP/1.1" 200 55170
66.249.84.237 - - [25/Jun/2016:08:28:47 +0800] "GET /content/subject/resource_content.jsp?oid=16777519 HTTP/1.1" 200 36025
66.249.71.136 - - [25/Jun/2016:08:29:12 +0800] "GET /content/nav/relationSubject.jsp?relationWords=%E7%A9%97%E8%8A%B1%E5%B1%B1%E5%A5%88%20%E8%96%91%E5%B1%AC%20%E9%87%8E%E8%96%91%E8%8A%B1%20&oid=1110854 HTTP/1.1" 200 4148
66.249.71.136 - - [25/Jun/2016:08:30:14 +0800] "GET /content/repository/resource_content.jsp?oid=2668281&queryString=%E5%A2%A8%E5%8D%B7%20%E5%A3%AC%E7%94%B3%20%E6%AE%BF%E8%A9%A6%20%E7%A7%91%E6%AD%A6 HTTP/1.1" 200 30414
202.254.10.50 - - [25/Jun/2016:08:31:05 +0800] "GET /content/nav/relationSubject.jsp?relationWords=%E7%99%BD%E5%8D%83%E5%B1%A4+&oid=16777287 HTTP/1.1" 200 3852
66.249.71.136 - - [25/Jun/2016:08:31:14 +0800] "GET /content/subject/resource_content.jsp?oid=16777382&queryString=%E5%8F%B0%E7%81%A3%E5%8E%9F%E4%BD%8F%E6%B0%91%20%E6%95%B8%E4%BD%8D%E5%85%B8%E8%97%8F HTTP/1.1" 200 30981
118.163.125.85 - - [25/Jun/2016:08:32:11 +0800] "GET /content/nav/relationSubject.jsp?relationWords=%E5%A4%A7%E8%8A%B1%E7%B4%AB%E8%96%87+&oid=16777378 HTTP/1.1" 200 3480
66.249.71.205 - - [25/Jun/2016:08:32:38 +0800] "GET /content/tmp_tec/resource_content.jsp?oid=16777753 HTTP/1.1" 200 33887
66.249.80.76 - - [25/Jun/2016:08:34:31 +0800] "GET /content/subject/resource_content.jsp?oid=16777519 HTTP/1.1" 200 36025
66.249.79.244 - - [25/Jun/2016:08:34:54 +0800] "GET /content/subject/resource_content.jsp?oid=16797287&queryType=qc HTTP/1.1" 200 88347
66.249.71.136 - - [25/Jun/2016:08:35:01 +0800] "GET /content/repository/resource_content.jsp?oid=1539054&queryString=%E4%B8%AD%E6%B3%95%20%E9%87%91%E4%BD%9B%E9%83%8E HTTP/1.1" 200 31270
123.110.215.69 - - [25/Jun/2016:08:35:29 +0800] "GET /content/nav/relationSubject.jsp?relationWords=%E8%8B%A6%E8%8B%93+&oid=16777317 HTTP/1.1" 200 3183
68.180.230.157 - - [25/Jun/2016:08:35:45 +0800] "GET /content/repository/resource_content.jsp?oid=1598222 HTTP/1.1" 200 28799
66.249.71.143 - - [25/Jun/2016:08:35:48 +0800] "GET /content/nav/relationSubject.jsp?relationWords=%E5%9C%8B%E9%9A%9B%E6%9B%B8%E5%B1%95%20%E6%95%B8%E4%BD%8D%E5%85%B8%E8%97%8F%20%E6%95%B8%E4%BD%8D%E5%AD%B8%E7%BF%92%20%E7%A7%91%E6%8A%80%20%E8%A6%96%E8%A6%BA%E8%A8%AD%E8%A8%88%20&oid=16777442 HTTP/1.1" 200 14393
207.46.13.21 - - [25/Jun/2016:08:36:47 +0800] "GET /content/repository/resource_content.jsp?oid=1773173&queryType=qs&queryString=%E5%A3%AB%E5%A4%A7%E5%A4%AB HTTP/1.1" 200 40129
66.249.71.136 - - [25/Jun/2016:08:37:25 +0800] "GET /content/repository/resource_content.jsp?oid=1568015&queryString=%E5%80%99%E9%81%B8%E4%BA%BA%20%E5%85%AC%E6%AC%8A%E5%8A%9B%20%E7%9C%8B%E6%9D%BF%20%E9%81%B8%E7%BD%B7%E6%B3%95%20%E9%BB%91%E5%87%BD HTTP/1.1" 200 40488
66.249.71.248 - - [25/Jun/2016:08:37:53 +0800] "GET /content/nav/relationSubject.jsp?relationWords=%E5%85%AB%E4%B8%83%E6%B0%B4%E7%81%BD%20%E6%80%A7%E7%97%85%20%E7%96%AB%E8%8B%97%E6%8E%A5%E7%A8%AE%20%E7%99%BD%E5%96%89%20%E7%99%BE%E6%97%A5%E5%92%B3%20%E7%A0%82%E7%9C%BC%20%E7%A0%B4%E5%82%B7%E9%A2%A8%20%E8%99%95%E9%95%B7%20%E8%A1%9B%E7%94%9F%E8%99%95%20%E9%A1%8F%E6%98%A5%E8%BC%9D%20&oid=1546950 HTTP/1.1" 200 7540
66.249.71.159 - - [25/Jun/2016:08:38:24 +0800] "GET /content/nav/relationSubject.jsp?relationWords=%E8%96%AF%E9%B0%BB%20%E8%99%8E%E9%B0%BB%20%E8%A4%90%E8%A3%B8%E8%87%80%E9%AF%99%20%E8%A4%90%E9%AB%98%E7%9C%89%E9%B1%94%20%E9%8C%A2%E9%B0%BB%20&oid=14230 HTTP/1.1" 200 3524
66.249.71.136 - - [25/Jun/2016:08:39:11 +0800] "GET /content/repository/resource_content.jsp?oid=1126280&queryString=%E5%AD%94%E9%9B%80%E8%9B%A4%20%E6%AE%BC%E8%8F%9C%E8%9B%A4%E7%A7%91%20%E7%B6%A0%E6%AE%BC%E8%8F%9C%E8%9B%A4%20%E7%BF%A1%E7%BF%A0%E8%B2%BD%E8%B2%9D%20%E8%B2%BD%E8%B2%9D%20%E9%9B%99%E6%AE%BC%E7%B6%B1 HTTP/1.1" 200 32735
66.249.71.136 - - [25/Jun/2016:08:39:49 +0800] "GET /content/repository/resource_content.jsp?oid=4364555&queryString=%E5%8F%B0%E7%81%A3%E5%8F%B2%20%E6%95%85%E5%AE%AE%E5%8D%9A%E7%89%A9%E9%99%A2%20%E8%87%BA%E7%81%A3%E5%8F%B2 HTTP/1.1" 200 29410
114.136.191.179 - - [25/Jun/2016:08:39:55 +0800] "GET /content/nav/relationSubject.jsp?relationWords=%E7%B4%AB%E8%96%87+&oid=16777424 HTTP/1.1" 200 4000
66.249.71.159 - - [25/Jun/2016:08:40:02 +0800] "GET /content/nav/relationSubject.jsp?relationWords=%E4%B8%AD%E5%A3%87%E5%85%83%E5%B8%A5%20&oid=4361956 HTTP/1.1" 200 2467
66.249.71.166 - - [25/Jun/2016:08:41:07 +0800] "GET /content/nav/relationSubject.jsp?relationWords=%E4%B9%9D%E8%8A%8E%20%E5%8D%83%E5%B1%88%E8%8F%9C%E7%A7%91%20%E6%A1%83%E9%87%91%E5%AD%83%20%E6%A4%8D%E7%89%A9%E7%95%8C%20%E7%B4%AB%E8%96%87%E5%B1%AC%20&oid=2150312 HTTP/1.1" 200 3357
66.249.71.159 - - [25/Jun/2016:08:41:49 +0800] "GET /content/subject/resource_content.jsp?oid=16777549&queryType=qs&queryString=%E6%96%B0%E7%9F%B3%E5%99%A8 HTTP/1.1" 200 38003
66.249.71.254 - - [25/Jun/2016:08:42:08 +0800] "GET /content/nav/relationSubject.jsp?relationWords=%E5%90%8F%E9%83%A8%20%E7%A7%9F%E8%B3%83%20&oid=2671910 HTTP/1.1" 200 3136
66.249.71.159 - - [25/Jun/2016:08:42:13 +0800] "GET /content/repository/resource_content.jsp?oid=1517342&queryString=%E5%8F%83%E8%AD%B0%E6%9C%83%20%E5%8F%B0%E7%81%A3%E7%9C%81%20%E8%A1%8C%E6%94%BF%E9%95%B7%E5%AE%98%E5%85%AC%E7%BD%B2 HTTP/1.1" 200 30673
68.180.230.157 - - [25/Jun/2016:08:42:38 +0800] "GET /digiarch_en/content/subject/resource_content.jsp?oid=16777438&queryType=qc HTTP/1.1" 200 22967
66.249.71.143 - - [25/Jun/2016:08:44:28 +0800] "GET /content/subject/resource_content.jsp?oid=16777745&queryType=qc HTTP/1.1" 200 35935
66.249.71.136 - - [25/Jun/2016:08:44:36 +0800] "GET /content/repository/resource_content.jsp?oid=2643775&queryString=%E5%82%85%E6%96%AF%E5%B9%B4%E5%9C%96%E6%9B%B8%E9%A4%A8%20%E6%95%A6%E7%85%8C HTTP/1.1" 200 30206
66.249.71.152 - - [25/Jun/2016:08:44:54 +0800] "GET /content/nav/relationSubject.jsp?relationWords=%E6%95%99%E8%82%B2%E6%A1%88%20%E8%81%B7%E6%A5%AD%E5%AD%B8%E6%A0%A1%20%E8%87%BA%E5%8C%97%E7%B8%A3%20&oid=1546880 HTTP/1.1" 200 5275
66.249.71.166 - - [25/Jun/2016:08:45:20 +0800] "GET /content/nav/relationSubject.jsp?relationWords=%E5%89%9D%E7%9A%AE%E9%AD%9A+%E5%96%AE%E6%A3%98%E9%AD%A8%E7%A7%91+%E7%B2%97%E7%9A%AE%E7%8B%84+%E9%95%B7%E5%B0%BE%E9%9D%A9%E5%96%AE%E6%A3%98%E9%AD%A8+&oid=16493 HTTP/1.1" 200 3576
1.171.164.244 - - [25/Jun/2016:08:45:45 +0800] "GET /content/nav/relationSubject.jsp?relationWords=%E5%A4%A7%E8%91%89%E5%B1%B1%E6%AC%96+%E6%8B%BC%E6%9D%BF%E8%88%9F+%E9%81%94%E6%82%9F%E6%97%8F+&oid=16777270 HTTP/1.1" 200 4585
