123.125.71.34 - - [11/Jul/2016:06:24:35 +0800] "GET /content/repository/resource_content.jsp?oid=599720 HTTP/1.1" 200 28739
40.77.167.22 - - [11/Jul/2016:06:24:42 +0800] "GET /content/nav/relationSubject.jsp?relationWords=%E6%B5%B7%E6%AA%AC%E6%9E%9C+&oid=16777376 HTTP/1.1" 200 4094
130.193.51.27 - - [11/Jul/2016:06:25:29 +0800] "GET /content/subject/resource_content.jsp?oid=16777706 HTTP/1.1" 200 53849
66.249.71.136 - - [11/Jul/2016:06:25:49 +0800] "GET /digiarch_en/content/nav/relationSubject.jsp?relationWords=%E6%B5%B7%E6%AA%AC%E6%9E%9C+&oid=16777413 HTTP/1.1" 200 4077
66.249.71.143 - - [11/Jul/2016:06:26:02 +0800] "GET /content/repository/resource_content.jsp?oid=1607234&queryString=%E6%B0%91%E7%94%9F%E7%A4%BE%E5%8D%80%20%E6%B0%B4%E4%B8%8A%E9%84%89 HTTP/1.1" 200 37888
42.156.138.108 - - [11/Jul/2016:06:26:04 +0800] "GET /digiarch_en/content/subject/resource_content.jsp?oid=16777738&queryType=qc HTTP/1.1" 200 45180
130.193.51.27 - - [11/Jul/2016:06:26:27 +0800] "GET /content/subject/resource_content.jsp?oid=16797281&queryType=qc HTTP/1.1" 200 52953
164.132.161.37 - - [11/Jul/2016:06:26:43 +0800] "GET /content/subject/resource_content.jsp?oid=16777421&queryType=qc HTTP/1.1" 200 34298
66.249.71.253 - - [11/Jul/2016:06:29:40 +0800] "GET /content/repository/resource_content.jsp?oid=2672334&queryString=%E9%84%AD%E6%88%90%E5%8A%9F HTTP/1.1" 200 30254
114.169.63.240 - - [11/Jul/2016:06:30:16 +0800] "GET /digiarch_en/content/repository/resource_content.jsp?oid=4363715&queryType=qs&queryString=%E8%9A%A9%E5%B0%A4 HTTP/1.1" 200 22906
114.169.63.240 - - [11/Jul/2016:06:30:20 +0800] "GET /digiarch_en/content/nav/relationSubject.jsp?relationWords=%E9%A2%A8%E7%8D%85%E7%88%BA+&oid=4363715 HTTP/1.1" 200 2696
66.249.71.200 - - [11/Jul/2016:06:30:24 +0800] "GET /content/repository/resource_content.jsp?oid=1615382&queryString=%E6%BE%8E%E6%B9%96%E7%B8%A3%20%E9%9B%A2%E5%B3%B6 HTTP/1.1" 200 29061
42.156.137.108 - - [11/Jul/2016:06:32:04 +0800] "GET /digiarch_en/content/subject/resource_content.jsp?oid=16777361&queryType=qc HTTP/1.1" 200 26222
42.156.138.108 - - [11/Jul/2016:06:32:04 +0800] "GET /content/subject/resource_content.jsp?oid=16777514&queryType=qc HTTP/1.1" 200 42871
66.249.71.129 - - [11/Jul/2016:06:32:16 +0800] "GET /content/repository/resource_content.jsp?oid=1813992&queryString=%E5%8A%89%E6%96%87%20%E5%AD%B8%E5%AE%AE%20%E5%AF%B6%E6%87%89%20%E5%B0%84%E9%99%BD%20%E5%B0%84%E9%99%BD%E7%9F%B3%E9%96%80%20%E6%9C%B1%E9%9B%80%20%E6%B1%AA%E4%B8%AD%20%E6%BC%A2%E5%AF%B6%20%E8%88%96%E9%A6%96%20%E9%A1%8C%E8%A8%98 HTTP/1.1" 200 34519
66.249.79.200 - - [11/Jul/2016:06:34:55 +0800] "GET /digiarch3/content/repository/resource_content.jsp?oid=4387990&queryString=%E5%B8%83%E8%BE%B2%20%E5%B8%83%E8%BE%B2%E6%97%8F%20%E6%89%93%E8%80%B3%E7%A5%AD%20%E7%A5%AD%E5%84%80%20%E7%B4%85%E8%91%89%E6%9D%91 HTTP/1.1" 200 33636
66.249.71.188 - - [11/Jul/2016:06:35:36 +0800] "GET /content/nav/relationSubject.jsp?relationWords=%E4%BE%BF%E6%B0%91%20%E6%BE%8E%E6%B9%96%E7%B8%A3%20&oid=1615382 HTTP/1.1" 200 3155
180.76.15.163 - - [11/Jul/2016:06:36:06 +0800] "GET /content/repository/resource_content.jsp?oid=2679028&queryString=%E6%BC%95%E8%88%B9%20%E8%BF%BD%E4%BA%8B HTTP/1.1" 200 30446
112.222.211.116 - - [11/Jul/2016:06:36:12 +0800] "GET /content/repository/resource_content.jsp?oid=1610007 HTTP/1.1" 200 28563
112.222.211.116 - - [11/Jul/2016:06:36:14 +0800] "GET /content/nav/relationSubject.jsp?relationWords=&oid=1610007 HTTP/1.1" 200 1405
66.249.71.136 - - [11/Jul/2016:06:36:22 +0800] "GET /content/nav/relationSubject.jsp?relationWords=%E4%BA%A4%E9%80%9A%E7%A7%A9%E5%BA%8F%20%E4%BA%A4%E9%80%9A%E8%99%95%20%E4%BA%A4%E9%80%9A%E8%A6%8F%E5%89%87%20%E4%BA%A4%E9%80%9A%E8%A8%AD%E6%96%BD%20%E5%81%9C%E8%BB%8A%E5%A0%B4%20%E5%85%AC%E5%85%B1%E8%A8%AD%E6%96%BD%20%E5%85%AC%E8%B7%AF%E5%B1%80%20%E5%85%AC%E8%BB%8A%20%E5%88%A5%E5%A2%85%20%E5%98%89%E7%BE%A9%E5%B8%82%20%E5%9C%B0%E4%B8%8B%E9%81%93%20%E5%AE%A2%E9%81%8B%20%E6%8D%B7%E9%81%8B%20%E6%9C%B4%E5%AD%90%20%E6%A9%9F%E6%A2%B0%20%E6%A9%9F%E8%BB%8A%20%E6%B0%B4%E4%B8%8A%E9%84%89%20%E7%9B%A3%E7%90%86%E8%99%95%20%E7%BE%A9%E8%B7%AF%20%E8%99%95%E9%95%B7%20%E8%A8%88%E7%A8%8B%E8%BB%8A%20%E8%B2%BB%E7%8E%87%20%E8%B3%AA%E8%A9%A2%20%E8%B5%B7%E9%87%8D%E6%A9%9F%20%E9%99%B3%E6%98%8E%E6%96%87%20%E9%99%B8%E6%A9%8B%20%E9%AB%98%E5%B1%8F%E5%A4%A7%E6%A9%8B%20%E9%AB%98%E9%9B%84%E6%B8%AF%E5%8B%99%E5%B1%80%20&oid=1607234 HTTP/1.1" 200 6304
130.193.51.27 - - [11/Jul/2016:06:37:16 +0800] "GET /content/subject/resource_content.jsp?oid=16797242&queryType=qc HTTP/1.1" 200 46766
66.249.71.248 - - [11/Jul/2016:06:37:30 +0800] "GET /content/repository/resource_content.jsp?oid=4353881&queryType=qs&queryString=%E9%BE%8D%E6%B0%8F HTTP/1.1" 200 33622
68.180.231.49 - - [11/Jul/2016:06:37:44 +0800] "GET /content/subject/resource_content.jsp?oid=16777568&queryType=qc HTTP/1.1" 200 34862
66.249.71.199 - - [11/Jul/2016:06:38:40 +0800] "GET /content/nav/relationSubject.jsp?relationWords=%E4%B8%89%E8%A7%92%E6%98%8C%20%E6%98%8C%E9%BC%A0%E9%AD%9A%20%E7%83%8F%E6%98%8C%20%E7%83%8F%E9%AF%A7%20&oid=4352517 HTTP/1.1" 200 3161
66.249.71.150 - - [11/Jul/2016:06:39:10 +0800] "GET /content/repository/resource_content.jsp?oid=2677163&queryString=%E8%A3%9C%E7%BC%BA%E5%AE%98 HTTP/1.1" 200 30756
66.249.71.159 - - [11/Jul/2016:06:40:06 +0800] "GET /content/subject/resource_content.jsp?oid=16777360&queryType=qs&queryString=%E8%B6%85%E8%87%AA%E7%84%B6 HTTP/1.1" 200 45908
66.249.71.188 - - [11/Jul/2016:06:41:18 +0800] "GET /content/nav/relationSubject.jsp?relationWords=&oid=4363453 HTTP/1.1" 200 1405
36.233.123.241 - - [11/Jul/2016:06:42:19 +0800] "GET /content/repository/resource_content.jsp?oid=2148826 HTTP/1.1" 200 31068
36.233.123.241 - - [11/Jul/2016:06:42:21 +0800] "GET /content/nav/relationSubject.jsp?relationWords=%E4%B8%89%E6%96%97%E6%9F%AF+%E4%B8%89%E6%96%97%E7%9F%B3%E6%AB%9F+%E6%9F%AF%E5%B1%AC+%E6%A4%8D%E7%89%A9%E7%95%8C+%E6%AE%BC%E6%96%97%E7%A7%91+&oid=2148826 HTTP/1.1" 200 3584
66.249.71.248 - - [11/Jul/2016:06:42:43 +0800] "GET /content/repository/resource_content.jsp?oid=4362904&queryType=qs&queryString=%E5%85%AB%E5%AE%B6%E5%B0%87 HTTP/1.1" 200 28330
66.249.71.136 - - [11/Jul/2016:06:43:33 +0800] "GET /content/repository/resource_content.jsp?oid=1107080&queryString=%E5%B6%BA%E5%8D%97%E9%87%8E%E8%8F%8A%20%E6%96%91%E9%B3%A9%E8%8F%8A%E5%B1%AC%20%E6%A4%8D%E7%89%A9%E7%95%8C%20%E8%8F%8A%E7%A7%91%20%E9%9B%99%E5%AD%90%E8%91%89%E6%A4%8D%E7%89%A9 HTTP/1.1" 200 31754
66.249.71.254 - - [11/Jul/2016:06:45:19 +0800] "GET /content/repository/resource_content.jsp?oid=15363&queryString=%E4%B8%89%E7%B7%9A%E9%9B%9E%E9%AD%9A HTTP/1.1" 200 35255
66.249.71.143 - - [11/Jul/2016:06:45:39 +0800] "GET /content/nav/relationSubject.jsp?relationWords=%E8%A3%9C%E7%BC%BA%E5%AE%98%20&oid=2677163 HTTP/1.1" 200 3081
157.55.39.135 - - [11/Jul/2016:06:45:48 +0800] "GET /content/repository/resource_content.jsp?oid=3354852&queryString=%E6%B4%B9%E5%AD%90%E5%AD%9F%E5%A7%9C%E5%A3%BA HTTP/1.1" 200 30939
66.249.71.136 - - [11/Jul/2016:06:47:43 +0800] "GET /content/nav/relationSubject.jsp?relationWords=%E5%B6%BA%E5%8D%97%E9%87%8E%E8%8F%8A+%E6%96%91%E9%B3%A9%E8%8F%8A%E5%B1%AC+%E6%A4%8D%E7%89%A9%E7%95%8C+%E8%8F%8A%E7%A7%91+%E9%9B%99%E5%AD%90%E8%91%89%E6%A4%8D%E7%89%A9+&oid=1107080 HTTP/1.1" 200 3419
66.249.71.143 - - [11/Jul/2016:06:47:46 +0800] "GET /content/nav/relationSubject.jsp?relationWords=%E5%B6%BA%E5%8D%97%E9%87%8E%E8%8F%8A%20%E6%96%91%E9%B3%A9%E8%8F%8A%E5%B1%AC%20%E6%A4%8D%E7%89%A9%E7%95%8C%20%E8%8F%8A%E7%A7%91%20%E9%9B%99%E5%AD%90%E8%91%89%E6%A4%8D%E7%89%A9%20&oid=1107080 HTTP/1.1" 200 3419
66.249.71.242 - - [11/Jul/2016:06:47:56 +0800] "GET /content/repository/resource_content.jsp?oid=4364491&queryType=qs&queryString=%E5%8C%97%E7%AE%A1 HTTP/1.1" 200 28702
66.249.71.159 - - [11/Jul/2016:06:47:58 +0800] "GET /content/repository/resource_content.jsp?oid=2672788&queryString=%E6%96%87%E5%BB%9F HTTP/1.1" 200 30303
66.249.71.248 - - [11/Jul/2016:06:50:32 +0800] "GET /content/repository/resource_content.jsp?oid=16360&queryType=qs&queryString=%E5%A4%96%E5%8C%AF HTTP/1.1" 200 35082
130.193.51.27 - - [11/Jul/2016:06:50:38 +0800] "GET /content/subject/resource_content.jsp?oid=16797240&queryType=qc HTTP/1.1" 200 42460
66.249.71.136 - - [11/Jul/2016:06:52:27 +0800] "GET /content/repository/resource_content.jsp?oid=1111693 HTTP/1.1" 200 31248
180.76.15.143 - - [11/Jul/2016:06:53:03 +0800] "GET /content/repository/resource_content.jsp?oid=1775247 HTTP/1.1" 200 30152
66.249.71.254 - - [11/Jul/2016:06:53:09 +0800] "GET /content/repository/resource_content.jsp?oid=14975&queryString=%E4%B9%9D%E5%88%BA%E9%AE%A8 HTTP/1.1" 200 35745
66.249.71.136 - - [11/Jul/2016:06:54:54 +0800] "GET /content/nav/relationSubject.jsp?relationWords=%E7%A7%8B%E6%B5%B7%E6%A3%A0+%E7%A7%8B%E6%B5%B7%E6%A3%A0%E5%B1%AC+&oid=1111693 HTTP/1.1" 200 4904
66.249.71.136 - - [11/Jul/2016:06:54:56 +0800] "GET /content/nav/relationSubject.jsp?relationWords=%E7%A7%8B%E6%B5%B7%E6%A3%A0%20%E7%A7%8B%E6%B5%B7%E6%A3%A0%E5%B1%AC%20&oid=1111693 HTTP/1.1" 200 4904
66.249.71.143 - - [11/Jul/2016:06:55:20 +0800] "GET /content/nav/relationSubject.jsp?relationWords=&oid=2602694 HTTP/1.1" 200 1405
66.249.71.166 - - [11/Jul/2016:06:55:25 +0800] "GET /content/nav/relationSubject.jsp?relationWords=%E5%B7%A5%E9%83%A8%20%E6%96%87%E5%BB%9F%20%E7%A2%91%E4%BA%AD%20&oid=2672788 HTTP/1.1" 200 3138
66.249.71.248 - - [11/Jul/2016:06:55:45 +0800] "GET /content/repository/resource_content.jsp?oid=4353908&queryString=%E8%8A%B1%E6%96%91%E6%93%AC%E9%B1%97%E9%AD%A8 HTTP/1.1" 200 35281
66.249.71.188 - - [11/Jul/2016:06:56:29 +0800] "GET /content/nav/relationSubject.jsp?relationWords=%E4%BC%B0%E5%83%B9+%E5%85%AC%E5%85%B1%E5%BB%BA%E8%A8%AD+%E5%9C%8B%E6%B0%91%E4%BD%8F%E5%AE%85+%E5%9C%B0%E4%B8%8B%E5%AE%A4+%E5%B1%8F%E6%9D%B1%E6%B0%B4%E5%88%A9%E6%9C%83+%E6%9D%8E%E6%BA%90%E6%A3%A7+%E8%A1%A8%E6%8F%9A+%E8%AD%B0%E5%93%A1%E9%BB%83%E5%A0%AF+%E8%B3%AA%E8%A9%A2+%E9%83%BD%E5%B8%82%E8%A8%88%E5%8A%83+%E9%AB%98%E9%9B%84%E5%B8%82+%E9%BB%83%E5%A5%87%E6%AD%A3+&oid=1566248 HTTP/1.1" 200 4371
66.249.71.143 - - [11/Jul/2016:06:56:55 +0800] "GET /content/repository/resource_content.jsp?oid=1534923&queryString=%E5%9C%9F%E5%9C%B0%E6%B8%AC%E9%87%8F%20%E5%9C%B0%E6%94%BF%E8%99%95 HTTP/1.1" 200 30805
66.249.71.254 - - [11/Jul/2016:06:58:22 +0800] "GET /content/repository/resource_content.jsp?oid=1552794&queryType=qs&queryString=%E7%A4%BE%E6%9C%83%E5%95%8F%E9%A1%8C HTTP/1.1" 200 30998
66.249.71.200 - - [11/Jul/2016:06:59:12 +0800] "GET /content/nav/relationSubject.jsp?relationWords=%E6%93%AC%E9%B8%9A%E9%AF%9B+%E6%A9%98%E7%B4%8B%E6%93%AC%E7%9B%94%E9%AD%9A+%E6%B1%95%E5%86%B7%E4%BB%94+%E9%9A%86%E9%A0%AD%E9%AD%9A%E7%A7%91+&oid=1081612 HTTP/1.1" 200 3644
66.249.71.242 - - [11/Jul/2016:07:00:58 +0800] "GET /content/subject/resource_content.jsp?oid=16797239&queryType=qc HTTP/1.1" 200 44010
66.249.71.143 - - [11/Jul/2016:07:01:36 +0800] "GET /content/repository/resource_content.jsp?oid=4364408&queryString=%E7%AB%A5%E4%B8%8A%E8%A1%A3 HTTP/1.1" 200 28656
68.180.231.49 - - [11/Jul/2016:07:01:57 +0800] "GET /content/pictures/picture_content.jsp?oid=33554787&queryType=qc HTTP/1.1" 200 27902
66.249.71.254 - - [11/Jul/2016:07:03:35 +0800] "GET /content/repository/resource_content.jsp?oid=4437531&queryType=qs&queryString=%E5%8D%97%E6%96%B9%E8%B3%87%E6%96%99%E9%A4%A8 HTTP/1.1" 200 28578
66.249.71.152 - - [11/Jul/2016:07:04:16 +0800] "GET /content/nav/relationSubject.jsp?relationWords=%E9%87%91%E7%B4%99%20&oid=4362940 HTTP/1.1" 200 2927
66.249.79.144 - - [11/Jul/2016:07:05:28 +0800] "GET /content/nav/relationSubject.jsp?relationWords=%E6%B3%B0%E9%9B%85%E6%97%8F+%E7%AB%A5%E4%B8%8A%E8%A1%A3+&oid=4364408 HTTP/1.1" 200 3773
66.249.71.136 - - [11/Jul/2016:07:05:32 +0800] "GET /content/nav/relationSubject.jsp?relationWords=%E6%B3%B0%E9%9B%85%E6%97%8F%20%E7%AB%A5%E4%B8%8A%E8%A1%A3%20&oid=4364408 HTTP/1.1" 200 3773
220.181.108.105 - - [11/Jul/2016:07:05:46 +0800] "GET /content/repository/resource_content.jsp?oid=1839106 HTTP/1.1" 200 28876
66.249.71.242 - - [11/Jul/2016:07:06:11 +0800] "GET /content/repository/resource_content.jsp?oid=1780653&queryType=qs&queryString=%E7%BE%BD%E5%86%A0 HTTP/1.1" 200 28736
66.249.71.136 - - [11/Jul/2016:07:06:37 +0800] "GET /content/repository/resource_content.jsp?oid=1588502 HTTP/1.1" 200 28855
68.180.231.49 - - [11/Jul/2016:07:07:06 +0800] "GET /content/tmp_tec/resource_content.jsp?oid=16777730 HTTP/1.1" 200 42439
66.249.71.143 - - [11/Jul/2016:07:07:33 +0800] "GET /content/nav/relationSubject.jsp?relationWords=%E5%BE%90%E5%A0%85+%E7%83%8F%E6%97%A5%E9%84%89+%E7%9C%81%E6%94%BF%E5%BA%9C+%E8%87%BA%E4%B8%AD%E7%B8%A3+%E8%8E%8A%E5%8C%97%E6%96%97+%E8%AD%B0%E9%95%B7+%E8%B1%90%E6%A6%AE+%E8%BE%B2%E7%94%B0%E6%B0%B4%E5%88%A9%E6%9C%83+%E9%84%B0%E5%9C%B3+%E9%99%B3%E7%AD%86+&oid=1532068 HTTP/1.1" 200 4862
106.38.241.143 - - [11/Jul/2016:07:08:03 +0800] "GET /content/tmp_auth/resource_content.jsp?oid=16777652 HTTP/1.1" 200 28339
66.249.71.242 - - [11/Jul/2016:07:08:48 +0800] "GET /content/repository/resource_content.jsp?oid=2513438&queryType=qs&queryString=%E5%8A%89%E9%87%91 HTTP/1.1" 200 30098
106.38.241.143 - - [11/Jul/2016:07:09:10 +0800] "GET /content/subject/resource_content.jsp?oid=16797293&queryType=qc HTTP/1.1" 200 46243
180.76.15.159 - - [11/Jul/2016:07:09:59 +0800] "GET /content/repository/resource_content.jsp?oid=3826037&queryString=%E5%9C%B0%E6%A6%86%20%E6%A4%8D%E7%89%A9%E7%95%8C%20%E6%A6%86%E5%B1%AC%20%E8%96%94%E8%96%87%E7%9B%AE%20%E8%96%94%E8%96%87%E7%A7%91 HTTP/1.1" 200 31378
106.38.241.143 - - [11/Jul/2016:07:10:04 +0800] "GET /content/subject/resource_content.jsp?oid=16777735&queryType=qc HTTP/1.1" 200 32563
66.249.71.211 - - [11/Jul/2016:07:10:30 +0800] "GET /digiarch3/content/nav/relationSubject.jsp?relationWords=%E4%B8%89%E7%88%AA%E4%BB%94+%E4%B8%89%E7%B7%9A%E9%9B%9E%E9%AD%9A+%E7%9F%B3%E9%B1%B8+%E9%9B%9E%E4%BB%94%E9%AD%9A+%E9%9B%9E%E9%AD%9A+%E9%BB%83%E9%9B%9E+%E9%BB%83%E9%9B%9E%E4%BB%94+&oid=4352857 HTTP/1.1" 200 3668
106.38.241.143 - - [11/Jul/2016:07:10:35 +0800] "GET /content/subject/resource_content.jsp?oid=16777625&queryType=qc HTTP/1.1" 200 61695
106.38.241.143 - - [11/Jul/2016:07:11:02 +0800] "GET /content/subject/resource_content.jsp?oid=16777384&queryType=qc HTTP/1.1" 200 35265
66.249.71.254 - - [11/Jul/2016:07:11:24 +0800] "GET /content/repository/resource_content.jsp?oid=4352481&queryType=qs&queryString=%E6%8B%96%E9%87%A3 HTTP/1.1" 200 34283
106.38.241.143 - - [11/Jul/2016:07:11:27 +0800] "GET /content/subject/resource_content.jsp?oid=16777715&queryType=qc HTTP/1.1" 200 34779
106.38.241.143 - - [11/Jul/2016:07:11:40 +0800] "GET /digiarch_en/content/subject/resource_content.jsp?oid=16777818&queryType=qc HTTP/1.1" 200 35087
106.38.241.143 - - [11/Jul/2016:07:13:09 +0800] "GET /digiarch_en/content/subject/resource_content.jsp?oid=16777609&queryType=qc HTTP/1.1" 200 42992
106.38.241.143 - - [11/Jul/2016:07:13:35 +0800] "GET /digiarch_en/content/subject/resource_content.jsp?oid=16777812&queryType=qc HTTP/1.1" 200 33210
66.249.71.150 - - [11/Jul/2016:07:13:46 +0800] "GET /content/nav/relationSubject.jsp?relationWords=%E6%B2%B9%E7%94%98%20%E9%95%B7%E9%B0%AD%E9%B0%A4%20%E9%BB%83%E5%B0%BE%20&oid=15257 HTTP/1.1" 200 3484
199.30.24.18 - - [11/Jul/2016:07:13:53 +0800] "GET /content/nav/relationSubject.jsp?relationWords=%E9%BB%91%E6%9D%BF%E6%A8%B9+&oid=16777262 HTTP/1.1" 200 3253
106.38.241.143 - - [11/Jul/2016:07:13:58 +0800] "GET /digiarch_en/content/subject/resource_content.jsp?oid=16777347&queryType=qc HTTP/1.1" 200 28848
66.249.71.242 - - [11/Jul/2016:07:14:01 +0800] "GET /content/repository/resource_content.jsp?oid=1888368&queryType=qs&queryString=%E7%94%A2%E6%A5%AD%E7%B5%84%E5%90%88 HTTP/1.1" 200 30492
106.38.241.143 - - [11/Jul/2016:07:14:26 +0800] "GET /digiarch_en/content/subject/resource_content.jsp?oid=16777729&queryType=qc HTTP/1.1" 200 51168
106.38.241.143 - - [11/Jul/2016:07:14:50 +0800] "GET /digiarch_en/content/subject/resource_content.jsp?oid=16777725&queryType=qc HTTP/1.1" 200 27500
66.249.71.150 - - [11/Jul/2016:07:14:55 +0800] "GET /content/nav/relationSubject.jsp?relationWords=%E5%8F%B0%E7%81%A3%E7%9C%81+%E5%8F%B0%E7%B3%96+%E5%B1%8F%E6%9D%B1%E7%B8%A3%E8%AD%B0%E6%9C%83+%E5%B7%A5%E6%9C%83+%E9%99%B3%E6%B0%B4%E8%A5%BF+%E9%AB%98%E9%9B%84%E5%B8%82%E8%AD%B0%E6%9C%83+%E9%AB%98%E9%9B%84%E7%B8%A3%E8%AD%B0%E6%9C%83+&oid=1518617 HTTP/1.1" 200 5131
66.249.79.137 - - [11/Jul/2016:07:14:58 +0800] "GET /content/nav/relationSubject.jsp?relationWords=%E5%8F%B0%E7%81%A3%E7%9C%81%20%E5%8F%B0%E7%B3%96%20%E5%B1%8F%E6%9D%B1%E7%B8%A3%E8%AD%B0%E6%9C%83%20%E5%B7%A5%E6%9C%83%20%E9%99%B3%E6%B0%B4%E8%A5%BF%20%E9%AB%98%E9%9B%84%E5%B8%82%E8%AD%B0%E6%9C%83%20%E9%AB%98%E9%9B%84%E7%B8%A3%E8%AD%B0%E6%9C%83%20&oid=1518617 HTTP/1.1" 200 5131
106.38.241.143 - - [11/Jul/2016:07:15:14 +0800] "GET /content/pictures/picture_content.jsp?oid=33554799 HTTP/1.1" 200 27608
223.137.69.196 - - [11/Jul/2016:07:15:14 +0800] "GET /content/subject/resource_content.jsp?oid=16797240&queryType=qc HTTP/1.1" 200 42460
223.137.69.196 - - [11/Jul/2016:07:15:15 +0800] "GET /content/nav/relationSubject.jsp?relationWords=&oid=16797240 HTTP/1.1" 200 1405
164.132.161.26 - - [11/Jul/2016:07:15:34 +0800] "GET /content/subject/resource_content.jsp?oid=16777611&queryType=qc HTTP/1.1" 200 49486
66.249.71.136 - - [11/Jul/2016:07:16:01 +0800] "GET /content/nav/relationSubject.jsp?relationWords=%E5%93%A1%E5%B1%B1%E9%84%89+%E6%9F%8F%E6%B2%B9%E8%B7%AF%E9%9D%A2+%E9%84%89%E5%85%AC%E6%89%80+&oid=1588502 HTTP/1.1" 200 3691
66.249.71.136 - - [11/Jul/2016:07:16:05 +0800] "GET /content/nav/relationSubject.jsp?relationWords=%E5%93%A1%E5%B1%B1%E9%84%89%20%E6%9F%8F%E6%B2%B9%E8%B7%AF%E9%9D%A2%20%E9%84%89%E5%85%AC%E6%89%80%20&oid=1588502 HTTP/1.1" 200 3691
1.168.74.9 - - [11/Jul/2016:07:16:17 +0800] "GET /content/nav/relationSubject.jsp?relationWords=&oid=16777342 HTTP/1.1" 200 1405
66.249.79.197 - - [11/Jul/2016:07:16:38 +0800] "GET /content/repository/resource_content.jsp?oid=2687200&queryType=qs&queryString=%E6%BC%A2%E4%B8%AD%E5%BA%9C HTTP/1.1" 200 30199
40.77.167.32 - - [11/Jul/2016:07:18:04 +0800] "GET /content/nav/relationSubject.jsp?relationWords=%E8%8B%A6%E8%8B%93+&oid=16777317 HTTP/1.1" 200 3183
66.249.71.242 - - [11/Jul/2016:07:18:05 +0800] "GET /content/nav/relationSubject.jsp?relationWords=%E7%BE%BD%E5%86%A0+%E9%A0%AD%E7%9B%AE%E5%B8%BD+&oid=1780653 HTTP/1.1" 200 3028
106.38.241.143 - - [11/Jul/2016:07:18:35 +0800] "GET /content/repository/resource_content.jsp?oid=523999&queryType=qc HTTP/1.1" 200 36509
106.38.241.143 - - [11/Jul/2016:07:18:48 +0800] "GET /content/repository/resource_content.jsp?oid=524117&queryType=qc HTTP/1.1" 200 35470
42.156.138.108 - - [11/Jul/2016:07:19:04 +0800] "GET /content/subject/resource_content.jsp?oid=16777378&queryType=qc HTTP/1.1" 200 33340
106.38.241.143 - - [11/Jul/2016:07:19:13 +0800] "GET /content/repository/resource_content.jsp?oid=1552043 HTTP/1.1" 200 29233
66.249.71.248 - - [11/Jul/2016:07:19:14 +0800] "GET /content/repository/resource_content.jsp?oid=695580&queryType=qs&queryString=%E7%A0%B2%E8%88%B9 HTTP/1.1" 200 29346
66.249.71.150 - - [11/Jul/2016:07:19:16 +0800] "GET /content/nav/relationSubject.jsp?relationWords=%E6%B3%B0%E6%AD%A6%E9%84%89+%E8%90%AC%E5%AE%89%E6%9D%91+%E8%90%AC%E5%AE%89%E6%BA%AA+%E9%90%B5%E7%B7%9A%E6%A9%8B+&oid=1619588 HTTP/1.1" 200 6412
66.249.71.136 - - [11/Jul/2016:07:19:17 +0800] "GET /content/nav/relationSubject.jsp?relationWords=%E9%9B%85%E7%BE%8E%E6%97%8F+&oid=1781111 HTTP/1.1" 200 2870
106.38.241.143 - - [11/Jul/2016:07:19:36 +0800] "GET /content/repository/resource_content.jsp?oid=523341&queryType=qc HTTP/1.1" 200 38184
66.249.71.211 - - [11/Jul/2016:07:21:30 +0800] "GET /content/nav/relationSubject.jsp?relationWords=%E7%9F%B3%E9%A6%96%E9%AD%9A%E7%A7%91+%E9%AE%B8%E4%BB%94+%E9%AE%B8%E9%AD%9A+&oid=4353430 HTTP/1.1" 200 3384
66.249.71.254 - - [11/Jul/2016:07:21:50 +0800] "GET /content/subject/resource_content.jsp?oid=16777499&queryType=qc HTTP/1.1" 200 44427
106.38.241.143 - - [11/Jul/2016:07:23:41 +0800] "GET /content/subject/resource_content.jsp?oid=16777685&queryType=qc HTTP/1.1" 200 37047
40.77.167.22 - - [11/Jul/2016:07:23:53 +0800] "GET /content/nav/relationSubject.jsp?relationWords=%E9%98%BF%E5%8B%83%E5%8B%92+&oid=16777368 HTTP/1.1" 200 2917
106.38.241.143 - - [11/Jul/2016:07:24:10 +0800] "GET /content/repository/resource_content.jsp?oid=524007&queryType=qc HTTP/1.1" 200 35596
66.249.79.137 - - [11/Jul/2016:07:24:20 +0800] "GET /content/nav/relationSubject.jsp?relationWords=%E8%87%A8%E6%99%82%E7%9C%81%E8%AD%B0%E6%9C%83+%E8%87%BA%E5%8C%97%E7%B8%A3%E6%94%BF%E5%BA%9C+%E8%87%BA%E7%81%A3%E7%9C%81+%E9%90%B5%E8%B7%AF%E5%B1%80+&oid=1539782 HTTP/1.1" 200 4553
66.249.71.136 - - [11/Jul/2016:07:24:26 +0800] "GET /content/nav/relationSubject.jsp?relationWords=%E8%83%A1%E7%93%9C%E9%AD%9A+%E9%A6%99%E9%AD%9A+&oid=3339743 HTTP/1.1" 200 3373
66.249.71.254 - - [11/Jul/2016:07:24:34 +0800] "GET /content/repository/resource_content.jsp?oid=1560617&queryType=qs&queryString=%E7%BE%8E%E5%92%8C HTTP/1.1" 200 28775
106.38.241.143 - - [11/Jul/2016:07:24:35 +0800] "GET /content/repository/resource_content.jsp?oid=523341&queryType=qc HTTP/1.1" 200 38195
106.38.241.143 - - [11/Jul/2016:07:25:01 +0800] "GET /content/tmp_exh/resource_content.jsp?oid=16777712&queryType=qc%201921 HTTP/1.1" 200 32378
66.249.71.242 - - [11/Jul/2016:07:26:09 +0800] "GET /content/nav/relationSubject.jsp?relationWords=%E5%85%AB%E5%AE%B6%E5%B0%87%20&oid=4363655 HTTP/1.1" 200 3056
180.76.15.146 - - [11/Jul/2016:07:26:55 +0800] "GET /content/repository/resource_content.jsp?oid=1100703 HTTP/1.1" 200 30984
66.249.71.242 - - [11/Jul/2016:07:27:03 +0800] "GET /content/repository/resource_content.jsp?oid=1828474&queryType=qs&queryString=%E8%82%A5%E5%9F%8E HTTP/1.1" 200 36454
68.180.230.168 - - [11/Jul/2016:07:28:19 +0800] "GET /content/subject/resource_content.jsp?oid=16777540&queryType=qc HTTP/1.1" 200 31610
66.249.71.254 - - [11/Jul/2016:07:29:40 +0800] "GET /content/repository/resource_content.jsp?oid=15664&queryType=qs&queryString=%E5%B0%8F%E4%B8%91%E9%AD%9A HTTP/1.1" 200 34919
66.249.71.248 - - [11/Jul/2016:07:29:56 +0800] "GET /content/repository/resource_content.jsp?oid=4351742&queryType=qs&queryString=%E5%93%A5%E5%80%AB%E6%AF%94%E4%BA%9E HTTP/1.1" 200 34116
66.249.71.152 - - [11/Jul/2016:07:32:16 +0800] "GET /content/subject/resource_content.jsp?oid=16797282&queryType=qc HTTP/1.1" 200 78895
66.249.66.164 - - [11/Jul/2016:07:33:34 +0800] "GET /content/repository/resource_content.jsp?oid=3819840&queryString=%E5%B1%B1%E6%AB%BB%E6%A1%83%20%E5%B1%B1%E6%AB%BB%E8%8A%B1%20%E6%A2%85%E5%B1%AC%20%E6%A4%8D%E7%89%A9%E7%95%8C%20%E7%B7%8B%E6%AB%BB%20%E8%96%94%E8%96%87%E7%9B%AE%20%E8%96%94%E8%96%87%E7%A7%91 HTTP/1.1" 200 31393
66.249.71.166 - - [11/Jul/2016:07:34:53 +0800] "GET /content/repository/resource_content.jsp?oid=4363495&queryString=%E6%B0%B4%E4%BB%99%E5%B0%8A%E7%8E%8B HTTP/1.1" 200 29854
66.249.71.166 - - [11/Jul/2016:07:36:41 +0800] "GET /content/nav/relationSubject.jsp?relationWords=%E8%8F%B1%E5%8D%B0%E9%AD%9A+&oid=1448494 HTTP/1.1" 200 3139
66.249.71.136 - - [11/Jul/2016:07:37:12 +0800] "GET /content/nav/relationSubject.jsp?relationWords=%E7%BE%85%E6%BC%A2%E6%9D%BE+%E8%98%AD%E5%B6%BC%E7%BE%85%E6%BC%A2%E6%9D%BE+%E9%81%94%E6%82%9F+%E9%81%94%E6%82%9F%E6%97%8F+%E9%9B%85%E7%BE%8E+%E9%9B%85%E7%BE%8E%E6%97%8F+&oid=16777443 HTTP/1.1" 200 4289
164.132.161.65 - - [11/Jul/2016:07:37:14 +0800] "GET /content/subject/resource_content.jsp?oid=16777513&queryType=qc HTTP/1.1" 200 28614
66.249.71.136 - - [11/Jul/2016:07:37:14 +0800] "GET /content/nav/relationSubject.jsp?relationWords=%E7%BE%85%E6%BC%A2%E6%9D%BE%20%E8%98%AD%E5%B6%BC%E7%BE%85%E6%BC%A2%E6%9D%BE%20%E9%81%94%E6%82%9F%20%E9%81%94%E6%82%9F%E6%97%8F%20%E9%9B%85%E7%BE%8E%20%E9%9B%85%E7%BE%8E%E6%97%8F%20&oid=16777443 HTTP/1.1" 200 4289
106.38.241.143 - - [11/Jul/2016:07:37:22 +0800] "GET /digiarch_en/content/tmp_exh/resource_content.jsp?oid=16777802&queryType=qc%201890 HTTP/1.1" 200 23437
66.249.71.166 - - [11/Jul/2016:07:37:29 +0800] "GET /content/repository/resource_content.jsp?oid=1555024&queryString=%E5%9C%8B%E9%9A%9B%E6%9B%B8%E5%B1%95%20%E6%95%B8%E4%BD%8D%E5%85%B8%E8%97%8F%20%E6%95%B8%E4%BD%8D%E5%AD%B8%E7%BF%92%20%E7%A7%91%E6%8A%80%20%E8%A6%96%E8%A6%BA%20%E8%A6%96%E8%A6%BA%E8%A8%AD%E8%A8%88 HTTP/1.1" 200 40193
106.38.241.143 - - [11/Jul/2016:07:37:39 +0800] "GET /digiarch_en/content/tmp_exh/resource_content.jsp?oid=16777811&queryType=qc%201890 HTTP/1.1" 200 23663
106.38.241.143 - - [11/Jul/2016:07:37:51 +0800] "GET /content/subject/resource_content.jsp?oid=16797239&queryType=qc HTTP/1.1" 200 44010
106.38.241.143 - - [11/Jul/2016:07:38:41 +0800] "GET /content/subject/resource_content.jsp?oid=16777678&queryType=qc HTTP/1.1" 200 30967
106.38.241.143 - - [11/Jul/2016:07:39:31 +0800] "GET /content/subject/resource_content.jsp?oid=16777743&queryType=qc HTTP/1.1" 200 32569
66.249.71.242 - - [11/Jul/2016:07:40:06 +0800] "GET /content/repository/resource_content.jsp?oid=16388&queryType=qs&queryString=%E6%9D%B1%E6%B2%99%E7%BE%A4%E5%B3%B6 HTTP/1.1" 200 34948
106.38.241.143 - - [11/Jul/2016:07:40:20 +0800] "GET /content/subject/resource_content.jsp?oid=16777732&queryType=qc HTTP/1.1" 200 31189
106.38.241.143 - - [11/Jul/2016:07:41:25 +0800] "GET /content/subject/resource_content.jsp?oid=16777309&queryType=qc HTTP/1.1" 200 28694
106.38.241.143 - - [11/Jul/2016:07:41:38 +0800] "GET /content/subject/resource_content.jsp?oid=16777293&queryType=qc HTTP/1.1" 200 32161
106.38.241.143 - - [11/Jul/2016:07:41:49 +0800] "GET /content/subject/resource_content.jsp?oid=16777770&queryType=qc> HTTP/1.1" 200 53870
106.38.241.143 - - [11/Jul/2016:07:42:01 +0800] "GET /content/subject/resource_content.jsp?oid=16777383&queryString= HTTP/1.1" 200 32117
66.249.71.159 - - [11/Jul/2016:07:42:43 +0800] "GET /content/repository/resource_content.jsp?oid=1777511&queryType=qs&queryString=%E9%A3%B2%E9%85%92%E6%AD%8C HTTP/1.1" 200 27857
106.38.241.143 - - [11/Jul/2016:07:42:51 +0800] "GET /content/subject/resource_content.jsp?oid=16777787&queryType=qc> HTTP/1.1" 200 57468
180.76.15.27 - - [11/Jul/2016:07:43:52 +0800] "GET /content/repository/resource_content.jsp?oid=1103908&queryString=%E6%8B%AC%E6%A8%93%E5%B1%AC%20%E6%A4%8D%E7%89%A9%E7%95%8C%20%E7%8E%8B%E7%93%9C%20%E8%8F%AB%E8%8F%9C%20%E8%91%AB%E8%98%86%E7%A7%91 HTTP/1.1" 200 31302
106.38.241.143 - - [11/Jul/2016:07:44:09 +0800] "GET /content/subject/resource_content.jsp?oid=16777734&queryType=qc HTTP/1.1" 200 40302
106.38.241.143 - - [11/Jul/2016:07:44:30 +0800] "GET /content/subject/resource_content.jsp?oid=16777407&queryType=qc HTTP/1.1" 200 31976
106.38.241.143 - - [11/Jul/2016:07:44:34 +0800] "GET /content/subject/resource_content.jsp?oid=16777764&queryType=qc HTTP/1.1" 200 40780
106.38.241.143 - - [11/Jul/2016:07:44:46 +0800] "GET /content/subject/resource_content.jsp?oid=16777519&queryType=qc HTTP/1.1" 200 36025
66.249.71.143 - - [11/Jul/2016:07:44:53 +0800] "GET /content/nav/relationSubject.jsp?relationWords=%E5%94%90%E5%86%A0%E8%9E%BA+%E6%96%91%E5%B8%B6%E9%AC%98%E8%9E%BA+%E7%95%B0%E8%B6%B3%E7%9B%AE+%E8%85%B9%E8%B6%B3%E7%B6%B1+%E8%BB%9F%E9%AB%94%E5%8B%95%E7%89%A9%E9%96%80+%E9%AC%98%E8%9E%BA+&oid=4548699 HTTP/1.1" 200 3537
66.249.79.137 - - [11/Jul/2016:07:45:14 +0800] "GET /content/repository/resource_content.jsp?oid=1777466 HTTP/1.1" 200 27381
66.249.71.254 - - [11/Jul/2016:07:45:19 +0800] "GET /content/repository/resource_content.jsp?oid=4458962&queryType=qs&queryString=%E6%9D%B1%E5%8B%A2%E8%A7%92 HTTP/1.1" 200 28537
106.38.241.143 - - [11/Jul/2016:07:46:00 +0800] "GET /content/subject/resource_content.jsp?oid=16777648&queryType=qc> HTTP/1.1" 200 30888
106.38.241.143 - - [11/Jul/2016:07:46:13 +0800] "GET /content/subject/resource_content.jsp?oid=16777376&queryType=qc HTTP/1.1" 200 35872
106.38.241.143 - - [11/Jul/2016:07:46:27 +0800] "GET /content/subject/resource_content.jsp?oid=16777686&queryType=qc> HTTP/1.1" 200 31912
106.38.241.143 - - [11/Jul/2016:07:46:38 +0800] "GET /content/subject/resource_content.jsp?oid=16777582&queryType=qc HTTP/1.1" 200 28897
106.38.241.143 - - [11/Jul/2016:07:46:56 +0800] "GET /content/subject/resource_content.jsp?oid=16777559&queryType=qc> HTTP/1.1" 200 42453
123.125.71.58 - - [11/Jul/2016:07:46:59 +0800] "GET /content/repository/resource_content.jsp?oid=1632029 HTTP/1.1" 200 28975
106.38.241.143 - - [11/Jul/2016:07:47:11 +0800] "GET /content/subject/resource_content.jsp?oid=16777651&queryType=qc> HTTP/1.1" 200 26760
66.249.71.248 - - [11/Jul/2016:07:47:56 +0800] "GET /content/repository/resource_content.jsp?oid=2666649&queryType=qs&queryString=%E6%9C%B1%E8%A5%84 HTTP/1.1" 200 30067
106.38.241.143 - - [11/Jul/2016:07:48:10 +0800] "GET /content/subject/resource_content.jsp?oid=16777803&queryType=qc> HTTP/1.1" 200 33506
106.38.241.143 - - [11/Jul/2016:07:48:12 +0800] "GET /content/subject/resource_content.jsp?oid=16777685&queryType=qc> HTTP/1.1" 200 37036
106.38.241.143 - - [11/Jul/2016:07:48:27 +0800] "GET /content/subject/resource_content.jsp?oid=16777686&queryType=qc HTTP/1.1" 200 31912
106.38.241.143 - - [11/Jul/2016:07:48:39 +0800] "GET /content/subject/resource_content.jsp?oid=16777625&queryType=qc> HTTP/1.1" 200 61684
106.38.241.143 - - [11/Jul/2016:07:48:51 +0800] "GET /content/subject/resource_content.jsp?oid=16777720&queryType=qc HTTP/1.1" 200 29905
106.38.241.143 - - [11/Jul/2016:07:50:07 +0800] "GET /content/subject/resource_content.jsp?oid=16797291&queryType=qc HTTP/1.1" 200 51029
66.249.71.254 - - [11/Jul/2016:07:50:32 +0800] "GET /content/repository/resource_content.jsp?oid=2599021&queryType=qs&queryString=%E9%99%B3%E4%B9%9E HTTP/1.1" 200 29214
66.249.71.150 - - [11/Jul/2016:07:51:33 +0800] "GET /content/nav/relationSubject.jsp?relationWords=%E5%8A%89%E6%96%87+%E5%AD%B8%E5%AE%AE+%E5%AF%B6%E6%87%89+%E5%B0%84%E9%99%BD+%E5%B0%84%E9%99%BD%E7%9F%B3%E9%96%80+%E6%9C%B1%E9%9B%80+%E6%B1%AA%E4%B8%AD+%E6%BC%A2%E5%AF%B6+%E8%88%96%E9%A6%96+%E9%A1%8C%E8%A8%98+&oid=1810952 HTTP/1.1" 200 5490
66.249.71.143 - - [11/Jul/2016:07:52:55 +0800] "GET /content/nav/relationSubject.jsp?relationWords=%E5%93%81%E8%B3%AA+%E5%9A%B4%E5%AD%94%E5%BD%A9+%E5%A4%96%E5%8C%AF+%E5%BC%B7%E7%94%9F+%E6%97%A5%E6%93%9A%E6%99%82%E4%BB%A3+%E8%B5%A4%E5%9C%9F%E5%B4%8E+%E9%80%A0%E6%9E%97+&oid=1549939 HTTP/1.1" 200 5674
66.249.71.253 - - [11/Jul/2016:07:53:09 +0800] "GET /content/repository/resource_content.jsp?oid=1899479&queryString=%E6%8A%80%E8%A1%93%E4%BA%BA%E5%93%A1%20%E6%9E%97%E5%8B%99%E5%B1%80%20%E7%A8%BB%E7%B1%B3%20%E9%A4%98%E7%B3%A7%E6%94%B6%E8%B3%BC HTTP/1.1" 200 30339
207.46.13.191 - - [11/Jul/2016:07:53:27 +0800] "GET /content/nav/relationSubject.jsp?relationWords=%E5%9C%B0%E7%90%86%E8%B3%87%E8%A8%8A%E7%B3%BB%E7%B5%B1+%E6%AE%B7%E5%91%A8+%E9%9D%92%E9%8A%85%E5%99%A8+&oid=16777371 HTTP/1.1" 200 2963
66.249.71.136 - - [11/Jul/2016:07:53:30 +0800] "GET /content/nav/relationSubject.jsp?relationWords=%E5%B7%A1%E7%8B%A9+&oid=16777816 HTTP/1.1" 200 4372
106.38.241.143 - - [11/Jul/2016:07:53:44 +0800] "GET /content/subject/resource_content.jsp?oid=16777335&queryType=qc HTTP/1.1" 200 32413
106.38.241.143 - - [11/Jul/2016:07:54:36 +0800] "GET /digiarch_en/content/pictures/picture_content.jsp?oid=33554881&queryType=qc HTTP/1.1" 200 22067
106.38.241.143 - - [11/Jul/2016:07:54:47 +0800] "GET /digiarch_en/content/pictures/picture_content.jsp?oid=33554628&queryType=qc HTTP/1.1" 200 21711
106.38.241.143 - - [11/Jul/2016:07:54:59 +0800] "GET /digiarch_en/content/repository/resource_content.jsp?oid=1125111&queryType=qc HTTP/1.1" 200 26613
106.38.241.143 - - [11/Jul/2016:07:55:13 +0800] "GET /digiarch_en/content/repository/resource_content.jsp?oid=1123926&queryType=qc HTTP/1.1" 200 28327
106.38.241.143 - - [11/Jul/2016:07:55:38 +0800] "GET /content/tmp_exh/resource_content.jsp?oid=16777823&queryType=qc HTTP/1.1" 200 30936
106.38.241.143 - - [11/Jul/2016:07:55:49 +0800] "GET /content/tmp_auth/resource_content.jsp?oid=16777461 HTTP/1.1" 200 27964
106.38.241.143 - - [11/Jul/2016:07:56:13 +0800] "GET /content/tmp_exh/resource_content.jsp?oid=16777760&queryType=qc HTTP/1.1" 200 35810
66.249.71.143 - - [11/Jul/2016:07:58:22 +0800] "GET /content/subject/resource_content.jsp?oid=16777610 HTTP/1.1" 200 27650
180.76.15.154 - - [11/Jul/2016:08:00:48 +0800] "GET /content/tmp_exh/resource_content.jsp?oid=16777852&queryType=qc HTTP/1.1" 200 67305
123.194.88.108 - - [11/Jul/2016:08:00:59 +0800] "GET /content/nav/relationSubject.jsp?relationWords=%E8%8C%84%E8%8B%B3+&oid=16777306 HTTP/1.1" 200 4432
66.249.71.143 - - [11/Jul/2016:08:01:01 +0800] "GET /content/repository/resource_content.jsp?oid=1098591 HTTP/1.1" 200 29491
66.249.71.150 - - [11/Jul/2016:08:03:09 +0800] "GET /content/subject/resource_content.jsp?oid=16777488 HTTP/1.1" 200 60884
66.249.71.166 - - [11/Jul/2016:08:03:35 +0800] "GET /content/subject/resource_content.jsp?oid=16777617&queryType=qc HTTP/1.1" 200 61014
173.252.95.10 - - [11/Jul/2016:08:03:39 +0800] "GET /content/repository/resource_content.jsp?oid=1107695&queryString=%E6%A4%8D%E7%89%A9%E7%95%8C+%E7%A7%8B%E6%B5%B7%E6%A3%A0+%E7%A7%8B%E6%B5%B7%E6%A3%A0%E5%B1%AC+%E7%A7%8B%E6%B5%B7%E6%A3%A0%E7%A7%91+%E8%8F%AB%E8%8F%9C HTTP/1.1" 200 31849
66.249.71.136 - - [11/Jul/2016:08:05:00 +0800] "GET /content/nav/relationSubject.jsp?relationWords=%E5%85%AB%E5%BA%9C+&oid=1558639 HTTP/1.1" 200 3459
114.39.132.136 - - [11/Jul/2016:08:05:30 +0800] "GET /content/nav/relationSubject.jsp?relationWords=%E5%B1%B1%E8%8A%99%E8%93%89+%E6%9C%A8%E8%8A%99%E8%93%89+%E8%96%9B%E6%BF%A4+%E9%86%89%E8%8A%99%E8%93%89+&oid=16777260 HTTP/1.1" 200 4595
66.249.71.152 - - [11/Jul/2016:08:06:13 +0800] "GET /content/subject/resource_content.jsp?oid=16777688&queryType=qc HTTP/1.1" 200 39211
66.249.71.150 - - [11/Jul/2016:08:06:44 +0800] "GET /content/nav/relationSubject.jsp?relationWords=%E4%B8%AD%E5%92%8C%E5%B8%82+%E5%B7%A5%E7%A8%8B%E6%96%BD%E5%B7%A5+%E6%96%B0%E5%BA%97%E5%B8%82+&oid=1599240 HTTP/1.1" 200 7081
157.55.39.135 - - [11/Jul/2016:08:07:28 +0800] "GET /content/subject/resource_content.jsp?oid=16777345&queryType=qc HTTP/1.1" 200 35045
220.181.108.103 - - [11/Jul/2016:08:07:37 +0800] "GET /content/repository/resource_content.jsp?oid=1617485 HTTP/1.1" 200 28965
66.249.71.150 - - [11/Jul/2016:08:08:48 +0800] "GET /content/repository/resource_content.jsp?oid=15295&queryString=%E5%A8%98%E4%BB%94%E9%AD%9A%20%E5%B8%B6%E5%B0%BE%E6%96%B0%E9%9A%86%E9%AD%9A%20%E8%8A%B1%E5%B0%BE%20%E8%A7%92%E9%BE%8D%20%E9%9A%86%E9%A0%AD%E9%AD%9A%E7%A7%91%20%E9%B0%AD%E9%AD%9A%20%E9%B8%9A%E9%AF%9B HTTP/1.1" 200 34812
106.38.241.143 - - [11/Jul/2016:08:09:45 +0800] "GET /content/tmp_tec/resource_content.jsp?oid=16777710 HTTP/1.1" 200 27195
207.46.13.62 - - [11/Jul/2016:08:10:15 +0800] "GET /content/nav/relationSubject.jsp?relationWords=%E5%B1%B1%E8%8C%B6%E8%8A%B1+%E6%9B%BC%E9%99%80%E7%BE%85%E8%8A%B1+&oid=16777448 HTTP/1.1" 200 1894
66.249.71.143 - - [11/Jul/2016:08:10:25 +0800] "GET /content/nav/relationSubject.jsp?relationWords=%E5%88%91%E9%83%A8+%E7%9B%A3%E5%80%99+&oid=2634793 HTTP/1.1" 200 4037
66.249.71.152 - - [11/Jul/2016:08:11:24 +0800] "GET /content/subject/resource_content.jsp?oid=16777387&queryType=qc HTTP/1.1" 200 34481
66.102.7.208 - - [11/Jul/2016:08:11:42 +0800] "GET /content/subject/resource_content.jsp?oid=16797271&queryType=qc HTTP/1.1" 200 55170
66.249.71.159 - - [11/Jul/2016:08:14:01 +0800] "GET /content/subject/resource_content.jsp?oid=16777398&queryType=qc HTTP/1.1" 200 28964
173.252.95.8 - - [11/Jul/2016:08:14:16 +0800] "GET /content/repository/resource_content.jsp?oid=2674928&queryString=%E5%A5%AE%E5%A8%81+%E6%95%95%E6%9B%B8 HTTP/1.1" 200 30418
66.249.71.253 - - [11/Jul/2016:08:14:17 +0800] "GET /content/nav/relationSubject.jsp?relationWords=%E6%96%87%E5%AE%97+&oid=2571410 HTTP/1.1" 200 3123
173.252.95.15 - - [11/Jul/2016:08:15:10 +0800] "GET /content/subject/resource_content.jsp?oid=16797335&queryType=qc HTTP/1.1" 200 60398
66.249.71.159 - - [11/Jul/2016:08:16:37 +0800] "GET /content/subject/resource_content.jsp?oid=16797271&queryType=qc HTTP/1.1" 200 55170
66.249.71.205 - - [11/Jul/2016:08:17:21 +0800] "GET /digiarch3/content/nav/relationSubject.jsp?relationWords=%E5%BD%A9%E7%B9%AA%20&oid=16777833 HTTP/1.1" 200 4749
180.76.15.19 - - [11/Jul/2016:08:17:45 +0800] "GET /content/repository/resource_content.jsp?oid=2143186 HTTP/1.1" 200 30957
192.192.27.101 - - [11/Jul/2016:08:18:26 +0800] "GET /content/nav/relationSubject.jsp?relationWords=%E8%8B%A6%E8%8B%93+&oid=16777317 HTTP/1.1" 200 3183
66.249.71.166 - - [11/Jul/2016:08:19:14 +0800] "GET /content/repository/resource_content.jsp?oid=4550374&queryString=%E4%B8%AD%E8%85%B9%E8%B6%B3%E7%9B%AE%20%E5%AF%B6%E8%9E%BA%E5%B1%AC%20%E5%AF%B6%E8%9E%BA%E7%A7%91%20%E8%85%B9%E8%B6%B3%E7%B6%B1%20%E9%BE%9C%E7%94%B2%E5%AF%B6%E8%9E%BA HTTP/1.1" 200 30564
66.249.71.143 - - [11/Jul/2016:08:21:16 +0800] "GET /content/nav/relationSubject.jsp?relationWords=%E5%94%87%E5%BD%A2%E7%A7%91+%E5%A4%8F%E6%9E%AF%E8%8D%89+%E5%A4%8F%E6%9E%AF%E8%8D%89%E5%B1%AC+%E6%A4%8D%E7%89%A9%E7%95%8C+%E8%96%84%E8%8D%B7+%E9%9B%99%E5%AD%90%E8%91%89%E6%A4%8D%E7%89%A9+&oid=1457217 HTTP/1.1" 200 3479
66.249.71.150 - - [11/Jul/2016:08:21:50 +0800] "GET /content/repository/resource_content.jsp?oid=1104404 HTTP/1.1" 200 31633
66.249.71.159 - - [11/Jul/2016:08:23:39 +0800] "GET /content/nav/relationSubject.jsp?relationWords=%E4%B8%BB%E4%BB%BB%E7%A7%98%E6%9B%B8+%E5%8F%8D%E5%85%B1%E6%8A%97%E4%BF%84+%E5%A4%96%E5%8C%AF+%E5%A4%A7%E5%9C%92%E9%84%89+%E6%A5%8A%E5%8D%9A%E6%B8%85+%E6%B4%BE%E7%B3%BB+%E7%86%B1%E5%B8%B6%E6%A4%8D%E7%89%A9+%E7%B3%A7%E9%A3%9F%E5%B1%80+%E8%87%BA%E7%B3%96+%E8%91%A3%E4%BA%8B%E9%95%B7+%E8%94%97%E8%BE%B2+%E8%BE%B2%E6%9E%97%E5%BB%B3+%E8%BE%B2%E7%89%A7%E5%B1%80+%E9%A0%90%E7%AE%97+&oid=1553190 HTTP/1.1" 200 5806
66.249.71.150 - - [11/Jul/2016:08:24:28 +0800] "GET /content/repository/resource_content.jsp?oid=1626916&queryString=%E4%B8%89%E5%BA%9C%E6%95%99%20%E9%AB%98%E6%99%AE%E8%80%83 HTTP/1.1" 200 29233
66.249.71.143 - - [11/Jul/2016:08:24:40 +0800] "GET /content/nav/relationSubject.jsp?relationWords=%E4%B8%89%E5%BA%9C%E6%95%99+%E5%B1%B1%E5%9C%B0%E9%84%89+%E5%B8%AB%E5%B0%88+%E6%A1%91%E6%A2%93+&oid=1626916 HTTP/1.1" 200 3174
66.249.71.143 - - [11/Jul/2016:08:24:42 +0800] "GET /content/nav/relationSubject.jsp?relationWords=%E4%B8%89%E5%BA%9C%E6%95%99%20%E5%B1%B1%E5%9C%B0%E9%84%89%20%E5%B8%AB%E5%B0%88%20%E6%A1%91%E6%A2%93%20&oid=1626916 HTTP/1.1" 200 3174
66.249.71.143 - - [11/Jul/2016:08:27:03 +0800] "GET /content/repository/resource_content.jsp?oid=16043 HTTP/1.1" 200 29344
39.9.79.41 - - [11/Jul/2016:08:27:18 +0800] "GET /content/subject/resource_content.jsp?oid=16797240&queryType=qc HTTP/1.1" 200 42460
39.9.79.41 - - [11/Jul/2016:08:27:21 +0800] "GET /content/nav/relationSubject.jsp?relationWords=&oid=16797240 HTTP/1.1" 200 1405
66.249.71.143 - - [11/Jul/2016:08:27:27 +0800] "GET /digiarch_en/content/repository/resource_content.jsp?oid=1123952&queryType=qc HTTP/1.1" 200 27350
119.57.158.167 - - [11/Jul/2016:08:27:31 +0800] "HEAD /content/pictures/picture_content.jsp?oid=33554817 HTTP/1.1" 200 -
173.252.95.14 - - [11/Jul/2016:08:29:15 +0800] "GET /content/repository/resource_content.jsp?oid=3814000&queryString=%E6%A2%AD%E7%BE%85+%E6%A2%AD%E7%BE%85%E6%9C%A8%E5%B1%AC HTTP/1.1" 200 31236
66.249.71.150 - - [11/Jul/2016:08:29:58 +0800] "GET /content/nav/relationSubject.jsp?relationWords=%E5%8F%B0%E7%81%A3%E6%AC%92%E6%A8%B9%20%E8%8B%A6%E8%8B%93%E8%88%85%20&oid=16777254 HTTP/1.1" 200 4285
220.181.108.96 - - [11/Jul/2016:08:30:45 +0800] "GET /content/subject/resource_content.jsp?oid=16777323 HTTP/1.1" 200 30205
123.125.71.13 - - [11/Jul/2016:08:31:06 +0800] "GET /content/nav/relationSubject.jsp?relationWords=&oid=16777323 HTTP/1.1" 200 1405
66.249.71.150 - - [11/Jul/2016:08:32:01 +0800] "GET /content/nav/relationSubject.jsp?relationWords=%E7%81%B0%E7%9B%B2%E6%A2%9D%E9%AD%9A+%E8%9D%A6%E8%99%8E%E7%A7%91+%E8%9D%A6%E8%99%8E%E9%AD%9A+&oid=16077 HTTP/1.1" 200 3355
66.249.71.143 - - [11/Jul/2016:08:32:04 +0800] "GET /content/nav/relationSubject.jsp?relationWords=%E7%81%B0%E7%9B%B2%E6%A2%9D%E9%AD%9A%20%E8%9D%A6%E8%99%8E%E7%A7%91%20%E8%9D%A6%E8%99%8E%E9%AD%9A%20&oid=16077 HTTP/1.1" 200 3355
66.249.71.253 - - [11/Jul/2016:08:32:16 +0800] "GET /content/repository/resource_content.jsp?oid=2659471&queryType=qs&queryString=%E5%AE%89%E8%82%85%E7%B8%A3 HTTP/1.1" 200 30256
66.249.71.253 - - [11/Jul/2016:08:32:24 +0800] "GET /content/nav/relationSubject.jsp?relationWords=%E5%BA%AB%E9%A0%85+&oid=2659471 HTTP/1.1" 200 3066
66.249.71.253 - - [11/Jul/2016:08:32:29 +0800] "GET /content/nav/relationSubject.jsp?relationWords=%E5%BA%AB%E9%A0%85%20&oid=2659471 HTTP/1.1" 200 3066
66.249.71.136 - - [11/Jul/2016:08:33:07 +0800] "GET /content/nav/relationSubject.jsp?relationWords=%E4%B8%8A%E6%BC%B2%20%E5%85%AC%E9%96%8B%E6%8B%9B%E6%A8%99%20%E5%9C%B0%E4%B8%8B%E6%B0%B4%20%E5%B1%B1%E6%9E%97%E7%AE%A1%E7%90%86%E6%89%80%20%E6%92%B2%E6%BB%85%20%E6%9E%97%E7%94%A2%20%E6%B6%88%E9%98%B2%20%E7%9B%AE%E6%A8%99%20%E7%B3%A7%E9%A3%9F%E5%B1%80%20%E8%87%BA%E5%8D%97%E5%B8%82%E6%94%BF%E5%BA%9C%20%E8%87%BA%E7%B3%96%20%E8%AD%A6%E5%AF%9F%20%E8%B3%AA%E8%A9%A2%20%E8%BE%B2%E6%9E%97%20%E8%BE%B2%E6%9E%97%E5%BB%B3%20%E9%AB%98%E9%9B%84%E5%B8%82%20&oid=1551819 HTTP/1.1" 200 4710
66.249.71.143 - - [11/Jul/2016:08:33:20 +0800] "GET /content/repository/resource_content.jsp?oid=1174751 HTTP/1.1" 200 27313
66.249.71.136 - - [11/Jul/2016:08:33:30 +0800] "GET /content/nav/relationSubject.jsp?relationWords=&oid=1174751 HTTP/1.1" 200 1405
97.95.182.167 - - [11/Jul/2016:08:33:31 +0800] "GET /content/nav/relationSubject.jsp?relationWords=%E5%A4%8F%E5%A4%9C+%E6%B0%B4%E8%8C%84%E8%8B%B3+&oid=16777503 HTTP/1.1" 200 3687
180.76.15.138 - - [11/Jul/2016:08:34:41 +0800] "GET /content/repository/resource_content.jsp?oid=3820124&queryString=%E4%BA%A4%E9%80%9A%E5%AE%89%E5%85%A8%20%E5%A4%A9%E7%A5%A5%20%E5%B1%B1%E8%83%9E%20%E6%9F%8F%E6%B2%B9%E8%B7%AF%E9%9D%A2%20%E6%A2%A8%E5%B1%B1%20%E6%A9%AB%E8%B2%AB%E5%85%AC%E8%B7%AF HTTP/1.1" 200 31432
66.249.71.136 - - [11/Jul/2016:08:34:55 +0800] "GET /digiarch_en/content/repository/resource_content.jsp?oid=1462022&queryString=%E6%9D%9C%E9%B5%91%E8%8A%B1%20%E6%9D%9C%E9%B5%91%E8%8A%B1%E5%B1%AC%20%E6%9D%9C%E9%B5%91%E8%8A%B1%E7%A7%91%20%E6%A4%8D%E7%89%A9%E7%95%8C%20%E9%87%91%E6%AF%9B%E6%9D%9C%E9%B5%91 HTTP/1.1" 200 23982
207.46.13.191 - - [11/Jul/2016:08:35:23 +0800] "GET /content/nav/relationSubject.jsp?relationWords=%E5%A4%9A%E6%A8%A3%E6%80%A7+%E8%9E%BA%E9%88%BF+&oid=16777475 HTTP/1.1" 200 4340
66.249.71.254 - - [11/Jul/2016:08:35:30 +0800] "GET /content/nav/relationSubject.jsp?relationWords=%E5%9C%B0%E6%96%B9%E8%87%AA%E6%B2%BB%20%E5%B8%82%E8%AD%B0%E6%9C%83%20%E7%9B%A3%E5%AF%9F%E5%A7%94%E5%93%A1%20%E7%B5%84%E7%B9%94%E8%A6%8F%E7%A8%8B%20%E7%B8%A3%E8%BD%84%E5%B8%82%20%E7%BD%B7%E5%85%8D%20%E8%87%BA%E7%81%A3%E7%9C%81%20&oid=1551652 HTTP/1.1" 200 4673
66.249.71.152 - - [11/Jul/2016:08:35:35 +0800] "GET /content/nav/relationSubject.jsp?relationWords=%E6%96%87%E5%8C%96%E4%B8%AD%E5%BF%83%20&oid=16777837 HTTP/1.1" 200 8899
66.249.71.136 - - [11/Jul/2016:08:35:40 +0800] "GET /digiarch_en/content/nav/relationSubject.jsp?relationWords=%E4%BA%9E%E6%88%90%E9%AB%94+%E5%B0%8F%E5%8D%B7+%E7%9C%9F%E9%8E%96%E7%AE%A1+%E9%80%8F%E6%8A%BD+%E9%8E%96%E7%AE%A1%E5%B1%AC+%E9%8E%96%E7%AE%A1%E7%A7%91+%E9%A0%AD%E8%B6%B3%E7%B6%B1+&oid=1123952 HTTP/1.1" 200 3673
66.249.71.143 - - [11/Jul/2016:08:36:16 +0800] "GET /content/nav/relationSubject.jsp?relationWords=%E7%90%86%E8%95%83+%E8%87%BA%E4%B8%AD%E5%BB%B3+&oid=1777466 HTTP/1.1" 200 3151
66.249.71.136 - - [11/Jul/2016:08:37:30 +0800] "GET /content/repository/resource_content.jsp?oid=14428&queryString=%E6%88%90%E4%BB%94%E4%B8%81%20%E6%96%91%E6%B5%B7%E9%AF%B0%20%E6%B5%B7%E9%AF%B0%20%E7%99%BD%E8%82%89 HTTP/1.1" 200 35822
68.180.231.49 - - [11/Jul/2016:08:37:31 +0800] "GET /content/repository/resource_content.jsp?oid=1098399 HTTP/1.1" 200 31090
68.180.231.49 - - [11/Jul/2016:08:38:08 +0800] "GET /content/subject/resource_content.jsp?oid=16777767&queryString=%E6%9D%8E%E6%BF%9F%20%E6%A2%81%E6%80%9D%E6%B0%B8%20%E6%AE%B7%E5%A2%9F%20%E7%9B%9C%E5%A2%93%20%E8%91%A3%E4%BD%9C%E8%B3%93 HTTP/1.1" 200 30074
118.161.159.37 - - [11/Jul/2016:08:39:29 +0800] "GET /content/subject/resource_content.jsp?oid=16777349&queryString=%E9%9D%92%E5%89%9B%E6%AB%9F HTTP/1.1" 200 36855
118.161.159.37 - - [11/Jul/2016:08:39:31 +0800] "GET /content/nav/relationSubject.jsp?relationWords=%E9%9D%92%E5%89%9B%E6%AB%9F+&oid=16777349 HTTP/1.1" 200 4006
66.249.71.150 - - [11/Jul/2016:08:39:38 +0800] "GET /content/subject/resource_content.jsp?oid=16777514&queryType=qs&queryString=%E9%96%A9%E6%B5%99 HTTP/1.1" 200 42705
173.252.95.10 - - [11/Jul/2016:08:39:58 +0800] "GET /content/repository/resource_content.jsp?oid=1103307&queryString=%E5%B1%B1%E6%BE%A4%E8%98%AD+%E6%A4%8D%E7%89%A9%E7%95%8C+%E6%BE%A4%E8%98%AD%E5%B1%AC+%E8%8F%8A%E7%A7%91+%E9%9B%99%E5%AD%90%E8%91%89%E6%A4%8D%E7%89%A9 HTTP/1.1" 200 31943
66.249.71.136 - - [11/Jul/2016:08:40:06 +0800] "GET /content/repository/resource_content.jsp?oid=14065&queryString=%E5%B0%96%E5%90%BB%20%E5%B0%96%E9%A0%AD%E6%9B%B2%E9%BD%92%E9%AE%AB%20%E5%B0%96%E9%A0%AD%E6%B2%99%20%E6%B2%99%E6%A2%9D%20%E7%99%BD%E7%9C%BC%E9%AE%AB%E7%A7%91 HTTP/1.1" 200 33993
66.249.71.152 - - [11/Jul/2016:08:40:54 +0800] "GET /content/nav/relationSubject.jsp?relationWords=%E5%BD%B1%E5%B1%95%20&oid=16777842 HTTP/1.1" 200 4780
66.249.71.199 - - [11/Jul/2016:08:41:32 +0800] "GET /digiarch3/content/nav/relationSubject.jsp?relationWords=%E6%96%B9%E9%BC%8E%20%E9%9B%B2%E9%9B%B7%E7%B4%8B%E5%88%97%E9%BC%8E%20%E9%9D%92%E9%8A%85%E5%99%A8%20&oid=16777446 HTTP/1.1" 200 4066
66.249.71.159 - - [11/Jul/2016:08:42:43 +0800] "GET /content/tmp_tec/resource_content.jsp?oid=16777730 HTTP/1.1" 200 42450
42.156.138.108 - - [11/Jul/2016:08:43:03 +0800] "GET /content/subject/resource_content.jsp?oid=16777376&queryType=qc HTTP/1.1" 200 35872
66.249.79.200 - - [11/Jul/2016:08:44:09 +0800] "GET /content/nav/relationSubject.jsp?relationWords=%E9%87%91%E7%B4%99%20&oid=4362940 HTTP/1.1" 200 2927
66.249.71.152 - - [11/Jul/2016:08:45:19 +0800] "GET /content/subject/resource_content.jsp?oid=16777783&queryString=%E7%81%8C%E5%9C%92%20%E7%81%8C%E5%9C%92%E5%85%88%E7%94%9F%20%E9%87%91%E6%B3%B0 HTTP/1.1" 200 58273
66.249.71.152 - - [11/Jul/2016:08:47:56 +0800] "GET /content/subject/resource_content.jsp?oid=16777755&queryType=qs&queryString=%E8%87%BA%E7%81%A3%E5%A4%A7%E5%AD%B8 HTTP/1.1" 200 35251
66.249.71.143 - - [11/Jul/2016:08:49:47 +0800] "GET /content/nav/relationSubject.jsp?relationWords=%E5%8F%89%E5%B0%BE%E9%B6%B4%E9%B1%B5%20%E5%9C%93%E9%A0%9C%E9%87%9D%20%E5%AD%B8%E4%BB%94%20%E7%99%BD%E5%A4%A9%E9%9D%92%E6%97%97%20%E9%87%9D%E9%AD%9A%20%E9%9D%92%E6%97%97%20%E9%B6%B4%E9%B1%B5%E7%A7%91%20&oid=14673 HTTP/1.1" 200 3659
180.76.15.153 - - [11/Jul/2016:08:51:38 +0800] "GET /content/repository/resource_content.jsp?oid=1105280&queryString=%E5%B1%B1%E8%8C%B6%E8%8A%B1%20%E6%9B%BC%E9%99%80%E7%BE%85%20%E6%9B%BC%E9%99%80%E7%BE%85%E8%8A%B1%20%E8%8C%B6%E8%8A%B1 HTTP/1.1" 200 31410
66.249.71.248 - - [11/Jul/2016:08:51:42 +0800] "GET /content/nav/relationSubject.jsp?relationWords=%E5%8D%B7%E9%A6%96%20&oid=4475763 HTTP/1.1" 200 2927
66.249.71.143 - - [11/Jul/2016:08:51:51 +0800] "GET /content/repository/resource_content.jsp?oid=1562975 HTTP/1.1" 200 34805
66.249.71.136 - - [11/Jul/2016:08:52:05 +0800] "GET /content/nav/relationSubject.jsp?relationWords=%E5%A4%A9%E8%8A%B9%E8%8F%9C%E5%B1%AC+%E5%B1%B1%E8%B1%86%E6%A0%B9+%E6%A4%8D%E7%89%A9%E7%95%8C+%E7%B4%AB%E8%8D%89%E7%A7%91+&oid=1102350 HTTP/1.1" 200 3446
66.249.79.139 - - [11/Jul/2016:08:53:09 +0800] "GET /content/repository/resource_content.jsp?oid=4363083&queryString=%E5%A4%A9%E5%AE%98 HTTP/1.1" 200 40921
66.249.71.136 - - [11/Jul/2016:08:54:05 +0800] "GET /content/nav/relationSubject.jsp?relationWords=%E6%95%B8%E4%BD%8D%E5%85%B8%E8%97%8F+&oid=16777244 HTTP/1.1" 200 5879
173.252.95.9 - - [11/Jul/2016:08:54:31 +0800] "GET /content/repository/resource_content.jsp?oid=3813812&queryString=%E5%9D%AA%E6%9E%97%E7%A7%8B%E6%B5%B7%E6%A3%A0+%E7%A7%8B%E6%B5%B7%E6%A3%A0 HTTP/1.1" 200 31580
66.249.71.150 - - [11/Jul/2016:08:55:34 +0800] "GET /content/nav/relationSubject.jsp?relationWords=%E4%BF%9D%E6%9E%97%20%E5%9C%9F%E5%9C%B0%E5%88%A9%E7%94%A8%20%E5%9C%9F%E5%9C%B0%E9%87%8D%E5%8A%83%20%E5%9C%B0%E4%B8%8B%E6%B0%B4%20%E5%9D%8D%E6%96%B9%20%E5%AD%B3%E7%94%9F%E7%89%A9%20%E5%B7%A5%E7%A8%8B%E8%B2%BB%20%E6%B0%B4%E5%9C%9F%E4%BF%9D%E6%8C%81%20%E6%B0%B4%E6%AC%8A%20%E7%99%BC%E9%9B%BB%E6%A9%9F%20%E7%9B%AE%E6%A8%99%20%E7%9F%B3%E9%96%80%E6%B0%B4%E5%BA%AB%20%E7%B6%93%E6%BF%9F%E6%95%88%E7%9B%8A%20%E9%80%A0%E6%9E%97%20%E9%83%BD%E5%B8%82%E8%A8%88%E5%8A%83%20%E9%98%B2%E6%B4%AA%20%E9%9B%86%E6%B0%B4%E5%8D%80%20%E9%A0%90%E7%AE%97%20&oid=1562975 HTTP/1.1" 200 5925
66.249.79.144 - - [11/Jul/2016:08:55:46 +0800] "GET /content/repository/resource_content.jsp?oid=1609292 HTTP/1.1" 200 29470
220.181.108.139 - - [11/Jul/2016:08:56:28 +0800] "GET /content/subject/resource_content.jsp?oid=16777613 HTTP/1.1" 200 29525
66.249.71.150 - - [11/Jul/2016:08:58:22 +0800] "GET /content/repository/resource_content.jsp?oid=1777578 HTTP/1.1" 200 32494
118.161.42.198 - - [11/Jul/2016:08:59:21 +0800] "GET /content/repository/resource_content.jsp?oid=1884490&queryType=qs&queryString=%E6%A5%8A%E6%85%B6%E7%8F%8D HTTP/1.1" 200 30294
118.161.42.198 - - [11/Jul/2016:08:59:23 +0800] "GET /content/nav/relationSubject.jsp?relationWords=%E5%95%86%E8%A1%8C+%E6%9D%9C%E9%A6%99%E5%9C%8B+%E6%A5%8A%E6%85%B6%E7%8F%8D+%E6%A5%8A%E6%85%B6%E7%8F%8D%E6%9B%B8%E4%BF%A1+&oid=1884490 HTTP/1.1" 200 4073
118.161.42.198 - - [11/Jul/2016:08:59:31 +0800] "GET /content/subject/resource_content.jsp?oid=16777773&queryString=%E5%95%86%E8%A1%8C%20%E6%9D%9C%E9%A6%99%E5%9C%8B%20%E6%A5%8A%E6%85%B6%E7%8F%8D%20%E6%A5%8A%E6%85%B6%E7%8F%8D%E6%9B%B8%E4%BF%A1 HTTP/1.1" 200 55289
118.161.42.198 - - [11/Jul/2016:08:59:32 +0800] "GET /content/nav/relationSubject.jsp?relationWords=%E4%B8%AD%E8%97%A5+%E4%B9%BE%E5%85%83+%E5%95%86%E8%A1%8C+%E8%BF%AA%E5%8C%96%E8%A1%97+&oid=16777773 HTTP/1.1" 200 3815
