66.249.71.136 - - [09/Jun/2016:06:47:25 +0800] "GET /content/nav/relationSubject.jsp?relationWords=%E5%B9%B3%E5%BA%95%E7%A2%97%E5%BD%A2%E5%99%A8%20&oid=1865143 HTTP/1.1" 200 2183
66.249.79.200 - - [09/Jun/2016:06:47:55 +0800] "GET /content/repository/resource_content.jsp?oid=1107076 HTTP/1.1" 200 31047
66.249.71.136 - - [09/Jun/2016:06:48:44 +0800] "GET /content/repository/resource_content.jsp?oid=2152293 HTTP/1.1" 200 31083
66.249.71.166 - - [09/Jun/2016:06:49:28 +0800] "GET /content/repository/resource_content.jsp?oid=23656&queryType=qs&queryString=%E8%80%81%E6%9D%BF%E9%AF%86 HTTP/1.1" 200 30159
66.249.71.136 - - [09/Jun/2016:06:49:39 +0800] "GET /content/nav/relationSubject.jsp?relationWords=%E5%9C%B0%E4%B8%8A%E7%89%A9+%E5%9C%B0%E5%83%B9+%E6%97%B1%E7%94%B0+%E6%9B%BE%E6%96%87%E6%B0%B4%E5%BA%AB+%E7%B6%AD%E6%B0%91+&oid=1585449 HTTP/1.1" 200 3311
66.249.79.200 - - [09/Jun/2016:06:49:43 +0800] "GET /content/nav/relationSubject.jsp?relationWords=%E5%9C%B0%E4%B8%8A%E7%89%A9%20%E5%9C%B0%E5%83%B9%20%E6%97%B1%E7%94%B0%20%E6%9B%BE%E6%96%87%E6%B0%B4%E5%BA%AB%20%E7%B6%AD%E6%B0%91%20&oid=1585449 HTTP/1.1" 200 3311
66.249.79.200 - - [09/Jun/2016:06:49:54 +0800] "GET /content/nav/relationSubject.jsp?relationWords=%E9%81%94%E8%B3%B4%E5%96%87%E5%98%9B+%E9%8A%80%E5%85%A9+&oid=2658869 HTTP/1.1" 200 5430
66.249.71.136 - - [09/Jun/2016:06:49:58 +0800] "GET /content/nav/relationSubject.jsp?relationWords=%E9%81%94%E8%B3%B4%E5%96%87%E5%98%9B%20%E9%8A%80%E5%85%A9%20&oid=2658869 HTTP/1.1" 200 5430
59.102.154.111 - - [09/Jun/2016:06:50:04 +0800] "GET /content/nav/relationSubject.jsp?relationWords=%E5%8C%96%E5%A6%9D%E5%93%81+%E5%A4%9A%E6%A8%A3%E6%80%A7+%E5%B0%8F%E5%90%83+&oid=16777467 HTTP/1.1" 200 7322
66.249.71.166 - - [09/Jun/2016:06:50:15 +0800] "GET /content/repository/resource_content.jsp?oid=3817322&queryString=%E6%A4%8D%E7%89%A9%E7%95%8C%20%E7%88%B5%E5%BA%8A%E5%B1%AC%20%E7%88%B5%E5%BA%8A%E7%A7%91%20%E7%8E%84%E5%8F%83%20%E8%8A%B1%E8%93%AE%E7%88%B5%E5%BA%8A HTTP/1.1" 200 31858
66.249.71.136 - - [09/Jun/2016:06:51:02 +0800] "GET /content/repository/resource_content.jsp?oid=2676721 HTTP/1.1" 200 29322
66.249.71.136 - - [09/Jun/2016:06:51:11 +0800] "GET /content/nav/relationSubject.jsp?relationWords=&oid=789635 HTTP/1.1" 200 1405
199.30.24.48 - - [09/Jun/2016:06:51:22 +0800] "GET /content/nav/relationSubject.jsp?relationWords=%E6%AA%AC%E6%9E%9C+%E8%8A%92%E6%9E%9C+&oid=16777508 HTTP/1.1" 200 4379
66.249.71.248 - - [09/Jun/2016:06:51:49 +0800] "GET /content/repository/resource_content.jsp?oid=1553784&queryType=qs&queryString=%E5%B0%91%E5%B9%B4%E7%8A%AF%E7%BD%AA HTTP/1.1" 200 30309
66.249.71.248 - - [09/Jun/2016:06:52:27 +0800] "GET /content/nav/relationSubject.jsp?relationWords=%E5%8D%97%E6%98%9F%E7%A7%91+%E5%8F%B0%E7%81%A3%E9%9D%92%E8%8A%8B+%E5%A4%A9%E5%8D%97%E6%98%9F+%E5%A4%A9%E5%8D%97%E6%98%9F%E7%A7%91+%E5%B1%B1%E8%8A%8B+%E6%A4%8D%E7%89%A9%E7%95%8C+%E8%8A%8B%E5%B1%AC+%E9%9D%92%E8%8A%8B+&oid=2147186 HTTP/1.1" 200 3549
66.249.71.205 - - [09/Jun/2016:06:52:36 +0800] "GET /content/repository/resource_content.jsp?oid=2151644&queryString=%E5%B7%A5%E7%A8%8B%E5%B8%AB%20%E5%BC%B5%E5%AF%8C%20%E6%93%B1%E6%B7%BA%20%E6%9D%8E%E5%BB%BA%E5%92%8C%20%E8%87%BA%E5%8C%97%E7%B8%A3%20%E8%B3%AA%E8%A9%A2%20%E9%90%B5%E8%B7%AF%E5%B1%80%20%E9%BB%83%E8%B1%86 HTTP/1.1" 200 31308
66.249.71.242 - - [09/Jun/2016:06:52:41 +0800] "GET /content/nav/relationSubject.jsp?relationWords=%E5%8D%97%E6%98%9F%E7%A7%91%20%E5%8F%B0%E7%81%A3%E9%9D%92%E8%8A%8B%20%E5%A4%A9%E5%8D%97%E6%98%9F%20%E5%A4%A9%E5%8D%97%E6%98%9F%E7%A7%91%20%E5%B1%B1%E8%8A%8B%20%E6%A4%8D%E7%89%A9%E7%95%8C%20%E8%8A%8B%E5%B1%AC%20%E9%9D%92%E8%8A%8B%20&oid=2147186 HTTP/1.1" 200 3549
66.249.71.143 - - [09/Jun/2016:06:53:23 +0800] "GET /content/repository/resource_content.jsp?oid=1570125 HTTP/1.1" 200 28869
66.249.71.188 - - [09/Jun/2016:06:53:48 +0800] "GET /content/nav/relationSubject.jsp?relationWords=%E5%8F%B0%E7%81%A3%E8%9B%87%E8%8E%93+%E6%A4%8D%E7%89%A9%E7%95%8C+%E8%96%94%E8%96%87%E7%9B%AE+%E8%96%94%E8%96%87%E7%A7%91+%E8%9B%87%E8%8E%93+%E8%9B%87%E8%8E%93%E5%B1%AC+&oid=3822185 HTTP/1.1" 200 3460
66.249.71.194 - - [09/Jun/2016:06:53:53 +0800] "GET /content/nav/relationSubject.jsp?relationWords=%E5%8F%B0%E7%81%A3%E8%9B%87%E8%8E%93%20%E6%A4%8D%E7%89%A9%E7%95%8C%20%E8%96%94%E8%96%87%E7%9B%AE%20%E8%96%94%E8%96%87%E7%A7%91%20%E8%9B%87%E8%8E%93%20%E8%9B%87%E8%8E%93%E5%B1%AC%20&oid=3822185 HTTP/1.1" 200 3460
66.249.71.143 - - [09/Jun/2016:06:54:11 +0800] "GET /content/repository/resource_content.jsp?oid=21680 HTTP/1.1" 200 30302
66.249.71.143 - - [09/Jun/2016:06:54:33 +0800] "GET /content/nav/relationSubject.jsp?relationWords=%E4%BF%9D%E9%9A%AA+&oid=1624614 HTTP/1.1" 200 5199
66.249.71.136 - - [09/Jun/2016:06:54:36 +0800] "GET /content/nav/relationSubject.jsp?relationWords=%E4%BF%9D%E9%9A%AA%20&oid=1624614 HTTP/1.1" 200 5199
66.249.79.244 - - [09/Jun/2016:06:54:48 +0800] "GET /m/content/subject/resource_content.jsp?oid=16777420&queryType=qc HTTP/1.1" 404 14873
66.249.71.143 - - [09/Jun/2016:06:54:56 +0800] "GET /content/subject/resource_content.jsp?oid=16777848&queryType=qs&queryString=%E8%A5%BF%E6%8B%89%E9%9B%85 HTTP/1.1" 200 41741
66.249.71.136 - - [09/Jun/2016:06:55:15 +0800] "GET /content/nav/relationSubject.jsp?relationWords=%E5%A4%AA%E9%AD%AF%E9%96%A3%E6%97%8F+%E6%9D%B1%E8%B3%BD%E5%BE%B7%E5%85%8B%E7%BE%A4+%E8%B3%BD%E5%BE%B7%E5%85%8B+&oid=1775232 HTTP/1.1" 200 3150
66.249.71.136 - - [09/Jun/2016:06:55:17 +0800] "GET /content/nav/relationSubject.jsp?relationWords=%E5%A4%AA%E9%AD%AF%E9%96%A3%E6%97%8F%20%E6%9D%B1%E8%B3%BD%E5%BE%B7%E5%85%8B%E7%BE%A4%20%E8%B3%BD%E5%BE%B7%E5%85%8B%20&oid=1775232 HTTP/1.1" 200 3150
68.180.228.229 - - [09/Jun/2016:06:55:32 +0800] "GET /content/subject/resource_content.jsp?oid=16777801&queryType=qc HTTP/1.1" 200 43038
66.249.71.136 - - [09/Jun/2016:06:55:33 +0800] "GET /content/nav/relationSubject.jsp?relationWords=%E6%99%BA%E6%85%A7%E8%B2%A1%E7%94%A2%E6%AC%8A+%E8%91%97%E4%BD%9C%E6%AC%8A%E6%B3%95+&oid=16777532 HTTP/1.1" 200 3350
66.249.71.136 - - [09/Jun/2016:06:55:36 +0800] "GET /content/nav/relationSubject.jsp?relationWords=%E6%99%BA%E6%85%A7%E8%B2%A1%E7%94%A2%E6%AC%8A%20%E8%91%97%E4%BD%9C%E6%AC%8A%E6%B3%95%20&oid=16777532 HTTP/1.1" 200 3350
66.249.79.244 - - [09/Jun/2016:06:55:40 +0800] "GET /m/content/subject/resource_content.jsp?oid=16797271&queryType=qc HTTP/1.1" 404 14873
66.249.71.248 - - [09/Jun/2016:06:56:30 +0800] "GET /content/repository/resource_content.jsp?oid=1778136&queryType=qs&queryString=%E5%BF%83%E8%A1%80%E7%AE%A1%E7%96%BE%E7%97%85 HTTP/1.1" 200 36002
66.249.71.159 - - [09/Jun/2016:06:56:41 +0800] "GET /content/nav/relationSubject.jsp?relationWords=%E7%BE%A9%E5%92%8C%E6%8B%B3+&oid=569622 HTTP/1.1" 200 3209
66.249.71.159 - - [09/Jun/2016:06:56:46 +0800] "GET /content/nav/relationSubject.jsp?relationWords=%E7%BE%A9%E5%92%8C%E6%8B%B3%20&oid=569622 HTTP/1.1" 200 3209
66.249.79.200 - - [09/Jun/2016:06:56:48 +0800] "GET /content/nav/relationSubject.jsp?relationWords=%E7%85%89%E6%B2%B9%E5%BB%A0+%E7%9F%B3%E6%B2%B9+%E7%A9%BA%E8%BB%8D+&oid=1556574 HTTP/1.1" 200 3163
66.249.71.136 - - [09/Jun/2016:06:56:51 +0800] "GET /content/nav/relationSubject.jsp?relationWords=%E7%85%89%E6%B2%B9%E5%BB%A0%20%E7%9F%B3%E6%B2%B9%20%E7%A9%BA%E8%BB%8D%20&oid=1556574 HTTP/1.1" 200 3163
66.249.71.253 - - [09/Jun/2016:06:57:17 +0800] "GET /content/repository/resource_content.jsp?oid=1547097&queryType=qs&queryString=%E8%BA%AB%E5%88%86%E8%AD%89 HTTP/1.1" 200 30470
66.249.71.136 - - [09/Jun/2016:06:58:03 +0800] "GET /content/repository/resource_content.jsp?oid=1082614&queryString=%E9%9B%B7%E6%B0%8F%E7%9F%B3%E7%8B%97%E5%85%AC HTTP/1.1" 200 30276
66.249.71.199 - - [09/Jun/2016:06:58:04 +0800] "GET /content/repository/resource_content.jsp?oid=1900075&queryString=%E4%B8%B9%E9%BA%A5%20%E4%BA%A4%E9%80%9A%E8%99%95%20%E6%8B%9B%E6%A8%99%20%E6%B8%AF%E5%8B%99%E5%B1%80%20%E7%BE%8E%E6%8F%B4%E6%9C%83%20%E8%99%95%E9%95%B7 HTTP/1.1" 200 31076
66.249.79.244 - - [09/Jun/2016:06:59:47 +0800] "GET /content/tmp_auth/resource_content.jsp?oid=16777410&queryString= HTTP/1.1" 200 25405
66.249.71.199 - - [09/Jun/2016:07:00:24 +0800] "GET /content/repository/resource_content.jsp?oid=1518148&queryString=%E8%94%AC%E6%9E%9C HTTP/1.1" 200 29506
66.249.71.150 - - [09/Jun/2016:07:00:25 +0800] "GET /content/nav/relationSubject.jsp?relationWords=%E5%85%A7%E6%94%BF%E9%83%A8+%E8%A1%9B%E7%94%9F%E8%99%95+%E8%B3%AA%E8%A9%A2+&oid=1586011 HTTP/1.1" 200 4360
66.249.71.136 - - [09/Jun/2016:07:00:28 +0800] "GET /content/nav/relationSubject.jsp?relationWords=%E5%85%A7%E6%94%BF%E9%83%A8%20%E8%A1%9B%E7%94%9F%E8%99%95%20%E8%B3%AA%E8%A9%A2%20&oid=1586011 HTTP/1.1" 200 4360
66.249.71.254 - - [09/Jun/2016:07:01:11 +0800] "GET /content/repository/resource_content.jsp?oid=3354855&queryType=qs&queryString=%E7%88%B6%E4%B9%99 HTTP/1.1" 200 29901
101.226.166.226 - - [09/Jun/2016:07:01:54 +0800] "GET /digiarch3/content/pictures/picture_content.jsp?oid=33554818&queryType=qc HTTP/1.1" 200 27811
66.249.79.141 - - [09/Jun/2016:07:01:59 +0800] "GET /content/repository/resource_content.jsp?oid=1779016&queryType=qs&queryString=%E9%BB%91%E9%87%91 HTTP/1.1" 200 48575
180.76.15.147 - - [09/Jun/2016:07:02:07 +0800] "GET /content/repository/resource_content.jsp?oid=1551747&queryString=%E9%9C%A7%E8%87%BA%20%E9%AD%AF%E5%87%B1%E6%97%8F HTTP/1.1" 200 35604
66.249.71.200 - - [09/Jun/2016:07:02:12 +0800] "GET /content/nav/relationSubject.jsp?relationWords=%E5%8D%97%E6%8A%95%E7%B8%A3%E8%AD%B0%E6%9C%83+%E5%90%B3%E6%9F%A5%E6%9F%90+%E5%A4%96%E4%BA%A4%E9%83%A8+%E6%9F%A5%E6%9F%90+%E7%9C%81%E8%AD%B0%E6%9C%83+%E7%B8%A3%E8%AD%B0%E6%9C%83+%E8%87%A8%E6%99%82%E7%9C%81%E8%AD%B0%E6%9C%83+%E8%87%BA%E5%8C%97%E5%B8%82+%E8%87%BA%E7%81%A3%E7%9C%81+&oid=1516247 HTTP/1.1" 200 6135
66.249.71.200 - - [09/Jun/2016:07:02:15 +0800] "GET /content/nav/relationSubject.jsp?relationWords=%E5%8D%97%E6%8A%95%E7%B8%A3%E8%AD%B0%E6%9C%83%20%E5%90%B3%E6%9F%A5%E6%9F%90%20%E5%A4%96%E4%BA%A4%E9%83%A8%20%E6%9F%A5%E6%9F%90%20%E7%9C%81%E8%AD%B0%E6%9C%83%20%E7%B8%A3%E8%AD%B0%E6%9C%83%20%E8%87%A8%E6%99%82%E7%9C%81%E8%AD%B0%E6%9C%83%20%E8%87%BA%E5%8C%97%E5%B8%82%20%E8%87%BA%E7%81%A3%E7%9C%81%20&oid=1516247 HTTP/1.1" 200 6135
66.249.71.150 - - [09/Jun/2016:07:02:45 +0800] "GET /content/repository/resource_content.jsp?oid=1599094 HTTP/1.1" 200 29373
66.249.71.136 - - [09/Jun/2016:07:03:12 +0800] "GET /content/nav/relationSubject.jsp?relationWords=%E4%BA%8C%E4%BA%8C%E5%BA%9C+%E5%BA%9C%E4%BA%A4%E8%B7%AF+%E7%89%8C%E7%85%A7+&oid=1556965 HTTP/1.1" 200 3492
66.249.71.136 - - [09/Jun/2016:07:03:26 +0800] "GET /content/nav/relationSubject.jsp?relationWords=%E6%B0%B4%E5%88%A9%E5%B1%80+%E8%9A%B5%E4%BB%94%E5%AF%AE+%E8%A8%AD%E5%AD%97+&oid=1553837 HTTP/1.1" 200 5055
66.249.71.136 - - [09/Jun/2016:07:03:28 +0800] "GET /content/nav/relationSubject.jsp?relationWords=%E6%B0%B4%E5%88%A9%E5%B1%80%20%E8%9A%B5%E4%BB%94%E5%AF%AE%20%E8%A8%AD%E5%AD%97%20&oid=1553837 HTTP/1.1" 200 5055
66.249.71.152 - - [09/Jun/2016:07:03:32 +0800] "GET /content/subject/resource_content.jsp?oid=16777353&queryString=%E5%88%BA%E6%A1%90%20%E5%99%B6%E7%91%AA%E8%98%AD%E6%97%8F%20%E6%A1%90%E8%8A%B1%20%E6%AD%B2%E6%99%82%E7%A5%AD%E5%84%80 HTTP/1.1" 200 28827
66.249.71.136 - - [09/Jun/2016:07:03:46 +0800] "GET /content/nav/relationSubject.jsp?relationWords=%E5%A4%A7%E6%88%9F+%E5%A4%A7%E6%88%9F%E7%A7%91+%E5%B1%B1%E6%BC%86%E8%8E%96%E5%B1%AC+%E6%A4%8D%E7%89%A9%E7%95%8C+%E7%B4%85%E4%BB%94%E7%8F%A0+&oid=1462054 HTTP/1.1" 200 3377
66.249.79.200 - - [09/Jun/2016:07:03:55 +0800] "GET /content/nav/relationSubject.jsp?relationWords=%E5%A4%A7%E6%88%9F%20%E5%A4%A7%E6%88%9F%E7%A7%91%20%E5%B1%B1%E6%BC%86%E8%8E%96%E5%B1%AC%20%E6%A4%8D%E7%89%A9%E7%95%8C%20%E7%B4%85%E4%BB%94%E7%8F%A0%20&oid=1462054 HTTP/1.1" 200 3377
66.249.79.200 - - [09/Jun/2016:07:04:19 +0800] "GET /content/repository/resource_content.jsp?oid=1106277 HTTP/1.1" 200 31138
66.249.71.136 - - [09/Jun/2016:07:04:54 +0800] "GET /content/nav/relationSubject.jsp?relationWords=%E6%A4%8D%E7%89%A9%E7%95%8C+%E7%B4%AB%E8%83%8C%E8%8D%89+%E7%B4%AB%E8%83%8C%E8%8D%89%E5%B1%AC+%E7%BA%93%E7%B5%A8%E8%8A%B1+%E8%8F%8A%E7%A7%91+%E9%9B%99%E5%AD%90%E8%91%89+%E9%9B%99%E5%AD%90%E8%91%89%E6%A4%8D%E7%89%A9+&oid=1110616 HTTP/1.1" 200 3588
66.249.71.136 - - [09/Jun/2016:07:04:58 +0800] "GET /content/nav/relationSubject.jsp?relationWords=%E6%A4%8D%E7%89%A9%E7%95%8C%20%E7%B4%AB%E8%83%8C%E8%8D%89%20%E7%B4%AB%E8%83%8C%E8%8D%89%E5%B1%AC%20%E7%BA%93%E7%B5%A8%E8%8A%B1%20%E8%8F%8A%E7%A7%91%20%E9%9B%99%E5%AD%90%E8%91%89%20%E9%9B%99%E5%AD%90%E8%91%89%E6%A4%8D%E7%89%A9%20&oid=1110616 HTTP/1.1" 200 3588
66.249.71.136 - - [09/Jun/2016:07:05:05 +0800] "GET /content/repository/resource_content.jsp?oid=2146349 HTTP/1.1" 200 31067
66.249.71.136 - - [09/Jun/2016:07:05:53 +0800] "GET /content/repository/resource_content.jsp?oid=3110926 HTTP/1.1" 200 29888
66.249.71.136 - - [09/Jun/2016:07:06:13 +0800] "GET /content/nav/relationSubject.jsp?relationWords=%E5%B0%96%E5%B0%BE%E9%B3%B3+%E5%B0%96%E5%B0%BE%E9%B3%B3%E5%B1%AC+%E6%A4%8D%E7%89%A9%E7%95%8C+%E7%88%B5%E5%BA%8A+%E7%88%B5%E5%BA%8A%E7%A7%91+%E7%8E%84%E5%8F%83+&oid=1107132 HTTP/1.1" 200 3459
66.249.71.136 - - [09/Jun/2016:07:06:17 +0800] "GET /content/nav/relationSubject.jsp?relationWords=%E5%B0%96%E5%B0%BE%E9%B3%B3%20%E5%B0%96%E5%B0%BE%E9%B3%B3%E5%B1%AC%20%E6%A4%8D%E7%89%A9%E7%95%8C%20%E7%88%B5%E5%BA%8A%20%E7%88%B5%E5%BA%8A%E7%A7%91%20%E7%8E%84%E5%8F%83%20&oid=1107132 HTTP/1.1" 200 3459
66.249.71.199 - - [09/Jun/2016:07:06:39 +0800] "GET /digiarch3/content/repository/resource_content.jsp?oid=1900398&queryType=qs&queryString=%E8%AA%BF%E6%9F%A5%E7%A0%94%E7%A9%B6 HTTP/1.1" 200 30869
66.249.71.253 - - [09/Jun/2016:07:06:49 +0800] "GET /content/nav/relationSubject.jsp?relationWords=%E6%9D%B1%E5%8B%A2%E8%A7%92+%E8%87%BA%E4%B8%AD%E5%BB%B3+&oid=4458552 HTTP/1.1" 200 3267
66.249.71.129 - - [09/Jun/2016:07:06:52 +0800] "GET /content/nav/relationSubject.jsp?relationWords=%E6%9D%B1%E5%8B%A2%E8%A7%92%20%E8%87%BA%E4%B8%AD%E5%BB%B3%20&oid=4458552 HTTP/1.1" 200 3267
66.249.71.152 - - [09/Jun/2016:07:07:26 +0800] "GET /content/repository/resource_content.jsp?oid=1580218&queryString=%E5%85%AD%E5%BA%9C%20%E5%9C%8B%E5%8A%9B%E6%A1%88%20%E7%B6%93%E6%BF%9F%E7%99%BC%E5%B1%95%20%E8%AD%A6%E5%AF%9F%20%E8%AD%A6%E5%AF%9F%E6%A9%9F%E9%97%9C HTTP/1.1" 200 30235
66.249.71.136 - - [09/Jun/2016:07:07:47 +0800] "GET /content/nav/relationSubject.jsp?relationWords=%E6%9E%97%E7%89%9B%E6%B8%AF+%E8%B3%AA%E8%A9%A2+&oid=1566099 HTTP/1.1" 200 4718
66.249.79.200 - - [09/Jun/2016:07:07:50 +0800] "GET /content/nav/relationSubject.jsp?relationWords=%E6%9E%97%E7%89%9B%E6%B8%AF%20%E8%B3%AA%E8%A9%A2%20&oid=1566099 HTTP/1.1" 200 4718
66.249.79.193 - - [09/Jun/2016:07:08:10 +0800] "GET /content/nav/relationSubject.jsp?relationWords=%E6%97%A5%E6%9C%AC%E5%B8%B6%E9%AD%9A+&oid=3340587 HTTP/1.1" 200 3162
66.249.71.136 - - [09/Jun/2016:07:08:13 +0800] "GET /content/repository/resource_content.jsp?oid=1547688&queryString=%E5%A0%A4%E9%98%B2%E6%A1%88%20%E7%89%9B%E7%A8%A0%20%E8%87%BA%E8%A5%BF%20%E9%AD%9A%E5%A1%AD HTTP/1.1" 200 29338
66.249.71.199 - - [09/Jun/2016:07:08:14 +0800] "GET /content/nav/relationSubject.jsp?relationWords=%E6%97%A5%E6%9C%AC%E5%B8%B6%E9%AD%9A%20&oid=3340587 HTTP/1.1" 200 3162
157.55.39.206 - - [09/Jun/2016:07:08:16 +0800] "GET /content/nav/relationSubject.jsp?relationWords=&oid=16777600 HTTP/1.1" 200 1405
66.249.71.136 - - [09/Jun/2016:07:09:00 +0800] "GET /content/repository/resource_content.jsp?oid=760471 HTTP/1.1" 200 29165
66.249.71.136 - - [09/Jun/2016:07:10:29 +0800] "GET /content/repository/resource_content.jsp?oid=1631941 HTTP/1.1" 200 28518
66.249.79.193 - - [09/Jun/2016:07:10:30 +0800] "GET /digiarch3/content/subject/resource_content.jsp?oid=16777313&queryType=qc HTTP/1.1" 200 33981
182.118.21.239 - - [09/Jun/2016:07:10:44 +0800] "GET /digiarch3/content/subject/resource_content.jsp?oid=16777746&queryType=qc HTTP/1.1" 200 39167
66.249.79.200 - - [09/Jun/2016:07:11:21 +0800] "GET /content/repository/resource_content.jsp?oid=1891037 HTTP/1.1" 200 28517
66.249.71.136 - - [09/Jun/2016:07:12:07 +0800] "GET /content/repository/resource_content.jsp?oid=1898567 HTTP/1.1" 200 30071
66.249.71.136 - - [09/Jun/2016:07:12:18 +0800] "GET /content/nav/relationSubject.jsp?relationWords=%E6%A4%8D%E7%89%A9%E7%95%8C+%E7%A6%BE%E6%9C%AC%E7%A7%91+%E8%8A%92%E5%B1%AC+%E8%8E%8E%E8%8D%89+&oid=1458880 HTTP/1.1" 200 3258
66.249.71.136 - - [09/Jun/2016:07:12:23 +0800] "GET /content/nav/relationSubject.jsp?relationWords=%E6%A4%8D%E7%89%A9%E7%95%8C%20%E7%A6%BE%E6%9C%AC%E7%A7%91%20%E8%8A%92%E5%B1%AC%20%E8%8E%8E%E8%8D%89%20&oid=1458880 HTTP/1.1" 200 3258
66.249.79.200 - - [09/Jun/2016:07:12:55 +0800] "GET /content/repository/resource_content.jsp?oid=2513317 HTTP/1.1" 200 30035
66.249.71.199 - - [09/Jun/2016:07:12:58 +0800] "GET /digiarch3/content/repository/resource_content.jsp?oid=2656004&queryType=qs&queryString=%E8%88%9B%E9%8C%AF HTTP/1.1" 200 30107
66.249.71.136 - - [09/Jun/2016:07:13:18 +0800] "GET /content/nav/relationSubject.jsp?relationWords=%E6%9C%A8%E8%97%8D+%E6%9C%A8%E8%97%8D%E5%B1%AC+%E6%A4%8D%E7%89%A9%E7%95%8C+%E7%A9%97%E8%8A%B1%E6%9C%A8%E8%97%8D+%E8%A0%B6%E8%B1%86+%E9%9B%99%E5%AD%90%E8%91%89+%E9%9B%99%E5%AD%90%E8%91%89%E6%A4%8D%E7%89%A9+&oid=2151916 HTTP/1.1" 200 3450
66.249.71.136 - - [09/Jun/2016:07:13:21 +0800] "GET /content/nav/relationSubject.jsp?relationWords=%E6%9C%A8%E8%97%8D%20%E6%9C%A8%E8%97%8D%E5%B1%AC%20%E6%A4%8D%E7%89%A9%E7%95%8C%20%E7%A9%97%E8%8A%B1%E6%9C%A8%E8%97%8D%20%E8%A0%B6%E8%B1%86%20%E9%9B%99%E5%AD%90%E8%91%89%20%E9%9B%99%E5%AD%90%E8%91%89%E6%A4%8D%E7%89%A9%20&oid=2151916 HTTP/1.1" 200 3450
66.249.71.136 - - [09/Jun/2016:07:13:58 +0800] "GET /content/nav/relationSubject.jsp?relationWords=%E5%A0%B1%E6%98%A5%E8%8A%B1+%E6%A4%8D%E7%89%A9%E7%95%8C+%E6%A8%B9%E6%9D%9E+%E7%B4%AB%E9%87%91%E7%89%9B%E5%B1%AC+%E7%B4%AB%E9%87%91%E7%89%9B%E7%A7%91+&oid=1110562 HTTP/1.1" 200 3347
66.249.71.136 - - [09/Jun/2016:07:14:01 +0800] "GET /content/nav/relationSubject.jsp?relationWords=%E5%A0%B1%E6%98%A5%E8%8A%B1%20%E6%A4%8D%E7%89%A9%E7%95%8C%20%E6%A8%B9%E6%9D%9E%20%E7%B4%AB%E9%87%91%E7%89%9B%E5%B1%AC%20%E7%B4%AB%E9%87%91%E7%89%9B%E7%A7%91%20&oid=1110562 HTTP/1.1" 200 3347
66.249.71.136 - - [09/Jun/2016:07:14:28 +0800] "GET /content/repository/resource_content.jsp?oid=1539053 HTTP/1.1" 200 30117
66.249.79.139 - - [09/Jun/2016:07:15:27 +0800] "GET /content/nav/relationSubject.jsp?relationWords=%E4%B8%89%E9%BD%92+%E4%B8%89%E9%BD%92%E4%BB%94+%E5%AF%92%E9%AF%9B+%E6%96%91%E6%99%AE%E6%8F%90+%E6%97%A5%E6%9C%AC%E5%A9%86+%E6%97%A5%E6%9C%AC%E5%A9%86%E4%BB%94+%E6%99%AE%E6%8F%90+%E7%8B%90%E9%AF%9B+%E7%B4%85%E5%A8%98%E4%BB%94+%E9%9A%86%E9%A0%AD%E9%AD%9A+%E9%9A%86%E9%A0%AD%E9%AD%9A%E7%A7%91+%E9%9B%99%E6%96%91+%E9%9B%99%E6%96%91%E6%99%AE%E6%8F%90%E9%AD%9A+&oid=15742 HTTP/1.1" 200 3990
66.249.71.159 - - [09/Jun/2016:07:15:33 +0800] "GET /content/nav/relationSubject.jsp?relationWords=%E4%B8%89%E9%BD%92%20%E4%B8%89%E9%BD%92%E4%BB%94%20%E5%AF%92%E9%AF%9B%20%E6%96%91%E6%99%AE%E6%8F%90%20%E6%97%A5%E6%9C%AC%E5%A9%86%20%E6%97%A5%E6%9C%AC%E5%A9%86%E4%BB%94%20%E6%99%AE%E6%8F%90%20%E7%8B%90%E9%AF%9B%20%E7%B4%85%E5%A8%98%E4%BB%94%20%E9%9A%86%E9%A0%AD%E9%AD%9A%20%E9%9A%86%E9%A0%AD%E9%AD%9A%E7%A7%91%20%E9%9B%99%E6%96%91%20%E9%9B%99%E6%96%91%E6%99%AE%E6%8F%90%E9%AD%9A%20&oid=15742 HTTP/1.1" 200 3990
66.249.71.136 - - [09/Jun/2016:07:15:36 +0800] "GET /content/nav/relationSubject.jsp?relationWords=%E6%99%BA%E6%98%8E+%E6%B2%99%E9%96%80+%E6%B5%AE%E5%9C%96+%E7%8E%8B%E6%99%BA%E6%98%8E+%E8%A5%BF%E9%AD%8F+%E9%AD%8F%E7%8E%8B+&oid=1812005 HTTP/1.1" 200 4437
66.249.71.136 - - [09/Jun/2016:07:15:37 +0800] "GET /content/nav/relationSubject.jsp?relationWords=%E6%99%BA%E6%98%8E%20%E6%B2%99%E9%96%80%20%E6%B5%AE%E5%9C%96%20%E7%8E%8B%E6%99%BA%E6%98%8E%20%E8%A5%BF%E9%AD%8F%20%E9%AD%8F%E7%8E%8B%20&oid=1812005 HTTP/1.1" 200 4437
66.249.71.199 - - [09/Jun/2016:07:15:44 +0800] "GET /digiarch3/content/repository/resource_content.jsp?oid=15459&queryString=%E5%B8%95%E9%A0%AD%20%E5%BD%AD%E7%B4%8D%E7%9F%B3%E9%A6%96%E9%AD%9A%20%E7%99%BD%E5%A7%91%E9%AD%9A%20%E7%9F%B3%E9%A6%96%E9%AD%9A%E7%A7%91 HTTP/1.1" 200 37489
66.249.71.136 - - [09/Jun/2016:07:15:53 +0800] "GET /content/nav/relationSubject.jsp?relationWords=%E4%BA%9E%E9%86%9C+%E4%BA%9E%E9%86%9C%E5%B0%8A+%E6%96%B9%E8%A7%9A+&oid=3355048 HTTP/1.1" 200 3235
66.249.71.136 - - [09/Jun/2016:07:16:03 +0800] "GET /content/nav/relationSubject.jsp?relationWords=%E4%BA%9E%E9%86%9C%20%E4%BA%9E%E9%86%9C%E5%B0%8A%20%E6%96%B9%E8%A7%9A%20&oid=3355048 HTTP/1.1" 200 3235
66.249.79.200 - - [09/Jun/2016:07:18:22 +0800] "GET /digiarch_en/content/repository/resource_content.jsp?oid=1515331&queryString=%E5%9C%8B%E6%85%B6%E6%97%A5%20%E7%A0%94%E7%A9%B6%E5%AE%A4%20%E8%A1%8C%E6%94%BF%E9%95%B7%E5%AE%98%E5%85%AC%E7%BD%B2%20%E9%99%B3%E5%84%80 HTTP/1.1" 200 23562
66.249.79.200 - - [09/Jun/2016:07:18:32 +0800] "GET /content/repository/resource_content.jsp?oid=15294&queryString=%E7%83%8F%E5%B0%BE%E5%86%AC%20%E7%83%8F%E5%B0%BE%E5%86%AC%E4%BB%94%20%E8%8A%B1%E5%B0%BE HTTP/1.1" 200 35014
66.249.79.200 - - [09/Jun/2016:07:19:56 +0800] "GET /content/repository/resource_content.jsp?oid=1599985 HTTP/1.1" 200 29037
66.249.71.136 - - [09/Jun/2016:07:19:56 +0800] "GET /content/nav/relationSubject.jsp?relationWords=%E6%96%87%E6%96%B9%E9%BC%8E+%E6%96%B9%E9%BC%8E+&oid=1820295 HTTP/1.1" 200 3248
66.249.79.200 - - [09/Jun/2016:07:20:00 +0800] "GET /content/nav/relationSubject.jsp?relationWords=%E6%96%87%E6%96%B9%E9%BC%8E%20%E6%96%B9%E9%BC%8E%20&oid=1820295 HTTP/1.1" 200 3248
157.55.39.83 - - [09/Jun/2016:07:20:01 +0800] "GET /content/nav/relationSubject.jsp?relationWords=%E5%A4%A7%E8%8A%B1%E7%B4%AB%E8%96%87+%E7%B4%AB%E8%96%87+&oid=16777378 HTTP/1.1" 200 4054
66.249.71.136 - - [09/Jun/2016:07:21:14 +0800] "GET /content/nav/relationSubject.jsp?relationWords=%E5%A4%A7%E7%A9%97%E6%97%A5%E6%9C%AC%E8%96%B9+%E8%96%B9%E5%B1%AC+&oid=1114112 HTTP/1.1" 200 3235
66.249.71.136 - - [09/Jun/2016:07:21:17 +0800] "GET /content/nav/relationSubject.jsp?relationWords=%E5%A4%A7%E7%A9%97%E6%97%A5%E6%9C%AC%E8%96%B9%20%E8%96%B9%E5%B1%AC%20&oid=1114112 HTTP/1.1" 200 3235
66.249.71.166 - - [09/Jun/2016:07:21:19 +0800] "GET /content/subject/resource_content.jsp?oid=16777761&queryType=qs&queryString=%E5%83%B9%E5%80%BC%E8%A7%80 HTTP/1.1" 200 32699
68.180.228.229 - - [09/Jun/2016:07:21:26 +0800] "GET /content/tmp_exh/resource_content.jsp?oid=16777760&queryType=qc HTTP/1.1" 200 35810
66.249.79.200 - - [09/Jun/2016:07:21:30 +0800] "GET /digiarch_en/content/repository/resource_content.jsp?oid=1546902&queryString=%E5%B8%AB%E7%AF%84%E5%AD%B8%E6%A0%A1%20%E7%95%A2%E6%A5%AD%E7%94%9F HTTP/1.1" 200 23443
66.249.79.200 - - [09/Jun/2016:07:22:23 +0800] "GET /content/nav/relationSubject.jsp?relationWords=%E6%A4%92%E9%9B%80%E9%AF%9B+%E9%9B%80%E9%AF%9B%E7%A7%91+&oid=24572 HTTP/1.1" 200 3420
66.249.79.200 - - [09/Jun/2016:07:22:28 +0800] "GET /content/nav/relationSubject.jsp?relationWords=%E6%A4%92%E9%9B%80%E9%AF%9B%20%E9%9B%80%E9%AF%9B%E7%A7%91%20&oid=24572 HTTP/1.1" 200 3420
66.249.71.136 - - [09/Jun/2016:07:23:03 +0800] "GET /digiarch_en/content/repository/resource_content.jsp?oid=523546&queryString=%E6%BD%9B%E6%B0%B4%E8%89%87%20%E7%83%8F%E8%B3%8A%20%E9%B8%9A%E9%B5%A1%E8%9E%BA HTTP/1.1" 200 24955
66.249.71.242 - - [09/Jun/2016:07:23:50 +0800] "GET /content/repository/resource_content.jsp?oid=2569324&queryType=qs&queryString=%E5%B7%B4%E8%B3%BD HTTP/1.1" 200 30343
66.249.71.136 - - [09/Jun/2016:07:24:02 +0800] "GET /content/nav/relationSubject.jsp?relationWords=%E7%88%B6%E7%B0%A0%20&oid=1819852 HTTP/1.1" 200 3208
66.249.71.136 - - [09/Jun/2016:07:24:07 +0800] "GET /content/repository/resource_content.jsp?oid=4353158&queryString=%E6%89%81%E5%B1%8F%E4%BB%94%20%E6%97%A5%E6%9C%AC%E6%B0%B4%E6%BB%91%20%E6%97%A5%E6%9C%AC%E6%B5%B7%E9%B0%B6%20%E6%B2%B9%E9%AD%9A%20%E6%B5%B7%E9%AF%BD%E4%BB%94%20%E9%AF%A1%E7%A7%91 HTTP/1.1" 200 34962
66.249.71.136 - - [09/Jun/2016:07:24:37 +0800] "GET /content/repository/resource_content.jsp?oid=194099 HTTP/1.1" 200 29877
66.249.71.129 - - [09/Jun/2016:07:25:24 +0800] "GET /content/repository/resource_content.jsp?oid=1580220&queryString=%E6%90%AD%E9%85%8D%E6%A1%88%20%E7%B3%A7%E9%A3%9F%E5%B1%80%20%E8%87%BA%E7%B3%96%20%E8%B1%86%E7%B2%95%20%E9%A3%BC%E6%96%99 HTTP/1.1" 200 30929
66.249.79.200 - - [09/Jun/2016:07:25:59 +0800] "GET /content/nav/relationSubject.jsp?relationWords=%E8%BE%B2%E5%9C%B0%E9%87%8D%E5%8A%83+%E9%87%8D%E5%8A%83%E5%8D%80+&oid=1632374 HTTP/1.1" 200 3930
66.249.71.136 - - [09/Jun/2016:07:26:03 +0800] "GET /content/nav/relationSubject.jsp?relationWords=%E8%BE%B2%E5%9C%B0%E9%87%8D%E5%8A%83%20%E9%87%8D%E5%8A%83%E5%8D%80%20&oid=1632374 HTTP/1.1" 200 3930
66.249.71.136 - - [09/Jun/2016:07:26:05 +0800] "GET /digiarch_en/content/nav/relationSubject.jsp?relationWords=%E6%93%AC%E7%83%8F%E8%B3%8A+%E7%83%8F%E8%B3%8A+%E8%BB%9F%E7%BF%85%E4%BB%94+%E8%BB%9F%E7%BF%85%E4%BB%94%E5%B1%AC+%E9%8E%96%E7%AE%A1+%E9%8E%96%E7%AE%A1%E7%A7%91+%E9%A0%AD%E8%B6%B3+%E9%A0%AD%E8%B6%B3%E7%B6%B1+&oid=518216 HTTP/1.1" 200 3555
66.249.71.129 - - [09/Jun/2016:07:26:11 +0800] "GET /content/repository/resource_content.jsp?oid=1530118&queryString=%E6%96%87%E5%8C%96%E4%B8%AD%E5%BF%83%20%E7%A4%BE%E6%9C%83%E5%AD%B8%20%E7%AB%8B%E6%B3%95%E9%99%A2 HTTP/1.1" 200 30287
66.249.71.136 - - [09/Jun/2016:07:26:30 +0800] "GET /content/nav/relationSubject.jsp?relationWords=%E6%A4%8D%E7%89%A9%E7%95%8C+%E7%9F%AE%E8%8F%8A+%E7%9F%AE%E8%8F%8A%E5%B1%AC+%E8%8F%8A%E5%B1%AC+%E8%8F%8A%E7%A7%91+%E9%9B%99%E5%AD%90%E8%91%89+%E9%9B%99%E5%AD%90%E8%91%89%E6%A4%8D%E7%89%A9+&oid=1104609 HTTP/1.1" 200 3403
66.249.71.136 - - [09/Jun/2016:07:26:33 +0800] "GET /content/nav/relationSubject.jsp?relationWords=%E6%A4%8D%E7%89%A9%E7%95%8C%20%E7%9F%AE%E8%8F%8A%20%E7%9F%AE%E8%8F%8A%E5%B1%AC%20%E8%8F%8A%E5%B1%AC%20%E8%8F%8A%E7%A7%91%20%E9%9B%99%E5%AD%90%E8%91%89%20%E9%9B%99%E5%AD%90%E8%91%89%E6%A4%8D%E7%89%A9%20&oid=1104609 HTTP/1.1" 200 3403
66.249.71.166 - - [09/Jun/2016:07:26:51 +0800] "GET /content/nav/relationSubject.jsp?relationWords=%E6%A4%8D%E7%89%A9%E7%95%8C+%E7%B6%A0%E8%B1%86+%E8%A0%B6%E8%B1%86+%E8%B1%87%E8%B1%86%E5%B1%AC+%E9%9B%99%E5%AD%90%E8%91%89%E6%A4%8D%E7%89%A9+&oid=2149518 HTTP/1.1" 200 3299
66.249.71.166 - - [09/Jun/2016:07:26:53 +0800] "GET /content/repository/resource_content.jsp?oid=1887802&queryString=%E6%98%8E%E4%BF%A1%E7%89%87%20%E6%A5%8A%E6%95%A6%E8%AC%A8 HTTP/1.1" 200 30704
66.249.71.136 - - [09/Jun/2016:07:26:57 +0800] "GET /content/repository/resource_content.jsp?oid=1581355&queryType=qs&queryString=%E6%88%90%E5%8A%9F%E9%8E%AE HTTP/1.1" 200 29036
66.249.71.152 - - [09/Jun/2016:07:27:01 +0800] "GET /content/nav/relationSubject.jsp?relationWords=%E6%A4%8D%E7%89%A9%E7%95%8C%20%E7%B6%A0%E8%B1%86%20%E8%A0%B6%E8%B1%86%20%E8%B1%87%E8%B1%86%E5%B1%AC%20%E9%9B%99%E5%AD%90%E8%91%89%E6%A4%8D%E7%89%A9%20&oid=2149518 HTTP/1.1" 200 3299
66.249.71.136 - - [09/Jun/2016:07:28:31 +0800] "GET /content/repository/resource_content.jsp?oid=1617906 HTTP/1.1" 200 28804
66.249.71.248 - - [09/Jun/2016:07:28:37 +0800] "GET /content/nav/relationSubject.jsp?relationWords=%E5%85%AB%E5%88%86%E6%9B%B8+%E5%8A%9F%E6%9B%B9+%E5%B1%B1%E6%9D%B1%E7%95%AB%E8%B1%A1+%E6%B4%9B%E6%B0%8F+%E9%A1%8C%E8%A8%98+&oid=1833985 HTTP/1.1" 200 5165
66.249.71.242 - - [09/Jun/2016:07:28:41 +0800] "GET /content/nav/relationSubject.jsp?relationWords=%E5%85%AB%E5%88%86%E6%9B%B8%20%E5%8A%9F%E6%9B%B9%20%E5%B1%B1%E6%9D%B1%E7%95%AB%E8%B1%A1%20%E6%B4%9B%E6%B0%8F%20%E9%A1%8C%E8%A8%98%20&oid=1833985 HTTP/1.1" 200 5165
66.249.71.136 - - [09/Jun/2016:07:29:06 +0800] "GET /content/nav/relationSubject.jsp?relationWords=%E5%B0%8F%E7%B1%B3%E8%8F%8A+%E5%B0%8F%E7%B1%B3%E8%8F%8A%E5%B1%AC+%E6%A4%8D%E7%89%A9%E7%95%8C+%E7%B2%97%E6%AF%9B+%E7%B2%97%E6%AF%9B%E5%B0%8F%E7%B1%B3%E8%8F%8A+%E8%8F%8A%E5%B1%AC+%E8%8F%8A%E7%A7%91+%E9%9B%99%E5%AD%90%E8%91%89+%E9%9B%99%E5%AD%90%E8%91%89%E6%A4%8D%E7%89%A9+&oid=1114115 HTTP/1.1" 200 3589
66.249.71.136 - - [09/Jun/2016:07:29:12 +0800] "GET /content/nav/relationSubject.jsp?relationWords=%E5%B0%8F%E7%B1%B3%E8%8F%8A%20%E5%B0%8F%E7%B1%B3%E8%8F%8A%E5%B1%AC%20%E6%A4%8D%E7%89%A9%E7%95%8C%20%E7%B2%97%E6%AF%9B%20%E7%B2%97%E6%AF%9B%E5%B0%8F%E7%B1%B3%E8%8F%8A%20%E8%8F%8A%E5%B1%AC%20%E8%8F%8A%E7%A7%91%20%E9%9B%99%E5%AD%90%E8%91%89%20%E9%9B%99%E5%AD%90%E8%91%89%E6%A4%8D%E7%89%A9%20&oid=1114115 HTTP/1.1" 200 3589
66.249.71.205 - - [09/Jun/2016:07:29:18 +0800] "GET /digiarch3/content/repository/resource_content.jsp?oid=4353429&queryType=qs&queryString=%E9%BB%83%E9%AD%9A HTTP/1.1" 200 36849
66.249.71.136 - - [09/Jun/2016:07:29:41 +0800] "GET /content/repository/resource_content.jsp?oid=3814754&queryType=qs&queryString=%E6%BB%BF%E5%A4%A9%E6%98%9F HTTP/1.1" 200 31251
66.249.71.242 - - [09/Jun/2016:07:30:05 +0800] "GET /content/repository/resource_content.jsp?oid=1564290&queryType=qs&queryString=%E7%8E%8B%E9%81%93%E9%9A%86 HTTP/1.1" 200 30586
68.180.228.229 - - [09/Jun/2016:07:30:13 +0800] "GET /content/subject/resource_content.jsp?oid=16777793&queryType=qc HTTP/1.1" 200 42692
66.249.71.152 - - [09/Jun/2016:07:31:38 +0800] "GET /content/subject/resource_content.jsp?oid=16777260&queryType=qs&queryString=%E9%9C%9C%E9%99%8D HTTP/1.1" 200 39031
66.249.71.152 - - [09/Jun/2016:07:31:44 +0800] "GET /content/nav/relationSubject.jsp?relationWords=%E6%95%B8%E4%BD%8D%E5%85%B8%E8%97%8F+%E6%B3%B0%E9%9B%85+%E6%B3%B0%E9%9B%85%E6%97%8F+%E7%B4%8B%E9%9D%A2+&oid=16777735 HTTP/1.1" 200 10900
66.249.71.152 - - [09/Jun/2016:07:31:49 +0800] "GET /content/nav/relationSubject.jsp?relationWords=%E6%95%B8%E4%BD%8D%E5%85%B8%E8%97%8F%20%E6%B3%B0%E9%9B%85%20%E6%B3%B0%E9%9B%85%E6%97%8F%20%E7%B4%8B%E9%9D%A2%20&oid=16777735 HTTP/1.1" 200 10900
66.249.71.254 - - [09/Jun/2016:07:32:25 +0800] "GET /content/repository/resource_content.jsp?oid=16261&queryType=qs&queryString=%E8%9D%A6%E6%8B%96%E7%B6%B2 HTTP/1.1" 200 33980
66.249.71.150 - - [09/Jun/2016:07:32:29 +0800] "GET /content/repository/resource_content.jsp?oid=15427&queryString=%E5%89%AF%E7%9C%B6%E6%A3%98%E9%B1%B8%20%E6%B5%B7%E9%AF%BD%E4%BB%94%20%E7%B4%85%E5%B0%BE%E5%86%AC%E4%BB%94%20%E7%B4%85%E8%B5%A4%E5%B0%BE%E5%86%AC%20%E8%B5%A4%E6%B5%B7%20%E9%87%91%E7%B7%9A%E9%AD%9A%E7%A7%91 HTTP/1.1" 200 34871
68.180.228.229 - - [09/Jun/2016:07:32:32 +0800] "GET /content/repository/resource_content.jsp?oid=1457504 HTTP/1.1" 200 30670
66.249.71.136 - - [09/Jun/2016:07:33:12 +0800] "GET /content/repository/resource_content.jsp?oid=1109563 HTTP/1.1" 200 31466
66.249.79.200 - - [09/Jun/2016:07:34:03 +0800] "GET /content/repository/resource_content.jsp?oid=1626643 HTTP/1.1" 200 29301
66.249.71.150 - - [09/Jun/2016:07:34:46 +0800] "GET /content/repository/resource_content.jsp?oid=1100184 HTTP/1.1" 200 30869
68.180.228.229 - - [09/Jun/2016:07:34:50 +0800] "GET /digiarch_en/content/subject/resource_content.jsp?oid=16777294&queryType=qc HTTP/1.1" 200 22507
66.249.79.207 - - [09/Jun/2016:07:35:18 +0800] "GET /content/subject/resource_content.jsp?oid=16777822&queryString= HTTP/1.1" 200 45962
66.249.71.136 - - [09/Jun/2016:07:35:33 +0800] "GET /content/repository/resource_content.jsp?oid=2635592 HTTP/1.1" 200 30133
157.55.39.206 - - [09/Jun/2016:07:35:46 +0800] "GET /content/subject/resource_content.jsp?oid=16777291&queryType=qc HTTP/1.1" 200 28075
66.249.71.136 - - [09/Jun/2016:07:35:53 +0800] "GET /content/nav/relationSubject.jsp?relationWords=%E5%B7%A1%E6%92%AB+&oid=2518391 HTTP/1.1" 200 3084
66.249.71.136 - - [09/Jun/2016:07:35:56 +0800] "GET /content/nav/relationSubject.jsp?relationWords=%E5%B7%A1%E6%92%AB%20&oid=2518391 HTTP/1.1" 200 3084
180.76.15.155 - - [09/Jun/2016:07:36:00 +0800] "GET /digiarch_en/content/repository/resource_content.jsp?oid=15212&queryString=%E5%8D%B0%E5%BA%A6%E7%B5%B2%20%E7%93%9C%E4%BB%94%20%E7%99%BD%E9%AC%9A%E5%85%AC%20%E9%8A%85%E9%8F%A1 HTTP/1.1" 200 26724
157.55.39.206 - - [09/Jun/2016:07:36:07 +0800] "GET /content/subject/resource_content.jsp?oid=16777654&queryType=qc HTTP/1.1" 200 63652
66.249.71.136 - - [09/Jun/2016:07:36:20 +0800] "GET /content/repository/resource_content.jsp?oid=4352582&queryString=%E7%81%AB%E7%AE%AD%E8%9D%B6%20%E8%9D%B4%E8%9D%B6%E9%AD%9A%E7%A7%91 HTTP/1.1" 200 34654
66.249.71.136 - - [09/Jun/2016:07:36:43 +0800] "GET /content/nav/relationSubject.jsp?relationWords=%E6%A0%B9%E7%AF%80%E8%98%AD+%E6%A0%B9%E7%AF%80%E8%98%AD%E5%B1%AC+%E6%A4%8D%E7%89%A9%E7%95%8C+%E8%98%AD%E5%B1%AC+%E9%95%B7%E8%B7%9D%E6%A0%B9%E7%AF%80%E8%98%AD+&oid=2145202 HTTP/1.1" 200 3289
66.249.71.136 - - [09/Jun/2016:07:36:48 +0800] "GET /content/nav/relationSubject.jsp?relationWords=%E6%A0%B9%E7%AF%80%E8%98%AD%20%E6%A0%B9%E7%AF%80%E8%98%AD%E5%B1%AC%20%E6%A4%8D%E7%89%A9%E7%95%8C%20%E8%98%AD%E5%B1%AC%20%E9%95%B7%E8%B7%9D%E6%A0%B9%E7%AF%80%E8%98%AD%20&oid=2145202 HTTP/1.1" 200 3289
66.249.71.136 - - [09/Jun/2016:07:37:01 +0800] "GET /content/nav/relationSubject.jsp?relationWords=%E6%9E%97%E7%8D%BB%E5%A0%82+%E6%A5%8A%E8%82%87%E5%98%89+%E6%B2%88%E8%91%86%E7%A6%8E+%E8%A8%B1%E5%BF%97+%E8%B0%B7%E5%B7%9D+%E9%95%B7%E8%B0%B7%E5%B7%9D+%E9%95%B7%E8%B0%B7%E5%B7%9D%E6%B8%85+&oid=16777792 HTTP/1.1" 200 4440
66.249.71.136 - - [09/Jun/2016:07:37:03 +0800] "GET /content/nav/relationSubject.jsp?relationWords=%E6%9E%97%E7%8D%BB%E5%A0%82%20%E6%A5%8A%E8%82%87%E5%98%89%20%E6%B2%88%E8%91%86%E7%A6%8E%20%E8%A8%B1%E5%BF%97%20%E8%B0%B7%E5%B7%9D%20%E9%95%B7%E8%B0%B7%E5%B7%9D%20%E9%95%B7%E8%B0%B7%E5%B7%9D%E6%B8%85%20&oid=16777792 HTTP/1.1" 200 4440
66.249.71.136 - - [09/Jun/2016:07:37:06 +0800] "GET /content/subject/resource_content.jsp?oid=16797271&queryType=qc HTTP/1.1" 200 55290
66.249.71.159 - - [09/Jun/2016:07:38:40 +0800] "GET /content/repository/resource_content.jsp?oid=2689621&queryType=qs&queryString=%E5%BE%A1%E8%A6%BD HTTP/1.1" 200 30283
66.249.71.136 - - [09/Jun/2016:07:39:27 +0800] "GET /content/repository/resource_content.jsp?oid=1833025 HTTP/1.1" 200 29187
68.180.228.229 - - [09/Jun/2016:07:40:00 +0800] "GET /content/subject/resource_content.jsp?oid=16777254&queryType=qc HTTP/1.1" 200 34767
66.249.79.200 - - [09/Jun/2016:07:40:15 +0800] "GET /content/repository/resource_content.jsp?oid=1604650 HTTP/1.1" 200 28741
66.249.71.136 - - [09/Jun/2016:07:40:51 +0800] "GET /digiarch_en/content/repository/resource_content.jsp?oid=2670369&queryString=%E8%AD%B0%E9%95%B7%20%E9%95%B7%E8%98%86%20%E9%B9%BD%E5%8B%99 HTTP/1.1" 200 24056
66.249.71.136 - - [09/Jun/2016:07:41:01 +0800] "GET /content/repository/resource_content.jsp?oid=792097 HTTP/1.1" 200 28158
66.249.71.136 - - [09/Jun/2016:07:41:48 +0800] "GET /content/repository/resource_content.jsp?oid=2591321 HTTP/1.1" 200 28583
39.10.13.164 - - [09/Jun/2016:07:42:54 +0800] "GET /content/repository/resource_content.jsp?oid=1775944 HTTP/1.1" 200 31895
39.10.13.164 - - [09/Jun/2016:07:42:55 +0800] "GET /content/nav/relationSubject.jsp?relationWords=%E5%87%B1%E9%81%94%E6%A0%BC%E8%98%AD+%E5%87%B1%E9%81%94%E6%A0%BC%E8%98%AD%E6%97%8F+%E5%99%B6%E7%91%AA%E8%98%AD+%E5%99%B6%E7%91%AA%E8%98%AD%E6%97%8F+%E6%A0%BC%E8%98%AD+&oid=1775944 HTTP/1.1" 200 3352
66.249.71.152 - - [09/Jun/2016:07:43:22 +0800] "GET /content/nav/relationSubject.jsp?relationWords=%E5%8F%B0%E7%81%A3%E5%8E%9F%E4%BD%8F%E6%B0%91+%E6%9C%B1%E4%B8%80%E8%B2%B4+%E6%B0%91%E8%AE%8A+&oid=1776845 HTTP/1.1" 200 6799
66.249.71.152 - - [09/Jun/2016:07:43:25 +0800] "GET /content/nav/relationSubject.jsp?relationWords=%E5%8F%B0%E7%81%A3%E5%8E%9F%E4%BD%8F%E6%B0%91%20%E6%9C%B1%E4%B8%80%E8%B2%B4%20%E6%B0%91%E8%AE%8A%20&oid=1776845 HTTP/1.1" 200 6799
66.249.71.136 - - [09/Jun/2016:07:43:38 +0800] "GET /digiarch_en/content/repository/resource_content.jsp?oid=3816462&queryString=%E5%A4%9A%E8%8A%B1%E9%87%8E%E7%A2%97%E8%B1%86%20%E6%A4%8D%E7%89%A9%E7%95%8C%20%E7%A2%97%E8%B1%86%20%E8%A0%B6%E8%B1%86%20%E8%A0%B6%E8%B1%86%E5%B1%AC%20%E9%9B%99%E5%AD%90%E8%91%89%20%E9%9B%99%E5%AD%90%E8%91%89%E6%A4%8D%E7%89%A9 HTTP/1.1" 200 23884
66.249.71.199 - - [09/Jun/2016:07:44:08 +0800] "GET /content/repository/resource_content.jsp?oid=1532090&queryString=%E8%A5%BF%E5%AE%9A HTTP/1.1" 200 29226
66.249.71.136 - - [09/Jun/2016:07:44:55 +0800] "GET /content/repository/resource_content.jsp?oid=1775714 HTTP/1.1" 200 27113
39.9.222.189 - - [09/Jun/2016:07:45:34 +0800] "GET /content/repository/resource_content.jsp?oid=15338&queryType=qs&queryString=%E6%B7%B1%E6%B5%B7%E4%B8%80%E6%94%AF%E9%87%A3 HTTP/1.1" 200 35191
39.9.222.189 - - [09/Jun/2016:07:45:36 +0800] "GET /content/nav/relationSubject.jsp?relationWords=%E5%A7%AC%E9%AF%9B+%E7%AC%9B%E9%AF%9B+%E7%AC%9B%E9%AF%9B%E7%A7%91+%E9%AF%9B%E7%A7%91+%E9%BB%83%E9%B0%AD+%E9%BB%83%E9%B0%AD%E5%A7%AC%E9%AF%9B+&oid=15338 HTTP/1.1" 200 3607
66.249.71.143 - - [09/Jun/2016:07:46:01 +0800] "GET /content/nav/relationSubject.jsp?relationWords=%E5%90%8F%E9%83%A8+%E5%90%8F%E9%83%A8%E7%82%BA%E7%8E%8B+%E5%A5%89%E8%AB%AD+&oid=2638918 HTTP/1.1" 200 3186
66.249.71.136 - - [09/Jun/2016:07:46:07 +0800] "GET /content/nav/relationSubject.jsp?relationWords=%E5%90%8F%E9%83%A8%20%E5%90%8F%E9%83%A8%E7%82%BA%E7%8E%8B%20%E5%A5%89%E8%AB%AD%20&oid=2638918 HTTP/1.1" 200 3186
66.249.71.136 - - [09/Jun/2016:07:46:09 +0800] "GET /content/nav/relationSubject.jsp?relationWords=%E5%B7%A6%E5%82%B3+%E6%9D%B1%E8%8E%9E+%E6%AC%BE%E8%AD%98+%E9%84%AD%E4%BA%95+%E9%A1%8C%E8%A8%98+%E9%BD%8A%E4%B9%98+&oid=1823335 HTTP/1.1" 200 4998
66.249.79.200 - - [09/Jun/2016:07:46:11 +0800] "GET /content/nav/relationSubject.jsp?relationWords=%E5%B7%A6%E5%82%B3%20%E6%9D%B1%E8%8E%9E%20%E6%AC%BE%E8%AD%98%20%E9%84%AD%E4%BA%95%20%E9%A1%8C%E8%A8%98%20%E9%BD%8A%E4%B9%98%20&oid=1823335 HTTP/1.1" 200 4998
66.249.71.200 - - [09/Jun/2016:07:46:25 +0800] "GET /content/repository/resource_content.jsp?oid=4364615&queryString=%E7%9F%B3%E6%9D%B5 HTTP/1.1" 200 29168
66.249.71.136 - - [09/Jun/2016:07:46:29 +0800] "GET /content/repository/resource_content.jsp?oid=2151200 HTTP/1.1" 200 31156
66.249.71.150 - - [09/Jun/2016:07:49:36 +0800] "GET /content/repository/resource_content.jsp?oid=1098481&queryString=%E6%A4%8D%E7%89%A9%E7%95%8C%20%E7%A7%8B%E9%BC%A0%E9%BA%B4%E8%8D%89%20%E8%8F%8A%E7%A7%91%20%E9%9B%99%E5%AD%90%E8%91%89%E6%A4%8D%E7%89%A9%20%E9%BC%A0%E9%BA%B4%E8%8D%89%E5%B1%AC HTTP/1.1" 200 31525
66.249.79.207 - - [09/Jun/2016:07:50:24 +0800] "GET /content/repository/resource_content.jsp?oid=1896293 HTTP/1.1" 200 29140
66.249.71.136 - - [09/Jun/2016:07:50:30 +0800] "GET /content/nav/relationSubject.jsp?relationWords=%E7%94%A2%E6%A5%AD%E9%81%93%E8%B7%AF+%E8%8C%85%E5%9F%94+&oid=1606717 HTTP/1.1" 200 4428
66.249.71.136 - - [09/Jun/2016:07:50:33 +0800] "GET /content/nav/relationSubject.jsp?relationWords=%E7%94%A2%E6%A5%AD%E9%81%93%E8%B7%AF%20%E8%8C%85%E5%9F%94%20&oid=1606717 HTTP/1.1" 200 4428
66.249.71.159 - - [09/Jun/2016:07:52:01 +0800] "GET /content/subject/resource_content.jsp?oid=16777402&queryString=%E9%98%BF%E5%8B%83%E5%8B%92 HTTP/1.1" 200 27894
66.249.71.136 - - [09/Jun/2016:07:52:19 +0800] "GET /content/nav/relationSubject.jsp?relationWords=%E4%BA%A4%E9%80%9A%E5%AE%89%E5%85%A8+%E4%BA%BA%E6%AC%8A%E4%BF%9D%E9%9A%9C+%E7%AB%A5%E5%B7%A5+%E8%81%B7%E6%A5%AD%E7%97%85+%E8%B2%A7%E6%B0%91%E6%96%BD%E9%86%AB+%E9%AB%98%E9%9B%84%E6%B8%AF+&oid=1622691 HTTP/1.1" 200 5282
66.249.71.136 - - [09/Jun/2016:07:52:22 +0800] "GET /content/nav/relationSubject.jsp?relationWords=%E4%BA%A4%E9%80%9A%E5%AE%89%E5%85%A8%20%E4%BA%BA%E6%AC%8A%E4%BF%9D%E9%9A%9C%20%E7%AB%A5%E5%B7%A5%20%E8%81%B7%E6%A5%AD%E7%97%85%20%E8%B2%A7%E6%B0%91%E6%96%BD%E9%86%AB%20%E9%AB%98%E9%9B%84%E6%B8%AF%20&oid=1622691 HTTP/1.1" 200 5282
66.249.71.136 - - [09/Jun/2016:07:52:46 +0800] "GET /content/repository/resource_content.jsp?oid=1114641&queryString=%E6%96%91%E8%91%89%E8%98%AD%E5%B1%AC HTTP/1.1" 200 30340
180.76.15.12 - - [09/Jun/2016:07:52:56 +0800] "GET /content/repository/resource_content.jsp?oid=182750&queryString=%E9%9D%92%E6%B5%B7%E7%9C%81%E5%9C%B0%E5%BD%A2%E5%9C%96 HTTP/1.1" 200 30965
39.9.222.189 - - [09/Jun/2016:07:53:40 +0800] "GET /content/repository/resource_content.jsp?oid=15338&queryType=qs&queryString=%E6%B7%B1%E6%B5%B7%E4%B8%80%E6%94%AF%E9%87%A3 HTTP/1.1" 200 35191
39.9.222.189 - - [09/Jun/2016:07:53:41 +0800] "GET /content/nav/relationSubject.jsp?relationWords=%E5%A7%AC%E9%AF%9B+%E7%AC%9B%E9%AF%9B+%E7%AC%9B%E9%AF%9B%E7%A7%91+%E9%AF%9B%E7%A7%91+%E9%BB%83%E9%B0%AD+%E9%BB%83%E9%B0%AD%E5%A7%AC%E9%AF%9B+&oid=15338 HTTP/1.1" 200 3607
66.249.79.200 - - [09/Jun/2016:07:54:16 +0800] "GET /digiarch_en/content/repository/resource_content.jsp?oid=1546154&queryString=%E5%81%A5%E5%BA%B7%E6%A1%88%20%E5%B0%8F%E5%90%83%20%E5%B9%BC%E8%8B%97%20%E6%94%A4%E8%B2%A9%20%E7%A6%8F%E5%88%A9%E7%A4%BE HTTP/1.1" 200 23330
157.55.39.83 - - [09/Jun/2016:07:54:18 +0800] "GET /content/nav/relationSubject.jsp?relationWords=%E5%A0%A1%E5%9C%96+&oid=16777706 HTTP/1.1" 200 2864
66.249.71.136 - - [09/Jun/2016:07:54:27 +0800] "GET /content/nav/relationSubject.jsp?relationWords=%E5%8F%B0%E7%81%A3%E5%AF%B6%E9%90%B8%E8%8A%B1+%E5%AF%B6%E9%90%B8%E8%8D%89%E5%B1%AC+%E6%A4%8D%E7%89%A9%E7%95%8C+%E7%99%BE%E5%90%88%E7%A7%91+&oid=2145201 HTTP/1.1" 200 3357
66.249.71.136 - - [09/Jun/2016:07:54:29 +0800] "GET /content/nav/relationSubject.jsp?relationWords=%E5%8F%B0%E7%81%A3%E5%AF%B6%E9%90%B8%E8%8A%B1%20%E5%AF%B6%E9%90%B8%E8%8D%89%E5%B1%AC%20%E6%A4%8D%E7%89%A9%E7%95%8C%20%E7%99%BE%E5%90%88%E7%A7%91%20&oid=2145201 HTTP/1.1" 200 3357
66.249.71.166 - - [09/Jun/2016:07:54:56 +0800] "GET /content/repository/resource_content.jsp?oid=2678841&queryString=%E6%A5%8A%E9%9B%B2%E8%90%8D%20%E8%87%BA%E7%81%A3%E8%97%9D%E8%A1%93%E7%A4%BE%20%E9%BB%83%E5%AE%97 HTTP/1.1" 200 30561
66.249.71.136 - - [09/Jun/2016:07:55:48 +0800] "GET /digiarch_en/content/repository/resource_content.jsp?oid=3816956&queryString=%E5%A4%9A%E8%8A%B1%E9%87%8E%E7%A2%97%E8%B1%86%20%E6%A4%8D%E7%89%A9%E7%95%8C%20%E8%A0%B6%E8%B1%86%20%E8%A0%B6%E8%B1%86%E5%B1%AC%20%E9%9B%99%E5%AD%90%E8%91%89%E6%A4%8D%E7%89%A9 HTTP/1.1" 200 23834
66.249.71.136 - - [09/Jun/2016:07:56:41 +0800] "GET /content/nav/relationSubject.jsp?relationWords=%E7%A7%9F%E7%95%8C+&oid=815888 HTTP/1.1" 200 3070
66.249.71.136 - - [09/Jun/2016:07:56:48 +0800] "GET /content/nav/relationSubject.jsp?relationWords=%E7%A7%9F%E7%95%8C%20&oid=815888 HTTP/1.1" 200 3070
66.249.71.136 - - [09/Jun/2016:07:56:49 +0800] "GET /content/nav/relationSubject.jsp?relationWords=%E6%9F%B3%E8%91%89%E7%AE%AC%E5%B1%AC+%E6%A4%8D%E7%89%A9%E7%95%8C+%E7%A6%BE%E6%9C%AC%E7%A7%91+%E8%8D%8F%E5%BC%B1%E6%9F%B3%E8%91%89%E7%AE%AC+%E8%8E%8E%E8%8D%89+&oid=2145069 HTTP/1.1" 200 3368
66.249.71.136 - - [09/Jun/2016:07:56:51 +0800] "GET /content/nav/relationSubject.jsp?relationWords=%E6%9F%B3%E8%91%89%E7%AE%AC%E5%B1%AC%20%E6%A4%8D%E7%89%A9%E7%95%8C%20%E7%A6%BE%E6%9C%AC%E7%A7%91%20%E8%8D%8F%E5%BC%B1%E6%9F%B3%E8%91%89%E7%AE%AC%20%E8%8E%8E%E8%8D%89%20&oid=2145069 HTTP/1.1" 200 3368
66.249.71.136 - - [09/Jun/2016:07:57:06 +0800] "GET /content/nav/relationSubject.jsp?relationWords=%E4%BF%B8%E8%96%AA+%E5%8E%9F%E5%A5%8F%E5%92%A8%E8%A1%8C+&oid=800909 HTTP/1.1" 200 5289
66.249.71.136 - - [09/Jun/2016:07:57:08 +0800] "GET /content/nav/relationSubject.jsp?relationWords=%E4%BF%B8%E8%96%AA%20%E5%8E%9F%E5%A5%8F%E5%92%A8%E8%A1%8C%20&oid=800909 HTTP/1.1" 200 5289
66.249.71.136 - - [09/Jun/2016:07:57:16 +0800] "GET /content/nav/relationSubject.jsp?relationWords=%E5%B0%8F%E8%8A%B1%E9%87%91%E6%A2%85+%E6%A4%8D%E7%89%A9%E7%95%8C+%E7%BF%BB%E7%99%BD%E8%8D%89+%E7%BF%BB%E7%99%BD%E8%8D%89%E5%B1%AC+%E8%96%94%E8%96%87%E7%9B%AE+%E8%96%94%E8%96%87%E7%A7%91+%E9%87%91%E6%A2%85+&oid=3825205 HTTP/1.1" 200 3513
66.249.71.136 - - [09/Jun/2016:07:57:19 +0800] "GET /content/nav/relationSubject.jsp?relationWords=%E5%B0%8F%E8%8A%B1%E9%87%91%E6%A2%85%20%E6%A4%8D%E7%89%A9%E7%95%8C%20%E7%BF%BB%E7%99%BD%E8%8D%89%20%E7%BF%BB%E7%99%BD%E8%8D%89%E5%B1%AC%20%E8%96%94%E8%96%87%E7%9B%AE%20%E8%96%94%E8%96%87%E7%A7%91%20%E9%87%91%E6%A2%85%20&oid=3825205 HTTP/1.1" 200 3513
66.249.71.152 - - [09/Jun/2016:07:57:35 +0800] "GET /content/repository/resource_content.jsp?oid=2672613&queryType=qs&queryString=%E8%94%A1%E6%96%B0 HTTP/1.1" 200 29980
66.249.79.200 - - [09/Jun/2016:07:57:36 +0800] "GET /content/nav/relationSubject.jsp?relationWords=%E5%AE%BF%E6%9F%B1%E8%96%B9+%E6%8A%B1%E9%B1%97%E5%AE%BF%E6%9F%B1%E8%96%B9+%E8%96%B9%E5%B1%AC+&oid=1109249 HTTP/1.1" 200 3357
66.249.71.136 - - [09/Jun/2016:07:57:41 +0800] "GET /content/nav/relationSubject.jsp?relationWords=%E5%AE%BF%E6%9F%B1%E8%96%B9%20%E6%8A%B1%E9%B1%97%E5%AE%BF%E6%9F%B1%E8%96%B9%20%E8%96%B9%E5%B1%AC%20&oid=1109249 HTTP/1.1" 200 3357
66.249.71.136 - - [09/Jun/2016:07:58:08 +0800] "GET /digiarch_en/content/repository/resource_content.jsp?oid=1554978&queryString=%E5%B7%A5%E6%A5%AD%E5%8C%96%20%E9%87%8D%E5%B7%A5%E6%A5%AD HTTP/1.1" 200 23207
66.249.71.136 - - [09/Jun/2016:07:58:18 +0800] "GET /content/nav/relationSubject.jsp?relationWords=%E5%BD%A9%E8%99%B9+%E5%BD%A9%E8%99%B9%E8%9F%B2%E6%98%8C%E8%9E%BA+%E8%85%B9%E8%B6%B3%E7%B6%B1+%E9%90%98%E8%9E%BA+%E9%90%98%E8%9E%BA%E7%A7%91+&oid=523235 HTTP/1.1" 200 3491
66.249.71.136 - - [09/Jun/2016:07:58:20 +0800] "GET /content/nav/relationSubject.jsp?relationWords=%E5%BD%A9%E8%99%B9%20%E5%BD%A9%E8%99%B9%E8%9F%B2%E6%98%8C%E8%9E%BA%20%E8%85%B9%E8%B6%B3%E7%B6%B1%20%E9%90%98%E8%9E%BA%20%E9%90%98%E8%9E%BA%E7%A7%91%20&oid=523235 HTTP/1.1" 200 3491
66.249.71.136 - - [09/Jun/2016:07:58:54 +0800] "GET /digiarch_en/content/repository/resource_content.jsp?oid=4451230&queryString=%E7%9A%87%E8%BB%8D%20%E8%81%AF%E9%9A%8A%E6%97%97 HTTP/1.1" 200 22655
66.249.71.136 - - [09/Jun/2016:07:59:40 +0800] "GET /digiarch_en/content/repository/resource_content.jsp?oid=2152495&queryString=%E6%A4%8D%E7%89%A9%E7%95%8C%20%E6%A5%93%E9%A6%99%20%E6%A5%93%E9%A6%99%E5%B1%AC%20%E9%87%91%E7%B8%B7%E6%A2%85%20%E9%87%91%E7%B8%B7%E6%A2%85%E7%A7%91 HTTP/1.1" 200 23621
68.180.228.229 - - [09/Jun/2016:07:59:58 +0800] "GET /content/repository/resource_content.jsp?oid=1116185 HTTP/1.1" 200 31451
110.30.132.3 - - [09/Jun/2016:08:00:18 +0800] "GET /content/repository/resource_content.jsp?oid=16320&queryString=%E5%A4%A7%E7%9C%BC%E9%87%91%E6%A2%AD%E9%AD%9A%20%E5%B7%B4%E6%8B%89%E5%BA%AB%E7%AD%94%20%E7%AB%B9%E6%A2%AD%20%E9%87%91%E6%A2%AD%E9%AD%9A HTTP/1.1" 200 34655
110.30.132.3 - - [09/Jun/2016:08:00:21 +0800] "GET /content/nav/relationSubject.jsp?relationWords=%E5%B7%B4%E6%8B%89%E5%BA%AB%E7%AD%94+%E6%97%A5%E6%9C%AC%E9%87%91%E6%A2%AD%E9%AD%9A+%E6%A2%AD%E9%AD%9A+%E7%AB%B9%E6%A2%AD+%E9%87%91%E6%A2%AD+%E9%87%91%E6%A2%AD%E9%AD%9A+&oid=16320 HTTP/1.1" 200 3664
66.249.71.136 - - [09/Jun/2016:08:00:27 +0800] "GET /content/repository/resource_content.jsp?oid=1109388 HTTP/1.1" 200 31581
66.249.71.166 - - [09/Jun/2016:08:00:32 +0800] "GET /content/subject/resource_content.jsp?oid=16777409&queryType=qs&queryString=%E9%81%8A%E7%89%A7%E6%B0%91%E6%97%8F HTTP/1.1" 200 37827
66.249.71.152 - - [09/Jun/2016:08:01:07 +0800] "GET /content/nav/relationSubject.jsp?relationWords=%E4%B9%9E%E6%A0%B8+%E4%BA%BA%E5%90%8D%E6%AC%8A%E5%A8%81+&oid=741397 HTTP/1.1" 200 3355
66.249.71.152 - - [09/Jun/2016:08:01:08 +0800] "GET /content/nav/relationSubject.jsp?relationWords=%E4%B9%9E%E6%A0%B8%20%E4%BA%BA%E5%90%8D%E6%AC%8A%E5%A8%81%20&oid=741397 HTTP/1.1" 200 3355
66.249.71.136 - - [09/Jun/2016:08:01:13 +0800] "GET /content/repository/resource_content.jsp?oid=4352040&queryString=%E7%9F%AD%E5%90%BB%E8%85%94%E5%90%BB%E9%B1%88%20%E9%BC%A0%E5%B0%BE%E9%B1%88%E7%A7%91 HTTP/1.1" 200 34678
66.249.71.136 - - [09/Jun/2016:08:01:20 +0800] "GET /content/nav/relationSubject.jsp?relationWords=%E5%9C%B0%E6%94%BF%E5%B1%80+%E9%A3%AD%E9%80%9F+&oid=1543197 HTTP/1.1" 200 4994
66.249.71.136 - - [09/Jun/2016:08:01:24 +0800] "GET /content/nav/relationSubject.jsp?relationWords=%E5%9C%B0%E6%94%BF%E5%B1%80%20%E9%A3%AD%E9%80%9F%20&oid=1543197 HTTP/1.1" 200 4994
66.249.79.200 - - [09/Jun/2016:08:01:59 +0800] "GET /digiarch_en/content/repository/resource_content.jsp?oid=1887176&queryString=%E7%AC%AC%E4%B8%80%E5%9B%9E HTTP/1.1" 200 24454
66.249.71.152 - - [09/Jun/2016:08:02:46 +0800] "GET /content/repository/resource_content.jsp?oid=1523561&queryType=qs&queryString=%E9%BB%83%E4%BD%B3 HTTP/1.1" 200 29270
66.249.71.136 - - [09/Jun/2016:08:02:46 +0800] "GET /content/nav/relationSubject.jsp?relationWords=%E5%BE%8C%E5%A4%A7%E5%9F%94%E7%9F%B3%E6%AB%9F+%E6%A4%8D%E7%89%A9%E7%95%8C+%E6%AB%9F%E5%B1%AC+%E6%AE%BC%E6%96%97%E7%A7%91+%E7%9F%B3%E6%AB%9F+%E7%9F%B3%E6%AB%9F%E5%B1%AC+&oid=2151244 HTTP/1.1" 200 3576
66.249.71.136 - - [09/Jun/2016:08:02:49 +0800] "GET /content/nav/relationSubject.jsp?relationWords=%E5%BE%8C%E5%A4%A7%E5%9F%94%E7%9F%B3%E6%AB%9F%20%E6%A4%8D%E7%89%A9%E7%95%8C%20%E6%AB%9F%E5%B1%AC%20%E6%AE%BC%E6%96%97%E7%A7%91%20%E7%9F%B3%E6%AB%9F%20%E7%9F%B3%E6%AB%9F%E5%B1%AC%20&oid=2151244 HTTP/1.1" 200 3576
66.249.79.186 - - [09/Jun/2016:08:02:50 +0800] "GET /digiarch3/content/nav/relationSubject.jsp?relationWords=%E9%A6%AC%E5%8F%A3%E9%AD%9A+%E9%AF%89%E7%A7%91+&oid=4354587 HTTP/1.1" 200 3086
66.249.71.199 - - [09/Jun/2016:08:02:55 +0800] "GET /digiarch3/content/nav/relationSubject.jsp?relationWords=%E9%A6%AC%E5%8F%A3%E9%AD%9A%20%E9%AF%89%E7%A7%91%20&oid=4354587 HTTP/1.1" 200 3086
66.249.79.244 - - [09/Jun/2016:08:03:11 +0800] "GET /content/repository/resource_content.jsp?oid=4361793&queryType=qs&queryString=%E7%A5%88%E7%A6%B1%E7%AE%B1 HTTP/1.1" 200 29334
66.249.71.136 - - [09/Jun/2016:08:03:32 +0800] "GET /content/repository/resource_content.jsp?oid=3820351&queryString=%E5%A4%A7%E8%8A%B1%E7%B4%AB%E8%96%87 HTTP/1.1" 200 31647
66.249.71.136 - - [09/Jun/2016:08:04:19 +0800] "GET /content/repository/resource_content.jsp?oid=2565794 HTTP/1.1" 200 28930
66.249.71.136 - - [09/Jun/2016:08:05:05 +0800] "GET /content/repository/resource_content.jsp?oid=1889734&queryString=%E6%A5%8A%E7%A7%8B%E8%88%88%20%E9%82%B1%E8%8C%82%E7%94%B7%20%E9%BB%83%E6%B0%B8 HTTP/1.1" 200 29220
66.249.71.136 - - [09/Jun/2016:08:05:25 +0800] "GET /content/nav/relationSubject.jsp?relationWords=&oid=2583122 HTTP/1.1" 200 1405
66.249.79.200 - - [09/Jun/2016:08:05:52 +0800] "GET /content/repository/resource_content.jsp?oid=1610327 HTTP/1.1" 200 28794
66.249.71.200 - - [09/Jun/2016:08:05:57 +0800] "GET /content/subject/resource_content.jsp?oid=16777306&queryType=qs&queryString=%E8%A1%8C%E9%81%93%E6%A8%B9 HTTP/1.1" 200 32087
49.158.102.184 - - [09/Jun/2016:08:06:04 +0800] "GET /content/repository/resource_content.jsp?oid=1124539&queryType=qs&queryString=%E6%B7%B1%E8%A4%90%E8%89%B2 HTTP/1.1" 200 37882
