66.249.71.60 - - [17/Jun/2015:00:00:31 +0800] "GET /digiarch_en/content/subject/resource_content.jsp?oid=16777470&queryType=qc HTTP/1.1" 200 23828
210.186.58.123 - - [17/Jun/2015:00:02:41 +0800] "GET /content/nav/relationSubject.jsp?relationWords=&oid=16777576 HTTP/1.1" 200 1405
203.218.211.245 - - [17/Jun/2015:00:02:50 +0800] "GET /content/nav/relationSubject.jsp?relationWords=%E5%A4%A7%E8%8A%B1%E7%B4%AB%E8%96%87+%E7%B4%AB%E8%96%87+&oid=16777378 HTTP/1.1" 200 4054
66.249.71.64 - - [17/Jun/2015:00:03:19 +0800] "GET /content/pictures/picture_content.jsp?oid=33554785&queryType=qc HTTP/1.1" 200 27682
66.249.71.64 - - [17/Jun/2015:00:03:22 +0800] "GET /content/repository/resource_content.jsp?oid=1628784 HTTP/1.1" 200 29036
157.55.39.11 - - [17/Jun/2015:00:04:05 +0800] "GET /content/subject/resource_content.jsp?oid=16777566&queryType=qc HTTP/1.1" 200 31759
66.249.71.64 - - [17/Jun/2015:00:04:13 +0800] "GET /content/nav/relationSubject.jsp?relationWords=%E5%88%A9%E7%94%9F%20%E6%9E%97%E7%AB%AF%E7%8F%8D%20%E7%9C%81%E6%94%BF%E5%BA%9C%20%E7%9C%81%E8%AD%B0%E6%9C%83%20%E7%B8%A3%E8%AD%B0%E5%93%A1%20%E8%87%A8%E6%99%82%E7%9C%81%E8%AD%B0%E6%9C%83%20%E8%87%BA%E7%81%A3%E7%9C%81%20%E8%BE%B2%E6%9C%83%E7%90%86%E4%BA%8B%20&oid=1527634 HTTP/1.1" 200 5663
66.249.71.64 - - [17/Jun/2015:00:04:40 +0800] "GET /content/repository/resource_content.jsp?oid=1618801 HTTP/1.1" 200 28862
203.218.211.245 - - [17/Jun/2015:00:05:09 +0800] "GET /content/repository/resource_content.jsp?oid=3820351&queryString=%E5%A4%A7%E8%8A%B1%E7%B4%AB%E8%96%87%20%E7%B4%AB%E8%96%87 HTTP/1.1" 200 31489
203.218.211.245 - - [17/Jun/2015:00:05:11 +0800] "GET /content/subject/resource_content.jsp?oid=16777412&queryString=%E5%A4%A7%E8%8A%B1%E7%B4%AB%E8%96%87%20%E7%B4%AB%E8%96%87 HTTP/1.1" 200 34169
123.125.71.57 - - [17/Jun/2015:00:05:14 +0800] "GET /content/tmp_exh/resource_content.jsp?oid=16777800&queryType=qc HTTP/1.1" 200 31817
66.249.79.45 - - [17/Jun/2015:00:05:23 +0800] "GET /content/nav/relationSubject.jsp?relationWords=%E6%A4%8D%E7%89%A9%E7%95%8C+%E7%98%A4%E6%9E%9C%E8%8F%8A+%E8%8F%8A%E7%A7%91+%E8%B1%AC%E8%8D%89+%E8%B1%AC%E8%8D%89%E5%B1%AC+%E9%9B%99%E5%AD%90%E8%91%89+%E9%9B%99%E5%AD%90%E8%91%89%E6%A4%8D%E7%89%A9+&oid=1108359 HTTP/1.1" 200 3420
66.249.71.64 - - [17/Jun/2015:00:05:24 +0800] "GET /content/nav/relationSubject.jsp?relationWords=%E6%A4%8D%E7%89%A9%E7%95%8C%20%E7%98%A4%E6%9E%9C%E8%8F%8A%20%E8%8F%8A%E7%A7%91%20%E8%B1%AC%E8%8D%89%20%E8%B1%AC%E8%8D%89%E5%B1%AC%20%E9%9B%99%E5%AD%90%E8%91%89%20%E9%9B%99%E5%AD%90%E8%91%89%E6%A4%8D%E7%89%A9%20&oid=1108359 HTTP/1.1" 200 3420
68.180.229.54 - - [17/Jun/2015:00:05:29 +0800] "GET /content/subject/resource_content.jsp?oid=16797244&queryType=qc HTTP/1.1" 200 50441
157.55.39.11 - - [17/Jun/2015:00:05:47 +0800] "GET /content/subject/resource_content.jsp?oid=16777841&queryType=qc HTTP/1.1" 200 27550
66.249.71.36 - - [17/Jun/2015:00:07:26 +0800] "GET /content/repository/resource_content.jsp?oid=15242&queryString=%E7%A1%AC%E5%B0%BE HTTP/1.1" 200 34146
207.46.13.99 - - [17/Jun/2015:00:07:31 +0800] "GET /content/subject/resource_content.jsp?oid=16777469&queryType=qc HTTP/1.1" 200 31184
157.55.39.11 - - [17/Jun/2015:00:08:01 +0800] "GET /content/subject/resource_content.jsp?oid=16797246&queryType=qc HTTP/1.1" 200 43650
157.55.39.11 - - [17/Jun/2015:00:08:04 +0800] "GET /content/subject/resource_content.jsp?oid=16777507&queryType=qc HTTP/1.1" 200 49540
61.20.227.93 - - [17/Jun/2015:00:08:32 +0800] "GET /content/nav/relationSubject.jsp?relationWords=%E9%98%BF%E5%8B%83%E5%8B%92+&oid=16777368 HTTP/1.1" 200 2917
66.249.71.3 - - [17/Jun/2015:00:08:50 +0800] "GET /content/subject/resource_content.jsp?oid=16777769&queryType=qc HTTP/1.1" 200 41392
66.249.71.54 - - [17/Jun/2015:00:10:06 +0800] "GET /content/nav/relationSubject.jsp?relationWords=%E5%8D%B0%E7%B5%90+%E5%90%8F%E9%83%A8+%E7%A7%BB%E9%80%81+%E9%A9%97%E5%B0%81%E5%8F%B8+&oid=2652077 HTTP/1.1" 200 4960
114.36.234.105 - - [17/Jun/2015:00:10:24 +0800] "GET /content/repository/resource_content.jsp?oid=1624993 HTTP/1.1" 200 29189
114.36.234.105 - - [17/Jun/2015:00:10:25 +0800] "GET /content/nav/relationSubject.jsp?relationWords=%E5%9C%8B%E6%B0%91%E6%95%99%E8%82%B2+%E9%87%91%E8%9E%8D+%E9%9D%92%E5%B9%B4%E5%85%AC%E5%8F%B8+&oid=1624993 HTTP/1.1" 200 4889
66.249.71.72 - - [17/Jun/2015:00:10:59 +0800] "GET /content/repository/resource_content.jsp?oid=14953&queryString=%E7%B4%85%E9%BB%83%E5%B8%B6%E8%8A%B1%E9%AE%A8%20%E8%8A%B1%E9%AE%A8%20%E8%8A%B1%E9%B1%B8 HTTP/1.1" 200 34376
114.36.234.105 - - [17/Jun/2015:00:11:07 +0800] "GET /content/repository/resource_content.jsp?oid=1624993 HTTP/1.1" 200 29189
114.36.234.105 - - [17/Jun/2015:00:11:08 +0800] "GET /content/nav/relationSubject.jsp?relationWords=%E5%9C%8B%E6%B0%91%E6%95%99%E8%82%B2+%E9%87%91%E8%9E%8D+%E9%9D%92%E5%B9%B4%E5%85%AC%E5%8F%B8+&oid=1624993 HTTP/1.1" 200 4889
120.105.223.82 - - [17/Jun/2015:00:11:09 +0800] "GET /content/repository/resource_content.jsp?oid=2145026 HTTP/1.1" 200 31600
120.105.223.82 - - [17/Jun/2015:00:11:11 +0800] "GET /content/nav/relationSubject.jsp?relationWords=%E5%B0%8F%E6%AF%9B+%E5%B0%8F%E6%AF%9B%E8%95%A8+%E6%98%9F%E8%95%A8+%E6%A4%8D%E7%89%A9%E7%95%8C+%E6%AF%9B%E8%95%A8+%E6%AF%9B%E8%95%A8%E5%B1%AC+%E6%B0%B4%E9%BE%8D%E9%AA%A8+%E8%95%A8%E5%B1%AC+%E8%95%A8%E9%A1%9E%E6%A4%8D%E7%89%A9+%E9%87%91%E6%98%9F%E8%95%A8+&oid=2145026 HTTP/1.1" 200 3613
66.249.79.132 - - [17/Jun/2015:00:11:14 +0800] "GET /content/nav/relationSubject.jsp?relationWords=%E5%8D%B0%E7%B5%90%20%E5%90%8F%E9%83%A8%20%E7%A7%BB%E9%80%81%20%E9%A9%97%E5%B0%81%E5%8F%B8%20&oid=2652077 HTTP/1.1" 200 4960
66.249.71.64 - - [17/Jun/2015:00:11:28 +0800] "GET /content/repository/resource_content.jsp?oid=1621861 HTTP/1.1" 200 29093
120.105.223.82 - - [17/Jun/2015:00:12:35 +0800] "GET /content/repository/resource_content.jsp?oid=1110685&queryType=null&queryString=%E8%8A%92%E8%90%81 HTTP/1.1" 200 29842
120.105.223.82 - - [17/Jun/2015:00:12:36 +0800] "GET /content/nav/relationSubject.jsp?relationWords=%E8%8A%92%E8%90%81+%E8%8A%92%E8%90%81%E5%B1%AC+&oid=1110685 HTTP/1.1" 200 1897
42.74.117.222 - - [17/Jun/2015:00:12:41 +0800] "GET /content/tmp_tec/resource_content.jsp?oid=16777753 HTTP/1.1" 200 33902
42.74.117.222 - - [17/Jun/2015:00:12:45 +0800] "GET /content/nav/relationSubject.jsp?relationWords=GIS+%E6%95%B8%E4%BD%8D%E5%85%B8%E8%97%8F+%E9%81%99%E6%B8%AC+%E9%81%99%E6%B8%AC%E5%BD%B1%E5%83%8F+&oid=16777753 HTTP/1.1" 200 9620
66.249.71.64 - - [17/Jun/2015:00:13:09 +0800] "GET /content/repository/resource_content.jsp?oid=14953&queryString=%E7%B4%85%E9%BB%83%E5%B8%B6%E8%8A%B1%E9%AE%A8%20%E8%8A%B1%E9%B1%B8 HTTP/1.1" 200 34376
36.233.13.84 - - [17/Jun/2015:00:15:09 +0800] "GET /content/repository/resource_content.jsp?oid=1115112&queryString=%E5%8D%81%E5%AD%97%E8%8A%B1%E7%A7%91%20%E6%A4%8D%E7%89%A9%E7%95%8C%20%E7%8E%89%E5%B1%B1%E7%AD%B7%E5%AD%90%E8%8A%A5%20%E7%AD%B7%E5%AD%90%E8%8A%A5%E5%B1%AC%20%E9%9B%99%E5%AD%90%E8%91%89%E6%A4%8D%E7%89%A9 HTTP/1.1" 200 32111
36.233.13.84 - - [17/Jun/2015:00:15:11 +0800] "GET /content/nav/relationSubject.jsp?relationWords=%E5%8D%81%E5%AD%97%E8%8A%B1%E7%A7%91+%E6%A4%8D%E7%89%A9%E7%95%8C+%E7%8E%89%E5%B1%B1%E7%AD%B7%E5%AD%90%E8%8A%A5+%E7%AD%B7%E5%AD%90%E8%8A%A5+%E7%AD%B7%E5%AD%90%E8%8A%A5%E5%B1%AC+%E9%9B%99%E5%AD%90%E8%91%89+%E9%9B%99%E5%AD%90%E8%91%89%E6%A4%8D%E7%89%A9+&oid=1115112 HTTP/1.1" 200 3698
66.249.71.72 - - [17/Jun/2015:00:15:26 +0800] "GET /content/subject/resource_content.jsp?oid=16777398 HTTP/1.1" 200 28967
66.249.71.60 - - [17/Jun/2015:00:17:31 +0800] "GET /content/repository/resource_content.jsp?oid=1461020&queryString=%E5%BF%8D%E5%86%AC%E7%A7%91%20%E6%A4%8D%E7%89%A9%E7%95%8C%20%E7%B4%85%E5%AD%90 HTTP/1.1" 200 31179
1.168.84.16 - - [17/Jun/2015:00:17:49 +0800] "GET /content/repository/resource_content.jsp?oid=3811122&queryString=%E5%8F%B0%E7%81%A3%E6%9C%88%E6%A1%83%20%E6%9C%88%E6%A1%83%E5%B1%AC HTTP/1.1" 200 30605
1.168.84.16 - - [17/Jun/2015:00:17:49 +0800] "GET /content/nav/relationSubject.jsp?relationWords=%E5%8F%B0%E7%81%A3%E6%9C%88%E6%A1%83+%E6%9C%88%E6%A1%83%E5%B1%AC+%E6%A4%8D%E7%89%A9%E7%95%8C+%E8%96%91%E7%A7%91+&oid=3811122 HTTP/1.1" 200 3111
220.181.108.90 - - [17/Jun/2015:00:18:02 +0800] "GET /content/pictures/picture_content.jsp?oid=33554748 HTTP/1.1" 200 27252
66.249.71.64 - - [17/Jun/2015:00:19:15 +0800] "GET /content/nav/relationSubject.jsp?relationWords=%E4%B8%80%E5%AD%97%E5%80%92%E5%90%8A+%E4%B8%80%E5%AD%97%E5%88%BA%E5%B0%BE%E9%AF%9B+%E5%88%BA%E5%B0%BE%E9%AD%9A+%E5%88%BA%E5%B0%BE%E9%AF%9B+%E5%88%BA%E5%B0%BE%E9%AF%9B%E7%A7%91+%E6%A9%99%E6%96%91%E5%88%BA%E5%B0%BE%E9%AD%9A+%E7%B4%85%E5%8D%B0%E5%80%92%E5%90%8A+%E9%AF%9B%E7%A7%91+&oid=4352254 HTTP/1.1" 200 3794
66.249.71.60 - - [17/Jun/2015:00:19:17 +0800] "GET /content/nav/relationSubject.jsp?relationWords=%E4%B8%80%E5%AD%97%E5%80%92%E5%90%8A%20%E4%B8%80%E5%AD%97%E5%88%BA%E5%B0%BE%E9%AF%9B%20%E5%88%BA%E5%B0%BE%E9%AD%9A%20%E5%88%BA%E5%B0%BE%E9%AF%9B%20%E5%88%BA%E5%B0%BE%E9%AF%9B%E7%A7%91%20%E6%A9%99%E6%96%91%E5%88%BA%E5%B0%BE%E9%AD%9A%20%E7%B4%85%E5%8D%B0%E5%80%92%E5%90%8A%20%E9%AF%9B%E7%A7%91%20&oid=4352254 HTTP/1.1" 200 3794
66.249.71.36 - - [17/Jun/2015:00:19:33 +0800] "GET /content/repository/resource_content.jsp?oid=15307&queryString=%E7%AC%9B%E9%AF%9B%E7%A7%91%20%E8%97%8D%E5%B8%B6%E7%AC%9B%E9%AF%9B%20%E8%B5%A4%E7%AD%86%E4%BB%94 HTTP/1.1" 200 34948
66.249.71.60 - - [17/Jun/2015:00:19:43 +0800] "GET /content/repository/resource_content.jsp?oid=1099744 HTTP/1.1" 200 31806
66.249.71.60 - - [17/Jun/2015:00:21:55 +0800] "GET /content/repository/resource_content.jsp?oid=2511128 HTTP/1.1" 200 29716
68.180.229.54 - - [17/Jun/2015:00:23:12 +0800] "GET /content/repository/resource_content.jsp?oid=523999&queryType=qc HTTP/1.1" 200 36551
182.118.22.229 - - [17/Jun/2015:00:23:50 +0800] "GET /?oid=16777620&queryType=qc%253E HTTP/1.1" 200 117174
66.249.71.64 - - [17/Jun/2015:00:24:08 +0800] "GET /content/repository/resource_content.jsp?oid=2513922 HTTP/1.1" 200 29643
180.153.236.57 - - [17/Jun/2015:00:24:29 +0800] "GET /content/tmp_tec/resource_content.jsp?oid=16777706 HTTP/1.1" 200 45935
66.249.71.72 - - [17/Jun/2015:00:24:58 +0800] "GET /content/nav/relationSubject.jsp?relationWords=%E6%94%BF%E5%BA%9C%E5%AE%98%E5%93%A1+%E6%9D%B1%E9%96%94+%E6%9E%97%E6%98%8E%E5%BE%B7+%E7%81%BD%E5%AE%B3%E6%87%89%E8%AE%8A+%E8%94%A1%E6%9D%8E%E9%B4%A6+%E8%AC%9D%E6%9D%B1%E9%96%94+%E8%AD%B0%E9%95%B7+%E8%B3%AA%E8%A9%A2+%E9%99%B3%E9%87%8D%E5%85%89+&oid=1565353 HTTP/1.1" 200 7341
66.249.71.64 - - [17/Jun/2015:00:25:05 +0800] "GET /content/nav/relationSubject.jsp?relationWords=%E6%94%BF%E5%BA%9C%E5%AE%98%E5%93%A1%20%E6%9D%B1%E9%96%94%20%E6%9E%97%E6%98%8E%E5%BE%B7%20%E7%81%BD%E5%AE%B3%E6%87%89%E8%AE%8A%20%E8%94%A1%E6%9D%8E%E9%B4%A6%20%E8%AC%9D%E6%9D%B1%E9%96%94%20%E8%AD%B0%E9%95%B7%20%E8%B3%AA%E8%A9%A2%20%E9%99%B3%E9%87%8D%E5%85%89%20&oid=1565353 HTTP/1.1" 200 7341
180.76.15.148 - - [17/Jun/2015:00:25:21 +0800] "GET /content/repository/resource_content.jsp?oid=1098249&queryString=%E5%86%AC%E9%9D%92%E5%B1%AC%20%E7%87%88%E7%A8%B1%E8%8A%B1 HTTP/1.1" 200 31262
117.19.227.64 - - [17/Jun/2015:00:25:24 +0800] "GET /content/nav/relationSubject.jsp?relationWords=&oid=16777342 HTTP/1.1" 200 1405
66.249.71.72 - - [17/Jun/2015:00:26:25 +0800] "GET /content/repository/resource_content.jsp?oid=2545126 HTTP/1.1" 200 29200
188.165.15.240 - - [17/Jun/2015:00:27:11 +0800] "GET /digiarch3/content/subject/resource_content.jsp?oid=16777345&queryType=qc HTTP/1.1" 200 35062
66.249.71.60 - - [17/Jun/2015:00:27:38 +0800] "GET /content/repository/resource_content.jsp?oid=16356&queryString=%E6%97%97%E9%AD%9A HTTP/1.1" 200 35243
157.55.39.11 - - [17/Jun/2015:00:27:45 +0800] "GET /content/subject/resource_content.jsp?oid=16777728&queryType=qc HTTP/1.1" 200 65196
140.112.246.127 - - [17/Jun/2015:00:28:08 +0800] "GET /content/repository/resource_content.jsp?oid=1847936&queryType=qs&queryString=%E7%B0%8B HTTP/1.1" 200 30472
140.112.246.127 - - [17/Jun/2015:00:28:09 +0800] "GET /content/nav/relationSubject.jsp?relationWords=%E9%99%B6%E7%B0%8B+&oid=1847936 HTTP/1.1" 200 2981
66.249.71.64 - - [17/Jun/2015:00:28:42 +0800] "GET /digiarch_en/content/repository/resource_content.jsp?oid=2683537&queryString=%E5%A0%82%E9%8A%9C%20%E5%BB%82%E7%B4%85%E6%97%97%20%E6%97%97%E6%BB%BF%E6%B4%B2%20%E7%8E%8B%E5%A4%A7%E8%87%A3 HTTP/1.1" 200 24639
180.76.15.33 - - [17/Jun/2015:00:28:46 +0800] "GET /content/subject/resource_content.jsp?oid=16777609&queryType=qc HTTP/1.1" 200 58370
180.76.15.134 - - [17/Jun/2015:00:28:47 +0800] "GET /content/repository/resource_content.jsp?oid=1107821 HTTP/1.1" 200 30973
220.181.108.91 - - [17/Jun/2015:00:28:49 +0800] "GET /content/repository/resource_content.jsp?oid=587503 HTTP/1.1" 200 28536
118.171.26.4 - - [17/Jun/2015:00:28:52 +0800] "GET /content/subject/resource_content.jsp?oid=16777395&queryString HTTP/1.1" 200 33632
118.171.26.4 - - [17/Jun/2015:00:28:54 +0800] "GET /content/nav/relationSubject.jsp?relationWords=&oid=16777395 HTTP/1.1" 200 1405
66.249.71.45 - - [17/Jun/2015:00:28:59 +0800] "GET /content/repository/resource_content.jsp?oid=2546537&queryType=qs&queryString=%E7%AE%A1%E5%AF%A7 HTTP/1.1" 200 29157
66.249.71.3 - - [17/Jun/2015:00:31:02 +0800] "GET /content/repository/resource_content.jsp?oid=1123925&queryString=%E5%8F%B0%E7%81%A3%E7%90%83%E8%9D%B8%E7%89%9B%20%E6%89%81%E8%9D%B8%E7%89%9B%E7%A7%91%20%E6%9F%84%E7%9C%BC%E7%9B%AE%20%E8%85%B9%E8%B6%B3%E7%B6%B1 HTTP/1.1" 200 34700
66.249.71.60 - - [17/Jun/2015:00:31:40 +0800] "GET /content/subject/resource_content.jsp?oid=16777348 HTTP/1.1" 200 47948
140.112.246.127 - - [17/Jun/2015:00:31:56 +0800] "GET /content/repository/resource_content.jsp?oid=1852517&queryType=null&queryString=%E7%9F%B3%E7%B0%8B HTTP/1.1" 200 29416
140.112.246.127 - - [17/Jun/2015:00:31:57 +0800] "GET /content/nav/relationSubject.jsp?relationWords=%E6%AE%98%E7%89%87+%E7%9F%B3%E7%B0%8B%E6%AE%98%E7%89%87+&oid=1852517 HTTP/1.1" 200 3064
140.112.246.127 - - [17/Jun/2015:00:32:09 +0800] "GET /content/repository/resource_content.jsp?oid=523600&queryType=qc HTTP/1.1" 200 37809
140.112.246.127 - - [17/Jun/2015:00:32:09 +0800] "GET /content/nav/relationSubject.jsp?relationWords=%E5%B9%B3%E8%A1%8C%E7%B7%9A%E8%9C%91%E8%9E%BA+%E6%B2%B3%E8%9C%91%E8%9E%BA%E5%B1%AC+%E8%85%B9%E8%B6%B3%E7%B6%B1+%E8%9C%91%E8%9E%BA+&oid=523600 HTTP/1.1" 200 3449
180.76.15.137 - - [17/Jun/2015:00:32:12 +0800] "GET /content/repository/resource_content.jsp?oid=1098117&queryString=%E5%8D%81%E5%AD%97%E8%8A%B1%E7%A7%91%20%E6%A4%8D%E7%89%A9%E7%95%8C%20%E6%BF%B1%E8%90%8A%E8%8F%94%20%E8%90%8A%E8%8F%94%E5%B1%AC%20%E9%9B%99%E5%AD%90%E8%91%89%E6%A4%8D%E7%89%A9 HTTP/1.1" 200 31546
66.249.71.64 - - [17/Jun/2015:00:33:22 +0800] "GET /content/nav/relationSubject.jsp?relationWords=%E6%8E%A5%E9%AA%A8%E6%9C%A8+%E6%A4%8D%E7%89%A9%E7%95%8C+%E7%B4%85%E6%9E%9C+%E7%B4%85%E6%9E%9C%E9%87%91%E7%B2%9F%E8%98%AD+%E8%8D%89%E7%8F%8A%E7%91%9A+%E8%8D%89%E7%8F%8A%E7%91%9A%E5%B1%AC+%E9%87%91%E7%B2%9F+%E9%87%91%E7%B2%9F%E8%98%AD+%E9%87%91%E7%B2%9F%E8%98%AD%E7%A7%91+&oid=1106165 HTTP/1.1" 200 3683
66.249.79.32 - - [17/Jun/2015:00:33:24 +0800] "GET /content/nav/relationSubject.jsp?relationWords=%E6%8E%A5%E9%AA%A8%E6%9C%A8%20%E6%A4%8D%E7%89%A9%E7%95%8C%20%E7%B4%85%E6%9E%9C%20%E7%B4%85%E6%9E%9C%E9%87%91%E7%B2%9F%E8%98%AD%20%E8%8D%89%E7%8F%8A%E7%91%9A%20%E8%8D%89%E7%8F%8A%E7%91%9A%E5%B1%AC%20%E9%87%91%E7%B2%9F%20%E9%87%91%E7%B2%9F%E8%98%AD%20%E9%87%91%E7%B2%9F%E8%98%AD%E7%A7%91%20&oid=1106165 HTTP/1.1" 200 3683
140.112.246.127 - - [17/Jun/2015:00:33:36 +0800] "GET /content/repository/resource_content.jsp?oid=1870320&queryType=null&queryString=%E9%99%B6%E7%B0%8B HTTP/1.1" 200 30487
140.112.246.127 - - [17/Jun/2015:00:33:37 +0800] "GET /content/nav/relationSubject.jsp?relationWords=%E5%BD%A2%E5%99%A8%E6%AE%98+%E7%99%BD%E9%99%B6+%E7%B0%8B%E5%BD%A2+%E9%99%B6%E7%B0%8B+&oid=1870320 HTTP/1.1" 200 3148
66.249.71.127 - - [17/Jun/2015:00:35:38 +0800] "GET /content/repository/resource_content.jsp?oid=15217&queryString=%E5%8D%B0%E5%BA%A6%E7%B5%B2%20%E7%93%9C%E4%BB%94%20%E7%99%BD%E9%AC%9A%E5%85%AC%20%E9%8A%85%E9%8F%A1 HTTP/1.1" 200 33711
66.249.71.60 - - [17/Jun/2015:00:35:41 +0800] "GET /content/repository/resource_content.jsp?oid=1628149 HTTP/1.1" 200 28920
175.182.164.151 - - [17/Jun/2015:00:35:53 +0800] "GET /digiarch3/content/pictures/picture_content.jsp?oid=33554720&queryType=qs&queryString=%E8%95%A8%E9%A1%9E%E6%A4%8D%E7%89%A9 HTTP/1.1" 200 27423
175.182.164.151 - - [17/Jun/2015:00:35:54 +0800] "GET /digiarch3/content/nav/relationSubject.jsp?relationWords=%E8%90%8A%E6%B0%8F%E7%B7%9A%E8%95%A8+&oid=33554720 HTTP/1.1" 200 3185
68.180.229.54 - - [17/Jun/2015:00:36:29 +0800] "GET /content/tmp_exh/resource_content.jsp?oid=16777750&queryType=qc HTTP/1.1" 200 32507
123.125.71.94 - - [17/Jun/2015:00:37:08 +0800] "GET /content/tmp_auth/resource_content.jsp?oid=16777410 HTTP/1.1" 200 25394
66.249.79.161 - - [17/Jun/2015:00:37:14 +0800] "GET /content/repository/resource_content.jsp?oid=1893950&queryString=%E5%AE%8B%E8%89%BE%E5%85%8B%20%E6%9E%97%E5%AE%97%E7%94%B7%20%E8%B6%99%E8%89%AF%E7%87%95%20%E9%84%AD%E9%87%91%E9%88%B4%20%E9%8D%BE%E7%B4%B9%E5%92%8C HTTP/1.1" 200 29410
188.165.15.240 - - [17/Jun/2015:00:38:54 +0800] "GET /content/subject/resource_content.jsp?oid=16777378&queryType=qc HTTP/1.1" 200 33337
101.226.167.230 - - [17/Jun/2015:00:38:55 +0800] "GET /digiarch3/content/subject/resource_content.jsp?oid=16777455&queryType=qc HTTP/1.1" 200 33619
150.70.173.14 - - [17/Jun/2015:00:39:04 +0800] "GET /digiarch3/content/pictures/picture_content.jsp?oid=33554720&queryType=qs&queryString=%E8%95%A8%E9%A1%9E%E6%A4%8D%E7%89%A9 HTTP/1.1" 200 27423
150.70.173.52 - - [17/Jun/2015:00:39:05 +0800] "GET /digiarch3/content/nav/relationSubject.jsp?relationWords=%E8%90%8A%E6%B0%8F%E7%B7%9A%E8%95%A8+&oid=33554720 HTTP/1.1" 200 3185
207.46.13.1 - - [17/Jun/2015:00:40:53 +0800] "GET /content/subject/resource_content.jsp?oid=16777842&queryType=qc HTTP/1.1" 200 36286
66.249.79.19 - - [17/Jun/2015:00:41:16 +0800] "GET /content/nav/relationSubject.jsp?relationWords=%E5%AF%B6%E7%9F%B3%E8%98%AD+%E7%B6%A0%E8%8A%B1%E5%AF%B6%E7%9F%B3%E8%98%AD+&oid=2143670 HTTP/1.1" 200 2554
66.249.71.60 - - [17/Jun/2015:00:41:18 +0800] "GET /content/nav/relationSubject.jsp?relationWords=%E5%AF%B6%E7%9F%B3%E8%98%AD%20%E7%B6%A0%E8%8A%B1%E5%AF%B6%E7%9F%B3%E8%98%AD%20&oid=2143670 HTTP/1.1" 200 2554
123.125.71.97 - - [17/Jun/2015:00:41:21 +0800] "GET /content/tmp_exh/resource_content.jsp?oid=16777729&queryString= HTTP/1.1" 200 45125
220.181.108.121 - - [17/Jun/2015:00:42:36 +0800] "GET /content/pictures/picture_content.jsp?oid=33554881&queryType=qc HTTP/1.1" 200 27855
66.249.71.64 - - [17/Jun/2015:00:43:40 +0800] "GET /content/nav/relationSubject.jsp?relationWords=%E5%87%86%E9%9B%80%E9%AF%9B+%E6%93%AC%E9%9B%80%E9%AF%9B%E7%A7%91+%E9%9B%80%E9%AF%9B+%E9%9B%80%E9%AF%9B%E7%A7%91+%E9%AF%9B%E7%A7%91+&oid=24163 HTTP/1.1" 200 3615
66.249.71.72 - - [17/Jun/2015:00:44:13 +0800] "GET /content/nav/relationSubject.jsp?relationWords=%E5%87%86%E9%9B%80%E9%AF%9B%20%E6%93%AC%E9%9B%80%E9%AF%9B%E7%A7%91%20%E9%9B%80%E9%AF%9B%20%E9%9B%80%E9%AF%9B%E7%A7%91%20%E9%AF%9B%E7%A7%91%20&oid=24163 HTTP/1.1" 200 3615
66.249.71.72 - - [17/Jun/2015:00:44:41 +0800] "GET /content/nav/relationSubject.jsp?relationWords=%E5%81%87%E7%B9%81%E7%B8%B7+%E5%81%87%E7%B9%81%E7%B8%B7%E5%B1%AC+%E6%A4%8D%E7%89%A9%E7%95%8C+%E7%9F%B3%E7%AB%B9+%E7%B2%9F%E7%B1%B3%E8%8D%89+%E7%B9%81%E7%B8%B7+%E7%B9%81%E7%B8%B7%E5%B1%AC+&oid=1457508 HTTP/1.1" 200 3490
66.249.71.64 - - [17/Jun/2015:00:44:43 +0800] "GET /content/nav/relationSubject.jsp?relationWords=%E5%81%87%E7%B9%81%E7%B8%B7%20%E5%81%87%E7%B9%81%E7%B8%B7%E5%B1%AC%20%E6%A4%8D%E7%89%A9%E7%95%8C%20%E7%9F%B3%E7%AB%B9%20%E7%B2%9F%E7%B1%B3%E8%8D%89%20%E7%B9%81%E7%B8%B7%20%E7%B9%81%E7%B8%B7%E5%B1%AC%20&oid=1457508 HTTP/1.1" 200 3490
107.184.60.38 - - [17/Jun/2015:00:46:43 +0800] "GET /content/nav/relationSubject.jsp?relationWords=%E6%9E%97%E7%A5%96%E5%A3%BD+%E8%93%AE%E8%88%AB+&oid=16777654 HTTP/1.1" 200 2701
66.249.71.45 - - [17/Jun/2015:00:47:04 +0800] "GET /content/repository/resource_content.jsp?oid=4588895&queryType=qs&queryString=%E9%9D%92%E7%93%B7 HTTP/1.1" 200 29745
66.249.71.60 - - [17/Jun/2015:00:47:50 +0800] "GET /content/subject/resource_content.jsp?oid=16777619&queryType=qs&queryString=%E5%A9%9A%E7%A6%AE%E7%BF%92%E4%BF%97 HTTP/1.1" 200 78740
120.108.80.187 - - [17/Jun/2015:00:48:18 +0800] "GET /content/nav/relationSubject.jsp?relationWords=%E8%96%9C%E8%8D%94+&oid=16777485 HTTP/1.1" 200 3561
66.249.71.36 - - [17/Jun/2015:00:49:04 +0800] "GET /content/repository/resource_content.jsp?oid=2644372&queryString=%E4%BF%9D%E6%98%8C HTTP/1.1" 200 30098
140.128.194.20 - - [17/Jun/2015:00:51:00 +0800] "GET /content/subject/resource_content.jsp?oid=16797240&queryType=qc HTTP/1.1" 200 42460
140.128.194.20 - - [17/Jun/2015:00:51:01 +0800] "GET /content/nav/relationSubject.jsp?relationWords=&oid=16797240 HTTP/1.1" 200 1405
66.249.71.72 - - [17/Jun/2015:00:51:53 +0800] "GET /content/subject/resource_content.jsp?oid=16777308 HTTP/1.1" 200 28084
220.181.108.177 - - [17/Jun/2015:00:55:10 +0800] "GET /content/pictures/picture_content.jsp?oid=33554884&queryType=qc HTTP/1.1" 200 27947
141.0.8.154 - - [17/Jun/2015:00:55:49 +0800] "GET /content/nav/relationSubject.jsp?relationWords=&oid=16777576 HTTP/1.1" 200 1405
141.0.8.154 - - [17/Jun/2015:00:55:49 +0800] "GET /content/nav/relationSubject.jsp?relationWords=&oid=16777576 HTTP/1.1" 200 1405
110.28.133.218 - - [17/Jun/2015:00:56:15 +0800] "GET /content/repository/resource_content.jsp?oid=4547998&queryString=%E7%98%A4%E7%8F%A0%E8%9E%BA%20%E8%85%B9%E8%B6%B3%E7%B6%B1%20%E8%A0%91%E8%9E%BA%E7%A7%91 HTTP/1.1" 200 30156
110.28.133.218 - - [17/Jun/2015:00:56:17 +0800] "GET /content/nav/relationSubject.jsp?relationWords=%E7%8F%A0%E8%9E%BA+%E7%98%A4%E7%8F%A0%E8%9E%BA+%E8%85%B9%E8%B6%B3%E7%B6%B1+%E8%A0%91%E8%9E%BA+%E8%A0%91%E8%9E%BA%E7%A7%91+%E8%BB%9F%E9%AB%94%E5%8B%95%E7%89%A9%E9%96%80+&oid=4547998 HTTP/1.1" 200 3516
66.249.71.60 - - [17/Jun/2015:00:57:31 +0800] "GET /content/nav/relationSubject.jsp?relationWords=%E6%AF%8D%E7%B3%BB%E7%A4%BE%E6%9C%83+&oid=1773974 HTTP/1.1" 200 2972
66.249.71.72 - - [17/Jun/2015:00:57:32 +0800] "GET /content/nav/relationSubject.jsp?relationWords=%E6%AF%8D%E7%B3%BB%E7%A4%BE%E6%9C%83%20&oid=1773974 HTTP/1.1" 200 2972
123.125.71.100 - - [17/Jun/2015:00:58:19 +0800] "GET /content/tmp_exh/resource_content.jsp?oid=16777686&queryType=qc HTTP/1.1" 200 29150
66.249.71.72 - - [17/Jun/2015:00:58:33 +0800] "GET /content/nav/relationSubject.jsp?relationWords=%E8%87%BA%E5%8C%97%E7%B8%A3+%E8%98%86%E6%B4%B2+%E8%98%86%E6%B4%B2%E9%84%89+%E9%83%BD%E5%B8%82%E5%BB%BA%E8%A8%AD+%E9%83%BD%E5%B8%82%E7%99%BC%E5%B1%95+&oid=1626999 HTTP/1.1" 200 4823
66.249.79.32 - - [17/Jun/2015:00:58:41 +0800] "GET /content/nav/relationSubject.jsp?relationWords=%E8%87%BA%E5%8C%97%E7%B8%A3%20%E8%98%86%E6%B4%B2%20%E8%98%86%E6%B4%B2%E9%84%89%20%E9%83%BD%E5%B8%82%E5%BB%BA%E8%A8%AD%20%E9%83%BD%E5%B8%82%E7%99%BC%E5%B1%95%20&oid=1626999 HTTP/1.1" 200 4823
114.25.36.223 - - [17/Jun/2015:00:58:43 +0800] "GET /content/nav/relationSubject.jsp?relationWords=%E5%A4%A7%E8%8A%B1%E7%B4%AB%E8%96%87+%E7%B4%AB%E8%96%87+&oid=16777378 HTTP/1.1" 200 4054
120.97.73.100 - - [17/Jun/2015:00:58:57 +0800] "GET /content/subject/resource_content.jsp?oid=16777706 HTTP/1.1" 200 53891
120.97.73.100 - - [17/Jun/2015:00:59:00 +0800] "GET /content/nav/relationSubject.jsp?relationWords=%E5%A0%A1%E5%9C%96+&oid=16777706 HTTP/1.1" 200 2864
110.28.133.218 - - [17/Jun/2015:00:59:16 +0800] "GET /content/repository/resource_content.jsp?oid=4547998&queryString=%E7%98%A4%E7%8F%A0%E8%9E%BA%20%E8%85%B9%E8%B6%B3%E7%B6%B1%20%E8%A0%91%E8%9E%BA%E7%A7%91 HTTP/1.1" 200 30156
110.28.133.218 - - [17/Jun/2015:00:59:16 +0800] "GET /content/nav/relationSubject.jsp?relationWords=%E7%8F%A0%E8%9E%BA+%E7%98%A4%E7%8F%A0%E8%9E%BA+%E8%85%B9%E8%B6%B3%E7%B6%B1+%E8%A0%91%E8%9E%BA+%E8%A0%91%E8%9E%BA%E7%A7%91+%E8%BB%9F%E9%AB%94%E5%8B%95%E7%89%A9%E9%96%80+&oid=4547998 HTTP/1.1" 200 3516
110.28.133.218 - - [17/Jun/2015:00:59:34 +0800] "GET /content/repository/resource_content.jsp?oid=4547964&queryString=%E7%8F%A0%E8%9E%BA HTTP/1.1" 200 30430
110.28.133.218 - - [17/Jun/2015:00:59:35 +0800] "GET /content/nav/relationSubject.jsp?relationWords=%E7%8F%A0%E8%9E%BA+%E8%85%B9%E8%B6%B3%E7%B6%B1+%E8%A0%91%E8%9E%BA+%E8%A0%91%E8%9E%BA%E7%A7%91+%E8%BB%9F%E9%AB%94%E5%8B%95%E7%89%A9%E9%96%80+&oid=4547964 HTTP/1.1" 200 3466
66.249.71.72 - - [17/Jun/2015:00:59:58 +0800] "GET /content/repository/resource_content.jsp?oid=4551105&queryString=%E6%93%AC%E7%83%8F%E8%B3%8A%20%E7%83%8F%E8%B3%8A%20%E8%BB%9F%E7%BF%85%E4%BB%94%20%E8%BB%9F%E7%BF%85%E4%BB%94%E5%B1%AC%20%E9%8E%96%E7%AE%A1%20%E9%8E%96%E7%AE%A1%E7%A7%91%20%E9%A0%AD%E8%B6%B3%20%E9%A0%AD%E8%B6%B3%E7%B6%B1 HTTP/1.1" 200 30425
157.55.39.11 - - [17/Jun/2015:01:00:02 +0800] "GET /content/tmp_auth/resource_content.jsp?oid=16777810 HTTP/1.1" 200 40602
66.249.71.64 - - [17/Jun/2015:01:00:27 +0800] "GET /content/nav/relationSubject.jsp?relationWords=%E4%BA%BA%E5%90%8D%E6%AC%8A%E5%A8%81+%E8%AB%8B%E5%AF%9F+&oid=743678 HTTP/1.1" 200 3140
66.249.71.72 - - [17/Jun/2015:01:00:29 +0800] "GET /content/nav/relationSubject.jsp?relationWords=%E4%BA%BA%E5%90%8D%E6%AC%8A%E5%A8%81%20%E8%AB%8B%E5%AF%9F%20&oid=743678 HTTP/1.1" 200 3140
150.70.172.231 - - [17/Jun/2015:01:01:19 +0800] "GET /digiarch3/content/pictures/picture_content.jsp?oid=33554720&queryType=qs&queryString=%25E8%2595%25A8%25E9%25A1%259E%25E6%25A4%258D%25E7%2589%25A9 HTTP/1.1" 200 27423
150.70.172.232 - - [17/Jun/2015:01:01:30 +0800] "GET /digiarch3/content/nav/relationSubject.jsp?relationWords=%25E8%2590%258A%25E6%25B0%258F%25E7%25B7%259A%25E8%2595%25A8+&oid=33554720 HTTP/1.1" 200 1442
207.46.13.1 - - [17/Jun/2015:01:03:33 +0800] "GET /content/subject/resource_content.jsp?oid=16777780&queryType=qc HTTP/1.1" 200 33947
118.167.183.173 - - [17/Jun/2015:01:05:20 +0800] "GET /content/nav/relationSubject.jsp?relationWords=%E5%A4%9A%E6%A8%A3%E6%80%A7+&oid=16777462 HTTP/1.1" 200 4316
66.249.71.72 - - [17/Jun/2015:01:05:20 +0800] "GET /content/nav/relationSubject.jsp?relationWords=%E5%B0%8A%E5%9A%B4%E6%A1%88+&oid=1628805 HTTP/1.1" 200 3390
66.249.71.64 - - [17/Jun/2015:01:05:22 +0800] "GET /content/nav/relationSubject.jsp?relationWords=%E5%B0%8A%E5%9A%B4%E6%A1%88%20&oid=1628805 HTTP/1.1" 200 3390
36.233.13.84 - - [17/Jun/2015:01:05:23 +0800] "GET /content/repository/resource_content.jsp?oid=3812050&queryString=%E5%A1%94%E5%A1%94%E5%8A%A0%E9%BE%8D%E8%86%BD%20%E6%A4%8D%E7%89%A9%E7%95%8C%20%E9%BE%8D%E8%86%BD%20%E9%BE%8D%E8%86%BD%E5%B1%AC%20%E9%BE%8D%E8%86%BD%E7%A7%91 HTTP/1.1" 200 31149
36.233.13.84 - - [17/Jun/2015:01:05:25 +0800] "GET /content/nav/relationSubject.jsp?relationWords=%E6%A4%8D%E7%89%A9%E7%95%8C+%E9%BB%83%E6%96%91+%E9%BB%83%E6%96%91%E9%BE%8D%E8%86%BD+%E9%BE%8D%E8%86%BD+%E9%BE%8D%E8%86%BD%E5%B1%AC+%E9%BE%8D%E8%86%BD%E7%A7%91+&oid=3812050 HTTP/1.1" 200 3707
66.249.71.72 - - [17/Jun/2015:01:08:03 +0800] "GET /content/repository/resource_content.jsp?oid=1892532&queryString=%E6%99%AF%E6%98%9F%20%E9%99%B3%E6%98%8E%E6%96%87 HTTP/1.1" 200 28762
66.249.71.54 - - [17/Jun/2015:01:09:08 +0800] "GET /content/nav/relationSubject.jsp?relationWords=%E4%BF%9D%E6%98%8C+%E5%85%B5%E9%83%A8%E5%B0%9A%E6%9B%B8+%E7%A6%AE%E9%83%A8+&oid=2644372 HTTP/1.1" 200 3160
66.249.71.36 - - [17/Jun/2015:01:09:10 +0800] "GET /content/nav/relationSubject.jsp?relationWords=%E4%BF%9D%E6%98%8C%20%E5%85%B5%E9%83%A8%E5%B0%9A%E6%9B%B8%20%E7%A6%AE%E9%83%A8%20&oid=2644372 HTTP/1.1" 200 3160
66.249.71.72 - - [17/Jun/2015:01:12:05 +0800] "GET /content/repository/resource_content.jsp?oid=1106279&queryString=%E6%A4%8D%E7%89%A9%E7%95%8C%20%E6%BE%A4%E8%98%AD%E5%B1%AC%20%E7%94%B0%E4%BB%A3%E6%B0%8F%E6%BE%A4%E8%98%AD%20%E8%8F%8A%E7%A7%91%20%E9%9B%99%E5%AD%90%E8%91%89%E6%A4%8D%E7%89%A9 HTTP/1.1" 200 31780
123.125.71.56 - - [17/Jun/2015:01:12:15 +0800] "GET /content/tmp_exh/resource_content.jsp?oid=16777747&queryType=qc HTTP/1.1" 200 34938
66.249.71.60 - - [17/Jun/2015:01:13:14 +0800] "GET /content/nav/relationSubject.jsp?relationWords=%E6%B5%81%E8%BD%89%E5%B9%B4%E8%8F%AF%20&oid=16777613 HTTP/1.1" 200 3182
114.35.100.134 - - [17/Jun/2015:01:13:54 +0800] "GET /content/nav/relationSubject.jsp?relationWords=%E5%A4%A7%E8%91%89%E5%B1%B1+%E5%A4%A7%E8%91%89%E5%B1%B1%E6%AC%96+%E5%B1%B1%E6%AC%96+%E6%8B%BC%E6%9D%BF%E8%88%9F+%E9%81%94%E6%82%9F+%E9%81%94%E6%82%9F%E6%97%8F+&oid=16777270 HTTP/1.1" 200 4822
66.249.71.119 - - [17/Jun/2015:01:14:18 +0800] "GET /content/subject/resource_content.jsp?oid=16777606&queryType=qs&queryString=%E8%87%BA%E7%81%A3%E5%A4%A7%E5%AD%B8 HTTP/1.1" 200 50851
66.249.71.64 - - [17/Jun/2015:01:15:08 +0800] "GET /content/nav/relationSubject.jsp?relationWords=%E5%B7%A5%E5%A0%B4+%E6%9E%97%E7%9B%8A+%E6%9E%97%E7%9B%8A%E5%B7%9D+%E6%B0%91%E6%84%8F+%E6%B0%91%E6%84%8F%E4%BB%A3%E8%A1%A8+%E7%9B%8A%E5%B7%9D+%E8%87%AA%E4%BE%86%E6%B0%B4+%E8%87%BA%E7%81%A3%E7%9C%81+%E8%AB%8B%E5%AF%9F+&oid=1532127 HTTP/1.1" 200 4683
66.249.71.72 - - [17/Jun/2015:01:15:10 +0800] "GET /content/nav/relationSubject.jsp?relationWords=%E5%B7%A5%E5%A0%B4%20%E6%9E%97%E7%9B%8A%20%E6%9E%97%E7%9B%8A%E5%B7%9D%20%E6%B0%91%E6%84%8F%20%E6%B0%91%E6%84%8F%E4%BB%A3%E8%A1%A8%20%E7%9B%8A%E5%B7%9D%20%E8%87%AA%E4%BE%86%E6%B0%B4%20%E8%87%BA%E7%81%A3%E7%9C%81%20%E8%AB%8B%E5%AF%9F%20&oid=1532127 HTTP/1.1" 200 4683
66.249.71.64 - - [17/Jun/2015:01:16:32 +0800] "GET /content/repository/resource_content.jsp?oid=4437544&queryString=%E5%8D%B7%E9%A6%96 HTTP/1.1" 200 28734
123.125.71.75 - - [17/Jun/2015:01:18:32 +0800] "GET /content/pictures/picture_content.jsp?oid=33554814 HTTP/1.1" 200 27631
66.249.71.119 - - [17/Jun/2015:01:18:47 +0800] "GET /content/repository/resource_content.jsp?oid=1562725&queryString=%E6%9C%80%E9%AB%98%E6%B3%95%E9%99%A2 HTTP/1.1" 200 34042
220.181.108.109 - - [17/Jun/2015:01:19:46 +0800] "GET /digiarch_en/content/tmp_exh/resource_content.jsp?oid=16777775&queryType=qc HTTP/1.1" 200 29388
66.249.71.60 - - [17/Jun/2015:01:20:10 +0800] "GET /content/subject/resource_content.jsp?oid=16777804&queryString=%E5%82%85%E6%96%AF%E5%B9%B4%20%E5%9F%8E%E5%AD%90%E5%B4%96%20%E6%A2%81%E5%95%9F%E8%B6%85%20%E6%A2%81%E6%80%9D%E6%B0%B8%20%E9%BE%8D%E5%B1%B1%E6%96%87%E5%8C%96 HTTP/1.1" 200 29751
66.249.79.45 - - [17/Jun/2015:01:20:56 +0800] "GET /content/nav/relationSubject.jsp?relationWords=%E4%BD%9C%E6%A1%88+%E5%B1%B1%E8%83%9E+%E5%B7%A5%E4%BD%9C%E6%A1%88+%E6%97%8F%E8%AD%9C+&oid=1591406 HTTP/1.1" 200 4844
66.249.71.72 - - [17/Jun/2015:01:20:58 +0800] "GET /content/nav/relationSubject.jsp?relationWords=%E4%BD%9C%E6%A1%88%20%E5%B1%B1%E8%83%9E%20%E5%B7%A5%E4%BD%9C%E6%A1%88%20%E6%97%8F%E8%AD%9C%20&oid=1591406 HTTP/1.1" 200 4844
66.249.71.119 - - [17/Jun/2015:01:21:04 +0800] "GET /content/repository/resource_content.jsp?oid=2673656&queryType=qs&queryString=%E5%8A%89%E5%AF%8C HTTP/1.1" 200 30245
66.249.71.23 - - [17/Jun/2015:01:23:21 +0800] "GET /digiarch3/content/repository/resource_content.jsp?oid=1782704&queryType=qs&queryString=%E9%A1%8D%E9%A3%BE HTTP/1.1" 200 29268
180.76.15.6 - - [17/Jun/2015:01:23:38 +0800] "GET /content/subject/resource_content.jsp?oid=16777641&queryType=qc HTTP/1.1" 200 49686
180.76.15.142 - - [17/Jun/2015:01:27:03 +0800] "GET /content/subject/resource_content.jsp?oid=16777356&queryType=qc HTTP/1.1" 200 32633
118.167.167.175 - - [17/Jun/2015:01:27:39 +0800] "GET /content/subject/resource_content.jsp?oid=16797281&queryType=qc HTTP/1.1" 200 53084
118.167.167.175 - - [17/Jun/2015:01:27:41 +0800] "GET /content/nav/relationSubject.jsp?relationWords=%E5%AA%92%E9%AB%94+&oid=16797281 HTTP/1.1" 200 5011
66.249.71.60 - - [17/Jun/2015:01:27:56 +0800] "GET /content/repository/resource_content.jsp?oid=1632871 HTTP/1.1" 200 29247
66.249.71.72 - - [17/Jun/2015:01:28:19 +0800] "GET /content/nav/relationSubject.jsp?relationWords=%E4%BA%94%E5%8A%A0%E7%A7%91+%E5%8F%B0%E7%81%A3%E6%A8%B9%E5%8F%83+%E6%A4%8D%E7%89%A9%E7%95%8C+%E6%A8%B9%E5%8F%83+%E6%A8%B9%E5%8F%83%E5%B1%AC+&oid=1111460 HTTP/1.1" 200 3425
66.249.71.72 - - [17/Jun/2015:01:28:20 +0800] "GET /content/nav/relationSubject.jsp?relationWords=%E4%BA%94%E5%8A%A0%E7%A7%91%20%E5%8F%B0%E7%81%A3%E6%A8%B9%E5%8F%83%20%E6%A4%8D%E7%89%A9%E7%95%8C%20%E6%A8%B9%E5%8F%83%20%E6%A8%B9%E5%8F%83%E5%B1%AC%20&oid=1111460 HTTP/1.1" 200 3425
61.228.147.98 - - [17/Jun/2015:01:29:45 +0800] "GET /content/nav/relationSubject.jsp?relationWords=%E8%96%9C%E8%8D%94+&oid=16777485 HTTP/1.1" 200 3561
66.249.71.60 - - [17/Jun/2015:01:30:05 +0800] "GET /content/nav/relationSubject.jsp?relationWords=%E5%8F%B0%E7%81%A3%E7%89%9B+%E5%8F%B0%E7%81%A3%E7%89%9B%E7%9A%AE%E6%B6%88+%E5%8F%B0%E7%81%A3%E7%99%BD%E8%96%87+%E6%A4%8D%E7%89%A9%E7%95%8C+%E7%89%9B%E7%9A%AE%E6%B6%88+%E7%89%9B%E7%9A%AE%E6%B6%88%E5%B1%AC+%E7%99%BD%E8%96%87+%E8%98%BF%E8%97%A6+%E8%98%BF%E8%97%A6%E7%A7%91+%E9%BE%8D%E8%86%BD+&oid=1099744 HTTP/1.1" 200 3827
66.249.71.72 - - [17/Jun/2015:01:30:07 +0800] "GET /content/nav/relationSubject.jsp?relationWords=%E5%8F%B0%E7%81%A3%E7%89%9B%20%E5%8F%B0%E7%81%A3%E7%89%9B%E7%9A%AE%E6%B6%88%20%E5%8F%B0%E7%81%A3%E7%99%BD%E8%96%87%20%E6%A4%8D%E7%89%A9%E7%95%8C%20%E7%89%9B%E7%9A%AE%E6%B6%88%20%E7%89%9B%E7%9A%AE%E6%B6%88%E5%B1%AC%20%E7%99%BD%E8%96%87%20%E8%98%BF%E8%97%A6%20%E8%98%BF%E8%97%A6%E7%A7%91%20%E9%BE%8D%E8%86%BD%20&oid=1099744 HTTP/1.1" 200 3827
66.249.71.60 - - [17/Jun/2015:01:32:17 +0800] "GET /content/subject/resource_content.jsp?oid=16777559&queryString=%E5%88%BB%E8%BE%AD%20%E6%96%B9%E9%BC%8E%20%E6%AE%BF%E8%A9%A6%20%E6%B0%B8%E5%85%83%20%E9%99%B6%E7%BD%90%20%E9%9D%92%E9%8A%85%E4%BA%BA%E9%9D%A2%20%E9%B8%9A%E9%B5%A1%E8%9E%BA%20%E9%B9%BF%E9%A0%AD HTTP/1.1" 200 42285
123.125.71.20 - - [17/Jun/2015:01:33:45 +0800] "GET /content/tmp_auth/resource_content.jsp?oid=16777365 HTTP/1.1" 200 31170
207.46.13.1 - - [17/Jun/2015:01:35:20 +0800] "GET /content/nav/relationSubject.jsp?relationWords=%E5%A4%8F%E5%A4%9C+%E6%B0%B4%E8%8C%84+%E6%B0%B4%E8%8C%84%E8%8B%B3+%E8%8C%84%E8%8B%B3+&oid=16777503 HTTP/1.1" 200 4551
123.136.107.29 - - [17/Jun/2015:01:35:44 +0800] "GET /content/nav/relationSubject.jsp?relationWords=&oid=16777576 HTTP/1.1" 200 1405
66.249.71.72 - - [17/Jun/2015:01:38:30 +0800] "GET /content/repository/resource_content.jsp?oid=1628994 HTTP/1.1" 200 29081
66.249.71.60 - - [17/Jun/2015:01:39:08 +0800] "GET /content/nav/relationSubject.jsp?relationWords=%E5%8A%89%E7%9B%9B%E8%B2%A1+%E5%9C%B0%E5%83%B9%E7%A8%85+%E5%B9%B3%E5%9D%87%E5%9C%B0%E6%AC%8A+%E7%9C%81%E6%94%BF%E5%BA%9C+%E8%87%A8%E6%99%82%E7%9C%81%E8%AD%B0%E6%9C%83+%E8%87%BA%E7%81%A3%E7%9C%81+&oid=1526974 HTTP/1.1" 200 4752
66.249.79.45 - - [17/Jun/2015:01:39:10 +0800] "GET /content/nav/relationSubject.jsp?relationWords=%E5%8A%89%E7%9B%9B%E8%B2%A1%20%E5%9C%B0%E5%83%B9%E7%A8%85%20%E5%B9%B3%E5%9D%87%E5%9C%B0%E6%AC%8A%20%E7%9C%81%E6%94%BF%E5%BA%9C%20%E8%87%A8%E6%99%82%E7%9C%81%E8%AD%B0%E6%9C%83%20%E8%87%BA%E7%81%A3%E7%9C%81%20&oid=1526974 HTTP/1.1" 200 4752
180.75.16.253 - - [17/Jun/2015:01:39:42 +0800] "GET /content/nav/relationSubject.jsp?relationWords=&oid=16777576 HTTP/1.1" 200 1405
66.249.79.19 - - [17/Jun/2015:01:39:48 +0800] "GET /content/nav/relationSubject.jsp?relationWords=%E5%90%8F%E9%83%A8+%E8%97%A9%E8%87%AC+&oid=2660931 HTTP/1.1" 200 3136
66.249.71.72 - - [17/Jun/2015:01:39:51 +0800] "GET /content/nav/relationSubject.jsp?relationWords=%E5%90%8F%E9%83%A8%20%E8%97%A9%E8%87%AC%20&oid=2660931 HTTP/1.1" 200 3136
66.249.71.72 - - [17/Jun/2015:01:40:22 +0800] "GET /content/subject/resource_content.jsp?oid=16777834&queryString= HTTP/1.1" 200 28635
66.249.71.72 - - [17/Jun/2015:01:40:29 +0800] "GET /content/repository/resource_content.jsp?oid=3211632&queryType=qc HTTP/1.1" 200 36383
66.249.71.60 - - [17/Jun/2015:01:42:24 +0800] "GET /content/repository/resource_content.jsp?oid=1114703&queryString=%E6%B0%B4%E7%AB%B9%E8%91%89%20%E6%B0%B4%E7%AB%B9%E8%91%89%E5%B1%AC HTTP/1.1" 200 31260
123.125.71.72 - - [17/Jun/2015:01:46:06 +0800] "GET /content/tmp_tec/resource_content.jsp?oid=16777735 HTTP/1.1" 200 30571
66.249.71.64 - - [17/Jun/2015:01:48:27 +0800] "GET /content/tmp_exh/resource_content.jsp?oid=16777833&queryString= HTTP/1.1" 200 35202
66.249.71.60 - - [17/Jun/2015:01:48:29 +0800] "GET /content/nav/relationSubject.jsp?relationWords=%E5%90%88%E4%BD%9C%E9%87%91%E5%BA%AB+%E6%B3%95%E9%99%A2+%E9%87%91%E5%BA%AB+&oid=1610926 HTTP/1.1" 200 5006
66.249.79.45 - - [17/Jun/2015:01:48:31 +0800] "GET /content/nav/relationSubject.jsp?relationWords=%E5%90%88%E4%BD%9C%E9%87%91%E5%BA%AB%20%E6%B3%95%E9%99%A2%20%E9%87%91%E5%BA%AB%20&oid=1610926 HTTP/1.1" 200 5006
157.55.39.167 - - [17/Jun/2015:01:52:13 +0800] "GET /content/nav/relationSubject.jsp?relationWords=&oid=16777542 HTTP/1.1" 200 1405
66.249.71.72 - - [17/Jun/2015:01:52:18 +0800] "GET /content/repository/resource_content.jsp?oid=2536348 HTTP/1.1" 200 29093
66.249.71.60 - - [17/Jun/2015:01:54:20 +0800] "GET /content/repository/resource_content.jsp?oid=1109190 HTTP/1.1" 200 30875
66.249.71.127 - - [17/Jun/2015:01:54:47 +0800] "GET /content/nav/relationSubject.jsp?relationWords=%E6%AE%B7%E5%95%86%20%E9%99%B6%E4%BF%91%20&oid=16777549 HTTP/1.1" 200 3217
66.249.71.72 - - [17/Jun/2015:01:54:55 +0800] "GET /content/repository/resource_content.jsp?oid=1451375 HTTP/1.1" 200 29889
68.180.229.54 - - [17/Jun/2015:01:54:57 +0800] "GET /digiarch_en/content/subject/resource_content.jsp?oid=16777302&queryType=qc HTTP/1.1" 200 28985
66.249.71.23 - - [17/Jun/2015:01:55:25 +0800] "GET /digiarch3/content/repository/resource_content.jsp?oid=2549423&queryType=qs&queryString=%E5%82%B3%E8%87%9A HTTP/1.1" 200 30061
66.249.71.14 - - [17/Jun/2015:01:56:04 +0800] "GET /content/nav/relationSubject.jsp?relationWords=%E5%8D%B0%E5%BA%A6%E7%B5%B2+%E7%93%9C%E4%BB%94+%E7%99%BD%E9%AC%9A%E5%85%AC+%E9%8A%85%E9%8F%A1+&oid=15213 HTTP/1.1" 200 3484
66.249.71.14 - - [17/Jun/2015:01:56:38 +0800] "GET /content/nav/relationSubject.jsp?relationWords=%E5%8D%B0%E5%BA%A6%E7%B5%B2%20%E7%93%9C%E4%BB%94%20%E7%99%BD%E9%AC%9A%E5%85%AC%20%E9%8A%85%E9%8F%A1%20&oid=15213 HTTP/1.1" 200 3484
66.249.71.60 - - [17/Jun/2015:01:57:36 +0800] "GET /content/nav/relationSubject.jsp?relationWords=%E5%B9%B3%E4%BA%A4%E9%81%93+%E9%90%B5%E8%B7%AF%E5%B1%80+%E9%B6%AF%E6%AD%8C+&oid=1628994 HTTP/1.1" 200 4843
66.249.71.60 - - [17/Jun/2015:01:57:38 +0800] "GET /content/nav/relationSubject.jsp?relationWords=%E5%B9%B3%E4%BA%A4%E9%81%93%20%E9%90%B5%E8%B7%AF%E5%B1%80%20%E9%B6%AF%E6%AD%8C%20&oid=1628994 HTTP/1.1" 200 4843
220.181.108.87 - - [17/Jun/2015:01:59:12 +0800] "GET /digiarch_en/content/subject/resource_content.jsp?oid=16777549&queryType=qc HTTP/1.1" 200 28014
66.249.79.45 - - [17/Jun/2015:02:00:14 +0800] "GET /content/nav/relationSubject.jsp?relationWords=%E4%B8%AD%E8%88%88%E6%A9%8B+%E5%85%AC%E5%85%B1%E5%B7%A5%E7%A8%8B+%E5%85%AC%E5%9C%92%E9%A0%90%E5%AE%9A%E5%9C%B0+%E5%90%B3%E4%BC%AF%E9%9B%84+%E5%91%B3%E5%85%A8+%E5%A4%A7%E5%8E%9F+%E5%BB%BA%E7%AF%89%E7%94%A8%E5%9C%B0+%E5%BB%BA%E8%A8%AD%E5%BB%B3+%E5%BC%B5%E5%AF%8C+%E6%9D%8E%E7%82%B3%E7%9B%9B+%E6%9D%BF%E6%A9%8B%E9%8E%AE+%E6%9E%97%E4%BA%AE%E9%9B%B2+%E6%B0%B4%E5%88%A9%E5%B1%80+%E7%89%B9%E5%AE%9A%E5%8D%80+%E7%90%86%E5%90%88+%E7%9F%B3%E9%96%80%E6%B0%B4%E5%BA%AB+%E7%B8%A3%E6%94%BF%E5%BA%9C+%E8%87%BA%E5%8C%97%E7%B8%A3+%E8%87%BA%E5%8C%97%E7%B8%A3%E6%94%BF%E5%BA%9C+%E8%98%86%E6%B4%B2+%E8%99%95%E9%95%B7+%E8%B3%AA%E8%A9%A2+%E9%83%BD%E5%B8%82%E8%A8%88%E5%8A%83+%E9%98%B2%E6%B4%AA+%E9%99%B3%E6%A0%B9%E5%A1%97+%E9%BB%83%E5%85%89%E5%B9%B3+&oid=1579374 HTTP/1.1" 200 7060
66.249.71.72 - - [17/Jun/2015:02:00:17 +0800] "GET /content/nav/relationSubject.jsp?relationWords=%E4%B8%AD%E8%88%88%E6%A9%8B%20%E5%85%AC%E5%85%B1%E5%B7%A5%E7%A8%8B%20%E5%85%AC%E5%9C%92%E9%A0%90%E5%AE%9A%E5%9C%B0%20%E5%90%B3%E4%BC%AF%E9%9B%84%20%E5%91%B3%E5%85%A8%20%E5%A4%A7%E5%8E%9F%20%E5%BB%BA%E7%AF%89%E7%94%A8%E5%9C%B0%20%E5%BB%BA%E8%A8%AD%E5%BB%B3%20%E5%BC%B5%E5%AF%8C%20%E6%9D%8E%E7%82%B3%E7%9B%9B%20%E6%9D%BF%E6%A9%8B%E9%8E%AE%20%E6%9E%97%E4%BA%AE%E9%9B%B2%20%E6%B0%B4%E5%88%A9%E5%B1%80%20%E7%89%B9%E5%AE%9A%E5%8D%80%20%E7%90%86%E5%90%88%20%E7%9F%B3%E9%96%80%E6%B0%B4%E5%BA%AB%20%E7%B8%A3%E6%94%BF%E5%BA%9C%20%E8%87%BA%E5%8C%97%E7%B8%A3%20%E8%87%BA%E5%8C%97%E7%B8%A3%E6%94%BF%E5%BA%9C%20%E8%98%86%E6%B4%B2%20%E8%99%95%E9%95%B7%20%E8%B3%AA%E8%A9%A2%20%E9%83%BD%E5%B8%82%E8%A8%88%E5%8A%83%20%E9%98%B2%E6%B4%AA%20%E9%99%B3%E6%A0%B9%E5%A1%97%20%E9%BB%83%E5%85%89%E5%B9%B3%20&oid=1579374 HTTP/1.1" 200 7060
114.40.60.207 - - [17/Jun/2015:02:01:28 +0800] "GET /content/repository/resource_content.jsp?oid=4353262&queryString=%E6%A2%9D%E7%B4%8B%E8%93%8B%E5%88%BA%E9%AD%9A HTTP/1.1" 200 35361
114.40.60.207 - - [17/Jun/2015:02:01:29 +0800] "GET /content/nav/relationSubject.jsp?relationWords=%E5%88%BA%E9%AD%9A+%E6%A2%9D%E7%B4%8B%E8%93%8B%E5%88%BA%E9%AD%9A+%E8%93%8B%E5%88%BA%E9%AD%9A+&oid=4353262 HTTP/1.1" 200 3448
66.249.79.45 - - [17/Jun/2015:02:02:39 +0800] "GET /content/nav/relationSubject.jsp?relationWords=%E6%93%AC%E8%8A%A8%E7%93%A6%E8%91%A6+%E7%93%A6%E8%91%A6+&oid=33554637 HTTP/1.1" 200 3240
66.249.71.64 - - [17/Jun/2015:02:02:41 +0800] "GET /content/nav/relationSubject.jsp?relationWords=%E6%93%AC%E8%8A%A8%E7%93%A6%E8%91%A6%20%E7%93%A6%E8%91%A6%20&oid=33554637 HTTP/1.1" 200 3240
188.165.15.240 - - [17/Jun/2015:02:02:49 +0800] "GET /content/subject/resource_content.jsp?oid=16777465&queryType=qc HTTP/1.1" 200 27702
142.129.66.44 - - [17/Jun/2015:02:02:57 +0800] "GET /content/nav/relationSubject.jsp?relationWords=%E6%AA%AC%E6%9E%9C+%E8%8A%92%E6%9E%9C+&oid=16777508 HTTP/1.1" 200 4379
66.249.71.72 - - [17/Jun/2015:02:03:30 +0800] "GET /content/nav/relationSubject.jsp?relationWords=%E9%A6%AC%E5%8A%A0%E9%B0%86%20%E9%AF%96%E7%A7%91%20&oid=1451375 HTTP/1.1" 200 3406
66.249.79.19 - - [17/Jun/2015:02:03:41 +0800] "GET /content/nav/relationSubject.jsp?relationWords=%E6%97%A5%E6%9C%AC%E9%87%91%E7%B2%89%E8%95%A8+%E9%87%91%E7%B2%89+%E9%87%91%E7%B2%89%E8%95%A8+&oid=33554753 HTTP/1.1" 200 3264
66.249.71.64 - - [17/Jun/2015:02:03:42 +0800] "GET /content/nav/relationSubject.jsp?relationWords=%E6%97%A5%E6%9C%AC%E9%87%91%E7%B2%89%E8%95%A8%20%E9%87%91%E7%B2%89%20%E9%87%91%E7%B2%89%E8%95%A8%20&oid=33554753 HTTP/1.1" 200 3264
123.125.71.20 - - [17/Jun/2015:02:04:08 +0800] "GET /content/subject/resource_content.jsp?oid=16777339&queryType=qc HTTP/1.1" 200 28851
66.249.71.64 - - [17/Jun/2015:02:04:37 +0800] "GET /content/subject/resource_content.jsp?oid=16777780&queryType=qc HTTP/1.1" 200 33936
123.125.71.104 - - [17/Jun/2015:02:06:33 +0800] "GET /content/pictures/picture_content.jsp?oid=33554809 HTTP/1.1" 200 27468
66.249.71.72 - - [17/Jun/2015:02:07:09 +0800] "GET /content/nav/relationSubject.jsp?relationWords=%E4%BD%9C%E7%88%B6%E8%BE%9B%E5%8D%A3+%E7%88%B6%E8%BE%9B+%E7%88%B6%E8%BE%9B%E5%8D%A3+%E8%BE%9B%E5%8D%A3+&oid=4365337 HTTP/1.1" 200 3327
66.249.71.60 - - [17/Jun/2015:02:07:12 +0800] "GET /content/nav/relationSubject.jsp?relationWords=%E4%BD%9C%E7%88%B6%E8%BE%9B%E5%8D%A3%20%E7%88%B6%E8%BE%9B%20%E7%88%B6%E8%BE%9B%E5%8D%A3%20%E8%BE%9B%E5%8D%A3%20&oid=4365337 HTTP/1.1" 200 3327
66.249.71.60 - - [17/Jun/2015:02:07:53 +0800] "GET /content/repository/resource_content.jsp?oid=2676712 HTTP/1.1" 200 29496
66.249.71.64 - - [17/Jun/2015:02:09:26 +0800] "GET /content/repository/resource_content.jsp?oid=4356183&queryString=%E5%85%AD%E7%B7%9A%E9%BB%91%E9%B1%B8%20%E9%AE%A8%E7%A7%91 HTTP/1.1" 200 30011
66.249.71.64 - - [17/Jun/2015:02:11:00 +0800] "GET /content/subject/resource_content.jsp?oid=16777456&queryType=qs&queryString=%E6%AD%A6%E6%B0%8F%E7%A5%A0 HTTP/1.1" 200 34343
112.119.18.60 - - [17/Jun/2015:02:11:39 +0800] "GET /content/nav/relationSubject.jsp?relationWords=&oid=16777576 HTTP/1.1" 200 1405
66.249.71.60 - - [17/Jun/2015:02:12:43 +0800] "GET /content/repository/resource_content.jsp?oid=1099732 HTTP/1.1" 200 31424
66.249.71.14 - - [17/Jun/2015:02:14:07 +0800] "GET /content/repository/resource_content.jsp?oid=3120942&queryType=qs&queryString=%E6%9E%97%E8%B6%8A HTTP/1.1" 200 29523
66.249.71.64 - - [17/Jun/2015:02:14:23 +0800] "GET /content/repository/resource_content.jsp?oid=1111493&queryString=%E8%98%AD%E5%B6%BC%E7%BE%85%E6%BC%A2%E6%9D%BE HTTP/1.1" 200 31278
66.249.71.60 - - [17/Jun/2015:02:14:55 +0800] "GET /content/nav/relationSubject.jsp?relationWords=%E6%9E%97%E6%B7%B5+%E6%9E%97%E6%B7%B5%E7%86%99+&oid=1893809 HTTP/1.1" 200 3651
66.249.71.64 - - [17/Jun/2015:02:14:57 +0800] "GET /content/nav/relationSubject.jsp?relationWords=%E6%9E%97%E6%B7%B5%20%E6%9E%97%E6%B7%B5%E7%86%99%20&oid=1893809 HTTP/1.1" 200 3651
66.249.71.72 - - [17/Jun/2015:02:15:09 +0800] "GET /content/nav/relationSubject.jsp?relationWords=%E4%BB%99%E8%8C%85+%E4%BB%99%E8%8C%85%E5%B1%AC+%E5%B0%8F%E4%BB%99%E8%8C%85%E5%B1%AC+%E5%B0%8F%E9%87%91%E6%A2%85%E8%8D%89+%E5%B0%8F%E9%87%91%E6%A2%85%E8%91%89+%E6%A4%8D%E7%89%A9%E7%95%8C+%E9%87%91%E6%A2%85+&oid=2145043 HTTP/1.1" 200 3544
66.249.71.64 - - [17/Jun/2015:02:15:19 +0800] "GET /content/nav/relationSubject.jsp?relationWords=%E4%BB%99%E8%8C%85%20%E4%BB%99%E8%8C%85%E5%B1%AC%20%E5%B0%8F%E4%BB%99%E8%8C%85%E5%B1%AC%20%E5%B0%8F%E9%87%91%E6%A2%85%E8%8D%89%20%E5%B0%8F%E9%87%91%E6%A2%85%E8%91%89%20%E6%A4%8D%E7%89%A9%E7%95%8C%20%E9%87%91%E6%A2%85%20&oid=2145043 HTTP/1.1" 200 3544
66.249.71.3 - - [17/Jun/2015:02:17:48 +0800] "GET /content/nav/relationSubject.jsp?relationWords=%E5%B7%A6%E9%8C%90%E8%9E%BA+%E5%B7%A6%E9%8C%90%E8%9E%BA%E7%A7%91+%E8%85%B9%E8%B6%B3%E7%B6%B1+%E8%BB%9F%E9%AB%94%E5%8B%95%E7%89%A9%E9%96%80+%E9%87%91%E5%AD%97%E5%A1%94+%E9%8C%90%E8%9E%BA+&oid=4522978 HTTP/1.1" 200 3552
66.249.71.3 - - [17/Jun/2015:02:17:50 +0800] "GET /content/nav/relationSubject.jsp?relationWords=%E5%B7%A6%E9%8C%90%E8%9E%BA%20%E5%B7%A6%E9%8C%90%E8%9E%BA%E7%A7%91%20%E8%85%B9%E8%B6%B3%E7%B6%B1%20%E8%BB%9F%E9%AB%94%E5%8B%95%E7%89%A9%E9%96%80%20%E9%87%91%E5%AD%97%E5%A1%94%20%E9%8C%90%E8%9E%BA%20&oid=4522978 HTTP/1.1" 200 3552
180.76.15.24 - - [17/Jun/2015:02:18:31 +0800] "GET /content/repository/resource_content.jsp?oid=1113110&queryString=%E7%A6%8F%E7%8E%8B%E8%8D%89%E5%B1%AC HTTP/1.1" 200 30328
66.249.71.14 - - [17/Jun/2015:02:20:21 +0800] "GET /content/repository/resource_content.jsp?oid=2682487&queryType=qs&queryString=%E9%81%94%E6%A4%BF HTTP/1.1" 200 29943
66.249.71.72 - - [17/Jun/2015:02:20:50 +0800] "GET /content/nav/relationSubject.jsp?relationWords=%E4%BF%9D%E9%9A%AA+%E7%9B%AE%E6%A8%99+%E7%A4%BE%E6%9C%83%E7%A6%8F%E5%88%A9+&oid=1618037 HTTP/1.1" 200 5589
66.249.71.64 - - [17/Jun/2015:02:20:54 +0800] "GET /content/nav/relationSubject.jsp?relationWords=%E4%BF%9D%E9%9A%AA%20%E7%9B%AE%E6%A8%99%20%E7%A4%BE%E6%9C%83%E7%A6%8F%E5%88%A9%20&oid=1618037 HTTP/1.1" 200 5589
117.20.40.22 - - [17/Jun/2015:02:21:12 +0800] "GET /content/nav/relationSubject.jsp?relationWords=%E6%9E%97%E7%A5%96%E5%A3%BD+%E8%93%AE%E8%88%AB+&oid=16777654 HTTP/1.1" 200 2701
66.249.71.72 - - [17/Jun/2015:02:21:54 +0800] "GET /content/repository/resource_content.jsp?oid=2689934 HTTP/1.1" 200 29831
123.125.71.111 - - [17/Jun/2015:02:24:21 +0800] "GET /content/pictures/picture_content.jsp?oid=33554812&queryType=qc HTTP/1.1" 200 27953
66.249.71.45 - - [17/Jun/2015:02:25:00 +0800] "GET /content/nav/relationSubject.jsp?relationWords=%E7%81%A3%E7%9C%81%E6%94%BF%E5%BA%9C+%E7%9C%81%E6%94%BF%E5%BA%9C+%E8%87%BA%E7%81%A3%E7%9C%81+%E8%87%BA%E7%81%A3%E7%9C%81%E6%94%BF%E5%BA%9C+%E8%87%BA%E7%81%A3%E9%8A%80%E8%A1%8C+%E9%AB%98%E9%9B%84%E5%B8%82+%E9%AB%98%E9%9B%84%E5%B8%82%E6%94%BF%E5%BA%9C+&oid=1531792 HTTP/1.1" 200 4847
66.249.71.60 - - [17/Jun/2015:02:25:01 +0800] "GET /content/repository/resource_content.jsp?oid=2144193 HTTP/1.1" 200 30932
66.249.71.54 - - [17/Jun/2015:02:25:06 +0800] "GET /content/nav/relationSubject.jsp?relationWords=%E7%81%A3%E7%9C%81%E6%94%BF%E5%BA%9C%20%E7%9C%81%E6%94%BF%E5%BA%9C%20%E8%87%BA%E7%81%A3%E7%9C%81%20%E8%87%BA%E7%81%A3%E7%9C%81%E6%94%BF%E5%BA%9C%20%E8%87%BA%E7%81%A3%E9%8A%80%E8%A1%8C%20%E9%AB%98%E9%9B%84%E5%B8%82%20%E9%AB%98%E9%9B%84%E5%B8%82%E6%94%BF%E5%BA%9C%20&oid=1531792 HTTP/1.1" 200 4847
66.249.71.14 - - [17/Jun/2015:02:25:40 +0800] "GET /content/nav/relationSubject.jsp?relationWords=%E6%90%B6%E4%BF%AE+%E9%8A%80%E5%85%A9+&oid=2521288 HTTP/1.1" 200 5400
66.249.71.23 - - [17/Jun/2015:02:25:43 +0800] "GET /content/nav/relationSubject.jsp?relationWords=%E6%90%B6%E4%BF%AE%20%E9%8A%80%E5%85%A9%20&oid=2521288 HTTP/1.1" 200 5400
66.249.71.60 - - [17/Jun/2015:02:26:35 +0800] "GET /content/repository/resource_content.jsp?oid=2146644 HTTP/1.1" 200 31058
66.249.71.3 - - [17/Jun/2015:02:28:09 +0800] "GET /content/repository/resource_content.jsp?oid=2644885&queryType=qs&queryString=%E6%B8%85%E5%B7%A5%E9%97%9C HTTP/1.1" 200 30207
66.249.79.161 - - [17/Jun/2015:02:29:16 +0800] "GET /digiarch3/content/nav/relationSubject.jsp?relationWords=%E5%A6%83%E5%AC%AA+%E7%A6%AE%E9%83%A8+&oid=2680654 HTTP/1.1" 200 3095
66.249.71.5 - - [17/Jun/2015:02:29:19 +0800] "GET /digiarch3/content/nav/relationSubject.jsp?relationWords=%E5%A6%83%E5%AC%AA%20%E7%A6%AE%E9%83%A8%20&oid=2680654 HTTP/1.1" 200 3095
66.249.71.60 - - [17/Jun/2015:02:29:42 +0800] "GET /content/repository/resource_content.jsp?oid=1549236 HTTP/1.1" 200 30203
68.180.229.54 - - [17/Jun/2015:02:31:21 +0800] "GET /digiarch_en/content/tmp_exh/resource_content.jsp?oid=16777844&queryType=qc%201890 HTTP/1.1" 200 31491
66.249.71.72 - - [17/Jun/2015:02:32:56 +0800] "GET /content/subject/resource_content.jsp?oid=16777614 HTTP/1.1" 200 49075
66.249.71.23 - - [17/Jun/2015:02:36:11 +0800] "GET /content/nav/relationSubject.jsp?relationWords=%E7%9B%B8%E6%80%9D%E6%A8%B9+&oid=16777519 HTTP/1.1" 200 3659
66.249.71.14 - - [17/Jun/2015:02:36:15 +0800] "GET /content/nav/relationSubject.jsp?relationWords=%E7%9B%B8%E6%80%9D%E6%A8%B9%20&oid=16777519 HTTP/1.1" 200 3659
66.249.71.72 - - [17/Jun/2015:02:36:59 +0800] "GET /content/tmp_exh/resource_content.jsp?oid=16777813&queryString= HTTP/1.1" 200 39090
5.9.60.46 - - [17/Jun/2015:02:38:42 +0800] "GET /content/subject/resource_content.jsp?oid=16777303&queryType=qc HTTP/1.0" 200 34939
66.249.71.64 - - [17/Jun/2015:02:39:03 +0800] "GET /content/repository/resource_content.jsp?oid=1892335 HTTP/1.1" 200 28542
157.55.39.167 - - [17/Jun/2015:02:39:09 +0800] "GET /content/repository/resource_content.jsp?oid=15109&queryString=%E5%A4%A7%E9%B1%97%E5%A4%A7%E7%9C%BC%E9%AF%9B HTTP/1.1" 200 34874
