66.249.71.136 - - [13/Jun/2016:02:16:57 +0800] "GET /content/nav/relationSubject.jsp?relationWords=%E5%94%87%E5%BD%A2%E7%A7%91+%E6%A4%8D%E7%89%A9%E7%95%8C+%E7%99%BD%E8%8A%B1%E8%8D%89+%E7%99%BD%E8%8A%B1%E8%8D%89%E5%B1%AC+%E8%96%84%E8%8D%B7+%E9%87%91%E9%8C%A2%E8%96%84%E8%8D%B7+%E9%9B%99%E5%AD%90%E8%91%89%E6%A4%8D%E7%89%A9+&oid=2147298 HTTP/1.1" 200 3544
66.249.71.248 - - [13/Jun/2016:02:17:25 +0800] "GET /content/repository/resource_content.jsp?oid=2515978&queryType=qs&queryString=%E6%85%88%E8%B0%BF%E7%B8%A3 HTTP/1.1" 200 30027
66.249.71.136 - - [13/Jun/2016:02:17:47 +0800] "GET /content/nav/relationSubject.jsp?relationWords=%E5%9C%96%E9%9B%86%E5%90%8D+%E5%9C%B0%E5%BD%A2%E5%9C%96+&oid=173778 HTTP/1.1" 200 3096
66.249.71.136 - - [13/Jun/2016:02:17:49 +0800] "GET /content/nav/relationSubject.jsp?relationWords=%E5%9C%96%E9%9B%86%E5%90%8D%20%E5%9C%B0%E5%BD%A2%E5%9C%96%20&oid=173778 HTTP/1.1" 200 3096
66.249.71.242 - - [13/Jun/2016:02:18:50 +0800] "GET /content/repository/resource_content.jsp?oid=4469820&queryType=qs&queryString=%E9%AA%A8%E7%99%8C HTTP/1.1" 200 37501
66.249.71.136 - - [13/Jun/2016:02:18:55 +0800] "GET /content/nav/relationSubject.jsp?relationWords=%E5%A4%A9%E5%8D%97%E6%98%9F%E5%B1%AC+&oid=1456996 HTTP/1.1" 200 2995
164.132.161.40 - - [13/Jun/2016:02:19:32 +0800] "GET /content/subject/resource_content.jsp?oid=16777496&queryType=qc HTTP/1.1" 200 53134
66.249.71.136 - - [13/Jun/2016:02:20:26 +0800] "GET /content/nav/relationSubject.jsp?relationWords=%E4%B8%AD%E8%B1%90%E5%85%AC%E8%B7%AF+%E4%BA%A4%E9%80%9A%E5%AE%89%E5%85%A8+%E5%85%AC%E8%B7%AF%E5%B1%80+%E5%9B%9B%E5%BA%9C+%E5%AE%89%E5%85%A8%E6%A1%88+%E6%9F%8F%E6%B2%B9%E8%B7%AF%E9%9D%A2+&oid=1622499 HTTP/1.1" 200 4226
66.249.71.211 - - [13/Jun/2016:02:21:40 +0800] "GET /content/repository/resource_content.jsp?oid=3826389&queryString=%E6%A4%8D%E7%89%A9%E7%95%8C%20%E7%8E%89%E8%91%89%E9%87%91%E8%8A%B1%E5%B1%AC%20%E8%8C%9C%E8%8D%89%20%E8%8C%9C%E8%8D%89%E6%A8%B9%20%E8%8C%9C%E8%8D%89%E7%A7%91%20%E9%BE%8D%E8%9D%A6 HTTP/1.1" 200 31533
66.249.71.136 - - [13/Jun/2016:02:21:56 +0800] "GET /content/nav/relationSubject.jsp?relationWords=%E5%BD%8C%E5%8B%92%E5%83%8F+%E6%AF%94%E4%B8%98%E5%B0%BC+%E9%80%A0%E5%83%8F%E8%A8%98+&oid=1834132 HTTP/1.1" 200 4098
66.249.71.253 - - [13/Jun/2016:02:23:05 +0800] "GET /content/repository/resource_content.jsp?oid=1530058&queryType=qs&queryString=%E7%9C%81%E8%AD%B0%E6%9C%83 HTTP/1.1" 200 31546
66.249.71.136 - - [13/Jun/2016:02:23:16 +0800] "GET /content/repository/resource_content.jsp?oid=3819039&queryString=%E5%90%8C%E8%95%8A%E8%8D%89%E5%B1%AC%20%E7%B7%9A%E6%9F%B1%E8%8B%A3%E8%8B%94%20%E7%B7%9A%E6%9F%B1%E8%8B%A3%E8%8B%94%E5%B1%AC%20%E8%93%AC%E8%90%8A%E5%90%8C%E8%95%8A%E8%8D%89 HTTP/1.1" 200 31800
36.236.41.249 - - [13/Jun/2016:02:23:16 +0800] "GET /content/nav/relationSubject.jsp?relationWords=%E9%BB%91%E6%9D%BF%E6%A8%B9+&oid=16777262 HTTP/1.1" 200 3253
39.10.192.88 - - [13/Jun/2016:02:23:39 +0800] "GET /content/repository/resource_content.jsp?oid=3823697&queryString=API%20%E6%A4%8D%E7%89%A9%E7%95%8C%20%E7%84%A1%E6%82%A3%E5%AD%90%20%E7%84%A1%E6%82%A3%E5%AD%90%E7%A7%91 HTTP/1.1" 200 31295
39.10.192.88 - - [13/Jun/2016:02:23:40 +0800] "GET /content/nav/relationSubject.jsp?relationWords=API+%E6%A4%8D%E7%89%A9%E7%95%8C+%E7%84%A1%E6%82%A3%E5%AD%90+%E7%84%A1%E6%82%A3%E5%AD%90%E7%A7%91+&oid=3823697 HTTP/1.1" 200 3281
66.249.79.200 - - [13/Jun/2016:02:24:04 +0800] "GET /content/nav/relationSubject.jsp?relationWords=%E5%8D%81%E4%B8%89%E8%A1%8C%E6%96%87%E5%8C%96+%E5%8F%B2%E5%89%8D%E9%81%BA%E8%B9%9F+%E6%96%87%E5%8C%96%E8%B3%87%E7%94%A2+%E7%9C%81%E6%94%BF%E5%BA%9C+&oid=1595901 HTTP/1.1" 200 4667
66.249.71.136 - - [13/Jun/2016:02:24:10 +0800] "GET /content/nav/relationSubject.jsp?relationWords=%E5%8D%81%E4%B8%89%E8%A1%8C%E6%96%87%E5%8C%96%20%E5%8F%B2%E5%89%8D%E9%81%BA%E8%B9%9F%20%E6%96%87%E5%8C%96%E8%B3%87%E7%94%A2%20%E7%9C%81%E6%94%BF%E5%BA%9C%20&oid=1595901 HTTP/1.1" 200 4667
66.249.71.136 - - [13/Jun/2016:02:24:30 +0800] "GET /content/repository/resource_content.jsp?oid=1813588 HTTP/1.1" 200 29056
66.249.71.136 - - [13/Jun/2016:02:24:42 +0800] "GET /content/nav/relationSubject.jsp?relationWords=%E5%81%87%E8%8F%9D+%E5%9C%93%E9%8C%90%E8%8F%9D+%E6%A4%8D%E7%89%A9%E7%95%8C+%E7%8B%B9%E7%93%A3%E8%8F%9D+&oid=3815354 HTTP/1.1" 200 3264
66.249.71.159 - - [13/Jun/2016:02:25:08 +0800] "GET /content/nav/relationSubject.jsp?relationWords=%E6%B5%81%E8%BD%89%E5%B9%B4%E8%8F%AF+&oid=16777672 HTTP/1.1" 200 3182
66.249.71.152 - - [13/Jun/2016:02:25:10 +0800] "GET /content/nav/relationSubject.jsp?relationWords=%E6%B5%81%E8%BD%89%E5%B9%B4%E8%8F%AF%20&oid=16777672 HTTP/1.1" 200 3182
66.249.71.136 - - [13/Jun/2016:02:25:34 +0800] "GET /content/nav/relationSubject.jsp?relationWords=%E5%B0%8F%E7%A9%8E%E6%BA%9D%E7%A8%83%E8%8D%89+%E6%BA%9D%E6%A1%B4%E8%8D%89+%E6%BA%9D%E6%A1%B4%E8%8D%89%E5%B1%AC+&oid=2144110 HTTP/1.1" 200 3282
66.249.71.136 - - [13/Jun/2016:02:25:55 +0800] "GET /content/repository/resource_content.jsp?oid=1111451 HTTP/1.1" 200 31309
66.249.79.200 - - [13/Jun/2016:02:26:00 +0800] "GET /content/nav/relationSubject.jsp?relationWords=%E5%A4%A7%E8%91%89%E6%A5%93%E5%AF%84%E7%94%9F%E5%B1%AC+%E6%9D%8E%E6%A3%9F%E5%B1%B1%E6%A1%91%E5%AF%84%E7%94%9F+%E6%A1%91%E5%AF%84%E7%94%9F+%E6%A4%8D%E7%89%A9%E7%95%8C+&oid=2152456 HTTP/1.1" 200 3454
180.76.15.149 - - [13/Jun/2016:02:26:03 +0800] "GET /content/repository/resource_content.jsp?oid=2671084&queryString=%E5%A5%89%E5%A4%A9%E5%BA%9C%20%E9%80%9A%E5%88%A4%20%E9%98%BF%E7%88%BE%E6%B3%B0 HTTP/1.1" 200 30395
66.249.71.136 - - [13/Jun/2016:02:26:19 +0800] "GET /content/nav/relationSubject.jsp?relationWords=%E5%85%89%E5%BE%A9%E9%84%89+%E7%A3%AF%E5%B4%8E%E6%9D%91+&oid=1633630 HTTP/1.1" 200 4621
66.249.71.136 - - [13/Jun/2016:02:26:20 +0800] "GET /content/nav/relationSubject.jsp?relationWords=%E5%85%89%E5%BE%A9%E9%84%89%20%E7%A3%AF%E5%B4%8E%E6%9D%91%20&oid=1633630 HTTP/1.1" 200 4621
39.10.192.88 - - [13/Jun/2016:02:26:23 +0800] "GET /content/repository/resource_content.jsp?oid=3823697&queryString=API%20%E6%A4%8D%E7%89%A9%E7%95%8C%20%E7%84%A1%E6%82%A3%E5%AD%90%20%E7%84%A1%E6%82%A3%E5%AD%90%E7%A7%91 HTTP/1.1" 200 31295
39.10.192.88 - - [13/Jun/2016:02:26:23 +0800] "GET /content/nav/relationSubject.jsp?relationWords=API+%E6%A4%8D%E7%89%A9%E7%95%8C+%E7%84%A1%E6%82%A3%E5%AD%90+%E7%84%A1%E6%82%A3%E5%AD%90%E7%A7%91+&oid=3823697 HTTP/1.1" 200 3281
39.10.192.88 - - [13/Jun/2016:02:26:26 +0800] "GET /content/repository/resource_content.jsp?oid=3823516&queryString=API%20%E6%A4%8D%E7%89%A9%E7%95%8C%20%E7%84%A1%E6%82%A3%E5%AD%90%20%E7%84%A1%E6%82%A3%E5%AD%90%E7%A7%91 HTTP/1.1" 200 31411
39.10.192.88 - - [13/Jun/2016:02:26:27 +0800] "GET /content/nav/relationSubject.jsp?relationWords=API+%E6%A4%8D%E7%89%A9%E7%95%8C+%E7%84%A1%E6%82%A3%E5%AD%90+%E7%84%A1%E6%82%A3%E5%AD%90%E7%A7%91+&oid=3823516 HTTP/1.1" 200 3281
39.10.192.88 - - [13/Jun/2016:02:26:36 +0800] "GET /content/repository/resource_content.jsp?oid=3818865&queryString=API%20%E6%A4%8D%E7%89%A9%E7%95%8C%20%E7%84%A1%E6%82%A3%E5%AD%90%20%E7%84%A1%E6%82%A3%E5%AD%90%E7%A7%91 HTTP/1.1" 200 31326
39.10.192.88 - - [13/Jun/2016:02:26:37 +0800] "GET /content/nav/relationSubject.jsp?relationWords=API+%E6%A4%8D%E7%89%A9%E7%95%8C+%E7%84%A1%E6%82%A3%E5%AD%90+%E7%84%A1%E6%82%A3%E5%AD%90%E7%A7%91+&oid=3818865 HTTP/1.1" 200 3281
66.249.71.136 - - [13/Jun/2016:02:26:50 +0800] "GET /content/nav/relationSubject.jsp?relationWords=&oid=2594902 HTTP/1.1" 200 1405
66.249.71.136 - - [13/Jun/2016:02:27:20 +0800] "GET /content/repository/resource_content.jsp?oid=1450212 HTTP/1.1" 200 30058
66.249.71.136 - - [13/Jun/2016:02:27:29 +0800] "GET /content/nav/relationSubject.jsp?relationWords=%E9%AB%98%E9%9B%84%E6%B8%AF%E5%8B%99%E5%B1%80+&oid=1604878 HTTP/1.1" 200 4981
66.249.71.136 - - [13/Jun/2016:02:28:36 +0800] "GET /digiarch_en/content/repository/resource_content.jsp?oid=1524624&queryString=%E8%87%BA%E9%9B%BB%20%E8%BE%B2%E6%9D%91%E9%9B%BB%E5%8C%96%20%E9%84%89%E5%85%AC%E6%89%80 HTTP/1.1" 200 23793
66.249.71.242 - - [13/Jun/2016:02:28:45 +0800] "GET /content/repository/resource_content.jsp?oid=4451403&queryType=qs&queryString=%E5%85%AC%E8%A8%AD%E5%B8%82%E5%A0%B4 HTTP/1.1" 200 29056
66.249.71.136 - - [13/Jun/2016:02:30:10 +0800] "GET /content/repository/resource_content.jsp?oid=21907 HTTP/1.1" 200 30126
66.249.71.136 - - [13/Jun/2016:02:30:16 +0800] "GET /content/nav/relationSubject.jsp?relationWords=%E5%88%91%E9%83%A8+%E5%88%A8%E5%8F%83+&oid=2665536 HTTP/1.1" 200 3130
66.249.71.136 - - [13/Jun/2016:02:31:08 +0800] "GET /content/nav/relationSubject.jsp?relationWords=%E4%B8%AD%E5%A0%B1+%E4%B8%AD%E8%88%88%E6%96%B0%E6%9D%91+%E4%B8%AD%E8%88%88%E7%B4%99%E6%A5%AD+%E5%85%AC%E7%87%9F%E4%BA%8B%E6%A5%AD+%E5%90%B3%E4%B8%89%E9%80%A3+%E5%9F%BA%E9%9A%86%E6%B8%AF%E5%8B%99%E5%B1%80+%E5%A4%A7%E6%9D%BE+%E5%BC%B5%E4%BB%81%E6%BB%94+%E5%BC%B5%E6%96%87%E6%88%90+%E6%97%85%E8%A1%8C%E7%A4%BE+%E6%99%B4%E5%B5%90+%E6%9E%97%E5%89%87%E5%BD%AC+%E8%87%AA%E4%BE%86%E6%B0%B4%E5%BB%A0+%E8%87%BA%E7%81%A3%E7%9C%81+%E8%87%BA%E7%81%A3%E7%9C%81%E5%85%AC%E8%B7%AF%E5%B1%80+%E8%87%BA%E7%81%A3%E7%9C%81%E7%89%A9%E8%B3%87%E5%B1%80+%E8%87%BA%E7%81%A3%E8%88%AA%E6%A5%AD%E5%85%AC%E5%8F%B8+%E8%AC%9D%E6%96%87%E9%81%94+%E9%95%B7%E8%8E%AB+%E9%99%B3%E6%95%8F%E5%8D%BF+%E9%AB%98%E9%9B%84%E5%B7%A5%E6%A5%AD+%E9%AB%98%E9%9B%84%E6%B8%AF%E5%8B%99%E5%B1%80+&oid=1546978 HTTP/1.1" 200 5603
66.249.71.136 - - [13/Jun/2016:02:31:31 +0800] "GET /digiarch_en/content/nav/relationSubject.jsp?relationWords=%E5%A4%A7%E8%91%89%E5%B1%B1%E6%AC%96+%E6%8B%BC%E6%9D%BF%E8%88%9F+%E9%81%94%E6%82%9F%E6%97%8F+&oid=16777270 HTTP/1.1" 200 4574
66.249.71.136 - - [13/Jun/2016:02:31:37 +0800] "GET /content/repository/resource_content.jsp?oid=2149225 HTTP/1.1" 200 30928
66.249.71.136 - - [13/Jun/2016:02:31:46 +0800] "GET /digiarch_en/content/nav/relationSubject.jsp?relationWords=%E6%9C%A8%E8%98%AD%E5%B1%AC%20%E6%9C%A8%E8%98%AD%E7%A7%91%20%E6%A4%8D%E7%89%A9%E7%95%8C%20%E6%B4%8B%E7%8E%89%E8%98%AD%20&oid=1457470 HTTP/1.1" 200 3627
68.180.228.229 - - [13/Jun/2016:02:31:47 +0800] "GET /content/tmp_exh/resource_content.jsp?oid=16777802&queryType=qc HTTP/1.1" 200 28937
66.249.71.136 - - [13/Jun/2016:02:33:01 +0800] "GET /content/subject/resource_content.jsp?oid=16777645 HTTP/1.1" 200 63942
66.249.79.200 - - [13/Jun/2016:02:33:03 +0800] "GET /content/nav/relationSubject.jsp?relationWords=%E6%9D%9C%E9%B5%91%E8%8A%B1+%E6%9D%9C%E9%B5%91%E8%8A%B1%E7%A7%91+%E6%A4%8D%E7%89%A9%E7%95%8C+%E7%B1%B3%E9%A3%AF%E8%8A%B1+%E8%B6%8A%E6%A9%98%E5%B1%AC+&oid=1463192 HTTP/1.1" 200 4682
66.249.71.136 - - [13/Jun/2016:02:33:57 +0800] "GET /content/repository/resource_content.jsp?oid=1607734 HTTP/1.1" 200 29171
59.149.131.36 - - [13/Jun/2016:02:34:08 +0800] "GET /content/nav/relationSubject.jsp?relationWords=%E6%9C%A8%E7%8A%80+%E6%A1%82%E8%8A%B1+&oid=16777255 HTTP/1.1" 200 4029
66.249.71.136 - - [13/Jun/2016:02:34:37 +0800] "GET /content/nav/relationSubject.jsp?relationWords=%E5%A4%9A%E8%8A%B1%E9%87%8E%E7%A2%97%E8%B1%86+%E6%A4%8D%E7%89%A9%E7%95%8C+%E8%A0%B6%E8%B1%86+%E8%A0%B6%E8%B1%86%E5%B1%AC+%E9%9B%99%E5%AD%90%E8%91%89%E6%A4%8D%E7%89%A9+&oid=3816956 HTTP/1.1" 200 3306
66.249.71.166 - - [13/Jun/2016:02:34:39 +0800] "GET /content/nav/relationSubject.jsp?relationWords=&oid=2674754 HTTP/1.1" 200 1405
66.249.71.136 - - [13/Jun/2016:02:34:40 +0800] "GET /digiarch_en/content/nav/relationSubject.jsp?relationWords=%E5%8A%89%E9%87%91%E7%B4%84%20%E5%8D%97%E6%8A%95%E7%B8%A3%E8%AD%B0%E6%9C%83%20%E5%90%88%E4%BD%9C%E7%A4%BE%20%E5%AD%AB%E6%B5%B7%20%E8%87%BA%E5%8C%97%E5%B8%82%20%E8%87%BA%E7%81%A3%E9%9B%BB%E5%8A%9B%E5%85%AC%E5%8F%B8%20%E8%87%BA%E9%9B%BB%20%E9%9B%BB%E6%A1%BF%20&oid=1524624 HTTP/1.1" 200 5757
66.249.79.200 - - [13/Jun/2016:02:34:42 +0800] "GET /content/nav/relationSubject.jsp?relationWords=%E5%A4%9A%E8%8A%B1%E9%87%8E%E7%A2%97%E8%B1%86%20%E6%A4%8D%E7%89%A9%E7%95%8C%20%E8%A0%B6%E8%B1%86%20%E8%A0%B6%E8%B1%86%E5%B1%AC%20%E9%9B%99%E5%AD%90%E8%91%89%E6%A4%8D%E7%89%A9%20&oid=3816956 HTTP/1.1" 200 3306
1.36.249.154 - - [13/Jun/2016:02:34:44 +0800] "GET /content/repository/resource_content.jsp?oid=1081537&queryType=qs&queryString=%E7%B4%A2%E7%BE%85%E9%96%80%E7%BE%A4%E5%B3%B6 HTTP/1.1" 200 34156
1.36.249.154 - - [13/Jun/2016:02:34:45 +0800] "GET /content/nav/relationSubject.jsp?relationWords=%E5%BC%B7%E6%B0%8F%E6%B5%B7%E9%BE%8D+%E6%B5%B7%E9%BE%8D+%E6%B5%B7%E9%BE%8D%E7%A7%91+%E7%9F%9B%E5%90%BB+&oid=1081537 HTTP/1.1" 200 3631
66.249.71.136 - - [13/Jun/2016:02:35:15 +0800] "GET /content/nav/relationSubject.jsp?relationWords=%E5%9B%9B%E5%B7%9D%E7%9C%81%E5%9C%B0%E5%BD%A2%E5%9C%96+&oid=227556 HTTP/1.1" 200 3085
66.249.71.136 - - [13/Jun/2016:02:35:26 +0800] "GET /content/nav/relationSubject.jsp?relationWords=%E5%9B%9B%E5%B7%9D%E7%9C%81%E5%9C%B0%E5%BD%A2%E5%9C%96%20&oid=227556 HTTP/1.1" 200 3085
66.249.66.162 - - [13/Jun/2016:02:35:32 +0800] "GET /content/repository/resource_content.jsp?oid=1773661&queryType=qs&queryString=%E5%82%B3%E7%B5%B1%E6%AD%8C%E8%AC%A0 HTTP/1.1" 200 29921
110.27.70.219 - - [13/Jun/2016:02:35:33 +0800] "GET /content/repository/resource_content.jsp?oid=2142571&queryString=%E6%97%8B%E8%8A%B1%E7%A7%91%20%E6%A4%8D%E7%89%A9%E7%95%8C%20%E8%8F%9F%E7%B5%B2%E5%AD%90%20%E8%8F%9F%E7%B5%B2%E5%AD%90%E5%B1%AC HTTP/1.1" 200 31215
110.27.70.219 - - [13/Jun/2016:02:35:35 +0800] "GET /content/nav/relationSubject.jsp?relationWords=%E6%97%8B%E8%8A%B1%E7%A7%91+%E6%A4%8D%E7%89%A9%E7%95%8C+%E8%8F%9F%E7%B5%B2%E5%AD%90+%E8%8F%9F%E7%B5%B2%E5%AD%90%E5%B1%AC+&oid=2142571 HTTP/1.1" 200 3307
66.249.71.242 - - [13/Jun/2016:02:36:14 +0800] "GET /content/nav/relationSubject.jsp?relationWords=%E5%90%8F%E9%83%A8+%E6%9D%9C%E5%9B%9B+&oid=2673124 HTTP/1.1" 200 3136
66.249.71.242 - - [13/Jun/2016:02:36:44 +0800] "GET /content/nav/relationSubject.jsp?relationWords=%E5%90%8F%E9%83%A8%20%E6%9D%9C%E5%9B%9B%20&oid=2673124 HTTP/1.1" 200 3136
66.249.71.242 - - [13/Jun/2016:02:37:16 +0800] "GET /content/repository/resource_content.jsp?oid=4364457&queryType=qs&queryString=%E5%8F%A4%E6%A8%93%E6%9D%91 HTTP/1.1" 200 28974
66.249.71.150 - - [13/Jun/2016:02:38:41 +0800] "GET /content/subject/resource_content.jsp?oid=16777773&queryType=qs&queryString=%E5%A4%A7%E5%90%8C%E5%8D%80 HTTP/1.1" 200 54780
66.249.79.207 - - [13/Jun/2016:02:39:17 +0800] "GET /content/repository/resource_content.jsp?oid=1461889&queryString=%E5%B1%B1%E8%9E%9E%E8%9D%97%E5%B1%AC%20%E6%A4%8D%E7%89%A9%E7%95%8C%20%E7%B4%B0%E6%A2%97%E5%B1%B1%E8%9E%9E%E8%9D%97%20%E8%A0%B6%E8%B1%86%20%E9%9B%99%E5%AD%90%E8%91%89%E6%A4%8D%E7%89%A9 HTTP/1.1" 200 31795
66.249.82.160 - - [13/Jun/2016:02:39:37 +0800] "GET /content/repository/resource_content.jsp?oid=1777681 HTTP/1.1" 200 27029
66.249.82.164 - - [13/Jun/2016:02:39:37 +0800] "GET /content/nav/relationSubject.jsp?relationWords=%E7%86%9F%E7%95%AA+%E7%95%AA%E5%A9%A6+&oid=1777681 HTTP/1.1" 200 3159
66.249.79.200 - - [13/Jun/2016:02:39:52 +0800] "GET /content/nav/relationSubject.jsp?relationWords=%E4%BC%8A%E7%8A%81%E5%B0%87%E8%BB%8D+%E5%B7%9D%E5%8C%97+%E6%9F%A5%E9%96%B1+%E7%87%9F%E4%BC%8D+&oid=2676204 HTTP/1.1" 200 5373
66.249.71.166 - - [13/Jun/2016:02:40:06 +0800] "GET /content/repository/resource_content.jsp?oid=2667741&queryString=%E5%A4%A7%E7%A5%80 HTTP/1.1" 200 30401
66.249.71.143 - - [13/Jun/2016:02:40:34 +0800] "GET /content/nav/relationSubject.jsp?relationWords=%E7%BE%A9%E9%82%91+&oid=1814405 HTTP/1.1" 200 3171
66.249.71.254 - - [13/Jun/2016:02:40:41 +0800] "GET /content/nav/relationSubject.jsp?relationWords=%E5%90%8F%E9%83%A8+%E8%A3%9C%E5%93%A1%E7%BC%BA%E4%BA%8B+%E8%AA%BF%E8%A3%9C%E5%93%A1+&oid=2680505 HTTP/1.1" 200 3216
66.249.71.242 - - [13/Jun/2016:02:40:44 +0800] "GET /content/nav/relationSubject.jsp?relationWords=%E5%90%8F%E9%83%A8%20%E8%A3%9C%E5%93%A1%E7%BC%BA%E4%BA%8B%20%E8%AA%BF%E8%A3%9C%E5%93%A1%20&oid=2680505 HTTP/1.1" 200 3216
66.249.71.136 - - [13/Jun/2016:02:41:31 +0800] "GET /content/repository/resource_content.jsp?oid=1608351 HTTP/1.1" 200 29812
164.132.161.3 - - [13/Jun/2016:02:41:51 +0800] "GET /content/subject/resource_content.jsp?oid=16777501&queryType=qc HTTP/1.1" 200 45767
118.0.148.121 - - [13/Jun/2016:02:42:22 +0800] "GET /content/nav/relationSubject.jsp?relationWords=%E6%A5%8A%E8%82%87%E5%98%89+&oid=16777781 HTTP/1.1" 200 2610
66.249.71.199 - - [13/Jun/2016:02:42:56 +0800] "GET /digiarch3/content/repository/resource_content.jsp?oid=16268&queryType=qs&queryString=%E9%99%84%E8%91%97%E6%80%A7 HTTP/1.1" 200 34938
180.76.15.21 - - [13/Jun/2016:02:42:58 +0800] "GET /content/repository/resource_content.jsp?oid=1108536&queryString=API%20%E4%B9%9E%E9%A3%9F%E7%A2%97%20%E5%A4%A9%E8%83%A1%E8%8D%BD%E5%B1%AC%20%E6%A4%8D%E7%89%A9%E7%95%8C%20%E7%B9%96%E5%BD%A2%E7%A7%91%20%E9%9B%99%E5%AD%90%E8%91%89%E6%A4%8D%E7%89%A9 HTTP/1.1" 200 31640
66.249.71.200 - - [13/Jun/2016:02:43:18 +0800] "GET /content/nav/relationSubject.jsp?relationWords=%E5%BB%82%E7%B4%85%E6%97%97+&oid=2689290 HTTP/1.1" 200 3099
66.249.71.136 - - [13/Jun/2016:02:43:43 +0800] "GET /content/nav/relationSubject.jsp?relationWords=%E5%85%B1%E6%9C%89%E5%9C%9F%E5%9C%B0+%E5%93%A1%E6%9E%97%E9%8E%AE+%E5%9C%B0%E8%99%9F+%E7%B3%A7%E9%A3%9F%E5%B1%80+%E8%87%BA%E7%81%A3%E7%9C%81%E6%94%BF%E5%BA%9C+&oid=1898134 HTTP/1.1" 200 5410
157.55.39.243 - - [13/Jun/2016:02:44:01 +0800] "GET /content/repository/resource_content.jsp?oid=3823697&queryString=API%20%E6%A4%8D%E7%89%A9%E7%95%8C%20%E7%84%A1%E6%82%A3%E5%AD%90%20%E7%84%A1%E6%82%A3%E5%AD%90%E7%A7%91 HTTP/1.1" 200 31295
66.249.71.136 - - [13/Jun/2016:02:44:12 +0800] "GET /content/repository/resource_content.jsp?oid=1451231 HTTP/1.1" 200 30036
66.249.71.199 - - [13/Jun/2016:02:44:14 +0800] "GET /content/nav/relationSubject.jsp?relationWords=%E6%9F%B3%E8%91%89%E8%8F%9C+%E6%A1%83%E9%87%91%E5%AD%83+%E6%A4%8D%E7%89%A9%E7%95%8C+%E6%B0%B4%E4%B8%81%E9%A6%99%E5%B1%AC+&oid=3826322 HTTP/1.1" 200 3406
66.249.71.248 - - [13/Jun/2016:02:44:21 +0800] "GET /content/repository/resource_content.jsp?oid=1625026&queryType=qs&queryString=%E5%A4%A7%E9%9C%87 HTTP/1.1" 200 29448
66.249.71.136 - - [13/Jun/2016:02:44:25 +0800] "GET /content/nav/relationSubject.jsp?relationWords=%E9%87%91%E5%B8%B6%E9%87%91%E8%8A%B1%E9%B1%B8+%E9%AE%A8%E7%A7%91+&oid=1451231 HTTP/1.1" 200 3256
66.249.79.200 - - [13/Jun/2016:02:44:27 +0800] "GET /content/nav/relationSubject.jsp?relationWords=%E9%87%91%E5%B8%B6%E9%87%91%E8%8A%B1%E9%B1%B8%20%E9%AE%A8%E7%A7%91%20&oid=1451231 HTTP/1.1" 200 3256
66.249.71.136 - - [13/Jun/2016:02:44:36 +0800] "GET /digiarch_en/content/tmp_tec/resource_content.jsp?oid=16777706 HTTP/1.1" 200 40485
66.249.71.136 - - [13/Jun/2016:02:44:54 +0800] "GET /content/nav/relationSubject.jsp?relationWords=%E5%B1%B1%E8%9E%9E%E8%9D%97%E5%B1%AC+%E6%A4%8D%E7%89%A9%E7%95%8C+%E7%B4%B0%E6%A2%97%E5%B1%B1%E8%9E%9E%E8%9D%97+%E8%A0%B6%E8%B1%86+%E9%9B%99%E5%AD%90%E8%91%89%E6%A4%8D%E7%89%A9+&oid=1461889 HTTP/1.1" 200 3618
66.249.71.136 - - [13/Jun/2016:02:44:57 +0800] "GET /content/nav/relationSubject.jsp?relationWords=%E5%B1%B1%E8%9E%9E%E8%9D%97%E5%B1%AC%20%E6%A4%8D%E7%89%A9%E7%95%8C%20%E7%B4%B0%E6%A2%97%E5%B1%B1%E8%9E%9E%E8%9D%97%20%E8%A0%B6%E8%B1%86%20%E9%9B%99%E5%AD%90%E8%91%89%E6%A4%8D%E7%89%A9%20&oid=1461889 HTTP/1.1" 200 3618
66.249.71.152 - - [13/Jun/2016:02:45:00 +0800] "GET /content/nav/relationSubject.jsp?relationWords=%E6%80%9D%E6%83%B3+%E6%95%99%E8%82%B2%E6%A1%88+&oid=1566559 HTTP/1.1" 200 5178
66.249.71.136 - - [13/Jun/2016:02:45:13 +0800] "GET /content/nav/relationSubject.jsp?relationWords=%E4%B8%89%E4%B8%83%E4%BA%94%20%E5%89%B5%E6%A5%AD%20&oid=1607734 HTTP/1.1" 200 4682
66.249.71.136 - - [13/Jun/2016:02:45:33 +0800] "GET /content/nav/relationSubject.jsp?relationWords=%E5%B7%A1%E6%92%AB+&oid=2517146 HTTP/1.1" 200 3084
66.249.71.136 - - [13/Jun/2016:02:45:40 +0800] "GET /content/nav/relationSubject.jsp?relationWords=%E5%89%AF%E4%BD%9C%E7%94%A8+%E6%9D%BE%E9%BC%A0+%E6%9E%97%E5%8B%99%E5%B1%80+%E6%A5%AD%E7%95%8C+%E6%B0%B4%E6%B1%A1%E6%9F%93+%E9%80%A0%E6%9E%97+&oid=1606205 HTTP/1.1" 200 5330
66.249.71.136 - - [13/Jun/2016:02:45:42 +0800] "GET /content/nav/relationSubject.jsp?relationWords=%E5%89%AF%E4%BD%9C%E7%94%A8%20%E6%9D%BE%E9%BC%A0%20%E6%9E%97%E5%8B%99%E5%B1%80%20%E6%A5%AD%E7%95%8C%20%E6%B0%B4%E6%B1%A1%E6%9F%93%20%E9%80%A0%E6%9E%97%20&oid=1606205 HTTP/1.1" 200 5330
66.249.71.242 - - [13/Jun/2016:02:45:46 +0800] "GET /content/repository/resource_content.jsp?oid=4364002&queryType=qs&queryString=%E6%9D%8E%E6%B8%85%E7%85%8C HTTP/1.1" 200 28756
66.249.71.205 - - [13/Jun/2016:02:47:11 +0800] "GET /digiarch3/content/repository/resource_content.jsp?oid=15414&queryString=%E9%87%91%E7%B7%9A%E9%AD%9A%E7%A7%91%20%E9%87%91%E7%B7%9A%E9%B0%B1%20%E9%BB%83%E7%B7%A3%E9%87%91%E7%B7%9A%E9%AD%9A HTTP/1.1" 200 35344
220.181.108.105 - - [13/Jun/2016:02:47:29 +0800] "GET /content/subject/resource_content.jsp?oid=16777741&queryType=qc HTTP/1.1" 200 53538
59.149.131.36 - - [13/Jun/2016:02:48:23 +0800] "GET /content/nav/relationSubject.jsp?relationWords=%E6%9C%A8%E7%8A%80+%E6%A1%82%E8%8A%B1+&oid=16777255 HTTP/1.1" 200 4029
66.249.71.166 - - [13/Jun/2016:02:48:36 +0800] "GET /content/repository/resource_content.jsp?oid=1806811&queryString=%E5%82%85%E6%96%AF%E5%B9%B4%20%E5%8A%9F%E6%9B%B9%20%E6%AD%A6%E6%A6%AE%E7%A5%A0%20%E6%AD%A6%E6%B0%8F%E7%A5%A0%20%E6%AD%A6%E6%B0%8F%E7%A5%A0%E5%89%8D%E7%9F%B3%E5%AE%A4%20%E8%BB%8A%E9%A8%8E%20%E9%87%91%E5%90%BE%20%E9%A1%8C%E8%A8%98 HTTP/1.1" 200 41309
66.249.71.211 - - [13/Jun/2016:02:49:45 +0800] "GET /digiarch3/content/repository/resource_content.jsp?oid=1604404&queryType=qs&queryString=%E8%87%BA%E7%81%A3%E7%B6%93%E6%BF%9F HTTP/1.1" 200 29998
66.249.71.205 - - [13/Jun/2016:02:50:01 +0800] "GET /content/repository/resource_content.jsp?oid=4353421&queryString=%E7%9F%B3%E9%A6%96%E9%AD%9A%E7%A7%91%20%E9%AE%B8%E4%BB%94%20%E9%AE%B8%E9%AD%9A HTTP/1.1" 200 35637
66.249.71.136 - - [13/Jun/2016:02:51:06 +0800] "GET /content/nav/relationSubject.jsp?relationWords=%E9%AC%BC%E7%9F%B3%E7%8B%97%E5%85%AC+&oid=23720 HTTP/1.1" 200 3310
118.171.69.211 - - [13/Jun/2016:02:51:14 +0800] "GET /content/nav/relationSubject.jsp?relationWords=%E6%A5%8A%E8%82%87%E5%98%89+&oid=16777781 HTTP/1.1" 200 2610
66.249.71.143 - - [13/Jun/2016:02:51:24 +0800] "GET /content/nav/relationSubject.jsp?relationWords=%E6%97%97%E5%94%87%E8%98%AD%E5%B1%AC+%E7%B4%AB%E8%91%89%E6%97%97%E5%94%87%E8%98%AD+&oid=2143514 HTTP/1.1" 200 3262
66.249.71.136 - - [13/Jun/2016:02:51:26 +0800] "GET /content/repository/resource_content.jsp?oid=21697 HTTP/1.1" 200 29856
120.97.74.250 - - [13/Jun/2016:02:51:52 +0800] "GET /content/repository/resource_content.jsp?oid=3819211&queryType=qs&queryString=%E6%9C%A8%E8%B3%8A HTTP/1.1" 200 31182
120.97.74.250 - - [13/Jun/2016:02:51:53 +0800] "GET /content/nav/relationSubject.jsp?relationWords=%E6%9C%A8%E8%B3%8A+%E6%9C%A8%E8%B3%8A%E5%B1%AC+%E6%9C%A8%E8%B3%8A%E7%A7%91+%E6%A4%8D%E7%89%A9%E7%95%8C+&oid=3819211 HTTP/1.1" 200 3151
120.97.74.250 - - [13/Jun/2016:02:51:54 +0800] "HEAD /content/repository/resource_content.jsp?oid=3819211&queryType=qs&queryString=%E6%9C%A8%E8%B3%8A HTTP/1.1" 200 -
120.97.74.250 - - [13/Jun/2016:02:51:55 +0800] "HEAD /content/repository/resource_content.jsp?oid=3819211&queryType=qs&queryString=%E6%9C%A8%E8%B3%8A HTTP/1.1" 200 -
120.97.74.250 - - [13/Jun/2016:02:51:56 +0800] "GET /content/repository/resource_content.jsp?oid=3819211&queryType=qs&queryString=%E6%9C%A8%E8%B3%8A HTTP/1.1" 200 31182
66.249.71.136 - - [13/Jun/2016:02:52:51 +0800] "GET /content/repository/resource_content.jsp?oid=1622656 HTTP/1.1" 200 28877
69.30.198.202 - - [13/Jun/2016:02:53:30 +0800] "GET /content/subject/resource_content.jsp?oid=16777274&queryType=qc HTTP/1.0" 200 35328
66.249.71.136 - - [13/Jun/2016:02:53:30 +0800] "GET /content/nav/relationSubject.jsp?relationWords=%E6%AC%BD%E5%A4%A9%E7%9B%A3+&oid=2537917 HTTP/1.1" 200 3099
69.30.198.202 - - [13/Jun/2016:02:53:35 +0800] "GET /content/subject/resource_content.jsp?oid=16777328&queryType=qc HTTP/1.0" 200 35507
69.30.198.202 - - [13/Jun/2016:02:53:42 +0800] "GET /content/subject/resource_content.jsp?oid=16777335&queryType=qc HTTP/1.0" 200 32365
69.30.198.202 - - [13/Jun/2016:02:54:01 +0800] "GET /content/subject/resource_content.jsp?oid=16777336&queryType=qc HTTP/1.0" 200 32046
66.249.71.166 - - [13/Jun/2016:02:54:18 +0800] "GET /content/subject/resource_content.jsp?oid=16777736&queryType=qs&queryString=%E5%8F%B0%E7%81%A3%E4%BA%8C%E8%91%89%E6%9D%BE HTTP/1.1" 200 43172
69.30.198.202 - - [13/Jun/2016:02:54:30 +0800] "GET /content/subject/resource_content.jsp?oid=16777342&queryType=qc HTTP/1.0" 200 33169
69.30.198.202 - - [13/Jun/2016:02:54:37 +0800] "GET /content/subject/resource_content.jsp?oid=16777352&queryType=qc HTTP/1.0" 200 27960
66.249.71.143 - - [13/Jun/2016:02:54:40 +0800] "GET /content/nav/relationSubject.jsp?relationWords=%E5%8F%83%E8%AD%B0%E5%93%A1+%E5%9C%8B%E9%98%B2%E9%83%A8+%E7%9C%81%E6%94%BF%E5%BA%9C+%E8%8F%AF%E5%9C%8B+%E8%94%A3%E7%B6%93%E5%9C%8B+%E9%A6%AC%E6%9C%89%E5%B2%B3+%E9%BB%83%E6%B4%BD%E6%A1%90+&oid=1517512 HTTP/1.1" 200 4742
66.249.79.207 - - [13/Jun/2016:02:54:41 +0800] "GET /content/nav/relationSubject.jsp?relationWords=%E6%A4%8D%E7%89%A9%E7%95%8C+%E6%AF%9B%E8%BB%8A%E5%89%8D%E8%8D%89+%E8%BB%8A%E5%89%8D%E5%B1%AC+&oid=1459680 HTTP/1.1" 200 3154
69.30.198.202 - - [13/Jun/2016:02:54:41 +0800] "GET /content/subject/resource_content.jsp?oid=16777357&queryType=qc HTTP/1.0" 200 33875
66.249.71.199 - - [13/Jun/2016:02:54:58 +0800] "GET /digiarch3/content/repository/resource_content.jsp?oid=4550339&queryString=%E4%B8%AD%E8%85%B9%E8%B6%B3%E7%9B%AE%20%E5%AF%B6%E8%9E%BA%E5%B1%AC%20%E5%AF%B6%E8%9E%BA%E7%A7%91%20%E8%85%B9%E8%B6%B3%E7%B6%B1%20%E9%87%91%E7%92%B0%E5%AF%B6%E8%9E%BA HTTP/1.1" 200 31039
66.249.71.136 - - [13/Jun/2016:02:55:01 +0800] "GET /digiarch_en/content/nav/relationSubject.jsp?relationWords=%E7%8F%A0%E8%9E%BA+%E7%98%A4%E7%8F%A0%E8%9E%BA+%E8%85%B9%E8%B6%B3%E7%B6%B1+%E8%A0%91%E8%9E%BA+%E8%A0%91%E8%9E%BA%E7%A7%91+%E8%BB%9F%E9%AB%94%E5%8B%95%E7%89%A9%E9%96%80+&oid=4547998 HTTP/1.1" 200 3509
69.30.198.202 - - [13/Jun/2016:02:55:02 +0800] "GET /content/subject/resource_content.jsp?oid=16777472&queryType=qc HTTP/1.0" 200 64880
69.30.198.202 - - [13/Jun/2016:02:55:09 +0800] "GET /content/subject/resource_content.jsp?oid=16777476&queryType=qc HTTP/1.0" 200 54191
66.249.79.200 - - [13/Jun/2016:02:55:33 +0800] "GET /content/nav/relationSubject.jsp?relationWords=%E5%8D%B0%E5%BA%A6%E8%8F%A9%E6%8F%90%E6%A8%B9+%E6%A4%8D%E7%89%A9%E7%95%8C+%E6%A6%95%E5%B1%AC+&oid=1458844 HTTP/1.1" 200 3071
66.249.71.136 - - [13/Jun/2016:02:55:41 +0800] "GET /content/repository/resource_content.jsp?oid=2511446 HTTP/1.1" 200 29787
110.28.33.186 - - [13/Jun/2016:02:55:44 +0800] "GET /content/repository/resource_content.jsp?oid=3211856&queryString=%E6%B7%A1%E7%B4%8B%E5%B0%84%E7%B7%9A%E9%9D%92%E8%9E%BA%20%E8%85%B9%E8%B6%B3%E7%B6%B1%20%E8%93%AE%E8%8A%B1%E9%9D%92%E8%9E%BA%E7%A7%91 HTTP/1.1" 200 29644
110.28.33.186 - - [13/Jun/2016:02:55:48 +0800] "GET /content/nav/relationSubject.jsp?relationWords=%E6%B7%A1%E7%B4%8B%E5%B0%84%E7%B7%9A%E9%9D%92%E8%9E%BA+%E8%85%B9%E8%B6%B3%E7%B6%B1+%E8%93%AE%E8%8A%B1%E9%9D%92%E8%9E%BA%E7%A7%91+&oid=3211856 HTTP/1.1" 200 3209
69.30.198.202 - - [13/Jun/2016:02:55:53 +0800] "GET /content/subject/resource_content.jsp?oid=16777482&queryType=qc HTTP/1.0" 200 37150
69.30.198.202 - - [13/Jun/2016:02:55:58 +0800] "GET /content/subject/resource_content.jsp?oid=16777486&queryType=qc HTTP/1.0" 200 42027
69.30.198.202 - - [13/Jun/2016:02:56:21 +0800] "GET /content/subject/resource_content.jsp?oid=16777532&queryType=qc HTTP/1.0" 200 34653
66.249.71.136 - - [13/Jun/2016:02:56:22 +0800] "GET /digiarch_en/content/nav/relationSubject.jsp?relationWords=%E6%96%91%E9%A6%AC+%E6%96%91%E9%A6%AC%E7%BF%BC%E6%B3%95%E8%9E%BA+%E6%B3%95%E8%9E%BA+%E6%B3%95%E8%9E%BA%E7%A7%91+%E7%95%B0%E8%B6%B3%E7%9B%AE+%E7%BF%BC%E6%B3%95%E8%9E%BA+%E8%85%B9%E8%B6%B3%E7%B6%B1+&oid=524122 HTTP/1.1" 200 3632
66.249.79.200 - - [13/Jun/2016:02:56:36 +0800] "GET /content/nav/relationSubject.jsp?relationWords=%E6%96%87%E5%8C%96%E8%97%9D%E8%A1%93+%E7%9B%AE%E6%A8%99+%E9%AD%AF%E5%87%B1%E6%97%8F+&oid=1776114 HTTP/1.1" 200 6536
69.30.198.202 - - [13/Jun/2016:02:56:43 +0800] "GET /content/subject/resource_content.jsp?oid=16777537&queryType=qc HTTP/1.0" 200 30683
69.30.198.202 - - [13/Jun/2016:02:56:55 +0800] "GET /content/subject/resource_content.jsp?oid=16777542&queryType=qc HTTP/1.0" 200 31527
69.30.198.202 - - [13/Jun/2016:02:57:01 +0800] "GET /content/subject/resource_content.jsp?oid=16777544&queryType=qc HTTP/1.0" 200 35766
66.249.71.136 - - [13/Jun/2016:02:57:06 +0800] "GET /content/repository/resource_content.jsp?oid=1894715&queryString=%E5%90%8E%E9%87%8C%20%E5%9C%8B%E5%85%89%E8%99%9F%20%E6%94%B6%E8%B2%BB%E5%93%A1%20%E6%B7%91%E6%95%8F%20%E8%87%BA%E6%B1%BD%20%E8%8C%82%E9%9B%84%20%E9%AB%98%E9%80%9F%E5%85%AC%E8%B7%AF HTTP/1.1" 200 30150
66.249.79.186 - - [13/Jun/2016:02:57:11 +0800] "GET /digiarch3/content/nav/relationSubject.jsp?relationWords=%E5%B7%B4%E6%8B%BF%E9%A6%AC+%E6%A4%8D%E7%89%A9%E7%95%8C+&oid=3811223 HTTP/1.1" 200 3553
66.249.71.136 - - [13/Jun/2016:02:57:22 +0800] "GET /content/nav/relationSubject.jsp?relationWords=%E5%85%AC%E8%B7%AF%E5%B1%80+%E5%AE%A2%E9%81%8B+%E7%9C%81%E6%94%BF%E5%BA%9C+%E7%B5%84%E7%B9%94%E8%A6%8F%E7%A8%8B+%E8%82%A1%E4%BB%BD%E6%9C%89%E9%99%90%E5%85%AC%E5%8F%B8+%E8%87%BA%E6%B1%BD+%E8%87%BA%E7%81%A3%E7%9C%81%E5%85%AC%E8%B7%AF%E5%B1%80+%E8%87%BA%E7%81%A3%E7%9C%81%E6%94%BF%E5%BA%9C+%E8%91%A3%E4%BA%8B%E6%9C%83+%E9%81%8B%E8%BC%B8%E6%A5%AD+&oid=1894715 HTTP/1.1" 200 5012
66.249.71.136 - - [13/Jun/2016:02:57:24 +0800] "GET /content/nav/relationSubject.jsp?relationWords=%E4%B8%81%E6%96%91+%E7%9F%B3%E6%96%91+%E9%81%8E%E9%AD%9A+%E9%9D%92%E7%9F%B3%E6%96%91%E9%AD%9A+%E9%AE%A8%E7%A7%91+&oid=4353484 HTTP/1.1" 200 3783
66.249.71.136 - - [13/Jun/2016:02:57:25 +0800] "GET /content/nav/relationSubject.jsp?relationWords=%E5%85%AC%E8%B7%AF%E5%B1%80%20%E5%AE%A2%E9%81%8B%20%E7%9C%81%E6%94%BF%E5%BA%9C%20%E7%B5%84%E7%B9%94%E8%A6%8F%E7%A8%8B%20%E8%82%A1%E4%BB%BD%E6%9C%89%E9%99%90%E5%85%AC%E5%8F%B8%20%E8%87%BA%E6%B1%BD%20%E8%87%BA%E7%81%A3%E7%9C%81%E5%85%AC%E8%B7%AF%E5%B1%80%20%E8%87%BA%E7%81%A3%E7%9C%81%E6%94%BF%E5%BA%9C%20%E8%91%A3%E4%BA%8B%E6%9C%83%20%E9%81%8B%E8%BC%B8%E6%A5%AD%20&oid=1894715 HTTP/1.1" 200 5012
66.249.71.136 - - [13/Jun/2016:02:57:36 +0800] "GET /content/nav/relationSubject.jsp?relationWords=%E4%B8%81%E6%96%91%20%E7%9F%B3%E6%96%91%20%E9%81%8E%E9%AD%9A%20%E9%9D%92%E7%9F%B3%E6%96%91%E9%AD%9A%20%E9%AE%A8%E7%A7%91%20&oid=4353484 HTTP/1.1" 200 3783
69.30.198.202 - - [13/Jun/2016:02:57:36 +0800] "GET /content/subject/resource_content.jsp?oid=16777591&queryType=qc HTTP/1.0" 200 40702
69.30.198.202 - - [13/Jun/2016:02:57:47 +0800] "GET /content/subject/resource_content.jsp?oid=16777625&queryType=qc HTTP/1.0" 200 61604
69.30.198.202 - - [13/Jun/2016:02:58:11 +0800] "GET /content/subject/resource_content.jsp?oid=16777654&queryType=qc HTTP/1.0" 200 63585
69.30.198.202 - - [13/Jun/2016:02:58:15 +0800] "GET /content/subject/resource_content.jsp?oid=16777657&queryType=qc HTTP/1.0" 200 71678
69.30.198.202 - - [13/Jun/2016:02:58:19 +0800] "GET /content/subject/resource_content.jsp?oid=16777715&queryType=qc HTTP/1.0" 200 34713
69.30.198.202 - - [13/Jun/2016:02:58:25 +0800] "GET /content/subject/resource_content.jsp?oid=16777726&queryType=qc HTTP/1.0" 200 36240
66.249.71.248 - - [13/Jun/2016:02:58:31 +0800] "GET /content/repository/resource_content.jsp?oid=279213&queryType=qs&queryString=%E7%A7%81%E5%8D%B0 HTTP/1.1" 200 30828
66.249.71.136 - - [13/Jun/2016:02:58:48 +0800] "GET /digiarch_en/content/nav/relationSubject.jsp?relationWords=%E4%B8%89%E5%A5%88+%E6%A4%8D%E7%89%A9%E7%95%8C+%E8%96%91%E5%B1%AC+%E8%96%91%E7%A7%91+&oid=3811115 HTTP/1.1" 200 3057
66.249.71.136 - - [13/Jun/2016:02:58:55 +0800] "GET /digiarch_en/content/nav/relationSubject.jsp?relationWords=%E4%B8%89%E5%A5%88%20%E6%A4%8D%E7%89%A9%E7%95%8C%20%E8%96%91%E5%B1%AC%20%E8%96%91%E7%A7%91%20&oid=3811115 HTTP/1.1" 200 3057
66.249.71.136 - - [13/Jun/2016:02:58:59 +0800] "GET /content/nav/relationSubject.jsp?relationWords=%E5%8F%B0%E7%81%A3%E9%9D%92%E8%8A%8B+%E5%A4%A9%E5%8D%97%E6%98%9F+%E5%A4%A9%E5%8D%97%E6%98%9F%E7%A7%91+%E5%B1%B1%E8%8A%8B+%E6%A4%8D%E7%89%A9%E7%95%8C+%E8%8A%8B%E5%B1%AC+&oid=1461668 HTTP/1.1" 200 3464
66.249.71.136 - - [13/Jun/2016:02:59:06 +0800] "GET /content/nav/relationSubject.jsp?relationWords=%E6%A4%8D%E7%89%A9%E7%95%8C+%E8%A0%B6%E8%B1%86+%E8%B1%AC%E5%B1%8E%E8%B1%86+%E9%87%8E%E7%99%BE%E5%90%88%E5%B1%AC+%E9%9B%99%E5%AD%90%E8%91%89%E6%A4%8D%E7%89%A9+&oid=1109778 HTTP/1.1" 200 3408
66.249.71.136 - - [13/Jun/2016:02:59:09 +0800] "GET /content/nav/relationSubject.jsp?relationWords=%E6%A4%8D%E7%89%A9%E7%95%8C%20%E8%A0%B6%E8%B1%86%20%E8%B1%AC%E5%B1%8E%E8%B1%86%20%E9%87%8E%E7%99%BE%E5%90%88%E5%B1%AC%20%E9%9B%99%E5%AD%90%E8%91%89%E6%A4%8D%E7%89%A9%20&oid=1109778 HTTP/1.1" 200 3408
69.30.198.202 - - [13/Jun/2016:02:59:33 +0800] "GET /content/subject/resource_content.jsp?oid=16777770&queryType=qc HTTP/1.0" 200 53798
66.249.71.136 - - [13/Jun/2016:02:59:36 +0800] "GET /content/nav/relationSubject.jsp?relationWords=&oid=2562470 HTTP/1.1" 200 1405
66.249.71.242 - - [13/Jun/2016:02:59:56 +0800] "GET /content/repository/resource_content.jsp?oid=4467317&queryType=qs&queryString=%E8%8B%B1%E5%9C%8B%E9%A0%98%E4%BA%8B%E9%A4%A8 HTTP/1.1" 200 30905
66.249.71.136 - - [13/Jun/2016:03:00:05 +0800] "GET /content/nav/relationSubject.jsp?relationWords=%E5%8D%81%E5%AD%97%E8%8A%B1%E7%A7%91+%E5%9C%93%E8%8F%9C%E9%A0%AD+%E6%A4%8D%E7%89%A9%E7%95%8C+%E8%95%93%E8%8B%94%E5%B1%AC+%E8%95%AA%E8%8F%81+%E9%9B%99%E5%AD%90%E8%91%89%E6%A4%8D%E7%89%A9+&oid=1102913 HTTP/1.1" 200 2313
66.249.79.148 - - [13/Jun/2016:03:00:19 +0800] "GET /content/repository/resource_content.jsp?oid=4362190&queryType=qs&queryString=%E6%9B%B4%E6%96%B0%E4%B8%96 HTTP/1.1" 200 28826
66.249.66.164 - - [13/Jun/2016:03:00:23 +0800] "GET /content/repository/resource_content.jsp?oid=2147408 HTTP/1.1" 200 31059
69.30.198.202 - - [13/Jun/2016:03:01:16 +0800] "GET /content/subject/resource_content.jsp?oid=16797287&queryType=qc HTTP/1.0" 200 88254
69.30.198.202 - - [13/Jun/2016:03:01:19 +0800] "GET /content/subject/resource_content.jsp?oid=16797297&queryType=qc HTTP/1.0" 200 67812
69.30.198.202 - - [13/Jun/2016:03:01:42 +0800] "GET /content/tmp_exh/resource_content.jsp?oid=16777848&queryType=qc HTTP/1.0" 200 37151
69.30.198.202 - - [13/Jun/2016:03:01:47 +0800] "GET /content/tmp_exh/resource_content.jsp?oid=16777850&queryType=qc%201890 HTTP/1.0" 200 44385
66.249.71.150 - - [13/Jun/2016:03:02:46 +0800] "GET /content/repository/resource_content.jsp?oid=1875384&queryString=%E8%BB%8A%E9%A6%AC%E5%99%A8%20%E8%BB%9B%E9%A6%96%E9%A3%BE HTTP/1.1" 200 30387
66.249.71.248 - - [13/Jun/2016:03:04:46 +0800] "GET /content/nav/relationSubject.jsp?relationWords=%E5%A5%91%E7%B4%84%E6%9B%B8+%E6%9D%9C%E6%B8%85+%E6%9E%97%E5%9C%8B%E8%8A%B3+%E8%B3%A3%E6%B8%A1+&oid=1888239 HTTP/1.1" 200 3326
66.249.71.136 - - [13/Jun/2016:03:05:41 +0800] "GET /content/repository/resource_content.jsp?oid=1111605&queryString=%E5%8F%B0%E7%81%A3%E9%87%8E%E8%96%94%E8%96%87%20%E6%A4%8D%E7%89%A9%E7%95%8C%20%E8%96%94%E8%96%87%E5%B1%AC%20%E8%96%94%E8%96%87%E7%9B%AE%20%E8%96%94%E8%96%87%E7%A7%91 HTTP/1.1" 200 31898
66.249.71.136 - - [13/Jun/2016:03:07:01 +0800] "GET /content/repository/resource_content.jsp?oid=3810623&queryString=%E8%99%A2%E4%BB%B2 HTTP/1.1" 200 29765
68.180.228.229 - - [13/Jun/2016:03:07:10 +0800] "GET /digiarch_en/content/pictures/picture_content.jsp?oid=33554807&queryType=qc HTTP/1.1" 200 21903
66.249.71.136 - - [13/Jun/2016:03:08:21 +0800] "GET /content/nav/relationSubject.jsp?relationWords=%E5%A4%A9%E7%84%B6%E7%81%BD%E5%AE%B3+%E7%91%9E%E7%A9%97%E5%8D%80+%E8%8F%B8%E9%85%92%E5%85%AC%E8%B3%A3%E5%B1%80+&oid=1539453 HTTP/1.1" 200 5209
66.249.71.136 - - [13/Jun/2016:03:08:24 +0800] "GET /content/nav/relationSubject.jsp?relationWords=%E5%A4%A9%E7%84%B6%E7%81%BD%E5%AE%B3%20%E7%91%9E%E7%A9%97%E5%8D%80%20%E8%8F%B8%E9%85%92%E5%85%AC%E8%B3%A3%E5%B1%80%20&oid=1539453 HTTP/1.1" 200 5209
66.249.71.242 - - [13/Jun/2016:03:08:26 +0800] "GET /content/subject/resource_content.jsp?oid=16777688&queryType=qs&queryString=%E9%AD%9A%E9%A1%9E%E8%B3%87%E6%96%99%E5%BA%AB HTTP/1.1" 200 39184
66.249.71.143 - - [13/Jun/2016:03:09:05 +0800] "GET /content/nav/relationSubject.jsp?relationWords=%E4%B8%81%E6%86%82+%E6%97%97%E6%BB%BF%E6%B4%B2+%E6%AD%A3%E7%99%BD%E6%97%97+&oid=2657108 HTTP/1.1" 200 4106
66.249.71.136 - - [13/Jun/2016:03:09:10 +0800] "GET /content/nav/relationSubject.jsp?relationWords=%E4%B8%81%E6%86%82%20%E6%97%97%E6%BB%BF%E6%B4%B2%20%E6%AD%A3%E7%99%BD%E6%97%97%20&oid=2657108 HTTP/1.1" 200 4106
66.249.71.242 - - [13/Jun/2016:03:09:13 +0800] "GET /content/nav/relationSubject.jsp?relationWords=%E4%BA%BA%E5%90%8D%E6%AC%8A%E5%A8%81+%E5%95%86%E6%A5%AD%E9%8A%80%E8%A1%8C+%E8%88%92%E7%88%BE%E6%9B%BC+%E8%8A%9D%E5%8A%A0%E5%93%A5+%E8%B8%B0%E6%9C%9F+%E9%B9%BD%E9%A4%98+&oid=635515 HTTP/1.1" 200 3775
66.249.71.248 - - [13/Jun/2016:03:09:31 +0800] "GET /content/nav/relationSubject.jsp?relationWords=%E6%9D%BF%E6%A9%9F%E9%AD%A8+%E7%B4%85%E7%89%99+%E7%B4%85%E7%89%99%E9%B1%97%E9%AD%A8+%E9%B1%97%E9%AD%A8%E7%A7%91+&oid=4353912 HTTP/1.1" 200 3435
66.249.71.242 - - [13/Jun/2016:03:09:33 +0800] "GET /content/nav/relationSubject.jsp?relationWords=%E6%9D%BF%E6%A9%9F%E9%AD%A8%20%E7%B4%85%E7%89%99%20%E7%B4%85%E7%89%99%E9%B1%97%E9%AD%A8%20%E9%B1%97%E9%AD%A8%E7%A7%91%20&oid=4353912 HTTP/1.1" 200 3435
66.249.71.166 - - [13/Jun/2016:03:09:35 +0800] "GET /content/nav/relationSubject.jsp?relationWords=%E5%AA%BD%E7%A5%96+&oid=4363698 HTTP/1.1" 200 3023
66.249.71.188 - - [13/Jun/2016:03:09:52 +0800] "GET /content/repository/resource_content.jsp?oid=1603884&queryType=qs&queryString=%E4%BB%A3%E7%90%86%E5%95%86 HTTP/1.1" 200 28905
68.180.228.229 - - [13/Jun/2016:03:09:56 +0800] "GET /digiarch_en/content/pictures/picture_content.jsp?oid=33554730&queryType=qc HTTP/1.1" 200 22036
66.249.71.136 - - [13/Jun/2016:03:10:08 +0800] "GET /content/nav/relationSubject.jsp?relationWords=%E7%B0%BE%E8%9B%A4%E7%9B%AE+%E8%A5%BF%E6%96%BD%E9%A6%AC%E7%8F%82%E8%9B%A4+%E9%9B%99%E6%AE%BC%E7%B6%B1+%E9%A6%AC%E7%8F%82%E8%9B%A4%E7%A7%91+&oid=1124310 HTTP/1.1" 200 2654
66.249.71.136 - - [13/Jun/2016:03:10:20 +0800] "GET /content/nav/relationSubject.jsp?relationWords=%E8%B3%AA%E8%A9%A2+%E9%99%B3%E9%87%8D%E5%85%89+&oid=1567258 HTTP/1.1" 200 5645
66.249.71.136 - - [13/Jun/2016:03:10:37 +0800] "GET /digiarch_en/content/nav/relationSubject.jsp?relationWords=%E5%B1%B1%E8%96%91+%E6%9C%88%E6%A1%83%E5%B1%AC+%E6%A4%8D%E7%89%A9%E7%95%8C+%E8%96%91%E7%A7%91+&oid=2145137 HTTP/1.1" 200 3220
125.208.4.70 - - [13/Jun/2016:03:10:53 +0800] "GET /content/tmp_tec/resource_content.jsp?oid=16777731 HTTP/1.1" 200 39226
125.208.4.70 - - [13/Jun/2016:03:10:54 +0800] "GET /content/subject/resource_content.jsp?oid=16777731&amp;queryType=qc HTTP/1.1" 200 43393
125.208.4.70 - - [13/Jun/2016:03:10:56 +0800] "GET /content/tmp_tec/resource_content.jsp?oid=16777731 HTTP/1.1" 200 39226
125.208.4.70 - - [13/Jun/2016:03:10:59 +0800] "GET /content/subject/resource_content.jsp?oid=16777731&amp;queryType=qc HTTP/1.1" 200 43393
42.78.165.174 - - [13/Jun/2016:03:11:01 +0800] "GET /content/repository/resource_content.jsp?oid=1778665 HTTP/1.1" 200 27778
42.78.165.174 - - [13/Jun/2016:03:11:03 +0800] "GET /content/nav/relationSubject.jsp?relationWords=%E5%9F%94%E8%A3%A1%E7%A4%BE+%E6%B3%B0%E9%9B%85%E6%97%8F+%E8%90%AC%E5%A4%A7%E7%A4%BE+%E8%95%83%E4%BA%BA+%E8%BE%AD%E5%85%B8+%E9%BB%A5%E9%9D%A2+&oid=1778665 HTTP/1.1" 200 3999
66.249.71.136 - - [13/Jun/2016:03:11:16 +0800] "GET /content/repository/resource_content.jsp?oid=1777591 HTTP/1.1" 200 29198
52.3.127.144 - - [13/Jun/2016:03:11:57 +0800] "GET /content/subject/resource_content.jsp?oid=16777838&queryType=qc HTTP/1.1" 200 59060
66.249.71.136 - - [13/Jun/2016:03:11:57 +0800] "GET /content/nav/relationSubject.jsp?relationWords=%E5%85%89%E6%9E%9C%E9%BE%8D%E8%91%B5+%E8%8C%84%E5%B1%AC+&oid=1113765 HTTP/1.1" 200 3172
52.3.127.144 - - [13/Jun/2016:03:12:19 +0800] "GET /content/subject/resource_content.jsp?oid=16777734&queryType=qc HTTP/1.1" 200 40313
66.249.71.136 - - [13/Jun/2016:03:12:41 +0800] "GET /content/repository/resource_content.jsp?oid=2519498&queryString=%E5%9C%B0%E5%BD%A2%E5%9C%96%20%E9%86%B4%E6%B3%89%20%E9%86%B4%E6%B3%89%E7%B8%A3 HTTP/1.1" 200 29845
66.249.71.199 - - [13/Jun/2016:03:13:35 +0800] "GET /digiarch3/content/nav/relationSubject.jsp?relationWords=%E8%A8%BB%E7%94%9F%E5%A8%98%E5%A8%98+&oid=4363497 HTTP/1.1" 200 3005
66.249.71.152 - - [13/Jun/2016:03:14:11 +0800] "GET /content/repository/resource_content.jsp?oid=1780001&queryType=qs&queryString=%E5%A5%BD%E8%8C%B6%E7%A4%BE HTTP/1.1" 200 30271
66.249.71.136 - - [13/Jun/2016:03:14:33 +0800] "GET /content/nav/relationSubject.jsp?relationWords=&oid=2619630 HTTP/1.1" 200 1405
66.249.71.136 - - [13/Jun/2016:03:14:51 +0800] "GET /content/nav/relationSubject.jsp?relationWords=%E6%A4%8D%E7%89%A9%E7%95%8C+%E7%88%B5%E5%BA%8A%E7%A7%91+%E7%8E%84%E5%8F%83+%E8%98%86%E5%88%A9%E8%8D%89+%E8%98%86%E5%88%A9%E8%8D%89%E5%B1%AC+&oid=1107949 HTTP/1.1" 200 3414
66.249.71.136 - - [13/Jun/2016:03:15:01 +0800] "GET /content/nav/relationSubject.jsp?relationWords=%E5%B0%8F%E8%91%89%E7%BE%85%E6%BC%A2%E6%9D%BE+%E6%9D%BE%E6%9D%89+%E6%9D%BE%E7%A7%91+%E6%A4%8D%E7%89%A9%E7%95%8C+%E6%AF%AC%E6%9E%9C+%E7%BE%85%E6%BC%A2%E6%9D%BE+%E7%BE%85%E6%BC%A2%E6%9D%BE%E5%B1%AC+&oid=2150804 HTTP/1.1" 200 4619
66.249.71.136 - - [13/Jun/2016:03:15:11 +0800] "GET /content/nav/relationSubject.jsp?relationWords=%E5%8A%A0%E6%81%A9+&oid=2637170 HTTP/1.1" 200 3090
66.249.71.136 - - [13/Jun/2016:03:15:32 +0800] "GET /digiarch_en/content/repository/resource_content.jsp?oid=1900635&queryString=%E5%85%AC%E8%BB%8A%20%E5%89%8D%E9%8E%AE%20%E5%9C%B0%E4%B8%8B%E9%81%93%20%E7%84%A1%E7%B7%9A%E9%9B%BB%20%E7%B3%96%E9%90%B5%20%E8%87%BA%E7%B3%96%20%E8%B2%B8%E6%AC%BE%20%E9%AB%98%E9%9B%84%E6%B8%AF HTTP/1.1" 200 24479
66.249.71.136 - - [13/Jun/2016:03:16:21 +0800] "GET /content/repository/resource_content.jsp?oid=24238 HTTP/1.1" 200 29966
66.249.71.136 - - [13/Jun/2016:03:16:24 +0800] "GET /content/nav/relationSubject.jsp?relationWords=&oid=782334 HTTP/1.1" 200 1405
66.249.71.136 - - [13/Jun/2016:03:16:31 +0800] "GET /content/nav/relationSubject.jsp?relationWords=%E5%8F%B0%E7%81%A3%E8%8B%A6%E6%AB%A7+%E5%8F%B0%E7%81%A3%E9%8C%90%E6%A0%97+%E6%A0%B2%E5%B1%AC+%E6%A4%8D%E7%89%A9%E7%95%8C+%E6%AE%BC%E6%96%97%E7%A7%91+&oid=2149789 HTTP/1.1" 200 3461
66.249.79.200 - - [13/Jun/2016:03:16:33 +0800] "GET /content/nav/relationSubject.jsp?relationWords=%E5%8F%B0%E7%81%A3%E8%8B%A6%E6%AB%A7%20%E5%8F%B0%E7%81%A3%E9%8C%90%E6%A0%97%20%E6%A0%B2%E5%B1%AC%20%E6%A4%8D%E7%89%A9%E7%95%8C%20%E6%AE%BC%E6%96%97%E7%A7%91%20&oid=2149789 HTTP/1.1" 200 3461
66.249.71.136 - - [13/Jun/2016:03:16:39 +0800] "GET /content/nav/relationSubject.jsp?relationWords=%E8%86%A0%E7%B8%A3+%E9%99%B8%E6%B8%AC%E5%9C%96+&oid=228679 HTTP/1.1" 200 3114
180.76.15.161 - - [13/Jun/2016:03:16:51 +0800] "GET /content/repository/resource_content.jsp?oid=1106854&queryString=%E5%B0%8F%E7%99%BD%E8%8A%B1%E9%AC%BC%E9%87%9D%20%E6%A4%8D%E7%89%A9%E7%95%8C%20%E8%8F%8A%E7%A7%91%20%E9%9B%99%E5%AD%90%E8%91%89%E6%A4%8D%E7%89%A9%20%E9%AC%BC%E9%87%9D%E5%B1%AC HTTP/1.1" 200 31861
66.249.71.136 - - [13/Jun/2016:03:16:57 +0800] "GET /content/repository/resource_content.jsp?oid=1462491 HTTP/1.1" 200 31582
66.249.71.159 - - [13/Jun/2016:03:17:05 +0800] "GET /content/nav/relationSubject.jsp?relationWords=%E5%8F%B0%E7%81%A3%E7%9F%B3%E7%88%AC%E5%AD%90+%E5%8F%B0%E7%81%A3%E9%96%93%E5%90%B8%E9%B0%8D+%E5%8F%B0%E7%81%A3%E9%96%93%E7%88%AC%E5%B2%A9%E9%B0%8D+%E5%B9%B3%E9%B0%AD%E9%B0%8D%E7%A7%91+%E7%9F%B3%E8%B2%BC%E4%BB%94+&oid=4351983 HTTP/1.1" 200 3741
66.249.71.136 - - [13/Jun/2016:03:17:43 +0800] "GET /content/nav/relationSubject.jsp?relationWords=&oid=1828943 HTTP/1.1" 200 1405
66.249.79.200 - - [13/Jun/2016:03:18:22 +0800] "GET /content/repository/resource_content.jsp?oid=2520245 HTTP/1.1" 200 30108
66.249.71.136 - - [13/Jun/2016:03:19:47 +0800] "GET /content/repository/resource_content.jsp?oid=1457601 HTTP/1.1" 200 30573
66.249.71.199 - - [13/Jun/2016:03:21:12 +0800] "GET /digiarch3/content/repository/resource_content.jsp?oid=1549261&queryType=qs&queryString=%E6%B0%91%E4%B8%BB%E5%8C%96 HTTP/1.1" 200 30460
66.249.71.136 - - [13/Jun/2016:03:21:42 +0800] "GET /content/repository/resource_content.jsp?oid=1775660 HTTP/1.1" 200 30662
68.180.228.229 - - [13/Jun/2016:03:22:47 +0800] "GET /content/repository/resource_content.jsp?oid=4361906 HTTP/1.1" 200 28321
66.249.71.152 - - [13/Jun/2016:03:24:51 +0800] "GET /content/nav/relationSubject.jsp?relationWords=%E4%BA%94%E5%B3%B0%E7%9F%AE%E4%BA%BA%E7%A5%AD+%E7%A5%AD%E5%84%80+%E7%A5%AD%E6%A1%BF+%E8%8A%92%E8%8D%89+%E8%B3%BD%E5%A4%8F+%E8%B3%BD%E5%A4%8F%E6%97%8F+%E8%B5%A4%E6%A5%8A+%E8%BF%8E%E7%A5%9E+&oid=4739281 HTTP/1.1" 200 4708
66.249.71.136 - - [13/Jun/2016:03:24:52 +0800] "GET /content/nav/relationSubject.jsp?relationWords=%E5%8F%B0%E7%81%A3%E5%8E%9F%E4%BD%8F%E6%B0%91%20%E8%AA%9E%E8%A8%80%E5%AD%B8%20%E8%AA%9E%E8%A8%80%E6%94%BF%E7%AD%96%20%E8%AD%98%E5%AD%97%E8%83%BD%E5%8A%9B%20&oid=1775660 HTTP/1.1" 200 5066
66.249.71.152 - - [13/Jun/2016:03:24:55 +0800] "GET /content/nav/relationSubject.jsp?relationWords=%E4%BA%94%E5%B3%B0%E7%9F%AE%E4%BA%BA%E7%A5%AD%20%E7%A5%AD%E5%84%80%20%E7%A5%AD%E6%A1%BF%20%E8%8A%92%E8%8D%89%20%E8%B3%BD%E5%A4%8F%20%E8%B3%BD%E5%A4%8F%E6%97%8F%20%E8%B5%A4%E6%A5%8A%20%E8%BF%8E%E7%A5%9E%20&oid=4739281 HTTP/1.1" 200 4708
66.249.71.143 - - [13/Jun/2016:03:25:27 +0800] "GET /content/repository/resource_content.jsp?oid=1100088&queryString=%E6%A4%8D%E7%89%A9%E7%95%8C%20%E7%99%BD%E9%A0%82%E9%A3%9B%E8%93%AC%20%E8%8F%8A%E7%A7%91%20%E9%9B%99%E5%AD%90%E8%91%89%E6%A4%8D%E7%89%A9%20%E9%A3%9B%E8%93%AC%E5%B1%AC HTTP/1.1" 200 31500
66.249.71.205 - - [13/Jun/2016:03:25:36 +0800] "GET /digiarch3/content/nav/relationSubject.jsp?relationWords=%E4%BA%BA%E4%BA%8B%E8%99%95+%E5%8F%A4%E4%BA%AD+%E5%9C%B0%E6%94%BF%E4%BA%8B%E5%8B%99%E6%89%80+%E5%9C%B0%E8%99%9F+%E6%BD%AE%E5%B7%9E%E8%A1%97+%E7%9C%81%E6%94%BF%E5%BA%9C+%E7%BE%A9%E8%B7%AF+%E8%87%BA%E5%8C%97%E5%B8%82+%E8%87%BA%E7%81%A3%E7%9C%81%E8%AD%B0%E6%9C%83+%E9%87%8D%E6%85%B6%E5%8D%97%E8%B7%AF+&oid=1895065 HTTP/1.1" 200 7080
66.249.71.205 - - [13/Jun/2016:03:25:38 +0800] "GET /digiarch3/content/nav/relationSubject.jsp?relationWords=%E4%BA%BA%E4%BA%8B%E8%99%95%20%E5%8F%A4%E4%BA%AD%20%E5%9C%B0%E6%94%BF%E4%BA%8B%E5%8B%99%E6%89%80%20%E5%9C%B0%E8%99%9F%20%E6%BD%AE%E5%B7%9E%E8%A1%97%20%E7%9C%81%E6%94%BF%E5%BA%9C%20%E7%BE%A9%E8%B7%AF%20%E8%87%BA%E5%8C%97%E5%B8%82%20%E8%87%BA%E7%81%A3%E7%9C%81%E8%AD%B0%E6%9C%83%20%E9%87%8D%E6%85%B6%E5%8D%97%E8%B7%AF%20&oid=1895065 HTTP/1.1" 200 7080
66.249.71.136 - - [13/Jun/2016:03:25:45 +0800] "GET /content/nav/relationSubject.jsp?relationWords=%E7%95%B8%E9%9B%B6%E5%9C%B0+%E7%9C%81%E6%94%BF%E5%BA%9C+%E8%87%BA%E4%B8%AD%E5%B8%82+%E8%87%BA%E4%B8%AD%E5%B8%82%E6%94%BF%E5%BA%9C+%E9%83%BD%E5%B8%82%E8%A8%88%E7%95%AB+&oid=1622092 HTTP/1.1" 200 4702
66.249.71.136 - - [13/Jun/2016:03:25:48 +0800] "GET /content/nav/relationSubject.jsp?relationWords=%E4%BB%BF%E9%AF%A8+%E5%80%A3%E9%AF%A8%E9%AD%9A+&oid=24238 HTTP/1.1" 200 3359
66.249.71.136 - - [13/Jun/2016:03:25:49 +0800] "GET /content/nav/relationSubject.jsp?relationWords=%E7%95%B8%E9%9B%B6%E5%9C%B0%20%E7%9C%81%E6%94%BF%E5%BA%9C%20%E8%87%BA%E4%B8%AD%E5%B8%82%20%E8%87%BA%E4%B8%AD%E5%B8%82%E6%94%BF%E5%BA%9C%20%E9%83%BD%E5%B8%82%E8%A8%88%E7%95%AB%20&oid=1622092 HTTP/1.1" 200 4702
66.249.79.200 - - [13/Jun/2016:03:25:54 +0800] "GET /content/nav/relationSubject.jsp?relationWords=%E4%BB%BF%E9%AF%A8%20%E5%80%A3%E9%AF%A8%E9%AD%9A%20&oid=24238 HTTP/1.1" 200 3359
66.249.71.242 - - [13/Jun/2016:03:26:27 +0800] "GET /content/nav/relationSubject.jsp?relationWords=%E5%A4%AA%E5%B8%B8%E5%AF%BA+&oid=2681206 HTTP/1.1" 200 3066
66.249.71.248 - - [13/Jun/2016:03:26:29 +0800] "GET /content/nav/relationSubject.jsp?relationWords=%E5%A4%AA%E5%B8%B8%E5%AF%BA%20&oid=2681206 HTTP/1.1" 200 3066
66.249.71.136 - - [13/Jun/2016:03:26:52 +0800] "GET /content/repository/resource_content.jsp?oid=21986 HTTP/1.1" 200 30125
66.249.71.136 - - [13/Jun/2016:03:27:02 +0800] "GET /content/repository/resource_content.jsp?oid=3817070&queryString=%E5%81%87%E7%9A%82%E8%8E%A2%20%E5%81%87%E7%9A%82%E8%8E%A2%E5%B1%AC%20%E6%A4%8D%E7%89%A9%E7%95%8C%20%E8%96%94%E8%96%87%E7%9B%AE%20%E8%96%94%E8%96%87%E7%A7%91 HTTP/1.1" 200 31356
66.249.71.136 - - [13/Jun/2016:03:27:31 +0800] "GET /content/nav/relationSubject.jsp?relationWords=%E7%99%BD%E8%85%B9%E9%AF%96+%E9%AF%96%E7%A7%91+&oid=1450777 HTTP/1.1" 200 3146
66.249.71.136 - - [13/Jun/2016:03:27:33 +0800] "GET /content/nav/relationSubject.jsp?relationWords=%E7%99%BD%E8%85%B9%E9%AF%96%20%E9%AF%96%E7%A7%91%20&oid=1450777 HTTP/1.1" 200 3146
66.249.71.136 - - [13/Jun/2016:03:27:50 +0800] "GET /content/nav/relationSubject.jsp?relationWords=%E5%85%A5%E5%87%BA%E5%A2%83%E7%AE%A1%E7%90%86%E5%B1%80+%E5%85%A7%E6%94%BF%E9%83%A8+%E7%8E%89%E8%8B%B1+%E8%87%BA%E7%81%A3%E7%9C%81%E8%AD%B0%E6%9C%83+&oid=1897022 HTTP/1.1" 200 4262
66.249.71.136 - - [13/Jun/2016:03:27:57 +0800] "GET /content/nav/relationSubject.jsp?relationWords=%E5%85%A5%E5%87%BA%E5%A2%83%E7%AE%A1%E7%90%86%E5%B1%80%20%E5%85%A7%E6%94%BF%E9%83%A8%20%E7%8E%89%E8%8B%B1%20%E8%87%BA%E7%81%A3%E7%9C%81%E8%AD%B0%E6%9C%83%20&oid=1897022 HTTP/1.1" 200 4262
66.249.71.136 - - [13/Jun/2016:03:28:17 +0800] "GET /content/repository/resource_content.jsp?oid=1108548&queryString=%E5%81%87%E7%A6%8F%E7%8E%8B%E8%8D%89%E5%B1%AC%20%E5%B1%B1%E8%8B%A6%E8%97%9A%20%E6%A4%8D%E7%89%A9%E7%95%8C%20%E8%8F%8A%E7%A7%91%20%E9%9B%99%E5%AD%90%E8%91%89%E6%A4%8D%E7%89%A9 HTTP/1.1" 200 31453
66.249.71.253 - - [13/Jun/2016:03:29:43 +0800] "GET /content/repository/resource_content.jsp?oid=2518034&queryType=qs&queryString=%E5%A4%AB%E9%A6%AC HTTP/1.1" 200 30391
66.249.71.136 - - [13/Jun/2016:03:29:55 +0800] "GET /content/nav/relationSubject.jsp?relationWords=%E4%BD%95%E5%AF%B6%E7%8F%8D+%E5%A4%A7%E6%B9%96%E9%84%89+%E6%B3%95%E9%99%A2+%E6%B9%AF%E6%85%B6%E6%9D%BE+%E7%80%86%E8%81%B7+%E8%B3%AA%E8%A9%A2+%E8%BE%B2%E6%9C%83%E7%B8%BD%E5%B9%B9%E4%BA%8B+%E9%84%AD%E6%B8%85+&oid=1603423 HTTP/1.1" 200 5256
