66.249.79.186 - - [16/Jun/2016:03:35:52 +0800] "GET /content/nav/relationSubject.jsp?relationWords=%E5%80%89%E7%B3%A7%20%E5%B9%B3%E7%B3%B6%20&oid=2687280 HTTP/1.1" 200 4010
66.249.71.136 - - [16/Jun/2016:03:35:53 +0800] "GET /content/nav/relationSubject.jsp?relationWords=%E7%87%88%E7%B1%A0%E8%8D%89%E5%B1%AC%20&oid=1105338 HTTP/1.1" 200 2977
66.249.71.152 - - [16/Jun/2016:03:35:55 +0800] "GET /content/subject/resource_content.jsp?oid=16777235&queryString=%E5%8B%95%E5%AD%B8%20%E6%8B%BC%E6%9D%BF%E8%88%9F%20%E8%98%AD%E6%81%A9%20%E9%81%94%E6%82%9F HTTP/1.1" 200 26489
66.249.71.136 - - [16/Jun/2016:03:36:02 +0800] "GET /content/repository/resource_content.jsp?oid=22178 HTTP/1.1" 200 30041
66.249.79.186 - - [16/Jun/2016:03:36:19 +0800] "GET /digiarch3/content/repository/resource_content.jsp?oid=4364664&queryType=qs&queryString=%E7%B6%B2%E8%A2%8B HTTP/1.1" 200 29539
66.249.79.200 - - [16/Jun/2016:03:36:36 +0800] "GET /content/repository/resource_content.jsp?oid=2663487&queryString=%E6%87%87%E8%B3%9C%20%E9%84%AD%E8%8A%9D%E9%BE%8D HTTP/1.1" 200 30325
66.249.71.136 - - [16/Jun/2016:03:37:03 +0800] "GET /content/nav/relationSubject.jsp?relationWords=%E5%B0%8F%E8%8A%B1%E6%96%91%E9%B3%A9%E8%8F%8A+%E6%96%91%E9%B3%A9%E8%8F%8A%E5%B1%AC+%E6%A4%8D%E7%89%A9%E7%95%8C+%E8%8F%8A%E7%A7%91+%E9%9B%99%E5%AD%90%E8%91%89%E6%A4%8D%E7%89%A9+&oid=1106262 HTTP/1.1" 200 3526
66.249.79.244 - - [16/Jun/2016:03:37:10 +0800] "GET /content/repository/resource_content.jsp?oid=1775822&queryType=qs&queryString=%E5%AF%AB%E7%9C%9F%E9%9B%86 HTTP/1.1" 200 31780
66.249.71.136 - - [16/Jun/2016:03:37:27 +0800] "GET /content/repository/resource_content.jsp?oid=1112563 HTTP/1.1" 200 31460
66.249.71.136 - - [16/Jun/2016:03:38:00 +0800] "GET /content/repository/resource_content.jsp?oid=1123153 HTTP/1.1" 200 32529
66.249.66.185 - - [16/Jun/2016:03:38:14 +0800] "GET /content/repository/resource_content.jsp?oid=4362710&queryType=qs&queryString=%E4%B8%8A%E6%B8%85%E9%9D%88%E5%AF%B6%E5%A4%A9%E5%B0%8A HTTP/1.1" 200 28458
66.249.79.200 - - [16/Jun/2016:03:38:18 +0800] "GET /content/repository/resource_content.jsp?oid=1898222 HTTP/1.1" 200 29119
66.249.71.152 - - [16/Jun/2016:03:38:34 +0800] "GET /content/repository/resource_content.jsp?oid=15268&queryString=%E9%87%91%E9%8C%A2%E4%BB%94 HTTP/1.1" 200 34736
66.249.79.200 - - [16/Jun/2016:03:39:09 +0800] "GET /content/repository/resource_content.jsp?oid=173357 HTTP/1.1" 200 30599
66.249.71.248 - - [16/Jun/2016:03:39:15 +0800] "GET /content/nav/relationSubject.jsp?relationWords=%E7%AA%81%E9%BC%BB%E4%BB%94+%E8%8A%9D%E8%95%AA%E7%B6%BE%E9%AF%B7+%E9%AF%B7%E7%A7%91+&oid=14340 HTTP/1.1" 200 3424
66.249.71.136 - - [16/Jun/2016:03:39:25 +0800] "GET /content/repository/resource_content.jsp?oid=1779869 HTTP/1.1" 200 35036
66.249.71.136 - - [16/Jun/2016:03:39:35 +0800] "GET /digiarch_en/content/nav/relationSubject.jsp?relationWords=%E4%BF%B1%E6%A8%82%E9%83%A8+%E6%84%9B%E5%9C%8B%E5%A9%A6%E4%BA%BA%E6%9C%83+%E6%A1%94%E6%A2%97+&oid=16777660 HTTP/1.1" 200 3310
66.249.71.136 - - [16/Jun/2016:03:39:56 +0800] "GET /content/nav/relationSubject.jsp?relationWords=%E6%9C%A8%E9%9B%95+%E9%83%AD%E8%81%96%E7%8E%8B+&oid=4362238 HTTP/1.1" 200 3019
66.249.71.136 - - [16/Jun/2016:03:39:59 +0800] "GET /content/repository/resource_content.jsp?oid=4353433&queryString=%E7%B4%85%E7%89%99%20%E7%B4%85%E7%89%99%E9%B1%97%E9%AD%A8%20%E9%B1%97%E9%AD%A8 HTTP/1.1" 200 35948
66.249.71.152 - - [16/Jun/2016:03:40:00 +0800] "GET /content/nav/relationSubject.jsp?relationWords=%E5%B7%A5%E9%83%A8+%E7%B1%B3%E8%B0%B7+&oid=2663780 HTTP/1.1" 200 3103
66.249.71.152 - - [16/Jun/2016:03:40:02 +0800] "GET /content/nav/relationSubject.jsp?relationWords=%E5%B7%A5%E9%83%A8%20%E7%B1%B3%E8%B0%B7%20&oid=2663780 HTTP/1.1" 200 3103
66.249.71.152 - - [16/Jun/2016:03:40:16 +0800] "GET /content/subject/resource_content.jsp?oid=16777398&queryString=%E5%8D%97%E6%B9%96%E5%A4%A7%E5%B1%B1%20%E6%9D%9C%E9%B5%91%20%E7%8E%89%E5%B1%B1%E6%9D%9C%E9%B5%91%20%E7%B4%B0%E8%91%89%E6%9D%9C%E9%B5%91%20%E8%A5%BF%E6%96%BD%E8%8A%B1 HTTP/1.1" 200 28948
66.249.79.186 - - [16/Jun/2016:03:40:23 +0800] "GET /digiarch3/content/nav/relationSubject.jsp?relationWords=%E5%88%BA%E9%AD%9A+%E6%A2%9D%E7%B4%8B%E8%93%8B%E5%88%BA%E9%AD%9A+%E8%93%8B%E5%88%BA%E9%AD%9A+&oid=15561 HTTP/1.1" 200 3448
66.249.71.136 - - [16/Jun/2016:03:40:33 +0800] "GET /content/repository/resource_content.jsp?oid=14437&queryString=%E4%BA%A4%E9%80%9A%E5%AE%89%E5%85%A8%20%E5%A4%A9%E7%A5%A5%20%E5%B1%B1%E8%83%9E%20%E6%9F%8F%E6%B2%B9%E8%B7%AF%E9%9D%A2%20%E6%A2%A8%E5%B1%B1%20%E6%A9%AB%E8%B2%AB%E5%85%AC%E8%B7%AF HTTP/1.1" 200 35277
66.249.79.186 - - [16/Jun/2016:03:40:51 +0800] "GET /digiarch3/content/repository/resource_content.jsp?oid=4352908&queryType=qs&queryString=%E9%9A%86%E9%A0%AD%E9%AD%9A%E7%A7%91 HTTP/1.1" 200 37677
66.249.79.200 - - [16/Jun/2016:03:41:05 +0800] "GET /content/nav/relationSubject.jsp?relationWords=%E5%B0%8F%E8%91%89%E6%9C%A8%E7%8A%80+%E6%9C%A8%E7%8A%80%E5%B1%AC+%E6%9C%A8%E7%8A%80%E7%A7%91+%E6%A4%8D%E7%89%A9%E7%95%8C+%E7%8E%84%E5%8F%83+&oid=3818625 HTTP/1.1" 200 3440
66.249.71.199 - - [16/Jun/2016:03:41:15 +0800] "GET /digiarch3/content/subject/resource_content.jsp?oid=16777551&queryString= HTTP/1.1" 200 32219
66.249.71.136 - - [16/Jun/2016:03:41:15 +0800] "GET /content/nav/relationSubject.jsp?relationWords=%E5%B0%8F%E8%91%89%E6%9C%A8%E7%8A%80%20%E6%9C%A8%E7%8A%80%E5%B1%AC%20%E6%9C%A8%E7%8A%80%E7%A7%91%20%E6%A4%8D%E7%89%A9%E7%95%8C%20%E7%8E%84%E5%8F%83%20&oid=3818625 HTTP/1.1" 200 3440
66.249.71.136 - - [16/Jun/2016:03:41:24 +0800] "GET /content/repository/resource_content.jsp?oid=1111289&queryString=%E5%8E%9A%E6%AE%BC%E6%A1%82%20%E5%8E%9A%E6%AE%BC%E6%A1%82%E5%B1%AC%20%E6%A4%8D%E7%89%A9%E7%95%8C%20%E6%A8%9F%E7%A7%91 HTTP/1.1" 200 31550
66.249.71.136 - - [16/Jun/2016:03:41:35 +0800] "GET /content/nav/relationSubject.jsp?relationWords=%E6%BC%81%E6%9C%83+%E6%BE%8E%E6%B9%96%E7%B8%A3+%E7%B8%A3%E8%BD%84%E5%B8%82+%E8%87%BA%E7%81%A3%E7%9C%81+%E8%87%BA%E7%81%A3%E7%9C%81%E6%94%BF%E5%BA%9C+&oid=1531020 HTTP/1.1" 200 4558
66.249.71.136 - - [16/Jun/2016:03:41:43 +0800] "GET /content/repository/resource_content.jsp?oid=1111698&queryString=%E7%8E%89%E7%8E%B2%E8%8A%B1%E5%B1%AC%20%E7%95%B0%E8%91%89%E8%8B%A3%E8%8B%94%E5%B1%AC HTTP/1.1" 200 30873
66.249.79.135 - - [16/Jun/2016:03:42:06 +0800] "GET /content/nav/relationSubject.jsp?relationWords=%E5%90%8F%E9%83%A8%E5%B0%9A%E6%9B%B8+&oid=2677002 HTTP/1.1" 200 3138
66.249.71.199 - - [16/Jun/2016:03:42:15 +0800] "GET /digiarch3/content/repository/resource_content.jsp?oid=15779&queryType=qs&queryString=%E6%B5%B7%E6%98%9F HTTP/1.1" 200 35403
66.249.71.152 - - [16/Jun/2016:03:42:32 +0800] "GET /content/repository/resource_content.jsp?oid=4351730&queryString=%E5%A4%9A%E7%92%B0%E8%9D%AE%E9%AF%99%20%E6%B5%B7%E9%B1%94%20%E8%96%AF%E9%B0%BB%20%E8%99%8E%E9%B0%BB%20%E9%8C%A2%E9%B0%BB HTTP/1.1" 200 34244
66.249.79.244 - - [16/Jun/2016:03:42:59 +0800] "GET /content/nav/relationSubject.jsp?relationWords=%E5%80%89%E7%B3%A7+%E7%B3%A7%E4%BA%8B+&oid=2674470 HTTP/1.1" 200 3125
66.249.66.170 - - [16/Jun/2016:03:43:04 +0800] "GET /content/repository/resource_content.jsp?oid=14080&queryString=%E6%A2%AD%E6%B0%8F%E8%9C%A5%E9%AE%AB%20%E8%B2%93%E9%AE%AB%E7%A7%91 HTTP/1.1" 200 34809
66.249.79.200 - - [16/Jun/2016:03:43:07 +0800] "GET /content/repository/resource_content.jsp?oid=1875567&queryString=%E9%8A%85%E8%A7%9A HTTP/1.1" 200 29879
66.249.71.199 - - [16/Jun/2016:03:43:09 +0800] "GET /digiarch3/content/nav/relationSubject.jsp?relationWords=%E5%8D%97%E6%B9%96%E5%A4%A7%E5%B1%B1+%E5%BF%97%E4%BD%B3%E9%99%BD%E6%9D%9C%E9%B5%91+%E6%9D%9C%E9%B5%91+%E6%9D%9C%E9%B5%91%E8%8A%B1+%E6%9D%9C%E9%B5%91%E8%8A%B1%E5%B1%AC+%E6%9D%9C%E9%B5%91%E8%8A%B1%E7%A7%91+%E6%A4%8D%E7%89%A9%E7%95%8C+%E7%B4%B0%E8%91%89%E6%9D%9C%E9%B5%91+&oid=1463295 HTTP/1.1" 200 5403
66.249.71.136 - - [16/Jun/2016:03:43:15 +0800] "GET /content/nav/relationSubject.jsp?relationWords=%E5%B1%B1%E9%BB%83%E6%A2%94+%E6%A4%8D%E7%89%A9%E7%95%8C+%E8%8C%9C%E8%8D%89+%E8%8C%9C%E8%8D%89%E7%A7%91+%E9%BB%83%E6%A2%94%E5%B1%AC+&oid=1112563 HTTP/1.1" 200 3374
66.249.71.199 - - [16/Jun/2016:03:43:17 +0800] "GET /digiarch3/content/nav/relationSubject.jsp?relationWords=%E5%8D%97%E6%B9%96%E5%A4%A7%E5%B1%B1%20%E5%BF%97%E4%BD%B3%E9%99%BD%E6%9D%9C%E9%B5%91%20%E6%9D%9C%E9%B5%91%20%E6%9D%9C%E9%B5%91%E8%8A%B1%20%E6%9D%9C%E9%B5%91%E8%8A%B1%E5%B1%AC%20%E6%9D%9C%E9%B5%91%E8%8A%B1%E7%A7%91%20%E6%A4%8D%E7%89%A9%E7%95%8C%20%E7%B4%B0%E8%91%89%E6%9D%9C%E9%B5%91%20&oid=1463295 HTTP/1.1" 200 5403
66.249.71.136 - - [16/Jun/2016:03:43:23 +0800] "GET /digiarch_en/content/repository/resource_content.jsp?oid=2682934&queryString=%E7%A6%AE%E9%83%A8%20%E9%84%89%E8%A9%A6 HTTP/1.1" 200 23960
66.249.71.136 - - [16/Jun/2016:03:43:41 +0800] "GET /content/nav/relationSubject.jsp?relationWords=%E4%BF%B8%E6%BB%BF+%E9%83%BD%E5%8F%B8+%E9%96%A9%E6%B5%99%E7%B8%BD%E7%9D%A3+&oid=2594442 HTTP/1.1" 200 3196
66.249.71.136 - - [16/Jun/2016:03:43:45 +0800] "GET /content/nav/relationSubject.jsp?relationWords=%E6%9D%B1%E5%8D%97%E5%8D%80%E5%9C%96+&oid=188264 HTTP/1.1" 200 3127
66.249.71.152 - - [16/Jun/2016:03:43:57 +0800] "GET /content/subject/resource_content.jsp?oid=16777467&queryType=qs&queryString=%E5%8B%95%E7%89%A9%E5%AD%B8 HTTP/1.1" 200 70749
66.249.79.200 - - [16/Jun/2016:03:44:14 +0800] "GET /content/repository/resource_content.jsp?oid=1540009&queryString=%E7%A4%BE%E6%9C%83%E9%81%8B%E5%8B%95 HTTP/1.1" 200 29726
66.249.79.200 - - [16/Jun/2016:03:44:23 +0800] "GET /content/nav/relationSubject.jsp?relationWords=%E8%B2%AA%E7%B4%A2+&oid=2676851 HTTP/1.1" 200 3075
66.249.71.136 - - [16/Jun/2016:03:44:31 +0800] "GET /content/repository/resource_content.jsp?oid=14895&queryString=%E6%B2%99%E8%96%91%E8%99%8E%20%E7%9F%B3%E9%A0%AD%E9%AD%9A%20%E8%99%8E%E9%AD%9A%20%E9%81%94%E6%91%A9 HTTP/1.1" 200 32986
66.249.71.152 - - [16/Jun/2016:03:44:43 +0800] "GET /content/repository/resource_content.jsp?oid=1835012&queryType=qs&queryString=%E6%88%B0%E5%9C%8B%E6%99%82%E4%BB%A3 HTTP/1.1" 200 31967
66.249.71.136 - - [16/Jun/2016:03:45:22 +0800] "GET /content/repository/resource_content.jsp?oid=2146630&queryString=%E6%9C%A8%E8%96%91%E5%AD%90%E5%B1%AC%20%E6%A4%8D%E7%89%A9%E7%95%8C%20%E6%A8%9F%E7%A7%91%20%E9%95%B7%E8%91%89%E6%9C%A8%E8%96%91%E5%AD%90 HTTP/1.1" 200 31442
66.249.71.200 - - [16/Jun/2016:03:45:34 +0800] "GET /content/nav/relationSubject.jsp?relationWords=&oid=16777492 HTTP/1.1" 200 1405
66.249.71.136 - - [16/Jun/2016:03:45:37 +0800] "GET /content/nav/relationSubject.jsp?relationWords=%E6%99%AF%E6%98%9F+%E6%9E%97%E5%AE%97%E7%94%B7+%E9%87%91%E5%BE%B7+%E9%99%B3%E9%87%91+%E9%BB%83%E7%A7%80+&oid=1892641 HTTP/1.1" 200 3270
66.249.71.136 - - [16/Jun/2016:03:45:38 +0800] "GET /content/repository/resource_content.jsp?oid=3818971&queryString=%E8%96%9C%E8%8D%94 HTTP/1.1" 200 30951
66.249.71.136 - - [16/Jun/2016:03:45:55 +0800] "GET /content/repository/resource_content.jsp?oid=4351900&queryString=%E6%B4%9E%E9%B0%AD%E9%AF%9B%20%E7%9F%AD%E9%B0%AD%E6%93%AC%E9%8A%80%E7%9C%BC%E9%AF%9B%20%E8%97%8D%E7%9A%AE%E5%88%80 HTTP/1.1" 200 33985
66.249.71.136 - - [16/Jun/2016:03:46:04 +0800] "GET /content/nav/relationSubject.jsp?relationWords=%E6%A4%8D%E7%89%A9%E7%95%8C+%E7%A6%BE%E6%9C%AC%E7%A7%91+%E8%8A%92%E5%B1%AC+%E8%8E%8E%E8%8D%89+&oid=1457310 HTTP/1.1" 200 3258
66.249.71.136 - - [16/Jun/2016:03:46:13 +0800] "GET /content/repository/resource_content.jsp?oid=2144406 HTTP/1.1" 200 31016
66.249.71.136 - - [16/Jun/2016:03:46:28 +0800] "GET /content/nav/relationSubject.jsp?relationWords=%E8%99%8E%E9%AD%9A+&oid=14895 HTTP/1.1" 200 3312
66.249.71.136 - - [16/Jun/2016:03:46:30 +0800] "GET /content/subject/resource_content.jsp?oid=16777791&queryType=qs&queryString=%E7%A7%91%E5%8D%9A%E9%A4%A8 HTTP/1.1" 200 38707
66.249.71.136 - - [16/Jun/2016:03:46:46 +0800] "GET /digiarch_en/content/repository/resource_content.jsp?oid=2151244&queryString=%E5%BE%8C%E5%A4%A7%E5%9F%94%E7%9F%B3%E6%AB%9F%20%E6%9F%AF%E5%B1%AC%20%E6%A4%8D%E7%89%A9%E7%95%8C%20%E6%AE%BC%E6%96%97%E7%A7%91%20%E7%85%99%E6%96%97%E7%9F%B3%E6%AB%9F HTTP/1.1" 200 23800
66.249.79.200 - - [16/Jun/2016:03:47:04 +0800] "GET /content/repository/resource_content.jsp?oid=3821053&queryString=%E5%9E%82%E6%A6%95%20%E6%A4%8D%E7%89%A9%E7%95%8C%20%E6%A6%95%E5%B1%AC%20%E7%99%BD%E6%A6%95 HTTP/1.1" 200 30996
66.249.71.136 - - [16/Jun/2016:03:47:20 +0800] "GET /content/repository/resource_content.jsp?oid=2152413 HTTP/1.1" 200 31003
66.249.79.200 - - [16/Jun/2016:03:47:33 +0800] "GET /content/nav/relationSubject.jsp?relationWords=%E5%A4%A7%E7%9B%AE%E5%81%B4%E4%BB%94+%E5%A4%A7%E9%9D%A2%E5%81%B4%E4%BB%94+%E5%A4%A9%E7%AB%BA%E9%AF%9B+%E5%A4%A9%E7%AB%BA%E9%AF%9B%E7%A7%91+%E5%B7%A8%E7%89%99+%E5%B7%A8%E9%BD%92%E5%A4%A9%E7%AB%BA%E9%AF%9B+&oid=15167 HTTP/1.1" 200 3696
66.249.71.136 - - [16/Jun/2016:03:47:51 +0800] "GET /content/nav/relationSubject.jsp?relationWords=%E5%85%83%E6%AD%A3+%E5%AE%89%E5%85%A8%E6%A1%88+%E9%A0%90%E7%AE%97+&oid=1624163 HTTP/1.1" 200 5277
66.249.71.199 - - [16/Jun/2016:03:47:54 +0800] "GET /digiarch3/content/subject/resource_content.jsp?oid=16777345&queryType=qs&queryString=%E5%BF%97%E4%BD%B3%E9%99%BD%E6%9D%9C%E9%B5%91 HTTP/1.1" 200 35031
66.249.79.186 - - [16/Jun/2016:03:48:12 +0800] "GET /digiarch3/content/repository/resource_content.jsp?oid=1449496&queryString=%E8%9D%B4%E8%9D%B6%E9%AD%9A%E7%A7%91%20%E9%8F%A1%E6%96%91%E8%9D%B4%E8%9D%B6%E9%AD%9A HTTP/1.1" 200 30366
66.249.79.135 - - [16/Jun/2016:03:48:29 +0800] "GET /content/repository/resource_content.jsp?oid=15731&queryType=qs&queryString=%E5%AF%84%E7%94%9F%E8%9F%B2 HTTP/1.1" 200 35352
66.249.71.136 - - [16/Jun/2016:03:48:45 +0800] "GET /content/repository/resource_content.jsp?oid=4411646&queryString=%E7%9F%B3%E7%9F%9B HTTP/1.1" 200 29603
66.249.71.136 - - [16/Jun/2016:03:49:37 +0800] "GET /content/tmp_tec/resource_content.jsp?oid=16777706&queryString= HTTP/1.1" 200 45946
66.249.71.136 - - [16/Jun/2016:03:49:46 +0800] "GET /content/nav/relationSubject.jsp?relationWords=%E5%8F%B0%E7%81%A3%E5%8F%8A%E5%B7%B1+%E6%A4%8D%E7%89%A9%E7%95%8C+%E9%87%91%E7%B2%9F%E8%98%AD%E5%B1%AC+%E9%87%91%E7%B2%9F%E8%98%AD%E7%A7%91+&oid=1102167 HTTP/1.1" 200 3302
66.249.71.136 - - [16/Jun/2016:03:49:47 +0800] "GET /content/nav/relationSubject.jsp?relationWords=%E5%B0%88%E7%A7%91+%E5%B8%AB%E5%B0%88+%E6%83%A1%E6%80%A7%E8%A3%9C%E7%BF%92+%E6%96%B0%E8%81%9E%E8%87%AA%E7%94%B1+%E7%80%86%E8%81%B7+%E7%A7%81%E7%AB%8B%E5%AD%B8%E6%A0%A1+%E8%81%AF%E5%90%88%E5%9C%8B+%E8%87%AA%E7%94%B1%E4%B8%AD%E5%9C%8B+&oid=1568577 HTTP/1.1" 200 3419
66.249.79.200 - - [16/Jun/2016:03:49:51 +0800] "GET /content/nav/relationSubject.jsp?relationWords=%E5%B0%88%E7%A7%91%20%E5%B8%AB%E5%B0%88%20%E6%83%A1%E6%80%A7%E8%A3%9C%E7%BF%92%20%E6%96%B0%E8%81%9E%E8%87%AA%E7%94%B1%20%E7%80%86%E8%81%B7%20%E7%A7%81%E7%AB%8B%E5%AD%B8%E6%A0%A1%20%E8%81%AF%E5%90%88%E5%9C%8B%20%E8%87%AA%E7%94%B1%E4%B8%AD%E5%9C%8B%20&oid=1568577 HTTP/1.1" 200 3419
101.226.169.217 - - [16/Jun/2016:03:49:58 +0800] "GET /digiarch3/content/subject/resource_content.jsp?oid=16777404&queryType=qc HTTP/1.1" 200 27558
66.249.71.199 - - [16/Jun/2016:03:50:10 +0800] "GET /digiarch3/content/repository/resource_content.jsp?oid=1126281&queryString=%E5%B0%96%E8%A7%92%E6%B1%9F%E7%8F%A7%E8%9B%A4%20%E6%B1%9F%E7%8F%A7%E8%9B%A4%20%E8%9B%A4%E7%A7%91%20%E8%B2%BD%E8%B2%9D%20%E9%9B%99%E6%AE%BC%E7%B6%B1 HTTP/1.1" 200 32080
66.249.79.200 - - [16/Jun/2016:03:50:28 +0800] "GET /content/subject/resource_content.jsp?oid=16777847&queryString= HTTP/1.1" 200 47726
66.249.79.200 - - [16/Jun/2016:03:50:37 +0800] "GET /content/nav/relationSubject.jsp?relationWords=%E4%BF%9D%E5%AE%89%E5%8F%B8+%E5%8C%97%E6%B8%AF%E9%8E%AE+%E5%8F%B0%E7%81%A3%E7%9C%81+%E5%8F%B8%E4%BB%A4%E9%83%A8+%E9%99%B3%E6%85%B6+&oid=1516932 HTTP/1.1" 200 3653
66.249.71.136 - - [16/Jun/2016:03:50:42 +0800] "GET /content/nav/relationSubject.jsp?relationWords=%E4%BF%9D%E5%AE%89%E5%8F%B8%20%E5%8C%97%E6%B8%AF%E9%8E%AE%20%E5%8F%B0%E7%81%A3%E7%9C%81%20%E5%8F%B8%E4%BB%A4%E9%83%A8%20%E9%99%B3%E6%85%B6%20&oid=1516932 HTTP/1.1" 200 3653
66.249.79.200 - - [16/Jun/2016:03:51:19 +0800] "GET /content/subject/resource_content.jsp?oid=16777606 HTTP/1.1" 200 50883
66.249.71.248 - - [16/Jun/2016:03:51:23 +0800] "GET /content/nav/relationSubject.jsp?relationWords=%E7%A0%9D%E7%A2%BC+&oid=4363643 HTTP/1.1" 200 3018
66.249.71.199 - - [16/Jun/2016:03:51:35 +0800] "GET /content/repository/resource_content.jsp?oid=14411&queryString=%E5%8F%B0%E7%81%A3%E9%8F%9F%E9%A0%9C%E9%AD%9A%20%E9%AF%89%E7%A7%91 HTTP/1.1" 200 35499
111.13.102.7 - - [16/Jun/2016:03:51:44 +0800] "GET /content/pictures/picture_content.jsp?oid=33554825&queryType=qc HTTP/1.1" 200 27862
66.249.79.200 - - [16/Jun/2016:03:51:52 +0800] "GET /content/repository/resource_content.jsp?oid=1777969 HTTP/1.1" 200 26957
66.249.71.136 - - [16/Jun/2016:03:52:26 +0800] "GET /content/repository/resource_content.jsp?oid=1103917&queryString=%E6%A4%8D%E7%89%A9%E7%95%8C%20%E8%96%84%E8%91%89%E8%99%8E%E7%9A%AE%E6%A5%A0%20%E8%99%8E%E7%9A%AE%E6%A5%A0%20%E8%99%8E%E7%9A%AE%E6%A5%A0%E5%B1%AC HTTP/1.1" 200 31884
66.249.66.164 - - [16/Jun/2016:03:52:29 +0800] "GET /digiarch_en/content/repository/resource_content.jsp?oid=4362882&queryString=%E7%B8%BD%E8%B6%95%E5%AE%AE HTTP/1.1" 200 25317
66.249.71.136 - - [16/Jun/2016:03:52:43 +0800] "GET /content/repository/resource_content.jsp?oid=1826049&queryString=%E5%90%89%E4%B8%81%20%E5%AD%90%E7%92%8B%E9%90%98%20%E9%BE%A2%E9%90%98 HTTP/1.1" 200 30129
66.249.79.186 - - [16/Jun/2016:03:52:43 +0800] "GET /digiarch3/content/nav/relationSubject.jsp?relationWords=&oid=33554453 HTTP/1.1" 200 1405
66.249.79.244 - - [16/Jun/2016:03:53:01 +0800] "GET /content/subject/resource_content.jsp?oid=16777381&queryType=qc HTTP/1.1" 200 37147
66.249.71.199 - - [16/Jun/2016:03:53:17 +0800] "GET /digiarch3/content/repository/resource_content.jsp?oid=4550342&queryString=%E4%B8%AD%E8%85%B9%E8%B6%B3%E7%9B%AE%20%E5%AF%B6%E8%9E%BA%E5%B1%AC%20%E5%AF%B6%E8%9E%BA%E7%A7%91%20%E8%85%B9%E8%B6%B3%E7%B6%B1%20%E9%98%BF%E6%8B%89%E4%BC%AF%E5%AF%B6%E8%9E%BA HTTP/1.1" 200 30994
66.249.79.200 - - [16/Jun/2016:03:53:22 +0800] "GET /content/nav/relationSubject.jsp?relationWords=%E5%8D%97%E6%B9%96%E5%94%90%E6%9D%BE%E8%8D%89+%E5%94%90%E6%9D%BE%E8%8D%89%E5%B1%AC+%E6%A4%8D%E7%89%A9%E7%95%8C+%E6%AF%9B%E8%8C%9B+%E6%AF%9B%E8%8C%9B%E7%A7%91+&oid=1108231 HTTP/1.1" 200 3407
66.249.79.200 - - [16/Jun/2016:03:53:24 +0800] "GET /content/nav/relationSubject.jsp?relationWords=%E5%8D%97%E6%B9%96%E5%94%90%E6%9D%BE%E8%8D%89%20%E5%94%90%E6%9D%BE%E8%8D%89%E5%B1%AC%20%E6%A4%8D%E7%89%A9%E7%95%8C%20%E6%AF%9B%E8%8C%9B%20%E6%AF%9B%E8%8C%9B%E7%A7%91%20&oid=1108231 HTTP/1.1" 200 3407
66.249.71.136 - - [16/Jun/2016:03:53:25 +0800] "GET /content/nav/relationSubject.jsp?relationWords=%E8%B3%AA%E8%A9%A2+&oid=1568144 HTTP/1.1" 200 3912
66.249.71.136 - - [16/Jun/2016:03:53:29 +0800] "GET /content/nav/relationSubject.jsp?relationWords=%E8%B3%AA%E8%A9%A2%20&oid=1568144 HTTP/1.1" 200 3912
66.249.71.199 - - [16/Jun/2016:03:53:31 +0800] "GET /digiarch3/content/repository/resource_content.jsp?oid=1777256&queryType=qs&queryString=%E7%89%A1%E4%B8%B9%E7%A4%BE%E4%BA%8B%E4%BB%B6 HTTP/1.1" 200 35121
120.114.166.19 - - [16/Jun/2016:03:53:56 +0800] "GET /content/repository/resource_content.jsp?oid=14088&queryString=%E6%B2%99%E6%A2%9D%20%E8%B2%93%E9%AE%AB%E7%A7%91%20%E9%A0%AD%E9%AE%AB HTTP/1.1" 200 34739
66.249.79.155 - - [16/Jun/2016:03:53:56 +0800] "GET /content/repository/resource_content.jsp?oid=1888105&queryType=qs&queryString=%E6%9D%8E%E5%A5%8E HTTP/1.1" 200 30100
120.114.166.19 - - [16/Jun/2016:03:53:57 +0800] "GET /content/nav/relationSubject.jsp?relationWords=%E6%98%9F%E8%B2%82%E9%AE%AB+%E6%B2%99%E6%A2%9D+&oid=14088 HTTP/1.1" 200 3347
66.249.71.136 - - [16/Jun/2016:03:54:15 +0800] "GET /content/nav/relationSubject.jsp?relationWords=%E9%BA%A5%E5%B8%A5+&oid=1604620 HTTP/1.1" 200 3614
66.249.79.186 - - [16/Jun/2016:03:54:42 +0800] "GET /digiarch3/content/repository/resource_content.jsp?oid=15319&queryType=qs&queryString=%E9%AD%9A%E7%A4%81 HTTP/1.1" 200 34759
66.249.71.136 - - [16/Jun/2016:03:54:58 +0800] "GET /content/nav/relationSubject.jsp?relationWords=%E7%99%BD%E9%B0%AD+%E7%99%BD%E9%B0%AD%E9%A3%9B%E9%AD%9A+%E9%A3%9B%E9%AD%9A+%E9%A3%9B%E9%AD%9A%E7%A7%91+%E9%AC%9A%E5%94%87+&oid=4351867 HTTP/1.1" 200 3714
66.249.79.200 - - [16/Jun/2016:03:55:02 +0800] "GET /content/repository/resource_content.jsp?oid=4364476&queryString=%E5%8D%97%E7%AE%A1 HTTP/1.1" 200 29891
66.249.79.186 - - [16/Jun/2016:03:55:16 +0800] "GET /digiarch3/content/subject/resource_content.jsp?oid=16797335&queryType=qc HTTP/1.1" 200 60398
66.249.71.136 - - [16/Jun/2016:03:55:17 +0800] "GET /content/nav/relationSubject.jsp?relationWords=%E6%8D%90%E7%9B%A3%E7%94%9F+%E6%94%B6%E6%8D%90%E7%9B%A3+&oid=2662976 HTTP/1.1" 200 3101
66.249.71.199 - - [16/Jun/2016:03:55:33 +0800] "GET /digiarch3/content/repository/resource_content.jsp?oid=15311&queryString=%E6%BF%B1%E9%AF%9B%20%E7%AC%9B%E9%AF%9B%E7%A7%91%20%E7%B4%85%E9%9B%9E%E4%BB%94 HTTP/1.1" 200 35977
66.249.71.136 - - [16/Jun/2016:03:55:49 +0800] "GET /content/tmp_exh/resource_content.jsp?oid=16777771&queryType=qc HTTP/1.1" 200 33975
66.249.71.152 - - [16/Jun/2016:03:56:03 +0800] "GET /content/nav/relationSubject.jsp?relationWords=%E6%B0%91%E4%B8%BB%E6%94%BF%E6%B2%BB+%E6%B5%81%E5%BC%8A%E6%A1%88+%E7%AC%A6%E6%B0%91+&oid=1546127 HTTP/1.1" 200 4166
66.249.71.136 - - [16/Jun/2016:03:56:08 +0800] "GET /content/tmp_exh/resource_content.jsp?oid=16777848&queryString= HTTP/1.1" 200 37207
66.249.71.136 - - [16/Jun/2016:03:56:23 +0800] "GET /content/repository/resource_content.jsp?oid=1109786 HTTP/1.1" 200 31471
66.249.71.152 - - [16/Jun/2016:03:56:48 +0800] "GET /content/subject/resource_content.jsp?oid=16777406&queryString=%E9%98%BF%E5%8B%83%E5%8B%92 HTTP/1.1" 200 32858
66.249.71.136 - - [16/Jun/2016:03:56:59 +0800] "GET /content/subject/resource_content.jsp?oid=16777781&queryType=qs&queryString=%E7%BE%8E%E5%B0%91%E5%A5%B3 HTTP/1.1" 200 57438
66.249.66.163 - - [16/Jun/2016:03:57:04 +0800] "GET /content/repository/resource_content.jsp?oid=1568396&queryType=qs&queryString=%E6%91%A9%E6%89%98%E8%BB%8A HTTP/1.1" 200 32684
66.249.71.152 - - [16/Jun/2016:03:57:09 +0800] "GET /content/nav/relationSubject.jsp?relationWords=%E5%8F%B0%E7%81%A3%E9%AD%9A%E9%A1%9E+%E6%B5%B7%E9%AE%AE+%E7%92%B0%E4%BF%9D+%E7%94%9F%E7%89%A9%E5%A4%9A%E6%A8%A3%E6%80%A7+%E9%8C%A2%E9%B0%BB+&oid=16777746 HTTP/1.1" 200 7222
66.249.71.199 - - [16/Jun/2016:03:57:17 +0800] "GET /digiarch3/content/repository/resource_content.jsp?oid=15233&queryType=qs&queryString=%E6%B0%B4%E8%B3%AA HTTP/1.1" 200 34618
66.249.79.200 - - [16/Jun/2016:03:57:46 +0800] "GET /content/nav/relationSubject.jsp?relationWords=%E4%BF%A1%E7%94%A8%E7%8B%80+%E5%95%86%E8%89%B1%E6%A1%88+%E7%9C%81%E6%94%BF%E5%BA%9C+%E8%A8%B1%E9%A1%AF%E5%A0%82+%E9%80%B2%E5%87%BA%E5%8F%A3%E8%B2%BF%E6%98%93+&oid=1518168 HTTP/1.1" 200 4687
66.249.71.136 - - [16/Jun/2016:03:57:52 +0800] "GET /content/nav/relationSubject.jsp?relationWords=%E4%BF%A1%E7%94%A8%E7%8B%80%20%E5%95%86%E8%89%B1%E6%A1%88%20%E7%9C%81%E6%94%BF%E5%BA%9C%20%E8%A8%B1%E9%A1%AF%E5%A0%82%20%E9%80%B2%E5%87%BA%E5%8F%A3%E8%B2%BF%E6%98%93%20&oid=1518168 HTTP/1.1" 200 4687
163.172.14.55 - - [16/Jun/2016:03:57:55 +0800] "GET /content/subject/resource_content.jsp?oid=16777730&queryType=qc HTTP/1.1" 200 46334
66.249.71.152 - - [16/Jun/2016:03:58:05 +0800] "GET /content/subject/resource_content.jsp?oid=16777387&queryString=%E5%B9%B3%E9%B0%AD%E9%B0%8D%E7%A7%91%20%E6%B2%88%E6%B0%8F%20%E7%88%AC%E5%B2%A9%E9%B0%8D%20%E7%9F%B3%E8%B2%BC%E4%BB%94 HTTP/1.1" 200 34286
66.249.71.199 - - [16/Jun/2016:03:58:10 +0800] "GET /digiarch3/content/nav/relationSubject.jsp?relationWords=%E5%9C%93%E6%B3%A1+%E8%91%B5%E7%B4%8B%E5%9C%93%E6%B3%A1+&oid=1851594 HTTP/1.1" 200 3052
66.249.71.199 - - [16/Jun/2016:03:58:18 +0800] "GET /digiarch3/content/nav/relationSubject.jsp?relationWords=%E5%BF%97%E4%BD%B3%E9%99%BD%E6%9D%9C%E9%B5%91+%E6%9D%9C%E9%B5%91+%E6%9D%9C%E9%B5%91%E8%8A%B1+%E7%99%BD%E7%90%89%E7%90%83%E6%9D%9C%E9%B5%91+%E8%91%97%E7%94%9F%E6%9D%9C%E9%B5%91+&oid=16777345 HTTP/1.1" 200 5135
66.249.79.186 - - [16/Jun/2016:03:58:40 +0800] "GET /digiarch3/content/repository/resource_content.jsp?oid=15271&queryType=qs&queryString=%E9%A4%8A%E6%AE%96%E9%AD%9A%E9%A1%9E HTTP/1.1" 200 34639
66.249.71.136 - - [16/Jun/2016:03:58:56 +0800] "GET /content/repository/resource_content.jsp?oid=15102&queryString=%E5%9A%B4%E5%85%AC%E4%BB%94%20%E5%A4%A7%E7%9C%BC%E9%AF%9B%E7%A7%91%20%E6%97%A5%E6%9C%AC%E5%A4%A7%E7%9C%BC%E9%AF%9B%20%E7%B4%85%E7%9B%AE%E9%B0%B1 HTTP/1.1" 200 34511
101.226.169.217 - - [16/Jun/2016:03:58:59 +0800] "GET /digiarch3/content/subject/resource_content.jsp?oid=16777456&queryType=qc HTTP/1.1" 200 34432
66.249.71.152 - - [16/Jun/2016:03:59:12 +0800] "GET /content/nav/relationSubject.jsp?relationWords=%E5%BD%B0%E5%8C%96%E7%B8%A3%E8%AD%B0%E6%9C%83+%E6%94%B6%E8%B3%BC%E5%83%B9%E6%A0%BC+%E6%9E%97%E8%94%A1%E7%B4%A0%E5%A5%B3+%E6%B1%9F%E6%96%87%E6%B8%85+%E7%94%B0%E8%B3%A6+%E7%9C%81%E8%AD%B0%E6%9C%83+%E8%87%BA%E5%8D%97%E7%B8%A3+&oid=1524470 HTTP/1.1" 200 5887
66.249.71.152 - - [16/Jun/2016:03:59:17 +0800] "GET /content/nav/relationSubject.jsp?relationWords=%E5%BD%B0%E5%8C%96%E7%B8%A3%E8%AD%B0%E6%9C%83%20%E6%94%B6%E8%B3%BC%E5%83%B9%E6%A0%BC%20%E6%9E%97%E8%94%A1%E7%B4%A0%E5%A5%B3%20%E6%B1%9F%E6%96%87%E6%B8%85%20%E7%94%B0%E8%B3%A6%20%E7%9C%81%E8%AD%B0%E6%9C%83%20%E8%87%BA%E5%8D%97%E7%B8%A3%20&oid=1524470 HTTP/1.1" 200 5887
66.249.79.200 - - [16/Jun/2016:03:59:31 +0800] "GET /content/repository/resource_content.jsp?oid=4363685&queryString=%E5%8D%9C%E8%BE%AD%20%E7%94%B2%E9%AA%A8%E6%96%87%20%E7%AE%97%E5%91%BD HTTP/1.1" 200 28464
66.249.71.199 - - [16/Jun/2016:03:59:38 +0800] "GET /digiarch3/content/repository/resource_content.jsp?oid=4354131&queryType=qs&queryString=%E5%BA%95%E6%8B%96%E7%B6%B2 HTTP/1.1" 200 33806
66.249.71.199 - - [16/Jun/2016:03:59:39 +0800] "GET /digiarch3/content/nav/relationSubject.jsp?relationWords=%E9%9B%B2%E9%9B%B7%E7%B4%8B%E5%88%97%E9%BC%8E+&oid=1848685 HTTP/1.1" 200 3044
66.249.79.186 - - [16/Jun/2016:03:59:52 +0800] "GET /digiarch3/content/repository/resource_content.jsp?oid=15829&queryType=qs&queryString=%E8%99%B9%E5%BD%A9 HTTP/1.1" 200 36559
66.249.71.136 - - [16/Jun/2016:03:59:52 +0800] "GET /content/nav/relationSubject.jsp?relationWords=%E6%A0%B9%E6%B4%A5%E9%9D%9C%E5%AD%90+%E7%AB%8B%E7%9F%B3%E9%90%B5%E8%87%A3+&oid=2470286 HTTP/1.1" 200 1431
66.249.71.136 - - [16/Jun/2016:04:00:04 +0800] "GET /content/repository/resource_content.jsp?oid=14233&queryString=%E5%8F%B0%E7%81%A3%E9%AD%9A%E9%A1%9E%20%E6%B5%B7%E9%AE%AE%20%E7%92%B0%E4%BF%9D%20%E7%94%9F%E7%89%A9%E5%A4%9A%E6%A8%A3%E6%80%A7%20%E9%8C%A2%E9%B0%BB HTTP/1.1" 200 34379
66.249.79.200 - - [16/Jun/2016:04:00:17 +0800] "GET /content/subject/resource_content.jsp?oid=16777508&queryString=%E5%A4%BE%E7%AB%B9%E6%A1%83%20%E5%A4%BE%E7%AB%B9%E6%A1%83%E7%A7%91%20%E6%A4%8D%E7%89%A9%E7%95%8C%20%E6%AA%AC%E6%9E%9C%20%E6%B5%B7%E6%AA%AC%E6%9E%9C%20%E6%B5%B7%E6%AA%AC%E6%9E%9C%E5%B1%AC%20%E9%BE%8D%E8%86%BD HTTP/1.1" 200 37914
66.249.71.199 - - [16/Jun/2016:04:00:20 +0800] "GET /digiarch3/content/nav/relationSubject.jsp?relationWords=%E5%9C%B0%E8%B3%AA%E5%AD%B8+%E8%87%BA%E7%81%A3%E7%B8%BD%E7%9D%A3%E5%BA%9C+%E8%98%AD%E9%A0%98%E6%9D%B1%E5%8D%B0%E5%BA%A6+&oid=3032969 HTTP/1.1" 200 3206
66.249.79.186 - - [16/Jun/2016:04:00:30 +0800] "GET /digiarch3/content/repository/resource_content.jsp?oid=16280&queryString=%E5%88%BA%E5%B0%BE%E9%AF%9B%20%E5%88%BA%E5%B0%BE%E9%AF%9B%E7%A7%91%20%E7%9F%AD%E5%96%99%E9%BC%BB%E9%AD%9A%20%E9%AF%9B%E7%A7%91 HTTP/1.1" 200 35408
66.249.71.152 - - [16/Jun/2016:04:00:30 +0800] "GET /content/nav/relationSubject.jsp?relationWords=%E4%B8%B9%E9%BA%A5+%E4%BA%BA%E5%90%8D%E6%AC%8A%E5%A8%81+%E5%B7%B4%E7%88%BE+&oid=726443 HTTP/1.1" 200 3220
66.249.79.200 - - [16/Jun/2016:04:00:36 +0800] "GET /content/nav/relationSubject.jsp?relationWords=%E6%80%9D%E6%83%B3+%E8%87%BA%E5%A4%A7+%E9%87%8D%E6%85%B6%E5%8D%97%E8%B7%AF+&oid=16777814 HTTP/1.1" 200 5934
66.249.71.136 - - [16/Jun/2016:04:00:45 +0800] "GET /content/nav/relationSubject.jsp?relationWords=%E5%A2%9E%E7%94%A2%E6%A1%88+%E5%BA%9C%E8%BE%B2%E6%BC%81%E5%AD%97+&oid=1569610 HTTP/1.1" 200 3346
66.249.71.152 - - [16/Jun/2016:04:00:56 +0800] "GET /content/nav/relationSubject.jsp?relationWords=%E5%91%A8%E6%85%A7%E7%91%9B+%E5%91%A8%E6%B8%85%E7%8E%89+%E5%BC%B5%E6%98%8E+%E5%BC%B5%E6%BA%AB%E9%B7%B9+&oid=1894183 HTTP/1.1" 200 3276
68.180.230.157 - - [16/Jun/2016:04:01:00 +0800] "GET /content/subject/resource_content.jsp?oid=16777448&queryType=qc HTTP/1.1" 200 34500
66.249.71.136 - - [16/Jun/2016:04:01:20 +0800] "GET /content/subject/resource_content.jsp?oid=16777488&queryType=qs&queryString=%E5%8F%B0%E7%81%A3%E9%AD%9A%E9%A1%9E HTTP/1.1" 200 60834
66.249.71.136 - - [16/Jun/2016:04:01:26 +0800] "GET /content/nav/relationSubject.jsp?relationWords=%E5%B0%8F%E8%A5%BF%E6%B0%8F%E7%81%B0%E6%9C%A8+%E6%9F%BF%E6%A8%B9+%E6%A4%8D%E7%89%A9%E7%95%8C+%E7%81%B0%E6%9C%A8+%E7%81%B0%E6%9C%A8%E5%B1%AC+&oid=2144905 HTTP/1.1" 200 3437
66.249.79.186 - - [16/Jun/2016:04:01:34 +0800] "GET /content/repository/resource_content.jsp?oid=4363432&queryType=qs&queryString=%E6%B3%95%E6%9C%83 HTTP/1.1" 200 29201
66.249.79.200 - - [16/Jun/2016:04:01:37 +0800] "GET /content/nav/relationSubject.jsp?relationWords=%E4%BA%94%E5%B9%B4%E5%88%B6%E5%B0%88%E7%A7%91+%E5%AD%B8%E5%88%B6+%E5%B0%88%E7%A7%91+%E8%81%B7%E6%A5%AD%E6%95%99%E8%82%B2+&oid=1602398 HTTP/1.1" 200 7435
66.249.71.152 - - [16/Jun/2016:04:01:49 +0800] "GET /content/nav/relationSubject.jsp?relationWords=%E5%B8%AB%E9%85%89+%E8%88%8A%E8%97%8F+%E9%A1%8C%E8%A8%98+&oid=3356830 HTTP/1.1" 200 4872
66.249.66.162 - - [16/Jun/2016:04:01:54 +0800] "GET /digiarch3/content/repository/resource_content.jsp?oid=2685022&queryString=%E6%AD%A6%E8%88%89%20%E9%A0%86%E5%A4%A9%E5%BA%9C HTTP/1.1" 200 30745
66.249.71.152 - - [16/Jun/2016:04:02:07 +0800] "GET /content/nav/relationSubject.jsp?relationWords=%E5%B8%AB%E9%85%89%20%E8%88%8A%E8%97%8F%20%E9%A1%8C%E8%A8%98%20&oid=3356830 HTTP/1.1" 200 4872
66.249.79.186 - - [16/Jun/2016:04:02:12 +0800] "GET /digiarch3/content/repository/resource_content.jsp?oid=15099&queryString=%E5%88%BA%E5%B0%BE%E9%AF%9B%E7%A7%91%20%E5%89%9D%E7%9A%AE%E4%BB%94%20%E6%89%93%E9%90%B5%E5%A9%86%20%E7%8D%A8%E8%A7%92%E5%80%92%E5%90%8A%20%E7%9F%AD%E5%90%BB%E9%BC%BB%E9%AD%9A%20%E7%9F%AD%E5%96%99%E9%BC%BB%E9%AD%9A HTTP/1.1" 200 33827
66.249.71.152 - - [16/Jun/2016:04:02:21 +0800] "GET /content/subject/resource_content.jsp?oid=16777686&queryType=qs&queryString=%E8%81%9A%E5%AF%B6%E7%9B%86 HTTP/1.1" 200 31878
66.249.71.199 - - [16/Jun/2016:04:02:24 +0800] "GET /content/repository/resource_content.jsp?oid=4362090&queryString=%E7%B2%BF%E6%A8%A1 HTTP/1.1" 200 28244
66.249.71.136 - - [16/Jun/2016:04:02:29 +0800] "GET /content/nav/relationSubject.jsp?relationWords=%E5%9C%B0%E9%8C%A6+%E5%9C%B0%E9%8C%A6%E8%8D%89+%E5%9C%B0%E9%8C%A6%E8%8D%89%E5%B1%AC+%E5%A4%A7%E6%88%9F+%E5%A4%A7%E6%88%9F%E7%A7%91+%E6%A4%8D%E7%89%A9%E7%95%8C+%E9%B5%9D%E9%91%BE%E9%BC%BB%E5%A4%A7%E6%88%9F+&oid=3818673 HTTP/1.1" 200 3491
66.249.79.200 - - [16/Jun/2016:04:02:38 +0800] "GET /content/subject/resource_content.jsp?oid=16777481&queryType=qs&queryString=%E7%8D%85%E5%AD%90%E5%BA%A7 HTTP/1.1" 200 111470
180.76.15.21 - - [16/Jun/2016:04:02:47 +0800] "GET /content/repository/resource_content.jsp?oid=1458690&queryString=API%20%E5%BD%8E%E6%9F%B1%E8%8A%8E%E5%B1%AC%20%E6%A4%8D%E7%89%A9%E7%95%8C%20%E7%8E%89%E5%B1%B1%E5%BD%8E%E6%9F%B1%E8%8A%8E%20%E7%B9%96%E5%BD%A2%E7%A7%91%20%E9%9B%99%E5%AD%90%E8%91%89%E6%A4%8D%E7%89%A9 HTTP/1.1" 200 31680
66.249.71.199 - - [16/Jun/2016:04:03:16 +0800] "GET /digiarch3/content/repository/resource_content.jsp?oid=16420&queryString=%E6%B5%B7%E8%91%B5%20%E6%B5%B7%E8%91%B5%E9%AD%9A%20%E7%9C%BC%E6%96%91%20%E7%9C%BC%E6%96%91%E6%B5%B7%E8%91%B5%E9%AD%9A HTTP/1.1" 200 34838
75.68.8.95 - - [16/Jun/2016:04:03:19 +0800] "GET /content/subject/resource_content.jsp?oid=16777692 HTTP/1.1" 200 36451
75.68.8.95 - - [16/Jun/2016:04:03:21 +0800] "GET /content/nav/relationSubject.jsp?relationWords=&oid=16777692 HTTP/1.1" 200 1405
66.249.71.199 - - [16/Jun/2016:04:03:56 +0800] "GET /digiarch3/content/repository/resource_content.jsp?oid=1547107&queryString=%E5%88%A9%E7%99%A9%E7%97%85%20%E6%A8%82%E7%94%9F%E7%99%82%E9%A4%8A%E9%99%A2 HTTP/1.1" 200 33069
66.249.79.200 - - [16/Jun/2016:04:03:58 +0800] "GET /content/repository/resource_content.jsp?oid=15465&queryString=%E6%93%AC%E7%BE%8A%E9%AD%9A%20%E7%A7%8B%E5%A7%91%20%E9%AC%9A%E5%93%A5%20%E9%AC%9A%E9%AF%9B%E7%A7%91 HTTP/1.1" 200 35016
66.249.71.152 - - [16/Jun/2016:04:04:01 +0800] "GET /content/nav/relationSubject.jsp?relationWords=%E6%BD%BC%E9%97%9C%E5%BB%B3%20%E7%9B%A3%E7%8D%84%20&oid=2510926 HTTP/1.1" 200 3116
66.249.79.200 - - [16/Jun/2016:04:04:06 +0800] "GET /content/nav/relationSubject.jsp?relationWords=%E6%A4%8D%E7%89%A9%E7%95%8C+%E8%89%BE%E5%B1%AC+%E8%8F%8A%E7%A7%91+%E9%9B%99%E5%AD%90%E8%91%89%E6%A4%8D%E7%89%A9+&oid=1108166 HTTP/1.1" 200 3092
125.208.4.99 - - [16/Jun/2016:04:04:09 +0800] "GET /content/tmp_tec/resource_content.jsp?oid=16777731 HTTP/1.1" 200 39226
66.249.71.136 - - [16/Jun/2016:04:04:10 +0800] "GET /content/nav/relationSubject.jsp?relationWords=%E6%A4%8D%E7%89%A9%E7%95%8C%20%E8%89%BE%E5%B1%AC%20%E8%8F%8A%E7%A7%91%20%E9%9B%99%E5%AD%90%E8%91%89%E6%A4%8D%E7%89%A9%20&oid=1108166 HTTP/1.1" 200 3092
125.208.4.99 - - [16/Jun/2016:04:04:12 +0800] "GET /content/subject/resource_content.jsp?oid=16777731&amp;queryType=qc HTTP/1.1" 200 43393
66.249.79.186 - - [16/Jun/2016:04:04:15 +0800] "GET /digiarch3/content/subject/resource_content.jsp?oid=16777364&queryString=%E5%A4%A7%E8%8A%B1%E9%BB%83%E6%A7%90%20%E6%A4%8D%E7%89%A9%E7%95%8C%20%E6%B1%BA%E6%98%8E%20%E6%B1%BA%E6%98%8E%E5%B1%AC%20%E8%A0%B6%E8%B1%86%20%E9%9B%99%E5%AD%90%E8%91%89%20%E9%9B%99%E5%AD%90%E8%91%89%E6%A4%8D%E7%89%A9%20%E9%BB%83%E6%A7%90 HTTP/1.1" 200 35065
66.249.71.136 - - [16/Jun/2016:04:04:19 +0800] "GET /content/nav/relationSubject.jsp?relationWords=%E9%90%AE%E5%88%80%E6%8E%9B+&oid=1781690 HTTP/1.1" 200 2688
125.208.4.99 - - [16/Jun/2016:04:04:24 +0800] "GET /content/tmp_tec/resource_content.jsp?oid=16777731 HTTP/1.1" 200 39226
66.249.71.136 - - [16/Jun/2016:04:04:26 +0800] "GET /content/repository/resource_content.jsp?oid=1115253 HTTP/1.1" 200 31714
66.249.71.199 - - [16/Jun/2016:04:04:32 +0800] "GET /digiarch3/content/subject/resource_content.jsp?oid=16797340&queryType=qc HTTP/1.1" 200 63037
125.208.4.99 - - [16/Jun/2016:04:04:33 +0800] "GET /content/subject/resource_content.jsp?oid=16777731&amp;queryType=qc HTTP/1.1" 200 43393
66.249.71.152 - - [16/Jun/2016:04:04:43 +0800] "GET /content/nav/relationSubject.jsp?relationWords=%E7%B4%85%E7%89%9B%E5%B0%BE+&oid=4353748 HTTP/1.1" 200 2944
68.180.230.157 - - [16/Jun/2016:04:04:45 +0800] "GET /content/tmp_auth/resource_content.jsp?oid=16777810 HTTP/1.1" 200 40591
66.249.71.254 - - [16/Jun/2016:04:04:46 +0800] "GET /content/repository/resource_content.jsp?oid=4364477&queryType=qs&queryString=%E5%8D%97%E7%AE%A1 HTTP/1.1" 200 29431
66.249.79.244 - - [16/Jun/2016:04:04:49 +0800] "GET /content/nav/relationSubject.jsp?relationWords=%E7%B4%85%E7%89%9B%E5%B0%BE%20&oid=4353748 HTTP/1.1" 200 2944
66.249.79.200 - - [16/Jun/2016:04:05:08 +0800] "GET /content/nav/relationSubject.jsp?relationWords=%E4%B8%89%E9%85%B8%E7%94%98%E6%B2%B9%E8%84%82+%E5%8F%B0%E7%81%A3%E5%8E%9F%E4%BD%8F%E6%B0%91+%E5%9F%BA%E5%9B%A0+%E5%9F%BA%E5%9B%A0%E5%A4%9A%E5%9E%8B%E6%80%A7+%E8%9B%8B%E7%99%BD+&oid=1779483 HTTP/1.1" 200 10305
66.249.71.199 - - [16/Jun/2016:04:05:10 +0800] "GET /digiarch3/content/subject/resource_content.jsp?oid=16777784&queryType=qs&queryString=%E9%BB%83%E5%B8%9D%E5%85%A7%E7%B6%93%E7%B4%A0%E5%95%8F HTTP/1.1" 200 30021
66.249.71.136 - - [16/Jun/2016:04:05:18 +0800] "GET /content/nav/relationSubject.jsp?relationWords=%E6%93%AC%E9%B1%B8+%E6%B2%88%E6%B0%8F+%E7%8B%97%E6%AF%8D%E9%AD%9A+%E7%B5%A8%E6%AF%9B%E9%AF%8A+%E8%A3%B8%E8%83%B8%E9%AF%99+%E9%82%B5%E6%B0%8F+%E9%A6%AC%E5%8F%A3%E9%AD%9A+%E9%AE%9F%E9%B1%87+%E9%BB%91%E7%89%99%E6%A3%98%E8%8C%84%E9%AD%9A+&oid=16777488 HTTP/1.1" 200 5100
66.249.71.242 - - [16/Jun/2016:04:05:22 +0800] "GET /content/repository/resource_content.jsp?oid=1596570&queryType=qs&queryString=%E6%9C%AA%E4%BE%86%E7%99%BC%E5%B1%95 HTTP/1.1" 200 28902
66.249.79.148 - - [16/Jun/2016:04:05:36 +0800] "GET /content/repository/resource_content.jsp?oid=2680929&queryType=qs&queryString=%E5%B7%B4%E5%BD%A5 HTTP/1.1" 200 30439
66.249.79.244 - - [16/Jun/2016:04:05:49 +0800] "GET /content/repository/resource_content.jsp?oid=1888352&queryType=qs&queryString=%E8%87%BA%E7%81%A3%E6%97%A5%E6%97%A5%E6%96%B0%E5%A0%B1 HTTP/1.1" 200 30119
66.249.71.199 - - [16/Jun/2016:04:05:57 +0800] "GET /digiarch3/content/nav/relationSubject.jsp?relationWords=%E5%8D%97%E6%B9%96%E5%A4%A7%E5%B1%B1+%E5%BF%97%E4%BD%B3%E9%99%BD%E6%9D%9C%E9%B5%91+%E6%9D%9C%E9%B5%91+%E6%9D%9C%E9%B5%91%E8%8A%B1+%E6%9D%9C%E9%B5%91%E8%8A%B1%E5%B1%AC+%E6%9D%9C%E9%B5%91%E8%8A%B1%E7%A7%91+%E6%A4%8D%E7%89%A9%E7%95%8C+%E7%B4%B0%E8%91%89%E6%9D%9C%E9%B5%91+&oid=1462832 HTTP/1.1" 200 5403
66.249.71.199 - - [16/Jun/2016:04:05:59 +0800] "GET /digiarch3/content/nav/relationSubject.jsp?relationWords=%E5%8D%97%E6%B9%96%E5%A4%A7%E5%B1%B1%20%E5%BF%97%E4%BD%B3%E9%99%BD%E6%9D%9C%E9%B5%91%20%E6%9D%9C%E9%B5%91%20%E6%9D%9C%E9%B5%91%E8%8A%B1%20%E6%9D%9C%E9%B5%91%E8%8A%B1%E5%B1%AC%20%E6%9D%9C%E9%B5%91%E8%8A%B1%E7%A7%91%20%E6%A4%8D%E7%89%A9%E7%95%8C%20%E7%B4%B0%E8%91%89%E6%9D%9C%E9%B5%91%20&oid=1462832 HTTP/1.1" 200 5403
66.249.79.200 - - [16/Jun/2016:04:06:14 +0800] "GET /content/repository/resource_content.jsp?oid=740773 HTTP/1.1" 200 29110
66.249.71.136 - - [16/Jun/2016:04:06:27 +0800] "GET /content/subject/resource_content.jsp?oid=16777844&queryType=qs&queryString=%E9%9B%9C%E8%AA%8C HTTP/1.1" 200 41574
66.249.66.159 - - [16/Jun/2016:04:06:36 +0800] "GET /content/repository/resource_content.jsp?oid=1887934&queryString=%E6%9D%9C%E9%A6%99%E5%9C%8B%20%E6%9D%B1%E5%8B%A2%E8%A7%92%20%E8%AD%89%E5%88%B8%20%E8%B3%80%E5%B9%B4%E6%98%8E%E4%BF%A1%E7%89%87 HTTP/1.1" 200 31832
66.249.71.199 - - [16/Jun/2016:04:06:39 +0800] "GET /digiarch3/content/subject/resource_content.jsp?oid=16777493&queryString=%E6%B5%B7%E6%A3%A0%20%E7%A7%8B%E6%B5%B7%E6%A3%A0 HTTP/1.1" 200 47234
66.249.79.244 - - [16/Jun/2016:04:06:46 +0800] "GET /content/nav/relationSubject.jsp?relationWords=%E6%9D%9C%E9%B5%91%E8%8A%B1%E5%B1%AC+&oid=1462433 HTTP/1.1" 200 2981
66.249.79.244 - - [16/Jun/2016:04:06:52 +0800] "GET /content/repository/resource_content.jsp?oid=1173913&queryType=qs&queryString=%E7%94%B7%E5%AD%90%E6%9C%8D%E9%A3%BE HTTP/1.1" 200 31114
66.249.79.244 - - [16/Jun/2016:04:06:53 +0800] "GET /content/nav/relationSubject.jsp?relationWords=%E6%9D%9C%E9%B5%91%E8%8A%B1%E5%B1%AC%20&oid=1462433 HTTP/1.1" 200 2981
66.249.71.136 - - [16/Jun/2016:04:07:05 +0800] "GET /content/subject/resource_content.jsp?oid=16777790&queryType=qs&queryString=%E9%9B%BB%E5%AD%90%E5%95%86%E5%8B%99 HTTP/1.1" 200 41643
66.249.71.152 - - [16/Jun/2016:04:07:17 +0800] "GET /content/repository/resource_content.jsp?oid=2686574&queryString=%E5%AE%89%E6%A0%BC%20%E6%A0%BC%E7%88%BE%20%E9%9D%92%E6%B5%B7%E7%9C%81%E5%9C%B0%E5%BD%A2%E5%9C%96 HTTP/1.1" 200 30548
66.249.71.136 - - [16/Jun/2016:04:07:30 +0800] "GET /content/repository/resource_content.jsp?oid=15533&queryString=%E7%83%8F%E9%9D%A2%E7%AB%8B%E6%97%97%E9%AF%9B%20%E8%9D%B4%E8%9D%B6%E9%AD%9A%E7%A7%91%20%E9%97%9C%E5%88%80%20%E9%A6%AC%E4%BC%95%E9%AD%9A HTTP/1.1" 200 34366
66.249.71.199 - - [16/Jun/2016:04:07:41 +0800] "GET /digiarch3/content/nav/relationSubject.jsp?relationWords=%E9%87%91%E9%8C%A2%E4%BB%94+&oid=15271 HTTP/1.1" 200 3319
66.249.71.152 - - [16/Jun/2016:04:07:43 +0800] "GET /content/repository/resource_content.jsp?oid=591929&queryString=%E4%BA%BA%E5%90%8D%E6%AC%8A%E5%A8%81%20%E8%88%92%E7%88%BE%E6%9B%BC%20%E8%AC%99%E5%90%89%20%E9%BA%BB%E5%85%8B%E9%A1%9E HTTP/1.1" 200 28726
66.249.79.244 - - [16/Jun/2016:04:07:56 +0800] "GET /content/repository/resource_content.jsp?oid=4363555&queryType=qs&queryString=%E4%B8%83%E7%88%BA HTTP/1.1" 200 29581
74.71.94.142 - - [16/Jun/2016:04:07:58 +0800] "GET /content/repository/resource_content.jsp?oid=523603&queryType=qc HTTP/1.1" 200 38821
74.71.94.142 - - [16/Jun/2016:04:07:59 +0800] "GET /content/nav/relationSubject.jsp?relationWords=%E8%85%B9%E8%B6%B3%E7%B6%B1+%E8%9C%91%E8%9E%BA+%E9%AB%98%E8%85%B0%E8%9C%91%E8%9E%BA+&oid=523603 HTTP/1.1" 200 3372
66.249.79.200 - - [16/Jun/2016:04:08:09 +0800] "GET /content/repository/resource_content.jsp?oid=704115&queryString=%E4%B8%AD%E6%9D%B1%E9%90%B5%E8%B7%AF%20%E4%BA%BA%E5%90%8D%E6%AC%8A%E5%A8%81%20%E5%9C%8B%E4%BB%A3%20%E6%88%B4%E9%99%B3%E9%9C%96%20%E9%98%BF%E6%A0%BC%E9%81%BC%E5%A4%AB HTTP/1.1" 200 29453
66.249.71.136 - - [16/Jun/2016:04:08:22 +0800] "GET /content/repository/resource_content.jsp?oid=2684863&queryString=%E5%9C%B0%E7%A7%9F%20%E5%BA%AB%E6%94%B6%E6%A1%88%20%E5%BB%BA%E7%AF%89%E7%94%A8%E5%9C%B0%20%E9%90%B5%E8%B7%AF%E5%B1%80 HTTP/1.1" 200 30373
66.249.71.254 - - [16/Jun/2016:04:08:34 +0800] "GET /content/repository/resource_content.jsp?oid=1778136&queryType=qs&queryString=BMI HTTP/1.1" 200 35916
66.249.71.136 - - [16/Jun/2016:04:08:47 +0800] "GET /content/repository/resource_content.jsp?oid=1547674&queryString=%E8%87%BA%E5%8D%97%E7%B8%A3%20%E9%97%9C%E5%BB%9F%E9%84%89 HTTP/1.1" 200 29326
66.249.71.152 - - [16/Jun/2016:04:09:00 +0800] "GET /content/repository/resource_content.jsp?oid=2678656&queryString=%E5%8D%83%E7%B8%BD%20%E8%A5%BF%E8%A1%9B%20%E9%80%97%E9%81%9B HTTP/1.1" 200 30935
66.249.71.136 - - [16/Jun/2016:04:09:04 +0800] "GET /content/nav/relationSubject.jsp?relationWords=API+%E5%89%8D%E8%83%A1%E5%B1%AC+%E5%8F%B0%E7%81%A3%E5%89%8D%E8%83%A1+%E6%A4%8D%E7%89%A9%E7%95%8C+%E7%B9%96%E5%BD%A2%E7%A7%91+%E9%9B%99%E5%AD%90%E8%91%89%E6%A4%8D%E7%89%A9+&oid=1105405 HTTP/1.1" 200 3427
66.249.79.244 - - [16/Jun/2016:04:09:14 +0800] "GET /content/repository/resource_content.jsp?oid=4362757&queryString=%E5%AA%BD%E7%A5%96%20%E7%A5%96%E5%BB%9F%20%E7%AB%B9%E5%B1%B1%E9%80%A3%E8%88%88%E5%AE%AE HTTP/1.1" 200 35385
74.71.94.142 - - [16/Jun/2016:04:09:20 +0800] "GET /content/repository/resource_content.jsp?oid=1833971&queryType=null&queryString= HTTP/1.1" 200 33162
74.71.94.142 - - [16/Jun/2016:04:09:20 +0800] "GET /content/nav/relationSubject.jsp?relationWords=%E5%85%AB%E5%88%86%E6%9B%B8+%E5%B1%B1%E6%9D%B1%E5%98%89%E7%A5%A5+%E5%B9%B4%E7%95%AB+%E6%88%B4%E6%B0%8F+&oid=1833971 HTTP/1.1" 200 4581
66.249.79.155 - - [16/Jun/2016:04:09:25 +0800] "GET /content/repository/resource_content.jsp?oid=4466508&queryType=qs&queryString=%E8%8D%B7%E7%89%A9 HTTP/1.1" 200 28376
66.249.71.188 - - [16/Jun/2016:04:09:37 +0800] "GET /content/repository/resource_content.jsp?oid=3818886&queryString=%E6%8A%AB%E9%87%9D%E8%91%89%E8%8C%89%E8%8E%89%E8%8A%B1%20%E6%9C%A8%E7%8A%80%E7%A7%91%20%E6%A4%8D%E7%89%A9%E7%95%8C%20%E7%8E%84%E5%8F%83%20%E7%B4%A0%E9%A6%A8%E5%B1%AC HTTP/1.1" 200 31617
66.249.79.244 - - [16/Jun/2016:04:09:51 +0800] "GET /content/repository/resource_content.jsp?oid=2513299&queryType=qs&queryString=%E5%BB%A3%E6%98%8C HTTP/1.1" 200 30526
163.172.14.55 - - [16/Jun/2016:04:10:02 +0800] "GET /content/subject/resource_content.jsp?oid=16777805&queryType=qc HTTP/1.1" 200 35157
66.249.71.152 - - [16/Jun/2016:04:10:03 +0800] "GET /content/repository/resource_content.jsp?oid=1546880&queryString=%E5%8D%97%E5%B4%81%20%E8%81%B7%E6%A5%AD%E5%AD%B8%E6%A0%A1 HTTP/1.1" 200 29575
66.249.71.188 - - [16/Jun/2016:04:10:16 +0800] "GET /content/repository/resource_content.jsp?oid=4362036&queryString=%E9%A6%99%E6%97%97 HTTP/1.1" 200 28545
111.250.66.207 - - [16/Jun/2016:04:10:21 +0800] "GET /content/nav/relationSubject.jsp?relationWords=%E6%AA%AC%E6%9E%9C+%E8%8A%92%E6%9E%9C+&oid=16777508 HTTP/1.1" 200 4379
66.249.79.155 - - [16/Jun/2016:04:10:29 +0800] "GET /content/repository/resource_content.jsp?oid=1778136&queryType=qs&queryString=%E5%BF%83%E8%A1%80%E7%AE%A1%E7%96%BE%E7%97%85 HTTP/1.1" 200 35913
66.249.71.136 - - [16/Jun/2016:04:10:41 +0800] "GET /content/repository/resource_content.jsp?oid=14829&queryString=%E7%9F%B3%E7%8B%97%E5%85%AC%20%E7%9F%B3%E9%A0%AD%E9%AD%9A HTTP/1.1" 200 35090
66.249.79.244 - - [16/Jun/2016:04:10:54 +0800] "GET /content/repository/resource_content.jsp?oid=2683497&queryString=%E5%A4%AA%E5%B8%B8%E5%AF%BA%20%E5%A4%AA%E5%BB%9F HTTP/1.1" 200 30900
66.249.71.136 - - [16/Jun/2016:04:11:06 +0800] "GET /content/nav/relationSubject.jsp?relationWords=%E4%B8%AD%E8%85%B9%E8%B6%B3%E7%9B%AE+%E6%B5%B7%E5%85%94%E8%9E%BA+%E8%85%B9%E8%B6%B3%E7%B6%B1+%E8%8F%B1%E8%A7%92%E8%9E%BA+%E9%95%B7%E8%8F%B1%E8%A7%92%E8%9E%BA+&oid=523879 HTTP/1.1" 200 3353
66.249.71.152 - - [16/Jun/2016:04:11:08 +0800] "GET /content/repository/resource_content.jsp?oid=2672525&queryString=%E6%BD%BC%E9%97%9C%20%E8%98%87%E6%B5%99%20%E8%B1%AB%E9%84%82%E7%9A%96%E8%81%AF%E7%95%8C%E5%9C%96 HTTP/1.1" 200 30097
66.249.71.152 - - [16/Jun/2016:04:11:14 +0800] "GET /content/repository/resource_content.jsp?oid=3816875&queryString=%E5%A4%A7%E8%91%89%E5%B1%B1%E6%AC%96 HTTP/1.1" 200 31163
66.249.79.244 - - [16/Jun/2016:04:11:20 +0800] "GET /content/subject/resource_content.jsp?oid=16777270&queryType=qs&queryString=%E8%A1%8C%E9%81%93%E6%A8%B9 HTTP/1.1" 200 33770
66.249.66.159 - - [16/Jun/2016:04:11:28 +0800] "GET /content/repository/resource_content.jsp?oid=2677160&queryType=qs&queryString=%E5%BB%A3%E6%98%8C HTTP/1.1" 200 30325
66.249.71.199 - - [16/Jun/2016:04:11:30 +0800] "GET /digiarch3/content/nav/relationSubject.jsp?relationWords=%E7%B1%A4%E7%AD%92+&oid=4362720 HTTP/1.1" 200 2966
66.249.71.136 - - [16/Jun/2016:04:11:32 +0800] "GET /content/repository/resource_content.jsp?oid=2671102&queryString=%E5%94%90%E6%A6%AE%20%E5%BC%B5%E6%96%87%E7%8D%BB%20%E7%9B%88%E9%A4%98%20%E7%A7%91%E5%AD%B8%E7%AE%A1%E7%90%86%20%E8%91%A3%E4%BA%8B%E9%95%B7%20%E8%B3%AA%E8%A9%A2%20%E9%A0%90%E7%AE%97 HTTP/1.1" 200 30328
66.249.71.136 - - [16/Jun/2016:04:11:45 +0800] "GET /content/repository/resource_content.jsp?oid=2150238 HTTP/1.1" 200 31063
66.249.71.136 - - [16/Jun/2016:04:11:53 +0800] "GET /digiarch_en/content/nav/relationSubject.jsp?relationWords=%E6%98%86%E8%9F%B2+&oid=4469178 HTTP/1.1" 200 5530
66.249.79.200 - - [16/Jun/2016:04:11:54 +0800] "GET /content/nav/relationSubject.jsp?relationWords=%E4%B8%AD%E6%9D%B1%E9%90%B5%E8%B7%AF+%E4%BA%BA%E5%90%8D%E6%AC%8A%E5%A8%81+%E5%9C%8B%E4%BB%A3+%E6%88%B4%E9%99%B3%E9%9C%96+%E9%98%BF%E6%A0%BC%E9%81%BC%E5%A4%AB+&oid=704115 HTTP/1.1" 200 3434
66.249.71.136 - - [16/Jun/2016:04:11:57 +0800] "GET /content/repository/resource_content.jsp?oid=2150884 HTTP/1.1" 200 31514
66.249.71.136 - - [16/Jun/2016:04:11:58 +0800] "GET /content/nav/relationSubject.jsp?relationWords=%E4%B8%AD%E6%9D%B1%E9%90%B5%E8%B7%AF%20%E4%BA%BA%E5%90%8D%E6%AC%8A%E5%A8%81%20%E5%9C%8B%E4%BB%A3%20%E6%88%B4%E9%99%B3%E9%9C%96%20%E9%98%BF%E6%A0%BC%E9%81%BC%E5%A4%AB%20&oid=704115 HTTP/1.1" 200 3434
66.249.71.136 - - [16/Jun/2016:04:12:12 +0800] "GET /content/repository/resource_content.jsp?oid=1891626 HTTP/1.1" 200 28545
66.249.71.136 - - [16/Jun/2016:04:12:22 +0800] "GET /content/repository/resource_content.jsp?oid=1105077&queryString=%E6%A4%8D%E7%89%A9%E7%95%8C%20%E8%89%BE%E5%B1%AC%20%E8%8C%B5%E9%99%B3%E8%92%BF%20%E8%8F%8A%E7%A7%91%20%E9%9B%99%E5%AD%90%E8%91%89%E6%A4%8D%E7%89%A9 HTTP/1.1" 200 31763
66.249.71.136 - - [16/Jun/2016:04:12:23 +0800] "GET /digiarch_en/content/repository/resource_content.jsp?oid=2515365&queryString=%E4%BF%AE%E5%A2%93 HTTP/1.1" 200 23806
66.249.71.136 - - [16/Jun/2016:04:12:36 +0800] "GET /content/repository/resource_content.jsp?oid=1448666&queryString=%E5%88%BA%E5%B0%BE%E9%AF%9B%E7%A7%91%20%E7%B7%9A%E7%B4%8B%E5%88%BA%E5%B0%BE%E9%AF%9B HTTP/1.1" 200 30383
66.249.79.200 - - [16/Jun/2016:04:12:45 +0800] "GET /content/nav/relationSubject.jsp?relationWords=%E5%85%94%E5%B0%BE%E8%8D%89+%E5%85%94%E5%B0%BE%E8%8D%89%E5%B1%AC+%E6%A4%8D%E7%89%A9%E7%95%8C+%E8%A0%B6%E8%B1%86+%E9%9B%99%E5%AD%90%E8%91%89%E6%A4%8D%E7%89%A9+&oid=2147998 HTTP/1.1" 200 3432
66.249.71.248 - - [16/Jun/2016:04:12:49 +0800] "GET /content/repository/resource_content.jsp?oid=4364497&queryType=qs&queryString=%E6%A4%B0%E5%AD%90%E6%AE%BC HTTP/1.1" 200 29405
66.249.71.136 - - [16/Jun/2016:04:13:00 +0800] "GET /content/nav/relationSubject.jsp?relationWords=%E6%9F%83%E6%9C%A8%E5%B1%AC+%E6%A4%8D%E7%89%A9%E7%95%8C+%E8%96%84%E8%91%89%E6%9F%83%E6%9C%A8+&oid=3814964 HTTP/1.1" 200 3261
66.249.71.199 - - [16/Jun/2016:04:13:02 +0800] "GET /digiarch3/content/repository/resource_content.jsp?oid=4353498&queryString=%E9%BB%91%E6%96%91%E9%BE%8D%E8%86%BD%20%E9%BE%8D%E8%86%BD HTTP/1.1" 200 35087
66.249.71.136 - - [16/Jun/2016:04:13:07 +0800] "GET /content/nav/relationSubject.jsp?relationWords=%E6%96%B0%E6%9C%A8%E8%96%91%E5%AD%90%E5%B1%AC+%E6%A4%8D%E7%89%A9%E7%95%8C+%E6%A8%9F%E7%A7%91+%E7%99%BD%E6%96%B0%E6%9C%A8%E8%96%91%E5%AD%90+&oid=1109786 HTTP/1.1" 200 3390
66.249.79.200 - - [16/Jun/2016:04:13:10 +0800] "GET /content/nav/relationSubject.jsp?relationWords=%E5%BC%B5%E8%B2%B4%E6%9C%A8+%E9%99%B3%E9%8C%AB+&oid=1889630 HTTP/1.1" 200 3241
66.249.71.199 - - [16/Jun/2016:04:13:14 +0800] "GET /digiarch3/content/repository/resource_content.jsp?oid=1620337&queryType=qs&queryString=%E6%B0%91%E6%97%8F%E9%9F%B3%E6%A8%82 HTTP/1.1" 200 29398
66.249.79.141 - - [16/Jun/2016:04:13:27 +0800] "GET /content/repository/resource_content.jsp?oid=4469493&queryType=qs&queryString=%E8%A7%A3%E5%89%96%E5%AD%B8 HTTP/1.1" 200 28556
66.249.71.248 - - [16/Jun/2016:04:13:46 +0800] "GET /content/repository/resource_content.jsp?oid=4362580&queryType=qs&queryString=%E5%AF%B6%E5%8B%9D HTTP/1.1" 200 28354
66.249.79.200 - - [16/Jun/2016:04:13:54 +0800] "GET /content/repository/resource_content.jsp?oid=2520927&queryString=%E4%BA%BA%E5%90%8D%E6%AC%8A%E5%A8%81%20%E5%B1%B1%E9%9B%9E%20%E6%B5%B7%E5%AF%A7%20%E7%A8%85%E5%8B%99%20%E7%BE%8E%E9%A6%AC%20%E8%94%A1%E5%BB%B7%E5%B9%B9%20%E8%BE%B2%E5%95%86%E9%83%A8%20%E9%B7%93%E9%B4%A3 HTTP/1.1" 200 30235
66.249.79.200 - - [16/Jun/2016:04:14:05 +0800] "GET /content/repository/resource_content.jsp?oid=3818096&queryString=%E5%81%87%E6%B2%99%E6%A2%A8%E5%B1%AC%20%E6%A4%8D%E7%89%A9%E7%95%8C%20%E7%8E%89%E5%B1%B1%E5%81%87%E6%B2%99%E6%A2%A8%20%E8%96%94%E8%96%87%E7%9B%AE%20%E8%96%94%E8%96%87%E7%A7%91 HTTP/1.1" 200 31717
