66.249.71.152 - - [19/Jun/2016:02:29:47 +0800] "GET /content/repository/resource_content.jsp?oid=1571114&queryString=%E5%A5%B3%E9%9D%92%E5%B9%B4 HTTP/1.1" 200 30647
66.249.71.136 - - [19/Jun/2016:02:30:16 +0800] "GET /content/nav/relationSubject.jsp?relationWords=%E6%95%B8%E4%BD%8D%E5%85%B8%E8%97%8F%20%E7%A0%94%E8%A8%8E%E6%9C%83%20&oid=16777835 HTTP/1.1" 200 8018
66.249.71.136 - - [19/Jun/2016:02:30:42 +0800] "GET /content/repository/resource_content.jsp?oid=1585613&queryString=%E6%94%A4%E8%B2%A9%20%E7%BD%B0%E9%8D%B0%20%E9%8A%80%E5%85%83 HTTP/1.1" 200 39070
110.26.72.56 - - [19/Jun/2016:02:30:56 +0800] "GET /content/repository/resource_content.jsp?oid=1577475&queryString=%E7%BE%8E%E5%AE%B9 HTTP/1.1" 200 29053
61.135.189.96 - - [19/Jun/2016:02:30:57 +0800] "GET /digiarch/content/repository/resource_content.jsp?oid=3821189 HTTP/1.1" 404 14873
110.26.72.56 - - [19/Jun/2016:02:30:58 +0800] "GET /content/nav/relationSubject.jsp?relationWords=%E5%BD%B9%E7%94%B7+%E5%BE%81%E6%A1%88+%E6%B0%91%E6%94%BF%E9%A1%9E+%E7%BE%8E%E5%AE%B9+%E9%99%B3%E7%BE%8E+&oid=1577475 HTTP/1.1" 200 3548
66.249.71.136 - - [19/Jun/2016:02:31:10 +0800] "GET /content/repository/resource_content.jsp?oid=3821254&queryString=%E6%A4%8D%E7%89%A9%E7%95%8C%20%E6%B5%B7%E8%9E%BA%E8%8F%8A%20%E6%B5%B7%E8%9E%BA%E8%8F%8A%E5%B1%AC%20%E7%8E%84%E5%8F%83%20%E7%8E%84%E5%8F%83%E7%A7%91 HTTP/1.1" 200 31586
66.249.71.136 - - [19/Jun/2016:02:31:13 +0800] "GET /content/nav/relationSubject.jsp?relationWords=%E4%B8%BB%E8%A8%88%E8%99%95+%E4%BA%8C%E6%AC%A1%E5%A4%A7%E6%88%B0+%E5%8A%89%E7%B4%B9+%E5%8A%89%E7%B4%B9%E5%BF%97+%E5%8C%97%E6%8A%95%E9%8E%AE+%E5%8D%B0%E9%91%91+%E5%8D%B0%E9%91%91%E7%99%BB%E8%A8%98+%E5%91%A8%E5%AE%8F%E6%BF%A4+%E5%9C%B0%E8%99%9F+%E5%A4%9C%E7%B8%BD%E6%9C%83+%E5%AE%8F%E6%BF%A4+%E5%B0%88%E7%A7%91+%E5%BC%B5%E6%8C%AF+%E5%BC%B5%E6%8C%AF%E7%94%9F+%E5%BE%81%E6%94%B6%E7%8E%87+%E6%88%B6%E7%B1%8D%E7%99%BB%E8%A8%98+%E6%88%BF%E5%B1%8B%E7%A8%85+%E6%8C%AF%E7%94%9F+%E6%94%A4%E8%B2%A9+%E6%9C%83%E8%AD%B0%E7%B4%80%E9%8C%84+%E6%9D%8E%E7%82%B3%E7%9B%9B+%E6%A8%B5%E6%A6%95+%E6%AA%A2%E7%96%AB+%E6%B0%91%E6%94%BF%E9%A1%9E+%E6%B0%B4%E5%9C%B3+%E6%B0%B4%E6%AC%8A+%E6%B4%AA%E6%A8%B5%E6%A6%95+%E7%81%A3%E7%9C%81%E6%94%BF%E5%BA%9C+%E7%87%9F%E6%A5%AD%E7%A8%85+%E7%9C%81%E6%94%BF%E5%BA%9C+%E7%9F%B3%E9%96%80%E6%B0%B4%E5%BA%AB+%E7%A2%BE%E7%B1%B3+%E7%A2%BE%E7%B1%B3%E5%BB%A0+%E7%B1%B3%E5%BB%A0+%E7%B3%A7%E9%A3%9F%E5%B1%80+%E7%B4%B9%E5%BF%97+%E7%B8%BD%E9%A0%90%E7%AE%97+%E8%87%AA%E4%BE%86%E6%B0%B4+%E8%87%AA%E4%BE%86%E6%B0%B4%E5%BB%A0+%E8%87%BA%E5%8C%97%E5%B8%82+%E8%87%BA%E7%81%A3%E7%9C%81+%E8%87%BA%E7%81%A3%E7%9C%81%E6%94%BF%E5%BA%9C+%E8%87%BA%E7%81%A3%E9%8A%80%E8%A1%8C+%E8%8A%B1%E8%93%AE%E5%B8%AB%E7%AF%84+%E8%8A%B1%E8%93%AE%E6%B8%AF+%E8%99%95%E9%95%B7+%E8%B2%A1%E6%94%BF+%E8%B2%A1%E6%94%BF%E5%BB%B3+%E8%B2%A1%E6%94%BF%E9%A1%9E+%E8%B3%B4%E6%A8%B9%E6%97%BA+%E8%BE%B2%E7%94%B0%E6%B0%B4%E5%88%A9%E6%9C%83+%E9%95%B7%E5%91%A8+%E9%99%B3%E7%81%AB+%E9%99%B3%E7%81%AB%E5%9C%9F+%E9%9B%86%E6%B0%B4%E5%8D%80+%E9%A0%90%E7%AE%97+%E9%A3%B2%E7%94%A8%E6%B0%B4+%E9%BB%83%E9%81%8B%E9%87%91+&oid=1585613 HTTP/1.1" 200 7202
61.135.189.96 - - [19/Jun/2016:02:31:35 +0800] "GET /digiarch/content/repository/resource_content.jsp?oid=1863929 HTTP/1.1" 404 14873
66.249.79.244 - - [19/Jun/2016:02:31:38 +0800] "GET /content/repository/resource_content.jsp?oid=4363380&queryString=%E9%96%8B%E5%85%89 HTTP/1.1" 200 28116
66.249.71.242 - - [19/Jun/2016:02:31:50 +0800] "GET /content/nav/relationSubject.jsp?relationWords=%E9%BB%83%E5%95%9F%E7%91%9E+&oid=1888610 HTTP/1.1" 200 6887
66.249.71.152 - - [19/Jun/2016:02:31:53 +0800] "GET /content/nav/relationSubject.jsp?relationWords=&oid=1865168 HTTP/1.1" 200 1405
66.249.71.242 - - [19/Jun/2016:02:31:56 +0800] "GET /content/nav/relationSubject.jsp?relationWords=%E9%BB%83%E5%95%9F%E7%91%9E%20&oid=1888610 HTTP/1.1" 200 6887
66.249.71.152 - - [19/Jun/2016:02:31:58 +0800] "GET /content/nav/relationSubject.jsp?relationWords=&oid=2598299 HTTP/1.1" 200 1405
66.249.71.136 - - [19/Jun/2016:02:32:15 +0800] "GET /content/nav/relationSubject.jsp?relationWords=%E4%B9%99%E9%AD%9A%E5%8D%A3+%E7%88%B6%E4%B9%99+%E9%A1%8C%E8%A8%98+%E9%AD%9A%E7%88%B6%E4%B9%99%E5%8D%A3+&oid=1816614 HTTP/1.1" 200 4968
66.249.71.136 - - [19/Jun/2016:02:32:19 +0800] "GET /content/nav/relationSubject.jsp?relationWords=%E4%B9%99%E9%AD%9A%E5%8D%A3%20%E7%88%B6%E4%B9%99%20%E9%A1%8C%E8%A8%98%20%E9%AD%9A%E7%88%B6%E4%B9%99%E5%8D%A3%20&oid=1816614 HTTP/1.1" 200 4968
66.249.79.200 - - [19/Jun/2016:02:32:33 +0800] "GET /digiarch_en/content/repository/resource_content.jsp?oid=2686987&queryString=%E5%AD%B8%E7%94%9F%E5%AE%BF%E8%88%8D%20%E6%95%99%E5%AE%98%20%E8%AD%A6%E5%AF%9F%20%E8%AD%A6%E5%AF%9F%E6%A9%9F%E9%97%9C%20%E8%BB%8D%E8%A8%93%20%E8%BB%8D%E8%A8%93%E6%95%99%E5%AE%98 HTTP/1.1" 200 24227
66.249.71.136 - - [19/Jun/2016:02:33:27 +0800] "GET /content/repository/resource_content.jsp?oid=2680114&queryString=%E6%9F%91%E6%A1%94%20%E7%94%B0%E8%B3%A6 HTTP/1.1" 200 30081
66.249.79.200 - - [19/Jun/2016:02:33:34 +0800] "GET /content/nav/relationSubject.jsp?relationWords=%E7%94%B0%E8%B3%A6+&oid=2680114 HTTP/1.1" 200 4959
66.249.71.136 - - [19/Jun/2016:02:33:37 +0800] "GET /content/nav/relationSubject.jsp?relationWords=%E7%94%B0%E8%B3%A6%20&oid=2680114 HTTP/1.1" 200 4959
66.249.71.166 - - [19/Jun/2016:02:34:23 +0800] "GET /content/repository/resource_content.jsp?oid=14832&queryType=qs&queryString=%E5%9C%93%E6%96%91 HTTP/1.1" 200 35656
66.249.79.200 - - [19/Jun/2016:02:34:23 +0800] "GET /content/nav/relationSubject.jsp?relationWords=%E5%8C%97%E5%8F%B0%E7%81%A3+%E6%B3%B0%E9%9B%85+%E6%B3%B0%E9%9B%85%E6%97%8F+&oid=1778463 HTTP/1.1" 200 7709
66.249.71.136 - - [19/Jun/2016:02:34:27 +0800] "GET /content/nav/relationSubject.jsp?relationWords=%E5%BC%B5%E9%B3%B4+%E8%AB%8B%E6%95%95+&oid=2546066 HTTP/1.1" 200 3170
66.249.71.136 - - [19/Jun/2016:02:34:29 +0800] "GET /content/nav/relationSubject.jsp?relationWords=%E5%8C%97%E5%8F%B0%E7%81%A3%20%E6%B3%B0%E9%9B%85%20%E6%B3%B0%E9%9B%85%E6%97%8F%20&oid=1778463 HTTP/1.1" 200 7709
66.249.71.159 - - [19/Jun/2016:02:34:33 +0800] "GET /content/nav/relationSubject.jsp?relationWords=%E7%9F%B3%E7%8B%97%E5%85%AC+%E7%9F%B3%E9%A0%AD%E9%AD%9A+%E8%99%8E%E9%AD%9A+%E9%AC%BC%E8%99%8E%E9%AD%9A+%E9%AD%9A%E8%99%8E+&oid=14832 HTTP/1.1" 200 3505
66.249.71.152 - - [19/Jun/2016:02:34:35 +0800] "GET /content/nav/relationSubject.jsp?relationWords=%E7%9F%B3%E7%8B%97%E5%85%AC%20%E7%9F%B3%E9%A0%AD%E9%AD%9A%20%E8%99%8E%E9%AD%9A%20%E9%AC%BC%E8%99%8E%E9%AD%9A%20%E9%AD%9A%E8%99%8E%20&oid=14832 HTTP/1.1" 200 3505
66.249.71.136 - - [19/Jun/2016:02:34:43 +0800] "GET /content/nav/relationSubject.jsp?relationWords=%E4%B8%AD%E5%9C%8B%E5%A4%A7%E9%99%B8%E5%9C%B0%E5%9C%96+%E5%AD%9F%E7%B8%A3+&oid=206759 HTTP/1.1" 200 3204
66.249.71.136 - - [19/Jun/2016:02:34:46 +0800] "GET /content/nav/relationSubject.jsp?relationWords=%E4%B8%AD%E5%9C%8B%E5%A4%A7%E9%99%B8%E5%9C%B0%E5%9C%96%20%E5%AD%9F%E7%B8%A3%20&oid=206759 HTTP/1.1" 200 3204
66.249.71.199 - - [19/Jun/2016:02:34:51 +0800] "GET /digiarch3/content/nav/relationSubject.jsp?relationWords=&oid=16797242 HTTP/1.1" 200 1405
66.249.71.159 - - [19/Jun/2016:02:35:18 +0800] "GET /content/repository/resource_content.jsp?oid=1811131&queryType=qs&queryString=%E6%A3%9A%E8%BB%8A HTTP/1.1" 200 49008
66.249.79.200 - - [19/Jun/2016:02:35:19 +0800] "GET /content/nav/relationSubject.jsp?relationWords=%E6%BC%95%E5%B7%AE+&oid=2530497 HTTP/1.1" 200 3075
66.249.71.136 - - [19/Jun/2016:02:35:27 +0800] "GET /content/nav/relationSubject.jsp?relationWords=%E6%BC%95%E5%B7%AE%20&oid=2530497 HTTP/1.1" 200 3075
66.249.71.136 - - [19/Jun/2016:02:35:34 +0800] "GET /content/nav/relationSubject.jsp?relationWords=%E6%A4%8D%E7%89%A9%E7%95%8C+%E6%B5%B7%E8%9E%BA%E8%8F%8A+%E6%B5%B7%E8%9E%BA%E8%8F%8A%E5%B1%AC+%E7%8E%84%E5%8F%83+%E7%8E%84%E5%8F%83%E7%A7%91+%E8%8F%8A%E5%B1%AC+&oid=3821254 HTTP/1.1" 200 3496
66.249.71.136 - - [19/Jun/2016:02:35:38 +0800] "GET /content/nav/relationSubject.jsp?relationWords=%E6%A4%8D%E7%89%A9%E7%95%8C%20%E6%B5%B7%E8%9E%BA%E8%8F%8A%20%E6%B5%B7%E8%9E%BA%E8%8F%8A%E5%B1%AC%20%E7%8E%84%E5%8F%83%20%E7%8E%84%E5%8F%83%E7%A7%91%20%E8%8F%8A%E5%B1%AC%20&oid=3821254 HTTP/1.1" 200 3496
66.249.71.254 - - [19/Jun/2016:02:35:43 +0800] "GET /content/nav/relationSubject.jsp?relationWords=%E4%BF%9D%E5%AE%89%E8%AD%A6%E5%AF%9F+%E5%8B%95%E5%93%A1%E6%88%A1%E4%BA%82%E6%99%82%E6%9C%9F+%E5%8F%B8%E6%B3%95%E9%99%A2+%E5%90%88%E6%86%B2+%E5%9C%8B%E6%98%AF%E6%9C%83%E8%AD%B0+%E5%9C%B0%E6%96%B9%E5%88%B6%E5%BA%A6+%E5%9C%B0%E6%96%B9%E8%87%AA%E6%B2%BB+%E5%A4%A7%E6%B3%95%E5%AE%98%E6%9C%83%E8%AD%B0+%E6%86%B2%E6%B3%95+%E6%94%BF%E5%BA%9C%E7%B5%84%E7%B9%94+%E6%9C%83%E8%AD%B0%E7%B4%80%E9%8C%84+%E6%B0%91%E6%84%8F+%E6%B0%91%E6%84%8F%E6%A9%9F%E9%97%9C+%E6%B3%95%E5%88%B6%E5%8C%96+%E6%B3%95%E6%B2%BB+%E7%89%B9%E6%8F%90+%E7%9C%81%E6%94%BF%E5%BA%9C+%E7%9C%81%E8%AD%B0%E6%9C%83+%E7%AB%8B%E6%B3%95%E9%99%A2+%E7%B0%A1%E6%98%8E%E6%99%AF+%E8%87%BA%E7%81%A3%E5%9C%B0%E5%8D%80+%E8%87%BA%E7%81%A3%E7%9C%81+%E8%87%BA%E7%81%A3%E7%9C%81%E6%94%BF%E5%BA%9C+%E8%87%BA%E7%81%A3%E7%9C%81%E8%AD%B0%E6%9C%83+%E8%AD%B0%E9%95%B7+%E8%B2%A1%E6%94%BF%E9%A1%9E+&oid=1592732 HTTP/1.1" 200 6905
66.249.71.136 - - [19/Jun/2016:02:35:46 +0800] "GET /content/nav/relationSubject.jsp?relationWords=%E5%B7%A1%E6%8C%89%E5%BE%A1%E5%8F%B2+&oid=2517767 HTTP/1.1" 200 3126
66.249.71.136 - - [19/Jun/2016:02:35:48 +0800] "GET /content/nav/relationSubject.jsp?relationWords=%E5%B7%A1%E6%8C%89%E5%BE%A1%E5%8F%B2%20&oid=2517767 HTTP/1.1" 200 3126
66.249.71.199 - - [19/Jun/2016:02:36:01 +0800] "GET /digiarch3/content/nav/relationSubject.jsp?relationWords=%E5%A5%89%E8%AB%AD+&oid=2679446 HTTP/1.1" 200 3075
66.249.79.186 - - [19/Jun/2016:02:36:03 +0800] "GET /digiarch3/content/nav/relationSubject.jsp?relationWords=%E5%A5%89%E8%AB%AD%20&oid=2679446 HTTP/1.1" 200 3075
66.249.71.199 - - [19/Jun/2016:02:36:17 +0800] "GET /digiarch3/content/repository/resource_content.jsp?oid=2470694&queryType=qs&queryString=%E6%A5%8A%E9%9B%B2%E8%90%8D HTTP/1.1" 200 29615
66.249.71.194 - - [19/Jun/2016:02:37:08 +0800] "GET /content/repository/resource_content.jsp?oid=1462690&queryString=%E5%A4%A7%E8%91%89%E5%B1%B1%20%E5%A4%A7%E8%91%89%E5%B1%B1%E6%AC%96%20%E5%B1%B1%E6%AC%96%20%E6%8B%BC%E6%9D%BF%E8%88%9F%20%E9%81%94%E6%82%9F%20%E9%81%94%E6%82%9F%E6%97%8F HTTP/1.1" 200 31501
180.76.15.31 - - [19/Jun/2016:02:37:16 +0800] "GET /content/repository/resource_content.jsp?oid=14233&queryString=%E5%8F%B0%E7%81%A3%E9%AD%9A%E9%A1%9E%20%E6%B5%B7%E9%AE%AE%20%E7%92%B0%E4%BF%9D%20%E7%94%9F%E7%89%A9%E5%A4%9A%E6%A8%A3%E6%80%A7%20%E9%8C%A2%E9%B0%BB HTTP/1.1" 200 34390
66.249.79.186 - - [19/Jun/2016:02:37:22 +0800] "GET /digiarch3/content/nav/relationSubject.jsp?relationWords=&oid=2470694 HTTP/1.1" 200 1405
66.249.71.136 - - [19/Jun/2016:02:38:03 +0800] "GET /content/repository/resource_content.jsp?oid=1636814&queryString=%E5%B0%8F%E9%87%91%E5%89%9B%E8%A0%91%E8%9E%BA%20%E8%85%B9%E8%B6%B3%E7%B6%B1%20%E8%A0%91%E8%9E%BA%E7%A7%91%20%E8%BB%9F%E9%AB%94%E5%8B%95%E7%89%A9%E9%96%80 HTTP/1.1" 200 31451
61.62.165.170 - - [19/Jun/2016:02:38:04 +0800] "GET /content/subject/resource_content.jsp?oid=16777706 HTTP/1.1" 200 53891
61.62.165.170 - - [19/Jun/2016:02:38:05 +0800] "GET /content/nav/relationSubject.jsp?relationWords=%E5%A0%A1%E5%9C%96+&oid=16777706 HTTP/1.1" 200 2864
66.249.71.136 - - [19/Jun/2016:02:38:19 +0800] "GET /content/nav/relationSubject.jsp?relationWords=%E5%B0%8F%E9%87%91%E5%89%9B%E8%A0%91%E8%9E%BA+%E8%85%B9%E8%B6%B3%E7%B6%B1+%E8%A0%91%E8%9E%BA+%E8%A0%91%E8%9E%BA%E7%A7%91+&oid=1636814 HTTP/1.1" 200 3399
66.249.71.136 - - [19/Jun/2016:02:38:24 +0800] "GET /content/nav/relationSubject.jsp?relationWords=%E5%B0%8F%E9%87%91%E5%89%9B%E8%A0%91%E8%9E%BA%20%E8%85%B9%E8%B6%B3%E7%B6%B1%20%E8%A0%91%E8%9E%BA%20%E8%A0%91%E8%9E%BA%E7%A7%91%20&oid=1636814 HTTP/1.1" 200 3399
61.62.165.170 - - [19/Jun/2016:02:38:39 +0800] "GET /content/subject/resource_content.jsp?oid=16777706&queryType=qs&queryString=%E5%9C%B0%E5%BD%A2%E5%9C%96 HTTP/1.1" 200 53711
61.62.165.170 - - [19/Jun/2016:02:38:39 +0800] "GET /content/nav/relationSubject.jsp?relationWords=%E5%A0%A1%E5%9C%96+&oid=16777706 HTTP/1.1" 200 2864
66.249.71.136 - - [19/Jun/2016:02:38:58 +0800] "GET /content/repository/resource_content.jsp?oid=15294&queryString=%E7%83%8F%E5%B0%BE%E5%86%AC%20%E7%83%8F%E5%B0%BE%E5%86%AC%E4%BB%94%20%E8%8A%B1%E5%B0%BE HTTP/1.1" 200 35014
66.249.71.152 - - [19/Jun/2016:02:39:04 +0800] "GET /content/nav/relationSubject.jsp?relationWords=%E5%85%A7%E8%8B%B3%E5%AD%90+%E6%A4%8D%E7%89%A9%E7%95%8C+%E6%A8%9F%E5%B1%AC+%E6%A8%9F%E7%A7%91+%E9%87%A3%E6%A8%9F+%E9%87%A3%E6%A8%9F%E5%B1%AC+&oid=1104799 HTTP/1.1" 200 3349
173.252.74.111 - - [19/Jun/2016:02:39:04 +0800] "GET /content/subject/resource_content.jsp?oid=16777706 HTTP/1.1" 200 53891
69.171.228.120 - - [19/Jun/2016:02:39:07 +0800] "GET /content/subject/resource_content.jsp?oid=16777706 HTTP/1.1" 200 53891
69.171.228.118 - - [19/Jun/2016:02:39:08 +0800] "GET /content/subject/resource_content.jsp?oid=16777706 HTTP/1.1" 200 53891
66.249.71.159 - - [19/Jun/2016:02:39:10 +0800] "GET /content/nav/relationSubject.jsp?relationWords=%E5%85%A7%E8%8B%B3%E5%AD%90%20%E6%A4%8D%E7%89%A9%E7%95%8C%20%E6%A8%9F%E5%B1%AC%20%E6%A8%9F%E7%A7%91%20%E9%87%A3%E6%A8%9F%20%E9%87%A3%E6%A8%9F%E5%B1%AC%20&oid=1104799 HTTP/1.1" 200 3349
61.62.165.170 - - [19/Jun/2016:02:39:30 +0800] "GET /content/subject/resource_content.jsp?oid=16777706 HTTP/1.1" 200 53891
61.62.165.170 - - [19/Jun/2016:02:39:30 +0800] "GET /content/nav/relationSubject.jsp?relationWords=%E5%A0%A1%E5%9C%96+&oid=16777706 HTTP/1.1" 200 2864
66.249.71.248 - - [19/Jun/2016:02:39:39 +0800] "GET /content/nav/relationSubject.jsp?relationWords=%E7%AF%86%E5%8B%99+%E7%BD%B2%E7%AF%86+%E8%AC%9D%E5%BE%B7+&oid=2671023 HTTP/1.1" 200 3154
66.249.71.194 - - [19/Jun/2016:02:39:44 +0800] "GET /content/nav/relationSubject.jsp?relationWords=%E5%A4%A7%E8%91%89%E5%B1%B1+%E5%A4%A7%E8%91%89%E5%B1%B1%E8%9E%9E%E8%9D%97+%E5%B1%B1%E8%9E%9E%E8%9D%97+%E5%B1%B1%E8%9E%9E%E8%9D%97%E5%B1%AC+%E6%A4%8D%E7%89%A9%E7%95%8C+%E8%9E%9E%E8%9D%97+%E8%A0%B6%E8%B1%86+%E9%9B%99%E5%AD%90%E8%91%89+%E9%9B%99%E5%AD%90%E8%91%89%E6%A4%8D%E7%89%A9+&oid=1462690 HTTP/1.1" 200 5521
66.249.71.199 - - [19/Jun/2016:02:39:53 +0800] "GET /digiarch3/content/repository/resource_content.jsp?oid=14123&queryType=qs&queryString=%E5%AD%90%E5%AE%AE HTTP/1.1" 200 36281
66.249.71.136 - - [19/Jun/2016:02:39:57 +0800] "GET /digiarch_en/content/nav/relationSubject.jsp?relationWords=%E5%90%8F%E9%83%A8+%E6%97%97%E5%93%A1+&oid=2685266 HTTP/1.1" 200 3129
66.249.71.136 - - [19/Jun/2016:02:39:58 +0800] "GET /digiarch_en/content/nav/relationSubject.jsp?relationWords=%E5%90%8F%E9%83%A8%20%E6%97%97%E5%93%A1%20&oid=2685266 HTTP/1.1" 200 3129
66.249.71.199 - - [19/Jun/2016:02:40:07 +0800] "GET /content/nav/relationSubject.jsp?relationWords=%E4%BA%A4%E9%80%9A%E5%AE%89%E5%85%A8+%E5%A4%A9%E7%A5%A5+%E5%B1%B1%E8%83%9E+%E6%9F%8F%E6%B2%B9%E8%B7%AF%E9%9D%A2+%E6%A2%A8%E5%B1%B1+%E6%A9%AB%E8%B2%AB%E5%85%AC%E8%B7%AF+&oid=1571279 HTTP/1.1" 200 3653
66.249.79.200 - - [19/Jun/2016:02:40:08 +0800] "GET /content/nav/relationSubject.jsp?relationWords=%E5%9C%B0%E8%99%9F+%E5%B9%B2%E5%9F%8E+%E6%A8%99%E5%94%AE+%E7%9C%81%E6%94%BF%E5%BA%9C+%E8%87%BA%E4%B8%AD%E5%B8%82+%E8%87%BA%E7%81%A3%E7%9C%81%E6%94%BF%E5%BA%9C+&oid=1898286 HTTP/1.1" 200 4692
66.249.71.136 - - [19/Jun/2016:02:40:48 +0800] "GET /content/repository/resource_content.jsp?oid=1849747&queryType=qs&queryString=%E8%BB%8A%E9%A6%AC%E5%99%A8 HTTP/1.1" 200 30524
66.249.71.188 - - [19/Jun/2016:02:40:49 +0800] "GET /content/nav/relationSubject.jsp?relationWords=%E5%A4%A7%E8%91%89%E5%B1%B1%20%E5%A4%A7%E8%91%89%E5%B1%B1%E8%9E%9E%E8%9D%97%20%E5%B1%B1%E8%9E%9E%E8%9D%97%20%E5%B1%B1%E8%9E%9E%E8%9D%97%E5%B1%AC%20%E6%A4%8D%E7%89%A9%E7%95%8C%20%E8%9E%9E%E8%9D%97%20%E8%A0%B6%E8%B1%86%20%E9%9B%99%E5%AD%90%E8%91%89%20%E9%9B%99%E5%AD%90%E8%91%89%E6%A4%8D%E7%89%A9%20&oid=1462690 HTTP/1.1" 200 5521
66.249.71.199 - - [19/Jun/2016:02:40:51 +0800] "GET /digiarch3/content/repository/resource_content.jsp?oid=1567696&queryType=qs&queryString=%E6%9C%AC%E4%BD%8D%E4%B8%BB%E7%BE%A9 HTTP/1.1" 200 30766
66.249.66.170 - - [19/Jun/2016:02:40:58 +0800] "GET /content/subject/resource_content.jsp?oid=16777401&queryType=qc HTTP/1.1" 200 28840
66.249.71.136 - - [19/Jun/2016:02:41:03 +0800] "GET /content/nav/relationSubject.jsp?relationWords=&oid=2571433 HTTP/1.1" 200 1405
66.249.66.170 - - [19/Jun/2016:02:41:47 +0800] "GET /content/subject/resource_content.jsp?oid=16797296&queryType=qc HTTP/1.1" 200 54561
66.249.79.200 - - [19/Jun/2016:02:42:39 +0800] "GET /content/repository/resource_content.jsp?oid=1633828 HTTP/1.1" 200 28800
66.249.71.136 - - [19/Jun/2016:02:42:49 +0800] "GET /content/nav/relationSubject.jsp?relationWords=&oid=2568635 HTTP/1.1" 200 1405
66.249.79.200 - - [19/Jun/2016:02:43:17 +0800] "GET /content/nav/relationSubject.jsp?relationWords=%E5%B1%8F%E6%9D%B1%E5%B8%82+%E5%B1%8F%E6%9D%B1%E5%B8%82%E5%85%AC%E6%89%80+%E7%8E%8B%E6%B0%B8%E7%A6%8F+%E7%8E%8B%E7%91%9E%E7%8E%89+&oid=1521537 HTTP/1.1" 200 4825
66.249.71.136 - - [19/Jun/2016:02:43:34 +0800] "GET /content/repository/resource_content.jsp?oid=2152054&queryString=%E6%9D%BE%E5%B1%AC%20%E6%9D%BE%E6%9D%89%20%E6%A4%8D%E7%89%A9%E7%95%8C%20%E6%AF%AC%E6%9E%9C%20%E6%B0%B4%E6%9D%BE%20%E8%90%BD%E7%BE%BD%E6%9D%BE%20%E8%90%BD%E7%BE%BD%E6%9D%BE%E5%B1%AC HTTP/1.1" 200 31101
66.249.71.136 - - [19/Jun/2016:02:43:37 +0800] "GET /content/nav/relationSubject.jsp?relationWords=%E7%9C%81%E6%94%BF%E5%BA%9C+%E8%BB%8D%E7%9C%B7+&oid=1548616 HTTP/1.1" 200 4492
66.249.71.136 - - [19/Jun/2016:02:43:39 +0800] "GET /content/nav/relationSubject.jsp?relationWords=%E7%9C%81%E6%94%BF%E5%BA%9C%20%E8%BB%8D%E7%9C%B7%20&oid=1548616 HTTP/1.1" 200 4492
66.249.79.244 - - [19/Jun/2016:02:44:10 +0800] "GET /content/nav/relationSubject.jsp?relationWords=GIS%20&oid=16777728 HTTP/1.1" 200 2507
66.249.71.136 - - [19/Jun/2016:02:44:29 +0800] "GET /digiarch_en/content/repository/resource_content.jsp?oid=2147913&queryString=%E5%B0%8F%E8%91%89%E7%BE%85%E6%BC%A2%E6%9D%BE%20%E6%9D%BE%E6%9D%89%20%E6%9D%BE%E7%A7%91%20%E6%A4%8D%E7%89%A9%E7%95%8C%20%E6%AF%AC%E6%9E%9C%20%E7%BE%85%E6%BC%A2%E6%9D%BE%20%E7%BE%85%E6%BC%A2%E6%9D%BE%E5%B1%AC HTTP/1.1" 200 24195
66.249.71.136 - - [19/Jun/2016:02:45:06 +0800] "GET /content/nav/relationSubject.jsp?relationWords=%E8%BE%AD%E5%85%B8+&oid=3334372 HTTP/1.1" 200 2994
66.249.71.136 - - [19/Jun/2016:02:45:11 +0800] "GET /content/nav/relationSubject.jsp?relationWords=%E8%BE%AD%E5%85%B8%20&oid=3334372 HTTP/1.1" 200 2994
66.249.71.136 - - [19/Jun/2016:02:45:12 +0800] "GET /content/nav/relationSubject.jsp?relationWords=%E5%AE%97%E6%97%A8%E6%A1%88+%E6%89%80%E5%BE%97%E7%A8%85+%E6%89%B9%E7%99%BC%E5%B8%82%E5%A0%B4+%E6%97%A8%E6%A1%88+%E7%87%9F%E5%88%A9%E4%BA%8B%E6%A5%AD+%E7%87%9F%E6%A5%AD%E7%A8%85+%E8%87%BA%E7%81%A3%E7%9C%81+%E8%B3%A6%E8%AA%B2+&oid=1546824 HTTP/1.1" 200 4693
66.249.71.152 - - [19/Jun/2016:02:45:24 +0800] "GET /content/repository/resource_content.jsp?oid=1098435&queryString=%E7%8E%89%E5%B1%B1%E8%96%84%E9%9B%AA%E8%8D%89 HTTP/1.1" 200 31554
66.249.71.152 - - [19/Jun/2016:02:45:44 +0800] "GET /content/repository/resource_content.jsp?oid=4437603&queryString=%E7%86%B1%E5%B8%B6%E9%86%AB%E5%AD%B8 HTTP/1.1" 200 28738
66.249.71.136 - - [19/Jun/2016:02:46:00 +0800] "GET /content/nav/relationSubject.jsp?relationWords=%E5%BA%9C%E5%BB%BA%E6%B0%B4+%E6%B0%B4%E5%AD%97+%E7%9F%A5%E6%9C%AC%E6%BA%AA+%E7%BE%8E%E5%92%8C+&oid=1553313 HTTP/1.1" 200 3477
66.249.71.136 - - [19/Jun/2016:02:46:04 +0800] "GET /content/nav/relationSubject.jsp?relationWords=%E5%BA%9C%E5%BB%BA%E6%B0%B4%20%E6%B0%B4%E5%AD%97%20%E7%9F%A5%E6%9C%AC%E6%BA%AA%20%E7%BE%8E%E5%92%8C%20&oid=1553313 HTTP/1.1" 200 3477
66.249.71.254 - - [19/Jun/2016:02:46:04 +0800] "GET /content/nav/relationSubject.jsp?relationWords=%E4%B8%89%E9%BD%92%E4%BB%94+%E6%97%A5%E6%9C%AC%E5%A9%86%E4%BB%94+%E7%8B%90%E9%AF%9B+%E7%B4%85%E5%A8%98%E4%BB%94+%E9%9A%86%E9%A0%AD%E9%AD%9A%E7%A7%91+&oid=4354762 HTTP/1.1" 200 3681
66.249.71.254 - - [19/Jun/2016:02:46:06 +0800] "GET /content/nav/relationSubject.jsp?relationWords=%E4%B8%89%E9%BD%92%E4%BB%94%20%E6%97%A5%E6%9C%AC%E5%A9%86%E4%BB%94%20%E7%8B%90%E9%AF%9B%20%E7%B4%85%E5%A8%98%E4%BB%94%20%E9%9A%86%E9%A0%AD%E9%AD%9A%E7%A7%91%20&oid=4354762 HTTP/1.1" 200 3681
66.249.71.136 - - [19/Jun/2016:02:46:19 +0800] "GET /content/subject/resource_content.jsp?oid=16777618&queryType=qs&queryString=%E8%94%A1%E7%B4%A0%E5%A5%B3 HTTP/1.1" 200 47495
66.249.71.136 - - [19/Jun/2016:02:47:05 +0800] "GET /content/nav/relationSubject.jsp?relationWords=%E6%A4%8D%E7%89%A9%E7%95%8C+%E6%B0%B4%E9%BE%8D%E9%AA%A8+%E6%B0%B4%E9%BE%8D%E9%AA%A8%E7%A7%91+%E7%8E%89%E5%B1%B1%E8%8C%80%E8%95%A8+%E8%95%A8%E9%A1%9E%E6%A4%8D%E7%89%A9+&oid=3811366 HTTP/1.1" 200 3435
66.249.71.136 - - [19/Jun/2016:02:47:08 +0800] "GET /content/nav/relationSubject.jsp?relationWords=%E6%A4%8D%E7%89%A9%E7%95%8C%20%E6%B0%B4%E9%BE%8D%E9%AA%A8%20%E6%B0%B4%E9%BE%8D%E9%AA%A8%E7%A7%91%20%E7%8E%89%E5%B1%B1%E8%8C%80%E8%95%A8%20%E8%95%A8%E9%A1%9E%E6%A4%8D%E7%89%A9%20&oid=3811366 HTTP/1.1" 200 3435
66.249.71.136 - - [19/Jun/2016:02:47:24 +0800] "GET /content/subject/resource_content.jsp?oid=16777706&queryType=qc HTTP/1.1" 200 53891
66.249.71.199 - - [19/Jun/2016:02:47:52 +0800] "GET /digiarch3/content/nav/relationSubject.jsp?relationWords=%E5%8F%B0%E7%81%A3%E5%8E%9F%E4%BD%8F%E6%B0%91%20&oid=16797287 HTTP/1.1" 200 4742
66.249.79.244 - - [19/Jun/2016:02:48:10 +0800] "GET /content/subject/resource_content.jsp?oid=16777387&queryType=qc HTTP/1.1" 200 34454
66.249.71.152 - - [19/Jun/2016:02:48:10 +0800] "GET /content/nav/relationSubject.jsp?relationWords=%E5%88%BA%E9%AF%8A+%E5%8F%B0%E7%81%A3%E5%88%BA%E9%AF%8A+%E5%B0%96%E9%B0%AD%E9%AE%AB+%E6%A3%98%E6%B2%99+%E6%B2%99%E9%AD%9A+&oid=14147 HTTP/1.1" 200 3446
66.249.71.136 - - [19/Jun/2016:02:48:11 +0800] "GET /content/nav/relationSubject.jsp?relationWords=%E6%A4%8D%E7%89%A9%E7%95%8C+%E6%BE%A4%E8%98%AD%E5%B1%AC+%E7%94%B0%E4%BB%A3%E6%B0%8F%E6%BE%A4%E8%98%AD+%E8%8F%8A%E7%A7%91+%E9%9B%99%E5%AD%90%E8%91%89%E6%A4%8D%E7%89%A9+&oid=1098654 HTTP/1.1" 200 3460
66.249.71.136 - - [19/Jun/2016:02:48:14 +0800] "GET /content/nav/relationSubject.jsp?relationWords=%E6%A4%8D%E7%89%A9%E7%95%8C%20%E6%BE%A4%E8%98%AD%E5%B1%AC%20%E7%94%B0%E4%BB%A3%E6%B0%8F%E6%BE%A4%E8%98%AD%20%E8%8F%8A%E7%A7%91%20%E9%9B%99%E5%AD%90%E8%91%89%E6%A4%8D%E7%89%A9%20&oid=1098654 HTTP/1.1" 200 3460
66.249.71.136 - - [19/Jun/2016:02:49:20 +0800] "GET /content/nav/relationSubject.jsp?relationWords=%E9%B6%B4%E9%BA%97+%E9%B6%B4%E9%BA%97%E9%8E%AE+&oid=2678851 HTTP/1.1" 200 3020
66.249.71.136 - - [19/Jun/2016:02:49:22 +0800] "GET /content/nav/relationSubject.jsp?relationWords=%E9%B6%B4%E9%BA%97%20%E9%B6%B4%E9%BA%97%E9%8E%AE%20&oid=2678851 HTTP/1.1" 200 3020
66.249.71.136 - - [19/Jun/2016:02:49:38 +0800] "GET /content/nav/relationSubject.jsp?relationWords=%E6%9F%BF%E5%AF%84%E7%94%9F+%E6%A1%91%E5%AF%84%E7%94%9F+%E6%A4%8D%E7%89%A9%E7%95%8C+%E6%A7%B2%E5%AF%84%E7%94%9F%E5%B1%AC+&oid=2150472 HTTP/1.1" 200 3339
66.249.71.136 - - [19/Jun/2016:02:49:40 +0800] "GET /content/nav/relationSubject.jsp?relationWords=%E6%9F%BF%E5%AF%84%E7%94%9F%20%E6%A1%91%E5%AF%84%E7%94%9F%20%E6%A4%8D%E7%89%A9%E7%95%8C%20%E6%A7%B2%E5%AF%84%E7%94%9F%E5%B1%AC%20&oid=2150472 HTTP/1.1" 200 3339
216.16.180.193 - - [19/Jun/2016:02:49:43 +0800] "GET /content/repository/resource_content.jsp?oid=1113867&queryString=%E6%A4%8D%E7%89%A9%E7%95%8C%20%E8%8C%AF%E8%8B%93%E8%8F%9C%20%E8%8F%8A%E7%A7%91%20%E9%9B%99%E5%AD%90%E8%91%89%E6%A4%8D%E7%89%A9%20%E9%AD%9A%E7%9C%BC%E8%8D%89%E5%B1%AC HTTP/1.1" 200 31850
68.180.230.157 - - [19/Jun/2016:02:49:51 +0800] "GET /digiarch_en/content/pictures/picture_content.jsp?oid=33554807 HTTP/1.1" 200 21913
66.249.79.200 - - [19/Jun/2016:02:50:00 +0800] "GET /content/subject/resource_content.jsp?oid=16777364&queryString=%E9%BB%83%E6%A7%90 HTTP/1.1" 200 35063
216.16.180.193 - - [19/Jun/2016:02:50:07 +0800] "GET /content/nav/relationSubject.jsp?relationWords=%E6%A4%8D%E7%89%A9%E7%95%8C+%E8%8C%AF%E8%8B%93+%E8%8C%AF%E8%8B%93%E8%8F%9C+%E8%8F%8A%E7%A7%91+%E9%9B%99%E5%AD%90%E8%91%89+%E9%9B%99%E5%AD%90%E8%91%89%E6%A4%8D%E7%89%A9+%E9%AD%9A%E7%9C%BC%E8%8D%89+%E9%AD%9A%E7%9C%BC%E8%8D%89%E5%B1%AC+&oid=1113867 HTTP/1.1" 200 3555
207.46.13.108 - - [19/Jun/2016:02:50:30 +0800] "GET /content/subject/resource_content.jsp?oid=16777594 HTTP/1.1" 200 40441
66.249.71.242 - - [19/Jun/2016:02:50:37 +0800] "GET /content/repository/resource_content.jsp?oid=4352388&queryType=qs&queryString=%E5%A4%AA%E5%B9%B3%E5%B3%B6 HTTP/1.1" 200 33522
66.249.71.152 - - [19/Jun/2016:02:50:54 +0800] "GET /content/subject/resource_content.jsp?oid=16777270&queryType=qc HTTP/1.1" 200 33845
118.163.108.103 - - [19/Jun/2016:02:51:00 +0800] "GET /content/repository/resource_content.jsp?oid=3812660&queryString=%E6%9C%A8%E8%8D%B7%20%E6%9C%A8%E8%8D%B7%E5%B1%AC HTTP/1.1" 200 31151
118.163.108.103 - - [19/Jun/2016:02:51:01 +0800] "GET /content/nav/relationSubject.jsp?relationWords=%E6%9C%A8%E8%8D%B7+%E6%9C%A8%E8%8D%B7%E5%B1%AC+%E6%A4%8D%E7%89%A9%E7%95%8C+%E6%B8%AF%E5%8F%A3%E6%9C%A8%E8%8D%B7+&oid=3812660 HTTP/1.1" 200 3215
66.249.71.254 - - [19/Jun/2016:02:51:21 +0800] "GET /content/nav/relationSubject.jsp?relationWords=%E5%90%88%E9%B0%93%E9%AD%9A%E7%A7%91+%E9%B1%94%E9%AD%9A+%E9%BB%83%E9%B1%94+&oid=4353905 HTTP/1.1" 200 3264
66.249.71.242 - - [19/Jun/2016:02:51:25 +0800] "GET /content/nav/relationSubject.jsp?relationWords=%E5%90%88%E9%B0%93%E9%AD%9A%E7%A7%91%20%E9%B1%94%E9%AD%9A%20%E9%BB%83%E9%B1%94%20&oid=4353905 HTTP/1.1" 200 3264
101.226.167.228 - - [19/Jun/2016:02:52:13 +0800] "GET /content/pictures/picture_content.jsp?oid=33554799 HTTP/1.1" 200 27635
66.249.71.136 - - [19/Jun/2016:02:52:36 +0800] "GET /content/nav/relationSubject.jsp?relationWords=%E6%A4%8D%E7%89%A9%E7%95%8C+%E7%85%89%E8%8E%A2%E8%B1%86+%E7%85%89%E8%8E%A2%E8%B1%86%E5%B1%AC+%E7%9A%BA%E6%9E%9C%E7%85%89%E8%8E%A2%E8%B1%86+%E8%8E%A2%E8%B1%86+%E8%A0%B6%E8%B1%86+%E9%9B%99%E5%AD%90%E8%91%89+%E9%9B%99%E5%AD%90%E8%91%89%E6%A4%8D%E7%89%A9+&oid=2147437 HTTP/1.1" 200 3553
66.249.79.244 - - [19/Jun/2016:02:52:37 +0800] "GET /content/nav/relationSubject.jsp?relationWords=&oid=1849926 HTTP/1.1" 200 1405
66.249.79.200 - - [19/Jun/2016:02:52:39 +0800] "GET /content/nav/relationSubject.jsp?relationWords=%E6%A4%8D%E7%89%A9%E7%95%8C%20%E7%85%89%E8%8E%A2%E8%B1%86%20%E7%85%89%E8%8E%A2%E8%B1%86%E5%B1%AC%20%E7%9A%BA%E6%9E%9C%E7%85%89%E8%8E%A2%E8%B1%86%20%E8%8E%A2%E8%B1%86%20%E8%A0%B6%E8%B1%86%20%E9%9B%99%E5%AD%90%E8%91%89%20%E9%9B%99%E5%AD%90%E8%91%89%E6%A4%8D%E7%89%A9%20&oid=2147437 HTTP/1.1" 200 3553
66.249.71.199 - - [19/Jun/2016:02:52:45 +0800] "GET /digiarch3/content/subject/resource_content.jsp?oid=16777332&queryType=qc HTTP/1.1" 200 32788
66.249.71.136 - - [19/Jun/2016:02:52:56 +0800] "GET /content/nav/relationSubject.jsp?relationWords=%E5%B7%B4%E5%89%87%E6%B5%B7%E6%97%8F+%E5%B7%B4%E5%AE%B0%E6%97%8F+%E6%BC%A2%E5%8C%96+&oid=1778211 HTTP/1.1" 200 3054
66.249.71.136 - - [19/Jun/2016:02:53:30 +0800] "GET /content/nav/relationSubject.jsp?relationWords=%E9%AA%A8%E7%AE%AD%E9%A0%AD+&oid=1858425 HTTP/1.1" 200 2990
66.249.79.200 - - [19/Jun/2016:02:53:34 +0800] "GET /content/nav/relationSubject.jsp?relationWords=%E9%AA%A8%E7%AE%AD%E9%A0%AD%20&oid=1858425 HTTP/1.1" 200 2990
66.249.71.136 - - [19/Jun/2016:02:53:40 +0800] "GET /content/subject/resource_content.jsp?oid=16777345&queryString=%E5%8D%97%E6%B9%96%E5%A4%A7%E5%B1%B1%20%E6%9D%9C%E9%B5%91%20%E7%8E%89%E5%B1%B1%E6%9D%9C%E9%B5%91%20%E7%B4%B0%E8%91%89%E6%9D%9C%E9%B5%91%20%E8%A5%BF%E6%96%BD%E8%8A%B1 HTTP/1.1" 200 35145
180.76.15.163 - - [19/Jun/2016:02:54:13 +0800] "GET /content/repository/resource_content.jsp?oid=1108563 HTTP/1.1" 200 31129
68.180.230.157 - - [19/Jun/2016:02:54:41 +0800] "GET /digiarch_en/content/subject/resource_content.jsp?oid=16777361&queryType=qc HTTP/1.1" 200 26213
66.249.71.152 - - [19/Jun/2016:02:54:45 +0800] "GET /content/nav/relationSubject.jsp?relationWords=%E9%9D%92%E5%89%9B%E6%AB%9F+&oid=16777396 HTTP/1.1" 200 4000
66.249.79.200 - - [19/Jun/2016:02:55:30 +0800] "GET /content/repository/resource_content.jsp?oid=14228&queryString=%E5%A4%A7%E9%A0%AD%E8%9A%93%E9%B0%BB%20%E8%9A%93%E9%B0%BB%20%E9%B0%BB%E7%A7%91 HTTP/1.1" 200 33252
66.249.71.152 - - [19/Jun/2016:02:55:31 +0800] "GET /content/subject/resource_content.jsp?oid=16777484&queryType=qc HTTP/1.1" 200 72157
66.249.71.159 - - [19/Jun/2016:02:55:34 +0800] "GET /content/nav/relationSubject.jsp?relationWords=%E9%9B%9E%E4%BB%94%E9%AD%9A+&oid=1081605 HTTP/1.1" 200 3399
66.249.71.136 - - [19/Jun/2016:02:56:14 +0800] "GET /content/nav/relationSubject.jsp?relationWords=%E6%A4%8D%E7%89%A9%E7%95%8C+%E7%88%B5%E5%BA%8A+%E7%88%B5%E5%BA%8A%E7%A7%91+%E7%8E%84%E5%8F%83+%E8%87%BA%E7%81%A3%E9%A6%AC%E8%97%8D+%E9%A6%AC%E8%97%8D+%E9%A6%AC%E8%97%8D%E5%B1%AC+&oid=1108318 HTTP/1.1" 200 3509
66.249.71.194 - - [19/Jun/2016:02:56:15 +0800] "GET /content/nav/relationSubject.jsp?relationWords=%E9%8A%85%E5%AE%B9%E5%99%A8%E6%AE%98%E7%89%87+&oid=1852466 HTTP/1.1" 200 3044
66.249.71.194 - - [19/Jun/2016:02:56:19 +0800] "GET /content/nav/relationSubject.jsp?relationWords=%E9%8A%85%E5%AE%B9%E5%99%A8%E6%AE%98%E7%89%87%20&oid=1852466 HTTP/1.1" 200 3044
66.249.71.159 - - [19/Jun/2016:02:56:25 +0800] "GET /content/repository/resource_content.jsp?oid=15712&queryType=qs&queryString=%E9%9A%86%E9%A0%AD%E9%AD%9A%E7%A7%91 HTTP/1.1" 200 36762
66.249.71.136 - - [19/Jun/2016:02:56:26 +0800] "GET /content/nav/relationSubject.jsp?relationWords=%E6%A4%8D%E7%89%A9%E7%95%8C%20%E7%88%B5%E5%BA%8A%20%E7%88%B5%E5%BA%8A%E7%A7%91%20%E7%8E%84%E5%8F%83%20%E8%87%BA%E7%81%A3%E9%A6%AC%E8%97%8D%20%E9%A6%AC%E8%97%8D%20%E9%A6%AC%E8%97%8D%E5%B1%AC%20&oid=1108318 HTTP/1.1" 200 3509
66.249.79.186 - - [19/Jun/2016:02:56:45 +0800] "GET /content/nav/relationSubject.jsp?relationWords=%E9%90%B5%E8%A7%92%E8%95%A8+&oid=33554636 HTTP/1.1" 200 3188
66.249.79.186 - - [19/Jun/2016:02:56:50 +0800] "GET /content/nav/relationSubject.jsp?relationWords=%E9%90%B5%E8%A7%92%E8%95%A8%20&oid=33554636 HTTP/1.1" 200 3188
207.46.13.69 - - [19/Jun/2016:02:56:57 +0800] "GET /content/repository/resource_content.jsp?oid=1114952&querytype=qs&querystring=???????????? HTTP/1.1" 200 31581
66.249.79.200 - - [19/Jun/2016:02:57:21 +0800] "GET /content/repository/resource_content.jsp?oid=15416&queryString=%E8%B5%A4%E9%BB%83%E9%87%91%E7%B7%9A%E9%AD%9A%20%E9%87%91%E7%B7%9A%E9%AD%9A%E7%A7%91%20%E9%87%91%E7%B7%9A%E9%B0%B1 HTTP/1.1" 200 35433
66.249.71.152 - - [19/Jun/2016:02:58:15 +0800] "GET /content/repository/resource_content.jsp?oid=1533154&queryString=%E5%B7%A5%E5%8F%8B%20%E6%A9%9F%E6%A2%B0 HTTP/1.1" 200 29627
51.255.65.86 - - [19/Jun/2016:02:58:20 +0800] "GET /content/subject/resource_content.jsp?oid=16777344&queryType=qc HTTP/1.1" 200 47654
66.249.71.136 - - [19/Jun/2016:02:58:31 +0800] "GET /content/nav/relationSubject.jsp?relationWords=%E5%B7%9D%E7%B4%8B%E8%9D%B4%E8%9D%B6%E9%AD%9A+%E8%9D%B4%E8%9D%B6%E9%AD%9A+&oid=33554802 HTTP/1.1" 200 3404
66.249.71.136 - - [19/Jun/2016:02:58:38 +0800] "GET /content/nav/relationSubject.jsp?relationWords=%E5%B7%9D%E7%B4%8B%E8%9D%B4%E8%9D%B6%E9%AD%9A%20%E8%9D%B4%E8%9D%B6%E9%AD%9A%20&oid=33554802 HTTP/1.1" 200 3404
66.249.71.136 - - [19/Jun/2016:02:59:10 +0800] "GET /content/subject/resource_content.jsp?oid=16777288&queryString= HTTP/1.1" 200 43948
66.249.71.136 - - [19/Jun/2016:02:59:37 +0800] "GET /content/nav/relationSubject.jsp?relationWords=%E6%9D%8F%E5%A3%87%20%E6%9D%8F%E5%A3%87%E8%8A%AC%E8%8A%B3%E9%8C%84%20%E8%AA%98%E5%A7%A6%20&oid=1595051 HTTP/1.1" 200 3267
66.249.71.199 - - [19/Jun/2016:03:00:06 +0800] "GET /digiarch3/content/pictures/picture_content.jsp?oid=33554774&classify=2562 HTTP/1.1" 200 27690
36.228.128.66 - - [19/Jun/2016:03:00:22 +0800] "GET /content/subject/resource_content.jsp?oid=16797293&queryType=qc HTTP/1.1" 200 46243
36.228.128.66 - - [19/Jun/2016:03:00:22 +0800] "GET /content/nav/relationSubject.jsp?relationWords=%E5%B0%8F%E5%90%83+&oid=16797293 HTTP/1.1" 200 3156
66.249.71.136 - - [19/Jun/2016:03:00:23 +0800] "GET /content/repository/resource_content.jsp?oid=1894324&queryString=%E9%99%B3%E9%80%B2 HTTP/1.1" 200 28814
66.249.71.136 - - [19/Jun/2016:03:00:25 +0800] "GET /content/nav/relationSubject.jsp?relationWords=%E6%97%A9%E7%86%9F%E7%A6%BE%E5%B1%AC+%E6%A4%8D%E7%89%A9%E7%95%8C+%E7%99%BD%E9%A0%82%E6%97%A9%E7%86%9F%E7%A6%BE+%E7%A6%BE%E6%9C%AC%E7%A7%91+%E8%8E%8E%E8%8D%89+&oid=3814074 HTTP/1.1" 200 3368
66.249.71.136 - - [19/Jun/2016:03:00:31 +0800] "GET /content/nav/relationSubject.jsp?relationWords=%E6%97%A9%E7%86%9F%E7%A6%BE%E5%B1%AC%20%E6%A4%8D%E7%89%A9%E7%95%8C%20%E7%99%BD%E9%A0%82%E6%97%A9%E7%86%9F%E7%A6%BE%20%E7%A6%BE%E6%9C%AC%E7%A7%91%20%E8%8E%8E%E8%8D%89%20&oid=3814074 HTTP/1.1" 200 3368
66.249.71.159 - - [19/Jun/2016:03:01:00 +0800] "GET /content/subject/resource_content.jsp?oid=16777448&queryType=qc HTTP/1.1" 200 34545
66.249.71.136 - - [19/Jun/2016:03:01:22 +0800] "GET /content/nav/relationSubject.jsp?relationWords=%E4%B8%83%E8%B3%A2+%E5%85%AC%E8%B7%AF%E5%B1%80+%E5%93%A1%E5%B7%A5%E5%AE%BF%E8%88%8D+%E6%89%80%E6%9C%89%E6%AC%8A+%E6%89%80%E6%9C%89%E6%AC%8A%E4%BA%BA+%E7%81%A3%E7%9C%81%E6%94%BF%E5%BA%9C+%E7%9C%81%E6%94%BF%E5%BA%9C+%E8%87%BA%E7%81%A3%E7%9C%81+%E8%87%BA%E7%81%A3%E7%9C%81%E6%94%BF%E5%BA%9C+%E9%AB%98%E9%9B%84%E5%B8%82+&oid=1897836 HTTP/1.1" 200 4967
66.249.79.200 - - [19/Jun/2016:03:01:27 +0800] "GET /content/nav/relationSubject.jsp?relationWords=%E4%B8%83%E8%B3%A2%20%E5%85%AC%E8%B7%AF%E5%B1%80%20%E5%93%A1%E5%B7%A5%E5%AE%BF%E8%88%8D%20%E6%89%80%E6%9C%89%E6%AC%8A%20%E6%89%80%E6%9C%89%E6%AC%8A%E4%BA%BA%20%E7%81%A3%E7%9C%81%E6%94%BF%E5%BA%9C%20%E7%9C%81%E6%94%BF%E5%BA%9C%20%E8%87%BA%E7%81%A3%E7%9C%81%20%E8%87%BA%E7%81%A3%E7%9C%81%E6%94%BF%E5%BA%9C%20%E9%AB%98%E9%9B%84%E5%B8%82%20&oid=1897836 HTTP/1.1" 200 4967
66.249.79.148 - - [19/Jun/2016:03:01:53 +0800] "GET /content/nav/relationSubject.jsp?relationWords=%E6%B2%99%E6%AF%9B+%E6%B5%B7%E5%9C%9F%E8%99%B1+%E7%B7%9A%E7%B4%8B+%E7%B7%9A%E7%B4%8B%E9%B0%BB%E9%AF%B0+%E9%B0%BB%E9%AF%B0+%E9%B0%BB%E9%AF%B0%E7%A7%91+&oid=4353875 HTTP/1.1" 200 3576
66.249.71.152 - - [19/Jun/2016:03:01:55 +0800] "GET /content/nav/relationSubject.jsp?relationWords=&oid=16777385 HTTP/1.1" 200 1405
66.249.79.200 - - [19/Jun/2016:03:01:56 +0800] "GET /digiarch_en/content/repository/resource_content.jsp?oid=4362890&queryString=%E4%BF%9D%E7%94%9F%E5%A4%A7%E5%B8%9D%20%E5%B9%B3%E5%AE%89%E7%AC%A6 HTTP/1.1" 200 24788
66.249.79.148 - - [19/Jun/2016:03:01:57 +0800] "GET /content/nav/relationSubject.jsp?relationWords=%E6%B2%99%E6%AF%9B%20%E6%B5%B7%E5%9C%9F%E8%99%B1%20%E7%B7%9A%E7%B4%8B%20%E7%B7%9A%E7%B4%8B%E9%B0%BB%E9%AF%B0%20%E9%B0%BB%E9%AF%B0%20%E9%B0%BB%E9%AF%B0%E7%A7%91%20&oid=4353875 HTTP/1.1" 200 3576
66.249.71.136 - - [19/Jun/2016:03:02:04 +0800] "GET /content/nav/relationSubject.jsp?relationWords=%E5%B7%A8%E9%8A%80%E6%96%A7%E9%AD%9A+%E6%96%A7%E9%AD%9A+%E6%B5%B7%E6%B4%8B%E6%96%A7%E9%AD%9A+%E8%A4%B6%E8%83%B8%E9%AD%9A+%E9%8A%80%E6%96%A7+&oid=1081406 HTTP/1.1" 200 3588
101.15.224.190 - - [19/Jun/2016:03:02:41 +0800] "GET /digiarch3/content/repository/resource_content.jsp?oid=15250&queryString=%E5%9B%9B%E5%B8%B6%E7%9F%B3%E9%B1%B8%20%E5%B2%B8%E4%B8%8A%E6%B0%8F%E9%AB%AD%E9%AF%9B%20%E6%89%93%E9%90%B5%E5%A9%86%20%E7%9F%B3%E9%B1%B8%20%E7%B8%B1%E5%B8%B6%20%E7%B8%B1%E5%B8%B6%E9%AB%AD%E9%AF%9B%20%E9%AB%AD%E9%AF%9B HTTP/1.1" 200 34384
66.249.71.136 - - [19/Jun/2016:03:02:51 +0800] "GET /content/repository/resource_content.jsp?oid=14965&queryString=%E6%A7%8D%E9%A0%AD%E7%9F%B3%E6%96%91%E9%AD%9A%20%E9%81%8E%E9%AD%9A%20%E9%9E%8D%E5%B8%B6%E7%9F%B3%E6%96%91%E9%AD%9A%20%E9%AE%A8%E7%A7%91%20%E9%BE%8D%E8%86%BD%E7%9F%B3%E6%96%91 HTTP/1.1" 200 34737
66.249.71.136 - - [19/Jun/2016:03:03:03 +0800] "GET /content/nav/relationSubject.jsp?relationWords=%E6%A1%91%E5%AF%84%E7%94%9F+%E6%A1%91%E5%AF%84%E7%94%9F%E5%B1%AC+%E6%A4%8D%E7%89%A9%E7%95%8C+%E9%AB%98%E6%B0%8F%E6%A1%91%E5%AF%84%E7%94%9F+&oid=2150456 HTTP/1.1" 200 3418
66.249.71.136 - - [19/Jun/2016:03:03:03 +0800] "GET /content/nav/relationSubject.jsp?relationWords=%E9%BB%83%E6%A7%90+&oid=16777364 HTTP/1.1" 200 2681
66.249.71.136 - - [19/Jun/2016:03:03:04 +0800] "GET /content/nav/relationSubject.jsp?relationWords=%E6%A1%91%E5%AF%84%E7%94%9F%20%E6%A1%91%E5%AF%84%E7%94%9F%E5%B1%AC%20%E6%A4%8D%E7%89%A9%E7%95%8C%20%E9%AB%98%E6%B0%8F%E6%A1%91%E5%AF%84%E7%94%9F%20&oid=2150456 HTTP/1.1" 200 3418
66.249.71.166 - - [19/Jun/2016:03:03:46 +0800] "GET /content/repository/resource_content.jsp?oid=1530058&queryString=%E5%BE%8C%E5%A3%81%E6%B9%96%20%E7%9C%81%E6%94%BF%E5%BA%9C HTTP/1.1" 200 31389
66.249.71.129 - - [19/Jun/2016:03:04:17 +0800] "GET /content/nav/relationSubject.jsp?relationWords=%E4%B8%AD%E5%AD%B8%E6%95%99%E8%82%B2+%E4%BA%BA%E4%BA%8B%E5%88%B6%E5%BA%A6+%E5%85%AC%E7%AB%8B%E5%AD%B8%E6%A0%A1+%E5%88%9D%E4%B8%AD+%E5%8B%9D%E8%B2%A0+%E5%9C%8B%E6%A0%A1+%E5%9C%8B%E6%A0%A1%E6%95%99%E5%B8%AB+%E5%9C%8B%E6%B0%91%E6%95%99%E8%82%B2+%E5%9C%B0%E6%96%B9%E6%B4%BE%E7%B3%BB+%E5%A2%9E%E5%BB%BA+%E5%A4%96%E8%B3%BC+%E5%AD%B8%E5%88%B6+%E5%AD%B8%E6%A0%A1%E6%95%99%E8%82%B2+%E5%B0%88%E7%A7%91+%E5%B8%AB%E7%AF%84%E5%AD%B8%E6%A0%A1+%E5%B8%AB%E7%AF%84%E6%95%99%E8%82%B2+%E6%95%99%E6%9D%90+%E6%95%99%E8%82%B2%E4%BA%BA%E5%93%A1+%E6%95%99%E8%82%B2%E5%88%B6%E5%BA%A6+%E6%95%99%E8%82%B2%E5%BB%B3+%E6%95%99%E8%82%B2%E8%A1%8C%E6%94%BF+%E6%95%99%E8%82%B2%E8%A8%AD%E6%96%BD+%E6%97%A5%E6%93%9A%E6%99%82%E6%9C%9F+%E6%A8%99%E6%BA%96%E5%8C%96+%E7%95%A2%E6%A5%AD%E7%94%9F+%E7%9A%87%E6%B0%91+%E7%9B%AE%E6%A8%99+%E7%A4%BE%E6%9C%83%E6%95%99%E8%82%B2+%E7%A7%81%E7%AB%8B%E5%AD%B8%E6%A0%A1+%E7%A7%91%E5%AD%B8%E6%95%99%E8%82%B2+%E7%BE%A9%E5%8B%99%E6%95%99%E8%82%B2+%E8%80%83%E9%81%B8%E9%83%A8+%E8%81%B7%E6%A5%AD%E5%AD%B8%E6%A0%A1+%E8%81%B7%E6%A5%AD%E6%95%99%E8%82%B2+%E8%A1%8C%E6%94%BF%E6%A9%9F%E9%97%9C+%E8%A6%96%E8%81%BD%E6%95%99%E8%82%B2+%E8%AA%B2%E7%A8%8B%E6%A8%99%E6%BA%96+%E9%80%B2%E4%BF%AE+%E9%AB%94%E8%82%B2+%E9%AB%94%E8%82%B2%E5%A0%B4+%E9%AB%98%E7%AD%89%E6%95%99%E8%82%B2+&oid=1546237 HTTP/1.1" 200 6779
66.249.71.136 - - [19/Jun/2016:03:04:36 +0800] "GET /content/nav/relationSubject.jsp?relationWords=%E5%8D%9C%E8%BE%AD+%E5%8D%9C%E8%BE%AD%E6%AE%98%E7%89%87+%E6%AE%98%E7%89%87+%E9%BE%9C%E7%94%B2+%E9%BE%9C%E7%94%B2%E5%8D%9C%E8%BE%AD+%E9%BE%9C%E7%94%B2%E5%8D%9C%E8%BE%AD%E6%AE%98%E7%89%87+&oid=1876190 HTTP/1.1" 200 3389
66.249.71.152 - - [19/Jun/2016:03:04:41 +0800] "GET /content/repository/resource_content.jsp?oid=4362770&queryType=qs&queryString=%E6%99%AE%E9%99%80%E5%B1%B1 HTTP/1.1" 200 34240
66.249.71.136 - - [19/Jun/2016:03:04:42 +0800] "GET /content/nav/relationSubject.jsp?relationWords=%E5%8D%9C%E8%BE%AD%20%E5%8D%9C%E8%BE%AD%E6%AE%98%E7%89%87%20%E6%AE%98%E7%89%87%20%E9%BE%9C%E7%94%B2%20%E9%BE%9C%E7%94%B2%E5%8D%9C%E8%BE%AD%20%E9%BE%9C%E7%94%B2%E5%8D%9C%E8%BE%AD%E6%AE%98%E7%89%87%20&oid=1876190 HTTP/1.1" 200 3389
66.249.71.166 - - [19/Jun/2016:03:05:17 +0800] "GET /content/repository/resource_content.jsp?oid=15092&queryString=%E7%8B%97%E6%97%97%E4%BB%94%20%E8%89%BE%E6%B0%8F HTTP/1.1" 200 33965
66.249.71.136 - - [19/Jun/2016:03:05:35 +0800] "GET /content/nav/relationSubject.jsp?relationWords=%E6%87%B8%E9%89%A4%E5%AD%90%E5%B1%AC+%E6%A3%95%E7%B4%85%E6%87%B8%E9%89%A4%E5%AD%90+%E6%A4%8D%E7%89%A9%E7%95%8C+%E8%96%94%E8%96%87%E7%9B%AE+%E8%96%94%E8%96%87%E7%A7%91+&oid=3825781 HTTP/1.1" 200 3375
66.249.71.248 - - [19/Jun/2016:03:05:37 +0800] "GET /content/repository/resource_content.jsp?oid=523821&queryString=apple%20%E4%B8%AD%E8%85%B9%E8%B6%B3%E7%9B%AE%20%E5%9C%93%E7%94%B0%E8%9E%BA%20%E7%94%B0%E8%9E%BA%20%E7%94%B0%E8%9E%BA%E7%A7%91%20%E8%85%B9%E8%B6%B3%E7%B6%B1 HTTP/1.1" 200 34734
66.249.71.242 - - [19/Jun/2016:03:05:56 +0800] "GET /content/nav/relationSubject.jsp?relationWords=%E4%B8%AD%E8%85%B9+%E4%B8%AD%E8%85%B9%E8%B6%B3%E7%9B%AE+%E7%94%B0%E8%9E%BA+%E7%94%B0%E8%9E%BA%E7%A7%91+%E7%9F%B3%E7%94%B0+%E7%9F%B3%E7%94%B0%E8%9E%BA+%E7%9F%B3%E7%94%B0%E8%9E%BA%E5%B1%AC+%E8%85%B9%E8%B6%B3%E7%B6%B1+&oid=523821 HTTP/1.1" 200 3697
66.249.71.242 - - [19/Jun/2016:03:06:02 +0800] "GET /content/nav/relationSubject.jsp?relationWords=%E4%B8%AD%E8%85%B9%20%E4%B8%AD%E8%85%B9%E8%B6%B3%E7%9B%AE%20%E7%94%B0%E8%9E%BA%20%E7%94%B0%E8%9E%BA%E7%A7%91%20%E7%9F%B3%E7%94%B0%20%E7%9F%B3%E7%94%B0%E8%9E%BA%20%E7%9F%B3%E7%94%B0%E8%9E%BA%E5%B1%AC%20%E8%85%B9%E8%B6%B3%E7%B6%B1%20&oid=523821 HTTP/1.1" 200 3697
68.180.230.157 - - [19/Jun/2016:03:06:09 +0800] "GET /content/subject/resource_content.jsp?oid=16777614&queryType=qc HTTP/1.1" 200 49075
66.249.71.136 - - [19/Jun/2016:03:06:31 +0800] "GET /content/repository/resource_content.jsp?oid=2571089&queryString=%E4%BA%94%E4%B8%80%E4%BA%8C%20%E6%88%BF%E5%B1%8B%E7%A8%85%20%E8%A3%95%E6%B0%91%20%E8%B2%A1%E7%A8%85 HTTP/1.1" 200 30298
68.180.230.157 - - [19/Jun/2016:03:06:48 +0800] "GET /content/tmp_exh/resource_content.jsp?oid=16777826&queryType=qc HTTP/1.1" 200 30918
66.249.71.159 - - [19/Jun/2016:03:07:13 +0800] "GET /content/nav/relationSubject.jsp?relationWords=&oid=4363179 HTTP/1.1" 200 1405
66.249.71.136 - - [19/Jun/2016:03:07:16 +0800] "GET /content/nav/relationSubject.jsp?relationWords=%E5%8B%9E%E5%B7%A5%E8%99%95%20%E5%8D%97%E8%BF%B4%E9%90%B5%E8%B7%AF%20%E8%B3%AA%E8%A9%A2%20&oid=1608211 HTTP/1.1" 200 4027
66.249.71.152 - - [19/Jun/2016:03:07:26 +0800] "GET /content/repository/resource_content.jsp?oid=1559926&queryType=qs&queryString=%E5%BE%8C%E5%A3%81%E6%B9%96 HTTP/1.1" 200 29060
66.249.71.136 - - [19/Jun/2016:03:07:36 +0800] "GET /content/nav/relationSubject.jsp?relationWords=%E5%B7%A5%E9%83%A8+%E6%9D%B1%E9%99%B5+&oid=2681420 HTTP/1.1" 200 3103
66.249.71.136 - - [19/Jun/2016:03:07:45 +0800] "GET /content/nav/relationSubject.jsp?relationWords=%E5%B7%A5%E9%83%A8%20%E6%9D%B1%E9%99%B5%20&oid=2681420 HTTP/1.1" 200 3103
66.249.79.200 - - [19/Jun/2016:03:07:49 +0800] "GET /content/nav/relationSubject.jsp?relationWords=%E6%8C%89%E5%AF%9F%E4%BD%BF+%E8%A3%95%E6%B0%91+&oid=2571089 HTTP/1.1" 200 3173
66.249.79.200 - - [19/Jun/2016:03:07:53 +0800] "GET /content/nav/relationSubject.jsp?relationWords=%E6%8C%89%E5%AF%9F%E4%BD%BF%20%E8%A3%95%E6%B0%91%20&oid=2571089 HTTP/1.1" 200 3173
66.249.71.152 - - [19/Jun/2016:03:08:22 +0800] "GET /content/repository/resource_content.jsp?oid=2666391&queryString=%E5%B7%A5%E9%83%A8%20%E8%B7%AF%E6%A9%8B HTTP/1.1" 200 30914
66.249.71.136 - - [19/Jun/2016:03:08:25 +0800] "GET /content/nav/relationSubject.jsp?relationWords=%E5%8F%B0%E7%81%A3%E8%B5%A4%E6%A5%A0+%E6%A1%83%E9%87%91%E5%AD%83+%E6%A1%83%E9%87%91%E5%AD%83%E7%A7%91+%E6%A4%8D%E7%89%A9%E7%95%8C+%E8%B5%A4%E6%A5%A0%E5%B1%AC+&oid=3821879 HTTP/1.1" 200 3411
66.249.71.242 - - [19/Jun/2016:03:08:30 +0800] "GET /content/nav/relationSubject.jsp?relationWords=%E5%85%AB%E5%88%86%E6%9B%B8+%E5%85%AD%E8%B6%B3+%E5%B1%B1%E5%B7%A6+%E6%AD%A6%E6%B0%8F%E7%A5%A0+%E9%9D%88%E7%95%B0+%E9%A1%8C%E8%A8%98+%E9%BB%83%E9%BE%8D+&oid=1814339 HTTP/1.1" 200 5515
66.249.71.242 - - [19/Jun/2016:03:08:33 +0800] "GET /content/nav/relationSubject.jsp?relationWords=%E5%85%AB%E5%88%86%E6%9B%B8%20%E5%85%AD%E8%B6%B3%20%E5%B1%B1%E5%B7%A6%20%E6%AD%A6%E6%B0%8F%E7%A5%A0%20%E9%9D%88%E7%95%B0%20%E9%A1%8C%E8%A8%98%20%E9%BB%83%E9%BE%8D%20&oid=1814339 HTTP/1.1" 200 5515
66.249.71.152 - - [19/Jun/2016:03:08:56 +0800] "GET /content/nav/relationSubject.jsp?relationWords=%E5%AE%89%E5%85%A8%E6%A1%88+%E5%BA%9C%E8%BE%B2%E6%BC%81%E5%AD%97+%E5%BE%8C%E5%A3%81%E6%B9%96+%E6%81%86%E6%98%A5%E9%8E%AE+&oid=1559926 HTTP/1.1" 200 3479
66.249.71.152 - - [19/Jun/2016:03:09:01 +0800] "GET /content/nav/relationSubject.jsp?relationWords=%E5%AE%89%E5%85%A8%E6%A1%88%20%E5%BA%9C%E8%BE%B2%E6%BC%81%E5%AD%97%20%E5%BE%8C%E5%A3%81%E6%B9%96%20%E6%81%86%E6%98%A5%E9%8E%AE%20&oid=1559926 HTTP/1.1" 200 3479
66.249.79.200 - - [19/Jun/2016:03:09:11 +0800] "GET /content/nav/relationSubject.jsp?relationWords=%E5%8D%B7%E6%9F%8F+%E5%8D%B7%E6%9F%8F%E5%B1%AC+%E6%9D%BE%E9%96%80+%E6%9F%8F%E7%A7%91+%E6%A4%8D%E7%89%A9%E7%95%8C+%E7%94%9F%E6%A0%B9%E5%8D%B7%E6%9F%8F+%E7%9F%B3%E6%9D%BE+&oid=2145206 HTTP/1.1" 200 3434
66.249.79.148 - - [19/Jun/2016:03:09:17 +0800] "GET /content/nav/relationSubject.jsp?relationWords=%E5%90%8F%E9%83%A8+%E7%9F%A5%E5%B7%9E+&oid=2654176 HTTP/1.1" 200 3136
66.249.71.242 - - [19/Jun/2016:03:09:22 +0800] "GET /content/nav/relationSubject.jsp?relationWords=%E5%90%8F%E9%83%A8%20%E7%9F%A5%E5%B7%9E%20&oid=2654176 HTTP/1.1" 200 3136
66.249.71.136 - - [19/Jun/2016:03:09:27 +0800] "GET /content/nav/relationSubject.jsp?relationWords=%E5%BB%96%E7%B9%BC%E9%AD%AF+&oid=1892638 HTTP/1.1" 200 3112
66.249.79.200 - - [19/Jun/2016:03:09:31 +0800] "GET /content/nav/relationSubject.jsp?relationWords=%E5%BB%96%E7%B9%BC%E9%AD%AF%20&oid=1892638 HTTP/1.1" 200 3112
66.249.79.200 - - [19/Jun/2016:03:09:40 +0800] "GET /content/nav/relationSubject.jsp?relationWords=%E6%A4%8D%E7%89%A9%E7%95%8C+%E8%8F%8A%E7%A7%91+%E8%9F%9B%E8%9C%9E%E8%8F%8A%E5%B1%AC+%E9%9B%99%E5%AD%90%E8%91%89%E6%A4%8D%E7%89%A9+%E9%9B%99%E8%8A%B1%E8%9F%9B%E8%9C%9E%E8%8F%8A+&oid=1107258 HTTP/1.1" 200 3418
66.249.71.136 - - [19/Jun/2016:03:09:43 +0800] "GET /content/nav/relationSubject.jsp?relationWords=%E6%A4%8D%E7%89%A9%E7%95%8C%20%E8%8F%8A%E7%A7%91%20%E8%9F%9B%E8%9C%9E%E8%8F%8A%E5%B1%AC%20%E9%9B%99%E5%AD%90%E8%91%89%E6%A4%8D%E7%89%A9%20%E9%9B%99%E8%8A%B1%E8%9F%9B%E8%9C%9E%E8%8F%8A%20&oid=1107258 HTTP/1.1" 200 3418
66.249.71.152 - - [19/Jun/2016:03:10:11 +0800] "GET /content/repository/resource_content.jsp?oid=4362812&queryString=%E6%96%87%E6%AE%8A%E8%8F%A9%E8%96%A9 HTTP/1.1" 200 34004
66.249.79.200 - - [19/Jun/2016:03:10:13 +0800] "GET /content/repository/resource_content.jsp?oid=1622081 HTTP/1.1" 200 28719
66.249.79.244 - - [19/Jun/2016:03:10:33 +0800] "GET /content/nav/relationSubject.jsp?relationWords=%E8%83%8C%E6%A3%98%E9%AD%9A+%E9%95%B7%E5%90%BB%E8%83%8C%E6%A3%98%E9%AD%9A+&oid=14223 HTTP/1.1" 200 3135
66.249.71.136 - - [19/Jun/2016:03:10:50 +0800] "GET /content/nav/relationSubject.jsp?relationWords=%E4%B8%BB%E7%B0%BF+%E4%BA%AC%E5%85%86+%E5%80%89%E6%9B%B9+%E5%88%91%E9%83%A8+%E5%88%A5%E9%A7%95+%E5%8A%9F%E6%9B%B9+%E5%8F%83%E8%BB%8D+%E5%92%B8%E5%AF%A7+%E5%A4%AA%E5%AE%88+%E5%A5%AE%E5%A8%81+%E5%AF%A7%E9%81%A0%E5%B0%87%E8%BB%8D+%E5%B9%B3%E6%B6%BC+%E5%BB%A3%E6%98%8C+%E6%85%B6%E5%AE%89+%E6%89%B6%E9%A2%A8+%E6%92%AB%E5%A4%B7+%E6%96%87%E5%AE%89+%E6%98%8C%E9%BB%8E+%E6%B6%87%E7%B8%A3+%E6%B6%87%E9%99%BD+%E7%86%92%E9%99%BD+%E7%9F%B3%E7%AA%9F%E5%AF%BA+%E7%A5%96%E5%AE%89+%E9%81%BC%E8%A5%BF+%E9%8C%84%E4%BA%8B%E5%8F%83%E8%BB%8D+%E9%8E%A7%E6%9B%B9+%E9%95%B7%E5%8F%B2+%E9%9A%B4%E8%A5%BF+%E9%BB%83%E9%BE%8D+&oid=1834488 HTTP/1.1" 200 4497
66.249.71.136 - - [19/Jun/2016:03:11:07 +0800] "GET /digiarch_en/content/repository/resource_content.jsp?oid=4362872&queryString=%E4%BB%81%E5%92%8C%E5%AE%AE%20%E5%B9%B3%E5%AE%89%E7%AC%A6%20%E9%96%8B%E6%BC%B3%E8%81%96%E7%8E%8B HTTP/1.1" 200 24297
180.76.15.138 - - [19/Jun/2016:03:11:09 +0800] "GET /content/repository/resource_content.jsp?oid=3814987&queryString=%E7%B5%B9%E6%AF%9B%E9%B3%B6%E5%B0%BE%20%E8%96%91%E5%B1%AC%20%E9%9E%98%E8%96%91%E5%B1%AC%20%E9%B3%B6%E5%B0%BE HTTP/1.1" 200 30922
66.249.71.136 - - [19/Jun/2016:03:11:20 +0800] "GET /digiarch_en/content/nav/relationSubject.jsp?relationWords=%E5%B0%8F%E8%91%89%E7%BE%85%E6%BC%A2%E6%9D%BE+%E6%9D%BE%E5%B1%AC+%E6%9D%BE%E6%9D%89+%E6%9D%BE%E7%A7%91+%E6%A4%8D%E7%89%A9%E7%95%8C+%E6%AF%AC%E6%9E%9C+%E7%BE%85%E6%BC%A2%E6%9D%BE+%E7%BE%85%E6%BC%A2%E6%9D%BE%E5%B1%AC+&oid=2147913 HTTP/1.1" 200 4657
66.249.71.136 - - [19/Jun/2016:03:11:22 +0800] "GET /digiarch_en/content/nav/relationSubject.jsp?relationWords=%E5%B0%8F%E8%91%89%E7%BE%85%E6%BC%A2%E6%9D%BE%20%E6%9D%BE%E5%B1%AC%20%E6%9D%BE%E6%9D%89%20%E6%9D%BE%E7%A7%91%20%E6%A4%8D%E7%89%A9%E7%95%8C%20%E6%AF%AC%E6%9E%9C%20%E7%BE%85%E6%BC%A2%E6%9D%BE%20%E7%BE%85%E6%BC%A2%E6%9D%BE%E5%B1%AC%20&oid=2147913 HTTP/1.1" 200 4657
66.249.71.136 - - [19/Jun/2016:03:11:59 +0800] "GET /content/nav/relationSubject.jsp?relationWords=%E5%92%8C%E8%A6%AA%E7%8E%8B+%E7%A6%AE%E9%83%A8+&oid=2688775 HTTP/1.1" 200 3110
66.249.79.200 - - [19/Jun/2016:03:12:01 +0800] "GET /content/nav/relationSubject.jsp?relationWords=%E5%92%8C%E8%A6%AA%E7%8E%8B%20%E7%A6%AE%E9%83%A8%20&oid=2688775 HTTP/1.1" 200 3110
66.249.71.136 - - [19/Jun/2016:03:12:02 +0800] "GET /content/repository/resource_content.jsp?oid=2603972&queryString=%E5%8F%83%E9%9D%A9%20%E5%90%8C%E7%9F%A5%20%E5%B7%A1%E6%92%AB%20%E9%8A%80%E5%85%A9 HTTP/1.1" 200 30712
66.249.71.253 - - [19/Jun/2016:03:12:49 +0800] "GET /content/nav/relationSubject.jsp?relationWords=%E5%8F%B0%E7%81%A3%E8%BB%8D%20%E8%8B%91%E8%A3%A1%E9%8E%AE%20%E8%BB%8D%E5%A3%AB%E6%95%99%E5%B0%8E%E7%B8%BD%E9%9A%8A%20&oid=1516613 HTTP/1.1" 200 3612
66.249.71.136 - - [19/Jun/2016:03:13:52 +0800] "GET /content/repository/resource_content.jsp?oid=3811607&queryString=%E5%A4%A7%E8%B1%86%E5%B1%AC%20%E6%89%81%E8%B1%86%E8%8E%A2%E5%A4%A7%E8%B1%86%20%E6%A4%8D%E7%89%A9%E7%95%8C%20%E8%A0%B6%E8%B1%86%20%E9%9B%99%E5%AD%90%E8%91%89%E6%A4%8D%E7%89%A9 HTTP/1.1" 200 31141
66.249.71.199 - - [19/Jun/2016:03:14:39 +0800] "GET /digiarch3/content/nav/relationSubject.jsp?relationWords=%E4%B8%8D%E5%8F%AF%E6%80%9D%E8%AD%B0+%E5%9C%8B%E5%BA%AB+%E5%AF%A9%E8%A8%88%E9%83%A8+%E7%A7%91%E9%95%B7+%E7%A8%85%E6%8D%90+%E7%A8%BD%E5%BE%81+%E7%BD%B0%E9%8D%B0+%E8%B2%A1%E5%8B%99+%E8%B2%A1%E6%94%BF%E5%BB%B3+&oid=1550836 HTTP/1.1" 200 5670
182.118.20.216 - - [19/Jun/2016:03:14:39 +0800] "GET /digiarch3/content/subject/resource_content.jsp?oid=16777502&queryType=qc HTTP/1.1" 200 38725
66.249.71.166 - - [19/Jun/2016:03:14:48 +0800] "GET /content/subject/resource_content.jsp?oid=16777262&queryType=qs&queryString=%E5%96%AC%E6%9C%A8 HTTP/1.1" 200 32220
66.249.71.205 - - [19/Jun/2016:03:14:48 +0800] "GET /digiarch3/content/nav/relationSubject.jsp?relationWords=%E4%B8%8D%E5%8F%AF%E6%80%9D%E8%AD%B0%20%E5%9C%8B%E5%BA%AB%20%E5%AF%A9%E8%A8%88%E9%83%A8%20%E7%A7%91%E9%95%B7%20%E7%A8%85%E6%8D%90%20%E7%A8%BD%E5%BE%81%20%E7%BD%B0%E9%8D%B0%20%E8%B2%A1%E5%8B%99%20%E8%B2%A1%E6%94%BF%E5%BB%B3%20&oid=1550836 HTTP/1.1" 200 5670
66.249.71.136 - - [19/Jun/2016:03:15:06 +0800] "GET /content/repository/resource_content.jsp?oid=2634146 HTTP/1.1" 200 29982
66.249.71.136 - - [19/Jun/2016:03:15:16 +0800] "GET /content/nav/relationSubject.jsp?relationWords=%E5%81%BD%E6%95%95+%E5%B7%A1%E6%8C%89%E5%BE%A1%E5%8F%B2+%E6%95%95%E4%BA%8B+%E8%98%87%E6%9D%BE+&oid=2518790 HTTP/1.1" 200 3240
66.249.66.157 - - [19/Jun/2016:03:15:44 +0800] "GET /content/subject/resource_content.jsp?oid=16777508&queryType=qc HTTP/1.1" 200 36284
