66.249.79.244 - - [11/Jun/2016:00:00:16 +0800] "GET /content/nav/relationSubject.jsp?relationWords=%E5%8A%A0%E5%BF%97+%E6%96%91%E7%9F%B3+%E6%96%91%E7%9F%B3%E9%AF%9B+%E7%9F%B3%E9%AF%9B+%E7%9F%B3%E9%B1%B8+%E8%83%A1%E6%A4%92%E9%AF%9B+%E8%8A%B1%E5%B0%BE+%E8%8A%B1%E8%BB%9F%E5%94%87+%E9%BB%83%E6%96%91+&oid=15367 HTTP/1.1" 200 3656
66.249.71.136 - - [11/Jun/2016:00:00:22 +0800] "GET /digiarch_en/content/nav/relationSubject.jsp?relationWords=%E4%BA%BA%E5%90%8D%E6%AC%8A%E5%A8%81+%E4%BF%84%E5%9C%8B+%E5%B7%A5%E6%9C%83+&oid=695976 HTTP/1.1" 200 4909
66.249.71.188 - - [11/Jun/2016:00:00:23 +0800] "GET /content/nav/relationSubject.jsp?relationWords=%E5%B7%A5%E9%83%A8+%E7%9A%87%E5%8F%B2%E5%AE%AC+&oid=2685318 HTTP/1.1" 200 3118
66.249.71.152 - - [11/Jun/2016:00:00:40 +0800] "GET /content/nav/relationSubject.jsp?relationWords=&oid=2570935 HTTP/1.1" 200 1405
66.249.71.152 - - [11/Jun/2016:00:01:06 +0800] "GET /content/repository/resource_content.jsp?oid=3812841&queryString=%E5%A4%A7%E9%87%91%E6%98%9F%E8%95%A8%20%E5%A4%A7%E9%87%91%E6%98%9F%E8%95%A8%E5%B1%AC HTTP/1.1" 200 31452
66.249.79.207 - - [11/Jun/2016:00:01:20 +0800] "GET /content/nav/relationSubject.jsp?relationWords=%E5%85%AC%E6%95%99%E4%BA%BA%E5%93%A1+%E5%8A%89%E7%9B%9B%E8%B2%A1+%E6%B4%A5%E8%B2%BC+%E7%9C%81%E6%94%BF%E5%BA%9C+%E8%87%A8%E6%99%82%E7%9C%81%E8%AD%B0%E6%9C%83+%E8%87%BA%E7%81%A3%E7%9C%81+&oid=1525842 HTTP/1.1" 200 4737
66.249.71.143 - - [11/Jun/2016:00:01:23 +0800] "GET /content/nav/relationSubject.jsp?relationWords=%E5%85%AC%E6%95%99%E4%BA%BA%E5%93%A1%20%E5%8A%89%E7%9B%9B%E8%B2%A1%20%E6%B4%A5%E8%B2%BC%20%E7%9C%81%E6%94%BF%E5%BA%9C%20%E8%87%A8%E6%99%82%E7%9C%81%E8%AD%B0%E6%9C%83%20%E8%87%BA%E7%81%A3%E7%9C%81%20&oid=1525842 HTTP/1.1" 200 4737
49.214.5.192 - - [11/Jun/2016:00:01:23 +0800] "GET /content/subject/resource_content.jsp?oid=16797271&queryType=qc HTTP/1.1" 200 55170
49.214.5.192 - - [11/Jun/2016:00:01:26 +0800] "GET /content/nav/relationSubject.jsp?relationWords=&oid=16797271 HTTP/1.1" 200 1405
66.249.71.143 - - [11/Jun/2016:00:01:51 +0800] "GET /content/nav/relationSubject.jsp?relationWords=&oid=2597793 HTTP/1.1" 200 1405
66.249.79.186 - - [11/Jun/2016:00:02:22 +0800] "GET /digiarch3/content/subject/resource_content.jsp?oid=16777488&queryType=qc HTTP/1.1" 200 60886
66.249.71.136 - - [11/Jun/2016:00:02:24 +0800] "GET /content/nav/relationSubject.jsp?relationWords=%E5%B7%A5%E7%A8%8B%E8%B2%BB+%E7%BE%8E%E6%BF%83+%E7%BE%8E%E6%BF%83%E9%8E%AE+&oid=1619761 HTTP/1.1" 200 4414
150.70.188.171 - - [11/Jun/2016:00:02:45 +0800] "GET /content/subject/resource_content.jsp?oid=16797271&queryType=qc HTTP/1.1" 200 55170
66.249.71.136 - - [11/Jun/2016:00:03:01 +0800] "GET /digiarch_en/content/subject/resource_content.jsp?oid=16777643&queryString= HTTP/1.1" 200 28100
66.249.71.166 - - [11/Jun/2016:00:03:03 +0800] "GET /content/nav/relationSubject.jsp?relationWords=%E5%B7%A1%E6%92%AB+%E7%A7%91%E8%88%89+&oid=2513243 HTTP/1.1" 200 5186
66.249.71.166 - - [11/Jun/2016:00:03:06 +0800] "GET /content/nav/relationSubject.jsp?relationWords=%E5%B7%A1%E6%92%AB%20%E7%A7%91%E8%88%89%20&oid=2513243 HTTP/1.1" 200 5186
66.249.71.200 - - [11/Jun/2016:00:03:07 +0800] "GET /content/nav/relationSubject.jsp?relationWords=%E4%BA%A4%E5%88%91%E9%83%A8+%E5%90%8F%E9%83%A8+%E5%91%88%E6%8E%A7%E6%A1%88+&oid=2687326 HTTP/1.1" 200 3189
66.249.71.136 - - [11/Jun/2016:00:03:08 +0800] "GET /content/nav/relationSubject.jsp?relationWords=%E4%BF%9D%E5%88%A9+%E5%8C%96%E5%AD%B8%E5%B7%A5%E6%A5%AD+%E5%A4%96%E5%8C%AF+%E5%B7%A5%E6%A5%AD%E6%A1%88+&oid=1535029 HTTP/1.1" 200 4661
180.76.15.140 - - [11/Jun/2016:00:03:10 +0800] "GET /content/repository/resource_content.jsp?oid=2144394&queryString=%E6%93%AC%E8%8E%9E%E5%B1%AC%20%E6%B0%B4%E6%AF%9B%E8%8A%B1 HTTP/1.1" 200 31295
66.249.71.194 - - [11/Jun/2016:00:03:10 +0800] "GET /content/nav/relationSubject.jsp?relationWords=%E4%BA%A4%E5%88%91%E9%83%A8%20%E5%90%8F%E9%83%A8%20%E5%91%88%E6%8E%A7%E6%A1%88%20&oid=2687326 HTTP/1.1" 200 3189
66.249.71.159 - - [11/Jun/2016:00:03:11 +0800] "GET /content/nav/relationSubject.jsp?relationWords=%E8%B2%A2%E6%B0%8F+%E9%BB%91%E7%8B%97%E6%AF%8D+&oid=15868 HTTP/1.1" 200 3372
110.26.81.58 - - [11/Jun/2016:00:03:12 +0800] "GET /content/repository/resource_content.jsp?oid=1106590&queryString=%E5%9F%94%E9%B9%BD%20%E6%A4%8D%E7%89%A9%E7%95%8C%20%E6%BC%86%E6%A8%B9%E5%B1%AC%20%E6%BC%86%E6%A8%B9%E7%A7%91%20%E7%84%A1%E6%82%A3%E5%AD%90%20%E7%BE%85%E6%B0%8F%E9%B9%BD%E8%86%9A%E6%9C%A8 HTTP/1.1" 200 31945
66.249.71.136 - - [11/Jun/2016:00:03:37 +0800] "GET /content/repository/resource_content.jsp?oid=1565747 HTTP/1.1" 200 28725
66.249.71.136 - - [11/Jun/2016:00:03:52 +0800] "GET /content/nav/relationSubject.jsp?relationWords=%E6%A4%8D%E7%89%A9%E7%95%8C+%E7%9F%B3%E7%AB%B9+%E7%9F%B3%E7%AB%B9%E7%A7%91+%E7%B9%81%E7%B8%B7%E5%B1%AC+%E9%B5%9D%E5%85%92%E8%85%B8+&oid=1101309 HTTP/1.1" 200 3339
66.249.71.136 - - [11/Jun/2016:00:03:56 +0800] "GET /content/nav/relationSubject.jsp?relationWords=%E6%A4%8D%E7%89%A9%E7%95%8C%20%E7%9F%B3%E7%AB%B9%20%E7%9F%B3%E7%AB%B9%E7%A7%91%20%E7%B9%81%E7%B8%B7%E5%B1%AC%20%E9%B5%9D%E5%85%92%E8%85%B8%20&oid=1101309 HTTP/1.1" 200 3339
66.249.71.136 - - [11/Jun/2016:00:04:12 +0800] "GET /content/nav/relationSubject.jsp?relationWords=%E5%85%AC%E7%87%9F%E4%BA%8B%E6%A5%AD+%E6%96%87%E7%8E%89+%E6%97%A5%E6%B2%BB%E6%99%82%E6%9C%9F+%E6%A4%8D%E6%B0%91+%E6%B0%91%E7%87%9F%E4%BC%81%E6%A5%AD+%E7%9B%AE%E6%A8%99+%E8%87%AA%E4%BE%86%E6%B0%B4+%E8%94%A1%E6%96%87+%E8%94%A1%E6%96%87%E7%8E%89+%E8%B3%AA%E8%A9%A2+%E9%83%BD%E5%B8%82%E8%A8%88%E5%8A%83+&oid=1548206 HTTP/1.1" 200 4421
68.180.228.229 - - [11/Jun/2016:00:04:24 +0800] "GET /content/pictures/picture_content.jsp?oid=33554789 HTTP/1.1" 200 27134
66.249.71.136 - - [11/Jun/2016:00:04:41 +0800] "GET /content/nav/relationSubject.jsp?relationWords=&oid=2641450 HTTP/1.1" 200 1405
199.30.24.120 - - [11/Jun/2016:00:04:44 +0800] "GET /content/nav/relationSubject.jsp?relationWords=%E9%9D%92%E6%A5%93+&oid=16777274 HTTP/1.1" 200 3565
111.13.102.7 - - [11/Jun/2016:00:04:55 +0800] "GET /digiarch_en/content/subject/resource_content.jsp?oid=16777634&queryType=qc HTTP/1.1" 200 22942
66.249.79.200 - - [11/Jun/2016:00:04:55 +0800] "GET /content/repository/resource_content.jsp?oid=2547476 HTTP/1.1" 200 28829
66.249.79.200 - - [11/Jun/2016:00:05:17 +0800] "GET /content/nav/relationSubject.jsp?relationWords=%E6%A4%8D%E7%89%A9%E7%95%8C+%E6%B0%B4%E9%BE%8D%E9%AA%A8+%E7%98%A4%E8%B6%B3%E8%95%A8+%E7%98%A4%E8%B6%B3%E8%95%A8%E5%B1%AC+%E8%80%B3%E5%BD%A2%E7%98%A4%E8%B6%B3%E8%95%A8+%E8%95%A8%E5%B1%AC+%E8%95%A8%E9%A1%9E%E6%A4%8D%E7%89%A9+&oid=3813064 HTTP/1.1" 200 3533
66.249.71.205 - - [11/Jun/2016:00:05:40 +0800] "GET /content/nav/relationSubject.jsp?relationWords=%E4%BA%BA%E5%90%8D%E6%AC%8A%E5%A8%81+%E5%96%80%E6%8B%89+%E5%96%80%E6%8B%89%E7%BD%95+%E5%A4%96%E4%BA%A4%E9%83%A8+%E5%A4%A7%E4%BD%BF+%E7%A7%91%E5%B8%83%E5%A4%9A+%E8%98%87%E8%81%AF+%E8%BB%8D%E5%AE%98+&oid=669814 HTTP/1.1" 200 3403
66.249.71.136 - - [11/Jun/2016:00:06:09 +0800] "GET /content/repository/resource_content.jsp?oid=1613075 HTTP/1.1" 200 28597
66.249.71.136 - - [11/Jun/2016:00:06:10 +0800] "GET /content/repository/resource_content.jsp?oid=603806&queryType=qs&queryString=%E5%B0%8F%E5%B9%A1%E9%85%89%E5%90%89 HTTP/1.1" 200 28729
66.249.71.199 - - [11/Jun/2016:00:06:38 +0800] "GET /digiarch3/content/nav/relationSubject.jsp?relationWords=%E8%B1%A1%E7%89%99%E5%99%A8%E6%AE%98%E7%89%87+&oid=1865163 HTTP/1.1" 200 2470
66.249.71.253 - - [11/Jun/2016:00:07:14 +0800] "GET /content/nav/relationSubject.jsp?relationWords=%E5%B0%8F%E5%B1%AF%E5%A2%93+&oid=1834700 HTTP/1.1" 200 3026
66.249.71.194 - - [11/Jun/2016:00:07:24 +0800] "GET /content/repository/resource_content.jsp?oid=15303&queryString=%E4%BA%A4%E5%8F%89%E7%AC%9B%E9%AF%9B%20%E6%96%9C%E5%B8%B6%E7%AC%9B%E9%AF%9B%20%E7%AC%9B%E9%AF%9B%E7%A7%91%20%E8%B5%A4%E7%AD%86%E4%BB%94 HTTP/1.1" 200 34984
66.249.71.136 - - [11/Jun/2016:00:08:29 +0800] "GET /content/nav/relationSubject.jsp?relationWords=%E6%A4%8D%E7%89%A9%E7%95%8C+%E6%A5%9D%E7%A7%91+%E7%84%A1%E6%82%A3%E5%AD%90+%E8%98%AD%E5%B6%BC%E6%A4%8C%E6%9C%A8+&oid=1109479 HTTP/1.1" 200 3300
66.249.71.143 - - [11/Jun/2016:00:08:33 +0800] "GET /content/nav/relationSubject.jsp?relationWords=%E5%80%99%E9%81%B8%E4%BA%BA+%E5%85%B5%E5%BD%B9%E5%8D%94%E6%9C%83+%E5%9C%B0%E6%96%B9%E8%87%AA%E6%B2%BB+%E5%BC%B5%E5%AF%8C+%E5%BE%81%E5%AF%A6+%E7%94%B0%E8%B3%A6+%E7%9C%81%E6%94%BF%E5%BA%9C+%E8%AD%B7%E6%9E%97%E5%8D%94%E6%9C%83+%E8%B3%84%E9%81%B8+%E8%B3%AA%E8%A9%A2+%E9%A0%90%E7%AE%97+&oid=1548329 HTTP/1.1" 200 4912
66.249.79.207 - - [11/Jun/2016:00:08:38 +0800] "GET /content/nav/relationSubject.jsp?relationWords=%E5%80%99%E9%81%B8%E4%BA%BA%20%E5%85%B5%E5%BD%B9%E5%8D%94%E6%9C%83%20%E5%9C%B0%E6%96%B9%E8%87%AA%E6%B2%BB%20%E5%BC%B5%E5%AF%8C%20%E5%BE%81%E5%AF%A6%20%E7%94%B0%E8%B3%A6%20%E7%9C%81%E6%94%BF%E5%BA%9C%20%E8%AD%B7%E6%9E%97%E5%8D%94%E6%9C%83%20%E8%B3%84%E9%81%B8%20%E8%B3%AA%E8%A9%A2%20%E9%A0%90%E7%AE%97%20&oid=1548329 HTTP/1.1" 200 4912
66.249.71.152 - - [11/Jun/2016:00:08:40 +0800] "GET /content/repository/resource_content.jsp?oid=3823457&queryString=%E5%8D%97%E6%B9%96%E6%9F%B3%E8%91%89%E8%8F%9C%20%E6%9F%B3%E8%91%89%E8%8F%9C%20%E6%9F%B3%E8%91%89%E8%8F%9C%E5%B1%AC HTTP/1.1" 200 31528
42.66.202.20 - - [11/Jun/2016:00:08:40 +0800] "GET /content/nav/relationSubject.jsp?relationWords=&oid=16777341 HTTP/1.1" 200 1405
66.249.79.200 - - [11/Jun/2016:00:08:44 +0800] "GET /content/nav/relationSubject.jsp?relationWords=%E6%88%88%E8%A7%B6+&oid=1817270 HTTP/1.1" 200 3117
66.249.71.199 - - [11/Jun/2016:00:08:52 +0800] "GET /digiarch3/content/nav/relationSubject.jsp?relationWords=%E5%B8%95%E9%A0%AD+%E5%BD%AD%E7%B4%8D%E7%9F%B3%E9%A6%96%E9%AD%9A+%E7%99%BD%E5%A7%91%E9%AD%9A+%E7%9F%B3%E9%A6%96%E9%AD%9A%E7%A7%91+&oid=4353434 HTTP/1.1" 200 3517
66.249.71.199 - - [11/Jun/2016:00:08:56 +0800] "GET /digiarch3/content/nav/relationSubject.jsp?relationWords=%E5%B8%95%E9%A0%AD%20%E5%BD%AD%E7%B4%8D%E7%9F%B3%E9%A6%96%E9%AD%9A%20%E7%99%BD%E5%A7%91%E9%AD%9A%20%E7%9F%B3%E9%A6%96%E9%AD%9A%E7%A7%91%20&oid=4353434 HTTP/1.1" 200 3517
66.249.71.199 - - [11/Jun/2016:00:09:11 +0800] "GET /digiarch3/content/nav/relationSubject.jsp?relationWords=%E6%85%88%E9%AF%9B%E7%A7%91+&oid=3339657 HTTP/1.1" 200 2679
66.249.71.199 - - [11/Jun/2016:00:09:12 +0800] "GET /digiarch3/content/nav/relationSubject.jsp?relationWords=%E6%96%87%E5%8C%96%E4%B8%AD%E5%BF%83+%E6%9A%A8%E5%8D%97%E5%A4%A7%E5%AD%B8+&oid=16777829 HTTP/1.1" 200 5600
66.249.71.199 - - [11/Jun/2016:00:09:14 +0800] "GET /digiarch3/content/nav/relationSubject.jsp?relationWords=%E6%85%88%E9%AF%9B%E7%A7%91%20&oid=3339657 HTTP/1.1" 200 2679
66.249.71.199 - - [11/Jun/2016:00:09:23 +0800] "GET /digiarch3/content/repository/resource_content.jsp?oid=15516&queryType=qs&queryString=%E6%B5%B7%E8%91%B5 HTTP/1.1" 200 33926
66.249.71.136 - - [11/Jun/2016:00:09:30 +0800] "GET /content/nav/relationSubject.jsp?relationWords=%E5%BC%B5%E6%9D%8E%E5%BE%B7%E5%92%8C+%E5%BE%B7%E5%92%8C+%E6%9D%8E%E5%BE%B7+%E6%B8%B8%E8%98%87%E9%B4%A6+%E7%9C%81%E8%AD%B0%E6%9C%83+%E8%87%A8%E6%99%82%E7%9C%81%E8%AD%B0%E6%9C%83+%E8%87%BA%E7%81%A3%E7%9C%81+%E9%83%BD%E5%B8%82%E8%A8%88%E7%95%AB+&oid=1520483 HTTP/1.1" 200 5549
66.249.71.136 - - [11/Jun/2016:00:09:35 +0800] "GET /content/nav/relationSubject.jsp?relationWords=%E5%BC%B5%E6%9D%8E%E5%BE%B7%E5%92%8C%20%E5%BE%B7%E5%92%8C%20%E6%9D%8E%E5%BE%B7%20%E6%B8%B8%E8%98%87%E9%B4%A6%20%E7%9C%81%E8%AD%B0%E6%9C%83%20%E8%87%A8%E6%99%82%E7%9C%81%E8%AD%B0%E6%9C%83%20%E8%87%BA%E7%81%A3%E7%9C%81%20%E9%83%BD%E5%B8%82%E8%A8%88%E7%95%AB%20&oid=1520483 HTTP/1.1" 200 5549
66.249.79.200 - - [11/Jun/2016:00:09:57 +0800] "GET /content/repository/resource_content.jsp?oid=1897440 HTTP/1.1" 200 29285
66.249.71.136 - - [11/Jun/2016:00:10:27 +0800] "GET /content/nav/relationSubject.jsp?relationWords=%E7%99%BD%E8%8A%B1%E8%8D%89%E5%B1%AC+&oid=2149646 HTTP/1.1" 200 1893
66.249.79.200 - - [11/Jun/2016:00:10:39 +0800] "GET /content/nav/relationSubject.jsp?relationWords=%E7%99%BD%E8%8A%B1%E8%8D%89%E5%B1%AC%20&oid=2149646 HTTP/1.1" 200 1893
66.249.71.242 - - [11/Jun/2016:00:11:12 +0800] "GET /content/repository/resource_content.jsp?oid=2664140&queryType=qs&queryString=%E5%A4%96%E6%9F%B5 HTTP/1.1" 200 30416
66.249.71.188 - - [11/Jun/2016:00:11:49 +0800] "GET /content/nav/relationSubject.jsp?relationWords=%E7%B4%8B%E9%A3%BE+&oid=4411613 HTTP/1.1" 200 3029
66.249.71.194 - - [11/Jun/2016:00:11:53 +0800] "GET /content/nav/relationSubject.jsp?relationWords=%E7%B4%8B%E9%A3%BE%20&oid=4411613 HTTP/1.1" 200 3029
66.249.66.159 - - [11/Jun/2016:00:12:26 +0800] "GET /content/subject/resource_content.jsp?oid=16777345&queryType=qc HTTP/1.1" 200 35045
66.249.71.150 - - [11/Jun/2016:00:12:28 +0800] "GET /content/nav/relationSubject.jsp?relationWords=%E5%8F%B0%E7%81%A3%E7%89%9B%E5%BD%8C%E8%8F%9C+%E6%A4%8D%E7%89%A9%E7%95%8C+%E7%89%9B%E5%BD%8C%E8%8F%9C%E5%B1%AC+%E8%98%BF%E8%97%A6%E7%A7%91+%E9%BE%8D%E8%86%BD+&oid=1099410 HTTP/1.1" 200 3592
66.249.71.143 - - [11/Jun/2016:00:12:34 +0800] "GET /content/repository/resource_content.jsp?oid=1897909 HTTP/1.1" 200 29271
66.249.71.136 - - [11/Jun/2016:00:12:39 +0800] "GET /content/nav/relationSubject.jsp?relationWords=%E5%8F%B0%E7%81%A3%E7%89%9B%E5%BD%8C%E8%8F%9C%20%E6%A4%8D%E7%89%A9%E7%95%8C%20%E7%89%9B%E5%BD%8C%E8%8F%9C%E5%B1%AC%20%E8%98%BF%E8%97%A6%E7%A7%91%20%E9%BE%8D%E8%86%BD%20&oid=1099410 HTTP/1.1" 200 3592
220.132.204.133 - - [11/Jun/2016:00:13:42 +0800] "GET /digiarch_en/content/repository/resource_content.jsp?oid=2631658&queryString=%E5%91%A8%E6%87%89%20%E5%95%8F%E5%80%99%20%E6%87%89%E9%BE%8D%20%E6%98%A5%E7%AF%80%20%E9%87%91%E7%AE%A1 HTTP/1.1" 200 23308
66.249.71.136 - - [11/Jun/2016:00:13:43 +0800] "GET /content/repository/resource_content.jsp?oid=1821272 HTTP/1.1" 200 28443
220.132.204.133 - - [11/Jun/2016:00:13:43 +0800] "GET /digiarch_en/content/nav/relationSubject.jsp?relationWords=%E7%87%9F%E5%BC%81+%E7%B8%B1%E5%85%B5+%E9%BB%83%E6%87%89%E9%BE%8D+&oid=2631658 HTTP/1.1" 200 3186
66.249.71.136 - - [11/Jun/2016:00:13:44 +0800] "GET /content/nav/relationSubject.jsp?relationWords=%E6%A4%8D%E7%89%A9%E7%95%8C+%E7%B4%AB%E8%8D%89%E7%A7%91+%E7%B4%B0%E7%BA%8D%E5%AD%90%E8%8D%89+%E7%B4%B0%E7%BA%8D%E5%AD%90%E8%8D%89%E5%B1%AC+&oid=1108199 HTTP/1.1" 200 3433
66.249.71.136 - - [11/Jun/2016:00:13:49 +0800] "GET /content/nav/relationSubject.jsp?relationWords=%E6%A4%8D%E7%89%A9%E7%95%8C%20%E7%B4%AB%E8%8D%89%E7%A7%91%20%E7%B4%B0%E7%BA%8D%E5%AD%90%E8%8D%89%20%E7%B4%B0%E7%BA%8D%E5%AD%90%E8%8D%89%E5%B1%AC%20&oid=1108199 HTTP/1.1" 200 3433
66.249.71.159 - - [11/Jun/2016:00:14:13 +0800] "GET /content/nav/relationSubject.jsp?relationWords=%E5%B1%B1%E8%8C%B6%E8%8A%B1+%E6%9B%BC%E9%99%80%E7%BE%85%E8%8A%B1+&oid=16777448 HTTP/1.1" 200 1894
66.249.71.136 - - [11/Jun/2016:00:14:15 +0800] "GET /content/nav/relationSubject.jsp?relationWords=%E4%B8%89%E8%91%89%E6%9C%A8%E8%97%8D+%E6%9C%A8%E8%97%8D%E5%B1%AC+%E6%A4%8D%E7%89%A9%E7%95%8C+%E8%A0%B6%E8%B1%86+%E9%9B%99%E5%AD%90%E8%91%89%E6%A4%8D%E7%89%A9+&oid=2146860 HTTP/1.1" 200 3376
66.249.79.200 - - [11/Jun/2016:00:14:20 +0800] "GET /content/nav/relationSubject.jsp?relationWords=%E4%B8%89%E8%91%89%E6%9C%A8%E8%97%8D%20%E6%9C%A8%E8%97%8D%E5%B1%AC%20%E6%A4%8D%E7%89%A9%E7%95%8C%20%E8%A0%B6%E8%B1%86%20%E9%9B%99%E5%AD%90%E8%91%89%E6%A4%8D%E7%89%A9%20&oid=2146860 HTTP/1.1" 200 3376
66.249.79.200 - - [11/Jun/2016:00:14:27 +0800] "GET /content/nav/relationSubject.jsp?relationWords=%E5%81%8F%E9%81%A0%E5%9C%B0%E5%8D%80+%E5%85%AC%E5%85%B1%E8%A8%AD%E6%96%BD+%E9%83%BD%E6%9C%83%E5%8D%80+&oid=1593524 HTTP/1.1" 200 5921
66.249.71.136 - - [11/Jun/2016:00:14:59 +0800] "GET /content/repository/resource_content.jsp?oid=2524447 HTTP/1.1" 200 28918
110.28.39.121 - - [11/Jun/2016:00:15:10 +0800] "GET /content/repository/resource_content.jsp?oid=15101&queryString=%E5%9A%B4%E5%85%AC%E4%BB%94%20%E5%A4%A7%E7%9C%BC%E9%AF%9B%E7%A7%91%20%E6%97%A5%E6%9C%AC%E5%A4%A7%E7%9C%BC%E9%AF%9B%20%E7%B4%85%E7%9B%AE%E9%B0%B1 HTTP/1.1" 200 35672
110.28.39.121 - - [11/Jun/2016:00:15:11 +0800] "GET /content/nav/relationSubject.jsp?relationWords=%E5%9A%B4%E5%85%AC%E4%BB%94+%E5%A4%A7%E7%9C%BC%E9%AF%9B+%E5%A4%A7%E7%9C%BC%E9%AF%9B%E7%A7%91+%E7%B4%85%E7%9B%AE%E9%B0%B1+%E8%A1%80%E6%96%91%E7%95%B0%E5%A4%A7%E7%9C%BC%E9%AF%9B+&oid=15101 HTTP/1.1" 200 3619
68.180.228.229 - - [11/Jun/2016:00:15:24 +0800] "GET /digiarch_en/content/pictures/picture_content.jsp?oid=33554828&queryType=qc HTTP/1.1" 200 22241
66.249.71.136 - - [11/Jun/2016:00:15:43 +0800] "GET /content/repository/resource_content.jsp?oid=206208 HTTP/1.1" 200 30570
66.249.71.136 - - [11/Jun/2016:00:16:15 +0800] "GET /content/repository/resource_content.jsp?oid=2586017 HTTP/1.1" 200 29086
150.70.173.10 - - [11/Jun/2016:00:16:17 +0800] "GET /content/repository/resource_content.jsp?oid=1888220 HTTP/1.1" 200 29472
66.249.71.188 - - [11/Jun/2016:00:16:56 +0800] "GET /content/nav/relationSubject.jsp?relationWords=%E4%B8%89%E5%BA%B7+%E8%83%8C%E5%B8%B6%E9%B7%B9+%E8%90%AC%E5%B9%B4%E7%98%A6+&oid=4352594 HTTP/1.1" 200 3494
66.249.71.136 - - [11/Jun/2016:00:17:31 +0800] "GET /content/repository/resource_content.jsp?oid=1588150 HTTP/1.1" 200 28810
66.249.71.136 - - [11/Jun/2016:00:17:32 +0800] "GET /content/nav/relationSubject.jsp?relationWords=&oid=33554453 HTTP/1.1" 200 1405
66.249.71.136 - - [11/Jun/2016:00:17:34 +0800] "GET /content/nav/relationSubject.jsp?relationWords=%E6%8D%B2%E7%93%A3%E8%98%AD+%E6%8D%B2%E7%93%A3%E8%98%AD%E5%B1%AC+%E7%8B%B9%E8%90%BC%E8%B1%86%E8%98%AD+%E8%98%AD%E5%B1%AC+%E8%B1%86%E8%98%AD+%E8%B1%86%E8%98%AD%E5%B1%AC+&oid=2143882 HTTP/1.1" 200 3336
66.249.79.200 - - [11/Jun/2016:00:17:39 +0800] "GET /content/nav/relationSubject.jsp?relationWords=%E6%8D%B2%E7%93%A3%E8%98%AD%20%E6%8D%B2%E7%93%A3%E8%98%AD%E5%B1%AC%20%E7%8B%B9%E8%90%BC%E8%B1%86%E8%98%AD%20%E8%98%AD%E5%B1%AC%20%E8%B1%86%E8%98%AD%20%E8%B1%86%E8%98%AD%E5%B1%AC%20&oid=2143882 HTTP/1.1" 200 3336
68.180.228.229 - - [11/Jun/2016:00:17:51 +0800] "GET /content/subject/resource_content.jsp?oid=16777801&queryType=qc HTTP/1.1" 200 43010
66.249.71.136 - - [11/Jun/2016:00:18:46 +0800] "GET /content/repository/resource_content.jsp?oid=1815105 HTTP/1.1" 200 29347
66.249.71.136 - - [11/Jun/2016:00:18:53 +0800] "GET /content/nav/relationSubject.jsp?relationWords=%E4%B8%89%E9%87%8D%E5%B8%82+%E5%85%AC%E5%B8%91+%E5%85%AC%E8%B7%AF%E5%B1%80+%E5%B8%82%E5%83%B9+%E6%B0%91%E6%B3%95+%E7%9C%81%E6%94%BF%E5%BA%9C+%E8%87%BA%E5%8C%97%E5%A4%A7%E6%A9%8B+%E8%87%BA%E5%8C%97%E7%B8%A3+&oid=1899900 HTTP/1.1" 200 5662
66.249.71.136 - - [11/Jun/2016:00:19:09 +0800] "GET /content/nav/relationSubject.jsp?relationWords=%E6%A4%8D%E7%89%A9%E7%95%8C+%E6%AF%9B%E9%B1%A7%E8%85%B8+%E8%8F%8A%E7%A7%91+%E9%9B%99%E5%AD%90%E8%91%89+%E9%9B%99%E5%AD%90%E8%91%89%E6%A4%8D%E7%89%A9+%E9%B1%A7%E8%85%B8+%E9%B1%A7%E8%85%B8%E5%B1%AC+&oid=1101694 HTTP/1.1" 200 3426
40.77.167.83 - - [11/Jun/2016:00:19:09 +0800] "GET /content/nav/relationSubject.jsp?relationWords=%E8%99%95%E7%90%86%E6%8A%80%E8%A1%93+&oid=16777423 HTTP/1.1" 200 7869
66.249.79.200 - - [11/Jun/2016:00:19:13 +0800] "GET /content/nav/relationSubject.jsp?relationWords=%E6%A4%8D%E7%89%A9%E7%95%8C%20%E6%AF%9B%E9%B1%A7%E8%85%B8%20%E8%8F%8A%E7%A7%91%20%E9%9B%99%E5%AD%90%E8%91%89%20%E9%9B%99%E5%AD%90%E8%91%89%E6%A4%8D%E7%89%A9%20%E9%B1%A7%E8%85%B8%20%E9%B1%A7%E8%85%B8%E5%B1%AC%20&oid=1101694 HTTP/1.1" 200 3426
101.8.118.58 - - [11/Jun/2016:00:19:41 +0800] "GET /content/subject/resource_content.jsp?oid=16797271&queryType=qc HTTP/1.1" 200 55170
101.8.118.58 - - [11/Jun/2016:00:19:43 +0800] "GET /content/nav/relationSubject.jsp?relationWords=&oid=16797271 HTTP/1.1" 200 1405
68.180.228.229 - - [11/Jun/2016:00:19:55 +0800] "GET /content/subject/resource_content.jsp?oid=16797234&queryType=qc HTTP/1.1" 200 46558
66.249.71.136 - - [11/Jun/2016:00:20:02 +0800] "GET /content/repository/resource_content.jsp?oid=680459 HTTP/1.1" 200 28019
180.76.15.13 - - [11/Jun/2016:00:20:06 +0800] "GET /content/repository/resource_content.jsp?oid=1459183 HTTP/1.1" 200 31164
66.249.71.136 - - [11/Jun/2016:00:20:32 +0800] "GET /content/nav/relationSubject.jsp?relationWords=%E5%A4%A7%E6%88%9F+%E5%A4%A7%E6%88%9F%E7%A7%91+%E6%A4%8D%E7%89%A9%E7%95%8C+%E6%A8%B9%E8%96%AF+%E6%A8%B9%E8%96%AF%E5%B1%AC+&oid=1109532 HTTP/1.1" 200 3355
66.249.71.199 - - [11/Jun/2016:00:21:05 +0800] "GET /digiarch3/content/nav/relationSubject.jsp?relationWords=%E6%96%87%E5%8C%96%E4%B8%AD%E5%BF%83+&oid=16777837 HTTP/1.1" 200 8899
66.249.71.136 - - [11/Jun/2016:00:21:18 +0800] "GET /content/repository/resource_content.jsp?oid=18365 HTTP/1.1" 200 29608
66.249.71.136 - - [11/Jun/2016:00:21:59 +0800] "GET /content/tmp_exh/resource_content.jsp?oid=16777760&amp;queryType=qc%201889 HTTP/1.1" 200 35810
66.249.71.152 - - [11/Jun/2016:00:22:07 +0800] "GET /content/subject/resource_content.jsp?oid=16777822&queryType=qs&queryString=%E6%BC%94%E5%8C%96 HTTP/1.1" 200 45662
66.249.71.136 - - [11/Jun/2016:00:22:38 +0800] "GET /content/repository/resource_content.jsp?oid=750254 HTTP/1.1" 200 28604
66.249.79.200 - - [11/Jun/2016:00:23:06 +0800] "GET /content/nav/relationSubject.jsp?relationWords=%E7%89%9B%E5%B0%BE%E9%AD%9A+%E7%89%9B%E5%B0%BE%E9%AD%9A%E7%A7%91+%E7%8A%AC%E9%BD%92+%E7%8A%AC%E9%BD%92%E7%89%9B%E5%B0%BE%E9%AD%9A+&oid=21988 HTTP/1.1" 200 3608
66.249.71.194 - - [11/Jun/2016:00:23:29 +0800] "GET /content/nav/relationSubject.jsp?relationWords=%E5%85%AB%E5%88%86%E6%9B%B8+%E5%98%89%E7%A5%A5+%E6%96%87%E5%AE%97+%E6%B4%AA%E6%B0%8F+%E6%B4%AA%E6%B4%9E+%E6%BF%9F%E5%AF%A7%E5%B7%9E+%E9%A1%8C%E8%A8%98+&oid=1814183 HTTP/1.1" 200 5463
66.249.71.194 - - [11/Jun/2016:00:23:34 +0800] "GET /content/nav/relationSubject.jsp?relationWords=%E5%85%AB%E5%88%86%E6%9B%B8%20%E5%98%89%E7%A5%A5%20%E6%96%87%E5%AE%97%20%E6%B4%AA%E6%B0%8F%20%E6%B4%AA%E6%B4%9E%20%E6%BF%9F%E5%AF%A7%E5%B7%9E%20%E9%A1%8C%E8%A8%98%20&oid=1814183 HTTP/1.1" 200 5463
66.249.79.200 - - [11/Jun/2016:00:23:50 +0800] "GET /content/repository/resource_content.jsp?oid=1553878 HTTP/1.1" 200 28753
66.249.79.200 - - [11/Jun/2016:00:24:14 +0800] "GET /content/nav/relationSubject.jsp?relationWords=%E6%A5%8A%E6%AD%A3+&oid=2683808 HTTP/1.1" 200 4997
66.249.71.136 - - [11/Jun/2016:00:24:18 +0800] "GET /content/nav/relationSubject.jsp?relationWords=%E6%A5%8A%E6%AD%A3%20&oid=2683808 HTTP/1.1" 200 4997
223.142.138.132 - - [11/Jun/2016:00:24:40 +0800] "GET /digiarch3/content/repository/resource_content.jsp?oid=1124023&queryType=qs&queryString=%E5%AD%94%E9%9B%80%E8%9B%A4 HTTP/1.1" 200 36951
223.142.138.132 - - [11/Jun/2016:00:24:41 +0800] "GET /digiarch3/content/nav/relationSubject.jsp?relationWords=%E5%AD%94%E9%9B%80%E8%9B%A4+%E6%AE%BC%E8%8F%9C%E8%9B%A4%E7%A7%91+%E7%B6%A0%E6%AE%BC%E8%8F%9C%E8%9B%A4+%E7%BF%A1%E7%BF%A0%E8%B2%BD%E8%B2%9D+%E8%B2%BD%E8%B2%9D+%E9%9B%99%E6%AE%BC%E7%B6%B1+&oid=1124023 HTTP/1.1" 200 3568
66.249.71.248 - - [11/Jun/2016:00:24:51 +0800] "GET /content/repository/resource_content.jsp?oid=2683808&queryType=qs&queryString=%E6%A5%8A%E6%AD%A3 HTTP/1.1" 200 30220
66.249.79.200 - - [11/Jun/2016:00:25:06 +0800] "GET /content/repository/resource_content.jsp?oid=1818644 HTTP/1.1" 200 29370
66.249.71.136 - - [11/Jun/2016:00:25:16 +0800] "GET /content/repository/resource_content.jsp?oid=1622118 HTTP/1.1" 200 28700
223.142.138.132 - - [11/Jun/2016:00:25:33 +0800] "GET /digiarch3/content/repository/resource_content.jsp?oid=1126281&queryType=qs&queryString=%E5%AD%94%E9%9B%80%E8%9B%A4 HTTP/1.1" 200 32187
223.142.138.132 - - [11/Jun/2016:00:25:33 +0800] "GET /digiarch3/content/nav/relationSubject.jsp?relationWords=%E5%AD%94%E9%9B%80%E8%9B%A4+%E6%AE%BC%E8%8F%9C%E8%9B%A4%E7%A7%91+%E7%B6%A0%E6%AE%BC%E8%8F%9C%E8%9B%A4+%E7%BF%A1%E7%BF%A0%E8%B2%BD%E8%B2%9D+%E8%B2%BD%E8%B2%9D+%E9%9B%99%E6%AE%BC%E7%B6%B1+&oid=1126281 HTTP/1.1" 200 3568
66.249.71.136 - - [11/Jun/2016:00:25:52 +0800] "GET /content/nav/relationSubject.jsp?relationWords=%E4%BA%94%E6%A3%98%E9%AF%9B+%E4%BA%94%E6%A3%98%E9%AF%9B%E7%A7%91+%E5%A4%A9%E7%8B%97+%E5%A4%A9%E7%8B%97%E6%97%97%E9%AF%9B+%E6%A3%98%E9%AF%9B+%E9%AF%9B%E7%A7%91+&oid=1081604 HTTP/1.1" 200 3609
223.142.138.132 - - [11/Jun/2016:00:26:04 +0800] "GET /digiarch3/content/repository/resource_content.jsp?oid=1887120&queryType=qs&queryString=%E5%AD%94%E9%9B%80%E8%9B%A4 HTTP/1.1" 200 32221
223.142.138.132 - - [11/Jun/2016:00:26:05 +0800] "GET /digiarch3/content/nav/relationSubject.jsp?relationWords=%E5%AD%94%E9%9B%80%E8%9B%A4+%E6%AE%BC%E8%8F%9C%E8%9B%A4%E7%A7%91+%E7%B6%A0%E6%AE%BC%E8%8F%9C%E8%9B%A4+%E7%BF%A1%E7%BF%A0%E8%B2%BD%E8%B2%9D+%E8%B2%BD%E8%B2%9D+%E9%9B%99%E6%AE%BC%E7%B6%B1+&oid=1887120 HTTP/1.1" 200 3661
66.249.71.136 - - [11/Jun/2016:00:26:14 +0800] "GET /content/nav/relationSubject.jsp?relationWords=%E6%A4%8D%E7%89%A9%E7%95%8C+%E8%96%94%E8%96%87%E5%B1%AC+%E8%96%94%E8%96%87%E7%9B%AE+%E8%96%94%E8%96%87%E7%A7%91+%E9%AB%98%E5%B1%B1%E8%96%94%E8%96%87+&oid=1112466 HTTP/1.1" 200 3385
66.249.71.136 - - [11/Jun/2016:00:26:17 +0800] "GET /content/nav/relationSubject.jsp?relationWords=%E6%A4%8D%E7%89%A9%E7%95%8C%20%E8%96%94%E8%96%87%E5%B1%AC%20%E8%96%94%E8%96%87%E7%9B%AE%20%E8%96%94%E8%96%87%E7%A7%91%20%E9%AB%98%E5%B1%B1%E8%96%94%E8%96%87%20&oid=1112466 HTTP/1.1" 200 3385
118.168.237.26 - - [11/Jun/2016:00:26:21 +0800] "GET /content/nav/relationSubject.jsp?relationWords=&oid=16777459 HTTP/1.1" 200 1405
66.249.71.136 - - [11/Jun/2016:00:26:21 +0800] "GET /content/repository/resource_content.jsp?oid=1891972 HTTP/1.1" 200 28371
66.249.71.199 - - [11/Jun/2016:00:26:54 +0800] "GET /digiarch3/content/nav/relationSubject.jsp?relationWords=%E9%A6%AC%E5%8F%A3%E9%AD%9A+%E9%AF%89%E7%A7%91+&oid=23910 HTTP/1.1" 200 3086
66.249.71.136 - - [11/Jun/2016:00:27:37 +0800] "GET /content/repository/resource_content.jsp?oid=2148256 HTTP/1.1" 200 30878
66.249.71.136 - - [11/Jun/2016:00:27:54 +0800] "GET /content/nav/relationSubject.jsp?relationWords=%E9%AB%98%E7%A0%82%E6%97%8F+&oid=4450655 HTTP/1.1" 200 4328
66.249.71.136 - - [11/Jun/2016:00:28:19 +0800] "GET /content/nav/relationSubject.jsp?relationWords=%E9%AB%98%E7%A0%82%E6%97%8F%20&oid=4450655 HTTP/1.1" 200 4328
66.249.71.152 - - [11/Jun/2016:00:28:29 +0800] "GET /content/repository/resource_content.jsp?oid=4501319&queryString=%E7%81%AB%E6%88%90%E5%B2%A9 HTTP/1.1" 200 28788
66.249.71.136 - - [11/Jun/2016:00:28:53 +0800] "GET /content/repository/resource_content.jsp?oid=2144672 HTTP/1.1" 200 31073
66.249.71.136 - - [11/Jun/2016:00:28:56 +0800] "GET /content/nav/relationSubject.jsp?relationWords=%E6%83%85%E7%9C%9F%E5%BE%8B+%E7%9B%A3%E5%80%99+%E7%A7%8B%E6%B1%BA+%E7%B5%9E%E7%9B%A3+%E7%B5%9E%E7%9B%A3%E5%80%99+&oid=2525681 HTTP/1.1" 200 4203
66.249.71.136 - - [11/Jun/2016:00:29:02 +0800] "GET /content/nav/relationSubject.jsp?relationWords=%E6%83%85%E7%9C%9F%E5%BE%8B%20%E7%9B%A3%E5%80%99%20%E7%A7%8B%E6%B1%BA%20%E7%B5%9E%E7%9B%A3%20%E7%B5%9E%E7%9B%A3%E5%80%99%20&oid=2525681 HTTP/1.1" 200 4203
66.249.71.152 - - [11/Jun/2016:00:29:07 +0800] "GET /content/nav/relationSubject.jsp?relationWords=%E5%8F%B0%E7%81%A3%E5%8E%9F%E4%BD%8F%E6%B0%91+%E5%9F%BA%E5%9B%A0+%E8%91%A1%E8%90%84%E7%B3%96+&oid=1778425 HTTP/1.1" 200 10071
66.249.82.156 - - [11/Jun/2016:00:29:25 +0800] "GET /content/nav/relationSubject.jsp?relationWords=%E5%A4%8F%E5%A4%9C+%E6%B0%B4%E8%8C%84%E8%8B%B3+&oid=16777503 HTTP/1.1" 200 3687
66.249.71.136 - - [11/Jun/2016:00:29:50 +0800] "GET /content/nav/relationSubject.jsp?relationWords=API%20%E6%A4%8D%E7%89%A9%E7%95%8C%20%E6%BF%B1%E7%95%B6%E6%AD%B8%20%E7%95%B6%E6%AD%B8%E5%B1%AC%20%E7%B9%96%E5%BD%A2%E7%A7%91%20%E9%9B%99%E5%AD%90%E8%91%89%E6%A4%8D%E7%89%A9%20&oid=1101767 HTTP/1.1" 200 3448
66.249.71.136 - - [11/Jun/2016:00:29:54 +0800] "GET /content/nav/relationSubject.jsp?relationWords=%E5%85%AD%E5%BA%9C%E6%95%99+%E7%95%A2%E6%A5%AD%E7%94%9F+%E7%9C%81%E6%94%BF%E5%BA%9C+%E8%88%B9%E5%93%A1+%E8%BC%AA%E6%A9%9F+&oid=1549033 HTTP/1.1" 200 4627
66.249.79.200 - - [11/Jun/2016:00:30:09 +0800] "GET /digiarch_en/content/repository/resource_content.jsp?oid=1887361&queryString=%E6%BC%AB%E7%95%AB HTTP/1.1" 200 24021
66.249.71.136 - - [11/Jun/2016:00:30:39 +0800] "GET /content/nav/relationSubject.jsp?relationWords=%E6%96%B9%E9%BC%8E+%E7%88%B6%E5%B7%B1+&oid=3041553 HTTP/1.1" 200 3223
66.249.71.200 - - [11/Jun/2016:00:31:24 +0800] "GET /content/repository/resource_content.jsp?oid=2519155&queryString=%E4%BE%B5%E6%89%A3 HTTP/1.1" 200 29930
66.249.71.136 - - [11/Jun/2016:00:31:25 +0800] "GET /content/nav/relationSubject.jsp?relationWords=%E5%9C%9F%E8%82%89%E6%A1%82+%E6%A4%8D%E7%89%A9%E7%95%8C+%E6%A8%9F%E5%B1%AC+%E6%A8%9F%E7%A7%91+%E8%82%89%E6%A1%82+&oid=2149991 HTTP/1.1" 200 3334
66.249.71.136 - - [11/Jun/2016:00:31:30 +0800] "GET /content/nav/relationSubject.jsp?relationWords=%E5%9C%9F%E8%82%89%E6%A1%82%20%E6%A4%8D%E7%89%A9%E7%95%8C%20%E6%A8%9F%E5%B1%AC%20%E6%A8%9F%E7%A7%91%20%E8%82%89%E6%A1%82%20&oid=2149991 HTTP/1.1" 200 3334
66.249.79.200 - - [11/Jun/2016:00:31:34 +0800] "GET /content/nav/relationSubject.jsp?relationWords=%E6%9D%BE%E6%9D%89+%E6%9F%8F%E7%A7%91+%E6%A4%8D%E7%89%A9%E7%95%8C+%E6%A5%A0%E5%B1%AC+%E6%AF%AC%E6%9E%9C+%E8%82%96%E6%A5%A0%E5%B1%AC+&oid=1457351 HTTP/1.1" 200 3204
66.249.71.136 - - [11/Jun/2016:00:31:41 +0800] "GET /digiarch_en/content/nav/relationSubject.jsp?relationWords=%E5%A0%B1%E6%98%A5%E8%8A%B1+%E5%B1%B1%E6%A1%82%E8%8A%B1+%E5%B1%B1%E6%A1%82%E8%8A%B1%E5%B1%AC+%E6%A4%8D%E7%89%A9%E7%95%8C+%E7%B4%AB%E9%87%91%E7%89%9B%E7%A7%91+&oid=3822542 HTTP/1.1" 200 3461
66.249.71.136 - - [11/Jun/2016:00:31:44 +0800] "GET /digiarch_en/content/nav/relationSubject.jsp?relationWords=%E5%A0%B1%E6%98%A5%E8%8A%B1%20%E5%B1%B1%E6%A1%82%E8%8A%B1%20%E5%B1%B1%E6%A1%82%E8%8A%B1%E5%B1%AC%20%E6%A4%8D%E7%89%A9%E7%95%8C%20%E7%B4%AB%E9%87%91%E7%89%9B%E7%A7%91%20&oid=3822542 HTTP/1.1" 200 3461
66.249.66.167 - - [11/Jun/2016:00:32:22 +0800] "GET /content/subject/resource_content.jsp?oid=16777752&queryType=qs&queryString=%E6%B0%91%E6%97%8F%E8%AA%8C HTTP/1.1" 200 37388
66.249.71.199 - - [11/Jun/2016:00:32:33 +0800] "GET /digiarch3/content/nav/relationSubject.jsp?relationWords=%E4%BC%91%E9%96%92%E8%BE%B2%E6%A5%AD+%E7%8A%80%E7%89%9B+%E7%92%B0%E4%BF%9D+%E7%94%9F%E6%85%8B%E4%BF%9D%E8%82%B2+%E8%9B%87%E5%B0%BE+%E8%BE%B2%E5%A7%94%E6%9C%83+%E8%BE%B2%E6%9E%97%E5%BB%B3+%E8%BE%B2%E7%94%A2%E5%93%81+%E8%BE%B2%E8%97%A5%E6%AE%98%E7%95%99+&oid=1592253 HTTP/1.1" 200 6206
66.249.71.199 - - [11/Jun/2016:00:32:39 +0800] "GET /digiarch3/content/nav/relationSubject.jsp?relationWords=%E4%BC%91%E9%96%92%E8%BE%B2%E6%A5%AD%20%E7%8A%80%E7%89%9B%20%E7%92%B0%E4%BF%9D%20%E7%94%9F%E6%85%8B%E4%BF%9D%E8%82%B2%20%E8%9B%87%E5%B0%BE%20%E8%BE%B2%E5%A7%94%E6%9C%83%20%E8%BE%B2%E6%9E%97%E5%BB%B3%20%E8%BE%B2%E7%94%A2%E5%93%81%20%E8%BE%B2%E8%97%A5%E6%AE%98%E7%95%99%20&oid=1592253 HTTP/1.1" 200 6206
66.249.71.199 - - [11/Jun/2016:00:32:41 +0800] "GET /digiarch3/content/repository/resource_content.jsp?oid=4352600&queryString=%E5%90%89%E5%88%A9%E6%85%88%E9%AF%9B%20%E6%85%88%E9%AF%9B%E7%A7%91 HTTP/1.1" 200 35771
66.249.71.199 - - [11/Jun/2016:00:32:55 +0800] "GET /digiarch3/content/nav/relationSubject.jsp?relationWords=%E6%8B%93%E7%89%87+%E7%A7%A6%E7%8E%8B+&oid=16777556 HTTP/1.1" 200 5098
66.249.71.199 - - [11/Jun/2016:00:33:00 +0800] "GET /digiarch3/content/nav/relationSubject.jsp?relationWords=%E6%A1%83%E9%87%91%E5%AD%83+%E6%A1%83%E9%87%91%E5%AD%83%E7%A7%91+%E6%A4%8D%E7%89%A9%E7%95%8C+%E8%B5%A4%E6%A5%A0%E5%B1%AC+%E9%AB%98%E5%A3%AB%E4%BD%9B%E8%B5%A4%E6%A5%A0+&oid=3822427 HTTP/1.1" 200 3438
66.249.71.150 - - [11/Jun/2016:00:33:23 +0800] "GET /content/nav/relationSubject.jsp?relationWords=%E5%A4%A7%E8%91%89%E7%9F%B3%E6%AB%9F+%E6%9F%AF%E5%B1%AC+%E6%A4%8D%E7%89%A9%E7%95%8C+%E6%AE%BC%E6%96%97%E7%A7%91+&oid=2150982 HTTP/1.1" 200 3340
66.249.71.150 - - [11/Jun/2016:00:33:25 +0800] "GET /content/nav/relationSubject.jsp?relationWords=%E5%A4%A7%E8%91%89%E7%9F%B3%E6%AB%9F%20%E6%9F%AF%E5%B1%AC%20%E6%A4%8D%E7%89%A9%E7%95%8C%20%E6%AE%BC%E6%96%97%E7%A7%91%20&oid=2150982 HTTP/1.1" 200 3340
66.249.71.199 - - [11/Jun/2016:00:33:37 +0800] "GET /digiarch3/content/nav/relationSubject.jsp?relationWords=&oid=16777713 HTTP/1.1" 200 1405
66.249.71.150 - - [11/Jun/2016:00:33:38 +0800] "GET /digiarch_en/content/nav/relationSubject.jsp?relationWords=%E5%B8%AB%E5%B0%88+%E6%A3%92%E7%90%83%E9%9A%8A+&oid=1581364 HTTP/1.1" 200 3082
66.249.71.136 - - [11/Jun/2016:00:33:43 +0800] "GET /digiarch_en/content/nav/relationSubject.jsp?relationWords=%E5%B8%AB%E5%B0%88%20%E6%A3%92%E7%90%83%E9%9A%8A%20&oid=1581364 HTTP/1.1" 200 3082
66.249.71.136 - - [11/Jun/2016:00:33:57 +0800] "GET /content/repository/resource_content.jsp?oid=1115318 HTTP/1.1" 200 31463
66.249.71.136 - - [11/Jun/2016:00:34:50 +0800] "GET /content/repository/resource_content.jsp?oid=1104799&queryString=%E5%85%A7%E8%8B%B3%E5%AD%90%20%E6%A4%8D%E7%89%A9%E7%95%8C%20%E6%A8%9F%E7%A7%91%20%E9%87%A3%E6%A8%9F%E5%B1%AC HTTP/1.1" 200 31143
59.102.156.47 - - [11/Jun/2016:00:34:52 +0800] "GET /digiarch3/content/subject/resource_content.jsp?oid=16797340&queryType=qc HTTP/1.1" 200 63037
59.102.156.47 - - [11/Jun/2016:00:34:53 +0800] "GET /digiarch3/content/nav/relationSubject.jsp?relationWords=%E5%8A%89%E5%85%B6%E5%81%89+&oid=16797340 HTTP/1.1" 200 1415
66.249.71.166 - - [11/Jun/2016:00:35:16 +0800] "GET /content/subject/resource_content.jsp?oid=16777451&queryType=qc HTTP/1.1" 200 28480
66.249.71.136 - - [11/Jun/2016:00:35:28 +0800] "GET /digiarch_en/content/nav/relationSubject.jsp?relationWords=%E4%B8%AD%E8%97%A5+%E4%B9%BE%E5%85%83+%E5%95%86%E8%A1%8C+%E8%BF%AA%E5%8C%96%E8%A1%97+&oid=16777773 HTTP/1.1" 200 3804
66.249.71.136 - - [11/Jun/2016:00:35:42 +0800] "GET /content/nav/relationSubject.jsp?relationWords=%E5%9C%B0%E4%B8%8A%E7%89%A9+%E5%9C%B0%E5%83%B9+%E6%97%B1%E7%94%B0+%E6%9B%BE%E6%96%87%E6%B0%B4%E5%BA%AB+%E7%B6%AD%E6%B0%91+&oid=1585449 HTTP/1.1" 200 3311
66.249.79.148 - - [11/Jun/2016:00:35:58 +0800] "GET /content/nav/relationSubject.jsp?relationWords=%E4%B8%89%E9%87%8D%E5%B8%82+%E5%85%AC%E7%A9%8D%E9%87%91+%E5%85%AC%E8%B3%A3%E5%B1%80+%E5%88%86%E7%B4%9A+%E5%88%A9%E6%BD%A4+%E5%95%A4%E9%85%92+%E5%9C%9F%E5%9C%B0%E7%A8%85+%E5%9C%B0%E6%96%B9%E7%B8%BD%E9%A0%90%E7%AE%97+%E5%A4%A7%E8%87%BA%E5%8C%97%E5%8D%80+%E6%88%BF%E5%B1%8B%E7%A8%85+%E7%80%86%E8%81%B7+%E7%8E%8B%E7%B4%B9+%E7%8E%8B%E7%B4%B9%E5%A0%89+%E7%9B%88%E9%A4%98+%E7%A9%BA%E9%9A%99+%E7%AB%8B%E5%A7%94+%E7%B8%BD%E9%A0%90%E7%AE%97+%E8%87%BA%E5%8C%97%E5%8D%80+%E8%87%BA%E5%8C%97%E7%B8%A3+%E9%83%BD%E5%B8%82%E8%A8%88%E5%8A%83+%E9%98%B2%E6%B4%AA+%E9%A0%90%E7%AE%97+&oid=1575031 HTTP/1.1" 200 5514
66.249.71.159 - - [11/Jun/2016:00:36:28 +0800] "GET /content/repository/resource_content.jsp?oid=2664918&queryType=qs&queryString=%E5%A7%94%E5%A6%A5%E5%93%A1 HTTP/1.1" 200 30329
180.76.15.34 - - [11/Jun/2016:00:37:02 +0800] "GET /content/repository/resource_content.jsp?oid=2150913&queryString=%E6%96%B0%E6%9C%A8%E8%96%91%E5%AD%90%E5%B1%AC%20%E6%A4%8D%E7%89%A9%E7%95%8C%20%E6%A8%9F%E7%A7%91%20%E9%8A%B3%E8%91%89%E6%96%B0%E6%9C%A8%E8%96%91%E5%AD%90 HTTP/1.1" 200 31500
66.249.71.143 - - [11/Jun/2016:00:38:02 +0800] "GET /content/repository/resource_content.jsp?oid=1889682&queryString=%E6%9D%8E%E5%AD%90%20%E6%9D%8E%E5%AD%90%E9%A7%B8 HTTP/1.1" 200 29032
40.77.167.83 - - [11/Jun/2016:00:38:34 +0800] "GET /content/nav/relationSubject.jsp?relationWords=%E5%A4%9A%E6%A8%A3%E6%80%A7+&oid=16777462 HTTP/1.1" 200 4316
66.249.71.136 - - [11/Jun/2016:00:38:47 +0800] "GET /content/nav/relationSubject.jsp?relationWords=%E5%8E%9A%E8%91%89%E8%95%A8%E5%B1%AC+%E6%A4%8D%E7%89%A9%E7%95%8C+%E7%B7%9A%E7%89%87%E9%95%B7%E7%AD%92%E8%95%A8+%E8%95%A8%E9%A1%9E%E6%A4%8D%E7%89%A9+&oid=2144670 HTTP/1.1" 200 3233
66.249.71.136 - - [11/Jun/2016:00:38:58 +0800] "GET /content/nav/relationSubject.jsp?relationWords=%E5%8F%B0%E7%81%A3%E7%95%B0%E8%91%89%E8%8B%A3%E8%8B%94+%E6%A4%8D%E7%89%A9%E7%95%8C+%E7%8E%84%E5%8F%83+%E7%8E%89%E7%8E%B2+%E7%8E%89%E7%8E%B2%E8%8A%B1+%E7%8E%89%E7%8E%B2%E8%8A%B1%E5%B1%AC+%E7%95%B0%E8%91%89%E8%8B%A3%E8%8B%94+%E7%95%B0%E8%91%89%E8%8B%A3%E8%8B%94%E5%B1%AC+%E8%8B%A3%E8%8B%94+%E8%8B%A6%E8%8B%A3+%E8%8B%A6%E8%8B%A3%E8%8B%94+%E8%8B%A6%E8%8B%A3%E8%8B%94%E7%A7%91+&oid=1113752 HTTP/1.1" 200 3861
66.249.71.136 - - [11/Jun/2016:00:39:00 +0800] "GET /content/subject/resource_content.jsp?oid=16777505&queryString= HTTP/1.1" 200 38069
66.249.71.136 - - [11/Jun/2016:00:39:03 +0800] "GET /content/nav/relationSubject.jsp?relationWords=%E5%8F%B0%E7%81%A3%E7%95%B0%E8%91%89%E8%8B%A3%E8%8B%94%20%E6%A4%8D%E7%89%A9%E7%95%8C%20%E7%8E%84%E5%8F%83%20%E7%8E%89%E7%8E%B2%20%E7%8E%89%E7%8E%B2%E8%8A%B1%20%E7%8E%89%E7%8E%B2%E8%8A%B1%E5%B1%AC%20%E7%95%B0%E8%91%89%E8%8B%A3%E8%8B%94%20%E7%95%B0%E8%91%89%E8%8B%A3%E8%8B%94%E5%B1%AC%20%E8%8B%A3%E8%8B%94%20%E8%8B%A6%E8%8B%A3%20%E8%8B%A6%E8%8B%A3%E8%8B%94%20%E8%8B%A6%E8%8B%A3%E8%8B%94%E7%A7%91%20&oid=1113752 HTTP/1.1" 200 3861
66.249.71.159 - - [11/Jun/2016:00:39:05 +0800] "GET /content/nav/relationSubject.jsp?relationWords=%E5%88%91%E9%83%A8+&oid=2640734 HTTP/1.1" 200 3095
66.249.71.159 - - [11/Jun/2016:00:39:08 +0800] "GET /content/nav/relationSubject.jsp?relationWords=%E5%88%91%E9%83%A8%20&oid=2640734 HTTP/1.1" 200 3095
66.249.71.136 - - [11/Jun/2016:00:39:59 +0800] "GET /content/nav/relationSubject.jsp?relationWords=%E7%9F%B3%E9%8C%9B+%E9%9B%85%E7%BE%8E+%E9%9B%85%E7%BE%8E%E6%97%8F+&oid=1781363 HTTP/1.1" 200 3012
66.249.71.136 - - [11/Jun/2016:00:40:00 +0800] "GET /content/nav/relationSubject.jsp?relationWords=%E4%BD%9B%E5%BC%9F%E5%AD%90+%E4%BD%9B%E8%A8%98+%E5%87%A1%E5%A4%AB+%E6%B8%85%E4%BF%A1%E5%A3%AB+%E7%84%A1%E9%87%8F%E5%A3%BD%E4%BD%9B+%E9%80%A0%E5%83%8F%E8%A8%98+%E9%A1%8C%E8%A8%98+&oid=1834203 HTTP/1.1" 200 5130
66.249.71.136 - - [11/Jun/2016:00:40:03 +0800] "GET /content/nav/relationSubject.jsp?relationWords=%E7%9F%B3%E9%8C%9B%20%E9%9B%85%E7%BE%8E%20%E9%9B%85%E7%BE%8E%E6%97%8F%20&oid=1781363 HTTP/1.1" 200 3012
66.249.71.152 - - [11/Jun/2016:00:40:10 +0800] "GET /content/nav/relationSubject.jsp?relationWords=%E5%B7%A5%E9%83%A8+%E6%BC%A2%E7%9B%A3%E7%9D%A3+%E9%8C%A2%E6%B3%95%E5%A0%82+&oid=2662188 HTTP/1.1" 200 3168
66.249.71.136 - - [11/Jun/2016:00:40:16 +0800] "GET /content/repository/resource_content.jsp?oid=1834294 HTTP/1.1" 200 30435
66.249.71.152 - - [11/Jun/2016:00:40:16 +0800] "GET /content/nav/relationSubject.jsp?relationWords=%E5%B7%A5%E9%83%A8%20%E6%BC%A2%E7%9B%A3%E7%9D%A3%20%E9%8C%A2%E6%B3%95%E5%A0%82%20&oid=2662188 HTTP/1.1" 200 3168
66.249.71.136 - - [11/Jun/2016:00:40:35 +0800] "GET /content/nav/relationSubject.jsp?relationWords=&oid=2519957 HTTP/1.1" 200 1405
66.249.79.200 - - [11/Jun/2016:00:41:14 +0800] "GET /content/repository/resource_content.jsp?oid=4363005&queryString=%E5%85%88%E8%81%96%20%E5%8A%89%E5%90%91%20%E5%A4%AA%E6%AD%B2%20%E6%95%A6%E7%85%8C%20%E6%B0%B8%E5%98%89%20%E6%BC%A2%E8%88%88%20%E7%8E%8B%E6%AD%A6%20%E9%95%B7%E5%8F%B2 HTTP/1.1" 200 29409
66.249.79.244 - - [11/Jun/2016:00:41:31 +0800] "GET /content/subject/resource_content.jsp?oid=16797297&queryType=qc HTTP/1.1" 200 67888
118.166.186.110 - - [11/Jun/2016:00:41:46 +0800] "GET /content/tmp_exh/resource_content.jsp?oid=16777849&queryString= HTTP/1.1" 200 32528
66.249.71.136 - - [11/Jun/2016:00:41:47 +0800] "GET /content/nav/relationSubject.jsp?relationWords=%E6%96%B0%E6%9C%A8%E8%96%91%E5%AD%90+%E6%96%B0%E6%9C%A8%E8%96%91%E5%AD%90%E5%B1%AC+%E6%A4%8D%E7%89%A9%E7%95%8C+%E6%A8%9F%E7%A7%91+&oid=2149795 HTTP/1.1" 200 3446
111.250.49.47 - - [11/Jun/2016:00:42:29 +0800] "GET /content/nav/relationSubject.jsp?relationWords=%E6%B4%8B%E7%8E%89%E8%98%AD+&oid=16777351 HTTP/1.1" 200 3545
66.249.71.152 - - [11/Jun/2016:00:42:46 +0800] "GET /content/subject/resource_content.jsp?oid=16777804&queryType=qs&queryString=%E5%84%92%E5%AE%B6 HTTP/1.1" 200 29744
66.249.71.152 - - [11/Jun/2016:00:44:02 +0800] "GET /content/subject/resource_content.jsp?oid=16777484&queryType=qs&queryString=%E5%A4%A9%E5%90%9B%E9%BC%8E HTTP/1.1" 200 72148
66.249.79.200 - - [11/Jun/2016:00:44:12 +0800] "GET /content/nav/relationSubject.jsp?relationWords=%E6%95%B8%E4%BD%8D%E5%85%B8%E8%97%8F+&oid=16777379 HTTP/1.1" 200 5913
66.249.71.136 - - [11/Jun/2016:00:44:15 +0800] "GET /content/nav/relationSubject.jsp?relationWords=&oid=1611738 HTTP/1.1" 200 1405
66.249.79.186 - - [11/Jun/2016:00:44:35 +0800] "GET /digiarch3/content/nav/relationSubject.jsp?relationWords=%E4%B8%89%E9%BD%92%E4%BB%94+%E4%B8%AD%E8%83%B8%E5%AF%92%E9%AF%9B+%E4%B8%AD%E8%83%B8%E7%8B%90%E9%AF%9B+%E6%97%A5%E6%9C%AC%E5%A9%86%E4%BB%94+%E6%99%AE%E6%8F%90+%E7%B2%97%E9%B1%97%E6%B2%99+%E7%B4%85%E5%A8%98%E4%BB%94+%E9%9A%86%E9%A0%AD%E9%AD%9A%E7%A7%91+&oid=4352900 HTTP/1.1" 200 3861
66.249.79.186 - - [11/Jun/2016:00:44:39 +0800] "GET /digiarch3/content/nav/relationSubject.jsp?relationWords=%E4%B8%89%E9%BD%92%E4%BB%94%20%E4%B8%AD%E8%83%B8%E5%AF%92%E9%AF%9B%20%E4%B8%AD%E8%83%B8%E7%8B%90%E9%AF%9B%20%E6%97%A5%E6%9C%AC%E5%A9%86%E4%BB%94%20%E6%99%AE%E6%8F%90%20%E7%B2%97%E9%B1%97%E6%B2%99%20%E7%B4%85%E5%A8%98%E4%BB%94%20%E9%9A%86%E9%A0%AD%E9%AD%9A%E7%A7%91%20&oid=4352900 HTTP/1.1" 200 3861
66.249.79.244 - - [11/Jun/2016:00:45:19 +0800] "GET /content/repository/resource_content.jsp?oid=14943&queryType=qs&queryString=%E8%99%B9%E5%BD%A9 HTTP/1.1" 200 34704
66.249.71.136 - - [11/Jun/2016:00:45:20 +0800] "GET /content/nav/relationSubject.jsp?relationWords=%E4%B8%AD%E6%9B%B8%E7%A7%91+&oid=2686348 HTTP/1.1" 200 3099
66.249.71.150 - - [11/Jun/2016:00:45:22 +0800] "GET /content/nav/relationSubject.jsp?relationWords=%E4%B8%AD%E6%9B%B8%E7%A7%91%20&oid=2686348 HTTP/1.1" 200 3099
66.249.71.143 - - [11/Jun/2016:00:45:33 +0800] "GET /content/nav/relationSubject.jsp?relationWords=%E6%9D%B1%E8%8E%9E+%E9%A1%8C%E8%A8%98+&oid=1815151 HTTP/1.1" 200 4830
66.249.71.143 - - [11/Jun/2016:00:45:35 +0800] "GET /content/nav/relationSubject.jsp?relationWords=%E5%90%88%E4%BD%9C%E7%A4%BE+%E6%BD%98%E7%A6%8F%E9%9A%86+%E7%9C%81%E6%94%BF%E5%BA%9C+%E7%AB%B9%E5%B1%B1%E9%8E%AE+%E8%95%AD%E6%B7%BB%E8%B2%A1+%E9%99%B3%E6%9C%9B%E9%9B%84+%E9%BB%83%E9%81%8B%E9%87%91+&oid=1522087 HTTP/1.1" 200 4757
66.249.71.143 - - [11/Jun/2016:00:45:37 +0800] "GET /content/nav/relationSubject.jsp?relationWords=%E6%9D%B1%E8%8E%9E%20%E9%A1%8C%E8%A8%98%20&oid=1815151 HTTP/1.1" 200 4830
66.249.71.143 - - [11/Jun/2016:00:45:38 +0800] "GET /content/nav/relationSubject.jsp?relationWords=%E5%90%88%E4%BD%9C%E7%A4%BE%20%E6%BD%98%E7%A6%8F%E9%9A%86%20%E7%9C%81%E6%94%BF%E5%BA%9C%20%E7%AB%B9%E5%B1%B1%E9%8E%AE%20%E8%95%AD%E6%B7%BB%E8%B2%A1%20%E9%99%B3%E6%9C%9B%E9%9B%84%20%E9%BB%83%E9%81%8B%E9%87%91%20&oid=1522087 HTTP/1.1" 200 4757
66.249.71.152 - - [11/Jun/2016:00:46:34 +0800] "GET /content/repository/resource_content.jsp?oid=15582&queryString=%E6%96%91%E7%9F%B3%E9%AF%9B%20%E7%9F%B3%E9%AF%9B%20%E7%A1%AC%E6%AE%BC%E4%BB%94%20%E9%AF%9B%E7%A7%91 HTTP/1.1" 200 35018
40.77.167.83 - - [11/Jun/2016:00:47:01 +0800] "GET /content/nav/relationSubject.jsp?relationWords=%E9%BB%91%E6%9D%BF%E6%A8%B9+&oid=16777262 HTTP/1.1" 200 3253
66.249.71.143 - - [11/Jun/2016:00:47:35 +0800] "GET /content/subject/resource_content.jsp?oid=16777467&queryString=%E5%A4%9A%E6%A8%A3%E6%80%A7%20%E6%96%87%E5%8C%96%E4%B8%AD%E5%BF%83%20%E6%B5%B7%E9%AE%AE%20%E7%94%9F%E7%89%A9%E5%A4%9A%E6%A8%A3%E6%80%A7 HTTP/1.1" 200 70851
66.249.71.188 - - [11/Jun/2016:00:47:50 +0800] "GET /content/repository/resource_content.jsp?oid=4474252&queryType=qs&queryString=%E5%A4%AA%E9%83%8E HTTP/1.1" 200 31699
223.137.45.179 - - [11/Jun/2016:00:48:03 +0800] "GET /content/repository/resource_content.jsp?oid=16332&queryType=qs&queryString=%E9%95%B7%E9%9E%AD HTTP/1.1" 200 34346
223.137.45.179 - - [11/Jun/2016:00:48:05 +0800] "GET /content/nav/relationSubject.jsp?relationWords=%E5%8F%89%E5%B0%BE%E5%B8%B6%E9%AD%9A+%E6%B7%B1%E6%B5%B7%E5%B8%B6%E9%AD%9A+&oid=16332 HTTP/1.1" 200 3452
223.137.45.179 - - [11/Jun/2016:00:48:10 +0800] "GET /content/repository/resource_content.jsp?oid=1081661&queryString=%E5%8F%89%E5%B0%BE%E5%B8%B6%E9%AD%9A%20%E6%B7%B1%E6%B5%B7%E5%B8%B6%E9%AD%9A HTTP/1.1" 200 34658
223.137.45.179 - - [11/Jun/2016:00:48:10 +0800] "GET /content/nav/relationSubject.jsp?relationWords=%E5%8F%89%E5%B0%BE+%E6%B7%B1%E6%B5%B7%E5%B8%B6%E9%AD%9A+&oid=1081661 HTTP/1.1" 200 3467
66.249.71.143 - - [11/Jun/2016:00:49:05 +0800] "GET /content/repository/resource_content.jsp?oid=1567258 HTTP/1.1" 200 28599
66.249.71.152 - - [11/Jun/2016:00:49:27 +0800] "GET /content/nav/relationSubject.jsp?relationWords=%E6%9D%9C%E9%A6%99+%E6%9D%9C%E9%A6%99%E5%9C%8B+%E8%A3%BD%E7%B3%96%E6%9C%83%E7%A4%BE+%E9%BB%83%E6%B8%85+%E9%BB%83%E6%B8%85%E6%B3%A2+&oid=1887934 HTTP/1.1" 200 3299
66.249.71.136 - - [11/Jun/2016:00:50:21 +0800] "GET /content/repository/resource_content.jsp?oid=2672561&queryString=%E6%8E%92%E6%B0%B4%E6%BA%9D%20%E7%9C%81%E9%81%93 HTTP/1.1" 200 29863
66.249.71.143 - - [11/Jun/2016:00:50:44 +0800] "GET /content/nav/relationSubject.jsp?relationWords=%E5%9B%9B%E5%BA%9C+&oid=1555718 HTTP/1.1" 200 3304
66.249.71.150 - - [11/Jun/2016:00:50:46 +0800] "GET /content/subject/resource_content.jsp?oid=16777740&queryString=%E6%96%87%E7%89%A9%E9%99%B3%E5%88%97%E9%A4%A8%20%E6%BC%A2%E4%BB%A3%20%E6%BC%A2%E7%B0%A1%20%E7%AF%86%E6%9B%B8%20%E8%8D%89%E6%9B%B8%20%E9%9A%B8%E6%9B%B8 HTTP/1.1" 200 41997
66.249.79.207 - - [11/Jun/2016:00:50:51 +0800] "GET /content/nav/relationSubject.jsp?relationWords=%E7%8D%B8%E9%9D%A2+%E8%9A%8C%E5%B5%8C%E7%89%87+&oid=1851178 HTTP/1.1" 200 3836
66.249.71.143 - - [11/Jun/2016:00:50:55 +0800] "GET /content/nav/relationSubject.jsp?relationWords=%E7%8D%B8%E9%9D%A2%20%E8%9A%8C%E5%B5%8C%E7%89%87%20&oid=1851178 HTTP/1.1" 200 3836
66.249.71.136 - - [11/Jun/2016:00:50:56 +0800] "GET /content/nav/relationSubject.jsp?relationWords=%E5%B1%85%E5%BB%B6%E6%BC%A2%E7%B0%A1+%E6%BC%A2%E7%B0%A1+&oid=289076 HTTP/1.1" 200 3898
66.249.71.136 - - [11/Jun/2016:00:50:58 +0800] "GET /content/nav/relationSubject.jsp?relationWords=%E5%B1%85%E5%BB%B6%E6%BC%A2%E7%B0%A1%20%E6%BC%A2%E7%B0%A1%20&oid=289076 HTTP/1.1" 200 3898
66.249.71.136 - - [11/Jun/2016:00:51:37 +0800] "GET /content/repository/resource_content.jsp?oid=1547026 HTTP/1.1" 200 28535
66.249.71.136 - - [11/Jun/2016:00:51:57 +0800] "GET /content/nav/relationSubject.jsp?relationWords=%E5%8E%9F%E5%AD%90+%E6%88%B6%E7%A8%85+%E6%8A%80%E8%A1%93%E4%BA%BA%E5%93%A1+%E6%9E%97%E6%B0%B8%E6%A8%91+%E6%B0%B8%E6%A8%91+%E6%BC%81%E7%AE%A1%E8%99%95+%E8%94%A1%E9%B4%BB%E6%96%87+%E8%B2%B8%E6%AC%BE+%E9%81%A0%E6%B4%8B%E6%BC%81%E6%A5%AD+%E9%83%AD%E9%9B%A8+%E9%83%AD%E9%9B%A8%E6%96%B0+%E9%99%B3%E7%81%AB+%E9%99%B3%E7%81%AB%E5%9C%9F+%E9%9B%A8%E6%96%B0+%E9%A0%90%E7%AE%97+&oid=1539110 HTTP/1.1" 200 5201
66.249.71.136 - - [11/Jun/2016:00:52:53 +0800] "GET /digiarch_en/content/repository/resource_content.jsp?oid=1081356&queryString=%E9%B0%93%E9%B0%BB HTTP/1.1" 200 23363
66.249.71.159 - - [11/Jun/2016:00:52:53 +0800] "GET /content/nav/relationSubject.jsp?relationWords=%E5%9B%9B%E9%BD%92+%E5%9B%9B%E9%BD%92%E9%AD%A8+%E8%A6%8F%E4%BB%94+%E9%95%B7%E5%88%BA%E6%B3%B0%E6%B0%8F%E9%AD%A8+%E9%AD%A8%E7%A7%91+&oid=1081684 HTTP/1.1" 200 3579
66.249.79.200 - - [11/Jun/2016:00:52:54 +0800] "GET /content/nav/relationSubject.jsp?relationWords=&oid=1624425 HTTP/1.1" 200 1405
66.249.71.242 - - [11/Jun/2016:00:53:34 +0800] "GET /content/nav/relationSubject.jsp?relationWords=%E6%A5%8A%E6%AD%A3+&oid=2683808 HTTP/1.1" 200 4997
66.249.71.254 - - [11/Jun/2016:00:53:38 +0800] "GET /content/nav/relationSubject.jsp?relationWords=%E6%A5%8A%E6%AD%A3%20&oid=2683808 HTTP/1.1" 200 4997
66.249.79.200 - - [11/Jun/2016:00:54:01 +0800] "GET /content/repository/resource_content.jsp?oid=2640348&queryString=%E6%94%B6%E5%85%A5%E6%A1%88%20%E6%AD%A3%E8%88%88%20%E6%AD%A3%E8%88%88%E6%9D%91%20%E7%94%A2%E6%A5%AD%E9%81%93%E8%B7%AF%20%E8%87%BA%E6%9D%B1%E7%B8%A3%20%E8%BE%B2%E7%94%A2%20%E8%BE%B2%E7%94%A2%E5%93%81%20%E9%87%91%E5%B3%B0%20%E9%87%91%E5%B3%B0%E9%84%89 HTTP/1.1" 200 30438
180.76.15.29 - - [11/Jun/2016:00:54:08 +0800] "GET /content/repository/resource_content.jsp?oid=1108439&queryString=%E5%BF%8D%E5%86%AC%E5%B1%AC%20%E5%BF%8D%E5%86%AC%E7%A7%91%20%E6%A4%8D%E7%89%A9%E7%95%8C%20%E8%A3%A1%E7%99%BD%E5%BF%8D%E5%86%AC HTTP/1.1" 200 31266
66.249.79.200 - - [11/Jun/2016:00:55:10 +0800] "GET /content/nav/relationSubject.jsp?relationWords=%E6%9C%A8%E9%98%B2%E5%B7%B1%E5%B1%AC+%E6%A4%8D%E7%89%A9%E7%95%8C+%E6%AF%9B%E8%8C%9B+%E7%B4%B0%E8%91%89+%E9%90%B5%E7%89%9B%E5%85%A5%E7%9F%B3+&oid=2149854 HTTP/1.1" 200 3389
114.25.214.157 - - [11/Jun/2016:00:56:03 +0800] "GET /content/repository/resource_content.jsp?oid=1888223&queryType=qs&queryString=%E6%9E%97%E7%83%88%E5%A0%82 HTTP/1.1" 200 29770
66.249.79.200 - - [11/Jun/2016:00:56:22 +0800] "GET /content/nav/relationSubject.jsp?relationWords=%E5%8F%89%E8%88%8C+%E6%A9%AB%E5%88%97%E5%8F%89%E8%88%8C+%E8%99%8E%E7%A7%91+%E8%99%8E%E9%AD%9A+%E8%9D%A6%E8%99%8E+%E8%9D%A6%E8%99%8E%E7%A7%91+%E8%9D%A6%E8%99%8E%E9%AD%9A+&oid=16182 HTTP/1.1" 200 3590
66.249.79.200 - - [11/Jun/2016:00:56:24 +0800] "GET /content/nav/relationSubject.jsp?relationWords=%E5%8F%89%E8%88%8C%20%E6%A9%AB%E5%88%97%E5%8F%89%E8%88%8C%20%E8%99%8E%E7%A7%91%20%E8%99%8E%E9%AD%9A%20%E8%9D%A6%E8%99%8E%20%E8%9D%A6%E8%99%8E%E7%A7%91%20%E8%9D%A6%E8%99%8E%E9%AD%9A%20&oid=16182 HTTP/1.1" 200 3590
66.249.79.200 - - [11/Jun/2016:00:56:28 +0800] "GET /content/nav/relationSubject.jsp?relationWords=%E6%A4%8D%E7%89%A9%E7%95%8C+%E8%8F%8A%E7%A7%91+%E8%96%8A%E5%B1%AC+%E9%98%BF%E9%87%8C%E5%B1%B1%E8%96%8A+%E9%9B%99%E5%AD%90%E8%91%89+%E9%9B%99%E5%AD%90%E8%91%89%E6%A4%8D%E7%89%A9+&oid=1095705 HTTP/1.1" 200 3495
66.249.71.136 - - [11/Jun/2016:00:56:37 +0800] "GET /content/nav/relationSubject.jsp?relationWords=%E5%A4%AA%E6%AD%B2+&oid=4363005 HTTP/1.1" 200 2987
66.249.71.136 - - [11/Jun/2016:00:56:40 +0800] "GET /content/repository/resource_content.jsp?oid=2547801 HTTP/1.1" 200 28972
66.249.71.136 - - [11/Jun/2016:00:56:42 +0800] "GET /content/nav/relationSubject.jsp?relationWords=%E5%A4%AA%E6%AD%B2%20&oid=4363005 HTTP/1.1" 200 2987
66.249.79.200 - - [11/Jun/2016:00:57:07 +0800] "GET /content/repository/resource_content.jsp?oid=1889885 HTTP/1.1" 200 28709
66.249.71.136 - - [11/Jun/2016:00:57:56 +0800] "GET /content/repository/resource_content.jsp?oid=686584 HTTP/1.1" 200 28924
66.249.71.136 - - [11/Jun/2016:00:58:44 +0800] "GET /content/nav/relationSubject.jsp?relationWords=%E5%A4%A7%E6%88%9F+%E5%A4%A7%E6%88%9F%E7%A7%91+%E6%A4%8D%E7%89%A9%E7%95%8C+%E7%99%BD%E5%8C%8F%E5%AD%90+%E9%87%8E%E6%A1%90%E5%B1%AC+&oid=2147344 HTTP/1.1" 200 3417
