66.249.71.136 - - [15/Jul/2016:09:27:42 +0800] "GET /content/repository/resource_content.jsp?oid=1580005 HTTP/1.1" 200 29324
66.249.71.166 - - [15/Jul/2016:09:28:08 +0800] "GET /content/subject/resource_content.jsp?oid=16777484&queryType=qs&queryString=%E7%89%A9%E7%90%86%E5%AD%B8 HTTP/1.1" 200 72148
66.249.71.136 - - [15/Jul/2016:09:28:57 +0800] "GET /content/nav/relationSubject.jsp?relationWords=%E4%BD%9B%E7%94%B2%E8%8D%89%E5%B1%AC+%E6%A4%8D%E7%89%A9%E7%95%8C+%E7%8E%89%E5%B1%B1%E4%BD%9B%E7%94%B2%E8%8D%89+%E8%96%94%E8%96%87%E7%9B%AE+&oid=1101457 HTTP/1.1" 200 3357
66.249.71.136 - - [15/Jul/2016:09:29:00 +0800] "GET /content/nav/relationSubject.jsp?relationWords=%E4%BD%9B%E7%94%B2%E8%8D%89%E5%B1%AC%20%E6%A4%8D%E7%89%A9%E7%95%8C%20%E7%8E%89%E5%B1%B1%E4%BD%9B%E7%94%B2%E8%8D%89%20%E8%96%94%E8%96%87%E7%9B%AE%20&oid=1101457 HTTP/1.1" 200 3357
66.249.71.136 - - [15/Jul/2016:09:29:17 +0800] "GET /content/repository/resource_content.jsp?oid=1104247 HTTP/1.1" 200 31075
68.180.231.49 - - [15/Jul/2016:09:29:24 +0800] "GET /content/subject/resource_content.jsp?oid=16777656&queryType=qc HTTP/1.1" 200 63549
223.136.45.149 - - [15/Jul/2016:09:29:35 +0800] "GET /content/nav/relationSubject.jsp?relationWords=%E5%A4%A7%E8%91%89%E5%B1%B1%E6%AC%96+%E6%8B%BC%E6%9D%BF%E8%88%9F+%E9%81%94%E6%82%9F%E6%97%8F+&oid=16777270 HTTP/1.1" 200 4585
66.249.71.136 - - [15/Jul/2016:09:29:40 +0800] "GET /content/repository/resource_content.jsp?oid=2526143 HTTP/1.1" 200 29013
163.23.89.199 - - [15/Jul/2016:09:30:05 +0800] "GET /content/nav/relationSubject.jsp?relationWords=%E6%9C%A8%E7%8A%80+%E6%A1%82%E8%8A%B1+&oid=16777255 HTTP/1.1" 200 4029
66.249.71.136 - - [15/Jul/2016:09:30:51 +0800] "GET /digiarch_en/content/repository/resource_content.jsp?oid=2470807&queryString=%E5%A4%AA%E5%B9%B3%E6%B4%8B%E6%88%B0%E7%88%AD%20%E7%9A%87%E6%B0%91%20%E7%9A%87%E6%B0%91%E5%A5%89%E5%85%AC%E6%9C%83%20%E8%B0%B7%E5%B7%9D%20%E8%BB%8D%E8%A8%93%20%E9%95%B7%E8%B0%B7%E5%B7%9D%20%E9%95%B7%E8%B0%B7%E5%B7%9D%E6%B8%85 HTTP/1.1" 200 23841
66.249.71.136 - - [15/Jul/2016:09:30:54 +0800] "GET /digiarch_en/content/nav/relationSubject.jsp?relationWords=%E6%98%8E%E4%BF%A1%E7%89%87+%E6%A5%8A%E6%95%A6%E8%AC%A8+%E9%95%B7%E8%B0%B7%E5%B7%9D+&oid=2470807 HTTP/1.1" 200 4169
157.55.39.208 - - [15/Jul/2016:09:31:02 +0800] "GET /content/tmp_auth/resource_content.jsp?oid=16777777 HTTP/1.1" 200 29418
180.76.15.154 - - [15/Jul/2016:09:31:11 +0800] "GET /content/repository/resource_content.jsp?oid=2152324&queryString=%E4%BB%99%E8%8D%89%20%E4%BB%99%E8%8D%89%E5%B1%AC%20%E5%94%87%E5%BD%A2%E7%A7%91%20%E6%A4%8D%E7%89%A9%E7%95%8C%20%E8%96%84%E8%8D%B7%20%E9%9B%99%E5%AD%90%E8%91%89%20%E9%9B%99%E5%AD%90%E8%91%89%E6%A4%8D%E7%89%A9 HTTP/1.1" 200 31469
66.249.71.136 - - [15/Jul/2016:09:31:13 +0800] "GET /content/repository/resource_content.jsp?oid=2581378 HTTP/1.1" 200 29293
157.55.39.208 - - [15/Jul/2016:09:31:40 +0800] "GET /content/nav/relationSubject.jsp?relationWords=%E5%8F%B0%E7%81%A3%E9%A6%AC%E9%86%89%E6%9C%A8+&oid=33554698 HTTP/1.1" 200 3192
66.249.66.173 - - [15/Jul/2016:09:31:57 +0800] "GET /content/repository/resource_content.jsp?oid=1107476 HTTP/1.1" 200 31259
66.249.71.136 - - [15/Jul/2016:09:32:29 +0800] "GET /digiarch_en/content/repository/resource_content.jsp?oid=4362336&queryString=%E5%8E%AD%E5%8B%9D%20%E9%96%80%E6%A5%A3 HTTP/1.1" 200 24163
66.249.71.136 - - [15/Jul/2016:09:32:45 +0800] "GET /content/repository/resource_content.jsp?oid=2580787 HTTP/1.1" 200 28814
66.249.71.136 - - [15/Jul/2016:09:32:56 +0800] "GET /content/nav/relationSubject.jsp?relationWords=%E9%8C%A2%E7%B3%A7+&oid=2546254 HTTP/1.1" 200 5260
123.125.71.30 - - [15/Jul/2016:09:32:58 +0800] "GET /content/subject/resource_content.jsp?oid=16777620 HTTP/1.1" 200 54705
66.249.71.136 - - [15/Jul/2016:09:33:54 +0800] "GET /content/nav/relationSubject.jsp?relationWords=%E5%8F%B0%E7%81%A3%E7%B5%B2%E8%9D%A6%E8%99%8E%E9%AD%9A+%E8%9D%A6%E8%99%8E%E7%A7%91+%E8%B0%B7%E6%B4%A5%E6%B0%8F%E7%8C%B4%E9%AF%8A+&oid=16151 HTTP/1.1" 200 3219
66.249.71.136 - - [15/Jul/2016:09:34:03 +0800] "GET /content/nav/relationSubject.jsp?relationWords=%E9%AB%98%E5%B1%B1%E6%AF%9B%E8%93%AE%E8%8F%9C+&oid=33554620 HTTP/1.1" 200 3354
66.249.71.136 - - [15/Jul/2016:09:34:17 +0800] "GET /content/repository/resource_content.jsp?oid=1897846&queryString=%E5%B1%B1%E5%9D%A1%E5%9C%B0%20%E8%87%BA%E7%81%A3%E7%9C%81%E6%94%BF%E5%BA%9C%20%E8%BE%B2%E6%9E%97%E5%BB%B3%20%E8%BE%B2%E7%89%A7%E5%B1%80%20%E8%BE%B2%E7%99%BC%E6%9C%83 HTTP/1.1" 200 30557
66.249.71.166 - - [15/Jul/2016:09:34:18 +0800] "GET /content/nav/relationSubject.jsp?relationWords=%E6%95%B8%E4%BD%8D%E5%85%B8%E8%97%8F+%E9%81%99%E6%B8%AC%E5%BD%B1%E5%83%8F+&oid=16777796 HTTP/1.1" 200 5944
66.249.71.159 - - [15/Jul/2016:09:34:23 +0800] "GET /content/nav/relationSubject.jsp?relationWords=%E6%95%B8%E4%BD%8D%E5%85%B8%E8%97%8F%20%E9%81%99%E6%B8%AC%E5%BD%B1%E5%83%8F%20&oid=16777796 HTTP/1.1" 200 5944
40.77.167.31 - - [15/Jul/2016:09:34:40 +0800] "GET /content/nav/relationSubject.jsp?relationWords=%E5%8F%B0%E7%81%A3%E6%AC%92%E6%A8%B9+%E8%8B%A6%E8%8B%93%E8%88%85+&oid=16777254 HTTP/1.1" 200 4285
66.249.71.136 - - [15/Jul/2016:09:34:58 +0800] "GET /content/nav/relationSubject.jsp?relationWords=%E6%88%B6%E6%94%BF%E4%BA%8B%E5%8B%99%E6%89%80+&oid=1594466 HTTP/1.1" 200 3581
66.249.71.136 - - [15/Jul/2016:09:35:16 +0800] "GET /content/nav/relationSubject.jsp?relationWords=%E5%88%91%E9%83%A8+%E5%8A%89%E4%BA%94+&oid=2534465 HTTP/1.1" 200 3130
68.180.231.49 - - [15/Jul/2016:09:35:29 +0800] "GET /digiarch_en/content/subject/resource_content.jsp?oid=16777745&queryType=qc HTTP/1.1" 200 31171
66.249.71.136 - - [15/Jul/2016:09:35:35 +0800] "GET /content/repository/resource_content.jsp?oid=1100254&queryString=%E6%A4%8D%E7%89%A9%E7%95%8C%20%E8%A1%9B%E7%9F%9B%20%E8%A1%9B%E7%9F%9B%E7%A7%91 HTTP/1.1" 200 31383
66.249.71.136 - - [15/Jul/2016:09:35:50 +0800] "GET /content/repository/resource_content.jsp?oid=2558925 HTTP/1.1" 200 28825
114.34.229.95 - - [15/Jul/2016:09:35:52 +0800] "GET /content/nav/relationSubject.jsp?relationWords=%E8%8B%A6%E8%8B%93+&oid=16777317 HTTP/1.1" 200 3183
66.249.64.56 - - [15/Jul/2016:09:35:53 +0800] "GET /digiarch_en/content/nav/relationSubject.jsp?relationWords=%E6%89%80%E5%BE%97%E7%A8%85+%E7%87%9F%E5%88%A9%E4%BA%8B%E6%A5%AD+%E7%9C%81%E6%94%BF%E5%BA%9C+%E8%87%A8%E6%99%82%E7%9C%81%E8%AD%B0%E6%9C%83+%E8%87%BA%E7%81%A3%E7%9C%81+%E8%B3%B4%E6%A3%AE%E6%9E%97+&oid=1527035 HTTP/1.1" 200 4745
66.249.71.159 - - [15/Jul/2016:09:36:29 +0800] "GET /content/nav/relationSubject.jsp?relationWords=%E7%B4%A2%E5%BC%95%E5%9C%96+%E8%88%AA%E7%A9%BA%E5%9C%96+&oid=185822 HTTP/1.1" 200 3279
66.249.79.139 - - [15/Jul/2016:09:36:31 +0800] "GET /content/nav/relationSubject.jsp?relationWords=%E7%B4%A2%E5%BC%95%E5%9C%96%20%E8%88%AA%E7%A9%BA%E5%9C%96%20&oid=185822 HTTP/1.1" 200 3279
66.249.71.136 - - [15/Jul/2016:09:37:10 +0800] "GET /content/repository/resource_content.jsp?oid=1636950 HTTP/1.1" 200 31362
66.249.71.136 - - [15/Jul/2016:09:37:11 +0800] "GET /content/nav/relationSubject.jsp?relationWords=%E5%8E%9F%E9%8C%90%E8%9D%B8%E7%89%9B+%E6%9F%84%E7%9C%BC%E7%9B%AE+%E8%85%B9%E8%B6%B3%E7%B6%B1+%E9%8C%90%E8%9D%B8%E7%89%9B+&oid=1636950 HTTP/1.1" 200 3344
157.55.39.27 - - [15/Jul/2016:09:37:25 +0800] "GET /content/pictures/picture_content.jsp?oid=33554447&classify=2261 HTTP/1.1" 200 27005
68.180.231.49 - - [15/Jul/2016:09:37:36 +0800] "GET /digiarch_en/content/subject/resource_content.jsp?oid=16777481&queryType=qc HTTP/1.1" 200 175037
66.249.71.136 - - [15/Jul/2016:09:37:42 +0800] "GET /content/nav/relationSubject.jsp?relationWords=%E5%8D%91%E5%8D%97%E5%A4%A7%E6%BA%AA%20%E5%91%82%E5%AE%B6%E6%BA%AA%20%E6%98%AD%E5%92%8C%E5%85%AB%E5%B9%B4%20%E7%9F%A5%E6%9C%AC%E6%BA%AA%20%E9%9D%A2%E7%A9%8D%E5%9C%96%20&oid=173729 HTTP/1.1" 200 4993
157.55.39.208 - - [15/Jul/2016:09:38:01 +0800] "GET /content/pictures/picture_content.jsp?oid=33554729 HTTP/1.1" 200 27431
40.77.167.33 - - [15/Jul/2016:09:38:21 +0800] "GET /digiarch_en/content/repository/resource_content.jsp?oid=4352490&queryString=%E6%9B%B3%E7%B5%B2%20%E6%9B%B3%E7%B5%B2%E9%B0%8F HTTP/1.1" 200 26654
66.249.79.137 - - [15/Jul/2016:09:38:22 +0800] "GET /content/nav/relationSubject.jsp?relationWords=%E6%9C%9D%E6%97%A5%E6%96%B0%E8%81%9E+%E7%A3%AF%E6%B0%B8%E5%90%89+&oid=1534379 HTTP/1.1" 200 3499
66.249.79.137 - - [15/Jul/2016:09:38:23 +0800] "GET /content/nav/relationSubject.jsp?relationWords=%E6%9C%9D%E6%97%A5%E6%96%B0%E8%81%9E%20%E7%A3%AF%E6%B0%B8%E5%90%89%20&oid=1534379 HTTP/1.1" 200 3499
157.55.39.57 - - [15/Jul/2016:09:38:40 +0800] "GET /content/nav/relationSubject.jsp?relationWords=%E5%A4%A7%E8%91%89%E5%B1%B1%E6%AC%96+%E6%8B%BC%E6%9D%BF%E8%88%9F+%E9%81%94%E6%82%9F%E6%97%8F+&oid=16777270 HTTP/1.1" 200 4585
66.249.79.137 - - [15/Jul/2016:09:38:45 +0800] "GET /content/repository/resource_content.jsp?oid=1618819 HTTP/1.1" 200 29483
66.249.71.136 - - [15/Jul/2016:09:38:47 +0800] "GET /content/nav/relationSubject.jsp?relationWords=%E5%9B%BA%E5%AE%9A%E8%B3%87%E7%94%A2+%E5%9F%BA%E9%9A%86%E6%B8%AF%E5%8B%99%E5%B1%80+%E6%9C%AA%E4%BE%86%E7%99%BC%E5%B1%95+%E7%9B%AE%E6%A8%99+%E9%A0%90%E7%AE%97+&oid=1618819 HTTP/1.1" 200 5416
66.249.71.159 - - [15/Jul/2016:09:38:49 +0800] "GET /content/nav/relationSubject.jsp?relationWords=%E5%A4%AA%E9%83%8E%20%E6%9D%9C%E9%A6%99%E5%9C%8B%20&oid=1887253 HTTP/1.1" 200 3142
66.249.79.137 - - [15/Jul/2016:09:38:55 +0800] "GET /content/subject/resource_content.jsp?oid=16777601&queryType=qs&queryString=%E5%90%8C%E5%AD%B8%E5%90%88%E5%BD%B1 HTTP/1.1" 200 59067
66.249.71.152 - - [15/Jul/2016:09:39:17 +0800] "GET /content/nav/relationSubject.jsp?relationWords=%E5%87%8C%E7%B4%94%E8%81%B2+%E5%8F%B0%E7%81%A3%E5%A4%A7%E5%AD%B8+%E5%A5%91%E7%B4%84%E6%96%87%E6%9B%B8+%E8%81%98%E6%9B%B8+&oid=4364544 HTTP/1.1" 200 3254
66.249.71.152 - - [15/Jul/2016:09:39:18 +0800] "GET /content/nav/relationSubject.jsp?relationWords=%E5%87%8C%E7%B4%94%E8%81%B2%20%E5%8F%B0%E7%81%A3%E5%A4%A7%E5%AD%B8%20%E5%A5%91%E7%B4%84%E6%96%87%E6%9B%B8%20%E8%81%98%E6%9B%B8%20&oid=4364544 HTTP/1.1" 200 3254
118.160.173.239 - - [15/Jul/2016:09:39:20 +0800] "GET /content/repository/resource_content.jsp?oid=1095868&queryString=%E6%A4%8D%E7%89%A9%E7%95%8C%20%E8%83%BD%E9%AB%98%E8%9F%B9%E7%94%B2%E8%8D%89%20%E8%8F%8A%E7%A7%91%20%E8%9F%B9%E7%94%B2%E8%8D%89%E5%B1%AC%20%E9%9B%99%E5%AD%90%E8%91%89%E6%A4%8D%E7%89%A9 HTTP/1.1" 200 31516
118.160.173.239 - - [15/Jul/2016:09:39:20 +0800] "GET /content/nav/relationSubject.jsp?relationWords=%E6%A4%8D%E7%89%A9%E7%95%8C+%E8%83%BD%E9%AB%98%E8%9F%B9%E7%94%B2%E8%8D%89+%E8%8F%8A%E7%A7%91+%E8%9F%B9%E7%94%B2%E8%8D%89%E5%B1%AC+%E9%9B%99%E5%AD%90%E8%91%89%E6%A4%8D%E7%89%A9+&oid=1095868 HTTP/1.1" 200 3108
66.249.79.137 - - [15/Jul/2016:09:40:11 +0800] "GET /content/nav/relationSubject.jsp?relationWords=%E6%97%8B%E8%8A%B1%E7%A7%91%20%E6%A4%8D%E7%89%A9%E7%95%8C%20%E8%8F%9F%E7%B5%B2%E5%AD%90%20%E8%8F%9F%E7%B5%B2%E5%AD%90%E5%B1%AC%20&oid=1105862 HTTP/1.1" 200 3307
66.249.71.136 - - [15/Jul/2016:09:40:12 +0800] "GET /content/nav/relationSubject.jsp?relationWords=%E5%A4%A7%E7%9C%BC%E5%84%92%E8%89%AE%E9%AF%9B%20%E5%A4%A7%E7%9C%BC%E6%B5%B7%E8%B1%AC%E9%AD%9A%20%E5%AD%94%E9%9B%80%E9%BE%8D%20%E6%9F%B3%E5%86%B7%E4%BB%94%20%E7%8F%A0%E5%85%89%E6%B5%B7%E8%B1%AC%E9%AD%9A%20%E9%9A%86%E9%A0%AD%E9%AD%9A%E7%A7%91%20&oid=15756 HTTP/1.1" 200 3775
66.249.79.137 - - [15/Jul/2016:09:40:19 +0800] "GET /content/repository/resource_content.jsp?oid=1604445 HTTP/1.1" 200 32740
66.249.79.137 - - [15/Jul/2016:09:40:20 +0800] "GET /content/nav/relationSubject.jsp?relationWords=%E5%BC%B5%E6%8C%AF%E7%94%9F+%E6%95%99%E5%AE%98+%E6%95%99%E6%9D%90+%E6%95%99%E8%82%B2%E5%AD%B8+%E6%95%99%E8%82%B2%E5%BB%B3+%E6%9E%97%E5%82%B3%E6%97%BA+%E7%9B%AE%E6%A8%99+%E7%AB%A5%E5%AD%90%E8%BB%8D+%E8%87%BA%E4%B8%AD%E4%B8%80%E4%B8%AD+%E8%94%A1%E5%BB%BA%E7%94%9F+%E8%B3%AA%E8%A9%A2+%E9%AB%94%E7%BD%B0+&oid=1604445 HTTP/1.1" 200 3628
157.55.39.57 - - [15/Jul/2016:09:40:22 +0800] "GET /content/repository/resource_content.jsp?oid=1124387 HTTP/1.1" 200 31980
66.249.71.136 - - [15/Jul/2016:09:40:27 +0800] "GET /content/subject/resource_content.jsp?oid=16777368&queryType=qs&queryString=%E7%BE%BD%E7%8B%80%E8%A4%87%E8%91%89 HTTP/1.1" 200 31907
66.249.71.136 - - [15/Jul/2016:09:40:36 +0800] "GET /content/nav/relationSubject.jsp?relationWords=%E7%B3%A7%E9%A3%9F%E5%B1%80%20%E8%87%BA%E5%8D%97%E7%B8%A3%20%E8%94%A1%E5%B4%87%E7%83%88%20%E8%B2%A8%E9%81%8B%20%E9%90%B5%E8%B7%AF%E5%B1%80%20%E9%B9%BD%E9%81%8B%20&oid=1518770 HTTP/1.1" 200 3316
66.249.71.152 - - [15/Jul/2016:09:40:50 +0800] "GET /content/nav/relationSubject.jsp?relationWords=%E5%96%AE%E6%A3%98%E8%BA%84%E9%AD%9A+%E8%BA%84%E9%AD%9A%E7%A7%91+&oid=14620 HTTP/1.1" 200 3378
66.249.71.159 - - [15/Jul/2016:09:40:51 +0800] "GET /content/nav/relationSubject.jsp?relationWords=%E5%96%AE%E6%A3%98%E8%BA%84%E9%AD%9A%20%E8%BA%84%E9%AD%9A%E7%A7%91%20&oid=14620 HTTP/1.1" 200 3378
157.55.39.208 - - [15/Jul/2016:09:41:01 +0800] "GET /content/repository/resource_content.jsp?oid=1124023&queryType=qc HTTP/1.1" 200 36771
66.249.71.136 - - [15/Jul/2016:09:41:53 +0800] "GET /content/repository/resource_content.jsp?oid=1108476 HTTP/1.1" 200 31131
66.249.71.136 - - [15/Jul/2016:09:41:54 +0800] "GET /content/nav/relationSubject.jsp?relationWords=%E6%A4%8D%E7%89%A9%E7%95%8C+%E7%8E%84%E5%8F%83+%E7%8E%84%E5%8F%83%E7%A7%91+%E7%B4%AB%E8%98%87%E8%8D%89+&oid=1108476 HTTP/1.1" 200 3327
66.249.71.136 - - [15/Jul/2016:09:41:55 +0800] "GET /content/nav/relationSubject.jsp?relationWords=&oid=1572587 HTTP/1.1" 200 1405
66.249.79.137 - - [15/Jul/2016:09:41:59 +0800] "GET /content/repository/resource_content.jsp?oid=2675861 HTTP/1.1" 200 30150
157.55.39.57 - - [15/Jul/2016:09:42:01 +0800] "GET /content/repository/resource_content.jsp?oid=1124516&queryType=qc HTTP/1.1" 200 36370
157.55.39.57 - - [15/Jul/2016:09:42:22 +0800] "GET /content/repository/resource_content.jsp?oid=1124516&querytype=qc HTTP/1.1" 200 36370
157.55.39.57 - - [15/Jul/2016:09:43:09 +0800] "GET /content/repository/resource_content.jsp?oid=286094&queryString=%E6%BC%A2%E4%BB%A3%20%E6%BC%A2%E7%B0%A1%20%E7%95%AA%E7%A4%BE%E9%87%87%E9%A2%A8%E5%9C%96%20%E7%B0%A1%E7%89%98 HTTP/1.1" 200 30209
66.249.71.136 - - [15/Jul/2016:09:43:26 +0800] "GET /content/nav/relationSubject.jsp?relationWords=%E5%8A%A0%E5%BF%97+%E5%BC%B5%E4%BF%8A%E5%AE%8F+%E6%9E%97%E7%BE%A9%E9%9B%84+%E8%98%87%E6%B4%AA%E6%9C%88%E5%AC%8C+&oid=1889608 HTTP/1.1" 200 3503
66.249.71.152 - - [15/Jul/2016:09:43:28 +0800] "GET /content/repository/resource_content.jsp?oid=14484&queryString=%E4%B8%83%E6%98%9F%E9%AD%9A%20%E5%85%89%E9%AD%9A%20%E7%87%88%E7%B1%A0%E9%AD%9A%20%E7%87%88%E9%AD%9A HTTP/1.1" 200 36011
66.249.71.152 - - [15/Jul/2016:09:43:31 +0800] "GET /content/pictures/picture_content.jsp?oid=33554781&queryType=qc HTTP/1.1" 200 27945
66.249.71.150 - - [15/Jul/2016:09:43:44 +0800] "GET /content/nav/relationSubject.jsp?relationWords=%E5%8F%B0%E7%81%A3%E5%AF%B6%E9%90%B8%E8%8A%B1+%E5%AF%B6%E9%90%B8%E8%8D%89%E5%B1%AC+&oid=2144085 HTTP/1.1" 200 3257
66.249.71.143 - - [15/Jul/2016:09:43:45 +0800] "GET /content/nav/relationSubject.jsp?relationWords=%E5%8F%B0%E7%81%A3%E5%AF%B6%E9%90%B8%E8%8A%B1%20%E5%AF%B6%E9%90%B8%E8%8D%89%E5%B1%AC%20&oid=2144085 HTTP/1.1" 200 3257
66.249.71.136 - - [15/Jul/2016:09:43:50 +0800] "GET /content/nav/relationSubject.jsp?relationWords=&oid=1813007 HTTP/1.1" 200 1405
66.249.71.136 - - [15/Jul/2016:09:44:28 +0800] "GET /content/nav/relationSubject.jsp?relationWords=%E5%88%91%E9%83%A8+%E5%BE%A1%E5%8F%B2+&oid=2635884 HTTP/1.1" 200 3130
157.55.39.208 - - [15/Jul/2016:09:45:01 +0800] "GET /content/repository/resource_content.jsp?oid=1124522&queryType=qc HTTP/1.1" 200 36548
66.249.71.136 - - [15/Jul/2016:09:45:02 +0800] "GET /digiarch_en/content/repository/resource_content.jsp?oid=4551166&queryString=%E5%8E%9A%E6%AE%BC%E8%9B%A4%E5%B1%AC%20%E6%96%9C%E8%82%8B%E7%B8%B1%E7%B0%BE%E8%9B%A4%20%E7%B0%BE%E8%9B%A4%E7%9B%AE%20%E7%B0%BE%E8%9B%A4%E7%A7%91%20%E9%9B%99%E6%AE%BC%E7%B6%B1 HTTP/1.1" 200 24465
66.249.71.136 - - [15/Jul/2016:09:45:03 +0800] "GET /content/subject/resource_content.jsp?oid=16777353 HTTP/1.1" 200 28827
66.249.71.136 - - [15/Jul/2016:09:45:05 +0800] "GET /digiarch_en/content/nav/relationSubject.jsp?relationWords=%E5%8E%9A%E6%AE%BC%E8%9B%A4%E5%B1%AC+%E6%96%9C%E8%82%8B%E7%B8%B1%E7%B0%BE%E8%9B%A4+%E7%B0%BE%E8%9B%A4%E7%9B%AE+%E7%B0%BE%E8%9B%A4%E7%A7%91+%E8%BB%9F%E9%AB%94%E5%8B%95%E7%89%A9%E9%96%80+%E9%9B%99%E6%AE%BC%E7%B6%B1+&oid=4551166 HTTP/1.1" 200 2744
66.249.66.170 - - [15/Jul/2016:09:45:06 +0800] "GET /content/repository/resource_content.jsp?oid=1099916&queryString=%E6%A4%8D%E7%89%A9%E7%95%8C%20%E6%AF%AC%E8%98%AD%20%E6%AF%AC%E8%98%AD%E5%B1%AC%20%E8%98%BF%E8%97%A6%E7%A7%91%20%E9%BE%8D%E8%86%BD HTTP/1.1" 200 31255
123.125.71.47 - - [15/Jul/2016:09:45:54 +0800] "GET /content/repository/resource_content.jsp?oid=1565903 HTTP/1.1" 200 28928
118.163.99.229 - - [15/Jul/2016:09:45:56 +0800] "GET /content/nav/relationSubject.jsp?relationWords=%E7%A9%97%E8%8A%B1%E5%B1%B1%E5%A5%88+%E9%87%8E%E8%96%91%E8%8A%B1+&oid=16777263 HTTP/1.1" 200 3284
66.249.71.136 - - [15/Jul/2016:09:46:10 +0800] "GET /content/nav/relationSubject.jsp?relationWords=%E9%83%BD%E5%B8%82%E8%A8%88%E7%95%AB%20&oid=1605292 HTTP/1.1" 200 4724
157.55.39.208 - - [15/Jul/2016:09:46:23 +0800] "GET /content/repository/resource_content.jsp?oid=1125279&queryType=qc HTTP/1.1" 200 36796
66.249.71.136 - - [15/Jul/2016:09:46:36 +0800] "GET /content/subject/resource_content.jsp?oid=16777278 HTTP/1.1" 200 36988
66.249.71.159 - - [15/Jul/2016:09:46:37 +0800] "GET /content/repository/resource_content.jsp?oid=1566124&queryType=qs&queryString=%E5%9C%8B%E5%AE%B6%E6%94%BF%E7%AD%96 HTTP/1.1" 200 29823
66.249.71.159 - - [15/Jul/2016:09:46:40 +0800] "GET /content/nav/relationSubject.jsp?relationWords=%E5%90%88%E6%86%B2+%E5%90%B3%E4%B8%80%E8%A1%9B+%E5%9C%8B%E5%AE%B6%E6%94%BF%E7%AD%96+%E5%A4%96%E5%8C%AF+%E6%86%B2%E6%B3%95+%E8%B3%AA%E8%A9%A2+%E9%87%91%E7%A4%A6+&oid=1566124 HTTP/1.1" 200 5138
66.249.79.137 - - [15/Jul/2016:09:46:59 +0800] "GET /content/nav/relationSubject.jsp?relationWords=%E6%96%91%E8%91%89%E8%98%AD%E5%B1%AC%20%E9%B3%A5%E5%98%B4%E8%93%AE%20&oid=1457273 HTTP/1.1" 200 3060
157.55.39.57 - - [15/Jul/2016:09:47:02 +0800] "GET /digiarch_en/content/repository/resource_content.jsp?oid=2470607&queryString=%E9%96%8B%E4%B8%AD HTTP/1.1" 200 23910
66.249.71.136 - - [15/Jul/2016:09:47:16 +0800] "GET /content/nav/relationSubject.jsp?relationWords=%E5%8A%89%E9%87%91%E7%B4%84+%E6%9C%B1%E8%90%AC%E6%88%90+%E7%9C%81%E6%94%BF%E5%BA%9C+%E7%A2%BE%E9%A4%98+%E8%87%BA%E7%81%A3%E7%9C%81+%E8%87%BA%E7%81%A3%E7%9C%81%E8%AD%B0%E6%9C%83+%E8%BE%B2%E6%9C%83%E7%90%86%E4%BA%8B+&oid=1532232 HTTP/1.1" 200 4787
66.249.71.136 - - [15/Jul/2016:09:47:17 +0800] "GET /content/nav/relationSubject.jsp?relationWords=%E5%8A%89%E9%87%91%E7%B4%84%20%E6%9C%B1%E8%90%AC%E6%88%90%20%E7%9C%81%E6%94%BF%E5%BA%9C%20%E7%A2%BE%E9%A4%98%20%E8%87%BA%E7%81%A3%E7%9C%81%20%E8%87%BA%E7%81%A3%E7%9C%81%E8%AD%B0%E6%9C%83%20%E8%BE%B2%E6%9C%83%E7%90%86%E4%BA%8B%20&oid=1532232 HTTP/1.1" 200 4787
66.249.71.136 - - [15/Jul/2016:09:47:33 +0800] "GET /digiarch_en/content/nav/relationSubject.jsp?relationWords=%E4%B8%AD%E8%85%B9%E8%B6%B3%E7%9B%AE+%E6%B3%A2%E7%B4%8B%E7%8E%89%E9%BB%8D%E8%9E%BA+%E7%8E%89%E9%BB%8D%E8%9E%BA%E5%B1%AC+%E7%8E%89%E9%BB%8D%E8%9E%BA%E7%A7%91+%E8%85%B9%E8%B6%B3%E7%B6%B1+%E8%BB%9F%E9%AB%94%E5%8B%95%E7%89%A9%E9%96%80+&oid=4550501 HTTP/1.1" 200 3546
66.249.79.137 - - [15/Jul/2016:09:47:38 +0800] "GET /content/nav/relationSubject.jsp?relationWords=%E5%8D%81%E5%AD%97%E8%8A%B1%E7%A7%91%20%E6%A4%8D%E7%89%A9%E7%95%8C%20%E7%84%8A%E8%8F%9C%20%E7%A2%8E%E7%B1%B3%E8%96%BA%E5%B1%AC%20%E9%9B%99%E5%AD%90%E8%91%89%E6%A4%8D%E7%89%A9%20&oid=1100436 HTTP/1.1" 200 3367
114.32.85.97 - - [15/Jul/2016:09:47:59 +0800] "GET /content/subject/resource_content.jsp?oid=16797271&queryType=qc HTTP/1.1" 200 55170
114.32.85.97 - - [15/Jul/2016:09:48:02 +0800] "GET /content/nav/relationSubject.jsp?relationWords=&oid=16797271 HTTP/1.1" 200 1405
180.76.15.11 - - [15/Jul/2016:09:48:07 +0800] "GET /content/repository/resource_content.jsp?oid=2146938 HTTP/1.1" 200 30962
66.249.71.136 - - [15/Jul/2016:09:48:08 +0800] "GET /content/repository/resource_content.jsp?oid=2576023&queryString=%E6%9C%83%E8%A9%A6%E7%A1%83%E5%8D%B7 HTTP/1.1" 200 29724
66.249.71.136 - - [15/Jul/2016:09:48:14 +0800] "GET /content/repository/resource_content.jsp?oid=1112258 HTTP/1.1" 200 30111
68.180.231.49 - - [15/Jul/2016:09:48:17 +0800] "GET /content/subject/resource_content.jsp?oid=16797287&queryType=qc HTTP/1.1" 200 88347
66.249.71.136 - - [15/Jul/2016:09:48:17 +0800] "GET /content/nav/relationSubject.jsp?relationWords=%E5%81%87%E7%B4%AB%E8%90%81+%E5%88%86%E6%A0%AA%E5%81%87%E7%B4%AB%E8%90%81+%E7%B4%AB%E8%90%81%E5%B1%AC+&oid=1112258 HTTP/1.1" 200 3305
66.249.71.136 - - [15/Jul/2016:09:49:10 +0800] "GET /digiarch_en/content/nav/relationSubject.jsp?relationWords=%E6%95%B8%E4%BD%8D%E5%85%B8%E8%97%8F%20&oid=16777726 HTTP/1.1" 200 5609
66.249.71.136 - - [15/Jul/2016:09:49:11 +0800] "GET /content/nav/relationSubject.jsp?relationWords=%E4%BA%A4%E9%80%9A%E5%AE%89%E5%85%A8%20%E5%AE%89%E5%85%A8%E6%A1%88%20%E5%BD%B0%E5%8C%96%E5%B8%82%20&oid=1619661 HTTP/1.1" 200 4551
40.77.167.33 - - [15/Jul/2016:09:49:22 +0800] "GET /content/repository/resource_content.jsp?oid=1124480&queryType=qc HTTP/1.1" 200 36250
66.249.71.136 - - [15/Jul/2016:09:49:40 +0800] "GET /digiarch_en/content/repository/resource_content.jsp?oid=1124667&queryType=qc HTTP/1.1" 200 27753
157.55.39.57 - - [15/Jul/2016:09:49:42 +0800] "GET /content/tmp_exh/resource_content.jsp?oid=16777760&queryString= HTTP/1.1" 200 35810
66.249.71.136 - - [15/Jul/2016:09:49:46 +0800] "GET /content/repository/resource_content.jsp?oid=15767&queryString=%E9%9A%86%E9%A0%AD%E9%AD%9A%E7%A7%91%20%E9%9B%B2%E7%B4%8B%E6%B5%B7%E8%B1%AC%E9%AD%9A HTTP/1.1" 200 36468
68.180.231.49 - - [15/Jul/2016:09:49:56 +0800] "GET /digiarch_en/content/subject/resource_content.jsp?oid=16777306&queryType=qc HTTP/1.1" 200 29282
66.249.79.137 - - [15/Jul/2016:09:50:01 +0800] "GET /content/nav/relationSubject.jsp?relationWords=%E5%A1%94%E5%B1%B1%E6%BE%A4%E8%98%AD%20%E6%A4%8D%E7%89%A9%E7%95%8C%20%E6%BE%A4%E8%98%AD%E5%B1%AC%20%E8%8F%8A%E7%A7%91%20%E9%9B%99%E5%AD%90%E8%91%89%E6%A4%8D%E7%89%A9%20&oid=1114635 HTTP/1.1" 200 3425
157.55.39.57 - - [15/Jul/2016:09:50:22 +0800] "GET /content/repository/resource_content.jsp?oid=3354874&queryString=%E5%BA%9A%E5%AC%B4%20%E5%BA%9A%E5%AC%B4%E5%8D%A3%20%E6%B0%B8%E5%AF%B6 HTTP/1.1" 200 30053
66.249.71.136 - - [15/Jul/2016:09:50:39 +0800] "GET /content/nav/relationSubject.jsp?relationWords=%E6%A4%8D%E7%89%A9%E7%95%8C+%E7%93%9C%E9%A6%A5%E6%9C%A8+%E7%93%9C%E9%A6%A5%E6%9C%A8%E5%B1%AC+%E7%95%AA%E8%8D%94%E6%9E%9D+&oid=1105272 HTTP/1.1" 200 3343
66.249.71.136 - - [15/Jul/2016:09:50:43 +0800] "GET /content/nav/relationSubject.jsp?relationWords=%E6%A4%8D%E7%89%A9%E7%95%8C%20%E7%93%9C%E9%A6%A5%E6%9C%A8%20%E7%93%9C%E9%A6%A5%E6%9C%A8%E5%B1%AC%20%E7%95%AA%E8%8D%94%E6%9E%9D%20&oid=1105272 HTTP/1.1" 200 3343
66.249.71.199 - - [15/Jul/2016:09:51:19 +0800] "GET /digiarch3/content/repository/resource_content.jsp?oid=3813890&queryString=%E6%A4%8D%E7%89%A9%E7%95%8C%20%E7%A7%8B%E6%B5%B7%E6%A3%A0%20%E7%A7%8B%E6%B5%B7%E6%A3%A0%E5%B1%AC%20%E7%A7%8B%E6%B5%B7%E6%A3%A0%E7%A7%91%20%E8%8F%AB%E8%8F%9C HTTP/1.1" 200 31620
218.173.143.202 - - [15/Jul/2016:09:51:20 +0800] "GET /content/subject/resource_content.jsp?oid=16777345&queryString=%E6%9D%9C%E9%B5%91%E8%8A%B1 HTTP/1.1" 200 35415
66.249.71.136 - - [15/Jul/2016:09:51:20 +0800] "GET /digiarch_en/content/repository/resource_content.jsp?oid=2677140&queryString=%E9%83%BD%E7%9D%A3%E5%BA%9C HTTP/1.1" 200 24135
218.173.143.202 - - [15/Jul/2016:09:51:21 +0800] "GET /content/nav/relationSubject.jsp?relationWords=%E5%BF%97%E4%BD%B3%E9%99%BD%E6%9D%9C%E9%B5%91+%E6%9D%9C%E9%B5%91+%E6%9D%9C%E9%B5%91%E8%8A%B1+%E7%99%BD%E7%90%89%E7%90%83%E6%9D%9C%E9%B5%91+&oid=16777345 HTTP/1.1" 200 5018
118.163.99.229 - - [15/Jul/2016:09:51:41 +0800] "GET /content/subject/resource_content.jsp?oid=16777448&queryString=%E6%9B%BC%E9%99%80%E7%BE%85%E8%8A%B1 HTTP/1.1" 200 34748
118.163.99.229 - - [15/Jul/2016:09:51:42 +0800] "GET /content/nav/relationSubject.jsp?relationWords=%E5%B1%B1%E8%8C%B6%E8%8A%B1+%E6%9B%BC%E9%99%80%E7%BE%85%E8%8A%B1+&oid=16777448 HTTP/1.1" 200 1894
40.77.167.33 - - [15/Jul/2016:09:52:02 +0800] "GET /digiarch_en/content/subject/resource_content.jsp?oid=16777259&queryType=qc HTTP/1.1" 200 30418
157.55.39.57 - - [15/Jul/2016:09:52:41 +0800] "GET /content/repository/resource_content.jsp?oid=3818123&queryString=%E4%B8%89%E6%96%97%E7%9F%B3%E6%AB%9F%20%E6%9F%AF%E5%B1%AC%20%E6%A4%8D%E7%89%A9%E7%95%8C%20%E6%AE%BC%E6%96%97%E7%A7%91 HTTP/1.1" 200 31420
68.180.231.49 - - [15/Jul/2016:09:52:45 +0800] "GET /content/tmp_exh/resource_content.jsp?oid=16777763 HTTP/1.1" 200 31603
66.249.71.152 - - [15/Jul/2016:09:52:45 +0800] "GET /content/tmp_auth/resource_content.jsp?oid=16777758 HTTP/1.1" 200 25328
66.249.71.150 - - [15/Jul/2016:09:52:52 +0800] "GET /content/nav/relationSubject.jsp?relationWords=%E6%A4%8D%E7%89%A9%E7%95%8C%20%E7%8B%B9%E8%91%89%E8%89%BE%E7%B4%8D%E9%A6%99%20%E8%89%BE%E7%B4%8D%E9%A6%99%E5%B1%AC%20%E8%8F%8A%E7%A7%91%20%E9%9B%99%E5%AD%90%E8%91%89%E6%A4%8D%E7%89%A9%20&oid=1106670 HTTP/1.1" 200 3470
66.249.71.150 - - [15/Jul/2016:09:52:55 +0800] "GET /content/repository/resource_content.jsp?oid=1527104 HTTP/1.1" 200 29328
40.77.167.33 - - [15/Jul/2016:09:53:02 +0800] "GET /content/repository/resource_content.jsp?oid=1124667 HTTP/1.1" 200 39133
40.77.167.33 - - [15/Jul/2016:09:53:22 +0800] "GET /content/tmp_exh/resource_content.jsp?oid=16777852&queryType=qc%201890 HTTP/1.1" 200 67305
40.77.167.33 - - [15/Jul/2016:09:53:42 +0800] "GET /content/repository/resource_content.jsp?oid=1124751&queryType=qc HTTP/1.1" 200 35468
66.249.71.143 - - [15/Jul/2016:09:54:17 +0800] "GET /content/repository/resource_content.jsp?oid=14459&queryString=%E5%A5%87%E5%A3%AB%E9%AD%9A%20%E9%9D%92%E7%9C%BC%E9%AD%9A HTTP/1.1" 200 35234
157.55.39.57 - - [15/Jul/2016:09:54:21 +0800] "GET /content/repository/resource_content.jsp?oid=14084 HTTP/1.1" 200 34834
66.249.71.166 - - [15/Jul/2016:09:54:30 +0800] "GET /content/repository/resource_content.jsp?oid=750190&queryString=%E4%BA%BA%E5%90%8D%E6%AC%8A%E5%A8%81%20%E8%8A%AE%E6%81%A9%20%E8%8A%AE%E6%81%A9%E6%96%BD%20%E8%A7%A3%E6%94%BE%E8%BB%8D HTTP/1.1" 200 29414
52.3.127.144 - - [15/Jul/2016:09:54:48 +0800] "GET /digiarch_en/content/subject/resource_content.jsp?oid=16777837&queryType=qc HTTP/1.1" 200 31565
66.249.71.166 - - [15/Jul/2016:09:54:49 +0800] "GET /content/nav/relationSubject.jsp?relationWords=%E4%BA%BA%E5%90%8D%E6%AC%8A%E5%A8%81+%E7%B8%BD%E7%B5%B1%E5%BA%9C+%E8%8A%AE%E6%81%A9+%E8%8A%AE%E6%81%A9%E6%96%BD+%E9%9F%8B%E7%BE%85%E8%B2%9D+&oid=750190 HTTP/1.1" 200 3459
66.249.71.150 - - [15/Jul/2016:09:54:50 +0800] "GET /content/nav/relationSubject.jsp?relationWords=%E6%A4%8D%E7%89%A9%E7%95%8C+%E8%8F%8A%E7%A7%91+%E8%B1%A8%E8%96%9F+%E8%B1%A8%E8%96%9F%E5%B1%AC+%E9%9B%99%E5%AD%90%E8%91%89%E6%A4%8D%E7%89%A9+&oid=1110089 HTTP/1.1" 200 3326
66.249.71.143 - - [15/Jul/2016:09:54:56 +0800] "GET /content/nav/relationSubject.jsp?relationWords=%E6%A4%8D%E7%89%A9%E7%95%8C%20%E8%8F%8A%E7%A7%91%20%E8%B1%A8%E8%96%9F%20%E8%B1%A8%E8%96%9F%E5%B1%AC%20%E9%9B%99%E5%AD%90%E8%91%89%E6%A4%8D%E7%89%A9%20&oid=1110089 HTTP/1.1" 200 3326
157.55.39.57 - - [15/Jul/2016:09:55:01 +0800] "GET /content/repository/resource_content.jsp?oid=4354074&queryString=%E7%9C%8B%E8%AD%B7%E5%A9%A6%20%E8%AD%B7%E5%A3%AB HTTP/1.1" 200 35771
40.77.167.33 - - [15/Jul/2016:09:55:47 +0800] "GET /content/subject/resource_content.jsp?oid=16797340&queryType=qc HTTP/1.1" 200 63037
66.249.79.235 - - [15/Jul/2016:09:55:50 +0800] "GET /content/repository/resource_content.jsp?oid=15873&queryString=%E5%85%AD%E6%A9%AB%E6%96%91%E6%93%AC%E9%B1%B8%20%E6%93%AC%E9%B1%B8%20%E6%B2%99%E9%B1%B8%20%E6%B5%B7%E7%8B%97%E7%94%98%E4%BB%94%20%E8%88%89%E7%9B%AE%E9%AD%9A%20%E8%8A%B1%E7%8B%97%E6%AF%8D%E6%B5%B7%20%E9%9B%A8%E5%82%98%E9%96%82 HTTP/1.1" 200 36424
157.55.39.57 - - [15/Jul/2016:09:56:01 +0800] "GET /content/repository/resource_content.jsp?oid=4474160&queryString=%E4%BA%8C%E4%BB%81%20%E5%94%90%E6%A6%AE%20%E5%A2%9E%E5%BB%BA%20%E5%B7%A5%E6%A5%AD%E7%94%A8%E5%9C%B0%20%E5%BB%BA%E8%A8%AD%E5%BB%B3%20%E5%BC%B5%E5%AF%8C%20%E6%9B%BE%E5%8F%83%20%E6%9E%97%E5%9C%92%E9%84%89%20%E6%9F%B4%E9%A0%AD%E5%9F%A4%20%E6%A9%9F%E6%A2%B0%20%E6%B1%95%E4%B8%81%E5%A3%A9%20%E7%B3%96%E6%A5%AD%20%E7%B6%93%E6%BF%9F%E9%83%A8%20%E8%82%A1%E6%9D%B1%20%E8%91%A3%E4%BA%8B%E9%95%B7%20%E8%B3%AA%E8%A9%A2%20%E8%BE%B2%E6%9E%97%20%E9%90%B5%E7%AD%8B%20%E9%98%B2%E6%B4%AA%20%E9%A0%98%E5%B0%8E%20%E9%BB%83%E5%8D%A0%E5%B2%B8 HTTP/1.1" 200 30026
66.249.71.143 - - [15/Jul/2016:09:56:04 +0800] "GET /content/repository/resource_content.jsp?oid=1106381&queryString=%E6%A4%8D%E7%89%A9%E7%95%8C%20%E8%8B%A6%E7%93%9C%20%E8%8B%A6%E7%93%9C%E5%B1%AC%20%E8%8F%AB%E8%8F%9C%20%E8%91%AB%E8%98%86%E7%A7%91 HTTP/1.1" 200 31172
5.18.229.134 - - [15/Jul/2016:09:56:16 +0800] "GET /content/subject/resource_content.jsp?oid=16777599'A=0&queryType=qc HTTP/1.1" 500 15712
5.18.229.134 - - [15/Jul/2016:09:56:19 +0800] "GET /content/subject/resource_content.jsp?oid=16777599&queryType=qc'A=0 HTTP/1.1" 200 36988
66.249.71.136 - - [15/Jul/2016:09:56:23 +0800] "GET /content/nav/relationSubject.jsp?relationWords=%E5%AF%86%E5%AD%90%E8%B1%86+%E5%AF%86%E5%AD%90%E8%B1%86%E5%B1%AC+%E6%A4%8D%E7%89%A9%E7%95%8C+%E8%A0%B6%E8%B1%86+%E9%9B%99%E5%AD%90%E8%91%89%E6%A4%8D%E7%89%A9+&oid=2149499 HTTP/1.1" 200 3416
223.200.90.67 - - [15/Jul/2016:09:57:08 +0800] "GET /content/subject/resource_content.jsp?oid=16777599&queryType=qc HTTP/1.1" 200 36988
223.200.90.67 - - [15/Jul/2016:09:57:10 +0800] "GET /content/nav/relationSubject.jsp?relationWords=%E5%8D%83%E5%B9%B4%E6%A1%90+%E6%A1%90%E8%8A%B1+%E6%B2%B9%E6%A1%90+&oid=16777599 HTTP/1.1" 200 3738
66.249.71.166 - - [15/Jul/2016:09:57:24 +0800] "GET /content/repository/resource_content.jsp?oid=14699&queryString=%E8%A3%9C%E7%B6%B2%E5%B8%AB%20%E9%95%B7%E9%B1%B5%20%E9%B1%B5%E7%A7%91 HTTP/1.1" 200 35126
157.55.39.57 - - [15/Jul/2016:09:57:24 +0800] "GET /content/repository/resource_content.jsp?oid=4551106&queryString=%E7%83%8F%E8%B3%8A%20%E7%83%8F%E8%B3%8A%E5%B1%AC%20%E7%83%8F%E8%B3%8A%E7%A7%91%20%E8%99%8E%E6%96%91%E7%83%8F%E8%B3%8A%20%E9%A0%AD%E8%B6%B3%E7%B6%B1 HTTP/1.1" 200 30844
40.77.167.33 - - [15/Jul/2016:09:57:27 +0800] "GET /content/subject/resource_content.jsp?oid=16797293&queryType=qc HTTP/1.1" 200 46243
163.20.242.210 - - [15/Jul/2016:09:57:33 +0800] "GET /content/subject/resource_content.jsp?oid=16777692 HTTP/1.1" 200 36451
163.20.242.210 - - [15/Jul/2016:09:57:37 +0800] "GET /content/nav/relationSubject.jsp?relationWords=&oid=16777692 HTTP/1.1" 200 1405
66.249.71.136 - - [15/Jul/2016:09:57:39 +0800] "GET /content/repository/resource_content.jsp?oid=1627168 HTTP/1.1" 200 29078
66.249.71.136 - - [15/Jul/2016:09:57:43 +0800] "GET /content/nav/relationSubject.jsp?relationWords=%E4%BA%A4%E9%80%9A%E8%99%95+%E9%90%B5%E8%B7%AF%E5%B1%80+&oid=1627168 HTTP/1.1" 200 5042
66.249.71.136 - - [15/Jul/2016:09:58:00 +0800] "GET /content/nav/relationSubject.jsp?relationWords=%E6%A4%8D%E7%89%A9%E7%95%8C%20%E7%88%B5%E5%BA%8A%E7%A7%91%20%E7%8E%84%E5%8F%83%20%E9%8A%80%E8%84%88%E7%88%B5%E5%BA%8A%20%E9%8A%80%E8%84%88%E7%88%B5%E5%BA%8A%E5%B1%AC%20&oid=1112039 HTTP/1.1" 200 3488
157.55.39.208 - - [15/Jul/2016:09:58:02 +0800] "GET /content/subject/resource_content.jsp?oid=16777806&queryType=qc HTTP/1.1" 200 48566
150.70.173.42 - - [15/Jul/2016:09:58:03 +0800] "GET /content/subject/resource_content.jsp?oid=16777599&queryType=qc HTTP/1.1" 200 36988
40.77.167.33 - - [15/Jul/2016:09:58:23 +0800] "GET /content/subject/resource_content.jsp?oid=16777805&queryType=qc HTTP/1.1" 200 35146
157.55.39.208 - - [15/Jul/2016:09:58:44 +0800] "GET /content/repository/resource_content.jsp?oid=517984&queryType=qc HTTP/1.1" 200 41150
66.249.66.170 - - [15/Jul/2016:09:58:47 +0800] "GET /content/repository/resource_content.jsp?oid=1172990 HTTP/1.1" 200 32897
220.181.108.108 - - [15/Jul/2016:09:58:51 +0800] "GET /content/repository/resource_content.jsp?oid=2666509 HTTP/1.1" 200 30134
66.249.71.136 - - [15/Jul/2016:09:58:54 +0800] "GET /content/repository/resource_content.jsp?oid=1850461 HTTP/1.1" 200 29547
40.77.167.33 - - [15/Jul/2016:09:59:02 +0800] "GET /content/subject/resource_content.jsp?oid=16777801&queryType=qc HTTP/1.1" 200 43010
66.249.71.159 - - [15/Jul/2016:09:59:12 +0800] "GET /content/nav/relationSubject.jsp?relationWords=%E5%8E%9A%E6%AE%BC%E4%BB%94%20%E5%A4%A7%E7%9B%AE%E4%BB%94%20%E7%80%BE%E5%85%AC%E5%A6%BE%20%E9%87%91%E9%B1%97%E7%94%B2%20%E9%87%91%E9%B1%97%E9%AD%9A%E7%A7%91%20%E9%8B%B8%E9%B1%97%20%E9%90%B5%E7%94%B2%E5%85%B5%20%E9%90%B5%E7%B7%9A%E5%A9%86%20%E9%B1%97%E9%AD%9A%20%E9%BB%83%E9%B0%AD%20%E9%BB%83%E9%B0%AD%E6%9D%BE%E6%AF%AC%20&oid=14751 HTTP/1.1" 200 3845
66.249.71.159 - - [15/Jul/2016:09:59:14 +0800] "GET /content/repository/resource_content.jsp?oid=1123887&queryType=qs&queryString=%E9%9B%9E%E5%BF%83%E8%9B%A4 HTTP/1.1" 200 31077
40.77.167.33 - - [15/Jul/2016:09:59:21 +0800] "GET /content/subject/resource_content.jsp?oid=16777770&queryType=qc HTTP/1.1" 200 53870
157.55.39.57 - - [15/Jul/2016:09:59:41 +0800] "GET /content/subject/resource_content.jsp?oid=16777803&queryType=qc HTTP/1.1" 200 33506
157.55.39.57 - - [15/Jul/2016:10:00:01 +0800] "GET /content/repository/resource_content.jsp?oid=517984 HTTP/1.1" 200 41150
157.55.39.57 - - [15/Jul/2016:10:00:21 +0800] "GET /content/repository/resource_content.jsp?oid=14097&queryString=%E7%99%BD%E7%9C%BC%E9%AE%AB%20%E7%99%BD%E7%9C%BC%E9%AE%AB%E7%A7%91%20%E7%9C%9F%E9%AF%8A HTTP/1.1" 200 35864
66.249.79.139 - - [15/Jul/2016:10:00:27 +0800] "GET /content/subject/resource_content.jsp?oid=16777332&queryString=%E8%8C%84%E8%8B%B3 HTTP/1.1" 200 33558
1.175.245.189 - - [15/Jul/2016:10:00:38 +0800] "GET /content/nav/relationSubject.jsp?relationWords=%E6%AA%AC%E6%9E%9C+%E8%8A%92%E6%9E%9C+&oid=16777508 HTTP/1.1" 200 4379
40.77.167.33 - - [15/Jul/2016:10:00:45 +0800] "GET /content/subject/resource_content.jsp?oid=16777624 HTTP/1.1" 200 119492
66.249.71.152 - - [15/Jul/2016:10:00:48 +0800] "GET /content/repository/resource_content.jsp?oid=1861126&queryType=qs&queryString=%E9%BE%8D%E5%B1%B1%E6%96%87%E5%8C%96 HTTP/1.1" 200 30453
66.249.71.199 - - [15/Jul/2016:10:00:48 +0800] "GET /content/nav/relationSubject.jsp?relationWords=%E5%A2%9E%E7%94%A2%E6%A1%88%20%E5%A3%93%E6%A6%A8%E6%A9%9F%20%E7%B3%96%E5%BB%A0%20&oid=1547721 HTTP/1.1" 200 4391
40.77.167.33 - - [15/Jul/2016:10:01:09 +0800] "GET /content/repository/resource_content.jsp?oid=1459998&queryString=?P??????????%20??????????? HTTP/1.1" 200 31958
40.77.167.31 - - [15/Jul/2016:10:01:22 +0800] "GET /content/repository/resource_content.jsp?oid=1773479 HTTP/1.1" 200 36589
66.249.71.136 - - [15/Jul/2016:10:01:59 +0800] "GET /content/repository/resource_content.jsp?oid=2575225 HTTP/1.1" 200 29365
40.77.167.33 - - [15/Jul/2016:10:02:03 +0800] "GET /content/subject/resource_content.jsp?oid=16777447 HTTP/1.1" 200 40906
66.249.71.159 - - [15/Jul/2016:10:02:22 +0800] "GET /content/repository/resource_content.jsp?oid=4364289&queryType=qs&queryString=%E8%BF%8E%E7%A5%9E HTTP/1.1" 200 30507
66.249.71.143 - - [15/Jul/2016:10:02:27 +0800] "GET /content/nav/relationSubject.jsp?relationWords=%E6%9E%97%E5%9C%92%E9%84%89+&oid=1633771 HTTP/1.1" 200 5171
68.180.231.49 - - [15/Jul/2016:10:02:31 +0800] "GET /digiarch_en/content/subject/resource_content.jsp?oid=16777568&queryType=qc HTTP/1.1" 200 29019
66.249.71.143 - - [15/Jul/2016:10:03:14 +0800] "GET /content/nav/relationSubject.jsp?relationWords=%E6%89%81%E6%9F%8F+%E6%89%81%E6%9F%8F%E5%B1%AC+%E6%9D%BE%E6%9D%89+%E6%9F%8F%E7%A7%91+%E6%A4%8D%E7%89%A9%E7%95%8C+%E6%AF%AC%E6%9E%9C+&oid=1457350 HTTP/1.1" 200 3495
66.249.71.136 - - [15/Jul/2016:10:03:15 +0800] "GET /content/nav/relationSubject.jsp?relationWords=%E6%89%81%E6%9F%8F%20%E6%89%81%E6%9F%8F%E5%B1%AC%20%E6%9D%BE%E6%9D%89%20%E6%9F%8F%E7%A7%91%20%E6%A4%8D%E7%89%A9%E7%95%8C%20%E6%AF%AC%E6%9E%9C%20&oid=1457350 HTTP/1.1" 200 3495
157.55.39.208 - - [15/Jul/2016:10:03:22 +0800] "GET /content/repository/resource_content.jsp?oid=523271&queryType=qc HTTP/1.1" 200 35578
66.249.71.166 - - [15/Jul/2016:10:03:31 +0800] "GET /content/subject/resource_content.jsp?oid=16777270&queryString=%E5%A4%A7%E8%91%89%E5%B1%B1%20%E5%A4%A7%E8%91%89%E5%B1%B1%E6%AC%96%20%E5%B1%B1%E6%AC%96 HTTP/1.1" 200 34552
36.234.144.129 - - [15/Jul/2016:10:03:39 +0800] "GET /content/nav/relationSubject.jsp?relationWords=%E8%96%9C%E8%8D%94+&oid=16777485 HTTP/1.1" 200 3561
40.77.167.33 - - [15/Jul/2016:10:03:42 +0800] "GET /digiarch_en/content/subject/resource_content.jsp?oid=16777620&queryType=qc HTTP/1.1" 200 51651
66.249.71.159 - - [15/Jul/2016:10:03:57 +0800] "GET /content/repository/resource_content.jsp?oid=2150316&queryString=%E7%83%8F%E5%BF%83%E7%9F%B3 HTTP/1.1" 200 31221
66.249.71.152 - - [15/Jul/2016:10:04:02 +0800] "GET /content/nav/relationSubject.jsp?relationWords=%E6%9C%A8%E8%98%AD%E7%A7%91+%E6%A4%8D%E7%89%A9%E7%95%8C+%E7%83%8F%E5%BF%83%E7%9F%B3+%E7%83%8F%E5%BF%83%E7%9F%B3%E5%B1%AC+&oid=2150316 HTTP/1.1" 200 4387
40.77.167.33 - - [15/Jul/2016:10:04:02 +0800] "GET /digiarch_en/content/subject/resource_content.jsp?oid=16777624&queryType=qc HTTP/1.1" 200 98233
1.175.51.32 - - [15/Jul/2016:10:04:40 +0800] "GET /content/subject/resource_content.jsp?oid=16777783&queryType=qs&queryString=%E9%A1%8F%E5%9C%8B%E5%B9%B4 HTTP/1.1" 200 58187
1.175.51.32 - - [15/Jul/2016:10:04:41 +0800] "GET /content/nav/relationSubject.jsp?relationWords=%E6%9E%97%E7%8D%BB%E5%A0%82+%E7%81%8C%E5%9C%92%E5%85%88%E7%94%9F+%E9%9C%A7%E5%B3%B0+&oid=16777783 HTTP/1.1" 200 6028
157.55.39.208 - - [15/Jul/2016:10:04:42 +0800] "GET /content/repository/resource_content.jsp?oid=1456971 HTTP/1.1" 200 31088
66.249.71.199 - - [15/Jul/2016:10:04:53 +0800] "GET /digiarch3/content/nav/relationSubject.jsp?relationWords=%E5%93%A1%E5%BC%81+%E5%BC%81%E4%BA%8B+%E6%8D%BB%E5%8C%AA+&oid=2670077 HTTP/1.1" 200 3157
66.249.71.143 - - [15/Jul/2016:10:04:59 +0800] "GET /content/nav/relationSubject.jsp?relationWords=%E8%B3%AA%E8%A9%A2%20%E8%BC%94%E5%B0%8E%E6%9C%83%20%E9%BB%83%E5%9C%8B%E6%94%BF%20&oid=1557028 HTTP/1.1" 200 4012
157.55.39.57 - - [15/Jul/2016:10:05:01 +0800] "GET /content/repository/resource_content.jsp?oid=518216&queryString=%E7%83%8F%E8%B3%8A%20%E7%83%8F%E8%B3%8A%E5%B1%AC%20%E7%83%8F%E8%B3%8A%E7%A7%91%20%E8%99%8E%E6%96%91%E7%83%8F%E8%B3%8A%20%E9%A0%AD%E8%B6%B3%E7%B6%B1 HTTP/1.1" 200 31648
180.76.15.156 - - [15/Jul/2016:10:05:04 +0800] "GET /content/repository/resource_content.jsp?oid=3817749&queryString=%E5%A4%A9%E4%BB%99%E6%9E%9C%20%E6%A4%8D%E7%89%A9%E7%95%8C%20%E6%A6%95%E5%B1%AC HTTP/1.1" 200 31066
66.249.71.152 - - [15/Jul/2016:10:05:04 +0800] "GET /content/subject/resource_content.jsp?oid=16777663&queryString=%E7%BE%8E%E5%B0%91%E5%A5%B3%20%E8%87%BA%E7%81%A3%E5%8F%B2 HTTP/1.1" 200 25621
66.249.71.143 - - [15/Jul/2016:10:05:24 +0800] "GET /content/nav/relationSubject.jsp?relationWords=%E6%88%B6%E8%AD%A6%E5%90%88%E4%B8%80+%E6%B4%A5%E8%B2%BC+%E7%9C%81%E6%94%BF%E5%BA%9C+%E8%87%BA%E7%81%A3%E7%9C%81%E6%94%BF%E5%BA%9C+%E8%AD%A6%E5%AF%9F+%E8%AD%A6%E5%AF%9F%E6%A9%9F%E9%97%9C+%E9%A0%90%E7%AE%97+&oid=1900395 HTTP/1.1" 200 4772
40.77.167.33 - - [15/Jul/2016:10:05:30 +0800] "GET /content/repository/resource_content.jsp?oid=523571&querytype=qc HTTP/1.1" 200 35986
66.249.79.137 - - [15/Jul/2016:10:05:32 +0800] "GET /content/repository/resource_content.jsp?oid=1899617 HTTP/1.1" 200 29130
66.249.79.137 - - [15/Jul/2016:10:05:35 +0800] "GET /content/nav/relationSubject.jsp?relationWords=%E4%BA%8C%E6%9E%97+%E5%A4%A7%E6%BA%AA%E9%8E%AE+%E5%BE%A9%E8%88%88%E9%84%89+%E6%9D%B1%E6%9E%97+%E7%9C%81%E6%94%BF%E5%BA%9C+&oid=1899617 HTTP/1.1" 200 4627
157.55.39.57 - - [15/Jul/2016:10:05:41 +0800] "GET /content/repository/resource_content.jsp?oid=14284&queryString=%E7%AE%AD%E9%BD%92%E5%89%8D%E8%82%9B%E9%B0%BB HTTP/1.1" 200 31540
66.249.71.136 - - [15/Jul/2016:10:05:55 +0800] "GET /content/nav/relationSubject.jsp?relationWords=%E6%96%BD%E6%94%BF%E5%A0%B1%E5%91%8A%20%E6%9D%8E%E9%80%A3%E6%98%A5%20%E7%B3%A7%E9%A3%9F%E5%A2%9E%E7%94%A2%20%E7%B3%A7%E9%A3%9F%E5%B1%80%20%E7%B3%A7%E9%A3%9F%E6%94%BF%E7%AD%96%20&oid=1544621 HTTP/1.1" 200 4384
40.77.167.33 - - [15/Jul/2016:10:06:06 +0800] "GET /content/subject/resource_content.jsp?oid=16777440&queryType=qs&queryString=%E6%98%8E%E6%B8%85%E6%AA%94%E6%A1%88 HTTP/1.1" 200 50052
157.55.39.208 - - [15/Jul/2016:10:06:22 +0800] "GET /content/subject/resource_content.jsp?oid=16777714 HTTP/1.1" 200 42382
66.249.71.136 - - [15/Jul/2016:10:06:36 +0800] "GET /content/subject/resource_content.jsp?oid=16777752&queryString=%E6%B0%91%E6%97%8F%E5%AD%B8 HTTP/1.1" 200 37614
157.55.39.208 - - [15/Jul/2016:10:06:43 +0800] "GET /content/repository/resource_content.jsp?oid=1457050 HTTP/1.1" 200 30116
40.77.167.33 - - [15/Jul/2016:10:07:01 +0800] "GET /content/subject/resource_content.jsp?oid=16777266 HTTP/1.1" 200 35335
66.249.71.136 - - [15/Jul/2016:10:07:06 +0800] "GET /content/repository/resource_content.jsp?oid=1114114 HTTP/1.1" 200 31506
66.249.71.136 - - [15/Jul/2016:10:07:50 +0800] "GET /content/nav/relationSubject.jsp?relationWords=%E6%95%B8%E4%BD%8D%E5%8D%9A%E7%89%A9%E9%A4%A8+&oid=16777273 HTTP/1.1" 200 2948
66.249.71.136 - - [15/Jul/2016:10:08:08 +0800] "GET /content/repository/resource_content.jsp?oid=3812834&queryString=%E8%82%A2%E7%AF%80%E8%95%A8%20%E8%82%A2%E7%AF%80%E8%95%A8%E5%B1%AC HTTP/1.1" 200 31359
66.249.71.136 - - [15/Jul/2016:10:08:13 +0800] "GET /content/nav/relationSubject.jsp?relationWords=%E9%8C%A2%E7%B3%A7%20&oid=2546254 HTTP/1.1" 200 5260
157.55.39.208 - - [15/Jul/2016:10:08:22 +0800] "GET /content/repository/resource_content.jsp?oid=523341&queryType=qc HTTP/1.1" 200 38184
61.64.108.172 - - [15/Jul/2016:10:08:30 +0800] "GET /content/subject/resource_content.jsp?oid=16777842&queryType=qc HTTP/1.1" 200 36275
1.161.87.164 - - [15/Jul/2016:10:08:30 +0800] "GET /content/nav/relationSubject.jsp?relationWords=%E5%8D%97%E6%B9%96%E6%9F%B3%E8%91%89%E8%8F%9C+&oid=33554764 HTTP/1.1" 200 2470
61.64.108.172 - - [15/Jul/2016:10:08:30 +0800] "GET /content/subject/resource_content.jsp?oid=16777839&queryType=qc HTTP/1.1" 200 27193
61.64.108.172 - - [15/Jul/2016:10:08:31 +0800] "GET /content/subject/resource_content.jsp?oid=16777841&queryType=qc HTTP/1.1" 200 27539
61.64.108.172 - - [15/Jul/2016:10:08:32 +0800] "GET /content/subject/resource_content.jsp?oid=16777840&queryType=qc HTTP/1.1" 200 40649
61.64.108.172 - - [15/Jul/2016:10:08:32 +0800] "GET /content/subject/resource_content.jsp?oid=16777838&queryType=qc HTTP/1.1" 200 59049
61.64.108.172 - - [15/Jul/2016:10:08:33 +0800] "GET /content/subject/resource_content.jsp?oid=16777840&queryType=2000qc HTTP/1.1" 200 40649
61.64.108.172 - - [15/Jul/2016:10:08:33 +0800] "GET /content/subject/resource_content.jsp?oid=16777801&queryType=qc HTTP/1.1" 200 43010
61.64.108.172 - - [15/Jul/2016:10:08:34 +0800] "GET /content/subject/resource_content.jsp?oid=16777749&queryType=qc HTTP/1.1" 200 41248
61.64.108.172 - - [15/Jul/2016:10:08:35 +0800] "GET /content/subject/resource_content.jsp?oid=16777742&queryType=qc HTTP/1.1" 200 39026
61.64.108.172 - - [15/Jul/2016:10:08:35 +0800] "GET /content/subject/resource_content.jsp?oid=16777741&queryType=qc HTTP/1.1" 200 53538
61.64.108.172 - - [15/Jul/2016:10:08:36 +0800] "GET /content/subject/resource_content.jsp?oid=16777740&queryType=qc HTTP/1.1" 200 41298
61.64.108.172 - - [15/Jul/2016:10:08:37 +0800] "GET /content/subject/resource_content.jsp?oid=16777805&queryType=qc HTTP/1.1" 200 35146
61.64.108.172 - - [15/Jul/2016:10:08:37 +0800] "GET /content/subject/resource_content.jsp?oid=16777599&queryType=qc HTTP/1.1" 200 36977
61.64.108.172 - - [15/Jul/2016:10:08:38 +0800] "GET /content/subject/resource_content.jsp?oid=16777721&queryType=qc HTTP/1.1" 200 36329
61.64.108.172 - - [15/Jul/2016:10:08:38 +0800] "GET /content/subject/resource_content.jsp?oid=16777736&queryType=qc HTTP/1.1" 200 43167
61.64.108.172 - - [15/Jul/2016:10:08:39 +0800] "GET /content/subject/resource_content.jsp?oid=16777448&queryType=qc HTTP/1.1" 200 34500
61.64.108.172 - - [15/Jul/2016:10:08:39 +0800] "GET /content/subject/resource_content.jsp?oid=16777779&queryType=qc HTTP/1.1" 200 37712
61.64.108.172 - - [15/Jul/2016:10:08:41 +0800] "GET /content/subject/resource_content.jsp?oid=16777745&queryType=qc HTTP/1.1" 200 35935
61.64.108.172 - - [15/Jul/2016:10:08:41 +0800] "GET /content/subject/resource_content.jsp?oid=16777764&queryType=qc HTTP/1.1" 200 40780
61.64.108.172 - - [15/Jul/2016:10:08:41 +0800] "GET /content/subject/resource_content.jsp?oid=16777780&queryType=qc HTTP/1.1" 200 33936
61.64.108.172 - - [15/Jul/2016:10:08:42 +0800] "GET /content/subject/resource_content.jsp?oid=16777837&queryType=qc HTTP/1.1" 200 37539
61.64.108.172 - - [15/Jul/2016:10:08:42 +0800] "GET /content/subject/resource_content.jsp?oid=16777746&queryType=qc HTTP/1.1" 200 39168
66.249.71.136 - - [15/Jul/2016:10:08:43 +0800] "GET /digiarch_en/content/repository/resource_content.jsp?oid=1591697&queryString=%E5%A4%9A%E5%AA%92%E9%AB%94%20%E5%BD%B1%E5%83%8F%E4%BF%AE%E8%A3%9C%20%E6%95%B8%E4%BD%8D%E5%85%B8%E8%97%8F%20%E6%95%B8%E4%BD%8D%E5%85%B8%E8%97%8F%E6%8A%80%E8%A1%93%20%E8%A6%96%E8%A8%8A HTTP/1.1" 200 26805
61.64.108.172 - - [15/Jul/2016:10:08:44 +0800] "GET /content/subject/resource_content.jsp?oid=16777470&queryType=qc HTTP/1.1" 200 29361
61.64.108.172 - - [15/Jul/2016:10:08:45 +0800] "GET /content/subject/resource_content.jsp?oid=16777753&queryType=qc HTTP/1.1" 200 36817
61.64.108.172 - - [15/Jul/2016:10:08:45 +0800] "GET /content/subject/resource_content.jsp?oid=16777469&queryType=qc HTTP/1.1" 200 31173
61.64.108.172 - - [15/Jul/2016:10:08:45 +0800] "GET /content/subject/resource_content.jsp?oid=16777468&queryType=qc HTTP/1.1" 200 33244
61.64.108.172 - - [15/Jul/2016:10:08:49 +0800] "GET /content/subject/resource_content.jsp?oid=16777566&queryType=qc HTTP/1.1" 200 31748
61.64.108.172 - - [15/Jul/2016:10:08:49 +0800] "GET /content/subject/resource_content.jsp?oid=16777730&queryType=qc HTTP/1.1" 200 46323
61.64.108.172 - - [15/Jul/2016:10:08:50 +0800] "GET /content/subject/resource_content.jsp?oid=16797240&queryType=qc HTTP/1.1" 200 42460
61.64.108.172 - - [15/Jul/2016:10:08:50 +0800] "GET /content/subject/resource_content.jsp?oid=16777825&queryType=qc HTTP/1.1" 200 41691
61.64.108.172 - - [15/Jul/2016:10:08:50 +0800] "GET /content/subject/resource_content.jsp?oid=16777471&queryType=qc HTTP/1.1" 200 30230
61.64.108.172 - - [15/Jul/2016:10:08:51 +0800] "GET /content/subject/resource_content.jsp?oid=16777568&queryType=qc HTTP/1.1" 200 34862
61.64.108.172 - - [15/Jul/2016:10:08:51 +0800] "GET /content/subject/resource_content.jsp?oid=16777734&queryType=qc HTTP/1.1" 200 40302
61.64.108.172 - - [15/Jul/2016:10:08:51 +0800] "GET /content/subject/resource_content.jsp?oid=16777788&queryType=qc HTTP/1.1" 200 42882
61.64.108.172 - - [15/Jul/2016:10:08:52 +0800] "GET /content/subject/resource_content.jsp?oid=16777731&queryType=qc HTTP/1.1" 200 43393
61.64.108.172 - - [15/Jul/2016:10:08:52 +0800] "GET /content/subject/resource_content.jsp?oid=16797234&queryType=qc HTTP/1.1" 200 46558
61.64.108.172 - - [15/Jul/2016:10:08:53 +0800] "GET /content/subject/resource_content.jsp?oid=16777463&queryType=qc HTTP/1.1" 200 28398
61.64.108.172 - - [15/Jul/2016:10:08:53 +0800] "GET /content/subject/resource_content.jsp?oid=16777615&queryType=qc HTTP/1.1" 200 37930
66.249.71.136 - - [15/Jul/2016:10:08:53 +0800] "GET /digiarch_en/content/nav/relationSubject.jsp?relationWords=%E5%AF%86%E9%86%AB+%E5%B1%B1%E5%9C%B0%E5%B1%B1%E8%83%9E+%E6%9E%97%E6%98%A5+%E7%A0%94%E8%A8%8E%E6%9C%83+%E8%8F%AF%E5%BE%B7+%E8%A1%9B%E7%94%9F%E6%89%80+%E8%A6%96%E8%A8%8A+%E8%B2%BB%E7%94%9F+%E8%B3%AA%E8%A9%A2+%E9%86%AB%E5%AD%B8%E9%99%A2+%E9%86%AB%E7%99%82%E6%9C%8D%E5%8B%99+%E9%86%AB%E8%AD%B7%E4%BA%BA%E5%93%A1+%E9%99%B3%E5%BB%BA%E5%B9%B4+%E9%9B%A2%E5%B3%B6+&oid=1591697 HTTP/1.1" 200 5801
61.64.108.172 - - [15/Jul/2016:10:08:54 +0800] "GET /content/subject/resource_content.jsp?oid=16797242&queryType=qc HTTP/1.1" 200 46766
61.64.108.172 - - [15/Jul/2016:10:08:55 +0800] "GET /content/subject/resource_content.jsp?oid=16777570&queryType=qc HTTP/1.1" 200 40496
61.64.108.172 - - [15/Jul/2016:10:08:55 +0800] "GET /content/subject/resource_content.jsp?oid=16797239&queryType=qc HTTP/1.1" 200 44010
61.64.108.172 - - [15/Jul/2016:10:08:56 +0800] "GET /content/subject/resource_content.jsp?oid=16777641&queryType=qc HTTP/1.1" 200 49686
61.64.108.172 - - [15/Jul/2016:10:08:56 +0800] "GET /content/subject/resource_content.jsp?oid=16797246&queryType=qc HTTP/1.1" 200 43651
61.64.108.172 - - [15/Jul/2016:10:08:57 +0800] "GET /content/subject/resource_content.jsp?oid=16797246&queryType2000=qc HTTP/1.1" 200 43651
61.64.108.172 - - [15/Jul/2016:10:08:58 +0800] "GET /content/subject/resource_content.jsp?oid=16777620&queryType=qc HTTP/1.1" 200 54705
61.64.108.172 - - [15/Jul/2016:10:08:58 +0800] "GET /content/subject/resource_content.jsp?oid=16777254&queryType=qc HTTP/1.1" 200 34616
61.64.108.172 - - [15/Jul/2016:10:08:58 +0800] "GET /content/subject/resource_content.jsp?oid=16777621&queryType=qc HTTP/1.1" 200 35774
61.64.108.172 - - [15/Jul/2016:10:08:58 +0800] "GET /content/subject/resource_content.jsp?oid=16777606&queryType=qc HTTP/1.1" 200 50883
163.19.35.139 - - [15/Jul/2016:10:08:58 +0800] "GET /content/nav/relationSubject.jsp?relationWords=%E5%B1%B1%E8%8A%99%E8%93%89+%E6%9C%A8%E8%8A%99%E8%93%89+%E8%96%9B%E6%BF%A4+%E9%86%89%E8%8A%99%E8%93%89+&oid=16777260 HTTP/1.1" 200 4595
61.64.108.172 - - [15/Jul/2016:10:08:59 +0800] "GET /content/subject/resource_content.jsp?oid=16777612&queryType=qc HTTP/1.1" 200 42526
61.64.108.172 - - [15/Jul/2016:10:09:00 +0800] "GET /content/subject/re2000source_content.jsp?oid=16777482&queryType=qc HTTP/1.1" 404 14873
61.64.108.172 - - [15/Jul/2016:10:09:00 +0800] "GET /content/subject/resource_content.jsp?oid=16777462&queryType=qc HTTP/1.1" 200 55152
61.64.108.172 - - [15/Jul/2016:10:09:00 +0800] "GET /content/subject/resource_content.jsp?oid=16777604&queryType=qc HTTP/1.1" 200 59773
