66.249.71.136 - - [24/Jun/2016:02:44:25 +0800] "GET /digiarch_en/content/subject/resource_content.jsp?oid=16777382&queryString=%E5%A4%9A%E5%AA%92%E9%AB%94%20%E5%AA%92%E9%AB%94%20%E5%BD%B1%E5%83%8F%E4%BF%AE%E8%A3%9C%20%E6%95%B8%E4%BD%8D%E5%85%B8%E8%97%8F%20%E6%95%B8%E4%BD%8D%E5%85%B8%E8%97%8F%E6%8A%80%E8%A1%93%20%E8%A6%96%E8%A8%8A HTTP/1.1" 200 25323
180.176.49.78 - - [24/Jun/2016:02:44:39 +0800] "GET /content/subject/resource_content.jsp?oid=16797258&queryType=qc HTTP/1.1" 200 56111
180.176.49.78 - - [24/Jun/2016:02:44:42 +0800] "GET /content/nav/relationSubject.jsp?relationWords=%E9%A3%B2%E9%A3%9F%E6%96%87%E5%8C%96+&oid=16797258 HTTP/1.1" 200 3008
66.249.71.136 - - [24/Jun/2016:02:45:13 +0800] "GET /content/nav/relationSubject.jsp?relationWords=%E4%B8%AD%E5%9C%8B%E5%AE%BF%E6%9F%B1%E8%96%B9+%E8%96%B9%E5%B1%AC+&oid=1112174 HTTP/1.1" 200 3205
66.249.71.136 - - [24/Jun/2016:02:45:17 +0800] "GET /content/repository/resource_content.jsp?oid=1602625&queryString=%E6%95%99%E5%AD%B8%E6%A1%88 HTTP/1.1" 200 29230
150.70.173.59 - - [24/Jun/2016:02:45:46 +0800] "GET /content/subject/resource_content.jsp?oid=16797258&queryType=qc HTTP/1.1" 200 56111
66.249.71.136 - - [24/Jun/2016:02:45:48 +0800] "GET /content/nav/relationSubject.jsp?relationWords=%E7%A4%AA%E7%9F%B3+&oid=1873378 HTTP/1.1" 200 2987
66.249.71.136 - - [24/Jun/2016:02:45:56 +0800] "GET /content/subject/resource_content.jsp?oid=16777752&queryString= HTTP/1.1" 200 37662
66.249.71.152 - - [24/Jun/2016:02:46:11 +0800] "GET /content/subject/resource_content.jsp?oid=16777382&queryString=%E5%A4%9A%E5%AA%92%E9%AB%94%20%E6%95%B8%E4%BD%8D%E5%85%B8%E8%97%8F%20%E6%95%B8%E4%BD%8D%E5%85%B8%E8%97%8F%E6%8A%80%E8%A1%93%20%E7%9C%8B%E6%9D%BF%20%E9%9B%BB%E8%A6%96%E7%89%86 HTTP/1.1" 200 30992
66.249.71.136 - - [24/Jun/2016:02:46:13 +0800] "GET /content/nav/relationSubject.jsp?relationWords=%E7%A4%AA%E7%9F%B3%20&oid=1873378 HTTP/1.1" 200 2987
66.249.71.199 - - [24/Jun/2016:02:46:48 +0800] "GET /digiarch3/content/nav/relationSubject.jsp?relationWords=%E5%85%AB%E5%90%89%E7%A5%A5+%E5%A4%9A%E6%A8%A3%E6%80%A7+%E5%BD%A9%E7%B9%AA+%E8%9E%BA%E9%88%BF+%E9%83%B5%E7%A5%A8+&oid=16777481 HTTP/1.1" 200 5190
68.180.230.157 - - [24/Jun/2016:02:46:52 +0800] "GET /content/subject/resource_content.jsp?oid=16777368&queryType=qc HTTP/1.1" 200 31932
66.249.71.166 - - [24/Jun/2016:02:48:44 +0800] "GET /content/nav/relationSubject.jsp?relationWords=%E8%BB%8A%E9%A6%AC%E5%87%BA%E8%A1%8C+%E8%BB%8A%E9%A8%8E+%E9%9B%85%E5%AE%89+%E9%AB%98%E9%A0%A4%E9%97%95+&oid=1834504 HTTP/1.1" 200 4366
66.249.71.188 - - [24/Jun/2016:02:48:53 +0800] "GET /content/subject/resource_content.jsp?oid=16777766&queryType=qc HTTP/1.1" 200 50594
66.249.71.188 - - [24/Jun/2016:02:49:23 +0800] "GET /content/nav/relationSubject.jsp?relationWords=%E4%BF%9D%E5%8A%9B+%E6%81%86%E6%98%A5%E5%8D%8A%E5%B3%B6+%E7%89%A1%E4%B8%B9%E7%A4%BE%E4%BA%8B%E4%BB%B6+%E7%95%AA%E7%A4%BE+&oid=16777766 HTTP/1.1" 200 4011
66.249.71.143 - - [24/Jun/2016:02:49:31 +0800] "GET /content/nav/relationSubject.jsp?relationWords=&oid=1776043 HTTP/1.1" 200 1405
66.249.71.242 - - [24/Jun/2016:02:49:35 +0800] "GET /content/nav/relationSubject.jsp?relationWords=%E4%B8%8A%E8%AB%AD+%E5%90%8F%E9%83%A8+&oid=2687744 HTTP/1.1" 200 3106
66.249.71.143 - - [24/Jun/2016:02:49:37 +0800] "GET /content/repository/resource_content.jsp?oid=1808555&queryString=%E6%8B%93%E7%89%87%20%E7%A7%A6%E7%8E%8B HTTP/1.1" 200 34656
66.249.71.136 - - [24/Jun/2016:02:49:42 +0800] "GET /content/nav/relationSubject.jsp?relationWords=%E7%B4%90%E8%82%B2%E8%90%AC%E5%9C%8B+%E8%90%AC%E5%9C%8B%E5%8D%9A%E8%A6%BD%E6%9C%83+&oid=4471328 HTTP/1.1" 200 3332
66.249.71.136 - - [24/Jun/2016:02:49:46 +0800] "GET /content/nav/relationSubject.jsp?relationWords=%E7%B4%90%E8%82%B2%E8%90%AC%E5%9C%8B%20%E8%90%AC%E5%9C%8B%E5%8D%9A%E8%A6%BD%E6%9C%83%20&oid=4471328 HTTP/1.1" 200 3332
66.249.79.139 - - [24/Jun/2016:02:49:48 +0800] "GET /content/subject/resource_content.jsp?oid=16777503&queryType=qs&queryString=%E5%80%92%E6%8A%AB%E9%87%9D%E5%BD%A2 HTTP/1.1" 200 40606
180.76.15.134 - - [24/Jun/2016:02:50:15 +0800] "GET /content/repository/resource_content.jsp?oid=1457574 HTTP/1.1" 200 31041
66.249.71.136 - - [24/Jun/2016:02:50:40 +0800] "GET /content/exhibit/exhibit.jsp?oid=16777692 HTTP/1.1" 200 26268
66.249.71.136 - - [24/Jun/2016:02:50:45 +0800] "GET /digiarch_en/content/nav/relationSubject.jsp?relationWords=%E8%85%B9%E8%B6%B3%E7%B6%B1+%E8%A0%91%E8%9E%BA+%E8%A0%91%E8%9E%BA%E7%A7%91+%E9%AB%98%E8%85%B0%E8%A0%91%E8%9E%BA+&oid=523339 HTTP/1.1" 200 3372
66.249.71.166 - - [24/Jun/2016:02:51:35 +0800] "GET /content/subject/resource_content.jsp?oid=16777776&queryType=qs&queryString=%E8%87%BA%E5%8C%97%E5%B8%9D%E5%9C%8B%E5%A4%A7%E5%AD%B8 HTTP/1.1" 200 61627
66.249.71.136 - - [24/Jun/2016:02:51:38 +0800] "GET /content/nav/relationSubject.jsp?relationWords=%E4%BA%BA%E5%90%8D%E6%AC%8A%E5%A8%81+%E5%A4%A7%E4%BD%BF+%E7%8E%8B%E5%BB%A3%E5%9C%BB+%E7%BE%A9%E5%A4%A7%E5%88%A9+&oid=719542 HTTP/1.1" 200 3270
66.249.79.200 - - [24/Jun/2016:02:51:43 +0800] "GET /content/nav/relationSubject.jsp?relationWords=%E4%BA%BA%E5%90%8D%E6%AC%8A%E5%A8%81%20%E5%A4%A7%E4%BD%BF%20%E7%8E%8B%E5%BB%A3%E5%9C%BB%20%E7%BE%A9%E5%A4%A7%E5%88%A9%20&oid=719542 HTTP/1.1" 200 3270
66.249.71.136 - - [24/Jun/2016:02:52:06 +0800] "GET /content/nav/relationSubject.jsp?relationWords=%E6%AD%A6%E8%88%89+%E6%AE%BF%E8%A9%A6+&oid=2656734 HTTP/1.1" 200 4401
66.249.71.136 - - [24/Jun/2016:02:52:09 +0800] "GET /content/nav/relationSubject.jsp?relationWords=%E6%AD%A6%E8%88%89%20%E6%AE%BF%E8%A9%A6%20&oid=2656734 HTTP/1.1" 200 4401
66.249.71.199 - - [24/Jun/2016:02:52:10 +0800] "GET /content/nav/relationSubject.jsp?relationWords=%E6%9E%97%E6%B7%B5%E7%86%99+&oid=1894226 HTTP/1.1" 200 3174
66.249.71.159 - - [24/Jun/2016:02:52:24 +0800] "GET /content/nav/relationSubject.jsp?relationWords=%E5%8A%89%E5%85%B6%E5%81%89+&oid=16797340 HTTP/1.1" 200 1415
68.180.230.157 - - [24/Jun/2016:02:52:27 +0800] "GET /content/exhibit/exhibit.jsp?oid=16777719 HTTP/1.1" 200 26268
66.249.79.200 - - [24/Jun/2016:02:52:30 +0800] "GET /content/subject/resource_content.jsp?oid=16777607&queryType=qs&queryString=%E5%9C%8B%E6%B0%91%E6%94%BF%E5%BA%9C HTTP/1.1" 200 55014
66.249.71.152 - - [24/Jun/2016:02:52:50 +0800] "GET /content/nav/relationSubject.jsp?relationWords=%E5%88%91%E9%83%A8+%E5%93%A1%E5%BC%81+%E9%98%B2%E5%AE%88+&oid=2678889 HTTP/1.1" 200 4479
66.249.71.200 - - [24/Jun/2016:02:53:17 +0800] "GET /content/subject/resource_content.jsp?oid=16777782&queryType=qc%3E HTTP/1.1" 200 49031
66.249.71.242 - - [24/Jun/2016:02:53:23 +0800] "GET /content/repository/resource_content.jsp?oid=1555224&queryType=qs&queryString=%E6%9C%8D%E5%8B%99%E5%B9%B4%E8%B3%87 HTTP/1.1" 200 29209
66.249.71.152 - - [24/Jun/2016:02:53:28 +0800] "GET /content/nav/relationSubject.jsp?relationWords=%E7%9F%B3%E5%8C%95+&oid=1849357 HTTP/1.1" 200 2963
1.175.182.215 - - [24/Jun/2016:02:53:49 +0800] "GET /content/subject/resource_content.jsp?oid=16797271&queryType=qc HTTP/1.1" 200 55170
1.175.182.215 - - [24/Jun/2016:02:53:51 +0800] "GET /content/nav/relationSubject.jsp?relationWords=&oid=16797271 HTTP/1.1" 200 1405
66.249.71.136 - - [24/Jun/2016:02:54:11 +0800] "GET /content/nav/relationSubject.jsp?relationWords=%E7%9A%AE%E6%B0%8F%E5%8F%AB%E5%A7%91%E9%AD%9A+%E7%9F%B3%E9%A6%96%E9%AD%9A%E7%A7%91+&oid=15448 HTTP/1.1" 200 3158
66.249.71.136 - - [24/Jun/2016:02:54:14 +0800] "GET /content/nav/relationSubject.jsp?relationWords=%E7%9A%AE%E6%B0%8F%E5%8F%AB%E5%A7%91%E9%AD%9A%20%E7%9F%B3%E9%A6%96%E9%AD%9A%E7%A7%91%20&oid=15448 HTTP/1.1" 200 3158
66.249.71.136 - - [24/Jun/2016:02:54:24 +0800] "GET /content/subject/resource_content.jsp?oid=16777770&queryType=qs&queryString=%E4%BB%A3%E8%A1%A8%E4%BA%BA HTTP/1.1" 200 53825
66.249.66.173 - - [24/Jun/2016:02:55:11 +0800] "GET /content/repository/resource_content.jsp?oid=16502&queryString=%E7%B4%85%E7%89%99%20%E7%B4%85%E7%89%99%E9%B1%97%E9%AD%A8%20%E9%B1%97%E9%AD%A8 HTTP/1.1" 200 35277
66.249.71.136 - - [24/Jun/2016:02:55:24 +0800] "GET /content/nav/relationSubject.jsp?relationWords=&oid=2664211 HTTP/1.1" 200 1405
66.249.71.136 - - [24/Jun/2016:02:56:30 +0800] "GET /content/nav/relationSubject.jsp?relationWords=%E7%B4%AB%E8%8A%B1+%E7%B4%AB%E8%8A%B1%E5%A0%87%E8%8F%9C+&oid=33554649 HTTP/1.1" 200 3238
66.249.71.199 - - [24/Jun/2016:02:56:36 +0800] "GET /digiarch3/content/nav/relationSubject.jsp?relationWords=%E4%B8%AD%E5%9C%8B%E6%96%87%E5%8C%96+%E5%AD%B8%E5%88%B6+%E6%96%87%E5%8C%96%E5%BE%A9%E8%88%88%E9%81%8B%E5%8B%95+%E6%96%B9%E7%AD%96+%E6%B8%85%E6%95%99+%E8%81%AF%E8%80%83+%E9%95%B7%E6%B8%85+&oid=1576729 HTTP/1.1" 200 3417
66.249.71.199 - - [24/Jun/2016:02:56:40 +0800] "GET /digiarch3/content/nav/relationSubject.jsp?relationWords=%E4%B8%AD%E5%9C%8B%E6%96%87%E5%8C%96%20%E5%AD%B8%E5%88%B6%20%E6%96%87%E5%8C%96%E5%BE%A9%E8%88%88%E9%81%8B%E5%8B%95%20%E6%96%B9%E7%AD%96%20%E6%B8%85%E6%95%99%20%E8%81%AF%E8%80%83%20%E9%95%B7%E6%B8%85%20&oid=1576729 HTTP/1.1" 200 3417
66.249.71.159 - - [24/Jun/2016:02:56:57 +0800] "GET /content/repository/resource_content.jsp?oid=14158&queryString=%E6%89%81%E9%AF%8A%20%E7%90%B5%E7%90%B6%E9%AE%AB%20%E9%9B%B2%E7%B4%8B%E7%90%B5%E7%90%B6%E9%AE%AB HTTP/1.1" 200 33598
66.249.71.136 - - [24/Jun/2016:02:56:59 +0800] "GET /content/repository/resource_content.jsp?oid=15474&queryType=qs&queryString=%E5%8D%97%E6%B2%99%E7%BE%A4%E5%B3%B6 HTTP/1.1" 200 34950
101.226.168.247 - - [24/Jun/2016:02:57:02 +0800] "GET /digiarch3/content/pictures/picture_content.jsp?oid=33554793 HTTP/1.1" 200 27347
157.55.39.163 - - [24/Jun/2016:02:57:16 +0800] "GET /content/subject/resource_content.jsp?oid=16797294 HTTP/1.1" 200 45275
157.55.39.177 - - [24/Jun/2016:02:57:36 +0800] "GET /content/pictures/picture_content.jsp?oid=33554811&queryType=qc HTTP/1.1" 200 27679
157.55.39.177 - - [24/Jun/2016:02:57:38 +0800] "GET /content/subject/resource_content.jsp?oid=16797282 HTTP/1.1" 200 78895
157.55.39.177 - - [24/Jun/2016:02:57:39 +0800] "GET /content/subject/resource_content.jsp?oid=16777770 HTTP/1.1" 200 53881
157.55.39.177 - - [24/Jun/2016:02:57:40 +0800] "GET /content/subject/resource_content.jsp?oid=16777610&queryString=%E5%91%A8%E8%99%95%20%E5%BB%A3%E6%92%AD%20%E5%BD%B1%E5%B1%95%20%E6%96%B0%E8%81%9E%E8%99%95%20%E7%B5%90%E8%AA%9E%20%E8%99%95%E9%95%B7%20%E9%95%B7%E5%A4%A9%E5%9B%BA HTTP/1.1" 200 27618
157.55.39.177 - - [24/Jun/2016:02:57:42 +0800] "GET /content/subject/resource_content.jsp?oid=16777462 HTTP/1.1" 200 55163
157.55.39.177 - - [24/Jun/2016:02:57:43 +0800] "GET /content/repository/resource_content.jsp?oid=672728&queryString=%E5%8F%A4%E5%9C%B0%E5%9C%96 HTTP/1.1" 200 28743
66.249.71.199 - - [24/Jun/2016:02:57:53 +0800] "GET /content/repository/resource_content.jsp?oid=4470506&queryString=%E8%AD%B7%E8%AC%A8%20%E9%A4%8A%E8%B1%9A HTTP/1.1" 200 29131
66.249.71.136 - - [24/Jun/2016:02:57:53 +0800] "GET /content/nav/relationSubject.jsp?relationWords=%E5%9F%94%E5%A7%9C%E6%A1%91%E5%AF%84%E7%94%9F+%E6%9D%BE%E5%AF%84%E7%94%9F%E5%B1%AC+%E6%A1%91%E5%AF%84%E7%94%9F+%E6%A4%8D%E7%89%A9%E7%95%8C+%E9%88%8D%E6%9E%9C%E6%A1%91%E5%AF%84%E7%94%9F%E5%B1%AC+&oid=1109571 HTTP/1.1" 200 3515
66.249.71.136 - - [24/Jun/2016:02:57:58 +0800] "GET /content/nav/relationSubject.jsp?relationWords=%E5%9F%94%E5%A7%9C%E6%A1%91%E5%AF%84%E7%94%9F%20%E6%9D%BE%E5%AF%84%E7%94%9F%E5%B1%AC%20%E6%A1%91%E5%AF%84%E7%94%9F%20%E6%A4%8D%E7%89%A9%E7%95%8C%20%E9%88%8D%E6%9E%9C%E6%A1%91%E5%AF%84%E7%94%9F%E5%B1%AC%20&oid=1109571 HTTP/1.1" 200 3515
40.77.167.84 - - [24/Jun/2016:02:58:07 +0800] "GET /content/nav/relationSubject.jsp?relationWords=%E9%BB%83%E6%A7%90+&oid=16777364 HTTP/1.1" 200 2681
66.249.71.136 - - [24/Jun/2016:02:59:05 +0800] "GET /content/nav/relationSubject.jsp?relationWords=%E4%B9%9D%E6%B1%9F+%E4%B9%9D%E6%B1%9F%E9%97%9C+&oid=768497 HTTP/1.1" 200 3149
66.249.71.136 - - [24/Jun/2016:02:59:09 +0800] "GET /content/nav/relationSubject.jsp?relationWords=%E6%B3%95%E8%9E%BA%E7%A7%91+%E7%95%B0%E8%B6%B3%E7%9B%AE+%E7%BE%8E%E7%8F%A0%E7%BF%BC%E6%B3%95%E8%9E%BA+%E7%BF%BC%E6%B3%95%E8%9E%BA+%E8%85%B9%E8%B6%B3%E7%B6%B1+&oid=524123 HTTP/1.1" 200 3426
66.249.79.200 - - [24/Jun/2016:02:59:13 +0800] "GET /content/nav/relationSubject.jsp?relationWords=%E5%85%AC%E5%AD%AB+&oid=1812828 HTTP/1.1" 200 3168
66.249.71.136 - - [24/Jun/2016:02:59:15 +0800] "GET /content/nav/relationSubject.jsp?relationWords=%E5%A4%A7%E5%AD%B8%E5%A3%AB+%E5%AD%94%E5%BB%9F+%E5%BB%9F%E5%8C%BE+&oid=2521997 HTTP/1.1" 200 3184
157.55.39.116 - - [24/Jun/2016:02:59:19 +0800] "GET /content/pictures/picture_content.jsp?oid=33554820 HTTP/1.1" 200 27879
157.55.39.116 - - [24/Jun/2016:02:59:21 +0800] "GET /content/subject/resource_content.jsp?oid=16797335 HTTP/1.1" 200 60398
66.249.71.152 - - [24/Jun/2016:02:59:22 +0800] "GET /content/nav/relationSubject.jsp?relationWords=%E4%BF%9D%E5%81%A5+%E5%81%A5%E5%BA%B7%E6%A1%88+%E5%9B%9B%E5%BA%9C+%E8%A8%BA%E7%99%82+&oid=1570057 HTTP/1.1" 200 3360
157.55.39.116 - - [24/Jun/2016:02:59:22 +0800] "GET /content/subject/resource_content.jsp?oid=16797254 HTTP/1.1" 200 53252
66.249.71.159 - - [24/Jun/2016:02:59:23 +0800] "GET /content/nav/relationSubject.jsp?relationWords=%E5%85%8B%E4%BB%80+%E6%A0%A1%E5%B0%8D+&oid=2653674 HTTP/1.1" 200 3110
157.55.39.116 - - [24/Jun/2016:02:59:24 +0800] "GET /content/subject/resource_content.jsp?oid=16797243 HTTP/1.1" 200 56014
157.55.39.116 - - [24/Jun/2016:02:59:26 +0800] "GET /content/subject/resource_content.jsp?oid=16777448 HTTP/1.1" 200 34511
157.55.39.116 - - [24/Jun/2016:02:59:27 +0800] "GET /content/subject/resource_content.jsp?oid=16777433&queryType=qc HTTP/1.1" 200 28566
66.249.71.136 - - [24/Jun/2016:02:59:31 +0800] "GET /content/nav/relationSubject.jsp?relationWords=%E4%B8%80%E8%91%89%E8%98%AD%E5%B1%AC+%E5%8F%B0%E7%81%A3%E4%B8%80%E8%91%89%E8%98%AD+%E6%A4%8D%E7%89%A9%E7%95%8C+&oid=3815485 HTTP/1.1" 200 3187
66.249.79.200 - - [24/Jun/2016:02:59:35 +0800] "GET /content/nav/relationSubject.jsp?relationWords=%E4%B8%80%E8%91%89%E8%98%AD%E5%B1%AC%20%E5%8F%B0%E7%81%A3%E4%B8%80%E8%91%89%E8%98%AD%20%E6%A4%8D%E7%89%A9%E7%95%8C%20&oid=3815485 HTTP/1.1" 200 3187
66.249.71.152 - - [24/Jun/2016:02:59:42 +0800] "GET /content/subject/resource_content.jsp?oid=16777373&queryString=%E5%8F%B0%E7%81%A3%E5%8E%9F%E4%BD%8F%E6%B0%91%20%E5%BD%A9%E7%B9%AA%20%E6%95%B8%E4%BD%8D%E5%85%B8%E8%97%8F HTTP/1.1" 200 27611
66.249.71.136 - - [24/Jun/2016:03:00:34 +0800] "GET /content/exhibit/exhibit.jsp?oid=16777792 HTTP/1.1" 200 26268
66.249.71.136 - - [24/Jun/2016:03:00:38 +0800] "GET /content/repository/resource_content.jsp?oid=2145037&queryString=%E5%8D%B5%E6%9E%9C%E8%95%A8%E5%B1%AC%20%E6%A4%8D%E7%89%A9%E7%95%8C%20%E6%B0%B4%E9%BE%8D%E9%AA%A8%20%E7%BF%85%E8%BB%B8%E5%81%87%E9%87%91%E6%98%9F%E8%95%A8%20%E8%95%A8%E9%A1%9E%E6%A4%8D%E7%89%A9%20%E9%87%91%E6%98%9F%E8%95%A8 HTTP/1.1" 200 31513
66.249.71.136 - - [24/Jun/2016:03:00:38 +0800] "GET /content/exhibit/exhibit_content.jsp?oid=16777792 HTTP/1.1" 200 16976
164.132.161.29 - - [24/Jun/2016:03:01:13 +0800] "GET /content/subject/resource_content.jsp?oid=16777581&queryType=qc HTTP/1.1" 200 48438
66.249.71.136 - - [24/Jun/2016:03:01:19 +0800] "GET /content/nav/relationSubject.jsp?relationWords=%E5%B7%A5%E5%A0%B4+%E6%9E%97%E7%AE%A1%E5%B1%80+%E6%A8%9F%E8%85%A6+%E6%A9%AB%E8%B2%AB%E5%85%AC%E8%B7%AF+%E9%80%A0%E6%9E%97+&oid=1552752 HTTP/1.1" 200 5793
66.249.71.199 - - [24/Jun/2016:03:01:29 +0800] "GET /digiarch3/content/subject/resource_content.jsp?oid=16777332&queryType=qc HTTP/1.1" 200 32788
66.249.71.136 - - [24/Jun/2016:03:01:29 +0800] "GET /content/nav/relationSubject.jsp?relationWords=%E5%8D%B0%E5%8B%99+%E5%B7%A1%E6%92%AB+&oid=2519861 HTTP/1.1" 200 3104
66.249.71.152 - - [24/Jun/2016:03:02:17 +0800] "GET /content/nav/relationSubject.jsp?relationWords=%E5%A4%A9%E8%8A%B9%E8%8F%9C%E5%B1%AC+%E6%A4%8D%E7%89%A9%E7%95%8C+%E7%8B%97%E5%B0%BE%E8%8D%89+%E7%B4%AB%E8%8D%89%E7%A7%91+&oid=1100552 HTTP/1.1" 200 3303
66.249.79.135 - - [24/Jun/2016:03:02:19 +0800] "GET /content/nav/relationSubject.jsp?relationWords=%E5%A4%A9%E8%8A%B9%E8%8F%9C%E5%B1%AC%20%E6%A4%8D%E7%89%A9%E7%95%8C%20%E7%8B%97%E5%B0%BE%E8%8D%89%20%E7%B4%AB%E8%8D%89%E7%A7%91%20&oid=1100552 HTTP/1.1" 200 3303
66.249.71.136 - - [24/Jun/2016:03:02:23 +0800] "GET /content/repository/resource_content.jsp?oid=1851076&queryString=%E9%88%B4%E8%88%8C HTTP/1.1" 200 30321
66.249.71.136 - - [24/Jun/2016:03:02:26 +0800] "GET /content/nav/relationSubject.jsp?relationWords=%E9%88%B4%E8%88%8C+&oid=1851076 HTTP/1.1" 200 2963
66.249.71.136 - - [24/Jun/2016:03:03:16 +0800] "GET /content/exhibit/exhibit.jsp?oid=16777683 HTTP/1.1" 200 26268
66.249.71.136 - - [24/Jun/2016:03:03:48 +0800] "GET /content/nav/relationSubject.jsp?relationWords=%E9%99%BD%E6%9D%B1+%E9%A1%8C%E8%A8%98+&oid=1833520 HTTP/1.1" 200 4830
66.249.71.136 - - [24/Jun/2016:03:03:52 +0800] "GET /content/nav/relationSubject.jsp?relationWords=%E9%99%BD%E6%9D%B1%20%E9%A1%8C%E8%A8%98%20&oid=1833520 HTTP/1.1" 200 4830
66.249.71.159 - - [24/Jun/2016:03:04:11 +0800] "GET /content/nav/relationSubject.jsp?relationWords=%E5%A4%AA%E9%AD%AF%E9%96%A3%E4%BA%BA+%E5%A4%AA%E9%AD%AF%E9%96%A3%E6%97%8F+%E6%B3%B0%E9%9B%85%E6%97%8F+%E7%9C%9F%E8%80%B6%E7%A9%8C%E6%95%99%E6%9C%83+&oid=1777867 HTTP/1.1" 200 3960
66.249.71.136 - - [24/Jun/2016:03:04:13 +0800] "GET /content/exhibit/exhibit.jsp?oid=16777684 HTTP/1.1" 200 26268
66.249.71.136 - - [24/Jun/2016:03:04:18 +0800] "GET /content/repository/resource_content.jsp?oid=692828&queryString=%E4%BA%BA%E5%90%8D%E6%AC%8A%E5%A8%81%20%E4%BF%84%E5%9C%8B%20%E4%BF%84%E8%92%99%20%E8%92%99%E5%8D%94%E7%B4%84 HTTP/1.1" 200 28960
66.249.71.136 - - [24/Jun/2016:03:04:53 +0800] "GET /content/exhibit/exhibit_content.jsp?oid=16777684 HTTP/1.1" 200 14508
66.249.71.152 - - [24/Jun/2016:03:05:05 +0800] "GET /content/subject/resource_content.jsp?oid=16777586&queryString=%E6%95%99%E6%A1%88%20%E6%9D%B1%E8%8E%9E%20%E9%BA%97%E5%B1%B1%E9%84%89 HTTP/1.1" 200 31868
66.249.71.136 - - [24/Jun/2016:03:05:33 +0800] "GET /content/nav/relationSubject.jsp?relationWords=%E6%89%93%E9%90%B5%E5%A9%86+%E6%9D%B1%E6%96%B9%E7%9F%B3%E9%B1%B8+%E6%9D%B1%E6%96%B9%E8%83%A1%E6%A4%92%E9%AF%9B+%E7%9F%B3%E9%B1%B8+%E8%8A%B1%E8%BA%AB+&oid=15372 HTTP/1.1" 200 3633
66.249.71.152 - - [24/Jun/2016:03:06:07 +0800] "GET /content/nav/relationSubject.jsp?relationWords=%E4%BA%BA%E5%90%8D%E6%AC%8A%E5%A8%81+%E5%8B%95%E7%89%A9%E6%A8%99%E6%9C%AC+%E9%A6%AC%E5%85%8B%E8%AC%A8+&oid=629216 HTTP/1.1" 200 3446
66.249.71.136 - - [24/Jun/2016:03:06:36 +0800] "GET /content/nav/relationSubject.jsp?relationWords=%E5%A4%A7%E6%88%9F+%E5%A4%A7%E6%88%9F%E5%B1%AC+%E5%A4%A7%E6%88%9F%E7%A7%91+%E6%A4%8D%E7%89%A9%E7%95%8C+&oid=2146269 HTTP/1.1" 200 3329
66.249.71.136 - - [24/Jun/2016:03:06:52 +0800] "GET /content/exhibit/exhibit.jsp?oid=16777682 HTTP/1.1" 200 26268
180.76.15.15 - - [24/Jun/2016:03:07:11 +0800] "GET /content/repository/resource_content.jsp?oid=2148864&queryString=%E5%A4%BE%E7%AB%B9%E6%A1%83%E7%A7%91%20%E6%A4%8D%E7%89%A9%E7%95%8C%20%E6%B5%B7%E6%AA%AC%E6%9E%9C%20%E6%B5%B7%E6%AA%AC%E6%9E%9C%E5%B1%AC%20%E9%BE%8D%E8%86%BD HTTP/1.1" 200 31371
66.249.71.136 - - [24/Jun/2016:03:07:27 +0800] "GET /content/nav/relationSubject.jsp?relationWords=%E7%9A%AE%E6%B0%8F%E5%8F%AB%E5%A7%91%E9%AD%9A+%E7%9F%B3%E9%A6%96%E9%AD%9A%E7%A7%91+&oid=1450263 HTTP/1.1" 200 3250
66.249.71.159 - - [24/Jun/2016:03:07:28 +0800] "GET /content/nav/relationSubject.jsp?relationWords=%E9%A6%AC%E8%98%AD%E7%A4%BE+&oid=4360741 HTTP/1.1" 200 3014
66.249.79.200 - - [24/Jun/2016:03:07:47 +0800] "GET /content/repository/resource_content.jsp?oid=1522804 HTTP/1.1" 200 29098
66.249.71.136 - - [24/Jun/2016:03:07:59 +0800] "GET /content/repository/resource_content.jsp?oid=14893&queryString=%E7%9F%B3%E7%8B%97%E5%85%AC%20%E7%9F%B3%E9%A0%AD%E9%AD%9A%20%E7%B4%85%E8%99%8E%20%E7%B4%85%E9%BB%91%E5%96%89%20%E8%99%8E%E9%AD%9A HTTP/1.1" 200 33671
66.249.71.136 - - [24/Jun/2016:03:08:11 +0800] "GET /content/nav/relationSubject.jsp?relationWords=%E5%AE%A3%E5%BA%9C+%E6%95%95%E4%BA%8B+%E6%9D%8E%E5%9C%8B%E6%A8%91+%E7%B8%BD%E5%85%B5%E5%AE%98+&oid=2677049 HTTP/1.1" 200 3258
66.249.71.136 - - [24/Jun/2016:03:08:20 +0800] "GET /content/nav/relationSubject.jsp?relationWords=%E4%BE%B5%E6%AC%8A%E8%A8%B4%E8%A8%9F+%E8%91%97%E4%BD%9C%E6%AC%8A+%E9%83%AD%E8%8B%B1%E7%94%B7+%E9%A3%B2%E9%85%92%E6%AD%8C+&oid=1777511 HTTP/1.1" 200 4197
66.249.71.136 - - [24/Jun/2016:03:08:35 +0800] "GET /content/nav/relationSubject.jsp?relationWords=%E6%88%88%E8%A7%B6+%E9%A1%8C%E8%A8%98+&oid=1817256 HTTP/1.1" 200 4830
66.249.71.136 - - [24/Jun/2016:03:08:39 +0800] "GET /content/nav/relationSubject.jsp?relationWords=%E6%88%88%E8%A7%B6%20%E9%A1%8C%E8%A8%98%20&oid=1817256 HTTP/1.1" 200 4830
66.249.71.159 - - [24/Jun/2016:03:08:41 +0800] "GET /content/repository/resource_content.jsp?oid=14489&queryType=qs&queryString=%E7%87%88%E7%B1%A0%E9%AD%9A HTTP/1.1" 200 37151
66.249.71.152 - - [24/Jun/2016:03:08:45 +0800] "GET /content/nav/relationSubject.jsp?relationWords=%E4%B8%83%E6%98%9F%E9%AD%9A+%E5%85%89%E9%AD%9A+%E7%87%88%E7%B1%A0%E9%AD%9A+%E9%95%B7%E9%B0%AD%E8%99%B9%E7%87%88%E9%AD%9A+&oid=14489 HTTP/1.1" 200 3603
66.249.71.136 - - [24/Jun/2016:03:09:00 +0800] "GET /content/nav/relationSubject.jsp?relationWords=%E4%BA%BA%E5%90%8D%E6%AC%8A%E5%A8%81+%E6%AD%90%E7%99%BB%E7%A7%91+%E9%9B%A3%E6%B0%91+%E9%AB%98%E7%A9%8D%E5%96%84+&oid=702399 HTTP/1.1" 200 3267
66.249.71.136 - - [24/Jun/2016:03:09:01 +0800] "GET /content/nav/relationSubject.jsp?relationWords=%E4%BA%BA%E5%90%8D%E6%AC%8A%E5%A8%81%20%E6%AD%90%E7%99%BB%E7%A7%91%20%E9%9B%A3%E6%B0%91%20%E9%AB%98%E7%A9%8D%E5%96%84%20&oid=702399 HTTP/1.1" 200 3267
66.249.71.136 - - [24/Jun/2016:03:09:30 +0800] "GET /content/nav/relationSubject.jsp?relationWords=%E5%A4%A7%E6%88%9F+%E5%A4%A7%E6%88%9F%E7%A7%91+%E6%A4%8D%E7%89%A9%E7%95%8C+%E7%99%BD%E9%A5%85%E9%A0%AD%E6%9E%9C+%E9%A5%85%E9%A0%AD%E6%9E%9C%E5%B1%AC+&oid=1461656 HTTP/1.1" 200 3394
66.249.71.136 - - [24/Jun/2016:03:09:47 +0800] "GET /content/nav/relationSubject.jsp?relationWords=%E5%8D%97%E6%B9%96%E5%A4%A7%E5%B1%B1+%E6%A4%8D%E7%89%A9%E7%95%8C+%E7%9F%B3%E7%AB%B9+%E7%9F%B3%E7%AB%B9%E7%A7%91+%E8%A0%85%E5%AD%90%E8%8D%89+%E8%A0%85%E5%AD%90%E8%8D%89%E5%B1%AC+&oid=1113415 HTTP/1.1" 200 4298
66.249.71.136 - - [24/Jun/2016:03:09:48 +0800] "GET /content/nav/relationSubject.jsp?relationWords=%E5%9C%9F%E9%B0%8D+%E6%B3%A5%E9%B0%8D+%E8%83%A1%E6%BA%9C+%E9%9B%A8%E6%BA%9C+%E9%AD%9A%E6%BA%9C+&oid=14415 HTTP/1.1" 200 3518
66.249.71.136 - - [24/Jun/2016:03:09:50 +0800] "GET /content/nav/relationSubject.jsp?relationWords=%E5%8D%97%E6%B9%96%E5%A4%A7%E5%B1%B1%20%E6%A4%8D%E7%89%A9%E7%95%8C%20%E7%9F%B3%E7%AB%B9%20%E7%9F%B3%E7%AB%B9%E7%A7%91%20%E8%A0%85%E5%AD%90%E8%8D%89%20%E8%A0%85%E5%AD%90%E8%8D%89%E5%B1%AC%20&oid=1113415 HTTP/1.1" 200 4298
66.249.71.136 - - [24/Jun/2016:03:09:52 +0800] "GET /content/nav/relationSubject.jsp?relationWords=%E5%9C%9F%E9%B0%8D%20%E6%B3%A5%E9%B0%8D%20%E8%83%A1%E6%BA%9C%20%E9%9B%A8%E6%BA%9C%20%E9%AD%9A%E6%BA%9C%20&oid=14415 HTTP/1.1" 200 3518
66.249.71.136 - - [24/Jun/2016:03:10:18 +0800] "GET /content/nav/relationSubject.jsp?relationWords=%E4%B8%81%E5%8D%AF+%E7%88%B6%E6%95%A6+%E8%B4%8A%E8%80%85+%E9%A1%8C%E8%A8%98+&oid=3356539 HTTP/1.1" 200 4914
101.226.168.206 - - [24/Jun/2016:03:10:54 +0800] "GET /digiarch3/content/subject/resource_content.jsp?oid=16777801&queryType=qc HTTP/1.1" 200 43009
66.249.71.188 - - [24/Jun/2016:03:11:23 +0800] "GET /content/subject/resource_content.jsp?oid=16777337&queryType=qc HTTP/1.1" 200 28276
66.249.71.188 - - [24/Jun/2016:03:11:25 +0800] "GET /content/nav/relationSubject.jsp?relationWords=%E5%B1%B1%E6%AB%BB%E8%8A%B1+&oid=16777337 HTTP/1.1" 200 4425
66.249.71.136 - - [24/Jun/2016:03:11:30 +0800] "GET /content/nav/relationSubject.jsp?relationWords=%E4%BF%AE%E4%BB%81+%E7%8E%8B%E4%BF%AE+%E7%B8%BD%E5%85%B5%E5%AE%98+&oid=2677044 HTTP/1.1" 200 3208
66.249.79.200 - - [24/Jun/2016:03:11:34 +0800] "GET /content/nav/relationSubject.jsp?relationWords=%E4%BF%AE%E4%BB%81%20%E7%8E%8B%E4%BF%AE%20%E7%B8%BD%E5%85%B5%E5%AE%98%20&oid=2677044 HTTP/1.1" 200 3208
66.249.71.254 - - [24/Jun/2016:03:11:44 +0800] "GET /content/nav/relationSubject.jsp?relationWords=%E6%8E%92%E6%B0%B4%E5%B7%A5%E7%A8%8B+%E7%B6%93%E6%BF%9F%E5%BB%BA%E8%A8%AD+%E8%8A%B1%E5%A3%87%E9%84%89+&oid=1889495 HTTP/1.1" 200 4946
66.249.71.136 - - [24/Jun/2016:03:11:57 +0800] "GET /content/nav/relationSubject.jsp?relationWords=%E6%99%BA%E5%88%A9%E7%A1%9D+%E7%A1%9D%E7%9F%B3+%E7%A1%AB%E9%85%B8+&oid=4501465 HTTP/1.1" 200 4104
157.55.39.163 - - [24/Jun/2016:03:11:58 +0800] "GET /content/subject/resource_content.jsp?oid=16777692 HTTP/1.1" 200 36451
66.249.71.136 - - [24/Jun/2016:03:12:02 +0800] "GET /content/nav/relationSubject.jsp?relationWords=%E4%B8%89%E8%85%B3%E9%B1%89%E5%B1%AC+%E5%81%87%E4%B8%89%E8%85%B3%E8%99%8C+%E6%A4%8D%E7%89%A9%E7%95%8C+%E8%8A%B8%E9%A6%99+%E8%8A%B8%E9%A6%99%E7%A7%91+&oid=3824626 HTTP/1.1" 200 3389
66.249.71.136 - - [24/Jun/2016:03:12:04 +0800] "GET /content/nav/relationSubject.jsp?relationWords=%E4%B8%89%E8%85%B3%E9%B1%89%E5%B1%AC%20%E5%81%87%E4%B8%89%E8%85%B3%E8%99%8C%20%E6%A4%8D%E7%89%A9%E7%95%8C%20%E8%8A%B8%E9%A6%99%20%E8%8A%B8%E9%A6%99%E7%A7%91%20&oid=3824626 HTTP/1.1" 200 3389
40.77.167.84 - - [24/Jun/2016:03:12:11 +0800] "GET /content/nav/relationSubject.jsp?relationWords=&oid=16777692 HTTP/1.1" 200 1405
66.249.71.242 - - [24/Jun/2016:03:12:17 +0800] "GET /content/repository/resource_content.jsp?oid=14979&queryType=qs&queryString=%E9%AD%9A%E7%B1%A0 HTTP/1.1" 200 35315
66.249.71.159 - - [24/Jun/2016:03:13:00 +0800] "GET /content/nav/relationSubject.jsp?relationWords=921+%E7%86%B1%E5%B8%B6%E9%86%AB%E5%AD%B8+&oid=4437584 HTTP/1.1" 200 3979
66.249.71.248 - - [24/Jun/2016:03:13:33 +0800] "GET /content/nav/relationSubject.jsp?relationWords=%E5%88%91%E9%83%A8+%E9%80%B2%E5%BF%A0+%E9%99%B3%E6%9F%B1+&oid=3124354 HTTP/1.1" 200 3165
182.118.22.229 - - [24/Jun/2016:03:13:45 +0800] "GET /digiarch3/content/subject/resource_content.jsp?oid=16777328&queryType=qc HTTP/1.1" 200 35561
66.249.71.136 - - [24/Jun/2016:03:13:45 +0800] "GET /content/nav/relationSubject.jsp?relationWords=%E6%9D%9F%E5%BF%83%E8%98%AD+%E7%B2%89%E6%A2%9D%E5%85%92%E8%8F%9C%E5%B1%AC+&oid=2151907 HTTP/1.1" 200 3153
66.249.71.194 - - [24/Jun/2016:03:14:15 +0800] "GET /content/subject/resource_content.jsp?oid=16777385&queryType=qc HTTP/1.1" 200 34233
66.249.71.136 - - [24/Jun/2016:03:14:22 +0800] "GET /content/nav/relationSubject.jsp?relationWords=%E5%B1%B1%E8%8A%99%E8%93%89+%E6%9C%A8%E6%A7%BF%E5%B1%AC+%E6%A4%8D%E7%89%A9%E7%95%8C+%E9%8C%A6%E8%91%B5+%E9%8C%A6%E8%91%B5%E7%A7%91+&oid=2150277 HTTP/1.1" 200 4976
66.249.71.136 - - [24/Jun/2016:03:14:28 +0800] "GET /content/nav/relationSubject.jsp?relationWords=%E5%B1%B1%E8%8A%99%E8%93%89%20%E6%9C%A8%E6%A7%BF%E5%B1%AC%20%E6%A4%8D%E7%89%A9%E7%95%8C%20%E9%8C%A6%E8%91%B5%20%E9%8C%A6%E8%91%B5%E7%A7%91%20&oid=2150277 HTTP/1.1" 200 4976
66.249.71.136 - - [24/Jun/2016:03:14:51 +0800] "GET /content/nav/relationSubject.jsp?relationWords=%E5%8D%B3%E4%BD%8D+%E5%95%86%E6%A8%99%E6%B3%95+%E8%B3%91%E7%81%BD+&oid=607178 HTTP/1.1" 200 3139
66.249.71.188 - - [24/Jun/2016:03:14:58 +0800] "GET /content/nav/relationSubject.jsp?relationWords=&oid=16777385 HTTP/1.1" 200 1405
66.249.71.194 - - [24/Jun/2016:03:15:00 +0800] "GET /content/repository/resource_content.jsp?oid=2686548&queryString=%E4%BF%AE%E9%80%A0%E6%88%B0%20%E8%8D%8A%E5%B7%9E HTTP/1.1" 200 30473
66.249.71.188 - - [24/Jun/2016:03:15:07 +0800] "GET /content/nav/relationSubject.jsp?relationWords=%E4%BF%AE%E9%80%A0%E6%88%B0+%E5%B7%A5%E9%83%A8+&oid=2686548 HTTP/1.1" 200 3118
66.249.71.152 - - [24/Jun/2016:03:15:11 +0800] "GET /content/nav/relationSubject.jsp?relationWords=%E5%85%AC%E7%A9%8D%E9%87%91+%E5%85%AC%E9%96%8B%E6%8B%9B%E6%A8%99+%E5%8A%9B%E5%8A%A0+%E5%9C%8B%E6%B0%91%E6%89%80%E5%BE%97+%E5%A4%A7%E5%90%8C%E5%8D%80+%E5%B8%82%E8%AD%B0%E6%9C%83+%E5%BB%BA%E8%A8%AD%E5%B1%80+%E5%BB%BA%E8%A8%AD%E5%BB%B3+%E6%89%8B%E5%B7%A5%E6%A5%AD+%E6%8B%9B%E6%A8%99+%E6%AC%8A%E5%88%A9+%E7%9B%A3%E5%AF%9F%E9%99%A2+%E7%A8%85%E6%8D%90+%E7%B4%85%E5%8C%85+%E7%B6%93%E6%BF%9F%E7%99%BC%E5%B1%95+%E7%BE%8E%E6%8F%B4+%E8%87%AA%E4%BE%86%E6%B0%B4+%E8%87%BA%E5%8C%97%E5%B8%82+%E8%B2%B8%E6%AC%BE+%E9%81%95%E7%AB%A0%E5%BB%BA%E7%AF%89+%E9%83%BD%E5%B8%82%E8%A8%88%E5%8A%83+&oid=1561820 HTTP/1.1" 200 6473
66.249.71.136 - - [24/Jun/2016:03:15:17 +0800] "GET /content/nav/relationSubject.jsp?relationWords=%E8%8F%AF%E5%83%91+&oid=4451164 HTTP/1.1" 200 4016
66.249.71.136 - - [24/Jun/2016:03:15:27 +0800] "GET /content/nav/relationSubject.jsp?relationWords=%E6%93%AC%E9%B0%BB%E9%AE%AB+%E6%A3%98%E6%B2%99+&oid=14128 HTTP/1.1" 200 3392
66.249.71.136 - - [24/Jun/2016:03:15:36 +0800] "GET /content/nav/relationSubject.jsp?relationWords=%E5%85%B1%E5%90%8C%E9%81%8B%E9%8A%B7+%E6%B4%8B%E8%8F%87+%E7%9C%81%E6%94%BF%E5%BA%9C+%E8%98%86%E7%AD%8D+&oid=1896371 HTTP/1.1" 200 4592
66.249.71.136 - - [24/Jun/2016:03:15:37 +0800] "GET /content/nav/relationSubject.jsp?relationWords=%E6%93%AC%E9%B0%BB%E9%AE%AB%20%E6%A3%98%E6%B2%99%20&oid=14128 HTTP/1.1" 200 3392
66.249.71.136 - - [24/Jun/2016:03:15:42 +0800] "GET /content/nav/relationSubject.jsp?relationWords=%E5%85%B1%E5%90%8C%E9%81%8B%E9%8A%B7%20%E6%B4%8B%E8%8F%87%20%E7%9C%81%E6%94%BF%E5%BA%9C%20%E8%98%86%E7%AD%8D%20&oid=1896371 HTTP/1.1" 200 4592
66.249.71.199 - - [24/Jun/2016:03:15:53 +0800] "GET /digiarch3/content/repository/resource_content.jsp?oid=15715&queryString=%E5%9B%9B%E9%BD%92%E4%BB%94%20%E5%AF%92%E9%AF%9B%20%E6%A5%94%E6%96%91%E8%B1%AC%E9%BD%92%E9%AD%9A%20%E7%B0%BE%E4%BB%94%20%E8%A5%BF%E9%BD%92%20%E9%9A%86%E9%A0%AD%E9%AD%9A%E7%A7%91%20%E9%9E%8D%E6%96%91%E8%B1%AC%E9%BD%92%E9%AD%9A HTTP/1.1" 200 35066
66.249.71.136 - - [24/Jun/2016:03:15:55 +0800] "GET /content/nav/relationSubject.jsp?relationWords=%E5%A0%B1%E6%98%A5%E8%8A%B1+%E5%B0%8F%E8%91%89%E6%A8%B9%E6%9D%9E+%E6%A4%8D%E7%89%A9%E7%95%8C+%E7%B4%AB%E9%87%91%E7%89%9B%E5%B1%AC+%E7%B4%AB%E9%87%91%E7%89%9B%E7%A7%91+&oid=1108794 HTTP/1.1" 200 3395
66.249.71.152 - - [24/Jun/2016:03:15:57 +0800] "GET /content/nav/relationSubject.jsp?relationWords=%E5%92%8C%E7%BE%8E%E9%8E%AE+%E5%9C%8B%E9%98%B2%E9%83%A8+%E5%BD%AD%E5%AE%9A+%E5%BD%AD%E5%BD%AC+&oid=1521515 HTTP/1.1" 200 6106
66.249.71.199 - - [24/Jun/2016:03:15:59 +0800] "GET /digiarch3/content/nav/relationSubject.jsp?relationWords=%E5%B7%A5%E7%A8%8B%E8%99%95+%E8%8F%A9%E9%99%80%E5%B3%AA+&oid=2652547 HTTP/1.1" 200 3188
66.249.71.136 - - [24/Jun/2016:03:16:01 +0800] "GET /content/nav/relationSubject.jsp?relationWords=%E5%A0%B1%E6%98%A5%E8%8A%B1%20%E5%B0%8F%E8%91%89%E6%A8%B9%E6%9D%9E%20%E6%A4%8D%E7%89%A9%E7%95%8C%20%E7%B4%AB%E9%87%91%E7%89%9B%E5%B1%AC%20%E7%B4%AB%E9%87%91%E7%89%9B%E7%A7%91%20&oid=1108794 HTTP/1.1" 200 3395
66.249.71.136 - - [24/Jun/2016:03:16:33 +0800] "GET /content/nav/relationSubject.jsp?relationWords=%E5%B0%8F%E9%B1%89%E7%94%B2%E8%9D%B8%E7%89%9B+%E6%9F%84%E7%9C%BC%E7%9B%AE+%E8%85%B9%E8%B6%B3%E7%B6%B1+%E9%B1%89%E7%94%B2%E8%9D%B8%E7%89%9B%E7%A7%91+&oid=1123751 HTTP/1.1" 200 3463
66.249.79.135 - - [24/Jun/2016:03:16:35 +0800] "GET /content/nav/relationSubject.jsp?relationWords=%E4%B8%AD%E5%9C%8B%E5%9C%8B%E6%B0%91%E9%BB%A8+%E5%8F%83%E8%AD%B0%E6%9C%83+%E5%8F%B0%E7%81%A3%E7%9C%81+%E8%B3%80%E5%A4%A7+&oid=1515374 HTTP/1.1" 200 4579
66.249.71.136 - - [24/Jun/2016:03:16:37 +0800] "GET /content/nav/relationSubject.jsp?relationWords=%E5%B0%8F%E9%B1%89%E7%94%B2%E8%9D%B8%E7%89%9B%20%E6%9F%84%E7%9C%BC%E7%9B%AE%20%E8%85%B9%E8%B6%B3%E7%B6%B1%20%E9%B1%89%E7%94%B2%E8%9D%B8%E7%89%9B%E7%A7%91%20&oid=1123751 HTTP/1.1" 200 3463
66.249.71.136 - - [24/Jun/2016:03:16:47 +0800] "GET /content/repository/resource_content.jsp?oid=3813620&queryString=%E5%8F%B0%E7%81%A3%E7%99%BD%E5%8F%8A%20%E6%A4%8D%E7%89%A9%E7%95%8C%20%E7%99%BD%E5%8F%8A%E5%B1%AC HTTP/1.1" 200 31117
66.249.71.136 - - [24/Jun/2016:03:16:53 +0800] "GET /content/nav/relationSubject.jsp?relationWords=%E5%8F%B0%E7%81%A3%E7%99%BD%E5%8F%8A+%E6%A4%8D%E7%89%A9%E7%95%8C+%E7%99%BD%E5%8F%8A%E5%B1%AC+&oid=3813620 HTTP/1.1" 200 3305
66.249.71.199 - - [24/Jun/2016:03:17:41 +0800] "GET /digiarch3/content/subject/resource_content.jsp?oid=16777371&queryType=qs&queryString=%E8%94%A3%E7%B6%93%E5%9C%8B HTTP/1.1" 200 48503
66.249.79.200 - - [24/Jun/2016:03:17:47 +0800] "GET /content/nav/relationSubject.jsp?relationWords=%E6%89%98%E5%85%92%E6%89%80+&oid=1546165 HTTP/1.1" 200 5060
66.249.79.200 - - [24/Jun/2016:03:17:53 +0800] "GET /content/nav/relationSubject.jsp?relationWords=%E6%89%98%E5%85%92%E6%89%80%20&oid=1546165 HTTP/1.1" 200 5060
66.249.71.136 - - [24/Jun/2016:03:17:57 +0800] "GET /content/nav/relationSubject.jsp?relationWords=%E6%9E%87%E6%9D%B7%E8%91%89%E7%81%B0%E6%9C%A8+%E6%9F%BF%E6%A8%B9+%E6%A4%8D%E7%89%A9%E7%95%8C+%E7%81%B0%E6%9C%A8+%E7%81%B0%E6%9C%A8%E5%B1%AC+&oid=3812245 HTTP/1.1" 200 3437
66.249.71.136 - - [24/Jun/2016:03:18:01 +0800] "GET /content/nav/relationSubject.jsp?relationWords=%E6%9E%87%E6%9D%B7%E8%91%89%E7%81%B0%E6%9C%A8%20%E6%9F%BF%E6%A8%B9%20%E6%A4%8D%E7%89%A9%E7%95%8C%20%E7%81%B0%E6%9C%A8%20%E7%81%B0%E6%9C%A8%E5%B1%AC%20&oid=3812245 HTTP/1.1" 200 3437
66.249.71.136 - - [24/Jun/2016:03:18:13 +0800] "GET /content/nav/relationSubject.jsp?relationWords=%E5%AF%B6%E9%A6%AC+%E6%BC%A2%E6%9C%AC%E5%A0%82+&oid=2659543 HTTP/1.1" 200 3152
66.249.71.199 - - [24/Jun/2016:03:18:18 +0800] "GET /content/nav/relationSubject.jsp?relationWords=%E5%85%AD%E5%BA%9C+%E7%A5%9E%E6%A1%88+%E9%90%B5%E8%B7%AF%E5%B1%80+&oid=1563110 HTTP/1.1" 200 3486
66.249.71.199 - - [24/Jun/2016:03:18:20 +0800] "GET /content/nav/relationSubject.jsp?relationWords=%E5%85%AD%E5%BA%9C%20%E7%A5%9E%E6%A1%88%20%E9%90%B5%E8%B7%AF%E5%B1%80%20&oid=1563110 HTTP/1.1" 200 3486
66.249.71.199 - - [24/Jun/2016:03:18:28 +0800] "GET /digiarch3/content/nav/relationSubject.jsp?relationWords=%E4%BC%8A%E7%8A%81%E5%B0%87%E8%BB%8D+%E5%B7%9D%E5%8C%97+%E6%9F%A5%E9%96%B1+%E7%87%9F%E4%BC%8D+&oid=2676204 HTTP/1.1" 200 5373
66.249.71.136 - - [24/Jun/2016:03:18:34 +0800] "GET /content/exhibit/exhibit.jsp?oid=16777797 HTTP/1.1" 200 26268
66.249.79.200 - - [24/Jun/2016:03:18:43 +0800] "GET /content/nav/relationSubject.jsp?relationWords=%E8%96%84%E8%91%89%E5%A4%A7%E9%99%B0%E5%9C%B0%E8%95%A8+%E9%99%B0%E5%9C%B0%E8%95%A8%E5%B1%AC+&oid=1112907 HTTP/1.1" 200 3173
66.249.71.136 - - [24/Jun/2016:03:18:47 +0800] "GET /content/nav/relationSubject.jsp?relationWords=%E8%96%84%E8%91%89%E5%A4%A7%E9%99%B0%E5%9C%B0%E8%95%A8%20%E9%99%B0%E5%9C%B0%E8%95%A8%E5%B1%AC%20&oid=1112907 HTTP/1.1" 200 3173
66.249.79.200 - - [24/Jun/2016:03:18:55 +0800] "GET /content/nav/relationSubject.jsp?relationWords=%E6%8B%93%E7%89%87+%E6%BC%A2%E4%BB%A3+&oid=16777360 HTTP/1.1" 200 4833
66.249.71.199 - - [24/Jun/2016:03:19:00 +0800] "GET /digiarch3/content/repository/resource_content.jsp?oid=1081675&queryString=%E5%89%9D%E7%9A%AE%E9%AD%9A%20%E6%96%91%E9%BB%9E%E7%A0%B2%E5%BD%88%20%E6%9D%BF%E6%A9%9F%E9%AD%A8%20%E7%96%A3%E9%B1%97%E9%AD%A8%20%E9%B1%97%E9%AD%A8%E7%A7%91 HTTP/1.1" 200 34199
66.249.71.136 - - [24/Jun/2016:03:19:06 +0800] "GET /content/nav/relationSubject.jsp?relationWords=%E5%88%91%E9%83%A8+&oid=2661053 HTTP/1.1" 200 3095
66.249.71.136 - - [24/Jun/2016:03:19:07 +0800] "GET /content/nav/relationSubject.jsp?relationWords=%E5%88%91%E9%83%A8%20&oid=2661053 HTTP/1.1" 200 3095
66.249.79.186 - - [24/Jun/2016:03:19:23 +0800] "GET /content/nav/relationSubject.jsp?relationWords=&oid=16777395 HTTP/1.1" 200 1405
66.249.71.136 - - [24/Jun/2016:03:19:29 +0800] "GET /digiarch_en/content/repository/resource_content.jsp?oid=1899479&queryString=%E6%B5%B7%E5%9F%94%E6%96%B0%E7%94%9F%E5%9C%B0%20%E6%B6%88%E9%98%B2%E8%BB%8A%20%E8%87%BA%E5%8D%97%E5%B8%82%20%E9%80%A0%E6%9E%97 HTTP/1.1" 200 24430
66.249.71.152 - - [24/Jun/2016:03:19:53 +0800] "GET /content/nav/relationSubject.jsp?relationWords=%E7%B5%B2%E9%B0%AD%E7%8C%B4%E9%AF%8A+%E8%99%8E%E7%A7%91+%E8%99%8E%E9%AD%9A+&oid=4352715 HTTP/1.1" 200 3420
66.249.79.200 - - [24/Jun/2016:03:20:04 +0800] "GET /content/nav/relationSubject.jsp?relationWords=%E5%AD%90%E5%BC%B5+%E7%B6%AD%E9%82%A3+%E9%80%A0%E5%83%8F%E8%A8%98+%E9%82%91%E4%B8%BB+%E9%82%91%E5%AD%90+%E9%82%91%E5%B8%AB+&oid=1834147 HTTP/1.1" 200 3610
66.249.71.136 - - [24/Jun/2016:03:20:06 +0800] "GET /content/nav/relationSubject.jsp?relationWords=%E5%AD%90%E5%BC%B5%20%E7%B6%AD%E9%82%A3%20%E9%80%A0%E5%83%8F%E8%A8%98%20%E9%82%91%E4%B8%BB%20%E9%82%91%E5%AD%90%20%E9%82%91%E5%B8%AB%20&oid=1834147 HTTP/1.1" 200 3610
66.249.79.200 - - [24/Jun/2016:03:20:22 +0800] "GET /content/nav/relationSubject.jsp?relationWords=%E5%AE%88%E5%82%99%E7%97%85%20%E7%B8%BD%E6%B2%B3%20&oid=2515253 HTTP/1.1" 200 3137
66.249.71.136 - - [24/Jun/2016:03:20:24 +0800] "GET /content/subject/resource_content.jsp?oid=16777676&queryType=qs&queryString=%E5%A4%9A%E5%AA%92%E9%AB%94 HTTP/1.1" 200 46043
68.180.230.157 - - [24/Jun/2016:03:20:54 +0800] "GET /content/repository/resource_content.jsp?oid=523341&queryType=qc HTTP/1.1" 200 38184
66.249.71.136 - - [24/Jun/2016:03:21:17 +0800] "GET /content/repository/resource_content.jsp?oid=14096&queryString=%E5%A4%A7%E9%BC%BB%E7%99%BD%E7%9C%BC%E9%AE%AB%20%E7%99%BD%E7%9C%BC%E9%AE%AB%E7%A7%91%20%E7%9C%9F%E9%AF%8A HTTP/1.1" 200 36207
66.249.71.136 - - [24/Jun/2016:03:21:26 +0800] "GET /content/nav/relationSubject.jsp?relationWords=%E5%96%AE%E8%89%B2+&oid=189740 HTTP/1.1" 200 3192
66.249.71.152 - - [24/Jun/2016:03:21:30 +0800] "GET /content/nav/relationSubject.jsp?relationWords=%E4%B8%83%E8%91%89%E4%B8%80%E6%9E%9D%E8%8A%B1%20%E4%B8%83%E8%91%89%E4%B8%80%E6%9E%9D%E8%8A%B1%E5%B1%AC%20%E6%A4%8D%E7%89%A9%E7%95%8C%20%E7%8B%B9%E8%91%89%20%E7%99%BE%E5%90%88%E7%A7%91%20&oid=3815532 HTTP/1.1" 200 3579
66.249.66.188 - - [24/Jun/2016:03:21:58 +0800] "GET /content/repository/resource_content.jsp?oid=2675226&queryType=qs&queryString=%E7%B4%85%E7%B6%BE HTTP/1.1" 200 29908
66.249.71.136 - - [24/Jun/2016:03:22:20 +0800] "GET /content/nav/relationSubject.jsp?relationWords=%E6%A4%8D%E7%89%A9%E7%95%8C+%E7%8B%97%E9%AA%A8%E6%B6%88+%E8%80%B3%E8%8D%89%E5%B1%AC+%E8%8C%9C%E8%8D%89+%E8%8C%9C%E8%8D%89%E7%A7%91+%E9%95%B7%E7%AF%80%E8%80%B3%E8%8D%89+&oid=3824566 HTTP/1.1" 200 3440
66.249.71.136 - - [24/Jun/2016:03:22:21 +0800] "GET /content/nav/relationSubject.jsp?relationWords=%E6%A4%8D%E7%89%A9%E7%95%8C%20%E7%8B%97%E9%AA%A8%E6%B6%88%20%E8%80%B3%E8%8D%89%E5%B1%AC%20%E8%8C%9C%E8%8D%89%20%E8%8C%9C%E8%8D%89%E7%A7%91%20%E9%95%B7%E7%AF%80%E8%80%B3%E8%8D%89%20&oid=3824566 HTTP/1.1" 200 3440
66.249.71.159 - - [24/Jun/2016:03:22:41 +0800] "GET /content/repository/resource_content.jsp?oid=1775116&queryType=qs&queryString=%E9%A3%B2%E9%A3%9F%E6%96%87%E5%8C%96 HTTP/1.1" 200 30275
66.249.71.136 - - [24/Jun/2016:03:22:41 +0800] "GET /content/nav/relationSubject.jsp?relationWords=%E5%8D%97%E9%99%BD%E7%95%AB%E8%B1%A1+&oid=1809610 HTTP/1.1" 200 3063
1.160.63.31 - - [24/Jun/2016:03:22:53 +0800] "GET /content/nav/relationSubject.jsp?relationWords=%E6%A5%8A%E8%82%87%E5%98%89+&oid=16777781 HTTP/1.1" 200 2610
66.249.71.136 - - [24/Jun/2016:03:22:59 +0800] "GET /content/nav/relationSubject.jsp?relationWords=%E5%AE%8C%E6%A1%88+%E5%B7%A5%E9%83%A8+&oid=2661579 HTTP/1.1" 200 3103
66.249.71.136 - - [24/Jun/2016:03:23:00 +0800] "GET /content/nav/relationSubject.jsp?relationWords=%E5%AE%8C%E6%A1%88%20%E5%B7%A5%E9%83%A8%20&oid=2661579 HTTP/1.1" 200 3103
66.249.71.136 - - [24/Jun/2016:03:23:04 +0800] "GET /content/exhibit/exhibit.jsp?oid=16777751 HTTP/1.1" 200 26268
66.249.71.136 - - [24/Jun/2016:03:23:05 +0800] "GET /content/exhibit/exhibit_content.jsp?oid=16777751 HTTP/1.1" 200 17488
66.249.79.200 - - [24/Jun/2016:03:23:13 +0800] "GET /digiarch3/content/nav/relationSubject.jsp?relationWords=%E7%9C%BE%E8%AD%B0%E9%99%A2+%E8%87%BA%E7%81%A3%E7%9C%81+%E8%87%BA%E7%81%A3%E7%9C%81%E6%94%BF%E5%BA%9C+&oid=1896235 HTTP/1.1" 200 4473
66.249.71.159 - - [24/Jun/2016:03:23:14 +0800] "GET /content/nav/relationSubject.jsp?relationWords=%E6%AE%BF%E8%A9%A6+%E7%A6%AE%E9%83%A8+&oid=2569991 HTTP/1.1" 200 3980
66.249.71.205 - - [24/Jun/2016:03:23:16 +0800] "GET /digiarch3/content/nav/relationSubject.jsp?relationWords=%E7%9C%BE%E8%AD%B0%E9%99%A2%20%E8%87%BA%E7%81%A3%E7%9C%81%20%E8%87%BA%E7%81%A3%E7%9C%81%E6%94%BF%E5%BA%9C%20&oid=1896235 HTTP/1.1" 200 4473
66.249.71.152 - - [24/Jun/2016:03:23:19 +0800] "GET /content/nav/relationSubject.jsp?relationWords=%E6%AE%BF%E8%A9%A6%20%E7%A6%AE%E9%83%A8%20&oid=2569991 HTTP/1.1" 200 3980
66.249.71.199 - - [24/Jun/2016:03:23:36 +0800] "GET /content/nav/relationSubject.jsp?relationWords=%E5%BC%B5%E8%89%AF+%E7%A7%A6%E7%9A%87+%E9%9B%85%E5%AE%89+%E9%AB%98%E9%A0%A4%E9%97%95+&oid=1834420 HTTP/1.1" 200 3372
66.249.71.152 - - [24/Jun/2016:03:23:59 +0800] "GET /content/repository/resource_content.jsp?oid=4362335&queryType=qs&queryString=%E5%85%AB%E5%8D%A6%E5%8A%8D%E7%8D%85 HTTP/1.1" 200 30760
180.76.15.160 - - [24/Jun/2016:03:24:07 +0800] "GET /content/repository/resource_content.jsp?oid=1104502&queryString=API%20%E6%A4%8D%E7%89%A9%E7%95%8C%20%E7%B9%96%E5%BD%A2%E7%A7%91%20%E9%9B%99%E5%AD%90%E8%91%89%E6%A4%8D%E7%89%A9%20%E9%B4%A8%E5%85%92%E8%8A%B9%20%E9%B4%A8%E5%85%92%E8%8A%B9%E5%B1%AC HTTP/1.1" 200 31578
66.249.71.136 - - [24/Jun/2016:03:24:42 +0800] "GET /content/nav/relationSubject.jsp?relationWords=%E5%9C%B0%E5%BD%A2%E5%9C%96+%E5%A4%A7%E6%B2%BD+&oid=187978 HTTP/1.1" 200 3081
66.249.71.136 - - [24/Jun/2016:03:24:46 +0800] "GET /content/nav/relationSubject.jsp?relationWords=%E5%9C%B0%E5%BD%A2%E5%9C%96%20%E5%A4%A7%E6%B2%BD%20&oid=187978 HTTP/1.1" 200 3081
66.249.71.136 - - [24/Jun/2016:03:24:47 +0800] "GET /content/nav/relationSubject.jsp?relationWords=%E6%99%AF%E6%B7%B3+&oid=2667945 HTTP/1.1" 200 3013
66.249.71.136 - - [24/Jun/2016:03:24:51 +0800] "GET /content/nav/relationSubject.jsp?relationWords=%E6%99%AF%E6%B7%B3%20&oid=2667945 HTTP/1.1" 200 3013
66.249.71.199 - - [24/Jun/2016:03:24:52 +0800] "GET /digiarch3/content/repository/resource_content.jsp?oid=14062&queryType=qs&queryString=%E5%8C%97%E6%B5%B7%E9%81%93 HTTP/1.1" 200 35451
66.249.71.199 - - [24/Jun/2016:03:25:02 +0800] "GET /digiarch3/content/nav/relationSubject.jsp?relationWords=%E9%8A%80%E9%AE%AB+%E9%95%B7%E9%BC%BB%E9%8A%80%E9%AE%AB+%E9%BB%91%E7%BF%85%E6%B2%99+&oid=14062 HTTP/1.1" 200 3439
66.249.71.136 - - [24/Jun/2016:03:25:46 +0800] "GET /content/exhibit/exhibit.jsp?oid=16777672 HTTP/1.1" 200 26268
66.249.71.136 - - [24/Jun/2016:03:25:49 +0800] "GET /content/exhibit/exhibit_content.jsp?oid=16777672 HTTP/1.1" 200 17070
66.249.71.194 - - [24/Jun/2016:03:25:52 +0800] "GET /content/nav/relationSubject.jsp?relationWords=%E6%9C%A8%E9%9B%95+&oid=4362217 HTTP/1.1" 200 2984
66.249.71.188 - - [24/Jun/2016:03:25:55 +0800] "GET /content/nav/relationSubject.jsp?relationWords=%E6%9C%A8%E9%9B%95%20&oid=4362217 HTTP/1.1" 200 2984
66.249.71.136 - - [24/Jun/2016:03:25:56 +0800] "GET /digiarch_en/content/nav/relationSubject.jsp?relationWords=%E6%96%91%E9%A6%AC%E7%BF%BC%E6%B3%95%E8%9E%BA+%E6%B3%95%E8%9E%BA%E7%A7%91+%E7%95%B0%E8%B6%B3%E7%9B%AE+%E7%BF%BC%E6%B3%95%E8%9E%BA+%E8%85%B9%E8%B6%B3%E7%B6%B1+&oid=524122 HTTP/1.1" 200 3419
124.56.169.230 - - [24/Jun/2016:03:26:11 +0800] "GET /content/nav/relationSubject.jsp?relationWords=&oid=16777600 HTTP/1.1" 200 1405
66.249.71.152 - - [24/Jun/2016:03:26:21 +0800] "GET /content/repository/resource_content.jsp?oid=2637622&queryString=%E5%B0%88%E5%88%B6%20%E5%B8%82%E5%83%B9%20%E7%A8%BB%E8%B0%B7%20%E7%B3%96%E5%BB%A0%20%E8%87%AA%E7%94%B1%E4%B8%AD%E5%9C%8B%20%E8%94%97%E8%BE%B2 HTTP/1.1" 200 30067
66.249.71.152 - - [24/Jun/2016:03:26:28 +0800] "GET /content/nav/relationSubject.jsp?relationWords=%E5%9C%8B%E5%AE%B6%E6%94%BF%E7%AD%96+%E6%8E%A8%E8%A1%8C%E6%A1%88+&oid=1546123 HTTP/1.1" 200 3526
66.249.71.152 - - [24/Jun/2016:03:26:40 +0800] "GET /content/repository/resource_content.jsp?oid=3813890&queryString=%E6%A4%8D%E7%89%A9%E7%95%8C%20%E7%A7%8B%E6%B5%B7%E6%A3%A0%20%E7%A7%8B%E6%B5%B7%E6%A3%A0%E5%B1%AC%20%E7%A7%8B%E6%B5%B7%E6%A3%A0%E7%A7%91%20%E8%8F%AB%E8%8F%9C HTTP/1.1" 200 31629
66.249.71.152 - - [24/Jun/2016:03:26:44 +0800] "GET /content/nav/relationSubject.jsp?relationWords=&oid=2676985 HTTP/1.1" 200 1405
66.249.71.136 - - [24/Jun/2016:03:27:01 +0800] "GET /content/nav/relationSubject.jsp?relationWords=%E6%AE%98%E9%8A%85%E7%89%87+&oid=1852211 HTTP/1.1" 200 2990
66.249.71.136 - - [24/Jun/2016:03:27:03 +0800] "GET /content/nav/relationSubject.jsp?relationWords=%E6%AE%98%E9%8A%85%E7%89%87%20&oid=1852211 HTTP/1.1" 200 2990
66.249.71.205 - - [24/Jun/2016:03:27:10 +0800] "GET /digiarch3/content/nav/relationSubject.jsp?relationWords=%E6%A2%9D%E7%B4%8B%E7%BE%8E%E9%AB%94%E9%B0%BB+%E7%B3%AF%E9%B0%BB+%E9%8C%90%E9%AB%94%E5%BA%B7%E5%90%89%E9%B0%BB+%E9%B0%BB%E7%A7%91+&oid=14316 HTTP/1.1" 200 3415
66.249.71.211 - - [24/Jun/2016:03:27:11 +0800] "GET /digiarch3/content/nav/relationSubject.jsp?relationWords=%E6%A2%9D%E7%B4%8B%E7%BE%8E%E9%AB%94%E9%B0%BB%20%E7%B3%AF%E9%B0%BB%20%E9%8C%90%E9%AB%94%E5%BA%B7%E5%90%89%E9%B0%BB%20%E9%B0%BB%E7%A7%91%20&oid=14316 HTTP/1.1" 200 3415
66.249.71.152 - - [24/Jun/2016:03:27:34 +0800] "GET /content/repository/resource_content.jsp?oid=2643260&queryString=%E5%B1%AF%E4%B8%81%20%E7%94%B0%E8%B3%A6 HTTP/1.1" 200 30338
66.249.79.244 - - [24/Jun/2016:03:27:39 +0800] "GET /content/nav/relationSubject.jsp?relationWords=%E5%B1%AF%E4%B8%81+%E5%B7%A5%E9%83%A8+&oid=2643260 HTTP/1.1" 200 3988
66.249.71.136 - - [24/Jun/2016:03:27:47 +0800] "GET /content/nav/relationSubject.jsp?relationWords=%E9%A2%A8%E8%98%AD%E5%B1%AC+&oid=1103604 HTTP/1.1" 200 2990
66.249.71.136 - - [24/Jun/2016:03:28:02 +0800] "GET /content/nav/relationSubject.jsp?relationWords=%E9%A2%A8%E8%98%AD%E5%B1%AC%20&oid=1103604 HTTP/1.1" 200 2990
66.249.71.152 - - [24/Jun/2016:03:28:22 +0800] "GET /content/nav/relationSubject.jsp?relationWords=%E7%9B%B4%E7%9C%81+%E8%80%97%E7%BE%A8%E9%8A%80+%E9%8A%80%E6%95%B8+&oid=2676141 HTTP/1.1" 200 3151
66.249.71.152 - - [24/Jun/2016:03:28:29 +0800] "GET /content/subject/resource_content.jsp?oid=16777783&queryType=qs&queryString=%E7%9C%BE%E8%AD%B0%E9%99%A2 HTTP/1.1" 200 58285
66.249.71.136 - - [24/Jun/2016:03:29:22 +0800] "GET /content/repository/resource_content.jsp?oid=3817714&queryString=%E6%A4%8D%E7%89%A9%E7%95%8C%20%E7%8E%84%E5%8F%83%20%E7%8E%84%E5%8F%83%E5%B1%AC%20%E7%8E%84%E5%8F%83%E7%A7%91%20%E9%9B%99%E9%8B%B8%E8%91%89%E7%8E%84%E5%8F%83%20%E9%9B%99%E9%8B%B8%E9%BD%92%E7%8E%84%E5%8F%83 HTTP/1.1" 200 32019
66.249.71.199 - - [24/Jun/2016:03:29:34 +0800] "GET /digiarch3/content/nav/relationSubject.jsp?relationWords=%E7%AB%B9%E7%AD%8F+&oid=4361774 HTTP/1.1" 200 3464
66.249.71.199 - - [24/Jun/2016:03:29:36 +0800] "GET /digiarch3/content/nav/relationSubject.jsp?relationWords=%E7%AB%B9%E7%AD%8F%20&oid=4361774 HTTP/1.1" 200 3464
52.3.105.23 - - [24/Jun/2016:03:29:56 +0800] "GET /digiarch_en/content/tmp_tec/resource_content.jsp?oid=16777734 HTTP/1.1" 200 31485
66.249.79.200 - - [24/Jun/2016:03:30:02 +0800] "GET /content/repository/resource_content.jsp?oid=3824076&queryString=%E5%85%AB%E4%BB%99%E8%8A%B1%E5%B1%AC%20%E6%A4%8D%E7%89%A9%E7%95%8C%20%E7%8B%B9%E7%93%A3%E5%85%AB%E4%BB%99%E8%8A%B1%20%E8%96%94%E8%96%87%E7%9B%AE%20%E8%99%8E%E8%80%B3%E8%8D%89%E7%A7%91 HTTP/1.1" 200 32059
66.249.79.200 - - [24/Jun/2016:03:30:17 +0800] "GET /content/repository/resource_content.jsp?oid=14485&queryString=%E7%87%88%E7%B1%A0%E9%AD%9A%20%E8%90%8A%E5%BC%8F%E5%A3%AF%E7%87%88%E9%AD%9A HTTP/1.1" 200 35996
66.249.71.136 - - [24/Jun/2016:03:30:17 +0800] "GET /content/nav/relationSubject.jsp?relationWords=%E4%BA%BA%E5%90%8D%E6%AC%8A%E5%A8%81+%E5%91%88%E7%A8%BF+%E8%92%99%E8%97%8F%E9%99%A2+%E9%8A%9C%E5%90%8D+&oid=669150 HTTP/1.1" 200 3264
66.249.71.136 - - [24/Jun/2016:03:30:19 +0800] "GET /content/nav/relationSubject.jsp?relationWords=%E4%BA%BA%E5%90%8D%E6%AC%8A%E5%A8%81%20%E5%91%88%E7%A8%BF%20%E8%92%99%E8%97%8F%E9%99%A2%20%E9%8A%9C%E5%90%8D%20&oid=669150 HTTP/1.1" 200 3264
66.249.71.199 - - [24/Jun/2016:03:31:06 +0800] "GET /digiarch3/content/nav/relationSubject.jsp?relationWords=%E5%AE%89%E5%AE%9A%E9%84%89+%E5%BB%BA%E4%B8%AD+%E7%9A%AE%E8%86%9A%E7%97%85+%E8%87%AA%E4%BE%86%E6%B0%B4%E5%BB%A0+&oid=1538631 HTTP/1.1" 200 3228
66.249.71.199 - - [24/Jun/2016:03:31:08 +0800] "GET /digiarch3/content/nav/relationSubject.jsp?relationWords=%E5%AE%89%E5%AE%9A%E9%84%89%20%E5%BB%BA%E4%B8%AD%20%E7%9A%AE%E8%86%9A%E7%97%85%20%E8%87%AA%E4%BE%86%E6%B0%B4%E5%BB%A0%20&oid=1538631 HTTP/1.1" 200 3228
66.249.71.136 - - [24/Jun/2016:03:31:11 +0800] "GET /content/subject/resource_content.jsp?oid=16777730&queryString=%E4%BA%BA%E6%A9%9F%E4%BA%92%E5%8B%95%20%E5%A4%9A%E5%AA%92%E9%AB%94%20%E6%B3%B0%E9%9B%85%E6%97%8F%20%E8%87%BA%E7%81%A3%E5%8E%9F%E4%BD%8F%E6%B0%91 HTTP/1.1" 200 46632
68.180.230.157 - - [24/Jun/2016:03:31:12 +0800] "GET /digiarch_en/content/subject/resource_content.jsp?oid=16777535&queryType=qc HTTP/1.1" 200 27556
66.249.71.159 - - [24/Jun/2016:03:31:27 +0800] "GET /content/nav/relationSubject.jsp?relationWords=%E5%88%BA%E8%95%A8+%E5%AF%A6%E8%95%A8%E5%B1%AC+%E6%A4%8D%E7%89%A9%E7%95%8C+%E6%B0%B4%E9%BE%8D%E9%AA%A8+%E8%95%A8%E9%A1%9E%E6%A4%8D%E7%89%A9+%E8%98%BF%E8%94%93+&oid=2144671 HTTP/1.1" 200 3422
66.249.71.159 - - [24/Jun/2016:03:31:32 +0800] "GET /content/nav/relationSubject.jsp?relationWords=%E5%90%8F%E9%83%A8+&oid=2513753 HTTP/1.1" 200 3101
66.249.71.152 - - [24/Jun/2016:03:31:48 +0800] "GET /content/nav/relationSubject.jsp?relationWords=%E5%90%8F%E9%83%A8+%E8%98%AD%E5%B1%B1%E7%B8%A3+&oid=2658467 HTTP/1.1" 200 3151
66.249.71.200 - - [24/Jun/2016:03:31:59 +0800] "GET /content/nav/relationSubject.jsp?relationWords=%E5%8A%8D%E5%90%BB%E9%AF%8A+%E5%B0%96%E5%90%BB+%E6%AD%90%E6%B0%8F%E5%B0%96%E5%90%BB%E9%AE%AB+%E6%AD%90%E6%B0%8F%E5%B0%96%E5%90%BB%E9%AF%8A+&oid=1081331 HTTP/1.1" 200 3556
66.249.71.194 - - [24/Jun/2016:03:32:02 +0800] "GET /content/nav/relationSubject.jsp?relationWords=%E5%8A%8D%E5%90%BB%E9%AF%8A%20%E5%B0%96%E5%90%BB%20%E6%AD%90%E6%B0%8F%E5%B0%96%E5%90%BB%E9%AE%AB%20%E6%AD%90%E6%B0%8F%E5%B0%96%E5%90%BB%E9%AF%8A%20&oid=1081331 HTTP/1.1" 200 3556
66.249.71.136 - - [24/Jun/2016:03:32:04 +0800] "GET /content/exhibit/exhibit.jsp?oid=16777728 HTTP/1.1" 200 26268
66.249.79.200 - - [24/Jun/2016:03:32:06 +0800] "GET /content/exhibit/exhibit_content.jsp?oid=16777728 HTTP/1.1" 200 38946
66.249.71.152 - - [24/Jun/2016:03:32:58 +0800] "GET /content/repository/resource_content.jsp?oid=718849&queryString=%E4%BA%BA%E5%90%8D%E6%AC%8A%E5%A8%81%20%E6%B0%91%E6%94%BF%E7%BD%B2%20%E8%AC%99%E5%90%89%20%E9%99%B8%E5%BE%B5%E7%A5%A5 HTTP/1.1" 200 28989
