36.224.114.153 - - [13/Jun/2016:00:54:54 +0800] "GET /content/subject/resource_content.jsp?oid=16777721&queryString=%E6%A4%8D%E7%89%A9%E7%95%8C%20%E7%8E%89%E5%B1%B1%E8%96%84%E9%9B%AA%E8%8D%89%20%E8%8F%8A%E7%A7%91%20%E8%96%84%E9%9B%AA%E8%8D%89%E5%B1%AC%20%E9%9B%99%E5%AD%90%E8%91%89%E6%A4%8D%E7%89%A9 HTTP/1.1" 200 36216
36.224.114.153 - - [13/Jun/2016:00:54:55 +0800] "GET /content/nav/relationSubject.jsp?relationWords=%E7%8E%89%E5%B1%B1%E8%96%84%E9%9B%AA%E8%8D%89+&oid=16777721 HTTP/1.1" 200 3686
36.224.114.153 - - [13/Jun/2016:00:55:11 +0800] "GET /content/subject/resource_content.jsp?oid=16777721&queryString=%E6%A4%8D%E7%89%A9%E7%95%8C%20%E7%8E%89%E5%B1%B1%E8%96%84%E9%9B%AA%E8%8D%89%20%E8%8F%8A%E7%A7%91%20%E8%96%84%E9%9B%AA%E8%8D%89%E5%B1%AC%20%E9%9B%99%E5%AD%90%E8%91%89%E6%A4%8D%E7%89%A9 HTTP/1.1" 200 36216
36.224.114.153 - - [13/Jun/2016:00:55:11 +0800] "GET /content/nav/relationSubject.jsp?relationWords=%E7%8E%89%E5%B1%B1%E8%96%84%E9%9B%AA%E8%8D%89+&oid=16777721 HTTP/1.1" 200 3686
66.249.71.199 - - [13/Jun/2016:00:55:13 +0800] "GET /content/repository/resource_content.jsp?oid=2521240&queryString=%E5%BB%A0%E6%8A%BD%E8%AA%B2 HTTP/1.1" 200 30060
66.249.66.164 - - [13/Jun/2016:00:55:15 +0800] "GET /content/repository/resource_content.jsp?oid=1559983 HTTP/1.1" 200 28941
1.161.142.158 - - [13/Jun/2016:00:56:27 +0800] "GET /content/repository/resource_content.jsp?oid=1777105 HTTP/1.1" 200 28779
1.161.142.158 - - [13/Jun/2016:00:56:29 +0800] "GET /content/nav/relationSubject.jsp?relationWords=%E9%A2%A8%E7%AE%8F+%E9%A6%AC%E8%98%AD%E7%A4%BE+&oid=1777105 HTTP/1.1" 200 3049
66.249.79.200 - - [13/Jun/2016:00:56:38 +0800] "GET /content/repository/resource_content.jsp?oid=2151217 HTTP/1.1" 200 31031
66.249.71.136 - - [13/Jun/2016:00:57:19 +0800] "GET /content/nav/relationSubject.jsp?relationWords=%E5%8D%97%E6%A6%AE+%E5%AE%89%E5%85%A8%E6%A1%88+&oid=1635686 HTTP/1.1" 200 3349
66.249.71.136 - - [13/Jun/2016:00:57:21 +0800] "GET /content/nav/relationSubject.jsp?relationWords=%E5%8D%97%E6%A6%AE%20%E5%AE%89%E5%85%A8%E6%A1%88%20&oid=1635686 HTTP/1.1" 200 3349
66.249.71.136 - - [13/Jun/2016:00:57:46 +0800] "GET /content/nav/relationSubject.jsp?relationWords=%E5%9C%96%E9%9B%86%E5%90%8D+%E5%9C%B0%E5%BD%A2%E5%9C%96+%E7%81%8C%E6%BA%89%E5%8D%80%E5%9F%9F+&oid=173987 HTTP/1.1" 200 3414
66.249.71.136 - - [13/Jun/2016:00:57:50 +0800] "GET /content/nav/relationSubject.jsp?relationWords=%E5%9C%96%E9%9B%86%E5%90%8D%20%E5%9C%B0%E5%BD%A2%E5%9C%96%20%E7%81%8C%E6%BA%89%E5%8D%80%E5%9F%9F%20&oid=173987 HTTP/1.1" 200 3414
66.249.71.136 - - [13/Jun/2016:00:59:01 +0800] "GET /content/nav/relationSubject.jsp?relationWords=%E9%8A%80%E5%85%A9+&oid=2662077 HTTP/1.1" 200 5365
66.249.71.199 - - [13/Jun/2016:00:59:28 +0800] "GET /content/repository/resource_content.jsp?oid=1773661&queryType=qs&queryString=%E5%82%B3%E7%B5%B1%E6%AD%8C%E8%AC%A0 HTTP/1.1" 200 29921
66.249.71.136 - - [13/Jun/2016:00:59:35 +0800] "GET /content/repository/resource_content.jsp?oid=2144905&queryString=%E5%B0%8F%E8%A5%BF%E6%B0%8F%E7%81%B0%E6%9C%A8%20%E7%81%B0%E6%9C%A8%E5%B1%AC HTTP/1.1" 200 31394
66.249.71.136 - - [13/Jun/2016:01:00:24 +0800] "GET /content/nav/relationSubject.jsp?relationWords=&oid=2591618 HTTP/1.1" 200 1405
120.101.34.187 - - [13/Jun/2016:01:00:38 +0800] "GET /content/repository/resource_content.jsp?oid=1591132&queryType=qs&queryString=%E5%9C%B0%E5%B1%A4%E4%B8%8B%E9%99%B7 HTTP/1.1" 200 28979
120.101.34.187 - - [13/Jun/2016:01:00:39 +0800] "GET /content/nav/relationSubject.jsp?relationWords=%E5%9C%B0%E4%B8%8B%E6%B0%B4+%E5%9C%B0%E5%B1%A4%E4%B8%8B%E9%99%B7+&oid=1591132 HTTP/1.1" 200 3577
66.249.71.152 - - [13/Jun/2016:01:00:53 +0800] "GET /content/repository/resource_content.jsp?oid=14970&queryString=%E8%82%A5%E7%9A%82%E9%AD%9A%20%E9%9B%99%E7%B7%9A%E5%B0%91%E5%AD%94%E7%B4%8B%E9%AF%9B%20%E9%AE%A8%E7%A7%91 HTTP/1.1" 200 34677
66.249.71.248 - - [13/Jun/2016:01:00:59 +0800] "GET /content/nav/relationSubject.jsp?relationWords=%E6%9D%8E%E7%9B%B8+&oid=682308 HTTP/1.1" 200 3055
66.249.79.186 - - [13/Jun/2016:01:01:03 +0800] "GET /content/nav/relationSubject.jsp?relationWords=%E5%B0%8F%E8%B1%87%E8%B1%86+%E6%A4%8D%E7%89%A9%E7%95%8C+%E8%A0%B6%E8%B1%86+%E8%B1%87%E8%B1%86%E5%B1%AC+%E9%9B%99%E5%AD%90%E8%91%89%E6%A4%8D%E7%89%A9+&oid=2152301 HTTP/1.1" 200 3413
66.249.71.242 - - [13/Jun/2016:01:01:08 +0800] "GET /content/nav/relationSubject.jsp?relationWords=%E6%9D%8E%E7%9B%B8%20&oid=682308 HTTP/1.1" 200 3055
180.76.15.134 - - [13/Jun/2016:01:01:20 +0800] "GET /content/repository/resource_content.jsp?oid=1195313 HTTP/1.1" 200 29344
210.187.145.125 - - [13/Jun/2016:01:02:01 +0800] "GET /content/nav/relationSubject.jsp?relationWords=%E5%A4%8F%E5%A4%9C+%E6%B0%B4%E8%8C%84%E8%8B%B3+&oid=16777503 HTTP/1.1" 200 3687
66.249.71.136 - - [13/Jun/2016:01:02:18 +0800] "GET /content/repository/resource_content.jsp?oid=2147408 HTTP/1.1" 200 31059
66.249.71.136 - - [13/Jun/2016:01:03:51 +0800] "GET /content/repository/resource_content.jsp?oid=14262&queryString=%E9%8B%B8%E9%BD%92%E8%A3%B8%E8%83%B8%E9%AF%99 HTTP/1.1" 200 33882
66.249.71.136 - - [13/Jun/2016:01:04:05 +0800] "GET /content/nav/relationSubject.jsp?relationWords=%E4%BF%9D%E5%AE%89%E5%8F%B8+%E5%8F%B8%E4%BB%A4%E9%83%A8+&oid=1516995 HTTP/1.1" 200 5201
66.249.71.136 - - [13/Jun/2016:01:04:37 +0800] "GET /content/nav/relationSubject.jsp?relationWords=%E7%A5%AD%E5%B8%AB%E7%94%A8%E9%85%92%E7%93%B6+&oid=1780252 HTTP/1.1" 200 2452
66.249.71.136 - - [13/Jun/2016:01:04:39 +0800] "GET /content/nav/relationSubject.jsp?relationWords=%E5%A4%96%E5%82%98%E9%A0%82%E6%B4%B2+&oid=1594031 HTTP/1.1" 200 7726
66.249.79.200 - - [13/Jun/2016:01:04:41 +0800] "GET /content/nav/relationSubject.jsp?relationWords=%E7%A5%AD%E5%B8%AB%E7%94%A8%E9%85%92%E7%93%B6%20&oid=1780252 HTTP/1.1" 200 2452
66.249.71.136 - - [13/Jun/2016:01:04:43 +0800] "GET /content/nav/relationSubject.jsp?relationWords=%E5%A4%96%E5%82%98%E9%A0%82%E6%B4%B2%20&oid=1594031 HTTP/1.1" 200 7726
66.249.79.200 - - [13/Jun/2016:01:04:49 +0800] "GET /content/repository/resource_content.jsp?oid=1108512&queryString=%E6%A4%8D%E7%89%A9%E7%95%8C%20%E6%B8%85%E6%B0%B4%E9%A6%AC%E8%98%AD%20%E7%B4%AB%E8%8F%80%E5%B1%AC%20%E8%8F%8A%E7%A7%91%20%E9%9B%99%E5%AD%90%E8%91%89%E6%A4%8D%E7%89%A9 HTTP/1.1" 200 31840
173.252.95.9 - - [13/Jun/2016:01:05:59 +0800] "GET /digiarch_en/content/repository/resource_content.jsp?oid=3820351&queryString=%E7%B4%AB%E8%96%87 HTTP/1.1" 200 23740
66.249.79.186 - - [13/Jun/2016:01:06:02 +0800] "GET /digiarch3/content/nav/relationSubject.jsp?relationWords=%E5%A4%A7%E9%A0%AD%E7%99%BD%E5%A7%91%E9%AD%9A+%E5%B8%95%E9%A0%AD+%E5%BD%AD%E7%B4%8D%E7%9F%B3%E9%A6%96%E9%AD%9A+%E7%9F%B3%E9%A6%96%E9%AD%9A%E7%A7%91+&oid=15460 HTTP/1.1" 200 3541
223.139.148.243 - - [13/Jun/2016:01:06:26 +0800] "GET /content/nav/relationSubject.jsp?relationWords=%E8%96%9C%E8%8D%94+&oid=16777485 HTTP/1.1" 200 3561
66.249.71.143 - - [13/Jun/2016:01:07:58 +0800] "GET /content/repository/resource_content.jsp?oid=1595901&queryType=qs&queryString=%E6%96%87%E5%8C%96%E5%8F%B2 HTTP/1.1" 200 28959
68.180.228.229 - - [13/Jun/2016:01:08:00 +0800] "GET /digiarch_en/content/repository/resource_content.jsp?oid=523579&queryType=qc HTTP/1.1" 200 29789
120.26.0.203 - - [13/Jun/2016:01:08:49 +0800] "GET /content/subject/resource_content.jsp?oid=16777576&queryType=qc HTTP/1.0" 200 29354
120.26.0.192 - - [13/Jun/2016:01:08:50 +0800] "GET /content/subject/resource_content.jsp?oid=16777590&queryType=qc HTTP/1.0" 200 35272
120.26.2.225 - - [13/Jun/2016:01:08:50 +0800] "GET /content/subject/resource_content.jsp?oid=16777710&queryType=qc HTTP/1.0" 200 27772
120.26.0.111 - - [13/Jun/2016:01:08:51 +0800] "GET /content/subject/resource_content.jsp?oid=16777476&queryType=qc HTTP/1.0" 200 54202
120.26.2.186 - - [13/Jun/2016:01:08:51 +0800] "GET /content/subject/resource_content.jsp?oid=16777310&queryType=qc HTTP/1.0" 200 28082
121.40.140.182 - - [13/Jun/2016:01:08:51 +0800] "GET /content/subject/resource_content.jsp?oid=16777620&queryType=qc HTTP/1.0" 200 54644
120.26.2.152 - - [13/Jun/2016:01:08:52 +0800] "GET /content/subject/resource_content.jsp?oid=16777551&queryType=qc HTTP/1.0" 200 32180
120.26.2.217 - - [13/Jun/2016:01:08:53 +0800] "GET /content/subject/resource_content.jsp?oid=16777619&queryType=qc HTTP/1.0" 200 78680
120.26.1.140 - - [13/Jun/2016:01:08:53 +0800] "GET /content/subject/resource_content.jsp?oid=16777311&queryType=qc HTTP/1.0" 200 29197
120.26.2.193 - - [13/Jun/2016:01:08:53 +0800] "GET /content/subject/resource_content.jsp?oid=16797243&queryType=qc HTTP/1.0" 200 55953
120.26.0.249 - - [13/Jun/2016:01:08:53 +0800] "GET /content/subject/resource_content.jsp?oid=16777345&queryType=qc HTTP/1.0" 200 34990
120.26.2.193 - - [13/Jun/2016:01:08:55 +0800] "GET /content/subject/resource_content.jsp?oid=16777342&queryType=qc HTTP/1.0" 200 33180
120.26.2.174 - - [13/Jun/2016:01:08:55 +0800] "GET /content/subject/resource_content.jsp?oid=16777701&queryType=qc HTTP/1.0" 200 37494
120.26.2.21 - - [13/Jun/2016:01:08:55 +0800] "GET /content/subject/resource_content.jsp?oid=16777475&queryType=qc HTTP/1.0" 200 62046
66.249.71.136 - - [13/Jun/2016:01:09:10 +0800] "GET /content/nav/relationSubject.jsp?relationWords=%E5%8E%9A%E6%AE%BC%E4%BB%94+%E5%A4%A7%E7%9B%AE%E4%BB%94+%E7%80%BE%E5%85%AC%E5%A6%BE+%E7%84%A6%E6%9D%BE%E6%AF%AC+%E9%87%91%E9%B1%97%E7%94%B2+%E9%87%91%E9%B1%97%E9%AD%9A%E7%A7%91+%E9%8B%B8%E9%B1%97+%E9%90%B5%E7%94%B2%E5%85%B5+%E9%90%B5%E7%B7%9A%E5%A9%86+%E9%B1%97%E9%AD%9A+&oid=14748 HTTP/1.1" 200 3795
66.249.71.199 - - [13/Jun/2016:01:09:23 +0800] "GET /digiarch3/content/repository/resource_content.jsp?oid=1547335&queryString=%E7%B6%93%E6%BF%9F%E6%94%BF%E7%AD%96%20%E8%87%BA%E7%81%A3%E7%B6%93%E6%BF%9F%20%E8%A8%88%E5%8A%83%E7%B6%93%E6%BF%9F HTTP/1.1" 200 29612
66.249.71.152 - - [13/Jun/2016:01:09:54 +0800] "GET /content/repository/resource_content.jsp?oid=4351940&queryString=%E5%AF%B6%E5%88%80%E9%AD%9A%20%E9%95%B7%E9%A0%9C%E5%AF%B6%E5%88%80%E9%AD%9A HTTP/1.1" 200 35034
157.55.39.173 - - [13/Jun/2016:01:09:58 +0800] "GET /content/nav/relationSubject.jsp?relationWords=%E5%8D%83%E5%B9%B4%E6%A1%90+%E6%A1%90%E8%8A%B1+%E6%B2%B9%E6%A1%90+&oid=16777599 HTTP/1.1" 200 3738
66.249.79.207 - - [13/Jun/2016:01:09:59 +0800] "GET /content/nav/relationSubject.jsp?relationWords=API+%E5%BD%8E%E6%9F%B1%E8%8A%8E%E5%B1%AC+%E6%A4%8D%E7%89%A9%E7%95%8C+%E7%8E%89%E5%B1%B1%E5%BD%8E%E6%9F%B1%E8%8A%8E+%E7%B9%96%E5%BD%A2%E7%A7%91+%E9%9B%99%E5%AD%90%E8%91%89%E6%A4%8D%E7%89%A9+&oid=1110463 HTTP/1.1" 200 3485
68.180.229.176 - - [13/Jun/2016:01:10:05 +0800] "GET /content/repository/resource_content.jsp?oid=523571&queryType=qc HTTP/1.1" 200 35997
66.249.71.143 - - [13/Jun/2016:01:10:48 +0800] "GET /content/repository/resource_content.jsp?oid=1890863 HTTP/1.1" 200 28744
66.249.79.244 - - [13/Jun/2016:01:11:16 +0800] "GET /content/nav/relationSubject.jsp?relationWords=%E5%95%86%E6%A5%AD%E5%9C%98%E9%AB%94%20&oid=1546842 HTTP/1.1" 200 4513
140.114.227.48 - - [13/Jun/2016:01:11:20 +0800] "GET /content/repository/resource_content.jsp?oid=1774348 HTTP/1.1" 200 26939
140.114.227.48 - - [13/Jun/2016:01:11:22 +0800] "GET /content/nav/relationSubject.jsp?relationWords=&oid=1774348 HTTP/1.1" 200 1405
157.55.39.173 - - [13/Jun/2016:01:11:26 +0800] "GET /content/subject/resource_content.jsp?oid=16777413&queryType=qc HTTP/1.1" 200 33439
66.249.71.136 - - [13/Jun/2016:01:11:32 +0800] "GET /content/nav/relationSubject.jsp?relationWords=&oid=2583033 HTTP/1.1" 200 1405
66.249.71.136 - - [13/Jun/2016:01:13:31 +0800] "GET /content/nav/relationSubject.jsp?relationWords=%E5%A4%AA%E5%B9%B3%E7%B8%A3+%E6%97%B1%E6%BA%AA+%E8%87%BA%E4%B8%AD%E5%B8%82+%E8%87%BA%E4%B8%AD%E7%B8%A3+&oid=1622204 HTTP/1.1" 200 4587
66.249.71.143 - - [13/Jun/2016:01:13:32 +0800] "GET /content/nav/relationSubject.jsp?relationWords=%E5%A4%AA%E5%B9%B3%E7%B8%A3%20%E6%97%B1%E6%BA%AA%20%E8%87%BA%E4%B8%AD%E5%B8%82%20%E8%87%BA%E4%B8%AD%E7%B8%A3%20&oid=1622204 HTTP/1.1" 200 4587
66.249.71.136 - - [13/Jun/2016:01:13:38 +0800] "GET /content/repository/resource_content.jsp?oid=1834525&queryString=%E5%B4%96%E5%A2%93%20%E6%96%B0%E6%B4%A5%20%E6%96%B0%E6%B4%A5%E7%9F%B3%E5%87%BD%E7%95%AB%E8%B1%A1%20%E8%BB%8A%E9%A6%AC%E5%87%BA%E8%A1%8C HTTP/1.1" 200 31448
111.242.135.206 - - [13/Jun/2016:01:13:45 +0800] "GET /content/nav/relationSubject.jsp?relationWords=%E9%98%BF%E5%8B%83%E5%8B%92+&oid=16777368 HTTP/1.1" 200 2917
66.249.71.136 - - [13/Jun/2016:01:14:24 +0800] "GET /content/nav/relationSubject.jsp?relationWords=%E4%B8%89%E4%B8%83%E4%BA%94+%E5%9C%B0%E7%A7%9F+%E6%94%BE%E7%A7%9F+%E7%81%A3%E7%9C%81%E6%94%BF%E5%BA%9C+%E7%9C%81%E6%94%BF%E5%BA%9C+%E8%87%BA%E7%81%A3%E7%9C%81+%E8%87%BA%E7%81%A3%E7%9C%81%E6%94%BF%E5%BA%9C+%E8%94%A1%E6%B7%B1%E6%B1%A0+&oid=1522247 HTTP/1.1" 200 4822
125.231.51.248 - - [13/Jun/2016:01:14:56 +0800] "GET /content/nav/relationSubject.jsp?relationWords=%E7%99%BD%E5%8D%83%E5%B1%A4+&oid=16777287 HTTP/1.1" 200 3852
66.249.71.136 - - [13/Jun/2016:01:15:02 +0800] "GET /content/nav/relationSubject.jsp?relationWords=%E6%A4%8D%E7%89%A9%E7%95%8C+%E6%B8%85%E6%B0%B4%E9%A6%AC%E8%98%AD+%E7%B4%AB%E8%8F%80%E5%B1%AC+%E8%8F%8A%E7%A7%91+%E9%9B%99%E5%AD%90%E8%91%89%E6%A4%8D%E7%89%A9+&oid=1108512 HTTP/1.1" 200 3314
66.249.79.200 - - [13/Jun/2016:01:15:04 +0800] "GET /content/repository/resource_content.jsp?oid=1517308 HTTP/1.1" 200 28946
66.249.71.136 - - [13/Jun/2016:01:15:05 +0800] "GET /content/nav/relationSubject.jsp?relationWords=%E6%A4%8D%E7%89%A9%E7%95%8C%20%E6%B8%85%E6%B0%B4%E9%A6%AC%E8%98%AD%20%E7%B4%AB%E8%8F%80%E5%B1%AC%20%E8%8F%8A%E7%A7%91%20%E9%9B%99%E5%AD%90%E8%91%89%E6%A4%8D%E7%89%A9%20&oid=1108512 HTTP/1.1" 200 3314
66.249.71.136 - - [13/Jun/2016:01:15:06 +0800] "GET /content/repository/resource_content.jsp?oid=3826602 HTTP/1.1" 200 31476
66.249.71.136 - - [13/Jun/2016:01:16:28 +0800] "GET /content/repository/resource_content.jsp?oid=1623725 HTTP/1.1" 200 28944
68.180.228.229 - - [13/Jun/2016:01:16:30 +0800] "GET /content/repository/resource_content.jsp?oid=1893703&queryType=qs&queryString=%E9%8D%BE%E7%B4%B9%E5%92%8C HTTP/1.1" 200 29204
66.249.71.248 - - [13/Jun/2016:01:17:25 +0800] "GET /content/nav/relationSubject.jsp?relationWords=%E5%8F%83%E8%AD%B0%E6%9C%83+%E5%8F%B0%E7%81%A3%E7%9C%81+%E8%A1%8C%E6%94%BF%E9%95%B7%E5%AE%98%E5%85%AC%E7%BD%B2+&oid=1515331 HTTP/1.1" 200 4559
66.249.79.200 - - [13/Jun/2016:01:17:54 +0800] "GET /content/repository/resource_content.jsp?oid=2635046 HTTP/1.1" 200 29919
66.249.71.136 - - [13/Jun/2016:01:17:57 +0800] "GET /content/nav/relationSubject.jsp?relationWords=%E6%94%B6%E7%9B%8A%E6%A1%88+%E7%A8%BB%E7%A9%80+%E9%A4%98%E7%B3%A7%E6%94%B6%E8%B3%BC+&oid=1624020 HTTP/1.1" 200 4297
66.249.71.136 - - [13/Jun/2016:01:17:57 +0800] "GET /content/nav/relationSubject.jsp?relationWords=%E5%9B%9B%E9%BD%92+%E6%96%B0%E6%9C%88%E9%8C%A6%E9%AD%9A+%E6%9C%88%E6%96%91%E8%91%89%E9%AF%9B+%E7%A4%AB%E4%BB%94+%E8%8A%B1%E9%BE%8D+%E9%9A%86%E9%A0%AD%E9%AD%9A%E7%A7%91+%E9%9D%92%E6%B1%95%E5%86%B7+%E9%9D%92%E8%A1%A3+%E9%9D%92%E8%B2%93%E5%85%AC+%E9%9D%92%E9%96%8B%E5%8F%89+&oid=4352997 HTTP/1.1" 200 3952
66.249.71.136 - - [13/Jun/2016:01:17:58 +0800] "GET /content/nav/relationSubject.jsp?relationWords=%E6%94%B6%E7%9B%8A%E6%A1%88%20%E7%A8%BB%E7%A9%80%20%E9%A4%98%E7%B3%A7%E6%94%B6%E8%B3%BC%20&oid=1624020 HTTP/1.1" 200 4297
66.249.79.200 - - [13/Jun/2016:01:18:03 +0800] "GET /content/nav/relationSubject.jsp?relationWords=%E5%9B%9B%E9%BD%92%20%E6%96%B0%E6%9C%88%E9%8C%A6%E9%AD%9A%20%E6%9C%88%E6%96%91%E8%91%89%E9%AF%9B%20%E7%A4%AB%E4%BB%94%20%E8%8A%B1%E9%BE%8D%20%E9%9A%86%E9%A0%AD%E9%AD%9A%E7%A7%91%20%E9%9D%92%E6%B1%95%E5%86%B7%20%E9%9D%92%E8%A1%A3%20%E9%9D%92%E8%B2%93%E5%85%AC%20%E9%9D%92%E9%96%8B%E5%8F%89%20&oid=4352997 HTTP/1.1" 200 3952
66.249.71.136 - - [13/Jun/2016:01:19:20 +0800] "GET /content/repository/resource_content.jsp?oid=1115798 HTTP/1.1" 200 29889
140.116.191.182 - - [13/Jun/2016:01:19:57 +0800] "GET /content/nav/relationSubject.jsp?relationWords=%E6%A5%8A%E8%82%87%E5%98%89+&oid=16777781 HTTP/1.1" 200 2610
66.249.71.136 - - [13/Jun/2016:01:20:37 +0800] "GET /content/nav/relationSubject.jsp?relationWords=%E5%86%AC%E9%9D%92%E5%B1%AC+%E5%86%AC%E9%9D%92%E7%A7%91+%E6%A4%8D%E7%89%A9%E7%95%8C+%E8%8B%97%E6%A0%97%E5%86%AC%E9%9D%92+%E8%A1%9B%E7%9F%9B+&oid=1108563 HTTP/1.1" 200 3362
66.249.71.136 - - [13/Jun/2016:01:20:39 +0800] "GET /content/nav/relationSubject.jsp?relationWords=%E5%86%AC%E9%9D%92%E5%B1%AC%20%E5%86%AC%E9%9D%92%E7%A7%91%20%E6%A4%8D%E7%89%A9%E7%95%8C%20%E8%8B%97%E6%A0%97%E5%86%AC%E9%9D%92%20%E8%A1%9B%E7%9F%9B%20&oid=1108563 HTTP/1.1" 200 3362
66.249.71.136 - - [13/Jun/2016:01:20:44 +0800] "GET /content/repository/resource_content.jsp?oid=1462014 HTTP/1.1" 200 31190
173.252.95.13 - - [13/Jun/2016:01:20:50 +0800] "GET /content/subject/resource_content.jsp?oid=16777307&queryString HTTP/1.1" 200 37175
66.249.71.159 - - [13/Jun/2016:01:21:16 +0800] "GET /content/nav/relationSubject.jsp?relationWords=%E5%B0%96%E5%90%BB%E9%B1%B8+%E5%B0%96%E5%98%B4+%E7%B4%85%E7%9B%AE%E9%B1%B8+%E9%87%91%E7%9B%AE%E9%B1%B8+&oid=14943 HTTP/1.1" 200 3446
66.249.79.200 - - [13/Jun/2016:01:21:55 +0800] "GET /content/nav/relationSubject.jsp?relationWords=%E6%A4%8D%E7%89%A9%E7%95%8C+%E8%8F%AB%E8%8F%9C+%E8%91%AB%E8%98%86%E7%A7%91+&oid=1102618 HTTP/1.1" 200 3059
66.249.71.136 - - [13/Jun/2016:01:21:56 +0800] "GET /content/nav/relationSubject.jsp?relationWords=%E4%BA%A4%E9%80%9A%E5%AE%89%E5%85%A8+%E5%8F%B8%E6%A9%9F+%E5%B7%A5%E7%A8%8B%E8%99%95+%E6%97%A5%E6%B2%BB%E6%99%82%E4%BB%A3+%E6%9E%97%E5%8B%99%E5%B1%80+%E8%AD%A6%E5%AF%9F+%E9%90%B5%E8%B7%AF%E5%B1%80+&oid=1568012 HTTP/1.1" 200 3438
66.249.66.188 - - [13/Jun/2016:01:22:07 +0800] "GET /content/repository/resource_content.jsp?oid=2512761&queryType=qs&queryString=%E5%84%92%E5%AD%B8 HTTP/1.1" 200 30149
66.249.71.136 - - [13/Jun/2016:01:22:09 +0800] "GET /content/repository/resource_content.jsp?oid=2142910&queryString=%E6%9C%A8%E6%A7%BF%E5%B1%AC%20%E6%9C%A8%E8%8A%99%E8%93%89%20%E6%A4%8D%E7%89%A9%E7%95%8C%20%E9%8C%A6%E8%91%B5%20%E9%8C%A6%E8%91%B5%E7%A7%91 HTTP/1.1" 200 31655
66.249.71.136 - - [13/Jun/2016:01:22:21 +0800] "GET /content/nav/relationSubject.jsp?relationWords=%E5%9C%B0%E5%BD%A2%E5%9C%96+&oid=189225 HTTP/1.1" 200 3046
68.180.228.229 - - [13/Jun/2016:01:22:25 +0800] "GET /digiarch_en/content/tmp_exh/resource_content.jsp?oid=16777844&queryType=qc HTTP/1.1" 200 31484
66.249.71.136 - - [13/Jun/2016:01:22:56 +0800] "GET /content/nav/relationSubject.jsp?relationWords=%E5%B8%AB%E5%85%8C+%E5%B8%AB%E5%85%8C%E7%B0%8B+&oid=1815567 HTTP/1.1" 200 3252
174.138.200.199 - - [13/Jun/2016:01:23:20 +0800] "GET /content/nav/relationSubject.jsp?relationWords=%E6%AA%AC%E6%9E%9C+%E8%8A%92%E6%9E%9C+&oid=16777508 HTTP/1.1" 200 4379
66.249.71.242 - - [13/Jun/2016:01:23:33 +0800] "GET /content/repository/resource_content.jsp?oid=1516993&queryType=qs&queryString=%E5%8A%89%E6%B0%B4 HTTP/1.1" 200 28834
66.249.71.242 - - [13/Jun/2016:01:24:01 +0800] "GET /content/nav/relationSubject.jsp?relationWords=%E6%97%A5%E6%9C%AC%E6%96%87%E5%AD%B8+%E7%80%A7%E7%94%B0%E8%B2%9E%E6%B2%BB+%E7%9A%87%E6%B0%91%E5%A5%89%E5%85%AC%E6%9C%83+%E7%B8%BD%E8%B9%B6%E8%B5%B7+%E8%87%BA%E7%81%A3%E6%96%87%E5%AD%B8+&oid=2470515 HTTP/1.1" 200 4759
66.249.71.248 - - [13/Jun/2016:01:24:05 +0800] "GET /content/nav/relationSubject.jsp?relationWords=%E6%97%A5%E6%9C%AC%E6%96%87%E5%AD%B8%20%E7%80%A7%E7%94%B0%E8%B2%9E%E6%B2%BB%20%E7%9A%87%E6%B0%91%E5%A5%89%E5%85%AC%E6%9C%83%20%E7%B8%BD%E8%B9%B6%E8%B5%B7%20%E8%87%BA%E7%81%A3%E6%96%87%E5%AD%B8%20&oid=2470515 HTTP/1.1" 200 4759
66.249.71.136 - - [13/Jun/2016:01:24:07 +0800] "GET /digiarch_en/content/nav/relationSubject.jsp?relationWords=%E5%90%8F%E9%83%A8+%E5%A5%89%E8%AB%AD+%E7%A5%A5%E6%B3%B0+&oid=2643768 HTTP/1.1" 200 3149
66.249.71.199 - - [13/Jun/2016:01:24:59 +0800] "GET /digiarch3/content/repository/resource_content.jsp?oid=4461685&queryType=qs&queryString=%E7%B8%BD%E5%8B%99%E9%95%B7%E5%AE%98 HTTP/1.1" 200 28364
123.125.71.73 - - [13/Jun/2016:01:25:00 +0800] "GET /content/pictures/picture_content.jsp?oid=33554557&queryType=qc HTTP/1.1" 200 27730
66.249.71.136 - - [13/Jun/2016:01:25:30 +0800] "GET /content/repository/resource_content.jsp?oid=1778818 HTTP/1.1" 200 39961
66.249.71.136 - - [13/Jun/2016:01:25:32 +0800] "GET /digiarch_en/content/nav/relationSubject.jsp?relationWords=%E5%9C%8B%E7%AB%8B%E8%87%BA%E7%81%A3%E5%A4%A7%E5%AD%B8+%E6%80%9D%E6%83%B3+%E9%87%8D%E6%85%B6%E5%8D%97%E8%B7%AF+&oid=16777811 HTTP/1.1" 200 5666
123.192.129.234 - - [13/Jun/2016:01:25:59 +0800] "GET /content/subject/resource_content.jsp?oid=16777349 HTTP/1.1" 200 36471
123.192.129.234 - - [13/Jun/2016:01:26:02 +0800] "GET /content/nav/relationSubject.jsp?relationWords=%E9%9D%92%E5%89%9B%E6%AB%9F+&oid=16777349 HTTP/1.1" 200 4006
66.249.71.136 - - [13/Jun/2016:01:26:22 +0800] "GET /content/nav/relationSubject.jsp?relationWords=%E4%B9%9D%E6%A3%98+%E6%A9%AB%E5%B8%B6+%E6%A9%AB%E7%B4%8B%E4%B9%9D%E5%88%BA%E9%AE%A8+%E7%9F%B3%E6%96%91+%E9%81%8E%E9%AD%9A+%E9%AE%A8%E7%A7%91+%E9%B1%A0%E4%BB%94+%E9%BB%91%E8%B2%93%E4%BB%94+&oid=4353468 HTTP/1.1" 200 3632
66.249.71.136 - - [13/Jun/2016:01:26:24 +0800] "GET /content/repository/resource_content.jsp?oid=1108272&queryString=%E6%A4%8D%E7%89%A9%E7%95%8C%20%E7%B4%AB%E8%8A%B1%E8%97%BF%E9%A6%99%E8%96%8A%20%E8%8F%8A%E7%A7%91%20%E9%9B%99%E5%AD%90%E8%91%89%E6%A4%8D%E7%89%A9%20%E9%9C%8D%E9%A6%99%E8%96%8A%E5%B1%AC HTTP/1.1" 200 31857
66.249.71.136 - - [13/Jun/2016:01:27:03 +0800] "GET /content/nav/relationSubject.jsp?relationWords=%E7%9C%81%E6%94%BF%E5%BA%9C+%E8%87%BA%E7%81%A3%E7%9C%81%E8%AD%B0%E6%9C%83+%E9%99%B3%E7%81%AB%E5%9C%9F+%E9%BB%83%E9%81%8B%E9%87%91+&oid=1529935 HTTP/1.1" 200 4637
111.242.176.23 - - [13/Jun/2016:01:27:26 +0800] "GET /content/repository/resource_content.jsp?oid=1776329&queryType=qs&queryString=%E5%B0%84%E8%80%B3%E7%A5%AD HTTP/1.1" 200 28906
111.242.176.23 - - [13/Jun/2016:01:27:26 +0800] "GET /content/nav/relationSubject.jsp?relationWords=%E5%B0%84%E8%80%B3%E7%A5%AD+%E5%B8%83%E8%BE%B2%E6%97%8F+%E6%AD%B2%E6%99%82%E7%A5%AD%E5%84%80+%E7%A5%AD%E5%84%80+&oid=1776329 HTTP/1.1" 200 4208
66.249.71.254 - - [13/Jun/2016:01:27:30 +0800] "GET /content/nav/relationSubject.jsp?relationWords=%E5%AE%A2%E9%81%8B+%E7%81%A3%E7%9C%81%E6%94%BF%E5%BA%9C+%E7%9C%81%E6%94%BF%E5%BA%9C+%E7%B5%84%E7%B9%94%E8%A6%8F%E7%A8%8B+%E8%82%A1%E4%BB%BD%E6%9C%89%E9%99%90%E5%85%AC%E5%8F%B8+%E8%87%BA%E7%81%A3%E7%9C%81+%E8%87%BA%E7%81%A3%E7%9C%81%E6%94%BF%E5%BA%9C+&oid=1894582 HTTP/1.1" 200 4847
66.249.71.152 - - [13/Jun/2016:01:27:49 +0800] "GET /content/repository/resource_content.jsp?oid=1894582&queryString=%E4%B8%AD%E5%A4%AE%E5%9C%96%E6%9B%B8%E9%A4%A8%20%E7%B5%84%E7%B9%94%E8%A6%8F%E7%A8%8B%20%E8%81%AF%E5%90%88%E7%9B%AE%E9%8C%84 HTTP/1.1" 200 29908
66.249.66.164 - - [13/Jun/2016:01:29:07 +0800] "GET /content/repository/resource_content.jsp?oid=1109571&queryString=%E6%81%86%E6%98%A5%E6%A1%91%E5%AF%84%E7%94%9F%20%E6%9D%BE%E5%AF%84%E7%94%9F%E5%B1%AC%20%E6%A1%91%E5%AF%84%E7%94%9F%20%E6%A4%8D%E7%89%A9%E7%95%8C%20%E9%88%8D%E6%9E%9C%E6%A1%91%E5%AF%84%E7%94%9F%E5%B1%AC HTTP/1.1" 200 31533
66.249.71.136 - - [13/Jun/2016:01:29:25 +0800] "GET /content/nav/relationSubject.jsp?relationWords=%E5%82%85%E5%AD%B8%E9%B5%AC+%E8%B6%99%E8%89%AF%E7%87%95+%E9%A1%8F%E6%B8%85%E6%A8%99+&oid=1893847 HTTP/1.1" 200 3301
65.55.218.42 - - [13/Jun/2016:01:30:23 +0800] "GET /content/subject/resource_content.jsp?oid=16777514 HTTP/1.1" 200 42871
66.249.71.136 - - [13/Jun/2016:01:30:27 +0800] "GET /digiarch_en/content/nav/relationSubject.jsp?relationWords=%E6%9C%A8%E8%98%AD%E5%B1%AC+%E6%9C%A8%E8%98%AD%E7%A7%91+%E6%A4%8D%E7%89%A9%E7%95%8C+%E6%B4%8B%E7%8E%89%E8%98%AD+&oid=1457470 HTTP/1.1" 200 3627
66.249.71.136 - - [13/Jun/2016:01:30:39 +0800] "GET /content/subject/resource_content.jsp?oid=16797297&queryType=qc HTTP/1.1" 200 67888
66.249.71.199 - - [13/Jun/2016:01:30:42 +0800] "GET /digiarch3/content/repository/resource_content.jsp?oid=1567110&queryType=qs&queryString=%E7%99%BC%E8%A1%A8%E6%9C%83 HTTP/1.1" 200 29116
66.249.71.242 - - [13/Jun/2016:01:30:44 +0800] "GET /content/nav/relationSubject.jsp?relationWords=%E6%9D%9C%E9%A6%99+%E6%9D%9C%E9%A6%99%E5%9C%8B+%E9%99%B3%E8%B2%B4%E5%BF%83+&oid=1887788 HTTP/1.1" 200 3192
59.125.214.183 - - [13/Jun/2016:01:31:06 +0800] "GET /content/tmp_exh/resource_content.jsp?oid=16777852&queryType=qc HTTP/1.1" 200 67305
59.125.214.183 - - [13/Jun/2016:01:31:07 +0800] "GET /content/nav/relationSubject.jsp?relationWords=&oid=16777852 HTTP/1.1" 200 1405
66.249.71.136 - - [13/Jun/2016:01:31:17 +0800] "GET /content/nav/relationSubject.jsp?relationWords=%E6%96%91%E8%91%89%E8%98%AD+%E6%96%91%E8%91%89%E8%98%AD%E5%B1%AC+&oid=1457016 HTTP/1.1" 200 3255
173.252.95.8 - - [13/Jun/2016:01:31:28 +0800] "GET /content/repository/resource_content.jsp?oid=1458362&queryString=%E7%85%99%E7%81%AB%E8%96%B9+%E8%96%B9%E5%B1%AC HTTP/1.1" 200 31067
66.249.71.199 - - [13/Jun/2016:01:32:04 +0800] "GET /digiarch3/content/subject/resource_content.jsp?oid=16777609&queryType=qs&queryString=%E5%8A%A9%E7%94%A2%E5%A3%AB HTTP/1.1" 200 58327
66.249.71.136 - - [13/Jun/2016:01:32:17 +0800] "GET /content/nav/relationSubject.jsp?relationWords=%E5%BF%8D%E5%86%AC+%E5%BF%8D%E5%86%AC%E7%A7%91+%E6%A4%8D%E7%89%A9%E7%95%8C+&oid=1460686 HTTP/1.1" 200 3245
66.249.71.136 - - [13/Jun/2016:01:32:55 +0800] "GET /content/nav/relationSubject.jsp?relationWords=%E5%85%AB%E5%8D%A6%E5%B1%B1+%E6%A6%AE%E7%99%BC+%E6%B0%B4%E6%9D%BE+&oid=1614757 HTTP/1.1" 200 3441
66.249.71.166 - - [13/Jun/2016:01:33:29 +0800] "GET /content/repository/resource_content.jsp?oid=15186&queryType=qs&queryString=%E5%A4%9A%E6%AF%9B%E9%A1%9E HTTP/1.1" 200 35501
68.180.228.229 - - [13/Jun/2016:01:34:10 +0800] "GET /digiarch_en/content/subject/resource_content.jsp?oid=16777355&queryType=qc HTTP/1.1" 200 23158
173.252.95.14 - - [13/Jun/2016:01:34:22 +0800] "GET /content/subject/resource_content.jsp?oid=16777615&queryType=qc HTTP/1.1" 200 37930
126.168.30.41 - - [13/Jun/2016:01:35:32 +0800] "GET /content/nav/relationSubject.jsp?relationWords=%E6%A5%8A%E8%82%87%E5%98%89+&oid=16777781 HTTP/1.1" 200 2610
66.249.71.136 - - [13/Jun/2016:01:35:55 +0800] "GET /content/repository/resource_content.jsp?oid=1897017&queryString=%E4%BA%BA%E5%90%8D%E6%AC%8A%E5%A8%81%20%E5%A4%96%E4%BA%A4%E9%83%A8%20%E5%BE%B7%E5%A5%A7%E4%BF%98%E8%99%9C%20%E8%8F%AF%E5%A2%83 HTTP/1.1" 200 29311
66.249.71.152 - - [13/Jun/2016:01:36:35 +0800] "GET /content/nav/relationSubject.jsp?relationWords=%E4%BA%BA%E6%B0%91%E5%9C%98%E9%AB%94+%E5%9C%8B%E5%A4%A7%E4%BB%A3%E8%A1%A8+%E6%94%BF%E5%BA%9C%E6%A9%9F%E9%97%9C+%E6%94%BF%E9%BB%A8+%E6%BC%81%E6%9C%83+%E7%89%A9%E8%B3%87%E5%B1%80+%E7%95%99%E5%AD%B8%E7%94%9F+%E7%AB%8B%E6%B3%95%E5%A7%94%E5%93%A1+%E8%87%AA%E7%94%B1%E4%B8%AD%E5%9C%8B+%E8%87%BA%E4%B8%AD%E5%B8%82+%E8%A8%80%E8%AB%96%E8%87%AA%E7%94%B1+%E8%AD%A6%E5%AF%9F+%E9%81%95%E7%AB%A0%E5%BB%BA%E7%AF%89+%E9%9D%92%E5%B9%B4%E9%BB%A8+&oid=1543278 HTTP/1.1" 200 5374
66.249.71.136 - - [13/Jun/2016:01:37:17 +0800] "GET /content/nav/relationSubject.jsp?relationWords=%E5%8F%B0%E7%81%A3%E5%8E%9F%E4%BD%8F%E6%B0%91+%E5%B0%91%E6%95%B8%E6%B0%91%E6%97%8F+%E5%B8%83%E8%BE%B2%E6%97%8F+%E6%B3%B0%E9%9B%85%E6%97%8F+%E9%84%92%E6%97%8F+&oid=1778818 HTTP/1.1" 200 8009
66.249.71.136 - - [13/Jun/2016:01:37:21 +0800] "GET /content/nav/relationSubject.jsp?relationWords=%E5%8F%B0%E7%81%A3%E5%8E%9F%E4%BD%8F%E6%B0%91%20%E5%B0%91%E6%95%B8%E6%B0%91%E6%97%8F%20%E5%B8%83%E8%BE%B2%E6%97%8F%20%E6%B3%B0%E9%9B%85%E6%97%8F%20%E9%84%92%E6%97%8F%20&oid=1778818 HTTP/1.1" 200 8009
66.249.79.200 - - [13/Jun/2016:01:37:28 +0800] "GET /content/nav/relationSubject.jsp?relationWords=%E5%85%AC%E8%B7%AF%E5%B1%80+%E9%A0%AD%E4%BB%BD%E9%8E%AE+&oid=1604657 HTTP/1.1" 200 4597
66.249.71.136 - - [13/Jun/2016:01:37:31 +0800] "GET /content/nav/relationSubject.jsp?relationWords=%E5%85%AC%E8%B7%AF%E5%B1%80%20%E9%A0%AD%E4%BB%BD%E9%8E%AE%20&oid=1604657 HTTP/1.1" 200 4597
66.249.71.136 - - [13/Jun/2016:01:37:38 +0800] "GET /content/nav/relationSubject.jsp?relationWords=%E5%90%8F%E9%83%A8+&oid=2675834 HTTP/1.1" 200 3101
66.249.71.136 - - [13/Jun/2016:01:37:39 +0800] "GET /content/nav/relationSubject.jsp?relationWords=&oid=2597350 HTTP/1.1" 200 1405
66.249.71.136 - - [13/Jun/2016:01:37:44 +0800] "GET /content/repository/resource_content.jsp?oid=15555&queryString=%E5%88%BA%E9%AD%9A%20%E8%93%8B%E5%88%BA%E9%AD%9A HTTP/1.1" 200 33930
133.203.178.199 - - [13/Jun/2016:01:37:47 +0800] "GET /content/nav/relationSubject.jsp?relationWords=%E6%A5%8A%E8%82%87%E5%98%89+&oid=16777781 HTTP/1.1" 200 2610
40.77.167.35 - - [13/Jun/2016:01:38:24 +0800] "GET /content/nav/relationSubject.jsp?relationWords=%E5%B1%B1%E8%8C%B6%E8%8A%B1+%E6%9B%BC%E9%99%80%E7%BE%85%E8%8A%B1+&oid=16777448 HTTP/1.1" 200 1894
118.160.232.231 - - [13/Jun/2016:01:38:45 +0800] "GET /content/subject/resource_content.jsp?oid=16797281&queryType=qc HTTP/1.1" 200 52953
118.160.232.231 - - [13/Jun/2016:01:38:46 +0800] "GET /content/nav/relationSubject.jsp?relationWords=%E5%AA%92%E9%AB%94+&oid=16797281 HTTP/1.1" 200 5011
66.249.71.205 - - [13/Jun/2016:01:38:50 +0800] "GET /digiarch3/content/nav/relationSubject.jsp?relationWords=%E4%B8%89%E4%B8%83%E4%BA%94+%E6%94%BF%E8%A6%8B%E7%99%BC%E8%A1%A8%E6%9C%83+&oid=1567110 HTTP/1.1" 200 4937
66.249.71.199 - - [13/Jun/2016:01:38:53 +0800] "GET /digiarch3/content/nav/relationSubject.jsp?relationWords=%E4%B8%89%E4%B8%83%E4%BA%94%20%E6%94%BF%E8%A6%8B%E7%99%BC%E8%A1%A8%E6%9C%83%20&oid=1567110 HTTP/1.1" 200 4937
66.249.71.152 - - [13/Jun/2016:01:39:09 +0800] "GET /content/repository/resource_content.jsp?oid=15555&queryString=%E5%88%BA%E9%AD%9A%20%E8%93%8B%E5%88%BA%E9%AD%9A HTTP/1.1" 200 33941
66.249.71.136 - - [13/Jun/2016:01:39:30 +0800] "GET /digiarch_en/content/nav/relationSubject.jsp?relationWords=%E7%9A%87%E5%A4%AA%E5%90%8E+&oid=2688796 HTTP/1.1" 200 3928
66.249.71.136 - - [13/Jun/2016:01:39:31 +0800] "GET /content/nav/relationSubject.jsp?relationWords=&oid=1636506 HTTP/1.1" 200 1405
66.249.71.136 - - [13/Jun/2016:01:39:31 +0800] "GET /digiarch_en/content/nav/relationSubject.jsp?relationWords=%E7%9A%87%E5%A4%AA%E5%90%8E%20&oid=2688796 HTTP/1.1" 200 3928
66.249.71.136 - - [13/Jun/2016:01:40:34 +0800] "GET /content/repository/resource_content.jsp?oid=1627975 HTTP/1.1" 200 28816
66.249.71.136 - - [13/Jun/2016:01:41:07 +0800] "GET /content/subject/resource_content.jsp?oid=16797335&queryType=qc HTTP/1.1" 200 60398
66.249.79.200 - - [13/Jun/2016:01:42:00 +0800] "GET /content/repository/resource_content.jsp?oid=1620285 HTTP/1.1" 200 28617
66.249.71.159 - - [13/Jun/2016:01:43:24 +0800] "GET /content/subject/resource_content.jsp?oid=16777412&queryType=qs&queryString=%E6%A8%A1%E6%93%AC%E8%80%83 HTTP/1.1" 200 33881
68.180.228.229 - - [13/Jun/2016:01:44:05 +0800] "GET /content/subject/resource_content.jsp?oid=16777835&queryType=qc> HTTP/1.1" 200 50984
66.249.71.242 - - [13/Jun/2016:01:44:16 +0800] "GET /content/nav/relationSubject.jsp?relationWords=%E7%80%BE%E5%85%AC%E5%A6%BE+%E9%87%91%E9%B1%97%E7%94%B2+%E9%87%91%E9%B1%97%E9%AD%9A%E7%A7%91+%E9%90%B5%E7%94%B2%E5%85%B5+%E9%90%B5%E7%B7%9A%E5%A9%86+%E9%BB%83%E5%B8%B6%E9%87%91%E9%B1%97%E9%AD%9A+&oid=4351912 HTTP/1.1" 200 3760
66.249.71.248 - - [13/Jun/2016:01:44:19 +0800] "GET /content/nav/relationSubject.jsp?relationWords=%E7%80%BE%E5%85%AC%E5%A6%BE%20%E9%87%91%E9%B1%97%E7%94%B2%20%E9%87%91%E9%B1%97%E9%AD%9A%E7%A7%91%20%E9%90%B5%E7%94%B2%E5%85%B5%20%E9%90%B5%E7%B7%9A%E5%A9%86%20%E9%BB%83%E5%B8%B6%E9%87%91%E9%B1%97%E9%AD%9A%20&oid=4351912 HTTP/1.1" 200 3760
66.249.71.159 - - [13/Jun/2016:01:44:32 +0800] "GET /content/nav/relationSubject.jsp?relationWords=%E7%94%A8%E4%BA%8B+%E9%A0%86%E5%A4%A9%E5%BA%9C+&oid=2685029 HTTP/1.1" 200 3134
66.249.71.152 - - [13/Jun/2016:01:44:35 +0800] "GET /content/nav/relationSubject.jsp?relationWords=%E7%94%A8%E4%BA%8B%20%E9%A0%86%E5%A4%A9%E5%BA%9C%20&oid=2685029 HTTP/1.1" 200 3134
66.249.79.200 - - [13/Jun/2016:01:44:57 +0800] "GET /content/nav/relationSubject.jsp?relationWords=%E5%85%AD%E5%BA%9C+%E6%9B%BE%E6%96%87%E6%B0%B4%E5%BA%AB+&oid=1603552 HTTP/1.1" 200 5439
66.249.79.200 - - [13/Jun/2016:01:45:40 +0800] "GET /content/nav/relationSubject.jsp?relationWords=%E5%85%A5%E5%87%BA%E5%A2%83%E7%AE%A1%E7%90%86%E8%99%95+%E5%85%AC%E5%8B%99%E8%AD%B7%E7%85%A7+%E5%A4%96%E4%BA%A4%E9%83%A8+%E5%BE%80%E6%97%A5+%E6%B4%AA%E6%A8%B5%E6%A6%95+%E8%AD%A6%E5%82%99%E7%B8%BD%E5%8F%B8%E4%BB%A4%E9%83%A8+&oid=1897017 HTTP/1.1" 200 8293
66.249.71.136 - - [13/Jun/2016:01:45:44 +0800] "GET /content/nav/relationSubject.jsp?relationWords=%E5%85%A5%E5%87%BA%E5%A2%83%E7%AE%A1%E7%90%86%E8%99%95%20%E5%85%AC%E5%8B%99%E8%AD%B7%E7%85%A7%20%E5%A4%96%E4%BA%A4%E9%83%A8%20%E5%BE%80%E6%97%A5%20%E6%B4%AA%E6%A8%B5%E6%A6%95%20%E8%AD%A6%E5%82%99%E7%B8%BD%E5%8F%B8%E4%BB%A4%E9%83%A8%20&oid=1897017 HTTP/1.1" 200 8293
68.180.228.229 - - [13/Jun/2016:01:46:03 +0800] "GET /content/tmp_exh/resource_content.jsp?oid=16777850&queryType=qc%201890 HTTP/1.1" 200 44448
66.249.71.194 - - [13/Jun/2016:01:46:14 +0800] "GET /content/repository/resource_content.jsp?oid=4364477&queryString=%E5%8D%97%E7%AE%A1 HTTP/1.1" 200 29446
66.249.71.136 - - [13/Jun/2016:01:46:19 +0800] "GET /content/repository/resource_content.jsp?oid=1896212 HTTP/1.1" 200 29289
66.249.79.200 - - [13/Jun/2016:01:47:22 +0800] "GET /content/nav/relationSubject.jsp?relationWords=%E5%9C%96%E9%9B%86%E5%90%8D+%E6%B2%B3%E5%B7%9D%E5%9C%96+%E8%8A%B1%E8%93%AE%E6%BA%AA+&oid=174187 HTTP/1.1" 200 8960
66.249.66.164 - - [13/Jun/2016:01:47:37 +0800] "GET /content/repository/resource_content.jsp?oid=1459260 HTTP/1.1" 200 30993
66.249.71.136 - - [13/Jun/2016:01:48:15 +0800] "GET /content/nav/relationSubject.jsp?relationWords=%E5%8D%97%E6%B4%8B%E8%B2%BF%E6%98%93+%E8%8F%AF%E5%83%91+&oid=4473936 HTTP/1.1" 200 3164
66.249.71.136 - - [13/Jun/2016:01:49:04 +0800] "GET /content/repository/resource_content.jsp?oid=2149515 HTTP/1.1" 200 31195
66.249.71.254 - - [13/Jun/2016:01:49:07 +0800] "GET /content/nav/relationSubject.jsp?relationWords=%E5%92%A8%E7%B2%B5%E7%9D%A3+%E7%85%99%E8%86%8F+&oid=577155 HTTP/1.1" 200 3075
66.249.71.136 - - [13/Jun/2016:01:49:41 +0800] "GET /content/nav/relationSubject.jsp?relationWords=%E6%A4%8D%E7%89%A9%E7%95%8C+%E6%B8%AF%E5%8F%A3%E9%A6%AC%E5%85%9C%E9%88%B4+%E9%A6%AC%E5%85%9C%E9%88%B4+%E9%A6%AC%E5%85%9C%E9%88%B4%E5%B1%AC+&oid=1101783 HTTP/1.1" 200 3391
66.249.71.136 - - [13/Jun/2016:01:49:43 +0800] "GET /content/nav/relationSubject.jsp?relationWords=%E6%A4%8D%E7%89%A9%E7%95%8C%20%E6%B8%AF%E5%8F%A3%E9%A6%AC%E5%85%9C%E9%88%B4%20%E9%A6%AC%E5%85%9C%E9%88%B4%20%E9%A6%AC%E5%85%9C%E9%88%B4%E5%B1%AC%20&oid=1101783 HTTP/1.1" 200 3391
66.249.71.248 - - [13/Jun/2016:01:50:29 +0800] "GET /content/repository/resource_content.jsp?oid=2641087&queryType=qs&queryString=%E5%8A%89%E7%B4%B9 HTTP/1.1" 200 30146
120.97.74.250 - - [13/Jun/2016:01:50:30 +0800] "GET /content/repository/resource_content.jsp?oid=1105280&queryString=%E5%B1%B1%E8%8C%B6%E8%8A%B1%20%E6%9B%BC%E9%99%80%E7%BE%85%20%E6%9B%BC%E9%99%80%E7%BE%85%E8%8A%B1%20%E8%8C%B6%E8%8A%B1 HTTP/1.1" 200 31410
120.97.74.250 - - [13/Jun/2016:01:50:31 +0800] "GET /content/nav/relationSubject.jsp?relationWords=%E5%A4%BE%E7%AB%B9%E6%A1%83%E7%A7%91+%E5%B1%B1%E9%A6%AC%E8%8C%B6+%E6%A4%8D%E7%89%A9%E7%95%8C+%E9%A6%AC%E8%8C%B6%E8%8A%B1+%E9%A6%AC%E8%B9%84%E8%8A%B1+%E9%A6%AC%E8%B9%84%E8%8A%B1%E5%B1%AC+%E9%BE%8D%E8%86%BD+&oid=1105280 HTTP/1.1" 200 3677
120.97.74.250 - - [13/Jun/2016:01:50:32 +0800] "HEAD /content/repository/resource_content.jsp?oid=1105280&queryString=%E5%B1%B1%E8%8C%B6%E8%8A%B1%20%E6%9B%BC%E9%99%80%E7%BE%85%20%E6%9B%BC%E9%99%80%E7%BE%85%E8%8A%B1%20%E8%8C%B6%E8%8A%B1 HTTP/1.1" 200 -
120.97.74.250 - - [13/Jun/2016:01:50:33 +0800] "HEAD /content/repository/resource_content.jsp?oid=1105280&queryString=%E5%B1%B1%E8%8C%B6%E8%8A%B1%20%E6%9B%BC%E9%99%80%E7%BE%85%20%E6%9B%BC%E9%99%80%E7%BE%85%E8%8A%B1%20%E8%8C%B6%E8%8A%B1 HTTP/1.1" 200 -
120.97.74.250 - - [13/Jun/2016:01:50:33 +0800] "GET /content/repository/resource_content.jsp?oid=1105280&queryString=%E5%B1%B1%E8%8C%B6%E8%8A%B1%20%E6%9B%BC%E9%99%80%E7%BE%85%20%E6%9B%BC%E9%99%80%E7%BE%85%E8%8A%B1%20%E8%8C%B6%E8%8A%B1 HTTP/1.1" 200 31410
123.194.20.6 - - [13/Jun/2016:01:50:47 +0800] "GET /content/nav/relationSubject.jsp?relationWords=&oid=16777342 HTTP/1.1" 200 1405
66.249.71.199 - - [13/Jun/2016:01:51:16 +0800] "GET /digiarch3/content/nav/relationSubject.jsp?relationWords=%E6%A3%98%E9%AC%BC%E9%A0%AD%E5%88%80+%E9%AF%95%E9%B0%8D+&oid=4352612 HTTP/1.1" 200 3312
66.249.79.200 - - [13/Jun/2016:01:51:31 +0800] "GET /content/repository/resource_content.jsp?oid=2146612&queryString=%E6%9D%9C%E9%B5%91%E8%8A%B1%20%E6%9D%9C%E9%B5%91%E8%8A%B1%E7%A7%91%20%E6%A4%8D%E7%89%A9%E7%95%8C%20%E7%8F%8D%E7%8F%A0%E8%8A%B1%20%E8%B6%8A%E6%A9%98%E5%B1%AC%20%E9%95%B7%E5%B0%BE%E8%91%89%E8%B6%8A%E6%A9%98 HTTP/1.1" 200 31924
66.249.79.186 - - [13/Jun/2016:01:51:55 +0800] "GET /digiarch3/content/subject/resource_content.jsp?oid=16777605&queryType=qs&queryString=%E5%8D%97%E4%BA%AC%E5%B8%82%E5%8F%83%E8%AD%B0%E6%9C%83 HTTP/1.1" 200 42096
180.76.15.24 - - [13/Jun/2016:01:52:09 +0800] "GET /content/repository/resource_content.jsp?oid=1597542 HTTP/1.1" 200 28868
66.249.71.136 - - [13/Jun/2016:01:53:19 +0800] "GET /content/repository/resource_content.jsp?oid=2569055 HTTP/1.1" 200 28847
66.249.71.136 - - [13/Jun/2016:01:54:30 +0800] "GET /content/nav/relationSubject.jsp?relationWords=%E6%BA%AA%E5%A1%98%E9%B1%A7+%E6%BA%AA%E9%B1%A7+%E7%9F%B3%E8%B2%BC%E4%BB%94+%E9%B1%A7%E7%A7%91+&oid=4353388 HTTP/1.1" 200 3541
66.249.71.136 - - [13/Jun/2016:01:54:44 +0800] "GET /content/repository/resource_content.jsp?oid=705253&queryType=qs&queryString=%E9%A4%A8%E8%A1%9B%E9%9A%8A HTTP/1.1" 200 29370
66.249.79.200 - - [13/Jun/2016:01:55:19 +0800] "GET /content/nav/relationSubject.jsp?relationWords=%E4%BE%9B%E6%B0%B4+%E4%BF%9D%E7%95%99%E5%9C%B0+%E5%81%8F%E9%81%A0%E5%9C%B0%E5%8D%80+%E5%85%AB%E6%8E%8C%E6%BA%AA+%E5%85%AC%E5%85%B1%E5%AE%89%E5%85%A8+%E5%85%AC%E5%85%B1%E8%A8%AD%E6%96%BD+%E5%85%AC%E5%8F%B8%E7%99%BB%E8%A8%98+%E5%8D%80%E5%9F%9F%E8%A8%88%E7%95%AB+%E5%9C%9F%E5%9C%B0%E9%96%8B%E7%99%BC+%E5%A4%A7%E9%87%8C%E6%BA%AA+%E5%B7%A5%E5%BB%A0%E7%99%BB%E8%A8%98+%E5%B7%A5%E6%A5%AD%E5%85%AC%E5%AE%B3+%E5%BB%BA%E7%AF%89%E7%AE%A1%E7%90%86+%E5%BB%BA%E8%A8%AD%E5%BB%B3+%E5%BF%97%E5%B7%A5+%E6%89%8B%E5%B7%A5%E6%A5%AD+%E6%8A%80%E5%B7%A5+%E6%8E%92%E6%B0%B4%E5%B7%A5%E7%A8%8B+%E6%90%B6%E4%BF%AE+%E6%94%A4%E8%B2%A9+%E6%B0%B4%E5%88%A9%E4%BA%8B%E6%A5%AD+%E6%B0%B4%E5%88%A9%E5%B7%A5%E7%A8%8B+%E6%B0%B4%E8%B3%87%E6%BA%90+%E7%87%9F%E5%88%A9%E4%BA%8B%E6%A5%AD%E7%99%BB%E8%A8%98+%E7%95%AB%E5%B7%A5+%E7%9C%81%E7%87%9F%E4%BA%8B%E6%A5%AD+%E7%A4%A6%E7%94%A2+%E8%BE%B2%E6%9D%91%E9%9B%BB%E5%8C%96+%E8%BE%B2%E7%94%B0%E6%B0%B4%E5%88%A9%E6%9C%83+%E9%83%BD%E5%B8%82%E8%A8%88%E7%95%AB+%E9%98%B2%E6%B4%AA+&oid=1591825 HTTP/1.1" 200 6774
66.249.71.136 - - [13/Jun/2016:01:56:07 +0800] "GET /content/nav/relationSubject.jsp?relationWords=%E6%9D%9C%E9%B5%91%E8%8A%B1+%E6%9D%9C%E9%B5%91%E8%8A%B1%E7%A7%91+%E6%A4%8D%E7%89%A9%E7%95%8C+%E7%8F%8D%E7%8F%A0%E8%8A%B1+%E8%B6%8A%E6%A9%98%E5%B1%AC+%E9%95%B7%E5%B0%BE%E8%91%89%E8%B6%8A%E6%A9%98+&oid=2146612 HTTP/1.1" 200 5003
66.249.71.248 - - [13/Jun/2016:01:56:09 +0800] "GET /content/repository/resource_content.jsp?oid=1448561&queryType=qs&queryString=%E8%83%8C%E5%B8%B6%E9%B7%B9 HTTP/1.1" 200 30106
66.249.71.136 - - [13/Jun/2016:01:56:10 +0800] "GET /content/nav/relationSubject.jsp?relationWords=%E6%9D%9C%E9%B5%91%E8%8A%B1%20%E6%9D%9C%E9%B5%91%E8%8A%B1%E7%A7%91%20%E6%A4%8D%E7%89%A9%E7%95%8C%20%E7%8F%8D%E7%8F%A0%E8%8A%B1%20%E8%B6%8A%E6%A9%98%E5%B1%AC%20%E9%95%B7%E5%B0%BE%E8%91%89%E8%B6%8A%E6%A9%98%20&oid=2146612 HTTP/1.1" 200 5003
66.249.71.136 - - [13/Jun/2016:01:56:43 +0800] "GET /content/repository/resource_content.jsp?oid=1782066&queryString=%E7%9B%9B%E5%85%B7%20%E9%99%B6%E5%A3%BA HTTP/1.1" 200 28819
66.249.79.148 - - [13/Jun/2016:01:57:36 +0800] "GET /content/repository/resource_content.jsp?oid=1774238&queryType=qs&queryString=%E9%97%9C%E6%9B%89%E6%A6%AE HTTP/1.1" 200 30585
66.249.71.136 - - [13/Jun/2016:01:57:39 +0800] "GET /content/nav/relationSubject.jsp?relationWords=&oid=2605503 HTTP/1.1" 200 1405
66.249.71.159 - - [13/Jun/2016:01:57:41 +0800] "GET /content/nav/relationSubject.jsp?relationWords=%E4%BA%BA%E7%94%9F%E8%A7%80+%E5%9C%8B%E6%B0%91%E4%BD%8F%E5%AE%85+%E5%9F%BA%E9%9A%86%E6%B8%AF+%E6%95%88%E7%8E%87+%E6%B8%AF%E7%81%A3%E5%BB%BA%E8%A8%AD+%E7%9C%81%E6%94%BF%E5%BA%9C+%E7%A4%BE%E6%9C%83%E8%99%95+%E7%BE%A9%E5%8B%99%E6%95%99%E8%82%B2+%E8%87%BA%E5%8C%97%E7%B8%A3+%E8%87%BA%E7%81%A3%E8%88%AA%E6%A5%AD%E5%85%AC%E5%8F%B8+%E8%98%87%E8%8A%B1+%E8%B2%A1%E6%94%BF+%E8%BE%B2%E7%89%A7+%E8%BE%B2%E7%89%A7%E5%B1%80+%E9%A2%A8%E6%99%AF%E5%8D%80+&oid=1574998 HTTP/1.1" 200 6067
66.249.71.136 - - [13/Jun/2016:01:58:59 +0800] "GET /content/repository/resource_content.jsp?oid=2657108 HTTP/1.1" 200 30166
157.55.39.173 - - [13/Jun/2016:01:59:23 +0800] "GET /content/nav/relationSubject.jsp?relationWords=&oid=16777459 HTTP/1.1" 200 1405
66.249.71.211 - - [13/Jun/2016:02:00:25 +0800] "GET /content/repository/resource_content.jsp?oid=4353192&queryString=%E4%BA%94%E6%A3%98%E9%AF%9B%20%E4%BA%94%E6%A3%98%E9%AF%9B%E7%A7%91%20%E5%B8%86%E9%B0%AD%E9%AD%9A HTTP/1.1" 200 34017
112.105.51.169 - - [13/Jun/2016:02:00:44 +0800] "GET /content/nav/relationSubject.jsp?relationWords=&oid=16777600 HTTP/1.1" 200 1405
66.249.71.136 - - [13/Jun/2016:02:01:52 +0800] "GET /content/repository/resource_content.jsp?oid=1109471 HTTP/1.1" 200 29962
66.249.71.136 - - [13/Jun/2016:02:03:15 +0800] "GET /content/repository/resource_content.jsp?oid=1603841 HTTP/1.1" 200 29272
39.12.0.199 - - [13/Jun/2016:02:03:50 +0800] "GET /digiarch2/content/repository/resource_content.jsp?queryString=%E7%94%9F%E7%89%A9&oid=4354656&queryType=qc HTTP/1.1" 200 12591
66.249.71.136 - - [13/Jun/2016:02:03:58 +0800] "GET /content/nav/relationSubject.jsp?relationWords=%E7%9B%9B%E5%85%B7+%E9%99%B6%E5%A3%BA+&oid=1782066 HTTP/1.1" 200 3006
66.249.71.136 - - [13/Jun/2016:02:04:20 +0800] "GET /content/nav/relationSubject.jsp?relationWords=%E5%9C%9F%E7%89%9B%E5%85%A5%E7%9F%B3+%E6%9C%A8%E9%98%B2%E5%B7%B1+%E6%9C%A8%E9%98%B2%E5%B7%B1%E5%B1%AC+%E6%A4%8D%E7%89%A9%E7%95%8C+%E6%AF%9B%E8%8C%9B+&oid=1115501 HTTP/1.1" 200 3411
66.249.71.166 - - [13/Jun/2016:02:04:40 +0800] "GET /content/subject/resource_content.jsp?oid=16797282&queryType=qc HTTP/1.1" 200 78895
66.249.71.136 - - [13/Jun/2016:02:06:05 +0800] "GET /content/repository/resource_content.jsp?oid=1124027&queryString=%E5%AD%94%E9%9B%80%E6%AE%BC%E8%8F%9C%E8%9B%A4%20%E5%AD%94%E9%9B%80%E8%9B%A4%E5%B1%AC%20%E6%AE%BC%E8%8F%9C%E8%9B%A4%E7%A7%91%20%E8%B2%BD%E8%B2%9D%20%E9%9B%99%E6%AE%BC%E7%B6%B1 HTTP/1.1" 200 34574
40.77.167.35 - - [13/Jun/2016:02:06:12 +0800] "GET /content/subject/resource_content.jsp?oid=16777470&queryType=qc HTTP/1.1" 200 29372
157.55.39.68 - - [13/Jun/2016:02:06:16 +0800] "GET /content/tmp_exh/resource_content.jsp?oid=16777852&queryType=qc HTTP/1.1" 200 67316
111.248.200.106 - - [13/Jun/2016:02:06:34 +0800] "GET /content/repository/resource_content.jsp?oid=16337&queryString=%E6%89%81%E8%8A%B1%E9%B0%B9%20%E9%AF%96%E7%A7%91 HTTP/1.1" 200 35214
111.248.200.106 - - [13/Jun/2016:02:06:35 +0800] "GET /content/nav/relationSubject.jsp?relationWords=%E6%89%81%E8%8A%B1%E9%B0%B9+%E8%88%B5%E9%B0%B9+%E9%AF%96%E7%A7%91+&oid=16337 HTTP/1.1" 200 3363
111.248.200.106 - - [13/Jun/2016:02:07:10 +0800] "GET /content/repository/resource_content.jsp?oid=4353440&queryString=%E6%89%81%E8%8A%B1%E9%B0%B9%20%E8%88%B5%E9%B0%B9%20%E9%AF%96%E7%A7%91 HTTP/1.1" 200 34864
68.180.228.229 - - [13/Jun/2016:02:07:11 +0800] "GET /content/subject/resource_content.jsp?oid=16777713&queryType=qc HTTP/1.1" 200 43903
111.248.200.106 - - [13/Jun/2016:02:07:11 +0800] "GET /content/nav/relationSubject.jsp?relationWords=%E5%9C%93%E8%8A%B1%E9%B0%B9+%E8%88%B5%E9%B0%B9+%E9%AF%96%E7%A7%91+&oid=4353440 HTTP/1.1" 200 3370
66.249.71.136 - - [13/Jun/2016:02:07:16 +0800] "GET /digiarch_en/content/subject/resource_content.jsp?oid=16777270&queryType=qc HTTP/1.1" 200 29926
66.249.71.136 - - [13/Jun/2016:02:07:30 +0800] "GET /content/repository/resource_content.jsp?oid=1102482&queryString=API%20%E6%A4%8D%E7%89%A9%E7%95%8C%20%E6%B0%B4%E8%8A%B9%E8%8F%9C%E5%B1%AC%20%E7%B9%96%E5%BD%A2%E7%A7%91%20%E7%BF%BC%E8%8E%96%E6%B0%B4%E8%8A%B9%E8%8F%9C%20%E9%9B%99%E5%AD%90%E8%91%89%E6%A4%8D%E7%89%A9 HTTP/1.1" 200 31455
66.249.71.136 - - [13/Jun/2016:02:08:13 +0800] "GET /content/nav/relationSubject.jsp?relationWords=%E7%9B%9B%E5%85%B7%20%E9%99%B6%E5%A3%BA%20&oid=1782066 HTTP/1.1" 200 3006
173.252.95.8 - - [13/Jun/2016:02:08:17 +0800] "GET /content/repository/resource_content.jsp?oid=1460173 HTTP/1.1" 200 30865
157.55.39.243 - - [13/Jun/2016:02:08:17 +0800] "GET /content/nav/relationSubject.jsp?relationWords=%E7%B4%AB%E8%96%87+&oid=16777424 HTTP/1.1" 200 4000
157.55.39.243 - - [13/Jun/2016:02:08:37 +0800] "GET /content/nav/relationSubject.jsp?relationWords=&oid=16777342 HTTP/1.1" 200 1405
66.249.71.248 - - [13/Jun/2016:02:08:55 +0800] "GET /content/repository/resource_content.jsp?oid=2681206&queryType=qs&queryString=%E5%B8%83%E9%81%94 HTTP/1.1" 200 30185
180.76.15.23 - - [13/Jun/2016:02:09:05 +0800] "GET /content/repository/resource_content.jsp?oid=1103890&queryString=%E6%9F%BF%E6%A8%B9%20%E6%9F%BF%E6%A8%B9%E5%B1%AC%20%E6%9F%BF%E6%A8%B9%E7%A7%91%20%E6%A4%8D%E7%89%A9%E7%95%8C%20%E8%BB%9F%E6%AF%9B%E6%9F%BF HTTP/1.1" 200 31307
66.249.71.242 - - [13/Jun/2016:02:10:20 +0800] "GET /content/repository/resource_content.jsp?oid=15831&queryType=qs&queryString=%E8%83%AD%E8%84%82 HTTP/1.1" 200 35947
66.249.71.136 - - [13/Jun/2016:02:11:45 +0800] "GET /content/repository/resource_content.jsp?oid=4353610&queryString=%E9%9B%9E%E9%AD%9A HTTP/1.1" 200 34208
39.12.0.199 - - [13/Jun/2016:02:12:19 +0800] "GET /content/repository/resource_content.jsp?oid=14232&querystring=%C3%A5%C2%8F%C2%B0%C3%A7%C2%81%C2%A3%C3%A9%C2%AD%C2%9A%C3%A9%C2%A1%C2%9E%20%C3%A6%C2%B5%C2%B7%C3%A9%C2%AE%C2%AE%20%C3%A7%C2%92%C2%B0%C3%A4%C2%BF%C2%9D%20%C3%A7%C2%94%C2%9F%C3%A7%C2%89%C2%A9%C3%A5%C2%A4%C2%9A%C3%A6%C2%A8%C2%A3%C3%A6%C2%80%C2%A7%20%C3%A9%C2%8C%C2%A2%C3%A9%C2%B0%C2%BB HTTP/1.1" 200 33756
39.12.0.199 - - [13/Jun/2016:02:12:20 +0800] "GET /content/nav/relationSubject.jsp?relationWords=%E6%98%9F%E5%B8%B6%E8%9D%AE%E9%AF%99+%E6%B5%B7%E9%B1%94+%E8%96%AF%E9%B0%BB+%E8%99%8E%E9%B0%BB+%E9%8C%A2%E9%B0%BB+&oid=14232 HTTP/1.1" 200 3484
66.249.71.211 - - [13/Jun/2016:02:12:35 +0800] "GET /digiarch3/content/repository/resource_content.jsp?oid=1564237&queryType=qs&queryString=%E8%BA%AB%E5%88%86%E8%AD%89 HTTP/1.1" 200 30503
66.249.66.158 - - [13/Jun/2016:02:13:41 +0800] "GET /content/repository/resource_content.jsp?oid=2521240&queryString=%E5%BB%A0%E6%8A%BD%E8%AA%B2 HTTP/1.1" 200 30060
66.249.71.205 - - [13/Jun/2016:02:14:17 +0800] "GET /digiarch3/content/nav/relationSubject.jsp?relationWords=%E5%9B%9B%E9%BD%92%E9%AD%A8+%E7%99%BD%E9%BB%9E%E5%8F%89%E9%BC%BB%E9%AD%A8+%E8%A6%8F%E4%BB%94+%E9%AD%A8%E7%A7%91+&oid=16528 HTTP/1.1" 200 3531
66.249.71.199 - - [13/Jun/2016:02:14:21 +0800] "GET /digiarch3/content/nav/relationSubject.jsp?relationWords=%E5%9B%9B%E9%BD%92%E9%AD%A8%20%E7%99%BD%E9%BB%9E%E5%8F%89%E9%BC%BB%E9%AD%A8%20%E8%A6%8F%E4%BB%94%20%E9%AD%A8%E7%A7%91%20&oid=16528 HTTP/1.1" 200 3531
66.249.71.143 - - [13/Jun/2016:02:14:35 +0800] "GET /content/subject/resource_content.jsp?oid=16777706&queryType=qs&queryString=%E5%9C%9F%E5%9C%B0%E5%88%A9%E7%94%A8 HTTP/1.1" 200 53799
66.249.71.200 - - [13/Jun/2016:02:15:20 +0800] "GET /content/nav/relationSubject.jsp?relationWords=%E5%AE%B6%E5%B1%8B%E8%A3%9D%E9%A3%BE+%E6%B5%AE%E9%9B%95+&oid=1780875 HTTP/1.1" 200 3040
66.249.79.193 - - [13/Jun/2016:02:15:23 +0800] "GET /content/nav/relationSubject.jsp?relationWords=%E5%AE%B6%E5%B1%8B%E8%A3%9D%E9%A3%BE%20%E6%B5%AE%E9%9B%95%20&oid=1780875 HTTP/1.1" 200 3040
66.249.71.136 - - [13/Jun/2016:02:15:33 +0800] "GET /content/nav/relationSubject.jsp?relationWords=%E5%AE%9C%E8%98%AD%E7%B8%A3%E8%AD%B0%E6%9C%83+%E6%89%80%E5%BE%97%E7%A8%85+%E7%87%9F%E6%A5%AD%E7%A8%85+%E7%9C%81%E6%94%BF%E5%BA%9C+%E8%B2%A1%E6%94%BF+%E9%99%B3%E7%81%AB%E5%9C%9F+&oid=1897061 HTTP/1.1" 200 4722
66.249.71.136 - - [13/Jun/2016:02:15:35 +0800] "GET /content/nav/relationSubject.jsp?relationWords=%E5%AE%9C%E8%98%AD%E7%B8%A3%E8%AD%B0%E6%9C%83%20%E6%89%80%E5%BE%97%E7%A8%85%20%E7%87%9F%E6%A5%AD%E7%A8%85%20%E7%9C%81%E6%94%BF%E5%BA%9C%20%E8%B2%A1%E6%94%BF%20%E9%99%B3%E7%81%AB%E5%9C%9F%20&oid=1897061 HTTP/1.1" 200 4722
66.249.79.200 - - [13/Jun/2016:02:16:01 +0800] "GET /content/repository/resource_content.jsp?oid=2599674 HTTP/1.1" 200 29065
66.249.79.200 - - [13/Jun/2016:02:16:43 +0800] "GET /digiarch3/content/nav/relationSubject.jsp?relationWords=%E4%BA%BA%E4%BA%8B%E8%99%95+%E5%85%AC%E5%8B%99%E4%BA%BA%E5%93%A1+%E5%88%9D%E4%B8%AD+%E5%9C%8B%E6%B0%91%E5%85%B5+%E5%9C%8B%E6%B0%91%E5%AD%B8%E6%A0%A1+%E5%9C%B0%E6%94%BF%E4%BA%8B%E5%8B%99%E6%89%80+%E5%9C%B0%E6%AC%8A+%E5%9C%B0%E7%9B%AE%E8%AE%8A%E6%9B%B4+%E5%BD%B9%E7%94%B7+%E6%88%B6%E7%B1%8D%E7%99%BB%E8%A8%98+%E6%89%92%E6%89%8B+%E6%A5%B7%E6%9B%B8+%E7%A7%91%E9%95%B7+%E7%A7%BB%E8%BD%89%E7%99%BB%E8%A8%98+%E8%99%95%E9%95%B7+%E8%BA%AB%E5%88%86%E8%AD%89+&oid=1564237 HTTP/1.1" 200 5823
66.249.71.199 - - [13/Jun/2016:02:16:46 +0800] "GET /digiarch3/content/nav/relationSubject.jsp?relationWords=%E4%BA%BA%E4%BA%8B%E8%99%95%20%E5%85%AC%E5%8B%99%E4%BA%BA%E5%93%A1%20%E5%88%9D%E4%B8%AD%20%E5%9C%8B%E6%B0%91%E5%85%B5%20%E5%9C%8B%E6%B0%91%E5%AD%B8%E6%A0%A1%20%E5%9C%B0%E6%94%BF%E4%BA%8B%E5%8B%99%E6%89%80%20%E5%9C%B0%E6%AC%8A%20%E5%9C%B0%E7%9B%AE%E8%AE%8A%E6%9B%B4%20%E5%BD%B9%E7%94%B7%20%E6%88%B6%E7%B1%8D%E7%99%BB%E8%A8%98%20%E6%89%92%E6%89%8B%20%E6%A5%B7%E6%9B%B8%20%E7%A7%91%E9%95%B7%20%E7%A7%BB%E8%BD%89%E7%99%BB%E8%A8%98%20%E8%99%95%E9%95%B7%20%E8%BA%AB%E5%88%86%E8%AD%89%20&oid=1564237 HTTP/1.1" 200 5823
66.249.71.143 - - [13/Jun/2016:02:16:54 +0800] "GET /content/nav/relationSubject.jsp?relationWords=%E5%86%A0%E9%B0%88+%E9%B0%88%E7%A7%91+&oid=23150 HTTP/1.1" 200 3167
66.249.79.207 - - [13/Jun/2016:02:16:55 +0800] "GET /content/nav/relationSubject.jsp?relationWords=%E5%85%A9%E6%B7%AE+%E9%8C%A2%E7%B3%A7+&oid=2540424 HTTP/1.1" 200 5289
