61.64.171.198 - - [09/Jul/2016:00:01:00 +0800] "GET /content/repository/resource_content.jsp?oid=4351903&queryString=%E6%9F%8F%E6%B0%8F%20%E6%9F%8F%E6%B0%8F%E8%9D%B4%E8%9D%B6%E9%AD%9A%20%E8%9D%B4%E8%9D%B6%E9%AD%9A%E7%A7%91 HTTP/1.1" 200 36273
61.64.171.198 - - [09/Jul/2016:00:01:02 +0800] "GET /content/nav/relationSubject.jsp?relationWords=%E5%8D%9A%E6%B0%8F%E9%8B%B8%E9%B1%97%E9%AD%9A+%E5%8E%9A%E6%AE%BC%E4%BB%94+%E5%A4%A7%E7%9B%AE%E4%BB%94+%E6%9D%BE%E6%AF%AC+%E6%9F%8F%E6%B0%8F+%E7%80%BE%E5%85%AC%E5%A6%BE+%E9%87%91%E9%B1%97%E7%94%B2+%E9%87%91%E9%B1%97%E9%AD%9A%E7%A7%91+%E9%90%B5%E7%94%B2%E5%85%B5+%E9%90%B5%E7%B7%9A%E5%A9%86+&oid=4351903 HTTP/1.1" 200 3826
66.249.71.253 - - [09/Jul/2016:00:01:30 +0800] "GET /content/repository/resource_content.jsp?oid=4362278&queryType=qs&queryString=%E7%BE%85%E7%B6%93 HTTP/1.1" 200 29368
66.249.71.143 - - [09/Jul/2016:00:02:22 +0800] "GET /content/nav/relationSubject.jsp?relationWords=%E9%BE%9C%E7%94%B2%E5%8D%9C%E8%BE%AD%E6%AE%98%E7%89%87+&oid=1835836 HTTP/1.1" 200 3071
66.249.71.129 - - [09/Jul/2016:00:05:59 +0800] "GET /content/repository/resource_content.jsp?oid=4362733&queryType=qs&queryString=%E7%9F%B3%E9%9B%95 HTTP/1.1" 200 29553
66.249.71.143 - - [09/Jul/2016:00:07:14 +0800] "GET /content/subject/resource_content.jsp?oid=16777794&queryType=qs&queryString=%E9%9B%85%E7%BE%8E HTTP/1.1" 200 43101
114.136.209.193 - - [09/Jul/2016:00:07:56 +0800] "GET /digiarch_en/content/repository/resource_content.jsp?oid=16311&queryString=%E6%93%AC%E5%88%BA%E5%B0%BE%E9%AF%9B HTTP/1.1" 200 26365
114.136.209.193 - - [09/Jul/2016:00:07:59 +0800] "GET /digiarch_en/content/nav/relationSubject.jsp?relationWords=%E5%88%BA%E5%B0%BE%E9%AD%9A+%E5%88%BA%E5%B0%BE%E9%AF%9B%E7%A7%91+%E5%89%9D%E7%9A%AE%E9%AD%9A+%E6%93%AC%E5%88%BA%E5%B0%BE%E9%AF%9B+%E9%BB%83%E5%B0%BE+&oid=16311 HTTP/1.1" 200 3589
66.249.71.159 - - [09/Jul/2016:00:09:23 +0800] "GET /content/nav/relationSubject.jsp?relationWords=%E4%BE%8D%E8%AE%80+%E9%81%94%E6%85%B6+&oid=2674949 HTTP/1.1" 200 3140
1.165.74.111 - - [09/Jul/2016:00:09:39 +0800] "GET /content/repository/resource_content.jsp?oid=1458063&queryString=%E5%B1%B1%E8%98%BF%E8%94%94%E5%B1%AC%20%E6%A4%8D%E7%89%A9%E7%95%8C%20%E7%8E%89%E5%B1%B1%E5%B1%B1%E8%98%BF%E8%94%94 HTTP/1.1" 200 31264
1.165.74.111 - - [09/Jul/2016:00:09:40 +0800] "GET /content/nav/relationSubject.jsp?relationWords=%E5%B1%B1%E8%98%BF%E8%94%94%E5%B1%AC+%E6%A4%8D%E7%89%A9%E7%95%8C+%E7%8E%89%E5%B1%B1%E5%B1%B1%E8%98%BF%E8%94%94+&oid=1458063 HTTP/1.1" 200 3315
66.249.71.136 - - [09/Jul/2016:00:10:42 +0800] "GET /content/repository/resource_content.jsp?oid=2664138&queryType=qs&queryString=%E5%8E%9F%E9%A0%98%E6%95%95 HTTP/1.1" 200 30262
66.249.71.150 - - [09/Jul/2016:00:10:57 +0800] "GET /content/nav/relationSubject.jsp?relationWords=%E5%9C%B0%E4%B8%8A%E7%89%A9%20%E5%A4%A7%E5%AF%AE%20%E6%A9%AB%E5%B1%B1%E9%84%89%20%E8%BE%B2%E6%9E%97%20%E8%BE%B2%E6%9E%97%E9%A1%9E%20%E9%80%A0%E6%9E%97%20&oid=1557491 HTTP/1.1" 200 4348
66.249.71.199 - - [09/Jul/2016:00:11:03 +0800] "GET /digiarch3/content/nav/relationSubject.jsp?relationWords=%E7%B4%AB%E8%96%87%20&oid=16777469 HTTP/1.1" 200 4000
180.76.15.7 - - [09/Jul/2016:00:11:50 +0800] "GET /content/repository/resource_content.jsp?oid=1098742 HTTP/1.1" 200 31213
66.249.71.143 - - [09/Jul/2016:00:12:16 +0800] "GET /content/nav/relationSubject.jsp?relationWords=%E5%87%B8%E9%A0%9C%E6%9D%BE%E6%AF%AC%20%E5%8E%9A%E6%AE%BC%E4%BB%94%20%E5%A4%A7%E7%9B%AE%E4%BB%94%20%E6%9D%BE%E6%AF%AC%20%E7%80%BE%E5%85%AC%E5%A6%BE%20%E9%87%91%E9%B1%97%E7%94%B2%20%E9%87%91%E9%B1%97%E9%AD%9A%20%E9%87%91%E9%B1%97%E9%AD%9A%E7%A7%91%20%E9%8B%B8%E9%B1%97%20%E9%90%B5%E7%94%B2%E5%85%B5%20%E9%90%B5%E7%B7%9A%E5%A9%86%20%E9%B1%97%E9%AD%9A%20&oid=14749 HTTP/1.1" 200 3894
101.138.109.233 - - [09/Jul/2016:00:12:17 +0800] "GET /content/nav/relationSubject.jsp?relationWords=%E9%84%AD%E6%88%90%E5%8A%9F+&oid=16777440 HTTP/1.1" 200 3538
66.249.71.199 - - [09/Jul/2016:00:12:19 +0800] "GET /content/nav/relationSubject.jsp?relationWords=%E5%AE%9C%E8%98%AD%E7%B8%A3%E5%A4%A7%E5%90%8C%E9%84%89+%E6%B3%B0%E9%9B%85+&oid=1609289 HTTP/1.1" 200 4394
66.249.71.136 - - [09/Jul/2016:00:16:15 +0800] "GET /content/nav/relationSubject.jsp?relationWords=%E6%8D%B7%E9%81%8B+%E8%B3%AA%E8%A9%A2+%E9%83%BD%E6%9C%83%E5%8D%80+%E9%AB%98%E9%80%9F%E9%90%B5%E8%B7%AF+&oid=1608244 HTTP/1.1" 200 4062
66.249.71.253 - - [09/Jul/2016:00:19:55 +0800] "GET /content/repository/resource_content.jsp?oid=1898966&queryType=qs&queryString=%E7%A6%8F%E6%98%9F HTTP/1.1" 200 29225
66.249.79.179 - - [09/Jul/2016:00:22:05 +0800] "GET /content/nav/relationSubject.jsp?relationWords=%E5%88%BB%E7%9F%B3+%E7%9F%B3%E7%81%B0%E7%9B%92+%E9%AD%AF%E5%87%B1%E6%97%8F+&oid=1782378 HTTP/1.1" 200 3474
42.156.138.108 - - [09/Jul/2016:00:23:52 +0800] "GET /content/tmp_exh/resource_content.jsp?oid=16777754&queryType=qc HTTP/1.1" 302 -
220.181.108.179 - - [09/Jul/2016:00:25:05 +0800] "GET /content/repository/resource_content.jsp?oid=1841204 HTTP/1.1" 200 28876
66.249.71.159 - - [09/Jul/2016:00:26:10 +0800] "GET /content/subject/resource_content.jsp?oid=16777604&queryType=qs&queryString=%E8%B2%B7%E8%B3%A3%E5%A5%91%E7%B4%84 HTTP/1.1" 200 59900
180.76.15.147 - - [09/Jul/2016:00:28:46 +0800] "GET /content/repository/resource_content.jsp?oid=3818886&queryString=%E6%8A%AB%E9%87%9D%E8%91%89%E8%8C%89%E8%8E%89%E8%8A%B1%20%E6%9C%A8%E7%8A%80%E7%A7%91%20%E6%A4%8D%E7%89%A9%E7%95%8C%20%E7%8E%84%E5%8F%83%20%E7%B4%A0%E9%A6%A8%E5%B1%AC HTTP/1.1" 200 31613
66.249.71.143 - - [09/Jul/2016:00:28:58 +0800] "GET /content/repository/resource_content.jsp?oid=3825076&queryString=%E6%8E%8C%E8%91%89%20%E6%8E%8C%E8%91%89%E6%AF%9B%E8%8E%A8%20%E6%A4%8D%E7%89%A9%E7%95%8C%20%E6%AF%9B%E8%8C%9B%20%E6%AF%9B%E8%8C%9B%E5%B1%AC%20%E6%AF%9B%E8%8C%9B%E7%A7%91%20%E6%AF%9B%E8%8E%A8 HTTP/1.1" 200 31558
66.249.71.143 - - [09/Jul/2016:00:29:38 +0800] "GET /digiarch_en/content/nav/relationSubject.jsp?relationWords=%E5%B1%85%E5%BB%B6%E6%BC%A2%E7%B0%A1+%E6%BC%A2%E7%B0%A1+&oid=279342 HTTP/1.1" 200 3887
66.249.71.136 - - [09/Jul/2016:00:29:42 +0800] "GET /content/nav/relationSubject.jsp?relationWords=%E5%8F%A4%E5%9C%B0%E5%9C%96+&oid=16777514 HTTP/1.1" 200 3976
52.3.127.144 - - [09/Jul/2016:00:31:31 +0800] "GET /content/subject/resource_content.jsp?oid=16777482&queryType=qc HTTP/1.1" 200 37217
66.249.71.136 - - [09/Jul/2016:00:33:43 +0800] "GET /content/repository/resource_content.jsp?oid=2685022&queryString=%E6%AD%A6%E8%88%89%20%E9%A0%86%E5%A4%A9%E5%BA%9C HTTP/1.1" 200 30743
66.249.71.143 - - [09/Jul/2016:00:35:13 +0800] "GET /content/nav/relationSubject.jsp?relationWords=%E5%8F%B0%E7%81%A3%E6%AF%9B%E8%8E%A8%20%E6%A4%8D%E7%89%A9%E7%95%8C%20%E6%AF%9B%E8%8C%9B%20%E6%AF%9B%E8%8C%9B%E5%B1%AC%20%E6%AF%9B%E8%8C%9B%E7%A7%91%20%E9%B9%BF%E5%A0%B4%E6%AF%9B%E8%8E%A8%20&oid=3825076 HTTP/1.1" 200 3479
157.55.39.244 - - [09/Jul/2016:00:35:18 +0800] "GET /content/nav/relationSubject.jsp?relationWords=%E5%9D%AA%E6%9E%97%E7%A7%8B%E6%B5%B7%E6%A3%A0+%E7%A7%8B%E6%B5%B7%E6%A3%A0+&oid=16777493 HTTP/1.1" 200 4931
66.249.71.136 - - [09/Jul/2016:00:35:46 +0800] "GET /content/nav/relationSubject.jsp?relationWords=%E9%A0%86%E5%A4%A9%E5%BA%9C%20&oid=2685022 HTTP/1.1" 200 3117
66.249.71.152 - - [09/Jul/2016:00:36:12 +0800] "GET /content/subject/resource_content.jsp?oid=16777698&queryType=qs&queryString=%E4%BA%8C%E4%BA%8C%E5%85%AB HTTP/1.1" 200 29863
66.249.71.136 - - [09/Jul/2016:00:37:14 +0800] "GET /content/nav/relationSubject.jsp?relationWords=%E5%8D%91%E5%8D%97%E6%97%8F+%E5%A5%B3%E5%B7%AB+%E5%B7%AB%E5%B8%AB+&oid=1775516 HTTP/1.1" 200 3124
66.249.71.166 - - [09/Jul/2016:00:37:19 +0800] "GET /content/repository/resource_content.jsp?oid=4352147&queryType=qs&queryString=%E7%BD%95%E8%A6%8B%E9%AD%9A%E9%A1%9E HTTP/1.1" 200 35360
66.249.71.200 - - [09/Jul/2016:00:38:13 +0800] "GET /content/nav/relationSubject.jsp?relationWords=%E7%83%8F%E8%80%B3%E9%B0%BB+%E8%8A%B1%E9%B0%BB+%E8%8A%B1%E9%B0%BB%E9%B1%BA+%E9%B0%BB%E9%B1%BA%E7%A7%91+%E9%B1%B8%E9%B0%BB+&oid=14226 HTTP/1.1" 200 3446
66.249.71.136 - - [09/Jul/2016:00:38:19 +0800] "GET /content/repository/resource_content.jsp?oid=1901425&queryString=%E8%B3%AA%E8%A9%A2 HTTP/1.1" 200 29472
66.249.71.136 - - [09/Jul/2016:00:38:53 +0800] "GET /content/nav/relationSubject.jsp?relationWords=%E9%AA%A8%E6%9F%B6%20&oid=1883211 HTTP/1.1" 200 2975
66.249.71.159 - - [09/Jul/2016:00:39:33 +0800] "GET /content/repository/resource_content.jsp?oid=1533403&queryType=qs&queryString=%E5%9C%B0%E4%B8%8B%E5%AE%A4 HTTP/1.1" 200 29432
66.249.71.152 - - [09/Jul/2016:00:40:40 +0800] "GET /content/repository/resource_content.jsp?oid=1834333&queryString=%E5%B4%96%E5%A2%93%20%E6%8B%93%E7%89%87%20%E6%96%B0%E6%B4%A5%20%E6%96%B0%E6%B4%A5%E7%9F%B3%E5%87%BD%E7%95%AB%E8%B1%A1%20%E7%9F%B3%E5%87%BD HTTP/1.1" 200 30467
66.249.79.135 - - [09/Jul/2016:00:41:47 +0800] "GET /content/repository/resource_content.jsp?oid=1552804&queryType=qs&queryString=%E5%85%AB%E5%8D%A6%E5%B1%B1 HTTP/1.1" 200 30039
60.244.132.29 - - [09/Jul/2016:00:42:35 +0800] "GET /content/nav/relationSubject.jsp?relationWords=%E8%8A%B1%E8%94%93+%E8%94%93%E6%BE%A4%E8%98%AD+&oid=16777266 HTTP/1.1" 200 4225
66.249.71.166 - - [09/Jul/2016:00:42:53 +0800] "GET /content/repository/resource_content.jsp?oid=1564377&queryType=qs&queryString=%E6%91%A9%E6%89%98%E8%BB%8A HTTP/1.1" 200 31064
1.171.95.253 - - [09/Jul/2016:00:43:53 +0800] "GET /content/nav/relationSubject.jsp?relationWords=&oid=16777342 HTTP/1.1" 200 1405
66.249.71.150 - - [09/Jul/2016:00:45:07 +0800] "GET /content/subject/resource_content.jsp?oid=16777345&queryString=%E5%8D%97%E6%B9%96%E5%A4%A7%E5%B1%B1%20%E6%9D%9C%E9%B5%91%20%E7%8E%89%E5%B1%B1%E6%9D%9C%E9%B5%91%20%E7%B4%B0%E8%91%89%E6%9D%9C%E9%B5%91%20%E8%A5%BF%E6%96%BD%E8%8A%B1 HTTP/1.1" 200 35119
66.249.71.136 - - [09/Jul/2016:00:46:12 +0800] "GET /content/nav/relationSubject.jsp?relationWords=%E7%B8%BD%E8%B3%AA%E8%A9%A2%20%E8%87%BA%E7%81%A3%E7%9C%81%E6%94%BF%E5%BA%9C%20%E8%87%BA%E7%81%A3%E7%9C%81%E8%AD%B0%E6%9C%83%20&oid=1901425 HTTP/1.1" 200 4503
66.249.71.143 - - [09/Jul/2016:00:46:14 +0800] "GET /content/repository/resource_content.jsp?oid=280197 HTTP/1.1" 200 28379
157.55.39.244 - - [09/Jul/2016:00:47:21 +0800] "GET /content/subject/resource_content.jsp?oid=16777714 HTTP/1.1" 200 42382
40.77.167.55 - - [09/Jul/2016:00:47:40 +0800] "GET /content/nav/relationSubject.jsp?relationWords=GIS+%E5%9C%B0%E5%BD%A2%E5%9C%96+%E5%A0%A1%E5%9C%96+%E8%95%83%E5%9C%B0+&oid=16777714 HTTP/1.1" 200 4619
66.249.71.254 - - [09/Jul/2016:00:48:41 +0800] "GET /content/nav/relationSubject.jsp?relationWords=%E5%88%91%E9%83%A8+%E9%A0%82%E5%86%92+&oid=2655822 HTTP/1.1" 200 3130
66.249.71.152 - - [09/Jul/2016:00:52:07 +0800] "GET /content/repository/resource_content.jsp?oid=2666474&queryString=%E4%B8%AD%E5%9C%8B%E5%85%B1%E7%94%A2%E9%BB%A8%20%E5%9B%9E%E6%B0%91%20%E5%B0%91%E6%95%B8%E6%B0%91%E6%97%8F HTTP/1.1" 200 30648
66.249.71.159 - - [09/Jul/2016:00:52:11 +0800] "GET /content/nav/relationSubject.jsp?relationWords=%E5%88%91%E9%83%A8+%E5%9B%9E%E6%B0%91+&oid=2666474 HTTP/1.1" 200 3207
68.180.231.49 - - [09/Jul/2016:00:54:01 +0800] "GET /content/subject/resource_content.jsp?oid=16777657&queryType=qc HTTP/1.1" 200 71766
66.249.71.143 - - [09/Jul/2016:00:54:04 +0800] "GET /content/subject/resource_content.jsp?oid=16777270&queryType=qc HTTP/1.1" 200 33804
66.249.79.207 - - [09/Jul/2016:00:55:13 +0800] "GET /content/subject/resource_content.jsp?oid=16777358&queryType=qc HTTP/1.1" 200 28598
66.249.79.207 - - [09/Jul/2016:00:55:50 +0800] "GET /content/nav/relationSubject.jsp?relationWords=%E4%B8%AD%E5%A4%AE%E5%9C%96%E6%9B%B8%E9%A4%A8%20%E5%87%BA%E7%89%88%E5%93%81%20%E5%9C%8B%E9%9A%9B%E4%BA%A4%E6%8F%9B%20%E5%A4%AE%E5%9C%96%20&oid=1530149 HTTP/1.1" 200 6906
66.249.79.244 - - [09/Jul/2016:00:56:19 +0800] "GET /content/nav/relationSubject.jsp?relationWords=%E5%88%91%E9%83%A8%20%E5%9B%9E%E6%B0%91%20&oid=2666474 HTTP/1.1" 200 3207
66.249.71.152 - - [09/Jul/2016:00:56:44 +0800] "GET /content/repository/resource_content.jsp?oid=1546121&queryString=%E4%BA%BA%E5%90%8D%E6%AC%8A%E5%A8%81%20%E5%9C%8B%E4%BB%A3%20%E8%91%97%E4%BD%9C%E6%AC%8A HTTP/1.1" 200 29452
66.249.71.188 - - [09/Jul/2016:00:57:15 +0800] "GET /content/nav/relationSubject.jsp?relationWords=%E5%88%91%E9%83%A8%20%E6%8C%BE%E4%BB%87%20%E6%A0%BC%E7%88%BE%20&oid=2688965 HTTP/1.1" 200 4054
66.249.71.150 - - [09/Jul/2016:00:58:30 +0800] "GET /content/repository/resource_content.jsp?oid=1832995 HTTP/1.1" 200 32049
114.41.130.135 - - [09/Jul/2016:00:58:35 +0800] "GET /content/repository/resource_content.jsp?oid=3824089&queryString=%E6%A4%8D%E7%89%A9%E7%95%8C%20%E8%96%94%E8%96%87%E5%B1%AC%20%E8%96%94%E8%96%87%E7%9B%AE%20%E8%96%94%E8%96%87%E7%A7%91%20%E9%AB%98%E5%B1%B1%E8%96%94%E8%96%87 HTTP/1.1" 200 31448
114.41.130.135 - - [09/Jul/2016:00:58:35 +0800] "GET /content/nav/relationSubject.jsp?relationWords=%E6%A4%8D%E7%89%A9%E7%95%8C+%E8%96%94%E8%96%87%E5%B1%AC+%E8%96%94%E8%96%87%E7%9B%AE+%E8%96%94%E8%96%87%E7%A7%91+%E9%AB%98%E5%B1%B1%E8%96%94%E8%96%87+&oid=3824089 HTTP/1.1" 200 3385
114.41.130.135 - - [09/Jul/2016:00:58:43 +0800] "GET /content/repository/resource_content.jsp?oid=3817283&queryString=%E6%A4%8D%E7%89%A9%E7%95%8C%20%E8%96%94%E8%96%87%E5%B1%AC%20%E8%96%94%E8%96%87%E7%9B%AE%20%E8%96%94%E8%96%87%E7%A7%91%20%E9%AB%98%E5%B1%B1%E8%96%94%E8%96%87 HTTP/1.1" 200 31404
114.41.130.135 - - [09/Jul/2016:00:58:43 +0800] "GET /content/nav/relationSubject.jsp?relationWords=%E6%A4%8D%E7%89%A9%E7%95%8C+%E8%96%94%E8%96%87%E5%B1%AC+%E8%96%94%E8%96%87%E7%9B%AE+%E8%96%94%E8%96%87%E7%A7%91+%E9%AB%98%E5%B1%B1%E8%96%94%E8%96%87+&oid=3817283 HTTP/1.1" 200 3385
101.15.65.4 - - [09/Jul/2016:00:59:06 +0800] "GET /content/subject/resource_content.jsp?oid=16797271&queryType=qc HTTP/1.1" 200 55170
101.15.65.4 - - [09/Jul/2016:00:59:07 +0800] "GET /content/nav/relationSubject.jsp?relationWords=&oid=16797271 HTTP/1.1" 200 1405
66.249.71.159 - - [09/Jul/2016:00:59:36 +0800] "GET /content/repository/resource_content.jsp?oid=4551566&queryString=%E7%B0%BE%E8%9B%A4%E7%9B%AE%20%E7%B4%AB%E6%99%83%E8%82%89%20%E8%9B%A4%E7%A7%91%20%E8%A5%BF%E6%96%BD%E8%88%8C%20%E8%A5%BF%E6%96%BD%E8%88%8C%E5%B1%AC%20%E8%A5%BF%E8%82%9A%E8%88%8C%20%E9%9B%99%E6%AE%BC%E7%B6%B1%20%E9%9B%99%E7%B7%9A%E8%A1%80%E8%9A%B6 HTTP/1.1" 200 30518
66.249.71.152 - - [09/Jul/2016:01:00:21 +0800] "GET /content/nav/relationSubject.jsp?relationWords=%E5%A4%A7%E6%88%9F%20%E5%A4%A7%E6%88%9F%E7%A7%91%20%E6%A4%8D%E7%89%A9%E7%95%8C%20%E8%8E%A7%E5%B1%AC%20%E8%8E%A7%E8%8F%9C%20%E9%90%B5%E8%8E%A7%20%E9%90%B5%E8%8E%A7%E5%B1%AC%20%E9%90%B5%E8%8E%A7%E8%8F%9C%20&oid=1462032 HTTP/1.1" 200 3461
66.249.71.143 - - [09/Jul/2016:01:01:20 +0800] "GET /content/repository/resource_content.jsp?oid=4364539&queryString=%E5%87%8C%E7%B4%94%E8%81%B2%20%E5%8F%B0%E7%81%A3%E5%A4%A7%E5%AD%B8%20%E5%A5%91%E7%B4%84%E6%96%87%E6%9B%B8%20%E8%81%98%E6%9B%B8 HTTP/1.1" 200 30860
66.249.79.200 - - [09/Jul/2016:01:02:58 +0800] "GET /content/repository/resource_content.jsp?oid=2580380 HTTP/1.1" 200 29041
66.249.79.200 - - [09/Jul/2016:01:03:36 +0800] "GET /content/nav/relationSubject.jsp?relationWords=%E8%8A%B1%E8%94%93+%E8%94%93%E6%BE%A4%E8%98%AD+&oid=16777266 HTTP/1.1" 200 4225
220.181.108.104 - - [09/Jul/2016:01:04:00 +0800] "GET /content/repository/resource_content.jsp?oid=1102197 HTTP/1.1" 200 31126
66.249.71.136 - - [09/Jul/2016:01:04:04 +0800] "GET /digiarch_en/content/repository/resource_content.jsp?oid=1124327&queryString=%E4%B8%AD%E8%85%B9%E8%B6%B3%E7%9B%AE%20%E6%9A%96%E6%9A%96%E8%8A%9D%E9%BA%BB%E8%9D%B8%E7%89%9B%20%E8%85%B9%E8%B6%B3%E7%B6%B1%20%E8%8A%9D%E9%BA%BB%E8%9D%B8%E7%89%9B HTTP/1.1" 200 24705
66.249.79.207 - - [09/Jul/2016:01:05:11 +0800] "GET /digiarch_en/content/repository/resource_content.jsp?oid=2676095&queryString=%E9%97%9C%E7%A8%85 HTTP/1.1" 200 23900
40.77.167.55 - - [09/Jul/2016:01:05:33 +0800] "GET /content/nav/relationSubject.jsp?relationWords=&oid=16777459 HTTP/1.1" 200 1405
66.249.71.143 - - [09/Jul/2016:01:05:56 +0800] "GET /content/repository/resource_content.jsp?oid=284017&queryString=%E5%B1%85%E5%BB%B6%E6%BC%A2%E7%B0%A1%20%E6%BC%A2%E7%B0%A1 HTTP/1.1" 200 30678
66.249.71.136 - - [09/Jul/2016:01:06:02 +0800] "GET /content/nav/relationSubject.jsp?relationWords=%E5%B1%85%E5%BB%B6%E6%BC%A2%E7%B0%A1+%E6%BC%A2%E7%B0%A1+&oid=284017 HTTP/1.1" 200 3898
66.249.79.135 - - [09/Jul/2016:01:06:18 +0800] "GET /content/repository/resource_content.jsp?oid=518070&queryString=%E6%89%81%E8%9D%B8%E7%89%9B%E7%A7%91%20%E6%9F%84%E7%9C%BC%E7%9B%AE%20%E7%90%83%E8%9D%B8%E7%89%9B%20%E8%85%B9%E8%B6%B3%E7%B6%B1 HTTP/1.1" 200 33460
66.249.79.135 - - [09/Jul/2016:01:06:26 +0800] "GET /content/nav/relationSubject.jsp?relationWords=%E4%BF%AE%E6%86%B2+%E5%9C%8B%E4%BB%A3+&oid=1546121 HTTP/1.1" 200 4877
66.249.71.152 - - [09/Jul/2016:01:06:29 +0800] "GET /content/nav/relationSubject.jsp?relationWords=%E4%BF%AE%E6%86%B2%20%E5%9C%8B%E4%BB%A3%20&oid=1546121 HTTP/1.1" 200 4877
66.249.79.186 - - [09/Jul/2016:01:07:25 +0800] "GET /content/subject/resource_content.jsp?oid=16777275&queryType=qs&queryString=%E8%A1%8C%E9%81%93%E6%A8%B9 HTTP/1.1" 200 34178
66.249.71.136 - - [09/Jul/2016:01:07:38 +0800] "GET /content/nav/relationSubject.jsp?relationWords=%E5%87%8C%E7%B4%94%E8%81%B2%20%E5%8F%B0%E7%81%A3%E5%A4%A7%E5%AD%B8%20%E5%A5%91%E7%B4%84%E6%96%87%E6%9B%B8%20%E8%81%98%E6%9B%B8%20&oid=4364539 HTTP/1.1" 200 3254
66.249.79.200 - - [09/Jul/2016:01:07:47 +0800] "GET /content/nav/relationSubject.jsp?relationWords=%E5%A3%AB%E4%B8%8A%E5%8D%A3+&oid=1813935 HTTP/1.1" 200 2863
66.249.71.136 - - [09/Jul/2016:01:08:00 +0800] "GET /content/nav/relationSubject.jsp?relationWords=%E5%85%AB%E5%BA%9C%20%E5%B0%B9%E4%BB%B2%E5%AE%B9%20&oid=1563621 HTTP/1.1" 200 3509
40.77.167.55 - - [09/Jul/2016:01:08:35 +0800] "GET /content/repository/resource_content.jsp?oid=1103308&queryString=%E6%8E%83%E5%B8%9A%E8%8F%8A%20%E6%A4%8D%E7%89%A9%E7%95%8C%20%E7%B4%AB%E8%8F%80%E5%B1%AC%20%E8%8F%8A%E7%A7%91%20%E9%9B%99%E5%AD%90%E8%91%89%E6%A4%8D%E7%89%A9 HTTP/1.1" 200 31409
66.249.71.136 - - [09/Jul/2016:01:09:17 +0800] "GET /content/nav/relationSubject.jsp?relationWords=%E7%A4%BE%E6%9C%83%E8%AE%8A%E9%81%B7+&oid=1774508 HTTP/1.1" 200 10711
66.249.71.159 - - [09/Jul/2016:01:09:38 +0800] "GET /content/subject/resource_content.jsp?oid=16777484&queryType=qc HTTP/1.1" 200 72193
66.249.79.200 - - [09/Jul/2016:01:09:41 +0800] "GET /digiarch_en/content/nav/relationSubject.jsp?relationWords=%E7%86%B1%E6%B2%B3%E7%9C%81+&oid=4448952 HTTP/1.1" 200 3097
123.193.64.90 - - [09/Jul/2016:01:10:22 +0800] "GET /digiarch3/content/repository/resource_content.jsp?oid=1776395&queryType=qs&queryString=%E5%AF%B5%E7%89%A9 HTTP/1.1" 200 29576
123.193.64.90 - - [09/Jul/2016:01:10:23 +0800] "GET /digiarch3/content/nav/relationSubject.jsp?relationWords=%E6%96%87%E5%8C%96%E8%97%9D%E8%A1%93+&oid=1776395 HTTP/1.1" 200 3704
66.249.71.152 - - [09/Jul/2016:01:10:32 +0800] "GET /content/repository/resource_content.jsp?oid=16361&queryString=%E5%8D%B0%E5%BA%A6%E6%A7%8D%E9%AD%9A%20%E6%97%97%E9%AD%9A%20%E7%99%BD%E8%82%89%20%E7%AB%8B%E7%BF%85%E6%97%97%E9%AD%9A HTTP/1.1" 200 34929
123.193.64.90 - - [09/Jul/2016:01:10:35 +0800] "GET /digiarch3/content/repository/resource_content.jsp?oid=1519691&queryString=%E6%96%87%E5%8C%96%E8%97%9D%E8%A1%93 HTTP/1.1" 200 29212
123.193.64.90 - - [09/Jul/2016:01:10:35 +0800] "GET /digiarch3/content/nav/relationSubject.jsp?relationWords=%E5%8F%83%E8%AD%B0%E5%93%A1+%E5%8F%83%E8%AD%B0%E6%9C%83+%E5%8F%B0%E7%81%A3%E7%9C%81+%E7%9C%81%E6%94%BF%E5%BA%9C+%E8%98%87%E6%83%9F%E6%A2%81+%E9%BB%83%E7%B4%94%E9%9D%92+&oid=1519691 HTTP/1.1" 200 4707
66.249.71.159 - - [09/Jul/2016:01:10:46 +0800] "GET /content/repository/resource_content.jsp?oid=14487&queryType=qs&queryString=%E7%87%88%E7%B1%A0%E9%AD%9A HTTP/1.1" 200 36824
66.249.66.191 - - [09/Jul/2016:01:10:57 +0800] "GET /content/repository/resource_content.jsp?oid=1544161&queryType=qs&queryString=%E9%A3%9F%E6%96%99%E5%93%81 HTTP/1.1" 200 31956
123.193.64.90 - - [09/Jul/2016:01:11:01 +0800] "GET /digiarch3/content/repository/resource_content.jsp?oid=1519691&queryString=%E6%96%87%E5%8C%96%E8%97%9D%E8%A1%93 HTTP/1.1" 200 29212
123.193.64.90 - - [09/Jul/2016:01:11:01 +0800] "GET /digiarch3/content/nav/relationSubject.jsp?relationWords=%E5%8F%83%E8%AD%B0%E5%93%A1+%E5%8F%83%E8%AD%B0%E6%9C%83+%E5%8F%B0%E7%81%A3%E7%9C%81+%E7%9C%81%E6%94%BF%E5%BA%9C+%E8%98%87%E6%83%9F%E6%A2%81+%E9%BB%83%E7%B4%94%E9%9D%92+&oid=1519691 HTTP/1.1" 200 4707
173.252.105.116 - - [09/Jul/2016:01:11:25 +0800] "GET /digiarch3/content/repository/resource_content.jsp?oid=1519691&queryString=%E6%96%87%E5%8C%96%E8%97%9D%E8%A1%93 HTTP/1.1" 200 29212
123.193.64.90 - - [09/Jul/2016:01:11:31 +0800] "GET /digiarch3/content/nav/relationSubject.jsp?relationWords=%E6%96%87%E5%8C%96%E8%97%9D%E8%A1%93+&oid=1776395 HTTP/1.1" 200 3704
66.249.79.244 - - [09/Jul/2016:01:11:53 +0800] "GET /content/repository/resource_content.jsp?oid=1781033&queryType=qs&queryString=%E7%B7%9A%E7%B4%8B HTTP/1.1" 200 29561
66.249.71.136 - - [09/Jul/2016:01:12:59 +0800] "GET /content/repository/resource_content.jsp?oid=15555&queryString=%E5%88%BA%E9%AD%9A%20%E8%93%8B%E5%88%BA%E9%AD%9A%20%E9%A0%B0%E5%88%BA%E9%AD%9A%20%E9%BB%91%E6%96%91%E6%9C%88%E8%9D%B6%E9%AD%9A%20%E9%BB%91%E6%96%91%E7%A5%9E%E4%BB%99%20%E9%BB%91%E7%B4%8B%E9%A0%B0%E5%88%BA%E9%AD%9A HTTP/1.1" 200 33988
69.63.188.201 - - [09/Jul/2016:01:14:36 +0800] "GET /digiarch3/content/repository/resource_content.jsp?oid=1519691&queryString=%25E6%2596%2587%25E5%258C%2596%25E8%2597%259D%25E8%25A1%2593 HTTP/1.1" 500 15712
42.72.47.88 - - [09/Jul/2016:01:14:36 +0800] "GET /digiarch3/content/repository/resource_content.jsp?oid=1519691&queryString=%E6%96%87%E5%8C%96%E8%97%9D%E8%A1%93 HTTP/1.1" 200 29212
42.72.47.88 - - [09/Jul/2016:01:14:38 +0800] "GET /digiarch3/content/nav/relationSubject.jsp?relationWords=%E5%8F%83%E8%AD%B0%E5%93%A1+%E5%8F%83%E8%AD%B0%E6%9C%83+%E5%8F%B0%E7%81%A3%E7%9C%81+%E7%9C%81%E6%94%BF%E5%BA%9C+%E8%98%87%E6%83%9F%E6%A2%81+%E9%BB%83%E7%B4%94%E9%9D%92+&oid=1519691 HTTP/1.1" 200 4707
66.249.71.166 - - [09/Jul/2016:01:14:53 +0800] "GET /content/nav/relationSubject.jsp?relationWords=%E7%BE%85%E6%BC%A2%E6%9D%BE%20%E8%98%AD%E5%B6%BC%E7%BE%85%E6%BC%A2%E6%9D%BE%20&oid=16777463 HTTP/1.1" 200 4079
66.249.79.200 - - [09/Jul/2016:01:15:09 +0800] "GET /digiarch_en/content/repository/resource_content.jsp?oid=14605&queryString=%E6%B5%B7%E9%B0%97%E9%B0%8D%20%E9%BA%A5%E6%B0%8F%E7%8A%80%E9%B1%88 HTTP/1.1" 200 25830
66.249.71.159 - - [09/Jul/2016:01:15:13 +0800] "GET /content/repository/resource_content.jsp?oid=1864836&queryString=%E9%AA%A8%E7%AE%AD%E9%A0%AD HTTP/1.1" 200 30591
66.249.71.136 - - [09/Jul/2016:01:15:55 +0800] "GET /content/nav/relationSubject.jsp?relationWords=%E5%B1%85%E5%BB%B6%E6%BC%A2%E7%B0%A1%20%E6%BC%A2%E7%B0%A1%20&oid=284017 HTTP/1.1" 200 3898
66.249.71.152 - - [09/Jul/2016:01:16:20 +0800] "GET /content/subject/resource_content.jsp?oid=16777676&queryType=qs&queryString=%E6%94%9D%E5%BD%B1%E6%A9%9F HTTP/1.1" 200 46150
66.249.71.152 - - [09/Jul/2016:01:17:26 +0800] "GET /content/repository/resource_content.jsp?oid=1863414&queryString=%E9%AA%A8%E6%9F%B6 HTTP/1.1" 200 30888
66.249.71.152 - - [09/Jul/2016:01:18:33 +0800] "GET /content/repository/resource_content.jsp?oid=661445&queryString=%E6%B3%B0%E9%9B%85%E6%97%8F%20%E7%BD%B7%E5%B7%A5 HTTP/1.1" 200 28971
180.76.15.11 - - [09/Jul/2016:01:19:36 +0800] "GET /content/repository/resource_content.jsp?oid=2148773&queryString=%E6%97%8B%E8%8E%A2%E6%9C%A8%20%E6%A4%8D%E7%89%A9%E7%95%8C%20%E7%8E%84%E5%8F%83%20%E8%8B%A6%E8%8B%A3%E8%8B%94%E7%A7%91%20%E8%9B%9B%E6%AF%9B%E8%8B%A3%E8%8B%94%E5%B1%AC%20%E9%8C%90%E5%BA%8F%E8%9B%9B%E6%AF%9B%E8%8B%A3%E8%8B%94 HTTP/1.1" 200 31312
66.249.71.152 - - [09/Jul/2016:01:19:40 +0800] "GET /content/repository/resource_content.jsp?oid=2510362&queryString=%E6%9E%97%E7%8D%BB%E5%A0%82%20%E6%A5%8A%E8%82%87%E5%98%89%20%E6%B2%88%E8%91%86%E7%A6%8E%20%E8%A8%B1%E5%BF%97%20%E8%B0%B7%E5%B7%9D%20%E9%95%B7%E8%B0%B7%E5%B7%9D%20%E9%95%B7%E8%B0%B7%E5%B7%9D%E6%B8%85 HTTP/1.1" 200 30301
66.249.79.244 - - [09/Jul/2016:01:19:45 +0800] "GET /content/tmp_tec/resource_content.jsp?oid=16777495&queryString= HTTP/1.1" 200 32823
66.249.71.143 - - [09/Jul/2016:01:19:48 +0800] "GET /content/nav/relationSubject.jsp?relationWords=%E5%A7%91%E9%AD%9A%20%E5%B8%95%E9%A0%AD%20%E5%BD%AD%E7%B4%8D%E7%9F%B3%E9%A6%96%E9%AD%9A%20%E6%96%91%E9%B0%AD%20%E6%96%91%E9%B0%AD%E7%99%BD%E5%A7%91%E9%AD%9A%20%E7%99%BD%E5%A7%91%E9%AD%9A%20%E7%9F%B3%E9%A6%96%E9%AD%9A%20%E7%9F%B3%E9%A6%96%E9%AD%9A%E7%A7%91%20&oid=15461 HTTP/1.1" 200 3738
66.249.79.244 - - [09/Jul/2016:01:20:48 +0800] "GET /content/repository/resource_content.jsp?oid=1530058&queryString=%E5%BE%8C%E5%A3%81%E6%B9%96%20%E6%81%86%E6%98%A5%E9%8E%AE%20%E7%9C%81%E6%94%BF%E5%BA%9C HTTP/1.1" 200 31292
110.28.102.35 - - [09/Jul/2016:01:22:25 +0800] "GET /content/nav/relationSubject.jsp?relationWords=%E6%B4%8B%E7%8E%89%E8%98%AD+&oid=16777351 HTTP/1.1" 200 3545
66.249.71.152 - - [09/Jul/2016:01:23:01 +0800] "GET /content/subject/resource_content.jsp?oid=16777486&queryType=qs&queryString=%E6%95%B8%E4%BD%8D%E6%AC%8A%E5%88%A9%E7%AE%A1%E7%90%86 HTTP/1.1" 200 42224
66.249.71.152 - - [09/Jul/2016:01:24:08 +0800] "GET /content/repository/resource_content.jsp?oid=721501&queryType=qs&queryString=%E6%90%8D%E5%AE%B3%E8%B3%A0%E5%84%9F HTTP/1.1" 200 29052
66.249.71.152 - - [09/Jul/2016:01:24:21 +0800] "GET /content/repository/resource_content.jsp?oid=14232&queryString=%E5%8F%B0%E7%81%A3%E9%AC%8D%E9%AF%99%20%E8%96%AF%E9%B0%BB%20%E8%99%8E%E9%B0%BB%20%E9%8C%A2%E9%B0%BB HTTP/1.1" 200 34115
36.235.154.193 - - [09/Jul/2016:01:25:05 +0800] "GET /content/repository/resource_content.jsp?oid=3811957&queryString=%E5%8F%B0%E7%81%A3%E7%A0%B4%E5%82%98%E8%8F%8A%20%E6%A4%8D%E7%89%A9%E7%95%8C%20%E7%A0%B4%E5%82%98%E8%8F%8A%E5%B1%AC%20%E8%8F%8A%E7%A7%91%20%E9%9B%99%E5%AD%90%E8%91%89%E6%A4%8D%E7%89%A9 HTTP/1.1" 200 31495
36.235.154.193 - - [09/Jul/2016:01:25:05 +0800] "GET /content/nav/relationSubject.jsp?relationWords=%E5%8F%B0%E7%81%A3%E7%A0%B4%E5%82%98%E8%8F%8A+%E6%A4%8D%E7%89%A9%E7%95%8C+%E7%A0%B4%E5%82%98%E8%8F%8A%E5%B1%AC+%E8%8F%8A%E7%A7%91+%E9%9B%99%E5%AD%90%E8%91%89%E6%A4%8D%E7%89%A9+&oid=3811957 HTTP/1.1" 200 3031
66.249.71.152 - - [09/Jul/2016:01:25:14 +0800] "GET /content/nav/relationSubject.jsp?relationWords=%E6%98%9F%E5%B8%B6%E8%9D%AE%E9%AF%99+%E6%B5%B7%E9%B1%94+%E8%96%AF%E9%B0%BB+%E8%99%8E%E9%B0%BB+%E9%8C%A2%E9%B0%BB+&oid=14232 HTTP/1.1" 200 3484
66.249.71.152 - - [09/Jul/2016:01:25:15 +0800] "GET /content/nav/relationSubject.jsp?relationWords=%E6%98%9F%E5%B8%B6%E8%9D%AE%E9%AF%99%20%E6%B5%B7%E9%B1%94%20%E8%96%AF%E9%B0%BB%20%E8%99%8E%E9%B0%BB%20%E9%8C%A2%E9%B0%BB%20&oid=14232 HTTP/1.1" 200 3484
66.249.71.143 - - [09/Jul/2016:01:26:22 +0800] "GET /content/repository/resource_content.jsp?oid=4363927&queryString=%E8%B2%9D%E7%8F%A0%20%E8%B2%9D%E7%8F%A0%E9%A0%85%E9%A3%BE%20%E9%A0%85%E9%A3%BE HTTP/1.1" 200 28727
66.249.71.199 - - [09/Jul/2016:01:26:41 +0800] "GET /digiarch3/content/nav/relationSubject.jsp?relationWords=%E6%B5%81%E6%B0%93+%E6%B5%AA%E4%BA%BA+%E7%89%9B%E6%B8%AF%E7%93%9C%E4%BB%94+%E7%93%9C%E4%BB%94+&oid=15233 HTTP/1.1" 200 4349
66.249.79.200 - - [09/Jul/2016:01:27:29 +0800] "GET /content/repository/resource_content.jsp?oid=2659284&queryString=%E9%8C%A6%E5%B7%9E%E5%BA%9C%20%E9%9B%9C%E7%B3%A7 HTTP/1.1" 200 30765
66.249.71.143 - - [09/Jul/2016:01:28:35 +0800] "GET /content/repository/resource_content.jsp?oid=1828375 HTTP/1.1" 200 28757
66.249.79.200 - - [09/Jul/2016:01:28:58 +0800] "GET /content/repository/resource_content.jsp?oid=1899479&queryString=%E5%9C%8B%E6%9C%89%E5%9C%9F%E5%9C%B0%20%E6%94%BE%E7%A7%9F%20%E6%97%A5%E6%93%9A%E6%99%82%E4%BB%A3%20%E7%9F%B3%E6%9B%B9%20%E9%80%A0%E6%9E%97%20%E9%AB%98%E5%B1%B1%E6%97%8F HTTP/1.1" 200 30390
66.249.71.166 - - [09/Jul/2016:01:30:01 +0800] "GET /content/nav/relationSubject.jsp?relationWords=%E6%96%87%E5%8C%96%E4%B8%AD%E5%BF%83+%E7%A4%BE%E6%9C%83%E5%AD%B8+%E7%AB%8B%E6%B3%95%E9%99%A2+&oid=16777844 HTTP/1.1" 200 6934
66.249.79.193 - - [09/Jul/2016:01:30:04 +0800] "GET /content/subject/resource_content.jsp?oid=16777623&queryType=qc HTTP/1.1" 200 31940
66.249.71.194 - - [09/Jul/2016:01:30:09 +0800] "GET /content/subject/resource_content.jsp?oid=16777360&queryType=qc HTTP/1.1" 200 45946
157.55.39.244 - - [09/Jul/2016:01:30:24 +0800] "GET /content/subject/resource_content.jsp?oid=16777783&queryType=qc HTTP/1.1" 200 58232
68.180.231.49 - - [09/Jul/2016:01:30:25 +0800] "GET /content/subject/resource_content.jsp?oid=16777839&queryType=qc> HTTP/1.1" 200 27193
66.249.79.179 - - [09/Jul/2016:01:30:25 +0800] "GET /content/subject/resource_content.jsp?oid=16777513&queryType=qc HTTP/1.1" 200 28618
66.249.79.179 - - [09/Jul/2016:01:30:45 +0800] "GET /content/nav/relationSubject.jsp?relationWords=%E6%8B%93%E7%89%87+%E6%BC%A2%E4%BB%A3+&oid=16777360 HTTP/1.1" 200 4833
66.249.71.188 - - [09/Jul/2016:01:30:46 +0800] "GET /content/nav/relationSubject.jsp?relationWords=%E6%8B%93%E7%89%87%20%E6%BC%A2%E4%BB%A3%20&oid=16777360 HTTP/1.1" 200 4833
66.249.79.200 - - [09/Jul/2016:01:30:49 +0800] "GET /digiarch3/content/repository/resource_content.jsp?oid=1612183&queryType=qs&queryString=%E9%86%AB%E5%8B%99%E5%AE%A4 HTTP/1.1" 200 28880
66.249.71.188 - - [09/Jul/2016:01:30:52 +0800] "GET /content/nav/relationSubject.jsp?relationWords=&oid=16777623 HTTP/1.1" 200 1405
66.249.71.188 - - [09/Jul/2016:01:31:11 +0800] "GET /content/nav/relationSubject.jsp?relationWords=%E8%91%97%E4%BD%9C%E6%AC%8A+&oid=16777513 HTTP/1.1" 200 3999
66.249.71.188 - - [09/Jul/2016:01:31:12 +0800] "GET /content/nav/relationSubject.jsp?relationWords=%E8%91%97%E4%BD%9C%E6%AC%8A%20&oid=16777513 HTTP/1.1" 200 3999
66.249.71.143 - - [09/Jul/2016:01:31:56 +0800] "GET /content/repository/resource_content.jsp?oid=2522746&queryString=%E9%8C%A2%E5%A1%98 HTTP/1.1" 200 30154
220.181.108.143 - - [09/Jul/2016:01:33:10 +0800] "GET /content/repository/resource_content.jsp?oid=1635854 HTTP/1.1" 200 28947
66.249.71.136 - - [09/Jul/2016:01:33:12 +0800] "GET /content/nav/relationSubject.jsp?relationWords=%E4%BA%BA%E5%90%8D%E6%AC%8A%E5%A8%81+%E6%9D%B1%E7%9D%A3+&oid=704844 HTTP/1.1" 200 3191
66.249.71.199 - - [09/Jul/2016:01:33:31 +0800] "GET /content/nav/relationSubject.jsp?relationWords=%E5%85%89%E8%91%89+%E6%A4%8D%E7%89%A9%E7%95%8C+%E6%B0%B4%E9%BE%8D%E9%AA%A8+%E8%91%89%E9%87%91+%E8%95%A8%E9%A1%9E%E6%A4%8D%E7%89%A9+%E9%87%91%E6%98%9F%E8%95%A8+%E9%87%91%E6%98%9F%E8%95%A8%E5%B1%AC+&oid=3813864 HTTP/1.1" 200 3464
66.249.71.152 - - [09/Jul/2016:01:33:34 +0800] "GET /content/tmp_exh/resource_content.jsp?oid=16777845&queryString= HTTP/1.1" 200 46650
66.249.71.143 - - [09/Jul/2016:01:34:08 +0800] "GET /content/nav/relationSubject.jsp?relationWords=%E5%BA%AD%E8%8F%96%E8%92%B2+%E5%BA%AD%E8%8F%96%E8%92%B2%E5%B1%AC+&oid=1114985 HTTP/1.1" 200 3187
66.249.71.152 - - [09/Jul/2016:01:34:10 +0800] "GET /content/subject/resource_content.jsp?oid=16777384&queryString=GIS HTTP/1.1" 200 35352
66.249.71.253 - - [09/Jul/2016:01:34:11 +0800] "GET /content/nav/relationSubject.jsp?relationWords=%E4%B8%89%E6%98%9F%E9%84%89+%E4%B8%8A%E6%BC%B2+%E4%BA%BA%E4%BA%8B%E8%99%95+%E4%BD%8E%E6%94%B6%E5%85%A5%E6%88%B6+%E4%BF%9D%E5%81%A5+%E5%8F%B8%E6%B3%95%E6%A9%9F%E9%97%9C+%E5%9C%8B%E5%8B%99%E9%99%A2+%E5%A2%9E%E5%BB%BA+%E5%AE%9C%E8%98%AD%E7%B8%A3%E6%94%BF%E5%BA%9C+%E5%B1%B1%E8%83%9E+%E6%95%99%E5%AD%B8%E9%86%AB%E9%99%A2+%E6%95%99%E9%A4%8A%E9%99%A2+%E6%98%A5%E5%81%87+%E6%9D%B1%E5%8D%97%E4%BA%9E+%E6%B3%B0%E9%9B%85+%E6%B4%A5%E8%B2%BC+%E6%B8%9B%E8%82%A5+%E7%94%9F%E6%B4%BB%E6%B4%A5%E8%B2%BC+%E7%97%85%E5%BA%8A+%E7%99%82%E9%A4%8A%E9%99%A2+%E7%99%8C%E7%97%87+%E7%99%A1%E5%91%86+%E7%9B%A7%E9%80%B8%E5%B3%B0+%E7%A4%BE%E6%9C%83%E8%99%95+%E7%B2%BE%E7%A5%9E%E7%97%85+%E7%B2%BE%E7%A5%9E%E7%97%85%E6%82%A3+%E7%B6%93%E8%B2%BB%E4%B8%8D%E8%B6%B3+%E7%B8%A3%E6%94%BF%E5%BA%9C+%E8%80%81%E5%B9%B4%E4%BA%BA+%E8%81%B7%E6%A5%AD%E5%A9%A6%E5%A5%B3+%E8%87%BA%E6%9D%B1%E7%B8%A3+%E8%99%95%E9%95%B7+%E8%A1%9B%E7%94%9F%E6%89%80+%E8%AD%B0%E9%95%B7+%E8%AD%B7%E5%A3%AB+%E8%B3%AA%E8%A9%A2+%E8%B5%B0%E7%A7%81+%E9%86%AB%E7%99%82%E4%BF%9D%E5%81%A5+%E9%97%9C%E4%B8%AD+%E9%97%9C%E8%AA%AA+%E9%A0%90%E7%AE%97+%E9%AB%98%E9%BD%A1%E5%8C%96+%E9%BB%83%E6%B0%B8+%E9%BB%83%E6%B0%B8%E6%AC%BD+&oid=1604373 HTTP/1.1" 200 6762
66.249.71.136 - - [09/Jul/2016:01:34:13 +0800] "GET /content/nav/relationSubject.jsp?relationWords=%E4%B8%89%E6%98%9F%E9%84%89%20%E4%B8%8A%E6%BC%B2%20%E4%BA%BA%E4%BA%8B%E8%99%95%20%E4%BD%8E%E6%94%B6%E5%85%A5%E6%88%B6%20%E4%BF%9D%E5%81%A5%20%E5%8F%B8%E6%B3%95%E6%A9%9F%E9%97%9C%20%E5%9C%8B%E5%8B%99%E9%99%A2%20%E5%A2%9E%E5%BB%BA%20%E5%AE%9C%E8%98%AD%E7%B8%A3%E6%94%BF%E5%BA%9C%20%E5%B1%B1%E8%83%9E%20%E6%95%99%E5%AD%B8%E9%86%AB%E9%99%A2%20%E6%95%99%E9%A4%8A%E9%99%A2%20%E6%98%A5%E5%81%87%20%E6%9D%B1%E5%8D%97%E4%BA%9E%20%E6%B3%B0%E9%9B%85%20%E6%B4%A5%E8%B2%BC%20%E6%B8%9B%E8%82%A5%20%E7%94%9F%E6%B4%BB%E6%B4%A5%E8%B2%BC%20%E7%97%85%E5%BA%8A%20%E7%99%82%E9%A4%8A%E9%99%A2%20%E7%99%8C%E7%97%87%20%E7%99%A1%E5%91%86%20%E7%9B%A7%E9%80%B8%E5%B3%B0%20%E7%A4%BE%E6%9C%83%E8%99%95%20%E7%B2%BE%E7%A5%9E%E7%97%85%20%E7%B2%BE%E7%A5%9E%E7%97%85%E6%82%A3%20%E7%B6%93%E8%B2%BB%E4%B8%8D%E8%B6%B3%20%E7%B8%A3%E6%94%BF%E5%BA%9C%20%E8%80%81%E5%B9%B4%E4%BA%BA%20%E8%81%B7%E6%A5%AD%E5%A9%A6%E5%A5%B3%20%E8%87%BA%E6%9D%B1%E7%B8%A3%20%E8%99%95%E9%95%B7%20%E8%A1%9B%E7%94%9F%E6%89%80%20%E8%AD%B0%E9%95%B7%20%E8%AD%B7%E5%A3%AB%20%E8%B3%AA%E8%A9%A2%20%E8%B5%B0%E7%A7%81%20%E9%86%AB%E7%99%82%E4%BF%9D%E5%81%A5%20%E9%97%9C%E4%B8%AD%20%E9%97%9C%E8%AA%AA%20%E9%A0%90%E7%AE%97%20%E9%AB%98%E9%BD%A1%E5%8C%96%20%E9%BB%83%E6%B0%B8%20%E9%BB%83%E6%B0%B8%E6%AC%BD%20&oid=1604373 HTTP/1.1" 200 6762
66.249.71.152 - - [09/Jul/2016:01:35:16 +0800] "GET /content/repository/resource_content.jsp?oid=1516270&queryType=qs&queryString=%E9%99%B3%E8%81%AF%E8%8A%B3 HTTP/1.1" 200 29286
66.249.71.152 - - [09/Jul/2016:01:35:23 +0800] "GET /content/nav/relationSubject.jsp?relationWords=&oid=16777845 HTTP/1.1" 200 1405
66.249.71.136 - - [09/Jul/2016:01:35:28 +0800] "GET /content/nav/relationSubject.jsp?relationWords=%E4%B8%89%E6%9E%97%20%E6%9E%97%E5%8B%99%E5%B1%80%20%E6%9E%97%E5%8D%80%E7%AE%A1%E7%90%86%E8%99%95%20%E7%9C%81%E6%94%BF%E5%BA%9C%20%E7%AB%B9%E5%B4%8E%E9%84%89%20%E9%80%A0%E6%9E%97%20&oid=1899479 HTTP/1.1" 200 4707
66.249.71.152 - - [09/Jul/2016:01:36:23 +0800] "GET /content/repository/resource_content.jsp?oid=1609287&queryType=qs&queryString=%E5%8F%A4%E8%B9%9F%E4%BF%9D%E5%AD%98 HTTP/1.1" 200 32984
180.76.15.14 - - [09/Jul/2016:01:36:32 +0800] "GET /content/repository/resource_content.jsp?oid=3820351&queryString=%E5%A4%A7%E8%8A%B1%E7%B4%AB%E8%96%87 HTTP/1.1" 200 31615
66.249.71.152 - - [09/Jul/2016:01:37:30 +0800] "GET /content/repository/resource_content.jsp?oid=1844870&queryString=%E5%A4%94%E9%BE%8D%E7%B4%8B%E8%BD%84%E9%A3%BE%20%E6%96%B9%E6%A7%93%E9%A0%AD%20%E8%BB%8A%E9%A6%AC%E5%99%A8 HTTP/1.1" 200 30354
66.249.71.152 - - [09/Jul/2016:01:38:37 +0800] "GET /content/repository/resource_content.jsp?oid=4470382&queryType=qs&queryString=%E6%9C%AC%E5%B3%B6%E4%BA%BA HTTP/1.1" 200 33165
66.249.71.152 - - [09/Jul/2016:01:39:18 +0800] "GET /content/nav/relationSubject.jsp?relationWords=%E6%9D%9C%E9%A6%99%20%E6%9D%9C%E9%A6%99%E5%9C%8B%20%E8%A3%BD%E7%B3%96%E6%9C%83%E7%A4%BE%20%E9%BB%83%E6%B8%85%20%E9%BB%83%E6%B8%85%E6%B3%A2%20&oid=1887934 HTTP/1.1" 200 3299
66.249.71.143 - - [09/Jul/2016:01:40:41 +0800] "GET /content/nav/relationSubject.jsp?relationWords=%E5%A4%A7%E6%A3%98+%E5%A4%A7%E7%9C%BC%E7%89%9B%E5%B0%BE%E9%AD%9A+%E7%89%9B%E5%B0%BE%E9%AD%9A%E7%A7%91+%E7%8B%97%E7%A5%88%E4%BB%94+%E7%AB%B9%E7%94%B2+&oid=4353772 HTTP/1.1" 200 3583
66.249.71.152 - - [09/Jul/2016:01:40:51 +0800] "GET /content/repository/resource_content.jsp?oid=1525228&queryString=%E4%BA%A4%E9%80%9A%E9%83%A8%20%E5%85%AB%E5%8D%A6%E5%B1%B1%20%E5%BD%B0%E5%8C%96%E5%B8%82 HTTP/1.1" 200 31479
66.249.71.143 - - [09/Jul/2016:01:41:27 +0800] "GET /content/exhibit/exhibit.jsp?oid=16777847 HTTP/1.1" 200 26275
66.249.71.143 - - [09/Jul/2016:01:41:34 +0800] "GET /content/exhibit/exhibit_content.jsp?oid=16777847 HTTP/1.1" 200 30455
66.249.71.152 - - [09/Jul/2016:01:41:58 +0800] "GET /content/repository/resource_content.jsp?oid=2152331&queryString=%E5%B1%B1%E8%8A%99%E8%93%89%20%E6%9C%A8%E6%A7%BF%20%E6%9C%A8%E6%A7%BF%E5%B1%AC%20%E6%A4%8D%E7%89%A9%E7%95%8C%20%E9%8C%A6%E8%91%B5%20%E9%8C%A6%E8%91%B5%E7%A7%91 HTTP/1.1" 200 31200
66.249.71.242 - - [09/Jul/2016:01:44:03 +0800] "GET /content/nav/relationSubject.jsp?relationWords=%E5%A4%A7%E5%AD%B8%E5%A3%AB%20%E7%B3%A7%E4%BA%8B%20%E8%BB%8D%E7%B3%A7%20&oid=2521998 HTTP/1.1" 200 3151
66.249.71.136 - - [09/Jul/2016:01:44:18 +0800] "GET /content/subject/resource_content.jsp?oid=16777396&queryString=%E9%9D%92%E5%89%9B%20%E9%9D%92%E5%89%9B%E6%AB%9F HTTP/1.1" 200 34713
211.74.99.15 - - [09/Jul/2016:01:45:16 +0800] "GET /content/nav/relationSubject.jsp?relationWords=%E8%96%9C%E8%8D%94+&oid=16777485 HTTP/1.1" 200 3561
66.249.71.152 - - [09/Jul/2016:01:45:18 +0800] "GET /content/repository/resource_content.jsp?oid=1550862&queryString=%E5%8D%97%E5%B3%B6%E6%B0%91%E6%97%8F%20%E5%8F%B0%E7%81%A3%E5%8D%97%E5%B3%B6%E6%B0%91%E6%97%8F%20%E6%95%99%E6%9D%90%20%E6%AF%8D%E8%AA%9E%20%E8%AA%9E%E8%A8%80%E5%AD%B8 HTTP/1.1" 200 36835
1.170.90.119 - - [09/Jul/2016:01:46:08 +0800] "GET /content/nav/relationSubject.jsp?relationWords=%E5%B9%B3%E9%B0%AD%E9%B0%8D%E7%A7%91+%E6%B2%88%E6%B0%8F+%E7%88%AC%E5%B2%A9%E9%B0%8D+%E7%9F%B3%E8%B2%BC%E4%BB%94+&oid=16777387 HTTP/1.1" 200 4037
66.249.71.152 - - [09/Jul/2016:01:46:25 +0800] "GET /content/repository/resource_content.jsp?oid=1531265&queryString=%E5%9C%8B%E6%9C%89%E5%9C%9F%E5%9C%B0%20%E6%94%BE%E7%A7%9F%20%E6%97%A5%E6%93%9A%E6%99%82%E4%BB%A3%20%E7%9F%B3%E6%9B%B9%20%E9%80%A0%E6%9E%97%20%E9%AB%98%E5%B1%B1%E6%97%8F HTTP/1.1" 200 30681
66.249.71.136 - - [09/Jul/2016:01:47:24 +0800] "GET /digiarch_en/content/subject/resource_content.jsp?oid=16777466&queryString= HTTP/1.1" 200 22450
66.249.71.152 - - [09/Jul/2016:01:47:32 +0800] "GET /content/repository/resource_content.jsp?oid=4357124&queryString=%E6%B3%B0%E9%9B%85%E6%97%8F%20%E8%87%BA%E7%81%A3%E7%89%88%20%E9%9C%A7%E7%A4%BE%E4%BA%8B%E4%BB%B6 HTTP/1.1" 200 28331
66.249.71.152 - - [09/Jul/2016:01:48:43 +0800] "GET /content/nav/relationSubject.jsp?relationWords=%E6%A4%8D%E7%89%A9%E7%95%8C%20%E7%99%BD%E6%B0%B4%E6%9C%A8%20%E7%B4%AB%E4%B8%B9%E5%B1%AC%20%E7%B4%AB%E8%8D%89%20%E7%B4%AB%E8%8D%89%E7%A7%91%20&oid=3814044 HTTP/1.1" 200 3415
123.125.71.81 - - [09/Jul/2016:01:48:52 +0800] "GET /content/subject/resource_content.jsp?oid=16777676&queryType=qc HTTP/1.1" 200 46101
61.146.178.190 - - [09/Jul/2016:01:49:19 +0800] "GET /content/subject/resource_content.jsp?oid=16777769&querytype=qc HTTP/1.1" 200 41381
66.249.71.199 - - [09/Jul/2016:01:49:33 +0800] "GET /digiarch3/content/nav/relationSubject.jsp?relationWords=%E6%9D%9C%E9%B5%91%20%E6%9D%9C%E9%B5%91%E8%8A%B1%20&oid=16777400 HTTP/1.1" 200 4724
66.249.71.152 - - [09/Jul/2016:01:49:46 +0800] "GET /content/repository/resource_content.jsp?oid=1546903&queryString=%E5%8D%97%E5%B3%B6%E6%B0%91%E6%97%8F%20%E5%8F%B0%E7%81%A3%E5%8D%97%E5%B3%B6%E6%B0%91%E6%97%8F%20%E6%95%99%E6%9D%90%20%E6%AF%8D%E8%AA%9E%20%E8%AA%9E%E8%A8%80%E5%AD%B8 HTTP/1.1" 200 29833
66.249.71.152 - - [09/Jul/2016:01:50:53 +0800] "GET /content/repository/resource_content.jsp?oid=14318&queryString=%E7%99%BD%E9%8C%90%E9%AB%94%E5%BA%B7%E5%90%89%E9%B0%BB%20%E7%B3%AF%E9%B0%BB%20%E7%BE%8E%E9%AB%94%E9%B0%BB%20%E9%B0%BB%E7%A7%91 HTTP/1.1" 200 31424
36.234.17.238 - - [09/Jul/2016:01:51:18 +0800] "GET /content/nav/relationSubject.jsp?relationWords=%E4%BF%B1%E6%A8%82%E9%83%A8+%E6%84%9B%E5%9C%8B%E5%A9%A6%E4%BA%BA%E6%9C%83+%E6%A1%94%E6%A2%97+&oid=16777660 HTTP/1.1" 200 3317
68.180.231.49 - - [09/Jul/2016:01:51:46 +0800] "GET /digiarch_en/content/subject/resource_content.jsp?oid=16777509&queryType=qc HTTP/1.1" 200 27964
66.249.71.150 - - [09/Jul/2016:01:51:59 +0800] "GET /content/repository/resource_content.jsp?oid=224269 HTTP/1.1" 200 30210
66.249.71.152 - - [09/Jul/2016:01:52:01 +0800] "GET /content/repository/resource_content.jsp?oid=1595485&queryString=%E6%96%87%E5%8C%96%E4%B8%AD%E5%BF%83%20%E6%9A%A8%E5%8D%97%E5%A4%A7%E5%AD%B8 HTTP/1.1" 200 29516
123.125.71.92 - - [09/Jul/2016:01:52:38 +0800] "GET /content/repository/resource_content.jsp?oid=2568782 HTTP/1.1" 200 29561
66.249.71.136 - - [09/Jul/2016:01:52:59 +0800] "GET /content/nav/relationSubject.jsp?relationWords=%E5%B1%B1%E8%8A%8B+%E5%B1%B1%E8%8A%8B%E8%98%AD+%E7%83%8F%E7%9F%B3%E9%BC%BB+%E7%83%8F%E7%9F%B3%E9%BC%BB%E8%8A%8B%E8%98%AD+%E8%8A%8B%E8%98%AD+%E8%8A%8B%E8%98%AD%E5%B1%AC+%E8%98%AD%E5%B1%AC+&oid=2143449 HTTP/1.1" 200 3426
66.249.71.152 - - [09/Jul/2016:01:53:03 +0800] "GET /content/nav/relationSubject.jsp?relationWords=%E5%89%8D%E9%8E%AE+%E5%B7%A5%E6%A5%AD%E7%94%A8%E5%9C%B0+%E7%9C%81%E6%94%BF%E5%BA%9C+%E8%91%A3%E4%BA%8B%E9%95%B7+%E8%94%A1%E4%BB%8B%E9%9B%84+%E8%94%A1%E9%99%B3%E7%BF%A0+%E9%83%BD%E5%B8%82%E8%A8%88%E7%95%AB+%E9%AB%98%E9%9B%84%E5%B8%82+%E9%AB%98%E9%9B%84%E6%B8%AF%E5%8B%99%E5%B1%80+&oid=1899110 HTTP/1.1" 200 4902
66.249.71.152 - - [09/Jul/2016:01:53:07 +0800] "GET /content/repository/resource_content.jsp?oid=1871117&queryString=%E9%AA%A8%E7%AD%92 HTTP/1.1" 200 30812
180.76.15.162 - - [09/Jul/2016:01:53:28 +0800] "GET /content/repository/resource_content.jsp?oid=1458211&queryString=%E5%B0%8F%E6%A7%8B%E6%A8%B9%20%E6%A4%8D%E7%89%A9%E7%95%8C%20%E6%A7%8B%E6%A8%B9%E5%B1%AC HTTP/1.1" 200 31060
66.249.71.211 - - [09/Jul/2016:01:54:13 +0800] "GET /content/repository/resource_content.jsp?oid=4362940&queryString=%E9%87%91%E7%B4%99 HTTP/1.1" 200 30517
66.249.71.143 - - [09/Jul/2016:01:54:57 +0800] "GET /digiarch_en/content/nav/relationSubject.jsp?relationWords=%E7%B4%AB%E8%96%87+&oid=16777466 HTTP/1.1" 200 3989
66.249.71.143 - - [09/Jul/2016:01:54:58 +0800] "GET /digiarch_en/content/nav/relationSubject.jsp?relationWords=%E7%B4%AB%E8%96%87%20&oid=16777466 HTTP/1.1" 200 3989
66.249.79.200 - - [09/Jul/2016:01:55:21 +0800] "GET /content/subject/resource_content.jsp?oid=16777443&queryString=%E6%9D%BE%E5%B1%AC%20%E6%9D%BE%E6%9D%89%20%E6%9D%BE%E7%A7%91%20%E6%A4%8D%E7%89%A9%E7%95%8C%20%E6%AF%AC%E6%9E%9C%20%E7%BE%85%E6%BC%A2%E6%9D%BE%20%E7%BE%85%E6%BC%A2%E6%9D%BE%E5%B1%AC%20%E8%98%AD%E5%B6%BC%E7%BE%85%E6%BC%A2%E6%9D%BE HTTP/1.1" 200 41527
66.249.71.143 - - [09/Jul/2016:01:55:49 +0800] "GET /content/nav/relationSubject.jsp?relationWords=%E6%95%88%E7%8E%87+%E7%9B%A3%E7%8D%84+%E8%97%A5%E5%93%81+%E8%A1%9B%E7%94%9F%E8%99%95+%E8%A1%9B%E7%94%9F%E9%99%A2+%E9%86%AB%E5%8B%99%E5%AE%A4+&oid=1542049 HTTP/1.1" 200 3286
66.249.71.136 - - [09/Jul/2016:01:56:27 +0800] "GET /content/repository/resource_content.jsp?oid=1816707 HTTP/1.1" 200 29102
66.249.71.199 - - [09/Jul/2016:01:56:28 +0800] "GET /digiarch3/content/nav/relationSubject.jsp?relationWords=%E5%88%BA%E5%B0%BE%E9%AD%9A+%E5%88%BA%E5%B0%BE%E9%AF%9B%E7%A7%91+%E7%B2%97%E7%9A%AE%E9%AD%9A+%E8%82%A9%E6%96%91%E5%88%BA%E5%B0%BE%E9%AF%9B+&oid=16279 HTTP/1.1" 200 3552
66.249.71.136 - - [09/Jul/2016:01:56:34 +0800] "GET /content/nav/relationSubject.jsp?relationWords=%E8%98%AD%E5%B6%BC%E7%BE%85%E6%BC%A2%E6%9D%BE+%E9%81%94%E6%82%9F%E6%97%8F+%E9%9B%85%E7%BE%8E%E6%97%8F+&oid=16777443 HTTP/1.1" 200 3982
66.249.71.242 - - [09/Jul/2016:01:56:38 +0800] "GET /content/repository/resource_content.jsp?oid=1544161&queryType=qs&queryString=%E9%A3%9F%E6%96%99%E5%93%81 HTTP/1.1" 200 31956
66.249.71.248 - - [09/Jul/2016:01:57:38 +0800] "GET /content/nav/relationSubject.jsp?relationWords=%E7%A6%8F%E7%A5%BF%E5%A3%BD%20&oid=4363424 HTTP/1.1" 200 3020
66.249.71.143 - - [09/Jul/2016:01:58:34 +0800] "GET /content/nav/relationSubject.jsp?relationWords=%E5%8D%80%E5%AF%8C+%E5%96%AE%E8%89%B2+%E5%AF%8C%E5%B9%B3+&oid=192885 HTTP/1.1" 200 3282
66.249.71.143 - - [09/Jul/2016:01:59:48 +0800] "GET /content/subject/resource_content.jsp?oid=16777782&queryType=qc HTTP/1.1" 200 49027
66.249.79.200 - - [09/Jul/2016:02:00:55 +0800] "GET /content/subject/resource_content.jsp?oid=16777445&queryType=qs&queryString=%E6%95%B8%E4%BD%8D%E5%AD%B8%E7%BF%92 HTTP/1.1" 200 28487
66.249.71.145 - - [09/Jul/2016:02:02:06 +0800] "GET /content/nav/relationSubject.jsp?relationWords=%E8%A5%BF%E6%8B%89%E9%9B%85+%E8%A5%BF%E6%8B%89%E9%9B%85%E5%A4%9C%E7%A5%AD+&oid=16777249 HTTP/1.1" 200 3533
66.249.71.150 - - [09/Jul/2016:02:03:08 +0800] "GET /content/repository/resource_content.jsp?oid=823030 HTTP/1.1" 200 28168
42.112.156.9 - - [09/Jul/2016:02:03:49 +0800] "GET /content/nav/relationSubject.jsp?relationWords=%E6%9C%A8%E7%8A%80+%E6%A1%82%E8%8A%B1+&oid=16777255 HTTP/1.1" 200 4029
66.249.71.143 - - [09/Jul/2016:02:04:15 +0800] "GET /content/repository/resource_content.jsp?oid=208185 HTTP/1.1" 200 30575
66.249.71.157 - - [09/Jul/2016:02:05:22 +0800] "GET /content/repository/resource_content.jsp?oid=1547753&queryString=%E5%9C%8B%E6%B0%91%E5%B0%8F%E5%AD%B8%20%E5%AE%89%E5%85%A8%E6%A1%88%20%E7%B4%85%E7%B6%A0%E7%87%88 HTTP/1.1" 200 29585
66.249.71.248 - - [09/Jul/2016:02:06:27 +0800] "GET /content/nav/relationSubject.jsp?relationWords=%E5%91%A8%E7%99%BE%E9%8D%8A+%E5%93%81%E8%B3%AA+%E5%BE%90%E7%81%B6%E7%94%9F+%E6%9E%97%E9%87%91%E8%81%B2+%E7%9C%81%E6%94%BF%E5%BA%9C+%E8%87%BA%E4%B8%AD%E5%B8%82+%E8%99%95%E9%95%B7+%E9%A3%9F%E6%96%99%E5%93%81+&oid=1544161 HTTP/1.1" 200 4777
66.249.71.150 - - [09/Jul/2016:02:06:29 +0800] "GET /content/repository/resource_content.jsp?oid=2470203 HTTP/1.1" 200 30210
66.249.71.254 - - [09/Jul/2016:02:06:29 +0800] "GET /content/nav/relationSubject.jsp?relationWords=%E5%91%A8%E7%99%BE%E9%8D%8A%20%E5%93%81%E8%B3%AA%20%E5%BE%90%E7%81%B6%E7%94%9F%20%E6%9E%97%E9%87%91%E8%81%B2%20%E7%9C%81%E6%94%BF%E5%BA%9C%20%E8%87%BA%E4%B8%AD%E5%B8%82%20%E8%99%95%E9%95%B7%20%E9%A3%9F%E6%96%99%E5%93%81%20&oid=1544161 HTTP/1.1" 200 4777
61.146.178.190 - - [09/Jul/2016:02:07:16 +0800] "GET /content/tmp_exh/resource_content.jsp?oid=16777771&querytype=qc HTTP/1.1" 200 33975
61.146.178.190 - - [09/Jul/2016:02:07:18 +0800] "GET /content/subject/resource_content.jsp?oid=16777770&querytype=qc HTTP/1.1" 200 53870
66.249.71.159 - - [09/Jul/2016:02:07:36 +0800] "GET /content/subject/resource_content.jsp?oid=16777469&queryType=qs&queryString=%E7%B4%AB%E8%96%87%E8%8A%B1 HTTP/1.1" 200 31139
66.249.71.159 - - [09/Jul/2016:02:08:43 +0800] "GET /content/subject/resource_content.jsp?oid=16777496&queryType=qs&queryString=%E8%87%AA%E7%94%B1%E8%BB%9F%E9%AB%94 HTTP/1.1" 200 53128
66.249.79.200 - - [09/Jul/2016:02:09:37 +0800] "GET /content/nav/relationSubject.jsp?relationWords=%E7%9F%B3%E6%9D%B5+&oid=1780543 HTTP/1.1" 200 2957
66.249.71.166 - - [09/Jul/2016:02:09:49 +0800] "GET /content/repository/resource_content.jsp?oid=1897806&queryString=%E5%82%B7%E9%A2%A8%20%E5%85%AC%E6%95%99%E4%BA%BA%E5%93%A1%20%E5%AE%97%E6%95%99%E4%BF%A1%E4%BB%B0%20%E7%A4%BE%E6%9C%83%E9%A2%A8%E6%B0%A3%20%E8%87%BA%E5%8C%97%E5%B8%82 HTTP/1.1" 200 30311
207.46.13.164 - - [09/Jul/2016:02:10:19 +0800] "GET /content/subject/resource_content.jsp?oid=16777626 HTTP/1.1" 200 43206
180.76.15.163 - - [09/Jul/2016:02:10:25 +0800] "GET /content/repository/resource_content.jsp?oid=3824075&queryString=%E6%87%B8%E9%89%A4%E5%AD%90%E5%B1%AC%20%E6%A4%8D%E7%89%A9%E7%95%8C%20%E8%96%94%E8%96%87%E7%9B%AE%20%E8%96%94%E8%96%87%E7%A7%91%20%E8%99%8E%E5%A9%86%E5%88%BA HTTP/1.1" 200 31447
66.249.71.136 - - [09/Jul/2016:02:10:32 +0800] "GET /content/repository/resource_content.jsp?oid=1774408 HTTP/1.1" 200 29556
66.249.71.136 - - [09/Jul/2016:02:10:35 +0800] "GET /content/nav/relationSubject.jsp?relationWords=%E4%BA%BA%E9%A1%9E%E5%AD%B8+%E7%94%9F%E5%91%BD%E5%84%80%E7%A6%AE+&oid=1774408 HTTP/1.1" 200 3379
130.193.51.27 - - [09/Jul/2016:02:11:10 +0800] "GET /content/subject/resource_content.jsp?oid=16797240&queryType=qc HTTP/1.1" 200 42460
114.25.231.44 - - [09/Jul/2016:02:11:24 +0800] "GET /content/repository/resource_content.jsp?oid=16500&queryString=%E5%B0%96%E5%90%BB%E5%96%AE%E6%A3%98%E9%AD%A8 HTTP/1.1" 200 35356
114.25.231.44 - - [09/Jul/2016:02:11:29 +0800] "GET /content/nav/relationSubject.jsp?relationWords=%E5%96%AE%E6%A3%98%E9%AD%A8%E7%A7%91+%E5%B0%96%E5%90%BB+%E5%B0%96%E5%90%BB%E5%96%AE%E6%A3%98%E9%AD%A8+%E5%B0%96%E5%98%B4+&oid=16500 HTTP/1.1" 200 3493
66.249.71.166 - - [09/Jul/2016:02:12:03 +0800] "GET /content/repository/resource_content.jsp?oid=4474634&queryType=qs&queryString=%E5%AD%90%E5%AE%88%E5%94%84 HTTP/1.1" 200 28157
66.249.79.200 - - [09/Jul/2016:02:12:36 +0800] "GET /content/nav/relationSubject.jsp?relationWords=%E6%95%B8%E4%BD%8D%E5%85%B8%E8%97%8F+%E6%98%86%E8%9F%B2+%E7%AB%A5%E8%A9%B1+&oid=16777445 HTTP/1.1" 200 7814
66.249.79.135 - - [09/Jul/2016:02:13:11 +0800] "GET /content/repository/resource_content.jsp?oid=1531358&queryString=%E5%82%B7%E9%A2%A8%20%E5%85%AC%E6%95%99%E4%BA%BA%E5%93%A1%20%E5%AE%97%E6%95%99%E4%BF%A1%E4%BB%B0%20%E7%A4%BE%E6%9C%83%E9%A2%A8%E6%B0%A3%20%E8%87%BA%E5%8C%97%E5%B8%82 HTTP/1.1" 200 31168
66.249.71.166 - - [09/Jul/2016:02:14:17 +0800] "GET /content/repository/resource_content.jsp?oid=2668964&queryString=%E4%BC%8A%E7%8A%81%20%E7%B4%85%E9%8A%85 HTTP/1.1" 200 30457
157.55.39.82 - - [09/Jul/2016:02:14:21 +0800] "GET /content/subject/resource_content.jsp?oid=16777386 HTTP/1.1" 200 38782
66.249.79.207 - - [09/Jul/2016:02:15:10 +0800] "GET /digiarch_en/content/repository/resource_content.jsp?oid=2470321&queryString=%E5%9C%8B%E6%85%B6%E6%97%A5 HTTP/1.1" 200 23151
66.249.71.152 - - [09/Jul/2016:02:15:28 +0800] "GET /content/repository/resource_content.jsp?oid=1863411&queryString=%E9%AA%A8%E6%9F%B6 HTTP/1.1" 200 30976
66.249.71.136 - - [09/Jul/2016:02:16:05 +0800] "GET /content/nav/relationSubject.jsp?relationWords=%E4%BA%BA%E9%A1%9E%E5%AD%B8%20%E7%94%9F%E5%91%BD%E5%84%80%E7%A6%AE%20&oid=1774408 HTTP/1.1" 200 3379
66.249.71.159 - - [09/Jul/2016:02:16:31 +0800] "GET /content/repository/resource_content.jsp?oid=4364577&queryType=qs&queryString=%E5%85%AC%E5%8B%99%E4%BA%BA%E5%93%A1 HTTP/1.1" 200 29637
66.249.71.152 - - [09/Jul/2016:02:17:38 +0800] "GET /content/repository/resource_content.jsp?oid=4470385&queryType=qs&queryString=%E5%98%89%E7%BE%A9%E5%BB%B3 HTTP/1.1" 200 32602
157.55.39.244 - - [09/Jul/2016:02:17:59 +0800] "GET /content/nav/relationSubject.jsp?relationWords=%E9%9D%92%E5%89%9B%E6%AB%9F+&oid=16777349 HTTP/1.1" 200 4006
