66.249.71.136 - - [15/Jul/2016:11:45:17 +0800] "GET /content/nav/relationSubject.jsp?relationWords=%E5%A5%87%E8%92%BF%20%E6%A4%8D%E7%89%A9%E7%95%8C%20%E7%8F%8D%E7%8F%A0%E8%92%BF%20%E8%89%BE%E5%B1%AC%20%E8%8F%8A%E7%A7%91%20%E9%9B%99%E5%AD%90%E8%91%89%E6%A4%8D%E7%89%A9%20&oid=3814257 HTTP/1.1" 200 3409
61.224.178.60 - - [15/Jul/2016:11:45:58 +0800] "GET /content/subject/resource_content.jsp?oid=16797271&queryType=qc HTTP/1.1" 200 55170
61.224.178.60 - - [15/Jul/2016:11:45:59 +0800] "GET /content/nav/relationSubject.jsp?relationWords=&oid=16797271 HTTP/1.1" 200 1405
66.249.79.137 - - [15/Jul/2016:11:46:28 +0800] "GET /content/nav/relationSubject.jsp?relationWords=%E5%8F%B0%E7%81%A3%E9%9D%92%E8%8E%A2%E8%91%89%20%E5%B1%B1%E8%8C%B1%E8%90%B8%20%E5%B1%B1%E8%8C%B1%E8%90%B8%E7%A7%91%20%E6%A4%8D%E7%89%A9%E7%95%8C%20%E9%9D%92%E8%8E%A2%E8%91%89%E5%B1%AC%20&oid=1099954 HTTP/1.1" 200 3719
66.249.71.166 - - [15/Jul/2016:11:46:36 +0800] "GET /content/repository/resource_content.jsp?oid=3354052&queryString=%E8%80%85%E5%A5%B3 HTTP/1.1" 200 29626
180.76.15.21 - - [15/Jul/2016:11:46:42 +0800] "GET /content/repository/resource_content.jsp?oid=3819620&queryString=%E5%B0%8F%E8%B1%87%E8%B1%86%20%E6%A4%8D%E7%89%A9%E7%95%8C%20%E8%A0%B6%E8%B1%86%20%E8%B1%87%E8%B1%86%E5%B1%AC%20%E9%9B%99%E5%AD%90%E8%91%89%E6%A4%8D%E7%89%A9 HTTP/1.1" 200 31411
157.55.39.208 - - [15/Jul/2016:11:47:00 +0800] "GET /content/subject/resource_content.jsp?oid=16777599&queryType=qc HTTP/1.1" 200 36977
66.249.79.137 - - [15/Jul/2016:11:47:02 +0800] "GET /content/exhibit/exhibit.jsp?oid=16777797 HTTP/1.1" 200 26275
66.249.71.136 - - [15/Jul/2016:11:47:12 +0800] "GET /content/nav/relationSubject.jsp?relationWords=%E6%9D%9C%E9%B5%91%E8%8A%B1+%E6%9D%9C%E9%B5%91%E8%8A%B1%E7%A7%91+%E6%A4%8D%E7%89%A9%E7%95%8C+%E7%B1%B3%E9%A3%AF%E8%8A%B1+%E8%B6%8A%E6%A9%98%E5%B1%AC+&oid=1463241 HTTP/1.1" 200 4682
66.249.71.136 - - [15/Jul/2016:11:47:13 +0800] "GET /content/nav/relationSubject.jsp?relationWords=%E6%9D%9C%E9%B5%91%E8%8A%B1%20%E6%9D%9C%E9%B5%91%E8%8A%B1%E7%A7%91%20%E6%A4%8D%E7%89%A9%E7%95%8C%20%E7%B1%B3%E9%A3%AF%E8%8A%B1%20%E8%B6%8A%E6%A9%98%E5%B1%AC%20&oid=1463241 HTTP/1.1" 200 4682
66.249.71.152 - - [15/Jul/2016:11:47:30 +0800] "GET /content/nav/relationSubject.jsp?relationWords=%E7%B0%BE%E8%9B%A4%E7%9B%AE%20%E8%9B%A4%E7%A7%91%20%E9%9B%99%E6%AE%BC%E7%B6%B1%20%E9%9B%9E%E5%BF%83%E8%9B%A4%20%E9%B3%A5%E5%B0%BE%E8%9B%A4%20&oid=1123887 HTTP/1.1" 200 3411
66.249.71.136 - - [15/Jul/2016:11:48:06 +0800] "GET /content/nav/relationSubject.jsp?relationWords=%E6%9D%9C%E9%A6%99%E5%9C%8B+%E8%B3%80%E5%B9%B4%E6%98%8E%E4%BF%A1%E7%89%87+%E9%AB%98%E7%A0%82%E5%95%86%E5%BA%97+&oid=1887200 HTTP/1.1" 200 3252
66.249.71.152 - - [15/Jul/2016:11:48:13 +0800] "GET /content/repository/resource_content.jsp?oid=4362033&queryType=qs&queryString=%E5%8C%97%E6%B8%AF%E6%9C%9D%E5%A4%A9%E5%AE%AE HTTP/1.1" 200 28484
220.181.108.85 - - [15/Jul/2016:11:49:20 +0800] "GET /content/repository/resource_content.jsp?oid=1591036 HTTP/1.1" 200 28974
66.249.71.136 - - [15/Jul/2016:11:49:32 +0800] "GET /content/repository/resource_content.jsp?oid=1611523 HTTP/1.1" 200 29237
66.249.71.136 - - [15/Jul/2016:11:49:40 +0800] "GET /content/repository/resource_content.jsp?oid=14393&queryString=%E5%A4%A7%E7%9C%BC%E6%B5%B7%E9%B0%B1%20%E6%B5%B7%E9%B0%B1 HTTP/1.1" 200 34344
66.249.79.137 - - [15/Jul/2016:11:49:45 +0800] "GET /digiarch_en/content/nav/relationSubject.jsp?relationWords=%E5%8D%B0%E8%8A%B1%E7%A8%85%E6%B3%95%20%E8%99%A7%E6%A1%88%20&oid=1546811 HTTP/1.1" 200 3516
66.249.71.194 - - [15/Jul/2016:11:50:00 +0800] "GET /content/nav/relationSubject.jsp?relationWords=%E5%9C%93%E6%93%AC%E9%B1%B8+%E6%B2%99%E9%B1%B8+%E6%B5%B7%E7%8B%97%E7%94%98%E4%BB%94+%E8%88%89%E7%9B%AE%E9%AD%9A+%E8%8A%B1%E7%8B%97%E6%AF%8D%E6%B5%B7+%E9%9B%A8%E5%82%98%E9%96%82+&oid=15873 HTTP/1.1" 200 3804
66.249.71.188 - - [15/Jul/2016:11:50:02 +0800] "GET /content/nav/relationSubject.jsp?relationWords=%E5%9C%93%E6%93%AC%E9%B1%B8%20%E6%B2%99%E9%B1%B8%20%E6%B5%B7%E7%8B%97%E7%94%98%E4%BB%94%20%E8%88%89%E7%9B%AE%E9%AD%9A%20%E8%8A%B1%E7%8B%97%E6%AF%8D%E6%B5%B7%20%E9%9B%A8%E5%82%98%E9%96%82%20&oid=15873 HTTP/1.1" 200 3804
157.55.39.154 - - [15/Jul/2016:11:50:08 +0800] "GET /content/tmp_tec/resource_content.jsp?oid=16777705 HTTP/1.1" 200 26751
66.249.71.136 - - [15/Jul/2016:11:51:03 +0800] "GET /content/nav/relationSubject.jsp?relationWords=%E7%91%9E%E5%85%89+%E7%9C%81%E6%94%BF%E5%BA%9C+%E7%B0%A1%E6%AC%A3%E5%93%B2+%E8%B3%B4%E6%B7%B5%E5%B9%B3+%E9%99%B3%E6%96%B0%E7%99%BC+%E9%AB%98%E9%9B%84%E5%B8%82+%E9%BB%83%E6%B7%BB%E8%B2%A1+&oid=1532147 HTTP/1.1" 200 4742
66.249.79.137 - - [15/Jul/2016:11:51:07 +0800] "GET /content/repository/resource_content.jsp?oid=2149955 HTTP/1.1" 200 30930
66.249.79.137 - - [15/Jul/2016:11:51:13 +0800] "GET /content/repository/resource_content.jsp?oid=1814560&queryType=qs&queryString=%E7%95%B0%E7%8D%B8 HTTP/1.1" 200 33976
66.249.71.199 - - [15/Jul/2016:11:51:21 +0800] "GET /digiarch3/content/nav/relationSubject.jsp?relationWords=%E5%A4%A7%E7%9B%AE%E5%81%B4%E4%BB%94+%E5%A4%A7%E9%9D%A2%E5%81%B4%E4%BB%94+%E5%A4%A9%E7%AB%BA%E9%AF%9B%E7%A7%91+%E6%89%81%E9%A0%AD%E5%A4%A9%E7%AB%BA%E9%AF%9B+&oid=15133 HTTP/1.1" 200 3611
124.199.97.84 - - [15/Jul/2016:11:51:23 +0800] "GET /digiarch3/content/repository/resource_content.jsp?oid=15916&queryString=%E7%8B%97%E9%B0%B7 HTTP/1.1" 200 35179
124.199.97.84 - - [15/Jul/2016:11:51:24 +0800] "GET /digiarch3/content/repository/resource_content.jsp?oid=1081624&queryString=%E7%8B%97%E9%B0%B7 HTTP/1.1" 200 34257
124.199.97.84 - - [15/Jul/2016:11:51:25 +0800] "GET /digiarch3/content/nav/relationSubject.jsp?relationWords=%E7%8B%97%E9%B0%B7+&oid=15916 HTTP/1.1" 200 3435
124.199.97.84 - - [15/Jul/2016:11:51:25 +0800] "GET /digiarch3/content/nav/relationSubject.jsp?relationWords=%E7%8B%97%E9%B0%B7+&oid=1081624 HTTP/1.1" 200 3408
140.112.114.153 - - [15/Jul/2016:11:52:03 +0800] "GET /content/subject/resource_content.jsp?oid=16777459&queryType=qs&queryString=%E5%9C%B0%E5%BD%A2%E5%9C%96 HTTP/1.1" 200 39847
66.249.71.136 - - [15/Jul/2016:11:52:14 +0800] "GET /content/nav/relationSubject.jsp?relationWords=%E6%B5%B7%E6%89%87%E8%9B%A4%20%E9%A6%AC%E7%BE%88%E9%A3%BE%E7%B5%84%20&oid=1846726 HTTP/1.1" 200 3346
66.249.71.136 - - [15/Jul/2016:11:52:41 +0800] "GET /content/repository/resource_content.jsp?oid=1613950 HTTP/1.1" 200 28881
61.64.108.172 - - [15/Jul/2016:11:52:42 +0800] "GET /content/subject/resource_content.jsp?oid=16777568&queryType=qc HTTP/1.1" 200 34862
66.249.71.136 - - [15/Jul/2016:11:52:45 +0800] "GET /content/repository/resource_content.jsp?oid=3040881&queryString=%E4%B8%94%E8%BE%9B HTTP/1.1" 200 30328
66.249.71.136 - - [15/Jul/2016:11:52:49 +0800] "GET /content/nav/relationSubject.jsp?relationWords=%E9%8A%80%E5%85%A9+&oid=2662400 HTTP/1.1" 200 5365
61.64.108.172 - - [15/Jul/2016:11:52:50 +0800] "GET /content/subject/resource_content.jsp?oid=16777731&queryType=qc HTTP/1.1" 200 43393
66.249.71.159 - - [15/Jul/2016:11:52:51 +0800] "GET /content/nav/relationSubject.jsp?relationWords=%E4%BA%BA%E5%90%8D%E6%AC%8A%E5%A8%81%20%E7%B8%BD%E7%B5%B1%E5%BA%9C%20%E8%8A%AE%E6%81%A9%20%E8%8A%AE%E6%81%A9%E6%96%BD%20%E9%9F%8B%E7%BE%85%E8%B2%9D%20&oid=750190 HTTP/1.1" 200 3459
66.249.71.166 - - [15/Jul/2016:11:52:53 +0800] "GET /content/nav/relationSubject.jsp?relationWords=%E4%BE%8D%E9%83%8E%20%E5%85%AB%E5%88%86%E6%9B%B8%20%E5%90%B3%E7%8E%8B%20%E5%B1%B1%E6%9D%B1%E5%98%89%E7%A5%A5%20%E6%AD%A6%E6%A2%81%E7%A5%A0%20%E6%AD%A6%E6%A2%81%E7%A5%A0%E7%95%AB%E5%83%8F%20%E7%A5%9E%E8%A9%B1%E6%95%85%E4%BA%8B%20%E7%A7%A6%E7%8E%8B%20%E7%AE%A1%E4%BB%B2%20%E9%9D%88%E7%95%B0%20%E9%BD%8A%E6%A1%93%E5%85%AC%20&oid=1811779 HTTP/1.1" 200 5436
61.64.108.172 - - [15/Jul/2016:11:53:01 +0800] "GET /content/subject/resource_content.jsp?oid=16797258&queryType=qc HTTP/1.1" 200 56111
66.249.71.166 - - [15/Jul/2016:11:54:16 +0800] "GET /content/repository/resource_content.jsp?oid=2624799&queryString=%E6%96%87%E6%98%8C%E5%B8%9D%E5%90%9B HTTP/1.1" 200 30311
66.249.71.150 - - [15/Jul/2016:11:54:17 +0800] "GET /content/repository/resource_content.jsp?oid=3815466&queryString=%E5%81%87%E8%93%AC%20%E5%81%87%E8%93%AC%E5%B1%AC%20%E6%97%A5%E6%9C%AC%E5%81%87%E8%93%AC%20%E6%A4%8D%E7%89%A9%E7%95%8C%20%E8%8F%8A%E7%A7%91%20%E9%9B%99%E5%AD%90%E8%91%89%20%E9%9B%99%E5%AD%90%E8%91%89%E6%A4%8D%E7%89%A9 HTTP/1.1" 200 31350
66.249.79.137 - - [15/Jul/2016:11:54:31 +0800] "GET /content/nav/relationSubject.jsp?relationWords=%E5%89%AA%E7%B4%99%20%E6%95%B8%E4%BD%8D%E5%85%B8%E8%97%8F%20&oid=16777410 HTTP/1.1" 200 6695
140.109.139.236 - - [15/Jul/2016:11:54:38 +0800] "GET /content/subject/resource_content.jsp?oid=16777349&queryString=%E9%9D%92%E5%89%9B%E6%AB%9F HTTP/1.1" 200 36855
140.109.139.236 - - [15/Jul/2016:11:54:39 +0800] "GET /content/nav/relationSubject.jsp?relationWords=%E9%9D%92%E5%89%9B%E6%AB%9F+&oid=16777349 HTTP/1.1" 200 4006
66.249.71.143 - - [15/Jul/2016:11:54:51 +0800] "GET /content/nav/relationSubject.jsp?relationWords=%E5%8F%B0%E7%81%A3%E6%87%B8%E9%89%A4%E5%AD%90+%E6%87%B8%E9%89%A4%E5%AD%90%E5%B1%AC+%E6%A4%8D%E7%89%A9%E7%95%8C+%E8%96%94%E8%96%87%E7%9B%AE+%E8%96%94%E8%96%87%E7%A7%91+&oid=3824617 HTTP/1.1" 200 3399
66.249.79.137 - - [15/Jul/2016:11:54:52 +0800] "GET /content/nav/relationSubject.jsp?relationWords=%E5%8F%B0%E7%81%A3%E6%87%B8%E9%89%A4%E5%AD%90%20%E6%87%B8%E9%89%A4%E5%AD%90%E5%B1%AC%20%E6%A4%8D%E7%89%A9%E7%95%8C%20%E8%96%94%E8%96%87%E7%9B%AE%20%E8%96%94%E8%96%87%E7%A7%91%20&oid=3824617 HTTP/1.1" 200 3399
66.249.79.144 - - [15/Jul/2016:11:55:50 +0800] "GET /content/repository/resource_content.jsp?oid=1115363 HTTP/1.1" 200 30756
66.249.71.143 - - [15/Jul/2016:11:55:51 +0800] "GET /content/repository/resource_content.jsp?oid=1782610&queryString=%E6%9F%84%E7%9C%BC%E7%9B%AE%20%E7%B9%A1%E8%8A%B1%20%E8%85%B9%E8%B6%B3%E7%B6%B1%20%E8%9B%9E%E8%9D%93 HTTP/1.1" 200 29540
66.249.71.136 - - [15/Jul/2016:11:55:51 +0800] "GET /content/nav/relationSubject.jsp?relationWords=%E5%8D%81%E5%AD%97%E8%8A%B1%E7%A7%91+%E5%8F%B0%E7%81%A3%E5%B1%B1%E8%8A%A5+%E5%B1%B1%E8%8A%A5%E5%B1%AC+%E6%A4%8D%E7%89%A9%E7%95%8C+%E9%9B%99%E5%AD%90%E8%91%89%E6%A4%8D%E7%89%A9+&oid=1458752 HTTP/1.1" 200 3406
66.249.71.136 - - [15/Jul/2016:11:55:54 +0800] "GET /content/nav/relationSubject.jsp?relationWords=%E5%8D%81%E5%AD%97%E8%8A%B1%E7%A7%91%20%E5%8F%B0%E7%81%A3%E5%B1%B1%E8%8A%A5%20%E5%B1%B1%E8%8A%A5%E5%B1%AC%20%E6%A4%8D%E7%89%A9%E7%95%8C%20%E9%9B%99%E5%AD%90%E8%91%89%E6%A4%8D%E7%89%A9%20&oid=1458752 HTTP/1.1" 200 3406
66.249.71.136 - - [15/Jul/2016:11:56:03 +0800] "GET /content/nav/relationSubject.jsp?relationWords=%E7%9C%81%E6%94%BF%E5%BA%9C+%E7%A3%AF%E6%B0%B8%E5%90%89+%E8%93%AC%E8%90%8A%E7%B1%B3+&oid=1551488 HTTP/1.1" 200 4557
66.249.71.136 - - [15/Jul/2016:11:56:28 +0800] "GET /content/nav/relationSubject.jsp?relationWords=%E6%9B%BE%E5%9C%AD%E8%A7%92%20%E6%9D%9C%E9%A6%99%E5%9C%8B%20&oid=1887893 HTTP/1.1" 200 3157
66.249.79.137 - - [15/Jul/2016:11:57:22 +0800] "GET /content/repository/resource_content.jsp?oid=1889661 HTTP/1.1" 200 28587
66.249.71.136 - - [15/Jul/2016:11:57:24 +0800] "GET /content/repository/resource_content.jsp?oid=1629220 HTTP/1.1" 200 29429
66.249.71.136 - - [15/Jul/2016:11:57:25 +0800] "GET /content/nav/relationSubject.jsp?relationWords=%E5%8E%9A%E8%B7%9D%E8%8A%B1%E5%B1%AC+%E5%8F%B0%E7%81%A3%E5%8E%9A%E8%B7%9D%E8%8A%B1+%E6%A1%83%E9%87%91%E5%AD%83+%E6%A4%8D%E7%89%A9%E7%95%8C+%E9%87%8E%E7%89%A1%E4%B8%B9%E7%A7%91+&oid=2149901 HTTP/1.1" 200 3438
157.55.39.20 - - [15/Jul/2016:11:57:42 +0800] "GET /content/repository/resource_content.jsp?oid=1579545 HTTP/1.1" 200 28872
68.180.231.49 - - [15/Jul/2016:11:57:54 +0800] "GET /content/subject/resource_content.jsp?oid=16777536&queryType=qc HTTP/1.1" 200 35077
66.249.71.136 - - [15/Jul/2016:11:58:36 +0800] "GET /content/nav/relationSubject.jsp?relationWords=%E6%A4%8D%E7%89%A9%E7%95%8C+%E8%89%BE%E7%B4%8D%E9%A6%99%E5%B1%AC+%E8%8F%8A%E7%A7%91+%E8%A3%82%E8%91%89%E8%89%BE%E7%B4%8D%E9%A6%99+%E9%9B%99%E5%AD%90%E8%91%89%E6%A4%8D%E7%89%A9+&oid=1108213 HTTP/1.1" 200 3434
66.249.71.136 - - [15/Jul/2016:11:58:38 +0800] "GET /content/nav/relationSubject.jsp?relationWords=%E4%B8%89%E5%8F%89%E8%95%A8+%E4%B8%89%E5%8F%89%E8%95%A8%E5%B1%AC+%E6%A4%8D%E7%89%A9%E7%95%8C+%E6%B0%B4%E9%BE%8D%E9%AA%A8+%E8%91%9B%E6%B0%8F%E4%B8%89%E5%8F%89%E8%95%A8+%E8%95%A8%E9%A1%9E%E6%A4%8D%E7%89%A9+&oid=2144691 HTTP/1.1" 200 3496
66.249.71.136 - - [15/Jul/2016:11:58:41 +0800] "GET /content/nav/relationSubject.jsp?relationWords=%E6%A4%8D%E7%89%A9%E7%95%8C%20%E8%89%BE%E7%B4%8D%E9%A6%99%E5%B1%AC%20%E8%8F%8A%E7%A7%91%20%E8%A3%82%E8%91%89%E8%89%BE%E7%B4%8D%E9%A6%99%20%E9%9B%99%E5%AD%90%E8%91%89%E6%A4%8D%E7%89%A9%20&oid=1108213 HTTP/1.1" 200 3434
66.249.71.136 - - [15/Jul/2016:11:58:54 +0800] "GET /content/subject/resource_content.jsp?oid=16777483&queryType=qs&queryString=%E5%8E%9F%E4%BD%8F%E6%B0%91%E5%82%B3%E8%AA%AA HTTP/1.1" 200 43964
66.249.71.136 - - [15/Jul/2016:11:58:59 +0800] "GET /content/repository/resource_content.jsp?oid=1518949 HTTP/1.1" 200 29422
66.249.71.136 - - [15/Jul/2016:12:00:27 +0800] "GET /content/repository/resource_content.jsp?oid=1459444&queryString=API%20%E5%A4%A9%E8%83%A1%E8%8D%BD%20%E5%A4%A9%E8%83%A1%E8%8D%BD%E5%B1%AC%20%E6%A4%8D%E7%89%A9%E7%95%8C%20%E7%B9%96%E5%BD%A2%E7%A7%91%20%E9%9B%99%E5%AD%90%E8%91%89%E6%A4%8D%E7%89%A9 HTTP/1.1" 200 31828
66.249.71.136 - - [15/Jul/2016:12:00:33 +0800] "GET /digiarch_en/content/repository/resource_content.jsp?oid=2680801&queryString=%E5%AE%97%E4%BA%BA%E5%BA%9C HTTP/1.1" 200 23896
66.249.71.136 - - [15/Jul/2016:12:01:25 +0800] "GET /content/nav/relationSubject.jsp?relationWords=%E6%A4%8D%E7%89%A9%E7%95%8C+%E7%94%9F%E6%AF%9B%E5%B0%87%E8%BB%8D+%E8%89%BE%E7%B4%8D%E9%A6%99%E5%B1%AC+%E8%8F%8A%E7%A7%91+%E9%9B%99%E5%AD%90%E8%91%89%E6%A4%8D%E7%89%A9+&oid=1098790 HTTP/1.1" 200 3407
66.249.71.136 - - [15/Jul/2016:12:01:26 +0800] "GET /content/nav/relationSubject.jsp?relationWords=%E5%8A%89%E7%82%B3%20%E6%99%AF%E6%98%9F%20&oid=1891497 HTTP/1.1" 200 3207
66.249.71.159 - - [15/Jul/2016:12:01:29 +0800] "GET /content/nav/relationSubject.jsp?relationWords=%E6%B3%B0%E9%9B%85%E6%97%8F+%E7%A4%BE%E5%B7%A5+%E7%A4%BE%E6%9C%83%E7%A6%8F%E5%88%A9+&oid=1773411 HTTP/1.1" 200 4961
66.249.71.136 - - [15/Jul/2016:12:01:59 +0800] "GET /content/subject/resource_content.jsp?oid=16777497 HTTP/1.1" 200 40757
66.249.79.137 - - [15/Jul/2016:12:02:08 +0800] "GET /digiarch_en/content/repository/resource_content.jsp?oid=1531354&queryString=%E5%91%A8%E8%99%95%20%E6%95%99%E8%82%B2%E5%BB%B3%20%E6%96%B0%E8%81%9E%E8%99%95%20%E7%95%99%E5%AD%B8%E7%94%9F%20%E7%95%A2%E6%A5%AD%E7%94%9F%20%E8%81%B7%E6%A5%AD%E5%AD%B8%E6%A0%A1%20%E8%83%A1%E9%81%A9%20%E8%87%BA%E5%8C%97%E5%B8%82%20%E8%99%95%E9%95%B7 HTTP/1.1" 200 23958
66.249.66.170 - - [15/Jul/2016:12:03:14 +0800] "GET /content/repository/resource_content.jsp?oid=1110430 HTTP/1.1" 200 31430
52.3.127.144 - - [15/Jul/2016:12:03:15 +0800] "GET /digiarch_en/content/subject/resource_content.jsp?oid=16777294&queryType=qc HTTP/1.1" 200 22493
66.249.71.136 - - [15/Jul/2016:12:03:31 +0800] "GET /content/repository/resource_content.jsp?oid=1893834 HTTP/1.1" 200 28639
180.76.15.9 - - [15/Jul/2016:12:03:40 +0800] "GET /content/repository/resource_content.jsp?oid=15243&queryString=%E5%B7%B4%E6%94%8F%20%E7%A1%AC%E5%B0%BE HTTP/1.1" 200 34138
66.249.71.143 - - [15/Jul/2016:12:03:43 +0800] "GET /content/repository/resource_content.jsp?oid=1778876 HTTP/1.1" 200 27323
66.249.71.143 - - [15/Jul/2016:12:04:00 +0800] "GET /content/nav/relationSubject.jsp?relationWords=%E5%90%8F%E9%83%A8%20&oid=2634326 HTTP/1.1" 200 3101
182.118.20.223 - - [15/Jul/2016:12:04:00 +0800] "GET /content/tmp_tec/resource_content.jsp?oid=16777683 HTTP/1.1" 200 32928
66.249.71.136 - - [15/Jul/2016:12:05:17 +0800] "GET /content/repository/resource_content.jsp?oid=1621445&queryString=%E9%87%8D%E5%8A%83%E5%8D%80 HTTP/1.1" 200 29429
66.249.71.136 - - [15/Jul/2016:12:06:01 +0800] "GET /content/nav/relationSubject.jsp?relationWords=%E4%BA%8C%E6%9E%97%20%E5%85%AC%E7%AB%8B%E9%86%AB%E9%99%A2%20%E5%8A%A0%E6%B2%B9%E7%AB%99%20%E5%9C%8B%E6%A0%A1%20%E5%9C%B0%E7%A7%9F%20%E5%BD%B0%E5%8C%96%E5%B8%82%20%E6%B0%91%E6%94%BF%E5%BB%B3%20%E7%9F%B3%E6%B2%B9%20%E8%94%A1%E6%96%B0%20%E8%97%A5%E5%8A%91%E5%B8%AB%20%E8%97%A5%E7%89%A9%E9%A3%9F%E5%93%81%20%E9%99%B3%E9%8C%AB%E5%8D%BF%20%E9%A1%A7%E5%AE%A2%20%E9%AD%9A%E5%A1%AD%20&oid=1569433 HTTP/1.1" 200 3665
66.249.71.136 - - [15/Jul/2016:12:06:26 +0800] "GET /content/nav/relationSubject.jsp?relationWords=%E5%8F%83%E8%AD%B0%E5%93%A1+%E9%99%B3%E6%96%87%E7%9F%B3+&oid=1519560 HTTP/1.1" 200 4054
66.249.71.136 - - [15/Jul/2016:12:06:52 +0800] "GET /content/repository/resource_content.jsp?oid=1098217&queryString=%E5%8E%9A%E6%AE%BC%E6%A8%B9%E5%B1%AC%20%E6%A4%8D%E7%89%A9%E7%95%8C%20%E7%B4%AB%E8%8D%89%E7%A7%91%20%E8%98%AD%E5%B6%BC%E5%8E%9A%E6%AE%BC%E6%A8%B9 HTTP/1.1" 200 31354
66.249.71.136 - - [15/Jul/2016:12:07:04 +0800] "GET /content/nav/relationSubject.jsp?relationWords=%E6%9E%97%E6%B8%85%E5%A1%97+&oid=1522349 HTTP/1.1" 200 1890
66.249.71.136 - - [15/Jul/2016:12:07:07 +0800] "GET /content/nav/relationSubject.jsp?relationWords=%E6%9E%97%E6%B8%85%E5%A1%97%20&oid=1522349 HTTP/1.1" 200 1890
66.249.71.136 - - [15/Jul/2016:12:07:50 +0800] "GET /content/nav/relationSubject.jsp?relationWords=%E5%8F%B0%E7%81%A3%E5%B1%B1%E9%BA%BB%E6%A1%BF+%E5%A4%A7%E6%88%9F+%E5%A4%A7%E6%88%9F%E7%A7%91+%E5%B1%B1%E9%BA%BB%E6%A1%BF%E5%B1%AC+%E6%A4%8D%E7%89%A9%E7%95%8C+&oid=1463849 HTTP/1.1" 200 3415
66.249.71.136 - - [15/Jul/2016:12:08:08 +0800] "GET /content/repository/resource_content.jsp?oid=2642573&queryString=%E5%8C%BE%E9%A1%8D HTTP/1.1" 200 30528
59.127.132.196 - - [15/Jul/2016:12:08:21 +0800] "GET /content/repository/resource_content.jsp?oid=14955&queryString=%E7%99%BC%E5%85%89%E9%AF%9B%20%E8%B5%A4%E9%AE%AD%20%E9%AF%9B%E7%A7%91 HTTP/1.1" 200 34900
59.127.132.196 - - [15/Jul/2016:12:08:22 +0800] "GET /content/nav/relationSubject.jsp?relationWords=%E5%A4%A7%E9%9D%A2%E5%81%B4%E4%BB%94+%E6%97%A5%E6%9C%AC%E7%99%BC%E5%85%89%E9%AF%9B+%E6%B7%B1%E6%B0%B4%E6%83%A1+%E7%99%BC%E5%85%89%E9%AF%9B+%E7%9B%AE%E6%9C%AC%E4%BB%94+%E9%AF%9B%E7%A7%91+&oid=14955 HTTP/1.1" 200 3666
66.249.71.136 - - [15/Jul/2016:12:08:26 +0800] "GET /content/repository/resource_content.jsp?oid=1110430 HTTP/1.1" 200 31430
123.125.71.109 - - [15/Jul/2016:12:08:31 +0800] "GET /content/subject/resource_content.jsp?oid=16777284 HTTP/1.1" 200 36937
59.127.132.196 - - [15/Jul/2016:12:08:40 +0800] "GET /content/repository/resource_content.jsp?oid=14955&queryString=%E7%99%BC%E5%85%89%E9%AF%9B%20%E8%B5%A4%E9%AE%AD%20%E9%AF%9B%E7%A7%91 HTTP/1.1" 200 34900
59.127.132.196 - - [15/Jul/2016:12:08:40 +0800] "GET /content/nav/relationSubject.jsp?relationWords=%E5%A4%A7%E9%9D%A2%E5%81%B4%E4%BB%94+%E6%97%A5%E6%9C%AC%E7%99%BC%E5%85%89%E9%AF%9B+%E6%B7%B1%E6%B0%B4%E6%83%A1+%E7%99%BC%E5%85%89%E9%AF%9B+%E7%9B%AE%E6%9C%AC%E4%BB%94+%E9%AF%9B%E7%A7%91+&oid=14955 HTTP/1.1" 200 3666
66.249.79.139 - - [15/Jul/2016:12:09:26 +0800] "GET /content/nav/relationSubject.jsp?relationWords=%E5%8A%89%E9%82%A6%E5%8F%8B%20%E8%98%87%E6%B4%AA%E6%9C%88%E5%AC%8C%20&oid=1890243 HTTP/1.1" 200 3305
66.249.71.136 - - [15/Jul/2016:12:09:40 +0800] "GET /content/repository/resource_content.jsp?oid=1460073&queryString=%E6%9E%97%E4%B8%8B%E8%96%B9%20%E8%96%B9%E5%B1%AC HTTP/1.1" 200 31604
66.249.71.136 - - [15/Jul/2016:12:10:01 +0800] "GET /content/repository/resource_content.jsp?oid=1103809 HTTP/1.1" 200 31525
66.249.71.152 - - [15/Jul/2016:12:10:21 +0800] "GET /content/nav/relationSubject.jsp?relationWords=%E6%A3%8B%E7%9B%A4%E8%85%B3%E6%A8%B9%E5%B1%AC+%E6%A4%8D%E7%89%A9%E7%95%8C+%E6%B0%B4%E8%8C%84%E8%8B%B3+%E7%8E%89%E8%95%8A%E7%A7%91+&oid=2150440 HTTP/1.1" 200 4157
66.249.71.166 - - [15/Jul/2016:12:10:21 +0800] "GET /content/nav/relationSubject.jsp?relationWords=%E6%A3%8B%E7%9B%A4%E8%85%B3%E6%A8%B9%E5%B1%AC%20%E6%A4%8D%E7%89%A9%E7%95%8C%20%E6%B0%B4%E8%8C%84%E8%8B%B3%20%E7%8E%89%E8%95%8A%E7%A7%91%20&oid=2150440 HTTP/1.1" 200 4157
66.249.71.136 - - [15/Jul/2016:12:10:33 +0800] "GET /content/nav/relationSubject.jsp?relationWords=%E5%A4%A7%E8%8A%B1%E5%92%B8%E8%B1%90%E8%8D%89+%E6%A4%8D%E7%89%A9%E7%95%8C+%E8%8F%8A%E7%A7%91+%E9%9B%99%E5%AD%90%E8%91%89%E6%A4%8D%E7%89%A9+%E9%AC%BC%E9%87%9D%E5%B1%AC+&oid=1108308 HTTP/1.1" 200 3443
66.249.71.136 - - [15/Jul/2016:12:10:37 +0800] "GET /content/nav/relationSubject.jsp?relationWords=%E5%A4%A7%E8%8A%B1%E5%92%B8%E8%B1%90%E8%8D%89%20%E6%A4%8D%E7%89%A9%E7%95%8C%20%E8%8F%8A%E7%A7%91%20%E9%9B%99%E5%AD%90%E8%91%89%E6%A4%8D%E7%89%A9%20%E9%AC%BC%E9%87%9D%E5%B1%AC%20&oid=1108308 HTTP/1.1" 200 3443
66.249.71.136 - - [15/Jul/2016:12:11:03 +0800] "GET /content/nav/relationSubject.jsp?relationWords=%E5%8F%94%E6%9C%95%E7%B0%A0+&oid=1816190 HTTP/1.1" 200 3195
66.249.71.136 - - [15/Jul/2016:12:11:04 +0800] "GET /content/nav/relationSubject.jsp?relationWords=%E5%8F%94%E6%9C%95%E7%B0%A0%20&oid=1816190 HTTP/1.1" 200 3195
66.249.71.136 - - [15/Jul/2016:12:11:08 +0800] "GET /content/nav/relationSubject.jsp?relationWords=%E6%95%B8%E4%BD%8D%E5%85%B8%E8%97%8F%20%E6%96%B0%E5%A4%A9%E5%9C%B0%20%E9%AD%9A%E9%A1%9E%E8%B3%87%E6%96%99%E5%BA%AB%20&oid=16777568 HTTP/1.1" 200 7856
66.249.71.136 - - [15/Jul/2016:12:11:13 +0800] "GET /content/subject/resource_content.jsp?oid=16777835&queryString= HTTP/1.1" 200 50984
66.249.71.136 - - [15/Jul/2016:12:11:27 +0800] "GET /content/nav/relationSubject.jsp?relationWords=%E6%A1%83%E9%87%91%E5%AD%83+%E6%A1%83%E9%87%91%E5%AD%83%E7%A7%91+%E6%A4%8D%E7%89%A9%E7%95%8C+%E7%99%BD%E5%8D%83%E5%B1%A4+&oid=3823354 HTTP/1.1" 200 4691
66.249.71.136 - - [15/Jul/2016:12:11:28 +0800] "GET /content/nav/relationSubject.jsp?relationWords=%E6%A1%83%E9%87%91%E5%AD%83%20%E6%A1%83%E9%87%91%E5%AD%83%E7%A7%91%20%E6%A4%8D%E7%89%A9%E7%95%8C%20%E7%99%BD%E5%8D%83%E5%B1%A4%20&oid=3823354 HTTP/1.1" 200 4691
66.249.79.137 - - [15/Jul/2016:12:11:36 +0800] "GET /content/repository/resource_content.jsp?oid=184426 HTTP/1.1" 200 30347
157.55.39.154 - - [15/Jul/2016:12:11:37 +0800] "GET /content/tmp_exh/resource_content.jsp?oid=16777849&queryType=qc HTTP/1.1" 200 32528
66.249.71.159 - - [15/Jul/2016:12:11:44 +0800] "GET /content/nav/relationSubject.jsp?relationWords=%E5%8C%97%E7%99%BD%E5%B7%9D%E5%AE%AE+%E5%8D%97%E6%96%B9%E8%B3%87%E6%96%99%E9%A4%A8+%E8%83%BD%E4%B9%85%E8%A6%AA%E7%8E%8B+&oid=1078311 HTTP/1.1" 200 3216
66.249.71.159 - - [15/Jul/2016:12:11:48 +0800] "GET /content/nav/relationSubject.jsp?relationWords=%E5%8C%97%E7%99%BD%E5%B7%9D%E5%AE%AE%20%E5%8D%97%E6%96%B9%E8%B3%87%E6%96%99%E9%A4%A8%20%E8%83%BD%E4%B9%85%E8%A6%AA%E7%8E%8B%20&oid=1078311 HTTP/1.1" 200 3216
66.249.79.137 - - [15/Jul/2016:12:12:45 +0800] "GET /content/repository/resource_content.jsp?oid=1779248 HTTP/1.1" 200 31094
66.249.71.136 - - [15/Jul/2016:12:12:46 +0800] "GET /content/nav/relationSubject.jsp?relationWords=%E5%85%AD%E9%BE%9C%E7%B2%97%E7%B3%A0%E6%A8%B9+%E6%A4%8D%E7%89%A9%E7%95%8C+%E7%B4%AB%E7%8F%A0%E5%B1%AC+%E9%A6%AC%E9%9E%AD%E8%8D%89%E7%A7%91+&oid=1105995 HTTP/1.1" 200 3197
66.249.71.136 - - [15/Jul/2016:12:12:49 +0800] "GET /content/nav/relationSubject.jsp?relationWords=%E5%85%AD%E9%BE%9C%E7%B2%97%E7%B3%A0%E6%A8%B9%20%E6%A4%8D%E7%89%A9%E7%95%8C%20%E7%B4%AB%E7%8F%A0%E5%B1%AC%20%E9%A6%AC%E9%9E%AD%E8%8D%89%E7%A7%91%20&oid=1105995 HTTP/1.1" 200 3197
66.249.71.136 - - [15/Jul/2016:12:13:10 +0800] "GET /content/repository/resource_content.jsp?oid=1870435 HTTP/1.1" 200 30359
66.249.71.136 - - [15/Jul/2016:12:13:11 +0800] "GET /content/nav/relationSubject.jsp?relationWords=%E6%A4%8D%E7%89%A9%E7%95%8C%20%E7%94%9F%E6%AF%9B%E5%B0%87%E8%BB%8D%20%E8%89%BE%E7%B4%8D%E9%A6%99%E5%B1%AC%20%E8%8F%8A%E7%A7%91%20%E9%9B%99%E5%AD%90%E8%91%89%E6%A4%8D%E7%89%A9%20&oid=1104622 HTTP/1.1" 200 3407
66.249.71.159 - - [15/Jul/2016:12:14:17 +0800] "GET /content/repository/resource_content.jsp?oid=1124539&queryType=qs&queryString=%E6%B7%B1%E8%A4%90%E8%89%B2 HTTP/1.1" 200 37798
66.249.71.136 - - [15/Jul/2016:12:14:44 +0800] "GET /content/repository/resource_content.jsp?oid=1568456 HTTP/1.1" 200 28728
66.249.71.136 - - [15/Jul/2016:12:14:44 +0800] "GET /content/nav/relationSubject.jsp?relationWords=%E7%9B%A7%E9%98%BF%E6%A1%B6%20%E7%B3%96%E5%BB%A0%20%E8%87%BA%E7%B3%96%20%E8%BE%B2%E6%9E%97%E5%BB%B3%20&oid=1524762 HTTP/1.1" 200 4473
66.249.71.136 - - [15/Jul/2016:12:14:48 +0800] "GET /content/nav/relationSubject.jsp?relationWords=%E6%B5%B7%E6%AA%AC%E6%9E%9C%20&oid=16777376 HTTP/1.1" 200 4094
66.249.71.136 - - [15/Jul/2016:12:15:11 +0800] "GET /content/nav/relationSubject.jsp?relationWords=Lapita+&oid=4563947 HTTP/1.1" 200 1412
66.249.71.136 - - [15/Jul/2016:12:15:12 +0800] "GET /content/nav/relationSubject.jsp?relationWords=Lapita%20&oid=4563947 HTTP/1.1" 200 1412
66.249.71.136 - - [15/Jul/2016:12:15:29 +0800] "GET /content/nav/relationSubject.jsp?relationWords=%E4%BC%8F%E7%BE%B2+%E5%A5%B3%E5%AA%A7+%E6%AD%A6%E6%96%91%E7%A5%A0+%E6%AD%A6%E6%B0%8F%E7%A5%A0%E5%B7%A6%E7%9F%B3%E5%AE%A4+%E7%A7%A6%E7%8E%8B+%E9%9D%88%E7%95%B0+&oid=1811992 HTTP/1.1" 200 5236
66.249.71.136 - - [15/Jul/2016:12:15:49 +0800] "GET /content/repository/resource_content.jsp?oid=1529268&queryString=%E8%A5%BF%E8%9E%BA%E5%A4%A7%E6%A9%8B HTTP/1.1" 200 29917
66.249.71.136 - - [15/Jul/2016:12:15:50 +0800] "GET /content/nav/relationSubject.jsp?relationWords=%E9%87%8E%E8%8F%9C+&oid=1773512 HTTP/1.1" 200 3115
66.249.71.136 - - [15/Jul/2016:12:15:51 +0800] "GET /content/nav/relationSubject.jsp?relationWords=%E8%81%96%E7%8E%8B%20%E9%96%8B%E5%8F%B0%20&oid=4362758 HTTP/1.1" 200 3022
66.249.71.136 - - [15/Jul/2016:12:15:53 +0800] "GET /content/nav/relationSubject.jsp?relationWords=%E9%87%8E%E8%8F%9C%20&oid=1773512 HTTP/1.1" 200 3115
66.249.79.228 - - [15/Jul/2016:12:16:17 +0800] "GET /content/nav/relationSubject.jsp?relationWords=%E6%80%9D%E6%83%B3+%E9%87%8D%E6%85%B6%E5%8D%97%E8%B7%AF+&oid=16777799 HTTP/1.1" 200 5656
66.249.71.136 - - [15/Jul/2016:12:16:19 +0800] "GET /content/repository/resource_content.jsp?oid=1895712 HTTP/1.1" 200 28688
66.249.71.194 - - [15/Jul/2016:12:16:20 +0800] "GET /content/nav/relationSubject.jsp?relationWords=%E6%80%9D%E6%83%B3%20%E9%87%8D%E6%85%B6%E5%8D%97%E8%B7%AF%20&oid=16777799 HTTP/1.1" 200 5656
68.180.231.49 - - [15/Jul/2016:12:16:45 +0800] "GET /content/subject/resource_content.jsp?oid=16777841&queryType=qc> HTTP/1.1" 200 27539
163.20.242.74 - - [15/Jul/2016:12:17:03 +0800] "GET /content/nav/relationSubject.jsp?relationWords=%E7%B4%AB%E8%96%87+&oid=16777424 HTTP/1.1" 200 4000
66.249.71.152 - - [15/Jul/2016:12:17:22 +0800] "GET /content/repository/resource_content.jsp?oid=1888109&queryType=qs&queryString=%E5%82%B5%E6%AC%8A HTTP/1.1" 200 30715
66.249.79.137 - - [15/Jul/2016:12:17:37 +0800] "GET /content/nav/relationSubject.jsp?relationWords=%E6%A4%8D%E7%89%A9%E7%95%8C%20%E7%9F%B3%E7%AB%B9%20%E8%90%BD%E8%91%B5%20%E8%90%BD%E8%91%B5%E5%B1%AC%20&oid=1105463 HTTP/1.1" 200 3257
66.249.79.137 - - [15/Jul/2016:12:17:54 +0800] "GET /content/repository/resource_content.jsp?oid=1457429 HTTP/1.1" 200 30904
66.249.71.136 - - [15/Jul/2016:12:18:25 +0800] "GET /content/nav/relationSubject.jsp?relationWords=%E5%99%B4%E9%9C%A7%E5%99%A8+%E5%A2%9E%E7%94%A2%E6%A1%88+%E6%A4%8D%E5%AD%97+&oid=1621996 HTTP/1.1" 200 3366
66.249.71.136 - - [15/Jul/2016:12:18:26 +0800] "GET /content/nav/relationSubject.jsp?relationWords=%E5%99%B4%E9%9C%A7%E5%99%A8%20%E5%A2%9E%E7%94%A2%E6%A1%88%20%E6%A4%8D%E5%AD%97%20&oid=1621996 HTTP/1.1" 200 3366
66.249.71.136 - - [15/Jul/2016:12:18:40 +0800] "GET /content/nav/relationSubject.jsp?relationWords=%E5%87%BA%E8%B7%AF%20%E7%95%A2%E6%A5%AD%E7%94%9F%20&oid=1573991 HTTP/1.1" 200 3349
66.249.71.136 - - [15/Jul/2016:12:18:45 +0800] "GET /content/nav/relationSubject.jsp?relationWords=%E4%B9%B3%E6%A5%AD%20%E8%A8%B1%E6%96%B0%E6%9E%9D%20%E8%B3%AA%E8%A9%A2%20&oid=1568149 HTTP/1.1" 200 4984
66.249.71.136 - - [15/Jul/2016:12:18:54 +0800] "GET /content/repository/resource_content.jsp?oid=1782663 HTTP/1.1" 200 28623
66.249.71.136 - - [15/Jul/2016:12:19:28 +0800] "GET /content/repository/resource_content.jsp?oid=1108216 HTTP/1.1" 200 31155
66.249.71.136 - - [15/Jul/2016:12:19:52 +0800] "GET /content/nav/relationSubject.jsp?relationWords=%E5%B9%B3%E9%A0%AD%E9%AD%9A+%E9%BB%91%E9%A0%AD%E9%AD%9A+&oid=14433 HTTP/1.1" 200 3363
66.249.71.136 - - [15/Jul/2016:12:19:54 +0800] "GET /content/nav/relationSubject.jsp?relationWords=%E5%B9%B3%E9%A0%AD%E9%AD%9A%20%E9%BB%91%E9%A0%AD%E9%AD%9A%20&oid=14433 HTTP/1.1" 200 3363
68.180.231.49 - - [15/Jul/2016:12:20:10 +0800] "GET /digiarch_en/content/subject/resource_content.jsp?oid=16777451&queryType=qc HTTP/1.1" 200 22724
66.249.71.136 - - [15/Jul/2016:12:20:22 +0800] "GET /content/nav/relationSubject.jsp?relationWords=%E5%8D%97%E4%BA%9E%E8%9D%B8%E7%89%9B%E7%A7%91+%E6%9F%84%E7%9C%BC%E7%9B%AE+%E6%A0%97%E8%9D%B8%E7%89%9B%E5%B1%AC+%E6%A9%A1%E5%AF%A6%E8%9D%B8%E7%89%9B+%E8%85%B9%E8%B6%B3%E7%B6%B1+&oid=1636942 HTTP/1.1" 200 3441
66.249.71.166 - - [15/Jul/2016:12:20:26 +0800] "GET /content/subject/resource_content.jsp?oid=16777600&queryType=qs&queryString=%E6%97%A5%E6%B2%BB%E6%99%82%E6%9C%9F HTTP/1.1" 200 50251
180.76.15.26 - - [15/Jul/2016:12:20:35 +0800] "GET /content/repository/resource_content.jsp?oid=2149387&queryString=%E6%A4%8D%E7%89%A9%E7%95%8C%20%E6%A8%9F%E5%B1%AC%20%E6%A8%9F%E7%A7%91%20%E8%8F%B2%E5%BE%8B%E8%B3%93%E6%A8%9F%E6%A8%B9 HTTP/1.1" 200 31733
66.249.71.136 - - [15/Jul/2016:12:21:03 +0800] "GET /content/repository/resource_content.jsp?oid=1595299 HTTP/1.1" 200 29165
66.249.79.137 - - [15/Jul/2016:12:21:06 +0800] "GET /content/nav/relationSubject.jsp?relationWords=%E5%8F%B0%E7%81%A3%E8%8B%A6%E6%AB%A7+%E5%8F%B0%E7%81%A3%E9%8C%90%E6%A0%97+%E6%A0%B2%E5%B1%AC+%E6%A4%8D%E7%89%A9%E7%95%8C+%E6%AE%BC%E6%96%97%E7%A7%91+&oid=2149752 HTTP/1.1" 200 3461
66.249.71.136 - - [15/Jul/2016:12:21:07 +0800] "GET /content/nav/relationSubject.jsp?relationWords=%E5%8F%B0%E7%81%A3%E8%8B%A6%E6%AB%A7%20%E5%8F%B0%E7%81%A3%E9%8C%90%E6%A0%97%20%E6%A0%B2%E5%B1%AC%20%E6%A4%8D%E7%89%A9%E7%95%8C%20%E6%AE%BC%E6%96%97%E7%A7%91%20&oid=2149752 HTTP/1.1" 200 3461
66.249.71.136 - - [15/Jul/2016:12:21:19 +0800] "GET /content/nav/relationSubject.jsp?relationWords=%E6%9D%BE%E7%A7%91+%E6%9D%BE%E9%96%80+%E6%A4%8D%E7%89%A9%E7%95%8C+%E7%9F%B3%E6%9D%BE+%E7%9F%B3%E6%9D%BE%E5%B1%AC+%E9%95%B7%E6%9F%84%E5%8D%83%E5%B1%A4%E5%A1%94+&oid=2149070 HTTP/1.1" 200 3385
66.249.71.136 - - [15/Jul/2016:12:21:21 +0800] "GET /content/nav/relationSubject.jsp?relationWords=%E6%9D%BE%E7%A7%91%20%E6%9D%BE%E9%96%80%20%E6%A4%8D%E7%89%A9%E7%95%8C%20%E7%9F%B3%E6%9D%BE%20%E7%9F%B3%E6%9D%BE%E5%B1%AC%20%E9%95%B7%E6%9F%84%E5%8D%83%E5%B1%A4%E5%A1%94%20&oid=2149070 HTTP/1.1" 200 3385
66.249.71.136 - - [15/Jul/2016:12:21:35 +0800] "GET /content/nav/relationSubject.jsp?relationWords=%E4%B8%AD%E8%97%A5+%E5%85%AC%E6%95%99%E4%BA%BA%E5%93%A1+%E5%8F%B8%E6%A9%9F+%E5%9C%B0%E8%99%9F+%E6%95%99%E8%82%B2%E8%A3%9C%E5%8A%A9%E8%B2%BB+%E6%A5%AD%E4%B8%BB+%E6%B4%A5%E8%B2%BC+%E7%89%B9%E5%88%A5%E8%BE%A6%E5%85%AC%E8%B2%BB+%E7%94%B0%E8%B3%A6+%E7%A8%BB%E4%BD%9C+%E8%B2%A1%E6%94%BF+%E9%A0%90%E7%AE%97%E6%8E%A7%E5%88%B6+&oid=1550833 HTTP/1.1" 200 5681
66.249.71.136 - - [15/Jul/2016:12:21:40 +0800] "GET /content/nav/relationSubject.jsp?relationWords=%E4%B8%AD%E8%97%A5%20%E5%85%AC%E6%95%99%E4%BA%BA%E5%93%A1%20%E5%8F%B8%E6%A9%9F%20%E5%9C%B0%E8%99%9F%20%E6%95%99%E8%82%B2%E8%A3%9C%E5%8A%A9%E8%B2%BB%20%E6%A5%AD%E4%B8%BB%20%E6%B4%A5%E8%B2%BC%20%E7%89%B9%E5%88%A5%E8%BE%A6%E5%85%AC%E8%B2%BB%20%E7%94%B0%E8%B3%A6%20%E7%A8%BB%E4%BD%9C%20%E8%B2%A1%E6%94%BF%20%E9%A0%90%E7%AE%97%E6%8E%A7%E5%88%B6%20&oid=1550833 HTTP/1.1" 200 5681
66.249.71.166 - - [15/Jul/2016:12:21:50 +0800] "GET /content/nav/relationSubject.jsp?relationWords=%E5%8F%B0%E7%81%A3%E5%8F%B2%20&oid=16777389 HTTP/1.1" 200 3855
66.249.71.136 - - [15/Jul/2016:12:21:59 +0800] "GET /content/repository/resource_content.jsp?oid=3823415&queryString=%E6%A4%8D%E7%89%A9%E7%95%8C%20%E8%93%BC%E7%A7%91%20%E9%85%B8%E6%A8%A1%20%E9%85%B8%E6%A8%A1%E5%B1%AC HTTP/1.1" 200 31132
66.249.66.170 - - [15/Jul/2016:12:22:05 +0800] "GET /content/repository/resource_content.jsp?oid=1108216 HTTP/1.1" 200 31155
66.249.71.136 - - [15/Jul/2016:12:22:37 +0800] "GET /content/repository/resource_content.jsp?oid=1123870 HTTP/1.1" 200 29432
66.249.79.137 - - [15/Jul/2016:12:22:56 +0800] "GET /content/nav/relationSubject.jsp?relationWords=&oid=2656814 HTTP/1.1" 200 1405
66.249.71.136 - - [15/Jul/2016:12:23:26 +0800] "GET /content/nav/relationSubject.jsp?relationWords=%E6%80%9D%E6%83%B3+%E8%87%BA%E5%A4%A7+%E9%87%8D%E6%85%B6%E5%8D%97%E8%B7%AF+&oid=16777814 HTTP/1.1" 200 5934
66.249.71.159 - - [15/Jul/2016:12:23:31 +0800] "GET /content/subject/resource_content.jsp?oid=16777617&queryType=qs&queryString=%E8%94%A1%E9%98%BF%E4%BF%A1 HTTP/1.1" 200 60789
157.55.39.119 - - [15/Jul/2016:12:23:47 +0800] "GET /content/subject/resource_content.jsp?oid=16777485&queryType=qc HTTP/1.1" 200 39412
157.55.39.20 - - [15/Jul/2016:12:24:07 +0800] "GET /content/repository/resource_content.jsp?oid=14632 HTTP/1.1" 200 35341
66.249.71.136 - - [15/Jul/2016:12:24:12 +0800] "GET /content/repository/resource_content.jsp?oid=1109637 HTTP/1.1" 200 31083
66.249.71.136 - - [15/Jul/2016:12:24:16 +0800] "GET /content/nav/relationSubject.jsp?relationWords=%E6%A4%8D%E7%89%A9%E7%95%8C%20%E8%8D%89%E7%B4%AB%E9%99%BD%E8%8A%B1%20%E8%96%94%E8%96%87%E7%9B%AE%20%E8%99%8E%E8%80%B3%E8%8D%89%E7%A7%91%20&oid=1460176 HTTP/1.1" 200 3362
66.249.71.136 - - [15/Jul/2016:12:25:04 +0800] "GET /content/subject/resource_content.jsp?oid=16777475&queryString=%E5%A4%9A%E6%A8%A3%E6%80%A7 HTTP/1.1" 200 62067
157.55.39.20 - - [15/Jul/2016:12:25:27 +0800] "GET /content/subject/resource_content.jsp?oid=16777543&queryType=qc HTTP/1.1" 200 41364
66.249.71.136 - - [15/Jul/2016:12:25:45 +0800] "GET /digiarch_en/content/repository/resource_content.jsp?oid=1900462&queryString=%E7%8F%BE%E7%8B%80 HTTP/1.1" 200 25983
66.249.71.166 - - [15/Jul/2016:12:26:36 +0800] "GET /content/subject/resource_content.jsp?oid=16777488&queryType=qs&queryString=%E6%B2%88%E4%B8%96%E5%82%91 HTTP/1.1" 200 60850
66.249.71.143 - - [15/Jul/2016:12:27:24 +0800] "GET /content/repository/resource_content.jsp?oid=1113726&queryString=%E5%86%B7%E8%95%A8%E5%B1%AC%20%E5%AF%AC%E8%91%89%E5%86%B7%E8%95%A8 HTTP/1.1" 200 30255
66.249.71.143 - - [15/Jul/2016:12:28:08 +0800] "GET /content/repository/resource_content.jsp?oid=2153003&queryString=%E5%86%B7%E6%9D%89%E5%B1%AC%20%E5%8F%B0%E7%81%A3%E5%86%B7%E6%9D%89%20%E6%9D%BE%E6%9D%89%20%E6%9D%BE%E7%A7%91%20%E6%A4%8D%E7%89%A9%E7%95%8C%20%E6%AF%AC%E6%9E%9C HTTP/1.1" 200 31438
66.249.71.136 - - [15/Jul/2016:12:28:50 +0800] "GET /content/nav/relationSubject.jsp?relationWords=%E4%B8%89%E5%BA%9C%E6%95%99+%E9%AB%98%E6%99%AE%E8%80%83+&oid=1554367 HTTP/1.1" 200 4043
66.249.71.150 - - [15/Jul/2016:12:28:53 +0800] "GET /content/nav/relationSubject.jsp?relationWords=%E4%B8%89%E5%BA%9C%E6%95%99%20%E9%AB%98%E6%99%AE%E8%80%83%20&oid=1554367 HTTP/1.1" 200 4043
66.249.71.143 - - [15/Jul/2016:12:28:55 +0800] "GET /content/repository/resource_content.jsp?oid=1550066&queryString=%E5%86%A4%E7%8D%84 HTTP/1.1" 200 28677
66.249.71.136 - - [15/Jul/2016:12:29:51 +0800] "GET /digiarch_en/content/nav/relationSubject.jsp?relationWords=%E6%9D%BF%E6%A9%9F%E9%AD%A8+%E9%B1%97%E9%AD%A8+%E9%B1%97%E9%AD%A8%E7%A7%91+%E9%BB%83%E7%B7%A3+%E9%BB%83%E7%B7%A3%E6%93%AC+&oid=16478 HTTP/1.1" 200 3528
66.249.71.136 - - [15/Jul/2016:12:29:54 +0800] "GET /digiarch_en/content/nav/relationSubject.jsp?relationWords=%E6%9D%BF%E6%A9%9F%E9%AD%A8%20%E9%B1%97%E9%AD%A8%20%E9%B1%97%E9%AD%A8%E7%A7%91%20%E9%BB%83%E7%B7%A3%20%E9%BB%83%E7%B7%A3%E6%93%AC%20&oid=16478 HTTP/1.1" 200 3528
66.249.71.166 - - [15/Jul/2016:12:29:56 +0800] "GET /content/nav/relationSubject.jsp?relationWords=%E5%B1%85%E5%BB%B6%E6%BC%A2%E7%B0%A1%20%E6%B0%B8%E5%85%83%20&oid=279363 HTTP/1.1" 200 3212
66.249.71.136 - - [15/Jul/2016:12:30:13 +0800] "GET /content/nav/relationSubject.jsp?relationWords=%E6%A4%8D%E7%89%A9%E7%95%8C%20%E8%93%BC%E5%B1%AC%20%E8%93%BC%E7%A7%91%20%E8%99%8E%E6%9D%96%20%E9%BB%83%E8%97%A5%E5%AD%90%20&oid=2143088 HTTP/1.1" 200 3361
66.249.71.136 - - [15/Jul/2016:12:30:30 +0800] "GET /content/repository/resource_content.jsp?oid=1104921&queryString=%E5%8F%B0%E7%81%A3%E9%B1%97%E7%90%83%E8%8A%B1%20%E6%A4%8D%E7%89%A9%E7%95%8C%20%E7%88%B5%E5%BA%8A%E7%A7%91%20%E7%8E%84%E5%8F%83%20%E9%B1%97%E7%90%83%E8%8A%B1%E5%B1%AC HTTP/1.1" 200 31550
66.249.79.137 - - [15/Jul/2016:12:31:13 +0800] "GET /content/repository/resource_content.jsp?oid=2688821&queryString=%E5%B7%A5%E9%83%A8%20%E8%B3%A0%E9%8A%80 HTTP/1.1" 200 30869
66.249.71.136 - - [15/Jul/2016:12:31:31 +0800] "GET /content/nav/relationSubject.jsp?relationWords=%E5%A4%A7%E4%B8%81%E9%BB%83+%E6%A4%8D%E7%89%A9%E7%95%8C+%E8%A1%9B%E7%9F%9B+%E8%A1%9B%E7%9F%9B%E5%B1%AC+%E8%A1%9B%E7%9F%9B%E7%A7%91+&oid=1103294 HTTP/1.1" 200 3347
66.249.71.136 - - [15/Jul/2016:12:31:34 +0800] "GET /content/nav/relationSubject.jsp?relationWords=%E5%A4%A7%E4%B8%81%E9%BB%83%20%E6%A4%8D%E7%89%A9%E7%95%8C%20%E8%A1%9B%E7%9F%9B%20%E8%A1%9B%E7%9F%9B%E5%B1%AC%20%E8%A1%9B%E7%9F%9B%E7%A7%91%20&oid=1103294 HTTP/1.1" 200 3347
66.249.71.136 - - [15/Jul/2016:12:32:04 +0800] "GET /content/repository/resource_content.jsp?oid=1613720 HTTP/1.1" 200 29312
66.249.71.136 - - [15/Jul/2016:12:32:45 +0800] "GET /content/repository/resource_content.jsp?oid=1531358&queryString=%E7%9C%81%E6%94%BF%E5%BA%9C%20%E7%BE%8E%E6%8F%B4%20%E8%87%A8%E6%99%82%E7%9C%81%E8%AD%B0%E6%9C%83%20%E8%87%BA%E7%81%A3%E7%9C%81%20%E8%AD%B0%E5%93%A1%E9%BB%83%E5%A0%AF%20%E8%B2%B8%E6%AC%BE HTTP/1.1" 200 31241
66.249.71.136 - - [15/Jul/2016:12:32:49 +0800] "GET /content/nav/relationSubject.jsp?relationWords=%E8%BE%B2%E7%94%A2%E5%93%81+&oid=1619359 HTTP/1.1" 200 4121
66.249.71.136 - - [15/Jul/2016:12:32:54 +0800] "GET /content/nav/relationSubject.jsp?relationWords=%E8%BE%B2%E7%94%A2%E5%93%81%20&oid=1619359 HTTP/1.1" 200 4121
66.249.71.136 - - [15/Jul/2016:12:33:39 +0800] "GET /content/repository/resource_content.jsp?oid=1115563 HTTP/1.1" 200 31569
36.232.71.28 - - [15/Jul/2016:12:34:11 +0800] "GET /content/nav/relationSubject.jsp?relationWords=&oid=16777459 HTTP/1.1" 200 1405
66.249.79.137 - - [15/Jul/2016:12:34:18 +0800] "GET /content/repository/resource_content.jsp?oid=1571707&queryString=%E5%88%91%E4%BA%8B%E8%A8%B4%E8%A8%9F%E6%B3%95 HTTP/1.1" 200 30273
66.249.71.136 - - [15/Jul/2016:12:35:04 +0800] "GET /content/nav/relationSubject.jsp?relationWords=%E6%A4%8D%E7%89%A9%E7%95%8C%20%E6%A5%9D%E7%A7%91%20%E7%84%A1%E6%82%A3%E5%AD%90%20%E8%98%AD%E5%B6%BC%E6%A4%8C%E6%9C%A8%20&oid=1457782 HTTP/1.1" 200 3300
66.249.71.136 - - [15/Jul/2016:12:35:13 +0800] "GET /content/repository/resource_content.jsp?oid=2150849 HTTP/1.1" 200 31171
188.165.233.228 - - [15/Jul/2016:12:35:17 +0800] "GET /content/subject/resource_content.jsp?oid=16777842&queryType=qc HTTP/1.1" 200 36286
188.165.233.228 - - [15/Jul/2016:12:35:21 +0800] "GET /content/subject/resource_content.jsp?oid=16777841&queryType=qc HTTP/1.1" 200 27550
188.165.233.228 - - [15/Jul/2016:12:35:24 +0800] "GET /content/subject/resource_content.jsp?oid=16777839&queryType=qc HTTP/1.1" 200 27204
188.165.233.228 - - [15/Jul/2016:12:35:28 +0800] "GET /content/subject/resource_content.jsp?oid=16777840&queryType=qc HTTP/1.1" 200 40660
188.165.233.228 - - [15/Jul/2016:12:35:31 +0800] "GET /content/subject/resource_content.jsp?oid=16777838&queryType=qc HTTP/1.1" 200 59060
188.165.233.228 - - [15/Jul/2016:12:35:35 +0800] "GET /content/subject/resource_content.jsp?oid=16777801&queryType=qc HTTP/1.1" 200 43021
188.165.233.228 - - [15/Jul/2016:12:35:38 +0800] "GET /content/subject/resource_content.jsp?oid=16777749&queryType=qc HTTP/1.1" 200 41259
188.165.233.228 - - [15/Jul/2016:12:35:44 +0800] "GET /content/subject/resource_content.jsp?oid=16777742&queryType=qc HTTP/1.1" 200 39037
188.165.233.228 - - [15/Jul/2016:12:35:48 +0800] "GET /content/subject/resource_content.jsp?oid=16777741&queryType=qc HTTP/1.1" 200 53549
188.165.233.228 - - [15/Jul/2016:12:35:53 +0800] "GET /content/subject/resource_content.jsp?oid=16777740&queryType=qc HTTP/1.1" 200 41309
188.165.233.228 - - [15/Jul/2016:12:35:57 +0800] "GET /content/subject/resource_content.jsp?oid=16777842&queryType=qc> HTTP/1.1" 200 36286
36.232.71.28 - - [15/Jul/2016:12:35:59 +0800] "GET /content/subject/resource_content.jsp?oid=16777706 HTTP/1.1" 200 53849
36.232.71.28 - - [15/Jul/2016:12:35:59 +0800] "GET /content/nav/relationSubject.jsp?relationWords=%E5%A0%A1%E5%9C%96+&oid=16777706 HTTP/1.1" 200 2864
188.165.233.228 - - [15/Jul/2016:12:36:00 +0800] "GET /content/subject/resource_content.jsp?oid=16777841&queryType=qc> HTTP/1.1" 200 27550
188.165.233.228 - - [15/Jul/2016:12:36:04 +0800] "GET /content/subject/resource_content.jsp?oid=16777839&queryType=qc> HTTP/1.1" 200 27204
188.165.233.228 - - [15/Jul/2016:12:36:07 +0800] "GET /content/subject/resource_content.jsp?oid=16777840&queryType=qc> HTTP/1.1" 200 40660
188.165.233.228 - - [15/Jul/2016:12:36:10 +0800] "GET /content/subject/resource_content.jsp?oid=16777838&queryType=qc> HTTP/1.1" 200 59060
188.165.233.228 - - [15/Jul/2016:12:36:14 +0800] "GET /content/subject/resource_content.jsp?oid=16777805&queryType=qc HTTP/1.1" 200 35157
188.165.233.228 - - [15/Jul/2016:12:36:18 +0800] "GET /content/subject/resource_content.jsp?oid=16777736&queryType=qc HTTP/1.1" 200 43178
188.165.233.228 - - [15/Jul/2016:12:36:22 +0800] "GET /content/subject/resource_content.jsp?oid=16777721&queryType=qc HTTP/1.1" 200 36340
188.165.233.228 - - [15/Jul/2016:12:36:25 +0800] "GET /content/subject/resource_content.jsp?oid=16777599&queryType=qc HTTP/1.1" 200 36988
188.165.233.228 - - [15/Jul/2016:12:36:29 +0800] "GET /content/subject/resource_content.jsp?oid=16777448&queryType=qc HTTP/1.1" 200 34511
188.165.233.228 - - [15/Jul/2016:12:36:32 +0800] "GET /content/subject/resource_content.jsp?oid=16777779&queryType=qc HTTP/1.1" 200 37723
188.165.233.228 - - [15/Jul/2016:12:36:36 +0800] "GET /content/subject/resource_content.jsp?oid=16777780&queryType=qc HTTP/1.1" 200 33947
188.165.233.228 - - [15/Jul/2016:12:36:39 +0800] "GET /content/subject/resource_content.jsp?oid=16777764&queryType=qc HTTP/1.1" 200 40791
188.165.233.228 - - [15/Jul/2016:12:36:43 +0800] "GET /content/subject/resource_content.jsp?oid=16777746&queryType=qc HTTP/1.1" 200 39179
188.165.233.228 - - [15/Jul/2016:12:36:47 +0800] "GET /content/subject/resource_content.jsp?oid=16777745&queryType=qc HTTP/1.1" 200 35946
66.249.71.150 - - [15/Jul/2016:12:36:48 +0800] "GET /content/repository/resource_content.jsp?oid=1107845 HTTP/1.1" 200 31159
188.165.233.228 - - [15/Jul/2016:12:36:50 +0800] "GET /content/subject/resource_content.jsp?oid=16777837&queryType=qc HTTP/1.1" 200 37550
188.165.233.228 - - [15/Jul/2016:12:36:54 +0800] "GET /content/subject/resource_content.jsp?oid=16777753&queryType=qc HTTP/1.1" 200 36828
188.165.233.228 - - [15/Jul/2016:12:36:59 +0800] "GET /content/subject/resource_content.jsp?oid=16777734&queryType=qc HTTP/1.1" 200 40313
188.165.233.228 - - [15/Jul/2016:12:37:04 +0800] "GET /content/subject/resource_content.jsp?oid=16777731&queryType=qc HTTP/1.1" 200 43404
188.165.233.228 - - [15/Jul/2016:12:37:10 +0800] "GET /content/subject/resource_content.jsp?oid=16777730&queryType=qc HTTP/1.1" 200 46334
188.165.233.228 - - [15/Jul/2016:12:37:13 +0800] "GET /content/subject/resource_content.jsp?oid=16777468&queryType=qc HTTP/1.1" 200 33255
188.165.233.228 - - [15/Jul/2016:12:37:17 +0800] "GET /content/subject/resource_content.jsp?oid=16777469&queryType=qc HTTP/1.1" 200 31184
188.165.233.228 - - [15/Jul/2016:12:37:20 +0800] "GET /content/subject/resource_content.jsp?oid=16777470&queryType=qc HTTP/1.1" 200 29372
66.249.71.136 - - [15/Jul/2016:12:37:22 +0800] "GET /content/repository/resource_content.jsp?oid=14974&queryString=%E4%B9%9D%E5%88%BA%E9%AE%A8 HTTP/1.1" 200 34250
66.249.79.144 - - [15/Jul/2016:12:37:23 +0800] "GET /content/nav/relationSubject.jsp?relationWords=%E5%86%AC%E8%91%B5%E5%AD%90+%E6%A4%8D%E7%89%A9%E7%95%8C+%E8%8E%94%E9%BA%BB+%E9%8C%A6%E8%91%B5+%E9%8C%A6%E8%91%B5%E7%A7%91+&oid=2149955 HTTP/1.1" 200 3317
188.165.233.228 - - [15/Jul/2016:12:37:23 +0800] "GET /content/subject/resource_content.jsp?oid=16777471&queryType=qc HTTP/1.1" 200 30241
188.165.233.228 - - [15/Jul/2016:12:37:26 +0800] "GET /content/subject/resource_content.jsp?oid=16777463&queryType=qc HTTP/1.1" 200 28409
188.165.233.228 - - [15/Jul/2016:12:37:30 +0800] "GET /content/subject/resource_content.jsp?oid=16777825&queryType=qc HTTP/1.1" 200 41702
180.76.15.160 - - [15/Jul/2016:12:37:32 +0800] "GET /content/repository/resource_content.jsp?oid=15916&queryString=%E7%8B%97%E9%B0%B7%20%E9%AB%98%E9%B0%AD HTTP/1.1" 200 35177
66.249.71.152 - - [15/Jul/2016:12:37:33 +0800] "GET /content/nav/relationSubject.jsp?relationWords=%E7%A5%AD%E7%A5%80%E7%94%A8%E6%8E%98%E6%A3%92+%E9%9B%85%E7%BE%8E%E6%97%8F+&oid=1781024 HTTP/1.1" 200 3058
188.165.233.228 - - [15/Jul/2016:12:37:35 +0800] "GET /content/subject/resource_content.jsp?oid=16777788&queryType=qc HTTP/1.1" 200 42893
66.249.71.159 - - [15/Jul/2016:12:37:37 +0800] "GET /content/nav/relationSubject.jsp?relationWords=%E7%A5%AD%E7%A5%80%E7%94%A8%E6%8E%98%E6%A3%92%20%E9%9B%85%E7%BE%8E%E6%97%8F%20&oid=1781024 HTTP/1.1" 200 3058
188.165.233.228 - - [15/Jul/2016:12:37:39 +0800] "GET /content/subject/resource_content.jsp?oid=16777615&queryType=qc HTTP/1.1" 200 37941
188.165.233.228 - - [15/Jul/2016:12:37:42 +0800] "GET /content/subject/resource_content.jsp?oid=16777568&queryType=qc HTTP/1.1" 200 34873
210.240.38.19 - - [15/Jul/2016:12:37:44 +0800] "GET /content/nav/relationSubject.jsp?relationWords=%E8%8A%B1%E8%94%93+%E8%94%93%E6%BE%A4%E8%98%AD+&oid=16777266 HTTP/1.1" 200 4225
188.165.233.228 - - [15/Jul/2016:12:37:46 +0800] "GET /content/subject/resource_content.jsp?oid=16777566&queryType=qc HTTP/1.1" 200 31759
188.165.233.228 - - [15/Jul/2016:12:37:49 +0800] "GET /content/subject/resource_content.jsp?oid=16797234&queryType=qc HTTP/1.1" 200 46558
188.165.233.228 - - [15/Jul/2016:12:37:52 +0800] "GET /content/subject/resource_content.jsp?oid=16797240&queryType=qc HTTP/1.1" 200 42460
188.165.233.228 - - [15/Jul/2016:12:37:56 +0800] "GET /content/subject/resource_content.jsp?oid=16797242&queryType=qc HTTP/1.1" 200 46766
188.165.233.228 - - [15/Jul/2016:12:38:00 +0800] "GET /content/subject/resource_content.jsp?oid=16797246&queryType=qc HTTP/1.1" 200 43651
188.165.233.228 - - [15/Jul/2016:12:38:03 +0800] "GET /content/subject/resource_content.jsp?oid=16797239&queryType=qc HTTP/1.1" 200 44010
188.165.233.228 - - [15/Jul/2016:12:38:07 +0800] "GET /content/subject/resource_content.jsp?oid=16777794&queryType=qc HTTP/1.1" 200 43054
188.165.233.228 - - [15/Jul/2016:12:38:10 +0800] "GET /content/subject/resource_content.jsp?oid=16777793&queryType=qc HTTP/1.1" 200 42707
188.165.233.228 - - [15/Jul/2016:12:38:14 +0800] "GET /content/subject/resource_content.jsp?oid=16797294&queryType=qc HTTP/1.1" 200 45275
66.249.71.136 - - [15/Jul/2016:12:38:16 +0800] "GET /content/nav/relationSubject.jsp?relationWords=%E4%B8%89%E6%A3%98+&oid=33554843 HTTP/1.1" 200 3414
66.249.71.136 - - [15/Jul/2016:12:38:16 +0800] "GET /content/nav/relationSubject.jsp?relationWords=%E4%B8%89%E6%A3%98%20&oid=33554843 HTTP/1.1" 200 3414
188.165.233.228 - - [15/Jul/2016:12:38:18 +0800] "GET /content/subject/resource_content.jsp?oid=16797297&queryType=qc HTTP/1.1" 200 67888
66.249.71.143 - - [15/Jul/2016:12:38:18 +0800] "GET /content/nav/relationSubject.jsp?relationWords=%E8%B5%A4%E5%B0%BE%E5%86%AC%20%E9%87%91%E7%B7%9A%E9%AD%9A%E7%A7%91%20&oid=17456 HTTP/1.1" 200 3513
188.165.233.228 - - [15/Jul/2016:12:38:21 +0800] "GET /content/subject/resource_content.jsp?oid=16777581&queryType=qc HTTP/1.1" 200 48449
66.249.71.136 - - [15/Jul/2016:12:38:23 +0800] "GET /content/repository/resource_content.jsp?oid=1105871 HTTP/1.1" 200 30944
188.165.233.228 - - [15/Jul/2016:12:38:25 +0800] "GET /content/subject/resource_content.jsp?oid=16777569&queryType=qc HTTP/1.1" 200 55984
188.165.233.228 - - [15/Jul/2016:12:38:29 +0800] "GET /content/subject/resource_content.jsp?oid=16777647&queryType=qc HTTP/1.1" 200 56487
188.165.233.228 - - [15/Jul/2016:12:38:33 +0800] "GET /content/subject/resource_content.jsp?oid=16777645&queryType=qc HTTP/1.1" 200 63953
188.165.233.228 - - [15/Jul/2016:12:38:36 +0800] "GET /content/subject/resource_content.jsp?oid=16777368&queryType=qc HTTP/1.1" 200 31943
188.165.233.228 - - [15/Jul/2016:12:38:40 +0800] "GET /content/subject/resource_content.jsp?oid=16777364&queryType=qc HTTP/1.1" 200 34552
188.165.233.228 - - [15/Jul/2016:12:38:43 +0800] "GET /content/subject/resource_content.jsp?oid=16777421&queryType=qc HTTP/1.1" 200 34309
66.249.71.136 - - [15/Jul/2016:12:38:45 +0800] "GET /content/nav/relationSubject.jsp?relationWords=%E4%B8%94%E8%BE%9B%20%E7%88%B6%E5%BA%9A%20%E8%88%8A%E8%97%8F%20%E9%A1%8C%E8%A8%98%20&oid=3040881 HTTP/1.1" 200 4914
188.165.233.228 - - [15/Jul/2016:12:38:46 +0800] "GET /content/subject/resource_content.jsp?oid=16777387&queryType=qc HTTP/1.1" 200 34481
188.165.233.228 - - [15/Jul/2016:12:38:50 +0800] "GET /content/subject/resource_content.jsp?oid=16777344&queryType=qc HTTP/1.1" 200 47673
188.165.233.228 - - [15/Jul/2016:12:38:54 +0800] "GET /content/subject/resource_content.jsp?oid=16777710&queryType=qc HTTP/1.1" 200 27819
66.249.79.137 - - [15/Jul/2016:12:38:55 +0800] "GET /content/repository/resource_content.jsp?oid=1774831 HTTP/1.1" 200 29394
66.249.71.136 - - [15/Jul/2016:12:38:57 +0800] "GET /content/nav/relationSubject.jsp?relationWords=%E8%98%87%E6%BE%B3%E6%B8%AF+%E9%83%BD%E5%B8%82%E8%A8%88%E7%95%AB+%E9%97%9C%E4%B8%AD+&oid=1595130 HTTP/1.1" 200 5748
188.165.233.228 - - [15/Jul/2016:12:38:57 +0800] "GET /content/subject/resource_content.jsp?oid=16777453&queryType=qc HTTP/1.1" 200 28670
66.249.71.136 - - [15/Jul/2016:12:38:59 +0800] "GET /content/nav/relationSubject.jsp?relationWords=%E8%98%87%E6%BE%B3%E6%B8%AF%20%E9%83%BD%E5%B8%82%E8%A8%88%E7%95%AB%20%E9%97%9C%E4%B8%AD%20&oid=1595130 HTTP/1.1" 200 5748
188.165.233.228 - - [15/Jul/2016:12:39:00 +0800] "GET /content/subject/resource_content.jsp?oid=16777436&queryType=qc HTTP/1.1" 200 28574
188.165.233.228 - - [15/Jul/2016:12:39:04 +0800] "GET /content/subject/resource_content.jsp?oid=16777507&queryType=qc HTTP/1.1" 200 49402
