66.249.79.200 - - [09/Jun/2016:04:10:11 +0800] "GET /content/nav/relationSubject.jsp?relationWords=%E4%BA%BA%E9%A1%9E%E5%AD%B8+%E5%AF%AB%E7%9C%9F%E9%9B%86+%E7%B4%85%E9%A0%AD%E5%B6%BC+%E9%9B%85%E7%BE%8E+%E9%9B%85%E7%BE%8E%E6%97%8F+&oid=1777202 HTTP/1.1" 200 4914
66.249.71.199 - - [09/Jun/2016:04:10:15 +0800] "GET /digiarch3/content/repository/resource_content.jsp?oid=15955&queryType=qs&queryString=%E8%90%8A%E6%81%A9 HTTP/1.1" 200 35362
66.249.71.136 - - [09/Jun/2016:04:10:15 +0800] "GET /content/nav/relationSubject.jsp?relationWords=%E4%BA%BA%E9%A1%9E%E5%AD%B8%20%E5%AF%AB%E7%9C%9F%E9%9B%86%20%E7%B4%85%E9%A0%AD%E5%B6%BC%20%E9%9B%85%E7%BE%8E%20%E9%9B%85%E7%BE%8E%E6%97%8F%20&oid=1777202 HTTP/1.1" 200 4914
66.249.71.136 - - [09/Jun/2016:04:10:30 +0800] "GET /content/nav/relationSubject.jsp?relationWords=%E5%84%92%E8%89%AE+%E5%84%92%E8%89%AE%E9%AF%9B+%E5%A1%9E%E9%9A%86%E6%B5%B7%E8%B1%AC%E9%AD%9A+%E6%9F%B3%E5%86%B7%E4%BB%94+%E6%B5%B7%E8%B1%AC%E9%AD%9A+%E9%87%91%E7%B7%9A%E5%84%92%E8%89%AE%E9%AF%9B+%E9%9A%86%E9%A0%AD%E9%AD%9A+%E9%9A%86%E9%A0%AD%E9%AD%9A%E7%A7%91+&oid=1081609 HTTP/1.1" 200 3852
66.249.79.200 - - [09/Jun/2016:04:10:34 +0800] "GET /content/nav/relationSubject.jsp?relationWords=%E5%84%92%E8%89%AE%20%E5%84%92%E8%89%AE%E9%AF%9B%20%E5%A1%9E%E9%9A%86%E6%B5%B7%E8%B1%AC%E9%AD%9A%20%E6%9F%B3%E5%86%B7%E4%BB%94%20%E6%B5%B7%E8%B1%AC%E9%AD%9A%20%E9%87%91%E7%B7%9A%E5%84%92%E8%89%AE%E9%AF%9B%20%E9%9A%86%E9%A0%AD%E9%AD%9A%20%E9%9A%86%E9%A0%AD%E9%AD%9A%E7%A7%91%20&oid=1081609 HTTP/1.1" 200 3852
66.249.71.199 - - [09/Jun/2016:04:12:08 +0800] "GET /digiarch3/content/nav/relationSubject.jsp?relationWords=%E9%A6%AC%E5%8F%A3%E9%AD%9A+%E9%AF%89%E7%A7%91+&oid=23910 HTTP/1.1" 200 3086
66.249.71.199 - - [09/Jun/2016:04:12:09 +0800] "GET /digiarch3/content/nav/relationSubject.jsp?relationWords=%E9%A6%AC%E5%8F%A3%E9%AD%9A%20%E9%AF%89%E7%A7%91%20&oid=23910 HTTP/1.1" 200 3086
157.55.39.83 - - [09/Jun/2016:04:13:38 +0800] "GET /content/subject/resource_content.jsp?oid=16777292&queryType=qc HTTP/1.1" 200 28057
106.38.241.143 - - [09/Jun/2016:04:14:40 +0800] "GET /content/subject/resource_content.jsp?oid=16797293&queryType=qc HTTP/1.1" 200 46243
66.249.71.254 - - [09/Jun/2016:04:14:58 +0800] "GET /content/nav/relationSubject.jsp?relationWords=%E4%BA%BA%E9%A1%9E%E5%AD%B8+%E6%B0%91%E6%97%8F%E8%AA%8C+%E7%A4%BE%E6%9C%83%E7%A6%8F%E5%88%A9+%E8%80%81%E4%BA%BA%E7%85%A7%E8%AD%B7+%E8%AD%B7%E7%90%86+%E9%81%94%E6%82%9F+%E9%9B%85%E7%BE%8E+%E9%9B%85%E7%BE%8E%E6%97%8F+&oid=1777815 HTTP/1.1" 200 4376
66.249.71.254 - - [09/Jun/2016:04:15:00 +0800] "GET /content/nav/relationSubject.jsp?relationWords=%E4%BA%BA%E9%A1%9E%E5%AD%B8%20%E6%B0%91%E6%97%8F%E8%AA%8C%20%E7%A4%BE%E6%9C%83%E7%A6%8F%E5%88%A9%20%E8%80%81%E4%BA%BA%E7%85%A7%E8%AD%B7%20%E8%AD%B7%E7%90%86%20%E9%81%94%E6%82%9F%20%E9%9B%85%E7%BE%8E%20%E9%9B%85%E7%BE%8E%E6%97%8F%20&oid=1777815 HTTP/1.1" 200 4376
106.38.241.143 - - [09/Jun/2016:04:15:19 +0800] "GET /content/subject/resource_content.jsp?oid=16797257&queryType=qc HTTP/1.1" 200 47943
66.249.71.248 - - [09/Jun/2016:04:15:38 +0800] "GET /content/repository/resource_content.jsp?oid=2665104&queryType=qs&queryString=%E5%85%B5%E8%88%B9 HTTP/1.1" 200 30168
66.249.79.200 - - [09/Jun/2016:04:16:03 +0800] "GET /content/repository/resource_content.jsp?oid=3818909&queryString=%E6%A4%8D%E7%89%A9%E7%95%8C%20%E6%A6%95%E5%B1%AC%20%E6%BE%80%E8%91%89%E6%A6%95 HTTP/1.1" 200 31143
66.249.71.136 - - [09/Jun/2016:04:16:25 +0800] "GET /content/repository/resource_content.jsp?oid=1896829 HTTP/1.1" 200 29265
66.249.71.143 - - [09/Jun/2016:04:16:40 +0800] "GET /content/nav/relationSubject.jsp?relationWords=%E6%97%8B%E8%8A%B1%E7%A7%91+%E6%A4%8D%E7%89%A9%E7%95%8C+%E7%89%BD%E7%89%9B+%E7%89%BD%E7%89%9B%E5%B1%AC+%E7%B4%85%E8%8A%B1%E9%87%8E%E7%89%BD%E7%89%9B+%E9%87%8E%E7%89%BD%E7%89%9B+&oid=1105116 HTTP/1.1" 200 3444
66.249.71.143 - - [09/Jun/2016:04:16:42 +0800] "GET /content/nav/relationSubject.jsp?relationWords=%E6%97%8B%E8%8A%B1%E7%A7%91%20%E6%A4%8D%E7%89%A9%E7%95%8C%20%E7%89%BD%E7%89%9B%20%E7%89%BD%E7%89%9B%E5%B1%AC%20%E7%B4%85%E8%8A%B1%E9%87%8E%E7%89%BD%E7%89%9B%20%E9%87%8E%E7%89%BD%E7%89%9B%20&oid=1105116 HTTP/1.1" 200 3444
66.249.71.242 - - [09/Jun/2016:04:17:12 +0800] "GET /content/repository/resource_content.jsp?oid=4500271&queryType=qs&queryString=%E4%B8%AD%E5%BA%AD HTTP/1.1" 200 30460
66.249.71.136 - - [09/Jun/2016:04:17:59 +0800] "GET /content/repository/resource_content.jsp?oid=1811984&queryString=%E6%9D%B1%E9%AD%8F%20%E6%AF%94%E4%B8%98 HTTP/1.1" 200 29799
66.249.71.136 - - [09/Jun/2016:04:18:00 +0800] "GET /content/repository/resource_content.jsp?oid=1106955&queryString=%E6%A4%8D%E7%89%A9%E7%95%8C%20%E8%8F%8A%E7%A7%91%20%E8%92%BC%E8%80%B3%20%E8%92%BC%E8%80%B3%E5%B1%AC%20%E9%9B%99%E5%AD%90%E8%91%89%E6%A4%8D%E7%89%A9 HTTP/1.1" 200 31718
106.38.241.143 - - [09/Jun/2016:04:18:09 +0800] "GET /content/subject/resource_content.jsp?oid=16777734&queryType=qc HTTP/1.1" 200 40259
106.38.241.143 - - [09/Jun/2016:04:18:13 +0800] "GET /content/subject/resource_content.jsp?oid=16777311&queryType=qc HTTP/1.1" 200 29234
106.38.241.143 - - [09/Jun/2016:04:18:28 +0800] "GET /content/subject/resource_content.jsp?oid=16777728&queryType=qc HTTP/1.1" 200 65196
106.38.241.143 - - [09/Jun/2016:04:18:41 +0800] "GET /content/subject/resource_content.jsp?oid=16797281&queryType=qc HTTP/1.1" 200 53085
66.249.71.242 - - [09/Jun/2016:04:18:46 +0800] "GET /content/repository/resource_content.jsp?oid=2684209&queryType=qs&queryString=%E6%83%A0%E9%BD%A1 HTTP/1.1" 200 29947
66.249.71.136 - - [09/Jun/2016:04:19:12 +0800] "GET /content/nav/relationSubject.jsp?relationWords=%E6%A4%8D%E7%89%A9%E7%95%8C+%E7%B4%AB%E8%8A%B1+%E7%B4%AB%E8%8A%B1%E8%97%BF%E9%A6%99%E8%96%8A+%E8%8F%8A%E7%A7%91+%E8%96%8A%E5%B1%AC+%E8%97%BF%E9%A6%99+%E8%97%BF%E9%A6%99%E8%96%8A+%E9%9B%99%E5%AD%90%E8%91%89+%E9%9B%99%E5%AD%90%E8%91%89%E6%A4%8D%E7%89%A9+%E9%9C%8D%E9%A6%99%E8%96%8A+%E9%9C%8D%E9%A6%99%E8%96%8A%E5%B1%AC+&oid=1108077 HTTP/1.1" 200 3703
66.249.79.200 - - [09/Jun/2016:04:19:15 +0800] "GET /content/nav/relationSubject.jsp?relationWords=%E6%A4%8D%E7%89%A9%E7%95%8C%20%E7%B4%AB%E8%8A%B1%20%E7%B4%AB%E8%8A%B1%E8%97%BF%E9%A6%99%E8%96%8A%20%E8%8F%8A%E7%A7%91%20%E8%96%8A%E5%B1%AC%20%E8%97%BF%E9%A6%99%20%E8%97%BF%E9%A6%99%E8%96%8A%20%E9%9B%99%E5%AD%90%E8%91%89%20%E9%9B%99%E5%AD%90%E8%91%89%E6%A4%8D%E7%89%A9%20%E9%9C%8D%E9%A6%99%E8%96%8A%20%E9%9C%8D%E9%A6%99%E8%96%8A%E5%B1%AC%20&oid=1108077 HTTP/1.1" 200 3703
106.38.241.143 - - [09/Jun/2016:04:19:16 +0800] "GET /content/subject/resource_content.jsp?oid=16777724&queryType=qc HTTP/1.1" 200 26405
66.249.71.242 - - [09/Jun/2016:04:19:32 +0800] "GET /content/repository/resource_content.jsp?oid=1892160&queryType=qs&queryString=%E5%85%89%E7%A2%9F HTTP/1.1" 200 28604
66.249.71.136 - - [09/Jun/2016:04:19:33 +0800] "GET /digiarch_en/content/nav/relationSubject.jsp?relationWords=%E9%A0%AD%E8%B6%B3%E7%B6%B1+%E9%B8%9A%E9%B5%A1%E8%9E%BA+%E9%B8%9A%E9%B5%A1%E8%9E%BA%E5%B1%AC+&oid=518221 HTTP/1.1" 200 2886
66.249.71.143 - - [09/Jun/2016:04:19:35 +0800] "GET /digiarch_en/content/nav/relationSubject.jsp?relationWords=%E9%A0%AD%E8%B6%B3%E7%B6%B1%20%E9%B8%9A%E9%B5%A1%E8%9E%BA%20%E9%B8%9A%E9%B5%A1%E8%9E%BA%E5%B1%AC%20&oid=518221 HTTP/1.1" 200 2886
66.249.71.136 - - [09/Jun/2016:04:19:57 +0800] "GET /content/repository/resource_content.jsp?oid=4549090&queryString=%E4%B8%AD%E8%85%B9%E8%B6%B3%E7%9B%AE%20%E7%B6%B2%E8%9C%B7%20%E8%85%B9%E8%B6%B3%E7%B6%B1%20%E8%BB%9F%E9%AB%94%E5%8B%95%E7%89%A9%E9%96%80%20%E9%8C%90%E8%9C%B7%E7%A7%91 HTTP/1.1" 200 30858
66.249.79.200 - - [09/Jun/2016:04:20:20 +0800] "GET /content/repository/resource_content.jsp?oid=1553648 HTTP/1.1" 200 28849
66.249.79.200 - - [09/Jun/2016:04:21:07 +0800] "GET /content/repository/resource_content.jsp?oid=1462291 HTTP/1.1" 200 31525
66.249.71.136 - - [09/Jun/2016:04:21:52 +0800] "GET /content/repository/resource_content.jsp?oid=3205034&queryString=%E6%98%8E%E5%88%8A%E6%9C%AC%20%E7%B4%A0%E5%95%8F%20%E8%81%AF%E5%90%88%E7%9B%AE%E9%8C%84%20%E9%86%AB%E7%99%82%E5%8F%B2%20%E9%87%8D%E5%BB%A3%20%E9%BB%83%E5%B8%9D%E5%85%A7%E7%B6%93%E7%B4%A0%E5%95%8F HTTP/1.1" 200 30284
66.249.71.136 - - [09/Jun/2016:04:21:53 +0800] "GET /content/repository/resource_content.jsp?oid=2144699 HTTP/1.1" 200 31034
106.38.241.143 - - [09/Jun/2016:04:22:17 +0800] "GET /content/subject/resource_content.jsp?oid=16777551&queryType=qc HTTP/1.1" 200 32217
66.249.71.242 - - [09/Jun/2016:04:22:40 +0800] "GET /content/repository/resource_content.jsp?oid=4364447&queryType=qs&queryString=%E5%83%A7%E4%BA%BA HTTP/1.1" 200 30537
101.15.3.99 - - [09/Jun/2016:04:22:59 +0800] "GET /content/repository/resource_content.jsp?oid=15497&queryString=%E7%83%8F%E9%A0%82%E8%9D%B4%E8%9D%B6%E9%AD%9A%20%E8%9D%B4%E8%9D%B6%E9%AD%9A%20%E8%9D%B4%E8%9D%B6%E9%AD%9A%E7%A7%91 HTTP/1.1" 200 35012
101.15.3.99 - - [09/Jun/2016:04:23:00 +0800] "GET /content/nav/relationSubject.jsp?relationWords=%E6%A2%9D%E7%B4%8B%E8%9D%B6+%E8%80%B3%E5%B8%B6%E8%9D%B4%E8%9D%B6%E9%AD%9A+%E8%9D%B4%E8%9D%B6%E9%AD%9A+%E8%9D%B4%E8%9D%B6%E9%AD%9A%E7%A7%91+&oid=15497 HTTP/1.1" 200 3519
42.73.170.54 - - [09/Jun/2016:04:23:17 +0800] "GET /content/nav/relationSubject.jsp?relationWords=&oid=16777341 HTTP/1.1" 200 1405
66.249.71.136 - - [09/Jun/2016:04:23:27 +0800] "GET /content/repository/resource_content.jsp?oid=4548685&queryString=%E4%BF%9D%E5%AE%89%E6%9E%97%20%E5%B1%A0%E5%AE%B0%E7%A8%85%20%E5%B7%A5%E7%A8%8B%E8%B2%BB%20%E6%9A%96%E6%9A%96%20%E7%94%9F%E7%94%A2%E6%88%90%E6%9C%AC%20%E8%B2%A8%E7%89%A9%E7%A8%85%20%E9%A3%BC%E6%96%99 HTTP/1.1" 200 30750
157.55.39.206 - - [09/Jun/2016:04:23:34 +0800] "GET /content/nav/relationSubject.jsp?relationWords=%E5%8F%B0%E7%81%A3%E6%AC%92%E6%A8%B9+%E6%AC%92%E6%A8%B9+%E8%8B%A6%E8%8B%93+%E8%8B%A6%E8%8B%93%E8%88%85+&oid=16777254 HTTP/1.1" 200 4383
66.249.71.136 - - [09/Jun/2016:04:23:51 +0800] "GET /content/repository/resource_content.jsp?oid=2149380 HTTP/1.1" 200 31173
66.249.71.136 - - [09/Jun/2016:04:24:12 +0800] "GET /content/nav/relationSubject.jsp?relationWords=%E5%A5%BD%E6%B6%88%E6%81%AF%20%E6%95%B8%E4%BD%8D%E5%85%B8%E8%97%8F%20&oid=16777691 HTTP/1.1" 200 8927
66.249.71.199 - - [09/Jun/2016:04:24:25 +0800] "GET /content/repository/resource_content.jsp?oid=1103903&queryString=%E7%8E%89%E5%B1%B1%E8%8C%B4%E9%A6%99%20%E8%8C%B4%E8%8A%B9 HTTP/1.1" 200 31829
106.38.241.143 - - [09/Jun/2016:04:25:37 +0800] "GET /content/subject/resource_content.jsp?oid=16777558&queryType=qc HTTP/1.1" 200 30850
66.249.71.152 - - [09/Jun/2016:04:25:43 +0800] "GET /content/repository/resource_content.jsp?oid=2665493&queryString=%E5%B7%A5%E7%AB%A3 HTTP/1.1" 200 30441
66.249.79.186 - - [09/Jun/2016:04:26:35 +0800] "GET /content/repository/resource_content.jsp?oid=2522111&queryString=%E9%82%8A%E4%BF%B8 HTTP/1.1" 200 30219
66.249.79.214 - - [09/Jun/2016:04:26:43 +0800] "GET /content/nav/relationSubject.jsp?relationWords=%E5%AE%89%E5%85%A8%E6%A1%88+%E6%B5%B7%E5%85%89+%E7%9C%B7%E6%9D%91+%E9%B3%B3%E5%B1%B1%E5%B8%82+&oid=1621882 HTTP/1.1" 200 3404
66.249.71.150 - - [09/Jun/2016:04:26:46 +0800] "GET /content/nav/relationSubject.jsp?relationWords=%E5%AE%89%E5%85%A8%E6%A1%88%20%E6%B5%B7%E5%85%89%20%E7%9C%B7%E6%9D%91%20%E9%B3%B3%E5%B1%B1%E5%B8%82%20&oid=1621882 HTTP/1.1" 200 3404
106.38.241.143 - - [09/Jun/2016:04:27:21 +0800] "GET /digiarch_en/content/subject/resource_content.jsp?oid=16777692&queryType=qc HTTP/1.1" 200 31420
66.249.79.186 - - [09/Jun/2016:04:27:21 +0800] "GET /content/repository/resource_content.jsp?oid=4446877&queryString=%E5%9C%8B%E4%BA%A4 HTTP/1.1" 200 29646
106.38.241.143 - - [09/Jun/2016:04:27:51 +0800] "GET /digiarch_en/content/subject/resource_content.jsp?oid=16777532&queryType=qc HTTP/1.1" 200 29801
66.249.71.254 - - [09/Jun/2016:04:28:08 +0800] "GET /content/repository/resource_content.jsp?oid=2658569&queryType=qs&queryString=%E8%B2%A2%E4%BD%BF HTTP/1.1" 200 30047
106.38.241.143 - - [09/Jun/2016:04:28:42 +0800] "GET /digiarch_en/content/subject/resource_content.jsp?oid=16777680&queryType=qc HTTP/1.1" 200 27733
66.249.71.254 - - [09/Jun/2016:04:28:55 +0800] "GET /content/repository/resource_content.jsp?oid=1780817&queryType=qs&queryString=%E9%A0%AD%E5%86%A0 HTTP/1.1" 200 29497
106.38.241.143 - - [09/Jun/2016:04:29:07 +0800] "GET /digiarch_en/content/subject/resource_content.jsp?oid=16777551&queryType=qc HTTP/1.1" 200 27506
66.249.71.200 - - [09/Jun/2016:04:29:41 +0800] "GET /content/repository/resource_content.jsp?oid=1595980&queryType=qs&queryString=%E5%A4%96%E7%B1%8D%E5%8B%9E%E5%B7%A5 HTTP/1.1" 200 30999
106.38.241.143 - - [09/Jun/2016:04:29:42 +0800] "GET /digiarch_en/content/subject/resource_content.jsp?oid=16777594&queryType=qc HTTP/1.1" 200 34707
106.38.241.143 - - [09/Jun/2016:04:30:21 +0800] "GET /digiarch_en/content/subject/resource_content.jsp?oid=16777741&queryType=qc HTTP/1.1" 200 54372
66.249.71.248 - - [09/Jun/2016:04:30:28 +0800] "GET /content/repository/resource_content.jsp?oid=1543124&queryType=qs&queryString=%E5%A4%A7%E5%AF%92 HTTP/1.1" 200 31749
157.55.39.206 - - [09/Jun/2016:04:31:12 +0800] "GET /content/subject/resource_content.jsp?oid=16777330 HTTP/1.1" 200 30451
66.249.71.242 - - [09/Jun/2016:04:31:15 +0800] "GET /content/repository/resource_content.jsp?oid=2658521&queryType=qs&queryString=%E5%A4%A7%E4%B9%98 HTTP/1.1" 200 29892
106.38.241.143 - - [09/Jun/2016:04:31:27 +0800] "GET /content/pictures/picture_content.jsp?oid=33554747 HTTP/1.1" 200 27445
66.249.71.248 - - [09/Jun/2016:04:32:02 +0800] "GET /content/repository/resource_content.jsp?oid=2470374&queryType=qs&queryString=%E8%A8%B1%E4%B8%96%E7%91%AE HTTP/1.1" 200 30704
106.38.241.143 - - [09/Jun/2016:04:32:05 +0800] "GET /content/pictures/picture_content.jsp?oid=33554803&queryType=qc HTTP/1.1" 200 27635
66.249.71.199 - - [09/Jun/2016:04:33:38 +0800] "GET /digiarch3/content/pictures/picture_content.jsp?oid=33554774&classify=2562 HTTP/1.1" 200 27690
66.249.71.143 - - [09/Jun/2016:04:34:23 +0800] "GET /content/subject/resource_content.jsp?oid=16777487&queryType=qs&queryString=%E8%91%97%E4%BD%9C%E6%AC%8A HTTP/1.1" 200 45423
66.249.79.207 - - [09/Jun/2016:04:35:13 +0800] "GET /content/tmp_tec/resource_content.jsp?oid=16777714 HTTP/1.1" 200 38293
66.249.79.200 - - [09/Jun/2016:04:35:26 +0800] "GET /content/repository/resource_content.jsp?oid=1542997&queryString=%E6%85%B6%E7%A5%9D%E6%AF%8D%E8%A6%AA%E7%AF%80%20%E6%AF%8D%E8%A6%AA%E7%AF%80%20%E6%B5%81%E8%BD%89%E5%B9%B4%E8%8F%AF HTTP/1.1" 200 29905
66.249.71.166 - - [09/Jun/2016:04:35:56 +0800] "GET /content/subject/resource_content.jsp?oid=16797293&queryType=qc HTTP/1.1" 200 46243
66.249.71.199 - - [09/Jun/2016:04:37:22 +0800] "GET /digiarch3/content/repository/resource_content.jsp?oid=4353498&queryString=%E9%BB%91%E6%96%91%E9%BE%8D%E8%86%BD%20%E9%BE%8D%E8%86%BD HTTP/1.1" 200 35087
66.249.79.135 - - [09/Jun/2016:04:37:31 +0800] "GET /content/subject/resource_content.jsp?oid=16777609&queryType=qs&queryString=%E6%97%A5%E6%9C%AC%E5%A4%A7%E5%AD%B8 HTTP/1.1" 200 58356
68.180.228.229 - - [09/Jun/2016:04:38:55 +0800] "GET /content/tmp_tec/resource_content.jsp?oid=16777730 HTTP/1.1" 200 42446
66.249.71.143 - - [09/Jun/2016:04:39:04 +0800] "GET /content/subject/resource_content.jsp?oid=16777476&queryString=%E5%8C%96%E5%A6%9D%E5%93%81%20%E5%A4%9A%E6%A8%A3%E6%80%A7%20%E5%B0%8F%E5%90%83 HTTP/1.1" 200 54193
68.180.228.229 - - [09/Jun/2016:04:39:05 +0800] "GET /content/subject/resource_content.jsp?oid=16777736&queryType=qc HTTP/1.1" 200 43184
68.180.228.229 - - [09/Jun/2016:04:39:07 +0800] "GET /content/subject/resource_content.jsp?oid=16777721&queryType=qc HTTP/1.1" 200 36349
68.180.228.229 - - [09/Jun/2016:04:39:24 +0800] "GET /content/tmp_auth/resource_content.jsp?oid=16777759 HTTP/1.1" 200 25314
66.249.71.136 - - [09/Jun/2016:04:39:51 +0800] "GET /content/repository/resource_content.jsp?oid=1608897 HTTP/1.1" 200 28577
66.249.71.143 - - [09/Jun/2016:04:41:24 +0800] "GET /content/subject/resource_content.jsp?oid=16797243&queryType=qc HTTP/1.1" 200 56179
68.180.228.229 - - [09/Jun/2016:04:41:38 +0800] "GET /content/subject/resource_content.jsp?oid=16777801&queryType=qc HTTP/1.1" 200 43038
66.249.71.136 - - [09/Jun/2016:04:42:41 +0800] "GET /content/nav/relationSubject.jsp?relationWords=%E5%94%90%E5%86%A0%E8%9E%BA+%E5%B8%83%E7%B4%8B%E9%AC%98%E8%9E%BA+%E7%95%B0%E8%B6%B3%E7%9B%AE+%E8%85%B9%E8%B6%B3%E7%B6%B1+%E9%AC%98%E8%9E%BA+&oid=523944 HTTP/1.1" 200 3419
66.249.71.143 - - [09/Jun/2016:04:42:44 +0800] "GET /content/nav/relationSubject.jsp?relationWords=%E5%94%90%E5%86%A0%E8%9E%BA%20%E5%B8%83%E7%B4%8B%E9%AC%98%E8%9E%BA%20%E7%95%B0%E8%B6%B3%E7%9B%AE%20%E8%85%B9%E8%B6%B3%E7%B6%B1%20%E9%AC%98%E8%9E%BA%20&oid=523944 HTTP/1.1" 200 3419
66.249.71.152 - - [09/Jun/2016:04:42:58 +0800] "GET /content/subject/resource_content.jsp?oid=16777387&queryString=%E5%B9%B3%E9%B0%AD%E9%B0%8D%E7%A7%91%20%E6%B2%88%E6%B0%8F%20%E7%88%AC%E5%B2%A9%E9%B0%8D%20%E7%9F%B3%E8%B2%BC%E4%BB%94 HTTP/1.1" 200 34259
106.38.241.143 - - [09/Jun/2016:04:43:04 +0800] "GET /content/repository/resource_content.jsp?oid=2148639&queryString=%E7%9B%B8%E6%80%9D%E6%A8%B9 HTTP/1.1" 200 31359
106.38.241.143 - - [09/Jun/2016:04:43:17 +0800] "GET /content/repository/resource_content.jsp?oid=1123813 HTTP/1.1" 200 34988
66.249.71.136 - - [09/Jun/2016:04:43:28 +0800] "GET /content/nav/relationSubject.jsp?relationWords=%E4%BC%B8%E5%8F%A3%E9%AD%9A+%E9%97%8A%E5%98%B4%E9%83%8E+%E9%9A%86%E9%A0%AD%E9%AD%9A+%E9%9A%86%E9%A0%AD%E9%AD%9A%E7%A7%91+&oid=4352929 HTTP/1.1" 200 3689
66.249.71.143 - - [09/Jun/2016:04:43:34 +0800] "GET /content/nav/relationSubject.jsp?relationWords=%E4%BC%B8%E5%8F%A3%E9%AD%9A%20%E9%97%8A%E5%98%B4%E9%83%8E%20%E9%9A%86%E9%A0%AD%E9%AD%9A%20%E9%9A%86%E9%A0%AD%E9%AD%9A%E7%A7%91%20&oid=4352929 HTTP/1.1" 200 3689
106.38.241.143 - - [09/Jun/2016:04:43:40 +0800] "GET /content/repository/resource_content.jsp?oid=523612&queryType=qc HTTP/1.1" 200 36160
106.38.241.143 - - [09/Jun/2016:04:43:45 +0800] "GET /content/repository/resource_content.jsp?oid=1532427 HTTP/1.1" 200 29203
66.249.71.166 - - [09/Jun/2016:04:43:45 +0800] "GET /content/repository/resource_content.jsp?oid=1124539&queryType=qs&queryString=%E6%B7%B1%E8%A4%90%E8%89%B2 HTTP/1.1" 200 37904
106.38.241.143 - - [09/Jun/2016:04:43:57 +0800] "GET /digiarch_en/content/tmp_auth/resource_content.jsp?oid=16777464 HTTP/1.1" 200 25819
106.38.241.143 - - [09/Jun/2016:04:44:23 +0800] "GET /digiarch_en/content/tmp_auth/resource_content.jsp?oid=16777673 HTTP/1.1" 200 28225
66.249.71.143 - - [09/Jun/2016:04:44:32 +0800] "GET /content/subject/resource_content.jsp?oid=16777313 HTTP/1.1" 200 33979
66.249.71.143 - - [09/Jun/2016:04:44:32 +0800] "GET /content/nav/relationSubject.jsp?relationWords=%E5%85%92%E6%A8%B9+%E5%8F%B0%E7%81%A3%E7%9F%B3+%E5%8F%B0%E7%81%A3%E7%9F%B3%E6%A5%A0+%E6%A4%8D%E7%89%A9%E7%95%8C+%E7%9F%B3%E6%A5%A0+%E8%80%81%E8%91%89%E5%85%92%E6%A8%B9%E5%B1%AC+%E8%96%94%E8%96%87%E7%9B%AE+%E8%96%94%E8%96%87%E7%A7%91+&oid=3813959 HTTP/1.1" 200 3790
66.249.79.200 - - [09/Jun/2016:04:44:38 +0800] "GET /content/nav/relationSubject.jsp?relationWords=%E5%85%92%E6%A8%B9%20%E5%8F%B0%E7%81%A3%E7%9F%B3%20%E5%8F%B0%E7%81%A3%E7%9F%B3%E6%A5%A0%20%E6%A4%8D%E7%89%A9%E7%95%8C%20%E7%9F%B3%E6%A5%A0%20%E8%80%81%E8%91%89%E5%85%92%E6%A8%B9%E5%B1%AC%20%E8%96%94%E8%96%87%E7%9B%AE%20%E8%96%94%E8%96%87%E7%A7%91%20&oid=3813959 HTTP/1.1" 200 3790
66.249.71.136 - - [09/Jun/2016:04:45:06 +0800] "GET /content/repository/resource_content.jsp?oid=3355048&queryString=%E6%96%B9%E8%A7%9A HTTP/1.1" 200 29489
66.249.71.136 - - [09/Jun/2016:04:45:16 +0800] "GET /content/nav/relationSubject.jsp?relationWords=&oid=2583263 HTTP/1.1" 200 1405
66.249.79.139 - - [09/Jun/2016:04:45:19 +0800] "GET /content/subject/resource_content.jsp?oid=16777233&queryType=qs&queryString=%E7%B4%80%E5%BF%B5%E9%A4%A8 HTTP/1.1" 200 29681
66.249.79.135 - - [09/Jun/2016:04:45:44 +0800] "GET /content/repository/resource_content.jsp?oid=4450655&queryType=qs&queryString=%E9%AB%98%E7%A0%82%E6%97%8F HTTP/1.1" 200 32792
66.249.71.254 - - [09/Jun/2016:04:46:05 +0800] "GET /content/nav/relationSubject.jsp?relationWords=%E9%99%B6%E7%94%95+%E9%BB%91%E9%99%B6+&oid=1849930 HTTP/1.1" 200 3052
66.249.71.136 - - [09/Jun/2016:04:46:06 +0800] "GET /digiarch_en/content/repository/resource_content.jsp?oid=1126281&queryString=%E5%B0%96%E8%A7%92%E6%B1%9F%E7%8F%A7%E8%9B%A4%20%E6%B1%9F%E7%8F%A7%E8%9B%A4%20%E8%9B%A4%E7%A7%91%20%E8%B2%BD%E8%B2%9D%20%E9%9B%99%E6%AE%BC%E7%B6%B1 HTTP/1.1" 200 24189
66.249.79.141 - - [09/Jun/2016:04:46:08 +0800] "GET /content/nav/relationSubject.jsp?relationWords=%E9%99%B6%E7%94%95%20%E9%BB%91%E9%99%B6%20&oid=1849930 HTTP/1.1" 200 3052
66.249.71.242 - - [09/Jun/2016:04:46:24 +0800] "GET /content/nav/relationSubject.jsp?relationWords=&oid=4363212 HTTP/1.1" 200 1405
66.249.79.244 - - [09/Jun/2016:04:46:53 +0800] "GET /content/repository/resource_content.jsp?oid=1887398&queryType=qs&queryString=%E5%BA%B6%E5%8B%99%E8%AA%B2 HTTP/1.1" 200 31403
66.249.79.244 - - [09/Jun/2016:04:47:11 +0800] "GET /content/nav/relationSubject.jsp?relationWords=%E8%8A%B1%E4%BB%A4%E4%BB%94+%E9%87%91%E9%8C%A2%E4%BB%94+&oid=15268 HTTP/1.1" 200 3381
66.249.71.159 - - [09/Jun/2016:04:47:13 +0800] "GET /content/nav/relationSubject.jsp?relationWords=%E8%8A%B1%E4%BB%A4%E4%BB%94%20%E9%87%91%E9%8C%A2%E4%BB%94%20&oid=15268 HTTP/1.1" 200 3381
66.249.71.152 - - [09/Jun/2016:04:47:23 +0800] "GET /content/nav/relationSubject.jsp?relationWords=%E9%82%B5%E6%97%8F+&oid=1775143 HTTP/1.1" 200 4188
66.249.79.244 - - [09/Jun/2016:04:47:25 +0800] "GET /content/nav/relationSubject.jsp?relationWords=%E9%82%B5%E6%97%8F%20&oid=1775143 HTTP/1.1" 200 4188
66.249.71.152 - - [09/Jun/2016:04:47:39 +0800] "GET /content/subject/resource_content.jsp?oid=16777355&queryType=qc HTTP/1.1" 200 28627
66.249.79.244 - - [09/Jun/2016:04:48:27 +0800] "GET /content/subject/resource_content.jsp?oid=16777640&queryString=%E7%81%8C%E5%9C%92%E5%85%88%E7%94%9F%20%E9%87%91%E6%B3%B0 HTTP/1.1" 200 62652
66.249.71.152 - - [09/Jun/2016:04:49:13 +0800] "GET /content/subject/resource_content.jsp?oid=16777848&queryType=qs&queryString=%E7%94%9F%E5%91%BD%E7%A6%AE%E4%BF%97 HTTP/1.1" 200 41651
66.249.71.143 - - [09/Jun/2016:04:49:56 +0800] "GET /content/nav/relationSubject.jsp?relationWords=%E9%80%A0%E5%83%8F%E8%A8%98+%E9%9F%8B%E6%B0%8F+&oid=1826667 HTTP/1.1" 200 3560
66.249.71.150 - - [09/Jun/2016:04:49:57 +0800] "GET /content/nav/relationSubject.jsp?relationWords=%E9%80%A0%E5%83%8F%E8%A8%98%20%E9%9F%8B%E6%B0%8F%20&oid=1826667 HTTP/1.1" 200 3560
66.249.71.152 - - [09/Jun/2016:04:50:00 +0800] "GET /content/repository/resource_content.jsp?oid=1517048&queryString=%E5%8F%83%E8%AD%B0%E5%93%A1%20%E5%8F%83%E8%AD%B0%E6%9C%83%20%E5%8F%B0%E7%81%A3%E7%9C%81%20%E5%B0%88%E9%96%80%E5%AD%B8%E6%A0%A1%20%E9%A1%8F%E6%AC%BD%E8%B3%A2 HTTP/1.1" 200 30083
106.38.241.143 - - [09/Jun/2016:04:50:56 +0800] "GET /digiarch_en/content/repository/resource_content.jsp?oid=4353495&queryString=%E8%B5%A4%E7%9F%B3%E6%96%91%E9%AD%9A%20%E9%AE%A8%E7%A7%91 HTTP/1.1" 200 27497
66.249.71.152 - - [09/Jun/2016:04:51:34 +0800] "GET /content/subject/resource_content.jsp?oid=16777781&queryType=qs&queryString=%E7%BE%8E%E5%B0%91%E5%A5%B3 HTTP/1.1" 200 57421
66.249.79.186 - - [09/Jun/2016:04:52:21 +0800] "GET /digiarch3/content/repository/resource_content.jsp?oid=523632&queryString=%E4%BA%94%E5%BD%A9%E8%9C%91%E8%9E%BA%20%E6%B2%B3%E8%9C%91%E8%9E%BA%E5%B1%AC%20%E8%85%B9%E8%B6%B3%E7%B6%B1%20%E8%9C%91%E8%9E%BA HTTP/1.1" 200 38067
66.249.79.200 - - [09/Jun/2016:04:52:51 +0800] "GET /content/repository/resource_content.jsp?oid=2147914&queryString=%E6%A4%8D%E7%89%A9%E7%95%8C%20%E7%B4%AB%E9%9B%B2%E8%8B%B1%20%E7%B4%AB%E9%9B%B2%E8%8B%B1%E5%B1%AC%20%E7%BF%B9%E6%90%96%20%E8%A0%B6%E8%B1%86%20%E9%9B%99%E5%AD%90%E8%91%89%E6%A4%8D%E7%89%A9 HTTP/1.1" 200 31588
106.38.241.143 - - [09/Jun/2016:04:52:59 +0800] "GET /digiarch_en/content/repository/resource_content.jsp?oid=517984&queryType=qc HTTP/1.1" 200 31998
66.249.71.136 - - [09/Jun/2016:04:53:07 +0800] "GET /content/repository/resource_content.jsp?oid=1777837&queryString=%E7%9B%9B%E9%A3%9B%E9%AD%9A%E6%9C%A8%E7%9B%A4%20%E9%9B%85%E7%BE%8E%E6%97%8F HTTP/1.1" 200 30432
106.38.241.143 - - [09/Jun/2016:04:53:24 +0800] "GET /digiarch_en/content/pictures/picture_content.jsp?oid=33554628&queryType=qc HTTP/1.1" 200 21728
106.38.241.143 - - [09/Jun/2016:04:53:38 +0800] "GET /digiarch_en/content/pictures/picture_content.jsp?oid=33554738&queryType=qc HTTP/1.1" 200 21926
66.249.79.207 - - [09/Jun/2016:04:53:56 +0800] "GET /content/repository/resource_content.jsp?oid=14337&queryString=%E4%B8%81%E9%A6%99%E9%B1%99%20%E5%81%B4%E5%B8%B6%E5%B0%8F%E5%85%AC%E9%AD%9A%20%E5%8D%B0%E5%BA%A6%E5%B0%8F%E5%85%AC%E9%AD%9A%20%E6%83%A1%E9%B1%99%20%E7%99%BD%E9%AA%A8%E9%B1%99%20%E8%8B%A6%E9%B1%99%20%E9%AF%B7%E7%A7%91 HTTP/1.1" 200 34496
68.180.228.229 - - [09/Jun/2016:04:54:15 +0800] "GET /digiarch_en/content/tmp_tec/resource_content.jsp?oid=16777734 HTTP/1.1" 200 31485
66.249.71.143 - - [09/Jun/2016:04:54:43 +0800] "GET /content/repository/resource_content.jsp?oid=1817053 HTTP/1.1" 200 29183
66.249.71.199 - - [09/Jun/2016:04:54:47 +0800] "GET /digiarch3/content/repository/resource_content.jsp?oid=16493&queryType=qs&queryString=%E6%B5%B7%E8%91%B5 HTTP/1.1" 200 35502
66.249.71.166 - - [09/Jun/2016:04:55:28 +0800] "GET /content/subject/resource_content.jsp?oid=16777735&queryType=qs&queryString=%E6%B3%B0%E9%9B%85 HTTP/1.1" 200 32619
223.136.152.183 - - [09/Jun/2016:04:55:57 +0800] "GET /content/repository/resource_content.jsp?oid=1780839&queryString=%E9%A0%85%E9%A3%BE HTTP/1.1" 200 29399
223.136.152.183 - - [09/Jun/2016:04:55:58 +0800] "GET /content/nav/relationSubject.jsp?relationWords=%E5%A5%B3%E5%B7%AB+%E9%A0%85%E9%A3%BE+&oid=1780839 HTTP/1.1" 200 2974
66.249.79.207 - - [09/Jun/2016:04:56:16 +0800] "GET /content/repository/resource_content.jsp?oid=199591 HTTP/1.1" 200 29843
66.249.71.143 - - [09/Jun/2016:04:57:01 +0800] "GET /content/repository/resource_content.jsp?oid=2539307 HTTP/1.1" 200 29247
106.38.241.143 - - [09/Jun/2016:04:57:21 +0800] "GET /content/tmp_auth/resource_content.jsp?oid=16777678 HTTP/1.1" 200 30695
106.38.241.143 - - [09/Jun/2016:04:57:39 +0800] "GET /content/tmp_exh/resource_content.jsp?oid=16777800&queryType=qc HTTP/1.1" 200 31817
66.249.71.143 - - [09/Jun/2016:04:57:48 +0800] "GET /content/repository/resource_content.jsp?oid=1870003 HTTP/1.1" 200 29382
106.38.241.143 - - [09/Jun/2016:04:57:51 +0800] "GET /content/tmp_tec/resource_content.jsp?oid=16777724 HTTP/1.1" 200 26079
106.38.241.143 - - [09/Jun/2016:04:58:23 +0800] "GET /content/tmp_auth/resource_content.jsp?oid=16777655 HTTP/1.1" 200 25729
106.38.241.143 - - [09/Jun/2016:04:58:27 +0800] "GET /content/tmp_auth/resource_content.jsp?oid=16777366 HTTP/1.1" 200 31715
66.249.71.136 - - [09/Jun/2016:04:58:35 +0800] "GET /content/repository/resource_content.jsp?oid=763932 HTTP/1.1" 200 28212
106.38.241.143 - - [09/Jun/2016:04:58:58 +0800] "GET /content/tmp_exh/resource_content.jsp?oid=16777847&queryType=qc HTTP/1.1" 200 45322
66.249.71.136 - - [09/Jun/2016:04:59:22 +0800] "GET /content/repository/resource_content.jsp?oid=677889 HTTP/1.1" 200 27787
106.38.241.143 - - [09/Jun/2016:04:59:43 +0800] "GET /content/tmp_auth/resource_content.jsp?oid=16777758 HTTP/1.1" 200 25317
106.38.241.143 - - [09/Jun/2016:05:00:30 +0800] "GET /content/tmp_exh/resource_content.jsp?oid=16777833&queryType=qc HTTP/1.1" 200 35202
66.249.71.136 - - [09/Jun/2016:05:00:35 +0800] "GET /content/repository/resource_content.jsp?oid=2151244&queryString=%E5%BE%8C%E5%A4%A7%E5%9F%94%E7%9F%B3%E6%AB%9F%20%E6%9F%AF%E5%B1%AC%20%E6%A4%8D%E7%89%A9%E7%95%8C%20%E6%AE%BC%E6%96%97%E7%A7%91%20%E7%85%99%E6%96%97%E7%9F%B3%E6%AB%9F HTTP/1.1" 200 31353
66.102.6.254 - - [09/Jun/2016:05:00:37 +0800] "GET /content/subject/resource_content.jsp?oid=16777741&queryType=qc HTTP/1.1" 200 53549
66.102.6.198 - - [09/Jun/2016:05:00:40 +0800] "GET /content/nav/relationSubject.jsp?relationWords=%E5%B0%91%E6%95%B8%E6%B0%91%E6%97%8F+%E7%99%BD%E8%8B%97+%E8%8B%97%E6%97%8F+%E8%9A%A9%E5%B0%A4+%E9%9D%92%E8%8B%97+&oid=16777741 HTTP/1.1" 200 6333
106.38.241.143 - - [09/Jun/2016:05:00:42 +0800] "GET /content/tmp_exh/resource_content.jsp?oid=16777834&queryType=qc HTTP/1.1" 200 27576
72.180.166.214 - - [09/Jun/2016:05:00:55 +0800] "GET /content/nav/relationSubject.jsp?relationWords=%E9%98%BF%E5%8B%83%E5%8B%92+&oid=16777368 HTTP/1.1" 200 2917
101.226.227.140 - - [09/Jun/2016:05:00:59 +0800] "GET /content/nav/relationSubject.jsp?relationWords=?????????+&oid=16777368 HTTP/1.1" 200 1423
180.153.214.189 - - [09/Jun/2016:05:01:00 +0800] "GET /content/nav/relationSubject.jsp?relationWords=?????????+&oid=16777368 HTTP/1.1" 200 1423
180.153.214.189 - - [09/Jun/2016:05:01:03 +0800] "GET /content/nav/relationSubject.jsp?relationWords=?????????????????+&oid=16777368 HTTP/1.1" 200 1423
106.38.241.143 - - [09/Jun/2016:05:01:06 +0800] "GET /content/tmp_exh/resource_content.jsp?oid=16777828&queryType=qc HTTP/1.1" 200 35296
106.38.241.143 - - [09/Jun/2016:05:01:12 +0800] "GET /content/tmp_exh/resource_content.jsp?oid=16777807&queryType=qc HTTP/1.1" 200 35350
66.249.71.129 - - [09/Jun/2016:05:01:43 +0800] "GET /content/repository/resource_content.jsp?oid=22854&queryString=%E7%89%9F%E5%A9%81%E6%93%AC%E9%B1%B8 HTTP/1.1" 200 30167
66.249.71.136 - - [09/Jun/2016:05:02:02 +0800] "GET /digiarch_en/content/nav/relationSubject.jsp?relationWords=%E6%97%A5%E6%9C%AC%E6%96%87%E5%AD%B8+&oid=2470520 HTTP/1.1" 200 3214
66.249.71.136 - - [09/Jun/2016:05:02:03 +0800] "GET /digiarch_en/content/nav/relationSubject.jsp?relationWords=%E6%97%A5%E6%9C%AC%E6%96%87%E5%AD%B8%20&oid=2470520 HTTP/1.1" 200 3214
66.249.71.254 - - [09/Jun/2016:05:02:31 +0800] "GET /content/repository/resource_content.jsp?oid=1781126&queryType=qs&queryString=%E9%99%B6%E7%B4%A1%E9%8C%98 HTTP/1.1" 200 28422
106.38.241.143 - - [09/Jun/2016:05:02:34 +0800] "GET /content/tmp_tec/resource_content.jsp?oid=16777734 HTTP/1.1" 200 36946
66.249.79.200 - - [09/Jun/2016:05:03:17 +0800] "GET /content/subject/resource_content.jsp?oid=16777766&queryType=qs&queryString=%E8%A5%BF%E6%B4%8B%E6%96%87%E5%8C%96 HTTP/1.1" 200 50697
106.38.241.143 - - [09/Jun/2016:05:03:21 +0800] "GET /content/tmp_exh/resource_content.jsp?oid=16777763&queryType=qc%201889 HTTP/1.1" 200 31620
106.38.241.143 - - [09/Jun/2016:05:03:35 +0800] "GET /content/tmp_exh/resource_content.jsp?oid=16777740&queryType=qc HTTP/1.1" 200 39339
106.38.241.143 - - [09/Jun/2016:05:03:46 +0800] "GET /content/tmp_auth/resource_content.jsp?oid=16777809 HTTP/1.1" 200 37139
1.164.203.119 - - [09/Jun/2016:05:04:25 +0800] "GET /content/nav/relationSubject.jsp?relationWords=%E5%A4%8F%E5%A4%9C+%E6%B0%B4%E8%8C%84+%E6%B0%B4%E8%8C%84%E8%8B%B3+%E8%8C%84%E8%8B%B3+&oid=16777503 HTTP/1.1" 200 4551
66.249.71.136 - - [09/Jun/2016:05:04:30 +0800] "GET /content/repository/resource_content.jsp?oid=3818356&queryString=%E6%A4%8D%E7%89%A9%E7%95%8C%20%E8%90%BD%E6%96%B0%E5%A9%A6%20%E8%90%BD%E6%96%B0%E5%A9%A6%E5%B1%AC%20%E8%96%94%E8%96%87%E7%9B%AE%20%E8%99%8E%E8%80%B3%E8%8D%89%E7%A7%91 HTTP/1.1" 200 31563
68.180.228.229 - - [09/Jun/2016:05:04:50 +0800] "GET /content/repository/resource_content.jsp?oid=523271&queryType=qc HTTP/1.1" 200 35578
66.249.79.200 - - [09/Jun/2016:05:04:51 +0800] "GET /content/repository/resource_content.jsp?oid=1600284 HTTP/1.1" 200 28499
66.249.71.136 - - [09/Jun/2016:05:05:37 +0800] "GET /content/repository/resource_content.jsp?oid=1078553 HTTP/1.1" 200 29248
66.249.71.159 - - [09/Jun/2016:05:06:25 +0800] "GET /content/subject/resource_content.jsp?oid=16777453&queryType=qs&queryString=%E7%B4%85%E5%A4%96%E7%B7%9A HTTP/1.1" 200 28625
66.249.71.194 - - [09/Jun/2016:05:06:26 +0800] "GET /content/repository/resource_content.jsp?oid=1573372&queryString=%E8%BC%B8%E8%A1%80 HTTP/1.1" 200 29265
66.249.71.136 - - [09/Jun/2016:05:07:11 +0800] "GET /content/repository/resource_content.jsp?oid=2147376 HTTP/1.1" 200 31429
66.249.71.205 - - [09/Jun/2016:05:07:57 +0800] "GET /digiarch3/content/repository/resource_content.jsp?oid=14298&queryType=qs&queryString=%E9%99%B3%E6%B0%8F%E6%B2%B9%E9%B0%BB HTTP/1.1" 200 31345
66.249.71.194 - - [09/Jun/2016:05:08:44 +0800] "GET /content/repository/resource_content.jsp?oid=1895161&queryString=%E6%94%BE%E5%B0%84%E7%B7%9A%20%E8%87%BA%E7%81%A3%E7%9C%81%20%E8%87%BA%E7%81%A3%E7%9C%81%E6%94%BF%E5%BA%9C%20%E8%A1%9B%E7%94%9F%E6%89%80%20%E9%86%AB%E4%BA%8B%E6%AA%A2%E9%A9%97 HTTP/1.1" 200 31407
66.249.71.166 - - [09/Jun/2016:05:09:31 +0800] "GET /content/subject/resource_content.jsp?oid=16777364&queryType=qs&queryString=%E6%96%87%E5%8C%96%E4%B8%AD%E5%BF%83 HTTP/1.1" 200 34527
66.249.79.207 - - [09/Jun/2016:05:10:17 +0800] "GET /content/repository/resource_content.jsp?oid=1462952&queryString=%E5%9C%93%E8%91%89%E9%87%8E%E7%99%BE%E5%90%88%20%E6%A4%8D%E7%89%A9%E7%95%8C%20%E8%A0%B6%E8%B1%86%20%E9%87%8E%E7%99%BE%E5%90%88%E5%B1%AC%20%E9%9B%99%E5%AD%90%E8%91%89%E6%A4%8D%E7%89%A9 HTTP/1.1" 200 31591
66.249.71.248 - - [09/Jun/2016:05:10:18 +0800] "GET /content/subject/resource_content.jsp?oid=16777727&queryType=qc HTTP/1.1" 200 36205
66.249.79.207 - - [09/Jun/2016:05:11:05 +0800] "GET /content/repository/resource_content.jsp?oid=1610346 HTTP/1.1" 200 29323
66.249.71.188 - - [09/Jun/2016:05:11:52 +0800] "GET /content/repository/resource_content.jsp?oid=2685083&queryType=qs&queryString=%E9%BB%83%E9%BE%8D HTTP/1.1" 200 30579
66.249.79.200 - - [09/Jun/2016:05:11:57 +0800] "GET /content/nav/relationSubject.jsp?relationWords=%E5%AD%9F%E5%AE%9A+%E9%87%8E%E5%8D%A1+&oid=1173039 HTTP/1.1" 200 3013
66.249.71.136 - - [09/Jun/2016:05:12:12 +0800] "GET /digiarch_en/content/repository/resource_content.jsp?oid=518214&queryString=%E4%BA%9E%E6%88%90%E9%AB%94%20%E5%B0%8F%E5%8D%B7%20%E7%9C%9F%E9%8E%96%E7%AE%A1%20%E9%80%8F%E6%8A%BD%20%E9%8E%96%E7%AE%A1%E5%B1%AC%20%E9%8E%96%E7%AE%A1%E7%A7%91%20%E9%A0%AD%E8%B6%B3%E7%B6%B1 HTTP/1.1" 200 24270
66.249.71.136 - - [09/Jun/2016:05:12:18 +0800] "GET /content/nav/relationSubject.jsp?relationWords=%E5%AD%9F%E5%AE%9A%20%E9%87%8E%E5%8D%A1%20&oid=1173039 HTTP/1.1" 200 3013
66.249.79.200 - - [09/Jun/2016:05:13:22 +0800] "GET /digiarch_en/content/repository/resource_content.jsp?oid=1628812&queryString=%E4%B8%83%E5%BA%9C%E6%95%99%20%E5%9C%8B%E6%B0%91%E5%B0%8F%E5%AD%B8 HTTP/1.1" 200 23097
66.249.71.188 - - [09/Jun/2016:05:13:26 +0800] "GET /content/repository/resource_content.jsp?oid=15449&queryString=%E7%9F%B3%E9%A6%96%E9%AD%9A%E7%A7%91%20%E9%B1%97%E9%B0%AD%E5%8F%AB%E5%A7%91%E9%AD%9A HTTP/1.1" 200 37337
66.249.71.136 - - [09/Jun/2016:05:13:53 +0800] "GET /content/nav/relationSubject.jsp?relationWords=&oid=16777515 HTTP/1.1" 200 1405
66.249.79.135 - - [09/Jun/2016:05:14:13 +0800] "GET /content/repository/resource_content.jsp?oid=2470617&queryType=qs&queryString=%E8%AB%8B%E6%9F%AC HTTP/1.1" 200 31058
66.249.79.200 - - [09/Jun/2016:05:15:00 +0800] "GET /content/repository/resource_content.jsp?oid=2569324 HTTP/1.1" 200 30261
66.249.71.199 - - [09/Jun/2016:05:15:41 +0800] "GET /digiarch3/content/nav/relationSubject.jsp?relationWords=%E6%9E%97%E7%8D%BB%E5%A0%82+%E7%81%8C%E5%9C%92%E5%85%88%E7%94%9F+%E9%9C%A7%E5%B3%B0+&oid=16777783 HTTP/1.1" 200 6028
66.249.79.155 - - [09/Jun/2016:05:15:47 +0800] "GET /content/repository/resource_content.jsp?oid=1562170&queryType=qs&queryString=%E4%B9%BE%E7%87%A5%E6%A9%9F HTTP/1.1" 200 38960
66.249.71.136 - - [09/Jun/2016:05:16:05 +0800] "GET /content/repository/resource_content.jsp?oid=1102091&queryString=%E6%A4%8D%E7%89%A9%E7%95%8C%20%E7%B5%9E%E8%82%A1%E8%97%8D%20%E7%B5%9E%E8%82%A1%E8%97%8D%E5%B1%AC%20%E8%8F%AB%E8%8F%9C%20%E8%91%AB%E8%98%86%E7%A7%91 HTTP/1.1" 200 31432
89.145.95.39 - - [09/Jun/2016:05:16:16 +0800] "GET /content/subject/resource_content.jsp?oid=16797240&queryType=qc HTTP/1.1" 200 42460
66.249.71.242 - - [09/Jun/2016:05:16:33 +0800] "GET /content/repository/resource_content.jsp?oid=2643806&queryType=qs&queryString=%E7%8E%8B%E9%9D%92 HTTP/1.1" 200 30243
66.249.71.152 - - [09/Jun/2016:05:16:50 +0800] "GET /content/nav/relationSubject.jsp?relationWords=%E4%B9%9D%E9%A0%AD%E7%8D%85%E5%AD%90%E8%8D%89+%E6%A4%8D%E7%89%A9%E7%95%8C+%E7%88%B5%E5%BA%8A%E7%A7%91+%E7%8E%84%E5%8F%83+&oid=1108033 HTTP/1.1" 200 3395
66.249.71.152 - - [09/Jun/2016:05:16:55 +0800] "GET /content/nav/relationSubject.jsp?relationWords=%E4%B9%9D%E9%A0%AD%E7%8D%85%E5%AD%90%E8%8D%89%20%E6%A4%8D%E7%89%A9%E7%95%8C%20%E7%88%B5%E5%BA%8A%E7%A7%91%20%E7%8E%84%E5%8F%83%20&oid=1108033 HTTP/1.1" 200 3395
66.249.71.136 - - [09/Jun/2016:05:17:18 +0800] "GET /content/nav/relationSubject.jsp?relationWords=&oid=1819511 HTTP/1.1" 200 1405
66.249.71.136 - - [09/Jun/2016:05:17:20 +0800] "GET /content/repository/resource_content.jsp?oid=4353942&queryString=%E9%89%A4%E9%B1%97%E9%AD%A8%20%E9%AD%A8%E7%A7%91%20%E9%B1%97%E9%AD%A8%20%E9%B1%97%E9%AD%A8%E7%A7%91 HTTP/1.1" 200 35286
66.249.71.136 - - [09/Jun/2016:05:18:01 +0800] "GET /content/repository/resource_content.jsp?oid=14233&queryString=%E5%8F%B0%E7%81%A3%E9%AD%9A%E9%A1%9E%20%E6%B5%B7%E9%AE%AE%20%E7%92%B0%E4%BF%9D%20%E7%94%9F%E7%89%A9%E5%A4%9A%E6%A8%A3%E6%80%A7%20%E9%8C%A2%E9%B0%BB HTTP/1.1" 200 34390
106.38.241.143 - - [09/Jun/2016:05:18:03 +0800] "GET /content/subject/resource_content.jsp?oid=16797271&queryType=qc HTTP/1.1" 200 55290
66.249.71.242 - - [09/Jun/2016:05:18:06 +0800] "GET /content/repository/resource_content.jsp?oid=2672536&queryType=qs&queryString=%E6%B1%AA%E6%89%BF%E9%9C%88 HTTP/1.1" 200 30172
66.249.79.200 - - [09/Jun/2016:05:18:54 +0800] "GET /content/repository/resource_content.jsp?oid=1892685 HTTP/1.1" 200 28373
66.249.71.159 - - [09/Jun/2016:05:19:40 +0800] "GET /content/subject/resource_content.jsp?oid=16777565&queryString=%E5%89%8D%E8%82%9B%E9%B0%BB%20%E9%B0%93%E9%B0%BB%20%E9%B0%BB%E7%A7%91 HTTP/1.1" 200 34592
66.249.79.200 - - [09/Jun/2016:05:19:58 +0800] "GET /content/nav/relationSubject.jsp?relationWords=%E6%AF%B3%E7%B0%8B+&oid=1813080 HTTP/1.1" 200 3119
66.249.79.200 - - [09/Jun/2016:05:20:06 +0800] "GET /content/nav/relationSubject.jsp?relationWords=%E6%AF%B3%E7%B0%8B%20&oid=1813080 HTTP/1.1" 200 3119
66.249.71.242 - - [09/Jun/2016:05:20:11 +0800] "GET /content/nav/relationSubject.jsp?relationWords=%E4%BE%8D%E8%AE%80+%E6%BC%A2%E6%9C%AC%E5%A0%82+%E7%A7%BB%E9%80%81+&oid=2659519 HTTP/1.1" 200 3202
66.249.71.248 - - [09/Jun/2016:05:20:23 +0800] "GET /content/nav/relationSubject.jsp?relationWords=%E4%BE%8D%E8%AE%80%20%E6%BC%A2%E6%9C%AC%E5%A0%82%20%E7%A7%BB%E9%80%81%20&oid=2659519 HTTP/1.1" 200 3202
66.249.71.136 - - [09/Jun/2016:05:20:27 +0800] "GET /content/repository/resource_content.jsp?oid=1614885 HTTP/1.1" 200 28741
66.249.79.200 - - [09/Jun/2016:05:21:15 +0800] "GET /content/repository/resource_content.jsp?oid=1604657 HTTP/1.1" 200 28689
66.249.71.136 - - [09/Jun/2016:05:21:16 +0800] "GET /content/nav/relationSubject.jsp?relationWords=%E5%8A%89%E8%88%88+%E6%98%AD%E5%BE%B7+%E8%BE%B2%E7%94%B0%E6%B0%B4%E5%88%A9%E6%9C%83+%E9%BB%83%E5%9C%8B%E6%A3%9F+&oid=1573717 HTTP/1.1" 200 4037
66.249.79.200 - - [09/Jun/2016:05:21:20 +0800] "GET /content/nav/relationSubject.jsp?relationWords=%E5%8A%89%E8%88%88%20%E6%98%AD%E5%BE%B7%20%E8%BE%B2%E7%94%B0%E6%B0%B4%E5%88%A9%E6%9C%83%20%E9%BB%83%E5%9C%8B%E6%A3%9F%20&oid=1573717 HTTP/1.1" 200 4037
66.249.71.136 - - [09/Jun/2016:05:22:01 +0800] "GET /content/repository/resource_content.jsp?oid=2150594 HTTP/1.1" 200 31422
66.249.71.136 - - [09/Jun/2016:05:22:26 +0800] "GET /content/nav/relationSubject.jsp?relationWords=%E5%93%A1%E5%A4%96%E9%83%8E+%E5%A5%8F%E5%8F%83+&oid=2530139 HTTP/1.1" 200 3095
66.249.79.200 - - [09/Jun/2016:05:22:28 +0800] "GET /content/nav/relationSubject.jsp?relationWords=%E5%93%A1%E5%A4%96%E9%83%8E%20%E5%A5%8F%E5%8F%83%20&oid=2530139 HTTP/1.1" 200 3095
66.249.71.152 - - [09/Jun/2016:05:22:32 +0800] "GET /content/nav/relationSubject.jsp?relationWords=%E6%96%9C%E6%A3%98+%E7%8B%97%E5%9C%BB+&oid=4352469 HTTP/1.1" 200 3353
66.249.71.152 - - [09/Jun/2016:05:22:34 +0800] "GET /content/nav/relationSubject.jsp?relationWords=%E6%96%9C%E6%A3%98%20%E7%8B%97%E5%9C%BB%20&oid=4352469 HTTP/1.1" 200 3353
66.249.71.136 - - [09/Jun/2016:05:22:48 +0800] "GET /content/repository/resource_content.jsp?oid=1820813 HTTP/1.1" 200 29880
66.249.79.200 - - [09/Jun/2016:05:23:35 +0800] "GET /content/repository/resource_content.jsp?oid=1779511 HTTP/1.1" 200 27520
66.249.71.136 - - [09/Jun/2016:05:23:49 +0800] "GET /content/repository/resource_content.jsp?oid=15801&queryString=%E6%93%AC%E9%B8%9A%E9%AF%9B%20%E6%A9%98%E7%B4%8B%E6%93%AC%E7%9B%94%E9%AD%9A%20%E6%B1%95%E5%86%B7%E4%BB%94%20%E9%9A%86%E9%A0%AD%E9%AD%9A%E7%A7%91 HTTP/1.1" 200 35310
66.249.71.136 - - [09/Jun/2016:05:24:22 +0800] "GET /content/repository/resource_content.jsp?oid=2546480 HTTP/1.1" 200 29454
66.249.71.136 - - [09/Jun/2016:05:25:10 +0800] "GET /content/repository/resource_content.jsp?oid=2143162 HTTP/1.1" 200 30983
66.249.71.136 - - [09/Jun/2016:05:25:55 +0800] "GET /content/repository/resource_content.jsp?oid=1894024 HTTP/1.1" 200 28501
66.249.71.136 - - [09/Jun/2016:05:26:00 +0800] "GET /content/nav/relationSubject.jsp?relationWords=%E5%8C%97%E5%9F%94+%E5%A7%9C%E5%B4%87%E5%A3%BD+%E5%B9%B3%E5%9D%87%E5%9C%B0%E6%AC%8A+%E6%96%B0%E7%AB%B9%E7%B8%A3%E6%94%BF%E5%BA%9C+&oid=1522406 HTTP/1.1" 200 5104
66.249.71.136 - - [09/Jun/2016:05:26:05 +0800] "GET /content/nav/relationSubject.jsp?relationWords=%E5%8C%97%E5%9F%94%20%E5%A7%9C%E5%B4%87%E5%A3%BD%20%E5%B9%B3%E5%9D%87%E5%9C%B0%E6%AC%8A%20%E6%96%B0%E7%AB%B9%E7%B8%A3%E6%94%BF%E5%BA%9C%20&oid=1522406 HTTP/1.1" 200 5104
66.249.71.136 - - [09/Jun/2016:05:26:07 +0800] "GET /content/nav/relationSubject.jsp?relationWords=%E4%B8%AD%E5%B1%B1%E5%8D%80+%E5%9C%9F%E5%9C%B0%E9%8A%80%E8%A1%8C+%E7%81%A3%E7%9C%81%E6%94%BF%E5%BA%9C+%E7%9C%81%E6%94%BF%E5%BA%9C+%E8%87%BA%E5%8C%97%E5%B8%82+%E8%87%BA%E7%81%A3%E7%9C%81+%E8%87%BA%E7%81%A3%E7%9C%81%E6%94%BF%E5%BA%9C+&oid=1898718 HTTP/1.1" 200 4817
66.249.71.136 - - [09/Jun/2016:05:26:11 +0800] "GET /content/nav/relationSubject.jsp?relationWords=%E4%B8%AD%E5%B1%B1%E5%8D%80%20%E5%9C%9F%E5%9C%B0%E9%8A%80%E8%A1%8C%20%E7%81%A3%E7%9C%81%E6%94%BF%E5%BA%9C%20%E7%9C%81%E6%94%BF%E5%BA%9C%20%E8%87%BA%E5%8C%97%E5%B8%82%20%E8%87%BA%E7%81%A3%E7%9C%81%20%E8%87%BA%E7%81%A3%E7%9C%81%E6%94%BF%E5%BA%9C%20&oid=1898718 HTTP/1.1" 200 4817
66.249.71.136 - - [09/Jun/2016:05:26:44 +0800] "GET /content/repository/resource_content.jsp?oid=2150620 HTTP/1.1" 200 29463
66.249.71.136 - - [09/Jun/2016:05:27:00 +0800] "GET /digiarch_en/content/nav/relationSubject.jsp?relationWords=%E6%95%88%E7%8E%87+%E6%95%88%E7%8E%87%E6%A1%88+&oid=1546796 HTTP/1.1" 200 4002
66.249.79.200 - - [09/Jun/2016:05:27:04 +0800] "GET /digiarch_en/content/nav/relationSubject.jsp?relationWords=%E6%95%88%E7%8E%87%20%E6%95%88%E7%8E%87%E6%A1%88%20&oid=1546796 HTTP/1.1" 200 4002
66.249.71.159 - - [09/Jun/2016:05:27:05 +0800] "GET /content/nav/relationSubject.jsp?relationWords=%E4%BB%81%E9%AA%A8%E8%9B%87+%E6%A4%8D%E7%89%A9%E7%95%8C+%E7%89%9B%E7%9A%AE%E5%87%8D+%E8%87%AD%E8%85%A5%E7%B1%90+%E8%8C%9C%E8%8D%89+%E8%8C%9C%E8%8D%89%E7%A7%91+%E9%9B%9E%E5%B1%8E%E7%B1%90+&oid=3822480 HTTP/1.1" 200 3504
66.249.71.166 - - [09/Jun/2016:05:27:08 +0800] "GET /content/nav/relationSubject.jsp?relationWords=%E4%BB%81%E9%AA%A8%E8%9B%87%20%E6%A4%8D%E7%89%A9%E7%95%8C%20%E7%89%9B%E7%9A%AE%E5%87%8D%20%E8%87%AD%E8%85%A5%E7%B1%90%20%E8%8C%9C%E8%8D%89%20%E8%8C%9C%E8%8D%89%E7%A7%91%20%E9%9B%9E%E5%B1%8E%E7%B1%90%20&oid=3822480 HTTP/1.1" 200 3504
66.249.71.199 - - [09/Jun/2016:05:27:29 +0800] "GET /content/repository/resource_content.jsp?oid=14721&queryType=qs&queryString=%E6%9D%B1%E6%B2%99%E6%B5%B7%E5%9F%9F HTTP/1.1" 200 33841
66.249.71.136 - - [09/Jun/2016:05:28:16 +0800] "GET /content/repository/resource_content.jsp?oid=2534354 HTTP/1.1" 200 28896
66.249.71.136 - - [09/Jun/2016:05:28:37 +0800] "GET /digiarch_en/content/nav/relationSubject.jsp?relationWords=%E4%B8%96%E7%B3%BB%E7%BE%A4%20%E9%9B%85%E7%BE%8E%E6%97%8F%20&oid=1779912 HTTP/1.1" 200 2916
66.249.71.199 - - [09/Jun/2016:05:28:46 +0800] "GET /digiarch3/content/nav/relationSubject.jsp?relationWords=%E7%8F%A0%E9%B1%A0+%E7%9F%B3%E6%96%91+%E7%B4%85%E6%96%91+%E8%B5%A4%E9%BB%9E%E7%9F%B3%E6%96%91%E9%AD%9A+%E9%81%8E%E9%AD%9A+%E9%AE%A8%E7%A7%91+&oid=14988 HTTP/1.1" 200 3701
66.249.71.199 - - [09/Jun/2016:05:28:52 +0800] "GET /digiarch3/content/nav/relationSubject.jsp?relationWords=%E7%8F%A0%E9%B1%A0%20%E7%9F%B3%E6%96%91%20%E7%B4%85%E6%96%91%20%E8%B5%A4%E9%BB%9E%E7%9F%B3%E6%96%91%E9%AD%9A%20%E9%81%8E%E9%AD%9A%20%E9%AE%A8%E7%A7%91%20&oid=14988 HTTP/1.1" 200 3701
66.249.71.129 - - [09/Jun/2016:05:29:04 +0800] "GET /content/nav/relationSubject.jsp?relationWords=%E5%89%AF%E7%9C%B6%E6%A3%98%E9%B1%B8+%E6%B5%B7%E9%AF%BD%E4%BB%94+%E7%B4%85%E5%B0%BE+%E7%B4%85%E5%B0%BE%E5%86%AC%E4%BB%94+%E7%B4%85%E8%B5%A4%E5%B0%BE+%E7%B4%85%E8%B5%A4%E5%B0%BE%E5%86%AC+%E8%B5%A4%E5%B0%BE%E5%86%AC+%E8%B5%A4%E6%B5%B7+%E9%87%91%E7%B7%9A%E9%AD%9A+%E9%87%91%E7%B7%9A%E9%AD%9A%E7%A7%91+%E9%AF%BD%E4%BB%94+&oid=15422 HTTP/1.1" 200 3946
66.249.71.136 - - [09/Jun/2016:05:29:10 +0800] "GET /content/repository/resource_content.jsp?oid=1596629 HTTP/1.1" 200 28475
66.249.79.151 - - [09/Jun/2016:05:29:12 +0800] "GET /content/nav/relationSubject.jsp?relationWords=%E5%89%AF%E7%9C%B6%E6%A3%98%E9%B1%B8%20%E6%B5%B7%E9%AF%BD%E4%BB%94%20%E7%B4%85%E5%B0%BE%20%E7%B4%85%E5%B0%BE%E5%86%AC%E4%BB%94%20%E7%B4%85%E8%B5%A4%E5%B0%BE%20%E7%B4%85%E8%B5%A4%E5%B0%BE%E5%86%AC%20%E8%B5%A4%E5%B0%BE%E5%86%AC%20%E8%B5%A4%E6%B5%B7%20%E9%87%91%E7%B7%9A%E9%AD%9A%20%E9%87%91%E7%B7%9A%E9%AD%9A%E7%A7%91%20%E9%AF%BD%E4%BB%94%20&oid=15422 HTTP/1.1" 200 3946
66.249.71.136 - - [09/Jun/2016:05:29:49 +0800] "GET /content/repository/resource_content.jsp?oid=1815117 HTTP/1.1" 200 29651
66.249.71.136 - - [09/Jun/2016:05:30:22 +0800] "GET /content/nav/relationSubject.jsp?relationWords=%E4%B8%89%E8%BC%AA%E8%B2%A8%E8%BB%8A+%E6%94%B6%E8%B3%BC%E5%83%B9%E6%A0%BC+&oid=1625569 HTTP/1.1" 200 6217
66.249.79.200 - - [09/Jun/2016:05:30:24 +0800] "GET /content/nav/relationSubject.jsp?relationWords=%E4%B8%89%E8%BC%AA%E8%B2%A8%E8%BB%8A%20%E6%94%B6%E8%B3%BC%E5%83%B9%E6%A0%BC%20&oid=1625569 HTTP/1.1" 200 6217
92.163.43.148 - - [09/Jun/2016:05:30:25 +0800] "GET /content/repository/resource_content.jsp?oid=4481701&queryString=%E5%85%A7%E8%A6%AA%E7%8E%8B HTTP/1.1" 200 28301
92.163.43.148 - - [09/Jun/2016:05:30:27 +0800] "GET /content/nav/relationSubject.jsp?relationWords=%E5%85%A7%E8%A6%AA%E7%8E%8B+&oid=4481701 HTTP/1.1" 200 3154
66.249.79.139 - - [09/Jun/2016:05:30:28 +0800] "GET /content/nav/relationSubject.jsp?relationWords=%E7%B4%AB%E8%96%87%20&oid=16777466 HTTP/1.1" 200 4000
66.249.71.248 - - [09/Jun/2016:05:30:35 +0800] "GET /content/nav/relationSubject.jsp?relationWords=%E5%85%AC%E8%B3%A3%E5%B1%80+%E5%85%AC%E8%B7%AF%E5%B1%80+%E5%B7%A5%E7%A8%8B%E8%99%95+%E7%9C%81%E8%AD%B0%E6%9C%83+%E8%87%A8%E6%99%82%E7%9C%81%E8%AD%B0%E6%9C%83+%E8%87%BA%E7%81%A3%E7%9C%81+%E8%87%BA%E7%81%A3%E7%9C%81%E5%85%AC%E8%B7%AF%E5%B1%80+%E8%8F%B8%E8%91%89+%E8%8F%B8%E9%85%92+%E8%8F%B8%E9%85%92%E5%85%AC%E8%B3%A3+%E8%8F%B8%E9%85%92%E5%85%AC%E8%B3%A3%E5%B1%80+%E9%90%B5%E8%B7%AF%E5%B1%80+&oid=1520140 HTTP/1.1" 200 5861
66.249.71.136 - - [09/Jun/2016:05:30:37 +0800] "GET /content/repository/resource_content.jsp?oid=1633129 HTTP/1.1" 200 28606
66.249.71.254 - - [09/Jun/2016:05:30:38 +0800] "GET /content/nav/relationSubject.jsp?relationWords=%E4%B8%89%E8%A7%92%E4%BB%94+%E5%A4%A7%E7%9B%AE%E4%BB%94+%E6%A3%98%E9%AF%9B+%E7%9A%AE%E5%88%80+%E7%B4%85%E4%B8%89%E8%A7%92%E4%BB%94+%E7%B4%85%E5%A4%A7%E7%9B%AE%E4%BB%94+%E7%B4%85%E5%B0%BE+%E7%B4%85%E5%B0%BE%E6%A3%98%E9%87%91%E7%9C%BC%E9%AF%9B+%E7%B4%85%E7%9A%AE+%E9%87%91%E7%9C%BC%E6%93%AC%E6%A3%98%E9%AF%9B+%E9%87%91%E7%9C%BC%E9%AF%9B+%E9%AF%9B%E7%A7%91+&oid=14733 HTTP/1.1" 200 3992
66.249.71.242 - - [09/Jun/2016:05:30:39 +0800] "GET /content/nav/relationSubject.jsp?relationWords=%E5%85%AC%E8%B3%A3%E5%B1%80%20%E5%85%AC%E8%B7%AF%E5%B1%80%20%E5%B7%A5%E7%A8%8B%E8%99%95%20%E7%9C%81%E8%AD%B0%E6%9C%83%20%E8%87%A8%E6%99%82%E7%9C%81%E8%AD%B0%E6%9C%83%20%E8%87%BA%E7%81%A3%E7%9C%81%20%E8%87%BA%E7%81%A3%E7%9C%81%E5%85%AC%E8%B7%AF%E5%B1%80%20%E8%8F%B8%E8%91%89%20%E8%8F%B8%E9%85%92%20%E8%8F%B8%E9%85%92%E5%85%AC%E8%B3%A3%20%E8%8F%B8%E9%85%92%E5%85%AC%E8%B3%A3%E5%B1%80%20%E9%90%B5%E8%B7%AF%E5%B1%80%20&oid=1520140 HTTP/1.1" 200 5861
66.249.71.248 - - [09/Jun/2016:05:30:42 +0800] "GET /content/nav/relationSubject.jsp?relationWords=%E4%B8%89%E8%A7%92%E4%BB%94%20%E5%A4%A7%E7%9B%AE%E4%BB%94%20%E6%A3%98%E9%AF%9B%20%E7%9A%AE%E5%88%80%20%E7%B4%85%E4%B8%89%E8%A7%92%E4%BB%94%20%E7%B4%85%E5%A4%A7%E7%9B%AE%E4%BB%94%20%E7%B4%85%E5%B0%BE%20%E7%B4%85%E5%B0%BE%E6%A3%98%E9%87%91%E7%9C%BC%E9%AF%9B%20%E7%B4%85%E7%9A%AE%20%E9%87%91%E7%9C%BC%E6%93%AC%E6%A3%98%E9%AF%9B%20%E9%87%91%E7%9C%BC%E9%AF%9B%20%E9%AF%9B%E7%A7%91%20&oid=14733 HTTP/1.1" 200 3992
66.249.71.136 - - [09/Jun/2016:05:30:43 +0800] "GET /content/nav/relationSubject.jsp?relationWords=%E5%85%AC%E8%B7%AF%E5%B1%80+%E5%9F%BA%E9%9A%86%E6%B8%AF+%E6%B8%AF%E5%8B%99+%E6%B8%AF%E5%8B%99%E5%B1%80+%E6%B8%AF%E5%9F%A0+%E8%87%BA%E6%B1%BD+%E8%B2%A2%E5%AF%AE+%E8%B2%BB%E7%8E%87+%E8%B3%AA%E8%A9%A2+%E9%80%80%E4%BC%91%E4%BF%B8+&oid=1606270 HTTP/1.1" 200 4907
66.249.71.136 - - [09/Jun/2016:05:30:47 +0800] "GET /content/nav/relationSubject.jsp?relationWords=%E5%85%AC%E8%B7%AF%E5%B1%80%20%E5%9F%BA%E9%9A%86%E6%B8%AF%20%E6%B8%AF%E5%8B%99%20%E6%B8%AF%E5%8B%99%E5%B1%80%20%E6%B8%AF%E5%9F%A0%20%E8%87%BA%E6%B1%BD%20%E8%B2%A2%E5%AF%AE%20%E8%B2%BB%E7%8E%87%20%E8%B3%AA%E8%A9%A2%20%E9%80%80%E4%BC%91%E4%BF%B8%20&oid=1606270 HTTP/1.1" 200 4907
66.249.79.200 - - [09/Jun/2016:05:31:24 +0800] "GET /content/repository/resource_content.jsp?oid=1891964 HTTP/1.1" 200 28437
92.163.43.148 - - [09/Jun/2016:05:31:25 +0800] "GET /content/repository/resource_content.jsp?oid=4483216&queryString=%E5%85%A7%E8%A6%AA%E7%8E%8B HTTP/1.1" 200 28129
92.163.43.148 - - [09/Jun/2016:05:31:25 +0800] "GET /content/nav/relationSubject.jsp?relationWords=%E5%85%A7%E8%A6%AA%E7%8E%8B+&oid=4483216 HTTP/1.1" 200 3210
66.249.79.135 - - [09/Jun/2016:05:31:35 +0800] "GET /content/repository/resource_content.jsp?oid=4353430&queryString=%E7%9F%B3%E9%A6%96%E9%AD%9A%E7%A7%91%20%E9%AE%B8%E4%BB%94%20%E9%AE%B8%E9%AD%9A HTTP/1.1" 200 36821
66.249.71.194 - - [09/Jun/2016:05:31:47 +0800] "GET /content/nav/relationSubject.jsp?relationWords=%E9%9D%88%E9%98%BF+&oid=2689595 HTTP/1.1" 200 3129
