66.249.71.152 - - [19/Jul/2016:02:11:56 +0800] "GET /content/nav/relationSubject.jsp?relationWords=%E4%BD%8F%E5%AE%85%E8%B2%B8%E6%AC%BE%20%E5%85%AC%E6%95%99%E4%BA%BA%E5%93%A1%20%E7%81%A3%E7%9C%81%E6%94%BF%E5%BA%9C%20%E7%9C%81%E6%94%BF%E5%BA%9C%20%E7%9C%81%E8%AD%B0%E6%9C%83%20%E7%A6%8F%E5%88%A9%E4%BA%92%E5%8A%A9%20%E8%87%BA%E7%81%A3%E7%9C%81%20%E8%87%BA%E7%81%A3%E7%9C%81%E6%94%BF%E5%BA%9C%20%E8%87%BA%E7%81%A3%E7%9C%81%E8%AD%B0%E6%9C%83%20%E8%A8%B1%E6%A6%AE%20%E8%B2%B8%E6%AC%BE%20&oid=1896063 HTTP/1.1" 200 5915
66.249.71.194 - - [19/Jul/2016:02:12:06 +0800] "GET /content/nav/relationSubject.jsp?relationWords=%E5%85%AC%E8%B7%AF%E5%B1%80%20%E5%9F%BA%E9%9A%86%E6%B8%AF%20%E5%B0%96%E8%B1%90%20%E6%94%BE%E5%B0%84%E5%A1%B5%20%E7%89%8C%E7%85%A7%20%E7%95%B8%E5%BD%A2%20%E7%9B%A3%E7%90%86%E6%89%80%20%E7%AB%B9%E9%9D%92%20%E7%B4%85%E5%8C%85%20%E8%87%BA%E5%A4%A7%20%E8%AD%A6%E5%AF%9F%20%E8%AD%A6%E5%AF%9F%E5%B1%80%20%E8%B3%AA%E8%A9%A2%20%E8%BB%8A%E7%A6%8D%20%E9%81%BA%E5%82%B3%20%E9%84%AD%E5%AE%8B%E6%9F%B3%20%E9%87%91%E9%A6%AC%E8%99%9F%20%E9%90%B5%E8%B7%AF%E5%B1%80%20%E9%99%B8%E6%A9%8B%20%E9%9D%92%E8%8D%89%E6%B9%96%20%E9%A0%90%E7%AE%97%20&oid=1557016 HTTP/1.1" 200 6626
66.249.71.136 - - [19/Jul/2016:02:12:34 +0800] "GET /content/repository/resource_content.jsp?oid=2511472 HTTP/1.1" 200 29975
66.249.71.242 - - [19/Jul/2016:02:13:16 +0800] "GET /content/repository/resource_content.jsp?oid=1526004&queryType=qs&queryString=%E5%BC%B5%E6%9D%8E%E5%BE%B7%E5%92%8C HTTP/1.1" 200 29272
66.249.71.136 - - [19/Jul/2016:02:13:17 +0800] "GET /content/nav/relationSubject.jsp?relationWords=%E7%BF%85%E6%B2%99%20%E9%8A%80%E9%AE%AB%20%E9%95%B7%E9%BC%BB%20%E9%95%B7%E9%BC%BB%E9%8A%80%E9%AE%AB%20%E9%BB%91%E7%BF%85%E6%B2%99%20&oid=14062 HTTP/1.1" 200 3399
66.249.71.166 - - [19/Jul/2016:02:13:36 +0800] "GET /content/repository/resource_content.jsp?oid=4362001&queryString=%E6%96%87%E6%AE%8A%E8%8F%A9%E8%96%A9 HTTP/1.1" 200 34243
66.249.71.136 - - [19/Jul/2016:02:13:37 +0800] "GET /content/nav/relationSubject.jsp?relationWords=%E5%90%B3%E9%81%94%20%E5%B8%8C%E6%A0%B8%20%E9%81%94%E9%9B%B2%20&oid=787427 HTTP/1.1" 200 3239
66.249.71.136 - - [19/Jul/2016:02:13:59 +0800] "GET /content/repository/resource_content.jsp?oid=219027 HTTP/1.1" 200 30808
66.249.71.136 - - [19/Jul/2016:02:14:41 +0800] "GET /content/repository/resource_content.jsp?oid=2609349 HTTP/1.1" 200 29306
66.249.79.132 - - [19/Jul/2016:02:15:24 +0800] "GET /content/repository/resource_content.jsp?oid=2663245 HTTP/1.1" 200 29954
66.249.71.159 - - [19/Jul/2016:02:15:29 +0800] "GET /content/nav/relationSubject.jsp?relationWords=%E5%BD%A9%E7%B9%AA%20%E5%BD%A9%E7%B9%AA%E9%99%B6%20&oid=4589191 HTTP/1.1" 200 4839
66.249.71.136 - - [19/Jul/2016:02:16:05 +0800] "GET /content/repository/resource_content.jsp?oid=2603698 HTTP/1.1" 200 29807
66.249.71.136 - - [19/Jul/2016:02:16:39 +0800] "GET /digiarch_en/content/repository/resource_content.jsp?oid=15218&queryString=%E7%93%9C%E4%BB%94%20%E9%BB%91%E7%94%98%20%E9%BB%91%E9%9D%A2%E7%94%98 HTTP/1.1" 200 26842
66.249.71.136 - - [19/Jul/2016:02:16:48 +0800] "GET /content/repository/resource_content.jsp?oid=2589149 HTTP/1.1" 200 29457
66.249.71.194 - - [19/Jul/2016:02:17:06 +0800] "GET /content/nav/relationSubject.jsp?relationWords=&oid=4364285 HTTP/1.1" 200 1405
66.249.79.214 - - [19/Jul/2016:02:17:30 +0800] "GET /content/subject/resource_content.jsp?oid=16777308&queryType=qc HTTP/1.1" 200 28076
66.249.71.143 - - [19/Jul/2016:02:18:12 +0800] "GET /content/repository/resource_content.jsp?oid=2610953 HTTP/1.1" 200 29175
66.249.71.136 - - [19/Jul/2016:02:18:49 +0800] "GET /content/nav/relationSubject.jsp?relationWords=%E4%B8%AD%E8%85%B9%20%E4%B8%AD%E8%85%B9%E8%B6%B3%E7%9B%AE%20%E8%85%B9%E8%B6%B3%E7%B6%B1%20%E8%9B%87%E8%9E%BA%20%E8%BB%9F%E9%AB%94%E5%8B%95%E7%89%A9%E9%96%80%20&oid=4551097 HTTP/1.1" 200 3324
66.249.71.143 - - [19/Jul/2016:02:18:54 +0800] "GET /content/repository/resource_content.jsp?oid=2564613 HTTP/1.1" 200 29329
66.249.71.211 - - [19/Jul/2016:02:19:36 +0800] "GET /digiarch3/content/subject/resource_content.jsp?oid=16777782&queryType=qs&queryString=%E8%81%98%E6%9B%B8 HTTP/1.1" 200 49069
66.249.71.136 - - [19/Jul/2016:02:19:42 +0800] "GET /content/repository/resource_content.jsp?oid=14418&queryString=%E5%8F%B0%E7%81%A3%E7%BA%93%E5%8F%A3%E9%B0%8D%20%E5%B9%B3%E9%B0%AD%E9%B0%8D%E7%A7%91%20%E7%9F%B3%E8%B2%BC%E4%BB%94%20%E8%8A%B1%E8%B2%BC%E4%BB%94%20%E9%B9%BF%E4%BB%94%E9%AD%9A HTTP/1.1" 200 34786
66.249.71.136 - - [19/Jul/2016:02:20:18 +0800] "GET /content/repository/resource_content.jsp?oid=2611045 HTTP/1.1" 200 29069
66.249.71.136 - - [19/Jul/2016:02:21:00 +0800] "GET /content/repository/resource_content.jsp?oid=3338587 HTTP/1.1" 200 29769
66.249.71.159 - - [19/Jul/2016:02:21:30 +0800] "GET /content/nav/relationSubject.jsp?relationWords=%E6%96%87%E6%AE%8A%20%E6%96%87%E6%AE%8A%E8%8F%A9%E8%96%A9%20&oid=4362001 HTTP/1.1" 200 3070
66.249.71.248 - - [19/Jul/2016:02:21:43 +0800] "GET /content/pictures/picture_content.jsp?oid=33554509&queryType=qs&queryString=%E5%85%B8%E9%9B%85 HTTP/1.1" 200 27098
66.249.79.132 - - [19/Jul/2016:02:22:25 +0800] "GET /content/repository/resource_content.jsp?oid=1820106 HTTP/1.1" 200 28634
66.249.71.254 - - [19/Jul/2016:02:22:47 +0800] "GET /content/repository/resource_content.jsp?oid=2639827&queryType=qs&queryString=%E5%A4%A7%E5%90%8D%E5%BA%9C HTTP/1.1" 200 30368
157.55.39.14 - - [19/Jul/2016:02:22:47 +0800] "GET /content/subject/resource_content.jsp?oid=16777736 HTTP/1.1" 200 43185
157.55.39.14 - - [19/Jul/2016:02:23:02 +0800] "GET /content/nav/relationSubject.jsp?relationWords=%E5%8D%97%E6%B9%96%E5%A4%A7%E5%B1%B1+%E5%8D%97%E6%B9%96%E6%9D%9C%E9%B5%91+%E6%9D%9C%E9%B5%91+%E7%8E%89%E5%B1%B1%E6%9D%9C%E9%B5%91+%E7%B4%B0%E8%91%89+%E7%B4%B0%E8%91%89%E6%9D%9C%E9%B5%91+%E8%A5%BF%E6%96%BD+%E8%A5%BF%E6%96%BD%E8%8A%B1+&oid=16777736 HTTP/1.1" 200 5393
66.249.79.251 - - [19/Jul/2016:02:23:04 +0800] "GET /content/nav/relationSubject.jsp?relationWords=%E4%B8%AD%E8%85%B9%20%E4%B8%AD%E8%85%B9%E8%B6%B3%E7%9B%AE%20%E4%B9%9D%E5%B1%A4%E8%9E%BA%20%E8%85%B9%E8%B6%B3%E7%B6%B1%20%E8%9E%BA%E7%B5%B2%20%E8%B1%AC%E5%85%AC%E8%9E%BA%20%E9%8C%90%E8%9E%BA%20%E9%91%BD%E4%BB%94%E8%9E%BA%20&oid=518117 HTTP/1.1" 200 3592
66.249.71.143 - - [19/Jul/2016:02:23:07 +0800] "GET /content/subject/resource_content.jsp?oid=16797244&queryType=qc HTTP/1.1" 200 50442
66.249.71.143 - - [19/Jul/2016:02:23:16 +0800] "GET /content/nav/relationSubject.jsp?relationWords=%E5%88%91%E9%83%A8%20%E5%AF%A7%E8%97%A9%E5%8F%B8%20%E6%B1%9F%E5%AF%A7%20%E8%97%A9%E5%8F%B8%20&oid=2681334 HTTP/1.1" 200 3215
66.249.71.200 - - [19/Jul/2016:02:23:26 +0800] "GET /content/nav/relationSubject.jsp?relationWords=&oid=16777649 HTTP/1.1" 200 1405
66.249.71.159 - - [19/Jul/2016:02:23:29 +0800] "GET /content/nav/relationSubject.jsp?relationWords=%E6%9D%9C%E6%B8%85%20%E6%9D%9C%E9%A6%99%20%E6%9D%9C%E9%A6%99%E5%9C%8B%20%E8%80%81%E6%A2%85%20%E9%87%91%E5%8C%85%E9%87%8C%20&oid=1887730 HTTP/1.1" 200 3262
66.249.79.228 - - [19/Jul/2016:02:23:31 +0800] "GET /content/nav/relationSubject.jsp?relationWords=%E8%87%BA%E7%81%A3%E5%8E%9F%E4%BD%8F%E6%B0%91%20&oid=4488774 HTTP/1.1" 200 11029
66.249.71.136 - - [19/Jul/2016:02:23:38 +0800] "GET /content/nav/relationSubject.jsp?relationWords=%E5%B7%A5%E9%83%A8%20%E7%81%AB%E8%97%A5%20%E7%81%AB%E8%97%A5%E5%B1%80%20&oid=2666391 HTTP/1.1" 200 3107
66.249.71.136 - - [19/Jul/2016:02:23:49 +0800] "GET /content/repository/resource_content.jsp?oid=2586455 HTTP/1.1" 200 29119
66.249.71.136 - - [19/Jul/2016:02:24:31 +0800] "GET /content/repository/resource_content.jsp?oid=1813007 HTTP/1.1" 200 29313
66.249.71.136 - - [19/Jul/2016:02:24:37 +0800] "GET /content/nav/relationSubject.jsp?relationWords=%E9%8A%85%E5%88%80%20%E9%9D%92%E9%8A%85%E5%88%80%20%E9%9D%92%E9%8A%85%E5%88%80%E6%9F%84%20&oid=1843459 HTTP/1.1" 200 3093
66.249.79.132 - - [19/Jul/2016:02:25:14 +0800] "GET /content/repository/resource_content.jsp?oid=2542114 HTTP/1.1" 200 29004
66.249.71.136 - - [19/Jul/2016:02:25:28 +0800] "GET /content/nav/relationSubject.jsp?relationWords=%E5%8F%B0%E7%81%A3%E7%9F%B3%20%E5%8F%B0%E7%81%A3%E7%9F%B3%E7%88%AC%E5%AD%90%20%E5%8F%B0%E7%81%A3%E9%96%93%E5%90%B8%E9%B0%8D%20%E5%8F%B0%E7%81%A3%E9%96%93%E7%88%AC%E5%B7%96%E9%B0%8D%20%E5%B9%B3%E9%B0%AD%E9%B0%8D%E7%A7%91%20%E7%9F%B3%E8%B2%BC%E4%BB%94%20&oid=14418 HTTP/1.1" 200 3773
157.55.39.184 - - [19/Jul/2016:02:25:30 +0800] "GET /content/subject/resource_content.jsp?oid=16777308&queryType=qc HTTP/1.1" 200 28084
66.249.71.248 - - [19/Jul/2016:02:25:38 +0800] "GET /content/nav/relationSubject.jsp?relationWords=%E5%93%A1%E5%BC%81%20&oid=2639827 HTTP/1.1" 200 3108
66.249.71.159 - - [19/Jul/2016:02:25:46 +0800] "GET /content/repository/resource_content.jsp?oid=2470511&queryString=%E5%8A%87%E5%9C%98%20%E6%B1%BA%E6%88%B0%20%E7%9A%87%E6%B0%91%E5%A5%89%E5%85%AC%E6%9C%83%20%E7%B5%B1%E5%88%B6%20%E8%87%BA%E7%81%A3%E6%BC%94%E5%8A%87%E5%8D%94%E6%9C%83 HTTP/1.1" 200 32341
66.249.71.242 - - [19/Jul/2016:02:25:56 +0800] "GET /content/repository/resource_content.jsp?oid=1814560&queryType=qs&queryString=%E7%95%B0%E7%8D%B8 HTTP/1.1" 200 33956
66.249.71.136 - - [19/Jul/2016:02:26:38 +0800] "GET /content/repository/resource_content.jsp?oid=1536321 HTTP/1.1" 200 28734
180.76.15.137 - - [19/Jul/2016:02:26:46 +0800] "GET /content/repository/resource_content.jsp?oid=1891947&queryString=%E9%99%B3%E5%BB%BA%E5%B9%B4 HTTP/1.1" 200 28794
220.181.108.111 - - [19/Jul/2016:02:26:50 +0800] "GET /content/repository/resource_content.jsp?oid=1549130 HTTP/1.1" 200 29287
68.180.231.49 - - [19/Jul/2016:02:27:01 +0800] "GET /digiarch_en/content/subject/resource_content.jsp?oid=16777291&queryType=qc HTTP/1.1" 200 22386
66.249.71.136 - - [19/Jul/2016:02:27:20 +0800] "GET /content/repository/resource_content.jsp?oid=1533735&queryString=%E5%8F%83%E8%AD%B0%E5%93%A1%20%E5%90%B3%E6%B0%B8%E7%A6%8F%20%E6%9D%BF%E6%A9%8B%E9%8E%AE%20%E6%9E%97%E5%AE%97%E8%B3%A2%20%E6%AE%B7%E5%8D%A0%E9%AD%81%20%E9%83%AD%E5%9C%8B%E5%9F%BA%20%E9%83%AD%E9%9B%A8%E6%96%B0 HTTP/1.1" 200 30903
66.249.71.136 - - [19/Jul/2016:02:28:02 +0800] "GET /content/repository/resource_content.jsp?oid=1818950 HTTP/1.1" 200 28438
199.30.24.239 - - [19/Jul/2016:02:28:08 +0800] "GET /content/nav/relationSubject.jsp?relationWords=&oid=16777585 HTTP/1.1" 200 1405
157.55.39.14 - - [19/Jul/2016:02:28:38 +0800] "GET /content/subject/resource_content.jsp?oid=16777468&queryType=qc HTTP/1.1" 200 33264
66.249.79.132 - - [19/Jul/2016:02:28:42 +0800] "GET /content/nav/relationSubject.jsp?relationWords=%E5%85%AC%E5%B8%91%20%E5%A7%9A%E5%86%AC%E8%81%B2%20%E5%AF%92%E9%9D%92%20%E5%BE%90%E5%A0%85%20%E6%96%87%E7%8E%89%20%E6%9E%97%E6%BE%84%E5%A2%9E%20%E7%8E%8B%E9%9B%B2%E9%BE%8D%20%E7%9C%81%E6%94%BF%E5%BA%9C%20%E7%9C%81%E8%AD%B0%E6%9C%83%20%E8%87%BA%E7%81%A3%E7%9C%81%20%E8%87%BA%E7%81%A3%E7%9C%81%E8%AD%B0%E6%9C%83%20%E8%91%89%E5%AF%92%E9%9D%92%20%E8%94%A1%E6%96%87%20%E8%94%A1%E6%96%87%E7%8E%89%20%E8%B3%B4%E6%A6%AE%E6%9C%A8%20%E9%83%AD%E5%9C%8B%E5%9F%BA%20&oid=1533735 HTTP/1.1" 200 6053
66.249.71.248 - - [19/Jul/2016:02:28:45 +0800] "GET /content/repository/resource_content.jsp?oid=1081605&queryType=qs&queryString=%E8%84%8A%E6%A4%8E%E5%8B%95%E7%89%A9 HTTP/1.1" 200 34373
66.249.71.166 - - [19/Jul/2016:02:28:49 +0800] "GET /content/repository/resource_content.jsp?oid=2654977&queryString=%E7%B1%B3%E8%B1%86%20%E8%B1%86%E7%A8%85%E9%8A%80 HTTP/1.1" 200 30304
66.249.71.136 - - [19/Jul/2016:02:29:26 +0800] "GET /content/repository/resource_content.jsp?oid=1861735 HTTP/1.1" 200 29240
66.249.79.132 - - [19/Jul/2016:02:30:10 +0800] "GET /content/repository/resource_content.jsp?oid=2580081 HTTP/1.1" 200 29206
66.249.71.136 - - [19/Jul/2016:02:30:10 +0800] "GET /digiarch_en/content/nav/relationSubject.jsp?relationWords=%E7%93%9C%E4%BB%94%20%E9%BB%83%E5%B0%BE%20&oid=15218 HTTP/1.1" 200 3458
68.180.231.49 - - [19/Jul/2016:02:30:42 +0800] "GET /digiarch_en/content/tmp_exh/resource_content.jsp?oid=16777804&queryType=qc HTTP/1.1" 200 22743
42.120.161.94 - - [19/Jul/2016:02:31:45 +0800] "GET /digiarch_en/content/subject/resource_content.jsp?oid=16777781&queryType=qc> HTTP/1.1" 200 52916
66.249.71.143 - - [19/Jul/2016:02:31:52 +0800] "GET /digiarch_en/content/repository/resource_content.jsp?oid=1609289&queryString=%E6%B3%B0%E9%9B%85%20%E6%B3%B0%E9%9B%85%E6%97%8F%20%E7%8F%A0%E8%A1%A3 HTTP/1.1" 200 22536
66.249.71.136 - - [19/Jul/2016:02:32:00 +0800] "GET /content/nav/relationSubject.jsp?relationWords=%E6%96%91%E7%B4%8B%E7%95%B0%E9%BD%92%E9%AE%AB%20%E7%8B%B9%E7%B4%8B%E8%99%8E%E9%AF%8A%20%E7%95%B0%E9%BD%92%E9%AE%AB%20%E8%99%8E%E6%B2%99%20%E8%99%8E%E9%AF%8A%20%E8%A7%92%E9%AF%8A%20&oid=14064 HTTP/1.1" 200 3638
66.249.71.242 - - [19/Jul/2016:02:32:15 +0800] "GET /content/subject/resource_content.jsp?oid=16797295&queryType=qc HTTP/1.1" 200 66378
66.249.71.188 - - [19/Jul/2016:02:32:21 +0800] "GET /content/nav/relationSubject.jsp?relationWords=%E5%95%86%E6%A5%AD%E9%8A%80%E8%A1%8C%20%E5%9C%8B%E6%B0%91%E5%AD%B8%E6%A0%A1%20%E6%9D%9C%E9%A6%99%20%E6%9D%9C%E9%A6%99%E5%9C%8B%20%E8%91%A3%E4%BA%8B%E9%95%B7%20%E8%AB%8B%E6%9F%AC%20%E9%A0%86%E5%A4%A9%20&oid=1887296 HTTP/1.1" 200 3405
66.249.71.205 - - [19/Jul/2016:02:32:58 +0800] "GET /digiarch3/content/repository/resource_content.jsp?oid=14245&queryType=qs&queryString=%E8%A3%B8%E8%83%B8%E9%AF%99 HTTP/1.1" 200 34228
66.249.71.136 - - [19/Jul/2016:02:32:59 +0800] "GET /content/nav/relationSubject.jsp?relationWords=%E7%9F%AD%E7%A9%8E%E9%A6%AC%E5%94%90+%E9%A6%AC%E5%94%90+%E9%A6%AC%E5%94%90%E5%B1%AC+&oid=1114726 HTTP/1.1" 200 3272
66.249.71.136 - - [19/Jul/2016:02:33:10 +0800] "GET /digiarch_en/content/nav/relationSubject.jsp?relationWords=%E5%AE%9C%E8%98%AD%E7%B8%A3%E5%A4%A7%E5%90%8C%E9%84%89+%E6%B3%B0%E9%9B%85+&oid=1609289 HTTP/1.1" 200 4383
66.249.71.136 - - [19/Jul/2016:02:33:25 +0800] "GET /content/nav/relationSubject.jsp?relationWords=%E7%9F%AD%E7%A9%8E%E9%A6%AC%E5%94%90%20%E9%A6%AC%E5%94%90%20%E9%A6%AC%E5%94%90%E5%B1%AC%20&oid=1114726 HTTP/1.1" 200 3272
66.249.71.136 - - [19/Jul/2016:02:33:40 +0800] "GET /content/repository/resource_content.jsp?oid=2567784 HTTP/1.1" 200 28806
66.249.71.242 - - [19/Jul/2016:02:34:22 +0800] "GET /content/repository/resource_content.jsp?oid=1560617&queryType=qs&queryString=%E7%BE%8E%E5%92%8C HTTP/1.1" 200 28775
66.249.71.136 - - [19/Jul/2016:02:34:50 +0800] "GET /content/nav/relationSubject.jsp?relationWords=%E4%B8%AD%E5%9C%8B%E7%AE%A1%E5%8F%A3%E9%AD%9A+%E6%B5%B7%E9%BE%8D+%E6%B5%B7%E9%BE%8D%E9%AC%9A+%E7%AE%A1%E5%8F%A3%E9%AD%9A+%E7%AE%A1%E5%8F%A3%E9%AD%9A%E7%A7%91+&oid=4352077 HTTP/1.1" 200 3704
66.249.79.132 - - [19/Jul/2016:02:34:55 +0800] "GET /digiarch_en/content/repository/resource_content.jsp?oid=1781954&queryString=%E6%B3%B0%E9%9B%85%E6%97%8F%20%E7%85%99%E6%96%97 HTTP/1.1" 200 22834
66.249.79.132 - - [19/Jul/2016:02:35:04 +0800] "GET /content/subject/resource_content.jsp?oid=16777761&queryType=qc HTTP/1.1" 200 32733
66.249.71.152 - - [19/Jul/2016:02:35:31 +0800] "GET /content/nav/relationSubject.jsp?relationWords=%E7%B1%B3%E8%B1%86+&oid=2654977 HTTP/1.1" 200 3111
66.249.79.131 - - [19/Jul/2016:02:35:36 +0800] "GET /content/nav/relationSubject.jsp?relationWords=%E7%B1%B3%E8%B1%86%20&oid=2654977 HTTP/1.1" 200 3111
66.249.71.159 - - [19/Jul/2016:02:35:46 +0800] "GET /content/repository/resource_content.jsp?oid=2530557&queryString=%E5%85%AD%E6%9C%9D%20%E5%A2%93%E8%AA%8C%20%E7%9F%B3%E5%8D%B0%20%E7%A2%91%E7%A2%A3%20%E8%81%AF%E5%90%88%E7%9B%AE%E9%8C%84 HTTP/1.1" 200 30049
66.249.71.199 - - [19/Jul/2016:02:36:29 +0800] "GET /digiarch3/content/subject/resource_content.jsp?oid=16777484&queryType=qc HTTP/1.1" 200 72148
66.249.71.248 - - [19/Jul/2016:02:37:11 +0800] "GET /content/repository/resource_content.jsp?oid=4353908&queryString=%E8%8A%B1%E6%96%91%E6%93%AC%E9%B1%97%E9%AD%A8 HTTP/1.1" 200 35295
66.249.71.150 - - [19/Jul/2016:02:37:19 +0800] "GET /content/nav/relationSubject.jsp?relationWords=%E5%B0%8F%E8%91%89%E8%83%A1%E9%A0%B9%E5%AD%90+%E6%A4%8D%E7%89%A9%E7%95%8C+%E8%83%A1%E9%A0%B9%E5%AD%90+%E8%83%A1%E9%A0%B9%E5%AD%90%E5%B1%AC+%E9%BC%A0%E6%9D%8E+&oid=1108541 HTTP/1.1" 200 3401
66.249.71.150 - - [19/Jul/2016:02:37:53 +0800] "GET /content/repository/resource_content.jsp?oid=523916&queryString=%E7%84%A1%E8%87%8D%E7%8E%89%E8%9E%BA%E5%B1%AC%20%E7%8E%89%E8%9E%BA%E7%A7%91%20%E7%95%B0%E8%B6%B3%E7%9B%AE%20%E7%99%BD%E7%8E%89%E8%9E%BA%20%E8%85%B9%E8%B6%B3%E7%B6%B1%20%E8%BB%9F%E9%AB%94%E5%8B%95%E7%89%A9%E9%96%80 HTTP/1.1" 200 34394
66.249.71.143 - - [19/Jul/2016:02:37:57 +0800] "GET /content/subject/resource_content.jsp?oid=16777802&queryString=%E4%B8%8A%E8%94%A1%20%E7%86%A8%E6%96%97%20%E8%94%A1%E4%BE%AF%20%E9%A1%8C%E8%A8%98 HTTP/1.1" 200 30249
66.249.79.132 - - [19/Jul/2016:02:38:27 +0800] "GET /content/nav/relationSubject.jsp?relationWords=%E7%84%A1%E8%87%8D%E7%8E%89%E8%9E%BA%E5%B1%AC+%E7%8E%89%E8%9E%BA+%E7%8E%89%E8%9E%BA%E5%B1%AC+%E7%8E%89%E8%9E%BA%E7%A7%91+%E7%95%B0%E8%B6%B3%E7%9B%AE+%E7%99%BD%E7%8E%89%E8%9E%BA+%E8%85%B9%E8%B6%B3%E7%B6%B1+%E8%87%8D%E5%AD%94+%E8%87%8D%E5%AD%94%E7%99%BD%E7%8E%89%E8%9E%BA+&oid=523916 HTTP/1.1" 200 3634
66.249.71.136 - - [19/Jul/2016:02:38:31 +0800] "GET /content/nav/relationSubject.jsp?relationWords=%E7%84%A1%E8%87%8D%E7%8E%89%E8%9E%BA%E5%B1%AC%20%E7%8E%89%E8%9E%BA%20%E7%8E%89%E8%9E%BA%E5%B1%AC%20%E7%8E%89%E8%9E%BA%E7%A7%91%20%E7%95%B0%E8%B6%B3%E7%9B%AE%20%E7%99%BD%E7%8E%89%E8%9E%BA%20%E8%85%B9%E8%B6%B3%E7%B6%B1%20%E8%87%8D%E5%AD%94%20%E8%87%8D%E5%AD%94%E7%99%BD%E7%8E%89%E8%9E%BA%20&oid=523916 HTTP/1.1" 200 3634
66.249.71.136 - - [19/Jul/2016:02:38:35 +0800] "GET /content/repository/resource_content.jsp?oid=15422&queryString=%E5%8A%A0%E5%BF%97%20%E5%8E%9A%E5%94%87%20%E5%8E%9A%E5%94%87%E4%BB%94%20%E5%B7%9D%E7%B4%8B%E7%AC%9B%E9%AF%9B%20%E6%89%93%E9%90%B5%E5%A9%86%20%E7%AC%9B%E9%AF%9B%20%E7%AC%9B%E9%AF%9B%E7%A7%91%20%E8%B5%A4%E6%B5%B7%20%E9%AF%9B%E7%A7%91 HTTP/1.1" 200 35264
66.249.71.136 - - [19/Jul/2016:02:38:50 +0800] "GET /content/nav/relationSubject.jsp?relationWords=%E5%89%AF%E7%9C%B6%E6%A3%98%E9%B1%B8+%E6%B5%B7%E9%AF%BD%E4%BB%94+%E7%B4%85%E5%B0%BE+%E7%B4%85%E5%B0%BE%E5%86%AC%E4%BB%94+%E7%B4%85%E8%B5%A4%E5%B0%BE+%E7%B4%85%E8%B5%A4%E5%B0%BE%E5%86%AC+%E8%B5%A4%E5%B0%BE%E5%86%AC+%E8%B5%A4%E6%B5%B7+%E9%87%91%E7%B7%9A%E9%AD%9A+%E9%87%91%E7%B7%9A%E9%AD%9A%E7%A7%91+%E9%AF%BD%E4%BB%94+&oid=15422 HTTP/1.1" 200 3946
66.249.71.136 - - [19/Jul/2016:02:38:54 +0800] "GET /content/nav/relationSubject.jsp?relationWords=%E5%89%AF%E7%9C%B6%E6%A3%98%E9%B1%B8%20%E6%B5%B7%E9%AF%BD%E4%BB%94%20%E7%B4%85%E5%B0%BE%20%E7%B4%85%E5%B0%BE%E5%86%AC%E4%BB%94%20%E7%B4%85%E8%B5%A4%E5%B0%BE%20%E7%B4%85%E8%B5%A4%E5%B0%BE%E5%86%AC%20%E8%B5%A4%E5%B0%BE%E5%86%AC%20%E8%B5%A4%E6%B5%B7%20%E9%87%91%E7%B7%9A%E9%AD%9A%20%E9%87%91%E7%B7%9A%E9%AD%9A%E7%A7%91%20%E9%AF%BD%E4%BB%94%20&oid=15422 HTTP/1.1" 200 3946
66.249.79.132 - - [19/Jul/2016:02:39:18 +0800] "GET /content/subject/resource_content.jsp?oid=16777400&queryString=%E5%8D%97%E6%B9%96%E5%A4%A7%E5%B1%B1%20%E6%9D%9C%E9%B5%91%20%E7%8E%89%E5%B1%B1%E6%9D%9C%E9%B5%91%20%E7%B4%B0%E8%91%89%E6%9D%9C%E9%B5%91%20%E8%A5%BF%E6%96%BD%E8%8A%B1 HTTP/1.1" 200 28552
220.181.108.151 - - [19/Jul/2016:02:39:41 +0800] "GET /content/repository/resource_content.jsp?oid=1567387 HTTP/1.1" 200 28863
66.249.79.131 - - [19/Jul/2016:02:40:00 +0800] "GET /content/subject/resource_content.jsp?oid=16797295&queryType=qc HTTP/1.1" 200 66378
66.249.71.194 - - [19/Jul/2016:02:40:42 +0800] "GET /content/repository/resource_content.jsp?oid=2150825&queryString=%E7%83%8F%E5%BF%83%E7%9F%B3 HTTP/1.1" 200 31228
157.55.39.184 - - [19/Jul/2016:02:40:43 +0800] "GET /content/repository/resource_content.jsp?oid=16262&queryString=%E5%9C%93%E7%99%BD%E9%AF%A7%20%E7%99%BD%E9%AF%A7%20%E7%99%BD%E9%AF%A7%E7%A7%91%20%E9%AF%A7%E4%BB%94 HTTP/1.1" 200 35935
66.249.71.242 - - [19/Jul/2016:02:41:00 +0800] "GET /content/repository/resource_content.jsp?oid=2674567&queryType=qs&queryString=%E5%B8%B8%E5%B9%B3 HTTP/1.1" 200 30361
66.249.71.199 - - [19/Jul/2016:02:41:24 +0800] "GET /digiarch3/content/repository/resource_content.jsp?oid=1606311&queryString=GIS%20%E6%95%B8%E4%BD%8D%E5%85%B8%E8%97%8F%20%E9%81%99%E6%B8%AC%20%E9%81%99%E6%B8%AC%E5%BD%B1%E5%83%8F HTTP/1.1" 200 33842
66.249.71.136 - - [19/Jul/2016:02:42:01 +0800] "GET /content/nav/relationSubject.jsp?relationWords=%E7%94%B2%E9%AA%A8+&oid=16777288 HTTP/1.1" 200 3015
66.249.71.166 - - [19/Jul/2016:02:42:06 +0800] "GET /content/subject/resource_content.jsp?oid=16777837&queryType=qs&queryString=%E8%A1%8C%E4%BA%8B%E6%9B%86 HTTP/1.1" 200 37685
66.249.71.254 - - [19/Jul/2016:02:42:14 +0800] "GET /content/nav/relationSubject.jsp?relationWords=%E7%B3%A7%E4%BA%8B+%E9%8C%A2%E7%B3%A7+%E9%95%B7%E8%98%86+&oid=2520612 HTTP/1.1" 200 5330
66.249.66.170 - - [19/Jul/2016:02:42:36 +0800] "GET /content/repository/resource_content.jsp?oid=1114611 HTTP/1.1" 200 29632
66.249.71.143 - - [19/Jul/2016:02:42:48 +0800] "GET /content/repository/resource_content.jsp?oid=2607770 HTTP/1.1" 200 29488
66.249.71.159 - - [19/Jul/2016:02:43:30 +0800] "GET /content/subject/resource_content.jsp?oid=16777811&queryString=%E4%B8%89%E6%B0%91%E4%B8%BB%E7%BE%A9%20%E6%80%9D%E6%83%B3%20%E6%B0%91%E6%97%8F%E6%80%A7 HTTP/1.1" 200 31107
180.76.15.142 - - [19/Jul/2016:02:43:43 +0800] "GET /content/repository/resource_content.jsp?oid=3817141&queryString=%E5%B1%B1%E9%BB%83%20%E5%B1%B1%E9%BB%83%E9%BA%BB%20%E5%B1%B1%E9%BB%83%E9%BA%BB%E5%B1%AC%20%E6%A4%8D%E7%89%A9%E7%95%8C%20%E6%A6%86%E7%A7%91 HTTP/1.1" 200 31271
66.249.71.150 - - [19/Jul/2016:02:44:02 +0800] "GET /content/repository/resource_content.jsp?oid=2144342 HTTP/1.1" 200 31379
66.249.71.143 - - [19/Jul/2016:02:44:13 +0800] "GET /content/repository/resource_content.jsp?oid=2584314 HTTP/1.1" 200 29643
223.141.12.34 - - [19/Jul/2016:02:44:20 +0800] "GET /digiarch2/content/repository/resource_content.jsp?queryString=%E7%94%9F%E7%89%A9&oid=2143958&queryType=qc HTTP/1.1" 200 9553
66.249.71.248 - - [19/Jul/2016:02:44:35 +0800] "GET /content/nav/relationSubject.jsp?relationWords=%E6%9E%97%E6%B0%B4%E6%9C%A8+%E7%B0%A1%E9%8C%A6%E7%9B%8A+&oid=1890856 HTTP/1.1" 200 3248
223.141.12.34 - - [19/Jul/2016:02:44:36 +0800] "GET /digiarch2/content/repository/resource_content.jsp?queryString=%E7%94%9F%E7%89%A9&oid=2143958&queryType=qc HTTP/1.1" 200 9553
66.249.71.248 - - [19/Jul/2016:02:44:37 +0800] "GET /content/nav/relationSubject.jsp?relationWords=%E6%9E%97%E6%B0%B4%E6%9C%A8%20%E7%B0%A1%E9%8C%A6%E7%9B%8A%20&oid=1890856 HTTP/1.1" 200 3248
66.249.71.143 - - [19/Jul/2016:02:44:55 +0800] "GET /content/repository/resource_content.jsp?oid=2602376 HTTP/1.1" 200 29800
164.132.161.65 - - [19/Jul/2016:02:44:57 +0800] "GET /content/subject/resource_content.jsp?oid=16797292&queryType=qc HTTP/1.1" 200 57226
66.249.71.136 - - [19/Jul/2016:02:45:05 +0800] "GET /digiarch_en/content/nav/relationSubject.jsp?relationWords=%E7%85%99%E6%96%97+&oid=1781954 HTTP/1.1" 200 3799
66.249.71.136 - - [19/Jul/2016:02:45:07 +0800] "GET /digiarch_en/content/nav/relationSubject.jsp?relationWords=%E7%85%99%E6%96%97%20&oid=1781954 HTTP/1.1" 200 3799
66.249.71.136 - - [19/Jul/2016:02:45:37 +0800] "GET /content/repository/resource_content.jsp?oid=1172896&queryString=%E5%A4%B7%E6%96%87%20%E6%93%BA%E5%A4%B7 HTTP/1.1" 200 35456
119.14.137.122 - - [19/Jul/2016:02:45:46 +0800] "GET /content/subject/resource_content.jsp?oid=16797244&queryString= HTTP/1.1" 200 50442
119.14.137.122 - - [19/Jul/2016:02:45:48 +0800] "GET /content/nav/relationSubject.jsp?relationWords=%E6%8E%A8%E8%83%8C%E5%9C%96+&oid=16797244 HTTP/1.1" 200 2217
101.226.167.222 - - [19/Jul/2016:02:45:53 +0800] "GET /digiarch3/content/subject/resource_content.jsp?oid=16797234&queryType=qc HTTP/1.1" 200 46558
66.249.66.164 - - [19/Jul/2016:02:46:20 +0800] "GET /content/repository/resource_content.jsp?oid=2524573 HTTP/1.1" 200 28942
66.249.71.248 - - [19/Jul/2016:02:46:20 +0800] "GET /content/nav/relationSubject.jsp?relationWords=&oid=2674567 HTTP/1.1" 200 1405
66.249.71.136 - - [19/Jul/2016:02:46:27 +0800] "GET /content/nav/relationSubject.jsp?relationWords=%E6%A4%8D%E7%89%A9%E7%95%8C+%E7%A6%BE%E6%9C%AC%E7%A7%91+%E7%B5%90%E7%B8%B7%E8%8D%89+%E7%B5%90%E7%B8%B7%E8%8D%89%E5%B1%AC+%E8%8E%8E%E8%8D%89+%E9%A6%AC%E5%B0%BC%E6%8B%89+%E9%A6%AC%E5%B0%BC%E6%8B%89%E8%8A%9D+&oid=2144342 HTTP/1.1" 200 3453
66.249.71.136 - - [19/Jul/2016:02:46:30 +0800] "GET /content/nav/relationSubject.jsp?relationWords=%E6%A4%8D%E7%89%A9%E7%95%8C%20%E7%A6%BE%E6%9C%AC%E7%A7%91%20%E7%B5%90%E7%B8%B7%E8%8D%89%20%E7%B5%90%E7%B8%B7%E8%8D%89%E5%B1%AC%20%E8%8E%8E%E8%8D%89%20%E9%A6%AC%E5%B0%BC%E6%8B%89%20%E9%A6%AC%E5%B0%BC%E6%8B%89%E8%8A%9D%20&oid=2144342 HTTP/1.1" 200 3453
66.249.71.188 - - [19/Jul/2016:02:47:01 +0800] "GET /content/subject/resource_content.jsp?oid=16777725&queryString=%E5%8F%B0%E7%81%A3%E5%8E%9F%E4%BD%8F%E6%B0%91%20%E5%9C%96%E9%A8%B0%20%E6%88%90%E5%B9%B4%E7%A6%AE%20%E6%96%87%E5%8C%96%E8%97%9D%E8%A1%93%20%E7%89%A9%E8%B3%AA%E6%96%87%E5%8C%96%20%E7%94%9F%E5%91%BD%E5%84%80%E7%A6%AE HTTP/1.1" 200 33737
66.249.71.136 - - [19/Jul/2016:02:47:05 +0800] "GET /content/repository/resource_content.jsp?oid=1530058&queryString=%E4%B8%89%E9%87%8D%E5%B8%82%20%E5%85%AC%E5%B8%91%20%E5%85%AC%E8%B7%AF%E5%B1%80%20%E5%B8%82%E5%83%B9%20%E6%B0%91%E6%B3%95%20%E7%9C%81%E6%94%BF%E5%BA%9C%20%E8%87%BA%E5%8C%97%E5%A4%A7%E6%A9%8B%20%E8%87%BA%E5%8C%97%E7%B8%A3 HTTP/1.1" 200 31378
66.249.71.136 - - [19/Jul/2016:02:47:11 +0800] "GET /content/nav/relationSubject.jsp?relationWords=&oid=2584314 HTTP/1.1" 200 1405
66.249.71.136 - - [19/Jul/2016:02:47:44 +0800] "GET /content/repository/resource_content.jsp?oid=2565550 HTTP/1.1" 200 29011
66.249.71.136 - - [19/Jul/2016:02:47:45 +0800] "GET /content/nav/relationSubject.jsp?relationWords=%E5%8D%9C%E8%BE%AD%E6%AE%98%E7%89%87+%E7%8D%B8%E9%AA%A8%E5%8D%9C%E8%BE%AD+&oid=1881898 HTTP/1.1" 200 3118
66.249.71.136 - - [19/Jul/2016:02:47:47 +0800] "GET /content/nav/relationSubject.jsp?relationWords=%E5%8D%9C%E8%BE%AD%E6%AE%98%E7%89%87%20%E7%8D%B8%E9%AA%A8%E5%8D%9C%E8%BE%AD%20&oid=1881898 HTTP/1.1" 200 3118
101.226.166.233 - - [19/Jul/2016:02:48:08 +0800] "GET /digiarch3/content/subject/resource_content.jsp?oid=16777596&queryType=qc%3E HTTP/1.1" 200 29137
182.118.25.215 - - [19/Jul/2016:02:48:09 +0800] "GET /digiarch3/content/subject/resource_content.jsp?oid=16777304&queryType=qc HTTP/1.1" 200 36943
66.249.71.136 - - [19/Jul/2016:02:48:26 +0800] "GET /content/repository/resource_content.jsp?oid=2605213 HTTP/1.1" 200 29213
66.249.71.136 - - [19/Jul/2016:02:48:28 +0800] "GET /content/nav/relationSubject.jsp?relationWords=%E5%AE%89%E5%B9%B3%E9%AD%9A+%E6%B5%B7%E8%8D%89%E9%AD%9A+%E8%99%B1%E7%9B%AE%E9%AD%9A+%E8%99%B1%E9%BA%BB%E9%AD%9A+%E9%81%AE%E7%9B%AE%E9%AD%9A+&oid=14376 HTTP/1.1" 200 7611
66.249.71.159 - - [19/Jul/2016:02:48:50 +0800] "GET /content/nav/relationSubject.jsp?relationWords=%E5%9C%8B%E7%AB%8B%E8%87%BA%E7%81%A3%E5%A4%A7%E5%AD%B8+%E6%80%9D%E6%83%B3+%E8%87%BA%E7%81%A3%E5%A4%A7%E5%AD%B8+%E9%87%8D%E6%85%B6%E5%8D%97%E8%B7%AF+&oid=16777811 HTTP/1.1" 200 6208
66.249.71.152 - - [19/Jul/2016:02:48:52 +0800] "GET /content/nav/relationSubject.jsp?relationWords=%E5%9C%8B%E7%AB%8B%E8%87%BA%E7%81%A3%E5%A4%A7%E5%AD%B8%20%E6%80%9D%E6%83%B3%20%E8%87%BA%E7%81%A3%E5%A4%A7%E5%AD%B8%20%E9%87%8D%E6%85%B6%E5%8D%97%E8%B7%AF%20&oid=16777811 HTTP/1.1" 200 6208
66.249.71.136 - - [19/Jul/2016:02:49:08 +0800] "GET /content/repository/resource_content.jsp?oid=2538117 HTTP/1.1" 200 29147
182.118.20.172 - - [19/Jul/2016:02:49:18 +0800] "GET /digiarch3/content/subject/resource_content.jsp?oid=16777673&queryType=qc HTTP/1.1" 200 33216
182.118.22.227 - - [19/Jul/2016:02:49:29 +0800] "GET /digiarch3/content/tmp_auth/resource_content.jsp?oid=16777410 HTTP/1.1" 200 25396
66.249.71.136 - - [19/Jul/2016:02:49:40 +0800] "GET /digiarch_en/content/nav/relationSubject.jsp?relationWords=%E5%B8%83%E8%BE%B2%E6%97%8F+%E7%9B%9B%E5%85%B7+%E8%92%B8%E7%B1%A0+&oid=1782729 HTTP/1.1" 200 3168
66.249.79.132 - - [19/Jul/2016:02:49:51 +0800] "GET /content/repository/resource_content.jsp?oid=2600350 HTTP/1.1" 200 29140
182.118.22.205 - - [19/Jul/2016:02:49:58 +0800] "GET /digiarch3/content/tmp_exh/resource_content.jsp?oid=16777760&queryType=qc%201889 HTTP/1.1" 200 35812
66.249.71.242 - - [19/Jul/2016:02:50:08 +0800] "GET /content/repository/resource_content.jsp?oid=2655811&queryType=qs&queryString=%E8%AA%A5%E8%BB%B8 HTTP/1.1" 200 30382
101.226.167.249 - - [19/Jul/2016:02:50:09 +0800] "GET /digiarch3/content/subject/resource_content.jsp?oid=16777582&queryType=qc HTTP/1.1" 200 28881
66.249.71.136 - - [19/Jul/2016:02:50:15 +0800] "GET /content/nav/relationSubject.jsp?relationWords=%E5%88%A9%E6%B0%B4%20%E6%B0%B4%E5%88%A9%E5%B1%80%20%E6%B0%B4%E5%9C%B3%20%E6%B0%B4%E7%A8%BB%20&oid=1547684 HTTP/1.1" 200 5021
42.156.139.94 - - [19/Jul/2016:02:50:18 +0800] "GET /content/repository/resource_content.jsp?oid=1125119&queryType=qc HTTP/1.1" 200 34590
66.249.71.136 - - [19/Jul/2016:02:50:30 +0800] "GET /digiarch_en/content/nav/relationSubject.jsp?relationWords=%E9%84%AD%E6%88%90%E5%8A%9F+&oid=16777440 HTTP/1.1" 200 3527
66.249.71.136 - - [19/Jul/2016:02:50:32 +0800] "GET /content/repository/resource_content.jsp?oid=2599151 HTTP/1.1" 200 29149
66.249.71.136 - - [19/Jul/2016:02:51:14 +0800] "GET /content/repository/resource_content.jsp?oid=1838183 HTTP/1.1" 200 28495
66.249.71.188 - - [19/Jul/2016:02:51:57 +0800] "GET /content/subject/resource_content.jsp?oid=16797281&queryType=qc HTTP/1.1" 200 53085
66.249.71.159 - - [19/Jul/2016:02:52:04 +0800] "GET /content/nav/relationSubject.jsp?relationWords=%E5%90%8C%E6%A5%AD%E5%85%AC%E6%9C%83+%E5%90%B3%E6%9C%89+%E5%90%B3%E6%9C%89%E5%B1%B1+%E7%9C%81%E6%94%BF%E5%BA%9C+%E8%87%BA%E4%B8%AD%E7%B8%A3+%E8%87%BA%E5%8C%97%E5%B8%82+%E8%8C%B6%E5%AE%A4+%E8%AA%BF%E6%9F%A5%E7%A0%94%E7%A9%B6+&oid=1531358 HTTP/1.1" 200 4693
66.249.71.159 - - [19/Jul/2016:02:52:07 +0800] "GET /content/nav/relationSubject.jsp?relationWords=%E5%90%8C%E6%A5%AD%E5%85%AC%E6%9C%83%20%E5%90%B3%E6%9C%89%20%E5%90%B3%E6%9C%89%E5%B1%B1%20%E7%9C%81%E6%94%BF%E5%BA%9C%20%E8%87%BA%E4%B8%AD%E7%B8%A3%20%E8%87%BA%E5%8C%97%E5%B8%82%20%E8%8C%B6%E5%AE%A4%20%E8%AA%BF%E6%9F%A5%E7%A0%94%E7%A9%B6%20&oid=1531358 HTTP/1.1" 200 4693
66.249.71.136 - - [19/Jul/2016:02:52:11 +0800] "GET /content/nav/relationSubject.jsp?relationWords=%E9%8A%85%E5%88%80+%E9%9D%92%E9%8A%85%E5%88%80+%E9%9D%92%E9%8A%85%E5%88%80%E6%9F%84+&oid=1843459 HTTP/1.1" 200 3093
66.249.71.152 - - [19/Jul/2016:02:52:22 +0800] "GET /content/nav/relationSubject.jsp?relationWords=%E6%96%87%E6%AE%8A+%E6%96%87%E6%AE%8A%E8%8F%A9%E8%96%A9+&oid=4362001 HTTP/1.1" 200 3070
66.249.71.194 - - [19/Jul/2016:02:52:39 +0800] "GET /content/subject/resource_content.jsp?oid=16777396&queryString=%E6%A4%86%E5%B1%AC%20%E6%A4%8D%E7%89%A9%E7%95%8C%20%E6%AE%BC%E6%96%97%E7%A7%91%20%E9%9D%92%E5%89%9B%20%E9%9D%92%E5%89%9B%E6%AB%9F HTTP/1.1" 200 34731
66.249.71.194 - - [19/Jul/2016:02:52:46 +0800] "GET /content/nav/relationSubject.jsp?relationWords=%E9%9D%92%E5%89%9B+%E9%9D%92%E5%89%9B%E6%AB%9F+&oid=16777396 HTTP/1.1" 200 4042
66.249.71.188 - - [19/Jul/2016:02:52:51 +0800] "GET /content/nav/relationSubject.jsp?relationWords=%E9%9D%92%E5%89%9B%20%E9%9D%92%E5%89%9B%E6%AB%9F%20&oid=16777396 HTTP/1.1" 200 4042
182.118.21.201 - - [19/Jul/2016:02:52:58 +0800] "GET /digiarch3/content/tmp_auth/resource_content.jsp?oid=16777646 HTTP/1.1" 200 28532
220.181.108.182 - - [19/Jul/2016:02:53:01 +0800] "GET /content/repository/resource_content.jsp?oid=1588025 HTTP/1.1" 200 28902
66.249.79.132 - - [19/Jul/2016:02:53:11 +0800] "GET /content/repository/resource_content.jsp?oid=1777368 HTTP/1.1" 200 29016
66.249.71.136 - - [19/Jul/2016:02:53:21 +0800] "GET /content/subject/resource_content.jsp?oid=16777630&queryType=qs&queryString=%E7%81%8C%E5%9C%92%E5%85%88%E7%94%9F HTTP/1.1" 200 65289
101.226.166.250 - - [19/Jul/2016:02:53:29 +0800] "GET /digiarch3/content/tmp_tec/resource_content.jsp?oid=16777689 HTTP/1.1" 200 26053
27.114.136.146 - - [19/Jul/2016:02:53:50 +0800] "GET /content/repository/resource_content.jsp?oid=15397&queryString=%E7%83%8F%E5%B8%BD%E9%BE%8D%E5%8D%A0%20%E9%BE%8D%E5%8D%A0 HTTP/1.1" 200 35223
66.249.71.136 - - [19/Jul/2016:02:53:53 +0800] "GET /content/nav/relationSubject.jsp?relationWords=&oid=2585044 HTTP/1.1" 200 1405
27.114.136.146 - - [19/Jul/2016:02:53:54 +0800] "GET /content/nav/relationSubject.jsp?relationWords=%E6%A3%98%E9%BE%8D+%E8%A3%B8%E9%A0%B0%E9%AF%9B+%E9%A0%B0%E9%AF%9B+%E9%BE%8D%E5%8D%A0+%E9%BE%8D%E5%B0%96+&oid=15397 HTTP/1.1" 200 3455
8.35.164.78 - - [19/Jul/2016:02:54:00 +0800] "GET /content/nav/relationSubject.jsp?relationWords=%E9%BE%8D%E5%B1%B1%E6%96%87%E5%8C%96+&oid=16777626 HTTP/1.1" 200 1884
66.249.71.136 - - [19/Jul/2016:02:54:01 +0800] "GET /content/nav/relationSubject.jsp?relationWords=&oid=2565550 HTTP/1.1" 200 1405
66.249.71.136 - - [19/Jul/2016:02:54:03 +0800] "GET /content/subject/resource_content.jsp?oid=16777793&queryType=qs&queryString=%E5%9F%BA%E9%87%91%E6%9C%83 HTTP/1.1" 200 42647
68.180.231.49 - - [19/Jul/2016:02:54:27 +0800] "GET /digiarch_en/content/subject/resource_content.jsp?oid=16777560&queryType=qc HTTP/1.1" 200 22878
66.249.71.254 - - [19/Jul/2016:02:54:45 +0800] "GET /content/repository/resource_content.jsp?oid=2599021&queryType=qs&queryString=%E9%99%B3%E4%B9%9E HTTP/1.1" 200 29214
66.249.71.136 - - [19/Jul/2016:02:55:28 +0800] "GET /content/repository/resource_content.jsp?oid=1109879 HTTP/1.1" 200 31140
66.249.71.136 - - [19/Jul/2016:02:56:10 +0800] "GET /content/repository/resource_content.jsp?oid=1564947 HTTP/1.1" 200 28838
66.249.71.136 - - [19/Jul/2016:02:56:13 +0800] "GET /digiarch_en/content/repository/resource_content.jsp?oid=1874630&queryString=%E6%A2%AF%E5%BD%A2%20%E7%8D%B8%E9%9D%A2 HTTP/1.1" 200 24457
66.249.79.218 - - [19/Jul/2016:02:56:34 +0800] "GET /content/nav/relationSubject.jsp?relationWords=%E5%90%8F%E9%83%A8+%E8%AA%A5%E8%BB%B8+&oid=2655811 HTTP/1.1" 200 3136
66.249.71.136 - - [19/Jul/2016:02:56:36 +0800] "GET /content/nav/relationSubject.jsp?relationWords=%E6%BC%81%E6%92%88+%E9%AD%AF%E5%87%B1+%E9%AD%AF%E5%87%B1%E6%97%8F+&oid=1777368 HTTP/1.1" 200 3172
66.249.71.242 - - [19/Jul/2016:02:56:37 +0800] "GET /content/nav/relationSubject.jsp?relationWords=%E5%90%8F%E9%83%A8%20%E8%AA%A5%E8%BB%B8%20&oid=2655811 HTTP/1.1" 200 3136
66.249.71.242 - - [19/Jul/2016:02:56:52 +0800] "GET /content/repository/resource_content.jsp?oid=1554885&queryType=qs&queryString=%E9%8A%80%E5%90%88%E6%AD%A1 HTTP/1.1" 200 30776
66.249.71.242 - - [19/Jul/2016:02:57:34 +0800] "GET /content/repository/resource_content.jsp?oid=14230&queryString=%E5%A4%9A%E7%92%B0%E8%9D%AE%E9%AF%99%20%E6%B5%B7%E9%B1%94%20%E8%96%AF%E9%B0%BB%20%E8%99%8E%E9%B0%BB%20%E9%8C%A2%E9%B0%BB HTTP/1.1" 200 34638
76.184.7.228 - - [19/Jul/2016:02:58:17 +0800] "GET /content/nav/relationSubject.jsp?relationWords=%E7%B4%AB%E8%96%87+&oid=16777424 HTTP/1.1" 200 4000
66.249.79.132 - - [19/Jul/2016:02:58:17 +0800] "GET /content/repository/resource_content.jsp?oid=1081605&queryType=qs&queryString=%E8%84%8A%E6%A4%8E%E5%8B%95%E7%89%A9 HTTP/1.1" 200 34384
66.249.71.136 - - [19/Jul/2016:02:59:25 +0800] "GET /content/nav/relationSubject.jsp?relationWords=%E5%8F%B0%E7%81%A3%E7%9F%B3+%E5%8F%B0%E7%81%A3%E7%9F%B3%E7%88%AC%E5%AD%90+%E5%8F%B0%E7%81%A3%E9%96%93%E5%90%B8%E9%B0%8D+%E5%8F%B0%E7%81%A3%E9%96%93%E7%88%AC%E5%B7%96%E9%B0%8D+%E5%B9%B3%E9%B0%AD%E9%B0%8D%E7%A7%91+%E7%9F%B3%E8%B2%BC%E4%BB%94+&oid=14418 HTTP/1.1" 200 3773
68.180.231.49 - - [19/Jul/2016:02:59:39 +0800] "GET /content/pictures/picture_content.jsp?oid=33554749 HTTP/1.1" 200 27589
66.249.71.136 - - [19/Jul/2016:02:59:41 +0800] "GET /digiarch_en/content/repository/resource_content.jsp?oid=4551565&queryString=%E7%B0%BE%E8%9B%A4%E7%9B%AE%20%E8%9B%A4%E7%A7%91%20%E8%A5%BF%E6%96%BD%E8%88%8C%20%E8%A5%BF%E6%96%BD%E8%88%8C%E5%B1%AC%20%E8%BB%9F%E9%AB%94%E5%8B%95%E7%89%A9%E9%96%80%20%E9%9B%99%E6%AE%BC%E7%B6%B1 HTTP/1.1" 200 24207
66.249.79.214 - - [19/Jul/2016:03:00:03 +0800] "GET /digiarch3/content/nav/relationSubject.jsp?relationWords=%E5%87%8C%E7%B4%94%E8%81%B2+%E5%8F%B0%E7%81%A3%E5%A4%A7%E5%AD%B8+%E5%A5%91%E7%B4%84%E6%96%87%E6%9B%B8+%E8%81%98%E6%9B%B8+&oid=4364544 HTTP/1.1" 200 3254
66.249.71.136 - - [19/Jul/2016:03:00:05 +0800] "GET /content/nav/relationSubject.jsp?relationWords=%E8%85%B9%E8%B6%B3%E7%B6%B1+%E8%8A%8B%E8%9E%BA%E5%B1%AC+%E8%8A%8B%E8%9E%BA%E7%A7%91+%E8%8A%B1%E5%86%A0%E8%8A%8B%E8%9E%BA+%E8%BB%9F%E9%AB%94%E5%8B%95%E7%89%A9%E9%96%80+&oid=4550404 HTTP/1.1" 200 3447
66.249.71.136 - - [19/Jul/2016:03:00:08 +0800] "GET /content/nav/relationSubject.jsp?relationWords=%E8%85%B9%E8%B6%B3%E7%B6%B1%20%E8%8A%8B%E8%9E%BA%E5%B1%AC%20%E8%8A%8B%E8%9E%BA%E7%A7%91%20%E8%8A%B1%E5%86%A0%E8%8A%8B%E8%9E%BA%20%E8%BB%9F%E9%AB%94%E5%8B%95%E7%89%A9%E9%96%80%20&oid=4550404 HTTP/1.1" 200 3447
66.249.71.136 - - [19/Jul/2016:03:00:23 +0800] "GET /content/repository/resource_content.jsp?oid=1124516 HTTP/1.1" 200 36502
180.76.15.135 - - [19/Jul/2016:03:00:39 +0800] "GET /content/repository/resource_content.jsp?oid=1099840&queryString=%E5%8D%81%E5%AD%97%E8%8A%B1%E7%A7%91%20%E5%B1%B1%E8%8A%A5%E5%B1%AC%20%E5%B1%B1%E8%8A%A5%E8%8F%9C%20%E6%A4%8D%E7%89%A9%E7%95%8C%20%E9%9B%99%E5%AD%90%E8%91%89%E6%A4%8D%E7%89%A9 HTTP/1.1" 200 31669
66.249.71.254 - - [19/Jul/2016:03:01:05 +0800] "GET /content/repository/resource_content.jsp?oid=2680772&queryType=qs&queryString=%E9%84%9C%E5%B7%9E HTTP/1.1" 200 30245
66.249.71.205 - - [19/Jul/2016:03:01:47 +0800] "GET /digiarch3/content/repository/resource_content.jsp?oid=3822068&queryString=API%20%E5%8F%B0%E7%81%A3%E6%AC%92%E6%A8%B9%20%E6%A4%8D%E7%89%A9%E7%95%8C%20%E6%AC%92%E6%A8%B9%20%E7%84%A1%E6%82%A3%E5%AD%90%20%E7%84%A1%E6%82%A3%E5%AD%90%E7%A7%91%20%E8%8B%A6%E8%8B%93%20%E8%8B%A6%E8%8B%93%E8%88%85 HTTP/1.1" 200 31790
66.249.71.199 - - [19/Jul/2016:03:01:57 +0800] "GET /digiarch3/content/nav/relationSubject.jsp?relationWords=API%20%E5%8F%B0%E7%81%A3%E6%AC%92%E6%A8%B9%20%E6%A4%8D%E7%89%A9%E7%95%8C%20%E6%AC%92%E6%A8%B9%20%E7%84%A1%E6%82%A3%E5%AD%90%20%E7%84%A1%E6%82%A3%E5%AD%90%E7%A7%91%20%E8%8B%A6%E8%8B%93%20%E8%8B%A6%E8%8B%93%E8%88%85%20&oid=3822068 HTTP/1.1" 200 4923
66.249.71.166 - - [19/Jul/2016:03:02:16 +0800] "GET /content/nav/relationSubject.jsp?relationWords=%E6%97%A5%E6%9C%AC%E6%96%87%E5%AD%B8%20%E6%B1%BA%E6%88%B0%20%E7%9A%87%E6%B0%91%20%E7%9A%87%E6%B0%91%E5%A5%89%E5%85%AC%E6%9C%83%20%E7%A5%9E%E7%A4%BE%20%E8%87%BA%E7%81%A3%E6%96%87%E5%AD%B8%20%E8%87%BA%E7%81%A3%E7%A5%9E%E7%A4%BE%20%E8%87%BA%E7%81%A3%E7%B8%BD%E7%9D%A3%E5%BA%9C%20&oid=2470511 HTTP/1.1" 200 5013
66.249.71.150 - - [19/Jul/2016:03:02:19 +0800] "GET /content/repository/resource_content.jsp?oid=1889730 HTTP/1.1" 200 29304
68.180.231.49 - - [19/Jul/2016:03:02:29 +0800] "GET /digiarch_en/content/subject/resource_content.jsp?oid=16777466&queryType=qc HTTP/1.1" 200 22450
66.249.79.235 - - [19/Jul/2016:03:02:30 +0800] "GET /content/repository/resource_content.jsp?oid=2149673&queryString=%E6%A4%86%E5%B1%AC%20%E6%A4%8D%E7%89%A9%E7%95%8C%20%E6%AE%BC%E6%96%97%E7%A7%91%20%E9%9D%92%E5%89%9B%20%E9%9D%92%E5%89%9B%E6%AB%9F HTTP/1.1" 200 31435
66.249.71.200 - - [19/Jul/2016:03:02:41 +0800] "GET /content/nav/relationSubject.jsp?relationWords=%E5%8D%B7%E6%9F%8F+%E5%8D%B7%E6%9F%8F%E5%B1%AC+%E6%9D%BE%E9%96%80+%E6%9F%8F%E7%A7%91+%E6%A4%8D%E7%89%A9%E7%95%8C+%E7%8E%89%E5%B1%B1%E5%8D%B7%E6%9F%8F+%E7%9F%B3%E6%9D%BE+&oid=3813285 HTTP/1.1" 200 3429
66.249.71.200 - - [19/Jul/2016:03:02:43 +0800] "GET /content/nav/relationSubject.jsp?relationWords=%E5%8D%B7%E6%9F%8F%20%E5%8D%B7%E6%9F%8F%E5%B1%AC%20%E6%9D%BE%E9%96%80%20%E6%9F%8F%E7%A7%91%20%E6%A4%8D%E7%89%A9%E7%95%8C%20%E7%8E%89%E5%B1%B1%E5%8D%B7%E6%9F%8F%20%E7%9F%B3%E6%9D%BE%20&oid=3813285 HTTP/1.1" 200 3429
66.249.71.188 - - [19/Jul/2016:03:02:47 +0800] "GET /content/nav/relationSubject.jsp?relationWords=%E6%A0%A1%E6%AC%91+%E6%A4%86%E5%B1%AC+%E6%A4%8D%E7%89%A9%E7%95%8C+%E6%AE%BC%E6%96%97%E7%A7%91+%E9%90%B5%E6%A4%86+%E9%9D%92%E5%89%9B+%E9%9D%92%E5%89%9B%E6%AB%9F+&oid=2149673 HTTP/1.1" 200 4611
66.249.79.228 - - [19/Jul/2016:03:02:51 +0800] "GET /content/nav/relationSubject.jsp?relationWords=%E6%A0%A1%E6%AC%91%20%E6%A4%86%E5%B1%AC%20%E6%A4%8D%E7%89%A9%E7%95%8C%20%E6%AE%BC%E6%96%97%E7%A7%91%20%E9%90%B5%E6%A4%86%20%E9%9D%92%E5%89%9B%20%E9%9D%92%E5%89%9B%E6%AB%9F%20&oid=2149673 HTTP/1.1" 200 4611
66.249.71.188 - - [19/Jul/2016:03:02:54 +0800] "GET /content/nav/relationSubject.jsp?relationWords=%E5%90%8F%E9%83%A8+%E5%BB%A2%E5%93%A1+%E6%A2%9D%E9%99%B3+%E9%99%B3%E4%BA%8B+&oid=2655824 HTTP/1.1" 200 3206
66.249.71.188 - - [19/Jul/2016:03:03:54 +0800] "GET /content/repository/resource_content.jsp?oid=2146194&queryString=%E6%A4%86%E5%B1%AC%20%E6%A4%8D%E7%89%A9%E7%95%8C%20%E6%AE%BC%E6%96%97%E7%A7%91%20%E9%9D%92%E5%89%9B%20%E9%9D%92%E5%89%9B%E6%AB%9F HTTP/1.1" 200 31416
157.55.39.63 - - [19/Jul/2016:03:04:05 +0800] "GET /content/pictures/picture_content.jsp?oid=33554810 HTTP/1.1" 200 27894
66.249.71.188 - - [19/Jul/2016:03:04:15 +0800] "GET /content/nav/relationSubject.jsp?relationWords=%E6%A0%A1%E6%AC%91%20%E6%A4%86%E5%B1%AC%20%E6%A4%8D%E7%89%A9%E7%95%8C%20%E6%AE%BC%E6%96%97%E7%A7%91%20%E9%90%B5%E6%A4%86%20%E9%9D%92%E5%89%9B%20%E9%9D%92%E5%89%9B%E6%AB%9F%20&oid=2146194 HTTP/1.1" 200 4611
66.249.71.188 - - [19/Jul/2016:03:04:36 +0800] "GET /content/repository/resource_content.jsp?oid=2145781&queryString=%E5%BF%97%E4%BD%B3%E9%99%BD%E6%9D%9C%E9%B5%91%20%E6%9D%9C%E9%B5%91%20%E6%9D%9C%E9%B5%91%E8%8A%B1%20%E7%99%BD%E7%90%89%E7%90%83%E6%9D%9C%E9%B5%91%20%E8%91%97%E7%94%9F%E6%9D%9C%E9%B5%91 HTTP/1.1" 200 31356
66.249.71.188 - - [19/Jul/2016:03:04:42 +0800] "GET /content/nav/relationSubject.jsp?relationWords=%E6%9D%9C%E9%B5%91%20%E6%9D%9C%E9%B5%91%E8%8A%B1%20%E6%9D%9C%E9%B5%91%E8%8A%B1%E5%B1%AC%20%E6%9D%9C%E9%B5%91%E8%8A%B1%E7%A7%91%20%E6%A3%AE%E6%B0%8F%E6%9D%9C%E9%B5%91%20%E6%A4%8D%E7%89%A9%E7%95%8C%20&oid=2145781 HTTP/1.1" 200 5136
66.249.71.152 - - [19/Jul/2016:03:05:18 +0800] "GET /content/repository/resource_content.jsp?oid=2676321&queryString=%E4%BD%BF%E7%94%A8%E5%9F%B7%E7%85%A7%20%E4%BE%BF%E6%B0%91%20%E5%BB%BA%E7%AF%89%E6%B3%95%20%E5%BC%B5%E5%AF%8C%20%E8%94%A1%E6%9D%8E%E9%B4%A6%20%E8%AE%8A%E9%80%9A%20%E8%B3%AA%E8%A9%A2 HTTP/1.1" 200 30761
66.249.71.166 - - [19/Jul/2016:03:05:22 +0800] "GET /content/repository/resource_content.jsp?oid=1636194&queryString=%E5%8D%97%E5%8B%A2%E9%98%BF%E7%BE%8E%E6%97%8F%20%E7%A4%BE%E6%9C%83%E5%95%8F%E9%A1%8C HTTP/1.1" 200 29284
123.125.71.113 - - [19/Jul/2016:03:05:25 +0800] "GET /content/repository/resource_content.jsp?oid=3205192 HTTP/1.1" 200 29500
198.203.177.177 - - [19/Jul/2016:03:05:31 +0800] "GET /content/nav/relationSubject.jsp?relationWords=&oid=16777227 HTTP/1.1" 200 1405
66.249.71.150 - - [19/Jul/2016:03:05:35 +0800] "GET /content/nav/relationSubject.jsp?relationWords=%E9%BB%83%E9%82%8A%E9%B0%AD%E8%A3%B8%E8%83%B8%E9%AF%99%20&oid=21795 HTTP/1.1" 200 3262
66.249.79.136 - - [19/Jul/2016:03:05:49 +0800] "GET /digiarch_en/content/nav/relationSubject.jsp?relationWords=%E7%8A%A7%E9%A6%96%20%E7%8D%B8%E9%9D%A2%20%E7%8D%B8%E9%9D%A2%E7%B4%8B%20&oid=1874630 HTTP/1.1" 200 3855
66.249.71.152 - - [19/Jul/2016:03:05:51 +0800] "GET /content/nav/relationSubject.jsp?relationWords=%E6%A2%B0%E9%AC%A5%20%E8%AE%8A%E9%80%9A%20&oid=2676321 HTTP/1.1" 200 3104
66.249.71.136 - - [19/Jul/2016:03:06:00 +0800] "GET /content/repository/resource_content.jsp?oid=2519821&queryString=%E5%88%91%E9%83%A8%20%E8%A6%8F%E8%B2%BB HTTP/1.1" 200 30754
66.249.79.132 - - [19/Jul/2016:03:06:11 +0800] "GET /content/nav/relationSubject.jsp?relationWords=%E5%88%91%E9%83%A8%20%E5%88%91%E9%83%A8%E5%B0%9A%E6%9B%B8%20&oid=2519821 HTTP/1.1" 200 3157
66.249.71.136 - - [19/Jul/2016:03:06:32 +0800] "GET /content/nav/relationSubject.jsp?relationWords=%E5%AE%98%E5%9C%B0%20&oid=2534472 HTTP/1.1" 200 3111
66.249.71.136 - - [19/Jul/2016:03:06:39 +0800] "GET /content/nav/relationSubject.jsp?relationWords=%E6%9E%97%E6%B0%B4%20%E6%9E%97%E6%B0%B4%E6%9C%A8%20%E9%BB%83%E7%A7%80%20&oid=1889730 HTTP/1.1" 200 3243
66.249.71.136 - - [19/Jul/2016:03:06:43 +0800] "GET /content/repository/resource_content.jsp?oid=1624218&queryString=%E5%81%8F%E9%81%A0%E5%9C%B0%E5%8D%80%20%E5%9C%B0%E5%8D%80%E7%99%BC%E5%B1%95%20%E6%96%BD%E6%94%BF%E5%A0%B1%E5%91%8A HTTP/1.1" 200 29196
66.249.79.132 - - [19/Jul/2016:03:06:55 +0800] "GET /content/nav/relationSubject.jsp?relationWords=%E5%81%8F%E9%81%A0%E5%9C%B0%E5%8D%80%20&oid=1624218 HTTP/1.1" 200 13973
131.253.25.160 - - [19/Jul/2016:03:07:01 +0800] "GET /content/nav/relationSubject.jsp?relationWords=%E5%A4%9A%E6%A8%A3%E6%80%A7+&oid=16777462 HTTP/1.1" 200 4316
66.249.71.136 - - [19/Jul/2016:03:07:29 +0800] "GET /content/repository/resource_content.jsp?oid=2629580&queryString=%E7%94%B3%E5%A0%B1 HTTP/1.1" 200 30208
66.249.79.228 - - [19/Jul/2016:03:08:08 +0800] "GET /content/repository/resource_content.jsp?oid=4354347&queryString=%E5%9C%93%E6%B5%B7%E7%87%95%20%E5%9C%93%E7%9C%BC%20%E5%9C%93%E7%9C%BC%E7%87%95%E9%AD%9A%20%E6%B5%B7%E7%87%95%20%E7%87%95%E9%AD%9A%20%E7%99%BD%E9%AF%A7%20%E7%99%BD%E9%AF%A7%E7%A7%91%20%E9%AF%A7%E4%BB%94 HTTP/1.1" 200 36249
66.249.79.131 - - [19/Jul/2016:03:08:26 +0800] "GET /content/repository/resource_content.jsp?oid=2678113&queryString=%E4%BA%BA%E5%90%8D%E6%AC%8A%E5%A8%81%20%E5%96%80%E6%8B%89%20%E5%96%80%E6%8B%89%E7%BD%95%20%E7%8E%8B%E6%AD%A3%E5%BB%B7%20%E8%98%87%E8%81%AF HTTP/1.1" 200 30503
66.249.71.194 - - [19/Jul/2016:03:08:49 +0800] "GET /content/repository/resource_content.jsp?oid=1534333&queryType=qs&queryString=%E5%9C%B0%E5%8D%80%E7%99%BC%E5%B1%95 HTTP/1.1" 200 29425
66.249.71.136 - - [19/Jul/2016:03:09:31 +0800] "GET /content/repository/resource_content.jsp?oid=2599200 HTTP/1.1" 200 29333
66.249.71.194 - - [19/Jul/2016:03:09:42 +0800] "GET /content/nav/relationSubject.jsp?relationWords=%E5%9C%B0%E5%8D%80%E7%99%BC%E5%B1%95%20%E6%98%A5%E8%8F%8A%20%E6%A2%81%E8%A8%B1%E6%98%A5%E8%8F%8A%20%E6%BE%8E%E6%B9%96%E5%B3%B6%20%E7%9C%81%E6%94%BF%E5%BA%9C%20%E7%9C%81%E8%AD%B0%E6%9C%83%20%E8%87%BA%E7%81%A3%E7%9C%81%20%E8%87%BA%E7%81%A3%E7%9C%81%E8%AD%B0%E6%9C%83%20%E8%A8%B1%E6%98%A5%E8%8F%8A%20%E9%A6%AC%E6%B2%99%E6%BA%9D%20%E9%A6%AC%E6%B2%99%E6%BA%9D%E6%B8%AF%20&oid=1534333 HTTP/1.1" 200 5879
66.249.71.136 - - [19/Jul/2016:03:10:13 +0800] "GET /content/repository/resource_content.jsp?oid=1540847 HTTP/1.1" 200 28464
66.249.71.136 - - [19/Jul/2016:03:10:56 +0800] "GET /content/repository/resource_content.jsp?oid=1852769 HTTP/1.1" 200 30157
66.249.71.136 - - [19/Jul/2016:03:11:04 +0800] "GET /content/nav/relationSubject.jsp?relationWords=&oid=2604128 HTTP/1.1" 200 1405
66.249.71.200 - - [19/Jul/2016:03:11:38 +0800] "GET /content/subject/resource_content.jsp?oid=16777256&queryString=%E9%87%91%E8%9E%8D%20%E9%87%91%E8%9E%8D%E6%A9%9F%E6%A7%8B HTTP/1.1" 200 37376
66.249.71.194 - - [19/Jul/2016:03:11:46 +0800] "GET /content/nav/relationSubject.jsp?relationWords=%E5%9C%8B%E9%9A%9B%E9%87%91%E8%9E%8D+%E9%87%91%E8%9E%8D+&oid=16777256 HTTP/1.1" 200 4531
66.249.79.228 - - [19/Jul/2016:03:11:49 +0800] "GET /content/nav/relationSubject.jsp?relationWords=%E5%9C%8B%E9%9A%9B%E9%87%91%E8%9E%8D%20%E9%87%91%E8%9E%8D%20&oid=16777256 HTTP/1.1" 200 4531
66.249.71.136 - - [19/Jul/2016:03:12:20 +0800] "GET /content/repository/resource_content.jsp?oid=2577011 HTTP/1.1" 200 28824
66.249.71.188 - - [19/Jul/2016:03:12:25 +0800] "GET /content/nav/relationSubject.jsp?relationWords=%E5%BD%A9%E7%B9%AA+%E5%BD%A9%E7%B9%AA%E9%99%B6+&oid=4588684 HTTP/1.1" 200 4839
66.249.71.188 - - [19/Jul/2016:03:12:28 +0800] "GET /content/nav/relationSubject.jsp?relationWords=%E5%BD%A9%E7%B9%AA%20%E5%BD%A9%E7%B9%AA%E9%99%B6%20&oid=4588684 HTTP/1.1" 200 4839
66.249.71.136 - - [19/Jul/2016:03:13:02 +0800] "GET /content/repository/resource_content.jsp?oid=2574190 HTTP/1.1" 200 28882
66.249.71.136 - - [19/Jul/2016:03:13:14 +0800] "GET /content/nav/relationSubject.jsp?relationWords=%E5%88%BA%E9%AD%9A+%E8%93%8B%E5%88%BA%E9%AD%9A+%E9%A0%B0%E5%88%BA%E9%AD%9A+&oid=15555 HTTP/1.1" 200 3432
66.249.79.132 - - [19/Jul/2016:03:13:18 +0800] "GET /content/nav/relationSubject.jsp?relationWords=%E5%88%BA%E9%AD%9A%20%E8%93%8B%E5%88%BA%E9%AD%9A%20%E9%A0%B0%E5%88%BA%E9%AD%9A%20&oid=15555 HTTP/1.1" 200 3432
66.249.71.188 - - [19/Jul/2016:03:13:44 +0800] "GET /content/repository/resource_content.jsp?oid=3813601&queryString=%E5%8F%B0%E7%81%A3%E5%A0%87%E8%8F%9C%20%E6%A4%8D%E7%89%A9%E7%95%8C%20%E8%8F%AB%E8%8F%9C%20%E8%8F%AB%E8%8F%9C%E5%B1%AC HTTP/1.1" 200 31336
66.249.71.188 - - [19/Jul/2016:03:13:58 +0800] "GET /content/nav/relationSubject.jsp?relationWords=%E5%8F%B0%E7%81%A3%E5%A0%87%E8%8F%9C+%E6%A4%8D%E7%89%A9%E7%95%8C+%E8%8F%AB%E8%8F%9C+%E8%8F%AB%E8%8F%9C%E5%B1%AC+&oid=3813601 HTTP/1.1" 200 3288
66.249.79.228 - - [19/Jul/2016:03:14:01 +0800] "GET /content/nav/relationSubject.jsp?relationWords=%E5%8F%B0%E7%81%A3%E5%A0%87%E8%8F%9C%20%E6%A4%8D%E7%89%A9%E7%95%8C%20%E8%8F%AB%E8%8F%9C%20%E8%8F%AB%E8%8F%9C%E5%B1%AC%20&oid=3813601 HTTP/1.1" 200 3288
66.249.71.188 - - [19/Jul/2016:03:14:27 +0800] "GET /content/repository/resource_content.jsp?oid=2152842&queryString=%E6%A4%8D%E7%89%A9%E7%95%8C%20%E7%95%B0%E8%8A%B1%20%E7%95%B0%E8%8A%B1%E8%8E%8E%E8%8D%89%20%E8%8A%B1%E8%8E%8E%E8%8D%89%20%E8%8E%8E%E8%8D%89%20%E8%8E%8E%E8%8D%89%E5%B1%AC%20%E8%8E%8E%E8%8D%89%E7%A7%91 HTTP/1.1" 200 31189
66.249.71.152 - - [19/Jul/2016:03:14:32 +0800] "GET /content/repository/resource_content.jsp?oid=4364530&queryString=%E5%87%8C%E7%B4%94%E8%81%B2%20%E5%8F%B0%E7%81%A3%E5%A4%A7%E5%AD%B8%20%E5%A5%91%E7%B4%84%E6%96%87%E6%9B%B8%20%E8%81%98%E6%9B%B8 HTTP/1.1" 200 30156
66.249.71.188 - - [19/Jul/2016:03:15:09 +0800] "GET /content/repository/resource_content.jsp?oid=2525820&queryString=%E4%BA%AC%E5%85%86%20%E5%A2%93%E8%AA%8C%20%E5%A2%93%E8%AA%8C%E9%8A%98%20%E5%AD%A4%E6%8B%94%20%E6%86%B2%E7%AB%A0%20%E6%B2%99%E9%96%80%20%E6%B3%95%E8%BC%AA%20%E7%AF%A4%E7%96%BE%20%E7%B6%AD%E9%82%A3%20%E9%83%BD%E7%B6%AD%E9%82%A3 HTTP/1.1" 200 29875
157.55.39.63 - - [19/Jul/2016:03:15:23 +0800] "GET /content/nav/relationSubject.jsp?relationWords=%E5%8F%A4%E5%9C%B0%E5%9C%96+&oid=16777514 HTTP/1.1" 200 3976
66.249.71.199 - - [19/Jul/2016:03:15:23 +0800] "GET /digiarch3/content/nav/relationSubject.jsp?relationWords=%E6%98%9F%E5%B8%B6%E8%9D%AE%E9%AF%99+%E6%B5%B7%E9%B1%94+%E8%96%AF%E9%B0%BB+%E8%99%8E%E9%B0%BB+%E8%9D%AE%E9%AF%99+%E9%8C%A2%E9%B0%BB+&oid=14232 HTTP/1.1" 200 3519
