66.249.71.136 - - [02/Jul/2016:03:01:47 +0800] "GET /content/repository/resource_content.jsp?oid=3816289&queryString=%E5%85%89%E8%91%89%E8%96%94%E8%96%87%20%E6%A4%8D%E7%89%A9%E7%95%8C%20%E8%96%94%E8%96%87%E5%B1%AC%20%E8%96%94%E8%96%87%E7%9B%AE%20%E8%96%94%E8%96%87%E7%A7%91 HTTP/1.1" 200 31367
40.77.167.18 - - [02/Jul/2016:03:03:13 +0800] "GET /content/subject/resource_content.jsp?oid=16797282&queryType=qc HTTP/1.1" 200 78895
66.249.71.136 - - [02/Jul/2016:03:03:42 +0800] "GET /content/subject/resource_content.jsp?oid=16777720&queryString=%E5%8F%B0%E7%81%A3%E5%8E%9F%E4%BD%8F%E6%B0%91%20%E6%B0%91%E6%97%8F%E9%81%8B%E5%8B%95 HTTP/1.1" 200 30040
66.249.71.159 - - [02/Jul/2016:03:03:48 +0800] "GET /content/subject/resource_content.jsp?oid=16777448&queryType=qc HTTP/1.1" 200 34511
66.249.71.166 - - [02/Jul/2016:03:03:49 +0800] "GET /content/nav/relationSubject.jsp?relationWords=%E5%B0%8F%E8%91%89%E7%BE%85%E6%BC%A2%E6%9D%BE%20%E6%9D%BE%E6%9D%89%20%E6%9D%BE%E7%A7%91%20%E6%A4%8D%E7%89%A9%E7%95%8C%20%E6%AF%AC%E6%9E%9C%20%E7%BE%85%E6%BC%A2%E6%9D%BE%20%E7%BE%85%E6%BC%A2%E6%9D%BE%E5%B1%AC%20&oid=2147913 HTTP/1.1" 200 4619
66.249.71.159 - - [02/Jul/2016:03:04:40 +0800] "GET /content/subject/resource_content.jsp?oid=16777599&queryType=qc HTTP/1.1" 200 36988
66.249.71.211 - - [02/Jul/2016:03:05:23 +0800] "GET /digiarch3/content/repository/resource_content.jsp?oid=3824593&queryString=%E6%98%9F%E8%95%A8%20%E8%91%89%E9%87%91%20%E9%87%91%E6%98%9F%E8%95%A8 HTTP/1.1" 200 31342
66.249.71.136 - - [02/Jul/2016:03:05:36 +0800] "GET /content/repository/resource_content.jsp?oid=2688082&queryString=%E5%9D%90%E8%A3%9C%E8%AD%B7%20%E6%AD%A3%E8%97%8D%E6%97%97%20%E8%AD%B7%E8%BB%8D%E6%A0%A1 HTTP/1.1" 200 30802
66.249.71.136 - - [02/Jul/2016:03:05:58 +0800] "GET /content/subject/resource_content.jsp?oid=16797335&queryType=qc HTTP/1.1" 200 60398
66.249.79.155 - - [02/Jul/2016:03:06:40 +0800] "GET /content/subject/resource_content.jsp?oid=16777427&queryType=qc HTTP/1.1" 200 33403
66.249.71.166 - - [02/Jul/2016:03:07:23 +0800] "GET /content/repository/resource_content.jsp?oid=14408&queryString=%E4%BD%95%E6%B0%8F%20%E5%AD%80%E5%A9%A6 HTTP/1.1" 200 34975
66.249.71.143 - - [02/Jul/2016:03:07:31 +0800] "GET /content/repository/resource_content.jsp?oid=1530058&queryString=%E5%9C%B0%E8%99%9F%20%E5%B9%B2%E5%9F%8E%20%E6%A8%99%E5%94%AE%20%E7%9C%81%E6%94%BF%E5%BA%9C%20%E8%87%BA%E4%B8%AD%E5%B8%82%20%E8%87%BA%E7%81%A3%E7%9C%81%E6%94%BF%E5%BA%9C HTTP/1.1" 200 31397
66.249.71.159 - - [02/Jul/2016:03:07:39 +0800] "GET /content/subject/resource_content.jsp?oid=16777819&queryType=qc HTTP/1.1" 200 35437
66.249.71.136 - - [02/Jul/2016:03:07:42 +0800] "GET /content/nav/relationSubject.jsp?relationWords=%E4%B8%AD%E9%83%8E%E5%B0%87%20%E7%BF%8A%E8%A1%9B%20%E8%A1%9B%E4%B8%AD%20%E9%BE%9C%E7%AC%A6%20&oid=1818671 HTTP/1.1" 200 3498
66.249.71.136 - - [02/Jul/2016:03:08:06 +0800] "GET /content/subject/resource_content.jsp?oid=16797287&queryType=qc HTTP/1.1" 200 88347
68.180.229.176 - - [02/Jul/2016:03:08:16 +0800] "GET /content/subject/resource_content.jsp?oid=16777472&queryType=qc HTTP/1.1" 200 64971
66.249.71.136 - - [02/Jul/2016:03:08:49 +0800] "GET /content/repository/resource_content.jsp?oid=181841 HTTP/1.1" 200 30238
66.249.71.159 - - [02/Jul/2016:03:09:26 +0800] "GET /content/repository/resource_content.jsp?oid=1897806&queryString=%E5%8F%B0%E7%81%A3%E5%8E%9F%E4%BD%8F%E6%B0%91%20%E7%A4%BE%E5%B7%A5%20%E7%A4%BE%E6%9C%83%E5%95%8F%E9%A1%8C%20%E8%87%BA%E5%8C%97%E5%B8%82%20%E9%83%BD%E5%B8%82%E5%8E%9F%E4%BD%8F%E6%B0%91 HTTP/1.1" 200 30311
66.249.71.136 - - [02/Jul/2016:03:09:46 +0800] "GET /content/nav/relationSubject.jsp?relationWords=%E4%BA%8B%E5%81%87%20%E6%9E%97%E9%98%BF%E6%9E%9D%20&oid=1896183 HTTP/1.1" 200 5412
66.249.71.159 - - [02/Jul/2016:03:10:11 +0800] "GET /content/nav/relationSubject.jsp?relationWords=%E5%8D%8A%E9%82%8A%E9%AD%9A%20%E6%89%81%E9%AD%9A%20%E6%AF%94%E7%9B%AE%E9%AD%9A%20%E7%9A%87%E5%B8%9D%E9%AD%9A%20&oid=16378 HTTP/1.1" 200 3606
66.249.71.136 - - [02/Jul/2016:03:10:14 +0800] "GET /content/repository/resource_content.jsp?oid=2146152 HTTP/1.1" 200 31120
150.70.173.45 - - [02/Jul/2016:03:10:20 +0800] "GET /content/repository/resource_content.jsp?oid=4351903&queryString=%E6%9F%8F%E6%B0%8F%20%E6%9F%8F%E6%B0%8F%E8%9D%B4%E8%9D%B6%E9%AD%9A%20%E8%9D%B4%E8%9D%B6%E9%AD%9A%E7%A7%91 HTTP/1.1" 200 36273
66.249.71.136 - - [02/Jul/2016:03:10:38 +0800] "GET /content/nav/relationSubject.jsp?relationWords=%E5%85%89%E8%91%89%E8%96%94%E8%96%87%20%E6%A4%8D%E7%89%A9%E7%95%8C%20%E8%96%94%E8%96%87%E5%B1%AC%20%E8%96%94%E8%96%87%E7%9B%AE%20%E8%96%94%E8%96%87%E7%A7%91%20&oid=3816289 HTTP/1.1" 200 3441
123.125.71.49 - - [02/Jul/2016:03:10:43 +0800] "GET /content/subject/resource_content.jsp?oid=16777728&amp;queryType=qc HTTP/1.1" 200 65177
66.249.79.200 - - [02/Jul/2016:03:10:58 +0800] "GET /content/repository/resource_content.jsp?oid=1550811&queryString=%E8%80%83%E7%B8%BE%20%E9%99%B3%E6%B7%91%E6%95%8F HTTP/1.1" 200 30526
66.249.71.136 - - [02/Jul/2016:03:11:21 +0800] "GET /content/repository/resource_content.jsp?oid=2682934&queryString=%E5%A4%A7%E8%87%A3%E4%BA%8B%20%E7%A6%AE%E9%83%A8%20%E9%84%89%E8%A9%A6%20%E9%A0%86%E5%A4%A9 HTTP/1.1" 200 30374
66.249.71.199 - - [02/Jul/2016:03:11:40 +0800] "GET /digiarch3/content/subject/resource_content.jsp?oid=16777282&queryType=qc HTTP/1.1" 200 28935
66.249.71.254 - - [02/Jul/2016:03:12:23 +0800] "GET /content/repository/resource_content.jsp?oid=14408&queryType=qs&queryString=%E6%B2%B3%E5%BA%95 HTTP/1.1" 200 34814
66.249.71.143 - - [02/Jul/2016:03:13:06 +0800] "GET /content/repository/resource_content.jsp?oid=1108274 HTTP/1.1" 200 31220
66.249.71.253 - - [02/Jul/2016:03:13:09 +0800] "GET /content/nav/relationSubject.jsp?relationWords=%E5%85%92%E7%AB%A5%E8%AE%80%E7%89%A9%20%E5%9C%8B%E6%A0%A1%20%E5%9C%8B%E6%B0%91%E5%AD%B8%E6%A0%A1%20%E6%95%99%E5%B8%AB%E7%AF%80%20%E6%95%99%E8%81%B7%E5%93%A1%20%E6%95%99%E8%82%B2%E5%BB%B3%20%E6%B4%A5%E8%B2%BC%20%E7%94%9F%E6%B4%BB%E6%95%99%E8%82%B2%20%E8%81%B7%E5%93%A1%E5%AE%BF%E8%88%8D%20%E8%AD%89%E4%BB%B6%20&oid=1545865 HTTP/1.1" 200 4425
66.249.71.136 - - [02/Jul/2016:03:13:16 +0800] "GET /content/repository/resource_content.jsp?oid=14463&queryString=%E5%A4%9A%E9%BD%92%E8%9B%87%E9%AF%94%20%E7%8B%97%E6%AF%8D%E6%A2%AD HTTP/1.1" 200 35075
66.249.79.244 - - [02/Jul/2016:03:13:50 +0800] "GET /content/subject/resource_content.jsp?oid=16797294&queryType=qc HTTP/1.1" 200 45275
66.249.71.211 - - [02/Jul/2016:03:14:37 +0800] "GET /digiarch3/content/repository/resource_content.jsp?oid=1613584&queryType=qs&queryString=%E5%86%B7%E6%B0%A3 HTTP/1.1" 200 29118
68.180.230.157 - - [02/Jul/2016:03:14:58 +0800] "GET /content/subject/resource_content.jsp?oid=16777331&queryType=qc HTTP/1.1" 200 32084
66.249.79.200 - - [02/Jul/2016:03:15:14 +0800] "GET /content/repository/resource_content.jsp?oid=1531358&queryString=%E7%9C%81%E6%94%BF%E5%BA%9C%20%E8%87%BA%E7%81%A3%E7%9C%81%E8%AD%B0%E6%9C%83%20%E8%BE%B2%E7%94%B0%E6%B0%B4%E5%88%A9%E6%9C%83%20%E9%99%B3%E8%8F%AF%E5%AE%97 HTTP/1.1" 200 31212
66.249.71.152 - - [02/Jul/2016:03:16:01 +0800] "GET /content/subject/resource_content.jsp?oid=16777785&queryType=qs&queryString=%E6%A6%AE%E7%94%BA HTTP/1.1" 200 50118
66.249.71.143 - - [02/Jul/2016:03:16:41 +0800] "GET /content/repository/resource_content.jsp?oid=1892297 HTTP/1.1" 200 28439
66.249.71.136 - - [02/Jul/2016:03:17:04 +0800] "GET /content/repository/resource_content.jsp?oid=2689435&queryString=%E7%B9%BC%E6%98%8C%20%E9%8C%A2%E6%96%87%20%E9%A0%86%E5%A4%A9%E5%BA%9C HTTP/1.1" 200 30398
66.249.71.136 - - [02/Jul/2016:03:17:24 +0800] "GET /content/repository/resource_content.jsp?oid=2148857&queryString=%E6%9D%9C%E9%B5%91%E8%8A%B1%E5%B1%AC HTTP/1.1" 200 31427
66.249.71.211 - - [02/Jul/2016:03:18:07 +0800] "GET /digiarch3/content/repository/resource_content.jsp?oid=2676092&queryString=%E8%80%97%E7%BE%A8%E9%8A%80%20%E9%8A%80%E6%95%B8 HTTP/1.1" 200 30391
66.249.71.143 - - [02/Jul/2016:03:18:50 +0800] "GET /content/repository/resource_content.jsp?oid=21579 HTTP/1.1" 200 29884
66.249.79.207 - - [02/Jul/2016:03:19:00 +0800] "GET /content/repository/resource_content.jsp?oid=2689479&queryString=%E5%B7%A1%E6%92%AB%20%E5%BB%B6%E7%B6%8F%20%E5%BF%83%E5%BE%97 HTTP/1.1" 200 30674
66.249.71.254 - - [02/Jul/2016:03:19:33 +0800] "GET /content/repository/resource_content.jsp?oid=2676913&queryType=qs&queryString=%E5%AE%A3%E5%BA%9C HTTP/1.1" 200 30414
66.249.71.211 - - [02/Jul/2016:03:20:16 +0800] "GET /digiarch3/content/repository/resource_content.jsp?oid=2153200&queryString=%E5%9C%93%E6%9F%8F%E5%B1%AC%20%E6%9D%BE%E6%9D%89%20%E6%9F%8F%E7%A7%91%20%E6%A4%8D%E7%89%A9%E7%95%8C%20%E6%AF%AC%E6%9E%9C%20%E7%8E%89%E5%B1%B1%E5%9C%93%E6%9F%8F HTTP/1.1" 200 31579
66.249.71.150 - - [02/Jul/2016:03:20:54 +0800] "GET /content/repository/resource_content.jsp?oid=1457683&queryString=%E5%8D%97%E8%8F%AF%E8%96%AF%E8%95%B7%20%E8%96%AF%E8%95%B7%E5%B1%AC HTTP/1.1" 200 31117
66.249.71.150 - - [02/Jul/2016:03:21:42 +0800] "GET /digiarch_en/content/subject/resource_content.jsp?oid=16777730&queryString=%E5%A4%9A%E5%AA%92%E9%AB%94 HTTP/1.1" 200 42942
66.249.71.143 - - [02/Jul/2016:03:22:24 +0800] "GET /content/repository/resource_content.jsp?oid=2545760 HTTP/1.1" 200 29431
164.132.161.25 - - [02/Jul/2016:03:22:28 +0800] "GET /content/subject/resource_content.jsp?oid=16777291&queryType=qc HTTP/1.1" 200 28047
66.249.71.136 - - [02/Jul/2016:03:22:49 +0800] "GET /content/repository/resource_content.jsp?oid=14097&queryString=%E5%A4%A7%E9%BC%BB%E7%99%BD%E7%9C%BC%E9%AE%AB%20%E7%99%BD%E7%9C%BC%E9%AE%AB%E7%A7%91%20%E7%9C%9F%E9%AF%8A HTTP/1.1" 200 35690
40.77.167.9 - - [02/Jul/2016:03:23:18 +0800] "GET /digiarch/content/repository/resource_content.jsp?oid=1812500 HTTP/1.1" 404 14873
66.249.71.136 - - [02/Jul/2016:03:23:22 +0800] "GET /content/nav/relationSubject.jsp?relationWords=%E5%B0%8F%E9%88%B4%20%E8%80%B3%E9%A3%BE%20%E8%85%BF%E9%A3%BE%20%E8%B2%9D%E7%8F%A0%20%E8%B3%BD%E5%A4%8F%E6%97%8F%20&oid=1783431 HTTP/1.1" 200 3139
66.249.71.159 - - [02/Jul/2016:03:23:57 +0800] "GET /content/pictures/picture_content.jsp?oid=33554800 HTTP/1.1" 200 27515
66.249.71.159 - - [02/Jul/2016:03:24:50 +0800] "GET /content/repository/resource_content.jsp?oid=4362217&queryString=%E6%96%87%E6%AE%8A%E8%8F%A9%E8%96%A9%20%E6%9C%A8%E9%9B%95 HTTP/1.1" 200 30534
66.249.71.136 - - [02/Jul/2016:03:24:51 +0800] "GET /content/nav/relationSubject.jsp?relationWords=%E5%85%AD%E8%A7%92%E7%9F%B3%E6%96%91%E9%AD%9A%20&oid=33554792 HTTP/1.1" 200 3299
66.249.66.173 - - [02/Jul/2016:03:24:59 +0800] "GET /content/repository/resource_content.jsp?oid=757615&queryString=%E4%BA%BA%E5%90%8D%E6%AC%8A%E5%A8%81%20%E4%BB%BB%E5%9C%8B%E6%9B%B8%20%E5%B7%B4%E6%8B%89%E6%96%AF%20%E9%80%9A%E5%91%8A HTTP/1.1" 200 29021
66.249.71.136 - - [02/Jul/2016:03:25:12 +0800] "GET /content/nav/relationSubject.jsp?relationWords=%E5%8F%AC%E5%8D%97%20%E5%AF%A9%E6%93%AC%E7%8E%8B%20&oid=2627290 HTTP/1.1" 200 3140
164.132.161.68 - - [02/Jul/2016:03:25:14 +0800] "GET /digiarch3/content/subject/resource_content.jsp?oid=16777260&queryType=qc HTTP/1.1" 200 38832
66.249.71.152 - - [02/Jul/2016:03:25:22 +0800] "GET /content/nav/relationSubject.jsp?relationWords=%E5%91%88%E6%8E%A7%20%E5%BB%82%E9%BB%83%E6%97%97%20%E6%97%97%E6%BC%A2%E8%BB%8D%20&oid=2689416 HTTP/1.1" 200 3189
173.252.95.10 - - [02/Jul/2016:03:25:49 +0800] "GET /content/repository/resource_content.jsp?oid=2150566&queryString=%E5%B1%B1%E8%83%A1%E6%A4%92+%E6%9C%A8%E8%96%91%E5%AD%90%E5%B1%AC+%E6%A4%8D%E7%89%A9%E7%95%8C+%E6%A8%9F%E7%A7%91 HTTP/1.1" 200 31300
66.249.71.152 - - [02/Jul/2016:03:25:59 +0800] "GET /content/subject/resource_content.jsp?oid=16777448&queryType=qs&queryString=%E9%A3%B2%E9%85%92%E6%AD%8C HTTP/1.1" 200 34598
66.249.71.152 - - [02/Jul/2016:03:26:38 +0800] "GET /content/repository/resource_content.jsp?oid=1547715&queryString=%E5%91%A8%E8%99%95%20%E5%BB%A3%E6%92%AD%20%E5%BD%B1%E5%B1%95%20%E6%96%B0%E8%81%9E%E8%99%95%20%E7%B5%90%E8%AA%9E%20%E8%99%95%E9%95%B7%20%E9%95%B7%E5%A4%A9%E5%9B%BA HTTP/1.1" 200 29579
173.252.95.10 - - [02/Jul/2016:03:27:31 +0800] "GET /content/repository/resource_content.jsp?oid=4353055&queryString=%E5%A8%98%E4%BB%94%E9%AD%9A+%E5%B8%B6%E5%B0%BE%E6%96%B0%E9%9A%86%E9%AD%9A+%E6%96%B0%E9%9A%86+%E8%8A%B1%E5%B0%BE+%E8%A7%92%E9%BE%8D+%E9%9A%86%E9%A0%AD%E9%AD%9A+%E9%9A%86%E9%A0%AD%E9%AD%9A%E7%A7%91+%E9%B0%AD%E9%AD%9A+%E9%B8%9A%E9%AF%9B HTTP/1.1" 200 34774
66.249.71.150 - - [02/Jul/2016:03:27:47 +0800] "GET /content/nav/relationSubject.jsp?relationWords=%E5%A4%A7%E6%96%91%E8%A3%B8%E8%83%B8%E9%AF%99%20%E8%96%AF%E9%B0%BB%20%E8%99%8E%E9%B0%BB%20%E8%A3%B8%E8%83%B8%E9%B1%94%20%E9%8C%A2%E9%B0%BB%20&oid=14246 HTTP/1.1" 200 3514
157.55.39.9 - - [02/Jul/2016:03:27:59 +0800] "GET /content/repository/resource_content.jsp?oid=15363&queryString=%E4%B8%89%E7%B7%9A%E9%9B%9E%E9%AD%9A HTTP/1.1" 200 35266
66.249.71.136 - - [02/Jul/2016:03:28:00 +0800] "GET /content/nav/relationSubject.jsp?relationWords=%E5%8D%97%E8%8F%AF%E8%96%AF%E8%95%B7%20%E6%A4%8D%E7%89%A9%E7%95%8C%20%E8%96%AF%E8%95%B7%E5%B1%AC%20%E8%96%AF%E8%95%B7%E7%A7%91%20&oid=1457683 HTTP/1.1" 200 3284
66.249.79.244 - - [02/Jul/2016:03:28:03 +0800] "GET /content/nav/relationSubject.jsp?relationWords=&oid=33554800 HTTP/1.1" 200 1405
66.249.71.199 - - [02/Jul/2016:03:28:08 +0800] "GET /digiarch3/content/repository/resource_content.jsp?oid=15422&queryString=%E6%A2%9D%E7%B4%8B%E8%B5%A4%E5%B0%BE%E5%86%AC%20%E7%B4%85%E5%B0%BE%E5%86%AC%E4%BB%94%20%E9%87%91%E7%B7%9A%E9%AD%9A%E7%A7%91 HTTP/1.1" 200 35326
66.249.79.244 - - [02/Jul/2016:03:28:25 +0800] "GET /content/subject/resource_content.jsp?oid=16777736&queryType=qc HTTP/1.1" 200 43177
66.249.71.136 - - [02/Jul/2016:03:28:34 +0800] "GET /content/repository/resource_content.jsp?oid=2151571&queryString=%E5%B6%BA%E5%8D%97%E6%A4%86%20%E5%B6%BA%E5%8D%97%E9%9D%92%E5%89%9B%E6%AB%9F%20%E6%A4%86%E5%B1%AC%20%E6%A4%8D%E7%89%A9%E7%95%8C%20%E6%AE%BC%E6%96%97%E7%A7%91 HTTP/1.1" 200 31654
66.249.71.136 - - [02/Jul/2016:03:28:51 +0800] "GET /content/tmp_exh/resource_content.jsp?oid=16777852&queryType=qc HTTP/1.1" 200 67305
66.249.71.194 - - [02/Jul/2016:03:29:12 +0800] "GET /content/subject/resource_content.jsp?oid=16777535&queryType=qc HTTP/1.1" 200 35608
66.249.79.186 - - [02/Jul/2016:03:30:28 +0800] "GET /content/repository/resource_content.jsp?oid=2683506&queryString=%E6%91%BA%E5%A5%8F HTTP/1.1" 200 30458
66.249.71.136 - - [02/Jul/2016:03:30:37 +0800] "GET /content/nav/relationSubject.jsp?relationWords=%E6%B0%B4%E5%85%AC%E5%8F%B8%20%E6%B2%B3%E5%B7%9D%E7%AE%A1%E7%90%86%20%E8%87%AA%E4%BE%86%E6%B0%B4%20%E8%BE%B2%E6%A5%AD%E7%94%A8%E9%9B%BB%20%E9%83%BD%E5%B8%82%E5%BB%BA%E8%A8%AD%20&oid=1633981 HTTP/1.1" 200 5516
66.249.71.194 - - [02/Jul/2016:03:30:41 +0800] "GET /content/nav/relationSubject.jsp?relationWords=%E6%B0%B4%E9%BB%83%E7%9A%AE%20&oid=16777535 HTTP/1.1" 200 3630
68.180.230.157 - - [02/Jul/2016:03:30:43 +0800] "GET /content/tmp_auth/resource_content.jsp?oid=16777758 HTTP/1.1" 200 25317
66.249.71.211 - - [02/Jul/2016:03:31:00 +0800] "GET /digiarch3/content/subject/resource_content.jsp?oid=16777349&queryType=qc HTTP/1.1" 200 36473
66.249.71.136 - - [02/Jul/2016:03:31:43 +0800] "GET /content/repository/resource_content.jsp?oid=1774439 HTTP/1.1" 200 27555
66.249.71.254 - - [02/Jul/2016:03:32:15 +0800] "GET /content/nav/relationSubject.jsp?relationWords=%E4%B8%8B%E6%B5%81%E9%83%A8+%E4%B8%8B%E6%B7%A1%E6%B0%B4%E6%BA%AA+%E5%AF%AE%E5%8C%97%E6%BA%AA+%E5%B9%B3%E9%9D%A2%E5%9C%96+&oid=173363 HTTP/1.1" 200 4552
66.249.71.136 - - [02/Jul/2016:03:32:22 +0800] "GET /content/repository/resource_content.jsp?oid=2671109&queryString=%E5%93%A1%E5%A4%96%E9%83%8E%20%E7%A5%A8%E7%B0%BD%20%E9%A1%8F%E6%96%99%E5%BA%AB HTTP/1.1" 200 30506
66.249.71.159 - - [02/Jul/2016:03:32:26 +0800] "GET /content/repository/resource_content.jsp?oid=15271&queryType=qs&queryString=%E9%90%AE%E5%88%80%E5%BD%A2 HTTP/1.1" 200 34622
66.249.71.253 - - [02/Jul/2016:03:32:52 +0800] "GET /content/nav/relationSubject.jsp?relationWords=%E5%A0%82%E9%8A%9C+%E6%AD%A3%E8%97%8D%E6%97%97+%E9%8A%9C%E4%BA%8B+&oid=2650558 HTTP/1.1" 200 3178
66.249.71.211 - - [02/Jul/2016:03:33:01 +0800] "GET /digiarch3/content/nav/relationSubject.jsp?relationWords=%E5%A7%91%E9%AD%9A%20%E7%9F%B3%E9%A6%96%E9%AD%9A%20%E7%9F%B3%E9%A6%96%E9%AD%9A%E7%A7%91%20%E9%9B%99%E6%A3%98%20%E9%AE%B8%E4%BB%94%20%E9%AE%B8%E4%BB%94%E9%AD%9A%20%E9%BB%83%E5%A7%91%20%E9%BB%83%E5%A7%91%E9%AD%9A%20&oid=15462 HTTP/1.1" 200 3607
66.249.71.136 - - [02/Jul/2016:03:33:08 +0800] "GET /content/tmp_tec/resource_content.jsp?oid=16777714 HTTP/1.1" 200 38293
66.249.71.136 - - [02/Jul/2016:03:33:25 +0800] "GET /content/nav/relationSubject.jsp?relationWords=GIS%20%E5%9C%B0%E5%BD%A2%E5%9C%96%20%E5%A0%A1%E5%9C%96%20%E8%95%83%E5%9C%B0%20&oid=16777714 HTTP/1.1" 200 4619
66.249.71.136 - - [02/Jul/2016:03:33:52 +0800] "GET /content/repository/resource_content.jsp?oid=2645976&queryType=qs&queryString=%E5%B9%B3%E6%B1%9F HTTP/1.1" 200 30486
66.249.71.136 - - [02/Jul/2016:03:34:05 +0800] "GET /content/nav/relationSubject.jsp?relationWords=%E5%B7%A1%E6%92%AB%20&oid=2511964 HTTP/1.1" 200 3084
66.249.71.253 - - [02/Jul/2016:03:34:15 +0800] "GET /content/nav/relationSubject.jsp?relationWords=%E5%90%8F%E9%83%A8+%E5%A5%89%E8%AB%AD+%E5%B9%B3%E6%B1%9F+%E7%B8%A3%E4%B8%9E+&oid=2645976 HTTP/1.1" 200 3191
66.249.71.136 - - [02/Jul/2016:03:34:16 +0800] "GET /content/nav/relationSubject.jsp?relationWords=%E5%90%8F%E9%83%A8%20%E5%A5%89%E8%AB%AD%20%E5%B9%B3%E6%B1%9F%20%E7%B8%A3%E4%B8%9E%20&oid=2645976 HTTP/1.1" 200 3191
66.249.79.179 - - [02/Jul/2016:03:34:18 +0800] "GET /content/repository/resource_content.jsp?oid=15295&queryString=%E7%83%8F%E5%B0%BE%E5%86%AC%E4%BB%94%20%E9%9B%99%E9%B0%AD%E6%A2%85%E9%AF%9B HTTP/1.1" 200 34932
66.249.79.179 - - [02/Jul/2016:03:34:23 +0800] "GET /content/nav/relationSubject.jsp?relationWords=%E7%83%8F%E5%B0%BE%E5%86%AC%E4%BB%94+%E8%8A%B1%E5%B0%BE+&oid=15295 HTTP/1.1" 200 3404
66.249.71.136 - - [02/Jul/2016:03:34:42 +0800] "GET /digiarch_en/content/repository/resource_content.jsp?oid=2686359&queryString=%E5%80%89%E7%B3%A7%20%E5%BE%B7%E5%B7%9E%20%E7%B3%A7%E6%96%9B HTTP/1.1" 200 24397
66.249.71.159 - - [02/Jul/2016:03:34:52 +0800] "GET /content/nav/relationSubject.jsp?relationWords=%E8%94%AC%E6%9E%9C%20&oid=16797294 HTTP/1.1" 200 5100
180.76.15.137 - - [02/Jul/2016:03:35:01 +0800] "GET /content/tmp_exh/resource_content.jsp?oid=16777823&queryType=qc HTTP/1.1" 200 30936
66.249.79.148 - - [02/Jul/2016:03:35:16 +0800] "GET /content/nav/relationSubject.jsp?relationWords=%E5%89%9D%E7%9A%AE%E9%AD%9A+%E5%96%AE%E6%A3%98%E9%AD%A8%E7%A7%91+%E7%B2%97%E7%9A%AE%E7%8B%84+%E9%95%B7%E5%B0%BE%E9%9D%A9%E5%96%AE%E6%A3%98%E9%AD%A8+&oid=16493 HTTP/1.1" 200 3576
66.249.71.242 - - [02/Jul/2016:03:35:18 +0800] "GET /content/nav/relationSubject.jsp?relationWords=%E5%89%9D%E7%9A%AE%E9%AD%9A%20%E5%96%AE%E6%A3%98%E9%AD%A8%E7%A7%91%20%E7%B2%97%E7%9A%AE%E7%8B%84%20%E9%95%B7%E5%B0%BE%E9%9D%A9%E5%96%AE%E6%A3%98%E9%AD%A8%20&oid=16493 HTTP/1.1" 200 3576
66.249.71.136 - - [02/Jul/2016:03:35:21 +0800] "GET /content/repository/resource_content.jsp?oid=15219&queryString=%E5%A4%A7%E5%B0%BE%20%E7%94%98%E4%BB%94%E9%AD%9A%20%E8%8C%83%E6%B0%8F HTTP/1.1" 200 34144
66.249.71.194 - - [02/Jul/2016:03:36:01 +0800] "GET /content/nav/relationSubject.jsp?relationWords=%E7%83%8F%E5%B0%BE%E5%86%AC%E4%BB%94%20%E8%8A%B1%E5%B0%BE%20&oid=15295 HTTP/1.1" 200 3404
66.249.71.194 - - [02/Jul/2016:03:36:11 +0800] "GET /content/repository/resource_content.jsp?oid=2519821&queryString=%E5%88%91%E9%83%A8%20%E5%B7%AE%E5%BC%81 HTTP/1.1" 200 30744
66.249.71.194 - - [02/Jul/2016:03:36:14 +0800] "GET /content/nav/relationSubject.jsp?relationWords=%E5%88%91%E9%83%A8%E5%B0%9A%E6%9B%B8+&oid=2519821 HTTP/1.1" 200 3123
173.252.95.13 - - [02/Jul/2016:03:36:25 +0800] "GET /content/repository/resource_content.jsp?oid=1113715&queryString=%E7%81%AB%E7%82%AD%E6%AF%8D%E8%8D%89&queryType=qs HTTP/1.1" 200 31708
66.249.79.151 - - [02/Jul/2016:03:36:44 +0800] "GET /content/repository/resource_content.jsp?oid=2663729&queryType=qs&queryString=%E5%82%99%E6%96%87 HTTP/1.1" 200 30233
66.249.71.136 - - [02/Jul/2016:03:37:16 +0800] "GET /content/nav/relationSubject.jsp?relationWords=%E5%B6%BA%E5%8D%97%E6%A4%86+%E5%B6%BA%E5%8D%97%E9%9D%92%E5%89%9B%E6%AB%9F+%E6%A4%86%E5%B1%AC+%E6%A4%8D%E7%89%A9%E7%95%8C+%E6%AE%BC%E6%96%97%E7%A7%91+&oid=2151571 HTTP/1.1" 200 3489
66.249.71.136 - - [02/Jul/2016:03:37:17 +0800] "GET /content/nav/relationSubject.jsp?relationWords=%E5%B6%BA%E5%8D%97%E6%A4%86%20%E5%B6%BA%E5%8D%97%E9%9D%92%E5%89%9B%E6%AB%9F%20%E6%A4%86%E5%B1%AC%20%E6%A4%8D%E7%89%A9%E7%95%8C%20%E6%AE%BC%E6%96%97%E7%A7%91%20&oid=2151571 HTTP/1.1" 200 3489
66.249.71.136 - - [02/Jul/2016:03:37:26 +0800] "GET /content/repository/resource_content.jsp?oid=1900136&queryString=%E5%95%86%E6%B8%AF%20%E7%89%B9%E5%AE%9A%E5%8D%80%20%E8%87%BA%E4%B8%AD%E6%B8%AF HTTP/1.1" 200 31526
66.249.71.188 - - [02/Jul/2016:03:37:27 +0800] "GET /content/nav/relationSubject.jsp?relationWords=%E5%9F%8E%E5%AF%9F+%E6%91%BA%E5%A5%8F+%E7%9F%A5%E7%85%A7+&oid=2683506 HTTP/1.1" 200 3169
66.249.71.194 - - [02/Jul/2016:03:37:28 +0800] "GET /content/nav/relationSubject.jsp?relationWords=%E5%9F%8E%E5%AF%9F%20%E6%91%BA%E5%A5%8F%20%E7%9F%A5%E7%85%A7%20&oid=2683506 HTTP/1.1" 200 3169
66.249.71.136 - - [02/Jul/2016:03:38:06 +0800] "GET /content/repository/resource_content.jsp?oid=517980&queryString=%E5%9C%93%E9%AE%91%E8%9E%BA%20%E8%85%B9%E8%B6%B3%E7%B6%B1%20%E9%AE%91%E8%9E%BA%20%E9%AE%91%E8%9E%BA%E5%B1%AC HTTP/1.1" 200 32791
66.249.79.200 - - [02/Jul/2016:03:38:10 +0800] "GET /content/repository/resource_content.jsp?oid=1515881 HTTP/1.1" 200 28885
66.249.71.136 - - [02/Jul/2016:03:38:10 +0800] "GET /content/nav/relationSubject.jsp?relationWords=%E7%9B%A4%E9%AE%91%E8%9E%BA+%E8%85%B9%E8%B6%B3%E7%B6%B1+%E9%AE%91%E8%9E%BA+%E9%AE%91%E8%9E%BA%E5%B1%AC+&oid=517980 HTTP/1.1" 200 3291
173.252.95.13 - - [02/Jul/2016:03:38:51 +0800] "GET /content/repository/resource_content.jsp?oid=1111313 HTTP/1.1" 200 31596
66.249.79.200 - - [02/Jul/2016:03:38:53 +0800] "GET /content/subject/resource_content.jsp?oid=16777332&queryString=%E6%A3%8B%E7%9B%A4%E8%85%B3%E6%A8%B9%20%E6%A3%8B%E7%9B%A4%E8%85%B3%E6%A8%B9%E5%B1%AC%20%E6%A4%8D%E7%89%A9%E7%95%8C%20%E6%B0%B4%E8%8C%84%20%E6%B0%B4%E8%8C%84%E8%8B%B3%20%E7%8E%89%E8%95%8A%E7%A7%91%20%E8%85%B3%E6%A8%B9%20%E8%8C%84%E8%8B%B3 HTTP/1.1" 200 33547
66.249.71.136 - - [02/Jul/2016:03:39:00 +0800] "GET /content/nav/relationSubject.jsp?relationWords=%E5%B1%B1%E8%8F%8A%20%E5%B1%B1%E8%8F%8A%E5%B1%AC%20%E6%A4%8D%E7%89%A9%E7%95%8C%20%E8%8F%8A%E5%B1%AC%20%E8%8F%8A%E7%A7%91%20%E9%9B%99%E5%AD%90%E8%91%89%20%E9%9B%99%E5%AD%90%E8%91%89%E6%A4%8D%E7%89%A9%20&oid=1457650 HTTP/1.1" 200 3465
66.249.79.200 - - [02/Jul/2016:03:40:02 +0800] "GET /content/repository/resource_content.jsp?oid=219183&queryString=%E5%AF%A8%E5%B2%A1%E5%A2%9F%20%E9%99%B8%E6%B8%AC%E5%9C%96 HTTP/1.1" 200 31079
66.249.71.136 - - [02/Jul/2016:03:40:06 +0800] "GET /content/nav/relationSubject.jsp?relationWords=%E6%95%B8%E4%BD%8D%E5%85%B8%E8%97%8F%20&oid=16777676 HTTP/1.1" 200 5879
52.3.127.144 - - [02/Jul/2016:03:40:09 +0800] "GET /content/subject/resource_content.jsp?oid=16777766&queryType=qc HTTP/1.1" 200 50590
66.249.71.136 - - [02/Jul/2016:03:41:01 +0800] "GET /content/repository/resource_content.jsp?oid=3811123&queryString=%E7%A9%97%E8%8A%B1%E5%B1%B1%E5%A5%88%20%E8%96%91%E5%B1%AC%20%E9%87%8E%E8%96%91%E8%8A%B1 HTTP/1.1" 200 30934
66.249.71.194 - - [02/Jul/2016:03:41:14 +0800] "GET /content/nav/relationSubject.jsp?relationWords=%E4%B8%AD%E5%9C%8B%E8%BC%BF%E5%9C%96+&oid=188854 HTTP/1.1" 200 3100
66.249.71.136 - - [02/Jul/2016:03:41:44 +0800] "GET /content/repository/resource_content.jsp?oid=2549702 HTTP/1.1" 200 29812
66.249.71.136 - - [02/Jul/2016:03:42:29 +0800] "GET /content/repository/resource_content.jsp?oid=4354131&queryType=qs&queryString=%E7%84%A1%E8%84%8A%E6%A4%8E%E5%8B%95%E7%89%A9 HTTP/1.1" 200 33856
66.249.71.136 - - [02/Jul/2016:03:42:54 +0800] "GET /content/nav/relationSubject.jsp?relationWords=%E6%9D%B1%E4%BA%AC%E5%B8%9D%E5%9C%8B%E5%A4%A7%E5%AD%B8+&oid=4493794 HTTP/1.1" 200 3111
66.249.79.148 - - [02/Jul/2016:03:43:11 +0800] "GET /content/repository/resource_content.jsp?oid=1554132&queryType=qs&queryString=%E4%BE%BF%E6%89%80 HTTP/1.1" 200 30631
66.249.71.152 - - [02/Jul/2016:03:43:13 +0800] "GET /content/nav/relationSubject.jsp?relationWords=%E6%9C%A8%E9%9B%95+&oid=4362217 HTTP/1.1" 200 2984
164.132.161.56 - - [02/Jul/2016:03:43:35 +0800] "GET /digiarch3/content/subject/resource_content.jsp?oid=16777742&queryType=qc HTTP/1.1" 200 39028
66.249.71.150 - - [02/Jul/2016:03:43:51 +0800] "GET /content/repository/resource_content.jsp?oid=2667602&queryString=%E5%A5%89%E8%AB%AD%20%E5%B7%A5%E9%83%A8%20%E6%B0%B8%E5%AE%9A%20%E9%A0%90%E9%98%B2 HTTP/1.1" 200 30642
66.249.71.143 - - [02/Jul/2016:03:43:53 +0800] "GET /content/repository/resource_content.jsp?oid=1622215 HTTP/1.1" 200 28891
66.249.71.242 - - [02/Jul/2016:03:44:39 +0800] "GET /content/nav/relationSubject.jsp?relationWords=%E5%85%B1%E5%8C%AA+%E5%9C%8B%E6%A0%A1+%E6%8A%80%E5%B7%A5+%E6%B0%91%E4%B8%BB%E6%94%BF%E6%B2%BB+%E6%B5%81%E6%B0%93+%E7%A1%AB%E9%85%B8%E9%8C%8F+%E7%A8%BB%E8%B0%B7+%E8%87%AA%E6%B2%BB%E9%80%9A%E5%89%87+%E8%87%BA%E7%81%A3%E7%9C%81+&oid=1554132 HTTP/1.1" 200 4196
66.249.71.159 - - [02/Jul/2016:03:45:04 +0800] "GET /content/nav/relationSubject.jsp?relationWords=%E6%96%87%E8%9B%A4%E5%B1%AC%20%E6%B5%B7%E8%9C%86%20%E7%92%B0%E6%96%87%E8%9B%A4%20%E7%B0%BE%E8%9B%A4%E7%9B%AE%20%E7%B0%BE%E8%9B%A4%E7%A7%91%20%E8%B5%A4%E5%98%B4%E4%BB%94%20%E8%B5%A4%E5%98%B4%E8%9B%A4%20%E9%9B%99%E6%AE%BC%E7%B6%B1%20%E9%9D%92%E8%9B%A4%20&oid=523747 HTTP/1.1" 200 3530
66.249.71.188 - - [02/Jul/2016:03:45:17 +0800] "GET /content/nav/relationSubject.jsp?relationWords=%E5%8F%B0%E7%81%A3%E7%BE%85%E6%BC%A2%E6%9E%9C%20%E6%A4%8D%E7%89%A9%E7%95%8C%20%E7%BE%85%E6%BC%A2%E6%9E%9C%E5%B1%AC%20%E8%8F%AB%E8%8F%9C%20%E8%91%AB%E8%98%86%E7%A7%91%20&oid=1104328 HTTP/1.1" 200 3286
66.249.71.242 - - [02/Jul/2016:03:45:17 +0800] "GET /content/nav/relationSubject.jsp?relationWords=%E6%BC%A2%E4%BB%A3%20%E6%BC%A2%E7%B0%A1%20%E7%95%AA%E7%A4%BE%20%E7%95%AA%E7%A4%BE%E9%87%87%E9%A2%A8%E5%9C%96%20%E7%B0%A1%E7%89%98%20%E9%87%87%E9%A2%A8%E5%9C%96%20&oid=16777740 HTTP/1.1" 200 4776
66.249.71.254 - - [02/Jul/2016:03:45:19 +0800] "GET /content/repository/resource_content.jsp?oid=1559948&queryType=qs&queryString=%E6%A3%92%E7%90%83 HTTP/1.1" 200 29976
66.249.79.135 - - [02/Jul/2016:03:45:45 +0800] "GET /content/repository/resource_content.jsp?oid=1895161&queryString=%E5%BC%B5%E5%AF%8C%20%E6%A2%81%E8%A8%B1%E6%98%A5%E8%8F%8A%20%E7%89%B9%E5%B8%AB%E7%A7%91%20%E7%8E%8B%E5%AE%8B%E7%93%8A%E8%8B%B1%20%E8%87%BA%E7%81%A3%E7%9C%81%E8%AD%B0%E6%9C%83%20%E8%94%A1%E9%B4%BB%E6%96%87%20%E9%99%B3%E7%AD%86 HTTP/1.1" 200 30971
66.249.71.150 - - [02/Jul/2016:03:46:02 +0800] "GET /content/repository/resource_content.jsp?oid=1451339&queryString=%E5%8F%B0%E7%81%A3%E9%A6%AC%E5%8A%A0%E9%B0%86%20%E9%AF%96%E7%A7%91 HTTP/1.1" 200 30296
220.181.108.147 - - [02/Jul/2016:03:46:04 +0800] "GET /content/subject/resource_content.jsp?oid=16777472&queryType=qc HTTP/1.1" 200 64964
66.249.71.136 - - [02/Jul/2016:03:46:17 +0800] "GET /content/nav/relationSubject.jsp?relationWords=%E7%9B%A4%E9%AE%91%E8%9E%BA%20%E8%85%B9%E8%B6%B3%E7%B6%B1%20%E9%AE%91%E8%9E%BA%20%E9%AE%91%E8%9E%BA%E5%B1%AC%20&oid=517980 HTTP/1.1" 200 3291
66.249.71.188 - - [02/Jul/2016:03:46:31 +0800] "GET /content/nav/relationSubject.jsp?relationWords=%E5%88%91%E9%83%A8%E5%B0%9A%E6%9B%B8%20&oid=2519821 HTTP/1.1" 200 3123
66.249.79.141 - - [02/Jul/2016:03:46:45 +0800] "GET /content/repository/resource_content.jsp?oid=1777939&queryType=qs&queryString=%E6%96%87%E4%BB%B6%E5%88%86%E6%9E%90 HTTP/1.1" 200 36580
66.249.71.143 - - [02/Jul/2016:03:47:29 +0800] "GET /content/repository/resource_content.jsp?oid=2143427&queryString=%E9%87%91%E9%87%B5%E8%98%AD%20%E9%87%91%E9%87%B5%E8%98%AD%E5%B1%AC HTTP/1.1" 200 29958
66.249.71.136 - - [02/Jul/2016:03:47:40 +0800] "GET /content/repository/resource_content.jsp?oid=182478&queryString=%E4%B8%AD%E5%9C%8B%E5%A4%A7%E9%99%B8%E5%9C%B0%E5%9C%96%20%E6%B3%95%E7%89%B9%E5%93%88%E9%96%80 HTTP/1.1" 200 30586
66.249.79.186 - - [02/Jul/2016:03:47:44 +0800] "GET /digiarch3/content/nav/relationSubject.jsp?relationWords=%E7%B4%85%E7%89%9B%E5%B0%BE%20&oid=14917 HTTP/1.1" 200 2945
66.249.71.136 - - [02/Jul/2016:03:48:10 +0800] "GET /content/repository/resource_content.jsp?oid=1621534 HTTP/1.1" 200 29068
66.249.71.152 - - [02/Jul/2016:03:48:53 +0800] "GET /content/subject/resource_content.jsp?oid=16777450&queryString= HTTP/1.1" 200 28909
66.249.71.159 - - [02/Jul/2016:03:49:09 +0800] "GET /content/nav/relationSubject.jsp?relationWords=%E6%A1%83%E7%AC%A6%20%E7%A5%9E%E8%8D%BC%20%E9%AC%B1%E5%A3%98%20&oid=16777450 HTTP/1.1" 200 4156
66.249.71.136 - - [02/Jul/2016:03:49:35 +0800] "GET /content/repository/resource_content.jsp?oid=1895161&queryString=%E4%B8%89%E9%87%8D%E5%B8%82%20%E5%85%AC%E5%B8%91%20%E5%85%AC%E8%B7%AF%E5%B1%80%20%E5%B8%82%E5%83%B9%20%E6%B0%91%E6%B3%95%20%E7%9C%81%E6%94%BF%E5%BA%9C%20%E8%87%BA%E5%8C%97%E5%A4%A7%E6%A9%8B%20%E8%87%BA%E5%8C%97%E7%B8%A3 HTTP/1.1" 200 31018
66.249.71.136 - - [02/Jul/2016:03:49:36 +0800] "GET /content/subject/resource_content.jsp?oid=16797246&queryType=qc HTTP/1.1" 200 43651
66.249.71.152 - - [02/Jul/2016:03:50:19 +0800] "GET /content/subject/resource_content.jsp?oid=16777519&queryType=qs&queryString=%E8%87%BA%E7%81%A3%E5%A4%A7%E5%AD%B8 HTTP/1.1" 200 36011
66.249.79.200 - - [02/Jul/2016:03:51:03 +0800] "GET /content/repository/resource_content.jsp?oid=1888237&queryString=%E5%B8%BD%E8%93%86%20%E6%9D%8E%E6%99%A8%E9%90%98%20%E6%9D%9C%E6%B8%85 HTTP/1.1" 200 31343
66.249.71.248 - - [02/Jul/2016:03:51:07 +0800] "GET /content/nav/relationSubject.jsp?relationWords=%E5%88%9D%E4%B8%AD+%E6%83%A1%E6%80%A7%E8%A3%9C%E7%BF%92+%E6%95%99%E5%B8%AB%E6%9C%83%E9%A4%A8+%E6%95%99%E8%82%B2%E5%BB%B3+%E6%95%99%E8%82%B2%E7%A7%91%E5%B1%80+%E6%A3%92%E7%90%83+%E7%A6%8F%E5%88%A9%E9%87%91+%E8%87%BA%E5%8C%97%E5%B8%82+%E9%81%93%E5%BE%B7%E6%95%99%E8%82%B2+&oid=1559948 HTTP/1.1" 200 5835
66.249.71.136 - - [02/Jul/2016:03:51:16 +0800] "GET /content/nav/relationSubject.jsp?relationWords=&oid=16797246 HTTP/1.1" 200 1405
66.249.71.136 - - [02/Jul/2016:03:51:23 +0800] "GET /digiarch_en/content/nav/relationSubject.jsp?relationWords=%E5%80%89%E7%B3%A7+%E5%90%8F%E9%83%A8+%E7%B3%A7%E5%93%A1+&oid=2686359 HTTP/1.1" 200 3164
66.249.71.136 - - [02/Jul/2016:03:51:24 +0800] "GET /digiarch_en/content/nav/relationSubject.jsp?relationWords=%E5%80%89%E7%B3%A7%20%E5%90%8F%E9%83%A8%20%E7%B3%A7%E5%93%A1%20&oid=2686359 HTTP/1.1" 200 3164
66.249.71.136 - - [02/Jul/2016:03:51:29 +0800] "GET /content/repository/resource_content.jsp?oid=2664186&queryString=%E5%8E%9A%E7%94%9F%20%E5%9B%9B%E4%B8%80%E4%BA%8C HTTP/1.1" 200 29549
66.249.71.136 - - [02/Jul/2016:03:52:28 +0800] "GET /content/subject/resource_content.jsp?oid=16797243&queryString= HTTP/1.1" 200 56014
66.249.71.136 - - [02/Jul/2016:03:53:11 +0800] "GET /content/repository/resource_content.jsp?oid=1887044&queryString=%E5%8E%9A%E6%AE%BC%E7%B8%B1%E7%B0%BE%E8%9B%A4 HTTP/1.1" 200 31972
66.249.71.136 - - [02/Jul/2016:03:53:24 +0800] "GET /content/repository/resource_content.jsp?oid=1898866&queryString=%E5%9C%8B%E5%9C%96 HTTP/1.1" 200 29045
66.249.71.136 - - [02/Jul/2016:03:53:27 +0800] "GET /content/nav/relationSubject.jsp?relationWords=%E5%9C%8B%E5%9C%96+%E8%87%BA%E7%81%A3%E7%9C%81%E8%AD%B0%E6%9C%83+&oid=1898866 HTTP/1.1" 200 4117
66.249.71.254 - - [02/Jul/2016:03:53:45 +0800] "GET /content/nav/relationSubject.jsp?relationWords=%E5%8E%9F%E4%BD%8F%E6%B0%91%E9%9F%B3%E6%A8%82+%E5%A4%9A%E5%85%83%E6%96%87%E5%8C%96+%E6%B5%B7%E6%98%9F+&oid=1777939 HTTP/1.1" 200 4410
66.249.71.136 - - [02/Jul/2016:03:53:54 +0800] "GET /content/repository/resource_content.jsp?oid=4352593&queryString=%E9%9B%B7%E9%AD%9A%20%E9%9B%BB%E9%AD%B4 HTTP/1.1" 200 34142
157.55.39.187 - - [02/Jul/2016:03:55:05 +0800] "GET /content/nav/relationSubject.jsp?relationWords=%E6%9C%A8%E7%8A%80+%E6%A1%82%E8%8A%B1+&oid=16777255 HTTP/1.1" 200 4029
66.249.71.136 - - [02/Jul/2016:03:55:06 +0800] "GET /content/nav/relationSubject.jsp?relationWords=%E6%9E%97%E7%8D%BB%E5%A0%82%20%E6%A5%8A%E6%B0%B4%E5%BF%83%20&oid=16777630 HTTP/1.1" 200 3772
66.249.71.136 - - [02/Jul/2016:03:55:15 +0800] "GET /content/nav/relationSubject.jsp?relationWords=%E5%8E%9A%E7%94%9F%20&oid=2664186 HTTP/1.1" 200 3467
66.249.71.136 - - [02/Jul/2016:03:55:19 +0800] "GET /content/repository/resource_content.jsp?oid=286094&queryString=%E5%B1%85%E5%BB%B6%E6%BC%A2%E7%B0%A1%20%E6%BC%A2%E7%B0%A1 HTTP/1.1" 200 30209
66.249.71.166 - - [02/Jul/2016:03:55:22 +0800] "GET /content/repository/resource_content.jsp?oid=14723&queryString=%E6%9D%BE%E6%AF%AC%20%E6%9F%8F%E6%B0%8F HTTP/1.1" 200 35171
66.249.71.136 - - [02/Jul/2016:03:55:28 +0800] "GET /content/nav/relationSubject.jsp?relationWords=%E6%B3%95%E7%89%B9%E5%93%88%E9%96%80%20%E9%81%BC%E5%AF%A7%20%E9%99%B8%E6%B8%AC%E5%9C%96%20&oid=182478 HTTP/1.1" 200 3179
66.249.71.136 - - [02/Jul/2016:03:55:30 +0800] "GET /content/nav/relationSubject.jsp?relationWords=%E7%94%A2%E5%A9%86+%E7%94%A2%E5%A9%A6+&oid=16777617 HTTP/1.1" 200 4361
66.249.71.129 - - [02/Jul/2016:03:55:41 +0800] "GET /content/nav/relationSubject.jsp?relationWords=%E4%B8%83%E5%BA%9C%E6%95%99+%E8%8B%B1%E8%AA%9E+&oid=1628812 HTTP/1.1" 200 3887
220.181.108.97 - - [02/Jul/2016:03:55:53 +0800] "GET /content/subject/resource_content.jsp?oid=16777720&amp;queryType=qc HTTP/1.1" 200 29905
66.249.71.136 - - [02/Jul/2016:03:56:03 +0800] "GET /content/subject/resource_content.jsp?oid=16777769&queryType=qc HTTP/1.1" 200 41381
173.252.95.8 - - [02/Jul/2016:03:56:16 +0800] "GET /content/repository/resource_content.jsp?oid=1099819&queryString=%E6%A4%8D%E7%89%A9%E7%95%8C+%E7%99%BD%E6%B0%B4%E6%9C%A8+%E7%B4%AB%E4%B8%B9%E5%B1%AC+%E7%B4%AB%E8%8D%89+%E7%B4%AB%E8%8D%89%E7%A7%91 HTTP/1.1" 200 31396
66.249.71.136 - - [02/Jul/2016:03:56:46 +0800] "GET /content/subject/resource_content.jsp?oid=16797258&queryType=qc HTTP/1.1" 200 56111
66.249.71.136 - - [02/Jul/2016:03:57:19 +0800] "GET /content/repository/resource_content.jsp?oid=1598713&queryString=%E7%93%A6%E6%96%AF HTTP/1.1" 200 48090
66.249.71.136 - - [02/Jul/2016:03:57:19 +0800] "GET /content/nav/relationSubject.jsp?relationWords=%E5%8D%97%E9%B1%A7%20%E6%96%91%E9%B1%A7%20%E9%9B%B7%E9%AD%9A%20%E9%B1%A7%E7%A7%91%20%E9%B1%A7%E9%AD%9A%20&oid=4352593 HTTP/1.1" 200 3421
66.249.71.159 - - [02/Jul/2016:03:57:29 +0800] "GET /content/subject/resource_content.jsp?oid=16777264&queryType=qc HTTP/1.1" 200 37690
66.249.79.200 - - [02/Jul/2016:03:58:05 +0800] "GET /content/nav/relationSubject.jsp?relationWords=%E5%9C%8B%E5%9C%96%20%E8%87%BA%E7%81%A3%E7%9C%81%E8%AD%B0%E6%9C%83%20&oid=1898866 HTTP/1.1" 200 4117
51.255.65.26 - - [02/Jul/2016:03:58:37 +0800] "GET /content/subject/resource_content.jsp?oid=16777502&queryType=qc HTTP/1.1" 200 38718
66.249.71.136 - - [02/Jul/2016:03:59:08 +0800] "GET /content/repository/resource_content.jsp?oid=3354839&queryString=%E7%9B%82%E5%8D%A3 HTTP/1.1" 200 29581
66.249.71.136 - - [02/Jul/2016:03:59:11 +0800] "GET /content/nav/relationSubject.jsp?relationWords=%E7%88%B6%E4%B8%81+%E7%9B%82%E5%8D%A3+&oid=3354839 HTTP/1.1" 200 3224
66.249.71.159 - - [02/Jul/2016:04:00:00 +0800] "GET /content/nav/relationSubject.jsp?relationWords=%E5%85%AB%E5%8D%A6%E5%B1%B1+%E5%85%AC%E6%95%99%E4%BA%BA%E5%93%A1+%E5%B0%88%E7%A7%91+%E6%95%99%E8%82%B2%E5%BB%B3+%E9%B9%BF%E6%B8%AF%E4%B8%AD%E5%AD%B8+&oid=1565459 HTTP/1.1" 200 3901
66.249.71.242 - - [02/Jul/2016:04:00:12 +0800] "GET /content/nav/relationSubject.jsp?relationWords=%E4%BA%A4%E7%9B%A4+%E6%8C%89%E5%AF%9F%E4%BD%BF+%E7%B3%A7%E4%BA%8B+%E9%8C%A2%E7%B3%A7+&oid=2514361 HTTP/1.1" 200 5360
66.249.79.135 - - [02/Jul/2016:04:00:21 +0800] "GET /content/subject/resource_content.jsp?oid=16797281&queryType=qc HTTP/1.1" 200 52953
66.249.71.199 - - [02/Jul/2016:04:00:37 +0800] "GET /content/nav/relationSubject.jsp?relationWords=%E6%9D%9C%E9%A6%99%E5%9C%8B%20%E8%87%BA%E5%8C%97%E5%87%BA%E5%BC%B5%E6%89%80%20&oid=1887611 HTTP/1.1" 200 3187
66.249.79.135 - - [02/Jul/2016:04:01:04 +0800] "GET /content/subject/resource_content.jsp?oid=16777270&queryString=%E5%B1%B1%E6%AC%96%20%E6%98%9F%E8%98%8B%E6%9E%9C%E5%B1%AC%20%E6%9F%BF%E6%A8%B9%20%E6%A4%8D%E7%89%A9%E7%95%8C HTTP/1.1" 200 34030
66.249.71.136 - - [02/Jul/2016:04:01:05 +0800] "GET /content/subject/resource_content.jsp?oid=16797293&queryType=qc HTTP/1.1" 200 46243
66.249.66.170 - - [02/Jul/2016:04:02:05 +0800] "GET /content/repository/resource_content.jsp?oid=2687307&queryString=%E5%84%AA%E4%BA%BA%20%E5%88%91%E9%83%A8 HTTP/1.1" 200 30922
66.249.71.166 - - [02/Jul/2016:04:02:58 +0800] "GET /content/repository/resource_content.jsp?oid=218558&queryString=%E5%8D%97%E7%81%A3%20%E9%99%B8%E6%B8%AC%E5%9C%96 HTTP/1.1" 200 31125
66.249.71.152 - - [02/Jul/2016:04:03:06 +0800] "GET /content/nav/relationSubject.jsp?relationWords=%E6%8A%B1%E6%89%9B%E5%B3%92+%E9%99%B8%E6%B8%AC%E5%9C%96+&oid=218558 HTTP/1.1" 200 3126
66.249.71.199 - - [02/Jul/2016:04:03:48 +0800] "GET /digiarch3/content/nav/relationSubject.jsp?relationWords=%E5%84%92%E8%89%AE+%E5%84%92%E8%89%AE%E9%AF%9B+%E5%A1%9E%E9%9A%86%E6%B5%B7%E8%B1%AC%E9%AD%9A+%E6%9F%B3%E5%86%B7%E4%BB%94+%E6%B5%B7%E8%B1%AC%E9%AD%9A+%E9%87%91%E7%B7%9A%E5%84%92%E8%89%AE%E9%AF%9B+%E9%9A%86%E9%A0%AD%E9%AD%9A+%E9%9A%86%E9%A0%AD%E9%AD%9A%E7%A7%91+&oid=1081609 HTTP/1.1" 200 3852
66.249.71.199 - - [02/Jul/2016:04:03:51 +0800] "GET /digiarch3/content/nav/relationSubject.jsp?relationWords=%E5%84%92%E8%89%AE%20%E5%84%92%E8%89%AE%E9%AF%9B%20%E5%A1%9E%E9%9A%86%E6%B5%B7%E8%B1%AC%E9%AD%9A%20%E6%9F%B3%E5%86%B7%E4%BB%94%20%E6%B5%B7%E8%B1%AC%E9%AD%9A%20%E9%87%91%E7%B7%9A%E5%84%92%E8%89%AE%E9%AF%9B%20%E9%9A%86%E9%A0%AD%E9%AD%9A%20%E9%9A%86%E9%A0%AD%E9%AD%9A%E7%A7%91%20&oid=1081609 HTTP/1.1" 200 3852
66.249.71.136 - - [02/Jul/2016:04:04:04 +0800] "GET /content/nav/relationSubject.jsp?relationWords=%E4%B8%AD%E5%9C%8B%E5%9C%8B%E6%B0%91%E9%BB%A8+%E5%8F%83%E8%AD%B0%E6%9C%83+%E5%8F%B0%E7%81%A3%E7%9C%81+%E6%B8%85%E6%9F%A5%E5%9C%98+%E7%9B%A3%E5%AF%9F%E5%A7%94%E5%93%A1+&oid=1515881 HTTP/1.1" 200 4659
66.249.71.242 - - [02/Jul/2016:04:04:29 +0800] "GET /content/nav/relationSubject.jsp?relationWords=%E5%90%8F%E9%83%A8+%E5%A5%89%E8%AB%AD+%E5%B0%8D%E8%AA%BF+%E9%81%B4%E5%93%A1+&oid=2637813 HTTP/1.1" 200 3191
66.249.71.143 - - [02/Jul/2016:04:05:04 +0800] "GET /content/repository/resource_content.jsp?oid=1895056&queryString=%E5%B7%A5%E7%A8%8B%E8%A8%AD%E8%A8%88 HTTP/1.1" 200 29032
66.249.71.159 - - [02/Jul/2016:04:05:14 +0800] "GET /content/nav/relationSubject.jsp?relationWords=%E4%BA%94%E8%85%B3%E8%99%8E+%E6%A2%9D%E7%B4%8B%E8%BA%84%E9%AD%9A+%E8%BA%84%E9%AD%9A+%E8%BA%84%E9%AD%9A%E7%A7%91+&oid=4352129 HTTP/1.1" 200 4248
66.249.71.152 - - [02/Jul/2016:04:05:16 +0800] "GET /content/nav/relationSubject.jsp?relationWords=%E4%BA%94%E8%85%B3%E8%99%8E%20%E6%A2%9D%E7%B4%8B%E8%BA%84%E9%AD%9A%20%E8%BA%84%E9%AD%9A%20%E8%BA%84%E9%AD%9A%E7%A7%91%20&oid=4352129 HTTP/1.1" 200 4248
66.249.71.136 - - [02/Jul/2016:04:05:18 +0800] "GET /content/nav/relationSubject.jsp?relationWords=%E5%B7%A5%E7%A8%8B%E8%A8%AD%E8%A8%88+%E8%82%A1%E4%BB%BD%E6%9C%89%E9%99%90%E5%85%AC%E5%8F%B8+&oid=1895056 HTTP/1.1" 200 3787
66.249.79.186 - - [02/Jul/2016:04:05:22 +0800] "GET /digiarch3/content/subject/resource_content.jsp?oid=16777275&queryType=qc HTTP/1.1" 200 34221
66.249.79.244 - - [02/Jul/2016:04:05:40 +0800] "GET /content/nav/relationSubject.jsp?relationWords=%E6%8A%B1%E6%89%9B%E5%B3%92%20%E9%99%B8%E6%B8%AC%E5%9C%96%20&oid=218558 HTTP/1.1" 200 3126
66.249.71.242 - - [02/Jul/2016:04:05:53 +0800] "GET /content/nav/relationSubject.jsp?relationWords=%E6%85%B0%E5%95%8F%E9%87%91%20%E7%94%A2%E7%89%A9%E4%BF%9D%E9%9A%AA%20%E8%AB%8B%E5%AF%9F%20%E8%B2%A1%E6%94%BF%E9%A1%9E%20&oid=1568022 HTTP/1.1" 200 3240
66.249.79.200 - - [02/Jul/2016:04:06:04 +0800] "GET /content/subject/resource_content.jsp?oid=16777347&queryType=qs&queryString=%E6%B8%B8%E6%B3%B3 HTTP/1.1" 200 33794
66.249.71.136 - - [02/Jul/2016:04:06:05 +0800] "GET /content/nav/relationSubject.jsp?relationWords=%E5%B8%B6%E5%B0%BE%E6%96%B0%E9%9A%86%E9%AD%9A+&oid=33554830 HTTP/1.1" 200 3249
66.249.71.136 - - [02/Jul/2016:04:06:22 +0800] "GET /content/nav/relationSubject.jsp?relationWords=%E5%B0%8F%E6%B8%AF%E9%84%89%20%E8%87%A8%E6%99%82%E7%9C%81%E8%AD%B0%E6%9C%83%20%E8%87%BA%E7%81%A3%E7%9C%81%20&oid=1536212 HTTP/1.1" 200 4473
173.252.95.12 - - [02/Jul/2016:04:06:41 +0800] "GET /content/subject/resource_content.jsp?oid=16777311&queryString=%E6%A5%93%E9%A6%99&queryType=null HTTP/1.1" 200 29350
66.249.71.253 - - [02/Jul/2016:04:06:42 +0800] "GET /content/nav/relationSubject.jsp?relationWords=%E5%8F%83%E7%96%8F%E9%98%B2%E6%AD%A6%E8%81%B7+%E8%BA%AB%E6%AD%BB%E9%A1%8C+%E9%96%A9%E6%B5%99%E7%B8%BD%E7%9D%A3+&oid=2542685 HTTP/1.1" 200 3265
66.249.79.186 - - [02/Jul/2016:04:06:47 +0800] "GET /content/repository/resource_content.jsp?oid=15685&queryType=qs&queryString=%E9%AD%9A%E5%BD%A2 HTTP/1.1" 200 34364
66.249.71.136 - - [02/Jul/2016:04:06:49 +0800] "GET /digiarch_en/content/repository/resource_content.jsp?oid=1897017&queryString=%E4%BA%BA%E5%90%8D%E6%AC%8A%E5%A8%81%20%E4%BF%84%E5%9C%8B%20%E4%BF%84%E8%92%99%20%E5%A4%96%E4%BA%A4%E9%83%A8 HTTP/1.1" 200 23145
66.249.71.136 - - [02/Jul/2016:04:06:55 +0800] "GET /content/nav/relationSubject.jsp?relationWords=%E4%B8%AD%E6%A9%AB%E5%85%AC%E8%B7%AF%20%E4%BA%A4%E6%B5%81%E9%81%93%20%E4%BA%A4%E9%80%9A%E8%99%95%20%E4%BA%A4%E9%80%9A%E9%83%A8%20%E5%80%89%E5%84%B2%20%E5%85%AC%E8%B7%AF%E5%B1%80%20%E5%8C%85%E8%A2%B1%20%E5%8D%A1%E8%BB%8A%20%E5%93%81%E8%B3%AA%20%E5%93%A1%E6%9E%97%E9%8E%AE%20%E5%9C%B0%E4%B8%8B%E9%81%93%20%E5%9D%8D%E6%96%B9%20%E5%B7%A5%E7%A8%8B%E8%B2%BB%20%E5%B9%B3%E4%BA%A4%E9%81%93%20%E5%BD%B0%E6%BF%B1%E9%81%8A%E6%A8%82%E5%8D%80%20%E5%BF%A0%E5%AD%9D%E5%A4%A7%E6%A9%8B%20%E6%8B%9B%E6%A8%99%20%E6%8D%B7%E9%81%8B%20%E6%90%B6%E4%BF%AE%20%E6%95%88%E7%8E%87%20%E6%98%A5%E7%AF%80%20%E6%9C%8D%E5%8B%99%E5%93%81%E8%B3%AA%20%E6%9E%9C%E8%BE%B2%20%E6%A2%A8%E5%B1%B1%20%E6%A5%8A%E6%96%87%E6%AC%A3%20%E6%A8%B9%E6%9E%97%E9%8E%AE%20%E6%B0%B4%E5%85%AC%E5%8F%B8%20%E6%B4%BD%E5%95%86%20%E6%B7%A1%E6%B1%9F%20%E6%B8%AF%E5%8B%99%E5%B1%80%20%E6%B8%AF%E5%9F%A0%20%E6%BF%B1%E6%B5%B7%E5%85%AC%E8%B7%AF%20%E7%84%8A%E6%8E%A5%20%E7%93%A6%E6%96%AF%20%E7%9C%81%E6%94%BF%E5%BA%9C%20%E7%9C%81%E7%87%9F%E4%BA%8B%E6%A5%AD%20%E7%9F%A5%E4%BA%86%20%E7%AF%80%E7%B4%84%E8%83%BD%E6%BA%90%20%E7%B4%85%E7%B6%A0%E7%87%88%20%E7%B6%93%E6%BF%9F%E9%83%A8%20%E8%87%AA%E4%BE%86%E6%B0%B4%20%E8%87%AA%E5%BC%B7%E8%99%9F%20%E8%87%BA%E4%B8%AD%E6%B8%AF%20%E8%87%BA%E4%B8%AD%E6%B8%AF%E5%8B%99%E5%B1%80%20%E8%87%BA%E5%8C%97%E5%A4%A7%E6%A9%8B%20%E8%87%BA%E5%8C%97%E5%B8%82%20%E8%87%BA%E5%8C%97%E7%B8%A3%20%E8%87%BA%E6%B1%BD%20%E8%87%BA%E9%90%B5%20%E8%87%BA%E9%9B%BB%20%E8%8F%AF%E6%B1%9F%20%E8%A3%81%E5%93%A1%20%E8%B2%A1%E5%8B%99%20%E8%B2%A8%E9%81%8B%20%E8%B3%AA%E8%A9%A2%20%E9%81%8A%E6%A8%82%E5%8D%80%20%E9%81%93%E8%B7%AF%E6%96%BD%E5%B7%A5%20%E9%90%B5%E8%B7%AF%E5%B1%80%20%E9%9B%BB%E4%BF%A1%E5%B1%80%20%E9%AB%98%E9%80%9F%E9%90%B5%E8%B7%AF%20&oid=1598713 HTTP/1.1" 200 8538
68.180.230.157 - - [02/Jul/2016:04:06:58 +0800] "GET /digiarch_en/content/subject/resource_content.jsp?oid=16777425&queryType=qc HTTP/1.1" 200 30966
66.249.71.136 - - [02/Jul/2016:04:07:08 +0800] "GET /content/nav/relationSubject.jsp?relationWords=%E7%88%B6%E4%B8%81%20%E7%9B%82%E5%8D%A3%20&oid=3354839 HTTP/1.1" 200 3224
66.249.71.242 - - [02/Jul/2016:04:07:10 +0800] "GET /content/nav/relationSubject.jsp?relationWords=%E5%8F%B0%E7%81%A3%E9%AD%9A%E9%A1%9E%20%E6%93%AC%E9%B1%B8%20%E7%89%9F%E5%A9%81%E6%93%AC%E9%B1%B8%20&oid=16777780 HTTP/1.1" 200 6214
66.249.71.136 - - [02/Jul/2016:04:07:17 +0800] "GET /content/nav/relationSubject.jsp?relationWords=%E5%B1%85%E5%BB%B6%E6%BC%A2%E7%B0%A1%20%E6%BC%A2%E7%B0%A1%20&oid=286094 HTTP/1.1" 200 3898
66.249.71.136 - - [02/Jul/2016:04:07:20 +0800] "GET /digiarch_en/content/nav/relationSubject.jsp?relationWords=%E5%8D%97%E9%99%BD%E7%B8%A3+%E8%8D%89%E5%BA%97%E7%95%AB%E8%B1%A1+%E9%A1%8C%E8%A8%98+&oid=1806903 HTTP/1.1" 200 4915
66.249.71.242 - - [02/Jul/2016:04:07:30 +0800] "GET /content/repository/resource_content.jsp?oid=4362075&queryType=qs&queryString=%E8%B5%B7%E4%B9%A9 HTTP/1.1" 200 30135
66.249.71.136 - - [02/Jul/2016:04:07:55 +0800] "GET /content/nav/relationSubject.jsp?relationWords=%E9%AA%A8%E7%9A%BF+&oid=1852312 HTTP/1.1" 200 2969
66.249.71.136 - - [02/Jul/2016:04:08:04 +0800] "GET /content/exhibit/exhibit.jsp?oid=16777797 HTTP/1.1" 200 26268
66.249.79.151 - - [02/Jul/2016:04:08:13 +0800] "GET /content/repository/resource_content.jsp?oid=2674508&queryType=qs&queryString=%E5%90%B3%E6%B1%9F%E7%B8%A3 HTTP/1.1" 200 30495
52.3.127.144 - - [02/Jul/2016:04:08:29 +0800] "GET /content/subject/resource_content.jsp?oid=16777599&queryType=qc HTTP/1.1" 200 36988
66.249.71.136 - - [02/Jul/2016:04:08:42 +0800] "GET /content/repository/resource_content.jsp?oid=1531358&queryString=%E8%87%BA%E5%8C%97%E5%B8%82%20%E8%87%BA%E7%81%A3%E7%9C%81%E6%94%BF%E5%BA%9C%20%E8%B2%A1%E6%94%BF%20%E8%B2%A1%E6%94%BF%E5%BB%B3 HTTP/1.1" 200 31157
66.249.71.253 - - [02/Jul/2016:04:08:56 +0800] "GET /content/repository/resource_content.jsp?oid=2678374&queryType=qs&queryString=%E4%BA%BA%E7%91%9E HTTP/1.1" 200 30479
66.249.71.152 - - [02/Jul/2016:04:09:04 +0800] "GET /content/nav/relationSubject.jsp?relationWords=%E6%96%B0%E5%A4%A9%E5%9C%B0%20&oid=4448412 HTTP/1.1" 200 3960
66.249.71.136 - - [02/Jul/2016:04:09:39 +0800] "GET /digiarch_en/content/repository/resource_content.jsp?oid=2145238&queryString=%E6%9D%BE%E6%9D%89%20%E6%9D%BE%E7%A7%91%20%E6%A4%8D%E7%89%A9%E7%95%8C%20%E6%AF%AC%E6%9E%9C%20%E7%BE%85%E6%BC%A2%E6%9D%BE%20%E7%BE%85%E6%BC%A2%E6%9D%BE%E5%B1%AC%20%E8%98%AD%E5%B6%BC%E7%BE%85%E6%BC%A2%E6%9D%BE HTTP/1.1" 200 23557
173.252.95.14 - - [02/Jul/2016:04:10:16 +0800] "GET /content/repository/resource_content.jsp?oid=2150411&queryString=%E5%8D%97%E6%9F%AF+%E5%B6%BA%E5%8D%97%E6%9F%AF+%E6%9D%B1%E5%8D%97%E7%9F%B3%E6%AB%9F+%E6%9F%AF%E5%B1%AC+%E6%A4%8D%E7%89%A9%E7%95%8C+%E6%AE%BC%E6%96%97%E7%A7%91+%E7%9F%AD%E5%B0%BE%E8%91%89%E7%9F%B3%E6%AB%9F+%E7%9F%B3%E6%AB%9F HTTP/1.1" 200 31313
66.249.71.136 - - [02/Jul/2016:04:10:22 +0800] "GET /content/repository/resource_content.jsp?oid=1110182 HTTP/1.1" 200 30040
66.249.71.136 - - [02/Jul/2016:04:10:37 +0800] "GET /content/repository/resource_content.jsp?oid=2630487&queryString=%E5%90%8F%E9%83%A8%20%E7%B4%8B%E9%8A%80 HTTP/1.1" 200 30896
66.249.71.248 - - [02/Jul/2016:04:11:06 +0800] "GET /content/repository/resource_content.jsp?oid=4362603&queryType=qs&queryString=%E5%A3%BD%E6%A1%83 HTTP/1.1" 200 28392
66.249.79.165 - - [02/Jul/2016:04:11:24 +0800] "GET /content/nav/relationSubject.jsp?relationWords=%E5%80%89%E5%BB%92+&oid=2684189 HTTP/1.1" 200 3093
66.249.71.248 - - [02/Jul/2016:04:11:47 +0800] "GET /content/repository/resource_content.jsp?oid=4362676&queryType=qs&queryString=%E8%A1%8C%E7%A5%9E HTTP/1.1" 200 29642
173.252.95.12 - - [02/Jul/2016:04:11:54 +0800] "GET /content/repository/resource_content.jsp?oid=1078553 HTTP/1.1" 200 29248
173.252.95.8 - - [02/Jul/2016:04:12:09 +0800] "GET /content/repository/resource_content.jsp?oid=3357254&queryString=%E7%8E%8B%E5%AD%90%E7%94%B3%E7%9B%9E+%E7%8E%8B%E5%AD%90%E7%94%B3%E7%9B%9E%E7%9B%82 HTTP/1.1" 200 31561
66.249.71.136 - - [02/Jul/2016:04:12:11 +0800] "GET /content/nav/relationSubject.jsp?relationWords=%E5%BC%81%E5%85%B5+%E6%BC%A2%E6%9C%AC%E5%A0%82+%E7%B6%A0%E7%87%9F%E5%BC%81+&oid=2654657 HTTP/1.1" 200 3187
66.249.71.136 - - [02/Jul/2016:04:12:30 +0800] "GET /digiarch_en/content/repository/resource_content.jsp?oid=1081616&queryString=%E9%9D%92%E9%B8%9A%E5%93%A5%E9%AD%9A%20%E9%B8%9A%E5%93%A5%E9%AD%9A HTTP/1.1" 200 27463
66.249.71.136 - - [02/Jul/2016:04:12:31 +0800] "GET /content/repository/resource_content.jsp?oid=3817714&queryString=%E5%A5%B3%E8%B2%9E%E5%B1%AC%20%E6%97%A5%E6%9C%AC%E5%A5%B3%E8%B2%9E%20%E6%9C%A8%E7%8A%80%E7%A7%91%20%E6%A4%8D%E7%89%A9%E7%95%8C%20%E7%8E%84%E5%8F%83 HTTP/1.1" 200 31613
66.249.71.136 - - [02/Jul/2016:04:12:34 +0800] "GET /content/nav/relationSubject.jsp?relationWords=%E6%89%81%E9%AF%8A+%E7%90%B5%E7%90%B6%E9%AE%AB+%E9%9B%B2%E7%B4%8B%E7%90%B5%E7%90%B6%E9%AE%AB+&oid=16777427 HTTP/1.1" 200 4198
66.249.71.136 - - [02/Jul/2016:04:13:13 +0800] "GET /content/repository/resource_content.jsp?oid=1587467 HTTP/1.1" 200 28815
66.249.79.200 - - [02/Jul/2016:04:13:31 +0800] "GET /content/nav/relationSubject.jsp?relationWords=%E7%94%98%E4%BB%94%E9%AD%9A+&oid=15219 HTTP/1.1" 200 3306
66.249.71.166 - - [02/Jul/2016:04:13:52 +0800] "GET /content/nav/relationSubject.jsp?relationWords=%E5%85%AC%E8%B7%AF%E5%B1%80+%E5%BE%B7%E6%83%A0%E8%A1%97+%E8%87%BA%E5%8C%97%E5%B8%82+%E8%87%BA%E7%81%A3%E7%9C%81%E6%94%BF%E5%BA%9C+%E8%BB%8A%E5%BA%AB+&oid=1897830 HTTP/1.1" 200 4672
66.249.71.136 - - [02/Jul/2016:04:13:56 +0800] "GET /content/repository/resource_content.jsp?oid=1602410 HTTP/1.1" 200 28746
66.249.71.136 - - [02/Jul/2016:04:14:28 +0800] "GET /content/repository/resource_content.jsp?oid=1844851&queryString=%E6%96%B9%E9%BC%8E%20%E7%88%B6%E5%B7%B1 HTTP/1.1" 200 32218
66.249.71.136 - - [02/Jul/2016:04:14:39 +0800] "GET /content/repository/resource_content.jsp?oid=1461646&queryString=%E6%9D%9C%E9%B5%91%E8%8A%B1%20%E6%9D%9C%E9%B5%91%E8%8A%B1%E5%B1%AC%20%E6%9D%9C%E9%B5%91%E8%8A%B1%E7%A7%91%20%E6%A4%8D%E7%89%A9%E7%95%8C%20%E9%87%91%E6%AF%9B%E6%9D%9C%E9%B5%91 HTTP/1.1" 200 31231
66.249.71.136 - - [02/Jul/2016:04:15:01 +0800] "GET /digiarch_en/content/nav/relationSubject.jsp?relationWords=%E5%85%A5%E5%87%BA%E5%A2%83%E7%AE%A1%E7%90%86%E8%99%95%20%E5%85%AC%E5%8B%99%E8%AD%B7%E7%85%A7%20%E5%A4%96%E4%BA%A4%E9%83%A8%20%E5%BE%80%E6%97%A5%20%E6%B4%AA%E6%A8%B5%E6%A6%95%20%E8%AD%A6%E5%82%99%E7%B8%BD%E5%8F%B8%E4%BB%A4%E9%83%A8%20&oid=1897017 HTTP/1.1" 200 8286
66.249.79.200 - - [02/Jul/2016:04:15:03 +0800] "GET /content/nav/relationSubject.jsp?relationWords=%E5%B7%A5%E7%A8%8B%E8%A8%AD%E8%A8%88%20%E8%82%A1%E4%BB%BD%E6%9C%89%E9%99%90%E5%85%AC%E5%8F%B8%20&oid=1895056 HTTP/1.1" 200 3787
66.249.79.200 - - [02/Jul/2016:04:15:22 +0800] "GET /content/repository/resource_content.jsp?oid=2511964 HTTP/1.1" 200 29661
123.125.71.28 - - [02/Jul/2016:04:15:34 +0800] "GET /content/repository/resource_content.jsp?oid=2552668 HTTP/1.1" 200 28849
