157.55.39.21 - - [13/Jun/2015:06:08:04 +0800] "GET /content/nav/relationSubject.jsp?relationWords=%E5%8D%B0%E5%BA%A6%E9%9E%AD%E8%97%A4+%E8%98%86%E7%AB%B9%E8%97%A4+%E8%A7%92%E4%BB%94%E8%97%A4+%E9%9E%AD%E8%97%A4%E5%B1%AC+%E9%AC%9A%E8%91%89%E8%97%A4+&oid=2147236 HTTP/1.1" 200 3345
66.249.71.107 - - [13/Jun/2015:06:08:53 +0800] "GET /content/repository/resource_content.jsp?oid=1779715 HTTP/1.1" 200 27367
68.180.229.54 - - [13/Jun/2015:06:09:22 +0800] "GET /content/repository/resource_content.jsp?oid=1123782&queryType=qc HTTP/1.1" 200 36638
66.249.71.62 - - [13/Jun/2015:06:09:27 +0800] "GET /content/repository/resource_content.jsp?oid=4362788&queryString=%E6%8F%92%E7%A7%A7%20%E7%99%BD%E9%9C%B2 HTTP/1.1" 200 29138
66.249.79.148 - - [13/Jun/2015:06:10:14 +0800] "GET /digiarch3/content/subject/resource_content.jsp?oid=16777476&queryString=%E7%B9%A1%E8%8A%B1%20%E7%B9%A1%E8%8A%B1%E9%82%8A%20%E9%AD%AF%E5%87%B1%E6%97%8F HTTP/1.1" 200 54198
66.249.71.107 - - [13/Jun/2015:06:10:38 +0800] "GET /content/nav/relationSubject.jsp?relationWords=%E5%86%B7%E6%B0%B4%E9%BA%BB%E5%B1%AC+%E7%9F%AD%E8%A7%92%E5%86%B7%E6%B0%B4%E9%BA%BB+&oid=1457437 HTTP/1.1" 200 3292
66.249.71.107 - - [13/Jun/2015:06:10:39 +0800] "GET /content/nav/relationSubject.jsp?relationWords=%E5%86%B7%E6%B0%B4%E9%BA%BB%E5%B1%AC%20%E7%9F%AD%E8%A7%92%E5%86%B7%E6%B0%B4%E9%BA%BB%20&oid=1457437 HTTP/1.1" 200 3292
61.135.189.170 - - [13/Jun/2015:06:10:52 +0800] "GET /digiarch3/content/subject/resource_content.jsp?oid=16777229&queryType=qc HTTP/1.1" 200 25255
61.135.189.170 - - [13/Jun/2015:06:11:08 +0800] "GET /digiarch3/content/subject/resource_content.jsp?oid=16777714&queryType=qc> HTTP/1.1" 200 42384
61.135.189.170 - - [13/Jun/2015:06:11:22 +0800] "GET /digiarch3/content/subject/resource_content.jsp?oid=16777348&queryType=qc HTTP/1.1" 200 47950
61.135.189.170 - - [13/Jun/2015:06:11:36 +0800] "GET /digiarch3/content/subject/resource_content.jsp?oid=16777595&queryType=qc HTTP/1.1" 200 42873
66.249.71.43 - - [13/Jun/2015:06:11:46 +0800] "GET /digiarch3/content/subject/resource_content.jsp?oid=16777288&queryType=qs&queryString=%E6%96%87%E7%89%A9%E9%99%B3%E5%88%97%E9%A4%A8 HTTP/1.1" 200 43945
61.135.189.170 - - [13/Jun/2015:06:11:50 +0800] "GET /digiarch3/content/subject/resource_content.jsp?oid=16777510&queryType=qc HTTP/1.1" 200 23649
66.249.71.124 - - [13/Jun/2015:06:11:50 +0800] "GET /content/repository/resource_content.jsp?oid=1627704 HTTP/1.1" 200 29034
61.135.189.170 - - [13/Jun/2015:06:12:04 +0800] "GET /digiarch3/content/pictures/picture_content.jsp?oid=33554820&queryType=qc HTTP/1.1" 200 27906
61.135.189.170 - - [13/Jun/2015:06:12:19 +0800] "GET /digiarch3/content/subject/resource_content.jsp?oid=16777539&queryType=qc HTTP/1.1" 200 31880
61.135.189.170 - - [13/Jun/2015:06:12:32 +0800] "GET /digiarch3/content/subject/resource_content.jsp?oid=16777283&queryType=qc HTTP/1.1" 200 28101
36.234.254.197 - - [13/Jun/2015:06:12:36 +0800] "GET /content/nav/relationSubject.jsp?relationWords=%E5%A4%8F%E5%A4%9C+%E6%B0%B4%E8%8C%84%E8%8B%B3+&oid=16777503 HTTP/1.1" 200 3687
61.135.189.170 - - [13/Jun/2015:06:12:45 +0800] "GET /content/subject/resource_content.jsp?oid=16777713&queryType=qc> HTTP/1.1" 200 43895
61.135.189.170 - - [13/Jun/2015:06:12:58 +0800] "GET /content/tmp_exh/resource_content.jsp?oid=16777826&queryType=qc HTTP/1.1" 200 30910
66.249.71.26 - - [13/Jun/2015:06:14:05 +0800] "GET /digiarch3/content/subject/resource_content.jsp?oid=16777793&queryType=qc HTTP/1.1" 200 42694
180.76.15.157 - - [13/Jun/2015:06:15:33 +0800] "GET /content/subject/resource_content.jsp?oid=16777472&queryType=qc HTTP/1.1" 200 64960
180.76.15.143 - - [13/Jun/2015:06:15:33 +0800] "GET /content/subject/resource_content.jsp?oid=16777660&queryType=qc HTTP/1.1" 200 70766
66.249.71.124 - - [13/Jun/2015:06:15:38 +0800] "GET /content/subject/resource_content.jsp?oid=16777475&queryType=qs&queryString=%E7%92%B0%E5%A2%83%E4%BF%9D%E8%AD%B7 HTTP/1.1" 200 62090
157.55.39.21 - - [13/Jun/2015:06:15:58 +0800] "GET /content/nav/relationSubject.jsp?relationWords=&oid=16777542 HTTP/1.1" 200 1405
66.249.79.19 - - [13/Jun/2015:06:17:11 +0800] "GET /content/repository/resource_content.jsp?oid=16301&queryString=%E6%89%81%E6%A3%98%E9%AF%9B%20%E6%89%93%E9%90%B5%E5%A9%86%20%E9%AF%9B%E7%A7%91 HTTP/1.1" 200 34997
66.249.71.141 - - [13/Jun/2015:06:17:45 +0800] "GET /content/repository/resource_content.jsp?oid=1777816 HTTP/1.1" 200 30056
61.135.189.170 - - [13/Jun/2015:06:17:57 +0800] "GET /digiarch2/content/repository/resource_content.jsp?oid=1095080&queryType=qc HTTP/1.1" 200 9556
61.135.189.170 - - [13/Jun/2015:06:18:10 +0800] "GET /digiarch3/content/repository/resource_content.jsp?oid=1125279&queryType=qc HTTP/1.1" 200 36689
61.135.189.170 - - [13/Jun/2015:06:18:40 +0800] "GET /digiarch3/content/tmp_exh/resource_content.jsp?oid=16777814&queryType=qc HTTP/1.1" 200 29415
66.249.79.19 - - [13/Jun/2015:06:18:44 +0800] "GET /content/repository/resource_content.jsp?oid=1551712 HTTP/1.1" 200 28975
180.76.15.19 - - [13/Jun/2015:06:18:58 +0800] "GET /digiarch_en/content/repository/resource_content.jsp?oid=3205433&queryString=%E6%98%8E%E5%88%8A%E6%9C%AC%20%E7%B4%A0%E5%95%8F%20%E8%81%AF%E5%90%88%E7%9B%AE%E9%8C%84%20%E9%86%AB%E7%99%82%E5%8F%B2%20%E9%87%8D%E5%BB%A3%20%E9%BB%83%E5%B8%9D%E5%85%A7%E7%B6%93%E7%B4%A0%E5%95%8F HTTP/1.1" 200 24989
180.76.15.148 - - [13/Jun/2015:06:18:58 +0800] "GET /content/subject/resource_content.jsp?oid=16777423&queryType=qc HTTP/1.1" 200 39714
66.249.71.62 - - [13/Jun/2015:06:19:30 +0800] "GET /content/repository/resource_content.jsp?oid=1898738&queryString=%E5%BE%8C%E5%A3%81%E6%B9%96%20%E6%81%86%E6%98%A5%E9%8E%AE HTTP/1.1" 200 30511
66.249.71.9 - - [13/Jun/2015:06:20:16 +0800] "GET /digiarch3/content/repository/resource_content.jsp?oid=2659987&queryType=qs&queryString=%E7%A7%BB%E9%80%81 HTTP/1.1" 200 30232
66.249.71.124 - - [13/Jun/2015:06:20:43 +0800] "GET /content/repository/resource_content.jsp?oid=1582930 HTTP/1.1" 200 28621
66.249.71.107 - - [13/Jun/2015:06:20:46 +0800] "GET /content/nav/relationSubject.jsp?relationWords=&oid=2527807 HTTP/1.1" 200 1405
66.249.79.45 - - [13/Jun/2015:06:21:03 +0800] "GET /content/repository/resource_content.jsp?oid=518187&queryString=%E6%B5%B7%E8%9E%84%20%E6%B5%B7%E8%9E%84%E8%9E%BA%20%E6%B5%B7%E8%9E%84%E8%9E%BA%E7%A7%91%20%E8%85%B9%E8%B6%B3%E7%B6%B1%20%E9%8D%AC%E5%BD%A2%E6%B5%B7%E8%9E%84%20%E9%8D%AC%E5%BD%A2%E6%B5%B7%E8%9E%84%E8%9E%BA%20%E9%AB%98%E8%85%B0 HTTP/1.1" 200 33378
157.55.39.52 - - [13/Jun/2015:06:21:40 +0800] "GET /content/subject/resource_content.jsp?oid=16777262&queryType=qc HTTP/1.1" 200 32187
66.249.71.124 - - [13/Jun/2015:06:21:49 +0800] "GET /content/repository/resource_content.jsp?oid=1534349 HTTP/1.1" 200 28831
180.76.15.34 - - [13/Jun/2015:06:22:24 +0800] "GET /content/subject/resource_content.jsp?oid=16777840&queryType=qc HTTP/1.1" 200 40649
180.76.15.19 - - [13/Jun/2015:06:22:24 +0800] "GET /content/subject/resource_content.jsp?oid=16777504&queryType=qc HTTP/1.1" 200 36603
66.249.71.141 - - [13/Jun/2015:06:22:35 +0800] "GET /content/repository/resource_content.jsp?oid=1626028 HTTP/1.1" 200 29032
66.249.71.124 - - [13/Jun/2015:06:23:22 +0800] "GET /content/repository/resource_content.jsp?oid=1545959 HTTP/1.1" 200 28751
66.249.71.124 - - [13/Jun/2015:06:24:22 +0800] "GET /content/repository/resource_content.jsp?oid=1176305 HTTP/1.1" 200 27180
66.249.71.107 - - [13/Jun/2015:06:24:55 +0800] "GET /content/repository/resource_content.jsp?oid=201879 HTTP/1.1" 200 30459
36.228.142.50 - - [13/Jun/2015:06:25:00 +0800] "GET /content/subject/resource_content.jsp?oid=16777733&queryString=%E6%BC%A2%E4%BB%A3%20%E6%BC%A2%E7%B0%A1%20%E7%95%AA%E7%A4%BE%20%E7%95%AA%E7%A4%BE%E9%87%87%E9%A2%A8%E5%9C%96%20%E7%B0%A1%E7%89%98%20%E9%87%87%E9%A2%A8%E5%9C%96 HTTP/1.1" 200 33467
36.228.142.50 - - [13/Jun/2015:06:25:01 +0800] "GET /content/nav/relationSubject.jsp?relationWords=%E6%96%87%E7%89%A9%E9%99%B3%E5%88%97%E9%A4%A8+%E6%BC%A2%E4%BB%A3+%E6%BC%A2%E7%B0%A1+%E7%AF%86%E6%9B%B8+%E8%8D%89%E6%9B%B8+%E9%9A%B8%E6%9B%B8+&oid=16777733 HTTP/1.1" 200 4718
36.228.142.50 - - [13/Jun/2015:06:25:25 +0800] "GET /content/repository/resource_content.jsp?oid=286094&queryString=%E6%96%87%E7%89%A9%E9%99%B3%E5%88%97%E9%A4%A8%20%E6%BC%A2%E4%BB%A3%20%E6%BC%A2%E7%B0%A1%20%E7%AF%86%E6%9B%B8%20%E8%8D%89%E6%9B%B8%20%E9%9A%B8%E6%9B%B8 HTTP/1.1" 200 30020
36.228.142.50 - - [13/Jun/2015:06:25:25 +0800] "GET /content/nav/relationSubject.jsp?relationWords=%E5%B1%85%E5%BB%B6%E6%BC%A2%E7%B0%A1+%E6%BC%A2%E7%B0%A1+&oid=286094 HTTP/1.1" 200 3898
36.228.142.50 - - [13/Jun/2015:06:25:32 +0800] "GET /content/repository/resource_content.jsp?oid=279221&queryString=%E6%96%87%E7%89%A9%E9%99%B3%E5%88%97%E9%A4%A8%20%E6%BC%A2%E4%BB%A3%20%E6%BC%A2%E7%B0%A1%20%E7%AF%86%E6%9B%B8%20%E8%8D%89%E6%9B%B8%20%E9%9A%B8%E6%9B%B8 HTTP/1.1" 200 31084
36.228.142.50 - - [13/Jun/2015:06:25:33 +0800] "GET /content/nav/relationSubject.jsp?relationWords=%E5%B1%85%E5%BB%B6%E6%BC%A2%E7%B0%A1+%E6%BC%A2%E7%B0%A1+&oid=279221 HTTP/1.1" 200 3898
66.249.71.124 - - [13/Jun/2015:06:25:41 +0800] "GET /content/repository/resource_content.jsp?oid=1774315 HTTP/1.1" 200 28311
180.76.15.159 - - [13/Jun/2015:06:25:49 +0800] "GET /content/subject/resource_content.jsp?oid=16777408&queryType=qc HTTP/1.1" 200 27792
180.76.15.20 - - [13/Jun/2015:06:25:49 +0800] "GET /content/repository/resource_content.jsp?oid=2144581 HTTP/1.1" 200 30470
66.249.71.79 - - [13/Jun/2015:06:26:28 +0800] "GET /content/repository/resource_content.jsp?oid=2664591&queryType=qs&queryString=%E9%8D%BE%E7%A5%A5 HTTP/1.1" 200 29970
66.249.71.141 - - [13/Jun/2015:06:26:39 +0800] "GET /content/repository/resource_content.jsp?oid=4551105&queryString=%E6%93%AC%E7%83%8F%E8%B3%8A%20%E7%83%8F%E8%B3%8A%20%E8%BB%9F%E7%BF%85%E4%BB%94%20%E8%BB%9F%E7%BF%85%E4%BB%94%E5%B1%AC%20%E9%8E%96%E7%AE%A1%20%E9%8E%96%E7%AE%A1%E7%A7%91%20%E9%A0%AD%E8%B6%B3%20%E9%A0%AD%E8%B6%B3%E7%B6%B1 HTTP/1.1" 200 30411
66.249.71.124 - - [13/Jun/2015:06:27:13 +0800] "GET /content/repository/resource_content.jsp?oid=1462584 HTTP/1.1" 200 31444
66.249.71.43 - - [13/Jun/2015:06:28:45 +0800] "GET /digiarch/content/repository/resource_content.jsp?oid=3355121 HTTP/1.1" 404 14873
66.249.71.107 - - [13/Jun/2015:06:29:36 +0800] "GET /digiarch_en/content/subject/resource_content.jsp?oid=16777842&queryType=qc%3E HTTP/1.1" 200 30663
66.249.71.62 - - [13/Jun/2015:06:30:47 +0800] "GET /content/nav/relationSubject.jsp?relationWords=%E4%BA%A4%E5%8F%89%E7%AC%9B%E9%AF%9B+%E6%96%9C%E5%B8%B6%E7%AC%9B%E9%AF%9B+%E7%AC%9B%E9%AF%9B%E7%A7%91+%E8%B5%A4%E7%AD%86%E4%BB%94+&oid=15307 HTTP/1.1" 200 3485
180.76.15.26 - - [13/Jun/2015:06:31:16 +0800] "GET /content/subject/resource_content.jsp?oid=16777407&queryType=qc HTTP/1.1" 200 31976
180.76.15.149 - - [13/Jun/2015:06:31:16 +0800] "GET /content/repository/resource_content.jsp?oid=1103929&queryString=%E6%A4%8D%E7%89%A9%E7%95%8C%20%E8%96%84%E8%91%89%E8%99%8E%E7%9A%AE%E6%A5%A0%20%E8%99%8E%E7%9A%AE%E6%A5%A0%20%E8%99%8E%E7%9A%AE%E6%A5%A0%E5%B1%AC HTTP/1.1" 200 31834
66.249.71.79 - - [13/Jun/2015:06:31:22 +0800] "GET /content/nav/relationSubject.jsp?relationWords=%E4%BA%A4%E5%8F%89%E7%AC%9B%E9%AF%9B%20%E6%96%9C%E5%B8%B6%E7%AC%9B%E9%AF%9B%20%E7%AC%9B%E9%AF%9B%E7%A7%91%20%E8%B5%A4%E7%AD%86%E4%BB%94%20&oid=15307 HTTP/1.1" 200 3485
66.249.71.236 - - [13/Jun/2015:06:32:34 +0800] "GET /content/subject/resource_content.jsp?oid=16777349&queryType=qs&queryString=%E9%A3%9F%E7%89%A9%E9%8F%88 HTTP/1.1" 200 36436
66.249.71.124 - - [13/Jun/2015:06:32:38 +0800] "GET /content/repository/resource_content.jsp?oid=1566312 HTTP/1.1" 200 28662
188.165.15.240 - - [13/Jun/2015:06:34:35 +0800] "GET /content/subject/resource_content.jsp?oid=16777612&queryType=qc HTTP/1.1" 200 42518
207.46.13.15 - - [13/Jun/2015:06:34:37 +0800] "GET /content/subject/resource_content.jsp?oid=16777378 HTTP/1.1" 200 33340
66.249.71.107 - - [13/Jun/2015:06:34:57 +0800] "GET /content/repository/resource_content.jsp?oid=1540836 HTTP/1.1" 200 28484
66.249.71.9 - - [13/Jun/2015:06:35:31 +0800] "GET /digiarch3/content/repository/resource_content.jsp?oid=3819289&queryString=%E5%9C%98%E7%BE%BD%E9%B1%97%E8%93%8B%E8%95%A8%20%E9%B1%97%E8%93%8B%E8%95%A8 HTTP/1.1" 200 31435
66.249.79.132 - - [13/Jun/2015:06:35:58 +0800] "GET /content/nav/relationSubject.jsp?relationWords=%E7%A6%AE%E9%83%A8+&oid=2635580 HTTP/1.1" 200 3060
66.249.71.79 - - [13/Jun/2015:06:35:59 +0800] "GET /content/nav/relationSubject.jsp?relationWords=%E7%A6%AE%E9%83%A8%20&oid=2635580 HTTP/1.1" 200 3060
66.249.71.107 - - [13/Jun/2015:06:37:16 +0800] "GET /content/repository/resource_content.jsp?oid=1556942 HTTP/1.1" 200 29252
66.249.71.124 - - [13/Jun/2015:06:39:35 +0800] "GET /content/repository/resource_content.jsp?oid=1562019 HTTP/1.1" 200 28544
180.217.192.227 - - [13/Jun/2015:06:41:01 +0800] "GET /content/nav/relationSubject.jsp?relationWords=%E6%9C%A8%E7%8A%80+%E6%A1%82%E8%8A%B1+&oid=16777255 HTTP/1.1" 200 4029
66.249.71.107 - - [13/Jun/2015:06:41:26 +0800] "GET /content/tmp_exh/resource_content.jsp?oid=16777824&queryString= HTTP/1.1" 200 40038
66.249.71.141 - - [13/Jun/2015:06:41:54 +0800] "GET /content/repository/resource_content.jsp?oid=1549121 HTTP/1.1" 200 28686
123.125.71.97 - - [13/Jun/2015:06:42:25 +0800] "GET /content/subject/resource_content.jsp?oid=16777662&queryType=qc HTTP/1.1" 200 27053
66.249.71.9 - - [13/Jun/2015:06:44:23 +0800] "GET /content/repository/resource_content.jsp?oid=2655147&queryType=qs&queryString=%E6%9D%8E%E7%A6%8F HTTP/1.1" 200 30001
123.125.71.101 - - [13/Jun/2015:06:44:43 +0800] "GET /content/pictures/picture_content.jsp?oid=33554486&queryType=qc HTTP/1.1" 200 27405
111.242.33.161 - - [13/Jun/2015:06:45:36 +0800] "GET /content/nav/relationSubject.jsp?relationWords=%E7%99%BD%E5%8D%83%E5%B1%A4+&oid=16777287 HTTP/1.1" 200 3852
123.125.71.72 - - [13/Jun/2015:06:45:52 +0800] "GET /content/pictures/picture_content.jsp?oid=33554821 HTTP/1.1" 200 27413
66.249.71.107 - - [13/Jun/2015:06:46:32 +0800] "GET /content/repository/resource_content.jsp?oid=1549131 HTTP/1.1" 200 28736
66.249.71.254 - - [13/Jun/2015:06:47:22 +0800] "GET /content/repository/resource_content.jsp?oid=15717&queryString=%E6%9D%B1%E6%96%B9%E7%8B%90%E9%B0%B9%20%E7%85%99%E4%BB%94%E8%99%8E%20%E8%A5%BF%E9%BD%92%20%E9%AF%96%E7%A7%91 HTTP/1.1" 200 34736
66.249.71.141 - - [13/Jun/2015:06:48:46 +0800] "GET /content/nav/relationSubject.jsp?relationWords=%E5%BC%B5%E7%81%AB%E4%B8%89+%E5%BC%B5%E7%81%AB%E6%B8%85+%E7%9C%81%E6%94%BF%E5%BA%9C+%E8%87%A8%E6%99%82%E7%9C%81%E8%AD%B0%E6%9C%83+%E8%87%AA%E4%BE%86%E6%B0%B4+%E8%87%BA%E7%81%A3%E7%9C%81+%E9%A0%AD%E5%9F%8E%E9%8E%AE+&oid=1523833 HTTP/1.1" 200 4787
66.249.71.124 - - [13/Jun/2015:06:48:48 +0800] "GET /content/nav/relationSubject.jsp?relationWords=%E5%BC%B5%E7%81%AB%E4%B8%89%20%E5%BC%B5%E7%81%AB%E6%B8%85%20%E7%9C%81%E6%94%BF%E5%BA%9C%20%E8%87%A8%E6%99%82%E7%9C%81%E8%AD%B0%E6%9C%83%20%E8%87%AA%E4%BE%86%E6%B0%B4%20%E8%87%BA%E7%81%A3%E7%9C%81%20%E9%A0%AD%E5%9F%8E%E9%8E%AE%20&oid=1523833 HTTP/1.1" 200 4787
66.249.71.107 - - [13/Jun/2015:06:49:38 +0800] "GET /content/nav/relationSubject.jsp?relationWords=%E5%B0%8F%E4%B9%9D%E5%AD%94%20%E6%B7%BA%E6%88%B3%E4%BB%94%20%E7%AC%A0%E8%9E%BA%20%E8%85%B9%E8%B6%B3%E7%B6%B1%20%E8%8A%B1%E7%AC%A0%E8%9E%BA%20&oid=1125702 HTTP/1.1" 200 3449
66.249.71.124 - - [13/Jun/2015:06:50:19 +0800] "GET /content/tmp_exh/resource_content.jsp?oid=16777750&queryType=qc HTTP/1.1" 200 32507
157.55.39.52 - - [13/Jun/2015:06:50:31 +0800] "GET /content/subject/resource_content.jsp?oid=16777271 HTTP/1.1" 200 29182
66.249.71.124 - - [13/Jun/2015:06:52:43 +0800] "GET /content/repository/resource_content.jsp?oid=1533095&queryString=%E5%B1%B1%E8%83%9E%20%E5%B7%A5%E4%BD%9C%E6%A1%88%20%E6%97%8F%E8%AD%9C HTTP/1.1" 200 29724
66.249.71.107 - - [13/Jun/2015:06:53:16 +0800] "GET /content/repository/resource_content.jsp?oid=4352490&queryString=%E6%9B%B3%E7%B5%B2%20%E6%9B%B3%E7%B5%B2%E9%B0%8F HTTP/1.1" 200 34195
66.249.71.124 - - [13/Jun/2015:06:53:29 +0800] "GET /content/repository/resource_content.jsp?oid=1564438 HTTP/1.1" 200 28359
61.64.144.162 - - [13/Jun/2015:06:56:25 +0800] "GET /digiarch3/content/subject/resource_content.jsp?oid=16777753&queryType=qs&queryString=%E8%B3%87%E8%A8%8A%E6%87%89%E7%94%A8 HTTP/1.1" 200 36808
66.249.71.107 - - [13/Jun/2015:06:58:54 +0800] "GET /content/repository/resource_content.jsp?oid=1102669 HTTP/1.1" 200 30861
61.64.144.162 - - [13/Jun/2015:07:00:12 +0800] "GET /digiarch3/content/nav/relationSubject.jsp?relationWords=GIS+%E6%95%B8%E4%BD%8D%E5%85%B8%E8%97%8F+%E9%81%99%E6%B8%AC+%E9%81%99%E6%B8%AC%E5%BD%B1%E5%83%8F+&oid=16777753 HTTP/1.1" 200 9620
66.249.71.141 - - [13/Jun/2015:07:02:10 +0800] "GET /content/repository/resource_content.jsp?oid=1104940&queryString=%E4%BF%84%E6%B0%8F%E6%9F%BF%20%E5%8F%B0%E6%9D%B1%E6%9F%BF%20%E6%9F%BF%E6%A8%B9%20%E6%9F%BF%E6%A8%B9%E5%B1%AC%20%E6%9F%BF%E6%A8%B9%E7%A7%91%20%E6%A4%8D%E7%89%A9%E7%95%8C HTTP/1.1" 200 31330
220.181.108.104 - - [13/Jun/2015:07:02:32 +0800] "GET /content/pictures/picture_content.jsp?oid=33554803 HTTP/1.1" 200 27607
66.249.71.107 - - [13/Jun/2015:07:02:46 +0800] "GET /content/subject/resource_content.jsp?oid=16777442 HTTP/1.1" 200 27851
66.249.71.43 - - [13/Jun/2015:07:04:18 +0800] "GET /digiarch3/content/subject/resource_content.jsp?oid=16777555&queryType=qs&queryString=%E5%8F%B0%E7%81%A3%E5%8E%9F%E4%BD%8F%E6%B0%91 HTTP/1.1" 200 39593
66.249.71.26 - - [13/Jun/2015:07:05:05 +0800] "GET /digiarch3/content/subject/resource_content.jsp?oid=16777617&queryType=qc HTTP/1.1" 200 60996
66.249.71.141 - - [13/Jun/2015:07:08:05 +0800] "GET /content/repository/resource_content.jsp?oid=3825791&queryString=%E5%B0%BE%E8%91%89%E6%87%B8%E9%89%A4%E5%AD%90%20%E6%87%B8%E9%89%A4%E5%AD%90%E5%B1%AC%20%E6%A4%8D%E7%89%A9%E7%95%8C%20%E8%96%94%E8%96%87%E7%9B%AE%20%E8%96%94%E8%96%87%E7%A7%91 HTTP/1.1" 200 31440
157.55.39.21 - - [13/Jun/2015:07:09:46 +0800] "GET /content/tmp_exh/resource_content.jsp?oid=16777763 HTTP/1.1" 200 31603
66.249.71.236 - - [13/Jun/2015:07:11:03 +0800] "GET /content/repository/resource_content.jsp?oid=1581197&queryType=qs&queryString=%E5%AD%B8%E6%A0%A1%E5%BB%BA%E7%AF%89 HTTP/1.1" 200 28738
66.249.71.124 - - [13/Jun/2015:07:13:09 +0800] "GET /content/subject/resource_content.jsp?oid=16777408&queryString=%E5%A5%B3%E6%80%A7%20%E6%94%BF%E6%B2%BB%20%E6%97%A5%E8%A8%98%20%E6%9E%97%E7%8D%BB%E5%A0%82%20%E7%81%8C%E5%9C%92%E5%85%88%E7%94%9F HTTP/1.1" 500 15712
66.249.71.141 - - [13/Jun/2015:07:14:00 +0800] "GET /content/repository/resource_content.jsp?oid=1563076&queryString=%E9%87%91%E7%93%9C%20%E9%87%91%E7%93%9C%E7%9F%B3 HTTP/1.1" 200 29413
66.249.71.79 - - [13/Jun/2015:07:15:54 +0800] "GET /content/subject/resource_content.jsp?oid=16777574&queryString=%E4%BF%84%E8%92%99%20%E5%8F%A4%E5%9C%B0%E5%9C%96%20%E8%92%99%E5%8D%94%E7%B4%84 HTTP/1.1" 200 29102
66.249.71.141 - - [13/Jun/2015:07:16:15 +0800] "GET /content/nav/relationSubject.jsp?relationWords=%E5%BE%81%E5%85%B5%E5%88%B6+%E6%86%B2%E7%AB%A0+%E6%B0%91%E9%81%B8+%E7%9C%81%E8%AD%B0%E6%9C%83+%E8%81%AF%E5%90%88%E5%9C%8B+%E9%A0%90%E7%AE%97+&oid=1552810 HTTP/1.1" 200 6094
66.249.71.141 - - [13/Jun/2015:07:16:17 +0800] "GET /content/nav/relationSubject.jsp?relationWords=%E5%BE%81%E5%85%B5%E5%88%B6%20%E6%86%B2%E7%AB%A0%20%E6%B0%91%E9%81%B8%20%E7%9C%81%E8%AD%B0%E6%9C%83%20%E8%81%AF%E5%90%88%E5%9C%8B%20%E9%A0%90%E7%AE%97%20&oid=1552810 HTTP/1.1" 200 6094
66.249.71.62 - - [13/Jun/2015:07:16:40 +0800] "GET /content/repository/resource_content.jsp?oid=1782330&queryString=%E9%A1%8E%E9%AA%A8 HTTP/1.1" 200 28599
66.249.71.124 - - [13/Jun/2015:07:16:41 +0800] "GET /content/nav/relationSubject.jsp?relationWords=%E7%87%A7%E9%AF%9B%20%E9%AF%9B%E7%A7%91%20%E9%BB%91%E9%A6%96%E7%87%A7%E9%AF%9B%20%E9%BB%91%E9%A6%96%E8%83%B8%E6%A3%98%E9%AF%9B%20&oid=14727 HTTP/1.1" 200 3496
66.249.71.107 - - [13/Jun/2015:07:16:58 +0800] "GET /content/repository/resource_content.jsp?oid=15733&queryString=%E5%A4%A7%E9%B1%97%E6%96%B0%E9%9A%86%E9%AD%9A%20%E5%A4%A7%E9%B1%97%E7%BE%8E%E9%B0%AD%E9%AD%9A%20%E5%A4%A7%E9%B1%97%E9%B8%9A%E9%AF%9B%20%E5%A8%98%E4%BB%94%E9%AD%9A%20%E8%A7%92%E9%BE%8D%20%E9%9A%86%E9%A0%AD%E9%AD%9A%E7%A7%91 HTTP/1.1" 200 36132
66.249.71.43 - - [13/Jun/2015:07:17:25 +0800] "GET /digiarch/content/repository/resource_content.jsp?oid=3353406 HTTP/1.1" 404 14873
66.249.79.161 - - [13/Jun/2015:07:18:12 +0800] "GET /digiarch/content/repository/resource_content.jsp?oid=3346853 HTTP/1.1" 404 14873
66.249.71.15 - - [13/Jun/2015:07:19:45 +0800] "GET /content/repository/resource_content.jsp?oid=1806811&queryType=qs&queryString=%E7%BE%BD%E4%BA%BA HTTP/1.1" 200 40977
66.249.71.124 - - [13/Jun/2015:07:19:56 +0800] "GET /content/repository/resource_content.jsp?oid=1463426&queryString=%E5%BF%8D%E5%86%AC%E7%A7%91%20%E6%A4%8D%E7%89%A9%E7%95%8C%20%E7%8F%8A%E7%91%9A%E6%A8%B9 HTTP/1.1" 200 30979
66.249.71.124 - - [13/Jun/2015:07:20:32 +0800] "GET /content/repository/resource_content.jsp?oid=1807166 HTTP/1.1" 200 29847
66.249.71.124 - - [13/Jun/2015:07:21:18 +0800] "GET /content/repository/resource_content.jsp?oid=2687187 HTTP/1.1" 200 30386
66.249.71.141 - - [13/Jun/2015:07:22:04 +0800] "GET /content/repository/resource_content.jsp?oid=3125044 HTTP/1.1" 200 29243
66.249.71.254 - - [13/Jun/2015:07:22:51 +0800] "GET /content/repository/resource_content.jsp?oid=1592416&queryType=qs&queryString=%E9%A2%A8%E6%99%AF%E7%89%B9%E5%AE%9A%E5%8D%80 HTTP/1.1" 200 28830
66.249.71.254 - - [13/Jun/2015:07:22:54 +0800] "GET /content/repository/resource_content.jsp?oid=4456422&queryType=qs&queryString=%E9%83%A1%E5%AE%88 HTTP/1.1" 200 29308
66.249.71.107 - - [13/Jun/2015:07:23:37 +0800] "GET /content/repository/resource_content.jsp?oid=1097554 HTTP/1.1" 200 30876
180.76.15.151 - - [13/Jun/2015:07:24:08 +0800] "GET /content/subject/resource_content.jsp?oid=16777621&queryType=qc HTTP/1.1" 200 35774
180.76.15.22 - - [13/Jun/2015:07:24:08 +0800] "GET /content/subject/resource_content.jsp?oid=16777464&queryType=qc HTTP/1.1" 200 28413
66.249.71.124 - - [13/Jun/2015:07:24:23 +0800] "GET /content/repository/resource_content.jsp?oid=1634875 HTTP/1.1" 200 28942
66.249.71.141 - - [13/Jun/2015:07:25:10 +0800] "GET /content/repository/resource_content.jsp?oid=207042 HTTP/1.1" 200 30444
66.249.71.26 - - [13/Jun/2015:07:25:50 +0800] "GET /digiarch3/content/subject/resource_content.jsp?oid=16777746&queryType=qs&queryString=%E8%AA%BF%E6%9F%A5%E7%A0%94%E7%A9%B6 HTTP/1.1" 200 39165
66.249.71.141 - - [13/Jun/2015:07:25:56 +0800] "GET /content/repository/resource_content.jsp?oid=203040 HTTP/1.1" 200 30459
66.249.71.124 - - [13/Jun/2015:07:26:42 +0800] "GET /content/repository/resource_content.jsp?oid=2512670 HTTP/1.1" 200 29873
66.249.71.141 - - [13/Jun/2015:07:27:02 +0800] "GET /content/subject/resource_content.jsp?oid=16777481&queryType=qs&queryString=%E7%8D%85%E5%AD%90%E5%BA%A7 HTTP/1.1" 200 111469
66.249.71.107 - - [13/Jun/2015:07:27:31 +0800] "GET /content/repository/resource_content.jsp?oid=203164 HTTP/1.1" 200 30460
180.76.15.163 - - [13/Jun/2015:07:27:33 +0800] "GET /content/subject/resource_content.jsp?oid=16777421&queryType=qc HTTP/1.1" 200 34298
180.76.15.11 - - [13/Jun/2015:07:27:33 +0800] "GET /content/subject/resource_content.jsp?oid=16777653&queryType=qc HTTP/1.1" 200 57828
66.249.71.124 - - [13/Jun/2015:07:28:15 +0800] "GET /content/repository/resource_content.jsp?oid=2653202 HTTP/1.1" 200 29543
66.249.71.141 - - [13/Jun/2015:07:29:01 +0800] "GET /content/repository/resource_content.jsp?oid=1891101 HTTP/1.1" 200 28450
66.249.71.141 - - [13/Jun/2015:07:30:34 +0800] "GET /content/repository/resource_content.jsp?oid=1562917 HTTP/1.1" 200 28670
180.76.15.23 - - [13/Jun/2015:07:30:58 +0800] "GET /content/subject/resource_content.jsp?oid=16777295&queryType=qc HTTP/1.1" 200 28484
66.249.71.96 - - [13/Jun/2015:07:31:28 +0800] "GET /content/nav/relationSubject.jsp?relationWords=%E5%90%8F%E9%83%A8+%E5%A5%89%E8%AB%AD+%E9%A0%82%E5%B8%B6+&oid=2656188 HTTP/1.1" 200 3156
66.249.71.96 - - [13/Jun/2015:07:31:29 +0800] "GET /content/nav/relationSubject.jsp?relationWords=%E5%90%8F%E9%83%A8%20%E5%A5%89%E8%AB%AD%20%E9%A0%82%E5%B8%B6%20&oid=2656188 HTTP/1.1" 200 3156
66.249.71.141 - - [13/Jun/2015:07:31:46 +0800] "GET /content/repository/resource_content.jsp?oid=1893739&queryString=%E6%9E%97%E6%B7%B5%E7%86%99 HTTP/1.1" 200 28864
66.249.71.124 - - [13/Jun/2015:07:33:40 +0800] "GET /content/repository/resource_content.jsp?oid=1550171 HTTP/1.1" 200 28694
66.249.71.124 - - [13/Jun/2015:07:34:26 +0800] "GET /content/repository/resource_content.jsp?oid=1564819 HTTP/1.1" 200 28581
66.249.71.141 - - [13/Jun/2015:07:34:44 +0800] "GET /content/repository/resource_content.jsp?oid=1460182&queryString=%E5%A4%A7%E5%88%BA%E8%95%A8%20%E5%AF%A6%E8%95%A8%E5%B1%AC%20%E6%A4%8D%E7%89%A9%E7%95%8C%20%E6%B0%B4%E9%BE%8D%E9%AA%A8%20%E8%95%A8%E9%A1%9E%E6%A4%8D%E7%89%A9%20%E8%98%BF%E8%94%93 HTTP/1.1" 200 31350
66.249.71.141 - - [13/Jun/2015:07:35:12 +0800] "GET /content/repository/resource_content.jsp?oid=1532711 HTTP/1.1" 200 28509
66.249.71.124 - - [13/Jun/2015:07:35:59 +0800] "GET /content/repository/resource_content.jsp?oid=1174162 HTTP/1.1" 200 29066
66.249.71.62 - - [13/Jun/2015:07:37:02 +0800] "GET /content/nav/relationSubject.jsp?relationWords=%E5%B7%A5%E9%83%A8+%E6%B5%B7%E5%AF%A7%E5%B7%9E+&oid=2632191 HTTP/1.1" 200 3118
66.249.71.62 - - [13/Jun/2015:07:37:04 +0800] "GET /content/nav/relationSubject.jsp?relationWords=%E5%B7%A5%E9%83%A8%20%E6%B5%B7%E5%AF%A7%E5%B7%9E%20&oid=2632191 HTTP/1.1" 200 3118
66.249.71.124 - - [13/Jun/2015:07:37:43 +0800] "GET /content/repository/resource_content.jsp?oid=1613104 HTTP/1.1" 200 28600
66.249.71.62 - - [13/Jun/2015:07:39:06 +0800] "GET /content/nav/relationSubject.jsp?relationWords=%E5%8D%B7%E9%A6%96+&oid=4491465 HTTP/1.1" 200 2927
66.249.71.62 - - [13/Jun/2015:07:39:08 +0800] "GET /content/nav/relationSubject.jsp?relationWords=%E5%8D%B7%E9%A6%96%20&oid=4491465 HTTP/1.1" 200 2927
66.249.71.141 - - [13/Jun/2015:07:39:51 +0800] "GET /content/repository/resource_content.jsp?oid=1565905 HTTP/1.1" 200 28626
66.249.71.107 - - [13/Jun/2015:07:41:24 +0800] "GET /content/repository/resource_content.jsp?oid=1566639 HTTP/1.1" 200 28586
157.55.39.53 - - [13/Jun/2015:07:42:49 +0800] "GET /digiarch_en/content/tmp_tec/resource_content.jsp?oid=16777728 HTTP/1.1" 200 53152
66.249.71.26 - - [13/Jun/2015:07:43:36 +0800] "GET /digiarch3/content/repository/resource_content.jsp?oid=1832836&queryType=qs&queryString=%E5%9C%93%E7%9C%BC HTTP/1.1" 200 31541
66.249.79.19 - - [13/Jun/2015:07:43:39 +0800] "GET /content/nav/relationSubject.jsp?relationWords=%E5%8F%B0%E7%81%A3%E8%92%B2%E5%85%AC%E8%8B%B1+%E6%A4%8D%E7%89%A9%E7%95%8C+%E8%8F%8A%E7%A7%91+%E8%92%B2%E5%85%AC%E8%8B%B1%E5%B1%AC+%E9%9B%99%E5%AD%90%E8%91%89%E6%A4%8D%E7%89%A9+&oid=1459667 HTTP/1.1" 200 3430
66.249.71.107 - - [13/Jun/2015:07:43:41 +0800] "GET /content/nav/relationSubject.jsp?relationWords=%E5%8F%B0%E7%81%A3%E8%92%B2%E5%85%AC%E8%8B%B1%20%E6%A4%8D%E7%89%A9%E7%95%8C%20%E8%8F%8A%E7%A7%91%20%E8%92%B2%E5%85%AC%E8%8B%B1%E5%B1%AC%20%E9%9B%99%E5%AD%90%E8%91%89%E6%A4%8D%E7%89%A9%20&oid=1459667 HTTP/1.1" 200 3430
66.249.71.124 - - [13/Jun/2015:07:44:28 +0800] "GET /content/repository/resource_content.jsp?oid=1540729 HTTP/1.1" 200 28587
66.249.71.15 - - [13/Jun/2015:07:45:15 +0800] "GET /content/subject/resource_content.jsp?oid=16777472&queryString=%E5%A4%9A%E6%A8%A3%E6%80%A7%20%E8%9E%BA%E9%88%BF HTTP/1.1" 200 64968
123.125.71.94 - - [13/Jun/2015:07:45:58 +0800] "GET /content/tmp_auth/resource_content.jsp?oid=16777673 HTTP/1.1" 200 30156
66.249.71.254 - - [13/Jun/2015:07:46:34 +0800] "GET /content/repository/resource_content.jsp?oid=16340&queryString=%E6%9F%B4%E9%AD%9A%20%E6%AD%A3%E9%B0%B9%20%E7%85%99%E4%BB%94%E8%99%8E%20%E9%AF%96%E7%A7%91 HTTP/1.1" 200 35558
66.249.71.107 - - [13/Jun/2015:07:47:34 +0800] "GET /content/repository/resource_content.jsp?oid=4353946&queryString=%E9%89%A4%E9%B1%97%E9%AD%A8%20%E9%B1%97%E9%AD%A8 HTTP/1.1" 200 34103
140.113.177.84 - - [13/Jun/2015:07:47:47 +0800] "GET /digiarch3/content/subject/resource_content.jsp?oid=16777585&queryType=qs&queryString=%E6%B5%81%E8%BD%89%E5%B9%B4%E8%8F%AF HTTP/1.1" 200 40482
140.113.177.84 - - [13/Jun/2015:07:47:48 +0800] "GET /digiarch3/content/nav/relationSubject.jsp?relationWords=&oid=16777585 HTTP/1.1" 200 1405
66.249.71.254 - - [13/Jun/2015:07:48:43 +0800] "GET /content/nav/relationSubject.jsp?relationWords=%E4%B8%89%E7%81%A3%E9%84%89+%E6%95%B4%E4%BF%AE+%E6%9F%8F%E6%B2%B9%E8%B7%AF%E9%9D%A2+%E9%A0%AD%E4%BB%BD%E9%8E%AE+&oid=1610514 HTTP/1.1" 200 3682
66.249.71.254 - - [13/Jun/2015:07:48:45 +0800] "GET /content/nav/relationSubject.jsp?relationWords=%E4%B8%89%E7%81%A3%E9%84%89%20%E6%95%B4%E4%BF%AE%20%E6%9F%8F%E6%B2%B9%E8%B7%AF%E9%9D%A2%20%E9%A0%AD%E4%BB%BD%E9%8E%AE%20&oid=1610514 HTTP/1.1" 200 3682
66.249.71.124 - - [13/Jun/2015:07:49:32 +0800] "GET /content/repository/resource_content.jsp?oid=15002&queryString=%E8%B5%A4%E7%9F%B3%E6%96%91%E9%AD%9A HTTP/1.1" 200 35109
66.249.71.236 - - [13/Jun/2015:07:49:35 +0800] "GET /content/nav/relationSubject.jsp?relationWords=%E7%87%95%E9%AD%9F+%E9%9D%92%E5%B8%B6%E5%9C%93%E5%90%BB%E7%87%95%E9%AD%9F+%E9%AD%B4%E4%BB%94+&oid=4354104 HTTP/1.1" 200 3511
66.249.71.236 - - [13/Jun/2015:07:49:36 +0800] "GET /content/nav/relationSubject.jsp?relationWords=%E7%87%95%E9%AD%9F%20%E9%9D%92%E5%B8%B6%E5%9C%93%E5%90%BB%E7%87%95%E9%AD%9F%20%E9%AD%B4%E4%BB%94%20&oid=4354104 HTTP/1.1" 200 3511
220.181.108.140 - - [13/Jun/2015:07:50:24 +0800] "GET /content/pictures/picture_content.jsp?oid=33554819 HTTP/1.1" 200 27764
157.55.39.255 - - [13/Jun/2015:07:50:46 +0800] "GET /content/subject/resource_content.jsp?oid=16777524&queryType=qc HTTP/1.1" 200 27633
66.249.79.135 - - [13/Jun/2015:07:51:14 +0800] "GET /digiarch3/content/nav/relationSubject.jsp?relationWords=%E6%A1%94%E6%A2%97%20%E6%A1%94%E6%A2%97%E7%A7%91%20%E6%A4%8D%E7%89%A9%E7%95%8C%20%E6%B2%99%E5%8F%83%20%E6%B2%99%E5%8F%83%E5%B1%AC%20%E8%BC%AA%E8%91%89%20%E8%BC%AA%E8%91%89%E6%B2%99%E5%8F%83%20&oid=3813746 HTTP/1.1" 200 3472
223.141.86.235 - - [13/Jun/2015:07:51:42 +0800] "GET /content/nav/relationSubject.jsp?relationWords=%E6%B0%B4%E9%BB%83%E7%9A%AE+&oid=16777535 HTTP/1.1" 200 3630
111.243.215.239 - - [13/Jun/2015:07:52:01 +0800] "GET /content/repository/resource_content.jsp?oid=1776928&queryType=qs&queryString=%E5%BE%8C%E6%AE%96%E6%B0%91%E8%AB%96%E8%BF%B0 HTTP/1.1" 200 35120
111.243.215.239 - - [13/Jun/2015:07:52:02 +0800] "GET /content/nav/relationSubject.jsp?relationWords=%E5%BE%8C%E6%AE%96%E6%B0%91%E8%AB%96%E8%BF%B0+%E7%A4%BE%E6%9C%83%E5%95%8F%E9%A1%8C+&oid=1776928 HTTP/1.1" 200 4199
66.249.71.107 - - [13/Jun/2015:07:52:30 +0800] "GET /content/repository/resource_content.jsp?oid=2682916&queryType=qs&queryString=%E7%9D%A3%E6%92%AB HTTP/1.1" 200 30271
112.105.67.12 - - [13/Jun/2015:07:53:32 +0800] "GET /content/nav/relationSubject.jsp?relationWords=%E9%98%BF%E5%8B%83%E5%8B%92+&oid=16777368 HTTP/1.1" 200 2917
66.249.71.107 - - [13/Jun/2015:07:53:45 +0800] "GET /content/subject/resource_content.jsp?oid=16777400&queryString=%E5%8D%97%E6%B9%96%E5%A4%A7%E5%B1%B1%20%E6%9D%9C%E9%B5%91%20%E7%8E%89%E5%B1%B1%E6%9D%9C%E9%B5%91%20%E7%B4%B0%E8%91%89%E6%9D%9C%E9%B5%91%20%E8%A5%BF%E6%96%BD%E8%8A%B1 HTTP/1.1" 200 28538
1.164.250.232 - - [13/Jun/2015:07:54:09 +0800] "GET /content/repository/resource_content.jsp?oid=4351709&querystring= HTTP/1.1" 200 35197
220.181.108.145 - - [13/Jun/2015:07:54:30 +0800] "GET /content/tmp_tec/resource_content.jsp?oid=16777675 HTTP/1.1" 200 31321
66.249.71.124 - - [13/Jun/2015:07:54:31 +0800] "GET /content/repository/resource_content.jsp?oid=1555865 HTTP/1.1" 200 29403
66.249.71.254 - - [13/Jun/2015:07:55:26 +0800] "GET /content/repository/resource_content.jsp?oid=4354084&queryType=qs&queryString=%E5%9C%9F%E9%AD%9F HTTP/1.1" 200 34084
66.249.71.107 - - [13/Jun/2015:07:56:04 +0800] "GET /content/repository/resource_content.jsp?oid=3818071&queryString=%E5%A4%A7%E8%91%89%E5%B1%B1%E6%AC%96%20%E6%8B%BC%E6%9D%BF%E8%88%9F%20%E9%81%94%E6%82%9F%E6%97%8F HTTP/1.1" 200 31052
66.249.71.124 - - [13/Jun/2015:07:56:51 +0800] "GET /content/repository/resource_content.jsp?oid=3818071&queryString=%E5%A4%A7%E8%91%89%E5%B1%B1%E6%AC%96 HTTP/1.1" 200 31052
71.83.163.70 - - [13/Jun/2015:07:57:36 +0800] "GET /content/nav/relationSubject.jsp?relationWords=%E6%B4%8B%E7%8E%89%E8%98%AD+&oid=16777351 HTTP/1.1" 200 3545
66.249.79.45 - - [13/Jun/2015:07:59:10 +0800] "GET /content/repository/resource_content.jsp?oid=1610448 HTTP/1.1" 200 28758
220.136.175.58 - - [13/Jun/2015:07:59:15 +0800] "GET /content/subject/resource_content.jsp?oid=16777721&queryString=%E6%A4%8D%E7%89%A9%E7%95%8C%20%E7%8E%89%E5%B1%B1%E8%96%84%E9%9B%AA%E8%8D%89%20%E8%8F%8A%E7%A7%91%20%E8%96%84%E9%9B%AA%E8%8D%89%E5%B1%AC%20%E9%9B%99%E5%AD%90%E8%91%89%E6%A4%8D%E7%89%A9 HTTP/1.1" 200 36216
220.136.175.58 - - [13/Jun/2015:07:59:18 +0800] "GET /content/nav/relationSubject.jsp?relationWords=%E7%8E%89%E5%B1%B1%E8%96%84%E9%9B%AA%E8%8D%89+&oid=16777721 HTTP/1.1" 200 3686
157.55.39.255 - - [13/Jun/2015:08:00:14 +0800] "GET /content/subject/resource_content.jsp?oid=16777741&queryType=qs&queryString=%E8%82%A1%E4%BB%BD%E6%9C%89%E9%99%90%E5%85%AC%E5%8F%B8 HTTP/1.1" 200 53553
220.136.175.58 - - [13/Jun/2015:08:00:51 +0800] "GET /content/subject/resource_content.jsp?oid=16777721&queryString=%E6%A4%8D%E7%89%A9%E7%95%8C%20%E7%8E%89%E5%B1%B1%E8%96%84%E9%9B%AA%E8%8D%89%20%E8%8F%8A%E7%A7%91%20%E8%96%84%E9%9B%AA%E8%8D%89%E5%B1%AC%20%E9%9B%99%E5%AD%90%E8%91%89%E6%A4%8D%E7%89%A9 HTTP/1.1" 200 36216
220.136.175.58 - - [13/Jun/2015:08:00:51 +0800] "GET /content/nav/relationSubject.jsp?relationWords=%E7%8E%89%E5%B1%B1%E8%96%84%E9%9B%AA%E8%8D%89+&oid=16777721 HTTP/1.1" 200 3686
66.249.71.141 - - [13/Jun/2015:08:01:23 +0800] "GET /content/repository/resource_content.jsp?oid=1888395 HTTP/1.1" 200 30174
207.46.13.15 - - [13/Jun/2015:08:01:56 +0800] "GET /content/subject/resource_content.jsp?oid=16777312&queryType=qc HTTP/1.1" 200 28136
68.180.229.54 - - [13/Jun/2015:08:01:58 +0800] "GET /content/subject/resource_content.jsp?oid=16777745&queryType=qc HTTP/1.1" 200 35935
37.140.141.37 - - [13/Jun/2015:08:02:00 +0800] "GET /content/subject/resource_content.jsp?oid=16777341&queryString= HTTP/1.1" 200 37160
66.249.71.107 - - [13/Jun/2015:08:03:01 +0800] "GET /content/repository/resource_content.jsp?oid=1569153 HTTP/1.1" 200 28875
68.180.229.54 - - [13/Jun/2015:08:03:38 +0800] "GET /digiarch_en/content/subject/resource_content.jsp?oid=16777359&queryType=qc HTTP/1.1" 200 30990
66.249.71.15 - - [13/Jun/2015:08:03:47 +0800] "GET /content/subject/resource_content.jsp?oid=16777601&queryType=qs&queryString=%E7%9F%A5%E8%AD%98%E5%88%86%E5%AD%90 HTTP/1.1" 200 59078
66.249.71.107 - - [13/Jun/2015:08:04:19 +0800] "GET /content/repository/resource_content.jsp?oid=1103537 HTTP/1.1" 200 31335
157.55.39.53 - - [13/Jun/2015:08:05:07 +0800] "GET /content/repository/resource_content.jsp?oid=1095170 HTTP/1.1" 200 29549
157.55.39.255 - - [13/Jun/2015:08:05:43 +0800] "GET /content/subject/resource_content.jsp?oid=16777448&queryType=qc HTTP/1.1" 200 34511
180.97.35.20 - - [13/Jun/2015:08:05:51 +0800] "HEAD /content/repository/resource_content.jsp?oid=4364245 HTTP/1.0" 200 -
223.104.8.130 - - [13/Jun/2015:08:05:54 +0800] "GET /content/repository/resource_content.jsp?oid=4364245 HTTP/1.1" 200 28414
66.249.71.141 - - [13/Jun/2015:08:06:06 +0800] "GET /content/repository/resource_content.jsp?oid=1550991 HTTP/1.1" 200 28921
66.249.71.141 - - [13/Jun/2015:08:06:13 +0800] "GET /content/nav/relationSubject.jsp?relationWords=%E7%A5%AD%E5%84%80%20&oid=1779715 HTTP/1.1" 200 4078
66.249.71.107 - - [13/Jun/2015:08:07:18 +0800] "GET /content/subject/resource_content.jsp?oid=16777801&queryType=qc HTTP/1.1" 200 43010
66.249.71.62 - - [13/Jun/2015:08:10:16 +0800] "GET /content/repository/resource_content.jsp?oid=3120112&queryType=qs&queryString=%E9%85%83%E7%B8%A3 HTTP/1.1" 200 30130
66.249.71.107 - - [13/Jun/2015:08:13:12 +0800] "GET /content/subject/resource_content.jsp?oid=16777456 HTTP/1.1" 200 34433
115.164.84.37 - - [13/Jun/2015:08:13:37 +0800] "GET /content/nav/relationSubject.jsp?relationWords=&oid=16777576 HTTP/1.1" 200 1405
66.249.71.124 - - [13/Jun/2015:08:15:23 +0800] "GET /content/subject/resource_content.jsp?oid=16777640&queryString=%E6%9E%97%E7%8D%BB%E5%A0%82%20%E7%81%8C%E5%9C%92%E5%85%88%E7%94%9F%20%E9%9C%A7%E5%B3%B0 HTTP/1.1" 200 61904
180.153.201.64 - - [13/Jun/2015:08:16:04 +0800] "GET /digiarch2/content/repository/resource_content.jsp?queryString=??????&oid=1835018&queryType=qs HTTP/1.1" 500 2205
128.189.117.82 - - [13/Jun/2015:08:16:04 +0800] "GET /digiarch2/content/repository/resource_content.jsp?queryString=%E6%9D%8E%E6%BF%9F&oid=1835018&queryType=qs HTTP/1.1" 200 16576
66.249.71.254 - - [13/Jun/2015:08:16:09 +0800] "GET /content/repository/resource_content.jsp?oid=4454608&queryType=qs&queryString=%E4%B8%AD%E5%BA%AD HTTP/1.1" 200 30369
66.249.71.141 - - [13/Jun/2015:08:16:55 +0800] "GET /content/repository/resource_content.jsp?oid=2525477 HTTP/1.1" 200 29571
207.46.13.15 - - [13/Jun/2015:08:17:18 +0800] "GET /content/nav/relationSubject.jsp?relationWords=%E7%B4%AB%E8%96%87+&oid=16777424 HTTP/1.1" 200 4000
66.249.71.124 - - [13/Jun/2015:08:17:42 +0800] "GET /content/repository/resource_content.jsp?oid=1520140&queryString=%E6%94%B6%E8%B3%BC%E5%83%B9%E6%A0%BC%20%E8%8F%B8%E8%91%89 HTTP/1.1" 200 29529
66.249.71.15 - - [13/Jun/2015:08:18:18 +0800] "GET /content/nav/relationSubject.jsp?relationWords=%E5%8D%97%E5%8B%A2%E9%98%BF%E7%BE%8E%E6%97%8F+%E7%A4%BE%E6%9C%83%E5%95%8F%E9%A1%8C+&oid=1779876 HTTP/1.1" 200 4199
66.249.71.236 - - [13/Jun/2015:08:18:19 +0800] "GET /content/nav/relationSubject.jsp?relationWords=%E5%8D%97%E5%8B%A2%E9%98%BF%E7%BE%8E%E6%97%8F%20%E7%A4%BE%E6%9C%83%E5%95%8F%E9%A1%8C%20&oid=1779876 HTTP/1.1" 200 4199
66.249.71.124 - - [13/Jun/2015:08:18:28 +0800] "GET /content/repository/resource_content.jsp?oid=204244 HTTP/1.1" 200 30432
66.249.71.141 - - [13/Jun/2015:08:19:14 +0800] "GET /content/repository/resource_content.jsp?oid=204530 HTTP/1.1" 200 30426
66.249.71.107 - - [13/Jun/2015:08:20:26 +0800] "GET /content/repository/resource_content.jsp?oid=1773292 HTTP/1.1" 200 29884
66.249.79.46 - - [13/Jun/2015:08:20:48 +0800] "GET /content/repository/resource_content.jsp?oid=2674150&queryType=qs&queryString=%E9%A0%86%E5%85%AC HTTP/1.1" 200 29824
66.249.71.79 - - [13/Jun/2015:08:21:33 +0800] "GET /content/repository/resource_content.jsp?oid=4550205&queryString=%E5%B0%8F%E7%81%B0%E7%8E%89%E8%9E%BA%20%E7%8E%89%E8%9E%BA%E5%B1%AC%20%E7%8E%89%E8%9E%BA%E7%A7%91%20%E7%95%B0%E8%B6%B3%E7%9B%AE%20%E8%85%B9%E8%B6%B3%E7%B6%B1%20%E8%BB%9F%E9%AB%94%E5%8B%95%E7%89%A9%E9%96%80 HTTP/1.1" 200 30743
66.249.71.79 - - [13/Jun/2015:08:22:20 +0800] "GET /content/repository/resource_content.jsp?oid=2676809&queryString=%E5%BB%A3%E4%B9%9D%20%E8%8B%B1%E4%BD%BF%20%E9%A3%AD%E5%85%B5 HTTP/1.1" 200 30390
66.249.71.141 - - [13/Jun/2015:08:23:06 +0800] "GET /content/repository/resource_content.jsp?oid=1534941 HTTP/1.1" 200 29240
66.249.71.254 - - [13/Jun/2015:08:23:52 +0800] "GET /content/repository/resource_content.jsp?oid=2668005&queryType=qs&queryString=%E5%9C%9F%E6%A3%8D HTTP/1.1" 200 30388
66.249.71.124 - - [13/Jun/2015:08:24:12 +0800] "GET /content/nav/relationSubject.jsp?relationWords=%E7%9F%B3%E9%96%80%E6%B0%B4%E5%BA%AB+&oid=1571552 HTTP/1.1" 200 7554
66.249.71.107 - - [13/Jun/2015:08:24:16 +0800] "GET /content/nav/relationSubject.jsp?relationWords=%E7%9F%B3%E9%96%80%E6%B0%B4%E5%BA%AB%20&oid=1571552 HTTP/1.1" 200 7554
66.249.71.107 - - [13/Jun/2015:08:24:41 +0800] "GET /content/repository/resource_content.jsp?oid=1542760 HTTP/1.1" 200 28432
66.249.79.32 - - [13/Jun/2015:08:25:26 +0800] "GET /content/repository/resource_content.jsp?oid=1563542 HTTP/1.1" 200 28617
220.181.108.176 - - [13/Jun/2015:08:26:05 +0800] "GET /content/pictures/picture_content.jsp?oid=33554820 HTTP/1.1" 200 27879
66.249.71.141 - - [13/Jun/2015:08:26:11 +0800] "GET /content/repository/resource_content.jsp?oid=1555621 HTTP/1.1" 200 28438
220.181.38.160 - - [13/Jun/2015:08:26:45 +0800] "GET /content/repository/resource_content.jsp?oid=2577665 HTTP/1.1" 200 29331
123.192.98.254 - - [13/Jun/2015:08:27:17 +0800] "GET /content/nav/relationSubject.jsp?relationWords=%E6%B4%8B%E7%8E%89%E8%98%AD+&oid=16777351 HTTP/1.1" 200 3545
66.249.71.141 - - [13/Jun/2015:08:27:44 +0800] "GET /content/repository/resource_content.jsp?oid=1529845&queryString=%E6%9E%97%E5%91%88%E7%A5%A5%20%E8%A5%BF%E6%B8%AF%20%E8%AC%9D%E6%8E%99%E5%BC%B7 HTTP/1.1" 200 29242
123.192.98.254 - - [13/Jun/2015:08:27:51 +0800] "GET /content/subject/resource_content.jsp?oid=16777408&queryString=%E6%B4%8B%E7%8E%89%E8%98%AD HTTP/1.1" 200 27834
123.192.98.254 - - [13/Jun/2015:08:27:52 +0800] "GET /content/nav/relationSubject.jsp?relationWords=%E6%B4%8B%E7%8E%89%E8%98%AD+&oid=16777408 HTTP/1.1" 200 3539
66.249.79.19 - - [13/Jun/2015:08:28:02 +0800] "GET /content/repository/resource_content.jsp?oid=1628562&queryString=%E6%95%B8%E4%BD%8D%E5%85%B8%E8%97%8F%20%E6%95%B8%E4%BD%8D%E5%AD%B8%E7%BF%92%20%E7%A7%91%E6%8A%80 HTTP/1.1" 200 28846
66.249.71.107 - - [13/Jun/2015:08:28:30 +0800] "GET /content/subject/resource_content.jsp?oid=16777397&queryString=%E5%8D%97%E6%B9%96%E5%A4%A7%E5%B1%B1%20%E6%9D%9C%E9%B5%91%20%E7%8E%89%E5%B1%B1%E6%9D%9C%E9%B5%91%20%E7%B4%B0%E8%91%89%E6%9D%9C%E9%B5%91%20%E8%A5%BF%E6%96%BD%E8%8A%B1 HTTP/1.1" 200 29396
66.249.71.107 - - [13/Jun/2015:08:28:56 +0800] "GET /content/repository/resource_content.jsp?oid=4443035&queryString=%E5%A5%B3%E6%80%A7%20%E6%94%BF%E6%B2%BB%20%E6%97%A5%E8%A8%98%20%E6%9E%97%E7%8D%BB%E5%A0%82%20%E7%81%8C%E5%9C%92%E5%85%88%E7%94%9F HTTP/1.1" 200 30000
66.249.71.107 - - [13/Jun/2015:08:29:05 +0800] "GET /content/nav/relationSubject.jsp?relationWords=%E5%8D%81%E5%AD%97%E8%8A%B1%E7%A7%91%20%E6%A4%8D%E7%89%A9%E7%95%8C%20%E6%B0%B4%E8%8A%B1%E8%8F%9C%20%E7%A2%8E%E7%B1%B3%E8%96%BA%E5%B1%AC%20%E9%9B%99%E5%AD%90%E8%91%89%E6%A4%8D%E7%89%A9%20&oid=1108955 HTTP/1.1" 200 3386
180.76.15.12 - - [13/Jun/2015:08:29:14 +0800] "GET /content/repository/resource_content.jsp?oid=4550470&queryString=%E8%85%B9%E8%B6%B3%E7%B6%B1%20%E8%8A%8B%E8%9E%BA%E5%B1%AC%20%E8%8A%8B%E8%9E%BA%E7%A7%91%20%E9%AC%B1%E9%87%91%E9%A6%99%E8%8A%8B%E8%9E%BA HTTP/1.1" 200 30258
180.76.15.143 - - [13/Jun/2015:08:29:14 +0800] "GET /content/repository/resource_content.jsp?oid=1096219 HTTP/1.1" 200 30965
66.249.71.124 - - [13/Jun/2015:08:30:03 +0800] "GET /content/repository/resource_content.jsp?oid=4362337&queryString=%E9%96%8B%E5%85%89 HTTP/1.1" 200 27996
66.249.71.79 - - [13/Jun/2015:08:30:59 +0800] "GET /content/repository/resource_content.jsp?oid=1106689&queryString=%E9%B3%B3%E6%AF%9B HTTP/1.1" 200 31521
180.76.15.10 - - [13/Jun/2015:08:32:41 +0800] "GET /content/repository/resource_content.jsp?oid=1099098 HTTP/1.1" 200 31435
66.249.71.107 - - [13/Jun/2015:08:33:56 +0800] "GET /content/repository/resource_content.jsp?oid=1104582 HTTP/1.1" 200 30652
66.249.71.141 - - [13/Jun/2015:08:34:41 +0800] "GET /content/repository/resource_content.jsp?oid=1103907 HTTP/1.1" 200 31039
66.249.71.26 - - [13/Jun/2015:08:35:28 +0800] "GET /digiarch3/content/repository/resource_content.jsp?oid=14139&queryType=qs&queryString=%E9%AD%9A%E5%8D%B5 HTTP/1.1" 200 36946
66.249.71.141 - - [13/Jun/2015:08:36:45 +0800] "GET /content/nav/relationSubject.jsp?relationWords=%E7%94%A8%E4%BA%8B+%E9%A0%86%E5%A4%A9%E5%BA%9C+&oid=2685029 HTTP/1.1" 200 3134
66.249.71.107 - - [13/Jun/2015:08:36:47 +0800] "GET /content/nav/relationSubject.jsp?relationWords=%E7%94%A8%E4%BA%8B%20%E9%A0%86%E5%A4%A9%E5%BA%9C%20&oid=2685029 HTTP/1.1" 200 3134
66.249.71.124 - - [13/Jun/2015:08:36:54 +0800] "GET /content/repository/resource_content.jsp?oid=1546321 HTTP/1.1" 200 31743
123.125.71.30 - - [13/Jun/2015:08:37:10 +0800] "GET /content/tmp_tec/resource_content.jsp?oid=16777710 HTTP/1.1" 200 27195
66.249.71.9 - - [13/Jun/2015:08:38:33 +0800] "GET /digiarch3/content/tmp_exh/resource_content.jsp?oid=16777760&queryType=qc HTTP/1.1" 200 35812
68.180.229.54 - - [13/Jun/2015:08:38:36 +0800] "GET /content/subject/resource_content.jsp?oid=16777330&queryType=qc HTTP/1.1" 200 30451
66.249.71.96 - - [13/Jun/2015:08:39:52 +0800] "GET /content/repository/resource_content.jsp?oid=1780647&queryString=%E6%A8%B9%E7%9A%AE%E5%B8%83 HTTP/1.1" 200 29195
66.249.79.45 - - [13/Jun/2015:08:41:39 +0800] "GET /content/repository/resource_content.jsp?oid=1546036 HTTP/1.1" 200 28805
66.249.71.124 - - [13/Jun/2015:08:42:37 +0800] "GET /content/nav/relationSubject.jsp?relationWords=%E5%90%8F%E9%83%A8+%E7%B3%A7%E5%8B%99+&oid=2640743 HTTP/1.1" 200 3136
66.249.71.141 - - [13/Jun/2015:08:42:39 +0800] "GET /content/nav/relationSubject.jsp?relationWords=%E5%90%8F%E9%83%A8%20%E7%B3%A7%E5%8B%99%20&oid=2640743 HTTP/1.1" 200 3136
66.249.71.107 - - [13/Jun/2015:08:42:50 +0800] "GET /content/repository/resource_content.jsp?oid=3819285&queryString=%E4%B8%89%E5%8F%89%E8%91%89%E6%98%9F%E8%95%A8%20%E6%98%9F%E8%95%A8%E5%B1%AC HTTP/1.1" 200 31362
66.249.79.106 - - [13/Jun/2015:08:45:47 +0800] "GET /content/subject/resource_content.jsp?oid=16777411&queryType=qc HTTP/1.1" 200 36957
42.72.4.93 - - [13/Jun/2015:08:45:58 +0800] "GET /content/subject/resource_content.jsp?oid=16777805&queryString= HTTP/1.1" 200 35146
42.72.4.93 - - [13/Jun/2015:08:46:00 +0800] "GET /content/nav/relationSubject.jsp?relationWords=%E7%B4%AB%E8%97%A4+%E8%83%A1%E9%81%A9+&oid=16777805 HTTP/1.1" 200 5276
5.255.253.39 - - [13/Jun/2015:08:46:03 +0800] "GET /digiarch_en/content/subject/resource_content.jsp?oid=16777518&queryType=qc HTTP/1.1" 200 22161
66.249.71.141 - - [13/Jun/2015:08:48:12 +0800] "GET /content/nav/relationSubject.jsp?relationWords=%E6%A4%8D%E7%89%A9%E7%95%8C%20%E7%A9%BF%E5%B1%B1%E9%BE%8D%20%E7%A9%BF%E5%B1%B1%E9%BE%8D%E5%B1%AC%20%E8%8F%AB%E8%8F%9C%20%E8%91%AB%E8%98%86%E7%A7%91%20&oid=1100986 HTTP/1.1" 200 3398
66.249.71.107 - - [13/Jun/2015:08:51:42 +0800] "GET /content/subject/resource_content.jsp?oid=16777710 HTTP/1.1" 200 27808
157.55.39.255 - - [13/Jun/2015:08:53:06 +0800] "GET /content/nav/relationSubject.jsp?relationWords=%E6%B4%8B%E7%8E%89%E8%98%AD+&oid=16777351 HTTP/1.1" 200 3545
66.249.71.141 - - [13/Jun/2015:08:53:32 +0800] "GET /content/repository/resource_content.jsp?oid=670628 HTTP/1.1" 200 28730
66.249.79.19 - - [13/Jun/2015:08:53:32 +0800] "GET /content/nav/relationSubject.jsp?relationWords=%E6%93%AC%E8%8C%80%E8%95%A8%E5%B1%AC+%E6%B0%B4%E7%A4%BE%E6%93%AC%E8%8C%80%E8%95%A8+&oid=1111993 HTTP/1.1" 200 3250
66.249.71.141 - - [13/Jun/2015:08:53:34 +0800] "GET /content/nav/relationSubject.jsp?relationWords=%E6%93%AC%E8%8C%80%E8%95%A8%E5%B1%AC%20%E6%B0%B4%E7%A4%BE%E6%93%AC%E8%8C%80%E8%95%A8%20&oid=1111993 HTTP/1.1" 200 3250
66.249.71.107 - - [13/Jun/2015:08:54:38 +0800] "GET /content/exhibit/exhibit.jsp?oid=16777643 HTTP/1.1" 200 25966
66.249.71.124 - - [13/Jun/2015:08:54:46 +0800] "GET /content/repository/resource_content.jsp?oid=1548867 HTTP/1.1" 200 28769
66.249.71.124 - - [13/Jun/2015:08:54:49 +0800] "GET /content/nav/relationSubject.jsp?relationWords=%E9%99%B3%E9%8C%AB+%E9%BB%83%E6%B0%B8%E6%AC%BD+&oid=1891101 HTTP/1.1" 200 3241
66.249.71.107 - - [13/Jun/2015:08:54:51 +0800] "GET /content/nav/relationSubject.jsp?relationWords=%E9%99%B3%E9%8C%AB%20%E9%BB%83%E6%B0%B8%E6%AC%BD%20&oid=1891101 HTTP/1.1" 200 3241
220.181.108.96 - - [13/Jun/2015:08:55:26 +0800] "GET /content/pictures/picture_content.jsp?oid=33554811 HTTP/1.1" 200 27679
66.249.71.9 - - [13/Jun/2015:08:55:33 +0800] "GET /digiarch3/content/repository/resource_content.jsp?oid=15270&queryType=qs&queryString=%E9%90%AE%E5%88%80%E5%BD%A2 HTTP/1.1" 200 34486
68.180.229.54 - - [13/Jun/2015:08:57:06 +0800] "GET /content/subject/resource_content.jsp?oid=16777605&queryType=qc HTTP/1.1" 200 42328
66.249.71.124 - - [13/Jun/2015:08:57:38 +0800] "GET /digiarch_en/content/repository/resource_content.jsp?oid=1123985&queryString=%E6%B3%A5%E8%9A%B6%20%E8%A1%80%E8%9A%B6%20%E9%9B%99%E6%AE%BC%E7%B6%B1%20%E9%AD%81%E8%9B%A4%20%E9%AD%81%E8%9B%A4%E7%A7%91 HTTP/1.1" 200 24969
36.238.5.200 - - [13/Jun/2015:08:59:31 +0800] "GET /content/subject/resource_content.jsp?oid=16797271&queryType=qc HTTP/1.1" 200 55169
36.238.5.200 - - [13/Jun/2015:08:59:37 +0800] "GET /content/nav/relationSubject.jsp?relationWords=&oid=16797271 HTTP/1.1" 200 1405
66.249.71.107 - - [13/Jun/2015:09:00:23 +0800] "GET /content/nav/relationSubject.jsp?relationWords=%E5%85%AC%E5%BB%B3+%E6%88%BF%E5%B1%8B%E7%A8%85+&oid=1573728 HTTP/1.1" 200 7284
66.249.79.19 - - [13/Jun/2015:09:00:24 +0800] "GET /content/nav/relationSubject.jsp?relationWords=%E5%85%AC%E5%BB%B3%20%E6%88%BF%E5%B1%8B%E7%A8%85%20&oid=1573728 HTTP/1.1" 200 7284
66.249.71.107 - - [13/Jun/2015:09:00:35 +0800] "GET /content/repository/resource_content.jsp?oid=3817803&queryString=%E4%BC%8F%E7%89%9B%E8%8A%B1%E5%B1%AC%20%E6%A4%8D%E7%89%A9%E7%95%8C%20%E7%84%A1%E5%88%BA%E4%BC%8F%E7%89%9B%E8%8A%B1%20%E8%8C%9C%E8%8D%89%20%E8%8C%9C%E8%8D%89%E7%A7%91 HTTP/1.1" 200 31508
66.249.71.26 - - [13/Jun/2015:09:01:26 +0800] "GET /content/nav/relationSubject.jsp?relationWords=%E5%B0%88%E7%A7%91+%E6%A0%A1%E5%8F%8B%E6%9C%83+%E8%87%BA%E7%81%A3%E7%9C%81+%E8%A9%B9%E4%BF%8A%E5%82%91+&oid=1523539 HTTP/1.1" 200 4478
66.249.71.26 - - [13/Jun/2015:09:01:28 +0800] "GET /content/nav/relationSubject.jsp?relationWords=%E5%B0%88%E7%A7%91%20%E6%A0%A1%E5%8F%8B%E6%9C%83%20%E8%87%BA%E7%81%A3%E7%9C%81%20%E8%A9%B9%E4%BF%8A%E5%82%91%20&oid=1523539 HTTP/1.1" 200 4478
66.249.71.141 - - [13/Jun/2015:09:03:33 +0800] "GET /content/subject/resource_content.jsp?oid=16777392 HTTP/1.1" 200 25060
66.249.71.26 - - [13/Jun/2015:09:07:08 +0800] "GET /digiarch3/content/subject/resource_content.jsp?oid=16777788&queryType=qs&queryString=%E6%AC%8A%E5%88%A9%E4%BA%BA HTTP/1.1" 200 42839
157.55.39.21 - - [13/Jun/2015:09:07:49 +0800] "GET /content/repository/resource_content.jsp?oid=1081606&queryString=%E6%9F%B3%E5%86%B7%E4%BB%94%20%E7%B4%85%E5%A8%98%E4%BB%94%20%E7%B5%B2%E9%9A%86%E9%A0%AD%E9%AD%9A%20%E8%97%8D%E8%BA%AB%E7%B5%B2%E9%B0%AD%E9%B8%9A%E9%AF%9B%20%E8%97%8D%E8%BA%AB%E9%B8%9A%E5%93%A5%20%E9%9A%86%E9%A0%AD%E9%AD%9A%E7%A7%91 HTTP/1.1" 200 33692
