66.249.71.136 - - [06/Jun/2016:04:14:58 +0800] "GET /content/repository/resource_content.jsp?oid=1617377 HTTP/1.1" 200 28934
66.249.71.136 - - [06/Jun/2016:04:15:11 +0800] "GET /content/repository/resource_content.jsp?oid=1621970 HTTP/1.1" 200 28795
66.249.71.254 - - [06/Jun/2016:04:15:21 +0800] "GET /content/nav/relationSubject.jsp?relationWords=%E7%89%B9%E6%8A%80+%E7%B6%AD%E7%89%B9+&oid=582490 HTTP/1.1" 200 4710
66.249.71.248 - - [06/Jun/2016:04:15:23 +0800] "GET /content/nav/relationSubject.jsp?relationWords=%E7%89%B9%E6%8A%80%20%E7%B6%AD%E7%89%B9%20&oid=582490 HTTP/1.1" 200 4710
66.249.71.136 - - [06/Jun/2016:04:15:24 +0800] "GET /content/repository/resource_content.jsp?oid=1625619 HTTP/1.1" 200 29605
66.249.79.200 - - [06/Jun/2016:04:15:38 +0800] "GET /content/repository/resource_content.jsp?oid=173323 HTTP/1.1" 200 30913
66.249.71.136 - - [06/Jun/2016:04:15:42 +0800] "GET /content/nav/relationSubject.jsp?relationWords=%E5%88%91%E9%83%A8+%E5%90%8F%E9%83%A8+%E5%9B%9B%E5%B7%9D%E5%8F%B8+&oid=2640681 HTTP/1.1" 200 3191
66.249.71.199 - - [06/Jun/2016:04:15:50 +0800] "GET /digiarch3/content/repository/resource_content.jsp?oid=4364577&queryType=qs&queryString=%E5%85%AC%E5%8B%99%E4%BA%BA%E5%93%A1 HTTP/1.1" 200 29709
66.249.71.242 - - [06/Jun/2016:04:15:55 +0800] "GET /content/nav/relationSubject.jsp?relationWords=%E7%A5%AD%E7%A5%9E+&oid=4362183 HTTP/1.1" 200 3091
66.249.71.248 - - [06/Jun/2016:04:15:56 +0800] "GET /content/nav/relationSubject.jsp?relationWords=%E7%A5%AD%E7%A5%9E%20&oid=4362183 HTTP/1.1" 200 3091
66.249.71.136 - - [06/Jun/2016:04:16:03 +0800] "GET /content/repository/resource_content.jsp?oid=1814981&queryString=%E7%88%B6%E4%B8%81%E8%A7%9A HTTP/1.1" 200 30085
66.249.71.199 - - [06/Jun/2016:04:16:05 +0800] "GET /digiarch3/content/nav/relationSubject.jsp?relationWords=%E6%A2%93%E5%AE%98%E9%84%89+%E6%BC%81%E6%9C%83+%E7%9C%81%E6%94%BF%E5%BA%9C+%E9%81%A0%E6%B4%8B%E6%BC%81%E6%A5%AD+&oid=1518500 HTTP/1.1" 200 4607
66.249.71.199 - - [06/Jun/2016:04:16:08 +0800] "GET /digiarch3/content/nav/relationSubject.jsp?relationWords=%E6%A2%93%E5%AE%98%E9%84%89%20%E6%BC%81%E6%9C%83%20%E7%9C%81%E6%94%BF%E5%BA%9C%20%E9%81%A0%E6%B4%8B%E6%BC%81%E6%A5%AD%20&oid=1518500 HTTP/1.1" 200 4607
66.249.71.136 - - [06/Jun/2016:04:16:29 +0800] "GET /content/repository/resource_content.jsp?oid=186795 HTTP/1.1" 200 30407
66.249.71.136 - - [06/Jun/2016:04:16:39 +0800] "GET /content/nav/relationSubject.jsp?relationWords=&oid=1558345 HTTP/1.1" 200 1405
66.249.71.254 - - [06/Jun/2016:04:16:40 +0800] "GET /content/nav/relationSubject.jsp?relationWords=%E5%AD%B8%E9%BD%A1%E5%85%92%E7%AB%A5+%E8%87%A8%E6%99%82%E7%9C%81%E8%AD%B0%E6%9C%83+%E8%87%BA%E7%81%A3%E7%9C%81+%E8%87%BA%E7%81%A3%E7%9C%81%E6%94%BF%E5%BA%9C+&oid=1543354 HTTP/1.1" 200 4568
66.249.71.254 - - [06/Jun/2016:04:16:42 +0800] "GET /content/nav/relationSubject.jsp?relationWords=%E5%AD%B8%E9%BD%A1%E5%85%92%E7%AB%A5%20%E8%87%A8%E6%99%82%E7%9C%81%E8%AD%B0%E6%9C%83%20%E8%87%BA%E7%81%A3%E7%9C%81%20%E8%87%BA%E7%81%A3%E7%9C%81%E6%94%BF%E5%BA%9C%20&oid=1543354 HTTP/1.1" 200 4568
66.249.71.136 - - [06/Jun/2016:04:16:43 +0800] "GET /content/nav/relationSubject.jsp?relationWords=%E5%88%91%E9%83%A8+&oid=2518627 HTTP/1.1" 200 3095
66.249.71.136 - - [06/Jun/2016:04:16:45 +0800] "GET /content/nav/relationSubject.jsp?relationWords=%E5%88%91%E9%83%A8%20&oid=2518627 HTTP/1.1" 200 3095
66.249.71.136 - - [06/Jun/2016:04:16:52 +0800] "GET /content/nav/relationSubject.jsp?relationWords=%E6%89%81%E6%9F%8F%E5%B1%AC+%E6%9D%BE%E6%9D%89+%E6%9F%8F%E7%A7%91+%E6%A4%8D%E7%89%A9%E7%95%8C+%E6%AF%AC%E6%9E%9C+%E7%B4%85%E6%AA%9C+&oid=3814357 HTTP/1.1" 200 3350
66.249.79.186 - - [06/Jun/2016:04:16:54 +0800] "GET /content/nav/relationSubject.jsp?relationWords=%E5%A4%A9%E5%8D%97%E6%98%9F+%E5%A4%A9%E5%8D%97%E6%98%9F%E5%B1%AC+%E5%A4%A9%E5%8D%97%E6%98%9F%E7%A7%91+%E6%A4%8D%E7%89%A9%E7%95%8C+%E6%AF%9B%E7%AD%86%E5%A4%A9%E5%8D%97%E6%98%9F+&oid=1463370 HTTP/1.1" 200 3474
66.249.71.242 - - [06/Jun/2016:04:16:55 +0800] "GET /content/repository/resource_content.jsp?oid=2660293&queryType=qs&queryString=%E5%B8%B8%E7%A6%8F HTTP/1.1" 200 29980
66.249.71.136 - - [06/Jun/2016:04:16:55 +0800] "GET /content/nav/relationSubject.jsp?relationWords=%E6%89%81%E6%9F%8F%E5%B1%AC%20%E6%9D%BE%E6%9D%89%20%E6%9F%8F%E7%A7%91%20%E6%A4%8D%E7%89%A9%E7%95%8C%20%E6%AF%AC%E6%9E%9C%20%E7%B4%85%E6%AA%9C%20&oid=3814357 HTTP/1.1" 200 3350
66.249.71.136 - - [06/Jun/2016:04:17:07 +0800] "GET /content/repository/resource_content.jsp?oid=1633158 HTTP/1.1" 200 28635
66.249.71.136 - - [06/Jun/2016:04:17:20 +0800] "GET /digiarch_en/content/repository/resource_content.jsp?oid=4547996&queryString=%E7%98%A4%E7%8F%A0%E8%9E%BA%20%E8%85%B9%E8%B6%B3%E7%B6%B1%20%E8%A0%91%E8%9E%BA%E7%A7%91 HTTP/1.1" 200 23581
66.249.79.200 - - [06/Jun/2016:04:17:34 +0800] "GET /content/repository/resource_content.jsp?oid=2145081 HTTP/1.1" 200 31063
66.249.79.200 - - [06/Jun/2016:04:17:44 +0800] "GET /content/nav/relationSubject.jsp?relationWords=%E4%B9%9D%E9%A0%AD%E7%8D%85%E5%AD%90%E8%8D%89+%E6%A4%8D%E7%89%A9%E7%95%8C+%E7%88%B5%E5%BA%8A%E7%A7%91+%E7%8E%84%E5%8F%83+&oid=1107797 HTTP/1.1" 200 3392
66.249.71.136 - - [06/Jun/2016:04:17:46 +0800] "GET /content/repository/resource_content.jsp?oid=1579694 HTTP/1.1" 200 28983
66.249.71.136 - - [06/Jun/2016:04:17:46 +0800] "GET /content/nav/relationSubject.jsp?relationWords=%E5%9C%B0%E6%94%BF%E4%BA%8B%E5%8B%99%E6%89%80+%E7%BE%8E%E9%BD%A1+&oid=1895822 HTTP/1.1" 200 8417
66.249.71.136 - - [06/Jun/2016:04:17:47 +0800] "GET /content/nav/relationSubject.jsp?relationWords=%E4%B9%9D%E9%A0%AD%E7%8D%85%E5%AD%90%E8%8D%89%20%E6%A4%8D%E7%89%A9%E7%95%8C%20%E7%88%B5%E5%BA%8A%E7%A7%91%20%E7%8E%84%E5%8F%83%20&oid=1107797 HTTP/1.1" 200 3392
66.249.71.136 - - [06/Jun/2016:04:17:48 +0800] "GET /content/nav/relationSubject.jsp?relationWords=%E5%9C%B0%E6%94%BF%E4%BA%8B%E5%8B%99%E6%89%80%20%E7%BE%8E%E9%BD%A1%20&oid=1895822 HTTP/1.1" 200 8417
218.166.146.175 - - [06/Jun/2016:04:17:55 +0800] "GET /digiarch_en/content/repository/resource_content.jsp?oid=15793&queryString=%E5%B8%B6%E5%B0%BE%E6%96%B0%E9%9A%86%E9%AD%9A HTTP/1.1" 200 27832
218.166.146.175 - - [06/Jun/2016:04:17:55 +0800] "GET /digiarch_en/content/nav/relationSubject.jsp?relationWords=%E5%A8%98%E4%BB%94%E9%AD%9A+%E5%B8%B6%E5%B0%BE%E6%96%B0%E9%9A%86%E9%AD%9A+%E8%8A%B1%E5%B0%BE+%E8%A7%92%E9%BE%8D+%E9%9A%86%E9%A0%AD%E9%AD%9A%E7%A7%91+%E9%B0%AD%E9%AD%9A+%E9%B8%9A%E9%AF%9B+&oid=15793 HTTP/1.1" 200 3648
66.249.79.200 - - [06/Jun/2016:04:17:59 +0800] "GET /content/repository/resource_content.jsp?oid=1620830 HTTP/1.1" 200 28903
66.249.71.136 - - [06/Jun/2016:04:18:04 +0800] "GET /content/nav/relationSubject.jsp?relationWords=%E6%A4%8D%E7%89%A9%E7%95%8C+%E6%B7%B1%E7%B4%85%E8%8C%B5%E8%8A%8B+%E8%8A%B8%E9%A6%99+%E8%8A%B8%E9%A6%99%E7%A7%91+%E8%8C%B5%E8%8A%8B%E5%B1%AC+&oid=2145523 HTTP/1.1" 200 3354
180.76.15.16 - - [06/Jun/2016:04:18:33 +0800] "GET /content/repository/resource_content.jsp?oid=3811326&queryString=%E5%9C%98%E6%89%87%E8%95%A8%20%E5%9C%98%E6%89%87%E8%95%A8%E5%B1%AC%20%E6%89%87%E8%95%A8%20%E6%89%87%E8%95%A8%E5%B1%AC%20%E8%95%A8%E5%B1%AC HTTP/1.1" 200 31161
66.249.71.136 - - [06/Jun/2016:04:18:46 +0800] "GET /content/repository/resource_content.jsp?oid=1553989 HTTP/1.1" 200 28698
66.249.71.136 - - [06/Jun/2016:04:18:46 +0800] "GET /content/nav/relationSubject.jsp?relationWords=%E5%85%AC%E5%85%B1%E5%BB%81%E6%89%80+%E6%A8%99%E5%94%AE+%E8%87%BA%E7%81%A3%E7%9C%81%E5%AF%A9%E8%A8%88%E8%99%95+%E8%BB%8A%E5%BA%AB+&oid=1895071 HTTP/1.1" 200 4854
66.249.71.136 - - [06/Jun/2016:04:18:53 +0800] "GET /content/nav/relationSubject.jsp?relationWords=%E5%85%AC%E5%85%B1%E5%BB%81%E6%89%80%20%E6%A8%99%E5%94%AE%20%E8%87%BA%E7%81%A3%E7%9C%81%E5%AF%A9%E8%A8%88%E8%99%95%20%E8%BB%8A%E5%BA%AB%20&oid=1895071 HTTP/1.1" 200 4854
66.249.79.200 - - [06/Jun/2016:04:19:08 +0800] "GET /content/repository/resource_content.jsp?oid=1609835 HTTP/1.1" 200 28849
66.249.71.136 - - [06/Jun/2016:04:19:21 +0800] "GET /content/repository/resource_content.jsp?oid=3351664 HTTP/1.1" 200 28401
66.249.71.136 - - [06/Jun/2016:04:19:21 +0800] "GET /content/nav/relationSubject.jsp?relationWords=%E7%88%B6%E5%B7%B1%E7%88%B5+&oid=3355887 HTTP/1.1" 200 3210
66.249.71.199 - - [06/Jun/2016:04:19:42 +0800] "GET /digiarch3/content/repository/resource_content.jsp?oid=4354488&queryString=%E6%A9%AB%E5%B8%B6%20%E6%B2%99%E9%B0%8D HTTP/1.1" 200 34047
66.249.71.199 - - [06/Jun/2016:04:19:44 +0800] "GET /digiarch3/content/nav/relationSubject.jsp?relationWords=%E7%B1%83%E5%AD%90%E9%AD%9A+%E7%B1%83%E5%AD%90%E9%AD%9A%E7%A7%91+%E8%A0%95%E7%B4%8B%E7%B1%83%E5%AD%90%E9%AD%9A+%E8%B1%A1%E9%AD%9A+&oid=16276 HTTP/1.1" 200 3580
66.249.79.186 - - [06/Jun/2016:04:19:47 +0800] "GET /digiarch3/content/nav/relationSubject.jsp?relationWords=%E7%B1%83%E5%AD%90%E9%AD%9A%20%E7%B1%83%E5%AD%90%E9%AD%9A%E7%A7%91%20%E8%A0%95%E7%B4%8B%E7%B1%83%E5%AD%90%E9%AD%9A%20%E8%B1%A1%E9%AD%9A%20&oid=16276 HTTP/1.1" 200 3580
66.249.71.136 - - [06/Jun/2016:04:19:55 +0800] "GET /content/repository/resource_content.jsp?oid=1546442 HTTP/1.1" 200 29721
66.249.79.200 - - [06/Jun/2016:04:20:03 +0800] "GET /digiarch_en/content/nav/relationSubject.jsp?relationWords=%E4%B8%89%E8%A7%92%E8%9E%BA%E4%BB%94+%E5%87%B9%E8%9E%BA+%E8%85%B9%E8%B6%B3%E7%B6%B1+%E9%90%98%E8%9E%BA%E7%A7%91+%E9%9D%92%E8%8C%B5%E8%9E%BA+%E9%BB%91%E9%90%98%E8%9E%BA+&oid=1125734 HTTP/1.1" 200 3623
66.249.71.136 - - [06/Jun/2016:04:20:07 +0800] "GET /digiarch_en/content/nav/relationSubject.jsp?relationWords=%E4%B8%89%E8%A7%92%E8%9E%BA%E4%BB%94%20%E5%87%B9%E8%9E%BA%20%E8%85%B9%E8%B6%B3%E7%B6%B1%20%E9%90%98%E8%9E%BA%E7%A7%91%20%E9%9D%92%E8%8C%B5%E8%9E%BA%20%E9%BB%91%E9%90%98%E8%9E%BA%20&oid=1125734 HTTP/1.1" 200 3623
66.249.79.244 - - [06/Jun/2016:04:20:26 +0800] "GET /content/nav/relationSubject.jsp?relationWords=%E9%BB%83%E8%81%B2%E9%8F%9E+&oid=1889990 HTTP/1.1" 200 3220
66.249.71.136 - - [06/Jun/2016:04:20:27 +0800] "GET /content/tmp_exh/resource_content.jsp?oid=16777755&queryType=qc HTTP/1.1" 200 33902
66.249.71.199 - - [06/Jun/2016:04:20:34 +0800] "GET /digiarch3/content/nav/relationSubject.jsp?relationWords=%E4%B8%AD%E8%85%B9+%E4%B8%AD%E8%85%B9%E8%B6%B3%E7%9B%AE+%E8%85%B9%E8%B6%B3%E7%B6%B1+%E8%9C%98%E8%9B%9B%E8%9E%BA+%E9%B3%B3%E5%87%B0%E8%9E%BA+&oid=523997 HTTP/1.1" 200 3453
66.249.71.136 - - [06/Jun/2016:04:20:35 +0800] "GET /content/nav/relationSubject.jsp?relationWords=&oid=1599918 HTTP/1.1" 200 1405
66.249.71.199 - - [06/Jun/2016:04:20:36 +0800] "GET /digiarch3/content/nav/relationSubject.jsp?relationWords=%E4%B8%AD%E8%85%B9%20%E4%B8%AD%E8%85%B9%E8%B6%B3%E7%9B%AE%20%E8%85%B9%E8%B6%B3%E7%B6%B1%20%E8%9C%98%E8%9B%9B%E8%9E%BA%20%E9%B3%B3%E5%87%B0%E8%9E%BA%20&oid=523997 HTTP/1.1" 200 3453
66.249.71.136 - - [06/Jun/2016:04:20:38 +0800] "GET /content/nav/relationSubject.jsp?relationWords=%E4%B9%9D%E5%B9%B4%E5%9C%8B%E6%B0%91%E6%95%99%E8%82%B2+%E5%9B%9B%E5%BA%9C%E6%95%99+%E6%8E%A8%E8%A1%8C%E6%A1%88+%E7%95%A2%E6%A5%AD%E7%94%9F+&oid=1570350 HTTP/1.1" 200 3557
66.249.79.200 - - [06/Jun/2016:04:20:40 +0800] "GET /content/nav/relationSubject.jsp?relationWords=%E5%86%AC%E7%93%9C+%E5%BC%93%E6%9C%88%E8%9D%B4%E8%9D%B6%E9%AD%9A+%E8%9D%B4%E8%9D%B6%E9%AD%9A%E7%A7%91+&oid=15506 HTTP/1.1" 200 3457
66.249.79.200 - - [06/Jun/2016:04:20:41 +0800] "GET /content/nav/relationSubject.jsp?relationWords=%E4%B9%9D%E5%B9%B4%E5%9C%8B%E6%B0%91%E6%95%99%E8%82%B2%20%E5%9B%9B%E5%BA%9C%E6%95%99%20%E6%8E%A8%E8%A1%8C%E6%A1%88%20%E7%95%A2%E6%A5%AD%E7%94%9F%20&oid=1570350 HTTP/1.1" 200 3557
66.249.79.200 - - [06/Jun/2016:04:20:42 +0800] "GET /content/nav/relationSubject.jsp?relationWords=%E5%86%AC%E7%93%9C%20%E5%BC%93%E6%9C%88%E8%9D%B4%E8%9D%B6%E9%AD%9A%20%E8%9D%B4%E8%9D%B6%E9%AD%9A%E7%A7%91%20&oid=15506 HTTP/1.1" 200 3457
66.249.71.136 - - [06/Jun/2016:04:20:47 +0800] "GET /content/repository/resource_content.jsp?oid=2685380 HTTP/1.1" 200 29899
66.249.71.136 - - [06/Jun/2016:04:21:00 +0800] "GET /content/repository/resource_content.jsp?oid=1516863 HTTP/1.1" 200 28713
66.249.71.199 - - [06/Jun/2016:04:21:13 +0800] "GET /digiarch3/content/repository/resource_content.jsp?oid=1781579&queryString=%E5%8F%A4%E8%A3%9D%20%E8%B1%B9%E7%9A%AE%E8%A1%A3 HTTP/1.1" 200 28841
66.249.79.186 - - [06/Jun/2016:04:21:26 +0800] "GET /digiarch3/content/pictures/picture_content.jsp?oid=33554774&classify=2562 HTTP/1.1" 200 27697
66.249.71.254 - - [06/Jun/2016:04:21:32 +0800] "GET /content/nav/relationSubject.jsp?relationWords=%E7%9F%AD%E9%BC%BB%E9%8A%80%E9%AE%AB%E7%A7%91+%E7%AE%95%E4%BD%9C+%E9%8A%80%E9%AE%AB+%E9%BB%91%E7%BF%85%E6%B2%99+%E9%BC%A0%E9%AD%9A+&oid=4354338 HTTP/1.1" 200 3533
66.249.71.248 - - [06/Jun/2016:04:21:35 +0800] "GET /content/nav/relationSubject.jsp?relationWords=%E7%9F%AD%E9%BC%BB%E9%8A%80%E9%AE%AB%E7%A7%91%20%E7%AE%95%E4%BD%9C%20%E9%8A%80%E9%AE%AB%20%E9%BB%91%E7%BF%85%E6%B2%99%20%E9%BC%A0%E9%AD%9A%20&oid=4354338 HTTP/1.1" 200 3533
66.249.79.200 - - [06/Jun/2016:04:21:36 +0800] "GET /content/nav/relationSubject.jsp?relationWords=%E6%A4%8D%E7%89%A9%E7%95%8C+%E7%8B%97%E9%AA%A8%E6%B6%88+%E8%80%B3%E8%8D%89%E5%B1%AC+%E8%8C%9C%E8%8D%89+%E8%8C%9C%E8%8D%89%E7%A7%91+%E9%95%B7%E7%AF%80%E8%80%B3%E8%8D%89+&oid=3821803 HTTP/1.1" 200 3441
66.249.71.136 - - [06/Jun/2016:04:21:38 +0800] "GET /content/repository/resource_content.jsp?oid=1522446 HTTP/1.1" 200 28827
66.249.71.136 - - [06/Jun/2016:04:21:39 +0800] "GET /content/nav/relationSubject.jsp?relationWords=%E6%A4%8D%E7%89%A9%E7%95%8C%20%E7%8B%97%E9%AA%A8%E6%B6%88%20%E8%80%B3%E8%8D%89%E5%B1%AC%20%E8%8C%9C%E8%8D%89%20%E8%8C%9C%E8%8D%89%E7%A7%91%20%E9%95%B7%E7%AF%80%E8%80%B3%E8%8D%89%20&oid=3821803 HTTP/1.1" 200 3441
66.249.71.136 - - [06/Jun/2016:04:21:41 +0800] "GET /content/nav/relationSubject.jsp?relationWords=%E4%B8%8B%E6%B0%B4%E9%81%93+%E5%8A%83%E6%92%A5+%E5%B9%B3%E5%9D%87%E5%9C%B0%E6%AC%8A+%E9%81%93%E8%B7%AF%E5%B7%A5%E7%A8%8B+%E9%83%BD%E5%B8%82%E8%A8%88%E5%8A%83+%E9%A0%90%E7%AE%97+&oid=1577001 HTTP/1.1" 200 5925
66.249.71.136 - - [06/Jun/2016:04:21:43 +0800] "GET /content/nav/relationSubject.jsp?relationWords=%E4%B8%8B%E6%B0%B4%E9%81%93%20%E5%8A%83%E6%92%A5%20%E5%B9%B3%E5%9D%87%E5%9C%B0%E6%AC%8A%20%E9%81%93%E8%B7%AF%E5%B7%A5%E7%A8%8B%20%E9%83%BD%E5%B8%82%E8%A8%88%E5%8A%83%20%E9%A0%90%E7%AE%97%20&oid=1577001 HTTP/1.1" 200 5925
66.249.71.136 - - [06/Jun/2016:04:22:05 +0800] "GET /content/repository/resource_content.jsp?oid=2152934 HTTP/1.1" 200 31005
66.249.71.136 - - [06/Jun/2016:04:22:05 +0800] "GET /content/nav/relationSubject.jsp?relationWords=%E5%86%A4%E7%8D%84+%E8%A3%81%E5%88%A4+%E9%99%AA%E5%AF%A9%E5%88%B6%E5%BA%A6+&oid=1553898 HTTP/1.1" 200 3652
66.249.71.136 - - [06/Jun/2016:04:22:10 +0800] "GET /content/nav/relationSubject.jsp?relationWords=%E5%86%A4%E7%8D%84%20%E8%A3%81%E5%88%A4%20%E9%99%AA%E5%AF%A9%E5%88%B6%E5%BA%A6%20&oid=1553898 HTTP/1.1" 200 3652
66.249.71.159 - - [06/Jun/2016:04:22:17 +0800] "GET /content/repository/resource_content.jsp?oid=1539083&queryString=%E5%8D%A1%E9%9C%B2%E6%96%AF%20%E8%88%9E%E9%B6%B4 HTTP/1.1" 200 29935
66.249.71.136 - - [06/Jun/2016:04:22:20 +0800] "GET /content/nav/relationSubject.jsp?relationWords=%E9%80%B2%E4%BF%AE+&oid=1606942 HTTP/1.1" 200 3084
66.249.79.200 - - [06/Jun/2016:04:22:22 +0800] "GET /content/nav/relationSubject.jsp?relationWords=%E9%80%B2%E4%BF%AE%20&oid=1606942 HTTP/1.1" 200 3084
66.249.79.200 - - [06/Jun/2016:04:22:27 +0800] "GET /content/nav/relationSubject.jsp?relationWords=%E8%85%B9%E8%B6%B3%E7%B6%B1+%E8%93%AE%E8%8A%B1%E9%9D%92%E8%9E%BA%E7%A7%91+%E9%B5%9C%E8%B6%B3%E9%9D%92%E8%9E%BA+&oid=1125380 HTTP/1.1" 200 3318
66.249.79.186 - - [06/Jun/2016:04:22:34 +0800] "GET /content/repository/resource_content.jsp?oid=1530151&queryType=qs&queryString=%E4%BA%BA%E4%BA%8B%E8%99%95 HTTP/1.1" 200 29337
66.249.79.200 - - [06/Jun/2016:04:22:34 +0800] "GET /content/nav/relationSubject.jsp?relationWords=%E8%85%B9%E8%B6%B3%E7%B6%B1%20%E8%93%AE%E8%8A%B1%E9%9D%92%E8%9E%BA%E7%A7%91%20%E9%B5%9C%E8%B6%B3%E9%9D%92%E8%9E%BA%20&oid=1125380 HTTP/1.1" 200 3318
66.249.71.136 - - [06/Jun/2016:04:22:43 +0800] "GET /content/repository/resource_content.jsp?oid=2512921 HTTP/1.1" 200 30368
66.249.71.136 - - [06/Jun/2016:04:22:56 +0800] "GET /content/repository/resource_content.jsp?oid=1611100 HTTP/1.1" 200 28833
66.249.71.136 - - [06/Jun/2016:04:23:02 +0800] "GET /content/nav/relationSubject.jsp?relationWords=%E5%88%A9%E8%88%88+%E5%BA%9C%E8%BE%B2%E6%BC%81%E5%AD%97+%E6%8B%8D%E8%B3%A3+%E6%B4%BB%E5%8B%95%E4%B8%AD%E5%BF%83+%E6%BC%81%E6%9C%83+%E7%9C%81%E6%94%BF%E5%BA%9C+&oid=1593587 HTTP/1.1" 200 4692
66.249.71.136 - - [06/Jun/2016:04:23:04 +0800] "GET /content/nav/relationSubject.jsp?relationWords=%E5%88%A9%E8%88%88%20%E5%BA%9C%E8%BE%B2%E6%BC%81%E5%AD%97%20%E6%8B%8D%E8%B3%A3%20%E6%B4%BB%E5%8B%95%E4%B8%AD%E5%BF%83%20%E6%BC%81%E6%9C%83%20%E7%9C%81%E6%94%BF%E5%BA%9C%20&oid=1593587 HTTP/1.1" 200 4692
66.249.71.199 - - [06/Jun/2016:04:23:09 +0800] "GET /digiarch3/content/repository/resource_content.jsp?oid=1081612&queryType=qs&queryString=%E9%9A%86%E9%A0%AD%E9%AD%9A HTTP/1.1" 200 34436
66.249.71.136 - - [06/Jun/2016:04:23:34 +0800] "GET /content/repository/resource_content.jsp?oid=227241 HTTP/1.1" 200 30217
66.249.71.136 - - [06/Jun/2016:04:23:47 +0800] "GET /content/repository/resource_content.jsp?oid=1779020 HTTP/1.1" 200 27364
66.249.79.200 - - [06/Jun/2016:04:23:58 +0800] "GET /content/nav/relationSubject.jsp?relationWords=%E5%8F%B0%E7%81%A3%E9%BB%83%E6%9D%89+%E6%9D%BE%E6%9D%89+%E6%9D%BE%E7%A7%91+%E6%A4%8D%E7%89%A9%E7%95%8C+%E6%AF%AC%E6%9E%9C+%E9%BB%83%E6%9D%89%E5%B1%AC+&oid=2151181 HTTP/1.1" 200 3384
66.249.71.242 - - [06/Jun/2016:04:24:01 +0800] "GET /content/repository/resource_content.jsp?oid=1542445&queryType=qs&queryString=%E5%88%A9%E5%90%89 HTTP/1.1" 200 32276
66.249.71.136 - - [06/Jun/2016:04:24:01 +0800] "GET /content/nav/relationSubject.jsp?relationWords=%E5%8F%B0%E7%81%A3%E9%BB%83%E6%9D%89%20%E6%9D%BE%E6%9D%89%20%E6%9D%BE%E7%A7%91%20%E6%A4%8D%E7%89%A9%E7%95%8C%20%E6%AF%AC%E6%9E%9C%20%E9%BB%83%E6%9D%89%E5%B1%AC%20&oid=2151181 HTTP/1.1" 200 3384
66.249.71.199 - - [06/Jun/2016:04:24:39 +0800] "GET /digiarch3/content/repository/resource_content.jsp?oid=4362319&queryString=%E7%8E%84%E5%A4%A9%E4%B8%8A%E5%B8%9D HTTP/1.1" 200 30507
66.249.71.136 - - [06/Jun/2016:04:24:42 +0800] "GET /digiarch_en/content/nav/relationSubject.jsp?relationWords=%E8%B2%A1%E7%A8%85+%E9%A3%BC%E6%96%99+&oid=1555232 HTTP/1.1" 200 4108
66.249.71.136 - - [06/Jun/2016:04:24:44 +0800] "GET /digiarch_en/content/nav/relationSubject.jsp?relationWords=%E8%B2%A1%E7%A8%85%20%E9%A3%BC%E6%96%99%20&oid=1555232 HTTP/1.1" 200 4108
66.249.71.199 - - [06/Jun/2016:04:25:21 +0800] "GET /digiarch3/content/repository/resource_content.jsp?oid=1125463&queryString=%E6%89%81%E8%9D%B8%E7%89%9B%20%E6%89%81%E8%9D%B8%E7%89%9B%E5%B1%AC%20%E6%89%81%E8%9D%B8%E7%89%9B%E7%A7%91%20%E6%9F%84%E7%9C%BC%E7%9B%AE%20%E8%85%B9%E8%B6%B3%E7%B6%B1 HTTP/1.1" 200 32880
66.249.71.136 - - [06/Jun/2016:04:25:22 +0800] "GET /content/nav/relationSubject.jsp?relationWords=%E5%82%B3%E7%B5%B1%E6%AD%8C%E8%AC%A0+%E7%A5%AD%E5%84%80+&oid=4388229 HTTP/1.1" 200 4143
66.249.71.242 - - [06/Jun/2016:04:25:26 +0800] "GET /content/nav/relationSubject.jsp?relationWords=%E9%A0%86%E5%A4%A9%E5%BA%9C+&oid=2685023 HTTP/1.1" 200 3108
66.249.71.136 - - [06/Jun/2016:04:25:30 +0800] "GET /content/nav/relationSubject.jsp?relationWords=%E5%82%B3%E7%B5%B1%E6%AD%8C%E8%AC%A0%20%E7%A5%AD%E5%84%80%20&oid=4388229 HTTP/1.1" 200 4143
66.249.71.136 - - [06/Jun/2016:04:25:34 +0800] "GET /content/nav/relationSubject.jsp?relationWords=%E5%90%B3%E6%B3%89%E6%B4%9D+%E6%9E%97%E5%8B%99%E5%B1%80+%E6%9E%97%E7%89%9B%E6%B8%AF+%E7%9C%81%E6%94%BF%E5%BA%9C+%E9%99%B3%E8%88%88%E7%9B%9B+%E9%B9%BF%E8%B0%B7%E9%84%89+&oid=1899644 HTTP/1.1" 200 4707
66.249.79.155 - - [06/Jun/2016:04:25:37 +0800] "GET /content/nav/relationSubject.jsp?relationWords=%E9%A0%86%E5%A4%A9%E5%BA%9C%20&oid=2685023 HTTP/1.1" 200 3108
66.249.71.136 - - [06/Jun/2016:04:25:40 +0800] "GET /content/nav/relationSubject.jsp?relationWords=%E5%90%B3%E6%B3%89%E6%B4%9D%20%E6%9E%97%E5%8B%99%E5%B1%80%20%E6%9E%97%E7%89%9B%E6%B8%AF%20%E7%9C%81%E6%94%BF%E5%BA%9C%20%E9%99%B3%E8%88%88%E7%9B%9B%20%E9%B9%BF%E8%B0%B7%E9%84%89%20&oid=1899644 HTTP/1.1" 200 4707
66.249.71.136 - - [06/Jun/2016:04:25:45 +0800] "GET /content/repository/resource_content.jsp?oid=1096017&queryString=%E5%85%89%E6%A2%97%E9%97%8A%E8%8B%9E%E8%8F%8A%20%E6%A4%8D%E7%89%A9%E7%95%8C%20%E8%8F%8A%E7%A7%91%20%E9%97%8A%E8%8B%9E%E8%8F%8A%E5%B1%AC%20%E9%9B%99%E5%AD%90%E8%91%89%E6%A4%8D%E7%89%A9 HTTP/1.1" 200 31379
66.249.71.152 - - [06/Jun/2016:04:25:49 +0800] "GET /content/nav/relationSubject.jsp?relationWords=%E5%B9%B3%E5%9F%94%E6%97%8F+%E6%B9%AF%E5%A7%86+&oid=16777770 HTTP/1.1" 200 3581
66.249.71.199 - - [06/Jun/2016:04:26:22 +0800] "GET /digiarch3/content/repository/resource_content.jsp?oid=2644182&queryType=qs&queryString=%E5%AE%98%E7%A7%9F HTTP/1.1" 200 30184
66.249.71.136 - - [06/Jun/2016:04:26:24 +0800] "GET /content/nav/relationSubject.jsp?relationWords=%E5%8D%B0%E5%8B%99+%E7%B2%B5%E6%B5%B7%E9%97%9C+&oid=2558753 HTTP/1.1" 200 3140
66.249.71.136 - - [06/Jun/2016:04:26:27 +0800] "GET /content/nav/relationSubject.jsp?relationWords=%E5%8D%B0%E5%8B%99%20%E7%B2%B5%E6%B5%B7%E9%97%9C%20&oid=2558753 HTTP/1.1" 200 3140
66.249.71.199 - - [06/Jun/2016:04:26:35 +0800] "GET /digiarch3/content/repository/resource_content.jsp?oid=2513260&queryString=%E5%B9%95%E5%8F%8B HTTP/1.1" 200 30215
66.249.71.199 - - [06/Jun/2016:04:26:48 +0800] "GET /digiarch3/content/repository/resource_content.jsp?oid=4551024&queryString=%E5%AE%89%E5%85%A8%E6%A1%88%20%E5%BA%9C%E5%BB%BA%E6%B0%B4%20%E6%9E%97%E9%8E%AE%E5%B1%B1%20%E6%B0%B4%E5%AD%97%20%E9%B3%B3%E6%9E%97%E9%8E%AE HTTP/1.1" 200 30581
40.77.167.30 - - [06/Jun/2016:04:26:58 +0800] "GET /content/subject/resource_content.jsp?oid=16777275 HTTP/1.1" 200 34219
66.249.71.242 - - [06/Jun/2016:04:27:01 +0800] "GET /content/repository/resource_content.jsp?oid=4450653&queryType=qs&queryString=%E5%8D%97%E6%94%AF%E9%82%A3 HTTP/1.1" 200 28931
66.249.71.199 - - [06/Jun/2016:04:27:15 +0800] "GET /digiarch3/content/repository/resource_content.jsp?oid=1862380&queryString=%E9%8A%85%E6%88%88 HTTP/1.1" 200 30427
66.249.71.136 - - [06/Jun/2016:04:27:18 +0800] "GET /content/nav/relationSubject.jsp?relationWords=%E5%90%8C%E6%A5%AD%E5%85%AC%E6%9C%83+%E5%B8%82%E5%83%B9+%E6%B0%91%E6%94%BF%E9%A1%9E+%E8%87%BA%E4%B8%AD%E5%B8%82+%E9%82%B1%E7%A7%8B%E6%A6%AE+&oid=1548415 HTTP/1.1" 200 4944
66.249.71.136 - - [06/Jun/2016:04:27:20 +0800] "GET /content/nav/relationSubject.jsp?relationWords=%E5%90%8C%E6%A5%AD%E5%85%AC%E6%9C%83%20%E5%B8%82%E5%83%B9%20%E6%B0%91%E6%94%BF%E9%A1%9E%20%E8%87%BA%E4%B8%AD%E5%B8%82%20%E9%82%B1%E7%A7%8B%E6%A6%AE%20&oid=1548415 HTTP/1.1" 200 4944
66.249.79.200 - - [06/Jun/2016:04:27:35 +0800] "GET /content/nav/relationSubject.jsp?relationWords=%E7%88%B6%E4%B9%99%E7%88%B5+&oid=1814140 HTTP/1.1" 200 3197
66.249.71.136 - - [06/Jun/2016:04:27:40 +0800] "GET /content/nav/relationSubject.jsp?relationWords=%E5%B1%B1%E6%9E%87%E6%9D%B7+%E6%9E%87%E6%9D%B7+%E6%A4%8D%E7%89%A9%E7%95%8C+%E8%96%94%E8%96%87%E7%9B%AE+%E8%96%94%E8%96%87%E7%A7%91+&oid=3824417 HTTP/1.1" 200 3479
66.249.71.136 - - [06/Jun/2016:04:27:41 +0800] "GET /content/nav/relationSubject.jsp?relationWords=%E7%88%B6%E4%B9%99%E7%88%B5%20&oid=1814140 HTTP/1.1" 200 3197
66.249.71.136 - - [06/Jun/2016:04:27:42 +0800] "GET /content/nav/relationSubject.jsp?relationWords=%E5%B1%B1%E6%9E%87%E6%9D%B7%20%E6%9E%87%E6%9D%B7%20%E6%A4%8D%E7%89%A9%E7%95%8C%20%E8%96%94%E8%96%87%E7%9B%AE%20%E8%96%94%E8%96%87%E7%A7%91%20&oid=3824417 HTTP/1.1" 200 3479
66.249.71.188 - - [06/Jun/2016:04:27:43 +0800] "GET /content/nav/relationSubject.jsp?relationWords=%E6%AE%B7%E5%95%86+%E9%99%B6%E4%BF%91+&oid=16777549 HTTP/1.1" 200 3217
66.249.71.194 - - [06/Jun/2016:04:27:47 +0800] "GET /content/nav/relationSubject.jsp?relationWords=%E6%AE%B7%E5%95%86%20%E9%99%B6%E4%BF%91%20&oid=16777549 HTTP/1.1" 200 3217
66.249.71.136 - - [06/Jun/2016:04:27:52 +0800] "GET /content/repository/resource_content.jsp?oid=2470352 HTTP/1.1" 200 30347
66.249.71.136 - - [06/Jun/2016:04:27:58 +0800] "GET /content/nav/relationSubject.jsp?relationWords=%E5%81%A5%E5%BA%B7%E6%A1%88+%E5%85%AD%E5%BA%9C%E6%95%99+%E5%9F%BA%E9%9A%86%E4%B8%AD%E5%AD%B8+%E6%95%99%E8%82%B2%E5%BB%B3+%E8%BA%AB%E5%BF%83+%E9%AB%94%E8%82%B2+&oid=1624705 HTTP/1.1" 200 3873
66.249.71.136 - - [06/Jun/2016:04:28:05 +0800] "GET /content/repository/resource_content.jsp?oid=217287 HTTP/1.1" 200 30764
66.249.71.159 - - [06/Jun/2016:04:28:08 +0800] "GET /content/nav/relationSubject.jsp?relationWords=%E5%90%8F%E9%83%A8+%E5%A7%94%E7%BD%B2+&oid=2686536 HTTP/1.1" 200 4000
66.249.79.139 - - [06/Jun/2016:04:28:10 +0800] "GET /content/nav/relationSubject.jsp?relationWords=%E5%90%8F%E9%83%A8%20%E5%A7%94%E7%BD%B2%20&oid=2686536 HTTP/1.1" 200 4000
66.249.71.136 - - [06/Jun/2016:04:28:18 +0800] "GET /content/repository/resource_content.jsp?oid=1820361 HTTP/1.1" 200 28705
66.249.79.200 - - [06/Jun/2016:04:28:32 +0800] "GET /content/repository/resource_content.jsp?oid=4551317&queryString=%E5%8F%B0%E7%81%A3%E8%9C%86%20%E7%B0%BE%E8%9B%A4%E7%9B%AE%20%E8%9C%86%E5%B1%AC%20%E8%9C%86%E7%A7%91%20%E8%BB%9F%E9%AB%94%E5%8B%95%E7%89%A9%E9%96%80%20%E9%9B%99%E6%AE%BC%E7%B6%B1 HTTP/1.1" 200 30943
66.249.71.136 - - [06/Jun/2016:04:28:33 +0800] "GET /content/nav/relationSubject.jsp?relationWords=%E6%9D%BE%E6%9D%89+%E6%9D%BE%E7%A7%91+%E6%A4%8D%E7%89%A9%E7%95%8C+%E6%AF%AC%E6%9E%9C+%E7%AB%B9%E6%9F%8F+%E7%AB%B9%E6%9F%8F%E5%B1%AC+%E7%BE%85%E6%BC%A2%E6%9D%BE+&oid=2150601 HTTP/1.1" 200 4578
66.249.79.200 - - [06/Jun/2016:04:28:35 +0800] "GET /content/nav/relationSubject.jsp?relationWords=%E5%88%91%E9%83%A8+%E6%9D%8E%E5%9B%9B+%E7%B3%BE%E5%A4%A5+&oid=2657879 HTTP/1.1" 200 4050
66.249.71.199 - - [06/Jun/2016:04:28:36 +0800] "GET /digiarch3/content/subject/resource_content.jsp?oid=16777767&queryType=qs&queryString=%E5%82%85%E6%96%AF%E5%B9%B4 HTTP/1.1" 200 30169
66.249.79.200 - - [06/Jun/2016:04:28:40 +0800] "GET /content/nav/relationSubject.jsp?relationWords=%E6%9D%BE%E6%9D%89%20%E6%9D%BE%E7%A7%91%20%E6%A4%8D%E7%89%A9%E7%95%8C%20%E6%AF%AC%E6%9E%9C%20%E7%AB%B9%E6%9F%8F%20%E7%AB%B9%E6%9F%8F%E5%B1%AC%20%E7%BE%85%E6%BC%A2%E6%9D%BE%20&oid=2150601 HTTP/1.1" 200 4578
66.249.71.136 - - [06/Jun/2016:04:28:41 +0800] "GET /content/nav/relationSubject.jsp?relationWords=%E5%88%91%E9%83%A8%20%E6%9D%8E%E5%9B%9B%20%E7%B3%BE%E5%A4%A5%20&oid=2657879 HTTP/1.1" 200 4050
66.249.79.186 - - [06/Jun/2016:04:28:43 +0800] "GET /content/repository/resource_content.jsp?oid=15872&queryString=%E5%8F%B0%E7%81%A3%E9%AD%9A%E9%A1%9E%20%E6%93%AC%E9%B1%B8%20%E7%89%9F%E5%A9%81%E6%93%AC%E9%B1%B8 HTTP/1.1" 200 35837
66.249.71.188 - - [06/Jun/2016:04:28:44 +0800] "GET /content/repository/resource_content.jsp?oid=14241&queryType=qs&queryString=%E5%BA%95%E5%BB%B6%E7%B9%A9%E9%87%A3 HTTP/1.1" 200 33952
66.249.71.136 - - [06/Jun/2016:04:28:57 +0800] "GET /content/repository/resource_content.jsp?oid=4551364&queryString=%E5%8D%8A%E7%B4%8B%E6%96%A7%E8%9B%A4%20%E6%96%A7%E8%9B%A4%E7%A7%91%20%E7%B0%BE%E8%9B%A4%E7%9B%AE%20%E8%BB%9F%E9%AB%94%E5%8B%95%E7%89%A9%E9%96%80%20%E9%9B%99%E6%AE%BC%E7%B6%B1 HTTP/1.1" 200 30973
66.249.71.136 - - [06/Jun/2016:04:29:08 +0800] "GET /content/nav/relationSubject.jsp?relationWords=%E6%A2%A7%E6%A3%B2%E9%8E%AE+%E7%8E%8B%E5%B1%B1%E5%90%9B+&oid=1518740 HTTP/1.1" 200 9480
66.249.71.242 - - [06/Jun/2016:04:29:10 +0800] "GET /content/repository/resource_content.jsp?oid=1516304&queryType=qs&queryString=%E7%81%AB%E6%97%BA HTTP/1.1" 200 28282
66.249.71.136 - - [06/Jun/2016:04:29:15 +0800] "GET /content/nav/relationSubject.jsp?relationWords=%E6%A2%A7%E6%A3%B2%E9%8E%AE%20%E7%8E%8B%E5%B1%B1%E5%90%9B%20&oid=1518740 HTTP/1.1" 200 9480
66.249.79.141 - - [06/Jun/2016:04:29:23 +0800] "GET /content/repository/resource_content.jsp?oid=1557481&queryType=qs&queryString=%E8%88%A2%E8%88%A8 HTTP/1.1" 200 29954
66.249.71.242 - - [06/Jun/2016:04:29:29 +0800] "GET /content/nav/relationSubject.jsp?relationWords=%E5%A4%A7%E7%9B%AE%E5%AD%94+%E7%87%A7%E9%AF%9B+%E9%81%94%E6%B0%8F%E6%A9%8B%E6%A3%98%E9%AF%9B+%E9%81%94%E6%B0%8F%E6%A9%8B%E7%87%A7%E9%AF%9B+%E9%AF%9B%E7%A7%91+&oid=14724 HTTP/1.1" 200 3623
66.249.71.242 - - [06/Jun/2016:04:29:31 +0800] "GET /content/nav/relationSubject.jsp?relationWords=%E5%A4%A7%E7%9B%AE%E5%AD%94%20%E7%87%A7%E9%AF%9B%20%E9%81%94%E6%B0%8F%E6%A9%8B%E6%A3%98%E9%AF%9B%20%E9%81%94%E6%B0%8F%E6%A9%8B%E7%87%A7%E9%AF%9B%20%E9%AF%9B%E7%A7%91%20&oid=14724 HTTP/1.1" 200 3623
66.249.71.242 - - [06/Jun/2016:04:29:46 +0800] "GET /content/nav/relationSubject.jsp?relationWords=%E5%8E%9F%E7%A8%9F+%E6%B9%96%E5%BB%A3+&oid=2674129 HTTP/1.1" 200 3140
66.249.71.136 - - [06/Jun/2016:04:29:48 +0800] "GET /digiarch_en/content/repository/resource_content.jsp?oid=1836030&queryString=%E7%8A%A7%E9%A6%96%20%E7%8D%B8%E9%9D%A2%E7%B4%8B HTTP/1.1" 200 24205
66.249.79.141 - - [06/Jun/2016:04:29:53 +0800] "GET /content/nav/relationSubject.jsp?relationWords=%E5%8E%9F%E7%A8%9F%20%E6%B9%96%E5%BB%A3%20&oid=2674129 HTTP/1.1" 200 3140
66.249.71.136 - - [06/Jun/2016:04:30:00 +0800] "GET /content/nav/relationSubject.jsp?relationWords=%E5%94%87%E5%BD%A2%E7%A7%91+%E6%97%A9%E7%94%B0%E6%B0%8F+%E6%A4%8D%E7%89%A9%E7%95%8C+%E7%99%BD%E8%8A%B1%E9%BC%A0%E5%B0%BE%E8%8D%89+%E7%BE%BD%E8%91%89%E7%B4%AB%E5%8F%83+%E8%96%84%E8%8D%B7+%E9%9B%99%E5%AD%90%E8%91%89%E6%A4%8D%E7%89%A9+%E9%BC%A0%E5%B0%BE%E8%8D%89+%E9%BC%A0%E5%B0%BE%E8%8D%89%E5%B1%AC+&oid=2151768 HTTP/1.1" 200 3684
66.249.71.242 - - [06/Jun/2016:04:30:02 +0800] "GET /content/repository/resource_content.jsp?oid=1589824&queryType=qs&queryString=%E4%BA%BA%E5%8F%A3%E5%AF%86%E5%BA%A6 HTTP/1.1" 200 31475
66.249.71.136 - - [06/Jun/2016:04:30:04 +0800] "GET /content/nav/relationSubject.jsp?relationWords=%E5%94%87%E5%BD%A2%E7%A7%91%20%E6%97%A9%E7%94%B0%E6%B0%8F%20%E6%A4%8D%E7%89%A9%E7%95%8C%20%E7%99%BD%E8%8A%B1%E9%BC%A0%E5%B0%BE%E8%8D%89%20%E7%BE%BD%E8%91%89%E7%B4%AB%E5%8F%83%20%E8%96%84%E8%8D%B7%20%E9%9B%99%E5%AD%90%E8%91%89%E6%A4%8D%E7%89%A9%20%E9%BC%A0%E5%B0%BE%E8%8D%89%20%E9%BC%A0%E5%B0%BE%E8%8D%89%E5%B1%AC%20&oid=2151768 HTTP/1.1" 200 3684
66.249.71.159 - - [06/Jun/2016:04:30:14 +0800] "GET /content/repository/resource_content.jsp?oid=1541433&queryType=qs&queryString=%E6%9E%97%E6%9F%8F%E5%A3%BD HTTP/1.1" 200 29939
66.249.71.136 - - [06/Jun/2016:04:30:25 +0800] "GET /content/nav/relationSubject.jsp?relationWords=%E6%B0%B8%E5%AF%B6+%E9%AD%AF%E4%BC%AF%E6%84%88%E7%88%B6%E9%AC%B2+&oid=3041459 HTTP/1.1" 200 3319
66.249.79.200 - - [06/Jun/2016:04:30:28 +0800] "GET /content/subject/resource_content.jsp?oid=16777808&queryType=qs&queryString=%E9%A6%AC%E6%8B%89%E6%9D%BE HTTP/1.1" 200 39924
66.249.71.136 - - [06/Jun/2016:04:30:28 +0800] "GET /content/nav/relationSubject.jsp?relationWords=%E6%B0%B8%E5%AF%B6%20%E9%AD%AF%E4%BC%AF%E6%84%88%E7%88%B6%E9%AC%B2%20&oid=3041459 HTTP/1.1" 200 3319
66.249.71.136 - - [06/Jun/2016:04:30:36 +0800] "GET /digiarch_en/content/nav/relationSubject.jsp?relationWords=%E4%BA%BA%E5%90%8D%E6%AC%8A%E5%A8%81+%E8%91%97%E4%BD%9C%E6%AC%8A+&oid=759514 HTTP/1.1" 200 4054
66.249.71.136 - - [06/Jun/2016:04:30:38 +0800] "GET /digiarch_en/content/nav/relationSubject.jsp?relationWords=%E4%BA%BA%E5%90%8D%E6%AC%8A%E5%A8%81%20%E8%91%97%E4%BD%9C%E6%AC%8A%20&oid=759514 HTTP/1.1" 200 4054
66.249.71.136 - - [06/Jun/2016:04:30:59 +0800] "GET /content/nav/relationSubject.jsp?relationWords=%E5%8F%B0%E7%81%A3%E9%99%84%E5%9C%B0%E8%8D%89+%E6%A4%8D%E7%89%A9%E7%95%8C+%E7%B4%AB%E8%8D%89%E7%A7%91+%E9%99%84%E5%9C%B0%E8%8D%89%E5%B1%AC+&oid=1103049 HTTP/1.1" 200 3365
66.249.71.136 - - [06/Jun/2016:04:31:01 +0800] "GET /content/nav/relationSubject.jsp?relationWords=%E5%8F%B0%E7%81%A3%E9%99%84%E5%9C%B0%E8%8D%89%20%E6%A4%8D%E7%89%A9%E7%95%8C%20%E7%B4%AB%E8%8D%89%E7%A7%91%20%E9%99%84%E5%9C%B0%E8%8D%89%E5%B1%AC%20&oid=1103049 HTTP/1.1" 200 3365
66.249.71.136 - - [06/Jun/2016:04:31:06 +0800] "GET /content/repository/resource_content.jsp?oid=1890697&queryString=%E5%8A%89%E7%82%B3%20%E6%99%AF%E6%98%9F HTTP/1.1" 200 29660
199.30.24.192 - - [06/Jun/2016:04:31:12 +0800] "GET /content/nav/relationSubject.jsp?relationWords=%E6%96%B9%E9%BC%8E+%E9%9B%B2%E9%9B%B7%E7%B4%8B%E5%88%97%E9%BC%8E+%E9%9D%92%E9%8A%85%E5%99%A8+&oid=16777446 HTTP/1.1" 200 4066
66.249.71.136 - - [06/Jun/2016:04:31:32 +0800] "GET /content/repository/resource_content.jsp?oid=4352507&queryString=%E7%84%A1%E6%96%91%20%E7%84%A1%E6%96%91%E7%AE%B1%E9%AD%A8%20%E7%AE%B1%E9%AD%A8%20%E9%AD%A8%E7%A7%91 HTTP/1.1" 200 34122
66.249.71.136 - - [06/Jun/2016:04:31:33 +0800] "GET /content/nav/relationSubject.jsp?relationWords=%E5%A3%AC%E5%8D%88+%E5%AE%9A%E5%B7%9E+%E5%BD%8C%E5%8B%92%E4%BD%9B+%E6%B5%AE%E5%9C%96+%E6%B6%85%E6%A7%83%E7%B6%93+%E7%9C%9F%E5%90%9B+%E7%A6%8F%E6%85%B6+%E9%80%A0%E5%83%8F%E8%A8%98+%E9%80%A0%E8%B1%A1+&oid=1832740 HTTP/1.1" 200 3386
66.249.71.136 - - [06/Jun/2016:04:31:42 +0800] "GET /content/nav/relationSubject.jsp?relationWords=%E5%A3%AC%E5%8D%88%20%E5%AE%9A%E5%B7%9E%20%E5%BD%8C%E5%8B%92%E4%BD%9B%20%E6%B5%AE%E5%9C%96%20%E6%B6%85%E6%A7%83%E7%B6%93%20%E7%9C%9F%E5%90%9B%20%E7%A6%8F%E6%85%B6%20%E9%80%A0%E5%83%8F%E8%A8%98%20%E9%80%A0%E8%B1%A1%20&oid=1832740 HTTP/1.1" 200 3386
66.249.71.159 - - [06/Jun/2016:04:32:24 +0800] "GET /content/nav/relationSubject.jsp?relationWords=%E6%95%B8%E4%BD%8D%E5%85%B8%E8%97%8F%20&oid=16777715 HTTP/1.1" 200 5879
66.249.71.159 - - [06/Jun/2016:04:32:36 +0800] "GET /content/repository/resource_content.jsp?oid=1887089&queryString=%E6%A9%AB%E7%B0%BE%E8%9B%A4%20%E7%B0%BE%E8%9B%A4%E7%9B%AE%20%E7%B0%BE%E8%9B%A4%E7%A7%91%20%E9%9B%99%E6%AE%BC%E7%B6%B1 HTTP/1.1" 200 31786
66.249.71.136 - - [06/Jun/2016:04:32:37 +0800] "GET /content/nav/relationSubject.jsp?relationWords=%E4%B9%9D%E7%AF%80%E6%9C%A8+%E4%B9%9D%E7%AF%80%E6%9C%A8%E5%B1%AC+%E6%A4%8D%E7%89%A9%E7%95%8C+%E7%89%9B%E5%B1%8E%E7%83%8F+%E8%8C%9C%E8%8D%89+%E8%8C%9C%E8%8D%89%E7%A7%91+%E9%9D%92%E9%BE%8D%E5%90%90%E9%9C%A7+&oid=2142985 HTTP/1.1" 200 3540
66.249.71.242 - - [06/Jun/2016:04:32:49 +0800] "GET /content/repository/resource_content.jsp?oid=1775632&queryType=qs&queryString=%E8%AA%9E%E8%A8%80%E8%83%BD%E5%8A%9B HTTP/1.1" 200 30202
66.249.71.136 - - [06/Jun/2016:04:32:56 +0800] "GET /content/nav/relationSubject.jsp?relationWords=%E9%99%B8%E6%B8%AC%E5%9C%96+%E9%BE%8D%E7%8E%8B%E5%BB%9F+&oid=178004 HTTP/1.1" 200 3142
66.249.71.136 - - [06/Jun/2016:04:33:02 +0800] "GET /content/repository/resource_content.jsp?oid=1893643&queryString=%E9%82%B1%E8%8C%82%E7%94%B7 HTTP/1.1" 200 28812
66.249.71.199 - - [06/Jun/2016:04:33:05 +0800] "GET /digiarch3/content/nav/relationSubject.jsp?relationWords=%E6%8D%90%E7%9B%A3+%E6%94%B6%E6%8D%90%E7%9B%A3+%E9%8A%80%E4%BA%8B+&oid=2679447 HTTP/1.1" 200 3166
66.249.71.136 - - [06/Jun/2016:04:33:06 +0800] "GET /content/nav/relationSubject.jsp?relationWords=%E9%99%B8%E6%B8%AC%E5%9C%96%20%E9%BE%8D%E7%8E%8B%E5%BB%9F%20&oid=178004 HTTP/1.1" 200 3142
66.249.71.199 - - [06/Jun/2016:04:33:07 +0800] "GET /digiarch3/content/nav/relationSubject.jsp?relationWords=%E6%8D%90%E7%9B%A3%20%E6%94%B6%E6%8D%90%E7%9B%A3%20%E9%8A%80%E4%BA%8B%20&oid=2679447 HTTP/1.1" 200 3166
66.249.71.242 - - [06/Jun/2016:04:33:15 +0800] "GET /content/repository/resource_content.jsp?oid=1569059&queryType=qs&queryString=%E6%AA%A2%E5%AF%9F%E5%AE%98 HTTP/1.1" 200 29049
66.249.71.242 - - [06/Jun/2016:04:33:31 +0800] "GET /content/nav/relationSubject.jsp?relationWords=%E5%9C%9F%E5%9C%B0%E6%94%BF%E7%AD%96+%E5%AD%AB%E6%B5%B7+%E5%B7%A5%E6%9C%83+%E5%B7%A5%E7%A8%8B%E8%99%95+%E5%BB%BA%E8%A8%AD%E5%BB%B3+%E6%9E%97%E5%8B%99%E5%B1%80+%E6%9E%97%E7%94%A2%E7%AE%A1%E7%90%86%E5%B1%80+%E6%B0%B4%E5%88%A9%E5%B1%80+%E7%91%9E%E7%94%9F+%E7%A8%8B%E5%86%A0%E7%8F%8A+%E7%B6%AD%E6%B0%91+%E8%87%BA%E6%9D%B1%E5%BB%A0+%E8%87%BA%E6%9D%B1%E7%B8%A3%E8%AD%B0%E6%9C%83+%E8%87%BA%E7%81%A3%E7%9C%81%E6%94%BF%E5%BA%9C+%E8%87%BA%E7%B3%96+%E8%9E%BA%E9%87%98+%E8%AD%89%E4%BB%B6+%E9%90%B5%E5%B7%A5%E5%BB%A0+%E9%98%BF%E9%87%8C%E5%B1%B1%E6%9E%97%E5%A0%B4+%E9%99%B3%E5%BD%A9%E9%BE%8D+%E9%BB%83%E6%A6%AE+&oid=1556476 HTTP/1.1" 200 7172
66.249.71.199 - - [06/Jun/2016:04:33:33 +0800] "GET /digiarch3/content/nav/relationSubject.jsp?relationWords=%E5%9C%93%E6%B5%B7%E7%87%95%20%E6%B5%B7%E7%87%95%20%E7%87%95%E9%AD%9A%20%E7%99%BD%E9%AF%A7%20%E7%99%BD%E9%AF%A7%E7%A7%91%20%E9%AF%A7%E4%BB%94%20&oid=16263 HTTP/1.1" 200 4316
66.249.71.242 - - [06/Jun/2016:04:33:34 +0800] "GET /content/nav/relationSubject.jsp?relationWords=%E5%9C%9F%E5%9C%B0%E6%94%BF%E7%AD%96%20%E5%AD%AB%E6%B5%B7%20%E5%B7%A5%E6%9C%83%20%E5%B7%A5%E7%A8%8B%E8%99%95%20%E5%BB%BA%E8%A8%AD%E5%BB%B3%20%E6%9E%97%E5%8B%99%E5%B1%80%20%E6%9E%97%E7%94%A2%E7%AE%A1%E7%90%86%E5%B1%80%20%E6%B0%B4%E5%88%A9%E5%B1%80%20%E7%91%9E%E7%94%9F%20%E7%A8%8B%E5%86%A0%E7%8F%8A%20%E7%B6%AD%E6%B0%91%20%E8%87%BA%E6%9D%B1%E5%BB%A0%20%E8%87%BA%E6%9D%B1%E7%B8%A3%E8%AD%B0%E6%9C%83%20%E8%87%BA%E7%81%A3%E7%9C%81%E6%94%BF%E5%BA%9C%20%E8%87%BA%E7%B3%96%20%E8%9E%BA%E9%87%98%20%E8%AD%89%E4%BB%B6%20%E9%90%B5%E5%B7%A5%E5%BB%A0%20%E9%98%BF%E9%87%8C%E5%B1%B1%E6%9E%97%E5%A0%B4%20%E9%99%B3%E5%BD%A9%E9%BE%8D%20%E9%BB%83%E6%A6%AE%20&oid=1556476 HTTP/1.1" 200 7172
66.249.71.199 - - [06/Jun/2016:04:33:35 +0800] "GET /digiarch3/content/nav/relationSubject.jsp?relationWords=%E6%A4%8D%E7%89%A9%E7%95%8C+%E6%B5%B7%E6%A3%A0+%E6%BA%AA%E9%A0%AD%E7%A7%8B%E6%B5%B7%E6%A3%A0+%E7%A7%8B%E6%B5%B7%E6%A3%A0+%E7%A7%8B%E6%B5%B7%E6%A3%A0%E5%B1%AC+%E7%A7%8B%E6%B5%B7%E6%A3%A0%E7%A7%91+%E8%8F%AB%E8%8F%9C+&oid=1108603 HTTP/1.1" 200 5381
66.249.71.199 - - [06/Jun/2016:04:33:36 +0800] "GET /digiarch3/content/nav/relationSubject.jsp?relationWords=%E7%9F%B3%E6%96%91+%E7%9F%B3%E6%96%91%E9%AD%9A+%E9%81%8E%E9%AD%9A+%E9%AE%A8%E7%A7%91+%E9%B1%A0%E4%BB%94+%E9%BB%91%E8%99%8E+%E9%BB%91%E9%A7%81%E7%9F%B3%E6%96%91%E9%AD%9A+&oid=14998 HTTP/1.1" 200 3758
66.249.79.186 - - [06/Jun/2016:04:33:38 +0800] "GET /digiarch3/content/nav/relationSubject.jsp?relationWords=%E7%9F%B3%E6%96%91%20%E7%9F%B3%E6%96%91%E9%AD%9A%20%E9%81%8E%E9%AD%9A%20%E9%AE%A8%E7%A7%91%20%E9%B1%A0%E4%BB%94%20%E9%BB%91%E8%99%8E%20%E9%BB%91%E9%A7%81%E7%9F%B3%E6%96%91%E9%AD%9A%20&oid=14998 HTTP/1.1" 200 3758
66.249.79.186 - - [06/Jun/2016:04:33:39 +0800] "GET /digiarch3/content/nav/relationSubject.jsp?relationWords=%E6%A4%8D%E7%89%A9%E7%95%8C%20%E6%B5%B7%E6%A3%A0%20%E6%BA%AA%E9%A0%AD%E7%A7%8B%E6%B5%B7%E6%A3%A0%20%E7%A7%8B%E6%B5%B7%E6%A3%A0%20%E7%A7%8B%E6%B5%B7%E6%A3%A0%E5%B1%AC%20%E7%A7%8B%E6%B5%B7%E6%A3%A0%E7%A7%91%20%E8%8F%AB%E8%8F%9C%20&oid=1108603 HTTP/1.1" 200 5381
66.249.71.136 - - [06/Jun/2016:04:33:41 +0800] "GET /content/repository/resource_content.jsp?oid=1545228 HTTP/1.1" 200 32511
66.249.79.200 - - [06/Jun/2016:04:33:54 +0800] "GET /digiarch_en/content/repository/resource_content.jsp?oid=2685285&queryString=%E4%BF%84%E8%92%99%20%E5%8F%A4%E5%9C%B0%E5%9C%96%20%E8%92%99%E5%8D%94%E7%B4%84%20%E9%8A%9C%E5%90%8D HTTP/1.1" 200 24371
66.249.71.136 - - [06/Jun/2016:04:34:07 +0800] "GET /content/repository/resource_content.jsp?oid=1124667&queryString=%E5%A3%81%E8%9C%91%E8%9E%BA HTTP/1.1" 200 39310
66.249.71.136 - - [06/Jun/2016:04:34:09 +0800] "GET /content/nav/relationSubject.jsp?relationWords=%E5%B1%85%E5%BB%B6%E6%BC%A2%E7%B0%A1+%E6%B0%B8%E5%85%83+&oid=279363 HTTP/1.1" 200 3212
66.249.79.186 - - [06/Jun/2016:04:34:13 +0800] "GET /digiarch3/content/subject/resource_content.jsp?oid=16777604&queryType=qs&queryString=%E5%B0%8F%E5%85%92%E7%A7%91 HTTP/1.1" 200 59730
66.249.79.200 - - [06/Jun/2016:04:34:18 +0800] "GET /content/nav/relationSubject.jsp?relationWords=%E5%86%A0%E5%A4%AB%E5%A7%93+&oid=1614341 HTTP/1.1" 200 5022
66.249.71.136 - - [06/Jun/2016:04:34:20 +0800] "GET /content/subject/resource_content.jsp?oid=16777554&queryString=%E5%85%B5%E9%A6%AC%E4%BF%91%20%E5%B8%83%E8%A2%8B%E6%88%B2%20%E6%B0%91%E6%97%8F%E5%AD%B8 HTTP/1.1" 200 39498
66.249.71.199 - - [06/Jun/2016:04:34:32 +0800] "GET /digiarch3/content/repository/resource_content.jsp?oid=15311&queryString=%E6%BF%B1%E9%AF%9B%20%E7%AC%9B%E9%AF%9B%E7%A7%91%20%E7%B4%85%E9%9B%9E%E4%BB%94 HTTP/1.1" 200 35977
66.249.79.139 - - [06/Jun/2016:04:34:41 +0800] "GET /content/nav/relationSubject.jsp?relationWords=%E5%85%AB%E5%8D%A6%E5%8A%8D%E7%8D%85+%E5%8E%AD%E5%8B%9D+%E6%9C%A8%E9%9B%95+&oid=4362335 HTTP/1.1" 200 3069
66.249.71.136 - - [06/Jun/2016:04:34:45 +0800] "GET /content/repository/resource_content.jsp?oid=1115843&queryString=%E6%A4%8D%E7%89%A9%E7%95%8C%20%E8%BB%8A%E5%89%8D%E5%B1%AC%20%E9%95%B7%E8%91%89%E8%BB%8A%E5%89%8D%E8%8D%89 HTTP/1.1" 200 31688
66.249.71.136 - - [06/Jun/2016:04:34:58 +0800] "GET /content/subject/resource_content.jsp?oid=16777345&queryType=qc HTTP/1.1" 200 35034
66.249.71.136 - - [06/Jun/2016:04:35:14 +0800] "GET /content/nav/relationSubject.jsp?relationWords=%E5%B1%B1%E5%9D%A1%E5%9C%B0+%E7%8E%89%E6%9E%9D+%E8%BE%B2%E6%9E%97%E9%A1%9E+%E9%99%B3%E7%8E%89+&oid=1598380 HTTP/1.1" 200 3248
66.249.71.136 - - [06/Jun/2016:04:35:16 +0800] "GET /content/nav/relationSubject.jsp?relationWords=%E5%B1%B1%E5%9D%A1%E5%9C%B0%20%E7%8E%89%E6%9E%9D%20%E8%BE%B2%E6%9E%97%E9%A1%9E%20%E9%99%B3%E7%8E%89%20&oid=1598380 HTTP/1.1" 200 3248
180.76.15.29 - - [06/Jun/2016:04:35:30 +0800] "GET /content/repository/resource_content.jsp?oid=3813012&queryString=%E8%90%8A%E6%B0%8F%E7%B7%9A%E8%95%A8 HTTP/1.1" 200 30302
66.249.71.136 - - [06/Jun/2016:04:35:50 +0800] "GET /content/subject/resource_content.jsp?oid=16797240&queryType=qc HTTP/1.1" 200 42460
78.204.252.46 - - [06/Jun/2016:04:36:13 +0800] "GET /content/nav/relationSubject.jsp?relationWords=%E9%B0%93%E9%B0%BB+&oid=16777565 HTTP/1.1" 200 3700
78.204.252.46 - - [06/Jun/2016:04:36:23 +0800] "GET /content/nav/relationSubject.jsp?relationWords=%E9%B0%93%E9%B0%BB+&oid=16777565 HTTP/1.1" 200 3700
66.249.71.136 - - [06/Jun/2016:04:36:29 +0800] "GET /content/subject/resource_content.jsp?oid=16777556&queryType=qs&queryString=%E5%B1%B1%E6%9D%B1%E5%98%89%E7%A5%A5 HTTP/1.1" 200 40376
66.249.71.199 - - [06/Jun/2016:04:36:42 +0800] "GET /digiarch3/content/repository/resource_content.jsp?oid=15295&queryString=%E7%83%8F%E5%B0%BE%E5%86%AC%20%E7%83%8F%E5%B0%BE%E5%86%AC%E4%BB%94 HTTP/1.1" 200 34930
68.180.228.229 - - [06/Jun/2016:04:36:42 +0800] "GET /content/subject/resource_content.jsp?oid=16777315&queryType=qc HTTP/1.1" 200 30021
66.249.71.136 - - [06/Jun/2016:04:36:54 +0800] "GET /content/subject/resource_content.jsp?oid=16777418&queryString=%E5%A4%A7%E8%8A%B1%E7%B4%AB%E8%96%87 HTTP/1.1" 200 36741
66.249.71.166 - - [06/Jun/2016:04:36:55 +0800] "GET /content/repository/resource_content.jsp?oid=1572543&queryType=qs&queryString=%E5%8C%96%E5%A6%9D%E5%93%81 HTTP/1.1" 200 29700
66.249.79.186 - - [06/Jun/2016:04:37:04 +0800] "GET /digiarch3/content/nav/relationSubject.jsp?relationWords=%E6%96%91%E7%9F%B3+%E6%96%91%E7%9F%B3%E9%AF%9B+%E7%9F%B3%E9%AF%9B+%E7%A1%AC%E6%AE%BC%E4%BB%94+%E9%AF%9B%E7%A7%91+&oid=15583 HTTP/1.1" 200 3524
66.249.71.159 - - [06/Jun/2016:04:37:07 +0800] "GET /content/repository/resource_content.jsp?oid=2647806&queryString=%E5%A4%96%E6%B2%B3%E6%B0%B4%E5%8B%A2 HTTP/1.1" 200 30165
66.249.79.186 - - [06/Jun/2016:04:37:08 +0800] "GET /digiarch3/content/nav/relationSubject.jsp?relationWords=%E6%96%91%E7%9F%B3%20%E6%96%91%E7%9F%B3%E9%AF%9B%20%E7%9F%B3%E9%AF%9B%20%E7%A1%AC%E6%AE%BC%E4%BB%94%20%E9%AF%9B%E7%A7%91%20&oid=15583 HTTP/1.1" 200 3524
66.249.71.199 - - [06/Jun/2016:04:37:33 +0800] "GET /digiarch3/content/repository/resource_content.jsp?oid=15917&queryType=qs&queryString=%E6%BD%9F%E6%B9%96 HTTP/1.1" 200 34798
66.249.79.200 - - [06/Jun/2016:04:37:47 +0800] "GET /content/subject/resource_content.jsp?oid=16777332&queryType=qc HTTP/1.1" 200 32786
66.249.71.136 - - [06/Jun/2016:04:37:49 +0800] "GET /content/nav/relationSubject.jsp?relationWords=%E9%81%8A%E8%89%87+&oid=1600032 HTTP/1.1" 200 7558
66.249.71.136 - - [06/Jun/2016:04:37:52 +0800] "GET /content/nav/relationSubject.jsp?relationWords=%E9%81%8A%E8%89%87%20&oid=1600032 HTTP/1.1" 200 7558
66.249.79.200 - - [06/Jun/2016:04:37:56 +0800] "GET /content/nav/relationSubject.jsp?relationWords=%E5%85%AB%E5%B8%B6%E8%9D%B4%E8%9D%B6%E9%AD%9A+%E8%9D%B4%E8%9D%B6%E9%AD%9A%E7%A7%91+&oid=3110916 HTTP/1.1" 200 3251
66.249.71.194 - - [06/Jun/2016:04:37:57 +0800] "GET /content/nav/relationSubject.jsp?relationWords=&oid=16777543 HTTP/1.1" 200 1405
66.249.71.136 - - [06/Jun/2016:04:37:59 +0800] "GET /content/nav/relationSubject.jsp?relationWords=%E5%85%AB%E5%B8%B6%E8%9D%B4%E8%9D%B6%E9%AD%9A%20%E8%9D%B4%E8%9D%B6%E9%AD%9A%E7%A7%91%20&oid=3110916 HTTP/1.1" 200 3251
66.249.71.136 - - [06/Jun/2016:04:38:12 +0800] "GET /content/repository/resource_content.jsp?oid=14829&queryString=%E5%8F%B0%E7%81%A3%E7%89%B9%E6%9C%89%E7%A8%AE%20%E6%A3%98%E8%A3%B8%E7%B5%A8%E9%AE%8B%20%E7%89%B9%E6%9C%89%E7%A8%AE%20%E7%9F%B3%E7%8B%97%E5%85%AC%20%E7%9F%B3%E9%A0%AD%E9%AD%9A%20%E7%B5%A8%E9%AE%8B HTTP/1.1" 200 35090
66.249.71.188 - - [06/Jun/2016:04:38:14 +0800] "GET /content/nav/relationSubject.jsp?relationWords=%E5%A4%9C%E9%96%93%E9%83%A8+%E5%A5%B3%E5%AD%90%E4%B8%AD%E5%AD%B8+%E7%9C%81%E6%94%BF%E5%BA%9C+%E8%81%B7%E6%A5%AD%E5%AD%B8%E6%A0%A1+%E8%A3%9C%E7%BF%92%E5%AD%B8%E6%A0%A1+&oid=1547770 HTTP/1.1" 200 4702
66.249.79.200 - - [06/Jun/2016:04:38:25 +0800] "GET /content/repository/resource_content.jsp?oid=1591853&queryString=%E5%8F%B0%E7%81%A3%E5%8F%B2%20%E6%88%90%E6%96%87%E5%87%BA%E7%89%88%E7%A4%BE%20%E6%9D%B1%E6%B4%8B%E6%96%87%E5%BA%AB%20%E8%87%BA%E7%81%A3%E5%8F%B2 HTTP/1.1" 200 28865
66.249.71.188 - - [06/Jun/2016:04:38:27 +0800] "GET /content/nav/relationSubject.jsp?relationWords=%E5%9B%9B%E6%96%91%E6%93%AC%E9%B1%B8+%E6%B2%99%E9%B1%B8+%E6%B5%B7%E7%8B%97%E7%94%98%E4%BB%94+%E8%88%89%E7%9B%AE%E9%AD%9A+%E8%8A%B1%E7%8B%97%E6%AF%8D%E6%B5%B7+%E9%9B%A8%E5%82%98%E9%96%82+&oid=15872 HTTP/1.1" 200 3814
66.249.71.188 - - [06/Jun/2016:04:38:29 +0800] "GET /content/nav/relationSubject.jsp?relationWords=%E5%9B%9B%E6%96%91%E6%93%AC%E9%B1%B8%20%E6%B2%99%E9%B1%B8%20%E6%B5%B7%E7%8B%97%E7%94%98%E4%BB%94%20%E8%88%89%E7%9B%AE%E9%AD%9A%20%E8%8A%B1%E7%8B%97%E6%AF%8D%E6%B5%B7%20%E9%9B%A8%E5%82%98%E9%96%82%20&oid=15872 HTTP/1.1" 200 3814
66.249.79.200 - - [06/Jun/2016:04:38:38 +0800] "GET /content/repository/resource_content.jsp?oid=1591892 HTTP/1.1" 200 29390
66.249.71.199 - - [06/Jun/2016:04:39:01 +0800] "GET /content/nav/relationSubject.jsp?relationWords=%E5%80%99%E9%81%B8%E4%BA%BA+%E5%82%B3%E6%9F%93%E7%97%85+%E5%85%B1%E7%94%A2%E9%BB%A8+%E5%8C%97%E6%B8%AF%E6%9C%9D%E5%A4%A9%E5%AE%AE+%E5%9F%BA%E9%9A%86%E9%86%AB%E9%99%A2+%E5%B0%8F%E5%85%92%E9%BA%BB%E7%97%BA+%E5%B0%A4%E6%B8%85+%E5%BB%9A%E6%88%BF+%E5%BC%B5%E4%B8%80%E4%B8%AD+%E7%9B%A3%E5%AF%9F%E5%A7%94%E5%93%A1+%E8%AD%A6%E5%8B%99%E8%99%95+%E8%AD%A6%E5%AF%9F+%E8%B3%AA%E8%A9%A2+&oid=1610772 HTTP/1.1" 200 5003
66.249.71.136 - - [06/Jun/2016:04:39:02 +0800] "GET /content/nav/relationSubject.jsp?relationWords=%E5%90%88%E5%AD%90%E8%8D%89%20%E5%90%88%E5%AD%90%E8%8D%89%E5%B1%AC%20%E6%A4%8D%E7%89%A9%E7%95%8C%20%E8%8F%AB%E8%8F%9C%20%E8%91%AB%E8%98%86%E7%A7%91%20&oid=1100917 HTTP/1.1" 200 3247
66.249.71.199 - - [06/Jun/2016:04:39:03 +0800] "GET /content/nav/relationSubject.jsp?relationWords=%E5%80%99%E9%81%B8%E4%BA%BA%20%E5%82%B3%E6%9F%93%E7%97%85%20%E5%85%B1%E7%94%A2%E9%BB%A8%20%E5%8C%97%E6%B8%AF%E6%9C%9D%E5%A4%A9%E5%AE%AE%20%E5%9F%BA%E9%9A%86%E9%86%AB%E9%99%A2%20%E5%B0%8F%E5%85%92%E9%BA%BB%E7%97%BA%20%E5%B0%A4%E6%B8%85%20%E5%BB%9A%E6%88%BF%20%E5%BC%B5%E4%B8%80%E4%B8%AD%20%E7%9B%A3%E5%AF%9F%E5%A7%94%E5%93%A1%20%E8%AD%A6%E5%8B%99%E8%99%95%20%E8%AD%A6%E5%AF%9F%20%E8%B3%AA%E8%A9%A2%20&oid=1610772 HTTP/1.1" 200 5003
66.249.79.200 - - [06/Jun/2016:04:39:44 +0800] "GET /content/repository/resource_content.jsp?oid=1897748 HTTP/1.1" 200 29986
66.249.71.136 - - [06/Jun/2016:04:39:52 +0800] "GET /content/nav/relationSubject.jsp?relationWords=&oid=16777809 HTTP/1.1" 200 1405
66.249.71.242 - - [06/Jun/2016:04:40:34 +0800] "GET /content/repository/resource_content.jsp?oid=4470388&queryType=qs&queryString=%E9%BE%8D%E5%B1%B1%E5%AF%BA HTTP/1.1" 200 36185
66.249.71.136 - - [06/Jun/2016:04:40:49 +0800] "GET /digiarch_en/content/nav/relationSubject.jsp?relationWords=%E6%9E%97%E7%A7%8B%E9%8C%A6+%E8%94%A1%E5%9F%B9%E7%81%AB+%E9%9F%B3%E6%A8%82%E6%9C%83+&oid=16777657 HTTP/1.1" 200 3961
68.180.228.229 - - [06/Jun/2016:04:41:05 +0800] "GET /content/subject/resource_content.jsp?oid=16777753&queryType=qc HTTP/1.1" 200 36817
66.249.79.200 - - [06/Jun/2016:04:41:12 +0800] "GET /content/nav/relationSubject.jsp?relationWords=%E5%B1%B1%E6%A5%9D+%E6%A4%8D%E7%89%A9%E7%95%8C+%E6%A5%9D%E5%B1%AC+%E6%A5%9D%E7%A7%91+%E7%84%A1%E6%82%A3%E5%AD%90+%E7%A9%97%E8%8A%B1%E6%A8%B9%E8%98%AD+&oid=2150182 HTTP/1.1" 200 3366
66.249.71.136 - - [06/Jun/2016:04:41:15 +0800] "GET /content/nav/relationSubject.jsp?relationWords=%E5%B1%B1%E6%A5%9D%20%E6%A4%8D%E7%89%A9%E7%95%8C%20%E6%A5%9D%E5%B1%AC%20%E6%A5%9D%E7%A7%91%20%E7%84%A1%E6%82%A3%E5%AD%90%20%E7%A9%97%E8%8A%B1%E6%A8%B9%E8%98%AD%20&oid=2150182 HTTP/1.1" 200 3366
66.249.71.136 - - [06/Jun/2016:04:41:22 +0800] "GET /content/nav/relationSubject.jsp?relationWords=%E6%A4%8D%E7%89%A9%E7%95%8C+%E8%8D%89%E7%B4%AB%E9%99%BD%E8%8A%B1+%E8%96%94%E8%96%87%E7%9B%AE+%E8%99%8E%E8%80%B3%E8%8D%89%E7%A7%91+&oid=1115811 HTTP/1.1" 200 3362
66.249.71.136 - - [06/Jun/2016:04:41:27 +0800] "GET /content/nav/relationSubject.jsp?relationWords=%E6%A4%8D%E7%89%A9%E7%95%8C%20%E8%8D%89%E7%B4%AB%E9%99%BD%E8%8A%B1%20%E8%96%94%E8%96%87%E7%9B%AE%20%E8%99%8E%E8%80%B3%E8%8D%89%E7%A7%91%20&oid=1115811 HTTP/1.1" 200 3362
66.249.71.136 - - [06/Jun/2016:04:41:37 +0800] "GET /content/nav/relationSubject.jsp?relationWords=%E6%A4%8D%E7%89%A9%E7%95%8C+%E6%B0%B4%E9%BE%8D%E9%AA%A8+%E7%B4%B0%E6%9F%84%E9%9B%99%E8%93%8B%E8%95%A8+%E8%95%A8%E9%A1%9E%E6%A4%8D%E7%89%A9+%E8%B9%84%E8%93%8B%E8%95%A8%E7%A7%91+%E9%9B%99%E8%93%8B%E8%95%A8%E5%B1%AC+&oid=1459982 HTTP/1.1" 200 3520
66.249.71.136 - - [06/Jun/2016:04:41:39 +0800] "GET /content/nav/relationSubject.jsp?relationWords=%E6%A4%8D%E7%89%A9%E7%95%8C%20%E6%B0%B4%E9%BE%8D%E9%AA%A8%20%E7%B4%B0%E6%9F%84%E9%9B%99%E8%93%8B%E8%95%A8%20%E8%95%A8%E9%A1%9E%E6%A4%8D%E7%89%A9%20%E8%B9%84%E8%93%8B%E8%95%A8%E7%A7%91%20%E9%9B%99%E8%93%8B%E8%95%A8%E5%B1%AC%20&oid=1459982 HTTP/1.1" 200 3520
66.249.71.159 - - [06/Jun/2016:04:42:00 +0800] "GET /content/nav/relationSubject.jsp?relationWords=%E5%8F%B2%E6%87%8B%E5%A3%BA+%E7%88%B6%E4%B8%81+&oid=3354800 HTTP/1.1" 200 3239
66.249.71.152 - - [06/Jun/2016:04:42:01 +0800] "GET /content/nav/relationSubject.jsp?relationWords=%E5%8F%B2%E6%87%8B%E5%A3%BA%20%E7%88%B6%E4%B8%81%20&oid=3354800 HTTP/1.1" 200 3239
