118.193.194.118 - - [21/Jun/2015:00:00:20 +0800] "GET /content/repository/resource_content.jsp?oid=216526&queryType=qs&queryString=%E6%9D%B1%E5%B1%B1%E7%B8%A3 HTTP/1.1" 200 30765
118.193.194.118 - - [21/Jun/2015:00:00:22 +0800] "GET /content/nav/relationSubject.jsp?relationWords=%E9%99%B8%E6%B8%AC%E5%9C%96+&oid=216526 HTTP/1.1" 200 3079
39.11.2.17 - - [21/Jun/2015:00:00:53 +0800] "GET /content/subject/resource_content.jsp?oid=16777282&queryString=%E5%8F%B0%E7%81%A3%E6%AC%92%E6%A8%B9%20%E6%AC%92%E6%A8%B9 HTTP/1.1" 200 29071
39.11.2.17 - - [21/Jun/2015:00:00:54 +0800] "GET /content/nav/relationSubject.jsp?relationWords=%E5%8F%B0%E7%81%A3%E6%AC%92%E6%A8%B9+%E6%AC%92%E6%A8%B9+&oid=16777282 HTTP/1.1" 200 4258
66.249.71.5 - - [21/Jun/2015:00:01:22 +0800] "GET /digiarch3/content/subject/resource_content.jsp?oid=16777398&queryString=%E6%9D%9C%E9%B5%91%E8%8A%B1%20%E6%9D%9C%E9%B5%91%E8%8A%B1%E5%B1%AC%20%E6%9D%9C%E9%B5%91%E8%8A%B1%E7%A7%91%20%E6%A3%AE%E6%B0%8F%E6%9D%9C%E9%B5%91%20%E6%A4%8D%E7%89%A9%E7%95%8C HTTP/1.1" 200 29011
66.249.71.3 - - [21/Jun/2015:00:02:24 +0800] "GET /content/subject/resource_content.jsp?oid=16777624&queryString=%E5%88%91%E9%83%A8%20%E6%97%8F%E8%AD%9C HTTP/1.1" 200 122767
66.249.71.72 - - [21/Jun/2015:00:03:57 +0800] "GET /content/nav/relationSubject.jsp?relationWords=%E5%8A%89%E9%97%8A%E6%89%8D+%E5%90%88%E4%BD%9C%E7%A4%BE+%E5%BC%B5%E6%9C%89%E5%9C%9F+%E5%BE%90%E6%A6%AE%E7%9B%9B+%E6%9B%BE%E7%91%9E%E6%97%BA+%E6%9E%97%E4%B8%96%E5%8D%97+%E6%9E%9C%E7%89%A9+%E6%B1%AA%E6%B0%B4%E6%9C%A8+%E7%9C%81%E6%94%BF%E5%BA%9C+%E8%87%BA%E7%81%A3%E7%9C%81+%E8%94%AC%E6%9E%9C+%E9%83%AD%E9%9B%A8%E6%96%B0+%E9%99%B3%E6%9F%A5%E6%9F%90+%E9%99%BD%E6%98%8E%E5%B1%B1%E7%AE%A1%E7%90%86%E5%B1%80+&oid=1518131 HTTP/1.1" 200 5122
66.249.71.72 - - [21/Jun/2015:00:03:59 +0800] "GET /content/nav/relationSubject.jsp?relationWords=%E5%8A%89%E9%97%8A%E6%89%8D%20%E5%90%88%E4%BD%9C%E7%A4%BE%20%E5%BC%B5%E6%9C%89%E5%9C%9F%20%E5%BE%90%E6%A6%AE%E7%9B%9B%20%E6%9B%BE%E7%91%9E%E6%97%BA%20%E6%9E%97%E4%B8%96%E5%8D%97%20%E6%9E%9C%E7%89%A9%20%E6%B1%AA%E6%B0%B4%E6%9C%A8%20%E7%9C%81%E6%94%BF%E5%BA%9C%20%E8%87%BA%E7%81%A3%E7%9C%81%20%E8%94%AC%E6%9E%9C%20%E9%83%AD%E9%9B%A8%E6%96%B0%20%E9%99%B3%E6%9F%A5%E6%9F%90%20%E9%99%BD%E6%98%8E%E5%B1%B1%E7%AE%A1%E7%90%86%E5%B1%80%20&oid=1518131 HTTP/1.1" 200 5122
157.55.39.46 - - [21/Jun/2015:00:04:05 +0800] "GET /content/repository/resource_content.jsp?oid=1571980&queryType=qs&queryString=%E5%86%B7%E6%B0%A3 HTTP/1.1" 200 30587
66.249.71.127 - - [21/Jun/2015:00:07:33 +0800] "GET /content/repository/resource_content.jsp?oid=4362814&queryString=%E9%9F%8B%E9%A6%B1 HTTP/1.1" 200 27736
66.249.79.19 - - [21/Jun/2015:00:08:36 +0800] "GET /content/repository/resource_content.jsp?oid=2689598&queryString=%E4%BA%BA%E5%90%8D%E6%AC%8A%E5%A8%81%20%E4%BF%84%E4%BD%BF%20%E5%82%AC%E9%80%9F%20%E5%96%80%E6%8B%89%20%E5%96%80%E6%8B%89%E7%BD%95%20%E5%A4%96%E4%BA%A4%E9%83%A8%20%E5%A4%A7%E4%BD%BF%20%E8%98%87%E8%81%AF HTTP/1.1" 200 30383
66.249.71.60 - - [21/Jun/2015:00:09:37 +0800] "GET /content/repository/resource_content.jsp?oid=2144276 HTTP/1.1" 200 30851
66.249.71.60 - - [21/Jun/2015:00:09:52 +0800] "GET /content/nav/relationSubject.jsp?relationWords=%E4%B8%AD%E5%9C%8B%E5%A4%A7%E9%99%B8%E5%9C%B0%E5%9C%96+&oid=207776 HTTP/1.1" 200 1424
66.249.71.72 - - [21/Jun/2015:00:09:54 +0800] "GET /content/nav/relationSubject.jsp?relationWords=%E4%B8%AD%E5%9C%8B%E5%A4%A7%E9%99%B8%E5%9C%B0%E5%9C%96%20&oid=207776 HTTP/1.1" 200 1424
66.249.71.72 - - [21/Jun/2015:00:10:11 +0800] "GET /content/subject/resource_content.jsp?oid=16777764&queryType=qc HTTP/1.1" 200 40780
66.249.71.72 - - [21/Jun/2015:00:10:39 +0800] "GET /content/repository/resource_content.jsp?oid=1115098 HTTP/1.1" 200 31451
66.249.82.164 - - [21/Jun/2015:00:11:13 +0800] "GET /content/nav/relationSubject.jsp?relationWords=%E8%8B%A6%E8%8B%93+&oid=16777317 HTTP/1.1" 200 3183
66.249.71.64 - - [21/Jun/2015:00:11:41 +0800] "GET /content/repository/resource_content.jsp?oid=1611226 HTTP/1.1" 200 28385
116.118.133.192 - - [21/Jun/2015:00:12:33 +0800] "GET /digiarch3/content/subject/resource_content.jsp?oid=16777787&queryType=qc HTTP/1.1" 200 57843
116.118.133.192 - - [21/Jun/2015:00:12:34 +0800] "GET /digiarch3/content/nav/relationSubject.jsp?relationWords=%E5%A4%AA%E5%B9%B3%E6%B4%8B%E6%88%B0%E7%88%AD+%E7%9A%87%E6%B0%91+%E7%9A%87%E6%B0%91%E5%A5%89%E5%85%AC%E6%9C%83+%E8%B0%B7%E5%B7%9D+%E8%BB%8D%E8%A8%93+%E9%95%B7%E8%B0%B7%E5%B7%9D+%E9%95%B7%E8%B0%B7%E5%B7%9D%E6%B8%85+&oid=16777787 HTTP/1.1" 200 5093
66.249.79.45 - - [21/Jun/2015:00:12:43 +0800] "GET /content/repository/resource_content.jsp?oid=14829&queryString=%E5%8F%B0%E7%81%A3%E7%89%B9%E6%9C%89%E7%A8%AE%20%E6%A3%98%E8%A3%B8%E7%B5%A8%E9%AE%8B%20%E7%89%B9%E6%9C%89%E7%A8%AE%20%E7%9F%B3%E7%8B%97%E5%85%AC%20%E7%9F%B3%E9%A0%AD%E9%AD%9A%20%E7%B5%A8%E9%AE%8B HTTP/1.1" 200 34973
1.34.62.29 - - [21/Jun/2015:00:12:57 +0800] "GET /content/nav/relationSubject.jsp?relationWords=%E9%98%BF%E5%8B%83%E5%8B%92+&oid=16777368 HTTP/1.1" 200 2917
66.249.71.127 - - [21/Jun/2015:00:13:44 +0800] "GET /content/repository/resource_content.jsp?oid=1888117&queryType=qs&queryString=%E6%9E%97%E5%9D%A4 HTTP/1.1" 200 29513
66.249.71.60 - - [21/Jun/2015:00:15:48 +0800] "GET /content/repository/resource_content.jsp?oid=1462061 HTTP/1.1" 200 31344
123.180.232.238 - - [21/Jun/2015:00:16:28 +0800] "GET /content/subject/resource_content.jsp?oid=16797242&queryType=qc HTTP/1.1" 200 46766
123.180.232.238 - - [21/Jun/2015:00:16:31 +0800] "GET /content/subject/resource_content.jsp?oid=16777472&queryType=qs&queryString=%E5%B7%AB%E6%96%87%E9%9A%86 HTTP/1.1" 200 64801
123.180.232.238 - - [21/Jun/2015:00:16:33 +0800] "GET /digiarch_en/content/subject/resource_content.jsp?oid=16777472&queryString=%E5%A4%9A%E6%A8%A3%E6%80%A7%20%E6%96%87%E5%8C%96%E4%B8%AD%E5%BF%83%20%E6%B5%B7%E9%AE%AE%20%E7%94%9F%E7%89%A9%E5%A4%9A%E6%A8%A3%E6%80%A7 HTTP/1.1" 200 62331
123.180.232.238 - - [21/Jun/2015:00:16:41 +0800] "GET /content/subject/resource_content.jsp?oid=16777472&queryType=qs&queryString=%E6%95%B8%E4%BD%8D%E5%85%B8%E8%97%8F%E5%B1%95%E7%A4%BA HTTP/1.1" 200 65107
66.249.71.3 - - [21/Jun/2015:00:16:50 +0800] "GET /content/subject/resource_content.jsp?oid=16777822&queryType=qs&queryString=%E6%95%85%E5%AE%AE%E5%8D%9A%E7%89%A9%E9%99%A2 HTTP/1.1" 200 45963
66.249.71.64 - - [21/Jun/2015:00:17:53 +0800] "GET /content/repository/resource_content.jsp?oid=1552788&queryString=%E5%AE%89%E5%85%A8%E5%B8%BD%20%E8%B3%AA%E8%A9%A2 HTTP/1.1" 200 29634
66.249.71.64 - - [21/Jun/2015:00:17:59 +0800] "GET /content/repository/resource_content.jsp?oid=15104&queryString=%E5%9A%B4%E5%85%AC%E4%BB%94%20%E5%A4%A7%E7%9C%BC%E9%AF%9B%E7%A7%91%20%E6%97%A5%E6%9C%AC%E5%A4%A7%E7%9C%BC%E9%AF%9B%20%E7%B4%85%E7%9B%AE%E9%B0%B1 HTTP/1.1" 200 34824
180.76.15.6 - - [21/Jun/2015:00:18:23 +0800] "GET /content/subject/resource_content.jsp?oid=16777568&queryType=qc HTTP/1.1" 200 34862
66.249.79.32 - - [21/Jun/2015:00:19:58 +0800] "GET /content/repository/resource_content.jsp?oid=1112258 HTTP/1.1" 200 29991
66.249.79.19 - - [21/Jun/2015:00:20:58 +0800] "GET /content/repository/resource_content.jsp?oid=1114077 HTTP/1.1" 200 31249
66.249.71.60 - - [21/Jun/2015:00:22:00 +0800] "GET /content/subject/resource_content.jsp?oid=16777660&queryType=qs&queryString=%E5%A5%B3%E9%9D%92%E5%B9%B4 HTTP/1.1" 200 70721
66.249.71.72 - - [21/Jun/2015:00:22:41 +0800] "GET /content/nav/relationSubject.jsp?relationWords=%E5%8B%95%E5%93%A1%E6%88%A1%E4%BA%82%E6%99%82%E6%9C%9F+%E5%8F%B8%E6%B3%95%E9%99%A2+%E5%90%88%E6%86%B2+%E5%A4%A7%E6%B3%95%E5%AE%98%E6%9C%83%E8%AD%B0+%E6%86%B2%E6%B3%95+%E6%94%BF%E5%BA%9C%E7%B5%84%E7%B9%94+%E7%AB%8B%E6%B3%95%E9%99%A2+%E8%87%BA%E7%81%A3%E7%9C%81%E6%94%BF%E5%BA%9C+%E8%87%BA%E7%81%A3%E7%9C%81%E8%AD%B0%E6%9C%83+&oid=1591715 HTTP/1.1" 200 4863
66.249.71.64 - - [21/Jun/2015:00:22:43 +0800] "GET /content/nav/relationSubject.jsp?relationWords=%E5%8B%95%E5%93%A1%E6%88%A1%E4%BA%82%E6%99%82%E6%9C%9F%20%E5%8F%B8%E6%B3%95%E9%99%A2%20%E5%90%88%E6%86%B2%20%E5%A4%A7%E6%B3%95%E5%AE%98%E6%9C%83%E8%AD%B0%20%E6%86%B2%E6%B3%95%20%E6%94%BF%E5%BA%9C%E7%B5%84%E7%B9%94%20%E7%AB%8B%E6%B3%95%E9%99%A2%20%E8%87%BA%E7%81%A3%E7%9C%81%E6%94%BF%E5%BA%9C%20%E8%87%BA%E7%81%A3%E7%9C%81%E8%AD%B0%E6%9C%83%20&oid=1591715 HTTP/1.1" 200 4863
66.249.71.60 - - [21/Jun/2015:00:23:02 +0800] "GET /content/repository/resource_content.jsp?oid=2548553 HTTP/1.1" 200 29053
66.249.71.72 - - [21/Jun/2015:00:23:07 +0800] "GET /content/nav/relationSubject.jsp?relationWords=%E4%B8%AD%E5%9C%8B%E5%A4%A7%E9%99%B8%E5%9C%B0%E5%9C%96+&oid=207092 HTTP/1.1" 200 1424
66.249.71.60 - - [21/Jun/2015:00:23:09 +0800] "GET /content/nav/relationSubject.jsp?relationWords=%E4%B8%AD%E5%9C%8B%E5%A4%A7%E9%99%B8%E5%9C%B0%E5%9C%96%20&oid=207092 HTTP/1.1" 200 1424
1.173.111.79 - - [21/Jun/2015:00:23:18 +0800] "GET /digiarch2/content/repository/resource_content.jsp?queryString=%E7%94%9F%E7%89%A9&oid=4352006&queryType=qc HTTP/1.1" 200 12202
1.173.111.79 - - [21/Jun/2015:00:23:28 +0800] "GET /digiarch2/content/repository/resource_content.jsp?queryString=%E7%94%9F%E7%89%A9&oid=4352007&queryType=qc HTTP/1.1" 200 12054
66.249.71.64 - - [21/Jun/2015:00:23:49 +0800] "GET /content/repository/resource_content.jsp?oid=822142 HTTP/1.1" 200 28127
39.11.66.73 - - [21/Jun/2015:00:23:51 +0800] "GET /content/repository/resource_content.jsp?oid=14297&queryString=%E5%B7%A8%E6%96%91%E8%8A%B1%E8%9B%87%E9%B0%BB%20%E8%9B%87%E9%B0%BB%E7%A7%91 HTTP/1.1" 200 33986
39.11.66.73 - - [21/Jun/2015:00:23:52 +0800] "GET /content/nav/relationSubject.jsp?relationWords=%E5%B7%A8%E6%96%91%E8%8A%B1%E8%9B%87%E9%B0%BB+%E7%A1%AC%E9%AA%A8%E7%AF%A1+%E8%9B%87%E9%B0%BB+%E8%9B%87%E9%B0%BB%E7%A7%91+%E9%B0%BB%E7%A7%91+&oid=14297 HTTP/1.1" 200 3579
66.249.71.72 - - [21/Jun/2015:00:24:03 +0800] "GET /content/subject/resource_content.jsp?oid=16777649&queryType=qs&queryString=%E5%8F%83%E8%AD%B0%E6%9C%83 HTTP/1.1" 200 54708
66.249.71.64 - - [21/Jun/2015:00:24:04 +0800] "GET /content/nav/relationSubject.jsp?relationWords=%E5%A6%A5%E5%95%86+%E7%AF%80%E7%95%A5+%E7%B1%8D%E8%B2%AB+&oid=822142 HTTP/1.1" 200 4049
66.249.71.64 - - [21/Jun/2015:00:24:06 +0800] "GET /content/nav/relationSubject.jsp?relationWords=%E5%A6%A5%E5%95%86%20%E7%AF%80%E7%95%A5%20%E7%B1%8D%E8%B2%AB%20&oid=822142 HTTP/1.1" 200 4049
66.249.71.119 - - [21/Jun/2015:00:25:05 +0800] "GET /content/repository/resource_content.jsp?oid=4364434&queryString=%E8%83%B8%E5%85%9C HTTP/1.1" 200 29785
61.60.250.159 - - [21/Jun/2015:00:25:20 +0800] "GET /content/subject/resource_content.jsp?oid=16777706 HTTP/1.1" 200 53891
61.60.250.159 - - [21/Jun/2015:00:25:28 +0800] "GET /content/nav/relationSubject.jsp?relationWords=%E5%A0%A1%E5%9C%96+&oid=16777706 HTTP/1.1" 200 2864
66.249.71.127 - - [21/Jun/2015:00:25:45 +0800] "GET /content/repository/resource_content.jsp?oid=14669&queryString=%E5%AD%B8%E4%BB%94%20%E5%AF%AC%E5%B0%BE%E9%B6%B4%E9%B1%B5%20%E7%99%BD%E5%A4%A9%E9%9D%92%E6%97%97%20%E9%87%9D%E9%AD%9A%20%E9%9D%92%E6%97%97%20%E9%B6%B4%E9%B1%B5%E7%A7%91 HTTP/1.1" 200 36486
123.125.71.113 - - [21/Jun/2015:00:26:25 +0800] "GET /content/pictures/picture_content.jsp?oid=33554807&queryType=qc HTTP/1.1" 200 27687
123.125.71.50 - - [21/Jun/2015:00:26:34 +0800] "GET /content/nav/relationSubject.jsp?relationWords=%E5%A4%A7%E7%9C%BC%E9%AF%9B+%E5%A4%A7%E9%B1%97%E5%A4%A7%E7%9C%BC%E9%AF%9B+&oid=33554807 HTTP/1.1" 200 3455
66.249.71.64 - - [21/Jun/2015:00:27:09 +0800] "GET /content/repository/resource_content.jsp?oid=1782013&queryString=%E6%9C%A8%E9%9B%95%20%E9%83%AD%E8%81%96%E7%8E%8B HTTP/1.1" 200 29334
182.118.21.214 - - [21/Jun/2015:00:28:10 +0800] "GET /digiarch2/content/repository/resource_content.jsp?oid=3825374&queryString=%E7%94%9F%E7%89%A9&queryType=qc HTTP/1.1" 200 9614
66.249.71.60 - - [21/Jun/2015:00:28:11 +0800] "GET /content/repository/resource_content.jsp?oid=1458974 HTTP/1.1" 200 30779
66.249.79.19 - - [21/Jun/2015:00:28:47 +0800] "GET /content/nav/relationSubject.jsp?relationWords=%E4%B8%AD%E5%A3%A2+%E4%BA%8C%E6%B0%A7%E5%8C%96%E7%A2%B3+%E5%A4%A7%E6%BA%AA%E9%8E%AE+%E5%B7%B4%E9%99%B5+%E5%BE%A9%E8%88%88%E9%84%89+%E6%96%87%E8%87%BA+%E6%A1%83%E5%9C%92%E5%B8%82+%E6%AD%A6%E5%B6%BA+%E7%92%B0%E4%BF%9D+%E7%95%AB%E5%B7%A5+%E7%99%BC%E9%9B%BB%E5%BB%A0+%E7%A8%BB%E7%A9%80+%E8%87%BA%E9%9B%BB+%E8%AD%A6%E8%A1%9B+%E9%81%8A%E6%A8%82%E5%8D%80+%E9%98%B2%E6%B4%AA+%E9%98%B2%E9%A2%A8%E6%9E%97+%E9%A2%A8%E6%99%AF%E5%8D%80+&oid=1592868 HTTP/1.1" 200 6260
66.249.71.64 - - [21/Jun/2015:00:28:49 +0800] "GET /content/nav/relationSubject.jsp?relationWords=%E4%B8%AD%E5%A3%A2%20%E4%BA%8C%E6%B0%A7%E5%8C%96%E7%A2%B3%20%E5%A4%A7%E6%BA%AA%E9%8E%AE%20%E5%B7%B4%E9%99%B5%20%E5%BE%A9%E8%88%88%E9%84%89%20%E6%96%87%E8%87%BA%20%E6%A1%83%E5%9C%92%E5%B8%82%20%E6%AD%A6%E5%B6%BA%20%E7%92%B0%E4%BF%9D%20%E7%95%AB%E5%B7%A5%20%E7%99%BC%E9%9B%BB%E5%BB%A0%20%E7%A8%BB%E7%A9%80%20%E8%87%BA%E9%9B%BB%20%E8%AD%A6%E8%A1%9B%20%E9%81%8A%E6%A8%82%E5%8D%80%20%E9%98%B2%E6%B4%AA%20%E9%98%B2%E9%A2%A8%E6%9E%97%20%E9%A2%A8%E6%99%AF%E5%8D%80%20&oid=1592868 HTTP/1.1" 200 6260
66.249.71.3 - - [21/Jun/2015:00:29:13 +0800] "GET /content/repository/resource_content.jsp?oid=1609022&queryType=qs&queryString=%E5%8D%97%E7%BE%8E%E6%B4%B2 HTTP/1.1" 200 35513
61.60.250.159 - - [21/Jun/2015:00:29:54 +0800] "GET /content/subject/resource_content.jsp?oid=16777706 HTTP/1.1" 200 53891
121.10.79.92 - - [21/Jun/2015:00:31:10 +0800] "GET /content/repository/resource_content.jsp?oid=825166&queryType=qs&queryString=%E5%BB%A3%E5%B7%9E%E7%81%A3 HTTP/1.1" 200 28172
180.153.206.35 - - [21/Jun/2015:00:31:11 +0800] "GET /content/repository/resource_content.jsp?oid=825166&queryType=qs&queryString=%E5%BB%A3%E5%B7%9E%E7%81%A3 HTTP/1.1" 200 28172
121.10.79.92 - - [21/Jun/2015:00:31:12 +0800] "GET /content/nav/relationSubject.jsp?relationWords=%E5%BB%A3%E5%B7%9E%E7%81%A3+%E9%81%94%E8%A6%8B+&oid=825166 HTTP/1.1" 200 3362
66.249.71.64 - - [21/Jun/2015:00:31:16 +0800] "GET /content/repository/resource_content.jsp?oid=1527137 HTTP/1.1" 200 29741
66.249.71.72 - - [21/Jun/2015:00:31:21 +0800] "GET /content/nav/relationSubject.jsp?relationWords=%E5%8E%9A%E8%91%89+%E5%8E%9A%E8%91%89%E8%95%A8+%E5%8E%9A%E8%91%89%E8%95%A8%E5%B1%AC+%E6%AF%9B%E6%A1%BF%E8%95%A8+%E7%90%83%E6%AF%9B%E6%A1%BF%E8%95%A8+%E8%95%A8%E5%B1%AC+&oid=1111255 HTTP/1.1" 200 3632
66.249.71.64 - - [21/Jun/2015:00:31:23 +0800] "GET /content/nav/relationSubject.jsp?relationWords=%E5%8E%9A%E8%91%89%20%E5%8E%9A%E8%91%89%E8%95%A8%20%E5%8E%9A%E8%91%89%E8%95%A8%E5%B1%AC%20%E6%AF%9B%E6%A1%BF%E8%95%A8%20%E7%90%83%E6%AF%9B%E6%A1%BF%E8%95%A8%20%E8%95%A8%E5%B1%AC%20&oid=1111255 HTTP/1.1" 200 3632
121.10.79.92 - - [21/Jun/2015:00:31:57 +0800] "GET /content/repository/resource_content.jsp?oid=751745&queryType=qs&queryString=%E5%BB%A3%E5%B7%9E%E7%81%A3 HTTP/1.1" 200 28894
121.10.79.92 - - [21/Jun/2015:00:31:57 +0800] "GET /content/nav/relationSubject.jsp?relationWords=%E4%BA%BA%E5%90%8D%E6%AC%8A%E5%A8%81+%E5%BB%A3%E5%B7%9E%E7%81%A3+&oid=751745 HTTP/1.1" 200 3375
66.249.71.60 - - [21/Jun/2015:00:32:18 +0800] "GET /content/repository/resource_content.jsp?oid=1541747 HTTP/1.1" 200 28604
112.64.235.87 - - [21/Jun/2015:00:32:24 +0800] "GET /content/repository/resource_content.jsp?oid=751745&queryType=qs&queryString=%E5%BB%A3%E5%B7%9E%E7%81%A3 HTTP/1.1" 200 28894
66.249.71.54 - - [21/Jun/2015:00:32:51 +0800] "GET /content/nav/relationSubject.jsp?relationWords=%E5%A4%AA%E7%9B%A3+%E5%AE%A3%E9%8E%AE+%E5%BE%A1%E9%A6%AC+%E5%BE%A1%E9%A6%AC%E7%9B%A3+&oid=2546027 HTTP/1.1" 200 3207
66.249.71.45 - - [21/Jun/2015:00:32:53 +0800] "GET /content/nav/relationSubject.jsp?relationWords=%E5%A4%AA%E7%9B%A3%20%E5%AE%A3%E9%8E%AE%20%E5%BE%A1%E9%A6%AC%20%E5%BE%A1%E9%A6%AC%E7%9B%A3%20&oid=2546027 HTTP/1.1" 200 3207
66.249.71.119 - - [21/Jun/2015:00:33:20 +0800] "GET /content/repository/resource_content.jsp?oid=1552822&queryType=qs&queryString=%E5%85%89%E6%AD%A6 HTTP/1.1" 200 29191
66.249.79.19 - - [21/Jun/2015:00:34:23 +0800] "GET /content/repository/resource_content.jsp?oid=2512094 HTTP/1.1" 200 29680
66.249.71.72 - - [21/Jun/2015:00:35:24 +0800] "GET /content/repository/resource_content.jsp?oid=1811847 HTTP/1.1" 200 29711
66.249.71.36 - - [21/Jun/2015:00:36:26 +0800] "GET /content/repository/resource_content.jsp?oid=4469443&queryString=%E6%9C%AC%E9%82%A6%20%E7%90%BA%E7%91%AF%E9%90%B5%E5%99%A8%20%E7%A1%9D%E5%AD%90%E8%A3%BD%E5%93%81 HTTP/1.1" 200 28655
220.181.108.109 - - [21/Jun/2015:00:36:49 +0800] "GET /content/nav/relationSubject.jsp?relationWords=%E9%A3%84%E5%B8%B6+&oid=33554671 HTTP/1.1" 200 1412
66.249.71.64 - - [21/Jun/2015:00:38:30 +0800] "GET /content/subject/resource_content.jsp?oid=16777514&queryType=qs&queryString=%E9%BB%91%E6%B0%B4%E6%BA%9D HTTP/1.1" 200 42799
66.249.71.64 - - [21/Jun/2015:00:39:32 +0800] "GET /content/repository/resource_content.jsp?oid=704446&queryType=qs&queryString=%E5%96%80%E6%8B%89%E7%BD%95 HTTP/1.1" 200 29082
66.249.71.127 - - [21/Jun/2015:00:40:33 +0800] "GET /content/subject/resource_content.jsp?oid=16777537&queryType=qs&queryString=%E5%85%AC%E5%85%B1%E9%9B%BB%E8%A6%96 HTTP/1.1" 200 30783
66.249.71.3 - - [21/Jun/2015:00:41:35 +0800] "GET /content/repository/resource_content.jsp?oid=2643389&queryType=qs&queryString=%E5%9B%9E%E7%B4%8B HTTP/1.1" 200 29973
66.249.71.54 - - [21/Jun/2015:00:41:36 +0800] "GET /content/nav/relationSubject.jsp?relationWords=%E6%9D%9C%E9%A6%99%E5%9C%8B+%E8%A3%81%E5%88%A4+&oid=1887691 HTTP/1.1" 200 3142
66.249.79.119 - - [21/Jun/2015:00:41:38 +0800] "GET /content/nav/relationSubject.jsp?relationWords=%E6%9D%9C%E9%A6%99%E5%9C%8B%20%E8%A3%81%E5%88%A4%20&oid=1887691 HTTP/1.1" 200 3142
66.249.71.5 - - [21/Jun/2015:00:42:37 +0800] "GET /digiarch3/content/subject/resource_content.jsp?oid=16797292&queryType=qc HTTP/1.1" 200 57225
114.39.174.9 - - [21/Jun/2015:00:43:34 +0800] "GET /content/nav/relationSubject.jsp?relationWords=%E9%BB%83%E6%A7%90+&oid=16777364 HTTP/1.1" 200 2681
66.249.71.45 - - [21/Jun/2015:00:43:39 +0800] "GET /content/repository/resource_content.jsp?oid=2685289&queryString=%E7%9B%A3%E7%8A%AF HTTP/1.1" 200 30599
68.180.229.54 - - [21/Jun/2015:00:43:48 +0800] "GET /digiarch_en/content/subject/resource_content.jsp?oid=16777647&queryType=qc HTTP/1.1" 200 39136
66.249.71.23 - - [21/Jun/2015:00:44:41 +0800] "GET /digiarch3/content/subject/resource_content.jsp?oid=16797287&queryType=qc HTTP/1.1" 200 88697
66.249.71.64 - - [21/Jun/2015:00:45:12 +0800] "GET /content/nav/relationSubject.jsp?relationWords=%E6%87%B8%E9%89%A4%E5%AD%90%E5%B1%AC+%E6%A4%8D%E7%89%A9%E7%95%8C+%E8%96%94%E8%96%87%E7%9B%AE+%E8%96%94%E8%96%87%E7%A7%91+%E8%99%8E%E5%A9%86%E5%88%BA+&oid=1115929 HTTP/1.1" 200 3372
66.249.71.60 - - [21/Jun/2015:00:45:14 +0800] "GET /content/nav/relationSubject.jsp?relationWords=%E6%87%B8%E9%89%A4%E5%AD%90%E5%B1%AC%20%E6%A4%8D%E7%89%A9%E7%95%8C%20%E8%96%94%E8%96%87%E7%9B%AE%20%E8%96%94%E8%96%87%E7%A7%91%20%E8%99%8E%E5%A9%86%E5%88%BA%20&oid=1115929 HTTP/1.1" 200 3372
95.84.136.72 - - [21/Jun/2015:00:46:22 +0800] "GET /content/nav/relationSubject.jsp?relationWords=%E9%B0%93%E9%B0%BB+&oid=16777565 HTTP/1.1" 200 3700
66.249.79.32 - - [21/Jun/2015:00:47:48 +0800] "GET /content/repository/resource_content.jsp?oid=15285&queryString=%E5%B8%86%E9%B0%AD%E9%AD%B4%20%E6%B7%B1%E6%B5%B7%E4%B8%89%E8%A7%92%E4%BB%94%20%E7%83%8F%E9%AD%B4%20%E9%BB%91%E7%9A%AE%E5%88%80%20%E9%BB%91%E9%A3%9B%E5%88%80 HTTP/1.1" 200 35644
66.249.79.32 - - [21/Jun/2015:00:48:31 +0800] "GET /content/nav/relationSubject.jsp?relationWords=%E6%9F%A5%E9%96%B1+%E7%87%9F%E4%BC%8D+&oid=2639509 HTTP/1.1" 200 5306
66.249.71.64 - - [21/Jun/2015:00:48:33 +0800] "GET /content/nav/relationSubject.jsp?relationWords=%E6%9F%A5%E9%96%B1%20%E7%87%9F%E4%BC%8D%20&oid=2639509 HTTP/1.1" 200 5306
66.249.79.59 - - [21/Jun/2015:00:48:49 +0800] "GET /content/pictures/picture_content.jsp?oid=33554453&classify= HTTP/1.1" 200 27072
157.55.39.46 - - [21/Jun/2015:00:49:12 +0800] "GET /content/subject/resource_content.jsp?oid=16777840&queryType=qc HTTP/1.1" 200 40660
66.249.71.119 - - [21/Jun/2015:00:49:17 +0800] "GET /content/nav/relationSubject.jsp?relationWords=&oid=14607 HTTP/1.1" 200 1405
66.249.71.64 - - [21/Jun/2015:00:49:51 +0800] "GET /content/subject/resource_content.jsp?oid=16777552&queryString=%E4%B9%9D%E5%B9%B4%E5%9C%8B%E6%B0%91%E6%95%99%E8%82%B2%20%E5%A5%BD%E6%B6%88%E6%81%AF%20%E8%B3%AA%E8%A9%A2 HTTP/1.1" 200 28671
42.73.181.2 - - [21/Jun/2015:00:50:44 +0800] "GET /content/nav/relationSubject.jsp?relationWords=%E9%98%BF%E5%8B%83%E5%8B%92+&oid=16777368 HTTP/1.1" 200 2917
66.249.71.14 - - [21/Jun/2015:00:50:52 +0800] "GET /content/repository/resource_content.jsp?oid=15458&queryString=%E5%B8%95%E9%A0%AD%20%E5%BD%AD%E7%B4%8D%E7%9F%B3%E9%A6%96%E9%AD%9A%20%E7%99%BD%E5%A7%91%E9%AD%9A%20%E7%9F%B3%E9%A6%96%E9%AD%9A%E7%A7%91%20%E9%8A%80%E5%BD%AD%E7%B4%8D%20%E9%BB%83%E9%A0%86 HTTP/1.1" 200 37252
66.249.71.64 - - [21/Jun/2015:00:51:54 +0800] "GET /content/subject/resource_content.jsp?oid=16777292&queryString=%E5%A4%A7%E8%91%89%E5%B1%B1%E6%AC%96 HTTP/1.1" 200 28148
66.249.71.127 - - [21/Jun/2015:00:52:03 +0800] "GET /content/nav/relationSubject.jsp?relationWords=%E5%8D%B0%E5%BA%A6%E6%A3%98%E8%B5%A4%E5%88%80%E9%AD%9A+%E7%B4%85%E7%B0%BE%E9%AD%9A+%E8%B5%A4%E5%88%80%E9%AD%9A+&oid=4352538 HTTP/1.1" 200 3486
66.249.71.127 - - [21/Jun/2015:00:52:05 +0800] "GET /content/nav/relationSubject.jsp?relationWords=%E5%8D%B0%E5%BA%A6%E6%A3%98%E8%B5%A4%E5%88%80%E9%AD%9A%20%E7%B4%85%E7%B0%BE%E9%AD%9A%20%E8%B5%A4%E5%88%80%E9%AD%9A%20&oid=4352538 HTTP/1.1" 200 3486
114.39.174.9 - - [21/Jun/2015:00:52:31 +0800] "GET /content/nav/relationSubject.jsp?relationWords=%E9%BB%83%E6%A7%90+&oid=16777364 HTTP/1.1" 200 2681
66.249.71.64 - - [21/Jun/2015:00:52:56 +0800] "GET /content/repository/resource_content.jsp?oid=4471291&queryString=%E5%8D%9A%E8%A6%BD%E6%9C%83%20%E5%8F%B0%E7%81%A3%E5%9C%8B%20%E6%95%B8%E4%BD%8D%E5%85%B8%E8%97%8F%20%E6%96%87%E5%8C%96%E5%89%B5%E6%84%8F%E7%94%A2%E6%A5%AD HTTP/1.1" 200 29569
118.170.91.245 - - [21/Jun/2015:00:53:01 +0800] "GET /content/nav/relationSubject.jsp?relationWords=&oid=16777341 HTTP/1.1" 200 1405
66.249.71.64 - - [21/Jun/2015:00:53:21 +0800] "GET /content/nav/relationSubject.jsp?relationWords=%E5%8D%97%E6%98%9F%E7%A7%91+%E5%A4%A9%E5%8D%97%E6%98%9F+%E5%A4%A9%E5%8D%97%E6%98%9F%E5%B1%AC+%E5%A4%A9%E5%8D%97%E6%98%9F%E7%A7%91+%E6%A4%8D%E7%89%A9%E7%95%8C+%E8%91%89%E5%A4%A9%E5%8D%97%E6%98%9F+%E9%95%B7%E8%A1%8C%E5%A4%A9%E5%8D%97%E6%98%9F+%E9%9B%B7%E5%85%AC%E7%B5%B1+&oid=1461859 HTTP/1.1" 200 3639
66.249.71.60 - - [21/Jun/2015:00:53:28 +0800] "GET /content/nav/relationSubject.jsp?relationWords=%E5%8D%97%E6%98%9F%E7%A7%91%20%E5%A4%A9%E5%8D%97%E6%98%9F%20%E5%A4%A9%E5%8D%97%E6%98%9F%E5%B1%AC%20%E5%A4%A9%E5%8D%97%E6%98%9F%E7%A7%91%20%E6%A4%8D%E7%89%A9%E7%95%8C%20%E8%91%89%E5%A4%A9%E5%8D%97%E6%98%9F%20%E9%95%B7%E8%A1%8C%E5%A4%A9%E5%8D%97%E6%98%9F%20%E9%9B%B7%E5%85%AC%E7%B5%B1%20&oid=1461859 HTTP/1.1" 200 3639
66.249.71.5 - - [21/Jun/2015:00:56:02 +0800] "GET /digiarch3/content/subject/resource_content.jsp?oid=16777614&queryType=qc HTTP/1.1" 200 49077
66.249.71.60 - - [21/Jun/2015:00:56:44 +0800] "GET /content/nav/relationSubject.jsp?relationWords=%E5%8F%83%E7%9F%A5+%E5%A5%8F%E5%8F%83+%E9%96%A9%E6%B5%99+%E9%96%A9%E6%B5%99%E7%B8%BD%E7%9D%A3+&oid=2638811 HTTP/1.1" 200 3234
66.249.71.64 - - [21/Jun/2015:00:56:47 +0800] "GET /content/nav/relationSubject.jsp?relationWords=%E5%8F%83%E7%9F%A5%20%E5%A5%8F%E5%8F%83%20%E9%96%A9%E6%B5%99%20%E9%96%A9%E6%B5%99%E7%B8%BD%E7%9D%A3%20&oid=2638811 HTTP/1.1" 200 3234
66.249.71.64 - - [21/Jun/2015:00:56:51 +0800] "GET /content/pictures/picture_content.jsp?oid=33554751 HTTP/1.1" 200 27653
66.249.79.45 - - [21/Jun/2015:00:57:04 +0800] "GET /content/tmp_tec/resource_content.jsp?oid=16777712 HTTP/1.1" 200 32250
182.118.20.214 - - [21/Jun/2015:00:57:58 +0800] "GET /digiarch3/content/subject/resource_content.jsp?oid=16777803&queryType=qc HTTP/1.1" 200 33496
220.181.108.110 - - [21/Jun/2015:00:58:02 +0800] "GET /content/nav/relationSubject.jsp?relationWords=%E7%BE%85%E6%BC%A2%E6%9D%BE+%E8%98%AD%E5%B6%BC%E7%BE%85%E6%BC%A2%E6%9D%BE+&oid=16777470 HTTP/1.1" 200 4360
66.249.71.3 - - [21/Jun/2015:00:58:06 +0800] "GET /content/tmp_auth/resource_content.jsp?oid=16777454 HTTP/1.1" 200 29220
66.249.71.60 - - [21/Jun/2015:00:59:01 +0800] "GET /content/nav/relationSubject.jsp?relationWords=&oid=2602567 HTTP/1.1" 200 1405
66.249.71.54 - - [21/Jun/2015:00:59:08 +0800] "GET /content/repository/resource_content.jsp?oid=2606081&queryType=qs&queryString=%E6%B7%84%E5%B7%9D%E7%B8%A3 HTTP/1.1" 200 29443
66.249.71.36 - - [21/Jun/2015:00:59:38 +0800] "GET /content/nav/relationSubject.jsp?relationWords=%E5%85%AD%E8%BC%95+%E5%BE%8C%E5%8B%81+%E7%92%B0%E4%BF%9D+%E7%9F%B3%E5%8C%96+%E7%9F%B3%E5%8C%96%E5%B7%A5%E6%A5%AD+&oid=1625330 HTTP/1.1" 200 14860
66.249.71.54 - - [21/Jun/2015:00:59:41 +0800] "GET /content/nav/relationSubject.jsp?relationWords=%E5%85%AD%E8%BC%95%20%E5%BE%8C%E5%8B%81%20%E7%92%B0%E4%BF%9D%20%E7%9F%B3%E5%8C%96%20%E7%9F%B3%E5%8C%96%E5%B7%A5%E6%A5%AD%20&oid=1625330 HTTP/1.1" 200 14860
66.249.71.54 - - [21/Jun/2015:01:00:09 +0800] "GET /content/repository/resource_content.jsp?oid=2685292&queryType=qs&queryString=%E5%B0%8D%E8%AA%BF HTTP/1.1" 200 30547
220.181.108.175 - - [21/Jun/2015:01:00:55 +0800] "GET /content/tmp_auth/resource_content.jsp?oid=16777669 HTTP/1.1" 200 43151
66.249.71.54 - - [21/Jun/2015:01:01:11 +0800] "GET /content/repository/resource_content.jsp?oid=2515003&queryType=qs&queryString=%E4%BF%AE%E6%AD%A6 HTTP/1.1" 200 29952
66.249.79.45 - - [21/Jun/2015:01:02:14 +0800] "GET /content/repository/resource_content.jsp?oid=1834080 HTTP/1.1" 200 29124
66.249.71.64 - - [21/Jun/2015:01:03:01 +0800] "GET /content/subject/resource_content.jsp?oid=16777519&queryType=qs&queryString=%E7%86%B1%E5%B8%B6%E5%9C%B0%E5%8D%80 HTTP/1.1" 200 35999
123.125.71.28 - - [21/Jun/2015:01:03:53 +0800] "GET /content/tmp_tec/resource_content.jsp?oid=16777679 HTTP/1.1" 200 32486
220.181.108.110 - - [21/Jun/2015:01:04:00 +0800] "GET /content/nav/relationSubject.jsp?relationWords=&oid=16777679 HTTP/1.1" 200 1405
66.249.71.64 - - [21/Jun/2015:01:04:17 +0800] "GET /content/repository/resource_content.jsp?oid=1625155 HTTP/1.1" 200 29037
66.249.71.127 - - [21/Jun/2015:01:04:25 +0800] "GET /content/nav/relationSubject.jsp?relationWords=%E7%9F%AD%E5%90%BB%E5%BC%B1%E6%A3%98%E9%AD%9A+%E7%9F%AD%E5%90%BB%E8%BB%9F%E6%A3%98%E9%AD%9A+&oid=15199 HTTP/1.1" 200 3197
66.249.71.127 - - [21/Jun/2015:01:04:26 +0800] "GET /content/nav/relationSubject.jsp?relationWords=%E7%9F%AD%E5%90%BB%E5%BC%B1%E6%A3%98%E9%AD%9A%20%E7%9F%AD%E5%90%BB%E8%BB%9F%E6%A3%98%E9%AD%9A%20&oid=15199 HTTP/1.1" 200 3197
66.249.71.64 - - [21/Jun/2015:01:05:19 +0800] "GET /content/repository/resource_content.jsp?oid=1774852 HTTP/1.1" 200 28866
66.249.71.3 - - [21/Jun/2015:01:06:57 +0800] "GET /content/subject/resource_content.jsp?oid=16777532&queryType=qc HTTP/1.1" 200 34931
220.181.108.88 - - [21/Jun/2015:01:07:03 +0800] "GET /nav/relationSubject.jsp?relationWords=%E9%A3%84%E5%B8%B6+&oid=33554518 HTTP/1.1" 404 14873
66.249.71.36 - - [21/Jun/2015:01:07:23 +0800] "GET /content/repository/resource_content.jsp?oid=4362012&queryString=%E6%B3%95%E4%B8%BB%E5%85%AC HTTP/1.1" 200 28117
182.118.21.235 - - [21/Jun/2015:01:07:54 +0800] "GET /digiarch3/content/subject/resource_content.jsp?oid=16777509&queryType=qc HTTP/1.1" 200 33445
182.118.22.209 - - [21/Jun/2015:01:08:11 +0800] "GET /digiarch3/content/subject/resource_content.jsp?oid=16777283&queryType=qc HTTP/1.1" 200 28098
66.249.71.60 - - [21/Jun/2015:01:08:25 +0800] "GET /content/repository/resource_content.jsp?oid=2145084 HTTP/1.1" 200 31030
188.165.15.60 - - [21/Jun/2015:01:09:06 +0800] "GET /content/subject/resource_content.jsp?oid=16777469&queryType=qc HTTP/1.1" 200 31184
66.249.71.14 - - [21/Jun/2015:01:09:10 +0800] "GET /digiarch3/content/nav/relationSubject.jsp?relationWords=%E6%9A%96%E6%9A%96+%E6%9E%97%E7%94%A2+%E6%9E%97%E9%A0%82%E7%AB%8B+%E7%94%A2%E6%AC%8A+%E7%9C%81%E6%94%BF%E5%BA%9C+%E8%87%BA%E5%8C%97%E7%B8%A3%E8%AD%B0%E6%9C%83+%E8%AD%B0%E9%95%B7+&oid=1524493 HTTP/1.1" 200 4727
66.249.79.148 - - [21/Jun/2015:01:09:13 +0800] "GET /digiarch3/content/nav/relationSubject.jsp?relationWords=%E6%9A%96%E6%9A%96%20%E6%9E%97%E7%94%A2%20%E6%9E%97%E9%A0%82%E7%AB%8B%20%E7%94%A2%E6%AC%8A%20%E7%9C%81%E6%94%BF%E5%BA%9C%20%E8%87%BA%E5%8C%97%E7%B8%A3%E8%AD%B0%E6%9C%83%20%E8%AD%B0%E9%95%B7%20&oid=1524493 HTTP/1.1" 200 4727
157.55.39.245 - - [21/Jun/2015:01:09:29 +0800] "GET /content/subject/resource_content.jsp?oid=16777390&queryType=qc HTTP/1.1" 200 43092
207.46.13.111 - - [21/Jun/2015:01:09:34 +0800] "GET /content/repository/resource_content.jsp?oid=1889608&queryString=%E6%9E%97%E7%BE%A9%E9%9B%84%20%E9%84%AD%E9%87%8D HTTP/1.1" 200 29054
180.76.15.155 - - [21/Jun/2015:01:09:49 +0800] "GET /content/subject/resource_content.jsp?oid=16777479&queryType=qc HTTP/1.1" 200 35789
116.88.97.167 - - [21/Jun/2015:01:09:50 +0800] "GET /content/subject/resource_content.jsp?oid=16797271&queryType=qc HTTP/1.1" 200 55289
116.88.97.167 - - [21/Jun/2015:01:09:53 +0800] "GET /content/nav/relationSubject.jsp?relationWords=&oid=16797271 HTTP/1.1" 200 1405
66.249.71.64 - - [21/Jun/2015:01:11:30 +0800] "GET /content/repository/resource_content.jsp?oid=1899005&queryString=%E6%96%B0%E7%87%9F%E9%83%A1%20%E7%A5%9E%E6%98%8E%E6%9C%83%20%E7%B6%AD%E6%B0%91 HTTP/1.1" 200 29554
66.249.71.72 - - [21/Jun/2015:01:12:24 +0800] "GET /content/subject/resource_content.jsp?oid=16777781&queryType=qs&queryString=%E5%9F%BA%E7%9D%A3%E5%BE%92 HTTP/1.1" 200 57405
36.228.112.91 - - [21/Jun/2015:01:12:30 +0800] "GET /content/repository/resource_content.jsp?oid=1109392&queryString=%E4%B8%80%E6%9E%9D%E9%A6%99%20%E6%96%91%E9%B3%A9%E8%8F%8A%E5%B1%AC%20%E6%A4%8D%E7%89%A9%E7%95%8C%20%E8%8F%8A%E7%A7%91%20%E9%9B%99%E5%AD%90%E8%91%89%E6%A4%8D%E7%89%A9 HTTP/1.1" 200 31834
66.249.71.121 - - [21/Jun/2015:01:12:32 +0800] "GET /content/tmp_exh/resource_content.jsp?oid=16777834&queryType=qc HTTP/1.1" 200 27565
36.228.112.91 - - [21/Jun/2015:01:12:32 +0800] "GET /content/nav/relationSubject.jsp?relationWords=%E4%B8%80%E6%9E%9D%E9%A6%99+%E6%96%91%E9%B3%A9+%E6%96%91%E9%B3%A9%E8%8F%8A+%E6%96%91%E9%B3%A9%E8%8F%8A%E5%B1%AC+%E6%A4%8D%E7%89%A9%E7%95%8C+%E8%8F%8A%E5%B1%AC+%E8%8F%8A%E7%A7%91+%E9%9B%99%E5%AD%90%E8%91%89+%E9%9B%99%E5%AD%90%E8%91%89%E6%A4%8D%E7%89%A9+&oid=1109392 HTTP/1.1" 200 3546
66.249.71.23 - - [21/Jun/2015:01:13:33 +0800] "GET /digiarch/content/repository/resource_content.jsp?oid=4488262 HTTP/1.1" 404 14873
36.230.254.12 - - [21/Jun/2015:01:14:39 +0800] "GET /content/nav/relationSubject.jsp?relationWords=&oid=16777459 HTTP/1.1" 200 1405
14.192.212.104 - - [21/Jun/2015:01:14:48 +0800] "GET /content/nav/relationSubject.jsp?relationWords=&oid=16777576 HTTP/1.1" 200 1405
219.85.16.78 - - [21/Jun/2015:01:14:50 +0800] "GET /content/nav/relationSubject.jsp?relationWords=%E5%B1%B1%E6%AB%BB%E8%8A%B1+&oid=16777304 HTTP/1.1" 200 4452
219.85.16.78 - - [21/Jun/2015:01:15:06 +0800] "GET /content/subject/resource_content.jsp?oid=16777330&queryString=%E5%B1%B1%E6%AB%BB%E8%8A%B1 HTTP/1.1" 200 30448
219.85.16.78 - - [21/Jun/2015:01:15:06 +0800] "GET /content/nav/relationSubject.jsp?relationWords=%E5%B1%B1%E6%AB%BB%E8%8A%B1+&oid=16777330 HTTP/1.1" 200 4446
36.231.165.80 - - [21/Jun/2015:01:15:29 +0800] "GET /content/nav/relationSubject.jsp?relationWords=%E5%9D%AA%E6%9E%97%E7%A7%8B%E6%B5%B7%E6%A3%A0+%E6%B5%B7%E6%A3%A0+%E7%A7%8B%E6%B5%B7%E6%A3%A0+&oid=16777493 HTTP/1.1" 200 4994
36.231.165.80 - - [21/Jun/2015:01:16:38 +0800] "GET /content/pictures/picture_content.jsp?oid=33554770&classify=2562 HTTP/1.1" 200 28454
36.231.165.80 - - [21/Jun/2015:01:16:38 +0800] "GET /content/nav/relationSubject.jsp?relationWords=%E6%B5%B7%E6%A3%A0+%E6%BA%AA%E9%A0%AD%E7%A7%8B%E6%B5%B7%E6%A3%A0+%E7%A7%8B%E6%B5%B7%E6%A3%A0+&oid=33554770 HTTP/1.1" 200 4994
66.249.71.72 - - [21/Jun/2015:01:16:40 +0800] "GET /content/repository/resource_content.jsp?oid=2665195 HTTP/1.1" 200 29807
36.231.165.80 - - [21/Jun/2015:01:17:23 +0800] "GET /content/pictures/picture_content.jsp?oid=33554754&classify=2562 HTTP/1.1" 200 27616
36.231.165.80 - - [21/Jun/2015:01:17:23 +0800] "GET /content/nav/relationSubject.jsp?relationWords=&oid=33554754 HTTP/1.1" 200 1405
66.249.79.32 - - [21/Jun/2015:01:17:27 +0800] "GET /content/nav/relationSubject.jsp?relationWords=%E5%85%AC%E5%85%B1%E9%97%9C%E4%BF%82+%E5%8F%A3%E8%99%9F+%E5%B7%A5%E7%A8%8B%E8%B2%BB+%E5%B9%B3%E8%B7%AF+%E5%BB%BA%E8%A8%AD%E5%BB%B3+%E5%BE%AE%E7%94%9F%E7%89%A9+%E6%9B%BE%E6%96%87%E6%B0%B4%E5%BA%AB+%E6%9E%97%E6%98%8E%E5%BE%B7+%E6%B0%B4%E8%B3%AA+%E7%B6%A0%E5%9C%B0+%E8%87%AA%E4%BE%86%E6%B0%B4+%E8%87%BA%E5%8D%97%E5%B8%82+%E8%91%89%E5%AF%92%E9%9D%92+%E8%B2%B8%E6%AC%BE+%E8%B3%AA%E8%A9%A2+%E8%B6%99%E6%A3%AE%E6%B5%B7+%E9%83%BD%E5%B8%82%E5%8C%96+%E9%98%B2%E6%B3%A2%E5%A0%A4+%E9%98%B2%E6%B4%AA+%E9%AB%98%E8%82%B2%E4%BB%81+&oid=1590083 HTTP/1.1" 200 4795
66.249.71.72 - - [21/Jun/2015:01:17:32 +0800] "GET /content/nav/relationSubject.jsp?relationWords=%E5%85%AC%E5%85%B1%E9%97%9C%E4%BF%82%20%E5%8F%A3%E8%99%9F%20%E5%B7%A5%E7%A8%8B%E8%B2%BB%20%E5%B9%B3%E8%B7%AF%20%E5%BB%BA%E8%A8%AD%E5%BB%B3%20%E5%BE%AE%E7%94%9F%E7%89%A9%20%E6%9B%BE%E6%96%87%E6%B0%B4%E5%BA%AB%20%E6%9E%97%E6%98%8E%E5%BE%B7%20%E6%B0%B4%E8%B3%AA%20%E7%B6%A0%E5%9C%B0%20%E8%87%AA%E4%BE%86%E6%B0%B4%20%E8%87%BA%E5%8D%97%E5%B8%82%20%E8%91%89%E5%AF%92%E9%9D%92%20%E8%B2%B8%E6%AC%BE%20%E8%B3%AA%E8%A9%A2%20%E8%B6%99%E6%A3%AE%E6%B5%B7%20%E9%83%BD%E5%B8%82%E5%8C%96%20%E9%98%B2%E6%B3%A2%E5%A0%A4%20%E9%98%B2%E6%B4%AA%20%E9%AB%98%E8%82%B2%E4%BB%81%20&oid=1590083 HTTP/1.1" 200 4795
66.249.71.72 - - [21/Jun/2015:01:17:42 +0800] "GET /content/repository/resource_content.jsp?oid=1592868&queryString=%E7%95%AB%E5%B7%A5 HTTP/1.1" 200 31384
36.231.165.80 - - [21/Jun/2015:01:17:44 +0800] "GET /content/pictures/picture_content.jsp?oid=33554649&classify=2562 HTTP/1.1" 200 27601
36.231.165.80 - - [21/Jun/2015:01:17:44 +0800] "GET /content/nav/relationSubject.jsp?relationWords=%E7%B4%AB%E8%8A%B1+%E7%B4%AB%E8%8A%B1%E5%A0%87%E8%8F%9C+&oid=33554649 HTTP/1.1" 200 3238
36.231.165.80 - - [21/Jun/2015:01:17:56 +0800] "GET /content/pictures/picture_content.jsp?oid=33554650&classify=2562 HTTP/1.1" 200 27432
36.231.165.80 - - [21/Jun/2015:01:17:56 +0800] "GET /content/nav/relationSubject.jsp?relationWords=%E5%8F%B0%E5%8C%97%E5%A0%87%E8%8F%9C+&oid=33554650 HTTP/1.1" 200 3204
66.249.71.72 - - [21/Jun/2015:01:18:01 +0800] "GET /content/nav/relationSubject.jsp?relationWords=%E7%89%B9%E6%8A%80+%E7%AB%A5%E5%B7%A5+&oid=1581353 HTTP/1.1" 200 7510
66.249.71.64 - - [21/Jun/2015:01:18:05 +0800] "GET /content/nav/relationSubject.jsp?relationWords=%E7%89%B9%E6%8A%80%20%E7%AB%A5%E5%B7%A5%20&oid=1581353 HTTP/1.1" 200 7510
36.230.254.12 - - [21/Jun/2015:01:18:44 +0800] "GET /content/subject/resource_content.jsp?oid=16777753 HTTP/1.1" 200 36831
66.249.71.72 - - [21/Jun/2015:01:18:45 +0800] "GET /content/nav/relationSubject.jsp?relationWords=%E9%AD%9A%E8%8B%97+%E9%B0%BB%E9%AD%9A+&oid=1577179 HTTP/1.1" 200 3817
36.230.254.12 - - [21/Jun/2015:01:18:45 +0800] "GET /content/nav/relationSubject.jsp?relationWords=GIS+%E6%95%B8%E4%BD%8D%E5%85%B8%E8%97%8F+%E9%81%99%E6%B8%AC+%E9%81%99%E6%B8%AC%E5%BD%B1%E5%83%8F+&oid=16777753 HTTP/1.1" 200 9620
66.249.71.72 - - [21/Jun/2015:01:18:46 +0800] "GET /content/nav/relationSubject.jsp?relationWords=%E9%AD%9A%E8%8B%97%20%E9%B0%BB%E9%AD%9A%20&oid=1577179 HTTP/1.1" 200 3817
123.125.71.88 - - [21/Jun/2015:01:18:48 +0800] "GET /content/pictures/picture_content.jsp?oid=33554733&queryType=qc HTTP/1.1" 200 27988
36.231.165.80 - - [21/Jun/2015:01:19:02 +0800] "GET /content/pictures/picture_content.jsp?oid=33554592&classify=2261 HTTP/1.1" 200 26988
36.231.165.80 - - [21/Jun/2015:01:19:02 +0800] "GET /content/nav/relationSubject.jsp?relationWords=%E8%B2%93%E5%85%92%E8%8F%8A+&oid=33554592 HTTP/1.1" 200 3130
66.249.71.64 - - [21/Jun/2015:01:20:47 +0800] "GET /content/subject/resource_content.jsp?oid=16777381&queryType=qs&queryString=%E6%96%87%E7%89%A9%E9%99%B3%E5%88%97%E9%A4%A8 HTTP/1.1" 200 37145
66.249.79.32 - - [21/Jun/2015:01:20:56 +0800] "GET /content/nav/relationSubject.jsp?relationWords=%E4%BF%9D%E9%9A%AA+%E6%B0%91%E6%94%BF%E9%A1%9E+&oid=1550061 HTTP/1.1" 200 5249
66.249.71.64 - - [21/Jun/2015:01:21:49 +0800] "GET /content/repository/resource_content.jsp?oid=1892947 HTTP/1.1" 200 28339
36.239.52.117 - - [21/Jun/2015:01:21:52 +0800] "GET /content/nav/relationSubject.jsp?relationWords=%E9%84%AD%E6%88%90%E5%8A%9F+&oid=16777440 HTTP/1.1" 200 3538
220.181.108.116 - - [21/Jun/2015:01:21:57 +0800] "GET /content/nav/relationSubject.jsp?relationWords=%E8%93%AE%E5%AF%A6+&oid=33554587 HTTP/1.1" 200 2808
157.55.39.46 - - [21/Jun/2015:01:22:16 +0800] "GET /content/nav/relationSubject.jsp?relationWords=%E7%83%8F%E5%BF%83%E7%9F%B3+%E9%B1%B8%E9%B0%BB+&oid=16777303 HTTP/1.1" 200 4004
66.249.71.60 - - [21/Jun/2015:01:22:52 +0800] "GET /content/subject/resource_content.jsp?oid=16777453 HTTP/1.1" 200 28659
1.175.125.125 - - [21/Jun/2015:01:22:54 +0800] "GET /content/nav/relationSubject.jsp?relationWords=%E5%B1%B1%E8%8A%99%E8%93%89+%E6%9C%A8%E8%8A%99%E8%93%89+%E8%96%9B%E6%BF%A4+%E9%86%89%E8%8A%99%E8%93%89+&oid=16777260 HTTP/1.1" 200 4595
66.249.71.45 - - [21/Jun/2015:01:23:43 +0800] "GET /content/nav/relationSubject.jsp?relationWords=%E5%90%8F%E9%83%A8+%E5%B5%A9%E6%BA%A5+&oid=2639595 HTTP/1.1" 200 3136
66.249.71.54 - - [21/Jun/2015:01:23:45 +0800] "GET /content/nav/relationSubject.jsp?relationWords=%E5%90%8F%E9%83%A8%20%E5%B5%A9%E6%BA%A5%20&oid=2639595 HTTP/1.1" 200 3136
66.249.71.72 - - [21/Jun/2015:01:23:53 +0800] "GET /content/repository/resource_content.jsp?oid=196484 HTTP/1.1" 200 29783
1.175.125.125 - - [21/Jun/2015:01:24:18 +0800] "GET /content/repository/resource_content.jsp?oid=3819113&queryString=%E5%B1%B1%E8%8A%99%E8%93%89%20%E6%9C%A8%E8%8A%99%E8%93%89%20%E8%96%9B%E6%BF%A4%20%E9%86%89%E8%8A%99%E8%93%89 HTTP/1.1" 200 31127
1.175.125.125 - - [21/Jun/2015:01:24:19 +0800] "GET /content/nav/relationSubject.jsp?relationWords=%E5%B1%B1%E8%8A%99%E8%93%89+%E6%9C%A8%E6%A7%BF+%E6%9C%A8%E6%A7%BF%E5%B1%AC+%E6%A4%8D%E7%89%A9%E7%95%8C+%E9%8C%A6%E8%91%B5+%E9%8C%A6%E8%91%B5%E7%A7%91+&oid=3819113 HTTP/1.1" 200 5028
1.173.133.175 - - [21/Jun/2015:01:25:02 +0800] "GET /content/subject/resource_content.jsp?oid=16777706 HTTP/1.1" 200 53891
1.173.133.175 - - [21/Jun/2015:01:25:02 +0800] "GET /content/nav/relationSubject.jsp?relationWords=%E5%A0%A1%E5%9C%96+&oid=16777706 HTTP/1.1" 200 2864
66.249.71.3 - - [21/Jun/2015:01:25:57 +0800] "GET /content/repository/resource_content.jsp?oid=2570796&queryType=qs&queryString=%E9%80%A3%E7%92%A7 HTTP/1.1" 200 29061
68.180.229.54 - - [21/Jun/2015:01:27:18 +0800] "GET /content/subject/resource_content.jsp?oid=16777576&queryType=qc HTTP/1.1" 200 29391
66.249.71.119 - - [21/Jun/2015:01:27:52 +0800] "GET /content/nav/relationSubject.jsp?relationWords=%E5%90%8F%E9%83%A8+%E5%A5%89%E8%AB%AD+&oid=2639223 HTTP/1.1" 200 3121
66.249.71.3 - - [21/Jun/2015:01:27:55 +0800] "GET /content/nav/relationSubject.jsp?relationWords=%E5%90%8F%E9%83%A8%20%E5%A5%89%E8%AB%AD%20&oid=2639223 HTTP/1.1" 200 3121
66.249.71.64 - - [21/Jun/2015:01:27:58 +0800] "GET /content/subject/resource_content.jsp?oid=16777619&queryType=qs&queryString=%E5%A9%9A%E7%A6%AE%E7%BF%92%E4%BF%97 HTTP/1.1" 200 78740
66.249.71.60 - - [21/Jun/2015:01:28:00 +0800] "GET /digiarch_en/content/repository/resource_content.jsp?oid=14750&queryString=%E6%9F%8F%E6%B0%8F%20%E6%9F%8F%E6%B0%8F%E8%9D%B4%E8%9D%B6%E9%AD%9A%20%E8%9D%B4%E8%9D%B6%E9%AD%9A%E7%A7%91 HTTP/1.1" 200 28948
66.249.71.64 - - [21/Jun/2015:01:28:47 +0800] "GET /content/nav/relationSubject.jsp?relationWords=%E5%AE%8B%E8%89%BE%E5%85%8B+%E6%9E%97%E5%AE%97%E7%94%B7+%E8%B6%99%E8%89%AF%E7%87%95+%E9%84%AD%E9%87%91%E9%88%B4+%E9%8D%BE%E7%B4%B9+%E9%8D%BE%E7%B4%B9%E5%92%8C+&oid=1893878 HTTP/1.1" 200 3983
66.249.71.60 - - [21/Jun/2015:01:28:50 +0800] "GET /content/nav/relationSubject.jsp?relationWords=%E5%AE%8B%E8%89%BE%E5%85%8B%20%E6%9E%97%E5%AE%97%E7%94%B7%20%E8%B6%99%E8%89%AF%E7%87%95%20%E9%84%AD%E9%87%91%E9%88%B4%20%E9%8D%BE%E7%B4%B9%20%E9%8D%BE%E7%B4%B9%E5%92%8C%20&oid=1893878 HTTP/1.1" 200 3983
66.249.71.121 - - [21/Jun/2015:01:29:03 +0800] "GET /content/tmp_exh/resource_content.jsp?oid=16777267&queryString= HTTP/1.1" 200 36855
66.249.79.132 - - [21/Jun/2015:01:29:25 +0800] "GET /content/nav/relationSubject.jsp?relationWords=%E6%96%87%E9%91%91+%E6%B8%85%E6%96%87%E9%91%91+&oid=2649068 HTTP/1.1" 200 2213
66.249.71.36 - - [21/Jun/2015:01:29:27 +0800] "GET /content/nav/relationSubject.jsp?relationWords=%E6%96%87%E9%91%91%20%E6%B8%85%E6%96%87%E9%91%91%20&oid=2649068 HTTP/1.1" 200 2213
66.249.79.19 - - [21/Jun/2015:01:30:43 +0800] "GET /content/repository/resource_content.jsp?oid=1528430 HTTP/1.1" 200 28959
123.125.71.117 - - [21/Jun/2015:01:30:43 +0800] "GET /content/tmp_auth/resource_content.jsp?oid=16777675 HTTP/1.1" 200 31337
220.181.108.87 - - [21/Jun/2015:01:30:49 +0800] "GET /content/nav/relationSubject.jsp?relationWords=%E6%95%B8%E4%BD%8D%E5%85%B8%E8%97%8F+&oid=16777675 HTTP/1.1" 200 5879
66.249.71.45 - - [21/Jun/2015:01:31:06 +0800] "GET /content/subject/resource_content.jsp?oid=16777780&queryType=qs&queryString=%E7%B6%AD%E4%B9%9F%E7%B4%8D HTTP/1.1" 200 33895
66.249.71.60 - - [21/Jun/2015:01:32:08 +0800] "GET /content/subject/resource_content.jsp?oid=16777279&queryString=%E6%B5%B7%E6%A3%A0%20%E7%A7%8B%E6%B5%B7%E6%A3%A0 HTTP/1.1" 200 34169
66.249.71.72 - - [21/Jun/2015:01:33:10 +0800] "GET /content/tmp_auth/resource_content.jsp?oid=16777643 HTTP/1.1" 200 31790
66.249.71.64 - - [21/Jun/2015:01:33:38 +0800] "GET /content/nav/relationSubject.jsp?relationWords=%E6%96%AC%E4%BA%8B+%E6%BC%95%E9%81%8B+&oid=2518841 HTTP/1.1" 200 3159
66.249.71.64 - - [21/Jun/2015:01:33:42 +0800] "GET /content/nav/relationSubject.jsp?relationWords=%E6%96%AC%E4%BA%8B%20%E6%BC%95%E9%81%8B%20&oid=2518841 HTTP/1.1" 200 3159
66.249.71.3 - - [21/Jun/2015:01:33:43 +0800] "GET /content/nav/relationSubject.jsp?relationWords=%E5%93%A1%E5%A4%96%E9%83%8E+&oid=2673036 HTTP/1.1" 200 3117
66.249.71.127 - - [21/Jun/2015:01:33:46 +0800] "GET /content/nav/relationSubject.jsp?relationWords=%E5%93%A1%E5%A4%96%E9%83%8E%20&oid=2673036 HTTP/1.1" 200 3117
66.249.71.45 - - [21/Jun/2015:01:34:12 +0800] "GET /content/repository/resource_content.jsp?oid=2653589&queryType=qs&queryString=%E7%AB%B9%E7%AD%86 HTTP/1.1" 200 30046
66.249.71.60 - - [21/Jun/2015:01:34:45 +0800] "GET /content/nav/relationSubject.jsp?relationWords=%E6%BC%81%E5%A1%AD+%E7%94%B0%E8%B3%A6+%E7%9C%81%E6%94%BF%E5%BA%9C+%E8%87%BA%E5%8D%97%E7%B8%A3+&oid=1897106 HTTP/1.1" 200 4577
66.249.71.64 - - [21/Jun/2015:01:34:47 +0800] "GET /content/nav/relationSubject.jsp?relationWords=%E6%BC%81%E5%A1%AD%20%E7%94%B0%E8%B3%A6%20%E7%9C%81%E6%94%BF%E5%BA%9C%20%E8%87%BA%E5%8D%97%E7%B8%A3%20&oid=1897106 HTTP/1.1" 200 4577
66.249.71.72 - - [21/Jun/2015:01:35:00 +0800] "GET /content/nav/relationSubject.jsp?relationWords=%E6%96%91%E9%B3%A9%E8%8F%8A+%E6%96%91%E9%B3%A9%E8%8F%8A%E5%B1%AC+%E6%A4%8D%E7%89%A9%E7%95%8C+%E8%8F%8A%E7%A7%91+%E9%9B%99%E5%AD%90%E8%91%89%E6%A4%8D%E7%89%A9+&oid=1459143 HTTP/1.1" 200 3466
1.165.205.164 - - [21/Jun/2015:01:35:18 +0800] "GET /content/nav/relationSubject.jsp?relationWords=%E6%B5%B7%E6%A3%A0+%E7%A7%8B%E6%B5%B7%E6%A3%A0+&oid=16777279 HTTP/1.1" 200 4913
66.249.71.72 - - [21/Jun/2015:01:36:07 +0800] "GET /content/nav/relationSubject.jsp?relationWords=%E5%A2%9E%E7%94%A2%E6%A1%88+%E7%9C%81%E6%94%BF%E5%BA%9C+%E7%9C%81%E8%AD%B0%E6%9C%83+%E8%87%A8%E6%99%82%E7%9C%81%E8%AD%B0%E6%9C%83+%E8%87%BA%E7%81%A3%E7%9C%81+%E9%99%B3%E7%81%AB+%E9%99%B3%E7%81%AB%E5%9C%9F+&oid=1528430 HTTP/1.1" 200 5585
66.249.71.64 - - [21/Jun/2015:01:36:09 +0800] "GET /content/nav/relationSubject.jsp?relationWords=%E5%A2%9E%E7%94%A2%E6%A1%88%20%E7%9C%81%E6%94%BF%E5%BA%9C%20%E7%9C%81%E8%AD%B0%E6%9C%83%20%E8%87%A8%E6%99%82%E7%9C%81%E8%AD%B0%E6%9C%83%20%E8%87%BA%E7%81%A3%E7%9C%81%20%E9%99%B3%E7%81%AB%20%E9%99%B3%E7%81%AB%E5%9C%9F%20&oid=1528430 HTTP/1.1" 200 5585
66.249.71.36 - - [21/Jun/2015:01:36:16 +0800] "GET /content/repository/resource_content.jsp?oid=2658865&queryType=qs&queryString=%E9%87%91%E9%84%89%E7%B8%A3 HTTP/1.1" 200 30405
66.249.71.5 - - [21/Jun/2015:01:37:17 +0800] "GET /digiarch3/content/subject/resource_content.jsp?oid=16777286&queryType=qs&queryString=%E8%81%AF%E5%90%88%E7%9B%AE%E9%8C%84 HTTP/1.1" 200 37871
66.249.71.14 - - [21/Jun/2015:01:37:53 +0800] "GET /digiarch3/content/nav/relationSubject.jsp?relationWords=%E6%8B%93%E7%89%87%20&oid=16777286 HTTP/1.1" 200 4508
66.249.71.23 - - [21/Jun/2015:01:39:21 +0800] "GET /content/pictures/picture_content.jsp?oid=33554730&queryType=qc HTTP/1.1" 200 27810
66.249.71.36 - - [21/Jun/2015:01:40:23 +0800] "GET /content/repository/resource_content.jsp?oid=4364527&queryType=qs&queryString=%E6%9C%B1%E5%AE%B6%E9%A9%8A HTTP/1.1" 200 29483
218.173.129.9 - - [21/Jun/2015:01:40:27 +0800] "GET /content/nav/relationSubject.jsp?relationWords=%E9%B0%93%E9%B0%BB+&oid=16777565 HTTP/1.1" 200 3700
66.249.71.64 - - [21/Jun/2015:01:40:51 +0800] "GET /content/nav/relationSubject.jsp?relationWords=%E8%88%96%E6%88%B6+%E9%8C%A2%E6%96%87+&oid=2665488 HTTP/1.1" 200 4043
66.249.71.72 - - [21/Jun/2015:01:40:53 +0800] "GET /content/nav/relationSubject.jsp?relationWords=%E8%88%96%E6%88%B6%20%E9%8C%A2%E6%96%87%20&oid=2665488 HTTP/1.1" 200 4043
66.249.71.72 - - [21/Jun/2015:01:41:09 +0800] "GET /digiarch_en/content/nav/relationSubject.jsp?relationWords=%E5%A4%A7%E8%91%89%E5%B1%B1+%E5%A4%A7%E8%91%89%E5%B1%B1%E8%9E%9E%E8%9D%97+%E5%B1%B1%E8%9E%9E%E8%9D%97+%E5%B1%B1%E8%9E%9E%E8%9D%97%E5%B1%AC+%E6%A4%8D%E7%89%A9%E7%95%8C+%E8%9E%9E%E8%9D%97+%E8%A0%B6%E8%B1%86+%E9%9B%99%E5%AD%90%E8%91%89+%E9%9B%99%E5%AD%90%E8%91%89%E6%A4%8D%E7%89%A9+&oid=1462690 HTTP/1.1" 200 5510
66.249.79.32 - - [21/Jun/2015:01:41:10 +0800] "GET /content/nav/relationSubject.jsp?relationWords=%E5%86%AC%E9%9D%92+%E5%86%AC%E9%9D%92%E5%B1%AC+%E5%86%AC%E9%9D%92%E7%A7%91+%E6%A4%8D%E7%89%A9%E7%95%8C+%E8%A1%9B%E7%9F%9B+%E9%90%B5%E5%86%AC%E9%9D%92+&oid=1106278 HTTP/1.1" 200 3407
66.249.71.72 - - [21/Jun/2015:01:41:11 +0800] "GET /content/nav/relationSubject.jsp?relationWords=%E5%86%AC%E9%9D%92%20%E5%86%AC%E9%9D%92%E5%B1%AC%20%E5%86%AC%E9%9D%92%E7%A7%91%20%E6%A4%8D%E7%89%A9%E7%95%8C%20%E8%A1%9B%E7%9F%9B%20%E9%90%B5%E5%86%AC%E9%9D%92%20&oid=1106278 HTTP/1.1" 200 3407
66.249.71.119 - - [21/Jun/2015:01:41:25 +0800] "GET /content/subject/resource_content.jsp?oid=16797290&queryType=qc HTTP/1.1" 200 48337
66.249.71.64 - - [21/Jun/2015:01:42:27 +0800] "GET /content/repository/resource_content.jsp?oid=1775842 HTTP/1.1" 200 37089
5.255.253.139 - - [21/Jun/2015:01:42:53 +0800] "GET /content/subject/resource_content.jsp?oid=16777744&queryString= HTTP/1.1" 200 41136
68.180.229.54 - - [21/Jun/2015:01:42:54 +0800] "GET /content/subject/resource_content.jsp?oid=16797271&queryType=qc HTTP/1.1" 200 55289
157.55.39.245 - - [21/Jun/2015:01:43:05 +0800] "GET /content/repository/resource_content.jsp?oid=1778162&queryType=qs&queryString=%E4%BA%94%E8%81%B2%E9%9F%B3%E9%9A%8E HTTP/1.1" 200 33053
66.249.71.72 - - [21/Jun/2015:01:43:27 +0800] "GET /content/nav/relationSubject.jsp?relationWords=%E4%B8%83%E4%BD%B3+%E8%8A%8B%E9%A0%AD+&oid=1773154 HTTP/1.1" 200 3280
66.249.79.32 - - [21/Jun/2015:01:43:29 +0800] "GET /content/repository/resource_content.jsp?oid=1615284 HTTP/1.1" 200 28698
66.249.71.72 - - [21/Jun/2015:01:43:30 +0800] "GET /content/nav/relationSubject.jsp?relationWords=%E4%B8%83%E4%BD%B3%20%E8%8A%8B%E9%A0%AD%20&oid=1773154 HTTP/1.1" 200 3280
36.236.208.38 - - [21/Jun/2015:01:43:31 +0800] "GET /content/repository/resource_content.jsp?oid=1115199 HTTP/1.1" 200 31616
36.236.208.38 - - [21/Jun/2015:01:43:32 +0800] "GET /content/nav/relationSubject.jsp?relationWords=%E6%A4%8D%E7%89%A9%E7%95%8C+%E7%AC%91%E9%9D%A8%E8%8A%B1+%E7%B9%A1%E7%B7%9A%E8%8F%8A+%E7%B9%A1%E7%B7%9A%E8%8F%8A%E5%B1%AC+%E8%8F%8A%E5%B1%AC+%E8%96%94%E8%96%87%E7%9B%AE+%E8%96%94%E8%96%87%E7%A7%91+&oid=1115199 HTTP/1.1" 200 3458
66.249.71.72 - - [21/Jun/2015:01:44:31 +0800] "GET /content/repository/resource_content.jsp?oid=2616089 HTTP/1.1" 200 29385
66.249.71.60 - - [21/Jun/2015:01:45:33 +0800] "GET /content/repository/resource_content.jsp?oid=1568117 HTTP/1.1" 200 29272
66.249.71.60 - - [21/Jun/2015:01:45:49 +0800] "GET /content/nav/relationSubject.jsp?relationWords=%E5%8E%9F%E6%BC%A2+%E5%8F%B0%E7%81%A3%E5%8E%9F%E4%BD%8F%E6%B0%91+&oid=1775842 HTTP/1.1" 200 4805
66.249.71.72 - - [21/Jun/2015:01:45:51 +0800] "GET /content/nav/relationSubject.jsp?relationWords=%E5%8E%9F%E6%BC%A2%20%E5%8F%B0%E7%81%A3%E5%8E%9F%E4%BD%8F%E6%B0%91%20&oid=1775842 HTTP/1.1" 200 4805
66.249.71.64 - - [21/Jun/2015:01:46:34 +0800] "GET /content/repository/resource_content.jsp?oid=4551103&queryString=%E6%93%AC%E7%83%8F%E8%B3%8A%20%E8%BB%9F%E7%BF%85%E4%BB%94%20%E8%BB%9F%E7%BF%85%E4%BB%94%E5%B1%AC%20%E9%8E%96%E7%AE%A1%E7%A7%91%20%E9%A0%AD%E8%B6%B3%E7%B6%B1 HTTP/1.1" 200 30454
114.37.167.63 - - [21/Jun/2015:01:47:05 +0800] "GET /content/nav/relationSubject.jsp?relationWords=%E9%98%BF%E5%8B%83%E5%8B%92+&oid=16777368 HTTP/1.1" 200 2917
66.249.79.19 - - [21/Jun/2015:01:47:37 +0800] "GET /content/repository/resource_content.jsp?oid=1893924 HTTP/1.1" 200 28270
66.249.71.54 - - [21/Jun/2015:01:48:38 +0800] "GET /content/repository/resource_content.jsp?oid=2532339&queryType=qs&queryString=%E5%AF%8C%E6%A3%AE HTTP/1.1" 200 30230
66.249.71.64 - - [21/Jun/2015:01:50:37 +0800] "GET /content/nav/relationSubject.jsp?relationWords=%E6%A2%85%E5%B1%AC%20%E6%A4%8D%E7%89%A9%E7%95%8C%20%E6%A5%8A%E6%A2%85%E7%A7%91%20&oid=1458397 HTTP/1.1" 200 3120
68.180.229.54 - - [21/Jun/2015:01:51:19 +0800] "GET /content/subject/resource_content.jsp?oid=16777376&queryString HTTP/1.1" 200 35877
5.9.60.46 - - [21/Jun/2015:01:53:07 +0800] "GET /content/subject/resource_content.jsp?oid=16777423&queryType=qc HTTP/1.0" 200 39642
157.55.39.215 - - [21/Jun/2015:01:53:28 +0800] "GET /digiarch3/content/subject/resource_content.jsp?oid=16777819&queryType=qc HTTP/1.1" 200 35428
157.55.39.215 - - [21/Jun/2015:01:53:30 +0800] "GET /digiarch3/content/tmp_exh/resource_content.jsp?oid=16777843&queryType=qc HTTP/1.1" 200 34517
157.55.39.215 - - [21/Jun/2015:01:53:32 +0800] "GET /digiarch3/content/subject/resource_content.jsp?oid=16797246&queryType=qc HTTP/1.1" 200 43650
