66.249.71.136 - - [13/Jun/2016:10:04:29 +0800] "GET /content/nav/relationSubject.jsp?relationWords=%E4%BD%99%E9%99%B3%E6%9C%88%E7%91%9B%20%E6%B4%8B%E8%8F%87%20%E8%B3%AA%E8%A9%A2%20%E9%BA%B5%E7%B2%89%20&oid=1564221 HTTP/1.1" 200 3360
66.249.71.136 - - [13/Jun/2016:10:04:53 +0800] "GET /content/nav/relationSubject.jsp?relationWords=%E6%B1%BD%E6%B2%B9+%E6%B2%B9%E8%BB%8A+%E8%94%A1%E7%99%BB%E9%A0%86+%E8%B7%AF%E7%AB%B9%E9%84%89+%E9%90%B5%E8%B7%AF%E5%B1%80+&oid=1525138 HTTP/1.1" 200 6161
66.249.71.136 - - [13/Jun/2016:10:05:09 +0800] "GET /content/repository/resource_content.jsp?oid=2149142 HTTP/1.1" 200 30905
66.249.71.136 - - [13/Jun/2016:10:05:52 +0800] "GET /content/nav/relationSubject.jsp?relationWords=%E7%82%B3%E7%85%8C+%E7%9C%81%E6%94%BF%E5%BA%9C+%E8%87%BA%E4%B8%AD%E7%B8%A3+%E8%B7%AF%E6%A9%8B+&oid=1531984 HTTP/1.1" 200 4577
66.249.71.136 - - [13/Jun/2016:10:05:55 +0800] "GET /content/nav/relationSubject.jsp?relationWords=%E7%82%B3%E7%85%8C%20%E7%9C%81%E6%94%BF%E5%BA%9C%20%E8%87%BA%E4%B8%AD%E7%B8%A3%20%E8%B7%AF%E6%A9%8B%20&oid=1531984 HTTP/1.1" 200 4577
66.249.71.159 - - [13/Jun/2016:10:06:28 +0800] "GET /content/nav/relationSubject.jsp?relationWords=%E5%AE%89%E5%85%A8%E6%A1%88+%E6%93%B4%E9%9F%B3%E5%99%A8+%E6%9C%88%E5%8F%B0+%E9%90%B5%E8%B7%AF%E5%B1%80+&oid=1609583 HTTP/1.1" 200 5316
66.249.71.136 - - [13/Jun/2016:10:06:32 +0800] "GET /content/repository/resource_content.jsp?oid=208419 HTTP/1.1" 200 30590
66.249.71.136 - - [13/Jun/2016:10:07:58 +0800] "GET /content/repository/resource_content.jsp?oid=1624428 HTTP/1.1" 200 28743
66.249.71.136 - - [13/Jun/2016:10:08:35 +0800] "GET /content/nav/relationSubject.jsp?relationWords=%E6%A4%8D%E7%89%A9%E7%95%8C+%E9%81%A0%E5%BF%97+&oid=2149142 HTTP/1.1" 200 3188
66.249.71.136 - - [13/Jun/2016:10:08:39 +0800] "GET /content/nav/relationSubject.jsp?relationWords=%E6%A4%8D%E7%89%A9%E7%95%8C%20%E9%81%A0%E5%BF%97%20&oid=2149142 HTTP/1.1" 200 3188
66.249.71.136 - - [13/Jun/2016:10:09:23 +0800] "GET /content/repository/resource_content.jsp?oid=2149624&queryString=%E5%AD%90%E5%BD%88%E7%9F%B3%E6%AB%9F%20%E6%9F%AF%E5%B1%AC%20%E6%A4%8D%E7%89%A9%E7%95%8C%20%E6%AE%BC%E6%96%97%E7%A7%91 HTTP/1.1" 200 31354
66.249.71.136 - - [13/Jun/2016:10:09:44 +0800] "GET /content/nav/relationSubject.jsp?relationWords=%E5%BF%8D%E5%86%AC%E7%A7%91%20%E6%A4%8D%E7%89%A9%E7%95%8C%20%E8%91%97%E7%94%9F%E7%8F%8A%E7%91%9A%E6%A8%B9%20&oid=1463187 HTTP/1.1" 200 3300
66.249.71.136 - - [13/Jun/2016:10:10:46 +0800] "GET /content/nav/relationSubject.jsp?relationWords=%E7%83%8F%E7%9A%AE%E8%8C%B6+%E7%83%8F%E7%9A%AE%E8%8C%B6%E5%B1%AC+&oid=2144066 HTTP/1.1" 200 2526
66.249.79.200 - - [13/Jun/2016:10:10:48 +0800] "GET /content/repository/resource_content.jsp?oid=14798&queryString=%E4%B8%89%E6%96%91%E6%B5%B7%E9%A6%AC%20%E6%B5%B7%E9%BE%8D%E7%A7%91 HTTP/1.1" 200 34821
66.249.71.136 - - [13/Jun/2016:10:10:52 +0800] "GET /content/nav/relationSubject.jsp?relationWords=%E7%83%8F%E7%9A%AE%E8%8C%B6%20%E7%83%8F%E7%9A%AE%E8%8C%B6%E5%B1%AC%20&oid=2144066 HTTP/1.1" 200 2526
66.249.66.164 - - [13/Jun/2016:10:10:53 +0800] "GET /content/subject/resource_content.jsp?oid=16777488&queryType=qs&queryString=%E5%8F%B0%E7%81%A3%E9%AD%9A%E9%A1%9E HTTP/1.1" 200 60834
1.172.52.181 - - [13/Jun/2016:10:11:20 +0800] "GET /content/repository/resource_content.jsp?oid=1461661&queryString=%E6%A4%8D%E7%89%A9%E7%95%8C%20%E7%8E%89%E5%B1%B1%E8%88%96%E5%9C%B0%E8%9C%88%E8%9A%A3%20%E8%88%96%E5%9C%B0%E8%9C%88%E8%9A%A3%E5%B1%AC%20%E8%96%94%E8%96%87%E7%9B%AE%20%E8%96%94%E8%96%87%E7%A7%91 HTTP/1.1" 200 32065
1.172.52.181 - - [13/Jun/2016:10:11:22 +0800] "GET /content/nav/relationSubject.jsp?relationWords=%E6%A4%8D%E7%89%A9%E7%95%8C+%E7%8E%89%E5%B1%B1%E8%88%96%E5%9C%B0%E8%9C%88%E8%9A%A3+%E8%88%96%E5%9C%B0%E8%9C%88%E8%9A%A3%E5%B1%AC+%E8%96%94%E8%96%87%E7%9B%AE+%E8%96%94%E8%96%87%E7%A7%91+&oid=1461661 HTTP/1.1" 200 3477
210.69.175.253 - - [13/Jun/2016:10:12:03 +0800] "GET /content/repository/resource_content.jsp?oid=2145026 HTTP/1.1" 200 31692
210.69.175.253 - - [13/Jun/2016:10:12:06 +0800] "GET /content/nav/relationSubject.jsp?relationWords=%E5%B0%8F%E6%AF%9B%E8%95%A8+%E6%A4%8D%E7%89%A9%E7%95%8C+%E6%AF%9B%E8%95%A8+%E6%AF%9B%E8%95%A8%E5%B1%AC+%E6%B0%B4%E9%BE%8D%E9%AA%A8+%E8%95%A8%E9%A1%9E%E6%A4%8D%E7%89%A9+%E9%87%91%E6%98%9F%E8%95%A8+&oid=2145026 HTTP/1.1" 200 3499
66.249.71.136 - - [13/Jun/2016:10:12:13 +0800] "GET /content/repository/resource_content.jsp?oid=1607783 HTTP/1.1" 200 28955
66.249.66.164 - - [13/Jun/2016:10:12:30 +0800] "GET /content/repository/resource_content.jsp?oid=1633565 HTTP/1.1" 200 29008
66.249.71.136 - - [13/Jun/2016:10:12:35 +0800] "GET /content/nav/relationSubject.jsp?relationWords=%E5%BB%96%E5%AD%B8%E6%B3%89+%E6%A8%99%E5%94%AE+%E8%82%A1%E4%BB%BD%E5%85%AC%E5%8F%B8+%E8%82%A1%E6%9D%B1+&oid=1517386 HTTP/1.1" 200 5288
66.249.71.136 - - [13/Jun/2016:10:12:40 +0800] "GET /content/nav/relationSubject.jsp?relationWords=%E5%BB%96%E5%AD%B8%E6%B3%89%20%E6%A8%99%E5%94%AE%20%E8%82%A1%E4%BB%BD%E5%85%AC%E5%8F%B8%20%E8%82%A1%E6%9D%B1%20&oid=1517386 HTTP/1.1" 200 5288
66.249.71.136 - - [13/Jun/2016:10:13:38 +0800] "GET /content/repository/resource_content.jsp?oid=1898840 HTTP/1.1" 200 30548
66.249.71.136 - - [13/Jun/2016:10:13:59 +0800] "GET /content/nav/relationSubject.jsp?relationWords=%E6%9C%A8%E8%97%8D%E5%B1%AC+%E6%A4%8D%E7%89%A9%E7%95%8C+%E6%AF%9B%E6%9C%A8%E8%97%8D+%E8%A0%B6%E8%B1%86+%E9%9B%99%E5%AD%90%E8%91%89%E6%A4%8D%E7%89%A9+&oid=2150816 HTTP/1.1" 200 3337
66.249.71.136 - - [13/Jun/2016:10:14:03 +0800] "GET /content/nav/relationSubject.jsp?relationWords=%E6%9C%A8%E8%97%8D%E5%B1%AC%20%E6%A4%8D%E7%89%A9%E7%95%8C%20%E6%AF%9B%E6%9C%A8%E8%97%8D%20%E8%A0%B6%E8%B1%86%20%E9%9B%99%E5%AD%90%E8%91%89%E6%A4%8D%E7%89%A9%20&oid=2150816 HTTP/1.1" 200 3337
66.249.71.136 - - [13/Jun/2016:10:15:03 +0800] "GET /content/repository/resource_content.jsp?oid=4353489&queryString=%E8%97%8D%E9%BB%9E%E7%9F%B3%E6%96%91%E9%AD%9A%20%E9%AE%A8%E7%A7%91 HTTP/1.1" 200 35476
68.180.228.229 - - [13/Jun/2016:10:15:04 +0800] "GET /digiarch_en/content/subject/resource_content.jsp?oid=16777438&queryType=qc HTTP/1.1" 200 22967
66.249.71.136 - - [13/Jun/2016:10:15:16 +0800] "GET /content/nav/relationSubject.jsp?relationWords=%E5%B4%96%E5%A2%93+%E6%96%B0%E6%B4%A5+%E6%96%B0%E6%B4%A5%E7%9F%B3%E5%87%BD%E7%95%AB%E8%B1%A1+&oid=1834316 HTTP/1.1" 200 3385
66.249.71.136 - - [13/Jun/2016:10:15:19 +0800] "GET /content/nav/relationSubject.jsp?relationWords=%E5%B4%96%E5%A2%93%20%E6%96%B0%E6%B4%A5%20%E6%96%B0%E6%B4%A5%E7%9F%B3%E5%87%BD%E7%95%AB%E8%B1%A1%20&oid=1834316 HTTP/1.1" 200 3385
66.249.79.200 - - [13/Jun/2016:10:15:47 +0800] "GET /content/nav/relationSubject.jsp?relationWords=%E5%90%8C%E8%95%8A%E8%8D%89+%E5%90%8C%E8%95%8A%E8%8D%89%E5%B1%AC+%E6%A4%8D%E7%89%A9%E7%95%8C+%E7%8E%84%E5%8F%83+%E7%95%B0%E8%89%B2%E7%B7%9A%E6%9F%B1%E8%8B%A3%E8%8B%94+%E7%B7%9A%E6%9F%B1%E8%8B%A3%E8%8B%94%E5%B1%AC+%E8%8B%A6%E8%8B%A3%E8%8B%94%E7%A7%91+&oid=2147795 HTTP/1.1" 200 3671
66.249.71.166 - - [13/Jun/2016:10:17:53 +0800] "GET /content/subject/resource_content.jsp?oid=16777448&queryType=qs&queryString=%E9%AB%98%E9%80%9F%E5%85%AC%E8%B7%AF HTTP/1.1" 200 34486
66.249.71.136 - - [13/Jun/2016:10:18:02 +0800] "GET /content/nav/relationSubject.jsp?relationWords=%E6%9D%B1%E6%98%A5+%E7%B3%96%E5%BB%A0+%E8%87%BA%E7%81%A3%E7%B3%96%E6%A5%AD%E5%85%AC%E5%8F%B8+%E8%BE%B2%E6%9E%97%E9%A1%9E+&oid=1559983 HTTP/1.1" 200 3594
122.100.159.164 - - [13/Jun/2016:10:18:18 +0800] "GET /content/subject/resource_content.jsp?oid=16777736&queryString= HTTP/1.1" 200 43166
122.100.159.164 - - [13/Jun/2016:10:18:18 +0800] "GET /content/nav/relationSubject.jsp?relationWords=%E5%8D%97%E6%B9%96%E5%A4%A7%E5%B1%B1+%E6%9D%9C%E9%B5%91+%E7%8E%89%E5%B1%B1%E6%9D%9C%E9%B5%91+%E7%B4%B0%E8%91%89%E6%9D%9C%E9%B5%91+%E8%A5%BF%E6%96%BD%E8%8A%B1+&oid=16777736 HTTP/1.1" 200 5052
180.76.15.28 - - [13/Jun/2016:10:18:26 +0800] "GET /content/repository/resource_content.jsp?oid=1896786 HTTP/1.1" 200 28943
66.249.71.129 - - [13/Jun/2016:10:19:18 +0800] "GET /content/repository/resource_content.jsp?oid=3819221&queryString=%E5%A4%8F%E5%A4%9C%20%E6%B0%B4%E8%8C%84%E8%8B%B3 HTTP/1.1" 200 31152
66.249.71.136 - - [13/Jun/2016:10:19:19 +0800] "GET /content/repository/resource_content.jsp?oid=3819386&queryString=%E6%A4%8D%E7%89%A9%E7%95%8C%20%E6%B5%B7%E6%A1%90%20%E6%B5%B7%E6%A1%90%E5%B1%AC%20%E8%96%94%E8%96%87%E7%9B%AE HTTP/1.1" 200 31272
222.251.21.184 - - [13/Jun/2016:10:19:38 +0800] "GET /content/repository/resource_content.jsp?oid=15456&queryString=%E5%96%AE%E8%89%B2%20%E6%9D%B1%E5%8C%97%E5%9C%B0%E5%8D%80%20%E9%BB%83%E5%A7%91 HTTP/1.1" 200 37164
222.251.21.184 - - [13/Jun/2016:10:19:42 +0800] "GET /content/nav/relationSubject.jsp?relationWords=%E5%8D%8A%E6%96%91%E9%BB%83%E5%A7%91%E9%AD%9A+%E7%9F%B3%E9%A6%96%E9%AD%9A%E7%A7%91+%E9%BB%83%E5%A7%91%E9%AD%9A+%E9%BB%83%E9%AD%9A+&oid=15456 HTTP/1.1" 200 3523
222.251.21.184 - - [13/Jun/2016:10:20:35 +0800] "GET /content/repository/resource_content.jsp?oid=15456&queryString=%E5%96%AE%E8%89%B2%20%E6%9D%B1%E5%8C%97%E5%9C%B0%E5%8D%80%20%E9%BB%83%E5%A7%91 HTTP/1.1" 200 37164
222.251.21.184 - - [13/Jun/2016:10:20:38 +0800] "GET /content/nav/relationSubject.jsp?relationWords=%E5%8D%8A%E6%96%91%E9%BB%83%E5%A7%91%E9%AD%9A+%E7%9F%B3%E9%A6%96%E9%AD%9A%E7%A7%91+%E9%BB%83%E5%A7%91%E9%AD%9A+%E9%BB%83%E9%AD%9A+&oid=15456 HTTP/1.1" 200 3523
66.249.71.136 - - [13/Jun/2016:10:20:43 +0800] "GET /content/repository/resource_content.jsp?oid=3814635&queryString=%E5%A4%A7%E9%A2%A8%E5%AD%90%20%E6%A4%8D%E7%89%A9%E7%95%8C%20%E7%BE%85%E5%BA%9A%E6%9E%9C%20%E7%BE%85%E5%BA%9A%E6%9E%9C%E5%B1%AC%20%E8%8F%AB%E8%8F%9C HTTP/1.1" 200 31373
54.165.41.173 - - [13/Jun/2016:10:20:49 +0800] "GET /content/tmp_tec/resource_content.jsp?oid=16777837 HTTP/1.1" 200 35568
122.100.159.164 - - [13/Jun/2016:10:20:51 +0800] "GET /content/subject/resource_content.jsp?oid=16777398&queryString=%E5%8D%97%E6%B9%96%E5%A4%A7%E5%B1%B1%20%E6%9D%9C%E9%B5%91%20%E7%8E%89%E5%B1%B1%E6%9D%9C%E9%B5%91%20%E7%B4%B0%E8%91%89%E6%9D%9C%E9%B5%91%20%E8%A5%BF%E6%96%BD%E8%8A%B1 HTTP/1.1" 200 28937
122.100.159.164 - - [13/Jun/2016:10:20:51 +0800] "GET /content/nav/relationSubject.jsp?relationWords=%E6%9D%9C%E9%B5%91%E8%8A%B1+&oid=16777398 HTTP/1.1" 200 3944
66.249.71.248 - - [13/Jun/2016:10:21:16 +0800] "GET /content/nav/relationSubject.jsp?relationWords=%E4%BD%90%E9%A0%98%E7%B7%A3%E7%94%B1+%E6%97%97%E6%BC%A2%E8%BB%8D+%E6%AD%A3%E7%B4%85%E6%97%97+%E6%BC%A2%E8%BB%8D%E4%BD%90%E9%A0%98+%E7%B7%A3%E7%94%B1%E5%86%8A+&oid=3125687 HTTP/1.1" 200 3329
66.249.71.136 - - [13/Jun/2016:10:21:25 +0800] "GET /content/nav/relationSubject.jsp?relationWords=%E6%AF%B3%E7%9B%A4+&oid=1817698 HTTP/1.1" 200 2793
66.249.71.136 - - [13/Jun/2016:10:21:30 +0800] "GET /content/nav/relationSubject.jsp?relationWords=%E6%AF%B3%E7%9B%A4%20&oid=1817698 HTTP/1.1" 200 2793
68.180.228.229 - - [13/Jun/2016:10:21:52 +0800] "GET /content/subject/resource_content.jsp?oid=16777359&queryType=qc HTTP/1.1" 200 33881
68.180.228.229 - - [13/Jun/2016:10:22:04 +0800] "GET /content/subject/resource_content.jsp?oid=16777840&queryType=qc> HTTP/1.1" 200 40649
66.249.71.199 - - [13/Jun/2016:10:22:08 +0800] "GET /content/repository/resource_content.jsp?oid=1549903&queryString=%E5%8A%87%E5%9C%98%20%E7%9A%87%E6%B0%91%E5%A5%89%E5%85%AC%E6%9C%83%20%E7%B5%B1%E5%88%B6%20%E8%87%BA%E7%81%A3%E6%BC%94%E5%8A%87%E5%8D%94%E6%9C%83 HTTP/1.1" 200 30802
66.249.79.200 - - [13/Jun/2016:10:22:11 +0800] "GET /content/nav/relationSubject.jsp?relationWords=%E5%8D%97%E6%B4%8B%E8%B2%BF%E6%98%93+%E8%8F%AF%E5%83%91+&oid=4473936 HTTP/1.1" 200 3164
66.249.71.136 - - [13/Jun/2016:10:22:35 +0800] "GET /content/nav/relationSubject.jsp?relationWords=%E5%8D%97%E6%B4%8B%E8%B2%BF%E6%98%93%20%E8%8F%AF%E5%83%91%20&oid=4473936 HTTP/1.1" 200 3164
66.249.71.136 - - [13/Jun/2016:10:23:27 +0800] "GET /content/nav/relationSubject.jsp?relationWords=%E5%80%92%E5%90%8A%E8%98%AD+%E5%80%92%E5%90%8A%E8%98%AD%E5%B1%AC+&oid=2143219 HTTP/1.1" 200 3055
66.249.79.200 - - [13/Jun/2016:10:23:30 +0800] "GET /content/nav/relationSubject.jsp?relationWords=%E5%80%92%E5%90%8A%E8%98%AD%20%E5%80%92%E5%90%8A%E8%98%AD%E5%B1%AC%20&oid=2143219 HTTP/1.1" 200 3055
66.249.71.136 - - [13/Jun/2016:10:23:33 +0800] "GET /content/repository/resource_content.jsp?oid=1773380 HTTP/1.1" 200 27692
66.249.71.194 - - [13/Jun/2016:10:24:26 +0800] "GET /content/nav/relationSubject.jsp?relationWords=%E4%BA%8C%E4%BB%81%E6%BA%AA+%E5%AE%89%E5%85%A8%E6%A1%88+&oid=1563905 HTTP/1.1" 200 3364
163.20.104.30 - - [13/Jun/2016:10:24:28 +0800] "GET /content/repository/resource_content.jsp?oid=1095103&queryString=%E7%89%9B%E7%AD%8B%E8%8D%89%20%E7%A9%87%E5%AD%90%E5%B1%AC HTTP/1.1" 200 30163
163.20.104.30 - - [13/Jun/2016:10:24:29 +0800] "GET /content/nav/relationSubject.jsp?relationWords=%E7%89%9B%E7%AD%8B%E8%8D%89+%E7%A9%87%E5%AD%90%E5%B1%AC+&oid=1095103 HTTP/1.1" 200 3068
66.249.71.200 - - [13/Jun/2016:10:24:30 +0800] "GET /content/nav/relationSubject.jsp?relationWords=%E4%BA%8C%E4%BB%81%E6%BA%AA%20%E5%AE%89%E5%85%A8%E6%A1%88%20&oid=1563905 HTTP/1.1" 200 3364
66.249.71.152 - - [13/Jun/2016:10:24:44 +0800] "GET /content/subject/resource_content.jsp?oid=16777426&queryType=qs&queryString=%E6%88%B0%E5%9C%8B%E6%99%82%E4%BB%A3 HTTP/1.1" 200 39004
66.249.71.136 - - [13/Jun/2016:10:24:58 +0800] "GET /digiarch_en/content/repository/resource_content.jsp?oid=2152464&queryString=%E4%B9%9D%E8%8A%8E%20%E5%8D%83%E5%B1%88%E8%8F%9C%E7%A7%91%20%E6%A1%83%E9%87%91%E5%AD%83%20%E6%A4%8D%E7%89%A9%E7%95%8C%20%E7%B4%AB%E8%96%87%E5%B1%AC HTTP/1.1" 200 23658
66.249.71.254 - - [13/Jun/2016:10:25:27 +0800] "GET /content/nav/relationSubject.jsp?relationWords=%E5%A5%8E%E8%BC%9D+%E5%BE%A9%E8%88%88%E9%84%89+%E7%9C%81%E6%94%BF%E5%BA%9C+%E9%99%B3%E9%80%B2+&oid=1900072 HTTP/1.1" 200 4577
66.249.71.248 - - [13/Jun/2016:10:25:30 +0800] "GET /content/nav/relationSubject.jsp?relationWords=%E5%A5%8E%E8%BC%9D%20%E5%BE%A9%E8%88%88%E9%84%89%20%E7%9C%81%E6%94%BF%E5%BA%9C%20%E9%99%B3%E9%80%B2%20&oid=1900072 HTTP/1.1" 200 4577
203.104.145.48 - - [13/Jun/2016:10:25:46 +0800] "GET /content/repository/resource_content.jsp?oid=15456&queryString=%E5%96%AE%E8%89%B2%20%E6%9D%B1%E5%8C%97%E5%9C%B0%E5%8D%80%20%E9%BB%83%E5%A7%91 HTTP/1.1" 200 37164
66.249.71.136 - - [13/Jun/2016:10:25:47 +0800] "GET /content/nav/relationSubject.jsp?relationWords=%E4%BA%8B%E7%AB%A3+%E4%BD%99%E7%A5%90%E8%95%83+%E6%A5%8A%E6%A8%9E%E5%A5%8F+&oid=819439 HTTP/1.1" 200 3187
66.249.71.136 - - [13/Jun/2016:10:25:56 +0800] "GET /content/nav/relationSubject.jsp?relationWords=%E6%A1%83%E9%87%91%E5%AD%83+%E6%A4%8D%E7%89%A9%E7%95%8C+%E7%B3%99%E8%91%89%E8%80%B3%E8%97%A5%E8%8A%B1+%E8%80%B3%E8%97%A5%E8%8A%B1%E5%B1%AC+%E9%87%8E%E7%89%A1%E4%B8%B9%E7%A7%91+&oid=2148668 HTTP/1.1" 200 3458
66.249.71.136 - - [13/Jun/2016:10:26:03 +0800] "GET /content/nav/relationSubject.jsp?relationWords=%E6%A1%83%E9%87%91%E5%AD%83%20%E6%A4%8D%E7%89%A9%E7%95%8C%20%E7%B3%99%E8%91%89%E8%80%B3%E8%97%A5%E8%8A%B1%20%E8%80%B3%E8%97%A5%E8%8A%B1%E5%B1%AC%20%E9%87%8E%E7%89%A1%E4%B8%B9%E7%A7%91%20&oid=2148668 HTTP/1.1" 200 3458
66.249.71.136 - - [13/Jun/2016:10:26:23 +0800] "GET /content/repository/resource_content.jsp?oid=2150269 HTTP/1.1" 200 31237
36.226.246.12 - - [13/Jun/2016:10:26:31 +0800] "GET /content/nav/relationSubject.jsp?relationWords=%E5%A4%A7%E8%8A%B1%E7%B4%AB%E8%96%87+&oid=16777378 HTTP/1.1" 200 3480
66.249.71.136 - - [13/Jun/2016:10:27:48 +0800] "GET /content/repository/resource_content.jsp?oid=2676851 HTTP/1.1" 200 30359
1.174.198.242 - - [13/Jun/2016:10:27:54 +0800] "GET /content/repository/resource_content.jsp?oid=1126000 HTTP/1.1" 200 31869
1.174.198.242 - - [13/Jun/2016:10:27:56 +0800] "GET /content/nav/relationSubject.jsp?relationWords=%E4%B8%AD%E8%85%B9%E8%B6%B3%E7%9B%AE+%E6%B5%B7%E8%9C%B7+%E6%B5%B7%E8%9C%B7%E7%A7%91+%E7%81%98%E6%A3%B2%E8%9E%BA+%E7%87%92%E9%85%92%E6%B5%B7%E8%9C%B7+%E7%87%92%E9%85%92%E8%9E%BA+%E8%85%B9%E8%B6%B3%E7%B6%B1+%E9%90%B5%E9%87%9D%E8%9E%BA+&oid=1126000 HTTP/1.1" 200 3671
66.249.71.136 - - [13/Jun/2016:10:27:58 +0800] "GET /content/nav/relationSubject.jsp?relationWords=%E6%9D%8E%E4%B8%96%E5%82%91+&oid=2676078 HTTP/1.1" 200 2193
101.226.227.96 - - [13/Jun/2016:10:28:06 +0800] "GET /content/nav/relationSubject.jsp?relationWords=a?M-e?1e?3c?R+a?g?Pe??P+a?g?Pe??Pc??+c??a?G2e?o+c??e??a?g?Pe??P+c??e??e?o+e?1e?3c???+e??ge??e?o+&oid=1126000 HTTP/1.1" 200 1534
66.249.71.253 - - [13/Jun/2016:10:28:19 +0800] "GET /content/nav/relationSubject.jsp?relationWords=%E6%A3%8B%E7%9B%A4%E8%85%B3%E6%A8%B9%E5%B1%AC+%E6%A4%8D%E7%89%A9%E7%95%8C+%E6%B0%B4%E8%8C%84%E8%8B%B3+%E7%8E%89%E8%95%8A%E7%A7%91+&oid=3819221 HTTP/1.1" 200 4157
66.249.79.158 - - [13/Jun/2016:10:28:26 +0800] "GET /content/nav/relationSubject.jsp?relationWords=%E6%A3%8B%E7%9B%A4%E8%85%B3%E6%A8%B9%E5%B1%AC%20%E6%A4%8D%E7%89%A9%E7%95%8C%20%E6%B0%B4%E8%8C%84%E8%8B%B3%20%E7%8E%89%E8%95%8A%E7%A7%91%20&oid=3819221 HTTP/1.1" 200 4157
66.249.79.200 - - [13/Jun/2016:10:28:50 +0800] "GET /content/nav/relationSubject.jsp?relationWords=%E5%85%AC%E7%94%A2%E7%AE%A1%E7%90%86%E8%99%95+%E5%94%90%E5%82%B3%E5%AE%97+%E5%94%90%E6%A6%AE+%E5%9C%9F%E5%9C%B0%E9%8A%80%E8%A1%8C+%E5%9C%B0%E8%99%9F+%E5%BC%B5%E5%AF%8C+%E6%89%80%E6%9C%89%E6%AC%8A+%E6%9E%97%E6%BE%84%E5%A2%9E+%E7%9C%81%E6%94%BF%E5%BA%9C+%E8%82%A1%E4%BB%BD%E6%9C%89%E9%99%90%E5%85%AC%E5%8F%B8+%E8%87%BA%E5%8C%97%E5%B8%82+%E8%87%BA%E7%81%A3%E7%9C%81%E6%94%BF%E5%BA%9C+%E8%91%89%E5%AF%92%E9%9D%92+%E9%90%B5%E5%B7%A5%E5%BB%A0+%E9%99%B3%E4%B8%96%E5%8F%AB+%E9%AB%98%E9%9B%84%E5%B8%82+%E9%BB%83%E5%8D%A0%E5%B2%B8+&oid=1531852 HTTP/1.1" 200 5332
66.249.79.135 - - [13/Jun/2016:10:28:54 +0800] "GET /content/nav/relationSubject.jsp?relationWords=%E4%B8%AD%E5%9C%8B%E5%9C%8B%E6%B0%91%E9%BB%A8+%E4%BF%9D%E5%AE%89%E5%8F%B8+%E5%8F%B8%E4%BB%A4%E9%83%A8+%E8%87%BA%E7%81%A3%E7%9C%81+%E8%87%BA%E7%81%A3%E7%9C%81%E5%8F%83%E8%AD%B0%E6%9C%83+%E8%88%9F%E5%B1%B1+&oid=1516921 HTTP/1.1" 200 4653
66.249.71.136 - - [13/Jun/2016:10:29:14 +0800] "GET /content/nav/relationSubject.jsp?relationWords=&oid=2581901 HTTP/1.1" 200 1405
66.249.71.199 - - [13/Jun/2016:10:29:50 +0800] "GET /content/nav/relationSubject.jsp?relationWords=%E6%9C%A8%E6%9D%90%E5%85%AC%E6%9C%83+%E6%9E%97%E5%8B%99%E5%B1%80+%E7%B5%B1%E5%88%B6+%E8%87%BA%E7%81%A3%E5%85%89%E5%BE%A9+%E8%87%BA%E7%81%A3%E7%9C%81%E6%9C%A8+&oid=1549903 HTTP/1.1" 200 5805
140.111.155.106 - - [13/Jun/2016:10:29:52 +0800] "GET /content/nav/relationSubject.jsp?relationWords=%E5%8D%83%E5%B9%B4%E6%A1%90+%E6%A1%90%E8%8A%B1+%E6%B2%B9%E6%A1%90+&oid=16777599 HTTP/1.1" 200 3738
66.249.71.199 - - [13/Jun/2016:10:29:53 +0800] "GET /content/nav/relationSubject.jsp?relationWords=%E6%9C%A8%E6%9D%90%E5%85%AC%E6%9C%83%20%E6%9E%97%E5%8B%99%E5%B1%80%20%E7%B5%B1%E5%88%B6%20%E8%87%BA%E7%81%A3%E5%85%89%E5%BE%A9%20%E8%87%BA%E7%81%A3%E7%9C%81%E6%9C%A8%20&oid=1549903 HTTP/1.1" 200 5805
66.249.71.136 - - [13/Jun/2016:10:30:00 +0800] "GET /content/repository/resource_content.jsp?oid=1110693&queryString=%E6%B5%B7%E5%B7%9E%E5%B8%B8%E5%B1%B1%E5%B1%AC HTTP/1.1" 200 31260
66.249.71.136 - - [13/Jun/2016:10:30:07 +0800] "GET /content/nav/relationSubject.jsp?relationWords=%E4%BA%94%E5%91%B3%E5%AD%90+%E5%8D%97%E4%BA%94%E5%91%B3%E5%AD%90+%E5%8D%97%E4%BA%94%E5%91%B3%E5%AD%90%E5%B1%AC+%E6%A4%8D%E7%89%A9%E7%95%8C+&oid=2146901 HTTP/1.1" 200 3377
66.249.71.136 - - [13/Jun/2016:10:30:10 +0800] "GET /content/nav/relationSubject.jsp?relationWords=%E4%BA%94%E5%91%B3%E5%AD%90%20%E5%8D%97%E4%BA%94%E5%91%B3%E5%AD%90%20%E5%8D%97%E4%BA%94%E5%91%B3%E5%AD%90%E5%B1%AC%20%E6%A4%8D%E7%89%A9%E7%95%8C%20&oid=2146901 HTTP/1.1" 200 3377
66.249.71.199 - - [13/Jun/2016:10:30:38 +0800] "GET /content/repository/resource_content.jsp?oid=4362902&queryString=%E4%BB%81%E5%92%8C%E5%AE%AE%20%E5%B9%B3%E5%AE%89%E7%AC%A6%20%E8%81%96%E7%8E%8B%20%E9%96%8B%E6%BC%B3%E8%81%96%E7%8E%8B HTTP/1.1" 200 31632
66.249.71.242 - - [13/Jun/2016:10:30:56 +0800] "GET /content/nav/relationSubject.jsp?relationWords=%E5%85%83%E6%9D%B1+%E5%8F%83%E8%AD%B0%E5%93%A1+%E5%9C%B0%E6%94%BF%E5%B1%80+%E6%9D%8E%E6%98%8E%E9%81%93+%E6%9E%97%E5%A3%81%E8%BC%9D+%E6%A5%AD%E4%B8%BB+%E6%B8%85%E7%AE%97+%E9%AD%9A%E5%A1%AD+&oid=1518484 HTTP/1.1" 200 4997
66.249.71.166 - - [13/Jun/2016:10:31:01 +0800] "GET /content/nav/relationSubject.jsp?relationWords=%E4%BD%8F%E9%83%BD%E5%B1%80+%E5%81%8F%E9%81%A0%E5%9C%B0%E5%8D%80+%E5%85%AC%E5%85%B1%E8%A8%AD%E6%96%BD+%E5%96%84%E5%8C%96%E9%8E%AE+%E5%9C%8B%E5%AE%85+%E5%9C%8D%E6%A8%99+%E5%AE%89%E5%AE%9A%E9%84%89+%E5%B7%A5%E7%A8%8B%E6%8B%9B%E6%A8%99+%E6%8B%9B%E6%A8%99+%E6%B0%B4%E5%9C%B3+%E7%83%8F%E5%B1%B1%E9%A0%AD%E6%B0%B4%E5%BA%AB+%E7%9B%AE%E6%A8%99+%E8%87%AA%E4%BE%86%E6%B0%B4+%E8%87%BA%E5%8D%97%E7%B8%A3+%E9%83%BD%E5%B8%82%E8%A8%88%E7%95%AB+&oid=1613159 HTTP/1.1" 200 7285
66.249.71.152 - - [13/Jun/2016:10:31:05 +0800] "GET /content/nav/relationSubject.jsp?relationWords=%E4%BD%8F%E9%83%BD%E5%B1%80%20%E5%81%8F%E9%81%A0%E5%9C%B0%E5%8D%80%20%E5%85%AC%E5%85%B1%E8%A8%AD%E6%96%BD%20%E5%96%84%E5%8C%96%E9%8E%AE%20%E5%9C%8B%E5%AE%85%20%E5%9C%8D%E6%A8%99%20%E5%AE%89%E5%AE%9A%E9%84%89%20%E5%B7%A5%E7%A8%8B%E6%8B%9B%E6%A8%99%20%E6%8B%9B%E6%A8%99%20%E6%B0%B4%E5%9C%B3%20%E7%83%8F%E5%B1%B1%E9%A0%AD%E6%B0%B4%E5%BA%AB%20%E7%9B%AE%E6%A8%99%20%E8%87%AA%E4%BE%86%E6%B0%B4%20%E8%87%BA%E5%8D%97%E7%B8%A3%20%E9%83%BD%E5%B8%82%E8%A8%88%E7%95%AB%20&oid=1613159 HTTP/1.1" 200 7285
66.249.71.248 - - [13/Jun/2016:10:31:05 +0800] "GET /content/nav/relationSubject.jsp?relationWords=%E5%85%83%E6%9D%B1%20%E5%8F%83%E8%AD%B0%E5%93%A1%20%E5%9C%B0%E6%94%BF%E5%B1%80%20%E6%9D%8E%E6%98%8E%E9%81%93%20%E6%9E%97%E5%A3%81%E8%BC%9D%20%E6%A5%AD%E4%B8%BB%20%E6%B8%85%E7%AE%97%20%E9%AD%9A%E5%A1%AD%20&oid=1518484 HTTP/1.1" 200 4997
66.249.71.136 - - [13/Jun/2016:10:31:41 +0800] "GET /content/nav/relationSubject.jsp?relationWords=%E4%B8%AD%E5%9C%8B%E5%A4%A7%E9%99%B8%E5%9C%B0%E5%9C%96+%E6%A9%AB%E7%95%88+&oid=208434 HTTP/1.1" 200 2525
66.249.79.200 - - [13/Jun/2016:10:31:48 +0800] "GET /content/nav/relationSubject.jsp?relationWords=%E4%B8%AD%E5%9C%8B%E5%A4%A7%E9%99%B8%E5%9C%B0%E5%9C%96%20%E6%A9%AB%E7%95%88%20&oid=208434 HTTP/1.1" 200 2525
65.55.212.68 - - [13/Jun/2016:10:31:50 +0800] "GET /content/nav/relationSubject.jsp?relationWords=%E6%AF%AC%E8%98%AD+&oid=33554706 HTTP/1.1" 200 3127
66.249.71.199 - - [13/Jun/2016:10:31:52 +0800] "GET /digiarch3/content/nav/relationSubject.jsp?relationWords=%E6%96%91%E9%A6%AC+%E7%9F%AD%E9%B0%AD+%E7%B4%85%E8%99%8E+&oid=4353784 HTTP/1.1" 200 3411
66.249.71.136 - - [13/Jun/2016:10:32:03 +0800] "GET /content/repository/resource_content.jsp?oid=1124938 HTTP/1.1" 200 39113
66.249.71.136 - - [13/Jun/2016:10:32:40 +0800] "GET /content/nav/relationSubject.jsp?relationWords=%E5%96%AE%E8%91%89%E8%BB%9F%E8%91%89%E8%98%AD+%E8%BB%9F%E8%91%89%E8%98%AD%E5%B1%AC+&oid=1111014 HTTP/1.1" 200 3189
66.249.71.136 - - [13/Jun/2016:10:32:42 +0800] "GET /content/nav/relationSubject.jsp?relationWords=%E5%96%AE%E8%91%89%E8%BB%9F%E8%91%89%E8%98%AD%20%E8%BB%9F%E8%91%89%E8%98%AD%E5%B1%AC%20&oid=1111014 HTTP/1.1" 200 3189
66.249.71.136 - - [13/Jun/2016:10:32:52 +0800] "GET /content/nav/relationSubject.jsp?relationWords=%E6%A4%8D%E7%89%A9%E7%95%8C+%E8%BB%8A%E5%89%8D%E5%B1%AC+%E8%BB%8A%E5%89%8D%E8%8D%89+&oid=1456811 HTTP/1.1" 200 3218
66.249.71.136 - - [13/Jun/2016:10:33:02 +0800] "GET /content/nav/relationSubject.jsp?relationWords=%E6%A4%8D%E7%89%A9%E7%95%8C%20%E8%BB%8A%E5%89%8D%E5%B1%AC%20%E8%BB%8A%E5%89%8D%E8%8D%89%20&oid=1456811 HTTP/1.1" 200 3218
66.249.66.162 - - [13/Jun/2016:10:33:22 +0800] "GET /digiarch3/content/subject/resource_content.jsp?oid=16777735&queryType=qs&queryString=%E6%B0%91%E6%97%8F%E8%AA%8C HTTP/1.1" 200 32505
66.249.71.199 - - [13/Jun/2016:10:33:28 +0800] "GET /digiarch3/content/repository/resource_content.jsp?oid=4362234&queryType=qs&queryString=%E4%B8%89%E8%BA%AB HTTP/1.1" 200 30572
123.125.71.80 - - [13/Jun/2016:10:33:59 +0800] "GET /digiarch_en/content/subject/resource_content.jsp?oid=16777721&queryType=qc HTTP/1.1" 200 31310
66.249.71.136 - - [13/Jun/2016:10:34:31 +0800] "GET /content/nav/relationSubject.jsp?relationWords=%E5%AD%9F%E5%8A%A0%E6%8B%89%E8%B1%86%E5%A8%98%E9%AD%9A+%E9%9B%80%E9%AF%9B%E7%A7%91+&oid=3112001 HTTP/1.1" 200 3302
118.158.92.127 - - [13/Jun/2016:10:34:49 +0800] "GET /content/nav/relationSubject.jsp?relationWords=%E6%A5%8A%E8%82%87%E5%98%89+&oid=16777781 HTTP/1.1" 200 2610
66.249.71.136 - - [13/Jun/2016:10:35:09 +0800] "GET /content/nav/relationSubject.jsp?relationWords=%E6%B5%B7%E5%B7%9E%E5%B8%B8%E5%B1%B1%E5%B1%AC%20&oid=1110693 HTTP/1.1" 200 3066
66.249.71.136 - - [13/Jun/2016:10:35:18 +0800] "GET /content/repository/resource_content.jsp?oid=3822393&queryString=%E6%A4%8D%E7%89%A9%E7%95%8C%20%E6%A6%95%E5%B1%AC%20%E6%BE%80%E8%91%89%E6%A6%95 HTTP/1.1" 200 31010
52.3.127.144 - - [13/Jun/2016:10:37:10 +0800] "GET /content/subject/resource_content.jsp?oid=16777734&queryType=qc HTTP/1.1" 200 40313
66.249.71.166 - - [13/Jun/2016:10:37:43 +0800] "GET /content/subject/resource_content.jsp?oid=16777617&queryType=qs&queryString=%E6%AD%BB%E4%BA%A1%E7%8E%87 HTTP/1.1" 200 60924
66.249.71.150 - - [13/Jun/2016:10:38:13 +0800] "GET /content/nav/relationSubject.jsp?relationWords=%E5%A4%A7%E9%A2%A8%E5%AD%90+%E6%A4%8D%E7%89%A9%E7%95%8C+%E7%BE%85%E5%BA%9A%E6%9E%9C+%E7%BE%85%E5%BA%9A%E6%9E%9C%E5%B1%AC+%E8%8F%AB%E8%8F%9C+&oid=3814635 HTTP/1.1" 200 3386
66.249.71.143 - - [13/Jun/2016:10:38:17 +0800] "GET /content/nav/relationSubject.jsp?relationWords=%E5%A4%A7%E9%A2%A8%E5%AD%90%20%E6%A4%8D%E7%89%A9%E7%95%8C%20%E7%BE%85%E5%BA%9A%E6%9E%9C%20%E7%BE%85%E5%BA%9A%E6%9E%9C%E5%B1%AC%20%E8%8F%AB%E8%8F%9C%20&oid=3814635 HTTP/1.1" 200 3386
66.249.71.242 - - [13/Jun/2016:10:38:53 +0800] "GET /content/nav/relationSubject.jsp?relationWords=%E5%A3%81%E7%95%AB+%E5%AD%9D%E5%A0%82%E5%B1%B1+%E5%AE%9A%E5%B7%9E+%E6%96%87%E9%BE%8D+%E8%82%A5%E5%9F%8E+%E9%83%AD%E6%B0%8F+&oid=1829239 HTTP/1.1" 200 3623
66.249.71.136 - - [13/Jun/2016:10:39:08 +0800] "GET /content/repository/resource_content.jsp?oid=1593013 HTTP/1.1" 200 28622
175.143.126.145 - - [13/Jun/2016:10:39:26 +0800] "GET /content/nav/relationSubject.jsp?relationWords=%E5%9D%AA%E6%9E%97%E7%A7%8B%E6%B5%B7%E6%A3%A0+%E7%A7%8B%E6%B5%B7%E6%A3%A0+&oid=16777493 HTTP/1.1" 200 4931
1.173.252.107 - - [13/Jun/2016:10:40:08 +0800] "GET /content/nav/relationSubject.jsp?relationWords=%E5%B1%B1%E8%8A%99%E8%93%89+%E6%9C%A8%E8%8A%99%E8%93%89+%E8%96%9B%E6%BF%A4+%E9%86%89%E8%8A%99%E8%93%89+&oid=16777260 HTTP/1.1" 200 4595
66.249.71.159 - - [13/Jun/2016:10:40:14 +0800] "GET /content/nav/relationSubject.jsp?relationWords=%E5%8E%9A%E6%AE%BC%E6%A8%B9%E5%B1%AC+%E5%B1%B1%E6%AA%B3%E6%A6%94+%E6%A4%8D%E7%89%A9%E7%95%8C+%E7%B4%AB%E8%8D%89%E7%A7%91+%E9%95%B7%E8%91%89%E5%8E%9A%E6%AE%BC%E6%A8%B9+&oid=1100601 HTTP/1.1" 200 3491
66.249.71.152 - - [13/Jun/2016:10:40:20 +0800] "GET /content/nav/relationSubject.jsp?relationWords=%E5%8E%9A%E6%AE%BC%E6%A8%B9%E5%B1%AC%20%E5%B1%B1%E6%AA%B3%E6%A6%94%20%E6%A4%8D%E7%89%A9%E7%95%8C%20%E7%B4%AB%E8%8D%89%E7%A7%91%20%E9%95%B7%E8%91%89%E5%8E%9A%E6%AE%BC%E6%A8%B9%20&oid=1100601 HTTP/1.1" 200 3491
66.249.71.143 - - [13/Jun/2016:10:40:33 +0800] "GET /content/repository/resource_content.jsp?oid=1107521&queryString=%E7%8E%89%E5%B1%B1%E8%96%84%E9%9B%AA%E8%8D%89%20%E8%96%84%E9%9B%AA%E8%8D%89 HTTP/1.1" 200 31505
118.171.5.249 - - [13/Jun/2016:10:41:10 +0800] "GET /content/nav/relationSubject.jsp?relationWords=%E9%BB%91%E6%9D%BF%E6%A8%B9+&oid=16777262 HTTP/1.1" 200 3253
66.249.71.136 - - [13/Jun/2016:10:41:19 +0800] "GET /content/nav/relationSubject.jsp?relationWords=%E5%98%89%E5%8D%97%E5%A4%A7%E5%9C%B3+%E6%96%B0%E5%8C%96%E9%8E%AE+%E7%94%9F%E7%94%A2%E6%88%90%E6%9C%AC+%E8%87%BA%E8%82%A5+%E8%99%8E%E9%A0%AD%E5%9F%A4+%E8%B2%A1%E5%8B%99+%E8%B2%B8%E6%AC%BE+%E9%A3%AD%E9%80%9F+&oid=1558069 HTTP/1.1" 200 3902
120.125.51.42 - - [13/Jun/2016:10:41:48 +0800] "GET /content/repository/resource_content.jsp?oid=1110699 HTTP/1.1" 200 31591
120.125.51.42 - - [13/Jun/2016:10:41:49 +0800] "GET /content/nav/relationSubject.jsp?relationWords=%E6%A4%8D%E7%89%A9%E7%95%8C+%E7%99%BE%E9%A6%99%E6%9E%9C+%E8%8F%AB%E8%8F%9C+%E8%A5%BF%E7%95%AA%E8%93%AE+%E8%A5%BF%E7%95%AA%E8%93%AE%E5%B1%AC+&oid=1110699 HTTP/1.1" 200 3421
66.249.71.199 - - [13/Jun/2016:10:41:58 +0800] "GET /digiarch3/content/subject/resource_content.jsp?oid=16777555&queryString=%E6%B0%91%E6%97%8F%E5%AD%B8%20%E6%B0%91%E9%96%93%E4%BF%A1%E4%BB%B0 HTTP/1.1" 200 39612
66.249.71.136 - - [13/Jun/2016:10:42:43 +0800] "GET /content/nav/relationSubject.jsp?relationWords=%E5%8E%B2%E7%8E%8B+%E6%9D%8E%E5%BA%9C%E5%8D%83%E6%AD%B2+%E9%97%9C%E5%B8%9D+&oid=4362878 HTTP/1.1" 200 3168
66.249.71.136 - - [13/Jun/2016:10:42:47 +0800] "GET /content/nav/relationSubject.jsp?relationWords=%E5%AD%90%E5%BD%88%E7%9F%B3%E6%AB%9F+%E6%9F%AF%E5%B1%AC+%E6%A4%8D%E7%89%A9%E7%95%8C+%E6%AE%BC%E6%96%97%E7%A7%91+&oid=2149624 HTTP/1.1" 200 3380
66.249.71.136 - - [13/Jun/2016:10:42:50 +0800] "GET /content/nav/relationSubject.jsp?relationWords=%E5%AD%90%E5%BD%88%E7%9F%B3%E6%AB%9F%20%E6%9F%AF%E5%B1%AC%20%E6%A4%8D%E7%89%A9%E7%95%8C%20%E6%AE%BC%E6%96%97%E7%A7%91%20&oid=2149624 HTTP/1.1" 200 3380
220.181.108.93 - - [13/Jun/2016:10:43:11 +0800] "GET /content/tmp_exh/resource_content.jsp?oid=16777741&queryType=qc HTTP/1.1" 200 49831
27.246.84.43 - - [13/Jun/2016:10:44:10 +0800] "GET /content/nav/relationSubject.jsp?relationWords=%E7%9B%B8%E6%80%9D%E6%A8%B9+&oid=16777519 HTTP/1.1" 200 3659
66.249.71.136 - - [13/Jun/2016:10:44:48 +0800] "GET /content/repository/resource_content.jsp?oid=1458504 HTTP/1.1" 200 30967
140.111.62.81 - - [13/Jun/2016:10:45:33 +0800] "GET /content/nav/relationSubject.jsp?relationWords=&oid=16777342 HTTP/1.1" 200 1405
66.249.71.136 - - [13/Jun/2016:10:45:58 +0800] "GET /content/repository/resource_content.jsp?oid=1098326&queryString=%E5%B6%BA%E5%8D%97%E9%87%8E%E8%8F%8A%20%E6%96%91%E9%B3%A9%E8%8F%8A%E5%B1%AC%20%E6%A4%8D%E7%89%A9%E7%95%8C%20%E8%8F%8A%E7%A7%91%20%E9%9B%99%E5%AD%90%E8%91%89%E6%A4%8D%E7%89%A9 HTTP/1.1" 200 31397
66.249.71.136 - - [13/Jun/2016:10:46:13 +0800] "GET /content/repository/resource_content.jsp?oid=1518040 HTTP/1.1" 200 28564
66.249.71.136 - - [13/Jun/2016:10:46:54 +0800] "GET /digiarch_en/content/nav/relationSubject.jsp?relationWords=%E4%BF%9D%E5%B1%B1%E7%B8%A3+%E5%9B%9E%E6%B0%91+&oid=2689563 HTTP/1.1" 200 3233
66.249.71.136 - - [13/Jun/2016:10:46:56 +0800] "GET /digiarch_en/content/nav/relationSubject.jsp?relationWords=%E4%BF%9D%E5%B1%B1%E7%B8%A3%20%E5%9B%9E%E6%B0%91%20&oid=2689563 HTTP/1.1" 200 3233
173.252.95.15 - - [13/Jun/2016:10:47:30 +0800] "GET /content/repository/resource_content.jsp?oid=14225&queryString=%E7%83%8F%E8%80%B3%E9%B0%BB+%E8%8A%B1%E9%B0%BB+%E8%8A%B1%E9%B0%BB%E9%B1%BA+%E9%B0%BB%E9%B1%BA+%E9%B0%BB%E9%B1%BA%E7%A7%91+%E9%B1%B8%E9%B0%BB HTTP/1.1" 200 35372
220.135.49.133 - - [13/Jun/2016:10:47:38 +0800] "GET /content/repository/resource_content.jsp?oid=15706&queryType=qs&queryString=%E5%AE%88%E8%A1%9B HTTP/1.0" 200 36067
66.249.71.159 - - [13/Jun/2016:10:47:39 +0800] "GET /content/repository/resource_content.jsp?oid=1776864&queryType=qs&queryString=%E5%85%A8%E7%90%83%E5%8C%96 HTTP/1.1" 200 37236
66.249.71.136 - - [13/Jun/2016:10:48:00 +0800] "GET /content/nav/relationSubject.jsp?relationWords=%E6%89%BF%E6%94%AC%E6%A5%AD+%E8%87%A8%E6%99%82%E7%9C%81%E8%AD%B0%E6%9C%83+%E8%87%BA%E7%81%A3%E7%9C%81+%E8%87%BA%E7%81%A3%E7%9C%81%E6%94%BF%E5%BA%9C+&oid=1525276 HTTP/1.1" 200 4553
66.249.71.136 - - [13/Jun/2016:10:48:02 +0800] "GET /content/nav/relationSubject.jsp?relationWords=%E4%BF%9D%E9%9A%AA%E9%87%91+%E5%84%92%E6%95%99+%E5%9C%8B%E6%B0%91%E4%B8%AD%E5%AD%B8+%E5%AD%94%E5%AD%90%E5%BB%9F+%E5%AD%94%E5%BB%9F+%E5%AE%97%E6%95%99%E4%BF%A1%E4%BB%B0+%E5%AE%97%E6%95%99%E5%9C%98%E9%AB%94+%E5%BB%BA%E6%95%99%E5%90%88%E4%BD%9C+%E5%BE%B7%E5%92%8C+%E6%95%99%E8%81%B7%E5%93%A1+%E6%95%99%E8%82%B2%E5%BB%B3+%E6%B0%91%E6%94%BF%E5%BB%B3+%E7%A7%81%E7%AB%8B%E5%AD%B8%E6%A0%A1+%E8%81%B7%E6%A5%AD%E5%AD%B8%E6%A0%A1+%E9%80%80%E4%BC%91%E9%87%91+&oid=1615792 HTTP/1.1" 200 3817
66.249.71.136 - - [13/Jun/2016:10:48:04 +0800] "GET /content/nav/relationSubject.jsp?relationWords=%E6%89%BF%E6%94%AC%E6%A5%AD%20%E8%87%A8%E6%99%82%E7%9C%81%E8%AD%B0%E6%9C%83%20%E8%87%BA%E7%81%A3%E7%9C%81%20%E8%87%BA%E7%81%A3%E7%9C%81%E6%94%BF%E5%BA%9C%20&oid=1525276 HTTP/1.1" 200 4553
220.135.49.133 - - [13/Jun/2016:10:48:04 +0800] "GET /content/nav/relationSubject.jsp?relationWords=%E5%8E%9A%E6%AE%BC%E4%BB%94+%E7%9C%B6%E9%8B%B8%E9%9B%80%E9%AF%9B+%E9%9B%80%E9%AF%9B%E7%A7%91+%E9%BB%91%E9%AB%98%E8%BA%AB%E9%9B%80%E9%AF%9B+&oid=15706 HTTP/1.0" 200 3739
66.249.79.200 - - [13/Jun/2016:10:48:05 +0800] "GET /content/nav/relationSubject.jsp?relationWords=%E7%9C%81%E6%94%BF%E5%BA%9C+%E8%8F%B8%E8%91%89+&oid=1895611 HTTP/1.1" 200 4492
66.249.71.136 - - [13/Jun/2016:10:48:05 +0800] "GET /content/nav/relationSubject.jsp?relationWords=%E4%BF%9D%E9%9A%AA%E9%87%91%20%E5%84%92%E6%95%99%20%E5%9C%8B%E6%B0%91%E4%B8%AD%E5%AD%B8%20%E5%AD%94%E5%AD%90%E5%BB%9F%20%E5%AD%94%E5%BB%9F%20%E5%AE%97%E6%95%99%E4%BF%A1%E4%BB%B0%20%E5%AE%97%E6%95%99%E5%9C%98%E9%AB%94%20%E5%BB%BA%E6%95%99%E5%90%88%E4%BD%9C%20%E5%BE%B7%E5%92%8C%20%E6%95%99%E8%81%B7%E5%93%A1%20%E6%95%99%E8%82%B2%E5%BB%B3%20%E6%B0%91%E6%94%BF%E5%BB%B3%20%E7%A7%81%E7%AB%8B%E5%AD%B8%E6%A0%A1%20%E8%81%B7%E6%A5%AD%E5%AD%B8%E6%A0%A1%20%E9%80%80%E4%BC%91%E9%87%91%20&oid=1615792 HTTP/1.1" 200 3817
66.249.71.254 - - [13/Jun/2016:10:48:12 +0800] "GET /content/nav/relationSubject.jsp?relationWords=%E4%BA%BA%E5%90%8D%E6%AC%8A%E5%A8%81+%E5%B0%8F%E5%B9%A1%E9%85%89%E5%90%89+%E7%8E%8B%E6%AD%A3%E5%BB%B7+&oid=720599 HTTP/1.1" 200 3416
66.249.71.242 - - [13/Jun/2016:10:48:15 +0800] "GET /content/nav/relationSubject.jsp?relationWords=%E4%BA%BA%E5%90%8D%E6%AC%8A%E5%A8%81%20%E5%B0%8F%E5%B9%A1%E9%85%89%E5%90%89%20%E7%8E%8B%E6%AD%A3%E5%BB%B7%20&oid=720599 HTTP/1.1" 200 3416
66.249.71.136 - - [13/Jun/2016:10:48:31 +0800] "GET /content/nav/relationSubject.jsp?relationWords=%E4%B9%9D%E7%AF%80%E6%9C%A8+%E4%B9%9D%E7%AF%80%E6%9C%A8%E5%B1%AC+%E6%A4%8D%E7%89%A9%E7%95%8C+%E7%89%9B%E5%B1%8E%E7%83%8F+%E8%8C%9C%E8%8D%89+%E8%8C%9C%E8%8D%89%E7%A7%91+%E9%9D%92%E9%BE%8D%E5%90%90%E9%9C%A7+&oid=1111451 HTTP/1.1" 200 3540
66.249.71.136 - - [13/Jun/2016:10:48:33 +0800] "GET /content/nav/relationSubject.jsp?relationWords=%E4%B9%9D%E7%AF%80%E6%9C%A8%20%E4%B9%9D%E7%AF%80%E6%9C%A8%E5%B1%AC%20%E6%A4%8D%E7%89%A9%E7%95%8C%20%E7%89%9B%E5%B1%8E%E7%83%8F%20%E8%8C%9C%E8%8D%89%20%E8%8C%9C%E8%8D%89%E7%A7%91%20%E9%9D%92%E9%BE%8D%E5%90%90%E9%9C%A7%20&oid=1111451 HTTP/1.1" 200 3540
66.249.71.136 - - [13/Jun/2016:10:49:04 +0800] "GET /content/repository/resource_content.jsp?oid=2142460 HTTP/1.1" 200 31098
66.249.79.200 - - [13/Jun/2016:10:49:52 +0800] "GET /content/nav/relationSubject.jsp?relationWords=&oid=2609361 HTTP/1.1" 200 1405
66.249.71.136 - - [13/Jun/2016:10:50:29 +0800] "GET /content/repository/resource_content.jsp?oid=1532396 HTTP/1.1" 200 29211
66.249.71.136 - - [13/Jun/2016:10:50:39 +0800] "GET /content/nav/relationSubject.jsp?relationWords=&oid=1627975 HTTP/1.1" 200 1405
66.249.71.136 - - [13/Jun/2016:10:50:44 +0800] "GET /content/nav/relationSubject.jsp?relationWords=%E5%81%87%E5%90%AB%E7%BE%9E%E8%8D%89%20%E5%B1%B1%E6%89%81%E8%B1%86%20%E6%A4%8D%E7%89%A9%E7%95%8C%20%E6%B1%BA%E6%98%8E%E5%B1%AC%20%E8%A0%B6%E8%B1%86%20%E9%9B%99%E5%AD%90%E8%91%89%E6%A4%8D%E7%89%A9%20&oid=2147757 HTTP/1.1" 200 3460
66.249.71.136 - - [13/Jun/2016:10:50:48 +0800] "GET /content/nav/relationSubject.jsp?relationWords=%E5%85%AC%E7%B3%A7+%E5%B9%B3%E9%87%91+%E6%B7%A1%E6%B0%B4%E9%8E%AE+%E7%A2%BE%E9%A4%98+%E7%B1%B3%E7%B3%A0+%E7%B3%A7%E9%A3%9F%E5%B1%80+%E7%B3%A7%E9%A3%9F%E6%94%BF%E7%AD%96+%E9%A3%9F%E7%B1%B3+%E9%BB%83%E8%B1%86+&oid=1567900 HTTP/1.1" 200 3445
140.130.185.81 - - [13/Jun/2016:10:51:12 +0800] "GET /content/nav/relationSubject.jsp?relationWords=&oid=16777385 HTTP/1.1" 200 1405
66.249.71.136 - - [13/Jun/2016:10:51:14 +0800] "GET /content/nav/relationSubject.jsp?relationWords=%E6%96%91%E9%BB%9E%E7%B0%BE%E9%AF%9B+%E7%B0%BE%E9%AF%9B+%E9%AF%9B%E7%A7%91+&oid=18505 HTTP/1.1" 200 3507
66.249.71.152 - - [13/Jun/2016:10:51:18 +0800] "GET /content/repository/resource_content.jsp?oid=1461646&queryString=%E6%9D%9C%E9%B5%91%E8%8A%B1 HTTP/1.1" 200 31155
66.249.71.136 - - [13/Jun/2016:10:51:18 +0800] "GET /content/nav/relationSubject.jsp?relationWords=%E6%96%91%E9%BB%9E%E7%B0%BE%E9%AF%9B%20%E7%B0%BE%E9%AF%9B%20%E9%AF%9B%E7%A7%91%20&oid=18505 HTTP/1.1" 200 3507
66.249.71.136 - - [13/Jun/2016:10:51:54 +0800] "GET /content/repository/resource_content.jsp?oid=224429 HTTP/1.1" 200 30181
123.125.71.115 - - [13/Jun/2016:10:51:59 +0800] "GET /content/tmp_exh/resource_content.jsp?oid=16777706&queryType=qc HTTP/1.1" 200 45900
66.249.71.136 - - [13/Jun/2016:10:52:04 +0800] "GET /digiarch_en/content/nav/relationSubject.jsp?relationWords=%E4%BA%BA%E5%93%A1%E7%AE%A1%E7%90%86+%E5%83%91%E7%94%9F+%E5%85%AC%E8%B7%AF%E5%B1%80+%E5%85%B1%E6%9C%89%E5%9C%9F%E5%9C%B0+%E5%9C%8B%E6%B0%91%E4%BD%8F%E5%AE%85+%E5%B7%A5%E8%B3%87+%E5%B9%B3%E5%9D%87%E5%9C%B0%E6%AC%8A+%E5%BD%B0%E5%8C%96%E7%B8%A3%E6%94%BF%E5%BA%9C+%E6%88%B6%E7%B1%8D%E7%99%BB%E8%A8%98+%E6%88%BF%E5%9C%B0%E6%A1%88+%E6%95%99%E8%82%B2%E5%BB%B3+%E6%9C%83%E8%AD%B0%E7%B4%80%E9%8C%84+%E6%9E%97%E7%89%9B%E6%B8%AF+%E6%A2%A8%E5%B1%B1+%E6%A8%99%E5%94%AE+%E6%B0%91%E6%94%BF%E9%A1%9E+%E6%B0%B4%E5%88%A9%E5%B1%80+%E6%B1%BD%E8%BB%8A%E9%A7%95%E9%A7%9B+%E6%B5%B7%E5%9F%94%E5%9C%B0+%E7%87%9F%E5%BB%BA%E8%87%BA%E5%8C%97+%E7%94%9F%E6%B4%BB%E6%89%B6%E5%8A%A9+%E7%9C%81%E6%9C%89%E5%9C%9F%E5%9C%B0+%E7%B5%84%E7%B9%94%E8%A6%8F%E7%A8%8B+%E8%87%BA%E4%B8%AD%E5%B8%82%E6%94%BF%E5%BA%9C+%E8%87%BA%E5%8C%97%E5%B8%82+%E8%87%BA%E7%81%A3%E7%9C%81+%E8%87%BA%E7%81%A3%E9%8A%80%E8%A1%8C+%E8%8A%B1%E8%93%AE%E7%B8%A3%E6%94%BF%E5%BA%9C+%E8%8F%B8%E9%85%92%E5%85%AC%E8%B3%A3%E5%B1%80+%E8%B2%A1%E6%94%BF+%E8%B2%A1%E6%94%BF%E9%A1%9E+%E8%BE%B2%E6%9E%97%E9%A1%9E+%E9%98%B2%E7%96%AB+&oid=1584742 HTTP/1.1" 200 6260
66.249.71.136 - - [13/Jun/2016:10:52:09 +0800] "GET /digiarch_en/content/nav/relationSubject.jsp?relationWords=%E4%BA%BA%E5%93%A1%E7%AE%A1%E7%90%86%20%E5%83%91%E7%94%9F%20%E5%85%AC%E8%B7%AF%E5%B1%80%20%E5%85%B1%E6%9C%89%E5%9C%9F%E5%9C%B0%20%E5%9C%8B%E6%B0%91%E4%BD%8F%E5%AE%85%20%E5%B7%A5%E8%B3%87%20%E5%B9%B3%E5%9D%87%E5%9C%B0%E6%AC%8A%20%E5%BD%B0%E5%8C%96%E7%B8%A3%E6%94%BF%E5%BA%9C%20%E6%88%B6%E7%B1%8D%E7%99%BB%E8%A8%98%20%E6%88%BF%E5%9C%B0%E6%A1%88%20%E6%95%99%E8%82%B2%E5%BB%B3%20%E6%9C%83%E8%AD%B0%E7%B4%80%E9%8C%84%20%E6%9E%97%E7%89%9B%E6%B8%AF%20%E6%A2%A8%E5%B1%B1%20%E6%A8%99%E5%94%AE%20%E6%B0%91%E6%94%BF%E9%A1%9E%20%E6%B0%B4%E5%88%A9%E5%B1%80%20%E6%B1%BD%E8%BB%8A%E9%A7%95%E9%A7%9B%20%E6%B5%B7%E5%9F%94%E5%9C%B0%20%E7%87%9F%E5%BB%BA%E8%87%BA%E5%8C%97%20%E7%94%9F%E6%B4%BB%E6%89%B6%E5%8A%A9%20%E7%9C%81%E6%9C%89%E5%9C%9F%E5%9C%B0%20%E7%B5%84%E7%B9%94%E8%A6%8F%E7%A8%8B%20%E8%87%BA%E4%B8%AD%E5%B8%82%E6%94%BF%E5%BA%9C%20%E8%87%BA%E5%8C%97%E5%B8%82%20%E8%87%BA%E7%81%A3%E7%9C%81%20%E8%87%BA%E7%81%A3%E9%8A%80%E8%A1%8C%20%E8%8A%B1%E8%93%AE%E7%B8%A3%E6%94%BF%E5%BA%9C%20%E8%8F%B8%E9%85%92%E5%85%AC%E8%B3%A3%E5%B1%80%20%E8%B2%A1%E6%94%BF%20%E8%B2%A1%E6%94%BF%E9%A1%9E%20%E8%BE%B2%E6%9E%97%E9%A1%9E%20%E9%98%B2%E7%96%AB%20&oid=1584742 HTTP/1.1" 200 6260
180.76.15.21 - - [13/Jun/2016:10:52:19 +0800] "GET /content/repository/resource_content.jsp?oid=1113344&queryString=%E5%8D%81%E5%AD%97%E8%8A%B1%E7%A7%91%20%E6%A4%8D%E7%89%A9%E7%95%8C%20%E7%8E%89%E5%B1%B1%E7%AD%B7%E5%AD%90%E8%8A%A5%20%E7%AD%B7%E5%AD%90%E8%8A%A5%E5%B1%AC%20%E9%9B%99%E5%AD%90%E8%91%89%E6%A4%8D%E7%89%A9 HTTP/1.1" 200 31759
140.109.143.60 - - [13/Jun/2016:10:52:21 +0800] "GET /content/repository/resource_content.jsp?oid=523612&queryType=qc HTTP/1.1" 200 36146
140.109.143.60 - - [13/Jun/2016:10:52:21 +0800] "GET /content/nav/relationSubject.jsp?relationWords=%E6%B2%B3%E8%9C%91%E8%9E%BA%E5%B1%AC+%E7%B4%B0%E6%96%91%E8%9C%91%E8%9E%BA+%E8%85%B9%E8%B6%B3%E7%B6%B1+%E8%9C%91%E8%9E%BA+&oid=523612 HTTP/1.1" 200 3437
66.249.71.136 - - [13/Jun/2016:10:52:23 +0800] "GET /content/nav/relationSubject.jsp?relationWords=%E4%B8%AD%E8%85%B9%E8%B6%B3%E7%9B%AE+%E6%B3%A2%E7%B4%8B%E7%8E%89%E9%BB%8D%E8%9E%BA+%E7%8E%89%E9%BB%8D%E8%9E%BA%E5%B1%AC+%E7%8E%89%E9%BB%8D%E8%9E%BA%E7%A7%91+%E8%85%B9%E8%B6%B3%E7%B6%B1+&oid=1124938 HTTP/1.1" 200 3453
66.249.71.136 - - [13/Jun/2016:10:52:27 +0800] "GET /content/nav/relationSubject.jsp?relationWords=%E4%B8%AD%E8%85%B9%E8%B6%B3%E7%9B%AE%20%E6%B3%A2%E7%B4%8B%E7%8E%89%E9%BB%8D%E8%9E%BA%20%E7%8E%89%E9%BB%8D%E8%9E%BA%E5%B1%AC%20%E7%8E%89%E9%BB%8D%E8%9E%BA%E7%A7%91%20%E8%85%B9%E8%B6%B3%E7%B6%B1%20&oid=1124938 HTTP/1.1" 200 3453
140.109.143.60 - - [13/Jun/2016:10:52:29 +0800] "GET /content/repository/resource_content.jsp?oid=523612 HTTP/1.1" 200 36146
140.109.143.60 - - [13/Jun/2016:10:52:30 +0800] "GET /content/nav/relationSubject.jsp?relationWords=%E6%B2%B3%E8%9C%91%E8%9E%BA%E5%B1%AC+%E7%B4%B0%E6%96%91%E8%9C%91%E8%9E%BA+%E8%85%B9%E8%B6%B3%E7%B6%B1+%E8%9C%91%E8%9E%BA+&oid=523612 HTTP/1.1" 200 3437
66.249.71.136 - - [13/Jun/2016:10:52:41 +0800] "GET /content/nav/relationSubject.jsp?relationWords=%E6%A4%8D%E7%89%A9%E7%95%8C+%E7%B4%B0%E8%91%89%E8%9A%8A%E6%AF%8D%E6%A8%B9+%E8%9A%8A%E6%AF%8D%E6%A8%B9%E5%B1%AC+%E9%87%91%E7%B8%B7%E6%A2%85+%E9%87%91%E7%B8%B7%E6%A2%85%E7%A7%91+&oid=2150297 HTTP/1.1" 200 2259
66.249.66.164 - - [13/Jun/2016:10:53:07 +0800] "GET /content/repository/resource_content.jsp?oid=14429&queryString=%E5%85%A7%E7%88%BE%E6%B5%B7%E9%AF%B0%20%E6%88%90%E4%BB%94%E4%B8%81%20%E6%B5%B7%E9%AF%B0%20%E7%99%BD%E8%82%89 HTTP/1.1" 200 35928
66.249.71.136 - - [13/Jun/2016:10:53:19 +0800] "GET /content/repository/resource_content.jsp?oid=1583315&queryString=%E5%85%AC%E5%9C%92%E9%A0%90%E5%AE%9A%E5%9C%B0%20%E7%B6%A0%E5%9C%B0 HTTP/1.1" 200 29282
140.109.143.60 - - [13/Jun/2016:10:54:23 +0800] "GET /content/resource_content.jsp?oid=523612&queryType=qc HTTP/1.1" 404 14873
140.109.143.60 - - [13/Jun/2016:10:54:31 +0800] "GET /resource_content.jsp?oid=523612&queryType=qc HTTP/1.1" 404 14873
66.249.71.242 - - [13/Jun/2016:10:54:44 +0800] "GET /content/repository/resource_content.jsp?oid=2664971&queryType=qs&queryString=%E7%B3%A7%E8%B3%A6 HTTP/1.1" 200 30199
40.77.167.35 - - [13/Jun/2016:10:54:48 +0800] "GET /content/nav/relationSubject.jsp?relationWords=%E5%BE%B5%E5%85%B5+%E8%98%87%E8%8A%B1+&oid=16777359 HTTP/1.1" 200 3629
140.109.143.60 - - [13/Jun/2016:10:54:52 +0800] "GET /content/subject/resource_content.jsp?oid=16777842&queryString= HTTP/1.1" 200 36275
140.109.143.60 - - [13/Jun/2016:10:54:54 +0800] "GET /content/nav/relationSubject.jsp?relationWords=%E5%BD%B1%E5%B1%95+&oid=16777842 HTTP/1.1" 200 4780
140.109.143.60 - - [13/Jun/2016:10:55:04 +0800] "GET /content/subject/resource_content.jsp?oid=523612&queryType=qc HTTP/1.1" 500 15712
66.249.71.136 - - [13/Jun/2016:10:55:33 +0800] "GET /content/nav/relationSubject.jsp?relationWords=%E5%B6%BA%E5%8D%97%E9%87%8E%E8%8F%8A+%E6%96%91%E9%B3%A9%E8%8F%8A%E5%B1%AC+%E6%A4%8D%E7%89%A9%E7%95%8C+%E8%8F%8A%E7%A7%91+%E9%9B%99%E5%AD%90%E8%91%89%E6%A4%8D%E7%89%A9+&oid=1098326 HTTP/1.1" 200 3419
66.249.71.242 - - [13/Jun/2016:10:56:09 +0800] "GET /content/repository/resource_content.jsp?oid=1548323&queryType=qs&queryString=%E6%96%B0%E6%95%99 HTTP/1.1" 200 31102
66.249.71.136 - - [13/Jun/2016:10:56:37 +0800] "GET /content/repository/resource_content.jsp?oid=279342&queryString=%E5%B1%85%E5%BB%B6%E6%BC%A2%E7%B0%A1%20%E6%BC%A2%E7%B0%A1 HTTP/1.1" 200 30965
66.249.71.136 - - [13/Jun/2016:10:56:39 +0800] "GET /content/nav/relationSubject.jsp?relationWords=%E8%B3%AA%E8%A9%A2+&oid=1593013 HTTP/1.1" 200 3912
66.249.71.136 - - [13/Jun/2016:10:56:45 +0800] "GET /content/nav/relationSubject.jsp?relationWords=%E8%B3%AA%E8%A9%A2%20&oid=1593013 HTTP/1.1" 200 3912
66.249.71.152 - - [13/Jun/2016:10:56:52 +0800] "GET /content/nav/relationSubject.jsp?relationWords=%E7%81%AB%E5%99%A8%E7%87%9F+%E7%9B%9B%E4%BA%AC+&oid=2646650 HTTP/1.1" 200 3146
173.252.95.15 - - [13/Jun/2016:10:57:23 +0800] "GET /content/repository/resource_content.jsp?oid=1115840 HTTP/1.1" 200 31368
66.249.71.136 - - [13/Jun/2016:10:57:33 +0800] "GET /content/nav/relationSubject.jsp?relationWords=%E7%B6%93%E6%BF%9F%E7%99%BC%E5%B1%95+%E9%AB%98%E9%80%9F%E5%85%AC%E8%B7%AF+&oid=1622358 HTTP/1.1" 200 5090
66.249.71.254 - - [13/Jun/2016:10:57:34 +0800] "GET /content/repository/resource_content.jsp?oid=2636464&queryType=qs&queryString=%E5%AE%97%E8%81%96 HTTP/1.1" 200 30444
66.249.71.152 - - [13/Jun/2016:10:58:42 +0800] "GET /content/nav/relationSubject.jsp?relationWords=%E6%9D%9C%E9%B5%91%E8%8A%B1%E5%B1%AC%20&oid=1461646 HTTP/1.1" 200 2981
66.249.71.159 - - [13/Jun/2016:10:58:47 +0800] "GET /content/nav/relationSubject.jsp?relationWords=%E6%A4%8D%E7%89%A9%E7%95%8C+%E6%AB%9F%E5%B1%AC+%E6%AE%BC%E6%96%97%E7%A7%91+%E9%8C%90%E6%9E%9C%E6%AB%9F+&oid=2151036 HTTP/1.1" 200 3366
66.249.71.152 - - [13/Jun/2016:10:58:50 +0800] "GET /content/nav/relationSubject.jsp?relationWords=%E6%A4%8D%E7%89%A9%E7%95%8C%20%E6%AB%9F%E5%B1%AC%20%E6%AE%BC%E6%96%97%E7%A7%91%20%E9%8C%90%E6%9E%9C%E6%AB%9F%20&oid=2151036 HTTP/1.1" 200 3366
66.249.71.136 - - [13/Jun/2016:10:58:51 +0800] "GET /content/nav/relationSubject.jsp?relationWords=%E6%9D%BF%E6%A9%9F%E9%AD%A8+%E9%89%A4%E9%B1%97%E9%AD%A8+%E9%B1%97%E9%AD%A8+%E9%B1%97%E9%AD%A8%E7%A7%91+&oid=4353907 HTTP/1.1" 200 3543
66.249.71.136 - - [13/Jun/2016:10:58:59 +0800] "GET /content/repository/resource_content.jsp?oid=1547064 HTTP/1.1" 200 29516
66.249.71.136 - - [13/Jun/2016:10:58:59 +0800] "GET /content/nav/relationSubject.jsp?relationWords=%E6%9D%BF%E6%A9%9F%E9%AD%A8%20%E9%89%A4%E9%B1%97%E9%AD%A8%20%E9%B1%97%E9%AD%A8%20%E9%B1%97%E9%AD%A8%E7%A7%91%20&oid=4353907 HTTP/1.1" 200 3543
66.249.71.242 - - [13/Jun/2016:10:59:03 +0800] "GET /content/nav/relationSubject.jsp?relationWords=%E6%AD%A6%E8%81%B7%20&oid=2682939 HTTP/1.1" 200 4437
115.239.212.10 - - [13/Jun/2016:10:59:15 +0800] "HEAD /digiarch_en/content/subject/resource_content.jsp?oid=16777600&queryType=qc HTTP/1.1" 200 -
115.239.212.17 - - [13/Jun/2016:10:59:17 +0800] "GET /digiarch_en/content/subject/resource_content.jsp?oid=16777600&queryType=qc HTTP/1.1" 200 37855
66.249.71.136 - - [13/Jun/2016:10:59:25 +0800] "GET /content/nav/relationSubject.jsp?relationWords=%E5%8D%94%E9%9A%86+%E5%90%8C%E6%A5%AD%E5%85%AC%E6%9C%83+%E5%9C%B0%E5%83%B9+%E6%9F%B3%E7%87%9F%E9%84%89+%E7%94%B0%E8%B3%A6+%E7%A2%BE%E7%B1%B3%E5%BB%A0+%E7%B3%A7%E9%A3%9F%E5%B1%80+%E8%87%BA%E5%8D%97%E7%B8%A3+&oid=1524384 HTTP/1.1" 200 3910
66.249.71.136 - - [13/Jun/2016:10:59:58 +0800] "GET /content/nav/relationSubject.jsp?relationWords=%E5%80%8D%E8%89%AF+%E5%AD%94%E9%9B%80%E6%A5%94%E9%AF%9B+%E5%AD%94%E9%9B%80%E9%80%A3%E9%B0%AD%E5%94%87%E9%AD%9A+%E5%AD%94%E9%9B%80%E9%9B%A2%E9%B0%AD%E9%AF%9B+%E5%B7%B4%E7%88%B6%E8%99%B9%E5%BD%A9%E9%AF%9B+%E5%B7%B4%E7%88%B6%E9%A0%B8%E9%B0%AD%E9%AD%9A+%E6%89%81%E7%A4%AB%E4%BB%94+%E7%B4%85%E5%A7%91%E5%A8%98%E4%BB%94+%E7%B4%85%E6%96%B0%E5%A8%98+%E8%83%AD%E8%84%82%E5%86%B7+%E8%A7%92%E9%BE%8D+%E8%B1%8E%E5%81%9C%E4%BB%94+%E9%9A%86%E9%A0%AD%E9%AD%9A%E7%A7%91+&oid=15833 HTTP/1.1" 200 4291
66.249.71.136 - - [13/Jun/2016:11:00:01 +0800] "GET /content/nav/relationSubject.jsp?relationWords=%E5%80%8D%E8%89%AF%20%E5%AD%94%E9%9B%80%E6%A5%94%E9%AF%9B%20%E5%AD%94%E9%9B%80%E9%80%A3%E9%B0%AD%E5%94%87%E9%AD%9A%20%E5%AD%94%E9%9B%80%E9%9B%A2%E9%B0%AD%E9%AF%9B%20%E5%B7%B4%E7%88%B6%E8%99%B9%E5%BD%A9%E9%AF%9B%20%E5%B7%B4%E7%88%B6%E9%A0%B8%E9%B0%AD%E9%AD%9A%20%E6%89%81%E7%A4%AB%E4%BB%94%20%E7%B4%85%E5%A7%91%E5%A8%98%E4%BB%94%20%E7%B4%85%E6%96%B0%E5%A8%98%20%E8%83%AD%E8%84%82%E5%86%B7%20%E8%A7%92%E9%BE%8D%20%E8%B1%8E%E5%81%9C%E4%BB%94%20%E9%9A%86%E9%A0%AD%E9%AD%9A%E7%A7%91%20&oid=15833 HTTP/1.1" 200 4291
66.249.71.136 - - [13/Jun/2016:11:00:24 +0800] "GET /content/subject/resource_content.jsp?oid=16777591&queryType=qs&queryString=%E6%B5%81%E8%BD%89%E5%B9%B4%E8%8F%AF HTTP/1.1" 200 40940
220.181.108.117 - - [13/Jun/2016:11:00:57 +0800] "GET /digiarch_en/content/tmp_exh/resource_content.jsp?oid=16777804&queryType=qc HTTP/1.1" 200 22733
66.249.71.205 - - [13/Jun/2016:11:01:39 +0800] "GET /digiarch3/content/nav/relationSubject.jsp?relationWords=%E8%8C%84%E8%8B%B3+&oid=16777306 HTTP/1.1" 200 4432
66.249.71.136 - - [13/Jun/2016:11:01:49 +0800] "GET /content/repository/resource_content.jsp?oid=1517093 HTTP/1.1" 200 29102
27.246.64.220 - - [13/Jun/2016:11:02:23 +0800] "GET /content/nav/relationSubject.jsp?relationWords=%E9%BB%91%E6%9D%BF%E6%A8%B9+&oid=16777262 HTTP/1.1" 200 3253
66.249.71.136 - - [13/Jun/2016:11:03:12 +0800] "GET /content/nav/relationSubject.jsp?relationWords=%E4%B8%8B%E9%8A%80%E6%BC%A2%E9%AD%9A+%E5%87%A1%E6%B0%8F+%E9%8A%80%E6%BC%A2%E9%AD%9A%E7%A7%91+%E9%B1%99%E4%BB%94+&oid=14663 HTTP/1.1" 200 3455
66.249.79.200 - - [13/Jun/2016:11:03:15 +0800] "GET /content/repository/resource_content.jsp?oid=14741&queryString=%E9%87%91%E9%B1%97%E9%AD%9A%E7%A7%91%20%E9%BB%91%E9%BB%9E%E6%A3%98%E9%B1%97%E9%AD%9A HTTP/1.1" 200 37296
125.227.214.1 - - [13/Jun/2016:11:03:22 +0800] "GET /digiarch_en/content/repository/resource_content.jsp?oid=4362865&queryString=%E7%9A%87%E5%A4%AA%E5%90%8E%20%E8%81%96%E5%A3%BD HTTP/1.1" 200 25229
125.227.214.1 - - [13/Jun/2016:11:03:22 +0800] "GET /digiarch_en/content/nav/relationSubject.jsp?relationWords=%E7%8E%89%E7%9A%87%E5%A4%A7%E5%B8%9D+%E8%81%96%E5%A3%BD+&oid=4362865 HTTP/1.1" 200 3115
140.109.143.60 - - [13/Jun/2016:11:03:43 +0800] "GET /content/repository/resource_content.jsp?oid=523571&queryType=qc HTTP/1.1" 200 35986
140.109.143.60 - - [13/Jun/2016:11:03:43 +0800] "GET /content/nav/relationSubject.jsp?relationWords=%E6%BB%91%E5%9C%93%E8%9C%91%E8%9E%BA+%E8%85%B9%E8%B6%B3%E7%B6%B1+%E8%9C%91%E8%9E%BA+&oid=523571 HTTP/1.1" 200 3372
66.249.71.136 - - [13/Jun/2016:11:04:03 +0800] "GET /content/nav/relationSubject.jsp?relationWords=%E5%8F%B0%E7%81%A3%E6%B2%B9%E9%BB%9E%E8%8D%89+&oid=33554703 HTTP/1.1" 200 3081
140.109.143.60 - - [13/Jun/2016:11:04:09 +0800] "GET /content/exhibit/exhibit.jsp?oid=16777851 HTTP/1.1" 200 26268
140.109.143.60 - - [13/Jun/2016:11:04:10 +0800] "GET /content/exhibit/exhibit_content.jsp?oid=16777851 HTTP/1.1" 200 30231
66.249.71.136 - - [13/Jun/2016:11:04:32 +0800] "GET /content/nav/relationSubject.jsp?relationWords=%E8%99%8E%E7%A7%91+%E8%99%8E%E9%AD%9A+&oid=21890 HTTP/1.1" 200 3355
140.109.143.60 - - [13/Jun/2016:11:04:34 +0800] "GET /content/exhibit/exhibit.jsp?oid=16777848 HTTP/1.1" 200 26268
140.109.143.60 - - [13/Jun/2016:11:04:35 +0800] "GET /content/exhibit/exhibit_content.jsp?oid=16777848 HTTP/1.1" 200 21313
