66.249.71.105 - - [24/Jun/2015:03:12:53 +0800] "GET /content/nav/relationSubject.jsp?relationWords=%E5%A5%B3%E5%B7%AB%20%E5%B7%AB%E5%B8%AB%20%E7%A5%96%E9%9D%88%E7%A5%AD%20%E7%A5%AD%E5%84%80%20&oid=4388354 HTTP/1.1" 200 4085
66.249.71.121 - - [24/Jun/2015:03:12:57 +0800] "GET /content/nav/relationSubject.jsp?relationWords=%E6%BC%95%E7%B3%A7+&oid=2679780 HTTP/1.1" 200 4016
66.249.71.113 - - [24/Jun/2015:03:12:59 +0800] "GET /content/nav/relationSubject.jsp?relationWords=%E6%BC%95%E7%B3%A7%20&oid=2679780 HTTP/1.1" 200 4016
66.249.71.105 - - [24/Jun/2015:03:13:03 +0800] "GET /content/repository/resource_content.jsp?oid=2676108&queryType=qs&queryString=%E8%BB%8D%E8%A3%9D HTTP/1.1" 200 30584
123.125.71.48 - - [24/Jun/2015:03:13:17 +0800] "GET /content/subject/resource_content.jsp?oid=16777746&queryType=qc HTTP/1.1" 200 39168
66.249.71.121 - - [24/Jun/2015:03:13:21 +0800] "GET /content/repository/resource_content.jsp?oid=2638428&queryType=qs&queryString=%E5%A6%A5%E8%BE%A6 HTTP/1.1" 200 29826
66.249.71.121 - - [24/Jun/2015:03:13:38 +0800] "GET /content/repository/resource_content.jsp?oid=2683365&queryType=qs&queryString=%E7%A5%81%E9%96%80%E7%B8%A3 HTTP/1.1" 200 30307
66.249.71.105 - - [24/Jun/2015:03:13:38 +0800] "GET /content/nav/relationSubject.jsp?relationWords=%E7%9C%81%E6%94%BF%E5%BA%9C+%E7%B6%9C%E5%90%88%E9%A0%90%E7%AE%97+%E8%87%BA%E7%81%A3%E7%9C%81%E6%94%BF%E5%BA%9C+%E8%BE%B2%E5%9C%B0%E9%87%8D%E5%8A%83+%E9%87%91%E7%AE%A1+&oid=1532707 HTTP/1.1" 200 4702
66.249.71.113 - - [24/Jun/2015:03:13:39 +0800] "GET /content/nav/relationSubject.jsp?relationWords=%E5%8F%9B%E9%A6%96+%E5%B7%A1%E6%92%AB+&oid=2663527 HTTP/1.1" 200 3119
66.249.71.105 - - [24/Jun/2015:03:13:40 +0800] "GET /content/nav/relationSubject.jsp?relationWords=%E7%9C%81%E6%94%BF%E5%BA%9C%20%E7%B6%9C%E5%90%88%E9%A0%90%E7%AE%97%20%E8%87%BA%E7%81%A3%E7%9C%81%E6%94%BF%E5%BA%9C%20%E8%BE%B2%E5%9C%B0%E9%87%8D%E5%8A%83%20%E9%87%91%E7%AE%A1%20&oid=1532707 HTTP/1.1" 200 4702
66.249.71.105 - - [24/Jun/2015:03:13:41 +0800] "GET /content/nav/relationSubject.jsp?relationWords=%E6%B3%A8%E5%AE%98+%E7%BF%B0%E6%9E%97%E9%99%A2+%E8%B5%B7%E5%B1%85%E6%B3%A8+&oid=2638985 HTTP/1.1" 200 3166
66.249.71.105 - - [24/Jun/2015:03:13:41 +0800] "GET /content/nav/relationSubject.jsp?relationWords=%E5%8F%9B%E9%A6%96%20%E5%B7%A1%E6%92%AB%20&oid=2663527 HTTP/1.1" 200 3119
66.249.71.113 - - [24/Jun/2015:03:13:42 +0800] "GET /content/nav/relationSubject.jsp?relationWords=%E6%B3%A8%E5%AE%98%20%E7%BF%B0%E6%9E%97%E9%99%A2%20%E8%B5%B7%E5%B1%85%E6%B3%A8%20&oid=2638985 HTTP/1.1" 200 3166
66.249.71.121 - - [24/Jun/2015:03:13:55 +0800] "GET /content/repository/resource_content.jsp?oid=2682432&queryType=qs&queryString=%E7%94%A8%E4%BA%8B HTTP/1.1" 200 30048
66.249.71.64 - - [24/Jun/2015:03:14:07 +0800] "GET /digiarch_en/content/nav/relationSubject.jsp?relationWords=%E7%94%98%E4%BB%94%E9%AD%9A+%E8%A3%B8%E8%83%B8+&oid=4352494 HTTP/1.1" 200 3334
66.249.71.72 - - [24/Jun/2015:03:14:09 +0800] "GET /digiarch_en/content/nav/relationSubject.jsp?relationWords=%E7%94%98%E4%BB%94%E9%AD%9A%20%E8%A3%B8%E8%83%B8%20&oid=4352494 HTTP/1.1" 200 3334
66.249.71.113 - - [24/Jun/2015:03:14:12 +0800] "GET /content/repository/resource_content.jsp?oid=2667595&queryType=qs&queryString=%E9%80%9A%E4%BA%8B HTTP/1.1" 200 30175
66.249.71.121 - - [24/Jun/2015:03:14:29 +0800] "GET /content/repository/resource_content.jsp?oid=2635409&queryType=qs&queryString=%E8%A3%9C%E5%8F%83%E5%B0%87 HTTP/1.1" 200 30399
66.249.71.105 - - [24/Jun/2015:03:14:46 +0800] "GET /content/repository/resource_content.jsp?oid=2639694&queryType=qs&queryString=%E9%8A%85%E4%BB%81%E7%B8%A3 HTTP/1.1" 200 30153
66.249.71.105 - - [24/Jun/2015:03:14:51 +0800] "GET /content/nav/relationSubject.jsp?relationWords=%E6%A2%B0%E9%AC%A5%20%E8%AE%8A%E9%80%9A%20&oid=2676321 HTTP/1.1" 200 3104
66.249.71.121 - - [24/Jun/2015:03:15:03 +0800] "GET /content/repository/resource_content.jsp?oid=1548265&queryType=qs&queryString=%E9%98%BF%E5%85%AC%E5%BA%97 HTTP/1.1" 200 29140
66.249.71.105 - - [24/Jun/2015:03:15:20 +0800] "GET /content/repository/resource_content.jsp?oid=2655822&queryType=qs&queryString=%E5%A4%A7%E5%90%8C%E5%BA%9C HTTP/1.1" 200 29864
66.249.79.236 - - [24/Jun/2015:03:15:37 +0800] "GET /content/repository/resource_content.jsp?oid=2635755&queryType=qs&queryString=%E9%8A%85%E4%BB%81%E7%B8%A3 HTTP/1.1" 200 29919
66.249.71.121 - - [24/Jun/2015:03:15:50 +0800] "GET /content/nav/relationSubject.jsp?relationWords=%E7%99%BD%E9%AF%A7+%E9%8A%80%E9%AF%A7+&oid=16369 HTTP/1.1" 200 3316
66.249.71.121 - - [24/Jun/2015:03:15:51 +0800] "GET /content/nav/relationSubject.jsp?relationWords=%E6%AD%A6%E6%B0%8F%E7%A5%A0%E5%BE%8C%E7%9F%B3%E5%AE%A4+%E6%AD%A6%E9%96%8B%E6%98%8E%E7%A5%A0+%E8%BB%8A%E9%A8%8E+&oid=1832305 HTTP/1.1" 200 5733
66.249.71.113 - - [24/Jun/2015:03:15:52 +0800] "GET /content/nav/relationSubject.jsp?relationWords=%E7%99%BD%E9%AF%A7%20%E9%8A%80%E9%AF%A7%20&oid=16369 HTTP/1.1" 200 3316
66.249.71.105 - - [24/Jun/2015:03:15:53 +0800] "GET /content/nav/relationSubject.jsp?relationWords=%E6%AD%A6%E6%B0%8F%E7%A5%A0%E5%BE%8C%E7%9F%B3%E5%AE%A4%20%E6%AD%A6%E9%96%8B%E6%98%8E%E7%A5%A0%20%E8%BB%8A%E9%A8%8E%20&oid=1832305 HTTP/1.1" 200 5733
66.249.71.113 - - [24/Jun/2015:03:15:55 +0800] "GET /content/repository/resource_content.jsp?oid=1549164&queryType=qs&queryString=%E9%87%91%E7%AE%A1 HTTP/1.1" 200 30505
66.249.71.121 - - [24/Jun/2015:03:15:55 +0800] "GET /content/nav/relationSubject.jsp?relationWords=&oid=2619306 HTTP/1.1" 200 1405
66.249.71.113 - - [24/Jun/2015:03:16:09 +0800] "GET /content/nav/relationSubject.jsp?relationWords=%E4%B8%8A%E8%AB%AD+%E5%81%B7%E6%B8%A1+%E5%90%8F%E9%83%A8+%E7%A6%8F%E5%BA%B7%E5%AE%89+&oid=2676423 HTTP/1.1" 200 3191
66.249.71.105 - - [24/Jun/2015:03:16:11 +0800] "GET /content/repository/resource_content.jsp?oid=2676294&queryType=qs&queryString=%E5%91%A8%E5%80%89 HTTP/1.1" 200 30514
66.249.71.105 - - [24/Jun/2015:03:16:11 +0800] "GET /content/nav/relationSubject.jsp?relationWords=%E4%B8%8A%E8%AB%AD%20%E5%81%B7%E6%B8%A1%20%E5%90%8F%E9%83%A8%20%E7%A6%8F%E5%BA%B7%E5%AE%89%20&oid=2676423 HTTP/1.1" 200 3191
66.249.79.224 - - [24/Jun/2015:03:16:12 +0800] "GET /content/nav/relationSubject.jsp?relationWords=%E4%BA%BA%E7%89%A9%E7%95%AB+%E6%AD%A6%E6%96%91%E7%A5%A0+%E6%AD%A6%E6%B0%8F%E7%A5%A0%E5%B7%A6%E7%9F%B3%E5%AE%A4+&oid=1812290 HTTP/1.1" 200 3898
66.249.71.64 - - [24/Jun/2015:03:16:14 +0800] "GET /content/nav/relationSubject.jsp?relationWords=%E5%B1%B1%E8%9E%9E%E8%9D%97%E5%B1%AC+%E6%A4%8D%E7%89%A9%E7%95%8C+%E6%B3%A2%E8%91%89%E5%B1%B1%E8%9E%9E%E8%9D%97+%E8%A0%B6%E8%B1%86+%E9%9B%99%E5%AD%90%E8%91%89%E6%A4%8D%E7%89%A9+&oid=2146772 HTTP/1.1" 200 3410
66.249.71.64 - - [24/Jun/2015:03:16:15 +0800] "GET /content/nav/relationSubject.jsp?relationWords=%E5%B1%B1%E8%9E%9E%E8%9D%97%E5%B1%AC%20%E6%A4%8D%E7%89%A9%E7%95%8C%20%E6%B3%A2%E8%91%89%E5%B1%B1%E8%9E%9E%E8%9D%97%20%E8%A0%B6%E8%B1%86%20%E9%9B%99%E5%AD%90%E8%91%89%E6%A4%8D%E7%89%A9%20&oid=2146772 HTTP/1.1" 200 3410
66.249.71.113 - - [24/Jun/2015:03:16:27 +0800] "GET /content/repository/resource_content.jsp?oid=2668478&queryType=qs&queryString=%E7%8D%B2%E9%B9%BF%E7%B8%A3 HTTP/1.1" 200 30200
66.249.79.236 - - [24/Jun/2015:03:16:31 +0800] "GET /content/nav/relationSubject.jsp?relationWords=%E4%BA%BA%E7%89%A9%E7%95%AB%20%E6%AD%A6%E6%96%91%E7%A5%A0%20%E6%AD%A6%E6%B0%8F%E7%A5%A0%E5%B7%A6%E7%9F%B3%E5%AE%A4%20&oid=1812290 HTTP/1.1" 200 3898
66.249.71.105 - - [24/Jun/2015:03:16:44 +0800] "GET /content/repository/resource_content.jsp?oid=2672871&queryType=qs&queryString=%E6%81%AD%E9%8C%84 HTTP/1.1" 200 29944
66.249.79.236 - - [24/Jun/2015:03:16:48 +0800] "GET /content/repository/resource_content.jsp?oid=2522386&queryType=qs&queryString=%E8%A3%9C%E5%8F%83%E5%B0%87 HTTP/1.1" 200 30572
66.249.71.105 - - [24/Jun/2015:03:17:00 +0800] "GET /content/repository/resource_content.jsp?oid=4363052&queryType=qs&queryString=%E7%A5%AD%E5%A4%A9 HTTP/1.1" 200 39970
66.249.71.105 - - [24/Jun/2015:03:17:08 +0800] "GET /content/nav/relationSubject.jsp?relationWords=%E5%90%8F%E9%83%A8+%E5%A7%94%E7%BD%B2+%E7%9F%A5%E5%B7%9E+%E9%8A%85%E4%BB%81%E7%B8%A3+%E9%BB%83%E5%B9%B3%E5%B7%9E+&oid=2646507 HTTP/1.1" 200 4135
66.249.71.113 - - [24/Jun/2015:03:17:10 +0800] "GET /content/nav/relationSubject.jsp?relationWords=%E5%90%8F%E9%83%A8%20%E5%A7%94%E7%BD%B2%20%E7%9F%A5%E5%B7%9E%20%E9%8A%85%E4%BB%81%E7%B8%A3%20%E9%BB%83%E5%B9%B3%E5%B7%9E%20&oid=2646507 HTTP/1.1" 200 4135
66.249.71.113 - - [24/Jun/2015:03:17:18 +0800] "GET /content/repository/resource_content.jsp?oid=2564269&queryType=qs&queryString=%E5%8F%A4%E5%A2%B3 HTTP/1.1" 200 28958
66.249.71.105 - - [24/Jun/2015:03:17:19 +0800] "GET /content/repository/resource_content.jsp?oid=2519510&queryType=qs&queryString=%E5%B9%B3%E6%A9%8B HTTP/1.1" 200 30026
66.249.71.105 - - [24/Jun/2015:03:17:29 +0800] "GET /content/nav/relationSubject.jsp?relationWords=%E5%A4%A7%E6%9D%B1%E4%BA%9E%E5%85%B1%E6%A6%AE%E5%9C%88+&oid=4475927 HTTP/1.1" 200 3145
66.249.71.113 - - [24/Jun/2015:03:17:30 +0800] "GET /content/nav/relationSubject.jsp?relationWords=%E5%A4%A7%E6%9D%B1%E4%BA%9E%E5%85%B1%E6%A6%AE%E5%9C%88%20&oid=4475927 HTTP/1.1" 200 3145
61.231.27.211 - - [24/Jun/2015:03:17:32 +0800] "GET /content/subject/resource_content.jsp?oid=16797240&queryType=qc HTTP/1.1" 200 42460
61.231.27.211 - - [24/Jun/2015:03:17:32 +0800] "GET /content/nav/relationSubject.jsp?relationWords=&oid=16797240 HTTP/1.1" 200 1405
66.249.71.64 - - [24/Jun/2015:03:17:34 +0800] "GET /digiarch_en/content/subject/resource_content.jsp?oid=16777722&queryType=qc HTTP/1.1" 200 22633
66.249.71.105 - - [24/Jun/2015:03:17:51 +0800] "GET /content/repository/resource_content.jsp?oid=690604&queryType=qs&queryString=%E5%B0%88%E5%82%99 HTTP/1.1" 200 29318
66.249.71.113 - - [24/Jun/2015:03:18:00 +0800] "GET /content/nav/relationSubject.jsp?relationWords=%E5%90%8F%E9%83%A8+%E5%A4%A7%E7%90%86%E5%AF%BA+%E5%AF%BA%E5%8D%BF+%E7%BC%BA%E4%BA%8B+&oid=2689180 HTTP/1.1" 200 3218
66.249.71.121 - - [24/Jun/2015:03:18:02 +0800] "GET /content/nav/relationSubject.jsp?relationWords=%E5%90%8F%E9%83%A8%20%E5%A4%A7%E7%90%86%E5%AF%BA%20%E5%AF%BA%E5%8D%BF%20%E7%BC%BA%E4%BA%8B%20&oid=2689180 HTTP/1.1" 200 3218
66.249.71.113 - - [24/Jun/2015:03:18:05 +0800] "GET /content/nav/relationSubject.jsp?relationWords=%E5%90%8F%E9%83%A8+%E7%9F%A5%E7%85%A7+&oid=2686609 HTTP/1.1" 200 3136
66.249.71.113 - - [24/Jun/2015:03:18:07 +0800] "GET /content/nav/relationSubject.jsp?relationWords=%E5%90%8F%E9%83%A8%20%E7%9F%A5%E7%85%A7%20&oid=2686609 HTTP/1.1" 200 3136
66.249.71.121 - - [24/Jun/2015:03:18:08 +0800] "GET /content/repository/resource_content.jsp?oid=1554930&queryType=qs&queryString=%E9%98%BF%E5%85%AC%E5%BA%97 HTTP/1.1" 200 35659
66.249.79.248 - - [24/Jun/2015:03:18:13 +0800] "GET /content/nav/relationSubject.jsp?relationWords=&oid=15221 HTTP/1.1" 200 1405
66.249.71.113 - - [24/Jun/2015:03:18:24 +0800] "GET /content/repository/resource_content.jsp?oid=18320&queryType=qs&queryString=%E6%98%9F%E6%96%91%E5%8F%89%E9%BC%BB%E9%AD%A8 HTTP/1.1" 200 30159
66.249.71.113 - - [24/Jun/2015:03:18:30 +0800] "GET /content/nav/relationSubject.jsp?relationWords=&oid=33554773 HTTP/1.1" 200 1405
66.249.71.121 - - [24/Jun/2015:03:18:41 +0800] "GET /content/repository/resource_content.jsp?oid=1810477&queryType=qs&queryString=%E6%A2%85%E8%8A%B1%E9%B9%BF HTTP/1.1" 200 34184
66.249.71.121 - - [24/Jun/2015:03:18:54 +0800] "GET /content/nav/relationSubject.jsp?relationWords=%E5%90%8F%E9%83%A8+%E7%B8%A3%E4%B8%9E+&oid=2512950 HTTP/1.1" 200 3136
66.249.71.105 - - [24/Jun/2015:03:18:56 +0800] "GET /content/nav/relationSubject.jsp?relationWords=%E5%90%8F%E9%83%A8%20%E7%B8%A3%E4%B8%9E%20&oid=2512950 HTTP/1.1" 200 3136
66.249.71.121 - - [24/Jun/2015:03:18:58 +0800] "GET /content/repository/resource_content.jsp?oid=2638408&queryType=qs&queryString=%E7%8D%B2%E9%B9%BF%E7%B8%A3 HTTP/1.1" 200 29995
66.249.71.113 - - [24/Jun/2015:03:19:15 +0800] "GET /content/repository/resource_content.jsp?oid=2663700&queryType=qs&queryString=%E4%BE%BF%E6%89%80 HTTP/1.1" 200 30017
66.249.71.105 - - [24/Jun/2015:03:19:32 +0800] "GET /content/repository/resource_content.jsp?oid=4352145&queryType=qs&queryString=%E5%8C%8D%E5%8C%90 HTTP/1.1" 200 34314
66.249.71.64 - - [24/Jun/2015:03:19:47 +0800] "GET /content/repository/resource_content.jsp?oid=4387967&queryString=%E7%9F%AE%E9%9D%88%E7%A5%AD%20%E7%A5%AD%E5%84%80%20%E8%B3%BD%E5%A4%8F%E6%97%8F HTTP/1.1" 200 31544
66.249.71.36 - - [24/Jun/2015:03:20:04 +0800] "GET /content/repository/resource_content.jsp?oid=4451196&queryString=%E5%8D%97%E7%B1%B3 HTTP/1.1" 200 29864
66.249.71.113 - - [24/Jun/2015:03:20:04 +0800] "GET /content/nav/relationSubject.jsp?relationWords=%E5%88%91%E9%83%A8+%E9%A0%82%E5%86%92+&oid=2655822 HTTP/1.1" 200 3130
66.249.71.113 - - [24/Jun/2015:03:20:06 +0800] "GET /content/nav/relationSubject.jsp?relationWords=%E5%88%91%E9%83%A8%20%E9%A0%82%E5%86%92%20&oid=2655822 HTTP/1.1" 200 3130
66.249.71.105 - - [24/Jun/2015:03:20:08 +0800] "GET /content/nav/relationSubject.jsp?relationWords=%E7%B3%A7%E4%BA%8B+%E9%8C%A2%E7%B3%A7+&oid=2520872 HTTP/1.1" 200 5295
66.249.79.236 - - [24/Jun/2015:03:20:10 +0800] "GET /content/nav/relationSubject.jsp?relationWords=%E7%B3%A7%E4%BA%8B%20%E9%8C%A2%E7%B3%A7%20&oid=2520872 HTTP/1.1" 200 5295
66.249.71.64 - - [24/Jun/2015:03:20:17 +0800] "GET /content/nav/relationSubject.jsp?relationWords=%E5%A4%94%E9%BE%8D%E7%B4%8B%E7%B7%A8%E9%8E%9B+&oid=1869889 HTTP/1.1" 200 3044
66.249.71.72 - - [24/Jun/2015:03:20:20 +0800] "GET /content/repository/resource_content.jsp?oid=1599905 HTTP/1.1" 200 29487
66.249.71.72 - - [24/Jun/2015:03:20:23 +0800] "GET /content/nav/relationSubject.jsp?relationWords=%E5%A4%94%E9%BE%8D%E7%B4%8B%E7%B7%A8%E9%8E%9B%20&oid=1869889 HTTP/1.1" 200 3044
66.249.71.105 - - [24/Jun/2015:03:20:24 +0800] "GET /content/nav/relationSubject.jsp?relationWords=%E5%BA%9C%E5%BB%BA%E6%B0%B4+%E6%B0%B4%E5%AD%97+%E9%98%BF%E5%85%AC%E5%BA%97%E6%B0%B4%E5%BA%AB+&oid=1585333 HTTP/1.1" 200 3472
66.249.71.105 - - [24/Jun/2015:03:20:25 +0800] "GET /content/nav/relationSubject.jsp?relationWords=%E5%BA%9C%E5%BB%BA%E6%B0%B4%20%E6%B0%B4%E5%AD%97%20%E9%98%BF%E5%85%AC%E5%BA%97%E6%B0%B4%E5%BA%AB%20&oid=1585333 HTTP/1.1" 200 3472
66.249.71.60 - - [24/Jun/2015:03:20:36 +0800] "GET /content/repository/resource_content.jsp?oid=1546562&queryString=%E9%95%B7%E8%A2%8D HTTP/1.1" 200 29856
66.249.71.54 - - [24/Jun/2015:03:20:53 +0800] "GET /content/repository/resource_content.jsp?oid=4364604&queryString=%E7%AB%B9%E5%99%A8%20%E7%AB%B9%E7%9B%A4 HTTP/1.1" 200 28829
66.249.71.72 - - [24/Jun/2015:03:21:09 +0800] "GET /content/repository/resource_content.jsp?oid=1523371 HTTP/1.1" 200 28924
66.249.71.64 - - [24/Jun/2015:03:21:25 +0800] "GET /content/repository/resource_content.jsp?oid=2679358&queryString=%E5%9C%B0%E5%BD%A2%E5%9C%96%20%E8%A9%94%E5%AE%89 HTTP/1.1" 200 30445
66.249.71.72 - - [24/Jun/2015:03:21:42 +0800] "GET /content/repository/resource_content.jsp?oid=1893743 HTTP/1.1" 200 28737
151.80.31.117 - - [24/Jun/2015:03:21:45 +0800] "GET /content/subject/resource_content.jsp?oid=16777518&queryType=qc HTTP/1.1" 200 27893
66.249.71.113 - - [24/Jun/2015:03:21:57 +0800] "GET /content/nav/relationSubject.jsp?relationWords=%E5%89%B5%E6%A5%AD+%E6%89%8B%E5%B7%A5%E6%A5%AD+%E7%9B%AE%E6%A8%99+%E8%87%BA%E7%81%A3%E7%9C%81%E6%94%BF%E5%BA%9C+%E8%B2%A7%E7%AA%AE+%E8%B2%B8%E6%AC%BE+%E9%A0%90%E7%AE%97+&oid=1900696 HTTP/1.1" 200 5435
66.249.71.3 - - [24/Jun/2015:03:21:59 +0800] "GET /content/subject/resource_content.jsp?oid=16777472&queryType=qs&queryString=%E9%AD%AF%E5%87%B1 HTTP/1.1" 200 64823
66.249.71.105 - - [24/Jun/2015:03:21:59 +0800] "GET /content/nav/relationSubject.jsp?relationWords=%E5%89%B5%E6%A5%AD%20%E6%89%8B%E5%B7%A5%E6%A5%AD%20%E7%9B%AE%E6%A8%99%20%E8%87%BA%E7%81%A3%E7%9C%81%E6%94%BF%E5%BA%9C%20%E8%B2%A7%E7%AA%AE%20%E8%B2%B8%E6%AC%BE%20%E9%A0%90%E7%AE%97%20&oid=1900696 HTTP/1.1" 200 5435
66.249.71.105 - - [24/Jun/2015:03:22:01 +0800] "GET /content/nav/relationSubject.jsp?relationWords=%E8%97%A5%E7%89%A9%E9%A3%9F%E5%93%81+&oid=1565195 HTTP/1.1" 200 5677
66.249.71.121 - - [24/Jun/2015:03:22:03 +0800] "GET /content/nav/relationSubject.jsp?relationWords=%E8%97%A5%E7%89%A9%E9%A3%9F%E5%93%81%20&oid=1565195 HTTP/1.1" 200 5677
66.249.79.224 - - [24/Jun/2015:03:22:10 +0800] "GET /content/nav/relationSubject.jsp?relationWords=%E5%B7%A1%E6%8C%89%E5%BE%A1%E5%8F%B2+%E7%8A%AF%E6%96%AC%E6%B1%BA+%E9%A0%86%E5%A4%A9+&oid=2518765 HTTP/1.1" 200 3208
66.249.71.121 - - [24/Jun/2015:03:22:13 +0800] "GET /content/nav/relationSubject.jsp?relationWords=%E5%B7%A1%E6%8C%89%E5%BE%A1%E5%8F%B2%20%E7%8A%AF%E6%96%AC%E6%B1%BA%20%E9%A0%86%E5%A4%A9%20&oid=2518765 HTTP/1.1" 200 3208
66.249.71.64 - - [24/Jun/2015:03:22:15 +0800] "GET /digiarch_en/content/subject/resource_content.jsp?oid=16777655&queryType=qc%3E HTTP/1.1" 200 20322
66.249.79.236 - - [24/Jun/2015:03:22:29 +0800] "GET /content/repository/resource_content.jsp?oid=2676197&queryType=qs&queryString=%E7%94%A8%E4%BA%8B HTTP/1.1" 200 30567
66.249.71.119 - - [24/Jun/2015:03:22:31 +0800] "GET /content/repository/resource_content.jsp?oid=1773161&queryType=qs&queryString=%E8%AA%9E%E8%A8%80%E8%83%BD%E5%8A%9B HTTP/1.1" 200 30036
66.249.71.64 - - [24/Jun/2015:03:22:47 +0800] "GET /content/repository/resource_content.jsp?oid=2511055 HTTP/1.1" 200 29873
66.249.71.105 - - [24/Jun/2015:03:22:49 +0800] "GET /content/nav/relationSubject.jsp?relationWords=%E5%88%91%E9%83%A8+%E5%AE%97%E5%AE%A4+&oid=2686423 HTTP/1.1" 200 3130
66.249.71.121 - - [24/Jun/2015:03:22:52 +0800] "GET /content/nav/relationSubject.jsp?relationWords=%E5%88%91%E9%83%A8%20%E5%AE%97%E5%AE%A4%20&oid=2686423 HTTP/1.1" 200 3130
66.249.71.105 - - [24/Jun/2015:03:22:54 +0800] "GET /content/nav/relationSubject.jsp?relationWords=%E5%88%91%E9%83%A8+&oid=2683339 HTTP/1.1" 200 3095
66.249.79.236 - - [24/Jun/2015:03:22:57 +0800] "GET /content/nav/relationSubject.jsp?relationWords=%E5%88%91%E9%83%A8%20&oid=2683339 HTTP/1.1" 200 3095
66.249.71.45 - - [24/Jun/2015:03:23:03 +0800] "GET /content/repository/resource_content.jsp?oid=1782704&queryString=%E5%B8%83%E8%BE%B2%E6%97%8F%20%E9%A1%8D%E9%A3%BE HTTP/1.1" 200 29262
66.249.71.113 - - [24/Jun/2015:03:23:07 +0800] "GET /content/nav/relationSubject.jsp?relationWords=%E5%A4%A9%E5%A3%87+%E7%A5%A8%E7%B0%BD+%E7%A5%AD%E5%A4%A9+%E7%A7%BB%E9%80%81+&oid=2668821 HTTP/1.1" 200 3198
66.249.71.113 - - [24/Jun/2015:03:23:09 +0800] "GET /content/nav/relationSubject.jsp?relationWords=%E5%A4%A9%E5%A3%87%20%E7%A5%A8%E7%B0%BD%20%E7%A5%AD%E5%A4%A9%20%E7%A7%BB%E9%80%81%20&oid=2668821 HTTP/1.1" 200 3198
66.249.79.236 - - [24/Jun/2015:03:23:16 +0800] "GET /content/nav/relationSubject.jsp?relationWords=%E5%8D%B7%E9%A6%96+&oid=4454997 HTTP/1.1" 200 2927
66.249.71.105 - - [24/Jun/2015:03:23:16 +0800] "GET /content/nav/relationSubject.jsp?relationWords=%E7%8E%8B%E6%88%88+&oid=1848665 HTTP/1.1" 200 3102
66.249.71.121 - - [24/Jun/2015:03:23:17 +0800] "GET /content/nav/relationSubject.jsp?relationWords=%E5%8D%B7%E9%A6%96%20&oid=4454997 HTTP/1.1" 200 2927
66.249.79.224 - - [24/Jun/2015:03:23:18 +0800] "GET /content/nav/relationSubject.jsp?relationWords=%E7%8E%8B%E6%88%88%20&oid=1848665 HTTP/1.1" 200 3102
66.249.71.113 - - [24/Jun/2015:03:23:25 +0800] "GET /content/nav/relationSubject.jsp?relationWords=%E8%91%A3%E6%96%B9%E5%A3%AB+&oid=2549568 HTTP/1.1" 200 3117
66.249.71.121 - - [24/Jun/2015:03:23:27 +0800] "GET /content/nav/relationSubject.jsp?relationWords=%E8%91%A3%E6%96%B9%E5%A3%AB%20&oid=2549568 HTTP/1.1" 200 3117
66.249.71.72 - - [24/Jun/2015:03:23:53 +0800] "GET /digiarch_en/content/repository/resource_content.jsp?oid=15813&queryString=%E4%B9%9D%E6%A3%98%20%E7%9F%B3%E6%96%91%20%E7%B4%85%E9%B1%A0%E4%BB%94%20%E7%B4%85%E9%BB%9E%E4%B9%9D%E5%88%BA%E9%AE%A8%20%E8%8A%B1%E9%B1%A0%20%E9%81%8E%E9%AD%9A%20%E9%AE%A8%E7%A7%91 HTTP/1.1" 200 27503
66.249.71.5 - - [24/Jun/2015:03:24:09 +0800] "GET /digiarch3/content/subject/resource_content.jsp?oid=16777467&queryType=qs&queryString=%E4%B8%AD%E5%8D%97%E5%8D%8A%E5%B3%B6 HTTP/1.1" 200 70760
66.249.71.105 - - [24/Jun/2015:03:24:41 +0800] "GET /content/nav/relationSubject.jsp?relationWords=%E5%AF%B6%E9%A6%AC+%E6%BC%A2%E6%9C%AC%E5%A0%82+&oid=2684467 HTTP/1.1" 200 3152
66.249.71.113 - - [24/Jun/2015:03:24:42 +0800] "GET /content/repository/resource_content.jsp?oid=1627683&queryType=qs&queryString=%E8%BA%AB%E5%BF%83 HTTP/1.1" 200 29202
66.249.71.113 - - [24/Jun/2015:03:24:43 +0800] "GET /content/nav/relationSubject.jsp?relationWords=%E5%AF%B6%E9%A6%AC%20%E6%BC%A2%E6%9C%AC%E5%A0%82%20&oid=2684467 HTTP/1.1" 200 3152
66.249.71.105 - - [24/Jun/2015:03:24:45 +0800] "GET /content/nav/relationSubject.jsp?relationWords=%E5%B7%A5%E7%A8%8B%E8%99%95+%E6%89%BF%E8%80%95+%E6%9D%8E%E9%80%A3%E5%B0%8D+%E6%B0%B4%E5%88%A9%E5%B1%80+%E7%B6%AD%E6%B0%91+%E9%98%BF%E5%85%AC%E5%BA%97+&oid=1551394 HTTP/1.1" 200 3358
66.249.71.105 - - [24/Jun/2015:03:24:47 +0800] "GET /content/nav/relationSubject.jsp?relationWords=%E5%B7%A5%E7%A8%8B%E8%99%95%20%E6%89%BF%E8%80%95%20%E6%9D%8E%E9%80%A3%E5%B0%8D%20%E6%B0%B4%E5%88%A9%E5%B1%80%20%E7%B6%AD%E6%B0%91%20%E9%98%BF%E5%85%AC%E5%BA%97%20&oid=1551394 HTTP/1.1" 200 3358
66.249.71.121 - - [24/Jun/2015:03:24:52 +0800] "GET /content/nav/relationSubject.jsp?relationWords=%E5%9C%8B%E5%AD%90%E7%9B%A3+&oid=2661782 HTTP/1.1" 200 3075
66.249.71.113 - - [24/Jun/2015:03:24:54 +0800] "GET /content/nav/relationSubject.jsp?relationWords=%E5%9C%8B%E5%AD%90%E7%9B%A3%20&oid=2661782 HTTP/1.1" 200 3075
66.249.71.113 - - [24/Jun/2015:03:25:01 +0800] "GET /content/nav/relationSubject.jsp?relationWords=%E7%A5%A8%E7%B0%BD+%E9%8C%AB%E7%B6%B8+&oid=3405249 HTTP/1.1" 200 3128
66.249.79.248 - - [24/Jun/2015:03:25:02 +0800] "GET /content/nav/relationSubject.jsp?relationWords=%E7%A5%A8%E7%B0%BD%20%E9%8C%AB%E7%B6%B8%20&oid=3405249 HTTP/1.1" 200 3128
66.249.79.236 - - [24/Jun/2015:03:25:03 +0800] "GET /content/nav/relationSubject.jsp?relationWords=&oid=2638408 HTTP/1.1" 200 1405
66.249.71.121 - - [24/Jun/2015:03:25:08 +0800] "GET /content/repository/resource_content.jsp?oid=2676775&queryType=qs&queryString=%E9%8C%A6%E8%A1%A3%E8%A1%9B HTTP/1.1" 200 29844
66.249.71.113 - - [24/Jun/2015:03:25:16 +0800] "GET /content/repository/resource_content.jsp?oid=2531847&queryType=qs&queryString=%E8%B5%AB%E5%BE%B7 HTTP/1.1" 200 30466
66.249.71.121 - - [24/Jun/2015:03:25:33 +0800] "GET /content/repository/resource_content.jsp?oid=2674001&queryType=qs&queryString=%E5%BC%B5%E8%80%80 HTTP/1.1" 200 30043
66.249.71.113 - - [24/Jun/2015:03:25:50 +0800] "GET /content/repository/resource_content.jsp?oid=1780842&queryType=qs&queryString=%E7%B6%81%E8%85%BF%E8%A4%B2 HTTP/1.1" 200 29480
66.249.71.105 - - [24/Jun/2015:03:25:57 +0800] "GET /content/nav/relationSubject.jsp?relationWords=%E6%9F%A5%E9%96%B1+%E7%87%9F%E4%BC%8D+&oid=2645271 HTTP/1.1" 200 5306
66.249.71.105 - - [24/Jun/2015:03:25:59 +0800] "GET /content/nav/relationSubject.jsp?relationWords=%E6%9F%A5%E9%96%B1%20%E7%87%9F%E4%BC%8D%20&oid=2645271 HTTP/1.1" 200 5306
66.249.71.127 - - [24/Jun/2015:03:26:07 +0800] "GET /content/repository/resource_content.jsp?oid=2668025&queryString=%E5%8B%9E%E8%BE%B2%20%E5%BA%AB%E5%80%AB%20%E8%97%8F%E6%B0%91 HTTP/1.1" 200 30334
66.249.71.105 - - [24/Jun/2015:03:26:32 +0800] "GET /content/nav/relationSubject.jsp?relationWords=%E5%9F%8E%E5%AF%9F+&oid=2640344 HTTP/1.1" 200 3134
66.249.71.105 - - [24/Jun/2015:03:26:35 +0800] "GET /content/nav/relationSubject.jsp?relationWords=%E5%9F%8E%E5%AF%9F%20&oid=2640344 HTTP/1.1" 200 3134
66.249.71.105 - - [24/Jun/2015:03:26:41 +0800] "GET /content/repository/resource_content.jsp?oid=2676338&queryType=qs&queryString=%E5%AE%98%E7%AE%B4 HTTP/1.1" 200 30256
207.46.13.125 - - [24/Jun/2015:03:26:45 +0800] "GET /content/tmp_auth/resource_content.jsp?oid=16777758 HTTP/1.1" 200 25317
66.249.71.121 - - [24/Jun/2015:03:26:52 +0800] "GET /content/nav/relationSubject.jsp?relationWords=%E5%B1%B1%E5%9F%8E%E5%B1%8B%E6%A0%AA%E5%BC%8F%E5%BA%97+%E8%B6%A3%E6%84%8F%E6%9B%B8+&oid=1887161 HTTP/1.1" 200 3289
66.249.71.121 - - [24/Jun/2015:03:26:55 +0800] "GET /content/nav/relationSubject.jsp?relationWords=%E5%B1%B1%E5%9F%8E%E5%B1%8B%E6%A0%AA%E5%BC%8F%E5%BA%97%20%E8%B6%A3%E6%84%8F%E6%9B%B8%20&oid=1887161 HTTP/1.1" 200 3289
66.249.71.105 - - [24/Jun/2015:03:26:58 +0800] "GET /content/repository/resource_content.jsp?oid=2553466&queryType=qs&queryString=%E8%8D%B7%E6%BE%A4%E7%B8%A3 HTTP/1.1" 200 29659
66.249.71.105 - - [24/Jun/2015:03:27:00 +0800] "GET /content/nav/relationSubject.jsp?relationWords=%E5%90%8F%E9%83%A8+%E6%87%87%E6%81%A9+&oid=2680348 HTTP/1.1" 200 4474
66.249.71.121 - - [24/Jun/2015:03:27:02 +0800] "GET /content/nav/relationSubject.jsp?relationWords=%E5%90%8F%E9%83%A8%20%E6%87%87%E6%81%A9%20&oid=2680348 HTTP/1.1" 200 4474
66.249.71.105 - - [24/Jun/2015:03:27:05 +0800] "GET /content/nav/relationSubject.jsp?relationWords=&oid=2600354 HTTP/1.1" 200 1405
66.249.71.121 - - [24/Jun/2015:03:27:15 +0800] "GET /content/repository/resource_content.jsp?oid=1843838&queryType=qs&queryString=%E8%93%8B%E9%88%95 HTTP/1.1" 200 31146
66.249.71.121 - - [24/Jun/2015:03:27:32 +0800] "GET /content/repository/resource_content.jsp?oid=2521847&queryType=qs&queryString=%E5%A4%96%E7%B0%BE HTTP/1.1" 200 30206
66.249.71.121 - - [24/Jun/2015:03:27:49 +0800] "GET /content/repository/resource_content.jsp?oid=2639973&queryType=qs&queryString=%E6%99%89%E6%98%8C HTTP/1.1" 200 30110
66.249.71.113 - - [24/Jun/2015:03:27:52 +0800] "GET /content/nav/relationSubject.jsp?relationWords=&oid=2672387 HTTP/1.1" 200 1405
66.249.71.121 - - [24/Jun/2015:03:28:01 +0800] "GET /content/nav/relationSubject.jsp?relationWords=%E5%88%91%E9%83%A8+%E5%A5%8F%E5%8F%83+&oid=2640007 HTTP/1.1" 200 3130
66.249.71.105 - - [24/Jun/2015:03:28:03 +0800] "GET /content/nav/relationSubject.jsp?relationWords=%E5%88%91%E9%83%A8%20%E5%A5%8F%E5%8F%83%20&oid=2640007 HTTP/1.1" 200 3130
66.249.71.105 - - [24/Jun/2015:03:28:06 +0800] "GET /content/repository/resource_content.jsp?oid=1807601&queryType=qs&queryString=%E8%9B%87%E5%B0%BE HTTP/1.1" 200 34187
66.249.71.121 - - [24/Jun/2015:03:28:10 +0800] "GET /content/repository/resource_content.jsp?oid=2568672&queryType=qs&queryString=%E8%BB%8D%E8%A3%9D HTTP/1.1" 200 30075
66.249.71.105 - - [24/Jun/2015:03:28:19 +0800] "GET /content/nav/relationSubject.jsp?relationWords=&oid=2681516 HTTP/1.1" 200 1405
66.249.71.64 - - [24/Jun/2015:03:28:23 +0800] "GET /content/repository/resource_content.jsp?oid=2668025&queryString=%E8%AA%BF%E8%A3%9C%E5%BA%AB HTTP/1.1" 200 30410
66.249.79.224 - - [24/Jun/2015:03:28:32 +0800] "GET /content/nav/relationSubject.jsp?relationWords=&oid=14607 HTTP/1.1" 200 1405
66.249.71.113 - - [24/Jun/2015:03:28:40 +0800] "GET /content/repository/resource_content.jsp?oid=4362812&queryType=qs&queryString=%E9%87%8B%E8%BF%A6%E7%89%9F%E5%B0%BC%E4%BD%9B HTTP/1.1" 200 33350
66.249.79.236 - - [24/Jun/2015:03:28:46 +0800] "GET /content/nav/relationSubject.jsp?relationWords=%E5%B7%A1%E6%92%AB+%E6%B1%9F%E6%B5%B7%E9%97%9C+%E9%97%9C%E7%A8%85+&oid=2514866 HTTP/1.1" 200 4484
66.249.79.236 - - [24/Jun/2015:03:28:48 +0800] "GET /content/nav/relationSubject.jsp?relationWords=%E5%B7%A1%E6%92%AB%20%E6%B1%9F%E6%B5%B7%E9%97%9C%20%E9%97%9C%E7%A8%85%20&oid=2514866 HTTP/1.1" 200 4484
66.249.79.224 - - [24/Jun/2015:03:28:58 +0800] "GET /content/repository/resource_content.jsp?oid=1782612&queryType=qs&queryString=%E8%9B%87%E5%B0%BE HTTP/1.1" 200 29525
66.249.79.224 - - [24/Jun/2015:03:28:59 +0800] "GET /content/nav/relationSubject.jsp?relationWords=%E6%8F%90%E7%9D%A3+&oid=2689287 HTTP/1.1" 200 3993
66.249.71.105 - - [24/Jun/2015:03:29:00 +0800] "GET /content/nav/relationSubject.jsp?relationWords=%E6%8F%90%E7%9D%A3%20&oid=2689287 HTTP/1.1" 200 3993
68.180.229.54 - - [24/Jun/2015:03:29:02 +0800] "GET /digiarch_en/content/subject/resource_content.jsp?oid=16777481&queryType=qc HTTP/1.1" 200 175036
66.249.79.224 - - [24/Jun/2015:03:29:09 +0800] "GET /content/nav/relationSubject.jsp?relationWords=%E4%BC%8A%E7%8A%81+&oid=2687870 HTTP/1.1" 200 3132
66.249.71.113 - - [24/Jun/2015:03:29:12 +0800] "GET /content/nav/relationSubject.jsp?relationWords=%E5%9D%90%E5%83%8F+%E6%B2%99%E5%BD%8C+&oid=1826414 HTTP/1.1" 200 2828
66.249.71.113 - - [24/Jun/2015:03:29:13 +0800] "GET /content/nav/relationSubject.jsp?relationWords=%E4%BC%8A%E7%8A%81%20&oid=2687870 HTTP/1.1" 200 3132
66.249.71.105 - - [24/Jun/2015:03:29:14 +0800] "GET /content/nav/relationSubject.jsp?relationWords=%E5%90%8F%E9%83%A8+%E8%88%88%E6%B3%89%E6%B0%B8%E9%81%93+&oid=2557439 HTTP/1.1" 200 3166
66.249.79.236 - - [24/Jun/2015:03:29:16 +0800] "GET /content/repository/resource_content.jsp?oid=2674712&queryType=qs&queryString=%E5%BB%82%E6%88%BF HTTP/1.1" 200 29918
66.249.71.121 - - [24/Jun/2015:03:29:16 +0800] "GET /content/nav/relationSubject.jsp?relationWords=%E5%9D%90%E5%83%8F%20%E6%B2%99%E5%BD%8C%20&oid=1826414 HTTP/1.1" 200 2828
66.249.79.236 - - [24/Jun/2015:03:29:17 +0800] "GET /content/nav/relationSubject.jsp?relationWords=%E5%90%8F%E9%83%A8%20%E8%88%88%E6%B3%89%E6%B0%B8%E9%81%93%20&oid=2557439 HTTP/1.1" 200 3166
66.249.71.121 - - [24/Jun/2015:03:29:31 +0800] "GET /content/repository/resource_content.jsp?oid=4474489&queryType=qs&queryString=%E8%BA%91%E8%BA%85 HTTP/1.1" 200 29887
66.249.71.121 - - [24/Jun/2015:03:29:35 +0800] "GET /content/nav/relationSubject.jsp?relationWords=%E5%AF%8C%E4%BF%8A+%E8%91%A6%E5%A1%98+&oid=2674001 HTTP/1.1" 200 3145
66.249.71.105 - - [24/Jun/2015:03:29:36 +0800] "GET /content/nav/relationSubject.jsp?relationWords=%E5%AF%8C%E4%BF%8A%20%E8%91%A6%E5%A1%98%20&oid=2674001 HTTP/1.1" 200 3145
151.80.31.117 - - [24/Jun/2015:03:29:44 +0800] "GET /content/tmp_exh/resource_content.jsp?oid=16777845&queryType=qc HTTP/1.1" 200 46631
66.249.71.113 - - [24/Jun/2015:03:29:48 +0800] "GET /content/repository/resource_content.jsp?oid=1123966&queryType=qs&queryString=%E8%88%B9%E8%9B%B8 HTTP/1.1" 200 33890
66.249.71.113 - - [24/Jun/2015:03:29:52 +0800] "GET /content/nav/relationSubject.jsp?relationWords=%E5%8F%83%E5%B0%87%E4%BA%8B+%E8%A3%9C%E5%8F%83%E5%B0%87+&oid=2510294 HTTP/1.1" 200 3122
66.249.71.113 - - [24/Jun/2015:03:29:54 +0800] "GET /content/nav/relationSubject.jsp?relationWords=%E5%8F%83%E5%B0%87%E4%BA%8B%20%E8%A3%9C%E5%8F%83%E5%B0%87%20&oid=2510294 HTTP/1.1" 200 3122
66.249.71.113 - - [24/Jun/2015:03:30:04 +0800] "GET /content/repository/resource_content.jsp?oid=2646493&queryType=qs&queryString=%E6%8E%98%E6%B8%AF HTTP/1.1" 200 30243
188.165.15.60 - - [24/Jun/2015:03:30:13 +0800] "GET /content/tmp_tec/resource_content.jsp?oid=16777731 HTTP/1.1" 200 39237
66.249.71.113 - - [24/Jun/2015:03:30:21 +0800] "GET /content/repository/resource_content.jsp?oid=2646236&queryType=qs&queryString=%E7%B1%8C%E9%A4%89 HTTP/1.1" 200 29908
66.249.71.105 - - [24/Jun/2015:03:30:38 +0800] "GET /content/repository/resource_content.jsp?oid=761731&queryType=qs&queryString=%E9%AC%8D%E5%8C%AA HTTP/1.1" 200 28127
66.249.71.113 - - [24/Jun/2015:03:30:55 +0800] "GET /content/repository/resource_content.jsp?oid=2518954&queryType=qs&queryString=%E5%8E%9F%E9%A0%98%E6%95%95%E6%9B%B8 HTTP/1.1" 200 29707
66.249.71.121 - - [24/Jun/2015:03:30:55 +0800] "GET /content/nav/relationSubject.jsp?relationWords=%E9%8A%9C%E4%BA%8B+%E9%9D%A9%E5%BC%81+&oid=2670174 HTTP/1.1" 200 3101
66.249.71.113 - - [24/Jun/2015:03:30:56 +0800] "GET /content/nav/relationSubject.jsp?relationWords=%E5%B7%A5%E9%83%A8+%E7%81%AB%E8%97%A5%E5%B1%80+%E8%BB%8D%E8%A3%9D+&oid=2676305 HTTP/1.1" 200 3153
66.249.71.121 - - [24/Jun/2015:03:30:58 +0800] "GET /content/nav/relationSubject.jsp?relationWords=%E9%8A%9C%E4%BA%8B%20%E9%9D%A9%E5%BC%81%20&oid=2670174 HTTP/1.1" 200 3101
66.249.71.105 - - [24/Jun/2015:03:30:58 +0800] "GET /content/nav/relationSubject.jsp?relationWords=%E5%9C%8B%E5%9C%96+%E5%A4%A7%E6%9D%B1%E4%BA%9E%E5%85%B1%E6%A6%AE%E5%9C%88+%E6%96%B9%E5%BF%97+&oid=1195092 HTTP/1.1" 200 3700
66.249.79.236 - - [24/Jun/2015:03:30:59 +0800] "GET /content/nav/relationSubject.jsp?relationWords=%E5%B7%A5%E9%83%A8%20%E7%81%AB%E8%97%A5%E5%B1%80%20%E8%BB%8D%E8%A3%9D%20&oid=2676305 HTTP/1.1" 200 3153
66.249.71.105 - - [24/Jun/2015:03:31:01 +0800] "GET /content/nav/relationSubject.jsp?relationWords=%E5%9C%8B%E5%9C%96%20%E5%A4%A7%E6%9D%B1%E4%BA%9E%E5%85%B1%E6%A6%AE%E5%9C%88%20%E6%96%B9%E5%BF%97%20&oid=1195092 HTTP/1.1" 200 3700
66.249.71.105 - - [24/Jun/2015:03:31:02 +0800] "GET /content/nav/relationSubject.jsp?relationWords=%E5%A4%A7%E5%AD%B8%E5%A3%AB+%E7%A6%AE%E9%83%A8+&oid=2670872 HTTP/1.1" 200 3110
66.249.71.121 - - [24/Jun/2015:03:31:04 +0800] "GET /content/nav/relationSubject.jsp?relationWords=%E5%A4%A7%E5%AD%B8%E5%A3%AB%20%E7%A6%AE%E9%83%A8%20&oid=2670872 HTTP/1.1" 200 3110
66.249.71.121 - - [24/Jun/2015:03:31:11 +0800] "GET /content/repository/resource_content.jsp?oid=2683758&queryType=qs&queryString=%E6%99%89%E6%98%8C HTTP/1.1" 200 30128
66.249.71.121 - - [24/Jun/2015:03:31:11 +0800] "GET /content/nav/relationSubject.jsp?relationWords=%E6%9C%A8%E6%A2%B3+&oid=1781468 HTTP/1.1" 200 2927
66.249.71.105 - - [24/Jun/2015:03:31:14 +0800] "GET /content/nav/relationSubject.jsp?relationWords=%E6%9C%A8%E6%A2%B3%20&oid=1781468 HTTP/1.1" 200 2927
66.249.71.121 - - [24/Jun/2015:03:31:15 +0800] "GET /content/nav/relationSubject.jsp?relationWords=%E5%B7%A5%E9%83%A8+&oid=2518954 HTTP/1.1" 200 3068
66.249.71.105 - - [24/Jun/2015:03:31:18 +0800] "GET /content/nav/relationSubject.jsp?relationWords=%E5%B7%A5%E9%83%A8%20&oid=2518954 HTTP/1.1" 200 3068
66.249.71.113 - - [24/Jun/2015:03:31:28 +0800] "GET /content/repository/resource_content.jsp?oid=4364537&queryType=qs&queryString=%E6%B0%91%E5%9C%8B%E5%9B%9B%E5%8D%81%E4%BA%94%E5%B9%B4 HTTP/1.1" 200 29847
66.249.71.121 - - [24/Jun/2015:03:31:36 +0800] "GET /content/nav/relationSubject.jsp?relationWords=%E5%90%8F%E9%83%A8+%E6%8F%80%E5%93%A1+%E7%9C%81%E6%9C%83+%E7%9F%A5%E5%BA%9C+&oid=2679680 HTTP/1.1" 200 3197
66.249.71.113 - - [24/Jun/2015:03:31:38 +0800] "GET /content/nav/relationSubject.jsp?relationWords=%E5%90%8F%E9%83%A8%20%E6%8F%80%E5%93%A1%20%E7%9C%81%E6%9C%83%20%E7%9F%A5%E5%BA%9C%20&oid=2679680 HTTP/1.1" 200 3197
66.249.71.113 - - [24/Jun/2015:03:31:45 +0800] "GET /content/repository/resource_content.jsp?oid=3392953&queryType=qs&queryString=%E5%A4%A7%E8%87%A3%E7%BD%B2 HTTP/1.1" 200 29286
66.249.71.121 - - [24/Jun/2015:03:31:49 +0800] "GET /content/nav/relationSubject.jsp?relationWords=%E5%90%8F%E9%83%A8+%E5%A4%AA%E5%8E%9F%E5%BA%9C+%E7%9F%A5%E5%BA%9C+&oid=2657535 HTTP/1.1" 200 3186
66.249.71.113 - - [24/Jun/2015:03:31:50 +0800] "GET /content/nav/relationSubject.jsp?relationWords=%E5%A5%B3%E9%95%B7%E8%A1%A3+%E9%AD%AF%E5%87%B1%E6%97%8F+&oid=1782612 HTTP/1.1" 200 3038
66.249.79.224 - - [24/Jun/2015:03:31:51 +0800] "GET /content/nav/relationSubject.jsp?relationWords=%E5%90%8F%E9%83%A8%20%E5%A4%AA%E5%8E%9F%E5%BA%9C%20%E7%9F%A5%E5%BA%9C%20&oid=2657535 HTTP/1.1" 200 3186
66.249.71.121 - - [24/Jun/2015:03:31:53 +0800] "GET /content/nav/relationSubject.jsp?relationWords=%E5%A5%B3%E9%95%B7%E8%A1%A3%20%E9%AD%AF%E5%87%B1%E6%97%8F%20&oid=1782612 HTTP/1.1" 200 3038
66.249.79.224 - - [24/Jun/2015:03:31:57 +0800] "GET /content/nav/relationSubject.jsp?relationWords=%E4%BE%BF%E6%89%80+%E5%85%AC%E8%B7%AF%E5%B1%80+%E5%8D%97%E8%BF%B4%E9%90%B5%E8%B7%AF+%E5%B0%B1%E6%A5%AD%E6%A9%9F%E6%9C%83+%E8%87%BA%E7%81%A3%E7%9C%81+%E8%98%87%E8%8A%B1+%E8%99%95%E9%95%B7+%E9%90%B5%E8%B7%AF%E5%B1%80+&oid=1566584 HTTP/1.1" 200 5479
66.249.71.105 - - [24/Jun/2015:03:32:00 +0800] "GET /content/nav/relationSubject.jsp?relationWords=%E4%BE%BF%E6%89%80%20%E5%85%AC%E8%B7%AF%E5%B1%80%20%E5%8D%97%E8%BF%B4%E9%90%B5%E8%B7%AF%20%E5%B0%B1%E6%A5%AD%E6%A9%9F%E6%9C%83%20%E8%87%BA%E7%81%A3%E7%9C%81%20%E8%98%87%E8%8A%B1%20%E8%99%95%E9%95%B7%20%E9%90%B5%E8%B7%AF%E5%B1%80%20&oid=1566584 HTTP/1.1" 200 5479
66.249.71.3 - - [24/Jun/2015:03:32:02 +0800] "GET /content/repository/resource_content.jsp?oid=2684046&queryString=%E5%9C%93%E6%98%8E%E5%9C%92 HTTP/1.1" 200 30113
66.249.71.121 - - [24/Jun/2015:03:32:18 +0800] "GET /content/repository/resource_content.jsp?oid=2680198&queryType=qs&queryString=%E5%AE%98%E7%AE%B4 HTTP/1.1" 200 30131
66.249.79.236 - - [24/Jun/2015:03:32:35 +0800] "GET /content/repository/resource_content.jsp?oid=1884517&queryType=qs&queryString=%E8%8F%AF%E7%94%9F HTTP/1.1" 200 30765
66.249.71.60 - - [24/Jun/2015:03:32:44 +0800] "GET /content/nav/relationSubject.jsp?relationWords=%E4%B8%AD%E8%88%88%E6%96%B0%E6%9D%91+%E7%83%8F%E6%97%A5+%E8%B3%AA%E8%A9%A2+%E9%9C%A7%E5%B3%B0+&oid=1608235 HTTP/1.1" 200 4779
66.249.71.105 - - [24/Jun/2015:03:32:51 +0800] "GET /content/repository/resource_content.jsp?oid=2684912&queryType=qs&queryString=%E5%85%B5%E8%88%B9 HTTP/1.1" 200 30482
66.249.79.248 - - [24/Jun/2015:03:32:57 +0800] "GET /content/repository/resource_content.jsp?oid=1869837&queryType=qs&queryString=%E8%9F%A0%E8%9E%AD%E7%B4%8B HTTP/1.1" 200 30171
66.249.71.121 - - [24/Jun/2015:03:32:57 +0800] "GET /content/nav/relationSubject.jsp?relationWords=%E5%85%AB%E6%97%82+&oid=2679795 HTTP/1.1" 200 3090
66.249.71.113 - - [24/Jun/2015:03:33:00 +0800] "GET /content/nav/relationSubject.jsp?relationWords=%E5%85%AB%E6%97%82%20&oid=2679795 HTTP/1.1" 200 3090
66.249.71.113 - - [24/Jun/2015:03:33:08 +0800] "GET /content/repository/resource_content.jsp?oid=2678854&queryType=qs&queryString=%E5%85%B5%E8%88%B9 HTTP/1.1" 200 30240
66.249.71.113 - - [24/Jun/2015:03:33:20 +0800] "GET /content/nav/relationSubject.jsp?relationWords=%E5%8D%B7%E9%A6%96+&oid=4475534 HTTP/1.1" 200 2927
66.249.71.113 - - [24/Jun/2015:03:33:23 +0800] "GET /content/nav/relationSubject.jsp?relationWords=%E5%8D%B7%E9%A6%96%20&oid=4475534 HTTP/1.1" 200 2927
66.249.71.121 - - [24/Jun/2015:03:33:24 +0800] "GET /content/nav/relationSubject.jsp?relationWords=&oid=2680198 HTTP/1.1" 200 1405
66.249.71.113 - - [24/Jun/2015:03:33:25 +0800] "GET /content/repository/resource_content.jsp?oid=3406094&queryType=qs&queryString=%E5%A4%A7%E8%87%A3%E7%BD%B2 HTTP/1.1" 200 29384
66.249.71.121 - - [24/Jun/2015:03:33:36 +0800] "GET /content/nav/relationSubject.jsp?relationWords=%E5%9F%A4%E5%9C%B3+%E5%A4%96%E5%8C%AF+%E8%8D%89%E9%AD%9A+%E8%94%A1%E6%96%87%E7%8E%89+%E8%B3%AA%E8%A9%A2+%E9%98%BF%E5%85%AC%E5%BA%97%E6%B0%B4%E5%BA%AB+%E9%AD%9A%E8%8B%97+&oid=1548265 HTTP/1.1" 200 3818
66.249.71.105 - - [24/Jun/2015:03:33:38 +0800] "GET /content/nav/relationSubject.jsp?relationWords=%E5%9F%A4%E5%9C%B3%20%E5%A4%96%E5%8C%AF%20%E8%8D%89%E9%AD%9A%20%E8%94%A1%E6%96%87%E7%8E%89%20%E8%B3%AA%E8%A9%A2%20%E9%98%BF%E5%85%AC%E5%BA%97%E6%B0%B4%E5%BA%AB%20%E9%AD%9A%E8%8B%97%20&oid=1548265 HTTP/1.1" 200 3818
66.249.71.121 - - [24/Jun/2015:03:33:41 +0800] "GET /content/repository/resource_content.jsp?oid=2554155&queryType=qs&queryString=%E7%A8%BB%E7%B1%B3 HTTP/1.1" 200 28757
66.249.71.105 - - [24/Jun/2015:03:33:58 +0800] "GET /content/repository/resource_content.jsp?oid=1880275&queryType=qs&queryString=%E8%BB%9B%E8%B6%B3%E9%A3%BE HTTP/1.1" 200 30313
66.249.71.113 - - [24/Jun/2015:03:34:01 +0800] "GET /content/repository/resource_content.jsp?oid=1531412&queryType=qs&queryString=%E9%87%91%E7%AE%A1 HTTP/1.1" 200 29575
66.249.71.121 - - [24/Jun/2015:03:34:01 +0800] "GET /content/nav/relationSubject.jsp?relationWords=%E5%90%8F%E9%83%A8+%E8%A3%9C%E5%8F%83%E5%B0%87+&oid=2635409 HTTP/1.1" 200 3151
66.249.71.105 - - [24/Jun/2015:03:34:03 +0800] "GET /content/nav/relationSubject.jsp?relationWords=%E5%90%8F%E9%83%A8%20%E8%A3%9C%E5%8F%83%E5%B0%87%20&oid=2635409 HTTP/1.1" 200 3151
66.249.71.113 - - [24/Jun/2015:03:34:15 +0800] "GET /content/repository/resource_content.jsp?oid=2684366&queryType=qs&queryString=%E5%88%86%E6%B5%99 HTTP/1.1" 200 30402
66.249.71.121 - - [24/Jun/2015:03:34:18 +0800] "GET /content/nav/relationSubject.jsp?relationWords=%E6%9F%A5%E9%96%B1+%E7%87%9F%E4%BC%8D+&oid=3392953 HTTP/1.1" 200 5306
66.249.71.113 - - [24/Jun/2015:03:34:20 +0800] "GET /content/nav/relationSubject.jsp?relationWords=%E6%9F%A5%E9%96%B1%20%E7%87%9F%E4%BC%8D%20&oid=3392953 HTTP/1.1" 200 5306
66.249.71.121 - - [24/Jun/2015:03:34:24 +0800] "GET /content/nav/relationSubject.jsp?relationWords=&oid=2564269 HTTP/1.1" 200 1405
66.249.79.248 - - [24/Jun/2015:03:34:32 +0800] "GET /content/repository/resource_content.jsp?oid=2666309&queryType=qs&queryString=%E5%88%86%E6%B5%99 HTTP/1.1" 200 30049
66.249.71.60 - - [24/Jun/2015:03:34:47 +0800] "GET /content/repository/resource_content.jsp?oid=1571277&queryString=%E7%94%A2%E6%A5%AD%E9%81%93%E8%B7%AF HTTP/1.1" 200 32256
66.249.71.113 - - [24/Jun/2015:03:35:02 +0800] "GET /content/nav/relationSubject.jsp?relationWords=%E8%BB%8A%E9%A6%AC%E5%99%A8+%E8%BB%9B%E8%B6%B3%E9%A3%BE+&oid=1880275 HTTP/1.1" 200 3040
66.249.71.105 - - [24/Jun/2015:03:35:04 +0800] "GET /content/repository/resource_content.jsp?oid=1844851&queryType=qs&queryString=%E9%9B%B7%E7%B4%8B HTTP/1.1" 200 31937
66.249.71.105 - - [24/Jun/2015:03:35:04 +0800] "GET /content/nav/relationSubject.jsp?relationWords=%E8%BB%8A%E9%A6%AC%E5%99%A8%20%E8%BB%9B%E8%B6%B3%E9%A3%BE%20&oid=1880275 HTTP/1.1" 200 3040
66.249.71.105 - - [24/Jun/2015:03:35:05 +0800] "GET /content/nav/relationSubject.jsp?relationWords=%E5%8D%9A%E7%89%A9%E5%AD%B8+%E5%A4%A7%E6%9D%B1%E4%BA%9E%E5%85%B1%E6%A6%AE%E5%9C%88+%E8%87%BA%E7%81%A3%E7%B8%BD%E7%9D%A3%E5%BA%9C+&oid=3032957 HTTP/1.1" 200 3538
66.249.71.113 - - [24/Jun/2015:03:35:08 +0800] "GET /content/nav/relationSubject.jsp?relationWords=%E5%8D%9A%E7%89%A9%E5%AD%B8%20%E5%A4%A7%E6%9D%B1%E4%BA%9E%E5%85%B1%E6%A6%AE%E5%9C%88%20%E8%87%BA%E7%81%A3%E7%B8%BD%E7%9D%A3%E5%BA%9C%20&oid=3032957 HTTP/1.1" 200 3538
66.249.71.105 - - [24/Jun/2015:03:35:10 +0800] "GET /content/nav/relationSubject.jsp?relationWords=&oid=2666772 HTTP/1.1" 200 1405
66.249.71.105 - - [24/Jun/2015:03:35:14 +0800] "GET /content/nav/relationSubject.jsp?relationWords=%E5%91%88%E6%8E%A7+&oid=2635479 HTTP/1.1" 200 3089
66.249.79.224 - - [24/Jun/2015:03:35:15 +0800] "GET /content/nav/relationSubject.jsp?relationWords=&oid=4354359 HTTP/1.1" 200 1405
66.249.71.113 - - [24/Jun/2015:03:35:16 +0800] "GET /content/nav/relationSubject.jsp?relationWords=%E5%91%88%E6%8E%A7%20&oid=2635479 HTTP/1.1" 200 3089
66.249.71.113 - - [24/Jun/2015:03:35:20 +0800] "GET /content/repository/resource_content.jsp?oid=2688217&queryType=qs&queryString=%E7%9F%B3%E7%A0%8C HTTP/1.1" 200 29990
66.249.71.105 - - [24/Jun/2015:03:35:33 +0800] "GET /content/nav/relationSubject.jsp?relationWords=&oid=2554155 HTTP/1.1" 200 1405
66.249.71.113 - - [24/Jun/2015:03:35:52 +0800] "GET /content/repository/resource_content.jsp?oid=2657205&queryType=qs&queryString=%E5%85%B5%E8%88%B9 HTTP/1.1" 200 30489
66.249.71.113 - - [24/Jun/2015:03:36:08 +0800] "GET /content/repository/resource_content.jsp?oid=2661272&queryType=qs&queryString=%E8%AD%89%E5%9A%B4 HTTP/1.1" 200 29969
66.249.71.121 - - [24/Jun/2015:03:36:25 +0800] "GET /content/repository/resource_content.jsp?oid=2664466&queryType=qs&queryString=%E5%8E%9F%E9%A0%98%E6%95%95%E6%9B%B8 HTTP/1.1" 200 30421
66.249.71.113 - - [24/Jun/2015:03:36:33 +0800] "GET /content/nav/relationSubject.jsp?relationWords=%E5%B0%91%E5%AE%A4%E6%9D%B1%E9%97%95+&oid=1810432 HTTP/1.1" 200 3093
66.249.71.105 - - [24/Jun/2015:03:36:35 +0800] "GET /content/nav/relationSubject.jsp?relationWords=%E5%B0%91%E5%AE%A4%E6%9D%B1%E9%97%95%20&oid=1810432 HTTP/1.1" 200 3093
66.249.71.121 - - [24/Jun/2015:03:36:41 +0800] "GET /content/repository/resource_content.jsp?oid=2642678&queryType=qs&queryString=%E8%88%B9%E6%96%99 HTTP/1.1" 200 30365
66.249.71.72 - - [24/Jun/2015:03:36:46 +0800] "GET /content/repository/resource_content.jsp?oid=4387894 HTTP/1.1" 200 30504
66.249.79.236 - - [24/Jun/2015:03:36:47 +0800] "GET /content/nav/relationSubject.jsp?relationWords=%E5%88%91%E9%83%A8+%E5%9B%9E%E6%B0%91+&oid=2666474 HTTP/1.1" 200 3207
66.249.79.248 - - [24/Jun/2015:03:36:49 +0800] "GET /content/nav/relationSubject.jsp?relationWords=%E5%88%91%E9%83%A8%20%E5%9B%9E%E6%B0%91%20&oid=2666474 HTTP/1.1" 200 3207
66.249.71.105 - - [24/Jun/2015:03:36:57 +0800] "GET /content/repository/resource_content.jsp?oid=2669661&queryType=qs&queryString=%E5%BB%A3%E5%AF%A7 HTTP/1.1" 200 29821
66.249.71.121 - - [24/Jun/2015:03:37:06 +0800] "GET /content/nav/relationSubject.jsp?relationWords=%E5%9B%9B%E9%BD%92%E9%AD%A8+%E6%98%9F%E6%96%91%E5%8F%89%E9%BC%BB%E9%AD%A8+%E9%AD%A8%E7%A7%91+&oid=18320 HTTP/1.1" 200 3278
66.249.71.113 - - [24/Jun/2015:03:37:07 +0800] "GET /content/nav/relationSubject.jsp?relationWords=%E5%B7%A5%E9%83%A8+&oid=2688217 HTTP/1.1" 200 3068
66.249.71.105 - - [24/Jun/2015:03:37:09 +0800] "GET /content/nav/relationSubject.jsp?relationWords=%E5%B7%A5%E9%83%A8%20&oid=2688217 HTTP/1.1" 200 3068
66.249.71.113 - - [24/Jun/2015:03:37:10 +0800] "GET /content/nav/relationSubject.jsp?relationWords=%E5%9B%9B%E9%BD%92%E9%AD%A8%20%E6%98%9F%E6%96%91%E5%8F%89%E9%BC%BB%E9%AD%A8%20%E9%AD%A8%E7%A7%91%20&oid=18320 HTTP/1.1" 200 3278
66.249.71.121 - - [24/Jun/2015:03:37:11 +0800] "GET /content/nav/relationSubject.jsp?relationWords=%E4%BE%BF%E6%89%80+%E5%9C%8B%E6%A0%A1+%E5%B0%B1%E6%A5%AD%E6%A9%9F%E6%9C%83+%E6%95%99%E8%81%B7%E5%93%A1+%E6%95%99%E8%82%B2%E5%BB%B3+%E8%A1%A8%E5%BD%B0+&oid=1565653 HTTP/1.1" 200 3858
66.249.71.113 - - [24/Jun/2015:03:37:13 +0800] "GET /content/nav/relationSubject.jsp?relationWords=%E4%BE%BF%E6%89%80%20%E5%9C%8B%E6%A0%A1%20%E5%B0%B1%E6%A5%AD%E6%A9%9F%E6%9C%83%20%E6%95%99%E8%81%B7%E5%93%A1%20%E6%95%99%E8%82%B2%E5%BB%B3%20%E8%A1%A8%E5%BD%B0%20&oid=1565653 HTTP/1.1" 200 3858
66.249.71.105 - - [24/Jun/2015:03:37:14 +0800] "GET /content/repository/resource_content.jsp?oid=1899749&queryType=qs&queryString=%E9%A0%90%E7%AE%97 HTTP/1.1" 200 29902
66.249.71.64 - - [24/Jun/2015:03:37:25 +0800] "GET /content/nav/relationSubject.jsp?relationWords=%E5%B8%83%E8%BE%B2+%E5%B8%83%E8%BE%B2%E6%97%8F+%E6%89%93%E8%80%B3%E7%A5%AD+%E7%A5%AD%E5%84%80+&oid=4387894 HTTP/1.1" 200 4193
66.249.79.19 - - [24/Jun/2015:03:37:28 +0800] "GET /content/nav/relationSubject.jsp?relationWords=%E5%B8%83%E8%BE%B2%20%E5%B8%83%E8%BE%B2%E6%97%8F%20%E6%89%93%E8%80%B3%E7%A5%AD%20%E7%A5%AD%E5%84%80%20&oid=4387894 HTTP/1.1" 200 4193
66.249.71.121 - - [24/Jun/2015:03:37:30 +0800] "GET /content/repository/resource_content.jsp?oid=4364555&queryType=qs&queryString=%E6%B0%91%E5%9C%8B%E5%9B%9B%E5%8D%81%E4%BA%94%E5%B9%B4 HTTP/1.1" 200 29059
66.249.71.121 - - [24/Jun/2015:03:37:44 +0800] "GET /content/nav/relationSubject.jsp?relationWords=%E4%BA%BA%E5%90%8D%E6%AC%8A%E5%A8%81+%E4%BF%84%E9%98%BF%E7%A9%86%E7%88%BE+%E5%90%B3%E7%9D%A3+%E5%B0%88%E5%82%99+%E5%BE%B5%E5%85%B5+%E7%8E%8B%E6%99%AF%E6%98%A5+%E7%B1%8C%E9%A4%89+&oid=690604 HTTP/1.1" 200 3375
66.249.79.248 - - [24/Jun/2015:03:37:46 +0800] "GET /content/repository/resource_content.jsp?oid=2672040&queryType=qs&queryString=%E4%BA%AC%E9%8A%85%E8%88%B9 HTTP/1.1" 200 29992
66.249.79.236 - - [24/Jun/2015:03:37:47 +0800] "GET /content/nav/relationSubject.jsp?relationWords=%E4%BA%BA%E5%90%8D%E6%AC%8A%E5%A8%81%20%E4%BF%84%E9%98%BF%E7%A9%86%E7%88%BE%20%E5%90%B3%E7%9D%A3%20%E5%B0%88%E5%82%99%20%E5%BE%B5%E5%85%B5%20%E7%8E%8B%E6%99%AF%E6%98%A5%20%E7%B1%8C%E9%A4%89%20&oid=690604 HTTP/1.1" 200 3375
66.249.71.121 - - [24/Jun/2015:03:38:02 +0800] "GET /content/repository/resource_content.jsp?oid=2514352&queryType=qs&queryString=%E6%B2%85%E5%B7%9E HTTP/1.1" 200 30065
66.249.71.105 - - [24/Jun/2015:03:38:14 +0800] "GET /content/nav/relationSubject.jsp?relationWords=%E8%97%A5%E7%89%A9+&oid=1602794 HTTP/1.1" 200 3557
66.249.71.121 - - [24/Jun/2015:03:38:17 +0800] "GET /content/nav/relationSubject.jsp?relationWords=%E8%97%A5%E7%89%A9%20&oid=1602794 HTTP/1.1" 200 3557
66.249.71.121 - - [24/Jun/2015:03:38:18 +0800] "GET /content/repository/resource_content.jsp?oid=2517261&queryType=qs&queryString=%E9%84%AD%E5%BF%97 HTTP/1.1" 200 29460
66.249.71.113 - - [24/Jun/2015:03:38:25 +0800] "GET /content/nav/relationSubject.jsp?relationWords=%E5%91%88%E6%8E%A7+%E9%A9%8D%E9%A8%8E+&oid=2639973 HTTP/1.1" 200 3124
66.249.71.105 - - [24/Jun/2015:03:38:27 +0800] "GET /content/nav/relationSubject.jsp?relationWords=%E5%91%88%E6%8E%A7%20%E9%A9%8D%E9%A8%8E%20&oid=2639973 HTTP/1.1" 200 3124
66.249.71.113 - - [24/Jun/2015:03:38:35 +0800] "GET /content/repository/resource_content.jsp?oid=2679763&queryType=qs&queryString=%E6%99%89%E6%98%8C HTTP/1.1" 200 29848
66.249.71.105 - - [24/Jun/2015:03:38:39 +0800] "GET /content/nav/relationSubject.jsp?relationWords=%E5%8F%A4%E5%A2%B3+%E6%97%A5%E5%90%89+&oid=4492036 HTTP/1.1" 200 3300
66.249.71.105 - - [24/Jun/2015:03:38:41 +0800] "GET /content/nav/relationSubject.jsp?relationWords=%E5%8F%A4%E5%A2%B3%20%E6%97%A5%E5%90%89%20&oid=4492036 HTTP/1.1" 200 3300
66.249.79.248 - - [24/Jun/2015:03:38:51 +0800] "GET /content/repository/resource_content.jsp?oid=2681677&queryType=qs&queryString=%E5%A4%96%E7%B0%BE HTTP/1.1" 200 30241
66.249.71.105 - - [24/Jun/2015:03:39:07 +0800] "GET /content/repository/resource_content.jsp?oid=2682821&queryType=qs&queryString=%E8%88%B9%E6%96%99 HTTP/1.1" 200 30160
66.249.71.105 - - [24/Jun/2015:03:39:22 +0800] "GET /content/nav/relationSubject.jsp?relationWords=%E6%B0%B8%E6%85%B6+%E7%A6%AE%E9%83%A8+%E8%AC%9A%E6%B3%95+&oid=2687015 HTTP/1.1" 200 3130
66.249.71.105 - - [24/Jun/2015:03:39:24 +0800] "GET /content/repository/resource_content.jsp?oid=2521682&queryType=qs&queryString=%E7%A8%BB%E7%B1%B3 HTTP/1.1" 200 30216
66.249.71.105 - - [24/Jun/2015:03:39:24 +0800] "GET /content/nav/relationSubject.jsp?relationWords=%E6%B0%B8%E6%85%B6%20%E7%A6%AE%E9%83%A8%20%E8%AC%9A%E6%B3%95%20&oid=2687015 HTTP/1.1" 200 3130
66.249.71.121 - - [24/Jun/2015:03:39:40 +0800] "GET /content/repository/resource_content.jsp?oid=2548120&queryType=qs&queryString=%E5%85%B5%E8%88%B9 HTTP/1.1" 200 30042
66.249.71.105 - - [24/Jun/2015:03:39:50 +0800] "GET /content/nav/relationSubject.jsp?relationWords=%E7%9F%A5%E5%BA%9C+&oid=2654355 HTTP/1.1" 200 3069
68.180.229.54 - - [24/Jun/2015:03:39:51 +0800] "GET /content/subject/resource_content.jsp?oid=16777417&queryType=qc HTTP/1.1" 200 28314
66.249.71.113 - - [24/Jun/2015:03:39:54 +0800] "GET /content/repository/resource_content.jsp?oid=4481906&queryType=qs&queryString=%E5%8F%A4%E5%A2%B3 HTTP/1.1" 200 28025
66.249.71.121 - - [24/Jun/2015:03:39:55 +0800] "GET /content/repository/resource_content.jsp?oid=1173977&queryType=qs&queryString=%E5%8C%85%E8%A2%B1 HTTP/1.1" 200 30782
66.249.71.113 - - [24/Jun/2015:03:39:56 +0800] "GET /content/nav/relationSubject.jsp?relationWords=%E7%9F%A5%E5%BA%9C%20&oid=2654355 HTTP/1.1" 200 3069
