66.249.77.8 - - [06/Feb/2014:08:31:24 +0800] "GET /content/nav/relationSubject.jsp?relationWords=%E8%A7%92%E7%AE%B1%E9%AD%A8+&oid=33554788 HTTP/1.1" 200 3447
123.241.203.200 - - [06/Feb/2014:08:37:16 +0800] "GET /content/nav/relationSubject.jsp?relationWords=%E6%9C%A8%E7%8A%80+%E6%A1%82%E8%8A%B1+&oid=16777255 HTTP/1.1" 200 4037
115.239.212.133 - - [06/Feb/2014:08:39:03 +0800] "GET /content/repository/resource_content.jsp?oid=2627293 HTTP/1.0" 200 28765
115.239.212.132 - - [06/Feb/2014:08:39:07 +0800] "GET /content/nav/relationSubject.jsp?relationWords=%E5%88%91%E9%83%A8+%E5%91%88%E6%8E%A7+&oid=2627293 HTTP/1.0" 200 3144
66.249.77.195 - - [06/Feb/2014:08:39:09 +0800] "GET /content/tmp_exh/resource_content.jsp?oid=16777711&queryType=qc HTTP/1.1" 200 25463
66.249.74.221 - - [06/Feb/2014:08:39:13 +0800] "GET /content/nav/relationSubject.jsp?relationWords=&oid=16777711 HTTP/1.1" 200 1413
66.249.77.195 - - [06/Feb/2014:08:39:25 +0800] "GET /content/tmp_exh/resource_content.jsp?oid=16777711&queryType=qc HTTP/1.1" 200 25463
66.249.77.195 - - [06/Feb/2014:08:40:07 +0800] "GET /content/repository/resource_content.jsp?oid=2659862&queryString=%E8%88%9B%E9%8C%AF%20%E9%8C%A2%E7%B3%A7 HTTP/1.1" 200 29622
66.249.77.62 - - [06/Feb/2014:08:41:51 +0800] "GET /digiarch3/content/nav/relationSubject.jsp?relationWords=%E6%BC%94%E8%AE%8A+%E7%A6%AE%E6%9C%8D+&oid=16777619 HTTP/1.1" 200 3553
66.249.77.195 - - [06/Feb/2014:08:43:37 +0800] "GET /content/nav/relationSubject.jsp?relationWords=%E5%90%8F%E9%83%A8+%E6%96%B0%E6%98%8C+&oid=2626529 HTTP/1.1" 200 3144
114.25.105.65 - - [06/Feb/2014:08:44:33 +0800] "GET /content/nav/relationSubject.jsp?relationWords=%E9%98%BF%E5%8B%83%E5%8B%92+&oid=16777368 HTTP/1.1" 200 2925
66.249.77.172 - - [06/Feb/2014:08:46:06 +0800] "GET /content/repository/resource_content.jsp?oid=1576100&queryString=%E6%95%B8%E4%BD%8D%E5%85%B8%E8%97%8F%20%E7%A7%91%E6%99%AE HTTP/1.1" 200 30188
42.70.180.179 - - [06/Feb/2014:08:46:12 +0800] "GET /content/repository/resource_content.jsp?oid=1777442 HTTP/1.1" 200 31259
42.70.180.179 - - [06/Feb/2014:08:46:15 +0800] "GET /content/nav/relationSubject.jsp?relationWords=%E7%89%A9%E8%B3%AA%E6%96%87%E5%8C%96+%E7%94%9F%E5%91%BD%E5%84%80%E7%A6%AE+%E7%A5%AD%E5%84%80+%E9%83%BD%E6%AD%B7+&oid=1777442 HTTP/1.1" 200 4251
66.249.77.236 - - [06/Feb/2014:08:47:33 +0800] "GET /content/tmp_exh/resource_content.jsp?oid=16777711&queryType=qc%201891 HTTP/1.1" 200 25474
66.249.74.221 - - [06/Feb/2014:08:48:30 +0800] "GET /content/repository/resource_content.jsp?oid=2660060&queryString=%E5%84%80%E5%99%A8%20%E7%92%B0%E4%BF%9D%E5%B1%80 HTTP/1.1" 200 28659
118.163.77.230 - - [06/Feb/2014:08:49:01 +0800] "GET /content/subject/resource_content.jsp?oid=16777706 HTTP/1.1" 200 52866
118.163.77.230 - - [06/Feb/2014:08:49:02 +0800] "GET /content/nav/relationSubject.jsp?relationWords=%E5%A0%A1%E5%9C%96+&oid=16777706 HTTP/1.1" 200 2872
210.69.109.235 - - [06/Feb/2014:08:51:37 +0800] "GET /content/nav/relationSubject.jsp?relationWords=%E5%B1%B1%E6%AB%BB%E8%8A%B1+&oid=16777304 HTTP/1.1" 200 4460
66.249.77.172 - - [06/Feb/2014:08:51:59 +0800] "GET /content/repository/resource_content.jsp?oid=770511&queryString=%E6%95%B8%E4%BD%8D%E5%85%B8%E8%97%8F%20%E7%A7%91%E6%99%AE HTTP/1.1" 200 27392
66.249.77.172 - - [06/Feb/2014:08:53:44 +0800] "GET /content/nav/relationSubject.jsp?relationWords=%E5%B0%91%E5%B9%B4%E7%8A%AF%20%E5%BC%B5%E5%AF%8C%20%E6%80%A7%E5%90%91%E6%B8%AC%E9%A9%97%20%E6%95%99%E8%82%B2%E5%BB%B3%20%E6%9F%93%E8%89%B2%E9%AB%94%20%E6%A2%81%E8%A8%B1%E6%98%A5%E8%8F%8A%20%E7%A4%BE%E6%9C%83%E8%99%95%20%E7%A7%91%E6%99%AE%20%E8%A1%9B%E7%94%9F%E8%99%95%20%E8%AD%A6%E5%8B%99%E8%99%95%20%E8%AD%A6%E5%AF%9F%E5%B1%80%20%E8%B3%AA%E8%A9%A2%20%E9%81%BA%E5%82%B3%20%E9%9D%92%E5%B0%91%E5%B9%B4%20%E9%A0%90%E7%AE%97%20%E9%AB%98%E9%9B%84%E5%B8%82%20&oid=1576100 HTTP/1.1" 200 6260
66.249.74.221 - - [06/Feb/2014:08:54:50 +0800] "GET /content/repository/resource_content.jsp?oid=1572526 HTTP/1.1" 200 29053
66.249.77.195 - - [06/Feb/2014:08:54:59 +0800] "GET /content/nav/relationSubject.jsp?relationWords=%E5%84%80%E5%99%A8+%E6%AC%BD%E5%A4%A9%E7%9B%A3+&oid=2660060 HTTP/1.1" 200 3142
66.249.77.195 - - [06/Feb/2014:08:56:52 +0800] "GET /content/repository/resource_content.jsp?oid=2626576&queryString=%E5%A2%9E%E5%80%BC%E7%A8%85%20%E6%89%80%E5%BE%97%E7%A8%85%20%E7%8F%BE%E7%8B%80%20%E7%A8%85%E7%8E%87%20%E8%AA%B2%E7%A8%85%20%E8%B3%AA%E8%A9%A2 HTTP/1.1" 200 28558
66.249.77.195 - - [06/Feb/2014:08:56:58 +0800] "GET /content/repository/resource_content.jsp?oid=2664136&queryString=%E5%85%AC%E8%BB%8A%20%E5%B9%B3%E6%A9%8B%20%E8%87%BA%E5%8D%97%E5%B8%82%20%E9%90%B5%E8%B7%AF%E5%B1%80 HTTP/1.1" 200 28916
114.44.15.225 - - [06/Feb/2014:08:57:31 +0800] "GET /content/nav/relationSubject.jsp?relationWords=%E5%8F%B0%E7%81%A3%E6%AC%92%E6%A8%B9+%E8%8B%A6%E8%8B%93%E8%88%85+&oid=16777254 HTTP/1.1" 200 4293
66.249.77.172 - - [06/Feb/2014:08:57:51 +0800] "GET /content/subject/resource_content.jsp?oid=16777345&queryString=%E5%8D%97%E6%B9%96%E5%A4%A7%E5%B1%B1%20%E5%8D%97%E6%B9%96%E6%9D%9C%E9%B5%91%20%E6%9D%9C%E9%B5%91%20%E7%8E%89%E5%B1%B1%E6%9D%9C%E9%B5%91%20%E7%B4%B0%E8%91%89%20%E7%B4%B0%E8%91%89%E6%9D%9C%E9%B5%91%20%E8%A5%BF%E6%96%BD%20%E8%A5%BF%E6%96%BD%E8%8A%B1 HTTP/1.1" 200 34142
218.30.103.216 - - [06/Feb/2014:08:57:52 +0800] "GET /content/subject/resource_content.jsp?oid=16777740&queryType=qc HTTP/1.1" 200 40310
218.30.103.216 - - [06/Feb/2014:08:58:05 +0800] "GET /content/tmp_exh/resource_content.jsp?oid=16777763&queryType=qc HTTP/1.1" 200 30790
218.30.103.216 - - [06/Feb/2014:08:58:19 +0800] "GET /digiarch_en/content/tmp_tec/resource_content.jsp?oid=16777726 HTTP/1.1" 200 28837
218.30.103.216 - - [06/Feb/2014:08:58:32 +0800] "GET /content/tmp_auth/resource_content.jsp?oid=16777454 HTTP/1.1" 200 28428
218.30.103.216 - - [06/Feb/2014:08:58:45 +0800] "GET /digiarch_en/content/subject/resource_content.jsp?oid=16777319&queryType=qc HTTP/1.1" 200 25591
66.249.77.172 - - [06/Feb/2014:09:02:23 +0800] "GET /content/nav/relationSubject.jsp?relationWords=%E4%BF%84%E4%BD%BF%20%E4%BF%84%E5%AE%98%20%E7%A7%91%E6%99%AE%20%E7%AF%80%E7%95%A5%20&oid=770511 HTTP/1.1" 200 4087
218.30.103.216 - - [06/Feb/2014:09:02:53 +0800] "GET /content/repository/resource_content.jsp?oid=1123857&queryType=qc HTTP/1.1" 200 36501
218.30.103.216 - - [06/Feb/2014:09:03:20 +0800] "GET /content/repository/resource_content.jsp?oid=1124751&queryType=qc HTTP/1.1" 200 34284
66.249.77.172 - - [06/Feb/2014:09:03:42 +0800] "GET /content/subject/resource_content.jsp?oid=16777785&queryType=qc HTTP/1.1" 200 48932
180.76.6.40 - - [06/Feb/2014:09:04:58 +0800] "GET /content/subject/resource_content.jsp?oid=16777398&queryType=qc HTTP/1.1" 200 27982
66.249.77.195 - - [06/Feb/2014:09:05:15 +0800] "GET /content/repository/resource_content.jsp?oid=2626576&queryString=%E7%A8%85%E6%8D%90%20%E8%AA%B2%E7%A8%85%20%E8%B2%A1%E7%A8%85%20%E8%B3%A6%E8%AA%B2 HTTP/1.1" 200 28558
115.239.212.7 - - [06/Feb/2014:09:05:19 +0800] "GET /content/repository/resource_content.jsp?oid=1896554 HTTP/1.0" 200 28971
115.239.212.134 - - [06/Feb/2014:09:05:21 +0800] "GET /content/nav/relationSubject.jsp?relationWords=%E5%9C%B0%E7%A7%9F+%E5%B1%B1%E5%9D%A1%E5%9C%B0+%E6%9E%97%E6%B0%B4+%E6%B9%AF%E6%85%B6%E6%9D%BE+%E7%9C%81%E6%94%BF%E5%BA%9C+%E8%AA%BF%E6%9F%A5%E7%A0%94%E7%A9%B6+%E9%BB%83%E9%87%91%E9%B3%B3+&oid=1896554 HTTP/1.0" 200 4750
66.249.77.195 - - [06/Feb/2014:09:06:12 +0800] "GET /content/nav/relationSubject.jsp?relationWords=%E7%A8%85%E9%8A%80+%E8%8C%B6%E8%AA%B2+%E8%AA%B2%E7%A8%85+%E9%8A%80%E5%85%A9+%E9%B9%BD%E8%8C%B6+&oid=2626576 HTTP/1.1" 200 5453
66.249.77.195 - - [06/Feb/2014:09:06:14 +0800] "GET /content/nav/relationSubject.jsp?relationWords=%E7%A8%85%E9%8A%80+%E8%8C%B6%E8%AA%B2+%E8%AA%B2%E7%A8%85+%E9%8A%80%E5%85%A9+%E9%B9%BD%E8%8C%B6+&oid=2626576 HTTP/1.1" 200 5453
66.249.77.8 - - [06/Feb/2014:09:06:46 +0800] "GET /content/tmp_tec/resource_content.jsp?oid=16777738 HTTP/1.1" 200 43630
66.249.77.236 - - [06/Feb/2014:09:07:34 +0800] "GET /content/tmp_exh/resource_content.jsp?oid=16777789&queryType=qc HTTP/1.1" 200 40782
218.30.103.216 - - [06/Feb/2014:09:07:52 +0800] "GET /digiarch_en/content/tmp_exh/resource_content.jsp?oid=16777710&queryType=qc HTTP/1.1" 200 21038
66.249.74.221 - - [06/Feb/2014:09:07:59 +0800] "GET /content/subject/resource_content.jsp?oid=16777241 HTTP/1.1" 200 31622
218.30.103.216 - - [06/Feb/2014:09:08:16 +0800] "GET /content/subject/resource_content.jsp?oid=16777713&queryType=qc HTTP/1.1" 200 42922
218.30.103.216 - - [06/Feb/2014:09:08:29 +0800] "GET /digiarch_en/content/subject/resource_content.jsp?oid=16777620&queryType=qc> HTTP/1.1" 200 51049
218.30.103.216 - - [06/Feb/2014:09:08:39 +0800] "GET /digiarch_en/content/subject/resource_content.jsp?oid=16777548&queryType=qc HTTP/1.1" 200 17402
218.30.103.216 - - [06/Feb/2014:09:08:50 +0800] "GET /digiarch_en/content/subject/resource_content.jsp?oid=16777324&queryType=qc HTTP/1.1" 200 20099
180.177.2.192 - - [06/Feb/2014:09:09:00 +0800] "GET /content/repository/resource_content.jsp?oid=1607771 HTTP/1.1" 200 27873
180.177.2.192 - - [06/Feb/2014:09:09:00 +0800] "GET /content/nav/relationSubject.jsp?relationWords=%E5%85%A7%E6%B9%96%E5%8D%80+%E8%87%BA%E5%8C%97%E5%B8%82+&oid=1607771 HTTP/1.1" 200 4620
218.30.103.216 - - [06/Feb/2014:09:09:03 +0800] "GET /content/repository/resource_content.jsp?oid=1580137 HTTP/1.1" 200 27554
66.249.77.195 - - [06/Feb/2014:09:09:11 +0800] "GET /content/subject/resource_content.jsp?oid=16777389 HTTP/1.1" 200 26887
218.30.103.216 - - [06/Feb/2014:09:09:15 +0800] "GET /content/repository/resource_content.jsp?oid=1545531 HTTP/1.1" 200 31898
218.30.103.216 - - [06/Feb/2014:09:09:27 +0800] "GET /content/repository/resource_content.jsp?oid=1537449 HTTP/1.1" 200 27791
66.249.77.172 - - [06/Feb/2014:09:09:36 +0800] "GET /content/tmp_tec/resource_content.jsp?oid=16777753&queryString= HTTP/1.1" 200 33109
218.30.103.216 - - [06/Feb/2014:09:09:39 +0800] "GET /content/repository/resource_content.jsp?oid=1532313 HTTP/1.1" 200 27813
66.249.77.195 - - [06/Feb/2014:09:09:59 +0800] "GET /content/subject/resource_content.jsp?oid=16777655 HTTP/1.1" 200 25194
66.249.77.172 - - [06/Feb/2014:09:11:41 +0800] "GET /content/nav/relationSubject.jsp?relationWords=GIS+%E6%95%B8%E4%BD%8D%E5%85%B8%E8%97%8F+%E9%81%99%E6%B8%AC%E5%BD%B1%E5%83%8F+&oid=16777753 HTTP/1.1" 200 5960
66.249.77.172 - - [06/Feb/2014:09:11:45 +0800] "GET /content/nav/relationSubject.jsp?relationWords=GIS%20%E6%95%B8%E4%BD%8D%E5%85%B8%E8%97%8F%20%E9%81%99%E6%B8%AC%E5%BD%B1%E5%83%8F%20&oid=16777753 HTTP/1.1" 200 5960
66.249.77.195 - - [06/Feb/2014:09:12:24 +0800] "GET /content/subject/resource_content.jsp?oid=16777728 HTTP/1.1" 200 64196
218.30.103.216 - - [06/Feb/2014:09:13:11 +0800] "GET /content/tmp_exh/resource_content.jsp?oid=16777750&queryType=qc HTTP/1.1" 200 31683
218.30.103.216 - - [06/Feb/2014:09:13:23 +0800] "GET /content/tmp_auth/resource_content.jsp?oid=16777759 HTTP/1.1" 200 24517
66.249.77.195 - - [06/Feb/2014:09:13:27 +0800] "GET /content/repository/resource_content.jsp?oid=1562396 HTTP/1.1" 200 27698
66.249.77.195 - - [06/Feb/2014:09:13:36 +0800] "GET /content/tmp_exh/resource_content.jsp?oid=16777693&queryType=qc%201921 HTTP/1.1" 200 49650
66.249.77.195 - - [06/Feb/2014:09:13:38 +0800] "GET /content/repository/resource_content.jsp?oid=2660110&queryString=%E4%B8%80%E5%BA%9C%E6%95%99%20%E8%A3%9C%E6%A0%A1 HTTP/1.1" 200 29113
218.30.103.216 - - [06/Feb/2014:09:13:59 +0800] "GET /content/subject/resource_content.jsp?oid=16777317&queryType=qc HTTP/1.1" 200 33929
218.30.103.216 - - [06/Feb/2014:09:14:24 +0800] "GET /content/subject/resource_content.jsp?oid=16777430&queryType=qc HTTP/1.1" 200 35798
66.249.77.236 - - [06/Feb/2014:09:14:35 +0800] "GET /content/repository/resource_content.jsp?oid=2145945&queryString=%E8%8C%84%E8%8B%B3 HTTP/1.1" 200 29887
66.249.74.221 - - [06/Feb/2014:09:14:49 +0800] "GET /digiarch_en/content/pictures/picture_content.jsp?oid=33554803 HTTP/1.1" 200 21231
203.71.9.217 - - [06/Feb/2014:09:15:01 +0800] "GET /content/subject/resource_content.jsp?oid=16777769&queryType=qc HTTP/1.1" 200 40392
203.71.9.217 - - [06/Feb/2014:09:15:03 +0800] "GET /content/nav/relationSubject.jsp?relationWords=%E6%95%B8%E4%BD%8D%E5%85%B8%E8%97%8F+%E9%89%9B%E5%AD%97+%E9%8A%85%E6%A8%A1+&oid=16777769 HTTP/1.1" 200 11838
218.30.103.216 - - [06/Feb/2014:09:15:10 +0800] "GET /content/subject/resource_content.jsp?oid=16777743&queryType=qc HTTP/1.1" 200 31588
218.30.103.216 - - [06/Feb/2014:09:15:22 +0800] "GET /content/subject/resource_content.jsp?oid=16777764&queryType=qc HTTP/1.1" 200 39798
218.30.103.216 - - [06/Feb/2014:09:15:35 +0800] "GET /content/subject/resource_content.jsp?oid=16777468&queryType=qc HTTP/1.1" 200 32256
66.249.77.236 - - [06/Feb/2014:09:16:45 +0800] "GET /content/subject/resource_content.jsp?oid=16777657&queryType=qc HTTP/1.1" 200 70796
218.30.103.216 - - [06/Feb/2014:09:16:45 +0800] "GET /content/subject/resource_content.jsp?oid=16777571&queryType=qc HTTP/1.1" 200 29687
218.30.103.216 - - [06/Feb/2014:09:17:07 +0800] "GET /content/subject/resource_content.jsp?oid=16777424 HTTP/1.1" 200 37700
31.220.200.100 - - [06/Feb/2014:09:17:13 +0800] "GET /content/repository/resource_content.jsp?oid=2685649&queryType=qs&queryString=%E6%9D%8E%E8%A1%9B HTTP/1.1" 200 29632
66.249.77.236 - - [06/Feb/2014:09:17:13 +0800] "GET /content/tmp_exh/resource_content.jsp?oid=16777767&queryType=qc%201890 HTTP/1.1" 200 27896
31.220.200.100 - - [06/Feb/2014:09:17:15 +0800] "GET /content/nav/relationSubject.jsp?relationWords=&oid=2685649 HTTP/1.1" 200 1413
218.30.103.216 - - [06/Feb/2014:09:17:40 +0800] "GET /digiarch_en/content/pictures/picture_content.jsp?oid=33554805&queryType=qc HTTP/1.1" 200 21240
66.249.77.195 - - [06/Feb/2014:09:17:43 +0800] "GET /content/nav/relationSubject.jsp?relationWords=&oid=16777655 HTTP/1.1" 200 1413
66.249.74.221 - - [06/Feb/2014:09:17:44 +0800] "GET /content/nav/relationSubject.jsp?relationWords=%E6%A0%A1%E5%B0%8D+%E6%AD%A6%E8%8B%B1%E6%AE%BF+%E8%A3%9C%E6%A0%A1+&oid=2660110 HTTP/1.1" 200 3177
66.249.77.172 - - [06/Feb/2014:09:18:02 +0800] "GET /content/subject/resource_content.jsp?oid=16777781&queryType=qc HTTP/1.1" 200 56499
218.30.103.216 - - [06/Feb/2014:09:18:04 +0800] "GET /digiarch_en/content/pictures/picture_content.jsp?oid=33554749&queryType=qc HTTP/1.1" 200 21212
66.249.77.236 - - [06/Feb/2014:09:18:10 +0800] "GET /content/nav/relationSubject.jsp?relationWords=%E5%9C%8B%E9%9A%9B%E6%9B%B8%E5%B1%95+%E6%80%9D%E6%83%B3+%E6%96%87%E6%98%9F+%E7%9A%87%E8%BC%BF+%E9%87%8D%E6%85%B6%E5%8D%97%E8%B7%AF+&oid=16777789 HTTP/1.1" 200 5051
66.249.74.221 - - [06/Feb/2014:09:18:13 +0800] "GET /content/nav/relationSubject.jsp?relationWords=%E5%AF%86%E6%8B%89+%E6%B3%A2%E5%AF%86+%E6%B3%A2%E5%AF%86%E6%8B%89+&oid=1562396 HTTP/1.1" 200 3613
218.30.103.216 - - [06/Feb/2014:09:18:17 +0800] "GET /digiarch_en/content/subject/resource_content.jsp?oid=16777782&queryType=qc> HTTP/1.1" 200 43880
66.249.77.195 - - [06/Feb/2014:09:18:19 +0800] "GET /content/nav/relationSubject.jsp?relationWords=%E5%A5%BD%E6%B6%88%E6%81%AF+%E6%95%B8%E4%BD%8D%E5%85%B8%E8%97%8F+&oid=16777693 HTTP/1.1" 200 8935
66.249.74.162 - - [06/Feb/2014:09:18:26 +0800] "GET /content/pictures/picture_content.jsp?oid=33554818&queryType=qc HTTP/1.1" 200 27169
65.55.55.230 - - [06/Feb/2014:09:19:09 +0800] "GET /content/repository/resource_content.jsp?oid=1632338 HTTP/1.1" 200 27849
220.130.140.219 - - [06/Feb/2014:09:19:13 +0800] "GET /content/tmp_exh/resource_content.jsp?oid=16777789 HTTP/1.1" 200 40771
220.130.140.219 - - [06/Feb/2014:09:19:14 +0800] "GET /content/nav/relationSubject.jsp?relationWords=%E5%9C%8B%E9%9A%9B%E6%9B%B8%E5%B1%95+%E6%80%9D%E6%83%B3+%E6%96%87%E6%98%9F+%E7%9A%87%E8%BC%BF+%E9%87%8D%E6%85%B6%E5%8D%97%E8%B7%AF+&oid=16777789 HTTP/1.1" 200 5051
218.30.103.216 - - [06/Feb/2014:09:19:24 +0800] "GET /digiarch_en/content/repository/resource_content.jsp?oid=523521&queryType=qc HTTP/1.1" 200 27049
36.230.249.114 - - [06/Feb/2014:09:19:37 +0800] "GET /content/nav/relationSubject.jsp?relationWords=%E7%83%8F%E5%BF%83%E7%9F%B3+%E9%B1%B8%E9%B0%BB+&oid=16777303 HTTP/1.1" 200 4012
111.80.86.128 - - [06/Feb/2014:09:19:53 +0800] "GET /content/nav/relationSubject.jsp?relationWords=%E7%99%BD%E5%8D%83%E5%B1%A4+&oid=16777287 HTTP/1.1" 200 3860
218.30.103.216 - - [06/Feb/2014:09:20:09 +0800] "GET /digiarch_en/content/repository/resource_content.jsp?oid=1123926&queryType=qc HTTP/1.1" 200 27725
157.55.33.125 - - [06/Feb/2014:09:20:31 +0800] "GET /content/repository/resource_content.jsp?oid=1611384 HTTP/1.1" 200 28238
218.30.103.216 - - [06/Feb/2014:09:20:32 +0800] "GET /content/tmp_auth/resource_content.jsp?oid=16777354 HTTP/1.1" 200 26366
218.30.103.216 - - [06/Feb/2014:09:21:22 +0800] "GET /content/tmp_auth/resource_content.jsp?oid=16777649 HTTP/1.1" 200 47738
218.30.103.216 - - [06/Feb/2014:09:21:34 +0800] "GET /content/tmp_auth/resource_content.jsp?oid=16777365 HTTP/1.1" 200 30380
66.249.77.236 - - [06/Feb/2014:09:22:01 +0800] "GET /content/repository/resource_content.jsp?oid=2152670&queryString=%E6%9C%A8%E8%98%AD%E7%A7%91%20%E6%A4%8D%E7%89%A9%E7%95%8C%20%E7%83%8F%E5%BF%83%E7%9F%B3%20%E7%83%8F%E5%BF%83%E7%9F%B3%E5%B1%AC HTTP/1.1" 200 30058
218.30.103.216 - - [06/Feb/2014:09:22:08 +0800] "GET /content/tmp_tec/resource_content.jsp?oid=16777682 HTTP/1.1" 200 39329
218.30.103.216 - - [06/Feb/2014:09:22:20 +0800] "GET /content/tmp_exh/resource_content.jsp?oid=16777747&queryType=qc HTTP/1.1" 200 34114
218.30.103.216 - - [06/Feb/2014:09:22:31 +0800] "GET /content/tmp_auth/resource_content.jsp?oid=16777658 HTTP/1.1" 200 25835
218.30.103.216 - - [06/Feb/2014:09:22:45 +0800] "GET /content/tmp_exh/resource_content.jsp?oid=16777741&queryType=qc HTTP/1.1" 200 49000
218.30.103.216 - - [06/Feb/2014:09:22:56 +0800] "GET /content/tmp_tec/resource_content.jsp?oid=16777692 HTTP/1.1" 200 35481
218.30.103.216 - - [06/Feb/2014:09:23:19 +0800] "GET /content/exhibit/exhibit.jsp?oid=16777719 HTTP/1.1" 200 24870
218.30.103.216 - - [06/Feb/2014:09:23:30 +0800] "GET /content/tmp_auth/resource_content.jsp?oid=16777370 HTTP/1.1" 200 24088
180.76.5.157 - - [06/Feb/2014:09:28:03 +0800] "GET /content/subject/resource_content.jsp?oid=16777590&queryType=qc HTTP/1.1" 200 34346
118.161.131.82 - - [06/Feb/2014:09:28:10 +0800] "GET /content/nav/relationSubject.jsp?relationWords=%E5%8D%83%E5%B9%B4%E6%A1%90+%E6%A1%90%E8%8A%B1+%E6%B2%B9%E6%A1%90+&oid=16777599 HTTP/1.1" 200 3746
66.249.77.236 - - [06/Feb/2014:09:28:26 +0800] "GET /content/nav/relationSubject.jsp?relationWords=%E6%9C%A8%E8%98%AD%E7%A7%91+%E6%A4%8D%E7%89%A9%E7%95%8C+%E7%83%8F%E5%BF%83%E7%9F%B3+%E7%83%8F%E5%BF%83%E7%9F%B3%E5%B1%AC+&oid=2152670 HTTP/1.1" 200 4395
42.156.137.69 - - [06/Feb/2014:09:28:44 +0800] "GET /digiarch_en/content/subject/resource_content.jsp?oid=16777742&queryType=qc HTTP/1.1" 200 33886
140.109.143.15 - - [06/Feb/2014:09:29:12 +0800] "GET /content/tmp_exh/resource_content.jsp?oid=16777771&queryString= HTTP/1.1" 200 33151
140.109.143.15 - - [06/Feb/2014:09:29:13 +0800] "GET /content/nav/relationSubject.jsp?relationWords=&oid=16777771 HTTP/1.1" 200 1413
42.156.139.69 - - [06/Feb/2014:09:29:15 +0800] "GET /content/exhibit/exhibit.jsp?oid=16777768 HTTP/1.1" 200 24870
42.120.161.69 - - [06/Feb/2014:09:29:16 +0800] "GET /content/subject/resource_content.jsp?oid=16777542&queryType=qc HTTP/1.1" 200 30594
140.109.143.15 - - [06/Feb/2014:09:29:34 +0800] "GET /content/tmp_exh/resource_content.jsp?oid=16777771&queryString= HTTP/1.1" 200 33151
140.109.143.15 - - [06/Feb/2014:09:29:35 +0800] "GET /content/nav/relationSubject.jsp?relationWords=&oid=16777771 HTTP/1.1" 200 1413
66.249.77.195 - - [06/Feb/2014:09:30:25 +0800] "GET /content/repository/resource_content.jsp?oid=2660150&queryString=%E4%B8%81%E6%86%82%20%E5%A4%A7%E4%BD%BF%20%E5%A7%94%E7%BD%B2 HTTP/1.1" 200 29131
42.156.138.69 - - [06/Feb/2014:09:32:08 +0800] "GET /content/subject/resource_content.jsp?oid=16777391&queryType=qc HTTP/1.1" 200 40643
199.30.20.47 - - [06/Feb/2014:09:32:54 +0800] "GET /content/repository/resource_content.jsp?oid=1622802&queryString=%E6%B0%91%E9%98%B2 HTTP/1.1" 200 28265
66.249.77.236 - - [06/Feb/2014:09:33:29 +0800] "GET /content/subject/resource_content.jsp?oid=16777351&queryType=qs&queryString=%E6%9C%A8%E8%98%AD%E7%A7%91 HTTP/1.1" 200 32968
42.156.139.69 - - [06/Feb/2014:09:33:52 +0800] "GET /content/tmp_auth/resource_content.jsp?oid=16777373 HTTP/1.1" 200 26153
42.156.138.69 - - [06/Feb/2014:09:34:11 +0800] "GET /content/tmp_tec/resource_content.jsp?oid=16777733 HTTP/1.1" 200 30842
42.156.137.69 - - [06/Feb/2014:09:34:11 +0800] "GET /content/tmp_tec/resource_content.jsp?oid=16777731 HTTP/1.1" 200 38436
42.156.136.69 - - [06/Feb/2014:09:34:40 +0800] "GET /content/tmp_exh/resource_content.jsp?oid=16777739&queryType=qc HTTP/1.1" 200 31655
42.156.137.69 - - [06/Feb/2014:09:34:47 +0800] "GET /content/subject/resource_content.jsp?oid=16777341&queryType=qc HTTP/1.1" 200 36178
124.219.27.161 - - [06/Feb/2014:09:35:31 +0800] "GET /content/repository/resource_content.jsp?oid=1590844 HTTP/1.1" 200 29006
124.219.27.161 - - [06/Feb/2014:09:35:32 +0800] "GET /content/nav/relationSubject.jsp?relationWords=%E7%B5%90%E8%AA%9E+%E8%8F%AF%E5%8D%97%E9%8A%80%E8%A1%8C+%E9%87%91%E8%9E%8D+%E9%A0%90%E7%AE%97+&oid=1590844 HTTP/1.1" 200 6409
42.120.161.69 - - [06/Feb/2014:09:36:40 +0800] "GET /content/subject/resource_content.jsp?oid=16777551&queryType=qc HTTP/1.1" 200 31236
42.156.139.69 - - [06/Feb/2014:09:37:53 +0800] "GET /content/subject/resource_content.jsp?oid=16777782&queryType=qc> HTTP/1.1" 200 48045
42.156.136.69 - - [06/Feb/2014:09:37:54 +0800] "GET /content/subject/resource_content.jsp?oid=16777769&queryType=qc> HTTP/1.1" 200 40392
42.156.138.69 - - [06/Feb/2014:09:38:10 +0800] "GET /content/subject/resource_content.jsp?oid=16777769&queryType=qc HTTP/1.1" 200 40392
42.156.137.69 - - [06/Feb/2014:09:38:25 +0800] "GET /content/subject/resource_content.jsp?oid=16777639&queryType=qc HTTP/1.1" 200 56079
42.120.161.69 - - [06/Feb/2014:09:38:25 +0800] "GET /content/subject/resource_content.jsp?oid=16777625&queryType=qc HTTP/1.1" 200 60702
42.156.139.69 - - [06/Feb/2014:09:38:35 +0800] "GET /content/subject/resource_content.jsp?oid=16777496&queryType=qc HTTP/1.1" 200 52161
42.156.136.69 - - [06/Feb/2014:09:38:37 +0800] "GET /content/subject/resource_content.jsp?oid=16777783&queryType=qc HTTP/1.1" 200 57243
66.249.77.172 - - [06/Feb/2014:09:38:47 +0800] "GET /content/repository/resource_content.jsp?oid=2150599&queryString=%E6%9D%BE%E6%9D%89%20%E6%9D%BE%E7%A7%91%20%E6%A4%8D%E7%89%A9%E7%95%8C%20%E6%AF%AC%E6%9E%9C%20%E7%BE%85%E6%BC%A2%E6%9D%BE%20%E7%BE%85%E6%BC%A2%E6%9D%BE%E5%B1%AC%20%E8%98%AD%E5%B6%BC%E7%BE%85%E6%BC%A2%E6%9D%BE HTTP/1.1" 200 30131
42.156.138.69 - - [06/Feb/2014:09:38:50 +0800] "GET /content/subject/resource_content.jsp?oid=16777472&queryType=qc HTTP/1.1" 200 63979
42.120.160.69 - - [06/Feb/2014:09:38:50 +0800] "GET /content/subject/resource_content.jsp?oid=16777773&queryType=qc> HTTP/1.1" 200 53843
42.156.137.69 - - [06/Feb/2014:09:38:59 +0800] "GET /content/subject/resource_content.jsp?oid=16777476&queryType=qc HTTP/1.1" 200 53281
42.120.161.69 - - [06/Feb/2014:09:38:59 +0800] "GET /content/subject/resource_content.jsp?oid=16777773&queryType=qc HTTP/1.1" 200 53843
42.156.139.69 - - [06/Feb/2014:09:39:17 +0800] "GET /content/subject/resource_content.jsp?oid=16777480&queryType=qc HTTP/1.1" 200 48166
42.156.136.69 - - [06/Feb/2014:09:39:18 +0800] "GET /content/subject/resource_content.jsp?oid=16777693&queryType=qc HTTP/1.1" 200 52909
42.156.138.69 - - [06/Feb/2014:09:39:28 +0800] "GET /content/subject/resource_content.jsp?oid=16777770&queryType=qc HTTP/1.1" 200 52887
66.249.77.62 - - [06/Feb/2014:09:39:29 +0800] "GET /digiarch3/content/repository/resource_content.jsp?oid=3205202&queryString=%E4%B8%AD%E5%BA%B8%20%E5%82%85%E6%96%AF%E5%B9%B4%E5%9C%96%E6%9B%B8%E9%A4%A8%20%E6%9B%B2%E8%AD%9C%20%E9%BB%83%E5%B8%9D%E5%85%A7%E7%B6%93%E7%B4%A0%E5%95%8F HTTP/1.1" 200 28796
66.249.74.113 - - [06/Feb/2014:09:39:33 +0800] "GET /content/nav/relationSubject.jsp?relationWords=%E6%9D%BE%E6%9D%89+%E6%9D%BE%E7%A7%91+%E6%A4%8D%E7%89%A9%E7%95%8C+%E6%AF%AC%E6%9E%9C+%E7%BE%85%E6%BC%A2%E6%9D%BE+%E7%BE%85%E6%BC%A2%E6%9D%BE%E5%B1%AC+%E8%98%AD%E5%B6%BC%E7%BE%85%E6%BC%A2%E6%9D%BE+&oid=2150599 HTTP/1.1" 200 4675
66.249.77.195 - - [06/Feb/2014:09:39:35 +0800] "GET /content/nav/relationSubject.jsp?relationWords=%E4%B8%81%E6%86%82+%E6%97%97%E6%BB%BF%E6%B4%B2+%E6%AD%A3%E7%B4%85%E6%97%97+&oid=2660150 HTTP/1.1" 200 4114
180.76.5.64 - - [06/Feb/2014:09:39:36 +0800] "GET /content/subject/resource_content.jsp?oid=16777480&queryType=qc HTTP/1.1" 200 48177
66.249.77.195 - - [06/Feb/2014:09:39:41 +0800] "GET /content/nav/relationSubject.jsp?relationWords=&oid=16777385 HTTP/1.1" 200 1413
42.120.161.69 - - [06/Feb/2014:09:39:45 +0800] "GET /content/subject/resource_content.jsp?oid=16777688&queryType=qc HTTP/1.1" 200 38219
42.156.137.69 - - [06/Feb/2014:09:39:45 +0800] "GET /content/subject/resource_content.jsp?oid=16777753&queryType=qc HTTP/1.1" 200 35836
42.156.139.69 - - [06/Feb/2014:09:39:58 +0800] "GET /content/tmp_auth/resource_content.jsp?oid=16777757 HTTP/1.1" 200 43311
42.156.136.69 - - [06/Feb/2014:09:39:58 +0800] "GET /content/subject/resource_content.jsp?oid=16777766&queryType=qc> HTTP/1.1" 200 49609
203.71.9.217 - - [06/Feb/2014:09:39:58 +0800] "GET /content/subject/resource_content.jsp?oid=16777769&queryType=qc HTTP/1.1" 200 40392
203.71.9.217 - - [06/Feb/2014:09:39:59 +0800] "GET /content/nav/relationSubject.jsp?relationWords=%E6%95%B8%E4%BD%8D%E5%85%B8%E8%97%8F+%E9%89%9B%E5%AD%97+%E9%8A%85%E6%A8%A1+&oid=16777769 HTTP/1.1" 200 11838
203.71.9.217 - - [06/Feb/2014:09:41:03 +0800] "GET /content/subject/resource_content.jsp?oid=16777769&queryString= HTTP/1.1" 200 40392
203.71.9.217 - - [06/Feb/2014:09:41:04 +0800] "GET /content/nav/relationSubject.jsp?relationWords=%E6%95%B8%E4%BD%8D%E5%85%B8%E8%97%8F+%E9%89%9B%E5%AD%97+%E9%8A%85%E6%A8%A1+&oid=16777769 HTTP/1.1" 200 11838
66.249.74.7 - - [06/Feb/2014:09:41:20 +0800] "GET /digiarch3/content/nav/relationSubject.jsp?relationWords=%E4%B8%AD%E5%BA%B8+%E5%8F%A4%E7%B1%8D+%E8%81%AF%E5%90%88%E7%9B%AE%E9%8C%84+&oid=3205202 HTTP/1.1" 200 3631
66.249.77.62 - - [06/Feb/2014:09:41:25 +0800] "GET /digiarch3/content/nav/relationSubject.jsp?relationWords=%E4%B8%AD%E5%BA%B8%20%E5%8F%A4%E7%B1%8D%20%E8%81%AF%E5%90%88%E7%9B%AE%E9%8C%84%20&oid=3205202 HTTP/1.1" 200 3631
42.156.139.69 - - [06/Feb/2014:09:41:28 +0800] "GET /content/subject/resource_content.jsp?oid=16777728&queryType=qc HTTP/1.1" 200 64196
42.156.137.69 - - [06/Feb/2014:09:42:14 +0800] "GET /digiarch_en/content/tmp_tec/resource_content.jsp?oid=16777728 HTTP/1.1" 200 52550
203.210.6.74 - - [06/Feb/2014:09:42:31 +0800] "GET /content/nav/relationSubject.jsp?relationWords=%E6%BC%94%E8%AE%8A+%E7%A6%AE%E6%9C%8D+&oid=16777619 HTTP/1.1" 200 3553
42.69.112.203 - - [06/Feb/2014:09:43:33 +0800] "GET /content/nav/relationSubject.jsp?relationWords=%E5%8F%B0%E7%81%A3%E6%AC%92%E6%A8%B9+%E8%8B%A6%E8%8B%93%E8%88%85+&oid=16777254 HTTP/1.1" 200 4293
66.249.77.62 - - [06/Feb/2014:09:45:26 +0800] "GET /digiarch3/content/subject/resource_content.jsp?oid=16777402&queryType=qc HTTP/1.1" 200 26862
65.55.55.231 - - [06/Feb/2014:09:45:52 +0800] "GET /content/repository/resource_content.jsp?oid=1517545 HTTP/1.1" 200 27877
66.249.77.8 - - [06/Feb/2014:09:46:11 +0800] "GET /content/pictures/picture_content.jsp?oid=33554742 HTTP/1.1" 200 26841
36.233.14.65 - - [06/Feb/2014:09:47:09 +0800] "GET /content/nav/relationSubject.jsp?relationWords=%E8%A5%BF%E8%9E%BA%E5%A4%A7%E6%A9%8B+&oid=16777581 HTTP/1.1" 200 8169
66.249.77.195 - - [06/Feb/2014:09:47:10 +0800] "GET /content/repository/resource_content.jsp?oid=2636687&queryString=%E5%B8%82%E5%83%B9%20%E7%94%98%E8%97%B7 HTTP/1.1" 200 29190
66.249.77.195 - - [06/Feb/2014:09:50:49 +0800] "GET /content/nav/relationSubject.jsp?relationWords=%E5%B8%82%E5%83%B9+%E5%B9%B3%E7%B3%B6+&oid=2636687 HTTP/1.1" 200 4417
66.249.77.62 - - [06/Feb/2014:09:51:15 +0800] "GET /digiarch3/content/nav/relationSubject.jsp?relationWords=%E9%98%BF%E5%8B%83%E5%8B%92%20&oid=16777402 HTTP/1.1" 200 2919
66.249.77.8 - - [06/Feb/2014:09:52:02 +0800] "GET /content/nav/relationSubject.jsp?relationWords=%E5%B0%96%E5%90%BB+&oid=33554742 HTTP/1.1" 200 3342
66.249.77.195 - - [06/Feb/2014:09:55:33 +0800] "GET /content/repository/resource_content.jsp?oid=2636740&queryString=%E5%BF%AB%E8%BB%8A%E6%A1%88%20%E6%AE%98%E5%BB%A2 HTTP/1.1" 200 28996
220.133.189.94 - - [06/Feb/2014:09:56:45 +0800] "GET /content/subject/resource_content.jsp?oid=16777299&queryType=null&queryString=%E9%9B%BB%E5%AD%90%E6%9B%B8 HTTP/1.1" 200 34467
220.133.189.94 - - [06/Feb/2014:09:56:45 +0800] "GET /content/nav/relationSubject.jsp?relationWords=%E8%A6%96%E8%A6%BA+&oid=16777299 HTTP/1.1" 200 3620
202.133.109.118 - - [06/Feb/2014:09:57:01 +0800] "GET /content/nav/relationSubject.jsp?relationWords=%E6%B8%85%E4%BB%A3%E7%A7%91%E8%88%89+%E7%A7%91%E8%88%89+%E9%AD%9A%E8%BA%8D+&oid=16777536 HTTP/1.1" 200 4909
114.33.58.164 - - [06/Feb/2014:09:57:10 +0800] "GET /content/nav/relationSubject.jsp?relationWords=%E5%B1%B1%E6%AB%BB%E8%8A%B1+&oid=16777304 HTTP/1.1" 200 4460
66.249.77.236 - - [06/Feb/2014:09:59:10 +0800] "GET /content/repository/resource_content.jsp?oid=2645943&queryString=%E6%B8%85%E4%BB%A3%E7%A7%91%E8%88%89%20%E7%A7%91%E8%88%89%20%E9%AD%9A%E8%BA%8D HTTP/1.1" 200 29060
112.104.128.176 - - [06/Feb/2014:10:01:06 +0800] "GET /content/nav/relationSubject.jsp?relationWords=%E5%B1%B1%E6%AB%BB%E8%8A%B1+&oid=16777304 HTTP/1.1" 200 4460
66.249.77.195 - - [06/Feb/2014:10:02:05 +0800] "GET /content/nav/relationSubject.jsp?relationWords=%E5%90%8F%E9%83%A8+%E6%AE%98%E5%BB%A2+&oid=2636740 HTTP/1.1" 200 3144
180.76.5.58 - - [06/Feb/2014:10:02:40 +0800] "GET /content/subject/resource_content.jsp?oid=16777381&queryType=qc HTTP/1.1" 200 36165
157.55.33.125 - - [06/Feb/2014:10:03:19 +0800] "GET /content/repository/resource_content.jsp?oid=1896525 HTTP/1.1" 200 28623
66.249.77.236 - - [06/Feb/2014:10:03:21 +0800] "GET /content/repository/resource_content.jsp?oid=1457470&queryType=qs&queryString=%E6%B4%8B%E7%8E%89%E8%98%AD HTTP/1.1" 200 29781
66.249.77.195 - - [06/Feb/2014:10:03:56 +0800] "GET /content/repository/resource_content.jsp?oid=2637057&queryString=%E5%85%AC%E5%91%8A%E5%9C%B0%E5%83%B9%20%E5%9C%9F%E5%9C%B0%E5%A2%9E%E5%80%BC%E7%A8%85%20%E6%88%BF%E5%B1%8B%E7%A8%85%20%E7%A8%85%E6%8D%90%20%E7%A8%85%E6%94%B6%20%E7%B4%84%E5%83%B1%E4%BA%BA%E5%93%A1 HTTP/1.1" 200 28834
157.55.34.26 - - [06/Feb/2014:10:04:20 +0800] "GET /content/nav/relationSubject.jsp?relationWords=%E5%98%89%E7%BE%A9%E9%86%AB%E9%99%A2+%E7%9C%81%E6%94%BF%E5%BA%9C+%E8%94%A1%E4%BB%81+%E8%A1%9B%E7%94%9F%E8%99%95+&oid=1896525 HTTP/1.1" 200 4615
66.249.74.162 - - [06/Feb/2014:10:05:06 +0800] "GET /content/subject/resource_content.jsp?oid=16777442&queryType=qc HTTP/1.1" 200 26881
66.249.77.195 - - [06/Feb/2014:10:06:18 +0800] "GET /content/subject/resource_content.jsp?oid=16777597 HTTP/1.1" 200 27132
123.125.71.70 - - [06/Feb/2014:10:06:30 +0800] "GET /content/repository/resource_content.jsp?oid=2549539 HTTP/1.1" 200 29162
112.104.128.176 - - [06/Feb/2014:10:06:40 +0800] "GET /content/subject/resource_content.jsp?oid=16777330&queryString=%E5%B1%B1%E6%AB%BB%E8%8A%B1 HTTP/1.1" 200 29466
112.104.128.176 - - [06/Feb/2014:10:06:40 +0800] "GET /content/nav/relationSubject.jsp?relationWords=%E5%B1%B1%E6%AB%BB%E8%8A%B1+&oid=16777330 HTTP/1.1" 200 4454
66.249.77.172 - - [06/Feb/2014:10:07:30 +0800] "GET /content/subject/resource_content.jsp?oid=16777783&queryType=qc%3E HTTP/1.1" 200 57247
66.249.77.195 - - [06/Feb/2014:10:08:18 +0800] "GET /content/subject/resource_content.jsp?oid=16777414 HTTP/1.1" 200 32071
66.249.77.195 - - [06/Feb/2014:10:10:19 +0800] "GET /content/tmp_exh/resource_content.jsp?oid=16777693&queryType=qc HTTP/1.1" 200 49650
66.249.74.221 - - [06/Feb/2014:10:10:33 +0800] "GET /content/subject/resource_content.jsp?oid=16777728&queryType=qc HTTP/1.1" 200 64196
66.249.74.162 - - [06/Feb/2014:10:11:29 +0800] "GET /content/nav/relationSubject.jsp?relationWords=%E6%9C%A8%E8%98%AD%E5%B1%AC%20%E6%9C%A8%E8%98%AD%E7%A7%91%20%E6%A4%8D%E7%89%A9%E7%95%8C%20%E6%B4%8B%E7%8E%89%E8%98%AD%20&oid=1457470 HTTP/1.1" 200 3646
117.56.232.13 - - [06/Feb/2014:10:11:56 +0800] "GET /content/repository/resource_content.jsp?oid=1579191 HTTP/1.1" 200 29736
117.56.233.7 - - [06/Feb/2014:10:12:03 +0800] "GET /content/nav/relationSubject.jsp?relationWords=%E5%A2%9E%E5%80%BC%E7%A8%85+%E5%B9%B3%E5%9D%87%E5%9C%B0%E6%AC%8A%E6%A2%9D%E4%BE%8B+%E6%9D%8E%E5%AD%98%E6%95%AC+%E6%B6%82%E9%BA%97%E7%94%9F+%E7%A8%85%E5%88%B6+%E7%A8%85%E6%94%B6+%E8%B3%AA%E8%A9%A2+%E9%84%AD%E5%AE%8B%E6%9F%B3+&oid=1579191 HTTP/1.1" 200 3879
66.249.77.8 - - [06/Feb/2014:10:12:19 +0800] "GET /content/repository/resource_content.jsp?oid=14538&queryString=%E4%B9%9D%E5%AD%94%E8%9E%BA%20%E7%89%A1%E8%A0%A3%20%E9%AE%91%E9%AD%9A HTTP/1.1" 200 32946
113.230.109.48 - - [06/Feb/2014:10:12:31 +0800] "GET /content/repository/resource_content.jsp?oid=566513 HTTP/1.1" 200 27349
113.230.109.48 - - [06/Feb/2014:10:12:42 +0800] "GET /content/nav/relationSubject.jsp?relationWords=%E5%92%A8%E6%98%8E+%E5%93%88%E9%87%91+%E5%BE%90%E9%BA%9F+%E8%A6%86%E8%AD%B0+%E9%87%91%E7%A4%A6+%E9%BA%BB%E5%93%88+&oid=566513 HTTP/1.1" 200 3564
66.249.77.8 - - [06/Feb/2014:10:13:09 +0800] "GET /content/nav/relationSubject.jsp?relationWords=%E7%89%A1%E8%A0%A3%E9%9A%B1%E9%AD%9A+%E9%9A%B1%E9%AD%9A%E7%A7%91+&oid=14538 HTTP/1.1" 200 3129
66.249.77.195 - - [06/Feb/2014:10:13:13 +0800] "GET /content/nav/relationSubject.jsp?relationWords=%E6%B5%81%E8%BD%89%E5%B9%B4%E8%8F%AF+&oid=16777609 HTTP/1.1" 200 3190
140.109.16.164 - - [06/Feb/2014:10:13:53 +0800] "GET /content/pictures/picture_content.jsp?oid=33554733&queryType=qc HTTP/1.1" 200 27332
140.109.16.164 - - [06/Feb/2014:10:13:53 +0800] "GET /content/nav/relationSubject.jsp?relationWords=%E7%9C%BC%E6%96%91%E6%B5%B7%E8%91%B5%E9%AD%9A+&oid=33554733 HTTP/1.1" 200 3193
180.76.6.156 - - [06/Feb/2014:10:14:11 +0800] "GET /content/subject/resource_content.jsp?oid=16777273&queryType=qc HTTP/1.1" 200 37359
66.249.77.195 - - [06/Feb/2014:10:14:20 +0800] "GET /content/subject/resource_content.jsp?oid=16777489&queryType=qc HTTP/1.1" 200 73937
66.249.74.162 - - [06/Feb/2014:10:15:05 +0800] "GET /content/subject/resource_content.jsp?oid=16777606&queryType=qc HTTP/1.1" 200 49913
66.249.77.195 - - [06/Feb/2014:10:15:09 +0800] "GET /content/tmp_exh/resource_content.jsp?oid=16777735&queryType=qc HTTP/1.1" 200 29857
157.55.33.26 - - [06/Feb/2014:10:15:29 +0800] "GET /content/subject/resource_content.jsp?oid=16777716&queryType=qc HTTP/1.1" 200 25259
66.249.77.195 - - [06/Feb/2014:10:15:43 +0800] "GET /content/nav/relationSubject.jsp?relationWords=%E9%BA%BB%E5%B8%83%E6%9E%87%E6%9D%B7%E8%9E%BA+&oid=33554866 HTTP/1.1" 200 3145
117.56.232.13 - - [06/Feb/2014:10:16:35 +0800] "GET /content/repository/resource_content.jsp?oid=1579191 HTTP/1.1" 200 29736
66.249.77.195 - - [06/Feb/2014:10:19:35 +0800] "GET /content/repository/resource_content.jsp?oid=1570965 HTTP/1.1" 200 28075
66.249.77.195 - - [06/Feb/2014:10:20:41 +0800] "GET /content/repository/resource_content.jsp?oid=2627600&queryString=%E9%81%93%E5%82%B3 HTTP/1.1" 200 28842
66.249.77.236 - - [06/Feb/2014:10:21:26 +0800] "GET /content/subject/resource_content.jsp?oid=16777479&queryType=qs&queryString=%E6%9C%A8%E8%98%AD%E7%A7%91 HTTP/1.1" 200 34729
118.233.229.34 - - [06/Feb/2014:10:24:19 +0800] "GET /content/repository/resource_content.jsp?oid=1104659 HTTP/1.1" 200 29662
118.233.229.34 - - [06/Feb/2014:10:24:20 +0800] "GET /content/nav/relationSubject.jsp?relationWords=%E6%8C%96%E8%80%B3%E8%8D%89+%E6%A4%8D%E7%89%A9%E7%95%8C+%E7%8B%B8%E8%97%BB+%E7%8B%B8%E8%97%BB%E5%B1%AC+%E7%8E%84%E5%8F%83+&oid=1104659 HTTP/1.1" 200 3414
66.249.74.221 - - [06/Feb/2014:10:24:22 +0800] "GET /content/nav/relationSubject.jsp?relationWords=%E4%B8%8A%E8%AB%AD+%E5%88%91%E9%83%A8+%E7%A7%BB%E6%9C%83+%E9%81%93%E5%82%B3+%E9%A3%AD%E4%BA%8B+&oid=2627600 HTTP/1.1" 200 3215
59.115.235.228 - - [06/Feb/2014:10:25:07 +0800] "GET /content/nav/relationSubject.jsp?relationWords=%E6%9C%A8%E7%8A%80+%E6%A1%82%E8%8A%B1+&oid=16777255 HTTP/1.1" 200 4037
175.182.128.110 - - [06/Feb/2014:10:25:13 +0800] "GET /content/nav/relationSubject.jsp?relationWords=%E5%B1%B1%E6%AB%BB%E8%8A%B1+&oid=16777304 HTTP/1.1" 200 4460
175.182.128.110 - - [06/Feb/2014:10:26:27 +0800] "GET /content/subject/resource_content.jsp?oid=16777519&queryString= HTTP/1.1" 200 35043
175.182.128.110 - - [06/Feb/2014:10:26:30 +0800] "GET /content/nav/relationSubject.jsp?relationWords=%E7%9B%B8%E6%80%9D%E6%A8%B9+&oid=16777519 HTTP/1.1" 200 3667
175.182.128.110 - - [06/Feb/2014:10:26:40 +0800] "GET /content/subject/resource_content.jsp?oid=16777493&queryString= HTTP/1.1" 200 47235
175.182.128.110 - - [06/Feb/2014:10:26:43 +0800] "GET /content/nav/relationSubject.jsp?relationWords=%E5%9D%AA%E6%9E%97%E7%A7%8B%E6%B5%B7%E6%A3%A0+%E7%A7%8B%E6%B5%B7%E6%A3%A0+&oid=16777493 HTTP/1.1" 200 4939
66.249.77.236 - - [06/Feb/2014:10:27:34 +0800] "GET /content/subject/resource_content.jsp?oid=16777468&queryType=qs&queryString=%E5%A5%B3%E9%9D%92%E5%B9%B4 HTTP/1.1" 200 32222
157.55.33.249 - - [06/Feb/2014:10:27:47 +0800] "GET /content/repository/resource_content.jsp?oid=1109447 HTTP/1.1" 200 28386
66.249.77.172 - - [06/Feb/2014:10:29:04 +0800] "GET /content/subject/resource_content.jsp?oid=16777770&queryType=qs&queryString=%E8%87%BA%E7%81%A3%E5%BA%9C HTTP/1.1" 200 52846
218.161.125.145 - - [06/Feb/2014:10:30:29 +0800] "GET /content/nav/relationSubject.jsp?relationWords=%E5%B1%B1%E6%AB%BB%E8%8A%B1+&oid=16777304 HTTP/1.1" 200 4460
61.63.253.237 - - [06/Feb/2014:10:32:47 +0800] "GET /content/repository/resource_content.jsp?oid=1536001 HTTP/1.1" 200 33196
61.63.253.237 - - [06/Feb/2014:10:32:55 +0800] "GET /content/nav/relationSubject.jsp?relationWords=%E5%8A%89%E9%82%A6+%E6%8A%80%E5%A3%AB+%E6%97%A5%E6%93%9A%E6%99%82%E4%BB%A3+%E6%9E%97%E9%A2%A8%E7%99%BC+%E6%BC%81%E6%9C%83+%E6%BC%81%E6%A5%AD%E6%AC%8A+%E6%BC%81%E6%A5%AD%E6%B3%95+%E6%BC%81%E7%AE%A1%E8%99%95+%E7%9C%81%E6%94%BF%E5%BA%9C+%E7%BD%B0%E9%8D%B0+%E8%99%95%E9%95%B7+%E8%B2%A2%E5%AF%AE%E9%84%89+%E9%87%91%E7%94%9F+&oid=1536001 HTTP/1.1" 200 4990
61.135.249.195 - - [06/Feb/2014:10:35:24 +0800] "GET /content/subject/resource_content.jsp?oid=16777660&queryType=qc HTTP/1.1" 200 69785
61.135.249.195 - - [06/Feb/2014:10:35:50 +0800] "GET /content/subject/resource_content.jsp?oid=16777619&queryType=qc HTTP/1.1" 200 77783
66.249.77.195 - - [06/Feb/2014:10:37:27 +0800] "GET /content/repository/resource_content.jsp?oid=2660150&queryString=%E4%B8%81%E6%86%82%20%E6%B5%B7%E6%BE%84%20%E9%BB%83%E4%BB%95%E7%B0%A1 HTTP/1.1" 200 29131
123.205.175.3 - - [06/Feb/2014:10:37:56 +0800] "GET /content/nav/relationSubject.jsp?relationWords=%E7%83%8F%E5%BF%83%E7%9F%B3+%E9%B1%B8%E9%B0%BB+&oid=16777303 HTTP/1.1" 200 4012
140.109.16.164 - - [06/Feb/2014:10:38:16 +0800] "GET /content/pictures/picture_content.jsp?oid=33554788&queryType=qc HTTP/1.1" 200 27078
140.109.16.164 - - [06/Feb/2014:10:38:16 +0800] "GET /content/nav/relationSubject.jsp?relationWords=%E8%A7%92%E7%AE%B1%E9%AD%A8+&oid=33554788 HTTP/1.1" 200 3447
66.249.77.195 - - [06/Feb/2014:10:38:46 +0800] "GET /content/repository/resource_content.jsp?oid=1105130 HTTP/1.1" 200 29625
220.128.251.2 - - [06/Feb/2014:10:39:10 +0800] "GET /content/subject/resource_content.jsp?oid=16777728 HTTP/1.1" 200 64196
220.128.251.2 - - [06/Feb/2014:10:39:14 +0800] "GET /content/nav/relationSubject.jsp?relationWords=&oid=16777728 HTTP/1.1" 200 1413
49.217.213.155 - - [06/Feb/2014:10:39:39 +0800] "GET /content/subject/resource_content.jsp?oid=16777695&queryString=%E5%9C%8B%E9%9A%9B%E6%9B%B8%E5%B1%95%20%E6%80%9D%E6%83%B3%20%E6%96%87%E6%98%9F%20%E7%9A%87%E8%BC%BF%20%E9%87%8D%E6%85%B6%E5%8D%97%E8%B7%AF HTTP/1.1" 200 31033
49.217.213.155 - - [06/Feb/2014:10:39:43 +0800] "GET /content/nav/relationSubject.jsp?relationWords=%E5%9C%8B%E9%9A%9B%E6%9B%B8%E5%B1%95+%E6%95%B8%E4%BD%8D%E5%85%B8%E8%97%8F+&oid=16777695 HTTP/1.1" 200 5952
66.249.77.236 - - [06/Feb/2014:10:39:48 +0800] "GET /content/subject/resource_content.jsp?oid=16777483&queryType=qs&queryString=%E6%97%A5%E6%9C%AC%E6%AE%96%E6%B0%91 HTTP/1.1" 200 42970
157.82.45.88 - - [06/Feb/2014:10:41:57 +0800] "GET /content/tmp_exh/resource_content.jsp?oid=16777789 HTTP/1.1" 200 40771
157.82.45.88 - - [06/Feb/2014:10:41:58 +0800] "GET /content/nav/relationSubject.jsp?relationWords=%E5%9C%8B%E9%9A%9B%E6%9B%B8%E5%B1%95+%E6%80%9D%E6%83%B3+%E6%96%87%E6%98%9F+%E7%9A%87%E8%BC%BF+%E9%87%8D%E6%85%B6%E5%8D%97%E8%B7%AF+&oid=16777789 HTTP/1.1" 200 5051
61.66.209.161 - - [06/Feb/2014:10:42:27 +0800] "GET /content/nav/relationSubject.jsp?relationWords=%E5%B1%B1%E6%AB%BB%E8%8A%B1+&oid=16777304 HTTP/1.1" 200 4460
66.249.77.195 - - [06/Feb/2014:10:43:19 +0800] "GET /digiarch_en/content/subject/resource_content.jsp?oid=16777287&queryString=%E7%99%BD%E5%8D%83%E5%B1%A4 HTTP/1.1" 200 28542
65.55.213.68 - - [06/Feb/2014:10:43:57 +0800] "GET /content/tmp_exh/resource_content.jsp?oid=16777789&queryType=qc HTTP/1.1" 200 40771
140.109.143.18 - - [06/Feb/2014:10:45:04 +0800] "GET /content/exhibit/exhibit.jsp?oid=16777752 HTTP/1.1" 200 24870
140.109.143.18 - - [06/Feb/2014:10:45:05 +0800] "GET /content/exhibit/exhibit_content.jsp?oid=16777752 HTTP/1.1" 200 16800
140.109.143.18 - - [06/Feb/2014:10:45:50 +0800] "GET /content/exhibit/exhibit.jsp?oid=16777751 HTTP/1.1" 200 24870
140.109.143.18 - - [06/Feb/2014:10:45:52 +0800] "GET /content/exhibit/exhibit_content.jsp?oid=16777751 HTTP/1.1" 200 17496
140.109.143.18 - - [06/Feb/2014:10:46:00 +0800] "GET /content/exhibit/exhibit.jsp?oid=16777685 HTTP/1.1" 200 24870
140.109.143.18 - - [06/Feb/2014:10:46:00 +0800] "GET /content/exhibit/exhibit_content.jsp?oid=16777685 HTTP/1.1" 200 16038
66.249.77.195 - - [06/Feb/2014:10:46:03 +0800] "GET /content/repository/resource_content.jsp?oid=1629911&queryString=%E8%91%97%E4%BD%9C%E6%AC%8A HTTP/1.1" 200 28030
60.249.235.66 - - [06/Feb/2014:10:46:08 +0800] "GET /content/nav/relationSubject.jsp?relationWords=&oid=16777459 HTTP/1.1" 200 1413
140.109.143.18 - - [06/Feb/2014:10:46:15 +0800] "GET /content/exhibit/exhibit.jsp?oid=16777684 HTTP/1.1" 200 24870
140.109.143.18 - - [06/Feb/2014:10:46:16 +0800] "GET /content/exhibit/exhibit_content.jsp?oid=16777684 HTTP/1.1" 200 14516
220.181.108.172 - - [06/Feb/2014:10:46:35 +0800] "GET /content/repository/resource_content.jsp?oid=2628071 HTTP/1.1" 200 28815
140.109.143.18 - - [06/Feb/2014:10:46:45 +0800] "GET /content/exhibit/exhibit.jsp?oid=16777684 HTTP/1.1" 200 24870
140.109.143.18 - - [06/Feb/2014:10:46:45 +0800] "GET /content/exhibit/exhibit_content.jsp?oid=16777684 HTTP/1.1" 200 14516
66.249.77.195 - - [06/Feb/2014:10:46:58 +0800] "GET /content/nav/relationSubject.jsp?relationWords=%E6%97%8B%E8%8A%B1%E7%A7%91+%E6%A4%8D%E7%89%A9%E7%95%8C+%E6%B5%B7%E7%89%BD%E7%89%9B+%E7%89%BD%E7%89%9B%E5%B1%AC+&oid=1105130 HTTP/1.1" 200 3158
66.249.77.195 - - [06/Feb/2014:10:47:02 +0800] "GET /digiarch_en/content/nav/relationSubject.jsp?relationWords=%E7%99%BD%E5%8D%83%E5%B1%A4%20&oid=16777287 HTTP/1.1" 200 3849
71.237.170.89 - - [06/Feb/2014:10:48:33 +0800] "GET /content/repository/resource_content.jsp?oid=1779925 HTTP/1.1" 200 28580
71.237.170.89 - - [06/Feb/2014:10:48:38 +0800] "GET /content/nav/relationSubject.jsp?relationWords=%E6%96%87%E5%8C%96%E8%97%9D%E8%A1%93+&oid=1779925 HTTP/1.1" 200 3712
112.120.16.173 - - [06/Feb/2014:10:48:41 +0800] "GET /content/nav/relationSubject.jsp?relationWords=%E5%B1%B1%E6%AB%BB%E8%8A%B1+&oid=16777304 HTTP/1.1" 200 4460
163.16.70.206 - - [06/Feb/2014:10:48:42 +0800] "GET /content/nav/relationSubject.jsp?relationWords=%E7%A9%97%E8%8A%B1%E5%B1%B1%E5%A5%88+%E9%87%8E%E8%96%91%E8%8A%B1+&oid=16777263 HTTP/1.1" 200 3292
66.249.77.195 - - [06/Feb/2014:10:49:11 +0800] "GET /content/repository/resource_content.jsp?oid=2667602&queryString=%E6%B7%AE%E6%B5%B7%20%E7%9B%88%E9%A4%98%20%E7%9F%AD%E5%B0%91%E4%BA%8B%20%E9%8A%80%E5%85%A9 HTTP/1.1" 200 29465
66.249.77.195 - - [06/Feb/2014:10:51:26 +0800] "GET /content/nav/relationSubject.jsp?relationWords=%E6%AC%8A%E5%88%A9%20%E8%91%97%E4%BD%9C%E6%AC%8A%E6%B3%95%20&oid=1629911 HTTP/1.1" 200 6612
118.161.86.116 - - [06/Feb/2014:10:51:32 +0800] "GET /content/nav/relationSubject.jsp?relationWords=%E5%B1%B1%E6%AB%BB%E8%8A%B1+&oid=16777304 HTTP/1.1" 200 4460
1.162.53.164 - - [06/Feb/2014:10:53:16 +0800] "GET /content/tmp_exh/resource_content.jsp?oid=16777789&queryString= HTTP/1.1" 200 40771
1.162.53.164 - - [06/Feb/2014:10:53:18 +0800] "GET /content/nav/relationSubject.jsp?relationWords=%E5%9C%8B%E9%9A%9B%E6%9B%B8%E5%B1%95+%E6%80%9D%E6%83%B3+%E6%96%87%E6%98%9F+%E7%9A%87%E8%BC%BF+%E9%87%8D%E6%85%B6%E5%8D%97%E8%B7%AF+&oid=16777789 HTTP/1.1" 200 5051
180.204.66.249 - - [06/Feb/2014:10:54:26 +0800] "GET /content/nav/relationSubject.jsp?relationWords=%E9%98%BF%E5%8B%83%E5%8B%92+&oid=16777368 HTTP/1.1" 200 2925
66.249.74.7 - - [06/Feb/2014:10:55:04 +0800] "GET /digiarch3/content/subject/resource_content.jsp?oid=16777601&queryType=qs&queryString=%E5%B8%AB%E7%AF%84%E5%A4%A7%E5%AD%B8 HTTP/1.1" 200 58088
180.204.66.249 - - [06/Feb/2014:10:55:04 +0800] "GET /content/subject/resource_content.jsp?oid=16777401&queryString=%E9%98%BF%E5%8B%83%E5%8B%92 HTTP/1.1" 200 27720
180.204.66.249 - - [06/Feb/2014:10:55:04 +0800] "GET /content/nav/relationSubject.jsp?relationWords=%E9%98%BF%E5%8B%83%E5%8B%92+&oid=16777401 HTTP/1.1" 200 2919
180.204.66.249 - - [06/Feb/2014:10:55:19 +0800] "GET /content/subject/resource_content.jsp?oid=16777402&queryString=%E9%98%BF%E5%8B%83%E5%8B%92 HTTP/1.1" 200 26902
180.204.66.249 - - [06/Feb/2014:10:55:20 +0800] "GET /content/nav/relationSubject.jsp?relationWords=%E9%98%BF%E5%8B%83%E5%8B%92+&oid=16777402 HTTP/1.1" 200 2919
36.235.52.206 - - [06/Feb/2014:10:56:33 +0800] "GET /content/nav/relationSubject.jsp?relationWords=%E5%8F%B0%E7%81%A3%E6%AC%92%E6%A8%B9+%E8%8B%A6%E8%8B%93%E8%88%85+&oid=16777254 HTTP/1.1" 200 4293
66.249.77.62 - - [06/Feb/2014:10:59:23 +0800] "GET /content/tmp_auth/resource_content.jsp?oid=16777372 HTTP/1.1" 200 26085
184.173.183.173 - - [06/Feb/2014:10:59:44 +0800] "GET /content/repository/resource_content.jsp?oid=1779925 HTTP/1.1" 200 28580
66.249.74.221 - - [06/Feb/2014:10:59:59 +0800] "GET /content/subject/resource_content.jsp?oid=16777731 HTTP/1.1" 200 42412
133.28.33.39 - - [06/Feb/2014:11:00:10 +0800] "GET /content/repository/resource_content.jsp?oid=2679702 HTTP/1.1" 200 29121
133.28.33.39 - - [06/Feb/2014:11:00:11 +0800] "GET /content/nav/relationSubject.jsp?relationWords=%E5%AF%A7%E9%99%9D%E9%8E%AE+&oid=2679702 HTTP/1.1" 200 2516
66.249.77.62 - - [06/Feb/2014:11:00:54 +0800] "GET /digiarch3/content/subject/resource_content.jsp?oid=16777633&queryType=qs&queryString=%E5%B8%AB%E7%AF%84%E5%A4%A7%E5%AD%B8 HTTP/1.1" 200 55602
1.162.53.164 - - [06/Feb/2014:11:00:58 +0800] "GET /content/tmp_exh/resource_content.jsp?oid=16777789&queryString= HTTP/1.1" 200 40771
1.162.53.164 - - [06/Feb/2014:11:00:59 +0800] "GET /content/nav/relationSubject.jsp?relationWords=%E5%9C%8B%E9%9A%9B%E6%9B%B8%E5%B1%95+%E6%80%9D%E6%83%B3+%E6%96%87%E6%98%9F+%E7%9A%87%E8%BC%BF+%E9%87%8D%E6%85%B6%E5%8D%97%E8%B7%AF+&oid=16777789 HTTP/1.1" 200 5051
118.163.167.79 - - [06/Feb/2014:11:01:48 +0800] "GET /content/subject/resource_content.jsp?oid=16777740 HTTP/1.1" 200 40310
66.249.77.195 - - [06/Feb/2014:11:01:55 +0800] "GET /content/repository/resource_content.jsp?oid=1567732 HTTP/1.1" 200 28140
118.163.167.79 - - [06/Feb/2014:11:01:57 +0800] "GET /content/nav/relationSubject.jsp?relationWords=%E6%BC%A2%E4%BB%A3+%E6%BC%A2%E7%B0%A1+%E7%95%AA%E7%A4%BE%E9%87%87%E9%A2%A8%E5%9C%96+%E7%B0%A1%E7%89%98+&oid=16777740 HTTP/1.1" 200 4648
66.249.77.8 - - [06/Feb/2014:11:03:01 +0800] "GET /content/pictures/picture_content.jsp?oid=33554790 HTTP/1.1" 200 26990
66.249.77.8 - - [06/Feb/2014:11:03:25 +0800] "GET /content/subject/resource_content.jsp?oid=16777307&queryType=qs&queryString=%E5%A4%A7%E5%AE%89%E6%A3%AE%E6%9E%97%E5%85%AC%E5%9C%92 HTTP/1.1" 200 36197
66.249.77.195 - - [06/Feb/2014:11:03:49 +0800] "GET /content/subject/resource_content.jsp?oid=16777290 HTTP/1.1" 200 24517
140.109.16.165 - - [06/Feb/2014:11:04:08 +0800] "GET /content/tmp_exh/resource_content.jsp?oid=16777763 HTTP/1.1" 200 30779
140.109.16.165 - - [06/Feb/2014:11:04:09 +0800] "GET /content/nav/relationSubject.jsp?relationWords=%E6%9E%97%E7%8D%BB%E5%A0%82+%E6%A5%8A%E8%82%87%E5%98%89+%E6%B2%88%E8%91%86%E7%A6%8E+%E8%A8%B1%E5%BF%97+%E9%95%B7%E8%B0%B7%E5%B7%9D%E6%B8%85+&oid=16777763 HTTP/1.1" 200 4346
66.249.77.195 - - [06/Feb/2014:11:04:13 +0800] "GET /content/subject/resource_content.jsp?oid=16777245 HTTP/1.1" 200 22473
66.249.77.172 - - [06/Feb/2014:11:05:04 +0800] "GET /content/subject/resource_content.jsp?oid=16777397&queryString=%E5%8D%97%E6%B9%96%E5%A4%A7%E5%B1%B1%20%E5%8D%97%E6%B9%96%E6%9D%9C%E9%B5%91%20%E6%9D%9C%E9%B5%91%20%E7%8E%89%E5%B1%B1%E6%9D%9C%E9%B5%91%20%E7%B4%B0%E8%91%89%20%E7%B4%B0%E8%91%89%E6%9D%9C%E9%B5%91%20%E8%A5%BF%E6%96%BD%20%E8%A5%BF%E6%96%BD%E8%8A%B1 HTTP/1.1" 200 28418
66.249.77.62 - - [06/Feb/2014:11:06:45 +0800] "GET /digiarch3/content/subject/resource_content.jsp?oid=16777657&queryType=qs&queryString=%E5%B8%AB%E7%AF%84%E5%A4%A7%E5%AD%B8 HTTP/1.1" 200 70762
66.249.77.195 - - [06/Feb/2014:11:07:21 +0800] "GET /content/nav/relationSubject.jsp?relationWords=%E7%9C%8B%E8%AD%B7%E5%A9%A6+%E8%AD%B7%E5%A3%AB+&oid=16777604 HTTP/1.1" 200 4053
66.249.77.195 - - [06/Feb/2014:11:07:26 +0800] "GET /digiarch_en/content/pictures/picture_content.jsp?oid=33554813 HTTP/1.1" 200 21355
66.249.77.62 - - [06/Feb/2014:11:07:35 +0800] "GET /digiarch3/content/nav/relationSubject.jsp?relationWords=%E6%9E%97%E7%A7%8B%E9%8C%A6%20%E8%94%A1%E5%9F%B9%E7%81%AB%20%E9%9F%B3%E6%A8%82%E6%9C%83%20&oid=16777657 HTTP/1.1" 200 3980
66.249.77.195 - - [06/Feb/2014:11:07:55 +0800] "GET /content/nav/relationSubject.jsp?relationWords=&oid=16777290 HTTP/1.1" 200 1413
