66.249.71.60 - - [05/Jul/2015:00:00:13 +0800] "GET /content/nav/relationSubject.jsp?relationWords=%E5%86%87%E6%A8%9F+%E6%A4%8D%E7%89%A9%E7%95%8C+%E6%A8%9F%E5%B1%AC+%E6%A8%9F%E7%A7%91+&oid=3814659 HTTP/1.1" 200 3173
66.249.71.64 - - [05/Jul/2015:00:00:15 +0800] "GET /content/nav/relationSubject.jsp?relationWords=%E5%86%87%E6%A8%9F%20%E6%A4%8D%E7%89%A9%E7%95%8C%20%E6%A8%9F%E5%B1%AC%20%E6%A8%9F%E7%A7%91%20&oid=3814659 HTTP/1.1" 200 3173
66.249.71.60 - - [05/Jul/2015:00:00:37 +0800] "GET /content/nav/relationSubject.jsp?relationWords=%E7%87%88%E5%BF%83%E8%8D%89+%E7%87%88%E5%BF%83%E8%8D%89%E5%B1%AC+&oid=1112071 HTTP/1.1" 200 3240
66.249.71.72 - - [05/Jul/2015:00:00:39 +0800] "GET /content/nav/relationSubject.jsp?relationWords=%E7%87%88%E5%BF%83%E8%8D%89%20%E7%87%88%E5%BF%83%E8%8D%89%E5%B1%AC%20&oid=1112071 HTTP/1.1" 200 3240
66.249.71.64 - - [05/Jul/2015:00:00:57 +0800] "GET /content/nav/relationSubject.jsp?relationWords=%E4%BA%AC%E5%85%86%E5%9C%96+%E7%9B%B4%E9%9A%B8%E7%9C%81+&oid=230326 HTTP/1.1" 200 3149
66.249.71.64 - - [05/Jul/2015:00:00:59 +0800] "GET /content/nav/relationSubject.jsp?relationWords=%E4%BA%AC%E5%85%86%E5%9C%96%20%E7%9B%B4%E9%9A%B8%E7%9C%81%20&oid=230326 HTTP/1.1" 200 3149
66.249.71.60 - - [05/Jul/2015:00:01:10 +0800] "GET /content/nav/relationSubject.jsp?relationWords=%E9%AA%A8%E7%AE%AD%E9%A0%AD+&oid=1872170 HTTP/1.1" 200 2990
66.249.71.64 - - [05/Jul/2015:00:01:12 +0800] "GET /content/nav/relationSubject.jsp?relationWords=%E9%AA%A8%E7%AE%AD%E9%A0%AD%20&oid=1872170 HTTP/1.1" 200 2990
66.249.71.127 - - [05/Jul/2015:00:01:24 +0800] "GET /content/repository/resource_content.jsp?oid=558385&queryType=qs&queryString=%E5%A4%B7%E5%95%86 HTTP/1.1" 200 28160
66.249.71.72 - - [05/Jul/2015:00:01:31 +0800] "GET /content/nav/relationSubject.jsp?relationWords=%E5%85%AC%E8%B7%AF%E5%B1%80+%E6%9D%8E%E5%BB%BA%E5%92%8C+%E7%9C%81%E9%81%93+%E7%9F%B3%E9%81%93+%E8%8A%B1%E6%9D%B1%E5%85%AC%E8%B7%AF+%E8%98%87%E5%85%AC+%E8%AD%A6%E5%8B%99%E8%99%95+%E8%B3%AA%E8%A9%A2+%E9%87%91%E7%93%9C%E7%9F%B3+%E9%90%B5%E8%B7%AF%E5%B1%80+%E9%A6%AC%E6%9C%89%E5%B2%B3+&oid=1549225 HTTP/1.1" 200 3855
123.125.71.43 - - [05/Jul/2015:00:01:31 +0800] "GET /content/pictures/picture_content.jsp?oid=33554790&queryType=qc HTTP/1.1" 200 27623
66.249.71.64 - - [05/Jul/2015:00:01:33 +0800] "GET /content/nav/relationSubject.jsp?relationWords=%E5%85%AC%E8%B7%AF%E5%B1%80%20%E6%9D%8E%E5%BB%BA%E5%92%8C%20%E7%9C%81%E9%81%93%20%E7%9F%B3%E9%81%93%20%E8%8A%B1%E6%9D%B1%E5%85%AC%E8%B7%AF%20%E8%98%87%E5%85%AC%20%E8%AD%A6%E5%8B%99%E8%99%95%20%E8%B3%AA%E8%A9%A2%20%E9%87%91%E7%93%9C%E7%9F%B3%20%E9%90%B5%E8%B7%AF%E5%B1%80%20%E9%A6%AC%E6%9C%89%E5%B2%B3%20&oid=1549225 HTTP/1.1" 200 3855
123.125.71.89 - - [05/Jul/2015:00:01:42 +0800] "GET /content/nav/relationSubject.jsp?relationWords=%E6%A2%9D%E7%B4%8B%E8%BA%84%E9%AD%9A+&oid=33554790 HTTP/1.1" 200 3148
66.249.71.60 - - [05/Jul/2015:00:01:53 +0800] "GET /digiarch_en/content/nav/relationSubject.jsp?relationWords=%E5%9C%8B%E6%A8%82+%E6%96%87%E5%8C%96%E8%97%9D%E8%A1%93+%E9%81%8A%E8%97%9D%E5%A0%B4+&oid=1574582 HTTP/1.1" 200 5393
66.249.71.64 - - [05/Jul/2015:00:01:54 +0800] "GET /digiarch_en/content/nav/relationSubject.jsp?relationWords=%E5%9C%8B%E6%A8%82%20%E6%96%87%E5%8C%96%E8%97%9D%E8%A1%93%20%E9%81%8A%E8%97%9D%E5%A0%B4%20&oid=1574582 HTTP/1.1" 200 5393
66.249.71.72 - - [05/Jul/2015:00:02:07 +0800] "GET /digiarch_en/content/nav/relationSubject.jsp?relationWords=%E5%9C%8B%E9%9A%9B%E6%9B%B8%E5%B1%95+%E6%95%B8%E4%BD%8D%E5%85%B8%E8%97%8F+%E6%95%B8%E4%BD%8D%E5%AD%B8%E7%BF%92+%E7%A7%91%E6%8A%80+%E8%A6%96%E8%A6%BA%E8%A8%AD%E8%A8%88+&oid=16777442 HTTP/1.1" 200 14122
66.249.71.72 - - [05/Jul/2015:00:02:09 +0800] "GET /digiarch_en/content/nav/relationSubject.jsp?relationWords=%E5%9C%8B%E9%9A%9B%E6%9B%B8%E5%B1%95%20%E6%95%B8%E4%BD%8D%E5%85%B8%E8%97%8F%20%E6%95%B8%E4%BD%8D%E5%AD%B8%E7%BF%92%20%E7%A7%91%E6%8A%80%20%E8%A6%96%E8%A6%BA%E8%A8%AD%E8%A8%88%20&oid=16777442 HTTP/1.1" 200 14122
220.181.108.108 - - [05/Jul/2015:00:03:27 +0800] "GET /content/tmp_exh/resource_content.jsp?oid=16777719&queryString= HTTP/1.1" 200 35386
66.249.71.119 - - [05/Jul/2015:00:03:41 +0800] "GET /content/repository/resource_content.jsp?oid=2630066&queryType=qs&queryString=%E8%BB%8A%E5%85%8B HTTP/1.1" 200 28943
220.181.108.82 - - [05/Jul/2015:00:03:41 +0800] "GET /content/nav/relationSubject.jsp?relationWords=%E5%BB%B6%E9%97%93+%E8%AD%9A%E5%BB%B6%E9%97%93+&oid=16777719 HTTP/1.1" 200 3966
66.249.71.14 - - [05/Jul/2015:00:03:54 +0800] "GET /digiarch3/content/nav/relationSubject.jsp?relationWords=%E7%96%8A%E6%B3%A2%E8%93%8B%E5%88%BA%E9%AD%9A%20%E8%93%8B%E5%88%BA%E9%AD%9A%20%E8%97%8D%E7%B4%8B%E7%A5%9E%E4%BB%99%20&oid=15562 HTTP/1.1" 200 3514
66.249.71.64 - - [05/Jul/2015:00:04:26 +0800] "GET /content/nav/relationSubject.jsp?relationWords=%E5%BF%8D%E5%86%AC%E7%A7%91+%E6%A4%8D%E7%89%A9%E7%95%8C+&oid=1460750 HTTP/1.1" 200 1425
66.249.71.64 - - [05/Jul/2015:00:04:28 +0800] "GET /content/nav/relationSubject.jsp?relationWords=%E5%BF%8D%E5%86%AC%E7%A7%91%20%E6%A4%8D%E7%89%A9%E7%95%8C%20&oid=1460750 HTTP/1.1" 200 1425
66.249.71.60 - - [05/Jul/2015:00:04:32 +0800] "GET /content/nav/relationSubject.jsp?relationWords=%E6%A9%8B%E5%BD%A2%E7%9F%B3%E5%99%A8+&oid=1851963 HTTP/1.1" 200 3017
66.249.71.64 - - [05/Jul/2015:00:04:34 +0800] "GET /content/nav/relationSubject.jsp?relationWords=%E7%94%A8%E6%B0%B4%E6%A1%88+%E9%A3%B2%E7%94%A8%E6%B0%B4+&oid=1570511 HTTP/1.1" 200 7241
66.249.71.64 - - [05/Jul/2015:00:04:35 +0800] "GET /content/nav/relationSubject.jsp?relationWords=%E6%A9%8B%E5%BD%A2%E7%9F%B3%E5%99%A8%20&oid=1851963 HTTP/1.1" 200 3017
66.249.71.64 - - [05/Jul/2015:00:04:36 +0800] "GET /content/nav/relationSubject.jsp?relationWords=%E7%94%A8%E6%B0%B4%E6%A1%88%20%E9%A3%B2%E7%94%A8%E6%B0%B4%20&oid=1570511 HTTP/1.1" 200 7241
66.249.71.3 - - [05/Jul/2015:00:04:39 +0800] "GET /content/nav/relationSubject.jsp?relationWords=%E4%B8%89%E6%AC%8A%E5%88%86%E7%AB%8B+%E4%BA%BA%E6%B0%91%E5%9C%98%E9%AB%94+%E5%85%AC%E5%82%B5+%E5%85%AC%E5%8B%99%E4%BA%BA%E5%93%A1+%E5%85%AC%E5%8B%99%E5%93%A1+%E5%85%AC%E5%AE%B3+%E5%8F%B8%E6%B3%95%E6%A9%9F%E9%97%9C+%E5%9C%8B%E6%B0%91%E9%BB%A8+%E6%94%BF%E5%BA%9C%E6%A9%9F%E9%97%9C+%E6%94%BF%E9%BB%A8+%E6%AA%A2%E5%AF%9F%E5%AE%98+%E6%B0%91%E9%80%B2%E9%BB%A8+%E6%BC%81%E6%9C%83+%E7%92%B0%E5%A2%83%E4%BF%9D%E8%AD%B7+%E7%9C%81%E6%94%BF%E5%BA%9C+%E7%9C%81%E8%AD%B0%E6%9C%83+%E7%AB%8B%E6%B3%95%E6%AC%8A+%E7%AB%8B%E6%B3%95%E9%99%A2+%E7%B3%A7%E9%A3%9F%E5%B1%80+%E8%87%BA%E5%8C%97%E5%B8%82+%E8%87%BA%E7%81%A3%E7%9C%81+%E8%8E%8A%E5%A7%AC+%E8%8F%B8%E9%85%92%E5%85%AC%E8%B3%A3+%E8%98%87%E8%B2%9E%E6%98%8C+%E8%AD%A6%E5%AF%9F+%E8%AD%B0%E9%95%B7+%E8%B3%AA%E8%A9%A2+%E8%BE%B2%E4%BF%9D+%E9%98%B2%E6%B4%AA+%E9%A0%90%E7%AE%97+%E9%AB%98%E9%9B%84%E5%B8%82+&oid=1610909 HTTP/1.1" 200 6935
66.249.71.119 - - [05/Jul/2015:00:04:42 +0800] "GET /content/nav/relationSubject.jsp?relationWords=%E4%B8%89%E6%AC%8A%E5%88%86%E7%AB%8B%20%E4%BA%BA%E6%B0%91%E5%9C%98%E9%AB%94%20%E5%85%AC%E5%82%B5%20%E5%85%AC%E5%8B%99%E4%BA%BA%E5%93%A1%20%E5%85%AC%E5%8B%99%E5%93%A1%20%E5%85%AC%E5%AE%B3%20%E5%8F%B8%E6%B3%95%E6%A9%9F%E9%97%9C%20%E5%9C%8B%E6%B0%91%E9%BB%A8%20%E6%94%BF%E5%BA%9C%E6%A9%9F%E9%97%9C%20%E6%94%BF%E9%BB%A8%20%E6%AA%A2%E5%AF%9F%E5%AE%98%20%E6%B0%91%E9%80%B2%E9%BB%A8%20%E6%BC%81%E6%9C%83%20%E7%92%B0%E5%A2%83%E4%BF%9D%E8%AD%B7%20%E7%9C%81%E6%94%BF%E5%BA%9C%20%E7%9C%81%E8%AD%B0%E6%9C%83%20%E7%AB%8B%E6%B3%95%E6%AC%8A%20%E7%AB%8B%E6%B3%95%E9%99%A2%20%E7%B3%A7%E9%A3%9F%E5%B1%80%20%E8%87%BA%E5%8C%97%E5%B8%82%20%E8%87%BA%E7%81%A3%E7%9C%81%20%E8%8E%8A%E5%A7%AC%20%E8%8F%B8%E9%85%92%E5%85%AC%E8%B3%A3%20%E8%98%87%E8%B2%9E%E6%98%8C%20%E8%AD%A6%E5%AF%9F%20%E8%AD%B0%E9%95%B7%20%E8%B3%AA%E8%A9%A2%20%E8%BE%B2%E4%BF%9D%20%E9%98%B2%E6%B4%AA%20%E9%A0%90%E7%AE%97%20%E9%AB%98%E9%9B%84%E5%B8%82%20&oid=1610909 HTTP/1.1" 200 6935
66.249.71.64 - - [05/Jul/2015:00:04:48 +0800] "GET /content/nav/relationSubject.jsp?relationWords=%E4%B8%89%E4%B8%8A+%E5%9C%8B%E5%9C%96+%E6%96%B9%E5%BF%97+%E8%87%BA%E7%81%A3%E8%BB%8D%E8%A8%98+&oid=1195070 HTTP/1.1" 200 5162
66.249.71.64 - - [05/Jul/2015:00:04:51 +0800] "GET /content/nav/relationSubject.jsp?relationWords=%E4%B8%89%E4%B8%8A%20%E5%9C%8B%E5%9C%96%20%E6%96%B9%E5%BF%97%20%E8%87%BA%E7%81%A3%E8%BB%8D%E8%A8%98%20&oid=1195070 HTTP/1.1" 200 5162
66.249.71.64 - - [05/Jul/2015:00:05:09 +0800] "GET /content/nav/relationSubject.jsp?relationWords=%E9%BE%9C%E8%85%B9%E7%94%B2+&oid=1837929 HTTP/1.1" 200 3026
66.249.71.60 - - [05/Jul/2015:00:05:11 +0800] "GET /content/nav/relationSubject.jsp?relationWords=%E9%BE%9C%E8%85%B9%E7%94%B2%20&oid=1837929 HTTP/1.1" 200 3026
66.249.71.14 - - [05/Jul/2015:00:05:42 +0800] "GET /digiarch3/content/nav/relationSubject.jsp?relationWords=%E5%8F%A4%E5%9C%B0%E5%9C%96+&oid=1776659 HTTP/1.1" 200 3988
66.249.71.14 - - [05/Jul/2015:00:05:44 +0800] "GET /digiarch3/content/nav/relationSubject.jsp?relationWords=%E5%8F%A4%E5%9C%B0%E5%9C%96%20&oid=1776659 HTTP/1.1" 200 3988
66.249.71.23 - - [05/Jul/2015:00:05:56 +0800] "GET /digiarch/content/repository/resource_content.jsp?oid=2517360 HTTP/1.1" 404 14873
66.249.71.60 - - [05/Jul/2015:00:06:03 +0800] "GET /content/nav/relationSubject.jsp?relationWords=%E6%A0%B2%E5%B1%AC+%E6%A4%8D%E7%89%A9%E7%95%8C+%E6%AE%BC%E6%96%97%E7%A7%91+%E9%95%B7%E5%B0%BE%E5%B0%96%E8%91%89%E6%AB%A7+&oid=1115023 HTTP/1.1" 200 3523
66.249.71.72 - - [05/Jul/2015:00:06:04 +0800] "GET /content/nav/relationSubject.jsp?relationWords=%E6%A0%B2%E5%B1%AC%20%E6%A4%8D%E7%89%A9%E7%95%8C%20%E6%AE%BC%E6%96%97%E7%A7%91%20%E9%95%B7%E5%B0%BE%E5%B0%96%E8%91%89%E6%AB%A7%20&oid=1115023 HTTP/1.1" 200 3523
66.249.71.3 - - [05/Jul/2015:00:06:41 +0800] "GET /content/nav/relationSubject.jsp?relationWords=%E5%9F%8E%E5%9F%BA+%E5%9F%A7%E4%BA%8B+&oid=2643168 HTTP/1.1" 200 3089
66.249.71.72 - - [05/Jul/2015:00:06:51 +0800] "GET /content/nav/relationSubject.jsp?relationWords=%E6%9D%BF%E6%A9%9F%E9%AD%A8+%E7%B4%85%E5%B0%BE+%E8%A7%92%E9%B1%97%E9%AD%A8+%E9%B1%97%E9%AD%A8%E7%A7%91+&oid=16476 HTTP/1.1" 200 3547
66.249.71.60 - - [05/Jul/2015:00:06:53 +0800] "GET /content/nav/relationSubject.jsp?relationWords=%E6%9D%BF%E6%A9%9F%E9%AD%A8%20%E7%B4%85%E5%B0%BE%20%E8%A7%92%E9%B1%97%E9%AD%A8%20%E9%B1%97%E9%AD%A8%E7%A7%91%20&oid=16476 HTTP/1.1" 200 3547
66.249.71.119 - - [05/Jul/2015:00:07:03 +0800] "GET /content/nav/relationSubject.jsp?relationWords=%E5%9F%8E%E5%9F%BA%20%E5%9F%A7%E4%BA%8B%20&oid=2643168 HTTP/1.1" 200 3089
66.249.71.3 - - [05/Jul/2015:00:07:13 +0800] "GET /content/nav/relationSubject.jsp?relationWords=%E5%BB%BA%E9%86%AE+&oid=4364147 HTTP/1.1" 200 2836
66.249.71.119 - - [05/Jul/2015:00:07:25 +0800] "GET /content/nav/relationSubject.jsp?relationWords=%E6%B5%81%E8%BD%89%E5%B9%B4%E8%8F%AF%20&oid=16777578 HTTP/1.1" 200 3220
66.249.71.54 - - [05/Jul/2015:00:07:30 +0800] "GET /content/nav/relationSubject.jsp?relationWords=%E7%9F%B3%E5%9F%A7+%E9%8A%80%E5%85%A9+&oid=2688444 HTTP/1.1" 200 5400
66.249.71.36 - - [05/Jul/2015:00:07:32 +0800] "GET /content/nav/relationSubject.jsp?relationWords=%E7%9F%B3%E5%9F%A7%20%E9%8A%80%E5%85%A9%20&oid=2688444 HTTP/1.1" 200 5400
66.249.71.72 - - [05/Jul/2015:00:08:10 +0800] "GET /content/nav/relationSubject.jsp?relationWords=%E5%B7%A5%E4%BD%9C%E6%A1%88+&oid=1586230 HTTP/1.1" 200 3559
66.249.71.64 - - [05/Jul/2015:00:08:13 +0800] "GET /content/nav/relationSubject.jsp?relationWords=%E5%B7%A5%E4%BD%9C%E6%A1%88%20&oid=1586230 HTTP/1.1" 200 3559
66.249.71.14 - - [05/Jul/2015:00:08:14 +0800] "GET /digiarch/content/repository/resource_content.jsp?oid=1850024 HTTP/1.1" 404 14873
66.249.71.64 - - [05/Jul/2015:00:09:02 +0800] "GET /content/nav/relationSubject.jsp?relationWords=%E8%8B%A7%E9%BA%BB%E5%B1%AC%20%E8%8F%AF%E5%8D%97%E8%8B%A7%E9%BA%BB%20&oid=1115529 HTTP/1.1" 200 3142
66.249.71.60 - - [05/Jul/2015:00:09:15 +0800] "GET /content/nav/relationSubject.jsp?relationWords=%E5%8D%97%E5%A4%A9%E8%8C%84+%E5%8D%B0%E5%BA%A6%E8%8C%84+%E8%8C%84%E5%B1%AC+&oid=1111571 HTTP/1.1" 200 3180
66.249.71.64 - - [05/Jul/2015:00:09:19 +0800] "GET /content/nav/relationSubject.jsp?relationWords=%E5%8D%97%E5%A4%A9%E8%8C%84%20%E5%8D%B0%E5%BA%A6%E8%8C%84%20%E8%8C%84%E5%B1%AC%20&oid=1111571 HTTP/1.1" 200 3180
66.249.71.72 - - [05/Jul/2015:00:09:20 +0800] "GET /content/nav/relationSubject.jsp?relationWords=%E5%8A%89%E6%B4%AA+%E5%B7%A1%E6%92%AB+%E8%AD%B7%E7%90%86+&oid=2542541 HTTP/1.1" 200 4035
66.249.71.72 - - [05/Jul/2015:00:09:21 +0800] "GET /content/nav/relationSubject.jsp?relationWords=%E5%8A%89%E6%B4%AA%20%E5%B7%A1%E6%92%AB%20%E8%AD%B7%E7%90%86%20&oid=2542541 HTTP/1.1" 200 4035
220.181.108.156 - - [05/Jul/2015:00:09:39 +0800] "GET /content/repository/resource_content.jsp?oid=1124023&queryType=qc HTTP/1.1" 200 36651
115.43.142.251 - - [05/Jul/2015:00:09:55 +0800] "GET /content/subject/resource_content.jsp?oid=16777769&queryType=qc HTTP/1.1" 200 41381
115.43.142.251 - - [05/Jul/2015:00:09:56 +0800] "GET /content/nav/relationSubject.jsp?relationWords=%E6%95%B8%E4%BD%8D%E5%85%B8%E8%97%8F+%E9%89%9B%E5%AD%97+%E9%8A%85%E6%A8%A1+&oid=16777769 HTTP/1.1" 200 11830
66.249.71.14 - - [05/Jul/2015:00:10:30 +0800] "GET /digiarch/content/repository/resource_content.jsp?oid=2539821 HTTP/1.1" 404 14873
66.249.71.60 - - [05/Jul/2015:00:11:03 +0800] "GET /content/nav/relationSubject.jsp?relationWords=%E5%9C%96%E9%9B%86%E5%90%8D+%E5%9C%B0%E5%BD%A2%E5%9C%96+&oid=173648 HTTP/1.1" 200 3096
66.249.71.127 - - [05/Jul/2015:00:11:53 +0800] "GET /content/nav/relationSubject.jsp?relationWords=%E6%B3%95%E8%9E%BA+%E8%97%8F%E6%97%8F+&oid=4364231 HTTP/1.1" 200 3286
66.249.71.64 - - [05/Jul/2015:00:12:19 +0800] "GET /content/nav/relationSubject.jsp?relationWords=%E6%8E%92%E6%B0%B4%E5%B7%A5%E7%A8%8B+%E7%A5%9E%E5%B2%A1+%E8%87%BA%E4%B8%AD%E7%B8%A3+%E8%A1%9B%E7%94%9F%E8%99%95+&oid=1546261 HTTP/1.1" 200 4997
66.249.71.60 - - [05/Jul/2015:00:12:23 +0800] "GET /content/nav/relationSubject.jsp?relationWords=%E6%8E%92%E6%B0%B4%E5%B7%A5%E7%A8%8B%20%E7%A5%9E%E5%B2%A1%20%E8%87%BA%E4%B8%AD%E7%B8%A3%20%E8%A1%9B%E7%94%9F%E8%99%95%20&oid=1546261 HTTP/1.1" 200 4997
66.249.71.60 - - [05/Jul/2015:00:12:29 +0800] "GET /content/nav/relationSubject.jsp?relationWords=%E5%8D%81%E5%AD%97%E8%8A%B1%E7%A7%91+%E6%A4%8D%E7%89%A9%E7%95%8C+%E6%BF%B1%E8%90%8A%E8%8F%94+%E8%90%8A%E8%8F%94%E5%B1%AC+%E9%9B%99%E5%AD%90%E8%91%89%E6%A4%8D%E7%89%A9+&oid=1100473 HTTP/1.1" 200 3437
66.249.71.64 - - [05/Jul/2015:00:12:32 +0800] "GET /content/nav/relationSubject.jsp?relationWords=%E5%8D%81%E5%AD%97%E8%8A%B1%E7%A7%91%20%E6%A4%8D%E7%89%A9%E7%95%8C%20%E6%BF%B1%E8%90%8A%E8%8F%94%20%E8%90%8A%E8%8F%94%E5%B1%AC%20%E9%9B%99%E5%AD%90%E8%91%89%E6%A4%8D%E7%89%A9%20&oid=1100473 HTTP/1.1" 200 3437
66.249.71.64 - - [05/Jul/2015:00:12:39 +0800] "GET /content/nav/relationSubject.jsp?relationWords=%E6%9F%84%E7%9C%BC%E7%9B%AE+%E8%85%B9%E8%B6%B3%E7%B6%B1+%E8%8D%89%E5%8C%85%E8%9D%B8%E7%89%9B+&oid=1886994 HTTP/1.1" 200 3237
66.249.71.72 - - [05/Jul/2015:00:12:41 +0800] "GET /content/nav/relationSubject.jsp?relationWords=%E6%9F%84%E7%9C%BC%E7%9B%AE%20%E8%85%B9%E8%B6%B3%E7%B6%B1%20%E8%8D%89%E5%8C%85%E8%9D%B8%E7%89%9B%20&oid=1886994 HTTP/1.1" 200 3237
66.249.71.23 - - [05/Jul/2015:00:12:47 +0800] "GET /content/repository/resource_content.jsp?oid=4363052&queryType=qs&queryString=%E4%B8%AD%E5%85%83 HTTP/1.1" 200 40121
66.249.71.72 - - [05/Jul/2015:00:12:52 +0800] "GET /content/nav/relationSubject.jsp?relationWords=%E5%AE%89%E5%85%A8%E6%A1%88+%E5%BA%9C%E5%BB%BA%E6%B0%B4+%E6%B0%B4%E5%AD%97+%E7%9F%B3%E9%96%80%E6%B0%B4%E5%BA%AB+&oid=1572382 HTTP/1.1" 200 4608
66.249.71.72 - - [05/Jul/2015:00:12:54 +0800] "GET /content/nav/relationSubject.jsp?relationWords=%E5%AE%89%E5%85%A8%E6%A1%88%20%E5%BA%9C%E5%BB%BA%E6%B0%B4%20%E6%B0%B4%E5%AD%97%20%E7%9F%B3%E9%96%80%E6%B0%B4%E5%BA%AB%20&oid=1572382 HTTP/1.1" 200 4608
66.249.71.60 - - [05/Jul/2015:00:13:06 +0800] "GET /content/nav/relationSubject.jsp?relationWords=%E7%AB%B9%E5%8D%97%E9%8E%AE%20&oid=1563997 HTTP/1.1" 200 4786
110.26.144.10 - - [05/Jul/2015:00:13:16 +0800] "GET /content/nav/relationSubject.jsp?relationWords=%E7%99%BD%E5%8D%83%E5%B1%A4+&oid=16777287 HTTP/1.1" 200 3852
66.249.71.64 - - [05/Jul/2015:00:13:35 +0800] "GET /content/nav/relationSubject.jsp?relationWords=&oid=4589157 HTTP/1.1" 200 1405
66.249.71.127 - - [05/Jul/2015:00:13:36 +0800] "GET /content/nav/relationSubject.jsp?relationWords=%E5%85%AC%E7%AB%8B%E5%AD%B8%E6%A0%A1+%E5%9C%B0%E6%96%B9%E8%87%AA%E6%B2%BB+%E5%A4%A7%E5%B0%88%E9%99%A2%E6%A0%A1+%E5%B0%88%E7%A7%91+%E6%83%A1%E6%80%A7%E8%A3%9C%E7%BF%92+%E6%86%B2%E6%B3%95+%E6%95%99%E8%82%B2%E5%BB%B3+%E6%96%B0%E7%94%9F%E5%A0%B1+%E6%A0%A1%E8%88%8D+%E7%A7%81%E7%AB%8B%E5%AD%B8%E6%A0%A1+%E8%81%B7%E6%A0%A1+%E8%87%BA%E7%81%A3%E7%B6%93%E6%BF%9F+%E9%A0%90%E7%AE%97+&oid=1565456 HTTP/1.1" 200 5822
66.249.71.127 - - [05/Jul/2015:00:13:38 +0800] "GET /content/nav/relationSubject.jsp?relationWords=%E5%85%AC%E7%AB%8B%E5%AD%B8%E6%A0%A1%20%E5%9C%B0%E6%96%B9%E8%87%AA%E6%B2%BB%20%E5%A4%A7%E5%B0%88%E9%99%A2%E6%A0%A1%20%E5%B0%88%E7%A7%91%20%E6%83%A1%E6%80%A7%E8%A3%9C%E7%BF%92%20%E6%86%B2%E6%B3%95%20%E6%95%99%E8%82%B2%E5%BB%B3%20%E6%96%B0%E7%94%9F%E5%A0%B1%20%E6%A0%A1%E8%88%8D%20%E7%A7%81%E7%AB%8B%E5%AD%B8%E6%A0%A1%20%E8%81%B7%E6%A0%A1%20%E8%87%BA%E7%81%A3%E7%B6%93%E6%BF%9F%20%E9%A0%90%E7%AE%97%20&oid=1565456 HTTP/1.1" 200 5822
66.249.71.127 - - [05/Jul/2015:00:13:41 +0800] "GET /content/nav/relationSubject.jsp?relationWords=%E4%B8%AD%E5%A4%AE%E6%9B%B8%E5%B1%80+%E4%B8%AD%E7%AD%89%E5%AD%B8%E6%A0%A1+%E4%BA%9E%E6%B4%B2%E5%BD%B1%E5%B1%95+%E5%88%9D%E4%B8%AD+%E5%9C%8B%E6%A0%A1+%E5%A4%9C%E9%96%93%E9%83%A8+%E5%A4%A7%E5%B0%88%E9%99%A2%E6%A0%A1+%E5%AE%B6%E9%95%B7%E6%9C%83+%E6%83%A1%E6%80%A7%E8%A3%9C%E7%BF%92+%E6%95%99%E5%B8%AB%E6%9C%83%E9%A4%A8+%E6%95%99%E8%81%B7%E5%93%A1+%E6%95%99%E8%82%B2%E5%BB%B3+%E7%9C%81%E7%AB%8B%E5%AE%9C%E8%98%AD%E4%B8%AD%E5%AD%B8+%E7%B4%80%E5%BF%B5%E7%AB%A0+&oid=1559963 HTTP/1.1" 200 4393
66.249.71.3 - - [05/Jul/2015:00:13:44 +0800] "GET /content/nav/relationSubject.jsp?relationWords=%E4%B8%AD%E5%A4%AE%E6%9B%B8%E5%B1%80%20%E4%B8%AD%E7%AD%89%E5%AD%B8%E6%A0%A1%20%E4%BA%9E%E6%B4%B2%E5%BD%B1%E5%B1%95%20%E5%88%9D%E4%B8%AD%20%E5%9C%8B%E6%A0%A1%20%E5%A4%9C%E9%96%93%E9%83%A8%20%E5%A4%A7%E5%B0%88%E9%99%A2%E6%A0%A1%20%E5%AE%B6%E9%95%B7%E6%9C%83%20%E6%83%A1%E6%80%A7%E8%A3%9C%E7%BF%92%20%E6%95%99%E5%B8%AB%E6%9C%83%E9%A4%A8%20%E6%95%99%E8%81%B7%E5%93%A1%20%E6%95%99%E8%82%B2%E5%BB%B3%20%E7%9C%81%E7%AB%8B%E5%AE%9C%E8%98%AD%E4%B8%AD%E5%AD%B8%20%E7%B4%80%E5%BF%B5%E7%AB%A0%20&oid=1559963 HTTP/1.1" 200 4393
66.249.71.3 - - [05/Jul/2015:00:13:51 +0800] "GET /content/nav/relationSubject.jsp?relationWords=%E7%A7%8B%E5%AF%A9+&oid=2570712 HTTP/1.1" 200 3976
66.249.71.119 - - [05/Jul/2015:00:13:54 +0800] "GET /content/nav/relationSubject.jsp?relationWords=%E7%A7%8B%E5%AF%A9%20&oid=2570712 HTTP/1.1" 200 3976
220.181.108.123 - - [05/Jul/2015:00:13:54 +0800] "GET /content/tmp_auth/resource_content.jsp?oid=16777464 HTTP/1.1" 200 27749
66.249.71.14 - - [05/Jul/2015:00:15:05 +0800] "GET /content/repository/resource_content.jsp?oid=1811131&queryString=%E5%8A%9F%E6%9B%B9%20%E5%BA%96%E5%BB%9A%20%E6%AD%A6%E6%A2%81%E7%A5%A0%20%E6%AD%A6%E6%A2%81%E7%A5%A0%E7%95%AB%E5%83%8F%20%E8%99%95%E5%A3%AB%20%E8%B1%AB%E8%AE%93%20%E9%8D%BE%E9%9B%A2%20%E9%9D%88%E7%95%B0%20%E9%A1%8C%E8%A8%98 HTTP/1.1" 200 50423
204.187.63.106 - - [05/Jul/2015:00:15:12 +0800] "GET /content/nav/relationSubject.jsp?relationWords=%E5%9C%B0%E7%90%86%E8%B3%87%E8%A8%8A%E7%B3%BB%E7%B5%B1+%E6%AE%B7%E5%91%A8+%E9%9D%92%E9%8A%85%E5%99%A8+&oid=16777371 HTTP/1.1" 200 2963
204.187.63.106 - - [05/Jul/2015:00:15:33 +0800] "GET /content/nav/relationSubject.jsp?relationWords=%E5%9C%B0%E7%90%86%E8%B3%87%E8%A8%8A%E7%B3%BB%E7%B5%B1+%E6%AE%B7%E5%91%A8+%E9%9D%92%E9%8A%85%E5%99%A8+&oid=16777371 HTTP/1.1" 200 2963
66.249.71.3 - - [05/Jul/2015:00:15:42 +0800] "GET /content/nav/relationSubject.jsp?relationWords=%E5%B7%A1%E6%92%AB+&oid=2519444 HTTP/1.1" 200 3084
66.249.71.127 - - [05/Jul/2015:00:15:44 +0800] "GET /content/nav/relationSubject.jsp?relationWords=%E5%B7%A1%E6%92%AB%20&oid=2519444 HTTP/1.1" 200 3084
66.249.71.54 - - [05/Jul/2015:00:17:06 +0800] "GET /content/nav/relationSubject.jsp?relationWords=%E6%B4%8B%E7%9B%9C+&oid=2687260 HTTP/1.1" 200 3081
66.249.71.64 - - [05/Jul/2015:00:17:07 +0800] "GET /content/nav/relationSubject.jsp?relationWords=%E4%BD%9B%E7%90%B4%E5%B0%BC+%E6%90%B6%E4%BF%AE+%E9%A2%A8%E5%B8%B6+%E9%AB%98%E9%9B%84%E7%B8%A3%E7%BE%8E%E6%BF%83%E9%8E%AE+&oid=1549840 HTTP/1.1" 200 4147
66.249.71.54 - - [05/Jul/2015:00:17:08 +0800] "GET /content/nav/relationSubject.jsp?relationWords=%E6%B4%8B%E7%9B%9C%20&oid=2687260 HTTP/1.1" 200 3081
66.249.71.72 - - [05/Jul/2015:00:17:09 +0800] "GET /content/nav/relationSubject.jsp?relationWords=%E4%BD%9B%E7%90%B4%E5%B0%BC%20%E6%90%B6%E4%BF%AE%20%E9%A2%A8%E5%B8%B6%20%E9%AB%98%E9%9B%84%E7%B8%A3%E7%BE%8E%E6%BF%83%E9%8E%AE%20&oid=1549840 HTTP/1.1" 200 4147
66.249.71.14 - - [05/Jul/2015:00:17:21 +0800] "GET /content/repository/resource_content.jsp?oid=660259&queryString=%E4%BA%BA%E5%90%8D%E6%AC%8A%E5%A8%81%20%E6%AF%94%E5%88%A9%E4%BA%9E%20%E9%A6%AC%E5%85%8B%E8%AC%A8 HTTP/1.1" 200 28813
66.249.71.119 - - [05/Jul/2015:00:19:37 +0800] "GET /content/repository/resource_content.jsp?oid=4362715&queryType=qs&queryString=%E5%A4%AA%E5%AE%97 HTTP/1.1" 200 30431
114.24.70.123 - - [05/Jul/2015:00:20:06 +0800] "GET /content/subject/resource_content.jsp?oid=16777358&queryString HTTP/1.1" 200 28598
114.24.70.123 - - [05/Jul/2015:00:20:07 +0800] "GET /content/nav/relationSubject.jsp?relationWords=&oid=16777358 HTTP/1.1" 200 1405
66.249.71.5 - - [05/Jul/2015:00:21:54 +0800] "GET /content/repository/resource_content.jsp?oid=1894323&queryType=qs&queryString=%E9%99%B3%E6%98%8E%E6%96%87 HTTP/1.1" 200 29090
66.249.71.60 - - [05/Jul/2015:00:23:38 +0800] "GET /content/nav/relationSubject.jsp?relationWords=%E9%8A%80%E5%85%A9+%E9%96%A9%E7%B8%A3+&oid=2522635 HTTP/1.1" 200 5400
66.249.71.72 - - [05/Jul/2015:00:23:40 +0800] "GET /content/nav/relationSubject.jsp?relationWords=%E9%8A%80%E5%85%A9%20%E9%96%A9%E7%B8%A3%20&oid=2522635 HTTP/1.1" 200 5400
123.182.159.135 - - [05/Jul/2015:00:26:04 +0800] "GET /content/subject/resource_content.jsp?oid=16777423&queryType=qs&queryString=%E8%99%95%E7%90%86%E6%8A%80%E8%A1%93 HTTP/1.1" 200 39907
123.182.159.135 - - [05/Jul/2015:00:26:06 +0800] "GET /content/subject/resource_content.jsp?oid=16777423&queryType=qs&queryString=%E9%9D%92%E9%8A%85%E5%99%A8 HTTP/1.1" 200 39680
123.182.159.135 - - [05/Jul/2015:00:26:07 +0800] "GET /content/subject/resource_content.jsp?oid=16777423&queryType=qs&queryString=%E5%9C%B0%E7%90%86%E8%B3%87%E8%A8%8A HTTP/1.1" 200 39700
66.249.71.60 - - [05/Jul/2015:00:27:12 +0800] "GET /content/nav/relationSubject.jsp?relationWords=%E5%88%BA%E5%B0%BE%E9%AF%9B%E7%A7%91+%E7%9F%AD%E5%96%99%E9%BC%BB%E9%AD%9A+&oid=1449880 HTTP/1.1" 200 3255
66.249.84.137 - - [05/Jul/2015:00:27:30 +0800] "GET /content/subject/resource_content.jsp?oid=16797287&queryType=qc HTTP/1.1" 200 88346
66.249.71.14 - - [05/Jul/2015:00:28:44 +0800] "GET /digiarch/content/repository/resource_content.jsp?oid=4484009 HTTP/1.1" 404 14873
39.12.11.38 - - [05/Jul/2015:00:30:55 +0800] "GET /content/nav/relationSubject.jsp?relationWords=%E6%9C%A8%E7%8A%80+%E6%A1%82%E8%8A%B1+&oid=16777255 HTTP/1.1" 200 4029
66.249.71.72 - - [05/Jul/2015:00:33:13 +0800] "GET /content/nav/relationSubject.jsp?relationWords=%E4%B8%89%E9%87%8D%E5%B8%82+%E5%9C%8B%E6%9C%89%E5%9C%9F%E5%9C%B0+%E6%86%B2%E5%85%B5+%E7%80%86%E8%81%B7+%E8%87%BA%E5%8C%97%E7%B8%A3%E6%94%BF%E5%BA%9C+%E8%98%86%E6%B4%B2+&oid=1611490 HTTP/1.1" 200 3892
66.249.71.119 - - [05/Jul/2015:00:33:18 +0800] "GET /content/subject/resource_content.jsp?oid=16777345&queryString=%E6%9D%9C%E9%B5%91%20%E6%9D%9C%E9%B5%91%E8%8A%B1%20%E6%9D%9C%E9%B5%91%E8%8A%B1%E5%B1%AC HTTP/1.1" 200 35594
66.249.71.64 - - [05/Jul/2015:00:33:21 +0800] "GET /content/nav/relationSubject.jsp?relationWords=%E4%B8%89%E9%87%8D%E5%B8%82%20%E5%9C%8B%E6%9C%89%E5%9C%9F%E5%9C%B0%20%E6%86%B2%E5%85%B5%20%E7%80%86%E8%81%B7%20%E8%87%BA%E5%8C%97%E7%B8%A3%E6%94%BF%E5%BA%9C%20%E8%98%86%E6%B4%B2%20&oid=1611490 HTTP/1.1" 200 3892
66.249.71.72 - - [05/Jul/2015:00:33:55 +0800] "GET /content/nav/relationSubject.jsp?relationWords=%E6%A4%8D%E7%89%A9%E7%95%8C+%E9%BB%83%E6%96%91%E9%BE%8D%E8%86%BD+%E9%BE%8D%E8%86%BD+%E9%BE%8D%E8%86%BD%E5%B1%AC+%E9%BE%8D%E8%86%BD%E7%A7%91+&oid=3812050 HTTP/1.1" 200 3562
66.249.71.72 - - [05/Jul/2015:00:34:00 +0800] "GET /content/nav/relationSubject.jsp?relationWords=%E6%A4%8D%E7%89%A9%E7%95%8C%20%E9%BB%83%E6%96%91%E9%BE%8D%E8%86%BD%20%E9%BE%8D%E8%86%BD%20%E9%BE%8D%E8%86%BD%E5%B1%AC%20%E9%BE%8D%E8%86%BD%E7%A7%91%20&oid=3812050 HTTP/1.1" 200 3562
72.208.117.56 - - [05/Jul/2015:00:34:49 +0800] "GET /content/nav/relationSubject.jsp?relationWords=%E5%A4%A7%E8%8A%B1%E7%B4%AB%E8%96%87+&oid=16777378 HTTP/1.1" 200 3480
66.249.71.64 - - [05/Jul/2015:00:34:50 +0800] "GET /content/nav/relationSubject.jsp?relationWords=%E5%A4%AA%E5%A6%83+%E7%A6%AE%E9%83%A8+&oid=2638717 HTTP/1.1" 200 3095
66.249.71.64 - - [05/Jul/2015:00:34:54 +0800] "GET /content/nav/relationSubject.jsp?relationWords=%E5%A4%AA%E5%A6%83%20%E7%A6%AE%E9%83%A8%20&oid=2638717 HTTP/1.1" 200 3095
66.249.71.23 - - [05/Jul/2015:00:35:34 +0800] "GET /digiarch/content/repository/resource_content.jsp?oid=4451521 HTTP/1.1" 404 14873
66.249.71.54 - - [05/Jul/2015:00:35:52 +0800] "GET /content/nav/relationSubject.jsp?relationWords=%E5%A4%A9%E9%95%B7%E7%AF%80+%E6%A1%91%E6%B8%AF+%E7%B5%A2%E7%88%9B+%E8%90%AC%E5%8D%9A+&oid=4471461 HTTP/1.1" 200 3348
66.249.71.54 - - [05/Jul/2015:00:35:55 +0800] "GET /content/nav/relationSubject.jsp?relationWords=%E5%A4%A9%E9%95%B7%E7%AF%80%20%E6%A1%91%E6%B8%AF%20%E7%B5%A2%E7%88%9B%20%E8%90%AC%E5%8D%9A%20&oid=4471461 HTTP/1.1" 200 3348
66.249.71.3 - - [05/Jul/2015:00:35:56 +0800] "GET /content/nav/relationSubject.jsp?relationWords=%E6%B2%B9%E7%95%AB%E6%B5%B7%E6%89%87%E8%9B%A4+%E6%B5%B7%E6%89%87%E8%9B%A4%E7%A7%91+%E9%8C%A6%E6%B5%B7%E6%89%87%E8%9B%A4%E5%B1%AC+%E9%9B%99%E6%AE%BC%E7%B6%B1+%E9%B6%AF%E8%9B%A4%E7%9B%AE+&oid=3211611 HTTP/1.1" 200 1945
66.249.71.119 - - [05/Jul/2015:00:35:59 +0800] "GET /content/nav/relationSubject.jsp?relationWords=%E6%B2%B9%E7%95%AB%E6%B5%B7%E6%89%87%E8%9B%A4%20%E6%B5%B7%E6%89%87%E8%9B%A4%E7%A7%91%20%E9%8C%A6%E6%B5%B7%E6%89%87%E8%9B%A4%E5%B1%AC%20%E9%9B%99%E6%AE%BC%E7%B6%B1%20%E9%B6%AF%E8%9B%A4%E7%9B%AE%20&oid=3211611 HTTP/1.1" 200 1945
66.249.71.64 - - [05/Jul/2015:00:36:39 +0800] "GET /content/nav/relationSubject.jsp?relationWords=&oid=1631980 HTTP/1.1" 200 1405
66.249.71.60 - - [05/Jul/2015:00:37:10 +0800] "GET /content/nav/relationSubject.jsp?relationWords=%E8%87%BA%E4%B8%AD%E6%B8%AF+&oid=1557509 HTTP/1.1" 200 4707
66.249.71.64 - - [05/Jul/2015:00:37:13 +0800] "GET /content/nav/relationSubject.jsp?relationWords=%E8%87%BA%E4%B8%AD%E6%B8%AF%20&oid=1557509 HTTP/1.1" 200 4707
207.46.13.23 - - [05/Jul/2015:00:37:17 +0800] "GET /content/subject/resource_content.jsp?oid=16777275 HTTP/1.1" 200 34218
123.125.71.51 - - [05/Jul/2015:00:37:28 +0800] "GET /content/tmp_auth/resource_content.jsp?oid=16777450 HTTP/1.1" 200 28204
220.181.108.86 - - [05/Jul/2015:00:37:31 +0800] "GET /content/nav/relationSubject.jsp?relationWords=%E6%A1%83%E7%AC%A6+%E7%A5%9E%E8%8D%BC+%E9%AC%B1%E5%A3%98+&oid=16777450 HTTP/1.1" 200 4156
66.249.71.119 - - [05/Jul/2015:00:37:51 +0800] "GET /content/repository/resource_content.jsp?oid=2688095&queryString=%E5%91%88%E6%8E%A7%E6%A1%88 HTTP/1.1" 200 30388
66.249.71.72 - - [05/Jul/2015:00:38:07 +0800] "GET /content/nav/relationSubject.jsp?relationWords=&oid=2559358 HTTP/1.1" 200 1405
220.181.108.144 - - [05/Jul/2015:00:38:26 +0800] "GET /content/pictures/picture_content.jsp?oid=33554732&queryType=qc HTTP/1.1" 200 27604
46.4.132.226 - - [05/Jul/2015:00:38:29 +0800] "GET /content/subject/resource_content.jsp?oid=16777840&queryType=qc HTTP/1.0" 200 40604
220.181.108.92 - - [05/Jul/2015:00:38:31 +0800] "GET /content/nav/relationSubject.jsp?relationWords=%E7%9F%AD%E5%96%99%E9%BC%BB%E9%AD%9A+&oid=33554732 HTTP/1.1" 200 3190
66.249.71.72 - - [05/Jul/2015:00:38:43 +0800] "GET /content/nav/relationSubject.jsp?relationWords=%E6%8E%92%E6%B0%B4%E6%BA%9D+%E8%8A%B1%E8%93%AE%E6%BA%AA+&oid=1590963 HTTP/1.1" 200 7180
46.4.132.226 - - [05/Jul/2015:00:38:44 +0800] "GET /content/subject/resource_content.jsp?oid=16777801&queryType=qc HTTP/1.0" 200 42958
66.249.71.64 - - [05/Jul/2015:00:38:49 +0800] "GET /content/nav/relationSubject.jsp?relationWords=%E6%8E%92%E6%B0%B4%E6%BA%9D%20%E8%8A%B1%E8%93%AE%E6%BA%AA%20&oid=1590963 HTTP/1.1" 200 7180
46.4.132.226 - - [05/Jul/2015:00:39:03 +0800] "GET /content/subject/resource_content.jsp?oid=16777742&queryType=qc HTTP/1.0" 200 38981
66.249.71.60 - - [05/Jul/2015:00:39:06 +0800] "GET /content/nav/relationSubject.jsp?relationWords=%E6%89%BF%E9%A0%98%E6%AC%8A+%E7%9C%81%E6%94%BF%E5%BA%9C+%E8%87%BA%E5%8D%97%E7%B8%A3+&oid=1896815 HTTP/1.1" 200 4557
66.249.71.60 - - [05/Jul/2015:00:39:08 +0800] "GET /content/nav/relationSubject.jsp?relationWords=%E6%89%BF%E9%A0%98%E6%AC%8A%20%E7%9C%81%E6%94%BF%E5%BA%9C%20%E8%87%BA%E5%8D%97%E7%B8%A3%20&oid=1896815 HTTP/1.1" 200 4557
46.4.132.226 - - [05/Jul/2015:00:39:19 +0800] "GET /content/subject/resource_content.jsp?oid=16777837&queryType=qc HTTP/1.0" 200 37493
66.249.71.72 - - [05/Jul/2015:00:39:32 +0800] "GET /content/nav/relationSubject.jsp?relationWords=%E5%BF%8D%E5%86%AC%E7%A7%91+%E6%A4%8D%E7%89%A9%E7%95%8C+%E7%8F%8A%E7%91%9A%E6%A8%B9+&oid=1460785 HTTP/1.1" 200 3256
46.4.132.226 - - [05/Jul/2015:00:39:35 +0800] "GET /content/subject/resource_content.jsp?oid=16777734&queryType=qc HTTP/1.0" 200 40256
46.4.132.226 - - [05/Jul/2015:00:39:55 +0800] "GET /content/subject/resource_content.jsp?oid=16777470&queryType=qc HTTP/1.0" 200 29324
66.249.71.127 - - [05/Jul/2015:00:40:02 +0800] "GET /content/nav/relationSubject.jsp?relationWords=%E5%87%B1%E6%92%A4+%E5%AF%8C%E5%8B%92+&oid=2674936 HTTP/1.1" 200 3118
66.249.71.127 - - [05/Jul/2015:00:40:04 +0800] "GET /content/nav/relationSubject.jsp?relationWords=%E5%87%B1%E6%92%A4%20%E5%AF%8C%E5%8B%92%20&oid=2674936 HTTP/1.1" 200 3118
66.249.71.14 - - [05/Jul/2015:00:40:08 +0800] "GET /content/repository/resource_content.jsp?oid=1596796&queryType=qs&queryString=%E9%81%94%E5%88%A9 HTTP/1.1" 200 36140
46.4.132.226 - - [05/Jul/2015:00:40:13 +0800] "GET /content/subject/resource_content.jsp?oid=16777788&queryType=qc HTTP/1.0" 200 42830
66.249.71.60 - - [05/Jul/2015:00:40:18 +0800] "GET /content/nav/relationSubject.jsp?relationWords=%E5%9C%8B%E6%B0%91%E4%BD%8F%E5%AE%85+%E5%BE%81%E6%A1%88+%E6%88%BF%E6%8D%90+%E7%94%A2%E6%AC%8A+%E7%A7%BB%E8%BD%89%E7%99%BB%E8%A8%98+&oid=1562916 HTTP/1.1" 200 5440
66.249.71.72 - - [05/Jul/2015:00:40:23 +0800] "GET /content/nav/relationSubject.jsp?relationWords=%E5%9C%8B%E6%B0%91%E4%BD%8F%E5%AE%85%20%E5%BE%81%E6%A1%88%20%E6%88%BF%E6%8D%90%20%E7%94%A2%E6%AC%8A%20%E7%A7%BB%E8%BD%89%E7%99%BB%E8%A8%98%20&oid=1562916 HTTP/1.1" 200 5440
66.249.71.36 - - [05/Jul/2015:00:40:27 +0800] "GET /content/nav/relationSubject.jsp?relationWords=%E5%8F%B0%E7%81%A3%E5%8E%9F%E4%BD%8F%E6%B0%91+&oid=1778183 HTTP/1.1" 200 4742
66.249.71.54 - - [05/Jul/2015:00:40:28 +0800] "GET /content/nav/relationSubject.jsp?relationWords=%E5%8F%B0%E7%81%A3%E5%8E%9F%E4%BD%8F%E6%B0%91%20&oid=1778183 HTTP/1.1" 200 4742
46.4.132.226 - - [05/Jul/2015:00:40:29 +0800] "GET /content/subject/resource_content.jsp?oid=16797234&queryType=qc HTTP/1.0" 200 46504
66.249.71.60 - - [05/Jul/2015:00:40:34 +0800] "GET /content/nav/relationSubject.jsp?relationWords=%E8%87%BA%E7%81%A3%E7%9C%81%20&oid=1540450 HTTP/1.1" 200 4343
66.249.71.72 - - [05/Jul/2015:00:40:41 +0800] "GET /content/nav/relationSubject.jsp?relationWords=%E4%BD%BF%E8%87%A3+%E7%A6%AE%E9%83%A8+&oid=2654565 HTTP/1.1" 200 3095
66.249.71.72 - - [05/Jul/2015:00:40:44 +0800] "GET /content/nav/relationSubject.jsp?relationWords=%E4%BD%BF%E8%87%A3%20%E7%A6%AE%E9%83%A8%20&oid=2654565 HTTP/1.1" 200 3095
46.4.132.226 - - [05/Jul/2015:00:40:47 +0800] "GET /content/subject/resource_content.jsp?oid=16797246&queryType=qc HTTP/1.0" 200 43598
220.181.108.174 - - [05/Jul/2015:00:41:17 +0800] "GET /content/repository/resource_content.jsp?oid=524142&queryType=qc HTTP/1.1" 200 43127
66.249.71.54 - - [05/Jul/2015:00:41:23 +0800] "GET /content/nav/relationSubject.jsp?relationWords=%E5%BD%8C%E5%8B%92%E4%BD%9B+&oid=4362811 HTTP/1.1" 200 3093
220.181.108.77 - - [05/Jul/2015:00:41:24 +0800] "GET /content/nav/relationSubject.jsp?relationWords=%E6%BC%81%E8%88%9F%E8%9C%91%E8%9E%BA+%E7%95%9A%E7%AE%95%E8%9E%BA+%E8%85%B9%E8%B6%B3%E7%B6%B1+%E8%9C%91%E8%9E%BA+%E9%8C%A6%E8%9C%92%E8%9E%BA+&oid=524142 HTTP/1.1" 200 3410
66.249.71.54 - - [05/Jul/2015:00:41:27 +0800] "GET /content/nav/relationSubject.jsp?relationWords=%E5%BD%8C%E5%8B%92%E4%BD%9B%20&oid=4362811 HTTP/1.1" 200 3093
157.55.39.90 - - [05/Jul/2015:00:41:47 +0800] "GET /digiarch_en/content/repository/resource_content.jsp?oid=1566352&queryString=%E5%BB%A2%E6%A3%84%E6%A1%88%20%E6%B3%95%E9%99%A2%20%E7%AB%8B%E6%B3%95%E9%99%A2%20%E9%86%AB%E5%B8%AB%E6%B3%95 HTTP/1.1" 200 25003
46.4.132.226 - - [05/Jul/2015:00:41:52 +0800] "GET /content/subject/resource_content.jsp?oid=16797282&queryType=qc HTTP/1.0" 200 78809
66.249.71.60 - - [05/Jul/2015:00:42:05 +0800] "GET /content/nav/relationSubject.jsp?relationWords=%E6%9D%9C%E9%A6%99%E5%9C%8B+%E9%9B%9C%E8%AA%8C+%E9%AB%98%E7%94%B0%E6%82%85%E4%B8%89%E5%95%86%E5%BA%97+&oid=1887188 HTTP/1.1" 200 3237
66.249.71.64 - - [05/Jul/2015:00:42:06 +0800] "GET /content/nav/relationSubject.jsp?relationWords=%E6%9D%9C%E9%A6%99%E5%9C%8B%20%E9%9B%9C%E8%AA%8C%20%E9%AB%98%E7%94%B0%E6%82%85%E4%B8%89%E5%95%86%E5%BA%97%20&oid=1887188 HTTP/1.1" 200 3237
66.249.71.72 - - [05/Jul/2015:00:42:11 +0800] "GET /content/nav/relationSubject.jsp?relationWords=%E5%B7%A5%E7%A8%8B%E5%8F%97%E7%9B%8A%E8%B2%BB+%E7%A8%BB%E4%BD%9C+%E9%98%B2%E6%BD%AE+&oid=1889080 HTTP/1.1" 200 3656
123.125.71.14 - - [05/Jul/2015:00:42:13 +0800] "GET /content/tmp_auth/resource_content.jsp?oid=16777354 HTTP/1.1" 200 27156
66.249.71.72 - - [05/Jul/2015:00:42:13 +0800] "GET /content/nav/relationSubject.jsp?relationWords=%E5%B7%A5%E7%A8%8B%E5%8F%97%E7%9B%8A%E8%B2%BB%20%E7%A8%BB%E4%BD%9C%20%E9%98%B2%E6%BD%AE%20&oid=1889080 HTTP/1.1" 200 3656
66.249.71.64 - - [05/Jul/2015:00:42:25 +0800] "GET /content/repository/resource_content.jsp?oid=3826176&queryString=%E6%A4%8D%E7%89%A9%E7%95%8C%20%E7%99%BD%E5%8F%8A%20%E7%99%BD%E5%8F%8A%E5%B1%AC HTTP/1.1" 200 31364
207.46.13.23 - - [05/Jul/2015:00:42:33 +0800] "GET /digiarch_en/content/nav/relationSubject.jsp?relationWords=%E5%81%BD%E8%97%A5+%E5%8F%B8%E6%B3%95%E6%A9%9F%E9%97%9C+%E5%8F%B8%E6%B3%95%E8%A1%8C%E6%94%BF%E9%83%A8+%E6%B3%95%E9%99%A2+%E7%A7%BB%E9%80%81+%E8%A1%9B%E7%94%9F%E7%92%B0%E5%A2%83+%E8%A1%9B%E7%94%9F%E8%99%95+%E8%A1%9B%E7%94%9F%E9%83%A8+&oid=1566352 HTTP/1.1" 200 4550
66.249.71.72 - - [05/Jul/2015:00:43:11 +0800] "GET /content/subject/resource_content.jsp?oid=16777793&queryType=qc HTTP/1.1" 200 42696
66.249.71.72 - - [05/Jul/2015:00:43:11 +0800] "GET /content/nav/relationSubject.jsp?relationWords=%E5%85%A8%E6%B0%91%E5%81%A5%E5%BA%B7%E4%BF%9D%E9%9A%AA+&oid=1629364 HTTP/1.1" 200 4764
66.249.71.64 - - [05/Jul/2015:00:43:13 +0800] "GET /content/subject/resource_content.jsp?oid=16777333&queryType=qc HTTP/1.1" 200 31979
66.249.71.64 - - [05/Jul/2015:00:43:14 +0800] "GET /content/subject/resource_content.jsp?oid=16777440&queryType=qc HTTP/1.1" 200 50102
66.249.71.72 - - [05/Jul/2015:00:43:14 +0800] "GET /content/subject/resource_content.jsp?oid=16777342&queryType=qc HTTP/1.1" 200 33223
66.249.71.64 - - [05/Jul/2015:00:43:15 +0800] "GET /content/nav/relationSubject.jsp?relationWords=%E5%85%A8%E6%B0%91%E5%81%A5%E5%BA%B7%E4%BF%9D%E9%9A%AA%20&oid=1629364 HTTP/1.1" 200 4764
66.249.71.60 - - [05/Jul/2015:00:43:16 +0800] "GET /content/subject/resource_content.jsp?oid=16797259&queryType=qc HTTP/1.1" 200 44075
66.249.71.60 - - [05/Jul/2015:00:43:17 +0800] "GET /content/subject/resource_content.jsp?oid=16777787&queryType=qc HTTP/1.1" 200 57468
66.249.71.72 - - [05/Jul/2015:00:43:21 +0800] "GET /content/nav/relationSubject.jsp?relationWords=%E7%8F%8A%E7%91%9A%E5%88%BA%E6%A1%90%20&oid=16777333 HTTP/1.1" 200 2149
66.249.71.54 - - [05/Jul/2015:00:43:55 +0800] "GET /content/nav/relationSubject.jsp?relationWords=&oid=2610435 HTTP/1.1" 200 1405
66.249.71.72 - - [05/Jul/2015:00:44:06 +0800] "GET /content/nav/relationSubject.jsp?relationWords=%E5%9C%96%E9%9B%86%E5%90%8D+&oid=173959 HTTP/1.1" 200 3067
220.181.108.87 - - [05/Jul/2015:00:44:09 +0800] "GET /content/tmp_auth/resource_content.jsp?oid=16777440 HTTP/1.1" 200 44083
66.249.71.60 - - [05/Jul/2015:00:44:09 +0800] "GET /content/subject/resource_content.jsp?oid=16797258&queryType=qc HTTP/1.1" 200 56110
66.249.71.60 - - [05/Jul/2015:00:44:09 +0800] "GET /content/nav/relationSubject.jsp?relationWords=%E5%9C%96%E9%9B%86%E5%90%8D%20&oid=173959 HTTP/1.1" 200 3067
66.249.71.64 - - [05/Jul/2015:00:44:17 +0800] "GET /content/nav/relationSubject.jsp?relationWords=%E9%A3%B2%E9%A3%9F%E6%96%87%E5%8C%96+&oid=16797258 HTTP/1.1" 200 3008
66.249.71.72 - - [05/Jul/2015:00:44:20 +0800] "GET /content/nav/relationSubject.jsp?relationWords=%E9%A3%B2%E9%A3%9F%E6%96%87%E5%8C%96%20&oid=16797258 HTTP/1.1" 200 3008
66.249.71.3 - - [05/Jul/2015:00:44:41 +0800] "GET /content/repository/resource_content.jsp?oid=1527030&queryString=%E4%BB%A5%E7%AC%A6%E5%AF%A6%E9%9A%9B%E6%A1%88%20%E5%A5%B3%E5%AD%90%E4%B8%AD%E5%AD%B8%20%E8%87%BA%E5%8D%97%E7%B8%A3%E8%AD%B0%E6%9C%83 HTTP/1.1" 200 29749
66.249.71.5 - - [05/Jul/2015:00:44:59 +0800] "GET /content/nav/relationSubject.jsp?relationWords=%E6%95%B8%E4%BD%8D%E5%85%B8%E8%97%8F+%E6%96%B0%E5%A4%A9%E5%9C%B0+%E9%AD%9A%E9%A1%9E%E8%B3%87%E6%96%99%E5%BA%AB+&oid=16777568 HTTP/1.1" 200 7856
110.26.165.228 - - [05/Jul/2015:00:45:00 +0800] "GET /content/tmp_exh/resource_content.jsp?oid=16777844&queryType=qc HTTP/1.1" 200 36996
66.249.71.23 - - [05/Jul/2015:00:45:02 +0800] "GET /content/nav/relationSubject.jsp?relationWords=%E6%95%B8%E4%BD%8D%E5%85%B8%E8%97%8F%20%E6%96%B0%E5%A4%A9%E5%9C%B0%20%E9%AD%9A%E9%A1%9E%E8%B3%87%E6%96%99%E5%BA%AB%20&oid=16777568 HTTP/1.1" 200 7856
110.26.165.228 - - [05/Jul/2015:00:45:04 +0800] "GET /content/nav/relationSubject.jsp?relationWords=%E6%96%87%E5%8C%96%E4%B8%AD%E5%BF%83+%E7%A4%BE%E6%9C%83%E5%AD%B8+%E7%AB%8B%E6%B3%95%E9%99%A2+&oid=16777844 HTTP/1.1" 200 6934
123.125.71.111 - - [05/Jul/2015:00:46:01 +0800] "GET /content/subject/resource_content.jsp?oid=16777568&queryType=qc%3E HTTP/1.1" 200 34862
220.181.108.115 - - [05/Jul/2015:00:46:10 +0800] "GET /content/nav/relationSubject.jsp?relationWords=%E6%95%B8%E4%BD%8D%E5%85%B8%E8%97%8F+%E6%96%B0%E5%A4%A9%E5%9C%B0+%E9%AD%9A%E9%A1%9E%E8%B3%87%E6%96%99%E5%BA%AB+&oid=16777568 HTTP/1.1" 200 7856
66.249.71.60 - - [05/Jul/2015:00:46:18 +0800] "GET /content/nav/relationSubject.jsp?relationWords=%E7%99%BD%E8%8B%B1+&oid=2668955 HTTP/1.1" 200 3082
66.249.71.72 - - [05/Jul/2015:00:46:23 +0800] "GET /content/nav/relationSubject.jsp?relationWords=%E7%99%BD%E8%8B%B1%20&oid=2668955 HTTP/1.1" 200 3082
54.80.243.243 - - [05/Jul/2015:00:46:27 +0800] "GET /content/repository/resource_content.jsp?oid=1894368&queryType=qs&queryString=%E6%B0%B4%E6%B3%A2%E7%B4%8B HTTP/1.1" 200 28618
66.249.71.64 - - [05/Jul/2015:00:46:29 +0800] "GET /content/nav/relationSubject.jsp?relationWords=%E5%81%87%E9%BB%83%E6%A5%8A%E5%B1%AC+%E5%8F%B0%E7%81%A3%E5%81%87%E9%BB%83%E6%A5%8A+%E5%A4%A7%E6%88%9F+%E5%A4%A7%E6%88%9F%E7%A7%91+%E6%A4%8D%E7%89%A9%E7%95%8C+&oid=2146127 HTTP/1.1" 200 3415
66.249.71.64 - - [05/Jul/2015:00:46:32 +0800] "GET /content/nav/relationSubject.jsp?relationWords=%E5%81%87%E9%BB%83%E6%A5%8A%E5%B1%AC%20%E5%8F%B0%E7%81%A3%E5%81%87%E9%BB%83%E6%A5%8A%20%E5%A4%A7%E6%88%9F%20%E5%A4%A7%E6%88%9F%E7%A7%91%20%E6%A4%8D%E7%89%A9%E7%95%8C%20&oid=2146127 HTTP/1.1" 200 3415
66.249.71.64 - - [05/Jul/2015:00:46:37 +0800] "GET /content/nav/relationSubject.jsp?relationWords=%E7%B2%97%E8%82%8B%E7%B5%90%E8%9E%BA+%E8%85%B9%E8%B6%B3%E7%B6%B1+%E9%AA%A8%E8%9E%BA%E7%A7%91+&oid=1637069 HTTP/1.1" 200 3285
66.249.71.64 - - [05/Jul/2015:00:46:44 +0800] "GET /content/nav/relationSubject.jsp?relationWords=%E7%B2%97%E8%82%8B%E7%B5%90%E8%9E%BA%20%E8%85%B9%E8%B6%B3%E7%B6%B1%20%E9%AA%A8%E8%9E%BA%E7%A7%91%20&oid=1637069 HTTP/1.1" 200 3285
66.249.71.23 - - [05/Jul/2015:00:46:54 +0800] "GET /digiarch3/content/repository/resource_content.jsp?oid=15211&queryString=%E9%AC%BC%E9%A0%AD%E5%88%80%20%E9%AF%95%E9%B0%8D HTTP/1.1" 200 35044
66.249.71.23 - - [05/Jul/2015:00:47:02 +0800] "GET /digiarch3/content/nav/relationSubject.jsp?relationWords=%E6%8F%9A%E6%97%9B%E8%9D%B4%E8%9D%B6%E9%AD%9A+%E8%9D%B4%E8%9D%B6%E9%AD%9A+%E8%9D%B4%E8%9D%B6%E9%AD%9A%E7%A7%91+&oid=15496 HTTP/1.1" 200 3485
66.249.71.119 - - [05/Jul/2015:00:47:06 +0800] "GET /content/nav/relationSubject.jsp?relationWords=%E4%BC%91%E8%80%95+%E5%85%AB%E5%B9%B4%E6%8A%97%E6%88%B0+%E5%85%AC%E8%B3%A3%E5%B1%80+%E5%90%88%E4%BD%9C%E7%A4%BE+%E5%9C%B0%E5%B1%A4%E4%B8%8B%E9%99%B7+%E5%A5%91%E4%BD%9C+%E6%99%AE%E6%9F%A5+%E6%A8%99%E5%94%AE+%E6%B0%B4%E6%B1%A1%E6%9F%93+%E6%BC%82%E6%B5%81%E6%9C%A8+%E7%94%A2%E6%A5%AD%E9%81%93%E8%B7%AF+%E7%A4%BE%E6%9C%83%E8%99%95+%E7%B3%A7%E9%A3%9F%E5%B1%80+%E8%80%95%E8%80%98+%E8%87%BA%E7%B3%96+%E8%B2%A1%E6%94%BF%E5%BB%B3+%E8%B3%AA%E8%A9%A2+%E8%BE%B2%E6%9E%97%E5%BB%B3+%E8%BE%B2%E8%97%A5+%E9%85%92%E5%BB%A0+&oid=1600848 HTTP/1.1" 200 6205
66.249.71.14 - - [05/Jul/2015:00:47:08 +0800] "GET /digiarch3/content/nav/relationSubject.jsp?relationWords=%E6%8F%9A%E6%97%9B%E8%9D%B4%E8%9D%B6%E9%AD%9A%20%E8%9D%B4%E8%9D%B6%E9%AD%9A%20%E8%9D%B4%E8%9D%B6%E9%AD%9A%E7%A7%91%20&oid=15496 HTTP/1.1" 200 3485
66.249.71.3 - - [05/Jul/2015:00:47:09 +0800] "GET /content/nav/relationSubject.jsp?relationWords=%E4%BC%91%E8%80%95%20%E5%85%AB%E5%B9%B4%E6%8A%97%E6%88%B0%20%E5%85%AC%E8%B3%A3%E5%B1%80%20%E5%90%88%E4%BD%9C%E7%A4%BE%20%E5%9C%B0%E5%B1%A4%E4%B8%8B%E9%99%B7%20%E5%A5%91%E4%BD%9C%20%E6%99%AE%E6%9F%A5%20%E6%A8%99%E5%94%AE%20%E6%B0%B4%E6%B1%A1%E6%9F%93%20%E6%BC%82%E6%B5%81%E6%9C%A8%20%E7%94%A2%E6%A5%AD%E9%81%93%E8%B7%AF%20%E7%A4%BE%E6%9C%83%E8%99%95%20%E7%B3%A7%E9%A3%9F%E5%B1%80%20%E8%80%95%E8%80%98%20%E8%87%BA%E7%B3%96%20%E8%B2%A1%E6%94%BF%E5%BB%B3%20%E8%B3%AA%E8%A9%A2%20%E8%BE%B2%E6%9E%97%E5%BB%B3%20%E8%BE%B2%E8%97%A5%20%E9%85%92%E5%BB%A0%20&oid=1600848 HTTP/1.1" 200 6205
66.249.71.119 - - [05/Jul/2015:00:48:14 +0800] "GET /content/nav/relationSubject.jsp?relationWords=%E5%90%8F%E9%83%A8+&oid=2674951 HTTP/1.1" 200 3101
66.249.71.127 - - [05/Jul/2015:00:48:17 +0800] "GET /content/nav/relationSubject.jsp?relationWords=%E5%90%8F%E9%83%A8%20&oid=2674951 HTTP/1.1" 200 3101
66.249.71.127 - - [05/Jul/2015:00:48:40 +0800] "GET /content/nav/relationSubject.jsp?relationWords=%E8%98%AD%E5%B6%BC%E5%8E%9F%E4%BD%8F%E6%B0%91+%E9%9B%85%E7%BE%8E%E6%97%8F+&oid=1779620 HTTP/1.1" 200 2950
66.249.71.119 - - [05/Jul/2015:00:48:41 +0800] "GET /content/nav/relationSubject.jsp?relationWords=%E8%98%AD%E5%B6%BC%E5%8E%9F%E4%BD%8F%E6%B0%91%20%E9%9B%85%E7%BE%8E%E6%97%8F%20&oid=1779620 HTTP/1.1" 200 2950
66.249.71.64 - - [05/Jul/2015:00:49:15 +0800] "GET /digiarch_en/content/nav/relationSubject.jsp?relationWords=%E4%B8%AD%E8%85%B9%E8%B6%B3%E7%9B%AE+%E5%8F%B0%E7%81%A3%E8%8A%9D%E9%BA%BB%E8%9D%B8%E7%89%9B+%E8%85%B9%E8%B6%B3%E7%B6%B1+%E8%8A%9D%E9%BA%BB%E8%9D%B8%E7%89%9B+&oid=523816 HTTP/1.1" 200 3456
66.249.71.72 - - [05/Jul/2015:00:49:17 +0800] "GET /digiarch_en/content/nav/relationSubject.jsp?relationWords=%E4%B8%AD%E8%85%B9%E8%B6%B3%E7%9B%AE%20%E5%8F%B0%E7%81%A3%E8%8A%9D%E9%BA%BB%E8%9D%B8%E7%89%9B%20%E8%85%B9%E8%B6%B3%E7%B6%B1%20%E8%8A%9D%E9%BA%BB%E8%9D%B8%E7%89%9B%20&oid=523816 HTTP/1.1" 200 3456
66.249.71.60 - - [05/Jul/2015:00:49:19 +0800] "GET /content/nav/relationSubject.jsp?relationWords=%E4%BB%A5%E7%AC%A6%E5%AF%A6%E9%9A%9B%E6%A1%88+%E5%85%AC%E8%B3%A3%E5%B1%80+%E5%98%89%E7%BE%A9%E7%B8%A3%E8%AD%B0%E6%9C%83+%E8%87%BA%E4%B8%AD%E7%B8%A3%E8%AD%B0%E6%9C%83+%E8%87%BA%E7%81%A3%E7%9C%81+%E8%8F%B8%E9%85%92%E5%85%AC%E8%B3%A3%E5%B1%80+&oid=1531621 HTTP/1.1" 200 4713
66.249.71.60 - - [05/Jul/2015:00:49:20 +0800] "GET /content/nav/relationSubject.jsp?relationWords=%E5%85%AC%E7%AB%8B%E5%AD%B8%E6%A0%A1+%E5%B0%88%E7%A7%91+%E6%95%99%E8%82%B2%E5%AD%B8%E5%88%86+&oid=1633051 HTTP/1.1" 200 7940
66.249.71.60 - - [05/Jul/2015:00:49:22 +0800] "GET /content/nav/relationSubject.jsp?relationWords=%E4%BB%A5%E7%AC%A6%E5%AF%A6%E9%9A%9B%E6%A1%88%20%E5%85%AC%E8%B3%A3%E5%B1%80%20%E5%98%89%E7%BE%A9%E7%B8%A3%E8%AD%B0%E6%9C%83%20%E8%87%BA%E4%B8%AD%E7%B8%A3%E8%AD%B0%E6%9C%83%20%E8%87%BA%E7%81%A3%E7%9C%81%20%E8%8F%B8%E9%85%92%E5%85%AC%E8%B3%A3%E5%B1%80%20&oid=1531621 HTTP/1.1" 200 4713
66.249.71.60 - - [05/Jul/2015:00:49:22 +0800] "GET /content/nav/relationSubject.jsp?relationWords=%E5%85%AC%E7%AB%8B%E5%AD%B8%E6%A0%A1%20%E5%B0%88%E7%A7%91%20%E6%95%99%E8%82%B2%E5%AD%B8%E5%88%86%20&oid=1633051 HTTP/1.1" 200 7940
66.249.71.3 - - [05/Jul/2015:00:50:10 +0800] "GET /content/nav/relationSubject.jsp?relationWords=%E4%B8%8A%E8%AB%AD+%E5%90%8F%E9%83%A8+%E7%A7%BB%E6%9C%83+&oid=2643371 HTTP/1.1" 200 3151
66.249.71.3 - - [05/Jul/2015:00:50:13 +0800] "GET /content/nav/relationSubject.jsp?relationWords=%E4%B8%8A%E8%AB%AD%20%E5%90%8F%E9%83%A8%20%E7%A7%BB%E6%9C%83%20&oid=2643371 HTTP/1.1" 200 3151
66.249.71.72 - - [05/Jul/2015:00:50:22 +0800] "GET /content/nav/relationSubject.jsp?relationWords=%E5%88%BA%E8%90%BC%E5%AF%92%E6%A2%85+%E6%87%B8%E9%89%A4%E5%AD%90%E5%B1%AC+%E6%A4%8D%E7%89%A9%E7%95%8C+%E8%96%94%E8%96%87%E7%9B%AE+%E8%96%94%E8%96%87%E7%A7%91+&oid=1458584 HTTP/1.1" 200 3376
66.249.71.64 - - [05/Jul/2015:00:50:25 +0800] "GET /content/nav/relationSubject.jsp?relationWords=%E5%88%BA%E8%90%BC%E5%AF%92%E6%A2%85%20%E6%87%B8%E9%89%A4%E5%AD%90%E5%B1%AC%20%E6%A4%8D%E7%89%A9%E7%95%8C%20%E8%96%94%E8%96%87%E7%9B%AE%20%E8%96%94%E8%96%87%E7%A7%91%20&oid=1458584 HTTP/1.1" 200 3376
66.249.71.5 - - [05/Jul/2015:00:50:51 +0800] "GET /digiarch3/content/nav/relationSubject.jsp?relationWords=%E6%A4%8D%E7%89%A9%E7%95%8C+%E6%B0%B4%E9%BE%8D%E9%AA%A8+%E7%A2%97%E8%95%A8%E7%A7%91+%E8%95%A8%E9%A1%9E%E6%A4%8D%E7%89%A9+%E9%82%8A%E7%B7%A3%E9%B1%97%E8%93%8B%E8%95%A8+%E9%B1%97%E8%93%8B%E8%95%A8%E5%B1%AC+&oid=1460198 HTTP/1.1" 200 3498
66.249.71.5 - - [05/Jul/2015:00:50:52 +0800] "GET /digiarch3/content/nav/relationSubject.jsp?relationWords=%E6%A4%8D%E7%89%A9%E7%95%8C%20%E6%B0%B4%E9%BE%8D%E9%AA%A8%20%E7%A2%97%E8%95%A8%E7%A7%91%20%E8%95%A8%E9%A1%9E%E6%A4%8D%E7%89%A9%20%E9%82%8A%E7%B7%A3%E9%B1%97%E8%93%8B%E8%95%A8%20%E9%B1%97%E8%93%8B%E8%95%A8%E5%B1%AC%20&oid=1460198 HTTP/1.1" 200 3498
66.249.71.45 - - [05/Jul/2015:00:50:55 +0800] "GET /content/nav/relationSubject.jsp?relationWords=%E5%AE%98%E6%9E%97+%E6%9E%97%E5%9C%8B%E8%B3%A1+&oid=606077 HTTP/1.1" 200 3374
66.249.71.64 - - [05/Jul/2015:00:50:56 +0800] "GET /content/nav/relationSubject.jsp?relationWords=%E5%A4%A7%E5%BD%88%E5%A1%97%E9%AD%9A+%E8%99%8E%E7%A7%91+&oid=4352701 HTTP/1.1" 200 3092
66.249.71.36 - - [05/Jul/2015:00:50:57 +0800] "GET /content/nav/relationSubject.jsp?relationWords=%E5%AE%98%E6%9E%97%20%E6%9E%97%E5%9C%8B%E8%B3%A1%20&oid=606077 HTTP/1.1" 200 3374
66.249.71.72 - - [05/Jul/2015:00:50:59 +0800] "GET /content/nav/relationSubject.jsp?relationWords=%E5%A4%A7%E5%BD%88%E5%A1%97%E9%AD%9A%20%E8%99%8E%E7%A7%91%20&oid=4352701 HTTP/1.1" 200 3092
66.249.71.119 - - [05/Jul/2015:00:51:00 +0800] "GET /content/nav/relationSubject.jsp?relationWords=%E7%A6%AE%E9%83%A8+&oid=2675937 HTTP/1.1" 200 3060
66.249.71.60 - - [05/Jul/2015:00:51:09 +0800] "GET /content/nav/relationSubject.jsp?relationWords=%E5%85%AC%E8%B3%A3%E5%B1%80+%E5%95%A4%E9%85%92+%E7%87%9F%E7%B9%95%E5%B7%A5%E7%A8%8B+%E7%B8%BD%E8%B3%AA%E8%A9%A2+%E8%B3%AA%E8%A9%A2+%E9%85%92%E5%BB%A0+%E9%90%B5%E5%B7%A5%E5%BB%A0+&oid=1615232 HTTP/1.1" 200 6559
66.249.71.72 - - [05/Jul/2015:00:51:12 +0800] "GET /content/nav/relationSubject.jsp?relationWords=%E5%85%AC%E8%B3%A3%E5%B1%80%20%E5%95%A4%E9%85%92%20%E7%87%9F%E7%B9%95%E5%B7%A5%E7%A8%8B%20%E7%B8%BD%E8%B3%AA%E8%A9%A2%20%E8%B3%AA%E8%A9%A2%20%E9%85%92%E5%BB%A0%20%E9%90%B5%E5%B7%A5%E5%BB%A0%20&oid=1615232 HTTP/1.1" 200 6559
123.125.71.73 - - [05/Jul/2015:00:51:23 +0800] "GET /content/subject/resource_content.jsp?oid=16777596&queryType=qc HTTP/1.1" 200 29153
66.249.71.14 - - [05/Jul/2015:00:51:25 +0800] "GET /digiarch3/content/repository/resource_content.jsp?oid=523290&queryString=%E6%A3%98%E5%86%A0%E8%9E%BA HTTP/1.1" 200 37316
66.249.71.60 - - [05/Jul/2015:00:51:48 +0800] "GET /content/nav/relationSubject.jsp?relationWords=%E8%8A%B1%E8%94%93+%E8%94%93%E6%BE%A4%E8%98%AD+&oid=16777266 HTTP/1.1" 200 4225
66.249.71.60 - - [05/Jul/2015:00:51:59 +0800] "GET /content/nav/relationSubject.jsp?relationWords=%E5%8F%B0%E7%81%A3%E6%96%87%E5%8C%96+%E5%98%89%E5%B9%B4%E8%8F%AF+%E6%96%87%E5%8C%96%E7%AF%80+%E6%96%87%E5%8C%96%E8%97%9D%E8%A1%93+&oid=1774402 HTTP/1.1" 200 3871
66.249.71.72 - - [05/Jul/2015:00:52:01 +0800] "GET /content/nav/relationSubject.jsp?relationWords=%E5%8F%B0%E7%81%A3%E6%96%87%E5%8C%96%20%E5%98%89%E5%B9%B4%E8%8F%AF%20%E6%96%87%E5%8C%96%E7%AF%80%20%E6%96%87%E5%8C%96%E8%97%9D%E8%A1%93%20&oid=1774402 HTTP/1.1" 200 3871
66.249.71.127 - - [05/Jul/2015:00:52:02 +0800] "GET /content/nav/relationSubject.jsp?relationWords=%E8%80%97%E7%BE%A8%E9%8A%80+%E8%A7%A3%E5%B7%9D+%E9%8A%80%E6%95%B8+&oid=2655328 HTTP/1.1" 200 3154
66.249.71.3 - - [05/Jul/2015:00:52:04 +0800] "GET /content/nav/relationSubject.jsp?relationWords=%E8%80%97%E7%BE%A8%E9%8A%80%20%E8%A7%A3%E5%B7%9D%20%E9%8A%80%E6%95%B8%20&oid=2655328 HTTP/1.1" 200 3154
207.46.13.23 - - [05/Jul/2015:00:52:12 +0800] "GET /content/pictures/picture_content.jsp?oid=33554741 HTTP/1.1" 200 27277
66.249.71.64 - - [05/Jul/2015:00:52:30 +0800] "GET /content/nav/relationSubject.jsp?relationWords=%E5%85%AC%E5%8B%99%E4%BA%BA%E5%93%A1%E5%8D%87%E9%81%B7+&oid=1621014 HTTP/1.1" 200 6706
207.46.13.23 - - [05/Jul/2015:00:52:44 +0800] "GET /content/repository/resource_content.jsp?oid=1896474 HTTP/1.1" 200 31685
66.249.71.72 - - [05/Jul/2015:00:53:30 +0800] "GET /content/nav/relationSubject.jsp?relationWords=%E5%92%8C%E5%B9%B3%E9%84%89+%E6%A2%A8%E5%B1%B1+&oid=1593540 HTTP/1.1" 200 3448
66.249.71.72 - - [05/Jul/2015:00:53:32 +0800] "GET /content/nav/relationSubject.jsp?relationWords=%E5%92%8C%E5%B9%B3%E9%84%89%20%E6%A2%A8%E5%B1%B1%20&oid=1593540 HTTP/1.1" 200 3448
66.249.71.60 - - [05/Jul/2015:00:53:42 +0800] "GET /content/repository/resource_content.jsp?oid=1518612&queryString=%E5%8C%97%E6%96%97%E9%8E%AE HTTP/1.1" 200 28913
