66.249.79.32 - - [08/Jul/2015:03:24:27 +0800] "GET /content/nav/relationSubject.jsp?relationWords=%E5%9C%93%E6%B5%B7%E7%87%95+%E5%9C%93%E7%9C%BC%E7%87%95%E9%AD%9A+%E7%87%95%E9%AD%9A+%E7%99%BD%E9%AF%A7%E7%A7%91+%E9%AF%A7%E4%BB%94+&oid=16262 HTTP/1.1" 200 4283
66.249.71.60 - - [08/Jul/2015:03:24:31 +0800] "GET /content/nav/relationSubject.jsp?relationWords=%E5%9C%93%E6%B5%B7%E7%87%95%20%E5%9C%93%E7%9C%BC%E7%87%95%E9%AD%9A%20%E7%87%95%E9%AD%9A%20%E7%99%BD%E9%AF%A7%E7%A7%91%20%E9%AF%A7%E4%BB%94%20&oid=16262 HTTP/1.1" 200 4283
66.249.71.64 - - [08/Jul/2015:03:24:33 +0800] "GET /content/nav/relationSubject.jsp?relationWords=%E9%BE%9C%E7%94%B2%E5%8D%9C%E8%BE%AD%E6%AE%98%E7%89%87+&oid=1873341 HTTP/1.1" 200 3071
66.249.71.60 - - [08/Jul/2015:03:24:37 +0800] "GET /content/nav/relationSubject.jsp?relationWords=%E9%BE%9C%E7%94%B2%E5%8D%9C%E8%BE%AD%E6%AE%98%E7%89%87%20&oid=1873341 HTTP/1.1" 200 3071
66.249.79.46 - - [08/Jul/2015:03:24:57 +0800] "GET /content/repository/resource_content.jsp?oid=15286&queryString=%E5%B8%86%E9%B0%AD%E9%AD%B4%20%E6%B7%B1%E6%B5%B7%E4%B8%89%E8%A7%92%E4%BB%94%20%E7%83%8F%E9%AD%B4%20%E9%BB%91%E7%9A%AE%E5%88%80%20%E9%BB%91%E9%A3%9B%E5%88%80 HTTP/1.1" 200 35601
66.249.71.72 - - [08/Jul/2015:03:25:04 +0800] "GET /content/nav/relationSubject.jsp?relationWords=%E4%BD%99%E9%99%B3%E6%9C%88%E7%91%9B+%E5%85%AC%E5%BB%B3+%E6%B9%AF%E6%85%B6%E6%9D%BE+&oid=1607540 HTTP/1.1" 200 4683
66.249.71.60 - - [08/Jul/2015:03:25:05 +0800] "GET /content/nav/relationSubject.jsp?relationWords=%E4%BD%99%E9%99%B3%E6%9C%88%E7%91%9B%20%E5%85%AC%E5%BB%B3%20%E6%B9%AF%E6%85%B6%E6%9D%BE%20&oid=1607540 HTTP/1.1" 200 4683
66.249.71.72 - - [08/Jul/2015:03:25:06 +0800] "GET /content/nav/relationSubject.jsp?relationWords=%E7%92%B0%E7%B4%8B%E5%85%A8%E8%A3%B8%E9%B8%9A%E9%AF%9B+%E7%B4%B0%E9%B1%97%E7%9B%94%E9%AD%9A+%E8%BB%9F%E9%91%BD%E4%BB%94+%E9%89%9B%E7%AD%86%E9%BE%8D+%E9%9A%86%E9%A0%AD%E9%AD%9A%E7%A7%91+%E9%B1%97%E9%B8%9A%E9%AF%9B+%E9%B8%9A%E9%AF%9B+&oid=4352952 HTTP/1.1" 200 3830
66.249.71.64 - - [08/Jul/2015:03:25:08 +0800] "GET /content/nav/relationSubject.jsp?relationWords=%E7%92%B0%E7%B4%8B%E5%85%A8%E8%A3%B8%E9%B8%9A%E9%AF%9B%20%E7%B4%B0%E9%B1%97%E7%9B%94%E9%AD%9A%20%E8%BB%9F%E9%91%BD%E4%BB%94%20%E9%89%9B%E7%AD%86%E9%BE%8D%20%E9%9A%86%E9%A0%AD%E9%AD%9A%E7%A7%91%20%E9%B1%97%E9%B8%9A%E9%AF%9B%20%E9%B8%9A%E9%AF%9B%20&oid=4352952 HTTP/1.1" 200 3830
66.249.71.54 - - [08/Jul/2015:03:25:26 +0800] "GET /content/nav/relationSubject.jsp?relationWords=%E4%B8%89%E9%BD%92%E4%BB%94+%E5%AF%92%E9%AF%9B+%E5%B0%8D%E6%96%91%E7%8B%90%E9%AF%9B+%E6%96%91%E6%99%AE%E6%8F%90+%E6%97%A5%E6%9C%AC%E5%A9%86%E4%BB%94+%E7%8B%90%E9%AF%9B+%E7%B4%85%E5%A8%98%E4%BB%94+%E9%9A%86%E9%A0%AD%E9%AD%9A%E7%A7%91+%E9%BB%83%E9%BB%9E%E9%BE%8D+&oid=15744 HTTP/1.1" 200 3881
66.249.71.127 - - [08/Jul/2015:03:25:28 +0800] "GET /content/nav/relationSubject.jsp?relationWords=%E4%BA%BA%E5%90%8D%E6%AC%8A%E5%A8%81+%E5%AE%AE%E5%85%A7%E7%9C%81+%E7%A8%85%E5%8B%99+%E8%94%A1%E5%BB%B7%E5%B9%B9+&oid=633495 HTTP/1.1" 200 3288
66.249.71.36 - - [08/Jul/2015:03:25:29 +0800] "GET /content/nav/relationSubject.jsp?relationWords=%E4%B8%89%E9%BD%92%E4%BB%94%20%E5%AF%92%E9%AF%9B%20%E5%B0%8D%E6%96%91%E7%8B%90%E9%AF%9B%20%E6%96%91%E6%99%AE%E6%8F%90%20%E6%97%A5%E6%9C%AC%E5%A9%86%E4%BB%94%20%E7%8B%90%E9%AF%9B%20%E7%B4%85%E5%A8%98%E4%BB%94%20%E9%9A%86%E9%A0%AD%E9%AD%9A%E7%A7%91%20%E9%BB%83%E9%BB%9E%E9%BE%8D%20&oid=15744 HTTP/1.1" 200 3881
66.249.71.119 - - [08/Jul/2015:03:25:31 +0800] "GET /content/nav/relationSubject.jsp?relationWords=%E4%BA%BA%E5%90%8D%E6%AC%8A%E5%A8%81%20%E5%AE%AE%E5%85%A7%E7%9C%81%20%E7%A8%85%E5%8B%99%20%E8%94%A1%E5%BB%B7%E5%B9%B9%20&oid=633495 HTTP/1.1" 200 3288
123.125.71.98 - - [08/Jul/2015:03:26:06 +0800] "GET /content/repository/resource_content.jsp?oid=597183 HTTP/1.1" 200 28500
66.249.71.60 - - [08/Jul/2015:03:26:09 +0800] "GET /content/repository/resource_content.jsp?oid=1112150&queryString=%E6%A4%8D%E7%89%A9%E7%95%8C%20%E6%AF%9B%E8%8C%9B%20%E6%AF%9B%E8%8C%9B%E5%B1%AC%20%E6%AF%9B%E8%8C%9B%E7%A7%91%20%E6%AF%9B%E8%8E%A8 HTTP/1.1" 200 31576
66.249.71.119 - - [08/Jul/2015:03:26:16 +0800] "GET /content/repository/resource_content.jsp?oid=2516268&queryType=qs&queryString=%E8%88%B9%E6%96%99 HTTP/1.1" 200 29816
66.249.71.64 - - [08/Jul/2015:03:26:18 +0800] "GET /content/nav/relationSubject.jsp?relationWords=%E4%BA%A4%E5%8A%9B%E5%9D%AA%E9%90%B5%E8%89%B2+%E5%A4%A7%E6%88%9F+%E5%A4%A7%E6%88%9F%E7%A7%91+%E6%A4%8D%E7%89%A9%E7%95%8C+%E9%90%B5%E8%89%B2%E5%B1%AC+&oid=1462907 HTTP/1.1" 200 3400
66.249.71.64 - - [08/Jul/2015:03:26:20 +0800] "GET /content/nav/relationSubject.jsp?relationWords=%E4%BA%A4%E5%8A%9B%E5%9D%AA%E9%90%B5%E8%89%B2%20%E5%A4%A7%E6%88%9F%20%E5%A4%A7%E6%88%9F%E7%A7%91%20%E6%A4%8D%E7%89%A9%E7%95%8C%20%E9%90%B5%E8%89%B2%E5%B1%AC%20&oid=1462907 HTTP/1.1" 200 3400
220.181.108.163 - - [08/Jul/2015:03:26:21 +0800] "GET /content/nav/relationSubject.jsp?relationWords=&oid=597183 HTTP/1.1" 200 1405
66.249.71.64 - - [08/Jul/2015:03:26:40 +0800] "GET /content/nav/relationSubject.jsp?relationWords=%E5%8D%97%E6%8A%95%E7%B8%A3%E6%94%BF%E5%BA%9C+%E5%B1%B1%E8%83%9E+%E9%A2%A8%E6%99%AF%E7%89%B9%E5%AE%9A%E5%8D%80+&oid=1631802 HTTP/1.1" 200 3859
66.249.71.72 - - [08/Jul/2015:03:26:49 +0800] "GET /content/nav/relationSubject.jsp?relationWords=%E5%8D%97%E6%8A%95%E7%B8%A3%E6%94%BF%E5%BA%9C%20%E5%B1%B1%E8%83%9E%20%E9%A2%A8%E6%99%AF%E7%89%B9%E5%AE%9A%E5%8D%80%20&oid=1631802 HTTP/1.1" 200 3859
220.181.108.180 - - [08/Jul/2015:03:27:00 +0800] "GET /content/repository/resource_content.jsp?oid=2568752 HTTP/1.1" 200 29769
220.181.108.105 - - [08/Jul/2015:03:27:08 +0800] "GET /content/nav/relationSubject.jsp?relationWords=%E4%B8%81%E9%8A%80+%E5%85%B5%E4%B8%81+%E9%8A%80%E5%85%A9+%E9%96%A9%E6%B5%99+%E9%96%A9%E6%B5%99%E7%B8%BD%E7%9D%A3+&oid=2568752 HTTP/1.1" 200 5569
66.249.71.64 - - [08/Jul/2015:03:27:36 +0800] "GET /content/repository/resource_content.jsp?oid=2641110&queryString=%E5%AE%A2%E9%81%8B%20%E7%9C%81%E9%81%93 HTTP/1.1" 200 29929
207.46.13.34 - - [08/Jul/2015:03:28:07 +0800] "GET /content/subject/resource_content.jsp?oid=16777442&queryType=qc HTTP/1.1" 200 27876
66.249.71.121 - - [08/Jul/2015:03:28:36 +0800] "GET /content/repository/resource_content.jsp?oid=1833819&queryType=qs&queryString=%E7%A2%91%E9%A1%8D HTTP/1.1" 200 31066
123.125.71.76 - - [08/Jul/2015:03:28:46 +0800] "GET /content/repository/resource_content.jsp?oid=2683300 HTTP/1.1" 200 29851
66.249.71.3 - - [08/Jul/2015:03:28:55 +0800] "GET /content/repository/resource_content.jsp?oid=1534753&queryType=qs&queryString=%E5%AF%8C%E6%BA%90 HTTP/1.1" 200 32473
123.125.71.23 - - [08/Jul/2015:03:29:40 +0800] "GET /content/repository/resource_content.jsp?oid=570396 HTTP/1.1" 200 28088
207.46.13.34 - - [08/Jul/2015:03:30:03 +0800] "GET /content/subject/resource_content.jsp?oid=16777524&queryType=qc HTTP/1.1" 200 27633
66.249.71.121 - - [08/Jul/2015:03:30:14 +0800] "GET /content/repository/resource_content.jsp?oid=1628613&queryString=%E7%84%A1%E7%B7%9A%E9%9B%BB HTTP/1.1" 200 29466
66.249.79.72 - - [08/Jul/2015:03:30:47 +0800] "GET /content/nav/relationSubject.jsp?relationWords=%E7%A6%AE%E6%9C%8D%20%E7%A6%AE%E9%83%A8%20&oid=2634223 HTTP/1.1" 200 3873
66.249.71.3 - - [08/Jul/2015:03:30:59 +0800] "GET /content/nav/relationSubject.jsp?relationWords=%E7%8B%97%E9%B0%B7+&oid=15917 HTTP/1.1" 200 3437
66.249.71.119 - - [08/Jul/2015:03:31:00 +0800] "GET /content/nav/relationSubject.jsp?relationWords=%E7%8B%97%E9%B0%B7%20&oid=15917 HTTP/1.1" 200 3437
66.249.71.105 - - [08/Jul/2015:03:31:03 +0800] "GET /content/repository/resource_content.jsp?oid=4458341&queryType=qs&queryString=%E5%90%89%E6%98%A5 HTTP/1.1" 200 29681
66.249.71.72 - - [08/Jul/2015:03:31:34 +0800] "GET /content/repository/resource_content.jsp?oid=2687436&queryString=%E8%8F%AF%E4%BA%AD%20%E9%99%B8%E6%B8%AC%E5%9C%96 HTTP/1.1" 200 30051
157.55.39.13 - - [08/Jul/2015:03:32:24 +0800] "GET /content/subject/resource_content.jsp?oid=16777457&queryType=qc HTTP/1.1" 200 29752
66.249.71.119 - - [08/Jul/2015:03:32:53 +0800] "GET /content/repository/resource_content.jsp?oid=1523275&queryString=%E8%A3%95%E6%B0%91 HTTP/1.1" 200 29046
66.249.71.105 - - [08/Jul/2015:03:33:28 +0800] "GET /content/repository/resource_content.jsp?oid=1172868&queryType=qs&queryString=%E5%B9%B2%E6%AC%84%E5%BC%8F HTTP/1.1" 200 30587
66.249.71.23 - - [08/Jul/2015:03:34:12 +0800] "GET /digiarch3/content/repository/resource_content.jsp?oid=1126280&queryString=%E5%AD%94%E9%9B%80%E8%9B%A4%20%E6%AE%BC%E8%8F%9C%E8%9B%A4%E7%A7%91%20%E7%B6%A0%E6%AE%BC%E8%8F%9C%E8%9B%A4%20%E7%BF%A1%E7%BF%A0%E8%B2%BD%E8%B2%9D%20%E8%B2%BD%E8%B2%9D%20%E9%9B%99%E6%AE%BC%E7%B6%B1 HTTP/1.1" 200 32654
157.55.39.50 - - [08/Jul/2015:03:34:24 +0800] "GET /content/repository/resource_content.jsp?oid=1890158 HTTP/1.1" 200 28941
157.55.39.30 - - [08/Jul/2015:03:35:24 +0800] "GET /content/repository/resource_content.jsp?oid=2145229&queryString=%E5%B1%B1%E6%9C%88%E6%A1%83%20%E6%9C%88%E6%A1%83%E5%B1%AC HTTP/1.1" 200 31000
66.249.71.3 - - [08/Jul/2015:03:35:32 +0800] "GET /content/subject/resource_content.jsp?oid=16777778&queryType=qs&queryString=%E6%9B%BE%E5%8F%83 HTTP/1.1" 200 37096
157.55.39.31 - - [08/Jul/2015:03:35:44 +0800] "GET /content/repository/resource_content.jsp?oid=3400381 HTTP/1.1" 200 29518
66.249.71.113 - - [08/Jul/2015:03:35:56 +0800] "GET /content/repository/resource_content.jsp?oid=607395&queryType=qs&queryString=%E6%9C%B1%E9%82%87%E5%85%B8 HTTP/1.1" 200 28204
157.55.39.31 - - [08/Jul/2015:03:36:04 +0800] "GET /content/repository/resource_content.jsp?oid=3401244 HTTP/1.1" 200 29471
66.249.71.64 - - [08/Jul/2015:03:37:03 +0800] "GET /content/nav/relationSubject.jsp?relationWords=%E4%B8%8A%E8%AA%B2+%E4%B8%AD%E5%AD%B8%E6%95%99%E8%82%B2+%E5%84%80%E5%99%A8+%E5%85%AB%E6%96%97%E5%AD%90+%E5%9C%8B%E6%B0%91%E4%B8%AD%E5%AD%B8+%E5%9F%BA%E9%9A%86%E5%B8%82%E6%94%BF%E5%BA%9C+%E5%AE%B6%E6%94%BF+%E5%BC%B5%E6%8C%AF%E7%94%9F+%E6%A0%A1%E8%88%8D+%E7%B6%93%E6%BF%9F%E5%BB%BA%E8%A8%AD+%E8%81%B7%E6%A0%A1+%E8%81%B7%E6%A5%AD%E5%AD%B8%E6%A0%A1+%E8%87%BA%E5%8D%97%E7%B8%A3+%E8%B3%AA%E8%A9%A2+%E9%99%B3%E8%8F%AF%E5%AE%97+%E9%A0%98%E5%B0%8E+%E9%BA%BB%E8%B1%86+&oid=1576716 HTTP/1.1" 200 5675
66.249.71.72 - - [08/Jul/2015:03:37:05 +0800] "GET /content/nav/relationSubject.jsp?relationWords=%E4%B8%8A%E8%AA%B2%20%E4%B8%AD%E5%AD%B8%E6%95%99%E8%82%B2%20%E5%84%80%E5%99%A8%20%E5%85%AB%E6%96%97%E5%AD%90%20%E5%9C%8B%E6%B0%91%E4%B8%AD%E5%AD%B8%20%E5%9F%BA%E9%9A%86%E5%B8%82%E6%94%BF%E5%BA%9C%20%E5%AE%B6%E6%94%BF%20%E5%BC%B5%E6%8C%AF%E7%94%9F%20%E6%A0%A1%E8%88%8D%20%E7%B6%93%E6%BF%9F%E5%BB%BA%E8%A8%AD%20%E8%81%B7%E6%A0%A1%20%E8%81%B7%E6%A5%AD%E5%AD%B8%E6%A0%A1%20%E8%87%BA%E5%8D%97%E7%B8%A3%20%E8%B3%AA%E8%A9%A2%20%E9%99%B3%E8%8F%AF%E5%AE%97%20%E9%A0%98%E5%B0%8E%20%E9%BA%BB%E8%B1%86%20&oid=1576716 HTTP/1.1" 200 5675
151.80.31.133 - - [08/Jul/2015:03:37:09 +0800] "GET /content/subject/resource_content.jsp?oid=16777825&queryType=qc HTTP/1.1" 200 41683
66.249.71.60 - - [08/Jul/2015:03:37:13 +0800] "GET /content/nav/relationSubject.jsp?relationWords=%E6%89%98%E5%85%92%E6%89%80+%E8%BB%8D%E7%9C%B7+&oid=1554003 HTTP/1.1" 200 3851
157.55.39.31 - - [08/Jul/2015:03:37:24 +0800] "GET /content/repository/resource_content.jsp?oid=3818071 HTTP/1.1" 200 30840
66.249.71.121 - - [08/Jul/2015:03:37:25 +0800] "GET /content/nav/relationSubject.jsp?relationWords=%E5%96%80%E4%BB%80%E5%99%B6%E7%88%BE+&oid=2667088 HTTP/1.1" 200 3138
66.249.71.64 - - [08/Jul/2015:03:37:29 +0800] "GET /content/nav/relationSubject.jsp?relationWords=%E5%94%87%E5%BD%A2%E7%A7%91%20%E6%A4%8D%E7%89%A9%E7%95%8C%20%E8%96%84%E8%8D%B7%20%E8%96%84%E8%8D%B7%E5%B1%AC%20%E9%9B%99%E5%AD%90%E8%91%89%E6%A4%8D%E7%89%A9%20&oid=2152909 HTTP/1.1" 200 3414
66.249.71.72 - - [08/Jul/2015:03:37:40 +0800] "GET /content/nav/relationSubject.jsp?relationWords=%E5%8D%9C%E8%BE%AD%E6%AE%98%E7%89%87+%E7%8D%B8%E9%AA%A8%E5%8D%9C%E8%BE%AD+&oid=1839647 HTTP/1.1" 200 3118
157.55.39.13 - - [08/Jul/2015:03:37:41 +0800] "GET /content/subject/resource_content.jsp?oid=16777434&queryType=qc HTTP/1.1" 200 31629
66.249.71.60 - - [08/Jul/2015:03:37:43 +0800] "GET /content/nav/relationSubject.jsp?relationWords=%E5%8D%9C%E8%BE%AD%E6%AE%98%E7%89%87%20%E7%8D%B8%E9%AA%A8%E5%8D%9C%E8%BE%AD%20&oid=1839647 HTTP/1.1" 200 3118
157.55.39.31 - - [08/Jul/2015:03:37:44 +0800] "GET /content/repository/resource_content.jsp?oid=4364270 HTTP/1.1" 200 28070
157.55.39.18 - - [08/Jul/2015:03:37:56 +0800] "GET /content/subject/resource_content.jsp?oid=16777841&queryType=qc> HTTP/1.1" 200 27550
66.249.71.72 - - [08/Jul/2015:03:38:11 +0800] "GET /content/repository/resource_content.jsp?oid=1624634&queryString=%E6%8E%92%E6%B0%B4%E6%BA%9D%20%E6%B0%B4%E7%81%BD%E6%A1%88 HTTP/1.1" 200 29600
66.249.71.72 - - [08/Jul/2015:03:38:15 +0800] "GET /content/nav/relationSubject.jsp?relationWords=%E5%8D%B0%E5%BA%A6%E8%8C%84+%E6%A4%8D%E7%89%A9%E7%95%8C+%E8%8C%84%E5%B1%AC+%E8%8C%84%E7%A7%91+&oid=1095840 HTTP/1.1" 200 3182
66.249.71.72 - - [08/Jul/2015:03:38:17 +0800] "GET /content/nav/relationSubject.jsp?relationWords=%E5%8D%B0%E5%BA%A6%E8%8C%84%20%E6%A4%8D%E7%89%A9%E7%95%8C%20%E8%8C%84%E5%B1%AC%20%E8%8C%84%E7%A7%91%20&oid=1095840 HTTP/1.1" 200 3182
66.249.71.113 - - [08/Jul/2015:03:38:23 +0800] "GET /content/repository/resource_content.jsp?oid=2675080&queryType=qs&queryString=%E5%BB%82%E7%B4%85 HTTP/1.1" 200 30836
66.249.71.60 - - [08/Jul/2015:03:38:57 +0800] "GET /content/nav/relationSubject.jsp?relationWords=%E5%9C%8B%E7%95%8C%E5%9C%96+&oid=183871 HTTP/1.1" 200 3389
66.249.71.72 - - [08/Jul/2015:03:39:09 +0800] "GET /content/nav/relationSubject.jsp?relationWords=%E5%90%B3%E9%83%A1+%E6%98%8E%E5%88%8A%E6%9C%AC+%E8%81%AF%E5%90%88%E7%9B%AE%E9%8C%84+&oid=3205270 HTTP/1.1" 200 3761
66.249.71.72 - - [08/Jul/2015:03:39:09 +0800] "GET /content/nav/relationSubject.jsp?relationWords=%E5%9C%8B%E7%95%8C%E5%9C%96%20&oid=183871 HTTP/1.1" 200 3389
66.249.71.60 - - [08/Jul/2015:03:39:10 +0800] "GET /content/nav/relationSubject.jsp?relationWords=%E5%90%B3%E9%83%A1%20%E6%98%8E%E5%88%8A%E6%9C%AC%20%E8%81%AF%E5%90%88%E7%9B%AE%E9%8C%84%20&oid=3205270 HTTP/1.1" 200 3761
66.249.71.36 - - [08/Jul/2015:03:39:21 +0800] "GET /content/nav/relationSubject.jsp?relationWords=%E6%9C%A8%E9%AD%9A+&oid=4362271 HTTP/1.1" 200 2942
66.249.71.45 - - [08/Jul/2015:03:39:22 +0800] "GET /content/nav/relationSubject.jsp?relationWords=%E6%9C%A8%E9%AD%9A%20&oid=4362271 HTTP/1.1" 200 2942
220.181.108.169 - - [08/Jul/2015:03:39:33 +0800] "GET /content/repository/resource_content.jsp?oid=4363203 HTTP/1.1" 200 28796
66.249.71.64 - - [08/Jul/2015:03:40:14 +0800] "GET /content/nav/relationSubject.jsp?relationWords=%E9%AA%A8%E7%AE%AD%E9%A0%AD+&oid=1859512 HTTP/1.1" 200 2990
66.249.71.60 - - [08/Jul/2015:03:40:15 +0800] "GET /content/nav/relationSubject.jsp?relationWords=%E9%AA%A8%E7%AE%AD%E9%A0%AD%20&oid=1859512 HTTP/1.1" 200 2990
207.46.13.34 - - [08/Jul/2015:03:40:24 +0800] "GET /content/repository/resource_content.jsp?oid=523575&queryType=null&queryString= HTTP/1.1" 200 38815
123.125.71.98 - - [08/Jul/2015:03:40:26 +0800] "GET /content/repository/resource_content.jsp?oid=1843453 HTTP/1.1" 200 28778
66.249.71.3 - - [08/Jul/2015:03:40:31 +0800] "GET /content/nav/relationSubject.jsp?relationWords=&oid=2684053 HTTP/1.1" 200 1405
220.181.108.102 - - [08/Jul/2015:03:40:33 +0800] "GET /content/nav/relationSubject.jsp?relationWords=%E7%B4%A1%E8%BC%AA+&oid=1843453 HTTP/1.1" 200 2997
66.249.71.5 - - [08/Jul/2015:03:40:40 +0800] "GET /content/nav/relationSubject.jsp?relationWords=&oid=16777788 HTTP/1.1" 200 1405
66.249.71.127 - - [08/Jul/2015:03:40:49 +0800] "GET /content/subject/resource_content.jsp?oid=16777462&queryType=qs&queryString=%E4%BF%A1%E7%94%A8%E5%8D%A1 HTTP/1.1" 200 55310
66.249.71.60 - - [08/Jul/2015:03:40:50 +0800] "GET /content/repository/resource_content.jsp?oid=1614721 HTTP/1.1" 200 28916
27.134.255.222 - - [08/Jul/2015:03:41:17 +0800] "GET /content/repository/resource_content.jsp?oid=1618179 HTTP/1.1" 200 29030
66.249.71.121 - - [08/Jul/2015:03:41:17 +0800] "GET /content/nav/relationSubject.jsp?relationWords=&oid=2512771 HTTP/1.1" 200 1405
27.134.255.222 - - [08/Jul/2015:03:41:17 +0800] "GET /content/repository/resource_content.jsp?oid=1618179 HTTP/1.1" 200 29030
27.134.255.222 - - [08/Jul/2015:03:41:18 +0800] "GET /content/repository/resource_content.jsp?oid=1618179 HTTP/1.1" 200 29030
220.181.108.95 - - [08/Jul/2015:03:41:20 +0800] "GET /content/repository/resource_content.jsp?oid=1844889 HTTP/1.1" 200 29843
66.249.71.60 - - [08/Jul/2015:03:41:28 +0800] "GET /content/nav/relationSubject.jsp?relationWords=%E7%B7%A9%E5%BE%B5+%E8%AA%B2%E7%A8%85+&oid=1537283 HTTP/1.1" 200 3131
66.249.71.60 - - [08/Jul/2015:03:41:29 +0800] "GET /content/nav/relationSubject.jsp?relationWords=%E7%B7%A9%E5%BE%B5%20%E8%AA%B2%E7%A8%85%20&oid=1537283 HTTP/1.1" 200 3131
66.249.71.72 - - [08/Jul/2015:03:41:58 +0800] "GET /content/nav/relationSubject.jsp?relationWords=%E5%83%A7%E5%A1%94%E5%AF%BA+%E9%99%B8%E6%B8%AC%E5%9C%96+&oid=225429 HTTP/1.1" 200 3129
66.249.71.64 - - [08/Jul/2015:03:42:01 +0800] "GET /content/nav/relationSubject.jsp?relationWords=%E5%83%A7%E5%A1%94%E5%AF%BA%20%E9%99%B8%E6%B8%AC%E5%9C%96%20&oid=225429 HTTP/1.1" 200 3129
66.249.71.64 - - [08/Jul/2015:03:42:04 +0800] "GET /content/nav/relationSubject.jsp?relationWords=&oid=1562123 HTTP/1.1" 200 1405
66.249.71.60 - - [08/Jul/2015:03:42:16 +0800] "GET /content/nav/relationSubject.jsp?relationWords=%E6%98%8C%E6%84%9F%E7%A7%8B%E6%B5%B7%E6%A3%A0+%E7%9B%BE%E8%91%89%E7%A7%8B%E6%B5%B7%E6%A3%A0+%E7%A7%8B%E6%B5%B7%E6%A3%A0%E5%B1%AC+&oid=1111652 HTTP/1.1" 200 3173
66.249.71.60 - - [08/Jul/2015:03:42:19 +0800] "GET /content/nav/relationSubject.jsp?relationWords=%E6%98%8C%E6%84%9F%E7%A7%8B%E6%B5%B7%E6%A3%A0%20%E7%9B%BE%E8%91%89%E7%A7%8B%E6%B5%B7%E6%A3%A0%20%E7%A7%8B%E6%B5%B7%E6%A3%A0%E5%B1%AC%20&oid=1111652 HTTP/1.1" 200 3173
66.249.71.105 - - [08/Jul/2015:03:43:02 +0800] "GET /content/nav/relationSubject.jsp?relationWords=&oid=2617578 HTTP/1.1" 200 1405
66.249.71.121 - - [08/Jul/2015:03:43:16 +0800] "GET /content/repository/resource_content.jsp?oid=4470387&queryType=qs&queryString=%E5%83%A7%E4%BE%B6 HTTP/1.1" 200 36223
66.249.71.119 - - [08/Jul/2015:03:43:28 +0800] "GET /content/repository/resource_content.jsp?oid=2668529&queryType=qs&queryString=%E5%90%88%E8%82%A5%E7%B8%A3 HTTP/1.1" 200 29824
66.249.71.72 - - [08/Jul/2015:03:45:03 +0800] "GET /content/nav/relationSubject.jsp?relationWords=%E7%B9%A9%E7%B4%8B%E7%99%BD%E9%99%B6+&oid=1870984 HTTP/1.1" 200 3017
66.249.71.113 - - [08/Jul/2015:03:45:04 +0800] "GET /content/nav/relationSubject.jsp?relationWords=%E5%B7%A1%E6%8C%89%20%E5%B7%A1%E6%8C%89%E5%BE%A1%E5%8F%B2%20%E5%BE%A1%E5%8F%B2%20%E6%8B%8F%E4%BA%8B%20%E6%8D%95%E6%8B%8F%20&oid=2521460 HTTP/1.1" 200 3283
66.249.71.64 - - [08/Jul/2015:03:45:05 +0800] "GET /content/nav/relationSubject.jsp?relationWords=%E7%B9%A9%E7%B4%8B%E7%99%BD%E9%99%B6%20&oid=1870984 HTTP/1.1" 200 3017
157.55.39.12 - - [08/Jul/2015:03:45:13 +0800] "GET /content/subject/resource_content.jsp?oid=16777559&queryType=qc HTTP/1.1" 200 42464
66.249.71.64 - - [08/Jul/2015:03:45:21 +0800] "GET /content/nav/relationSubject.jsp?relationWords=&oid=2560455 HTTP/1.1" 200 1405
157.55.39.31 - - [08/Jul/2015:03:45:24 +0800] "GET /content/repository/resource_content.jsp?oid=4364514&queryString=%E6%B0%91%E6%97%8F%E5%AD%B8%20%E6%B0%91%E9%96%93%E4%BF%A1%E4%BB%B0 HTTP/1.1" 200 28336
157.55.39.31 - - [08/Jul/2015:03:45:26 +0800] "GET /content/subject/resource_content.jsp?oid=16777753&queryType=qc HTTP/1.1" 200 36842
157.55.39.31 - - [08/Jul/2015:03:45:43 +0800] "GET /content/repository/resource_content.jsp?oid=4588726&queryString=%E5%BD%A9%E7%B9%AA HTTP/1.1" 200 29478
66.249.71.113 - - [08/Jul/2015:03:45:44 +0800] "GET /content/repository/resource_content.jsp?oid=2546229&queryType=qs&queryString=%E9%87%91%E9%8A%85 HTTP/1.1" 200 29759
157.55.39.13 - - [08/Jul/2015:03:45:50 +0800] "GET /content/subject/resource_content.jsp?oid=16777837&queryType=qc HTTP/1.1" 200 37549
220.181.108.112 - - [08/Jul/2015:03:46:05 +0800] "GET /content/repository/resource_content.jsp?oid=3353139 HTTP/1.1" 200 28275
66.249.71.119 - - [08/Jul/2015:03:46:07 +0800] "GET /content/repository/resource_content.jsp?oid=4437431&queryString=%E6%A2%81%E5%95%9F%E8%B6%85%20%E6%AD%A6%E5%A3%AB%E9%81%93 HTTP/1.1" 200 29360
66.249.71.119 - - [08/Jul/2015:03:47:05 +0800] "GET /content/nav/relationSubject.jsp?relationWords=%E4%B8%AD%E5%9C%8B%E5%85%B1%E7%94%A2%E9%BB%A8+&oid=4444650 HTTP/1.1" 200 3242
66.249.71.72 - - [08/Jul/2015:03:47:06 +0800] "GET /content/nav/relationSubject.jsp?relationWords=%E4%B8%AD%E5%B1%B1%E5%8D%80+%E5%98%89%E7%BE%A9%E5%B8%82+%E5%98%89%E7%BE%A9%E7%B8%A3%E6%94%BF%E5%BA%9C+%E5%9C%9F%E5%9C%B0%E6%B3%95+%E5%9C%B0%E4%B8%8A%E6%AC%8A+%E6%89%80%E6%9C%89%E6%AC%8A+%E6%9E%97%E6%B0%B4+%E6%B1%9F%E5%BB%A3+%E7%9C%81%E6%94%BF%E5%BA%9C+%E7%9C%81%E6%9C%89%E5%9C%9F%E5%9C%B0+%E8%87%BA%E7%81%A3%E7%9C%81%E6%94%BF%E5%BA%9C+&oid=1897492 HTTP/1.1" 200 5002
66.249.71.119 - - [08/Jul/2015:03:47:07 +0800] "GET /content/nav/relationSubject.jsp?relationWords=%E4%B8%AD%E5%9C%8B%E5%85%B1%E7%94%A2%E9%BB%A8%20&oid=4444650 HTTP/1.1" 200 3242
66.249.71.64 - - [08/Jul/2015:03:47:08 +0800] "GET /content/nav/relationSubject.jsp?relationWords=%E4%B8%AD%E5%B1%B1%E5%8D%80%20%E5%98%89%E7%BE%A9%E5%B8%82%20%E5%98%89%E7%BE%A9%E7%B8%A3%E6%94%BF%E5%BA%9C%20%E5%9C%9F%E5%9C%B0%E6%B3%95%20%E5%9C%B0%E4%B8%8A%E6%AC%8A%20%E6%89%80%E6%9C%89%E6%AC%8A%20%E6%9E%97%E6%B0%B4%20%E6%B1%9F%E5%BB%A3%20%E7%9C%81%E6%94%BF%E5%BA%9C%20%E7%9C%81%E6%9C%89%E5%9C%9F%E5%9C%B0%20%E8%87%BA%E7%81%A3%E7%9C%81%E6%94%BF%E5%BA%9C%20&oid=1897492 HTTP/1.1" 200 5002
68.180.229.54 - - [08/Jul/2015:03:47:19 +0800] "GET /digiarch_en/content/subject/resource_content.jsp?oid=16777458&queryType=qc HTTP/1.1" 200 25581
66.249.71.119 - - [08/Jul/2015:03:47:42 +0800] "GET /content/nav/relationSubject.jsp?relationWords=%E5%A5%8F%E6%91%BA+%E8%81%BD%E5%B7%AE+%E8%B3%80%E6%B8%85%E6%B3%B0+&oid=3399774 HTTP/1.1" 200 3151
115.43.149.133 - - [08/Jul/2015:03:47:42 +0800] "GET /content/subject/resource_content.jsp?oid=16797245&queryType=qc HTTP/1.1" 200 48226
66.249.71.3 - - [08/Jul/2015:03:47:43 +0800] "GET /content/nav/relationSubject.jsp?relationWords=%E5%A5%8F%E6%91%BA%20%E8%81%BD%E5%B7%AE%20%E8%B3%80%E6%B8%85%E6%B3%B0%20&oid=3399774 HTTP/1.1" 200 3151
115.43.149.133 - - [08/Jul/2015:03:47:46 +0800] "GET /content/nav/relationSubject.jsp?relationWords=&oid=16797245 HTTP/1.1" 200 1405
66.249.71.60 - - [08/Jul/2015:03:47:58 +0800] "GET /content/nav/relationSubject.jsp?relationWords=%E4%B8%89%E8%A7%92%E5%80%92%E5%90%8A+%E5%88%BA%E5%B0%BE%E9%AF%9B+%E5%88%BA%E5%B0%BE%E9%AF%9B%E7%A7%91+%E9%AB%98%E9%B0%AD+%E9%AB%98%E9%B0%AD%E5%88%BA%E5%B0%BE%E9%AD%9A+&oid=16314 HTTP/1.1" 200 3615
66.249.71.64 - - [08/Jul/2015:03:47:59 +0800] "GET /content/nav/relationSubject.jsp?relationWords=%E4%B8%89%E8%A7%92%E5%80%92%E5%90%8A%20%E5%88%BA%E5%B0%BE%E9%AF%9B%20%E5%88%BA%E5%B0%BE%E9%AF%9B%E7%A7%91%20%E9%AB%98%E9%B0%AD%20%E9%AB%98%E9%B0%AD%E5%88%BA%E5%B0%BE%E9%AD%9A%20&oid=16314 HTTP/1.1" 200 3615
66.249.71.113 - - [08/Jul/2015:03:48:10 +0800] "GET /content/repository/resource_content.jsp?oid=4500163&queryType=qs&queryString=%E5%8F%A4%E5%B7%9D HTTP/1.1" 200 30465
220.181.108.116 - - [08/Jul/2015:03:48:26 +0800] "GET /content/repository/resource_content.jsp?oid=4475649 HTTP/1.1" 200 28727
123.125.71.90 - - [08/Jul/2015:03:48:41 +0800] "GET /content/nav/relationSubject.jsp?relationWords=%E5%8D%B7%E9%A6%96+&oid=4475649 HTTP/1.1" 200 2927
66.249.71.64 - - [08/Jul/2015:03:48:49 +0800] "GET /content/nav/relationSubject.jsp?relationWords=%E9%BE%9C%E7%94%B2%E5%8D%9C%E8%BE%AD%E6%AE%98%E7%89%87+&oid=1837183 HTTP/1.1" 200 3071
66.249.71.64 - - [08/Jul/2015:03:48:50 +0800] "GET /content/nav/relationSubject.jsp?relationWords=%E9%BE%9C%E7%94%B2%E5%8D%9C%E8%BE%AD%E6%AE%98%E7%89%87%20&oid=1837183 HTTP/1.1" 200 3071
157.55.39.49 - - [08/Jul/2015:03:49:05 +0800] "GET /content/repository/resource_content.jsp?oid=2143597 HTTP/1.1" 200 30157
66.249.71.5 - - [08/Jul/2015:03:49:19 +0800] "GET /digiarch3/content/nav/relationSubject.jsp?relationWords=%E5%BD%A9%E7%B9%AA+&oid=4588726 HTTP/1.1" 200 4749
220.181.108.89 - - [08/Jul/2015:03:49:19 +0800] "GET /content/repository/resource_content.jsp?oid=1869626 HTTP/1.1" 200 29172
66.249.71.14 - - [08/Jul/2015:03:49:20 +0800] "GET /digiarch3/content/nav/relationSubject.jsp?relationWords=%E5%BD%A9%E7%B9%AA%20&oid=4588726 HTTP/1.1" 200 4749
220.181.108.76 - - [08/Jul/2015:03:49:25 +0800] "GET /content/nav/relationSubject.jsp?relationWords=&oid=1869626 HTTP/1.1" 200 1405
157.55.39.50 - - [08/Jul/2015:03:49:44 +0800] "GET /content/repository/resource_content.jsp?oid=3404505 HTTP/1.1" 200 29249
182.118.25.212 - - [08/Jul/2015:03:49:58 +0800] "GET /content/tmp_exh/resource_content.jsp?oid=16777817&queryType=qc%201890 HTTP/1.1" 200 34748
66.249.71.60 - - [08/Jul/2015:03:50:05 +0800] "GET /content/repository/resource_content.jsp?oid=1807149&queryString=%E5%AE%9C%E4%BE%AF%E7%8E%8B HTTP/1.1" 200 28751
157.55.39.50 - - [08/Jul/2015:03:50:20 +0800] "GET /content/subject/resource_content.jsp?oid=16777840&queryType=qc HTTP/1.1" 200 40660
157.55.39.50 - - [08/Jul/2015:03:50:23 +0800] "GET /content/repository/resource_content.jsp?oid=3405455 HTTP/1.1" 200 29121
66.249.71.60 - - [08/Jul/2015:03:50:24 +0800] "GET /content/nav/relationSubject.jsp?relationWords=&oid=1572827 HTTP/1.1" 200 1405
66.249.71.54 - - [08/Jul/2015:03:50:34 +0800] "GET /content/nav/relationSubject.jsp?relationWords=%E6%97%A5%E6%9C%AC%E6%96%87%E5%AD%B8+&oid=2470520 HTTP/1.1" 200 3221
66.249.71.54 - - [08/Jul/2015:03:50:36 +0800] "GET /content/nav/relationSubject.jsp?relationWords=%E6%97%A5%E6%9C%AC%E6%96%87%E5%AD%B8%20&oid=2470520 HTTP/1.1" 200 3221
66.249.71.105 - - [08/Jul/2015:03:50:37 +0800] "GET /content/repository/resource_content.jsp?oid=2650228&queryType=qs&queryString=%E7%BE%85%E9%81%94 HTTP/1.1" 200 30263
157.55.39.31 - - [08/Jul/2015:03:50:43 +0800] "GET /content/repository/resource_content.jsp?oid=4589381&queryString=%E5%BD%A9%E7%B9%AA HTTP/1.1" 200 29197
207.46.13.34 - - [08/Jul/2015:03:51:03 +0800] "GET /content/repository/resource_content.jsp?oid=2149808 HTTP/1.1" 200 30984
66.249.71.60 - - [08/Jul/2015:03:51:25 +0800] "GET /content/repository/resource_content.jsp?oid=1462690&queryString=%E5%A4%A7%E8%91%89%E5%B1%B1%20%E5%A4%A7%E8%91%89%E5%B1%B1%E6%AC%96%20%E5%B1%B1%E6%AC%96%20%E6%8B%BC%E6%9D%BF%E8%88%9F%20%E9%81%94%E6%82%9F%20%E9%81%94%E6%82%9F%E6%97%8F HTTP/1.1" 200 31366
157.55.39.50 - - [08/Jul/2015:03:51:26 +0800] "GET /content/repository/resource_content.jsp?oid=3819038&queryString=%E5%B1%B1%E6%9C%88%E6%A1%83%20%E6%9C%88%E6%A1%83%E5%B1%AC HTTP/1.1" 200 31020
157.55.39.13 - - [08/Jul/2015:03:51:45 +0800] "GET /content/subject/resource_content.jsp?oid=16797242&queryType=qc HTTP/1.1" 200 46766
157.55.39.12 - - [08/Jul/2015:03:52:06 +0800] "GET /content/subject/resource_content.jsp?oid=16777468&queryType=qc HTTP/1.1" 200 33275
66.249.71.3 - - [08/Jul/2015:03:52:45 +0800] "GET /content/repository/resource_content.jsp?oid=2582513&queryType=qs&queryString=%E8%A5%BF%E6%B6%BC HTTP/1.1" 200 28838
157.55.39.50 - - [08/Jul/2015:03:52:45 +0800] "GET /content/subject/resource_content.jsp?oid=16797239&queryType=qc HTTP/1.1" 200 44009
66.249.71.105 - - [08/Jul/2015:03:53:03 +0800] "GET /content/repository/resource_content.jsp?oid=2678337&queryType=qs&queryString=%E8%88%B9%E6%96%99 HTTP/1.1" 200 30272
220.181.108.159 - - [08/Jul/2015:03:53:12 +0800] "GET /content/tmp_exh/resource_content.jsp?oid=16777711&amp;queryType=qc HTTP/1.1" 200 26287
157.55.39.50 - - [08/Jul/2015:03:53:33 +0800] "GET /content/tmp_exh/resource_content.jsp?oid=16777750&queryType=qc HTTP/1.1" 200 32518
107.23.6.162 - - [08/Jul/2015:03:53:45 +0800] "GET /content/subject/resource_content.jsp?oid=16777764&queryString HTTP/1.1" 200 40780
66.249.71.3 - - [08/Jul/2015:03:54:04 +0800] "GET /content/repository/resource_content.jsp?oid=665463&queryType=qs&queryString=%E9%AE%91%E7%9D%A3 HTTP/1.1" 200 28696
157.55.39.12 - - [08/Jul/2015:03:54:06 +0800] "GET /content/subject/resource_content.jsp?oid=16777271 HTTP/1.1" 200 29182
157.55.39.13 - - [08/Jul/2015:03:54:34 +0800] "GET /content/subject/resource_content.jsp?oid=16797296&queryType=qc HTTP/1.1" 200 54561
207.46.13.34 - - [08/Jul/2015:03:54:42 +0800] "GET /content/subject/resource_content.jsp?oid=16777565&queryType=qc HTTP/1.1" 200 34334
207.46.13.34 - - [08/Jul/2015:03:54:43 +0800] "GET /content/repository/resource_content.jsp?oid=2554787 HTTP/1.1" 200 29478
157.55.39.50 - - [08/Jul/2015:03:55:00 +0800] "GET /content/subject/resource_content.jsp?oid=16777746&queryType=qc HTTP/1.1" 200 39199
207.46.13.34 - - [08/Jul/2015:03:55:03 +0800] "GET /content/repository/resource_content.jsp?oid=3397536 HTTP/1.1" 200 29330
66.249.71.127 - - [08/Jul/2015:03:55:23 +0800] "GET /content/repository/resource_content.jsp?oid=2568884&queryType=qs&queryString=%E7%94%9F%E7%94%B0 HTTP/1.1" 200 28982
66.249.71.105 - - [08/Jul/2015:03:55:31 +0800] "GET /content/repository/resource_content.jsp?oid=668375&queryType=qs&queryString=%E9%97%8A%E5%A4%AB HTTP/1.1" 200 28715
207.46.13.34 - - [08/Jul/2015:03:55:43 +0800] "GET /content/repository/resource_content.jsp?oid=3403856 HTTP/1.1" 200 29565
66.249.71.45 - - [08/Jul/2015:03:56:05 +0800] "GET /content/nav/relationSubject.jsp?relationWords=%E6%B9%AF%E6%B3%89+&oid=2672611 HTTP/1.1" 200 3087
66.249.71.36 - - [08/Jul/2015:03:56:07 +0800] "GET /content/nav/relationSubject.jsp?relationWords=%E6%B9%AF%E6%B3%89%20&oid=2672611 HTTP/1.1" 200 3087
66.249.71.105 - - [08/Jul/2015:03:56:35 +0800] "GET /content/nav/relationSubject.jsp?relationWords=%E5%9C%8B%E6%B0%91%E5%B0%8F%E5%AD%B8+%E5%B8%83%E8%BE%B2+%E5%B8%83%E8%BE%B2%E6%97%8F+%E6%B3%B0%E9%9B%85+%E6%B3%B0%E9%9B%85%E6%97%8F+&oid=1774394 HTTP/1.1" 200 4124
66.249.71.121 - - [08/Jul/2015:03:56:36 +0800] "GET /content/nav/relationSubject.jsp?relationWords=%E5%9C%8B%E6%B0%91%E5%B0%8F%E5%AD%B8%20%E5%B8%83%E8%BE%B2%20%E5%B8%83%E8%BE%B2%E6%97%8F%20%E6%B3%B0%E9%9B%85%20%E6%B3%B0%E9%9B%85%E6%97%8F%20&oid=1774394 HTTP/1.1" 200 4124
66.249.71.60 - - [08/Jul/2015:03:56:44 +0800] "GET /content/repository/resource_content.jsp?oid=1457919 HTTP/1.1" 200 30799
66.249.71.54 - - [08/Jul/2015:03:56:45 +0800] "GET /content/nav/relationSubject.jsp?relationWords=%E7%9F%B3%E6%9D%B5+%E9%AD%AF%E5%87%B1%E6%97%8F+&oid=4364615 HTTP/1.1" 200 3020
66.249.71.36 - - [08/Jul/2015:03:56:46 +0800] "GET /content/nav/relationSubject.jsp?relationWords=%E7%9F%B3%E6%9D%B5%20%E9%AD%AF%E5%87%B1%E6%97%8F%20&oid=4364615 HTTP/1.1" 200 3020
157.55.39.31 - - [08/Jul/2015:03:56:51 +0800] "GET /content/subject/resource_content.jsp?oid=16777749&queryType=qc HTTP/1.1" 200 41259
61.135.189.170 - - [08/Jul/2015:03:57:55 +0800] "GET /digiarch/content/repository/resource_content.jsp?oid=4464438 HTTP/1.1" 404 14873
157.55.39.31 - - [08/Jul/2015:03:57:58 +0800] "GET /content/tmp_auth/resource_content.jsp?oid=16777777 HTTP/1.1" 200 29429
66.249.71.121 - - [08/Jul/2015:03:57:58 +0800] "GET /content/repository/resource_content.jsp?oid=761394&queryType=qs&queryString=%E7%9B%A7%E6%B0%B8%E7%A5%A5 HTTP/1.1" 200 28258
61.135.189.170 - - [08/Jul/2015:03:58:07 +0800] "GET /digiarch/content/repository/resource_content.jsp?oid=2680788 HTTP/1.1" 404 14873
61.135.189.170 - - [08/Jul/2015:03:58:19 +0800] "GET /digiarch/content/repository/resource_content.jsp?oid=1891891 HTTP/1.1" 404 14873
66.249.71.64 - - [08/Jul/2015:03:58:26 +0800] "GET /content/subject/resource_content.jsp?oid=16777764&queryType=qc HTTP/1.1" 200 40780
61.135.189.170 - - [08/Jul/2015:03:58:31 +0800] "GET /digiarch/content/repository/resource_content.jsp?oid=2585449 HTTP/1.1" 404 14873
66.249.71.54 - - [08/Jul/2015:03:58:39 +0800] "GET /content/nav/relationSubject.jsp?relationWords=&oid=1835015 HTTP/1.1" 200 1405
61.135.189.170 - - [08/Jul/2015:03:58:43 +0800] "GET /digiarch/content/repository/resource_content.jsp?oid=2662549 HTTP/1.1" 404 14873
61.135.189.170 - - [08/Jul/2015:03:58:58 +0800] "GET /digiarch/content/repository/resource_content.jsp?oid=1524254 HTTP/1.1" 404 14873
66.249.71.64 - - [08/Jul/2015:03:59:07 +0800] "GET /content/nav/relationSubject.jsp?relationWords=%E6%A4%8D%E7%89%A9%E7%95%8C+%E7%9D%A1%E8%93%AE+&oid=1106705 HTTP/1.1" 200 3145
66.249.71.64 - - [08/Jul/2015:03:59:09 +0800] "GET /content/nav/relationSubject.jsp?relationWords=%E6%A4%8D%E7%89%A9%E7%95%8C%20%E7%9D%A1%E8%93%AE%20&oid=1106705 HTTP/1.1" 200 3145
61.135.189.170 - - [08/Jul/2015:03:59:12 +0800] "GET /digiarch/content/repository/resource_content.jsp?oid=2643507 HTTP/1.1" 404 14873
123.125.71.94 - - [08/Jul/2015:03:59:19 +0800] "GET /content/repository/resource_content.jsp?oid=2654818 HTTP/1.1" 200 29402
61.135.189.170 - - [08/Jul/2015:03:59:25 +0800] "GET /digiarch/content/repository/resource_content.jsp?oid=4203520 HTTP/1.1" 404 14873
220.181.108.94 - - [08/Jul/2015:03:59:30 +0800] "GET /content/nav/relationSubject.jsp?relationWords=%E7%A5%A8%E7%B0%BD+&oid=2654818 HTTP/1.1" 200 3093
61.135.189.170 - - [08/Jul/2015:03:59:38 +0800] "GET /digiarch/content/repository/resource_content.jsp?oid=1875450 HTTP/1.1" 404 14873
157.55.39.31 - - [08/Jul/2015:03:59:39 +0800] "GET /content/subject/resource_content.jsp?oid=16777825&queryType=qc HTTP/1.1" 200 41702
66.249.71.60 - - [08/Jul/2015:03:59:48 +0800] "GET /content/nav/relationSubject.jsp?relationWords=%E9%BE%8D%E9%96%80%E5%B1%B1+&oid=1821071 HTTP/1.1" 200 3093
66.249.71.72 - - [08/Jul/2015:03:59:49 +0800] "GET /content/nav/relationSubject.jsp?relationWords=%E9%BE%8D%E9%96%80%E5%B1%B1%20&oid=1821071 HTTP/1.1" 200 3093
61.135.189.170 - - [08/Jul/2015:03:59:51 +0800] "GET /digiarch/content/repository/resource_content.jsp?oid=4203412 HTTP/1.1" 404 14873
61.135.189.170 - - [08/Jul/2015:04:00:03 +0800] "GET /digiarch/content/repository/resource_content.jsp?oid=2613759 HTTP/1.1" 404 14873
66.249.71.72 - - [08/Jul/2015:04:00:13 +0800] "GET /content/nav/relationSubject.jsp?relationWords=&oid=2533814 HTTP/1.1" 200 1405
61.135.189.170 - - [08/Jul/2015:04:00:17 +0800] "GET /digiarch/content/repository/resource_content.jsp?oid=2668064 HTTP/1.1" 404 14873
66.249.71.121 - - [08/Jul/2015:04:00:24 +0800] "GET /content/repository/resource_content.jsp?oid=2663823&queryType=qs&queryString=%E9%9B%B7%E6%93%8A HTTP/1.1" 200 30282
61.135.189.170 - - [08/Jul/2015:04:00:30 +0800] "GET /digiarch/content/repository/resource_content.jsp?oid=4491238 HTTP/1.1" 404 14873
66.249.71.60 - - [08/Jul/2015:04:00:41 +0800] "GET /content/subject/resource_content.jsp?oid=16777387&queryType=qc HTTP/1.1" 200 34443
61.135.189.170 - - [08/Jul/2015:04:00:51 +0800] "GET /digiarch/content/repository/resource_content.jsp?oid=2640706 HTTP/1.1" 404 14873
61.135.189.170 - - [08/Jul/2015:04:01:04 +0800] "GET /digiarch/content/repository/resource_content.jsp?oid=1875192 HTTP/1.1" 404 14873
61.135.189.170 - - [08/Jul/2015:04:01:16 +0800] "GET /digiarch/content/repository/resource_content.jsp?oid=2677417 HTTP/1.1" 404 14873
61.135.189.170 - - [08/Jul/2015:04:01:29 +0800] "GET /digiarch/content/repository/resource_content.jsp?oid=716867 HTTP/1.1" 404 14873
61.135.189.170 - - [08/Jul/2015:04:01:43 +0800] "GET /digiarch/content/repository/resource_content.jsp?oid=2525386 HTTP/1.1" 404 14873
66.249.71.72 - - [08/Jul/2015:04:01:48 +0800] "GET /content/nav/relationSubject.jsp?relationWords=&oid=2528696 HTTP/1.1" 200 1405
61.135.189.170 - - [08/Jul/2015:04:01:57 +0800] "GET /digiarch/content/repository/resource_content.jsp?oid=2531408 HTTP/1.1" 404 14873
207.46.13.34 - - [08/Jul/2015:04:02:03 +0800] "GET /content/repository/resource_content.jsp?oid=3405496 HTTP/1.1" 200 29214
61.135.189.170 - - [08/Jul/2015:04:02:12 +0800] "GET /digiarch/content/repository/resource_content.jsp?oid=4589348 HTTP/1.1" 404 14873
207.46.13.34 - - [08/Jul/2015:04:02:23 +0800] "GET /content/repository/resource_content.jsp?oid=4437164&queryString=%E6%B0%91%E6%97%8F%E5%AD%B8%20%E6%B0%91%E9%96%93%E4%BF%A1%E4%BB%B0 HTTP/1.1" 200 29685
61.135.189.170 - - [08/Jul/2015:04:02:26 +0800] "GET /digiarch/content/repository/resource_content.jsp?oid=2575755 HTTP/1.1" 404 14873
61.135.189.170 - - [08/Jul/2015:04:02:39 +0800] "GET /digiarch/content/repository/resource_content.jsp?oid=2677427 HTTP/1.1" 404 14873
66.249.79.224 - - [08/Jul/2015:04:02:51 +0800] "GET /content/repository/resource_content.jsp?oid=2624293&queryType=qs&queryString=%E6%96%87%E6%98%8C%E5%BB%9F HTTP/1.1" 200 29017
66.249.71.64 - - [08/Jul/2015:04:02:52 +0800] "GET /content/nav/relationSubject.jsp?relationWords=%E5%B1%85%E5%BB%B6%E6%BC%A2%E7%B0%A1+%E6%BC%A2%E7%B0%A1+&oid=284672 HTTP/1.1" 200 3898
61.135.189.170 - - [08/Jul/2015:04:02:53 +0800] "GET /digiarch/content/repository/resource_content.jsp?oid=752482 HTTP/1.1" 404 14873
66.249.71.72 - - [08/Jul/2015:04:02:55 +0800] "GET /content/nav/relationSubject.jsp?relationWords=%E5%B1%85%E5%BB%B6%E6%BC%A2%E7%B0%A1%20%E6%BC%A2%E7%B0%A1%20&oid=284672 HTTP/1.1" 200 3898
66.249.71.72 - - [08/Jul/2015:04:03:03 +0800] "GET /digiarch_en/content/nav/relationSubject.jsp?relationWords=%E7%B2%B5%E6%B5%B7%E9%97%9C+%E9%97%9C%E7%A8%85+&oid=2521876 HTTP/1.1" 200 4286
207.46.13.34 - - [08/Jul/2015:04:03:03 +0800] "GET /content/repository/resource_content.jsp?oid=517984&queryType=null&queryString= HTTP/1.1" 200 41111
66.249.71.60 - - [08/Jul/2015:04:03:05 +0800] "GET /digiarch_en/content/nav/relationSubject.jsp?relationWords=%E7%B2%B5%E6%B5%B7%E9%97%9C%20%E9%97%9C%E7%A8%85%20&oid=2521876 HTTP/1.1" 200 4286
61.135.189.170 - - [08/Jul/2015:04:03:05 +0800] "GET /digiarch/content/repository/resource_content.jsp?oid=1874965 HTTP/1.1" 404 14873
66.249.71.121 - - [08/Jul/2015:04:03:12 +0800] "GET /content/repository/resource_content.jsp?oid=2542682&queryType=qs&queryString=%E9%BB%83%E7%B4%B9 HTTP/1.1" 200 30932
61.135.189.170 - - [08/Jul/2015:04:03:18 +0800] "GET /digiarch/content/repository/resource_content.jsp?oid=2677476 HTTP/1.1" 404 14873
66.249.71.23 - - [08/Jul/2015:04:03:19 +0800] "GET /digiarch/content/repository/resource_content.jsp?oid=3357939 HTTP/1.1" 404 14873
66.249.71.3 - - [08/Jul/2015:04:03:21 +0800] "GET /content/nav/relationSubject.jsp?relationWords=%E6%84%9B%E6%B2%B3+%E6%97%97%E6%B4%A5+%E7%89%A9%E8%B3%87%E5%B1%80+%E9%81%95%E7%AB%A0%E5%BB%BA%E7%AF%89+%E9%AB%98%E9%9B%84%E5%B8%82+&oid=1579897 HTTP/1.1" 200 4495
66.249.71.127 - - [08/Jul/2015:04:03:23 +0800] "GET /content/nav/relationSubject.jsp?relationWords=%E6%84%9B%E6%B2%B3%20%E6%97%97%E6%B4%A5%20%E7%89%A9%E8%B3%87%E5%B1%80%20%E9%81%95%E7%AB%A0%E5%BB%BA%E7%AF%89%20%E9%AB%98%E9%9B%84%E5%B8%82%20&oid=1579897 HTTP/1.1" 200 4495
123.125.71.69 - - [08/Jul/2015:04:03:24 +0800] "GET /content/repository/resource_content.jsp?oid=1851690 HTTP/1.1" 200 30101
66.249.71.105 - - [08/Jul/2015:04:03:25 +0800] "GET /content/subject/resource_content.jsp?oid=16777464&queryType=qc HTTP/1.1" 200 28402
61.135.189.170 - - [08/Jul/2015:04:03:31 +0800] "GET /digiarch/content/repository/resource_content.jsp?oid=2555754 HTTP/1.1" 404 14873
66.249.71.54 - - [08/Jul/2015:04:03:40 +0800] "GET /content/nav/relationSubject.jsp?relationWords=%E5%88%91%E9%83%A8+%E6%AF%92%E8%97%A5+&oid=2680627 HTTP/1.1" 200 3130
66.249.71.36 - - [08/Jul/2015:04:03:41 +0800] "GET /content/nav/relationSubject.jsp?relationWords=%E5%88%91%E9%83%A8%20%E6%AF%92%E8%97%A5%20&oid=2680627 HTTP/1.1" 200 3130
61.135.189.170 - - [08/Jul/2015:04:03:44 +0800] "GET /digiarch/content/repository/resource_content.jsp?oid=2563012 HTTP/1.1" 404 14873
61.135.189.170 - - [08/Jul/2015:04:03:58 +0800] "GET /digiarch/content/repository/resource_content.jsp?oid=2525441 HTTP/1.1" 404 14873
61.135.189.170 - - [08/Jul/2015:04:04:13 +0800] "GET /digiarch/content/repository/resource_content.jsp?oid=1848307 HTTP/1.1" 404 14873
61.135.189.170 - - [08/Jul/2015:04:04:25 +0800] "GET /digiarch/content/repository/resource_content.jsp?oid=672064 HTTP/1.1" 404 14873
61.135.189.170 - - [08/Jul/2015:04:04:38 +0800] "GET /digiarch/content/repository/resource_content.jsp?oid=672286 HTTP/1.1" 404 14873
66.249.71.105 - - [08/Jul/2015:04:04:39 +0800] "GET /content/repository/resource_content.jsp?oid=717628&queryString=%E5%B7%B4%E9%BB%8E%E5%92%8C%E6%9C%83 HTTP/1.1" 200 28865
61.135.189.170 - - [08/Jul/2015:04:04:50 +0800] "GET /digiarch/content/repository/resource_content.jsp?oid=2549976 HTTP/1.1" 404 14873
61.135.189.170 - - [08/Jul/2015:04:05:02 +0800] "GET /digiarch/content/repository/resource_content.jsp?oid=2554098 HTTP/1.1" 404 14873
61.135.189.170 - - [08/Jul/2015:04:05:14 +0800] "GET /digiarch/content/repository/resource_content.jsp?oid=730814 HTTP/1.1" 404 14873
66.249.71.60 - - [08/Jul/2015:04:05:18 +0800] "GET /content/repository/resource_content.jsp?oid=1812793 HTTP/1.1" 200 28329
61.135.189.170 - - [08/Jul/2015:04:05:27 +0800] "GET /digiarch/content/repository/resource_content.jsp?oid=1891819 HTTP/1.1" 404 14873
66.249.71.3 - - [08/Jul/2015:04:05:34 +0800] "GET /content/nav/relationSubject.jsp?relationWords=%E5%B1%B1%E8%83%9E+%E5%B7%B4%E9%99%B5+%E6%95%99%E8%82%B2%E6%94%BF%E7%AD%96+%E6%B3%B0%E9%9B%85%E6%97%8F+&oid=1777909 HTTP/1.1" 200 4312
66.249.71.3 - - [08/Jul/2015:04:05:36 +0800] "GET /content/nav/relationSubject.jsp?relationWords=%E5%B1%B1%E8%83%9E%20%E5%B7%B4%E9%99%B5%20%E6%95%99%E8%82%B2%E6%94%BF%E7%AD%96%20%E6%B3%B0%E9%9B%85%E6%97%8F%20&oid=1777909 HTTP/1.1" 200 4312
61.135.189.170 - - [08/Jul/2015:04:05:38 +0800] "GET /digiarch/content/repository/resource_content.jsp?oid=3358037 HTTP/1.1" 404 14873
66.249.71.127 - - [08/Jul/2015:04:05:42 +0800] "GET /content/nav/relationSubject.jsp?relationWords=%E4%BF%9D%E7%95%99%E5%9C%B0+%E5%85%AC%E5%9C%92%E9%A0%90%E5%AE%9A%E5%9C%B0+%E5%8F%B0%E7%81%A3%E5%8E%9F%E4%BD%8F%E6%B0%91+%E9%A6%AC%E5%91%8A+&oid=1773291 HTTP/1.1" 200 6432
66.249.71.127 - - [08/Jul/2015:04:05:44 +0800] "GET /content/nav/relationSubject.jsp?relationWords=%E4%BF%9D%E7%95%99%E5%9C%B0%20%E5%85%AC%E5%9C%92%E9%A0%90%E5%AE%9A%E5%9C%B0%20%E5%8F%B0%E7%81%A3%E5%8E%9F%E4%BD%8F%E6%B0%91%20%E9%A6%AC%E5%91%8A%20&oid=1773291 HTTP/1.1" 200 6432
61.135.189.170 - - [08/Jul/2015:04:05:50 +0800] "GET /digiarch/content/repository/resource_content.jsp?oid=2541112 HTTP/1.1" 404 14873
66.249.71.45 - - [08/Jul/2015:04:05:58 +0800] "GET /content/repository/resource_content.jsp?oid=717628&queryType=qs&queryString=%E5%B7%B4%E9%BB%8E HTTP/1.1" 200 28764
61.135.189.170 - - [08/Jul/2015:04:06:02 +0800] "GET /digiarch/content/repository/resource_content.jsp?oid=701636 HTTP/1.1" 404 14873
61.135.189.170 - - [08/Jul/2015:04:06:14 +0800] "GET /digiarch/content/repository/resource_content.jsp?oid=709638 HTTP/1.1" 404 14873
61.135.189.170 - - [08/Jul/2015:04:06:25 +0800] "GET /digiarch/content/repository/resource_content.jsp?oid=2626093 HTTP/1.1" 404 14873
61.135.189.170 - - [08/Jul/2015:04:06:38 +0800] "GET /digiarch/content/repository/resource_content.jsp?oid=2629959 HTTP/1.1" 404 14873
61.135.189.170 - - [08/Jul/2015:04:06:48 +0800] "GET /digiarch/content/repository/resource_content.jsp?oid=2533962 HTTP/1.1" 404 14873
66.249.71.64 - - [08/Jul/2015:04:06:59 +0800] "GET /content/nav/relationSubject.jsp?relationWords=%E5%81%A5%E5%BA%B7%E6%A1%88+%E5%9C%B0%E4%B8%8B%E6%B0%B4+%E6%9E%97%E8%94%A1%E7%B4%A0%E5%A5%B3+%E7%9C%81%E6%94%BF%E5%BA%9C+%E8%87%A8%E6%99%82%E7%9C%81%E8%AD%B0%E6%9C%83+%E8%87%AA%E4%BE%86%E6%B0%B4%E5%BB%A0+%E8%87%BA%E7%81%A3%E7%9C%81+&oid=1527366 HTTP/1.1" 200 4817
61.135.189.170 - - [08/Jul/2015:04:06:59 +0800] "GET /digiarch/content/repository/resource_content.jsp?oid=2569673 HTTP/1.1" 404 14873
66.249.71.72 - - [08/Jul/2015:04:07:00 +0800] "GET /content/nav/relationSubject.jsp?relationWords=%E5%81%A5%E5%BA%B7%E6%A1%88%20%E5%9C%B0%E4%B8%8B%E6%B0%B4%20%E6%9E%97%E8%94%A1%E7%B4%A0%E5%A5%B3%20%E7%9C%81%E6%94%BF%E5%BA%9C%20%E8%87%A8%E6%99%82%E7%9C%81%E8%AD%B0%E6%9C%83%20%E8%87%AA%E4%BE%86%E6%B0%B4%E5%BB%A0%20%E8%87%BA%E7%81%A3%E7%9C%81%20&oid=1527366 HTTP/1.1" 200 4817
66.249.71.64 - - [08/Jul/2015:04:07:01 +0800] "GET /content/nav/relationSubject.jsp?relationWords=%E4%B8%80%E5%BC%97+%E9%80%A0%E5%83%8F%E8%A8%98+%E9%80%A0%E8%B1%A1+&oid=1832997 HTTP/1.1" 200 4068
66.249.71.64 - - [08/Jul/2015:04:07:03 +0800] "GET /content/nav/relationSubject.jsp?relationWords=%E4%B8%80%E5%BC%97%20%E9%80%A0%E5%83%8F%E8%A8%98%20%E9%80%A0%E8%B1%A1%20&oid=1832997 HTTP/1.1" 200 4068
61.135.189.170 - - [08/Jul/2015:04:07:10 +0800] "GET /digiarch/content/repository/resource_content.jsp?oid=2570006 HTTP/1.1" 404 14873
66.249.71.60 - - [08/Jul/2015:04:07:16 +0800] "GET /content/nav/relationSubject.jsp?relationWords=%E5%A4%96%E5%8B%9E+%E5%B7%A5%E8%B3%87+%E6%9C%80%E4%BD%8E%E5%B7%A5%E8%B3%87+&oid=1596236 HTTP/1.1" 200 5504
66.249.71.127 - - [08/Jul/2015:04:07:18 +0800] "GET /content/subject/resource_content.jsp?oid=16777382&queryString=%E5%B0%8B%E5%AF%B6%20%E6%95%B8%E4%BD%8D%E5%85%B8%E8%97%8F HTTP/1.1" 200 30974
66.249.79.45 - - [08/Jul/2015:04:07:18 +0800] "GET /content/nav/relationSubject.jsp?relationWords=%E5%A4%96%E5%8B%9E%20%E5%B7%A5%E8%B3%87%20%E6%9C%80%E4%BD%8E%E5%B7%A5%E8%B3%87%20&oid=1596236 HTTP/1.1" 200 5504
61.135.189.170 - - [08/Jul/2015:04:07:22 +0800] "GET /digiarch/content/repository/resource_content.jsp?oid=1883922 HTTP/1.1" 404 14873
61.135.189.170 - - [08/Jul/2015:04:07:33 +0800] "GET /digiarch/content/repository/resource_content.jsp?oid=2600240 HTTP/1.1" 404 14873
66.249.71.113 - - [08/Jul/2015:04:07:45 +0800] "GET /content/repository/resource_content.jsp?oid=1556697&queryType=qs&queryString=%E8%BF%B7%E4%BF%A1 HTTP/1.1" 200 28790
61.135.189.170 - - [08/Jul/2015:04:07:46 +0800] "GET /digiarch/content/repository/resource_content.jsp?oid=2537131 HTTP/1.1" 404 14873
66.249.71.105 - - [08/Jul/2015:04:07:46 +0800] "GET /content/nav/relationSubject.jsp?relationWords=%E5%AF%B6%E9%9B%B2%20%E5%B1%80%E9%BC%93%E9%91%84%20%E5%B7%A1%E6%92%AB%20&oid=2514648 HTTP/1.1" 200 3169
61.135.189.170 - - [08/Jul/2015:04:07:58 +0800] "GET /digiarch/content/repository/resource_content.jsp?oid=2596330 HTTP/1.1" 404 14873
61.135.189.170 - - [08/Jul/2015:04:08:09 +0800] "GET /digiarch/content/repository/resource_content.jsp?oid=2648599 HTTP/1.1" 404 14873
61.135.189.170 - - [08/Jul/2015:04:08:20 +0800] "GET /digiarch/content/repository/resource_content.jsp?oid=2677372 HTTP/1.1" 404 14873
66.249.71.119 - - [08/Jul/2015:04:08:21 +0800] "GET /content/nav/relationSubject.jsp?relationWords=%E5%9C%9F%E9%AD%9F+%E5%B0%96%E5%90%BB+%E5%B0%96%E5%90%BB%E9%AD%9F+%E9%AD%B4%E4%BB%94+&oid=4354268 HTTP/1.1" 200 3501
66.249.71.119 - - [08/Jul/2015:04:08:23 +0800] "GET /content/nav/relationSubject.jsp?relationWords=%E5%9C%9F%E9%AD%9F%20%E5%B0%96%E5%90%BB%20%E5%B0%96%E5%90%BB%E9%AD%9F%20%E9%AD%B4%E4%BB%94%20&oid=4354268 HTTP/1.1" 200 3501
61.135.189.170 - - [08/Jul/2015:04:08:31 +0800] "GET /digiarch/content/repository/resource_content.jsp?oid=1821118 HTTP/1.1" 404 14873
66.249.71.119 - - [08/Jul/2015:04:08:37 +0800] "GET /content/repository/resource_content.jsp?oid=1581483&queryString=%E5%9C%B0%E5%8D%80%E7%99%BC%E5%B1%95%20%E6%BE%8E%E6%B9%96%E5%B3%B6%20%E9%A6%AC%E6%B2%99%E6%BA%9D%20%E9%A6%AC%E6%B2%99%E6%BA%9D%E6%B8%AF HTTP/1.1" 200 29640
61.135.189.170 - - [08/Jul/2015:04:08:43 +0800] "GET /digiarch/content/repository/resource_content.jsp?oid=601328 HTTP/1.1" 404 14873
66.249.71.60 - - [08/Jul/2015:04:08:46 +0800] "GET /content/nav/relationSubject.jsp?relationWords=&oid=1894099 HTTP/1.1" 200 1405
61.135.189.170 - - [08/Jul/2015:04:08:55 +0800] "GET /digiarch/content/repository/resource_content.jsp?oid=577090 HTTP/1.1" 404 14873
64.131.202.250 - - [08/Jul/2015:04:09:04 +0800] "GET /content/nav/relationSubject.jsp?relationWords=%E7%9B%B8%E6%80%9D%E6%A8%B9+&oid=16777519 HTTP/1.1" 200 3659
61.135.189.170 - - [08/Jul/2015:04:09:07 +0800] "GET /digiarch/content/repository/resource_content.jsp?oid=582091 HTTP/1.1" 404 14873
61.135.189.170 - - [08/Jul/2015:04:09:18 +0800] "GET /digiarch/content/repository/resource_content.jsp?oid=581971 HTTP/1.1" 404 14873
61.135.189.170 - - [08/Jul/2015:04:09:29 +0800] "GET /digiarch/content/repository/resource_content.jsp?oid=629486 HTTP/1.1" 404 14873
61.135.189.170 - - [08/Jul/2015:04:09:40 +0800] "GET /digiarch/content/repository/resource_content.jsp?oid=768858 HTTP/1.1" 404 14873
61.135.189.170 - - [08/Jul/2015:04:09:51 +0800] "GET /digiarch/content/repository/resource_content.jsp?oid=2609497 HTTP/1.1" 404 14873
66.249.71.60 - - [08/Jul/2015:04:09:56 +0800] "GET /content/repository/resource_content.jsp?oid=3825107&queryString=%E5%B1%B1%E6%AB%BB%E8%8A%B1%20%E6%A2%85%E5%B1%AC%20%E6%A4%8D%E7%89%A9%E7%95%8C%20%E8%96%94%E8%96%87%E7%9B%AE%20%E8%96%94%E8%96%87%E7%A7%91%20%E9%9C%A7%E7%A4%BE%E5%B1%B1%E6%AB%BB%20%E9%9C%A7%E7%A4%BE%E5%B1%B1%E6%AB%BB%E8%8A%B1 HTTP/1.1" 200 31282
66.249.71.127 - - [08/Jul/2015:04:10:00 +0800] "GET /content/nav/relationSubject.jsp?relationWords=%E6%BC%94%E8%AE%8A+%E7%A4%BE%E6%9C%83%E9%83%A8+&oid=1773173 HTTP/1.1" 200 9324
66.249.71.3 - - [08/Jul/2015:04:10:03 +0800] "GET /content/nav/relationSubject.jsp?relationWords=%E6%BC%94%E8%AE%8A%20%E7%A4%BE%E6%9C%83%E9%83%A8%20&oid=1773173 HTTP/1.1" 200 9324
61.135.189.170 - - [08/Jul/2015:04:10:03 +0800] "GET /digiarch/content/repository/resource_content.jsp?oid=1869090 HTTP/1.1" 404 14873
207.46.13.34 - - [08/Jul/2015:04:10:07 +0800] "GET /content/tmp_exh/resource_content.jsp?oid=16777845&queryType=qc%201889 HTTP/1.1" 200 46650
66.249.71.105 - - [08/Jul/2015:04:10:12 +0800] "GET /content/repository/resource_content.jsp?oid=2514280&queryType=qs&queryString=%E6%B6%BC%E5%B7%9E%E9%8E%AE HTTP/1.1" 200 30257
61.135.189.170 - - [08/Jul/2015:04:10:14 +0800] "GET /digiarch/content/repository/resource_content.jsp?oid=1177027 HTTP/1.1" 404 14873
61.135.189.170 - - [08/Jul/2015:04:10:26 +0800] "GET /digiarch/content/repository/resource_content.jsp?oid=800159 HTTP/1.1" 404 14873
61.135.189.170 - - [08/Jul/2015:04:10:38 +0800] "GET /digiarch/content/repository/resource_content.jsp?oid=779181 HTTP/1.1" 404 14873
61.135.189.170 - - [08/Jul/2015:04:10:50 +0800] "GET /digiarch/content/repository/resource_content.jsp?oid=2552645 HTTP/1.1" 404 14873
61.135.189.170 - - [08/Jul/2015:04:11:02 +0800] "GET /digiarch/content/repository/resource_content.jsp?oid=651258 HTTP/1.1" 404 14873
61.135.189.170 - - [08/Jul/2015:04:11:14 +0800] "GET /digiarch/content/repository/resource_content.jsp?oid=573096 HTTP/1.1" 404 14873
