66.249.71.64 - - [03/Jul/2015:04:26:45 +0800] "GET /content/repository/resource_content.jsp?oid=1532067 HTTP/1.1" 200 28894
66.249.71.3 - - [03/Jul/2015:04:26:50 +0800] "GET /content/nav/relationSubject.jsp?relationWords=%E6%9C%A8%E8%87%BC+&oid=1173691 HTTP/1.1" 200 2927
66.249.71.119 - - [03/Jul/2015:04:26:52 +0800] "GET /content/nav/relationSubject.jsp?relationWords=%E6%9C%A8%E8%87%BC%20&oid=1173691 HTTP/1.1" 200 2927
66.249.71.64 - - [03/Jul/2015:04:27:33 +0800] "GET /content/subject/resource_content.jsp?oid=16777500&queryType=qs&queryString=%E8%99%9B%E6%93%AC%E5%AF%A6%E5%A2%83 HTTP/1.1" 200 33354
66.249.71.36 - - [03/Jul/2015:04:27:35 +0800] "GET /content/nav/relationSubject.jsp?relationWords=%E6%A4%8D%E7%89%A9%E7%95%8C+%E8%83%A1%E9%A0%B9%E5%AD%90+%E8%83%A1%E9%A0%B9%E5%AD%90%E5%B1%AC+%E9%84%A7%E6%B0%8F%E8%83%A1%E9%A0%B9%E5%AD%90+%E9%BC%A0%E6%9D%8E+&oid=1105925 HTTP/1.1" 200 3407
66.249.71.54 - - [03/Jul/2015:04:27:36 +0800] "GET /content/nav/relationSubject.jsp?relationWords=%E6%A4%8D%E7%89%A9%E7%95%8C%20%E8%83%A1%E9%A0%B9%E5%AD%90%20%E8%83%A1%E9%A0%B9%E5%AD%90%E5%B1%AC%20%E9%84%A7%E6%B0%8F%E8%83%A1%E9%A0%B9%E5%AD%90%20%E9%BC%A0%E6%9D%8E%20&oid=1105925 HTTP/1.1" 200 3407
66.249.71.72 - - [03/Jul/2015:04:27:39 +0800] "GET /digiarch_en/content/subject/resource_content.jsp?oid=16777604&queryType=qs&queryString=%E9%A9%9A%E9%B4%BB HTTP/1.1" 200 46589
66.249.71.60 - - [03/Jul/2015:04:27:47 +0800] "GET /content/nav/relationSubject.jsp?relationWords=%E6%B0%B4%E5%85%AC%E5%8F%B8+%E6%B7%A8%E6%B0%B4%E5%BB%A0+%E8%87%AA%E4%BE%86%E6%B0%B4+&oid=1613098 HTTP/1.1" 200 5732
66.249.71.72 - - [03/Jul/2015:04:27:54 +0800] "GET /content/nav/relationSubject.jsp?relationWords=%E6%B0%B4%E5%85%AC%E5%8F%B8%20%E6%B7%A8%E6%B0%B4%E5%BB%A0%20%E8%87%AA%E4%BE%86%E6%B0%B4%20&oid=1613098 HTTP/1.1" 200 5732
66.249.71.60 - - [03/Jul/2015:04:28:20 +0800] "GET /content/tmp_exh/resource_content.jsp?oid=16777833&queryType=qc%201890 HTTP/1.1" 200 35202
66.249.71.64 - - [03/Jul/2015:04:28:20 +0800] "GET /content/nav/relationSubject.jsp?relationWords=%E5%82%B5%E6%AC%8A+%E5%8F%B8%E6%B3%95%E6%A9%9F%E9%97%9C+%E5%98%89%E7%BE%A9%E5%9C%B0%E6%96%B9%E6%B3%95%E9%99%A2+%E5%98%89%E7%BE%A9%E5%B8%82+%E7%A7%BB%E9%80%81+%E8%87%BA%E7%81%A3%E7%9C%81%E5%8F%83%E8%AD%B0%E6%9C%83+%E9%8A%85%E9%90%98+&oid=1516018 HTTP/1.1" 200 3471
66.249.71.60 - - [03/Jul/2015:04:28:24 +0800] "GET /content/nav/relationSubject.jsp?relationWords=%E5%82%B5%E6%AC%8A%20%E5%8F%B8%E6%B3%95%E6%A9%9F%E9%97%9C%20%E5%98%89%E7%BE%A9%E5%9C%B0%E6%96%B9%E6%B3%95%E9%99%A2%20%E5%98%89%E7%BE%A9%E5%B8%82%20%E7%A7%BB%E9%80%81%20%E8%87%BA%E7%81%A3%E7%9C%81%E5%8F%83%E8%AD%B0%E6%9C%83%20%E9%8A%85%E9%90%98%20&oid=1516018 HTTP/1.1" 200 3471
66.249.71.72 - - [03/Jul/2015:04:28:44 +0800] "GET /content/repository/resource_content.jsp?oid=1564961 HTTP/1.1" 200 28512
66.249.71.60 - - [03/Jul/2015:04:28:46 +0800] "GET /content/nav/relationSubject.jsp?relationWords=&oid=677620 HTTP/1.1" 200 1405
66.249.71.60 - - [03/Jul/2015:04:28:55 +0800] "GET /digiarch_en/content/nav/relationSubject.jsp?relationWords=%E6%95%B8%E4%BD%8D%E5%85%B8%E8%97%8F%20&oid=16777723 HTTP/1.1" 200 5609
66.249.71.72 - - [03/Jul/2015:04:29:16 +0800] "GET /content/nav/relationSubject.jsp?relationWords=%E6%A4%8D%E7%89%A9%E7%95%8C+%E8%80%B3%E9%89%A4%E8%8D%89+%E8%8C%84%E5%B1%AC+%E8%8C%84%E7%A7%91+%E9%9B%99%E8%8A%B1%E9%BE%8D%E8%91%B5+&oid=1457511 HTTP/1.1" 200 3349
66.249.71.64 - - [03/Jul/2015:04:29:18 +0800] "GET /content/nav/relationSubject.jsp?relationWords=%E6%A4%8D%E7%89%A9%E7%95%8C%20%E8%80%B3%E9%89%A4%E8%8D%89%20%E8%8C%84%E5%B1%AC%20%E8%8C%84%E7%A7%91%20%E9%9B%99%E8%8A%B1%E9%BE%8D%E8%91%B5%20&oid=1457511 HTTP/1.1" 200 3349
66.249.71.60 - - [03/Jul/2015:04:29:30 +0800] "GET /content/repository/resource_content.jsp?oid=1562859 HTTP/1.1" 200 28605
66.249.71.3 - - [03/Jul/2015:04:29:54 +0800] "GET /content/repository/resource_content.jsp?oid=15423&queryString=%E7%B4%85%E5%B0%BE%E5%86%AC%E4%BB%94%20%E9%87%91%E7%B7%9A%E9%AD%9A%E7%A7%91%20%E9%BB%83%E5%B8%B6%E9%8C%90%E9%BD%92%E9%AF%9B HTTP/1.1" 200 35043
66.249.71.14 - - [03/Jul/2015:04:30:43 +0800] "GET /digiarch3/content/subject/resource_content.jsp?oid=16777462&queryType=qc HTTP/1.1" 200 55346
66.249.71.64 - - [03/Jul/2015:04:30:51 +0800] "GET /content/nav/relationSubject.jsp?relationWords=%E5%85%AC%E5%8B%99%E4%BA%BA%E5%93%A1+%E5%85%AC%E6%95%99%E4%BA%BA%E5%93%A1+%E5%9C%A8%E8%81%B7%E8%A8%93%E7%B7%B4+%E6%96%87%E6%86%B2+%E6%9D%B1%E8%87%BA%E5%8A%A0%E7%B5%A6+%E8%91%89%E7%82%B3%E7%85%8C+%E8%94%A3%E6%B7%A6%E7%94%9F+%E8%B3%AA%E8%A9%A2+%E9%84%AD%E5%A4%A7%E6%B4%BD+%E9%90%98%E9%BB%9E%E8%B2%BB+%E9%99%B3%E8%88%88%E7%9B%9B+&oid=1563296 HTTP/1.1" 200 4818
66.249.71.60 - - [03/Jul/2015:04:30:52 +0800] "GET /content/nav/relationSubject.jsp?relationWords=%E5%85%AC%E5%8B%99%E4%BA%BA%E5%93%A1%20%E5%85%AC%E6%95%99%E4%BA%BA%E5%93%A1%20%E5%9C%A8%E8%81%B7%E8%A8%93%E7%B7%B4%20%E6%96%87%E6%86%B2%20%E6%9D%B1%E8%87%BA%E5%8A%A0%E7%B5%A6%20%E8%91%89%E7%82%B3%E7%85%8C%20%E8%94%A3%E6%B7%A6%E7%94%9F%20%E8%B3%AA%E8%A9%A2%20%E9%84%AD%E5%A4%A7%E6%B4%BD%20%E9%90%98%E9%BB%9E%E8%B2%BB%20%E9%99%B3%E8%88%88%E7%9B%9B%20&oid=1563296 HTTP/1.1" 200 4818
66.249.71.60 - - [03/Jul/2015:04:30:58 +0800] "GET /digiarch_en/content/nav/relationSubject.jsp?relationWords=%E5%A4%AA%E6%AD%B2+&oid=4363006 HTTP/1.1" 200 2980
66.249.71.72 - - [03/Jul/2015:04:30:59 +0800] "GET /digiarch_en/content/nav/relationSubject.jsp?relationWords=%E5%A4%AA%E6%AD%B2%20&oid=4363006 HTTP/1.1" 200 2980
66.249.71.60 - - [03/Jul/2015:04:31:05 +0800] "GET /content/repository/resource_content.jsp?oid=1532263 HTTP/1.1" 200 28780
66.249.71.60 - - [03/Jul/2015:04:31:28 +0800] "GET /content/subject/resource_content.jsp?oid=16777836&queryString=%E6%96%87%E5%8C%96%E4%B8%AD%E5%BF%83%20%E6%9A%A8%E5%8D%97%E5%A4%A7%E5%AD%B8 HTTP/1.1" 500 15712
66.249.71.60 - - [03/Jul/2015:04:31:54 +0800] "GET /content/repository/resource_content.jsp?oid=1109791 HTTP/1.1" 200 29828
66.249.71.72 - - [03/Jul/2015:04:32:16 +0800] "GET /content/repository/resource_content.jsp?oid=1848630&queryString=%E9%9B%B7%E7%B4%8B HTTP/1.1" 200 31008
66.249.71.60 - - [03/Jul/2015:04:32:17 +0800] "GET /content/nav/relationSubject.jsp?relationWords=%E5%A7%9C%E7%91%9E%E6%98%8C+%E8%82%A1%E4%BB%BD%E6%9C%89%E9%99%90%E5%85%AC%E5%8F%B8+&oid=1517124 HTTP/1.1" 200 3772
66.249.71.60 - - [03/Jul/2015:04:32:40 +0800] "GET /content/subject/resource_content.jsp?oid=16777364&queryType=qs&queryString=%E5%90%AB%E7%BE%9E%E8%8D%89 HTTP/1.1" 200 34496
66.249.71.64 - - [03/Jul/2015:04:32:42 +0800] "GET /digiarch_en/content/nav/relationSubject.jsp?relationWords=%E5%AD%B8%E6%94%BF+%E7%94%9F%E5%93%A1+%E8%82%87%E9%AB%98+&oid=2522380 HTTP/1.1" 200 3149
66.249.71.72 - - [03/Jul/2015:04:32:44 +0800] "GET /digiarch_en/content/nav/relationSubject.jsp?relationWords=%E5%AD%B8%E6%94%BF%20%E7%94%9F%E5%93%A1%20%E8%82%87%E9%AB%98%20&oid=2522380 HTTP/1.1" 200 3149
66.249.71.64 - - [03/Jul/2015:04:32:58 +0800] "GET /content/nav/relationSubject.jsp?relationWords=%E4%BD%8F%E5%AE%85%E8%B2%B8%E6%AC%BE+%E5%85%AC%E6%95%99%E4%BA%BA%E5%93%A1+%E5%85%AC%E6%95%99%E4%BD%8F%E5%AE%85%E8%B2%B8%E6%AC%BE+%E5%85%AC%E8%B3%A3%E5%B1%80+%E5%B1%B1%E5%9C%B0%E9%84%89+%E5%B1%B1%E8%83%9E+%E8%B2%A1%E6%94%BF%E6%94%B6%E6%94%AF+&oid=1620956 HTTP/1.1" 200 4911
66.249.71.64 - - [03/Jul/2015:04:32:59 +0800] "GET /content/nav/relationSubject.jsp?relationWords=%E4%BD%8F%E5%AE%85%E8%B2%B8%E6%AC%BE%20%E5%85%AC%E6%95%99%E4%BA%BA%E5%93%A1%20%E5%85%AC%E6%95%99%E4%BD%8F%E5%AE%85%E8%B2%B8%E6%AC%BE%20%E5%85%AC%E8%B3%A3%E5%B1%80%20%E5%B1%B1%E5%9C%B0%E9%84%89%20%E5%B1%B1%E8%83%9E%20%E8%B2%A1%E6%94%BF%E6%94%B6%E6%94%AF%20&oid=1620956 HTTP/1.1" 200 4911
66.249.71.64 - - [03/Jul/2015:04:33:04 +0800] "GET /content/repository/resource_content.jsp?oid=1547506 HTTP/1.1" 200 28845
66.249.71.64 - - [03/Jul/2015:04:33:17 +0800] "GET /content/nav/relationSubject.jsp?relationWords=%E6%8B%93%E7%89%87+%E7%94%B2%E9%AA%A8%E6%96%87+&oid=1822084 HTTP/1.1" 200 4578
66.249.71.64 - - [03/Jul/2015:04:33:20 +0800] "GET /content/nav/relationSubject.jsp?relationWords=%E6%8B%93%E7%89%87%20%E7%94%B2%E9%AA%A8%E6%96%87%20&oid=1822084 HTTP/1.1" 200 4578
66.249.71.3 - - [03/Jul/2015:04:33:27 +0800] "GET /content/tmp_auth/resource_content.jsp?oid=16777440 HTTP/1.1" 200 44094
66.249.71.36 - - [03/Jul/2015:04:33:52 +0800] "GET /content/nav/relationSubject.jsp?relationWords=%E4%BB%BB%E5%9C%8B%E6%9B%B8+%E8%89%BE%E6%96%AF%E6%95%A6+%E8%8B%B1%E9%BA%BB+&oid=603697 HTTP/1.1" 200 3203
66.249.71.45 - - [03/Jul/2015:04:33:54 +0800] "GET /content/nav/relationSubject.jsp?relationWords=%E4%BB%BB%E5%9C%8B%E6%9B%B8%20%E8%89%BE%E6%96%AF%E6%95%A6%20%E8%8B%B1%E9%BA%BB%20&oid=603697 HTTP/1.1" 200 3203
66.249.71.23 - - [03/Jul/2015:04:33:57 +0800] "GET /digiarch3/content/nav/relationSubject.jsp?relationWords=%E6%97%A5%E6%9C%AC%E7%AC%A0%E8%9A%B6+%E7%AC%A0%E8%9A%B6%E5%B1%AC+%E8%9A%B6%E7%A7%91+%E8%BB%9F%E9%AB%94%E5%8B%95%E7%89%A9%E9%96%80+%E9%9B%99%E6%AE%BC%E7%B6%B1+%E9%AD%81%E8%9B%A4+&oid=4551480 HTTP/1.1" 200 3451
66.249.71.14 - - [03/Jul/2015:04:33:59 +0800] "GET /digiarch3/content/nav/relationSubject.jsp?relationWords=%E6%97%A5%E6%9C%AC%E7%AC%A0%E8%9A%B6%20%E7%AC%A0%E8%9A%B6%E5%B1%AC%20%E8%9A%B6%E7%A7%91%20%E8%BB%9F%E9%AB%94%E5%8B%95%E7%89%A9%E9%96%80%20%E9%9B%99%E6%AE%BC%E7%B6%B1%20%E9%AD%81%E8%9B%A4%20&oid=4551480 HTTP/1.1" 200 3451
66.249.71.3 - - [03/Jul/2015:04:34:11 +0800] "GET /content/nav/relationSubject.jsp?relationWords=%E5%B7%A1%E6%92%AB+%E7%B5%9E%E7%9B%A3%E5%80%99+&oid=2542569 HTTP/1.1" 200 3134
66.249.71.3 - - [03/Jul/2015:04:34:12 +0800] "GET /content/nav/relationSubject.jsp?relationWords=%E5%B7%A1%E6%92%AB%20%E7%B5%9E%E7%9B%A3%E5%80%99%20&oid=2542569 HTTP/1.1" 200 3134
66.249.71.72 - - [03/Jul/2015:04:34:14 +0800] "GET /content/repository/resource_content.jsp?oid=1564414 HTTP/1.1" 200 28653
66.249.71.60 - - [03/Jul/2015:04:34:19 +0800] "GET /digiarch_en/content/nav/relationSubject.jsp?relationWords=%E5%A2%A8%E9%BB%9E%E6%AB%BB%E6%A1%83+%E6%A2%85%E5%B1%AC+%E6%A4%8D%E7%89%A9%E7%95%8C+%E8%96%94%E8%96%87%E7%9B%AE+%E8%96%94%E8%96%87%E7%A7%91+%E9%BB%91%E6%98%9F%E6%AB%BB+&oid=3818148 HTTP/1.1" 200 3469
66.249.71.60 - - [03/Jul/2015:04:34:21 +0800] "GET /digiarch_en/content/nav/relationSubject.jsp?relationWords=%E5%A2%A8%E9%BB%9E%E6%AB%BB%E6%A1%83%20%E6%A2%85%E5%B1%AC%20%E6%A4%8D%E7%89%A9%E7%95%8C%20%E8%96%94%E8%96%87%E7%9B%AE%20%E8%96%94%E8%96%87%E7%A7%91%20%E9%BB%91%E6%98%9F%E6%AB%BB%20&oid=3818148 HTTP/1.1" 200 3469
66.249.71.64 - - [03/Jul/2015:04:34:27 +0800] "GET /content/nav/relationSubject.jsp?relationWords=%E7%88%B6%E4%B8%81%E7%88%B5+&oid=1817489 HTTP/1.1" 200 3286
66.249.71.64 - - [03/Jul/2015:04:34:29 +0800] "GET /content/nav/relationSubject.jsp?relationWords=%E7%88%B6%E4%B8%81%E7%88%B5%20&oid=1817489 HTTP/1.1" 200 3286
66.249.71.60 - - [03/Jul/2015:04:35:01 +0800] "GET /content/repository/resource_content.jsp?oid=1561266 HTTP/1.1" 200 28979
66.249.71.60 - - [03/Jul/2015:04:35:25 +0800] "GET /content/subject/resource_content.jsp?oid=16777783&queryType=qs&queryString=%E6%AF%94%E5%88%A9%E6%99%82 HTTP/1.1" 200 58187
123.125.71.115 - - [03/Jul/2015:04:35:44 +0800] "GET /content/repository/resource_content.jsp?oid=1864994 HTTP/1.1" 200 30410
5.255.253.139 - - [03/Jul/2015:04:35:59 +0800] "GET /content/subject/resource_content.jsp?oid=16777585&queryType=qc HTTP/1.1" 200 40530
66.249.71.60 - - [03/Jul/2015:04:35:59 +0800] "GET /content/nav/relationSubject.jsp?relationWords=%E5%BE%B7%E6%AD%A6+%E8%87%BA%E9%B3%B3+%E8%BE%B2%E6%9E%97%E9%A1%9E+%E9%87%91%E7%94%9F+&oid=1559989 HTTP/1.1" 200 3259
66.249.71.64 - - [03/Jul/2015:04:36:00 +0800] "GET /content/nav/relationSubject.jsp?relationWords=%E5%BE%B7%E6%AD%A6%20%E8%87%BA%E9%B3%B3%20%E8%BE%B2%E6%9E%97%E9%A1%9E%20%E9%87%91%E7%94%9F%20&oid=1559989 HTTP/1.1" 200 3259
66.249.71.64 - - [03/Jul/2015:04:36:02 +0800] "GET /content/nav/relationSubject.jsp?relationWords=%E5%8D%B0%E8%8A%B1%E7%A8%85+%E5%B7%A5%E7%A8%8B%E8%B2%BB+&oid=1615686 HTTP/1.1" 200 4298
66.249.71.60 - - [03/Jul/2015:04:36:04 +0800] "GET /content/nav/relationSubject.jsp?relationWords=%E5%8D%B0%E8%8A%B1%E7%A8%85%20%E5%B7%A5%E7%A8%8B%E8%B2%BB%20&oid=1615686 HTTP/1.1" 200 4298
66.249.71.64 - - [03/Jul/2015:04:36:05 +0800] "GET /digiarch_en/content/nav/relationSubject.jsp?relationWords=%E6%95%B8%E4%BD%8D%E5%85%B8%E8%97%8F+&oid=16777659 HTTP/1.1" 200 5609
66.249.71.60 - - [03/Jul/2015:04:36:07 +0800] "GET /digiarch_en/content/nav/relationSubject.jsp?relationWords=%E6%95%B8%E4%BD%8D%E5%85%B8%E8%97%8F%20&oid=16777659 HTTP/1.1" 200 5609
66.249.71.72 - - [03/Jul/2015:04:36:12 +0800] "GET /content/repository/resource_content.jsp?oid=1542698 HTTP/1.1" 200 28409
66.249.71.64 - - [03/Jul/2015:04:36:36 +0800] "GET /content/repository/resource_content.jsp?oid=1556315 HTTP/1.1" 200 28774
66.249.71.127 - - [03/Jul/2015:04:37:00 +0800] "GET /content/subject/resource_content.jsp?oid=16777379&queryString=%E6%95%B8%E4%BD%8D%E5%85%B8%E8%97%8F%20%E6%B5%81%E8%BD%89%E5%B9%B4%E8%8F%AF HTTP/1.1" 200 43504
66.249.71.60 - - [03/Jul/2015:04:37:04 +0800] "GET /content/nav/relationSubject.jsp?relationWords=%E5%8F%B0%E7%81%A3%E6%9E%97%E6%A5%AD+%E9%82%B1%E6%AC%BD%E5%A0%82+&oid=1518372 HTTP/1.1" 200 2917
66.249.71.60 - - [03/Jul/2015:04:37:18 +0800] "GET /content/nav/relationSubject.jsp?relationWords=%E7%B5%90%E8%AA%9E+%E8%BE%B2%E6%9E%97+%E8%BE%B2%E6%9E%97%E5%BB%B3+%E9%A0%90%E7%AE%97+&oid=1545709 HTTP/1.1" 200 6089
66.249.71.64 - - [03/Jul/2015:04:37:20 +0800] "GET /content/nav/relationSubject.jsp?relationWords=%E7%B5%90%E8%AA%9E%20%E8%BE%B2%E6%9E%97%20%E8%BE%B2%E6%9E%97%E5%BB%B3%20%E9%A0%90%E7%AE%97%20&oid=1545709 HTTP/1.1" 200 6089
66.249.71.127 - - [03/Jul/2015:04:37:23 +0800] "GET /content/subject/resource_content.jsp?oid=16777489&queryType=qc HTTP/1.1" 200 74930
66.249.71.64 - - [03/Jul/2015:04:38:10 +0800] "GET /content/repository/resource_content.jsp?oid=15555&queryString=%E5%88%BA%E9%AD%9A%20%E8%93%8B%E5%88%BA%E9%AD%9A HTTP/1.1" 200 33798
123.125.71.21 - - [03/Jul/2015:04:38:47 +0800] "GET /content/subject/resource_content.jsp?oid=16777591&queryType=qc HTTP/1.1" 200 40758
66.249.71.5 - - [03/Jul/2015:04:39:16 +0800] "GET /content/nav/relationSubject.jsp?relationWords=%E7%8E%8B%E5%A3%AB%E4%BF%8A+&oid=2520948 HTTP/1.1" 200 3090
66.249.71.5 - - [03/Jul/2015:04:39:18 +0800] "GET /content/nav/relationSubject.jsp?relationWords=%E7%8E%8B%E5%A3%AB%E4%BF%8A%20&oid=2520948 HTTP/1.1" 200 3090
66.249.71.127 - - [03/Jul/2015:04:39:21 +0800] "GET /content/subject/resource_content.jsp?oid=16777543&queryType=qc HTTP/1.1" 200 41375
66.249.71.23 - - [03/Jul/2015:04:40:00 +0800] "GET /digiarch3/content/subject/resource_content.jsp?oid=16777796&queryType=qs&queryString=%E8%B3%87%E6%BA%90%E5%85%B1%E4%BA%AB HTTP/1.1" 200 34391
66.249.71.72 - - [03/Jul/2015:04:40:33 +0800] "GET /content/repository/resource_content.jsp?oid=1874630&queryString=%E6%8F%90%E6%A2%81%20%E6%8F%90%E6%A2%81%E5%8D%A3%20%E7%8D%B8%E9%9D%A2%20%E7%8D%B8%E9%9D%A2%E7%B4%8B%20%E9%85%92%E5%99%A8 HTTP/1.1" 200 30875
66.249.71.60 - - [03/Jul/2015:04:40:58 +0800] "GET /content/repository/resource_content.jsp?oid=1096407 HTTP/1.1" 200 30457
66.249.71.72 - - [03/Jul/2015:04:40:58 +0800] "GET /content/nav/relationSubject.jsp?relationWords=%E6%A4%8D%E7%89%A9%E7%95%8C%20%E6%BC%86%E6%A8%B9%E7%A7%91%20%E7%84%A1%E6%82%A3%E5%AD%90%20%E9%BB%83%E9%80%A3%E6%9C%A8%20%E9%BB%83%E9%80%A3%E6%9C%A8%E5%B1%AC%20&oid=1105776 HTTP/1.1" 200 3355
66.249.71.72 - - [03/Jul/2015:04:41:20 +0800] "GET /content/repository/resource_content.jsp?oid=1107321 HTTP/1.1" 200 31087
66.249.71.45 - - [03/Jul/2015:04:41:26 +0800] "GET /content/nav/relationSubject.jsp?relationWords=%E6%9D%9C%E6%B8%85+%E8%8F%AF%E5%8D%97%E9%8A%80%E8%A1%8C+&oid=1887297 HTTP/1.1" 200 3229
66.249.71.45 - - [03/Jul/2015:04:41:27 +0800] "GET /content/nav/relationSubject.jsp?relationWords=%E6%9D%9C%E6%B8%85%20%E8%8F%AF%E5%8D%97%E9%8A%80%E8%A1%8C%20&oid=1887297 HTTP/1.1" 200 3229
66.249.71.72 - - [03/Jul/2015:04:41:43 +0800] "GET /content/repository/resource_content.jsp?oid=1573786 HTTP/1.1" 200 28596
66.249.71.72 - - [03/Jul/2015:04:42:30 +0800] "GET /content/repository/resource_content.jsp?oid=2150440&queryString=%E5%A4%8F%E5%A4%9C%20%E6%B0%B4%E8%8C%84%E8%8B%B3 HTTP/1.1" 200 31015
66.249.71.60 - - [03/Jul/2015:04:42:44 +0800] "GET /content/nav/relationSubject.jsp?relationWords=%E6%95%99%E8%82%B2%E5%88%B6%E5%BA%A6+%E6%95%99%E8%82%B2%E6%A1%88+&oid=1567226 HTTP/1.1" 200 3421
66.249.71.64 - - [03/Jul/2015:04:42:46 +0800] "GET /content/nav/relationSubject.jsp?relationWords=%E6%95%99%E8%82%B2%E5%88%B6%E5%BA%A6%20%E6%95%99%E8%82%B2%E6%A1%88%20&oid=1567226 HTTP/1.1" 200 3421
66.249.71.60 - - [03/Jul/2015:04:42:53 +0800] "GET /content/nav/relationSubject.jsp?relationWords=%E5%B7%A1%E6%92%AB+%E7%A9%8D%E7%A9%80+%E9%96%A9%E7%9C%81+&oid=2523503 HTTP/1.1" 200 3148
66.249.71.60 - - [03/Jul/2015:04:42:55 +0800] "GET /content/subject/resource_content.jsp?oid=16777656 HTTP/1.1" 200 63549
66.249.71.60 - - [03/Jul/2015:04:42:55 +0800] "GET /content/nav/relationSubject.jsp?relationWords=%E5%B7%A1%E6%92%AB%20%E7%A9%8D%E7%A9%80%20%E9%96%A9%E7%9C%81%20&oid=2523503 HTTP/1.1" 200 3148
66.249.71.60 - - [03/Jul/2015:04:43:16 +0800] "GET /content/nav/relationSubject.jsp?relationWords=%E5%86%AC%E9%9D%92%E5%B1%AC+%E5%86%AC%E9%9D%92%E7%A7%91+%E6%A4%8D%E7%89%A9%E7%95%8C+%E8%A1%9B%E7%9F%9B+%E9%87%91%E5%B9%B3%E6%B0%8F%E5%86%AC%E9%9D%92+&oid=1104285 HTTP/1.1" 200 3377
66.249.71.127 - - [03/Jul/2015:04:43:18 +0800] "GET /content/repository/resource_content.jsp?oid=2564158&queryString=%E5%90%8F%E9%83%A8%E5%B0%9A%E6%9B%B8 HTTP/1.1" 200 30258
66.249.71.72 - - [03/Jul/2015:04:43:18 +0800] "GET /content/nav/relationSubject.jsp?relationWords=%E5%86%AC%E9%9D%92%E5%B1%AC%20%E5%86%AC%E9%9D%92%E7%A7%91%20%E6%A4%8D%E7%89%A9%E7%95%8C%20%E8%A1%9B%E7%9F%9B%20%E9%87%91%E5%B9%B3%E6%B0%8F%E5%86%AC%E9%9D%92%20&oid=1104285 HTTP/1.1" 200 3377
66.249.71.60 - - [03/Jul/2015:04:43:19 +0800] "GET /content/nav/relationSubject.jsp?relationWords=&oid=2605765 HTTP/1.1" 200 1405
66.249.71.72 - - [03/Jul/2015:04:43:41 +0800] "GET /content/repository/resource_content.jsp?oid=1563266 HTTP/1.1" 200 28776
66.249.71.72 - - [03/Jul/2015:04:43:46 +0800] "GET /content/nav/relationSubject.jsp?relationWords=GIS%20GPS%20&oid=16777344 HTTP/1.1" 200 2228
66.249.71.14 - - [03/Jul/2015:04:44:05 +0800] "GET /digiarch3/content/subject/resource_content.jsp?oid=16777275&queryType=qs&queryString=%E5%A4%A7%E8%8B%B1%E5%8D%9A%E7%89%A9%E9%A4%A8 HTTP/1.1" 200 34360
66.249.71.14 - - [03/Jul/2015:04:44:11 +0800] "GET /digiarch3/content/nav/relationSubject.jsp?relationWords=%E5%94%90%E5%86%A0%E8%9E%BA+%E5%AF%B6%E8%9E%BA+%E5%AF%B6%E8%9E%BA%E5%B1%AC+%E7%95%B0%E8%B6%B3%E7%9B%AE+%E8%85%B9%E8%B6%B3%E7%B6%B1+%E8%90%AC%E5%AF%B6+%E8%90%AC%E5%AF%B6%E8%9E%BA+%E8%BB%9F%E9%AB%94%E5%8B%95%E7%89%A9%E9%96%80+&oid=4548724 HTTP/1.1" 200 3573
66.249.71.60 - - [03/Jul/2015:04:44:12 +0800] "GET /content/nav/relationSubject.jsp?relationWords=%E5%A4%96%E5%8C%AF+%E7%9C%81%E6%94%BF%E5%BA%9C+&oid=1544405 HTTP/1.1" 200 4492
66.249.71.60 - - [03/Jul/2015:04:44:14 +0800] "GET /content/nav/relationSubject.jsp?relationWords=%E5%A4%96%E5%8C%AF%20%E7%9C%81%E6%94%BF%E5%BA%9C%20&oid=1544405 HTTP/1.1" 200 4492
66.249.71.64 - - [03/Jul/2015:04:44:29 +0800] "GET /content/repository/resource_content.jsp?oid=1458879 HTTP/1.1" 200 30606
66.249.71.36 - - [03/Jul/2015:04:44:51 +0800] "GET /content/nav/relationSubject.jsp?relationWords=%E5%B7%AE%E5%BD%B9+%E6%8B%8F%E7%A6%81+&oid=2518653 HTTP/1.1" 200 4036
66.249.71.45 - - [03/Jul/2015:04:44:56 +0800] "GET /content/nav/relationSubject.jsp?relationWords=%E5%B7%AE%E5%BD%B9%20%E6%8B%8F%E7%A6%81%20&oid=2518653 HTTP/1.1" 200 4036
66.249.71.72 - - [03/Jul/2015:04:44:56 +0800] "GET /digiarch_en/content/nav/relationSubject.jsp?relationWords=%E5%8D%91%E5%8D%97%E6%97%8F+%E6%B3%B0%E9%9B%85%E6%97%8F+%E8%B3%BD%E5%A4%8F%E6%97%8F+%E8%BF%91%E4%BB%A3%E5%8F%B2+%E9%84%92%E6%97%8F+%E9%AD%AF%E5%87%B1%E6%97%8F+&oid=1774015 HTTP/1.1" 200 4149
5.255.253.139 - - [03/Jul/2015:04:45:24 +0800] "GET /content/subject/resource_content.jsp?oid=16777620&queryType=qc HTTP/1.1" 200 54705
66.249.71.72 - - [03/Jul/2015:04:45:50 +0800] "GET /content/nav/relationSubject.jsp?relationWords=%E4%BF%9D%E5%AE%89%E5%8F%B8+%E5%8F%B8%E4%BB%A4%E9%83%A8+%E5%9C%8B%E9%98%B2%E9%83%A8+%E6%9D%BE%E5%B1%B1%E6%A9%9F%E5%A0%B4+%E7%B8%BD%E7%B5%B1%E5%BA%9C+%E8%87%A8%E6%99%82%E7%9C%81%E8%AD%B0%E6%9C%83+%E8%87%BA%E7%81%A3%E7%9C%81+%E8%A1%9B%E6%88%8D%E5%8F%B8%E4%BB%A4%E9%83%A8+&oid=1522649 HTTP/1.1" 200 4768
66.249.71.60 - - [03/Jul/2015:04:45:52 +0800] "GET /content/nav/relationSubject.jsp?relationWords=%E4%BF%9D%E5%AE%89%E5%8F%B8%20%E5%8F%B8%E4%BB%A4%E9%83%A8%20%E5%9C%8B%E9%98%B2%E9%83%A8%20%E6%9D%BE%E5%B1%B1%E6%A9%9F%E5%A0%B4%20%E7%B8%BD%E7%B5%B1%E5%BA%9C%20%E8%87%A8%E6%99%82%E7%9C%81%E8%AD%B0%E6%9C%83%20%E8%87%BA%E7%81%A3%E7%9C%81%20%E8%A1%9B%E6%88%8D%E5%8F%B8%E4%BB%A4%E9%83%A8%20&oid=1522649 HTTP/1.1" 200 4768
66.249.71.119 - - [03/Jul/2015:04:46:08 +0800] "GET /content/nav/relationSubject.jsp?relationWords=%E5%9C%8B%E6%B0%91%E6%94%BF%E5%BA%9C%20&oid=16777797 HTTP/1.1" 200 3221
66.249.71.60 - - [03/Jul/2015:04:46:28 +0800] "GET /content/subject/resource_content.jsp?oid=16777730&queryString=%E5%A4%9A%E5%AA%92%E9%AB%94%20%E5%AA%92%E9%AB%94%20%E5%B8%82%E5%A0%B4%E8%AA%BF%E6%9F%A5%20%E6%89%8B%E5%B7%A5%E8%97%9D%E5%93%81 HTTP/1.1" 200 46748
220.181.108.156 - - [03/Jul/2015:04:46:33 +0800] "GET /content/subject/resource_content.jsp?oid=16777453&queryType=qc HTTP/1.1" 200 28659
66.249.71.45 - - [03/Jul/2015:04:46:41 +0800] "GET /content/nav/relationSubject.jsp?relationWords=%E7%BE%8E%E6%96%BD+%E8%8A%AE%E6%81%A9%E6%96%BD+&oid=582430 HTTP/1.1" 200 3376
66.249.71.54 - - [03/Jul/2015:04:46:43 +0800] "GET /content/nav/relationSubject.jsp?relationWords=%E7%BE%8E%E6%96%BD%20%E8%8A%AE%E6%81%A9%E6%96%BD%20&oid=582430 HTTP/1.1" 200 3376
66.249.71.60 - - [03/Jul/2015:04:46:50 +0800] "GET /content/repository/resource_content.jsp?oid=1562891 HTTP/1.1" 200 28579
66.249.71.60 - - [03/Jul/2015:04:47:14 +0800] "GET /content/subject/resource_content.jsp?oid=16777491&queryString=%E6%B3%B0%E9%9B%85%E6%97%8F%20%E7%94%9F%E8%95%83%20%E7%A5%96%E9%9D%88 HTTP/1.1" 200 48404
66.249.79.19 - - [03/Jul/2015:04:47:33 +0800] "GET /content/nav/relationSubject.jsp?relationWords=%E7%95%BF%E8%BC%94+%E7%A6%AE%E7%A7%91+&oid=2666030 HTTP/1.1" 200 3164
66.249.71.72 - - [03/Jul/2015:04:47:35 +0800] "GET /content/nav/relationSubject.jsp?relationWords=%E7%95%BF%E8%BC%94%20%E7%A6%AE%E7%A7%91%20&oid=2666030 HTTP/1.1" 200 3164
66.249.71.72 - - [03/Jul/2015:04:47:45 +0800] "GET /content/nav/relationSubject.jsp?relationWords=%E5%BF%8D%E5%86%AC%E7%A7%91+%E6%A4%8D%E7%89%A9%E7%95%8C+%E7%8B%B9%E8%91%89+&oid=1463002 HTTP/1.1" 200 3404
66.249.71.64 - - [03/Jul/2015:04:47:46 +0800] "GET /content/nav/relationSubject.jsp?relationWords=%E5%BF%8D%E5%86%AC%E7%A7%91%20%E6%A4%8D%E7%89%A9%E7%95%8C%20%E7%8B%B9%E8%91%89%20&oid=1463002 HTTP/1.1" 200 3404
66.249.71.36 - - [03/Jul/2015:04:48:21 +0800] "GET /content/nav/relationSubject.jsp?relationWords=%E5%93%88%E6%B0%8F%E8%91%89%E9%AF%9B+%E5%93%88%E6%B0%8F%E9%8C%A6%E9%AD%9A+%E5%9B%9B%E9%BD%92+%E6%9F%B3%E5%86%B7%E4%BB%94+%E7%A4%AB%E4%BB%94+%E9%8A%85%E7%AE%A1+%E9%9A%86%E9%A0%AD%E9%AD%9A%E7%A7%91+%E9%9D%92%E6%B1%95%E5%86%B7+%E9%9E%8D%E6%96%91+&oid=15821 HTTP/1.1" 200 3714
66.249.71.72 - - [03/Jul/2015:04:48:25 +0800] "GET /content/pictures/picture_content.jsp?oid=33554788 HTTP/1.1" 200 27711
66.249.71.64 - - [03/Jul/2015:04:48:36 +0800] "GET /content/nav/relationSubject.jsp?relationWords=%E6%A4%8D%E7%89%A9%E7%95%8C+%E6%B0%B4%E8%9C%88%E8%9A%A3%E5%B1%AC+%E7%9F%AD%E8%91%89%E6%B0%B4%E8%9C%88%E8%9A%A3+%E8%8E%8E%E8%8D%89+%E8%8E%8E%E8%8D%89%E7%A7%91+&oid=1458882 HTTP/1.1" 200 3368
66.249.71.72 - - [03/Jul/2015:04:48:38 +0800] "GET /content/nav/relationSubject.jsp?relationWords=%E6%A4%8D%E7%89%A9%E7%95%8C%20%E6%B0%B4%E8%9C%88%E8%9A%A3%E5%B1%AC%20%E7%9F%AD%E8%91%89%E6%B0%B4%E8%9C%88%E8%9A%A3%20%E8%8E%8E%E8%8D%89%20%E8%8E%8E%E8%8D%89%E7%A7%91%20&oid=1458882 HTTP/1.1" 200 3368
66.249.71.72 - - [03/Jul/2015:04:48:49 +0800] "GET /digiarch_en/content/repository/resource_content.jsp?oid=2150316&queryString=%E7%83%8F%E5%BF%83%E7%9F%B3%20%E9%B1%B8%E9%B0%BB HTTP/1.1" 200 23622
66.249.71.45 - - [03/Jul/2015:04:49:12 +0800] "GET /content/repository/resource_content.jsp?oid=1547593&queryType=qs&queryString=%E4%BA%BA%E5%8F%A3%E5%AF%86%E5%BA%A6 HTTP/1.1" 200 29790
66.249.71.45 - - [03/Jul/2015:04:49:36 +0800] "GET /content/repository/resource_content.jsp?oid=4362901&queryString=%E5%85%AB%E5%AE%B6%E5%B0%87 HTTP/1.1" 200 28239
66.249.71.127 - - [03/Jul/2015:04:50:00 +0800] "GET /content/repository/resource_content.jsp?oid=4362814&queryString=%E9%9F%8B%E9%A6%B1 HTTP/1.1" 200 27736
66.249.71.72 - - [03/Jul/2015:04:50:24 +0800] "GET /content/nav/relationSubject.jsp?relationWords=%E6%98%9F%E9%B1%A0%20%E9%AE%A8%E7%A7%91%20&oid=22035 HTTP/1.1" 200 3384
66.249.71.60 - - [03/Jul/2015:04:50:35 +0800] "GET /content/nav/relationSubject.jsp?relationWords=%E5%A4%A7%E8%91%89%E9%9B%80%E6%A6%95+%E6%A4%8D%E7%89%A9%E7%95%8C+%E6%A6%95%E5%B1%AC+&oid=1458834 HTTP/1.1" 200 3105
66.249.71.64 - - [03/Jul/2015:04:50:37 +0800] "GET /content/nav/relationSubject.jsp?relationWords=%E5%A4%A7%E8%91%89%E9%9B%80%E6%A6%95%20%E6%A4%8D%E7%89%A9%E7%95%8C%20%E6%A6%95%E5%B1%AC%20&oid=1458834 HTTP/1.1" 200 3105
157.55.39.235 - - [03/Jul/2015:04:51:00 +0800] "GET /content/subject/resource_content.jsp?oid=16777599&queryType=qc HTTP/1.1" 200 36988
114.26.249.13 - - [03/Jul/2015:04:51:04 +0800] "GET /content/nav/relationSubject.jsp?relationWords=%E8%A5%BF%E8%9E%BA%E5%A4%A7%E6%A9%8B+&oid=16777581 HTTP/1.1" 200 8161
66.249.71.64 - - [03/Jul/2015:04:51:17 +0800] "GET /content/nav/relationSubject.jsp?relationWords=%E4%B8%AD%E5%9C%8B%E5%9C%B0%E6%A5%8A%E6%A2%85+%E5%9C%B0%E6%A5%8A%E6%A2%85%E5%B1%AC+&oid=1113275 HTTP/1.1" 200 3208
66.249.71.60 - - [03/Jul/2015:04:51:19 +0800] "GET /content/nav/relationSubject.jsp?relationWords=%E4%B8%AD%E5%9C%8B%E5%9C%B0%E6%A5%8A%E6%A2%85%20%E5%9C%B0%E6%A5%8A%E6%A2%85%E5%B1%AC%20&oid=1113275 HTTP/1.1" 200 3208
66.249.71.72 - - [03/Jul/2015:04:51:37 +0800] "GET /digiarch_en/content/nav/relationSubject.jsp?relationWords=%E5%90%8F%E9%83%A8+%E7%9F%A5%E5%B7%9E+&oid=2683207 HTTP/1.1" 200 3129
66.249.71.72 - - [03/Jul/2015:04:51:38 +0800] "GET /content/nav/relationSubject.jsp?relationWords=%E5%B7%A5%E9%83%A8+&oid=2511989 HTTP/1.1" 200 3068
66.249.71.60 - - [03/Jul/2015:04:51:39 +0800] "GET /digiarch_en/content/nav/relationSubject.jsp?relationWords=%E5%90%8F%E9%83%A8%20%E7%9F%A5%E5%B7%9E%20&oid=2683207 HTTP/1.1" 200 3129
66.249.71.72 - - [03/Jul/2015:04:51:41 +0800] "GET /content/nav/relationSubject.jsp?relationWords=%E5%B7%A5%E9%83%A8%20&oid=2511989 HTTP/1.1" 200 3068
66.249.71.72 - - [03/Jul/2015:04:51:58 +0800] "GET /digiarch_en/content/repository/resource_content.jsp?oid=2681054&queryString=%E5%B0%91%E5%8D%BF%20%E9%B4%BB%E8%87%9A%E5%AF%BA HTTP/1.1" 200 24084
66.249.71.60 - - [03/Jul/2015:04:52:08 +0800] "GET /content/nav/relationSubject.jsp?relationWords=%E4%B8%89%E8%BC%AA%E8%BB%8A+%E7%A4%BE%E6%9C%83%E7%A6%8F%E5%88%A9+%E7%A4%BE%E6%9C%83%E7%A6%8F%E5%88%A9%E5%9F%BA%E9%87%91+%E7%A4%BE%E6%9C%83%E8%99%95+%E8%81%B7%E6%A5%AD%E5%AD%B8%E6%A0%A1+&oid=1566270 HTTP/1.1" 200 4250
66.249.71.72 - - [03/Jul/2015:04:52:10 +0800] "GET /content/nav/relationSubject.jsp?relationWords=%E4%BA%8C%E5%BA%9C%E7%A4%BE+%E7%9C%81%E6%94%BF%E5%BA%9C+%E7%A4%BE%E6%9C%83%E7%A6%8F%E5%88%A9%E5%9F%BA%E9%87%91+&oid=1569826 HTTP/1.1" 200 4602
66.249.71.72 - - [03/Jul/2015:04:52:11 +0800] "GET /content/nav/relationSubject.jsp?relationWords=%E4%B8%89%E8%BC%AA%E8%BB%8A%20%E7%A4%BE%E6%9C%83%E7%A6%8F%E5%88%A9%20%E7%A4%BE%E6%9C%83%E7%A6%8F%E5%88%A9%E5%9F%BA%E9%87%91%20%E7%A4%BE%E6%9C%83%E8%99%95%20%E8%81%B7%E6%A5%AD%E5%AD%B8%E6%A0%A1%20&oid=1566270 HTTP/1.1" 200 4250
66.249.71.64 - - [03/Jul/2015:04:52:15 +0800] "GET /content/nav/relationSubject.jsp?relationWords=%E4%BA%8C%E5%BA%9C%E7%A4%BE%20%E7%9C%81%E6%94%BF%E5%BA%9C%20%E7%A4%BE%E6%9C%83%E7%A6%8F%E5%88%A9%E5%9F%BA%E9%87%91%20&oid=1569826 HTTP/1.1" 200 4602
66.249.71.64 - - [03/Jul/2015:04:52:20 +0800] "GET /content/repository/resource_content.jsp?oid=2664442&queryType=qs&queryString=%E5%88%8A%E5%88%BB HTTP/1.1" 200 29996
66.249.71.119 - - [03/Jul/2015:04:52:45 +0800] "GET /content/repository/resource_content.jsp?oid=2667744&queryType=qs&queryString=%E6%A2%9F%E5%8C%AA HTTP/1.1" 200 30203
66.249.71.60 - - [03/Jul/2015:04:52:58 +0800] "GET /content/nav/relationSubject.jsp?relationWords=%E7%B4%85%E9%BB%83%E5%B8%B6%E8%8A%B1%E9%AE%A8+%E8%8A%B1%E9%AE%A8+%E8%8A%B1%E9%B1%B8+&oid=4352438 HTTP/1.1" 200 3458
66.249.71.64 - - [03/Jul/2015:04:52:59 +0800] "GET /content/nav/relationSubject.jsp?relationWords=%E7%B4%85%E9%BB%83%E5%B8%B6%E8%8A%B1%E9%AE%A8%20%E8%8A%B1%E9%AE%A8%20%E8%8A%B1%E9%B1%B8%20&oid=4352438 HTTP/1.1" 200 3458
66.249.71.23 - - [03/Jul/2015:04:53:09 +0800] "GET /digiarch3/content/repository/resource_content.jsp?oid=4589319&queryType=qs&queryString=%E9%8E%96%E6%B8%AF HTTP/1.1" 200 29479
66.249.71.64 - - [03/Jul/2015:04:53:33 +0800] "GET /content/subject/resource_content.jsp?oid=16777610&queryString=%E5%BB%A3%E6%92%AD%20%E6%95%99%E8%82%B2%E8%A1%8C%E6%94%BF%20%E8%B3%AA%E8%A9%A2%20%E9%83%AD%E7%9F%B3%E9%A0%AD%20%E9%9D%A9%E5%91%BD%E6%80%A7 HTTP/1.1" 200 27607
66.249.71.36 - - [03/Jul/2015:04:53:56 +0800] "GET /content/repository/resource_content.jsp?oid=2528131&queryType=qs&queryString=%E5%9B%9B%E6%9B%B8%E6%96%87 HTTP/1.1" 200 29875
66.249.71.127 - - [03/Jul/2015:04:54:20 +0800] "GET /content/repository/resource_content.jsp?oid=2690146&queryString=%E5%AE%9A%E9%99%B6%20%E5%AE%9A%E9%99%B6%E7%B8%A3%20%E7%8E%8B%E5%AE%88 HTTP/1.1" 200 30319
66.249.71.119 - - [03/Jul/2015:04:54:43 +0800] "GET /content/subject/resource_content.jsp?oid=16777364&queryString=%E9%BB%83%E6%A7%90 HTTP/1.1" 200 35074
66.249.71.60 - - [03/Jul/2015:04:55:07 +0800] "GET /content/subject/resource_content.jsp?oid=16777647 HTTP/1.1" 200 56476
66.249.71.60 - - [03/Jul/2015:04:55:30 +0800] "GET /content/subject/resource_content.jsp?oid=16777298 HTTP/1.1" 200 28232
66.249.71.60 - - [03/Jul/2015:04:55:46 +0800] "GET /content/nav/relationSubject.jsp?relationWords=&oid=2603028 HTTP/1.1" 200 1405
66.249.71.60 - - [03/Jul/2015:04:55:54 +0800] "GET /content/subject/resource_content.jsp?oid=16797294&queryType=qc HTTP/1.1" 200 45274
66.249.71.119 - - [03/Jul/2015:04:55:58 +0800] "GET /content/nav/relationSubject.jsp?relationWords=%E5%8D%9A%E8%A6%BD%E6%9C%83%20%E5%8F%B0%E7%81%A3%E5%9C%8B%20%E6%95%B8%E4%BD%8D%E5%85%B8%E8%97%8F%20%E6%96%87%E5%8C%96%E5%89%B5%E6%84%8F%E7%94%A2%E6%A5%AD%20&oid=16777540 HTTP/1.1" 200 8063
66.249.71.64 - - [03/Jul/2015:04:56:18 +0800] "GET /content/repository/resource_content.jsp?oid=1898422&queryString=%E8%BE%B2%E6%9D%91%E5%BB%BA%E8%A8%AD%20%E9%83%BD%E5%B8%82%E7%99%BC%E5%B1%95 HTTP/1.1" 200 29780
66.249.71.72 - - [03/Jul/2015:04:56:29 +0800] "GET /content/nav/relationSubject.jsp?relationWords=%E7%9C%81%E6%9C%89%E7%9C%B7%E8%88%8D%E6%88%BF%E5%9C%B0+%E7%9C%B7%E8%88%8D+%E8%87%BA%E4%B8%AD%E5%B8%82+%E8%87%BA%E5%8C%97%E5%B8%82+%E8%87%BA%E5%8C%97%E7%B8%A3+%E8%87%BA%E7%81%A3%E7%9C%81%E6%94%BF%E5%BA%9C+%E9%83%BD%E5%B8%82%E7%99%BC%E5%B1%95+&oid=1898422 HTTP/1.1" 200 4934
66.249.71.60 - - [03/Jul/2015:04:56:38 +0800] "GET /content/nav/relationSubject.jsp?relationWords=%E7%9C%81%E6%9C%89%E7%9C%B7%E8%88%8D%E6%88%BF%E5%9C%B0%20%E7%9C%B7%E8%88%8D%20%E8%87%BA%E4%B8%AD%E5%B8%82%20%E8%87%BA%E5%8C%97%E5%B8%82%20%E8%87%BA%E5%8C%97%E7%B8%A3%20%E8%87%BA%E7%81%A3%E7%9C%81%E6%94%BF%E5%BA%9C%20%E9%83%BD%E5%B8%82%E7%99%BC%E5%B1%95%20&oid=1898422 HTTP/1.1" 200 4934
66.249.71.64 - - [03/Jul/2015:04:56:41 +0800] "GET /content/repository/resource_content.jsp?oid=14088&queryString=%E6%B2%99%E6%A2%9D%20%E7%81%B0%E8%B2%82%E9%AE%AB HTTP/1.1" 200 34596
66.249.71.64 - - [03/Jul/2015:04:57:05 +0800] "GET /content/repository/resource_content.jsp?oid=1114199 HTTP/1.1" 200 31014
66.249.71.60 - - [03/Jul/2015:04:57:12 +0800] "GET /content/nav/relationSubject.jsp?relationWords=%E5%AD%97%E5%83%B9+&oid=2675538 HTTP/1.1" 200 3093
66.249.71.64 - - [03/Jul/2015:04:57:13 +0800] "GET /content/nav/relationSubject.jsp?relationWords=%E5%AD%97%E5%83%B9%20&oid=2675538 HTTP/1.1" 200 3093
66.249.71.3 - - [03/Jul/2015:04:57:36 +0800] "GET /content/nav/relationSubject.jsp?relationWords=%E5%81%A5%E5%BA%B7%E6%A1%88+%E5%AF%86%E9%86%AB+%E6%AD%90%E7%BE%8E%E6%97%A5+%E7%89%99%E9%86%AB+%E7%9C%81%E6%94%BF%E5%BA%9C+%E8%87%BA%E7%81%A3%E7%9C%81+%E9%86%AB%E5%B8%AB%E5%85%AC%E6%9C%83+&oid=1521799 HTTP/1.1" 200 4742
66.249.71.3 - - [03/Jul/2015:04:57:38 +0800] "GET /content/nav/relationSubject.jsp?relationWords=%E5%81%A5%E5%BA%B7%E6%A1%88%20%E5%AF%86%E9%86%AB%20%E6%AD%90%E7%BE%8E%E6%97%A5%20%E7%89%99%E9%86%AB%20%E7%9C%81%E6%94%BF%E5%BA%9C%20%E8%87%BA%E7%81%A3%E7%9C%81%20%E9%86%AB%E5%B8%AB%E5%85%AC%E6%9C%83%20&oid=1521799 HTTP/1.1" 200 4742
66.249.71.64 - - [03/Jul/2015:04:58:16 +0800] "GET /content/repository/resource_content.jsp?oid=4471291&queryString=%E5%8D%9A%E8%A6%BD%E6%9C%83%20%E5%8F%B0%E7%81%A3%E5%9C%8B%20%E6%95%B8%E4%BD%8D%E5%85%B8%E8%97%8F%20%E6%96%87%E5%8C%96%E5%89%B5%E6%84%8F%E7%94%A2%E6%A5%AD HTTP/1.1" 200 29549
66.249.71.72 - - [03/Jul/2015:04:58:37 +0800] "GET /content/nav/relationSubject.jsp?relationWords=%E5%AD%90%E5%BD%88%E7%9F%B3%E6%AB%9F+%E6%9F%AF%E5%B1%AC+%E6%A4%8D%E7%89%A9%E7%95%8C+%E6%AE%BC%E6%96%97%E7%A7%91+&oid=1457092 HTTP/1.1" 200 3380
66.249.71.60 - - [03/Jul/2015:04:58:39 +0800] "GET /content/pictures/picture_content.jsp?oid=33554830&classify=2761 HTTP/1.1" 200 27953
66.249.71.64 - - [03/Jul/2015:04:59:03 +0800] "GET /content/repository/resource_content.jsp?oid=518214&queryString=%E4%BA%9E%E6%88%90%E9%AB%94%20%E5%B0%8F%E5%8D%B7%20%E6%AD%A6%E9%81%93%E7%9C%9F%E9%8E%96%E7%AE%A1%20%E9%80%8F%E6%8A%BD%20%E9%8E%96%E7%AE%A1%E5%B1%AC%20%E9%8E%96%E7%AE%A1%E7%A7%91%20%E9%A0%AD%E8%B6%B3%E7%B6%B1 HTTP/1.1" 200 31945
66.249.71.60 - - [03/Jul/2015:04:59:27 +0800] "GET /content/repository/resource_content.jsp?oid=1548639 HTTP/1.1" 200 28385
66.249.79.119 - - [03/Jul/2015:04:59:48 +0800] "GET /content/nav/relationSubject.jsp?relationWords=%E5%9B%9E%E5%8D%97+%E5%9C%8D%E5%AF%A8+%E9%9D%B3%E5%AE%B6%E5%B4%97+&oid=570845 HTTP/1.1" 200 6713
66.249.71.36 - - [03/Jul/2015:04:59:50 +0800] "GET /content/nav/relationSubject.jsp?relationWords=%E5%9B%9E%E5%8D%97%20%E5%9C%8D%E5%AF%A8%20%E9%9D%B3%E5%AE%B6%E5%B4%97%20&oid=570845 HTTP/1.1" 200 6713
66.249.71.60 - - [03/Jul/2015:05:00:38 +0800] "GET /content/repository/resource_content.jsp?oid=1102512 HTTP/1.1" 200 31067
66.249.71.60 - - [03/Jul/2015:05:01:01 +0800] "GET /content/repository/resource_content.jsp?oid=1548496 HTTP/1.1" 200 28589
66.249.71.64 - - [03/Jul/2015:05:01:08 +0800] "GET /content/nav/relationSubject.jsp?relationWords=%E8%B3%AA%E8%A9%A2+%E9%99%B3%E7%AD%86+&oid=1568139 HTTP/1.1" 200 4089
66.249.71.72 - - [03/Jul/2015:05:01:10 +0800] "GET /content/nav/relationSubject.jsp?relationWords=%E8%B3%AA%E8%A9%A2%20%E9%99%B3%E7%AD%86%20&oid=1568139 HTTP/1.1" 200 4089
66.249.71.60 - - [03/Jul/2015:05:01:25 +0800] "GET /content/subject/resource_content.jsp?oid=16777514&queryType=qs&queryString=%E7%A6%8F%E7%88%BE%E6%91%A9%E6%B2%99 HTTP/1.1" 200 42846
66.249.71.60 - - [03/Jul/2015:05:01:48 +0800] "GET /content/repository/resource_content.jsp?oid=1103583 HTTP/1.1" 200 30994
66.249.71.72 - - [03/Jul/2015:05:01:53 +0800] "GET /digiarch_en/content/nav/relationSubject.jsp?relationWords=%E5%BD%A9%E7%B9%AA%20&oid=4588726 HTTP/1.1" 200 4738
66.249.71.60 - - [03/Jul/2015:05:02:03 +0800] "GET /content/nav/relationSubject.jsp?relationWords=%E5%85%AD%E5%BA%9C%E6%95%99+%E5%AE%B6%E9%95%B7%E6%9C%83+%E8%B2%A1%E5%8B%99+&oid=1566894 HTTP/1.1" 200 3744
66.249.71.64 - - [03/Jul/2015:05:02:38 +0800] "GET /content/subject/resource_content.jsp?oid=16777440&queryType=qs&queryString=%E8%87%BA%E7%81%A3%E5%8F%B2 HTTP/1.1" 200 50057
66.249.71.72 - - [03/Jul/2015:05:02:47 +0800] "GET /content/nav/relationSubject.jsp?relationWords=%E9%86%AB%E7%99%82%E5%88%B6%E5%BA%A6+&oid=1548639 HTTP/1.1" 200 6625
66.249.71.60 - - [03/Jul/2015:05:02:48 +0800] "GET /content/nav/relationSubject.jsp?relationWords=%E9%86%AB%E7%99%82%E5%88%B6%E5%BA%A6%20&oid=1548639 HTTP/1.1" 200 6625
66.249.71.64 - - [03/Jul/2015:05:02:59 +0800] "GET /content/repository/resource_content.jsp?oid=1566750 HTTP/1.1" 200 28755
66.249.71.60 - - [03/Jul/2015:05:03:18 +0800] "GET /content/nav/relationSubject.jsp?relationWords=%E5%85%AD%E5%BA%9C%E6%95%99%20%E5%AE%B6%E9%95%B7%E6%9C%83%20%E8%B2%A1%E5%8B%99%20&oid=1566894 HTTP/1.1" 200 3744
66.249.71.60 - - [03/Jul/2015:05:03:23 +0800] "GET /content/repository/resource_content.jsp?oid=1568668 HTTP/1.1" 200 28856
66.249.71.64 - - [03/Jul/2015:05:03:38 +0800] "GET /content/nav/relationSubject.jsp?relationWords=&oid=2664442 HTTP/1.1" 200 1405
66.249.71.64 - - [03/Jul/2015:05:03:52 +0800] "GET /content/nav/relationSubject.jsp?relationWords=%E7%89%A1%E4%B8%B9%E9%87%91%E9%87%B5%E8%98%AD+%E9%87%91%E9%87%B5%E8%98%AD%E5%B1%AC+&oid=2143648 HTTP/1.1" 200 3115
66.249.71.60 - - [03/Jul/2015:05:03:59 +0800] "GET /content/nav/relationSubject.jsp?relationWords=%E7%89%A1%E4%B8%B9%E9%87%91%E9%87%B5%E8%98%AD%20%E9%87%91%E9%87%B5%E8%98%AD%E5%B1%AC%20&oid=2143648 HTTP/1.1" 200 3115
66.249.71.72 - - [03/Jul/2015:05:04:10 +0800] "GET /content/repository/resource_content.jsp?oid=1897806&queryString=%E5%8F%83%E8%AD%B0%E5%93%A1%20%E5%8F%83%E8%AD%B0%E6%9C%83%20%E5%8F%B0%E7%81%A3%E7%9C%81%20%E7%9C%81%E6%94%BF%E5%BA%9C%20%E8%98%87%E6%83%9F%E6%A2%81%20%E9%BB%83%E7%B4%94%E9%9D%92 HTTP/1.1" 200 30256
66.249.71.72 - - [03/Jul/2015:05:04:18 +0800] "GET /content/nav/relationSubject.jsp?relationWords=%E5%8F%B0%E7%81%A3%E9%8A%80%E8%A1%8C+%E5%8F%B0%E9%8A%80+%E5%AD%98%E6%AC%BE+%E7%AE%A1%E7%AB%8B%E6%8C%AF+&oid=1516334 HTTP/1.1" 200 3919
66.249.71.60 - - [03/Jul/2015:05:04:20 +0800] "GET /content/nav/relationSubject.jsp?relationWords=%E5%8F%B0%E7%81%A3%E9%8A%80%E8%A1%8C%20%E5%8F%B0%E9%8A%80%20%E5%AD%98%E6%AC%BE%20%E7%AE%A1%E7%AB%8B%E6%8C%AF%20&oid=1516334 HTTP/1.1" 200 3919
66.249.71.127 - - [03/Jul/2015:05:04:27 +0800] "GET /content/subject/resource_content.jsp?oid=16777488&queryType=qs&queryString=%E9%99%B3%E6%AD%A3%E5%B9%B3 HTTP/1.1" 200 60850
66.249.71.72 - - [03/Jul/2015:05:04:34 +0800] "GET /content/repository/resource_content.jsp?oid=16261&queryString=%E5%B0%96%E7%BF%85%E7%87%95%E9%AD%9A%20%E6%B5%B7%E7%87%95%20%E7%87%95%E9%AD%9A%20%E7%99%BD%E9%AF%A7%20%E7%99%BD%E9%AF%A7%E7%A7%91%20%E9%AF%A7%E4%BB%94 HTTP/1.1" 200 34043
66.249.71.72 - - [03/Jul/2015:05:04:58 +0800] "GET /content/subject/resource_content.jsp?oid=16777814&queryString=%E5%9C%8B%E7%AB%8B%E8%87%BA%E7%81%A3%E5%A4%A7%E5%AD%B8%20%E6%80%9D%E6%83%B3%20%E8%87%BA%E7%81%A3%E5%A4%A7%E5%AD%B8%20%E9%87%8D%E6%85%B6%E5%8D%97%E8%B7%AF HTTP/1.1" 200 31218
123.125.71.40 - - [03/Jul/2015:05:05:10 +0800] "GET /content/pictures/picture_content.jsp?oid=33554691&queryType=qc HTTP/1.1" 200 27577
66.249.71.72 - - [03/Jul/2015:05:05:16 +0800] "GET /content/nav/relationSubject.jsp?relationWords=%E5%A4%A9%E5%90%8D%E7%B2%BE+%E5%A4%A9%E5%90%8D%E7%B2%BE%E5%B1%AC+%E6%A4%8D%E7%89%A9%E7%95%8C+%E7%B4%B0%E5%B7%9D+%E8%8F%8A%E7%A7%91+%E9%9B%99%E5%AD%90%E8%91%89%E6%A4%8D%E7%89%A9+&oid=1460071 HTTP/1.1" 200 3416
66.249.79.19 - - [03/Jul/2015:05:05:17 +0800] "GET /content/nav/relationSubject.jsp?relationWords=%E5%A4%A9%E5%90%8D%E7%B2%BE%20%E5%A4%A9%E5%90%8D%E7%B2%BE%E5%B1%AC%20%E6%A4%8D%E7%89%A9%E7%95%8C%20%E7%B4%B0%E5%B7%9D%20%E8%8F%8A%E7%A7%91%20%E9%9B%99%E5%AD%90%E8%91%89%E6%A4%8D%E7%89%A9%20&oid=1460071 HTTP/1.1" 200 3416
157.55.39.220 - - [03/Jul/2015:05:05:44 +0800] "GET /content/tmp_tec/resource_content.jsp?oid=16777837 HTTP/1.1" 200 35579
66.249.71.72 - - [03/Jul/2015:05:05:45 +0800] "GET /content/repository/resource_content.jsp?oid=14174&queryString=%E6%96%91%E7%B4%8B%E7%8A%81%E9%A0%AD%E9%B0%A9%20%E7%8A%81%E9%A0%AD%20%E9%A3%AF%E5%8C%99%E9%AF%8A%20%E9%AD%B4%E4%BB%94 HTTP/1.1" 200 33870
61.146.178.190 - - [03/Jul/2015:05:06:06 +0800] "GET /content/tmp_exh/resource_content.jsp?oid=16777824&querytype=qc HTTP/1.1" 200 40038
66.249.71.64 - - [03/Jul/2015:05:06:08 +0800] "GET /content/repository/resource_content.jsp?oid=3819113&queryString=%E5%B1%B1%E8%8A%99%E8%93%89 HTTP/1.1" 200 31116
66.249.71.60 - - [03/Jul/2015:05:06:32 +0800] "GET /content/repository/resource_content.jsp?oid=1457939 HTTP/1.1" 200 30920
66.249.71.3 - - [03/Jul/2015:05:06:54 +0800] "GET /content/nav/relationSubject.jsp?relationWords=%E5%B1%85%E5%BB%B6%E6%BC%A2%E7%B0%A1+%E6%BC%A2%E7%B0%A1+&oid=284017 HTTP/1.1" 200 3898
66.249.71.72 - - [03/Jul/2015:05:06:56 +0800] "GET /content/repository/resource_content.jsp?oid=1555737 HTTP/1.1" 200 31357
66.249.71.3 - - [03/Jul/2015:05:06:56 +0800] "GET /content/nav/relationSubject.jsp?relationWords=%E5%B1%85%E5%BB%B6%E6%BC%A2%E7%B0%A1%20%E6%BC%A2%E7%B0%A1%20&oid=284017 HTTP/1.1" 200 3898
66.249.71.3 - - [03/Jul/2015:05:07:16 +0800] "GET /content/nav/relationSubject.jsp?relationWords=%E5%9B%9B%E5%BA%9C+%E7%89%B9%E5%88%A5%E8%B2%BB+%E8%AD%A6%E5%AF%9F+&oid=1573139 HTTP/1.1" 200 3731
66.249.71.3 - - [03/Jul/2015:05:07:20 +0800] "GET /content/nav/relationSubject.jsp?relationWords=%E5%9B%9B%E5%BA%9C%20%E7%89%B9%E5%88%A5%E8%B2%BB%20%E8%AD%A6%E5%AF%9F%20&oid=1573139 HTTP/1.1" 200 3731
66.249.71.60 - - [03/Jul/2015:05:07:26 +0800] "GET /content/nav/relationSubject.jsp?relationWords=%E5%9D%90%E7%B3%A7+%E6%BC%A2%E7%9B%A3%E7%9D%A3+&oid=2664434 HTTP/1.1" 200 3143
66.249.71.60 - - [03/Jul/2015:05:07:28 +0800] "GET /content/nav/relationSubject.jsp?relationWords=%E5%9D%90%E7%B3%A7%20%E6%BC%A2%E7%9B%A3%E7%9D%A3%20&oid=2664434 HTTP/1.1" 200 3143
157.55.39.235 - - [03/Jul/2015:05:07:32 +0800] "GET /content/subject/resource_content.jsp?oid=16777280&queryType=qc HTTP/1.1" 200 30999
66.249.71.72 - - [03/Jul/2015:05:07:43 +0800] "GET /content/repository/resource_content.jsp?oid=1545678 HTTP/1.1" 200 28704
66.249.71.105 - - [03/Jul/2015:05:08:07 +0800] "GET /content/repository/resource_content.jsp?oid=16247&queryType=qs&queryString=%E8%9D%A6%E8%99%8E HTTP/1.1" 200 31366
66.249.71.5 - - [03/Jul/2015:05:08:11 +0800] "GET /content/nav/relationSubject.jsp?relationWords=%E6%AA%B3%E6%A6%94%E8%A2%8B+%E7%9A%AE%E6%AA%B3%E6%A6%94%E8%A2%8B+%E7%9B%9B%E5%85%B7+%E9%AD%AF%E5%87%B1%E6%97%8F+&oid=1782574 HTTP/1.1" 200 3167
66.249.71.14 - - [03/Jul/2015:05:08:13 +0800] "GET /content/nav/relationSubject.jsp?relationWords=%E6%AA%B3%E6%A6%94%E8%A2%8B%20%E7%9A%AE%E6%AA%B3%E6%A6%94%E8%A2%8B%20%E7%9B%9B%E5%85%B7%20%E9%AD%AF%E5%87%B1%E6%97%8F%20&oid=1782574 HTTP/1.1" 200 3167
66.249.71.60 - - [03/Jul/2015:05:08:30 +0800] "GET /content/repository/resource_content.jsp?oid=1562815 HTTP/1.1" 200 28734
66.249.71.72 - - [03/Jul/2015:05:09:18 +0800] "GET /content/subject/resource_content.jsp?oid=16777802&queryString=%E5%98%89%E7%A5%A5%20%E9%A1%8C%E8%A8%98 HTTP/1.1" 200 30130
66.249.71.60 - - [03/Jul/2015:05:09:41 +0800] "GET /content/repository/resource_content.jsp?oid=1101125 HTTP/1.1" 200 30715
66.249.71.64 - - [03/Jul/2015:05:10:03 +0800] "GET /content/nav/relationSubject.jsp?relationWords=%E5%85%AC%E8%B7%AF%E5%B1%80+%E5%85%AD%E9%BE%9C+%E5%9B%9B%E5%BA%9C+&oid=1549775 HTTP/1.1" 200 4016
66.249.71.36 - - [03/Jul/2015:05:10:04 +0800] "GET /content/nav/relationSubject.jsp?relationWords=%E6%93%AC%E8%8C%80%E8%95%A8%E5%B1%AC+%E6%A4%8D%E7%89%A9%E7%95%8C+%E6%B0%B4%E7%A4%BE%E6%93%AC%E8%8C%80%E8%95%A8+%E6%B0%B4%E9%BE%8D%E9%AA%A8+%E6%B0%B4%E9%BE%8D%E9%AA%A8%E7%A7%91+%E8%95%A8%E9%A1%9E%E6%A4%8D%E7%89%A9+&oid=3812707 HTTP/1.1" 200 3511
66.249.71.36 - - [03/Jul/2015:05:10:06 +0800] "GET /content/nav/relationSubject.jsp?relationWords=%E6%93%AC%E8%8C%80%E8%95%A8%E5%B1%AC%20%E6%A4%8D%E7%89%A9%E7%95%8C%20%E6%B0%B4%E7%A4%BE%E6%93%AC%E8%8C%80%E8%95%A8%20%E6%B0%B4%E9%BE%8D%E9%AA%A8%20%E6%B0%B4%E9%BE%8D%E9%AA%A8%E7%A7%91%20%E8%95%A8%E9%A1%9E%E6%A4%8D%E7%89%A9%20&oid=3812707 HTTP/1.1" 200 3511
66.249.71.72 - - [03/Jul/2015:05:10:11 +0800] "GET /content/nav/relationSubject.jsp?relationWords=%E5%85%AC%E8%B7%AF%E5%B1%80%20%E5%85%AD%E9%BE%9C%20%E5%9B%9B%E5%BA%9C%20&oid=1549775 HTTP/1.1" 200 4016
66.249.71.23 - - [03/Jul/2015:05:10:28 +0800] "GET /digiarch3/content/subject/resource_content.jsp?oid=16777425&queryType=qc HTTP/1.1" 200 35701
66.249.71.64 - - [03/Jul/2015:05:10:52 +0800] "GET /content/repository/resource_content.jsp?oid=1097767 HTTP/1.1" 200 30585
207.46.13.23 - - [03/Jul/2015:05:11:14 +0800] "GET /content/tmp_auth/resource_content.jsp?oid=16777758 HTTP/1.1" 200 25328
66.249.71.14 - - [03/Jul/2015:05:11:15 +0800] "GET /content/nav/relationSubject.jsp?relationWords=%E4%B8%89%E9%BD%92%E4%BB%94+%E5%94%87%E9%AD%9A+%E6%A9%AB%E5%B8%B6+%E6%A9%AB%E5%B8%B6%E5%94%87%E9%AD%9A+%E6%B1%95%E6%95%A3%E4%BB%94+%E9%9A%86%E9%A0%AD%E9%AD%9A%E7%A7%91+%E9%B8%9A%E9%AF%9B+&oid=15709 HTTP/1.1" 200 3627
66.249.71.64 - - [03/Jul/2015:05:11:17 +0800] "GET /content/subject/resource_content.jsp?oid=16777747&queryType=qs&queryString=%E6%96%87%E5%8C%96%E4%B8%AD%E5%BF%83 HTTP/1.1" 200 38660
66.249.71.5 - - [03/Jul/2015:05:11:17 +0800] "GET /content/nav/relationSubject.jsp?relationWords=%E4%B8%89%E9%BD%92%E4%BB%94%20%E5%94%87%E9%AD%9A%20%E6%A9%AB%E5%B8%B6%20%E6%A9%AB%E5%B8%B6%E5%94%87%E9%AD%9A%20%E6%B1%95%E6%95%A3%E4%BB%94%20%E9%9A%86%E9%A0%AD%E9%AD%9A%E7%A7%91%20%E9%B8%9A%E9%AF%9B%20&oid=15709 HTTP/1.1" 200 3627
66.249.71.14 - - [03/Jul/2015:05:11:25 +0800] "GET /content/nav/relationSubject.jsp?relationWords=&oid=2664791 HTTP/1.1" 200 1405
66.249.71.60 - - [03/Jul/2015:05:11:39 +0800] "GET /content/subject/resource_content.jsp?oid=16777699&queryType=qs&queryString=%E5%B2%A1%E6%9D%91%E5%AF%A7%E6%AC%A1 HTTP/1.1" 200 54124
66.249.71.54 - - [03/Jul/2015:05:11:49 +0800] "GET /content/nav/relationSubject.jsp?relationWords=%E6%96%87%E5%86%8A+%E6%98%AD%E5%BF%A0%E5%AF%BA+%E7%BF%B0%E6%9E%97%E9%99%A2+&oid=2654913 HTTP/1.1" 200 4063
66.249.71.54 - - [03/Jul/2015:05:11:51 +0800] "GET /content/nav/relationSubject.jsp?relationWords=%E6%96%87%E5%86%8A%20%E6%98%AD%E5%BF%A0%E5%AF%BA%20%E7%BF%B0%E6%9E%97%E9%99%A2%20&oid=2654913 HTTP/1.1" 200 4063
66.249.71.64 - - [03/Jul/2015:05:12:01 +0800] "GET /content/nav/relationSubject.jsp?relationWords=%E4%BA%8C%E4%BA%8C%E5%BA%9C+%E6%8E%A8%E5%B1%95%E6%A1%88+&oid=1556315 HTTP/1.1" 200 4170
66.249.71.105 - - [03/Jul/2015:05:12:03 +0800] "GET /content/repository/resource_content.jsp?oid=220908&queryType=qs&queryString=%E5%A2%A9%E5%AD%90 HTTP/1.1" 200 30178
66.249.71.64 - - [03/Jul/2015:05:12:03 +0800] "GET /content/nav/relationSubject.jsp?relationWords=%E4%BA%8C%E4%BA%8C%E5%BA%9C%20%E6%8E%A8%E5%B1%95%E6%A1%88%20&oid=1556315 HTTP/1.1" 200 4170
66.249.71.64 - - [03/Jul/2015:05:12:50 +0800] "GET /content/repository/resource_content.jsp?oid=1461167 HTTP/1.1" 200 30899
66.249.71.119 - - [03/Jul/2015:05:12:53 +0800] "GET /content/nav/relationSubject.jsp?relationWords=%E5%85%87%E7%9B%9C+%E7%A7%BB%E6%9C%83+%E7%A8%85%E9%A4%89+&oid=2627189 HTTP/1.1" 200 3155
66.249.71.119 - - [03/Jul/2015:05:12:54 +0800] "GET /content/nav/relationSubject.jsp?relationWords=%E5%85%87%E7%9B%9C%20%E7%A7%BB%E6%9C%83%20%E7%A8%85%E9%A4%89%20&oid=2627189 HTTP/1.1" 200 3155
66.249.71.72 - - [03/Jul/2015:05:13:14 +0800] "GET /content/repository/resource_content.jsp?oid=1577965 HTTP/1.1" 200 28358
66.249.71.72 - - [03/Jul/2015:05:13:23 +0800] "GET /content/nav/relationSubject.jsp?relationWords=%E5%AE%9C%E8%98%AD%E5%B8%82+%E6%9D%8E%E7%84%B0+%E6%B0%91%E6%94%BF%E5%BB%B3+&oid=1516594 HTTP/1.1" 200 5883
66.249.71.72 - - [03/Jul/2015:05:13:25 +0800] "GET /content/nav/relationSubject.jsp?relationWords=%E5%AE%9C%E8%98%AD%E5%B8%82%20%E6%9D%8E%E7%84%B0%20%E6%B0%91%E6%94%BF%E5%BB%B3%20&oid=1516594 HTTP/1.1" 200 5883
66.249.71.72 - - [03/Jul/2015:05:14:01 +0800] "GET /content/repository/resource_content.jsp?oid=1559644 HTTP/1.1" 200 28377
66.249.71.72 - - [03/Jul/2015:05:14:25 +0800] "GET /content/repository/resource_content.jsp?oid=1104337 HTTP/1.1" 200 31114
66.249.71.72 - - [03/Jul/2015:05:14:39 +0800] "GET /content/nav/relationSubject.jsp?relationWords=%E5%B7%A5%E7%A8%8B%E8%99%95+%E6%B0%B4%E5%88%A9%E5%B1%80+%E7%B5%84%E7%B9%94%E8%A6%8F%E7%A8%8B+%E8%87%BA%E7%81%A3%E7%9C%81%E6%94%BF%E5%BA%9C+&oid=1532054 HTTP/1.1" 200 5375
66.249.71.64 - - [03/Jul/2015:05:14:48 +0800] "GET /content/repository/resource_content.jsp?oid=1126240 HTTP/1.1" 200 31447
66.249.71.72 - - [03/Jul/2015:05:14:50 +0800] "GET /content/nav/relationSubject.jsp?relationWords=%E6%95%B8%E4%BD%8D%E5%85%B8%E8%97%8F+%E7%94%9F%E7%89%A9%E5%A4%9A%E6%A8%A3%E6%80%A7+&oid=16777477 HTTP/1.1" 200 6710
66.249.71.72 - - [03/Jul/2015:05:14:51 +0800] "GET /content/nav/relationSubject.jsp?relationWords=%E6%95%B8%E4%BD%8D%E5%85%B8%E8%97%8F%20%E7%94%9F%E7%89%A9%E5%A4%9A%E6%A8%A3%E6%80%A7%20&oid=16777477 HTTP/1.1" 200 6710
66.249.71.3 - - [03/Jul/2015:05:15:16 +0800] "GET /content/nav/relationSubject.jsp?relationWords=%E5%A6%83%E5%AC%AA+%E7%A6%AE%E9%83%A8+&oid=2673959 HTTP/1.1" 200 3095
66.249.71.127 - - [03/Jul/2015:05:15:17 +0800] "GET /content/nav/relationSubject.jsp?relationWords=%E5%A6%83%E5%AC%AA%20%E7%A6%AE%E9%83%A8%20&oid=2673959 HTTP/1.1" 200 3095
66.249.71.60 - - [03/Jul/2015:05:15:36 +0800] "GET /content/repository/resource_content.jsp?oid=1564153 HTTP/1.1" 200 28962
66.249.71.3 - - [03/Jul/2015:05:15:59 +0800] "GET /content/repository/resource_content.jsp?oid=2516243&queryType=qs&queryString=%E6%B0%91%E8%AE%8A HTTP/1.1" 200 29676
66.249.71.60 - - [03/Jul/2015:05:16:23 +0800] "GET /content/repository/resource_content.jsp?oid=1562322 HTTP/1.1" 200 28657
66.249.71.14 - - [03/Jul/2015:05:16:41 +0800] "GET /content/nav/relationSubject.jsp?relationWords=%E5%95%9F%E9%91%BE+%E5%B7%A5%E9%83%A8+%E9%81%BF%E6%9A%91%E5%B1%B1%E8%8E%8A+&oid=3398237 HTTP/1.1" 200 3168
66.249.71.64 - - [03/Jul/2015:05:16:43 +0800] "GET /content/repository/resource_content.jsp?oid=1895896 HTTP/1.1" 200 28593
66.249.71.23 - - [03/Jul/2015:05:16:43 +0800] "GET /content/nav/relationSubject.jsp?relationWords=%E5%95%9F%E9%91%BE%20%E5%B7%A5%E9%83%A8%20%E9%81%BF%E6%9A%91%E5%B1%B1%E8%8E%8A%20&oid=3398237 HTTP/1.1" 200 3168
66.249.71.60 - - [03/Jul/2015:05:16:53 +0800] "GET /content/nav/relationSubject.jsp?relationWords=%E6%92%B2%E6%BB%85+%E7%98%A7%E7%96%BE+%E8%99%95%E9%95%B7+%E8%9B%94%E8%9F%B2+%E8%AD%B7%E7%90%86+%E9%A0%90%E9%98%B2+&oid=1544156 HTTP/1.1" 200 4179
