66.249.71.45 - - [06/Jul/2015:03:50:48 +0800] "GET /content/nav/relationSubject.jsp?relationWords=%E5%B7%96%E8%9E%BA+%E8%85%B9%E8%B6%B3%E7%B6%B1+%E9%AA%A8%E8%9E%BA%E7%A7%91+&oid=1123131 HTTP/1.1" 200 3354
66.249.71.54 - - [06/Jul/2015:03:50:49 +0800] "GET /content/nav/relationSubject.jsp?relationWords=%E5%B7%96%E8%9E%BA%20%E8%85%B9%E8%B6%B3%E7%B6%B1%20%E9%AA%A8%E8%9E%BA%E7%A7%91%20&oid=1123131 HTTP/1.1" 200 3354
66.249.71.127 - - [06/Jul/2015:03:51:02 +0800] "GET /content/repository/resource_content.jsp?oid=2657338&queryType=qs&queryString=%E9%99%B3%E7%82%B3 HTTP/1.1" 200 30135
66.249.71.64 - - [06/Jul/2015:03:51:26 +0800] "GET /content/nav/relationSubject.jsp?relationWords=&oid=1173087 HTTP/1.1" 200 1405
66.249.71.3 - - [06/Jul/2015:03:51:33 +0800] "GET /content/repository/resource_content.jsp?oid=2599406&queryType=qs&queryString=%E5%BB%B6%E5%AE%89%E7%87%9F HTTP/1.1" 200 29148
66.249.71.60 - - [06/Jul/2015:03:51:57 +0800] "GET /content/nav/relationSubject.jsp?relationWords=%E6%A4%8D%E7%89%A9%E7%95%8C+%E6%A5%9D%E5%B1%AC+%E6%A5%9D%E7%A7%91+%E7%84%A1%E6%82%A3%E5%AD%90+&oid=1112094 HTTP/1.1" 200 3266
66.249.71.60 - - [06/Jul/2015:03:51:58 +0800] "GET /content/nav/relationSubject.jsp?relationWords=%E6%A4%8D%E7%89%A9%E7%95%8C%20%E6%A5%9D%E5%B1%AC%20%E6%A5%9D%E7%A7%91%20%E7%84%A1%E6%82%A3%E5%AD%90%20&oid=1112094 HTTP/1.1" 200 3266
66.249.71.72 - - [06/Jul/2015:03:52:04 +0800] "GET /digiarch_en/content/repository/resource_content.jsp?oid=1125279&queryString=%E6%9E%9C%E7%B2%92%E8%9B%99%E8%9E%BA%20%E7%95%B0%E8%B6%B3%E7%9B%AE%20%E8%85%B9%E8%B6%B3%E7%B6%B1%20%E8%9B%99%E8%9E%BA%20%E8%9B%99%E8%9E%BA%E7%A7%91 HTTP/1.1" 200 28407
66.249.71.64 - - [06/Jul/2015:03:52:11 +0800] "GET /content/nav/relationSubject.jsp?relationWords=%E7%A5%96%E5%9C%96%E9%95%B7%E5%8D%B7+&oid=1173745 HTTP/1.1" 200 3033
66.249.71.64 - - [06/Jul/2015:03:52:13 +0800] "GET /content/nav/relationSubject.jsp?relationWords=%E7%A5%96%E5%9C%96%E9%95%B7%E5%8D%B7%20&oid=1173745 HTTP/1.1" 200 3033
66.249.71.119 - - [06/Jul/2015:03:52:37 +0800] "GET /content/repository/resource_content.jsp?oid=1114815&queryString=%E7%B5%B9%E6%AF%9B%E9%B3%B6%E5%B0%BE%20%E8%96%91%E5%B1%AC%20%E9%9E%98%E8%96%91%E5%B1%AC%20%E9%B3%B6%E5%B0%BE HTTP/1.1" 200 29852
66.249.71.60 - - [06/Jul/2015:03:52:51 +0800] "GET /content/nav/relationSubject.jsp?relationWords=&oid=2597953 HTTP/1.1" 200 1405
66.249.71.64 - - [06/Jul/2015:03:53:06 +0800] "GET /content/subject/resource_content.jsp?oid=16797259&queryType=qc HTTP/1.1" 200 44075
220.181.108.159 - - [06/Jul/2015:03:53:14 +0800] "GET /digiarch_en/content/tmp_exh/resource_content.jsp?oid=16777775&queryType=qc HTTP/1.1" 200 29388
66.249.71.119 - - [06/Jul/2015:03:53:37 +0800] "GET /content/repository/resource_content.jsp?oid=2688546&queryType=qs&queryString=%E7%84%AF%E5%85%B7 HTTP/1.1" 200 29862
66.249.71.64 - - [06/Jul/2015:03:53:45 +0800] "GET /content/nav/relationSubject.jsp?relationWords=&oid=664279 HTTP/1.1" 200 1405
66.249.71.127 - - [06/Jul/2015:03:54:08 +0800] "GET /content/repository/resource_content.jsp?oid=2642317&queryType=qs&queryString=%E7%B9%BC%E7%88%B6 HTTP/1.1" 200 29757
66.249.71.72 - - [06/Jul/2015:03:54:08 +0800] "GET /content/nav/relationSubject.jsp?relationWords=%E5%8F%B0%E6%9D%B1%E6%BC%86+%E5%A4%A7%E6%9E%9C%E6%BC%86%E6%A8%B9%E5%B1%AC+%E6%A4%8D%E7%89%A9%E7%95%8C+%E6%BC%86%E6%A8%B9+%E6%BC%86%E6%A8%B9%E7%A7%91+%E7%84%A1%E6%82%A3%E5%AD%90+&oid=1101811 HTTP/1.1" 200 3421
66.249.71.60 - - [06/Jul/2015:03:54:10 +0800] "GET /content/nav/relationSubject.jsp?relationWords=%E5%8F%B0%E6%9D%B1%E6%BC%86%20%E5%A4%A7%E6%9E%9C%E6%BC%86%E6%A8%B9%E5%B1%AC%20%E6%A4%8D%E7%89%A9%E7%95%8C%20%E6%BC%86%E6%A8%B9%20%E6%BC%86%E6%A8%B9%E7%A7%91%20%E7%84%A1%E6%82%A3%E5%AD%90%20&oid=1101811 HTTP/1.1" 200 3421
66.249.71.23 - - [06/Jul/2015:03:54:17 +0800] "GET /content/nav/relationSubject.jsp?relationWords=%E5%81%B7%E6%B8%A1%E5%AE%A2+&oid=2676414 HTTP/1.1" 200 11433
66.249.71.14 - - [06/Jul/2015:03:54:19 +0800] "GET /content/nav/relationSubject.jsp?relationWords=%E5%81%B7%E6%B8%A1%E5%AE%A2%20&oid=2676414 HTTP/1.1" 200 11433
66.249.71.3 - - [06/Jul/2015:03:54:39 +0800] "GET /content/repository/resource_content.jsp?oid=1849297&queryType=qs&queryString=%E7%B9%A9%E7%B4%8B%E9%A3%BE HTTP/1.1" 200 30670
157.55.39.58 - - [06/Jul/2015:03:54:54 +0800] "GET /content/nav/relationSubject.jsp?relationWords=%E5%A4%8F%E5%A4%9C+%E6%B0%B4%E8%8C%84%E8%8B%B3+&oid=16777503 HTTP/1.1" 200 3687
66.249.71.64 - - [06/Jul/2015:03:55:10 +0800] "GET /content/repository/resource_content.jsp?oid=2680756&queryString=%E5%8A%89%E7%8E%89%20%E5%90%8F%E9%83%A8%20%E5%91%88%E6%8E%A7%20%E5%9B%9E%E6%B0%91 HTTP/1.1" 200 30608
66.249.71.60 - - [06/Jul/2015:03:55:32 +0800] "GET /content/nav/relationSubject.jsp?relationWords=%E5%8F%B0%E7%81%A3%E4%BA%8C%E8%91%89%E6%9D%BE%20%E6%9D%BE%E5%B1%AC%20%E6%9D%BE%E6%9D%89%20%E6%9D%BE%E7%A7%91%20%E6%A4%8D%E7%89%A9%E7%95%8C%20%E6%AF%AC%E6%9E%9C%20&oid=2142422 HTTP/1.1" 200 3378
66.249.71.54 - - [06/Jul/2015:03:55:43 +0800] "GET /content/repository/resource_content.jsp?oid=2644226&queryString=%E6%8A%AC%E6%A7%8D HTTP/1.1" 200 30101
66.249.71.72 - - [06/Jul/2015:03:55:48 +0800] "GET /content/nav/relationSubject.jsp?relationWords=&oid=1176264 HTTP/1.1" 200 1405
66.249.71.64 - - [06/Jul/2015:03:56:13 +0800] "GET /content/subject/resource_content.jsp?oid=16777462&queryString=%E5%A4%9A%E6%A8%A3%E6%80%A7%20%E6%96%87%E5%8C%96%E4%B8%AD%E5%BF%83%20%E6%B5%B7%E9%AE%AE%20%E7%94%9F%E7%89%A9%E5%A4%9A%E6%A8%A3%E6%80%A7 HTTP/1.1" 200 55175
66.249.71.3 - - [06/Jul/2015:03:56:39 +0800] "GET /content/nav/relationSubject.jsp?relationWords=%E9%B9%BF%E9%A0%AD%E5%B8%BD+&oid=1781981 HTTP/1.1" 200 2156
66.249.71.127 - - [06/Jul/2015:03:56:40 +0800] "GET /content/nav/relationSubject.jsp?relationWords=%E9%B9%BF%E9%A0%AD%E5%B8%BD%20&oid=1781981 HTTP/1.1" 200 2156
66.249.71.72 - - [06/Jul/2015:03:56:43 +0800] "GET /content/repository/resource_content.jsp?oid=1550170 HTTP/1.1" 200 28455
66.249.71.64 - - [06/Jul/2015:03:57:04 +0800] "GET /content/nav/relationSubject.jsp?relationWords=%E5%8F%A4%E5%9D%91%E9%84%89+%E5%9C%B0%E7%A7%9F+%E5%B1%B1%E5%9D%A1%E5%9C%B0+%E9%80%A0%E6%9E%97+&oid=1613935 HTTP/1.1" 200 3210
66.249.71.64 - - [06/Jul/2015:03:57:14 +0800] "GET /content/repository/resource_content.jsp?oid=523869&queryString=%E7%AC%A0%E8%9E%BA%20%E8%85%B9%E8%B6%B3%E7%B6%B1%20%E9%BE%9C%E7%94%B2%E7%AC%A0%E8%9E%BA HTTP/1.1" 200 37022
66.249.71.127 - - [06/Jul/2015:03:57:20 +0800] "GET /content/subject/resource_content.jsp?oid=16777273&queryType=qs&queryString=%E5%82%85%E6%96%AF%E5%B9%B4 HTTP/1.1" 200 38268
66.249.71.60 - - [06/Jul/2015:03:57:29 +0800] "GET /content/nav/relationSubject.jsp?relationWords=%E5%8F%A4%E5%9D%91%E9%84%89%20%E5%9C%B0%E7%A7%9F%20%E5%B1%B1%E5%9D%A1%E5%9C%B0%20%E9%80%A0%E6%9E%97%20&oid=1613935 HTTP/1.1" 200 3210
66.249.71.3 - - [06/Jul/2015:03:57:45 +0800] "GET /content/repository/resource_content.jsp?oid=2565490&queryString=%E5%80%89%E5%BB%92%20%E5%A5%89%E5%A4%A9%E5%BA%9C%20%E5%BB%92%E4%BA%8B HTTP/1.1" 200 30084
66.249.71.64 - - [06/Jul/2015:03:57:55 +0800] "GET /content/nav/relationSubject.jsp?relationWords=%E6%B3%A5%E9%B0%8D+&oid=3339749 HTTP/1.1" 200 3415
66.249.71.64 - - [06/Jul/2015:03:57:57 +0800] "GET /content/nav/relationSubject.jsp?relationWords=%E6%B3%A5%E9%B0%8D%20&oid=3339749 HTTP/1.1" 200 3415
66.249.71.72 - - [06/Jul/2015:03:58:03 +0800] "GET /content/nav/relationSubject.jsp?relationWords=&oid=2625468 HTTP/1.1" 200 1405
66.249.71.60 - - [06/Jul/2015:03:58:04 +0800] "GET /content/nav/relationSubject.jsp?relationWords=%E5%BC%B5%E6%98%8E+%E6%9E%97%E5%AE%97%E7%94%B7+%E9%83%AD%E4%BF%8A+&oid=1893746 HTTP/1.1" 200 3224
66.249.71.119 - - [06/Jul/2015:03:58:05 +0800] "GET /content/nav/relationSubject.jsp?relationWords=%E5%BB%BA%E5%BA%B7+%E8%AD%A6%E5%82%99%E7%B8%BD%E9%83%A8+&oid=1588111 HTTP/1.1" 200 4587
66.249.71.60 - - [06/Jul/2015:03:58:06 +0800] "GET /content/nav/relationSubject.jsp?relationWords=%E5%BC%B5%E6%98%8E%20%E6%9E%97%E5%AE%97%E7%94%B7%20%E9%83%AD%E4%BF%8A%20&oid=1893746 HTTP/1.1" 200 3224
66.249.71.127 - - [06/Jul/2015:03:58:07 +0800] "GET /content/nav/relationSubject.jsp?relationWords=%E5%BB%BA%E5%BA%B7%20%E8%AD%A6%E5%82%99%E7%B8%BD%E9%83%A8%20&oid=1588111 HTTP/1.1" 200 4587
66.249.71.64 - - [06/Jul/2015:03:58:16 +0800] "GET /content/subject/resource_content.jsp?oid=16777789&queryString=%E6%80%9D%E6%83%B3%20%E6%95%99%E8%82%B2%E6%A1%88 HTTP/1.1" 200 48084
66.249.71.72 - - [06/Jul/2015:03:58:25 +0800] "GET /content/nav/relationSubject.jsp?relationWords=%E4%BA%A4%E6%B6%89%E5%93%A1+%E4%BA%BA%E5%90%8D%E6%AC%8A%E5%A8%81+%E5%A4%96%E4%BA%A4%E9%83%A8+%E5%AF%86%E7%A8%9F+%E5%BE%B7%E5%A5%A7+%E9%BB%83%E6%A6%AE+&oid=730035 HTTP/1.1" 200 4662
66.249.71.72 - - [06/Jul/2015:03:58:27 +0800] "GET /content/nav/relationSubject.jsp?relationWords=%E4%BA%A4%E6%B6%89%E5%93%A1%20%E4%BA%BA%E5%90%8D%E6%AC%8A%E5%A8%81%20%E5%A4%96%E4%BA%A4%E9%83%A8%20%E5%AF%86%E7%A8%9F%20%E5%BE%B7%E5%A5%A7%20%E9%BB%83%E6%A6%AE%20&oid=730035 HTTP/1.1" 200 4662
66.249.71.127 - - [06/Jul/2015:03:58:47 +0800] "GET /content/repository/resource_content.jsp?oid=4551109&queryString=%E6%89%81%E8%88%B9%E8%9B%B8%20%E7%AB%A0%E9%AD%9A%20%E8%88%B9%E8%9B%B8%20%E8%88%B9%E8%9B%B8%E5%B1%AC%20%E8%BB%9F%E9%AB%94%E5%8B%95%E7%89%A9%E9%96%80%20%E9%A0%AD%E8%B6%B3%E7%B6%B1 HTTP/1.1" 200 30107
66.249.71.119 - - [06/Jul/2015:03:59:12 +0800] "GET /content/nav/relationSubject.jsp?relationWords=&oid=2548813 HTTP/1.1" 200 1405
66.249.71.72 - - [06/Jul/2015:03:59:18 +0800] "GET /content/subject/resource_content.jsp?oid=16777583&queryString=%E6%85%B6%E7%A5%9D%E6%AF%8D%E8%A6%AA%E7%AF%80%20%E6%B5%81%E8%BD%89%E5%B9%B4%E8%8F%AF HTTP/1.1" 200 29047
66.249.71.54 - - [06/Jul/2015:03:59:27 +0800] "GET /content/nav/relationSubject.jsp?relationWords=%E8%8A%B1%E6%96%91%E6%93%AC%E9%B1%97%E9%AD%A8+&oid=33554798 HTTP/1.1" 200 3241
66.249.71.36 - - [06/Jul/2015:03:59:28 +0800] "GET /content/nav/relationSubject.jsp?relationWords=%E8%8A%B1%E6%96%91%E6%93%AC%E9%B1%97%E9%AD%A8%20&oid=33554798 HTTP/1.1" 200 3241
66.249.71.3 - - [06/Jul/2015:03:59:30 +0800] "GET /content/nav/relationSubject.jsp?relationWords=&oid=2637465 HTTP/1.1" 200 1405
66.249.71.64 - - [06/Jul/2015:03:59:49 +0800] "GET /content/subject/resource_content.jsp?oid=16777802&queryString=%E5%85%AD%E5%8D%9A%20%E5%B4%96%E5%A2%93%20%E6%8B%93%E7%89%87%20%E6%96%B0%E6%B4%A5%20%E6%96%B0%E6%B4%A5%E7%9F%B3%E5%87%BD%E7%95%AB%E8%B1%A1%20%E7%9F%B3%E5%87%BD%20%E7%BE%BD%E4%BA%BA HTTP/1.1" 200 30362
220.181.108.109 - - [06/Jul/2015:04:00:06 +0800] "GET /content/pictures/picture_content.jsp?oid=33554804&queryType=qc HTTP/1.1" 200 27648
66.249.71.72 - - [06/Jul/2015:04:00:13 +0800] "GET /content/nav/relationSubject.jsp?relationWords=%E9%AA%A8%E6%9F%B6+&oid=1852201 HTTP/1.1" 200 2975
66.249.71.64 - - [06/Jul/2015:04:00:15 +0800] "GET /content/nav/relationSubject.jsp?relationWords=%E9%AA%A8%E6%9F%B6%20&oid=1852201 HTTP/1.1" 200 2975
66.249.71.121 - - [06/Jul/2015:04:00:20 +0800] "GET /content/repository/resource_content.jsp?oid=1522336&queryType=qs&queryString=%E6%BA%AA%E6%B9%96%E9%8E%AE HTTP/1.1" 200 29250
66.249.71.60 - - [06/Jul/2015:04:00:23 +0800] "GET /content/nav/relationSubject.jsp?relationWords=%E9%99%B8%E6%B8%AC%E5%9C%96+&oid=222029 HTTP/1.1" 200 3079
66.249.71.64 - - [06/Jul/2015:04:00:24 +0800] "GET /content/nav/relationSubject.jsp?relationWords=%E9%99%B8%E6%B8%AC%E5%9C%96%20&oid=222029 HTTP/1.1" 200 3079
66.249.71.60 - - [06/Jul/2015:04:00:40 +0800] "GET /content/nav/relationSubject.jsp?relationWords=%E9%BE%9C%E7%94%B2%E5%8D%9C%E8%BE%AD%E6%AE%98%E7%89%87+&oid=1880964 HTTP/1.1" 200 3071
66.249.71.64 - - [06/Jul/2015:04:00:42 +0800] "GET /content/nav/relationSubject.jsp?relationWords=%E9%BE%9C%E7%94%B2%E5%8D%9C%E8%BE%AD%E6%AE%98%E7%89%87%20&oid=1880964 HTTP/1.1" 200 3071
66.249.71.60 - - [06/Jul/2015:04:01:13 +0800] "GET /content/nav/relationSubject.jsp?relationWords=&oid=1848688 HTTP/1.1" 200 1405
66.249.71.72 - - [06/Jul/2015:04:01:14 +0800] "GET /content/nav/relationSubject.jsp?relationWords=%E9%BE%9C%E7%94%B2%E5%8D%9C%E8%BE%AD%E6%AE%98%E7%89%87+&oid=1835266 HTTP/1.1" 200 3071
66.249.71.119 - - [06/Jul/2015:04:01:15 +0800] "GET /content/nav/relationSubject.jsp?relationWords=%E5%82%AC%E9%81%8B+%E6%96%A4%E4%BA%8B+%E9%89%9B%E6%96%A4+&oid=2672130 HTTP/1.1" 200 3133
66.249.71.64 - - [06/Jul/2015:04:01:16 +0800] "GET /content/nav/relationSubject.jsp?relationWords=%E9%BE%9C%E7%94%B2%E5%8D%9C%E8%BE%AD%E6%AE%98%E7%89%87%20&oid=1835266 HTTP/1.1" 200 3071
66.249.71.119 - - [06/Jul/2015:04:01:17 +0800] "GET /content/nav/relationSubject.jsp?relationWords=%E5%82%AC%E9%81%8B%20%E6%96%A4%E4%BA%8B%20%E9%89%9B%E6%96%A4%20&oid=2672130 HTTP/1.1" 200 3133
66.249.71.54 - - [06/Jul/2015:04:01:26 +0800] "GET /content/nav/relationSubject.jsp?relationWords=%E5%8A%89%E6%88%90+%E8%AB%8B%E5%BE%A9+&oid=2676780 HTTP/1.1" 200 3113
66.249.71.45 - - [06/Jul/2015:04:01:28 +0800] "GET /content/nav/relationSubject.jsp?relationWords=%E5%8A%89%E6%88%90%20%E8%AB%8B%E5%BE%A9%20&oid=2676780 HTTP/1.1" 200 3113
66.249.71.60 - - [06/Jul/2015:04:01:30 +0800] "GET /content/nav/relationSubject.jsp?relationWords=%E6%A4%8D%E7%89%A9%E7%95%8C+%E6%AF%9B%E9%80%A3%E8%8F%9C%E5%B1%AC+%E7%8E%89%E5%B1%B1%E6%AF%9B%E8%93%AE%E8%8F%9C+%E8%8F%8A%E7%A7%91+%E9%9B%99%E5%AD%90%E8%91%89%E6%A4%8D%E7%89%A9+&oid=3819134 HTTP/1.1" 200 3603
66.249.71.64 - - [06/Jul/2015:04:01:32 +0800] "GET /content/nav/relationSubject.jsp?relationWords=%E6%A4%8D%E7%89%A9%E7%95%8C%20%E6%AF%9B%E9%80%A3%E8%8F%9C%E5%B1%AC%20%E7%8E%89%E5%B1%B1%E6%AF%9B%E8%93%AE%E8%8F%9C%20%E8%8F%8A%E7%A7%91%20%E9%9B%99%E5%AD%90%E8%91%89%E6%A4%8D%E7%89%A9%20&oid=3819134 HTTP/1.1" 200 3603
123.125.71.107 - - [06/Jul/2015:04:01:52 +0800] "GET /content/subject/resource_content.jsp?oid=16777322&queryType=qc HTTP/1.1" 200 24939
66.249.71.119 - - [06/Jul/2015:04:01:53 +0800] "GET /content/pictures/picture_content.jsp?oid=33554818&queryType=qc HTTP/1.1" 200 27801
66.249.71.72 - - [06/Jul/2015:04:01:56 +0800] "GET /content/nav/relationSubject.jsp?relationWords=%E8%B1%AC%E7%89%99%E9%91%B2%E5%B5%8C%E7%89%87+&oid=1863415 HTTP/1.1" 200 3044
66.249.71.72 - - [06/Jul/2015:04:01:57 +0800] "GET /content/nav/relationSubject.jsp?relationWords=%E8%B1%AC%E7%89%99%E9%91%B2%E5%B5%8C%E7%89%87%20&oid=1863415 HTTP/1.1" 200 3044
66.249.71.72 - - [06/Jul/2015:04:02:00 +0800] "GET /content/nav/relationSubject.jsp?relationWords=%E5%A2%9E%E7%94%A2%E6%A1%88+%E7%81%BD%E5%8D%80+&oid=1542712 HTTP/1.1" 200 3146
66.249.71.64 - - [06/Jul/2015:04:02:02 +0800] "GET /content/nav/relationSubject.jsp?relationWords=%E5%A2%9E%E7%94%A2%E6%A1%88%20%E7%81%BD%E5%8D%80%20&oid=1542712 HTTP/1.1" 200 3146
66.249.71.72 - - [06/Jul/2015:04:02:08 +0800] "GET /content/nav/relationSubject.jsp?relationWords=%E5%9C%B0%E5%BD%A2%E5%9C%96+%E7%B7%A9%E9%81%A0+&oid=180252 HTTP/1.1" 200 3081
66.249.71.60 - - [06/Jul/2015:04:02:14 +0800] "GET /content/nav/relationSubject.jsp?relationWords=%E4%B8%AD%E8%85%B9%E8%B6%B3%E7%9B%AE+%E6%B5%B7%E8%9C%B7+%E6%B5%B7%E8%9C%B7%E7%A7%91+%E7%81%98%E6%A3%B2%E8%9E%BA+%E7%87%92%E9%85%92%E6%B5%B7%E8%9C%B7+%E7%87%92%E9%85%92%E8%9E%BA+%E8%85%B9%E8%B6%B3%E7%B6%B1+%E9%90%B5%E9%87%9D%E8%9E%BA+&oid=1126000 HTTP/1.1" 200 3671
66.249.71.60 - - [06/Jul/2015:04:02:18 +0800] "GET /content/nav/relationSubject.jsp?relationWords=%E5%9C%B0%E5%BD%A2%E5%9C%96%20%E7%B7%A9%E9%81%A0%20&oid=180252 HTTP/1.1" 200 3081
66.249.71.60 - - [06/Jul/2015:04:02:24 +0800] "GET /content/repository/resource_content.jsp?oid=1893739&queryString=%E6%9E%97%E6%B7%B5%E7%86%99 HTTP/1.1" 200 28864
66.249.71.60 - - [06/Jul/2015:04:02:29 +0800] "GET /content/nav/relationSubject.jsp?relationWords=%E5%B0%8F%E8%8E%95%E8%8F%9C%20%E6%A4%8D%E7%89%A9%E7%95%8C%20%E8%8E%95%E8%8F%9C%20%E9%BE%8D%E8%86%BD%20%E9%BE%8D%E8%86%BD%E7%A7%91%20&oid=2151893 HTTP/1.1" 200 3536
66.249.71.121 - - [06/Jul/2015:04:02:56 +0800] "GET /content/subject/resource_content.jsp?oid=16777842&queryType=qc%3E HTTP/1.1" 200 36264
151.80.31.133 - - [06/Jul/2015:04:02:57 +0800] "GET /content/tmp_exh/resource_content.jsp?oid=16777845&queryType=qc%201889%20 HTTP/1.1" 200 46631
66.249.71.60 - - [06/Jul/2015:04:03:12 +0800] "GET /content/nav/relationSubject.jsp?relationWords=%E5%A4%A9%E7%84%B6%E6%B0%A3+%E7%AF%80%E7%B4%84%E8%83%BD%E6%BA%90+%E9%AB%98%E4%BA%BA+&oid=1633565 HTTP/1.1" 200 10161
66.249.71.64 - - [06/Jul/2015:04:03:15 +0800] "GET /content/nav/relationSubject.jsp?relationWords=%E5%A4%A9%E7%84%B6%E6%B0%A3%20%E7%AF%80%E7%B4%84%E8%83%BD%E6%BA%90%20%E9%AB%98%E4%BA%BA%20&oid=1633565 HTTP/1.1" 200 10161
66.249.71.72 - - [06/Jul/2015:04:03:18 +0800] "GET /content/nav/relationSubject.jsp?relationWords=&oid=2533167 HTTP/1.1" 200 1405
66.249.71.121 - - [06/Jul/2015:04:03:26 +0800] "GET /content/tmp_auth/resource_content.jsp?oid=16777670 HTTP/1.1" 200 33401
66.249.71.60 - - [06/Jul/2015:04:03:58 +0800] "GET /content/subject/resource_content.jsp?oid=16777737&queryString=%E4%B8%AD%E5%9C%8B%E6%96%87%E5%8C%96%E5%AD%B8%E9%99%A2%20%E6%B0%91%E6%97%8F%E5%AD%B8 HTTP/1.1" 200 31908
66.249.71.64 - - [06/Jul/2015:04:04:05 +0800] "GET /content/nav/relationSubject.jsp?relationWords=%E4%BA%BA%E7%89%A9%E7%95%AB+%E5%90%B3%E9%83%A1+%E6%AD%A6%E6%B0%8F%E7%A5%A0%E5%BE%8C%E7%9F%B3%E5%AE%A4+%E6%AD%A6%E9%96%8B%E6%98%8E%E7%A5%A0+%E9%9D%88%E7%95%B0+%E9%A1%8C%E8%A8%98+&oid=1814182 HTTP/1.1" 200 5337
66.249.71.64 - - [06/Jul/2015:04:04:07 +0800] "GET /content/nav/relationSubject.jsp?relationWords=%E4%BA%BA%E7%89%A9%E7%95%AB%20%E5%90%B3%E9%83%A1%20%E6%AD%A6%E6%B0%8F%E7%A5%A0%E5%BE%8C%E7%9F%B3%E5%AE%A4%20%E6%AD%A6%E9%96%8B%E6%98%8E%E7%A5%A0%20%E9%9D%88%E7%95%B0%20%E9%A1%8C%E8%A8%98%20&oid=1814182 HTTP/1.1" 200 5337
66.249.71.60 - - [06/Jul/2015:04:04:29 +0800] "GET /content/subject/resource_content.jsp?oid=16777648&queryString=%E4%BF%9D%E9%9A%AA%20%E6%9C%83%E8%AD%B0%E7%B4%80%E9%8C%84%20%E7%81%A3%E7%9C%81%E6%94%BF%E5%BA%9C%20%E7%9C%81%E6%94%BF%E5%BA%9C%20%E7%A0%94%E8%A8%8E%E6%9C%83%20%E8%87%BA%E7%81%A3%E7%9C%81%20%E8%87%BA%E7%81%A3%E7%9C%81%E6%94%BF%E5%BA%9C HTTP/1.1" 200 30840
66.249.71.72 - - [06/Jul/2015:04:04:30 +0800] "GET /content/nav/relationSubject.jsp?relationWords=%E5%9B%9B%E5%B7%9D%E7%9C%81%E5%9C%B0%E5%BD%A2%E5%9C%96+%E6%A2%93%E6%BD%BC+&oid=227457 HTTP/1.1" 200 3120
66.249.71.60 - - [06/Jul/2015:04:04:33 +0800] "GET /content/nav/relationSubject.jsp?relationWords=%E5%9B%9B%E5%B7%9D%E7%9C%81%E5%9C%B0%E5%BD%A2%E5%9C%96%20%E6%A2%93%E6%BD%BC%20&oid=227457 HTTP/1.1" 200 3120
157.55.39.15 - - [06/Jul/2015:04:04:37 +0800] "GET /content/subject/resource_content.jsp?oid=16777280&queryType=qc HTTP/1.1" 200 30988
66.249.71.60 - - [06/Jul/2015:04:04:40 +0800] "GET /content/nav/relationSubject.jsp?relationWords=%E6%81%86%E6%98%A5%E6%A5%A8%E6%A5%A0+%E6%A4%8D%E7%89%A9%E7%95%8C+%E6%A5%A0%E5%B1%AC+%E6%A8%9F%E7%A7%91+&oid=2149895 HTTP/1.1" 200 3377
66.249.71.64 - - [06/Jul/2015:04:04:43 +0800] "GET /content/nav/relationSubject.jsp?relationWords=&oid=2564599 HTTP/1.1" 200 1405
66.249.71.54 - - [06/Jul/2015:04:04:55 +0800] "GET /content/nav/relationSubject.jsp?relationWords=%E5%85%B5%E4%B8%81+&oid=2665912 HTTP/1.1" 200 3988
66.249.71.60 - - [06/Jul/2015:04:04:55 +0800] "GET /content/nav/relationSubject.jsp?relationWords=&oid=2676783 HTTP/1.1" 200 1405
66.249.71.54 - - [06/Jul/2015:04:04:56 +0800] "GET /content/nav/relationSubject.jsp?relationWords=%E5%85%B5%E4%B8%81%20&oid=2665912 HTTP/1.1" 200 3988
66.249.71.60 - - [06/Jul/2015:04:05:04 +0800] "GET /content/nav/relationSubject.jsp?relationWords=&oid=1602352 HTTP/1.1" 200 1405
66.249.71.60 - - [06/Jul/2015:04:05:11 +0800] "GET /content/nav/relationSubject.jsp?relationWords=%E4%B8%AD%E5%AF%AE+%E5%B1%B1%E7%B7%9A+%E7%87%95%E5%B7%A2+%E7%87%95%E5%B7%A2%E9%84%89+%E7%9C%81%E6%94%BF%E5%BA%9C+%E9%99%B3%E8%90%AC+&oid=1532569 HTTP/1.1" 200 4647
66.249.71.72 - - [06/Jul/2015:04:05:19 +0800] "GET /content/nav/relationSubject.jsp?relationWords=%E6%8F%AD%E8%AC%9D%E5%8A%A0%E7%B4%9A+&oid=2546672 HTTP/1.1" 200 3048
66.249.71.72 - - [06/Jul/2015:04:05:20 +0800] "GET /content/nav/relationSubject.jsp?relationWords=%E6%8F%AD%E8%AC%9D%E5%8A%A0%E7%B4%9A%20&oid=2546672 HTTP/1.1" 200 3048
66.249.71.60 - - [06/Jul/2015:04:05:29 +0800] "GET /content/nav/relationSubject.jsp?relationWords=&oid=2590047 HTTP/1.1" 200 1405
66.249.71.64 - - [06/Jul/2015:04:05:31 +0800] "GET /content/repository/resource_content.jsp?oid=1098498 HTTP/1.1" 200 29960
66.249.71.72 - - [06/Jul/2015:04:05:35 +0800] "GET /content/nav/relationSubject.jsp?relationWords=%E5%85%AB%E5%BA%9C+%E5%BA%9C%E5%BB%BA%E6%B0%B4+%E6%8E%92%E6%B0%B4%E8%A8%AD%E6%96%BD+%E6%B0%B4%E5%AD%97+%E7%B3%A7%E9%A3%9F%E5%A2%9E%E7%94%A2+&oid=1626687 HTTP/1.1" 200 3342
123.125.71.12 - - [06/Jul/2015:04:05:37 +0800] "GET /content/repository/resource_content.jsp?oid=523575&queryType=qc HTTP/1.1" 200 38804
66.249.71.60 - - [06/Jul/2015:04:05:40 +0800] "GET /content/nav/relationSubject.jsp?relationWords=%E5%85%AB%E5%BA%9C%20%E5%BA%9C%E5%BB%BA%E6%B0%B4%20%E6%8E%92%E6%B0%B4%E8%A8%AD%E6%96%BD%20%E6%B0%B4%E5%AD%97%20%E7%B3%A7%E9%A3%9F%E5%A2%9E%E7%94%A2%20&oid=1626687 HTTP/1.1" 200 3342
66.249.71.64 - - [06/Jul/2015:04:05:47 +0800] "GET /content/nav/relationSubject.jsp?relationWords=%E5%9C%8B%E6%A0%A1+%E6%95%99%E8%82%B2%E5%BB%B3+%E7%95%A2%E6%A5%AD%E7%94%9F+%E8%A3%9C%E7%BF%92%E7%8F%AD+%E9%80%B2%E4%BF%AE+&oid=1535642 HTTP/1.1" 200 3269
66.249.71.72 - - [06/Jul/2015:04:05:49 +0800] "GET /content/nav/relationSubject.jsp?relationWords=%E5%9C%8B%E6%A0%A1%20%E6%95%99%E8%82%B2%E5%BB%B3%20%E7%95%A2%E6%A5%AD%E7%94%9F%20%E8%A3%9C%E7%BF%92%E7%8F%AD%20%E9%80%B2%E4%BF%AE%20&oid=1535642 HTTP/1.1" 200 3269
66.249.71.119 - - [06/Jul/2015:04:05:50 +0800] "GET /content/nav/relationSubject.jsp?relationWords=%E5%90%8F%E9%83%A8+%E5%A7%94%E7%BD%B2+%E7%BC%BA%E4%BA%8B+&oid=2678727 HTTP/1.1" 200 4059
66.249.71.127 - - [06/Jul/2015:04:05:51 +0800] "GET /content/nav/relationSubject.jsp?relationWords=%E5%90%8F%E9%83%A8%20%E5%A7%94%E7%BD%B2%20%E7%BC%BA%E4%BA%8B%20&oid=2678727 HTTP/1.1" 200 4059
66.249.71.72 - - [06/Jul/2015:04:06:02 +0800] "GET /content/subject/resource_content.jsp?oid=16777555&queryType=qs&queryString=%E5%8E%9F%E4%BD%8F%E6%B0%91%E6%96%87%E5%8C%96 HTTP/1.1" 200 39591
66.249.71.60 - - [06/Jul/2015:04:06:27 +0800] "GET /content/nav/relationSubject.jsp?relationWords=%E4%B8%8B%E9%A1%8E%E9%AA%A8+%E6%B3%B0%E9%9B%85%E6%97%8F+%E7%8D%B8%E9%AA%A8+&oid=1782967 HTTP/1.1" 200 3869
66.249.71.60 - - [06/Jul/2015:04:06:28 +0800] "GET /content/nav/relationSubject.jsp?relationWords=%E4%B8%8B%E9%A1%8E%E9%AA%A8%20%E6%B3%B0%E9%9B%85%E6%97%8F%20%E7%8D%B8%E9%AA%A8%20&oid=1782967 HTTP/1.1" 200 3869
66.249.71.72 - - [06/Jul/2015:04:06:33 +0800] "GET /content/repository/resource_content.jsp?oid=16316&queryString=%E5%B7%B4%E6%8B%89%E5%BA%AB%E7%AD%94%20%E5%B7%B4%E6%8B%89%E9%87%91%E6%A2%AD%E9%AD%9A%20%E7%AB%B9%E6%A2%AD%20%E9%87%91%E6%A2%AD%20%E9%87%91%E6%A2%AD%E9%AD%9A HTTP/1.1" 200 34812
66.249.71.72 - - [06/Jul/2015:04:07:06 +0800] "GET /content/repository/resource_content.jsp?oid=1114308&queryString=%E5%A4%A7%E5%B1%AF%E5%B1%B1%E9%A3%84%E6%8B%82%E8%8D%89%20%E9%A3%84%E6%8B%82%E8%8D%89%E5%B1%AC HTTP/1.1" 200 31296
66.249.71.64 - - [06/Jul/2015:04:07:13 +0800] "GET /content/nav/relationSubject.jsp?relationWords=%E9%AA%A8%E7%AE%AD%E9%A0%AD+&oid=1864264 HTTP/1.1" 200 2990
66.249.71.60 - - [06/Jul/2015:04:07:16 +0800] "GET /content/nav/relationSubject.jsp?relationWords=%E9%AA%A8%E7%AE%AD%E9%A0%AD%20&oid=1864264 HTTP/1.1" 200 2990
66.249.71.64 - - [06/Jul/2015:04:07:35 +0800] "GET /content/repository/resource_content.jsp?oid=1562957 HTTP/1.1" 200 28785
66.249.71.64 - - [06/Jul/2015:04:07:36 +0800] "GET /content/repository/resource_content.jsp?oid=2142549&queryString=%E5%B0%8F%E6%AF%9B%E6%B0%88%E8%8B%94%20%E6%A4%8D%E7%89%A9%E7%95%8C%20%E8%8C%85%E8%86%8F%E8%8F%9C%E5%B1%AC%20%E8%8C%85%E8%86%8F%E8%8F%9C%E7%A7%91 HTTP/1.1" 200 31226
66.249.71.72 - - [06/Jul/2015:04:08:06 +0800] "GET /content/subject/resource_content.jsp?oid=16777830&queryString=%E6%96%87%E5%8C%96%E4%B8%AD%E5%BF%83%20%E7%B6%93%E6%BF%9F%E5%BB%BA%E8%A8%AD%20%E8%87%AA%E4%BE%86%E6%B0%B4%E5%BB%A0%20%E8%87%BA%E4%B8%AD%E5%B8%82 HTTP/1.1" 200 32540
66.249.71.127 - - [06/Jul/2015:04:08:08 +0800] "GET /content/nav/relationSubject.jsp?relationWords=%E5%94%90%E5%8D%A1+%E8%97%8F%E6%97%8F+&oid=4364225 HTTP/1.1" 200 2185
66.249.71.36 - - [06/Jul/2015:04:08:37 +0800] "GET /content/subject/resource_content.jsp?oid=16777232&queryType=qs&queryString=%E7%A2%A7%E6%B9%96%E5%85%AC%E5%9C%92 HTTP/1.1" 200 27909
157.55.39.15 - - [06/Jul/2015:04:08:49 +0800] "GET /content/repository/resource_content.jsp?oid=1569924 HTTP/1.1" 200 29821
66.249.71.105 - - [06/Jul/2015:04:09:08 +0800] "GET /content/tmp_exh/resource_content.jsp?oid=16777748&queryType=qc HTTP/1.1" 200 36376
66.249.71.3 - - [06/Jul/2015:04:09:39 +0800] "GET /content/repository/resource_content.jsp?oid=4364480&queryType=qs&queryString=%E5%8D%97%E7%AE%A1 HTTP/1.1" 200 28733
66.249.71.64 - - [06/Jul/2015:04:09:45 +0800] "GET /content/nav/relationSubject.jsp?relationWords=%E9%99%B8%E6%B8%AC%E5%9C%96+&oid=185960 HTTP/1.1" 200 3079
66.249.71.72 - - [06/Jul/2015:04:09:47 +0800] "GET /content/nav/relationSubject.jsp?relationWords=%E9%99%B8%E6%B8%AC%E5%9C%96%20&oid=185960 HTTP/1.1" 200 3079
66.249.71.60 - - [06/Jul/2015:04:10:10 +0800] "GET /content/subject/resource_content.jsp?oid=16777581&queryString=%E6%9E%97%E5%85%A7%20%E6%9F%8F%E6%B2%B9%E8%B7%AF%E9%9D%A2%20%E8%A5%BF%E8%9E%BA HTTP/1.1" 200 47565
66.249.71.72 - - [06/Jul/2015:04:10:27 +0800] "GET /content/nav/relationSubject.jsp?relationWords=%E9%BE%9C%E7%94%B2%E5%8D%9C%E8%BE%AD%E6%AE%98%E7%89%87+&oid=1882863 HTTP/1.1" 200 3071
66.249.71.60 - - [06/Jul/2015:04:10:29 +0800] "GET /content/nav/relationSubject.jsp?relationWords=%E9%BE%9C%E7%94%B2%E5%8D%9C%E8%BE%AD%E6%AE%98%E7%89%87%20&oid=1882863 HTTP/1.1" 200 3071
66.249.71.127 - - [06/Jul/2015:04:10:38 +0800] "GET /content/nav/relationSubject.jsp?relationWords=%E5%A4%B7%E5%95%86+%E8%96%9B%E7%85%A5+%E8%B6%99%E5%BE%B7+&oid=558385 HTTP/1.1" 200 3151
66.249.71.3 - - [06/Jul/2015:04:10:39 +0800] "GET /content/nav/relationSubject.jsp?relationWords=%E5%A4%B7%E5%95%86%20%E8%96%9B%E7%85%A5%20%E8%B6%99%E5%BE%B7%20&oid=558385 HTTP/1.1" 200 3151
66.249.71.72 - - [06/Jul/2015:04:10:41 +0800] "GET /content/subject/resource_content.jsp?oid=16777640&queryString=%E7%81%8C%E5%9C%92%20%E7%81%8C%E5%9C%92%E5%85%88%E7%94%9F%20%E9%87%91%E6%B3%B0 HTTP/1.1" 200 62430
66.249.71.3 - - [06/Jul/2015:04:11:12 +0800] "GET /content/repository/resource_content.jsp?oid=2470539&queryType=qs&queryString=%E5%8C%97%E5%8E%9F%E6%94%BF%E5%90%89 HTTP/1.1" 200 30603
66.249.71.72 - - [06/Jul/2015:04:11:14 +0800] "GET /content/nav/relationSubject.jsp?relationWords=%E5%9C%9F%E9%BB%A8%E5%8F%83%E5%B1%AC%20%E6%A1%94%E6%A2%97%20%E6%A1%94%E6%A2%97%E7%A7%91%20%E6%A4%8D%E7%89%A9%E7%95%8C%20%E9%87%91%E9%8C%A2%E8%B1%B9%20&oid=1105451 HTTP/1.1" 200 3402
66.249.71.64 - - [06/Jul/2015:04:11:21 +0800] "GET /content/nav/relationSubject.jsp?relationWords=%E5%B0%8F%E7%B6%B2%E8%A2%8B+%E7%9B%9B%E5%85%B7+&oid=1780686 HTTP/1.1" 200 3027
66.249.71.72 - - [06/Jul/2015:04:11:23 +0800] "GET /content/nav/relationSubject.jsp?relationWords=%E5%B0%8F%E7%B6%B2%E8%A2%8B%20%E7%9B%9B%E5%85%B7%20&oid=1780686 HTTP/1.1" 200 3027
66.249.71.5 - - [06/Jul/2015:04:11:37 +0800] "GET /content/nav/relationSubject.jsp?relationWords=&oid=2685014 HTTP/1.1" 200 1405
66.249.71.36 - - [06/Jul/2015:04:11:43 +0800] "GET /content/repository/resource_content.jsp?oid=4469913&queryString=%E5%8D%97%E6%96%B9%E8%B3%87%E6%96%99%E9%A4%A8%20%E8%B2%A1%E5%9C%98%E6%B3%95%E4%BA%BA HTTP/1.1" 200 29479
66.249.71.64 - - [06/Jul/2015:04:12:14 +0800] "GET /content/repository/resource_content.jsp?oid=1547018 HTTP/1.1" 200 28548
66.249.71.64 - - [06/Jul/2015:04:12:26 +0800] "GET /digiarch_en/content/nav/relationSubject.jsp?relationWords=%E8%B1%A1%E7%89%99%E5%99%A8%E6%AE%98%E7%89%87+&oid=1865163 HTTP/1.1" 200 2463
66.249.71.60 - - [06/Jul/2015:04:12:27 +0800] "GET /digiarch_en/content/nav/relationSubject.jsp?relationWords=%E8%B1%A1%E7%89%99%E5%99%A8%E6%AE%98%E7%89%87%20&oid=1865163 HTTP/1.1" 200 2463
66.249.71.72 - - [06/Jul/2015:04:12:45 +0800] "GET /content/subject/resource_content.jsp?oid=16777603&queryString=%E6%85%B6%E7%A5%9D%E6%AF%8D%E8%A6%AA%E7%AF%80%20%E6%B5%81%E8%BD%89%E5%B9%B4%E8%8F%AF HTTP/1.1" 200 29599
66.249.71.54 - - [06/Jul/2015:04:13:19 +0800] "GET /content/nav/relationSubject.jsp?relationWords=%E5%A4%A7%E7%9B%AE%E5%AD%94+%E5%A4%A7%E7%9B%AE%E5%B7%B4%E6%94%8F+%E5%A4%A7%E7%9B%AE%E7%93%9C%E4%BB%94+&oid=4352522 HTTP/1.1" 200 3168
66.249.71.36 - - [06/Jul/2015:04:13:21 +0800] "GET /content/nav/relationSubject.jsp?relationWords=%E5%A4%A7%E7%9B%AE%E5%AD%94%20%E5%A4%A7%E7%9B%AE%E5%B7%B4%E6%94%8F%20%E5%A4%A7%E7%9B%AE%E7%93%9C%E4%BB%94%20&oid=4352522 HTTP/1.1" 200 3168
66.249.71.3 - - [06/Jul/2015:04:13:47 +0800] "GET /content/repository/resource_content.jsp?oid=1463063&queryType=qs&queryString=%E9%90%B5%E8%89%B2 HTTP/1.1" 200 31570
66.249.71.60 - - [06/Jul/2015:04:13:53 +0800] "GET /content/nav/relationSubject.jsp?relationWords=&oid=1536444 HTTP/1.1" 200 1405
66.249.71.60 - - [06/Jul/2015:04:14:18 +0800] "GET /content/subject/resource_content.jsp?oid=16777644&queryString=%E6%95%B8%E4%BD%8D%E5%85%B8%E8%97%8F%E5%B1%95%E7%A4%BA HTTP/1.1" 200 33766
66.249.71.64 - - [06/Jul/2015:04:14:46 +0800] "GET /content/nav/relationSubject.jsp?relationWords=%E5%85%A7%E5%BA%AD+%E9%8A%80%E5%85%A9+&oid=2534911 HTTP/1.1" 200 5400
66.249.71.72 - - [06/Jul/2015:04:14:48 +0800] "GET /content/nav/relationSubject.jsp?relationWords=%E5%85%A7%E5%BA%AD%20%E9%8A%80%E5%85%A9%20&oid=2534911 HTTP/1.1" 200 5400
66.249.71.72 - - [06/Jul/2015:04:14:49 +0800] "GET /content/subject/resource_content.jsp?oid=16777783&queryType=qc HTTP/1.1" 200 58232
66.249.71.23 - - [06/Jul/2015:04:15:20 +0800] "GET /digiarch3/content/subject/resource_content.jsp?oid=16777706&queryType=qs&queryString=%E6%95%B8%E4%BD%8D%E5%85%B8%E8%97%8F%E6%8A%80%E8%A1%93 HTTP/1.1" 200 53884
66.249.71.64 - - [06/Jul/2015:04:15:51 +0800] "GET /content/repository/resource_content.jsp?oid=1112758 HTTP/1.1" 200 29846
66.249.71.72 - - [06/Jul/2015:04:16:01 +0800] "GET /content/nav/relationSubject.jsp?relationWords=&oid=1606145 HTTP/1.1" 200 1405
66.249.71.60 - - [06/Jul/2015:04:16:23 +0800] "GET /content/subject/resource_content.jsp?oid=16777279&queryString=%E7%A7%8B%E6%B5%B7%E6%A3%A0 HTTP/1.1" 200 33873
66.249.71.64 - - [06/Jul/2015:04:16:34 +0800] "GET /content/nav/relationSubject.jsp?relationWords=%E5%8F%83%E8%AD%B0%E5%93%A1+%E5%8F%B0%E7%81%A3%E7%9C%81+%E5%BD%B0%E5%8C%96%E5%B8%82+%E5%BD%B0%E5%8C%96%E5%B8%82%E5%8F%83%E8%AD%B0%E6%9C%83+%E6%9D%8E%E5%8F%8B%E4%B8%89+%E6%AE%B7%E5%8D%A0%E9%AD%81+%E8%87%BA%E7%81%A3%E7%9C%81%E5%8F%83%E8%AD%B0%E6%9C%83+%E8%8F%9C%E5%B8%82%E5%A0%B4+%E8%94%AC%E6%9E%9C+%E9%AB%98%E9%9B%84%E5%B8%82+&oid=1518148 HTTP/1.1" 200 4835
66.249.71.72 - - [06/Jul/2015:04:16:36 +0800] "GET /content/nav/relationSubject.jsp?relationWords=%E5%8F%83%E8%AD%B0%E5%93%A1%20%E5%8F%B0%E7%81%A3%E7%9C%81%20%E5%BD%B0%E5%8C%96%E5%B8%82%20%E5%BD%B0%E5%8C%96%E5%B8%82%E5%8F%83%E8%AD%B0%E6%9C%83%20%E6%9D%8E%E5%8F%8B%E4%B8%89%20%E6%AE%B7%E5%8D%A0%E9%AD%81%20%E8%87%BA%E7%81%A3%E7%9C%81%E5%8F%83%E8%AD%B0%E6%9C%83%20%E8%8F%9C%E5%B8%82%E5%A0%B4%20%E8%94%AC%E6%9E%9C%20%E9%AB%98%E9%9B%84%E5%B8%82%20&oid=1518148 HTTP/1.1" 200 4835
66.249.71.121 - - [06/Jul/2015:04:16:54 +0800] "GET /content/repository/resource_content.jsp?oid=2687307&queryType=qs&queryString=%E6%B9%96%E5%BB%A3 HTTP/1.1" 200 30577
66.249.71.60 - - [06/Jul/2015:04:17:50 +0800] "GET /digiarch_en/content/repository/resource_content.jsp?oid=2689416&queryString=%E6%BC%A2%E8%BB%8D HTTP/1.1" 200 24263
66.249.71.64 - - [06/Jul/2015:04:17:55 +0800] "GET /digiarch_en/content/repository/resource_content.jsp?oid=1083126&queryString=%E6%9D%BE%E6%AF%AC%E9%AD%9A HTTP/1.1" 200 23305
66.249.71.72 - - [06/Jul/2015:04:18:09 +0800] "GET /content/nav/relationSubject.jsp?relationWords=%E5%8F%B0%E7%81%A3%E7%9C%81%20%E5%8F%B0%E7%B3%96%20%E5%B1%8F%E6%9D%B1%E7%B8%A3%E8%AD%B0%E6%9C%83%20%E5%B7%A5%E6%9C%83%20%E9%99%B3%E6%B0%B4%E8%A5%BF%20%E9%AB%98%E9%9B%84%E5%B8%82%E8%AD%B0%E6%9C%83%20%E9%AB%98%E9%9B%84%E7%B8%A3%E8%AD%B0%E6%9C%83%20&oid=1518617 HTTP/1.1" 200 5131
66.249.71.105 - - [06/Jul/2015:04:18:26 +0800] "GET /content/tmp_exh/resource_content.jsp?oid=16777267&queryString= HTTP/1.1" 200 36855
66.249.71.72 - - [06/Jul/2015:04:18:48 +0800] "GET /content/nav/relationSubject.jsp?relationWords=&oid=2597445 HTTP/1.1" 200 1405
66.249.71.23 - - [06/Jul/2015:04:18:58 +0800] "GET /digiarch3/content/subject/resource_content.jsp?oid=16777275&queryType=qs&queryString=%E5%A4%A7%E8%8B%B1%E5%8D%9A%E7%89%A9%E9%A4%A8 HTTP/1.1" 200 34360
123.125.71.56 - - [06/Jul/2015:04:19:16 +0800] "GET /content/tmp_tec/resource_content.jsp?oid=16777668 HTTP/1.1" 200 24604
66.249.71.60 - - [06/Jul/2015:04:19:44 +0800] "GET /content/nav/relationSubject.jsp?relationWords=%E9%BE%9C%E7%94%B2%E5%8D%9C%E8%BE%AD%E6%AE%98%E7%89%87+&oid=1852834 HTTP/1.1" 200 3071
66.249.71.60 - - [06/Jul/2015:04:19:45 +0800] "GET /content/nav/relationSubject.jsp?relationWords=%E9%BE%9C%E7%94%B2%E5%8D%9C%E8%BE%AD%E6%AE%98%E7%89%87%20&oid=1852834 HTTP/1.1" 200 3071
66.249.71.60 - - [06/Jul/2015:04:20:12 +0800] "GET /content/nav/relationSubject.jsp?relationWords=%E6%A1%83%E6%B8%9A%E6%89%80%E5%9F%8E+%E9%99%B8%E6%B8%AC%E5%9C%96+&oid=221446 HTTP/1.1" 200 3144
66.249.71.60 - - [06/Jul/2015:04:20:13 +0800] "GET /content/nav/relationSubject.jsp?relationWords=%E6%A1%83%E6%B8%9A%E6%89%80%E5%9F%8E%20%E9%99%B8%E6%B8%AC%E5%9C%96%20&oid=221446 HTTP/1.1" 200 3144
66.249.71.64 - - [06/Jul/2015:04:21:02 +0800] "GET /content/subject/resource_content.jsp?oid=16777366&queryString=%E5%9C%8B%E9%9A%9B%E6%9B%B8%E5%B1%95%20%E6%95%B8%E4%BD%8D%E5%85%B8%E8%97%8F%20%E6%95%B8%E4%BD%8D%E5%AD%B8%E7%BF%92%20%E7%A7%91%E6%8A%80%20%E8%A6%96%E8%A6%BA%E8%A8%AD%E8%A8%88 HTTP/1.1" 200 34940
66.249.71.127 - - [06/Jul/2015:04:21:33 +0800] "GET /content/nav/relationSubject.jsp?relationWords=%E5%9C%B0%E7%B1%8D%E6%B8%AC%E9%87%8F+%E6%8A%80%E5%A3%AB+&oid=1591424 HTTP/1.1" 200 3619
66.249.71.119 - - [06/Jul/2015:04:21:35 +0800] "GET /content/nav/relationSubject.jsp?relationWords=%E5%9C%B0%E7%B1%8D%E6%B8%AC%E9%87%8F%20%E6%8A%80%E5%A3%AB%20&oid=1591424 HTTP/1.1" 200 3619
66.249.71.23 - - [06/Jul/2015:04:22:35 +0800] "GET /digiarch3/content/subject/resource_content.jsp?oid=16777387&queryType=qs&queryString=%E7%A0%94%E7%A9%B6%E7%94%9F HTTP/1.1" 200 34427
66.249.71.127 - - [06/Jul/2015:04:22:37 +0800] "GET /content/nav/relationSubject.jsp?relationWords=%E5%A4%A7%E6%9C%AC%E5%B1%B1%E6%A2%97%E8%8F%9C+%E5%B1%B1%E6%A2%97%E8%8F%9C%E5%B1%AC+%E6%A1%94%E6%A2%97+%E6%A1%94%E6%A2%97%E7%A7%91+%E6%A4%8D%E7%89%A9%E7%95%8C+&oid=1108203 HTTP/1.1" 200 3419
66.249.71.3 - - [06/Jul/2015:04:22:39 +0800] "GET /content/nav/relationSubject.jsp?relationWords=%E5%A4%A7%E6%9C%AC%E5%B1%B1%E6%A2%97%E8%8F%9C%20%E5%B1%B1%E6%A2%97%E8%8F%9C%E5%B1%AC%20%E6%A1%94%E6%A2%97%20%E6%A1%94%E6%A2%97%E7%A7%91%20%E6%A4%8D%E7%89%A9%E7%95%8C%20&oid=1108203 HTTP/1.1" 200 3419
66.249.71.64 - - [06/Jul/2015:04:22:53 +0800] "GET /content/nav/relationSubject.jsp?relationWords=%E6%B5%81%E8%BD%89%E5%B9%B4%E8%8F%AF+&oid=16777583 HTTP/1.1" 200 3233
66.249.71.64 - - [06/Jul/2015:04:23:06 +0800] "GET /digiarch_en/content/subject/resource_content.jsp?oid=16777445&queryType=qc HTTP/1.1" 200 23167
66.249.71.3 - - [06/Jul/2015:04:23:59 +0800] "GET /content/nav/relationSubject.jsp?relationWords=%E5%8F%A4%E7%B1%8D+%E7%B4%A0%E5%95%8F+%E8%81%AF%E5%90%88%E7%9B%AE%E9%8C%84+%E9%86%AB%E7%99%82%E5%8F%B2+%E9%87%8D%E5%BB%A3+%E9%BB%83%E5%B8%9D%E5%85%A7%E7%B6%93%E7%B4%A0%E5%95%8F+&oid=3205079 HTTP/1.1" 200 4864
66.249.71.60 - - [06/Jul/2015:04:24:08 +0800] "GET /content/nav/relationSubject.jsp?relationWords=%E9%BE%9C%E7%94%B2%E5%8D%9C%E8%BE%AD%E6%AE%98%E7%89%87+&oid=1840727 HTTP/1.1" 200 3071
66.249.71.64 - - [06/Jul/2015:04:24:10 +0800] "GET /content/nav/relationSubject.jsp?relationWords=%E9%BE%9C%E7%94%B2%E5%8D%9C%E8%BE%AD%E6%AE%98%E7%89%87%20&oid=1840727 HTTP/1.1" 200 3071
66.249.71.60 - - [06/Jul/2015:04:25:41 +0800] "GET /content/subject/resource_content.jsp?oid=16777491&queryString=%E6%B3%B0%E9%9B%85%E6%97%8F%20%E7%AB%B9%E5%99%A8%20%E7%AB%B9%E6%9D%AF HTTP/1.1" 200 48418
114.27.191.72 - - [06/Jul/2015:04:26:07 +0800] "GET /content/repository/resource_content.jsp?oid=16204 HTTP/1.1" 200 30724
114.27.191.72 - - [06/Jul/2015:04:26:09 +0800] "GET /content/nav/relationSubject.jsp?relationWords=%E8%99%8E%E7%A7%91+%E8%99%8E%E9%AD%9A+%E8%9D%A6%E8%99%8E+%E8%9D%A6%E8%99%8E%E7%A7%91+%E8%9D%A6%E8%99%8E%E9%AD%9A+%E9%A3%BE%E9%8A%9C%E8%9D%A6%E8%99%8E+&oid=16204 HTTP/1.1" 200 3555
66.249.71.119 - - [06/Jul/2015:04:26:12 +0800] "GET /content/repository/resource_content.jsp?oid=2685020&queryString=%E6%9F%A5%E9%96%B1%20%E8%94%A1%E8%90%AC HTTP/1.1" 200 30537
66.249.71.60 - - [06/Jul/2015:04:26:16 +0800] "GET /content/nav/relationSubject.jsp?relationWords=&oid=1589068 HTTP/1.1" 200 1405
66.249.71.64 - - [06/Jul/2015:04:26:43 +0800] "GET /content/repository/resource_content.jsp?oid=1537180 HTTP/1.1" 200 28365
123.125.71.49 - - [06/Jul/2015:04:26:47 +0800] "GET /content/tmp_tec/resource_content.jsp?oid=16777697 HTTP/1.1" 200 26995
66.249.71.60 - - [06/Jul/2015:04:27:14 +0800] "GET /content/repository/resource_content.jsp?oid=1536502 HTTP/1.1" 200 29358
66.249.71.105 - - [06/Jul/2015:04:27:45 +0800] "GET /content/repository/resource_content.jsp?oid=1595501&queryType=qs&queryString=%E5%A4%96%E7%9C%81%E4%BA%BA HTTP/1.1" 200 30680
66.249.71.64 - - [06/Jul/2015:04:27:59 +0800] "GET /content/nav/relationSubject.jsp?relationWords=%E5%A4%A7%E8%8F%AF%E6%99%9A%E5%A0%B1+%E5%AA%92%E9%AB%94+%E8%87%BA%E7%81%A3%E7%9C%81%E5%8F%83%E8%AD%B0%E6%9C%83+%E9%80%9A%E8%B2%A8+&oid=1515420 HTTP/1.1" 200 5512
66.249.71.72 - - [06/Jul/2015:04:28:00 +0800] "GET /content/nav/relationSubject.jsp?relationWords=%E5%A4%A7%E8%8F%AF%E6%99%9A%E5%A0%B1%20%E5%AA%92%E9%AB%94%20%E8%87%BA%E7%81%A3%E7%9C%81%E5%8F%83%E8%AD%B0%E6%9C%83%20%E9%80%9A%E8%B2%A8%20&oid=1515420 HTTP/1.1" 200 5512
66.249.71.72 - - [06/Jul/2015:04:28:04 +0800] "GET /content/repository/resource_content.jsp?oid=16476&queryString=%E6%9D%BF%E6%A9%9F%E9%AD%A8%20%E9%B1%97%E9%AD%A8%E7%A7%91%20%E9%BB%91%E5%B8%B6%E9%BB%83%E9%B1%97%E9%AD%A8 HTTP/1.1" 200 34526
66.249.71.54 - - [06/Jul/2015:04:28:33 +0800] "GET /content/nav/relationSubject.jsp?relationWords=%E4%BE%8D%E9%83%8E+%E5%85%AB%E5%88%86%E6%9B%B8+%E5%90%B3%E7%8E%8B+%E5%B1%B1%E6%9D%B1%E5%98%89%E7%A5%A5+%E6%AD%A6%E6%A2%81%E7%A5%A0+%E6%AD%A6%E6%A2%81%E7%A5%A0%E7%95%AB%E5%83%8F+%E7%A5%9E%E8%A9%B1%E6%95%85%E4%BA%8B+%E7%A7%A6%E7%8E%8B+%E7%AE%A1%E4%BB%B2+%E9%9D%88%E7%95%B0+%E9%BD%8A%E6%A1%93%E5%85%AC+&oid=1811779 HTTP/1.1" 200 5436
123.125.71.90 - - [06/Jul/2015:04:28:35 +0800] "GET /content/tmp_exh/resource_content.jsp?oid=16777755&amp;amp;queryType=qc HTTP/1.1" 200 33902
123.125.71.109 - - [06/Jul/2015:04:29:28 +0800] "GET /digiarch_en/content/tmp_tec/resource_content.jsp?oid=16777696 HTTP/1.1" 200 22986
66.249.79.32 - - [06/Jul/2015:04:29:50 +0800] "GET /content/repository/resource_content.jsp?oid=16300&queryString=%E7%9F%AD%E5%96%99%E9%BC%BB%E9%AD%9A HTTP/1.1" 200 34643
66.249.71.64 - - [06/Jul/2015:04:30:00 +0800] "GET /content/nav/relationSubject.jsp?relationWords=&oid=2536222 HTTP/1.1" 200 1405
39.14.137.99 - - [06/Jul/2015:04:30:28 +0800] "GET /content/repository/resource_content.jsp?oid=1111592 HTTP/1.1" 200 31420
39.14.137.99 - - [06/Jul/2015:04:30:30 +0800] "GET /content/nav/relationSubject.jsp?relationWords=%E6%87%B8%E9%89%A4%E5%AD%90+%E6%87%B8%E9%89%A4%E5%AD%90%E5%B1%AC+%E6%A4%8D%E7%89%A9%E7%95%8C+%E6%A6%BF%E8%91%89%E6%87%B8%E9%89%A4%E5%AD%90+%E8%91%89%E6%87%B8%E9%89%A4%E5%AD%90+%E8%96%94%E8%96%87%E7%9B%AE+%E8%96%94%E8%96%87%E7%A7%91+&oid=1111592 HTTP/1.1" 200 3508
66.249.71.14 - - [06/Jul/2015:04:30:53 +0800] "GET /digiarch3/content/subject/resource_content.jsp?oid=16777601&queryType=qs&queryString=%E6%97%A5%E6%B2%BB%E6%99%82%E6%9C%9F HTTP/1.1" 200 58969
66.249.71.72 - - [06/Jul/2015:04:30:53 +0800] "GET /content/nav/relationSubject.jsp?relationWords=%E5%81%87%E9%85%B8%E6%BC%BF+%E6%A4%8D%E7%89%A9%E7%95%8C+%E7%A2%A7%E6%9E%9C%E8%8D%89+%E7%A2%A7%E6%9E%9C%E8%8D%89%E5%B1%AC+%E7%B4%AB%E8%8D%89%E7%A7%91+&oid=1101441 HTTP/1.1" 200 3407
66.249.71.60 - - [06/Jul/2015:04:30:54 +0800] "GET /content/nav/relationSubject.jsp?relationWords=%E5%81%87%E9%85%B8%E6%BC%BF%20%E6%A4%8D%E7%89%A9%E7%95%8C%20%E7%A2%A7%E6%9E%9C%E8%8D%89%20%E7%A2%A7%E6%9E%9C%E8%8D%89%E5%B1%AC%20%E7%B4%AB%E8%8D%89%E7%A7%91%20&oid=1101441 HTTP/1.1" 200 3407
66.249.71.72 - - [06/Jul/2015:04:31:11 +0800] "GET /digiarch_en/content/nav/relationSubject.jsp?relationWords=&oid=16777385 HTTP/1.1" 200 1399
66.249.71.60 - - [06/Jul/2015:04:31:22 +0800] "GET /content/repository/resource_content.jsp?oid=2152028&queryString=%E6%A4%8D%E7%89%A9%E7%95%8C%20%E6%B0%B4%E8%8C%84%20%E8%8C%84%E5%B1%AC%20%E8%8C%84%E7%A7%91%20%E8%90%AC%E6%A1%83%E8%8A%B1 HTTP/1.1" 200 31396
157.55.39.15 - - [06/Jul/2015:04:31:31 +0800] "GET /content/subject/resource_content.jsp?oid=16777706 HTTP/1.1" 200 53891
66.249.71.72 - - [06/Jul/2015:04:31:53 +0800] "GET /content/repository/resource_content.jsp?oid=1567168 HTTP/1.1" 200 28644
66.249.71.60 - - [06/Jul/2015:04:32:38 +0800] "GET /content/nav/relationSubject.jsp?relationWords=%E7%88%AA%E5%93%87%E7%A3%9A%E5%AD%90%E8%8B%97+%E7%A3%9A%E5%AD%90%E8%8B%97%E5%B1%AC+%E7%A9%97%E7%A3%9A%E5%AD%90%E8%8B%97+&oid=1456618 HTTP/1.1" 200 3422
101.8.46.222 - - [06/Jul/2015:04:32:39 +0800] "GET /content/repository/resource_content.jsp?oid=1778417&queryString=%E8%A6%96%E8%A6%BA HTTP/1.1" 200 33115
66.249.71.72 - - [06/Jul/2015:04:32:39 +0800] "GET /content/nav/relationSubject.jsp?relationWords=%E7%88%AA%E5%93%87%E7%A3%9A%E5%AD%90%E8%8B%97%20%E7%A3%9A%E5%AD%90%E8%8B%97%E5%B1%AC%20%E7%A9%97%E7%A3%9A%E5%AD%90%E8%8B%97%20&oid=1456618 HTTP/1.1" 200 3422
101.8.46.222 - - [06/Jul/2015:04:32:40 +0800] "GET /content/nav/relationSubject.jsp?relationWords=%E5%89%AA%E7%B4%99+%E5%8F%B0%E7%81%A3%E5%8E%9F%E4%BD%8F%E6%B0%91+%E8%A6%96%E8%A6%BA+%E8%A6%96%E8%A6%BA%E8%A8%AD%E8%A8%88+&oid=1778417 HTTP/1.1" 200 4858
66.249.71.64 - - [06/Jul/2015:04:32:47 +0800] "GET /digiarch_en/content/nav/relationSubject.jsp?relationWords=%E7%9C%9F%E9%8E%96%E7%AE%A1+%E8%BB%9F%E9%AB%94%E5%8B%95%E7%89%A9%E9%96%80+%E9%8E%96%E7%AE%A1%E7%A7%91+%E9%A0%AD%E8%B6%B3%E7%B6%B1+&oid=4551102 HTTP/1.1" 200 3249
66.249.71.72 - - [06/Jul/2015:04:32:48 +0800] "GET /digiarch_en/content/nav/relationSubject.jsp?relationWords=%E7%9C%9F%E9%8E%96%E7%AE%A1%20%E8%BB%9F%E9%AB%94%E5%8B%95%E7%89%A9%E9%96%80%20%E9%8E%96%E7%AE%A1%E7%A7%91%20%E9%A0%AD%E8%B6%B3%E7%B6%B1%20&oid=4551102 HTTP/1.1" 200 3249
220.181.108.100 - - [06/Jul/2015:04:33:04 +0800] "GET /content/pictures/picture_content.jsp?oid=33554884&queryType=qc HTTP/1.1" 200 27947
66.249.71.64 - - [06/Jul/2015:04:33:22 +0800] "GET /content/nav/relationSubject.jsp?relationWords=%E6%9D%BF%E6%A9%9F%E9%AD%A8%20%E7%B4%85%E5%B0%BE%20%E8%A7%92%E9%B1%97%E9%AD%A8%20%E9%AD%A8%E7%A7%91%20%E9%B1%97%E9%AD%A8%20%E9%B1%97%E9%AD%A8%E7%A7%91%20&oid=16476 HTTP/1.1" 200 3617
66.249.71.72 - - [06/Jul/2015:04:33:26 +0800] "GET /content/subject/resource_content.jsp?oid=16777425&queryString=%E6%9B%B3%E7%B5%B2%20%E7%94%98%E4%BB%94%E9%AD%9A HTTP/1.1" 200 36031
157.55.39.57 - - [06/Jul/2015:04:33:35 +0800] "GET /content/subject/resource_content.jsp?oid=16777470&queryType=qc HTTP/1.1" 200 29374
66.249.71.60 - - [06/Jul/2015:04:33:57 +0800] "GET /content/repository/resource_content.jsp?oid=4352338&queryString=%E5%96%AE%E8%89%B2%20%E6%9D%B1%E5%8C%97%E5%9C%B0%E5%8D%80%20%E9%AD%AF%E5%85%8B HTTP/1.1" 200 34064
66.249.71.64 - - [06/Jul/2015:04:34:05 +0800] "GET /content/nav/relationSubject.jsp?relationWords=&oid=2602191 HTTP/1.1" 200 1405
66.249.71.72 - - [06/Jul/2015:04:34:28 +0800] "GET /content/subject/resource_content.jsp?oid=16777313&queryString=%E6%A1%83%E9%87%91%E5%AD%83%20%E6%A1%83%E9%87%91%E5%AD%83%E7%A7%91%20%E6%A4%8D%E7%89%A9%E7%95%8C%20%E7%99%BD%E5%8D%83%E5%B1%A4 HTTP/1.1" 200 34201
66.249.71.72 - - [06/Jul/2015:04:34:30 +0800] "GET /content/nav/relationSubject.jsp?relationWords=%E5%BD%9D%E5%99%A8+&oid=1819916 HTTP/1.1" 200 3129
66.249.71.60 - - [06/Jul/2015:04:34:31 +0800] "GET /content/nav/relationSubject.jsp?relationWords=%E5%BD%9D%E5%99%A8%20&oid=1819916 HTTP/1.1" 200 3129
66.249.71.64 - - [06/Jul/2015:04:34:47 +0800] "GET /content/nav/relationSubject.jsp?relationWords=%E4%BA%94%E5%8A%A0%E7%A7%91+%E6%A4%8D%E7%89%A9%E7%95%8C+%E8%8F%AF%E5%8F%83+&oid=1107590 HTTP/1.1" 200 3235
66.249.71.60 - - [06/Jul/2015:04:34:49 +0800] "GET /content/nav/relationSubject.jsp?relationWords=%E4%BA%94%E5%8A%A0%E7%A7%91%20%E6%A4%8D%E7%89%A9%E7%95%8C%20%E8%8F%AF%E5%8F%83%20&oid=1107590 HTTP/1.1" 200 3235
66.249.71.64 - - [06/Jul/2015:04:35:00 +0800] "GET /content/nav/relationSubject.jsp?relationWords=%E5%8A%A0%E6%8B%BF%E5%88%A9%E5%88%BA%E6%9D%BE+%E6%9D%BE%E5%B1%AC+%E6%9D%BE%E6%9D%89+%E6%9D%BE%E7%A7%91+%E6%A4%8D%E7%89%A9%E7%95%8C+%E6%AF%AC%E6%9E%9C+&oid=2150594 HTTP/1.1" 200 3625
66.249.71.64 - - [06/Jul/2015:04:35:01 +0800] "GET /content/nav/relationSubject.jsp?relationWords=%E5%8A%A0%E6%8B%BF%E5%88%A9%E5%88%BA%E6%9D%BE%20%E6%9D%BE%E5%B1%AC%20%E6%9D%BE%E6%9D%89%20%E6%9D%BE%E7%A7%91%20%E6%A4%8D%E7%89%A9%E7%95%8C%20%E6%AF%AC%E6%9E%9C%20&oid=2150594 HTTP/1.1" 200 3625
66.249.71.5 - - [06/Jul/2015:04:35:08 +0800] "GET /digiarch3/content/nav/relationSubject.jsp?relationWords=%E8%A0%94%E9%AD%9A+%E9%9D%92%E8%A1%AB+%E9%A0%B8%E6%96%91%E9%B8%9A%E5%93%A5%E9%AD%9A+%E9%B8%9A%E5%93%A5+%E9%B8%9A%E5%93%A5%E9%AD%9A+%E9%B8%9A%E5%98%B4%E9%AD%9A+&oid=15857 HTTP/1.1" 200 3600
66.249.71.14 - - [06/Jul/2015:04:35:09 +0800] "GET /digiarch3/content/nav/relationSubject.jsp?relationWords=%E8%A0%94%E9%AD%9A%20%E9%9D%92%E8%A1%AB%20%E9%A0%B8%E6%96%91%E9%B8%9A%E5%93%A5%E9%AD%9A%20%E9%B8%9A%E5%93%A5%20%E9%B8%9A%E5%93%A5%E9%AD%9A%20%E9%B8%9A%E5%98%B4%E9%AD%9A%20&oid=15857 HTTP/1.1" 200 3600
66.249.71.119 - - [06/Jul/2015:04:35:18 +0800] "GET /content/nav/relationSubject.jsp?relationWords=%E5%BC%B5%E6%88%90%E9%BE%8D+%E9%BE%8D%E9%99%9E+&oid=3411931 HTTP/1.1" 200 3086
66.249.71.72 - - [06/Jul/2015:04:35:19 +0800] "GET /content/nav/relationSubject.jsp?relationWords=%E9%AA%A8%E7%AE%AD%E9%A0%AD+&oid=1861981 HTTP/1.1" 200 2990
66.249.71.119 - - [06/Jul/2015:04:35:20 +0800] "GET /content/nav/relationSubject.jsp?relationWords=%E5%BC%B5%E6%88%90%E9%BE%8D%20%E9%BE%8D%E9%99%9E%20&oid=3411931 HTTP/1.1" 200 3086
66.249.71.64 - - [06/Jul/2015:04:35:20 +0800] "GET /content/nav/relationSubject.jsp?relationWords=%E9%AA%A8%E7%AE%AD%E9%A0%AD%20&oid=1861981 HTTP/1.1" 200 2990
66.249.71.60 - - [06/Jul/2015:04:35:41 +0800] "GET /content/nav/relationSubject.jsp?relationWords=%E7%85%A4%E6%96%A4+%E7%9B%AE%E6%A8%99+%E9%A0%90%E7%AE%97+&oid=1562977 HTTP/1.1" 200 5005
66.249.71.60 - - [06/Jul/2015:04:35:42 +0800] "GET /content/nav/relationSubject.jsp?relationWords=%E7%85%A4%E6%96%A4%20%E7%9B%AE%E6%A8%99%20%E9%A0%90%E7%AE%97%20&oid=1562977 HTTP/1.1" 200 5005
66.249.71.14 - - [06/Jul/2015:04:36:02 +0800] "GET /digiarch3/content/subject/resource_content.jsp?oid=16777776&queryType=qs&queryString=%E5%85%A7%E6%94%BF%E9%83%A8 HTTP/1.1" 200 61578
66.249.71.64 - - [06/Jul/2015:04:36:08 +0800] "GET /content/nav/relationSubject.jsp?relationWords=%E5%9C%B0%E5%BD%A2%E5%9C%96+%E8%A4%92%E5%9F%8E%E7%B8%A3+&oid=187258 HTTP/1.1" 200 3164
66.249.71.60 - - [06/Jul/2015:04:36:13 +0800] "GET /content/nav/relationSubject.jsp?relationWords=%E5%9C%B0%E5%BD%A2%E5%9C%96%20%E8%A4%92%E5%9F%8E%E7%B8%A3%20&oid=187258 HTTP/1.1" 200 3164
66.249.71.64 - - [06/Jul/2015:04:36:16 +0800] "GET /content/nav/relationSubject.jsp?relationWords=%E5%A4%BE%E7%AB%B9%E6%A1%83%E7%A7%91+%E6%A4%8D%E7%89%A9%E7%95%8C+%E7%B5%A1%E7%9F%B3%E5%B1%AC+%E8%98%AD%E5%B6%BC%E7%B5%A1%E7%9F%B3+%E9%BE%8D%E8%86%BD+&oid=1105061 HTTP/1.1" 200 3577
66.249.71.60 - - [06/Jul/2015:04:36:25 +0800] "GET /content/nav/relationSubject.jsp?relationWords=%E5%A4%BE%E7%AB%B9%E6%A1%83%E7%A7%91%20%E6%A4%8D%E7%89%A9%E7%95%8C%20%E7%B5%A1%E7%9F%B3%E5%B1%AC%20%E8%98%AD%E5%B6%BC%E7%B5%A1%E7%9F%B3%20%E9%BE%8D%E8%86%BD%20&oid=1105061 HTTP/1.1" 200 3577
66.249.71.60 - - [06/Jul/2015:04:36:32 +0800] "GET /digiarch_en/content/tmp_tec/resource_content.jsp?oid=16777710 HTTP/1.1" 200 21735
66.249.71.64 - - [06/Jul/2015:04:36:53 +0800] "GET /content/nav/relationSubject.jsp?relationWords=&oid=1889801 HTTP/1.1" 200 1405
66.249.71.64 - - [06/Jul/2015:04:37:04 +0800] "GET /content/subject/resource_content.jsp?oid=16777799&queryString=%E6%80%9D%E6%83%B3%20%E6%95%99%E8%82%B2%E6%A1%88 HTTP/1.1" 200 29057
66.249.71.72 - - [06/Jul/2015:04:37:16 +0800] "GET /content/nav/relationSubject.jsp?relationWords=%E4%BA%BA%E4%BA%8B%E5%88%B6%E5%BA%A6+&oid=1566727 HTTP/1.1" 200 4041
66.249.71.72 - - [06/Jul/2015:04:37:17 +0800] "GET /content/nav/relationSubject.jsp?relationWords=%E4%BA%BA%E4%BA%8B%E5%88%B6%E5%BA%A6%20&oid=1566727 HTTP/1.1" 200 4041
66.249.71.54 - - [06/Jul/2015:04:37:19 +0800] "GET /content/nav/relationSubject.jsp?relationWords=%E5%9D%90%E5%90%8D%E6%95%95%E6%9B%B8+%E6%88%B6%E7%A7%91+%E7%8E%89%E5%AF%A7+&oid=2637228 HTTP/1.1" 200 3178
66.249.71.45 - - [06/Jul/2015:04:37:20 +0800] "GET /content/nav/relationSubject.jsp?relationWords=%E5%9D%90%E5%90%8D%E6%95%95%E6%9B%B8%20%E6%88%B6%E7%A7%91%20%E7%8E%89%E5%AF%A7%20&oid=2637228 HTTP/1.1" 200 3178
66.249.71.119 - - [06/Jul/2015:04:37:24 +0800] "GET /content/nav/relationSubject.jsp?relationWords=%E6%9A%B9%E9%82%8F+%E8%B2%A2%E4%BD%BF+&oid=2642480 HTTP/1.1" 200 3128
66.249.71.127 - - [06/Jul/2015:04:37:26 +0800] "GET /content/nav/relationSubject.jsp?relationWords=%E6%9A%B9%E9%82%8F%20%E8%B2%A2%E4%BD%BF%20&oid=2642480 HTTP/1.1" 200 3128
66.249.71.14 - - [06/Jul/2015:04:37:35 +0800] "GET /digiarch3/content/repository/resource_content.jsp?oid=1887044&queryString=%E5%8E%9A%E6%AE%BC%E7%B8%B1%E7%B0%BE%E8%9B%A4 HTTP/1.1" 200 31965
66.249.71.72 - - [06/Jul/2015:04:37:44 +0800] "GET /content/nav/relationSubject.jsp?relationWords=%E9%99%B6%E6%8A%8A+&oid=1850053 HTTP/1.1" 200 2979
66.249.71.60 - - [06/Jul/2015:04:37:46 +0800] "GET /content/nav/relationSubject.jsp?relationWords=%E9%99%B6%E6%8A%8A%20&oid=1850053 HTTP/1.1" 200 2979
