66.249.71.3 - - [03/Jul/2015:03:21:00 +0800] "GET /content/nav/relationSubject.jsp?relationWords=%E5%BD%B0%E5%8C%96%E9%8A%80%E8%A1%8C%20%E6%9D%9C%E9%A6%99%E5%9C%8B%20%E7%82%BA%E6%9B%BF%E6%89%8B%E5%BD%A2%20%E8%98%87%E6%98%A5%E6%9C%A8%20&oid=1888202 HTTP/1.1" 200 3287
157.55.39.6 - - [03/Jul/2015:03:21:20 +0800] "GET /content/subject/resource_content.jsp?oid=16777506&queryType=qs&queryString=%E5%BC%B5%E4%B9%8B%E6%B4%9E HTTP/1.1" 200 45412
66.249.71.72 - - [03/Jul/2015:03:21:22 +0800] "GET /content/subject/resource_content.jsp?oid=16777778&queryType=qs&queryString=%E8%A8%AD%E8%A8%88%E5%B8%AB HTTP/1.1" 200 36982
66.249.71.64 - - [03/Jul/2015:03:21:29 +0800] "GET /content/nav/relationSubject.jsp?relationWords=%E8%BE%B2%E7%94%A2%E5%93%81+&oid=1573383 HTTP/1.1" 200 4121
66.249.71.72 - - [03/Jul/2015:03:21:32 +0800] "GET /content/nav/relationSubject.jsp?relationWords=%E8%BE%B2%E7%94%A2%E5%93%81%20&oid=1573383 HTTP/1.1" 200 4121
66.249.71.23 - - [03/Jul/2015:03:21:44 +0800] "GET /digiarch3/content/nav/relationSubject.jsp?relationWords=%E4%B8%83%E8%82%A1%E9%84%89+%E5%8C%97%E9%96%80%E9%84%89+%E5%9C%B0%E6%96%B9%E8%87%AA%E6%B2%BB+%E5%B7%A5%E6%A5%AD%E5%8C%96+%E6%80%A5%E6%95%91+%E6%88%90%E5%8A%9F%E5%A4%A7%E5%AD%B8+%E6%9B%BE%E6%96%87%E6%B0%B4%E5%BA%AB+%E6%B4%A5%E8%B2%BC+%E7%83%8F%E8%85%B3%E7%97%85+%E8%87%BA%E5%8D%97%E7%B8%A3+%E8%A5%BF%E6%B8%AF+%E8%BE%B2%E5%AD%B8+%E8%BE%B2%E5%AD%B8%E9%99%A2+&oid=1586852 HTTP/1.1" 200 3690
66.249.71.64 - - [03/Jul/2015:03:21:46 +0800] "GET /content/repository/resource_content.jsp?oid=1565134 HTTP/1.1" 200 28629
66.249.71.5 - - [03/Jul/2015:03:21:46 +0800] "GET /digiarch3/content/nav/relationSubject.jsp?relationWords=%E4%B8%83%E8%82%A1%E9%84%89%20%E5%8C%97%E9%96%80%E9%84%89%20%E5%9C%B0%E6%96%B9%E8%87%AA%E6%B2%BB%20%E5%B7%A5%E6%A5%AD%E5%8C%96%20%E6%80%A5%E6%95%91%20%E6%88%90%E5%8A%9F%E5%A4%A7%E5%AD%B8%20%E6%9B%BE%E6%96%87%E6%B0%B4%E5%BA%AB%20%E6%B4%A5%E8%B2%BC%20%E7%83%8F%E8%85%B3%E7%97%85%20%E8%87%BA%E5%8D%97%E7%B8%A3%20%E8%A5%BF%E6%B8%AF%20%E8%BE%B2%E5%AD%B8%20%E8%BE%B2%E5%AD%B8%E9%99%A2%20&oid=1586852 HTTP/1.1" 200 3690
66.249.71.127 - - [03/Jul/2015:03:22:04 +0800] "GET /content/nav/relationSubject.jsp?relationWords=%E5%B0%91%E5%AE%A4+%E5%B0%91%E5%AE%A4%E8%A5%BF%E9%97%95+%E7%A5%9E%E9%81%93+&oid=1810587 HTTP/1.1" 200 3151
66.249.71.127 - - [03/Jul/2015:03:22:06 +0800] "GET /content/nav/relationSubject.jsp?relationWords=%E5%B0%91%E5%AE%A4%20%E5%B0%91%E5%AE%A4%E8%A5%BF%E9%97%95%20%E7%A5%9E%E9%81%93%20&oid=1810587 HTTP/1.1" 200 3151
66.249.71.60 - - [03/Jul/2015:03:22:10 +0800] "GET /content/subject/resource_content.jsp?oid=16777462&queryString=%E5%A4%9A%E6%A8%A3%E6%80%A7%20%E9%AD%AF%E5%87%B1%E6%97%8F%20%E9%B8%9A%E9%B5%A1%E8%9E%BA HTTP/1.1" 200 55059
66.249.71.119 - - [03/Jul/2015:03:22:28 +0800] "GET /content/nav/relationSubject.jsp?relationWords=%E5%8C%97%E7%B1%B3+&oid=4451918 HTTP/1.1" 200 5603
66.249.71.119 - - [03/Jul/2015:03:22:30 +0800] "GET /content/nav/relationSubject.jsp?relationWords=%E5%8C%97%E7%B1%B3%20&oid=4451918 HTTP/1.1" 200 5603
66.249.71.64 - - [03/Jul/2015:03:22:33 +0800] "GET /content/subject/resource_content.jsp?oid=16777808&queryType=qc HTTP/1.1" 200 39882
66.249.71.72 - - [03/Jul/2015:03:22:57 +0800] "GET /content/repository/resource_content.jsp?oid=1563170 HTTP/1.1" 200 28687
66.249.71.14 - - [03/Jul/2015:03:23:20 +0800] "GET /digiarch3/content/tmp_exh/resource_content.jsp?oid=16777836&queryString= HTTP/1.1" 302 -
66.249.71.36 - - [03/Jul/2015:03:23:40 +0800] "GET /content/nav/relationSubject.jsp?relationWords=%E4%BA%BA%E6%B0%91%E5%9C%98%E9%AB%94+%E5%9C%8B%E5%A4%A7%E4%BB%A3%E8%A1%A8+%E6%94%BF%E5%BA%9C%E6%A9%9F%E9%97%9C+%E6%94%BF%E9%BB%A8+%E6%BC%81%E6%9C%83+%E7%89%A9%E8%B3%87%E5%B1%80+%E7%95%99%E5%AD%B8%E7%94%9F+%E7%AB%8B%E6%B3%95%E5%A7%94%E5%93%A1+%E8%87%AA%E7%94%B1%E4%B8%AD%E5%9C%8B+%E8%87%BA%E4%B8%AD%E5%B8%82+%E8%A8%80%E8%AB%96%E8%87%AA%E7%94%B1+%E8%AD%A6%E5%AF%9F+%E9%81%95%E7%AB%A0%E5%BB%BA%E7%AF%89+%E9%9D%92%E5%B9%B4%E9%BB%A8+&oid=1543278 HTTP/1.1" 200 5374
66.249.71.45 - - [03/Jul/2015:03:23:46 +0800] "GET /content/nav/relationSubject.jsp?relationWords=%E4%BA%BA%E6%B0%91%E5%9C%98%E9%AB%94%20%E5%9C%8B%E5%A4%A7%E4%BB%A3%E8%A1%A8%20%E6%94%BF%E5%BA%9C%E6%A9%9F%E9%97%9C%20%E6%94%BF%E9%BB%A8%20%E6%BC%81%E6%9C%83%20%E7%89%A9%E8%B3%87%E5%B1%80%20%E7%95%99%E5%AD%B8%E7%94%9F%20%E7%AB%8B%E6%B3%95%E5%A7%94%E5%93%A1%20%E8%87%AA%E7%94%B1%E4%B8%AD%E5%9C%8B%20%E8%87%BA%E4%B8%AD%E5%B8%82%20%E8%A8%80%E8%AB%96%E8%87%AA%E7%94%B1%20%E8%AD%A6%E5%AF%9F%20%E9%81%95%E7%AB%A0%E5%BB%BA%E7%AF%89%20%E9%9D%92%E5%B9%B4%E9%BB%A8%20&oid=1543278 HTTP/1.1" 200 5374
66.249.71.72 - - [03/Jul/2015:03:24:08 +0800] "GET /content/repository/resource_content.jsp?oid=1892335 HTTP/1.1" 200 28542
66.249.71.72 - - [03/Jul/2015:03:24:28 +0800] "GET /content/nav/relationSubject.jsp?relationWords=%E7%B9%A9%E7%B4%8B%E7%99%BD%E9%99%B6+&oid=1870881 HTTP/1.1" 200 3017
66.249.71.64 - - [03/Jul/2015:03:24:31 +0800] "GET /content/repository/resource_content.jsp?oid=4362417&queryString=%E6%A1%83%E7%AC%A6%20%E7%A5%9E%E8%8D%BC%20%E9%AC%B1%E5%A3%98 HTTP/1.1" 200 28242
66.249.71.64 - - [03/Jul/2015:03:24:41 +0800] "GET /content/nav/relationSubject.jsp?relationWords=%E7%B9%A9%E7%B4%8B%E7%99%BD%E9%99%B6%20&oid=1870881 HTTP/1.1" 200 3017
66.249.71.64 - - [03/Jul/2015:03:24:47 +0800] "GET /content/nav/relationSubject.jsp?relationWords=%E5%90%8F%E9%83%A8+&oid=3122344 HTTP/1.1" 200 3101
66.249.71.72 - - [03/Jul/2015:03:24:49 +0800] "GET /content/nav/relationSubject.jsp?relationWords=%E5%90%8F%E9%83%A8%20&oid=3122344 HTTP/1.1" 200 3101
66.249.71.72 - - [03/Jul/2015:03:24:55 +0800] "GET /digiarch_en/content/repository/resource_content.jsp?oid=1126280&queryString=%E5%B0%96%E8%A7%92%E6%B1%9F%E7%8F%A7%E8%9B%A4%20%E6%B1%9F%E7%8F%A7%E8%9B%A4%20%E8%9B%A4%E7%A7%91%20%E8%B2%BD%E8%B2%9D%20%E9%9B%99%E6%AE%BC%E7%B6%B1 HTTP/1.1" 200 24242
220.181.108.178 - - [03/Jul/2015:03:25:56 +0800] "GET /content/pictures/picture_content.jsp?oid=33554634&queryType=qc HTTP/1.1" 200 27444
66.249.71.64 - - [03/Jul/2015:03:25:59 +0800] "GET /content/nav/relationSubject.jsp?relationWords=%E4%B9%B3%E8%B1%86%E5%B1%AC+%E6%A4%8D%E7%89%A9%E7%95%8C+%E7%B4%B0%E8%8A%B1%E4%B9%B3%E8%B1%86+%E8%A0%B6%E8%B1%86+%E9%9B%99%E5%AD%90%E8%91%89%E6%A4%8D%E7%89%A9+&oid=2148844 HTTP/1.1" 200 3462
66.249.71.72 - - [03/Jul/2015:03:26:00 +0800] "GET /content/nav/relationSubject.jsp?relationWords=%E4%B9%B3%E8%B1%86%E5%B1%AC%20%E6%A4%8D%E7%89%A9%E7%95%8C%20%E7%B4%B0%E8%8A%B1%E4%B9%B3%E8%B1%86%20%E8%A0%B6%E8%B1%86%20%E9%9B%99%E5%AD%90%E8%91%89%E6%A4%8D%E7%89%A9%20&oid=2148844 HTTP/1.1" 200 3462
66.249.71.60 - - [03/Jul/2015:03:26:06 +0800] "GET /content/subject/resource_content.jsp?oid=16777721&queryString=%E6%A4%8D%E7%89%A9%E7%95%8C%20%E7%8E%89%E5%B1%B1%E8%96%84%E9%9B%AA%E8%8D%89%20%E8%8F%8A%E7%A7%91%20%E8%96%84%E9%9B%AA%E8%8D%89%E5%B1%AC%20%E9%9B%99%E5%AD%90%E8%91%89%E6%A4%8D%E7%89%A9 HTTP/1.1" 200 36216
66.249.71.45 - - [03/Jul/2015:03:26:20 +0800] "GET /content/repository/resource_content.jsp?oid=589871&queryType=qs&queryString=%E8%8A%9D%E5%8A%A0%E5%93%A5 HTTP/1.1" 200 28855
66.249.71.72 - - [03/Jul/2015:03:26:54 +0800] "GET /content/subject/resource_content.jsp?oid=16777429 HTTP/1.1" 200 31154
66.249.71.60 - - [03/Jul/2015:03:27:08 +0800] "GET /content/nav/relationSubject.jsp?relationWords=%E7%9F%B3%E5%88%80+&oid=4411658 HTTP/1.1" 200 2966
66.249.71.72 - - [03/Jul/2015:03:27:10 +0800] "GET /content/nav/relationSubject.jsp?relationWords=%E7%9F%B3%E5%88%80%20&oid=4411658 HTTP/1.1" 200 2966
66.249.71.72 - - [03/Jul/2015:03:27:23 +0800] "GET /content/nav/relationSubject.jsp?relationWords=%E5%85%AC%E7%A9%8D%E9%87%91+%E5%9C%8B%E5%AE%85+%E5%A2%9E%E5%BB%BA+%E7%A4%BE%E6%9C%83%E7%A6%8F%E5%88%A9%E5%9F%BA%E9%87%91+%E7%B2%BE%E7%A5%9E%E7%97%85+%E7%B2%BE%E7%A5%9E%E7%97%85%E6%82%A3+%E8%88%88%E5%88%A9+%E9%9D%92%E5%B9%B4%E5%85%AC%E5%8F%B8+&oid=1634077 HTTP/1.1" 200 3617
66.249.71.64 - - [03/Jul/2015:03:27:25 +0800] "GET /content/nav/relationSubject.jsp?relationWords=%E5%85%AC%E7%A9%8D%E9%87%91%20%E5%9C%8B%E5%AE%85%20%E5%A2%9E%E5%BB%BA%20%E7%A4%BE%E6%9C%83%E7%A6%8F%E5%88%A9%E5%9F%BA%E9%87%91%20%E7%B2%BE%E7%A5%9E%E7%97%85%20%E7%B2%BE%E7%A5%9E%E7%97%85%E6%82%A3%20%E8%88%88%E5%88%A9%20%E9%9D%92%E5%B9%B4%E5%85%AC%E5%8F%B8%20&oid=1634077 HTTP/1.1" 200 3617
66.249.71.54 - - [03/Jul/2015:03:28:05 +0800] "GET /content/subject/resource_content.jsp?oid=16777391&queryType=qc HTTP/1.1" 200 41635
66.249.79.119 - - [03/Jul/2015:03:28:07 +0800] "GET /content/nav/relationSubject.jsp?relationWords=%E5%9C%B0%E7%95%9D+%E9%A0%98%E5%82%AC+&oid=2688577 HTTP/1.1" 200 3125
66.249.71.45 - - [03/Jul/2015:03:28:09 +0800] "GET /content/nav/relationSubject.jsp?relationWords=%E5%9C%B0%E7%95%9D%20%E9%A0%98%E5%82%AC%20&oid=2688577 HTTP/1.1" 200 3125
66.249.71.64 - - [03/Jul/2015:03:28:28 +0800] "GET /content/subject/resource_content.jsp?oid=16797271&queryType=qc HTTP/1.1" 200 55169
66.249.71.60 - - [03/Jul/2015:03:28:51 +0800] "GET /digiarch_en/content/repository/resource_content.jsp?oid=4363112&queryString=%E9%96%8B%E6%BC%B3%E8%81%96%E7%8E%8B HTTP/1.1" 200 21676
66.249.71.72 - - [03/Jul/2015:03:29:07 +0800] "GET /content/nav/relationSubject.jsp?relationWords=%E5%85%AC%E7%AB%8B%E9%86%AB%E9%99%A2+%E8%99%95%E9%95%B7+%E8%A1%9B%E7%94%9F%E6%89%80+%E8%AD%B7%E5%A3%AB+%E9%86%AB%E7%99%82%E6%A9%9F%E6%A7%8B+&oid=1545853 HTTP/1.1" 200 4017
66.249.71.72 - - [03/Jul/2015:03:29:08 +0800] "GET /content/nav/relationSubject.jsp?relationWords=%E5%85%AC%E7%AB%8B%E9%86%AB%E9%99%A2%20%E8%99%95%E9%95%B7%20%E8%A1%9B%E7%94%9F%E6%89%80%20%E8%AD%B7%E5%A3%AB%20%E9%86%AB%E7%99%82%E6%A9%9F%E6%A7%8B%20&oid=1545853 HTTP/1.1" 200 4017
66.249.71.60 - - [03/Jul/2015:03:29:10 +0800] "GET /content/nav/relationSubject.jsp?relationWords=%E6%81%86%E6%98%A5%E6%A5%A8%E6%A5%A0%20%E6%A4%8D%E7%89%A9%E7%95%8C%20%E6%A5%A0%E5%B1%AC%20%E6%A8%9F%E7%A7%91%20&oid=2152703 HTTP/1.1" 200 3377
66.249.71.64 - - [03/Jul/2015:03:29:26 +0800] "GET /content/nav/relationSubject.jsp?relationWords=%E4%B8%89%E6%98%9F%E9%84%89+%E6%9E%97%E7%8E%8B%E6%98%A5%E7%8E%89+%E6%9E%97%E7%9F%B3%E9%87%91+%E9%99%B8%E8%BB%8D%E7%B8%BD%E5%8F%B8%E4%BB%A4%E9%83%A8+&oid=1521516 HTTP/1.1" 200 3976
66.249.71.72 - - [03/Jul/2015:03:29:28 +0800] "GET /content/nav/relationSubject.jsp?relationWords=%E4%B8%89%E6%98%9F%E9%84%89%20%E6%9E%97%E7%8E%8B%E6%98%A5%E7%8E%89%20%E6%9E%97%E7%9F%B3%E9%87%91%20%E9%99%B8%E8%BB%8D%E7%B8%BD%E5%8F%B8%E4%BB%A4%E9%83%A8%20&oid=1521516 HTTP/1.1" 200 3976
66.249.71.14 - - [03/Jul/2015:03:29:36 +0800] "GET /digiarch3/content/nav/relationSubject.jsp?relationWords=%E6%9F%93%E6%96%99%20%E6%B3%B0%E9%9B%85%20%E6%B3%B0%E9%9B%85%E6%97%8F%20%E7%89%A9%E8%B3%AA%E6%96%87%E5%8C%96%20&oid=1778385 HTTP/1.1" 200 5963
66.249.71.60 - - [03/Jul/2015:03:29:42 +0800] "GET /content/nav/relationSubject.jsp?relationWords=%E6%B5%B7%E6%89%87%E8%9B%A4%E5%B1%AC+%E6%B5%B7%E6%89%87%E8%9B%A4%E7%A7%91+%E9%9B%99%E6%AE%BC%E7%B6%B1+%E9%B6%AF%E8%9B%A4%E7%9B%AE+&oid=1124116 HTTP/1.1" 200 1451
66.249.71.64 - - [03/Jul/2015:03:29:44 +0800] "GET /content/nav/relationSubject.jsp?relationWords=%E6%B5%B7%E6%89%87%E8%9B%A4%E5%B1%AC%20%E6%B5%B7%E6%89%87%E8%9B%A4%E7%A7%91%20%E9%9B%99%E6%AE%BC%E7%B6%B1%20%E9%B6%AF%E8%9B%A4%E7%9B%AE%20&oid=1124116 HTTP/1.1" 200 1451
66.249.71.36 - - [03/Jul/2015:03:29:46 +0800] "GET /content/nav/relationSubject.jsp?relationWords=DRM+%E6%95%B8%E4%BD%8D%E6%AC%8A%E5%88%A9%E7%AE%A1%E7%90%86+%E8%91%97%E4%BD%9C%E6%AC%8A+&oid=16777391 HTTP/1.1" 200 4137
66.249.71.45 - - [03/Jul/2015:03:29:48 +0800] "GET /content/nav/relationSubject.jsp?relationWords=DRM%20%E6%95%B8%E4%BD%8D%E6%AC%8A%E5%88%A9%E7%AE%A1%E7%90%86%20%E8%91%97%E4%BD%9C%E6%AC%8A%20&oid=16777391 HTTP/1.1" 200 4137
66.249.71.36 - - [03/Jul/2015:03:30:02 +0800] "GET /content/repository/resource_content.jsp?oid=2511374&queryType=qs&queryString=%E5%85%8B%E4%BB%80 HTTP/1.1" 200 30244
66.249.71.64 - - [03/Jul/2015:03:30:04 +0800] "GET /content/nav/relationSubject.jsp?relationWords=%E8%A5%BF%E6%98%8C+&oid=2678743 HTTP/1.1" 200 3094
66.249.71.72 - - [03/Jul/2015:03:30:05 +0800] "GET /content/nav/relationSubject.jsp?relationWords=%E8%A5%BF%E6%98%8C%20&oid=2678743 HTTP/1.1" 200 3094
5.255.253.139 - - [03/Jul/2015:03:30:06 +0800] "GET /content/subject/resource_content.jsp?oid=16777788&queryType=qc HTTP/1.1" 200 42882
66.249.71.36 - - [03/Jul/2015:03:30:26 +0800] "GET /content/repository/resource_content.jsp?oid=1835002&queryType=qs&queryString=%E7%93%B7%E7%BD%90 HTTP/1.1" 200 30866
66.249.71.60 - - [03/Jul/2015:03:30:28 +0800] "GET /content/nav/relationSubject.jsp?relationWords=%E4%B8%80%E5%BA%9C%E4%BA%BA+%E4%B8%AD%E8%88%88%E6%96%B0%E6%9D%91+%E5%85%AC%E5%8B%99%E4%BA%BA%E5%93%A1+%E5%85%AC%E5%B8%91+%E5%BA%9C%E4%BA%BA%E4%B8%99%E5%AD%97+&oid=1620553 HTTP/1.1" 200 4103
66.249.71.72 - - [03/Jul/2015:03:30:30 +0800] "GET /content/nav/relationSubject.jsp?relationWords=%E4%B8%80%E5%BA%9C%E4%BA%BA%20%E4%B8%AD%E8%88%88%E6%96%B0%E6%9D%91%20%E5%85%AC%E5%8B%99%E4%BA%BA%E5%93%A1%20%E5%85%AC%E5%B8%91%20%E5%BA%9C%E4%BA%BA%E4%B8%99%E5%AD%97%20&oid=1620553 HTTP/1.1" 200 4103
66.249.71.45 - - [03/Jul/2015:03:30:50 +0800] "GET /content/repository/resource_content.jsp?oid=2679020&queryType=qs&queryString=%E4%B8%81%E5%8E%9F HTTP/1.1" 200 30209
220.181.108.149 - - [03/Jul/2015:03:31:07 +0800] "GET /content/pictures/picture_content.jsp?oid=33554750 HTTP/1.1" 200 27559
66.249.71.119 - - [03/Jul/2015:03:31:13 +0800] "GET /content/subject/resource_content.jsp?oid=16777672&queryType=qs&queryString=%E5%8D%97%E6%B8%AF%E5%8D%80 HTTP/1.1" 200 35224
66.249.71.119 - - [03/Jul/2015:03:31:30 +0800] "GET /content/nav/relationSubject.jsp?relationWords=%E6%B3%95%E8%9E%BA+%E8%97%8F%E6%97%8F+&oid=4364231 HTTP/1.1" 200 3286
66.249.79.72 - - [03/Jul/2015:03:31:33 +0800] "GET /content/nav/relationSubject.jsp?relationWords=%E6%B3%95%E8%9E%BA%20%E8%97%8F%E6%97%8F%20&oid=4364231 HTTP/1.1" 200 3286
66.249.71.64 - - [03/Jul/2015:03:31:37 +0800] "GET /content/repository/resource_content.jsp?oid=15562&queryString=%E7%8F%A0%E9%BB%9E%E5%88%BA%E5%B0%BB%E9%AD%9A%20%E7%A6%8F%E6%B0%8F%E5%88%BA%E5%B0%BB%E9%AD%9A%20%E8%93%8B%E5%88%BA%E9%AD%9A HTTP/1.1" 200 34377
66.249.71.64 - - [03/Jul/2015:03:32:06 +0800] "GET /content/nav/relationSubject.jsp?relationWords=%E7%A7%A6%E5%A7%8B%E7%9A%87+&oid=1814177 HTTP/1.1" 200 3216
66.249.71.64 - - [03/Jul/2015:03:32:08 +0800] "GET /content/nav/relationSubject.jsp?relationWords=%E7%A7%A6%E5%A7%8B%E7%9A%87%20&oid=1814177 HTTP/1.1" 200 3216
66.249.71.60 - - [03/Jul/2015:03:32:24 +0800] "GET /content/subject/resource_content.jsp?oid=16777446 HTTP/1.1" 200 42187
188.165.15.201 - - [03/Jul/2015:03:32:29 +0800] "GET //content/subject/resource_content.jsp?oid=16777820&queryType=qc HTTP/1.1" 200 36942
66.249.71.36 - - [03/Jul/2015:03:32:45 +0800] "GET /content/nav/relationSubject.jsp?relationWords=%E5%95%86%E6%A5%AD%E9%8A%80%E8%A1%8C%20%E8%8A%9D%E5%8A%A0%E5%93%A5%20&oid=589871 HTTP/1.1" 200 4082
66.249.71.60 - - [03/Jul/2015:03:32:48 +0800] "GET /content/repository/resource_content.jsp?oid=1546861&queryString=%E5%81%A5%E5%BA%B7%E6%A1%88%20%E5%B0%8F%E5%90%83%20%E5%B9%BC%E8%8B%97%20%E6%94%A4%E8%B2%A9%20%E7%A6%8F%E5%88%A9%E7%A4%BE HTTP/1.1" 200 29192
66.249.71.60 - - [03/Jul/2015:03:33:38 +0800] "GET /content/nav/relationSubject.jsp?relationWords=%E7%88%B6%E4%B8%99%E7%88%B5+%E8%A5%BF%E5%96%AE%E7%88%B6%E4%B8%99%E7%88%B5+&oid=3355835 HTTP/1.1" 200 3254
66.249.71.64 - - [03/Jul/2015:03:33:39 +0800] "GET /content/nav/relationSubject.jsp?relationWords=%E8%80%86%E6%B0%91+&oid=2512397 HTTP/1.1" 200 3057
66.249.71.64 - - [03/Jul/2015:03:33:40 +0800] "GET /content/nav/relationSubject.jsp?relationWords=%E7%88%B6%E4%B8%99%E7%88%B5%20%E8%A5%BF%E5%96%AE%E7%88%B6%E4%B8%99%E7%88%B5%20&oid=3355835 HTTP/1.1" 200 3254
66.249.71.60 - - [03/Jul/2015:03:33:41 +0800] "GET /content/nav/relationSubject.jsp?relationWords=%E8%80%86%E6%B0%91%20&oid=2512397 HTTP/1.1" 200 3057
220.181.108.166 - - [03/Jul/2015:03:33:46 +0800] "GET /digiarch_en/content/subject/resource_content.jsp?oid=16777261&queryType=qc HTTP/1.1" 200 24039
66.249.71.72 - - [03/Jul/2015:03:33:53 +0800] "GET /content/nav/relationSubject.jsp?relationWords=%E5%A8%9B%E6%A8%82%E7%A8%85+%E6%88%BF%E6%8D%90+%E7%A8%85%E5%88%B6+%E8%B2%A8%E7%89%A9%E7%A8%85+%E8%B3%A6%E7%A8%85+&oid=1571523 HTTP/1.1" 200 4997
66.249.71.72 - - [03/Jul/2015:03:33:54 +0800] "GET /content/nav/relationSubject.jsp?relationWords=%E5%A8%9B%E6%A8%82%E7%A8%85%20%E6%88%BF%E6%8D%90%20%E7%A8%85%E5%88%B6%20%E8%B2%A8%E7%89%A9%E7%A8%85%20%E8%B3%A6%E7%A8%85%20&oid=1571523 HTTP/1.1" 200 4997
66.249.71.64 - - [03/Jul/2015:03:33:59 +0800] "GET /content/repository/resource_content.jsp?oid=1081598&queryString=%E7%A7%8B%E5%A7%91%20%E7%B7%8B%E9%AF%89%20%E9%AC%9A%E5%93%A5%20%E9%AC%9A%E9%AF%9B%E7%A7%91%20%E9%BB%91%E6%96%91%E6%B5%B7%E7%B7%8B%E9%AF%89 HTTP/1.1" 200 35403
66.249.71.60 - - [03/Jul/2015:03:34:01 +0800] "GET /content/nav/relationSubject.jsp?relationWords=%E4%BF%9D%E9%9A%AA+%E6%B8%AF%E5%B7%A5%E6%8D%90+%E8%87%BA%E7%81%A3%E8%8C%B6+%E8%87%BA%E7%81%A3%E9%8A%80%E8%A1%8C+%E8%8C%B6%E6%A5%AD+&oid=1542086 HTTP/1.1" 200 5441
66.249.71.60 - - [03/Jul/2015:03:34:02 +0800] "GET /content/nav/relationSubject.jsp?relationWords=%E4%BF%9D%E9%9A%AA%20%E6%B8%AF%E5%B7%A5%E6%8D%90%20%E8%87%BA%E7%81%A3%E8%8C%B6%20%E8%87%BA%E7%81%A3%E9%8A%80%E8%A1%8C%20%E8%8C%B6%E6%A5%AD%20&oid=1542086 HTTP/1.1" 200 5441
66.249.71.60 - - [03/Jul/2015:03:34:15 +0800] "GET /content/nav/relationSubject.jsp?relationWords=%E5%89%AF%E6%9C%AC%E5%BE%A9+%E5%9B%9B%E5%BA%9C+%E5%9B%B0%E9%9B%A3%E6%A1%88+%E5%B1%B1%E8%83%9E+%E5%BE%A9%E8%88%88%E9%84%89+%E6%A1%83%E5%9C%92%E7%B8%A3%E6%94%BF%E5%BA%9C+%E6%A9%AB%E8%B2%AB%E5%85%AC%E8%B7%AF+%E9%AB%98%E7%BE%A9+&oid=1568362 HTTP/1.1" 200 4427
66.249.71.72 - - [03/Jul/2015:03:34:17 +0800] "GET /content/nav/relationSubject.jsp?relationWords=%E5%89%AF%E6%9C%AC%E5%BE%A9%20%E5%9B%9B%E5%BA%9C%20%E5%9B%B0%E9%9B%A3%E6%A1%88%20%E5%B1%B1%E8%83%9E%20%E5%BE%A9%E8%88%88%E9%84%89%20%E6%A1%83%E5%9C%92%E7%B8%A3%E6%94%BF%E5%BA%9C%20%E6%A9%AB%E8%B2%AB%E5%85%AC%E8%B7%AF%20%E9%AB%98%E7%BE%A9%20&oid=1568362 HTTP/1.1" 200 4427
66.249.71.64 - - [03/Jul/2015:03:34:36 +0800] "GET /content/nav/relationSubject.jsp?relationWords=%E5%85%AC%E8%B7%AF%E5%B1%80+%E5%A4%A7%E8%82%9A%E6%BA%AA%E4%B8%8B%E6%B8%B8+%E6%B1%BA%E6%A8%99+%E6%B2%BF%E6%B5%B7%E5%85%AC%E8%B7%AF+%E6%B8%AF%E5%8B%99+%E8%87%BA%E4%B8%AD%E6%B8%AF+%E9%A0%90%E7%AE%97+%E9%AB%98%E9%9B%84%E6%B8%AF+&oid=1619517 HTTP/1.1" 200 5536
66.249.71.72 - - [03/Jul/2015:03:34:37 +0800] "GET /content/nav/relationSubject.jsp?relationWords=%E5%85%AC%E8%B7%AF%E5%B1%80%20%E5%A4%A7%E8%82%9A%E6%BA%AA%E4%B8%8B%E6%B8%B8%20%E6%B1%BA%E6%A8%99%20%E6%B2%BF%E6%B5%B7%E5%85%AC%E8%B7%AF%20%E6%B8%AF%E5%8B%99%20%E8%87%BA%E4%B8%AD%E6%B8%AF%20%E9%A0%90%E7%AE%97%20%E9%AB%98%E9%9B%84%E6%B8%AF%20&oid=1619517 HTTP/1.1" 200 5536
66.249.71.60 - - [03/Jul/2015:03:34:40 +0800] "GET /content/nav/relationSubject.jsp?relationWords=%E4%B8%89%E4%B8%83%E4%BA%94+%E4%BA%A4%E9%80%9A%E8%99%95+%E6%93%B4%E5%BB%BA+%E9%83%BD%E5%B8%82%E5%BB%BA%E8%A8%AD+%E9%84%AD%E5%B7%9E%E8%B7%AF+&oid=1551781 HTTP/1.1" 200 5447
66.249.71.64 - - [03/Jul/2015:03:34:53 +0800] "GET /content/nav/relationSubject.jsp?relationWords=%E4%B8%89%E4%B8%83%E4%BA%94%20%E4%BA%A4%E9%80%9A%E8%99%95%20%E6%93%B4%E5%BB%BA%20%E9%83%BD%E5%B8%82%E5%BB%BA%E8%A8%AD%20%E9%84%AD%E5%B7%9E%E8%B7%AF%20&oid=1551781 HTTP/1.1" 200 5447
66.249.71.72 - - [03/Jul/2015:03:34:55 +0800] "GET /content/nav/relationSubject.jsp?relationWords=%E6%9D%9C%E9%B5%91%E8%8A%B1+%E6%9D%9C%E9%B5%91%E8%8A%B1%E7%A7%91+%E6%A4%8D%E7%89%A9%E7%95%8C+%E8%B6%8A%E6%A9%98+%E8%B6%8A%E6%A9%98%E5%B1%AC+&oid=2145537 HTTP/1.1" 200 4672
66.249.71.60 - - [03/Jul/2015:03:34:56 +0800] "GET /content/nav/relationSubject.jsp?relationWords=%E6%9D%9C%E9%B5%91%E8%8A%B1%20%E6%9D%9C%E9%B5%91%E8%8A%B1%E7%A7%91%20%E6%A4%8D%E7%89%A9%E7%95%8C%20%E8%B6%8A%E6%A9%98%20%E8%B6%8A%E6%A9%98%E5%B1%AC%20&oid=2145537 HTTP/1.1" 200 4672
66.249.71.127 - - [03/Jul/2015:03:35:00 +0800] "GET /content/nav/relationSubject.jsp?relationWords=%E4%BA%94%E5%B9%B4%E7%A5%AD+%E5%8F%A4%E6%A8%93%E6%9D%91+%E6%AD%B2%E6%99%82%E7%A5%AD%E5%84%80+%E7%A5%AD%E5%84%80+&oid=1778162 HTTP/1.1" 200 4196
66.249.71.64 - - [03/Jul/2015:03:35:10 +0800] "GET /content/repository/resource_content.jsp?oid=1545292 HTTP/1.1" 200 28988
66.249.71.64 - - [03/Jul/2015:03:35:21 +0800] "GET /content/nav/relationSubject.jsp?relationWords=%E5%B9%B3%E5%9C%B0%E5%B1%B1%E8%83%9E+&oid=1548593 HTTP/1.1" 200 3723
66.249.71.64 - - [03/Jul/2015:03:35:33 +0800] "GET /content/repository/resource_content.jsp?oid=1530014 HTTP/1.1" 200 28646
66.249.71.72 - - [03/Jul/2015:03:35:35 +0800] "GET /content/nav/relationSubject.jsp?relationWords=%E5%B9%B3%E5%9C%B0%E5%B1%B1%E8%83%9E%20&oid=1548593 HTTP/1.1" 200 3723
66.249.71.64 - - [03/Jul/2015:03:35:57 +0800] "GET /content/repository/resource_content.jsp?oid=1556681 HTTP/1.1" 200 29333
66.249.71.45 - - [03/Jul/2015:03:36:05 +0800] "GET /content/nav/relationSubject.jsp?relationWords=%E5%98%89%E7%A5%A5+%E6%9B%B2%E9%98%9C+%E8%81%96%E5%BB%9F%E7%95%AB%E8%B1%A1+%E9%9A%A8%E5%AE%B6%E8%8E%8A%E7%95%AB%E8%B1%A1+%E9%A1%8C%E8%A8%98+&oid=1833331 HTTP/1.1" 200 5433
66.249.71.36 - - [03/Jul/2015:03:36:07 +0800] "GET /content/nav/relationSubject.jsp?relationWords=%E5%98%89%E7%A5%A5%20%E6%9B%B2%E9%98%9C%20%E8%81%96%E5%BB%9F%E7%95%AB%E8%B1%A1%20%E9%9A%A8%E5%AE%B6%E8%8E%8A%E7%95%AB%E8%B1%A1%20%E9%A1%8C%E8%A8%98%20&oid=1833331 HTTP/1.1" 200 5433
66.249.71.72 - - [03/Jul/2015:03:36:11 +0800] "GET /content/nav/relationSubject.jsp?relationWords=%E5%85%AC%E9%96%8B%E6%8B%9B%E6%A8%99+%E5%BB%BA%E8%A8%AD%E5%BB%B3+%E9%9B%BB%E8%A7%A3+&oid=1559818 HTTP/1.1" 200 7295
66.249.71.72 - - [03/Jul/2015:03:36:13 +0800] "GET /content/nav/relationSubject.jsp?relationWords=%E5%85%AC%E9%96%8B%E6%8B%9B%E6%A8%99%20%E5%BB%BA%E8%A8%AD%E5%BB%B3%20%E9%9B%BB%E8%A7%A3%20&oid=1559818 HTTP/1.1" 200 7295
66.249.71.14 - - [03/Jul/2015:03:36:44 +0800] "GET /digiarch3/content/subject/resource_content.jsp?oid=16777706&queryType=qs&queryString=%E6%95%B8%E4%BD%8D%E5%85%B8%E8%97%8F%E6%8A%80%E8%A1%93 HTTP/1.1" 200 53926
66.249.71.64 - - [03/Jul/2015:03:37:08 +0800] "GET /content/repository/resource_content.jsp?oid=1105280&queryString=%E5%B1%B1%E8%8C%B6%E8%8A%B1%20%E6%9B%BC%E9%99%80%E7%BE%85%20%E6%9B%BC%E9%99%80%E7%BE%85%E8%8A%B1%20%E8%8C%B6%E8%8A%B1 HTTP/1.1" 200 31279
66.249.71.72 - - [03/Jul/2015:03:37:26 +0800] "GET /content/nav/relationSubject.jsp?relationWords=%E5%8D%97%E6%B9%96%E5%A4%A7%E5%B1%B1+%E6%A4%8D%E7%89%A9%E7%95%8C+%E7%B4%AB%E9%9B%B2%E8%8B%B1+%E7%B4%AB%E9%9B%B2%E8%8B%B1%E5%B1%AC+%E8%A0%B6%E8%B1%86+%E9%9B%99%E5%AD%90%E8%91%89%E6%A4%8D%E7%89%A9+&oid=1462568 HTTP/1.1" 200 4330
66.249.71.64 - - [03/Jul/2015:03:37:31 +0800] "GET /content/repository/resource_content.jsp?oid=1545824 HTTP/1.1" 200 28716
66.249.71.72 - - [03/Jul/2015:03:37:31 +0800] "GET /content/nav/relationSubject.jsp?relationWords=%E5%8D%97%E6%B9%96%E5%A4%A7%E5%B1%B1%20%E6%A4%8D%E7%89%A9%E7%95%8C%20%E7%B4%AB%E9%9B%B2%E8%8B%B1%20%E7%B4%AB%E9%9B%B2%E8%8B%B1%E5%B1%AC%20%E8%A0%B6%E8%B1%86%20%E9%9B%99%E5%AD%90%E8%91%89%E6%A4%8D%E7%89%A9%20&oid=1462568 HTTP/1.1" 200 4330
66.249.71.60 - - [03/Jul/2015:03:37:57 +0800] "GET /content/repository/resource_content.jsp?oid=1116156 HTTP/1.1" 200 29689
66.249.71.64 - - [03/Jul/2015:03:38:00 +0800] "GET /content/nav/relationSubject.jsp?relationWords=%E5%BE%8C%E5%82%99%E8%BB%8D%E4%BA%BA+%E6%95%88%E7%8E%87+%E6%9E%97%E5%9C%92%E9%84%89+%E7%B4%85%E6%AF%9B%E6%B8%AF+&oid=1633544 HTTP/1.1" 200 4124
123.125.71.102 - - [03/Jul/2015:03:38:03 +0800] "GET /nav/relationSubject.jsp?relationWords=%E5%A4%A7%E8%8A%B1%E7%B4%AB%E8%96%87+&oid=16777378 HTTP/1.1" 404 14873
66.249.71.64 - - [03/Jul/2015:03:38:14 +0800] "GET /content/nav/relationSubject.jsp?relationWords=%E5%BE%8C%E5%82%99%E8%BB%8D%E4%BA%BA%20%E6%95%88%E7%8E%87%20%E6%9E%97%E5%9C%92%E9%84%89%20%E7%B4%85%E6%AF%9B%E6%B8%AF%20&oid=1633544 HTTP/1.1" 200 4124
66.249.71.127 - - [03/Jul/2015:03:38:22 +0800] "GET /content/nav/relationSubject.jsp?relationWords=%E5%B7%A1%E6%92%AB+%E7%B3%A7%E5%86%8A+%E8%87%BA%E7%81%A3%E5%BA%9C+%E9%8C%A2%E7%B3%A7+&oid=2551217 HTTP/1.1" 200 5410
66.249.71.119 - - [03/Jul/2015:03:38:24 +0800] "GET /content/nav/relationSubject.jsp?relationWords=%E5%B7%A1%E6%92%AB%20%E7%B3%A7%E5%86%8A%20%E8%87%BA%E7%81%A3%E5%BA%9C%20%E9%8C%A2%E7%B3%A7%20&oid=2551217 HTTP/1.1" 200 5410
66.249.79.248 - - [03/Jul/2015:03:38:38 +0800] "GET /content/repository/resource_content.jsp?oid=2668110&queryType=qs&queryString=%E6%BC%A2%E6%9B%B8 HTTP/1.1" 200 30076
66.249.71.60 - - [03/Jul/2015:03:38:42 +0800] "GET /content/subject/resource_content.jsp?oid=16777686&queryType=qs&queryString=%E8%81%9A%E5%AF%B6%E7%9B%86 HTTP/1.1" 200 31867
66.249.79.119 - - [03/Jul/2015:03:38:49 +0800] "GET /content/nav/relationSubject.jsp?relationWords=%E5%B7%A1%E6%92%AB+%E7%A7%8B%E6%B1%BA+%E7%B5%9E%E7%9B%A3%E5%80%99+&oid=2541926 HTTP/1.1" 200 3169
66.249.71.54 - - [03/Jul/2015:03:38:51 +0800] "GET /content/nav/relationSubject.jsp?relationWords=%E5%B7%A1%E6%92%AB%20%E7%A7%8B%E6%B1%BA%20%E7%B5%9E%E7%9B%A3%E5%80%99%20&oid=2541926 HTTP/1.1" 200 3169
66.249.71.3 - - [03/Jul/2015:03:39:06 +0800] "GET /content/repository/resource_content.jsp?oid=1462419&queryType=qs&queryString=%E9%90%B5%E8%89%B2 HTTP/1.1" 200 31448
66.249.71.72 - - [03/Jul/2015:03:39:07 +0800] "GET /content/nav/relationSubject.jsp?relationWords=%E4%BE%BF%E6%B0%91+%E7%9B%A3%E7%90%86%E6%89%80+%E7%A7%BB%E9%80%81+&oid=1541748 HTTP/1.1" 200 3181
66.249.71.72 - - [03/Jul/2015:03:39:09 +0800] "GET /content/nav/relationSubject.jsp?relationWords=%E5%86%87%E9%AA%A8%E6%B6%88+%E5%BF%8D%E5%86%AC%E7%A7%91+%E6%8E%A5%E9%AA%A8%E6%9C%A8%E5%B1%AC+%E6%A4%8D%E7%89%A9%E7%95%8C+%E8%92%B4%E8%97%8B%E5%B1%AC+&oid=1107958 HTTP/1.1" 200 3381
66.249.71.64 - - [03/Jul/2015:03:39:29 +0800] "GET /content/repository/resource_content.jsp?oid=1563514 HTTP/1.1" 200 28581
5.255.253.139 - - [03/Jul/2015:03:39:31 +0800] "GET /content/subject/resource_content.jsp?oid=16777506&queryType=qc HTTP/1.1" 200 45502
66.249.79.59 - - [03/Jul/2015:03:39:33 +0800] "GET /content/nav/relationSubject.jsp?relationWords=%E5%B1%85%E5%BB%B6%E6%BC%A2%E7%B0%A1+%E6%BC%A2%E7%B0%A1+&oid=283780 HTTP/1.1" 200 3898
66.249.71.60 - - [03/Jul/2015:03:39:33 +0800] "GET /content/nav/relationSubject.jsp?relationWords=%E5%8A%89%E7%9B%9B%E8%B2%A1+%E6%9C%A8%E6%9D%90%E5%BB%A0+%E6%9E%97%E5%8B%99%E5%B1%80+%E7%94%B0%E8%B3%A6+%E8%B3%AA%E8%A9%A2+%E8%BE%B2%E7%89%A7%E5%B1%80+&oid=1548276 HTTP/1.1" 200 4904
66.249.71.3 - - [03/Jul/2015:03:39:35 +0800] "GET /content/nav/relationSubject.jsp?relationWords=%E5%B1%85%E5%BB%B6%E6%BC%A2%E7%B0%A1%20%E6%BC%A2%E7%B0%A1%20&oid=283780 HTTP/1.1" 200 3898
66.249.71.64 - - [03/Jul/2015:03:39:36 +0800] "GET /content/nav/relationSubject.jsp?relationWords=%E5%8A%89%E7%9B%9B%E8%B2%A1%20%E6%9C%A8%E6%9D%90%E5%BB%A0%20%E6%9E%97%E5%8B%99%E5%B1%80%20%E7%94%B0%E8%B3%A6%20%E8%B3%AA%E8%A9%A2%20%E8%BE%B2%E7%89%A7%E5%B1%80%20&oid=1548276 HTTP/1.1" 200 4904
66.249.71.72 - - [03/Jul/2015:03:39:53 +0800] "GET /content/repository/resource_content.jsp?oid=1115814 HTTP/1.1" 200 31431
66.249.71.64 - - [03/Jul/2015:03:39:55 +0800] "GET /content/nav/relationSubject.jsp?relationWords=%E4%BA%BA%E4%BA%8B%E8%99%95+%E5%85%AC%E5%8B%99%E5%93%A1+%E8%91%89%E7%82%B3%E7%85%8C+%E8%99%95%E9%95%B7+%E8%B3%AA%E8%A9%A2+&oid=1569451 HTTP/1.1" 200 4279
66.249.71.64 - - [03/Jul/2015:03:40:01 +0800] "GET /content/nav/relationSubject.jsp?relationWords=%E4%BA%BA%E4%BA%8B%E8%99%95%20%E5%85%AC%E5%8B%99%E5%93%A1%20%E8%91%89%E7%82%B3%E7%85%8C%20%E8%99%95%E9%95%B7%20%E8%B3%AA%E8%A9%A2%20&oid=1569451 HTTP/1.1" 200 4279
220.181.108.90 - - [03/Jul/2015:03:40:03 +0800] "GET /content/subject/resource_content.jsp?oid=16777327&queryType=qc HTTP/1.1" 200 23829
220.181.108.145 - - [03/Jul/2015:03:40:05 +0800] "GET /content/nav/relationSubject.jsp?relationWords=&oid=16777327 HTTP/1.1" 200 1405
66.249.71.72 - - [03/Jul/2015:03:40:16 +0800] "GET /digiarch_en/content/tmp_tec/resource_content.jsp?oid=16777718 HTTP/1.1" 200 25592
66.249.71.119 - - [03/Jul/2015:03:40:36 +0800] "GET /content/nav/relationSubject.jsp?relationWords=%E7%B4%85%E5%B0%BE%E5%86%AC%E4%BB%94+%E9%87%91%E7%B7%9A%E9%AD%9A%E7%A7%91+%E9%BB%83%E5%B8%B6%E9%8C%90%E9%BD%92%E9%AF%9B+&oid=1081595 HTTP/1.1" 200 3609
144.76.63.35 - - [03/Jul/2015:03:40:39 +0800] "GET /content/subject/resource_content.jsp?oid=16777842&queryType=qc HTTP/1.1" 200 36279
144.76.63.35 - - [03/Jul/2015:03:40:44 +0800] "GET /content/subject/resource_content.jsp?oid=16777841&queryType=qc HTTP/1.1" 200 27543
144.76.63.35 - - [03/Jul/2015:03:40:49 +0800] "GET /content/subject/resource_content.jsp?oid=16777839&queryType=qc HTTP/1.1" 200 27197
144.76.63.35 - - [03/Jul/2015:03:40:52 +0800] "GET /content/subject/resource_content.jsp?oid=16777840&queryType=qc HTTP/1.1" 200 40653
144.76.63.35 - - [03/Jul/2015:03:40:55 +0800] "GET /content/subject/resource_content.jsp?oid=16777838&queryType=qc HTTP/1.1" 200 59053
66.249.71.72 - - [03/Jul/2015:03:40:56 +0800] "GET /content/nav/relationSubject.jsp?relationWords=%E5%85%AB%E5%BA%9C+%E8%AD%A6%E5%AF%9F+&oid=1567142 HTTP/1.1" 200 4538
66.249.71.64 - - [03/Jul/2015:03:41:01 +0800] "GET /content/nav/relationSubject.jsp?relationWords=%E8%87%BA%E5%8D%97%E5%B8%82+%E9%84%A7%E6%88%90+&oid=1517480 HTTP/1.1" 200 3436
144.76.63.35 - - [03/Jul/2015:03:41:01 +0800] "GET /content/subject/resource_content.jsp?oid=16777801&queryType=qc HTTP/1.1" 200 43014
66.249.71.127 - - [03/Jul/2015:03:41:02 +0800] "GET /content/nav/relationSubject.jsp?relationWords=%E7%B4%85%E5%B0%BE%E5%86%AC%E4%BB%94%20%E9%87%91%E7%B7%9A%E9%AD%9A%E7%A7%91%20%E9%BB%83%E5%B8%B6%E9%8C%90%E9%BD%92%E9%AF%9B%20&oid=1081595 HTTP/1.1" 200 3609
66.249.71.72 - - [03/Jul/2015:03:41:03 +0800] "GET /content/nav/relationSubject.jsp?relationWords=%E5%85%AB%E5%BA%9C%20%E8%AD%A6%E5%AF%9F%20&oid=1567142 HTTP/1.1" 200 4538
144.76.63.35 - - [03/Jul/2015:03:41:03 +0800] "GET /content/subject/resource_content.jsp?oid=16777749&queryType=qc HTTP/1.1" 200 41252
123.125.71.53 - - [03/Jul/2015:03:41:05 +0800] "GET /content/subject/resource_content.jsp?oid=16777761&queryType=qc HTTP/1.1" 200 32733
144.76.63.35 - - [03/Jul/2015:03:41:07 +0800] "GET /content/subject/resource_content.jsp?oid=16777742&queryType=qc HTTP/1.1" 200 39030
207.46.13.23 - - [03/Jul/2015:03:41:11 +0800] "GET /content/nav/relationSubject.jsp?relationWords=%E6%AA%AC%E6%9E%9C+%E8%8A%92%E6%9E%9C+&oid=16777508 HTTP/1.1" 200 4379
144.76.63.35 - - [03/Jul/2015:03:41:12 +0800] "GET /content/subject/resource_content.jsp?oid=16777741&queryType=qc HTTP/1.1" 200 53542
144.76.63.35 - - [03/Jul/2015:03:41:15 +0800] "GET /content/subject/resource_content.jsp?oid=16777740&queryType=qc HTTP/1.1" 200 41302
144.76.63.35 - - [03/Jul/2015:03:41:18 +0800] "GET /content/subject/resource_content.jsp?oid=16777805&queryType=qc HTTP/1.1" 200 35150
144.76.63.35 - - [03/Jul/2015:03:41:21 +0800] "GET /content/subject/resource_content.jsp?oid=16777736&queryType=qc HTTP/1.1" 200 43170
144.76.63.35 - - [03/Jul/2015:03:41:23 +0800] "GET /content/subject/resource_content.jsp?oid=16777721&queryType=qc HTTP/1.1" 200 36333
144.76.63.35 - - [03/Jul/2015:03:41:27 +0800] "GET /content/subject/resource_content.jsp?oid=16777599&queryType=qc HTTP/1.1" 200 36981
144.76.63.35 - - [03/Jul/2015:03:41:32 +0800] "GET /content/subject/resource_content.jsp?oid=16777448&queryType=qc HTTP/1.1" 200 34504
144.76.63.35 - - [03/Jul/2015:03:41:35 +0800] "GET /content/subject/resource_content.jsp?oid=16777779&queryType=qc HTTP/1.1" 200 37716
144.76.63.35 - - [03/Jul/2015:03:41:39 +0800] "GET /content/subject/resource_content.jsp?oid=16777780&queryType=qc HTTP/1.1" 200 33940
144.76.63.35 - - [03/Jul/2015:03:41:43 +0800] "GET /content/subject/resource_content.jsp?oid=16777764&queryType=qc HTTP/1.1" 200 40784
144.76.63.35 - - [03/Jul/2015:03:41:47 +0800] "GET /content/subject/resource_content.jsp?oid=16777746&queryType=qc HTTP/1.1" 200 39172
144.76.63.35 - - [03/Jul/2015:03:41:50 +0800] "GET /content/subject/resource_content.jsp?oid=16777745&queryType=qc HTTP/1.1" 200 35939
66.249.71.64 - - [03/Jul/2015:03:41:51 +0800] "GET /content/subject/resource_content.jsp?oid=16777491&queryString=%E5%8D%97%E9%84%92%20%E5%8F%A4%E7%B1%8D%20%E5%B8%83%E8%BE%B2%E6%97%8F%20%E6%B2%99%E9%98%BF%E9%AD%AF%E9%98%BF%20%E6%B3%B0%E9%9B%85%E6%97%8F%20%E8%B3%BD%E5%A4%8F%E6%97%8F%20%E9%84%92%E6%97%8F%20%E9%AB%98%E5%B1%B1%E6%97%8F HTTP/1.1" 200 48404
144.76.63.35 - - [03/Jul/2015:03:41:53 +0800] "GET /content/subject/resource_content.jsp?oid=16777837&queryType=qc HTTP/1.1" 200 37542
144.76.63.35 - - [03/Jul/2015:03:41:56 +0800] "GET /content/subject/resource_content.jsp?oid=16777753&queryType=qc HTTP/1.1" 200 36821
66.249.71.64 - - [03/Jul/2015:03:41:58 +0800] "GET /content/nav/relationSubject.jsp?relationWords=%E5%85%AC%E6%B0%91+&oid=1537118 HTTP/1.1" 200 6325
66.249.71.60 - - [03/Jul/2015:03:42:00 +0800] "GET /content/nav/relationSubject.jsp?relationWords=%E5%85%AC%E6%B0%91%20&oid=1537118 HTTP/1.1" 200 6325
144.76.63.35 - - [03/Jul/2015:03:42:00 +0800] "GET /content/subject/resource_content.jsp?oid=16777734&queryType=qc HTTP/1.1" 200 40305
144.76.63.35 - - [03/Jul/2015:03:42:03 +0800] "GET /content/subject/resource_content.jsp?oid=16777731&queryType=qc HTTP/1.1" 200 43396
144.76.63.35 - - [03/Jul/2015:03:42:07 +0800] "GET /content/subject/resource_content.jsp?oid=16777730&queryType=qc HTTP/1.1" 200 46327
144.76.63.35 - - [03/Jul/2015:03:42:10 +0800] "GET /content/subject/resource_content.jsp?oid=16777468&queryType=qc HTTP/1.1" 200 33248
144.76.63.35 - - [03/Jul/2015:03:42:16 +0800] "GET /content/subject/resource_content.jsp?oid=16777469&queryType=qc HTTP/1.1" 200 31177
144.76.63.35 - - [03/Jul/2015:03:42:20 +0800] "GET /content/subject/resource_content.jsp?oid=16777470&queryType=qc HTTP/1.1" 200 29365
144.76.63.35 - - [03/Jul/2015:03:42:23 +0800] "GET /content/subject/resource_content.jsp?oid=16777471&queryType=qc HTTP/1.1" 200 30234
144.76.63.35 - - [03/Jul/2015:03:42:27 +0800] "GET /content/subject/resource_content.jsp?oid=16777463&queryType=qc HTTP/1.1" 200 28402
144.76.63.35 - - [03/Jul/2015:03:42:30 +0800] "GET /content/subject/resource_content.jsp?oid=16777825&queryType=qc HTTP/1.1" 200 41695
144.76.63.35 - - [03/Jul/2015:03:42:33 +0800] "GET /content/subject/resource_content.jsp?oid=16777788&queryType=qc HTTP/1.1" 200 42886
144.76.63.35 - - [03/Jul/2015:03:42:36 +0800] "GET /content/subject/resource_content.jsp?oid=16777615&queryType=qc HTTP/1.1" 200 37934
66.249.71.72 - - [03/Jul/2015:03:42:38 +0800] "GET /content/repository/resource_content.jsp?oid=16285&queryString=%E5%88%BA%E5%B0%BE%E9%AF%9B%E7%A7%91%20%E7%B7%9A%E7%B4%8B%E5%88%BA%E5%B0%BE%E9%AF%9B HTTP/1.1" 200 34961
144.76.63.35 - - [03/Jul/2015:03:42:42 +0800] "GET /content/subject/resource_content.jsp?oid=16777568&queryType=qc HTTP/1.1" 200 34866
144.76.63.35 - - [03/Jul/2015:03:42:46 +0800] "GET /content/subject/resource_content.jsp?oid=16777566&queryType=qc HTTP/1.1" 200 31752
66.249.71.60 - - [03/Jul/2015:03:42:47 +0800] "GET /content/nav/relationSubject.jsp?relationWords=%E6%94%A4%E8%B2%A9+%E6%B0%91%E6%94%BF%E9%A1%9E+%E8%87%BA%E7%81%A3%E7%9C%81+%E8%87%BA%E7%81%A3%E7%9C%81%E6%94%BF%E5%BA%9C+&oid=1536518 HTTP/1.1" 200 4508
66.249.71.60 - - [03/Jul/2015:03:42:49 +0800] "GET /content/nav/relationSubject.jsp?relationWords=%E6%94%A4%E8%B2%A9%20%E6%B0%91%E6%94%BF%E9%A1%9E%20%E8%87%BA%E7%81%A3%E7%9C%81%20%E8%87%BA%E7%81%A3%E7%9C%81%E6%94%BF%E5%BA%9C%20&oid=1536518 HTTP/1.1" 200 4508
144.76.63.35 - - [03/Jul/2015:03:42:49 +0800] "GET /content/subject/resource_content.jsp?oid=16797234&queryType=qc HTTP/1.1" 200 46557
144.76.63.35 - - [03/Jul/2015:03:42:52 +0800] "GET /content/subject/resource_content.jsp?oid=16797240&queryType=qc HTTP/1.1" 200 42460
144.76.63.35 - - [03/Jul/2015:03:42:56 +0800] "GET /content/subject/resource_content.jsp?oid=16797242&queryType=qc HTTP/1.1" 200 46766
144.76.63.35 - - [03/Jul/2015:03:42:59 +0800] "GET /content/subject/resource_content.jsp?oid=16797246&queryType=qc HTTP/1.1" 200 43650
66.249.71.127 - - [03/Jul/2015:03:43:02 +0800] "GET /content/subject/resource_content.jsp?oid=16777420&queryType=qs&queryString=%E8%A8%AD%E8%A8%88%E5%B8%AB HTTP/1.1" 200 30232
144.76.63.35 - - [03/Jul/2015:03:43:03 +0800] "GET /content/subject/resource_content.jsp?oid=16797239&queryType=qc HTTP/1.1" 200 44009
144.76.63.35 - - [03/Jul/2015:03:43:08 +0800] "GET /content/subject/resource_content.jsp?oid=16777451&queryType=qc HTTP/1.1" 200 28473
144.76.63.35 - - [03/Jul/2015:03:43:12 +0800] "GET /content/subject/resource_content.jsp?oid=16777453&queryType=qc HTTP/1.1" 200 28663
66.249.71.64 - - [03/Jul/2015:03:43:16 +0800] "GET /content/nav/relationSubject.jsp?relationWords=%E4%BA%A4%E9%80%9A%E8%99%95+%E4%BE%BF%E6%89%80+%E5%A1%91%E8%86%A0+%E5%B7%A5%E8%B3%87+%E5%BC%8A%E6%A1%88+%E5%BE%90%E5%A0%85+%E6%9D%8E%E6%BA%90%E6%A3%A7+%E6%B3%95%E9%99%A2+%E6%B8%AF%E5%8B%99%E5%B1%80+%E7%8D%8E%E6%87%B2+%E7%BE%8E%E6%8F%B4+%E8%99%95%E9%95%B7+%E8%B3%AA%E8%A9%A2+%E8%B5%B0%E7%A7%81+%E9%90%B5%E8%B7%AF%E5%B1%80+%E9%A6%99%E8%95%89%E6%A3%9A+%E9%AB%98%E9%9B%84%E6%B8%AF%E5%8B%99%E5%B1%80+%E9%BB%83%E8%B1%86+&oid=1607396 HTTP/1.1" 200 5459
66.249.71.64 - - [03/Jul/2015:03:43:17 +0800] "GET /content/nav/relationSubject.jsp?relationWords=%E9%8A%80%E5%85%A9+&oid=2513089 HTTP/1.1" 200 5365
66.249.71.64 - - [03/Jul/2015:03:43:18 +0800] "GET /content/nav/relationSubject.jsp?relationWords=%E4%BA%A4%E9%80%9A%E8%99%95%20%E4%BE%BF%E6%89%80%20%E5%A1%91%E8%86%A0%20%E5%B7%A5%E8%B3%87%20%E5%BC%8A%E6%A1%88%20%E5%BE%90%E5%A0%85%20%E6%9D%8E%E6%BA%90%E6%A3%A7%20%E6%B3%95%E9%99%A2%20%E6%B8%AF%E5%8B%99%E5%B1%80%20%E7%8D%8E%E6%87%B2%20%E7%BE%8E%E6%8F%B4%20%E8%99%95%E9%95%B7%20%E8%B3%AA%E8%A9%A2%20%E8%B5%B0%E7%A7%81%20%E9%90%B5%E8%B7%AF%E5%B1%80%20%E9%A6%99%E8%95%89%E6%A3%9A%20%E9%AB%98%E9%9B%84%E6%B8%AF%E5%8B%99%E5%B1%80%20%E9%BB%83%E8%B1%86%20&oid=1607396 HTTP/1.1" 200 5459
144.76.63.35 - - [03/Jul/2015:03:43:19 +0800] "GET /content/subject/resource_content.jsp?oid=16797297&queryType=qc HTTP/1.1" 200 67887
66.249.71.72 - - [03/Jul/2015:03:43:19 +0800] "GET /content/nav/relationSubject.jsp?relationWords=%E9%8A%80%E5%85%A9%20&oid=2513089 HTTP/1.1" 200 5365
144.76.63.35 - - [03/Jul/2015:03:43:25 +0800] "GET /content/subject/resource_content.jsp?oid=16797290&queryType=qc HTTP/1.1" 200 48346
66.249.71.60 - - [03/Jul/2015:03:43:28 +0800] "GET /content/repository/resource_content.jsp?oid=1457600 HTTP/1.1" 200 30606
144.76.63.35 - - [03/Jul/2015:03:43:30 +0800] "GET /content/subject/resource_content.jsp?oid=16777288&queryType=qc HTTP/1.1" 200 43952
144.76.63.35 - - [03/Jul/2015:03:43:33 +0800] "GET /content/subject/resource_content.jsp?oid=16777286&queryType=qc HTTP/1.1" 200 37583
66.249.71.60 - - [03/Jul/2015:03:43:36 +0800] "GET /content/nav/relationSubject.jsp?relationWords=%E5%85%AC%E8%B7%AF%E5%B1%80+%E8%87%BA%E9%99%BD+&oid=1542806 HTTP/1.1" 200 4582
144.76.63.35 - - [03/Jul/2015:03:43:38 +0800] "GET /content/subject/resource_content.jsp?oid=16777729&queryType=qc HTTP/1.1" 200 51728
66.249.71.60 - - [03/Jul/2015:03:43:38 +0800] "GET /content/nav/relationSubject.jsp?relationWords=%E5%85%AC%E8%B7%AF%E5%B1%80%20%E8%87%BA%E9%99%BD%20&oid=1542806 HTTP/1.1" 200 4582
144.76.63.35 - - [03/Jul/2015:03:43:43 +0800] "GET /content/subject/resource_content.jsp?oid=16777660&queryType=qc HTTP/1.1" 200 70770
144.76.63.35 - - [03/Jul/2015:03:43:48 +0800] "GET /content/subject/resource_content.jsp?oid=16777519&queryType=qc HTTP/1.1" 200 36028
66.249.71.64 - - [03/Jul/2015:03:43:49 +0800] "GET /content/subject/resource_content.jsp?oid=16777333&queryString=%E5%88%BA%E6%A1%90%20%E6%A4%8D%E7%89%A9%E7%95%8C%20%E8%A0%B6%E8%B1%86%20%E9%9B%99%E5%AD%90%E8%91%89%20%E9%9B%99%E5%AD%90%E8%91%89%E6%A4%8D%E7%89%A9 HTTP/1.1" 200 31970
144.76.63.35 - - [03/Jul/2015:03:43:53 +0800] "GET /content/subject/resource_content.jsp?oid=16777508&queryType=qc HTTP/1.1" 200 36292
144.76.63.35 - - [03/Jul/2015:03:43:58 +0800] "GET /content/subject/resource_content.jsp?oid=16777427&queryType=qc HTTP/1.1" 200 33418
144.76.63.35 - - [03/Jul/2015:03:44:03 +0800] "GET /content/subject/resource_content.jsp?oid=16777425&queryType=qc HTTP/1.1" 200 35689
144.76.63.35 - - [03/Jul/2015:03:44:08 +0800] "GET /content/subject/resource_content.jsp?oid=16777435&queryType=qc HTTP/1.1" 200 28744
66.249.71.60 - - [03/Jul/2015:03:44:08 +0800] "GET /content/nav/relationSubject.jsp?relationWords=%E7%B4%B0%E6%96%91+%E8%8A%B1%E9%B0%AD%E8%A3%B8%E8%83%B8%E9%AF%99+%E8%96%AF%E9%B0%BB+%E8%99%8E%E9%B0%BB+%E8%A3%B8%E8%83%B8%E9%B1%94+%E9%8C%A2%E9%B0%BB+&oid=14247 HTTP/1.1" 200 3560
66.249.71.60 - - [03/Jul/2015:03:44:10 +0800] "GET /content/nav/relationSubject.jsp?relationWords=%E7%B4%B0%E6%96%91%20%E8%8A%B1%E9%B0%AD%E8%A3%B8%E8%83%B8%E9%AF%99%20%E8%96%AF%E9%B0%BB%20%E8%99%8E%E9%B0%BB%20%E8%A3%B8%E8%83%B8%E9%B1%94%20%E9%8C%A2%E9%B0%BB%20&oid=14247 HTTP/1.1" 200 3560
144.76.63.35 - - [03/Jul/2015:03:44:11 +0800] "GET /content/subject/resource_content.jsp?oid=16777416&queryType=qc HTTP/1.1" 200 32971
66.249.79.148 - - [03/Jul/2015:03:44:13 +0800] "GET /digiarch3/content/tmp_tec/resource_content.jsp?oid=16777702 HTTP/1.1" 200 25497
144.76.63.35 - - [03/Jul/2015:03:44:15 +0800] "GET /content/subject/resource_content.jsp?oid=16777504&queryType=qc HTTP/1.1" 200 36607
144.76.63.35 - - [03/Jul/2015:03:44:19 +0800] "GET /content/subject/resource_content.jsp?oid=16777502&queryType=qc HTTP/1.1" 200 38730
144.76.63.35 - - [03/Jul/2015:03:44:25 +0800] "GET /content/tmp_exh/resource_content.jsp?oid=16777845&queryType=qc%201889 HTTP/1.1" 200 46643
144.76.63.35 - - [03/Jul/2015:03:44:30 +0800] "GET /content/tmp_exh/resource_content.jsp?oid=16777845&queryType=qc HTTP/1.1" 200 46643
144.76.63.35 - - [03/Jul/2015:03:44:36 +0800] "GET /content/tmp_exh/resource_content.jsp?oid=16777750&queryType=qc HTTP/1.1" 200 32511
66.249.71.60 - - [03/Jul/2015:03:44:37 +0800] "GET /content/repository/resource_content.jsp?oid=1566826 HTTP/1.1" 200 28575
144.76.63.35 - - [03/Jul/2015:03:44:41 +0800] "GET /content/tmp_exh/resource_content.jsp?oid=16777846&queryType=qc HTTP/1.1" 200 44782
144.76.63.35 - - [03/Jul/2015:03:44:53 +0800] "GET /content/tmp_tec/resource_content.jsp?oid=16777837 HTTP/1.1" 200 35572
144.76.63.35 - - [03/Jul/2015:03:44:56 +0800] "GET /content/tmp_tec/resource_content.jsp?oid=16777753 HTTP/1.1" 200 33899
144.76.63.35 - - [03/Jul/2015:03:45:00 +0800] "GET /content/tmp_tec/resource_content.jsp?oid=16777734 HTTP/1.1" 200 36950
144.76.63.35 - - [03/Jul/2015:03:45:03 +0800] "GET /content/tmp_tec/resource_content.jsp?oid=16777731 HTTP/1.1" 200 39230
66.249.71.3 - - [03/Jul/2015:03:45:06 +0800] "GET /content/nav/relationSubject.jsp?relationWords=%E5%BB%BA%E7%AF%89%E5%B8%AB+%E8%B3%AA%E8%A9%A2+%E9%84%AD%E5%A4%A7%E6%B4%BD+&oid=1565279 HTTP/1.1" 200 4391
144.76.63.35 - - [03/Jul/2015:03:45:06 +0800] "GET /content/tmp_tec/resource_content.jsp?oid=16777730 HTTP/1.1" 200 42443
66.249.71.3 - - [03/Jul/2015:03:45:08 +0800] "GET /content/nav/relationSubject.jsp?relationWords=%E5%BB%BA%E7%AF%89%E5%B8%AB%20%E8%B3%AA%E8%A9%A2%20%E9%84%AD%E5%A4%A7%E6%B4%BD%20&oid=1565279 HTTP/1.1" 200 4391
144.76.63.35 - - [03/Jul/2015:03:45:13 +0800] "GET /content/tmp_auth/resource_content.jsp?oid=16777809 HTTP/1.1" 200 37143
144.76.63.35 - - [03/Jul/2015:03:45:16 +0800] "GET /content/tmp_auth/resource_content.jsp?oid=16777810 HTTP/1.1" 200 40595
144.76.63.35 - - [03/Jul/2015:03:45:23 +0800] "GET /content/tmp_auth/resource_content.jsp?oid=16777777 HTTP/1.1" 200 29422
66.249.71.119 - - [03/Jul/2015:03:45:24 +0800] "GET /content/subject/resource_content.jsp?oid=16797258&queryType=qc HTTP/1.1" 200 56110
144.76.63.35 - - [03/Jul/2015:03:45:26 +0800] "GET /content/tmp_auth/resource_content.jsp?oid=16777758 HTTP/1.1" 200 25321
144.76.63.35 - - [03/Jul/2015:03:45:29 +0800] "GET /content/tmp_auth/resource_content.jsp?oid=16777759 HTTP/1.1" 200 25318
66.249.71.60 - - [03/Jul/2015:03:45:48 +0800] "GET /content/repository/resource_content.jsp?oid=2147913&queryString=%E7%BE%85%E6%BC%A2%E6%9D%BE%20%E8%98%AD%E5%B6%BC%E7%BE%85%E6%BC%A2%E6%9D%BE HTTP/1.1" 200 31439
157.55.39.6 - - [03/Jul/2015:03:46:08 +0800] "GET /content/nav/relationSubject.jsp?relationWords=%E8%8C%84%E8%8B%B3+&oid=16777306 HTTP/1.1" 200 4432
66.249.71.72 - - [03/Jul/2015:03:46:11 +0800] "GET /content/repository/resource_content.jsp?oid=1558196 HTTP/1.1" 200 28585
66.249.71.60 - - [03/Jul/2015:03:46:12 +0800] "GET /content/nav/relationSubject.jsp?relationWords=%E5%88%A9%E6%BD%A4+%E5%90%8C%E6%A5%AD%E5%85%AC%E6%9C%83+%E7%A2%BE%E7%B1%B3+%E8%AA%B2%E7%A8%85+%E8%B2%A1%E6%94%BF%E5%BB%B3+%E9%AB%98%E9%9B%84%E5%B8%82+&oid=1557872 HTTP/1.1" 200 4779
66.249.71.64 - - [03/Jul/2015:03:46:14 +0800] "GET /content/nav/relationSubject.jsp?relationWords=%E5%88%A9%E6%BD%A4%20%E5%90%8C%E6%A5%AD%E5%85%AC%E6%9C%83%20%E7%A2%BE%E7%B1%B3%20%E8%AA%B2%E7%A8%85%20%E8%B2%A1%E6%94%BF%E5%BB%B3%20%E9%AB%98%E9%9B%84%E5%B8%82%20&oid=1557872 HTTP/1.1" 200 4779
144.76.63.35 - - [03/Jul/2015:03:46:31 +0800] "GET /content/repository/resource_content.jsp?oid=523561&queryType=qc HTTP/1.1" 200 37696
220.181.108.154 - - [03/Jul/2015:03:46:32 +0800] "GET /content/subject/resource_content.jsp?oid=16777529&queryType=qc HTTP/1.1" 200 27997
66.249.71.72 - - [03/Jul/2015:03:46:35 +0800] "GET /content/repository/resource_content.jsp?oid=1081593&queryString=%E6%A3%98%E9%BE%8D%20%E8%A3%B8%E9%A0%B0%E9%AF%9B%20%E9%BE%8D%E5%8D%A0%20%E9%BE%8D%E5%B0%96 HTTP/1.1" 200 34422
144.76.63.35 - - [03/Jul/2015:03:46:36 +0800] "GET /content/pictures/picture_content.jsp?oid=33554743&queryType=qc HTTP/1.1" 200 27961
144.76.63.35 - - [03/Jul/2015:03:46:43 +0800] "GET /content/pictures/picture_content.jsp?oid=33554733 HTTP/1.1" 200 27964
144.76.63.35 - - [03/Jul/2015:03:46:45 +0800] "GET /content/pictures/picture_content.jsp?oid=33554734 HTTP/1.1" 200 27492
66.249.71.72 - - [03/Jul/2015:03:46:50 +0800] "GET /content/nav/relationSubject.jsp?relationWords=%E5%BB%A3%E6%92%AD+%E6%96%B0%E7%94%9F%E5%A0%B1+%E6%96%B0%E8%81%9E%E8%99%95+%E7%B4%B9%E7%92%B2+%E8%99%95%E9%95%B7+&oid=1549324 HTTP/1.1" 200 8963
144.76.63.35 - - [03/Jul/2015:03:46:50 +0800] "GET /content/pictures/picture_content.jsp?oid=33554735 HTTP/1.1" 200 27901
66.249.71.60 - - [03/Jul/2015:03:46:58 +0800] "GET /content/repository/resource_content.jsp?oid=1542806 HTTP/1.1" 200 28564
66.249.71.64 - - [03/Jul/2015:03:47:03 +0800] "GET /content/nav/relationSubject.jsp?relationWords=%E5%BB%A3%E6%92%AD%20%E6%96%B0%E7%94%9F%E5%A0%B1%20%E6%96%B0%E8%81%9E%E8%99%95%20%E7%B4%B9%E7%92%B2%20%E8%99%95%E9%95%B7%20&oid=1549324 HTTP/1.1" 200 8963
66.249.71.60 - - [03/Jul/2015:03:47:05 +0800] "GET /content/nav/relationSubject.jsp?relationWords=%E6%87%B8%E9%89%A4%E5%AD%90%E5%B1%AC+%E6%A4%8D%E7%89%A9%E7%95%8C+%E7%B4%B0%E8%91%89+%E8%91%89%E6%87%B8%E9%89%A4%E5%AD%90+%E8%96%94%E8%96%87%E7%9B%AE+%E8%96%94%E8%96%87%E7%A7%91+&oid=1109004 HTTP/1.1" 200 3436
66.249.71.72 - - [03/Jul/2015:03:47:07 +0800] "GET /content/nav/relationSubject.jsp?relationWords=%E6%87%B8%E9%89%A4%E5%AD%90%E5%B1%AC%20%E6%A4%8D%E7%89%A9%E7%95%8C%20%E7%B4%B0%E8%91%89%20%E8%91%89%E6%87%B8%E9%89%A4%E5%AD%90%20%E8%96%94%E8%96%87%E7%9B%AE%20%E8%96%94%E8%96%87%E7%A7%91%20&oid=1109004 HTTP/1.1" 200 3436
66.249.71.64 - - [03/Jul/2015:03:47:22 +0800] "GET /content/pictures/picture_content.jsp?oid=33554628&classify=2562 HTTP/1.1" 200 27485
220.181.108.172 - - [03/Jul/2015:03:47:36 +0800] "GET /content/subject/resource_content.jsp?oid=16777481&queryType=qc HTTP/1.1" 200 172263
66.249.71.3 - - [03/Jul/2015:03:47:52 +0800] "GET /content/nav/relationSubject.jsp?relationWords=&oid=2517370 HTTP/1.1" 200 1405
50.153.222.129 - - [03/Jul/2015:03:48:06 +0800] "GET /content/nav/relationSubject.jsp?relationWords=%E7%9B%B8%E6%80%9D%E6%A8%B9+&oid=16777519 HTTP/1.1" 200 3659
157.55.39.209 - - [03/Jul/2015:03:48:12 +0800] "GET /content/repository/resource_content.jsp?oid=1103856&queryString=%E5%8F%B0%E7%81%A3%E9%8C%AB%E6%9D%96%E8%8A%B1%20%E5%96%AE%E8%8A%B1%E9%8C%AB%E6%9D%96%E8%8A%B1%20%E6%9D%9C%E9%B5%91%E8%8A%B1%20%E6%A4%8D%E7%89%A9%E7%95%8C%20%E9%8C%AB%E6%9D%96%E8%8A%B1%E5%B1%AC%20%E9%B9%BF%E8%B9%84%E8%8D%89%E7%A7%91 HTTP/1.1" 200 31806
66.249.79.32 - - [03/Jul/2015:03:48:35 +0800] "GET /content/nav/relationSubject.jsp?relationWords=%E5%9C%8B%E7%95%8C%E5%9C%96+%E5%B0%8F%E6%BA%AB%E6%B2%B3+&oid=183625 HTTP/1.1" 200 3439
66.249.71.72 - - [03/Jul/2015:03:48:37 +0800] "GET /content/nav/relationSubject.jsp?relationWords=%E5%9C%8B%E7%95%8C%E5%9C%96%20%E5%B0%8F%E6%BA%AB%E6%B2%B3%20&oid=183625 HTTP/1.1" 200 3439
66.249.71.60 - - [03/Jul/2015:03:48:57 +0800] "GET /content/repository/resource_content.jsp?oid=1545919 HTTP/1.1" 200 28707
66.249.71.45 - - [03/Jul/2015:03:49:02 +0800] "GET /content/nav/relationSubject.jsp?relationWords=%E6%B5%B7%E8%9B%BE%E9%AD%9A+%E9%A3%9B%E6%B5%B7%E8%9B%BE%E9%AD%9A+&oid=14777 HTTP/1.1" 200 3361
66.249.71.54 - - [03/Jul/2015:03:49:04 +0800] "GET /content/nav/relationSubject.jsp?relationWords=%E6%B5%B7%E8%9B%BE%E9%AD%9A%20%E9%A3%9B%E6%B5%B7%E8%9B%BE%E9%AD%9A%20&oid=14777 HTTP/1.1" 200 3361
66.249.71.36 - - [03/Jul/2015:03:49:20 +0800] "GET /content/repository/resource_content.jsp?oid=4364730&queryString=%E7%94%B7%E7%94%A8%E7%B6%81%E8%A4%B2%20%E7%B6%81%E8%85%BF%20%E7%B6%81%E8%A4%B2 HTTP/1.1" 200 29477
66.249.71.60 - - [03/Jul/2015:03:49:24 +0800] "GET /content/nav/relationSubject.jsp?relationWords=%E6%9D%9C%E9%B5%91%E8%8A%B1+%E6%9D%9C%E9%B5%91%E8%8A%B1%E5%B1%AC+%E6%9D%9C%E9%B5%91%E8%8A%B1%E7%A7%91+%E6%A4%8D%E7%89%A9%E7%95%8C+%E8%A5%BF%E6%96%BD%E8%8A%B1+%E9%9D%92%E7%B4%AB%E6%9C%A8+&oid=2146659 HTTP/1.1" 200 4828
66.249.71.72 - - [03/Jul/2015:03:49:31 +0800] "GET /content/nav/relationSubject.jsp?relationWords=%E6%9D%9C%E9%B5%91%E8%8A%B1%20%E6%9D%9C%E9%B5%91%E8%8A%B1%E5%B1%AC%20%E6%9D%9C%E9%B5%91%E8%8A%B1%E7%A7%91%20%E6%A4%8D%E7%89%A9%E7%95%8C%20%E8%A5%BF%E6%96%BD%E8%8A%B1%20%E9%9D%92%E7%B4%AB%E6%9C%A8%20&oid=2146659 HTTP/1.1" 200 4828
66.249.71.127 - - [03/Jul/2015:03:49:36 +0800] "GET /content/nav/relationSubject.jsp?relationWords=%E6%A4%8D%E7%89%A9%E7%95%8C+%E6%B1%BA%E6%98%8E+%E6%B1%BA%E6%98%8E%E5%B1%AC+%E8%A0%B6%E8%B1%86+%E9%9B%99%E5%AD%90%E8%91%89%E6%A4%8D%E7%89%A9+&oid=1461760 HTTP/1.1" 200 3443
