122.117.90.81 - - [06/Feb/2014:14:12:34 +0800] "GET /content/subject/resource_content.jsp?oid=16777721&queryType=qc HTTP/1.1" 200 35348
122.117.90.81 - - [06/Feb/2014:14:12:35 +0800] "GET /content/nav/relationSubject.jsp?relationWords=%E7%8E%89%E5%B1%B1%E8%96%84%E9%9B%AA%E8%8D%89+&oid=16777721 HTTP/1.1" 200 3694
66.249.77.195 - - [06/Feb/2014:14:12:36 +0800] "GET /digiarch_en/content/nav/relationSubject.jsp?relationWords=%E6%95%B8%E4%BD%8D%E5%85%B8%E8%97%8F%20&oid=16777710 HTTP/1.1" 200 5617
66.249.77.195 - - [06/Feb/2014:14:12:52 +0800] "GET /digiarch_en/content/repository/resource_content.jsp?oid=523252&queryType=qc HTTP/1.1" 200 24466
122.117.90.81 - - [06/Feb/2014:14:12:58 +0800] "GET /content/subject/resource_content.jsp?oid=16777736&queryString= HTTP/1.1" 200 42185
122.117.90.81 - - [06/Feb/2014:14:12:58 +0800] "GET /content/nav/relationSubject.jsp?relationWords=%E5%8D%97%E6%B9%96%E5%A4%A7%E5%B1%B1+%E6%9D%9C%E9%B5%91+%E7%8E%89%E5%B1%B1%E6%9D%9C%E9%B5%91+%E7%B4%B0%E8%91%89%E6%9D%9C%E9%B5%91+%E8%A5%BF%E6%96%BD%E8%8A%B1+&oid=16777736 HTTP/1.1" 200 5060
66.249.77.195 - - [06/Feb/2014:14:13:31 +0800] "GET /content/nav/relationSubject.jsp?relationWords=%E4%BE%8D%E8%AE%80+%E5%93%A1%E5%A4%96%E9%83%8E+%E7%A5%A8%E7%B0%BD+%E7%B7%9E%E7%96%8B%E5%BA%AB+&oid=2671093 HTTP/1.1" 200 3236
66.249.77.195 - - [06/Feb/2014:14:13:49 +0800] "GET /content/repository/resource_content.jsp?oid=2671102&queryString=%E7%9B%88%E9%A4%98%20%E7%A8%85%E9%8A%80 HTTP/1.1" 200 29211
122.117.90.81 - - [06/Feb/2014:14:13:55 +0800] "GET /content/subject/resource_content.jsp?oid=16777257&queryString= HTTP/1.1" 200 30219
122.117.90.81 - - [06/Feb/2014:14:13:56 +0800] "GET /content/nav/relationSubject.jsp?relationWords=%E7%B4%AB%E9%88%B4%E8%97%A4+%E8%92%9C%E9%A6%99%E8%97%A4+&oid=16777257 HTTP/1.1" 200 1899
122.117.90.81 - - [06/Feb/2014:14:14:17 +0800] "GET /content/subject/resource_content.jsp?oid=16777260&queryString= HTTP/1.1" 200 37848
122.117.90.81 - - [06/Feb/2014:14:14:18 +0800] "GET /content/nav/relationSubject.jsp?relationWords=%E5%B1%B1%E8%8A%99%E8%93%89+%E6%9C%A8%E8%8A%99%E8%93%89+%E8%96%9B%E6%BF%A4+%E9%86%89%E8%8A%99%E8%93%89+&oid=16777260 HTTP/1.1" 200 4603
66.249.77.195 - - [06/Feb/2014:14:14:28 +0800] "GET /content/repository/resource_content.jsp?oid=1778297 HTTP/1.1" 200 29316
66.249.77.195 - - [06/Feb/2014:14:14:52 +0800] "GET /content/repository/resource_content.jsp?oid=1581820 HTTP/1.1" 200 27958
220.181.108.169 - - [06/Feb/2014:14:15:00 +0800] "GET /content/repository/resource_content.jsp?oid=2676972 HTTP/1.1" 200 28719
66.249.74.221 - - [06/Feb/2014:14:15:17 +0800] "GET /content/repository/resource_content.jsp?oid=1591805 HTTP/1.1" 200 27616
60.251.51.63 - - [06/Feb/2014:14:16:37 +0800] "GET /content/nav/relationSubject.jsp?relationWords=%E6%B0%B4%E9%BB%83%E7%9A%AE+&oid=16777535 HTTP/1.1" 200 3638
66.249.77.195 - - [06/Feb/2014:14:16:47 +0800] "GET /content/repository/resource_content.jsp?oid=1580631 HTTP/1.1" 200 27565
66.249.77.195 - - [06/Feb/2014:14:16:48 +0800] "GET /content/repository/resource_content.jsp?oid=2148008 HTTP/1.1" 200 29825
66.249.77.195 - - [06/Feb/2014:14:16:59 +0800] "GET /digiarch_en/content/tmp_auth/resource_content.jsp?oid=16777366 HTTP/1.1" 200 29163
157.55.32.105 - - [06/Feb/2014:14:18:17 +0800] "GET /content/subject/resource_content.jsp?oid=16777349 HTTP/1.1" 200 35489
66.249.77.195 - - [06/Feb/2014:14:19:40 +0800] "GET /content/repository/resource_content.jsp?oid=2671225&queryString=%E5%B7%A1%E6%BC%95%20%E5%BE%A1%E5%8F%B2%20%E6%AC%BD%E6%B4%BE HTTP/1.1" 200 29110
66.249.77.172 - - [06/Feb/2014:14:20:47 +0800] "GET /content/repository/resource_content.jsp?oid=1520064&queryString=%E6%9E%97%E7%8D%BB%E5%A0%82%20%E7%81%8C%E5%9C%92%20%E7%81%8C%E5%9C%92%E5%85%88%E7%94%9F%20%E9%9C%A7%E5%B3%B0 HTTP/1.1" 200 28683
1.162.192.157 - - [06/Feb/2014:14:22:22 +0800] "GET /content/nav/relationSubject.jsp?relationWords=%E5%8D%83%E5%B9%B4%E6%A1%90+%E6%A1%90%E8%8A%B1+%E6%B2%B9%E6%A1%90+&oid=16777599 HTTP/1.1" 200 3746
140.109.145.195 - - [06/Feb/2014:14:22:58 +0800] "GET /content/exhibit/exhibit.jsp?oid=16777768 HTTP/1.1" 200 24870
140.109.145.195 - - [06/Feb/2014:14:22:59 +0800] "GET /content/exhibit/exhibit_content.jsp?oid=16777768 HTTP/1.1" 200 18872
66.249.77.195 - - [06/Feb/2014:14:24:32 +0800] "GET /content/nav/relationSubject.jsp?relationWords=%E6%AC%BD%E6%B4%BE+%E7%8E%8B%E5%A4%A7%E8%87%A3+&oid=2671225 HTTP/1.1" 200 3169
66.249.74.221 - - [06/Feb/2014:14:24:34 +0800] "GET /content/nav/relationSubject.jsp?relationWords=%E7%9B%88%E9%A4%98+%E9%8A%80%E5%85%A9+&oid=2671102 HTTP/1.1" 200 5408
66.249.77.195 - - [06/Feb/2014:14:24:57 +0800] "GET /content/nav/relationSubject.jsp?relationWords=%E5%85%B1%E5%8C%AA+%E5%A4%9C%E9%96%93%E9%83%A8+%E5%AD%B8%E5%88%B6+%E6%96%B0%E8%81%9E%E8%99%95+%E6%9A%B4%E6%94%BF+&oid=1568190 HTTP/1.1" 200 4208
66.249.77.195 - - [06/Feb/2014:14:24:58 +0800] "GET /content/nav/relationSubject.jsp?relationWords=%E6%9D%9C%E9%B5%91%E8%8A%B1+%E6%9D%9C%E9%B5%91%E8%8A%B1%E7%A7%91+%E6%A4%8D%E7%89%A9%E7%95%8C+%E7%99%BD%E7%8F%A0%E6%A8%B9%E5%B1%AC+%E9%AB%98%E5%B1%B1%E7%99%BD%E7%8F%A0%E6%A8%B9+&oid=1459622 HTTP/1.1" 200 4771
66.249.77.195 - - [06/Feb/2014:14:24:59 +0800] "GET /content/nav/relationSubject.jsp?relationWords=%E5%BC%B5%E6%BA%90+%E8%87%A8%E6%99%82%E7%9C%81%E8%AD%B0%E6%9C%83+%E8%87%BA%E7%81%A3%E7%9C%81+&oid=1521022 HTTP/1.1" 200 4466
66.249.77.195 - - [06/Feb/2014:14:25:00 +0800] "GET /content/nav/relationSubject.jsp?relationWords=%E5%85%AC%E5%82%B5+%E6%86%B2%E6%B3%95+%E8%B2%A1%E6%94%BF%E9%83%A8+%E8%B2%A1%E6%94%BF%E9%A1%9E+%E8%B2%A1%E7%94%A2%E6%AC%8A+&oid=1578754 HTTP/1.1" 200 4577
66.249.74.221 - - [06/Feb/2014:14:25:01 +0800] "GET /content/nav/relationSubject.jsp?relationWords=&oid=830184 HTTP/1.1" 200 1413
66.249.77.195 - - [06/Feb/2014:14:25:02 +0800] "GET /content/nav/relationSubject.jsp?relationWords=%E5%9C%8B%E9%9A%9B%E8%B2%BF%E6%98%93+%E5%B1%95%E8%A6%BD%E6%9C%83+%E8%B3%AA%E8%A9%A2+%E9%83%AD%E5%9C%8B%E5%9F%BA+&oid=1560813 HTTP/1.1" 200 3361
66.249.77.195 - - [06/Feb/2014:14:25:03 +0800] "GET /content/nav/relationSubject.jsp?relationWords=&oid=1173429 HTTP/1.1" 200 1413
66.249.77.195 - - [06/Feb/2014:14:25:04 +0800] "GET /content/nav/relationSubject.jsp?relationWords=%E5%A2%9E%E7%94%A2%E6%A1%88+%E5%AF%8C%E7%BE%8E+%E6%B0%B4%E9%8A%80%E5%8A%91+%E7%A8%BB%E8%B0%B7+%E7%BE%8E%E6%BF%83+%E8%BE%B2%E8%97%A5+&oid=1560017 HTTP/1.1" 200 3807
66.249.77.195 - - [06/Feb/2014:14:25:04 +0800] "GET /content/nav/relationSubject.jsp?relationWords=%E6%A4%8D%E7%89%A9%E7%95%8C+%E6%BF%B1%E8%97%9C%E5%B1%AC+%E7%9F%B3%E7%AB%B9+%E8%97%9C%E7%A7%91+%E9%A6%AC%E6%B0%8F%E6%BF%B1%E8%97%9C+&oid=1103987 HTTP/1.1" 200 3351
66.249.77.195 - - [06/Feb/2014:14:25:05 +0800] "GET /content/nav/relationSubject.jsp?relationWords=%E6%97%8B%E8%8A%B1%E7%A7%91+%E6%A4%8D%E7%89%A9%E7%95%8C+&oid=1104259 HTTP/1.1" 200 1433
66.249.77.195 - - [06/Feb/2014:14:25:06 +0800] "GET /content/nav/relationSubject.jsp?relationWords=%E5%B8%83%E8%BE%B2%E6%97%8F+%E6%9D%B1%E5%9F%94%E7%A4%BE+&oid=1775488 HTTP/1.1" 200 3386
66.249.77.195 - - [06/Feb/2014:14:25:07 +0800] "GET /content/nav/relationSubject.jsp?relationWords=%E6%B1%9F%E7%BA%98%E7%A6%B9+%E8%87%A8%E6%99%82%E7%9C%81%E8%AD%B0%E6%9C%83+%E8%87%BA%E7%81%A3%E7%9C%81+&oid=1523899 HTTP/1.1" 200 4481
66.249.77.195 - - [06/Feb/2014:14:25:08 +0800] "GET /content/nav/relationSubject.jsp?relationWords=%E6%AF%9B%E6%9F%B1%E8%90%AC%E6%A1%83%E8%8A%B1+%E8%8C%84%E5%B1%AC+&oid=1095187 HTTP/1.1" 200 3120
66.249.77.195 - - [06/Feb/2014:14:25:09 +0800] "GET /content/nav/relationSubject.jsp?relationWords=%E6%93%BA%E5%A4%B7+%E8%80%BF%E9%A6%AC+&oid=1172808 HTTP/1.1" 200 3018
66.249.74.221 - - [06/Feb/2014:14:25:10 +0800] "GET /content/nav/relationSubject.jsp?relationWords=%E6%A4%8D%E7%89%A9%E7%95%8C+%E8%8A%B8%E9%A6%99+%E8%8A%B8%E9%A6%99%E7%A7%91+%E8%8C%B5%E8%8A%8B%E5%B1%AC+%E9%A1%AF%E8%84%88%E8%8C%B5%E8%8A%8B+&oid=1457746 HTTP/1.1" 200 3551
66.249.77.195 - - [06/Feb/2014:14:25:11 +0800] "GET /content/nav/relationSubject.jsp?relationWords=%E5%90%8C%E6%A5%AD%E5%85%AC%E6%9C%83+%E8%87%BA%E5%8D%97%E7%B8%A3+%E8%B2%A1%E6%94%BF%E9%A1%9E+%E9%A2%A8%E7%81%BD+&oid=1574265 HTTP/1.1" 200 4886
66.249.77.195 - - [06/Feb/2014:14:25:12 +0800] "GET /content/nav/relationSubject.jsp?relationWords=%E6%96%91%E9%B3%A9%E8%8F%8A%E5%B1%AC+%E6%A4%8D%E7%89%A9%E7%95%8C+%E8%8F%8A%E7%A7%91+%E9%9B%99%E5%AD%90%E8%91%89%E6%A4%8D%E7%89%A9+&oid=1104230 HTTP/1.1" 200 3154
66.249.77.195 - - [06/Feb/2014:14:25:12 +0800] "GET /content/nav/relationSubject.jsp?relationWords=%E5%8F%B8%E4%BB%A4%E9%83%A8+%E5%B9%B9%E9%83%A8+%E8%A3%9D%E7%94%B2%E5%85%B5+%E8%BB%8D%E8%A3%9D+&oid=1520162 HTTP/1.1" 200 3242
66.249.77.195 - - [06/Feb/2014:14:25:13 +0800] "GET /content/nav/relationSubject.jsp?relationWords=%E5%93%B2%E5%AD%B8+%E5%BF%83%E7%90%86%E5%AD%B8+%E6%94%AF%E9%82%A3%E4%BA%BA+%E8%87%BA%E7%81%A3%E7%B8%BD%E7%9D%A3%E5%BA%9C+&oid=1303789 HTTP/1.1" 200 3536
66.249.77.195 - - [06/Feb/2014:14:25:14 +0800] "GET /content/nav/relationSubject.jsp?relationWords=%E4%BA%A4%E9%80%9A%E8%99%95+%E6%9D%B1%E5%B1%8F+%E6%9D%B1%E6%A9%AB+%E6%A9%AB%E8%B2%AB%E5%85%AC%E8%B7%AF+&oid=1535288 HTTP/1.1" 200 6109
66.249.77.195 - - [06/Feb/2014:14:25:15 +0800] "GET /content/nav/relationSubject.jsp?relationWords=%E6%9E%97%E7%8E%8B%E5%B0%91%E8%8F%AF+%E7%9C%81%E6%94%BF%E5%BA%9C+%E8%87%A8%E6%99%82%E7%9C%81%E8%AD%B0%E6%9C%83+%E8%87%BA%E7%81%A3%E7%9C%81+%E8%BA%AB%E5%BF%83+&oid=1528582 HTTP/1.1" 200 4695
66.249.77.195 - - [06/Feb/2014:14:25:16 +0800] "GET /content/nav/relationSubject.jsp?relationWords=%E5%8F%B8%E6%B3%95%E9%99%A2+%E8%87%BA%E7%81%A3%E7%9C%81%E5%8F%83%E8%AD%B0%E6%9C%83+&oid=1516037 HTTP/1.1" 200 3834
66.249.74.221 - - [06/Feb/2014:14:25:17 +0800] "GET /digiarch_en/content/nav/relationSubject.jsp?relationWords=%E6%95%B8%E4%BD%8D%E5%85%B8%E8%97%8F+&oid=16777726 HTTP/1.1" 200 5617
66.249.77.195 - - [06/Feb/2014:14:25:18 +0800] "GET /content/nav/relationSubject.jsp?relationWords=&oid=1781545 HTTP/1.1" 200 1413
66.249.77.195 - - [06/Feb/2014:14:25:19 +0800] "GET /content/nav/relationSubject.jsp?relationWords=%E5%B8%82%E5%BA%9C+%E6%8B%86%E9%81%B7%E8%A3%9C%E5%84%9F+&oid=1610778 HTTP/1.1" 200 5199
66.249.77.195 - - [06/Feb/2014:14:25:21 +0800] "GET /content/nav/relationSubject.jsp?relationWords=&oid=4443785 HTTP/1.1" 200 1413
66.249.77.195 - - [06/Feb/2014:14:25:22 +0800] "GET /content/nav/relationSubject.jsp?relationWords=%E4%B8%AD%E8%88%88%E6%96%B0%E6%9D%91+%E8%87%AA%E4%BE%86%E6%B0%B4%E5%BB%A0+%E9%99%B3%E6%95%8F%E5%8D%BF+%E9%A0%90%E7%AE%97+&oid=1549314 HTTP/1.1" 200 5380
66.249.74.221 - - [06/Feb/2014:14:25:24 +0800] "GET /content/nav/relationSubject.jsp?relationWords=%E4%BA%A4%E9%80%9A%E9%83%A8+%E5%8C%97%E6%8A%95%E9%9B%BB%E4%BF%A1%E5%B1%80+%E9%9B%BB%E8%A9%B1+&oid=1530238 HTTP/1.1" 200 4835
66.249.77.195 - - [06/Feb/2014:14:25:25 +0800] "GET /content/nav/relationSubject.jsp?relationWords=%E4%BA%94%E5%B0%88+%E6%96%87%E5%8C%96%E5%BE%A9%E8%88%88+&oid=1569907 HTTP/1.1" 200 4398
66.249.77.195 - - [06/Feb/2014:14:25:26 +0800] "GET /content/nav/relationSubject.jsp?relationWords=%E9%BB%91%E9%BA%A5%E8%9E%BA%20&oid=33554923 HTTP/1.1" 200 2844
66.249.74.221 - - [06/Feb/2014:14:25:26 +0800] "GET /digiarch_en/content/nav/relationSubject.jsp?relationWords=%E6%95%B8%E4%BD%8D%E5%85%B8%E8%97%8F%20&oid=16777726 HTTP/1.1" 200 5617
66.249.77.195 - - [06/Feb/2014:14:25:31 +0800] "GET /content/repository/resource_content.jsp?oid=2671317&queryString=%E5%89%9D%E8%88%B9 HTTP/1.1" 200 29448
1.161.97.159 - - [06/Feb/2014:14:25:43 +0800] "GET /content/nav/relationSubject.jsp?relationWords=%E8%8A%B1%E8%94%93+%E8%94%93%E6%BE%A4%E8%98%AD+&oid=16777266 HTTP/1.1" 200 4233
118.163.45.228 - - [06/Feb/2014:14:27:34 +0800] "GET /content/nav/relationSubject.jsp?relationWords=%E8%8B%A6%E8%8B%93+&oid=16777317 HTTP/1.1" 200 3191
118.163.45.228 - - [06/Feb/2014:14:27:37 +0800] "GET /content/nav/relationSubject.jsp?relationWords=%E8%8B%A6%E8%8B%93+&oid=16777317 HTTP/1.1" 200 3191
66.249.74.221 - - [06/Feb/2014:14:28:16 +0800] "GET /content/repository/resource_content.jsp?oid=1775416 HTTP/1.1" 200 28363
66.249.77.8 - - [06/Feb/2014:14:28:33 +0800] "GET /content/subject/resource_content.jsp?oid=16777722&queryType=qc HTTP/1.1" 200 27627
66.249.77.195 - - [06/Feb/2014:14:29:21 +0800] "GET /content/subject/resource_content.jsp?oid=16777442&queryString=%E7%A7%91%E6%8A%80 HTTP/1.1" 200 27127
123.125.71.29 - - [06/Feb/2014:14:29:37 +0800] "GET /content/subject/resource_content.jsp?oid=16777348&queryType=qc HTTP/1.1" 200 46969
123.125.71.95 - - [06/Feb/2014:14:30:14 +0800] "GET /content/repository/resource_content.jsp?oid=2668692 HTTP/1.1" 200 28966
66.249.77.195 - - [06/Feb/2014:14:31:21 +0800] "GET /content/repository/resource_content.jsp?oid=2671404&queryString=%E4%BA%8C%E5%BA%9C%E7%A4%BE%20%E5%AF%9F%E5%A0%B1 HTTP/1.1" 200 28556
66.249.77.172 - - [06/Feb/2014:14:31:32 +0800] "GET /content/nav/relationSubject.jsp?relationWords=%E6%A8%B9%E8%8B%97+%E8%87%A8%E6%99%82%E7%9C%81%E8%AD%B0%E6%9C%83+%E8%87%BA%E7%81%A3%E7%9C%81+%E8%87%BA%E7%81%A3%E7%B3%96%E6%A5%AD%E5%85%AC%E5%8F%B8+%E9%9C%A7%E5%B3%B0+&oid=1520064 HTTP/1.1" 200 5419
66.249.77.172 - - [06/Feb/2014:14:31:36 +0800] "GET /content/nav/relationSubject.jsp?relationWords=%E6%A8%B9%E8%8B%97%20%E8%87%A8%E6%99%82%E7%9C%81%E8%AD%B0%E6%9C%83%20%E8%87%BA%E7%81%A3%E7%9C%81%20%E8%87%BA%E7%81%A3%E7%B3%96%E6%A5%AD%E5%85%AC%E5%8F%B8%20%E9%9C%A7%E5%B3%B0%20&oid=1520064 HTTP/1.1" 200 5419
42.67.222.241 - - [06/Feb/2014:14:32:18 +0800] "GET /content/nav/relationSubject.jsp?relationWords=%E6%9C%A8%E7%8A%80+%E6%A1%82%E8%8A%B1+&oid=16777255 HTTP/1.1" 200 4037
123.125.71.17 - - [06/Feb/2014:14:33:28 +0800] "GET /content/repository/resource_content.jsp?oid=2666118 HTTP/1.1" 200 28922
66.249.77.195 - - [06/Feb/2014:14:35:30 +0800] "GET /content/nav/relationSubject.jsp?relationWords=%E6%AD%B2%E6%99%82%E7%A5%AD%E5%84%80+%E7%A5%AD%E5%84%80+%E8%B1%90%E5%B9%B4%E7%A5%AD+%E9%98%BF%E7%BE%8E%E6%97%8F%E8%B1%90%E5%B9%B4%E7%A5%AD+&oid=1775416 HTTP/1.1" 200 4240
66.249.77.195 - - [06/Feb/2014:14:35:31 +0800] "GET /content/nav/relationSubject.jsp?relationWords=%E5%89%9D%E8%88%B9+%E5%BE%A1%E5%8F%B2+%E6%BC%95%E9%81%8B+&oid=2671317 HTTP/1.1" 200 4502
66.249.77.195 - - [06/Feb/2014:14:36:53 +0800] "GET /content/repository/resource_content.jsp?oid=1110772 HTTP/1.1" 200 30160
122.117.90.81 - - [06/Feb/2014:14:37:07 +0800] "GET /content/subject/resource_content.jsp?oid=16777254&queryString= HTTP/1.1" 200 33634
122.117.90.81 - - [06/Feb/2014:14:37:07 +0800] "GET /content/nav/relationSubject.jsp?relationWords=%E5%8F%B0%E7%81%A3%E6%AC%92%E6%A8%B9+%E8%8B%A6%E8%8B%93%E8%88%85+&oid=16777254 HTTP/1.1" 200 4293
66.249.77.195 - - [06/Feb/2014:14:37:12 +0800] "GET /content/repository/resource_content.jsp?oid=2671811&queryString=%E5%A4%A9%E7%89%9B%20%E7%89%9B%E5%BA%84%20%E9%BB%91%E8%B1%86 HTTP/1.1" 200 29290
66.249.77.8 - - [06/Feb/2014:14:37:54 +0800] "GET /content/nav/relationSubject.jsp?relationWords=%E5%BB%BA%E5%9C%8B%E7%99%BE%E5%B9%B4+%E8%AD%9A%E5%BB%B6%E9%97%93+%E8%BE%9B%E4%BA%A5%E9%9D%A9%E5%91%BD+&oid=16777722 HTTP/1.1" 200 4693
140.109.143.13 - - [06/Feb/2014:14:39:31 +0800] "GET /content/tmp_exh/resource_content.jsp?oid=16777789&queryType=qc HTTP/1.1" 200 40771
140.109.143.13 - - [06/Feb/2014:14:39:31 +0800] "GET /content/nav/relationSubject.jsp?relationWords=%E5%9C%8B%E9%9A%9B%E6%9B%B8%E5%B1%95+%E6%80%9D%E6%83%B3+%E6%96%87%E6%98%9F+%E7%9A%87%E8%BC%BF+%E9%87%8D%E6%85%B6%E5%8D%97%E8%B7%AF+&oid=16777789 HTTP/1.1" 200 5051
173.252.112.116 - - [06/Feb/2014:14:40:14 +0800] "GET /content/tmp_exh/resource_content.jsp?oid=16777789&queryType=qc HTTP/1.1" 200 40771
180.76.5.18 - - [06/Feb/2014:14:40:44 +0800] "GET /content/subject/resource_content.jsp?oid=16777679&queryType=qc%3E HTTP/1.1" 200 31804
66.249.74.221 - - [06/Feb/2014:14:41:14 +0800] "GET /content/repository/resource_content.jsp?oid=1459312 HTTP/1.1" 200 29958
66.249.74.221 - - [06/Feb/2014:14:43:03 +0800] "GET /content/repository/resource_content.jsp?oid=2671841&queryString=%E6%AD%A6%E8%8B%B1%E6%AE%BF HTTP/1.1" 200 29295
157.55.33.114 - - [06/Feb/2014:14:43:55 +0800] "GET /content/subject/resource_content.jsp?oid=16777459 HTTP/1.1" 200 39406
122.117.90.81 - - [06/Feb/2014:14:45:27 +0800] "GET /content/subject/resource_content.jsp?oid=16777443&queryString= HTTP/1.1" 200 39066
122.117.90.81 - - [06/Feb/2014:14:45:27 +0800] "GET /content/nav/relationSubject.jsp?relationWords=%E8%98%AD%E5%B6%BC%E7%BE%85%E6%BC%A2%E6%9D%BE+%E9%81%94%E6%82%9F%E6%97%8F+%E9%9B%85%E7%BE%8E%E6%97%8F+&oid=16777443 HTTP/1.1" 200 3990
66.249.77.195 - - [06/Feb/2014:14:45:30 +0800] "GET /content/repository/resource_content.jsp?oid=822443 HTTP/1.1" 200 27146
66.249.77.195 - - [06/Feb/2014:14:46:50 +0800] "GET /content/nav/relationSubject.jsp?relationWords=%E6%AD%A6%E8%8B%B1%E6%AE%BF+%E7%A7%BB%E9%80%81+&oid=2671841 HTTP/1.1" 200 3154
66.249.77.195 - - [06/Feb/2014:14:46:50 +0800] "GET /content/nav/relationSubject.jsp?relationWords=%E9%BB%91%E8%B1%86+&oid=2671811 HTTP/1.1" 200 3095
66.249.74.221 - - [06/Feb/2014:14:48:05 +0800] "GET /content/nav/relationSubject.jsp?relationWords=%E6%96%B0%E8%80%B3%E8%8D%89%E5%B1%AC+%E6%A4%8D%E7%89%A9%E7%95%8C+%E6%B6%BC%E5%96%89%E8%8C%B6+%E8%8C%9C%E8%8D%89+%E8%8C%9C%E8%8D%89%E7%A7%91+&oid=1459312 HTTP/1.1" 200 3447
66.249.77.195 - - [06/Feb/2014:14:48:07 +0800] "GET /content/nav/relationSubject.jsp?relationWords=%E7%A7%BB%E4%BA%A4+&oid=822443 HTTP/1.1" 200 3101
66.249.77.195 - - [06/Feb/2014:14:48:07 +0800] "GET /content/nav/relationSubject.jsp?relationWords=%E6%A4%8D%E7%89%A9%E7%95%8C+%E8%8F%AB%E8%8F%9C+%E8%91%AB%E8%98%86%E7%A7%91+%E9%9D%92%E7%89%9B%E8%86%BD+%E9%9D%92%E7%89%9B%E8%86%BD%E5%B1%AC+&oid=1110772 HTTP/1.1" 200 3406
36.231.186.57 - - [06/Feb/2014:14:48:47 +0800] "GET /content/nav/relationSubject.jsp?relationWords=%E5%89%AA%E7%B4%99+%E6%95%B8%E4%BD%8D%E5%85%B8%E8%97%8F+&oid=16777420 HTTP/1.1" 200 6703
66.249.77.195 - - [06/Feb/2014:14:48:54 +0800] "GET /content/repository/resource_content.jsp?oid=2672213&queryString=%E4%B8%AD%E5%B0%8F%E4%BC%81%E6%A5%AD%20%E5%9C%B0%E5%83%B9%20%E5%B7%A5%E6%A5%AD%E7%94%A8%E5%9C%B0 HTTP/1.1" 200 29140
66.249.77.195 - - [06/Feb/2014:14:49:51 +0800] "GET /content/repository/resource_content.jsp?oid=822480 HTTP/1.1" 200 27071
66.249.77.195 - - [06/Feb/2014:14:50:02 +0800] "GET /content/nav/relationSubject.jsp?relationWords=%E8%BE%9B%E5%A4%B7+&oid=16777479 HTTP/1.1" 200 1420
123.192.103.230 - - [06/Feb/2014:14:50:02 +0800] "GET /content/nav/relationSubject.jsp?relationWords=%E9%89%A4%E9%B1%97%E9%AD%A8+&oid=33554731 HTTP/1.1" 200 3163
220.142.161.83 - - [06/Feb/2014:14:50:04 +0800] "GET /content/repository/resource_content.jsp?oid=1105130 HTTP/1.1" 200 29625
66.249.77.195 - - [06/Feb/2014:14:50:04 +0800] "GET /digiarch_en/content/nav/relationSubject.jsp?relationWords=%E5%B0%96%E5%90%BB%E5%96%AE%E6%A3%98%E9%AD%A8%20&oid=33554813 HTTP/1.1" 200 2948
220.142.161.83 - - [06/Feb/2014:14:50:07 +0800] "GET /content/nav/relationSubject.jsp?relationWords=%E6%97%8B%E8%8A%B1%E7%A7%91+%E6%A4%8D%E7%89%A9%E7%95%8C+%E6%B5%B7%E7%89%BD%E7%89%9B+%E7%89%BD%E7%89%9B%E5%B1%AC+&oid=1105130 HTTP/1.1" 200 3158
66.249.77.195 - - [06/Feb/2014:14:51:23 +0800] "GET /content/tmp_exh/resource_content.jsp?oid=16777789 HTTP/1.1" 200 40771
66.249.77.172 - - [06/Feb/2014:14:51:28 +0800] "GET /content/subject/resource_content.jsp?oid=16777345&queryString=%E5%8D%97%E6%B9%96%E5%A4%A7%E5%B1%B1%20%E5%8D%97%E6%B9%96%E6%9D%9C%E9%B5%91%20%E6%9D%9C%E9%B5%91%20%E7%8E%89%E5%B1%B1%E6%9D%9C%E9%B5%91%20%E7%B4%B0%E8%91%89%20%E7%B4%B0%E8%91%89%E6%9D%9C%E9%B5%91%20%E8%A5%BF%E6%96%BD%20%E8%A5%BF%E6%96%BD%E8%8A%B1 HTTP/1.1" 200 34142
122.117.90.81 - - [06/Feb/2014:14:52:28 +0800] "GET /content/subject/resource_content.jsp?oid=16777255&queryString= HTTP/1.1" 200 30681
122.117.90.81 - - [06/Feb/2014:14:52:28 +0800] "GET /content/nav/relationSubject.jsp?relationWords=%E6%9C%A8%E7%8A%80+%E6%A1%82%E8%8A%B1+&oid=16777255 HTTP/1.1" 200 4037
220.181.108.160 - - [06/Feb/2014:14:53:34 +0800] "GET /content/repository/resource_content.jsp?oid=1847642 HTTP/1.1" 200 28811
60.248.230.82 - - [06/Feb/2014:14:53:59 +0800] "GET /content/nav/relationSubject.jsp?relationWords=%E5%B1%B1%E6%AB%BB%E8%8A%B1+&oid=16777304 HTTP/1.1" 200 4460
66.249.77.195 - - [06/Feb/2014:14:54:44 +0800] "GET /content/repository/resource_content.jsp?oid=2672213&queryString=%E4%BA%A4%E9%80%9A%E9%83%A8%20%E5%85%AC%E8%B7%AF%E5%B7%A5%E7%A8%8B%20%E5%98%89%E7%BE%A9%E5%B8%82%20%E5%9C%B0%E5%83%B9%20%E9%AB%98%E9%80%9F%E5%85%AC%E8%B7%AF HTTP/1.1" 200 29140
42.69.56.254 - - [06/Feb/2014:14:55:56 +0800] "GET /content/repository/resource_content.jsp?oid=4353766&queryString=%E6%9D%BE%E8%91%89%20%E7%89%9B%E5%B0%BE%E9%AD%9A%20%E7%89%9B%E5%B0%BE%E9%AD%9A%E7%A7%91 HTTP/1.1" 200 31117
42.69.56.254 - - [06/Feb/2014:14:55:57 +0800] "GET /content/nav/relationSubject.jsp?relationWords=%E5%8D%B0%E5%BA%A6%E7%89%9B%E5%B0%BE%E9%AD%9A+%E7%89%9B%E5%B0%BE%E9%AD%9A%E7%A7%91+%E7%8B%97%E7%A5%88%E4%BB%94+%E7%AB%B9%E7%94%B2+&oid=4353766 HTTP/1.1" 200 3587
220.181.108.91 - - [06/Feb/2014:14:57:02 +0800] "GET /content/repository/resource_content.jsp?oid=2674169 HTTP/1.1" 200 28949
60.250.200.32 - - [06/Feb/2014:14:57:24 +0800] "GET /content/subject/resource_content.jsp?oid=16777753 HTTP/1.1" 200 35836
60.250.200.32 - - [06/Feb/2014:14:57:26 +0800] "GET /content/nav/relationSubject.jsp?relationWords=GIS+%E6%95%B8%E4%BD%8D%E5%85%B8%E8%97%8F+%E9%81%99%E6%B8%AC%E5%BD%B1%E5%83%8F+&oid=16777753 HTTP/1.1" 200 5960
59.120.13.124 - - [06/Feb/2014:14:58:03 +0800] "GET /content/nav/relationSubject.jsp?relationWords=%E6%B0%B4%E9%BB%83%E7%9A%AE+&oid=16777535 HTTP/1.1" 200 3638
66.249.77.195 - - [06/Feb/2014:14:58:40 +0800] "GET /content/repository/resource_content.jsp?oid=823070 HTTP/1.1" 200 27125
66.249.77.195 - - [06/Feb/2014:14:58:51 +0800] "GET /content/nav/relationSubject.jsp?relationWords=%E5%83%B9%E9%8A%80+%E5%9C%B0%E5%83%B9+%E6%97%97%E6%BC%A2%E8%BB%8D+%E6%AD%A3%E7%B4%85%E6%97%97+%E9%8A%80%E4%BA%8B+&oid=2672213 HTTP/1.1" 200 5441
66.249.74.221 - - [06/Feb/2014:14:58:51 +0800] "GET /content/nav/relationSubject.jsp?relationWords=%E5%83%B9%E9%8A%80+%E5%9C%B0%E5%83%B9+%E6%97%97%E6%BC%A2%E8%BB%8D+%E6%AD%A3%E7%B4%85%E6%97%97+%E9%8A%80%E4%BA%8B+&oid=2672213 HTTP/1.1" 200 5441
66.249.74.221 - - [06/Feb/2014:14:59:00 +0800] "GET /content/nav/relationSubject.jsp?relationWords=%E7%A7%9F%E7%95%8C+&oid=822480 HTTP/1.1" 200 3078
61.219.206.39 - - [06/Feb/2014:14:59:42 +0800] "GET /content/nav/relationSubject.jsp?relationWords=%E8%96%9C%E8%8D%94+&oid=16777485 HTTP/1.1" 200 3569
60.248.230.82 - - [06/Feb/2014:15:00:03 +0800] "GET /content/subject/resource_content.jsp?oid=16777337&queryString=?????? HTTP/1.1" 200 27333
60.248.230.82 - - [06/Feb/2014:15:00:04 +0800] "GET /content/nav/relationSubject.jsp?relationWords=%E5%B1%B1%E6%AB%BB%E8%8A%B1+&oid=16777337 HTTP/1.1" 200 4433
66.249.74.221 - - [06/Feb/2014:15:00:36 +0800] "GET /content/repository/resource_content.jsp?oid=2672338&queryString=%E4%BD%8F%E5%AE%85%E5%8D%80%20%E5%9B%9B%E5%BA%9C%20%E9%83%BD%E5%B8%82%E8%A8%88%E7%95%AB HTTP/1.1" 200 29070
42.70.156.34 - - [06/Feb/2014:15:01:53 +0800] "GET /content/subject/resource_content.jsp?oid=16777753 HTTP/1.1" 200 35836
42.70.156.34 - - [06/Feb/2014:15:01:58 +0800] "GET /content/nav/relationSubject.jsp?relationWords=GIS+%E6%95%B8%E4%BD%8D%E5%85%B8%E8%97%8F+%E9%81%99%E6%B8%AC%E5%BD%B1%E5%83%8F+&oid=16777753 HTTP/1.1" 200 5960
114.46.134.212 - - [06/Feb/2014:15:02:37 +0800] "GET /content/nav/relationSubject.jsp?relationWords=%E7%83%8F%E5%BF%83%E7%9F%B3+%E9%B1%B8%E9%B0%BB+&oid=16777303 HTTP/1.1" 200 4012
118.169.196.28 - - [06/Feb/2014:15:03:30 +0800] "GET /content/subject/resource_content.jsp?oid=16777769&queryType=qc HTTP/1.1" 200 40392
118.169.196.28 - - [06/Feb/2014:15:03:31 +0800] "GET /content/nav/relationSubject.jsp?relationWords=%E6%95%B8%E4%BD%8D%E5%85%B8%E8%97%8F+%E9%89%9B%E5%AD%97+%E9%8A%85%E6%A8%A1+&oid=16777769 HTTP/1.1" 200 11838
66.249.77.195 - - [06/Feb/2014:15:06:26 +0800] "GET /content/repository/resource_content.jsp?oid=2672338&queryString=%E5%85%AC%E5%8B%99%E4%BA%BA%E5%93%A1%20%E5%9B%9B%E5%BA%9C HTTP/1.1" 200 29070
163.22.75.252 - - [06/Feb/2014:15:07:35 +0800] "GET /content/nav/relationSubject.jsp?relationWords=%E5%B1%B1%E6%AB%BB%E8%8A%B1+&oid=16777304 HTTP/1.1" 200 4460
66.249.77.195 - - [06/Feb/2014:15:07:36 +0800] "GET /content/repository/resource_content.jsp?oid=826031 HTTP/1.1" 200 27079
211.72.221.249 - - [06/Feb/2014:15:07:39 +0800] "GET /content/subject/resource_content.jsp?oid=16777706 HTTP/1.1" 200 52866
60.248.152.141 - - [06/Feb/2014:15:07:41 +0800] "GET /content/nav/relationSubject.jsp?relationWords=%E5%A0%A1%E5%9C%96+&oid=16777706 HTTP/1.1" 200 2872
65.55.213.68 - - [06/Feb/2014:15:08:07 +0800] "GET /content/subject/resource_content.jsp?oid=16777783&queryType=qc HTTP/1.1" 200 57243
65.55.213.68 - - [06/Feb/2014:15:08:13 +0800] "GET /content/subject/resource_content.jsp?oid=16777785&queryType=qc%3E HTTP/1.1" 200 48928
65.55.213.68 - - [06/Feb/2014:15:08:19 +0800] "GET /content/subject/resource_content.jsp?oid=16777734&queryType=qc HTTP/1.1" 200 39321
65.55.213.68 - - [06/Feb/2014:15:08:22 +0800] "GET /content/tmp_exh/resource_content.jsp?oid=16777789&queryType=qc HTTP/1.1" 200 40771
65.55.213.68 - - [06/Feb/2014:15:08:26 +0800] "GET /content/tmp_exh/resource_content.jsp?oid=16777750&queryType=qc HTTP/1.1" 200 31683
65.55.213.68 - - [06/Feb/2014:15:08:30 +0800] "GET /content/subject/resource_content.jsp?oid=16777753&queryType=qc HTTP/1.1" 200 35836
65.55.213.68 - - [06/Feb/2014:15:08:37 +0800] "GET /content/tmp_exh/resource_content.jsp?oid=16777790&queryType=qc HTTP/1.1" 200 38771
65.55.213.68 - - [06/Feb/2014:15:08:41 +0800] "GET /content/tmp_exh/resource_content.jsp?oid=16777790&queryType=qc%201889 HTTP/1.1" 200 38771
65.55.213.68 - - [06/Feb/2014:15:08:47 +0800] "GET /content/subject/resource_content.jsp?oid=16777787&queryType=qc%3E HTTP/1.1" 200 56480
65.55.213.68 - - [06/Feb/2014:15:08:49 +0800] "GET /content/subject/resource_content.jsp?oid=16777745&queryType=qc HTTP/1.1" 200 34954
65.55.213.68 - - [06/Feb/2014:15:08:53 +0800] "GET /content/subject/resource_content.jsp?oid=16777499&queryType=qc HTTP/1.1" 200 43456
65.55.213.68 - - [06/Feb/2014:15:08:56 +0800] "GET /content/subject/resource_content.jsp?oid=16777500&queryType=qc HTTP/1.1" 200 32391
65.55.213.68 - - [06/Feb/2014:15:08:59 +0800] "GET /content/subject/resource_content.jsp?oid=16777746&queryType=qc HTTP/1.1" 200 38187
65.55.213.68 - - [06/Feb/2014:15:09:02 +0800] "GET /content/subject/resource_content.jsp?oid=16777336&queryType=qc HTTP/1.1" 200 31113
65.55.213.68 - - [06/Feb/2014:15:09:05 +0800] "GET /content/subject/resource_content.jsp?oid=16777335&queryType=qc HTTP/1.1" 200 31431
65.55.213.68 - - [06/Feb/2014:15:09:08 +0800] "GET /content/tmp_auth/resource_content.jsp?oid=16777777 HTTP/1.1" 200 28627
65.55.213.68 - - [06/Feb/2014:15:09:14 +0800] "GET /content/tmp_tec/resource_content.jsp?oid=16777728 HTTP/1.1" 200 57823
65.55.213.68 - - [06/Feb/2014:15:09:17 +0800] "GET /content/tmp_tec/resource_content.jsp?oid=16777730 HTTP/1.1" 200 41649
65.55.213.68 - - [06/Feb/2014:15:09:20 +0800] "GET /content/tmp_tec/resource_content.jsp?oid=16777731 HTTP/1.1" 200 38436
65.55.213.68 - - [06/Feb/2014:15:09:23 +0800] "GET /content/tmp_tec/resource_content.jsp?oid=16777734 HTTP/1.1" 200 36155
65.55.213.68 - - [06/Feb/2014:15:09:27 +0800] "GET /content/tmp_tec/resource_content.jsp?oid=16777753 HTTP/1.1" 200 33105
65.55.213.68 - - [06/Feb/2014:15:09:43 +0800] "GET /content/subject/resource_content.jsp?oid=16777785&queryType=qc HTTP/1.1" 200 48928
65.55.213.68 - - [06/Feb/2014:15:09:47 +0800] "GET /content/subject/resource_content.jsp?oid=16777738&queryType=qc HTTP/1.1" 200 49745
65.55.213.68 - - [06/Feb/2014:15:09:49 +0800] "GET /content/subject/resource_content.jsp?oid=16777764&queryType=qc HTTP/1.1" 200 39798
65.55.213.68 - - [06/Feb/2014:15:09:52 +0800] "GET /content/subject/resource_content.jsp?oid=16777431&queryType=qc HTTP/1.1" 200 35778
65.55.213.68 - - [06/Feb/2014:15:09:55 +0800] "GET /content/subject/resource_content.jsp?oid=16777495&queryType=qc HTTP/1.1" 200 33837
65.55.213.68 - - [06/Feb/2014:15:09:59 +0800] "GET /content/subject/resource_content.jsp?oid=16777780&queryType=qc HTTP/1.1" 200 32953
60.248.152.141 - - [06/Feb/2014:15:09:59 +0800] "GET /content/subject/resource_content.jsp?oid=16777706 HTTP/1.1" 200 52866
61.67.206.125 - - [06/Feb/2014:15:10:00 +0800] "GET /content/nav/relationSubject.jsp?relationWords=%E5%A0%A1%E5%9C%96+&oid=16777706 HTTP/1.1" 200 2872
65.55.213.68 - - [06/Feb/2014:15:10:02 +0800] "GET /content/subject/resource_content.jsp?oid=16777462&queryType=qc HTTP/1.1" 200 54171
65.55.213.68 - - [06/Feb/2014:15:10:06 +0800] "GET /content/subject/resource_content.jsp?oid=16777467&queryType=qc HTTP/1.1" 200 69802
65.55.213.68 - - [06/Feb/2014:15:10:09 +0800] "GET /content/subject/resource_content.jsp?oid=16777740&queryType=qc HTTP/1.1" 200 40310
65.55.213.68 - - [06/Feb/2014:15:10:11 +0800] "GET /content/subject/resource_content.jsp?oid=16777779&queryType=qc HTTP/1.1" 200 36729
65.55.213.68 - - [06/Feb/2014:15:10:14 +0800] "GET /content/subject/resource_content.jsp?oid=16777623&queryType=qc HTTP/1.1" 200 30955
65.55.213.68 - - [06/Feb/2014:15:10:17 +0800] "GET /content/subject/resource_content.jsp?oid=16777378&queryType=qc HTTP/1.1" 200 32352
1.161.120.63 - - [06/Feb/2014:15:10:18 +0800] "GET /content/nav/relationSubject.jsp?relationWords=%E5%8F%B0%E7%81%A3%E6%AC%92%E6%A8%B9+%E8%8B%A6%E8%8B%93%E8%88%85+&oid=16777254 HTTP/1.1" 200 4293
65.55.213.68 - - [06/Feb/2014:15:10:20 +0800] "GET /content/subject/resource_content.jsp?oid=16777304&queryType=qc HTTP/1.1" 200 35253
65.55.213.68 - - [06/Feb/2014:15:10:23 +0800] "GET /content/subject/resource_content.jsp?oid=16777654&queryType=qc HTTP/1.1" 200 62684
65.55.213.68 - - [06/Feb/2014:15:10:26 +0800] "GET /content/subject/resource_content.jsp?oid=16777653&queryType=qc HTTP/1.1" 200 56840
65.55.213.68 - - [06/Feb/2014:15:10:29 +0800] "GET /content/subject/resource_content.jsp?oid=16777531&queryType=qc HTTP/1.1" 200 41146
65.55.213.68 - - [06/Feb/2014:15:10:32 +0800] "GET /content/subject/resource_content.jsp?oid=16777536&queryType=qc HTTP/1.1" 200 34096
65.55.213.68 - - [06/Feb/2014:15:10:35 +0800] "GET /content/subject/resource_content.jsp?oid=16777449&queryType=qc HTTP/1.1" 200 27815
65.55.213.68 - - [06/Feb/2014:15:10:38 +0800] "GET /content/subject/resource_content.jsp?oid=16777456&queryType=qc HTTP/1.1" 200 33451
65.55.213.68 - - [06/Feb/2014:15:10:40 +0800] "GET /content/subject/resource_content.jsp?oid=16777560&queryType=qc HTTP/1.1" 200 27643
65.55.213.68 - - [06/Feb/2014:15:10:43 +0800] "GET /content/subject/resource_content.jsp?oid=16777566&queryType=qc HTTP/1.1" 200 30767
180.76.5.143 - - [06/Feb/2014:15:10:45 +0800] "GET /content/subject/resource_content.jsp?oid=16777452&queryType=qc HTTP/1.1" 200 32314
65.55.213.68 - - [06/Feb/2014:15:10:46 +0800] "GET /content/subject/resource_content.jsp?oid=16777568&queryType=qc HTTP/1.1" 200 33881
65.55.213.68 - - [06/Feb/2014:15:10:49 +0800] "GET /content/subject/resource_content.jsp?oid=16777615&queryType=qc HTTP/1.1" 200 36949
65.55.213.68 - - [06/Feb/2014:15:10:52 +0800] "GET /content/subject/resource_content.jsp?oid=16777463&queryType=qc HTTP/1.1" 200 27417
65.55.213.68 - - [06/Feb/2014:15:10:54 +0800] "GET /content/subject/resource_content.jsp?oid=16777471&queryType=qc HTTP/1.1" 200 29249
65.55.213.68 - - [06/Feb/2014:15:10:57 +0800] "GET /content/subject/resource_content.jsp?oid=16777470&queryType=qc HTTP/1.1" 200 28379
65.55.213.68 - - [06/Feb/2014:15:11:00 +0800] "GET /content/subject/resource_content.jsp?oid=16777469&queryType=qc HTTP/1.1" 200 30192
65.55.213.68 - - [06/Feb/2014:15:11:02 +0800] "GET /content/subject/resource_content.jsp?oid=16777468&queryType=qc HTTP/1.1" 200 32256
65.55.213.68 - - [06/Feb/2014:15:11:06 +0800] "GET /content/subject/resource_content.jsp?oid=16777728&queryType=qc HTTP/1.1" 200 64196
65.55.213.68 - - [06/Feb/2014:15:11:09 +0800] "GET /content/subject/resource_content.jsp?oid=16777730&queryType=qc HTTP/1.1" 200 45342
65.55.213.68 - - [06/Feb/2014:15:11:12 +0800] "GET /content/subject/resource_content.jsp?oid=16777731&queryType=qc HTTP/1.1" 200 42412
65.55.213.68 - - [06/Feb/2014:15:11:17 +0800] "GET /content/subject/resource_content.jsp?oid=16777787&queryType=qc HTTP/1.1" 200 56480
65.55.213.68 - - [06/Feb/2014:15:11:20 +0800] "GET /content/subject/resource_content.jsp?oid=16777741&queryType=qc HTTP/1.1" 200 52556
65.55.213.68 - - [06/Feb/2014:15:11:23 +0800] "GET /content/subject/resource_content.jsp?oid=16777448&queryType=qc HTTP/1.1" 200 33518
65.55.213.68 - - [06/Feb/2014:15:11:26 +0800] "GET /content/subject/resource_content.jsp?oid=16777599&queryType=qc HTTP/1.1" 200 35994
65.55.213.68 - - [06/Feb/2014:15:11:29 +0800] "GET /content/subject/resource_content.jsp?oid=16777742&queryType=qc HTTP/1.1" 200 38045
65.55.213.68 - - [06/Feb/2014:15:11:32 +0800] "GET /content/subject/resource_content.jsp?oid=16777721&queryType=qc HTTP/1.1" 200 35348
65.55.213.68 - - [06/Feb/2014:15:11:34 +0800] "GET /content/subject/resource_content.jsp?oid=16777736&queryType=qc HTTP/1.1" 200 42185
65.55.213.68 - - [06/Feb/2014:15:11:39 +0800] "GET /content/subject/resource_content.jsp?oid=16777749&queryType=qc HTTP/1.1" 200 40261
65.55.213.68 - - [06/Feb/2014:15:11:42 +0800] "GET /content/subject/resource_content.jsp?oid=16777781&queryType=qc%3E HTTP/1.1" 200 56495
65.55.213.68 - - [06/Feb/2014:15:11:45 +0800] "GET /content/subject/resource_content.jsp?oid=16777781&queryType=qc HTTP/1.1" 200 56495
114.37.151.13 - - [06/Feb/2014:15:11:46 +0800] "GET /content/nav/relationSubject.jsp?relationWords=%E6%B0%B4%E9%BB%83%E7%9A%AE+&oid=16777535 HTTP/1.1" 200 3638
65.55.213.68 - - [06/Feb/2014:15:11:48 +0800] "GET /content/subject/resource_content.jsp?oid=16777782&queryType=qc HTTP/1.1" 200 48045
65.55.213.68 - - [06/Feb/2014:15:11:52 +0800] "GET /content/subject/resource_content.jsp?oid=16777783&queryType=qc%3E HTTP/1.1" 200 57243
65.55.213.68 - - [06/Feb/2014:15:11:54 +0800] "GET /content/subject/resource_content.jsp?oid=16777782&queryType=qc%3E HTTP/1.1" 200 48045
60.249.57.66 - - [06/Feb/2014:15:11:58 +0800] "GET /content/nav/relationSubject.jsp?relationWords=%E7%A9%97%E8%8A%B1%E5%B1%B1%E5%A5%88+%E9%87%8E%E8%96%91%E8%8A%B1+&oid=16777263 HTTP/1.0" 200 3292
66.249.77.195 - - [06/Feb/2014:15:12:02 +0800] "GET /content/repository/resource_content.jsp?oid=1099461 HTTP/1.1" 200 30198
65.55.213.68 - - [06/Feb/2014:15:12:04 +0800] "GET /content/tmp_auth/resource_content.jsp?oid=16777757 HTTP/1.1" 200 43311
65.55.213.68 - - [06/Feb/2014:15:12:08 +0800] "GET /content/tmp_auth/resource_content.jsp?oid=16777666 HTTP/1.1" 200 28121
65.55.213.68 - - [06/Feb/2014:15:12:12 +0800] "GET /content/tmp_auth/resource_content.jsp?oid=16777758 HTTP/1.1" 200 24520
65.55.213.68 - - [06/Feb/2014:15:12:17 +0800] "GET /content/tmp_auth/resource_content.jsp?oid=16777759 HTTP/1.1" 200 24517
66.249.77.195 - - [06/Feb/2014:15:12:17 +0800] "GET /content/repository/resource_content.jsp?oid=2672338&queryString=%E5%9B%9B%E5%BA%9C%20%E5%9C%8B%E6%9C%89%E8%B2%A1%E7%94%A2%20%E5%AE%97%E6%95%99%E5%9C%98%E9%AB%94 HTTP/1.1" 200 29070
211.72.221.249 - - [06/Feb/2014:15:12:33 +0800] "GET /content/nav/relationSubject.jsp?relationWords=&oid=16777459 HTTP/1.1" 200 1413
66.249.77.172 - - [06/Feb/2014:15:12:39 +0800] "GET /content/subject/resource_content.jsp?oid=16777667&queryString= HTTP/1.1" 200 29805
210.60.234.111 - - [06/Feb/2014:15:12:43 +0800] "GET /content/nav/relationSubject.jsp?relationWords=%E6%AA%AC%E6%9E%9C+%E8%8A%92%E6%9E%9C+&oid=16777508 HTTP/1.1" 200 4387
66.249.77.195 - - [06/Feb/2014:15:13:08 +0800] "GET /content/nav/relationSubject.jsp?relationWords=%E5%BB%BA%E5%85%B5%E6%88%BF+%E7%A6%81%E6%8B%98%E8%A0%94%E8%89%87+&oid=826031 HTTP/1.1" 200 3092
66.249.77.195 - - [06/Feb/2014:15:13:08 +0800] "GET /content/nav/relationSubject.jsp?relationWords=%E5%92%A8%E7%85%A7+&oid=823070 HTTP/1.1" 200 3065
106.188.158.225 - - [06/Feb/2014:15:15:46 +0800] "GET /content/nav/relationSubject.jsp?relationWords=%E6%9E%97%E7%A5%96%E5%A3%BD+&oid=16777654 HTTP/1.1" 200 2341
140.109.145.195 - - [06/Feb/2014:15:16:10 +0800] "GET /content/tmp_exh/resource_content.jsp?oid=16777755&queryType=qc+1921 HTTP/1.1" 200 33078
140.109.145.195 - - [06/Feb/2014:15:16:11 +0800] "GET /content/nav/relationSubject.jsp?relationWords=%E9%91%B2%E5%B5%8C+&oid=16777755 HTTP/1.1" 200 3461
66.249.77.195 - - [06/Feb/2014:15:16:34 +0800] "GET /content/repository/resource_content.jsp?oid=823115 HTTP/1.1" 200 27211
202.131.64.38 - - [06/Feb/2014:15:17:57 +0800] "GET /content/nav/relationSubject.jsp?relationWords=&oid=16777600 HTTP/1.1" 200 1413
66.249.77.195 - - [06/Feb/2014:15:18:07 +0800] "GET /content/repository/resource_content.jsp?oid=1531859 HTTP/1.1" 200 27850
66.249.77.195 - - [06/Feb/2014:15:18:08 +0800] "GET /content/repository/resource_content.jsp?oid=2672338&queryString=%E5%9B%9B%E5%BA%9C%20%E5%AE%8F%E6%95%88%E6%A1%88%20%E8%B2%B8%E6%AC%BE%20%E8%BE%B2%E6%9D%91%E5%BB%BA%E8%A8%AD HTTP/1.1" 200 29070
140.109.16.164 - - [06/Feb/2014:15:19:13 +0800] "GET /content/tmp_exh/resource_content.jsp?oid=16777790&queryType=qc HTTP/1.1" 200 38771
140.109.16.164 - - [06/Feb/2014:15:19:13 +0800] "GET /content/nav/relationSubject.jsp?relationWords=%E6%96%87%E5%8C%96%E4%B8%AD%E5%BF%83+&oid=16777790 HTTP/1.1" 200 7522
66.249.74.221 - - [06/Feb/2014:15:21:01 +0800] "GET /content/repository/resource_content.jsp?oid=826025 HTTP/1.1" 200 26999
114.47.100.150 - - [06/Feb/2014:15:22:27 +0800] "GET /content/subject/resource_content.jsp?oid=16777706 HTTP/1.1" 200 52866
66.249.77.195 - - [06/Feb/2014:15:22:28 +0800] "GET /content/nav/relationSubject.jsp?relationWords=%E8%BB%8D%E7%81%AB+&oid=826025 HTTP/1.1" 200 3125
66.249.74.221 - - [06/Feb/2014:15:22:30 +0800] "GET /content/nav/relationSubject.jsp?relationWords=%E6%A4%8D%E7%89%A9%E7%95%8C+%E8%8F%8A%E7%A7%91+%E8%90%B5%E8%8B%A3%E5%B1%AC+%E9%9B%99%E5%AD%90%E8%91%89%E6%A4%8D%E7%89%A9+%E9%B5%9D%E4%BB%94%E8%8D%89+&oid=1099461 HTTP/1.1" 200 3359
66.249.77.195 - - [06/Feb/2014:15:22:30 +0800] "GET /content/nav/relationSubject.jsp?relationWords=%E8%87%BA%E5%8C%97%E5%B8%82+%E8%87%BA%E7%81%A3%E7%9C%81%E6%94%BF%E5%BA%9C+%E8%87%BA%E7%81%A3%E7%9C%81%E8%AD%B0%E6%9C%83+%E8%87%BA%E7%81%A3%E9%8A%80%E8%A1%8C+&oid=1531859 HTTP/1.1" 200 4690
66.249.77.195 - - [06/Feb/2014:15:22:31 +0800] "GET /content/nav/relationSubject.jsp?relationWords=%E5%A5%8F%E6%B1%9F+%E6%B1%9F%E5%AD%9C+&oid=823115 HTTP/1.1" 200 3154
114.47.100.150 - - [06/Feb/2014:15:22:31 +0800] "GET /content/nav/relationSubject.jsp?relationWords=%E5%A0%A1%E5%9C%96+&oid=16777706 HTTP/1.1" 200 2872
60.248.230.82 - - [06/Feb/2014:15:22:45 +0800] "GET /content/nav/relationSubject.jsp?relationWords=%E5%B1%B1%E6%AB%BB%E8%8A%B1+&oid=16777304 HTTP/1.1" 200 4460
66.249.74.221 - - [06/Feb/2014:15:23:59 +0800] "GET /content/repository/resource_content.jsp?oid=2672338&queryString=%E5%9B%9B%E5%BA%9C%20%E5%AE%A2%E9%81%8B%20%E5%B2%A1%E5%B1%B1%E9%8E%AE%20%E7%94%A2%E6%A5%AD%E9%81%93%E8%B7%AF%20%E8%BE%B2%E7%94%A2 HTTP/1.1" 200 29070
66.249.77.236 - - [06/Feb/2014:15:25:39 +0800] "GET /content/subject/resource_content.jsp?oid=16777603&queryType=qc HTTP/1.1" 200 28586
180.76.6.143 - - [06/Feb/2014:15:25:43 +0800] "GET /content/subject/resource_content.jsp?oid=16777529&queryType=qc HTTP/1.1" 200 27027
131.253.24.157 - - [06/Feb/2014:15:25:59 +0800] "GET /content/pictures/picture_content.jsp?oid=33554841&queryType=qc HTTP/1.1" 200 27105
131.253.24.157 - - [06/Feb/2014:15:26:40 +0800] "GET /content/nav/relationSubject.jsp?relationWords=%E7%B4%85%E7%89%99%E9%B1%97%E9%AD%A8+&oid=33554841 HTTP/1.1" 200 3166
211.21.138.11 - - [06/Feb/2014:15:26:52 +0800] "GET /content/subject/resource_content.jsp?oid=16777788&queryType=qc HTTP/1.1" 200 41900
211.21.138.11 - - [06/Feb/2014:15:26:53 +0800] "GET /content/nav/relationSubject.jsp?relationWords=&oid=16777788 HTTP/1.1" 200 1413
111.250.136.134 - - [06/Feb/2014:15:27:22 +0800] "GET /content/nav/relationSubject.jsp?relationWords=%E5%B1%B1%E8%8A%99%E8%93%89+%E6%9C%A8%E8%8A%99%E8%93%89+%E8%96%9B%E6%BF%A4+%E9%86%89%E8%8A%99%E8%93%89+&oid=16777260 HTTP/1.1" 200 4603
140.207.196.3 - - [06/Feb/2014:15:27:37 +0800] "GET /content/repository/resource_content.jsp?oid=4364584 HTTP/1.1" 200 28173
221.194.129.96 - - [06/Feb/2014:15:27:46 +0800] "GET /content/subject/resource_content.jsp?oid=16777484&queryType=qc HTTP/1.0" 200 71124
124.238.251.36 - - [06/Feb/2014:15:27:56 +0800] "GET /content/subject/resource_content.jsp?oid=16777400&queryType=qc HTTP/1.0" 200 27305
124.238.251.36 - - [06/Feb/2014:15:27:57 +0800] "GET /content/subject/resource_content.jsp?oid=16777542&queryType=qc HTTP/1.0" 200 30557
221.194.129.96 - - [06/Feb/2014:15:28:03 +0800] "GET /content/subject/resource_content.jsp?oid=16777535&queryType=qc HTTP/1.0" 200 34578
221.194.129.96 - - [06/Feb/2014:15:28:09 +0800] "GET /content/subject/resource_content.jsp?oid=16777472&queryType=qc HTTP/1.0" 200 63910
124.238.251.36 - - [06/Feb/2014:15:28:10 +0800] "GET /content/subject/resource_content.jsp?oid=16777487&queryType=qc HTTP/1.0" 200 44161
221.194.129.96 - - [06/Feb/2014:15:28:16 +0800] "GET /content/subject/resource_content.jsp?oid=16777467&queryType=qc HTTP/1.0" 200 69725
221.194.129.96 - - [06/Feb/2014:15:28:21 +0800] "GET /content/subject/resource_content.jsp?oid=16777482&queryType=qc HTTP/1.0" 200 36180
66.249.77.236 - - [06/Feb/2014:15:29:49 +0800] "GET /content/repository/resource_content.jsp?oid=1897806&queryType=qs&queryString=%E7%9C%81%E6%94%BF%E5%BA%9C HTTP/1.1" 200 29305
66.249.77.195 - - [06/Feb/2014:15:29:52 +0800] "GET /content/repository/resource_content.jsp?oid=1535212 HTTP/1.1" 200 27996
117.56.233.7 - - [06/Feb/2014:15:31:40 +0800] "GET /content/repository/resource_content.jsp?oid=1102323 HTTP/1.1" 200 30003
117.56.233.7 - - [06/Feb/2014:15:31:50 +0800] "GET /content/nav/relationSubject.jsp?relationWords=%E4%BB%99%E4%BA%BA%E6%8E%8C+%E4%BB%99%E4%BA%BA%E6%8E%8C%E7%A7%91+%E6%A4%8D%E7%89%A9%E7%95%8C+%E7%9F%B3%E7%AB%B9+%E9%9B%99%E5%AD%90%E8%91%89%E6%A4%8D%E7%89%A9+&oid=1102323 HTTP/1.1" 200 3390
66.249.77.172 - - [06/Feb/2014:15:33:26 +0800] "GET /content/subject/resource_content.jsp?oid=16777666&queryString= HTTP/1.1" 200 29534
66.249.77.195 - - [06/Feb/2014:15:34:19 +0800] "GET /content/repository/resource_content.jsp?oid=1569783 HTTP/1.1" 200 27460
66.249.77.195 - - [06/Feb/2014:15:34:27 +0800] "GET /content/tmp_tec/resource_content.jsp?oid=16777714 HTTP/1.1" 200 37503
124.6.9.226 - - [06/Feb/2014:15:34:33 +0800] "GET /content/nav/relationSubject.jsp?relationWords=%E5%A4%8F%E5%A4%9C+%E6%B0%B4%E8%8C%84%E8%8B%B3+&oid=16777503 HTTP/1.1" 200 3695
66.249.77.236 - - [06/Feb/2014:15:35:15 +0800] "GET /content/subject/resource_content.jsp?oid=16777742&queryType=qc HTTP/1.1" 200 38056
66.249.77.195 - - [06/Feb/2014:15:35:39 +0800] "GET /content/repository/resource_content.jsp?oid=2143178 HTTP/1.1" 200 29416
66.249.77.195 - - [06/Feb/2014:15:35:40 +0800] "GET /content/repository/resource_content.jsp?oid=2672338&queryString=%E5%9B%9B%E5%BA%9C%20%E5%B1%B1%E5%9D%A1%E5%9C%B0%20%E8%BE%B2%E5%B1%B1 HTTP/1.1" 200 29070
66.249.77.195 - - [06/Feb/2014:15:36:04 +0800] "GET /content/subject/resource_content.jsp?oid=16777314 HTTP/1.1" 200 27137
60.251.107.150 - - [06/Feb/2014:15:36:12 +0800] "GET /content/repository/resource_content.jsp?oid=1897226&queryType=qs&queryString=%E9%BB%83%E4%BF%8A%E9%9B%84 HTTP/1.1" 200 28145
60.251.107.150 - - [06/Feb/2014:15:36:13 +0800] "GET /content/nav/relationSubject.jsp?relationWords=%E5%9C%B0%E6%96%B9%E6%88%B2%E5%8A%87+%E7%9C%81%E6%94%BF%E5%BA%9C+%E8%87%BA%E7%81%A3%E7%9C%81+%E9%BB%83%E4%BF%8A%E9%9B%84+&oid=1897226 HTTP/1.1" 200 4630
114.37.151.13 - - [06/Feb/2014:15:36:21 +0800] "GET /content/repository/resource_content.jsp?oid=2152218&queryString=?X??????? HTTP/1.1" 200 30061
114.37.151.13 - - [06/Feb/2014:15:36:21 +0800] "GET /content/nav/relationSubject.jsp?relationWords=%E6%A4%8D%E7%89%A9%E7%95%8C+%E6%B0%B4%E9%BB%83%E7%9A%AE+%E6%B0%B4%E9%BB%83%E7%9A%AE%E5%B1%AC+%E8%A0%B6%E8%B1%86+%E9%9B%99%E5%AD%90%E8%91%89%E6%A4%8D%E7%89%A9+&oid=2152218 HTTP/1.1" 200 4183
66.249.77.195 - - [06/Feb/2014:15:36:28 +0800] "GET /content/repository/resource_content.jsp?oid=1112444 HTTP/1.1" 200 30116
66.249.74.221 - - [06/Feb/2014:15:37:06 +0800] "GET /content/nav/relationSubject.jsp?relationWords=%E5%85%AD%E5%BA%9C+%E7%B6%93%E6%BF%9F%E5%BB%BA%E8%A8%AD+%E8%BE%B2%E7%94%A2%E5%93%81+&oid=1535212 HTTP/1.1" 200 5086
66.249.77.172 - - [06/Feb/2014:15:37:07 +0800] "GET /content/nav/relationSubject.jsp?relationWords=%E6%95%B8%E4%BD%8D%E5%85%B8%E8%97%8F%20&oid=16777666 HTTP/1.1" 200 5887
66.249.77.195 - - [06/Feb/2014:15:37:16 +0800] "GET /content/repository/resource_content.jsp?oid=1539368 HTTP/1.1" 200 27847
218.166.90.131 - - [06/Feb/2014:15:37:21 +0800] "GET /content/nav/relationSubject.jsp?relationWords=%E7%99%BD%E5%8D%83%E5%B1%A4+&oid=16777287 HTTP/1.1" 200 3860
66.249.74.221 - - [06/Feb/2014:15:37:41 +0800] "GET /digiarch_en/content/repository/resource_content.jsp?oid=1125110&queryType=qc HTTP/1.1" 200 28412
218.166.90.131 - - [06/Feb/2014:15:38:18 +0800] "GET /content/repository/resource_content.jsp?oid=1110987&queryString=???????? HTTP/1.1" 200 30366
218.166.90.131 - - [06/Feb/2014:15:38:20 +0800] "GET /content/nav/relationSubject.jsp?relationWords=%E6%A1%83%E9%87%91%E5%AD%83+%E6%A1%83%E9%87%91%E5%AD%83%E7%A7%91+%E6%A4%8D%E7%89%A9%E7%95%8C+%E7%99%BD%E5%8D%83%E5%B1%A4+&oid=1110987 HTTP/1.1" 200 4699
66.249.77.195 - - [06/Feb/2014:15:38:47 +0800] "GET /content/repository/resource_content.jsp?oid=1519426 HTTP/1.1" 200 27868
220.181.108.163 - - [06/Feb/2014:15:38:53 +0800] "GET /content/repository/resource_content.jsp?oid=2511475 HTTP/1.1" 200 28663
66.249.77.195 - - [06/Feb/2014:15:39:41 +0800] "GET /content/repository/resource_content.jsp?oid=1516091 HTTP/1.1" 200 27889
66.249.77.195 - - [06/Feb/2014:15:40:05 +0800] "GET /content/repository/resource_content.jsp?oid=1115843 HTTP/1.1" 200 30009
180.76.5.95 - - [06/Feb/2014:15:40:44 +0800] "GET /content/subject/resource_content.jsp?oid=16777690&queryType=qc HTTP/1.1" 200 39286
66.249.77.195 - - [06/Feb/2014:15:41:31 +0800] "GET /content/repository/resource_content.jsp?oid=2672338&queryString=%E5%9B%9B%E5%BA%9C%20%E5%BA%9C%E5%BB%BA%E6%B0%B4%20%E6%B0%B4%E5%AD%97%20%E8%98%87%E6%BE%B3%E9%8E%AE HTTP/1.1" 200 29070
66.249.74.117 - - [06/Feb/2014:15:41:42 +0800] "GET /content/subject/resource_content.jsp?oid=16777376&queryType=qs&queryString=%E5%82%85%E6%96%AF%E5%B9%B4 HTTP/1.1" 200 34835
66.249.74.221 - - [06/Feb/2014:15:42:06 +0800] "GET /content/repository/resource_content.jsp?oid=1843838 HTTP/1.1" 200 30096
66.249.74.221 - - [06/Feb/2014:15:42:55 +0800] "GET /content/repository/resource_content.jsp?oid=1776317 HTTP/1.1" 200 26784
122.116.160.234 - - [06/Feb/2014:15:42:59 +0800] "GET /content/tmp_exh/resource_content.jsp?oid=16777789 HTTP/1.1" 200 40771
122.116.160.234 - - [06/Feb/2014:15:42:59 +0800] "GET /content/nav/relationSubject.jsp?relationWords=%E5%9C%8B%E9%9A%9B%E6%9B%B8%E5%B1%95+%E6%80%9D%E6%83%B3+%E6%96%87%E6%98%9F+%E7%9A%87%E8%BC%BF+%E9%87%8D%E6%85%B6%E5%8D%97%E8%B7%AF+&oid=16777789 HTTP/1.1" 200 5051
129.180.1.224 - - [06/Feb/2014:15:43:14 +0800] "GET /digiarch2/content/repository/resource_content.jsp?queryString=%E7%94%9F%E7%89%A9&oid=4352660&queryType=qc HTTP/1.0" 200 12812
66.249.77.195 - - [06/Feb/2014:15:43:14 +0800] "GET /content/repository/resource_content.jsp?oid=1569918 HTTP/1.1" 200 27512
129.180.1.224 - - [06/Feb/2014:15:43:31 +0800] "GET /digiarch2/content/repository/resource_content.jsp?queryString=%E7%94%9F%E7%89%A9&oid=4352659&queryType=qc HTTP/1.0" 200 12847
218.173.71.48 - - [06/Feb/2014:15:43:38 +0800] "GET /content/nav/relationSubject.jsp?relationWords=%E6%95%B8%E4%BD%8D%E5%85%B8%E8%97%8F+%E6%B5%81%E8%BD%89%E5%B9%B4%E8%8F%AF+&oid=16777615 HTTP/1.1" 200 5952
129.180.1.224 - - [06/Feb/2014:15:43:42 +0800] "GET /digiarch2/content/repository/resource_content.jsp?queryString=%E7%94%9F%E7%89%A9&oid=4352657&queryType=qc HTTP/1.0" 200 13005
140.114.48.127 - - [06/Feb/2014:15:44:04 +0800] "GET /content/nav/relationSubject.jsp?relationWords=%E7%9B%B8%E6%80%9D%E6%A8%B9+&oid=16777519 HTTP/1.1" 200 3667
66.249.77.195 - - [06/Feb/2014:15:44:06 +0800] "GET /content/pictures/picture_content.jsp?oid=33554818&queryType=qc HTTP/1.1" 200 27169
140.114.48.127 - - [06/Feb/2014:15:44:19 +0800] "GET /content/repository/resource_content.jsp?oid=1461666&queryString=????????? HTTP/1.1" 200 30090
140.114.48.127 - - [06/Feb/2014:15:44:21 +0800] "GET /content/nav/relationSubject.jsp?relationWords=%E6%A4%8D%E7%89%A9%E7%95%8C+%E7%9B%B8%E6%80%9D%E6%A8%B9+%E7%9B%B8%E6%80%9D%E6%A8%B9%E5%B1%AC+%E8%A0%B6%E8%B1%86+%E9%9B%99%E5%AD%90%E8%91%89%E6%A4%8D%E7%89%A9+&oid=1461666 HTTP/1.1" 200 4215
140.114.48.127 - - [06/Feb/2014:15:44:36 +0800] "GET /content/nav/relationSubject.jsp?relationWords=%E7%9B%B8%E6%80%9D%E6%A8%B9+&oid=16777519 HTTP/1.1" 200 3667
66.249.77.195 - - [06/Feb/2014:15:44:55 +0800] "GET /content/repository/resource_content.jsp?oid=1107259&queryString=%E5%8D%83%E9%87%91%E6%A6%86%E5%B1%AC%20%E6%A4%8D%E7%89%A9%E7%95%8C%20%E6%A8%BA%E6%9C%A8%E7%A7%91%20%E9%98%BF%E9%87%8C%E5%B1%B1%E5%8D%83%E9%87%91%E6%A6%86 HTTP/1.1" 200 30506
66.249.77.195 - - [06/Feb/2014:15:45:19 +0800] "GET /content/repository/resource_content.jsp?oid=1816599 HTTP/1.1" 200 28392
66.249.77.195 - - [06/Feb/2014:15:45:43 +0800] "GET /content/repository/resource_content.jsp?oid=1521656 HTTP/1.1" 200 27842
66.249.77.195 - - [06/Feb/2014:15:45:43 +0800] "GET /content/nav/relationSubject.jsp?relationWords=&oid=1843838 HTTP/1.1" 200 1413
66.249.77.195 - - [06/Feb/2014:15:45:45 +0800] "GET /content/nav/relationSubject.jsp?relationWords=%E5%88%9D%E4%B8%AD+%E6%9D%8E%E6%87%89%E9%8F%9C+%E8%87%A8%E6%99%82%E7%9C%81%E8%AD%B0%E6%9C%83+%E8%87%BA%E7%81%A3%E7%9C%81+%E8%A5%BF%E8%9E%BA+&oid=1539368 HTTP/1.1" 200 5323
66.249.77.195 - - [06/Feb/2014:15:45:46 +0800] "GET /content/nav/relationSubject.jsp?relationWords=%E6%95%B8%E4%BD%8D%E5%85%B8%E8%97%8F+&oid=16777715 HTTP/1.1" 200 5887
