66.249.71.23 - - [11/Jul/2015:03:57:30 +0800] "GET /digiarch3/content/nav/relationSubject.jsp?relationWords=%E7%AD%89%E9%82%8A%E8%9B%A4+%E7%B0%BE%E8%9B%A4+%E7%B0%BE%E8%9B%A4%E7%9B%AE+%E7%B0%BE%E8%9B%A4%E7%A7%91+%E8%8A%B1%E8%9B%A4+%E8%8A%B1%E8%9B%A4%E4%BB%94+%E8%9B%A4%E4%BB%94+%E8%9B%A4%E7%A7%91+%E9%9B%99%E6%AE%BC%E7%B6%B1+&oid=523740 HTTP/1.1" 200 3766
66.249.71.14 - - [11/Jul/2015:03:57:31 +0800] "GET /digiarch3/content/nav/relationSubject.jsp?relationWords=%E7%AD%89%E9%82%8A%E8%9B%A4%20%E7%B0%BE%E8%9B%A4%20%E7%B0%BE%E8%9B%A4%E7%9B%AE%20%E7%B0%BE%E8%9B%A4%E7%A7%91%20%E8%8A%B1%E8%9B%A4%20%E8%8A%B1%E8%9B%A4%E4%BB%94%20%E8%9B%A4%E4%BB%94%20%E8%9B%A4%E7%A7%91%20%E9%9B%99%E6%AE%BC%E7%B6%B1%20&oid=523740 HTTP/1.1" 200 3766
66.249.71.127 - - [11/Jul/2015:03:58:01 +0800] "GET /content/repository/resource_content.jsp?oid=2512672&queryType=qs&queryString=%E8%98%AD%E4%BA%AD HTTP/1.1" 200 29890
220.181.108.148 - - [11/Jul/2015:03:59:36 +0800] "GET /content/repository/resource_content.jsp?oid=2568466 HTTP/1.1" 200 29507
66.249.71.54 - - [11/Jul/2015:03:59:55 +0800] "GET /content/repository/resource_content.jsp?oid=15093&queryType=qs&queryString=%E9%BB%9E%E7%8B%80%E7%B4%8B HTTP/1.1" 200 33024
66.249.71.113 - - [11/Jul/2015:04:01:49 +0800] "GET /content/nav/relationSubject.jsp?relationWords=%E5%8C%97%E8%BE%B0+%E5%98%89%E7%BE%A9%E5%B8%82+%E5%B8%82%E5%85%AC%E6%89%80+%E6%95%B4%E4%BF%AE+%E9%A0%90%E7%AE%97+&oid=1632049 HTTP/1.1" 200 6419
66.249.71.113 - - [11/Jul/2015:04:01:51 +0800] "GET /content/nav/relationSubject.jsp?relationWords=%E5%8C%97%E8%BE%B0%20%E5%98%89%E7%BE%A9%E5%B8%82%20%E5%B8%82%E5%85%AC%E6%89%80%20%E6%95%B4%E4%BF%AE%20%E9%A0%90%E7%AE%97%20&oid=1632049 HTTP/1.1" 200 6419
66.249.71.119 - - [11/Jul/2015:04:01:54 +0800] "GET /content/nav/relationSubject.jsp?relationWords=&oid=2679369 HTTP/1.1" 200 1405
49.214.192.255 - - [11/Jul/2015:04:02:42 +0800] "GET /content/nav/relationSubject.jsp?relationWords=%E7%A9%97%E8%8A%B1%E5%B1%B1%E5%A5%88+%E9%87%8E%E8%96%91%E8%8A%B1+&oid=16777263 HTTP/1.1" 200 3284
66.249.71.14 - - [11/Jul/2015:04:03:45 +0800] "GET /digiarch3/content/subject/resource_content.jsp?oid=16777448&queryType=qs&queryString=%E5%8D%81%E5%85%AB%E5%AD%B8%E5%A3%AB HTTP/1.1" 200 34511
66.249.71.5 - - [11/Jul/2015:04:05:41 +0800] "GET /digiarch3/content/repository/resource_content.jsp?oid=2649634&queryString=%E7%8E%8B%E5%AE%88 HTTP/1.1" 200 30203
66.249.71.14 - - [11/Jul/2015:04:06:07 +0800] "GET /content/nav/relationSubject.jsp?relationWords=&oid=2655406 HTTP/1.1" 200 1405
66.249.71.5 - - [11/Jul/2015:04:07:36 +0800] "GET /digiarch3/content/repository/resource_content.jsp?oid=4357456&queryType=qs&queryString=%E5%B7%AB%E5%A5%B3 HTTP/1.1" 200 28305
220.181.108.96 - - [11/Jul/2015:04:07:49 +0800] "GET /content/repository/resource_content.jsp?oid=2580373 HTTP/1.1" 200 30098
66.249.71.119 - - [11/Jul/2015:04:09:31 +0800] "GET /content/repository/resource_content.jsp?oid=4362938&queryType=qs&queryString=%E5%9C%9F%E5%9C%B0%E5%85%AC HTTP/1.1" 200 30281
66.249.71.72 - - [11/Jul/2015:04:10:02 +0800] "GET /content/nav/relationSubject.jsp?relationWords=%E9%99%B8%E6%B8%AC%E5%9C%96+&oid=222402 HTTP/1.1" 200 3079
66.249.71.64 - - [11/Jul/2015:04:10:04 +0800] "GET /content/nav/relationSubject.jsp?relationWords=%E9%99%B8%E6%B8%AC%E5%9C%96%20&oid=222402 HTTP/1.1" 200 3079
66.249.71.127 - - [11/Jul/2015:04:10:25 +0800] "GET /content/repository/resource_content.jsp?oid=2563597&queryType=qs&queryString=%E5%BB%AC%E6%B1%9F HTTP/1.1" 200 29034
66.249.71.113 - - [11/Jul/2015:04:11:08 +0800] "GET /content/nav/relationSubject.jsp?relationWords=%E6%A4%8D%E7%89%A9%E7%95%8C+%E8%8F%8A%E7%A7%91+%E8%94%93%E6%BE%A4%E8%98%AD+%E8%94%93%E6%BE%A4%E8%98%AD%E5%B1%AC+%E9%9B%99%E5%AD%90%E8%91%89%E6%A4%8D%E7%89%A9+&oid=1099212 HTTP/1.1" 200 4809
66.249.71.105 - - [11/Jul/2015:04:11:10 +0800] "GET /content/nav/relationSubject.jsp?relationWords=%E6%A4%8D%E7%89%A9%E7%95%8C%20%E8%8F%8A%E7%A7%91%20%E8%94%93%E6%BE%A4%E8%98%AD%20%E8%94%93%E6%BE%A4%E8%98%AD%E5%B1%AC%20%E9%9B%99%E5%AD%90%E8%91%89%E6%A4%8D%E7%89%A9%20&oid=1099212 HTTP/1.1" 200 4809
101.226.167.220 - - [11/Jul/2015:04:11:17 +0800] "GET /digiarch3/content/tmp_exh/resource_content.jsp?oid=16777692&queryType=qc%201921 HTTP/1.1" 200 36306
101.226.166.250 - - [11/Jul/2015:04:11:55 +0800] "GET /digiarch3/content/subject/resource_content.jsp?oid=16797240&queryType=qc HTTP/1.1" 200 42460
66.249.71.60 - - [11/Jul/2015:04:12:25 +0800] "GET /digiarch_en/content/nav/relationSubject.jsp?relationWords=%E5%8F%B0%E6%9D%B1%E8%98%87%E9%90%B5+&oid=16777436 HTTP/1.1" 200 4075
66.249.71.60 - - [11/Jul/2015:04:12:27 +0800] "GET /digiarch_en/content/nav/relationSubject.jsp?relationWords=%E5%8F%B0%E6%9D%B1%E8%98%87%E9%90%B5%20&oid=16777436 HTTP/1.1" 200 4075
66.249.71.119 - - [11/Jul/2015:04:13:12 +0800] "GET /content/subject/resource_content.jsp?oid=16777266&queryType=qc HTTP/1.1" 200 35355
68.180.228.24 - - [11/Jul/2015:04:13:37 +0800] "GET /content/pictures/picture_content.jsp?oid=33554797 HTTP/1.1" 200 27481
66.249.71.119 - - [11/Jul/2015:04:15:06 +0800] "GET /content/repository/resource_content.jsp?oid=4499884&queryType=qs&queryString=%E7%89%87%E5%B2%A9 HTTP/1.1" 200 30119
66.249.71.72 - - [11/Jul/2015:04:16:19 +0800] "GET /content/nav/relationSubject.jsp?relationWords=%E9%AA%A8%E6%9F%B6+&oid=1877646 HTTP/1.1" 200 2975
66.249.71.60 - - [11/Jul/2015:04:16:23 +0800] "GET /content/nav/relationSubject.jsp?relationWords=%E9%AA%A8%E6%9F%B6%20&oid=1877646 HTTP/1.1" 200 2975
66.249.71.119 - - [11/Jul/2015:04:16:32 +0800] "GET /content/nav/relationSubject.jsp?relationWords=%E5%90%8F%E9%83%A8+%E7%9F%A5%E7%85%A7+&oid=2643326 HTTP/1.1" 200 3136
66.249.71.127 - - [11/Jul/2015:04:16:59 +0800] "GET /content/repository/resource_content.jsp?oid=2678710&queryType=qs&queryString=%E5%90%8C%E7%9F%A5%E7%8E%8B HTTP/1.1" 200 30225
68.180.228.24 - - [11/Jul/2015:04:17:50 +0800] "GET /content/tmp_tec/resource_content.jsp?oid=16777753 HTTP/1.1" 200 33902
157.55.39.49 - - [11/Jul/2015:04:18:00 +0800] "GET /content/subject/resource_content.jsp?oid=16777837&queryType=qc HTTP/1.1" 200 37549
66.249.71.72 - - [11/Jul/2015:04:18:03 +0800] "GET /content/nav/relationSubject.jsp?relationWords=%E5%85%AC%E6%96%87%E5%87%BD+%E7%A5%95%E6%9B%B8%E8%99%95+%E8%87%BA%E7%81%A3%E7%9C%81%E5%8F%83%E8%AD%B0%E6%9C%83+%E8%8A%B1%E7%94%9F%E6%B2%B9+&oid=1515944 HTTP/1.1" 200 3611
66.249.71.72 - - [11/Jul/2015:04:18:05 +0800] "GET /content/nav/relationSubject.jsp?relationWords=%E5%85%AC%E6%96%87%E5%87%BD%20%E7%A5%95%E6%9B%B8%E8%99%95%20%E8%87%BA%E7%81%A3%E7%9C%81%E5%8F%83%E8%AD%B0%E6%9C%83%20%E8%8A%B1%E7%94%9F%E6%B2%B9%20&oid=1515944 HTTP/1.1" 200 3611
66.249.71.54 - - [11/Jul/2015:04:18:53 +0800] "GET /content/repository/resource_content.jsp?oid=2642573&queryType=qs&queryString=%E5%AE%89%E5%A5%89 HTTP/1.1" 200 30378
101.226.167.218 - - [11/Jul/2015:04:19:41 +0800] "GET /digiarch3/content/tmp_tec/resource_content.jsp?oid=16777730 HTTP/1.1" 200 42448
66.249.71.5 - - [11/Jul/2015:04:20:46 +0800] "GET /content/repository/resource_content.jsp?oid=1889628&queryString=%E5%BC%B5%E4%BF%8A%E9%9B%84%20%E7%B0%A1%E6%98%8E%E6%99%AF%20%E9%99%B3%E9%8C%AB%20%E9%BB%83%E6%B0%B8%E6%AC%BD HTTP/1.1" 200 29276
220.181.108.118 - - [11/Jul/2015:04:21:59 +0800] "GET /content/repository/resource_content.jsp?oid=1615123 HTTP/1.1" 200 28729
66.249.71.64 - - [11/Jul/2015:04:23:09 +0800] "GET /content/repository/resource_content.jsp?oid=3812410&queryString=%E7%99%BD%E8%91%89%E8%96%AF%E6%A6%94%20%E8%96%AF%E8%95%B7%E5%B1%AC HTTP/1.1" 200 31182
101.226.166.248 - - [11/Jul/2015:04:24:03 +0800] "GET /digiarch3/content/subject/resource_content.jsp?oid=16777620&queryType=qc%3E HTTP/1.1" 200 54821
66.249.71.23 - - [11/Jul/2015:04:24:18 +0800] "GET /digiarch3/content/nav/relationSubject.jsp?relationWords=%E5%8F%B2%E7%B6%B1+%E6%98%8E%E5%8F%B2+&oid=2674324 HTTP/1.1" 200 3086
66.249.71.60 - - [11/Jul/2015:04:24:33 +0800] "GET /content/repository/resource_content.jsp?oid=1592843 HTTP/1.1" 200 28640
66.249.71.60 - - [11/Jul/2015:04:25:33 +0800] "GET /content/subject/resource_content.jsp?oid=16777720&queryType=qc HTTP/1.1" 200 29887
180.76.15.139 - - [11/Jul/2015:04:25:56 +0800] "GET /content/repository/resource_content.jsp?oid=3812718&queryString=%E7%93%B6%E8%95%A8%20%E7%93%B6%E8%95%A8%E5%B1%AC HTTP/1.1" 200 30998
66.249.71.60 - - [11/Jul/2015:04:26:17 +0800] "GET /content/nav/relationSubject.jsp?relationWords=%E7%9C%81%E8%AD%B0%E6%9C%83+%E7%B3%96%E6%A5%AD+%E7%B8%A3%E8%AD%B0%E6%9C%83+%E8%87%A8%E6%99%82%E7%9C%81%E8%AD%B0%E6%9C%83+%E8%87%BA%E5%8D%97%E7%B8%A3+%E8%87%BA%E5%8D%97%E7%B8%A3%E8%AD%B0%E6%9C%83+%E8%87%BA%E7%81%A3%E7%9C%81+&oid=1537247 HTTP/1.1" 200 5507
66.249.71.72 - - [11/Jul/2015:04:26:18 +0800] "GET /content/nav/relationSubject.jsp?relationWords=%E7%9C%81%E8%AD%B0%E6%9C%83%20%E7%B3%96%E6%A5%AD%20%E7%B8%A3%E8%AD%B0%E6%9C%83%20%E8%87%A8%E6%99%82%E7%9C%81%E8%AD%B0%E6%9C%83%20%E8%87%BA%E5%8D%97%E7%B8%A3%20%E8%87%BA%E5%8D%97%E7%B8%A3%E8%AD%B0%E6%9C%83%20%E8%87%BA%E7%81%A3%E7%9C%81%20&oid=1537247 HTTP/1.1" 200 5507
66.249.71.119 - - [11/Jul/2015:04:26:24 +0800] "GET /content/repository/resource_content.jsp?oid=2686776&queryType=qs&queryString=%E6%B0%B8%E6%B8%85 HTTP/1.1" 200 30216
111.250.99.17 - - [11/Jul/2015:04:26:27 +0800] "GET /content/nav/relationSubject.jsp?relationWords=%E6%AA%AC%E6%9E%9C+%E8%8A%92%E6%9E%9C+&oid=16777508 HTTP/1.1" 200 4379
101.11.121.215 - - [11/Jul/2015:04:27:04 +0800] "GET /content/nav/relationSubject.jsp?relationWords=%E5%A4%9A%E6%A8%A3%E6%80%A7+%E7%A5%9E%E7%A5%AD+%E8%B2%9D%E5%A1%9A+%E8%B2%9D%E7%A5%9E+%E9%84%92%E6%97%8F+&oid=16777484 HTTP/1.1" 200 7500
66.249.71.64 - - [11/Jul/2015:04:27:51 +0800] "GET /content/nav/relationSubject.jsp?relationWords=%E5%A5%A7%E5%85%B5+&oid=739616 HTTP/1.1" 200 3019
66.249.71.72 - - [11/Jul/2015:04:27:53 +0800] "GET /content/nav/relationSubject.jsp?relationWords=%E5%A5%A7%E5%85%B5%20&oid=739616 HTTP/1.1" 200 3019
66.249.71.64 - - [11/Jul/2015:04:28:10 +0800] "GET /content/nav/relationSubject.jsp?relationWords=%E6%A4%8D%E7%89%A9%E7%95%8C+%E8%8F%8A%E7%A7%91+%E9%9B%99%E5%AD%90%E8%91%89%E6%A4%8D%E7%89%A9+%E9%A3%9B%E6%A9%9F%E8%8D%89+%E9%A6%99%E6%BE%A4%E8%98%AD+%E9%A6%99%E6%BE%A4%E8%98%AD%E5%B1%AC+&oid=1114140 HTTP/1.1" 200 3531
66.249.71.60 - - [11/Jul/2015:04:28:16 +0800] "GET /content/repository/resource_content.jsp?oid=2554185 HTTP/1.1" 200 29174
66.249.71.64 - - [11/Jul/2015:04:30:08 +0800] "GET /content/nav/relationSubject.jsp?relationWords=%E5%A4%A7%E8%82%9A%E6%BA%AA+%E5%A4%A7%E8%82%9A%E6%BA%AA%E4%B8%8B%E6%B8%B8+%E5%BA%9C%E5%BB%BA%E6%B0%B4+%E6%B0%B4%E5%AD%97+%E9%BE%8D%E4%BA%95+&oid=1545378 HTTP/1.1" 200 3356
66.249.71.60 - - [11/Jul/2015:04:30:10 +0800] "GET /content/nav/relationSubject.jsp?relationWords=%E5%A4%A7%E8%82%9A%E6%BA%AA%20%E5%A4%A7%E8%82%9A%E6%BA%AA%E4%B8%8B%E6%B8%B8%20%E5%BA%9C%E5%BB%BA%E6%B0%B4%20%E6%B0%B4%E5%AD%97%20%E9%BE%8D%E4%BA%95%20&oid=1545378 HTTP/1.1" 200 3356
66.249.71.60 - - [11/Jul/2015:04:31:02 +0800] "GET /content/nav/relationSubject.jsp?relationWords=%E6%9F%8F%E6%B2%B9%E8%B7%AF%E9%9D%A2+%E7%94%A2%E6%A5%AD%E9%81%93%E8%B7%AF+%E8%87%BA%E8%A5%BF%E9%84%89+%E8%BE%B2%E5%B1%B1+&oid=1633009 HTTP/1.1" 200 4582
66.249.71.60 - - [11/Jul/2015:04:31:03 +0800] "GET /content/nav/relationSubject.jsp?relationWords=%E6%9F%8F%E6%B2%B9%E8%B7%AF%E9%9D%A2%20%E7%94%A2%E6%A5%AD%E9%81%93%E8%B7%AF%20%E8%87%BA%E8%A5%BF%E9%84%89%20%E8%BE%B2%E5%B1%B1%20&oid=1633009 HTTP/1.1" 200 4582
66.249.71.60 - - [11/Jul/2015:04:31:32 +0800] "GET /content/nav/relationSubject.jsp?relationWords=%E4%B8%89%E5%8F%89%E8%95%A8+%E4%B8%89%E5%8F%89%E8%95%A8%E5%B1%AC+%E8%95%A8%E5%B1%AC+%E9%9B%B2%E5%8D%97%E4%B8%89%E5%8F%89%E8%95%A8+&oid=1109791 HTTP/1.1" 200 3366
66.249.71.60 - - [11/Jul/2015:04:31:33 +0800] "GET /content/nav/relationSubject.jsp?relationWords=%E4%B8%89%E5%8F%89%E8%95%A8%20%E4%B8%89%E5%8F%89%E8%95%A8%E5%B1%AC%20%E8%95%A8%E5%B1%AC%20%E9%9B%B2%E5%8D%97%E4%B8%89%E5%8F%89%E8%95%A8%20&oid=1109791 HTTP/1.1" 200 3366
66.249.71.64 - - [11/Jul/2015:04:31:38 +0800] "GET /content/nav/relationSubject.jsp?relationWords=%E6%9D%86%E9%A6%96%E9%A3%BE+&oid=1849412 HTTP/1.1" 200 2165
66.249.71.60 - - [11/Jul/2015:04:31:39 +0800] "GET /content/nav/relationSubject.jsp?relationWords=%E6%9D%86%E9%A6%96%E9%A3%BE%20&oid=1849412 HTTP/1.1" 200 2165
66.249.71.119 - - [11/Jul/2015:04:32:06 +0800] "GET /content/repository/resource_content.jsp?oid=2666411&queryType=qs&queryString=%E9%80%A3%E5%8A%AB HTTP/1.1" 200 30447
66.249.71.60 - - [11/Jul/2015:04:34:01 +0800] "GET /digiarch_en/content/repository/resource_content.jsp?oid=1897017&queryString=%E4%BA%BA%E5%90%8D%E6%AC%8A%E5%A8%81%20%E5%A4%96%E4%BA%A4%E9%83%A8%20%E5%B7%B4%E9%BB%8E%E5%92%8C%E6%9C%83%20%E8%8A%AE%E6%81%A9%E6%96%BD HTTP/1.1" 200 23172
66.249.71.64 - - [11/Jul/2015:04:35:57 +0800] "GET /digiarch_en/content/repository/resource_content.jsp?oid=1897017&queryString=%E4%BA%BA%E5%90%8D%E6%AC%8A%E5%A8%81%20%E5%A4%96%E4%BA%A4%E9%83%A8%20%E5%BE%B7%E5%A5%A7%E4%BF%98%E8%99%9C%20%E8%8F%AF%E5%A2%83 HTTP/1.1" 200 23172
220.181.108.144 - - [11/Jul/2015:04:36:04 +0800] "GET /content/repository/resource_content.jsp?oid=2664549 HTTP/1.1" 200 30307
66.249.71.64 - - [11/Jul/2015:04:37:18 +0800] "GET /content/nav/relationSubject.jsp?relationWords=%E9%BE%9C%E7%94%B2%E5%8D%9C%E8%BE%AD%E6%AE%98%E7%89%87+&oid=1840471 HTTP/1.1" 200 3071
66.249.71.64 - - [11/Jul/2015:04:37:20 +0800] "GET /content/nav/relationSubject.jsp?relationWords=%E9%BE%9C%E7%94%B2%E5%8D%9C%E8%BE%AD%E6%AE%98%E7%89%87%20&oid=1840471 HTTP/1.1" 200 3071
180.76.15.155 - - [11/Jul/2015:04:37:21 +0800] "GET /digiarch_en/content/repository/resource_content.jsp?oid=523552&queryString=%E8%BB%9F%E9%AB%94%E5%8B%95%E7%89%A9%E9%96%80%20%E9%8E%96%E7%AE%A1%20%E9%8E%96%E7%AE%A1%E7%A7%91%20%E9%A0%AD%E8%B6%B3%E7%B6%B1 HTTP/1.1" 200 25554
66.249.71.60 - - [11/Jul/2015:04:37:52 +0800] "GET /digiarch_en/content/repository/resource_content.jsp?oid=1897017&queryString=%E4%BA%A4%E6%B6%89%E5%93%A1%20%E4%BA%BA%E5%90%8D%E6%AC%8A%E5%A8%81%20%E5%90%B3%E4%BB%B2%E8%B3%A2%20%E5%A4%96%E4%BA%A4%E9%83%A8%20%E5%A8%81%E7%88%BE%E9%81%9C HTTP/1.1" 200 23172
66.249.71.127 - - [11/Jul/2015:04:39:51 +0800] "GET /content/subject/resource_content.jsp?oid=16777476&queryType=qs&queryString=%E5%8B%95%E7%89%A9%E5%AD%B8 HTTP/1.1" 200 54207
123.125.71.33 - - [11/Jul/2015:04:40:16 +0800] "GET /content/repository/resource_content.jsp?oid=1844976 HTTP/1.1" 200 30057
66.249.71.72 - - [11/Jul/2015:04:40:29 +0800] "GET /content/nav/relationSubject.jsp?relationWords=%E6%B9%96%E5%BB%A3%E5%8F%B8+&oid=2660876 HTTP/1.1" 200 3090
66.249.71.64 - - [11/Jul/2015:04:40:30 +0800] "GET /content/nav/relationSubject.jsp?relationWords=%E6%B9%96%E5%BB%A3%E5%8F%B8%20&oid=2660876 HTTP/1.1" 200 3090
220.181.108.185 - - [11/Jul/2015:04:41:20 +0800] "GET /content/repository/resource_content.jsp?oid=1516087 HTTP/1.1" 200 28835
66.249.71.72 - - [11/Jul/2015:04:41:50 +0800] "GET /content/subject/resource_content.jsp?oid=16777331&queryString=%E7%83%8F%E5%BF%83%E7%9F%B3%20%E9%B1%B8%E9%B0%BB HTTP/1.1" 200 31991
66.249.71.64 - - [11/Jul/2015:04:42:14 +0800] "GET /content/nav/relationSubject.jsp?relationWords=%E5%B9%B3%E5%8D%97%E7%8E%8B+%E9%9D%96%E5%8D%97%E7%8E%8B+&oid=2548792 HTTP/1.1" 200 3137
66.249.71.64 - - [11/Jul/2015:04:42:15 +0800] "GET /content/nav/relationSubject.jsp?relationWords=%E5%B9%B3%E5%8D%97%E7%8E%8B%20%E9%9D%96%E5%8D%97%E7%8E%8B%20&oid=2548792 HTTP/1.1" 200 3137
66.249.71.127 - - [11/Jul/2015:04:43:24 +0800] "GET /content/nav/relationSubject.jsp?relationWords=&oid=2563597 HTTP/1.1" 200 1405
66.249.71.23 - - [11/Jul/2015:04:43:50 +0800] "GET /digiarch3/content/subject/resource_content.jsp?oid=16797259&queryType=qc HTTP/1.1" 200 44075
66.249.71.72 - - [11/Jul/2015:04:44:38 +0800] "GET /content/repository/resource_content.jsp?oid=4550597&queryString=%E7%B2%97%E8%82%8B%E7%B5%90%E8%9E%BA%20%E8%85%B9%E8%B6%B3%E7%B6%B1%20%E9%AA%A8%E8%9E%BA%E7%A7%91 HTTP/1.1" 200 30770
157.55.39.31 - - [11/Jul/2015:04:45:29 +0800] "GET /content/subject/resource_content.jsp?oid=16777721&queryType=qc HTTP/1.1" 200 36349
207.46.13.34 - - [11/Jul/2015:04:46:29 +0800] "GET /content/repository/resource_content.jsp?oid=1609280 HTTP/1.1" 200 29591
220.181.108.116 - - [11/Jul/2015:04:46:54 +0800] "GET /content/repository/resource_content.jsp?oid=1592711 HTTP/1.1" 200 28764
66.249.71.60 - - [11/Jul/2015:04:47:31 +0800] "GET /content/subject/resource_content.jsp?oid=16777493&queryString=%E7%A7%8B%E6%B5%B7%E6%A3%A0 HTTP/1.1" 200 47120
220.181.108.162 - - [11/Jul/2015:04:47:56 +0800] "GET /content/repository/resource_content.jsp?oid=1899515 HTTP/1.1" 200 29823
66.249.71.119 - - [11/Jul/2015:04:49:26 +0800] "GET /content/repository/resource_content.jsp?oid=4364023&queryType=qs&queryString=%E5%95%86%E8%A1%8C HTTP/1.1" 200 28954
220.181.108.108 - - [11/Jul/2015:04:51:05 +0800] "GET /content/repository/resource_content.jsp?oid=1873526 HTTP/1.1" 200 29071
66.249.71.119 - - [11/Jul/2015:04:51:21 +0800] "GET /content/repository/resource_content.jsp?oid=2629975&queryType=qs&queryString=%E7%89%A7%E7%89%9B HTTP/1.1" 200 29204
66.249.71.72 - - [11/Jul/2015:04:53:16 +0800] "GET /digiarch_en/content/repository/resource_content.jsp?oid=1126281&queryString=%E5%B0%96%E8%A7%92%E6%B1%9F%E7%8F%A7%E8%9B%A4%20%E6%B1%9F%E7%8F%A7%E8%9B%A4%20%E8%9B%A4%E7%A7%91%20%E8%B2%BD%E8%B2%9D%20%E9%9B%99%E6%AE%BC%E7%B6%B1 HTTP/1.1" 200 24188
66.249.71.127 - - [11/Jul/2015:04:54:03 +0800] "GET /content/nav/relationSubject.jsp?relationWords=%E4%B8%8A%E8%AB%AD+%E5%90%8F%E9%83%A8+%E7%A7%BB%E6%9C%83+&oid=2686526 HTTP/1.1" 200 3151
66.249.71.127 - - [11/Jul/2015:04:54:04 +0800] "GET /content/nav/relationSubject.jsp?relationWords=%E4%B8%8A%E8%AB%AD%20%E5%90%8F%E9%83%A8%20%E7%A7%BB%E6%9C%83%20&oid=2686526 HTTP/1.1" 200 3151
66.249.71.60 - - [11/Jul/2015:04:54:26 +0800] "GET /content/repository/resource_content.jsp?oid=1515620 HTTP/1.1" 200 28427
66.249.71.127 - - [11/Jul/2015:04:55:12 +0800] "GET /content/subject/resource_content.jsp?oid=16777254&queryString= HTTP/1.1" 200 34778
66.249.71.60 - - [11/Jul/2015:04:55:34 +0800] "GET /content/nav/relationSubject.jsp?relationWords=%E9%AF%89%E7%A7%91+&oid=23388 HTTP/1.1" 200 2915
66.249.71.64 - - [11/Jul/2015:04:55:35 +0800] "GET /content/nav/relationSubject.jsp?relationWords=%E9%AF%89%E7%A7%91%20&oid=23388 HTTP/1.1" 200 2915
66.249.71.3 - - [11/Jul/2015:04:57:06 +0800] "GET /content/repository/resource_content.jsp?oid=721650&queryString=%E7%85%A7%E6%9C%83%E6%97%A5%20%E7%9F%A2%E9%87%8E HTTP/1.1" 200 29525
66.249.71.127 - - [11/Jul/2015:04:58:46 +0800] "GET /content/nav/relationSubject.jsp?relationWords=%E5%9C%8B%E5%A7%93%E7%88%BA+%E7%B6%93%E7%95%A5+&oid=4447093 HTTP/1.1" 200 4046
66.249.71.3 - - [11/Jul/2015:04:58:47 +0800] "GET /content/nav/relationSubject.jsp?relationWords=%E5%9C%8B%E5%A7%93%E7%88%BA%20%E7%B6%93%E7%95%A5%20&oid=4447093 HTTP/1.1" 200 4046
66.249.71.3 - - [11/Jul/2015:04:59:02 +0800] "GET /content/subject/resource_content.jsp?oid=16777657&queryType=qs&queryString=%E5%9B%9B%E6%9C%88%E5%A4%A9 HTTP/1.1" 200 71660
123.125.71.91 - - [11/Jul/2015:05:00:01 +0800] "GET /content/repository/resource_content.jsp?oid=2672557 HTTP/1.1" 200 30274
66.249.71.64 - - [11/Jul/2015:05:00:35 +0800] "GET /content/nav/relationSubject.jsp?relationWords=%E5%9C%8B%E5%AE%85%20%E5%9C%8B%E6%B0%91%E4%BD%8F%E5%AE%85%20%E5%A4%A7%E5%90%8C%E5%8D%80%20%E5%A4%A7%E5%AE%89%E5%8D%80%20%E5%BD%AD%E5%BE%B7%20%E6%A8%99%E5%94%AE%20%E6%A8%B9%E6%9E%97%E9%8E%AE%20%E7%8F%BE%E7%8B%80%20%E7%95%B8%E9%9B%B6%E5%9C%B0%20%E7%9C%81%E6%94%BF%E5%BA%9C%20%E7%A6%8F%E6%98%9F%20%E8%87%BA%E5%8C%97%E5%B8%82%20%E8%87%BA%E5%8C%97%E5%B8%82%E6%94%BF%E5%BA%9C%20%E8%87%BA%E5%8C%97%E7%B8%A3%20%E8%87%BA%E7%81%A3%E7%9C%81%20%E8%87%BA%E7%81%A3%E7%9C%81%E6%94%BF%E5%BA%9C%20&oid=1898697 HTTP/1.1" 200 5207
66.249.71.127 - - [11/Jul/2015:05:00:59 +0800] "GET /content/repository/resource_content.jsp?oid=2637587&queryType=qs&queryString=%E5%BE%8B%E4%BB%A4 HTTP/1.1" 200 30314
66.249.71.3 - - [11/Jul/2015:05:01:24 +0800] "GET /content/nav/relationSubject.jsp?relationWords=%E5%98%89%E7%BE%A9%E5%B8%82+%E5%9C%8B%E6%9C%89%E6%9E%97+%E5%9C%B0%E4%B8%8A%E6%AC%8A+%E5%9C%B0%E6%AC%8A+%E6%99%82%E6%95%88+%E6%B0%91%E6%B3%95+%E6%BC%AB%E6%A4%8D%E6%9C%A8+%E8%BE%B2%E6%9E%97+&oid=1899636 HTTP/1.1" 200 6807
66.249.71.119 - - [11/Jul/2015:05:01:27 +0800] "GET /content/nav/relationSubject.jsp?relationWords=%E5%98%89%E7%BE%A9%E5%B8%82%20%E5%9C%8B%E6%9C%89%E6%9E%97%20%E5%9C%B0%E4%B8%8A%E6%AC%8A%20%E5%9C%B0%E6%AC%8A%20%E6%99%82%E6%95%88%20%E6%B0%91%E6%B3%95%20%E6%BC%AB%E6%A4%8D%E6%9C%A8%20%E8%BE%B2%E6%9E%97%20&oid=1899636 HTTP/1.1" 200 6807
220.181.108.144 - - [11/Jul/2015:05:02:06 +0800] "GET /content/repository/resource_content.jsp?oid=596816 HTTP/1.1" 200 28659
66.249.71.64 - - [11/Jul/2015:05:02:53 +0800] "GET /content/repository/resource_content.jsp?oid=1590211&queryString=%E5%85%AC%E6%AC%8A%E5%8A%9B%20%E7%A0%82%E7%9F%B3%E8%BB%8A HTTP/1.1" 200 30090
123.125.71.72 - - [11/Jul/2015:05:03:09 +0800] "GET /content/repository/resource_content.jsp?oid=1545649 HTTP/1.1" 200 28799
66.249.71.72 - - [11/Jul/2015:05:03:56 +0800] "GET /content/nav/relationSubject.jsp?relationWords=%E6%AD%A6%E7%82%B3%E7%82%8E+%E7%89%B9%E7%A8%AE%E8%80%83%E8%A9%A6+%E7%9C%81%E6%94%BF%E5%BA%9C+%E8%87%BA%E4%B8%AD%E5%8D%80+&oid=1521031 HTTP/1.1" 200 4622
66.249.71.60 - - [11/Jul/2015:05:04:01 +0800] "GET /content/nav/relationSubject.jsp?relationWords=%E6%AD%A6%E7%82%B3%E7%82%8E%20%E7%89%B9%E7%A8%AE%E8%80%83%E8%A9%A6%20%E7%9C%81%E6%94%BF%E5%BA%9C%20%E8%87%BA%E4%B8%AD%E5%8D%80%20&oid=1521031 HTTP/1.1" 200 4622
66.249.71.119 - - [11/Jul/2015:05:06:51 +0800] "GET /content/repository/resource_content.jsp?oid=2687201&queryType=qs&queryString=%E5%BA%9C%E5%AD%B8 HTTP/1.1" 200 29841
66.249.71.64 - - [11/Jul/2015:05:09:34 +0800] "GET /content/nav/relationSubject.jsp?relationWords=%E4%BC%AF%E5%96%AC%E7%88%B6%E7%B0%8B+%E4%BC%AF%E5%B0%B1%E7%88%B6%E7%B0%8B+%E7%88%B6%E7%B0%8B+&oid=1812807 HTTP/1.1" 200 3283
66.249.71.60 - - [11/Jul/2015:05:09:35 +0800] "GET /content/nav/relationSubject.jsp?relationWords=%E4%BC%AF%E5%96%AC%E7%88%B6%E7%B0%8B%20%E4%BC%AF%E5%B0%B1%E7%88%B6%E7%B0%8B%20%E7%88%B6%E7%B0%8B%20&oid=1812807 HTTP/1.1" 200 3283
123.125.71.50 - - [11/Jul/2015:05:10:47 +0800] "GET /content/subject/resource_content.jsp?oid=16777591 HTTP/1.1" 200 40758
66.249.71.113 - - [11/Jul/2015:05:12:30 +0800] "GET /content/repository/resource_content.jsp?oid=1099212&queryString=%E8%8A%B1%E8%94%93%20%E8%94%93%E6%BE%A4%E8%98%AD HTTP/1.1" 200 31396
66.249.71.60 - - [11/Jul/2015:05:14:21 +0800] "GET /content/nav/relationSubject.jsp?relationWords=&oid=2595907 HTTP/1.1" 200 1405
66.249.71.36 - - [11/Jul/2015:05:14:28 +0800] "GET /content/repository/resource_content.jsp?oid=1781361&queryString=%E7%9F%B3%E9%8C%9B%20%E9%9B%85%E7%BE%8E%E6%97%8F HTTP/1.1" 200 28835
66.249.71.121 - - [11/Jul/2015:05:16:25 +0800] "GET /content/repository/resource_content.jsp?oid=15813&queryString=%E4%B9%9D%E5%88%BA%E9%AE%A8%20%E4%B9%9D%E6%A3%98%20%E5%8F%B0%E7%81%A3%E4%B9%9D%E5%88%BA%E9%AE%A8%20%E7%9F%B3%E6%96%91%20%E9%81%8E%E9%AD%9A%20%E9%AE%A8%E7%A7%91 HTTP/1.1" 200 35233
66.249.71.60 - - [11/Jul/2015:05:16:35 +0800] "GET /content/nav/relationSubject.jsp?relationWords=%E9%AD%AF%E4%BC%AF%E5%A4%A7%E7%88%B6%E7%B0%8B%20&oid=1820626 HTTP/1.1" 200 2948
66.249.71.119 - - [11/Jul/2015:05:16:38 +0800] "GET /content/nav/relationSubject.jsp?relationWords=%E4%BA%BA%E5%90%8D%E6%AC%8A%E5%A8%81+%E6%96%BD%E8%82%87%E5%9F%BA+%E8%B2%B4%E6%97%8F%E9%99%A2+&oid=719479 HTTP/1.1" 200 3416
157.55.39.12 - - [11/Jul/2015:05:18:15 +0800] "GET /content/tmp_auth/resource_content.jsp?oid=16777777 HTTP/1.1" 200 29418
66.249.71.54 - - [11/Jul/2015:05:18:23 +0800] "GET /content/repository/resource_content.jsp?oid=1563290&queryString=%E5%85%B1%E7%94%A2%20%E8%BE%B2%E6%B0%91%E7%B5%84%E5%90%88 HTTP/1.1" 200 34088
220.181.108.93 - - [11/Jul/2015:05:18:38 +0800] "GET /content/repository/resource_content.jsp?oid=3402392 HTTP/1.1" 200 29446
123.125.71.73 - - [11/Jul/2015:05:19:42 +0800] "GET /content/subject/resource_content.jsp?oid=16777523 HTTP/1.1" 200 28523
66.249.71.3 - - [11/Jul/2015:05:20:25 +0800] "GET /content/subject/resource_content.jsp?oid=16777834&queryString=%E6%AE%B7%E5%A2%9F%20%E7%94%B2%E9%AA%A8%20%E9%83%B5%E7%A5%A8%20%E9%9D%92%E9%8A%85%E5%99%A8 HTTP/1.1" 200 29588
66.249.71.72 - - [11/Jul/2015:05:21:20 +0800] "GET /content/nav/relationSubject.jsp?relationWords=API+%E6%A4%8D%E7%89%A9%E7%95%8C+%E7%AB%8A%E8%A1%A3+%E7%AB%8A%E8%A1%A3%E5%B1%AC+%E7%B9%96%E5%BD%A2%E7%A7%91+%E9%9B%99%E5%AD%90%E8%91%89%E6%A4%8D%E7%89%A9+&oid=1103086 HTTP/1.1" 200 3381
66.249.71.113 - - [11/Jul/2015:05:22:28 +0800] "GET /content/repository/resource_content.jsp?oid=2676204&queryType=qs&queryString=%E7%87%9F%E4%BC%8D HTTP/1.1" 200 30731
123.125.71.34 - - [11/Jul/2015:05:23:56 +0800] "GET /content/repository/resource_content.jsp?oid=2608360 HTTP/1.1" 200 29268
101.226.169.228 - - [11/Jul/2015:05:24:05 +0800] "GET /digiarch3/content/pictures/picture_content.jsp?oid=33554809 HTTP/1.1" 200 27478
66.249.71.60 - - [11/Jul/2015:05:24:31 +0800] "GET /content/subject/resource_content.jsp?oid=16777732 HTTP/1.1" 200 31321
220.181.108.110 - - [11/Jul/2015:05:24:59 +0800] "GET /content/repository/resource_content.jsp?oid=578232 HTTP/1.1" 200 28135
220.181.108.108 - - [11/Jul/2015:05:26:02 +0800] "GET /content/repository/resource_content.jsp?oid=565626 HTTP/1.1" 200 28033
66.249.71.36 - - [11/Jul/2015:05:26:26 +0800] "GET /content/repository/resource_content.jsp?oid=2676204&queryString=%E5%BC%B5%E7%90%B4%20%E7%87%9F%E4%BC%8D HTTP/1.1" 200 30746
220.181.108.168 - - [11/Jul/2015:05:27:04 +0800] "GET /content/repository/resource_content.jsp?oid=2608824 HTTP/1.1" 200 29914
66.249.71.54 - - [11/Jul/2015:05:28:24 +0800] "GET /content/repository/resource_content.jsp?oid=15422&queryString=%E7%83%8F%E9%9D%A2%E8%B5%A4%E5%B0%BE%E5%86%AC%20%E7%B4%85%E5%B0%BE%E5%86%AC%E4%BB%94%20%E9%87%91%E7%B7%9A%E9%AD%9A%E7%A7%91 HTTP/1.1" 200 35285
66.249.71.113 - - [11/Jul/2015:05:29:38 +0800] "GET /content/nav/relationSubject.jsp?relationWords=%E5%8E%B2%E7%8E%8B+%E6%9D%8E%E5%BA%9C%E5%8D%83%E6%AD%B2+%E9%97%9C%E5%B8%9D+&oid=4362878 HTTP/1.1" 200 3168
66.249.71.105 - - [11/Jul/2015:05:29:39 +0800] "GET /content/nav/relationSubject.jsp?relationWords=%E5%8E%B2%E7%8E%8B%20%E6%9D%8E%E5%BA%9C%E5%8D%83%E6%AD%B2%20%E9%97%9C%E5%B8%9D%20&oid=4362878 HTTP/1.1" 200 3168
123.125.71.101 - - [11/Jul/2015:05:30:14 +0800] "GET /content/repository/resource_content.jsp?oid=583836 HTTP/1.1" 200 28796
66.249.71.60 - - [11/Jul/2015:05:30:28 +0800] "GET /content/subject/resource_content.jsp?oid=16777660&queryString HTTP/1.1" 200 70766
66.249.71.64 - - [11/Jul/2015:05:31:16 +0800] "GET /content/nav/relationSubject.jsp?relationWords=%E4%BA%BA%E5%90%8D%E6%AC%8A%E5%A8%81+%E5%A4%96%E4%BA%A4%E9%83%A8+%E6%9C%B1%E9%82%87%E5%85%B8+%E6%AD%90%E6%88%B0+%E9%A1%A7%E7%B6%AD%E9%88%9E+&oid=717272 HTTP/1.1" 200 3925
66.249.71.64 - - [11/Jul/2015:05:31:19 +0800] "GET /content/nav/relationSubject.jsp?relationWords=%E4%BA%BA%E5%90%8D%E6%AC%8A%E5%A8%81%20%E5%A4%96%E4%BA%A4%E9%83%A8%20%E6%9C%B1%E9%82%87%E5%85%B8%20%E6%AD%90%E6%88%B0%20%E9%A1%A7%E7%B6%AD%E9%88%9E%20&oid=717272 HTTP/1.1" 200 3925
123.125.71.111 - - [11/Jul/2015:05:32:19 +0800] "GET /content/repository/resource_content.jsp?oid=4388417 HTTP/1.1" 200 30578
66.249.71.60 - - [11/Jul/2015:05:32:31 +0800] "GET /content/repository/resource_content.jsp?oid=1893683 HTTP/1.1" 200 28401
220.181.108.139 - - [11/Jul/2015:05:33:23 +0800] "GET /content/repository/resource_content.jsp?oid=568745 HTTP/1.1" 200 28191
66.249.71.60 - - [11/Jul/2015:05:34:15 +0800] "GET /content/nav/relationSubject.jsp?relationWords=%E6%A4%8D%E7%89%A9%E7%95%8C%20%E7%99%BD%E8%91%89%20%E7%99%BD%E8%91%89%E8%96%AF%E6%A6%94%20%E8%96%AF%E6%A6%94%20%E8%96%AF%E8%95%B7%20%E8%96%AF%E8%95%B7%E5%B1%AC%20%E8%96%AF%E8%95%B7%E7%A7%91%20%E8%A3%A1%E7%99%BD%E8%91%89%E8%96%AF%E6%A6%94%20&oid=3812410 HTTP/1.1" 200 3552
220.181.108.116 - - [11/Jul/2015:05:35:28 +0800] "GET /content/repository/resource_content.jsp?oid=1854955 HTTP/1.1" 200 29513
66.249.71.119 - - [11/Jul/2015:05:37:30 +0800] "GET /content/nav/relationSubject.jsp?relationWords=&oid=2521816 HTTP/1.1" 200 1405
220.181.108.140 - - [11/Jul/2015:05:37:34 +0800] "GET /content/repository/resource_content.jsp?oid=561821 HTTP/1.1" 200 28170
123.125.71.84 - - [11/Jul/2015:05:40:07 +0800] "GET /content/repository/resource_content.jsp?oid=2633261 HTTP/1.1" 200 29560
66.249.71.60 - - [11/Jul/2015:05:41:05 +0800] "GET /content/subject/resource_content.jsp?oid=16777429 HTTP/1.1" 200 31100
123.125.71.88 - - [11/Jul/2015:05:41:10 +0800] "GET /content/repository/resource_content.jsp?oid=1629748 HTTP/1.1" 200 28865
66.249.71.127 - - [11/Jul/2015:05:43:07 +0800] "GET /content/tmp_exh/resource_content.jsp?oid=16777845&queryType=qc%201889 HTTP/1.1" 200 46650
66.249.79.72 - - [11/Jul/2015:05:44:32 +0800] "GET /content/subject/resource_content.jsp?oid=16777787&queryType=qc HTTP/1.1" 200 57852
123.125.71.99 - - [11/Jul/2015:05:44:59 +0800] "GET /content/repository/resource_content.jsp?oid=2602052 HTTP/1.1" 200 29124
66.249.71.113 - - [11/Jul/2015:05:46:20 +0800] "GET /content/nav/relationSubject.jsp?relationWords=%E5%85%AC%E8%BB%8A+%E5%89%8D%E9%8E%AE+%E5%9C%B0%E4%B8%8B%E9%81%93+%E7%84%A1%E7%B7%9A%E9%9B%BB+%E7%B3%96%E9%90%B5+%E8%87%BA%E7%B3%96+%E8%B2%B8%E6%AC%BE+%E9%AB%98%E9%9B%84%E6%B8%AF+&oid=1628613 HTTP/1.1" 200 4587
66.249.71.121 - - [11/Jul/2015:05:46:24 +0800] "GET /content/nav/relationSubject.jsp?relationWords=%E5%85%AC%E8%BB%8A%20%E5%89%8D%E9%8E%AE%20%E5%9C%B0%E4%B8%8B%E9%81%93%20%E7%84%A1%E7%B7%9A%E9%9B%BB%20%E7%B3%96%E9%90%B5%20%E8%87%BA%E7%B3%96%20%E8%B2%B8%E6%AC%BE%20%E9%AB%98%E9%9B%84%E6%B8%AF%20&oid=1628613 HTTP/1.1" 200 4587
220.181.108.110 - - [11/Jul/2015:05:47:25 +0800] "GET /content/repository/resource_content.jsp?oid=1851698 HTTP/1.1" 200 29684
123.125.71.87 - - [11/Jul/2015:05:48:27 +0800] "GET /content/repository/resource_content.jsp?oid=1835216 HTTP/1.1" 200 29143
66.249.71.59 - - [11/Jul/2015:05:48:37 +0800] "GET /content/nav/relationSubject.jsp?relationWords=%E6%BC%A2%E4%BB%A3+%E6%BC%A2%E7%B0%A1+%E7%95%AA%E7%A4%BE+%E7%95%AA%E7%A4%BE%E9%87%87%E9%A2%A8%E5%9C%96+%E7%B0%A1%E7%89%98+%E9%87%87%E9%A2%A8%E5%9C%96+&oid=16777740 HTTP/1.1" 200 4776
66.249.71.50 - - [11/Jul/2015:05:48:39 +0800] "GET /content/nav/relationSubject.jsp?relationWords=%E6%BC%A2%E4%BB%A3%20%E6%BC%A2%E7%B0%A1%20%E7%95%AA%E7%A4%BE%20%E7%95%AA%E7%A4%BE%E9%87%87%E9%A2%A8%E5%9C%96%20%E7%B0%A1%E7%89%98%20%E9%87%87%E9%A2%A8%E5%9C%96%20&oid=16777740 HTTP/1.1" 200 4776
123.125.71.110 - - [11/Jul/2015:05:50:38 +0800] "GET /content/subject/resource_content.jsp?oid=16777461 HTTP/1.1" 200 28755
123.125.71.20 - - [11/Jul/2015:05:51:35 +0800] "GET /content/repository/resource_content.jsp?oid=2627496 HTTP/1.1" 200 29380
66.249.71.127 - - [11/Jul/2015:05:52:06 +0800] "GET /content/nav/relationSubject.jsp?relationWords=%E7%85%99%E5%85%B7+%E7%8A%80%E8%A7%92+&oid=4363763 HTTP/1.1" 200 3053
66.249.71.119 - - [11/Jul/2015:05:52:07 +0800] "GET /content/nav/relationSubject.jsp?relationWords=%E7%85%99%E5%85%B7%20%E7%8A%80%E8%A7%92%20&oid=4363763 HTTP/1.1" 200 3053
220.181.108.77 - - [11/Jul/2015:05:53:41 +0800] "GET /content/repository/resource_content.jsp?oid=1629774 HTTP/1.1" 200 28692
66.249.71.64 - - [11/Jul/2015:05:56:29 +0800] "GET /content/repository/resource_content.jsp?oid=14225&queryString=%E7%83%8F%E8%80%B3%E9%B0%BB%20%E8%8A%B1%E9%B0%BB%20%E8%8A%B1%E9%B0%BB%E9%B1%BA%20%E9%B0%BB%E9%B1%BA%20%E9%B0%BB%E9%B1%BA%E7%A7%91%20%E9%B1%B8%E9%B0%BB HTTP/1.1" 200 35241
220.181.108.99 - - [11/Jul/2015:05:56:51 +0800] "GET /content/repository/resource_content.jsp?oid=1533715 HTTP/1.1" 200 29064
157.55.39.12 - - [11/Jul/2015:05:57:45 +0800] "GET /content/subject/resource_content.jsp?oid=16797260&queryType=qc HTTP/1.1" 200 47340
123.125.71.41 - - [11/Jul/2015:05:57:52 +0800] "GET /content/repository/resource_content.jsp?oid=1888978 HTTP/1.1" 200 29036
66.249.71.72 - - [11/Jul/2015:05:58:14 +0800] "GET /content/subject/resource_content.jsp?oid=16777306&queryString=%E8%8C%84%E8%8B%B3 HTTP/1.1" 200 33337
66.249.71.72 - - [11/Jul/2015:05:58:18 +0800] "GET /content/nav/relationSubject.jsp?relationWords=%E4%BD%95%E7%9C%9F+%E4%BF%9D%E5%AE%89%E6%9E%97+%E5%85%B1%E6%BF%9F%E6%9C%83+%E5%8A%89%E9%87%91%E7%B4%84+%E5%8D%97%E6%8A%95%E7%B8%A3%E6%94%BF%E5%BA%9C+%E5%8D%97%E6%8A%95%E7%B8%A3%E8%AD%B0%E6%9C%83+%E5%90%88%E4%BD%9C%E7%A4%BE+%E5%90%B3%E9%BA%9F%E6%87%B7+%E5%9C%B0%E7%A7%9F+%E5%A5%89%E7%9C%81+%E5%A5%A7%E7%94%B0%E5%BB%A3%E5%90%89+%E5%BE%8C%E5%82%99%E8%BB%8D%E4%BA%BA+%E5%BE%90%E7%81%B6%E7%94%9F+%E6%87%87%E8%BD%89+%E6%89%80%E6%9C%89%E6%AC%8A+%E6%9C%83%E8%AD%B0%E7%B4%80%E9%8C%84+%E6%9D%8E%E9%98%BF%E6%85%B6+%E6%9D%B1%E6%A9%AB+%E6%A5%8A%E8%BC%9D%E7%85%8C+%E7%90%86%E5%90%88+%E7%A7%9F%E8%B3%83+%E7%A8%85%E6%8D%90+%E7%B5%B1%E4%B8%80%E7%99%BC%E7%A5%A8+%E8%82%A1%E4%BB%BD%E6%9C%89%E9%99%90%E5%85%AC%E5%8F%B8+%E8%87%BA%E5%8C%97%E7%B8%A3%E8%AD%B0%E6%9C%83+%E8%87%BA%E5%8D%97%E5%B8%82+%E8%87%BA%E5%8D%97%E5%B8%82%E6%94%BF%E5%BA%9C+%E8%87%BA%E7%81%A3%E7%9C%81+%E8%87%BA%E7%81%A3%E7%9C%81%E6%94%BF%E5%BA%9C+%E8%91%A3%E4%BA%8B%E9%95%B7+%E8%94%A1%E5%B1%85+%E8%A8%B1%E6%B4%8B+%E8%AB%8B%E9%91%92+%E8%B2%A8%E7%89%A9%E7%A8%85+%E9%80%A0%E6%9E%97+%E9%91%92%E6%A0%B8%E6%A1%88+%E9%98%B2%E9%A2%A8%E4%BF%9D%E5%AE%89%E6%9E%97+%E9%99%B3%E4%BA%8B+%E9%99%B3%E6%83%A1+%E9%99%B3%E6%B0%B8%E6%A8%99+%E9%99%B3%E8%90%AC%E7%A6%8F+%E9%99%B3%E9%95%B7%E5%A3%BD+%E9%AB%98%E9%9B%84%E7%B8%A3%E8%AD%B0%E6%9C%83+&oid=1539384 HTTP/1.1" 200 6548
66.249.71.72 - - [11/Jul/2015:05:58:20 +0800] "GET /content/nav/relationSubject.jsp?relationWords=%E4%BD%95%E7%9C%9F%20%E4%BF%9D%E5%AE%89%E6%9E%97%20%E5%85%B1%E6%BF%9F%E6%9C%83%20%E5%8A%89%E9%87%91%E7%B4%84%20%E5%8D%97%E6%8A%95%E7%B8%A3%E6%94%BF%E5%BA%9C%20%E5%8D%97%E6%8A%95%E7%B8%A3%E8%AD%B0%E6%9C%83%20%E5%90%88%E4%BD%9C%E7%A4%BE%20%E5%90%B3%E9%BA%9F%E6%87%B7%20%E5%9C%B0%E7%A7%9F%20%E5%A5%89%E7%9C%81%20%E5%A5%A7%E7%94%B0%E5%BB%A3%E5%90%89%20%E5%BE%8C%E5%82%99%E8%BB%8D%E4%BA%BA%20%E5%BE%90%E7%81%B6%E7%94%9F%20%E6%87%87%E8%BD%89%20%E6%89%80%E6%9C%89%E6%AC%8A%20%E6%9C%83%E8%AD%B0%E7%B4%80%E9%8C%84%20%E6%9D%8E%E9%98%BF%E6%85%B6%20%E6%9D%B1%E6%A9%AB%20%E6%A5%8A%E8%BC%9D%E7%85%8C%20%E7%90%86%E5%90%88%20%E7%A7%9F%E8%B3%83%20%E7%A8%85%E6%8D%90%20%E7%B5%B1%E4%B8%80%E7%99%BC%E7%A5%A8%20%E8%82%A1%E4%BB%BD%E6%9C%89%E9%99%90%E5%85%AC%E5%8F%B8%20%E8%87%BA%E5%8C%97%E7%B8%A3%E8%AD%B0%E6%9C%83%20%E8%87%BA%E5%8D%97%E5%B8%82%20%E8%87%BA%E5%8D%97%E5%B8%82%E6%94%BF%E5%BA%9C%20%E8%87%BA%E7%81%A3%E7%9C%81%20%E8%87%BA%E7%81%A3%E7%9C%81%E6%94%BF%E5%BA%9C%20%E8%91%A3%E4%BA%8B%E9%95%B7%20%E8%94%A1%E5%B1%85%20%E8%A8%B1%E6%B4%8B%20%E8%AB%8B%E9%91%92%20%E8%B2%A8%E7%89%A9%E7%A8%85%20%E9%80%A0%E6%9E%97%20%E9%91%92%E6%A0%B8%E6%A1%88%20%E9%98%B2%E9%A2%A8%E4%BF%9D%E5%AE%89%E6%9E%97%20%E9%99%B3%E4%BA%8B%20%E9%99%B3%E6%83%A1%20%E9%99%B3%E6%B0%B8%E6%A8%99%20%E9%99%B3%E8%90%AC%E7%A6%8F%20%E9%99%B3%E9%95%B7%E5%A3%BD%20%E9%AB%98%E9%9B%84%E7%B8%A3%E8%AD%B0%E6%9C%83%20&oid=1539384 HTTP/1.1" 200 6548
66.249.71.127 - - [11/Jul/2015:05:59:10 +0800] "GET /content/nav/relationSubject.jsp?relationWords=%E7%B4%85%E5%A4%A7%E7%9B%AE%E4%BB%94+%E7%B4%85%E9%87%91%E7%9C%BC%E9%AF%9B+%E9%87%91%E7%9C%BC%E9%AF%9B+%E9%AF%9B%E7%A7%91+&oid=14731 HTTP/1.1" 200 3621
66.249.71.3 - - [11/Jul/2015:05:59:11 +0800] "GET /content/nav/relationSubject.jsp?relationWords=%E7%B4%85%E5%A4%A7%E7%9B%AE%E4%BB%94%20%E7%B4%85%E9%87%91%E7%9C%BC%E9%AF%9B%20%E9%87%91%E7%9C%BC%E9%AF%9B%20%E9%AF%9B%E7%A7%91%20&oid=14731 HTTP/1.1" 200 3621
123.125.71.20 - - [11/Jul/2015:05:59:57 +0800] "GET /content/repository/resource_content.jsp?oid=569167 HTTP/1.1" 200 28111
66.249.71.72 - - [11/Jul/2015:06:00:02 +0800] "GET /content/nav/relationSubject.jsp?relationWords=%E5%B8%8C%E6%B0%8F+&oid=732384 HTTP/1.1" 200 3070
66.249.71.72 - - [11/Jul/2015:06:00:04 +0800] "GET /content/nav/relationSubject.jsp?relationWords=%E5%B8%8C%E6%B0%8F%20&oid=732384 HTTP/1.1" 200 3070
66.249.71.72 - - [11/Jul/2015:06:00:23 +0800] "GET /content/subject/resource_content.jsp?oid=16777660 HTTP/1.1" 200 70766
101.12.113.143 - - [11/Jul/2015:06:01:47 +0800] "GET /content/nav/relationSubject.jsp?relationWords=%E8%96%9C%E8%8D%94+&oid=16777485 HTTP/1.1" 200 3561
66.249.71.72 - - [11/Jul/2015:06:01:53 +0800] "GET /content/nav/relationSubject.jsp?relationWords=%E5%BE%81%E6%94%B6%E7%8E%87+%E6%B1%BD%E8%BB%8A%E9%81%8B%E8%BC%B8%E6%A5%AD+%E7%87%9F%E6%A5%AD%E7%A8%85+%E8%AA%B2%E7%A8%85+%E8%B2%A1%E7%A8%85+&oid=1612432 HTTP/1.1" 200 3311
66.249.71.64 - - [11/Jul/2015:06:01:55 +0800] "GET /content/nav/relationSubject.jsp?relationWords=%E5%BE%81%E6%94%B6%E7%8E%87%20%E6%B1%BD%E8%BB%8A%E9%81%8B%E8%BC%B8%E6%A5%AD%20%E7%87%9F%E6%A5%AD%E7%A8%85%20%E8%AA%B2%E7%A8%85%20%E8%B2%A1%E7%A8%85%20&oid=1612432 HTTP/1.1" 200 3311
66.249.71.72 - - [11/Jul/2015:06:02:31 +0800] "GET /content/repository/resource_content.jsp?oid=3821659&queryString=%E5%A4%8F%E5%A4%9C%20%E6%B0%B4%E8%8C%84%20%E6%B0%B4%E8%8C%84%E8%8B%B3%20%E8%8C%84%E8%8B%B3 HTTP/1.1" 200 30936
157.55.39.31 - - [11/Jul/2015:06:02:53 +0800] "GET /content/repository/resource_content.jsp?oid=1779811&queryString=%E5%8F%B0%E7%81%A3%E5%8E%9F%E4%BD%8F%E6%B0%91%20%E6%95%B8%E4%BD%8D%E5%85%B8%E8%97%8F HTTP/1.1" 200 30531
66.249.71.60 - - [11/Jul/2015:06:04:40 +0800] "GET /content/subject/resource_content.jsp?oid=16777761&queryString= HTTP/1.1" 200 32733
220.181.108.89 - - [11/Jul/2015:06:06:19 +0800] "GET /content/repository/resource_content.jsp?oid=2664582 HTTP/1.1" 200 29654
220.181.108.85 - - [11/Jul/2015:06:07:21 +0800] "GET /content/repository/resource_content.jsp?oid=2513108 HTTP/1.1" 200 29845
123.125.71.70 - - [11/Jul/2015:06:08:23 +0800] "GET /content/repository/resource_content.jsp?oid=2679640 HTTP/1.1" 200 29926
66.249.71.72 - - [11/Jul/2015:06:08:57 +0800] "GET /content/subject/resource_content.jsp?oid=16777345&queryString=%E6%9D%9C%E9%B5%91%20%E6%9D%9C%E9%B5%91%E8%8A%B1%20%E6%9D%9C%E9%B5%91%E8%8A%B1%E5%B1%AC%20%E6%9D%9C%E9%B5%91%E8%8A%B1%E7%A7%91%20%E6%A4%8D%E7%89%A9%E7%95%8C%20%E7%8E%89%E5%B1%B1%E6%9D%9C%E9%B5%91 HTTP/1.1" 200 35638
66.249.71.72 - - [11/Jul/2015:06:11:02 +0800] "GET /content/nav/relationSubject.jsp?relationWords=%E4%BF%84%E6%B0%8F%E8%8D%89+%E4%BF%84%E6%B0%8F%E8%8D%89%E5%B1%AC+%E5%8F%B0%E9%96%A9%E8%8B%A3%E8%8B%94+%E5%8F%B0%E9%96%A9%E8%8B%A3%E8%8B%94%E5%B1%AC+%E6%A4%8D%E7%89%A9%E7%95%8C+%E7%8E%84%E5%8F%83+%E8%8B%A3%E8%8B%94+%E8%8B%A6%E8%8B%A3+%E8%8B%A6%E8%8B%A3%E8%8B%94+%E8%8B%A6%E8%8B%A3%E8%8B%94%E7%A7%91+&oid=2151013 HTTP/1.1" 200 3731
66.249.71.64 - - [11/Jul/2015:06:11:04 +0800] "GET /content/nav/relationSubject.jsp?relationWords=%E4%BF%84%E6%B0%8F%E8%8D%89%20%E4%BF%84%E6%B0%8F%E8%8D%89%E5%B1%AC%20%E5%8F%B0%E9%96%A9%E8%8B%A3%E8%8B%94%20%E5%8F%B0%E9%96%A9%E8%8B%A3%E8%8B%94%E5%B1%AC%20%E6%A4%8D%E7%89%A9%E7%95%8C%20%E7%8E%84%E5%8F%83%20%E8%8B%A3%E8%8B%94%20%E8%8B%A6%E8%8B%A3%20%E8%8B%A6%E8%8B%A3%E8%8B%94%20%E8%8B%A6%E8%8B%A3%E8%8B%94%E7%A7%91%20&oid=2151013 HTTP/1.1" 200 3731
66.249.71.3 - - [11/Jul/2015:06:11:44 +0800] "GET /content/nav/relationSubject.jsp?relationWords=%E5%9F%94%E5%A7%9C%20%E5%B1%B1%E5%9F%94%20%E5%B1%B1%E5%9F%94%E5%A7%9C%20%E6%A4%8D%E7%89%A9%E7%95%8C%20%E7%99%BD%E6%B0%B4%E6%9C%A8%20%E7%99%BD%E6%B0%B4%E6%9C%A8%E5%B1%AC%20%E7%B4%AB%E8%8D%89%20%E7%B4%AB%E8%8D%89%E7%A7%91%20&oid=1107933 HTTP/1.1" 200 3557
66.249.71.60 - - [11/Jul/2015:06:12:11 +0800] "GET /content/nav/relationSubject.jsp?relationWords=%E5%8D%B0%E8%8A%B1%E7%A8%85%E6%B3%95+%E6%9D%8E%E5%8A%9F%E5%9E%82+%E8%B3%91%E7%B0%BF+&oid=1517117 HTTP/1.1" 200 3561
66.249.71.64 - - [11/Jul/2015:06:12:12 +0800] "GET /content/nav/relationSubject.jsp?relationWords=%E5%8D%B0%E8%8A%B1%E7%A8%85%E6%B3%95%20%E6%9D%8E%E5%8A%9F%E5%9E%82%20%E8%B3%91%E7%B0%BF%20&oid=1517117 HTTP/1.1" 200 3561
123.125.71.22 - - [11/Jul/2015:06:15:06 +0800] "GET /content/subject/resource_content.jsp?oid=16777361&queryType=qc HTTP/1.1" 200 31882
66.249.71.64 - - [11/Jul/2015:06:16:49 +0800] "GET /digiarch_en/content/nav/relationSubject.jsp?relationWords=%E5%8D%97%E6%B9%96%E5%A4%A7%E5%B1%B1%20%E6%9D%9C%E9%B5%91%20%E7%8E%89%E5%B1%B1%E6%9D%9C%E9%B5%91%20%E7%B4%B0%E8%91%89%E6%9D%9C%E9%B5%91%20%E8%A5%BF%E6%96%BD%E8%8A%B1%20&oid=16777736 HTTP/1.1" 200 5041
123.125.71.48 - - [11/Jul/2015:06:19:13 +0800] "GET /content/repository/resource_content.jsp?oid=1518598 HTTP/1.1" 200 28560
123.125.71.44 - - [11/Jul/2015:06:21:18 +0800] "GET /content/repository/resource_content.jsp?oid=2529387 HTTP/1.1" 200 28901
42.77.15.240 - - [11/Jul/2015:06:22:52 +0800] "GET /content/subject/resource_content.jsp?oid=16777753 HTTP/1.1" 200 36831
42.77.15.240 - - [11/Jul/2015:06:22:55 +0800] "GET /content/nav/relationSubject.jsp?relationWords=GIS+%E6%95%B8%E4%BD%8D%E5%85%B8%E8%97%8F+%E9%81%99%E6%B8%AC+%E9%81%99%E6%B8%AC%E5%BD%B1%E5%83%8F+&oid=16777753 HTTP/1.1" 200 9620
123.125.71.75 - - [11/Jul/2015:06:23:24 +0800] "GET /content/repository/resource_content.jsp?oid=1550905 HTTP/1.1" 200 28697
66.249.71.72 - - [11/Jul/2015:06:23:26 +0800] "GET /content/repository/resource_content.jsp?oid=1780553 HTTP/1.1" 200 29315
66.249.71.64 - - [11/Jul/2015:06:23:34 +0800] "GET /content/repository/resource_content.jsp?oid=798974 HTTP/1.1" 200 27915
144.76.27.118 - - [11/Jul/2015:06:24:21 +0800] "GET /content/subject/resource_content.jsp?oid=16777842&queryType=qc HTTP/1.1" 200 36275
144.76.27.118 - - [11/Jul/2015:06:24:24 +0800] "GET /content/subject/resource_content.jsp?oid=16777841&queryType=qc HTTP/1.1" 200 27539
144.76.27.118 - - [11/Jul/2015:06:24:48 +0800] "GET /content/subject/resource_content.jsp?oid=16777839&queryType=qc HTTP/1.1" 200 27193
144.76.27.118 - - [11/Jul/2015:06:24:51 +0800] "GET /content/subject/resource_content.jsp?oid=16777840&queryType=qc HTTP/1.1" 200 40649
144.76.27.118 - - [11/Jul/2015:06:24:56 +0800] "GET /content/subject/resource_content.jsp?oid=16777838&queryType=qc HTTP/1.1" 200 59031
144.76.27.118 - - [11/Jul/2015:06:24:59 +0800] "GET /content/subject/resource_content.jsp?oid=16777801&queryType=qc HTTP/1.1" 200 43038
144.76.27.118 - - [11/Jul/2015:06:25:05 +0800] "GET /content/subject/resource_content.jsp?oid=16777749&queryType=qc HTTP/1.1" 200 41248
144.76.27.118 - - [11/Jul/2015:06:25:09 +0800] "GET /content/subject/resource_content.jsp?oid=16777742&queryType=qc HTTP/1.1" 200 38999
144.76.27.118 - - [11/Jul/2015:06:25:18 +0800] "GET /content/subject/resource_content.jsp?oid=16777741&queryType=qc HTTP/1.1" 200 53538
144.76.27.118 - - [11/Jul/2015:06:25:21 +0800] "GET /content/subject/resource_content.jsp?oid=16777740&queryType=qc HTTP/1.1" 200 41464
144.76.27.118 - - [11/Jul/2015:06:25:26 +0800] "GET /content/subject/resource_content.jsp?oid=16777805&queryType=qc HTTP/1.1" 200 35092
144.76.27.118 - - [11/Jul/2015:06:25:30 +0800] "GET /content/subject/resource_content.jsp?oid=16777736&queryType=qc HTTP/1.1" 200 43184
144.76.27.118 - - [11/Jul/2015:06:25:33 +0800] "GET /content/subject/resource_content.jsp?oid=16777721&queryType=qc HTTP/1.1" 200 36349
144.76.27.118 - - [11/Jul/2015:06:25:36 +0800] "GET /content/subject/resource_content.jsp?oid=16777599&queryType=qc HTTP/1.1" 200 36977
144.76.27.118 - - [11/Jul/2015:06:25:46 +0800] "GET /content/subject/resource_content.jsp?oid=16777448&queryType=qc HTTP/1.1" 200 34534
144.76.27.118 - - [11/Jul/2015:06:25:48 +0800] "GET /content/subject/resource_content.jsp?oid=16777779&queryType=qc HTTP/1.1" 200 37703
144.76.27.118 - - [11/Jul/2015:06:25:51 +0800] "GET /content/subject/resource_content.jsp?oid=16777780&queryType=qc HTTP/1.1" 200 33936
144.76.27.118 - - [11/Jul/2015:06:25:54 +0800] "GET /content/subject/resource_content.jsp?oid=16777764&queryType=qc HTTP/1.1" 200 40780
144.76.27.118 - - [11/Jul/2015:06:25:57 +0800] "GET /content/subject/resource_content.jsp?oid=16777746&queryType=qc HTTP/1.1" 200 39188
144.76.27.118 - - [11/Jul/2015:06:26:01 +0800] "GET /content/subject/resource_content.jsp?oid=16777745&queryType=qc HTTP/1.1" 200 35935
144.76.27.118 - - [11/Jul/2015:06:26:04 +0800] "GET /content/subject/resource_content.jsp?oid=16777837&queryType=qc HTTP/1.1" 200 37538
144.76.27.118 - - [11/Jul/2015:06:26:07 +0800] "GET /content/subject/resource_content.jsp?oid=16777753&queryType=qc HTTP/1.1" 200 36831
144.76.27.118 - - [11/Jul/2015:06:26:11 +0800] "GET /content/subject/resource_content.jsp?oid=16777734&queryType=qc HTTP/1.1" 200 40247
144.76.27.118 - - [11/Jul/2015:06:26:18 +0800] "GET /content/subject/resource_content.jsp?oid=16777731&queryType=qc HTTP/1.1" 200 43406
144.76.27.118 - - [11/Jul/2015:06:26:23 +0800] "GET /content/subject/resource_content.jsp?oid=16777730&queryType=qc HTTP/1.1" 200 46337
144.76.27.118 - - [11/Jul/2015:06:26:26 +0800] "GET /content/subject/resource_content.jsp?oid=16777468&queryType=qc HTTP/1.1" 200 33264
144.76.27.118 - - [11/Jul/2015:06:26:29 +0800] "GET /content/subject/resource_content.jsp?oid=16777469&queryType=qc HTTP/1.1" 200 31173
144.76.27.118 - - [11/Jul/2015:06:26:32 +0800] "GET /content/subject/resource_content.jsp?oid=16777470&queryType=qc HTTP/1.1" 200 29363
144.76.27.118 - - [11/Jul/2015:06:26:37 +0800] "GET /content/subject/resource_content.jsp?oid=16777471&queryType=qc HTTP/1.1" 200 30250
144.76.27.118 - - [11/Jul/2015:06:26:40 +0800] "GET /content/subject/resource_content.jsp?oid=16777463&queryType=qc HTTP/1.1" 200 28400
144.76.27.118 - - [11/Jul/2015:06:26:44 +0800] "GET /content/subject/resource_content.jsp?oid=16777825&queryType=qc HTTP/1.1" 200 41691
144.76.27.118 - - [11/Jul/2015:06:26:49 +0800] "GET /content/subject/resource_content.jsp?oid=16777788&queryType=qc HTTP/1.1" 200 42882
144.76.27.118 - - [11/Jul/2015:06:26:52 +0800] "GET /content/subject/resource_content.jsp?oid=16777615&queryType=qc HTTP/1.1" 200 37930
144.76.27.118 - - [11/Jul/2015:06:26:56 +0800] "GET /content/subject/resource_content.jsp?oid=16777568&queryType=qc HTTP/1.1" 200 34862
144.76.27.118 - - [11/Jul/2015:06:26:59 +0800] "GET /content/subject/resource_content.jsp?oid=16777566&queryType=qc HTTP/1.1" 200 31748
144.76.27.118 - - [11/Jul/2015:06:27:02 +0800] "GET /content/subject/resource_content.jsp?oid=16797234&queryType=qc HTTP/1.1" 200 46558
220.181.108.123 - - [11/Jul/2015:06:27:02 +0800] "GET /content/repository/resource_content.jsp?oid=1603421 HTTP/1.1" 200 30795
144.76.27.118 - - [11/Jul/2015:06:27:05 +0800] "GET /content/subject/resource_content.jsp?oid=16797240&queryType=qc HTTP/1.1" 200 42460
66.249.71.127 - - [11/Jul/2015:06:27:11 +0800] "GET /content/nav/relationSubject.jsp?relationWords=%E8%87%BA%E5%8C%97%E5%B8%82+%E8%87%BA%E7%81%A3%E7%9C%81%E6%94%BF%E5%BA%9C+%E8%B2%A1%E6%94%BF+%E8%B2%A1%E6%94%BF%E5%BB%B3+&oid=1897806 HTTP/1.1" 200 5479
144.76.27.118 - - [11/Jul/2015:06:27:11 +0800] "GET /content/subject/resource_content.jsp?oid=16797242&queryType=qc HTTP/1.1" 200 46766
144.76.27.118 - - [11/Jul/2015:06:27:15 +0800] "GET /content/subject/resource_content.jsp?oid=16797246&queryType=qc HTTP/1.1" 200 43650
144.76.27.118 - - [11/Jul/2015:06:27:21 +0800] "GET /content/subject/resource_content.jsp?oid=16797239&queryType=qc HTTP/1.1" 200 44009
144.76.27.118 - - [11/Jul/2015:06:27:24 +0800] "GET /content/subject/resource_content.jsp?oid=16777293&queryType=qc HTTP/1.1" 200 32195
144.76.27.118 - - [11/Jul/2015:06:27:27 +0800] "GET /content/subject/resource_content.jsp?oid=16777292&queryType=qc HTTP/1.1" 200 28057
144.76.27.118 - - [11/Jul/2015:06:27:30 +0800] "GET /content/subject/resource_content.jsp?oid=16797293&queryType=qc HTTP/1.1" 200 46242
144.76.27.118 - - [11/Jul/2015:06:27:48 +0800] "GET /content/subject/resource_content.jsp?oid=16797335&queryType=qc HTTP/1.1" 200 60643
144.76.27.118 - - [11/Jul/2015:06:27:51 +0800] "GET /content/subject/resource_content.jsp?oid=16777426&queryType=qc HTTP/1.1" 200 38877
144.76.27.118 - - [11/Jul/2015:06:27:57 +0800] "GET /content/subject/resource_content.jsp?oid=16777422&queryType=qc HTTP/1.1" 200 44943
144.76.27.118 - - [11/Jul/2015:06:28:01 +0800] "GET /content/subject/resource_content.jsp?oid=16777307&queryType=qc HTTP/1.1" 200 37175
144.76.27.118 - - [11/Jul/2015:06:28:05 +0800] "GET /content/subject/resource_content.jsp?oid=16777306&queryType=qc HTTP/1.1" 200 32128
144.76.27.118 - - [11/Jul/2015:06:28:12 +0800] "GET /content/subject/resource_content.jsp?oid=16777565&queryType=qc HTTP/1.1" 200 34323
144.76.27.118 - - [11/Jul/2015:06:28:16 +0800] "GET /content/subject/resource_content.jsp?oid=16777517&queryType=qc HTTP/1.1" 200 51791
124.217.139.45 - - [11/Jul/2015:06:28:19 +0800] "GET /content/nav/relationSubject.jsp?relationWords=%E6%9E%97%E7%A5%96%E5%A3%BD+%E8%93%AE%E8%88%AB+&oid=16777654 HTTP/1.1" 200 2701
144.76.27.118 - - [11/Jul/2015:06:28:24 +0800] "GET /content/subject/resource_content.jsp?oid=16777291&queryType=qc HTTP/1.1" 200 28075
144.76.27.118 - - [11/Jul/2015:06:28:30 +0800] "GET /content/subject/resource_content.jsp?oid=16777284&queryType=qc HTTP/1.1" 200 36937
144.76.27.118 - - [11/Jul/2015:06:28:59 +0800] "GET /content/subject/resource_content.jsp?oid=16777537&queryType=qc HTTP/1.1" 200 30731
144.76.27.118 - - [11/Jul/2015:06:29:02 +0800] "GET /content/subject/resource_content.jsp?oid=16777532&queryType=qc HTTP/1.1" 200 34920
144.76.27.118 - - [11/Jul/2015:06:29:08 +0800] "GET /content/tmp_exh/resource_content.jsp?oid=16777845&queryType=qc%201889 HTTP/1.1" 200 46639
144.76.27.118 - - [11/Jul/2015:06:29:12 +0800] "GET /content/tmp_exh/resource_content.jsp?oid=16777845&queryType=qc HTTP/1.1" 200 46639
144.76.27.118 - - [11/Jul/2015:06:29:15 +0800] "GET /content/tmp_exh/resource_content.jsp?oid=16777750&queryType=qc HTTP/1.1" 200 32507
144.76.27.118 - - [11/Jul/2015:06:29:18 +0800] "GET /content/tmp_exh/resource_content.jsp?oid=16777846&queryType=qc HTTP/1.1" 200 44778
144.76.27.118 - - [11/Jul/2015:06:29:36 +0800] "GET /content/tmp_tec/resource_content.jsp?oid=16777837 HTTP/1.1" 200 35568
144.76.27.118 - - [11/Jul/2015:06:29:39 +0800] "GET /content/tmp_tec/resource_content.jsp?oid=16777753 HTTP/1.1" 200 33902
144.76.27.118 - - [11/Jul/2015:06:29:43 +0800] "GET /content/tmp_tec/resource_content.jsp?oid=16777734 HTTP/1.1" 200 36946
144.76.27.118 - - [11/Jul/2015:06:29:46 +0800] "GET /content/tmp_tec/resource_content.jsp?oid=16777731 HTTP/1.1" 200 39233
