66.249.71.64 - - [10/Jul/2015:04:53:53 +0800] "GET /content/nav/relationSubject.jsp?relationWords=%E5%8D%97%E5%A4%A9%E6%98%9F%20%E5%A4%A9%E5%8D%97%E6%98%9F%20%E5%A4%A9%E5%8D%97%E6%98%9F%E7%A7%91%20%E6%A4%8D%E7%89%A9%E7%95%8C%20%E7%96%A3%E6%9F%84%E9%AD%94%E8%8A%8B%20%E8%92%9F%E8%92%BB%20%E9%9B%B7%E5%85%AC%E7%B5%B1%20&oid=2145699 HTTP/1.1" 200 3529
66.249.71.72 - - [10/Jul/2015:04:53:59 +0800] "GET /content/nav/relationSubject.jsp?relationWords=%E5%85%AC%E8%B7%AF%E5%B1%80+%E5%BC%B5%E5%AF%8C+%E6%90%B6%E4%BF%AE+%E6%9D%8E%E5%BB%BA%E5%92%8C+%E7%9F%B3%E9%96%80%E6%B0%B4%E5%BA%AB+%E7%B0%A1%E6%AC%A3%E5%93%B2+%E8%87%BA%E5%8C%97%E7%B8%A3+%E8%B3%B4%E6%A3%AE%E6%9E%97+%E9%B6%AF%E6%AD%8C%E9%8E%AE+&oid=1531012 HTTP/1.1" 200 6829
66.249.71.60 - - [10/Jul/2015:04:54:02 +0800] "GET /content/nav/relationSubject.jsp?relationWords=%E5%85%AC%E8%B7%AF%E5%B1%80%20%E5%BC%B5%E5%AF%8C%20%E6%90%B6%E4%BF%AE%20%E6%9D%8E%E5%BB%BA%E5%92%8C%20%E7%9F%B3%E9%96%80%E6%B0%B4%E5%BA%AB%20%E7%B0%A1%E6%AC%A3%E5%93%B2%20%E8%87%BA%E5%8C%97%E7%B8%A3%20%E8%B3%B4%E6%A3%AE%E6%9E%97%20%E9%B6%AF%E6%AD%8C%E9%8E%AE%20&oid=1531012 HTTP/1.1" 200 6829
220.181.108.148 - - [10/Jul/2015:04:54:13 +0800] "GET /content/repository/resource_content.jsp?oid=4589420 HTTP/1.1" 200 29300
66.249.71.119 - - [10/Jul/2015:04:54:42 +0800] "GET /content/repository/resource_content.jsp?oid=2684288&queryString=%E9%B3%B3%E9%99%BD%E9%97%9C HTTP/1.1" 200 30261
157.55.39.12 - - [10/Jul/2015:04:54:52 +0800] "GET /content/subject/resource_content.jsp?oid=16777615&queryType=qc HTTP/1.1" 200 37930
207.46.13.34 - - [10/Jul/2015:04:55:12 +0800] "GET /content/subject/resource_content.jsp?oid=16777566&queryType=qc HTTP/1.1" 200 31748
66.249.71.72 - - [10/Jul/2015:04:56:01 +0800] "GET /digiarch_en/content/nav/relationSubject.jsp?relationWords=%E6%B3%95%E8%9E%BA%E7%A7%91+%E7%95%B0%E8%B6%B3%E7%9B%AE+%E7%BF%BC%E6%B3%95%E8%9E%BA+%E8%85%B9%E8%B6%B3%E7%B6%B1+&oid=1125259 HTTP/1.1" 200 3346
66.249.71.60 - - [10/Jul/2015:04:56:03 +0800] "GET /digiarch_en/content/nav/relationSubject.jsp?relationWords=%E6%B3%95%E8%9E%BA%E7%A7%91%20%E7%95%B0%E8%B6%B3%E7%9B%AE%20%E7%BF%BC%E6%B3%95%E8%9E%BA%20%E8%85%B9%E8%B6%B3%E7%B6%B1%20&oid=1125259 HTTP/1.1" 200 3346
66.249.71.3 - - [10/Jul/2015:04:56:12 +0800] "GET /content/subject/resource_content.jsp?oid=16777560&queryString= HTTP/1.1" 200 28635
66.249.71.60 - - [10/Jul/2015:04:56:34 +0800] "GET /content/nav/relationSubject.jsp?relationWords=%E5%8F%B0%E7%81%A3%E6%87%B8%E9%89%A4%E5%AD%90+%E6%87%B8%E9%89%A4%E5%AD%90%E5%B1%AC+%E6%A4%8D%E7%89%A9%E7%95%8C+%E8%96%94%E8%96%87%E7%9B%AE+%E8%96%94%E8%96%87%E7%A7%91+&oid=2148086 HTTP/1.1" 200 3399
66.249.71.64 - - [10/Jul/2015:04:56:39 +0800] "GET /content/nav/relationSubject.jsp?relationWords=%E5%8F%B0%E7%81%A3%E6%87%B8%E9%89%A4%E5%AD%90%20%E6%87%B8%E9%89%A4%E5%AD%90%E5%B1%AC%20%E6%A4%8D%E7%89%A9%E7%95%8C%20%E8%96%94%E8%96%87%E7%9B%AE%20%E8%96%94%E8%96%87%E7%A7%91%20&oid=2148086 HTTP/1.1" 200 3399
66.249.71.64 - - [10/Jul/2015:04:56:40 +0800] "GET /content/nav/relationSubject.jsp?relationWords=%E4%BD%9B%E5%BC%9F%E5%AD%90+%E5%8D%81%E5%9C%B0+%E6%A2%A8%E5%B1%B1+%E9%80%A0%E5%83%8F%E8%A8%98+&oid=1834315 HTTP/1.1" 200 3543
66.249.71.60 - - [10/Jul/2015:04:56:44 +0800] "GET /content/nav/relationSubject.jsp?relationWords=%E4%BD%9B%E5%BC%9F%E5%AD%90%20%E5%8D%81%E5%9C%B0%20%E6%A2%A8%E5%B1%B1%20%E9%80%A0%E5%83%8F%E8%A8%98%20&oid=1834315 HTTP/1.1" 200 3543
66.249.71.3 - - [10/Jul/2015:04:57:43 +0800] "GET /content/subject/resource_content.jsp?oid=16777485&queryString=%E6%A4%8D%E7%89%A9%E7%95%8C%20%E6%A6%95%E5%B1%AC%20%E8%96%9C%E8%8D%94 HTTP/1.1" 200 40715
66.249.71.14 - - [10/Jul/2015:04:57:44 +0800] "GET /content/nav/relationSubject.jsp?relationWords=&oid=2603070 HTTP/1.1" 200 1405
66.249.71.105 - - [10/Jul/2015:04:58:19 +0800] "GET /content/nav/relationSubject.jsp?relationWords=%E5%85%B5%E9%A6%AC%E4%BF%91+%E5%B8%83%E8%A2%8B%E6%88%B2+%E6%B0%91%E6%97%8F%E5%AD%B8+&oid=16777737 HTTP/1.1" 200 5066
66.249.71.105 - - [10/Jul/2015:04:58:23 +0800] "GET /content/nav/relationSubject.jsp?relationWords=%E5%85%B5%E9%A6%AC%E4%BF%91%20%E5%B8%83%E8%A2%8B%E6%88%B2%20%E6%B0%91%E6%97%8F%E5%AD%B8%20&oid=16777737 HTTP/1.1" 200 5066
66.249.71.72 - - [10/Jul/2015:04:58:56 +0800] "GET /content/nav/relationSubject.jsp?relationWords=&oid=1463033 HTTP/1.1" 200 1405
180.76.15.159 - - [10/Jul/2015:04:59:01 +0800] "GET /content/subject/resource_content.jsp?oid=16777594&queryType=qc HTTP/1.1" 200 40430
66.249.71.3 - - [10/Jul/2015:04:59:13 +0800] "GET /content/repository/resource_content.jsp?oid=4445917&queryString=%E5%B9%B3%E6%B4%A5%20%E9%BB%83%E9%83%9B HTTP/1.1" 200 28320
66.249.71.64 - - [10/Jul/2015:04:59:39 +0800] "GET /content/nav/relationSubject.jsp?relationWords=%E9%91%BD%E5%98%B4%E9%AD%9A+&oid=3339866 HTTP/1.1" 200 3291
66.249.71.72 - - [10/Jul/2015:04:59:40 +0800] "GET /content/nav/relationSubject.jsp?relationWords=%E9%91%BD%E5%98%B4%E9%AD%9A%20&oid=3339866 HTTP/1.1" 200 3291
66.249.71.45 - - [10/Jul/2015:05:00:19 +0800] "GET /content/nav/relationSubject.jsp?relationWords=%E4%BA%BA%E4%BA%8B%E8%99%95+%E5%85%AC%E5%8B%99%E5%93%A1+%E8%99%95%E6%96%B9+%E9%86%AB%E8%AD%B7%E4%BA%BA%E5%93%A1+&oid=1575353 HTTP/1.1" 200 4404
66.249.71.45 - - [10/Jul/2015:05:00:21 +0800] "GET /content/nav/relationSubject.jsp?relationWords=%E4%BA%BA%E4%BA%8B%E8%99%95%20%E5%85%AC%E5%8B%99%E5%93%A1%20%E8%99%95%E6%96%B9%20%E9%86%AB%E8%AD%B7%E4%BA%BA%E5%93%A1%20&oid=1575353 HTTP/1.1" 200 4404
123.125.71.83 - - [10/Jul/2015:05:00:26 +0800] "GET /content/repository/resource_content.jsp?oid=517984&queryType=qc HTTP/1.1" 200 41111
180.217.50.109 - - [10/Jul/2015:05:00:36 +0800] "GET /content/repository/resource_content.jsp?oid=1607942 HTTP/1.1" 200 28541
180.217.50.109 - - [10/Jul/2015:05:00:38 +0800] "GET /content/nav/relationSubject.jsp?relationWords=%E6%B5%B7%E5%88%A9+%E8%B3%AA%E8%A9%A2+&oid=1607942 HTTP/1.1" 200 3947
66.249.71.3 - - [10/Jul/2015:05:00:45 +0800] "GET /content/repository/resource_content.jsp?oid=4445996&queryString=%E6%AD%B8%E4%BB%BB%20%E9%BB%83%E9%83%9B HTTP/1.1" 200 28397
66.249.71.64 - - [10/Jul/2015:05:01:50 +0800] "GET /content/nav/relationSubject.jsp?relationWords=%E9%BE%9C%E7%94%B2%E5%8D%9C%E8%BE%AD%E6%AE%98%E7%89%87+&oid=1837239 HTTP/1.1" 200 3071
66.249.71.64 - - [10/Jul/2015:05:01:52 +0800] "GET /content/nav/relationSubject.jsp?relationWords=%E9%BE%9C%E7%94%B2%E5%8D%9C%E8%BE%AD%E6%AE%98%E7%89%87%20&oid=1837239 HTTP/1.1" 200 3071
66.249.71.72 - - [10/Jul/2015:05:01:54 +0800] "GET /content/subject/resource_content.jsp?oid=16777492&queryType=qc HTTP/1.1" 200 35491
66.249.71.64 - - [10/Jul/2015:05:01:55 +0800] "GET /content/tmp_exh/resource_content.jsp?oid=16777846&queryType=qc HTTP/1.1" 200 44778
66.249.71.36 - - [10/Jul/2015:05:02:04 +0800] "GET /content/nav/relationSubject.jsp?relationWords=%E7%9A%87%E6%B0%91%E5%A5%89%E5%85%AC%E6%9C%83+%E8%87%BA%E7%81%A3%E6%96%87%E5%AD%B8+&oid=2470507 HTTP/1.1" 200 4518
66.249.71.36 - - [10/Jul/2015:05:02:05 +0800] "GET /content/nav/relationSubject.jsp?relationWords=%E7%9A%87%E6%B0%91%E5%A5%89%E5%85%AC%E6%9C%83%20%E8%87%BA%E7%81%A3%E6%96%87%E5%AD%B8%20&oid=2470507 HTTP/1.1" 200 4518
66.249.71.72 - - [10/Jul/2015:05:02:12 +0800] "GET /content/subject/resource_content.jsp?oid=16777749&queryType=qc HTTP/1.1" 200 41248
66.249.71.64 - - [10/Jul/2015:05:02:30 +0800] "GET /content/nav/relationSubject.jsp?relationWords=%E5%A4%8F%E6%9C%9F+%E6%9D%9C%E7%A3%81+%E6%9D%9C%E9%A6%99%E5%9C%8B+%E6%9F%AF%E6%B8%85%E6%A8%99+%E7%AE%97%E8%A1%93+%E8%87%BA%E7%81%A3%E7%B8%BD%E7%9D%A3%E5%BA%9C+%E8%8E%8A%E6%B0%B4+%E9%99%B3%E5%98%89%E9%82%A6+&oid=1888369 HTTP/1.1" 200 3427
66.249.71.72 - - [10/Jul/2015:05:02:32 +0800] "GET /content/nav/relationSubject.jsp?relationWords=%E5%A4%8F%E6%9C%9F%20%E6%9D%9C%E7%A3%81%20%E6%9D%9C%E9%A6%99%E5%9C%8B%20%E6%9F%AF%E6%B8%85%E6%A8%99%20%E7%AE%97%E8%A1%93%20%E8%87%BA%E7%81%A3%E7%B8%BD%E7%9D%A3%E5%BA%9C%20%E8%8E%8A%E6%B0%B4%20%E9%99%B3%E5%98%89%E9%82%A6%20&oid=1888369 HTTP/1.1" 200 3427
66.249.71.72 - - [10/Jul/2015:05:02:38 +0800] "GET /content/subject/resource_content.jsp?oid=16777740&queryType=qc HTTP/1.1" 200 41464
66.249.71.64 - - [10/Jul/2015:05:04:03 +0800] "GET /content/nav/relationSubject.jsp?relationWords=%E5%85%89%E7%92%B0%E8%8A%8B%E8%9E%BA+%E8%85%B9%E8%B6%B3%E7%B6%B1+%E8%8A%8B%E8%9E%BA%E5%B1%AC+%E8%8A%8B%E8%9E%BA%E7%A7%91+&oid=1125173 HTTP/1.1" 200 3227
66.249.71.72 - - [10/Jul/2015:05:04:17 +0800] "GET /content/nav/relationSubject.jsp?relationWords=%E5%85%89%E7%92%B0%E8%8A%8B%E8%9E%BA%20%E8%85%B9%E8%B6%B3%E7%B6%B1%20%E8%8A%8B%E8%9E%BA%E5%B1%AC%20%E8%8A%8B%E8%9E%BA%E7%A7%91%20&oid=1125173 HTTP/1.1" 200 3227
66.249.71.60 - - [10/Jul/2015:05:04:50 +0800] "GET /content/nav/relationSubject.jsp?relationWords=&oid=2620332 HTTP/1.1" 200 1405
66.249.71.119 - - [10/Jul/2015:05:05:21 +0800] "GET /content/repository/resource_content.jsp?oid=693387&queryString=%E9%A9%85%E9%80%90%E8%89%A6 HTTP/1.1" 200 29260
66.249.71.72 - - [10/Jul/2015:05:06:54 +0800] "GET /content/subject/resource_content.jsp?oid=16777610&queryString=%E5%BB%A3%E6%92%AD%20%E6%96%B0%E7%94%9F%E5%A0%B1%20%E6%96%B0%E8%81%9E%E8%99%95%20%E7%B4%B9%E7%92%B2%20%E8%99%95%E9%95%B7 HTTP/1.1" 200 27647
66.249.71.60 - - [10/Jul/2015:05:07:28 +0800] "GET /content/nav/relationSubject.jsp?relationWords=%E7%9B%A4%E9%AE%91%E8%9E%BA+%E8%85%B9%E8%B6%B3%E7%B6%B1+%E9%AE%91%E8%9E%BA+%E9%AE%91%E8%9E%BA%E5%B1%AC+&oid=518208 HTTP/1.1" 200 3311
66.249.71.72 - - [10/Jul/2015:05:07:30 +0800] "GET /content/nav/relationSubject.jsp?relationWords=%E7%9B%A4%E9%AE%91%E8%9E%BA%20%E8%85%B9%E8%B6%B3%E7%B6%B1%20%E9%AE%91%E8%9E%BA%20%E9%AE%91%E8%9E%BA%E5%B1%AC%20&oid=518208 HTTP/1.1" 200 3311
220.181.108.166 - - [10/Jul/2015:05:08:04 +0800] "GET /content/repository/resource_content.jsp?oid=565135 HTTP/1.1" 200 28377
220.181.108.145 - - [10/Jul/2015:05:08:14 +0800] "GET /content/nav/relationSubject.jsp?relationWords=%E8%97%A5%E7%A8%85+%E9%8E%AE%E6%B1%9F%E9%97%9C+&oid=565135 HTTP/1.1" 200 3081
66.249.71.64 - - [10/Jul/2015:05:08:27 +0800] "GET /content/repository/resource_content.jsp?oid=1532414&queryString=%E5%8D%91%E5%8D%97%E5%A4%A7%E6%BA%AA%20%E8%87%BA%E6%9D%B1%E9%8E%AE HTTP/1.1" 200 29205
66.249.71.60 - - [10/Jul/2015:05:09:03 +0800] "GET /content/nav/relationSubject.jsp?relationWords=&oid=1176661 HTTP/1.1" 200 1405
66.249.71.5 - - [10/Jul/2015:05:09:55 +0800] "GET /digiarch3/content/nav/relationSubject.jsp?relationWords=%E6%9C%A8%E8%98%AD%E7%A7%91+%E6%A4%8D%E7%89%A9%E7%95%8C+%E7%83%8F%E5%BF%83%E7%9F%B3+%E7%83%8F%E5%BF%83%E7%9F%B3%E5%B1%AC+&oid=1108956 HTTP/1.1" 200 4387
66.249.71.23 - - [10/Jul/2015:05:09:59 +0800] "GET /digiarch3/content/nav/relationSubject.jsp?relationWords=%E6%9C%A8%E8%98%AD%E7%A7%91%20%E6%A4%8D%E7%89%A9%E7%95%8C%20%E7%83%8F%E5%BF%83%E7%9F%B3%20%E7%83%8F%E5%BF%83%E7%9F%B3%E5%B1%AC%20&oid=1108956 HTTP/1.1" 200 4387
66.249.71.72 - - [10/Jul/2015:05:10:17 +0800] "GET /content/nav/relationSubject.jsp?relationWords=%E9%84%AD%E9%87%91%E9%88%B4+%E9%8D%BE%E7%B4%B9%E5%92%8C+%E9%BB%83%E6%9C%A8%E6%B7%BB+&oid=1894211 HTTP/1.1" 200 3261
66.249.71.72 - - [10/Jul/2015:05:10:19 +0800] "GET /content/nav/relationSubject.jsp?relationWords=%E9%84%AD%E9%87%91%E9%88%B4%20%E9%8D%BE%E7%B4%B9%E5%92%8C%20%E9%BB%83%E6%9C%A8%E6%B7%BB%20&oid=1894211 HTTP/1.1" 200 3261
60.245.65.226 - - [10/Jul/2015:05:10:53 +0800] "GET /content/nav/relationSubject.jsp?relationWords=&oid=16777459 HTTP/1.1" 200 1405
157.55.39.12 - - [10/Jul/2015:05:11:14 +0800] "GET /content/subject/resource_content.jsp?oid=16777840&queryType=qc> HTTP/1.1" 200 40649
123.125.71.31 - - [10/Jul/2015:05:11:24 +0800] "GET /content/repository/resource_content.jsp?oid=570150 HTTP/1.1" 200 28100
66.249.71.72 - - [10/Jul/2015:05:11:40 +0800] "GET /content/subject/resource_content.jsp?oid=16777618&queryString=%E5%85%AC%E8%BB%8A%20%E5%89%8D%E9%8E%AE%20%E5%9C%B0%E4%B8%8B%E9%81%93%20%E7%84%A1%E7%B7%9A%E9%9B%BB%20%E7%B3%96%E9%90%B5%20%E8%87%BA%E7%B3%96%20%E8%B2%B8%E6%AC%BE%20%E9%AB%98%E9%9B%84%E6%B8%AF HTTP/1.1" 200 46907
66.249.71.72 - - [10/Jul/2015:05:11:51 +0800] "GET /content/nav/relationSubject.jsp?relationWords=%E6%A4%8D%E7%89%A9%E7%95%8C+%E6%BF%B1%E5%89%AA%E5%88%80%E8%82%A1+%E8%8B%A6%E8%97%9A%E8%8F%9C%E5%B1%AC+%E8%8F%8A%E7%A7%91+%E9%9B%99%E5%AD%90%E8%91%89%E6%A4%8D%E7%89%A9+&oid=1098121 HTTP/1.1" 200 3352
66.249.71.72 - - [10/Jul/2015:05:11:54 +0800] "GET /content/nav/relationSubject.jsp?relationWords=%E6%A4%8D%E7%89%A9%E7%95%8C%20%E6%BF%B1%E5%89%AA%E5%88%80%E8%82%A1%20%E8%8B%A6%E8%97%9A%E8%8F%9C%E5%B1%AC%20%E8%8F%8A%E7%A7%91%20%E9%9B%99%E5%AD%90%E8%91%89%E6%A4%8D%E7%89%A9%20&oid=1098121 HTTP/1.1" 200 3352
66.249.71.64 - - [10/Jul/2015:05:12:10 +0800] "GET /content/nav/relationSubject.jsp?relationWords=%E5%88%91%E9%83%A8+%E5%AF%A9%E6%B0%91%E4%BA%BA+&oid=3123384 HTTP/1.1" 200 3145
66.249.71.64 - - [10/Jul/2015:05:12:16 +0800] "GET /content/nav/relationSubject.jsp?relationWords=%E5%88%91%E9%83%A8%20%E5%AF%A9%E6%B0%91%E4%BA%BA%20&oid=3123384 HTTP/1.1" 200 3145
66.249.71.72 - - [10/Jul/2015:05:13:16 +0800] "GET /content/repository/resource_content.jsp?oid=15069&queryString=%E7%B4%85%E5%B8%B6%E6%93%AC%E8%8A%B1%E9%B1%B8%20%E8%8A%B1%E9%B1%B8 HTTP/1.1" 200 33463
157.55.39.31 - - [10/Jul/2015:05:13:18 +0800] "GET /content/subject/resource_content.jsp?oid=16777841&queryType=qc> HTTP/1.1" 200 27539
66.249.71.60 - - [10/Jul/2015:05:14:08 +0800] "GET /content/nav/relationSubject.jsp?relationWords=&oid=1546247 HTTP/1.1" 200 1405
66.249.71.127 - - [10/Jul/2015:05:14:53 +0800] "GET /content/repository/resource_content.jsp?oid=2684253&queryString=%E5%8D%97%E6%96%B0%E9%97%9C HTTP/1.1" 200 30080
66.249.71.72 - - [10/Jul/2015:05:14:53 +0800] "GET /content/nav/relationSubject.jsp?relationWords=%E5%8F%B0%E7%81%A3%E9%B1%89%E7%94%B2%E8%9D%B8%E7%89%9B+%E6%9F%84%E7%9C%BC%E7%9B%AE+%E8%85%B9%E8%B6%B3%E7%B6%B1+%E9%B1%89%E7%94%B2%E8%9D%B8%E7%89%9B%E7%A7%91+&oid=1125624 HTTP/1.1" 200 3450
66.249.71.64 - - [10/Jul/2015:05:14:56 +0800] "GET /content/nav/relationSubject.jsp?relationWords=%E5%8F%B0%E7%81%A3%E9%B1%89%E7%94%B2%E8%9D%B8%E7%89%9B%20%E6%9F%84%E7%9C%BC%E7%9B%AE%20%E8%85%B9%E8%B6%B3%E7%B6%B1%20%E9%B1%89%E7%94%B2%E8%9D%B8%E7%89%9B%E7%A7%91%20&oid=1125624 HTTP/1.1" 200 3450
220.181.108.160 - - [10/Jul/2015:05:15:36 +0800] "GET /digiarch_en/content/repository/resource_content.jsp?oid=4548077&queryString=%E7%95%B0%E8%B6%B3%E7%9B%AE%20%E8%82%89%E8%9E%BA%20%E8%85%B9%E8%B6%B3%E7%B6%B1%20%E8%9B%99%E8%9E%BA%E7%A7%91%20%E8%B5%A4%E8%9B%99%E8%9E%BA%20%E8%B5%A4%E8%9B%99%E8%9E%BA%E5%B1%AC HTTP/1.1" 200 23785
66.249.71.36 - - [10/Jul/2015:05:16:37 +0800] "GET /content/subject/resource_content.jsp?oid=16777782&queryType=qs&queryString=%E5%B8%AB%E7%AF%84%E5%A4%A7%E5%AD%B8 HTTP/1.1" 200 48988
66.249.71.72 - - [10/Jul/2015:05:17:03 +0800] "GET /content/nav/relationSubject.jsp?relationWords=&oid=2573146 HTTP/1.1" 200 1405
66.249.71.127 - - [10/Jul/2015:05:17:35 +0800] "GET /content/nav/relationSubject.jsp?relationWords=%E6%8E%9B%E8%BB%B8+&oid=4362715 HTTP/1.1" 200 2974
220.181.108.85 - - [10/Jul/2015:05:17:43 +0800] "GET /content/repository/resource_content.jsp?oid=596035 HTTP/1.1" 200 28405
66.249.71.127 - - [10/Jul/2015:05:17:46 +0800] "GET /content/subject/resource_content.jsp?oid=16777304&queryString=%E5%B1%B1%E6%AB%BB%E6%A1%83%20%E5%B1%B1%E6%AB%BB%E8%8A%B1%20%E6%A2%85%E5%B1%AC%20%E6%A4%8D%E7%89%A9%E7%95%8C%20%E6%AB%BB%E6%A1%83%20%E7%B7%8B%E6%AB%BB%20%E8%96%94%E8%96%87%E7%9B%AE%20%E8%96%94%E8%96%87%E7%A7%91 HTTP/1.1" 200 37088
66.249.71.127 - - [10/Jul/2015:05:17:47 +0800] "GET /content/subject/resource_content.jsp?oid=16777829&queryString=%E6%96%87%E5%8C%96%E4%B8%AD%E5%BF%83%20%E7%B6%93%E6%BF%9F%E5%BB%BA%E8%A8%AD%20%E8%87%AA%E4%BE%86%E6%B0%B4%E5%BB%A0%20%E8%87%BA%E4%B8%AD%E5%B8%82 HTTP/1.1" 200 39207
220.181.108.168 - - [10/Jul/2015:05:18:46 +0800] "GET /content/repository/resource_content.jsp?oid=2662563 HTTP/1.1" 200 30022
66.249.71.72 - - [10/Jul/2015:05:18:49 +0800] "GET /content/nav/relationSubject.jsp?relationWords=%E5%B9%B3%E4%BA%A4%E9%81%93+%E6%95%91%E8%AD%B7%E8%BB%8A+%E8%87%BA%E7%B3%96+%E9%B9%BF%E6%B8%AF%E9%8E%AE+&oid=1613907 HTTP/1.1" 200 4247
123.125.71.12 - - [10/Jul/2015:05:18:53 +0800] "GET /content/nav/relationSubject.jsp?relationWords=%E5%88%91%E9%83%A8+%E5%A0%82%E9%8A%9C+%E9%8A%9C%E4%BA%8B+&oid=2662563 HTTP/1.1" 200 3168
66.249.71.64 - - [10/Jul/2015:05:19:00 +0800] "GET /content/nav/relationSubject.jsp?relationWords=&oid=1844700 HTTP/1.1" 200 1405
66.249.71.60 - - [10/Jul/2015:05:19:41 +0800] "GET /content/nav/relationSubject.jsp?relationWords=&oid=1173934 HTTP/1.1" 200 1405
220.181.108.112 - - [10/Jul/2015:05:19:49 +0800] "GET /content/repository/resource_content.jsp?oid=1896554 HTTP/1.1" 200 29882
220.181.108.88 - - [10/Jul/2015:05:20:02 +0800] "GET /content/nav/relationSubject.jsp?relationWords=%E5%9C%B0%E7%A7%9F+%E5%B1%B1%E5%9D%A1%E5%9C%B0+%E6%9E%97%E6%B0%B4+%E6%B9%AF%E6%85%B6%E6%9D%BE+%E7%9C%81%E6%94%BF%E5%BA%9C+%E8%AA%BF%E6%9F%A5%E7%A0%94%E7%A9%B6+%E9%BB%83%E9%87%91%E9%B3%B3+&oid=1896554 HTTP/1.1" 200 4742
66.249.71.14 - - [10/Jul/2015:05:20:41 +0800] "GET /digiarch3/content/nav/relationSubject.jsp?relationWords=%E5%B0%8F%E5%B1%AF%E5%A2%93+&oid=1834853 HTTP/1.1" 200 3026
66.249.71.14 - - [10/Jul/2015:05:20:43 +0800] "GET /digiarch3/content/nav/relationSubject.jsp?relationWords=%E5%B0%8F%E5%B1%AF%E5%A2%93%20&oid=1834853 HTTP/1.1" 200 3026
66.249.71.60 - - [10/Jul/2015:05:20:45 +0800] "GET /content/repository/resource_content.jsp?oid=1772860 HTTP/1.1" 200 29880
66.249.71.60 - - [10/Jul/2015:05:21:58 +0800] "GET /content/nav/relationSubject.jsp?relationWords=%E5%8F%B0%E7%81%A3%E6%A0%B9%E7%AF%80%E8%98%AD+%E6%A0%B9%E7%AF%80%E8%98%AD%E5%B1%AC+&oid=2143783 HTTP/1.1" 200 3193
66.249.71.72 - - [10/Jul/2015:05:22:00 +0800] "GET /content/nav/relationSubject.jsp?relationWords=%E5%8F%B0%E7%81%A3%E6%A0%B9%E7%AF%80%E8%98%AD%20%E6%A0%B9%E7%AF%80%E8%98%AD%E5%B1%AC%20&oid=2143783 HTTP/1.1" 200 3193
66.249.71.60 - - [10/Jul/2015:05:22:13 +0800] "GET /digiarch_en/content/repository/resource_content.jsp?oid=3818673&queryString=%E5%9C%B0%E9%8C%A6%E8%8D%89%E5%B1%AC%20%E5%A4%A7%E6%88%9F%20%E5%A4%A7%E6%88%9F%E7%A7%91%20%E6%A4%8D%E7%89%A9%E7%95%8C%20%E9%B5%9D%E9%91%BE%E9%BC%BB%E5%A4%A7%E6%88%9F HTTP/1.1" 200 23986
66.249.71.36 - - [10/Jul/2015:05:22:17 +0800] "GET /content/nav/relationSubject.jsp?relationWords=%E4%B8%BB%E7%B0%BF%20%E5%8A%9F%E6%9B%B9%20%E6%AD%A6%E6%A6%AE%E7%A5%A0%20%E6%AD%A6%E6%B0%8F%E7%A5%A0%20%E6%AD%A6%E6%B0%8F%E7%A5%A0%E5%89%8D%E7%9F%B3%E5%AE%A4%20%E8%BB%8A%E9%A8%8E%20&oid=1806813 HTTP/1.1" 200 6095
66.249.71.64 - - [10/Jul/2015:05:23:13 +0800] "GET /content/nav/relationSubject.jsp?relationWords=%E6%9B%B2%E8%8E%96%E8%98%AD+%E6%A4%8D%E7%89%A9%E7%95%8C+%E7%88%B5%E5%BA%8A%E7%A7%91+%E7%8E%84%E5%8F%83+%E8%98%AD%E5%B5%8C%E9%A6%AC%E8%97%8D+&oid=1101759 HTTP/1.1" 200 3490
66.249.71.72 - - [10/Jul/2015:05:23:15 +0800] "GET /content/nav/relationSubject.jsp?relationWords=%E6%9B%B2%E8%8E%96%E8%98%AD%20%E6%A4%8D%E7%89%A9%E7%95%8C%20%E7%88%B5%E5%BA%8A%E7%A7%91%20%E7%8E%84%E5%8F%83%20%E8%98%AD%E5%B5%8C%E9%A6%AC%E8%97%8D%20&oid=1101759 HTTP/1.1" 200 3490
219.127.242.65 - - [10/Jul/2015:05:24:38 +0800] "GET /content/subject/resource_content.jsp?oid=16797240&queryType=qc HTTP/1.1" 200 42460
157.55.39.50 - - [10/Jul/2015:05:24:49 +0800] "GET /content/nav/relationSubject.jsp?relationWords=%E6%AA%AC%E6%9E%9C+%E8%8A%92%E6%9E%9C+&oid=16777508 HTTP/1.1" 200 4379
66.249.71.64 - - [10/Jul/2015:05:25:11 +0800] "GET /digiarch_en/content/subject/resource_content.jsp?oid=16777536&queryType=qs&queryString=%E6%AD%A6%E8%88%89 HTTP/1.1" 200 28832
66.249.71.127 - - [10/Jul/2015:05:26:41 +0800] "GET /content/repository/resource_content.jsp?oid=1527030&queryString=%E4%BB%A5%E7%AC%A6%E5%AF%A6%E9%9A%9B%E6%A1%88%20%E5%A5%B3%E5%AD%90%E4%B8%AD%E5%AD%B8%20%E8%87%BA%E5%8D%97%E7%B8%A3%E8%AD%B0%E6%9C%83 HTTP/1.1" 200 29800
66.249.71.64 - - [10/Jul/2015:05:27:44 +0800] "GET /content/nav/relationSubject.jsp?relationWords=%E5%8E%9A%E5%94%87+%E8%85%B9%E8%B6%B3%E7%B6%B1+&oid=1123563 HTTP/1.1" 200 3539
66.249.71.72 - - [10/Jul/2015:05:27:46 +0800] "GET /content/nav/relationSubject.jsp?relationWords=%E5%8E%9A%E5%94%87%20%E8%85%B9%E8%B6%B3%E7%B6%B1%20&oid=1123563 HTTP/1.1" 200 3539
66.249.71.64 - - [10/Jul/2015:05:28:10 +0800] "GET /content/subject/resource_content.jsp?oid=16777475&queryType=qs&queryString=%E9%A0%AD%E8%B6%B3%E9%A1%9E HTTP/1.1" 200 62052
157.55.39.49 - - [10/Jul/2015:05:28:12 +0800] "GET /content/subject/resource_content.jsp?oid=16777842&queryType=qc HTTP/1.1" 200 36275
66.249.71.3 - - [10/Jul/2015:05:28:28 +0800] "GET /content/nav/relationSubject.jsp?relationWords=%E4%BA%BA%E5%90%8D%E6%AC%8A%E5%A8%81+%E5%BB%9F%E8%A1%97+%E9%83%AD%E5%AE%97%E7%86%99+%E9%A9%85%E9%80%90%E8%89%A6+%E9%AE%91%E8%B2%B4%E5%8D%BF+&oid=693387 HTTP/1.1" 200 3335
66.249.71.3 - - [10/Jul/2015:05:28:29 +0800] "GET /content/nav/relationSubject.jsp?relationWords=%E4%BA%BA%E5%90%8D%E6%AC%8A%E5%A8%81%20%E5%BB%9F%E8%A1%97%20%E9%83%AD%E5%AE%97%E7%86%99%20%E9%A9%85%E9%80%90%E8%89%A6%20%E9%AE%91%E8%B2%B4%E5%8D%BF%20&oid=693387 HTTP/1.1" 200 3335
66.249.71.3 - - [10/Jul/2015:05:28:31 +0800] "GET /content/nav/relationSubject.jsp?relationWords=%E9%91%BE%E5%84%80%E8%A1%9B+&oid=2638981 HTTP/1.1" 200 3095
66.249.71.3 - - [10/Jul/2015:05:28:33 +0800] "GET /content/nav/relationSubject.jsp?relationWords=%E9%91%BE%E5%84%80%E8%A1%9B%20&oid=2638981 HTTP/1.1" 200 3095
157.55.39.50 - - [10/Jul/2015:05:28:56 +0800] "GET /content/repository/resource_content.jsp?oid=1107592 HTTP/1.1" 200 31085
73.223.203.250 - - [10/Jul/2015:05:29:15 +0800] "GET /content/nav/relationSubject.jsp?relationWords=&oid=16777591 HTTP/1.1" 200 1405
123.125.71.95 - - [10/Jul/2015:05:29:18 +0800] "GET /content/repository/resource_content.jsp?oid=569471 HTTP/1.1" 200 28107
66.249.71.60 - - [10/Jul/2015:05:29:40 +0800] "GET /content/repository/resource_content.jsp?oid=1889710&queryString=%E8%98%87%E6%B4%AA%E6%9C%88%E5%AC%8C HTTP/1.1" 200 29265
66.249.71.72 - - [10/Jul/2015:05:30:36 +0800] "GET /content/nav/relationSubject.jsp?relationWords=%E5%98%89%E7%BE%A9%E7%B8%A3%E8%AD%B0%E6%9C%83+%E6%B3%A2%E5%AF%86%E6%8B%89+%E7%9C%81%E6%94%BF%E5%BA%9C+&oid=1532466 HTTP/1.1" 200 4587
66.249.71.60 - - [10/Jul/2015:05:30:42 +0800] "GET /content/nav/relationSubject.jsp?relationWords=%E5%98%89%E7%BE%A9%E7%B8%A3%E8%AD%B0%E6%9C%83%20%E6%B3%A2%E5%AF%86%E6%8B%89%20%E7%9C%81%E6%94%BF%E5%BA%9C%20&oid=1532466 HTTP/1.1" 200 4587
157.55.39.50 - - [10/Jul/2015:05:30:58 +0800] "GET /content/subject/resource_content.jsp?oid=16777825&queryType=qc HTTP/1.1" 200 41691
66.249.71.64 - - [10/Jul/2015:05:31:05 +0800] "GET /content/repository/resource_content.jsp?oid=1081616&queryString=%E9%9D%92%E9%B8%9A%E5%93%A5%E9%AD%9A%20%E9%B8%9A%E5%93%A5%E9%AD%9A HTTP/1.1" 200 35067
66.249.71.64 - - [10/Jul/2015:05:32:37 +0800] "GET /content/nav/relationSubject.jsp?relationWords=%E7%9F%B3%E7%9B%82+&oid=1852441 HTTP/1.1" 200 2969
66.249.71.64 - - [10/Jul/2015:05:32:38 +0800] "GET /content/nav/relationSubject.jsp?relationWords=%E7%9F%B3%E7%9B%82%20&oid=1852441 HTTP/1.1" 200 2969
66.249.71.5 - - [10/Jul/2015:05:33:19 +0800] "GET /digiarch3/content/nav/relationSubject.jsp?relationWords=%E6%A1%AB%E6%AC%8F+%E6%A4%8D%E7%89%A9%E7%95%8C+%E7%AD%86%E7%AD%92%E6%A8%B9+%E8%95%A8%E9%A1%9E%E6%A4%8D%E7%89%A9+&oid=3815321 HTTP/1.1" 200 3343
66.249.71.72 - - [10/Jul/2015:05:33:40 +0800] "GET /content/nav/relationSubject.jsp?relationWords=%E5%8A%89%E7%82%B3+%E5%BC%B5%E4%BF%8A%E9%9B%84+%E7%B0%A1%E6%98%8E%E6%99%AF+&oid=1889881 HTTP/1.1" 200 3222
66.249.71.64 - - [10/Jul/2015:05:33:42 +0800] "GET /content/nav/relationSubject.jsp?relationWords=%E5%8A%89%E7%82%B3%20%E5%BC%B5%E4%BF%8A%E9%9B%84%20%E7%B0%A1%E6%98%8E%E6%99%AF%20&oid=1889881 HTTP/1.1" 200 3222
66.249.71.60 - - [10/Jul/2015:05:34:01 +0800] "GET /content/subject/resource_content.jsp?oid=16777475&queryType=qs&queryString=%E6%B6%88%E7%81%BD%E7%A5%88%E7%A6%8F HTTP/1.1" 200 62072
219.127.242.65 - - [10/Jul/2015:05:34:03 +0800] "GET /content/subject/resource_content.jsp?oid=16797240&queryType=qc HTTP/1.1" 200 42460
219.127.242.65 - - [10/Jul/2015:05:34:19 +0800] "GET /content/nav/relationSubject.jsp?relationWords=&oid=16797240 HTTP/1.1" 200 1405
66.249.71.72 - - [10/Jul/2015:05:34:45 +0800] "GET /content/nav/relationSubject.jsp?relationWords=%E9%99%B8%E6%B8%AC%E5%9C%96+%E9%9A%86%E5%AE%89+&oid=218923 HTTP/1.1" 200 3130
66.249.71.60 - - [10/Jul/2015:05:34:47 +0800] "GET /content/nav/relationSubject.jsp?relationWords=%E9%99%B8%E6%B8%AC%E5%9C%96%20%E9%9A%86%E5%AE%89%20&oid=218923 HTTP/1.1" 200 3130
66.249.71.60 - - [10/Jul/2015:05:35:21 +0800] "GET /content/nav/relationSubject.jsp?relationWords=%E5%9C%8B%E6%B0%91%E4%B8%AD%E5%AD%B8+%E5%9C%B0%E6%96%B9%E8%B2%A1%E6%94%BF+%E6%89%80%E5%BE%97%E7%A8%85+%E6%95%99%E8%81%B7%E5%93%A1+%E6%BF%9F%E7%94%9F+%E7%87%9F%E5%88%A9%E4%BA%8B%E6%A5%AD+%E7%94%B3%E5%A0%B1+%E8%B2%A1%E7%A8%85+%E9%80%9A%E8%B2%A8%E8%86%A8%E8%84%B9+&oid=1624509 HTTP/1.1" 200 3520
66.249.71.127 - - [10/Jul/2015:05:35:29 +0800] "GET /content/repository/resource_content.jsp?oid=2646084&queryType=qs&queryString=%E6%94%BE%E4%BD%90 HTTP/1.1" 200 29848
66.249.71.72 - - [10/Jul/2015:05:35:32 +0800] "GET /content/nav/relationSubject.jsp?relationWords=%E5%9C%8B%E6%B0%91%E4%B8%AD%E5%AD%B8%20%E5%9C%B0%E6%96%B9%E8%B2%A1%E6%94%BF%20%E6%89%80%E5%BE%97%E7%A8%85%20%E6%95%99%E8%81%B7%E5%93%A1%20%E6%BF%9F%E7%94%9F%20%E7%87%9F%E5%88%A9%E4%BA%8B%E6%A5%AD%20%E7%94%B3%E5%A0%B1%20%E8%B2%A1%E7%A8%85%20%E9%80%9A%E8%B2%A8%E8%86%A8%E8%84%B9%20&oid=1624509 HTTP/1.1" 200 3520
220.181.108.107 - - [10/Jul/2015:05:35:52 +0800] "GET /content/repository/resource_content.jsp?oid=2653597 HTTP/1.1" 200 29710
66.249.71.60 - - [10/Jul/2015:05:36:09 +0800] "GET /content/nav/relationSubject.jsp?relationWords=&oid=22315 HTTP/1.1" 200 1405
66.249.71.54 - - [10/Jul/2015:05:36:32 +0800] "GET /content/nav/relationSubject.jsp?relationWords=%E5%B0%8F%E6%9E%87%E6%9D%B7%E8%9E%BA+%E6%9E%87%E6%9D%B7%E8%9E%BA+%E7%95%B0%E8%B6%B3%E7%9B%AE+%E8%85%B9%E8%B6%B3%E7%B6%B1+%E8%BB%9F%E9%AB%94%E5%8B%95%E7%89%A9%E9%96%80+&oid=4550932 HTTP/1.1" 200 3464
66.249.71.36 - - [10/Jul/2015:05:36:39 +0800] "GET /content/nav/relationSubject.jsp?relationWords=%E5%B0%8F%E6%9E%87%E6%9D%B7%E8%9E%BA%20%E6%9E%87%E6%9D%B7%E8%9E%BA%20%E7%95%B0%E8%B6%B3%E7%9B%AE%20%E8%85%B9%E8%B6%B3%E7%B6%B1%20%E8%BB%9F%E9%AB%94%E5%8B%95%E7%89%A9%E9%96%80%20&oid=4550932 HTTP/1.1" 200 3464
66.249.71.3 - - [10/Jul/2015:05:36:50 +0800] "GET /content/nav/relationSubject.jsp?relationWords=&oid=2620670 HTTP/1.1" 200 1405
220.181.108.81 - - [10/Jul/2015:05:36:55 +0800] "GET /content/repository/resource_content.jsp?oid=1532419 HTTP/1.1" 200 29427
66.249.71.127 - - [10/Jul/2015:05:36:57 +0800] "GET /content/repository/resource_content.jsp?oid=4352019&queryType=qs&queryString=%E6%B2%B3%E5%BA%95 HTTP/1.1" 200 34734
220.181.108.148 - - [10/Jul/2015:05:37:02 +0800] "GET /content/nav/relationSubject.jsp?relationWords=%E6%89%BF%E8%80%95+%E6%94%BE%E7%A7%9F+%E6%9D%89%E6%9E%97%E9%84%89+%E6%B1%9F%E9%87%91%E5%BD%B0+%E7%9C%81%E6%94%BF%E5%BA%9C+%E8%AA%BF%E6%9F%A5%E7%A0%94%E7%A9%B6+%E9%80%A0%E6%9E%97+%E9%BB%83%E5%8D%A0+%E9%BB%83%E5%8D%A0%E5%B2%B8+&oid=1532419 HTTP/1.1" 200 4812
111.242.136.64 - - [10/Jul/2015:05:37:03 +0800] "GET /content/nav/relationSubject.jsp?relationWords=&oid=16777342 HTTP/1.1" 200 1405
157.55.39.12 - - [10/Jul/2015:05:37:14 +0800] "GET /content/repository/resource_content.jsp?oid=1103681 HTTP/1.1" 200 31511
66.249.71.64 - - [10/Jul/2015:05:37:33 +0800] "GET /content/nav/relationSubject.jsp?relationWords=%E4%B8%89%E5%8F%89%E8%95%A8+%E4%B8%89%E5%8F%89%E8%95%A8%E5%B1%AC+%E6%A4%8D%E7%89%A9%E7%95%8C+%E6%B0%B4%E9%BE%8D%E9%AA%A8+%E8%95%A8%E9%A1%9E%E6%A4%8D%E7%89%A9+&oid=2144737 HTTP/1.1" 200 3416
66.249.71.64 - - [10/Jul/2015:05:37:35 +0800] "GET /content/nav/relationSubject.jsp?relationWords=%E4%B8%89%E5%8F%89%E8%95%A8%20%E4%B8%89%E5%8F%89%E8%95%A8%E5%B1%AC%20%E6%A4%8D%E7%89%A9%E7%95%8C%20%E6%B0%B4%E9%BE%8D%E9%AA%A8%20%E8%95%A8%E9%A1%9E%E6%A4%8D%E7%89%A9%20&oid=2144737 HTTP/1.1" 200 3416
66.249.71.60 - - [10/Jul/2015:05:37:56 +0800] "GET /content/nav/relationSubject.jsp?relationWords=%E5%9C%8B%E6%B0%91%E4%BD%8F%E5%AE%85+%E8%87%BA%E7%81%A3%E7%9C%81+%E8%87%BA%E7%81%A3%E7%9C%81%E6%94%BF%E5%BA%9C+%E8%B2%B8%E6%AC%BE+&oid=1899185 HTTP/1.1" 200 4523
66.249.71.72 - - [10/Jul/2015:05:38:10 +0800] "GET /content/nav/relationSubject.jsp?relationWords=%E5%88%BA%E8%9D%A6+%E8%9D%A6%E8%99%8E%E7%A7%91+%E8%9D%A6%E8%99%8E%E9%AD%9A+%E9%95%B7%E8%BA%AB%E9%AF%8A+&oid=16102 HTTP/1.1" 200 3375
66.249.71.72 - - [10/Jul/2015:05:38:12 +0800] "GET /content/nav/relationSubject.jsp?relationWords=%E5%88%BA%E8%9D%A6%20%E8%9D%A6%E8%99%8E%E7%A7%91%20%E8%9D%A6%E8%99%8E%E9%AD%9A%20%E9%95%B7%E8%BA%AB%E9%AF%8A%20&oid=16102 HTTP/1.1" 200 3375
66.249.71.127 - - [10/Jul/2015:05:38:26 +0800] "GET /content/repository/resource_content.jsp?oid=14340&queryString=%E7%AA%81%E9%BC%BB%E4%BB%94%20%E7%B6%BE%E9%AF%B7%20%E9%AF%B7%E7%A7%91 HTTP/1.1" 200 34222
66.249.71.60 - - [10/Jul/2015:05:39:00 +0800] "GET /content/nav/relationSubject.jsp?relationWords=%E5%A4%AA%E5%B8%B8%E5%AF%BA+%E5%AD%94%E5%AD%90%E5%BB%9F+&oid=2664435 HTTP/1.1" 200 3116
66.249.71.64 - - [10/Jul/2015:05:39:01 +0800] "GET /content/nav/relationSubject.jsp?relationWords=%E5%A4%AA%E5%B8%B8%E5%AF%BA%20%E5%AD%94%E5%AD%90%E5%BB%9F%20&oid=2664435 HTTP/1.1" 200 3116
66.249.71.127 - - [10/Jul/2015:05:39:57 +0800] "GET /content/repository/resource_content.jsp?oid=3813231&queryString=%E5%8B%95%E5%AD%B8%20%E6%8B%BC%E6%9D%BF%E8%88%9F%20%E8%98%AD%E6%81%A9%20%E9%81%94%E6%82%9F HTTP/1.1" 200 31078
123.125.71.90 - - [10/Jul/2015:05:40:14 +0800] "GET /content/repository/resource_content.jsp?oid=1589717 HTTP/1.1" 200 28878
66.249.71.72 - - [10/Jul/2015:05:40:17 +0800] "GET /content/nav/relationSubject.jsp?relationWords=&oid=2606361 HTTP/1.1" 200 1405
123.125.71.78 - - [10/Jul/2015:05:40:21 +0800] "GET /content/nav/relationSubject.jsp?relationWords=%E5%85%AB%E4%B8%80%E5%9B%9B+%E5%A0%A4%E9%98%B2%E6%A1%88+%E5%BA%9C%E5%BB%BA%E6%B0%B4+%E6%96%B0%E8%87%BA%E5%B9%A3+%E6%B0%B4%E5%AD%97+&oid=1589717 HTTP/1.1" 200 4130
123.125.71.49 - - [10/Jul/2015:05:41:18 +0800] "GET /content/repository/resource_content.jsp?oid=2569042 HTTP/1.1" 200 29329
66.249.71.119 - - [10/Jul/2015:05:41:27 +0800] "GET /content/nav/relationSubject.jsp?relationWords=&oid=2562928 HTTP/1.1" 200 1405
66.249.71.119 - - [10/Jul/2015:05:41:29 +0800] "GET /content/repository/resource_content.jsp?oid=1893950&queryString=%E5%AE%8B%E8%89%BE%E5%85%8B%20%E8%94%A1%E7%BE%8E%20%E9%99%B3%E6%A6%AE%E7%9B%9B%20%E9%BB%83%E6%9C%A8%E6%B7%BB HTTP/1.1" 200 29252
66.249.71.127 - - [10/Jul/2015:05:41:57 +0800] "GET /content/nav/relationSubject.jsp?relationWords=%E6%B2%B3%E8%9C%91%E8%9E%BA%E5%B1%AC+%E7%B4%B0%E6%96%91%E8%9C%91%E8%9E%BA+%E8%85%B9%E8%B6%B3%E7%B6%B1+%E8%9C%91%E8%9E%BA+&oid=523612 HTTP/1.1" 200 3437
66.249.71.127 - - [10/Jul/2015:05:41:59 +0800] "GET /content/nav/relationSubject.jsp?relationWords=%E6%B2%B3%E8%9C%91%E8%9E%BA%E5%B1%AC%20%E7%B4%B0%E6%96%91%E8%9C%91%E8%9E%BA%20%E8%85%B9%E8%B6%B3%E7%B6%B1%20%E8%9C%91%E8%9E%BA%20&oid=523612 HTTP/1.1" 200 3437
123.125.71.108 - - [10/Jul/2015:05:42:21 +0800] "GET /content/repository/resource_content.jsp?oid=1816254 HTTP/1.1" 200 30257
220.181.108.99 - - [10/Jul/2015:05:42:29 +0800] "GET /content/nav/relationSubject.jsp?relationWords=%E5%91%A8%E5%85%AC+&oid=1816254 HTTP/1.1" 200 3300
66.249.71.60 - - [10/Jul/2015:05:42:44 +0800] "GET /content/nav/relationSubject.jsp?relationWords=%E4%BA%A4%E9%80%9A%E8%99%95%20%E5%89%AF%E6%9C%AC%E5%BE%A9%20%E7%84%A1%E7%B7%9A%E9%9B%BB%20%E7%90%89%E7%90%83%E9%84%89%20%E9%9B%BB%E8%A9%B1%20&oid=1551345 HTTP/1.1" 200 6203
66.249.71.119 - - [10/Jul/2015:05:43:01 +0800] "GET /content/repository/resource_content.jsp?oid=2570770&queryType=qs&queryString=%E7%9A%87%E5%8F%94 HTTP/1.1" 200 29849
66.249.71.36 - - [10/Jul/2015:05:43:12 +0800] "GET /content/nav/relationSubject.jsp?relationWords=%E6%96%87%E5%8C%96%E4%B8%AD%E5%BF%83+%E6%B5%B7%E9%AE%AE+%E7%94%9F%E7%89%A9%E5%A4%9A%E6%A8%A3%E6%80%A7+&oid=16777813 HTTP/1.1" 200 9070
220.181.108.149 - - [10/Jul/2015:05:43:26 +0800] "GET /content/repository/resource_content.jsp?oid=588925 HTTP/1.1" 200 28483
66.249.71.60 - - [10/Jul/2015:05:44:04 +0800] "GET /content/nav/relationSubject.jsp?relationWords=%E9%BE%9C%E7%94%B2%E5%8D%9C%E8%BE%AD%E6%AE%98%E7%89%87+&oid=1873261 HTTP/1.1" 200 3071
66.249.71.72 - - [10/Jul/2015:05:44:06 +0800] "GET /content/nav/relationSubject.jsp?relationWords=%E9%BE%9C%E7%94%B2%E5%8D%9C%E8%BE%AD%E6%AE%98%E7%89%87%20&oid=1873261 HTTP/1.1" 200 3071
66.249.71.127 - - [10/Jul/2015:05:44:33 +0800] "GET /content/repository/resource_content.jsp?oid=16565&queryType=qs&queryString=%E5%8F%B0%E7%81%A3%E6%9D%B1%E9%83%A8%E6%B5%B7%E5%9F%9F HTTP/1.1" 200 34665
66.249.71.72 - - [10/Jul/2015:05:44:39 +0800] "GET /content/nav/relationSubject.jsp?relationWords=&oid=2559343 HTTP/1.1" 200 1405
66.249.71.113 - - [10/Jul/2015:05:44:51 +0800] "GET /content/nav/relationSubject.jsp?relationWords=%E6%9E%97%E7%8D%BB%E5%A0%82+%E7%81%8C%E5%9C%92%E5%85%88%E7%94%9F+%E9%9C%A7%E5%B3%B0+&oid=16777783 HTTP/1.1" 200 6028
66.249.71.121 - - [10/Jul/2015:05:44:53 +0800] "GET /content/nav/relationSubject.jsp?relationWords=%E6%9E%97%E7%8D%BB%E5%A0%82%20%E7%81%8C%E5%9C%92%E5%85%88%E7%94%9F%20%E9%9C%A7%E5%B3%B0%20&oid=16777783 HTTP/1.1" 200 6028
66.249.71.60 - - [10/Jul/2015:05:44:54 +0800] "GET /content/nav/relationSubject.jsp?relationWords=&oid=2573688 HTTP/1.1" 200 1405
66.249.71.105 - - [10/Jul/2015:05:45:21 +0800] "GET /content/nav/relationSubject.jsp?relationWords=%E5%90%8D%E7%94%A2%20%E5%93%81%E8%B3%AA%20%E5%A2%9E%E7%94%A2%E6%A1%88%20%E6%96%87%E6%97%A6%20%E6%9E%9C%E8%BE%B2%20%E7%99%BD%E6%9F%9A%20%E7%A8%AE%E8%8B%97%20%E9%BA%BB%E8%B1%86%20&oid=1541672 HTTP/1.1" 200 5161
66.249.71.60 - - [10/Jul/2015:05:45:26 +0800] "GET /content/nav/relationSubject.jsp?relationWords=%E6%A2%A8%E5%B1%AC+%E6%A4%8D%E7%89%A9%E7%95%8C+%E7%B4%B0%E8%91%89+&oid=2145360 HTTP/1.1" 200 3263
66.249.71.72 - - [10/Jul/2015:05:45:28 +0800] "GET /content/nav/relationSubject.jsp?relationWords=%E6%A2%A8%E5%B1%AC%20%E6%A4%8D%E7%89%A9%E7%95%8C%20%E7%B4%B0%E8%91%89%20&oid=2145360 HTTP/1.1" 200 3263
66.249.71.64 - - [10/Jul/2015:05:45:32 +0800] "GET /content/nav/relationSubject.jsp?relationWords=%E6%94%B6%E8%B3%BC%E5%83%B9%E6%A0%BC+%E9%9B%9C%E7%B3%A7+&oid=1614015 HTTP/1.1" 200 5026
66.249.71.72 - - [10/Jul/2015:05:45:34 +0800] "GET /content/nav/relationSubject.jsp?relationWords=%E6%94%B6%E8%B3%BC%E5%83%B9%E6%A0%BC%20%E9%9B%9C%E7%B3%A7%20&oid=1614015 HTTP/1.1" 200 5026
66.249.71.72 - - [10/Jul/2015:05:46:04 +0800] "GET /content/nav/relationSubject.jsp?relationWords=%E6%A4%8D%E7%89%A9%E7%95%8C+%E6%A5%A0%E5%B1%AC+%E6%A8%9F%E7%A7%91+%E8%8F%B2%E5%BE%8B%E8%B3%93%E6%A5%A0+&oid=2152502 HTTP/1.1" 200 3261
66.249.71.64 - - [10/Jul/2015:05:46:06 +0800] "GET /content/nav/relationSubject.jsp?relationWords=%E6%A4%8D%E7%89%A9%E7%95%8C%20%E6%A5%A0%E5%B1%AC%20%E6%A8%9F%E7%A7%91%20%E8%8F%B2%E5%BE%8B%E8%B3%93%E6%A5%A0%20&oid=2152502 HTTP/1.1" 200 3261
66.249.71.45 - - [10/Jul/2015:05:46:46 +0800] "GET /content/nav/relationSubject.jsp?relationWords=&oid=2640654 HTTP/1.1" 200 1405
66.249.71.72 - - [10/Jul/2015:05:48:03 +0800] "GET /content/nav/relationSubject.jsp?relationWords=%E7%A1%9D%E7%A3%BA+%E7%A7%BB%E6%9C%83+%E9%96%A9%E7%9C%81+&oid=2676346 HTTP/1.1" 200 3173
66.249.71.60 - - [10/Jul/2015:05:48:04 +0800] "GET /content/nav/relationSubject.jsp?relationWords=%E7%A1%9D%E7%A3%BA%20%E7%A7%BB%E6%9C%83%20%E9%96%A9%E7%9C%81%20&oid=2676346 HTTP/1.1" 200 3173
66.249.71.60 - - [10/Jul/2015:05:48:06 +0800] "GET /content/nav/relationSubject.jsp?relationWords=%E7%9B%9B%E5%85%B7+%E7%9B%9B%E6%B0%B4%E8%91%AB%E8%98%86+%E9%AD%AF%E5%87%B1%E6%97%8F+&oid=1782486 HTTP/1.1" 200 3139
66.249.71.64 - - [10/Jul/2015:05:48:09 +0800] "GET /content/nav/relationSubject.jsp?relationWords=%E7%9B%9B%E5%85%B7%20%E7%9B%9B%E6%B0%B4%E8%91%AB%E8%98%86%20%E9%AD%AF%E5%87%B1%E6%97%8F%20&oid=1782486 HTTP/1.1" 200 3139
66.249.71.72 - - [10/Jul/2015:05:48:17 +0800] "GET /content/nav/relationSubject.jsp?relationWords=%E8%80%81%E8%8D%8A%E8%97%A4%E5%B1%AC+&oid=2147627 HTTP/1.1" 200 2429
66.249.71.72 - - [10/Jul/2015:05:48:18 +0800] "GET /content/nav/relationSubject.jsp?relationWords=%E8%80%81%E8%8D%8A%E8%97%A4%E5%B1%AC%20&oid=2147627 HTTP/1.1" 200 2429
66.249.71.127 - - [10/Jul/2015:05:49:18 +0800] "GET /content/subject/resource_content.jsp?oid=16777787&queryType=qc HTTP/1.1" 200 57852
66.249.71.127 - - [10/Jul/2015:05:50:36 +0800] "GET /content/repository/resource_content.jsp?oid=2683358&queryType=qs&queryString=%E7%A6%8F%E6%99%BA HTTP/1.1" 200 30195
66.249.71.72 - - [10/Jul/2015:05:51:59 +0800] "GET /content/nav/relationSubject.jsp?relationWords=%E4%BA%BA%E5%90%8D%E6%AC%8A%E5%A8%81+%E6%9D%8E%E4%BD%B3%E7%99%BD+%E7%99%BD%E8%8B%B1+&oid=745721 HTTP/1.1" 200 3226
123.125.71.31 - - [10/Jul/2015:05:52:00 +0800] "GET /content/repository/resource_content.jsp?oid=1852529 HTTP/1.1" 200 30066
66.249.71.60 - - [10/Jul/2015:05:52:01 +0800] "GET /content/nav/relationSubject.jsp?relationWords=%E4%BA%BA%E5%90%8D%E6%AC%8A%E5%A8%81%20%E6%9D%8E%E4%BD%B3%E7%99%BD%20%E7%99%BD%E8%8B%B1%20&oid=745721 HTTP/1.1" 200 3226
66.249.71.3 - - [10/Jul/2015:05:52:08 +0800] "GET /content/repository/resource_content.jsp?oid=2573209&queryType=qs&queryString=%E9%80%9A%E6%B1%9F HTTP/1.1" 200 29109
66.249.71.64 - - [10/Jul/2015:05:52:24 +0800] "GET /content/nav/relationSubject.jsp?relationWords=%E6%9B%BE%E6%96%87%E6%B0%B4%E5%BA%AB+%E6%9C%B1%E9%8E%94%E5%A0%85+%E9%A0%90%E7%AE%97+&oid=1618811 HTTP/1.1" 200 5307
66.249.71.64 - - [10/Jul/2015:05:52:26 +0800] "GET /content/nav/relationSubject.jsp?relationWords=%E6%9B%BE%E6%96%87%E6%B0%B4%E5%BA%AB%20%E6%9C%B1%E9%8E%94%E5%A0%85%20%E9%A0%90%E7%AE%97%20&oid=1618811 HTTP/1.1" 200 5307
66.249.71.119 - - [10/Jul/2015:05:53:39 +0800] "GET /content/repository/resource_content.jsp?oid=2680051&queryString=%E5%88%91%E9%83%A8%20%E6%9D%8E%E5%A4%A7%E6%9C%A8%20%E8%BA%AB%E6%AD%BB%E6%A1%88 HTTP/1.1" 200 30273
123.125.71.24 - - [10/Jul/2015:05:54:07 +0800] "GET /content/repository/resource_content.jsp?oid=1581696 HTTP/1.1" 200 29352
66.249.71.64 - - [10/Jul/2015:05:54:46 +0800] "GET /content/nav/relationSubject.jsp?relationWords=%E5%90%8F%E9%83%A8+%E5%91%88%E6%8E%A7+&oid=2665056 HTTP/1.1" 200 3124
66.249.71.127 - - [10/Jul/2015:05:54:47 +0800] "GET /content/nav/relationSubject.jsp?relationWords=%E5%AF%B6%E9%9B%B2+%E5%B1%80%E9%BC%93%E9%91%84+%E5%B7%A1%E6%92%AB+&oid=2514648 HTTP/1.1" 200 3169
66.249.71.72 - - [10/Jul/2015:05:54:48 +0800] "GET /content/nav/relationSubject.jsp?relationWords=%E5%90%8F%E9%83%A8%20%E5%91%88%E6%8E%A7%20&oid=2665056 HTTP/1.1" 200 3124
66.249.71.119 - - [10/Jul/2015:05:54:49 +0800] "GET /content/nav/relationSubject.jsp?relationWords=%E5%AF%B6%E9%9B%B2%20%E5%B1%80%E9%BC%93%E9%91%84%20%E5%B7%A1%E6%92%AB%20&oid=2514648 HTTP/1.1" 200 3169
123.125.71.86 - - [10/Jul/2015:05:55:10 +0800] "GET /content/repository/resource_content.jsp?oid=1846717 HTTP/1.1" 200 29588
66.249.71.64 - - [10/Jul/2015:05:55:29 +0800] "GET /content/nav/relationSubject.jsp?relationWords=%E6%AE%98%E8%8A%B1%E9%AA%A8+&oid=1863353 HTTP/1.1" 200 2990
66.249.71.60 - - [10/Jul/2015:05:55:30 +0800] "GET /content/nav/relationSubject.jsp?relationWords=%E6%AE%98%E8%8A%B1%E9%AA%A8%20&oid=1863353 HTTP/1.1" 200 2990
66.249.71.72 - - [10/Jul/2015:05:55:43 +0800] "GET /content/repository/resource_content.jsp?oid=1782911 HTTP/1.1" 200 28203
66.249.71.60 - - [10/Jul/2015:05:56:04 +0800] "GET /content/nav/relationSubject.jsp?relationWords=%E7%A5%AD%E5%84%80+&oid=1778330 HTTP/1.1" 200 4078
66.249.71.72 - - [10/Jul/2015:05:56:14 +0800] "GET /content/nav/relationSubject.jsp?relationWords=%E7%A5%AD%E5%84%80%20&oid=1778330 HTTP/1.1" 200 4078
66.249.71.45 - - [10/Jul/2015:05:56:46 +0800] "GET /content/tmp_exh/resource_content.jsp?oid=16777760&queryString= HTTP/1.1" 200 35814
66.249.71.119 - - [10/Jul/2015:05:57:14 +0800] "GET /content/nav/relationSubject.jsp?relationWords=%E6%9C%A8%E7%A8%85+%E6%BD%98%E6%A1%83%E5%8F%A3+&oid=2510757 HTTP/1.1" 200 3143
66.249.71.3 - - [10/Jul/2015:05:57:16 +0800] "GET /content/nav/relationSubject.jsp?relationWords=%E6%9C%A8%E7%A8%85%20%E6%BD%98%E6%A1%83%E5%8F%A3%20&oid=2510757 HTTP/1.1" 200 3143
66.249.71.14 - - [10/Jul/2015:05:57:20 +0800] "GET /digiarch3/content/nav/relationSubject.jsp?relationWords=%E7%83%8F%E8%80%B3%E9%B0%BB+%E8%8A%B1%E9%B0%BB+%E8%8A%B1%E9%B0%BB%E9%B1%BA+%E9%B0%BB%E9%B1%BA%E7%A7%91+%E9%B1%B8%E9%B0%BB+&oid=14226 HTTP/1.1" 200 3446
66.249.71.23 - - [10/Jul/2015:05:57:22 +0800] "GET /digiarch3/content/nav/relationSubject.jsp?relationWords=%E7%83%8F%E8%80%B3%E9%B0%BB%20%E8%8A%B1%E9%B0%BB%20%E8%8A%B1%E9%B0%BB%E9%B1%BA%20%E9%B0%BB%E9%B1%BA%E7%A7%91%20%E9%B1%B8%E9%B0%BB%20&oid=14226 HTTP/1.1" 200 3446
207.46.13.34 - - [10/Jul/2015:05:57:23 +0800] "GET /content/nav/relationSubject.jsp?relationWords=%E8%BA%84%E9%AD%9A+&oid=16777228 HTTP/1.1" 200 3771
66.249.71.64 - - [10/Jul/2015:05:58:20 +0800] "GET /content/repository/resource_content.jsp?oid=1531123 HTTP/1.1" 200 29839
66.249.71.119 - - [10/Jul/2015:05:58:59 +0800] "GET /content/nav/relationSubject.jsp?relationWords=%E6%9F%A5%E9%96%B1+%E7%87%9F%E4%BC%8D+&oid=2685020 HTTP/1.1" 200 5300
66.249.71.127 - - [10/Jul/2015:05:59:01 +0800] "GET /content/nav/relationSubject.jsp?relationWords=%E6%9F%A5%E9%96%B1%20%E7%87%9F%E4%BC%8D%20&oid=2685020 HTTP/1.1" 200 5300
66.249.71.119 - - [10/Jul/2015:05:59:26 +0800] "GET /content/nav/relationSubject.jsp?relationWords=%E5%AE%9B%E5%B9%B3+%E9%A0%86%E5%A4%A9%E5%BA%9C+&oid=2535485 HTTP/1.1" 200 3143
66.249.71.72 - - [10/Jul/2015:05:59:45 +0800] "GET /content/nav/relationSubject.jsp?relationWords=&oid=2610799 HTTP/1.1" 200 1405
66.249.71.14 - - [10/Jul/2015:05:59:54 +0800] "GET /digiarch3/content/repository/resource_content.jsp?oid=15872&queryString=%E6%93%AC%E9%B1%B8%20%E7%B1%B3%E9%A6%AC%E6%93%AC%E9%B1%B8 HTTP/1.1" 200 35676
66.249.71.36 - - [10/Jul/2015:06:01:18 +0800] "GET /content/repository/resource_content.jsp?oid=14052&queryString=%E5%B8%83%E6%B0%8F%E7%B2%98%E7%9B%B2%E9%B0%BB%20%E7%84%A1%E7%9B%AE%E9%B0%BB%20%E7%9B%B2%E9%B0%BB%20%E7%B2%98%E7%9B%B2%E9%B0%BB%20%E8%92%B2%E6%B0%8F%20%E9%9D%92%E7%9C%A0%E9%B0%BB%20%E9%B0%BB%E7%A7%91%20%E9%BE%8D%E7%AD%8B HTTP/1.1" 200 34809
66.249.71.60 - - [10/Jul/2015:06:03:07 +0800] "GET /content/nav/relationSubject.jsp?relationWords=%E5%8D%91%E5%8D%97%E9%84%89+%E5%9B%9B%E5%BA%9C+%E6%9F%91%E6%A1%94+&oid=1617041 HTTP/1.1" 200 3314
66.249.71.64 - - [10/Jul/2015:06:03:08 +0800] "GET /content/nav/relationSubject.jsp?relationWords=%E5%8D%91%E5%8D%97%E9%84%89%20%E5%9B%9B%E5%BA%9C%20%E6%9F%91%E6%A1%94%20&oid=1617041 HTTP/1.1" 200 3314
66.249.71.64 - - [10/Jul/2015:06:03:59 +0800] "GET /content/nav/relationSubject.jsp?relationWords=%E6%85%88%E9%AF%9B+%E6%85%88%E9%AF%9B%E7%A7%91+&oid=20790 HTTP/1.1" 200 3154
66.249.71.64 - - [10/Jul/2015:06:04:01 +0800] "GET /content/nav/relationSubject.jsp?relationWords=%E6%85%88%E9%AF%9B%20%E6%85%88%E9%AF%9B%E7%A7%91%20&oid=20790 HTTP/1.1" 200 3154
66.249.71.72 - - [10/Jul/2015:06:04:17 +0800] "GET /content/repository/resource_content.jsp?oid=2535318 HTTP/1.1" 200 29463
220.181.108.154 - - [10/Jul/2015:06:06:29 +0800] "GET /content/repository/resource_content.jsp?oid=2528225 HTTP/1.1" 200 29474
66.249.71.119 - - [10/Jul/2015:06:07:19 +0800] "GET /content/repository/resource_content.jsp?oid=1887229&queryType=qs&queryString=%E5%A4%A7%E4%B8%80%E8%AD%89%E5%88%B8 HTTP/1.1" 200 30735
66.249.71.72 - - [10/Jul/2015:06:08:20 +0800] "GET /content/nav/relationSubject.jsp?relationWords=&oid=1539584 HTTP/1.1" 200 1405
66.249.71.72 - - [10/Jul/2015:06:08:51 +0800] "GET /content/repository/resource_content.jsp?oid=523231&queryString=%E6%8D%B2%E7%AE%A1%E8%9E%BA%20%E8%85%B9%E8%B6%B3%E7%B6%B1 HTTP/1.1" 200 31923
99.244.12.248 - - [10/Jul/2015:06:09:18 +0800] "GET /content/nav/relationSubject.jsp?relationWords=%E6%9E%97%E7%A5%96%E5%A3%BD+%E8%93%AE%E8%88%AB+&oid=16777654 HTTP/1.1" 200 2701
66.249.71.72 - - [10/Jul/2015:06:09:30 +0800] "GET /content/repository/resource_content.jsp?oid=1461872 HTTP/1.1" 200 31636
66.249.71.72 - - [10/Jul/2015:06:09:35 +0800] "GET /digiarch_en/content/nav/relationSubject.jsp?relationWords=%E5%85%AC%E7%87%9F%E4%BA%8B%E6%A5%AD%E6%A9%9F%E6%A7%8B+%E5%BD%B0%E5%8C%96%E5%B8%82+%E7%94%B0%E8%B3%A6+%E7%95%A2%E6%A5%AD%E7%94%9F+%E7%AB%A5%E5%AD%90%E8%BB%8D+%E8%81%B7%E6%A5%AD%E5%AD%B8%E6%A0%A1+%E8%82%A5%E6%96%99%E8%B0%B7+%E8%B2%B8%E6%AC%BE+%E8%BB%8D%E6%A0%A1+%E8%BB%8D%E8%A8%93%E6%95%99%E5%AE%98+&oid=1553019 HTTP/1.1" 200 3610
66.249.71.60 - - [10/Jul/2015:06:09:43 +0800] "GET /digiarch_en/content/nav/relationSubject.jsp?relationWords=%E5%85%AC%E7%87%9F%E4%BA%8B%E6%A5%AD%E6%A9%9F%E6%A7%8B%20%E5%BD%B0%E5%8C%96%E5%B8%82%20%E7%94%B0%E8%B3%A6%20%E7%95%A2%E6%A5%AD%E7%94%9F%20%E7%AB%A5%E5%AD%90%E8%BB%8D%20%E8%81%B7%E6%A5%AD%E5%AD%B8%E6%A0%A1%20%E8%82%A5%E6%96%99%E8%B0%B7%20%E8%B2%B8%E6%AC%BE%20%E8%BB%8D%E6%A0%A1%20%E8%BB%8D%E8%A8%93%E6%95%99%E5%AE%98%20&oid=1553019 HTTP/1.1" 200 3610
66.249.71.127 - - [10/Jul/2015:06:09:50 +0800] "GET /content/nav/relationSubject.jsp?relationWords=%E5%88%91%E9%83%A8+&oid=2645783 HTTP/1.1" 200 3095
66.249.71.3 - - [10/Jul/2015:06:09:53 +0800] "GET /content/nav/relationSubject.jsp?relationWords=%E5%88%91%E9%83%A8%20&oid=2645783 HTTP/1.1" 200 3095
66.249.71.72 - - [10/Jul/2015:06:10:08 +0800] "GET /content/nav/relationSubject.jsp?relationWords=%E4%BF%9D%E7%95%99%E5%9C%B0+%E5%85%AC%E5%85%B1%E8%A8%AD%E6%96%BD+%E5%9C%9F%E5%9C%B0%E5%A2%9E%E5%80%BC%E7%A8%85+%E8%87%BA%E7%81%A3%E7%9C%81+%E9%83%BD%E5%B8%82%E8%A8%88%E7%95%AB+&oid=1612837 HTTP/1.1" 200 4603
66.249.71.72 - - [10/Jul/2015:06:11:56 +0800] "GET /content/subject/resource_content.jsp?oid=16777293&queryType=qs&queryString=%E7%A0%94%E7%A9%B6%E7%94%9F HTTP/1.1" 200 32150
66.249.71.127 - - [10/Jul/2015:06:12:24 +0800] "GET /content/nav/relationSubject.jsp?relationWords=%E7%9B%9B%E5%85%B7+%E7%B1%90%E7%B7%A8%E7%9B%A4+%E9%9B%85%E7%BE%8E%E6%97%8F+&oid=1780966 HTTP/1.1" 200 3035
66.249.71.3 - - [10/Jul/2015:06:12:26 +0800] "GET /content/nav/relationSubject.jsp?relationWords=%E7%9B%9B%E5%85%B7%20%E7%B1%90%E7%B7%A8%E7%9B%A4%20%E9%9B%85%E7%BE%8E%E6%97%8F%20&oid=1780966 HTTP/1.1" 200 3035
66.249.71.54 - - [10/Jul/2015:06:12:26 +0800] "GET /content/nav/relationSubject.jsp?relationWords=%E8%A5%BF%E6%96%B0%E9%97%9C+%E9%8C%A2%E7%B3%A7+&oid=2676151 HTTP/1.1" 200 5310
66.249.71.23 - - [10/Jul/2015:06:12:27 +0800] "GET /digiarch3/content/nav/relationSubject.jsp?relationWords=%E5%95%8F%E5%8D%9C+%E5%A5%B3%E5%B7%AB+%E7%A5%AD%E5%84%80+%E8%B3%BD%E5%A4%8F+%E8%B3%BD%E5%A4%8F%E6%97%8F+&oid=4739328 HTTP/1.1" 200 4089
66.249.71.36 - - [10/Jul/2015:06:12:28 +0800] "GET /content/nav/relationSubject.jsp?relationWords=%E8%A5%BF%E6%96%B0%E9%97%9C%20%E9%8C%A2%E7%B3%A7%20&oid=2676151 HTTP/1.1" 200 5310
66.249.71.14 - - [10/Jul/2015:06:12:30 +0800] "GET /digiarch3/content/nav/relationSubject.jsp?relationWords=%E5%95%8F%E5%8D%9C%20%E5%A5%B3%E5%B7%AB%20%E7%A5%AD%E5%84%80%20%E8%B3%BD%E5%A4%8F%20%E8%B3%BD%E5%A4%8F%E6%97%8F%20&oid=4739328 HTTP/1.1" 200 4089
66.249.71.127 - - [10/Jul/2015:06:13:09 +0800] "GET /content/nav/relationSubject.jsp?relationWords=%E8%A6%86%E8%AD%B0+%E9%8A%80%E5%85%A9+&oid=2671310 HTTP/1.1" 200 5400
66.249.71.3 - - [10/Jul/2015:06:13:12 +0800] "GET /content/nav/relationSubject.jsp?relationWords=%E8%A6%86%E8%AD%B0%20%E9%8A%80%E5%85%A9%20&oid=2671310 HTTP/1.1" 200 5400
66.249.71.3 - - [10/Jul/2015:06:14:05 +0800] "GET /content/nav/relationSubject.jsp?relationWords=%E5%90%8F%E9%83%A8+%E8%87%A8%E5%AE%89+&oid=2521857 HTTP/1.1" 200 3136
66.249.71.3 - - [10/Jul/2015:06:14:06 +0800] "GET /content/nav/relationSubject.jsp?relationWords=%E5%90%8F%E9%83%A8%20%E8%87%A8%E5%AE%89%20&oid=2521857 HTTP/1.1" 200 3136
220.181.108.175 - - [10/Jul/2015:06:14:33 +0800] "GET /content/repository/resource_content.jsp?oid=2645896 HTTP/1.1" 200 30022
66.249.71.54 - - [10/Jul/2015:06:15:01 +0800] "GET /content/repository/resource_content.jsp?oid=2666173&queryType=qs&queryString=%E8%A2%81%E6%B0%8F HTTP/1.1" 200 29806
207.46.13.34 - - [10/Jul/2015:06:15:20 +0800] "GET /content/tmp_exh/resource_content.jsp?oid=16777750&queryType=qc HTTP/1.1" 200 32507
66.249.71.64 - - [10/Jul/2015:06:15:38 +0800] "GET /content/nav/relationSubject.jsp?relationWords=%E6%A4%8D%E7%89%A9%E7%95%8C+%E8%83%BD%E9%AB%98%E9%87%91%E7%B5%B2%E6%A1%83+%E9%87%91%E7%B5%B2%E6%A1%83%E5%B1%AC+%E9%87%91%E7%B5%B2%E6%A1%83%E7%A7%91+%E9%9B%99%E5%AD%90%E8%91%89%E6%A4%8D%E7%89%A9+&oid=1460061 HTTP/1.1" 200 3256
66.249.71.60 - - [10/Jul/2015:06:15:40 +0800] "GET /content/nav/relationSubject.jsp?relationWords=%E6%A4%8D%E7%89%A9%E7%95%8C%20%E8%83%BD%E9%AB%98%E9%87%91%E7%B5%B2%E6%A1%83%20%E9%87%91%E7%B5%B2%E6%A1%83%E5%B1%AC%20%E9%87%91%E7%B5%B2%E6%A1%83%E7%A7%91%20%E9%9B%99%E5%AD%90%E8%91%89%E6%A4%8D%E7%89%A9%20&oid=1460061 HTTP/1.1" 200 3256
66.249.71.72 - - [10/Jul/2015:06:18:02 +0800] "GET /content/repository/resource_content.jsp?oid=1602267 HTTP/1.1" 200 29116
66.249.71.64 - - [10/Jul/2015:06:18:20 +0800] "GET /content/nav/relationSubject.jsp?relationWords=%E6%97%8C%E4%BA%8B+%E6%BC%A2%E7%A5%A8+%E7%A5%A8%E7%B0%BD+%E8%AB%8B%E6%97%8C+&oid=2675364 HTTP/1.1" 200 3189
66.249.71.127 - - [10/Jul/2015:06:18:22 +0800] "GET /content/tmp_tec/resource_content.jsp?oid=16777753 HTTP/1.1" 200 33913
66.249.71.60 - - [10/Jul/2015:06:18:31 +0800] "GET /content/nav/relationSubject.jsp?relationWords=%E6%8B%8D%E8%B3%A3+%E6%BC%81%E6%9C%83+&oid=1599575 HTTP/1.1" 200 4198
66.249.71.72 - - [10/Jul/2015:06:18:32 +0800] "GET /content/nav/relationSubject.jsp?relationWords=%E6%97%8C%E4%BA%8B%20%E6%BC%A2%E7%A5%A8%20%E7%A5%A8%E7%B0%BD%20%E8%AB%8B%E6%97%8C%20&oid=2675364 HTTP/1.1" 200 3189
66.249.71.72 - - [10/Jul/2015:06:18:34 +0800] "GET /content/nav/relationSubject.jsp?relationWords=%E8%87%BA%E7%81%A3%E7%9C%81+%E8%B3%AA%E8%A9%A2+%E9%99%B3%E4%B8%96%E5%8F%AB+&oid=1549240 HTTP/1.1" 200 4428
66.249.71.64 - - [10/Jul/2015:06:18:35 +0800] "GET /content/nav/relationSubject.jsp?relationWords=%E6%8B%8D%E8%B3%A3%20%E6%BC%81%E6%9C%83%20&oid=1599575 HTTP/1.1" 200 4198
66.249.71.64 - - [10/Jul/2015:06:18:42 +0800] "GET /content/nav/relationSubject.jsp?relationWords=%E8%87%BA%E7%81%A3%E7%9C%81%20%E8%B3%AA%E8%A9%A2%20%E9%99%B3%E4%B8%96%E5%8F%AB%20&oid=1549240 HTTP/1.1" 200 4428
