140.109.19.101 - - [16/Jul/2015:11:42:58 +0800] "GET /content/nav/relationSubject.jsp?relationWords=%E5%B7%A1%E7%8B%A9+%E7%8E%8B%E8%88%B9+&oid=16777824 HTTP/1.1" 200 4757
140.109.19.101 - - [16/Jul/2015:11:43:05 +0800] "GET /content/tmp_exh/resource_content.jsp?oid=16777798&queryType=qc HTTP/1.1" 200 32372
140.109.19.101 - - [16/Jul/2015:11:43:05 +0800] "GET /content/nav/relationSubject.jsp?relationWords=%E5%B7%A1%E7%8B%A9+%E7%8E%8B%E8%88%B9+&oid=16777798 HTTP/1.1" 200 4751
66.249.71.36 - - [16/Jul/2015:11:43:22 +0800] "GET /content/nav/relationSubject.jsp?relationWords=%E5%B0%91%E6%9E%97%E5%AF%BA+%E8%88%AC%E8%8B%A5%E6%B3%A2%E7%BE%85%E8%9C%9C%E7%B6%93+&oid=4511414 HTTP/1.1" 200 4017
66.249.71.36 - - [16/Jul/2015:11:43:24 +0800] "GET /content/nav/relationSubject.jsp?relationWords=%E5%B0%91%E6%9E%97%E5%AF%BA%20%E8%88%AC%E8%8B%A5%E6%B3%A2%E7%BE%85%E8%9C%9C%E7%B6%93%20&oid=4511414 HTTP/1.1" 200 4017
207.46.13.135 - - [16/Jul/2015:11:43:36 +0800] "GET /content/repository/resource_content.jsp?oid=2646889&queryString=%E5%AF%B6%E9%88%94 HTTP/1.1" 200 29861
66.249.71.127 - - [16/Jul/2015:11:43:42 +0800] "GET /content/subject/resource_content.jsp?oid=16777276&queryString=%E5%8F%B0%E7%81%A3%E6%AC%92%E6%A8%B9 HTTP/1.1" 200 32552
207.46.13.135 - - [16/Jul/2015:11:43:57 +0800] "GET /content/repository/resource_content.jsp?oid=1614318&queryString=%E6%B0%91%E6%97%8F%E5%AD%B8%20%E6%B0%91%E9%96%93%E4%BF%A1%E4%BB%B0 HTTP/1.1" 200 28590
123.125.71.40 - - [16/Jul/2015:11:44:48 +0800] "GET /digiarch_en/content/subject/resource_content.jsp?oid=16777285&queryType=qc HTTP/1.1" 200 23432
157.55.39.12 - - [16/Jul/2015:11:45:36 +0800] "GET /content/pictures/picture_content.jsp?oid=33554746&queryType=qc HTTP/1.1" 200 27686
207.46.13.135 - - [16/Jul/2015:11:46:17 +0800] "GET /content/repository/resource_content.jsp?oid=1602236 HTTP/1.1" 200 28632
207.46.13.135 - - [16/Jul/2015:11:46:40 +0800] "GET /content/repository/resource_content.jsp?oid=1568570&queryString=%E5%8C%96%E5%A6%9D%E5%93%81%20%E5%A4%9A%E6%A8%A3%E6%80%A7%20%E5%B0%8F%E5%90%83 HTTP/1.1" 200 28475
207.46.13.135 - - [16/Jul/2015:11:46:57 +0800] "GET /content/repository/resource_content.jsp?oid=1547347&queryString=%E8%AD%89%E4%BB%B6 HTTP/1.1" 200 29513
131.253.26.253 - - [16/Jul/2015:11:47:20 +0800] "GET /content/repository/resource_content.jsp?oid=4363694&queryType=qs&queryString=%E7%8E%84%E5%A4%A9%E4%B8%8A%E5%B8%9D HTTP/1.1" 200 28916
131.253.24.136 - - [16/Jul/2015:11:47:37 +0800] "GET /content/nav/relationSubject.jsp?relationWords=&oid=4363694 HTTP/1.1" 200 1405
163.29.212.113 - - [16/Jul/2015:11:48:05 +0800] "GET /content/repository/resource_content.jsp?oid=1896886&queryType=null&queryString=%E4%B8%AD%E5%A3%A2%E9%83%BD%E5%B8%82%E8%A8%88%E7%95%AB HTTP/1.1" 200 29764
163.29.212.113 - - [16/Jul/2015:11:48:06 +0800] "GET /content/nav/relationSubject.jsp?relationWords=%E4%B8%AD%E5%A3%A2+%E4%B8%AD%E5%A3%A2%E5%B8%82+%E5%8B%9D%E8%88%88+%E5%9C%B0%E5%83%B9%E8%A3%9C%E5%84%9F+%E5%B7%A5%E6%A5%AD%E7%94%A8%E5%9C%B0+%E7%9C%81%E6%94%BF%E5%BA%9C+%E7%B6%93%E6%BF%9F%E9%83%A8+%E9%83%BD%E5%B8%82%E8%A8%88%E7%95%AB+%E9%99%B3%E5%AD%B8%E7%9B%8A+%E9%BB%83%E7%A7%80+&oid=1896886 HTTP/1.1" 200 4907
68.180.228.24 - - [16/Jul/2015:11:49:08 +0800] "GET /content/subject/resource_content.jsp?oid=16777432&queryType=qc HTTP/1.1" 200 28844
59.115.207.132 - - [16/Jul/2015:11:51:10 +0800] "GET /content/nav/relationSubject.jsp?relationWords=%E6%BC%94%E8%AE%8A+%E7%A6%AE%E6%9C%8D+&oid=16777619 HTTP/1.1" 200 3545
207.46.13.135 - - [16/Jul/2015:11:51:17 +0800] "GET /content/repository/resource_content.jsp?oid=1459324 HTTP/1.1" 200 30988
36.225.38.206 - - [16/Jul/2015:11:51:18 +0800] "GET /content/repository/resource_content.jsp?oid=4353392&queryString=%E9%9D%92%E9%B8%9A%E5%93%A5%E9%AD%9A HTTP/1.1" 200 36767
36.225.38.206 - - [16/Jul/2015:11:51:19 +0800] "GET /content/nav/relationSubject.jsp?relationWords=%E8%A0%94%E9%AD%9A+%E9%9D%92%E8%A1%A3+%E9%9D%92%E9%AF%A8%E9%B8%9A%E5%98%B4%E9%AD%9A+%E9%9D%92%E9%B8%9A%E5%93%A5%E9%AD%9A+%E9%B8%9A%E5%93%A5%E9%AD%9A+&oid=4353392 HTTP/1.1" 200 3580
163.29.212.113 - - [16/Jul/2015:11:51:44 +0800] "GET /content/repository/resource_content.jsp?oid=4437720&queryType=null&queryString=%E4%B8%AD%E5%A3%A2 HTTP/1.1" 200 32451
163.29.212.113 - - [16/Jul/2015:11:51:45 +0800] "GET /content/nav/relationSubject.jsp?relationWords=&oid=4437720 HTTP/1.1" 200 1405
111.83.67.183 - - [16/Jul/2015:11:52:09 +0800] "GET /content/nav/relationSubject.jsp?relationWords=&oid=16777342 HTTP/1.1" 200 1405
66.249.71.60 - - [16/Jul/2015:11:52:50 +0800] "GET /content/nav/relationSubject.jsp?relationWords=%E9%99%B3%E6%8C%AF+&oid=1893035 HTTP/1.1" 200 4043
66.249.71.60 - - [16/Jul/2015:11:52:52 +0800] "GET /content/nav/relationSubject.jsp?relationWords=%E9%99%B3%E6%8C%AF%20&oid=1893035 HTTP/1.1" 200 4043
66.249.71.3 - - [16/Jul/2015:11:52:57 +0800] "GET /content/nav/relationSubject.jsp?relationWords=%E5%B9%B2%E6%AC%84%E5%BC%8F+%E5%B9%B2%E6%AC%84%E5%BC%8F%E5%BB%BA%E7%AF%89+&oid=1176297 HTTP/1.1" 200 2203
66.249.71.119 - - [16/Jul/2015:11:52:59 +0800] "GET /content/nav/relationSubject.jsp?relationWords=%E5%B9%B2%E6%AC%84%E5%BC%8F%20%E5%B9%B2%E6%AC%84%E5%BC%8F%E5%BB%BA%E7%AF%89%20&oid=1176297 HTTP/1.1" 200 2203
66.249.71.60 - - [16/Jul/2015:11:52:59 +0800] "GET /content/nav/relationSubject.jsp?relationWords=%E6%95%99%E8%82%B2%E5%BB%A3%E6%92%AD%E9%9B%BB%E5%8F%B0+&oid=16777610 HTTP/1.1" 200 3597
66.249.71.64 - - [16/Jul/2015:11:53:04 +0800] "GET /content/nav/relationSubject.jsp?relationWords=%E6%95%99%E8%82%B2%E5%BB%A3%E6%92%AD%E9%9B%BB%E5%8F%B0%20&oid=16777610 HTTP/1.1" 200 3597
66.249.71.64 - - [16/Jul/2015:11:53:17 +0800] "GET /content/nav/relationSubject.jsp?relationWords=%E9%A9%8D%E9%A8%8E+&oid=2532651 HTTP/1.1" 200 3094
66.249.71.60 - - [16/Jul/2015:11:53:18 +0800] "GET /content/nav/relationSubject.jsp?relationWords=%E9%A9%8D%E9%A8%8E%20&oid=2532651 HTTP/1.1" 200 3094
66.249.71.127 - - [16/Jul/2015:11:53:19 +0800] "GET /content/nav/relationSubject.jsp?relationWords=&oid=2563861 HTTP/1.1" 200 1405
123.125.71.28 - - [16/Jul/2015:11:53:23 +0800] "GET /content/subject/resource_content.jsp?oid=16777410&queryType=qc HTTP/1.1" 200 27315
207.46.13.135 - - [16/Jul/2015:11:53:37 +0800] "GET /content/repository/resource_content.jsp?oid=1106031&queryString=%E6%AA%AC%E6%9E%9C%20%E6%B5%B7%E6%AA%AC%E6%9E%9C HTTP/1.1" 200 31058
220.181.108.120 - - [16/Jul/2015:11:53:39 +0800] "GET /content/nav/relationSubject.jsp?relationWords=%E5%89%AA%E7%B4%99+%E6%95%B8%E4%BD%8D%E5%85%B8%E8%97%8F+&oid=16777410 HTTP/1.1" 200 6695
207.46.13.135 - - [16/Jul/2015:11:54:17 +0800] "GET /content/repository/resource_content.jsp?oid=1102554&queryString=%E6%AA%AC%E6%9E%9C%20%E6%B5%B7%E6%AA%AC%E6%9E%9C HTTP/1.1" 200 31134
66.249.71.36 - - [16/Jul/2015:11:54:46 +0800] "GET /content/nav/relationSubject.jsp?relationWords=%E7%A4%BE%E6%9C%83%E5%95%8F%E9%A1%8C+&oid=4452137 HTTP/1.1" 200 4687
66.249.71.45 - - [16/Jul/2015:11:54:49 +0800] "GET /content/nav/relationSubject.jsp?relationWords=%E7%A4%BE%E6%9C%83%E5%95%8F%E9%A1%8C%20&oid=4452137 HTTP/1.1" 200 4687
66.249.71.60 - - [16/Jul/2015:11:55:42 +0800] "GET /content/repository/resource_content.jsp?oid=2144554 HTTP/1.1" 200 30870
66.249.71.127 - - [16/Jul/2015:11:58:17 +0800] "GET /content/subject/resource_content.jsp?oid=16797240&queryType=qc HTTP/1.1" 200 42460
123.125.71.90 - - [16/Jul/2015:11:58:30 +0800] "GET /content/subject/resource_content.jsp?oid=16777628&queryType=qc%3E HTTP/1.1" 200 30030
207.46.13.104 - - [16/Jul/2015:11:59:37 +0800] "GET /content/repository/resource_content.jsp?oid=3819038&queryString=%E5%B1%B1%E6%9C%88%E6%A1%83%20%E6%9C%88%E6%A1%83%E5%B1%AC HTTP/1.1" 200 31020
220.181.108.115 - - [16/Jul/2015:11:59:49 +0800] "GET /content/repository/resource_content.jsp?oid=3393982 HTTP/1.1" 200 29389
66.249.82.164 - - [16/Jul/2015:12:00:24 +0800] "GET /content/subject/resource_content.jsp?oid=16797271&queryType=qc HTTP/1.1" 200 55170
66.249.82.160 - - [16/Jul/2015:12:00:26 +0800] "GET /content/nav/relationSubject.jsp?relationWords=&oid=16797271 HTTP/1.1" 200 1405
207.46.13.104 - - [16/Jul/2015:12:00:36 +0800] "GET /content/repository/resource_content.jsp?oid=2644668&queryString=%E4%BA%8C%E4%BB%81%20%E5%94%90%E6%A6%AE%20%E5%A2%9E%E5%BB%BA%20%E5%B7%A5%E6%A5%AD%E7%94%A8%E5%9C%B0%20%E5%BB%BA%E8%A8%AD%E5%BB%B3%20%E5%BC%B5%E5%AF%8C%20%E6%9B%BE%E5%8F%83%20%E6%9E%97%E5%9C%92%E9%84%89%20%E6%9F%B4%E9%A0%AD%E5%9F%A4%20%E6%A9%9F%E6%A2%B0%20%E6%B1%95%E4%B8%81%E5%A3%A9%20%E7%B3%96%E6%A5%AD%20%E7%B6%93%E6%BF%9F%E9%83%A8%20%E8%82%A1%E6%9D%B1%20%E8%91%A3%E4%BA%8B%E9%95%B7%20%E8%B3%AA%E8%A9%A2%20%E8%BE%B2%E6%9E%97%20%E9%90%B5%E7%AD%8B%20%E9%98%B2%E6%B4%AA%20%E9%A0%98%E5%B0%8E%20%E9%BB%83%E5%8D%A0%E5%B2%B8 HTTP/1.1" 200 30294
207.46.13.104 - - [16/Jul/2015:12:01:16 +0800] "GET /content/repository/resource_content.jsp?oid=1834686&queryString=%E5%A4%9A%E6%A8%A3%E6%80%A7%20%E7%A5%9E%E7%A5%AD%20%E8%B2%9D%E5%A1%9A%20%E8%B2%9D%E7%A5%9E%20%E9%84%92%E6%97%8F HTTP/1.1" 200 31357
207.46.13.104 - - [16/Jul/2015:12:01:36 +0800] "GET /content/repository/resource_content.jsp?oid=1818960&queryString=%E5%AF%B6%E9%88%94 HTTP/1.1" 200 28616
207.46.13.104 - - [16/Jul/2015:12:01:56 +0800] "GET /content/repository/resource_content.jsp?oid=1581924 HTTP/1.1" 200 28949
207.46.13.104 - - [16/Jul/2015:12:03:36 +0800] "GET /content/repository/resource_content.jsp?oid=1546787&queryString=%E7%94%A2%E5%A9%86%20%E7%94%A2%E5%A9%A6 HTTP/1.1" 200 29181
66.249.71.36 - - [16/Jul/2015:12:03:53 +0800] "GET /content/nav/relationSubject.jsp?relationWords=%E4%BA%BA%E5%90%8D%E6%AC%8A%E5%A8%81+%E5%96%80%E6%8B%89%E7%BD%95+%E8%98%87%E8%81%AF+&oid=704445 HTTP/1.1" 200 3263
66.249.71.45 - - [16/Jul/2015:12:03:56 +0800] "GET /content/nav/relationSubject.jsp?relationWords=%E4%BA%BA%E5%90%8D%E6%AC%8A%E5%A8%81%20%E5%96%80%E6%8B%89%E7%BD%95%20%E8%98%87%E8%81%AF%20&oid=704445 HTTP/1.1" 200 3263
220.181.108.83 - - [16/Jul/2015:12:04:23 +0800] "GET /content/repository/resource_content.jsp?oid=1603421 HTTP/1.1" 200 30741
123.193.71.50 - - [16/Jul/2015:12:04:44 +0800] "GET /content/nav/relationSubject.jsp?relationWords=%E6%95%B8%E4%BD%8D%E5%85%B8%E8%97%8F+%E6%B5%81%E8%BD%89%E5%B9%B4%E8%8F%AF+&oid=16777615 HTTP/1.1" 200 5944
66.249.71.64 - - [16/Jul/2015:12:04:59 +0800] "GET /content/nav/relationSubject.jsp?relationWords=%E9%BE%9C%E7%94%B2%E5%8D%9C%E8%BE%AD%E6%AE%98%E7%89%87+&oid=1844556 HTTP/1.1" 200 3071
66.249.71.72 - - [16/Jul/2015:12:05:01 +0800] "GET /content/nav/relationSubject.jsp?relationWords=%E9%BE%9C%E7%94%B2%E5%8D%9C%E8%BE%AD%E6%AE%98%E7%89%87%20&oid=1844556 HTTP/1.1" 200 3071
207.46.13.104 - - [16/Jul/2015:12:05:38 +0800] "GET /content/repository/resource_content.jsp?oid=1523734&queryString=%E6%9E%97%E7%8D%BB%E5%A0%82%20%E6%A5%8A%E8%82%87%E5%98%89%20%E6%B2%88%E8%91%86%E7%A6%8E%20%E8%A8%B1%E5%BF%97%20%E9%95%B7%E8%B0%B7%E5%B7%9D%E6%B8%85 HTTP/1.1" 200 29120
66.249.71.72 - - [16/Jul/2015:12:05:40 +0800] "GET /content/nav/relationSubject.jsp?relationWords=%E6%8F%90%E7%9D%A3%20%E9%A1%8C%E5%A0%B1%E5%88%B0%E4%BB%BB%20&oid=2572459 HTTP/1.1" 200 4067
66.249.71.3 - - [16/Jul/2015:12:07:42 +0800] "GET /content/repository/resource_content.jsp?oid=1624634&queryString=%E6%8E%92%E6%B0%B4%E6%BA%9D%20%E8%8A%B1%E8%93%AE%E6%BA%AA HTTP/1.1" 200 29611
140.130.99.64 - - [16/Jul/2015:12:08:28 +0800] "GET /digiarch_en/content/repository/resource_content.jsp?oid=1123952&queryType=qc HTTP/1.1" 200 27350
140.130.99.64 - - [16/Jul/2015:12:08:28 +0800] "GET /digiarch_en/content/nav/relationSubject.jsp?relationWords=%E4%BA%9E%E6%88%90%E9%AB%94+%E5%B0%8F%E5%8D%B7+%E7%9C%9F%E9%8E%96%E7%AE%A1+%E9%80%8F%E6%8A%BD+%E9%8E%96%E7%AE%A1%E5%B1%AC+%E9%8E%96%E7%AE%A1%E7%A7%91+%E9%A0%AD%E8%B6%B3%E7%B6%B1+&oid=1123952 HTTP/1.1" 200 3673
123.125.71.73 - - [16/Jul/2015:12:09:26 +0800] "GET /content/subject/resource_content.jsp?oid=16777366&queryType=qc HTTP/1.1" 200 34874
188.165.15.13 - - [16/Jul/2015:12:09:43 +0800] "GET /digiarch3/content/subject/resource_content.jsp?oid=16777536&queryType=qc HTTP/1.1" 200 35079
220.181.108.117 - - [16/Jul/2015:12:09:43 +0800] "GET /content/nav/relationSubject.jsp?relationWords=%E6%95%B8%E4%BD%8D%E5%85%B8%E8%97%8F+&oid=16777366 HTTP/1.1" 200 5917
207.46.13.104 - - [16/Jul/2015:12:09:57 +0800] "GET /content/repository/resource_content.jsp?oid=1463549&queryString=%E5%BE%B5%E5%85%B5%20%E8%98%87%E8%8A%B1 HTTP/1.1" 200 31162
207.46.13.104 - - [16/Jul/2015:12:11:36 +0800] "GET /content/repository/resource_content.jsp?oid=1112386&queryString=%E5%A4%8F%E5%A4%9C%20%E6%B0%B4%E8%8C%84%E8%8B%B3 HTTP/1.1" 200 31579
207.46.13.104 - - [16/Jul/2015:12:11:58 +0800] "GET /content/repository/resource_content.jsp?oid=1107623&queryString=%E6%AF%9B%E6%9E%9C%E6%B2%B9%E9%BB%9E%E8%8D%89 HTTP/1.1" 200 31163
66.249.71.60 - - [16/Jul/2015:12:12:20 +0800] "GET /content/nav/relationSubject.jsp?relationWords=%E6%95%B8%E4%BD%8D%E5%85%B8%E8%97%8F+&oid=16777428 HTTP/1.1" 200 5879
207.46.13.104 - - [16/Jul/2015:12:12:37 +0800] "GET /content/repository/resource_content.jsp?oid=1103980&queryString=%E6%A4%8D%E7%89%A9%E7%95%8C%20%E8%8F%8A%E7%A7%91%20%E8%96%8A%E5%B1%AC%20%E9%9B%99%E5%AD%90%E8%91%89%E6%A4%8D%E7%89%A9%20%E9%9B%9E%E8%A7%B4%E5%88%BA HTTP/1.1" 200 31001
66.249.65.193 - - [16/Jul/2015:12:13:42 +0800] "GET /content/nav/relationSubject.jsp?relationWords=%E6%9E%97%E5%9D%A4+%E7%83%8F%E6%97%A5+%E7%B3%96%E5%BB%A0+%E8%87%A8%E6%99%82%E7%9C%81%E8%AD%B0%E6%9C%83+%E8%87%BA%E7%81%A3%E7%9C%81+%E8%94%97%E8%BE%B2+&oid=1538375 HTTP/1.1" 200 4563
66.249.71.60 - - [16/Jul/2015:12:13:44 +0800] "GET /content/nav/relationSubject.jsp?relationWords=%E6%9E%97%E5%9D%A4%20%E7%83%8F%E6%97%A5%20%E7%B3%96%E5%BB%A0%20%E8%87%A8%E6%99%82%E7%9C%81%E8%AD%B0%E6%9C%83%20%E8%87%BA%E7%81%A3%E7%9C%81%20%E8%94%97%E8%BE%B2%20&oid=1538375 HTTP/1.1" 200 4563
68.180.230.92 - - [16/Jul/2015:12:14:05 +0800] "GET /content/subject/resource_content.jsp?oid=16777803&queryType=qc HTTP/1.1" 200 33517
207.46.13.104 - - [16/Jul/2015:12:14:17 +0800] "GET /content/pictures/picture_content.jsp?oid=33554840 HTTP/1.1" 200 27842
66.249.71.64 - - [16/Jul/2015:12:14:32 +0800] "GET /content/nav/relationSubject.jsp?relationWords=%E4%B8%AD%E7%AD%89%E5%AD%B8%E6%A0%A1+%E5%B7%A5%E6%A5%AD%E5%AD%B8%E6%A0%A1+%E6%95%99%E8%82%B2%E5%BB%B3+%E8%87%BA%E4%B8%AD%E8%BE%B2%E5%AD%B8%E9%99%A2+%E8%8F%AF%E5%83%91+%E8%B3%AA%E8%A9%A2+&oid=1552715 HTTP/1.1" 200 3592
66.249.71.60 - - [16/Jul/2015:12:14:33 +0800] "GET /content/nav/relationSubject.jsp?relationWords=%E4%B8%AD%E7%AD%89%E5%AD%B8%E6%A0%A1%20%E5%B7%A5%E6%A5%AD%E5%AD%B8%E6%A0%A1%20%E6%95%99%E8%82%B2%E5%BB%B3%20%E8%87%BA%E4%B8%AD%E8%BE%B2%E5%AD%B8%E9%99%A2%20%E8%8F%AF%E5%83%91%20%E8%B3%AA%E8%A9%A2%20&oid=1552715 HTTP/1.1" 200 3592
207.46.13.104 - - [16/Jul/2015:12:14:37 +0800] "GET /content/pictures/picture_content.jsp?oid=33554743 HTTP/1.1" 200 27961
68.180.230.92 - - [16/Jul/2015:12:14:49 +0800] "GET /content/subject/resource_content.jsp?oid=16777734&queryType=qc HTTP/1.1" 200 40312
123.125.71.116 - - [16/Jul/2015:12:15:51 +0800] "GET /content/repository/resource_content.jsp?oid=2569377 HTTP/1.1" 200 29227
37.59.19.36 - - [16/Jul/2015:12:16:25 +0800] "GET /content/subject/resource_content.jsp?oid=16777785&queryType=qc HTTP/1.1" 200 49917
66.249.71.5 - - [16/Jul/2015:12:16:53 +0800] "GET /content/nav/relationSubject.jsp?relationWords=GBIF+%E5%8F%B0%E7%81%A3%E9%AD%9A%E9%A1%9E+%E6%B5%B7%E9%AE%AE+%E7%94%9F%E7%89%A9%E5%A4%9A%E6%A8%A3%E6%80%A7+%E8%99%B1%E7%9B%AE%E9%AD%9A+&oid=16777744 HTTP/1.1" 200 11156
66.249.71.5 - - [16/Jul/2015:12:16:55 +0800] "GET /content/nav/relationSubject.jsp?relationWords=GBIF%20%E5%8F%B0%E7%81%A3%E9%AD%9A%E9%A1%9E%20%E6%B5%B7%E9%AE%AE%20%E7%94%9F%E7%89%A9%E5%A4%9A%E6%A8%A3%E6%80%A7%20%E8%99%B1%E7%9B%AE%E9%AD%9A%20&oid=16777744 HTTP/1.1" 200 11156
207.46.13.118 - - [16/Jul/2015:12:17:55 +0800] "GET /content/nav/relationSubject.jsp?relationWords=%E5%8F%B0%E7%81%A3%E6%AC%92%E6%A8%B9+%E8%8B%A6%E8%8B%93%E8%88%85+&oid=16777254 HTTP/1.1" 200 4285
110.52.159.142 - - [16/Jul/2015:12:19:43 +0800] "GET /content/repository/resource_content.jsp?oid=4364245 HTTP/1.1" 200 28415
110.52.159.142 - - [16/Jul/2015:12:19:55 +0800] "GET /content/repository/resource_content.jsp?oid=4364245 HTTP/1.1" 200 28415
123.125.71.24 - - [16/Jul/2015:12:20:13 +0800] "GET /content/subject/resource_content.jsp?oid=16777711&queryType=qc HTTP/1.1" 200 27273
66.249.71.72 - - [16/Jul/2015:12:21:24 +0800] "GET /content/nav/relationSubject.jsp?relationWords=%E6%A2%AD%E7%BE%85+%E6%A2%AD%E7%BE%85%E6%9C%A8%E5%B1%AC+&oid=2142801 HTTP/1.1" 200 3135
66.249.71.60 - - [16/Jul/2015:12:21:28 +0800] "GET /content/nav/relationSubject.jsp?relationWords=%E6%A2%AD%E7%BE%85%20%E6%A2%AD%E7%BE%85%E6%9C%A8%E5%B1%AC%20&oid=2142801 HTTP/1.1" 200 3135
61.227.175.125 - - [16/Jul/2015:12:21:37 +0800] "GET /content/nav/relationSubject.jsp?relationWords=%E8%96%9C%E8%8D%94+&oid=16777485 HTTP/1.1" 200 3561
66.249.71.72 - - [16/Jul/2015:12:22:48 +0800] "GET /content/subject/resource_content.jsp?oid=16777332 HTTP/1.1" 200 32786
157.55.39.12 - - [16/Jul/2015:12:23:16 +0800] "GET /content/subject/resource_content.jsp?oid=16777462&queryString=%E5%A4%9A%E6%A8%A3%E6%80%A7%20%E7%A5%9E%E7%A5%AD%20%E8%B2%9D%E5%A1%9A%20%E8%B2%9D%E7%A5%9E%20%E9%84%92%E6%97%8F HTTP/1.1" 200 55117
211.72.229.31 - - [16/Jul/2015:12:24:13 +0800] "GET /content/subject/resource_content.jsp?oid=16777753 HTTP/1.1" 200 36817
211.72.229.31 - - [16/Jul/2015:12:24:14 +0800] "GET /content/nav/relationSubject.jsp?relationWords=GIS+%E6%95%B8%E4%BD%8D%E5%85%B8%E8%97%8F+%E9%81%99%E6%B8%AC%E5%BD%B1%E5%83%8F+&oid=16777753 HTTP/1.1" 200 5952
66.249.71.72 - - [16/Jul/2015:12:24:31 +0800] "GET /content/nav/relationSubject.jsp?relationWords=%E6%A4%8D%E7%89%A9%E7%95%8C+%E8%87%BA%E7%81%A3%E4%BD%95%E9%A6%96%E7%83%8F+%E8%93%BC%E7%A7%91+&oid=1111376 HTTP/1.1" 200 1913
66.249.71.60 - - [16/Jul/2015:12:24:33 +0800] "GET /content/nav/relationSubject.jsp?relationWords=%E6%A4%8D%E7%89%A9%E7%95%8C%20%E8%87%BA%E7%81%A3%E4%BD%95%E9%A6%96%E7%83%8F%20%E8%93%BC%E7%A7%91%20&oid=1111376 HTTP/1.1" 200 1913
66.249.71.72 - - [16/Jul/2015:12:24:58 +0800] "GET /content/repository/resource_content.jsp?oid=1532441&queryString=%E5%AE%9C%E8%98%AD%E7%B8%A3%E6%94%BF%E5%BA%9C%20%E6%A8%99%E5%94%AE%20%E6%B8%B8%E6%A6%AE%E6%96%B0%20%E8%BC%AA%E6%A9%9F HTTP/1.1" 200 31656
66.249.71.72 - - [16/Jul/2015:12:25:38 +0800] "GET /content/nav/relationSubject.jsp?relationWords=%E5%86%B7%E6%B0%B4%E9%BA%BB+%E5%86%B7%E6%B0%B4%E9%BA%BB%E5%B1%AC+&oid=1113755 HTTP/1.1" 200 3313
66.249.71.72 - - [16/Jul/2015:12:25:40 +0800] "GET /content/nav/relationSubject.jsp?relationWords=%E5%86%B7%E6%B0%B4%E9%BA%BB%20%E5%86%B7%E6%B0%B4%E9%BA%BB%E5%B1%AC%20&oid=1113755 HTTP/1.1" 200 3313
66.249.71.64 - - [16/Jul/2015:12:25:42 +0800] "GET /content/subject/resource_content.jsp?oid=16777486&queryType=qc HTTP/1.1" 200 42090
66.249.71.64 - - [16/Jul/2015:12:26:20 +0800] "GET /content/tmp_exh/resource_content.jsp?oid=16777750&queryType=qc HTTP/1.1" 200 32507
66.249.71.64 - - [16/Jul/2015:12:26:21 +0800] "GET /content/nav/relationSubject.jsp?relationWords=%E5%91%A8%E5%A1%97%E9%87%91+%E5%BE%90%E4%BA%AB%E5%9F%8E+%E6%9C%B1%E8%90%AC%E6%88%90+%E6%A2%81%E8%A8%B1%E6%98%A5%E8%8F%8A+%E7%B8%BD%E8%B3%AA%E8%A9%A2+%E8%91%89%E7%82%B3%E7%85%8C+%E8%A8%B1%E6%96%B0%E6%9E%9D+%E8%A8%B1%E9%87%91%E5%BE%B7+%E8%AD%B0%E9%95%B7+%E8%B3%B4%E6%A3%AE%E6%9E%97+&oid=1566432 HTTP/1.1" 200 5754
66.249.71.64 - - [16/Jul/2015:12:26:22 +0800] "GET /content/nav/relationSubject.jsp?relationWords=%E5%91%A8%E5%A1%97%E9%87%91%20%E5%BE%90%E4%BA%AB%E5%9F%8E%20%E6%9C%B1%E8%90%AC%E6%88%90%20%E6%A2%81%E8%A8%B1%E6%98%A5%E8%8F%8A%20%E7%B8%BD%E8%B3%AA%E8%A9%A2%20%E8%91%89%E7%82%B3%E7%85%8C%20%E8%A8%B1%E6%96%B0%E6%9E%9D%20%E8%A8%B1%E9%87%91%E5%BE%B7%20%E8%AD%B0%E9%95%B7%20%E8%B3%B4%E6%A3%AE%E6%9E%97%20&oid=1566432 HTTP/1.1" 200 5754
218.164.50.36 - - [16/Jul/2015:12:27:26 +0800] "GET /digiarch3/content/pictures/picture_content.jsp?oid=33554735&classify=2259 HTTP/1.1" 200 27911
218.164.50.36 - - [16/Jul/2015:12:27:27 +0800] "GET /digiarch3/content/nav/relationSubject.jsp?relationWords=%E5%B8%B6%E5%B0%BE%E6%96%B0%E9%9A%86%E9%AD%9A+&oid=33554735 HTTP/1.1" 200 3249
66.249.71.60 - - [16/Jul/2015:12:29:58 +0800] "GET /content/nav/relationSubject.jsp?relationWords=%E5%A1%98%E5%A0%B1+%E5%B7%A1%E6%92%AB+&oid=2663621 HTTP/1.1" 200 4431
66.249.71.72 - - [16/Jul/2015:12:30:01 +0800] "GET /content/nav/relationSubject.jsp?relationWords=%E5%A1%98%E5%A0%B1%20%E5%B7%A1%E6%92%AB%20&oid=2663621 HTTP/1.1" 200 4431
207.46.13.135 - - [16/Jul/2015:12:30:15 +0800] "GET /content/nav/relationSubject.jsp?relationWords=%E6%A5%93%E9%A6%99+&oid=16777275 HTTP/1.1" 200 3838
211.72.229.31 - - [16/Jul/2015:12:31:14 +0800] "GET /content/subject/resource_content.jsp?oid=16777706 HTTP/1.1" 200 53849
211.72.229.31 - - [16/Jul/2015:12:31:16 +0800] "GET /content/nav/relationSubject.jsp?relationWords=%E5%A0%A1%E5%9C%96+&oid=16777706 HTTP/1.1" 200 2864
66.249.71.72 - - [16/Jul/2015:12:31:42 +0800] "GET /content/subject/resource_content.jsp?oid=16777699&queryString=%E5%B9%B3%E9%9D%A2%E5%9C%96%20%E7%9C%81%E8%AD%B0%E6%9C%83%20%E8%87%BA%E5%8C%97%E5%B8%82%20%E8%87%BA%E7%81%A3%E7%9C%81%20%E8%87%BA%E7%81%A3%E7%9C%81%E8%AD%B0%E6%9C%83%20%E8%87%BA%E7%81%A3%E9%8A%80%E8%A1%8C%20%E9%87%8D%E6%85%B6%E5%8D%97%E8%B7%AF HTTP/1.1" 200 54146
122.117.150.166 - - [16/Jul/2015:12:31:44 +0800] "GET /content/subject/resource_content.jsp?oid=16777254&queryString= HTTP/1.1" 200 34627
122.117.150.166 - - [16/Jul/2015:12:31:45 +0800] "GET /content/nav/relationSubject.jsp?relationWords=%E5%8F%B0%E7%81%A3%E6%AC%92%E6%A8%B9+%E8%8B%A6%E8%8B%93%E8%88%85+&oid=16777254 HTTP/1.1" 200 4285
157.55.39.12 - - [16/Jul/2015:12:33:16 +0800] "GET /content/repository/resource_content.jsp?oid=523999 HTTP/1.1" 200 36378
124.74.238.71 - - [16/Jul/2015:12:34:13 +0800] "GET /content/nav/relationSubject.jsp?relationWords=&oid=16777576 HTTP/1.1" 200 1405
66.249.71.127 - - [16/Jul/2015:12:36:15 +0800] "GET /content/nav/relationSubject.jsp?relationWords=%E7%89%9B%E5%B1%8E%E9%AF%BD%E4%BB%94+%E9%AF%89%E7%A7%91+&oid=4352014 HTTP/1.1" 200 3589
210.71.75.126 - - [16/Jul/2015:12:36:25 +0800] "GET /content/repository/resource_content.jsp?oid=4355795&queryString=%E5%8E%9A%E5%94%87%E7%9F%B3%E9%B1%B8 HTTP/1.1" 200 29984
61.220.183.172 - - [16/Jul/2015:12:36:28 +0800] "GET /content/nav/relationSubject.jsp?relationWords=%E5%8E%9A%E5%94%87%E7%9F%B3%E9%B1%B8+%E7%9F%B3%E9%B1%B8+&oid=4355795 HTTP/1.1" 200 3458
66.249.71.5 - - [16/Jul/2015:12:37:42 +0800] "GET /digiarch3/content/subject/resource_content.jsp?oid=16777746&queryString= HTTP/1.1" 200 39170
66.249.71.60 - - [16/Jul/2015:12:38:46 +0800] "GET /content/nav/relationSubject.jsp?relationWords=%E9%BE%9C%E7%94%B2%E5%8D%9C%E8%BE%AD%E6%AE%98%E7%89%87+&oid=1873498 HTTP/1.1" 200 3071
66.249.71.60 - - [16/Jul/2015:12:38:47 +0800] "GET /content/nav/relationSubject.jsp?relationWords=%E9%BE%9C%E7%94%B2%E5%8D%9C%E8%BE%AD%E6%AE%98%E7%89%87%20&oid=1873498 HTTP/1.1" 200 3071
207.46.13.135 - - [16/Jul/2015:12:38:57 +0800] "GET /content/subject/resource_content.jsp?oid=16777472 HTTP/1.1" 200 64960
220.181.108.82 - - [16/Jul/2015:12:39:08 +0800] "GET /digiarch_en/content/repository/resource_content.jsp?oid=1888235&queryString=%E6%96%BD%E8%A1%8C%E6%A1%88%20%E6%9D%8E%E5%8D%BF%E9%9B%B2%20%E6%9D%8E%E6%99%A8%E9%90%98%20%E6%9E%97%E9%B6%B4%E5%B9%B4%20%E6%A5%8A%E8%82%87%E5%98%89 HTTP/1.1" 200 24021
220.181.108.80 - - [16/Jul/2015:12:39:23 +0800] "GET /digiarch_en/content/nav/relationSubject.jsp?relationWords=%E5%B8%BD%E8%93%86+%E6%9D%8E%E6%99%A8%E9%90%98+%E6%9D%9C%E6%B8%85+&oid=1888235 HTTP/1.1" 200 3269
66.249.71.64 - - [16/Jul/2015:12:39:25 +0800] "GET /content/nav/relationSubject.jsp?relationWords=%E6%9F%8F%E6%B2%B9%E8%B7%AF%E9%9D%A2+&oid=1606705 HTTP/1.1" 200 3582
66.249.71.72 - - [16/Jul/2015:12:39:27 +0800] "GET /content/nav/relationSubject.jsp?relationWords=%E6%9F%8F%E6%B2%B9%E8%B7%AF%E9%9D%A2%20&oid=1606705 HTTP/1.1" 200 3582
203.71.62.165 - - [16/Jul/2015:12:39:41 +0800] "GET /content/subject/resource_content.jsp?oid=16777753&queryType=qc HTTP/1.1" 200 36828
203.71.62.165 - - [16/Jul/2015:12:39:42 +0800] "GET /content/nav/relationSubject.jsp?relationWords=GIS+%E6%95%B8%E4%BD%8D%E5%85%B8%E8%97%8F+%E9%81%99%E6%B8%AC%E5%BD%B1%E5%83%8F+&oid=16777753 HTTP/1.1" 200 5952
66.249.71.60 - - [16/Jul/2015:12:40:10 +0800] "GET /content/nav/relationSubject.jsp?relationWords=%E5%A4%A7%E6%B5%B7%E9%B0%B1+%E5%A4%A7%E7%9C%BC%E6%B5%B7%E9%B0%B1+&oid=4352030 HTTP/1.1" 200 3261
66.249.71.60 - - [16/Jul/2015:12:40:13 +0800] "GET /content/nav/relationSubject.jsp?relationWords=%E5%A4%A7%E6%B5%B7%E9%B0%B1%20%E5%A4%A7%E7%9C%BC%E6%B5%B7%E9%B0%B1%20&oid=4352030 HTTP/1.1" 200 3261
66.249.71.127 - - [16/Jul/2015:12:40:34 +0800] "GET /content/nav/relationSubject.jsp?relationWords=%E5%9C%93%E8%91%89+%E5%9C%93%E8%91%89%E8%B1%AC%E6%AE%83%E6%AE%83+%E6%A4%8D%E7%89%A9%E7%95%8C+%E8%8C%9C%E8%8D%89+%E8%8C%9C%E8%8D%89%E7%A7%91+%E8%B1%AC%E6%AE%83%E6%AE%83+%E8%B1%AC%E6%AE%83%E6%AE%83%E5%B1%AC+&oid=3817977 HTTP/1.1" 200 3479
66.249.71.3 - - [16/Jul/2015:12:40:36 +0800] "GET /content/nav/relationSubject.jsp?relationWords=%E5%9C%93%E8%91%89%20%E5%9C%93%E8%91%89%E8%B1%AC%E6%AE%83%E6%AE%83%20%E6%A4%8D%E7%89%A9%E7%95%8C%20%E8%8C%9C%E8%8D%89%20%E8%8C%9C%E8%8D%89%E7%A7%91%20%E8%B1%AC%E6%AE%83%E6%AE%83%20%E8%B1%AC%E6%AE%83%E6%AE%83%E5%B1%AC%20&oid=3817977 HTTP/1.1" 200 3479
157.55.39.12 - - [16/Jul/2015:12:40:56 +0800] "GET /content/subject/resource_content.jsp?oid=16777508&queryString=%E6%AA%AC%E6%9E%9C%20%E6%B5%B7%E6%AA%AC%E6%9E%9C HTTP/1.1" 200 37913
157.55.39.12 - - [16/Jul/2015:12:41:17 +0800] "GET /content/subject/resource_content.jsp?oid=16777624&queryType=qc HTTP/1.1" 200 119492
66.249.71.3 - - [16/Jul/2015:12:41:46 +0800] "GET /content/nav/relationSubject.jsp?relationWords=%E5%A5%B3%E9%95%B7%E8%A1%A3+%E7%9B%A4%E8%9B%87%E5%A5%B3%E9%95%B7%E8%A1%A3+&oid=4364669 HTTP/1.1" 200 3052
66.249.71.119 - - [16/Jul/2015:12:41:47 +0800] "GET /content/nav/relationSubject.jsp?relationWords=%E5%A5%B3%E9%95%B7%E8%A1%A3%20%E7%9B%A4%E8%9B%87%E5%A5%B3%E9%95%B7%E8%A1%A3%20&oid=4364669 HTTP/1.1" 200 3052
157.55.39.12 - - [16/Jul/2015:12:41:56 +0800] "GET /content/subject/resource_content.jsp?oid=16777674&queryString=%E5%BD%A9%E7%B9%AA HTTP/1.1" 200 29281
66.249.71.60 - - [16/Jul/2015:12:42:38 +0800] "GET /content/subject/resource_content.jsp?oid=16797242&queryType=qc HTTP/1.1" 200 46766
66.249.71.60 - - [16/Jul/2015:12:42:38 +0800] "GET /content/subject/resource_content.jsp?oid=16777568&queryType=qc HTTP/1.1" 200 34862
66.249.71.72 - - [16/Jul/2015:12:42:40 +0800] "GET /content/subject/resource_content.jsp?oid=16777838&queryType=qc HTTP/1.1" 200 59049
66.249.71.60 - - [16/Jul/2015:12:42:43 +0800] "GET /content/subject/resource_content.jsp?oid=16777764&queryType=qc HTTP/1.1" 200 40780
66.249.71.72 - - [16/Jul/2015:12:42:45 +0800] "GET /content/subject/resource_content.jsp?oid=16777801&queryType=qc HTTP/1.1" 200 43010
66.249.71.72 - - [16/Jul/2015:12:42:48 +0800] "GET /content/subject/resource_content.jsp?oid=16797234&queryType=qc HTTP/1.1" 200 46558
66.249.71.64 - - [16/Jul/2015:12:42:49 +0800] "GET /content/nav/relationSubject.jsp?relationWords=%E6%95%B8%E4%BD%8D%E5%85%B8%E8%97%8F+%E6%96%B0%E5%A4%A9%E5%9C%B0+%E9%AD%9A%E9%A1%9E%E8%B3%87%E6%96%99%E5%BA%AB+&oid=16777568 HTTP/1.1" 200 7856
66.249.71.60 - - [16/Jul/2015:12:42:51 +0800] "GET /content/subject/resource_content.jsp?oid=16777745&queryType=qc HTTP/1.1" 200 35935
66.249.71.72 - - [16/Jul/2015:12:42:52 +0800] "GET /content/nav/relationSubject.jsp?relationWords=%E6%95%B8%E4%BD%8D%E5%85%B8%E8%97%8F%20%E6%96%B0%E5%A4%A9%E5%9C%B0%20%E9%AD%9A%E9%A1%9E%E8%B3%87%E6%96%99%E5%BA%AB%20&oid=16777568 HTTP/1.1" 200 7856
66.249.71.60 - - [16/Jul/2015:12:42:54 +0800] "GET /content/subject/resource_content.jsp?oid=16777842&queryType=qc HTTP/1.1" 200 36275
66.249.71.64 - - [16/Jul/2015:12:42:57 +0800] "GET /content/subject/resource_content.jsp?oid=16777837&queryType=qc HTTP/1.1" 200 37538
66.249.71.60 - - [16/Jul/2015:12:43:00 +0800] "GET /content/subject/resource_content.jsp?oid=16797245&queryType=qc HTTP/1.1" 200 48121
66.249.71.72 - - [16/Jul/2015:12:43:03 +0800] "GET /content/subject/resource_content.jsp?oid=16777825&queryType=qc HTTP/1.1" 200 41691
66.249.71.64 - - [16/Jul/2015:12:43:06 +0800] "GET /content/tmp_exh/resource_content.jsp?oid=16777847&queryType=qc HTTP/1.1" 200 45322
66.249.71.64 - - [16/Jul/2015:12:43:09 +0800] "GET /content/subject/resource_content.jsp?oid=16777841&queryType=qc HTTP/1.1" 200 27539
66.249.71.72 - - [16/Jul/2015:12:43:11 +0800] "GET /content/subject/resource_content.jsp?oid=16777840&queryType=qc HTTP/1.1" 200 40649
66.249.71.60 - - [16/Jul/2015:12:43:14 +0800] "GET /content/subject/resource_content.jsp?oid=16777746&queryType=qc HTTP/1.1" 200 39168
207.46.13.118 - - [16/Jul/2015:12:43:17 +0800] "GET /content/repository/resource_content.jsp?oid=4363616&queryString=%E5%BD%A9%E7%B9%AA HTTP/1.1" 200 28338
66.249.71.72 - - [16/Jul/2015:12:43:18 +0800] "GET /content/subject/resource_content.jsp?oid=16777742&queryType=qc HTTP/1.1" 200 39026
66.249.71.60 - - [16/Jul/2015:12:43:20 +0800] "GET /content/subject/resource_content.jsp?oid=16797240&queryType=qc HTTP/1.1" 200 42460
66.249.71.64 - - [16/Jul/2015:12:43:23 +0800] "GET /content/subject/resource_content.jsp?oid=16777649&queryType=qc HTTP/1.1" 200 54492
66.249.71.72 - - [16/Jul/2015:12:43:26 +0800] "GET /content/subject/resource_content.jsp?oid=16797246&queryType=qc HTTP/1.1" 200 43650
66.249.71.60 - - [16/Jul/2015:12:43:29 +0800] "GET /content/subject/resource_content.jsp?oid=16797254&queryType=qc HTTP/1.1" 200 53252
68.180.228.24 - - [16/Jul/2015:12:43:31 +0800] "GET /content/repository/resource_content.jsp?oid=1530930&queryType=qs& HTTP/1.1" 200 28555
66.249.71.60 - - [16/Jul/2015:12:43:32 +0800] "GET /content/subject/resource_content.jsp?oid=16797239&queryType=qc HTTP/1.1" 200 44010
66.249.71.60 - - [16/Jul/2015:12:43:35 +0800] "GET /content/tmp_exh/resource_content.jsp?oid=16777847&queryType=qc%201890 HTTP/1.1" 200 45322
66.249.71.14 - - [16/Jul/2015:12:43:42 +0800] "GET /digiarch3/content/subject/resource_content.jsp?oid=16777231&queryType=qs&queryString=%E6%96%87%E7%89%A9%E9%99%B3%E5%88%97%E9%A4%A8 HTTP/1.1" 200 28163
66.249.71.23 - - [16/Jul/2015:12:44:07 +0800] "GET /digiarch3/content/nav/relationSubject.jsp?relationWords=%E6%A0%A1%E5%A4%96%E6%95%99%E5%AD%B8+&oid=16777231 HTTP/1.1" 200 3675
157.55.39.12 - - [16/Jul/2015:12:44:36 +0800] "GET /content/repository/resource_content.jsp?oid=523603&queryType=qc HTTP/1.1" 200 38690
157.55.39.12 - - [16/Jul/2015:12:45:36 +0800] "GET /content/repository/resource_content.jsp?oid=523603&queryType=null&queryString= HTTP/1.1" 200 38690
115.239.212.6 - - [16/Jul/2015:12:47:36 +0800] "GET /content/repository/resource_content.jsp?oid=1124180 HTTP/1.1" 200 35094
123.125.71.62 - - [16/Jul/2015:12:47:38 +0800] "GET /content/repository/resource_content.jsp?oid=1124180 HTTP/1.1" 200 35094
66.249.71.64 - - [16/Jul/2015:12:47:38 +0800] "GET /content/repository/resource_content.jsp?oid=1523515 HTTP/1.1" 200 28902
123.125.71.87 - - [16/Jul/2015:12:47:45 +0800] "GET /content/repository/resource_content.jsp?oid=1124180 HTTP/1.1" 200 35094
66.249.71.64 - - [16/Jul/2015:12:48:05 +0800] "GET /content/nav/relationSubject.jsp?relationWords=%E6%95%B8%E4%BD%8D%E5%85%B8%E8%97%8F%20&oid=16777715 HTTP/1.1" 200 5879
207.46.13.118 - - [16/Jul/2015:12:48:16 +0800] "GET /content/repository/resource_content.jsp?oid=4351709 HTTP/1.1" 200 35197
220.181.108.122 - - [16/Jul/2015:12:48:59 +0800] "GET /content/subject/resource_content.jsp?oid=16777648&queryType=qc%3E HTTP/1.1" 200 30888
66.249.71.72 - - [16/Jul/2015:12:49:31 +0800] "GET /content/nav/relationSubject.jsp?relationWords=%E5%B7%A1%E6%92%AB+%E7%AF%80%E7%95%A5+%E9%A0%86%E5%A4%A9+&oid=2627855 HTTP/1.1" 200 3163
66.249.71.64 - - [16/Jul/2015:12:49:42 +0800] "GET /content/repository/resource_content.jsp?oid=4471386&queryString=%E8%90%AC%E5%9C%8B%E5%8D%9A%E8%A6%BD%E6%9C%83 HTTP/1.1" 200 28851
140.109.222.101 - - [16/Jul/2015:12:50:41 +0800] "GET /content/subject/resource_content.jsp?oid=16777254&queryString= HTTP/1.1" 200 34627
140.109.222.101 - - [16/Jul/2015:12:50:43 +0800] "GET /content/nav/relationSubject.jsp?relationWords=%E5%8F%B0%E7%81%A3%E6%AC%92%E6%A8%B9+%E8%8B%A6%E8%8B%93%E8%88%85+&oid=16777254 HTTP/1.1" 200 4285
207.46.13.135 - - [16/Jul/2015:12:50:56 +0800] "GET /content/repository/resource_content.jsp?oid=672728 HTTP/1.1" 200 28426
157.55.39.12 - - [16/Jul/2015:12:53:17 +0800] "GET /content/repository/resource_content.jsp?oid=523579 HTTP/1.1" 200 38540
207.46.13.135 - - [16/Jul/2015:12:53:36 +0800] "GET /content/repository/resource_content.jsp?oid=523997 HTTP/1.1" 200 35627
207.46.13.135 - - [16/Jul/2015:12:53:56 +0800] "GET /content/subject/resource_content.jsp?oid=16777476 HTTP/1.1" 200 54263
220.181.108.78 - - [16/Jul/2015:12:53:57 +0800] "GET /content/nav/relationSubject.jsp?relationWords=%E7%B4%85%E5%B8%B6%E6%93%AC%E8%8A%B1%E9%B1%B8+&oid=33554859 HTTP/1.1" 200 3235
207.46.13.135 - - [16/Jul/2015:12:55:16 +0800] "GET /content/repository/resource_content.jsp?oid=523925 HTTP/1.1" 200 35040
150.70.173.50 - - [16/Jul/2015:12:55:23 +0800] "GET /content/repository/resource_content.jsp?oid=1887399&queryType=qs&queryString=?????g?? HTTP/1.1" 500 15712
66.249.71.45 - - [16/Jul/2015:12:55:42 +0800] "GET /content/repository/resource_content.jsp?oid=15424&queryString=%E7%83%8F%E9%9D%A2%E8%B5%A4%E5%B0%BE%E5%86%AC%20%E7%B4%85%E5%B0%BE%E5%86%AC%E4%BB%94%20%E9%87%91%E7%B7%9A%E9%AD%9A%E7%A7%91 HTTP/1.1" 200 34610
157.55.39.12 - - [16/Jul/2015:12:55:57 +0800] "GET /digiarch_en/content/subject/resource_content.jsp?oid=16777489&queryType=qc HTTP/1.1" 200 69793
66.249.71.72 - - [16/Jul/2015:12:56:02 +0800] "GET /content/nav/relationSubject.jsp?relationWords=&oid=2574730 HTTP/1.1" 200 1405
157.55.39.12 - - [16/Jul/2015:12:56:17 +0800] "GET /digiarch_en/content/tmp_exh/resource_content.jsp?oid=16777845&queryType=qc HTTP/1.1" 200 41122
207.46.13.135 - - [16/Jul/2015:12:56:36 +0800] "GET /content/repository/resource_content.jsp?oid=523631 HTTP/1.1" 200 35646
157.55.39.12 - - [16/Jul/2015:12:58:36 +0800] "GET /digiarch_en/content/tmp_exh/resource_content.jsp?oid=16777845&queryType=qc%201889 HTTP/1.1" 200 41122
123.125.71.98 - - [16/Jul/2015:12:58:47 +0800] "GET /content/subject/resource_content.jsp?oid=16777628&queryType=qc HTTP/1.1" 200 30030
207.46.13.135 - - [16/Jul/2015:12:58:57 +0800] "GET /content/subject/resource_content.jsp?oid=16777481 HTTP/1.1" 200 172263
220.181.108.102 - - [16/Jul/2015:12:58:59 +0800] "GET /content/nav/relationSubject.jsp?relationWords=%E6%B5%81%E8%BD%89%E5%B9%B4%E8%8F%AF+&oid=16777628 HTTP/1.1" 200 3182
157.55.39.12 - - [16/Jul/2015:12:59:17 +0800] "GET /content/repository/resource_content.jsp?oid=4588726&queryString=%E5%BD%A9%E7%B9%AA HTTP/1.1" 200 29478
207.46.13.135 - - [16/Jul/2015:12:59:36 +0800] "GET /content/subject/resource_content.jsp?oid=16777749&queryType=qc HTTP/1.1" 200 41248
157.55.39.12 - - [16/Jul/2015:12:59:56 +0800] "GET /content/repository/resource_content.jsp?oid=4437164&queryString=%E6%B0%91%E6%97%8F%E5%AD%B8%20%E6%B0%91%E9%96%93%E4%BF%A1%E4%BB%B0 HTTP/1.1" 200 29685
180.217.131.179 - - [16/Jul/2015:13:00:36 +0800] "GET /content/subject/resource_content.jsp?oid=16777610&queryString=%E5%91%A8%E8%99%95%20%E5%BB%A3%E6%92%AD%20%E5%BD%B1%E5%B1%95%20%E6%96%B0%E8%81%9E%E8%99%95%20%E7%B5%90%E8%AA%9E%20%E8%99%95%E9%95%B7%20%E9%95%B7%E5%A4%A9%E5%9B%BA HTTP/1.1" 200 27618
180.217.131.179 - - [16/Jul/2015:13:00:40 +0800] "GET /content/nav/relationSubject.jsp?relationWords=%E6%95%99%E8%82%B2%E5%BB%A3%E6%92%AD%E9%9B%BB%E5%8F%B0+&oid=16777610 HTTP/1.1" 200 3597
66.249.71.119 - - [16/Jul/2015:13:01:42 +0800] "GET /content/repository/resource_content.jsp?oid=1515749&queryString=%E5%A4%9A%E5%AA%92%E9%AB%94%20%E5%AA%92%E9%AB%94 HTTP/1.1" 200 29149
207.46.13.135 - - [16/Jul/2015:13:02:17 +0800] "GET /content/subject/resource_content.jsp?oid=16777812 HTTP/1.1" 200 37588
66.249.71.119 - - [16/Jul/2015:13:03:34 +0800] "GET /content/nav/relationSubject.jsp?relationWords=&oid=2520808 HTTP/1.1" 200 1405
207.46.13.135 - - [16/Jul/2015:13:03:59 +0800] "GET /content/subject/resource_content.jsp?oid=16777351 HTTP/1.1" 200 34074
207.46.13.135 - - [16/Jul/2015:13:04:16 +0800] "GET /content/subject/resource_content.jsp?oid=16777818 HTTP/1.1" 200 38830
157.55.39.12 - - [16/Jul/2015:13:04:37 +0800] "GET /content/repository/resource_content.jsp?oid=4387904&queryString=%E5%A4%9A%E6%A8%A3%E6%80%A7%20%E7%A5%9E%E7%A5%AD%20%E8%B2%9D%E5%A1%9A%20%E8%B2%9D%E7%A5%9E%20%E9%84%92%E6%97%8F HTTP/1.1" 200 31005
207.46.13.135 - - [16/Jul/2015:13:04:56 +0800] "GET /content/subject/resource_content.jsp?oid=16777820 HTTP/1.1" 200 36941
207.46.13.135 - - [16/Jul/2015:13:05:36 +0800] "GET /content/repository/resource_content.jsp?oid=523612&queryType=null&queryString= HTTP/1.1" 200 36015
207.46.13.104 - - [16/Jul/2015:13:07:36 +0800] "GET /content/subject/resource_content.jsp?oid=16777345&queryString=%E5%8F%B0%E7%81%A3%E9%8C%AB%E6%9D%96%E8%8A%B1%20%E5%96%AE%E8%8A%B1%E9%8C%AB%E6%9D%96%E8%8A%B1%20%E6%9D%9C%E9%B5%91%E8%8A%B1%20%E6%A4%8D%E7%89%A9%E7%95%8C%20%E9%8C%AB%E6%9D%96%E8%8A%B1%E5%B1%AC%20%E9%B9%BF%E8%B9%84%E8%8D%89%E7%A7%91 HTTP/1.1" 200 35415
66.249.71.36 - - [16/Jul/2015:13:07:42 +0800] "GET /content/subject/resource_content.jsp?oid=16777799&queryString=%E5%9C%8B%E9%9A%9B%E6%9B%B8%E5%B1%95%20%E6%80%9D%E6%83%B3%20%E6%96%87%E6%98%9F%20%E7%9A%87%E8%BC%BF%20%E9%87%8D%E6%85%B6%E5%8D%97%E8%B7%AF HTTP/1.1" 200 29052
207.46.13.135 - - [16/Jul/2015:13:08:37 +0800] "GET /content/subject/resource_content.jsp?oid=16777835&queryString= HTTP/1.1" 200 50983
207.46.13.135 - - [16/Jul/2015:13:08:56 +0800] "GET /content/subject/resource_content.jsp?oid=16797257&queryType=qc HTTP/1.1" 200 47864
150.117.20.126 - - [16/Jul/2015:13:09:21 +0800] "GET /content/subject/resource_content.jsp?oid=16777805&queryString= HTTP/1.1" 200 35146
150.117.20.126 - - [16/Jul/2015:13:09:22 +0800] "GET /content/nav/relationSubject.jsp?relationWords=%E7%B4%AB%E8%97%A4+%E8%83%A1%E9%81%A9+&oid=16777805 HTTP/1.1" 200 5276
207.46.13.104 - - [16/Jul/2015:13:10:16 +0800] "GET /content/subject/resource_content.jsp?oid=16777376&queryString=%E6%AA%AC%E6%9E%9C%20%E8%8A%92%E6%9E%9C HTTP/1.1" 200 35660
66.249.71.60 - - [16/Jul/2015:13:10:29 +0800] "GET /content/nav/relationSubject.jsp?relationWords=&oid=2528946 HTTP/1.1" 200 1405
207.46.13.135 - - [16/Jul/2015:13:10:57 +0800] "GET /content/subject/resource_content.jsp?oid=16797296&queryType=qc HTTP/1.1" 200 54561
157.55.39.12 - - [16/Jul/2015:13:11:56 +0800] "GET /content/subject/resource_content.jsp?oid=16777773&queryType=qc HTTP/1.1" 200 54825
66.249.71.64 - - [16/Jul/2015:13:12:09 +0800] "GET /content/subject/resource_content.jsp?oid=16797292&queryType=qc HTTP/1.1" 200 57225
207.46.13.135 - - [16/Jul/2015:13:12:57 +0800] "GET /content/repository/resource_content.jsp?oid=523582 HTTP/1.1" 200 38751
207.46.13.104 - - [16/Jul/2015:13:13:16 +0800] "GET /content/repository/resource_content.jsp?oid=672728&queryString=%E5%8F%A4%E5%9C%B0%E5%9C%96 HTTP/1.1" 200 28600
66.249.71.72 - - [16/Jul/2015:13:13:21 +0800] "GET /content/nav/relationSubject.jsp?relationWords=&oid=1782112 HTTP/1.1" 200 1405
66.249.71.3 - - [16/Jul/2015:13:13:42 +0800] "GET /content/repository/resource_content.jsp?oid=2654305&queryString=%E5%84%AA%E5%8D%B9 HTTP/1.1" 200 30430
207.46.13.135 - - [16/Jul/2015:13:14:16 +0800] "GET /content/subject/resource_content.jsp?oid=16797297&queryType=qc HTTP/1.1" 200 67887
114.42.210.85 - - [16/Jul/2015:13:14:33 +0800] "GET /content/nav/relationSubject.jsp?relationWords=%E5%8D%83%E5%B9%B4%E6%A1%90+%E6%A1%90%E8%8A%B1+%E6%B2%B9%E6%A1%90+&oid=16777599 HTTP/1.1" 200 3738
207.46.13.104 - - [16/Jul/2015:13:14:56 +0800] "GET /content/repository/resource_content.jsp?oid=672202 HTTP/1.1" 200 28519
207.46.13.104 - - [16/Jul/2015:13:15:36 +0800] "GET /content/subject/resource_content.jsp?oid=16777488&queryType=qc HTTP/1.1" 200 60884
207.46.13.104 - - [16/Jul/2015:13:16:57 +0800] "GET /content/subject/resource_content.jsp?oid=16777554&queryString=%E6%B0%91%E6%97%8F%E5%AD%B8%20%E6%B0%91%E9%96%93%E4%BF%A1%E4%BB%B0 HTTP/1.1" 200 39605
66.249.71.36 - - [16/Jul/2015:13:17:49 +0800] "GET /content/nav/relationSubject.jsp?relationWords=%E8%9D%B4%E8%9D%B6%E9%AD%9A%E7%A7%91+%E9%97%9C%E5%88%80+%E9%A6%AC%E4%BC%95%E9%AD%9A+%E9%BB%91%E8%BA%AB%E7%AB%8B%E6%97%97%E9%AF%9B+&oid=15537 HTTP/1.1" 200 3506
66.249.71.54 - - [16/Jul/2015:13:17:51 +0800] "GET /content/nav/relationSubject.jsp?relationWords=%E8%9D%B4%E8%9D%B6%E9%AD%9A%E7%A7%91%20%E9%97%9C%E5%88%80%20%E9%A6%AC%E4%BC%95%E9%AD%9A%20%E9%BB%91%E8%BA%AB%E7%AB%8B%E6%97%97%E9%AF%9B%20&oid=15537 HTTP/1.1" 200 3506
207.46.13.135 - - [16/Jul/2015:13:18:00 +0800] "GET /content/repository/resource_content.jsp?oid=523561&queryType=qc HTTP/1.1" 200 37692
220.181.108.104 - - [16/Jul/2015:13:18:36 +0800] "GET /content/nav/relationSubject.jsp?relationWords=%E6%9D%9C%E9%B5%91+&oid=16777397 HTTP/1.1" 200 4617
207.46.13.135 - - [16/Jul/2015:13:18:37 +0800] "GET /digiarch_en/content/subject/resource_content.jsp?oid=16777422&queryType=qc HTTP/1.1" 200 42694
101.8.96.192 - - [16/Jul/2015:13:18:42 +0800] "GET /content/nav/relationSubject.jsp?relationWords=%E7%A9%97%E8%8A%B1%E5%B1%B1%E5%A5%88+%E9%87%8E%E8%96%91%E8%8A%B1+&oid=16777263 HTTP/1.1" 200 3284
207.46.13.135 - - [16/Jul/2015:13:19:35 +0800] "GET /content/nav/relationSubject.jsp?relationWords=%E8%8A%B1%E8%94%93+%E8%94%93%E6%BE%A4%E8%98%AD+&oid=16777266 HTTP/1.1" 200 4225
66.249.71.64 - - [16/Jul/2015:13:19:42 +0800] "GET /digiarch_en/content/repository/resource_content.jsp?oid=518221&queryString=%E8%BB%9F%E9%AB%94%E5%8B%95%E7%89%A9%E9%96%80%20%E9%A0%AD%E8%B6%B3%E7%B6%B1%20%E9%B8%9A%E9%B5%A1%E8%9E%BA%20%E9%B8%9A%E9%B5%A1%E8%9E%BA%E5%B1%AC HTTP/1.1" 200 23648
207.46.13.104 - - [16/Jul/2015:13:19:57 +0800] "GET /content/subject/resource_content.jsp?oid=16797245&queryType=qc HTTP/1.1" 200 48121
207.46.13.135 - - [16/Jul/2015:13:20:56 +0800] "GET /content/repository/resource_content.jsp?oid=523271 HTTP/1.1" 200 35447
220.228.56.42 - - [16/Jul/2015:13:20:58 +0800] "GET /content/repository/resource_content.jsp?oid=2665608 HTTP/1.1" 200 29748
220.228.56.42 - - [16/Jul/2015:13:21:02 +0800] "GET /content/nav/relationSubject.jsp?relationWords=%E5%90%8F%E9%83%A8+&oid=2665608 HTTP/1.1" 200 3101
66.249.71.64 - - [16/Jul/2015:13:21:12 +0800] "GET /content/nav/relationSubject.jsp?relationWords=%E8%A9%94%E5%AE%89+&oid=2548121 HTTP/1.1" 200 3114
66.249.71.72 - - [16/Jul/2015:13:21:14 +0800] "GET /content/nav/relationSubject.jsp?relationWords=%E8%A9%94%E5%AE%89%20&oid=2548121 HTTP/1.1" 200 3114
207.46.13.104 - - [16/Jul/2015:13:21:20 +0800] "GET /content/tmp_exh/resource_content.jsp?oid=16777750&queryType=qc HTTP/1.1" 200 32507
207.46.13.135 - - [16/Jul/2015:13:21:36 +0800] "GET /digiarch_en/content/subject/resource_content.jsp?oid=16777841&queryType=qc%3E HTTP/1.1" 200 21861
207.46.13.104 - - [16/Jul/2015:13:21:56 +0800] "GET /content/tmp_exh/resource_content.jsp?oid=16777763 HTTP/1.1" 200 31603
207.46.13.135 - - [16/Jul/2015:13:22:36 +0800] "GET /content/repository/resource_content.jsp?oid=4589423&queryString=%E5%BD%A9%E7%B9%AA HTTP/1.1" 200 29064
123.125.71.72 - - [16/Jul/2015:13:23:20 +0800] "GET /digiarch_en/content/pictures/picture_content.jsp?oid=33554738&queryType=qc HTTP/1.1" 200 21902
207.46.13.135 - - [16/Jul/2015:13:23:36 +0800] "GET /digiarch_en/content/tmp_exh/resource_content.jsp?oid=16777846&queryType=qc HTTP/1.1" 200 39256
66.249.71.60 - - [16/Jul/2015:13:23:40 +0800] "GET /digiarch_en/content/nav/relationSubject.jsp?relationWords=%E5%83%89%E4%BA%8B+%E9%83%BD%E7%9D%A3%E5%BA%9C+&oid=2677028 HTTP/1.1" 200 3148
66.249.71.64 - - [16/Jul/2015:13:23:41 +0800] "GET /digiarch_en/content/nav/relationSubject.jsp?relationWords=%E5%83%89%E4%BA%8B%20%E9%83%BD%E7%9D%A3%E5%BA%9C%20&oid=2677028 HTTP/1.1" 200 3148
207.46.13.104 - - [16/Jul/2015:13:23:57 +0800] "GET /content/repository/resource_content.jsp?oid=523290 HTTP/1.1" 200 37050
207.46.13.104 - - [16/Jul/2015:13:24:17 +0800] "GET /content/repository/resource_content.jsp?oid=517984&queryType=null&queryString= HTTP/1.1" 200 41018
207.46.13.104 - - [16/Jul/2015:13:24:37 +0800] "GET /content/repository/resource_content.jsp?oid=517984 HTTP/1.1" 200 41018
207.46.13.104 - - [16/Jul/2015:13:24:57 +0800] "GET /content/repository/resource_content.jsp?oid=4387942&queryString=%E5%A4%9A%E6%A8%A3%E6%80%A7%20%E7%A5%9E%E7%A5%AD%20%E8%B2%9D%E5%A1%9A%20%E8%B2%9D%E7%A5%9E%20%E9%84%92%E6%97%8F HTTP/1.1" 200 31608
207.46.13.135 - - [16/Jul/2015:13:25:37 +0800] "GET /content/repository/resource_content.jsp?oid=4467942&queryString=%E5%A4%9A%E6%A8%A3%E6%80%A7%20%E7%A5%9E%E7%A5%AD%20%E8%B2%9D%E5%A1%9A%20%E8%B2%9D%E7%A5%9E%20%E9%84%92%E6%97%8F HTTP/1.1" 200 28940
182.235.174.106 - - [16/Jul/2015:13:26:30 +0800] "GET /content/subject/resource_content.jsp?oid=16777721&queryString=%E6%A4%8D%E7%89%A9%E7%95%8C%20%E7%8E%89%E5%B1%B1%E8%96%84%E9%9B%AA%E8%8D%89%20%E8%8F%8A%E7%A7%91%20%E8%96%84%E9%9B%AA%E8%8D%89%E5%B1%AC%20%E9%9B%99%E5%AD%90%E8%91%89%E6%A4%8D%E7%89%A9 HTTP/1.1" 200 36227
182.235.174.106 - - [16/Jul/2015:13:26:30 +0800] "GET /content/nav/relationSubject.jsp?relationWords=%E7%8E%89%E5%B1%B1%E8%96%84%E9%9B%AA%E8%8D%89+&oid=16777721 HTTP/1.1" 200 3686
207.46.13.104 - - [16/Jul/2015:13:26:36 +0800] "GET /content/repository/resource_content.jsp?oid=4364514&queryString=%E6%B0%91%E6%97%8F%E5%AD%B8%20%E6%B0%91%E9%96%93%E4%BF%A1%E4%BB%B0 HTTP/1.1" 200 28336
140.116.1.136 - - [16/Jul/2015:13:26:59 +0800] "GET /content/repository/resource_content.jsp?oid=1586207&queryType=qs&queryString=%E8%8E%8A%E6%95%AC HTTP/1.1" 200 28788
140.116.1.136 - - [16/Jul/2015:13:27:01 +0800] "GET /content/nav/relationSubject.jsp?relationWords=%E7%A4%BE%E6%9C%83%E9%A2%A8%E6%B0%A3+%E8%8E%8A%E6%95%AC%E8%87%AA%E5%BC%B7+&oid=1586207 HTTP/1.1" 200 4753
66.249.71.60 - - [16/Jul/2015:13:27:31 +0800] "GET /content/nav/relationSubject.jsp?relationWords=%E5%B0%88%E5%88%A9%E6%AC%8A+%E5%B0%88%E5%88%A9%E6%B3%95+&oid=1614547 HTTP/1.1" 200 5810
66.249.71.64 - - [16/Jul/2015:13:27:33 +0800] "GET /content/nav/relationSubject.jsp?relationWords=%E5%B0%88%E5%88%A9%E6%AC%8A%20%E5%B0%88%E5%88%A9%E6%B3%95%20&oid=1614547 HTTP/1.1" 200 5810
140.116.1.136 - - [16/Jul/2015:13:28:06 +0800] "GET /content/repository/resource_content.jsp?oid=1566352&queryType=null&queryString=%E8%87%BA%E7%81%A3%E7%9C%81%E8%AD%B0%E6%9C%83%E5%85%AC%E5%A0%B1 HTTP/1.1" 200 30571
140.116.1.136 - - [16/Jul/2015:13:28:07 +0800] "GET /content/nav/relationSubject.jsp?relationWords=%E5%81%BD%E8%97%A5+%E5%8F%B8%E6%B3%95%E6%A9%9F%E9%97%9C+%E5%8F%B8%E6%B3%95%E8%A1%8C%E6%94%BF%E9%83%A8+%E6%B3%95%E9%99%A2+%E7%A7%BB%E9%80%81+%E8%A1%9B%E7%94%9F%E7%92%B0%E5%A2%83+%E8%A1%9B%E7%94%9F%E8%99%95+%E8%A1%9B%E7%94%9F%E9%83%A8+&oid=1566352 HTTP/1.1" 200 4557
39.10.132.199 - - [16/Jul/2015:13:28:31 +0800] "GET /content/nav/relationSubject.jsp?relationWords=%E9%9D%92%E6%A5%93+&oid=16777274 HTTP/1.1" 200 3565
66.249.79.19 - - [16/Jul/2015:13:29:35 +0800] "GET /content/subject/resource_content.jsp?oid=16777270&queryType=qc HTTP/1.1" 200 33804
163.15.178.2 - - [16/Jul/2015:13:30:23 +0800] "GET /content/repository/resource_content.jsp?oid=3824672&queryString=%E5%A4%A7%E8%91%89%E5%B1%B1%20%E5%A4%A7%E8%91%89%E5%B1%B1%E6%AC%96%20%E5%B1%B1%E6%AC%96%20%E6%8B%BC%E6%9D%BF%E8%88%9F%20%E9%81%94%E6%82%9F%20%E9%81%94%E6%82%9F%E6%97%8F HTTP/1.1" 200 31407
163.15.178.2 - - [16/Jul/2015:13:30:25 +0800] "GET /content/nav/relationSubject.jsp?relationWords=%E5%B1%B1%E6%AC%96+%E5%B1%B1%E6%AC%96%E5%B1%AC+%E6%9F%BF%E6%A8%B9+%E6%A4%8D%E7%89%A9%E7%95%8C+&oid=3824672 HTTP/1.1" 200 4928
140.116.1.136 - - [16/Jul/2015:13:30:45 +0800] "GET /content/repository/resource_content.jsp?oid=1585329&queryType=qs&queryString=%E8%8E%8A%E6%95%AC HTTP/1.1" 200 29059
140.116.1.136 - - [16/Jul/2015:13:30:45 +0800] "GET /content/nav/relationSubject.jsp?relationWords=%E4%BA%8C%E4%BA%8C%E5%BA%9C+%E5%BA%9C%E5%BB%BA%E6%B0%B4+%E6%B0%B4%E5%AD%97+%E8%8E%8A%E6%95%AC%E8%87%AA%E5%BC%B7+&oid=1585329 HTTP/1.1" 200 3435
180.76.15.136 - - [16/Jul/2015:13:33:08 +0800] "GET /content/subject/resource_content.jsp?oid=16777315&queryType=qc HTTP/1.1" 200 30021
49.216.34.127 - - [16/Jul/2015:13:35:25 +0800] "GET /content/nav/relationSubject.jsp?relationWords=&oid=16777342 HTTP/1.1" 200 1405
66.249.71.64 - - [16/Jul/2015:13:35:39 +0800] "GET /content/nav/relationSubject.jsp?relationWords=%E6%9F%BF%E6%A8%B9+%E6%9F%BF%E6%A8%B9%E5%B1%AC+%E6%9F%BF%E6%A8%B9%E7%A7%91+%E6%A4%8D%E7%89%A9%E7%95%8C+%E8%BB%9F%E6%AF%9B%E6%9F%BF+&oid=1103222 HTTP/1.1" 200 3363
66.249.71.60 - - [16/Jul/2015:13:35:40 +0800] "GET /content/nav/relationSubject.jsp?relationWords=%E6%9F%BF%E6%A8%B9%20%E6%9F%BF%E6%A8%B9%E5%B1%AC%20%E6%9F%BF%E6%A8%B9%E7%A7%91%20%E6%A4%8D%E7%89%A9%E7%95%8C%20%E8%BB%9F%E6%AF%9B%E6%9F%BF%20&oid=1103222 HTTP/1.1" 200 3363
66.249.71.45 - - [16/Jul/2015:13:36:40 +0800] "GET /content/repository/resource_content.jsp?oid=4363656&queryString=%E5%85%AB%E5%AE%B6%E5%B0%87 HTTP/1.1" 200 29331
66.249.71.72 - - [16/Jul/2015:13:38:01 +0800] "GET /content/nav/relationSubject.jsp?relationWords=%E5%90%8C%E7%9F%A5+%E5%90%8F%E9%83%A8+&oid=2685502 HTTP/1.1" 200 4027
66.249.71.60 - - [16/Jul/2015:13:38:02 +0800] "GET /content/nav/relationSubject.jsp?relationWords=%E5%90%8C%E7%9F%A5%20%E5%90%8F%E9%83%A8%20&oid=2685502 HTTP/1.1" 200 4027
66.249.71.60 - - [16/Jul/2015:13:38:49 +0800] "GET /content/nav/relationSubject.jsp?relationWords=%E5%BE%A9%E8%88%88%E8%88%AA%E7%A9%BA+%E6%9E%97%E6%B0%B8%E6%A8%91+%E6%B0%B8%E6%A8%91+&oid=16777595 HTTP/1.1" 200 4496
66.249.71.64 - - [16/Jul/2015:13:38:50 +0800] "GET /content/nav/relationSubject.jsp?relationWords=%E5%BE%A9%E8%88%88%E8%88%AA%E7%A9%BA%20%E6%9E%97%E6%B0%B8%E6%A8%91%20%E6%B0%B8%E6%A8%91%20&oid=16777595 HTTP/1.1" 200 4496
36.230.107.67 - - [16/Jul/2015:13:40:00 +0800] "GET /content/nav/relationSubject.jsp?relationWords=%E9%99%B3%E8%AA%A0+&oid=16777607 HTTP/1.1" 200 3557
