157.55.39.19 - - [14/Jul/2015:00:01:01 +0800] "GET /content/nav/relationSubject.jsp?relationWords=%E6%9C%A8%E7%8A%80+%E6%A1%82%E8%8A%B1+&oid=16777255 HTTP/1.1" 200 4029
66.249.71.60 - - [14/Jul/2015:00:01:07 +0800] "GET /content/nav/relationSubject.jsp?relationWords=%E7%B8%A3%E4%B8%9E+%E8%87%BA%E7%81%A3%E5%BA%9C+%E9%96%A9%E6%B5%99+%E9%96%A9%E6%B5%99%E7%B8%BD%E7%9D%A3+&oid=2542342 HTTP/1.1" 200 3249
66.249.71.72 - - [14/Jul/2015:00:01:09 +0800] "GET /content/nav/relationSubject.jsp?relationWords=%E7%B8%A3%E4%B8%9E%20%E8%87%BA%E7%81%A3%E5%BA%9C%20%E9%96%A9%E6%B5%99%20%E9%96%A9%E6%B5%99%E7%B8%BD%E7%9D%A3%20&oid=2542342 HTTP/1.1" 200 3249
66.249.71.60 - - [14/Jul/2015:00:01:15 +0800] "GET /content/nav/relationSubject.jsp?relationWords=%E5%8D%80%E5%85%AC%E6%89%80+%E7%9C%81%E6%94%BF%E5%BA%9C+%E9%84%89%E9%8E%AE%E5%B8%82%E5%8D%80%E5%85%AC%E6%89%80+&oid=1562891 HTTP/1.1" 200 4602
66.249.71.60 - - [14/Jul/2015:00:01:17 +0800] "GET /content/nav/relationSubject.jsp?relationWords=%E5%8D%80%E5%85%AC%E6%89%80%20%E7%9C%81%E6%94%BF%E5%BA%9C%20%E9%84%89%E9%8E%AE%E5%B8%82%E5%8D%80%E5%85%AC%E6%89%80%20&oid=1562891 HTTP/1.1" 200 4602
223.136.55.230 - - [14/Jul/2015:00:01:21 +0800] "GET /content/nav/relationSubject.jsp?relationWords=&oid=16777328 HTTP/1.1" 200 1405
180.176.90.106 - - [14/Jul/2015:00:02:40 +0800] "GET /content/nav/relationSubject.jsp?relationWords=%E6%B8%85%E8%81%96%E7%A5%96+&oid=16777381 HTTP/1.1" 200 2915
66.249.71.72 - - [14/Jul/2015:00:04:10 +0800] "GET /content/nav/relationSubject.jsp?relationWords=%E6%95%88%E7%8E%87%E6%A1%88+&oid=1536542 HTTP/1.1" 200 3543
66.249.71.64 - - [14/Jul/2015:00:04:14 +0800] "GET /content/nav/relationSubject.jsp?relationWords=%E6%95%88%E7%8E%87%E6%A1%88%20&oid=1536542 HTTP/1.1" 200 3543
123.125.71.58 - - [14/Jul/2015:00:04:19 +0800] "GET /content/repository/resource_content.jsp?oid=2612409 HTTP/1.1" 200 29430
66.249.71.23 - - [14/Jul/2015:00:04:37 +0800] "GET /content/subject/resource_content.jsp?oid=16777766&queryType=qc%3E HTTP/1.1" 200 50582
66.249.71.72 - - [14/Jul/2015:00:04:41 +0800] "GET /content/nav/relationSubject.jsp?relationWords=%E5%B7%A1%E6%92%AB+%E7%9B%A3%E7%8A%AF+%E7%9B%A3%E7%8A%AF%E7%97%85+&oid=2522158 HTTP/1.1" 200 4054
66.249.71.60 - - [14/Jul/2015:00:04:44 +0800] "GET /content/nav/relationSubject.jsp?relationWords=%E5%B7%A1%E6%92%AB%20%E7%9B%A3%E7%8A%AF%20%E7%9B%A3%E7%8A%AF%E7%97%85%20&oid=2522158 HTTP/1.1" 200 4054
66.249.71.5 - - [14/Jul/2015:00:05:16 +0800] "GET /content/nav/relationSubject.jsp?relationWords=%E5%AE%98%E8%88%8D+&oid=2676806 HTTP/1.1" 200 4583
66.249.71.23 - - [14/Jul/2015:00:05:18 +0800] "GET /content/nav/relationSubject.jsp?relationWords=%E5%AE%98%E8%88%8D%20&oid=2676806 HTTP/1.1" 200 4583
66.249.71.23 - - [14/Jul/2015:00:05:23 +0800] "GET /content/nav/relationSubject.jsp?relationWords=%E6%B9%96%E5%BB%A3%E7%B8%BD%E7%9D%A3+&oid=2663648 HTTP/1.1" 200 3114
66.249.71.23 - - [14/Jul/2015:00:05:24 +0800] "GET /content/nav/relationSubject.jsp?relationWords=%E6%B9%96%E5%BB%A3%E7%B8%BD%E7%9D%A3%20&oid=2663648 HTTP/1.1" 200 3114
66.249.71.64 - - [14/Jul/2015:00:05:55 +0800] "GET /content/nav/relationSubject.jsp?relationWords=%E6%96%91%E6%9C%A8%E8%96%91%E5%AD%90+%E6%9C%A8%E8%96%91%E5%AD%90%E5%B1%AC+%E6%A4%8D%E7%89%A9%E7%95%8C+%E6%A8%9F%E7%A7%91+&oid=2146592 HTTP/1.1" 200 3319
66.249.71.72 - - [14/Jul/2015:00:05:56 +0800] "GET /content/nav/relationSubject.jsp?relationWords=%E6%96%91%E6%9C%A8%E8%96%91%E5%AD%90%20%E6%9C%A8%E8%96%91%E5%AD%90%E5%B1%AC%20%E6%A4%8D%E7%89%A9%E7%95%8C%20%E6%A8%9F%E7%A7%91%20&oid=2146592 HTTP/1.1" 200 3319
202.152.97.169 - - [14/Jul/2015:00:09:26 +0800] "GET /content/repository/resource_content.jsp?oid=1303806 HTTP/1.1" 200 29050
202.152.97.169 - - [14/Jul/2015:00:09:29 +0800] "GET /content/nav/relationSubject.jsp?relationWords=%E8%87%BA%E7%81%A3%E7%B8%BD%E7%9D%A3%E5%BA%9C+&oid=1303806 HTTP/1.1" 200 3393
66.249.71.119 - - [14/Jul/2015:00:09:53 +0800] "GET /content/nav/relationSubject.jsp?relationWords=%E5%90%89%E5%88%A9%E5%90%B3%E9%83%AD%E9%AD%9A+%E5%90%89%E5%88%A9%E6%85%88%E9%AF%9B+%E5%90%B3%E9%83%AD%E9%AD%9A+%E6%85%88%E9%AF%9B+%E6%85%88%E9%AF%9B%E7%A7%91+%E9%AF%9B%E7%A7%91+%E9%BD%8A%E6%B0%8F%E9%9D%9E%E9%AF%BD+&oid=15606 HTTP/1.1" 200 3766
66.249.71.3 - - [14/Jul/2015:00:09:55 +0800] "GET /content/nav/relationSubject.jsp?relationWords=%E5%90%89%E5%88%A9%E5%90%B3%E9%83%AD%E9%AD%9A%20%E5%90%89%E5%88%A9%E6%85%88%E9%AF%9B%20%E5%90%B3%E9%83%AD%E9%AD%9A%20%E6%85%88%E9%AF%9B%20%E6%85%88%E9%AF%9B%E7%A7%91%20%E9%AF%9B%E7%A7%91%20%E9%BD%8A%E6%B0%8F%E9%9D%9E%E9%AF%BD%20&oid=15606 HTTP/1.1" 200 3766
220.181.108.96 - - [14/Jul/2015:00:10:12 +0800] "GET /content/repository/resource_content.jsp?oid=1592481 HTTP/1.1" 200 28674
207.46.13.112 - - [14/Jul/2015:00:10:43 +0800] "GET /content/subject/resource_content.jsp?oid=16777263&queryType=qc HTTP/1.1" 200 30872
157.55.39.12 - - [14/Jul/2015:00:11:03 +0800] "GET /content/nav/relationSubject.jsp?relationWords=%E7%83%8F%E5%BF%83%E7%9F%B3+%E9%B1%B8%E9%B0%BB+&oid=16777303 HTTP/1.1" 200 4004
66.249.71.3 - - [14/Jul/2015:00:11:06 +0800] "GET /content/repository/resource_content.jsp?oid=284017&queryString=%E6%BC%A2%E4%BB%A3%20%E6%BC%A2%E7%B0%A1%20%E7%95%AA%E7%A4%BE%20%E7%95%AA%E7%A4%BE%E9%87%87%E9%A2%A8%E5%9C%96%20%E7%B0%A1%E7%89%98%20%E9%87%87%E9%A2%A8%E5%9C%96 HTTP/1.1" 200 30500
66.249.71.72 - - [14/Jul/2015:00:11:23 +0800] "GET /content/nav/relationSubject.jsp?relationWords=%E4%BA%A4%E9%80%9A%E5%AE%89%E5%85%A8+%E5%AE%89%E5%85%A8%E6%A1%88+%E6%B0%B4%E9%84%89+%E7%A7%80%E6%B0%B4%E9%84%89+&oid=1621285 HTTP/1.1" 200 5927
66.249.71.60 - - [14/Jul/2015:00:11:25 +0800] "GET /content/nav/relationSubject.jsp?relationWords=%E4%BA%A4%E9%80%9A%E5%AE%89%E5%85%A8%20%E5%AE%89%E5%85%A8%E6%A1%88%20%E6%B0%B4%E9%84%89%20%E7%A7%80%E6%B0%B4%E9%84%89%20&oid=1621285 HTTP/1.1" 200 5927
157.55.39.12 - - [14/Jul/2015:00:12:12 +0800] "GET /content/tmp_exh/resource_content.jsp?oid=16777750&queryType=qc HTTP/1.1" 200 32507
66.249.71.119 - - [14/Jul/2015:00:12:26 +0800] "GET /content/subject/resource_content.jsp?oid=16777619&queryType=qs&queryString=%E8%87%BA%E4%B8%AD%E5%B8%82 HTTP/1.1" 200 78731
66.249.71.60 - - [14/Jul/2015:00:12:34 +0800] "GET /content/nav/relationSubject.jsp?relationWords=%E4%BA%BA%E8%A1%8C%E9%81%93+%E5%8D%97%E6%BE%B3%E9%84%89+%E9%87%91%E6%B4%8B%E6%9D%91+&oid=1606636 HTTP/1.1" 200 3681
66.249.71.64 - - [14/Jul/2015:00:12:36 +0800] "GET /content/nav/relationSubject.jsp?relationWords=%E4%BA%BA%E8%A1%8C%E9%81%93%20%E5%8D%97%E6%BE%B3%E9%84%89%20%E9%87%91%E6%B4%8B%E6%9D%91%20&oid=1606636 HTTP/1.1" 200 3681
111.243.119.5 - - [14/Jul/2015:00:12:39 +0800] "GET /content/nav/relationSubject.jsp?relationWords=%E8%8B%A6%E8%8B%93+&oid=16777317 HTTP/1.1" 200 3649
66.249.71.64 - - [14/Jul/2015:00:13:19 +0800] "GET /content/nav/relationSubject.jsp?relationWords=%E4%BF%B8%E6%BB%BF+%E5%B7%A6%E7%87%9F+%E8%87%BA%E7%81%A3%E9%8E%AE+%E9%8E%AE%E6%A8%99+&oid=2542641 HTTP/1.1" 200 3210
112.104.19.135 - - [14/Jul/2015:00:13:36 +0800] "GET /content/repository/resource_content.jsp?oid=2142711 HTTP/1.1" 200 31579
112.104.19.135 - - [14/Jul/2015:00:13:37 +0800] "GET /content/nav/relationSubject.jsp?relationWords=%E5%94%87%E5%BD%A2%E7%A7%91+%E6%A4%8D%E7%89%A9%E7%95%8C+%E7%A5%9E%E7%BE%85%E5%8B%92+%E8%95%99%E8%8D%89+%E8%96%84%E8%8D%B7+%E9%9B%99%E5%AD%90%E8%91%89%E6%A4%8D%E7%89%A9+%E9%9B%B6%E9%99%B5%E9%A6%99+%E9%9B%B6%E9%99%B5%E9%A6%99%E5%B1%AC+&oid=2142711 HTTP/1.1" 200 3564
111.70.79.130 - - [14/Jul/2015:00:13:48 +0800] "GET /content/nav/relationSubject.jsp?relationWords=%E8%8B%A6%E8%8B%93+&oid=16777317 HTTP/1.1" 200 3649
66.249.71.60 - - [14/Jul/2015:00:14:12 +0800] "GET /content/repository/resource_content.jsp?oid=2607042 HTTP/1.1" 200 29238
66.249.71.23 - - [14/Jul/2015:00:14:34 +0800] "GET /digiarch3/content/nav/relationSubject.jsp?relationWords=%E5%8F%B0%E7%81%A3%E7%A7%8B%E6%B5%B7%E6%A3%A0+%E6%A4%8D%E7%89%A9%E7%95%8C+%E7%A7%8B%E6%B5%B7%E6%A3%A0%E5%B1%AC+%E7%A7%8B%E6%B5%B7%E6%A3%A0%E7%A7%91+%E8%8F%AB%E8%8F%9C+&oid=1107694 HTTP/1.1" 200 3519
66.249.71.5 - - [14/Jul/2015:00:14:37 +0800] "GET /digiarch3/content/nav/relationSubject.jsp?relationWords=%E5%8F%B0%E7%81%A3%E7%A7%8B%E6%B5%B7%E6%A3%A0%20%E6%A4%8D%E7%89%A9%E7%95%8C%20%E7%A7%8B%E6%B5%B7%E6%A3%A0%E5%B1%AC%20%E7%A7%8B%E6%B5%B7%E6%A3%A0%E7%A7%91%20%E8%8F%AB%E8%8F%9C%20&oid=1107694 HTTP/1.1" 200 3519
66.249.71.72 - - [14/Jul/2015:00:14:40 +0800] "GET /content/nav/relationSubject.jsp?relationWords=%E9%AA%A8%E7%AE%AD%E9%A0%AD+&oid=1853131 HTTP/1.1" 200 2990
66.249.71.72 - - [14/Jul/2015:00:14:42 +0800] "GET /content/nav/relationSubject.jsp?relationWords=%E9%AA%A8%E7%AE%AD%E9%A0%AD%20&oid=1853131 HTTP/1.1" 200 2990
123.125.71.41 - - [14/Jul/2015:00:16:18 +0800] "GET /content/repository/resource_content.jsp?oid=1775576 HTTP/1.1" 200 35259
66.249.71.23 - - [14/Jul/2015:00:16:21 +0800] "GET /digiarch/content/repository/resource_content.jsp?oid=1873286 HTTP/1.1" 404 14873
59.124.29.127 - - [14/Jul/2015:00:16:38 +0800] "GET /content/nav/relationSubject.jsp?relationWords=%E6%B8%85%E8%81%96%E7%A5%96+&oid=16777381 HTTP/1.1" 200 2915
66.249.71.72 - - [14/Jul/2015:00:18:46 +0800] "GET /content/nav/relationSubject.jsp?relationWords=%E4%B8%80%E5%AD%97%E5%80%92%E5%90%8A+%E4%B8%80%E5%AD%97%E5%88%BA%E5%B0%BE%E9%AF%9B+%E5%88%BA%E5%B0%BE%E9%AF%9B%E7%A7%91+%E6%A9%99%E6%96%91%E5%88%BA%E5%B0%BE%E9%AD%9A+%E7%B4%85%E5%8D%B0%E5%80%92%E5%90%8A+&oid=16291 HTTP/1.1" 200 3386
66.249.71.60 - - [14/Jul/2015:00:18:47 +0800] "GET /content/nav/relationSubject.jsp?relationWords=%E4%B8%80%E5%AD%97%E5%80%92%E5%90%8A%20%E4%B8%80%E5%AD%97%E5%88%BA%E5%B0%BE%E9%AF%9B%20%E5%88%BA%E5%B0%BE%E9%AF%9B%E7%A7%91%20%E6%A9%99%E6%96%91%E5%88%BA%E5%B0%BE%E9%AD%9A%20%E7%B4%85%E5%8D%B0%E5%80%92%E5%90%8A%20&oid=16291 HTTP/1.1" 200 3386
66.249.71.64 - - [14/Jul/2015:00:19:02 +0800] "GET /content/nav/relationSubject.jsp?relationWords=%E8%B3%AA%E8%A9%A2+%E8%BB%8A%E7%A6%8D+&oid=1600000 HTTP/1.1" 200 4758
66.249.71.60 - - [14/Jul/2015:00:19:03 +0800] "GET /content/nav/relationSubject.jsp?relationWords=%E8%B3%AA%E8%A9%A2%20%E8%BB%8A%E7%A6%8D%20&oid=1600000 HTTP/1.1" 200 4758
114.44.1.74 - - [14/Jul/2015:00:19:13 +0800] "GET /content/nav/relationSubject.jsp?relationWords=%E5%A4%A7%E8%8A%B1%E7%B4%AB%E8%96%87+&oid=16777378 HTTP/1.1" 200 3739
36.226.128.108 - - [14/Jul/2015:00:19:24 +0800] "GET /content/nav/relationSubject.jsp?relationWords=%E9%9D%92%E5%89%9B%E6%AB%9F+&oid=16777349 HTTP/1.1" 200 4262
168.70.63.231 - - [14/Jul/2015:00:19:59 +0800] "GET /content/nav/relationSubject.jsp?relationWords=%E8%8B%A6%E8%8B%93+&oid=16777317 HTTP/1.1" 200 3649
207.46.13.112 - - [14/Jul/2015:00:20:03 +0800] "GET /content/repository/resource_content.jsp?oid=1112478 HTTP/1.1" 200 31222
66.249.71.72 - - [14/Jul/2015:00:20:16 +0800] "GET /content/subject/resource_content.jsp?oid=16777787&queryString=%E6%B1%BA%E6%88%B0%20%E7%9A%87%E6%B0%91%E5%A5%89%E5%85%AC%E6%9C%83%20%E8%87%BA%E7%81%A3%E6%96%87%E5%AD%B8%20%E8%87%BA%E7%81%A3%E7%B8%BD%E7%9D%A3%E5%BA%9C HTTP/1.1" 200 58135
180.76.15.134 - - [14/Jul/2015:00:20:43 +0800] "GET /content/repository/resource_content.jsp?oid=2144542 HTTP/1.1" 200 30556
66.249.71.45 - - [14/Jul/2015:00:21:26 +0800] "GET /content/nav/relationSubject.jsp?relationWords=%E5%B8%9D%E7%99%BB+%E8%A9%94%E6%9B%B8+%E9%A0%86%E6%B2%BB%E5%B8%9D+&oid=16777422 HTTP/1.1" 200 3932
66.249.71.36 - - [14/Jul/2015:00:21:27 +0800] "GET /content/nav/relationSubject.jsp?relationWords=%E5%B8%9D%E7%99%BB%20%E8%A9%94%E6%9B%B8%20%E9%A0%86%E6%B2%BB%E5%B8%9D%20&oid=16777422 HTTP/1.1" 200 3932
207.46.13.112 - - [14/Jul/2015:00:21:37 +0800] "GET /content/subject/resource_content.jsp?oid=16777788&queryType=qc HTTP/1.1" 200 42882
66.249.71.14 - - [14/Jul/2015:00:24:10 +0800] "GET /digiarch/content/repository/resource_content.jsp?oid=4457893 HTTP/1.1" 404 14873
122.118.56.89 - - [14/Jul/2015:00:24:19 +0800] "GET /content/nav/relationSubject.jsp?relationWords=%E5%85%AB%E5%90%89%E7%A5%A5+%E5%A4%9A%E6%A8%A3%E6%80%A7+%E5%BD%A9%E7%B9%AA+%E8%9E%BA%E9%88%BF+%E9%83%B5%E7%A5%A8+&oid=16777481 HTTP/1.1" 200 5190
157.55.39.19 - - [14/Jul/2015:00:26:39 +0800] "GET /content/subject/resource_content.jsp?oid=16777615&queryType=qc HTTP/1.1" 200 37930
207.46.13.32 - - [14/Jul/2015:00:26:52 +0800] "GET /content/subject/resource_content.jsp?oid=16777425&queryType=qc HTTP/1.1" 200 35685
66.249.71.45 - - [14/Jul/2015:00:27:09 +0800] "GET /content/nav/relationSubject.jsp?relationWords=%E9%9D%92%E5%89%9B%E6%AB%9F+&oid=16777394 HTTP/1.1" 200 4259
66.249.71.54 - - [14/Jul/2015:00:27:12 +0800] "GET /content/nav/relationSubject.jsp?relationWords=%E9%9D%92%E5%89%9B%E6%AB%9F%20&oid=16777394 HTTP/1.1" 200 4259
66.249.71.64 - - [14/Jul/2015:00:27:28 +0800] "GET /content/nav/relationSubject.jsp?relationWords=%E6%B3%95%E8%9E%BA+%E6%B3%95%E8%9E%BA%E7%A7%91+%E7%95%B0%E8%B6%B3%E7%9B%AE+%E7%98%A6%E6%AF%9B%E6%B3%95%E8%9E%BA+%E8%85%B9%E8%B6%B3%E7%B6%B1+&oid=1125251 HTTP/1.1" 200 3466
66.249.71.5 - - [14/Jul/2015:00:28:05 +0800] "GET /digiarch/content/repository/resource_content.jsp?oid=2519893 HTTP/1.1" 404 14873
66.249.71.60 - - [14/Jul/2015:00:28:34 +0800] "GET /content/nav/relationSubject.jsp?relationWords=%E5%AE%A2%E9%81%8B+%E7%9C%81%E6%94%BF%E5%BA%9C+%E7%B5%84%E7%B9%94%E8%A6%8F%E7%A8%8B+%E8%82%A1%E4%BB%BD%E6%9C%89%E9%99%90%E5%85%AC%E5%8F%B8+%E8%87%BA%E7%81%A3%E7%9C%81%E6%94%BF%E5%BA%9C+&oid=1894582 HTTP/1.1" 200 4732
66.249.71.60 - - [14/Jul/2015:00:28:42 +0800] "GET /content/nav/relationSubject.jsp?relationWords=%E5%AE%A2%E9%81%8B%20%E7%9C%81%E6%94%BF%E5%BA%9C%20%E7%B5%84%E7%B9%94%E8%A6%8F%E7%A8%8B%20%E8%82%A1%E4%BB%BD%E6%9C%89%E9%99%90%E5%85%AC%E5%8F%B8%20%E8%87%BA%E7%81%A3%E7%9C%81%E6%94%BF%E5%BA%9C%20&oid=1894582 HTTP/1.1" 200 4732
112.104.19.135 - - [14/Jul/2015:00:29:15 +0800] "GET /content/repository/resource_content.jsp?oid=2142711 HTTP/1.1" 200 31579
112.104.19.135 - - [14/Jul/2015:00:29:16 +0800] "GET /content/nav/relationSubject.jsp?relationWords=%E5%94%87%E5%BD%A2%E7%A7%91+%E6%A4%8D%E7%89%A9%E7%95%8C+%E7%A5%9E%E7%BE%85%E5%8B%92+%E8%95%99%E8%8D%89+%E8%96%84%E8%8D%B7+%E9%9B%99%E5%AD%90%E8%91%89%E6%A4%8D%E7%89%A9+%E9%9B%B6%E9%99%B5%E9%A6%99+%E9%9B%B6%E9%99%B5%E9%A6%99%E5%B1%AC+&oid=2142711 HTTP/1.1" 200 3564
114.39.150.44 - - [14/Jul/2015:00:31:19 +0800] "GET /content/nav/relationSubject.jsp?relationWords=%E6%9E%97%E7%A5%96%E5%A3%BD+&oid=16777654 HTTP/1.1" 200 2799
66.249.71.60 - - [14/Jul/2015:00:31:51 +0800] "GET /content/nav/relationSubject.jsp?relationWords=%E9%AA%A8%E7%AE%AD%E9%A0%AD+&oid=1854901 HTTP/1.1" 200 2990
66.249.71.64 - - [14/Jul/2015:00:31:52 +0800] "GET /content/nav/relationSubject.jsp?relationWords=%E9%AA%A8%E7%AE%AD%E9%A0%AD%20&oid=1854901 HTTP/1.1" 200 2990
66.249.71.113 - - [14/Jul/2015:00:32:00 +0800] "GET /content/tmp_exh/resource_content.jsp?oid=16777813&queryType=qc%201889 HTTP/1.1" 200 39069
220.181.108.87 - - [14/Jul/2015:00:33:26 +0800] "GET /content/repository/resource_content.jsp?oid=1621704 HTTP/1.1" 200 28802
66.249.71.72 - - [14/Jul/2015:00:33:37 +0800] "GET /content/subject/resource_content.jsp?oid=16777706&queryType=qs&queryString=%E9%84%89%E5%9C%9F%E6%95%99%E8%82%B2 HTTP/1.1" 200 53824
101.13.130.145 - - [14/Jul/2015:00:33:54 +0800] "GET /content/nav/relationSubject.jsp?relationWords=%E8%96%9C%E8%8D%94+&oid=16777485 HTTP/1.1" 200 3561
66.249.71.64 - - [14/Jul/2015:00:34:23 +0800] "GET /content/nav/relationSubject.jsp?relationWords=%E5%BC%B5%E6%8C%AF+%E5%BC%B5%E6%8C%AF%E7%94%9F+%E6%8C%AF%E7%94%9F+%E6%9D%8E%E6%BA%90+%E6%9D%8E%E6%BA%90%E6%A3%A7+%E7%8E%8B%E5%9C%8B%E7%A7%80+%E7%B8%BD%E8%B3%AA%E8%A9%A2+%E8%A8%B1%E9%87%91+%E8%A8%B1%E9%87%91%E5%BE%B7+%E8%B3%AA%E8%A9%A2+%E9%83%AD%E5%9C%8B%E5%9F%BA+%E9%87%91%E5%BE%B7+%E9%99%B3%E7%81%AB+%E9%99%B3%E7%81%AB%E5%9C%9F+&oid=1552788 HTTP/1.1" 200 3639
66.249.71.60 - - [14/Jul/2015:00:34:27 +0800] "GET /content/nav/relationSubject.jsp?relationWords=%E5%BC%B5%E6%8C%AF%20%E5%BC%B5%E6%8C%AF%E7%94%9F%20%E6%8C%AF%E7%94%9F%20%E6%9D%8E%E6%BA%90%20%E6%9D%8E%E6%BA%90%E6%A3%A7%20%E7%8E%8B%E5%9C%8B%E7%A7%80%20%E7%B8%BD%E8%B3%AA%E8%A9%A2%20%E8%A8%B1%E9%87%91%20%E8%A8%B1%E9%87%91%E5%BE%B7%20%E8%B3%AA%E8%A9%A2%20%E9%83%AD%E5%9C%8B%E5%9F%BA%20%E9%87%91%E5%BE%B7%20%E9%99%B3%E7%81%AB%20%E9%99%B3%E7%81%AB%E5%9C%9F%20&oid=1552788 HTTP/1.1" 200 3639
66.249.71.54 - - [14/Jul/2015:00:35:55 +0800] "GET /content/repository/resource_content.jsp?oid=4352598&queryType=qs&queryString=%E5%90%B3%E9%83%AD%E9%AD%9A HTTP/1.1" 200 36174
66.249.71.113 - - [14/Jul/2015:00:38:33 +0800] "GET /content/nav/relationSubject.jsp?relationWords=%E4%B8%89%E8%BC%AA%E8%BB%8A%20%E4%BF%9D%E9%9A%AA%20%E5%8A%8D%E9%81%93%20%E5%8B%9E%E5%B7%A5%E4%BF%9D%E9%9A%AA%20%E5%9C%8B%E8%A1%93%20%E5%9C%B0%E6%96%B9%E8%87%AA%E6%B2%BB%20%E6%90%B6%E5%8A%AB%20%E7%89%8C%E7%85%A7%20%E7%B2%BE%E7%A5%9E%E7%97%85%20%E7%B4%85%E5%8C%85%20%E8%AD%A6%E5%AF%9F%20&oid=1582253 HTTP/1.1" 200 3545
66.249.71.23 - - [14/Jul/2015:00:39:50 +0800] "GET /digiarch3/content/subject/resource_content.jsp?oid=16777746&queryString= HTTP/1.1" 200 39190
66.249.71.64 - - [14/Jul/2015:00:40:29 +0800] "GET /content/nav/relationSubject.jsp?relationWords=%E8%97%8D%E9%BB%9E%E9%A6%AC%E9%AE%AB+%E9%A6%AC%E5%8A%A0%E9%B0%86+%E9%AF%96%E7%A7%91+&oid=16349 HTTP/1.1" 200 3460
66.249.71.64 - - [14/Jul/2015:00:40:30 +0800] "GET /content/nav/relationSubject.jsp?relationWords=%E8%97%8D%E9%BB%9E%E9%A6%AC%E9%AE%AB%20%E9%A6%AC%E5%8A%A0%E9%B0%86%20%E9%AF%96%E7%A7%91%20&oid=16349 HTTP/1.1" 200 3460
66.249.71.121 - - [14/Jul/2015:00:40:37 +0800] "GET /content/nav/relationSubject.jsp?relationWords=&oid=2601272 HTTP/1.1" 200 1405
66.249.71.23 - - [14/Jul/2015:00:43:05 +0800] "GET /digiarch3/content/nav/relationSubject.jsp?relationWords=%E5%A4%BE%E7%AB%B9%E6%A1%83+%E5%A4%BE%E7%AB%B9%E6%A1%83%E7%A7%91+%E5%B1%B1%E9%A6%AC%E8%8C%B6+%E6%A4%8D%E7%89%A9%E7%95%8C+%E8%8C%B6%E8%8A%B1+%E9%A6%AC%E8%8C%B6%E8%8A%B1+%E9%A6%AC%E8%B9%84%E8%8A%B1+%E9%A6%AC%E8%B9%84%E8%8A%B1%E5%B1%AC+%E9%BE%8D%E8%86%BD+&oid=1105280 HTTP/1.1" 200 4561
66.249.71.23 - - [14/Jul/2015:00:43:18 +0800] "GET /digiarch3/content/nav/relationSubject.jsp?relationWords=%E5%A4%BE%E7%AB%B9%E6%A1%83%20%E5%A4%BE%E7%AB%B9%E6%A1%83%E7%A7%91%20%E5%B1%B1%E9%A6%AC%E8%8C%B6%20%E6%A4%8D%E7%89%A9%E7%95%8C%20%E8%8C%B6%E8%8A%B1%20%E9%A6%AC%E8%8C%B6%E8%8A%B1%20%E9%A6%AC%E8%B9%84%E8%8A%B1%20%E9%A6%AC%E8%B9%84%E8%8A%B1%E5%B1%AC%20%E9%BE%8D%E8%86%BD%20&oid=1105280 HTTP/1.1" 200 4561
66.249.71.3 - - [14/Jul/2015:00:43:27 +0800] "GET /content/subject/resource_content.jsp?oid=16777615&queryType=qc HTTP/1.1" 200 37941
66.249.71.119 - - [14/Jul/2015:00:43:37 +0800] "GET /content/nav/relationSubject.jsp?relationWords=%E6%B5%81%E8%BD%89%E5%B9%B4%E8%8F%AF%20&oid=16777583 HTTP/1.1" 200 3233
66.249.71.60 - - [14/Jul/2015:00:43:45 +0800] "GET /content/subject/resource_content.jsp?oid=16797244&queryType=qc HTTP/1.1" 200 50441
168.70.63.231 - - [14/Jul/2015:00:44:29 +0800] "GET /content/nav/relationSubject.jsp?relationWords=%E8%8B%A6%E8%8B%93+&oid=16777317 HTTP/1.1" 200 3649
66.249.71.72 - - [14/Jul/2015:00:44:56 +0800] "GET /content/nav/relationSubject.jsp?relationWords=%E9%BE%9C%E7%94%B2%E5%8D%9C%E8%BE%AD%E6%AE%98%E7%89%87+&oid=1869589 HTTP/1.1" 200 3071
66.249.71.60 - - [14/Jul/2015:00:44:58 +0800] "GET /content/nav/relationSubject.jsp?relationWords=%E9%BE%9C%E7%94%B2%E5%8D%9C%E8%BE%AD%E6%AE%98%E7%89%87%20&oid=1869589 HTTP/1.1" 200 3071
66.249.71.23 - - [14/Jul/2015:00:45:03 +0800] "GET /digiarch3/content/nav/relationSubject.jsp?relationWords=%E5%A6%99%E5%A3%BD%E5%AE%AE+%E7%8E%8B%E8%88%B9+&oid=4363108 HTTP/1.1" 200 3603
66.249.71.23 - - [14/Jul/2015:00:45:06 +0800] "GET /digiarch3/content/nav/relationSubject.jsp?relationWords=%E5%A6%99%E5%A3%BD%E5%AE%AE%20%E7%8E%8B%E8%88%B9%20&oid=4363108 HTTP/1.1" 200 3603
66.249.71.72 - - [14/Jul/2015:00:47:18 +0800] "GET /content/nav/relationSubject.jsp?relationWords=%E7%B4%B0%E7%A9%97%E5%AE%BF%E6%9F%B1%E8%96%B9+%E8%96%B9%E5%B1%AC+&oid=1456835 HTTP/1.1" 200 3111
66.249.71.72 - - [14/Jul/2015:00:47:20 +0800] "GET /content/nav/relationSubject.jsp?relationWords=%E7%B4%B0%E7%A9%97%E5%AE%BF%E6%9F%B1%E8%96%B9%20%E8%96%B9%E5%B1%AC%20&oid=1456835 HTTP/1.1" 200 3111
157.55.39.19 - - [14/Jul/2015:00:47:38 +0800] "GET /content/subject/resource_content.jsp?oid=16777463 HTTP/1.1" 200 28398
66.249.71.14 - - [14/Jul/2015:00:47:39 +0800] "GET /digiarch/content/repository/resource_content.jsp?oid=2672824 HTTP/1.1" 404 14873
66.249.71.60 - - [14/Jul/2015:00:50:24 +0800] "GET /content/nav/relationSubject.jsp?relationWords=%E8%93%AE%E5%B1%AC+%E9%90%B5%E7%B7%9A%E8%93%AE+%E9%90%B5%E7%B7%9A%E8%93%AE%E5%B1%AC+&oid=1103469 HTTP/1.1" 200 3276
66.249.71.64 - - [14/Jul/2015:00:50:26 +0800] "GET /content/nav/relationSubject.jsp?relationWords=%E8%93%AE%E5%B1%AC%20%E9%90%B5%E7%B7%9A%E8%93%AE%20%E9%90%B5%E7%B7%9A%E8%93%AE%E5%B1%AC%20&oid=1103469 HTTP/1.1" 200 3276
66.249.71.3 - - [14/Jul/2015:00:51:34 +0800] "GET /content/repository/resource_content.jsp?oid=1624634&queryString=%E6%8E%92%E6%B0%B4%E6%BA%9D%20%E8%8A%B1%E8%93%AE%E6%BA%AA HTTP/1.1" 200 29611
66.249.71.45 - - [14/Jul/2015:00:52:10 +0800] "GET /content/nav/relationSubject.jsp?relationWords=&oid=16777809 HTTP/1.1" 200 1405
220.181.108.112 - - [14/Jul/2015:00:54:26 +0800] "GET /content/repository/resource_content.jsp?oid=2634312 HTTP/1.1" 200 30121
66.249.71.64 - - [14/Jul/2015:00:55:24 +0800] "GET /content/nav/relationSubject.jsp?relationWords=%E6%9F%8F%E6%B2%B9%E8%B7%AF%E9%9D%A2+%E7%9C%81%E6%94%BF%E5%BA%9C+&oid=1544422 HTTP/1.1" 200 4522
66.249.71.60 - - [14/Jul/2015:00:55:27 +0800] "GET /content/nav/relationSubject.jsp?relationWords=%E6%9F%8F%E6%B2%B9%E8%B7%AF%E9%9D%A2%20%E7%9C%81%E6%94%BF%E5%BA%9C%20&oid=1544422 HTTP/1.1" 200 4522
66.249.71.14 - - [14/Jul/2015:00:55:29 +0800] "GET /content/repository/resource_content.jsp?oid=16280&queryString=%E5%88%BA%E5%B0%BE%E9%AD%9A%20%E5%88%BA%E5%B0%BE%E9%AF%9B%20%E5%88%BA%E5%B0%BE%E9%AF%9B%E7%A7%91%20%E7%B2%97%E7%9A%AE%E4%BB%94 HTTP/1.1" 200 35441
219.84.233.215 - - [14/Jul/2015:00:56:27 +0800] "GET /content/nav/relationSubject.jsp?relationWords=%E5%B1%B1%E6%AB%BB%E8%8A%B1+&oid=16777304 HTTP/1.1" 200 4452
66.249.71.60 - - [14/Jul/2015:00:57:01 +0800] "GET /content/nav/relationSubject.jsp?relationWords=%E5%8D%B5%E8%91%89%E9%BC%A0%E5%B0%BE%E8%8D%89+%E5%94%87%E5%BD%A2%E7%A7%91+%E6%A4%8D%E7%89%A9%E7%95%8C+%E8%8F%8C%E6%9F%B1%E7%B4%AB%E5%8F%83+%E8%96%84%E8%8D%B7+%E9%9B%99%E5%AD%90%E8%91%89%E6%A4%8D%E7%89%A9+%E9%BC%A0%E5%B0%BE%E8%8D%89%E5%B1%AC+&oid=2149847 HTTP/1.1" 200 3574
66.249.71.72 - - [14/Jul/2015:00:57:01 +0800] "GET /content/nav/relationSubject.jsp?relationWords=%E6%A4%8D%E7%89%A9%E7%95%8C+%E8%A1%9B%E7%9F%9B+%E8%A1%9B%E7%9F%9B%E7%A7%91+&oid=1107318 HTTP/1.1" 200 3247
66.249.71.72 - - [14/Jul/2015:00:57:03 +0800] "GET /content/nav/relationSubject.jsp?relationWords=%E5%8D%B5%E8%91%89%E9%BC%A0%E5%B0%BE%E8%8D%89%20%E5%94%87%E5%BD%A2%E7%A7%91%20%E6%A4%8D%E7%89%A9%E7%95%8C%20%E8%8F%8C%E6%9F%B1%E7%B4%AB%E5%8F%83%20%E8%96%84%E8%8D%B7%20%E9%9B%99%E5%AD%90%E8%91%89%E6%A4%8D%E7%89%A9%20%E9%BC%A0%E5%B0%BE%E8%8D%89%E5%B1%AC%20&oid=2149847 HTTP/1.1" 200 3574
66.249.71.64 - - [14/Jul/2015:00:57:04 +0800] "GET /content/nav/relationSubject.jsp?relationWords=%E6%A4%8D%E7%89%A9%E7%95%8C%20%E8%A1%9B%E7%9F%9B%20%E8%A1%9B%E7%9F%9B%E7%A7%91%20&oid=1107318 HTTP/1.1" 200 3247
66.249.71.45 - - [14/Jul/2015:00:57:16 +0800] "GET /content/nav/relationSubject.jsp?relationWords=%E4%BB%99%E5%85%AC%E5%BB%9F+%E5%8F%83%E6%8B%9C+%E5%91%82%E6%B4%9E%E8%B3%93+%E6%95%88%E7%8E%87+%E6%9E%97%E5%8B%99%E5%B1%80+%E6%A9%9F%E6%A2%B0+%E7%89%A9%E8%B3%87%E5%B1%80+%E7%B3%A7%E9%A3%9F%E5%B1%80+%E8%BE%B2%E6%9E%97+%E8%BE%B2%E6%9E%97%E5%BB%B3+&oid=1566915 HTTP/1.1" 200 4270
66.249.71.45 - - [14/Jul/2015:00:57:18 +0800] "GET /content/nav/relationSubject.jsp?relationWords=%E4%BB%99%E5%85%AC%E5%BB%9F%20%E5%8F%83%E6%8B%9C%20%E5%91%82%E6%B4%9E%E8%B3%93%20%E6%95%88%E7%8E%87%20%E6%9E%97%E5%8B%99%E5%B1%80%20%E6%A9%9F%E6%A2%B0%20%E7%89%A9%E8%B3%87%E5%B1%80%20%E7%B3%A7%E9%A3%9F%E5%B1%80%20%E8%BE%B2%E6%9E%97%20%E8%BE%B2%E6%9E%97%E5%BB%B3%20&oid=1566915 HTTP/1.1" 200 4270
66.249.71.5 - - [14/Jul/2015:00:59:24 +0800] "GET /digiarch3/content/repository/resource_content.jsp?oid=4353579&queryType=qs&queryString=%E5%A4%9A%E6%AF%9B%E9%A1%9E HTTP/1.1" 200 35202
66.249.71.60 - - [14/Jul/2015:00:59:46 +0800] "GET /content/nav/relationSubject.jsp?relationWords=%E5%B8%82%E8%AD%B0%E5%93%A1+%E5%BB%A2%E6%A3%84%E7%89%A9+%E6%B6%88%E9%98%B2+%E8%99%95%E7%90%86%E6%8A%80%E8%A1%93+%E8%AD%A6%E5%AF%9F+%E9%84%89%E9%8E%AE%E9%95%B7+&oid=1608352 HTTP/1.1" 200 5561
66.249.71.60 - - [14/Jul/2015:01:00:24 +0800] "GET /content/nav/relationSubject.jsp?relationWords=%E4%B8%89%E9%87%8D%E5%B8%82+%E5%93%A1%E6%9E%97%E9%8E%AE+%E5%B7%A5%E6%A5%AD%E7%94%A8+%E5%B7%A5%E6%A5%AD%E7%94%A8%E5%9C%B0+%E6%96%97%E7%85%A5%E6%AE%B5+%E6%97%B1%E7%94%B0+%E7%9C%81%E6%94%BF%E5%BA%9C+%E7%AB%B9%E5%8D%97%E9%8E%AE+%E8%B3%B4%E6%A8%B9%E6%97%BA+%E9%99%B3%E6%96%B0%E7%99%BC+%E9%99%B3%E8%88%88%E7%9B%9B+%E9%99%B3%E9%87%8D%E5%85%89+%E9%A0%AD%E4%BB%BD+%E9%A0%AD%E4%BB%BD%E9%8E%AE+&oid=1531119 HTTP/1.1" 200 5092
39.12.0.125 - - [14/Jul/2015:01:00:47 +0800] "GET /content/nav/relationSubject.jsp?relationWords=%E8%A5%BF%E8%9E%BA%E5%A4%A7%E6%A9%8B+&oid=16777581 HTTP/1.1" 200 8161
66.249.71.113 - - [14/Jul/2015:01:01:46 +0800] "GET /content/nav/relationSubject.jsp?relationWords=%E5%A4%9A%E6%A8%A3%E6%80%A7+%E6%96%87%E5%8C%96%E4%B8%AD%E5%BF%83+%E6%B5%B7%E9%AE%AE+%E7%94%9F%E7%89%A9%E5%A4%9A%E6%A8%A3%E6%80%A7+&oid=16777813 HTTP/1.1" 200 9244
66.249.71.105 - - [14/Jul/2015:01:01:48 +0800] "GET /content/nav/relationSubject.jsp?relationWords=%E5%A4%9A%E6%A8%A3%E6%80%A7%20%E6%96%87%E5%8C%96%E4%B8%AD%E5%BF%83%20%E6%B5%B7%E9%AE%AE%20%E7%94%9F%E7%89%A9%E5%A4%9A%E6%A8%A3%E6%80%A7%20&oid=16777813 HTTP/1.1" 200 9244
66.249.71.119 - - [14/Jul/2015:01:02:26 +0800] "GET /content/nav/relationSubject.jsp?relationWords=%E7%8E%BB%E7%92%83%E7%92%B0%20%E9%8A%85%E5%88%80%20%E9%8E%8F%E9%87%91%20%E9%9D%92%E9%8A%85%E5%88%80%20%E9%9D%92%E9%8A%85%E5%88%80%E6%9F%84%20&oid=16777348 HTTP/1.1" 200 3653
140.247.184.129 - - [14/Jul/2015:01:05:44 +0800] "GET /content/nav/relationSubject.jsp?relationWords=%E6%9D%8E%E6%BF%9F+&oid=16777377 HTTP/1.1" 200 3540
140.247.184.129 - - [14/Jul/2015:01:05:57 +0800] "GET /content/nav/relationSubject.jsp?relationWords=%E6%9D%8E%E6%BF%9F+&oid=16777377 HTTP/1.1" 200 3540
66.249.71.60 - - [14/Jul/2015:01:05:58 +0800] "GET /content/nav/relationSubject.jsp?relationWords=&oid=2526641 HTTP/1.1" 200 1405
180.76.15.157 - - [14/Jul/2015:01:05:58 +0800] "GET /content/subject/resource_content.jsp?oid=16777353&queryType=qc HTTP/1.1" 200 28827
66.249.71.64 - - [14/Jul/2015:01:06:38 +0800] "GET /content/nav/relationSubject.jsp?relationWords=&oid=2523379 HTTP/1.1" 200 1405
66.249.71.54 - - [14/Jul/2015:01:07:13 +0800] "GET /content/repository/resource_content.jsp?oid=2145092&queryString=%E5%8F%B0%E5%8C%97%E5%A0%87%E8%8F%9C%20%E6%A4%8D%E7%89%A9%E7%95%8C%20%E8%8F%AB%E8%8F%9C%20%E8%8F%AB%E8%8F%9C%E5%B1%AC HTTP/1.1" 200 31137
217.69.133.9 - - [14/Jul/2015:01:07:50 +0800] "GET /content/subject/resource_content.jsp?oid=16797246&queryType=qc HTTP/1.1" 200 43650
157.55.39.22 - - [14/Jul/2015:01:08:21 +0800] "GET /content/nav/relationSubject.jsp?relationWords=%E6%93%AC%E9%B1%B8+%E6%B2%88%E6%B0%8F+%E7%8B%97%E6%AF%8D%E9%AD%9A+%E7%B5%A8%E6%AF%9B%E9%AF%8A+%E8%A3%B8%E8%83%B8%E9%AF%99+%E9%82%B5%E6%B0%8F+%E9%A6%AC%E5%8F%A3%E9%AD%9A+%E9%AE%9F%E9%B1%87+%E9%BB%91%E7%89%99%E6%A3%98%E8%8C%84%E9%AD%9A+&oid=16777488 HTTP/1.1" 200 5100
66.249.71.127 - - [14/Jul/2015:01:08:40 +0800] "GET /content/nav/relationSubject.jsp?relationWords=%E5%85%B1%E6%A6%AE+%E5%95%86%E8%A1%8C+%E5%BB%BA%E6%98%A5%E5%95%86%E8%A1%8C+%E6%98%8E%E4%BF%A1%E7%89%87+%E6%9D%9C%E9%A6%99+%E6%9D%9C%E9%A6%99%E5%9C%8B+&oid=1887565 HTTP/1.1" 200 4312
66.249.71.127 - - [14/Jul/2015:01:08:41 +0800] "GET /content/nav/relationSubject.jsp?relationWords=%E5%85%B1%E6%A6%AE%20%E5%95%86%E8%A1%8C%20%E5%BB%BA%E6%98%A5%E5%95%86%E8%A1%8C%20%E6%98%8E%E4%BF%A1%E7%89%87%20%E6%9D%9C%E9%A6%99%20%E6%9D%9C%E9%A6%99%E5%9C%8B%20&oid=1887565 HTTP/1.1" 200 4312
207.46.13.32 - - [14/Jul/2015:01:09:36 +0800] "GET /digiarch_en/content/subject/resource_content.jsp?oid=16777364&querytype=qc HTTP/1.1" 200 29858
66.249.71.23 - - [14/Jul/2015:01:11:08 +0800] "GET /digiarch3/content/repository/resource_content.jsp?oid=2152078&queryString=%E7%B4%85%E6%A5%A0%20%E8%B1%AC%E8%85%B3%E6%A5%A0 HTTP/1.1" 200 30978
66.249.71.72 - - [14/Jul/2015:01:16:48 +0800] "GET /content/nav/relationSubject.jsp?relationWords=%E5%9C%8B%E9%9A%9B%E6%80%A7%20&oid=1548124 HTTP/1.1" 200 6344
66.249.71.105 - - [14/Jul/2015:01:16:51 +0800] "GET /content/nav/relationSubject.jsp?relationWords=%E8%9D%B4%E8%9D%B6%E9%AD%9A+%E9%8F%A1%E6%96%91%E8%9D%B4%E8%9D%B6%E9%AD%9A+&oid=33554736 HTTP/1.1" 200 3404
123.125.71.96 - - [14/Jul/2015:01:17:01 +0800] "GET /content/repository/resource_content.jsp?oid=1557222 HTTP/1.1" 200 29087
66.249.71.121 - - [14/Jul/2015:01:17:34 +0800] "GET /content/nav/relationSubject.jsp?relationWords=%E8%9D%B4%E8%9D%B6%E9%AD%9A%20%E9%8F%A1%E6%96%91%E8%9D%B4%E8%9D%B6%E9%AD%9A%20&oid=33554736 HTTP/1.1" 200 3404
66.249.71.119 - - [14/Jul/2015:01:18:58 +0800] "GET /content/repository/resource_content.jsp?oid=1515749&queryString=%E5%A4%9A%E5%AA%92%E9%AB%94%20%E5%AA%92%E9%AB%94 HTTP/1.1" 200 29149
66.249.71.60 - - [14/Jul/2015:01:19:33 +0800] "GET /content/nav/relationSubject.jsp?relationWords=%E5%B5%8C%E7%89%87+&oid=1868733 HTTP/1.1" 200 2987
66.249.71.60 - - [14/Jul/2015:01:19:35 +0800] "GET /content/nav/relationSubject.jsp?relationWords=%E5%B5%8C%E7%89%87%20&oid=1868733 HTTP/1.1" 200 2987
66.249.71.3 - - [14/Jul/2015:01:19:40 +0800] "GET /content/nav/relationSubject.jsp?relationWords=%E8%BB%8D%E8%A3%9D+%E8%BB%8D%E8%A3%9D%E4%BA%8B+&oid=2672708 HTTP/1.1" 200 3149
66.249.71.119 - - [14/Jul/2015:01:19:44 +0800] "GET /content/nav/relationSubject.jsp?relationWords=%E8%BB%8D%E8%A3%9D%20%E8%BB%8D%E8%A3%9D%E4%BA%8B%20&oid=2672708 HTTP/1.1" 200 3149
220.136.64.82 - - [14/Jul/2015:01:19:53 +0800] "GET /content/nav/relationSubject.jsp?relationWords=%E6%9C%A8%E7%8A%80+%E6%A1%82%E8%8A%B1+&oid=16777255 HTTP/1.1" 200 4029
66.249.71.72 - - [14/Jul/2015:01:20:35 +0800] "GET /content/nav/relationSubject.jsp?relationWords=%E4%BF%B1%E6%A8%82%E9%83%A8%20%E6%84%9B%E5%9C%8B%E5%A9%A6%E4%BA%BA%E6%9C%83%20%E6%A1%94%E6%A2%97%20&oid=16777660 HTTP/1.1" 200 3783
66.249.71.14 - - [14/Jul/2015:01:20:58 +0800] "GET /digiarch3/content/nav/relationSubject.jsp?relationWords=%E5%BD%A9%E7%B9%AA+&oid=16777833 HTTP/1.1" 200 4749
66.249.71.64 - - [14/Jul/2015:01:21:21 +0800] "GET /content/nav/relationSubject.jsp?relationWords=%E5%84%AA%E6%83%A0%E5%AD%98%E6%AC%BE+%E5%85%AC%E5%85%B1%E8%A8%AD%E6%96%BD+%E5%8F%83%E6%94%BF%E6%AC%8A+%E5%B0%91%E5%B9%B4%E7%8A%AF+%E5%B7%A5%E5%8F%8B+%E5%BB%BA%E7%89%A9%E6%89%80%E6%9C%89%E6%AC%8A+%E6%89%80%E6%9C%89%E6%AC%8A%E4%BA%BA+%E6%8A%80%E5%B7%A5+%E6%95%99%E8%82%B2%E4%BA%BA%E5%93%A1+%E6%96%B0%E7%AB%B9%E7%A7%91%E5%AD%B8%E5%9C%92%E5%8D%80+%E6%AE%98%E9%9A%9C%E4%BA%BA%E5%A3%AB+%E7%B4%85%E5%94%87%E6%97%8F+%E8%87%BA%E7%B3%96+%E8%AD%A6%E5%AF%9F+&oid=1598071 HTTP/1.1" 200 6387
66.249.71.64 - - [14/Jul/2015:01:21:23 +0800] "GET /content/nav/relationSubject.jsp?relationWords=%E5%84%AA%E6%83%A0%E5%AD%98%E6%AC%BE%20%E5%85%AC%E5%85%B1%E8%A8%AD%E6%96%BD%20%E5%8F%83%E6%94%BF%E6%AC%8A%20%E5%B0%91%E5%B9%B4%E7%8A%AF%20%E5%B7%A5%E5%8F%8B%20%E5%BB%BA%E7%89%A9%E6%89%80%E6%9C%89%E6%AC%8A%20%E6%89%80%E6%9C%89%E6%AC%8A%E4%BA%BA%20%E6%8A%80%E5%B7%A5%20%E6%95%99%E8%82%B2%E4%BA%BA%E5%93%A1%20%E6%96%B0%E7%AB%B9%E7%A7%91%E5%AD%B8%E5%9C%92%E5%8D%80%20%E6%AE%98%E9%9A%9C%E4%BA%BA%E5%A3%AB%20%E7%B4%85%E5%94%87%E6%97%8F%20%E8%87%BA%E7%B3%96%20%E8%AD%A6%E5%AF%9F%20&oid=1598071 HTTP/1.1" 200 6387
66.249.71.64 - - [14/Jul/2015:01:22:32 +0800] "GET /content/nav/relationSubject.jsp?relationWords=%E4%BF%A1%E7%94%A8%E9%83%A8+%E5%93%81%E8%B3%AA+%E5%AE%9C%E7%89%A7+%E5%B1%B1%E5%9D%A1%E5%9C%B0+%E5%BB%A3%E6%92%AD+%E5%BB%BA%E4%B8%AD+%E6%99%AE%E6%9F%A5+%E6%9E%97%E9%87%8E+%E6%9F%91%E6%A1%94+%E6%B0%B4%E5%9C%9F+%E6%B0%B4%E5%9C%9F%E4%BF%9D%E6%8C%81+%E7%94%9F%E7%94%A2%E6%88%90%E6%9C%AC+%E7%95%9C%E7%89%A7+%E7%99%BC%E6%B5%B7+%E7%9B%AE%E6%A8%99+%E7%B5%90%E8%AA%9E+%E7%B6%93%E6%BF%9F%E5%BB%BA%E8%A8%AD+%E8%87%BA%E7%81%A3%E7%9C%81+%E8%94%97%E7%B3%96+%E8%B3%87%E6%BA%90%E9%96%8B%E7%99%BC+%E8%BE%B2%E6%9C%83%E4%BF%A1%E7%94%A8%E9%83%A8+%E8%BE%B2%E6%9E%97+%E8%BE%B2%E6%9E%97%E5%BB%B3+%E8%BE%B2%E7%89%A7+%E8%BE%B2%E7%89%A7%E5%B1%80+%E9%80%A0%E6%9E%97+%E9%85%AA%E8%BE%B2+%E9%87%91%E9%99%BD%E9%8E%AC+%E9%98%B2%E6%B3%A2%E5%A0%A4+%E9%99%BD%E9%8E%AC+%E9%9B%9C%E7%B3%A7+&oid=1546325 HTTP/1.1" 200 9039
66.249.71.60 - - [14/Jul/2015:01:22:35 +0800] "GET /content/nav/relationSubject.jsp?relationWords=%E4%BF%A1%E7%94%A8%E9%83%A8%20%E5%93%81%E8%B3%AA%20%E5%AE%9C%E7%89%A7%20%E5%B1%B1%E5%9D%A1%E5%9C%B0%20%E5%BB%A3%E6%92%AD%20%E5%BB%BA%E4%B8%AD%20%E6%99%AE%E6%9F%A5%20%E6%9E%97%E9%87%8E%20%E6%9F%91%E6%A1%94%20%E6%B0%B4%E5%9C%9F%20%E6%B0%B4%E5%9C%9F%E4%BF%9D%E6%8C%81%20%E7%94%9F%E7%94%A2%E6%88%90%E6%9C%AC%20%E7%95%9C%E7%89%A7%20%E7%99%BC%E6%B5%B7%20%E7%9B%AE%E6%A8%99%20%E7%B5%90%E8%AA%9E%20%E7%B6%93%E6%BF%9F%E5%BB%BA%E8%A8%AD%20%E8%87%BA%E7%81%A3%E7%9C%81%20%E8%94%97%E7%B3%96%20%E8%B3%87%E6%BA%90%E9%96%8B%E7%99%BC%20%E8%BE%B2%E6%9C%83%E4%BF%A1%E7%94%A8%E9%83%A8%20%E8%BE%B2%E6%9E%97%20%E8%BE%B2%E6%9E%97%E5%BB%B3%20%E8%BE%B2%E7%89%A7%20%E8%BE%B2%E7%89%A7%E5%B1%80%20%E9%80%A0%E6%9E%97%20%E9%85%AA%E8%BE%B2%20%E9%87%91%E9%99%BD%E9%8E%AC%20%E9%98%B2%E6%B3%A2%E5%A0%A4%20%E9%99%BD%E9%8E%AC%20%E9%9B%9C%E7%B3%A7%20&oid=1546325 HTTP/1.1" 200 9039
66.249.71.64 - - [14/Jul/2015:01:24:03 +0800] "GET /content/nav/relationSubject.jsp?relationWords=&oid=1594773 HTTP/1.1" 200 1405
66.249.71.14 - - [14/Jul/2015:01:25:55 +0800] "GET /digiarch3/content/nav/relationSubject.jsp?relationWords=%E6%A4%8D%E7%89%A9%E7%95%8C+%E7%8E%89%E5%B1%B1%E8%96%84%E9%9B%AA%E8%8D%89+%E8%8F%8A%E7%A7%91+%E8%96%84%E9%9B%AA%E8%8D%89%E5%B1%AC+%E9%9B%99%E5%AD%90%E8%91%89%E6%A4%8D%E7%89%A9+&oid=1098435 HTTP/1.1" 200 4243
66.249.71.14 - - [14/Jul/2015:01:25:59 +0800] "GET /digiarch3/content/nav/relationSubject.jsp?relationWords=%E6%A4%8D%E7%89%A9%E7%95%8C%20%E7%8E%89%E5%B1%B1%E8%96%84%E9%9B%AA%E8%8D%89%20%E8%8F%8A%E7%A7%91%20%E8%96%84%E9%9B%AA%E8%8D%89%E5%B1%AC%20%E9%9B%99%E5%AD%90%E8%91%89%E6%A4%8D%E7%89%A9%20&oid=1098435 HTTP/1.1" 200 4243
66.249.71.121 - - [14/Jul/2015:01:26:41 +0800] "GET /content/nav/relationSubject.jsp?relationWords=%E4%BA%BA%E5%90%8D%E6%AC%8A%E5%A8%81%20%E8%89%BE%E6%96%AF%E6%95%A6%20%E9%99%B3%E8%B2%BD%E7%AF%84%20&oid=653923 HTTP/1.1" 200 3329
66.249.71.14 - - [14/Jul/2015:01:26:47 +0800] "GET /content/tmp_exh/resource_content.jsp?oid=16777813&queryType=qc HTTP/1.1" 200 39072
66.249.71.60 - - [14/Jul/2015:01:28:08 +0800] "GET /content/nav/relationSubject.jsp?relationWords=&oid=2576942 HTTP/1.1" 200 1405
66.249.71.127 - - [14/Jul/2015:01:29:12 +0800] "GET /content/nav/relationSubject.jsp?relationWords=%E5%A4%AA%E7%9A%87%E5%A4%AA%E5%90%8E+%E7%9A%87%E5%A4%AA%E5%90%8E+&oid=2664202 HTTP/1.1" 200 4068
66.249.71.119 - - [14/Jul/2015:01:29:15 +0800] "GET /content/nav/relationSubject.jsp?relationWords=%E5%A4%AA%E7%9A%87%E5%A4%AA%E5%90%8E%20%E7%9A%87%E5%A4%AA%E5%90%8E%20&oid=2664202 HTTP/1.1" 200 4068
66.249.71.60 - - [14/Jul/2015:01:31:40 +0800] "GET /content/repository/resource_content.jsp?oid=1901009&queryString=%E6%B1%BA%E7%AE%97%20%E8%87%BA%E4%B8%AD%E6%B8%AF%20%E8%87%BA%E7%81%A3%E7%9C%81%E5%AF%A9%E8%A8%88%E8%99%95%20%E8%99%95%E9%95%B7 HTTP/1.1" 200 30522
66.249.71.127 - - [14/Jul/2015:01:31:40 +0800] "GET /content/nav/relationSubject.jsp?relationWords=%E5%9C%9F%E5%90%8D+%E9%8C%A6%E8%91%B5%E7%A7%91+&oid=4359811 HTTP/1.1" 200 3419
66.249.71.127 - - [14/Jul/2015:01:31:41 +0800] "GET /content/nav/relationSubject.jsp?relationWords=%E5%9C%9F%E5%90%8D%20%E9%8C%A6%E8%91%B5%E7%A7%91%20&oid=4359811 HTTP/1.1" 200 3419
66.249.71.113 - - [14/Jul/2015:01:32:18 +0800] "GET /content/nav/relationSubject.jsp?relationWords=%E5%B7%A5%E9%83%A8+%E6%98%AD%E5%BF%A0+%E6%98%AD%E5%BF%A0%E7%A5%A0+&oid=2683170 HTTP/1.1" 200 3153
66.249.71.113 - - [14/Jul/2015:01:32:20 +0800] "GET /content/nav/relationSubject.jsp?relationWords=%E5%B7%A5%E9%83%A8%20%E6%98%AD%E5%BF%A0%20%E6%98%AD%E5%BF%A0%E7%A5%A0%20&oid=2683170 HTTP/1.1" 200 3153
220.181.108.115 - - [14/Jul/2015:01:32:40 +0800] "GET /content/repository/resource_content.jsp?oid=570448 HTTP/1.1" 200 28190
157.55.39.22 - - [14/Jul/2015:01:34:20 +0800] "GET /content/repository/resource_content.jsp?oid=2144600 HTTP/1.1" 200 30877
66.249.71.60 - - [14/Jul/2015:01:34:37 +0800] "GET /content/subject/resource_content.jsp?oid=16777581&queryType=qs&queryString=%E5%8A%89%E5%82%B3%E4%BE%86 HTTP/1.1" 200 48347
66.249.71.14 - - [14/Jul/2015:01:36:39 +0800] "GET /content/nav/relationSubject.jsp?relationWords=%E7%9F%B3%E6%9D%B5+&oid=1780543 HTTP/1.1" 200 2957
66.249.71.23 - - [14/Jul/2015:01:36:41 +0800] "GET /content/nav/relationSubject.jsp?relationWords=%E7%9F%B3%E6%9D%B5%20&oid=1780543 HTTP/1.1" 200 2957
66.249.71.105 - - [14/Jul/2015:01:37:34 +0800] "GET /content/nav/relationSubject.jsp?relationWords=%E5%A5%A7%E5%83%91%E5%AE%89%E6%A0%BC%E6%96%AF+%E9%81%BA%E7%94%A2%E7%B9%BC%E6%89%BF+&oid=744453 HTTP/1.1" 200 4104
66.249.71.113 - - [14/Jul/2015:01:37:36 +0800] "GET /content/nav/relationSubject.jsp?relationWords=%E5%A5%A7%E5%83%91%E5%AE%89%E6%A0%BC%E6%96%AF%20%E9%81%BA%E7%94%A2%E7%B9%BC%E6%89%BF%20&oid=744453 HTTP/1.1" 200 4104
66.249.71.72 - - [14/Jul/2015:01:37:59 +0800] "GET /content/nav/relationSubject.jsp?relationWords=%E4%BA%BA%E5%A3%BD%E4%BF%9D%E9%9A%AA+%E4%BF%9D%E9%9A%AA%E9%87%91+%E5%98%89%E7%BE%A9%E7%B8%A3%E8%AD%B0%E6%9C%83+%E5%A4%96%E4%BA%A4%E9%83%A8+%E7%9C%81%E6%94%BF%E5%BA%9C+%E8%87%BA%E7%81%A3%E7%9C%81%E8%AD%B0%E6%9C%83+&oid=1530811 HTTP/1.1" 200 4782
66.249.71.64 - - [14/Jul/2015:01:38:01 +0800] "GET /content/nav/relationSubject.jsp?relationWords=%E4%BA%BA%E5%A3%BD%E4%BF%9D%E9%9A%AA%20%E4%BF%9D%E9%9A%AA%E9%87%91%20%E5%98%89%E7%BE%A9%E7%B8%A3%E8%AD%B0%E6%9C%83%20%E5%A4%96%E4%BA%A4%E9%83%A8%20%E7%9C%81%E6%94%BF%E5%BA%9C%20%E8%87%BA%E7%81%A3%E7%9C%81%E8%AD%B0%E6%9C%83%20&oid=1530811 HTTP/1.1" 200 4782
66.249.71.119 - - [14/Jul/2015:01:39:00 +0800] "GET /content/nav/relationSubject.jsp?relationWords=%E6%8A%80%E5%B7%A5+%E8%87%A8%E6%99%82%E7%9C%81%E8%AD%B0%E6%9C%83+%E8%87%BA%E7%81%A3%E7%9C%81+%E8%A7%80%E6%88%B2+%E9%AB%98%E9%9B%84%E7%B8%A3%E8%AD%B0%E6%9C%83+&oid=1543553 HTTP/1.1" 200 4573
66.249.71.127 - - [14/Jul/2015:01:39:02 +0800] "GET /content/nav/relationSubject.jsp?relationWords=%E6%8A%80%E5%B7%A5%20%E8%87%A8%E6%99%82%E7%9C%81%E8%AD%B0%E6%9C%83%20%E8%87%BA%E7%81%A3%E7%9C%81%20%E8%A7%80%E6%88%B2%20%E9%AB%98%E9%9B%84%E7%B8%A3%E8%AD%B0%E6%9C%83%20&oid=1543553 HTTP/1.1" 200 4573
66.249.71.72 - - [14/Jul/2015:01:39:03 +0800] "GET /content/nav/relationSubject.jsp?relationWords=&oid=2546264 HTTP/1.1" 200 1405
123.125.71.109 - - [14/Jul/2015:01:42:04 +0800] "GET /digiarch_en/content/subject/resource_content.jsp?oid=16777441&queryType=qc HTTP/1.1" 200 20240
66.249.71.72 - - [14/Jul/2015:01:42:27 +0800] "GET /content/repository/resource_content.jsp?oid=1893711 HTTP/1.1" 200 28774
220.181.108.110 - - [14/Jul/2015:01:44:27 +0800] "GET /digiarch_en/content/subject/resource_content.jsp?oid=16777740&queryType=qc HTTP/1.1" 200 38591
66.249.71.23 - - [14/Jul/2015:01:44:59 +0800] "GET /content/nav/relationSubject.jsp?relationWords=%E5%8D%B7%E9%A6%96+&oid=4467754 HTTP/1.1" 200 2927
66.249.71.14 - - [14/Jul/2015:01:45:01 +0800] "GET /content/nav/relationSubject.jsp?relationWords=%E5%8D%B7%E9%A6%96%20&oid=4467754 HTTP/1.1" 200 2927
123.125.71.49 - - [14/Jul/2015:01:45:38 +0800] "GET /content/repository/resource_content.jsp?oid=2608824 HTTP/1.1" 200 29839
66.249.71.127 - - [14/Jul/2015:01:46:21 +0800] "GET /content/repository/resource_content.jsp?oid=4470382&queryType=qs&queryString=%E8%95%83%E7%AB%A5 HTTP/1.1" 200 33006
2.241.106.130 - - [14/Jul/2015:01:47:06 +0800] "GET /content/repository/resource_content.jsp?oid=1810598&queryString=%E5%B0%91%E5%AE%A4%E8%A5%BF%E9%97%95%20%E6%BC%A2%E9%99%BD%20%E7%A5%9E%E9%81%93%20%E9%9B%B6%E9%99%B5 HTTP/1.1" 200 32568
37.201.214.192 - - [14/Jul/2015:01:47:52 +0800] "GET /content/nav/relationSubject.jsp?relationWords=&oid=16777600 HTTP/1.1" 200 1405
66.249.71.72 - - [14/Jul/2015:01:48:00 +0800] "GET /content/nav/relationSubject.jsp?relationWords=%E6%89%93%E9%90%B5%E5%A9%86+%E6%9D%BE%E9%AF%9B+%E9%AF%9B%E7%A7%91+%E9%B1%B8%E9%AD%9A+&oid=4353049 HTTP/1.1" 200 3432
66.249.71.64 - - [14/Jul/2015:01:48:01 +0800] "GET /content/nav/relationSubject.jsp?relationWords=%E6%89%93%E9%90%B5%E5%A9%86%20%E6%9D%BE%E9%AF%9B%20%E9%AF%9B%E7%A7%91%20%E9%B1%B8%E9%AD%9A%20&oid=4353049 HTTP/1.1" 200 3432
59.126.130.159 - - [14/Jul/2015:01:48:57 +0800] "GET /content/repository/resource_content.jsp?oid=1579957 HTTP/1.1" 200 28684
59.126.130.159 - - [14/Jul/2015:01:48:59 +0800] "GET /content/nav/relationSubject.jsp?relationWords=%E7%83%8F%E6%97%A5+%E7%9C%81%E8%AD%B0%E6%9C%83+&oid=1579957 HTTP/1.1" 200 5515
66.249.71.60 - - [14/Jul/2015:01:49:40 +0800] "GET /content/nav/relationSubject.jsp?relationWords=&oid=2601202 HTTP/1.1" 200 1405
66.249.71.127 - - [14/Jul/2015:01:50:16 +0800] "GET /content/repository/resource_content.jsp?oid=1894399&queryString=%E5%AE%8B%E8%89%BE%E5%85%8B%20%E8%B6%99%E8%89%AF%E7%87%95%20%E9%82%B1%E9%8F%A1%E6%B7%B3%20%E9%99%B3%E8%B6%85%E6%98%8E HTTP/1.1" 200 29176
66.249.71.45 - - [14/Jul/2015:01:50:36 +0800] "GET /content/nav/relationSubject.jsp?relationWords=&oid=16777342 HTTP/1.1" 200 1405
220.181.108.182 - - [14/Jul/2015:01:52:10 +0800] "GET /content/repository/resource_content.jsp?oid=1622192 HTTP/1.1" 200 29013
66.249.71.72 - - [14/Jul/2015:01:52:56 +0800] "GET /content/nav/relationSubject.jsp?relationWords=&oid=624876 HTTP/1.1" 200 1405
66.249.71.60 - - [14/Jul/2015:01:53:13 +0800] "GET /content/nav/relationSubject.jsp?relationWords=%E6%A4%8D%E7%89%A9%E7%95%8C+%E6%BE%A4%E8%98%AD%E5%B1%AC+%E8%85%BA%E8%91%89%E6%BE%A4%E8%98%AD+%E8%8F%8A%E7%A7%91+%E9%9B%99%E5%AD%90%E8%91%89%E6%A4%8D%E7%89%A9+&oid=1104558 HTTP/1.1" 200 3331
66.249.71.60 - - [14/Jul/2015:01:53:20 +0800] "GET /content/nav/relationSubject.jsp?relationWords=%E6%A4%8D%E7%89%A9%E7%95%8C%20%E6%BE%A4%E8%98%AD%E5%B1%AC%20%E8%85%BA%E8%91%89%E6%BE%A4%E8%98%AD%20%E8%8F%8A%E7%A7%91%20%E9%9B%99%E5%AD%90%E8%91%89%E6%A4%8D%E7%89%A9%20&oid=1104558 HTTP/1.1" 200 3331
66.249.71.64 - - [14/Jul/2015:01:53:34 +0800] "GET /content/nav/relationSubject.jsp?relationWords=&oid=1774616 HTTP/1.1" 200 1405
66.249.71.14 - - [14/Jul/2015:01:55:00 +0800] "GET /digiarch3/content/nav/relationSubject.jsp?relationWords=%E5%B9%B3%E9%B0%AD%E9%B0%8D%E7%A7%91+%E7%9F%B3%E8%B2%BC%E4%BB%94+&oid=14419 HTTP/1.1" 200 3484
66.249.71.23 - - [14/Jul/2015:01:55:01 +0800] "GET /digiarch3/content/nav/relationSubject.jsp?relationWords=%E5%B9%B3%E9%B0%AD%E9%B0%8D%E7%A7%91%20%E7%9F%B3%E8%B2%BC%E4%BB%94%20&oid=14419 HTTP/1.1" 200 3484
66.249.71.119 - - [14/Jul/2015:01:55:23 +0800] "GET /content/nav/relationSubject.jsp?relationWords=%E4%BF%B8%E4%BA%8B+%E7%BD%B0%E4%BF%B8+&oid=2681243 HTTP/1.1" 200 4888
66.249.71.3 - - [14/Jul/2015:01:55:25 +0800] "GET /content/nav/relationSubject.jsp?relationWords=%E4%BF%B8%E4%BA%8B%20%E7%BD%B0%E4%BF%B8%20&oid=2681243 HTTP/1.1" 200 4888
123.125.71.106 - - [14/Jul/2015:01:56:38 +0800] "GET /content/subject/resource_content.jsp?oid=16777650&queryType=qc%3E HTTP/1.1" 200 26349
66.249.71.60 - - [14/Jul/2015:01:56:49 +0800] "GET /content/nav/relationSubject.jsp?relationWords=&oid=2605548 HTTP/1.1" 200 1405
66.249.71.64 - - [14/Jul/2015:01:58:06 +0800] "GET /content/repository/resource_content.jsp?oid=2641896 HTTP/1.1" 200 30083
66.249.71.45 - - [14/Jul/2015:02:00:30 +0800] "GET /content/nav/relationSubject.jsp?relationWords=&oid=2674691 HTTP/1.1" 200 1405
218.109.14.163 - - [14/Jul/2015:02:01:13 +0800] "GET /content/tmp_tec/resource_content.jsp?oid=16777753 HTTP/1.1" 200 33895
180.153.214.200 - - [14/Jul/2015:02:01:16 +0800] "GET /content/tmp_tec/resource_content.jsp?oid=16777753 HTTP/1.1" 200 33895
66.249.71.60 - - [14/Jul/2015:02:01:33 +0800] "GET /content/nav/relationSubject.jsp?relationWords=%E5%9B%B0%E9%9B%A3%E6%A1%88+%E5%B8%83%E6%A5%AD+%E7%BE%8E%E6%8F%B4%E6%9C%83+&oid=1541546 HTTP/1.1" 200 3357
66.249.71.64 - - [14/Jul/2015:02:01:36 +0800] "GET /content/nav/relationSubject.jsp?relationWords=%E5%9B%B0%E9%9B%A3%E6%A1%88%20%E5%B8%83%E6%A5%AD%20%E7%BE%8E%E6%8F%B4%E6%9C%83%20&oid=1541546 HTTP/1.1" 200 3357
66.249.71.60 - - [14/Jul/2015:02:01:55 +0800] "GET /content/nav/relationSubject.jsp?relationWords=%E4%BA%8C%E6%9E%97+%E6%94%BE%E7%A7%9F+%E6%9E%97%E5%8B%99%E5%B1%80+%E9%80%A0%E6%9E%97+%E9%A0%AD%E5%9F%8E%E9%8E%AE+&oid=1565868 HTTP/1.1" 200 4525
66.249.71.60 - - [14/Jul/2015:02:01:58 +0800] "GET /content/nav/relationSubject.jsp?relationWords=%E4%BA%8C%E6%9E%97%20%E6%94%BE%E7%A7%9F%20%E6%9E%97%E5%8B%99%E5%B1%80%20%E9%80%A0%E6%9E%97%20%E9%A0%AD%E5%9F%8E%E9%8E%AE%20&oid=1565868 HTTP/1.1" 200 4525
66.249.71.60 - - [14/Jul/2015:02:01:59 +0800] "GET /content/nav/relationSubject.jsp?relationWords=%E5%BD%88%E5%A1%97%E9%AD%9A+%E8%99%8E%E7%A7%91+&oid=4352790 HTTP/1.1" 200 3289
66.249.71.60 - - [14/Jul/2015:02:02:00 +0800] "GET /content/repository/resource_content.jsp?oid=2558306 HTTP/1.1" 200 29046
66.249.71.72 - - [14/Jul/2015:02:02:01 +0800] "GET /content/nav/relationSubject.jsp?relationWords=%E5%BD%88%E5%A1%97%E9%AD%9A%20%E8%99%8E%E7%A7%91%20&oid=4352790 HTTP/1.1" 200 3289
220.181.108.97 - - [14/Jul/2015:02:03:06 +0800] "GET /content/subject/resource_content.jsp?oid=16777582&queryType=qc HTTP/1.1" 200 28896
66.249.71.60 - - [14/Jul/2015:02:04:04 +0800] "GET /content/nav/relationSubject.jsp?relationWords=%E6%AA%A2%E8%A8%8E%E6%9C%83+%E7%9C%81%E8%AD%B0%E6%9C%83+%E8%87%BA%E7%81%A3%E7%9C%81+%E8%87%BA%E7%81%A3%E7%9C%81%E8%AD%B0%E6%9C%83+%E8%91%A3%E9%8C%A6%E6%A8%B9+%E8%B2%A1%E7%A8%85+&oid=1895590 HTTP/1.1" 200 5411
66.249.71.60 - - [14/Jul/2015:02:04:06 +0800] "GET /content/nav/relationSubject.jsp?relationWords=%E6%AA%A2%E8%A8%8E%E6%9C%83%20%E7%9C%81%E8%AD%B0%E6%9C%83%20%E8%87%BA%E7%81%A3%E7%9C%81%20%E8%87%BA%E7%81%A3%E7%9C%81%E8%AD%B0%E6%9C%83%20%E8%91%A3%E9%8C%A6%E6%A8%B9%20%E8%B2%A1%E7%A8%85%20&oid=1895590 HTTP/1.1" 200 5411
66.249.71.119 - - [14/Jul/2015:02:04:20 +0800] "GET /content/nav/relationSubject.jsp?relationWords=%E4%BD%95%E6%B0%8F+%E4%BD%95%E6%B0%8F%E6%A3%98+%E9%AF%89%E7%A7%91+&oid=4352019 HTTP/1.1" 200 4047
66.249.71.3 - - [14/Jul/2015:02:04:25 +0800] "GET /content/nav/relationSubject.jsp?relationWords=%E4%BD%95%E6%B0%8F%20%E4%BD%95%E6%B0%8F%E6%A3%98%20%E9%AF%89%E7%A7%91%20&oid=4352019 HTTP/1.1" 200 4047
66.249.71.23 - - [14/Jul/2015:02:04:53 +0800] "GET /digiarch3/content/nav/relationSubject.jsp?relationWords=%E5%AD%9A%E4%BD%91%E5%B8%9D%E5%90%9B+%E6%8C%87%E5%8D%97%E5%AE%AE+&oid=4363114 HTTP/1.1" 200 2185
66.249.71.5 - - [14/Jul/2015:02:04:55 +0800] "GET /digiarch3/content/nav/relationSubject.jsp?relationWords=%E5%AD%9A%E4%BD%91%E5%B8%9D%E5%90%9B%20%E6%8C%87%E5%8D%97%E5%AE%AE%20&oid=4363114 HTTP/1.1" 200 2185
66.249.71.127 - - [14/Jul/2015:02:05:06 +0800] "GET /content/nav/relationSubject.jsp?relationWords=%E5%89%AF%E7%9C%B6%E6%A3%98%E9%B1%B8+%E6%A9%AB%E5%B8%B6+%E6%A9%AB%E5%B8%B6%E8%B5%A4%E5%B0%BE%E5%86%AC+%E7%B4%85%E5%B0%BE+%E7%B4%85%E5%B0%BE%E5%86%AC%E4%BB%94+%E8%B5%A4%E5%B0%BE%E5%86%AC+%E9%87%91%E7%B7%9A%E9%AD%9A+%E9%87%91%E7%B7%9A%E9%AD%9A%E7%A7%91+&oid=15423 HTTP/1.1" 200 3781
66.249.71.3 - - [14/Jul/2015:02:05:08 +0800] "GET /content/nav/relationSubject.jsp?relationWords=%E5%89%AF%E7%9C%B6%E6%A3%98%E9%B1%B8%20%E6%A9%AB%E5%B8%B6%20%E6%A9%AB%E5%B8%B6%E8%B5%A4%E5%B0%BE%E5%86%AC%20%E7%B4%85%E5%B0%BE%20%E7%B4%85%E5%B0%BE%E5%86%AC%E4%BB%94%20%E8%B5%A4%E5%B0%BE%E5%86%AC%20%E9%87%91%E7%B7%9A%E9%AD%9A%20%E9%87%91%E7%B7%9A%E9%AD%9A%E7%A7%91%20&oid=15423 HTTP/1.1" 200 3781
66.249.71.72 - - [14/Jul/2015:02:05:39 +0800] "GET /content/nav/relationSubject.jsp?relationWords=%E6%9B%B3%E7%B5%B2%20%E6%9B%B3%E7%B5%B2%E9%B0%8F%20&oid=16777425 HTTP/1.1" 200 3874
66.249.71.14 - - [14/Jul/2015:02:05:41 +0800] "GET /digiarch3/content/nav/relationSubject.jsp?relationWords=%E9%AC%AE%E6%9B%B8+&oid=16777611 HTTP/1.1" 200 1878
66.249.71.5 - - [14/Jul/2015:02:05:43 +0800] "GET /digiarch3/content/nav/relationSubject.jsp?relationWords=%E9%AC%AE%E6%9B%B8%20&oid=16777611 HTTP/1.1" 200 1878
66.249.71.119 - - [14/Jul/2015:02:05:50 +0800] "GET /content/nav/relationSubject.jsp?relationWords=%E9%8C%A6%E8%A1%A3%E8%A1%9B+&oid=2676797 HTTP/1.1" 200 3120
66.249.71.119 - - [14/Jul/2015:02:05:52 +0800] "GET /content/nav/relationSubject.jsp?relationWords=%E9%8C%A6%E8%A1%A3%E8%A1%9B%20&oid=2676797 HTTP/1.1" 200 3120
66.249.71.72 - - [14/Jul/2015:02:05:55 +0800] "GET /content/repository/resource_content.jsp?oid=4471386&queryString=%E8%90%AC%E5%9C%8B%E5%8D%9A%E8%A6%BD%E6%9C%83 HTTP/1.1" 200 28851
66.249.71.127 - - [14/Jul/2015:02:08:09 +0800] "GET /content/nav/relationSubject.jsp?relationWords=%E5%8B%9D%E5%88%A9+%E6%9C%A8%E9%9B%95+%E6%9C%A8%E9%9B%95%E7%89%88%E7%95%AB+%E7%89%88%E7%95%AB+&oid=4362610 HTTP/1.1" 200 3104
66.249.71.3 - - [14/Jul/2015:02:08:11 +0800] "GET /content/nav/relationSubject.jsp?relationWords=&oid=2609048 HTTP/1.1" 200 1405
66.249.71.127 - - [14/Jul/2015:02:08:12 +0800] "GET /content/nav/relationSubject.jsp?relationWords=%E5%8B%9D%E5%88%A9%20%E6%9C%A8%E9%9B%95%20%E6%9C%A8%E9%9B%95%E7%89%88%E7%95%AB%20%E7%89%88%E7%95%AB%20&oid=4362610 HTTP/1.1" 200 3104
66.249.71.72 - - [14/Jul/2015:02:08:21 +0800] "GET /content/nav/relationSubject.jsp?relationWords=%E6%8D%B2%E7%AE%A1+%E6%8D%B2%E7%AE%A1%E8%9E%BA+%E7%8E%89%E7%B1%B3+%E7%8E%89%E7%B1%B3%E6%8D%B2%E7%AE%A1%E8%9E%BA+%E7%AE%A1%E8%9E%BA+%E8%85%B9%E8%B6%B3%E7%B6%B1+&oid=523231 HTTP/1.1" 200 3473
66.249.71.60 - - [14/Jul/2015:02:08:24 +0800] "GET /content/nav/relationSubject.jsp?relationWords=%E6%8D%B2%E7%AE%A1%20%E6%8D%B2%E7%AE%A1%E8%9E%BA%20%E7%8E%89%E7%B1%B3%20%E7%8E%89%E7%B1%B3%E6%8D%B2%E7%AE%A1%E8%9E%BA%20%E7%AE%A1%E8%9E%BA%20%E8%85%B9%E8%B6%B3%E7%B6%B1%20&oid=523231 HTTP/1.1" 200 3473
114.45.132.170 - - [14/Jul/2015:02:09:37 +0800] "GET /content/repository/resource_content.jsp?oid=1621341 HTTP/1.1" 200 28567
114.45.132.170 - - [14/Jul/2015:02:09:44 +0800] "GET /content/nav/relationSubject.jsp?relationWords=&oid=1621341 HTTP/1.1" 200 1405
