66.249.77.195 - - [07/Feb/2014:05:56:16 +0800] "GET /content/subject/resource_content.jsp?oid=16777408&queryString=%E5%A5%B3%E6%80%A7%20%E6%94%BF%E6%B2%BB%20%E6%97%A5%E8%A8%98%20%E6%9E%97%E7%8D%BB%E5%A0%82%20%E7%81%8C%E5%9C%92%E5%85%88%E7%94%9F HTTP/1.1" 500 15533
66.249.74.162 - - [07/Feb/2014:05:56:25 +0800] "GET /content/subject/resource_content.jsp?oid=16777386&queryType=qs&queryString=%E5%BE%AE%E7%94%9F%E7%89%A9 HTTP/1.1" 200 37767
180.76.5.171 - - [07/Feb/2014:05:56:44 +0800] "GET /content/tmp_exh/resource_content.jsp?oid=16777735&queryType=qc HTTP/1.1" 200 29875
66.249.77.195 - - [07/Feb/2014:05:57:50 +0800] "GET /content/repository/resource_content.jsp?oid=1517440 HTTP/1.1" 200 27691
66.249.77.195 - - [07/Feb/2014:05:58:45 +0800] "GET /content/repository/resource_content.jsp?oid=2680514&queryString=%E6%92%AB%E6%A8%99%20%E6%AD%A6%E8%81%B7 HTTP/1.1" 200 29539
66.249.74.221 - - [07/Feb/2014:05:59:27 +0800] "GET /content/repository/resource_content.jsp?oid=1462008 HTTP/1.1" 200 30044
66.249.77.195 - - [07/Feb/2014:05:59:51 +0800] "GET /content/repository/resource_content.jsp?oid=1457092 HTTP/1.1" 200 29759
66.249.77.195 - - [07/Feb/2014:06:00:15 +0800] "GET /content/repository/resource_content.jsp?oid=1551221 HTTP/1.1" 200 27893
66.249.77.195 - - [07/Feb/2014:06:01:03 +0800] "GET /content/repository/resource_content.jsp?oid=1778425 HTTP/1.1" 200 38207
66.249.77.195 - - [07/Feb/2014:06:01:27 +0800] "GET /content/repository/resource_content.jsp?oid=1888013 HTTP/1.1" 200 28854
66.249.77.195 - - [07/Feb/2014:06:01:43 +0800] "GET /content/repository/resource_content.jsp?oid=1542537 HTTP/1.1" 200 28054
66.249.77.195 - - [07/Feb/2014:06:02:05 +0800] "GET /content/repository/resource_content.jsp?oid=2680602&queryString=%E5%83%B9%E9%8A%80%20%E8%85%B3%E5%83%B9 HTTP/1.1" 200 29384
66.249.77.195 - - [07/Feb/2014:06:03:28 +0800] "GET /content/repository/resource_content.jsp?oid=1530631 HTTP/1.1" 200 27676
66.249.77.195 - - [07/Feb/2014:06:03:54 +0800] "GET /content/nav/relationSubject.jsp?relationWords=%E5%A4%AA%E5%A6%83+%E7%A6%AE%E9%83%A8+%E7%B4%A0%E6%9C%8D+%E9%87%91%E6%A3%BA+&oid=2680125 HTTP/1.1" 200 3173
66.249.74.221 - - [07/Feb/2014:06:04:17 +0800] "GET /content/repository/resource_content.jsp?oid=2148241 HTTP/1.1" 200 29586
66.249.77.195 - - [07/Feb/2014:06:05:25 +0800] "GET /content/repository/resource_content.jsp?oid=2680653&queryString=%E5%9D%90%E5%90%8D HTTP/1.1" 200 29386
66.249.77.195 - - [07/Feb/2014:06:05:29 +0800] "GET /content/repository/resource_content.jsp?oid=1616298 HTTP/1.1" 200 28044
66.249.77.195 - - [07/Feb/2014:06:06:17 +0800] "GET /content/subject/resource_content.jsp?oid=16777221&queryString=%E6%8B%93%E7%89%87 HTTP/1.1" 200 22713
66.249.77.195 - - [07/Feb/2014:06:06:24 +0800] "GET /content/nav/relationSubject.jsp?relationWords=%E5%90%8D%E6%95%95+%E5%90%8D%E6%95%95%E6%9B%B8+%E5%9D%90%E5%90%8D+%E5%9D%90%E5%90%8D%E6%95%95%E6%9B%B8+%E6%95%95%E6%9B%B8+%E7%A6%AE%E9%83%A8+&oid=2680653 HTTP/1.1" 200 3306
66.249.77.195 - - [07/Feb/2014:06:06:25 +0800] "GET /content/nav/relationSubject.jsp?relationWords=%E5%B4%87%E6%96%87+%E6%8F%90%E7%9D%A3+%E8%83%A5%E5%BD%B9+&oid=2680423 HTTP/1.1" 200 4071
66.249.74.221 - - [07/Feb/2014:06:06:26 +0800] "GET /content/nav/relationSubject.jsp?relationWords=%E5%83%B9%E9%8A%80+%E9%8A%80%E5%85%A9+%E9%A6%AC%E9%A7%9D+&oid=2680602 HTTP/1.1" 200 5332
66.249.77.195 - - [07/Feb/2014:06:06:27 +0800] "GET /content/nav/relationSubject.jsp?relationWords=%E6%AD%A6%E8%81%B7+%E8%98%87%E5%AE%89+&oid=2680514 HTTP/1.1" 200 4477
66.249.74.221 - - [07/Feb/2014:06:06:41 +0800] "GET /digiarch_en/content/pictures/picture_content.jsp?oid=33554797 HTTP/1.1" 200 21105
66.249.77.195 - - [07/Feb/2014:06:07:32 +0800] "GET /content/nav/relationSubject.jsp?relationWords=%E5%A4%A7%E8%B1%86+%E5%A4%A7%E8%B1%86%E5%B1%AC+%E6%A4%8D%E7%89%A9%E7%95%8C+%E8%A0%B6%E8%B1%86+%E9%97%8A%E8%91%89%E5%A4%A7%E8%B1%86+%E9%9B%99%E5%AD%90%E8%91%89+%E9%9B%99%E5%AD%90%E8%91%89%E6%A4%8D%E7%89%A9+&oid=1462008 HTTP/1.1" 200 3490
66.249.77.195 - - [07/Feb/2014:06:07:33 +0800] "GET /content/nav/relationSubject.jsp?relationWords=%E7%95%A2%E6%A5%AD%E7%94%9F+&oid=1542537 HTTP/1.1" 200 3322
66.249.77.195 - - [07/Feb/2014:06:07:35 +0800] "GET /content/nav/relationSubject.jsp?relationWords=%E7%97%85%E5%BA%8A+%E7%99%82%E9%A4%8A%E9%99%A2+%E7%B2%BE%E7%A5%9E%E7%97%85%E6%82%A3+&oid=1551221 HTTP/1.1" 200 6568
66.249.77.195 - - [07/Feb/2014:06:07:36 +0800] "GET /content/nav/relationSubject.jsp?relationWords=&oid=1819912 HTTP/1.1" 200 1413
66.249.77.195 - - [07/Feb/2014:06:08:42 +0800] "GET /content/repository/resource_content.jsp?oid=1101700 HTTP/1.1" 200 29918
66.249.74.221 - - [07/Feb/2014:06:08:46 +0800] "GET /content/repository/resource_content.jsp?oid=2680906&queryString=%E6%BC%95%E7%B1%B3 HTTP/1.1" 200 29471
66.249.77.195 - - [07/Feb/2014:06:09:06 +0800] "GET /content/repository/resource_content.jsp?oid=1102737 HTTP/1.1" 200 29702
65.55.52.112 - - [07/Feb/2014:06:09:17 +0800] "GET /content/repository/resource_content.jsp?oid=1598117 HTTP/1.1" 200 28285
66.249.74.221 - - [07/Feb/2014:06:10:19 +0800] "GET /content/repository/resource_content.jsp?oid=1531942 HTTP/1.1" 200 28096
180.76.6.146 - - [07/Feb/2014:06:11:43 +0800] "GET /content/repository/resource_content.jsp?oid=1124214&queryType=qc HTTP/1.1" 200 37343
66.249.77.195 - - [07/Feb/2014:06:12:05 +0800] "GET /content/repository/resource_content.jsp?oid=2680756&queryString=%E5%90%8F%E9%83%A8%20%E9%B3%A5%E9%8E%97 HTTP/1.1" 200 29701
66.249.77.195 - - [07/Feb/2014:06:13:31 +0800] "GET /content/subject/resource_content.jsp?oid=16777720&queryString=%E5%8F%B0%E7%81%A3%E5%8E%9F%E4%BD%8F%E6%B0%91%20%E6%B0%91%E6%97%8F%E5%AD%B8%20%E6%B0%91%E6%97%8F%E8%AA%8C%20%E7%89%A9%E8%B3%AA%E6%96%87%E5%8C%96%20%E8%87%BA%E7%81%A3%E5%8E%9F%E4%BD%8F%E6%B0%91 HTTP/1.1" 200 29033
66.249.77.172 - - [07/Feb/2014:06:14:44 +0800] "GET /content/subject/resource_content.jsp?oid=16777785&queryString= HTTP/1.1" 200 48932
66.249.74.221 - - [07/Feb/2014:06:15:08 +0800] "GET /content/subject/resource_content.jsp?oid=16777322&queryType=qc HTTP/1.1" 200 23951
66.249.74.221 - - [07/Feb/2014:06:15:09 +0800] "GET /content/repository/resource_content.jsp?oid=1576476 HTTP/1.1" 200 27521
66.249.74.221 - - [07/Feb/2014:06:15:26 +0800] "GET /content/repository/resource_content.jsp?oid=2680966&queryString=%E4%B8%AD%E5%B0%8F%E4%BC%81%E6%A5%AD%20%E5%9C%B0%E5%83%B9%20%E5%B7%A5%E6%A5%AD%E7%94%A8%E5%9C%B0 HTTP/1.1" 200 29112
66.249.74.7 - - [07/Feb/2014:06:15:33 +0800] "GET /digiarch3/content/subject/resource_content.jsp?oid=16777431&queryType=qc HTTP/1.1" 200 35780
66.249.77.195 - - [07/Feb/2014:06:16:20 +0800] "GET /content/subject/resource_content.jsp?oid=16777519&queryType=qc HTTP/1.1" 200 35043
66.249.77.195 - - [07/Feb/2014:06:16:45 +0800] "GET /content/repository/resource_content.jsp?oid=1575141 HTTP/1.1" 200 27748
66.249.77.195 - - [07/Feb/2014:06:18:21 +0800] "GET /content/repository/resource_content.jsp?oid=1585880 HTTP/1.1" 200 27565
66.249.74.221 - - [07/Feb/2014:06:18:46 +0800] "GET /content/repository/resource_content.jsp?oid=2681063&queryString=%E5%A4%A7%E4%BD%BF%20%E5%AF%B6%E6%BA%90%E5%B1%80 HTTP/1.1" 200 29493
66.249.74.162 - - [07/Feb/2014:06:19:58 +0800] "GET /content/subject/resource_content.jsp?oid=16777728&queryType=qc HTTP/1.1" 200 64215
66.249.77.195 - - [07/Feb/2014:06:20:22 +0800] "GET /content/repository/resource_content.jsp?oid=1585772 HTTP/1.1" 200 27538
66.249.77.195 - - [07/Feb/2014:06:21:25 +0800] "GET /content/subject/resource_content.jsp?oid=16777241 HTTP/1.1" 200 31622
66.249.77.195 - - [07/Feb/2014:06:21:34 +0800] "GET /content/repository/resource_content.jsp?oid=1833009 HTTP/1.1" 200 28247
66.249.77.195 - - [07/Feb/2014:06:21:51 +0800] "GET /content/subject/resource_content.jsp?oid=16777386 HTTP/1.1" 200 37801
66.249.77.195 - - [07/Feb/2014:06:22:05 +0800] "GET /content/repository/resource_content.jsp?oid=2680966&queryString=%E4%BA%A4%E9%80%9A%E9%83%A8%20%E5%85%AC%E8%B7%AF%E5%B7%A5%E7%A8%8B%20%E5%98%89%E7%BE%A9%E5%B8%82%20%E5%9C%B0%E5%83%B9%20%E9%AB%98%E9%80%9F%E5%85%AC%E8%B7%AF HTTP/1.1" 200 29112
66.249.77.195 - - [07/Feb/2014:06:22:22 +0800] "GET /content/repository/resource_content.jsp?oid=1604238 HTTP/1.1" 200 27528
66.249.77.195 - - [07/Feb/2014:06:23:29 +0800] "GET /content/nav/relationSubject.jsp?relationWords=%E5%90%8F%E9%83%A8+&oid=2680756 HTTP/1.1" 200 3106
66.249.77.195 - - [07/Feb/2014:06:23:30 +0800] "GET /content/nav/relationSubject.jsp?relationWords=%E5%83%B9%E9%8A%80+%E5%9C%B0%E5%83%B9+%E5%B7%A5%E9%83%A8+%E9%8A%80%E5%85%A9+&oid=2680966 HTTP/1.1" 200 5385
66.249.77.195 - - [07/Feb/2014:06:23:31 +0800] "GET /content/nav/relationSubject.jsp?relationWords=%E6%BC%95%E7%B1%B3+%E7%B1%B3%E7%9F%B3+%E9%8A%80%E6%95%B8+&oid=2680906 HTTP/1.1" 200 4077
66.249.77.195 - - [07/Feb/2014:06:23:59 +0800] "GET /content/subject/resource_content.jsp?oid=16777730 HTTP/1.1" 200 45356
157.55.36.37 - - [07/Feb/2014:06:24:04 +0800] "GET /content/repository/resource_content.jsp?oid=1888217 HTTP/1.1" 200 28293
66.249.77.195 - - [07/Feb/2014:06:24:23 +0800] "GET /content/subject/resource_content.jsp?oid=16777427&queryString=%E5%A4%A9%E4%BD%BF%20%E6%89%81%E9%AF%8A%20%E6%93%AC%E8%83%8C%E6%96%91%20%E7%90%B5%E7%90%B6%E9%AE%AB HTTP/1.1" 200 32108
66.249.77.195 - - [07/Feb/2014:06:24:31 +0800] "GET /content/nav/relationSubject.jsp?relationWords=&oid=16777322 HTTP/1.1" 200 1413
66.249.74.221 - - [07/Feb/2014:06:24:32 +0800] "GET /content/nav/relationSubject.jsp?relationWords=%E4%BF%9D%E8%AD%89%E6%9B%B8+%E5%B0%88%E4%BF%AE%E7%A7%91+%E7%81%A3%E7%9C%81%E6%94%BF%E5%BA%9C+%E7%9C%81%E6%94%BF%E5%BA%9C+%E8%87%BA%E7%81%A3%E7%9C%81+%E8%87%BA%E7%81%A3%E7%9C%81%E6%94%BF%E5%BA%9C+&oid=1531942 HTTP/1.1" 200 4760
66.249.77.195 - - [07/Feb/2014:06:24:32 +0800] "GET /content/nav/relationSubject.jsp?relationWords=%E5%B0%88%E7%A7%91+&oid=1575141 HTTP/1.1" 200 7818
66.249.77.195 - - [07/Feb/2014:06:24:35 +0800] "GET /digiarch_en/content/nav/relationSubject.jsp?relationWords=%E7%B4%85%E5%B8%B6%E6%93%AC%E8%8A%B1%E9%B1%B8%20%E8%8A%B1%E9%B1%B8%20&oid=33554797 HTTP/1.1" 200 3422
61.135.249.199 - - [07/Feb/2014:06:24:45 +0800] "GET /content/subject/resource_content.jsp?oid=16777360&queryType=qc HTTP/1.1" 200 44960
66.249.77.195 - - [07/Feb/2014:06:25:25 +0800] "GET /content/repository/resource_content.jsp?oid=2681124&queryString=%E5%90%8F%E9%83%A8%20%E9%B3%A5%E9%8E%97 HTTP/1.1" 200 29476
66.249.77.62 - - [07/Feb/2014:06:25:26 +0800] "GET /content/nav/relationSubject.jsp?relationWords=%E5%82%85%E6%96%AF%E5%B9%B4+%E5%9F%8E%E5%AD%90%E5%B4%96+%E6%A2%81%E5%95%9F%E8%B6%85+%E6%A2%81%E6%80%9D%E6%B0%B8+%E9%BE%8D%E5%B1%B1%E6%96%87%E5%8C%96+&oid=16777749 HTTP/1.1" 200 4710
66.249.77.62 - - [07/Feb/2014:06:25:27 +0800] "GET /content/nav/relationSubject.jsp?relationWords=GIS+&oid=16777728 HTTP/1.1" 200 2515
66.249.77.62 - - [07/Feb/2014:06:25:28 +0800] "GET /digiarch3/content/nav/relationSubject.jsp?relationWords=%E6%95%B8%E4%BD%8D%E5%85%B8%E8%97%8F%20&oid=16777717 HTTP/1.1" 200 5887
66.249.77.195 - - [07/Feb/2014:06:26:00 +0800] "GET /content/repository/resource_content.jsp?oid=1530914 HTTP/1.1" 200 28464
66.249.77.195 - - [07/Feb/2014:06:26:24 +0800] "GET /content/repository/resource_content.jsp?oid=1564669 HTTP/1.1" 200 32976
180.76.5.67 - - [07/Feb/2014:06:26:44 +0800] "GET /content/subject/resource_content.jsp?oid=16777399&queryType=qc HTTP/1.1" 200 27372
66.249.74.221 - - [07/Feb/2014:06:26:48 +0800] "GET /content/repository/resource_content.jsp?oid=1887073 HTTP/1.1" 200 28196
66.249.77.195 - - [07/Feb/2014:06:27:12 +0800] "GET /content/repository/resource_content.jsp?oid=1546109 HTTP/1.1" 200 28294
42.67.116.162 - - [07/Feb/2014:06:27:39 +0800] "GET /content/nav/relationSubject.jsp?relationWords=%E6%B0%B4%E9%BB%83%E7%9A%AE+&oid=16777535 HTTP/1.1" 200 3638
66.249.77.195 - - [07/Feb/2014:06:27:39 +0800] "GET /content/subject/resource_content.jsp?oid=16777350&queryType=qc HTTP/1.1" 200 35787
66.249.74.113 - - [07/Feb/2014:06:28:26 +0800] "GET /content/subject/resource_content.jsp?oid=16777472&queryString=%E5%A4%9A%E6%A8%A3%E6%80%A7%20%E9%AD%AF%E5%87%B1%E6%97%8F%20%E9%B8%9A%E9%B5%A1%E8%9E%BA HTTP/1.1" 200 63914
66.249.77.195 - - [07/Feb/2014:06:28:45 +0800] "GET /content/repository/resource_content.jsp?oid=2681198&queryString=%E5%A5%B8%E6%B0%91%20%E7%B1%B3%E7%9F%B3 HTTP/1.1" 200 29401
66.249.74.221 - - [07/Feb/2014:06:29:13 +0800] "GET /content/repository/resource_content.jsp?oid=1636162&queryString=%E5%85%A8%E6%B0%91%E5%81%A5%E5%BA%B7%E4%BF%9D%E9%9A%AA HTTP/1.1" 200 28125
61.135.249.199 - - [07/Feb/2014:06:29:33 +0800] "GET /content/subject/resource_content.jsp?oid=16777669&queryType=qc HTTP/1.1" 200 46303
66.249.77.195 - - [07/Feb/2014:06:30:01 +0800] "GET /content/repository/resource_content.jsp?oid=1826413&queryString=%E6%9B%B9%E6%B0%8F HTTP/1.1" 200 27764
66.249.77.195 - - [07/Feb/2014:06:30:25 +0800] "GET /content/repository/resource_content.jsp?oid=1828133&queryString=%E8%B1%9A%E5%8D%A3 HTTP/1.1" 200 27817
66.249.74.221 - - [07/Feb/2014:06:30:50 +0800] "GET /content/repository/resource_content.jsp?oid=1782188&queryString=%E7%99%BD%E8%8B%97%20%E7%B6%81%E8%85%BF HTTP/1.1" 200 27967
66.249.77.195 - - [07/Feb/2014:06:31:13 +0800] "GET /content/repository/resource_content.jsp?oid=1782932&queryString=%E5%8F%A3%E7%90%B4%20%E5%9B%9B%E7%B0%A7%E5%8F%A3%E7%90%B4%20%E6%B3%B0%E9%9B%85%E6%97%8F HTTP/1.1" 200 27877
66.249.77.195 - - [07/Feb/2014:06:31:15 +0800] "GET /content/nav/relationSubject.jsp?relationWords=%E5%90%8F%E9%83%A8+&oid=2681124 HTTP/1.1" 200 3107
66.249.77.195 - - [07/Feb/2014:06:31:16 +0800] "GET /content/nav/relationSubject.jsp?relationWords=%E5%AF%B6%E6%BA%90+%E5%AF%B6%E6%BA%90%E5%B1%80+%E5%B7%A5%E9%83%A8+%E6%BC%A2%E7%9B%A3%E7%9D%A3+&oid=2681063 HTTP/1.1" 200 3211
66.249.77.195 - - [07/Feb/2014:06:31:17 +0800] "GET /content/nav/relationSubject.jsp?relationWords=%E5%B7%A5%E9%83%A8+%E7%B1%B3%E7%9F%B3+&oid=2681198 HTTP/1.1" 200 3111
61.135.249.199 - - [07/Feb/2014:06:31:31 +0800] "GET /content/subject/resource_content.jsp?oid=16777594&queryType=qc HTTP/1.1" 200 39449
123.125.71.27 - - [07/Feb/2014:06:31:56 +0800] "GET /content/repository/resource_content.jsp?oid=1854314 HTTP/1.1" 200 28703
66.249.77.195 - - [07/Feb/2014:06:32:05 +0800] "GET /content/repository/resource_content.jsp?oid=2681208&queryString=%E8%B3%91%E7%81%BD HTTP/1.1" 200 29226
66.249.77.195 - - [07/Feb/2014:06:32:26 +0800] "GET /content/repository/resource_content.jsp?oid=1782973&queryString=%E6%B3%B0%E9%9B%85%E6%97%8F%20%E7%B1%90%E5%B8%BD HTTP/1.1" 200 28367
66.249.77.195 - - [07/Feb/2014:06:32:50 +0800] "GET /content/repository/resource_content.jsp?oid=1783117&queryString=%E6%9F%B3%E8%91%89%E5%BD%A2%E7%AE%AD%20%E6%B3%B0%E9%9B%85%E6%97%8F HTTP/1.1" 200 27600
66.249.77.195 - - [07/Feb/2014:06:33:14 +0800] "GET /content/repository/resource_content.jsp?oid=184389&queryString=%E6%89%BF%E5%A4%A9%20%E6%94%BF%E5%92%8C%20%E7%A6%AE%E5%99%A8 HTTP/1.1" 200 29041
61.135.249.199 - - [07/Feb/2014:06:33:22 +0800] "GET /content/subject/resource_content.jsp?oid=16777605&queryType=qc HTTP/1.1" 200 41329
42.75.61.172 - - [07/Feb/2014:06:33:33 +0800] "GET /content/nav/relationSubject.jsp?relationWords=&oid=16777342 HTTP/1.1" 200 1413
66.249.77.195 - - [07/Feb/2014:06:33:54 +0800] "GET /digiarch_en/content/repository/resource_content.jsp?oid=1852408&queryString=%E9%91%B2%E5%B5%8C HTTP/1.1" 200 23331
66.249.77.195 - - [07/Feb/2014:06:34:02 +0800] "GET /content/repository/resource_content.jsp?oid=179123&queryString=%E8%88%88%E9%9A%86%E6%BA%9D HTTP/1.1" 200 29072
66.249.77.195 - - [07/Feb/2014:06:34:26 +0800] "GET /content/repository/resource_content.jsp?oid=1850638&queryString=%E5%B9%B3%E8%A1%8C%E8%84%8A%20%E8%84%8A%E5%B5%8C%E7%89%87 HTTP/1.1" 200 29160
66.249.77.236 - - [07/Feb/2014:06:34:51 +0800] "GET /content/subject/resource_content.jsp?oid=16777705&queryType=qs&queryString=%E7%A0%94%E8%A8%8E%E6%9C%83 HTTP/1.1" 200 27036
66.249.77.195 - - [07/Feb/2014:06:35:25 +0800] "GET /content/repository/resource_content.jsp?oid=2681334&queryString=%E4%BA%A4%E7%9B%A4%20%E8%97%A9%E5%8F%B8%20%E9%8C%A2%E7%B3%A7 HTTP/1.1" 200 29654
66.249.77.195 - - [07/Feb/2014:06:35:39 +0800] "GET /content/repository/resource_content.jsp?oid=1889628&queryString=%E7%B0%A1%E9%8C%A6%E7%9B%8A%20%E9%87%91%E5%BE%B7%20%E9%99%B3%E9%87%91 HTTP/1.1" 200 28409
66.249.77.195 - - [07/Feb/2014:06:36:03 +0800] "GET /content/repository/resource_content.jsp?oid=1894384&queryString=%E6%B1%9F%E4%B8%8A%E6%B8%85%20%E9%99%B3%E6%98%8E%E6%96%87%20%E9%A1%8F%E6%B8%85%E6%A8%99 HTTP/1.1" 200 28178
66.249.77.195 - - [07/Feb/2014:06:37:15 +0800] "GET /content/repository/resource_content.jsp?oid=1807465&queryString=%E8%92%BC%E9%BE%8D%E9%A3%9F%E9%AD%9A HTTP/1.1" 200 28703
66.249.77.195 - - [07/Feb/2014:06:37:39 +0800] "GET /content/repository/resource_content.jsp?oid=1808544&queryString=%E8%92%BC%E9%BE%8D%E9%A3%9F%E9%AD%9A HTTP/1.1" 200 28570
66.249.77.195 - - [07/Feb/2014:06:38:28 +0800] "GET /content/repository/resource_content.jsp?oid=1808844&queryString=%E9%8E%AE%E5%A2%93%E7%8D%B8 HTTP/1.1" 200 28631
66.249.77.195 - - [07/Feb/2014:06:38:45 +0800] "GET /content/repository/resource_content.jsp?oid=2681334&queryString=%E5%B7%A1%E6%92%AB%20%E6%B1%9F%E5%AF%A7%20%E7%8A%AF%E6%96%AC%E6%B1%BA HTTP/1.1" 200 29654
66.249.74.221 - - [07/Feb/2014:06:39:10 +0800] "GET /content/repository/resource_content.jsp?oid=2663077 HTTP/1.1" 200 28570
66.249.74.221 - - [07/Feb/2014:06:39:41 +0800] "GET /content/repository/resource_content.jsp?oid=1863590&queryString=%E8%B1%AC%E7%89%99%E9%91%B2%E5%B5%8C%E7%89%87 HTTP/1.1" 200 29083
66.249.77.195 - - [07/Feb/2014:06:41:17 +0800] "GET /content/repository/resource_content.jsp?oid=186717&queryString=%E4%B8%AD%E5%9C%8B%E5%A4%A7%E9%99%B8%E5%9C%B0%E5%9C%96%20%E9%80%A3%E6%B1%9F%E7%B8%A3 HTTP/1.1" 200 29165
66.249.74.221 - - [07/Feb/2014:06:41:41 +0800] "GET /content/repository/resource_content.jsp?oid=1875429&queryString=%E6%96%B9%E5%BD%9D HTTP/1.1" 200 28522
66.249.77.195 - - [07/Feb/2014:06:41:55 +0800] "GET /content/repository/resource_content.jsp?oid=1614341 HTTP/1.1" 200 27514
66.249.77.172 - - [07/Feb/2014:06:42:05 +0800] "GET /content/subject/resource_content.jsp?oid=16777476&queryType=qs&queryString=%E5%B7%AB%E6%96%87%E9%9A%86 HTTP/1.1" 200 53083
66.249.77.195 - - [07/Feb/2014:06:42:06 +0800] "GET /content/repository/resource_content.jsp?oid=1877049&queryString=%E5%B9%B3%E8%A1%8C%E8%84%8A%20%E8%84%8A%E5%B5%8C%E7%89%87 HTTP/1.1" 200 28862
66.249.77.195 - - [07/Feb/2014:06:42:41 +0800] "GET /content/nav/relationSubject.jsp?relationWords=%E5%90%8F%E9%83%A8+%E8%B3%91%E7%81%BD+&oid=2681208 HTTP/1.1" 200 3144
66.249.77.195 - - [07/Feb/2014:06:42:42 +0800] "GET /content/nav/relationSubject.jsp?relationWords=%E5%88%91%E9%83%A8+%E5%AF%A7%E8%97%A9%E5%8F%B8+%E6%B1%9F%E5%AF%A7+%E8%97%A9%E5%8F%B8+&oid=2681334 HTTP/1.1" 200 3223
66.249.77.172 - - [07/Feb/2014:06:42:43 +0800] "GET /content/nav/relationSubject.jsp?relationWords=%E5%A4%9A%E6%A8%A3%E6%80%A7+%E9%AD%AF%E5%87%B1+%E9%AD%AF%E5%87%B1%E6%97%8F+%E9%B8%9A%E9%B5%A1%E8%9E%BA+&oid=16777476 HTTP/1.1" 200 5241
66.249.77.172 - - [07/Feb/2014:06:42:48 +0800] "GET /content/nav/relationSubject.jsp?relationWords=%E5%A4%9A%E6%A8%A3%E6%80%A7%20%E9%AD%AF%E5%87%B1%20%E9%AD%AF%E5%87%B1%E6%97%8F%20%E9%B8%9A%E9%B5%A1%E8%9E%BA%20&oid=16777476 HTTP/1.1" 200 5241
66.249.74.221 - - [07/Feb/2014:06:42:54 +0800] "GET /content/repository/resource_content.jsp?oid=188255&queryString=%E6%9D%B1%E5%8D%97%E5%8D%80%E5%9C%96 HTTP/1.1" 200 29390
66.249.77.195 - - [07/Feb/2014:06:43:17 +0800] "GET /content/repository/resource_content.jsp?oid=1811538&queryString=%E5%AD%A3%E5%BF%B5%E7%88%B6%E9%BC%8E%20%E5%AD%A3%E6%82%86%E4%BD%9C%E6%97%85%E9%BC%8E HTTP/1.1" 200 28239
210.176.50.18 - - [07/Feb/2014:06:43:21 +0800] "GET /content/tmp_exh/resource_content.jsp?oid=16777789 HTTP/1.1" 200 40771
210.176.50.18 - - [07/Feb/2014:06:43:22 +0800] "GET /content/nav/relationSubject.jsp?relationWords=%E5%9C%8B%E9%9A%9B%E6%9B%B8%E5%B1%95+%E6%80%9D%E6%83%B3+%E6%96%87%E6%98%9F+%E7%9A%87%E8%BC%BF+%E9%87%8D%E6%85%B6%E5%8D%97%E8%B7%AF+&oid=16777789 HTTP/1.1" 200 5051
66.249.77.195 - - [07/Feb/2014:06:43:41 +0800] "GET /content/repository/resource_content.jsp?oid=1811518&queryString=%E6%9D%B1%E9%AD%8F HTTP/1.1" 200 29561
66.249.77.195 - - [07/Feb/2014:06:43:48 +0800] "GET /digiarch_en/content/nav/relationSubject.jsp?relationWords=%E9%91%B2%E5%B5%8C%20%E9%91%B2%E5%B5%8C%E9%AA%A8%E9%A3%BE%20%E9%AA%A8%E9%A3%BE%20&oid=1852408 HTTP/1.1" 200 3849
66.249.77.195 - - [07/Feb/2014:06:44:06 +0800] "GET /content/repository/resource_content.jsp?oid=1897491&queryString=%E5%85%AB%E4%B8%80%E4%B8%89 HTTP/1.1" 200 28967
66.249.77.195 - - [07/Feb/2014:06:44:30 +0800] "GET /content/subject/resource_content.jsp?oid=16777436&queryString=%E5%8F%B0%E6%9D%B1%E8%98%87%E9%90%B5 HTTP/1.1" 200 27673
66.249.77.236 - - [07/Feb/2014:06:45:13 +0800] "GET /content/subject/resource_content.jsp?oid=16777465&queryString= HTTP/1.1" 200 26740
66.249.74.221 - - [07/Feb/2014:06:45:19 +0800] "GET /content/repository/resource_content.jsp?oid=1524080 HTTP/1.1" 200 28159
66.249.77.195 - - [07/Feb/2014:06:45:25 +0800] "GET /content/repository/resource_content.jsp?oid=2681404&queryString=%E5%85%AC%E5%91%8A%E5%9C%B0%E5%83%B9%20%E5%9C%9F%E5%9C%B0%E5%A2%9E%E5%80%BC%E7%A8%85%20%E6%88%BF%E5%B1%8B%E7%A8%85%20%E7%A8%85%E6%8D%90%20%E7%A8%85%E6%94%B6%20%E7%B4%84%E5%83%B1%E4%BA%BA%E5%93%A1 HTTP/1.1" 200 29153
66.249.77.195 - - [07/Feb/2014:06:45:42 +0800] "GET /content/repository/resource_content.jsp?oid=1557491 HTTP/1.1" 200 28109
66.249.77.195 - - [07/Feb/2014:06:46:06 +0800] "GET /content/repository/resource_content.jsp?oid=1100500 HTTP/1.1" 200 29746
66.249.74.162 - - [07/Feb/2014:06:46:24 +0800] "GET /content/subject/resource_content.jsp?oid=16777662&queryType=qs&queryString=%E7%BE%8E%E5%B0%91%E5%A5%B3 HTTP/1.1" 200 26076
66.249.77.195 - - [07/Feb/2014:06:47:04 +0800] "GET /content/repository/resource_content.jsp?oid=1599747 HTTP/1.1" 200 28063
66.249.74.221 - - [07/Feb/2014:06:47:19 +0800] "GET /content/repository/resource_content.jsp?oid=1516061 HTTP/1.1" 200 27962
66.249.77.195 - - [07/Feb/2014:06:47:43 +0800] "GET /content/repository/resource_content.jsp?oid=1516329 HTTP/1.1" 200 27757
66.249.74.221 - - [07/Feb/2014:06:48:32 +0800] "GET /content/repository/resource_content.jsp?oid=1818525 HTTP/1.1" 200 27518
66.249.74.221 - - [07/Feb/2014:06:48:45 +0800] "GET /content/repository/resource_content.jsp?oid=2681404&queryString=%E5%9C%8B%E5%BA%AB%20%E7%A8%85%E6%94%B6%20%E7%B5%B1%E4%B8%80%E7%99%BC%E7%A5%A8 HTTP/1.1" 200 29153
61.135.249.199 - - [07/Feb/2014:06:49:15 +0800] "GET /content/subject/resource_content.jsp?oid=16777333&queryType=qc HTTP/1.1" 200 31012
66.249.77.195 - - [07/Feb/2014:06:49:44 +0800] "GET /content/repository/resource_content.jsp?oid=1579534 HTTP/1.1" 200 27940
66.249.77.195 - - [07/Feb/2014:06:50:32 +0800] "GET /content/repository/resource_content.jsp?oid=1576075 HTTP/1.1" 200 27848
66.249.77.195 - - [07/Feb/2014:06:50:56 +0800] "GET /content/repository/resource_content.jsp?oid=1101324 HTTP/1.1" 200 29906
66.249.77.195 - - [07/Feb/2014:06:51:20 +0800] "GET /content/repository/resource_content.jsp?oid=1543575 HTTP/1.1" 200 28065
66.249.77.195 - - [07/Feb/2014:06:51:44 +0800] "GET /content/subject/resource_content.jsp?oid=16777433&queryString=%E5%8F%B0%E6%9D%B1%E8%98%87%E9%90%B5 HTTP/1.1" 200 27665
66.249.77.195 - - [07/Feb/2014:06:52:05 +0800] "GET /content/repository/resource_content.jsp?oid=2681404&queryString=%E7%A8%85%E6%94%B6%20%E8%87%BA%E5%8C%97%E7%B8%A3%20%E8%B3%AA%E8%A9%A2 HTTP/1.1" 200 29153
199.89.180.254 - - [07/Feb/2014:06:52:34 +0800] "GET /content/nav/relationSubject.jsp?relationWords=%E5%B1%B1%E8%8C%B6%E8%8A%B1+%E6%9B%BC%E9%99%80%E7%BE%85+%E6%9B%BC%E9%99%80%E7%BE%85%E8%8A%B1+%E8%8C%B6%E8%8A%B1+&oid=16777448 HTTP/1.1" 200 3407
66.249.77.195 - - [07/Feb/2014:06:52:39 +0800] "GET /content/repository/resource_content.jsp?oid=1601879 HTTP/1.1" 200 27733
66.249.77.195 - - [07/Feb/2014:06:52:57 +0800] "GET /content/repository/resource_content.jsp?oid=1107320 HTTP/1.1" 200 29906
199.89.180.254 - - [07/Feb/2014:06:53:07 +0800] "GET /content/repository/resource_content.jsp?oid=4475086&queryType=qs&queryString=%E6%9B%BC%E9%99%80%E7%BE%85 HTTP/1.1" 200 27402
199.89.180.254 - - [07/Feb/2014:06:53:08 +0800] "GET /content/nav/relationSubject.jsp?relationWords=%E6%9B%BC%E9%99%80%E7%BE%85+&oid=4475086 HTTP/1.1" 200 2179
66.249.77.195 - - [07/Feb/2014:06:53:45 +0800] "GET /content/repository/resource_content.jsp?oid=1522656 HTTP/1.1" 200 27873
66.249.77.195 - - [07/Feb/2014:06:54:09 +0800] "GET /content/repository/resource_content.jsp?oid=523952&queryType=qc HTTP/1.1" 200 35056
218.30.103.216 - - [07/Feb/2014:06:54:49 +0800] "GET /content/subject/resource_content.jsp?oid=16777591&queryType=qc> HTTP/1.1" 200 39788
66.249.77.195 - - [07/Feb/2014:06:54:57 +0800] "GET /content/repository/resource_content.jsp?oid=1113793 HTTP/1.1" 200 30139
218.30.103.216 - - [07/Feb/2014:06:55:16 +0800] "GET /content/subject/resource_content.jsp?oid=16777576&queryType=qc HTTP/1.1" 200 28419
66.249.74.221 - - [07/Feb/2014:06:55:22 +0800] "GET /content/repository/resource_content.jsp?oid=1106036 HTTP/1.1" 200 29755
66.249.77.195 - - [07/Feb/2014:06:55:25 +0800] "GET /content/repository/resource_content.jsp?oid=2681461&queryString=%E7%9F%A5%E5%BA%9C%20%E9%84%AD%E7%82%BA%20%E9%A0%86%E5%BE%B7%E5%BA%9C HTTP/1.1" 200 29368
218.30.103.216 - - [07/Feb/2014:06:55:34 +0800] "GET /digiarch_en/content/subject/resource_content.jsp?oid=16777785&queryType=qc> HTTP/1.1" 200 44145
218.30.103.216 - - [07/Feb/2014:06:55:51 +0800] "GET /content/subject/resource_content.jsp?oid=16777279&queryType=qc HTTP/1.1" 200 33148
123.125.71.23 - - [07/Feb/2014:06:56:15 +0800] "GET /content/repository/resource_content.jsp?oid=2566917 HTTP/1.1" 200 29319
66.249.77.195 - - [07/Feb/2014:06:56:17 +0800] "GET /content/nav/relationSubject.jsp?relationWords=%E6%A4%8D%E7%89%A9%E7%95%8C+%E6%A5%93%E6%A8%B9+%E6%A5%93%E6%A8%B9%E5%B1%AC+%E6%A7%AD%E6%A8%B9%E7%A7%91+%E7%84%A1%E6%82%A3%E5%AD%90+%E9%9D%92%E6%A5%93+&oid=1100500 HTTP/1.1" 200 4119
66.249.77.195 - - [07/Feb/2014:06:56:19 +0800] "GET /content/nav/relationSubject.jsp?relationWords=%E4%BD%9C%E6%97%85%E9%BC%8E+%E5%AD%A3%E6%82%86%E4%B9%8D%E6%97%85%E9%BC%8E+%E5%AD%A3%E6%82%86%E4%BD%9C%E6%97%85%E9%BC%8E+&oid=1811538 HTTP/1.1" 200 3334
66.249.77.195 - - [07/Feb/2014:06:56:20 +0800] "GET /content/nav/relationSubject.jsp?relationWords=%E6%9D%B1%E5%8D%97%E5%8D%80%E5%9C%96+&oid=188255 HTTP/1.1" 200 3132
66.249.74.221 - - [07/Feb/2014:06:56:21 +0800] "GET /content/nav/relationSubject.jsp?relationWords=%E5%B7%A5%E5%BB%A0%E7%99%BB%E8%A8%98+%E7%9C%81%E8%AD%B0%E6%9C%83+%E7%BF%81%E6%98%8E%E5%B1%B1+%E8%87%A8%E6%99%82%E7%9C%81%E8%AD%B0%E6%9C%83+%E8%87%BA%E7%81%A3%E7%9C%81+%E8%A8%B1%E5%8F%AF%E8%AD%89+&oid=1543575 HTTP/1.1" 200 5455
66.249.77.195 - - [07/Feb/2014:06:56:21 +0800] "GET /content/nav/relationSubject.jsp?relationWords=%E4%BF%9D%E5%AE%89%E5%8F%B8+%E5%8F%B8%E4%BB%A4%E9%83%A8+%E5%9C%8B%E9%98%B2%E9%83%A8+%E6%9D%8E%E5%9A%B4+%E8%87%BA%E5%8C%97%E5%B8%82+%E8%87%BA%E7%81%A3%E7%9C%81%E5%8F%83%E8%AD%B0%E6%9C%83+&oid=1516061 HTTP/1.1" 200 4850
66.249.77.195 - - [07/Feb/2014:06:56:22 +0800] "GET /content/nav/relationSubject.jsp?relationWords=%E4%BF%9D%E8%AD%89%E4%BA%BA+%E5%BD%B9%E7%94%B7+%E7%81%A3%E7%9C%81%E6%94%BF%E5%BA%9C+%E7%9C%81%E6%94%BF%E5%BA%9C+%E8%87%BA%E7%81%A3%E7%9C%81+%E8%87%BA%E7%81%A3%E7%9C%81%E6%94%BF%E5%BA%9C+&oid=1522656 HTTP/1.1" 200 4745
66.249.77.195 - - [07/Feb/2014:06:56:23 +0800] "GET /content/nav/relationSubject.jsp?relationWords=%E5%9C%B0%E6%96%B9%E6%B3%95%E9%99%A2+%E5%B0%96%E7%9F%B3+%E5%BC%B5%E6%BC%A2%E8%BE%B2+%E6%8E%A1%E7%A4%A6+%E6%96%B0%E7%AB%B9%E5%9C%B0%E6%96%B9%E6%B3%95%E9%99%A2+%E6%96%B0%E7%AB%B9%E7%85%A4%E7%A4%A6%E5%B1%80+%E6%B3%95%E9%99%A2+%E7%85%A4%E7%A4%A6%E5%B1%80+%E7%93%A6%E6%96%AF+%E7%A4%A6%E5%A0%B4+%E9%AB%98%E7%AD%89%E6%B3%95%E9%99%A2+&oid=1524080 HTTP/1.1" 200 5459
66.249.77.195 - - [07/Feb/2014:06:56:24 +0800] "GET /content/nav/relationSubject.jsp?relationWords=%E4%BC%BD%E8%97%8D+%E4%BD%9B%E6%B3%95+%E5%83%A7%E5%9D%8A+%E5%85%89%E8%88%88+%E5%8D%81%E6%96%B9+%E5%A1%AB%E9%87%91+%E5%A4%A7%E5%BE%B7+%E5%B4%87%E5%96%84+%E5%B5%A9%E9%99%BD+%E5%BE%AE%E6%B3%A2+%E6%87%89%E7%9C%9F+%E6%96%B9%E5%B0%8A+%E6%99%BA%E6%98%8E+%E6%9D%B1%E9%AD%8F+%E6%AA%80%E4%B8%BB+%E6%B0%B8%E5%8A%AB+%E6%B2%99%E9%96%80+%E7%A2%91%E9%8A%98+%E7%A6%AA%E5%B8%AB+%E7%A7%80%E6%9C%97+%E7%B6%AD%E5%A4%A7+%E8%BF%91%E8%A6%96+%E9%82%91%E7%BE%A9+%E9%9D%88%E5%A1%94+&oid=1811518 HTTP/1.1" 200 3900
66.249.77.195 - - [07/Feb/2014:06:56:25 +0800] "GET /content/nav/relationSubject.jsp?relationWords=%E5%A2%8A%E9%82%84%E6%A1%88+%E6%97%A5%E6%B2%BB%E6%99%82%E4%BB%A3+%E6%9E%97%E6%98%8C%E6%9C%9F+%E8%B2%A1%E6%94%BF+%E8%B2%A1%E6%94%BF%E5%BB%B3+%E8%B3%A0%E5%84%9F%E9%87%91+&oid=1516329 HTTP/1.1" 200 5603
218.30.103.216 - - [07/Feb/2014:06:56:25 +0800] "GET /content/subject/resource_content.jsp?oid=16777328&queryType=qc HTTP/1.1" 200 34592
66.249.77.195 - - [07/Feb/2014:06:56:26 +0800] "GET /content/nav/relationSubject.jsp?relationWords=%E5%9C%B0%E4%B8%8A%E7%89%A9+%E5%A4%A7%E5%AF%AE+%E6%A9%AB%E5%B1%B1%E9%84%89+%E8%BE%B2%E6%9E%97+%E8%BE%B2%E6%9E%97%E9%A1%9E+%E9%80%A0%E6%9E%97+&oid=1557491 HTTP/1.1" 200 4356
66.249.77.195 - - [07/Feb/2014:06:56:27 +0800] "GET /content/nav/relationSubject.jsp?relationWords=&oid=33554836 HTTP/1.1" 200 1413
218.30.103.216 - - [07/Feb/2014:06:56:56 +0800] "GET /content/subject/resource_content.jsp?oid=16777432&queryType=qc HTTP/1.1" 200 27873
66.249.77.195 - - [07/Feb/2014:06:57:22 +0800] "GET /content/repository/resource_content.jsp?oid=2151916 HTTP/1.1" 200 29831
66.249.74.221 - - [07/Feb/2014:06:57:47 +0800] "GET /content/subject/resource_content.jsp?oid=16777722&queryString=%E4%BA%BA%E5%90%8D%E6%AC%8A%E5%A8%81%20%E8%BE%9B%E4%BA%A5%E9%9D%A9%E5%91%BD HTTP/1.1" 200 27743
66.249.77.195 - - [07/Feb/2014:06:58:45 +0800] "GET /content/repository/resource_content.jsp?oid=2681530&queryString=%E5%85%AD%E5%BA%9C%E4%BA%BA%20%E5%9C%8B%E6%B0%91%E5%B0%8F%E5%AD%B8%20%E6%95%88%E7%8E%87%E6%A1%88%20%E6%B4%A5%E8%B2%BC%20%E7%A7%91%E4%BB%BB%E6%95%99%E5%B8%AB HTTP/1.1" 200 29262
66.249.77.195 - - [07/Feb/2014:06:58:55 +0800] "GET /content/subject/resource_content.jsp?oid=16777527 HTTP/1.1" 200 26627
66.249.77.8 - - [07/Feb/2014:06:59:23 +0800] "GET /content/subject/resource_content.jsp?oid=16777376&queryType=qc HTTP/1.1" 200 34885
66.249.77.195 - - [07/Feb/2014:06:59:41 +0800] "GET /content/subject/resource_content.jsp?oid=16777704&queryString=%E5%9C%8B%E7%88%B6%20%E5%B8%82%E8%AD%B0%E6%9C%83%20%E6%8D%90%E4%BA%8B%20%E7%B4%80%E5%BF%B5%E9%A4%A8%20%E8%87%BA%E7%81%A3%E7%9C%81%E8%AD%B0%E6%9C%83%20%E8%AD%B0%E9%95%B7 HTTP/1.1" 200 25359
66.249.77.195 - - [07/Feb/2014:06:59:47 +0800] "GET /content/repository/resource_content.jsp?oid=1458875 HTTP/1.1" 200 29647
218.30.103.216 - - [07/Feb/2014:07:00:06 +0800] "GET /digiarch_en/content/subject/resource_content.jsp?oid=16777271&queryType=qc HTTP/1.1" 200 22966
66.249.74.221 - - [07/Feb/2014:07:00:07 +0800] "GET /content/nav/relationSubject.jsp?relationWords=%E8%96%B9%E5%B1%AC+%E9%B3%B3%E5%87%B0%E5%AE%BF%E6%9F%B1%E8%96%B9+&oid=1456985 HTTP/1.1" 200 3068
66.249.77.195 - - [07/Feb/2014:07:00:08 +0800] "GET /content/nav/relationSubject.jsp?relationWords=%E6%A4%8D%E7%89%A9%E7%95%8C+%E6%B0%B4%E9%B4%A8%E8%85%B3+%E7%A7%8B%E6%B5%B7%E6%A3%A0%E5%B1%AC+%E7%A7%8B%E6%B5%B7%E6%A3%A0%E7%A7%91+%E8%8F%AB%E8%8F%9C+&oid=1456998 HTTP/1.1" 200 3393
66.249.77.195 - - [07/Feb/2014:07:00:09 +0800] "GET /content/nav/relationSubject.jsp?relationWords=%E5%83%91%E8%B3%87+%E7%9C%81%E6%94%BF%E5%BA%9C+%E8%82%A1%E4%BB%BD%E6%9C%89%E9%99%90%E5%85%AC%E5%8F%B8+%E8%87%BA%E5%8C%97%E5%B8%82+%E9%AB%98%E9%9B%84%E6%B8%AF%E5%8B%99%E5%B1%80+&oid=1531206 HTTP/1.1" 200 4725
66.249.77.195 - - [07/Feb/2014:07:00:10 +0800] "GET /content/nav/relationSubject.jsp?relationWords=%E5%B0%8F%E8%98%97%E5%B1%AC+%E6%A4%8D%E7%89%A9%E7%95%8C+%E6%AF%9B%E8%8C%9B+%E7%8E%89%E5%B1%B1%E5%B0%8F%E8%98%97+&oid=1457465 HTTP/1.1" 200 3337
66.249.77.195 - - [07/Feb/2014:07:00:12 +0800] "GET /content/nav/relationSubject.jsp?relationWords=%E5%90%8C%E6%A5%AD%E5%85%AC%E6%9C%83+%E5%95%86%E8%89%B1%E6%A1%88+%E6%9E%97%E6%BA%AA%E5%9C%B3+%E7%9C%81%E6%94%BF%E5%BA%9C+%E8%87%BA%E7%81%A3%E7%9C%81+%E8%A1%9B%E7%94%9F%E8%99%95+%E8%A1%9B%E7%94%9F%E9%83%A8+%E8%A5%BF%E8%97%A5%E7%A8%AE%E5%95%86+%E9%BB%83%E5%AE%97%E7%84%9C+&oid=1521767 HTTP/1.1" 200 4895
66.249.77.195 - - [07/Feb/2014:07:00:13 +0800] "GET /content/nav/relationSubject.jsp?relationWords=&oid=826775 HTTP/1.1" 200 1413
66.249.77.195 - - [07/Feb/2014:07:00:14 +0800] "GET /content/nav/relationSubject.jsp?relationWords=%E9%81%94%E8%B3%B4+&oid=827445 HTTP/1.1" 200 3113
66.249.77.195 - - [07/Feb/2014:07:00:15 +0800] "GET /content/nav/relationSubject.jsp?relationWords=%E4%B8%AD%E8%85%B9%E8%B6%B3%E7%9B%AE+%E5%AF%B6%E8%9E%BA+%E5%AF%B6%E8%9E%BA%E5%B1%AC+%E5%AF%B6%E8%9E%BA%E7%A7%91+%E7%90%A5%E7%8F%80+%E8%85%B9%E8%B6%B3%E7%B6%B1+&oid=1636731 HTTP/1.1" 200 3466
66.249.74.221 - - [07/Feb/2014:07:00:16 +0800] "GET /content/nav/relationSubject.jsp?relationWords=%E9%AD%9A%E9%A1%9E%E6%A8%99%E6%9C%AC+&oid=3809578 HTTP/1.1" 200 1426
66.249.74.221 - - [07/Feb/2014:07:00:17 +0800] "GET /content/nav/relationSubject.jsp?relationWords=%E5%B1%B1%E6%9F%91%E5%B1%AC+%E6%A4%8D%E7%89%A9%E7%95%8C+%E7%99%BD%E8%8A%B1%E8%8F%9C+%E7%99%BD%E8%8A%B1%E8%8F%9C%E7%A7%91+%E9%8A%B3%E8%91%89%E5%B1%B1%E6%9F%91+&oid=1457526 HTTP/1.1" 200 3412
218.30.103.216 - - [07/Feb/2014:07:00:19 +0800] "GET /digiarch_en/content/subject/resource_content.jsp?oid=16777434&queryType=qc HTTP/1.1" 200 26333
66.249.77.195 - - [07/Feb/2014:07:01:48 +0800] "GET /content/repository/resource_content.jsp?oid=1518087 HTTP/1.1" 200 27638
218.30.103.216 - - [07/Feb/2014:07:02:05 +0800] "GET /content/repository/resource_content.jsp?oid=14808&queryString=%E4%B8%AD%E5%9C%8B%20%E6%96%B9%E9%BC%8E%20%E9%9B%B2%E9%9B%B7%E7%B4%8B%E5%88%97%E9%BC%8E%20%E9%9D%92%E9%8A%85%E5%99%A8 HTTP/1.1" 200 33014
66.249.77.195 - - [07/Feb/2014:07:02:05 +0800] "GET /content/repository/resource_content.jsp?oid=2681537&queryString=%E5%85%AB%E4%B8%80%E4%B8%89%20%E5%A0%A4%E9%98%B2%E6%A1%88%20%E5%BA%9C%E5%BB%BA%E6%B0%B4%20%E6%90%B6%E4%BF%AE%20%E6%AA%A8%E4%BB%94%20%E6%B0%B4%E5%AD%97%20%E7%99%BD%E6%B2%B3%E9%8E%AE%20%E8%87%BA%E5%8D%97%E7%B8%A3 HTTP/1.1" 200 29231
66.249.77.195 - - [07/Feb/2014:07:02:12 +0800] "GET /content/repository/resource_content.jsp?oid=2150872 HTTP/1.1" 200 29722
66.249.77.195 - - [07/Feb/2014:07:02:47 +0800] "GET /content/nav/relationSubject.jsp?relationWords=%E7%A8%BB%E8%B0%B7+&oid=1601879 HTTP/1.1" 200 5705
66.249.77.195 - - [07/Feb/2014:07:03:00 +0800] "GET /content/repository/resource_content.jsp?oid=1776576 HTTP/1.1" 200 26502
66.249.77.195 - - [07/Feb/2014:07:03:24 +0800] "GET /content/repository/resource_content.jsp?oid=1816818 HTTP/1.1" 200 28290
218.30.103.216 - - [07/Feb/2014:07:04:05 +0800] "GET /content/repository/resource_content.jsp?oid=2569326&queryType=qs&queryString=%E5%B9%B4%E7%BE%B9%E5%A0%AF HTTP/1.1" 200 28861
220.181.108.81 - - [07/Feb/2014:07:04:41 +0800] "GET /content/repository/resource_content.jsp?oid=2540079 HTTP/1.1" 200 28849
66.249.77.195 - - [07/Feb/2014:07:04:42 +0800] "GET /content/nav/relationSubject.jsp?relationWords=%E4%B8%89%E9%87%8D%E5%B8%82+%E4%B8%BB%E8%A8%88%E8%99%95+%E5%9C%B0%E6%94%BF%E5%B1%80+%E5%BB%BA%E8%A8%AD%E5%BB%B3+%E5%BC%B5%E5%AF%8C+%E5%BC%B5%E6%8C%AF+%E5%BC%B5%E6%8C%AF%E7%94%9F+%E5%BE%90%E8%BC%9D%E5%9C%8B+%E6%8C%AF%E7%94%9F+%E6%9D%8E%E5%BB%BA+%E6%9D%8E%E5%BB%BA%E5%92%8C+%E6%9D%8E%E7%82%B3%E7%9B%9B+%E6%9E%97%E5%8B%99%E5%B1%80+%E6%B0%B4%E5%88%A9%E5%B1%80+%E6%B0%B4%E5%9C%9F+%E6%B0%B4%E5%9C%9F%E4%BF%9D%E6%8C%81+%E6%B0%B4%E6%AC%8A+%E6%B2%B3%E5%BA%95+%E8%87%BA%E5%8C%97%E5%B8%82+%E8%87%BA%E5%8C%97%E7%B8%A3+%E8%94%A3%E5%A4%A9+%E8%B2%A1%E6%94%BF+%E8%B2%A1%E6%94%BF%E5%BB%B3+%E8%B3%AA%E8%A9%A2+%E8%BE%B2%E6%9E%97+%E8%BE%B2%E6%9E%97%E5%BB%B3+%E8%BE%B2%E7%94%B0%E6%B0%B4%E5%88%A9%E6%9C%83+%E9%99%B3%E8%8F%AF+%E9%99%B3%E8%8F%AF%E5%AE%97+%E9%A0%90%E7%AE%97+%E9%A2%A8%E7%81%BD+%E9%B6%AF%E6%AD%8C+%E9%BB%83%E5%A5%87+%E9%BB%83%E5%A5%87%E6%AD%A3+&oid=1564669 HTTP/1.1" 200 6022
66.249.77.195 - - [07/Feb/2014:07:04:43 +0800] "GET /content/nav/relationSubject.jsp?relationWords=%E5%9C%9F%E5%9C%B0%E6%94%BF%E7%AD%96+&oid=1585772 HTTP/1.1" 200 6798
218.30.103.216 - - [07/Feb/2014:07:04:44 +0800] "GET /digiarch_en/content/subject/resource_content.jsp?oid=16777436&queryType=qc HTTP/1.1" 200 22044
66.249.74.221 - - [07/Feb/2014:07:04:45 +0800] "GET /content/nav/relationSubject.jsp?relationWords=%E5%8D%97%E8%BF%B4%E9%90%B5%E8%B7%AF+&oid=1585880 HTTP/1.1" 200 16144
66.249.77.195 - - [07/Feb/2014:07:04:45 +0800] "GET /content/nav/relationSubject.jsp?relationWords=%E5%A4%A7%E6%BA%AA%E9%8E%AE+%E5%BE%A9%E8%88%88%E9%84%89+%E7%94%9F%E6%B4%BB%E8%B2%BB%E6%A1%88+%E7%9C%81%E6%94%BF%E5%BA%9C+%E7%9F%B3%E9%96%80%E6%B0%B4%E5%BA%AB+%E7%A8%BB%E4%BD%9C+%E8%A7%80%E9%9F%B3%E9%84%89+&oid=1530914 HTTP/1.1" 200 4780
66.249.77.195 - - [07/Feb/2014:07:04:46 +0800] "GET /content/nav/relationSubject.jsp?relationWords=%E5%BD%B0%E6%BF%B1%E9%81%8A%E6%A8%82%E5%8D%80+%E9%81%8A%E6%A8%82%E5%8D%80+&oid=1604238 HTTP/1.1" 200 16472
66.249.77.195 - - [07/Feb/2014:07:04:47 +0800] "GET /content/nav/relationSubject.jsp?relationWords=%E5%88%BA%E5%8F%B2+%E6%9B%B9%E6%B0%8F+%E9%80%A0%E5%83%8F%E8%A8%98+&oid=1826413 HTTP/1.1" 200 4076
66.249.77.195 - - [07/Feb/2014:07:04:48 +0800] "GET /content/nav/relationSubject.jsp?relationWords=%E6%96%87%E8%9B%A4+%E6%96%87%E8%9B%A4%E5%B1%AC+%E7%B0%BE%E8%9B%A4+%E7%B0%BE%E8%9B%A4%E7%9B%AE+%E7%B0%BE%E8%9B%A4%E7%A7%91+%E8%9B%A4%E7%A7%91+%E9%9B%99%E6%AE%BC%E7%B6%B1+%E9%9F%93%E5%9C%8B%E6%96%87%E8%9B%A4+&oid=1887073 HTTP/1.1" 200 3823
66.249.77.195 - - [07/Feb/2014:07:04:49 +0800] "GET /content/nav/relationSubject.jsp?relationWords=%E5%9C%B0%E5%BD%A2%E5%9C%96+%E6%94%BF%E5%92%8C+&oid=184389 HTTP/1.1" 200 3100
66.249.77.195 - - [07/Feb/2014:07:04:50 +0800] "GET /content/nav/relationSubject.jsp?relationWords=%E5%B5%8C%E7%89%87+%E8%B1%AC%E7%89%99+%E8%B1%AC%E7%89%99%E9%91%B2%E5%B5%8C%E7%89%87+%E9%91%B2%E5%B5%8C+%E9%91%B2%E5%B5%8C%E7%89%87+&oid=1863590 HTTP/1.1" 200 3980
66.249.77.195 - - [07/Feb/2014:07:04:51 +0800] "GET /content/nav/relationSubject.jsp?relationWords=%E6%9F%B3%E8%91%89%E5%BD%A2%E7%AE%AD+%E6%B3%B0%E9%9B%85+%E6%B3%B0%E9%9B%85%E6%97%8F+%E8%91%89%E5%BD%A2+&oid=1783117 HTTP/1.1" 200 3895
66.249.74.221 - - [07/Feb/2014:07:04:52 +0800] "GET /content/nav/relationSubject.jsp?relationWords=%E9%8E%AE%E5%A2%93%E7%8D%B8+%E9%BE%8D%E5%B4%97+&oid=1808844 HTTP/1.1" 200 3449
66.249.77.195 - - [07/Feb/2014:07:04:52 +0800] "GET /content/nav/relationSubject.jsp?relationWords=%E8%92%BC%E9%BE%8D%E9%A3%9F%E9%AD%9A+&oid=1808544 HTTP/1.1" 200 3121
66.249.74.221 - - [07/Feb/2014:07:04:53 +0800] "GET /content/nav/relationSubject.jsp?relationWords=%E5%9C%B0%E5%BD%A2%E5%9C%96+%E7%86%B1%E6%B2%B3%E7%9C%81+%E8%88%88%E9%9A%86%E6%BA%9D+&oid=179123 HTTP/1.1" 200 3140
66.249.77.195 - - [07/Feb/2014:07:04:54 +0800] "GET /content/nav/relationSubject.jsp?relationWords=%E5%8F%A3%E7%90%B4+%E6%B3%B0%E9%9B%85+%E6%B3%B0%E9%9B%85%E6%97%8F+&oid=1782932 HTTP/1.1" 200 3847
66.249.77.195 - - [07/Feb/2014:07:04:55 +0800] "GET /content/nav/relationSubject.jsp?relationWords=%E7%B6%81%E8%85%BF+&oid=1782188 HTTP/1.1" 200 2963
66.249.77.195 - - [07/Feb/2014:07:04:56 +0800] "GET /content/nav/relationSubject.jsp?relationWords=%E5%8D%97%E9%99%BD%E7%B8%A3+%E8%92%BC%E9%BE%8D%E9%A3%9F%E9%AD%9A+%E9%A1%8C%E8%A8%98+&oid=1807465 HTTP/1.1" 200 4123
66.249.74.221 - - [07/Feb/2014:07:04:57 +0800] "GET /content/nav/relationSubject.jsp?relationWords=%E5%B5%8C%E7%89%87+%E5%B9%B3%E8%A1%8C%E8%84%8A+%E5%B9%B3%E8%A1%8C%E8%84%8A%E7%9F%B3+%E7%9F%B3%E5%B5%8C%E7%89%87+%E8%84%8A%E7%9F%B3%E5%B5%8C%E7%89%87+&oid=1850638 HTTP/1.1" 200 3225
218.30.103.216 - - [07/Feb/2014:07:04:58 +0800] "GET /content/repository/resource_content.jsp?oid=1115968 HTTP/1.1" 200 28797
66.249.77.195 - - [07/Feb/2014:07:04:58 +0800] "GET /content/nav/relationSubject.jsp?relationWords=%E8%B1%9A%E5%8D%A3+&oid=1828133 HTTP/1.1" 200 3092
66.249.77.195 - - [07/Feb/2014:07:04:59 +0800] "GET /content/nav/relationSubject.jsp?relationWords=%E6%B3%B0%E9%9B%85+%E6%B3%B0%E9%9B%85%E6%97%8F+%E7%B1%90%E5%B8%BD+&oid=1782973 HTTP/1.1" 200 3820
66.249.77.195 - - [07/Feb/2014:07:04:59 +0800] "GET /content/nav/relationSubject.jsp?relationWords=%E6%9E%97%E6%98%A5+%E6%9E%97%E6%AD%A3+%E6%A5%8A%E7%A7%8B+%E6%A5%8A%E7%A7%8B%E8%88%88+%E6%B1%9F%E4%B8%8A%E6%B8%85+%E7%A7%8B%E8%88%88+&oid=1894384 HTTP/1.1" 200 3416
66.249.77.195 - - [07/Feb/2014:07:05:00 +0800] "GET /content/nav/relationSubject.jsp?relationWords=%E5%B5%8C%E7%89%87+%E5%B9%B3%E8%A1%8C%E8%84%8A+%E5%B9%B3%E8%A1%8C%E8%84%8A%E7%9F%B3+%E7%9F%B3%E5%B5%8C%E7%89%87+%E8%84%8A%E7%9F%B3%E5%B5%8C%E7%89%87+&oid=1877049 HTTP/1.1" 200 3225
66.249.77.195 - - [07/Feb/2014:07:05:03 +0800] "GET /content/nav/relationSubject.jsp?relationWords=%E5%BC%B5%E4%BF%8A%E9%9B%84+%E9%87%91%E5%BE%B7+%E9%99%B3%E9%87%91+&oid=1889628 HTTP/1.1" 200 3802
66.249.77.195 - - [07/Feb/2014:07:05:04 +0800] "GET /content/nav/relationSubject.jsp?relationWords=%E5%9C%B0%E5%BD%A2%E5%9C%96+%E9%80%A3%E6%B1%9F%E7%B8%A3+&oid=186717 HTTP/1.1" 200 3141
66.249.74.221 - - [07/Feb/2014:07:05:05 +0800] "GET /content/nav/relationSubject.jsp?relationWords=%E6%96%B9%E5%BD%9D+&oid=1875429 HTTP/1.1" 200 3082
218.30.103.216 - - [07/Feb/2014:07:05:12 +0800] "GET /content/repository/resource_content.jsp?oid=1516578 HTTP/1.1" 200 27748
66.249.77.195 - - [07/Feb/2014:07:05:25 +0800] "GET /content/repository/resource_content.jsp?oid=2681537&queryString=%E6%90%B6%E4%BF%AE%20%E6%B0%91%E9%98%B2%20%E9%98%B2%E7%A9%BA HTTP/1.1" 200 29231
66.249.77.195 - - [07/Feb/2014:07:07:42 +0800] "GET /content/nav/relationSubject.jsp?relationWords=%E6%9C%A8%E8%97%8D+%E6%9C%A8%E8%97%8D%E5%B1%AC+%E6%A4%8D%E7%89%A9%E7%95%8C+%E7%A9%97%E8%8A%B1%E6%9C%A8%E8%97%8D+%E8%A0%B6%E8%B1%86+%E9%9B%99%E5%AD%90%E8%91%89+%E9%9B%99%E5%AD%90%E8%91%89%E6%A4%8D%E7%89%A9+&oid=2151916 HTTP/1.1" 200 3458
66.249.74.221 - - [07/Feb/2014:07:07:43 +0800] "GET /content/nav/relationSubject.jsp?relationWords=%E5%90%89%E7%B4%8D%E6%AA%80+%E6%A4%8D%E7%89%A9%E7%95%8C+%E7%B4%AB%E6%AA%80+%E8%A0%B6%E8%B1%86+%E9%9B%99%E5%AD%90%E8%91%89+%E9%9B%99%E5%AD%90%E8%91%89%E6%A4%8D%E7%89%A9+&oid=2150872 HTTP/1.1" 200 3378
66.249.77.195 - - [07/Feb/2014:07:07:45 +0800] "GET /content/nav/relationSubject.jsp?relationWords=%E6%9E%97%E6%9C%A8%E5%8D%BF+&oid=1518087 HTTP/1.1" 200 1898
66.249.74.221 - - [07/Feb/2014:07:07:46 +0800] "GET /content/nav/relationSubject.jsp?relationWords=%E5%A4%A7%E6%B3%95%E8%9E%BA+%E6%B3%95%E8%9E%BA+%E6%B3%95%E8%9E%BA%E7%A7%91+%E7%95%B0%E8%B6%B3%E7%9B%AE+%E7%99%BD%E6%B3%95%E8%9E%BA+%E8%82%89%E8%9E%BA+%E8%85%B9%E8%B6%B3%E7%B6%B1+&oid=523952 HTTP/1.1" 200 3624
66.249.77.62 - - [07/Feb/2014:07:08:14 +0800] "GET /digiarch3/content/repository/resource_content.jsp?oid=517984&queryType=qc HTTP/1.1" 200 39951
66.249.77.195 - - [07/Feb/2014:07:08:45 +0800] "GET /content/repository/resource_content.jsp?oid=2681602&queryString=%E8%A0%B9%E5%BD%B9%20%E9%A3%AD%E7%A6%81 HTTP/1.1" 200 29169
218.30.103.216 - - [07/Feb/2014:07:09:10 +0800] "GET /digiarch_en/content/tmp_auth/resource_content.jsp?oid=16777678 HTTP/1.1" 200 28155
66.249.77.195 - - [07/Feb/2014:07:10:39 +0800] "GET /content/repository/resource_content.jsp?oid=1101100&queryString=%E6%A4%8D%E7%89%A9%E7%95%8C%20%E6%B7%A1%E7%B6%A0%E8%91%89%E8%A1%9B%E7%9F%9B%20%E8%A1%9B%E7%9F%9B%20%E8%A1%9B%E7%9F%9B%E5%B1%AC%20%E8%A1%9B%E7%9F%9B%E7%A7%91 HTTP/1.1" 200 30112
61.135.249.195 - - [07/Feb/2014:07:10:41 +0800] "GET /content/subject/resource_content.jsp?oid=16777624&queryType=qc HTTP/1.1" 200 118510
199.30.20.68 - - [07/Feb/2014:07:11:00 +0800] "GET /content/repository/resource_content.jsp?oid=1530004 HTTP/1.1" 200 27576
61.135.249.195 - - [07/Feb/2014:07:11:16 +0800] "GET /content/subject/resource_content.jsp?oid=16777581&queryType=qc HTTP/1.1" 200 47539
180.76.6.42 - - [07/Feb/2014:07:11:43 +0800] "GET /content/tmp_auth/resource_content.jsp?oid=16777433 HTTP/1.1" 200 26827
66.249.77.195 - - [07/Feb/2014:07:12:04 +0800] "GET /content/repository/resource_content.jsp?oid=2681912&queryString=%E5%85%A9%E6%B5%99 HTTP/1.1" 200 29418
218.30.103.216 - - [07/Feb/2014:07:12:38 +0800] "GET /digiarch_en/content/tmp_tec/resource_content.jsp?oid=16777724 HTTP/1.1" 200 20016
218.30.103.216 - - [07/Feb/2014:07:12:52 +0800] "GET /content/subject/resource_content.jsp?oid=16777609&queryType=qc HTTP/1.1" 200 57382
61.135.249.195 - - [07/Feb/2014:07:13:18 +0800] "GET /content/subject/resource_content.jsp?oid=16777350&queryType=qc HTTP/1.1" 200 35787
218.30.103.216 - - [07/Feb/2014:07:13:42 +0800] "GET /content/subject/resource_content.jsp?oid=16777672&queryType=qc HTTP/1.1" 200 34277
218.30.103.216 - - [07/Feb/2014:07:13:55 +0800] "GET /content/subject/resource_content.jsp?oid=16777514&queryType=qc HTTP/1.1" 200 41863
66.249.74.221 - - [07/Feb/2014:07:14:16 +0800] "GET /content/repository/resource_content.jsp?oid=1591789 HTTP/1.1" 200 27876
66.249.74.221 - - [07/Feb/2014:07:14:38 +0800] "GET /content/nav/relationSubject.jsp?relationWords=%E5%90%8F%E9%83%A8+%E7%9F%A5%E5%BA%9C+%E7%BC%BA%E4%BA%8B+&oid=2681461 HTTP/1.1" 200 3176
218.30.103.216 - - [07/Feb/2014:07:14:47 +0800] "GET /content/subject/resource_content.jsp?oid=16777749&queryType=qc HTTP/1.1" 200 40261
218.30.103.216 - - [07/Feb/2014:07:15:00 +0800] "GET /content/subject/resource_content.jsp?oid=16777520&queryType=qc HTTP/1.1" 200 22810
66.249.77.236 - - [07/Feb/2014:07:15:04 +0800] "GET /content/subject/resource_content.jsp?oid=16777332&queryType=qc HTTP/1.1" 200 31816
218.30.103.216 - - [07/Feb/2014:07:15:12 +0800] "GET /content/tmp_exh/resource_content.jsp?oid=16777716&queryType=qc HTTP/1.1" 200 24569
66.249.74.221 - - [07/Feb/2014:07:15:25 +0800] "GET /content/repository/resource_content.jsp?oid=2682920&queryString=%E5%83%B9%E9%8A%80%20%E5%B7%A1%E6%92%AB%20%E9%8A%80%E4%BA%8B HTTP/1.1" 200 29309
218.30.103.216 - - [07/Feb/2014:07:15:26 +0800] "GET /content/subject/resource_content.jsp?oid=16777721&queryType=qc HTTP/1.1" 200 35368
218.30.103.216 - - [07/Feb/2014:07:15:37 +0800] "GET /content/subject/resource_content.jsp?oid=16777738&queryType=qc HTTP/1.1" 200 49803
61.135.249.195 - - [07/Feb/2014:07:15:48 +0800] "GET /content/subject/resource_content.jsp?oid=16777744&queryType=qc HTTP/1.1" 200 40149
218.30.103.216 - - [07/Feb/2014:07:15:50 +0800] "GET /content/subject/resource_content.jsp?oid=16777753&queryType=qc HTTP/1.1" 200 35850
218.30.103.216 - - [07/Feb/2014:07:16:03 +0800] "GET /content/subject/resource_content.jsp?oid=16777471&queryType=qc HTTP/1.1" 200 29269
218.30.103.216 - - [07/Feb/2014:07:16:56 +0800] "GET /content/tmp_tec/resource_content.jsp?oid=16777728 HTTP/1.1" 200 57827
66.249.77.195 - - [07/Feb/2014:07:17:05 +0800] "GET /content/repository/resource_content.jsp?oid=1591728 HTTP/1.1" 200 28027
218.30.103.216 - - [07/Feb/2014:07:17:08 +0800] "GET /content/tmp_auth/resource_content.jsp?oid=16777666 HTTP/1.1" 200 28121
66.249.77.195 - - [07/Feb/2014:07:17:29 +0800] "GET /content/repository/resource_content.jsp?oid=1582857 HTTP/1.1" 200 27719
218.30.103.216 - - [07/Feb/2014:07:17:30 +0800] "GET /digiarch_en/content/pictures/picture_content.jsp?oid=33554634&queryType=qc HTTP/1.1" 200 21068
218.30.103.216 - - [07/Feb/2014:07:17:41 +0800] "GET /digiarch_en/content/pictures/picture_content.jsp?oid=33554732&queryType=qc HTTP/1.1" 200 21227
66.249.77.195 - - [07/Feb/2014:07:17:53 +0800] "GET /content/repository/resource_content.jsp?oid=1582878 HTTP/1.1" 200 28089
66.249.77.195 - - [07/Feb/2014:07:18:21 +0800] "GET /content/nav/relationSubject.jsp?relationWords=%E8%A0%B9%E5%BD%B9+&oid=2681602 HTTP/1.1" 200 3104
66.249.74.221 - - [07/Feb/2014:07:18:22 +0800] "GET /content/nav/relationSubject.jsp?relationWords=%E8%80%97%E7%BE%A8%E9%8A%80+%E9%8A%80%E4%BA%8B+&oid=2682920 HTTP/1.1" 200 3151
66.249.77.195 - - [07/Feb/2014:07:18:23 +0800] "GET /content/nav/relationSubject.jsp?relationWords=%E5%85%A9%E6%B5%99+%E5%90%8F%E9%83%A8+&oid=2681912 HTTP/1.1" 200 3144
66.249.74.221 - - [07/Feb/2014:07:18:42 +0800] "GET /content/subject/resource_content.jsp?oid=16777586&queryString=%E6%95%99%E6%A1%88%20%E9%AB%94%E8%82%B2 HTTP/1.1" 200 30876
66.249.77.195 - - [07/Feb/2014:07:18:44 +0800] "GET /content/repository/resource_content.jsp?oid=2682920&queryString=%E5%B7%A1%E6%92%AB%20%E9%8A%80%E4%BA%8B HTTP/1.1" 200 29332
218.30.103.216 - - [07/Feb/2014:07:19:21 +0800] "GET /digiarch_en/content/subject/resource_content.jsp?oid=16777458&queryType=qc HTTP/1.1" 200 24979
218.30.103.216 - - [07/Feb/2014:07:19:33 +0800] "GET /digiarch_en/content/repository/resource_content.jsp?oid=1125273&queryType=qc HTTP/1.1" 200 24275
218.30.103.216 - - [07/Feb/2014:07:19:44 +0800] "GET /digiarch_en/content/repository/resource_content.jsp?oid=523986&queryType=qc HTTP/1.1" 200 26421
66.249.77.195 - - [07/Feb/2014:07:21:06 +0800] "GET /content/subject/resource_content.jsp?oid=16777511 HTTP/1.1" 200 22667
218.30.103.216 - - [07/Feb/2014:07:21:24 +0800] "GET /content/tmp_exh/resource_content.jsp?oid=16777718&queryType=qc HTTP/1.1" 200 30339
218.30.103.216 - - [07/Feb/2014:07:21:35 +0800] "GET /content/tmp_exh/resource_content.jsp?oid=16777756&queryType=qc HTTP/1.1" 302 -
218.30.103.216 - - [07/Feb/2014:07:21:44 +0800] "GET /content/tmp_exh/resource_content.jsp?oid=16777756&queryType=qc%201890 HTTP/1.1" 302 -
66.249.74.221 - - [07/Feb/2014:07:22:08 +0800] "GET /content/repository/resource_content.jsp?oid=2682934&queryString=%E5%A3%BD%E5%A9%A6%20%E7%A6%AE%E9%83%A8 HTTP/1.1" 200 29256
218.30.103.216 - - [07/Feb/2014:07:22:18 +0800] "GET /content/tmp_tec/resource_content.jsp?oid=16777675 HTTP/1.1" 200 30531
66.249.77.172 - - [07/Feb/2014:07:22:18 +0800] "GET /content/subject/resource_content.jsp?oid=16777330&queryString=%E5%B1%B1%E6%AB%BB%E8%8A%B1 HTTP/1.1" 200 29470
218.30.103.216 - - [07/Feb/2014:07:22:29 +0800] "GET /content/tmp_tec/resource_content.jsp?oid=16777717 HTTP/1.1" 200 30174
66.249.74.221 - - [07/Feb/2014:07:22:43 +0800] "GET /content/repository/resource_content.jsp?oid=1083793 HTTP/1.1" 200 28642
