66.249.71.64 - - [26/Jul/2015:09:00:15 +0800] "GET /digiarch_en/content/repository/resource_content.jsp?oid=1616605&queryString=%E7%9C%8B%E6%9D%BF%20%E7%A0%82%E7%B3%96 HTTP/1.1" 200 22984
66.249.71.60 - - [26/Jul/2015:09:00:35 +0800] "GET /content/nav/relationSubject.jsp?relationWords=%E5%9D%90%E5%90%8D%E6%95%95%E6%9B%B8+%E7%B8%BD%E5%85%B5%E5%AE%98+&oid=2615551 HTTP/1.1" 200 3203
66.249.71.72 - - [26/Jul/2015:09:00:38 +0800] "GET /content/nav/relationSubject.jsp?relationWords=%E5%9D%90%E5%90%8D%E6%95%95%E6%9B%B8%20%E7%B8%BD%E5%85%B5%E5%AE%98%20&oid=2615551 HTTP/1.1" 200 3203
66.249.71.64 - - [26/Jul/2015:09:01:08 +0800] "GET /content/pictures/picture_content.jsp?oid=33554788 HTTP/1.1" 200 27718
66.249.71.113 - - [26/Jul/2015:09:01:22 +0800] "GET /content/repository/resource_content.jsp?oid=281092&queryType=qs&queryString=%E5%BE%8B%E4%BB%A4 HTTP/1.1" 200 30380
66.249.71.45 - - [26/Jul/2015:09:02:00 +0800] "GET /content/repository/resource_content.jsp?oid=4362033&queryType=qs&queryString=%E5%8C%97%E6%B8%AF%E6%9C%9D%E5%A4%A9%E5%AE%AE HTTP/1.1" 200 28346
66.249.71.105 - - [26/Jul/2015:09:02:30 +0800] "GET /content/repository/resource_content.jsp?oid=4471102&queryType=qs&queryString=%E6%98%8E%E6%B2%BB%E7%A5%9E%E5%AE%AE HTTP/1.1" 200 28205
207.46.13.135 - - [26/Jul/2015:09:02:46 +0800] "GET /content/subject/resource_content.jsp?oid=16797287&queryType=qc HTTP/1.1" 200 88697
66.249.71.113 - - [26/Jul/2015:09:03:37 +0800] "GET /content/repository/resource_content.jsp?oid=1852407&queryType=qs&queryString=%E9%AA%A8%E9%A3%BE HTTP/1.1" 200 30517
66.249.71.60 - - [26/Jul/2015:09:03:45 +0800] "GET /content/subject/resource_content.jsp?oid=16777736 HTTP/1.1" 200 43184
66.249.71.121 - - [26/Jul/2015:09:04:45 +0800] "GET /content/repository/resource_content.jsp?oid=1811107&queryType=qs&queryString=%E6%9B%BE%E5%8F%83 HTTP/1.1" 200 48819
66.249.71.105 - - [26/Jul/2015:09:05:53 +0800] "GET /content/repository/resource_content.jsp?oid=2667852&queryType=qs&queryString=%E5%BA%84%E7%B3%A7 HTTP/1.1" 200 29807
66.249.71.113 - - [26/Jul/2015:09:05:55 +0800] "GET /content/nav/relationSubject.jsp?relationWords=%E4%BA%BA%E5%90%8D%E6%AC%8A%E5%A8%81%20%E6%9D%8E%E7%B4%94%20%E9%98%AA%E8%B0%B7%20&oid=642085 HTTP/1.1" 200 3062
66.249.71.113 - - [26/Jul/2015:09:07:01 +0800] "GET /content/repository/resource_content.jsp?oid=1548280&queryType=qs&queryString=%E5%BE%81%E5%AF%A6 HTTP/1.1" 200 30249
118.79.201.39 - - [26/Jul/2015:09:07:46 +0800] "GET /content/subject/resource_content.jsp?oid=16777448 HTTP/1.1" 200 34534
180.153.206.20 - - [26/Jul/2015:09:07:48 +0800] "GET /content/subject/resource_content.jsp?oid=16777448 HTTP/1.1" 200 34534
118.79.201.39 - - [26/Jul/2015:09:07:49 +0800] "GET /content/nav/relationSubject.jsp?relationWords=%E5%B1%B1%E8%8C%B6%E8%8A%B1+%E6%9B%BC%E9%99%80%E7%BE%85+%E6%9B%BC%E9%99%80%E7%BE%85%E8%8A%B1+%E8%8C%B6%E8%8A%B1+&oid=16777448 HTTP/1.1" 200 3399
180.153.206.19 - - [26/Jul/2015:09:07:50 +0800] "GET /content/nav/relationSubject.jsp?relationWords=??????????????+??????????+???????????????+?????????+&oid=16777448 HTTP/1.1" 200 1505
66.249.71.60 - - [26/Jul/2015:09:08:06 +0800] "GET /content/tmp_tec/resource_content.jsp?oid=16777714 HTTP/1.1" 200 38293
66.249.71.121 - - [26/Jul/2015:09:08:08 +0800] "GET /content/repository/resource_content.jsp?oid=1806811&queryType=qs&queryString=%E8%BB%8A%E9%A6%AC%E5%87%BA%E8%A1%8C HTTP/1.1" 200 41296
1.163.219.87 - - [26/Jul/2015:09:09:00 +0800] "GET /content/nav/relationSubject.jsp?relationWords=%E5%A4%A7%E8%91%89%E5%B1%B1+%E5%A4%A7%E8%91%89%E5%B1%B1%E6%AC%96+%E5%B1%B1%E6%AC%96+%E6%8B%BC%E6%9D%BF%E8%88%9F+%E9%81%94%E6%82%9F+%E9%81%94%E6%82%9F%E6%97%8F+&oid=16777270 HTTP/1.1" 200 4822
66.249.71.113 - - [26/Jul/2015:09:09:16 +0800] "GET /content/repository/resource_content.jsp?oid=2660133&queryType=qs&queryString=%E5%B8%83%E8%98%AD HTTP/1.1" 200 30198
66.249.71.105 - - [26/Jul/2015:09:10:23 +0800] "GET /content/repository/resource_content.jsp?oid=2626592&queryType=qs&queryString=%E5%B2%B3%E6%B1%A0%E7%B8%A3 HTTP/1.1" 200 29500
66.249.71.105 - - [26/Jul/2015:09:11:31 +0800] "GET /content/repository/resource_content.jsp?oid=1515836&queryType=qs&queryString=%E6%9D%8E%E5%8F%8B%E4%B8%89 HTTP/1.1" 200 28766
123.125.71.91 - - [26/Jul/2015:09:11:32 +0800] "GET /content/repository/resource_content.jsp?oid=2680242 HTTP/1.1" 200 30393
66.249.71.72 - - [26/Jul/2015:09:11:34 +0800] "GET /content/repository/resource_content.jsp?oid=1635502 HTTP/1.1" 200 28954
180.76.15.143 - - [26/Jul/2015:09:11:35 +0800] "GET /content/repository/resource_content.jsp?oid=1110821 HTTP/1.1" 200 30687
66.249.71.60 - - [26/Jul/2015:09:12:26 +0800] "GET /content/repository/resource_content.jsp?oid=2686824 HTTP/1.1" 200 30030
66.249.71.113 - - [26/Jul/2015:09:12:39 +0800] "GET /content/repository/resource_content.jsp?oid=2545683&queryType=qs&queryString=%E5%90%B3%E7%94%A1 HTTP/1.1" 200 29064
66.249.71.72 - - [26/Jul/2015:09:13:09 +0800] "GET /content/nav/relationSubject.jsp?relationWords=%E4%BA%BA%E5%A3%BD%E4%BF%9D%E9%9A%AA+%E4%BF%9D%E9%9A%AA+%E6%97%A5%E6%93%9A%E6%99%82%E4%BB%A3+&oid=1538590 HTTP/1.1" 200 5329
66.249.71.64 - - [26/Jul/2015:09:13:11 +0800] "GET /content/nav/relationSubject.jsp?relationWords=%E4%BA%BA%E5%A3%BD%E4%BF%9D%E9%9A%AA%20%E4%BF%9D%E9%9A%AA%20%E6%97%A5%E6%93%9A%E6%99%82%E4%BB%A3%20&oid=1538590 HTTP/1.1" 200 5329
66.249.71.60 - - [26/Jul/2015:09:13:19 +0800] "GET /content/subject/resource_content.jsp?oid=16777692 HTTP/1.1" 200 36451
66.249.71.105 - - [26/Jul/2015:09:13:46 +0800] "GET /content/repository/resource_content.jsp?oid=783580&queryType=qs&queryString=%E7%85%99%E8%87%BA HTTP/1.1" 200 27743
66.249.71.105 - - [26/Jul/2015:09:13:58 +0800] "GET /content/nav/relationSubject.jsp?relationWords=%E5%90%8F%E9%83%A8%20%E5%A5%8F%E5%8F%83%20&oid=2644605 HTTP/1.1" 200 3136
66.249.71.64 - - [26/Jul/2015:09:14:11 +0800] "GET /content/repository/resource_content.jsp?oid=1124647 HTTP/1.1" 200 28606
220.181.108.161 - - [26/Jul/2015:09:14:50 +0800] "GET /content/subject/resource_content.jsp?oid=16777272&queryType=qc HTTP/1.1" 200 45197
66.249.71.121 - - [26/Jul/2015:09:14:54 +0800] "GET /content/repository/resource_content.jsp?oid=2663731&queryType=qs&queryString=%E7%AB%A5%E7%94%9F HTTP/1.1" 200 30082
220.181.108.78 - - [26/Jul/2015:09:14:54 +0800] "GET /content/nav/relationSubject.jsp?relationWords=%E6%AE%B7%E5%A2%9F+%E8%BB%8A%E9%A6%AC%E5%9D%91+&oid=16777272 HTTP/1.1" 200 3283
66.249.71.60 - - [26/Jul/2015:09:15:03 +0800] "GET /content/repository/resource_content.jsp?oid=2544191 HTTP/1.1" 200 28938
66.249.71.113 - - [26/Jul/2015:09:15:22 +0800] "GET /content/nav/relationSubject.jsp?relationWords=%E5%A1%98%E5%A0%B1%20%E5%B7%A1%E6%92%AB%20%E6%B1%9F%E5%AF%A7%20&oid=2674303 HTTP/1.1" 200 4469
66.249.71.72 - - [26/Jul/2015:09:15:55 +0800] "GET /content/repository/resource_content.jsp?oid=2515709 HTTP/1.1" 200 29547
66.249.71.113 - - [26/Jul/2015:09:16:01 +0800] "GET /content/repository/resource_content.jsp?oid=4352519&queryType=qs&queryString=%E5%BA%B7%E6%B0%8F HTTP/1.1" 200 34351
66.249.71.60 - - [26/Jul/2015:09:16:47 +0800] "GET /content/repository/resource_content.jsp?oid=205977 HTTP/1.1" 200 30462
66.249.71.121 - - [26/Jul/2015:09:17:09 +0800] "GET /content/repository/resource_content.jsp?oid=1834001&queryType=qs&queryString=%E9%9B%99%E9%97%95 HTTP/1.1" 200 34734
66.249.71.72 - - [26/Jul/2015:09:17:35 +0800] "GET /content/nav/relationSubject.jsp?relationWords=%E5%BF%97%E4%BD%B3%E9%99%BD%E6%9D%9C%E9%B5%91+%E6%9D%9C%E9%B5%91+%E6%9D%9C%E9%B5%91%E8%8A%B1+%E7%99%BD%E7%90%89%E7%90%83%E6%9D%9C%E9%B5%91+%E8%91%97%E7%94%9F%E6%9D%9C%E9%B5%91+&oid=16777345 HTTP/1.1" 200 5135
66.249.71.121 - - [26/Jul/2015:09:18:17 +0800] "GET /content/repository/resource_content.jsp?oid=4739359&queryType=qs&queryString=%E6%96%87%E6%A8%82 HTTP/1.1" 200 30126
66.249.71.64 - - [26/Jul/2015:09:18:32 +0800] "GET /content/subject/resource_content.jsp?oid=16777463&queryType=qc HTTP/1.1" 200 28400
66.249.71.113 - - [26/Jul/2015:09:18:41 +0800] "GET /content/nav/relationSubject.jsp?relationWords=&oid=2546187 HTTP/1.1" 200 1405
66.249.71.105 - - [26/Jul/2015:09:18:51 +0800] "GET /content/nav/relationSubject.jsp?relationWords=%E5%90%8F%E9%83%A8%20&oid=2681289 HTTP/1.1" 200 3101
66.249.71.113 - - [26/Jul/2015:09:19:25 +0800] "GET /content/repository/resource_content.jsp?oid=1844966&queryType=qs&queryString=%E6%AE%98%E7%9F%B3%E5%99%A8 HTTP/1.1" 200 30267
66.249.71.113 - - [26/Jul/2015:09:20:32 +0800] "GET /content/repository/resource_content.jsp?oid=4364442&queryType=qs&queryString=%E7%A5%9E%E9%81%93 HTTP/1.1" 200 28850
123.125.71.85 - - [26/Jul/2015:09:20:35 +0800] "GET /digiarch_en/content/subject/resource_content.jsp?oid=16777639&queryType=qc HTTP/1.1" 200 41017
151.80.31.128 - - [26/Jul/2015:09:20:38 +0800] "GET /content/pictures/picture_content.jsp?oid=33554734 HTTP/1.1" 200 27499
66.249.71.3 - - [26/Jul/2015:09:21:08 +0800] "GET /content/subject/resource_content.jsp?oid=16797239&queryType=qc HTTP/1.1" 200 44010
66.249.71.121 - - [26/Jul/2015:09:21:39 +0800] "GET /content/repository/resource_content.jsp?oid=789492&queryType=qs&queryString=%E5%90%B3%E4%BB%B2%E8%B3%A2 HTTP/1.1" 200 28289
180.153.206.19 - - [26/Jul/2015:09:21:52 +0800] "GET /content/nav/relationSubject.jsp?relationWords=??????????????????????????????????+??????????????+???????????????????????????+?????????????????????+&oid=16777448 HTTP/1.1" 200 1505
66.249.71.64 - - [26/Jul/2015:09:22:18 +0800] "GET /content/nav/relationSubject.jsp?relationWords=%E6%B0%B4%E5%88%A9%E5%B7%A5%E7%A8%8B+&oid=1555144 HTTP/1.1" 200 3135
66.249.71.60 - - [26/Jul/2015:09:22:24 +0800] "GET /content/nav/relationSubject.jsp?relationWords=%E6%B0%B4%E5%88%A9%E5%B7%A5%E7%A8%8B%20&oid=1555144 HTTP/1.1" 200 3135
66.249.71.60 - - [26/Jul/2015:09:22:29 +0800] "GET /content/nav/relationSubject.jsp?relationWords=%E5%8F%B0%E7%81%A3%E7%B9%A1%E7%B7%9A%E8%8F%8A+%E6%A4%8D%E7%89%A9%E7%95%8C+%E7%B9%A1%E7%B7%9A%E8%8F%8A%E5%B1%AC+%E8%96%94%E8%96%87%E7%9B%AE+%E8%96%94%E8%96%87%E7%A7%91+&oid=1112451 HTTP/1.1" 200 3403
66.249.71.121 - - [26/Jul/2015:09:22:47 +0800] "GET /content/repository/resource_content.jsp?oid=4352019&queryType=qs&queryString=%E5%A4%AA%E9%BA%BB%E9%87%8C HTTP/1.1" 200 34738
66.249.71.54 - - [26/Jul/2015:09:23:06 +0800] "GET /content/nav/relationSubject.jsp?relationWords=%E5%88%91%E9%83%A8+%E5%B7%9E%E6%B0%91%E4%BA%BA+&oid=2666755 HTTP/1.1" 200 3145
66.249.71.121 - - [26/Jul/2015:09:23:08 +0800] "GET /content/nav/relationSubject.jsp?relationWords=%E9%91%B2%E5%B5%8C%20%E9%91%B2%E5%B5%8C%E9%AA%A8%E9%A3%BE%20%E9%AA%A8%E9%A3%BE%20&oid=1852407 HTTP/1.1" 200 3852
111.83.43.227 - - [26/Jul/2015:09:23:32 +0800] "GET /content/subject/resource_content.jsp?oid=16797240&queryType=qc HTTP/1.1" 200 42460
111.83.43.227 - - [26/Jul/2015:09:23:36 +0800] "GET /content/nav/relationSubject.jsp?relationWords=&oid=16797240 HTTP/1.1" 200 1405
66.249.71.113 - - [26/Jul/2015:09:23:55 +0800] "GET /content/repository/resource_content.jsp?oid=4352481&queryType=qs&queryString=%E6%8B%96%E9%87%A3 HTTP/1.1" 200 34151
66.249.71.121 - - [26/Jul/2015:09:24:17 +0800] "GET /content/nav/relationSubject.jsp?relationWords=%E5%83%89%E5%B7%AE%20%E5%88%91%E9%83%A8%20&oid=2689185 HTTP/1.1" 200 3130
157.55.39.40 - - [26/Jul/2015:09:24:21 +0800] "GET /content/nav/relationSubject.jsp?relationWords=%E6%A5%93%E9%A6%99+&oid=16777275 HTTP/1.1" 200 3838
66.249.71.121 - - [26/Jul/2015:09:24:35 +0800] "GET /content/nav/relationSubject.jsp?relationWords=%E5%B7%A8%E5%8F%A3%E9%AE%AB%20%E5%B7%A8%E5%8F%A3%E9%AF%8A%20&oid=4354372 HTTP/1.1" 200 2174
66.249.71.72 - - [26/Jul/2015:09:24:37 +0800] "GET /content/subject/resource_content.jsp?oid=16777446 HTTP/1.1" 200 42195
66.249.71.64 - - [26/Jul/2015:09:24:51 +0800] "GET /content/nav/relationSubject.jsp?relationWords=%E7%A6%AE%E9%83%A8+&oid=2635447 HTTP/1.1" 200 3060
220.181.108.102 - - [26/Jul/2015:09:24:52 +0800] "GET /digiarch_en/content/subject/resource_content.jsp?oid=16777739&queryType=qc HTTP/1.1" 200 30453
66.249.71.60 - - [26/Jul/2015:09:24:52 +0800] "GET /content/nav/relationSubject.jsp?relationWords=%E7%A6%AE%E9%83%A8%20&oid=2635447 HTTP/1.1" 200 3060
66.249.71.121 - - [26/Jul/2015:09:24:54 +0800] "GET /content/nav/relationSubject.jsp?relationWords=%E5%8A%9F%E6%9B%B9%20%E6%AD%A6%E6%A6%AE%E7%A5%A0%20%E6%AD%A6%E6%B0%8F%E7%A5%A0%20%E6%AD%A6%E6%B0%8F%E7%A5%A0%E5%89%8D%E7%9F%B3%E5%AE%A4%20%E8%BB%8A%E9%A8%8E%20&oid=1834001 HTTP/1.1" 200 6053
66.249.71.105 - - [26/Jul/2015:09:25:02 +0800] "GET /content/repository/resource_content.jsp?oid=4352651&queryType=qs&queryString=%E6%B2%B9%E9%AD%9A HTTP/1.1" 200 34070
66.249.71.113 - - [26/Jul/2015:09:25:05 +0800] "GET /content/nav/relationSubject.jsp?relationWords=%E4%B8%83%E6%98%9F%E4%BB%94%20%E5%BA%B7%E6%B0%8F%20%E6%A3%98%E8%94%A5%E4%BB%94%20%E9%AC%BC%E5%B9%B3%20%E9%BE%9C%E6%BF%B1%20&oid=4352519 HTTP/1.1" 200 3593
66.249.71.113 - - [26/Jul/2015:09:26:10 +0800] "GET /content/repository/resource_content.jsp?oid=1531353&queryType=qs&queryString=%E8%87%BA%E7%81%A3%E7%9C%81%E6%94%BF%E5%BA%9C HTTP/1.1" 200 29891
66.249.71.23 - - [26/Jul/2015:09:26:18 +0800] "GET /digiarch3/content/nav/relationSubject.jsp?relationWords=%E4%B8%AD%E7%AD%89%E5%AD%B8%E6%A0%A1+%E4%B9%9D%E5%B9%B4%E5%9C%8B%E6%B0%91%E6%95%99%E8%82%B2+%E5%88%9D%E4%B8%AD+%E5%9C%8B%E6%A0%A1+%E5%9C%8B%E6%B0%91%E5%AD%B8%E6%A0%A1+%E5%9C%8B%E6%B0%91%E5%B0%8F%E5%AD%B8+%E5%A4%9C%E9%96%93%E9%83%A8+%E5%AD%B8%E5%88%B6+%E5%AF%B6%E6%A1%91+%E5%B8%AB%E5%B0%88+%E5%B8%AB%E7%AF%84%E5%AD%B8%E6%A0%A1+%E7%B0%A1%E5%B8%AB+%E8%81%B7%E6%A0%A1+%E8%BB%8D%E8%A8%93%E6%95%99%E5%AE%98+%E9%80%B2%E4%BF%AE+%E9%AB%94%E8%82%B2+%E9%AB%98%E7%B4%9A%E4%B8%AD%E5%AD%B8+&oid=1576728 HTTP/1.1" 200 3854
66.249.71.23 - - [26/Jul/2015:09:26:20 +0800] "GET /digiarch3/content/nav/relationSubject.jsp?relationWords=%E4%B8%AD%E7%AD%89%E5%AD%B8%E6%A0%A1%20%E4%B9%9D%E5%B9%B4%E5%9C%8B%E6%B0%91%E6%95%99%E8%82%B2%20%E5%88%9D%E4%B8%AD%20%E5%9C%8B%E6%A0%A1%20%E5%9C%8B%E6%B0%91%E5%AD%B8%E6%A0%A1%20%E5%9C%8B%E6%B0%91%E5%B0%8F%E5%AD%B8%20%E5%A4%9C%E9%96%93%E9%83%A8%20%E5%AD%B8%E5%88%B6%20%E5%AF%B6%E6%A1%91%20%E5%B8%AB%E5%B0%88%20%E5%B8%AB%E7%AF%84%E5%AD%B8%E6%A0%A1%20%E7%B0%A1%E5%B8%AB%20%E8%81%B7%E6%A0%A1%20%E8%BB%8D%E8%A8%93%E6%95%99%E5%AE%98%20%E9%80%B2%E4%BF%AE%20%E9%AB%94%E8%82%B2%20%E9%AB%98%E7%B4%9A%E4%B8%AD%E5%AD%B8%20&oid=1576728 HTTP/1.1" 200 3854
66.249.71.60 - - [26/Jul/2015:09:26:21 +0800] "GET /content/subject/resource_content.jsp?oid=16777714 HTTP/1.1" 200 42382
66.249.71.60 - - [26/Jul/2015:09:27:13 +0800] "GET /content/repository/resource_content.jsp?oid=1893683 HTTP/1.1" 200 28401
66.249.71.105 - - [26/Jul/2015:09:27:18 +0800] "GET /content/repository/resource_content.jsp?oid=1581329&queryType=qs&queryString=%E4%B8%B9%E6%9E%97 HTTP/1.1" 200 29282
66.249.71.105 - - [26/Jul/2015:09:27:18 +0800] "GET /content/repository/resource_content.jsp?oid=2512604&queryType=qs&queryString=%E7%B3%A7%E6%96%9B HTTP/1.1" 200 29823
66.249.71.64 - - [26/Jul/2015:09:27:27 +0800] "GET /content/nav/relationSubject.jsp?relationWords=%E4%BA%A4%E9%80%9A%E5%AE%89%E5%85%A8+%E5%AE%89%E5%85%A8%E6%A1%88+&oid=1564496 HTTP/1.1" 200 4501
66.249.71.60 - - [26/Jul/2015:09:27:29 +0800] "GET /content/nav/relationSubject.jsp?relationWords=%E4%BA%A4%E9%80%9A%E5%AE%89%E5%85%A8%20%E5%AE%89%E5%85%A8%E6%A1%88%20&oid=1564496 HTTP/1.1" 200 4501
66.249.71.72 - - [26/Jul/2015:09:28:05 +0800] "GET /content/repository/resource_content.jsp?oid=1584482 HTTP/1.1" 200 28967
66.249.71.121 - - [26/Jul/2015:09:28:25 +0800] "GET /content/repository/resource_content.jsp?oid=1896899&queryType=qs&queryString=%E5%B1%8F%E6%9D%B1%E7%B8%A3%E6%94%BF%E5%BA%9C HTTP/1.1" 200 29348
66.249.71.113 - - [26/Jul/2015:09:29:33 +0800] "GET /content/repository/resource_content.jsp?oid=1524019&queryType=qs&queryString=%E5%AF%8C%E6%BA%90 HTTP/1.1" 200 28971
66.249.71.105 - - [26/Jul/2015:09:30:40 +0800] "GET /content/repository/resource_content.jsp?oid=2676214&queryType=qs&queryString=%E7%8E%8B%E7%88%B5 HTTP/1.1" 200 30599
66.249.71.72 - - [26/Jul/2015:09:30:42 +0800] "GET /content/repository/resource_content.jsp?oid=1890580 HTTP/1.1" 200 28589
66.249.71.105 - - [26/Jul/2015:09:31:39 +0800] "GET /content/nav/relationSubject.jsp?relationWords=&oid=2597878 HTTP/1.1" 200 1405
66.249.71.121 - - [26/Jul/2015:09:31:52 +0800] "GET /content/nav/relationSubject.jsp?relationWords=%E7%B4%85%E6%B5%B7%20%E7%B4%85%E7%B4%AB%E9%B8%9A%E5%93%A5%E9%AD%9A%20%E7%B4%85%E9%B8%9A%E5%93%A5%20%E9%88%8D%E9%A0%AD%20%E9%88%8D%E9%A0%AD%E9%B8%9A%E5%98%B4%E9%AD%9A%20%E9%9D%92%E8%A1%AB%20%E9%B8%9A%E5%93%A5%20%E9%B8%9A%E5%93%A5%E9%AD%9A%20%E9%B8%9A%E5%98%B4%E9%AD%9A%20&oid=15863 HTTP/1.1" 200 3765
66.249.71.121 - - [26/Jul/2015:09:32:57 +0800] "GET /content/repository/resource_content.jsp?oid=1112238&queryType=qs&queryString=%E6%BC%86%E6%A8%B9%E5%B1%AC HTTP/1.1" 200 30010
66.249.71.72 - - [26/Jul/2015:09:33:18 +0800] "GET /content/subject/resource_content.jsp?oid=16797242&queryType=qc HTTP/1.1" 200 46766
66.249.71.60 - - [26/Jul/2015:09:33:56 +0800] "GET /content/nav/relationSubject.jsp?relationWords=&oid=2554828 HTTP/1.1" 200 1405
66.249.71.121 - - [26/Jul/2015:09:34:03 +0800] "GET /content/repository/resource_content.jsp?oid=2655221&queryType=qs&queryString=%E6%B5%B7%E5%BA%B7 HTTP/1.1" 200 30076
218.187.99.201 - - [26/Jul/2015:09:34:19 +0800] "GET /content/subject/resource_content.jsp?oid=16777688 HTTP/1.1" 200 39234
106.104.47.95 - - [26/Jul/2015:09:34:20 +0800] "GET /content/nav/relationSubject.jsp?relationWords=&oid=16777459 HTTP/1.1" 200 1405
218.187.99.201 - - [26/Jul/2015:09:34:21 +0800] "GET /content/nav/relationSubject.jsp?relationWords=%E5%8F%B0%E7%81%A3%E7%89%B9%E6%9C%89%E7%A8%AE+%E6%A3%98%E8%A3%B8%E7%B5%A8%E9%AE%8B+%E7%89%B9%E6%9C%89%E7%A8%AE+%E7%9F%B3%E7%8B%97%E5%85%AC+%E7%9F%B3%E9%A0%AD%E9%AD%9A+%E7%B5%A8%E9%AE%8B+&oid=16777688 HTTP/1.1" 200 4240
66.249.71.127 - - [26/Jul/2015:09:35:03 +0800] "GET /content/subject/resource_content.jsp?oid=16777366&queryString=%E6%95%B8%E4%BD%8D%E5%85%B8%E8%97%8F%20%E7%A7%91%E6%99%AE HTTP/1.1" 200 34951
66.249.71.105 - - [26/Jul/2015:09:35:06 +0800] "GET /content/subject/resource_content.jsp?oid=16777460&queryType=qc HTTP/1.1" 200 38812
66.249.71.105 - - [26/Jul/2015:09:35:11 +0800] "GET /content/repository/resource_content.jsp?oid=671274&queryType=qs&queryString=%E5%90%B3%E5%85%8B HTTP/1.1" 200 29100
66.249.71.72 - - [26/Jul/2015:09:35:55 +0800] "GET /content/repository/resource_content.jsp?oid=1609674 HTTP/1.1" 200 29097
66.249.71.113 - - [26/Jul/2015:09:36:18 +0800] "GET /content/repository/resource_content.jsp?oid=1774077&queryType=qs&queryString=%E8%83%83%E7%99%8C HTTP/1.1" 200 37571
66.249.71.113 - - [26/Jul/2015:09:37:26 +0800] "GET /content/repository/resource_content.jsp?oid=2634471&queryType=qs&queryString=%E7%BE%85%E5%B1%B1%E7%B8%A3 HTTP/1.1" 200 30064
66.249.71.3 - - [26/Jul/2015:09:37:39 +0800] "GET /content/repository/resource_content.jsp?oid=2670390&queryType=qs&queryString=%E5%8A%89%E6%88%90 HTTP/1.1" 200 30236
66.249.71.119 - - [26/Jul/2015:09:38:32 +0800] "GET /content/subject/resource_content.jsp?oid=16777503&queryType=qc HTTP/1.1" 200 40659
66.249.71.105 - - [26/Jul/2015:09:38:34 +0800] "GET /content/repository/resource_content.jsp?oid=2684359&queryType=qs&queryString=%E5%8A%A9%E9%A4%89 HTTP/1.1" 200 30181
66.249.71.60 - - [26/Jul/2015:09:38:34 +0800] "GET /content/nav/relationSubject.jsp?relationWords=%E4%BA%BA%E5%90%8D%E6%AC%8A%E5%A8%81+%E5%8D%97%E7%BE%8E%E6%B4%B2+%E7%A7%98%E9%AD%AF+&oid=757230 HTTP/1.1" 200 4356
66.249.71.72 - - [26/Jul/2015:09:38:36 +0800] "GET /content/nav/relationSubject.jsp?relationWords=%E4%BA%BA%E5%90%8D%E6%AC%8A%E5%A8%81%20%E5%8D%97%E7%BE%8E%E6%B4%B2%20%E7%A7%98%E9%AD%AF%20&oid=757230 HTTP/1.1" 200 4356
151.80.31.128 - - [26/Jul/2015:09:38:53 +0800] "GET /digiarch3/content/pictures/picture_content.jsp?oid=33554883&queryType=qc HTTP/1.1" 200 27832
66.249.71.113 - - [26/Jul/2015:09:39:41 +0800] "GET /content/repository/resource_content.jsp?oid=2671294&queryType=qs&queryString=%E9%9D%92%E6%B5%A6 HTTP/1.1" 200 30054
66.249.71.60 - - [26/Jul/2015:09:40:16 +0800] "GET /content/repository/resource_content.jsp?oid=1528100 HTTP/1.1" 200 29008
101.8.13.78 - - [26/Jul/2015:09:40:42 +0800] "GET /content/nav/relationSubject.jsp?relationWords=&oid=16777342 HTTP/1.1" 200 1405
66.249.71.113 - - [26/Jul/2015:09:40:49 +0800] "GET /content/repository/resource_content.jsp?oid=4364628&queryType=qs&queryString=%E7%94%B7%E6%8A%AB%E8%82%A9 HTTP/1.1" 200 28999
66.249.71.72 - - [26/Jul/2015:09:41:08 +0800] "GET /content/repository/resource_content.jsp?oid=1177610 HTTP/1.1" 200 27573
66.249.71.105 - - [26/Jul/2015:09:41:14 +0800] "GET /content/nav/relationSubject.jsp?relationWords=%E6%93%BA%E5%A4%B7%20&oid=1172879 HTTP/1.1" 200 2975
66.249.71.113 - - [26/Jul/2015:09:41:27 +0800] "GET /content/nav/relationSubject.jsp?relationWords=%E5%B7%9D%E9%99%9D%20&oid=2515994 HTTP/1.1" 200 3111
66.249.71.113 - - [26/Jul/2015:09:41:56 +0800] "GET /content/repository/resource_content.jsp?oid=2657394&queryType=qs&queryString=%E6%99%89%E6%98%8C HTTP/1.1" 200 30021
66.249.71.72 - - [26/Jul/2015:09:42:00 +0800] "GET /content/repository/resource_content.jsp?oid=1552105 HTTP/1.1" 200 28648
66.249.71.64 - - [26/Jul/2015:09:42:16 +0800] "GET /content/nav/relationSubject.jsp?relationWords=&oid=1547379 HTTP/1.1" 200 1405
66.249.71.105 - - [26/Jul/2015:09:42:17 +0800] "GET /content/nav/relationSubject.jsp?relationWords=%E5%8F%83%E7%96%8F%E9%98%B2%E6%AD%A6%E8%81%B7%20%E6%AD%A6%E8%81%B7%20%E7%96%8F%E9%98%B2%20%E9%98%B2%E6%AD%A6%E8%81%B7%20&oid=2514351 HTTP/1.1" 200 4587
66.249.71.59 - - [26/Jul/2015:09:42:47 +0800] "GET /content/nav/relationSubject.jsp?relationWords=&oid=16777641 HTTP/1.1" 200 1405
66.249.71.105 - - [26/Jul/2015:09:42:51 +0800] "GET /content/nav/relationSubject.jsp?relationWords=%E4%BB%A4%E6%97%97%20%E9%BB%91%E4%BB%A4%20%E9%BB%91%E4%BB%A4%E6%97%97%20&oid=4362296 HTTP/1.1" 200 4041
66.249.71.72 - - [26/Jul/2015:09:42:53 +0800] "GET /content/repository/resource_content.jsp?oid=2672851 HTTP/1.1" 200 29574
42.78.177.38 - - [26/Jul/2015:09:42:57 +0800] "GET /content/nav/relationSubject.jsp?relationWords=%E6%9C%A8%E7%8A%80+%E6%A1%82%E8%8A%B1+&oid=16777255 HTTP/1.1" 200 4029
66.249.71.105 - - [26/Jul/2015:09:43:04 +0800] "GET /content/repository/resource_content.jsp?oid=2669649&queryType=qs&queryString=%E5%81%A5%E8%A1%8C HTTP/1.1" 200 30212
123.125.71.12 - - [26/Jul/2015:09:43:23 +0800] "GET /content/subject/resource_content.jsp?oid=16777363 HTTP/1.1" 200 30550
220.181.108.107 - - [26/Jul/2015:09:43:28 +0800] "GET /content/nav/relationSubject.jsp?relationWords=&oid=16777363 HTTP/1.1" 200 1405
66.249.71.127 - - [26/Jul/2015:09:43:45 +0800] "GET /content/subject/resource_content.jsp?oid=16797293&queryType=qc HTTP/1.1" 200 46242
66.249.71.105 - - [26/Jul/2015:09:44:12 +0800] "GET /content/repository/resource_content.jsp?oid=1779628&queryType=qs&queryString=%E8%97%9D%E8%A1%93%E5%89%B5%E4%BD%9C HTTP/1.1" 200 43950
66.249.71.72 - - [26/Jul/2015:09:44:37 +0800] "GET /content/repository/resource_content.jsp?oid=589520 HTTP/1.1" 200 28247
66.249.71.113 - - [26/Jul/2015:09:44:37 +0800] "GET /content/nav/relationSubject.jsp?relationWords=%E9%9A%86%E9%A0%AD%E9%B8%9A%E5%93%A5%E9%AD%9A%20%E9%B8%9A%E5%93%A5%20%E9%B8%9A%E5%93%A5%E9%AD%9A%20%E9%B8%9A%E5%98%B4%E9%AD%9A%20&oid=15839 HTTP/1.1" 200 3530
66.249.71.113 - - [26/Jul/2015:09:45:19 +0800] "GET /content/repository/resource_content.jsp?oid=2511775&queryType=qs&queryString=%E9%A0%86%E7%BE%A9 HTTP/1.1" 200 29906
66.249.71.64 - - [26/Jul/2015:09:45:29 +0800] "GET /content/repository/resource_content.jsp?oid=1578217 HTTP/1.1" 200 28475
66.249.71.72 - - [26/Jul/2015:09:46:21 +0800] "GET /content/repository/resource_content.jsp?oid=1517462 HTTP/1.1" 200 28636
66.249.71.105 - - [26/Jul/2015:09:46:27 +0800] "GET /content/repository/resource_content.jsp?oid=2687077&queryType=qs&queryString=%E8%A2%81%E5%AE%88%E4%BE%97 HTTP/1.1" 200 30223
180.217.147.18 - - [26/Jul/2015:09:46:29 +0800] "GET /content/subject/resource_content.jsp?oid=16797293&queryType=qc HTTP/1.1" 200 46242
180.217.147.18 - - [26/Jul/2015:09:46:32 +0800] "GET /content/nav/relationSubject.jsp?relationWords=%E5%B0%8F%E5%90%83+&oid=16797293 HTTP/1.1" 200 3156
66.249.71.64 - - [26/Jul/2015:09:47:14 +0800] "GET /content/repository/resource_content.jsp?oid=1107277 HTTP/1.1" 200 31236
66.249.71.105 - - [26/Jul/2015:09:47:28 +0800] "GET /content/nav/relationSubject.jsp?relationWords=%E4%BB%A5%E7%AC%A6%E5%AF%A6%E9%9A%9B%E6%A1%88%20%E5%85%A7%E6%94%BF%E9%83%A8%20%E5%8B%95%E5%93%A1%E6%99%82%E6%9C%9F%20%E7%9C%81%E6%94%BF%E5%BA%9C%20%E7%9C%81%E8%AD%B0%E6%9C%83%20%E8%87%A8%E6%99%82%E7%9C%81%E8%AD%B0%E6%9C%83%20%E8%87%BA%E7%81%A3%E7%9C%81%20%E8%97%A5%E7%A8%AE%E5%95%86%20%E8%A5%BF%E8%97%A5%20%E8%A5%BF%E8%97%A5%E7%A8%AE%E5%95%86%20%E9%BB%83%E6%A5%AD%20&oid=1526311 HTTP/1.1" 200 5879
66.249.71.121 - - [26/Jul/2015:09:47:34 +0800] "GET /content/repository/resource_content.jsp?oid=2517468&queryType=qs&queryString=%E6%AC%BD%E4%BB%B6 HTTP/1.1" 200 30007
66.249.71.60 - - [26/Jul/2015:09:48:05 +0800] "GET /content/repository/resource_content.jsp?oid=2517838 HTTP/1.1" 200 29547
66.249.71.121 - - [26/Jul/2015:09:48:42 +0800] "GET /content/repository/resource_content.jsp?oid=282628&queryType=qs&queryString=%E6%B0%B8%E5%A7%8B HTTP/1.1" 200 29572
66.249.71.64 - - [26/Jul/2015:09:48:58 +0800] "GET /content/repository/resource_content.jsp?oid=2566029 HTTP/1.1" 200 29702
66.249.71.121 - - [26/Jul/2015:09:49:50 +0800] "GET /content/repository/resource_content.jsp?oid=2517466&queryType=qs&queryString=%E6%96%B0%E7%9D%A3 HTTP/1.1" 200 29804
66.249.71.64 - - [26/Jul/2015:09:49:51 +0800] "GET /content/repository/resource_content.jsp?oid=1606491 HTTP/1.1" 200 28902
66.249.71.60 - - [26/Jul/2015:09:50:07 +0800] "GET /content/nav/relationSubject.jsp?relationWords=&oid=1573814 HTTP/1.1" 200 1405
66.249.71.60 - - [26/Jul/2015:09:50:42 +0800] "GET /content/repository/resource_content.jsp?oid=14427&queryString=%E5%8D%B0%E5%BA%A6%E6%A7%8D%E9%AD%9A%20%E6%97%97%E9%AD%9A%20%E7%99%BD%E8%82%89%20%E7%AB%8B%E7%BF%85%E6%97%97%E9%AD%9A HTTP/1.1" 200 35338
66.249.71.113 - - [26/Jul/2015:09:50:57 +0800] "GET /content/repository/resource_content.jsp?oid=2588812&queryType=qs&queryString=%E8%90%AC%E6%B3%89%E7%B8%A3 HTTP/1.1" 200 29175
66.249.71.60 - - [26/Jul/2015:09:51:34 +0800] "GET /content/subject/resource_content.jsp?oid=16777732 HTTP/1.1" 200 31321
118.232.237.4 - - [26/Jul/2015:09:51:52 +0800] "GET /content/nav/relationSubject.jsp?relationWords=&oid=16777342 HTTP/1.1" 200 1405
66.249.71.105 - - [26/Jul/2015:09:52:05 +0800] "GET /content/repository/resource_content.jsp?oid=1774948&queryType=qs&queryString=%E8%A3%9C%E6%95%91%E6%95%99%E5%AD%B8 HTTP/1.1" 200 30321
66.249.71.72 - - [26/Jul/2015:09:52:26 +0800] "GET /content/tmp_exh/resource_content.jsp?oid=16777846&queryType=qc HTTP/1.1" 200 44778
66.249.71.113 - - [26/Jul/2015:09:53:12 +0800] "GET /content/repository/resource_content.jsp?oid=2581678&queryType=qs&queryString=%E9%82%A2%E9%83%A8 HTTP/1.1" 200 28986
66.249.71.113 - - [26/Jul/2015:09:54:20 +0800] "GET /content/repository/resource_content.jsp?oid=4362281&queryType=qs&queryString=%E7%A0%B4%E7%94%A2 HTTP/1.1" 200 34664
66.249.71.3 - - [26/Jul/2015:09:55:03 +0800] "GET /content/repository/resource_content.jsp?oid=4362417&queryString=%E6%A1%83%E7%AC%A6%20%E7%A5%9E%E8%8D%BC%20%E9%AC%B1%E5%A3%98 HTTP/1.1" 200 28281
66.249.71.36 - - [26/Jul/2015:09:55:27 +0800] "GET /content/nav/relationSubject.jsp?relationWords=%E8%98%AD%E5%B6%BC%E7%BE%85%E6%BC%A2%E6%9D%BE%20&oid=16777463 HTTP/1.1" 200 3599
66.249.71.121 - - [26/Jul/2015:09:55:28 +0800] "GET /content/repository/resource_content.jsp?oid=2688301&queryType=qs&queryString=%E9%80%9A%E4%BA%8B HTTP/1.1" 200 30059
66.249.71.60 - - [26/Jul/2015:09:55:29 +0800] "GET /content/nav/relationSubject.jsp?relationWords=%E5%85%AB%E6%96%97%E5%AD%90+%E7%81%AB%E5%8A%9B%E7%99%BC%E9%9B%BB+%E7%99%BC%E9%9B%BB%E5%BB%A0+%E8%87%BA%E9%9B%BB+&oid=1549724 HTTP/1.1" 200 5571
66.249.71.64 - - [26/Jul/2015:09:55:31 +0800] "GET /content/nav/relationSubject.jsp?relationWords=%E5%85%AB%E6%96%97%E5%AD%90%20%E7%81%AB%E5%8A%9B%E7%99%BC%E9%9B%BB%20%E7%99%BC%E9%9B%BB%E5%BB%A0%20%E8%87%BA%E9%9B%BB%20&oid=1549724 HTTP/1.1" 200 5571
66.249.71.113 - - [26/Jul/2015:09:55:52 +0800] "GET /content/nav/relationSubject.jsp?relationWords=&oid=2589204 HTTP/1.1" 200 1405
66.249.71.64 - - [26/Jul/2015:09:55:56 +0800] "GET /content/subject/resource_content.jsp?oid=16777728 HTTP/1.1" 200 65185
66.249.71.105 - - [26/Jul/2015:09:56:35 +0800] "GET /content/repository/resource_content.jsp?oid=2626208&queryType=qs&queryString=%E6%9D%B1%E8%87%BA%E7%B8%A3 HTTP/1.1" 200 29273
66.249.71.72 - - [26/Jul/2015:09:56:47 +0800] "GET /content/subject/resource_content.jsp?oid=16777670 HTTP/1.1" 200 34157
66.249.71.105 - - [26/Jul/2015:09:56:54 +0800] "GET /content/nav/relationSubject.jsp?relationWords=&oid=4362232 HTTP/1.1" 200 1405
66.249.71.64 - - [26/Jul/2015:09:57:31 +0800] "GET /content/nav/relationSubject.jsp?relationWords=%E9%A1%8C%E8%AB%8B%E8%A3%9C%E6%8E%88+&oid=2557467 HTTP/1.1" 200 3132
66.249.71.60 - - [26/Jul/2015:09:57:39 +0800] "GET /content/subject/resource_content.jsp?oid=16797340&queryType=qc HTTP/1.1" 200 63036
66.249.71.60 - - [26/Jul/2015:09:57:40 +0800] "GET /content/nav/relationSubject.jsp?relationWords=%E9%A1%8C%E8%AB%8B%E8%A3%9C%E6%8E%88%20&oid=2557467 HTTP/1.1" 200 3132
66.249.71.113 - - [26/Jul/2015:09:57:43 +0800] "GET /content/repository/resource_content.jsp?oid=1555875&queryType=qs&queryString=%E5%8A%89%E5%AE%9A%E5%9C%8B HTTP/1.1" 200 29827
66.249.71.121 - - [26/Jul/2015:09:58:15 +0800] "GET /content/repository/resource_content.jsp?oid=2676521&queryType=qs&queryString=%E5%BC%B5%E7%91%9E HTTP/1.1" 200 30372
66.249.71.64 - - [26/Jul/2015:09:58:17 +0800] "GET /content/nav/relationSubject.jsp?relationWords=%E5%A0%B1%E6%8E%A5%E5%8D%B0+&oid=2523858 HTTP/1.1" 200 3123
66.249.71.60 - - [26/Jul/2015:09:58:23 +0800] "GET /content/nav/relationSubject.jsp?relationWords=%E5%A0%B1%E6%8E%A5%E5%8D%B0%20&oid=2523858 HTTP/1.1" 200 3123
66.249.71.113 - - [26/Jul/2015:09:58:31 +0800] "GET /content/nav/relationSubject.jsp?relationWords=&oid=2575974 HTTP/1.1" 200 1405
66.249.71.64 - - [26/Jul/2015:09:58:32 +0800] "GET /content/repository/resource_content.jsp?oid=1110587 HTTP/1.1" 200 31280
66.249.71.105 - - [26/Jul/2015:09:58:51 +0800] "GET /content/repository/resource_content.jsp?oid=2631628&queryType=qs&queryString=%E5%8A%89%E9%8E%AE HTTP/1.1" 200 29455
66.249.71.121 - - [26/Jul/2015:09:59:17 +0800] "GET /content/nav/relationSubject.jsp?relationWords=%E6%8F%92%E7%BE%BD%E7%B1%90%E5%B8%BD%20%E7%B1%90%E5%B8%BD%20&oid=1780223 HTTP/1.1" 200 3028
66.249.71.60 - - [26/Jul/2015:09:59:24 +0800] "GET /content/repository/resource_content.jsp?oid=1102606 HTTP/1.1" 200 30991
66.249.71.105 - - [26/Jul/2015:09:59:57 +0800] "GET /content/nav/relationSubject.jsp?relationWords=%E5%90%8F%E9%83%A8%20%E6%BC%95%E8%88%A1%20&oid=2688258 HTTP/1.1" 200 3136
66.249.71.113 - - [26/Jul/2015:09:59:58 +0800] "GET /content/repository/resource_content.jsp?oid=1516003&queryType=qs&queryString=%E7%B4%9B%E5%A4%B1 HTTP/1.1" 200 28670
66.249.71.59 - - [26/Jul/2015:10:00:04 +0800] "GET /content/nav/relationSubject.jsp?relationWords=%E4%BD%95%E6%B0%8F+%E8%80%81%E6%9D%BF%E9%AF%86+%E9%AD%9F%E9%AD%9A+&oid=16777743 HTTP/1.1" 200 3774
66.249.71.41 - - [26/Jul/2015:10:00:06 +0800] "GET /content/nav/relationSubject.jsp?relationWords=%E4%BD%95%E6%B0%8F%20%E8%80%81%E6%9D%BF%E9%AF%86%20%E9%AD%9F%E9%AD%9A%20&oid=16777743 HTTP/1.1" 200 3774
66.249.71.54 - - [26/Jul/2015:10:00:16 +0800] "GET /content/repository/resource_content.jsp?oid=4362033&queryString=%E9%A6%99%E6%97%97 HTTP/1.1" 200 28468
223.143.1.44 - - [26/Jul/2015:10:00:41 +0800] "GET /content/nav/relationSubject.jsp?relationWords=&oid=16777342 HTTP/1.1" 200 1405
66.249.71.121 - - [26/Jul/2015:10:01:06 +0800] "GET /content/repository/resource_content.jsp?oid=4370887&queryType=qs&queryString=%E6%B8%85%E5%88%9D HTTP/1.1" 200 29829
66.249.71.72 - - [26/Jul/2015:10:01:10 +0800] "GET /content/repository/resource_content.jsp?oid=1108818 HTTP/1.1" 200 30583
66.249.71.3 - - [26/Jul/2015:10:02:00 +0800] "GET /content/subject/resource_content.jsp?oid=16797281&queryType=qc HTTP/1.1" 200 53084
66.249.71.113 - - [26/Jul/2015:10:02:13 +0800] "GET /content/repository/resource_content.jsp?oid=2676053&queryType=qs&queryString=%E5%8D%97%E6%98%8C%E5%BA%9C HTTP/1.1" 200 29999
66.249.71.60 - - [26/Jul/2015:10:02:48 +0800] "GET /content/nav/relationSubject.jsp?relationWords=%E5%9C%93%E6%9E%9C%E9%9B%80%E7%A8%97+%E7%A8%97%E5%B1%AC+%E9%9B%80%E7%A8%97+%E9%9B%80%E7%A8%97%E5%B1%AC+&oid=1115543 HTTP/1.1" 200 3277
66.249.71.60 - - [26/Jul/2015:10:02:50 +0800] "GET /content/nav/relationSubject.jsp?relationWords=%E5%9C%93%E6%9E%9C%E9%9B%80%E7%A8%97%20%E7%A8%97%E5%B1%AC%20%E9%9B%80%E7%A8%97%20%E9%9B%80%E7%A8%97%E5%B1%AC%20&oid=1115543 HTTP/1.1" 200 3277
68.180.228.24 - - [26/Jul/2015:10:02:58 +0800] "GET /digiarch_en/content/subject/resource_content.jsp?oid=16777275&queryType=qc HTTP/1.1" 200 29592
66.249.71.121 - - [26/Jul/2015:10:03:01 +0800] "GET /content/nav/relationSubject.jsp?relationWords=%E6%9D%9C%E6%B8%85%20%E6%B0%B4%E5%88%A9%E7%B5%84%E5%90%88%20&oid=1887399 HTTP/1.1" 200 3229
66.249.71.113 - - [26/Jul/2015:10:03:21 +0800] "GET /content/repository/resource_content.jsp?oid=2636197&queryType=qs&queryString=%E9%9A%84%E5%A0%B0 HTTP/1.1" 200 29898
66.249.71.127 - - [26/Jul/2015:10:03:45 +0800] "GET /content/subject/resource_content.jsp?oid=16797271&queryType=qc HTTP/1.1" 200 55290
66.249.71.121 - - [26/Jul/2015:10:03:48 +0800] "GET /content/nav/relationSubject.jsp?relationWords=&oid=4470379 HTTP/1.1" 200 1405
66.249.71.105 - - [26/Jul/2015:10:03:54 +0800] "GET /content/nav/relationSubject.jsp?relationWords=%E8%A0%94%E9%AD%9A%20%E9%9D%92%E8%A1%AB%20%E9%AE%91%E6%B0%8F%20%E9%AE%91%E6%B0%8F%E9%B8%9A%E5%93%A5%E9%AD%9A%20%E9%B8%9A%E5%93%A5%20%E9%B8%9A%E5%93%A5%E9%AD%9A%20%E9%B8%9A%E5%98%B4%E9%AD%9A%20&oid=15843 HTTP/1.1" 200 3635
66.249.71.3 - - [26/Jul/2015:10:03:57 +0800] "GET /content/nav/relationSubject.jsp?relationWords=%E5%90%8C%E7%9F%A5+%E5%90%8C%E7%9F%A5%E7%8E%8B+%E5%90%8F%E9%83%A8+&oid=3409741 HTTP/1.1" 200 4077
66.249.71.113 - - [26/Jul/2015:10:04:29 +0800] "GET /content/repository/resource_content.jsp?oid=1528907&queryType=qs&queryString=%E6%95%99%E8%82%B2%E8%A8%AD%E6%96%BD HTTP/1.1" 200 29020
66.249.71.105 - - [26/Jul/2015:10:04:34 +0800] "GET /content/nav/relationSubject.jsp?relationWords=%E4%BA%8C%E5%8D%81%E5%9B%9B%E5%AD%9D%20%E5%A3%BD%E6%98%8C%20%E6%9C%B1%E5%A3%BD%E6%98%8C%20&oid=4363185 HTTP/1.1" 200 3102
61.135.189.170 - - [26/Jul/2015:10:05:24 +0800] "GET /digiarch/content/repository/resource_content.jsp?oid=3120583 HTTP/1.1" 404 14873
66.249.71.113 - - [26/Jul/2015:10:05:36 +0800] "GET /content/repository/resource_content.jsp?oid=2521120&queryType=qs&queryString=%E5%85%97%E5%B7%9E%E5%BA%9C HTTP/1.1" 200 30139
61.135.189.170 - - [26/Jul/2015:10:05:39 +0800] "GET /digiarch/content/repository/resource_content.jsp?oid=3401959 HTTP/1.1" 404 14873
180.149.130.22 - - [26/Jul/2015:10:05:53 +0800] "HEAD /content/repository/resource_content.jsp?oid=4363020 HTTP/1.1" 200 -
61.135.189.170 - - [26/Jul/2015:10:05:54 +0800] "GET /digiarch/content/repository/resource_content.jsp?oid=3123751 HTTP/1.1" 404 14873
220.162.56.254 - - [26/Jul/2015:10:05:58 +0800] "GET /content/repository/resource_content.jsp?oid=4363020 HTTP/1.1" 200 30166
66.249.71.64 - - [26/Jul/2015:10:06:00 +0800] "GET /content/nav/relationSubject.jsp?relationWords=%E7%B4%A1%E7%B9%94%E6%A5%AD+%E8%A3%95%E6%B0%91+&oid=1541589 HTTP/1.1" 200 3330
66.249.71.64 - - [26/Jul/2015:10:06:03 +0800] "GET /content/nav/relationSubject.jsp?relationWords=%E7%B4%A1%E7%B9%94%E6%A5%AD%20%E8%A3%95%E6%B0%91%20&oid=1541589 HTTP/1.1" 200 3330
61.135.189.170 - - [26/Jul/2015:10:06:10 +0800] "GET /digiarch/content/repository/resource_content.jsp?oid=3128738 HTTP/1.1" 404 14873
66.249.71.121 - - [26/Jul/2015:10:06:23 +0800] "GET /content/nav/relationSubject.jsp?relationWords=%E8%BC%B8%E5%85%A5%E7%A8%85%20&oid=4496857 HTTP/1.1" 200 3108
68.180.228.24 - - [26/Jul/2015:10:06:23 +0800] "GET /content/tmp_exh/resource_content.jsp?oid=16777834&queryType=qc+1890 HTTP/1.1" 200 27576
61.135.189.170 - - [26/Jul/2015:10:06:25 +0800] "GET /digiarch/content/repository/resource_content.jsp?oid=634216 HTTP/1.1" 404 14873
66.249.71.60 - - [26/Jul/2015:10:06:26 +0800] "GET /content/nav/relationSubject.jsp?relationWords=%E5%A4%A7%E9%A2%A8%E5%AD%90%20%E5%B1%B1%E6%A1%90%E5%AD%90%20%E5%B1%B1%E6%A1%90%E5%AD%90%E5%B1%AC%20%E6%A4%8D%E7%89%A9%E7%95%8C%20%E8%8F%AB%E8%8F%9C%20&oid=2146474 HTTP/1.1" 200 3330
66.249.71.121 - - [26/Jul/2015:10:06:31 +0800] "GET /content/nav/relationSubject.jsp?relationWords=%E5%B7%A8%E5%B7%9D%20&oid=591734 HTTP/1.1" 200 3361
66.249.71.121 - - [26/Jul/2015:10:06:38 +0800] "GET /content/nav/relationSubject.jsp?relationWords=%E5%84%B2%E8%93%84%20%E5%8F%B0%E7%81%A3%E7%9C%81%20%E5%8F%B0%E7%81%A3%E9%8A%80%E8%A1%8C%20%E7%81%A3%E7%9C%81%E6%94%BF%E5%BA%9C%20%E7%9C%81%E6%94%BF%E5%BA%9C%20%E9%80%B2%E5%87%BA%E5%8F%A3%E8%B2%BF%E6%98%93%20&oid=1517212 HTTP/1.1" 200 4752
61.135.189.170 - - [26/Jul/2015:10:06:42 +0800] "GET /digiarch/content/repository/resource_content.jsp?oid=633504 HTTP/1.1" 404 14873
66.249.71.121 - - [26/Jul/2015:10:06:44 +0800] "GET /content/repository/resource_content.jsp?oid=2670368&queryType=qs&queryString=%E6%84%86%E6%9C%9F HTTP/1.1" 200 30088
61.135.189.170 - - [26/Jul/2015:10:06:59 +0800] "GET /digiarch/content/repository/resource_content.jsp?oid=632854 HTTP/1.1" 404 14873
66.249.71.64 - - [26/Jul/2015:10:07:13 +0800] "GET /content/repository/resource_content.jsp?oid=2611692 HTTP/1.1" 200 29308
61.135.189.170 - - [26/Jul/2015:10:07:14 +0800] "GET /digiarch/content/repository/resource_content.jsp?oid=632993 HTTP/1.1" 404 14873
61.135.189.170 - - [26/Jul/2015:10:07:30 +0800] "GET /digiarch/content/repository/resource_content.jsp?oid=634639 HTTP/1.1" 404 14873
61.135.189.170 - - [26/Jul/2015:10:07:46 +0800] "GET /digiarch/content/repository/resource_content.jsp?oid=632661 HTTP/1.1" 404 14873
66.249.71.113 - - [26/Jul/2015:10:07:52 +0800] "GET /content/repository/resource_content.jsp?oid=1833056&queryType=qs&queryString=%E7%8E%89%E5%85%94%E6%90%97%E8%97%A5 HTTP/1.1" 200 32201
61.135.189.170 - - [26/Jul/2015:10:08:03 +0800] "GET /digiarch/content/repository/resource_content.jsp?oid=633083 HTTP/1.1" 404 14873
61.135.189.170 - - [26/Jul/2015:10:08:19 +0800] "GET /digiarch/content/repository/resource_content.jsp?oid=633389 HTTP/1.1" 404 14873
61.135.189.170 - - [26/Jul/2015:10:08:36 +0800] "GET /digiarch/content/repository/resource_content.jsp?oid=633747 HTTP/1.1" 404 14873
66.249.71.72 - - [26/Jul/2015:10:08:50 +0800] "GET /content/nav/relationSubject.jsp?relationWords=%E9%BB%8E%E6%97%8F+&oid=1177150 HTTP/1.1" 200 3176
61.135.189.170 - - [26/Jul/2015:10:08:55 +0800] "GET /digiarch/content/repository/resource_content.jsp?oid=2571736 HTTP/1.1" 404 14873
66.249.71.121 - - [26/Jul/2015:10:08:59 +0800] "GET /content/repository/resource_content.jsp?oid=1544958&queryType=qs&queryString=%E9%AB%98%E6%A8%B9%E9%84%89 HTTP/1.1" 200 28837
66.249.71.60 - - [26/Jul/2015:10:08:59 +0800] "GET /content/nav/relationSubject.jsp?relationWords=%E9%BB%8E%E6%97%8F%20&oid=1177150 HTTP/1.1" 200 3176
61.135.189.170 - - [26/Jul/2015:10:09:15 +0800] "GET /digiarch/content/repository/resource_content.jsp?oid=2556472 HTTP/1.1" 404 14873
61.135.189.170 - - [26/Jul/2015:10:09:36 +0800] "GET /digiarch/content/repository/resource_content.jsp?oid=2546535 HTTP/1.1" 404 14873
61.135.189.170 - - [26/Jul/2015:10:09:57 +0800] "GET /digiarch/content/repository/resource_content.jsp?oid=1887453 HTTP/1.1" 404 14873
66.249.71.50 - - [26/Jul/2015:10:10:06 +0800] "GET /content/subject/resource_content.jsp?oid=16777542&queryType=qc HTTP/1.1" 200 31579
66.249.71.105 - - [26/Jul/2015:10:10:07 +0800] "GET /content/repository/resource_content.jsp?oid=4364578&queryType=qs&queryString=%E9%AB%98%E7%AD%89%E8%80%83%E8%A9%A6 HTTP/1.1" 200 29640
66.249.71.72 - - [26/Jul/2015:10:10:07 +0800] "GET /content/nav/relationSubject.jsp?relationWords=%E5%B0%96%E5%90%BB+%E5%B0%96%E5%90%BB%E9%B1%B8+%E5%B0%96%E5%98%B4+&oid=23038 HTTP/1.1" 200 3398
66.249.71.72 - - [26/Jul/2015:10:10:09 +0800] "GET /content/nav/relationSubject.jsp?relationWords=%E5%B0%96%E5%90%BB%20%E5%B0%96%E5%90%BB%E9%B1%B8%20%E5%B0%96%E5%98%B4%20&oid=23038 HTTP/1.1" 200 3398
61.135.189.170 - - [26/Jul/2015:10:10:17 +0800] "GET /digiarch/content/repository/resource_content.jsp?oid=1777339 HTTP/1.1" 404 14873
36.99.30.41 - - [26/Jul/2015:10:10:25 +0800] "GET /content/tmp_tec/resource_content.jsp?oid=16777741 HTTP/1.1" 200 49798
66.249.71.50 - - [26/Jul/2015:10:10:34 +0800] "GET /content/subject/resource_content.jsp?oid=16777812&queryType=qc HTTP/1.1" 200 37565
61.135.189.170 - - [26/Jul/2015:10:10:36 +0800] "GET /digiarch/content/repository/resource_content.jsp?oid=1887451 HTTP/1.1" 404 14873
66.249.71.72 - - [26/Jul/2015:10:10:42 +0800] "GET /content/repository/resource_content.jsp?oid=2689949 HTTP/1.1" 200 29652
61.135.189.170 - - [26/Jul/2015:10:10:54 +0800] "GET /digiarch/content/repository/resource_content.jsp?oid=715723 HTTP/1.1" 404 14873
66.249.71.60 - - [26/Jul/2015:10:11:01 +0800] "GET /digiarch_en/content/nav/relationSubject.jsp?relationWords=%E5%8C%97%E9%9D%92%E7%9C%BC%E9%AD%9A+%E5%A5%87%E5%A3%AB%E9%AD%9A+%E5%B0%96%E5%90%BB%E9%9D%92%E7%9C%BC%E9%AD%9A+%E9%9D%92%E7%9C%BC%E9%AD%9A+&oid=14458 HTTP/1.1" 200 3541
66.249.71.60 - - [26/Jul/2015:10:11:03 +0800] "GET /digiarch_en/content/nav/relationSubject.jsp?relationWords=%E5%8C%97%E9%9D%92%E7%9C%BC%E9%AD%9A%20%E5%A5%87%E5%A3%AB%E9%AD%9A%20%E5%B0%96%E5%90%BB%E9%9D%92%E7%9C%BC%E9%AD%9A%20%E9%9D%92%E7%9C%BC%E9%AD%9A%20&oid=14458 HTTP/1.1" 200 3541
66.249.71.50 - - [26/Jul/2015:10:11:05 +0800] "GET /content/subject/resource_content.jsp?oid=16777818&queryType=qc HTTP/1.1" 200 38834
61.135.189.170 - - [26/Jul/2015:10:11:13 +0800] "GET /digiarch/content/repository/resource_content.jsp?oid=3409177 HTTP/1.1" 404 14873
66.249.71.105 - - [26/Jul/2015:10:11:14 +0800] "GET /content/repository/resource_content.jsp?oid=2676397&queryType=qs&queryString=%E9%91%BE%E5%84%80 HTTP/1.1" 200 30145
61.135.189.170 - - [26/Jul/2015:10:11:29 +0800] "GET /digiarch/content/repository/resource_content.jsp?oid=3409650 HTTP/1.1" 404 14873
66.249.71.72 - - [26/Jul/2015:10:11:34 +0800] "GET /content/repository/resource_content.jsp?oid=1567712 HTTP/1.1" 200 28614
61.135.189.170 - - [26/Jul/2015:10:11:47 +0800] "GET /digiarch/content/repository/resource_content.jsp?oid=2537479 HTTP/1.1" 404 14873
61.135.189.170 - - [26/Jul/2015:10:12:04 +0800] "GET /digiarch/content/repository/resource_content.jsp?oid=2547130 HTTP/1.1" 404 14873
66.249.71.41 - - [26/Jul/2015:10:12:04 +0800] "GET /content/subject/resource_content.jsp?oid=16777406&queryType=qc HTTP/1.1" 200 32899
66.249.71.113 - - [26/Jul/2015:10:12:12 +0800] "GET /content/nav/relationSubject.jsp?relationWords=%E5%88%91%E9%83%A8%20%E6%97%97%E5%93%A1%20&oid=2657394 HTTP/1.1" 200 3130
66.249.71.121 - - [26/Jul/2015:10:12:13 +0800] "GET /content/nav/relationSubject.jsp?relationWords=%E5%8F%B0%E7%81%A3%E8%97%A4%E6%BC%86%20%E6%BC%86%E6%A8%B9%20%E6%BC%86%E6%A8%B9%E5%B1%AC%20&oid=1112238 HTTP/1.1" 200 3277
61.135.189.170 - - [26/Jul/2015:10:12:19 +0800] "GET /digiarch/content/repository/resource_content.jsp?oid=2546685 HTTP/1.1" 404 14873
66.249.71.121 - - [26/Jul/2015:10:12:22 +0800] "GET /content/repository/resource_content.jsp?oid=1849933&queryType=qs&queryString=%E7%81%B0%E9%99%B6 HTTP/1.1" 200 29457
66.249.71.60 - - [26/Jul/2015:10:12:26 +0800] "GET /content/repository/resource_content.jsp?oid=1628145 HTTP/1.1" 200 29116
61.135.189.170 - - [26/Jul/2015:10:12:36 +0800] "GET /digiarch/content/repository/resource_content.jsp?oid=2522781 HTTP/1.1" 404 14873
61.135.189.170 - - [26/Jul/2015:10:12:51 +0800] "GET /digiarch/content/repository/resource_content.jsp?oid=2556260 HTTP/1.1" 404 14873
61.135.189.170 - - [26/Jul/2015:10:13:06 +0800] "GET /digiarch/content/repository/resource_content.jsp?oid=2551252 HTTP/1.1" 404 14873
66.249.71.50 - - [26/Jul/2015:10:13:06 +0800] "GET /content/subject/resource_content.jsp?oid=16777407&queryType=qc HTTP/1.1" 200 31980
66.249.71.121 - - [26/Jul/2015:10:13:08 +0800] "GET /content/nav/relationSubject.jsp?relationWords=%E7%99%BD%E5%90%BB+%E7%AB%8B%E6%97%97%E9%AF%9B+&oid=33554751 HTTP/1.1" 200 3361
66.249.71.113 - - [26/Jul/2015:10:13:10 +0800] "GET /content/nav/relationSubject.jsp?relationWords=%E7%99%BD%E5%90%BB%20%E7%AB%8B%E6%97%97%E9%AF%9B%20&oid=33554751 HTTP/1.1" 200 3361
66.249.71.105 - - [26/Jul/2015:10:13:13 +0800] "GET /content/nav/relationSubject.jsp?relationWords=%E6%97%97%E7%A7%9F%20%E8%B1%AB%E7%9C%81%20%E9%8A%80%E4%BA%8B%20&oid=2678751 HTTP/1.1" 200 3160
66.249.71.121 - - [26/Jul/2015:10:13:15 +0800] "GET /content/nav/relationSubject.jsp?relationWords=%E6%B0%B8%E9%99%B5%20&oid=2676366 HTTP/1.1" 200 3114
123.125.71.115 - - [26/Jul/2015:10:13:17 +0800] "GET /content/pictures/picture_content.jsp?oid=33554818&queryType=qc HTTP/1.1" 200 27808
66.249.71.113 - - [26/Jul/2015:10:13:17 +0800] "GET /content/nav/relationSubject.jsp?relationWords=%E5%87%B9%E8%85%B9%20%E5%87%B9%E8%85%B9%E9%B1%88%20%E7%AE%AD%E9%BD%92%E5%87%B9%E8%85%B9%E9%B1%88%20%E9%BC%A0%E5%B0%BE%E9%B1%88%20%E9%BC%A0%E5%B0%BE%E9%B1%88%E7%A7%91%20&oid=14588 HTTP/1.1" 200 3545
66.249.71.72 - - [26/Jul/2015:10:13:18 +0800] "GET /content/repository/resource_content.jsp?oid=1543307 HTTP/1.1" 200 28808
61.135.189.170 - - [26/Jul/2015:10:13:22 +0800] "GET /digiarch/content/repository/resource_content.jsp?oid=2535794 HTTP/1.1" 404 14873
123.125.71.79 - - [26/Jul/2015:10:13:22 +0800] "GET /content/nav/relationSubject.jsp?relationWords=%E4%B8%89%E7%B7%9A%E9%9B%9E%E9%AD%9A+%E9%9B%9E%E9%AD%9A+&oid=33554818 HTTP/1.1" 200 3472
66.249.71.105 - - [26/Jul/2015:10:13:29 +0800] "GET /content/repository/resource_content.jsp?oid=1780829&queryType=qs&queryString=%E4%BD%A9%E8%A2%8B HTTP/1.1" 200 29290
61.135.189.170 - - [26/Jul/2015:10:13:37 +0800] "GET /digiarch/content/repository/resource_content.jsp?oid=4511362 HTTP/1.1" 404 14873
61.135.189.170 - - [26/Jul/2015:10:13:54 +0800] "GET /digiarch/content/repository/resource_content.jsp?oid=2528763 HTTP/1.1" 404 14873
61.135.189.170 - - [26/Jul/2015:10:14:10 +0800] "GET /digiarch/content/repository/resource_content.jsp?oid=2537881 HTTP/1.1" 404 14873
66.249.71.60 - - [26/Jul/2015:10:14:11 +0800] "GET /content/repository/resource_content.jsp?oid=1123555 HTTP/1.1" 200 28615
66.249.71.50 - - [26/Jul/2015:10:14:12 +0800] "GET /content/subject/resource_content.jsp?oid=16777632&queryType=qc HTTP/1.1" 200 32546
61.135.189.170 - - [26/Jul/2015:10:14:23 +0800] "GET /digiarch/content/repository/resource_content.jsp?oid=2639027 HTTP/1.1" 404 14873
66.249.71.72 - - [26/Jul/2015:10:14:35 +0800] "GET /digiarch_en/content/nav/relationSubject.jsp?relationWords=%E7%8D%B8%E9%9D%A2%E7%B4%8B%E6%96%B9%E7%88%B5+&oid=1836030 HTTP/1.1" 200 2176
66.249.71.72 - - [26/Jul/2015:10:14:37 +0800] "GET /digiarch_en/content/nav/relationSubject.jsp?relationWords=%E7%8D%B8%E9%9D%A2%E7%B4%8B%E6%96%B9%E7%88%B5%20&oid=1836030 HTTP/1.1" 200 2176
61.135.189.170 - - [26/Jul/2015:10:14:38 +0800] "GET /digiarch/content/repository/resource_content.jsp?oid=2685893 HTTP/1.1" 404 14873
61.135.189.170 - - [26/Jul/2015:10:14:52 +0800] "GET /digiarch/content/repository/resource_content.jsp?oid=2654830 HTTP/1.1" 404 14873
66.249.71.119 - - [26/Jul/2015:10:14:56 +0800] "GET /content/nav/relationSubject.jsp?relationWords=%E5%88%91%E9%83%A8+&oid=2631500 HTTP/1.1" 200 3095
66.249.71.119 - - [26/Jul/2015:10:14:58 +0800] "GET /content/nav/relationSubject.jsp?relationWords=%E5%88%91%E9%83%A8%20&oid=2631500 HTTP/1.1" 200 3095
61.135.189.170 - - [26/Jul/2015:10:15:04 +0800] "GET /digiarch/content/repository/resource_content.jsp?oid=2648888 HTTP/1.1" 404 14873
61.135.189.170 - - [26/Jul/2015:10:15:17 +0800] "GET /digiarch/content/repository/resource_content.jsp?oid=2571356 HTTP/1.1" 404 14873
61.135.189.170 - - [26/Jul/2015:10:15:31 +0800] "GET /digiarch/content/repository/resource_content.jsp?oid=2641712 HTTP/1.1" 404 14873
61.135.189.170 - - [26/Jul/2015:10:15:44 +0800] "GET /digiarch/content/repository/resource_content.jsp?oid=2681714 HTTP/1.1" 404 14873
66.249.71.113 - - [26/Jul/2015:10:15:45 +0800] "GET /content/repository/resource_content.jsp?oid=2583591&queryType=qs&queryString=%E9%AB%98%E7%B2%B1 HTTP/1.1" 200 29170
66.249.71.3 - - [26/Jul/2015:10:15:46 +0800] "GET /content/nav/relationSubject.jsp?relationWords=%E5%90%8F%E9%83%A8+%E5%B4%87%E8%98%AD+%E6%95%99%E5%AE%98+%E9%BB%83%E5%B4%87%E8%98%AD+&oid=2686987 HTTP/1.1" 200 3221
66.249.71.113 - - [26/Jul/2015:10:15:53 +0800] "GET /content/nav/relationSubject.jsp?relationWords=&oid=2585849 HTTP/1.1" 200 1405
66.249.71.3 - - [26/Jul/2015:10:15:55 +0800] "GET /content/repository/resource_content.jsp?oid=2564937&queryType=qs&queryString=%E8%91%A6%E7%A8%85 HTTP/1.1" 200 29284
61.135.189.170 - - [26/Jul/2015:10:15:56 +0800] "GET /digiarch/content/repository/resource_content.jsp?oid=2511293 HTTP/1.1" 404 14873
66.249.71.3 - - [26/Jul/2015:10:15:56 +0800] "GET /content/nav/relationSubject.jsp?relationWords=%E5%90%8F%E9%83%A8%20%E5%B4%87%E8%98%AD%20%E6%95%99%E5%AE%98%20%E9%BB%83%E5%B4%87%E8%98%AD%20&oid=2686987 HTTP/1.1" 200 3221
61.135.189.170 - - [26/Jul/2015:10:16:09 +0800] "GET /digiarch/content/repository/resource_content.jsp?oid=2642969 HTTP/1.1" 404 14873
61.135.189.170 - - [26/Jul/2015:10:16:22 +0800] "GET /digiarch/content/repository/resource_content.jsp?oid=2689796 HTTP/1.1" 404 14873
61.135.189.170 - - [26/Jul/2015:10:16:35 +0800] "GET /digiarch/content/repository/resource_content.jsp?oid=4511333 HTTP/1.1" 404 14873
66.249.71.64 - - [26/Jul/2015:10:16:47 +0800] "GET /content/repository/resource_content.jsp?oid=1845886 HTTP/1.1" 200 29943
61.135.189.170 - - [26/Jul/2015:10:16:48 +0800] "GET /digiarch/content/repository/resource_content.jsp?oid=2470734 HTTP/1.1" 404 14873
