66.249.71.60 - - [03/Aug/2015:06:01:33 +0800] "GET /content/repository/resource_content.jsp?oid=1110345 HTTP/1.1" 200 31345
66.249.71.64 - - [03/Aug/2015:06:02:28 +0800] "GET /content/repository/resource_content.jsp?oid=1105130 HTTP/1.1" 200 30774
66.249.71.72 - - [03/Aug/2015:06:02:30 +0800] "GET /content/nav/relationSubject.jsp?relationWords=%E4%BD%8F%E5%AE%85%E8%B2%B8%E6%AC%BE+%E5%81%8F%E9%81%A0%E5%9C%B0%E5%8D%80+%E5%85%AC%E8%81%BD%E6%9C%83+%E5%B1%B1%E8%83%9E+%E8%B3%AA%E8%A9%A2+%E9%A0%90%E7%AE%97+&oid=1609366 HTTP/1.1" 200 5442
66.249.71.60 - - [03/Aug/2015:06:02:32 +0800] "GET /content/nav/relationSubject.jsp?relationWords=%E4%BD%8F%E5%AE%85%E8%B2%B8%E6%AC%BE%20%E5%81%8F%E9%81%A0%E5%9C%B0%E5%8D%80%20%E5%85%AC%E8%81%BD%E6%9C%83%20%E5%B1%B1%E8%83%9E%20%E8%B3%AA%E8%A9%A2%20%E9%A0%90%E7%AE%97%20&oid=1609366 HTTP/1.1" 200 5442
66.249.71.64 - - [03/Aug/2015:06:02:55 +0800] "GET /content/repository/resource_content.jsp?oid=14145&queryString=%E6%93%AC%E9%B0%BB%E9%AE%AB%20%E6%A3%98%E6%B2%99 HTTP/1.1" 200 36696
66.249.71.64 - - [03/Aug/2015:06:03:09 +0800] "GET /content/nav/relationSubject.jsp?relationWords=%E4%BD%8E%E9%B0%AD%E5%88%BA%E9%AF%8A+%E5%88%BA%E9%AF%8A+%E5%B0%96%E9%B0%AD%E9%AE%AB+%E6%A3%98%E6%B2%99+%E6%B2%99%E9%AD%9A+&oid=14145 HTTP/1.1" 200 3446
66.249.71.60 - - [03/Aug/2015:06:03:10 +0800] "GET /content/nav/relationSubject.jsp?relationWords=%E6%97%8B%E8%8A%B1%E7%A7%91%20%E6%A4%8D%E7%89%A9%E7%95%8C%20%E6%B5%B7%E7%89%BD%E7%89%9B%20%E7%89%BD%E7%89%9B%E5%B1%AC%20&oid=1105130 HTTP/1.1" 200 3150
66.249.71.60 - - [03/Aug/2015:06:03:12 +0800] "GET /content/nav/relationSubject.jsp?relationWords=%E4%BD%8E%E9%B0%AD%E5%88%BA%E9%AF%8A%20%E5%88%BA%E9%AF%8A%20%E5%B0%96%E9%B0%AD%E9%AE%AB%20%E6%A3%98%E6%B2%99%20%E6%B2%99%E9%AD%9A%20&oid=14145 HTTP/1.1" 200 3446
66.249.71.60 - - [03/Aug/2015:06:03:20 +0800] "GET /content/nav/relationSubject.jsp?relationWords=%E8%B2%A1%E6%94%BF%E9%83%A8+%E8%B3%AA%E8%A9%A2+&oid=1564256 HTTP/1.1" 200 4760
66.249.71.72 - - [03/Aug/2015:06:03:25 +0800] "GET /content/nav/relationSubject.jsp?relationWords=%E8%B2%A1%E6%94%BF%E9%83%A8%20%E8%B3%AA%E8%A9%A2%20&oid=1564256 HTTP/1.1" 200 4760
66.249.71.60 - - [03/Aug/2015:06:03:37 +0800] "GET /content/nav/relationSubject.jsp?relationWords=&oid=1851438 HTTP/1.1" 200 1405
66.249.71.60 - - [03/Aug/2015:06:03:50 +0800] "GET /digiarch_en/content/repository/resource_content.jsp?oid=1126281&queryString=%E5%B0%96%E8%A7%92%E6%B1%9F%E7%8F%A7%E8%9B%A4%20%E6%B1%9F%E7%8F%A7%E8%9B%A4%20%E8%9B%A4%E7%A7%91%20%E8%B2%BD%E8%B2%9D%20%E9%9B%99%E6%AE%BC%E7%B6%B1 HTTP/1.1" 200 24164
66.249.71.60 - - [03/Aug/2015:06:03:53 +0800] "GET /content/nav/relationSubject.jsp?relationWords=&oid=2559814 HTTP/1.1" 200 1405
66.249.71.5 - - [03/Aug/2015:06:04:17 +0800] "GET /digiarch3/content/pictures/picture_content.jsp?oid=33554825&classify=2761 HTTP/1.1" 200 27872
66.249.71.64 - - [03/Aug/2015:06:04:45 +0800] "GET /content/repository/resource_content.jsp?oid=1576449 HTTP/1.1" 200 28683
66.249.71.72 - - [03/Aug/2015:06:04:55 +0800] "GET /content/nav/relationSubject.jsp?relationWords=&oid=2547366 HTTP/1.1" 200 1405
66.249.71.60 - - [03/Aug/2015:06:05:12 +0800] "GET /content/subject/resource_content.jsp?oid=16777332 HTTP/1.1" 200 32786
66.249.71.60 - - [03/Aug/2015:06:05:22 +0800] "GET /content/nav/relationSubject.jsp?relationWords=%E5%90%88%E4%BD%9C%E7%A4%BE+%E7%9C%81%E6%94%BF%E5%BA%9C+%E7%BE%8E%E6%8F%B4+%E8%87%BA%E7%81%A3%E7%9C%81+%E9%A4%8A%E8%B1%AC%E6%88%B6+&oid=1524730 HTTP/1.1" 200 4642
66.249.71.72 - - [03/Aug/2015:06:05:29 +0800] "GET /content/nav/relationSubject.jsp?relationWords=%E5%90%88%E4%BD%9C%E7%A4%BE%20%E7%9C%81%E6%94%BF%E5%BA%9C%20%E7%BE%8E%E6%8F%B4%20%E8%87%BA%E7%81%A3%E7%9C%81%20%E9%A4%8A%E8%B1%AC%E6%88%B6%20&oid=1524730 HTTP/1.1" 200 4642
66.249.71.45 - - [03/Aug/2015:06:05:40 +0800] "GET /content/repository/resource_content.jsp?oid=1526160&queryString=%E6%AD%A6%E8%97%A4%20%E8%97%A4%E5%B1%B1%20%E8%A3%81%E5%88%A4 HTTP/1.1" 200 29341
66.249.71.72 - - [03/Aug/2015:06:05:56 +0800] "GET /content/nav/relationSubject.jsp?relationWords=&oid=1880446 HTTP/1.1" 200 1405
66.249.71.72 - - [03/Aug/2015:06:06:07 +0800] "GET /content/repository/resource_content.jsp?oid=18197 HTTP/1.1" 200 29779
66.249.71.72 - - [03/Aug/2015:06:06:24 +0800] "GET /content/nav/relationSubject.jsp?relationWords=%E8%BB%8A%E9%A6%AC%E5%99%A8+%E9%9D%A9%E5%B8%B6%E9%A3%BE+&oid=1849186 HTTP/1.1" 200 3096
66.249.71.72 - - [03/Aug/2015:06:06:27 +0800] "GET /content/nav/relationSubject.jsp?relationWords=%E8%BB%8A%E9%A6%AC%E5%99%A8%20%E9%9D%A9%E5%B8%B6%E9%A3%BE%20&oid=1849186 HTTP/1.1" 200 3096
66.249.71.60 - - [03/Aug/2015:06:06:34 +0800] "GET /content/nav/relationSubject.jsp?relationWords=%E5%B5%8C%E7%89%87+&oid=1847366 HTTP/1.1" 200 2987
66.249.71.72 - - [03/Aug/2015:06:06:35 +0800] "GET /content/repository/resource_content.jsp?oid=1123411 HTTP/1.1" 200 35054
66.249.71.60 - - [03/Aug/2015:06:06:35 +0800] "GET /content/nav/relationSubject.jsp?relationWords=%E5%B5%8C%E7%89%87%20&oid=1847366 HTTP/1.1" 200 2987
66.249.71.72 - - [03/Aug/2015:06:06:59 +0800] "GET /content/nav/relationSubject.jsp?relationWords=%E7%B0%A1%E9%8C%A6%E7%9B%8A+%E8%98%87%E8%B2%9E%E6%98%8C+&oid=1889887 HTTP/1.1" 200 3231
66.249.71.64 - - [03/Aug/2015:06:07:01 +0800] "GET /content/nav/relationSubject.jsp?relationWords=%E7%B0%A1%E9%8C%A6%E7%9B%8A%20%E8%98%87%E8%B2%9E%E6%98%8C%20&oid=1889887 HTTP/1.1" 200 3231
66.249.71.72 - - [03/Aug/2015:06:07:01 +0800] "GET /content/nav/relationSubject.jsp?relationWords=&oid=1891976 HTTP/1.1" 200 1405
66.249.71.127 - - [03/Aug/2015:06:07:03 +0800] "GET /content/repository/resource_content.jsp?oid=1780837&queryString=%E7%B6%81%E8%85%BF%E5%B8%83 HTTP/1.1" 200 28853
66.249.71.60 - - [03/Aug/2015:06:07:41 +0800] "GET /content/nav/relationSubject.jsp?relationWords=&oid=1890887 HTTP/1.1" 200 1405
66.249.71.60 - - [03/Aug/2015:06:08:14 +0800] "GET /content/nav/relationSubject.jsp?relationWords=%E6%96%91%E9%A0%AD%E8%88%8C%E9%B0%A8+%E8%88%8C%E9%B0%A8+%E9%B0%A8%E7%A7%91+&oid=18862 HTTP/1.1" 200 3542
66.249.71.72 - - [03/Aug/2015:06:08:15 +0800] "GET /content/nav/relationSubject.jsp?relationWords=%E6%96%91%E9%A0%AD%E8%88%8C%E9%B0%A8%20%E8%88%8C%E9%B0%A8%20%E9%B0%A8%E7%A7%91%20&oid=18862 HTTP/1.1" 200 3542
66.249.71.72 - - [03/Aug/2015:06:08:23 +0800] "GET /content/nav/relationSubject.jsp?relationWords=%E6%A5%8A%E7%A7%8B+%E6%A5%8A%E7%A7%8B%E8%88%88+%E7%A7%8B%E8%88%88+%E8%94%A1%E7%BE%8E+%E9%99%B3%E6%A6%AE+%E9%99%B3%E6%A6%AE%E7%9B%9B+&oid=1893912 HTTP/1.1" 200 3504
66.249.71.5 - - [03/Aug/2015:06:08:24 +0800] "GET /digiarch/content/repository/resource_content.jsp?oid=3350286 HTTP/1.1" 404 14873
66.249.71.72 - - [03/Aug/2015:06:08:25 +0800] "GET /content/nav/relationSubject.jsp?relationWords=%E6%A5%8A%E7%A7%8B%20%E6%A5%8A%E7%A7%8B%E8%88%88%20%E7%A7%8B%E8%88%88%20%E8%94%A1%E7%BE%8E%20%E9%99%B3%E6%A6%AE%20%E9%99%B3%E6%A6%AE%E7%9B%9B%20&oid=1893912 HTTP/1.1" 200 3504
66.249.71.23 - - [03/Aug/2015:06:08:36 +0800] "GET /digiarch3/content/nav/relationSubject.jsp?relationWords=%E5%90%8F%E9%83%A8+%E7%9F%A5%E7%B8%A3%E7%8E%8B+%E9%8C%A2%E7%B3%A7+&oid=2686328 HTTP/1.1" 200 5392
66.249.71.23 - - [03/Aug/2015:06:08:38 +0800] "GET /digiarch3/content/nav/relationSubject.jsp?relationWords=%E5%90%8F%E9%83%A8%20%E7%9F%A5%E7%B8%A3%E7%8E%8B%20%E9%8C%A2%E7%B3%A7%20&oid=2686328 HTTP/1.1" 200 5392
66.249.71.60 - - [03/Aug/2015:06:08:49 +0800] "GET /content/nav/relationSubject.jsp?relationWords=%E5%9C%B0%E5%BD%A2%E5%9C%96+%E5%BB%89%E6%B1%9F%E7%B8%A3+&oid=217069 HTTP/1.1" 200 3108
66.249.71.119 - - [03/Aug/2015:06:08:52 +0800] "GET /content/repository/resource_content.jsp?oid=1870321&queryType=qs&queryString=%E7%99%BD%E9%99%B6 HTTP/1.1" 200 30779
66.249.71.60 - - [03/Aug/2015:06:08:53 +0800] "GET /content/nav/relationSubject.jsp?relationWords=%E5%9C%B0%E5%BD%A2%E5%9C%96%20%E5%BB%89%E6%B1%9F%E7%B8%A3%20&oid=217069 HTTP/1.1" 200 3108
207.46.13.28 - - [03/Aug/2015:06:09:00 +0800] "GET /content/nav/relationSubject.jsp?relationWords=%E5%B1%B1%E8%8A%99%E8%93%89+%E6%9C%A8%E8%8A%99%E8%93%89+%E8%96%9B%E6%BF%A4+%E9%86%89%E8%8A%99%E8%93%89+&oid=16777260 HTTP/1.1" 200 4595
66.249.71.64 - - [03/Aug/2015:06:09:20 +0800] "GET /content/repository/resource_content.jsp?oid=1546144 HTTP/1.1" 200 29150
123.125.71.17 - - [03/Aug/2015:06:09:32 +0800] "GET /content/subject/resource_content.jsp?oid=16777512&queryType=qc HTTP/1.1" 200 34523
66.249.71.72 - - [03/Aug/2015:06:09:47 +0800] "GET /content/repository/resource_content.jsp?oid=3123265 HTTP/1.1" 200 29264
66.249.71.64 - - [03/Aug/2015:06:09:47 +0800] "GET /content/nav/relationSubject.jsp?relationWords=%E5%B5%8C%E7%89%87+&oid=1867651 HTTP/1.1" 200 2987
66.249.71.60 - - [03/Aug/2015:06:09:52 +0800] "GET /content/nav/relationSubject.jsp?relationWords=%E5%B5%8C%E7%89%87%20&oid=1867651 HTTP/1.1" 200 2987
66.249.71.60 - - [03/Aug/2015:06:09:57 +0800] "GET /content/nav/relationSubject.jsp?relationWords=&oid=2601958 HTTP/1.1" 200 1405
66.249.71.36 - - [03/Aug/2015:06:10:15 +0800] "GET /content/repository/resource_content.jsp?oid=2679647&queryType=qs&queryString=%E7%AF%89%E5%A0%A4 HTTP/1.1" 200 30267
66.249.71.72 - - [03/Aug/2015:06:10:15 +0800] "GET /content/nav/relationSubject.jsp?relationWords=%E7%BE%85%E5%9D%8A%E8%A1%97+%E9%99%B8%E6%B8%AC%E5%9C%96+&oid=224706 HTTP/1.1" 200 3129
66.249.71.60 - - [03/Aug/2015:06:10:17 +0800] "GET /content/nav/relationSubject.jsp?relationWords=%E7%BE%85%E5%9D%8A%E8%A1%97%20%E9%99%B8%E6%B8%AC%E5%9C%96%20&oid=224706 HTTP/1.1" 200 3129
66.249.71.60 - - [03/Aug/2015:06:10:23 +0800] "GET /content/nav/relationSubject.jsp?relationWords=%E5%B5%8C%E7%89%87+&oid=1847302 HTTP/1.1" 200 2987
66.249.71.72 - - [03/Aug/2015:06:10:27 +0800] "GET /content/nav/relationSubject.jsp?relationWords=%E5%B5%8C%E7%89%87%20&oid=1847302 HTTP/1.1" 200 2987
66.249.71.60 - - [03/Aug/2015:06:10:30 +0800] "GET /content/nav/relationSubject.jsp?relationWords=%E9%BE%9C%E7%94%B2%E5%8D%9C%E8%BE%AD%E6%AE%98%E7%89%87+&oid=1871242 HTTP/1.1" 200 3071
66.249.71.72 - - [03/Aug/2015:06:10:32 +0800] "GET /content/nav/relationSubject.jsp?relationWords=%E9%BE%9C%E7%94%B2%E5%8D%9C%E8%BE%AD%E6%AE%98%E7%89%87%20&oid=1871242 HTTP/1.1" 200 3071
66.249.71.60 - - [03/Aug/2015:06:10:34 +0800] "GET /content/nav/relationSubject.jsp?relationWords=%E9%BE%9C%E7%94%B2%E5%8D%9C%E8%BE%AD%E6%AE%98%E7%89%87+&oid=1874456 HTTP/1.1" 200 3071
66.249.71.64 - - [03/Aug/2015:06:10:38 +0800] "GET /content/nav/relationSubject.jsp?relationWords=%E9%BE%9C%E7%94%B2%E5%8D%9C%E8%BE%AD%E6%AE%98%E7%89%87%20&oid=1874456 HTTP/1.1" 200 3071
66.249.71.54 - - [03/Aug/2015:06:10:39 +0800] "GET /content/nav/relationSubject.jsp?relationWords=%E5%9F%BD%E5%9F%A7+%E5%B7%A5%E9%83%A8+%E9%8A%80%E6%95%B8+&oid=2679647 HTTP/1.1" 200 3163
66.249.71.64 - - [03/Aug/2015:06:10:42 +0800] "GET /content/repository/resource_content.jsp?oid=1559273 HTTP/1.1" 200 28467
66.249.71.54 - - [03/Aug/2015:06:10:44 +0800] "GET /content/nav/relationSubject.jsp?relationWords=%E5%9F%BD%E5%9F%A7%20%E5%B7%A5%E9%83%A8%20%E9%8A%80%E6%95%B8%20&oid=2679647 HTTP/1.1" 200 3163
66.249.71.60 - - [03/Aug/2015:06:10:47 +0800] "GET /content/nav/relationSubject.jsp?relationWords=%E5%8C%97%E5%B2%B8%E5%9C%96+%E9%B4%A8%E7%B6%A0%E6%B1%9F+&oid=188572 HTTP/1.1" 200 3126
66.249.71.64 - - [03/Aug/2015:06:10:48 +0800] "GET /content/nav/relationSubject.jsp?relationWords=%E5%8C%97%E5%B2%B8%E5%9C%96%20%E9%B4%A8%E7%B6%A0%E6%B1%9F%20&oid=188572 HTTP/1.1" 200 3126
66.249.71.60 - - [03/Aug/2015:06:11:02 +0800] "GET /content/repository/resource_content.jsp?oid=279221&queryString=%E5%B1%85%E5%BB%B6%E6%BC%A2%E7%B0%A1%20%E6%BC%A2%E7%B0%A1 HTTP/1.1" 200 31200
66.249.71.72 - - [03/Aug/2015:06:11:10 +0800] "GET /content/repository/resource_content.jsp?oid=207949 HTTP/1.1" 200 30429
66.249.71.72 - - [03/Aug/2015:06:11:39 +0800] "GET /content/repository/resource_content.jsp?oid=1106359 HTTP/1.1" 200 30312
66.249.71.3 - - [03/Aug/2015:06:11:53 +0800] "GET /content/nav/relationSubject.jsp?relationWords=&oid=2546896 HTTP/1.1" 200 1405
66.249.71.72 - - [03/Aug/2015:06:12:03 +0800] "GET /content/nav/relationSubject.jsp?relationWords=%E9%A0%AD%E5%89%8D%E6%BA%AA+&oid=174106 HTTP/1.1" 200 4271
66.249.71.72 - - [03/Aug/2015:06:12:05 +0800] "GET /content/repository/resource_content.jsp?oid=1560144 HTTP/1.1" 200 28569
66.249.71.64 - - [03/Aug/2015:06:12:05 +0800] "GET /content/nav/relationSubject.jsp?relationWords=%E9%A0%AD%E5%89%8D%E6%BA%AA%20&oid=174106 HTTP/1.1" 200 4271
66.249.71.60 - - [03/Aug/2015:06:12:24 +0800] "GET /content/nav/relationSubject.jsp?relationWords=%E5%B7%A5%E6%A5%AD%E6%8A%80%E8%A1%93+&oid=1560144 HTTP/1.1" 200 4527
66.249.71.64 - - [03/Aug/2015:06:12:25 +0800] "GET /content/nav/relationSubject.jsp?relationWords=&oid=1622994 HTTP/1.1" 200 1405
66.249.71.60 - - [03/Aug/2015:06:12:26 +0800] "GET /content/nav/relationSubject.jsp?relationWords=%E5%B7%A5%E6%A5%AD%E6%8A%80%E8%A1%93%20&oid=1560144 HTTP/1.1" 200 4527
66.249.71.60 - - [03/Aug/2015:06:12:32 +0800] "GET /content/repository/resource_content.jsp?oid=1523113 HTTP/1.1" 200 28706
66.249.71.72 - - [03/Aug/2015:06:12:33 +0800] "GET /content/nav/relationSubject.jsp?relationWords=%E9%BE%9C%E7%94%B2%E5%8D%9C%E8%BE%AD%E6%AE%98%E7%89%87+&oid=1844107 HTTP/1.1" 200 3071
66.249.71.72 - - [03/Aug/2015:06:12:35 +0800] "GET /content/nav/relationSubject.jsp?relationWords=%E9%BE%9C%E7%94%B2%E5%8D%9C%E8%BE%AD%E6%AE%98%E7%89%87%20&oid=1844107 HTTP/1.1" 200 3071
66.249.71.64 - - [03/Aug/2015:06:13:00 +0800] "GET /content/repository/resource_content.jsp?oid=2604434 HTTP/1.1" 200 29371
66.249.71.72 - - [03/Aug/2015:06:13:01 +0800] "GET /content/nav/relationSubject.jsp?relationWords=%E5%8D%8A%E7%92%B0%E5%B9%B3%E8%93%8B%E8%9B%87%E9%B0%BB+%E8%9B%87%E9%B0%BB%E7%A7%91+&oid=18197 HTTP/1.1" 200 3262
66.249.71.60 - - [03/Aug/2015:06:13:03 +0800] "GET /content/nav/relationSubject.jsp?relationWords=%E5%8D%8A%E7%92%B0%E5%B9%B3%E8%93%8B%E8%9B%87%E9%B0%BB%20%E8%9B%87%E9%B0%BB%E7%A7%91%20&oid=18197 HTTP/1.1" 200 3262
66.249.71.64 - - [03/Aug/2015:06:13:12 +0800] "GET /content/nav/relationSubject.jsp?relationWords=%E8%98%87%E6%96%87%E9%9B%84+%E9%84%AD%E9%87%91%E9%88%B4+%E9%8D%BE%E7%B4%B9%E5%92%8C+%E9%BB%83%E6%9C%A8%E6%B7%BB+&oid=1893833 HTTP/1.1" 200 3311
66.249.71.72 - - [03/Aug/2015:06:13:13 +0800] "GET /content/nav/relationSubject.jsp?relationWords=%E8%98%87%E6%96%87%E9%9B%84%20%E9%84%AD%E9%87%91%E9%88%B4%20%E9%8D%BE%E7%B4%B9%E5%92%8C%20%E9%BB%83%E6%9C%A8%E6%B7%BB%20&oid=1893833 HTTP/1.1" 200 3311
66.249.71.72 - - [03/Aug/2015:06:13:27 +0800] "GET /content/repository/resource_content.jsp?oid=2662783 HTTP/1.1" 200 29773
66.249.71.14 - - [03/Aug/2015:06:13:55 +0800] "GET /content/repository/resource_content.jsp?oid=2673588&queryType=qs&queryString=%E6%96%87%E5%AF%B6 HTTP/1.1" 200 29599
66.249.71.60 - - [03/Aug/2015:06:13:55 +0800] "GET /content/nav/relationSubject.jsp?relationWords=%E8%83%BD%E9%AB%98%E9%87%91%E7%B5%B2%E6%A1%83+%E9%87%91%E7%B5%B2%E6%A1%83%E5%B1%AC+&oid=1098991 HTTP/1.1" 200 3108
66.249.71.64 - - [03/Aug/2015:06:13:57 +0800] "GET /content/nav/relationSubject.jsp?relationWords=%E8%83%BD%E9%AB%98%E9%87%91%E7%B5%B2%E6%A1%83%20%E9%87%91%E7%B5%B2%E6%A1%83%E5%B1%AC%20&oid=1098991 HTTP/1.1" 200 3108
66.249.71.72 - - [03/Aug/2015:06:14:07 +0800] "GET /content/nav/relationSubject.jsp?relationWords=&oid=2604434 HTTP/1.1" 200 1405
66.249.71.72 - - [03/Aug/2015:06:14:17 +0800] "GET /content/nav/relationSubject.jsp?relationWords=%E7%BF%B0%E6%9E%97%E9%99%A2+&oid=2629374 HTTP/1.1" 200 3081
66.249.71.72 - - [03/Aug/2015:06:14:19 +0800] "GET /content/nav/relationSubject.jsp?relationWords=%E7%BF%B0%E6%9E%97%E9%99%A2%20&oid=2629374 HTTP/1.1" 200 3081
66.249.71.36 - - [03/Aug/2015:06:14:22 +0800] "GET /content/repository/resource_content.jsp?oid=2666336&queryType=qs&queryString=%E5%8A%89%E5%A2%89 HTTP/1.1" 200 30239
220.181.108.101 - - [03/Aug/2015:06:14:25 +0800] "GET /content/repository/resource_content.jsp?oid=523740&queryType=qc HTTP/1.1" 200 35739
66.249.71.60 - - [03/Aug/2015:06:14:40 +0800] "GET /content/nav/relationSubject.jsp?relationWords=%E5%85%BC%E7%BD%B2+%E8%A8%88%E7%AE%97%E6%9B%B8+&oid=758282 HTTP/1.1" 200 4052
66.249.71.64 - - [03/Aug/2015:06:14:41 +0800] "GET /content/nav/relationSubject.jsp?relationWords=%E5%8F%B8%E6%B3%95%E4%BF%9D%E8%AD%B7+%E8%87%A8%E6%99%82%E7%9C%81%E8%AD%B0%E6%9C%83+%E8%87%BA%E7%81%A3%E7%9C%81+%E8%91%89%E6%9D%BE%E8%88%88+&oid=1520871 HTTP/1.1" 200 4538
66.249.71.72 - - [03/Aug/2015:06:14:42 +0800] "GET /content/nav/relationSubject.jsp?relationWords=%E5%85%BC%E7%BD%B2%20%E8%A8%88%E7%AE%97%E6%9B%B8%20&oid=758282 HTTP/1.1" 200 4052
66.249.71.60 - - [03/Aug/2015:06:14:43 +0800] "GET /content/nav/relationSubject.jsp?relationWords=%E9%A9%97%E6%94%BE%E5%AE%98+&oid=2662783 HTTP/1.1" 200 3078
66.249.71.60 - - [03/Aug/2015:06:14:44 +0800] "GET /content/nav/relationSubject.jsp?relationWords=%E5%8F%B8%E6%B3%95%E4%BF%9D%E8%AD%B7%20%E8%87%A8%E6%99%82%E7%9C%81%E8%AD%B0%E6%9C%83%20%E8%87%BA%E7%81%A3%E7%9C%81%20%E8%91%89%E6%9D%BE%E8%88%88%20&oid=1520871 HTTP/1.1" 200 4538
66.249.71.64 - - [03/Aug/2015:06:14:45 +0800] "GET /content/nav/relationSubject.jsp?relationWords=%E9%A9%97%E6%94%BE%E5%AE%98%20&oid=2662783 HTTP/1.1" 200 3078
66.249.71.72 - - [03/Aug/2015:06:14:50 +0800] "GET /content/repository/resource_content.jsp?oid=1568739 HTTP/1.1" 200 28879
66.249.71.64 - - [03/Aug/2015:06:15:17 +0800] "GET /content/repository/resource_content.jsp?oid=1098561 HTTP/1.1" 200 31138
66.249.71.72 - - [03/Aug/2015:06:15:32 +0800] "GET /content/nav/relationSubject.jsp?relationWords=%E5%96%AE%E8%89%B2+%E9%AB%98%E4%BA%AD%E9%8E%AE+&oid=190138 HTTP/1.1" 200 3242
66.249.71.60 - - [03/Aug/2015:06:15:37 +0800] "GET /content/nav/relationSubject.jsp?relationWords=%E5%96%AE%E8%89%B2%20%E9%AB%98%E4%BA%AD%E9%8E%AE%20&oid=190138 HTTP/1.1" 200 3242
66.249.71.64 - - [03/Aug/2015:06:15:44 +0800] "GET /content/repository/resource_content.jsp?oid=1099461 HTTP/1.1" 200 31449
66.249.71.72 - - [03/Aug/2015:06:15:45 +0800] "GET /content/nav/relationSubject.jsp?relationWords=%E4%BF%9D%E9%9A%AA+%E4%BF%9D%E9%9A%AA%E6%B3%95+%E7%9C%81%E6%94%BF%E5%BA%9C+%E8%BE%B2%E6%9E%97+&oid=1568739 HTTP/1.1" 200 4577
66.249.71.72 - - [03/Aug/2015:06:15:47 +0800] "GET /content/nav/relationSubject.jsp?relationWords=%E4%BF%9D%E9%9A%AA%20%E4%BF%9D%E9%9A%AA%E6%B3%95%20%E7%9C%81%E6%94%BF%E5%BA%9C%20%E8%BE%B2%E6%9E%97%20&oid=1568739 HTTP/1.1" 200 4577
66.249.71.72 - - [03/Aug/2015:06:15:58 +0800] "GET /content/nav/relationSubject.jsp?relationWords=%E5%BE%B7%E5%85%B5+%E8%BB%8D%E5%AE%98+&oid=737276 HTTP/1.1" 200 3276
66.249.71.64 - - [03/Aug/2015:06:16:01 +0800] "GET /content/nav/relationSubject.jsp?relationWords=%E5%BE%B7%E5%85%B5%20%E8%BB%8D%E5%AE%98%20&oid=737276 HTTP/1.1" 200 3276
183.79.221.69 - - [03/Aug/2015:06:16:09 +0800] "GET /content/tmp_auth/resource_content.jsp?oid=16777810 HTTP/1.0" 200 40546
66.249.71.64 - - [03/Aug/2015:06:16:12 +0800] "GET /content/repository/resource_content.jsp?oid=1520104 HTTP/1.1" 200 29023
66.249.71.64 - - [03/Aug/2015:06:16:34 +0800] "GET /content/nav/relationSubject.jsp?relationWords=%E4%BC%B0%E5%83%B9%E5%96%AE+%E5%AF%A9%E8%A8%88%E9%83%A8+%E7%AC%AC%E4%B8%80%E5%95%86%E6%A5%AD%E9%8A%80%E8%A1%8C+%E8%81%B7%E5%93%A1%E5%AE%BF%E8%88%8D+%E8%87%A8%E6%99%82%E7%9C%81%E8%AD%B0%E6%9C%83+%E8%87%BA%E7%81%A3%E7%9C%81+%E8%87%BA%E7%81%A3%E7%9C%81%E5%AF%A9%E8%A8%88%E8%99%95+%E9%9C%A7%E5%B3%B0+&oid=1520104 HTTP/1.1" 200 5681
66.249.71.60 - - [03/Aug/2015:06:16:36 +0800] "GET /content/nav/relationSubject.jsp?relationWords=%E5%B8%AB%E9%85%89+%E5%B8%AB%E9%85%89%E7%B0%8B+&oid=1828345 HTTP/1.1" 200 3224
66.249.71.60 - - [03/Aug/2015:06:16:37 +0800] "GET /content/nav/relationSubject.jsp?relationWords=%E4%BC%B0%E5%83%B9%E5%96%AE%20%E5%AF%A9%E8%A8%88%E9%83%A8%20%E7%AC%AC%E4%B8%80%E5%95%86%E6%A5%AD%E9%8A%80%E8%A1%8C%20%E8%81%B7%E5%93%A1%E5%AE%BF%E8%88%8D%20%E8%87%A8%E6%99%82%E7%9C%81%E8%AD%B0%E6%9C%83%20%E8%87%BA%E7%81%A3%E7%9C%81%20%E8%87%BA%E7%81%A3%E7%9C%81%E5%AF%A9%E8%A8%88%E8%99%95%20%E9%9C%A7%E5%B3%B0%20&oid=1520104 HTTP/1.1" 200 5681
66.249.71.64 - - [03/Aug/2015:06:16:39 +0800] "GET /digiarch_en/content/subject/resource_content.jsp?oid=16777733&queryString=%E6%BC%A2%E4%BB%A3%20%E6%BC%A2%E7%B0%A1%20%E7%95%AA%E7%A4%BE%20%E7%95%AA%E7%A4%BE%E9%87%87%E9%A2%A8%E5%9C%96%20%E7%B0%A1%E7%89%98%20%E9%87%87%E9%A2%A8%E5%9C%96 HTTP/1.1" 200 29413
66.249.71.60 - - [03/Aug/2015:06:16:45 +0800] "GET /content/nav/relationSubject.jsp?relationWords=%E5%8A%89%E5%85%8B+&oid=1891272 HTTP/1.1" 200 3093
66.249.71.60 - - [03/Aug/2015:06:16:49 +0800] "GET /content/nav/relationSubject.jsp?relationWords=%E5%8A%89%E5%85%8B%20&oid=1891272 HTTP/1.1" 200 3093
66.249.71.60 - - [03/Aug/2015:06:16:54 +0800] "GET /content/nav/relationSubject.jsp?relationWords=%E9%BE%9C%E7%94%B2%E5%8D%9C%E8%BE%AD%E6%AE%98%E7%89%87+&oid=1837344 HTTP/1.1" 200 3071
66.249.71.72 - - [03/Aug/2015:06:16:56 +0800] "GET /content/nav/relationSubject.jsp?relationWords=%E9%BE%9C%E7%94%B2%E5%8D%9C%E8%BE%AD%E6%AE%98%E7%89%87%20&oid=1837344 HTTP/1.1" 200 3071
66.249.71.64 - - [03/Aug/2015:06:16:59 +0800] "GET /content/nav/relationSubject.jsp?relationWords=%E5%B8%AB%E9%85%89%20%E5%B8%AB%E9%85%89%E7%B0%8B%20&oid=1828345 HTTP/1.1" 200 3224
66.249.71.60 - - [03/Aug/2015:06:17:07 +0800] "GET /content/repository/resource_content.jsp?oid=1854338 HTTP/1.1" 200 29902
66.249.71.127 - - [03/Aug/2015:06:17:34 +0800] "GET /content/nav/relationSubject.jsp?relationWords=%E6%A5%8A%E5%A7%93+%E8%8B%97%E5%B0%91%E5%A5%B3+%E9%9D%92%E8%8B%97+&oid=1173470 HTTP/1.1" 200 3078
66.249.71.72 - - [03/Aug/2015:06:17:35 +0800] "GET /content/repository/resource_content.jsp?oid=226852 HTTP/1.1" 200 30059
66.249.71.72 - - [03/Aug/2015:06:17:35 +0800] "GET /content/nav/relationSubject.jsp?relationWords=%E5%9C%B0%E6%96%B9%E8%87%AA%E6%B2%BB+%E7%9C%81%E6%94%BF%E5%BA%9C+&oid=1535629 HTTP/1.1" 200 4522
66.249.71.127 - - [03/Aug/2015:06:17:37 +0800] "GET /content/nav/relationSubject.jsp?relationWords=%E6%A5%8A%E5%A7%93%20%E8%8B%97%E5%B0%91%E5%A5%B3%20%E9%9D%92%E8%8B%97%20&oid=1173470 HTTP/1.1" 200 3078
66.249.71.72 - - [03/Aug/2015:06:17:38 +0800] "GET /content/nav/relationSubject.jsp?relationWords=%E5%9C%B0%E6%96%B9%E8%87%AA%E6%B2%BB%20%E7%9C%81%E6%94%BF%E5%BA%9C%20&oid=1535629 HTTP/1.1" 200 4522
66.249.71.72 - - [03/Aug/2015:06:17:50 +0800] "GET /content/nav/relationSubject.jsp?relationWords=%E9%81%BC%E5%AF%A7+%E9%99%B8%E6%B8%AC%E5%9C%96+&oid=182636 HTTP/1.1" 200 3114
66.249.71.72 - - [03/Aug/2015:06:17:51 +0800] "GET /content/nav/relationSubject.jsp?relationWords=%E9%AA%A8%E7%AE%AD%E9%A0%AD+&oid=1858373 HTTP/1.1" 200 2990
66.249.71.60 - - [03/Aug/2015:06:17:52 +0800] "GET /content/nav/relationSubject.jsp?relationWords=%E9%81%BC%E5%AF%A7%20%E9%99%B8%E6%B8%AC%E5%9C%96%20&oid=182636 HTTP/1.1" 200 3114
66.249.71.60 - - [03/Aug/2015:06:17:54 +0800] "GET /content/nav/relationSubject.jsp?relationWords=%E9%AA%A8%E7%AE%AD%E9%A0%AD%20&oid=1858373 HTTP/1.1" 200 2990
66.249.71.64 - - [03/Aug/2015:06:17:55 +0800] "GET /content/nav/relationSubject.jsp?relationWords=%E6%8A%80%E8%A1%93%E4%BA%BA%E5%93%A1+%E6%9E%97%E5%9C%92%E9%84%89+%E9%83%BD%E5%B8%82%E8%A8%88%E5%8A%83+&oid=1567795 HTTP/1.1" 200 5175
66.249.71.72 - - [03/Aug/2015:06:17:58 +0800] "GET /content/nav/relationSubject.jsp?relationWords=%E6%8A%80%E8%A1%93%E4%BA%BA%E5%93%A1%20%E6%9E%97%E5%9C%92%E9%84%89%20%E9%83%BD%E5%B8%82%E8%A8%88%E5%8A%83%20&oid=1567795 HTTP/1.1" 200 5175
66.249.71.72 - - [03/Aug/2015:06:18:02 +0800] "GET /content/repository/resource_content.jsp?oid=2559678 HTTP/1.1" 200 28847
66.249.71.72 - - [03/Aug/2015:06:18:02 +0800] "GET /content/nav/relationSubject.jsp?relationWords=%E9%B5%9D%E8%A7%80%E8%8D%89%E5%B1%AC+&oid=1106359 HTTP/1.1" 200 3029
66.249.71.64 - - [03/Aug/2015:06:18:06 +0800] "GET /content/nav/relationSubject.jsp?relationWords=%E9%B5%9D%E8%A7%80%E8%8D%89%E5%B1%AC%20&oid=1106359 HTTP/1.1" 200 3029
66.249.71.64 - - [03/Aug/2015:06:18:29 +0800] "GET /content/repository/resource_content.jsp?oid=2599613 HTTP/1.1" 200 29063
183.79.221.69 - - [03/Aug/2015:06:18:47 +0800] "GET /content/tmp_auth/resource_content.jsp?oid=16777809 HTTP/1.0" 200 37094
66.249.71.72 - - [03/Aug/2015:06:18:51 +0800] "GET /content/nav/relationSubject.jsp?relationWords=&oid=2599613 HTTP/1.1" 200 1405
66.249.71.64 - - [03/Aug/2015:06:18:52 +0800] "GET /content/nav/relationSubject.jsp?relationWords=%E5%9C%B0%E6%96%B9%E6%95%99%E8%82%B2+%E8%87%BA%E4%B8%AD%E7%B8%A3+&oid=1607032 HTTP/1.1" 200 4594
66.249.71.72 - - [03/Aug/2015:06:18:56 +0800] "GET /content/nav/relationSubject.jsp?relationWords=%E5%9C%B0%E6%96%B9%E6%95%99%E8%82%B2%20%E8%87%BA%E4%B8%AD%E7%B8%A3%20&oid=1607032 HTTP/1.1" 200 4594
66.249.71.72 - - [03/Aug/2015:06:18:57 +0800] "GET /content/repository/resource_content.jsp?oid=217442 HTTP/1.1" 200 30665
66.249.71.72 - - [03/Aug/2015:06:19:02 +0800] "GET /content/nav/relationSubject.jsp?relationWords=%E7%87%9F%E6%A5%AD%E5%A0%B4%E6%89%80+%E8%87%BA%E7%81%A3%E9%9B%BB%E5%8A%9B%E5%85%AC%E5%8F%B8+&oid=1614551 HTTP/1.1" 200 3892
66.249.71.72 - - [03/Aug/2015:06:19:03 +0800] "GET /content/nav/relationSubject.jsp?relationWords=%E7%87%9F%E6%A5%AD%E5%A0%B4%E6%89%80%20%E8%87%BA%E7%81%A3%E9%9B%BB%E5%8A%9B%E5%85%AC%E5%8F%B8%20&oid=1614551 HTTP/1.1" 200 3892
66.249.71.60 - - [03/Aug/2015:06:19:14 +0800] "GET /content/nav/relationSubject.jsp?relationWords=%E6%8B%93%E7%89%87+%E7%94%B2%E9%AA%A8%E6%96%87+&oid=1828595 HTTP/1.1" 200 4578
66.249.71.72 - - [03/Aug/2015:06:19:16 +0800] "GET /content/nav/relationSubject.jsp?relationWords=%E6%8B%93%E7%89%87%20%E7%94%B2%E9%AA%A8%E6%96%87%20&oid=1828595 HTTP/1.1" 200 4578
66.249.71.60 - - [03/Aug/2015:06:19:24 +0800] "GET /content/repository/resource_content.jsp?oid=1586708 HTTP/1.1" 200 28712
66.249.71.72 - - [03/Aug/2015:06:19:25 +0800] "GET /content/repository/resource_content.jsp?oid=2683610&queryString=%E5%A5%89%E8%AB%AD HTTP/1.1" 200 30089
66.249.71.60 - - [03/Aug/2015:06:19:33 +0800] "GET /content/nav/relationSubject.jsp?relationWords=%E6%A4%8D%E7%89%A9%E7%95%8C+%E7%8B%97%E7%AD%8B%E8%94%93+%E7%8B%97%E7%AD%8B%E8%94%93%E5%B1%AC+%E7%9F%B3%E7%AB%B9+%E7%9F%B3%E7%AB%B9%E7%A7%91+&oid=1107662 HTTP/1.1" 200 3328
66.249.71.64 - - [03/Aug/2015:06:19:38 +0800] "GET /content/nav/relationSubject.jsp?relationWords=%E6%A4%8D%E7%89%A9%E7%95%8C%20%E7%8B%97%E7%AD%8B%E8%94%93%20%E7%8B%97%E7%AD%8B%E8%94%93%E5%B1%AC%20%E7%9F%B3%E7%AB%B9%20%E7%9F%B3%E7%AB%B9%E7%A7%91%20&oid=1107662 HTTP/1.1" 200 3328
66.249.71.60 - - [03/Aug/2015:06:19:41 +0800] "GET /content/nav/relationSubject.jsp?relationWords=&oid=2576059 HTTP/1.1" 200 1405
66.249.71.60 - - [03/Aug/2015:06:19:52 +0800] "GET /content/repository/resource_content.jsp?oid=2602382 HTTP/1.1" 200 29342
66.249.71.72 - - [03/Aug/2015:06:20:00 +0800] "GET /content/nav/relationSubject.jsp?relationWords=%E8%AD%A6%E5%AF%9F+%E8%AD%A6%E5%AF%9F%E5%B1%80+&oid=1617096 HTTP/1.1" 200 4546
66.249.71.72 - - [03/Aug/2015:06:20:04 +0800] "GET /content/nav/relationSubject.jsp?relationWords=%E8%AD%A6%E5%AF%9F%20%E8%AD%A6%E5%AF%9F%E5%B1%80%20&oid=1617096 HTTP/1.1" 200 4546
66.249.71.60 - - [03/Aug/2015:06:20:10 +0800] "GET /content/nav/relationSubject.jsp?relationWords=%E8%82%A1%E7%A5%A8+%E8%AD%89%E5%88%B8+&oid=1563167 HTTP/1.1" 200 3442
66.249.71.64 - - [03/Aug/2015:06:20:12 +0800] "GET /content/nav/relationSubject.jsp?relationWords=%E8%82%A1%E7%A5%A8%20%E8%AD%89%E5%88%B8%20&oid=1563167 HTTP/1.1" 200 3442
66.249.71.72 - - [03/Aug/2015:06:20:19 +0800] "GET /content/repository/resource_content.jsp?oid=3353349 HTTP/1.1" 200 28269
66.249.71.72 - - [03/Aug/2015:06:20:47 +0800] "GET /content/repository/resource_content.jsp?oid=2534852 HTTP/1.1" 200 28828
66.249.71.72 - - [03/Aug/2015:06:21:09 +0800] "GET /content/nav/relationSubject.jsp?relationWords=&oid=2575410 HTTP/1.1" 200 1405
66.249.71.72 - - [03/Aug/2015:06:21:14 +0800] "GET /content/repository/resource_content.jsp?oid=2598338 HTTP/1.1" 200 29424
183.79.221.69 - - [03/Aug/2015:06:21:23 +0800] "GET /content/tmp_tec/resource_content.jsp?oid=16777734 HTTP/1.0" 200 36901
66.249.71.64 - - [03/Aug/2015:06:21:39 +0800] "GET /content/nav/relationSubject.jsp?relationWords=%E5%96%AE%E8%89%B2+%E5%9C%B0%E5%8D%80%E7%8E%8B+&oid=195338 HTTP/1.1" 200 3242
66.249.71.60 - - [03/Aug/2015:06:21:42 +0800] "GET /content/repository/resource_content.jsp?oid=830703 HTTP/1.1" 200 28090
66.249.71.64 - - [03/Aug/2015:06:21:50 +0800] "GET /content/nav/relationSubject.jsp?relationWords=%E5%96%AE%E8%89%B2%20%E5%9C%B0%E5%8D%80%E7%8E%8B%20&oid=195338 HTTP/1.1" 200 3242
66.249.71.72 - - [03/Aug/2015:06:22:03 +0800] "GET /content/nav/relationSubject.jsp?relationWords=%E6%B0%B4%E5%88%A9%E5%B1%80+&oid=1578936 HTTP/1.1" 200 4916
66.249.71.72 - - [03/Aug/2015:06:22:05 +0800] "GET /content/nav/relationSubject.jsp?relationWords=%E6%B0%B4%E5%88%A9%E5%B1%80%20&oid=1578936 HTTP/1.1" 200 4916
66.249.71.64 - - [03/Aug/2015:06:22:09 +0800] "GET /content/repository/resource_content.jsp?oid=1869118 HTTP/1.1" 200 29633
66.249.71.64 - - [03/Aug/2015:06:22:29 +0800] "GET /content/nav/relationSubject.jsp?relationWords=%E6%9C%83%E8%AD%B0%E7%B4%80%E9%8C%84+%E8%B2%A1%E6%94%BF%E9%83%A8+%E8%B3%AA%E8%A9%A2+&oid=1596786 HTTP/1.1" 200 4825
66.249.71.72 - - [03/Aug/2015:06:22:30 +0800] "GET /content/nav/relationSubject.jsp?relationWords=%E6%9C%83%E8%AD%B0%E7%B4%80%E9%8C%84%20%E8%B2%A1%E6%94%BF%E9%83%A8%20%E8%B3%AA%E8%A9%A2%20&oid=1596786 HTTP/1.1" 200 4825
66.249.71.60 - - [03/Aug/2015:06:22:37 +0800] "GET /content/repository/resource_content.jsp?oid=1875558 HTTP/1.1" 200 29577
66.249.71.3 - - [03/Aug/2015:06:22:46 +0800] "GET /content/nav/relationSubject.jsp?relationWords=%E5%8D%B7%E9%A6%96+&oid=4466496 HTTP/1.1" 200 2927
66.249.71.72 - - [03/Aug/2015:06:22:47 +0800] "GET /content/nav/relationSubject.jsp?relationWords=%E4%BA%BA%E5%90%8D%E6%AC%8A%E5%A8%81+&oid=698796 HTTP/1.1" 200 1418
66.249.71.3 - - [03/Aug/2015:06:22:48 +0800] "GET /content/nav/relationSubject.jsp?relationWords=%E5%8D%B7%E9%A6%96%20&oid=4466496 HTTP/1.1" 200 2927
66.249.71.72 - - [03/Aug/2015:06:22:49 +0800] "GET /content/nav/relationSubject.jsp?relationWords=%E4%BA%BA%E5%90%8D%E6%AC%8A%E5%A8%81%20&oid=698796 HTTP/1.1" 200 1418
66.249.71.72 - - [03/Aug/2015:06:22:51 +0800] "GET /content/nav/relationSubject.jsp?relationWords=&oid=2619720 HTTP/1.1" 200 1405
66.249.71.60 - - [03/Aug/2015:06:23:04 +0800] "GET /content/repository/resource_content.jsp?oid=1827565 HTTP/1.1" 200 28624
66.249.71.23 - - [03/Aug/2015:06:23:11 +0800] "GET /digiarch3/content/nav/relationSubject.jsp?relationWords=%E5%90%B3%E6%B3%89%E6%B4%9D+%E5%94%90%E6%A6%AE+%E5%BC%B5%E5%AF%8C+%E5%BE%90%E8%BC%9D%E5%9C%8B+%E6%9E%97%E7%89%9B%E6%B8%AF+%E6%B1%BA%E7%AE%97+%E7%9C%81%E6%94%BF%E5%BA%9C+%E7%9C%81%E7%87%9F%E4%BA%8B%E6%A5%AD+%E7%9F%B3%E9%96%80%E6%B0%B4%E5%BA%AB+%E7%B6%9C%E5%90%88%E9%A0%90%E7%AE%97+%E8%87%BA%E7%81%A3%E7%9C%81+%E8%87%BA%E7%81%A3%E7%9C%81%E6%94%BF%E5%BA%9C+%E8%87%BA%E9%9B%BB+%E8%A3%BD%E6%9D%90%E5%BB%A0+%E8%AD%B0%E9%95%B7+%E8%B3%B4%E6%A8%B9%E6%97%BA+%E9%83%AD%E9%9B%A8%E6%96%B0+%E9%90%B5%E5%B7%A5%E5%BB%A0+%E9%99%B3%E6%9E%97%E9%9B%AA%E9%9C%9E+%E9%BB%83%E9%87%91%E9%B3%B3+&oid=1900280 HTTP/1.1" 200 5422
66.249.71.5 - - [03/Aug/2015:06:23:13 +0800] "GET /digiarch3/content/nav/relationSubject.jsp?relationWords=%E5%90%B3%E6%B3%89%E6%B4%9D%20%E5%94%90%E6%A6%AE%20%E5%BC%B5%E5%AF%8C%20%E5%BE%90%E8%BC%9D%E5%9C%8B%20%E6%9E%97%E7%89%9B%E6%B8%AF%20%E6%B1%BA%E7%AE%97%20%E7%9C%81%E6%94%BF%E5%BA%9C%20%E7%9C%81%E7%87%9F%E4%BA%8B%E6%A5%AD%20%E7%9F%B3%E9%96%80%E6%B0%B4%E5%BA%AB%20%E7%B6%9C%E5%90%88%E9%A0%90%E7%AE%97%20%E8%87%BA%E7%81%A3%E7%9C%81%20%E8%87%BA%E7%81%A3%E7%9C%81%E6%94%BF%E5%BA%9C%20%E8%87%BA%E9%9B%BB%20%E8%A3%BD%E6%9D%90%E5%BB%A0%20%E8%AD%B0%E9%95%B7%20%E8%B3%B4%E6%A8%B9%E6%97%BA%20%E9%83%AD%E9%9B%A8%E6%96%B0%20%E9%90%B5%E5%B7%A5%E5%BB%A0%20%E9%99%B3%E6%9E%97%E9%9B%AA%E9%9C%9E%20%E9%BB%83%E9%87%91%E9%B3%B3%20&oid=1900280 HTTP/1.1" 200 5422
66.249.71.72 - - [03/Aug/2015:06:23:16 +0800] "GET /content/nav/relationSubject.jsp?relationWords=%E5%85%AB%E5%BA%9C+%E8%B2%A8%E7%89%A9%E7%A8%85+%E9%AB%98%E4%BA%BA+&oid=1548198 HTTP/1.1" 200 3937
66.249.71.60 - - [03/Aug/2015:06:23:18 +0800] "GET /content/nav/relationSubject.jsp?relationWords=%E5%85%AB%E5%BA%9C%20%E8%B2%A8%E7%89%A9%E7%A8%85%20%E9%AB%98%E4%BA%BA%20&oid=1548198 HTTP/1.1" 200 3937
66.249.71.72 - - [03/Aug/2015:06:23:21 +0800] "GET /content/nav/relationSubject.jsp?relationWords=%E8%8A%B1%E9%AA%A8%E6%9F%B6+&oid=1847796 HTTP/1.1" 200 2990
66.249.71.64 - - [03/Aug/2015:06:23:23 +0800] "GET /content/nav/relationSubject.jsp?relationWords=%E8%8A%B1%E9%AA%A8%E6%9F%B6%20&oid=1847796 HTTP/1.1" 200 2990
66.249.71.60 - - [03/Aug/2015:06:23:29 +0800] "GET /content/nav/relationSubject.jsp?relationWords=%E5%88%80%E9%9E%98+&oid=1780069 HTTP/1.1" 200 2939
66.249.71.64 - - [03/Aug/2015:06:23:32 +0800] "GET /content/repository/resource_content.jsp?oid=187182 HTTP/1.1" 200 30238
66.249.71.64 - - [03/Aug/2015:06:23:32 +0800] "GET /content/tmp_exh/resource_content.jsp?oid=16777711&queryType=qc HTTP/1.1" 200 26287
66.249.71.72 - - [03/Aug/2015:06:23:33 +0800] "GET /content/nav/relationSubject.jsp?relationWords=%E5%88%80%E9%9E%98%20&oid=1780069 HTTP/1.1" 200 2939
66.249.71.60 - - [03/Aug/2015:06:23:35 +0800] "GET /content/nav/relationSubject.jsp?relationWords=%E5%88%91%E9%83%A8%20%E5%A0%82%E5%AE%98%20%E5%A5%89%E8%AB%AD%20%E9%A3%AD%E4%BA%8B%20&oid=2683610 HTTP/1.1" 200 3182
66.249.71.64 - - [03/Aug/2015:06:23:40 +0800] "GET /content/nav/relationSubject.jsp?relationWords=&oid=2545726 HTTP/1.1" 200 1405
66.249.71.64 - - [03/Aug/2015:06:23:59 +0800] "GET /content/repository/resource_content.jsp?oid=187767 HTTP/1.1" 200 30095
66.249.71.64 - - [03/Aug/2015:06:23:59 +0800] "GET /content/nav/relationSubject.jsp?relationWords=&oid=2604034 HTTP/1.1" 200 1405
66.249.71.64 - - [03/Aug/2015:06:24:03 +0800] "GET /content/nav/relationSubject.jsp?relationWords=&oid=755047 HTTP/1.1" 200 1405
66.249.71.60 - - [03/Aug/2015:06:24:13 +0800] "GET /content/nav/relationSubject.jsp?relationWords=%E5%9C%B0%E7%B1%8D%E5%9C%96+&oid=187767 HTTP/1.1" 200 4180
66.249.71.64 - - [03/Aug/2015:06:24:16 +0800] "GET /content/nav/relationSubject.jsp?relationWords=%E5%9C%B0%E7%B1%8D%E5%9C%96%20&oid=187767 HTTP/1.1" 200 4180
66.249.71.72 - - [03/Aug/2015:06:24:27 +0800] "GET /content/repository/resource_content.jsp?oid=1606951 HTTP/1.1" 200 28676
66.249.71.60 - - [03/Aug/2015:06:24:54 +0800] "GET /content/repository/resource_content.jsp?oid=1828355 HTTP/1.1" 200 28634
66.249.71.64 - - [03/Aug/2015:06:25:02 +0800] "GET /content/nav/relationSubject.jsp?relationWords=%E5%8F%B0%E7%81%A3%E9%A2%A8+%E5%8F%B0%E7%81%A3%E9%A2%A8%E8%BC%AA%E8%8F%9C+%E5%94%87%E5%BD%A2%E7%A7%91+%E5%A1%94%E8%8A%B1+%E5%A1%94%E8%8A%B1%E5%B1%AC+%E6%A4%8D%E7%89%A9%E7%95%8C+%E8%96%84%E8%8D%B7+%E9%9B%99%E5%AD%90%E8%91%89+%E9%9B%99%E5%AD%90%E8%91%89%E6%A4%8D%E7%89%A9+%E9%A2%A8%E8%BC%AA%E8%8F%9C+&oid=1113384 HTTP/1.1" 200 3673
66.249.71.60 - - [03/Aug/2015:06:25:05 +0800] "GET /content/nav/relationSubject.jsp?relationWords=%E5%8F%B0%E7%81%A3%E9%A2%A8%20%E5%8F%B0%E7%81%A3%E9%A2%A8%E8%BC%AA%E8%8F%9C%20%E5%94%87%E5%BD%A2%E7%A7%91%20%E5%A1%94%E8%8A%B1%20%E5%A1%94%E8%8A%B1%E5%B1%AC%20%E6%A4%8D%E7%89%A9%E7%95%8C%20%E8%96%84%E8%8D%B7%20%E9%9B%99%E5%AD%90%E8%91%89%20%E9%9B%99%E5%AD%90%E8%91%89%E6%A4%8D%E7%89%A9%20%E9%A2%A8%E8%BC%AA%E8%8F%9C%20&oid=1113384 HTTP/1.1" 200 3673
66.249.71.64 - - [03/Aug/2015:06:25:11 +0800] "GET /content/nav/relationSubject.jsp?relationWords=%E5%A4%A7%E5%8E%9F+%E6%94%BF%E9%A2%A8+%E6%B0%91%E6%84%8F+%E7%A4%BE%E6%9C%83%E9%A2%A8%E6%B0%A3+%E7%B6%93%E6%BF%9F%E5%BB%BA%E8%A8%AD+%E8%87%BA%E7%81%A3%E7%9C%81%E6%94%BF%E5%BA%9C+%E8%87%BA%E7%81%A3%E7%B6%93%E6%BF%9F+%E8%99%95%E9%95%B7+&oid=1535354 HTTP/1.1" 200 5545
66.249.71.72 - - [03/Aug/2015:06:25:12 +0800] "GET /content/nav/relationSubject.jsp?relationWords=%E5%B5%8C%E7%89%87+&oid=1847451 HTTP/1.1" 200 2987
66.249.71.64 - - [03/Aug/2015:06:25:16 +0800] "GET /content/nav/relationSubject.jsp?relationWords=%E5%A4%A7%E5%8E%9F%20%E6%94%BF%E9%A2%A8%20%E6%B0%91%E6%84%8F%20%E7%A4%BE%E6%9C%83%E9%A2%A8%E6%B0%A3%20%E7%B6%93%E6%BF%9F%E5%BB%BA%E8%A8%AD%20%E8%87%BA%E7%81%A3%E7%9C%81%E6%94%BF%E5%BA%9C%20%E8%87%BA%E7%81%A3%E7%B6%93%E6%BF%9F%20%E8%99%95%E9%95%B7%20&oid=1535354 HTTP/1.1" 200 5545
66.249.71.72 - - [03/Aug/2015:06:25:19 +0800] "GET /content/nav/relationSubject.jsp?relationWords=%E5%B5%8C%E7%89%87%20&oid=1847451 HTTP/1.1" 200 2987
66.249.71.64 - - [03/Aug/2015:06:25:22 +0800] "GET /content/repository/resource_content.jsp?oid=1840592 HTTP/1.1" 200 29130
66.249.71.72 - - [03/Aug/2015:06:25:37 +0800] "GET /content/nav/relationSubject.jsp?relationWords=%E5%B7%A1%E6%92%AB+&oid=2543813 HTTP/1.1" 200 3084
66.249.71.72 - - [03/Aug/2015:06:25:40 +0800] "GET /content/nav/relationSubject.jsp?relationWords=%E5%B7%A1%E6%92%AB%20&oid=2543813 HTTP/1.1" 200 3084
66.249.71.64 - - [03/Aug/2015:06:25:49 +0800] "GET /content/repository/resource_content.jsp?oid=1828345 HTTP/1.1" 200 28869
66.249.71.64 - - [03/Aug/2015:06:25:52 +0800] "GET /content/nav/relationSubject.jsp?relationWords=%E9%BE%9C%E7%94%B2%E5%8D%9C%E8%BE%AD%E6%AE%98%E7%89%87+&oid=1840592 HTTP/1.1" 200 3071
66.249.71.60 - - [03/Aug/2015:06:25:58 +0800] "GET /content/nav/relationSubject.jsp?relationWords=%E9%BE%9C%E7%94%B2%E5%8D%9C%E8%BE%AD%E6%AE%98%E7%89%87%20&oid=1840592 HTTP/1.1" 200 3071
66.249.71.64 - - [03/Aug/2015:06:26:16 +0800] "GET /content/repository/resource_content.jsp?oid=1828176 HTTP/1.1" 200 28329
66.249.71.60 - - [03/Aug/2015:06:26:44 +0800] "GET /content/repository/resource_content.jsp?oid=1827438 HTTP/1.1" 200 28633
66.249.71.64 - - [03/Aug/2015:06:27:09 +0800] "GET /content/nav/relationSubject.jsp?relationWords=%E6%8B%93%E7%89%87+%E7%94%B2%E9%AA%A8%E6%96%87+&oid=1827438 HTTP/1.1" 200 4578
66.249.71.72 - - [03/Aug/2015:06:27:11 +0800] "GET /content/repository/resource_content.jsp?oid=1840503 HTTP/1.1" 200 28403
66.249.71.72 - - [03/Aug/2015:06:27:12 +0800] "GET /content/nav/relationSubject.jsp?relationWords=%E6%8B%93%E7%89%87%20%E7%94%B2%E9%AA%A8%E6%96%87%20&oid=1827438 HTTP/1.1" 200 4578
66.249.71.72 - - [03/Aug/2015:06:27:13 +0800] "GET /content/nav/relationSubject.jsp?relationWords=%E8%B1%AC%E7%89%99%E5%B5%8C%E7%89%87+&oid=1869118 HTTP/1.1" 200 3017
66.249.71.64 - - [03/Aug/2015:06:27:14 +0800] "GET /content/nav/relationSubject.jsp?relationWords=%E8%87%BA%E7%B3%96+%E8%94%97%E8%BE%B2+&oid=1627491 HTTP/1.1" 200 4111
66.249.71.60 - - [03/Aug/2015:06:27:15 +0800] "GET /content/nav/relationSubject.jsp?relationWords=%E8%B1%AC%E7%89%99%E5%B5%8C%E7%89%87%20&oid=1869118 HTTP/1.1" 200 3017
66.249.71.72 - - [03/Aug/2015:06:27:16 +0800] "GET /content/nav/relationSubject.jsp?relationWords=%E8%87%BA%E7%B3%96%20%E8%94%97%E8%BE%B2%20&oid=1627491 HTTP/1.1" 200 4111
207.46.13.64 - - [03/Aug/2015:06:27:28 +0800] "GET /content/repository/resource_content.jsp?oid=1562212 HTTP/1.1" 200 28741
66.249.71.72 - - [03/Aug/2015:06:27:39 +0800] "GET /content/repository/resource_content.jsp?oid=1833801 HTTP/1.1" 200 28632
123.125.71.80 - - [03/Aug/2015:06:27:42 +0800] "GET /content/subject/resource_content.jsp?oid=16777336&queryType=qc HTTP/1.1" 200 32094
66.249.71.72 - - [03/Aug/2015:06:27:49 +0800] "GET /content/nav/relationSubject.jsp?relationWords=%E6%8B%93%E7%89%87+%E7%94%B2%E9%AA%A8%E6%96%87+&oid=1827565 HTTP/1.1" 200 4578
66.249.71.64 - - [03/Aug/2015:06:27:56 +0800] "GET /content/nav/relationSubject.jsp?relationWords=%E6%8B%93%E7%89%87%20%E7%94%B2%E9%AA%A8%E6%96%87%20&oid=1827565 HTTP/1.1" 200 4578
66.249.71.60 - - [03/Aug/2015:06:28:48 +0800] "GET /content/repository/resource_content.jsp?oid=1893068 HTTP/1.1" 200 28286
66.249.71.72 - - [03/Aug/2015:06:28:49 +0800] "GET /content/nav/relationSubject.jsp?relationWords=%E6%96%91%E8%8A%B1%E9%9D%92%E7%89%9B%E8%86%BD+%E6%A4%8D%E7%89%A9%E7%95%8C+%E8%8F%AB%E8%8F%9C+%E8%91%AB%E8%98%86%E7%A7%91+%E9%9D%92%E7%89%9B%E8%86%BD%E5%B1%AC+&oid=1110371 HTTP/1.1" 200 3400
66.249.71.64 - - [03/Aug/2015:06:28:58 +0800] "GET /content/nav/relationSubject.jsp?relationWords=%E6%96%91%E8%8A%B1%E9%9D%92%E7%89%9B%E8%86%BD%20%E6%A4%8D%E7%89%A9%E7%95%8C%20%E8%8F%AB%E8%8F%9C%20%E8%91%AB%E8%98%86%E7%A7%91%20%E9%9D%92%E7%89%9B%E8%86%BD%E5%B1%AC%20&oid=1110371 HTTP/1.1" 200 3400
66.249.71.64 - - [03/Aug/2015:06:29:06 +0800] "GET /content/nav/relationSubject.jsp?relationWords=%E9%8A%85%E7%9F%9B+&oid=1845737 HTTP/1.1" 200 2963
66.249.71.60 - - [03/Aug/2015:06:29:13 +0800] "GET /content/nav/relationSubject.jsp?relationWords=%E9%8A%85%E7%9F%9B%20&oid=1845737 HTTP/1.1" 200 2963
66.249.71.64 - - [03/Aug/2015:06:29:20 +0800] "GET /content/repository/resource_content.jsp?oid=1852971 HTTP/1.1" 200 29586
66.249.71.64 - - [03/Aug/2015:06:29:29 +0800] "GET /content/repository/resource_content.jsp?oid=17264 HTTP/1.1" 200 29755
66.249.71.72 - - [03/Aug/2015:06:29:33 +0800] "GET /content/repository/resource_content.jsp?oid=174839 HTTP/1.1" 200 30050
66.249.71.64 - - [03/Aug/2015:06:29:49 +0800] "GET /content/nav/relationSubject.jsp?relationWords=%E4%BA%BA%E5%90%8D%E6%AC%8A%E5%A8%81+%E5%BA%AB%E5%80%AB+&oid=672232 HTTP/1.1" 200 3158
66.249.71.60 - - [03/Aug/2015:06:29:52 +0800] "GET /content/nav/relationSubject.jsp?relationWords=%E4%BA%BA%E5%90%8D%E6%AC%8A%E5%A8%81%20%E5%BA%AB%E5%80%AB%20&oid=672232 HTTP/1.1" 200 3158
66.249.71.72 - - [03/Aug/2015:06:29:55 +0800] "GET /content/nav/relationSubject.jsp?relationWords=%E7%B4%A1%E9%BA%BB+%E8%8B%97%E5%A9%A6+&oid=1173542 HTTP/1.1" 200 3025
66.249.71.72 - - [03/Aug/2015:06:29:57 +0800] "GET /content/nav/relationSubject.jsp?relationWords=%E5%98%89%E7%A5%A5+&oid=1833006 HTTP/1.1" 200 4387
66.249.71.64 - - [03/Aug/2015:06:29:59 +0800] "GET /content/repository/resource_content.jsp?oid=193848 HTTP/1.1" 200 29712
66.249.71.60 - - [03/Aug/2015:06:30:00 +0800] "GET /content/nav/relationSubject.jsp?relationWords=%E8%98%87%E6%B4%AA%E6%9C%88%E5%AC%8C+&oid=1893068 HTTP/1.1" 200 3181
66.249.71.72 - - [03/Aug/2015:06:30:02 +0800] "GET /content/nav/relationSubject.jsp?relationWords=%E5%98%89%E7%A5%A5%20&oid=1833006 HTTP/1.1" 200 4387
66.249.71.60 - - [03/Aug/2015:06:30:03 +0800] "GET /content/nav/relationSubject.jsp?relationWords=%E7%B4%A1%E9%BA%BB%20%E8%8B%97%E5%A9%A6%20&oid=1173542 HTTP/1.1" 200 3025
66.249.71.64 - - [03/Aug/2015:06:30:04 +0800] "GET /content/nav/relationSubject.jsp?relationWords=%E8%98%87%E6%B4%AA%E6%9C%88%E5%AC%8C%20&oid=1893068 HTTP/1.1" 200 3181
66.249.71.72 - - [03/Aug/2015:06:30:08 +0800] "GET /content/nav/relationSubject.jsp?relationWords=%E5%B0%96%E6%A3%98%E9%AF%9B+%E6%A3%98%E9%AF%9B+%E9%9D%92%E7%9C%BC%E9%AD%9A+&oid=3338996 HTTP/1.1" 200 3423
66.249.71.72 - - [03/Aug/2015:06:30:09 +0800] "GET /content/nav/relationSubject.jsp?relationWords=%E5%B0%96%E6%A3%98%E9%AF%9B%20%E6%A3%98%E9%AF%9B%20%E9%9D%92%E7%9C%BC%E9%AD%9A%20&oid=3338996 HTTP/1.1" 200 3423
66.249.71.72 - - [03/Aug/2015:06:30:21 +0800] "GET /content/nav/relationSubject.jsp?relationWords=%E6%8B%93%E7%89%87+%E7%94%B2%E9%AA%A8+%E7%94%B2%E9%AA%A8%E6%96%87+&oid=1824421 HTTP/1.1" 200 4627
66.249.71.64 - - [03/Aug/2015:06:30:22 +0800] "GET /content/nav/relationSubject.jsp?relationWords=%E9%BE%9C%E7%94%B2%E5%8D%9C%E8%BE%AD%E6%AE%98%E7%89%87+&oid=1881029 HTTP/1.1" 200 3071
66.249.71.60 - - [03/Aug/2015:06:30:23 +0800] "GET /content/nav/relationSubject.jsp?relationWords=%E6%8B%93%E7%89%87%20%E7%94%B2%E9%AA%A8%20%E7%94%B2%E9%AA%A8%E6%96%87%20&oid=1824421 HTTP/1.1" 200 4627
66.249.71.60 - - [03/Aug/2015:06:30:24 +0800] "GET /content/repository/resource_content.jsp?oid=1894068 HTTP/1.1" 200 28459
66.249.71.72 - - [03/Aug/2015:06:30:24 +0800] "GET /content/nav/relationSubject.jsp?relationWords=%E9%BE%9C%E7%94%B2%E5%8D%9C%E8%BE%AD%E6%AE%98%E7%89%87%20&oid=1881029 HTTP/1.1" 200 3071
66.249.71.64 - - [03/Aug/2015:06:30:41 +0800] "GET /content/nav/relationSubject.jsp?relationWords=%E9%AA%A8%E7%AE%AD%E9%A0%AD+&oid=1853141 HTTP/1.1" 200 2990
66.249.71.72 - - [03/Aug/2015:06:30:43 +0800] "GET /content/nav/relationSubject.jsp?relationWords=%E9%AA%A8%E7%AE%AD%E9%A0%AD%20&oid=1853141 HTTP/1.1" 200 2990
66.249.71.72 - - [03/Aug/2015:06:30:47 +0800] "GET /content/nav/relationSubject.jsp?relationWords=%E6%94%B6%E7%9B%8A%E6%A1%88+&oid=1619874 HTTP/1.1" 200 3575
66.249.71.72 - - [03/Aug/2015:06:30:49 +0800] "GET /content/nav/relationSubject.jsp?relationWords=%E6%94%B6%E7%9B%8A%E6%A1%88%20&oid=1619874 HTTP/1.1" 200 3575
66.249.71.60 - - [03/Aug/2015:06:30:51 +0800] "GET /content/repository/resource_content.jsp?oid=291602 HTTP/1.1" 200 29366
66.249.71.64 - - [03/Aug/2015:06:30:59 +0800] "GET /content/nav/relationSubject.jsp?relationWords=%E5%8F%83%E7%A5%A8+&oid=2637605 HTTP/1.1" 200 3096
66.249.71.60 - - [03/Aug/2015:06:31:01 +0800] "GET /content/nav/relationSubject.jsp?relationWords=%E5%8F%83%E7%A5%A8%20&oid=2637605 HTTP/1.1" 200 3096
66.249.71.72 - - [03/Aug/2015:06:31:19 +0800] "GET /content/repository/resource_content.jsp?oid=186566 HTTP/1.1" 200 30207
66.249.71.119 - - [03/Aug/2015:06:31:19 +0800] "GET /content/nav/relationSubject.jsp?relationWords=%E4%BA%94%E5%B9%B4%E7%A5%AD+%E5%88%BA%E7%90%83+%E7%A5%AD%E5%84%80+&oid=4388037 HTTP/1.1" 200 4116
66.249.71.127 - - [03/Aug/2015:06:31:21 +0800] "GET /content/nav/relationSubject.jsp?relationWords=%E4%BA%94%E5%B9%B4%E7%A5%AD%20%E5%88%BA%E7%90%83%20%E7%A5%AD%E5%84%80%20&oid=4388037 HTTP/1.1" 200 4116
66.249.71.72 - - [03/Aug/2015:06:31:47 +0800] "GET /content/repository/resource_content.jsp?oid=1823772 HTTP/1.1" 200 28727
66.249.71.64 - - [03/Aug/2015:06:32:04 +0800] "GET /content/nav/relationSubject.jsp?relationWords=%E5%AD%AB%E9%8E%AE+%E6%B2%B3%E5%8C%97%E7%9C%81+%E9%99%B8%E6%B8%AC%E5%9C%96+&oid=174419 HTTP/1.1" 200 3164
66.249.71.60 - - [03/Aug/2015:06:32:08 +0800] "GET /content/nav/relationSubject.jsp?relationWords=%E5%AD%AB%E9%8E%AE%20%E6%B2%B3%E5%8C%97%E7%9C%81%20%E9%99%B8%E6%B8%AC%E5%9C%96%20&oid=174419 HTTP/1.1" 200 3164
66.249.71.64 - - [03/Aug/2015:06:32:13 +0800] "GET /digiarch_en/content/nav/relationSubject.jsp?relationWords=%E7%A6%AE%E9%83%A8+%E9%8A%9C%E5%90%8D+&oid=2674941 HTTP/1.1" 200 3088
66.249.71.60 - - [03/Aug/2015:06:32:16 +0800] "GET /digiarch_en/content/nav/relationSubject.jsp?relationWords=%E7%A6%AE%E9%83%A8%20%E9%8A%9C%E5%90%8D%20&oid=2674941 HTTP/1.1" 200 3088
207.46.13.28 - - [03/Aug/2015:06:32:38 +0800] "GET /content/repository/resource_content.jsp?oid=1888097&queryType=qs&queryString=%E5%90%B3%E6%B8%85 HTTP/1.1" 200 30353
66.249.71.64 - - [03/Aug/2015:06:33:26 +0800] "GET /content/nav/relationSubject.jsp?relationWords=%E9%8A%80%E7%A9%80+&oid=2513536 HTTP/1.1" 200 3093
66.249.71.72 - - [03/Aug/2015:06:33:28 +0800] "GET /content/nav/relationSubject.jsp?relationWords=%E9%8A%80%E7%A9%80%20&oid=2513536 HTTP/1.1" 200 3093
66.249.71.60 - - [03/Aug/2015:06:33:36 +0800] "GET /content/repository/resource_content.jsp?oid=2653855 HTTP/1.1" 200 29480
66.249.71.60 - - [03/Aug/2015:06:33:38 +0800] "GET /content/nav/relationSubject.jsp?relationWords=%E6%8B%93%E7%89%87+%E7%94%B2%E9%AA%A8%E6%96%87+&oid=1823772 HTTP/1.1" 200 4578
66.249.71.64 - - [03/Aug/2015:06:33:40 +0800] "GET /content/nav/relationSubject.jsp?relationWords=%E6%8B%93%E7%89%87%20%E7%94%B2%E9%AA%A8%E6%96%87%20&oid=1823772 HTTP/1.1" 200 4578
66.249.71.64 - - [03/Aug/2015:06:33:46 +0800] "GET /content/nav/relationSubject.jsp?relationWords=%E9%BE%9C%E7%94%B2%E5%8D%9C%E8%BE%AD%E6%AE%98%E7%89%87+&oid=1873497 HTTP/1.1" 200 3071
66.249.71.64 - - [03/Aug/2015:06:33:48 +0800] "GET /content/nav/relationSubject.jsp?relationWords=%E9%BE%9C%E7%94%B2%E5%8D%9C%E8%BE%AD%E6%AE%98%E7%89%87%20&oid=1873497 HTTP/1.1" 200 3071
66.249.71.60 - - [03/Aug/2015:06:34:28 +0800] "GET /content/nav/relationSubject.jsp?relationWords=%E7%B8%BD%E5%85%B5%E5%AE%98+&oid=2628407 HTTP/1.1" 200 3138
66.249.71.60 - - [03/Aug/2015:06:34:30 +0800] "GET /content/nav/relationSubject.jsp?relationWords=%E7%B8%BD%E5%85%B5%E5%AE%98%20&oid=2628407 HTTP/1.1" 200 3138
66.249.71.64 - - [03/Aug/2015:06:34:31 +0800] "GET /content/repository/resource_content.jsp?oid=2608759 HTTP/1.1" 200 29191
66.249.71.3 - - [03/Aug/2015:06:34:59 +0800] "GET /content/repository/resource_content.jsp?oid=2670954&queryType=qs&queryString=%E5%A7%A6%E6%AE%BA HTTP/1.1" 200 30130
66.249.71.60 - - [03/Aug/2015:06:35:26 +0800] "GET /content/repository/resource_content.jsp?oid=3815400&queryString=%E5%9C%B0%E5%BD%A2%E5%9C%96%20%E6%9D%B1%E5%8C%97%E5%9C%B0%E5%BD%A2%E5%9C%96%20%E7%BE%85%E5%8B%92 HTTP/1.1" 200 31230
66.249.71.72 - - [03/Aug/2015:06:35:33 +0800] "GET /content/nav/relationSubject.jsp?relationWords=%E5%94%87%E5%BD%A2%E7%A7%91+%E6%A4%8D%E7%89%A9%E7%95%8C+%E7%BE%85%E5%8B%92+%E8%96%84%E8%8D%B7+%E9%9B%99%E5%AD%90%E8%91%89%E6%A4%8D%E7%89%A9+%E9%9B%B6%E9%99%B5%E9%A6%99+%E9%9B%B6%E9%99%B5%E9%A6%99%E5%B1%AC+&oid=3815400 HTTP/1.1" 200 3514
66.249.71.60 - - [03/Aug/2015:06:35:35 +0800] "GET /content/nav/relationSubject.jsp?relationWords=%E5%94%87%E5%BD%A2%E7%A7%91%20%E6%A4%8D%E7%89%A9%E7%95%8C%20%E7%BE%85%E5%8B%92%20%E8%96%84%E8%8D%B7%20%E9%9B%99%E5%AD%90%E8%91%89%E6%A4%8D%E7%89%A9%20%E9%9B%B6%E9%99%B5%E9%A6%99%20%E9%9B%B6%E9%99%B5%E9%A6%99%E5%B1%AC%20&oid=3815400 HTTP/1.1" 200 3514
66.249.71.60 - - [03/Aug/2015:06:35:42 +0800] "GET /content/nav/relationSubject.jsp?relationWords=&oid=2583487 HTTP/1.1" 200 1405
66.249.71.119 - - [03/Aug/2015:06:35:54 +0800] "GET /content/repository/resource_content.jsp?oid=208372&queryType=qs&queryString=%E8%8D%B7%E8%91%89 HTTP/1.1" 200 30571
66.249.71.72 - - [03/Aug/2015:06:36:13 +0800] "GET /content/repository/resource_content.jsp?oid=2665148 HTTP/1.1" 200 30000
66.249.71.60 - - [03/Aug/2015:06:36:21 +0800] "GET /content/subject/resource_content.jsp?oid=16777755&queryString= HTTP/1.1" 200 35282
66.249.71.64 - - [03/Aug/2015:06:36:32 +0800] "GET /content/nav/relationSubject.jsp?relationWords=%E9%AA%A8%E7%AE%AD%E9%A0%AD+&oid=1859406 HTTP/1.1" 200 2990
66.249.71.60 - - [03/Aug/2015:06:36:34 +0800] "GET /content/nav/relationSubject.jsp?relationWords=%E9%AA%A8%E7%AE%AD%E9%A0%AD%20&oid=1859406 HTTP/1.1" 200 2990
66.249.71.72 - - [03/Aug/2015:06:36:35 +0800] "GET /content/nav/relationSubject.jsp?relationWords=%E7%A6%AE%E9%83%A8+&oid=2639646 HTTP/1.1" 200 3060
66.249.71.72 - - [03/Aug/2015:06:36:37 +0800] "GET /content/nav/relationSubject.jsp?relationWords=%E7%A6%AE%E9%83%A8%20&oid=2639646 HTTP/1.1" 200 3060
