66.249.71.72 - - [03/Aug/2015:01:18:57 +0800] "GET /content/repository/resource_content.jsp?oid=2511616 HTTP/1.1" 200 29880
66.249.71.72 - - [03/Aug/2015:01:19:25 +0800] "GET /content/repository/resource_content.jsp?oid=2512724 HTTP/1.1" 200 29960
66.249.71.72 - - [03/Aug/2015:01:19:25 +0800] "GET /content/nav/relationSubject.jsp?relationWords=%E6%AE%98%E7%B4%85%E9%99%B6%E7%89%87+&oid=1872796 HTTP/1.1" 200 2174
66.249.71.72 - - [03/Aug/2015:01:19:27 +0800] "GET /content/nav/relationSubject.jsp?relationWords=%E6%AE%98%E7%B4%85%E9%99%B6%E7%89%87%20&oid=1872796 HTTP/1.1" 200 2174
180.76.15.151 - - [03/Aug/2015:01:19:40 +0800] "GET /content/subject/resource_content.jsp?oid=16777513&queryType=qc HTTP/1.1" 200 28614
66.249.71.60 - - [03/Aug/2015:01:19:40 +0800] "GET /content/nav/relationSubject.jsp?relationWords=%E5%99%A8%E7%AF%84+%E5%A4%96%E7%AF%84+&oid=1847686 HTTP/1.1" 200 3068
66.249.71.64 - - [03/Aug/2015:01:19:42 +0800] "GET /content/nav/relationSubject.jsp?relationWords=%E5%99%A8%E7%AF%84%20%E5%A4%96%E7%AF%84%20&oid=1847686 HTTP/1.1" 200 3068
66.249.71.72 - - [03/Aug/2015:01:20:07 +0800] "GET /content/nav/relationSubject.jsp?relationWords=%E9%AA%A8%E6%9F%B6+&oid=1864058 HTTP/1.1" 200 2975
66.249.71.60 - - [03/Aug/2015:01:20:09 +0800] "GET /content/nav/relationSubject.jsp?relationWords=%E9%AA%A8%E6%9F%B6%20&oid=1864058 HTTP/1.1" 200 2975
66.249.71.60 - - [03/Aug/2015:01:20:20 +0800] "GET /content/repository/resource_content.jsp?oid=1571381 HTTP/1.1" 200 28830
66.249.71.60 - - [03/Aug/2015:01:20:47 +0800] "GET /content/repository/resource_content.jsp?oid=1530825 HTTP/1.1" 200 28995
66.249.71.64 - - [03/Aug/2015:01:21:06 +0800] "GET /content/nav/relationSubject.jsp?relationWords=%E6%86%B2%E6%B3%95+%E8%87%BA%E7%81%A3%E7%9C%81%E6%94%BF%E5%BA%9C+&oid=1571381 HTTP/1.1" 200 5245
66.249.71.72 - - [03/Aug/2015:01:21:09 +0800] "GET /content/nav/relationSubject.jsp?relationWords=%E6%86%B2%E6%B3%95%20%E8%87%BA%E7%81%A3%E7%9C%81%E6%94%BF%E5%BA%9C%20&oid=1571381 HTTP/1.1" 200 5245
66.249.71.64 - - [03/Aug/2015:01:21:15 +0800] "GET /content/repository/resource_content.jsp?oid=1568448 HTTP/1.1" 200 28782
66.249.71.60 - - [03/Aug/2015:01:21:33 +0800] "GET /content/nav/relationSubject.jsp?relationWords=%E4%B8%81%E4%BA%8B+%E5%B7%A1%E6%92%AB+&oid=2544782 HTTP/1.1" 200 3122
66.249.71.60 - - [03/Aug/2015:01:21:34 +0800] "GET /content/nav/relationSubject.jsp?relationWords=%E4%B8%81%E4%BA%8B%20%E5%B7%A1%E6%92%AB%20&oid=2544782 HTTP/1.1" 200 3122
66.249.71.113 - - [03/Aug/2015:01:21:42 +0800] "GET /content/subject/resource_content.jsp?oid=16797297&queryType=qc HTTP/1.1" 200 67887
124.218.11.138 - - [03/Aug/2015:01:21:53 +0800] "GET /content/nav/relationSubject.jsp?relationWords=&oid=16777459 HTTP/1.1" 200 1405
66.249.71.64 - - [03/Aug/2015:01:21:58 +0800] "GET /content/nav/relationSubject.jsp?relationWords=%E5%9B%9B%E5%B7%9D%E7%95%AB%E8%B1%A1+&oid=1834600 HTTP/1.1" 200 3180
66.249.71.60 - - [03/Aug/2015:01:22:00 +0800] "GET /content/nav/relationSubject.jsp?relationWords=%E5%9B%9B%E5%B7%9D%E7%95%AB%E8%B1%A1%20&oid=1834600 HTTP/1.1" 200 3180
66.249.71.119 - - [03/Aug/2015:01:22:10 +0800] "GET /content/repository/resource_content.jsp?oid=4363596&queryType=qs&queryString=%E8%AB%BA%E8%AA%9E HTTP/1.1" 200 34104
66.249.71.72 - - [03/Aug/2015:01:22:29 +0800] "GET /content/nav/relationSubject.jsp?relationWords=%E6%B0%B4%E5%88%A9%E5%B1%80+%E8%98%87%E7%B4%B0%E8%82%B2+%E8%A7%A3%E5%9B%9B%E6%9D%91+&oid=1517965 HTTP/1.1" 200 5016
66.249.71.64 - - [03/Aug/2015:01:22:31 +0800] "GET /content/nav/relationSubject.jsp?relationWords=%E6%B0%B4%E5%88%A9%E5%B1%80%20%E8%98%87%E7%B4%B0%E8%82%B2%20%E8%A7%A3%E5%9B%9B%E6%9D%91%20&oid=1517965 HTTP/1.1" 200 5016
60.245.65.143 - - [03/Aug/2015:01:22:34 +0800] "GET /content/subject/resource_content.jsp?oid=16777787&queryString=%E6%9E%97%E7%8D%BB%E5%A0%82%20%E6%A5%8A%E8%82%87%E5%98%89%20%E6%B2%88%E8%91%86%E7%A6%8E%20%E8%A8%B1%E5%BF%97%20%E9%95%B7%E8%B0%B7%E5%B7%9D%E6%B8%85 HTTP/1.1" 200 57808
66.249.71.64 - - [03/Aug/2015:01:22:37 +0800] "GET /content/repository/resource_content.jsp?oid=2583081 HTTP/1.1" 200 29357
60.245.65.143 - - [03/Aug/2015:01:22:41 +0800] "GET /content/nav/relationSubject.jsp?relationWords=%E5%A4%AA%E5%B9%B3%E6%B4%8B%E6%88%B0%E7%88%AD+%E7%9A%87%E6%B0%91%E5%A5%89%E5%85%AC%E6%9C%83+%E8%BB%8D%E8%A8%93+%E9%95%B7%E8%B0%B7%E5%B7%9D%E6%B8%85+&oid=16777787 HTTP/1.1" 200 5020
66.249.71.45 - - [03/Aug/2015:01:23:05 +0800] "GET /content/repository/resource_content.jsp?oid=285194&queryType=qs&queryString=%E5%88%BA%E5%8F%B2 HTTP/1.1" 200 29786
66.249.71.64 - - [03/Aug/2015:01:23:32 +0800] "GET /content/repository/resource_content.jsp?oid=1614758 HTTP/1.1" 200 28741
66.249.71.3 - - [03/Aug/2015:01:23:59 +0800] "GET /content/repository/resource_content.jsp?oid=2671109&queryString=%E5%B7%B4%E5%85%8B%20%E7%A5%A8%E7%B0%BD%20%E7%A7%BB%E9%80%81 HTTP/1.1" 200 30386
66.249.71.72 - - [03/Aug/2015:01:24:27 +0800] "GET /content/repository/resource_content.jsp?oid=2145284&queryType=qs&queryString=%E8%98%AD%E5%B6%BC%E7%BE%85%E6%BC%A2%E6%9D%BE HTTP/1.1" 200 31248
66.249.71.64 - - [03/Aug/2015:01:24:34 +0800] "GET /content/nav/relationSubject.jsp?relationWords=&oid=2582452 HTTP/1.1" 200 1405
36.238.210.52 - - [03/Aug/2015:01:24:48 +0800] "GET /content/nav/relationSubject.jsp?relationWords=%E9%BB%91%E6%9D%BF%E6%A8%B9+&oid=16777262 HTTP/1.1" 200 3253
157.55.39.64 - - [03/Aug/2015:01:24:49 +0800] "GET /content/nav/relationSubject.jsp?relationWords=%E9%BB%91%E6%9D%BF%E6%A8%B9+&oid=16777262 HTTP/1.1" 200 3253
66.249.71.72 - - [03/Aug/2015:01:24:54 +0800] "GET /content/repository/resource_content.jsp?oid=23001 HTTP/1.1" 200 29763
66.249.71.121 - - [03/Aug/2015:01:24:56 +0800] "GET /content/nav/relationSubject.jsp?relationWords=%E5%AD%94%E9%9B%80%E8%9B%A4%20%E6%AE%BC%E8%8F%9C%E8%9B%A4%E7%A7%91%20%E7%B6%A0%E6%AE%BC%E8%8F%9C%E8%9B%A4%20%E7%BF%A1%E7%BF%A0%E8%B2%BD%E8%B2%9D%20%E8%B2%BD%E8%B2%9D%20%E9%9B%99%E6%AE%BC%E7%B6%B1%20&oid=1126281 HTTP/1.1" 200 3568
36.238.210.52 - - [03/Aug/2015:01:25:00 +0800] "GET /content/repository/resource_content.jsp?oid=1106131&queryString=????????? HTTP/1.1" 200 31143
36.238.210.52 - - [03/Aug/2015:01:25:00 +0800] "GET /content/nav/relationSubject.jsp?relationWords=%E5%A4%BE%E7%AB%B9%E6%A1%83%E7%A7%91+%E6%A4%8D%E7%89%A9%E7%95%8C+%E9%BB%91%E6%9D%BF%E6%A8%B9+%E9%BE%8D%E8%86%BD+&oid=1106131 HTTP/1.1" 200 4550
66.249.71.64 - - [03/Aug/2015:01:25:12 +0800] "GET /content/nav/relationSubject.jsp?relationWords=%E5%B2%B3%E7%9B%B8+%E6%93%BA%E5%A4%B7+&oid=1172895 HTTP/1.1" 200 3010
66.249.71.60 - - [03/Aug/2015:01:25:13 +0800] "GET /content/nav/relationSubject.jsp?relationWords=%E5%B2%B3%E7%9B%B8%20%E6%93%BA%E5%A4%B7%20&oid=1172895 HTTP/1.1" 200 3010
66.249.71.72 - - [03/Aug/2015:01:25:16 +0800] "GET /content/nav/relationSubject.jsp?relationWords=%E5%8A%89%E5%AE%89+&oid=1636661 HTTP/1.1" 200 3053
66.249.71.60 - - [03/Aug/2015:01:25:17 +0800] "GET /content/nav/relationSubject.jsp?relationWords=%E5%8A%89%E5%AE%89%20&oid=1636661 HTTP/1.1" 200 3053
157.55.39.206 - - [03/Aug/2015:01:25:19 +0800] "GET /content/nav/relationSubject.jsp?relationWords=%E8%8A%B1%E8%94%93+%E8%94%93%E6%BE%A4%E8%98%AD+&oid=16777266 HTTP/1.1" 200 4225
66.249.71.72 - - [03/Aug/2015:01:25:22 +0800] "GET /content/repository/resource_content.jsp?oid=221467 HTTP/1.1" 200 30079
66.249.71.60 - - [03/Aug/2015:01:25:49 +0800] "GET /content/repository/resource_content.jsp?oid=189272 HTTP/1.1" 200 30200
66.249.71.64 - - [03/Aug/2015:01:25:52 +0800] "GET /content/nav/relationSubject.jsp?relationWords=&oid=1869353 HTTP/1.1" 200 1405
66.249.71.60 - - [03/Aug/2015:01:26:17 +0800] "GET /content/repository/resource_content.jsp?oid=194340 HTTP/1.1" 200 29732
66.249.71.119 - - [03/Aug/2015:01:26:31 +0800] "GET /content/nav/relationSubject.jsp?relationWords=%E7%83%8F%E5%B0%BE%E5%86%AC%E4%BB%94+%E9%BB%83%E6%A2%85+&oid=15296 HTTP/1.1" 200 3383
66.249.71.119 - - [03/Aug/2015:01:26:35 +0800] "GET /content/nav/relationSubject.jsp?relationWords=%E7%83%8F%E5%B0%BE%E5%86%AC%E4%BB%94%20%E9%BB%83%E6%A2%85%20&oid=15296 HTTP/1.1" 200 3383
66.249.71.60 - - [03/Aug/2015:01:26:44 +0800] "GET /content/repository/resource_content.jsp?oid=2553428 HTTP/1.1" 200 29638
101.14.33.244 - - [03/Aug/2015:01:26:56 +0800] "GET /digiarch3/content/repository/resource_content.jsp?oid=4387940&queryType=qs&queryString=%E8%B1%90%E5%B9%B4%E7%A5%AD HTTP/1.1" 200 32067
101.14.33.244 - - [03/Aug/2015:01:26:57 +0800] "GET /digiarch3/content/nav/relationSubject.jsp?relationWords=%E6%BC%81%E6%92%88+%E7%A5%AD%E5%84%80+%E7%BE%8E%E8%B1%90+%E8%B1%90%E5%B9%B4%E7%A5%AD+&oid=4387940 HTTP/1.1" 200 4175
66.249.71.72 - - [03/Aug/2015:01:27:12 +0800] "GET /content/repository/resource_content.jsp?oid=2573728 HTTP/1.1" 200 29468
66.249.71.23 - - [03/Aug/2015:01:27:39 +0800] "GET /digiarch3/content/repository/resource_content.jsp?oid=1895030&queryString=%E8%83%A1%E9%81%A9 HTTP/1.1" 200 29723
66.249.71.60 - - [03/Aug/2015:01:27:55 +0800] "GET /content/nav/relationSubject.jsp?relationWords=%E4%BA%BA%E5%90%8D%E6%AC%8A%E5%A8%81+%E5%9C%8B%E5%8B%99%E9%99%A2+%E6%95%B5%E5%83%91+&oid=733647 HTTP/1.1" 200 3131
66.249.71.72 - - [03/Aug/2015:01:27:57 +0800] "GET /content/nav/relationSubject.jsp?relationWords=%E4%BA%BA%E5%90%8D%E6%AC%8A%E5%A8%81%20%E5%9C%8B%E5%8B%99%E9%99%A2%20%E6%95%B5%E5%83%91%20&oid=733647 HTTP/1.1" 200 3131
66.249.71.60 - - [03/Aug/2015:01:28:07 +0800] "GET /content/repository/resource_content.jsp?oid=2568942 HTTP/1.1" 200 28947
66.249.71.60 - - [03/Aug/2015:01:28:09 +0800] "GET /content/nav/relationSubject.jsp?relationWords=%E4%BD%8E%E5%88%A9%E8%B2%B8%E6%AC%BE+&oid=1582995 HTTP/1.1" 200 4226
66.249.71.60 - - [03/Aug/2015:01:28:11 +0800] "GET /content/nav/relationSubject.jsp?relationWords=%E4%BD%8E%E5%88%A9%E8%B2%B8%E6%AC%BE%20&oid=1582995 HTTP/1.1" 200 4226
66.249.71.72 - - [03/Aug/2015:01:28:12 +0800] "GET /content/nav/relationSubject.jsp?relationWords=&oid=1847592 HTTP/1.1" 200 1405
66.249.71.64 - - [03/Aug/2015:01:28:27 +0800] "GET /content/nav/relationSubject.jsp?relationWords=&oid=1613294 HTTP/1.1" 200 1405
66.249.71.64 - - [03/Aug/2015:01:28:28 +0800] "GET /content/nav/relationSubject.jsp?relationWords=%E9%AA%A8%E7%AE%AD%E9%A0%AD+&oid=1854660 HTTP/1.1" 200 2990
66.249.71.72 - - [03/Aug/2015:01:28:29 +0800] "GET /content/nav/relationSubject.jsp?relationWords=%E9%AA%A8%E7%AE%AD%E9%A0%AD%20&oid=1854660 HTTP/1.1" 200 2990
66.249.71.119 - - [03/Aug/2015:01:28:34 +0800] "GET /content/repository/resource_content.jsp?oid=1530058&queryString=%E5%80%99%E9%81%B8%E4%BA%BA%20%E7%B0%A1%E6%AD%B7%20%E8%87%BA%E7%81%A3%E7%9C%81 HTTP/1.1" 200 31596
66.249.71.127 - - [03/Aug/2015:01:28:59 +0800] "GET /content/nav/relationSubject.jsp?relationWords=%E5%A4%A9%E4%B8%8A%E8%81%96%E6%AF%8D+&oid=4363596 HTTP/1.1" 200 3086
66.249.71.72 - - [03/Aug/2015:01:29:02 +0800] "GET /content/repository/resource_content.jsp?oid=2591551 HTTP/1.1" 200 28539
66.249.71.119 - - [03/Aug/2015:01:29:03 +0800] "GET /content/nav/relationSubject.jsp?relationWords=%E5%A4%A9%E4%B8%8A%E8%81%96%E6%AF%8D%20&oid=4363596 HTTP/1.1" 200 3086
66.249.71.64 - - [03/Aug/2015:01:29:34 +0800] "GET /content/nav/relationSubject.jsp?relationWords=%E5%B7%A1%E6%92%AB+&oid=2573728 HTTP/1.1" 200 3084
66.249.71.64 - - [03/Aug/2015:01:29:36 +0800] "GET /content/nav/relationSubject.jsp?relationWords=%E5%B7%A1%E6%92%AB%20&oid=2573728 HTTP/1.1" 200 3084
66.249.71.72 - - [03/Aug/2015:01:29:54 +0800] "GET /content/nav/relationSubject.jsp?relationWords=%E9%9D%92%E9%8A%85%E5%88%80+&oid=1781740 HTTP/1.1" 200 3002
66.249.71.72 - - [03/Aug/2015:01:29:57 +0800] "GET /content/repository/resource_content.jsp?oid=2593482 HTTP/1.1" 200 28617
66.249.71.64 - - [03/Aug/2015:01:29:57 +0800] "GET /content/nav/relationSubject.jsp?relationWords=%E9%9D%92%E9%8A%85%E5%88%80%20&oid=1781740 HTTP/1.1" 200 3002
66.249.71.60 - - [03/Aug/2015:01:30:07 +0800] "GET /content/nav/relationSubject.jsp?relationWords=%E5%90%8F%E9%83%A8+&oid=2642379 HTTP/1.1" 200 3101
66.249.71.60 - - [03/Aug/2015:01:30:08 +0800] "GET /content/nav/relationSubject.jsp?relationWords=%E5%90%8F%E9%83%A8%20&oid=2642379 HTTP/1.1" 200 3101
66.249.71.64 - - [03/Aug/2015:01:30:11 +0800] "GET /content/nav/relationSubject.jsp?relationWords=%E9%83%BD%E6%B1%9F%E5%A0%B0+%E9%8A%80%E5%85%A9+&oid=2568942 HTTP/1.1" 200 5415
66.249.71.60 - - [03/Aug/2015:01:30:13 +0800] "GET /content/nav/relationSubject.jsp?relationWords=%E9%83%BD%E6%B1%9F%E5%A0%B0%20%E9%8A%80%E5%85%A9%20&oid=2568942 HTTP/1.1" 200 5415
66.249.71.60 - - [03/Aug/2015:01:30:17 +0800] "GET /content/nav/relationSubject.jsp?relationWords=%E4%B8%AD%E5%9F%8E%E5%AF%9F+&oid=2655967 HTTP/1.1" 200 3120
207.46.13.55 - - [03/Aug/2015:01:30:17 +0800] "GET /content/nav/relationSubject.jsp?relationWords=%E6%9C%A8%E7%8A%80+%E6%A1%82%E8%8A%B1+&oid=16777255 HTTP/1.1" 200 4029
66.249.71.64 - - [03/Aug/2015:01:30:18 +0800] "GET /content/nav/relationSubject.jsp?relationWords=%E4%B8%AD%E5%9F%8E%E5%AF%9F%20&oid=2655967 HTTP/1.1" 200 3120
66.249.71.64 - - [03/Aug/2015:01:30:24 +0800] "GET /content/repository/resource_content.jsp?oid=220223 HTTP/1.1" 200 30174
66.249.71.72 - - [03/Aug/2015:01:30:35 +0800] "GET /content/nav/relationSubject.jsp?relationWords=%E5%AF%A7%E6%B5%B7+%E5%B7%A1%E6%92%AB+&oid=2626530 HTTP/1.1" 200 3119
66.249.71.72 - - [03/Aug/2015:01:30:37 +0800] "GET /content/nav/relationSubject.jsp?relationWords=%E5%AF%A7%E6%B5%B7%20%E5%B7%A1%E6%92%AB%20&oid=2626530 HTTP/1.1" 200 3119
66.249.71.60 - - [03/Aug/2015:01:30:52 +0800] "GET /content/repository/resource_content.jsp?oid=2561956 HTTP/1.1" 200 28772
66.249.71.72 - - [03/Aug/2015:01:30:54 +0800] "GET /content/nav/relationSubject.jsp?relationWords=%E5%9C%B0%E8%99%9F+%E6%96%97%E5%8D%97%E9%8E%AE+%E7%81%A3%E7%9C%81%E6%94%BF%E5%BA%9C+%E7%95%B8%E9%9B%B6%E5%9C%B0+%E7%9C%81%E6%94%BF%E5%BA%9C+%E8%87%BA%E7%81%A3%E7%9C%81+%E8%87%BA%E7%81%A3%E7%9C%81%E6%94%BF%E5%BA%9C+%E8%B2%A8%E9%81%8B+%E9%90%B5%E8%B7%AF%E5%B1%80+&oid=1898409 HTTP/1.1" 200 4872
66.249.71.72 - - [03/Aug/2015:01:30:56 +0800] "GET /content/nav/relationSubject.jsp?relationWords=%E5%9C%B0%E8%99%9F%20%E6%96%97%E5%8D%97%E9%8E%AE%20%E7%81%A3%E7%9C%81%E6%94%BF%E5%BA%9C%20%E7%95%B8%E9%9B%B6%E5%9C%B0%20%E7%9C%81%E6%94%BF%E5%BA%9C%20%E8%87%BA%E7%81%A3%E7%9C%81%20%E8%87%BA%E7%81%A3%E7%9C%81%E6%94%BF%E5%BA%9C%20%E8%B2%A8%E9%81%8B%20%E9%90%B5%E8%B7%AF%E5%B1%80%20&oid=1898409 HTTP/1.1" 200 4872
66.249.71.64 - - [03/Aug/2015:01:31:19 +0800] "GET /content/repository/resource_content.jsp?oid=825001 HTTP/1.1" 200 27998
66.249.71.72 - - [03/Aug/2015:01:31:22 +0800] "GET /content/nav/relationSubject.jsp?relationWords=%E5%96%AE%E8%89%B2+%E5%BB%A3%E6%9D%B1%E5%9C%B0%E5%8D%80+&oid=195077 HTTP/1.1" 200 3257
66.249.71.64 - - [03/Aug/2015:01:31:23 +0800] "GET /content/nav/relationSubject.jsp?relationWords=%E5%96%AE%E8%89%B2%20%E5%BB%A3%E6%9D%B1%E5%9C%B0%E5%8D%80%20&oid=195077 HTTP/1.1" 200 3257
66.249.71.60 - - [03/Aug/2015:01:31:38 +0800] "GET /content/nav/relationSubject.jsp?relationWords=&oid=2593482 HTTP/1.1" 200 1405
66.249.71.64 - - [03/Aug/2015:01:31:47 +0800] "GET /content/repository/resource_content.jsp?oid=1531584 HTTP/1.1" 200 29607
66.249.71.127 - - [03/Aug/2015:01:32:14 +0800] "GET /content/repository/resource_content.jsp?oid=3813155&queryString=%E6%A4%8D%E7%89%A9%E7%95%8C%20%E8%95%A8%E9%A1%9E%E6%A4%8D%E7%89%A9%20%E8%A7%80%E9%9F%B3%E5%BA%A7%20%E8%A7%80%E9%9F%B3%E5%BA%A7%E8%93%AE%20%E8%A7%80%E9%9F%B3%E5%BA%A7%E8%93%AE%E8%88%85 HTTP/1.1" 200 31499
220.181.108.140 - - [03/Aug/2015:01:32:25 +0800] "GET /digiarch_en/content/subject/resource_content.jsp?oid=16777381&queryType=qc HTTP/1.1" 200 30331
66.249.71.64 - - [03/Aug/2015:01:33:09 +0800] "GET /content/repository/resource_content.jsp?oid=1851094 HTTP/1.1" 200 29039
66.249.71.64 - - [03/Aug/2015:01:33:10 +0800] "GET /content/nav/relationSubject.jsp?relationWords=&oid=4364921 HTTP/1.1" 200 1405
66.249.71.64 - - [03/Aug/2015:01:33:35 +0800] "GET /content/nav/relationSubject.jsp?relationWords=%E5%B7%A1%E6%92%AB+%E6%B9%96%E5%BB%A3+&oid=2516088 HTTP/1.1" 200 3119
66.249.71.127 - - [03/Aug/2015:01:33:37 +0800] "GET /content/repository/resource_content.jsp?oid=723465&queryType=qs&queryString=%E6%8D%95%E6%8B%8F HTTP/1.1" 200 28551
66.249.71.64 - - [03/Aug/2015:01:33:38 +0800] "GET /content/repository/resource_content.jsp?oid=1107358&queryString=%E6%A4%8D%E7%89%A9%E7%95%8C%20%E9%A6%AC%E5%85%9C%E9%88%B4 HTTP/1.1" 200 31241
66.249.71.64 - - [03/Aug/2015:01:33:38 +0800] "GET /content/nav/relationSubject.jsp?relationWords=%E5%B7%A1%E6%92%AB%20%E6%B9%96%E5%BB%A3%20&oid=2516088 HTTP/1.1" 200 3119
66.249.71.60 - - [03/Aug/2015:01:33:46 +0800] "GET /content/nav/relationSubject.jsp?relationWords=&oid=1891859 HTTP/1.1" 200 1405
66.249.71.64 - - [03/Aug/2015:01:33:56 +0800] "GET /content/nav/relationSubject.jsp?relationWords=%E7%B5%B1%E4%B8%80%E7%99%BC%E7%A5%A8+%E8%87%BA%E5%8D%97%E5%B8%82+%E8%87%BA%E7%81%A3%E7%9C%81+&oid=1522960 HTTP/1.1" 200 4458
66.249.71.72 - - [03/Aug/2015:01:33:57 +0800] "GET /content/nav/relationSubject.jsp?relationWords=%E7%9F%B3%E9%8C%9B+&oid=1851094 HTTP/1.1" 200 2927
66.249.71.60 - - [03/Aug/2015:01:33:59 +0800] "GET /content/nav/relationSubject.jsp?relationWords=%E7%9F%B3%E9%8C%9B%20&oid=1851094 HTTP/1.1" 200 2927
66.249.71.72 - - [03/Aug/2015:01:34:00 +0800] "GET /content/nav/relationSubject.jsp?relationWords=%E7%B5%B1%E4%B8%80%E7%99%BC%E7%A5%A8%20%E8%87%BA%E5%8D%97%E5%B8%82%20%E8%87%BA%E7%81%A3%E7%9C%81%20&oid=1522960 HTTP/1.1" 200 4458
66.249.71.72 - - [03/Aug/2015:01:34:04 +0800] "GET /content/repository/resource_content.jsp?oid=177716 HTTP/1.1" 200 30139
66.249.71.72 - - [03/Aug/2015:01:34:32 +0800] "GET /content/repository/resource_content.jsp?oid=1872862 HTTP/1.1" 200 28389
66.249.71.72 - - [03/Aug/2015:01:34:48 +0800] "GET /content/nav/relationSubject.jsp?relationWords=%E7%AC%9B%E9%AF%9B%E7%A7%91+%E9%BB%91%E6%98%9F%E7%AC%9B%E9%AF%9B+&oid=17811 HTTP/1.1" 200 3198
66.249.71.60 - - [03/Aug/2015:01:34:51 +0800] "GET /content/nav/relationSubject.jsp?relationWords=%E7%AC%9B%E9%AF%9B%E7%A7%91%20%E9%BB%91%E6%98%9F%E7%AC%9B%E9%AF%9B%20&oid=17811 HTTP/1.1" 200 3198
66.249.71.72 - - [03/Aug/2015:01:34:59 +0800] "GET /content/repository/resource_content.jsp?oid=1553170 HTTP/1.1" 200 28469
66.249.71.72 - - [03/Aug/2015:01:35:26 +0800] "GET /content/repository/resource_content.jsp?oid=1617265 HTTP/1.1" 200 28787
66.249.71.72 - - [03/Aug/2015:01:35:42 +0800] "GET /content/nav/relationSubject.jsp?relationWords=%E9%B7%B8%E5%98%B4%E9%AD%9A+&oid=16577 HTTP/1.1" 200 3099
66.249.71.60 - - [03/Aug/2015:01:35:44 +0800] "GET /content/nav/relationSubject.jsp?relationWords=%E9%B7%B8%E5%98%B4%E9%AD%9A%20&oid=16577 HTTP/1.1" 200 3099
66.249.71.60 - - [03/Aug/2015:01:35:47 +0800] "GET /content/nav/relationSubject.jsp?relationWords=%E9%BE%9C%E7%94%B2%E5%8D%9C%E8%BE%AD%E6%AE%98%E7%89%87+&oid=1872862 HTTP/1.1" 200 3071
66.249.71.64 - - [03/Aug/2015:01:35:49 +0800] "GET /content/nav/relationSubject.jsp?relationWords=%E9%BE%9C%E7%94%B2%E5%8D%9C%E8%BE%AD%E6%AE%98%E7%89%87%20&oid=1872862 HTTP/1.1" 200 3071
66.249.71.60 - - [03/Aug/2015:01:35:54 +0800] "GET /content/repository/resource_content.jsp?oid=1619094 HTTP/1.1" 200 28550
66.249.71.64 - - [03/Aug/2015:01:36:21 +0800] "GET /content/repository/resource_content.jsp?oid=1892276 HTTP/1.1" 200 28375
220.181.108.111 - - [03/Aug/2015:01:36:46 +0800] "GET /digiarch_en/content/subject/resource_content.jsp?oid=16777512&queryType=qc HTTP/1.1" 200 27760
66.249.71.72 - - [03/Aug/2015:01:36:49 +0800] "GET /content/repository/resource_content.jsp?oid=777732 HTTP/1.1" 200 27993
66.249.71.72 - - [03/Aug/2015:01:36:59 +0800] "GET /content/nav/relationSubject.jsp?relationWords=%E9%AA%A8%E7%AE%AD%E9%A0%AD+&oid=1862041 HTTP/1.1" 200 2990
66.249.71.64 - - [03/Aug/2015:01:37:00 +0800] "GET /content/nav/relationSubject.jsp?relationWords=%E9%AA%A8%E7%AE%AD%E9%A0%AD%20&oid=1862041 HTTP/1.1" 200 2990
66.249.71.64 - - [03/Aug/2015:01:37:16 +0800] "GET /content/repository/resource_content.jsp?oid=1516044 HTTP/1.1" 200 28821
66.249.71.72 - - [03/Aug/2015:01:37:44 +0800] "GET /content/repository/resource_content.jsp?oid=1897226 HTTP/1.1" 200 28847
66.249.71.64 - - [03/Aug/2015:01:38:00 +0800] "GET /content/nav/relationSubject.jsp?relationWords=%E4%BF%9D%E5%AE%89%E5%8F%B8+%E5%8A%89%E6%9E%97+%E5%8F%B8%E4%BB%A4%E9%83%A8+%E8%87%BA%E5%8C%97%E5%B8%82+%E8%87%BA%E7%81%A3%E7%9C%81%E5%8F%83%E8%AD%B0%E6%9C%83+&oid=1516044 HTTP/1.1" 200 4534
66.249.71.72 - - [03/Aug/2015:01:38:02 +0800] "GET /content/nav/relationSubject.jsp?relationWords=%E4%BF%9D%E5%AE%89%E5%8F%B8%20%E5%8A%89%E6%9E%97%20%E5%8F%B8%E4%BB%A4%E9%83%A8%20%E8%87%BA%E5%8C%97%E5%B8%82%20%E8%87%BA%E7%81%A3%E7%9C%81%E5%8F%83%E8%AD%B0%E6%9C%83%20&oid=1516044 HTTP/1.1" 200 4534
66.249.71.72 - - [03/Aug/2015:01:38:11 +0800] "GET /content/repository/resource_content.jsp?oid=4437732&queryString=%E4%BA%BA%E5%90%8D%E6%AC%8A%E5%A8%81%20%E8%8F%AF%E5%83%91 HTTP/1.1" 200 29723
66.249.71.72 - - [03/Aug/2015:01:38:38 +0800] "GET /content/nav/relationSubject.jsp?relationWords=%E8%8F%AF%E5%83%91+&oid=4437732 HTTP/1.1" 200 3998
66.249.71.72 - - [03/Aug/2015:01:38:39 +0800] "GET /content/repository/resource_content.jsp?oid=1866350 HTTP/1.1" 200 29381
66.249.71.60 - - [03/Aug/2015:01:38:39 +0800] "GET /content/nav/relationSubject.jsp?relationWords=%E8%8F%AF%E5%83%91%20&oid=4437732 HTTP/1.1" 200 3998
220.181.108.139 - - [03/Aug/2015:01:38:57 +0800] "GET /digiarch_en/content/pictures/picture_content.jsp?oid=33554556&queryType=qc HTTP/1.1" 200 21983
66.249.71.36 - - [03/Aug/2015:01:39:01 +0800] "GET /content/nav/relationSubject.jsp?relationWords=&oid=2600433 HTTP/1.1" 200 1405
66.249.71.36 - - [03/Aug/2015:01:39:06 +0800] "GET /content/repository/resource_content.jsp?oid=1775377&queryType=qs&queryString=%E5%A4%AA%E9%BA%BB%E8%A3%A1 HTTP/1.1" 200 37147
66.249.71.60 - - [03/Aug/2015:01:39:34 +0800] "GET /content/repository/resource_content.jsp?oid=3818865&queryString=%E6%A4%8D%E7%89%A9%E7%95%8C%20%E6%A5%93%E6%A8%B9%E5%B1%AC%20%E6%A7%AD%E6%A8%B9%E7%A7%91%20%E7%84%A1%E6%82%A3%E5%AD%90 HTTP/1.1" 200 31166
66.249.71.60 - - [03/Aug/2015:01:39:40 +0800] "GET /content/nav/relationSubject.jsp?relationWords=%E5%87%BD%E7%9A%87%E7%88%B6+%E7%88%B6%E7%B0%8B+&oid=1819213 HTTP/1.1" 200 3203
66.249.71.60 - - [03/Aug/2015:01:39:42 +0800] "GET /content/nav/relationSubject.jsp?relationWords=%E5%87%BD%E7%9A%87%E7%88%B6%20%E7%88%B6%E7%B0%8B%20&oid=1819213 HTTP/1.1" 200 3203
66.249.71.72 - - [03/Aug/2015:01:39:46 +0800] "GET /content/nav/relationSubject.jsp?relationWords=%E9%BE%9C%E7%94%B2%E5%8D%9C%E8%BE%AD%E6%AE%98%E7%89%87+&oid=1872891 HTTP/1.1" 200 3071
66.249.71.64 - - [03/Aug/2015:01:39:47 +0800] "GET /content/nav/relationSubject.jsp?relationWords=%E9%BE%9C%E7%94%B2%E5%8D%9C%E8%BE%AD%E6%AE%98%E7%89%87%20&oid=1872891 HTTP/1.1" 200 3071
66.249.71.64 - - [03/Aug/2015:01:40:01 +0800] "GET /content/repository/resource_content.jsp?oid=1124667&queryString=%E6%B2%B3%E8%9C%91%E8%9E%BA%E5%B1%AC%20%E7%B4%B0%E6%96%91%E8%9C%91%E8%9E%BA%20%E8%85%B9%E8%B6%B3%E7%B6%B1%20%E8%9C%91%E8%9E%BA HTTP/1.1" 200 39049
66.249.71.64 - - [03/Aug/2015:01:40:10 +0800] "GET /content/nav/relationSubject.jsp?relationWords=%E5%A3%81%E8%9C%91%E8%9E%BA+%E8%85%B9%E8%B6%B3%E7%B6%B1+%E8%9C%91%E8%9E%BA+&oid=1124667 HTTP/1.1" 200 3359
66.249.71.72 - - [03/Aug/2015:01:40:12 +0800] "GET /content/nav/relationSubject.jsp?relationWords=%E5%A3%81%E8%9C%91%E8%9E%BA%20%E8%85%B9%E8%B6%B3%E7%B6%B1%20%E8%9C%91%E8%9E%BA%20&oid=1124667 HTTP/1.1" 200 3359
66.249.71.72 - - [03/Aug/2015:01:40:12 +0800] "GET /content/nav/relationSubject.jsp?relationWords=%E5%B7%9D%E4%B8%8A%E6%B0%8F%E8%96%B9+%E8%96%B9%E5%B1%AC+%E9%AB%98%E5%B1%B1%E6%97%A5%E6%9C%AC%E8%96%B9+&oid=1109330 HTTP/1.1" 200 3519
66.249.71.72 - - [03/Aug/2015:01:40:15 +0800] "GET /content/nav/relationSubject.jsp?relationWords=%E5%B7%9D%E4%B8%8A%E6%B0%8F%E8%96%B9%20%E8%96%B9%E5%B1%AC%20%E9%AB%98%E5%B1%B1%E6%97%A5%E6%9C%AC%E8%96%B9%20&oid=1109330 HTTP/1.1" 200 3519
66.249.71.45 - - [03/Aug/2015:01:40:29 +0800] "GET /content/repository/resource_content.jsp?oid=4466496&queryType=qs&queryString=%E5%8E%9F%E7%94%B0 HTTP/1.1" 200 28912
66.249.71.72 - - [03/Aug/2015:01:40:56 +0800] "GET /content/repository/resource_content.jsp?oid=1840157 HTTP/1.1" 200 29130
66.249.71.64 - - [03/Aug/2015:01:41:00 +0800] "GET /content/nav/relationSubject.jsp?relationWords=%E5%B7%9D%E9%99%9D%E7%94%98%E8%81%AF%E7%95%8C%E5%9C%96+%E7%B4%A2%E5%BC%95%E5%9C%96+&oid=187274 HTTP/1.1" 200 3245
66.249.71.72 - - [03/Aug/2015:01:41:02 +0800] "GET /content/nav/relationSubject.jsp?relationWords=%E5%B7%9D%E9%99%9D%E7%94%98%E8%81%AF%E7%95%8C%E5%9C%96%20%E7%B4%A2%E5%BC%95%E5%9C%96%20&oid=187274 HTTP/1.1" 200 3245
66.249.71.72 - - [03/Aug/2015:01:41:07 +0800] "GET /content/nav/relationSubject.jsp?relationWords=&oid=762642 HTTP/1.1" 200 1405
66.249.71.64 - - [03/Aug/2015:01:41:10 +0800] "GET /content/nav/relationSubject.jsp?relationWords=%E6%A4%8D%E7%89%A9%E7%95%8C+%E6%A9%84%E6%AC%96%E5%B1%AC+%E6%A9%84%E6%AC%96%E7%A7%91+%E7%84%A1%E6%82%A3%E5%AD%90+%E9%9B%99%E5%AD%90%E8%91%89%E6%A4%8D%E7%89%A9+&oid=1456970 HTTP/1.1" 200 3376
66.249.71.64 - - [03/Aug/2015:01:41:12 +0800] "GET /content/nav/relationSubject.jsp?relationWords=%E6%A4%8D%E7%89%A9%E7%95%8C%20%E6%A9%84%E6%AC%96%E5%B1%AC%20%E6%A9%84%E6%AC%96%E7%A7%91%20%E7%84%A1%E6%82%A3%E5%AD%90%20%E9%9B%99%E5%AD%90%E8%91%89%E6%A4%8D%E7%89%A9%20&oid=1456970 HTTP/1.1" 200 3376
66.249.71.119 - - [03/Aug/2015:01:41:24 +0800] "GET /content/repository/resource_content.jsp?oid=2568996&queryType=qs&queryString=%E9%B3%B4%E8%B4%8A HTTP/1.1" 200 30540
66.249.71.72 - - [03/Aug/2015:01:41:34 +0800] "GET /content/nav/relationSubject.jsp?relationWords=%E5%AE%89%E5%85%A8%E6%A1%88+%E5%AE%89%E5%85%A8%E8%A8%AD%E5%82%99+&oid=1619094 HTTP/1.1" 200 3379
66.249.71.64 - - [03/Aug/2015:01:41:34 +0800] "GET /content/nav/relationSubject.jsp?relationWords=%E5%80%89%E7%B1%B3+%E5%B7%A1%E6%92%AB+&oid=2516524 HTTP/1.1" 200 3119
66.249.71.64 - - [03/Aug/2015:01:41:36 +0800] "GET /content/nav/relationSubject.jsp?relationWords=%E5%AE%89%E5%85%A8%E6%A1%88%20%E5%AE%89%E5%85%A8%E8%A8%AD%E5%82%99%20&oid=1619094 HTTP/1.1" 200 3379
66.249.71.60 - - [03/Aug/2015:01:41:36 +0800] "GET /content/nav/relationSubject.jsp?relationWords=%E5%80%89%E7%B1%B3%20%E5%B7%A1%E6%92%AB%20&oid=2516524 HTTP/1.1" 200 3119
66.249.71.127 - - [03/Aug/2015:01:41:51 +0800] "GET /content/repository/resource_content.jsp?oid=2665314&queryType=qs&queryString=%E5%8A%89%E7%B5%B1%E5%8B%B3 HTTP/1.1" 200 30311
66.249.71.64 - - [03/Aug/2015:01:42:03 +0800] "GET /content/nav/relationSubject.jsp?relationWords=%E6%8B%93%E7%89%87+%E7%94%B2%E9%AA%A8%E6%96%87+&oid=1808519 HTTP/1.1" 200 4578
66.249.71.72 - - [03/Aug/2015:01:42:04 +0800] "GET /content/nav/relationSubject.jsp?relationWords=%E6%8B%93%E7%89%87%20%E7%94%B2%E9%AA%A8%E6%96%87%20&oid=1808519 HTTP/1.1" 200 4578
66.249.71.127 - - [03/Aug/2015:01:42:19 +0800] "GET /content/subject/resource_content.jsp?oid=16777818&queryString=%E5%B7%A1%E7%8B%A9 HTTP/1.1" 200 39073
66.249.71.60 - - [03/Aug/2015:01:42:46 +0800] "GET /content/repository/resource_content.jsp?oid=206020 HTTP/1.1" 200 30439
207.46.13.64 - - [03/Aug/2015:01:42:53 +0800] "GET /content/tmp_tec/resource_content.jsp?oid=16777706 HTTP/1.1" 200 45957
66.249.71.64 - - [03/Aug/2015:01:43:11 +0800] "GET /content/nav/relationSubject.jsp?relationWords=%E4%BD%8E%E6%94%B6%E5%85%A5%E6%88%B6+%E5%A4%A7%E5%B0%88%E9%99%A2%E6%A0%A1+&oid=1612145 HTTP/1.1" 200 4299
66.249.71.3 - - [03/Aug/2015:01:43:14 +0800] "GET /content/repository/resource_content.jsp?oid=1605343&queryString=3D%20%E6%95%B8%E4%BD%8D%E5%85%B8%E8%97%8F%20%E6%96%B0%E5%A4%A9%E5%9C%B0%20%E6%B5%B7%E9%AE%AE%20%E9%9B%BB%E9%80%9A%20%E9%A4%90%E5%BB%B3 HTTP/1.1" 200 33850
66.249.71.60 - - [03/Aug/2015:01:43:14 +0800] "GET /content/nav/relationSubject.jsp?relationWords=%E4%BD%8E%E6%94%B6%E5%85%A5%E6%88%B6%20%E5%A4%A7%E5%B0%88%E9%99%A2%E6%A0%A1%20&oid=1612145 HTTP/1.1" 200 4299
66.249.71.60 - - [03/Aug/2015:01:43:27 +0800] "GET /content/nav/relationSubject.jsp?relationWords=&oid=2576696 HTTP/1.1" 200 1405
66.249.71.119 - - [03/Aug/2015:01:43:33 +0800] "GET /content/nav/relationSubject.jsp?relationWords=%E4%BA%A4%E6%B5%81%E9%81%93+%E4%BA%A4%E9%80%9A%E9%83%A8+%E5%9C%8B%E9%98%B2%E9%83%A8+%E5%AE%A2%E9%81%8B+%E6%9C%8D%E5%8B%99%E5%93%81%E8%B3%AA+%E6%9C%8D%E5%8B%99%E6%A5%AD+%E7%87%9F%E5%88%A9%E4%BA%8B%E6%A5%AD+%E7%9B%B4%E6%98%87%E6%A9%9F+%E7%A9%BA%E8%BB%8D+%E7%A9%BA%E9%9B%A3+%E8%99%95%E9%95%B7+%E8%A8%88%E7%A8%8B%E8%BB%8A+%E8%B3%AA%E8%A9%A2+%E9%81%8B%E8%BC%B8%E6%A9%9F+%E9%87%91%E7%89%8C+%E9%90%B5%E8%B7%AF%E5%B1%80+%E9%A4%90%E5%BB%B3+%E9%AB%98%E9%80%9F%E5%85%AC%E8%B7%AF+&oid=1605343 HTTP/1.1" 200 4805
66.249.71.119 - - [03/Aug/2015:01:43:35 +0800] "GET /content/nav/relationSubject.jsp?relationWords=%E4%BA%A4%E6%B5%81%E9%81%93%20%E4%BA%A4%E9%80%9A%E9%83%A8%20%E5%9C%8B%E9%98%B2%E9%83%A8%20%E5%AE%A2%E9%81%8B%20%E6%9C%8D%E5%8B%99%E5%93%81%E8%B3%AA%20%E6%9C%8D%E5%8B%99%E6%A5%AD%20%E7%87%9F%E5%88%A9%E4%BA%8B%E6%A5%AD%20%E7%9B%B4%E6%98%87%E6%A9%9F%20%E7%A9%BA%E8%BB%8D%20%E7%A9%BA%E9%9B%A3%20%E8%99%95%E9%95%B7%20%E8%A8%88%E7%A8%8B%E8%BB%8A%20%E8%B3%AA%E8%A9%A2%20%E9%81%8B%E8%BC%B8%E6%A9%9F%20%E9%87%91%E7%89%8C%20%E9%90%B5%E8%B7%AF%E5%B1%80%20%E9%A4%90%E5%BB%B3%20%E9%AB%98%E9%80%9F%E5%85%AC%E8%B7%AF%20&oid=1605343 HTTP/1.1" 200 4805
66.249.71.60 - - [03/Aug/2015:01:43:41 +0800] "GET /content/repository/resource_content.jsp?oid=2676019 HTTP/1.1" 200 29678
66.249.71.72 - - [03/Aug/2015:01:44:09 +0800] "GET /content/repository/resource_content.jsp?oid=1636938 HTTP/1.1" 200 32420
66.249.71.64 - - [03/Aug/2015:01:44:36 +0800] "GET /content/repository/resource_content.jsp?oid=1109244 HTTP/1.1" 200 31084
66.249.71.72 - - [03/Aug/2015:01:45:03 +0800] "GET /content/repository/resource_content.jsp?oid=208264 HTTP/1.1" 200 30438
66.249.71.64 - - [03/Aug/2015:01:45:31 +0800] "GET /content/repository/resource_content.jsp?oid=2613902 HTTP/1.1" 200 29932
66.249.71.64 - - [03/Aug/2015:01:45:55 +0800] "GET /content/nav/relationSubject.jsp?relationWords=%E7%A6%AE%E9%83%A8+&oid=2671982 HTTP/1.1" 200 3060
66.249.71.60 - - [03/Aug/2015:01:45:56 +0800] "GET /content/nav/relationSubject.jsp?relationWords=%E7%A6%AE%E9%83%A8%20&oid=2671982 HTTP/1.1" 200 3060
66.249.71.72 - - [03/Aug/2015:01:45:59 +0800] "GET /content/subject/resource_content.jsp?oid=16777802&queryString=%E5%98%89%E7%A5%A5%20%E5%A3%81%E7%95%AB%20%E5%B1%B1%E6%9D%B1%E5%98%89%E7%A5%A5%20%E7%84%A6%E5%9F%8E%E6%9D%91%E7%95%AB%E8%B1%A1%20%E9%A1%8C%E8%A8%98 HTTP/1.1" 200 30130
49.216.118.160 - - [03/Aug/2015:01:46:16 +0800] "GET /content/repository/resource_content.jsp?oid=1548057&queryType=qs&queryString=%E6%97%A5%E6%B2%BB%E6%99%82%E4%BB%A3 HTTP/1.1" 200 34454
49.216.118.160 - - [03/Aug/2015:01:46:18 +0800] "GET /content/nav/relationSubject.jsp?relationWords=%E4%BF%9D%E8%AD%89%E9%87%91+%E5%84%B2%E8%93%84+%E5%85%A7%E9%8A%B7+%E5%85%AB%E4%B8%83%E6%B0%B4%E7%81%BD+%E5%85%AC%E7%87%9F%E4%BA%8B%E6%A5%AD+%E5%85%AC%E8%B3%A3%E5%B1%80+%E5%95%86%E6%A5%AD%E9%8A%80%E8%A1%8C+%E5%9C%B0%E6%96%B9%E8%B2%A1%E6%94%BF+%E5%B1%A0%E5%AE%B0%E7%A8%85+%E5%BB%BA%E4%B8%AD+%E5%BC%B5%E5%AF%8C+%E6%89%80%E5%BE%97%E7%A8%85+%E6%97%A5%E6%B2%BB%E6%99%82%E4%BB%A3+%E6%9E%97%E7%94%A2%E7%AE%A1%E7%90%86%E5%B1%80+%E7%81%BD%E5%8D%80+%E7%89%A9%E8%B3%87%E5%B1%80+%E7%A8%85%E6%8D%90+%E7%A8%BD%E5%BE%81+%E7%B5%84%E7%B9%94%E8%A6%8F%E7%A8%8B+%E7%B5%B1%E4%B8%80%E7%99%BC%E7%A5%A8+%E7%B6%9C%E5%90%88%E6%89%80%E5%BE%97%E7%A8%85+%E8%87%BA%E7%81%A3%E9%8A%80%E8%A1%8C+%E8%B2%A1%E6%94%BF+%E9%87%91%E7%94%9F+%E9%A0%90%E7%AE%97+&oid=1548057 HTTP/1.1" 200 6391
66.249.71.60 - - [03/Aug/2015:01:46:21 +0800] "GET /content/nav/relationSubject.jsp?relationWords=%E5%9B%9B%E5%BA%9C+%E5%9F%BA%E9%87%91%E6%9C%83+%E5%BA%9C%E5%BB%BA%E6%B0%B4+%E6%B0%B4%E5%AD%97+%E8%B2%B8%E6%AC%BE+&oid=1618446 HTTP/1.1" 200 3578
207.46.13.64 - - [03/Aug/2015:01:46:22 +0800] "GET /content/nav/relationSubject.jsp?relationWords=%E9%98%BF%E5%8B%83%E5%8B%92+&oid=16777368 HTTP/1.1" 200 2917
66.249.71.60 - - [03/Aug/2015:01:46:22 +0800] "GET /content/nav/relationSubject.jsp?relationWords=%E5%9B%9B%E5%BA%9C%20%E5%9F%BA%E9%87%91%E6%9C%83%20%E5%BA%9C%E5%BB%BA%E6%B0%B4%20%E6%B0%B4%E5%AD%97%20%E8%B2%B8%E6%AC%BE%20&oid=1618446 HTTP/1.1" 200 3578
66.249.71.64 - - [03/Aug/2015:01:46:26 +0800] "GET /content/repository/resource_content.jsp?oid=2670674 HTTP/1.1" 200 29802
66.249.71.64 - - [03/Aug/2015:01:46:54 +0800] "GET /content/repository/resource_content.jsp?oid=2674468 HTTP/1.1" 200 29697
220.181.108.75 - - [03/Aug/2015:01:46:54 +0800] "GET /content/pictures/picture_content.jsp?oid=33554486&queryType=qc HTTP/1.1" 200 27405
66.249.71.14 - - [03/Aug/2015:01:47:21 +0800] "GET /digiarch3/content/repository/resource_content.jsp?oid=2549488&queryType=qs&queryString=%E7%B3%A7%E7%9F%B3 HTTP/1.1" 200 30409
66.249.71.72 - - [03/Aug/2015:01:47:42 +0800] "GET /content/nav/relationSubject.jsp?relationWords=%E7%87%9F%E6%B1%9B+%E7%B8%BD%E5%85%B5%E5%AE%98+&oid=2568672 HTTP/1.1" 200 3158
66.249.71.72 - - [03/Aug/2015:01:47:48 +0800] "GET /content/subject/resource_content.jsp?oid=16777699&queryString=%E5%B1%B1%E5%9C%B0%E7%94%A2%E6%A5%AD%20%E6%BD%98%E7%A6%8F%E9%9A%86%20%E7%9C%81%E6%94%BF%E5%BA%9C%20%E7%9C%81%E8%AD%B0%E6%9C%83%20%E8%87%A8%E6%99%82%E7%9C%81%E8%AD%B0%E6%9C%83%20%E8%87%BA%E7%81%A3%E7%9C%81%20%E8%BE%B2%E6%A5%AD%E6%8E%A8%E5%BB%A3 HTTP/1.1" 200 54204
66.249.71.60 - - [03/Aug/2015:01:48:07 +0800] "GET /content/nav/relationSubject.jsp?relationWords=%E9%BE%9C%E7%94%B2%E5%8D%9C%E8%BE%AD%E6%AE%98%E7%89%87+&oid=1844064 HTTP/1.1" 200 3071
66.249.71.64 - - [03/Aug/2015:01:48:09 +0800] "GET /content/nav/relationSubject.jsp?relationWords=%E9%BE%9C%E7%94%B2%E5%8D%9C%E8%BE%AD%E6%AE%98%E7%89%87%20&oid=1844064 HTTP/1.1" 200 3071
66.249.71.119 - - [03/Aug/2015:01:48:16 +0800] "GET /content/subject/resource_content.jsp?oid=16777767&queryString=%E6%96%87%E7%89%A9%E9%99%B3%E5%88%97%E9%A4%A8%20%E6%BC%A2%E4%BB%A3%20%E6%BC%A2%E7%B0%A1%20%E7%AF%86%E6%9B%B8%20%E8%8D%89%E6%9B%B8%20%E9%9A%B8%E6%9B%B8 HTTP/1.1" 200 30363
66.249.71.60 - - [03/Aug/2015:01:48:43 +0800] "GET /content/subject/resource_content.jsp?oid=16777699&queryString=%E7%8E%8B%E9%9B%B2%E9%BE%8D%20%E7%9C%81%E6%94%BF%E5%BA%9C%20%E7%9C%81%E8%AD%B0%E6%9C%83%20%E8%87%A8%E6%99%82%E7%9C%81%E8%AD%B0%E6%9C%83%20%E8%87%BA%E7%81%A3%E7%9C%81 HTTP/1.1" 200 54204
66.249.71.72 - - [03/Aug/2015:01:49:38 +0800] "GET /content/repository/resource_content.jsp?oid=1777762 HTTP/1.1" 200 28953
66.249.71.60 - - [03/Aug/2015:01:49:49 +0800] "GET /content/nav/relationSubject.jsp?relationWords=%E9%BE%9C%E7%94%B2%E5%8D%9C%E8%BE%AD%E6%AE%98%E7%89%87+&oid=1839744 HTTP/1.1" 200 3071
66.249.71.64 - - [03/Aug/2015:01:49:51 +0800] "GET /content/nav/relationSubject.jsp?relationWords=%E9%BE%9C%E7%94%B2%E5%8D%9C%E8%BE%AD%E6%AE%98%E7%89%87%20&oid=1839744 HTTP/1.1" 200 3071
66.249.71.64 - - [03/Aug/2015:01:49:59 +0800] "GET /content/nav/relationSubject.jsp?relationWords=%E9%AA%A8%E6%9F%B6+&oid=1882956 HTTP/1.1" 200 2975
66.249.71.60 - - [03/Aug/2015:01:50:01 +0800] "GET /content/nav/relationSubject.jsp?relationWords=%E9%AA%A8%E6%9F%B6%20&oid=1882956 HTTP/1.1" 200 2975
66.249.71.60 - - [03/Aug/2015:01:50:06 +0800] "GET /content/repository/resource_content.jsp?oid=2637205 HTTP/1.1" 200 29881
66.249.71.64 - - [03/Aug/2015:01:50:33 +0800] "GET /content/repository/resource_content.jsp?oid=2672045 HTTP/1.1" 200 30090
66.249.71.72 - - [03/Aug/2015:01:50:34 +0800] "GET /content/nav/relationSubject.jsp?relationWords=%E6%B2%BF%E6%B2%B3+%E7%A9%8D%E5%8C%AA+&oid=2637205 HTTP/1.1" 200 3107
66.249.71.64 - - [03/Aug/2015:01:50:36 +0800] "GET /content/nav/relationSubject.jsp?relationWords=%E6%B2%BF%E6%B2%B3%20%E7%A9%8D%E5%8C%AA%20&oid=2637205 HTTP/1.1" 200 3107
66.249.71.72 - - [03/Aug/2015:01:51:01 +0800] "GET /content/repository/resource_content.jsp?oid=1534047 HTTP/1.1" 200 28815
66.249.71.127 - - [03/Aug/2015:01:51:28 +0800] "GET /content/subject/resource_content.jsp?oid=16777491&queryString=%E6%B3%B0%E9%9B%85%20%E6%B3%B0%E9%9B%85%E6%97%8F%20%E7%94%9F%E8%82%B2%E7%92%B0%E5%A2%83 HTTP/1.1" 200 48531
66.249.71.60 - - [03/Aug/2015:01:51:54 +0800] "GET /content/nav/relationSubject.jsp?relationWords=%E6%8B%93%E7%89%87+%E7%94%B2%E9%AA%A8%E6%96%87+&oid=1824471 HTTP/1.1" 200 4578
66.249.71.23 - - [03/Aug/2015:01:51:56 +0800] "GET /digiarch3/content/repository/resource_content.jsp?oid=1521789&queryType=qs&queryString=%E5%8A%A9%E7%94%A2%E5%A3%AB HTTP/1.1" 200 29066
66.249.71.60 - - [03/Aug/2015:01:51:56 +0800] "GET /content/nav/relationSubject.jsp?relationWords=%E6%8B%93%E7%89%87%20%E7%94%B2%E9%AA%A8%E6%96%87%20&oid=1824471 HTTP/1.1" 200 4578
66.249.71.64 - - [03/Aug/2015:01:51:59 +0800] "GET /content/nav/relationSubject.jsp?relationWords=%E4%B8%AD%E7%AD%89%E5%AD%B8%E6%A0%A1+%E5%9B%9B%E5%BA%9C%E6%95%99+%E5%AD%B8%E6%A0%A1%E6%95%99%E5%B8%AB+&oid=1618045 HTTP/1.1" 200 4113
66.249.71.72 - - [03/Aug/2015:01:52:01 +0800] "GET /content/nav/relationSubject.jsp?relationWords=%E4%B8%AD%E7%AD%89%E5%AD%B8%E6%A0%A1%20%E5%9B%9B%E5%BA%9C%E6%95%99%20%E5%AD%B8%E6%A0%A1%E6%95%99%E5%B8%AB%20&oid=1618045 HTTP/1.1" 200 4113
66.249.71.72 - - [03/Aug/2015:01:52:23 +0800] "GET /content/repository/resource_content.jsp?oid=1123654 HTTP/1.1" 200 29353
66.249.71.60 - - [03/Aug/2015:01:52:23 +0800] "GET /content/nav/relationSubject.jsp?relationWords=%E7%B9%A9%E7%B4%8B%E7%99%BD%E9%99%B6+&oid=1870712 HTTP/1.1" 200 3017
66.249.71.64 - - [03/Aug/2015:01:52:25 +0800] "GET /content/nav/relationSubject.jsp?relationWords=%E7%B9%A9%E7%B4%8B%E7%99%BD%E9%99%B6%20&oid=1870712 HTTP/1.1" 200 3017
66.249.71.64 - - [03/Aug/2015:01:52:51 +0800] "GET /content/repository/resource_content.jsp?oid=279426 HTTP/1.1" 200 29707
66.249.71.72 - - [03/Aug/2015:01:53:08 +0800] "GET /content/nav/relationSubject.jsp?relationWords=%E6%9B%B2%E8%8A%92%E9%AB%AE%E8%8D%89+%E9%AB%AE%E8%8D%89%E5%B1%AC+&oid=1109112 HTTP/1.1" 200 3239
66.249.71.60 - - [03/Aug/2015:01:53:10 +0800] "GET /content/nav/relationSubject.jsp?relationWords=%E6%9B%B2%E8%8A%92%E9%AB%AE%E8%8D%89%20%E9%AB%AE%E8%8D%89%E5%B1%AC%20&oid=1109112 HTTP/1.1" 200 3239
66.249.71.60 - - [03/Aug/2015:01:53:12 +0800] "GET /content/nav/relationSubject.jsp?relationWords=%E5%B7%96%E8%9E%BA+%E8%85%B9%E8%B6%B3%E7%B6%B1+%E9%AA%A8%E8%9E%BA%E7%A7%91+&oid=1637078 HTTP/1.1" 200 3354
66.249.71.127 - - [03/Aug/2015:01:53:14 +0800] "GET /content/nav/relationSubject.jsp?relationWords=%E5%8F%B0%E7%81%A3%E9%8A%80%E8%A1%8C+%E5%9C%B0%E6%96%B9%E6%B3%95%E9%99%A2+%E5%AE%A2%E5%AE%B6+%E6%9C%80%E9%AB%98%E6%B3%95%E9%99%A2+%E6%B3%95%E9%99%A2+%E7%9C%81%E6%94%BF%E5%BA%9C+%E9%AB%98%E7%AD%89%E6%B3%95%E9%99%A2+&oid=1518814 HTTP/1.1" 200 4787
66.249.71.64 - - [03/Aug/2015:01:53:14 +0800] "GET /content/nav/relationSubject.jsp?relationWords=%E5%B7%96%E8%9E%BA%20%E8%85%B9%E8%B6%B3%E7%B6%B1%20%E9%AA%A8%E8%9E%BA%E7%A7%91%20&oid=1637078 HTTP/1.1" 200 3354
66.249.71.127 - - [03/Aug/2015:01:53:15 +0800] "GET /content/nav/relationSubject.jsp?relationWords=%E5%8F%B0%E7%81%A3%E9%8A%80%E8%A1%8C%20%E5%9C%B0%E6%96%B9%E6%B3%95%E9%99%A2%20%E5%AE%A2%E5%AE%B6%20%E6%9C%80%E9%AB%98%E6%B3%95%E9%99%A2%20%E6%B3%95%E9%99%A2%20%E7%9C%81%E6%94%BF%E5%BA%9C%20%E9%AB%98%E7%AD%89%E6%B3%95%E9%99%A2%20&oid=1518814 HTTP/1.1" 200 4787
66.249.71.64 - - [03/Aug/2015:01:53:18 +0800] "GET /content/repository/resource_content.jsp?oid=1777524 HTTP/1.1" 200 28718
66.249.71.113 - - [03/Aug/2015:01:53:47 +0800] "GET /content/repository/resource_content.jsp?oid=1546843&queryType=qs&queryString=%E6%B0%B4%E5%88%A9%E5%B1%80 HTTP/1.1" 200 29367
66.249.71.60 - - [03/Aug/2015:01:54:13 +0800] "GET /content/repository/resource_content.jsp?oid=769332 HTTP/1.1" 200 28081
66.249.71.64 - - [03/Aug/2015:01:54:27 +0800] "GET /content/nav/relationSubject.jsp?relationWords=%E4%BF%AE%E9%95%B7%E6%8D%B2%E7%AE%A1%E8%9E%BA+%E6%8D%B2%E7%AE%A1%E8%9E%BA+%E8%85%B9%E8%B6%B3%E7%B6%B1+%E8%A3%82%E5%94%87%E8%9E%BA+&oid=1123654 HTTP/1.1" 200 3417
66.249.71.60 - - [03/Aug/2015:01:54:29 +0800] "GET /content/nav/relationSubject.jsp?relationWords=%E4%BF%AE%E9%95%B7%E6%8D%B2%E7%AE%A1%E8%9E%BA%20%E6%8D%B2%E7%AE%A1%E8%9E%BA%20%E8%85%B9%E8%B6%B3%E7%B6%B1%20%E8%A3%82%E5%94%87%E8%9E%BA%20&oid=1123654 HTTP/1.1" 200 3417
66.249.71.72 - - [03/Aug/2015:01:54:41 +0800] "GET /content/repository/resource_content.jsp?oid=2567457 HTTP/1.1" 200 28944
66.249.71.64 - - [03/Aug/2015:01:55:08 +0800] "GET /content/repository/resource_content.jsp?oid=2664444 HTTP/1.1" 200 29835
66.249.71.60 - - [03/Aug/2015:01:55:24 +0800] "GET /content/nav/relationSubject.jsp?relationWords=&oid=2613257 HTTP/1.1" 200 1405
66.249.71.64 - - [03/Aug/2015:01:55:29 +0800] "GET /content/nav/relationSubject.jsp?relationWords=%E4%BA%A4%E9%80%9A%E5%AE%89%E5%85%A8+%E5%AE%89%E5%85%A8%E6%A1%88+%E6%9E%97%E5%85%A8%E7%A5%BF+%E7%9C%81%E6%94%BF%E5%BA%9C+%E8%87%BA%E7%81%A3%E7%9C%81%E8%AD%B0%E6%9C%83+&oid=1534047 HTTP/1.1" 200 4702
66.249.71.72 - - [03/Aug/2015:01:55:32 +0800] "GET /content/nav/relationSubject.jsp?relationWords=%E4%BA%A4%E9%80%9A%E5%AE%89%E5%85%A8%20%E5%AE%89%E5%85%A8%E6%A1%88%20%E6%9E%97%E5%85%A8%E7%A5%BF%20%E7%9C%81%E6%94%BF%E5%BA%9C%20%E8%87%BA%E7%81%A3%E7%9C%81%E8%AD%B0%E6%9C%83%20&oid=1534047 HTTP/1.1" 200 4702
66.249.71.72 - - [03/Aug/2015:01:55:36 +0800] "GET /content/repository/resource_content.jsp?oid=2580381 HTTP/1.1" 200 28714
66.249.71.64 - - [03/Aug/2015:01:56:03 +0800] "GET /content/repository/resource_content.jsp?oid=2575290 HTTP/1.1" 200 28966
66.249.71.64 - - [03/Aug/2015:01:56:04 +0800] "GET /content/nav/relationSubject.jsp?relationWords=&oid=769332 HTTP/1.1" 200 1405
66.249.71.72 - - [03/Aug/2015:01:56:12 +0800] "GET /content/nav/relationSubject.jsp?relationWords=&oid=2580381 HTTP/1.1" 200 1405
66.249.71.60 - - [03/Aug/2015:01:56:29 +0800] "GET /content/nav/relationSubject.jsp?relationWords=%E4%B9%9D%E5%B9%B4%E5%9C%8B%E6%95%99+%E5%9C%8B%E6%B0%91%E4%B8%AD%E5%AD%B8+%E6%83%A1%E6%80%A7%E8%A3%9C%E7%BF%92+%E7%A6%8F%E5%88%A9%E7%A4%BE+%E9%9B%9C%E8%AA%8C+%E9%AB%98%E7%B4%9A%E4%B8%AD%E5%AD%B8+&oid=1626633 HTTP/1.1" 200 3716
66.249.71.64 - - [03/Aug/2015:01:56:31 +0800] "GET /content/repository/resource_content.jsp?oid=2605084 HTTP/1.1" 200 29259
66.249.71.64 - - [03/Aug/2015:01:56:31 +0800] "GET /content/nav/relationSubject.jsp?relationWords=%E4%B9%9D%E5%B9%B4%E5%9C%8B%E6%95%99%20%E5%9C%8B%E6%B0%91%E4%B8%AD%E5%AD%B8%20%E6%83%A1%E6%80%A7%E8%A3%9C%E7%BF%92%20%E7%A6%8F%E5%88%A9%E7%A4%BE%20%E9%9B%9C%E8%AA%8C%20%E9%AB%98%E7%B4%9A%E4%B8%AD%E5%AD%B8%20&oid=1626633 HTTP/1.1" 200 3716
66.249.71.72 - - [03/Aug/2015:01:56:32 +0800] "GET /content/nav/relationSubject.jsp?relationWords=%E5%B7%A5%E9%83%A8+%E7%A0%B2%E5%B1%80+&oid=2567457 HTTP/1.1" 200 3103
66.249.71.72 - - [03/Aug/2015:01:56:34 +0800] "GET /content/nav/relationSubject.jsp?relationWords=%E5%B7%A5%E9%83%A8%20%E7%A0%B2%E5%B1%80%20&oid=2567457 HTTP/1.1" 200 3103
66.249.71.64 - - [03/Aug/2015:01:56:35 +0800] "GET /content/nav/relationSubject.jsp?relationWords=&oid=1566428 HTTP/1.1" 200 1405
66.249.71.72 - - [03/Aug/2015:01:56:58 +0800] "GET /content/repository/resource_content.jsp?oid=2623605 HTTP/1.1" 200 29212
66.249.71.60 - - [03/Aug/2015:01:57:25 +0800] "GET /content/repository/resource_content.jsp?oid=1622516 HTTP/1.1" 200 28823
66.249.71.60 - - [03/Aug/2015:01:57:54 +0800] "GET /content/repository/resource_content.jsp?oid=2578643 HTTP/1.1" 200 28921
66.249.71.127 - - [03/Aug/2015:01:58:20 +0800] "GET /content/repository/resource_content.jsp?oid=1576100&queryString=%E6%9F%93%E8%89%B2%E9%AB%94%20%E9%81%BA%E5%82%B3 HTTP/1.1" 200 31245
218.164.55.74 - - [03/Aug/2015:01:58:25 +0800] "GET /content/subject/resource_content.jsp?oid=16797340&queryType=qc HTTP/1.1" 200 63036
218.164.55.74 - - [03/Aug/2015:01:58:26 +0800] "GET /content/nav/relationSubject.jsp?relationWords=%E5%8A%89%E5%85%B6%E5%81%89+&oid=16797340 HTTP/1.1" 200 1415
66.249.71.64 - - [03/Aug/2015:01:58:42 +0800] "GET /content/nav/relationSubject.jsp?relationWords=%E6%8B%93%E7%89%87+%E7%94%B2%E9%AA%A8%E6%96%87+&oid=1832178 HTTP/1.1" 200 4578
66.249.71.64 - - [03/Aug/2015:01:58:44 +0800] "GET /content/nav/relationSubject.jsp?relationWords=%E6%8B%93%E7%89%87%20%E7%94%B2%E9%AA%A8%E6%96%87%20&oid=1832178 HTTP/1.1" 200 4578
66.249.71.64 - - [03/Aug/2015:01:58:48 +0800] "GET /content/repository/resource_content.jsp?oid=2568590 HTTP/1.1" 200 28947
66.249.71.72 - - [03/Aug/2015:01:59:07 +0800] "GET /content/nav/relationSubject.jsp?relationWords=%E5%88%91%E9%83%A8+%E5%A2%A8%E5%8D%B7+&oid=2672045 HTTP/1.1" 200 4024
66.249.71.60 - - [03/Aug/2015:01:59:08 +0800] "GET /content/nav/relationSubject.jsp?relationWords=%E5%88%91%E9%83%A8%20%E5%A2%A8%E5%8D%B7%20&oid=2672045 HTTP/1.1" 200 4024
66.249.71.64 - - [03/Aug/2015:01:59:15 +0800] "GET /content/repository/resource_content.jsp?oid=228535 HTTP/1.1" 200 30207
66.249.71.64 - - [03/Aug/2015:01:59:23 +0800] "GET /content/repository/resource_content.jsp?oid=3358153&queryString=%E5%8C%97%E6%9C%9D HTTP/1.1" 200 28739
66.249.71.72 - - [03/Aug/2015:01:59:41 +0800] "GET /content/nav/relationSubject.jsp?relationWords=%E6%BB%BF%E5%B7%9E%E9%99%B8%E6%B8%AC%E5%9C%96+%E8%8D%8A%E7%B4%AB%E9%97%9C+&oid=228535 HTTP/1.1" 200 3132
66.249.71.72 - - [03/Aug/2015:01:59:43 +0800] "GET /content/repository/resource_content.jsp?oid=683215 HTTP/1.1" 200 27966
66.249.71.60 - - [03/Aug/2015:01:59:43 +0800] "GET /content/nav/relationSubject.jsp?relationWords=%E6%BB%BF%E5%B7%9E%E9%99%B8%E6%B8%AC%E5%9C%96%20%E8%8D%8A%E7%B4%AB%E9%97%9C%20&oid=228535 HTTP/1.1" 200 3132
66.249.71.64 - - [03/Aug/2015:02:00:10 +0800] "GET /content/repository/resource_content.jsp?oid=192413 HTTP/1.1" 200 29705
66.249.71.72 - - [03/Aug/2015:02:00:38 +0800] "GET /content/repository/resource_content.jsp?oid=3129798 HTTP/1.1" 200 29167
66.249.71.72 - - [03/Aug/2015:02:00:51 +0800] "GET /content/nav/relationSubject.jsp?relationWords=%E7%A6%AE%E9%83%A8+%E7%B3%A7%E4%BA%8B+%E9%8C%A2%E7%B3%A7+&oid=2515846 HTTP/1.1" 200 5336
66.249.71.72 - - [03/Aug/2015:02:00:53 +0800] "GET /content/nav/relationSubject.jsp?relationWords=%E7%A6%AE%E9%83%A8%20%E7%B3%A7%E4%BA%8B%20%E9%8C%A2%E7%B3%A7%20&oid=2515846 HTTP/1.1" 200 5336
66.249.71.72 - - [03/Aug/2015:02:01:05 +0800] "GET /content/repository/resource_content.jsp?oid=2603421 HTTP/1.1" 200 29187
66.249.71.72 - - [03/Aug/2015:02:01:33 +0800] "GET /content/repository/resource_content.jsp?oid=1870074 HTTP/1.1" 200 29412
66.249.71.64 - - [03/Aug/2015:02:02:00 +0800] "GET /content/repository/resource_content.jsp?oid=182384 HTTP/1.1" 200 30209
180.76.15.141 - - [03/Aug/2015:02:02:19 +0800] "GET /content/tmp_exh/resource_content.jsp?oid=16777846&queryType=qc HTTP/1.1" 200 44778
66.249.71.72 - - [03/Aug/2015:02:02:28 +0800] "GET /content/repository/resource_content.jsp?oid=1855822 HTTP/1.1" 200 29543
66.249.71.72 - - [03/Aug/2015:02:02:47 +0800] "GET /content/nav/relationSubject.jsp?relationWords=%E5%BB%93%E7%88%BE%E5%96%80+%E8%B2%A2%E4%BD%BF+&oid=827227 HTTP/1.1" 200 3143
66.249.71.72 - - [03/Aug/2015:02:02:49 +0800] "GET /content/nav/relationSubject.jsp?relationWords=%E5%BB%93%E7%88%BE%E5%96%80%20%E8%B2%A2%E4%BD%BF%20&oid=827227 HTTP/1.1" 200 3143
66.249.71.72 - - [03/Aug/2015:02:02:55 +0800] "GET /content/repository/resource_content.jsp?oid=1856655 HTTP/1.1" 200 29488
66.249.71.60 - - [03/Aug/2015:02:02:56 +0800] "GET /content/nav/relationSubject.jsp?relationWords=%E9%BE%9C%E7%94%B2%E5%8D%9C%E8%BE%AD%E6%AE%98%E7%89%87+&oid=1839564 HTTP/1.1" 200 3071
66.249.65.193 - - [03/Aug/2015:02:02:58 +0800] "GET /content/nav/relationSubject.jsp?relationWords=%E9%BE%9C%E7%94%B2%E5%8D%9C%E8%BE%AD%E6%AE%98%E7%89%87%20&oid=1839564 HTTP/1.1" 200 3071
66.249.71.72 - - [03/Aug/2015:02:03:14 +0800] "GET /content/nav/relationSubject.jsp?relationWords=%E5%8C%97%E6%9C%9D%20%E9%BE%8D%E9%96%80%E5%B1%B1%20&oid=3358153 HTTP/1.1" 200 3128
66.249.71.64 - - [03/Aug/2015:02:03:23 +0800] "GET /content/repository/resource_content.jsp?oid=1881604 HTTP/1.1" 200 28817
66.249.71.72 - - [03/Aug/2015:02:03:29 +0800] "GET /content/nav/relationSubject.jsp?relationWords=%E6%A9%84%E6%AC%96%E8%9E%BA+%E8%85%B9%E8%B6%B3%E7%B6%B1+%E9%AA%A8%E8%9E%BA%E7%A7%91+&oid=1123127 HTTP/1.1" 200 2553
66.249.71.60 - - [03/Aug/2015:02:03:31 +0800] "GET /content/nav/relationSubject.jsp?relationWords=%E6%A9%84%E6%AC%96%E8%9E%BA%20%E8%85%B9%E8%B6%B3%E7%B6%B1%20%E9%AA%A8%E8%9E%BA%E7%A7%91%20&oid=1123127 HTTP/1.1" 200 2553
66.249.71.60 - - [03/Aug/2015:02:03:50 +0800] "GET /content/repository/resource_content.jsp?oid=185564 HTTP/1.1" 200 30175
66.249.71.60 - - [03/Aug/2015:02:04:18 +0800] "GET /content/repository/resource_content.jsp?oid=1816970 HTTP/1.1" 200 28848
66.249.71.64 - - [03/Aug/2015:02:04:45 +0800] "GET /content/repository/resource_content.jsp?oid=1837935 HTTP/1.1" 200 28727
66.249.71.64 - - [03/Aug/2015:02:05:13 +0800] "GET /content/repository/resource_content.jsp?oid=798083 HTTP/1.1" 200 27871
66.249.71.60 - - [03/Aug/2015:02:05:33 +0800] "GET /content/nav/relationSubject.jsp?relationWords=&oid=2576508 HTTP/1.1" 200 1405
66.249.71.72 - - [03/Aug/2015:02:05:40 +0800] "GET /content/repository/resource_content.jsp?oid=1826074 HTTP/1.1" 200 29646
66.249.71.64 - - [03/Aug/2015:02:06:08 +0800] "GET /content/repository/resource_content.jsp?oid=1878047 HTTP/1.1" 200 28434
68.180.228.24 - - [03/Aug/2015:02:06:26 +0800] "GET /content/subject/resource_content.jsp?oid=16777296&queryType=qc HTTP/1.1" 200 32067
66.249.71.127 - - [03/Aug/2015:02:06:35 +0800] "GET /content/repository/resource_content.jsp?oid=4466496&queryType=qs&queryString=%E6%B5%B7%E9%81%8B%E6%A5%AD HTTP/1.1" 200 28945
66.249.71.127 - - [03/Aug/2015:02:07:03 +0800] "GET /content/repository/resource_content.jsp?oid=2599504&queryType=qs&queryString=%E8%A5%BF%E6%B6%BC HTTP/1.1" 200 29097
66.249.71.60 - - [03/Aug/2015:02:07:30 +0800] "GET /content/repository/resource_content.jsp?oid=1847642 HTTP/1.1" 200 29895
66.249.71.72 - - [03/Aug/2015:02:07:42 +0800] "GET /content/nav/relationSubject.jsp?relationWords=&oid=1847642 HTTP/1.1" 200 1405
66.249.71.64 - - [03/Aug/2015:02:07:58 +0800] "GET /content/repository/resource_content.jsp?oid=2678908 HTTP/1.1" 200 29737
66.249.71.64 - - [03/Aug/2015:02:08:25 +0800] "GET /content/repository/resource_content.jsp?oid=284038 HTTP/1.1" 200 28075
157.55.39.206 - - [03/Aug/2015:02:08:26 +0800] "GET /content/subject/resource_content.jsp?oid=16777443&querytype=qc HTTP/1.1" 200 40058
