66.249.71.5 - - [09/Aug/2015:03:57:07 +0800] "GET /digiarch3/content/nav/relationSubject.jsp?relationWords=%E5%98%89%E7%BE%A9%E7%B8%A3%E8%AD%B0%E6%9C%83%20%E5%9F%BA%E9%9A%86%E5%B8%82%E8%AD%B0%E6%9C%83%20%E5%A2%9E%E7%94%A2%E6%A1%88%20%E5%B0%A4%E6%98%8E%E5%93%B2%20%E5%B8%82%E8%AD%B0%E6%9C%83%20%E6%9E%97%E5%A3%81%E8%BC%9D%20%E6%9E%97%E7%94%9F%E8%B2%A1%20%E6%B0%B4%E5%88%A9%E5%B7%A5%E7%A8%8B%20%E7%9C%81%E6%94%BF%E5%BA%9C%20%E7%9C%81%E8%AD%B0%E6%9C%83%20%E7%B8%A3%E8%AD%B0%E6%9C%83%20%E8%87%A8%E6%99%82%E7%9C%81%E8%AD%B0%E6%9C%83%20%E8%87%BA%E4%B8%AD%E7%B8%A3%20%E8%87%BA%E4%B8%AD%E7%B8%A3%E8%AD%B0%E6%9C%83%20%E8%87%BA%E5%8D%97%E7%B8%A3%20%E8%87%BA%E5%8D%97%E7%B8%A3%E8%AD%B0%E6%9C%83%20%E8%87%BA%E7%81%A3%E7%9C%81%20%E8%8B%97%E6%A0%97%E7%B8%A3%E8%AD%B0%E6%9C%83%20%E9%82%B1%E6%99%BA%E7%94%9F%20%E9%B3%B3%E6%9E%97%E9%8E%AE%20&oid=1527508 HTTP/1.1" 200 6581
66.249.71.50 - - [09/Aug/2015:03:57:09 +0800] "GET /content/repository/resource_content.jsp?oid=1776606&queryType=qs&queryString=%E5%A4%A7%E5%AE%89%E6%A3%AE%E6%9E%97%E5%85%AC%E5%9C%92 HTTP/1.1" 200 27223
66.249.71.41 - - [09/Aug/2015:03:57:27 +0800] "GET /content/nav/relationSubject.jsp?relationWords=%E5%8B%9E%E8%B3%87+%E5%94%90%E6%A6%AE+%E5%B7%A5%E6%A5%AD%E5%8C%96+%E5%B9%A3%E5%88%B6%E6%94%B9%E9%9D%A9+%E6%A9%AB%E8%B2%AB%E5%85%AC%E8%B7%AF+%E7%94%98%E8%94%97%E5%9C%92+%E7%A4%A6%E7%94%A2+%E7%A7%9F%E7%95%8C+%E8%87%BA%E5%8C%97%E5%B8%82+%E8%8F%AF%E5%83%91+%E8%B3%AA%E8%A9%A2+%E9%83%AD%E5%9C%8B%E5%9F%BA+%E9%98%B2%E6%B4%AA+&oid=1548213 HTTP/1.1" 200 5909
66.249.71.41 - - [09/Aug/2015:03:57:30 +0800] "GET /content/nav/relationSubject.jsp?relationWords=%E5%8B%9E%E8%B3%87%20%E5%94%90%E6%A6%AE%20%E5%B7%A5%E6%A5%AD%E5%8C%96%20%E5%B9%A3%E5%88%B6%E6%94%B9%E9%9D%A9%20%E6%A9%AB%E8%B2%AB%E5%85%AC%E8%B7%AF%20%E7%94%98%E8%94%97%E5%9C%92%20%E7%A4%A6%E7%94%A2%20%E7%A7%9F%E7%95%8C%20%E8%87%BA%E5%8C%97%E5%B8%82%20%E8%8F%AF%E5%83%91%20%E8%B3%AA%E8%A9%A2%20%E9%83%AD%E5%9C%8B%E5%9F%BA%20%E9%98%B2%E6%B4%AA%20&oid=1548213 HTTP/1.1" 200 5909
66.249.71.5 - - [09/Aug/2015:03:57:52 +0800] "GET /digiarch3/content/nav/relationSubject.jsp?relationWords=%E6%96%91%E9%A6%AC+%E7%9F%AD%E9%B0%AD+%E7%B4%85%E8%99%8E+&oid=14825 HTTP/1.1" 200 3411
66.249.71.14 - - [09/Aug/2015:03:57:56 +0800] "GET /digiarch3/content/nav/relationSubject.jsp?relationWords=%E6%96%91%E9%A6%AC%20%E7%9F%AD%E9%B0%AD%20%E7%B4%85%E8%99%8E%20&oid=14825 HTTP/1.1" 200 3411
66.249.71.14 - - [09/Aug/2015:03:57:58 +0800] "GET /digiarch3/content/nav/relationSubject.jsp?relationWords=%E6%B5%B7%E9%B0%BB%20%E6%B5%B7%E9%B0%BB%E7%A7%91%20%E8%99%8E%E9%B0%BB%20%E9%B0%BB%E7%A7%91%20&oid=4351731 HTTP/1.1" 200 3461
66.249.71.59 - - [09/Aug/2015:03:58:19 +0800] "GET /content/repository/resource_content.jsp?oid=4490382&queryType=qs&queryString=%E7%9C%8B%E8%AD%B7%E5%A9%A6 HTTP/1.1" 200 28982
66.249.71.41 - - [09/Aug/2015:03:58:20 +0800] "GET /content/nav/relationSubject.jsp?relationWords=%E4%B8%AD%E5%9C%8B%E5%A4%A7%E9%99%B8%E5%9C%B0%E5%9C%96+%E5%93%88%E7%88%BE%E6%BF%B1+&oid=202741 HTTP/1.1" 200 3291
66.249.71.50 - - [09/Aug/2015:03:58:24 +0800] "GET /content/nav/relationSubject.jsp?relationWords=%E4%B8%AD%E5%9C%8B%E5%A4%A7%E9%99%B8%E5%9C%B0%E5%9C%96%20%E5%93%88%E7%88%BE%E6%BF%B1%20&oid=202741 HTTP/1.1" 200 3291
66.249.71.60 - - [09/Aug/2015:03:58:26 +0800] "GET /content/repository/resource_content.jsp?oid=1818056 HTTP/1.1" 200 28387
66.249.71.41 - - [09/Aug/2015:03:58:40 +0800] "GET /content/repository/resource_content.jsp?oid=606753&queryType=qs&queryString=%E5%8C%97%E4%BA%AC%E5%A4%A7%E5%AD%B8 HTTP/1.1" 200 29528
66.249.71.5 - - [09/Aug/2015:03:58:47 +0800] "GET /digiarch3/content/repository/resource_content.jsp?oid=1875360&queryString=%E5%A4%94%E9%BE%8D%E7%B4%8B%20%E8%BB%8A%E9%A6%AC%E5%99%A8%20%E8%BB%9B%E8%85%B3%E9%A3%BE HTTP/1.1" 200 30080
66.249.71.64 - - [09/Aug/2015:03:58:47 +0800] "GET /content/nav/relationSubject.jsp?relationWords=%E6%A9%A2%E9%87%8F+&oid=1818056 HTTP/1.1" 200 3153
66.249.71.72 - - [09/Aug/2015:03:58:51 +0800] "GET /content/nav/relationSubject.jsp?relationWords=%E6%A9%A2%E9%87%8F%20&oid=1818056 HTTP/1.1" 200 3153
66.249.71.5 - - [09/Aug/2015:03:58:54 +0800] "GET /digiarch3/content/repository/resource_content.jsp?oid=4354147&queryString=%E5%B8%83%E5%B8%8C%20%E7%83%8F%E9%AF%8A%20%E7%87%88%E7%B1%A0%E6%A3%98%E9%AE%AB%20%E9%BB%91%E6%B2%99 HTTP/1.1" 200 36937
66.249.71.127 - - [09/Aug/2015:03:59:08 +0800] "GET /content/subject/resource_content.jsp?oid=16777783&queryString=%E7%81%8C%E5%9C%92%E5%85%88%E7%94%9F%20%E9%87%91%E6%B3%B0 HTTP/1.1" 200 58273
66.249.71.72 - - [09/Aug/2015:03:59:15 +0800] "GET /content/repository/resource_content.jsp?oid=1899703 HTTP/1.1" 200 29580
66.249.71.64 - - [09/Aug/2015:03:59:22 +0800] "GET /content/repository/resource_content.jsp?oid=823111 HTTP/1.1" 200 28024
66.249.71.50 - - [09/Aug/2015:03:59:23 +0800] "GET /content/nav/relationSubject.jsp?relationWords=%E4%BA%BA%E4%BA%8B%E5%88%B6%E5%BA%A6+%E4%BA%BA%E5%8F%A3%E5%A3%93%E5%8A%9B+%E5%85%AC%E8%B3%A3%E5%B1%80+%E5%9C%9F%E5%9C%B0%E6%94%BF%E7%AD%96+%E5%AE%98%E5%A0%B4+%E5%AE%B5%E7%A6%81+%E5%B8%82%E5%BA%9C+%E5%BC%8A%E6%A1%88+%E6%93%B4%E5%BB%BA+%E6%9E%97%E7%A7%8B%E8%8B%B1+%E6%AC%8A%E5%88%A9%E9%87%91+%E6%B0%91%E6%84%8F+%E6%B5%B7%E5%9F%94%E6%96%B0%E7%94%9F%E5%9C%B0+%E7%A4%BE%E6%9C%83%E9%A2%A8%E6%B0%A3+%E9%81%95%E5%BB%BA+%E9%83%BD%E5%B8%82%E8%A8%88%E5%8A%83+%E9%A2%A8%E6%99%AF%E5%8D%80+&oid=1552815 HTTP/1.1" 200 6549
66.249.71.41 - - [09/Aug/2015:03:59:27 +0800] "GET /content/nav/relationSubject.jsp?relationWords=%E4%BA%BA%E4%BA%8B%E5%88%B6%E5%BA%A6%20%E4%BA%BA%E5%8F%A3%E5%A3%93%E5%8A%9B%20%E5%85%AC%E8%B3%A3%E5%B1%80%20%E5%9C%9F%E5%9C%B0%E6%94%BF%E7%AD%96%20%E5%AE%98%E5%A0%B4%20%E5%AE%B5%E7%A6%81%20%E5%B8%82%E5%BA%9C%20%E5%BC%8A%E6%A1%88%20%E6%93%B4%E5%BB%BA%20%E6%9E%97%E7%A7%8B%E8%8B%B1%20%E6%AC%8A%E5%88%A9%E9%87%91%20%E6%B0%91%E6%84%8F%20%E6%B5%B7%E5%9F%94%E6%96%B0%E7%94%9F%E5%9C%B0%20%E7%A4%BE%E6%9C%83%E9%A2%A8%E6%B0%A3%20%E9%81%95%E5%BB%BA%20%E9%83%BD%E5%B8%82%E8%A8%88%E5%8A%83%20%E9%A2%A8%E6%99%AF%E5%8D%80%20&oid=1552815 HTTP/1.1" 200 6549
66.249.71.64 - - [09/Aug/2015:03:59:29 +0800] "GET /content/repository/resource_content.jsp?oid=2675164 HTTP/1.1" 200 29695
66.249.71.60 - - [09/Aug/2015:03:59:30 +0800] "GET /content/nav/relationSubject.jsp?relationWords=%E4%BA%8B%E6%8A%84+%E7%B2%B5%E7%9D%A3+%E9%9B%BB%E7%A8%BF+&oid=823111 HTTP/1.1" 200 3213
66.249.71.72 - - [09/Aug/2015:03:59:32 +0800] "GET /content/nav/relationSubject.jsp?relationWords=%E6%90%8D%E5%A4%B1%E6%A1%88+%E6%9E%97%E5%9C%92%E9%84%89+%E6%A8%99%E5%94%AE+%E6%B1%95%E5%B0%BE+%E6%BC%81%E5%A1%AD+%E7%9C%81%E6%94%BF%E5%BA%9C+%E9%AB%98%E9%9B%84%E7%B8%A3%E6%94%BF%E5%BA%9C+%E9%BB%83%E6%B8%85+%E9%BB%83%E8%90%AC+&oid=1899703 HTTP/1.1" 200 4494
66.249.71.60 - - [09/Aug/2015:03:59:33 +0800] "GET /content/nav/relationSubject.jsp?relationWords=%E4%BA%8B%E6%8A%84%20%E7%B2%B5%E7%9D%A3%20%E9%9B%BB%E7%A8%BF%20&oid=823111 HTTP/1.1" 200 3213
66.249.71.72 - - [09/Aug/2015:03:59:34 +0800] "GET /content/nav/relationSubject.jsp?relationWords=%E6%90%8D%E5%A4%B1%E6%A1%88%20%E6%9E%97%E5%9C%92%E9%84%89%20%E6%A8%99%E5%94%AE%20%E6%B1%95%E5%B0%BE%20%E6%BC%81%E5%A1%AD%20%E7%9C%81%E6%94%BF%E5%BA%9C%20%E9%AB%98%E9%9B%84%E7%B8%A3%E6%94%BF%E5%BA%9C%20%E9%BB%83%E6%B8%85%20%E9%BB%83%E8%90%AC%20&oid=1899703 HTTP/1.1" 200 4494
66.249.71.64 - - [09/Aug/2015:03:59:36 +0800] "GET /content/repository/resource_content.jsp?oid=207003 HTTP/1.1" 200 30429
66.249.71.5 - - [09/Aug/2015:03:59:36 +0800] "GET /digiarch3/content/nav/relationSubject.jsp?relationWords=%E6%B5%B7%E9%BE%8D+%E7%A6%AE%E9%83%A8+%E9%BE%8D%E7%A5%9E+&oid=2640523 HTTP/1.1" 200 3337
66.249.71.5 - - [09/Aug/2015:03:59:40 +0800] "GET /digiarch3/content/nav/relationSubject.jsp?relationWords=%E6%B5%B7%E9%BE%8D%20%E7%A6%AE%E9%83%A8%20%E9%BE%8D%E7%A5%9E%20&oid=2640523 HTTP/1.1" 200 3337
66.249.71.59 - - [09/Aug/2015:03:59:41 +0800] "GET /content/nav/relationSubject.jsp?relationWords=%E4%BF%84%E5%9C%8B+%E5%8C%97%E4%BA%AC%E5%A4%A7%E5%AD%B8+%E5%A8%81%E6%B5%B7+%E5%B7%A5%E7%A8%8B%E5%B8%AB+%E7%84%A1%E7%B7%9A%E9%9B%BB+%E7%A7%9F%E8%B3%83+%E9%81%8E%E6%BF%80%E4%B8%BB%E7%BE%A9+%E9%86%AB%E5%A3%AB+%E9%9B%9E%E5%85%AC%E5%B1%B1+%E9%A0%98%E4%BA%8B%E8%A3%81%E5%88%A4%E6%AC%8A+%E9%B9%BD%E5%8B%99+&oid=606753 HTTP/1.1" 200 4418
66.249.71.64 - - [09/Aug/2015:03:59:42 +0800] "GET /content/nav/relationSubject.jsp?relationWords=%E6%BC%A2%E6%9C%AC%E5%A0%82+%E7%9F%A5%E7%85%A7+&oid=2675164 HTTP/1.1" 200 3140
66.249.71.127 - - [09/Aug/2015:03:59:44 +0800] "GET /content/subject/resource_content.jsp?oid=16777729&queryType=qc HTTP/1.1" 200 51735
66.249.71.41 - - [09/Aug/2015:03:59:44 +0800] "GET /content/nav/relationSubject.jsp?relationWords=%E4%BF%84%E5%9C%8B%20%E5%8C%97%E4%BA%AC%E5%A4%A7%E5%AD%B8%20%E5%A8%81%E6%B5%B7%20%E5%B7%A5%E7%A8%8B%E5%B8%AB%20%E7%84%A1%E7%B7%9A%E9%9B%BB%20%E7%A7%9F%E8%B3%83%20%E9%81%8E%E6%BF%80%E4%B8%BB%E7%BE%A9%20%E9%86%AB%E5%A3%AB%20%E9%9B%9E%E5%85%AC%E5%B1%B1%20%E9%A0%98%E4%BA%8B%E8%A3%81%E5%88%A4%E6%AC%8A%20%E9%B9%BD%E5%8B%99%20&oid=606753 HTTP/1.1" 200 4418
66.249.71.64 - - [09/Aug/2015:03:59:45 +0800] "GET /content/nav/relationSubject.jsp?relationWords=%E6%BC%A2%E6%9C%AC%E5%A0%82%20%E7%9F%A5%E7%85%A7%20&oid=2675164 HTTP/1.1" 200 3140
66.249.71.59 - - [09/Aug/2015:03:59:50 +0800] "GET /content/repository/resource_content.jsp?oid=2687617&queryType=qs&queryString=%E5%B1%B1%E6%B5%B7%E9%97%9C HTTP/1.1" 200 30308
66.249.71.72 - - [09/Aug/2015:03:59:57 +0800] "GET /content/repository/resource_content.jsp?oid=1851863 HTTP/1.1" 200 29768
66.249.71.64 - - [09/Aug/2015:04:00:00 +0800] "GET /content/nav/relationSubject.jsp?relationWords=%E4%B8%AD%E5%9C%8B%E5%A4%A7%E9%99%B8%E5%9C%B0%E5%9C%96+&oid=207003 HTTP/1.1" 200 1424
157.55.2.179 - - [09/Aug/2015:04:00:00 +0800] "GET /content/nav/relationSubject.jsp?relationWords=%E5%8F%B0%E6%9D%B1%E8%98%87%E9%90%B5+&oid=16777386 HTTP/1.1" 200 4092
66.249.71.14 - - [09/Aug/2015:04:00:04 +0800] "GET /digiarch3/content/repository/resource_content.jsp?oid=524142&queryString=%E7%8E%89%E5%A5%B3%E8%9C%91%E8%9E%BA%20%E8%85%B9%E8%B6%B3%E7%B6%B1%20%E8%9C%91%E8%9E%BA HTTP/1.1" 200 43390
66.249.71.72 - - [09/Aug/2015:04:00:04 +0800] "GET /content/nav/relationSubject.jsp?relationWords=%E4%B8%AD%E5%9C%8B%E5%A4%A7%E9%99%B8%E5%9C%B0%E5%9C%96%20&oid=207003 HTTP/1.1" 200 1424
66.249.79.161 - - [09/Aug/2015:04:00:12 +0800] "GET /digiarch3/content/repository/resource_content.jsp?oid=1081677&queryString=%E5%89%9D%E7%9A%AE%E9%AD%9A%20%E5%96%AE%E6%A3%98%E9%AD%A8%E7%A7%91%20%E5%B0%BE%E6%A3%98%E9%AD%A8%20%E7%BE%8E%E5%96%AE%E6%A3%98%E9%AD%A8 HTTP/1.1" 200 34899
66.249.71.5 - - [09/Aug/2015:04:00:18 +0800] "GET /digiarch3/content/repository/resource_content.jsp?oid=1807775&queryString=%E6%8B%93%E7%89%87%20%E6%BC%A2%E4%BB%A3 HTTP/1.1" 200 30026
66.249.71.60 - - [09/Aug/2015:04:00:21 +0800] "GET /content/nav/relationSubject.jsp?relationWords=%E9%AA%A8%E6%9F%B6+&oid=1851863 HTTP/1.1" 200 2975
66.249.71.23 - - [09/Aug/2015:04:00:24 +0800] "GET /digiarch3/content/nav/relationSubject.jsp?relationWords=%E4%B8%AD%E5%9C%8B%E8%98%AD%E5%B1%AC+%E5%9C%8B%E8%98%AD+%E5%A0%B1%E6%AD%B2%E8%98%AD+%E8%95%99%E8%98%AD+%E8%98%AD%E5%B1%AC+%E8%98%AD%E8%95%99%E5%B1%AC+&oid=2143597 HTTP/1.1" 200 3177
66.249.71.64 - - [09/Aug/2015:04:00:24 +0800] "GET /content/nav/relationSubject.jsp?relationWords=%E9%AA%A8%E6%9F%B6%20&oid=1851863 HTTP/1.1" 200 2975
66.249.71.72 - - [09/Aug/2015:04:00:26 +0800] "GET /content/repository/resource_content.jsp?oid=1521850 HTTP/1.1" 200 28792
66.249.71.23 - - [09/Aug/2015:04:00:26 +0800] "GET /digiarch3/content/nav/relationSubject.jsp?relationWords=%E4%BF%9D%E7%95%99%E5%9C%B0+%E5%85%AC%E5%85%B1%E8%A8%AD%E6%96%BD+%E5%85%AC%E5%85%B1%E9%80%A0%E7%94%A2+%E6%B3%B3%E6%B1%A0+%E6%B8%B8%E6%B3%B3+%E6%B8%B8%E6%B3%B3%E6%B1%A0+%E8%B2%B8%E6%AC%BE+%E9%81%8A%E6%A8%82%E8%A8%AD%E6%96%BD+&oid=1595760 HTTP/1.1" 200 4860
66.249.71.14 - - [09/Aug/2015:04:00:27 +0800] "GET /digiarch3/content/nav/relationSubject.jsp?relationWords=%E4%B8%AD%E5%9C%8B%E8%98%AD%E5%B1%AC%20%E5%9C%8B%E8%98%AD%20%E5%A0%B1%E6%AD%B2%E8%98%AD%20%E8%95%99%E8%98%AD%20%E8%98%AD%E5%B1%AC%20%E8%98%AD%E8%95%99%E5%B1%AC%20&oid=2143597 HTTP/1.1" 200 3177
66.249.71.14 - - [09/Aug/2015:04:00:28 +0800] "GET /digiarch3/content/nav/relationSubject.jsp?relationWords=%E4%BF%9D%E7%95%99%E5%9C%B0%20%E5%85%AC%E5%85%B1%E8%A8%AD%E6%96%BD%20%E5%85%AC%E5%85%B1%E9%80%A0%E7%94%A2%20%E6%B3%B3%E6%B1%A0%20%E6%B8%B8%E6%B3%B3%20%E6%B8%B8%E6%B3%B3%E6%B1%A0%20%E8%B2%B8%E6%AC%BE%20%E9%81%8A%E6%A8%82%E8%A8%AD%E6%96%BD%20&oid=1595760 HTTP/1.1" 200 4860
66.249.71.64 - - [09/Aug/2015:04:00:32 +0800] "GET /content/repository/resource_content.jsp?oid=1574870 HTTP/1.1" 200 28353
66.249.71.64 - - [09/Aug/2015:04:00:39 +0800] "GET /content/repository/resource_content.jsp?oid=1576902&queryString=%E6%8A%80%E8%A1%93%E4%BA%BA%E5%93%A1%20%E6%A4%8D%E7%89%A9%E6%AA%A2%E7%96%AB%20%E7%A8%8B%E7%A6%8F%E9%91%84%20%E8%BE%B2%E7%94%A2%E5%93%81 HTTP/1.1" 200 31273
66.249.71.64 - - [09/Aug/2015:04:00:39 +0800] "GET /content/nav/relationSubject.jsp?relationWords=%E4%BE%BF%E6%B0%91+%E5%85%AC%E5%8B%99%E4%BA%BA%E5%93%A1+%E5%AE%9C%E8%98%AD%E7%B8%A3%E8%AD%B0%E6%9C%83+%E6%8A%80%E5%B7%A5+&oid=1521850 HTTP/1.1" 200 3285
66.249.71.64 - - [09/Aug/2015:04:00:42 +0800] "GET /content/nav/relationSubject.jsp?relationWords=%E4%BE%BF%E6%B0%91%20%E5%85%AC%E5%8B%99%E4%BA%BA%E5%93%A1%20%E5%AE%9C%E8%98%AD%E7%B8%A3%E8%AD%B0%E6%9C%83%20%E6%8A%80%E5%B7%A5%20&oid=1521850 HTTP/1.1" 200 3285
66.249.71.23 - - [09/Aug/2015:04:00:48 +0800] "GET /digiarch3/content/nav/relationSubject.jsp?relationWords=%E6%BC%A2%E4%BB%A3+%E7%95%AB%E5%83%8F%E7%9F%B3+%E7%BE%BD%E4%BA%BA+%E9%BE%8D%E7%95%AB%E5%83%8F%E7%9F%B3+&oid=1807775 HTTP/1.1" 200 5631
66.249.71.60 - - [09/Aug/2015:04:00:55 +0800] "GET /content/nav/relationSubject.jsp?relationWords=%E6%8A%80%E8%A1%93%E4%BA%BA%E5%93%A1+%E6%9E%97%E5%8B%99%E5%B1%80+%E7%A8%BB%E7%B1%B3+%E9%A4%98%E7%B3%A7%E6%94%B6%E8%B3%BC+&oid=1576902 HTTP/1.1" 200 6653
66.249.71.60 - - [09/Aug/2015:04:00:59 +0800] "GET /content/nav/relationSubject.jsp?relationWords=%E6%8A%80%E8%A1%93%E4%BA%BA%E5%93%A1%20%E6%9E%97%E5%8B%99%E5%B1%80%20%E7%A8%BB%E7%B1%B3%20%E9%A4%98%E7%B3%A7%E6%94%B6%E8%B3%BC%20&oid=1576902 HTTP/1.1" 200 6653
66.249.71.14 - - [09/Aug/2015:04:01:01 +0800] "GET /digiarch3/content/nav/relationSubject.jsp?relationWords=%E6%BC%A2%E4%BB%A3%20%E7%95%AB%E5%83%8F%E7%9F%B3%20%E7%BE%BD%E4%BA%BA%20%E9%BE%8D%E7%95%AB%E5%83%8F%E7%9F%B3%20&oid=1807775 HTTP/1.1" 200 5631
66.249.71.60 - - [09/Aug/2015:04:01:02 +0800] "GET /content/nav/relationSubject.jsp?relationWords=&oid=1574870 HTTP/1.1" 200 1405
66.249.71.23 - - [09/Aug/2015:04:01:07 +0800] "GET /digiarch3/content/nav/relationSubject.jsp?relationWords=%E5%B0%B1%E6%A5%AD%E6%A9%9F%E6%9C%83+%E9%80%80%E4%BC%91%E5%88%B6%E5%BA%A6+%E9%80%80%E4%BC%91%E9%87%91+&oid=1563360 HTTP/1.1" 200 4737
66.249.71.14 - - [09/Aug/2015:04:01:10 +0800] "GET /digiarch3/content/nav/relationSubject.jsp?relationWords=%E5%B0%B1%E6%A5%AD%E6%A9%9F%E6%9C%83%20%E9%80%80%E4%BC%91%E5%88%B6%E5%BA%A6%20%E9%80%80%E4%BC%91%E9%87%91%20&oid=1563360 HTTP/1.1" 200 4737
66.249.71.14 - - [09/Aug/2015:04:01:14 +0800] "GET /digiarch3/content/nav/relationSubject.jsp?relationWords=%E5%8F%A4%E8%A3%9D+%E8%B1%B9%E7%9A%AE%E8%A1%A3+&oid=4358754 HTTP/1.1" 200 3076
66.249.71.5 - - [09/Aug/2015:04:01:18 +0800] "GET /digiarch3/content/nav/relationSubject.jsp?relationWords=%E5%8F%A4%E8%A3%9D%20%E8%B1%B9%E7%9A%AE%E8%A1%A3%20&oid=4358754 HTTP/1.1" 200 3076
66.249.71.5 - - [09/Aug/2015:04:01:43 +0800] "GET /digiarch3/content/nav/relationSubject.jsp?relationWords=%E5%88%97%E9%BC%8E+%E6%B3%A2%E5%B8%B6%E7%B4%8B%E5%88%97%E9%BC%8E+&oid=1869926 HTTP/1.1" 200 3079
66.249.71.5 - - [09/Aug/2015:04:01:46 +0800] "GET /digiarch3/content/nav/relationSubject.jsp?relationWords=%E5%88%97%E9%BC%8E%20%E6%B3%A2%E5%B8%B6%E7%B4%8B%E5%88%97%E9%BC%8E%20&oid=1869926 HTTP/1.1" 200 3079
66.249.71.14 - - [09/Aug/2015:04:02:11 +0800] "GET /digiarch3/content/repository/resource_content.jsp?oid=4352137&queryString=%E5%96%AE%E6%A3%98%E8%BA%84%E9%AD%9A%20%E8%BA%84%E9%AD%9A%E7%A7%91 HTTP/1.1" 200 33606
66.249.71.50 - - [09/Aug/2015:04:02:12 +0800] "GET /content/nav/relationSubject.jsp?relationWords=%E6%A4%8D%E7%89%A9%E7%95%8C+%E8%8B%9E%E8%8A%B1%E8%94%93+%E8%8B%9E%E8%8A%B1%E8%94%93%E5%B1%AC+%E8%8C%9C%E8%8D%89+%E8%8C%9C%E8%8D%89%E7%A7%91+&oid=3818240 HTTP/1.1" 200 3379
66.249.71.59 - - [09/Aug/2015:04:02:15 +0800] "GET /content/nav/relationSubject.jsp?relationWords=%E6%A4%8D%E7%89%A9%E7%95%8C%20%E8%8B%9E%E8%8A%B1%E8%94%93%20%E8%8B%9E%E8%8A%B1%E8%94%93%E5%B1%AC%20%E8%8C%9C%E8%8D%89%20%E8%8C%9C%E8%8D%89%E7%A7%91%20&oid=3818240 HTTP/1.1" 200 3379
66.249.71.59 - - [09/Aug/2015:04:02:30 +0800] "GET /content/nav/relationSubject.jsp?relationWords=%E4%BA%A4%E9%80%9A%E8%99%95+%E4%BA%A4%E9%80%9A%E9%83%A8+%E4%BA%BA%E5%93%A1%E7%AE%A1%E7%90%86+%E4%BD%95%E7%A6%AE%E6%A3%9F+%E4%BE%AF%E5%AE%B6%E6%BA%90+%E5%84%80%E5%99%A8+%E5%85%AC%E5%85%B1%E5%AE%89%E5%85%A8+%E5%85%AC%E8%B7%AF%E5%B1%80+%E5%9C%8B%E5%AE%B6%E8%B2%A1%E6%94%BF+%E5%9C%9F%E5%BA%AB%E5%A4%A7%E6%A9%8B+%E5%A4%96%E5%8C%AF+%E5%AE%89%E5%85%A8%E6%A1%88+%E5%AE%89%E5%85%A8%E8%A8%AD%E5%82%99+%E5%AE%A2%E9%81%8B+%E5%B8%83%E8%A2%8B%E9%8E%AE+%E5%B9%B3%E4%BA%A4%E9%81%93+%E5%BB%BA%E8%B1%90+%E5%BC%B5%E7%82%8E%E6%B8%85+%E6%93%B4%E5%BB%BA+%E6%97%85%E6%A1%88+%E6%9C%83%E8%AD%B0%E7%B4%80%E9%8C%84+%E6%9E%97%E5%85%A8%E7%BE%A9+%E6%9E%97%E6%B0%B8%E6%A8%91+%E6%9F%8F%E6%B2%B9%E8%B7%AF%E9%9D%A2+%E6%B1%9F%E9%87%91%E5%BD%B0+%E6%B1%BD%E6%B2%B9+%E6%B2%B9%E8%BB%8A+%E6%B8%AF%E5%9F%A0+%E6%B8%B8%E8%98%87%E9%B4%A6+%E6%BE%8E%E6%B9%96%E7%B8%A3+%E7%83%8F%E6%BA%AA+%E7%8E%8B%E5%AE%8B%E7%93%8A%E8%8B%B1+%E7%9C%81%E6%94%BF%E5%BA%9C+%E7%9F%B3%E7%89%9B%E6%BA%AA+%E8%83%A1%E4%B8%99%E7%94%B3+%E8%87%BA%E7%81%A3%E7%9C%81+%E8%87%BA%E7%81%A3%E7%B3%96%E6%A5%AD%E5%85%AC%E5%8F%B8+%E8%88%AA%E7%B7%9A+%E8%88%B9%E8%88%B6+%E8%95%AD%E7%A7%80%E5%88%A9+%E8%96%9B%E4%BA%BA%E4%BB%B0+%E8%99%95%E9%95%B7+%E8%A5%BF%E5%B6%BC%E9%84%89+%E8%AD%B0%E9%95%B7+%E8%B3%B4%E6%A3%AE%E6%9E%97+%E8%B7%AF%E6%A9%8B+%E8%BB%8A%E7%A6%8D+%E9%83%AD%E7%9F%B3%E9%A0%AD+%E9%90%B5%E8%B7%AF%E5%B1%80+%E9%99%B3%E7%9A%86%E8%88%88+%E9%99%B3%E8%90%AC+%E9%99%B3%E8%90%AC%E7%A6%8F+%E9%A2%A8%E6%99%AF%E5%8D%80+%E9%AB%98%E8%B4%8F%E6%B8%85+%E9%BA%BB%E8%B1%86+%E9%BB%83%E5%AE%97%E7%84%9C+%E9%BB%83%E7%A5%BA%E7%A5%93+%E9%BE%8D%E5%AE%AE%E6%A9%8B+&oid=1543636 HTTP/1.1" 200 8547
66.249.71.50 - - [09/Aug/2015:04:02:32 +0800] "GET /content/nav/relationSubject.jsp?relationWords=%E4%BA%A4%E9%80%9A%E8%99%95%20%E4%BA%A4%E9%80%9A%E9%83%A8%20%E4%BA%BA%E5%93%A1%E7%AE%A1%E7%90%86%20%E4%BD%95%E7%A6%AE%E6%A3%9F%20%E4%BE%AF%E5%AE%B6%E6%BA%90%20%E5%84%80%E5%99%A8%20%E5%85%AC%E5%85%B1%E5%AE%89%E5%85%A8%20%E5%85%AC%E8%B7%AF%E5%B1%80%20%E5%9C%8B%E5%AE%B6%E8%B2%A1%E6%94%BF%20%E5%9C%9F%E5%BA%AB%E5%A4%A7%E6%A9%8B%20%E5%A4%96%E5%8C%AF%20%E5%AE%89%E5%85%A8%E6%A1%88%20%E5%AE%89%E5%85%A8%E8%A8%AD%E5%82%99%20%E5%AE%A2%E9%81%8B%20%E5%B8%83%E8%A2%8B%E9%8E%AE%20%E5%B9%B3%E4%BA%A4%E9%81%93%20%E5%BB%BA%E8%B1%90%20%E5%BC%B5%E7%82%8E%E6%B8%85%20%E6%93%B4%E5%BB%BA%20%E6%97%85%E6%A1%88%20%E6%9C%83%E8%AD%B0%E7%B4%80%E9%8C%84%20%E6%9E%97%E5%85%A8%E7%BE%A9%20%E6%9E%97%E6%B0%B8%E6%A8%91%20%E6%9F%8F%E6%B2%B9%E8%B7%AF%E9%9D%A2%20%E6%B1%9F%E9%87%91%E5%BD%B0%20%E6%B1%BD%E6%B2%B9%20%E6%B2%B9%E8%BB%8A%20%E6%B8%AF%E5%9F%A0%20%E6%B8%B8%E8%98%87%E9%B4%A6%20%E6%BE%8E%E6%B9%96%E7%B8%A3%20%E7%83%8F%E6%BA%AA%20%E7%8E%8B%E5%AE%8B%E7%93%8A%E8%8B%B1%20%E7%9C%81%E6%94%BF%E5%BA%9C%20%E7%9F%B3%E7%89%9B%E6%BA%AA%20%E8%83%A1%E4%B8%99%E7%94%B3%20%E8%87%BA%E7%81%A3%E7%9C%81%20%E8%87%BA%E7%81%A3%E7%B3%96%E6%A5%AD%E5%85%AC%E5%8F%B8%20%E8%88%AA%E7%B7%9A%20%E8%88%B9%E8%88%B6%20%E8%95%AD%E7%A7%80%E5%88%A9%20%E8%96%9B%E4%BA%BA%E4%BB%B0%20%E8%99%95%E9%95%B7%20%E8%A5%BF%E5%B6%BC%E9%84%89%20%E8%AD%B0%E9%95%B7%20%E8%B3%B4%E6%A3%AE%E6%9E%97%20%E8%B7%AF%E6%A9%8B%20%E8%BB%8A%E7%A6%8D%20%E9%83%AD%E7%9F%B3%E9%A0%AD%20%E9%90%B5%E8%B7%AF%E5%B1%80%20%E9%99%B3%E7%9A%86%E8%88%88%20%E9%99%B3%E8%90%AC%20%E9%99%B3%E8%90%AC%E7%A6%8F%20%E9%A2%A8%E6%99%AF%E5%8D%80%20%E9%AB%98%E8%B4%8F%E6%B8%85%20%E9%BA%BB%E8%B1%86%20%E9%BB%83%E5%AE%97%E7%84%9C%20%E9%BB%83%E7%A5%BA%E7%A5%93%20%E9%BE%8D%E5%AE%AE%E6%A9%8B%20&oid=1543636 HTTP/1.1" 200 8547
66.249.71.113 - - [09/Aug/2015:04:02:50 +0800] "GET /content/nav/relationSubject.jsp?relationWords=&oid=16777495 HTTP/1.1" 200 1405
66.249.71.5 - - [09/Aug/2015:04:02:51 +0800] "GET /digiarch3/content/nav/relationSubject.jsp?relationWords=%E4%B8%AD%E8%85%B9+%E4%B8%AD%E8%85%B9%E8%B6%B3%E7%9B%AE+%E7%A6%8F%E5%A3%BD%E8%9E%BA+%E8%85%B9%E8%B6%B3%E7%B6%B1+%E8%98%8B%E6%9E%9C+%E8%98%8B%E6%9E%9C%E8%9E%BA+%E8%BB%9F%E9%AB%94%E5%8B%95%E7%89%A9%E9%96%80+&oid=4549428 HTTP/1.1" 200 3495
66.249.71.5 - - [09/Aug/2015:04:02:53 +0800] "GET /digiarch3/content/nav/relationSubject.jsp?relationWords=%E4%BD%A9%E8%A2%8B+&oid=1781901 HTTP/1.1" 200 2933
66.249.71.5 - - [09/Aug/2015:04:02:54 +0800] "GET /digiarch3/content/nav/relationSubject.jsp?relationWords=%E4%B8%AD%E8%85%B9%20%E4%B8%AD%E8%85%B9%E8%B6%B3%E7%9B%AE%20%E7%A6%8F%E5%A3%BD%E8%9E%BA%20%E8%85%B9%E8%B6%B3%E7%B6%B1%20%E8%98%8B%E6%9E%9C%20%E8%98%8B%E6%9E%9C%E8%9E%BA%20%E8%BB%9F%E9%AB%94%E5%8B%95%E7%89%A9%E9%96%80%20&oid=4549428 HTTP/1.1" 200 3495
66.249.71.14 - - [09/Aug/2015:04:02:56 +0800] "GET /digiarch3/content/nav/relationSubject.jsp?relationWords=%E4%BD%A9%E8%A2%8B%20&oid=1781901 HTTP/1.1" 200 2933
66.249.71.23 - - [09/Aug/2015:04:03:16 +0800] "GET /digiarch3/content/nav/relationSubject.jsp?relationWords=%E5%B8%83%E6%B0%8F%E7%B2%98%E7%9B%B2%E9%B0%BB+%E7%84%A1%E7%9B%AE%E9%B0%BB+%E7%9B%B2%E9%B0%BB+%E7%B2%98%E7%9B%B2%E9%B0%BB+%E8%92%B2%E6%B0%8F+%E9%9D%92%E7%9C%A0%E9%B0%BB+%E9%B0%BB%E7%A7%91+%E9%BE%8D%E7%AD%8B+&oid=14051 HTTP/1.1" 200 3744
66.249.71.14 - - [09/Aug/2015:04:03:20 +0800] "GET /digiarch3/content/nav/relationSubject.jsp?relationWords=%E5%B8%83%E6%B0%8F%E7%B2%98%E7%9B%B2%E9%B0%BB%20%E7%84%A1%E7%9B%AE%E9%B0%BB%20%E7%9B%B2%E9%B0%BB%20%E7%B2%98%E7%9B%B2%E9%B0%BB%20%E8%92%B2%E6%B0%8F%20%E9%9D%92%E7%9C%A0%E9%B0%BB%20%E9%B0%BB%E7%A7%91%20%E9%BE%8D%E7%AD%8B%20&oid=14051 HTTP/1.1" 200 3744
66.249.71.41 - - [09/Aug/2015:04:03:56 +0800] "GET /content/nav/relationSubject.jsp?relationWords=%E5%B1%B1%E8%8A%99%E8%93%89+%E6%9C%A8%E6%A7%BF%E5%B1%AC+%E6%A4%8D%E7%89%A9%E7%95%8C+%E9%8C%A6%E8%91%B5+%E9%8C%A6%E8%91%B5%E7%A7%91+&oid=3819113 HTTP/1.1" 200 4976
66.249.71.5 - - [09/Aug/2015:04:03:57 +0800] "GET /digiarch3/content/nav/relationSubject.jsp?relationWords=%E5%85%AB%E5%88%86%E6%9B%B8+%E5%98%89%E7%A5%A5+%E5%B1%B1%E6%9D%B1%E5%98%89%E7%A5%A5+%E5%BB%BA%E7%AF%89%E7%95%AB+%E6%9C%B1%E6%98%8E+%E6%9D%8E%E5%96%84+%E6%AD%A6%E6%A2%81%E7%A5%A0+%E6%AD%A6%E6%A2%81%E7%A5%A0%E7%95%AB%E5%83%8F+%E6%AD%A6%E6%B0%8F%E7%A5%A0+%E6%AD%A6%E6%B0%8F%E7%A5%A0%E5%BE%8C%E7%9F%B3%E5%AE%A4+%E7%A5%9E%E8%A9%B1%E6%95%85%E4%BA%8B+%E7%AE%A1%E4%BB%B2+%E8%91%A3%E6%B0%B8+%E9%81%BA%E5%AD%A4+%E9%83%BD%E5%B0%89+%E9%87%91%E8%80%85+%E9%A8%8E%E9%83%BD%E5%B0%89+%E9%BD%8A%E6%A1%93%E5%85%AC+&oid=1832433 HTTP/1.1" 200 5877
66.249.71.50 - - [09/Aug/2015:04:03:58 +0800] "GET /content/nav/relationSubject.jsp?relationWords=%E5%B1%B1%E8%8A%99%E8%93%89%20%E6%9C%A8%E6%A7%BF%E5%B1%AC%20%E6%A4%8D%E7%89%A9%E7%95%8C%20%E9%8C%A6%E8%91%B5%20%E9%8C%A6%E8%91%B5%E7%A7%91%20&oid=3819113 HTTP/1.1" 200 4976
66.249.71.23 - - [09/Aug/2015:04:04:10 +0800] "GET /digiarch3/content/nav/relationSubject.jsp?relationWords=%E5%85%AB%E5%88%86%E6%9B%B8%20%E5%98%89%E7%A5%A5%20%E5%B1%B1%E6%9D%B1%E5%98%89%E7%A5%A5%20%E5%BB%BA%E7%AF%89%E7%95%AB%20%E6%9C%B1%E6%98%8E%20%E6%9D%8E%E5%96%84%20%E6%AD%A6%E6%A2%81%E7%A5%A0%20%E6%AD%A6%E6%A2%81%E7%A5%A0%E7%95%AB%E5%83%8F%20%E6%AD%A6%E6%B0%8F%E7%A5%A0%20%E6%AD%A6%E6%B0%8F%E7%A5%A0%E5%BE%8C%E7%9F%B3%E5%AE%A4%20%E7%A5%9E%E8%A9%B1%E6%95%85%E4%BA%8B%20%E7%AE%A1%E4%BB%B2%20%E8%91%A3%E6%B0%B8%20%E9%81%BA%E5%AD%A4%20%E9%83%BD%E5%B0%89%20%E9%87%91%E8%80%85%20%E9%A8%8E%E9%83%BD%E5%B0%89%20%E9%BD%8A%E6%A1%93%E5%85%AC%20&oid=1832433 HTTP/1.1" 200 5877
66.249.71.23 - - [09/Aug/2015:04:04:16 +0800] "GET /digiarch3/content/nav/relationSubject.jsp?relationWords=%E8%88%9B%E9%8C%AF+&oid=2680904 HTTP/1.1" 200 3999
66.249.71.50 - - [09/Aug/2015:04:04:19 +0800] "GET /content/nav/relationSubject.jsp?relationWords=%E5%A4%A7%E6%88%9F+%E5%A4%A7%E6%88%9F%E7%A7%91+%E5%BB%A3%E6%9D%B1%E6%B2%B9%E6%A1%90+%E6%A4%8D%E7%89%A9%E7%95%8C+%E6%B2%B9%E6%A1%90%E5%B1%AC+%E7%9A%BA%E6%A1%90+&oid=1462282 HTTP/1.1" 200 3420
66.249.71.5 - - [09/Aug/2015:04:04:20 +0800] "GET /digiarch3/content/nav/relationSubject.jsp?relationWords=%E8%88%9B%E9%8C%AF%20&oid=2680904 HTTP/1.1" 200 3999
66.249.71.41 - - [09/Aug/2015:04:04:28 +0800] "GET /content/nav/relationSubject.jsp?relationWords=%E5%A4%A7%E6%88%9F%20%E5%A4%A7%E6%88%9F%E7%A7%91%20%E5%BB%A3%E6%9D%B1%E6%B2%B9%E6%A1%90%20%E6%A4%8D%E7%89%A9%E7%95%8C%20%E6%B2%B9%E6%A1%90%E5%B1%AC%20%E7%9A%BA%E6%A1%90%20&oid=1462282 HTTP/1.1" 200 3420
180.76.15.152 - - [09/Aug/2015:04:04:38 +0800] "GET /content/subject/resource_content.jsp?oid=16777317&queryType=qc HTTP/1.1" 200 34911
66.249.71.23 - - [09/Aug/2015:04:04:41 +0800] "GET /digiarch3/content/nav/relationSubject.jsp?relationWords=%E7%A5%AD%E5%84%80+%E9%AD%AF%E5%87%B1+%E9%AD%AF%E5%87%B1%E6%97%8F+&oid=4387999 HTTP/1.1" 200 4088
66.249.71.23 - - [09/Aug/2015:04:04:43 +0800] "GET /digiarch3/content/nav/relationSubject.jsp?relationWords=%E7%A5%AD%E5%84%80%20%E9%AD%AF%E5%87%B1%20%E9%AD%AF%E5%87%B1%E6%97%8F%20&oid=4387999 HTTP/1.1" 200 4088
66.249.71.113 - - [09/Aug/2015:04:04:59 +0800] "GET /content/nav/relationSubject.jsp?relationWords=%E7%A7%8B%E6%B5%B7%E6%A3%A0+&oid=16777309 HTTP/1.1" 200 4844
66.249.71.105 - - [09/Aug/2015:04:05:02 +0800] "GET /content/nav/relationSubject.jsp?relationWords=%E7%A7%8B%E6%B5%B7%E6%A3%A0%20&oid=16777309 HTTP/1.1" 200 4844
66.249.71.45 - - [09/Aug/2015:04:05:05 +0800] "GET /content/nav/relationSubject.jsp?relationWords=%E8%8A%B1%E8%94%93+%E8%94%93%E6%BE%A4%E8%98%AD+&oid=16777298 HTTP/1.1" 200 4219
66.249.71.36 - - [09/Aug/2015:04:05:12 +0800] "GET /content/nav/relationSubject.jsp?relationWords=%E8%8A%B1%E8%94%93%20%E8%94%93%E6%BE%A4%E8%98%AD%20&oid=16777298 HTTP/1.1" 200 4219
66.249.71.59 - - [09/Aug/2015:04:05:42 +0800] "GET /content/nav/relationSubject.jsp?relationWords=%E4%B8%AD%E5%A4%AE%E7%BE%8E%E8%A1%93%E5%8D%94%E6%9C%83+%E5%9C%8B%E6%B0%91%E7%B2%BE%E7%A5%9E+%E6%9D%9C%E9%A6%99%E5%9C%8B+&oid=1887357 HTTP/1.1" 200 3267
66.249.71.64 - - [09/Aug/2015:04:05:43 +0800] "GET /m/content/repository/resource_content.jsp?oid=1890498 HTTP/1.1" 404 14873
66.249.71.50 - - [09/Aug/2015:04:05:44 +0800] "GET /content/nav/relationSubject.jsp?relationWords=%E4%B8%AD%E5%A4%AE%E7%BE%8E%E8%A1%93%E5%8D%94%E6%9C%83%20%E5%9C%8B%E6%B0%91%E7%B2%BE%E7%A5%9E%20%E6%9D%9C%E9%A6%99%E5%9C%8B%20&oid=1887357 HTTP/1.1" 200 3267
66.249.71.5 - - [09/Aug/2015:04:05:45 +0800] "GET /digiarch3/content/nav/relationSubject.jsp?relationWords=%E5%AE%89%E5%85%A8%E6%A1%88+%E6%95%88%E7%8E%87+%E8%AD%A6%E5%AF%9F+&oid=1546772 HTTP/1.1" 200 5241
66.249.71.14 - - [09/Aug/2015:04:05:49 +0800] "GET /digiarch3/content/nav/relationSubject.jsp?relationWords=%E5%AE%89%E5%85%A8%E6%A1%88%20%E6%95%88%E7%8E%87%20%E8%AD%A6%E5%AF%9F%20&oid=1546772 HTTP/1.1" 200 5241
66.249.79.247 - - [09/Aug/2015:04:06:00 +0800] "GET /content/nav/relationSubject.jsp?relationWords=%E5%86%8D%E7%94%9F%E7%B4%99+%E7%9C%81%E6%94%BF%E5%BA%9C+%E7%AF%80%E7%B4%84%E8%83%BD%E6%BA%90+&oid=1598315 HTTP/1.1" 200 4572
66.249.71.41 - - [09/Aug/2015:04:06:03 +0800] "GET /content/nav/relationSubject.jsp?relationWords=%E5%86%8D%E7%94%9F%E7%B4%99%20%E7%9C%81%E6%94%BF%E5%BA%9C%20%E7%AF%80%E7%B4%84%E8%83%BD%E6%BA%90%20&oid=1598315 HTTP/1.1" 200 4572
66.249.71.64 - - [09/Aug/2015:04:06:10 +0800] "GET /content/repository/resource_content.jsp?oid=2579725 HTTP/1.1" 200 29225
66.249.71.72 - - [09/Aug/2015:04:06:31 +0800] "GET /digiarch_en/content/subject/resource_content.jsp?oid=16777262&queryType=qc HTTP/1.1" 200 28271
66.249.71.23 - - [09/Aug/2015:04:06:38 +0800] "GET /digiarch3/content/nav/relationSubject.jsp?relationWords=%E4%BF%9D%E5%AE%89%E6%9E%97+%E5%AE%89%E6%9E%97+%E5%B1%A0%E5%AE%B0%E7%A8%85+%E5%B7%A5%E7%A8%8B%E8%B2%BB+%E6%9A%96%E6%9A%96+%E7%94%9F%E7%94%A2%E6%88%90%E6%9C%AC+%E8%B2%A8%E7%89%A9%E7%A8%85+%E9%A3%BC%E6%96%99+&oid=1580220 HTTP/1.1" 200 3481
66.249.71.23 - - [09/Aug/2015:04:06:40 +0800] "GET /digiarch3/content/nav/relationSubject.jsp?relationWords=%E4%BF%9D%E5%AE%89%E6%9E%97%20%E5%AE%89%E6%9E%97%20%E5%B1%A0%E5%AE%B0%E7%A8%85%20%E5%B7%A5%E7%A8%8B%E8%B2%BB%20%E6%9A%96%E6%9A%96%20%E7%94%9F%E7%94%A2%E6%88%90%E6%9C%AC%20%E8%B2%A8%E7%89%A9%E7%A8%85%20%E9%A3%BC%E6%96%99%20&oid=1580220 HTTP/1.1" 200 3481
66.249.71.5 - - [09/Aug/2015:04:06:41 +0800] "GET /digiarch3/content/nav/relationSubject.jsp?relationWords=%E9%BB%83%E5%AE%B6%E5%B6%BA%E7%95%AB%E8%B1%A1+&oid=1832400 HTTP/1.1" 200 3072
66.249.71.60 - - [09/Aug/2015:04:06:42 +0800] "GET /digiarch_en/content/nav/relationSubject.jsp?relationWords=%E9%BB%91%E6%9D%BF%E6%A8%B9+&oid=16777262 HTTP/1.1" 200 3242
66.249.71.14 - - [09/Aug/2015:04:06:45 +0800] "GET /digiarch3/content/nav/relationSubject.jsp?relationWords=%E9%BB%83%E5%AE%B6%E5%B6%BA%E7%95%AB%E8%B1%A1%20&oid=1832400 HTTP/1.1" 200 3072
66.249.71.72 - - [09/Aug/2015:04:06:46 +0800] "GET /digiarch_en/content/nav/relationSubject.jsp?relationWords=%E9%BB%91%E6%9D%BF%E6%A8%B9%20&oid=16777262 HTTP/1.1" 200 3242
66.249.71.72 - - [09/Aug/2015:04:06:59 +0800] "GET /content/subject/resource_content.jsp?oid=16777285&queryString=%E5%B1%B1%E8%8A%99%E8%93%89%20%E6%9C%A8%E8%8A%99%E8%93%89%20%E8%96%9B%E6%BF%A4%20%E9%86%89%E8%8A%99%E8%93%89 HTTP/1.1" 200 28999
66.249.71.41 - - [09/Aug/2015:04:07:01 +0800] "GET /content/nav/relationSubject.jsp?relationWords=%E5%AF%B6%E9%88%94+&oid=1818960 HTTP/1.1" 200 2472
66.249.71.59 - - [09/Aug/2015:04:07:04 +0800] "GET /content/nav/relationSubject.jsp?relationWords=%E5%AF%B6%E9%88%94%20&oid=1818960 HTTP/1.1" 200 2472
66.249.71.72 - - [09/Aug/2015:04:07:13 +0800] "GET /content/subject/resource_content.jsp?oid=16797292&queryType=qc HTTP/1.1" 200 57225
66.249.71.5 - - [09/Aug/2015:04:07:20 +0800] "GET /digiarch3/content/subject/resource_content.jsp?oid=16777619&queryType=qs&queryString=%E6%9E%97%E7%A5%96%E5%A3%BD HTTP/1.1" 200 78632
66.249.71.59 - - [09/Aug/2015:04:07:32 +0800] "GET /content/nav/relationSubject.jsp?relationWords=%E4%B8%89%E6%B0%91%E4%B8%BB%E7%BE%A9+%E4%BA%8C%E4%BA%8C%E5%85%AB%E4%BA%8B%E4%BB%B6+%E5%A4%A7%E9%99%B8%E5%81%B7%E6%B8%A1%E5%AE%A2+%E6%89%8B%E5%86%8A+%E7%89%B9%E5%B7%A5+%E7%95%A2%E6%A5%AD%E7%94%9F+%E7%9B%AE%E6%A8%99+%E7%BE%8E%E8%A1%93%E9%A4%A8+%E8%81%AF%E8%80%83+%E8%B3%AA%E8%A9%A2+%E9%90%98%E9%BB%9E%E8%B2%BB+&oid=1605321 HTTP/1.1" 200 4341
66.249.71.59 - - [09/Aug/2015:04:07:48 +0800] "GET /content/nav/relationSubject.jsp?relationWords=%E4%B8%89%E6%B0%91%E4%B8%BB%E7%BE%A9%20%E4%BA%8C%E4%BA%8C%E5%85%AB%E4%BA%8B%E4%BB%B6%20%E5%A4%A7%E9%99%B8%E5%81%B7%E6%B8%A1%E5%AE%A2%20%E6%89%8B%E5%86%8A%20%E7%89%B9%E5%B7%A5%20%E7%95%A2%E6%A5%AD%E7%94%9F%20%E7%9B%AE%E6%A8%99%20%E7%BE%8E%E8%A1%93%E9%A4%A8%20%E8%81%AF%E8%80%83%20%E8%B3%AA%E8%A9%A2%20%E9%90%98%E9%BB%9E%E8%B2%BB%20&oid=1605321 HTTP/1.1" 200 4341
66.249.71.64 - - [09/Aug/2015:04:07:55 +0800] "GET /content/pictures/picture_content.jsp?oid=33554818 HTTP/1.1" 200 27801
66.249.71.72 - - [09/Aug/2015:04:08:02 +0800] "GET /content/subject/resource_content.jsp?oid=16777670 HTTP/1.1" 200 34016
207.46.13.9 - - [09/Aug/2015:04:08:08 +0800] "GET /content/repository/resource_content.jsp?oid=2143184 HTTP/1.1" 200 30381
66.249.71.60 - - [09/Aug/2015:04:08:09 +0800] "GET /digiarch_en/content/repository/resource_content.jsp?oid=4363112&queryString=%E9%96%8B%E6%BC%B3%E8%81%96%E7%8E%8B HTTP/1.1" 200 21676
66.249.71.60 - - [09/Aug/2015:04:08:16 +0800] "GET /content/repository/resource_content.jsp?oid=1081606&queryString=%E6%96%B0%E6%9C%88%E7%B5%B2%E9%9A%86%E9%A0%AD%E9%AD%9A%20%E6%96%B0%E6%9C%88%E7%B5%B2%E9%B0%AD%E9%B8%9A%E9%AF%9B%20%E6%9F%B3%E5%86%B7%E4%BB%94%20%E7%B4%85%E5%A8%98%E4%BB%94%20%E9%9A%86%E9%A0%AD%E9%AD%9A%E7%A7%91 HTTP/1.1" 200 33688
66.249.71.64 - - [09/Aug/2015:04:08:23 +0800] "GET /content/repository/resource_content.jsp?oid=2149940 HTTP/1.1" 200 30817
66.249.71.23 - - [09/Aug/2015:04:08:25 +0800] "GET /digiarch3/content/nav/relationSubject.jsp?relationWords=&oid=4361894 HTTP/1.1" 200 1405
66.249.71.64 - - [09/Aug/2015:04:08:30 +0800] "GET /content/repository/resource_content.jsp?oid=1462624 HTTP/1.1" 200 30903
66.249.71.14 - - [09/Aug/2015:04:08:30 +0800] "GET /digiarch3/content/nav/relationSubject.jsp?relationWords=%E5%8D%B7%E9%A6%96+&oid=4474466 HTTP/1.1" 200 2927
66.249.71.23 - - [09/Aug/2015:04:08:33 +0800] "GET /digiarch3/content/nav/relationSubject.jsp?relationWords=%E4%BA%94%E5%B9%B4%E7%A5%AD+%E5%88%BA%E7%90%83+%E7%A5%AD%E5%84%80+&oid=4388328 HTTP/1.1" 200 4116
66.249.71.5 - - [09/Aug/2015:04:08:34 +0800] "GET /digiarch3/content/nav/relationSubject.jsp?relationWords=%E9%AC%9A%E6%A3%98%E5%90%BB%E9%AD%9A+&oid=3110825 HTTP/1.1" 200 2893
66.249.71.23 - - [09/Aug/2015:04:08:34 +0800] "GET /digiarch3/content/nav/relationSubject.jsp?relationWords=%E4%BA%94%E5%B9%B4%E7%A5%AD%20%E5%88%BA%E7%90%83%20%E7%A5%AD%E5%84%80%20&oid=4388328 HTTP/1.1" 200 4116
66.249.71.5 - - [09/Aug/2015:04:08:35 +0800] "GET /digiarch3/content/nav/relationSubject.jsp?relationWords=%E5%8D%B7%E9%A6%96%20&oid=4474466 HTTP/1.1" 200 2927
66.249.71.23 - - [09/Aug/2015:04:08:36 +0800] "GET /digiarch3/content/nav/relationSubject.jsp?relationWords=%E9%AC%9A%E6%A3%98%E5%90%BB%E9%AD%9A%20&oid=3110825 HTTP/1.1" 200 2893
66.249.71.64 - - [09/Aug/2015:04:08:38 +0800] "GET /content/repository/resource_content.jsp?oid=1457350 HTTP/1.1" 200 30928
66.249.71.64 - - [09/Aug/2015:04:08:55 +0800] "GET /content/nav/relationSubject.jsp?relationWords=%E5%8F%B0%E7%81%A3%E6%AC%92%E6%A8%B9+%E8%8B%A6%E8%8B%93%E8%88%85+&oid=16777254 HTTP/1.1" 200 4285
66.249.71.64 - - [09/Aug/2015:04:09:05 +0800] "GET /content/subject/resource_content.jsp?oid=16777688 HTTP/1.1" 200 39200
66.249.71.72 - - [09/Aug/2015:04:09:12 +0800] "GET /content/subject/resource_content.jsp?oid=16777617&queryType=qc HTTP/1.1" 200 61003
66.249.71.72 - - [09/Aug/2015:04:09:26 +0800] "GET /digiarch_en/content/repository/resource_content.jsp?oid=2150316&queryString=%E7%83%8F%E5%BF%83%E7%9F%B3%20%E9%B1%B8%E9%B0%BB HTTP/1.1" 200 23622
66.249.71.72 - - [09/Aug/2015:04:09:33 +0800] "GET /content/subject/resource_content.jsp?oid=16777332 HTTP/1.1" 200 32786
66.249.71.60 - - [09/Aug/2015:04:09:48 +0800] "GET /content/subject/resource_content.jsp?oid=16777745&queryType=qc HTTP/1.1" 200 35935
66.249.71.64 - - [09/Aug/2015:04:09:54 +0800] "GET /content/repository/resource_content.jsp?oid=2470672&queryString=%E6%95%B8%E4%BD%8D%E5%85%B8%E8%97%8F%20%E7%A0%94%E8%A8%8E%E6%9C%83 HTTP/1.1" 200 30680
66.249.71.5 - - [09/Aug/2015:04:09:58 +0800] "GET /digiarch3/content/nav/relationSubject.jsp?relationWords=&oid=2666540 HTTP/1.1" 200 1405
66.249.71.50 - - [09/Aug/2015:04:09:59 +0800] "GET /content/nav/relationSubject.jsp?relationWords=%E5%AD%B8%E6%A0%A1%E6%95%99%E8%82%B2+%E6%95%99%E8%82%B2%E6%A1%88+%E7%A4%BE%E6%9C%83%E6%95%99%E8%82%B2+%E8%BA%AB%E5%BF%83+&oid=1634958 HTTP/1.1" 200 3521
66.249.71.50 - - [09/Aug/2015:04:10:01 +0800] "GET /content/nav/relationSubject.jsp?relationWords=%E5%AD%B8%E6%A0%A1%E6%95%99%E8%82%B2%20%E6%95%99%E8%82%B2%E6%A1%88%20%E7%A4%BE%E6%9C%83%E6%95%99%E8%82%B2%20%E8%BA%AB%E5%BF%83%20&oid=1634958 HTTP/1.1" 200 3521
66.249.71.54 - - [09/Aug/2015:04:10:09 +0800] "GET /content/repository/resource_content.jsp?oid=4364000&queryType=qs&queryString=%E4%B8%89%E6%B8%85 HTTP/1.1" 200 29012
66.249.71.72 - - [09/Aug/2015:04:10:57 +0800] "GET /content/repository/resource_content.jsp?oid=1532441&queryString=%E5%85%AC%E5%82%B5%20%E6%89%80%E5%BE%97%E7%A8%85%20%E7%A8%85%E5%88%B6%20%E8%B3%AA%E8%A9%A2%20%E9%99%B3%E9%87%8D%E5%85%89 HTTP/1.1" 200 31621
66.249.71.54 - - [09/Aug/2015:04:11:11 +0800] "GET /content/repository/resource_content.jsp?oid=2687310&queryString=%E5%A4%A9%E6%81%A9%E4%BA%8B%20%E5%AD%B8%E6%94%BF%20%E6%81%AD%E8%AC%9D%E5%A4%A9%E6%81%A9%20%E6%8F%90%E7%9D%A3 HTTP/1.1" 200 30952
66.249.71.72 - - [09/Aug/2015:04:11:19 +0800] "GET /content/repository/resource_content.jsp?oid=740627 HTTP/1.1" 200 28408
66.249.71.72 - - [09/Aug/2015:04:11:25 +0800] "GET /content/repository/resource_content.jsp?oid=2568602 HTTP/1.1" 200 29067
66.249.71.64 - - [09/Aug/2015:04:11:47 +0800] "GET /content/nav/relationSubject.jsp?relationWords=%E5%AD%98%E6%AC%BE+%E5%BE%B7%E8%8F%AF+%E6%9D%B1%E7%9D%A3+&oid=740627 HTTP/1.1" 200 3196
66.249.71.60 - - [09/Aug/2015:04:11:48 +0800] "GET /content/nav/relationSubject.jsp?relationWords=%E5%AD%98%E6%AC%BE%20%E5%BE%B7%E8%8F%AF%20%E6%9D%B1%E7%9D%A3%20&oid=740627 HTTP/1.1" 200 3196
66.249.71.54 - - [09/Aug/2015:04:12:01 +0800] "GET /content/repository/resource_content.jsp?oid=2530743&queryType=qs&queryString=%E4%BA%AC%E5%80%89 HTTP/1.1" 200 30081
66.249.71.72 - - [09/Aug/2015:04:12:03 +0800] "GET /content/nav/relationSubject.jsp?relationWords=&oid=2568602 HTTP/1.1" 200 1405
66.249.71.14 - - [09/Aug/2015:04:12:11 +0800] "GET /digiarch3/content/nav/relationSubject.jsp?relationWords=%E5%8A%9F%E6%9B%B9+%E7%AB%A0%E5%92%8C+%E9%A1%8C%E8%A8%98+&oid=1833453 HTTP/1.1" 200 4872
66.249.71.14 - - [09/Aug/2015:04:12:12 +0800] "GET /digiarch3/content/nav/relationSubject.jsp?relationWords=%E6%A3%98%E9%AE%AB+%E7%83%8F%E9%AF%8A+%E7%87%88%E7%B1%A0%E6%A3%98%E9%AE%AB+%E9%BB%91%E6%B2%99+&oid=14137 HTTP/1.1" 200 3466
66.249.71.14 - - [09/Aug/2015:04:12:13 +0800] "GET /digiarch3/content/nav/relationSubject.jsp?relationWords=%E5%8A%9F%E6%9B%B9%20%E7%AB%A0%E5%92%8C%20%E9%A1%8C%E8%A8%98%20&oid=1833453 HTTP/1.1" 200 4872
66.249.71.14 - - [09/Aug/2015:04:12:14 +0800] "GET /digiarch3/content/nav/relationSubject.jsp?relationWords=%E6%A3%98%E9%AE%AB%20%E7%83%8F%E9%AF%8A%20%E7%87%88%E7%B1%A0%E6%A3%98%E9%AE%AB%20%E9%BB%91%E6%B2%99%20&oid=14137 HTTP/1.1" 200 3466
68.180.228.24 - - [09/Aug/2015:04:12:15 +0800] "GET /content/subject/resource_content.jsp?oid=16777633&queryType=qc HTTP/1.1" 200 56606
220.181.108.84 - - [09/Aug/2015:04:13:07 +0800] "GET /content/repository/resource_content.jsp?oid=2555574 HTTP/1.1" 200 28843
66.249.71.23 - - [09/Aug/2015:04:13:47 +0800] "GET /digiarch3/content/subject/resource_content.jsp?oid=16777287&queryType=qs&queryString=%E6%A1%83%E9%87%91%E5%AD%83%E7%A7%91 HTTP/1.1" 200 33578
66.249.71.41 - - [09/Aug/2015:04:13:47 +0800] "GET /content/nav/relationSubject.jsp?relationWords=%E5%BB%BA%E8%A8%AD%E5%BB%B3+%E7%9C%81%E6%94%BF%E5%BA%9C+%E8%87%BA%E7%81%A3%E7%9C%81+%E8%AD%A6%E5%82%99%E7%B8%BD%E5%8F%B8%E4%BB%A4%E9%83%A8+%E9%98%B2%E7%A9%BA+&oid=1549187 HTTP/1.1" 200 4687
66.249.71.23 - - [09/Aug/2015:04:13:48 +0800] "GET /digiarch3/content/nav/relationSubject.jsp?relationWords=%E4%BA%94%E5%B9%B4%E7%A5%AD+%E5%88%BA%E7%90%83+%E7%A5%96%E9%9D%88+%E7%A5%AD%E5%84%80+%E9%9D%92%E5%B0%91%E5%B9%B4+&oid=4388285 HTTP/1.1" 200 4201
66.249.71.41 - - [09/Aug/2015:04:13:53 +0800] "GET /content/repository/resource_content.jsp?oid=15139&queryType=qs&queryString=%E6%91%A9%E9%B9%BF%E5%8A%A0 HTTP/1.1" 200 33950
66.249.79.161 - - [09/Aug/2015:04:13:56 +0800] "GET /digiarch3/content/nav/relationSubject.jsp?relationWords=%E4%BA%94%E5%B9%B4%E7%A5%AD%20%E5%88%BA%E7%90%83%20%E7%A5%96%E9%9D%88%20%E7%A5%AD%E5%84%80%20%E9%9D%92%E5%B0%91%E5%B9%B4%20&oid=4388285 HTTP/1.1" 200 4201
66.249.71.59 - - [09/Aug/2015:04:13:58 +0800] "GET /content/nav/relationSubject.jsp?relationWords=%E5%BB%BA%E8%A8%AD%E5%BB%B3%20%E7%9C%81%E6%94%BF%E5%BA%9C%20%E8%87%BA%E7%81%A3%E7%9C%81%20%E8%AD%A6%E5%82%99%E7%B8%BD%E5%8F%B8%E4%BB%A4%E9%83%A8%20%E9%98%B2%E7%A9%BA%20&oid=1549187 HTTP/1.1" 200 4687
66.249.71.23 - - [09/Aug/2015:04:14:00 +0800] "GET /digiarch3/content/repository/resource_content.jsp?oid=4387937&queryString=%E6%95%99%E6%9D%90%20%E8%A6%96%E8%A6%BA%20%E8%A6%96%E8%A6%BA%E8%97%9D%E8%A1%93%20%E9%AD%AF%E5%87%B1%20%E9%AD%AF%E5%87%B1%E6%97%8F HTTP/1.1" 200 32121
66.249.71.23 - - [09/Aug/2015:04:14:07 +0800] "GET /digiarch3/content/subject/resource_content.jsp?oid=16777475&queryType=qs&queryString=%E6%95%B8%E4%BD%8D%E5%85%B8%E8%97%8F%E5%B1%95%E7%A4%BA HTTP/1.1" 200 62132
66.249.71.41 - - [09/Aug/2015:04:14:11 +0800] "GET /content/nav/relationSubject.jsp?relationWords=%E5%8D%9C%E8%BE%AD+%E7%94%B2%E9%AA%A8%E6%96%87+%E7%AE%97%E5%91%BD+&oid=16777289 HTTP/1.1" 200 3556
66.249.71.14 - - [09/Aug/2015:04:14:14 +0800] "GET /digiarch3/content/repository/resource_content.jsp?oid=4478581&queryType=qs&queryString=%E8%88%9E%E8%B8%8F HTTP/1.1" 200 28314
66.249.71.5 - - [09/Aug/2015:04:14:15 +0800] "GET /digiarch3/content/nav/relationSubject.jsp?relationWords=%E5%9C%8B%E6%B0%91%E5%AD%B8%E6%A0%A1%20%E5%AF%A6%E8%B8%90%E5%AD%B8%E7%A4%BE%20%E7%9C%81%E8%AD%B0%E6%9C%83%20%E7%9F%B3%E7%89%8C%E5%9C%8B%E6%B0%91%E5%AD%B8%E6%A0%A1%20&oid=16777699 HTTP/1.1" 200 5414
66.249.71.41 - - [09/Aug/2015:04:14:21 +0800] "GET /content/repository/resource_content.jsp?oid=1895066&queryType=qs&queryString=%E9%87%8D%E6%85%B6%E5%8D%97%E8%B7%AF HTTP/1.1" 200 29226
66.249.71.41 - - [09/Aug/2015:04:14:26 +0800] "GET /content/nav/relationSubject.jsp?relationWords=%E5%8D%9C%E8%BE%AD%20%E7%94%B2%E9%AA%A8%E6%96%87%20%E7%AE%97%E5%91%BD%20&oid=16777289 HTTP/1.1" 200 3556
66.249.71.23 - - [09/Aug/2015:04:14:28 +0800] "GET /digiarch3/content/repository/resource_content.jsp?oid=1869928&queryType=qs&queryString=%E5%B1%B1%E5%BD%AA%E9%8E%AE HTTP/1.1" 200 30187
66.249.79.14 - - [09/Aug/2015:04:14:36 +0800] "GET /content/repository/resource_content.jsp?oid=2677552&queryType=qs&queryString=%E6%B8%85%E8%81%96%E7%A5%96 HTTP/1.1" 200 28922
66.249.71.59 - - [09/Aug/2015:04:14:43 +0800] "GET /content/repository/resource_content.jsp?oid=4475858&queryType=qs&queryString=%E6%BC%A2%E6%B0%91%E6%97%8F HTTP/1.1" 200 28406
66.249.71.23 - - [09/Aug/2015:04:14:45 +0800] "GET /digiarch3/content/nav/relationSubject.jsp?relationWords=%E9%87%91%E7%B4%99+&oid=4362939 HTTP/1.1" 200 2927
66.249.71.41 - - [09/Aug/2015:04:14:49 +0800] "GET /content/repository/resource_content.jsp?oid=1634146&queryType=qs&queryString=%E6%B5%B7%E8%BB%8D%E9%99%B8%E6%88%B0%E9%9A%8A HTTP/1.1" 200 29224
66.249.71.23 - - [09/Aug/2015:04:14:50 +0800] "GET /digiarch3/content/nav/relationSubject.jsp?relationWords=%E9%87%91%E7%B4%99%20&oid=4362939 HTTP/1.1" 200 2927
66.249.71.5 - - [09/Aug/2015:04:14:56 +0800] "GET /digiarch3/content/repository/resource_content.jsp?oid=1546767&queryString=%E5%AE%89%E5%85%A8%E6%A1%88%20%E7%9F%B3%E9%A0%AD%E5%85%AC%20%E7%A4%BE%E9%A0%AD%E9%84%89%20%E8%BE%B2%E5%B1%B1%20%E8%BE%B2%E7%94%A2%E5%93%81 HTTP/1.1" 200 29294
66.249.71.5 - - [09/Aug/2015:04:15:03 +0800] "GET /digiarch3/content/repository/resource_content.jsp?oid=4351731&queryString=%E7%99%BD%E7%B7%A3%E8%A3%B8%E8%83%B8%E9%AF%99%20%E7%99%BD%E7%B7%A3%E8%A3%B8%E8%83%B8%E9%B1%94%20%E8%96%AF%E9%B0%BB%20%E8%99%8E%E9%B0%BB%20%E8%A3%B8%E8%83%B8%20%E8%A3%B8%E8%83%B8%E9%AF%99%20%E8%A3%B8%E8%83%B8%E9%B1%94%20%E9%8C%A2%E9%B0%BB HTTP/1.1" 200 35988
66.249.71.5 - - [09/Aug/2015:04:15:10 +0800] "GET /digiarch3/content/repository/resource_content.jsp?oid=15486&queryString=%E4%B8%89%E8%A7%92%E4%BB%94%20%E5%8D%97%E6%96%B9%E6%93%AC%E9%87%91%E7%9C%BC%E9%AF%9B%20%E5%96%AE%E9%B0%AD%E9%AD%9A%20%E6%93%AC%E9%87%91%E7%9C%BC%E9%AF%9B%20%E7%9A%AE%E5%88%80%20%E8%A7%A3%E9%A4%8C%E5%88%80%20%E9%AF%9B%E7%A7%91 HTTP/1.1" 200 36236
66.249.71.14 - - [09/Aug/2015:04:15:17 +0800] "GET /digiarch3/content/subject/resource_content.jsp?oid=16777825&queryString= HTTP/1.1" 200 41693
66.249.71.23 - - [09/Aug/2015:04:15:18 +0800] "GET /digiarch3/content/nav/relationSubject.jsp?relationWords=%E6%A1%83%E9%87%91%E5%AD%83+%E6%A1%83%E9%87%91%E5%AD%83%E7%A7%91+%E6%A4%8D%E7%89%A9%E7%95%8C+%E7%99%BD%E5%8D%83%E5%B1%A4+&oid=3823354 HTTP/1.1" 200 4691
66.249.71.5 - - [09/Aug/2015:04:15:21 +0800] "GET /digiarch3/content/nav/relationSubject.jsp?relationWords=%E6%A1%83%E9%87%91%E5%AD%83%20%E6%A1%83%E9%87%91%E5%AD%83%E7%A7%91%20%E6%A4%8D%E7%89%A9%E7%95%8C%20%E7%99%BD%E5%8D%83%E5%B1%A4%20&oid=3823354 HTTP/1.1" 200 4691
66.249.71.23 - - [09/Aug/2015:04:15:24 +0800] "GET /digiarch3/content/repository/resource_content.jsp?oid=4551045&queryType=qs&queryString=%E9%A6%99%E8%9E%BA HTTP/1.1" 200 30693
66.249.71.59 - - [09/Aug/2015:04:15:34 +0800] "GET /content/nav/relationSubject.jsp?relationWords=%E5%85%AB%E5%8D%A6%E5%8A%8D%E7%8D%85+%E5%8E%AD%E5%8B%9D+%E6%9C%A8%E9%9B%95+&oid=4362335 HTTP/1.1" 200 3069
66.249.71.41 - - [09/Aug/2015:04:15:39 +0800] "GET /content/repository/resource_content.jsp?oid=1533823&queryType=qs&queryString=%E5%AD%B8%E7%94%9F%E7%94%9F%E6%B4%BB HTTP/1.1" 200 29254
66.249.71.41 - - [09/Aug/2015:04:15:39 +0800] "GET /content/nav/relationSubject.jsp?relationWords=%E5%85%AB%E5%8D%A6%E5%8A%8D%E7%8D%85%20%E5%8E%AD%E5%8B%9D%20%E6%9C%A8%E9%9B%95%20&oid=4362335 HTTP/1.1" 200 3069
66.249.71.41 - - [09/Aug/2015:04:15:55 +0800] "GET /content/repository/resource_content.jsp?oid=1110854&queryString=%E7%A9%97%E8%8A%B1%E5%B1%B1%E5%A5%88%20%E9%87%8E%E8%96%91%E8%8A%B1 HTTP/1.1" 200 30181
66.249.71.5 - - [09/Aug/2015:04:15:59 +0800] "GET /digiarch3/content/repository/resource_content.jsp?oid=4387937&queryString=%E5%8F%A4%E8%AC%A0%20%E5%A5%BD%E8%8C%B6%20%E7%A5%AD%E5%84%80%20%E8%B1%90%E5%B9%B4%E7%A5%AD%20%E9%AD%AF%E5%87%B1%20%E9%AD%AF%E5%87%B1%E6%97%8F HTTP/1.1" 200 32279
66.249.71.5 - - [09/Aug/2015:04:16:06 +0800] "GET /digiarch3/content/repository/resource_content.jsp?oid=14157&queryType=qs&queryString=%E7%90%B5%E7%90%B6%E9%AE%AB HTTP/1.1" 200 30934
66.249.71.5 - - [09/Aug/2015:04:16:26 +0800] "GET /digiarch3/content/nav/relationSubject.jsp?relationWords=%E5%A3%81%E7%95%AB+%E5%AD%9D%E5%A0%82%E5%B1%B1+%E5%AD%AB%E9%BE%8D+%E5%AE%9A%E5%B7%9E+%E6%96%87%E9%BE%8D+%E7%94%B2%E9%AA%A8+%E7%94%B2%E9%AA%A8%E6%96%87+%E8%82%A5%E5%9F%8E+%E9%83%AD%E5%B7%A8+%E9%83%AD%E6%B0%8F+%E9%A1%8C%E8%A8%98+&oid=1829075 HTTP/1.1" 200 5214
66.249.71.23 - - [09/Aug/2015:04:16:29 +0800] "GET /digiarch3/content/nav/relationSubject.jsp?relationWords=%E5%A3%81%E7%95%AB%20%E5%AD%9D%E5%A0%82%E5%B1%B1%20%E5%AD%AB%E9%BE%8D%20%E5%AE%9A%E5%B7%9E%20%E6%96%87%E9%BE%8D%20%E7%94%B2%E9%AA%A8%20%E7%94%B2%E9%AA%A8%E6%96%87%20%E8%82%A5%E5%9F%8E%20%E9%83%AD%E5%B7%A8%20%E9%83%AD%E6%B0%8F%20%E9%A1%8C%E8%A8%98%20&oid=1829075 HTTP/1.1" 200 5214
66.249.71.5 - - [09/Aug/2015:04:16:34 +0800] "GET /digiarch3/content/nav/relationSubject.jsp?relationWords=%E6%A4%8D%E7%89%A9%E7%95%8C+%E6%A6%95%E5%B1%AC+%E8%96%9C%E8%8D%94+&oid=3814948 HTTP/1.1" 200 3946
66.249.71.5 - - [09/Aug/2015:04:16:38 +0800] "GET /digiarch3/content/nav/relationSubject.jsp?relationWords=%E6%A4%8D%E7%89%A9%E7%95%8C%20%E6%A6%95%E5%B1%AC%20%E8%96%9C%E8%8D%94%20&oid=3814948 HTTP/1.1" 200 3946
66.249.71.5 - - [09/Aug/2015:04:16:42 +0800] "GET /digiarch3/content/subject/resource_content.jsp?oid=16777617&queryType=qs&queryString=%E9%86%AB%E5%AD%B8%E6%95%99%E8%82%B2 HTTP/1.1" 200 60971
66.249.71.23 - - [09/Aug/2015:04:16:49 +0800] "GET /digiarch3/content/repository/resource_content.jsp?oid=1888165&queryString=%E6%98%8E%E4%BF%A1%E7%89%87%20%E6%9D%9C%E7%A3%81%20%E6%9D%9C%E9%A6%99%E5%9C%8B HTTP/1.1" 200 31852
66.249.71.50 - - [09/Aug/2015:04:17:03 +0800] "GET /content/subject/resource_content.jsp?oid=16777418&queryString=%E5%A4%A7%E8%8A%B1%E7%B4%AB%E8%96%87 HTTP/1.1" 200 36745
66.249.71.14 - - [09/Aug/2015:04:17:10 +0800] "GET /digiarch3/content/repository/resource_content.jsp?oid=4388329&queryType=qs&queryString=%E8%B7%AF%E7%A5%AD HTTP/1.1" 200 30694
66.249.71.50 - - [09/Aug/2015:04:17:10 +0800] "GET /content/nav/relationSubject.jsp?relationWords=%E6%81%AF%E9%8A%80+%E6%B0%B8%E5%B9%B3%E5%BA%9C+%E9%8A%80%E4%BA%8B+&oid=2569821 HTTP/1.1" 200 3175
66.249.71.50 - - [09/Aug/2015:04:17:13 +0800] "GET /content/nav/relationSubject.jsp?relationWords=%E6%81%AF%E9%8A%80%20%E6%B0%B8%E5%B9%B3%E5%BA%9C%20%E9%8A%80%E4%BA%8B%20&oid=2569821 HTTP/1.1" 200 3175
66.249.71.59 - - [09/Aug/2015:04:17:17 +0800] "GET /content/repository/resource_content.jsp?oid=1631455&queryType=qs&queryString=%E4%BC%81%E6%A5%AD%E7%B5%84%E7%B9%94 HTTP/1.1" 200 28971
66.249.71.14 - - [09/Aug/2015:04:17:21 +0800] "GET /digiarch3/content/nav/relationSubject.jsp?relationWords=%E4%B8%AD%E8%85%B9+%E4%B8%AD%E8%85%B9%E8%B6%B3%E7%9B%AE+%E5%8F%B0%E7%81%A3%E5%A4%A7%E5%B1%B1%E8%9D%B8%E7%89%9B+%E5%A4%A7%E5%B1%B1%E8%9D%B8%E7%89%9B+%E5%B1%B1%E8%9D%B8%E7%89%9B+%E5%B1%B1%E8%9D%B8%E7%89%9B%E7%A7%91+%E8%85%B9%E8%B6%B3%E7%B6%B1+&oid=1636938 HTTP/1.1" 200 3619
66.249.71.5 - - [09/Aug/2015:04:17:23 +0800] "GET /digiarch3/content/nav/relationSubject.jsp?relationWords=%E4%B8%AD%E8%85%B9%20%E4%B8%AD%E8%85%B9%E8%B6%B3%E7%9B%AE%20%E5%8F%B0%E7%81%A3%E5%A4%A7%E5%B1%B1%E8%9D%B8%E7%89%9B%20%E5%A4%A7%E5%B1%B1%E8%9D%B8%E7%89%9B%20%E5%B1%B1%E8%9D%B8%E7%89%9B%20%E5%B1%B1%E8%9D%B8%E7%89%9B%E7%A7%91%20%E8%85%B9%E8%B6%B3%E7%B6%B1%20&oid=1636938 HTTP/1.1" 200 3619
66.249.71.23 - - [09/Aug/2015:04:17:31 +0800] "GET /digiarch3/content/repository/resource_content.jsp?oid=1081659&queryString=%E5%88%BA%E5%B0%BE%E9%AF%9B%E7%A7%91%20%E5%89%9D%E7%9A%AE%E4%BB%94%20%E7%92%B0%E7%B4%8B%E9%BC%BB%E9%AD%9A HTTP/1.1" 200 34013
66.249.71.5 - - [09/Aug/2015:04:17:38 +0800] "GET /digiarch3/content/repository/resource_content.jsp?oid=19889&queryString=%E5%A4%A7%E8%82%9A%E9%AD%9A%20%E9%A3%9F%E8%9A%8A%E9%AD%9A HTTP/1.1" 200 30006
66.249.71.5 - - [09/Aug/2015:04:17:46 +0800] "GET /digiarch3/content/repository/resource_content.jsp?oid=4456785&queryType=qs&queryString=%E7%B8%BD%E5%8B%99%E9%95%B7%E5%AE%98 HTTP/1.1" 200 29038
66.249.71.14 - - [09/Aug/2015:04:17:52 +0800] "GET /digiarch3/content/repository/resource_content.jsp?oid=1125114&queryString=%E5%8D%91%E5%8D%97%E9%84%89%20%E5%98%89%E8%B1%90%20%E5%BA%9C%E5%BB%BA%E6%B0%B4%20%E6%B0%B4%E5%AD%97%20%E8%87%BA%E6%9D%B1%E7%B8%A3 HTTP/1.1" 200 35427
66.249.71.14 - - [09/Aug/2015:04:17:59 +0800] "GET /digiarch3/content/subject/resource_content.jsp?oid=16777460&queryType=qs&queryString=%E5%85%AC%E5%8B%99%E4%BA%BA%E5%93%A1 HTTP/1.1" 200 38916
66.249.71.41 - - [09/Aug/2015:04:18:13 +0800] "GET /content/repository/resource_content.jsp?oid=1895161&queryString=%E4%BA%8C%E5%85%AB%E5%BA%9C%E8%B2%A1%20%E5%BA%AB%E6%94%B6%E6%A1%88%20%E6%84%9B%E5%9C%8B%E7%8D%8E%E5%88%B8%20%E6%89%80%E5%BE%97%E7%A8%85%20%E7%9C%81%E6%94%BF%E5%BA%9C%20%E8%88%9E%E4%BA%BA%20%E8%B2%A1%E7%A8%85 HTTP/1.1" 200 30717
66.249.71.14 - - [09/Aug/2015:04:18:20 +0800] "GET /digiarch3/content/repository/resource_content.jsp?oid=3041037&queryType=qs&queryString=%E5%A4%A9%E5%90%9B%E9%BC%8E HTTP/1.1" 200 29656
