124.238.251.36 - - [09/Feb/2014:21:43:12 +0800] "GET /content/subject/resource_content.jsp?oid=16777769&queryType=qc HTTP/1.0" 200 40347
221.194.129.96 - - [09/Feb/2014:21:43:17 +0800] "GET /content/subject/resource_content.jsp?oid=16777766&queryType=qc HTTP/1.0" 200 49681
66.249.77.195 - - [09/Feb/2014:21:43:17 +0800] "GET /content/repository/resource_content.jsp?oid=1457800&queryString=%E6%A4%8D%E7%89%A9%E7%95%8C%20%E8%8F%8A%E7%A7%91%20%E9%9B%99%E5%AD%90%E8%91%89%20%E9%9B%99%E5%AD%90%E8%91%89%E6%A4%8D%E7%89%A9%20%E9%A6%99%E8%8C%B9%20%E9%A6%99%E8%8C%B9%E5%B1%AC HTTP/1.1" 200 29937
221.194.129.96 - - [09/Feb/2014:21:43:21 +0800] "GET /content/subject/resource_content.jsp?oid=16777364&queryType=qc HTTP/1.0" 200 33516
221.194.129.96 - - [09/Feb/2014:21:43:25 +0800] "GET /content/subject/resource_content.jsp?oid=16777351&queryType=qc HTTP/1.0" 200 33049
124.238.251.36 - - [09/Feb/2014:21:43:25 +0800] "GET /content/subject/resource_content.jsp?oid=16777714&queryType=qc HTTP/1.0" 200 41349
221.194.129.96 - - [09/Feb/2014:21:43:29 +0800] "GET /content/subject/resource_content.jsp?oid=16777489&queryType=qc HTTP/1.0" 200 73836
124.238.251.36 - - [09/Feb/2014:21:43:38 +0800] "GET /content/subject/resource_content.jsp?oid=16777498&queryType=qc HTTP/1.0" 200 39457
66.249.77.172 - - [09/Feb/2014:21:43:38 +0800] "GET /content/subject/resource_content.jsp?oid=16777519&queryType=qs&queryString=%E6%97%A5%E6%93%9A%E6%99%82%E4%BB%A3 HTTP/1.1" 200 35022
66.249.77.195 - - [09/Feb/2014:21:43:40 +0800] "GET /content/subject/resource_content.jsp?oid=16777367 HTTP/1.1" 200 25050
124.238.251.36 - - [09/Feb/2014:21:43:56 +0800] "GET /content/subject/resource_content.jsp?oid=16777282&queryType=qc HTTP/1.0" 200 27929
124.238.251.36 - - [09/Feb/2014:21:44:08 +0800] "GET /content/subject/resource_content.jsp?oid=16777283&queryType=qc HTTP/1.0" 200 27082
124.238.251.36 - - [09/Feb/2014:21:44:13 +0800] "GET /content/subject/resource_content.jsp?oid=16777391&queryType=qc HTTP/1.0" 200 40612
124.238.251.36 - - [09/Feb/2014:21:44:24 +0800] "GET /content/subject/resource_content.jsp?oid=16777390&queryType=qc HTTP/1.0" 200 42055
66.249.77.172 - - [09/Feb/2014:21:44:59 +0800] "GET /content/subject/resource_content.jsp?oid=16777519&queryType=qs&queryString=%E6%B0%B4%E5%9C%9F%E4%BF%9D%E6%8C%81 HTTP/1.1" 200 35022
66.249.77.172 - - [09/Feb/2014:21:46:03 +0800] "GET /content/nav/relationSubject.jsp?relationWords=%E5%8F%A4%E5%9C%B0%E5%9C%96+&oid=16777514 HTTP/1.1" 200 3984
66.249.77.172 - - [09/Feb/2014:21:46:04 +0800] "GET /content/nav/relationSubject.jsp?relationWords=%E5%8F%A4%E5%9C%B0%E5%9C%96+&oid=16777514 HTTP/1.1" 200 3984
66.249.77.172 - - [09/Feb/2014:21:46:05 +0800] "GET /content/nav/relationSubject.jsp?relationWords=%E4%B9%9D%E5%AD%94+%E4%B9%9D%E5%AD%94%E8%9E%BA+%E7%89%A1%E8%A0%A3+%E9%AE%91%E9%AD%9A+&oid=16777517 HTTP/1.1" 200 3552
66.249.74.113 - - [09/Feb/2014:21:46:06 +0800] "GET /content/nav/relationSubject.jsp?relationWords=%E4%B9%9D%E5%AD%94+%E4%B9%9D%E5%AD%94%E8%9E%BA+%E7%89%A1%E8%A0%A3+%E9%AE%91%E9%AD%9A+&oid=16777517 HTTP/1.1" 200 3552
66.249.77.195 - - [09/Feb/2014:21:46:06 +0800] "GET /content/nav/relationSubject.jsp?relationWords=%E6%8B%B1%E6%A9%8B+%E6%B9%98%E8%8B%97+&oid=1177364 HTTP/1.1" 200 3420
66.249.77.195 - - [09/Feb/2014:21:46:07 +0800] "GET /content/nav/relationSubject.jsp?relationWords=%E5%A9%A6%E5%A5%B3%E8%83%8C%E9%9D%A2+%E6%A0%97%E7%B2%9F+&oid=1177805 HTTP/1.1" 200 3054
66.249.77.195 - - [09/Feb/2014:21:46:11 +0800] "GET /content/nav/relationSubject.jsp?relationWords=%E7%BE%8E%E5%B0%91%E5%A5%B3+%E8%87%BA%E7%81%A3%E5%8F%B2+&oid=16777662 HTTP/1.1" 200 5519
66.249.74.221 - - [09/Feb/2014:21:46:19 +0800] "GET /content/repository/resource_content.jsp?oid=1096778 HTTP/1.1" 200 29795
66.249.74.113 - - [09/Feb/2014:21:46:22 +0800] "GET /content/subject/resource_content.jsp?oid=16777519&queryType=qs&queryString=%E8%87%BA%E7%81%A3%E5%A4%A7%E5%AD%B8 HTTP/1.1" 200 35022
66.249.77.195 - - [09/Feb/2014:21:46:32 +0800] "GET /content/repository/resource_content.jsp?oid=1459993&queryString=%E7%94%9F%E8%8A%BD%E9%90%B5%E8%A7%92%E8%95%A8%20%E9%90%B5%E8%A7%92%E8%95%A8 HTTP/1.1" 200 30203
66.249.74.113 - - [09/Feb/2014:21:47:44 +0800] "GET /content/subject/resource_content.jsp?oid=16777555&queryType=qs&queryString=%E4%B8%80%E8%B2%AB%E9%81%93 HTTP/1.1" 200 38574
66.249.80.195 - - [09/Feb/2014:21:47:46 +0800] "GET /content/nav/relationSubject.jsp?relationWords=%E5%8F%B0%E6%9D%B1%E8%98%87%E9%90%B5+&oid=16777386 HTTP/1.1" 200 4100
114.32.27.120 - - [09/Feb/2014:21:47:46 +0800] "GET /content/nav/relationSubject.jsp?relationWords=&oid=16777459 HTTP/1.1" 200 1413
66.249.74.113 - - [09/Feb/2014:21:49:05 +0800] "GET /content/subject/resource_content.jsp?oid=16777555&queryType=qs&queryString=%E4%B8%81%E4%BB%81%E5%82%91 HTTP/1.1" 200 38529
66.249.77.236 - - [09/Feb/2014:21:49:48 +0800] "GET /content/subject/resource_content.jsp?oid=16777741&queryType=qs&queryString=%E5%82%B3%E6%95%99%E5%A3%AB HTTP/1.1" 200 52561
66.249.77.172 - - [09/Feb/2014:21:50:27 +0800] "GET /content/subject/resource_content.jsp?oid=16777289&queryType=qs&queryString=%E6%BC%A2%E5%AD%97%E6%96%87%E5%8C%96 HTTP/1.1" 200 39491
27.105.50.196 - - [09/Feb/2014:21:51:03 +0800] "GET /content/repository/resource_content.jsp?oid=1896112 HTTP/1.1" 200 27670
27.105.50.196 - - [09/Feb/2014:21:51:12 +0800] "GET /content/nav/relationSubject.jsp?relationWords=%E9%99%B3%E4%BC%AF%E6%9D%91+&oid=1896112 HTTP/1.1" 200 4167
66.249.77.172 - - [09/Feb/2014:21:51:48 +0800] "GET /content/subject/resource_content.jsp?oid=16777532&queryType=qs&queryString=%E8%91%97%E4%BD%9C%E6%AC%8A%E6%B3%95 HTTP/1.1" 200 34011
66.249.77.195 - - [09/Feb/2014:21:51:55 +0800] "GET /content/repository/resource_content.jsp?oid=2633388 HTTP/1.1" 200 28790
36.239.133.9 - - [09/Feb/2014:21:52:14 +0800] "GET /content/repository/resource_content.jsp?oid=1457740 HTTP/1.1" 200 29530
36.239.133.9 - - [09/Feb/2014:21:52:16 +0800] "GET /content/nav/relationSubject.jsp?relationWords=%E5%8F%B0%E7%81%A3%E6%A0%BC%E6%9F%83+%E6%9F%83%E6%9C%A8+%E6%9F%83%E6%9C%A8%E5%B1%AC+&oid=1457740 HTTP/1.1" 200 3269
66.249.77.236 - - [09/Feb/2014:21:53:10 +0800] "GET /content/subject/resource_content.jsp?oid=16777463&queryString=%E5%B0%8F%E8%91%89%E7%BE%85%E6%BC%A2%E6%9D%BE%20%E6%9D%BE%E6%9D%89%20%E6%9D%BE%E7%A7%91%20%E6%A4%8D%E7%89%A9%E7%95%8C%20%E6%AF%AC%E6%9E%9C%20%E7%BE%85%E6%BC%A2%E6%9D%BE%20%E7%BE%85%E6%BC%A2%E6%9D%BE%E5%B1%AC HTTP/1.1" 200 27472
66.249.74.113 - - [09/Feb/2014:21:53:17 +0800] "GET /content/subject/resource_content.jsp?oid=16777532&queryType=qs&queryString=%E8%B2%A1%E7%94%A2%E6%AC%8A HTTP/1.1" 200 33748
66.249.77.195 - - [09/Feb/2014:21:53:53 +0800] "GET /content/repository/resource_content.jsp?oid=1545361 HTTP/1.1" 200 27748
66.249.74.113 - - [09/Feb/2014:21:54:32 +0800] "GET /content/subject/resource_content.jsp?oid=16777535&queryType=qs&queryString=%E8%AB%BE%E8%B2%9D%E7%88%BE HTTP/1.1" 200 34581
66.249.77.172 - - [09/Feb/2014:21:55:54 +0800] "GET /content/subject/resource_content.jsp?oid=16777555&queryType=qs&queryString=%E5%8E%9F%E4%BD%8F%E6%B0%91%E6%96%87%E5%8C%96 HTTP/1.1" 200 38614
66.249.77.195 - - [09/Feb/2014:21:56:19 +0800] "GET /content/repository/resource_content.jsp?oid=1460057&queryString=%E8%8A%92%E7%A8%AE%20%E8%8A%92%E7%A8%AE%E8%8A%B1%20%E9%87%91%E7%B5%B2%E6%A1%83%20%E9%87%91%E7%B5%B2%E6%A1%83%E5%B1%AC%20%E9%87%91%E7%B5%B2%E6%A2%85%20%E9%9B%B2%E5%8D%97%E9%80%A3%E7%BF%B9 HTTP/1.1" 200 30156
66.249.77.172 - - [09/Feb/2014:21:57:16 +0800] "GET /content/subject/resource_content.jsp?oid=16777555&queryType=qs&queryString=%E5%AE%97%E6%95%99%E5%9C%98%E9%AB%94 HTTP/1.1" 200 38826
66.249.77.172 - - [09/Feb/2014:21:57:38 +0800] "GET /content/nav/relationSubject.jsp?relationWords=%E6%99%BA%E6%85%A7%E8%B2%A1%E7%94%A2%E6%AC%8A+%E8%91%97%E4%BD%9C%E6%AC%8A%E6%B3%95+&oid=16777532 HTTP/1.1" 200 3358
66.249.77.195 - - [09/Feb/2014:21:57:41 +0800] "GET /content/nav/relationSubject.jsp?relationWords=%E6%A4%8D%E7%89%A9%E7%95%8C+%E9%87%91%E7%B5%B2%E6%A1%83+%E9%87%91%E7%B5%B2%E6%A1%83%E5%B1%AC+%E9%87%91%E7%B5%B2%E6%A1%83%E7%A7%91+%E9%9B%99%E5%AD%90%E8%91%89+%E9%9B%99%E5%AD%90%E8%91%89%E6%A4%8D%E7%89%A9+%E9%9B%99%E8%8A%B1%E9%87%91%E7%B5%B2%E6%A1%83+&oid=1460057 HTTP/1.1" 200 3411
66.249.77.195 - - [09/Feb/2014:21:57:43 +0800] "GET /content/nav/relationSubject.jsp?relationWords=%E4%BF%84%E6%B0%8F%E9%90%B5%E8%A7%92%E8%95%A8+%E6%A4%8D%E7%89%A9%E7%95%8C+%E6%B0%B4%E9%BE%8D%E9%AA%A8+%E8%95%A8%E5%B1%AC+%E8%95%A8%E9%A1%9E%E6%A4%8D%E7%89%A9+%E9%90%B5%E8%A7%92%E8%95%A8+%E9%90%B5%E8%A7%92%E8%95%A8%E5%B1%AC+&oid=1459993 HTTP/1.1" 200 3536
112.105.25.169 - - [09/Feb/2014:21:57:44 +0800] "GET /digiarch2/content/repository/resource_content.jsp?queryString=%E5%99%A8%E7%89%A9&oid=4364370&queryType=qc HTTP/1.1" 200 8393
66.249.77.195 - - [09/Feb/2014:21:57:59 +0800] "GET /content/nav/relationSubject.jsp?relationWords=%E6%A5%8A%E6%A2%85%E9%8E%AE+&oid=1545361 HTTP/1.1" 200 4583
66.249.77.195 - - [09/Feb/2014:21:58:01 +0800] "GET /content/nav/relationSubject.jsp?relationWords=%E6%9C%A8%E8%A0%9F%E6%A8%B9+%E6%A4%8D%E7%89%A9%E7%95%8C+%E6%BC%86%E6%A8%B9+%E6%BC%86%E6%A8%B9%E5%B1%AC+%E6%BC%86%E6%A8%B9%E7%A7%91+%E7%84%A1%E6%82%A3%E5%AD%90+&oid=1096778 HTTP/1.1" 200 3371
66.249.77.172 - - [09/Feb/2014:21:58:38 +0800] "GET /content/subject/resource_content.jsp?oid=16777555&queryType=qs&queryString=%E5%8F%B0%E7%81%A3%E4%BA%BA HTTP/1.1" 200 38574
66.249.77.195 - - [09/Feb/2014:21:58:56 +0800] "GET /content/subject/resource_content.jsp?oid=16777377&queryString=%E6%9D%8E%E6%BF%9F%20%E6%A2%81%E6%80%9D%E6%B0%B8%20%E6%AE%B7%E5%A2%9F%20%E7%9B%9C%E5%A2%93%20%E8%91%A3%E4%BD%9C%E8%B3%93 HTTP/1.1" 200 53735
61.224.169.161 - - [09/Feb/2014:21:59:11 +0800] "GET /content/nav/relationSubject.jsp?relationWords=%E7%99%BD%E5%8D%83%E5%B1%A4+&oid=16777287 HTTP/1.1" 200 3860
66.249.77.195 - - [09/Feb/2014:21:59:35 +0800] "GET /content/repository/resource_content.jsp?oid=1460130&queryString=%E5%9C%B0%E6%A5%8A%E6%A2%85%20%E5%9C%B0%E6%A5%8A%E6%A2%85%E5%B1%AC%20%E5%B1%B1%E9%96%93%E5%9C%B0%E6%A5%8A%E6%A2%85%20%E6%A2%85%E5%B1%AC HTTP/1.1" 200 30170
66.249.77.172 - - [09/Feb/2014:21:59:59 +0800] "GET /content/subject/resource_content.jsp?oid=16777344&queryString=GIS%20%E5%9C%B0%E7%90%86%E8%B3%87%E8%A8%8A%20%E6%95%B8%E4%BD%8D%E5%85%B8%E8%97%8F HTTP/1.1" 200 46871
66.249.74.113 - - [09/Feb/2014:22:01:22 +0800] "GET /content/subject/resource_content.jsp?oid=16777347&queryString=%E6%89%81%E9%AF%8A%20%E7%90%B5%E7%90%B6%E9%AE%AB%20%E9%9B%B2%E7%B4%8B%E7%90%B5%E7%90%B6%E9%AE%AB HTTP/1.1" 200 32569
66.249.74.221 - - [09/Feb/2014:22:01:28 +0800] "GET /content/repository/resource_content.jsp?oid=16137 HTTP/1.1" 200 29518
66.249.77.172 - - [09/Feb/2014:22:02:43 +0800] "GET /content/subject/resource_content.jsp?oid=16777350&queryType=qs&queryString=%E8%A8%AD%E8%A8%88%E5%9C%96 HTTP/1.1" 200 35746
66.249.77.195 - - [09/Feb/2014:22:02:51 +0800] "GET /content/repository/resource_content.jsp?oid=1460148&queryString=%E5%B0%8F%E6%9D%89%E8%91%89%E7%9F%B3%E6%9D%BE%20%E6%9D%BE%E5%B1%AC%20%E7%9F%B3%E6%9D%BE%20%E7%9F%B3%E6%9D%BE%E5%B1%AC HTTP/1.1" 200 30056
111.255.6.250 - - [09/Feb/2014:22:02:57 +0800] "GET /content/tmp_exh/resource_content.jsp?oid=16777789 HTTP/1.1" 200 40771
111.255.6.250 - - [09/Feb/2014:22:02:59 +0800] "GET /content/nav/relationSubject.jsp?relationWords=%E5%9C%8B%E9%9A%9B%E6%9B%B8%E5%B1%95+%E6%80%9D%E6%83%B3+%E6%96%87%E6%98%9F+%E7%9A%87%E8%BC%BF+%E9%87%8D%E6%85%B6%E5%8D%97%E8%B7%AF+&oid=16777789 HTTP/1.1" 200 5051
111.251.254.177 - - [09/Feb/2014:22:03:04 +0800] "GET /content/nav/relationSubject.jsp?relationWords=%E6%9C%A8%E7%8A%80+%E6%A1%82%E8%8A%B1+&oid=16777255 HTTP/1.1" 200 4037
66.249.74.113 - - [09/Feb/2014:22:04:05 +0800] "GET /content/subject/resource_content.jsp?oid=16777555&queryType=qs&queryString=%E6%B0%91%E9%96%93%E4%BF%A1%E4%BB%B0 HTTP/1.1" 200 38726
111.248.121.50 - - [09/Feb/2014:22:04:19 +0800] "GET /content/nav/relationSubject.jsp?relationWords=%E6%9C%A8%E7%8A%80+%E6%A1%82%E8%8A%B1+&oid=16777255 HTTP/1.1" 200 4037
27.52.76.33 - - [09/Feb/2014:22:04:26 +0800] "GET /content/nav/relationSubject.jsp?relationWords=&oid=16777459 HTTP/1.1" 200 1413
203.203.72.74 - - [09/Feb/2014:22:04:44 +0800] "GET /content/nav/relationSubject.jsp?relationWords=%E5%B1%B1%E6%AB%BB%E8%8A%B1+&oid=16777304 HTTP/1.1" 200 4460
66.249.77.172 - - [09/Feb/2014:22:05:27 +0800] "GET /content/subject/resource_content.jsp?oid=16777555&queryType=qs&queryString=%E6%9D%8E%E4%BA%A6%E5%9C%92 HTTP/1.1" 200 38574
66.249.77.195 - - [09/Feb/2014:22:05:53 +0800] "GET /content/subject/resource_content.jsp?oid=16777635&queryType=qc HTTP/1.1" 200 62989
66.249.77.195 - - [09/Feb/2014:22:06:06 +0800] "GET /content/repository/resource_content.jsp?oid=1460149&queryString=%E5%9C%B0%E6%A5%8A%E6%A2%85%20%E5%9C%B0%E6%A5%8A%E6%A2%85%E5%B1%AC%20%E5%B1%B1%E9%96%93%E5%9C%B0%E6%A5%8A%E6%A2%85%20%E6%A2%85%E5%B1%AC HTTP/1.1" 200 30085
66.249.74.113 - - [09/Feb/2014:22:06:49 +0800] "GET /content/subject/resource_content.jsp?oid=16777556&queryType=qs&queryString=%E5%8F%B8%E9%A6%AC%E9%81%B7 HTTP/1.1" 200 39263
36.224.231.4 - - [09/Feb/2014:22:07:19 +0800] "GET /content/repository/resource_content.jsp?oid=1102323 HTTP/1.1" 200 30017
36.224.231.4 - - [09/Feb/2014:22:07:23 +0800] "GET /content/nav/relationSubject.jsp?relationWords=%E4%BB%99%E4%BA%BA%E6%8E%8C+%E4%BB%99%E4%BA%BA%E6%8E%8C%E7%A7%91+%E6%A4%8D%E7%89%A9%E7%95%8C+%E7%9F%B3%E7%AB%B9+%E9%9B%99%E5%AD%90%E8%91%89+%E9%9B%99%E5%AD%90%E8%91%89%E6%A4%8D%E7%89%A9+&oid=1102323 HTTP/1.1" 200 3440
66.249.74.113 - - [09/Feb/2014:22:08:11 +0800] "GET /content/subject/resource_content.jsp?oid=16777382&queryString=%E6%95%B8%E4%BD%8D%E5%85%B8%E8%97%8F%20%E6%98%86%E8%9F%B2%20%E7%AB%A5%E8%A9%B1 HTTP/1.1" 200 29986
42.77.10.172 - - [09/Feb/2014:22:08:21 +0800] "GET /content/nav/relationSubject.jsp?relationWords=%E5%B1%B1%E8%8C%B6%E8%8A%B1+%E6%9B%BC%E9%99%80%E7%BE%85+%E6%9B%BC%E9%99%80%E7%BE%85%E8%8A%B1+%E8%8C%B6%E8%8A%B1+&oid=16777448 HTTP/1.1" 200 3407
66.249.74.221 - - [09/Feb/2014:22:09:03 +0800] "GET /content/subject/resource_content.jsp?oid=16777313 HTTP/1.1" 200 32997
66.249.77.172 - - [09/Feb/2014:22:09:19 +0800] "GET /content/nav/relationSubject.jsp?relationWords=%E6%8B%93%E7%89%87+%E7%A7%A6%E7%8E%8B+&oid=16777556 HTTP/1.1" 200 4777
66.249.77.195 - - [09/Feb/2014:22:09:20 +0800] "GET /content/nav/relationSubject.jsp?relationWords=%E5%8F%B0%E7%81%A3%E5%9C%B0%E6%A5%8A%E6%A2%85+%E5%9C%B0%E6%A5%8A%E6%A2%85+%E5%9C%B0%E6%A5%8A%E6%A2%85%E5%B1%AC+%E6%A2%85%E5%B1%AC+%E6%A4%8D%E7%89%A9%E7%95%8C+%E7%87%88%E5%BF%83%E8%8D%89+%E7%87%88%E5%BF%83%E8%8D%89%E7%A7%91+&oid=1460149 HTTP/1.1" 200 3531
66.249.77.195 - - [09/Feb/2014:22:09:21 +0800] "GET /content/nav/relationSubject.jsp?relationWords=%E5%8F%B0%E7%81%A3%E5%9C%B0%E6%A5%8A%E6%A2%85+%E5%9C%B0%E6%A5%8A%E6%A2%85+%E5%9C%B0%E6%A5%8A%E6%A2%85%E5%B1%AC+%E6%A2%85%E5%B1%AC+%E6%A4%8D%E7%89%A9%E7%95%8C+%E7%87%88%E5%BF%83%E8%8D%89+%E7%87%88%E5%BF%83%E8%8D%89%E7%A7%91+&oid=1460130 HTTP/1.1" 200 3528
36.234.222.52 - - [09/Feb/2014:22:09:22 +0800] "GET /content/nav/relationSubject.jsp?relationWords=%E5%B1%B1%E8%8C%B6%E8%8A%B1+%E6%9B%BC%E9%99%80%E7%BE%85+%E6%9B%BC%E9%99%80%E7%BE%85%E8%8A%B1+%E8%8C%B6%E8%8A%B1+&oid=16777448 HTTP/1.1" 200 3407
66.249.77.195 - - [09/Feb/2014:22:09:23 +0800] "GET /content/repository/resource_content.jsp?oid=1461156&queryString=%E6%A4%8D%E7%89%A9%E7%95%8C%20%E8%9D%B6%E8%B1%86%20%E8%9D%B6%E8%B1%86%E5%B1%AC%20%E8%A0%B6%E8%B1%86%20%E9%9B%99%E5%AD%90%E8%91%89%20%E9%9B%99%E5%AD%90%E8%91%89%E6%A4%8D%E7%89%A9 HTTP/1.1" 200 30137
66.249.77.62 - - [09/Feb/2014:22:09:32 +0800] "GET /content/pictures/picture_content.jsp?oid=33554736 HTTP/1.1" 200 26936
61.135.169.5 - - [09/Feb/2014:22:09:55 +0800] "HEAD /content/subject/resource_content.jsp?oid=16777368 HTTP/1.0" 200 -
221.223.240.194 - - [09/Feb/2014:22:09:59 +0800] "GET /content/subject/resource_content.jsp?oid=16777368 HTTP/1.1" 200 30950
221.223.240.194 - - [09/Feb/2014:22:10:01 +0800] "GET /content/nav/relationSubject.jsp?relationWords=%E9%98%BF%E5%8B%83%E5%8B%92+&oid=16777368 HTTP/1.1" 200 2925
118.166.52.169 - - [09/Feb/2014:22:10:15 +0800] "GET /content/tmp_tec/resource_content.jsp?oid=16777734 HTTP/1.1" 200 36155
118.166.52.169 - - [09/Feb/2014:22:10:19 +0800] "GET /content/nav/relationSubject.jsp?relationWords=%E6%95%B8%E4%BD%8D%E5%85%B8%E8%97%8F+%E7%A7%91%E6%99%AE+&oid=16777734 HTTP/1.1" 200 7807
118.166.52.169 - - [09/Feb/2014:22:10:44 +0800] "GET /content/tmp_tec/resource_content.jsp?oid=16777753 HTTP/1.1" 200 33112
118.166.52.169 - - [09/Feb/2014:22:10:55 +0800] "GET /content/nav/relationSubject.jsp?relationWords=GIS+%E6%95%B8%E4%BD%8D%E5%85%B8%E8%97%8F+%E9%81%99%E6%B8%AC+%E9%81%99%E6%B8%AC%E5%BD%B1%E5%83%8F+&oid=16777753 HTTP/1.1" 200 9628
118.166.52.169 - - [09/Feb/2014:22:10:57 +0800] "GET /content/nav/relationSubject.jsp?relationWords=&oid=16777459 HTTP/1.1" 200 1413
66.249.77.195 - - [09/Feb/2014:22:11:15 +0800] "GET /content/nav/relationSubject.jsp?relationWords=%E7%B4%85%E7%9C%BC%E7%8F%8A%E7%91%9A%E8%9D%A6%E8%99%8E+%E8%99%8E%E7%A7%91+%E8%99%8E%E9%AD%9A+%E8%9D%A6%E8%99%8E+%E8%9D%A6%E8%99%8E%E7%A7%91+%E8%9D%A6%E8%99%8E%E9%AD%9A+&oid=16137 HTTP/1.1" 200 3593
66.249.77.172 - - [09/Feb/2014:22:12:16 +0800] "GET /content/subject/resource_content.jsp?oid=16777373&queryString=%E5%A4%9A%E5%AA%92%E9%AB%94%20%E6%95%B8%E4%BD%8D%E5%85%B8%E8%97%8F%20%E6%95%B8%E4%BD%8D%E5%85%B8%E8%97%8F%E6%8A%80%E8%A1%93%20%E7%9C%8B%E6%9D%BF%20%E9%9B%BB%E8%A6%96%E7%89%86 HTTP/1.1" 200 26622
66.249.77.195 - - [09/Feb/2014:22:12:38 +0800] "GET /content/repository/resource_content.jsp?oid=1461727&queryString=%E6%A4%8D%E7%89%A9%E7%95%8C%20%E8%9D%B6%E8%B1%86%20%E8%9D%B6%E8%B1%86%E5%B1%AC%20%E8%A0%B6%E8%B1%86%20%E9%9B%99%E5%AD%90%E8%91%89%20%E9%9B%99%E5%AD%90%E8%91%89%E6%A4%8D%E7%89%A9 HTTP/1.1" 200 30054
66.249.77.195 - - [09/Feb/2014:22:12:54 +0800] "GET /content/subject/resource_content.jsp?oid=16777690&queryType=qs&queryString=%E8%87%BA%E5%8C%97%E5%B8%82%E6%94%BF%E5%BA%9C HTTP/1.1" 200 39252
66.249.77.236 - - [09/Feb/2014:22:13:38 +0800] "GET /content/repository/resource_content.jsp?oid=1628243&queryType=qs&queryString=%E5%85%AC%E5%85%B1%E9%9B%BB%E8%A6%96 HTTP/1.1" 200 27739
66.249.74.113 - - [09/Feb/2014:22:15:00 +0800] "GET /content/subject/resource_content.jsp?oid=16777499&queryType=qs&queryString=%E5%9C%8B%E9%9A%9B%E6%80%A7 HTTP/1.1" 200 43415
36.231.209.239 - - [09/Feb/2014:22:15:45 +0800] "GET /content/nav/relationSubject.jsp?relationWords=%E9%9D%92%E6%A5%93+&oid=16777274 HTTP/1.1" 200 3573
66.249.74.113 - - [09/Feb/2014:22:15:54 +0800] "GET /content/repository/resource_content.jsp?oid=2145781&queryString=%E6%9D%9C%E9%B5%91 HTTP/1.1" 200 29988
66.249.77.172 - - [09/Feb/2014:22:16:38 +0800] "GET /content/subject/resource_content.jsp?oid=16777422&queryType=qs&queryString=%E4%B8%AD%E5%9C%8B%E8%BF%91%E4%BB%A3%E5%8F%B2 HTTP/1.1" 200 43829
66.249.77.195 - - [09/Feb/2014:22:19:09 +0800] "GET /content/repository/resource_content.jsp?oid=1462032&queryString=%E6%A4%8D%E7%89%A9%E7%95%8C%20%E7%9F%B3%E7%AB%B9%20%E8%8E%A7%E5%B1%AC%20%E8%8E%A7%E7%A7%91%20%E8%8E%A7%E8%8F%9C%20%E9%87%8E%E8%8E%A7%E8%8F%9C HTTP/1.1" 200 30100
66.249.74.221 - - [09/Feb/2014:22:19:59 +0800] "GET /digiarch_en/content/repository/resource_content.jsp?oid=4550506&queryString=%E4%B8%AD%E8%85%B9%E8%B6%B3%E7%9B%AE%20%E6%B3%A2%E7%B4%8B%E7%8E%89%E9%BB%8D%E8%9E%BA%20%E7%8E%89%E9%BB%8D%E8%9E%BA%E5%B1%AC%20%E7%8E%89%E9%BB%8D%E8%9E%BA%E7%A7%91%20%E8%85%B9%E8%B6%B3%E7%B6%B1 HTTP/1.1" 200 23924
1.162.81.154 - - [09/Feb/2014:22:20:01 +0800] "GET /content/nav/relationSubject.jsp?relationWords=&oid=16777623 HTTP/1.1" 200 1413
66.249.77.236 - - [09/Feb/2014:22:21:01 +0800] "GET /content/nav/relationSubject.jsp?relationWords=%E5%85%AC%E5%85%B1%E9%9B%BB%E8%A6%96+%E9%9B%BB%E8%A6%96%E5%8F%B0+&oid=1628243 HTTP/1.1" 200 4905
66.249.77.236 - - [09/Feb/2014:22:21:04 +0800] "GET /content/nav/relationSubject.jsp?relationWords=%E5%85%AC%E5%85%B1%E9%9B%BB%E8%A6%96%20%E9%9B%BB%E8%A6%96%E5%8F%B0%20&oid=1628243 HTTP/1.1" 200 4905
66.249.77.195 - - [09/Feb/2014:22:21:05 +0800] "GET /content/nav/relationSubject.jsp?relationWords=%E6%A4%8D%E7%89%A9%E7%95%8C+%E8%9D%B6%E8%B1%86+%E8%9D%B6%E8%B1%86%E5%B1%AC+%E8%A0%B6%E8%B1%86+%E9%9B%99%E5%AD%90%E8%91%89+%E9%9B%99%E5%AD%90%E8%91%89%E6%A4%8D%E7%89%A9+&oid=1461727 HTTP/1.1" 200 3374
66.249.77.195 - - [09/Feb/2014:22:21:06 +0800] "GET /content/nav/relationSubject.jsp?relationWords=%E6%A4%8D%E7%89%A9%E7%95%8C+%E8%9D%B6%E8%B1%86+%E8%9D%B6%E8%B1%86%E5%B1%AC+%E8%A0%B6%E8%B1%86+%E9%90%AE%E5%88%80%E8%8E%A2%E8%9D%B6%E8%B1%86+%E9%9B%99%E5%AD%90%E8%91%89+%E9%9B%99%E5%AD%90%E8%91%89%E6%A4%8D%E7%89%A9+&oid=1461156 HTTP/1.1" 200 3444
66.249.77.195 - - [09/Feb/2014:22:21:07 +0800] "GET /content/nav/relationSubject.jsp?relationWords=%E5%A4%A7%E6%88%9F+%E5%A4%A7%E6%88%9F%E7%A7%91+%E6%A4%8D%E7%89%A9%E7%95%8C+%E8%8E%A7%E5%B1%AC+%E8%8E%A7%E8%8F%9C+%E9%90%B5%E8%8E%A7+%E9%90%B5%E8%8E%A7%E5%B1%AC+%E9%90%B5%E8%8E%A7%E8%8F%9C+&oid=1462032 HTTP/1.1" 200 3469
66.249.74.7 - - [09/Feb/2014:22:21:28 +0800] "GET /content/nav/relationSubject.jsp?relationWords=%E9%8F%A1%E6%96%91%E8%9D%B4%E8%9D%B6%E9%AD%9A+&oid=33554736 HTTP/1.1" 200 3205
66.249.74.221 - - [09/Feb/2014:22:21:49 +0800] "GET /content/subject/resource_content.jsp?oid=16777458&queryType=qc HTTP/1.1" 200 30617
220.142.189.50 - - [09/Feb/2014:22:22:10 +0800] "GET /content/nav/relationSubject.jsp?relationWords=%E5%A4%A7%E8%91%89%E5%B1%B1+%E5%A4%A7%E8%91%89%E5%B1%B1%E6%AC%96+%E5%B1%B1%E6%AC%96+%E6%8B%BC%E6%9D%BF%E8%88%9F+%E9%81%94%E6%82%9F+%E9%81%94%E6%82%9F%E6%97%8F+&oid=16777270 HTTP/1.1" 200 4830
66.249.77.195 - - [09/Feb/2014:22:22:24 +0800] "GET /content/repository/resource_content.jsp?oid=1462953&queryString=%E5%AD%94%E9%9B%80%E8%B1%86%20%E5%AD%94%E9%9B%80%E8%B1%86%E5%B1%AC%20%E5%B0%8F%E5%AF%A6%E5%AD%94%E9%9B%80%E8%B1%86%20%E6%A4%8D%E7%89%A9%E7%95%8C%20%E8%A0%B6%E8%B1%86%20%E9%9B%99%E5%AD%90%E8%91%89%20%E9%9B%99%E5%AD%90%E8%91%89%E6%A4%8D%E7%89%A9 HTTP/1.1" 200 30059
66.249.77.195 - - [09/Feb/2014:22:22:45 +0800] "GET /digiarch_en/content/nav/relationSubject.jsp?relationWords=%E4%B8%AD%E8%85%B9+%E4%B8%AD%E8%85%B9%E8%B6%B3%E7%9B%AE+%E6%B3%A2%E7%B4%8B%E7%8E%89%E9%BB%8D%E8%9E%BA+%E7%8E%89%E9%BB%8D%E8%9E%BA+%E7%8E%89%E9%BB%8D%E8%9E%BA%E5%B1%AC+%E7%8E%89%E9%BB%8D%E8%9E%BA%E7%A7%91+%E8%85%B9%E8%B6%B3%E7%B6%B1+%E8%BB%9F%E9%AB%94%E5%8B%95%E7%89%A9%E9%96%80+&oid=4550506 HTTP/1.1" 200 3675
66.249.77.195 - - [09/Feb/2014:22:22:50 +0800] "GET /digiarch_en/content/nav/relationSubject.jsp?relationWords=%E4%B8%AD%E8%85%B9%20%E4%B8%AD%E8%85%B9%E8%B6%B3%E7%9B%AE%20%E6%B3%A2%E7%B4%8B%E7%8E%89%E9%BB%8D%E8%9E%BA%20%E7%8E%89%E9%BB%8D%E8%9E%BA%20%E7%8E%89%E9%BB%8D%E8%9E%BA%E5%B1%AC%20%E7%8E%89%E9%BB%8D%E8%9E%BA%E7%A7%91%20%E8%85%B9%E8%B6%B3%E7%B6%B1%20%E8%BB%9F%E9%AB%94%E5%8B%95%E7%89%A9%E9%96%80%20&oid=4550506 HTTP/1.1" 200 3675
66.249.77.195 - - [09/Feb/2014:22:24:13 +0800] "GET /content/repository/resource_content.jsp?oid=1525856 HTTP/1.1" 200 28154
66.249.77.195 - - [09/Feb/2014:22:24:32 +0800] "GET /content/repository/resource_content.jsp?oid=1564760 HTTP/1.1" 200 27801
42.66.144.210 - - [09/Feb/2014:22:24:56 +0800] "GET /content/nav/relationSubject.jsp?relationWords=%E6%9E%97%E7%A5%96%E5%A3%BD+%E8%93%AE%E8%88%AB+&oid=16777654 HTTP/1.1" 200 2709
66.249.77.195 - - [09/Feb/2014:22:25:40 +0800] "GET /content/repository/resource_content.jsp?oid=1463025&queryString=%E5%AD%94%E9%9B%80%E8%B1%86%20%E5%AD%94%E9%9B%80%E8%B1%86%E5%B1%AC%20%E5%B0%8F%E5%AF%A6%E5%AD%94%E9%9B%80%E8%B1%86%20%E6%A4%8D%E7%89%A9%E7%95%8C%20%E8%A0%B6%E8%B1%86%20%E9%9B%99%E5%AD%90%E8%91%89%20%E9%9B%99%E5%AD%90%E8%91%89%E6%A4%8D%E7%89%A9 HTTP/1.1" 200 30162
66.249.74.221 - - [09/Feb/2014:22:25:55 +0800] "GET /content/subject/resource_content.jsp?oid=16777472&queryString=%E5%8C%96%E5%A6%9D%E5%93%81%20%E5%A4%9A%E6%A8%A3%E6%80%A7%20%E5%B0%8F%E5%90%83 HTTP/1.1" 200 64090
111.240.147.106 - - [09/Feb/2014:22:28:37 +0800] "GET /content/subject/resource_content.jsp?oid=16777459&queryType=qs&queryString=%E5%9C%B0%E5%BD%A2%E5%9C%96 HTTP/1.1" 200 38866
111.240.147.106 - - [09/Feb/2014:22:28:37 +0800] "GET /content/nav/relationSubject.jsp?relationWords=&oid=16777459 HTTP/1.1" 200 1413
111.240.147.106 - - [09/Feb/2014:22:28:43 +0800] "GET /content/subject/resource_content.jsp?oid=16777753&queryType=qs&queryString=%E5%9C%B0%E5%BD%A2%E5%9C%96 HTTP/1.1" 200 35715
111.240.147.106 - - [09/Feb/2014:22:28:44 +0800] "GET /content/nav/relationSubject.jsp?relationWords=&oid=16777459 HTTP/1.1" 200 1413
66.249.77.236 - - [09/Feb/2014:22:28:56 +0800] "GET /content/subject/resource_content.jsp?oid=16777264&queryString=%E6%A1%83%E7%AC%A6%20%E7%A5%9E%E8%8D%BC%20%E9%AC%B1%E5%A3%98 HTTP/1.1" 200 37360
66.249.74.221 - - [09/Feb/2014:22:30:00 +0800] "GET /content/repository/resource_content.jsp?oid=1571268&queryString=%E5%AE%89%E5%85%A8%E6%A1%88%20%E6%B0%B4%E5%88%A9%E5%B1%80%20%E8%A8%AD%E5%AD%97 HTTP/1.1" 200 28874
123.192.68.208 - - [09/Feb/2014:22:31:03 +0800] "GET /content/repository/resource_content.jsp?oid=1568573 HTTP/1.1" 200 28218
123.192.68.208 - - [09/Feb/2014:22:31:04 +0800] "GET /content/nav/relationSubject.jsp?relationWords=%E5%88%9D%E4%B8%AD+%E6%95%99%E8%82%B2%E5%BB%B3+%E6%96%B0%E8%81%9E%E8%99%95+&oid=1568573 HTTP/1.1" 200 3731
66.249.77.236 - - [09/Feb/2014:22:31:21 +0800] "GET /content/subject/resource_content.jsp?oid=16777472&queryType=qc HTTP/1.1" 200 64104
66.249.77.195 - - [09/Feb/2014:22:32:08 +0800] "GET /content/nav/relationSubject.jsp?relationWords=%E4%BA%A4%E9%80%9A%E5%AE%89%E5%85%A8+%E5%8D%97%E5%B1%8F+%E5%9C%9F%E5%BA%AB+%E5%AE%89%E5%85%A8%E6%A1%88+%E6%9D%B1%E6%B8%AF%E9%84%89+%E6%B0%B4%E8%B7%AF%E6%A9%8B+%E8%B7%AF%E6%A9%8B+%E9%87%8C%E6%B8%AF+&oid=1564760 HTTP/1.1" 200 3698
66.249.77.195 - - [09/Feb/2014:22:32:10 +0800] "GET /content/nav/relationSubject.jsp?relationWords=%E7%9C%81%E6%94%BF%E5%BA%9C+%E7%9C%81%E8%AD%B0%E6%9C%83+%E7%B5%84%E7%B9%94%E8%A6%8F%E7%A8%8B+%E8%87%A8%E6%99%82%E7%9C%81%E8%AD%B0%E6%9C%83+%E8%87%BA%E7%81%A3%E7%9C%81+%E9%83%AD%E7%A7%8B+%E9%83%AD%E7%A7%8B%E7%85%8C+&oid=1525856 HTTP/1.1" 200 5611
66.249.74.113 - - [09/Feb/2014:22:32:12 +0800] "GET /content/repository/resource_content.jsp?oid=2146621&queryString=%E6%9D%9C%E9%B5%91 HTTP/1.1" 200 30108
66.249.77.195 - - [09/Feb/2014:22:32:13 +0800] "GET /content/nav/relationSubject.jsp?relationWords=%E5%AD%94%E9%9B%80%E8%B1%86+%E5%AD%94%E9%9B%80%E8%B1%86%E5%B1%AC+%E6%A4%8D%E7%89%A9%E7%95%8C+%E6%B5%B7%E7%B4%85+%E6%B5%B7%E7%B4%85%E8%B1%86+%E7%B4%85%E8%B1%86+%E8%A0%B6%E8%B1%86+%E9%9B%99%E5%AD%90%E8%91%89+%E9%9B%99%E5%AD%90%E8%91%89%E6%A4%8D%E7%89%A9+&oid=1462953 HTTP/1.1" 200 3727
66.249.74.221 - - [09/Feb/2014:22:32:13 +0800] "GET /content/nav/relationSubject.jsp?relationWords=%E5%9C%B0%E4%B8%8B%E6%B0%B4+%E5%B7%A5%E7%A8%8B%E8%99%95+%E6%B0%B4%E5%88%A9%E5%B1%80+%E9%81%95%E7%AB%A0%E5%BB%BA%E7%AF%89+&oid=1571268 HTTP/1.1" 200 3311
66.249.74.221 - - [09/Feb/2014:22:32:14 +0800] "GET /content/nav/relationSubject.jsp?relationWords=%E5%B1%B1%E6%AB%BB%E8%8A%B1+&oid=16777330 HTTP/1.1" 200 4454
66.249.77.236 - - [09/Feb/2014:22:32:15 +0800] "GET /content/nav/relationSubject.jsp?relationWords=%E5%B1%85%E5%BB%B6%E6%BC%A2%E7%B0%A1+%E6%A1%83%E7%AC%A6+%E6%BC%A2%E7%B0%A1+&oid=16777264 HTTP/1.1" 200 4228
66.249.77.236 - - [09/Feb/2014:22:32:18 +0800] "GET /content/nav/relationSubject.jsp?relationWords=%E5%B1%85%E5%BB%B6%E6%BC%A2%E7%B0%A1%20%E6%A1%83%E7%AC%A6%20%E6%BC%A2%E7%B0%A1%20&oid=16777264 HTTP/1.1" 200 4228
220.137.46.39 - - [09/Feb/2014:22:33:54 +0800] "GET /content/nav/relationSubject.jsp?relationWords=%E5%B1%B1%E8%8C%B6%E8%8A%B1+%E6%9B%BC%E9%99%80%E7%BE%85+%E6%9B%BC%E9%99%80%E7%BE%85%E8%8A%B1+%E8%8C%B6%E8%8A%B1+&oid=16777448 HTTP/1.1" 200 3407
66.249.77.172 - - [09/Feb/2014:22:33:56 +0800] "GET /content/subject/resource_content.jsp?oid=16777740&queryString= HTTP/1.1" 200 40480
66.249.77.172 - - [09/Feb/2014:22:34:05 +0800] "GET /content/subject/resource_content.jsp?oid=16777443&queryType=qs&queryString=%E8%98%AD%E5%B6%BC%E7%BE%85%E6%BC%A2%E6%9D%BE HTTP/1.1" 200 40413
27.105.46.178 - - [09/Feb/2014:22:34:28 +0800] "GET /content/tmp_tec/resource_content.jsp?oid=16777753 HTTP/1.1" 200 33112
27.105.46.178 - - [09/Feb/2014:22:34:30 +0800] "GET /content/nav/relationSubject.jsp?relationWords=GIS+%E6%95%B8%E4%BD%8D%E5%85%B8%E8%97%8F+%E9%81%99%E6%B8%AC+%E9%81%99%E6%B8%AC%E5%BD%B1%E5%83%8F+&oid=16777753 HTTP/1.1" 200 9628
66.249.77.172 - - [09/Feb/2014:22:35:27 +0800] "GET /content/subject/resource_content.jsp?oid=16777230&queryType=qs&queryString=%E4%BA%BA%E9%A0%AD%E9%AA%A8 HTTP/1.1" 200 27919
66.249.77.195 - - [09/Feb/2014:22:35:27 +0800] "GET /content/repository/resource_content.jsp?oid=1463163&queryString=%E5%AD%94%E9%9B%80%E8%B1%86%20%E5%AD%94%E9%9B%80%E8%B1%86%E5%B1%AC%20%E5%B0%8F%E5%AF%A6%E5%AD%94%E9%9B%80%E8%B1%86%20%E6%A4%8D%E7%89%A9%E7%95%8C%20%E8%A0%B6%E8%B1%86%20%E9%9B%99%E5%AD%90%E8%91%89%20%E9%9B%99%E5%AD%90%E8%91%89%E6%A4%8D%E7%89%A9 HTTP/1.1" 200 30108
27.105.46.178 - - [09/Feb/2014:22:35:31 +0800] "GET /content/nav/relationSubject.jsp?relationWords=&oid=16777459 HTTP/1.1" 200 1413
66.249.77.172 - - [09/Feb/2014:22:36:49 +0800] "GET /content/subject/resource_content.jsp?oid=16777443&queryType=qs&queryString=%E8%B1%A1%E7%89%99%E6%9F%BF HTTP/1.1" 200 39073
66.249.74.113 - - [09/Feb/2014:22:38:11 +0800] "GET /content/subject/resource_content.jsp?oid=16777231&queryType=qs&queryString=%E6%A0%A1%E5%A4%96%E6%95%99%E5%AD%B8 HTTP/1.1" 200 27462
66.249.77.195 - - [09/Feb/2014:22:38:43 +0800] "GET /content/repository/resource_content.jsp?oid=15005&queryString=%E5%8F%B0%E6%9D%B1%E9%BE%8D%E8%86%BD%20%E6%A4%8D%E7%89%A9%E7%95%8C%20%E9%BE%8D%E8%86%BD%20%E9%BE%8D%E8%86%BD%E5%B1%AC%20%E9%BE%8D%E8%86%BD%E7%A7%91 HTTP/1.1" 200 33751
66.249.77.236 - - [09/Feb/2014:22:39:23 +0800] "GET /content/repository/resource_content.jsp?oid=217066&queryString=GIS%20%E5%9C%B0%E5%BD%A2%E5%9C%96%20%E5%A0%A1%E5%9C%96%20%E8%95%83%E5%9C%B0 HTTP/1.1" 200 29517
66.249.77.172 - - [09/Feb/2014:22:39:32 +0800] "GET /content/subject/resource_content.jsp?oid=16777233&queryType=qs&queryString=%E6%A0%A1%E5%A4%96%E6%95%99%E5%AD%B8 HTTP/1.1" 200 28804
66.249.77.172 - - [09/Feb/2014:22:40:54 +0800] "GET /content/subject/resource_content.jsp?oid=16777255&queryType=qs&queryString=%E9%80%A3%E7%94%9F%E8%B2%B4%E5%AD%90 HTTP/1.1" 200 30660
66.249.77.172 - - [09/Feb/2014:22:41:00 +0800] "GET /content/tmp_auth/resource_content.jsp?oid=16777759 HTTP/1.1" 200 24521
66.249.74.221 - - [09/Feb/2014:22:41:59 +0800] "GET /content/repository/resource_content.jsp?oid=15156&queryString=%E5%96%AE%E8%89%B2%20%E6%BC%86%E6%A9%8B HTTP/1.1" 200 32976
66.249.77.172 - - [09/Feb/2014:22:42:16 +0800] "GET /content/subject/resource_content.jsp?oid=16777255&queryType=qs&queryString=%E9%BD%8B%E6%98%8E%E5%AF%BA HTTP/1.1" 200 30640
66.249.77.172 - - [09/Feb/2014:22:42:53 +0800] "GET /content/nav/relationSubject.jsp?relationWords=%E6%BC%A2%E4%BB%A3+%E6%BC%A2%E7%B0%A1+%E7%95%AA%E7%A4%BE+%E7%95%AA%E7%A4%BE%E9%87%87%E9%A2%A8%E5%9C%96+%E7%B0%A1%E7%89%98+%E9%87%87%E9%A2%A8%E5%9C%96+&oid=16777740 HTTP/1.1" 200 4784
66.249.77.172 - - [09/Feb/2014:22:43:22 +0800] "GET /content/nav/relationSubject.jsp?relationWords=%E6%A0%A1%E5%A4%96%E6%95%99%E5%AD%B8+&oid=16777231 HTTP/1.1" 200 3683
66.249.77.195 - - [09/Feb/2014:22:43:28 +0800] "GET /content/nav/relationSubject.jsp?relationWords=%E5%AD%94%E9%9B%80%E8%B1%86+%E5%AD%94%E9%9B%80%E8%B1%86%E5%B1%AC+%E6%A4%8D%E7%89%A9%E7%95%8C+%E6%B5%B7%E7%B4%85+%E6%B5%B7%E7%B4%85%E8%B1%86+%E7%B4%85%E8%B1%86+%E8%A0%B6%E8%B1%86+%E9%9B%99%E5%AD%90%E8%91%89+%E9%9B%99%E5%AD%90%E8%91%89%E6%A4%8D%E7%89%A9+&oid=1463163 HTTP/1.1" 200 3727
66.249.77.172 - - [09/Feb/2014:22:43:37 +0800] "GET /content/subject/resource_content.jsp?oid=16777256&queryType=qs&queryString=%E5%9C%8B%E9%9A%9B%E9%87%91%E8%9E%8D HTTP/1.1" 200 36393
101.12.215.112 - - [09/Feb/2014:22:44:06 +0800] "GET /content/nav/relationSubject.jsp?relationWords=%E6%B8%85%E8%81%96%E7%A5%96+%E8%81%96%E7%A5%96+&oid=16777381 HTTP/1.1" 200 3977
66.249.74.113 - - [09/Feb/2014:22:45:00 +0800] "GET /content/subject/resource_content.jsp?oid=16777256&queryType=qs&queryString=%E6%AC%A1%E7%B4%9A%E6%88%BF%E8%B2%B8 HTTP/1.1" 200 36236
66.249.77.195 - - [09/Feb/2014:22:45:14 +0800] "GET /content/repository/resource_content.jsp?oid=1516233&queryString=%E6%B5%81%E7%94%A2%20%E7%9F%B3%E5%B2%A1%E5%A3%A9%20%E8%87%BA%E4%B8%AD%E7%B8%A3 HTTP/1.1" 200 28480
61.227.200.125 - - [09/Feb/2014:22:45:51 +0800] "GET /content/nav/relationSubject.jsp?relationWords=%E6%BE%A4%E8%98%AD+%E8%8A%B1%E8%94%93+%E8%94%93%E6%BE%A4+%E8%94%93%E6%BE%A4%E8%98%AD+&oid=16777266 HTTP/1.1" 200 4351
66.249.77.172 - - [09/Feb/2014:22:46:21 +0800] "GET /content/subject/resource_content.jsp?oid=16777256&queryType=qs&queryString=%E7%89%B9%E5%AE%9A%E5%8D%80 HTTP/1.1" 200 36100
220.181.108.94 - - [09/Feb/2014:22:46:45 +0800] "GET /content/repository/resource_content.jsp?oid=3128321 HTTP/1.1" 200 28682
66.249.74.221 - - [09/Feb/2014:22:46:58 +0800] "GET /content/repository/resource_content.jsp?oid=1516938 HTTP/1.1" 200 28327
66.249.77.172 - - [09/Feb/2014:22:47:30 +0800] "GET /content/subject/resource_content.jsp?oid=16777489&queryType=qs&queryString=%E5%9C%8B%E9%9A%9B%E6%9B%B8%E5%B1%95 HTTP/1.1" 200 73898
66.249.77.172 - - [09/Feb/2014:22:47:43 +0800] "GET /content/subject/resource_content.jsp?oid=16777256&queryType=qs&queryString=%E8%AD%89%E5%88%B8%E5%95%86 HTTP/1.1" 200 36241
101.12.215.112 - - [09/Feb/2014:22:47:49 +0800] "GET /content/repository/resource_content.jsp?oid=2671805&queryString=%E6%B8%85%E8%81%96%E7%A5%96%20%E8%81%96%E7%A5%96 HTTP/1.1" 200 29021
101.12.215.112 - - [09/Feb/2014:22:47:50 +0800] "GET /content/nav/relationSubject.jsp?relationWords=%E7%A6%AE%E9%83%A8+%E8%81%96%E7%A5%96+%E8%81%96%E7%A5%96%E4%BB%81+&oid=2671805 HTTP/1.1" 200 3913
101.12.215.112 - - [09/Feb/2014:22:48:09 +0800] "GET /content/subject/resource_content.jsp?oid=16777449&queryString=%E7%A6%AE%E9%83%A8%20%E8%81%96%E7%A5%96%20%E8%81%96%E7%A5%96%E4%BB%81 HTTP/1.1" 200 27813
101.12.215.112 - - [09/Feb/2014:22:48:10 +0800] "GET /content/nav/relationSubject.jsp?relationWords=%E6%B8%85%E8%81%96%E7%A5%96+%E8%81%96%E7%A5%96+%E8%A9%94%E6%9B%B8+&oid=16777449 HTTP/1.1" 200 3646
66.249.77.236 - - [09/Feb/2014:22:48:12 +0800] "GET /content/nav/relationSubject.jsp?relationWords=%E5%8D%9A%E7%99%BD%E7%B8%A3+%E5%9C%B0%E5%BD%A2%E5%9C%96+&oid=217066 HTTP/1.1" 200 3104
66.249.77.236 - - [09/Feb/2014:22:48:22 +0800] "GET /content/nav/relationSubject.jsp?relationWords=%E5%8D%9A%E7%99%BD%E7%B8%A3%20%E5%9C%B0%E5%BD%A2%E5%9C%96%20&oid=217066 HTTP/1.1" 200 3104
66.249.77.195 - - [09/Feb/2014:22:48:28 +0800] "GET /content/nav/relationSubject.jsp?relationWords=%E7%AB%B9%E7%AD%8D+%E7%AB%B9%E7%AD%8D%E9%B3%B3%E5%87%B0%E8%9E%BA+%E9%B3%B3%E5%87%B0%E8%9E%BA+&oid=33554894 HTTP/1.1" 200 3376
66.249.77.195 - - [09/Feb/2014:22:48:30 +0800] "GET /content/repository/resource_content.jsp?oid=1517569&queryString=%E8%8B%91%E8%A3%A1%E9%8E%AE HTTP/1.1" 200 28680
66.249.77.172 - - [09/Feb/2014:22:49:05 +0800] "GET /content/subject/resource_content.jsp?oid=16777259&queryType=qs&queryString=%E9%96%8B%E5%85%83%E9%80%9A%E5%AF%B6 HTTP/1.1" 200 33727
66.249.77.172 - - [09/Feb/2014:22:50:27 +0800] "GET /content/subject/resource_content.jsp?oid=16777384&queryType=qs&queryString=%E5%9C%8B%E7%AB%8B%E8%87%BA%E7%81%A3%E5%A4%A7%E5%AD%B8 HTTP/1.1" 200 34307
66.249.77.195 - - [09/Feb/2014:22:51:45 +0800] "GET /content/repository/resource_content.jsp?oid=1519362&queryString=%E5%9C%8B%E7%87%9F%E4%BA%8B%E6%A5%AD HTTP/1.1" 200 28451
66.249.77.172 - - [09/Feb/2014:22:51:48 +0800] "GET /content/subject/resource_content.jsp?oid=16777384&queryType=qs&queryString=%E8%87%BA%E7%81%A3%E5%A4%A7%E5%AD%B8 HTTP/1.1" 200 34191
66.249.74.113 - - [09/Feb/2014:22:53:11 +0800] "GET /content/subject/resource_content.jsp?oid=16777283&queryString=%E6%9C%A8%E7%8A%80%20%E6%A1%82%E8%8A%B1 HTTP/1.1" 200 27238
1.162.195.17 - - [09/Feb/2014:22:54:13 +0800] "GET /content/nav/relationSubject.jsp?relationWords=%E7%83%8F%E5%BF%83%E7%9F%B3+%E9%B1%B8%E9%B0%BB+&oid=16777303 HTTP/1.1" 200 4012
66.249.77.195 - - [09/Feb/2014:22:54:32 +0800] "GET /content/repository/resource_content.jsp?oid=1522572 HTTP/1.1" 200 27763
66.249.77.172 - - [09/Feb/2014:22:54:33 +0800] "GET /content/subject/resource_content.jsp?oid=16777331&queryType=qs&queryString=%E7%83%8F%E5%BF%83%E7%9F%B3 HTTP/1.1" 200 31014
66.249.77.195 - - [09/Feb/2014:22:54:49 +0800] "GET /content/nav/relationSubject.jsp?relationWords=%E5%8F%83%E8%AD%B0%E5%93%A1+%E5%8F%83%E8%AD%B0%E6%9C%83+%E5%8F%B0%E5%B9%A3+%E5%8F%B0%E7%81%A3%E7%9C%81+%E5%9C%8B%E7%87%9F%E4%BA%8B%E6%A5%AD+%E7%9C%81%E6%94%BF%E5%BA%9C+%E8%81%AF%E7%99%BB+%E9%97%9C%E7%A8%85+%E9%A1%8F%E6%AC%BD%E8%B3%A2+%E9%BB%83%E8%81%AF%E7%99%BB+&oid=1519362 HTTP/1.1" 200 6209
66.249.74.221 - - [09/Feb/2014:22:54:50 +0800] "GET /content/nav/relationSubject.jsp?relationWords=%E5%85%AC%E7%94%A2%E7%AE%A1%E7%90%86%E8%99%95+%E5%8F%83%E8%AD%B0%E6%9C%83+%E5%8F%B0%E7%81%A3%E7%9C%81+%E6%B9%AF%E9%95%B7%E5%9F%8E+%E7%A5%9E%E7%A4%BE+%E7%A5%9E%E7%A4%BE%E5%BB%BA%E7%AF%89+%E7%A7%81%E6%9C%89%E5%9C%9F%E5%9C%B0+%E8%8B%91%E8%A3%A1%E9%8E%AE+%E9%80%9A%E9%9C%84+%E9%80%9A%E9%9C%84%E9%8E%AE+%E9%82%B1%E6%A6%AE+%E9%82%B1%E6%A6%AE%E5%BE%B7+&oid=1517569 HTTP/1.1" 200 4685
66.249.77.195 - - [09/Feb/2014:22:55:01 +0800] "GET /content/repository/resource_content.jsp?oid=1521584&queryString=%E5%85%B5%E5%BD%B9%E6%B3%95 HTTP/1.1" 200 28749
66.249.74.221 - - [09/Feb/2014:22:55:03 +0800] "GET /content/nav/relationSubject.jsp?relationWords=%E5%8F%83%E8%AD%B0%E6%9C%83+%E5%AD%B8%E6%A0%A1%E6%95%99%E8%82%B2+%E7%9C%81%E6%94%BF%E5%BA%9C+%E8%87%BA%E7%81%A3%E7%9C%81+%E8%87%BA%E7%81%A3%E7%9C%81%E5%8F%83%E8%AD%B0%E6%9C%83+&oid=1516938 HTTP/1.1" 200 4725
66.249.77.172 - - [09/Feb/2014:22:55:54 +0800] "GET /content/subject/resource_content.jsp?oid=16777342&queryType=qs&queryString=%E5%8F%B0%E7%81%A3%E4%BA%BA HTTP/1.1" 200 32194
66.249.77.172 - - [09/Feb/2014:22:57:16 +0800] "GET /content/subject/resource_content.jsp?oid=16777366&queryString=%E5%8F%B0%E7%81%A3%E6%9C%AC%E5%9C%9F%E6%A4%8D%E7%89%A9%20%E6%95%B8%E4%BD%8D%E5%85%B8%E8%97%8F HTTP/1.1" 200 33963
218.30.103.216 - - [09/Feb/2014:22:57:27 +0800] "GET /content/tmp_tec/resource_content.jsp?oid=16777711 HTTP/1.1" 200 25396
218.30.103.216 - - [09/Feb/2014:22:58:08 +0800] "GET /content/tmp_tec/resource_content.jsp?oid=16777740 HTTP/1.1" 200 38527
66.249.74.221 - - [09/Feb/2014:22:58:17 +0800] "GET /content/repository/resource_content.jsp?oid=1521799&queryString=%E4%BB%A3%E5%9C%8B%20%E5%81%A5%E5%BA%B7%E6%A1%88%20%E5%AD%B8%E6%A0%A1%E6%95%99%E5%AE%A4%20%E7%85%A7%E6%98%8E%E8%A8%AD%E5%82%99 HTTP/1.1" 200 28716
66.249.77.172 - - [09/Feb/2014:22:58:37 +0800] "GET /content/subject/resource_content.jsp?oid=16777373&queryString=%E5%8F%B0%E7%81%A3%E5%8E%9F%E4%BD%8F%E6%B0%91%20%E6%95%B8%E4%BD%8D%E5%85%B8%E8%97%8F HTTP/1.1" 200 26622
27.241.74.73 - - [09/Feb/2014:22:59:56 +0800] "GET /content/nav/relationSubject.jsp?relationWords=%E5%B1%B1%E6%AB%BB%E8%8A%B1+&oid=16777304 HTTP/1.1" 200 4460
66.249.77.172 - - [09/Feb/2014:22:59:59 +0800] "GET /content/subject/resource_content.jsp?oid=16777379&queryString=%E5%8F%B0%E7%81%A3%E5%8E%9F%E4%BD%8F%E6%B0%91%20%E6%95%B8%E4%BD%8D%E5%85%B8%E8%97%8F HTTP/1.1" 200 42516
36.239.75.86 - - [09/Feb/2014:23:01:19 +0800] "GET /content/nav/relationSubject.jsp?relationWords=%E7%BE%85%E6%BC%A2%E6%9D%BE+%E8%98%AD%E5%B6%BC%E7%BE%85%E6%BC%A2%E6%9D%BE+%E9%81%94%E6%82%9F+%E9%81%94%E6%82%9F%E6%97%8F+%E9%9B%85%E7%BE%8E+%E9%9B%85%E7%BE%8E%E6%97%8F+&oid=16777443 HTTP/1.1" 200 4297
66.249.77.172 - - [09/Feb/2014:23:01:21 +0800] "GET /content/subject/resource_content.jsp?oid=16777347&queryType=qs&queryString=%E6%93%AC%E8%83%8C%E6%96%91 HTTP/1.1" 200 32659
66.249.77.195 - - [09/Feb/2014:23:01:32 +0800] "GET /content/repository/resource_content.jsp?oid=1521861&queryString=%E6%B5%81%E7%94%A2%20%E7%9F%B3%E5%B2%A1%E5%A3%A9%20%E8%87%BA%E4%B8%AD%E7%B8%A3 HTTP/1.1" 200 29679
66.249.77.195 - - [09/Feb/2014:23:02:07 +0800] "GET /content/repository/resource_content.jsp?oid=1518368 HTTP/1.1" 200 27705
66.249.77.172 - - [09/Feb/2014:23:02:43 +0800] "GET /content/subject/resource_content.jsp?oid=16777620&queryString=%E4%BA%A4%E6%8F%9B%E6%A9%9F%20%E9%85%8D%E7%B7%9A%20%E9%9B%BB%E4%BF%A1%E5%B1%80%20%E9%9C%A7%E5%B3%B0 HTTP/1.1" 200 54652
66.249.74.113 - - [09/Feb/2014:23:04:06 +0800] "GET /content/subject/resource_content.jsp?oid=16777619&queryType=qs&queryString=%E6%97%A5%E6%B2%BB%E6%99%82%E6%9C%9F HTTP/1.1" 200 77762
66.249.77.195 - - [09/Feb/2014:23:04:47 +0800] "GET /content/repository/resource_content.jsp?oid=1522087&queryString=%E4%BD%99%E6%B7%BB%E8%B2%A1%20%E5%91%82%E7%B6%AD%E5%85%83%20%E6%B7%BB%E8%B2%A1 HTTP/1.1" 200 29146
66.249.74.113 - - [09/Feb/2014:23:05:27 +0800] "GET /content/subject/resource_content.jsp?oid=16777620&queryString=%E4%BC%B0%E5%83%B9%20%E4%BC%B0%E5%83%B9%E5%96%AE%20%E8%87%A8%E6%99%82%E7%9C%81%E8%AD%B0%E6%9C%83%20%E8%87%BA%E4%B8%AD%E5%8D%80%20%E8%87%BA%E7%81%A3%E7%9C%81%20%E8%87%BA%E7%81%A3%E9%9B%BB%E5%8A%9B%E5%85%AC%E5%8F%B8%20%E9%9C%A7%E5%B3%B0 HTTP/1.1" 200 54652
66.249.77.195 - - [09/Feb/2014:23:06:18 +0800] "GET /content/nav/relationSubject.jsp?relationWords=%E6%9C%A8%E4%B9%83%E4%BC%8A+%E6%9C%A8%E4%B9%83%E4%BC%8A%E8%8A%8B%E8%9E%BA+%E8%8A%8B%E8%9E%BA+&oid=33554918 HTTP/1.1" 200 3366
66.249.77.195 - - [09/Feb/2014:23:06:19 +0800] "GET /content/nav/relationSubject.jsp?relationWords=%E7%9C%81%E6%94%BF%E5%BA%9C+%E7%B8%A3%E8%AD%B0%E6%9C%83+%E7%BD%B0%E9%8D%B0+%E9%AB%98%E9%9B%84%E7%B8%A3%E8%AD%B0%E6%9C%83+&oid=1522572 HTTP/1.1" 200 4630
66.249.77.195 - - [09/Feb/2014:23:06:20 +0800] "GET /content/nav/relationSubject.jsp?relationWords=%E5%98%89%E7%BE%A9%E5%B8%82+%E6%9E%97%E6%8A%B1+%E6%9E%97%E7%94%A2+%E6%9E%97%E7%94%A2%E7%AE%A1%E7%90%86%E5%B1%80+%E8%AD%B0%E9%95%B7+%E9%BB%83%E6%9C%9D%E7%90%B4+&oid=1518368 HTTP/1.1" 200 5523
118.161.27.187 - - [09/Feb/2014:23:06:23 +0800] "GET /content/tmp_exh/resource_content.jsp?oid=16777789 HTTP/1.1" 200 40771
118.161.27.187 - - [09/Feb/2014:23:06:24 +0800] "GET /content/nav/relationSubject.jsp?relationWords=%E5%9C%8B%E9%9A%9B%E6%9B%B8%E5%B1%95+%E6%80%9D%E6%83%B3+%E6%96%87%E6%98%9F+%E7%9A%87%E8%BC%BF+%E9%87%8D%E6%85%B6%E5%8D%97%E8%B7%AF+&oid=16777789 HTTP/1.1" 200 5051
66.249.75.149 - - [09/Feb/2014:23:06:49 +0800] "GET /content/subject/resource_content.jsp?oid=16777620&queryString=%E6%A8%B9%E8%8B%97%20%E8%87%A8%E6%99%82%E7%9C%81%E8%AD%B0%E6%9C%83%20%E8%87%BA%E7%81%A3%E7%9C%81%20%E8%87%BA%E7%81%A3%E7%B3%96%E6%A5%AD%E5%85%AC%E5%8F%B8%20%E9%9C%A7%E5%B3%B0 HTTP/1.1" 200 54652
66.249.77.172 - - [09/Feb/2014:23:06:58 +0800] "GET /content/nav/relationSubject.jsp?relationWords=%E7%83%8F%E5%BF%83%E7%9F%B3+&oid=16777331 HTTP/1.1" 200 3905
66.249.77.172 - - [09/Feb/2014:23:06:59 +0800] "GET /content/nav/relationSubject.jsp?relationWords=%E6%BC%94%E8%AE%8A+%E7%A6%AE%E6%9C%8D+&oid=16777619 HTTP/1.1" 200 3553
66.249.77.195 - - [09/Feb/2014:23:07:03 +0800] "GET /content/nav/relationSubject.jsp?relationWords=%E5%85%B5%E5%BD%B9%E6%B3%95+%E5%BC%B5%E6%8C%AF+%E5%BC%B5%E6%8C%AF%E7%94%9F+%E6%8C%AF%E7%94%9F+%E6%8E%A1%E7%B4%8D%E6%A1%88+%E6%98%A5%E8%8F%8A+%E6%A2%81%E8%A8%B1%E6%98%A5%E8%8F%8A+%E7%9C%81%E6%94%BF%E5%BA%9C+%E7%9C%81%E8%AD%B0%E6%9C%83+%E7%A8%8B%E5%86%A0%E7%8F%8A+%E8%87%A8%E6%99%82%E7%9C%81%E8%AD%B0%E6%9C%83+%E8%87%BA%E7%81%A3%E7%9C%81+%E8%94%A1%E9%B4%BB%E6%96%87+%E8%A8%B1%E6%98%A5%E8%8F%8A+%E9%99%B3%E8%8C%82%E6%A6%9C+&oid=1521584 HTTP/1.1" 200 6055
218.30.103.216 - - [09/Feb/2014:23:07:17 +0800] "GET /digiarch_en/content/tmp_exh/resource_content.jsp?oid=16777738&queryType=qc HTTP/1.1" 200 38391
66.249.77.195 - - [09/Feb/2014:23:08:03 +0800] "GET /content/repository/resource_content.jsp?oid=1522087&queryString=%E5%85%AB%E4%B8%80%E5%9B%9B%20%E5%90%88%E4%BD%9C%E7%A4%BE%20%E5%BA%9C%E8%BE%B2%E6%BC%81%E5%AD%97 HTTP/1.1" 200 29378
66.249.77.172 - - [09/Feb/2014:23:08:10 +0800] "GET /content/subject/resource_content.jsp?oid=16777623&queryType=qs&queryString=%E6%98%8E%E4%BF%A1%E7%89%87 HTTP/1.1" 200 30914
223.167.14.105 - - [09/Feb/2014:23:08:48 +0800] "GET /content/subject/resource_content.jsp?oid=16777273&queryString= HTTP/1.1" 200 37294
223.167.14.105 - - [09/Feb/2014:23:08:48 +0800] "GET /content/nav/relationSubject.jsp?relationWords=%E6%95%B8%E4%BD%8D%E5%8D%9A%E7%89%A9%E9%A4%A8+&oid=16777273 HTTP/1.1" 200 2956
66.249.77.172 - - [09/Feb/2014:23:09:32 +0800] "GET /content/subject/resource_content.jsp?oid=16777427&queryString=%E5%A4%A9%E4%BD%BF%20%E6%89%81%E9%AF%8A%20%E6%93%AC%E8%83%8C%E6%96%91%20%E7%90%B5%E7%90%B6%E9%AE%AB HTTP/1.1" 200 32112
218.30.103.216 - - [09/Feb/2014:23:09:38 +0800] "GET /digiarch_en/content/tmp_exh/resource_content.jsp?oid=16777738&queryType=qc%201890 HTTP/1.1" 200 38391
66.249.77.195 - - [09/Feb/2014:23:09:41 +0800] "GET /content/repository/resource_content.jsp?oid=1522672 HTTP/1.1" 200 27785
118.161.27.187 - - [09/Feb/2014:23:09:46 +0800] "GET /content/tmp_exh/resource_content.jsp?oid=16777789 HTTP/1.1" 200 40771
118.161.27.187 - - [09/Feb/2014:23:09:46 +0800] "GET /content/nav/relationSubject.jsp?relationWords=%E5%9C%8B%E9%9A%9B%E6%9B%B8%E5%B1%95+%E6%80%9D%E6%83%B3+%E6%96%87%E6%98%9F+%E7%9A%87%E8%BC%BF+%E9%87%8D%E6%85%B6%E5%8D%97%E8%B7%AF+&oid=16777789 HTTP/1.1" 200 5051
218.30.103.216 - - [09/Feb/2014:23:09:56 +0800] "GET /content/repository/resource_content.jsp?oid=523252&queryType=qc HTTP/1.1" 200 33582
123.192.68.208 - - [09/Feb/2014:23:09:56 +0800] "GET /content/repository/resource_content.jsp?oid=1568176 HTTP/1.1" 200 27638
123.192.68.208 - - [09/Feb/2014:23:09:56 +0800] "GET /content/nav/relationSubject.jsp?relationWords=%E5%95%86%E5%B0%88+&oid=1568176 HTTP/1.1" 200 5266
223.167.14.105 - - [09/Feb/2014:23:10:23 +0800] "GET /content/tmp_exh/resource_content.jsp?oid=16777750&queryType=qc HTTP/1.1" 200 31683
223.167.14.105 - - [09/Feb/2014:23:10:23 +0800] "GET /content/nav/relationSubject.jsp?relationWords=&oid=16777750 HTTP/1.1" 200 1413
218.30.103.216 - - [09/Feb/2014:23:10:44 +0800] "GET /digiarch_en/content/subject/resource_content.jsp?oid=16777782&queryType=qc HTTP/1.1" 200 43871
66.249.77.172 - - [09/Feb/2014:23:10:54 +0800] "GET /content/subject/resource_content.jsp?oid=16777351&queryString=%E6%B4%8B%E7%8E%89%E8%98%AD HTTP/1.1" 200 33310
66.249.74.221 - - [09/Feb/2014:23:11:19 +0800] "GET /content/repository/resource_content.jsp?oid=1522151&queryString=%E5%AE%89%E5%85%A8%E6%A1%88%20%E9%80%A0%E6%9E%97 HTTP/1.1" 200 28573
218.30.103.216 - - [09/Feb/2014:23:11:26 +0800] "GET /content/repository/resource_content.jsp?oid=524142&queryType=qc HTTP/1.1" 200 42180
218.30.103.216 - - [09/Feb/2014:23:11:39 +0800] "GET /digiarch_en/content/subject/resource_content.jsp?oid=16777783&queryType=qc> HTTP/1.1" 200 53380
218.30.103.216 - - [09/Feb/2014:23:11:46 +0800] "GET /digiarch_en/content/subject/resource_content.jsp?oid=16777787&queryType=qc HTTP/1.1" 200 52438
218.30.103.216 - - [09/Feb/2014:23:12:05 +0800] "GET /digiarch_en/content/subject/resource_content.jsp?oid=16777787&queryType=qc> HTTP/1.1" 200 52438
66.249.77.172 - - [09/Feb/2014:23:12:16 +0800] "GET /content/subject/resource_content.jsp?oid=16777366&queryString=%E5%BD%A9%E7%B9%AA%20%E6%95%B8%E4%BD%8D%E5%85%B8%E8%97%8F HTTP/1.1" 200 33963
111.251.254.177 - - [09/Feb/2014:23:12:25 +0800] "GET /content/nav/relationSubject.jsp?relationWords=%E6%9C%A8%E7%8A%80+%E6%A1%82%E8%8A%B1+&oid=16777255 HTTP/1.1" 200 4037
111.251.254.177 - - [09/Feb/2014:23:13:05 +0800] "GET /content/subject/resource_content.jsp?oid=16777283&queryString=%E6%9C%A8%E7%8A%80%20%E6%A1%82%E8%8A%B1 HTTP/1.1" 200 27234
111.251.254.177 - - [09/Feb/2014:23:13:05 +0800] "GET /content/nav/relationSubject.jsp?relationWords=%E6%A1%82%E8%8A%B1+&oid=16777283 HTTP/1.1" 200 3944
66.249.77.195 - - [09/Feb/2014:23:13:37 +0800] "GET /content/subject/resource_content.jsp?oid=16777499&queryType=qc HTTP/1.1" 200 43456
218.30.103.216 - - [09/Feb/2014:23:13:47 +0800] "GET /content/repository/resource_content.jsp?oid=523591&queryType=qc HTTP/1.1" 200 35748
218.30.103.216 - - [09/Feb/2014:23:14:03 +0800] "GET /content/repository/resource_content.jsp?oid=1125031&queryType=qc HTTP/1.1" 200 32954
65.52.246.161 - - [09/Feb/2014:23:14:07 +0800] "GET /content/subject/resource_content.jsp?oid=16777607&queryString=%E6%B2%96%E7%B9%A9 HTTP/1.1" 500 15533
218.30.103.216 - - [09/Feb/2014:23:14:21 +0800] "GET /content/repository/resource_content.jsp?oid=524127&queryType=qc HTTP/1.1" 200 36884
66.249.77.195 - - [09/Feb/2014:23:14:34 +0800] "GET /content/repository/resource_content.jsp?oid=1522402&queryString=%E4%B8%89%E8%8A%9D%E9%84%89%20%E6%B4%BB%E5%8B%95%E4%B8%AD%E5%BF%83%20%E7%B6%9C%E5%90%88%E6%B4%BB%E5%8B%95%20%E8%87%BA%E5%8C%97%E7%B8%A3 HTTP/1.1" 200 33060
218.30.103.216 - - [09/Feb/2014:23:14:38 +0800] "GET /content/repository/resource_content.jsp?oid=1125116&queryType=qc HTTP/1.1" 200 33146
220.129.201.178 - - [09/Feb/2014:23:14:39 +0800] "GET /content/repository/resource_content.jsp?oid=3819840&queryString=%E5%B1%B1%E6%AB%BB%E8%8A%B1 HTTP/1.1" 200 30183
220.129.201.178 - - [09/Feb/2014:23:14:40 +0800] "GET /content/nav/relationSubject.jsp?relationWords=%E5%B1%B1%E6%AB%BB%E8%8A%B1+%E6%A2%85%E5%B1%AC+%E6%A4%8D%E7%89%A9%E7%95%8C+%E8%96%94%E8%96%87%E7%9B%AE+%E8%96%94%E8%96%87%E7%A7%91+%E9%9C%A7%E7%A4%BE%E5%B1%B1%E6%AB%BB+%E9%9C%A7%E7%A4%BE%E5%B1%B1%E6%AB%BB%E8%8A%B1+&oid=3819840 HTTP/1.1" 200 5313
66.249.77.195 - - [09/Feb/2014:23:16:00 +0800] "GET /content/repository/resource_content.jsp?oid=1518663 HTTP/1.1" 200 27741
220.129.201.178 - - [09/Feb/2014:23:16:22 +0800] "GET /content/repository/resource_content.jsp?oid=3819840&queryString=%E5%B1%B1%E6%AB%BB%E8%8A%B1 HTTP/1.1" 200 30183
220.129.201.178 - - [09/Feb/2014:23:16:33 +0800] "GET /content/nav/relationSubject.jsp?relationWords=%E5%B1%B1%E6%AB%BB%E8%8A%B1+%E6%A2%85%E5%B1%AC+%E6%A4%8D%E7%89%A9%E7%95%8C+%E8%96%94%E8%96%87%E7%9B%AE+%E8%96%94%E8%96%87%E7%A7%91+%E9%9C%A7%E7%A4%BE%E5%B1%B1%E6%AB%BB+%E9%9C%A7%E7%A4%BE%E5%B1%B1%E6%AB%BB%E8%8A%B1+&oid=3819840 HTTP/1.1" 200 5313
66.249.77.195 - - [09/Feb/2014:23:17:16 +0800] "GET /content/repository/resource_content.jsp?oid=1565227 HTTP/1.1" 200 27899
