66.249.77.195 - - [09/Feb/2014:06:37:17 +0800] "GET /content/repository/resource_content.jsp?oid=1886741 HTTP/1.1" 200 28016
66.249.77.236 - - [09/Feb/2014:06:38:44 +0800] "GET /content/subject/resource_content.jsp?oid=16777747&queryType=qs&queryString=%E7%A7%91%E5%8D%9A%E9%A4%A8 HTTP/1.1" 200 37694
66.249.77.195 - - [09/Feb/2014:06:39:19 +0800] "GET /content/nav/relationSubject.jsp?relationWords=%E4%B8%AD%E8%85%B9+%E4%B8%AD%E8%85%B9%E8%B6%B3%E7%9B%AE+%E7%A6%8F%E5%A3%BD%E8%9E%BA+%E8%85%B9%E8%B6%B3%E7%B6%B1+%E8%98%8B%E6%9E%9C+%E8%98%8B%E6%9E%9C%E8%9E%BA+&oid=1886741 HTTP/1.1" 200 3423
220.143.79.249 - - [09/Feb/2014:06:39:25 +0800] "GET /content/nav/relationSubject.jsp?relationWords=%E8%8B%A6%E8%8B%93+&oid=16777317 HTTP/1.1" 200 3191
66.249.77.236 - - [09/Feb/2014:06:39:59 +0800] "GET /content/subject/resource_content.jsp?oid=16777394&queryType=qc HTTP/1.1" 200 28128
66.249.77.236 - - [09/Feb/2014:06:42:28 +0800] "GET /content/nav/relationSubject.jsp?relationWords=%E6%98%86%E8%9F%B2%20%E7%A7%91%E5%8D%9A%E9%A4%A8%20&oid=16777747 HTTP/1.1" 200 4040
66.249.77.172 - - [09/Feb/2014:06:42:42 +0800] "GET /content/subject/resource_content.jsp?oid=16777378&queryString=%E5%8D%83%E5%B1%88%E8%8F%9C%20%E5%8D%83%E5%B1%88%E8%8F%9C%E7%A7%91%20%E5%A4%A7%E8%8A%B1%E7%B4%AB%E8%96%87%20%E6%A1%83%E9%87%91%E5%AD%83%20%E6%A4%8D%E7%89%A9%E7%95%8C%20%E7%B4%AB%E8%96%87%20%E7%B4%AB%E8%96%87%E5%B1%AC HTTP/1.1" 200 32543
1.170.146.55 - - [09/Feb/2014:06:45:23 +0800] "GET /content/subject/resource_content.jsp?oid=16777600&queryType=qs&queryString=%E8%87%BA%E7%81%A3%E7%B8%BD%E7%9D%A3%E5%BA%9C HTTP/1.1" 200 49325
66.249.77.172 - - [09/Feb/2014:06:45:24 +0800] "GET /content/subject/resource_content.jsp?oid=16777676&queryType=qs&queryString=%E5%A4%9A%E5%AA%92%E9%AB%94 HTTP/1.1" 200 45065
1.170.146.55 - - [09/Feb/2014:06:45:25 +0800] "GET /content/nav/relationSubject.jsp?relationWords=&oid=16777600 HTTP/1.1" 200 1413
66.249.74.162 - - [09/Feb/2014:06:46:18 +0800] "GET /content/tmp_auth/resource_content.jsp?oid=16777343&queryString= HTTP/1.1" 200 27643
66.249.77.172 - - [09/Feb/2014:06:46:57 +0800] "GET /content/subject/resource_content.jsp?oid=16777361&queryType=qs&queryString=%E8%83%8C%E9%B0%AD HTTP/1.1" 200 31032
66.249.77.172 - - [09/Feb/2014:06:50:39 +0800] "GET /content/nav/relationSubject.jsp?relationWords=%E5%B8%86%E9%B0%AD%E9%AD%B4+&oid=16777361 HTTP/1.1" 200 3695
66.249.77.236 - - [09/Feb/2014:06:50:43 +0800] "GET /content/nav/relationSubject.jsp?relationWords=%E9%9D%92%E5%89%9B+%E9%9D%92%E5%89%9B%E6%AB%9F+&oid=16777394 HTTP/1.1" 200 4316
66.249.77.236 - - [09/Feb/2014:06:50:45 +0800] "GET /content/nav/relationSubject.jsp?relationWords=%E9%9D%92%E5%89%9B%20%E9%9D%92%E5%89%9B%E6%AB%9F%20&oid=16777394 HTTP/1.1" 200 4316
66.249.77.236 - - [09/Feb/2014:06:50:49 +0800] "GET /content/subject/resource_content.jsp?oid=16777317&queryType=qc HTTP/1.1" 200 33940
123.125.71.116 - - [09/Feb/2014:06:52:14 +0800] "GET /content/repository/resource_content.jsp?oid=2681674 HTTP/1.1" 200 28946
42.71.108.59 - - [09/Feb/2014:06:52:16 +0800] "GET /content/nav/relationSubject.jsp?relationWords=%E5%B1%B1%E6%AB%BB%E8%8A%B1+&oid=16777304 HTTP/1.1" 200 4460
123.125.71.41 - - [09/Feb/2014:06:52:21 +0800] "GET /content/nav/relationSubject.jsp?relationWords=%E5%90%8F%E9%83%A8+&oid=2681674 HTTP/1.1" 200 3109
66.249.77.172 - - [09/Feb/2014:06:53:31 +0800] "GET /content/subject/resource_content.jsp?oid=16777676&queryType=qs&queryString=%E5%BD%B1%E5%83%8F%E8%B3%87%E6%96%99%E5%BA%AB HTTP/1.1" 200 45115
66.249.77.236 - - [09/Feb/2014:06:53:54 +0800] "GET /content/tmp_auth/resource_content.jsp?oid=16777363&queryString= HTTP/1.1" 200 27314
66.249.77.236 - - [09/Feb/2014:06:56:14 +0800] "GET /content/repository/resource_content.jsp?oid=1124214&queryType=qc HTTP/1.1" 200 37343
66.249.77.172 - - [09/Feb/2014:06:57:38 +0800] "GET /content/subject/resource_content.jsp?oid=16777425&queryType=qs&queryString=%E7%BE%85%E9%A6%AC%E6%95%B8%E5%AD%97 HTTP/1.1" 200 34697
66.249.74.113 - - [09/Feb/2014:06:58:57 +0800] "GET /content/subject/resource_content.jsp?oid=16777676&queryType=qs&queryString=%E6%BC%81%E6%A5%AD%E8%B3%87%E6%BA%90 HTTP/1.1" 200 45227
66.249.77.195 - - [09/Feb/2014:07:01:33 +0800] "GET /content/exhibit/exhibit.jsp?oid=16777683 HTTP/1.1" 200 24870
66.249.77.172 - - [09/Feb/2014:07:01:39 +0800] "GET /content/subject/resource_content.jsp?oid=16777676&queryType=qs&queryString=%E7%B6%B2%E9%9A%9B%E7%B6%B2%E8%B7%AF HTTP/1.1" 200 45094
66.249.77.236 - - [09/Feb/2014:07:02:10 +0800] "GET /content/nav/relationSubject.jsp?relationWords=%E8%8B%A6%E8%8B%93%20&oid=16777317 HTTP/1.1" 200 3191
66.249.74.162 - - [09/Feb/2014:07:02:11 +0800] "GET /content/nav/relationSubject.jsp?relationWords=%E5%A4%A7%E7%89%A1%E8%A0%A3+%E5%B7%A8%E7%89%A1%E8%A0%A3+%E5%B7%A8%E7%89%A1%E8%A0%A3%E5%B1%AC+%E7%89%A1%E8%A0%A3+%E7%89%A1%E8%A0%A3%E5%B1%AC+%E9%95%B7%E7%89%A1%E8%A0%A3+%E9%9B%99%E6%AE%BC%E7%B6%B1+%E9%B6%AF%E8%9B%A4+%E9%B6%AF%E8%9B%A4%E7%9B%AE+&oid=1124214 HTTP/1.1" 200 3671
66.249.74.162 - - [09/Feb/2014:07:02:14 +0800] "GET /content/nav/relationSubject.jsp?relationWords=%E5%A4%A7%E7%89%A1%E8%A0%A3%20%E5%B7%A8%E7%89%A1%E8%A0%A3%20%E5%B7%A8%E7%89%A1%E8%A0%A3%E5%B1%AC%20%E7%89%A1%E8%A0%A3%20%E7%89%A1%E8%A0%A3%E5%B1%AC%20%E9%95%B7%E7%89%A1%E8%A0%A3%20%E9%9B%99%E6%AE%BC%E7%B6%B1%20%E9%B6%AF%E8%9B%A4%20%E9%B6%AF%E8%9B%A4%E7%9B%AE%20&oid=1124214 HTTP/1.1" 200 3671
66.249.77.195 - - [09/Feb/2014:07:02:53 +0800] "GET /content/exhibit/exhibit_content.jsp?oid=16777683 HTTP/1.1" 200 17922
66.249.77.172 - - [09/Feb/2014:07:04:21 +0800] "GET /content/subject/resource_content.jsp?oid=16777682&queryType=qs&queryString=%E5%A4%9A%E5%AA%92%E9%AB%94 HTTP/1.1" 200 44073
66.249.77.195 - - [09/Feb/2014:07:04:25 +0800] "GET /content/repository/resource_content.jsp?oid=1573850 HTTP/1.1" 200 27623
111.243.97.12 - - [09/Feb/2014:07:04:30 +0800] "GET /content/tmp_exh/resource_content.jsp?oid=16777789 HTTP/1.1" 200 40771
111.243.97.12 - - [09/Feb/2014:07:04:31 +0800] "GET /content/nav/relationSubject.jsp?relationWords=%E5%9C%8B%E9%9A%9B%E6%9B%B8%E5%B1%95+%E6%80%9D%E6%83%B3+%E6%96%87%E6%98%9F+%E7%9A%87%E8%BC%BF+%E9%87%8D%E6%85%B6%E5%8D%97%E8%B7%AF+&oid=16777789 HTTP/1.1" 200 5051
66.249.77.172 - - [09/Feb/2014:07:07:03 +0800] "GET /content/subject/resource_content.jsp?oid=16777682&queryType=qs&queryString=%E5%BD%B1%E5%83%8F%E8%B3%87%E6%96%99%E5%BA%AB HTTP/1.1" 200 44122
39.14.179.141 - - [09/Feb/2014:07:08:56 +0800] "GET /content/nav/relationSubject.jsp?relationWords=%E5%8F%B0%E7%81%A3%E6%AC%92%E6%A8%B9+%E6%AC%92%E6%A8%B9+%E8%8B%A6%E8%8B%93+%E8%8B%A6%E8%8B%93%E8%88%85+&oid=16777254 HTTP/1.1" 200 4391
66.249.77.195 - - [09/Feb/2014:07:09:08 +0800] "GET /content/repository/resource_content.jsp?oid=1114931 HTTP/1.1" 200 29899
66.249.77.172 - - [09/Feb/2014:07:09:46 +0800] "GET /content/subject/resource_content.jsp?oid=16777682&queryType=qs&queryString=%E6%BC%81%E6%A5%AD%E8%B3%87%E6%BA%90 HTTP/1.1" 200 44234
66.249.77.172 - - [09/Feb/2014:07:12:28 +0800] "GET /content/subject/resource_content.jsp?oid=16777688&queryType=qs&queryString=%E5%A4%9A%E5%AA%92%E9%AB%94 HTTP/1.1" 200 38203
66.249.77.172 - - [09/Feb/2014:07:13:09 +0800] "GET /content/subject/resource_content.jsp?oid=16777581&queryType=qs&queryString=%E8%81%AF%E5%90%88%E7%9B%AE%E9%8C%84 HTTP/1.1" 200 47518
66.249.77.172 - - [09/Feb/2014:07:13:45 +0800] "GET /content/nav/relationSubject.jsp?relationWords=%E6%95%B8%E4%BD%8D%E5%85%B8%E8%97%8F+&oid=16777682 HTTP/1.1" 200 5887
66.249.74.113 - - [09/Feb/2014:07:13:45 +0800] "GET /content/nav/relationSubject.jsp?relationWords=%E6%95%B8%E4%BD%8D%E5%85%B8%E8%97%8F+&oid=16777682 HTTP/1.1" 200 5887
66.249.77.172 - - [09/Feb/2014:07:13:46 +0800] "GET /content/nav/relationSubject.jsp?relationWords=%E6%9E%97%E7%8D%BB%E5%A0%82+%E6%A5%8A%E8%82%87%E5%98%89+%E6%B2%88%E8%91%86%E7%A6%8E+%E8%A8%B1%E5%BF%97+%E9%95%B7%E8%B0%B7%E5%B7%9D%E6%B8%85+&oid=16777763 HTTP/1.1" 200 4346
66.249.77.172 - - [09/Feb/2014:07:13:46 +0800] "GET /content/nav/relationSubject.jsp?relationWords=%E6%95%B8%E4%BD%8D%E5%85%B8%E8%97%8F+&oid=16777682 HTTP/1.1" 200 5887
66.249.77.195 - - [09/Feb/2014:07:14:18 +0800] "GET /content/nav/relationSubject.jsp?relationWords=%E7%9F%B3%E7%AE%A1%E5%B1%80+&oid=1573850 HTTP/1.1" 200 5284
66.249.77.172 - - [09/Feb/2014:07:15:11 +0800] "GET /content/subject/resource_content.jsp?oid=16777688&queryType=qs&queryString=%E6%BC%81%E6%A5%AD%E8%B3%87%E6%BA%90 HTTP/1.1" 200 38364
66.249.77.195 - - [09/Feb/2014:07:16:42 +0800] "GET /content/subject/resource_content.jsp?oid=16777567 HTTP/1.1" 200 36429
66.249.74.113 - - [09/Feb/2014:07:17:54 +0800] "GET /content/subject/resource_content.jsp?oid=16777693&queryType=qs&queryString=%E8%87%BA%E7%81%A3%E5%A4%A7%E5%AD%B8 HTTP/1.1" 200 52888
66.249.77.172 - - [09/Feb/2014:07:18:13 +0800] "GET /content/subject/resource_content.jsp?oid=16777746&queryType=qc HTTP/1.1" 200 38211
66.249.77.8 - - [09/Feb/2014:07:20:36 +0800] "GET /content/tmp_tec/resource_content.jsp?oid=16777704 HTTP/1.1" 200 24665
114.25.27.179 - - [09/Feb/2014:07:21:21 +0800] "GET /content/tmp_exh/resource_content.jsp?oid=16777789 HTTP/1.1" 200 40771
114.25.27.179 - - [09/Feb/2014:07:21:22 +0800] "GET /content/nav/relationSubject.jsp?relationWords=%E5%9C%8B%E9%9A%9B%E6%9B%B8%E5%B1%95+%E6%80%9D%E6%83%B3+%E6%96%87%E6%98%9F+%E7%9A%87%E8%BC%BF+%E9%87%8D%E6%85%B6%E5%8D%97%E8%B7%AF+&oid=16777789 HTTP/1.1" 200 5051
66.249.77.172 - - [09/Feb/2014:07:21:54 +0800] "GET /content/subject/resource_content.jsp?oid=16777254&queryString=%E5%8F%B0%E7%81%A3%E6%AC%92%E6%A8%B9 HTTP/1.1" 200 34344
66.249.77.172 - - [09/Feb/2014:07:25:27 +0800] "GET /content/nav/relationSubject.jsp?relationWords=%E5%8F%B0%E7%81%A3%E6%AC%92%E6%A8%B9+%E6%AC%92%E6%A8%B9+%E8%8B%A6%E8%8B%93+%E8%8B%A6%E8%8B%93%E8%88%85+&oid=16777254 HTTP/1.1" 200 4391
66.249.77.236 - - [09/Feb/2014:07:26:00 +0800] "GET /content/subject/resource_content.jsp?oid=16777726&queryType=qc HTTP/1.1" 200 35457
199.30.20.5 - - [09/Feb/2014:07:26:33 +0800] "GET /content/subject/resource_content.jsp?oid=16777506&queryType=qc HTTP/1.1" 200 44656
66.249.77.195 - - [09/Feb/2014:07:30:39 +0800] "GET /content/repository/resource_content.jsp?oid=1518666 HTTP/1.1" 200 28162
66.249.77.236 - - [09/Feb/2014:07:34:07 +0800] "GET /content/tmp_auth/resource_content.jsp?oid=16777777 HTTP/1.1" 200 28638
180.76.5.155 - - [09/Feb/2014:07:36:07 +0800] "GET /content/subject/resource_content.jsp?oid=16777776&queryType=qc HTTP/1.1" 200 60638
66.249.74.221 - - [09/Feb/2014:07:37:18 +0800] "GET /content/nav/relationSubject.jsp?relationWords=%E5%85%AC%E8%B7%AF%E5%B1%80+%E6%9D%B1%E6%B2%B3%E9%84%89+%E6%9E%97%E6%B0%B4+%E6%9E%97%E6%B0%B4%E6%BA%90+%E6%B3%B0%E6%BA%90+%E7%B8%A3%E6%94%BF%E5%BA%9C+%E8%87%BA%E6%9D%B1%E7%B8%A3+%E8%87%BA%E6%9D%B1%E7%B8%A3%E6%94%BF%E5%BA%9C+%E8%BF%85%E8%BE%A6+&oid=1518666 HTTP/1.1" 200 4927
124.238.251.36 - - [09/Feb/2014:07:40:27 +0800] "GET /content/subject/resource_content.jsp?oid=16777502&queryType=qc HTTP/1.0" 200 37700
124.238.251.36 - - [09/Feb/2014:07:40:29 +0800] "GET /content/subject/resource_content.jsp?oid=16777500&queryType=qc HTTP/1.0" 200 32318
221.194.129.96 - - [09/Feb/2014:07:40:30 +0800] "GET /content/subject/resource_content.jsp?oid=16777358&queryType=qc HTTP/1.0" 200 27580
221.194.129.96 - - [09/Feb/2014:07:40:32 +0800] "GET /content/subject/resource_content.jsp?oid=16777359&queryType=qc HTTP/1.0" 200 32856
124.238.251.36 - - [09/Feb/2014:07:40:32 +0800] "GET /content/subject/resource_content.jsp?oid=16777561&queryType=qc HTTP/1.0" 200 39948
221.194.129.96 - - [09/Feb/2014:07:40:34 +0800] "GET /content/subject/resource_content.jsp?oid=16777558&queryType=qc HTTP/1.0" 200 29832
124.238.251.36 - - [09/Feb/2014:07:40:38 +0800] "GET /content/subject/resource_content.jsp?oid=16777594&queryType=qc HTTP/1.0" 200 39404
124.238.251.36 - - [09/Feb/2014:07:40:41 +0800] "GET /content/subject/resource_content.jsp?oid=16777591&queryType=qc HTTP/1.0" 200 39732
124.238.251.36 - - [09/Feb/2014:07:40:44 +0800] "GET /content/subject/resource_content.jsp?oid=16777275&queryType=qc HTTP/1.0" 200 33193
124.238.251.36 - - [09/Feb/2014:07:40:48 +0800] "GET /content/subject/resource_content.jsp?oid=16777411&queryType=qc HTTP/1.0" 200 35941
220.181.108.174 - - [09/Feb/2014:07:41:43 +0800] "GET /content/repository/resource_content.jsp?oid=3123052 HTTP/1.1" 200 28418
66.249.77.195 - - [09/Feb/2014:07:42:15 +0800] "GET /content/subject/resource_content.jsp?oid=16777661&queryString=%E7%A0%94%E8%A8%8E%E6%9C%83 HTTP/1.1" 200 26365
199.30.20.49 - - [09/Feb/2014:07:42:24 +0800] "GET /content/tmp_tec/resource_content.jsp?oid=16777714 HTTP/1.1" 200 37503
199.30.20.68 - - [09/Feb/2014:07:42:34 +0800] "GET /content/subject/resource_content.jsp?oid=16777420&queryType=qc HTTP/1.1" 200 29200
76.206.244.112 - - [09/Feb/2014:07:43:16 +0800] "GET /content/subject/resource_content.jsp?oid=16777573&queryString=%E5%BB%B6%E9%97%93+%E8%AD%9A%E5%BB%B6%E9%97%93 HTTP/1.1" 200 24868
76.206.244.112 - - [09/Feb/2014:07:43:18 +0800] "GET /content/nav/relationSubject.jsp?relationWords=%E5%A4%A7%E6%98%A5+%E5%BB%B6%E9%97%93+%E5%BC%B5%E5%A4%A7%E6%98%A5+%E8%AD%9A%E5%BB%B6%E9%97%93+&oid=16777573 HTTP/1.1" 200 4751
66.249.77.195 - - [09/Feb/2014:07:44:12 +0800] "GET /content/subject/resource_content.jsp?oid=16777456 HTTP/1.1" 200 33451
66.249.77.172 - - [09/Feb/2014:07:44:57 +0800] "GET /content/subject/resource_content.jsp?oid=16777397&queryString=%E6%9D%9C%E9%B5%91%20%E6%9D%9C%E9%B5%91%E8%8A%B1%20%E6%9D%9C%E9%B5%91%E8%8A%B1%E5%B1%AC HTTP/1.1" 200 28476
144.82.210.28 - - [09/Feb/2014:07:45:14 +0800] "GET /content/subject/resource_content.jsp?oid=16777600&queryType=qc HTTP/1.1" 200 49324
144.82.210.28 - - [09/Feb/2014:07:45:19 +0800] "GET /content/nav/relationSubject.jsp?relationWords=&oid=16777600 HTTP/1.1" 200 1413
175.96.231.79 - - [09/Feb/2014:07:45:40 +0800] "GET /content/subject/resource_content.jsp?oid=16777753 HTTP/1.1" 200 35850
175.96.231.79 - - [09/Feb/2014:07:45:42 +0800] "GET /content/nav/relationSubject.jsp?relationWords=GIS+%E6%95%B8%E4%BD%8D%E5%85%B8%E8%97%8F+%E9%81%99%E6%B8%AC+%E9%81%99%E6%B8%AC%E5%BD%B1%E5%83%8F+&oid=16777753 HTTP/1.1" 200 9628
175.96.231.79 - - [09/Feb/2014:07:48:51 +0800] "GET /content/subject/resource_content.jsp?oid=16777753 HTTP/1.1" 200 35850
175.96.231.79 - - [09/Feb/2014:07:48:52 +0800] "GET /content/nav/relationSubject.jsp?relationWords=GIS+%E6%95%B8%E4%BD%8D%E5%85%B8%E8%97%8F+%E9%81%99%E6%B8%AC+%E9%81%99%E6%B8%AC%E5%BD%B1%E5%83%8F+&oid=16777753 HTTP/1.1" 200 9628
175.96.231.79 - - [09/Feb/2014:07:49:10 +0800] "GET /content/nav/relationSubject.jsp?relationWords=&oid=16777459 HTTP/1.1" 200 1413
175.96.231.79 - - [09/Feb/2014:07:49:16 +0800] "GET /content/nav/relationSubject.jsp?relationWords=&oid=16777459 HTTP/1.1" 200 1413
114.38.200.75 - - [09/Feb/2014:07:53:52 +0800] "GET /content/nav/relationSubject.jsp?relationWords=%E5%B1%B1%E6%AB%BB%E8%8A%B1+&oid=16777304 HTTP/1.1" 200 4460
66.249.77.195 - - [09/Feb/2014:07:54:44 +0800] "GET /content/repository/resource_content.jsp?oid=2679456&queryType=qs&queryString=%E9%8A%85%E6%96%A4 HTTP/1.1" 200 29004
220.181.108.113 - - [09/Feb/2014:07:55:53 +0800] "GET /content/repository/resource_content.jsp?oid=2613940 HTTP/1.1" 200 28397
66.249.77.172 - - [09/Feb/2014:07:56:52 +0800] "GET /content/subject/resource_content.jsp?oid=16777788&queryType=qs&queryString=%E9%AB%98%E5%B3%B0%E6%9C%83 HTTP/1.1" 200 41859
66.249.77.172 - - [09/Feb/2014:07:57:26 +0800] "GET /content/subject/resource_content.jsp?oid=16777449&queryString=%E6%B8%85%E8%81%96%E7%A5%96 HTTP/1.1" 200 27875
199.30.20.56 - - [09/Feb/2014:07:58:21 +0800] "GET /content/repository/resource_content.jsp?oid=1611088 HTTP/1.1" 200 27852
66.249.77.172 - - [09/Feb/2014:07:58:29 +0800] "GET /content/subject/resource_content.jsp?oid=16777397&queryType=qs&queryString=%E5%96%9C%E9%A6%AC%E6%8B%89%E9%9B%85 HTTP/1.1" 200 28400
66.249.74.221 - - [09/Feb/2014:07:59:17 +0800] "GET /content/subject/resource_content.jsp?oid=16777352 HTTP/1.1" 200 27026
66.249.77.172 - - [09/Feb/2014:08:01:11 +0800] "GET /content/subject/resource_content.jsp?oid=16777448&queryType=qs&queryString=%E8%98%87%E6%9D%B1%E5%9D%A1 HTTP/1.1" 200 33511
66.249.77.195 - - [09/Feb/2014:08:02:17 +0800] "GET /content/subject/resource_content.jsp?oid=16777475&queryString=%E5%8C%96%E5%A6%9D%E5%93%81%20%E5%A4%9A%E6%A8%A3%E6%80%A7%20%E5%B0%8F%E5%90%83 HTTP/1.1" 200 61067
5.10.83.72 - - [09/Feb/2014:08:03:03 +0800] "GET /content/subject/resource_content.jsp?oid=16777426&queryType=qc HTTP/1.1" 200 37896
66.249.77.172 - - [09/Feb/2014:08:03:54 +0800] "GET /content/subject/resource_content.jsp?oid=16777455&queryString=%E6%A1%83%E7%AC%A6%20%E7%A5%9E%E8%8D%BC%20%E9%AC%B1%E5%A3%98 HTTP/1.1" 200 32932
118.233.117.118 - - [09/Feb/2014:08:05:15 +0800] "GET /content/nav/relationSubject.jsp?relationWords=%E8%A5%BF%E8%9E%BA+%E8%A5%BF%E8%9E%BA%E5%A4%A7%E6%A9%8B+&oid=16777581 HTTP/1.1" 200 4462
118.233.192.202 - - [09/Feb/2014:08:05:41 +0800] "GET /content/nav/relationSubject.jsp?relationWords=%E8%8B%A6%E8%8B%93+&oid=16777317 HTTP/1.1" 200 3191
66.249.77.172 - - [09/Feb/2014:08:06:36 +0800] "GET /content/subject/resource_content.jsp?oid=16777693&queryType=qs&queryString=%E9%AB%98%E7%AD%89%E6%95%99%E8%82%B2 HTTP/1.1" 200 52863
66.249.77.195 - - [09/Feb/2014:08:06:52 +0800] "GET /content/tmp_exh/resource_content.jsp?oid=16777784&queryType=qc HTTP/1.1" 200 28106
66.249.77.195 - - [09/Feb/2014:08:07:02 +0800] "GET /content/tmp_exh/resource_content.jsp?oid=16777784&queryType=qc HTTP/1.1" 200 28106
66.249.77.172 - - [09/Feb/2014:08:09:19 +0800] "GET /content/subject/resource_content.jsp?oid=16777704&queryType=qs&queryString=%E6%98%8E%E4%BF%A1%E7%89%87 HTTP/1.1" 200 25321
66.249.77.172 - - [09/Feb/2014:08:10:30 +0800] "GET /content/subject/resource_content.jsp?oid=16777570&queryType=qs&queryString=%E6%B8%85%E6%9C%AB%E6%B0%91%E5%88%9D HTTP/1.1" 200 39476
157.55.33.44 - - [09/Feb/2014:08:10:52 +0800] "GET /content/repository/resource_content.jsp?oid=1462611 HTTP/1.1" 200 30246
61.223.180.76 - - [09/Feb/2014:08:11:39 +0800] "GET /content/nav/relationSubject.jsp?relationWords=%E6%B8%85%E8%81%96%E7%A5%96+%E8%81%96%E7%A5%96+&oid=16777381 HTTP/1.1" 200 3977
66.249.74.113 - - [09/Feb/2014:08:12:50 +0800] "GET /content/nav/relationSubject.jsp?relationWords=%E5%B1%85%E5%BB%B6%E6%BC%A2%E7%B0%A1+%E6%A1%83%E7%AC%A6+%E6%BC%A2%E7%B0%A1+&oid=16777455 HTTP/1.1" 200 4236
66.249.77.172 - - [09/Feb/2014:08:12:51 +0800] "GET /content/nav/relationSubject.jsp?relationWords=%E7%B4%80%E5%BF%B5%E9%A4%A8+%E8%83%A1%E9%81%A9+%E9%81%A9%E4%B9%8B+&oid=16777704 HTTP/1.1" 200 4761
66.249.77.195 - - [09/Feb/2014:08:14:21 +0800] "GET /content/subject/resource_content.jsp?oid=16777719&queryString=%E5%BB%B6%E9%97%93%20%E5%BB%BA%E5%9C%8B%E7%99%BE%E5%B9%B4%20%E8%AD%9A%E5%BB%B6%E9%97%93%20%E8%BE%9B%E4%BA%A5%E9%9D%A9%E5%91%BD HTTP/1.1" 200 39660
66.249.77.8 - - [09/Feb/2014:08:14:43 +0800] "GET /content/tmp_auth/resource_content.jsp?oid=16777633 HTTP/1.1" 200 51801
61.223.180.76 - - [09/Feb/2014:08:14:50 +0800] "GET /content/subject/resource_content.jsp?oid=16777449&queryType=qs&queryString=%E6%B8%85%E8%81%96%E7%A5%96 HTTP/1.1" 200 27871
61.223.180.76 - - [09/Feb/2014:08:14:50 +0800] "GET /content/nav/relationSubject.jsp?relationWords=%E6%B8%85%E8%81%96%E7%A5%96+%E8%81%96%E7%A5%96+%E8%A9%94%E6%9B%B8+&oid=16777449 HTTP/1.1" 200 3646
61.223.180.76 - - [09/Feb/2014:08:15:16 +0800] "GET /content/subject/resource_content.jsp?oid=16777449&queryType=qs&queryString=%E6%B8%85%E8%81%96%E7%A5%96 HTTP/1.1" 200 27871
66.249.77.172 - - [09/Feb/2014:08:15:31 +0800] "GET /content/subject/resource_content.jsp?oid=16777419&queryString=%E5%8D%83%E5%B1%88%E8%8F%9C%20%E5%8D%83%E5%B1%88%E8%8F%9C%E7%A7%91%20%E5%A4%A7%E8%8A%B1%E7%B4%AB%E8%96%87%20%E6%A1%83%E9%87%91%E5%AD%83%20%E6%A4%8D%E7%89%A9%E7%95%8C%20%E7%B4%AB%E8%96%87%20%E7%B4%AB%E8%96%87%E5%B1%AC HTTP/1.1" 200 27335
157.55.35.89 - - [09/Feb/2014:08:15:35 +0800] "GET /content/repository/resource_content.jsp?oid=1543077 HTTP/1.1" 200 28471
184.173.183.173 - - [09/Feb/2014:08:16:14 +0800] "GET /content/subject/resource_content.jsp?oid=16777573&queryString=%25E5%25BB%25B6%25E9%2597%2593%20%25E8%25AD%259A%25E5%25BB%25B6%25E9%2597%2593 HTTP/1.1" 500 15533
61.223.180.76 - - [09/Feb/2014:08:18:45 +0800] "GET /content/subject/resource_content.jsp?oid=16777381&queryType=qs&queryString=%E6%B8%85%E8%81%96%E7%A5%96 HTTP/1.1" 200 35943
61.223.180.76 - - [09/Feb/2014:08:19:41 +0800] "GET /content/subject/resource_content.jsp?oid=16777233&queryType=qs&queryString=%E6%96%87%E7%89%A9%E9%99%B3%E5%88%97%E9%A4%A8 HTTP/1.1" 200 28729
61.223.180.76 - - [09/Feb/2014:08:19:41 +0800] "GET /content/nav/relationSubject.jsp?relationWords=&oid=16777233 HTTP/1.1" 200 1413
61.223.180.76 - - [09/Feb/2014:08:20:24 +0800] "GET /content/subject/resource_content.jsp?oid=16777232&queryType=qs&queryString=%E6%96%87%E7%89%A9%E9%99%B3%E5%88%97%E9%A4%A8 HTTP/1.1" 200 26828
61.223.180.76 - - [09/Feb/2014:08:20:24 +0800] "GET /content/nav/relationSubject.jsp?relationWords=&oid=16777232 HTTP/1.1" 200 1413
66.249.77.172 - - [09/Feb/2014:08:23:04 +0800] "GET /content/subject/resource_content.jsp?oid=16777604&queryType=qs&queryString=%E8%AD%B7%E7%90%86%E4%BA%BA%E5%93%A1 HTTP/1.1" 200 58753
66.249.74.113 - - [09/Feb/2014:08:23:29 +0800] "GET /content/subject/resource_content.jsp?oid=16777463&queryType=qs&queryString=%E8%98%AD%E5%B6%BC%E7%BE%85%E6%BC%A2%E6%9D%BE HTTP/1.1" 200 27581
61.223.180.76 - - [09/Feb/2014:08:24:40 +0800] "GET /content/nav/relationSubject.jsp?relationWords=%E5%8D%9C%E8%BE%AD+%E7%94%B2%E9%AA%A8+%E7%94%B2%E9%AA%A8%E6%96%87+%E7%AE%97%E5%91%BD+&oid=16777289 HTTP/1.1" 200 3599
66.249.77.62 - - [09/Feb/2014:08:25:06 +0800] "GET /digiarch3/content/subject/resource_content.jsp?oid=16777439&queryType=qc HTTP/1.1" 200 35245
1.171.172.248 - - [09/Feb/2014:08:28:52 +0800] "GET /content/tmp_exh/resource_content.jsp?oid=16777789 HTTP/1.1" 200 40771
1.171.172.248 - - [09/Feb/2014:08:28:55 +0800] "GET /content/nav/relationSubject.jsp?relationWords=%E5%9C%8B%E9%9A%9B%E6%9B%B8%E5%B1%95+%E6%80%9D%E6%83%B3+%E6%96%87%E6%98%9F+%E7%9A%87%E8%BC%BF+%E9%87%8D%E6%85%B6%E5%8D%97%E8%B7%AF+&oid=16777789 HTTP/1.1" 200 5051
123.125.71.34 - - [09/Feb/2014:08:31:01 +0800] "GET /content/subject/resource_content.jsp?oid=16777783&queryType=qc%3E HTTP/1.1" 200 57371
66.249.77.172 - - [09/Feb/2014:08:31:49 +0800] "GET /content/subject/resource_content.jsp?oid=16777298&queryString=%E8%8A%B1%E8%94%93%20%E8%94%93%E6%BE%A4%E8%98%AD HTTP/1.1" 200 27514
66.249.77.62 - - [09/Feb/2014:08:32:17 +0800] "GET /digiarch3/content/nav/relationSubject.jsp?relationWords=%E5%8F%B0%E6%9D%B1%E8%98%87%E9%90%B5%20&oid=16777439 HTTP/1.1" 200 4094
1.171.172.248 - - [09/Feb/2014:08:32:50 +0800] "GET /content/tmp_exh/resource_content.jsp?oid=16777789 HTTP/1.1" 200 40771
1.171.172.248 - - [09/Feb/2014:08:33:09 +0800] "GET /content/nav/relationSubject.jsp?relationWords=%E5%9C%8B%E9%9A%9B%E6%9B%B8%E5%B1%95+%E6%80%9D%E6%83%B3+%E6%96%87%E6%98%9F+%E7%9A%87%E8%BC%BF+%E9%87%8D%E6%85%B6%E5%8D%97%E8%B7%AF+&oid=16777789 HTTP/1.1" 200 5051
66.249.77.172 - - [09/Feb/2014:08:36:01 +0800] "GET /content/nav/relationSubject.jsp?relationWords=%E6%BE%A4%E8%98%AD+%E8%8A%B1%E8%94%93+%E8%94%93%E6%BE%A4+%E8%94%93%E6%BE%A4%E8%98%AD+&oid=16777298 HTTP/1.1" 200 4345
66.249.74.113 - - [09/Feb/2014:08:36:23 +0800] "GET /content/subject/resource_content.jsp?oid=16777551&queryType=qs&queryString=%E7%B6%B2%E9%9A%9B%E7%B6%B2%E8%B7%AF HTTP/1.1" 200 31215
66.249.74.113 - - [09/Feb/2014:08:36:27 +0800] "GET /content/subject/resource_content.jsp?oid=16777464&queryType=qs&queryString=%E5%BE%8C%E7%8F%BE%E4%BB%A3 HTTP/1.1" 200 27390
24.90.238.30 - - [09/Feb/2014:08:38:02 +0800] "GET /content/tmp_exh/resource_content.jsp?oid=16777789 HTTP/1.1" 200 40771
24.90.238.30 - - [09/Feb/2014:08:38:06 +0800] "GET /content/nav/relationSubject.jsp?relationWords=%E5%9C%8B%E9%9A%9B%E6%9B%B8%E5%B1%95+%E6%80%9D%E6%83%B3+%E6%96%87%E6%98%9F+%E7%9A%87%E8%BC%BF+%E9%87%8D%E6%85%B6%E5%8D%97%E8%B7%AF+&oid=16777789 HTTP/1.1" 200 5051
66.249.77.236 - - [09/Feb/2014:08:39:06 +0800] "GET /content/subject/resource_content.jsp?oid=16777419&queryType=qc HTTP/1.1" 200 27251
114.40.204.127 - - [09/Feb/2014:08:39:32 +0800] "GET /content/nav/relationSubject.jsp?relationWords=%E8%8B%A6%E8%8B%93+&oid=16777317 HTTP/1.1" 200 3191
66.249.77.195 - - [09/Feb/2014:08:40:20 +0800] "GET /content/exhibit/exhibit.jsp?oid=16777685 HTTP/1.1" 200 24870
66.249.77.172 - - [09/Feb/2014:08:40:34 +0800] "GET /content/subject/resource_content.jsp?oid=16777294&queryString=%E5%A4%A7%E8%91%89%E5%B1%B1%E6%AC%96%20%E6%8B%BC%E6%9D%BF%E8%88%9F%20%E9%81%94%E6%82%9F%E6%97%8F HTTP/1.1" 200 27201
66.249.77.172 - - [09/Feb/2014:08:41:48 +0800] "GET /content/subject/resource_content.jsp?oid=16777559&queryType=qs&queryString=%E9%9D%92%E9%8A%85%E4%BA%BA%E9%9D%A2 HTTP/1.1" 200 41308
114.40.204.127 - - [09/Feb/2014:08:42:02 +0800] "GET /content/repository/resource_content.jsp?oid=3822068&queryString=?????? HTTP/1.1" 200 30205
114.40.204.127 - - [09/Feb/2014:08:42:03 +0800] "GET /content/nav/relationSubject.jsp?relationWords=API+%E5%8F%B0%E7%81%A3%E6%AC%92%E6%A8%B9+%E6%A4%8D%E7%89%A9%E7%95%8C+%E6%AC%92%E6%A8%B9+%E7%84%A1%E6%82%A3%E5%AD%90+%E7%84%A1%E6%82%A3%E5%AD%90%E7%A7%91+%E8%8B%A6%E8%8B%93+%E8%8B%A6%E8%8B%93%E8%88%85+&oid=3822068 HTTP/1.1" 200 4931
66.249.74.221 - - [09/Feb/2014:08:42:29 +0800] "GET /content/exhibit/exhibit_content.jsp?oid=16777685 HTTP/1.1" 200 16038
114.40.204.127 - - [09/Feb/2014:08:43:07 +0800] "GET /content/repository/resource_content.jsp?oid=3823516&queryString=API%20??ขX?????????%20?????????%20??????%20?????????%20??????????กฑ?%20??????%20????????? HTTP/1.1" 200 30130
114.40.204.127 - - [09/Feb/2014:08:43:08 +0800] "GET /content/nav/relationSubject.jsp?relationWords=API+%E6%A4%8D%E7%89%A9%E7%95%8C+%E7%84%A1%E6%82%A3%E5%AD%90+%E7%84%A1%E6%82%A3%E5%AD%90%E7%A7%91+&oid=3823516 HTTP/1.1" 200 3289
114.40.204.127 - - [09/Feb/2014:08:43:16 +0800] "GET /content/repository/resource_content.jsp?oid=3818865&queryString=API%20?????????%20?????????%20??????????กฑ? HTTP/1.1" 200 30045
114.40.204.127 - - [09/Feb/2014:08:43:17 +0800] "GET /content/nav/relationSubject.jsp?relationWords=API+%E6%A4%8D%E7%89%A9%E7%95%8C+%E7%84%A1%E6%82%A3%E5%AD%90+%E7%84%A1%E6%82%A3%E5%AD%90%E7%A7%91+&oid=3818865 HTTP/1.1" 200 3289
114.40.204.127 - - [09/Feb/2014:08:43:26 +0800] "GET /content/repository/resource_content.jsp?oid=3818348&queryString=API%20?????????%20?????????%20??????????กฑ? HTTP/1.1" 200 30015
114.40.204.127 - - [09/Feb/2014:08:43:27 +0800] "GET /content/nav/relationSubject.jsp?relationWords=API+%E6%A4%8D%E7%89%A9%E7%95%8C+%E7%84%A1%E6%82%A3%E5%AD%90+%E7%84%A1%E6%82%A3%E5%AD%90%E7%A7%91+&oid=3818348 HTTP/1.1" 200 3289
114.40.204.127 - - [09/Feb/2014:08:43:45 +0800] "GET /content/repository/resource_content.jsp?oid=3823697&queryString=API%20?????????%20?????????%20??????????กฑ? HTTP/1.1" 200 30013
114.40.204.127 - - [09/Feb/2014:08:43:46 +0800] "GET /content/nav/relationSubject.jsp?relationWords=API+%E6%A4%8D%E7%89%A9%E7%95%8C+%E7%84%A1%E6%82%A3%E5%AD%90+%E7%84%A1%E6%82%A3%E5%AD%90%E7%A7%91+&oid=3823697 HTTP/1.1" 200 3289
114.40.204.127 - - [09/Feb/2014:08:43:52 +0800] "GET /content/repository/resource_content.jsp?oid=3818348&queryString=API%20?????????%20?????????%20??????????กฑ? HTTP/1.1" 200 30015
66.249.77.236 - - [09/Feb/2014:08:44:30 +0800] "GET /content/subject/resource_content.jsp?oid=16777458&queryType=qc HTTP/1.1" 200 30628
68.180.224.179 - - [09/Feb/2014:08:45:28 +0800] "GET /content/subject/resource_content.jsp?oid=16777779&queryType=qc HTTP/1.1" 200 36731
66.249.77.172 - - [09/Feb/2014:08:47:13 +0800] "GET /content/subject/resource_content.jsp?oid=16777560&queryType=qs&queryString=%E9%AB%98%E7%AD%89%E6%95%99%E8%82%B2 HTTP/1.1" 200 27854
66.249.77.172 - - [09/Feb/2014:08:47:20 +0800] "GET /content/nav/relationSubject.jsp?relationWords=%E5%95%86%E7%8E%8B%E5%A4%A7%E5%A2%93+%E9%9D%92%E9%8A%85%E4%BA%BA%E9%9D%A2+&oid=16777559 HTTP/1.1" 200 2674
66.249.74.162 - - [09/Feb/2014:08:47:55 +0800] "GET /content/subject/resource_content.jsp?oid=16777507&queryString=%E5%85%AC%E5%85%B1%E9%9B%BB%E8%A6%96%20%E5%85%AC%E6%B0%91%20%E5%85%AC%E8%A6%96 HTTP/1.1" 200 47479
66.249.77.172 - - [09/Feb/2014:08:49:18 +0800] "GET /content/subject/resource_content.jsp?oid=16777604&queryType=qs&queryString=%E5%B0%88%E9%96%80%E5%AD%B8%E6%A0%A1 HTTP/1.1" 200 58753
66.249.74.113 - - [09/Feb/2014:08:49:20 +0800] "GET /content/subject/resource_content.jsp?oid=16777466&queryType=qs&queryString=%E7%B4%AB%E8%96%87 HTTP/1.1" 200 27172
157.55.32.58 - - [09/Feb/2014:08:50:03 +0800] "GET /content/subject/resource_content.jsp?oid=16777261&queryType=qc HTTP/1.1" 200 28806
66.249.77.8 - - [09/Feb/2014:08:50:52 +0800] "GET /content/repository/resource_content.jsp?oid=14111&queryType=qs&queryString=%E9%A6%AC%E6%AD%87%E7%88%BE HTTP/1.1" 200 35005
66.249.77.8 - - [09/Feb/2014:08:50:56 +0800] "GET /content/repository/resource_content.jsp?oid=14081&queryType=qs&queryString=%E5%8D%B5%E5%9B%8A HTTP/1.1" 200 33838
66.249.77.8 - - [09/Feb/2014:08:51:34 +0800] "GET /content/repository/resource_content.jsp?oid=1123966&queryType=qs&queryString=%E5%8D%B5%E5%9B%8A HTTP/1.1" 200 32740
66.249.74.162 - - [09/Feb/2014:08:52:11 +0800] "GET /content/subject/resource_content.jsp?oid=16777777&queryString=%E4%BA%BA%E5%90%8D%E6%AC%8A%E5%A8%81%20%E8%91%97%E4%BD%9C%E6%AC%8A%20%E9%A1%8F%E6%83%A0%E6%85%B6 HTTP/1.1" 200 29466
66.249.77.236 - - [09/Feb/2014:08:52:18 +0800] "GET /content/subject/resource_content.jsp?oid=16777777&queryString=%E4%BA%BA%E5%90%8D%E6%AC%8A%E5%A8%81%20%E5%9C%8B%E4%BB%A3%20%E8%91%97%E4%BD%9C%E6%AC%8A HTTP/1.1" 200 29466
66.249.74.113 - - [09/Feb/2014:08:52:38 +0800] "GET /content/subject/resource_content.jsp?oid=16777561&queryType=qs&queryString=%E6%95%B8%E4%BD%8D%E8%B3%87%E6%BA%90 HTTP/1.1" 200 39972
66.249.77.195 - - [09/Feb/2014:08:54:34 +0800] "GET /content/repository/resource_content.jsp?oid=1101119&queryString=%E5%B1%B1%E8%98%AD%E5%B1%AC%20%E8%98%AD%E5%B1%AC HTTP/1.1" 200 29948
66.249.74.221 - - [09/Feb/2014:08:54:36 +0800] "GET /content/subject/resource_content.jsp?oid=16777727&queryString=%E5%8E%9F%E4%BD%8F%E6%B0%91%E9%9F%B3%E6%A8%82%20%E5%8F%B0%E7%81%A3%E5%8E%9F%E4%BD%8F%E6%B0%91%20%E7%A0%94%E8%A8%8E%E6%9C%83 HTTP/1.1" 200 35360
66.249.77.195 - - [09/Feb/2014:08:54:36 +0800] "GET /content/subject/resource_content.jsp?oid=16777491&queryString=%E4%BA%9E%E6%97%8F%20%E5%8C%97%E5%8B%A2%E7%BE%A4%20%E5%B1%B1%E8%83%9E%20%E6%B3%B0%E9%9B%85%20%E6%B3%B0%E9%9B%85%E6%97%8F HTTP/1.1" 200 47553
66.249.74.7 - - [09/Feb/2014:08:54:38 +0800] "GET /digiarch3/content/subject/resource_content.jsp?oid=16777494&queryType=qs&queryString=%E8%91%97%E4%BD%9C%E6%AC%8A HTTP/1.1" 200 50835
66.249.77.62 - - [09/Feb/2014:08:54:39 +0800] "GET /digiarch3/content/subject/resource_content.jsp?oid=16777490&queryType=qs&queryString=%E8%91%97%E4%BD%9C%E6%AC%8A HTTP/1.1" 200 36159
66.249.77.62 - - [09/Feb/2014:08:54:40 +0800] "GET /digiarch3/content/subject/resource_content.jsp?oid=16777487&queryType=qs&queryString=%E8%91%97%E4%BD%9C%E6%AC%8A HTTP/1.1" 200 44443
66.249.77.172 - - [09/Feb/2014:08:54:51 +0800] "GET /content/subject/resource_content.jsp?oid=16777684&queryString= HTTP/1.1" 200 29786
66.249.77.172 - - [09/Feb/2014:08:54:54 +0800] "GET /content/subject/resource_content.jsp?oid=16777683&queryString= HTTP/1.1" 200 34766
66.249.77.172 - - [09/Feb/2014:08:54:55 +0800] "GET /content/subject/resource_content.jsp?oid=16777682&queryString= HTTP/1.1" 200 44127
66.249.77.172 - - [09/Feb/2014:08:54:56 +0800] "GET /content/subject/resource_content.jsp?oid=16777672&queryString= HTTP/1.1" 200 34281
66.249.74.113 - - [09/Feb/2014:08:55:20 +0800] "GET /content/subject/resource_content.jsp?oid=16777561&queryType=qs&queryString=%E8%81%AF%E5%90%88%E7%9B%AE%E9%8C%84 HTTP/1.1" 200 39947
66.249.77.236 - - [09/Feb/2014:08:55:29 +0800] "GET /content/subject/resource_content.jsp?oid=16777343&queryString= HTTP/1.1" 200 30208
130.54.130.239 - - [09/Feb/2014:08:56:10 +0800] "GET /content/tmp_exh/resource_content.jsp?oid=16777763&queryType=qc1889 HTTP/1.1" 200 30788
66.249.77.172 - - [09/Feb/2014:08:58:02 +0800] "GET /content/subject/resource_content.jsp?oid=16777457&queryType=qs&queryString=%E5%85%A7%E6%94%BF%E9%83%A8 HTTP/1.1" 200 28673
66.249.74.7 - - [09/Feb/2014:08:58:49 +0800] "GET /digiarch3/content/nav/relationSubject.jsp?relationWords=%E6%99%BA%E6%85%A7%E8%B2%A1%E7%94%A2+%E6%99%BA%E6%85%A7%E8%B2%A1%E7%94%A2%E6%AC%8A+%E7%94%A2%E6%AC%8A+%E8%91%97%E4%BD%9C%E6%AC%8A+%E8%B2%A1%E7%94%A2%E6%AC%8A+&oid=16777487 HTTP/1.1" 200 4989
66.249.77.8 - - [09/Feb/2014:08:58:57 +0800] "GET /content/nav/relationSubject.jsp?relationWords=%E7%AB%A0%E9%AD%9A+%E8%88%B9%E8%9B%B8+%E8%88%B9%E8%9B%B8%E5%B1%AC+%E9%97%8A%E8%88%B9%E8%9B%B8+%E9%A0%AD%E8%B6%B3+%E9%A0%AD%E8%B6%B3%E7%B6%B1+&oid=1123966 HTTP/1.1" 200 3330
66.249.77.8 - - [09/Feb/2014:08:58:58 +0800] "GET /content/nav/relationSubject.jsp?relationWords=%E7%8A%81%E9%B0%AD+%E7%99%BD%E7%9C%BC%E9%AE%AB+%E7%99%BD%E7%9C%BC%E9%AE%AB%E7%A7%91+&oid=14111 HTTP/1.1" 200 3425
66.249.77.8 - - [09/Feb/2014:08:58:58 +0800] "GET /content/nav/relationSubject.jsp?relationWords=%E6%B2%99%E6%A2%9D+%E8%B1%B9%E9%AE%AB+%E8%B2%93%E9%AE%AB%E7%A7%91+&oid=14081 HTTP/1.1" 200 3395
66.249.77.62 - - [09/Feb/2014:08:58:59 +0800] "GET /digiarch3/content/nav/relationSubject.jsp?relationWords=%E6%99%BA%E6%85%A7%E8%B2%A1%E7%94%A2%20%E6%99%BA%E6%85%A7%E8%B2%A1%E7%94%A2%E6%AC%8A%20%E7%94%A2%E6%AC%8A%20%E8%91%97%E4%BD%9C%E6%AC%8A%20%E8%B2%A1%E7%94%A2%E6%AC%8A%20&oid=16777487 HTTP/1.1" 200 4989
66.249.77.195 - - [09/Feb/2014:08:58:59 +0800] "GET /content/nav/relationSubject.jsp?relationWords=%E6%BE%A4%E8%98%AD+%E6%BE%A4%E8%98%AD%E5%B1%AC+%E8%98%AD%E5%B1%AC+&oid=1101119 HTTP/1.1" 200 4576
66.249.77.8 - - [09/Feb/2014:08:59:03 +0800] "GET /content/nav/relationSubject.jsp?relationWords=%E7%AB%A0%E9%AD%9A%20%E8%88%B9%E8%9B%B8%20%E8%88%B9%E8%9B%B8%E5%B1%AC%20%E9%97%8A%E8%88%B9%E8%9B%B8%20%E9%A0%AD%E8%B6%B3%20%E9%A0%AD%E8%B6%B3%E7%B6%B1%20&oid=1123966 HTTP/1.1" 200 3330
66.249.77.8 - - [09/Feb/2014:08:59:03 +0800] "GET /content/nav/relationSubject.jsp?relationWords=%E7%8A%81%E9%B0%AD%20%E7%99%BD%E7%9C%BC%E9%AE%AB%20%E7%99%BD%E7%9C%BC%E9%AE%AB%E7%A7%91%20&oid=14111 HTTP/1.1" 200 3425
66.249.74.117 - - [09/Feb/2014:08:59:04 +0800] "GET /content/nav/relationSubject.jsp?relationWords=%E6%B2%99%E6%A2%9D%20%E8%B1%B9%E9%AE%AB%20%E8%B2%93%E9%AE%AB%E7%A7%91%20&oid=14081 HTTP/1.1" 200 3395
66.249.77.172 - - [09/Feb/2014:08:59:08 +0800] "GET /content/nav/relationSubject.jsp?relationWords=%E5%A4%9A%E6%A8%A3%E6%80%A7+%E6%95%B8%E4%BD%8D%E5%85%B8%E8%97%8F+&oid=16777683 HTTP/1.1" 200 6970
66.249.77.172 - - [09/Feb/2014:09:00:44 +0800] "GET /content/subject/resource_content.jsp?oid=16777459&queryType=qs&queryString=%E6%95%B8%E4%BD%8D%E8%B3%87%E6%BA%90 HTTP/1.1" 200 39385
157.55.32.58 - - [09/Feb/2014:09:00:52 +0800] "GET /content/subject/resource_content.jsp?oid=16777508 HTTP/1.1" 200 35298
66.249.77.172 - - [09/Feb/2014:09:02:22 +0800] "GET /content/subject/resource_content.jsp?oid=16777464&queryType=qs&queryString=%E7%B4%AB%E8%96%87 HTTP/1.1" 200 27551
66.249.77.195 - - [09/Feb/2014:09:03:05 +0800] "GET /content/repository/resource_content.jsp?oid=1618179 HTTP/1.1" 200 28154
66.249.74.162 - - [09/Feb/2014:09:03:28 +0800] "GET /content/subject/resource_content.jsp?oid=16777467&queryType=qc HTTP/1.1" 200 69891
66.249.77.172 - - [09/Feb/2014:09:06:09 +0800] "GET /content/subject/resource_content.jsp?oid=16777459&queryType=qs&queryString=%E6%97%A5%E6%B2%BB%E6%99%82%E6%9C%9F HTTP/1.1" 200 39385
66.249.77.172 - - [09/Feb/2014:09:06:46 +0800] "GET /content/subject/resource_content.jsp?oid=16777283&queryType=qs&queryString=%E6%B4%BB%E5%AD%97%E5%8D%B0%E5%88%B7 HTTP/1.1" 200 27097
112.78.70.224 - - [09/Feb/2014:09:07:56 +0800] "GET /content/nav/relationSubject.jsp?relationWords=%E5%A4%9A%E6%A8%A3%E6%80%A7+%E8%9E%BA%E9%88%BF+&oid=16777475 HTTP/1.1" 200 4348
36.229.30.97 - - [09/Feb/2014:09:08:42 +0800] "GET /content/nav/relationSubject.jsp?relationWords=%E7%B4%AB%E9%88%B4%E8%97%A4+%E8%92%9C%E9%A6%99%E8%97%A4+&oid=16777257 HTTP/1.1" 200 1899
66.249.77.172 - - [09/Feb/2014:09:08:52 +0800] "GET /content/subject/resource_content.jsp?oid=16777462&queryType=qs&queryString=%E9%87%8E%E7%94%9F%E5%8B%95%E7%89%A9%E4%BF%9D%E8%82%B2 HTTP/1.1" 200 54433
66.249.77.236 - - [09/Feb/2014:09:09:18 +0800] "GET /content/repository/resource_content.jsp?oid=1546121&queryString=%E4%BA%BA%E5%90%8D%E6%AC%8A%E5%A8%81%20%E5%9C%8B%E4%BB%A3%20%E8%91%97%E4%BD%9C%E6%AC%8A HTTP/1.1" 200 28438
66.249.77.172 - - [09/Feb/2014:09:10:11 +0800] "GET /content/nav/relationSubject.jsp?relationWords=%E6%A1%82%E8%8A%B1+&oid=16777283 HTTP/1.1" 200 3944
66.249.77.236 - - [09/Feb/2014:09:10:12 +0800] "GET /content/nav/relationSubject.jsp?relationWords=%E4%BF%AE%E6%86%B2+%E5%9C%8B%E4%BB%A3+&oid=1546121 HTTP/1.1" 200 4885
66.249.77.236 - - [09/Feb/2014:09:10:32 +0800] "GET /content/nav/relationSubject.jsp?relationWords=%E4%BF%AE%E6%86%B2%20%E5%9C%8B%E4%BB%A3%20&oid=1546121 HTTP/1.1" 200 4885
66.249.77.236 - - [09/Feb/2014:09:10:45 +0800] "GET /content/subject/resource_content.jsp?oid=16777686&queryString=%E5%85%AC%E5%85%B1%E9%9B%BB%E8%A6%96%20%E5%85%AC%E6%B0%91%20%E5%85%AC%E8%A6%96 HTTP/1.1" 200 31119
66.249.77.195 - - [09/Feb/2014:09:11:06 +0800] "GET /content/subject/resource_content.jsp?oid=16777491&queryString=%E5%B8%83%E8%BE%B2%E6%97%8F%20%E6%B3%B0%E9%9B%85%E6%97%8F%20%E9%AB%98%E5%B0%BF%E9%85%B8%E8%A1%80%E7%97%87 HTTP/1.1" 200 47437
113.61.144.246 - - [09/Feb/2014:09:11:33 +0800] "GET /content/repository/resource_content.jsp?oid=1106917 HTTP/1.1" 200 30179
66.249.74.113 - - [09/Feb/2014:09:11:35 +0800] "GET /content/subject/resource_content.jsp?oid=16777463&queryString=%E8%98%AD%E5%B6%BC%E7%BE%85%E6%BC%A2%E6%9D%BE HTTP/1.1" 200 27581
113.61.144.246 - - [09/Feb/2014:09:11:37 +0800] "GET /content/nav/relationSubject.jsp?relationWords=%E6%A4%8D%E7%89%A9%E7%95%8C+%E7%8E%89%E5%B1%B1%E8%96%8A+%E8%8F%8A%E7%A7%91+%E8%96%8A%E5%B1%AC+%E9%9B%99%E5%AD%90%E8%91%89+%E9%9B%99%E5%AD%90%E8%91%89%E6%A4%8D%E7%89%A9+&oid=1106917 HTTP/1.1" 200 3248
66.249.77.195 - - [09/Feb/2014:09:14:16 +0800] "GET /content/subject/resource_content.jsp?oid=16777491&queryString=%E5%BF%83%E7%90%86%E5%AD%B8%20%E6%B3%B0%E9%9B%85%E6%97%8F%20%E8%B3%BD%E5%A4%8F%E6%97%8F%20%E9%AB%98%E7%A0%82%E6%97%8F%20%E9%AD%AF%E5%87%B1%E6%97%8F HTTP/1.1" 200 47437
66.249.77.172 - - [09/Feb/2014:09:14:17 +0800] "GET /content/subject/resource_content.jsp?oid=16777729&queryType=qs&queryString=%E8%94%A3%E4%BB%8B%E7%9F%B3 HTTP/1.1" 200 50675
66.249.77.172 - - [09/Feb/2014:09:15:31 +0800] "GET /content/subject/resource_content.jsp?oid=16777408&queryString=%E6%B4%8B%E7%8E%89%E8%98%AD HTTP/1.1" 200 26857
66.249.74.113 - - [09/Feb/2014:09:15:45 +0800] "GET /content/subject/resource_content.jsp?oid=16777581&queryType=qs&queryString=%E8%87%BA%E7%81%A3%E5%8F%B2 HTTP/1.1" 200 47453
66.249.77.8 - - [09/Feb/2014:09:16:59 +0800] "GET /content/subject/resource_content.jsp?oid=16777360&queryString=%E6%8B%93%E7%89%87%20%E6%AD%A6%E6%B0%8F%E7%A5%A0%20%E6%BC%A2%E4%BB%A3 HTTP/1.1" 200 45382
66.249.74.221 - - [09/Feb/2014:09:17:26 +0800] "GET /content/subject/resource_content.jsp?oid=16777491&queryString=%E6%B3%B0%E9%9B%85%20%E6%B3%B0%E9%9B%85%E6%97%8F%20%E9%A6%98%E9%A6%96 HTTP/1.1" 200 47553
66.249.77.62 - - [09/Feb/2014:09:20:36 +0800] "GET /digiarch3/content/subject/resource_content.jsp?oid=16777496&queryType=qs&queryString=%E8%91%97%E4%BD%9C%E6%AC%8A HTTP/1.1" 200 52118
115.82.152.93 - - [09/Feb/2014:09:20:52 +0800] "GET /content/nav/relationSubject.jsp?relationWords=&oid=16777459 HTTP/1.1" 200 1413
66.249.74.113 - - [09/Feb/2014:09:21:36 +0800] "GET /content/nav/relationSubject.jsp?relationWords=%E6%B4%8B%E7%8E%89%E8%98%AD+&oid=16777408 HTTP/1.1" 200 3547
66.249.74.113 - - [09/Feb/2014:09:21:37 +0800] "GET /content/nav/relationSubject.jsp?relationWords=%E8%83%A1%E9%81%A9+&oid=16777729 HTTP/1.1" 200 4912
66.249.74.117 - - [09/Feb/2014:09:21:40 +0800] "GET /content/nav/relationSubject.jsp?relationWords=%E6%8B%93%E7%89%87+%E6%BC%A2%E4%BB%A3+&oid=16777360 HTTP/1.1" 200 4512
106.1.232.148 - - [09/Feb/2014:09:21:41 +0800] "GET /content/nav/relationSubject.jsp?relationWords=%E5%B1%B1%E6%AB%BB%E8%8A%B1+&oid=16777304 HTTP/1.1" 200 4460
66.249.77.8 - - [09/Feb/2014:09:21:44 +0800] "GET /content/nav/relationSubject.jsp?relationWords=%E6%8B%93%E7%89%87%20%E6%BC%A2%E4%BB%A3%20&oid=16777360 HTTP/1.1" 200 4512
66.249.77.172 - - [09/Feb/2014:09:23:45 +0800] "GET /content/subject/resource_content.jsp?oid=16777685&queryString= HTTP/1.1" 200 36999
66.249.74.7 - - [09/Feb/2014:09:23:47 +0800] "GET /digiarch3/content/repository/resource_content.jsp?oid=1538000&queryType=qs&queryString=%E5%9C%8B%E6%B0%91%E7%B2%BE%E7%A5%9E HTTP/1.1" 200 28468
66.249.77.195 - - [09/Feb/2014:09:24:14 +0800] "GET /content/subject/resource_content.jsp?oid=16777485&queryType=qc HTTP/1.1" 200 38430
66.249.77.236 - - [09/Feb/2014:09:25:53 +0800] "GET /content/subject/resource_content.jsp?oid=16777662&queryType=qs&queryString=%E7%BE%8E%E5%B0%91%E5%A5%B3 HTTP/1.1" 200 26076
66.249.77.236 - - [09/Feb/2014:09:26:40 +0800] "GET /content/subject/resource_content.jsp?oid=16777543&queryType=qc HTTP/1.1" 200 40387
66.249.77.195 - - [09/Feb/2014:09:26:55 +0800] "GET /content/subject/resource_content.jsp?oid=16777491&queryString=%E6%B3%B0%E9%9B%85%E6%97%8F%20%E7%9B%9B%E5%85%B7%20%E7%B1%90%E5%8C%85 HTTP/1.1" 200 47437
66.249.77.172 - - [09/Feb/2014:09:28:20 +0800] "GET /content/subject/resource_content.jsp?oid=16777581&queryType=qs&queryString=%E8%87%BA%E7%81%A3%E7%9C%81 HTTP/1.1" 200 47267
122.121.245.233 - - [09/Feb/2014:09:29:22 +0800] "GET /content/repository/resource_content.jsp?oid=2149940 HTTP/1.1" 200 29666
122.121.245.233 - - [09/Feb/2014:09:29:32 +0800] "GET /content/nav/relationSubject.jsp?relationWords=%E6%A4%8D%E7%89%A9%E7%95%8C+%E6%A8%9F%E5%B1%AC+%E6%A8%9F%E7%A7%91+%E8%8F%B2%E5%BE%8B%E8%B3%93%E6%A8%9F%E6%A8%B9+&oid=2149940 HTTP/1.1" 200 3372
66.249.74.221 - - [09/Feb/2014:09:30:05 +0800] "GET /content/subject/resource_content.jsp?oid=16777503&queryString=%E5%8D%97%E6%8A%95%E7%B8%A3%E6%94%BF%E5%BA%9C%20%E5%AE%88%E4%BB%81%20%E7%9C%81%E6%9C%89%E5%9C%9F%E5%9C%B0%20%E8%87%BA%E7%81%A3%E7%9C%81%E6%94%BF%E5%BA%9C%20%E8%8C%84%E8%8B%B3%20%E8%8D%89%E5%B1%AF%E9%8E%AE HTTP/1.1" 200 39323
66.249.77.236 - - [09/Feb/2014:09:30:31 +0800] "GET /content/subject/resource_content.jsp?oid=16777417&queryType=qc HTTP/1.1" 200 27358
66.249.77.195 - - [09/Feb/2014:09:32:58 +0800] "GET /content/subject/resource_content.jsp?oid=16777549&queryString=%E9%99%B6%E4%BF%91 HTTP/1.1" 200 37752
66.249.77.62 - - [09/Feb/2014:09:33:06 +0800] "GET /digiarch3/content/nav/relationSubject.jsp?relationWords=%E5%85%AC%E6%95%99%E4%BA%BA%E5%93%A1+%E5%9C%8B%E6%B0%91%E7%B2%BE%E7%A5%9E+%E8%A7%92%E6%9D%BF%E5%B1%B1+%E8%BB%8D%E5%85%AC%E6%95%99+&oid=1538000 HTTP/1.1" 200 4276
66.249.77.172 - - [09/Feb/2014:09:33:09 +0800] "GET /content/nav/relationSubject.jsp?relationWords=%E5%8F%B0%E7%81%A3%E6%9C%AC%E5%9C%9F%E6%A4%8D%E7%89%A9+%E6%95%B8%E4%BD%8D%E5%85%B8%E8%97%8F+%E6%9C%AC%E5%9C%9F%E6%A4%8D%E7%89%A9+&oid=16777685 HTTP/1.1" 200 5739
66.249.74.221 - - [09/Feb/2014:09:33:15 +0800] "GET /content/subject/resource_content.jsp?oid=16777504&queryString=%E5%91%A8%E8%99%95%20%E5%BB%A3%E6%92%AD%20%E5%BD%B1%E5%B1%95%20%E6%96%B0%E8%81%9E%E8%99%95%20%E7%B5%90%E8%AA%9E%20%E8%99%95%E9%95%B7%20%E9%95%B7%E5%A4%A9%E5%9B%BA HTTP/1.1" 200 35680
66.249.77.62 - - [09/Feb/2014:09:33:15 +0800] "GET /digiarch3/content/nav/relationSubject.jsp?relationWords=%E5%85%AC%E6%95%99%E4%BA%BA%E5%93%A1%20%E5%9C%8B%E6%B0%91%E7%B2%BE%E7%A5%9E%20%E8%A7%92%E6%9D%BF%E5%B1%B1%20%E8%BB%8D%E5%85%AC%E6%95%99%20&oid=1538000 HTTP/1.1" 200 4276
66.249.74.221 - - [09/Feb/2014:09:33:24 +0800] "GET /content/nav/relationSubject.jsp?relationWords=%E6%8B%93%E7%89%87+%E6%AD%A6%E6%B0%8F%E7%A5%A0+&oid=16777456 HTTP/1.1" 200 6385
66.249.77.195 - - [09/Feb/2014:09:33:29 +0800] "GET /content/subject/resource_content.jsp?oid=16777382 HTTP/1.1" 200 29734
66.249.77.195 - - [09/Feb/2014:09:36:24 +0800] "GET /content/subject/resource_content.jsp?oid=16777504&queryString=%E7%9C%81%E8%AD%B0%E6%9C%83%20%E7%B5%90%E8%AA%9E%20%E8%87%BA%E7%81%A3%E7%9C%81%20%E8%87%BA%E7%81%A3%E7%9C%81%E8%AD%B0%E6%9C%83%20%E8%BE%B2%E6%9E%97%20%E8%BE%B2%E6%9E%97%E5%BB%B3%20%E9%99%BD%E9%8E%AC%20%E9%A0%90%E7%AE%97 HTTP/1.1" 200 35680
123.125.71.100 - - [09/Feb/2014:09:37:35 +0800] "GET /content/repository/resource_content.jsp?oid=1854094 HTTP/1.1" 200 28515
66.249.74.221 - - [09/Feb/2014:09:39:35 +0800] "GET /content/subject/resource_content.jsp?oid=16777565&queryString=%E5%90%88%E9%B0%93%E9%B0%BB%20%E9%80%A3%E9%B0%93%E9%B0%BB%20%E9%B0%93%E9%B0%BB%20%E9%B0%BB%E7%A7%91 HTTP/1.1" 200 33600
221.194.129.96 - - [09/Feb/2014:09:40:44 +0800] "GET /content/subject/resource_content.jsp?oid=16777431&queryType=qc HTTP/1.0" 200 35962
124.238.251.36 - - [09/Feb/2014:09:40:45 +0800] "GET /content/subject/resource_content.jsp?oid=16777617&queryType=qc HTTP/1.0" 200 59945
114.39.99.134 - - [09/Feb/2014:09:40:46 +0800] "GET /content/nav/relationSubject.jsp?relationWords=%E5%B1%B1%E8%8C%B6%E8%8A%B1+%E6%9B%BC%E9%99%80%E7%BE%85+%E6%9B%BC%E9%99%80%E7%BE%85%E8%8A%B1+%E8%8C%B6%E8%8A%B1+&oid=16777448 HTTP/1.1" 200 3407
124.238.251.36 - - [09/Feb/2014:09:40:49 +0800] "GET /content/subject/resource_content.jsp?oid=16777493&queryType=qc HTTP/1.0" 200 47460
221.194.129.96 - - [09/Feb/2014:09:40:50 +0800] "GET /content/subject/resource_content.jsp?oid=16777433&queryType=qc HTTP/1.0" 200 27538
124.238.251.36 - - [09/Feb/2014:09:40:53 +0800] "GET /content/subject/resource_content.jsp?oid=16777485&queryType=qc HTTP/1.0" 200 38385
124.238.251.36 - - [09/Feb/2014:09:41:13 +0800] "GET /content/subject/resource_content.jsp?oid=16777495&queryType=qc HTTP/1.0" 200 33775
221.194.129.96 - - [09/Feb/2014:09:41:25 +0800] "GET /content/subject/resource_content.jsp?oid=16777550&queryType=qc HTTP/1.0" 200 29181
66.249.77.172 - - [09/Feb/2014:09:41:30 +0800] "GET /content/subject/resource_content.jsp?oid=16777467&queryType=qs&queryString=%E9%87%8E%E7%94%9F%E5%8B%95%E7%89%A9%E4%BF%9D%E8%82%B2 HTTP/1.1" 200 69917
124.238.251.36 - - [09/Feb/2014:09:41:32 +0800] "GET /content/subject/resource_content.jsp?oid=16777544&queryType=qc HTTP/1.0" 200 34809
124.238.251.36 - - [09/Feb/2014:09:41:37 +0800] "GET /content/subject/resource_content.jsp?oid=16777699&queryType=qc HTTP/1.0" 200 53079
221.194.129.96 - - [09/Feb/2014:09:41:40 +0800] "GET /content/subject/resource_content.jsp?oid=16777288&queryType=qc HTTP/1.0" 200 42915
66.249.77.195 - - [09/Feb/2014:09:41:43 +0800] "GET /content/repository/resource_content.jsp?oid=1547309 HTTP/1.1" 200 28156
124.238.251.36 - - [09/Feb/2014:09:41:44 +0800] "GET /content/subject/resource_content.jsp?oid=16777286&queryType=qc HTTP/1.0" 200 36868
221.194.129.96 - - [09/Feb/2014:09:41:50 +0800] "GET /content/subject/resource_content.jsp?oid=16777619&queryType=qc HTTP/1.0" 200 77699
66.249.77.195 - - [09/Feb/2014:09:42:44 +0800] "GET /content/subject/resource_content.jsp?oid=16777573&queryString=%E5%8E%9F%E4%BD%8F%E6%B0%91%E6%96%87%E5%8C%96%20%E5%A4%A7%E6%98%A5%20%E5%BC%B5%E5%A4%A7%E6%98%A5%20%E7%94%B0%E9%9B%85%E5%90%84%20%E9%9B%85%E5%90%84 HTTP/1.1" 200 24796
175.96.158.173 - - [09/Feb/2014:09:43:33 +0800] "GET /content/subject/resource_content.jsp?oid=16777740 HTTP/1.1" 200 40476
175.96.158.173 - - [09/Feb/2014:09:43:36 +0800] "GET /content/nav/relationSubject.jsp?relationWords=%E6%BC%A2%E4%BB%A3+%E6%BC%A2%E7%B0%A1+%E7%95%AA%E7%A4%BE+%E7%95%AA%E7%A4%BE%E9%87%87%E9%A2%A8%E5%9C%96+%E7%B0%A1%E7%89%98+%E9%87%87%E9%A2%A8%E5%9C%96+&oid=16777740 HTTP/1.1" 200 4784
175.96.158.173 - - [09/Feb/2014:09:43:41 +0800] "GET /content/subject/resource_content.jsp?oid=16777740 HTTP/1.1" 200 40476
175.96.158.173 - - [09/Feb/2014:09:43:47 +0800] "GET /content/nav/relationSubject.jsp?relationWords=%E6%BC%A2%E4%BB%A3+%E6%BC%A2%E7%B0%A1+%E7%95%AA%E7%A4%BE+%E7%95%AA%E7%A4%BE%E9%87%87%E9%A2%A8%E5%9C%96+%E7%B0%A1%E7%89%98+%E9%87%87%E9%A2%A8%E5%9C%96+&oid=16777740 HTTP/1.1" 200 4784
66.249.74.113 - - [09/Feb/2014:09:44:13 +0800] "GET /content/nav/relationSubject.jsp?relationWords=%E6%B8%85%E8%81%96%E7%A5%96+%E8%81%96%E7%A5%96+%E8%A9%94%E6%9B%B8+&oid=16777449 HTTP/1.1" 200 3646
66.249.77.195 - - [09/Feb/2014:09:44:14 +0800] "GET /content/nav/relationSubject.jsp?relationWords=%E7%B5%90%E8%AA%9E+%E8%91%97%E4%BD%9C%E6%AC%8A+&oid=16777504 HTTP/1.1" 200 10019
66.249.77.195 - - [09/Feb/2014:09:44:15 +0800] "GET /content/nav/relationSubject.jsp?relationWords=%E7%B5%90%E8%AA%9E+%E8%91%97%E4%BD%9C%E6%AC%8A+&oid=16777504 HTTP/1.1" 200 10019
66.249.77.195 - - [09/Feb/2014:09:44:16 +0800] "GET /content/nav/relationSubject.jsp?relationWords=%E5%AF%92%E9%9D%92+%E8%87%BA%E5%8C%97%E5%B8%82+%E8%91%89%E5%AF%92%E9%9D%92+%E8%B3%AA%E8%A9%A2+&oid=1547309 HTTP/1.1" 200 4690
66.249.77.195 - - [09/Feb/2014:09:45:53 +0800] "GET /content/subject/resource_content.jsp?oid=16777581&queryString=%E4%B8%AD%E5%B1%B1%E9%AB%98%20%E4%BA%8C%E4%BA%8C%E5%85%AB%20%E4%BA%A4%E6%B5%81%E9%81%93%20%E6%95%88%E7%9B%8A%E6%A1%88%20%E8%A5%BF%E8%9E%BA%20%E9%AB%98%E9%80%9F%E5%85%AC%E8%B7%AF HTTP/1.1" 200 46667
122.100.97.122 - - [09/Feb/2014:09:47:52 +0800] "GET /content/nav/relationSubject.jsp?relationWords=%E6%B5%B7%E6%A3%A0+%E7%A7%8B%E6%B5%B7%E6%A3%A0+&oid=16777279 HTTP/1.1" 200 4921
66.249.77.62 - - [09/Feb/2014:09:48:43 +0800] "GET /digiarch/content/repository/resource_content.jsp?oid=1095126 HTTP/1.1" 404 15533
122.100.97.122 - - [09/Feb/2014:09:48:47 +0800] "GET /content/subject/resource_content.jsp?oid=16777308&queryString=%E6%B5%B7%E6%A3%A0%20%E7%A7%8B%E6%B5%B7%E6%A3%A0 HTTP/1.1" 200 27144
122.100.97.122 - - [09/Feb/2014:09:48:48 +0800] "GET /content/nav/relationSubject.jsp?relationWords=%E6%B5%B7%E6%A3%A0+%E7%A7%8B%E6%B5%B7%E6%A3%A0+&oid=16777308 HTTP/1.1" 200 4913
122.100.97.122 - - [09/Feb/2014:09:48:55 +0800] "GET /content/subject/resource_content.jsp?oid=16777493&queryString=%E6%B5%B7%E6%A3%A0%20%E7%A7%8B%E6%B5%B7%E6%A3%A0 HTTP/1.1" 200 46529
