66.249.74.117 - - [09/Feb/2014:13:56:15 +0800] "GET /content/nav/relationSubject.jsp?relationWords=%E5%85%85%E9%87%91%E7%9C%BC%E9%AF%9B+%E5%96%AE%E9%B0%AD+%E5%96%AE%E9%B0%AD%E9%AD%9A+%E5%A4%A7%E9%9D%A2%E5%81%B4%E4%BB%94+%E6%93%AC%E9%87%91%E7%9C%BC%E9%AF%9B+%E9%87%91%E7%9C%BC%E9%AF%9B+%E9%AF%9B%E7%A7%91+%E9%B0%AD%E9%AD%9A+&oid=15485 HTTP/1.1" 200 3752
66.249.77.8 - - [09/Feb/2014:13:56:16 +0800] "GET /content/nav/relationSubject.jsp?relationWords=%E5%B0%91%E8%80%99%E8%83%A1%E6%A4%92%E9%AF%9B+%E6%89%93%E9%90%B5%E5%A9%86+%E7%9F%B3%E9%B1%B8+%E8%83%A1%E6%A4%92%E9%AF%9B+%E9%9B%B7%E6%B0%8F+%E9%9B%B7%E6%B0%8F%E7%9F%B3%E9%B1%B8+&oid=15370 HTTP/1.1" 200 3583
66.249.77.8 - - [09/Feb/2014:13:56:19 +0800] "GET /content/nav/relationSubject.jsp?relationWords=%E5%B8%83%E5%B8%8C%20%E6%A3%98%E9%AE%AB%20%E7%83%8F%E9%AF%8A%20%E7%87%88%E7%B1%A0%E6%A3%98%E9%AE%AB%20%E9%BB%91%E6%B2%99%20&oid=14139 HTTP/1.1" 200 3496
66.249.74.117 - - [09/Feb/2014:13:56:20 +0800] "GET /content/nav/relationSubject.jsp?relationWords=%E5%85%85%E9%87%91%E7%9C%BC%E9%AF%9B%20%E5%96%AE%E9%B0%AD%20%E5%96%AE%E9%B0%AD%E9%AD%9A%20%E5%A4%A7%E9%9D%A2%E5%81%B4%E4%BB%94%20%E6%93%AC%E9%87%91%E7%9C%BC%E9%AF%9B%20%E9%87%91%E7%9C%BC%E9%AF%9B%20%E9%AF%9B%E7%A7%91%20%E9%B0%AD%E9%AD%9A%20&oid=15485 HTTP/1.1" 200 3752
66.249.77.8 - - [09/Feb/2014:13:56:20 +0800] "GET /content/nav/relationSubject.jsp?relationWords=%E5%B0%91%E8%80%99%E8%83%A1%E6%A4%92%E9%AF%9B%20%E6%89%93%E9%90%B5%E5%A9%86%20%E7%9F%B3%E9%B1%B8%20%E8%83%A1%E6%A4%92%E9%AF%9B%20%E9%9B%B7%E6%B0%8F%20%E9%9B%B7%E6%B0%8F%E7%9F%B3%E9%B1%B8%20&oid=15370 HTTP/1.1" 200 3583
66.249.77.172 - - [09/Feb/2014:13:58:29 +0800] "GET /content/subject/resource_content.jsp?oid=16777721&queryType=qs&queryString=%E9%98%BF%E7%88%BE%E5%8D%91%E6%96%AF%E5%B1%B1 HTTP/1.1" 200 35362
66.249.74.113 - - [09/Feb/2014:14:01:12 +0800] "GET /content/subject/resource_content.jsp?oid=16777755&queryType=qs&queryString=%E8%87%BA%E7%81%A3%E5%A4%A7%E5%AD%B8 HTTP/1.1" 200 34262
66.249.77.172 - - [09/Feb/2014:14:01:27 +0800] "GET /content/subject/resource_content.jsp?oid=16777787&queryString=%E6%9E%97%E7%8D%BB%E5%A0%82%20%E6%A5%8A%E8%82%87%E5%98%89%20%E6%B2%88%E8%91%86%E7%A6%8E%20%E8%A8%B1%E5%BF%97%20%E8%B0%B7%E5%B7%9D%20%E9%95%B7%E8%B0%B7%E5%B7%9D%20%E9%95%B7%E8%B0%B7%E5%B7%9D%E6%B8%85 HTTP/1.1" 200 57012
123.125.71.30 - - [09/Feb/2014:14:03:25 +0800] "GET /content/repository/resource_content.jsp?oid=2662667 HTTP/1.1" 200 28681
66.249.77.195 - - [09/Feb/2014:14:03:53 +0800] "GET /content/repository/resource_content.jsp?oid=1527131 HTTP/1.1" 200 28046
66.249.74.113 - - [09/Feb/2014:14:03:55 +0800] "GET /content/subject/resource_content.jsp?oid=16777785&queryType=qs&queryString=%E8%87%BA%E7%81%A3%E8%8C%B6 HTTP/1.1" 200 48887
184.173.183.171 - - [09/Feb/2014:14:04:13 +0800] "GET /content/subject/resource_content.jsp?oid=16777782&queryType=qc%253E HTTP/1.1" 200 48027
66.249.77.172 - - [09/Feb/2014:14:06:36 +0800] "GET /content/subject/resource_content.jsp?oid=16777785&queryType=qs&queryString=%E8%AA%BF%E6%9F%A5%E7%A0%94%E7%A9%B6 HTTP/1.1" 200 49039
120.116.146.59 - - [09/Feb/2014:14:06:53 +0800] "GET /content/nav/relationSubject.jsp?relationWords=%E6%B8%85%E8%81%96%E7%A5%96+%E8%81%96%E7%A5%96+&oid=16777381 HTTP/1.1" 200 3977
61.135.165.38 - - [09/Feb/2014:14:07:19 +0800] "HEAD /content/repository/resource_content.jsp?oid=2518329 HTTP/1.0" 200 -
120.14.153.17 - - [09/Feb/2014:14:07:24 +0800] "GET /content/repository/resource_content.jsp?oid=2518329 HTTP/1.1" 200 28922
120.14.153.17 - - [09/Feb/2014:14:07:46 +0800] "GET /content/nav/relationSubject.jsp?relationWords=%E5%A4%A9%E6%81%A9+%E5%A4%A9%E6%81%A9%E4%BA%8B+%E6%81%AD%E8%AC%9D%E5%A4%A9%E6%81%A9+%E6%BC%95%E9%81%8B+&oid=2518329 HTTP/1.1" 200 3271
120.14.153.17 - - [09/Feb/2014:14:08:00 +0800] "GET /content/repository/resource_content.jsp?oid=2518329 HTTP/1.1" 200 28922
66.249.74.221 - - [09/Feb/2014:14:08:08 +0800] "GET /content/nav/relationSubject.jsp?relationWords=%E5%81%A5%E5%BA%B7%E6%A1%88+%E5%85%AC%E8%B3%A3%E5%B1%80+%E7%9C%81%E6%94%BF%E5%BA%9C+%E8%87%A8%E6%99%82%E7%9C%81%E8%AD%B0%E6%9C%83+%E8%87%BA%E7%81%A3%E7%9C%81+%E9%82%B1%E6%99%BA%E7%94%9F+&oid=1527131 HTTP/1.1" 200 4745
120.14.153.17 - - [09/Feb/2014:14:08:10 +0800] "GET /content/nav/relationSubject.jsp?relationWords=%E5%A4%A9%E6%81%A9+%E5%A4%A9%E6%81%A9%E4%BA%8B+%E6%81%AD%E8%AC%9D%E5%A4%A9%E6%81%A9+%E6%BC%95%E9%81%8B+&oid=2518329 HTTP/1.1" 200 3271
120.14.153.17 - - [09/Feb/2014:14:09:07 +0800] "GET /content/repository/resource_content.jsp?oid=2528819&queryType=null&queryString=%E9%97%9C%E9%98%B2 HTTP/1.1" 200 28771
27.52.34.75 - - [09/Feb/2014:14:09:15 +0800] "GET /content/repository/resource_content.jsp?oid=1573623 HTTP/1.1" 200 33002
120.14.153.17 - - [09/Feb/2014:14:09:18 +0800] "GET /content/nav/relationSubject.jsp?relationWords=&oid=2528819 HTTP/1.1" 200 1413
27.52.34.75 - - [09/Feb/2014:14:09:19 +0800] "GET /content/nav/relationSubject.jsp?relationWords=%E4%BA%BA%E4%BA%8B%E8%99%95+%E4%BE%BF%E6%B0%91+%E5%85%AC%E5%8B%99%E5%93%A1+%E5%90%B3%E4%B8%80%E8%A1%9B+%E5%90%B3%E6%B3%89+%E5%90%B3%E6%B3%89%E6%B4%9D+%E5%98%89%E7%BE%A9%E7%81%AB%E8%BB%8A%E7%AB%99+%E5%9C%9F%E5%9C%B0%E7%99%BB%E8%A8%98+%E5%9C%B0%E6%94%BF%E4%BA%8B%E5%8B%99%E6%89%80+%E5%9C%B0%E6%94%BF%E5%B1%80+%E5%9C%B0%E7%B1%8D%E5%9C%96+%E5%AF%92%E9%9D%92+%E5%BC%B5%E5%AF%8C+%E6%89%92%E6%89%8B+%E6%94%BF%E5%8B%99%E5%AE%98+%E6%B0%91%E9%81%B8+%E6%B3%89%E6%B4%9D+%E7%A7%91%E9%95%B7+%E7%B0%A1%E4%BB%BB+%E8%91%89%E5%AF%92%E9%9D%92+%E8%99%95%E9%95%B7+%E8%B3%AA%E8%A9%A2+%E9%99%B3%E7%81%AB+%E9%99%B3%E7%81%AB%E5%9C%9F+%E9%BB%83%E5%A5%87+%E9%BB%83%E5%A5%87%E6%AD%A3+&oid=1573623 HTTP/1.1" 200 5459
120.14.153.17 - - [09/Feb/2014:14:10:06 +0800] "GET /content/repository/resource_content.jsp?oid=2663653&queryType=null&queryString=%E9%97%9C%E9%98%B2 HTTP/1.1" 200 28794
120.14.153.17 - - [09/Feb/2014:14:10:14 +0800] "GET /content/nav/relationSubject.jsp?relationWords=%E6%8F%B4%E5%89%BF+%E8%B7%AF%E7%B8%BD%E5%85%B5+&oid=2663653 HTTP/1.1" 200 4051
5.10.83.25 - - [09/Feb/2014:14:10:19 +0800] "GET /content/subject/resource_content.jsp?oid=16777632&queryType=qc HTTP/1.1" 200 31561
113.91.12.13 - - [09/Feb/2014:14:11:00 +0800] "GET /content/nav/relationSubject.jsp?relationWords=%E5%B1%B1%E6%AB%BB%E8%8A%B1+&oid=16777304 HTTP/1.1" 200 4460
120.14.153.17 - - [09/Feb/2014:14:11:49 +0800] "GET /content/repository/resource_content.jsp?oid=2520184&queryType=null&queryString=%E9%97%9C%E9%98%B2 HTTP/1.1" 200 28886
120.14.153.17 - - [09/Feb/2014:14:11:58 +0800] "GET /content/nav/relationSubject.jsp?relationWords=%E5%8D%B0%E5%8B%99+%E7%B8%BD%E5%85%B5%E5%AE%98+&oid=2520184 HTTP/1.1" 200 3154
66.249.77.62 - - [09/Feb/2014:14:12:01 +0800] "GET /content/subject/resource_content.jsp?oid=16777564&queryType=qc HTTP/1.1" 200 24265
66.249.77.172 - - [09/Feb/2014:14:12:37 +0800] "GET /content/subject/resource_content.jsp?oid=16777736&queryString=%E5%BF%97%E4%BD%B3%E9%99%BD%E6%9D%9C%E9%B5%91%20%E6%9D%9C%E9%B5%91%20%E6%9D%9C%E9%B5%91%E8%8A%B1%20%E7%99%BD%E7%90%89%E7%90%83%E6%9D%9C%E9%B5%91%20%E8%91%97%E7%94%9F%E6%9D%9C%E9%B5%91 HTTP/1.1" 200 42315
120.14.153.17 - - [09/Feb/2014:14:12:48 +0800] "GET /content/repository/resource_content.jsp?oid=2520415&queryType=null&queryString=%E9%97%9C%E9%98%B2 HTTP/1.1" 200 29059
120.14.153.17 - - [09/Feb/2014:14:13:02 +0800] "GET /content/nav/relationSubject.jsp?relationWords=%E5%B7%A1%E6%92%AB+%E7%AF%86%E6%96%87+&oid=2520415 HTTP/1.1" 200 3127
120.14.153.17 - - [09/Feb/2014:14:13:06 +0800] "GET /content/repository/resource_content.jsp?oid=2513013&queryType=null&queryString=%E9%97%9C%E9%98%B2 HTTP/1.1" 200 28971
120.14.153.17 - - [09/Feb/2014:14:13:15 +0800] "GET /content/nav/relationSubject.jsp?relationWords=%E5%A0%B1%E6%8E%A5%E5%8D%B0+%E5%AD%B8%E6%94%BF+%E9%A0%86%E5%A4%A9+&oid=2513013 HTTP/1.1" 200 3189
66.249.74.113 - - [09/Feb/2014:14:13:46 +0800] "GET /content/subject/resource_content.jsp?oid=16777788&queryType=qs&queryString=%E8%91%97%E4%BD%9C%E6%AC%8A%E6%B3%95 HTTP/1.1" 200 41888
120.14.153.17 - - [09/Feb/2014:14:14:53 +0800] "GET /content/repository/resource_content.jsp?oid=2520169&queryType=null&queryString=%E9%97%9C%E9%98%B2 HTTP/1.1" 200 28912
120.14.153.17 - - [09/Feb/2014:14:15:04 +0800] "GET /content/nav/relationSubject.jsp?relationWords=%E6%AD%B8%E5%8C%96%E5%9F%8E+&oid=2520169 HTTP/1.1" 200 3134
114.32.190.51 - - [09/Feb/2014:14:15:12 +0800] "GET /content/subject/resource_content.jsp?oid=16777368&queryString=%E9%98%BF%E5%8B%83%E5%8B%92 HTTP/1.1" 200 30958
114.32.190.51 - - [09/Feb/2014:14:15:14 +0800] "GET /content/nav/relationSubject.jsp?relationWords=%E9%98%BF%E5%8B%83%E5%8B%92+&oid=16777368 HTTP/1.1" 200 2925
1.172.55.205 - - [09/Feb/2014:14:15:54 +0800] "GET /content/nav/relationSubject.jsp?relationWords=%E5%B1%B1%E6%AB%BB%E8%8A%B1+&oid=16777304 HTTP/1.1" 200 4460
59.115.146.243 - - [09/Feb/2014:14:16:19 +0800] "GET /content/repository/resource_content.jsp?oid=1526489&queryString=%E6%92%B2%E6%BB%85 HTTP/1.1" 200 29290
59.115.146.243 - - [09/Feb/2014:14:16:20 +0800] "GET /content/nav/relationSubject.jsp?relationWords=%E6%92%B2%E6%BB%85+%E6%B1%9F%E9%87%91%E5%BD%B0+%E6%BD%98%E7%A6%8F%E9%9A%86+%E7%9C%81%E6%94%BF%E5%BA%9C+%E7%9C%81%E8%AD%B0%E6%9C%83+%E7%A0%82%E9%87%91+%E8%87%A8%E6%99%82%E7%9C%81%E8%AD%B0%E6%9C%83+%E8%87%BA%E7%81%A3%E7%9C%81+%E8%87%BA%E9%8A%80+%E9%87%91%E7%89%8C+%E9%87%91%E9%A3%BE+%E9%8A%80%E6%A8%93+%E9%99%B3%E9%80%A2%E6%BA%90+%E9%A3%BE%E9%87%91+&oid=1526489 HTTP/1.1" 200 5905
61.135.165.38 - - [09/Feb/2014:14:16:24 +0800] "HEAD /content/repository/resource_content.jsp?oid=2522511 HTTP/1.0" 200 -
120.14.153.17 - - [09/Feb/2014:14:16:29 +0800] "GET /content/repository/resource_content.jsp?oid=2522511 HTTP/1.1" 200 29234
120.14.153.17 - - [09/Feb/2014:14:16:37 +0800] "GET /content/nav/relationSubject.jsp?relationWords=%E5%8D%B0%E5%8B%99+%E5%B7%A1%E6%92%AB+%E8%AD%B7%E7%90%86+&oid=2522511 HTTP/1.1" 200 4028
66.249.74.7 - - [09/Feb/2014:14:19:15 +0800] "GET /content/nav/relationSubject.jsp?relationWords=%E6%95%B8%E4%BD%8D%E5%85%B8%E8%97%8F+&oid=16777564 HTTP/1.1" 200 5887
111.254.178.223 - - [09/Feb/2014:14:19:23 +0800] "GET /content/repository/resource_content.jsp?oid=1101700 HTTP/1.1" 200 29918
111.254.178.223 - - [09/Feb/2014:14:19:24 +0800] "GET /content/nav/relationSubject.jsp?relationWords=%E5%B0%8F%E8%8A%B1%E6%96%91%E9%B3%A9%E8%8F%8A+%E6%96%91%E9%B3%A9+%E6%96%91%E9%B3%A9%E8%8F%8A+%E6%96%91%E9%B3%A9%E8%8F%8A%E5%B1%AC+%E6%A4%8D%E7%89%A9%E7%95%8C+%E8%8F%8A%E5%B1%AC+%E8%8F%8A%E7%A7%91+%E9%9B%99%E5%AD%90%E8%91%89+%E9%9B%99%E5%AD%90%E8%91%89%E6%A4%8D%E7%89%A9+&oid=1101700 HTTP/1.1" 200 3674
111.254.178.223 - - [09/Feb/2014:14:19:48 +0800] "GET /content/repository/resource_content.jsp?oid=1098264 HTTP/1.1" 200 30082
111.254.178.223 - - [09/Feb/2014:14:19:48 +0800] "GET /content/nav/relationSubject.jsp?relationWords=%E5%B0%8F%E8%8A%B1%E6%96%91%E9%B3%A9%E8%8F%8A+%E6%96%91%E9%B3%A9+%E6%96%91%E9%B3%A9%E8%8F%8A+%E6%96%91%E9%B3%A9%E8%8F%8A%E5%B1%AC+%E6%A4%8D%E7%89%A9%E7%95%8C+%E8%8F%8A%E5%B1%AC+%E8%8F%8A%E7%A7%91+%E9%9B%99%E5%AD%90%E8%91%89+%E9%9B%99%E5%AD%90%E8%91%89%E6%A4%8D%E7%89%A9+&oid=1098264 HTTP/1.1" 200 3630
66.249.77.236 - - [09/Feb/2014:14:20:08 +0800] "GET /content/subject/resource_content.jsp?oid=16777726&queryString= HTTP/1.1" 200 35457
111.254.178.223 - - [09/Feb/2014:14:20:10 +0800] "GET /content/repository/resource_content.jsp?oid=1098264 HTTP/1.1" 200 30082
111.254.178.223 - - [09/Feb/2014:14:20:17 +0800] "GET /content/repository/resource_content.jsp?oid=1098302 HTTP/1.1" 200 30018
111.254.178.223 - - [09/Feb/2014:14:20:18 +0800] "GET /content/nav/relationSubject.jsp?relationWords=%E5%B0%8F%E8%8A%B1%E6%96%91%E9%B3%A9%E8%8F%8A+%E6%96%91%E9%B3%A9+%E6%96%91%E9%B3%A9%E8%8F%8A+%E6%96%91%E9%B3%A9%E8%8F%8A%E5%B1%AC+%E6%A4%8D%E7%89%A9%E7%95%8C+%E8%8F%8A%E5%B1%AC+%E8%8F%8A%E7%A7%91+%E9%9B%99%E5%AD%90%E8%91%89+%E9%9B%99%E5%AD%90%E8%91%89%E6%A4%8D%E7%89%A9+&oid=1098302 HTTP/1.1" 200 3674
111.254.178.223 - - [09/Feb/2014:14:20:29 +0800] "GET /content/repository/resource_content.jsp?oid=1098264 HTTP/1.1" 200 30082
111.254.178.223 - - [09/Feb/2014:14:20:50 +0800] "GET /content/repository/resource_content.jsp?oid=1098302 HTTP/1.1" 200 30018
111.254.178.223 - - [09/Feb/2014:14:21:00 +0800] "GET /content/repository/resource_content.jsp?oid=1098264 HTTP/1.1" 200 30082
66.249.77.172 - - [09/Feb/2014:14:21:23 +0800] "GET /content/subject/resource_content.jsp?oid=16777770&queryType=qs&queryString=%E6%96%87%E5%8C%96%E4%B8%AD%E5%BF%83 HTTP/1.1" 200 52841
36.229.178.235 - - [09/Feb/2014:14:22:59 +0800] "GET /content/nav/relationSubject.jsp?relationWords=%E5%B1%B1%E6%AB%BB%E8%8A%B1+&oid=16777304 HTTP/1.1" 200 4460
66.249.77.172 - - [09/Feb/2014:14:25:00 +0800] "GET /content/subject/resource_content.jsp?oid=16777347&queryType=qs&queryString=%E7%90%B5%E7%90%B6%E9%AE%AB HTTP/1.1" 200 32569
61.135.169.4 - - [09/Feb/2014:14:25:25 +0800] "HEAD /content/repository/resource_content.jsp?oid=2669681 HTTP/1.0" 200 -
120.14.153.17 - - [09/Feb/2014:14:25:28 +0800] "GET /content/repository/resource_content.jsp?oid=2669681 HTTP/1.1" 200 29061
123.125.71.77 - - [09/Feb/2014:14:25:32 +0800] "GET /content/repository/resource_content.jsp?oid=2560371 HTTP/1.1" 200 28319
120.14.153.17 - - [09/Feb/2014:14:25:38 +0800] "GET /content/nav/relationSubject.jsp?relationWords=%E5%B7%A1%E6%92%AB+&oid=2669681 HTTP/1.1" 200 3092
123.125.71.51 - - [09/Feb/2014:14:25:39 +0800] "GET /content/nav/relationSubject.jsp?relationWords=&oid=2560371 HTTP/1.1" 200 1413
66.249.77.172 - - [09/Feb/2014:14:26:19 +0800] "GET /content/subject/resource_content.jsp?oid=16777256&queryType=qs&queryString=%E5%85%A8%E7%90%83%E5%8C%96 HTTP/1.1" 200 36100
120.14.153.17 - - [09/Feb/2014:14:27:46 +0800] "GET /content/repository/resource_content.jsp?oid=2510462&queryType=null&queryString=%E9%97%9C%E9%98%B2 HTTP/1.1" 200 29143
120.14.153.17 - - [09/Feb/2014:14:28:10 +0800] "GET /content/nav/relationSubject.jsp?relationWords=%E9%96%A9%E6%B5%99+%E9%96%A9%E6%B5%99%E7%B8%BD%E7%9D%A3+&oid=2510462 HTTP/1.1" 200 3193
115.82.125.69 - - [09/Feb/2014:14:28:31 +0800] "GET /content/repository/resource_content.jsp?oid=1780001 HTTP/1.1" 200 29449
115.82.125.69 - - [09/Feb/2014:14:28:31 +0800] "GET /content/nav/relationSubject.jsp?relationWords=%E5%A5%BD%E8%8C%B6+%E7%94%9F%E5%91%BD%E5%84%80%E7%A6%AE+%E8%81%96%E7%81%AB+%E9%AD%AF%E5%87%B1+%E9%AD%AF%E5%87%B1%E6%97%8F+&oid=1780001 HTTP/1.1" 200 3280
115.82.125.69 - - [09/Feb/2014:14:29:05 +0800] "GET /content/repository/resource_content.jsp?oid=4359409&queryType=null&queryString=%E5%A5%BD%E8%8C%B6 HTTP/1.1" 200 27212
115.82.125.69 - - [09/Feb/2014:14:29:05 +0800] "GET /content/nav/relationSubject.jsp?relationWords=%E5%A5%BD%E8%8C%B6+&oid=4359409 HTTP/1.1" 200 3093
115.82.125.69 - - [09/Feb/2014:14:29:27 +0800] "GET /content/repository/resource_content.jsp?oid=4359397&queryType=null&queryString=%E5%A5%BD%E8%8C%B6 HTTP/1.1" 200 27242
115.82.125.69 - - [09/Feb/2014:14:29:27 +0800] "GET /content/nav/relationSubject.jsp?relationWords=%E5%A5%BD%E8%8C%B6+&oid=4359397 HTTP/1.1" 200 3093
66.249.77.195 - - [09/Feb/2014:14:30:05 +0800] "GET /content/repository/resource_content.jsp?oid=1578977 HTTP/1.1" 200 27596
125.230.100.39 - - [09/Feb/2014:14:30:07 +0800] "GET /content/tmp_exh/resource_content.jsp?oid=16777763 HTTP/1.1" 200 30796
125.230.100.39 - - [09/Feb/2014:14:30:07 +0800] "GET /content/nav/relationSubject.jsp?relationWords=%E6%9E%97%E7%8D%BB%E5%A0%82+%E6%A5%8A%E8%82%87%E5%98%89+%E6%B2%88%E8%91%86%E7%A6%8E+%E8%A8%B1%E5%BF%97+%E8%B0%B7%E5%B7%9D+%E9%95%B7%E8%B0%B7%E5%B7%9D+%E9%95%B7%E8%B0%B7%E5%B7%9D%E6%B8%85+&oid=16777763 HTTP/1.1" 200 4448
66.249.74.113 - - [09/Feb/2014:14:30:25 +0800] "GET /content/nav/relationSubject.jsp?relationWords=%E5%A4%A9%E4%BD%BF+%E6%89%81%E9%AF%8A+%E6%93%AC%E8%83%8C%E6%96%91+%E7%90%B5%E7%90%B6%E9%AE%AB+&oid=16777347 HTTP/1.1" 200 4206
66.249.77.172 - - [09/Feb/2014:14:30:26 +0800] "GET /content/nav/relationSubject.jsp?relationWords=%E5%B9%B3%E5%9F%94%E6%97%8F+%E6%B9%AF%E5%A7%86+&oid=16777770 HTTP/1.1" 200 3589
123.195.180.65 - - [09/Feb/2014:14:31:24 +0800] "GET /content/nav/relationSubject.jsp?relationWords=%E6%B0%B4%E9%BB%83%E7%9A%AE+&oid=16777535 HTTP/1.1" 200 3638
66.249.77.195 - - [09/Feb/2014:14:32:10 +0800] "GET /content/repository/resource_content.jsp?oid=2640431 HTTP/1.1" 200 29064
114.32.190.51 - - [09/Feb/2014:14:34:36 +0800] "GET /content/nav/relationSubject.jsp?relationWords=%E9%98%BF%E5%8B%83%E5%8B%92+&oid=16777368 HTTP/1.1" 200 2925
114.32.190.51 - - [09/Feb/2014:14:35:04 +0800] "GET /content/nav/relationSubject.jsp?relationWords=%E9%98%BF%E5%8B%83%E5%8B%92+&oid=16777368 HTTP/1.1" 200 2925
180.149.130.149 - - [09/Feb/2014:14:36:20 +0800] "HEAD /content/repository/resource_content.jsp?oid=2669681 HTTP/1.0" 200 -
120.14.153.17 - - [09/Feb/2014:14:36:23 +0800] "GET /content/repository/resource_content.jsp?oid=2669681 HTTP/1.1" 200 29062
36.224.45.170 - - [09/Feb/2014:14:36:37 +0800] "GET /content/nav/relationSubject.jsp?relationWords=%E5%B1%B1%E8%8C%B6%E8%8A%B1+%E6%9B%BC%E9%99%80%E7%BE%85+%E6%9B%BC%E9%99%80%E7%BE%85%E8%8A%B1+%E8%8C%B6%E8%8A%B1+&oid=16777448 HTTP/1.1" 200 3407
120.14.153.17 - - [09/Feb/2014:14:36:49 +0800] "GET /content/nav/relationSubject.jsp?relationWords=%E5%B7%A1%E6%92%AB+&oid=2669681 HTTP/1.1" 200 3092
157.55.32.184 - - [09/Feb/2014:14:37:26 +0800] "GET /content/repository/resource_content.jsp?oid=1620688 HTTP/1.1" 200 27840
36.233.171.85 - - [09/Feb/2014:14:37:46 +0800] "GET /content/nav/relationSubject.jsp?relationWords=%E9%BB%91%E6%9D%BF%E6%A8%B9+&oid=16777262 HTTP/1.1" 200 3261
123.125.71.110 - - [09/Feb/2014:14:37:54 +0800] "GET /content/repository/resource_content.jsp?oid=2561703 HTTP/1.1" 200 28329
66.249.77.172 - - [09/Feb/2014:14:38:17 +0800] "GET /content/subject/resource_content.jsp?oid=16777258&queryType=qs&queryString=%E9%AD%9A%E9%A1%9E%E8%B3%87%E6%96%99%E5%BA%AB HTTP/1.1" 200 35468
114.32.190.51 - - [09/Feb/2014:14:38:18 +0800] "GET /content/subject/resource_content.jsp?oid=16777401&queryString=%E9%98%BF%E5%8B%83%E5%8B%92 HTTP/1.1" 200 27731
114.32.190.51 - - [09/Feb/2014:14:38:19 +0800] "GET /content/nav/relationSubject.jsp?relationWords=%E9%98%BF%E5%8B%83%E5%8B%92+&oid=16777401 HTTP/1.1" 200 2919
66.249.77.195 - - [09/Feb/2014:14:38:55 +0800] "GET /content/repository/resource_content.jsp?oid=1104116&queryString=%E5%81%87%E9%85%B8%E6%BC%BF%20%E6%A4%8D%E7%89%A9%E7%95%8C%20%E7%A2%A7%E6%9E%9C%E8%8D%89%20%E7%A2%A7%E6%9E%9C%E8%8D%89%E5%B1%AC%20%E7%B4%AB%E8%8D%89%E7%A7%91 HTTP/1.1" 200 30312
66.249.77.236 - - [09/Feb/2014:14:39:21 +0800] "GET /content/subject/resource_content.jsp?oid=16777505&queryType=qc HTTP/1.1" 200 37062
120.14.153.17 - - [09/Feb/2014:14:40:00 +0800] "GET /content/repository/resource_content.jsp?oid=2599475&queryType=null&queryString=%E9%97%9C%E9%98%B2 HTTP/1.1" 200 28224
120.14.153.17 - - [09/Feb/2014:14:40:10 +0800] "GET /content/nav/relationSubject.jsp?relationWords=&oid=2599475 HTTP/1.1" 200 1413
59.32.59.39 - - [09/Feb/2014:14:40:19 +0800] "GET /content/nav/relationSubject.jsp?relationWords=%E7%BE%85%E6%BC%A2%E6%9D%BE+%E8%98%AD%E5%B6%BC%E7%BE%85%E6%BC%A2%E6%9D%BE+%E9%81%94%E6%82%9F+%E9%81%94%E6%82%9F%E6%97%8F+%E9%9B%85%E7%BE%8E+%E9%9B%85%E7%BE%8E%E6%97%8F+&oid=16777443 HTTP/1.1" 200 4297
65.55.213.68 - - [09/Feb/2014:14:41:07 +0800] "GET /content/subject/resource_content.jsp?oid=16777780&queryType=qc HTTP/1.1" 200 32953
65.55.213.68 - - [09/Feb/2014:14:41:11 +0800] "GET /content/subject/resource_content.jsp?oid=16777483&queryType=qc HTTP/1.1" 200 42984
65.55.213.68 - - [09/Feb/2014:14:41:16 +0800] "GET /content/subject/resource_content.jsp?oid=16777451&queryType=qc HTTP/1.1" 200 27487
65.55.213.68 - - [09/Feb/2014:14:41:20 +0800] "GET /content/subject/resource_content.jsp?oid=16777509&queryType=qc HTTP/1.1" 200 32458
65.55.213.68 - - [09/Feb/2014:14:41:23 +0800] "GET /content/subject/resource_content.jsp?oid=16777449&queryType=qc HTTP/1.1" 200 27829
65.55.213.68 - - [09/Feb/2014:14:41:26 +0800] "GET /content/subject/resource_content.jsp?oid=16777513&queryType=qc HTTP/1.1" 200 27633
65.55.213.68 - - [09/Feb/2014:14:41:29 +0800] "GET /content/subject/resource_content.jsp?oid=16777512&queryType=qc HTTP/1.1" 200 33533
65.55.213.68 - - [09/Feb/2014:14:41:32 +0800] "GET /content/subject/resource_content.jsp?oid=16777491&queryType=qc HTTP/1.1" 200 47854
65.55.213.68 - - [09/Feb/2014:14:41:36 +0800] "GET /content/subject/resource_content.jsp?oid=16777517&queryType=qc HTTP/1.1" 200 50810
66.249.74.221 - - [09/Feb/2014:14:42:11 +0800] "GET /content/nav/relationSubject.jsp?relationWords=%E5%9C%8B%E5%8A%9B+%E5%9C%8B%E5%8A%9B%E6%A1%88+%E6%A9%9F%E5%BB%A0+&oid=1578977 HTTP/1.1" 200 4781
66.249.77.195 - - [09/Feb/2014:14:42:12 +0800] "GET /content/nav/relationSubject.jsp?relationWords=%E5%81%87%E9%85%B8%E6%BC%BF+%E6%A4%8D%E7%89%A9%E7%95%8C+%E7%A2%A7%E6%9E%9C%E8%8D%89+%E7%A2%A7%E6%9E%9C%E8%8D%89%E5%B1%AC+%E7%B4%AB%E8%8D%89+%E7%B4%AB%E8%8D%89%E7%A7%91+&oid=1104116 HTTP/1.1" 200 3450
66.249.77.8 - - [09/Feb/2014:14:43:13 +0800] "GET /content/repository/resource_content.jsp?oid=1772761&queryType=qs&queryString=%E9%A6%AC%E6%AD%87%E7%88%BE HTTP/1.1" 200 32630
66.249.77.236 - - [09/Feb/2014:14:43:39 +0800] "GET /content/subject/resource_content.jsp?oid=16777706&queryString=%E5%9C%96%E9%9B%86%E5%90%8D%20%E5%A0%A1%E5%9C%96 HTTP/1.1" 200 54950
124.8.77.97 - - [09/Feb/2014:14:43:59 +0800] "GET /content/nav/relationSubject.jsp?relationWords=%E5%B1%B1%E6%AB%BB%E8%8A%B1+&oid=16777304 HTTP/1.1" 200 4460
66.249.77.236 - - [09/Feb/2014:14:44:06 +0800] "GET /content/subject/resource_content.jsp?oid=16777715&queryType=qs&queryString=%E9%81%BC%E9%87%91%E5%85%83%E6%8B%93%E7%89%87 HTTP/1.1" 200 33793
124.8.77.97 - - [09/Feb/2014:14:44:54 +0800] "GET /content/repository/resource_content.jsp?oid=3819840&queryString=?กำกำ?????กำ HTTP/1.1" 200 30172
124.8.77.97 - - [09/Feb/2014:14:44:55 +0800] "GET /content/nav/relationSubject.jsp?relationWords=%E5%B1%B1%E6%AB%BB%E8%8A%B1+%E6%A2%85%E5%B1%AC+%E6%A4%8D%E7%89%A9%E7%95%8C+%E8%96%94%E8%96%87%E7%9B%AE+%E8%96%94%E8%96%87%E7%A7%91+%E9%9C%A7%E7%A4%BE%E5%B1%B1%E6%AB%BB+%E9%9C%A7%E7%A4%BE%E5%B1%B1%E6%AB%BB%E8%8A%B1+&oid=3819840 HTTP/1.1" 200 5313
111.250.194.218 - - [09/Feb/2014:14:45:08 +0800] "GET /content/nav/relationSubject.jsp?relationWords=%E5%8F%B0%E7%81%A3%E6%AC%92%E6%A8%B9+%E6%AC%92%E6%A8%B9+%E8%8B%A6%E8%8B%93+%E8%8B%A6%E8%8B%93%E8%88%85+&oid=16777254 HTTP/1.1" 200 4391
66.249.74.7 - - [09/Feb/2014:14:45:40 +0800] "GET /digiarch3/content/subject/resource_content.jsp?oid=16777303&queryType=qc HTTP/1.1" 200 34004
118.163.22.10 - - [09/Feb/2014:14:46:07 +0800] "GET /content/nav/relationSubject.jsp?relationWords=%E9%BB%91%E6%9D%BF%E6%A8%B9+&oid=16777262 HTTP/1.1" 200 3261
66.249.77.195 - - [09/Feb/2014:14:46:13 +0800] "GET /content/repository/resource_content.jsp?oid=1173078&queryString=%E6%9D%B1%E5%BA%AD%E5%AF%A8 HTTP/1.1" 200 28268
66.249.77.195 - - [09/Feb/2014:14:46:14 +0800] "GET /content/repository/resource_content.jsp?oid=1172884&queryString=%E5%AD%9F%E5%AE%9A HTTP/1.1" 200 32925
66.249.77.195 - - [09/Feb/2014:14:46:15 +0800] "GET /content/repository/resource_content.jsp?oid=1123146&queryString=%E5%B2%A9%E8%9E%BA%20%E9%BB%83%E5%8F%A3%20%E9%BB%83%E5%8F%A3%E5%B2%A9%E8%9E%BA HTTP/1.1" 200 33454
66.249.77.195 - - [09/Feb/2014:14:46:16 +0800] "GET /content/repository/resource_content.jsp?oid=1123134&queryString=%E5%B2%A9%E8%9E%BA%20%E9%BB%83%E5%8F%A3%20%E9%BB%83%E5%8F%A3%E5%B2%A9%E8%9E%BA HTTP/1.1" 200 32913
66.249.77.62 - - [09/Feb/2014:14:46:22 +0800] "GET /digiarch3/content/repository/resource_content.jsp?oid=4485790&queryType=qs&queryString=%E9%83%B5%E4%BE%BF%E5%B1%80 HTTP/1.1" 200 31906
66.249.74.7 - - [09/Feb/2014:14:46:28 +0800] "GET /digiarch3/content/repository/resource_content.jsp?oid=4470384&queryType=qs&queryString=%E9%83%B5%E4%BE%BF%E5%B1%80 HTTP/1.1" 200 33999
66.249.74.113 - - [09/Feb/2014:14:46:32 +0800] "GET /content/repository/resource_content.jsp?oid=2145781&queryString=%E5%BF%97%E4%BD%B3%E9%99%BD%E6%9D%9C%E9%B5%91%20%E6%9D%9C%E9%B5%91%20%E6%9D%9C%E9%B5%91%E8%8A%B1%20%E7%99%BD%E7%90%89%E7%90%83%E6%9D%9C%E9%B5%91 HTTP/1.1" 200 30075
66.249.77.172 - - [09/Feb/2014:14:46:43 +0800] "GET /content/repository/resource_content.jsp?oid=1461646&queryString=%E5%BF%97%E4%BD%B3%E9%99%BD%E6%9D%9C%E9%B5%91%20%E6%9D%9C%E9%B5%91%20%E6%9D%9C%E9%B5%91%E8%8A%B1%20%E7%99%BD%E7%90%89%E7%90%83%E6%9D%9C%E9%B5%91 HTTP/1.1" 200 29862
66.249.77.172 - - [09/Feb/2014:14:48:17 +0800] "GET /content/subject/resource_content.jsp?oid=16777259&queryType=qs&queryString=%E5%8D%81%E4%B8%89%E8%A1%8C%E9%81%BA%E5%9D%80 HTTP/1.1" 200 33767
124.12.194.199 - - [09/Feb/2014:14:48:50 +0800] "GET /content/nav/relationSubject.jsp?relationWords=%E5%B1%B1%E6%AB%BB%E8%8A%B1+&oid=16777304 HTTP/1.1" 200 4460
118.163.22.12 - - [09/Feb/2014:14:50:54 +0800] "GET /content/subject/resource_content.jsp?oid=16777736&queryString= HTTP/1.1" 200 42203
118.163.22.12 - - [09/Feb/2014:14:51:01 +0800] "GET /content/nav/relationSubject.jsp?relationWords=%E5%8D%97%E6%B9%96%E5%A4%A7%E5%B1%B1+%E5%8D%97%E6%B9%96%E6%9D%9C%E9%B5%91+%E6%9D%9C%E9%B5%91+%E7%8E%89%E5%B1%B1%E6%9D%9C%E9%B5%91+%E7%B4%B0%E8%91%89+%E7%B4%B0%E8%91%89%E6%9D%9C%E9%B5%91+%E8%A5%BF%E6%96%BD+%E8%A5%BF%E6%96%BD%E8%8A%B1+&oid=16777736 HTTP/1.1" 200 5401
123.125.71.69 - - [09/Feb/2014:14:51:07 +0800] "GET /content/repository/resource_content.jsp?oid=1866691 HTTP/1.1" 200 28294
123.125.71.32 - - [09/Feb/2014:14:51:15 +0800] "GET /content/nav/relationSubject.jsp?relationWords=%E5%B5%8C%E7%89%87+&oid=1866691 HTTP/1.1" 200 2995
66.249.77.236 - - [09/Feb/2014:14:51:16 +0800] "GET /content/repository/resource_content.jsp?oid=4362048&queryType=qs&queryString=%E7%A5%9E%E4%B8%BB%E7%89%8C HTTP/1.1" 200 28036
66.249.77.236 - - [09/Feb/2014:14:52:36 +0800] "GET /content/nav/relationSubject.jsp?relationWords=%E5%85%AC%E5%AA%BD%E7%89%8C%20&oid=4362048 HTTP/1.1" 200 2164
66.249.77.62 - - [09/Feb/2014:14:53:17 +0800] "GET /digiarch3/content/nav/relationSubject.jsp?relationWords=%E5%8D%B7%E9%A6%96+&oid=4485790 HTTP/1.1" 200 2935
66.249.74.7 - - [09/Feb/2014:14:53:22 +0800] "GET /digiarch3/content/nav/relationSubject.jsp?relationWords=%E5%8D%B7%E9%A6%96%20&oid=4485790 HTTP/1.1" 200 2935
66.249.77.8 - - [09/Feb/2014:14:53:23 +0800] "GET /content/nav/relationSubject.jsp?relationWords=%E6%A9%AB%E5%B8%B6+%E7%94%98%E4%BB%94%E9%AD%9A+&oid=1772761 HTTP/1.1" 200 3385
66.249.77.195 - - [09/Feb/2014:14:53:24 +0800] "GET /content/nav/relationSubject.jsp?relationWords=%E5%B2%A9%E8%9E%BA+%E5%B7%96%E8%9E%BA+%E6%96%91%E5%B2%A9+%E8%85%B9%E8%B6%B3%E7%B6%B1+%E9%90%B5%E6%96%91+%E9%90%B5%E6%96%91%E5%B2%A9%E8%9E%BA+%E9%AA%A8%E8%9E%BA+%E9%AA%A8%E8%9E%BA%E7%A7%91+&oid=1123134 HTTP/1.1" 200 3567
66.249.77.195 - - [09/Feb/2014:14:53:25 +0800] "GET /content/nav/relationSubject.jsp?relationWords=%E5%AD%9F%E5%AE%9A+%E6%93%BA%E5%A4%B7+&oid=1172884 HTTP/1.1" 200 3018
66.249.77.195 - - [09/Feb/2014:14:53:26 +0800] "GET /content/nav/relationSubject.jsp?relationWords=%E5%B7%96%E8%9E%BA+%E8%85%B9%E8%B6%B3%E7%B6%B1+%E9%AA%A8%E8%9E%BA+%E9%AA%A8%E8%9E%BA%E7%A7%91+%E9%BB%83%E5%8F%A3+&oid=1123146 HTTP/1.1" 200 3432
66.249.74.221 - - [09/Feb/2014:14:53:27 +0800] "GET /content/nav/relationSubject.jsp?relationWords=%E6%9D%B1%E5%BA%AD%E5%AF%A8+&oid=1173078 HTTP/1.1" 200 3019
66.249.74.113 - - [09/Feb/2014:14:53:28 +0800] "GET /content/nav/relationSubject.jsp?relationWords=%E6%9D%9C%E9%B5%91+%E6%9D%9C%E9%B5%91%E8%8A%B1+%E6%9D%9C%E9%B5%91%E8%8A%B1%E5%B1%AC+&oid=1461646 HTTP/1.1" 200 4866
66.249.77.172 - - [09/Feb/2014:14:53:28 +0800] "GET /content/nav/relationSubject.jsp?relationWords=%E5%9C%8B%E9%9A%9B%E9%87%91%E8%9E%8D+%E9%87%91%E8%9E%8D+&oid=16777256 HTTP/1.1" 200 4539
66.249.77.172 - - [09/Feb/2014:14:53:29 +0800] "GET /content/nav/relationSubject.jsp?relationWords=%E5%8F%B0%E7%81%A3%E9%AD%9A%E9%A1%9E+%E9%AD%9A%E9%A1%9E%E8%B3%87%E6%96%99%E5%BA%AB+&oid=16777258 HTTP/1.1" 200 4321
66.249.74.117 - - [09/Feb/2014:14:53:29 +0800] "GET /content/nav/relationSubject.jsp?relationWords=%E6%A9%AB%E5%B8%B6%20%E7%94%98%E4%BB%94%E9%AD%9A%20&oid=1772761 HTTP/1.1" 200 3385
66.249.77.172 - - [09/Feb/2014:14:53:36 +0800] "GET /content/nav/relationSubject.jsp?relationWords=%E6%9D%9C%E9%B5%91+%E6%9D%9C%E9%B5%91%E8%8A%B1+%E6%9D%9C%E9%B5%91%E8%8A%B1%E5%B1%AC+%E6%9D%9C%E9%B5%91%E8%8A%B1%E7%A7%91+%E6%A3%AE%E6%B0%8F%E6%9D%9C%E9%B5%91+%E6%A4%8D%E7%89%A9%E7%95%8C+&oid=2145781 HTTP/1.1" 200 5144
66.249.77.172 - - [09/Feb/2014:14:58:02 +0800] "GET /content/subject/resource_content.jsp?oid=16777273&queryType=qs&queryString=%E5%A4%9A%E5%85%83%E6%96%87%E5%8C%96 HTTP/1.1" 200 37273
114.37.76.51 - - [09/Feb/2014:14:59:59 +0800] "GET /content/nav/relationSubject.jsp?relationWords=%E9%9D%92%E5%89%9B+%E9%9D%92%E5%89%9B%E6%AB%9F+&oid=16777349 HTTP/1.1" 200 4056
66.249.74.113 - - [09/Feb/2014:15:00:45 +0800] "GET /content/subject/resource_content.jsp?oid=16777277&queryType=qs&queryString=%E8%A2%AB%E5%AD%90%E6%A4%8D%E7%89%A9 HTTP/1.1" 200 37724
220.228.92.50 - - [09/Feb/2014:15:02:17 +0800] "GET /content/nav/relationSubject.jsp?relationWords=%E5%8F%B0%E6%9D%B1%E8%98%87%E9%90%B5+&oid=16777386 HTTP/1.1" 200 4100
66.249.74.113 - - [09/Feb/2014:15:03:27 +0800] "GET /content/subject/resource_content.jsp?oid=16777292&queryString=%E5%A4%A7%E8%91%89%E5%B1%B1%E6%AC%96%20%E6%8B%BC%E6%9D%BF%E8%88%9F%20%E9%81%94%E6%82%9F%E6%97%8F HTTP/1.1" 200 27170
66.249.77.195 - - [09/Feb/2014:15:04:15 +0800] "GET /content/repository/resource_content.jsp?oid=1123411&queryString=%E6%96%91%E8%8A%8B%E8%9E%BA%20%E8%8A%8B%E8%9E%BA%20%E8%99%8E%E6%96%91%E8%8A%8B%E8%9E%BA HTTP/1.1" 200 34099
123.240.83.174 - - [09/Feb/2014:15:04:20 +0800] "GET /content/repository/resource_content.jsp?oid=1778234 HTTP/1.1" 200 26215
123.240.83.174 - - [09/Feb/2014:15:04:23 +0800] "GET /content/nav/relationSubject.jsp?relationWords=%E7%94%9F%E8%95%83+%E7%94%9F%E8%95%83%E5%82%B3%E8%AA%AA%E9%9B%86+&oid=1778234 HTTP/1.1" 200 3237
66.249.74.113 - - [09/Feb/2014:15:04:53 +0800] "GET /content/nav/relationSubject.jsp?relationWords=%E5%8F%B0%E7%81%A3%E6%9C%AC%E5%9C%9F%E6%A4%8D%E7%89%A9+%E6%95%B8%E4%BD%8D%E5%85%B8%E8%97%8F+%E6%9C%AC%E5%9C%9F%E6%A4%8D%E7%89%A9+&oid=16777277 HTTP/1.1" 200 5739
66.249.77.195 - - [09/Feb/2014:15:05:00 +0800] "GET /content/nav/relationSubject.jsp?relationWords=%E8%85%B9%E8%B6%B3%E7%B6%B1+%E8%88%B9%E9%95%B7%E8%8A%8B%E8%9E%BA+%E8%8A%8B%E8%9E%BA%E5%B1%AC+%E8%8A%8B%E8%9E%BA%E7%A7%91+&oid=1123411 HTTP/1.1" 200 3243
66.249.77.236 - - [09/Feb/2014:15:05:12 +0800] "GET /content/repository/resource_content.jsp?oid=4363235&queryType=qs&queryString=%E7%A5%9E%E4%B8%BB%E7%89%8C HTTP/1.1" 200 28240
124.8.77.97 - - [09/Feb/2014:15:05:27 +0800] "GET /content/subject/resource_content.jsp?oid=16777330&queryString=?กำกำ?????กำ%20????กำ?%20?????????%20?????????%20???????กฑ?%20??กฑ????กำกำ???%20??กฑ????กำกำ?????กำ HTTP/1.1" 200 29466
124.8.77.97 - - [09/Feb/2014:15:05:28 +0800] "GET /content/nav/relationSubject.jsp?relationWords=%E5%B1%B1%E6%AB%BB%E8%8A%B1+&oid=16777330 HTTP/1.1" 200 4454
66.249.77.172 - - [09/Feb/2014:15:06:09 +0800] "GET /content/subject/resource_content.jsp?oid=16777293&queryString=%E5%A4%A7%E8%91%89%E5%B1%B1%E6%AC%96%20%E6%8B%BC%E6%9D%BF%E8%88%9F%20%E9%81%94%E6%82%9F%E6%97%8F HTTP/1.1" 200 31400
1.170.172.1 - - [09/Feb/2014:15:06:12 +0800] "GET /content/nav/relationSubject.jsp?relationWords=%E5%8D%83%E5%B9%B4%E6%A1%90+%E6%A1%90%E8%8A%B1+%E6%B2%B9%E6%A1%90+&oid=16777599 HTTP/1.1" 200 3746
61.230.75.143 - - [09/Feb/2014:15:06:22 +0800] "GET /content/subject/resource_content.jsp?oid=16777753 HTTP/1.1" 200 35850
66.249.77.195 - - [09/Feb/2014:15:06:26 +0800] "GET /content/repository/resource_content.jsp?oid=1123425&queryString=%E6%96%91%E8%8A%8B%E8%9E%BA%20%E8%8A%8B%E8%9E%BA%20%E8%99%8E%E6%96%91%E8%8A%8B%E8%9E%BA HTTP/1.1" 200 35662
61.230.75.143 - - [09/Feb/2014:15:06:28 +0800] "GET /content/nav/relationSubject.jsp?relationWords=GIS+%E6%95%B8%E4%BD%8D%E5%85%B8%E8%97%8F+%E9%81%99%E6%B8%AC+%E9%81%99%E6%B8%AC%E5%BD%B1%E5%83%8F+&oid=16777753 HTTP/1.1" 200 9628
66.249.77.195 - - [09/Feb/2014:15:09:35 +0800] "GET /content/repository/resource_content.jsp?oid=1123454&queryString=%E6%96%91%E8%8A%8B%E8%9E%BA%20%E8%8A%8B%E8%9E%BA%20%E8%99%8E%E6%96%91%E8%8A%8B%E8%9E%BA HTTP/1.1" 200 35004
66.249.74.221 - - [09/Feb/2014:15:11:34 +0800] "GET /content/subject/resource_content.jsp?oid=16777704 HTTP/1.1" 200 25362
66.249.75.172 - - [09/Feb/2014:15:12:14 +0800] "GET /content/repository/resource_content.jsp?oid=4362047&queryType=qs&queryString=%E7%A5%9E%E4%B8%BB%E7%89%8C HTTP/1.1" 200 27990
118.163.22.12 - - [09/Feb/2014:15:12:39 +0800] "GET /content/subject/resource_content.jsp?oid=16777721&queryString= HTTP/1.1" 200 35368
1.171.190.34 - - [09/Feb/2014:15:12:39 +0800] "GET /content/tmp_exh/resource_content.jsp?oid=16777789 HTTP/1.1" 200 40771
1.171.190.34 - - [09/Feb/2014:15:12:44 +0800] "GET /content/nav/relationSubject.jsp?relationWords=%E5%9C%8B%E9%9A%9B%E6%9B%B8%E5%B1%95+%E6%80%9D%E6%83%B3+%E6%96%87%E6%98%9F+%E7%9A%87%E8%BC%BF+%E9%87%8D%E6%85%B6%E5%8D%97%E8%B7%AF+&oid=16777789 HTTP/1.1" 200 5051
66.249.74.221 - - [09/Feb/2014:15:12:46 +0800] "GET /content/repository/resource_content.jsp?oid=1123464&queryString=%E6%96%91%E8%8A%8B%E8%9E%BA%20%E8%8A%8B%E8%9E%BA%20%E8%99%8E%E6%96%91%E8%8A%8B%E8%9E%BA HTTP/1.1" 200 33820
66.249.77.236 - - [09/Feb/2014:15:12:46 +0800] "GET /content/nav/relationSubject.jsp?relationWords=%E7%A5%9E%E4%B8%BB%E7%89%8C+&oid=4363235 HTTP/1.1" 200 2726
118.163.22.10 - - [09/Feb/2014:15:12:46 +0800] "GET /content/nav/relationSubject.jsp?relationWords=%E7%8E%89%E5%B1%B1%E8%96%84%E9%9B%AA%E8%8D%89+%E8%96%84%E9%9B%AA%E8%8D%89+&oid=16777721 HTTP/1.1" 200 3744
114.36.224.252 - - [09/Feb/2014:15:12:48 +0800] "GET /content/nav/relationSubject.jsp?relationWords=%E6%9C%A8%E7%8A%80+%E6%A1%82%E8%8A%B1+&oid=16777255 HTTP/1.1" 200 4037
66.249.74.162 - - [09/Feb/2014:15:12:51 +0800] "GET /content/nav/relationSubject.jsp?relationWords=%E7%A5%9E%E4%B8%BB%E7%89%8C%20&oid=4363235 HTTP/1.1" 200 2726
66.249.77.195 - - [09/Feb/2014:15:14:16 +0800] "GET /content/subject/resource_content.jsp?oid=16777533&queryType=qc%3E HTTP/1.1" 200 22811
123.125.71.108 - - [09/Feb/2014:15:15:35 +0800] "GET /content/repository/resource_content.jsp?oid=2684673 HTTP/1.1" 200 29042
66.249.77.195 - - [09/Feb/2014:15:15:55 +0800] "GET /content/repository/resource_content.jsp?oid=1123509&queryString=%E7%AD%8D%E8%9E%BA%20%E7%AD%8D%E8%9E%BA%E5%B1%AC%20%E8%85%B9%E8%B6%B3%E7%B6%B1%20%E8%8A%B1%E8%B2%93%E7%AD%8D%E8%9E%BA HTTP/1.1" 200 32396
66.249.77.195 - - [09/Feb/2014:15:16:26 +0800] "GET /content/nav/relationSubject.jsp?relationWords=%E6%96%91%E8%8A%8B%E8%9E%BA+%E8%85%B9%E8%B6%B3%E7%B6%B1+%E8%8A%8B%E8%9E%BA%E5%B1%AC+%E8%8A%8B%E8%9E%BA%E7%A7%91+&oid=1123425 HTTP/1.1" 200 3283
66.249.77.195 - - [09/Feb/2014:15:16:27 +0800] "GET /content/nav/relationSubject.jsp?relationWords=%E8%85%B9%E8%B6%B3%E7%B6%B1+%E8%8A%8B%E8%9E%BA+%E8%8A%8B%E8%9E%BA%E5%B1%AC+%E8%8A%8B%E8%9E%BA%E7%A7%91+%E8%8A%B1%E7%92%B0%E8%8A%8B%E8%9E%BA+&oid=1123464 HTTP/1.1" 200 3467
61.223.153.135 - - [09/Feb/2014:15:16:56 +0800] "GET /content/repository/resource_content.jsp?oid=1890158 HTTP/1.1" 200 28066
61.223.153.135 - - [09/Feb/2014:15:16:58 +0800] "GET /content/nav/relationSubject.jsp?relationWords=%E7%B0%A1%E9%8C%A6%E7%9B%8A+%E8%98%87%E8%B2%9E%E6%98%8C+%E9%87%91%E5%BE%B7+%E9%99%B3%E9%87%91+%E9%99%B3%E9%8C%AB+&oid=1890158 HTTP/1.1" 200 3336
66.249.77.172 - - [09/Feb/2014:15:16:58 +0800] "GET /content/subject/resource_content.jsp?oid=16777465&queryString= HTTP/1.1" 200 26733
61.230.75.143 - - [09/Feb/2014:15:17:15 +0800] "GET /content/subject/resource_content.jsp?oid=16777753 HTTP/1.1" 200 35850
61.230.75.143 - - [09/Feb/2014:15:17:29 +0800] "GET /content/nav/relationSubject.jsp?relationWords=GIS+%E6%95%B8%E4%BD%8D%E5%85%B8%E8%97%8F+%E9%81%99%E6%B8%AC+%E9%81%99%E6%B8%AC%E5%BD%B1%E5%83%8F+&oid=16777753 HTTP/1.1" 200 9628
66.249.77.195 - - [09/Feb/2014:15:19:04 +0800] "GET /content/repository/resource_content.jsp?oid=1123514&queryString=%E7%90%89%E7%92%83%E7%B4%AB%E8%9E%BA%20%E7%B4%AB%E8%9E%BA HTTP/1.1" 200 31207
66.249.77.195 - - [09/Feb/2014:15:19:41 +0800] "GET /content/subject/resource_content.jsp?oid=16777564 HTTP/1.1" 200 24273
180.76.5.190 - - [09/Feb/2014:15:21:11 +0800] "GET /content/subject/resource_content.jsp?oid=16777542&queryType=qc HTTP/1.1" 200 30605
66.249.74.221 - - [09/Feb/2014:15:22:14 +0800] "GET /content/repository/resource_content.jsp?oid=1123821&queryString=%E5%9B%8A%E8%9E%BA%20%E5%A1%94%E8%9E%BA%20%E8%85%B9%E8%B6%B3%E7%B6%B1 HTTP/1.1" 200 31764
66.249.77.195 - - [09/Feb/2014:15:22:23 +0800] "GET /digiarch_en/content/subject/resource_content.jsp?oid=16777769&queryType=qc%3E HTTP/1.1" 200 37454
66.249.77.236 - - [09/Feb/2014:15:22:28 +0800] "GET /content/nav/relationSubject.jsp?relationWords=%E5%85%AC%E5%AA%BD%E7%89%8C%20&oid=4362047 HTTP/1.1" 200 2164
219.85.198.99 - - [09/Feb/2014:15:23:18 +0800] "GET /content/nav/relationSubject.jsp?relationWords=%E5%8D%83%E5%B9%B4%E6%A1%90+%E6%A1%90%E8%8A%B1+%E6%B2%B9%E6%A1%90+&oid=16777599 HTTP/1.1" 200 3746
66.249.77.195 - - [09/Feb/2014:15:25:24 +0800] "GET /content/repository/resource_content.jsp?oid=1123985&queryString=%E6%97%A5%E6%9C%AC%E7%AC%A0%E8%9A%B6%20%E7%AC%A0%E8%9A%B6%E5%B1%AC%20%E8%9A%B6%E7%A7%91%20%E9%9B%99%E6%AE%BC%E7%B6%B1%20%E9%AD%81%E8%9B%A4 HTTP/1.1" 200 32414
66.249.77.236 - - [09/Feb/2014:15:26:14 +0800] "GET /content/subject/resource_content.jsp?oid=16777515&queryType=qc HTTP/1.1" 200 22701
114.43.229.32 - - [09/Feb/2014:15:26:55 +0800] "GET /content/nav/relationSubject.jsp?relationWords=%E9%9D%92%E5%89%9B+%E9%9D%92%E5%89%9B%E6%AB%9F+&oid=16777349 HTTP/1.1" 200 4056
66.249.77.172 - - [09/Feb/2014:15:27:02 +0800] "GET /content/subject/resource_content.jsp?oid=16777734&queryString=%E4%BF%84%E4%BD%BF%20%E4%BF%84%E5%AE%98%20%E7%A7%91%E6%99%AE%20%E7%AF%80%E7%95%A5 HTTP/1.1" 200 40547
66.249.77.172 - - [09/Feb/2014:15:27:48 +0800] "GET /content/subject/resource_content.jsp?oid=16777476&queryType=qs&queryString=%E7%A0%94%E7%A9%B6%E5%AE%A4 HTTP/1.1" 200 53218
66.249.77.195 - - [09/Feb/2014:15:27:51 +0800] "GET /content/nav/relationSubject.jsp?relationWords=%E8%9B%A4%E7%A7%91+%E9%9B%99%E6%AE%BC%E7%B6%B1+%E9%AD%81%E8%9B%A4+%E9%AD%81%E8%9B%A4%E5%B1%AC+%E9%AD%81%E8%9B%A4%E7%A7%91+%E9%B7%B9%E7%BF%BC%E9%AD%81%E8%9B%A4+&oid=1123985 HTTP/1.1" 200 3425
66.249.74.221 - - [09/Feb/2014:15:27:51 +0800] "GET /content/nav/relationSubject.jsp?relationWords=%E6%AB%9B%E7%AD%8D%E8%9E%BA+%E7%AD%8D%E8%9E%BA+%E7%AD%8D%E8%9E%BA%E5%B1%AC+%E8%85%B9%E8%B6%B3%E7%B6%B1+%E9%A1%AF%E7%9C%BC%E6%AB%9B%E7%AD%8D%E8%9E%BA+&oid=1123509 HTTP/1.1" 200 3414
66.249.74.221 - - [09/Feb/2014:15:27:52 +0800] "GET /content/nav/relationSubject.jsp?relationWords=%E5%9B%8A%E8%9E%BA+%E8%85%B9%E8%B6%B3%E7%B6%B1+&oid=1123821 HTTP/1.1" 200 3153
66.249.77.195 - - [09/Feb/2014:15:27:52 +0800] "GET /content/nav/relationSubject.jsp?relationWords=%E7%90%89%E7%92%83%E7%B4%AB%E8%9E%BA+%E7%B4%AB%E8%9E%BA+%E8%85%B9%E8%B6%B3%E7%B6%B1+&oid=1123514 HTTP/1.1" 200 3158
175.180.109.233 - - [09/Feb/2014:15:28:28 +0800] "GET /content/nav/relationSubject.jsp?relationWords=%E5%B1%B1%E6%AB%BB%E8%8A%B1+&oid=16777304 HTTP/1.1" 200 4460
66.249.77.195 - - [09/Feb/2014:15:28:33 +0800] "GET /content/repository/resource_content.jsp?oid=1124021&queryString=%E6%97%A5%E6%9C%AC%E7%AC%A0%E8%9A%B6%20%E7%AC%A0%E8%9A%B6%E5%B1%AC%20%E8%9A%B6%E7%A7%91%20%E9%9B%99%E6%AE%BC%E7%B6%B1%20%E9%AD%81%E8%9B%A4 HTTP/1.1" 200 31276
66.249.77.172 - - [09/Feb/2014:15:30:31 +0800] "GET /content/subject/resource_content.jsp?oid=16777728&queryType=qs&queryString=%E5%9C%9F%E5%9C%B0%E5%88%A9%E7%94%A8 HTTP/1.1" 200 64183
66.249.74.221 - - [09/Feb/2014:15:31:43 +0800] "GET /content/repository/resource_content.jsp?oid=1124973&queryString=%E4%B8%AD%E8%85%B9%20%E4%B8%AD%E8%85%B9%E8%B6%B3%E7%9B%AE%20%E8%85%B9%E8%B6%B3%E7%B6%B1%20%E8%8A%9D%E9%BA%BB%E8%9E%BA%20%E8%8A%9D%E9%BA%BB%E8%9E%BA%E7%A7%91 HTTP/1.1" 200 34824
66.249.77.195 - - [09/Feb/2014:15:32:55 +0800] "GET /content/repository/resource_content.jsp?oid=2669038&queryType=qs&queryString=%E6%B0%B8%E5%AE%9A HTTP/1.1" 200 29368
66.249.74.113 - - [09/Feb/2014:15:33:13 +0800] "GET /content/subject/resource_content.jsp?oid=16777748&queryString= HTTP/1.1" 200 38736
123.194.128.164 - - [09/Feb/2014:15:34:30 +0800] "GET /content/tmp_exh/resource_content.jsp?oid=16777789 HTTP/1.1" 200 40771
123.194.128.164 - - [09/Feb/2014:15:34:31 +0800] "GET /content/nav/relationSubject.jsp?relationWords=%E5%9C%8B%E9%9A%9B%E6%9B%B8%E5%B1%95+%E6%80%9D%E6%83%B3+%E6%96%87%E6%98%9F+%E7%9A%87%E8%BC%BF+%E9%87%8D%E6%85%B6%E5%8D%97%E8%B7%AF+&oid=16777789 HTTP/1.1" 200 5051
66.249.77.195 - - [09/Feb/2014:15:34:52 +0800] "GET /content/repository/resource_content.jsp?oid=1125065&queryString=%E6%A4%8D%E7%89%A9%E7%95%8C%20%E7%B4%AB%E8%8A%B1%20%E8%A1%9B%E7%9F%9B%20%E9%9D%92%E8%84%86%E6%9E%9D%20%E9%B7%B9%E7%B4%AB%E8%8A%B1%E6%A8%B9%E5%B1%AC HTTP/1.1" 200 34770
123.194.128.164 - - [09/Feb/2014:15:35:34 +0800] "GET /content/subject/resource_content.jsp?oid=16777695&queryString=%E5%9C%8B%E9%9A%9B%E6%9B%B8%E5%B1%95%20%E6%80%9D%E6%83%B3%20%E6%96%87%E6%98%9F%20%E7%9A%87%E8%BC%BF%20%E9%87%8D%E6%85%B6%E5%8D%97%E8%B7%AF HTTP/1.1" 200 30997
123.194.128.164 - - [09/Feb/2014:15:35:34 +0800] "GET /content/nav/relationSubject.jsp?relationWords=%E5%9C%8B%E9%9A%9B%E6%9B%B8%E5%B1%95+%E6%95%B8%E4%BD%8D%E5%85%B8%E8%97%8F+&oid=16777695 HTTP/1.1" 200 5952
1.165.235.232 - - [09/Feb/2014:15:35:37 +0800] "GET /content/nav/relationSubject.jsp?relationWords=%E7%83%8F%E5%BF%83%E7%9F%B3+%E9%B1%B8%E9%B0%BB+&oid=16777303 HTTP/1.1" 200 4012
1.165.235.232 - - [09/Feb/2014:15:35:41 +0800] "GET /content/nav/relationSubject.jsp?relationWords=%E7%83%8F%E5%BF%83%E7%9F%B3+%E9%B1%B8%E9%B0%BB+&oid=16777303 HTTP/1.1" 200 4012
66.249.77.172 - - [09/Feb/2014:15:35:55 +0800] "GET /content/subject/resource_content.jsp?oid=16777430&queryType=qs&queryString=%E8%A8%AD%E8%A8%88%E5%B8%AB HTTP/1.1" 200 35862
123.194.128.164 - - [09/Feb/2014:15:36:39 +0800] "GET /content/tmp_exh/resource_content.jsp?oid=16777790&queryString= HTTP/1.1" 200 38771
123.194.128.164 - - [09/Feb/2014:15:36:40 +0800] "GET /content/nav/relationSubject.jsp?relationWords=%E6%96%87%E5%8C%96%E4%B8%AD%E5%BF%83+&oid=16777790 HTTP/1.1" 200 7522
123.194.128.164 - - [09/Feb/2014:15:37:11 +0800] "GET /content/tmp_exh/resource_content.jsp?oid=16777789&queryString= HTTP/1.1" 200 40771
123.194.128.164 - - [09/Feb/2014:15:37:11 +0800] "GET /content/nav/relationSubject.jsp?relationWords=%E5%9C%8B%E9%9A%9B%E6%9B%B8%E5%B1%95+%E6%80%9D%E6%83%B3+%E6%96%87%E6%98%9F+%E7%9A%87%E8%BC%BF+%E9%87%8D%E6%85%B6%E5%8D%97%E8%B7%AF+&oid=16777789 HTTP/1.1" 200 5051
42.71.114.72 - - [09/Feb/2014:15:37:36 +0800] "GET /content/nav/relationSubject.jsp?relationWords=%E5%B1%B1%E6%AB%BB%E8%8A%B1+&oid=16777304 HTTP/1.1" 200 4460
111.243.35.225 - - [09/Feb/2014:15:38:02 +0800] "GET /content/nav/relationSubject.jsp?relationWords=%E5%B1%B1%E6%AB%BB%E8%8A%B1+&oid=16777304 HTTP/1.1" 200 4460
66.249.74.162 - - [09/Feb/2014:15:38:03 +0800] "GET /content/repository/resource_content.jsp?oid=173816&queryString=%E5%9C%96%E9%9B%86%E5%90%8D%20%E5%A0%A1%E5%9C%96 HTTP/1.1" 200 29786
113.252.178.216 - - [09/Feb/2014:15:38:32 +0800] "GET /content/nav/relationSubject.jsp?relationWords=%E5%B1%B1%E6%AB%BB%E8%8A%B1+&oid=16777304 HTTP/1.1" 200 4460
66.249.77.172 - - [09/Feb/2014:15:38:38 +0800] "GET /content/subject/resource_content.jsp?oid=16777755&queryType=qs&queryString=%E6%96%87%E5%8C%96%E4%B8%AD%E5%BF%83 HTTP/1.1" 200 34396
66.249.77.195 - - [09/Feb/2014:15:39:20 +0800] "GET /content/nav/relationSubject.jsp?relationWords=%E5%B7%A5%E9%83%A8+%E6%B0%B8%E5%AE%9A+&oid=2669038 HTTP/1.1" 200 3111
66.249.77.195 - - [09/Feb/2014:15:39:20 +0800] "GET /content/nav/relationSubject.jsp?relationWords=%E4%B8%AD%E8%85%B9+%E4%B8%AD%E8%85%B9%E8%B6%B3%E7%9B%AE+%E8%85%B9%E8%B6%B3%E7%B6%B1+%E8%8A%9D%E9%BA%BB%E8%9E%BA+%E8%8A%9D%E9%BA%BB%E8%9E%BA%E7%A7%91+&oid=1124973 HTTP/1.1" 200 3368
66.249.77.195 - - [09/Feb/2014:15:39:23 +0800] "GET /content/nav/relationSubject.jsp?relationWords=%E6%97%A5%E6%9C%AC%E7%AC%A0%E8%9A%B6+%E7%AC%A0%E8%9A%B6%E5%B1%AC+%E8%9A%B6%E7%A7%91+%E9%9B%99%E6%AE%BC%E7%B6%B1+%E9%AD%81%E8%9B%A4+&oid=1124021 HTTP/1.1" 200 3381
66.249.77.195 - - [09/Feb/2014:15:39:24 +0800] "GET /content/nav/relationSubject.jsp?relationWords=%E4%B8%AD%E8%85%B9+%E4%B8%AD%E8%85%B9%E8%B6%B3%E7%9B%AE+%E5%AF%B6%E8%9E%BA+%E5%AF%B6%E8%9E%BA%E5%B1%AC+%E5%AF%B6%E8%9E%BA%E7%A7%91+%E7%B4%AB%E8%8A%B1+%E7%B4%AB%E8%8A%B1%E5%AF%B6%E8%9E%BA+%E8%85%B9%E8%B6%B3%E7%B6%B1+&oid=1125065 HTTP/1.1" 200 3566
66.249.77.236 - - [09/Feb/2014:15:39:25 +0800] "GET /content/nav/relationSubject.jsp?relationWords=%E5%9C%96%E9%9B%86%E5%90%8D+%E5%9C%B0%E5%BD%A2%E5%9C%96+%E5%B9%B3%E9%9D%A2%E5%9C%96+%E7%83%8F%E6%BA%AA+&oid=173816 HTTP/1.1" 200 3915
66.249.77.236 - - [09/Feb/2014:15:39:30 +0800] "GET /content/nav/relationSubject.jsp?relationWords=%E5%9C%96%E9%9B%86%E5%90%8D%20%E5%9C%B0%E5%BD%A2%E5%9C%96%20%E5%B9%B3%E9%9D%A2%E5%9C%96%20%E7%83%8F%E6%BA%AA%20&oid=173816 HTTP/1.1" 200 3915
66.249.77.195 - - [09/Feb/2014:15:40:01 +0800] "GET /content/repository/resource_content.jsp?oid=1526036 HTTP/1.1" 200 28184
61.224.211.219 - - [09/Feb/2014:15:40:17 +0800] "GET /content/nav/relationSubject.jsp?relationWords=%E8%A5%BF%E8%9E%BA+%E8%A5%BF%E8%9E%BA%E5%A4%A7%E6%A9%8B+&oid=16777581 HTTP/1.1" 200 4462
66.249.77.195 - - [09/Feb/2014:15:41:12 +0800] "GET /content/repository/resource_content.jsp?oid=1125093&queryString=%E8%83%A1%E6%A4%92%E9%90%98%E8%9E%BA%20%E8%85%B9%E8%B6%B3%E7%B6%B1%20%E9%90%98%E8%9E%BA%20%E9%90%98%E8%9E%BA%E7%A7%91 HTTP/1.1" 200 35535
124.238.251.36 - - [09/Feb/2014:15:41:19 +0800] "GET /content/subject/resource_content.jsp?oid=16777361&queryType=qc HTTP/1.0" 200 30875
66.249.77.172 - - [09/Feb/2014:15:41:20 +0800] "GET /content/subject/resource_content.jsp?oid=16777221&queryString=%E6%8B%93%E7%89%87%20%E6%BC%A2%E4%BB%A3 HTTP/1.1" 200 22775
124.238.251.36 - - [09/Feb/2014:15:41:20 +0800] "GET /content/subject/resource_content.jsp?oid=16777425&queryType=qc HTTP/1.0" 200 34674
124.238.251.36 - - [09/Feb/2014:15:41:26 +0800] "GET /content/subject/resource_content.jsp?oid=16777421&queryType=qc HTTP/1.0" 200 33199
221.194.129.96 - - [09/Feb/2014:15:41:29 +0800] "GET /content/subject/resource_content.jsp?oid=16777710&queryType=qc HTTP/1.0" 200 26791
124.238.251.36 - - [09/Feb/2014:15:41:41 +0800] "GET /content/subject/resource_content.jsp?oid=16777701&queryType=qc HTTP/1.0" 200 36513
124.238.251.36 - - [09/Feb/2014:15:41:46 +0800] "GET /content/subject/resource_content.jsp?oid=16777276&queryType=qc HTTP/1.0" 200 31521
124.238.251.36 - - [09/Feb/2014:15:41:52 +0800] "GET /content/subject/resource_content.jsp?oid=16777518&queryType=qc HTTP/1.0" 200 26883
124.238.251.36 - - [09/Feb/2014:15:41:57 +0800] "GET /content/subject/resource_content.jsp?oid=16777513&queryType=qc HTTP/1.0" 200 27597
124.238.251.36 - - [09/Feb/2014:15:42:17 +0800] "GET /content/subject/resource_content.jsp?oid=16777288&queryType=qc HTTP/1.0" 200 42915
124.238.251.36 - - [09/Feb/2014:15:42:34 +0800] "GET /content/subject/resource_content.jsp?oid=16777286&queryType=qc HTTP/1.0" 200 36868
124.238.251.36 - - [09/Feb/2014:15:42:52 +0800] "GET /content/subject/resource_content.jsp?oid=16777594&queryType=qc HTTP/1.0" 200 39404
124.238.251.36 - - [09/Feb/2014:15:43:00 +0800] "GET /content/subject/resource_content.jsp?oid=16777591&queryType=qc HTTP/1.0" 200 39732
221.194.129.96 - - [09/Feb/2014:15:43:03 +0800] "GET /content/subject/resource_content.jsp?oid=16777307&queryType=qc HTTP/1.0" 200 36149
124.238.251.36 - - [09/Feb/2014:15:43:05 +0800] "GET /content/subject/resource_content.jsp?oid=16777306&queryType=qc HTTP/1.0" 200 31110
66.249.77.172 - - [09/Feb/2014:15:44:03 +0800] "GET /content/subject/resource_content.jsp?oid=16777257&queryString=%E8%92%9C%E9%A6%99%E8%97%A4 HTTP/1.1" 200 30040
66.249.77.236 - - [09/Feb/2014:15:44:21 +0800] "GET /content/repository/resource_content.jsp?oid=173871&queryString=%E5%9C%96%E9%9B%86%E5%90%8D%20%E5%A0%A1%E5%9C%96 HTTP/1.1" 200 30141
114.41.158.32 - - [09/Feb/2014:15:46:33 +0800] "GET /content/nav/relationSubject.jsp?relationWords=%E5%8F%B0%E7%81%A3%E6%AC%92%E6%A8%B9+%E6%AC%92%E6%A8%B9+%E8%8B%A6%E8%8B%93+%E8%8B%A6%E8%8B%93%E8%88%85+&oid=16777254 HTTP/1.1" 200 4391
66.249.77.172 - - [09/Feb/2014:15:46:45 +0800] "GET /content/subject/resource_content.jsp?oid=16777279&queryString=%E7%A7%8B%E6%B5%B7%E6%A3%A0 HTTP/1.1" 200 33192
114.41.228.160 - - [09/Feb/2014:15:46:54 +0800] "GET /content/nav/relationSubject.jsp?relationWords=%E6%9C%A8%E7%8A%80+%E6%A1%82%E8%8A%B1+&oid=16777255 HTTP/1.1" 200 4037
114.41.228.160 - - [09/Feb/2014:15:47:16 +0800] "GET /content/repository/resource_content.jsp?oid=1113743&queryString=??????%20?????กำ HTTP/1.1" 200 30486
114.41.228.160 - - [09/Feb/2014:15:47:17 +0800] "GET /content/nav/relationSubject.jsp?relationWords=%E5%A0%B1%E6%98%A5%E8%8A%B1+%E5%B1%B1%E6%A1%82+%E5%B1%B1%E6%A1%82%E8%8A%B1+%E5%B1%B1%E6%A1%82%E8%8A%B1%E5%B1%AC+%E6%98%A5%E8%8A%B1+%E6%A1%82%E8%8A%B1+%E6%A4%8D%E7%89%A9%E7%95%8C+%E7%B4%AB%E9%87%91%E7%89%9B+%E7%B4%AB%E9%87%91%E7%89%9B%E7%A7%91+&oid=1113743 HTTP/1.1" 200 4739
66.249.74.7 - - [09/Feb/2014:15:47:19 +0800] "GET /digiarch3/content/subject/resource_content.jsp?oid=16777439&queryType=qc HTTP/1.1" 200 35245
66.249.77.236 - - [09/Feb/2014:15:47:31 +0800] "GET /content/repository/resource_content.jsp?oid=173993&queryString=%E5%9C%96%E9%9B%86%E5%90%8D%20%E5%A0%A1%E5%9C%96 HTTP/1.1" 200 30331
61.135.189.170 - - [09/Feb/2014:15:48:13 +0800] "GET /digiarch/content/repository/resource_content.jsp?oid=1540276 HTTP/1.1" 404 15533
118.165.150.94 - - [09/Feb/2014:15:48:20 +0800] "GET /content/tmp_exh/resource_content.jsp?oid=16777789 HTTP/1.1" 200 40771
118.165.150.94 - - [09/Feb/2014:15:48:21 +0800] "GET /content/nav/relationSubject.jsp?relationWords=%E5%9C%8B%E9%9A%9B%E6%9B%B8%E5%B1%95+%E6%80%9D%E6%83%B3+%E6%96%87%E6%98%9F+%E7%9A%87%E8%BC%BF+%E9%87%8D%E6%85%B6%E5%8D%97%E8%B7%AF+&oid=16777789 HTTP/1.1" 200 5051
61.135.189.170 - - [09/Feb/2014:15:48:24 +0800] "GET /digiarch/content/repository/resource_content.jsp?oid=694315 HTTP/1.1" 404 15533
