66.249.71.60 - - [06/Aug/2015:06:18:10 +0800] "GET /content/nav/relationSubject.jsp?relationWords=%E5%81%87%E8%8F%9C%E8%B1%86+%E6%A4%8D%E7%89%A9%E7%95%8C+%E8%8F%9C%E8%B1%86+%E8%A0%B6%E8%B1%86+%E9%9B%99%E5%AD%90%E8%91%89+%E9%9B%99%E5%AD%90%E8%91%89%E6%A4%8D%E7%89%A9+&oid=2149190 HTTP/1.1" 200 3436
66.249.71.14 - - [06/Aug/2015:06:18:12 +0800] "GET /digiarch3/content/repository/resource_content.jsp?oid=14963&queryString=%E6%A7%8D%E9%A0%AD%E7%9F%B3%E6%96%91%E9%AD%9A%20%E9%81%8E%E9%AD%9A%20%E9%9E%8D%E5%B8%B6%E7%9F%B3%E6%96%91%E9%AD%9A%20%E9%AE%A8%E7%A7%91%20%E9%BE%8D%E8%86%BD%E7%9F%B3%E6%96%91 HTTP/1.1" 200 34375
66.249.71.64 - - [06/Aug/2015:06:18:12 +0800] "GET /content/nav/relationSubject.jsp?relationWords=%E5%81%87%E8%8F%9C%E8%B1%86%20%E6%A4%8D%E7%89%A9%E7%95%8C%20%E8%8F%9C%E8%B1%86%20%E8%A0%B6%E8%B1%86%20%E9%9B%99%E5%AD%90%E8%91%89%20%E9%9B%99%E5%AD%90%E8%91%89%E6%A4%8D%E7%89%A9%20&oid=2149190 HTTP/1.1" 200 3436
66.249.71.121 - - [06/Aug/2015:06:18:29 +0800] "GET /content/repository/resource_content.jsp?oid=4353073&queryType=qs&queryString=%E6%B5%B7%E8%B1%9A HTTP/1.1" 200 35902
66.249.71.60 - - [06/Aug/2015:06:18:47 +0800] "GET /content/tmp_exh/resource_content.jsp?oid=16777826&queryString= HTTP/1.1" 200 30918
75.161.52.2 - - [06/Aug/2015:06:18:55 +0800] "GET /content/subject/resource_content.jsp?oid=16777692 HTTP/1.1" 200 36451
75.161.52.2 - - [06/Aug/2015:06:18:59 +0800] "GET /content/nav/relationSubject.jsp?relationWords=&oid=16777692 HTTP/1.1" 200 1405
66.249.71.36 - - [06/Aug/2015:06:19:23 +0800] "GET /content/repository/resource_content.jsp?oid=4362904&queryString=%E4%BA%94%E5%BA%9C%E5%8D%83%E6%AD%B2%20%E5%85%AB%E5%AE%B6%E5%B0%87 HTTP/1.1" 200 28214
66.249.71.60 - - [06/Aug/2015:06:19:41 +0800] "GET /content/repository/resource_content.jsp?oid=1098232 HTTP/1.1" 200 30995
220.181.108.77 - - [06/Aug/2015:06:19:45 +0800] "GET /content/subject/resource_content.jsp?oid=16777325&queryType=qc HTTP/1.1" 200 25864
66.249.71.72 - - [06/Aug/2015:06:20:17 +0800] "GET /content/repository/resource_content.jsp?oid=1113764&queryString=%E5%A4%A9%E5%8D%97%E6%98%9F%20%E5%A4%A9%E5%8D%97%E6%98%9F%E7%A7%91%20%E5%AF%86%E6%AF%9B%E8%92%9F%E8%92%BB%20%E5%AF%86%E6%AF%9B%E9%AD%94%E8%8A%8B%20%E6%A4%8D%E7%89%A9%E7%95%8C%20%E8%92%9F%E8%92%BB HTTP/1.1" 200 31768
66.249.71.72 - - [06/Aug/2015:06:20:35 +0800] "GET /content/subject/resource_content.jsp?oid=16777728 HTTP/1.1" 200 65185
66.249.71.64 - - [06/Aug/2015:06:20:53 +0800] "GET /content/subject/resource_content.jsp?oid=16777295&queryString=%E7%A9%97%E8%8A%B1%E5%B1%B1%E5%A5%88%20%E9%87%8E%E8%96%91%E8%8A%B1 HTTP/1.1" 200 28526
66.249.71.60 - - [06/Aug/2015:06:21:00 +0800] "GET /content/repository/resource_content.jsp?oid=4353612&queryString=%E4%B8%89%E7%B7%9A%E9%9B%9E%E9%AD%9A%20%E7%9F%B3%E9%B1%B8%20%E9%9B%9E%E9%AD%9A HTTP/1.1" 200 34749
157.55.39.19 - - [06/Aug/2015:06:21:46 +0800] "GET /content/tmp_exh/resource_content.jsp?oid=16777750&queryType=qc HTTP/1.1" 200 32507
66.249.71.60 - - [06/Aug/2015:06:21:47 +0800] "GET /content/subject/resource_content.jsp?oid=16777304&queryString= HTTP/1.1" 200 36941
66.249.71.119 - - [06/Aug/2015:06:22:22 +0800] "GET /content/subject/resource_content.jsp?oid=16777332&queryString=%E5%A4%8F%E5%A4%9C%20%E6%B0%B4%E8%8C%84%20%E6%B0%B4%E8%8C%84%E8%8B%B3%20%E8%8C%84%E8%8B%B3 HTTP/1.1" 200 33558
66.249.71.3 - - [06/Aug/2015:06:22:42 +0800] "GET /content/subject/resource_content.jsp?oid=16777332&queryType=qc HTTP/1.1" 200 32797
66.249.71.60 - - [06/Aug/2015:06:22:58 +0800] "GET /content/repository/resource_content.jsp?oid=2518244 HTTP/1.1" 200 29677
66.249.71.60 - - [06/Aug/2015:06:23:14 +0800] "GET /content/nav/relationSubject.jsp?relationWords=&oid=2518244 HTTP/1.1" 200 1405
66.249.71.3 - - [06/Aug/2015:06:23:16 +0800] "GET /content/subject/resource_content.jsp?oid=16777345&queryType=qc HTTP/1.1" 200 35071
66.249.71.127 - - [06/Aug/2015:06:23:34 +0800] "GET /content/repository/resource_content.jsp?oid=14829&queryString=%E5%8F%B0%E7%81%A3%E7%89%B9%E6%9C%89%E7%A8%AE%20%E6%A3%98%E8%A3%B8%E7%B5%A8%E9%AE%8B%20%E7%9F%B3%E7%8B%97%E5%85%AC%20%E7%9F%B3%E9%A0%AD%E9%AD%9A HTTP/1.1" 200 34984
66.249.71.64 - - [06/Aug/2015:06:24:02 +0800] "GET /content/nav/relationSubject.jsp?relationWords=%E5%BF%97%E4%BD%B3%E9%99%BD%E6%9D%9C%E9%B5%91%20%E6%9D%9C%E9%B5%91%20%E6%9D%9C%E9%B5%91%E8%8A%B1%20%E7%99%BD%E7%90%89%E7%90%83%E6%9D%9C%E9%B5%91%20%E8%91%97%E7%94%9F%E6%9D%9C%E9%B5%91%20&oid=16777345 HTTP/1.1" 200 5135
66.249.71.72 - - [06/Aug/2015:06:24:28 +0800] "GET /content/repository/resource_content.jsp?oid=1576449 HTTP/1.1" 200 28683
123.125.71.44 - - [06/Aug/2015:06:25:18 +0800] "GET /nav/relationSubject.jsp?relationWords=%E6%A5%93%E9%A6%99+&oid=16777275 HTTP/1.1" 404 14873
66.249.79.32 - - [06/Aug/2015:06:25:41 +0800] "GET /content/repository/resource_content.jsp?oid=2529387 HTTP/1.1" 200 28901
66.249.71.119 - - [06/Aug/2015:06:25:58 +0800] "GET /content/repository/resource_content.jsp?oid=4362814&queryString=%E9%9F%8B%E9%A6%B1 HTTP/1.1" 200 27736
66.249.71.60 - - [06/Aug/2015:06:26:34 +0800] "GET /content/tmp_exh/resource_content.jsp?oid=16777844&queryString= HTTP/1.1" 200 37003
66.249.71.72 - - [06/Aug/2015:06:27:09 +0800] "GET /content/repository/resource_content.jsp?oid=1893683 HTTP/1.1" 200 28401
66.249.71.64 - - [06/Aug/2015:06:27:27 +0800] "GET /content/repository/resource_content.jsp?oid=1774348 HTTP/1.1" 200 26808
66.249.71.72 - - [06/Aug/2015:06:28:21 +0800] "GET /content/repository/resource_content.jsp?oid=1105285 HTTP/1.1" 200 30654
66.249.71.60 - - [06/Aug/2015:06:29:39 +0800] "GET /content/tmp_exh/resource_content.jsp?oid=16777711&queryType=qc HTTP/1.1" 200 26287
66.249.71.64 - - [06/Aug/2015:06:29:50 +0800] "GET /digiarch_en/content/repository/resource_content.jsp?oid=4363112&queryString=%E9%96%8B%E6%BC%B3%E8%81%96%E7%8E%8B HTTP/1.1" 200 21683
66.249.71.60 - - [06/Aug/2015:06:30:08 +0800] "GET /content/repository/resource_content.jsp?oid=1892947 HTTP/1.1" 200 28339
66.249.71.105 - - [06/Aug/2015:06:30:44 +0800] "GET /content/repository/resource_content.jsp?oid=14970&queryType=qs&queryString=%E9%BB%91%E9%B1%B8 HTTP/1.1" 200 34383
66.249.71.72 - - [06/Aug/2015:06:31:23 +0800] "GET /content/nav/relationSubject.jsp?relationWords=%E5%88%91%E9%83%A8+%E8%AD%B0%E7%BD%AA+&oid=2557696 HTTP/1.1" 200 3130
66.249.71.72 - - [06/Aug/2015:06:31:24 +0800] "GET /content/nav/relationSubject.jsp?relationWords=%E5%88%91%E9%83%A8%20%E8%AD%B0%E7%BD%AA%20&oid=2557696 HTTP/1.1" 200 3130
207.46.13.103 - - [06/Aug/2015:06:31:38 +0800] "GET /content/nav/relationSubject.jsp?relationWords=%E9%BB%91%E6%9D%BF%E6%A8%B9+&oid=16777262 HTTP/1.1" 200 3253
66.249.71.59 - - [06/Aug/2015:06:31:43 +0800] "GET /content/repository/resource_content.jsp?oid=2513243&queryString=%E7%A7%91%E8%88%89 HTTP/1.1" 200 30017
66.249.71.60 - - [06/Aug/2015:06:32:14 +0800] "GET /content/repository/resource_content.jsp?oid=15460&queryString=%E5%B8%95%E9%A0%AD%20%E5%BD%AD%E7%B4%8D%E7%9F%B3%E9%A6%96%E9%AD%9A%20%E7%99%BD%E5%A7%91%E9%AD%9A%20%E7%9F%B3%E9%A6%96%E9%AD%9A%E7%A7%91 HTTP/1.1" 200 37959
66.249.71.60 - - [06/Aug/2015:06:32:32 +0800] "GET /content/subject/resource_content.jsp?oid=16797239&queryType=qc HTTP/1.1" 200 44010
66.249.71.60 - - [06/Aug/2015:06:32:50 +0800] "GET /content/repository/resource_content.jsp?oid=689610&queryType=qs&queryString=%E5%9C%8B%E5%9C%96 HTTP/1.1" 200 28732
66.249.71.72 - - [06/Aug/2015:06:32:56 +0800] "GET /content/nav/relationSubject.jsp?relationWords=%E4%B8%AD%E6%9D%B1%E8%B7%AF+%E5%9C%8B%E5%9C%96+%E5%A8%81%E6%B5%B7+%E5%A8%81%E6%B5%B7%E8%A1%9B+%E8%AD%AF%E4%BB%B6+%E8%B5%A4%E5%A1%94+&oid=689610 HTTP/1.1" 200 3278
66.249.71.60 - - [06/Aug/2015:06:32:58 +0800] "GET /content/nav/relationSubject.jsp?relationWords=%E4%B8%AD%E6%9D%B1%E8%B7%AF%20%E5%9C%8B%E5%9C%96%20%E5%A8%81%E6%B5%B7%20%E5%A8%81%E6%B5%B7%E8%A1%9B%20%E8%AD%AF%E4%BB%B6%20%E8%B5%A4%E5%A1%94%20&oid=689610 HTTP/1.1" 200 3278
66.249.71.60 - - [06/Aug/2015:06:33:26 +0800] "GET /content/pictures/picture_content.jsp?oid=33554751 HTTP/1.1" 200 27653
66.249.71.72 - - [06/Aug/2015:06:33:43 +0800] "GET /content/subject/resource_content.jsp?oid=16777396&queryString=%E6%A4%86%E5%B1%AC%20%E6%A4%8D%E7%89%A9%E7%95%8C%20%E6%AE%BC%E6%96%97%E7%A7%91%20%E9%9D%92%E5%89%9B%20%E9%9D%92%E5%89%9B%E6%AB%9F HTTP/1.1" 200 34727
66.249.71.127 - - [06/Aug/2015:06:34:23 +0800] "GET /content/nav/relationSubject.jsp?relationWords=%E4%BC%AF%E9%82%91%E8%80%83+%E5%85%AB%E5%88%86%E6%9B%B8+%E5%88%91%E6%B8%A0+%E5%91%A8%E5%85%AC+%E5%AE%B4%E4%BA%AB+%E5%B1%B1%E5%B7%A6+%E6%AD%A6%E6%A6%AE%E7%A5%A0+%E6%AD%A6%E6%B0%8F%E7%A5%A0+%E6%AD%A6%E6%B0%8F%E7%A5%A0%E5%89%8D%E7%9F%B3%E5%AE%A4+%E8%80%81%E8%90%8A%E5%AD%90+%E8%BB%8A%E9%A8%8E+&oid=1807040 HTTP/1.1" 200 5713
66.249.71.64 - - [06/Aug/2015:06:34:37 +0800] "GET /content/repository/resource_content.jsp?oid=2576103 HTTP/1.1" 200 30233
66.249.71.60 - - [06/Aug/2015:06:34:49 +0800] "GET /content/nav/relationSubject.jsp?relationWords=%E5%8D%A0%E9%AD%81+&oid=2576103 HTTP/1.1" 200 3108
66.249.71.72 - - [06/Aug/2015:06:34:51 +0800] "GET /content/nav/relationSubject.jsp?relationWords=%E5%8D%A0%E9%AD%81%20&oid=2576103 HTTP/1.1" 200 3108
66.249.71.72 - - [06/Aug/2015:06:35:13 +0800] "GET /content/repository/resource_content.jsp?oid=1608659 HTTP/1.1" 200 31871
207.46.13.78 - - [06/Aug/2015:06:35:24 +0800] "GET /content/subject/resource_content.jsp?oid=16777830&queryString=%E6%96%87%E5%8C%96%E4%B8%AD%E5%BF%83%20%E6%9A%A8%E5%8D%97%20%E6%9A%A8%E5%8D%97%E5%A4%A7%E5%AD%B8 HTTP/1.1" 200 32540
66.249.71.113 - - [06/Aug/2015:06:35:31 +0800] "GET /content/repository/resource_content.jsp?oid=4364020&queryType=qs&queryString=%E8%91%AB%E8%98%86%E5%BD%A2 HTTP/1.1" 200 28573
66.249.71.64 - - [06/Aug/2015:06:35:51 +0800] "GET /content/nav/relationSubject.jsp?relationWords=%E4%BF%9D%E7%95%99%E5%9C%B0+%E4%BF%9D%E9%9A%AA+%E5%85%AC%E5%82%B5+%E5%B1%B1%E5%9C%B0%E9%84%89+%E5%B1%B1%E8%83%9E+%E6%81%90%E6%87%BC+%E7%B8%A3%E6%94%BF%E5%BA%9C+%E8%87%BA%E5%8C%97%E5%B8%82+%E8%B2%A1%E6%94%BF+%E8%B2%A1%E6%94%BF%E5%B1%80+%E8%B2%A1%E6%94%BF%E5%BB%B3+%E8%B2%A1%E7%A8%85+%E8%B2%B8%E6%AC%BE+%E9%84%89%E5%85%AC%E6%89%80+%E9%A0%90%E7%AE%97+&oid=1608659 HTTP/1.1" 200 5139
66.249.71.64 - - [06/Aug/2015:06:35:53 +0800] "GET /content/nav/relationSubject.jsp?relationWords=%E4%BF%9D%E7%95%99%E5%9C%B0%20%E4%BF%9D%E9%9A%AA%20%E5%85%AC%E5%82%B5%20%E5%B1%B1%E5%9C%B0%E9%84%89%20%E5%B1%B1%E8%83%9E%20%E6%81%90%E6%87%BC%20%E7%B8%A3%E6%94%BF%E5%BA%9C%20%E8%87%BA%E5%8C%97%E5%B8%82%20%E8%B2%A1%E6%94%BF%20%E8%B2%A1%E6%94%BF%E5%B1%80%20%E8%B2%A1%E6%94%BF%E5%BB%B3%20%E8%B2%A1%E7%A8%85%20%E8%B2%B8%E6%AC%BE%20%E9%84%89%E5%85%AC%E6%89%80%20%E9%A0%90%E7%AE%97%20&oid=1608659 HTTP/1.1" 200 5139
66.249.71.127 - - [06/Aug/2015:06:36:07 +0800] "GET /content/subject/resource_content.jsp?oid=16777396&queryString=%E6%A0%A1%E6%AC%91%20%E6%A4%86%E5%B1%AC%20%E6%A4%8D%E7%89%A9%E7%95%8C%20%E6%AE%BC%E6%96%97%E7%A7%91%20%E9%90%B5%E6%A4%86%20%E9%9D%92%E5%89%9B%20%E9%9D%92%E5%89%9B%E6%AB%9F HTTP/1.1" 200 34738
207.46.13.78 - - [06/Aug/2015:06:36:24 +0800] "GET /content/subject/resource_content.jsp?oid=16797245&queryType=qc HTTP/1.1" 200 48226
66.249.71.64 - - [06/Aug/2015:06:36:25 +0800] "GET /content/repository/resource_content.jsp?oid=2616298 HTTP/1.1" 200 29344
66.249.71.64 - - [06/Aug/2015:06:37:01 +0800] "GET /content/subject/resource_content.jsp?oid=16797287&queryType=qc HTTP/1.1" 200 88697
68.180.228.24 - - [06/Aug/2015:06:37:11 +0800] "GET /digiarch_en/content/subject/resource_content.jsp?oid=16777469&queryType=qc HTTP/1.1" 200 25850
123.125.71.55 - - [06/Aug/2015:06:38:21 +0800] "GET /content/subject/resource_content.jsp?oid=16777613&queryType=qc%3E HTTP/1.1" 200 29518
123.241.3.170 - - [06/Aug/2015:06:38:50 +0800] "GET /content/nav/relationSubject.jsp?relationWords=%E8%96%9C%E8%8D%94+&oid=16777485 HTTP/1.1" 200 3561
66.249.71.64 - - [06/Aug/2015:06:39:06 +0800] "GET /content/nav/relationSubject.jsp?relationWords=%E5%90%8D%E6%95%95+%E5%90%8D%E6%95%95%E6%9B%B8+%E5%9D%90%E5%90%8D+%E5%9D%90%E5%90%8D%E6%95%95%E6%9B%B8+%E6%80%A1%E8%89%AF+%E6%95%95%E6%9B%B8+&oid=2616298 HTTP/1.1" 200 3322
66.249.71.64 - - [06/Aug/2015:06:39:08 +0800] "GET /content/nav/relationSubject.jsp?relationWords=%E5%90%8D%E6%95%95%20%E5%90%8D%E6%95%95%E6%9B%B8%20%E5%9D%90%E5%90%8D%20%E5%9D%90%E5%90%8D%E6%95%95%E6%9B%B8%20%E6%80%A1%E8%89%AF%20%E6%95%95%E6%9B%B8%20&oid=2616298 HTTP/1.1" 200 3322
66.249.71.72 - - [06/Aug/2015:06:39:42 +0800] "GET /content/repository/resource_content.jsp?oid=3813040&queryString=%E7%AB%B9%E5%AD%90%E9%A3%84%E6%8B%82%E8%8D%89%20%E9%A3%84%E6%8B%82%E8%8D%89%E5%B1%AC HTTP/1.1" 200 31606
66.249.71.64 - - [06/Aug/2015:06:40:18 +0800] "GET /content/repository/resource_content.jsp?oid=1871021 HTTP/1.1" 200 29336
66.249.71.60 - - [06/Aug/2015:06:40:28 +0800] "GET /content/nav/relationSubject.jsp?relationWords=%E7%99%BD%E9%99%B6+%E7%99%BD%E9%99%B6%E7%89%87+&oid=1871021 HTTP/1.1" 200 3090
66.249.71.64 - - [06/Aug/2015:06:40:34 +0800] "GET /content/nav/relationSubject.jsp?relationWords=%E7%99%BD%E9%99%B6%20%E7%99%BD%E9%99%B6%E7%89%87%20&oid=1871021 HTTP/1.1" 200 3090
66.249.71.60 - - [06/Aug/2015:06:40:36 +0800] "GET /content/repository/resource_content.jsp?oid=1876176 HTTP/1.1" 200 29733
66.249.71.60 - - [06/Aug/2015:06:40:51 +0800] "GET /content/nav/relationSubject.jsp?relationWords=%E8%BB%8A%E9%A6%AC%E5%99%A8+%E9%8A%85%E6%B3%A1+&oid=1876176 HTTP/1.1" 200 3037
66.249.71.72 - - [06/Aug/2015:06:40:52 +0800] "GET /content/nav/relationSubject.jsp?relationWords=%E8%BB%8A%E9%A6%AC%E5%99%A8%20%E9%8A%85%E6%B3%A1%20&oid=1876176 HTTP/1.1" 200 3037
66.249.71.72 - - [06/Aug/2015:06:40:54 +0800] "GET /content/repository/resource_content.jsp?oid=2676813 HTTP/1.1" 200 29807
66.249.71.72 - - [06/Aug/2015:06:41:11 +0800] "GET /content/nav/relationSubject.jsp?relationWords=%E6%A4%8D%E7%89%A9%E7%95%8C+%E7%AB%B9%E5%AD%90%E9%A3%84%E6%8B%82%E8%8D%89+%E8%8E%8E%E8%8D%89+%E8%8E%8E%E8%8D%89%E7%A7%91+%E9%A3%84%E6%8B%82%E8%8D%89+%E9%A3%84%E6%8B%82%E8%8D%89%E5%B1%AC+&oid=3813040 HTTP/1.1" 200 3438
66.249.71.119 - - [06/Aug/2015:06:41:12 +0800] "GET /content/repository/resource_content.jsp?oid=2681681&queryType=qs&queryString=%E5%AF%B6%E5%9D%BB HTTP/1.1" 200 30241
66.249.71.72 - - [06/Aug/2015:06:41:16 +0800] "GET /content/nav/relationSubject.jsp?relationWords=%E6%A4%8D%E7%89%A9%E7%95%8C%20%E7%AB%B9%E5%AD%90%E9%A3%84%E6%8B%82%E8%8D%89%20%E8%8E%8E%E8%8D%89%20%E8%8E%8E%E8%8D%89%E7%A7%91%20%E9%A3%84%E6%8B%82%E8%8D%89%20%E9%A3%84%E6%8B%82%E8%8D%89%E5%B1%AC%20&oid=3813040 HTTP/1.1" 200 3438
66.249.71.127 - - [06/Aug/2015:06:41:30 +0800] "GET /content/repository/resource_content.jsp?oid=2673976&queryType=qs&queryString=%E6%85%B6%E5%BE%B7 HTTP/1.1" 200 30069
66.249.71.119 - - [06/Aug/2015:06:41:48 +0800] "GET /content/repository/resource_content.jsp?oid=1782873&queryType=qs&queryString=%E7%B9%94%E5%B8%B6 HTTP/1.1" 200 29644
66.249.71.72 - - [06/Aug/2015:06:41:59 +0800] "GET /content/nav/relationSubject.jsp?relationWords=&oid=2676813 HTTP/1.1" 200 1405
66.249.71.119 - - [06/Aug/2015:06:42:04 +0800] "GET /content/nav/relationSubject.jsp?relationWords=%E6%B3%B0%E9%9B%85+%E6%B3%B0%E9%9B%85%E6%97%8F+%E7%8F%A0%E9%95%B7%E8%A1%A3+%E8%82%9A%E5%85%9C+&oid=1782873 HTTP/1.1" 200 3839
66.249.71.3 - - [06/Aug/2015:06:42:06 +0800] "GET /content/nav/relationSubject.jsp?relationWords=%E6%B3%B0%E9%9B%85%20%E6%B3%B0%E9%9B%85%E6%97%8F%20%E7%8F%A0%E9%95%B7%E8%A1%A3%20%E8%82%9A%E5%85%9C%20&oid=1782873 HTTP/1.1" 200 3839
66.249.71.54 - - [06/Aug/2015:06:42:23 +0800] "GET /content/repository/resource_content.jsp?oid=188573&queryType=qs&queryString=%E5%8C%97%E5%B2%B8%E5%9C%96 HTTP/1.1" 200 30479
66.249.71.64 - - [06/Aug/2015:06:42:24 +0800] "GET /content/subject/resource_content.jsp?oid=16777571&queryString=%E5%A5%B3%E6%80%A7%20%E6%94%BF%E6%B2%BB%20%E6%97%A5%E8%A8%98%20%E6%9E%97%E7%8D%BB%E5%A0%82%20%E7%81%8C%E5%9C%92%E5%85%88%E7%94%9F HTTP/1.1" 500 15712
66.249.71.72 - - [06/Aug/2015:06:42:41 +0800] "GET /content/repository/resource_content.jsp?oid=2679368&queryString=%E6%B4%A5%E8%B2%BC%20%E9%8A%80%E4%BA%8B HTTP/1.1" 200 30461
66.249.71.45 - - [06/Aug/2015:06:42:55 +0800] "GET /content/nav/relationSubject.jsp?relationWords=%E5%8C%97%E5%B2%B8%E5%9C%96+%E9%B4%A8%E7%B6%A0%E6%B1%9F+&oid=188573 HTTP/1.1" 200 3126
66.249.71.36 - - [06/Aug/2015:06:42:56 +0800] "GET /content/nav/relationSubject.jsp?relationWords=%E5%8C%97%E5%B2%B8%E5%9C%96%20%E9%B4%A8%E7%B6%A0%E6%B1%9F%20&oid=188573 HTTP/1.1" 200 3126
66.249.71.60 - - [06/Aug/2015:06:42:59 +0800] "GET /content/repository/resource_content.jsp?oid=2570250 HTTP/1.1" 200 29263
207.46.13.78 - - [06/Aug/2015:06:43:05 +0800] "GET /digiarch_en/content/tmp_tec/resource_content.jsp?oid=16777753 HTTP/1.1" 200 28441
66.249.71.72 - - [06/Aug/2015:06:43:14 +0800] "GET /content/nav/relationSubject.jsp?relationWords=&oid=2570250 HTTP/1.1" 200 1405
66.249.71.36 - - [06/Aug/2015:06:43:17 +0800] "GET /content/subject/resource_content.jsp?oid=16777230&queryType=qs&queryString=%E4%BA%BA%E9%A0%AD%E9%AA%A8 HTTP/1.1" 200 28901
66.249.71.36 - - [06/Aug/2015:06:43:21 +0800] "GET /content/nav/relationSubject.jsp?relationWords=&oid=16777230 HTTP/1.1" 200 1405
207.46.13.78 - - [06/Aug/2015:06:43:26 +0800] "GET /content/pictures/picture_content.jsp?oid=33554826 HTTP/1.1" 200 27812
66.249.71.60 - - [06/Aug/2015:06:43:35 +0800] "GET /content/repository/resource_content.jsp?oid=1899479&queryString=%E6%90%8D%E5%A4%B1%E6%A1%88%20%E6%9E%97%E5%8B%99%E5%B1%80%20%E6%A8%99%E5%94%AE%20%E8%BE%B2%E6%9E%97 HTTP/1.1" 200 30181
207.46.13.78 - - [06/Aug/2015:06:43:45 +0800] "GET /content/pictures/picture_content.jsp?oid=33554884&queryType=qc HTTP/1.1" 200 27947
66.249.71.3 - - [06/Aug/2015:06:43:53 +0800] "GET /content/repository/resource_content.jsp?oid=4362241&queryType=qs&queryString=%E5%BC%B5%E5%A4%A9%E5%B8%AB HTTP/1.1" 200 30490
66.249.71.119 - - [06/Aug/2015:06:44:02 +0800] "GET /content/nav/relationSubject.jsp?relationWords=&oid=2681681 HTTP/1.1" 200 1405
66.249.71.113 - - [06/Aug/2015:06:44:11 +0800] "GET /content/repository/resource_content.jsp?oid=184549&queryString=%E5%8F%B0%E7%81%A3%E5%8E%9F%E4%BD%8F%E6%B0%91%20%E5%9C%96%E9%A8%B0 HTTP/1.1" 200 30304
66.249.71.121 - - [06/Aug/2015:06:44:18 +0800] "GET /content/nav/relationSubject.jsp?relationWords=%E9%99%B8%E6%B8%AC%E5%9C%96+&oid=184549 HTTP/1.1" 200 3079
66.249.71.121 - - [06/Aug/2015:06:44:21 +0800] "GET /content/nav/relationSubject.jsp?relationWords=%E9%99%B8%E6%B8%AC%E5%9C%96%20&oid=184549 HTTP/1.1" 200 3079
66.249.71.119 - - [06/Aug/2015:06:44:29 +0800] "GET /content/repository/resource_content.jsp?oid=2676280&queryType=qs&queryString=%E5%85%AB%E6%97%82 HTTP/1.1" 200 30695
66.249.71.3 - - [06/Aug/2015:06:44:31 +0800] "GET /content/nav/relationSubject.jsp?relationWords=%E5%85%B8%E7%B1%8D%E5%BB%B3+&oid=2673976 HTTP/1.1" 200 3060
66.249.71.127 - - [06/Aug/2015:06:44:35 +0800] "GET /content/nav/relationSubject.jsp?relationWords=%E4%BF%B8%E6%BB%BF+%E5%8D%83%E7%B8%BD+&oid=2676280 HTTP/1.1" 200 3104
66.249.71.3 - - [06/Aug/2015:06:44:36 +0800] "GET /content/nav/relationSubject.jsp?relationWords=%E5%85%B8%E7%B1%8D%E5%BB%B3%20&oid=2673976 HTTP/1.1" 200 3060
66.249.71.119 - - [06/Aug/2015:06:44:37 +0800] "GET /content/nav/relationSubject.jsp?relationWords=%E4%BF%B8%E6%BB%BF%20%E5%8D%83%E7%B8%BD%20&oid=2676280 HTTP/1.1" 200 3104
66.249.71.127 - - [06/Aug/2015:06:44:47 +0800] "GET /content/repository/resource_content.jsp?oid=2606923&queryType=qs&queryString=%E5%BC%B5%E5%96%84 HTTP/1.1" 200 29431
66.249.71.23 - - [06/Aug/2015:06:45:05 +0800] "GET /content/repository/resource_content.jsp?oid=2511903&queryType=qs&queryString=%E6%89%BF%E5%BB%95 HTTP/1.1" 200 30157
207.46.13.78 - - [06/Aug/2015:06:45:05 +0800] "GET /content/repository/resource_content.jsp?oid=1108200 HTTP/1.1" 200 31147
66.249.71.14 - - [06/Aug/2015:06:45:14 +0800] "GET /content/nav/relationSubject.jsp?relationWords=%E6%89%BF%E5%BB%95+%E6%B9%96%E5%BB%A3+%E6%B9%96%E5%BB%A3%E7%B8%BD%E7%9D%A3+&oid=2511903 HTTP/1.1" 200 3202
66.249.71.3 - - [06/Aug/2015:06:45:15 +0800] "GET /content/nav/relationSubject.jsp?relationWords=&oid=2606923 HTTP/1.1" 200 1405
66.249.71.23 - - [06/Aug/2015:06:45:16 +0800] "GET /content/nav/relationSubject.jsp?relationWords=%E6%89%BF%E5%BB%95%20%E6%B9%96%E5%BB%A3%20%E6%B9%96%E5%BB%A3%E7%B8%BD%E7%9D%A3%20&oid=2511903 HTTP/1.1" 200 3202
66.249.71.14 - - [06/Aug/2015:06:45:23 +0800] "GET /digiarch3/content/repository/resource_content.jsp?oid=2684555&queryType=qs&queryString=%E5%8D%97%E6%8E%8C%E5%9C%8B HTTP/1.1" 200 29944
207.46.13.78 - - [06/Aug/2015:06:45:25 +0800] "GET /content/repository/resource_content.jsp?oid=1515420&queryString=%E5%AA%92%E9%AB%94 HTTP/1.1" 200 28936
66.249.71.5 - - [06/Aug/2015:06:45:46 +0800] "GET /digiarch3/content/nav/relationSubject.jsp?relationWords=%E5%8D%97%E6%8E%8C%E5%9C%8B+%E6%95%95%E4%BA%8B+&oid=2684555 HTTP/1.1" 200 3173
207.46.13.78 - - [06/Aug/2015:06:45:46 +0800] "GET /content/repository/resource_content.jsp?oid=1531265 HTTP/1.1" 200 30530
66.249.71.14 - - [06/Aug/2015:06:45:49 +0800] "GET /digiarch3/content/nav/relationSubject.jsp?relationWords=%E5%8D%97%E6%8E%8C%E5%9C%8B%20%E6%95%95%E4%BA%8B%20&oid=2684555 HTTP/1.1" 200 3173
66.249.71.5 - - [06/Aug/2015:06:45:59 +0800] "GET /digiarch3/content/repository/resource_content.jsp?oid=2670900&queryType=qs&queryString=%E7%A5%AD%E6%96%87 HTTP/1.1" 200 30054
207.46.13.78 - - [06/Aug/2015:06:46:05 +0800] "GET /content/repository/resource_content.jsp?oid=1532352&queryString=%E6%96%87%E5%8C%96%E4%B8%AD%E5%BF%83%20%E6%9A%A8%E5%8D%97%20%E6%9A%A8%E5%8D%97%E5%A4%A7%E5%AD%B8 HTTP/1.1" 200 30135
66.249.71.5 - - [06/Aug/2015:06:46:19 +0800] "GET /digiarch3/content/nav/relationSubject.jsp?relationWords=%E7%A6%AE%E9%83%A8+&oid=2670900 HTTP/1.1" 200 3060
66.249.71.5 - - [06/Aug/2015:06:46:23 +0800] "GET /digiarch3/content/nav/relationSubject.jsp?relationWords=%E7%A6%AE%E9%83%A8%20&oid=2670900 HTTP/1.1" 200 3060
66.249.71.105 - - [06/Aug/2015:06:46:50 +0800] "GET /content/nav/relationSubject.jsp?relationWords=%E9%BB%83%E6%A7%90+&oid=16777364 HTTP/1.1" 200 2681
66.249.71.60 - - [06/Aug/2015:06:46:52 +0800] "GET /content/repository/resource_content.jsp?oid=2514996 HTTP/1.1" 200 29861
66.249.71.105 - - [06/Aug/2015:06:46:53 +0800] "GET /content/nav/relationSubject.jsp?relationWords=%E9%BB%83%E6%A7%90%20&oid=16777364 HTTP/1.1" 200 2681
66.249.71.36 - - [06/Aug/2015:06:47:10 +0800] "GET /content/repository/resource_content.jsp?oid=4352510&queryString=%E7%A1%AC%E5%B0%BE HTTP/1.1" 200 34022
220.181.108.157 - - [06/Aug/2015:06:47:15 +0800] "GET /content/pictures/picture_content.jsp?oid=33554732 HTTP/1.1" 200 27604
66.249.71.54 - - [06/Aug/2015:06:47:18 +0800] "GET /content/nav/relationSubject.jsp?relationWords=%E5%B7%B4%E6%94%8F+%E7%A1%AC%E5%B0%BE+&oid=4352510 HTTP/1.1" 200 3426
66.249.71.36 - - [06/Aug/2015:06:47:23 +0800] "GET /content/nav/relationSubject.jsp?relationWords=%E5%B7%B4%E6%94%8F%20%E7%A1%AC%E5%B0%BE%20&oid=4352510 HTTP/1.1" 200 3426
66.249.71.64 - - [06/Aug/2015:06:47:28 +0800] "GET /content/repository/resource_content.jsp?oid=1571279&queryString=%E6%9E%97%E5%85%A7%20%E6%9F%8F%E6%B2%B9%E8%B7%AF%E9%9D%A2%20%E8%A5%BF%E8%9E%BA HTTP/1.1" 200 30147
66.249.71.127 - - [06/Aug/2015:06:47:46 +0800] "GET /content/repository/resource_content.jsp?oid=2670331&queryType=qs&queryString=%E8%80%86%E6%B0%91 HTTP/1.1" 200 30244
66.249.71.127 - - [06/Aug/2015:06:48:05 +0800] "GET /content/nav/relationSubject.jsp?relationWords=&oid=2670331 HTTP/1.1" 200 1405
66.249.71.119 - - [06/Aug/2015:06:48:22 +0800] "GET /content/subject/resource_content.jsp?oid=16777519&queryType=qs&queryString=%E9%80%A0%E6%9E%97%E6%A8%B9%E7%A8%AE HTTP/1.1" 200 36010
66.249.71.14 - - [06/Aug/2015:06:48:40 +0800] "GET /content/subject/resource_content.jsp?oid=16777823&queryString= HTTP/1.1" 200 33104
49.214.9.107 - - [06/Aug/2015:06:48:41 +0800] "GET /content/repository/resource_content.jsp?oid=2148639&queryString=%E7%9B%B8%E6%80%9D%E6%A8%B9 HTTP/1.1" 200 31228
49.214.9.107 - - [06/Aug/2015:06:48:45 +0800] "GET /content/nav/relationSubject.jsp?relationWords=%E6%A4%8D%E7%89%A9%E7%95%8C+%E7%9B%B8%E6%80%9D%E6%A8%B9+%E7%9B%B8%E6%80%9D%E6%A8%B9%E5%B1%AC+%E8%A0%B6%E8%B1%86+%E9%9B%99%E5%AD%90%E8%91%89+%E9%9B%99%E5%AD%90%E8%91%89%E6%A4%8D%E7%89%A9+&oid=2148639 HTTP/1.1" 200 4275
66.249.71.23 - - [06/Aug/2015:06:48:50 +0800] "GET /content/nav/relationSubject.jsp?relationWords=%E6%9A%A8%E5%8D%97+&oid=16777823 HTTP/1.1" 200 7153
66.249.71.45 - - [06/Aug/2015:06:48:58 +0800] "GET /content/repository/resource_content.jsp?oid=187315&queryString=%E8%98%87%E6%B5%99%20%E8%B1%AB%E9%84%82%E7%9A%96%E8%81%AF%E7%95%8C%E5%9C%96 HTTP/1.1" 200 31164
66.249.71.119 - - [06/Aug/2015:06:49:16 +0800] "GET /content/repository/resource_content.jsp?oid=1834942&queryType=qs&queryString=%E9%A8%8E%E9%A6%AC%E4%BF%91 HTTP/1.1" 200 31238
66.249.71.5 - - [06/Aug/2015:06:49:16 +0800] "GET /content/nav/relationSubject.jsp?relationWords=%E6%9A%A8%E5%8D%97%20&oid=16777823 HTTP/1.1" 200 7153
66.249.71.3 - - [06/Aug/2015:06:49:29 +0800] "GET /content/nav/relationSubject.jsp?relationWords=%E5%B0%8F%E5%B1%AF%E5%A2%93+&oid=1834942 HTTP/1.1" 200 3026
66.249.71.119 - - [06/Aug/2015:06:49:31 +0800] "GET /content/nav/relationSubject.jsp?relationWords=%E5%B0%8F%E5%B1%AF%E5%A2%93%20&oid=1834942 HTTP/1.1" 200 3026
66.249.71.36 - - [06/Aug/2015:06:49:34 +0800] "GET /content/repository/resource_content.jsp?oid=2629865&queryType=qs&queryString=%E6%93%AC%E6%9D%96 HTTP/1.1" 200 30141
66.249.71.72 - - [06/Aug/2015:06:49:34 +0800] "GET /content/nav/relationSubject.jsp?relationWords=%E5%AE%88%E5%82%99%E4%BA%8B+&oid=2514996 HTTP/1.1" 200 3090
66.249.71.64 - - [06/Aug/2015:06:49:37 +0800] "GET /content/nav/relationSubject.jsp?relationWords=%E5%AE%88%E5%82%99%E4%BA%8B%20&oid=2514996 HTTP/1.1" 200 3090
66.249.71.45 - - [06/Aug/2015:06:49:46 +0800] "GET /content/nav/relationSubject.jsp?relationWords=%E5%B7%A1%E6%8C%89+%E5%B7%A1%E6%8C%89%E5%BE%A1%E5%8F%B2+%E5%BE%A1%E5%8F%B2+&oid=2629865 HTTP/1.1" 200 3213
66.249.71.54 - - [06/Aug/2015:06:49:48 +0800] "GET /content/nav/relationSubject.jsp?relationWords=%E5%B7%A1%E6%8C%89%20%E5%B7%A1%E6%8C%89%E5%BE%A1%E5%8F%B2%20%E5%BE%A1%E5%8F%B2%20&oid=2629865 HTTP/1.1" 200 3213
66.249.71.127 - - [06/Aug/2015:06:49:52 +0800] "GET /content/repository/resource_content.jsp?oid=2659536&queryType=qs&queryString=%E9%8C%AB%E7%B6%B8 HTTP/1.1" 200 30072
66.249.71.36 - - [06/Aug/2015:06:50:10 +0800] "GET /content/repository/resource_content.jsp?oid=4475662&queryString=%E5%85%B1%E7%94%A2%20%E8%BE%B2%E6%B0%91%E7%B5%84%E5%90%88 HTTP/1.1" 200 30827
66.249.71.3 - - [06/Aug/2015:06:50:16 +0800] "GET /content/nav/relationSubject.jsp?relationWords=%E6%BC%A2%E6%9C%AC%E5%A0%82+%E9%84%89%E8%A9%A6+&oid=2659536 HTTP/1.1" 200 5381
66.249.71.54 - - [06/Aug/2015:06:50:21 +0800] "GET /content/nav/relationSubject.jsp?relationWords=%E7%B4%A2%E5%BC%95%E5%9C%96+%E8%81%AF%E7%95%8C%E5%9C%96+%E8%98%87%E6%B5%99+%E8%B1%AB%E9%84%82%E7%9A%96%E8%81%AF%E7%95%8C%E5%9C%96+&oid=187315 HTTP/1.1" 200 3330
66.249.71.45 - - [06/Aug/2015:06:50:24 +0800] "GET /content/nav/relationSubject.jsp?relationWords=%E7%B4%A2%E5%BC%95%E5%9C%96%20%E8%81%AF%E7%95%8C%E5%9C%96%20%E8%98%87%E6%B5%99%20%E8%B1%AB%E9%84%82%E7%9A%96%E8%81%AF%E7%95%8C%E5%9C%96%20&oid=187315 HTTP/1.1" 200 3330
66.249.71.3 - - [06/Aug/2015:06:50:25 +0800] "GET /content/nav/relationSubject.jsp?relationWords=%E6%BC%A2%E6%9C%AC%E5%A0%82%20%E9%84%89%E8%A9%A6%20&oid=2659536 HTTP/1.1" 200 5381
66.249.71.105 - - [06/Aug/2015:06:50:27 +0800] "GET /content/pictures/picture_content.jsp?oid=33554722&queryType=qs&queryString=%E7%AB%A5%E8%A9%B1 HTTP/1.1" 200 27538
66.249.71.60 - - [06/Aug/2015:06:50:45 +0800] "GET /content/repository/resource_content.jsp?oid=16374 HTTP/1.1" 200 34408
66.249.71.72 - - [06/Aug/2015:06:51:05 +0800] "GET /content/repository/resource_content.jsp?oid=1456688 HTTP/1.1" 200 29355
66.249.71.113 - - [06/Aug/2015:06:51:09 +0800] "GET /content/nav/relationSubject.jsp?relationWords=%E5%9C%93%E8%91%89+%E8%A3%82%E7%B7%A3%E8%8A%B1+&oid=33554722 HTTP/1.1" 200 3207
66.249.71.105 - - [06/Aug/2015:06:51:12 +0800] "GET /content/nav/relationSubject.jsp?relationWords=%E5%9C%93%E8%91%89%20%E8%A3%82%E7%B7%A3%E8%8A%B1%20&oid=33554722 HTTP/1.1" 200 3207
66.249.82.164 - - [06/Aug/2015:06:51:17 +0800] "GET /content/nav/relationSubject.jsp?relationWords=%E5%B1%B1%E6%AB%BB%E8%8A%B1+&oid=16777304 HTTP/1.1" 200 4452
66.249.71.64 - - [06/Aug/2015:06:51:21 +0800] "GET /content/repository/resource_content.jsp?oid=1463187 HTTP/1.1" 200 31120
66.249.71.64 - - [06/Aug/2015:06:51:32 +0800] "GET /content/nav/relationSubject.jsp?relationWords=%E5%8D%B5%E5%BD%A2%E7%B4%AB%E8%8F%80+%E5%8F%B0%E7%81%A3%E7%B4%BA%E8%8F%8A+%E7%B4%AB%E8%8F%80+%E7%B4%AB%E8%8F%80%E5%B1%AC+&oid=1456688 HTTP/1.1" 200 3248
66.249.71.64 - - [06/Aug/2015:06:51:33 +0800] "GET /content/nav/relationSubject.jsp?relationWords=%E5%8D%B5%E5%BD%A2%E7%B4%AB%E8%8F%80%20%E5%8F%B0%E7%81%A3%E7%B4%BA%E8%8F%8A%20%E7%B4%AB%E8%8F%80%20%E7%B4%AB%E8%8F%80%E5%B1%AC%20&oid=1456688 HTTP/1.1" 200 3248
66.249.71.72 - - [06/Aug/2015:06:51:39 +0800] "GET /content/repository/resource_content.jsp?oid=2142616 HTTP/1.1" 200 30999
66.249.71.45 - - [06/Aug/2015:06:51:43 +0800] "GET /content/nav/relationSubject.jsp?relationWords=%E5%88%91%E9%83%A8+%E5%91%88%E6%8E%A7+%E5%BE%B7%E6%95%8F+%E6%AD%A5%E7%94%B2+&oid=2663155 HTTP/1.1" 200 3206
66.249.71.54 - - [06/Aug/2015:06:51:44 +0800] "GET /content/nav/relationSubject.jsp?relationWords=%E4%B8%AD%E5%9C%8B%E5%85%B1%E7%94%A2%E9%BB%A8+%E5%85%B1%E7%94%A2+%E5%85%B1%E7%94%A2%E9%BB%A8+%E5%9B%9E%E6%B0%91+%E5%B0%91%E6%95%B8%E6%B0%91%E6%97%8F+&oid=4475662 HTTP/1.1" 200 6788
66.249.71.36 - - [06/Aug/2015:06:51:46 +0800] "GET /content/nav/relationSubject.jsp?relationWords=%E5%88%91%E9%83%A8%20%E5%91%88%E6%8E%A7%20%E5%BE%B7%E6%95%8F%20%E6%AD%A5%E7%94%B2%20&oid=2663155 HTTP/1.1" 200 3206
66.249.71.36 - - [06/Aug/2015:06:51:47 +0800] "GET /content/nav/relationSubject.jsp?relationWords=%E4%B8%AD%E5%9C%8B%E5%85%B1%E7%94%A2%E9%BB%A8%20%E5%85%B1%E7%94%A2%20%E5%85%B1%E7%94%A2%E9%BB%A8%20%E5%9B%9E%E6%B0%91%20%E5%B0%91%E6%95%B8%E6%B0%91%E6%97%8F%20&oid=4475662 HTTP/1.1" 200 6788
66.249.71.72 - - [06/Aug/2015:06:51:57 +0800] "GET /content/repository/resource_content.jsp?oid=1106454 HTTP/1.1" 200 31226
66.249.71.64 - - [06/Aug/2015:06:52:10 +0800] "GET /content/nav/relationSubject.jsp?relationWords=%E6%A4%8D%E7%89%A9%E7%95%8C+%E7%89%9B%E7%9A%AE%E6%B6%88+%E7%89%9B%E7%9A%AE%E6%B6%88%E5%B1%AC+%E8%96%84%E8%91%89+%E8%96%84%E8%91%89%E7%89%9B%E7%9A%AE%E6%B6%88+%E8%98%BF%E8%97%A6+%E8%98%BF%E8%97%A6%E7%A7%91+%E9%BE%8D%E8%86%BD+&oid=1106454 HTTP/1.1" 200 3924
66.249.71.60 - - [06/Aug/2015:06:52:14 +0800] "GET /content/nav/relationSubject.jsp?relationWords=%E6%A4%8D%E7%89%A9%E7%95%8C%20%E7%89%9B%E7%9A%AE%E6%B6%88%20%E7%89%9B%E7%9A%AE%E6%B6%88%E5%B1%AC%20%E8%96%84%E8%91%89%20%E8%96%84%E8%91%89%E7%89%9B%E7%9A%AE%E6%B6%88%20%E8%98%BF%E8%97%A6%20%E8%98%BF%E8%97%A6%E7%A7%91%20%E9%BE%8D%E8%86%BD%20&oid=1106454 HTTP/1.1" 200 3924
66.249.71.64 - - [06/Aug/2015:06:52:16 +0800] "GET /content/repository/resource_content.jsp?oid=1620846 HTTP/1.1" 200 28807
66.249.71.64 - - [06/Aug/2015:06:52:27 +0800] "GET /content/nav/relationSubject.jsp?relationWords=%E4%BA%A4%E6%B5%81%E9%81%93+%E4%BD%8F%E5%AE%85%E5%8D%80+%E7%89%B9%E5%AE%9A%E5%8D%80+%E9%AB%98%E9%80%9F%E5%85%AC%E8%B7%AF+&oid=1620846 HTTP/1.1" 200 4397
66.249.71.64 - - [06/Aug/2015:06:52:30 +0800] "GET /content/nav/relationSubject.jsp?relationWords=%E4%BA%A4%E6%B5%81%E9%81%93%20%E4%BD%8F%E5%AE%85%E5%8D%80%20%E7%89%B9%E5%AE%9A%E5%8D%80%20%E9%AB%98%E9%80%9F%E5%85%AC%E8%B7%AF%20&oid=1620846 HTTP/1.1" 200 4397
66.249.71.23 - - [06/Aug/2015:06:53:01 +0800] "GET /digiarch3/content/repository/resource_content.jsp?oid=1561801&queryType=qs&queryString=%E8%BA%AB%E5%88%86%E8%AD%89 HTTP/1.1" 200 31245
118.167.28.167 - - [06/Aug/2015:06:53:08 +0800] "GET /content/nav/relationSubject.jsp?relationWords=&oid=16777459 HTTP/1.1" 200 1405
66.249.71.60 - - [06/Aug/2015:06:53:09 +0800] "GET /content/subject/resource_content.jsp?oid=16777266&queryType=qc HTTP/1.1" 200 35344
66.249.71.72 - - [06/Aug/2015:06:53:27 +0800] "GET /content/repository/resource_content.jsp?oid=1580950&queryString=%E5%88%9D%E4%B8%AD%20%E6%BC%A2%E5%8C%96 HTTP/1.1" 200 29242
66.249.71.64 - - [06/Aug/2015:06:53:45 +0800] "GET /content/repository/resource_content.jsp?oid=1884573 HTTP/1.1" 200 30183
66.249.71.60 - - [06/Aug/2015:06:54:02 +0800] "GET /content/repository/resource_content.jsp?oid=1112022 HTTP/1.1" 200 30905
66.249.71.45 - - [06/Aug/2015:06:54:21 +0800] "GET /content/repository/resource_content.jsp?oid=4362904&queryString=%E5%85%AB%E5%AE%B6%E5%B0%87 HTTP/1.1" 200 28214
66.249.71.72 - - [06/Aug/2015:06:54:38 +0800] "GET /content/subject/resource_content.jsp?oid=16777349&queryString=%E6%A0%A1%E6%AC%91%20%E6%A4%86%E5%B1%AC%20%E6%A4%8D%E7%89%A9%E7%95%8C%20%E6%AE%BC%E6%96%97%E7%A7%91%20%E9%90%B5%E6%A4%86%20%E9%9D%92%E5%89%9B%20%E9%9D%92%E5%89%9B%E6%AB%9F HTTP/1.1" 200 36653
66.249.71.60 - - [06/Aug/2015:06:55:02 +0800] "GET /content/nav/relationSubject.jsp?relationWords=%E5%BF%8D%E5%86%AC+%E5%BF%8D%E5%86%AC%E7%A7%91+%E6%A4%8D%E7%89%A9%E7%95%8C+%E7%8F%8A%E7%91%9A%E6%A8%B9+%E8%91%97%E7%94%9F%E7%8F%8A%E7%91%9A%E6%A8%B9+&oid=1463187 HTTP/1.1" 200 3378
66.249.71.72 - - [06/Aug/2015:06:55:06 +0800] "GET /content/nav/relationSubject.jsp?relationWords=%E5%BF%8D%E5%86%AC%20%E5%BF%8D%E5%86%AC%E7%A7%91%20%E6%A4%8D%E7%89%A9%E7%95%8C%20%E7%8F%8A%E7%91%9A%E6%A8%B9%20%E8%91%97%E7%94%9F%E7%8F%8A%E7%91%9A%E6%A8%B9%20&oid=1463187 HTTP/1.1" 200 3378
66.249.71.64 - - [06/Aug/2015:06:55:14 +0800] "GET /digiarch_en/content/repository/resource_content.jsp?oid=1126281&queryString=%E5%AD%94%E9%9B%80%E8%9B%A4%20%E6%AE%BC%E8%8F%9C%E8%9B%A4%E7%A7%91%20%E7%B6%A0%E6%AE%BC%E8%8F%9C%E8%9B%A4%20%E7%BF%A1%E7%BF%A0%E8%B2%BD%E8%B2%9D%20%E8%B2%BD%E8%B2%9D%20%E9%9B%99%E6%AE%BC%E7%B6%B1 HTTP/1.1" 200 25297
66.249.71.60 - - [06/Aug/2015:06:55:50 +0800] "GET /content/subject/resource_content.jsp?oid=16777599&queryString= HTTP/1.1" 200 36977
66.249.71.60 - - [06/Aug/2015:06:56:08 +0800] "GET /content/subject/resource_content.jsp?oid=16777599&queryType=qc HTTP/1.1" 200 36977
66.249.71.119 - - [06/Aug/2015:06:57:02 +0800] "GET /content/subject/resource_content.jsp?oid=16777364&queryString=%E9%BB%83%E6%A7%90 HTTP/1.1" 200 35074
207.46.13.78 - - [06/Aug/2015:06:57:32 +0800] "GET /content/repository/resource_content.jsp?oid=672728 HTTP/1.1" 200 28426
207.46.13.78 - - [06/Aug/2015:06:57:51 +0800] "GET /content/repository/resource_content.jsp?oid=523546&queryString=%E6%93%AC%E7%83%8F%E8%B3%8A%20%E7%83%8F%E8%B3%8A%20%E8%BB%9F%E7%BF%85%E4%BB%94%20%E8%BB%9F%E7%BF%85%E4%BB%94%E5%B1%AC%20%E9%8E%96%E7%AE%A1%20%E9%8E%96%E7%AE%A1%E7%A7%91%20%E9%A0%AD%E8%B6%B3%20%E9%A0%AD%E8%B6%B3%E7%B6%B1 HTTP/1.1" 200 33512
66.249.71.127 - - [06/Aug/2015:06:57:56 +0800] "GET /content/subject/resource_content.jsp?oid=16777364&queryType=qc HTTP/1.1" 200 34552
66.249.71.5 - - [06/Aug/2015:06:58:14 +0800] "GET /digiarch3/content/subject/resource_content.jsp?oid=16777266&queryType=qs&queryString=%E8%98%AD%E5%B1%AC HTTP/1.1" 200 35253
199.30.25.241 - - [06/Aug/2015:06:58:23 +0800] "GET /content/nav/relationSubject.jsp?relationWords=%E4%BD%8E%E5%88%A9+%E4%BD%8E%E5%88%A9%E8%B2%B8%E6%AC%BE+%E4%BF%9D%E7%95%99%E5%9C%B0+%E4%BF%9D%E9%9A%AA+%E4%BF%A1%E7%94%A8%E8%B2%B8%E6%AC%BE+%E5%81%8F%E9%81%A0%E5%9C%B0%E5%8D%80+%E5%85%AC%E5%82%B5+%E5%85%AC%E5%85%B1%E8%A8%AD%E6%96%BD+%E5%85%AC%E6%9C%89%E5%9C%B0+%E5%85%AC%E8%B3%A3%E5%B1%80+%E5%88%A9%E7%8E%87+%E5%89%B5%E6%A5%AD+%E5%91%86%E5%B8%B3+%E5%93%81%E8%B3%AA+%E5%9C%9F%E5%9C%B0%E9%96%8B%E7%99%BC+%E5%9C%B0%E4%B8%8A%E7%89%A9+%E5%9C%B0%E4%BF%9D+%E5%9C%B0%E7%A7%9F+%E5%A4%96%E5%8C%AF+%E5%A4%96%E5%8C%AF%E5%AD%98%E5%BA%95+%E5%B1%A0%E5%AE%B0%E7%A8%85+%E5%B1%A0%E5%AE%B0%E7%A8%85%E6%B3%95+%E5%B1%B1%E5%9C%B0%E9%84%89+%E5%B1%B1%E8%83%9E+%E5%B8%82%E5%83%B9+%E6%81%90%E6%87%BC+%E6%89%80%E5%BE%97%E7%A8%85+%E6%89%80%E6%9C%89%E6%AC%8A+%E6%8A%B5%E6%8A%BC%E5%93%81+%E6%96%B0%E8%87%BA%E5%B9%A3+%E7%94%B3%E5%A0%B1+%E7%9C%81%E6%94%BF%E5%BA%9C+%E7%A8%85%E5%8B%99+%E7%A8%85%E5%8B%99%E5%B1%80+%E7%A8%85%E6%B3%95+%E7%AB%8B%E4%BF%A1+%E7%AC%AC%E4%B8%80%E9%8A%80%E8%A1%8C+%E7%AE%A1%E7%90%86%E4%BA%BA+%E7%B1%B3%E8%A3%BD+%E7%B1%B3%E9%85%92+%E7%B6%93%E6%BF%9F%E7%99%BC%E5%B1%95+%E7%B6%9C%E5%90%88%E6%89%80%E5%BE%97%E7%A8%85+%E7%B8%A3%E6%94%BF%E5%BA%9C+%E7%B8%BD%E9%A0%90%E7%AE%97+%E7%BE%8E%E5%85%83+%E8%87%BA%E7%81%A3%E7%9C%81+%E8%87%BA%E7%81%A3%E7%9C%81%E7%B8%BD%E9%A0%90%E7%AE%97+%E8%87%BA%E7%81%A3%E7%B6%93%E6%BF%9F+%E8%8F%B8%E9%85%92+%E8%A7%A3%E7%B8%A3+%E8%A8%BA%E6%89%80+%E8%AA%A0%E6%87%87+%E8%AA%B2%E7%A8%85+%E8%B2%A1%E6%94%BF+%E8%B2%A1%E6%94%BF%E5%BB%B3+%E8%B2%A1%E6%94%BF%E6%94%B6%E6%94%AF+%E8%B2%A1%E7%A8%85+%E8%B2%B8%E6%AC%BE+%E8%B3%AA%E8%A9%A2+%E9%84%89%E5%85%AC%E6%89%80+%E9%84%B0%E9%95%B7+%E9%87%91%E8%9E%8D+%E9%97%9C%E7%A8%85+%E9%99%B3%E5%BB%BA%E5%B9%B4+%E9%A0%90%E7%AE%97+&oid=1602234 HTTP/1.1" 200 10494
207.46.13.78 - - [06/Aug/2015:06:58:31 +0800] "GET /content/repository/resource_content.jsp?oid=4551105&queryString=%E6%93%AC%E7%83%8F%E8%B3%8A%20%E7%83%8F%E8%B3%8A%20%E8%BB%9F%E7%BF%85%E4%BB%94%20%E8%BB%9F%E7%BF%85%E4%BB%94%E5%B1%AC%20%E9%8E%96%E7%AE%A1%20%E9%8E%96%E7%AE%A1%E7%A7%91%20%E9%A0%AD%E8%B6%B3%20%E9%A0%AD%E8%B6%B3%E7%B6%B1 HTTP/1.1" 200 30426
66.249.71.5 - - [06/Aug/2015:06:58:32 +0800] "GET /digiarch3/content/pictures/picture_content.jsp?oid=33554774&classify=2562 HTTP/1.1" 200 27690
66.249.71.14 - - [06/Aug/2015:06:58:49 +0800] "GET /digiarch3/content/repository/resource_content.jsp?oid=16506&queryString=%E9%89%A4%E9%B1%97%E9%AD%A8%20%E9%B1%97%E9%AD%A8 HTTP/1.1" 200 34181
66.249.79.32 - - [06/Aug/2015:06:59:08 +0800] "GET /content/subject/resource_content.jsp?oid=16777737 HTTP/1.1" 200 32091
66.249.71.64 - - [06/Aug/2015:06:59:25 +0800] "GET /content/repository/resource_content.jsp?oid=1890746 HTTP/1.1" 200 28362
66.249.71.72 - - [06/Aug/2015:06:59:43 +0800] "GET /content/repository/resource_content.jsp?oid=1081606&queryString=%E6%96%B0%E6%9C%88%E7%B5%B2%E9%9A%86%E9%A0%AD%E9%AD%9A%20%E6%96%B0%E6%9C%88%E7%B5%B2%E9%B0%AD%E9%B8%9A%E9%AF%9B%20%E6%9F%B3%E5%86%B7%E4%BB%94%20%E7%B4%85%E5%A8%98%E4%BB%94%20%E9%9A%86%E9%A0%AD%E9%AD%9A%E7%A7%91 HTTP/1.1" 200 33857
66.249.71.60 - - [06/Aug/2015:07:00:19 +0800] "GET /digiarch_en/content/repository/resource_content.jsp?oid=518214&queryString=%E4%BA%9E%E6%88%90%E9%AB%94%20%E5%B0%8F%E5%8D%B7%20%E7%9C%9F%E9%8E%96%E7%AE%A1%20%E9%80%8F%E6%8A%BD%20%E9%8E%96%E7%AE%A1%E5%B1%AC%20%E9%8E%96%E7%AE%A1%E7%A7%91%20%E9%A0%AD%E8%B6%B3%E7%B6%B1 HTTP/1.1" 200 24270
66.249.71.60 - - [06/Aug/2015:07:00:37 +0800] "GET /content/repository/resource_content.jsp?oid=1622091 HTTP/1.1" 200 28813
66.249.71.64 - - [06/Aug/2015:07:00:55 +0800] "GET /digiarch_en/content/repository/resource_content.jsp?oid=1126280&queryString=%E5%B0%96%E8%A7%92%E6%B1%9F%E7%8F%A7%E8%9B%A4%20%E6%B1%9F%E7%8F%A7%E8%9B%A4%20%E8%9B%A4%E7%A7%91%20%E8%B2%BD%E8%B2%9D%20%E9%9B%99%E6%AE%BC%E7%B6%B1 HTTP/1.1" 200 24266
66.249.71.60 - - [06/Aug/2015:07:01:49 +0800] "GET /content/repository/resource_content.jsp?oid=1110587 HTTP/1.1" 200 31280
66.249.71.72 - - [06/Aug/2015:07:01:51 +0800] "GET /content/nav/relationSubject.jsp?relationWords=%E6%A4%8D%E7%89%A9%E7%95%8C+%E8%A0%9F%E7%93%A3%E8%8A%B1%E5%B1%AC+%E9%87%91%E7%B8%B7%E6%A2%85+%E9%87%91%E7%B8%B7%E6%A2%85%E7%A7%91+&oid=2142616 HTTP/1.1" 200 1451
66.249.71.60 - - [06/Aug/2015:07:01:54 +0800] "GET /content/nav/relationSubject.jsp?relationWords=%E6%A4%8D%E7%89%A9%E7%95%8C%20%E8%A0%9F%E7%93%A3%E8%8A%B1%E5%B1%AC%20%E9%87%91%E7%B8%B7%E6%A2%85%20%E9%87%91%E7%B8%B7%E6%A2%85%E7%A7%91%20&oid=2142616 HTTP/1.1" 200 1451
66.249.71.60 - - [06/Aug/2015:07:02:24 +0800] "GET /digiarch_en/content/repository/resource_content.jsp?oid=1126281&queryString=%E5%B0%96%E8%A7%92%E6%B1%9F%E7%8F%A7%E8%9B%A4%20%E6%B1%9F%E7%8F%A7%E8%9B%A4%20%E8%9B%A4%E7%A7%91%20%E8%B2%BD%E8%B2%9D%20%E9%9B%99%E6%AE%BC%E7%B6%B1 HTTP/1.1" 200 24188
66.249.71.60 - - [06/Aug/2015:07:02:42 +0800] "GET /content/repository/resource_content.jsp?oid=1890184 HTTP/1.1" 200 28461
66.249.71.64 - - [06/Aug/2015:07:03:00 +0800] "GET /content/repository/resource_content.jsp?oid=1114931 HTTP/1.1" 200 31048
66.249.71.127 - - [06/Aug/2015:07:03:18 +0800] "GET /content/repository/resource_content.jsp?oid=4362315&queryString=%E5%B7%A1%E7%8B%A9%20%E7%8E%8B%E8%88%B9%20%E9%96%8B%E5%85%89 HTTP/1.1" 200 28030
66.249.71.72 - - [06/Aug/2015:07:03:36 +0800] "GET /digiarch_en/content/repository/resource_content.jsp?oid=1807775&queryString=%E6%8B%93%E7%89%87%20%E6%BC%A2%E4%BB%A3 HTTP/1.1" 200 23859
66.249.71.113 - - [06/Aug/2015:07:03:42 +0800] "GET /content/repository/resource_content.jsp?oid=2666732&queryType=qs&queryString=%E5%8F%B8%E7%9B%A7 HTTP/1.1" 200 29960
66.249.71.64 - - [06/Aug/2015:07:04:30 +0800] "GET /digiarch_en/content/repository/resource_content.jsp?oid=2150316&queryString=%E7%83%8F%E5%BF%83%E7%9F%B3%20%E9%B1%B8%E9%B0%BB HTTP/1.1" 200 23622
66.249.71.64 - - [06/Aug/2015:07:04:48 +0800] "GET /content/pictures/picture_content.jsp?oid=33554816 HTTP/1.1" 200 27839
66.249.71.45 - - [06/Aug/2015:07:05:24 +0800] "GET /content/repository/resource_content.jsp?oid=4362901&queryString=%E5%85%AB%E5%AE%B6%E5%B0%87 HTTP/1.1" 200 28240
66.249.71.60 - - [06/Aug/2015:07:06:35 +0800] "GET /content/repository/resource_content.jsp?oid=1102606 HTTP/1.1" 200 30991
66.249.71.60 - - [06/Aug/2015:07:06:53 +0800] "GET /digiarch_en/content/pictures/picture_content.jsp?oid=33554819&queryType=qc HTTP/1.1" 200 21997
220.134.173.39 - - [06/Aug/2015:07:07:17 +0800] "GET /content/repository/resource_content.jsp?oid=187518 HTTP/1.1" 200 30401
220.134.173.39 - - [06/Aug/2015:07:07:19 +0800] "GET /content/nav/relationSubject.jsp?relationWords=%E5%B7%9D%E9%BB%94+%E6%BB%87%E6%A1%82+%E8%81%AF%E7%95%8C%E5%9C%96+&oid=187518 HTTP/1.1" 200 3172
66.249.71.119 - - [06/Aug/2015:07:07:47 +0800] "GET /content/repository/resource_content.jsp?oid=4362417&queryString=%E6%A1%83%E7%AC%A6%20%E7%A5%9E%E8%8D%BC%20%E9%AC%B1%E5%A3%98 HTTP/1.1" 200 28281
66.249.71.72 - - [06/Aug/2015:07:08:23 +0800] "GET /content/repository/resource_content.jsp?oid=2557638 HTTP/1.1" 200 28832
66.249.71.5 - - [06/Aug/2015:07:09:05 +0800] "GET /digiarch3/content/nav/relationSubject.jsp?relationWords=%E5%B7%A5%E7%A8%8B%E8%99%95+%E6%88%BF%E6%8D%90+%E6%A9%9F%E6%A2%B0+%E6%B0%91%E6%97%8F%E9%9F%B3%E6%A8%82+%E7%A4%BE%E6%9C%83%E5%95%8F%E9%A1%8C+%E7%A4%BE%E6%9C%83%E9%A2%A8%E6%B0%A3+%E8%8F%B8%E5%AE%B3+%E8%A1%9B%E7%94%9F%E6%89%80+%E8%BE%B2%E6%A5%AD%E9%87%91%E8%9E%8D+%E9%9F%B3%E6%A8%82%E5%BB%B3+&oid=1586931 HTTP/1.1" 200 3603
66.249.71.14 - - [06/Aug/2015:07:09:09 +0800] "GET /digiarch3/content/nav/relationSubject.jsp?relationWords=%E5%B7%A5%E7%A8%8B%E8%99%95%20%E6%88%BF%E6%8D%90%20%E6%A9%9F%E6%A2%B0%20%E6%B0%91%E6%97%8F%E9%9F%B3%E6%A8%82%20%E7%A4%BE%E6%9C%83%E5%95%8F%E9%A1%8C%20%E7%A4%BE%E6%9C%83%E9%A2%A8%E6%B0%A3%20%E8%8F%B8%E5%AE%B3%20%E8%A1%9B%E7%94%9F%E6%89%80%20%E8%BE%B2%E6%A5%AD%E9%87%91%E8%9E%8D%20%E9%9F%B3%E6%A8%82%E5%BB%B3%20&oid=1586931 HTTP/1.1" 200 3603
118.170.17.55 - - [06/Aug/2015:07:09:24 +0800] "GET /content/nav/relationSubject.jsp?relationWords=%E6%B0%B4%E9%BB%83%E7%9A%AE+&oid=16777535 HTTP/1.1" 200 3630
66.249.71.72 - - [06/Aug/2015:07:09:35 +0800] "GET /content/subject/resource_content.jsp?oid=16777624 HTTP/1.1" 200 119492
68.180.228.24 - - [06/Aug/2015:07:10:16 +0800] "GET /content/tmp_exh/resource_content.jsp?oid=16777844&queryType=qc%201890 HTTP/1.1" 200 37003
66.249.71.23 - - [06/Aug/2015:07:10:46 +0800] "GET /digiarch3/content/pictures/picture_content.jsp?oid=33554801 HTTP/1.1" 200 27559
66.249.71.45 - - [06/Aug/2015:07:11:04 +0800] "GET /content/repository/resource_content.jsp?oid=2517586&queryString=%E8%A1%99%E5%BD%B9 HTTP/1.1" 200 30246
66.249.71.45 - - [06/Aug/2015:07:11:07 +0800] "GET /content/nav/relationSubject.jsp?relationWords=%E5%8D%83%E7%B8%BD+%E5%B7%A1%E6%8C%89+%E5%B7%A1%E6%8C%89%E5%BE%A1%E5%8F%B2+%E5%BE%A1%E5%8F%B2+%E6%9D%96%E9%9D%A9+%E8%A1%99%E5%BD%B9+&oid=2517586 HTTP/1.1" 200 4621
66.249.71.54 - - [06/Aug/2015:07:11:09 +0800] "GET /content/nav/relationSubject.jsp?relationWords=%E5%8D%83%E7%B8%BD%20%E5%B7%A1%E6%8C%89%20%E5%B7%A1%E6%8C%89%E5%BE%A1%E5%8F%B2%20%E5%BE%A1%E5%8F%B2%20%E6%9D%96%E9%9D%A9%20%E8%A1%99%E5%BD%B9%20&oid=2517586 HTTP/1.1" 200 4621
66.249.71.127 - - [06/Aug/2015:07:11:22 +0800] "GET /content/subject/resource_content.jsp?oid=16777776&queryType=qc HTTP/1.1" 200 61632
66.249.71.64 - - [06/Aug/2015:07:11:40 +0800] "GET /content/repository/resource_content.jsp?oid=2636554 HTTP/1.1" 200 29907
66.249.71.60 - - [06/Aug/2015:07:12:06 +0800] "GET /content/nav/relationSubject.jsp?relationWords=&oid=2636554 HTTP/1.1" 200 1405
68.180.228.24 - - [06/Aug/2015:07:12:17 +0800] "GET /digiarch_en/content/tmp_tec/resource_content.jsp?oid=16777753 HTTP/1.1" 200 28441
66.249.71.64 - - [06/Aug/2015:07:13:28 +0800] "GET /content/repository/resource_content.jsp?oid=2511125 HTTP/1.1" 200 29858
66.249.71.119 - - [06/Aug/2015:07:14:39 +0800] "GET /content/repository/resource_content.jsp?oid=16560&queryString=%E5%88%BA%E8%A6%8F%20%E5%AF%86%E6%96%91%E4%BA%8C%E9%BD%92%E9%AD%A8%20%E5%AF%86%E6%96%91%E5%88%BA%E9%AD%A8%20%E6%B0%A3%E7%93%9C%E4%BB%94%20%E9%AD%A8%E7%A7%91 HTTP/1.1" 200 35067
66.249.71.23 - - [06/Aug/2015:07:14:57 +0800] "GET /digiarch3/content/repository/resource_content.jsp?oid=1448703&queryType=qs&queryString=%E6%89%81%E6%A3%98%E9%AF%9B HTTP/1.1" 200 30034
66.249.71.119 - - [06/Aug/2015:07:15:07 +0800] "GET /content/nav/relationSubject.jsp?relationWords=%E5%88%BA%E8%A6%8F+%E5%88%BA%E9%AD%A8+%E6%9F%B4%E6%B0%8F%E5%88%BA%E9%AD%A8+%E6%B0%A3%E7%93%9C%E4%BB%94+%E7%93%9C%E4%BB%94+%E7%B4%8B%E4%BA%8C%E9%BD%92%E9%AD%A8+%E9%AD%A8%E7%A7%91+&oid=16560 HTTP/1.1" 200 3734
66.249.71.127 - - [06/Aug/2015:07:15:09 +0800] "GET /content/nav/relationSubject.jsp?relationWords=%E5%88%BA%E8%A6%8F%20%E5%88%BA%E9%AD%A8%20%E6%9F%B4%E6%B0%8F%E5%88%BA%E9%AD%A8%20%E6%B0%A3%E7%93%9C%E4%BB%94%20%E7%93%9C%E4%BB%94%20%E7%B4%8B%E4%BA%8C%E9%BD%92%E9%AD%A8%20%E9%AD%A8%E7%A7%91%20&oid=16560 HTTP/1.1" 200 3734
66.249.71.60 - - [06/Aug/2015:07:15:15 +0800] "GET /content/repository/resource_content.jsp?oid=175589 HTTP/1.1" 200 30095
123.125.71.113 - - [06/Aug/2015:07:15:16 +0800] "GET /content/tmp_tec/resource_content.jsp?oid=16777734 HTTP/1.1" 200 36946
220.181.108.185 - - [06/Aug/2015:07:15:21 +0800] "GET /content/nav/relationSubject.jsp?relationWords=%E6%95%B8%E4%BD%8D%E5%85%B8%E8%97%8F+%E7%A7%91%E6%99%AE+&oid=16777734 HTTP/1.1" 200 7799
66.249.71.72 - - [06/Aug/2015:07:15:29 +0800] "GET /content/nav/relationSubject.jsp?relationWords=%E5%9C%B0%E5%BD%A2%E5%9C%96+&oid=175589 HTTP/1.1" 200 3046
66.249.71.72 - - [06/Aug/2015:07:15:31 +0800] "GET /content/nav/relationSubject.jsp?relationWords=%E5%9C%B0%E5%BD%A2%E5%9C%96%20&oid=175589 HTTP/1.1" 200 3046
157.55.39.126 - - [06/Aug/2015:07:15:36 +0800] "GET /content/nav/relationSubject.jsp?relationWords=%E7%B4%AB%E8%96%87+&oid=16777424 HTTP/1.1" 200 4000
66.249.71.64 - - [06/Aug/2015:07:15:51 +0800] "GET /content/repository/resource_content.jsp?oid=2674719&queryString=%E5%9B%9B%E5%BA%9C%20%E5%AE%A2%E9%81%8B%20%E5%B2%A1%E5%B1%B1%E9%8E%AE%20%E7%94%A2%E6%A5%AD%E9%81%93%E8%B7%AF%20%E8%BE%B2%E7%94%A2 HTTP/1.1" 200 30039
66.249.71.5 - - [06/Aug/2015:07:16:09 +0800] "GET /digiarch3/content/repository/resource_content.jsp?oid=15099&queryType=qs&queryString=%E6%89%81%E6%A3%98%E9%AF%9B HTTP/1.1" 200 33873
66.249.71.41 - - [06/Aug/2015:07:16:27 +0800] "GET /content/repository/resource_content.jsp?oid=4357401&queryString=%E6%B3%B0%E9%9B%85%E6%97%8F%20%E7%8F%A0%E8%A1%A3 HTTP/1.1" 200 27853
66.249.71.72 - - [06/Aug/2015:07:16:45 +0800] "GET /content/repository/resource_content.jsp?oid=757300 HTTP/1.1" 200 28958
68.180.228.24 - - [06/Aug/2015:07:16:51 +0800] "GET /digiarch_en/content/subject/resource_content.jsp?oid=16777463&queryType=qc HTTP/1.1" 200 22833
68.180.228.24 - - [06/Aug/2015:07:16:52 +0800] "GET /content/subject/resource_content.jsp?oid=16777540&queryType=qc HTTP/1.1" 200 31625
66.249.71.60 - - [06/Aug/2015:07:16:54 +0800] "GET /content/nav/relationSubject.jsp?relationWords=%E4%BA%BA%E5%90%8D%E6%AC%8A%E5%A8%81+&oid=757300 HTTP/1.1" 200 1418
66.249.71.64 - - [06/Aug/2015:07:16:56 +0800] "GET /content/nav/relationSubject.jsp?relationWords=%E4%BA%BA%E5%90%8D%E6%AC%8A%E5%A8%81%20&oid=757300 HTTP/1.1" 200 1418
66.249.71.64 - - [06/Aug/2015:07:17:03 +0800] "GET /content/repository/resource_content.jsp?oid=778155 HTTP/1.1" 200 28118
66.249.71.72 - - [06/Aug/2015:07:17:10 +0800] "GET /content/nav/relationSubject.jsp?relationWords=%E4%BF%84%E4%BD%BF+%E4%BF%84%E5%9C%8B+&oid=778155 HTTP/1.1" 200 3105
66.249.71.60 - - [06/Aug/2015:07:17:12 +0800] "GET /content/nav/relationSubject.jsp?relationWords=%E4%BF%84%E4%BD%BF%20%E4%BF%84%E5%9C%8B%20&oid=778155 HTTP/1.1" 200 3105
66.249.71.119 - - [06/Aug/2015:07:17:21 +0800] "GET /content/repository/resource_content.jsp?oid=2676728&queryType=qs&queryString=%E5%85%B5%E9%A4%89 HTTP/1.1" 200 30418
66.249.71.60 - - [06/Aug/2015:07:17:39 +0800] "GET /content/subject/resource_content.jsp?oid=16777491&queryString=%E6%9D%B1%E8%B3%BD%E5%BE%B7%E5%85%8B%E7%BE%A4%20%E6%B3%B0%E9%9B%85%20%E6%B3%B0%E9%9B%85%E6%97%8F%20%E8%B3%BD%E5%BE%B7%E5%85%8B%20%E8%B3%BD%E5%BE%B7%E5%85%8B%E6%97%8F HTTP/1.1" 200 48534
66.249.71.23 - - [06/Aug/2015:07:17:57 +0800] "GET /digiarch3/content/repository/resource_content.jsp?oid=1449859&queryType=qs&queryString=%E6%89%81%E6%A3%98%E9%AF%9B HTTP/1.1" 200 30034
66.249.71.72 - - [06/Aug/2015:07:18:11 +0800] "GET /content/repository/resource_content.jsp?oid=1109502 HTTP/1.1" 200 31199
66.249.71.60 - - [06/Aug/2015:07:18:14 +0800] "GET /content/repository/resource_content.jsp?oid=1817423 HTTP/1.1" 200 29314
66.249.71.14 - - [06/Aug/2015:07:18:32 +0800] "GET /digiarch3/content/subject/resource_content.jsp?oid=16777783&queryType=qs&queryString=%E7%81%8C%E5%9C%92%E5%85%88%E7%94%9F HTTP/1.1" 200 58264
66.249.71.36 - - [06/Aug/2015:07:18:50 +0800] "GET /content/subject/resource_content.jsp?oid=16777815&queryType=qs&queryString=%E6%9A%A8%E5%8D%97 HTTP/1.1" 200 30026
66.249.71.64 - - [06/Aug/2015:07:19:26 +0800] "GET /content/repository/resource_content.jsp?oid=1894550 HTTP/1.1" 200 29366
