66.249.71.64 - - [07/Aug/2015:06:41:30 +0800] "GET /content/nav/relationSubject.jsp?relationWords=%E9%AA%A8%E7%AE%AD%E9%A0%AD+&oid=1853203 HTTP/1.1" 200 2990
66.249.71.60 - - [07/Aug/2015:06:41:32 +0800] "GET /content/nav/relationSubject.jsp?relationWords=%E9%AA%A8%E7%AE%AD%E9%A0%AD%20&oid=1853203 HTTP/1.1" 200 2990
66.249.71.72 - - [07/Aug/2015:06:41:47 +0800] "GET /content/repository/resource_content.jsp?oid=23355 HTTP/1.1" 200 29464
66.249.71.60 - - [07/Aug/2015:06:41:53 +0800] "GET /content/nav/relationSubject.jsp?relationWords=%E5%BB%B6%E7%B6%8F+&oid=2615053 HTTP/1.1" 200 3096
66.249.71.64 - - [07/Aug/2015:06:41:55 +0800] "GET /content/nav/relationSubject.jsp?relationWords=%E5%BB%B6%E7%B6%8F%20&oid=2615053 HTTP/1.1" 200 3096
66.249.71.72 - - [07/Aug/2015:06:42:08 +0800] "GET /content/repository/resource_content.jsp?oid=18860 HTTP/1.1" 200 29772
66.249.79.45 - - [07/Aug/2015:06:42:24 +0800] "GET /content/nav/relationSubject.jsp?relationWords=%E6%B2%B3%E5%8C%97%E7%9C%81+%E9%99%B8%E6%B8%AC%E5%9C%96+%E9%A5%92%E9%99%BD%E7%B8%A3+&oid=174397 HTTP/1.1" 200 3193
66.249.71.64 - - [07/Aug/2015:06:42:27 +0800] "GET /content/nav/relationSubject.jsp?relationWords=%E6%B2%B3%E5%8C%97%E7%9C%81%20%E9%99%B8%E6%B8%AC%E5%9C%96%20%E9%A5%92%E9%99%BD%E7%B8%A3%20&oid=174397 HTTP/1.1" 200 3193
66.249.71.64 - - [07/Aug/2015:06:42:29 +0800] "GET /content/repository/resource_content.jsp?oid=187982 HTTP/1.1" 200 30273
66.249.79.19 - - [07/Aug/2015:06:42:51 +0800] "GET /content/repository/resource_content.jsp?oid=2526041 HTTP/1.1" 200 28906
66.249.71.72 - - [07/Aug/2015:06:42:53 +0800] "GET /content/nav/relationSubject.jsp?relationWords=%E9%BE%9C%E7%94%B2%E5%8D%9C%E8%BE%AD%E6%AE%98%E7%89%87+&oid=1874574 HTTP/1.1" 200 3071
66.249.71.72 - - [07/Aug/2015:06:42:55 +0800] "GET /content/nav/relationSubject.jsp?relationWords=%E9%BE%9C%E7%94%B2%E5%8D%9C%E8%BE%AD%E6%AE%98%E7%89%87%20&oid=1874574 HTTP/1.1" 200 3071
66.249.71.72 - - [07/Aug/2015:06:43:11 +0800] "GET /content/repository/resource_content.jsp?oid=19402 HTTP/1.1" 200 29577
66.249.71.113 - - [07/Aug/2015:06:43:14 +0800] "GET /content/nav/relationSubject.jsp?relationWords=%E4%B8%81%E8%89%B1%20%E5%B7%A1%E6%92%AB%20&oid=2520421 HTTP/1.1" 200 3119
66.249.71.60 - - [07/Aug/2015:06:43:32 +0800] "GET /content/repository/resource_content.jsp?oid=2577486 HTTP/1.1" 200 28832
66.249.71.60 - - [07/Aug/2015:06:43:43 +0800] "GET /content/nav/relationSubject.jsp?relationWords=%E6%AF%94%E5%90%89%E5%B0%BC%E5%8B%BE%E5%90%BB%E9%AF%99+&oid=17421 HTTP/1.1" 200 3250
66.249.71.105 - - [07/Aug/2015:06:43:44 +0800] "GET /content/nav/relationSubject.jsp?relationWords=%E5%B7%A1%E6%92%AB%20&oid=2542516 HTTP/1.1" 200 3084
66.249.71.60 - - [07/Aug/2015:06:43:46 +0800] "GET /content/nav/relationSubject.jsp?relationWords=%E6%AF%94%E5%90%89%E5%B0%BC%E5%8B%BE%E5%90%BB%E9%AF%99%20&oid=17421 HTTP/1.1" 200 3250
66.249.71.60 - - [07/Aug/2015:06:43:47 +0800] "GET /content/nav/relationSubject.jsp?relationWords=%E9%99%B8%E6%B8%AC%E5%9C%96+&oid=174789 HTTP/1.1" 200 3079
66.249.71.60 - - [07/Aug/2015:06:43:50 +0800] "GET /content/nav/relationSubject.jsp?relationWords=%E9%99%B8%E6%B8%AC%E5%9C%96%20&oid=174789 HTTP/1.1" 200 3079
66.249.71.60 - - [07/Aug/2015:06:43:53 +0800] "GET /content/repository/resource_content.jsp?oid=193793 HTTP/1.1" 200 29711
66.249.71.72 - - [07/Aug/2015:06:44:14 +0800] "GET /content/repository/resource_content.jsp?oid=193911 HTTP/1.1" 200 29771
66.249.71.3 - - [07/Aug/2015:06:44:17 +0800] "GET /content/nav/relationSubject.jsp?relationWords=%E5%90%8F%E9%83%A8+%E6%A2%B0%E9%AC%A5+&oid=2686300 HTTP/1.1" 200 3136
66.249.71.3 - - [07/Aug/2015:06:44:18 +0800] "GET /content/nav/relationSubject.jsp?relationWords=%E5%90%8F%E9%83%A8%20%E6%A2%B0%E9%AC%A5%20&oid=2686300 HTTP/1.1" 200 3136
66.249.71.72 - - [07/Aug/2015:06:44:35 +0800] "GET /content/repository/resource_content.jsp?oid=1460062&queryString=%E6%A4%8D%E7%89%A9%E7%95%8C%20%E7%99%BD%E5%8F%8A%20%E7%99%BD%E5%8F%8A%E5%B1%AC HTTP/1.1" 200 30922
66.249.79.119 - - [07/Aug/2015:06:44:38 +0800] "GET /content/nav/relationSubject.jsp?relationWords=%E4%BA%BA%E5%90%8D%E6%AC%8A%E5%A8%81+%E6%92%AE%E8%A6%81+%E6%96%BD%E8%82%87%E5%9F%BA+%E9%A6%AC%E5%85%8B%E8%AC%A8+&oid=722164 HTTP/1.1" 200 3349
66.249.71.45 - - [07/Aug/2015:06:44:40 +0800] "GET /content/nav/relationSubject.jsp?relationWords=%E7%93%A2%E8%9D%A6%E8%99%8E+%E7%B1%B3%E6%B0%8F+%E8%9D%A6%E8%99%8E%E7%A7%91+%E8%9D%A6%E8%99%8E%E9%AD%9A+&oid=16231 HTTP/1.1" 200 3345
66.249.71.45 - - [07/Aug/2015:06:44:41 +0800] "GET /content/nav/relationSubject.jsp?relationWords=%E4%BA%BA%E5%90%8D%E6%AC%8A%E5%A8%81%20%E6%92%AE%E8%A6%81%20%E6%96%BD%E8%82%87%E5%9F%BA%20%E9%A6%AC%E5%85%8B%E8%AC%A8%20&oid=722164 HTTP/1.1" 200 3349
66.249.71.105 - - [07/Aug/2015:06:44:42 +0800] "GET /content/nav/relationSubject.jsp?relationWords=%E4%BA%BA%E6%B0%91%E5%9C%98%E9%AB%94%20%E4%BD%9C%E6%A1%88%20%E5%88%A9%E7%8E%87%20%E5%8F%A3%E8%99%9F%20%E5%90%88%E4%BD%9C%E7%A4%BE%20%E5%9C%8B%E6%B0%91%E4%BD%8F%E5%AE%85%20%E5%9C%9F%E5%9C%B0%E6%94%BF%E7%AD%96%20%E5%A4%A7%E5%8E%9F%20%E5%B1%B1%E5%9D%A1%E5%9C%B0%20%E5%B7%A5%E9%83%A8%20%E7%A4%BE%E6%9C%83%E8%99%95%20%E8%99%95%E9%95%B7%20%E8%B2%A1%E6%94%BF%E6%94%B6%E5%85%A5%20%E8%B2%B8%E6%AC%BE%20%E8%B3%87%E6%BA%90%E9%96%8B%E7%99%BC%20%E8%BE%B2%E6%9C%83%E6%B3%95%20%E9%87%91%E8%9E%8D%20&oid=1575315 HTTP/1.1" 200 4725
66.249.71.36 - - [07/Aug/2015:06:44:43 +0800] "GET /content/nav/relationSubject.jsp?relationWords=%E7%93%A2%E8%9D%A6%E8%99%8E%20%E7%B1%B3%E6%B0%8F%20%E8%9D%A6%E8%99%8E%E7%A7%91%20%E8%9D%A6%E8%99%8E%E9%AD%9A%20&oid=16231 HTTP/1.1" 200 3345
66.249.71.121 - - [07/Aug/2015:06:44:48 +0800] "GET /content/repository/resource_content.jsp?oid=2660266&queryType=qs&queryString=%E8%90%AC%E5%A3%BD%E7%84%A1%E7%96%86 HTTP/1.1" 200 30008
66.249.71.64 - - [07/Aug/2015:06:44:57 +0800] "GET /content/repository/resource_content.jsp?oid=189903 HTTP/1.1" 200 29706
66.249.71.60 - - [07/Aug/2015:06:45:59 +0800] "GET /content/repository/resource_content.jsp?oid=1894185 HTTP/1.1" 200 28261
66.249.71.60 - - [07/Aug/2015:06:46:00 +0800] "GET /content/repository/resource_content.jsp?oid=1633170 HTTP/1.1" 200 28369
66.249.79.32 - - [07/Aug/2015:06:46:09 +0800] "GET /content/nav/relationSubject.jsp?relationWords=%E9%BE%9C%E7%94%B2%E5%8D%9C%E8%BE%AD%E6%AE%98%E7%89%87+&oid=1841242 HTTP/1.1" 200 3071
66.249.71.60 - - [07/Aug/2015:06:46:19 +0800] "GET /content/repository/resource_content.jsp?oid=2567091 HTTP/1.1" 200 28864
66.249.71.64 - - [07/Aug/2015:06:46:25 +0800] "GET /content/nav/relationSubject.jsp?relationWords=%E9%BE%9C%E7%94%B2%E5%8D%9C%E8%BE%AD%E6%AE%98%E7%89%87%20&oid=1841242 HTTP/1.1" 200 3071
66.249.71.64 - - [07/Aug/2015:06:46:33 +0800] "GET /content/repository/resource_content.jsp?oid=1884530 HTTP/1.1" 200 30009
66.249.71.72 - - [07/Aug/2015:06:46:41 +0800] "GET /content/repository/resource_content.jsp?oid=2560365 HTTP/1.1" 200 29240
66.249.71.60 - - [07/Aug/2015:06:47:02 +0800] "GET /content/repository/resource_content.jsp?oid=828162 HTTP/1.1" 200 26460
66.249.71.113 - - [07/Aug/2015:06:47:06 +0800] "GET /content/repository/resource_content.jsp?oid=2519300&queryType=qs&queryString=%E9%AD%AF%E7%8E%8B HTTP/1.1" 200 29690
66.249.71.64 - - [07/Aug/2015:06:47:23 +0800] "GET /content/repository/resource_content.jsp?oid=1898818 HTTP/1.1" 200 28787
66.249.71.64 - - [07/Aug/2015:06:47:33 +0800] "GET /content/nav/relationSubject.jsp?relationWords=%E9%AA%A8%E7%AE%AD%E9%A0%AD+&oid=1859726 HTTP/1.1" 200 2990
66.249.71.72 - - [07/Aug/2015:06:47:35 +0800] "GET /content/nav/relationSubject.jsp?relationWords=%E9%AA%A8%E7%AE%AD%E9%A0%AD%20&oid=1859726 HTTP/1.1" 200 2990
66.249.71.72 - - [07/Aug/2015:06:47:44 +0800] "GET /content/repository/resource_content.jsp?oid=2560337 HTTP/1.1" 200 28777
66.249.71.64 - - [07/Aug/2015:06:48:05 +0800] "GET /content/repository/resource_content.jsp?oid=1863597 HTTP/1.1" 200 29123
207.46.13.103 - - [07/Aug/2015:06:48:26 +0800] "GET /content/subject/resource_content.jsp?oid=16777576 HTTP/1.1" 200 29391
66.249.71.72 - - [07/Aug/2015:06:48:26 +0800] "GET /content/repository/resource_content.jsp?oid=2677566 HTTP/1.1" 200 28906
66.249.71.60 - - [07/Aug/2015:06:48:34 +0800] "GET /content/nav/relationSubject.jsp?relationWords=%E5%AD%B8%E7%B1%8D+&oid=1625128 HTTP/1.1" 200 4007
66.249.71.72 - - [07/Aug/2015:06:48:36 +0800] "GET /content/nav/relationSubject.jsp?relationWords=%E5%AD%B8%E7%B1%8D%20&oid=1625128 HTTP/1.1" 200 4007
66.249.71.60 - - [07/Aug/2015:06:48:44 +0800] "GET /content/nav/relationSubject.jsp?relationWords=%E5%8B%9E%E5%B7%A5%E4%BF%9D%E9%9A%AA+&oid=1633522 HTTP/1.1" 200 3638
66.249.71.64 - - [07/Aug/2015:06:48:46 +0800] "GET /content/nav/relationSubject.jsp?relationWords=%E5%8B%9E%E5%B7%A5%E4%BF%9D%E9%9A%AA%20&oid=1633522 HTTP/1.1" 200 3638
66.249.71.60 - - [07/Aug/2015:06:48:47 +0800] "GET /content/repository/resource_content.jsp?oid=19718 HTTP/1.1" 200 29733
66.249.71.64 - - [07/Aug/2015:06:49:05 +0800] "GET /content/nav/relationSubject.jsp?relationWords=&oid=1775699 HTTP/1.1" 200 1405
66.249.71.72 - - [07/Aug/2015:06:49:08 +0800] "GET /content/repository/resource_content.jsp?oid=19045 HTTP/1.1" 200 29773
66.249.71.105 - - [07/Aug/2015:06:49:23 +0800] "GET /content/repository/resource_content.jsp?oid=1843459&queryType=qs&queryString=%E6%96%9C%E7%B7%9A%E7%B4%8B HTTP/1.1" 200 30165
66.249.71.72 - - [07/Aug/2015:06:49:29 +0800] "GET /content/repository/resource_content.jsp?oid=2556710 HTTP/1.1" 200 28790
66.249.71.64 - - [07/Aug/2015:06:49:45 +0800] "GET /content/nav/relationSubject.jsp?relationWords=%E5%B8%83%E8%BE%B2%E6%97%8F+&oid=1773728 HTTP/1.1" 200 3328
66.249.71.64 - - [07/Aug/2015:06:49:47 +0800] "GET /content/nav/relationSubject.jsp?relationWords=%E5%B8%83%E8%BE%B2%E6%97%8F%20&oid=1773728 HTTP/1.1" 200 3328
66.249.71.64 - - [07/Aug/2015:06:49:50 +0800] "GET /content/repository/resource_content.jsp?oid=1851315 HTTP/1.1" 200 28388
66.249.71.72 - - [07/Aug/2015:06:49:56 +0800] "GET /content/nav/relationSubject.jsp?relationWords=%E6%AE%98%E9%99%B6%E7%89%87+&oid=1872786 HTTP/1.1" 200 2990
66.249.71.60 - - [07/Aug/2015:06:49:58 +0800] "GET /content/nav/relationSubject.jsp?relationWords=%E6%AE%98%E9%99%B6%E7%89%87%20&oid=1872786 HTTP/1.1" 200 2990
66.249.71.72 - - [07/Aug/2015:06:50:11 +0800] "GET /content/repository/resource_content.jsp?oid=1887053 HTTP/1.1" 200 29473
66.249.79.45 - - [07/Aug/2015:06:50:33 +0800] "GET /content/repository/resource_content.jsp?oid=189455 HTTP/1.1" 200 30209
61.231.177.62 - - [07/Aug/2015:06:50:39 +0800] "GET /content/repository/resource_content.jsp?oid=1606378 HTTP/1.1" 200 29221
61.231.177.62 - - [07/Aug/2015:06:50:41 +0800] "GET /content/nav/relationSubject.jsp?relationWords=%E5%B7%A5%E6%9C%83+%E5%B7%A5%E8%B3%87+%E6%9E%97%E5%A4%AA%E9%83%8E+%E7%9F%B3%E7%82%AD+%E7%A2%BC%E9%A0%AD%E5%B7%A5%E4%BA%BA+%E8%B2%A0%E8%B2%AC%E4%BA%BA+%E8%B2%BB%E7%8E%87+&oid=1606378 HTTP/1.1" 200 4789
66.249.71.60 - - [07/Aug/2015:06:50:53 +0800] "GET /content/repository/resource_content.jsp?oid=186349 HTTP/1.1" 200 30220
66.249.71.64 - - [07/Aug/2015:06:51:14 +0800] "GET /content/repository/resource_content.jsp?oid=196730 HTTP/1.1" 200 29754
66.249.71.60 - - [07/Aug/2015:06:51:31 +0800] "GET /content/nav/relationSubject.jsp?relationWords=%E8%81%B7%E6%A5%AD%E5%AD%B8%E6%A0%A1+%E8%87%BA%E7%81%A3%E7%9C%81%E6%94%BF%E5%BA%9C+&oid=1898818 HTTP/1.1" 200 5275
66.249.71.60 - - [07/Aug/2015:06:51:33 +0800] "GET /content/nav/relationSubject.jsp?relationWords=%E8%81%B7%E6%A5%AD%E5%AD%B8%E6%A0%A1%20%E8%87%BA%E7%81%A3%E7%9C%81%E6%94%BF%E5%BA%9C%20&oid=1898818 HTTP/1.1" 200 5275
66.249.71.64 - - [07/Aug/2015:06:51:35 +0800] "GET /content/repository/resource_content.jsp?oid=201339 HTTP/1.1" 200 29713
66.249.79.32 - - [07/Aug/2015:06:51:40 +0800] "GET /content/nav/relationSubject.jsp?relationWords=%E5%96%87%E5%8F%AD%E7%AD%92+%E7%99%BD%E9%99%B6+&oid=1852550 HTTP/1.1" 200 3090
66.249.71.105 - - [07/Aug/2015:06:51:41 +0800] "GET /content/repository/resource_content.jsp?oid=603943&queryType=qs&queryString=%E6%AD%90%E7%99%BB%E7%A7%91 HTTP/1.1" 200 28107
66.249.71.64 - - [07/Aug/2015:06:51:42 +0800] "GET /content/nav/relationSubject.jsp?relationWords=%E5%96%87%E5%8F%AD%E7%AD%92%20%E7%99%BD%E9%99%B6%20&oid=1852550 HTTP/1.1" 200 3090
66.249.71.60 - - [07/Aug/2015:06:51:56 +0800] "GET /content/repository/resource_content.jsp?oid=1880466 HTTP/1.1" 200 29277
66.249.71.64 - - [07/Aug/2015:06:52:17 +0800] "GET /content/repository/resource_content.jsp?oid=186370 HTTP/1.1" 200 30210
66.249.71.72 - - [07/Aug/2015:06:52:38 +0800] "GET /content/repository/resource_content.jsp?oid=2585424 HTTP/1.1" 200 29042
66.249.71.60 - - [07/Aug/2015:06:52:48 +0800] "GET /content/nav/relationSubject.jsp?relationWords=%E9%BE%9C%E7%94%B2%E5%8D%9C%E8%BE%AD%E6%AE%98%E7%89%87+&oid=1838641 HTTP/1.1" 200 3071
66.249.71.72 - - [07/Aug/2015:06:52:51 +0800] "GET /content/nav/relationSubject.jsp?relationWords=%E9%BE%9C%E7%94%B2%E5%8D%9C%E8%BE%AD%E6%AE%98%E7%89%87%20&oid=1838641 HTTP/1.1" 200 3071
66.249.71.113 - - [07/Aug/2015:06:52:54 +0800] "GET /content/nav/relationSubject.jsp?relationWords=%E9%8A%80%E6%BC%A2%E9%AD%9A%E7%A7%91%20&oid=19377 HTTP/1.1" 200 2162
66.249.71.60 - - [07/Aug/2015:06:52:59 +0800] "GET /content/repository/resource_content.jsp?oid=201694 HTTP/1.1" 200 29711
66.249.71.60 - - [07/Aug/2015:06:53:20 +0800] "GET /content/repository/resource_content.jsp?oid=1880271 HTTP/1.1" 200 29660
66.249.71.72 - - [07/Aug/2015:06:53:20 +0800] "GET /content/nav/relationSubject.jsp?relationWords=%E6%8B%93%E7%89%87+%E7%94%B2%E9%AA%A8%E6%96%87+&oid=1823526 HTTP/1.1" 200 4578
66.249.71.72 - - [07/Aug/2015:06:53:22 +0800] "GET /content/nav/relationSubject.jsp?relationWords=%E9%AA%A8%E7%AE%AD%E9%A0%AD+&oid=1859398 HTTP/1.1" 200 2990
66.249.71.64 - - [07/Aug/2015:06:53:23 +0800] "GET /content/nav/relationSubject.jsp?relationWords=%E6%8B%93%E7%89%87%20%E7%94%B2%E9%AA%A8%E6%96%87%20&oid=1823526 HTTP/1.1" 200 4578
66.249.71.60 - - [07/Aug/2015:06:53:24 +0800] "GET /content/nav/relationSubject.jsp?relationWords=%E9%AA%A8%E7%AE%AD%E9%A0%AD%20&oid=1859398 HTTP/1.1" 200 2990
66.249.71.72 - - [07/Aug/2015:06:53:41 +0800] "GET /content/nav/relationSubject.jsp?relationWords=%E5%96%AE%E8%89%B2+&oid=192201 HTTP/1.1" 200 3192
66.249.79.19 - - [07/Aug/2015:06:53:44 +0800] "GET /content/nav/relationSubject.jsp?relationWords=%E5%96%AE%E8%89%B2%20&oid=192201 HTTP/1.1" 200 3192
66.249.71.64 - - [07/Aug/2015:06:53:54 +0800] "GET /content/nav/relationSubject.jsp?relationWords=%E9%BE%9C%E7%94%B2%E5%8D%9C%E8%BE%AD%E6%AE%98%E7%89%87+&oid=1851315 HTTP/1.1" 200 3071
66.249.71.64 - - [07/Aug/2015:06:53:56 +0800] "GET /content/nav/relationSubject.jsp?relationWords=%E9%BE%9C%E7%94%B2%E5%8D%9C%E8%BE%AD%E6%AE%98%E7%89%87%20&oid=1851315 HTTP/1.1" 200 3071
66.249.71.113 - - [07/Aug/2015:06:53:57 +0800] "GET /content/repository/resource_content.jsp?oid=2569317&queryType=qs&queryString=%E6%8C%AF%E6%AD%A6 HTTP/1.1" 200 29895
66.249.71.60 - - [07/Aug/2015:06:54:02 +0800] "GET /content/repository/resource_content.jsp?oid=196298 HTTP/1.1" 200 29739
66.249.71.72 - - [07/Aug/2015:06:54:03 +0800] "GET /content/nav/relationSubject.jsp?relationWords=%E5%96%AE%E8%89%B2+&oid=193793 HTTP/1.1" 200 3192
66.249.71.60 - - [07/Aug/2015:06:54:05 +0800] "GET /content/nav/relationSubject.jsp?relationWords=%E5%96%AE%E8%89%B2%20&oid=193793 HTTP/1.1" 200 3192
66.249.71.60 - - [07/Aug/2015:06:54:22 +0800] "GET /content/nav/relationSubject.jsp?relationWords=%E5%98%B4%E9%A0%AD%E9%8E%AE+%E9%99%B8%E6%B8%AC%E5%9C%96+&oid=178251 HTTP/1.1" 200 3129
66.249.71.64 - - [07/Aug/2015:06:54:24 +0800] "GET /content/repository/resource_content.jsp?oid=20494 HTTP/1.1" 200 29848
66.249.71.60 - - [07/Aug/2015:06:54:24 +0800] "GET /content/nav/relationSubject.jsp?relationWords=%E5%98%B4%E9%A0%AD%E9%8E%AE%20%E9%99%B8%E6%B8%AC%E5%9C%96%20&oid=178251 HTTP/1.1" 200 3129
66.249.71.64 - - [07/Aug/2015:06:54:44 +0800] "GET /content/repository/resource_content.jsp?oid=201011 HTTP/1.1" 200 29784
66.249.71.60 - - [07/Aug/2015:06:55:02 +0800] "GET /content/nav/relationSubject.jsp?relationWords=%E9%BE%9C%E7%94%B2%E5%8D%9C%E8%BE%AD%E6%AE%98%E7%89%87+&oid=1840447 HTTP/1.1" 200 3071
66.249.71.60 - - [07/Aug/2015:06:55:04 +0800] "GET /content/nav/relationSubject.jsp?relationWords=%E9%BE%9C%E7%94%B2%E5%8D%9C%E8%BE%AD%E6%AE%98%E7%89%87%20&oid=1840447 HTTP/1.1" 200 3071
66.249.71.64 - - [07/Aug/2015:06:55:05 +0800] "GET /content/repository/resource_content.jsp?oid=192747 HTTP/1.1" 200 29704
66.249.71.60 - - [07/Aug/2015:06:55:26 +0800] "GET /content/repository/resource_content.jsp?oid=201434 HTTP/1.1" 200 29771
66.249.71.64 - - [07/Aug/2015:06:55:37 +0800] "GET /content/nav/relationSubject.jsp?relationWords=%E5%91%82%E5%AE%89%E5%BE%B7+%E5%9D%91%E9%81%93+%E7%85%A4%E7%A4%A6%E5%9D%91+%E7%9C%81%E6%94%BF%E5%BA%9C+%E8%87%BA%E5%8C%97%E7%B8%A3+%E8%91%A3%E9%8C%A6%E6%A8%B9+%E8%94%A1%E8%AE%9A%E9%9B%84+%E8%B1%90%E6%9E%97+&oid=1896706 HTTP/1.1" 200 4777
66.249.71.64 - - [07/Aug/2015:06:55:39 +0800] "GET /content/nav/relationSubject.jsp?relationWords=%E5%91%82%E5%AE%89%E5%BE%B7%20%E5%9D%91%E9%81%93%20%E7%85%A4%E7%A4%A6%E5%9D%91%20%E7%9C%81%E6%94%BF%E5%BA%9C%20%E8%87%BA%E5%8C%97%E7%B8%A3%20%E8%91%A3%E9%8C%A6%E6%A8%B9%20%E8%94%A1%E8%AE%9A%E9%9B%84%20%E8%B1%90%E6%9E%97%20&oid=1896706 HTTP/1.1" 200 4777
66.249.71.64 - - [07/Aug/2015:06:55:55 +0800] "GET /content/nav/relationSubject.jsp?relationWords=&oid=828162 HTTP/1.1" 200 1405
66.249.71.105 - - [07/Aug/2015:06:56:15 +0800] "GET /content/repository/resource_content.jsp?oid=2512425&queryType=qs&queryString=%E6%A5%8A%E9%8E%AE HTTP/1.1" 200 30163
66.249.79.19 - - [07/Aug/2015:06:56:21 +0800] "GET /content/nav/relationSubject.jsp?relationWords=%E5%87%BA%E8%B7%AF+%E5%88%9D%E4%B8%AD+%E5%91%A8%E8%99%95+%E5%9C%8B%E7%89%87+%E6%95%B4%E4%BF%AE+%E6%A3%92%E7%90%83+%E6%AD%8C%E5%8A%87+%E7%95%A2%E6%A5%AD%E7%94%9F+%E8%99%95%E9%95%B7+%E8%A3%9C%E6%A0%A1+%E8%B3%AA%E8%A9%A2+%E9%96%A9%E5%8D%97%E8%AA%9E+%E9%9B%BB%E4%BF%A1+%E9%9D%92%E8%BC%94%E6%9C%83+%E9%9F%BF%E6%A3%92+%E9%AB%94%E8%82%B2+%E9%AB%98%E8%81%B7+&oid=1584015 HTTP/1.1" 200 4585
66.249.71.5 - - [07/Aug/2015:06:56:29 +0800] "GET /digiarch3/content/pictures/picture_content.jsp?oid=33554774&classify=2562 HTTP/1.1" 200 27690
66.249.71.64 - - [07/Aug/2015:06:57:11 +0800] "GET /content/pictures/picture_content.jsp?oid=33554788 HTTP/1.1" 200 27711
66.249.71.64 - - [07/Aug/2015:06:57:32 +0800] "GET /content/pictures/picture_content.jsp?oid=33554814 HTTP/1.1" 200 27631
66.249.71.72 - - [07/Aug/2015:06:57:53 +0800] "GET /content/repository/resource_content.jsp?oid=2529387 HTTP/1.1" 200 28901
66.249.71.64 - - [07/Aug/2015:06:57:57 +0800] "GET /content/nav/relationSubject.jsp?relationWords=%E9%AA%A8%E7%AE%AD%E9%A0%AD+&oid=1859004 HTTP/1.1" 200 2990
66.249.71.64 - - [07/Aug/2015:06:58:00 +0800] "GET /content/nav/relationSubject.jsp?relationWords=%E9%AA%A8%E7%AE%AD%E9%A0%AD%20&oid=1859004 HTTP/1.1" 200 2990
66.249.71.64 - - [07/Aug/2015:06:58:14 +0800] "GET /digiarch_en/content/repository/resource_content.jsp?oid=4363112&queryString=%E9%96%8B%E6%BC%B3%E8%81%96%E7%8E%8B HTTP/1.1" 200 21676
66.249.71.54 - - [07/Aug/2015:06:58:21 +0800] "GET /content/nav/relationSubject.jsp?relationWords=%E4%B8%8A%E8%AB%AD+%E7%A7%BB%E6%9C%83+&oid=2628441 HTTP/1.1" 200 3102
66.249.71.54 - - [07/Aug/2015:06:58:22 +0800] "GET /content/nav/relationSubject.jsp?relationWords=%E4%B8%8A%E8%AB%AD%20%E7%A7%BB%E6%9C%83%20&oid=2628441 HTTP/1.1" 200 3102
66.249.71.121 - - [07/Aug/2015:06:58:32 +0800] "GET /content/repository/resource_content.jsp?oid=1552757&queryType=qs&queryString=%E4%B8%8A%E6%BC%B2 HTTP/1.1" 200 30167
66.249.71.64 - - [07/Aug/2015:06:58:56 +0800] "GET /content/nav/relationSubject.jsp?relationWords=%E6%96%91%E9%B3%A9%E8%8F%8A%20%E6%96%91%E9%B3%A9%E8%8F%8A%E5%B1%AC%20%E6%A4%8D%E7%89%A9%E7%95%8C%20%E8%8F%8A%E7%A7%91%20%E9%9B%99%E5%AD%90%E8%91%89%E6%A4%8D%E7%89%A9%20&oid=1459143 HTTP/1.1" 200 3466
66.249.71.64 - - [07/Aug/2015:06:59:17 +0800] "GET /content/subject/resource_content.jsp?oid=16777443 HTTP/1.1" 200 40047
66.249.71.60 - - [07/Aug/2015:06:59:41 +0800] "GET /content/nav/relationSubject.jsp?relationWords=%E5%8D%91%E5%8D%97%E6%97%8F+&oid=1779780 HTTP/1.1" 200 3206
66.249.71.60 - - [07/Aug/2015:06:59:43 +0800] "GET /content/nav/relationSubject.jsp?relationWords=%E5%8D%91%E5%8D%97%E6%97%8F%20&oid=1779780 HTTP/1.1" 200 3206
66.249.71.72 - - [07/Aug/2015:06:59:59 +0800] "GET /content/repository/resource_content.jsp?oid=1114931 HTTP/1.1" 200 31028
66.249.79.19 - - [07/Aug/2015:07:00:01 +0800] "GET /content/nav/relationSubject.jsp?relationWords=%E4%BE%AF%E5%9D%8A+%E5%96%AE%E8%89%B2+&oid=194502 HTTP/1.1" 200 3227
66.249.71.64 - - [07/Aug/2015:07:00:06 +0800] "GET /content/nav/relationSubject.jsp?relationWords=%E4%BE%AF%E5%9D%8A%20%E5%96%AE%E8%89%B2%20&oid=194502 HTTP/1.1" 200 3227
66.249.71.60 - - [07/Aug/2015:07:00:20 +0800] "GET /content/repository/resource_content.jsp?oid=1851377 HTTP/1.1" 200 29342
66.249.71.121 - - [07/Aug/2015:07:00:50 +0800] "GET /content/repository/resource_content.jsp?oid=4364670&queryType=qs&queryString=%E7%AB%A5%E8%A1%A3 HTTP/1.1" 200 29189
66.249.71.60 - - [07/Aug/2015:07:02:05 +0800] "GET /content/repository/resource_content.jsp?oid=1123349 HTTP/1.1" 200 28679
66.249.71.64 - - [07/Aug/2015:07:02:47 +0800] "GET /content/pictures/picture_content.jsp?oid=33554801 HTTP/1.1" 200 27549
123.125.71.86 - - [07/Aug/2015:07:02:51 +0800] "GET /content/subject/resource_content.jsp?oid=16777507&queryType=qc HTTP/1.1" 200 49380
123.125.71.15 - - [07/Aug/2015:07:03:04 +0800] "GET /content/nav/relationSubject.jsp?relationWords=%E5%85%AC%E6%B0%91%E6%96%B0%E8%81%9E+%E6%95%B8%E4%BD%8D%E5%85%B8%E8%97%8F+%E9%9B%BB%E5%AD%90%E5%A0%B1+&oid=16777507 HTTP/1.1" 200 5994
66.249.71.72 - - [07/Aug/2015:07:03:05 +0800] "GET /content/nav/relationSubject.jsp?relationWords=%E5%96%AE%E8%89%B2+%E6%99%89%E5%86%80%E9%AD%AF%E8%B1%AB+%E6%B1%BE%E9%99%BD%E7%B8%A3+&oid=190794 HTTP/1.1" 200 3350
66.249.71.121 - - [07/Aug/2015:07:03:06 +0800] "GET /content/repository/resource_content.jsp?oid=2470251&queryType=qs&queryString=%E5%8C%97%E5%9C%92%E5%85%8B%E8%A1%9B HTTP/1.1" 200 30481
66.249.71.60 - - [07/Aug/2015:07:03:07 +0800] "GET /content/nav/relationSubject.jsp?relationWords=%E5%96%AE%E8%89%B2%20%E6%99%89%E5%86%80%E9%AD%AF%E8%B1%AB%20%E6%B1%BE%E9%99%BD%E7%B8%A3%20&oid=190794 HTTP/1.1" 200 3350
66.249.71.60 - - [07/Aug/2015:07:03:08 +0800] "GET /content/repository/resource_content.jsp?oid=1853229 HTTP/1.1" 200 29497
66.249.71.64 - - [07/Aug/2015:07:03:29 +0800] "GET /content/repository/resource_content.jsp?oid=1824057 HTTP/1.1" 200 28726
66.249.71.60 - - [07/Aug/2015:07:03:31 +0800] "GET /content/nav/relationSubject.jsp?relationWords=%E9%BE%9C%E7%94%B2%E5%8D%9C%E8%BE%AD%E6%AE%98%E7%89%87+&oid=1859513 HTTP/1.1" 200 3071
66.249.71.60 - - [07/Aug/2015:07:03:34 +0800] "GET /content/nav/relationSubject.jsp?relationWords=%E9%BE%9C%E7%94%B2%E5%8D%9C%E8%BE%AD%E6%AE%98%E7%89%87%20&oid=1859513 HTTP/1.1" 200 3071
66.249.79.32 - - [07/Aug/2015:07:03:50 +0800] "GET /content/repository/resource_content.jsp?oid=787246 HTTP/1.1" 200 27849
66.249.71.72 - - [07/Aug/2015:07:03:53 +0800] "GET /content/nav/relationSubject.jsp?relationWords=%E7%9B%9B%E5%85%B7+%E9%9B%85%E7%BE%8E%E6%97%8F+%E9%AD%9A%E9%89%A4%E7%9B%92+&oid=1781330 HTTP/1.1" 200 3077
68.180.228.24 - - [07/Aug/2015:07:03:58 +0800] "GET /content/pictures/picture_content.jsp?oid=33554739 HTTP/1.1" 200 27687
66.249.71.60 - - [07/Aug/2015:07:04:00 +0800] "GET /content/nav/relationSubject.jsp?relationWords=%E7%9B%9B%E5%85%B7%20%E9%9B%85%E7%BE%8E%E6%97%8F%20%E9%AD%9A%E9%89%A4%E7%9B%92%20&oid=1781330 HTTP/1.1" 200 3077
66.249.79.32 - - [07/Aug/2015:07:04:09 +0800] "GET /content/nav/relationSubject.jsp?relationWords=%E7%9B%94%E9%A0%82%E7%AE%A1+&oid=1848074 HTTP/1.1" 200 2990
66.249.71.72 - - [07/Aug/2015:07:04:11 +0800] "GET /content/repository/resource_content.jsp?oid=2566105 HTTP/1.1" 200 28937
66.249.71.64 - - [07/Aug/2015:07:04:11 +0800] "GET /content/nav/relationSubject.jsp?relationWords=%E7%9B%94%E9%A0%82%E7%AE%A1%20&oid=1848074 HTTP/1.1" 200 2990
66.249.71.72 - - [07/Aug/2015:07:04:39 +0800] "GET /content/nav/relationSubject.jsp?relationWords=%E5%90%B3%E5%AE%B6%E6%BA%9D+%E9%99%B8%E6%B8%AC%E5%9C%96+&oid=177568 HTTP/1.1" 200 3129
66.249.79.45 - - [07/Aug/2015:07:04:41 +0800] "GET /content/nav/relationSubject.jsp?relationWords=%E5%90%B3%E5%AE%B6%E6%BA%9D%20%E9%99%B8%E6%B8%AC%E5%9C%96%20&oid=177568 HTTP/1.1" 200 3129
66.249.71.3 - - [07/Aug/2015:07:04:53 +0800] "GET /content/repository/resource_content.jsp?oid=2516275&queryType=qs&queryString=%E6%B2%82%E9%8E%AE HTTP/1.1" 200 29730
66.249.71.14 - - [07/Aug/2015:07:05:14 +0800] "GET /content/repository/resource_content.jsp?oid=2635680&queryType=qs&queryString=%E5%AE%98%E8%A8%AD HTTP/1.1" 200 29817
66.249.71.113 - - [07/Aug/2015:07:05:24 +0800] "GET /content/repository/resource_content.jsp?oid=2595809&queryType=qs&queryString=%E9%9F%8B%E6%B0%8F HTTP/1.1" 200 29010
66.249.71.72 - - [07/Aug/2015:07:05:36 +0800] "GET /content/nav/relationSubject.jsp?relationWords=%E5%9C%B0%E5%BD%A2%E5%9C%96+%E8%A5%BF%E7%91%81+&oid=189455 HTTP/1.1" 200 3081
66.249.71.60 - - [07/Aug/2015:07:05:39 +0800] "GET /content/nav/relationSubject.jsp?relationWords=%E5%9C%B0%E5%BD%A2%E5%9C%96%20%E8%A5%BF%E7%91%81%20&oid=189455 HTTP/1.1" 200 3081
66.249.71.127 - - [07/Aug/2015:07:05:56 +0800] "GET /content/repository/resource_content.jsp?oid=2686332&queryType=qs&queryString=%E5%BE%8B%E6%9D%96 HTTP/1.1" 200 30488
66.249.71.36 - - [07/Aug/2015:07:06:38 +0800] "GET /content/subject/resource_content.jsp?oid=16777775&queryType=qs&queryString=%E9%9F%B3%E6%A8%82%E6%9C%83 HTTP/1.1" 200 37782
66.249.71.64 - - [07/Aug/2015:07:07:11 +0800] "GET /content/nav/relationSubject.jsp?relationWords=%E7%BE%88%E9%A3%BE+%E8%BB%8A%E9%A6%AC%E5%99%A8+&oid=1875883 HTTP/1.1" 200 3081
66.249.71.60 - - [07/Aug/2015:07:07:12 +0800] "GET /content/nav/relationSubject.jsp?relationWords=%E7%BE%88%E9%A3%BE%20%E8%BB%8A%E9%A6%AC%E5%99%A8%20&oid=1875883 HTTP/1.1" 200 3081
66.249.71.14 - - [07/Aug/2015:07:07:20 +0800] "GET /digiarch3/content/repository/resource_content.jsp?oid=2664746&queryString=%E6%AD%A6%E5%93%A1 HTTP/1.1" 200 30289
66.249.71.72 - - [07/Aug/2015:07:07:41 +0800] "GET /content/repository/resource_content.jsp?oid=1617080 HTTP/1.1" 200 29180
66.249.71.113 - - [07/Aug/2015:07:07:42 +0800] "GET /content/repository/resource_content.jsp?oid=2669096&queryType=qs&queryString=%E9%BB%98%E7%89%B9 HTTP/1.1" 200 29944
66.249.71.60 - - [07/Aug/2015:07:08:02 +0800] "GET /content/repository/resource_content.jsp?oid=1108845&queryString=%E6%9C%A8%E8%96%91%E5%AD%90%E5%B1%AC%20%E6%A4%8D%E7%89%A9%E7%95%8C%20%E6%A8%9F%E7%A7%91%20%E9%9C%A7%E7%A4%BE%E6%9C%A8%E8%96%91%E5%AD%90 HTTP/1.1" 200 31755
66.249.71.64 - - [07/Aug/2015:07:08:20 +0800] "GET /content/nav/relationSubject.jsp?relationWords=%E5%96%AE%E8%89%B2+%E6%9D%B1%E5%8C%97%E5%9C%B0%E5%8D%80+&oid=196298 HTTP/1.1" 200 3257
66.249.71.72 - - [07/Aug/2015:07:08:22 +0800] "GET /content/nav/relationSubject.jsp?relationWords=%E5%96%AE%E8%89%B2%20%E6%9D%B1%E5%8C%97%E5%9C%B0%E5%8D%80%20&oid=196298 HTTP/1.1" 200 3257
66.249.79.32 - - [07/Aug/2015:07:08:24 +0800] "GET /content/repository/resource_content.jsp?oid=1898984&queryString=%E5%B7%A5%E7%A8%8B%E8%B2%BB%20%E7%81%AB%E7%A0%B2%20%E7%9F%B3%E9%96%80%E6%B0%B4%E5%BA%AB%20%E8%BE%B2%E7%94%B0%E6%B0%B4%E5%88%A9%E6%9C%83 HTTP/1.1" 200 31008
66.249.71.72 - - [07/Aug/2015:07:08:39 +0800] "GET /content/nav/relationSubject.jsp?relationWords=&oid=2577486 HTTP/1.1" 200 1405
66.249.71.64 - - [07/Aug/2015:07:08:40 +0800] "GET /content/nav/relationSubject.jsp?relationWords=%E4%B8%AD%E5%9C%8B%E8%BC%BF%E5%9C%96+%E5%85%8B%E4%BB%80+%E7%B1%B3%E7%88%BE+&oid=188549 HTTP/1.1" 200 3190
66.249.71.60 - - [07/Aug/2015:07:08:43 +0800] "GET /content/nav/relationSubject.jsp?relationWords=%E4%B8%AD%E5%9C%8B%E8%BC%BF%E5%9C%96%20%E5%85%8B%E4%BB%80%20%E7%B1%B3%E7%88%BE%20&oid=188549 HTTP/1.1" 200 3190
66.249.71.3 - - [07/Aug/2015:07:08:44 +0800] "GET /content/repository/resource_content.jsp?oid=14963&queryString=%E6%A7%8D%E9%A0%AD%E7%9F%B3%E6%96%91%E9%AD%9A%20%E9%81%8E%E9%AD%9A%20%E9%9E%8D%E5%B8%B6%E7%9F%B3%E6%96%91%E9%AD%9A%20%E9%AE%A8%E7%A7%91%20%E9%BE%8D%E8%86%BD%E7%9F%B3%E6%96%91 HTTP/1.1" 200 34384
66.249.71.64 - - [07/Aug/2015:07:09:05 +0800] "GET /content/subject/resource_content.jsp?oid=16777721&queryString=%E6%A4%8D%E7%89%A9%E7%95%8C%20%E7%8E%89%E5%B1%B1%E8%96%84%E9%9B%AA%E8%8D%89%20%E8%8F%8A%E7%A7%91%20%E8%96%84%E9%9B%AA%E8%8D%89%E5%B1%AC%20%E9%9B%99%E5%AD%90%E8%91%89%E6%A4%8D%E7%89%A9 HTTP/1.1" 200 36216
66.249.71.60 - - [07/Aug/2015:07:09:07 +0800] "GET /content/nav/relationSubject.jsp?relationWords=%E5%9C%93%E5%BD%A2%E9%AD%9A%E7%B6%B2+%E6%B3%B0%E9%9B%85%E6%97%8F+&oid=1782993 HTTP/1.1" 200 3794
66.249.71.60 - - [07/Aug/2015:07:09:09 +0800] "GET /content/nav/relationSubject.jsp?relationWords=%E5%9C%93%E5%BD%A2%E9%AD%9A%E7%B6%B2%20%E6%B3%B0%E9%9B%85%E6%97%8F%20&oid=1782993 HTTP/1.1" 200 3794
66.249.71.60 - - [07/Aug/2015:07:09:26 +0800] "GET /content/repository/resource_content.jsp?oid=1840509 HTTP/1.1" 200 28745
66.249.71.72 - - [07/Aug/2015:07:09:34 +0800] "GET /content/nav/relationSubject.jsp?relationWords=%E8%B1%B9%E9%B0%A8+%E9%B0%A8%E7%A7%91+&oid=18860 HTTP/1.1" 200 3169
66.249.71.72 - - [07/Aug/2015:07:09:36 +0800] "GET /content/nav/relationSubject.jsp?relationWords=%E8%B1%B9%E9%B0%A8%20%E9%B0%A8%E7%A7%91%20&oid=18860 HTTP/1.1" 200 3169
66.249.71.45 - - [07/Aug/2015:07:09:38 +0800] "GET /content/nav/relationSubject.jsp?relationWords=%E5%B7%A1%E6%8D%95%E7%87%9F+%E6%8F%90%E7%9D%A3+%E7%BC%BA%E4%BA%8B+&oid=2689319 HTTP/1.1" 200 4084
66.249.71.54 - - [07/Aug/2015:07:09:42 +0800] "GET /content/nav/relationSubject.jsp?relationWords=%E5%B7%A1%E6%8D%95%E7%87%9F%20%E6%8F%90%E7%9D%A3%20%E7%BC%BA%E4%BA%8B%20&oid=2689319 HTTP/1.1" 200 4084
66.249.71.72 - - [07/Aug/2015:07:09:47 +0800] "GET /content/repository/resource_content.jsp?oid=1596672 HTTP/1.1" 200 28694
66.249.71.105 - - [07/Aug/2015:07:09:59 +0800] "GET /content/repository/resource_content.jsp?oid=4387982&queryType=qs&queryString=%E8%B1%90%E5%B9%B4%E7%A5%AD HTTP/1.1" 200 31551
66.249.71.72 - - [07/Aug/2015:07:10:06 +0800] "GET /content/nav/relationSubject.jsp?relationWords=%E9%AA%A8%E7%AE%AD%E9%A0%AD+&oid=1862305 HTTP/1.1" 200 2990
66.249.71.64 - - [07/Aug/2015:07:10:08 +0800] "GET /content/repository/resource_content.jsp?oid=1573770 HTTP/1.1" 200 28663
66.249.71.64 - - [07/Aug/2015:07:10:08 +0800] "GET /content/nav/relationSubject.jsp?relationWords=%E9%AA%A8%E7%AE%AD%E9%A0%AD%20&oid=1862305 HTTP/1.1" 200 2990
66.249.71.60 - - [07/Aug/2015:07:10:10 +0800] "GET /content/nav/relationSubject.jsp?relationWords=%E5%9C%9F%E5%9C%B0%E5%88%A9%E7%94%A8+%E5%B0%96%E7%9F%B3+&oid=1776621 HTTP/1.1" 200 4359
66.249.71.60 - - [07/Aug/2015:07:10:14 +0800] "GET /content/nav/relationSubject.jsp?relationWords=%E5%9C%9F%E5%9C%B0%E5%88%A9%E7%94%A8%20%E5%B0%96%E7%9F%B3%20&oid=1776621 HTTP/1.1" 200 4359
66.249.71.5 - - [07/Aug/2015:07:10:29 +0800] "GET /digiarch3/content/subject/resource_content.jsp?oid=16777488&queryType=qs&queryString=%E9%9B%8C%E6%80%A7 HTTP/1.1" 200 60944
66.249.71.72 - - [07/Aug/2015:07:10:31 +0800] "GET /content/nav/relationSubject.jsp?relationWords=%E9%BE%9C%E7%94%B2%E5%8D%9C%E8%BE%AD%E6%AE%98%E7%89%87+&oid=1840434 HTTP/1.1" 200 3071
66.249.71.72 - - [07/Aug/2015:07:10:32 +0800] "GET /content/nav/relationSubject.jsp?relationWords=%E9%BE%9C%E7%94%B2%E5%8D%9C%E8%BE%AD%E6%AE%98%E7%89%87%20&oid=1840434 HTTP/1.1" 200 3071
66.249.71.60 - - [07/Aug/2015:07:10:45 +0800] "GET /content/nav/relationSubject.jsp?relationWords=%E8%9D%AE%E9%AF%99+&oid=19402 HTTP/1.1" 200 3413
66.249.71.72 - - [07/Aug/2015:07:10:47 +0800] "GET /content/nav/relationSubject.jsp?relationWords=%E8%9D%AE%E9%AF%99%20&oid=19402 HTTP/1.1" 200 3413
66.249.71.113 - - [07/Aug/2015:07:10:50 +0800] "GET /content/repository/resource_content.jsp?oid=612293&queryType=qs&queryString=%E8%AD%A6%E5%AF%9F%E7%BD%B2 HTTP/1.1" 200 28582
66.249.71.60 - - [07/Aug/2015:07:11:10 +0800] "GET /content/tmp_exh/resource_content.jsp?oid=16777807&queryString= HTTP/1.1" 200 35350
66.249.71.72 - - [07/Aug/2015:07:11:11 +0800] "GET /content/nav/relationSubject.jsp?relationWords=%E5%8C%97%E5%B2%B8%E5%9C%96+%E9%B4%A8%E7%B6%A0%E6%B1%9F+&oid=188636 HTTP/1.1" 200 3126
66.249.71.72 - - [07/Aug/2015:07:11:13 +0800] "GET /content/nav/relationSubject.jsp?relationWords=%E5%8C%97%E5%B2%B8%E5%9C%96%20%E9%B4%A8%E7%B6%A0%E6%B1%9F%20&oid=188636 HTTP/1.1" 200 3126
66.249.71.60 - - [07/Aug/2015:07:11:32 +0800] "GET /content/repository/resource_content.jsp?oid=2146555&queryString=%E5%B1%B1%E9%BB%91%20%E5%B1%B1%E9%BB%91%E6%89%81%E8%B1%86%E5%B1%AC%20%E6%A4%8D%E7%89%A9%E7%95%8C%20%E8%A0%B6%E8%B1%86%20%E9%9B%99%E5%AD%90%E8%91%89%E6%A4%8D%E7%89%A9 HTTP/1.1" 200 31350
66.249.71.113 - - [07/Aug/2015:07:12:16 +0800] "GET /content/repository/resource_content.jsp?oid=4387895&queryType=qs&queryString=%E6%89%93%E8%80%B3%E7%A5%AD HTTP/1.1" 200 30835
66.249.71.60 - - [07/Aug/2015:07:12:29 +0800] "GET /content/nav/relationSubject.jsp?relationWords=%E6%8B%93%E7%89%87+%E7%94%B2%E9%AA%A8%E6%96%87+&oid=1826333 HTTP/1.1" 200 4578
66.249.71.72 - - [07/Aug/2015:07:12:31 +0800] "GET /content/nav/relationSubject.jsp?relationWords=%E6%8B%93%E7%89%87%20%E7%94%B2%E9%AA%A8%E6%96%87%20&oid=1826333 HTTP/1.1" 200 4578
66.249.79.236 - - [07/Aug/2015:07:12:34 +0800] "GET /content/repository/resource_content.jsp?oid=2656450&queryType=qs&queryString=%E6%AD%A3%E9%BB%83%E6%97%97 HTTP/1.1" 200 30553
66.249.71.60 - - [07/Aug/2015:07:12:46 +0800] "GET /content/nav/relationSubject.jsp?relationWords=%E7%AC%9B%E9%AF%9B%E7%A7%91+%E9%9A%86%E8%83%8C%E7%AC%9B%E9%AF%9B+&oid=17461 HTTP/1.1" 200 3250
66.249.71.64 - - [07/Aug/2015:07:12:47 +0800] "GET /content/nav/relationSubject.jsp?relationWords=%E7%AC%9B%E9%AF%9B%E7%A7%91%20%E9%9A%86%E8%83%8C%E7%AC%9B%E9%AF%9B%20&oid=17461 HTTP/1.1" 200 3250
66.249.71.72 - - [07/Aug/2015:07:12:55 +0800] "GET /content/subject/resource_content.jsp?oid=16797297&queryType=qc HTTP/1.1" 200 67887
66.249.71.72 - - [07/Aug/2015:07:13:28 +0800] "GET /content/nav/relationSubject.jsp?relationWords=%E7%B7%A9%E9%81%A0+%E9%99%B8%E6%B8%AC%E5%9C%96+%E9%9F%BF%E6%B0%B4%E5%A0%A1+&oid=180168 HTTP/1.1" 200 3164
66.249.71.72 - - [07/Aug/2015:07:13:30 +0800] "GET /content/nav/relationSubject.jsp?relationWords=%E7%B7%A9%E9%81%A0%20%E9%99%B8%E6%B8%AC%E5%9C%96%20%E9%9F%BF%E6%B0%B4%E5%A0%A1%20&oid=180168 HTTP/1.1" 200 3164
66.249.71.64 - - [07/Aug/2015:07:13:42 +0800] "GET /content/nav/relationSubject.jsp?relationWords=%E5%96%AE%E8%89%B2+&oid=201694 HTTP/1.1" 200 3192
66.249.71.72 - - [07/Aug/2015:07:13:45 +0800] "GET /content/nav/relationSubject.jsp?relationWords=%E5%96%AE%E8%89%B2%20&oid=201694 HTTP/1.1" 200 3192
66.249.71.64 - - [07/Aug/2015:07:13:53 +0800] "GET /content/nav/relationSubject.jsp?relationWords=&oid=2590178 HTTP/1.1" 200 1405
66.249.71.3 - - [07/Aug/2015:07:13:58 +0800] "GET /content/subject/resource_content.jsp?oid=16777328&queryType=qc HTTP/1.1" 200 35573
66.249.71.64 - - [07/Aug/2015:07:14:01 +0800] "GET /content/nav/relationSubject.jsp?relationWords=%E5%8D%9C%E8%BE%AD%E6%AE%98%E7%89%87+%E7%8D%B8%E9%AA%A8%E5%8D%9C%E8%BE%AD+&oid=1868022 HTTP/1.1" 200 3118
66.249.71.64 - - [07/Aug/2015:07:14:05 +0800] "GET /content/nav/relationSubject.jsp?relationWords=%E5%8D%9C%E8%BE%AD%E6%AE%98%E7%89%87%20%E7%8D%B8%E9%AA%A8%E5%8D%9C%E8%BE%AD%20&oid=1868022 HTTP/1.1" 200 3118
66.249.71.60 - - [07/Aug/2015:07:14:27 +0800] "GET /content/nav/relationSubject.jsp?relationWords=&oid=2533303 HTTP/1.1" 200 1405
66.249.71.60 - - [07/Aug/2015:07:14:31 +0800] "GET /content/nav/relationSubject.jsp?relationWords=%E9%BE%9C%E8%85%B9%E7%94%B2+&oid=1838088 HTTP/1.1" 200 3026
66.249.71.72 - - [07/Aug/2015:07:14:33 +0800] "GET /content/nav/relationSubject.jsp?relationWords=%E9%BE%9C%E8%85%B9%E7%94%B2%20&oid=1838088 HTTP/1.1" 200 3026
66.249.71.72 - - [07/Aug/2015:07:14:41 +0800] "GET /content/nav/relationSubject.jsp?relationWords=%E9%99%B8%E6%B8%AC%E5%9C%96+&oid=178187 HTTP/1.1" 200 3079
66.249.71.60 - - [07/Aug/2015:07:14:42 +0800] "GET /content/nav/relationSubject.jsp?relationWords=%E6%8B%93%E7%89%87+%E7%94%B2%E9%AA%A8%E6%96%87+&oid=1824057 HTTP/1.1" 200 4578
66.249.71.72 - - [07/Aug/2015:07:14:43 +0800] "GET /content/nav/relationSubject.jsp?relationWords=%E9%99%B8%E6%B8%AC%E5%9C%96%20&oid=178187 HTTP/1.1" 200 3079
66.249.71.64 - - [07/Aug/2015:07:14:45 +0800] "GET /content/nav/relationSubject.jsp?relationWords=%E6%8B%93%E7%89%87%20%E7%94%B2%E9%AA%A8%E6%96%87%20&oid=1824057 HTTP/1.1" 200 4578
66.249.71.72 - - [07/Aug/2015:07:15:02 +0800] "GET /content/nav/relationSubject.jsp?relationWords=%E6%99%AE%E6%9F%A5+&oid=1615711 HTTP/1.1" 200 5658
66.249.79.19 - - [07/Aug/2015:07:15:04 +0800] "GET /content/nav/relationSubject.jsp?relationWords=%E6%99%AE%E6%9F%A5%20&oid=1615711 HTTP/1.1" 200 5658
66.249.71.54 - - [07/Aug/2015:07:15:09 +0800] "GET /content/nav/relationSubject.jsp?relationWords=%E5%96%AE%E6%A3%98%E8%BA%84%E9%AD%9A+%E8%BA%84%E9%AD%9A+%E8%BA%84%E9%AD%9A%E7%A7%91+&oid=14620 HTTP/1.1" 200 4181
66.249.71.36 - - [07/Aug/2015:07:15:11 +0800] "GET /content/nav/relationSubject.jsp?relationWords=%E5%96%AE%E6%A3%98%E8%BA%84%E9%AD%9A%20%E8%BA%84%E9%AD%9A%20%E8%BA%84%E9%AD%9A%E7%A7%91%20&oid=14620 HTTP/1.1" 200 4181
66.249.71.60 - - [07/Aug/2015:07:15:13 +0800] "GET /content/nav/relationSubject.jsp?relationWords=%E9%BE%9C%E7%94%B2%E5%8D%9C%E8%BE%AD%E6%AE%98%E7%89%87+&oid=1835302 HTTP/1.1" 200 3071
66.249.71.60 - - [07/Aug/2015:07:15:16 +0800] "GET /content/nav/relationSubject.jsp?relationWords=%E9%BE%9C%E7%94%B2%E5%8D%9C%E8%BE%AD%E6%AE%98%E7%89%87%20&oid=1835302 HTTP/1.1" 200 3071
66.249.71.23 - - [07/Aug/2015:07:15:43 +0800] "GET /digiarch3/content/subject/resource_content.jsp?oid=16797271&queryType=qc HTTP/1.1" 200 55170
66.249.71.54 - - [07/Aug/2015:07:16:46 +0800] "GET /content/repository/resource_content.jsp?oid=4362012&queryString=%E6%B3%95%E4%B8%BB%E5%85%AC HTTP/1.1" 200 28117
207.46.13.51 - - [07/Aug/2015:07:16:47 +0800] "GET /content/nav/relationSubject.jsp?relationWords=%E6%9E%97%E7%A5%96%E5%A3%BD+&oid=16777654 HTTP/1.1" 200 2333
66.249.71.105 - - [07/Aug/2015:07:16:50 +0800] "GET /content/repository/resource_content.jsp?oid=2470450&queryType=qs&queryString=%E8%A5%BF%E9%81%8A%E8%A8%98 HTTP/1.1" 200 30339
66.249.71.5 - - [07/Aug/2015:07:17:08 +0800] "GET /digiarch3/content/subject/resource_content.jsp?oid=16777485&queryType=qc HTTP/1.1" 200 39414
71.198.201.129 - - [07/Aug/2015:07:17:09 +0800] "GET /content/nav/relationSubject.jsp?relationWords=%E7%B4%AB%E8%96%87+&oid=16777424 HTTP/1.1" 200 4000
66.249.71.119 - - [07/Aug/2015:07:17:28 +0800] "GET /content/subject/resource_content.jsp?oid=16777485&queryType=qc HTTP/1.1" 200 39423
66.249.71.64 - - [07/Aug/2015:07:17:50 +0800] "GET /content/nav/relationSubject.jsp?relationWords=%E5%BC%B5%E6%B8%85%E8%8A%B3+%E6%9E%97%E5%AE%97%E7%94%B7+&oid=1894185 HTTP/1.1" 200 3788
66.249.71.60 - - [07/Aug/2015:07:17:51 +0800] "GET /content/nav/relationSubject.jsp?relationWords=%E5%BC%B5%E6%B8%85%E8%8A%B3%20%E6%9E%97%E5%AE%97%E7%94%B7%20&oid=1894185 HTTP/1.1" 200 3788
66.249.71.45 - - [07/Aug/2015:07:18:10 +0800] "GET /content/subject/resource_content.jsp?oid=16777485&queryType=qc HTTP/1.1" 200 39416
66.249.71.64 - - [07/Aug/2015:07:18:31 +0800] "GET /content/repository/resource_content.jsp?oid=1104302 HTTP/1.1" 200 30919
123.125.71.28 - - [07/Aug/2015:07:18:39 +0800] "GET /content/repository/resource_content.jsp?oid=2683560 HTTP/1.1" 200 30452
220.181.108.94 - - [07/Aug/2015:07:18:55 +0800] "GET /content/nav/relationSubject.jsp?relationWords=%E4%B8%8A%E8%AB%AD%E4%BA%8B+&oid=2683560 HTTP/1.1" 200 3030
66.249.71.113 - - [07/Aug/2015:07:19:08 +0800] "GET /content/repository/resource_content.jsp?oid=4352118&queryType=qs&queryString=%E6%9C%88%E9%AD%9A HTTP/1.1" 200 34383
66.249.71.72 - - [07/Aug/2015:07:19:12 +0800] "GET /content/nav/relationSubject.jsp?relationWords=%E5%96%AE%E8%89%B2+%E7%A3%A8%E7%9F%B3%E6%BA%9D+&oid=193911 HTTP/1.1" 200 3242
66.249.71.72 - - [07/Aug/2015:07:19:13 +0800] "GET /content/nav/relationSubject.jsp?relationWords=%E5%96%AE%E8%89%B2%20%E7%A3%A8%E7%9F%B3%E6%BA%9D%20&oid=193911 HTTP/1.1" 200 3242
66.249.71.105 - - [07/Aug/2015:07:19:34 +0800] "GET /content/repository/resource_content.jsp?oid=4362296&queryType=qs&queryString=%E9%BB%91%E4%BB%A4%E6%97%97 HTTP/1.1" 200 28057
66.249.71.72 - - [07/Aug/2015:07:19:41 +0800] "GET /content/nav/relationSubject.jsp?relationWords=&oid=2593606 HTTP/1.1" 200 1405
66.249.71.113 - - [07/Aug/2015:07:20:04 +0800] "GET /content/nav/relationSubject.jsp?relationWords=&oid=2688667 HTTP/1.1" 200 1405
66.249.71.121 - - [07/Aug/2015:07:20:06 +0800] "GET /content/nav/relationSubject.jsp?relationWords=%E6%BC%A2%E7%A5%A8%20%E7%84%A1%E9%87%8F%E5%A3%BD%E4%BD%9B%20%E7%A5%A8%E7%B0%BD%20&oid=2668696 HTTP/1.1" 200 3196
66.249.71.72 - - [07/Aug/2015:07:20:07 +0800] "GET /content/nav/relationSubject.jsp?relationWords=%E7%9F%B3%E5%B5%8C%E7%89%87+&oid=1851377 HTTP/1.1" 200 3026
66.249.71.64 - - [07/Aug/2015:07:20:09 +0800] "GET /content/nav/relationSubject.jsp?relationWords=%E7%9F%B3%E5%B5%8C%E7%89%87%20&oid=1851377 HTTP/1.1" 200 3026
66.249.71.64 - - [07/Aug/2015:07:20:21 +0800] "GET /content/nav/relationSubject.jsp?relationWords=%E8%BB%8A%E9%A6%AC%E5%99%A8+%E8%BB%9B%E8%B6%B3%E9%A3%BE+&oid=1880271 HTTP/1.1" 200 3040
66.249.71.72 - - [07/Aug/2015:07:20:31 +0800] "GET /content/nav/relationSubject.jsp?relationWords=%E8%BB%8A%E9%A6%AC%E5%99%A8%20%E8%BB%9B%E8%B6%B3%E9%A3%BE%20&oid=1880271 HTTP/1.1" 200 3040
66.249.71.64 - - [07/Aug/2015:07:21:10 +0800] "GET /content/nav/relationSubject.jsp?relationWords=%E5%B5%8C%E7%89%87+&oid=1879767 HTTP/1.1" 200 2987
66.249.71.64 - - [07/Aug/2015:07:21:12 +0800] "GET /content/nav/relationSubject.jsp?relationWords=%E5%B5%8C%E7%89%87%20&oid=1879767 HTTP/1.1" 200 2987
207.46.13.51 - - [07/Aug/2015:07:21:15 +0800] "GET /content/nav/relationSubject.jsp?relationWords=&oid=16777341 HTTP/1.1" 200 1405
66.249.71.64 - - [07/Aug/2015:07:21:16 +0800] "GET /content/nav/relationSubject.jsp?relationWords=&oid=16777689 HTTP/1.1" 200 1405
66.249.71.3 - - [07/Aug/2015:07:21:25 +0800] "GET /content/repository/resource_content.jsp?oid=1880275&queryType=qs&queryString=%E6%9E%92%E9%A3%BE HTTP/1.1" 200 30135
157.55.39.188 - - [07/Aug/2015:07:21:58 +0800] "GET /content/subject/resource_content.jsp?oid=16777270 HTTP/1.1" 200 33804
68.180.228.24 - - [07/Aug/2015:07:21:58 +0800] "GET /content/subject/resource_content.jsp?oid=16797290&queryType=qc HTTP/1.1" 200 48346
66.249.71.60 - - [07/Aug/2015:07:22:02 +0800] "GET /content/repository/resource_content.jsp?oid=4363155&queryString=%E4%BB%B2%E7%94%B1%20%E6%9D%B5%E8%87%BC HTTP/1.1" 200 28152
66.249.71.60 - - [07/Aug/2015:07:22:22 +0800] "GET /content/pictures/picture_content.jsp?oid=33554825&classify=2761 HTTP/1.1" 200 27862
66.249.79.45 - - [07/Aug/2015:07:22:32 +0800] "GET /content/nav/relationSubject.jsp?relationWords=%E6%BC%A2%E8%BB%8D+%E8%81%B7%E5%90%8D%E9%A1%8C+%E9%A1%8C%E8%AB%8B%E8%A3%9C%E6%8E%88+&oid=2558665 HTTP/1.1" 200 3235
66.249.71.60 - - [07/Aug/2015:07:22:34 +0800] "GET /content/nav/relationSubject.jsp?relationWords=%E6%BC%A2%E8%BB%8D%20%E8%81%B7%E5%90%8D%E9%A1%8C%20%E9%A1%8C%E8%AB%8B%E8%A3%9C%E6%8E%88%20&oid=2558665 HTTP/1.1" 200 3235
66.249.71.113 - - [07/Aug/2015:07:22:35 +0800] "GET /content/nav/relationSubject.jsp?relationWords=%E9%9D%92%E9%8A%85%E5%88%80%E6%9F%84%20&oid=1843459 HTTP/1.1" 200 3008
66.249.71.127 - - [07/Aug/2015:07:23:25 +0800] "GET /content/repository/resource_content.jsp?oid=4362417&queryString=%E6%A1%83%E7%AC%A6%20%E7%A5%9E%E8%8D%BC%20%E9%AC%B1%E5%A3%98 HTTP/1.1" 200 28253
157.55.39.187 - - [07/Aug/2015:07:23:37 +0800] "GET /content/subject/resource_content.jsp?oid=16777304 HTTP/1.1" 200 36235
66.249.71.105 - - [07/Aug/2015:07:23:41 +0800] "GET /content/repository/resource_content.jsp?oid=2633534&queryType=qs&queryString=%E6%B1%9C%E6%B0%B4%E7%B8%A3 HTTP/1.1" 200 29730
66.249.71.60 - - [07/Aug/2015:07:23:46 +0800] "GET /content/repository/resource_content.jsp?oid=1890746 HTTP/1.1" 200 28348
157.55.39.188 - - [07/Aug/2015:07:23:57 +0800] "GET /content/subject/resource_content.jsp?oid=16777284 HTTP/1.1" 200 36937
157.55.39.187 - - [07/Aug/2015:07:24:16 +0800] "GET /content/nav/relationSubject.jsp?relationWords=%E9%BB%91%E6%9D%BF%E6%A8%B9+&oid=16777262 HTTP/1.1" 200 3253
66.249.71.64 - - [07/Aug/2015:07:24:32 +0800] "GET /content/nav/relationSubject.jsp?relationWords=&oid=2585424 HTTP/1.1" 200 1405
66.249.79.45 - - [07/Aug/2015:07:24:50 +0800] "GET /digiarch_en/content/repository/resource_content.jsp?oid=518214&queryString=%E4%BA%9E%E6%88%90%E9%AB%94%20%E5%B0%8F%E5%8D%B7%20%E7%9C%9F%E9%8E%96%E7%AE%A1%20%E9%80%8F%E6%8A%BD%20%E9%8E%96%E7%AE%A1%E5%B1%AC%20%E9%8E%96%E7%AE%A1%E7%A7%91%20%E9%A0%AD%E8%B6%B3%E7%B6%B1 HTTP/1.1" 200 24263
66.249.71.60 - - [07/Aug/2015:07:24:50 +0800] "GET /content/nav/relationSubject.jsp?relationWords=%E9%99%B8%E6%B8%AC%E5%9C%96+%E9%AD%AF%E5%8F%B2+&oid=186370 HTTP/1.1" 200 3114
66.249.71.60 - - [07/Aug/2015:07:24:53 +0800] "GET /content/nav/relationSubject.jsp?relationWords=%E9%99%B8%E6%B8%AC%E5%9C%96%20%E9%AD%AF%E5%8F%B2%20&oid=186370 HTTP/1.1" 200 3114
66.249.71.72 - - [07/Aug/2015:07:25:05 +0800] "GET /content/nav/relationSubject.jsp?relationWords=%E4%BA%A4%E9%80%9A%E7%A7%A9%E5%BA%8F+%E8%B2%A8%E9%81%8B+%E9%80%9A%E8%B2%A8+&oid=1617080 HTTP/1.1" 200 3651
66.249.71.72 - - [07/Aug/2015:07:25:07 +0800] "GET /content/nav/relationSubject.jsp?relationWords=%E4%BA%A4%E9%80%9A%E7%A7%A9%E5%BA%8F%20%E8%B2%A8%E9%81%8B%20%E9%80%9A%E8%B2%A8%20&oid=1617080 HTTP/1.1" 200 3651
66.249.71.127 - - [07/Aug/2015:07:25:08 +0800] "GET /content/subject/resource_content.jsp?oid=16777721&queryType=qc HTTP/1.1" 200 36340
66.249.71.72 - - [07/Aug/2015:07:25:20 +0800] "GET /content/nav/relationSubject.jsp?relationWords=%E6%96%87%E5%8C%96%E8%97%9D%E8%A1%93+&oid=1775886 HTTP/1.1" 200 3704
66.249.71.64 - - [07/Aug/2015:07:25:22 +0800] "GET /content/nav/relationSubject.jsp?relationWords=%E6%96%87%E5%8C%96%E8%97%9D%E8%A1%93%20&oid=1775886 HTTP/1.1" 200 3704
66.249.71.60 - - [07/Aug/2015:07:25:57 +0800] "GET /content/nav/relationSubject.jsp?relationWords=%E6%B1%9D%E5%8D%97+%E9%99%B8%E6%B8%AC%E5%9C%96+&oid=174992 HTTP/1.1" 200 3116
66.249.71.121 - - [07/Aug/2015:07:25:59 +0800] "GET /content/repository/resource_content.jsp?oid=15290&queryType=qs&queryString=%E6%BF%B1%E9%AF%9B HTTP/1.1" 200 34749
66.249.71.64 - - [07/Aug/2015:07:26:00 +0800] "GET /content/nav/relationSubject.jsp?relationWords=%E6%B1%9D%E5%8D%97%20%E9%99%B8%E6%B8%AC%E5%9C%96%20&oid=174992 HTTP/1.1" 200 3116
66.249.71.105 - - [07/Aug/2015:07:26:00 +0800] "GET /content/nav/relationSubject.jsp?relationWords=&oid=2571415 HTTP/1.1" 200 1405
66.249.71.72 - - [07/Aug/2015:07:26:11 +0800] "GET /content/nav/relationSubject.jsp?relationWords=%E7%9F%B3%E7%9C%BC+&oid=1877136 HTTP/1.1" 200 2963
66.249.71.60 - - [07/Aug/2015:07:26:13 +0800] "GET /content/pictures/picture_content.jsp?oid=33554816 HTTP/1.1" 200 27829
66.249.71.72 - - [07/Aug/2015:07:26:13 +0800] "GET /content/nav/relationSubject.jsp?relationWords=%E7%9F%B3%E7%9C%BC%20&oid=1877136 HTTP/1.1" 200 2963
66.249.71.64 - - [07/Aug/2015:07:26:34 +0800] "GET /content/repository/resource_content.jsp?oid=1530004 HTTP/1.1" 200 28451
66.249.71.60 - - [07/Aug/2015:07:27:31 +0800] "GET /content/nav/relationSubject.jsp?relationWords=%E5%8F%B0%E7%81%A3%E5%8E%9F%E4%BD%8F%E6%B0%91+%E7%89%A9%E8%B3%AA%E6%96%87%E5%8C%96+%E8%B2%9D%E5%A1%9A+&oid=1776315 HTTP/1.1" 200 7463
66.249.71.60 - - [07/Aug/2015:07:27:33 +0800] "GET /content/nav/relationSubject.jsp?relationWords=%E5%8F%B0%E7%81%A3%E5%8E%9F%E4%BD%8F%E6%B0%91%20%E7%89%A9%E8%B3%AA%E6%96%87%E5%8C%96%20%E8%B2%9D%E5%A1%9A%20&oid=1776315 HTTP/1.1" 200 7463
66.249.71.72 - - [07/Aug/2015:07:27:39 +0800] "GET /content/subject/resource_content.jsp?oid=16777692 HTTP/1.1" 200 36451
66.249.71.60 - - [07/Aug/2015:07:27:44 +0800] "GET /content/repository/resource_content.jsp?oid=3818780&queryString=%E6%A4%8D%E7%89%A9%E7%95%8C%20%E6%A6%95%E5%B1%AC%20%E6%AD%A3%E6%A6%95 HTTP/1.1" 200 30848
66.249.79.161 - - [07/Aug/2015:07:27:53 +0800] "GET /content/repository/resource_content.jsp?oid=1887969&queryType=qs&queryString=%E6%9D%9C%E6%B8%85 HTTP/1.1" 200 31024
66.249.71.113 - - [07/Aug/2015:07:28:17 +0800] "GET /content/repository/resource_content.jsp?oid=2605591&queryType=qs&queryString=%E5%BC%AD%E7%9B%9C HTTP/1.1" 200 29575
207.46.13.51 - - [07/Aug/2015:07:28:56 +0800] "GET /content/subject/resource_content.jsp?oid=16777378 HTTP/1.1" 200 33340
66.249.71.59 - - [07/Aug/2015:07:28:59 +0800] "GET /content/nav/relationSubject.jsp?relationWords=%E9%BE%8D%E5%B1%B1%E6%96%87%E5%8C%96+&oid=16777626 HTTP/1.1" 200 1884
66.249.71.72 - - [07/Aug/2015:07:29:01 +0800] "GET /content/tmp_tec/resource_content.jsp?oid=16777714 HTTP/1.1" 200 38293
66.249.79.1 - - [07/Aug/2015:07:29:01 +0800] "GET /content/nav/relationSubject.jsp?relationWords=%E9%BE%8D%E5%B1%B1%E6%96%87%E5%8C%96%20&oid=16777626 HTTP/1.1" 200 1884
207.46.13.103 - - [07/Aug/2015:07:29:18 +0800] "GET /content/subject/resource_content.jsp?oid=16777260&queryType=qc HTTP/1.1" 200 38830
66.249.71.72 - - [07/Aug/2015:07:29:22 +0800] "GET /content/repository/resource_content.jsp?oid=1892947 HTTP/1.1" 200 28339
66.249.71.72 - - [07/Aug/2015:07:29:43 +0800] "GET /content/subject/resource_content.jsp?oid=16777728 HTTP/1.1" 200 65177
66.249.79.1 - - [07/Aug/2015:07:30:11 +0800] "GET /content/subject/resource_content.jsp?oid=16777446&queryType=qc HTTP/1.1" 200 42191
66.249.71.41 - - [07/Aug/2015:07:30:26 +0800] "GET /content/nav/relationSubject.jsp?relationWords=%E7%8D%B8%E9%9D%A2+%E7%94%B2%E9%A3%BE+&oid=16777621 HTTP/1.1" 200 3533
66.249.71.50 - - [07/Aug/2015:07:30:28 +0800] "GET /content/nav/relationSubject.jsp?relationWords=%E7%8D%B8%E9%9D%A2%20%E7%94%B2%E9%A3%BE%20&oid=16777621 HTTP/1.1" 200 3533
66.249.71.105 - - [07/Aug/2015:07:30:34 +0800] "GET /content/repository/resource_content.jsp?oid=2632891&queryType=qs&queryString=%E7%A0%8C%E7%9F%B3 HTTP/1.1" 200 29095
66.249.79.247 - - [07/Aug/2015:07:30:38 +0800] "GET /content/subject/resource_content.jsp?oid=16777404&queryType=qc HTTP/1.1" 200 27563
