125.227.221.73 - - [07/Aug/2015:00:49:57 +0800] "GET /content/nav/relationSubject.jsp?relationWords=GIS+%E6%95%B8%E4%BD%8D%E5%85%B8%E8%97%8F+%E9%81%99%E6%B8%AC+%E9%81%99%E6%B8%AC%E5%BD%B1%E5%83%8F+&oid=16777753 HTTP/1.1" 200 9620
66.249.71.60 - - [07/Aug/2015:00:49:57 +0800] "GET /content/nav/relationSubject.jsp?relationWords=%E5%85%AB%E6%96%97%E5%AD%90%20%E5%9F%BA%E9%9A%86%E6%B8%AF%20%E5%9F%BA%E9%9A%86%E6%B8%AF%E5%8B%99%E5%B1%80%20%E5%AE%89%E5%85%A8%E6%A1%88%20%E5%BC%B5%E6%8C%AF%20%E5%BC%B5%E6%8C%AF%E7%94%9F%20%E5%BC%B5%E6%8C%AF%E7%94%9F%E6%8F%90%20%E6%8C%AF%E7%94%9F%20%E6%B8%AF%E5%8B%99%20%E6%B8%AF%E5%8B%99%E5%B1%80%20%E6%BC%81%E7%AE%A1%E8%99%95%20%E7%9C%81%E6%94%BF%E5%BA%9C%20%E7%9C%81%E8%AD%B0%E6%9C%83%20%E8%87%A8%E6%99%82%E7%9C%81%E8%AD%B0%E6%9C%83%20%E8%87%BA%E7%81%A3%E7%9C%81%20&oid=1529828 HTTP/1.1" 200 6083
125.227.221.73 - - [07/Aug/2015:00:49:59 +0800] "GET /content/tmp_tec/resource_content.jsp?oid=16777837 HTTP/1.1" 200 35568
66.249.71.23 - - [07/Aug/2015:00:49:59 +0800] "GET /content/nav/relationSubject.jsp?relationWords=%E5%B7%A1%E6%8C%89+&oid=2517150 HTTP/1.1" 200 3096
125.227.221.73 - - [07/Aug/2015:00:49:59 +0800] "GET /content/nav/relationSubject.jsp?relationWords=%E6%96%87%E5%8C%96%E4%B8%AD%E5%BF%83+&oid=16777837 HTTP/1.1" 200 8899
66.249.71.14 - - [07/Aug/2015:00:50:01 +0800] "GET /content/nav/relationSubject.jsp?relationWords=%E5%B7%A1%E6%8C%89%20&oid=2517150 HTTP/1.1" 200 3096
125.227.221.73 - - [07/Aug/2015:00:50:18 +0800] "GET /content/tmp_exh/resource_content.jsp?oid=16777750&queryType=qc HTTP/1.1" 200 32507
125.227.221.73 - - [07/Aug/2015:00:50:18 +0800] "GET /content/nav/relationSubject.jsp?relationWords=&oid=16777750 HTTP/1.1" 200 1405
66.249.71.127 - - [07/Aug/2015:00:50:47 +0800] "GET /content/nav/relationSubject.jsp?relationWords=&oid=2660832 HTTP/1.1" 200 1405
66.249.71.64 - - [07/Aug/2015:00:50:55 +0800] "GET /content/nav/relationSubject.jsp?relationWords=&oid=2602606 HTTP/1.1" 200 1405
66.249.71.60 - - [07/Aug/2015:00:50:58 +0800] "GET /content/nav/relationSubject.jsp?relationWords=%E5%B7%A1%E6%8C%89+&oid=2548791 HTTP/1.1" 200 3096
66.249.79.32 - - [07/Aug/2015:00:50:59 +0800] "GET /content/nav/relationSubject.jsp?relationWords=%E5%B7%A1%E6%8C%89%20&oid=2548791 HTTP/1.1" 200 3096
66.249.71.3 - - [07/Aug/2015:00:51:47 +0800] "GET /content/nav/relationSubject.jsp?relationWords=&oid=2622279 HTTP/1.1" 200 1405
182.118.20.174 - - [07/Aug/2015:00:52:00 +0800] "GET /content/tmp_exh/resource_content.jsp?oid=16777771&queryType=qc%201890 HTTP/1.1" 200 33964
66.249.71.72 - - [07/Aug/2015:00:52:14 +0800] "GET /content/nav/relationSubject.jsp?relationWords=&oid=2580015 HTTP/1.1" 200 1405
66.249.71.64 - - [07/Aug/2015:00:52:41 +0800] "GET /content/nav/relationSubject.jsp?relationWords=%E9%AA%A8%E6%9F%B6+&oid=1851990 HTTP/1.1" 200 2975
66.249.71.60 - - [07/Aug/2015:00:52:43 +0800] "GET /content/nav/relationSubject.jsp?relationWords=%E9%AA%A8%E6%9F%B6%20&oid=1851990 HTTP/1.1" 200 2975
66.249.79.19 - - [07/Aug/2015:00:54:20 +0800] "GET /content/nav/relationSubject.jsp?relationWords=&oid=2603202 HTTP/1.1" 200 1405
66.249.71.23 - - [07/Aug/2015:00:54:23 +0800] "GET /digiarch3/content/repository/resource_content.jsp?oid=2670812&queryType=qs&queryString=%E8%B2%A2%E4%BD%BF HTTP/1.1" 200 30249
207.46.13.103 - - [07/Aug/2015:00:54:28 +0800] "GET /content/subject/resource_content.jsp?oid=16777435&queryType=qc HTTP/1.1" 200 28740
66.249.71.72 - - [07/Aug/2015:00:54:43 +0800] "GET /content/nav/relationSubject.jsp?relationWords=%E5%9C%8B%E6%A0%A1+&oid=1563553 HTTP/1.1" 200 3389
66.249.71.72 - - [07/Aug/2015:00:54:46 +0800] "GET /content/nav/relationSubject.jsp?relationWords=%E5%9C%8B%E6%A0%A1%20&oid=1563553 HTTP/1.1" 200 3389
66.249.71.60 - - [07/Aug/2015:00:55:19 +0800] "GET /content/repository/resource_content.jsp?oid=1625183 HTTP/1.1" 200 29123
92.106.242.160 - - [07/Aug/2015:00:55:19 +0800] "GET /content/subject/resource_content.jsp?oid=16777721&queryString=%E6%A4%8D%E7%89%A9%E7%95%8C%20%E7%8E%89%E5%B1%B1%E8%96%84%E9%9B%AA%E8%8D%89%20%E8%8F%8A%E7%A7%91%20%E8%96%84%E9%9B%AA%E8%8D%89%E5%B1%AC%20%E9%9B%99%E5%AD%90%E8%91%89%E6%A4%8D%E7%89%A9 HTTP/1.1" 200 36236
66.249.71.64 - - [07/Aug/2015:00:55:26 +0800] "GET /content/nav/relationSubject.jsp?relationWords=%E5%8D%97%E5%B1%AF%20%E5%B7%A1%E6%92%AB%20%E7%B1%B3%E8%B1%86%20%E7%B3%A7%E4%BA%8B%20%E9%8C%A2%E7%B3%A7%20&oid=2512591 HTTP/1.1" 200 5430
92.106.242.160 - - [07/Aug/2015:00:55:28 +0800] "GET /content/nav/relationSubject.jsp?relationWords=%E7%8E%89%E5%B1%B1%E8%96%84%E9%9B%AA%E8%8D%89+%E8%96%84%E9%9B%AA%E8%8D%89+&oid=16777721 HTTP/1.1" 200 3736
68.180.228.24 - - [07/Aug/2015:00:55:58 +0800] "GET /content/repository/resource_content.jsp?oid=523632&queryType=qc HTTP/1.1" 200 37875
66.249.79.106 - - [07/Aug/2015:00:57:12 +0800] "GET /content/subject/resource_content.jsp?oid=16777653&queryType=qs&queryString=%E8%87%BA%E7%81%A3%E7%94%A2%E6%A5%AD HTTP/1.1" 200 57807
66.249.71.72 - - [07/Aug/2015:00:57:16 +0800] "GET /content/nav/relationSubject.jsp?relationWords=%E5%90%8F%E9%83%A8+&oid=2665593 HTTP/1.1" 200 3101
66.249.79.32 - - [07/Aug/2015:00:57:18 +0800] "GET /content/nav/relationSubject.jsp?relationWords=%E5%90%8F%E9%83%A8%20&oid=2665593 HTTP/1.1" 200 3101
66.249.71.36 - - [07/Aug/2015:00:57:39 +0800] "GET /content/subject/resource_content.jsp?oid=16777483&queryString=%E5%85%AC%E5%85%B1%E8%A1%9B%E7%94%9F%20%E5%8F%B0%E7%81%A3%E5%8E%9F%E4%BD%8F%E6%B0%91%20%E5%AF%84%E7%94%9F%E8%9F%B2%20%E6%B4%BB%E7%92%B0 HTTP/1.1" 200 44089
66.249.71.127 - - [07/Aug/2015:00:57:44 +0800] "GET /content/nav/relationSubject.jsp?relationWords=&oid=2634974 HTTP/1.1" 200 1405
66.249.71.23 - - [07/Aug/2015:00:57:53 +0800] "GET /content/nav/relationSubject.jsp?relationWords=%E5%90%8F%E9%83%A8+&oid=2641203 HTTP/1.1" 200 3101
66.249.71.23 - - [07/Aug/2015:00:57:55 +0800] "GET /content/nav/relationSubject.jsp?relationWords=%E5%90%8F%E9%83%A8%20&oid=2641203 HTTP/1.1" 200 3101
66.249.71.14 - - [07/Aug/2015:00:58:07 +0800] "GET /digiarch3/content/repository/resource_content.jsp?oid=1811164&queryString=%E5%98%89%E7%A5%A5%20%E5%98%89%E7%A5%A5%E7%B8%A3%20%E5%B1%B1%E5%B7%A6%20%E9%A1%8C%E8%A8%98 HTTP/1.1" 200 47828
14.199.146.9 - - [07/Aug/2015:00:58:07 +0800] "GET /content/nav/relationSubject.jsp?relationWords=%E7%9B%B8%E6%80%9D%E6%A8%B9+&oid=16777519 HTTP/1.1" 200 3659
66.249.71.3 - - [07/Aug/2015:00:58:10 +0800] "GET /content/nav/relationSubject.jsp?relationWords=&oid=2585541 HTTP/1.1" 200 1405
66.249.71.36 - - [07/Aug/2015:00:58:35 +0800] "GET /content/repository/resource_content.jsp?oid=2667533&queryType=qs&queryString=%E8%8F%AF%E4%BA%AD HTTP/1.1" 200 30060
66.249.79.19 - - [07/Aug/2015:00:58:55 +0800] "GET /content/nav/relationSubject.jsp?relationWords=%E8%B3%A2%E7%AB%AF+%E8%BB%8A%E9%A6%AC%E5%99%A8+%E9%95%B7%E8%BD%82+&oid=1880092 HTTP/1.1" 200 3080
66.249.71.72 - - [07/Aug/2015:00:58:58 +0800] "GET /content/nav/relationSubject.jsp?relationWords=%E8%B3%A2%E7%AB%AF%20%E8%BB%8A%E9%A6%AC%E5%99%A8%20%E9%95%B7%E8%BD%82%20&oid=1880092 HTTP/1.1" 200 3080
66.249.79.45 - - [07/Aug/2015:00:59:32 +0800] "GET /content/repository/resource_content.jsp?oid=1102677 HTTP/1.1" 200 31156
66.249.71.72 - - [07/Aug/2015:00:59:59 +0800] "GET /content/repository/resource_content.jsp?oid=1779625&queryType=qs&queryString=%E5%8E%9F%E7%94%9F%E6%A4%8D%E7%89%A9 HTTP/1.1" 200 37206
207.46.13.103 - - [07/Aug/2015:01:00:02 +0800] "GET /content/tmp_exh/resource_content.jsp?oid=16777750&queryType=qc HTTP/1.1" 200 32507
66.249.71.5 - - [07/Aug/2015:01:00:28 +0800] "GET /digiarch3/content/pictures/picture_content.jsp?oid=33554774&classify=2562 HTTP/1.1" 200 27690
66.249.71.127 - - [07/Aug/2015:01:01:01 +0800] "GET /content/nav/relationSubject.jsp?relationWords=%E7%B8%BD%E5%85%B5%E5%AE%98+&oid=2514860 HTTP/1.1" 200 3138
66.249.71.119 - - [07/Aug/2015:01:01:03 +0800] "GET /content/nav/relationSubject.jsp?relationWords=%E7%B8%BD%E5%85%B5%E5%AE%98%20&oid=2514860 HTTP/1.1" 200 3138
66.249.79.45 - - [07/Aug/2015:01:01:24 +0800] "GET /content/repository/resource_content.jsp?oid=2529387 HTTP/1.1" 200 28901
157.55.39.193 - - [07/Aug/2015:01:01:31 +0800] "GET /content/nav/relationSubject.jsp?relationWords=%E8%96%9C%E8%8D%94+&oid=16777485 HTTP/1.1" 200 3561
66.249.71.5 - - [07/Aug/2015:01:04:27 +0800] "GET /content/nav/relationSubject.jsp?relationWords=%E5%BC%81%E5%85%B5+%E7%87%9F%E5%BC%81+%E7%B6%A0%E7%87%9F+%E7%B6%A0%E7%87%9F%E5%BC%81+&oid=2634833 HTTP/1.1" 200 4089
66.249.71.23 - - [07/Aug/2015:01:04:29 +0800] "GET /content/nav/relationSubject.jsp?relationWords=%E5%BC%81%E5%85%B5%20%E7%87%9F%E5%BC%81%20%E7%B6%A0%E7%87%9F%20%E7%B6%A0%E7%87%9F%E5%BC%81%20&oid=2634833 HTTP/1.1" 200 4089
66.249.71.72 - - [07/Aug/2015:01:05:02 +0800] "GET /content/nav/relationSubject.jsp?relationWords=%E7%A4%A6%E5%AD%97+&oid=1545413 HTTP/1.1" 200 4102
66.249.71.64 - - [07/Aug/2015:01:05:07 +0800] "GET /content/nav/relationSubject.jsp?relationWords=%E7%A4%A6%E5%AD%97%20&oid=1545413 HTTP/1.1" 200 4102
66.249.71.127 - - [07/Aug/2015:01:05:09 +0800] "GET /content/subject/resource_content.jsp?oid=16777838&queryType=qc HTTP/1.1" 200 59042
157.55.39.193 - - [07/Aug/2015:01:05:56 +0800] "GET /content/subject/resource_content.jsp?oid=16777350&queryType=qc HTTP/1.1" 200 36769
66.249.71.64 - - [07/Aug/2015:01:06:00 +0800] "GET /content/nav/relationSubject.jsp?relationWords=%E7%AB%AF%E5%8D%88%E7%AF%80+&oid=16777346 HTTP/1.1" 200 4102
157.55.39.187 - - [07/Aug/2015:01:06:22 +0800] "GET /content/subject/resource_content.jsp?oid=16777738&queryType=qc HTTP/1.1" 200 50784
66.249.71.64 - - [07/Aug/2015:01:06:32 +0800] "GET /content/tmp_exh/resource_content.jsp?oid=16777833&queryString= HTTP/1.1" 200 35202
66.249.71.64 - - [07/Aug/2015:01:07:28 +0800] "GET /content/repository/resource_content.jsp?oid=1098544 HTTP/1.1" 200 30954
66.249.71.72 - - [07/Aug/2015:01:08:05 +0800] "GET /content/nav/relationSubject.jsp?relationWords=%E5%B7%A1%E6%8C%89+&oid=2545782 HTTP/1.1" 200 3096
66.249.71.72 - - [07/Aug/2015:01:08:07 +0800] "GET /content/nav/relationSubject.jsp?relationWords=%E5%B7%A1%E6%8C%89%20&oid=2545782 HTTP/1.1" 200 3096
66.249.79.32 - - [07/Aug/2015:01:08:10 +0800] "GET /content/nav/relationSubject.jsp?relationWords=%E5%8D%9C%E8%BE%AD+%E5%8D%9C%E8%BE%AD%E6%AE%98%E7%89%87+%E6%AE%98%E7%89%87+%E9%BE%9C%E7%94%B2+%E9%BE%9C%E7%94%B2%E5%8D%9C%E8%BE%AD+%E9%BE%9C%E7%94%B2%E5%8D%9C%E8%BE%AD%E6%AE%98%E7%89%87+&oid=1882056 HTTP/1.1" 200 4171
66.249.71.72 - - [07/Aug/2015:01:08:12 +0800] "GET /content/nav/relationSubject.jsp?relationWords=%E5%8D%9C%E8%BE%AD%20%E5%8D%9C%E8%BE%AD%E6%AE%98%E7%89%87%20%E6%AE%98%E7%89%87%20%E9%BE%9C%E7%94%B2%20%E9%BE%9C%E7%94%B2%E5%8D%9C%E8%BE%AD%20%E9%BE%9C%E7%94%B2%E5%8D%9C%E8%BE%AD%E6%AE%98%E7%89%87%20&oid=1882056 HTTP/1.1" 200 4171
66.249.79.135 - - [07/Aug/2015:01:08:15 +0800] "GET /digiarch3/content/nav/relationSubject.jsp?relationWords=%E5%B7%A1%E6%92%AB+%E8%AD%B7%E7%90%86+&oid=2689479 HTTP/1.1" 200 3994
66.249.71.14 - - [07/Aug/2015:01:08:17 +0800] "GET /digiarch3/content/nav/relationSubject.jsp?relationWords=%E5%B7%A1%E6%92%AB%20%E8%AD%B7%E7%90%86%20&oid=2689479 HTTP/1.1" 200 3994
66.249.79.19 - - [07/Aug/2015:01:08:25 +0800] "GET /content/repository/resource_content.jsp?oid=1592835 HTTP/1.1" 200 28929
66.249.71.64 - - [07/Aug/2015:01:08:52 +0800] "GET /content/repository/resource_content.jsp?oid=1460041 HTTP/1.1" 200 30824
66.249.71.72 - - [07/Aug/2015:01:09:20 +0800] "GET /content/repository/resource_content.jsp?oid=1858579 HTTP/1.1" 200 29564
66.249.71.60 - - [07/Aug/2015:01:09:48 +0800] "GET /content/repository/resource_content.jsp?oid=2587207 HTTP/1.1" 200 29388
157.55.39.187 - - [07/Aug/2015:01:10:21 +0800] "GET /content/subject/resource_content.jsp?oid=16777390&queryType=qc HTTP/1.1" 200 43088
66.249.79.19 - - [07/Aug/2015:01:10:29 +0800] "GET /content/nav/relationSubject.jsp?relationWords=%E5%90%8D%E6%95%95+%E5%90%8D%E6%95%95%E6%9B%B8+%E5%9D%90%E5%90%8D+%E5%9D%90%E5%90%8D%E6%95%95%E6%9B%B8+%E6%95%95%E6%9B%B8+%E7%9C%81%E9%8C%A2%E6%B3%95+&oid=2616083 HTTP/1.1" 200 3337
66.249.71.60 - - [07/Aug/2015:01:10:33 +0800] "GET /content/nav/relationSubject.jsp?relationWords=%E5%90%8D%E6%95%95%20%E5%90%8D%E6%95%95%E6%9B%B8%20%E5%9D%90%E5%90%8D%20%E5%9D%90%E5%90%8D%E6%95%95%E6%9B%B8%20%E6%95%95%E6%9B%B8%20%E7%9C%81%E9%8C%A2%E6%B3%95%20&oid=2616083 HTTP/1.1" 200 3337
66.249.71.60 - - [07/Aug/2015:01:10:44 +0800] "GET /content/repository/resource_content.jsp?oid=750313 HTTP/1.1" 200 28385
66.249.71.60 - - [07/Aug/2015:01:11:12 +0800] "GET /content/repository/resource_content.jsp?oid=3356774 HTTP/1.1" 200 28804
66.249.71.64 - - [07/Aug/2015:01:11:40 +0800] "GET /content/repository/resource_content.jsp?oid=829257 HTTP/1.1" 200 27969
66.249.71.72 - - [07/Aug/2015:01:12:01 +0800] "GET /content/nav/relationSubject.jsp?relationWords=&oid=1548725 HTTP/1.1" 200 1405
66.249.71.72 - - [07/Aug/2015:01:12:09 +0800] "GET /content/repository/resource_content.jsp?oid=737789 HTTP/1.1" 200 28404
157.55.39.187 - - [07/Aug/2015:01:12:13 +0800] "GET /content/subject/resource_content.jsp?oid=16777788&queryType=qc HTTP/1.1" 200 42882
157.55.39.187 - - [07/Aug/2015:01:12:31 +0800] "GET /content/subject/resource_content.jsp?oid=16777411&queryType=qc HTTP/1.1" 200 36967
66.249.71.64 - - [07/Aug/2015:01:12:57 +0800] "GET /content/nav/relationSubject.jsp?relationWords=&oid=1103392 HTTP/1.1" 200 1405
66.249.79.45 - - [07/Aug/2015:01:13:33 +0800] "GET /content/repository/resource_content.jsp?oid=663188 HTTP/1.1" 200 28331
66.249.71.72 - - [07/Aug/2015:01:13:56 +0800] "GET /content/nav/relationSubject.jsp?relationWords=%E6%9F%A5%E5%BE%B7+&oid=737158 HTTP/1.1" 200 3033
66.249.71.64 - - [07/Aug/2015:01:13:57 +0800] "GET /content/nav/relationSubject.jsp?relationWords=%E6%9F%A5%E5%BE%B7%20&oid=737158 HTTP/1.1" 200 3033
66.249.71.64 - - [07/Aug/2015:01:14:01 +0800] "GET /content/repository/resource_content.jsp?oid=2630306 HTTP/1.1" 200 28933
66.249.71.60 - - [07/Aug/2015:01:14:09 +0800] "GET /content/nav/relationSubject.jsp?relationWords=&oid=2565119 HTTP/1.1" 200 1405
66.249.79.32 - - [07/Aug/2015:01:14:29 +0800] "GET /content/repository/resource_content.jsp?oid=747744 HTTP/1.1" 200 28432
66.249.71.64 - - [07/Aug/2015:01:15:04 +0800] "GET /content/nav/relationSubject.jsp?relationWords=%E5%B1%B1%E8%8A%99%E8%93%89+%E6%9C%A8%E6%A7%BF+%E6%9C%A8%E6%A7%BF%E5%B1%AC+%E6%A4%8D%E7%89%A9%E7%95%8C+%E9%8C%A6%E8%91%B5+%E9%8C%A6%E8%91%B5%E7%A7%91+&oid=2151698 HTTP/1.1" 200 5037
66.249.71.60 - - [07/Aug/2015:01:15:06 +0800] "GET /content/nav/relationSubject.jsp?relationWords=%E5%B1%B1%E8%8A%99%E8%93%89%20%E6%9C%A8%E6%A7%BF%20%E6%9C%A8%E6%A7%BF%E5%B1%AC%20%E6%A4%8D%E7%89%A9%E7%95%8C%20%E9%8C%A6%E8%91%B5%20%E9%8C%A6%E8%91%B5%E7%A7%91%20&oid=2151698 HTTP/1.1" 200 5037
66.249.71.64 - - [07/Aug/2015:01:15:13 +0800] "GET /content/nav/relationSubject.jsp?relationWords=%E5%86%AC%E7%93%9C+%E6%A4%8D%E7%89%A9%E7%95%8C+%E6%B0%B4%E5%86%AC%E5%93%A5+%E6%B0%B4%E5%86%AC%E7%93%9C+%E6%B0%B4%E5%86%AC%E7%93%9C%E5%B1%AC+%E7%8D%BC%E7%8C%B4+%E7%8D%BC%E7%8C%B4%E6%A1%83+%E7%8D%BC%E7%8C%B4%E6%A1%83%E7%A7%91+&oid=1105074 HTTP/1.1" 200 3668
66.249.71.64 - - [07/Aug/2015:01:15:16 +0800] "GET /content/nav/relationSubject.jsp?relationWords=%E5%86%AC%E7%93%9C%20%E6%A4%8D%E7%89%A9%E7%95%8C%20%E6%B0%B4%E5%86%AC%E5%93%A5%20%E6%B0%B4%E5%86%AC%E7%93%9C%20%E6%B0%B4%E5%86%AC%E7%93%9C%E5%B1%AC%20%E7%8D%BC%E7%8C%B4%20%E7%8D%BC%E7%8C%B4%E6%A1%83%20%E7%8D%BC%E7%8C%B4%E6%A1%83%E7%A7%91%20&oid=1105074 HTTP/1.1" 200 3668
157.55.39.188 - - [07/Aug/2015:01:15:39 +0800] "GET /content/nav/relationSubject.jsp?relationWords=%E7%83%8F%E5%BF%83%E7%9F%B3+%E9%B1%B8%E9%B0%BB+&oid=16777303 HTTP/1.1" 200 4004
66.249.71.60 - - [07/Aug/2015:01:15:40 +0800] "GET /content/nav/relationSubject.jsp?relationWords=%E5%AE%89%E5%85%A8%E6%A1%88+&oid=1537569 HTTP/1.1" 200 3314
123.125.71.111 - - [07/Aug/2015:01:15:41 +0800] "GET /content/subject/resource_content.jsp?oid=16777425&queryType=qc HTTP/1.1" 200 35688
66.249.71.72 - - [07/Aug/2015:01:15:42 +0800] "GET /content/nav/relationSubject.jsp?relationWords=%E5%AE%89%E5%85%A8%E6%A1%88%20&oid=1537569 HTTP/1.1" 200 3314
123.125.71.50 - - [07/Aug/2015:01:15:48 +0800] "GET /content/nav/relationSubject.jsp?relationWords=%E6%9B%B3%E7%B5%B2+%E6%9B%B3%E7%B5%B2%E9%B0%8F+&oid=16777425 HTTP/1.1" 200 3874
157.55.39.187 - - [07/Aug/2015:01:16:00 +0800] "GET /content/subject/resource_content.jsp?oid=16777615&queryType=qc HTTP/1.1" 200 37930
220.181.108.159 - - [07/Aug/2015:01:16:41 +0800] "GET /content/tmp_auth/resource_content.jsp?oid=16777354 HTTP/1.1" 200 27156
92.106.242.160 - - [07/Aug/2015:01:17:29 +0800] "GET /content/subject/resource_content.jsp?oid=16777721&queryString=%E6%A4%8D%E7%89%A9%E7%95%8C%20%E7%8E%89%E5%B1%B1%E8%96%84%E9%9B%AA%E8%8D%89%20%E8%8F%8A%E7%A7%91%20%E8%96%84%E9%9B%AA%E8%8D%89%E5%B1%AC%20%E9%9B%99%E5%AD%90%E8%91%89%E6%A4%8D%E7%89%A9 HTTP/1.1" 200 36236
182.118.22.247 - - [07/Aug/2015:01:17:30 +0800] "GET /digiarch3/content/subject/resource_content.jsp?oid=16777397&queryType=qc HTTP/1.1" 200 29427
66.249.71.72 - - [07/Aug/2015:01:20:09 +0800] "GET /content/nav/relationSubject.jsp?relationWords=%E5%BD%A9%E7%B9%AA+&oid=16777833 HTTP/1.1" 200 4764
66.249.71.72 - - [07/Aug/2015:01:20:34 +0800] "GET /content/repository/resource_content.jsp?oid=1547446 HTTP/1.1" 200 29901
66.249.71.5 - - [07/Aug/2015:01:21:10 +0800] "GET /digiarch3/content/nav/relationSubject.jsp?relationWords=%E5%A4%A7%E5%B0%BE+%E7%94%98%E4%BB%94%E9%AD%9A+%E8%8C%83%E6%B0%8F+&oid=15216 HTTP/1.1" 200 3392
66.249.71.5 - - [07/Aug/2015:01:21:12 +0800] "GET /digiarch3/content/nav/relationSubject.jsp?relationWords=%E5%A4%A7%E5%B0%BE%20%E7%94%98%E4%BB%94%E9%AD%9A%20%E8%8C%83%E6%B0%8F%20&oid=15216 HTTP/1.1" 200 3392
66.249.71.36 - - [07/Aug/2015:01:21:30 +0800] "GET /content/subject/resource_content.jsp?oid=16777727&queryString=%E5%85%AC%E5%85%B1%E8%A1%9B%E7%94%9F%20%E5%8F%B0%E7%81%A3%E5%8E%9F%E4%BD%8F%E6%B0%91%20%E5%AF%84%E7%94%9F%E8%9F%B2%20%E6%B4%BB%E7%92%B0 HTTP/1.1" 200 36345
182.118.22.230 - - [07/Aug/2015:01:22:49 +0800] "GET /digiarch3/content/subject/resource_content.jsp?oid=16777625&queryType=qc HTTP/1.1" 200 61683
66.249.71.5 - - [07/Aug/2015:01:22:54 +0800] "GET /digiarch3/content/repository/resource_content.jsp?oid=15869&queryString=%E8%B2%A2%E6%B0%8F%20%E9%BB%91%E7%8B%97%E6%AF%8D HTTP/1.1" 200 34175
66.249.71.72 - - [07/Aug/2015:01:23:22 +0800] "GET /content/repository/resource_content.jsp?oid=1560455 HTTP/1.1" 200 29903
66.249.71.3 - - [07/Aug/2015:01:23:50 +0800] "GET /content/repository/resource_content.jsp?oid=2670366&queryString=%E9%99%B6%E6%BE%8D HTTP/1.1" 200 30233
66.249.71.72 - - [07/Aug/2015:01:24:46 +0800] "GET /content/repository/resource_content.jsp?oid=1896563 HTTP/1.1" 200 29378
182.118.25.228 - - [07/Aug/2015:01:25:03 +0800] "GET /digiarch3/content/subject/resource_content.jsp?oid=16777554&queryType=qc HTTP/1.1" 200 39590
66.249.71.64 - - [07/Aug/2015:01:25:14 +0800] "GET /content/repository/resource_content.jsp?oid=1635497 HTTP/1.1" 200 28906
182.118.20.170 - - [07/Aug/2015:01:25:39 +0800] "GET /digiarch3/content/subject/resource_content.jsp?oid=16777640&queryType=qc HTTP/1.1" 200 62007
66.249.71.60 - - [07/Aug/2015:01:25:48 +0800] "GET /content/nav/relationSubject.jsp?relationWords=%E7%BC%BA%E4%BA%8B+&oid=2675473 HTTP/1.1" 200 3102
66.249.71.60 - - [07/Aug/2015:01:25:50 +0800] "GET /content/nav/relationSubject.jsp?relationWords=%E7%BC%BA%E4%BA%8B%20&oid=2675473 HTTP/1.1" 200 3102
101.226.167.234 - - [07/Aug/2015:01:25:56 +0800] "GET /digiarch3/content/pictures/picture_content.jsp?oid=33554748 HTTP/1.1" 200 27262
66.249.71.60 - - [07/Aug/2015:01:25:58 +0800] "GET /content/nav/relationSubject.jsp?relationWords=&oid=2660305 HTTP/1.1" 200 1405
66.249.71.72 - - [07/Aug/2015:01:26:10 +0800] "GET /content/repository/resource_content.jsp?oid=1889725 HTTP/1.1" 200 28887
123.125.71.73 - - [07/Aug/2015:01:26:29 +0800] "GET /nav/relationSubject.jsp?relationWords=%E6%9E%97%E7%8D%BB%E5%A0%82+%E6%A5%8A%E6%B0%B4%E5%BF%83+&oid=16777630 HTTP/1.1" 404 14873
66.249.71.119 - - [07/Aug/2015:01:26:38 +0800] "GET /content/subject/resource_content.jsp?oid=16797295&queryType=qc HTTP/1.1" 200 66377
66.249.71.127 - - [07/Aug/2015:01:27:34 +0800] "GET /content/subject/resource_content.jsp?oid=16777617&queryType=qc HTTP/1.1" 200 61005
66.249.71.119 - - [07/Aug/2015:01:28:09 +0800] "GET /content/nav/relationSubject.jsp?relationWords=%E5%8A%89%E6%9C%9D%20%E5%8A%89%E6%9C%9D%E5%9B%9B%20%E5%98%89%E7%BE%A9%E7%B8%A3%E8%AD%B0%E6%9C%83%20%E5%BD%B0%E5%8C%96%E7%B8%A3%E8%AD%B0%E6%9C%83%20%E5%BD%B0%E5%8C%96%E7%B8%A3%E8%BE%B2%E6%9C%83%20%E6%89%80%E5%BE%97%E7%A8%85%20%E6%89%80%E5%BE%97%E7%A8%85%E6%B3%95%20%E6%B3%95%E9%99%A2%20%E7%9C%81%E6%94%BF%E5%BA%9C%20%E7%9C%81%E8%AD%B0%E6%9C%83%20%E7%A8%85%E6%B3%95%20%E7%AB%8B%E6%B3%95%E9%99%A2%20%E7%B8%A3%E8%AD%B0%E6%9C%83%20%E8%87%A8%E6%99%82%E7%9C%81%E8%AD%B0%E6%9C%83%20%E8%87%BA%E7%81%A3%E7%9C%81%20%E9%83%AD%E7%A7%8B%20%E9%83%AD%E7%A7%8B%E7%85%8C%20&oid=1526666 HTTP/1.1" 200 6796
66.249.71.127 - - [07/Aug/2015:01:28:58 +0800] "GET /content/repository/resource_content.jsp?oid=4362417&queryString=%E6%A1%83%E7%AC%A6%20%E7%A5%9E%E8%8D%BC%20%E9%AC%B1%E5%A3%98 HTTP/1.1" 200 28281
66.249.71.64 - - [07/Aug/2015:01:29:26 +0800] "GET /content/repository/resource_content.jsp?oid=1114931 HTTP/1.1" 200 31048
66.249.79.32 - - [07/Aug/2015:01:29:55 +0800] "GET /digiarch_en/content/repository/resource_content.jsp?oid=1807775&queryString=%E6%8B%93%E7%89%87%20%E6%BC%A2%E4%BB%A3 HTTP/1.1" 200 23859
66.249.71.72 - - [07/Aug/2015:01:30:21 +0800] "GET /content/nav/relationSubject.jsp?relationWords=%E6%B5%B7%E5%B7%9E%E9%AA%A8%E7%A2%8E%E8%A3%9C+%E9%AA%A8%E7%A2%8E%E8%A3%9C+%E9%AA%A8%E7%A2%8E%E8%A3%9C%E5%B1%AC+&oid=1108751 HTTP/1.1" 200 3239
66.249.71.60 - - [07/Aug/2015:01:30:23 +0800] "GET /content/nav/relationSubject.jsp?relationWords=%E6%B5%B7%E5%B7%9E%E9%AA%A8%E7%A2%8E%E8%A3%9C%20%E9%AA%A8%E7%A2%8E%E8%A3%9C%20%E9%AA%A8%E7%A2%8E%E8%A3%9C%E5%B1%AC%20&oid=1108751 HTTP/1.1" 200 3239
66.249.71.60 - - [07/Aug/2015:01:30:51 +0800] "GET /content/repository/resource_content.jsp?oid=2152059 HTTP/1.1" 200 31114
66.249.71.23 - - [07/Aug/2015:01:31:38 +0800] "GET /digiarch3/content/nav/relationSubject.jsp?relationWords=%E7%A4%A6%E7%94%A2+%E8%AD%9A%E5%BB%B6%E9%97%93+&oid=590402 HTTP/1.1" 200 6866
66.249.71.14 - - [07/Aug/2015:01:31:40 +0800] "GET /digiarch3/content/nav/relationSubject.jsp?relationWords=%E7%A4%A6%E7%94%A2%20%E8%AD%9A%E5%BB%B6%E9%97%93%20&oid=590402 HTTP/1.1" 200 6866
66.249.71.54 - - [07/Aug/2015:01:31:47 +0800] "GET /content/repository/resource_content.jsp?oid=4362901&queryString=%E5%85%AB%E5%AE%B6%E5%B0%87 HTTP/1.1" 200 28240
66.249.71.60 - - [07/Aug/2015:01:32:15 +0800] "GET /content/pictures/picture_content.jsp?oid=33554814 HTTP/1.1" 200 27631
182.118.20.173 - - [07/Aug/2015:01:32:23 +0800] "GET /digiarch3/content/tmp_exh/resource_content.jsp?oid=16777834&queryType=qc%201890 HTTP/1.1" 200 27575
66.249.71.45 - - [07/Aug/2015:01:32:25 +0800] "GET /content/nav/relationSubject.jsp?relationWords=%E5%A4%AA%E5%B7%B4%E5%A1%B1+%E5%B7%B4%E5%A1%B1+%E6%9F%93%E6%96%99+%E6%9F%93%E6%96%99%E6%A4%8D%E7%89%A9+&oid=1776051 HTTP/1.1" 200 5192
66.249.79.32 - - [07/Aug/2015:01:32:43 +0800] "GET /content/repository/resource_content.jsp?oid=1892947 HTTP/1.1" 200 28339
220.181.108.148 - - [07/Aug/2015:01:33:01 +0800] "GET /content/tmp_tec/resource_content.jsp?oid=16777680 HTTP/1.1" 200 30699
220.181.108.91 - - [07/Aug/2015:01:33:08 +0800] "GET /content/nav/relationSubject.jsp?relationWords=%E6%95%B8%E4%BD%8D%E5%85%B8%E8%97%8F+&oid=16777680 HTTP/1.1" 200 5879
66.249.71.60 - - [07/Aug/2015:01:33:11 +0800] "GET /content/pictures/picture_content.jsp?oid=33554788 HTTP/1.1" 200 27718
66.249.71.60 - - [07/Aug/2015:01:33:13 +0800] "GET /content/nav/relationSubject.jsp?relationWords=%E5%A4%A9%E9%A9%A5+%E5%B4%B4%E5%9F%A0+%E5%BC%B5%E5%A4%A9%E9%A9%A5+%E8%AC%9D%E9%83%A8+&oid=663188 HTTP/1.1" 200 3243
66.249.71.64 - - [07/Aug/2015:01:33:15 +0800] "GET /content/nav/relationSubject.jsp?relationWords=%E5%A4%A9%E9%A9%A5%20%E5%B4%B4%E5%9F%A0%20%E5%BC%B5%E5%A4%A9%E9%A9%A5%20%E8%AC%9D%E9%83%A8%20&oid=663188 HTTP/1.1" 200 3243
66.249.71.72 - - [07/Aug/2015:01:33:31 +0800] "GET /content/nav/relationSubject.jsp?relationWords=&oid=1851573 HTTP/1.1" 200 1405
66.249.79.19 - - [07/Aug/2015:01:33:39 +0800] "GET /digiarch_en/content/repository/resource_content.jsp?oid=4363112&queryString=%E9%96%8B%E6%BC%B3%E8%81%96%E7%8E%8B HTTP/1.1" 200 21683
220.181.108.84 - - [07/Aug/2015:01:34:48 +0800] "GET /content/subject/resource_content.jsp?oid=16777591&queryType=qc HTTP/1.1" 200 40769
66.249.71.72 - - [07/Aug/2015:01:35:31 +0800] "GET /content/subject/resource_content.jsp?oid=16797271&queryType=qc HTTP/1.1" 200 55290
66.249.71.64 - - [07/Aug/2015:01:35:58 +0800] "GET /content/nav/relationSubject.jsp?relationWords=%E7%9C%81%E6%94%BF%E5%BA%9C+%E7%9C%81%E8%AD%B0%E6%9C%83+%E8%87%A8%E6%99%82%E7%9C%81%E8%AD%B0%E6%9C%83+%E8%87%BA%E5%8C%97%E5%B8%82+%E8%87%BA%E7%81%A3%E7%9C%81+%E8%B3%B4%E6%A3%AE%E6%9E%97+&oid=1529163 HTTP/1.1" 200 5543
66.249.71.64 - - [07/Aug/2015:01:36:00 +0800] "GET /content/nav/relationSubject.jsp?relationWords=%E7%9C%81%E6%94%BF%E5%BA%9C%20%E7%9C%81%E8%AD%B0%E6%9C%83%20%E8%87%A8%E6%99%82%E7%9C%81%E8%AD%B0%E6%9C%83%20%E8%87%BA%E5%8C%97%E5%B8%82%20%E8%87%BA%E7%81%A3%E7%9C%81%20%E8%B3%B4%E6%A3%AE%E6%9E%97%20&oid=1529163 HTTP/1.1" 200 5543
66.249.79.32 - - [07/Aug/2015:01:36:28 +0800] "GET /content/subject/resource_content.jsp?oid=16777332 HTTP/1.1" 200 32786
66.249.71.127 - - [07/Aug/2015:01:36:46 +0800] "GET /content/repository/resource_content.jsp?oid=2689422&queryType=qs&queryString=%E6%98%A5%E5%85%83 HTTP/1.1" 200 30126
61.231.182.248 - - [07/Aug/2015:01:37:06 +0800] "GET /content/subject/resource_content.jsp?oid=16797340&queryType=qc HTTP/1.1" 200 63036
61.231.182.248 - - [07/Aug/2015:01:37:08 +0800] "GET /content/nav/relationSubject.jsp?relationWords=%E5%8A%89%E5%85%B6%E5%81%89+&oid=16797340 HTTP/1.1" 200 1415
66.249.71.72 - - [07/Aug/2015:01:37:15 +0800] "GET /content/nav/relationSubject.jsp?relationWords=%E4%BA%BA%E5%90%8D%E6%AC%8A%E5%A8%81+%E5%BA%AB%E5%80%AB+&oid=672205 HTTP/1.1" 200 3158
66.249.71.64 - - [07/Aug/2015:01:37:17 +0800] "GET /content/nav/relationSubject.jsp?relationWords=%E4%BA%BA%E5%90%8D%E6%AC%8A%E5%A8%81%20%E5%BA%AB%E5%80%AB%20&oid=672205 HTTP/1.1" 200 3158
66.249.79.19 - - [07/Aug/2015:01:37:24 +0800] "GET /content/subject/resource_content.jsp?oid=16797240&queryType=qc HTTP/1.1" 200 42460
66.249.71.72 - - [07/Aug/2015:01:38:19 +0800] "GET /content/subject/resource_content.jsp?oid=16777443 HTTP/1.1" 200 40095
66.249.71.36 - - [07/Aug/2015:01:38:48 +0800] "GET /content/repository/resource_content.jsp?oid=4362012&queryString=%E6%B3%95%E4%B8%BB%E5%85%AC HTTP/1.1" 200 28117
66.249.71.64 - - [07/Aug/2015:01:39:16 +0800] "GET /content/repository/resource_content.jsp?oid=1842955 HTTP/1.1" 200 28757
66.249.79.45 - - [07/Aug/2015:01:39:31 +0800] "GET /content/nav/relationSubject.jsp?relationWords=&oid=1103356 HTTP/1.1" 200 1405
66.249.71.64 - - [07/Aug/2015:01:39:44 +0800] "GET /content/repository/resource_content.jsp?oid=2622734 HTTP/1.1" 200 29551
66.249.71.60 - - [07/Aug/2015:01:39:44 +0800] "GET /content/nav/relationSubject.jsp?relationWords=&oid=2597817 HTTP/1.1" 200 1405
66.249.79.32 - - [07/Aug/2015:01:40:40 +0800] "GET /content/subject/resource_content.jsp?oid=16777254&queryString= HTTP/1.1" 200 34767
66.249.71.64 - - [07/Aug/2015:01:41:08 +0800] "GET /content/repository/resource_content.jsp?oid=189615 HTTP/1.1" 200 30508
66.249.79.45 - - [07/Aug/2015:01:41:36 +0800] "GET /content/repository/resource_content.jsp?oid=2530472 HTTP/1.1" 200 28811
66.249.71.60 - - [07/Aug/2015:01:42:04 +0800] "GET /content/repository/resource_content.jsp?oid=1850408 HTTP/1.1" 200 29317
61.63.120.178 - - [07/Aug/2015:01:42:06 +0800] "GET /content/subject/resource_content.jsp?oid=16777706&queryType=qs&queryString=%E5%9C%B0%E5%BD%A2%E5%9C%96 HTTP/1.1" 200 53711
61.63.120.178 - - [07/Aug/2015:01:42:08 +0800] "GET /content/nav/relationSubject.jsp?relationWords=%E5%A0%A1%E5%9C%96+&oid=16777706 HTTP/1.1" 200 2864
68.180.228.24 - - [07/Aug/2015:01:42:08 +0800] "GET /digiarch_en/content/repository/resource_content.jsp?oid=523612&queryType=qc HTTP/1.1" 200 26030
66.249.71.60 - - [07/Aug/2015:01:42:32 +0800] "GET /content/repository/resource_content.jsp?oid=18352 HTTP/1.1" 200 29856
180.76.15.147 - - [07/Aug/2015:01:43:28 +0800] "GET /content/subject/resource_content.jsp?oid=16777801&queryType=qc HTTP/1.1" 200 43038
66.249.71.14 - - [07/Aug/2015:01:44:24 +0800] "GET /digiarch3/content/subject/resource_content.jsp?oid=16777576&queryString= HTTP/1.1" 200 29393
66.249.71.36 - - [07/Aug/2015:01:44:40 +0800] "GET /content/nav/relationSubject.jsp?relationWords=%E5%B1%85%E5%BB%B6%E6%BC%A2%E7%B0%A1+%E6%A1%83%E7%AC%A6+%E6%BC%A2%E7%B0%A1+&oid=16777264 HTTP/1.1" 200 4798
66.249.71.36 - - [07/Aug/2015:01:44:42 +0800] "GET /content/nav/relationSubject.jsp?relationWords=%E5%B1%85%E5%BB%B6%E6%BC%A2%E7%B0%A1%20%E6%A1%83%E7%AC%A6%20%E6%BC%A2%E7%B0%A1%20&oid=16777264 HTTP/1.1" 200 4798
66.249.71.60 - - [07/Aug/2015:01:44:55 +0800] "GET /content/nav/relationSubject.jsp?relationWords=%E5%BE%A1%E5%8F%B2+%E9%83%BD%E5%AF%9F%E9%99%A2+&oid=2516158 HTTP/1.1" 200 3139
66.249.71.64 - - [07/Aug/2015:01:44:57 +0800] "GET /content/nav/relationSubject.jsp?relationWords=%E5%BE%A1%E5%8F%B2%20%E9%83%BD%E5%AF%9F%E9%99%A2%20&oid=2516158 HTTP/1.1" 200 3139
66.249.71.60 - - [07/Aug/2015:01:45:03 +0800] "GET /content/nav/relationSubject.jsp?relationWords=%E4%B8%8A%E8%AB%AD+%E4%B8%8A%E8%AB%AD%E4%BA%8B+%E5%90%8F%E9%83%A8+%E8%AB%AD%E4%BA%8B+&oid=2689565 HTTP/1.1" 200 3191
66.249.71.64 - - [07/Aug/2015:01:45:05 +0800] "GET /content/nav/relationSubject.jsp?relationWords=%E4%B8%8A%E8%AB%AD%20%E4%B8%8A%E8%AB%AD%E4%BA%8B%20%E5%90%8F%E9%83%A8%20%E8%AB%AD%E4%BA%8B%20&oid=2689565 HTTP/1.1" 200 3191
66.249.79.19 - - [07/Aug/2015:01:46:42 +0800] "GET /content/nav/relationSubject.jsp?relationWords=%E5%8B%9E%E4%BF%9D+%E6%B8%AF%E5%8B%99+%E6%B8%AF%E5%8B%99%E5%B1%80+%E7%A2%BC%E9%A0%AD%E5%B7%A5%E4%BA%BA+%E8%B2%BB%E7%8E%87+%E9%80%80%E4%BC%91%E9%87%91+&oid=1625183 HTTP/1.1" 200 5110
66.249.71.60 - - [07/Aug/2015:01:46:44 +0800] "GET /content/nav/relationSubject.jsp?relationWords=%E5%8B%9E%E4%BF%9D%20%E6%B8%AF%E5%8B%99%20%E6%B8%AF%E5%8B%99%E5%B1%80%20%E7%A2%BC%E9%A0%AD%E5%B7%A5%E4%BA%BA%20%E8%B2%BB%E7%8E%87%20%E9%80%80%E4%BC%91%E9%87%91%20&oid=1625183 HTTP/1.1" 200 5110
66.249.71.5 - - [07/Aug/2015:01:46:53 +0800] "GET /digiarch3/content/nav/relationSubject.jsp?relationWords=%E6%9A%B9%E7%BE%85%E5%9C%8B+%E7%A6%AE%E9%83%A8+%E9%80%B2%E8%B2%A2+&oid=2670812 HTTP/1.1" 200 3145
66.249.71.5 - - [07/Aug/2015:01:46:55 +0800] "GET /digiarch3/content/nav/relationSubject.jsp?relationWords=%E6%9A%B9%E7%BE%85%E5%9C%8B%20%E7%A6%AE%E9%83%A8%20%E9%80%B2%E8%B2%A2%20&oid=2670812 HTTP/1.1" 200 3145
66.249.71.23 - - [07/Aug/2015:01:47:12 +0800] "GET /digiarch3/content/subject/resource_content.jsp?oid=16777590&queryType=qs&queryString=%E6%B5%81%E8%BD%89%E5%B9%B4%E8%8F%AF HTTP/1.1" 200 35475
101.139.108.241 - - [07/Aug/2015:01:47:28 +0800] "GET /content/nav/relationSubject.jsp?relationWords=%E5%B8%9D%E7%99%BB+%E8%A9%94%E6%9B%B8+%E9%A0%86%E6%B2%BB%E5%B8%9D+&oid=16777422 HTTP/1.1" 200 3932
220.181.108.86 - - [07/Aug/2015:01:48:47 +0800] "GET /content/tmp_auth/resource_content.jsp?oid=16777678 HTTP/1.1" 200 30695
220.181.108.80 - - [07/Aug/2015:01:49:04 +0800] "GET /content/nav/relationSubject.jsp?relationWords=&oid=16777678 HTTP/1.1" 200 1405
66.249.71.23 - - [07/Aug/2015:01:49:05 +0800] "GET /digiarch3/content/subject/resource_content.jsp?oid=16777738&queryType=qs&queryString=%E6%B0%91%E6%97%8F%E9%9F%B3%E6%A8%82 HTTP/1.1" 200 50703
66.249.71.64 - - [07/Aug/2015:01:49:57 +0800] "GET /content/nav/relationSubject.jsp?relationWords=%E5%AE%8C%E6%AC%A0+&oid=2689893 HTTP/1.1" 200 3117
66.249.71.60 - - [07/Aug/2015:01:49:59 +0800] "GET /content/nav/relationSubject.jsp?relationWords=%E5%AE%8C%E6%AC%A0%20&oid=2689893 HTTP/1.1" 200 3117
66.249.71.64 - - [07/Aug/2015:01:50:07 +0800] "GET /content/nav/relationSubject.jsp?relationWords=&oid=1105283 HTTP/1.1" 200 1405
207.46.13.110 - - [07/Aug/2015:01:50:22 +0800] "GET /content/subject/resource_content.jsp?oid=16797244&queryString= HTTP/1.1" 200 50441
66.249.71.14 - - [07/Aug/2015:01:50:29 +0800] "GET /digiarch3/content/repository/resource_content.jsp?oid=2676728&queryString=%E4%B8%8A%E8%AB%AD%20%E4%B8%8A%E8%AB%AD%E4%BA%8B%20%E8%AB%AD%E4%BA%8B HTTP/1.1" 200 30583
66.249.82.156 - - [07/Aug/2015:01:50:40 +0800] "GET /content/repository/resource_content.jsp?oid=16352&queryString=%E4%B8%B2%E4%BB%94%20%E5%B0%8F%E9%BB%83%E9%B0%AD%E9%AE%AA%20%E9%87%91%E6%A7%8D%20%E9%AF%96%E7%A7%91%20%E9%BB%91%E9%B0%AD%E4%B8%B2 HTTP/1.1" 200 35365
66.249.71.72 - - [07/Aug/2015:01:50:40 +0800] "GET /content/nav/relationSubject.jsp?relationWords=%E4%BF%B8%E4%BA%8B+%E7%BD%B0%E4%BF%B8+%E8%88%9B%E9%8C%AF+%E8%A5%B2%E4%B8%96+&oid=2658050 HTTP/1.1" 200 5399
66.249.79.32 - - [07/Aug/2015:01:50:42 +0800] "GET /content/nav/relationSubject.jsp?relationWords=%E4%BF%B8%E4%BA%8B%20%E7%BD%B0%E4%BF%B8%20%E8%88%9B%E9%8C%AF%20%E8%A5%B2%E4%B8%96%20&oid=2658050 HTTP/1.1" 200 5399
66.249.71.64 - - [07/Aug/2015:01:50:57 +0800] "GET /content/repository/resource_content.jsp?oid=1107957 HTTP/1.1" 200 31008
207.46.13.110 - - [07/Aug/2015:01:51:05 +0800] "GET /content/nav/relationSubject.jsp?relationWords=%E6%8E%A8%E8%83%8C%E5%9C%96+&oid=16797244 HTTP/1.1" 200 2217
66.249.82.164 - - [07/Aug/2015:01:51:10 +0800] "GET /content/nav/relationSubject.jsp?relationWords=%E4%B8%B2%E4%BB%94+%E9%87%91%E6%A7%8D+%E9%AF%96%E7%A7%91+%E9%BB%83%E5%A5%87+%E9%BB%83%E9%B0%AD+%E9%BB%83%E9%B0%AD%E9%AE%AA+&oid=16352 HTTP/1.1" 200 3677
66.249.79.32 - - [07/Aug/2015:01:51:25 +0800] "GET /content/repository/resource_content.jsp?oid=14565&queryString=%E5%BB%A3%E4%BD%88%E8%85%94%E5%90%BB%E9%B1%88%20%E8%85%94%E5%90%BB%E9%B1%88%20%E9%BC%A0%E5%B0%BE%E9%B1%88%20%E9%BC%A0%E5%B0%BE%E9%B1%88%E7%A7%91 HTTP/1.1" 200 33709
66.249.79.72 - - [07/Aug/2015:01:51:39 +0800] "GET /content/subject/resource_content.jsp?oid=16777617&queryType=qc HTTP/1.1" 200 61005
66.249.71.72 - - [07/Aug/2015:01:52:21 +0800] "GET /content/repository/resource_content.jsp?oid=1532297 HTTP/1.1" 200 29202
66.249.71.60 - - [07/Aug/2015:01:52:49 +0800] "GET /content/repository/resource_content.jsp?oid=1463460 HTTP/1.1" 200 30997
66.249.71.60 - - [07/Aug/2015:01:53:06 +0800] "GET /content/nav/relationSubject.jsp?relationWords=%E5%8D%B7%E6%9F%8F+%E5%8D%B7%E6%9F%8F%E5%B1%AC+%E9%AB%98%E9%9B%84%E5%8D%B7%E6%9F%8F+&oid=1100937 HTTP/1.1" 200 3285
66.249.71.60 - - [07/Aug/2015:01:53:11 +0800] "GET /content/nav/relationSubject.jsp?relationWords=%E5%8D%B7%E6%9F%8F%20%E5%8D%B7%E6%9F%8F%E5%B1%AC%20%E9%AB%98%E9%9B%84%E5%8D%B7%E6%9F%8F%20&oid=1100937 HTTP/1.1" 200 3285
66.249.71.119 - - [07/Aug/2015:01:53:17 +0800] "GET /content/repository/resource_content.jsp?oid=4363869&queryType=qs&queryString=%E9%9B%A3%E6%B0%91 HTTP/1.1" 200 34549
66.249.71.64 - - [07/Aug/2015:01:53:45 +0800] "GET /content/repository/resource_content.jsp?oid=1461998 HTTP/1.1" 200 31107
66.249.71.64 - - [07/Aug/2015:01:54:13 +0800] "GET /content/repository/resource_content.jsp?oid=1102789 HTTP/1.1" 200 31120
66.249.71.5 - - [07/Aug/2015:01:55:09 +0800] "GET /digiarch3/content/subject/resource_content.jsp?oid=16777410&queryType=qs&queryString=%E5%8E%9F%E7%94%9F%E6%A4%8D%E7%89%A9 HTTP/1.1" 200 27433
66.249.71.127 - - [07/Aug/2015:01:55:37 +0800] "GET /content/subject/resource_content.jsp?oid=16777377&queryString=%E6%9D%8E%E6%BF%9F%20%E6%A2%81%E6%80%9D%E6%B0%B8%20%E6%AE%B7%E5%A2%9F%20%E7%9B%9C%E5%A2%93%20%E8%91%A3%E4%BD%9C%E8%B3%93 HTTP/1.1" 200 54727
66.249.71.64 - - [07/Aug/2015:01:55:43 +0800] "GET /content/nav/relationSubject.jsp?relationWords=&oid=2587207 HTTP/1.1" 200 1405
66.249.79.32 - - [07/Aug/2015:01:57:30 +0800] "GET /content/tmp_tec/resource_content.jsp?oid=16777714 HTTP/1.1" 200 38293
66.249.71.45 - - [07/Aug/2015:01:57:58 +0800] "GET /content/repository/resource_content.jsp?oid=4362033&queryType=qs&queryString=%E5%8C%97%E6%B8%AF%E6%9C%9D%E5%A4%A9%E5%AE%AE HTTP/1.1" 200 28346
180.76.15.153 - - [07/Aug/2015:01:58:28 +0800] "GET /digiarch_en/content/repository/resource_content.jsp?oid=3812340&queryString=%E6%A4%8D%E7%89%A9%E7%95%8C%20%E7%84%A1%E7%BF%85%E8%8E%8E%E8%8D%89%20%E8%8E%8E%E8%8D%89%20%E8%8E%8E%E8%8D%89%E5%B1%AC%20%E8%8E%8E%E8%8D%89%E7%A7%91 HTTP/1.1" 200 23822
66.249.71.72 - - [07/Aug/2015:01:58:33 +0800] "GET /content/nav/relationSubject.jsp?relationWords=&oid=2568231 HTTP/1.1" 200 1405
220.181.108.115 - - [07/Aug/2015:02:00:31 +0800] "GET /content/tmp_tec/resource_content.jsp?oid=16777717 HTTP/1.1" 200 30964
220.181.108.96 - - [07/Aug/2015:02:00:34 +0800] "GET /content/nav/relationSubject.jsp?relationWords=%E6%95%B8%E4%BD%8D%E5%85%B8%E8%97%8F+&oid=16777717 HTTP/1.1" 200 5879
66.249.71.23 - - [07/Aug/2015:02:00:47 +0800] "GET /digiarch3/content/pictures/picture_content.jsp?oid=33554801 HTTP/1.1" 200 27559
66.249.71.72 - - [07/Aug/2015:02:01:14 +0800] "GET /content/repository/resource_content.jsp?oid=1890184 HTTP/1.1" 200 28461
66.249.71.60 - - [07/Aug/2015:02:02:38 +0800] "GET /content/repository/resource_content.jsp?oid=1890746 HTTP/1.1" 200 28362
66.249.71.60 - - [07/Aug/2015:02:02:48 +0800] "GET /content/nav/relationSubject.jsp?relationWords=%E4%BF%84%E8%89%A6+&oid=829257 HTTP/1.1" 200 3154
68.180.228.24 - - [07/Aug/2015:02:02:49 +0800] "GET /content/subject/resource_content.jsp?oid=16777688&queryType=qc HTTP/1.1" 200 39234
66.249.71.60 - - [07/Aug/2015:02:02:53 +0800] "GET /content/nav/relationSubject.jsp?relationWords=%E4%BF%84%E8%89%A6%20&oid=829257 HTTP/1.1" 200 3154
66.249.71.72 - - [07/Aug/2015:02:04:58 +0800] "GET /content/subject/resource_content.jsp?oid=16777692 HTTP/1.1" 200 36451
66.249.71.54 - - [07/Aug/2015:02:05:08 +0800] "GET /content/subject/resource_content.jsp?oid=16777416&queryType=qc HTTP/1.1" 200 32985
66.249.71.72 - - [07/Aug/2015:02:05:55 +0800] "GET /content/repository/resource_content.jsp?oid=1104302 HTTP/1.1" 200 30919
66.249.71.64 - - [07/Aug/2015:02:06:25 +0800] "GET /content/nav/relationSubject.jsp?relationWords=%E4%BE%BF%E6%B0%91+%E5%88%A9%E8%88%88+%E5%9C%8B%E6%A0%A1+%E5%A4%96%E5%8C%AF+%E5%A4%96%E5%8C%AF%E5%95%8F%E9%A1%8C+%E7%95%99%E5%AD%B8%E7%94%9F+%E7%A8%85%E6%94%B6+%E7%A8%85%E7%8E%87+%E8%AA%B2%E7%A8%85+%E8%B2%A1%E6%94%BF+%E8%B2%A1%E6%94%BF%E9%83%A8+%E9%A0%90%E7%AE%97+&oid=1560455 HTTP/1.1" 200 4773
66.249.71.64 - - [07/Aug/2015:02:06:27 +0800] "GET /content/nav/relationSubject.jsp?relationWords=%E4%BE%BF%E6%B0%91%20%E5%88%A9%E8%88%88%20%E5%9C%8B%E6%A0%A1%20%E5%A4%96%E5%8C%AF%20%E5%A4%96%E5%8C%AF%E5%95%8F%E9%A1%8C%20%E7%95%99%E5%AD%B8%E7%94%9F%20%E7%A8%85%E6%94%B6%20%E7%A8%85%E7%8E%87%20%E8%AA%B2%E7%A8%85%20%E8%B2%A1%E6%94%BF%20%E8%B2%A1%E6%94%BF%E9%83%A8%20%E9%A0%90%E7%AE%97%20&oid=1560455 HTTP/1.1" 200 4773
66.249.79.224 - - [07/Aug/2015:02:06:47 +0800] "GET /content/repository/resource_content.jsp?oid=2527028&queryType=qs&queryString=%E8%B3%91%E5%BB%A0 HTTP/1.1" 200 28773
66.249.71.64 - - [07/Aug/2015:02:06:51 +0800] "GET /content/tmp_exh/resource_content.jsp?oid=16777760&queryType=qc HTTP/1.1" 200 35810
66.249.79.106 - - [07/Aug/2015:02:07:20 +0800] "GET /content/subject/resource_content.jsp?oid=16777417&queryType=qc HTTP/1.1" 200 28332
220.181.108.147 - - [07/Aug/2015:02:08:07 +0800] "GET /content/repository/resource_content.jsp?oid=4364584 HTTP/1.1" 200 28937
66.249.71.54 - - [07/Aug/2015:02:08:15 +0800] "GET /content/nav/relationSubject.jsp?relationWords=%E5%8F%B0%E7%81%A3%E5%8E%9F%E4%BD%8F%E6%B0%91+%E7%85%99%E6%96%97+%E8%8F%B8%E8%8D%89+&oid=16777483 HTTP/1.1" 200 5127
66.249.79.132 - - [07/Aug/2015:02:08:18 +0800] "GET /content/nav/relationSubject.jsp?relationWords=%E5%8F%B0%E7%81%A3%E5%8E%9F%E4%BD%8F%E6%B0%91%20%E7%85%99%E6%96%97%20%E8%8F%B8%E8%8D%89%20&oid=16777483 HTTP/1.1" 200 5127
220.181.108.83 - - [07/Aug/2015:02:08:23 +0800] "GET /content/nav/relationSubject.jsp?relationWords=%E5%87%8C%E7%B4%94%E8%81%B2+%E5%8B%B3%E7%AB%A0+%E5%9C%8B%E6%B0%91%E6%94%BF%E5%BA%9C+&oid=4364584 HTTP/1.1" 200 3978
66.249.71.60 - - [07/Aug/2015:02:08:43 +0800] "GET /content/pictures/picture_content.jsp?oid=33554751 HTTP/1.1" 200 27653
66.249.79.32 - - [07/Aug/2015:02:09:11 +0800] "GET /content/repository/resource_content.jsp?oid=2533076 HTTP/1.1" 200 29845
66.249.79.45 - - [07/Aug/2015:02:09:39 +0800] "GET /content/repository/resource_content.jsp?oid=1462527 HTTP/1.1" 200 31003
66.249.71.64 - - [07/Aug/2015:02:10:07 +0800] "GET /content/repository/resource_content.jsp?oid=2544184 HTTP/1.1" 200 28948
66.249.71.60 - - [07/Aug/2015:02:10:35 +0800] "GET /content/repository/resource_content.jsp?oid=2608633 HTTP/1.1" 200 29570
157.55.39.186 - - [07/Aug/2015:02:11:02 +0800] "GET /content/tmp_tec/resource_content.jsp?oid=16777706 HTTP/1.1" 200 45957
66.249.79.32 - - [07/Aug/2015:02:11:04 +0800] "GET /content/repository/resource_content.jsp?oid=2519813 HTTP/1.1" 200 29170
66.249.71.64 - - [07/Aug/2015:02:11:28 +0800] "GET /content/nav/relationSubject.jsp?relationWords=&oid=2525159 HTTP/1.1" 200 1405
66.249.79.19 - - [07/Aug/2015:02:11:32 +0800] "GET /content/repository/resource_content.jsp?oid=2585537 HTTP/1.1" 200 29084
66.249.71.54 - - [07/Aug/2015:02:11:35 +0800] "GET /content/nav/relationSubject.jsp?relationWords=%E4%B8%8A%E8%AB%AD+%E5%90%8F%E9%83%A8+&oid=2667533 HTTP/1.1" 200 3106
66.249.71.45 - - [07/Aug/2015:02:11:37 +0800] "GET /content/nav/relationSubject.jsp?relationWords=%E4%B8%8A%E8%AB%AD%20%E5%90%8F%E9%83%A8%20&oid=2667533 HTTP/1.1" 200 3106
66.249.71.60 - - [07/Aug/2015:02:11:59 +0800] "GET /content/repository/resource_content.jsp?oid=2555698 HTTP/1.1" 200 28726
66.249.71.60 - - [07/Aug/2015:02:12:27 +0800] "GET /content/repository/resource_content.jsp?oid=2598568 HTTP/1.1" 200 29116
66.249.79.148 - - [07/Aug/2015:02:12:56 +0800] "GET /digiarch3/content/repository/resource_content.jsp?oid=15558&queryString=%E8%93%8B%E5%88%BA%E9%AD%9A%20%E9%A0%B0%E5%88%BA%E9%AD%9A HTTP/1.1" 200 34093
66.249.79.19 - - [07/Aug/2015:02:13:23 +0800] "GET /content/nav/relationSubject.jsp?relationWords=%E5%9B%9E%E8%8F%AF+%E5%BE%B7%E4%BF%98+%E6%97%A5%E5%BE%B7%E4%BF%98+&oid=737789 HTTP/1.1" 200 3122
66.249.79.32 - - [07/Aug/2015:02:13:26 +0800] "GET /content/nav/relationSubject.jsp?relationWords=%E5%9B%9E%E8%8F%AF%20%E5%BE%B7%E4%BF%98%20%E6%97%A5%E5%BE%B7%E4%BF%98%20&oid=737789 HTTP/1.1" 200 3122
66.249.71.72 - - [07/Aug/2015:02:14:17 +0800] "GET /content/nav/relationSubject.jsp?relationWords=%E6%9C%A8%E8%96%91%E5%AD%90+%E6%9C%A8%E8%96%91%E5%AD%90%E5%B1%AC+%E6%A4%8D%E7%89%A9%E7%95%8C+%E6%A8%9F%E7%A7%91+%E7%8E%89%E5%B1%B1%E6%9C%A8%E8%96%91%E5%AD%90+&oid=1460041 HTTP/1.1" 200 3508
66.249.71.72 - - [07/Aug/2015:02:14:18 +0800] "GET /content/nav/relationSubject.jsp?relationWords=%E6%9C%A8%E8%96%91%E5%AD%90%20%E6%9C%A8%E8%96%91%E5%AD%90%E5%B1%AC%20%E6%A4%8D%E7%89%A9%E7%95%8C%20%E6%A8%9F%E7%A7%91%20%E7%8E%89%E5%B1%B1%E6%9C%A8%E8%96%91%E5%AD%90%20&oid=1460041 HTTP/1.1" 200 3508
66.249.71.64 - - [07/Aug/2015:02:14:59 +0800] "GET /content/nav/relationSubject.jsp?relationWords=%E5%8D%97%E9%9D%96+%E6%9B%BE%E6%96%87%E6%B0%B4%E5%BA%AB+%E6%B0%B4%E4%B8%8A%E9%84%89+&oid=1635497 HTTP/1.1" 200 4759
66.249.71.60 - - [07/Aug/2015:02:15:02 +0800] "GET /content/nav/relationSubject.jsp?relationWords=%E5%8D%97%E9%9D%96%20%E6%9B%BE%E6%96%87%E6%B0%B4%E5%BA%AB%20%E6%B0%B4%E4%B8%8A%E9%84%89%20&oid=1635497 HTTP/1.1" 200 4759
66.249.71.60 - - [07/Aug/2015:02:17:39 +0800] "GET /content/nav/relationSubject.jsp?relationWords=%E5%8A%A0%E5%B7%A5%E5%87%BA%E5%8F%A3%E5%8D%80+%E7%99%BD%E4%B8%96+%E7%99%BD%E4%B8%96%E7%B6%AD+%E7%9C%81%E6%94%BF%E5%BA%9C+%E8%AC%9D%E8%B2%B4+%E8%BE%B2%E6%B0%91%E7%94%9F%E6%B4%BB+%E9%AB%98%E9%9B%84%E5%B8%82+%E9%B3%B3%E5%B1%B1%E9%8E%AE+%E9%BB%83%E5%85%89%E5%B9%B3+&oid=1896563 HTTP/1.1" 200 4872
66.249.79.45 - - [07/Aug/2015:02:17:41 +0800] "GET /content/nav/relationSubject.jsp?relationWords=%E5%8A%A0%E5%B7%A5%E5%87%BA%E5%8F%A3%E5%8D%80%20%E7%99%BD%E4%B8%96%20%E7%99%BD%E4%B8%96%E7%B6%AD%20%E7%9C%81%E6%94%BF%E5%BA%9C%20%E8%AC%9D%E8%B2%B4%20%E8%BE%B2%E6%B0%91%E7%94%9F%E6%B4%BB%20%E9%AB%98%E9%9B%84%E5%B8%82%20%E9%B3%B3%E5%B1%B1%E9%8E%AE%20%E9%BB%83%E5%85%89%E5%B9%B3%20&oid=1896563 HTTP/1.1" 200 4872
66.249.71.64 - - [07/Aug/2015:02:17:55 +0800] "GET /content/nav/relationSubject.jsp?relationWords=API+%E4%B9%9E%E9%A3%9F%E7%A2%97+%E5%A4%A9%E8%83%A1%E8%8D%BD+%E5%A4%A9%E8%83%A1%E8%8D%BD%E5%B1%AC+%E6%A4%8D%E7%89%A9%E7%95%8C+%E7%B9%96%E5%BD%A2%E7%A7%91+%E8%83%A1%E8%8D%BD+%E9%9B%99%E5%AD%90%E8%91%89+%E9%9B%99%E5%AD%90%E8%91%89%E6%A4%8D%E7%89%A9+%E9%A3%9F%E7%A2%97+&oid=1102677 HTTP/1.1" 200 3588
66.249.71.64 - - [07/Aug/2015:02:17:57 +0800] "GET /content/nav/relationSubject.jsp?relationWords=API%20%E4%B9%9E%E9%A3%9F%E7%A2%97%20%E5%A4%A9%E8%83%A1%E8%8D%BD%20%E5%A4%A9%E8%83%A1%E8%8D%BD%E5%B1%AC%20%E6%A4%8D%E7%89%A9%E7%95%8C%20%E7%B9%96%E5%BD%A2%E7%A7%91%20%E8%83%A1%E8%8D%BD%20%E9%9B%99%E5%AD%90%E8%91%89%20%E9%9B%99%E5%AD%90%E8%91%89%E6%A4%8D%E7%89%A9%20%E9%A3%9F%E7%A2%97%20&oid=1102677 HTTP/1.1" 200 3588
66.249.71.5 - - [07/Aug/2015:02:19:28 +0800] "GET /digiarch3/content/repository/resource_content.jsp?oid=2532829&queryString=%E6%97%8F%E8%AD%9C HTTP/1.1" 200 29614
61.135.169.40 - - [07/Aug/2015:02:19:37 +0800] "HEAD /digiarch_en/content/subject/resource_content.jsp?oid=16777600&queryType=qc HTTP/1.1" 200 -
122.159.227.91 - - [07/Aug/2015:02:19:40 +0800] "GET /digiarch_en/content/subject/resource_content.jsp?oid=16777600&queryType=qc HTTP/1.1" 200 38077
66.249.71.14 - - [07/Aug/2015:02:19:56 +0800] "GET /digiarch3/content/repository/resource_content.jsp?oid=2679464&queryString=%E5%91%88%E6%8E%A7%20%E9%A0%86%E5%A4%A9%20%E9%A0%86%E5%A4%A9%E5%BA%9C HTTP/1.1" 200 30369
66.249.71.60 - - [07/Aug/2015:02:20:24 +0800] "GET /content/repository/resource_content.jsp?oid=2570943&queryString=%E5%9B%9B%E5%BA%9C%20%E6%B5%B7%E6%BE%84%20%E9%84%AD%E6%88%90%E5%8A%9F HTTP/1.1" 200 30272
66.249.71.72 - - [07/Aug/2015:02:20:52 +0800] "GET /content/repository/resource_content.jsp?oid=1897296 HTTP/1.1" 200 29079
122.159.227.91 - - [07/Aug/2015:02:20:59 +0800] "GET /digiarch_en/content/subject/resource_content.jsp?oid=16777600&queryType=qc HTTP/1.1" 200 38077
66.249.71.64 - - [07/Aug/2015:02:21:20 +0800] "GET /content/repository/resource_content.jsp?oid=1104814 HTTP/1.1" 200 30900
66.249.71.72 - - [07/Aug/2015:02:21:33 +0800] "GET /content/nav/relationSubject.jsp?relationWords=&oid=1850408 HTTP/1.1" 200 1405
66.249.71.60 - - [07/Aug/2015:02:21:45 +0800] "GET /content/nav/relationSubject.jsp?relationWords=%E7%99%BD%E6%97%97%E5%A0%A1+%E9%81%BC%E5%AF%A7+%E9%99%B8%E6%B8%AC%E5%9C%96+&oid=182204 HTTP/1.1" 200 3175
66.249.79.19 - - [07/Aug/2015:02:21:46 +0800] "GET /content/nav/relationSubject.jsp?relationWords=%E7%99%BD%E6%97%97%E5%A0%A1%20%E9%81%BC%E5%AF%A7%20%E9%99%B8%E6%B8%AC%E5%9C%96%20&oid=182204 HTTP/1.1" 200 3175
66.249.71.64 - - [07/Aug/2015:02:21:48 +0800] "GET /content/repository/resource_content.jsp?oid=1897188 HTTP/1.1" 200 29126
66.249.71.127 - - [07/Aug/2015:02:22:16 +0800] "GET /content/repository/resource_content.jsp?oid=4353116&queryType=qs&queryString=%E7%9C%BC%E7%9C%B6%E9%AD%9A HTTP/1.1" 200 34235
66.249.71.64 - - [07/Aug/2015:02:22:17 +0800] "GET /content/nav/relationSubject.jsp?relationWords=%E5%8D%9C%E8%BE%AD+%E5%8D%9C%E8%BE%AD%E6%AE%98%E7%89%87+%E6%AE%98%E7%89%87+%E9%BE%9C%E7%94%B2+%E9%BE%9C%E7%94%B2%E5%8D%9C%E8%BE%AD+%E9%BE%9C%E7%94%B2%E5%8D%9C%E8%BE%AD%E6%AE%98%E7%89%87+&oid=1842955 HTTP/1.1" 200 4171
66.249.71.60 - - [07/Aug/2015:02:22:22 +0800] "GET /content/nav/relationSubject.jsp?relationWords=%E5%8D%9C%E8%BE%AD%20%E5%8D%9C%E8%BE%AD%E6%AE%98%E7%89%87%20%E6%AE%98%E7%89%87%20%E9%BE%9C%E7%94%B2%20%E9%BE%9C%E7%94%B2%E5%8D%9C%E8%BE%AD%20%E9%BE%9C%E7%94%B2%E5%8D%9C%E8%BE%AD%E6%AE%98%E7%89%87%20&oid=1842955 HTTP/1.1" 200 4171
66.249.79.19 - - [07/Aug/2015:02:23:13 +0800] "GET /content/repository/resource_content.jsp?oid=2673656 HTTP/1.1" 200 30141
66.249.71.60 - - [07/Aug/2015:02:23:40 +0800] "GET /content/repository/resource_content.jsp?oid=2529703 HTTP/1.1" 200 29514
123.125.71.76 - - [07/Aug/2015:02:24:04 +0800] "GET /content/tmp_exh/resource_content.jsp?oid=16777712&queryType=qc HTTP/1.1" 200 32367
66.249.71.60 - - [07/Aug/2015:02:24:08 +0800] "GET /content/repository/resource_content.jsp?oid=1107242 HTTP/1.1" 200 30853
66.249.71.72 - - [07/Aug/2015:02:24:36 +0800] "GET /content/repository/resource_content.jsp?oid=1625142 HTTP/1.1" 200 29088
66.249.71.36 - - [07/Aug/2015:02:25:23 +0800] "GET /content/nav/relationSubject.jsp?relationWords=%E6%AA%AC%E6%9E%9C+%E6%B5%B7%E6%AA%AC%E6%9E%9C+&oid=16777417 HTTP/1.1" 200 4679
66.249.71.36 - - [07/Aug/2015:02:25:25 +0800] "GET /content/nav/relationSubject.jsp?relationWords=%E6%AA%AC%E6%9E%9C%20%E6%B5%B7%E6%AA%AC%E6%9E%9C%20&oid=16777417 HTTP/1.1" 200 4679
66.249.71.64 - - [07/Aug/2015:02:25:33 +0800] "GET /content/repository/resource_content.jsp?oid=3040908&queryString=%E7%88%B6%E8%BE%9B%E9%BC%8E HTTP/1.1" 200 29604
66.249.71.64 - - [07/Aug/2015:02:25:45 +0800] "GET /content/nav/relationSubject.jsp?relationWords=%E6%B4%A5%E8%B2%BC+&oid=2681530 HTTP/1.1" 200 3078
66.249.71.60 - - [07/Aug/2015:02:25:47 +0800] "GET /content/nav/relationSubject.jsp?relationWords=%E6%B4%A5%E8%B2%BC%20&oid=2681530 HTTP/1.1" 200 3078
66.249.71.119 - - [07/Aug/2015:02:26:01 +0800] "GET /content/repository/resource_content.jsp?oid=14976&queryType=qs&queryString=%E7%9F%B3%E6%96%91%E9%AD%9A HTTP/1.1" 200 35114
66.249.71.72 - - [07/Aug/2015:02:26:19 +0800] "GET /content/nav/relationSubject.jsp?relationWords=%E5%96%AE%E8%89%B2+&oid=189615 HTTP/1.1" 200 3192
66.249.71.60 - - [07/Aug/2015:02:26:22 +0800] "GET /content/nav/relationSubject.jsp?relationWords=%E5%96%AE%E8%89%B2%20&oid=189615 HTTP/1.1" 200 3192
66.249.71.64 - - [07/Aug/2015:02:26:29 +0800] "GET /content/repository/resource_content.jsp?oid=1571476 HTTP/1.1" 200 28640
66.249.71.3 - - [07/Aug/2015:02:26:57 +0800] "GET /content/repository/resource_content.jsp?oid=1777856&queryType=qs&queryString=%E5%AF%A6%E8%AD%89%E7%A0%94%E7%A9%B6 HTTP/1.1" 200 30007
