66.249.71.60 - - [02/Aug/2015:02:00:01 +0800] "GET /content/nav/relationSubject.jsp?relationWords=%E5%90%8F%E9%83%A8+%E9%8A%85%E6%96%A4+&oid=2690039 HTTP/1.1" 200 3103
157.55.39.106 - - [02/Aug/2015:02:00:01 +0800] "GET /content/subject/resource_content.jsp?oid=16777730&queryType=qc HTTP/1.1" 200 46323
66.249.71.72 - - [02/Aug/2015:02:00:02 +0800] "GET /content/nav/relationSubject.jsp?relationWords=&oid=2522984 HTTP/1.1" 200 1405
66.249.71.72 - - [02/Aug/2015:02:00:03 +0800] "GET /content/nav/relationSubject.jsp?relationWords=%E5%90%8F%E9%83%A8%20%E9%8A%85%E6%96%A4%20&oid=2690039 HTTP/1.1" 200 3103
66.249.71.72 - - [02/Aug/2015:02:00:12 +0800] "GET /content/repository/resource_content.jsp?oid=2632340 HTTP/1.1" 200 29309
157.55.39.106 - - [02/Aug/2015:02:00:36 +0800] "GET /content/subject/resource_content.jsp?oid=16777788&queryType=qc HTTP/1.1" 200 42893
66.249.71.64 - - [02/Aug/2015:02:00:38 +0800] "GET /content/nav/relationSubject.jsp?relationWords=%E5%90%8F%E9%83%A8+&oid=2670647 HTTP/1.1" 200 3101
66.249.71.64 - - [02/Aug/2015:02:00:40 +0800] "GET /content/repository/resource_content.jsp?oid=2518110 HTTP/1.1" 200 29743
66.249.71.72 - - [02/Aug/2015:02:00:40 +0800] "GET /content/nav/relationSubject.jsp?relationWords=%E5%90%8F%E9%83%A8%20&oid=2670647 HTTP/1.1" 200 3101
66.249.71.3 - - [02/Aug/2015:02:00:57 +0800] "GET /content/nav/relationSubject.jsp?relationWords=%E5%AD%B8%E5%88%B6+%E6%95%99%E8%82%B2%E5%AD%B8+%E8%81%B7%E6%A5%AD%E5%AD%B8%E6%A0%A1+%E8%81%B7%E6%A5%AD%E6%95%99%E8%82%B2+&oid=1546883 HTTP/1.1" 200 3551
66.249.71.127 - - [02/Aug/2015:02:00:59 +0800] "GET /content/nav/relationSubject.jsp?relationWords=%E5%AD%B8%E5%88%B6%20%E6%95%99%E8%82%B2%E5%AD%B8%20%E8%81%B7%E6%A5%AD%E5%AD%B8%E6%A0%A1%20%E8%81%B7%E6%A5%AD%E6%95%99%E8%82%B2%20&oid=1546883 HTTP/1.1" 200 3551
66.249.71.60 - - [02/Aug/2015:02:01:07 +0800] "GET /content/repository/resource_content.jsp?oid=2639747 HTTP/1.1" 200 29927
66.249.71.127 - - [02/Aug/2015:02:01:28 +0800] "GET /content/nav/relationSubject.jsp?relationWords=%E5%BB%B6%E9%97%93+%E7%A4%A6%E7%94%A2+%E8%AD%9A%E5%BB%B6%E9%97%93+&oid=590402 HTTP/1.1" 200 6929
66.249.71.127 - - [02/Aug/2015:02:01:30 +0800] "GET /content/nav/relationSubject.jsp?relationWords=%E5%BB%B6%E9%97%93%20%E7%A4%A6%E7%94%A2%20%E8%AD%9A%E5%BB%B6%E9%97%93%20&oid=590402 HTTP/1.1" 200 6929
66.249.71.64 - - [02/Aug/2015:02:01:35 +0800] "GET /content/repository/resource_content.jsp?oid=2544549 HTTP/1.1" 200 29046
66.249.71.60 - - [02/Aug/2015:02:01:49 +0800] "GET /content/nav/relationSubject.jsp?relationWords=%E6%B9%96%E5%BB%A3%E7%B8%BD%E7%9D%A3+%E8%A5%B2%E9%9B%B2%E9%A8%8E%E5%B0%89+&oid=2511351 HTTP/1.1" 200 3179
66.249.71.64 - - [02/Aug/2015:02:01:51 +0800] "GET /content/nav/relationSubject.jsp?relationWords=%E6%B9%96%E5%BB%A3%E7%B8%BD%E7%9D%A3%20%E8%A5%B2%E9%9B%B2%E9%A8%8E%E5%B0%89%20&oid=2511351 HTTP/1.1" 200 3179
66.249.71.64 - - [02/Aug/2015:02:02:03 +0800] "GET /content/repository/resource_content.jsp?oid=1627540 HTTP/1.1" 200 28939
66.249.71.64 - - [02/Aug/2015:02:02:07 +0800] "GET /content/nav/relationSubject.jsp?relationWords=%E6%B3%B0%E6%99%A4%E5%A3%AB%E5%A0%B1+&oid=750254 HTTP/1.1" 200 3154
66.249.71.60 - - [02/Aug/2015:02:02:09 +0800] "GET /content/nav/relationSubject.jsp?relationWords=%E6%B3%B0%E6%99%A4%E5%A3%AB%E5%A0%B1%20&oid=750254 HTTP/1.1" 200 3154
66.249.71.60 - - [02/Aug/2015:02:02:30 +0800] "GET /content/repository/resource_content.jsp?oid=2551789 HTTP/1.1" 200 30204
66.249.71.60 - - [02/Aug/2015:02:02:58 +0800] "GET /content/repository/resource_content.jsp?oid=1869697 HTTP/1.1" 200 29725
66.249.71.64 - - [02/Aug/2015:02:03:14 +0800] "GET /content/nav/relationSubject.jsp?relationWords=%E5%96%AE%E8%89%B2+%E6%B1%BE%E5%9F%8E%E7%B8%A3+&oid=194288 HTTP/1.1" 200 3242
66.249.71.60 - - [02/Aug/2015:02:03:15 +0800] "GET /content/nav/relationSubject.jsp?relationWords=%E5%96%AE%E8%89%B2%20%E6%B1%BE%E5%9F%8E%E7%B8%A3%20&oid=194288 HTTP/1.1" 200 3242
66.249.71.64 - - [02/Aug/2015:02:03:16 +0800] "GET /content/nav/relationSubject.jsp?relationWords=%E5%8D%97%E6%8E%8C%E5%9C%8B+%E5%9C%8B%E8%B2%A2+%E7%A6%AE%E9%83%A8+%E8%B2%A2%E4%BD%BF+&oid=2551789 HTTP/1.1" 200 3180
66.249.71.64 - - [02/Aug/2015:02:03:18 +0800] "GET /content/nav/relationSubject.jsp?relationWords=%E5%8D%97%E6%8E%8C%E5%9C%8B%20%E5%9C%8B%E8%B2%A2%20%E7%A6%AE%E9%83%A8%20%E8%B2%A2%E4%BD%BF%20&oid=2551789 HTTP/1.1" 200 3180
66.249.71.60 - - [02/Aug/2015:02:03:25 +0800] "GET /content/repository/resource_content.jsp?oid=3812065&queryString=%E7%99%BD%E8%8B%B1%20%E8%8C%84%E5%B1%AC HTTP/1.1" 200 30912
66.249.71.72 - - [02/Aug/2015:02:03:55 +0800] "GET /content/repository/resource_content.jsp?oid=1107328 HTTP/1.1" 200 30450
157.55.39.106 - - [02/Aug/2015:02:03:57 +0800] "GET /content/tmp_tec/resource_content.jsp?oid=16777731 HTTP/1.1" 200 39237
66.249.71.72 - - [02/Aug/2015:02:04:00 +0800] "GET /content/nav/relationSubject.jsp?relationWords=%E7%A8%BB%E4%BD%9C+&oid=1629631 HTTP/1.1" 200 4559
157.55.39.64 - - [02/Aug/2015:02:04:01 +0800] "GET /content/subject/resource_content.jsp?oid=16777842&queryType=qc HTTP/1.1" 200 36275
66.249.71.64 - - [02/Aug/2015:02:04:02 +0800] "GET /content/nav/relationSubject.jsp?relationWords=%E7%A8%BB%E4%BD%9C%20&oid=1629631 HTTP/1.1" 200 4559
66.249.71.64 - - [02/Aug/2015:02:04:21 +0800] "GET /content/repository/resource_content.jsp?oid=1173700 HTTP/1.1" 200 29240
66.249.71.60 - - [02/Aug/2015:02:04:48 +0800] "GET /content/repository/resource_content.jsp?oid=1107580 HTTP/1.1" 200 31098
66.249.71.60 - - [02/Aug/2015:02:04:49 +0800] "GET /content/nav/relationSubject.jsp?relationWords=%E4%BA%BA%E5%90%8D%E6%AC%8A%E5%A8%81+%E5%BA%AB%E5%80%AB+%E5%BC%B5%E6%85%B6%E6%A1%90+%E6%81%B0%E5%85%8B%E5%9C%96+&oid=673851 HTTP/1.1" 200 3258
66.249.71.64 - - [02/Aug/2015:02:04:51 +0800] "GET /content/nav/relationSubject.jsp?relationWords=%E4%BA%BA%E5%90%8D%E6%AC%8A%E5%A8%81%20%E5%BA%AB%E5%80%AB%20%E5%BC%B5%E6%85%B6%E6%A1%90%20%E6%81%B0%E5%85%8B%E5%9C%96%20&oid=673851 HTTP/1.1" 200 3258
66.249.71.64 - - [02/Aug/2015:02:05:16 +0800] "GET /content/repository/resource_content.jsp?oid=2662100 HTTP/1.1" 200 30160
66.249.71.60 - - [02/Aug/2015:02:05:25 +0800] "GET /content/nav/relationSubject.jsp?relationWords=%E5%A5%A7%E4%BF%98+%E7%B1%8D%E5%A5%A7%E4%BF%98+&oid=739790 HTTP/1.1" 200 3087
157.55.39.64 - - [02/Aug/2015:02:05:25 +0800] "GET /content/subject/resource_content.jsp?oid=16777404&queryType=qc HTTP/1.1" 200 27570
66.249.71.60 - - [02/Aug/2015:02:05:30 +0800] "GET /content/nav/relationSubject.jsp?relationWords=%E5%A5%A7%E4%BF%98%20%E7%B1%8D%E5%A5%A7%E4%BF%98%20&oid=739790 HTTP/1.1" 200 3087
66.249.71.60 - - [02/Aug/2015:02:05:43 +0800] "GET /content/repository/resource_content.jsp?oid=1541234 HTTP/1.1" 200 29368
66.249.71.72 - - [02/Aug/2015:02:05:54 +0800] "GET /content/nav/relationSubject.jsp?relationWords=%E5%8D%9C%E8%BE%AD+%E5%8D%9C%E8%BE%AD%E6%AE%98%E7%89%87+%E6%AE%98%E7%89%87+%E9%BE%9C%E7%94%B2+%E9%BE%9C%E7%94%B2%E5%8D%9C%E8%BE%AD+%E9%BE%9C%E7%94%B2%E5%8D%9C%E8%BE%AD%E6%AE%98%E7%89%87+&oid=1838672 HTTP/1.1" 200 3389
66.249.71.60 - - [02/Aug/2015:02:05:56 +0800] "GET /content/nav/relationSubject.jsp?relationWords=%E5%8D%9C%E8%BE%AD%20%E5%8D%9C%E8%BE%AD%E6%AE%98%E7%89%87%20%E6%AE%98%E7%89%87%20%E9%BE%9C%E7%94%B2%20%E9%BE%9C%E7%94%B2%E5%8D%9C%E8%BE%AD%20%E9%BE%9C%E7%94%B2%E5%8D%9C%E8%BE%AD%E6%AE%98%E7%89%87%20&oid=1838672 HTTP/1.1" 200 3389
66.249.71.72 - - [02/Aug/2015:02:06:11 +0800] "GET /content/repository/resource_content.jsp?oid=2549569 HTTP/1.1" 200 29615
66.249.71.3 - - [02/Aug/2015:02:06:39 +0800] "GET /content/repository/resource_content.jsp?oid=1173494&queryString=%E8%8B%97%E5%A5%B3 HTTP/1.1" 200 29614
66.249.71.64 - - [02/Aug/2015:02:06:45 +0800] "GET /content/nav/relationSubject.jsp?relationWords=%E5%8D%88%E6%99%82%E8%8A%B1+%E6%A4%8D%E7%89%A9%E7%95%8C+%E8%91%89%E9%87%91+%E8%96%84%E8%91%89+%E9%87%91%E5%8D%88%E6%99%82%E8%8A%B1+%E9%87%91%E5%8D%88%E6%99%82%E8%8A%B1%E5%B1%AC+%E9%8C%A6%E8%91%B5+%E9%8C%A6%E8%91%B5%E7%A7%91+&oid=2151755 HTTP/1.1" 200 3722
66.249.71.72 - - [02/Aug/2015:02:06:47 +0800] "GET /content/nav/relationSubject.jsp?relationWords=%E5%8D%88%E6%99%82%E8%8A%B1%20%E6%A4%8D%E7%89%A9%E7%95%8C%20%E8%91%89%E9%87%91%20%E8%96%84%E8%91%89%20%E9%87%91%E5%8D%88%E6%99%82%E8%8A%B1%20%E9%87%91%E5%8D%88%E6%99%82%E8%8A%B1%E5%B1%AC%20%E9%8C%A6%E8%91%B5%20%E9%8C%A6%E8%91%B5%E7%A7%91%20&oid=2151755 HTTP/1.1" 200 3722
66.249.71.64 - - [02/Aug/2015:02:07:06 +0800] "GET /content/repository/resource_content.jsp?oid=2664437 HTTP/1.1" 200 29889
66.249.71.72 - - [02/Aug/2015:02:07:34 +0800] "GET /content/repository/resource_content.jsp?oid=1176146 HTTP/1.1" 200 27186
180.76.15.145 - - [02/Aug/2015:02:07:54 +0800] "GET /content/repository/resource_content.jsp?oid=1106194&queryString=%E5%85%94%E4%BB%94%E8%8F%9C%20%E6%A4%8D%E7%89%A9%E7%95%8C%20%E8%8B%A6%E8%97%9A%E8%8F%9C%E5%B1%AC%20%E8%8F%8A%E7%A7%91%20%E9%9B%99%E5%AD%90%E8%91%89%E6%A4%8D%E7%89%A9 HTTP/1.1" 200 31231
66.249.71.72 - - [02/Aug/2015:02:08:01 +0800] "GET /content/repository/resource_content.jsp?oid=1781033 HTTP/1.1" 200 29442
66.249.71.64 - - [02/Aug/2015:02:08:29 +0800] "GET /content/repository/resource_content.jsp?oid=1532840 HTTP/1.1" 200 28936
66.249.71.72 - - [02/Aug/2015:02:08:56 +0800] "GET /content/repository/resource_content.jsp?oid=1806885 HTTP/1.1" 200 29889
157.55.39.106 - - [02/Aug/2015:02:09:01 +0800] "GET /content/tmp_tec/resource_content.jsp?oid=16777731 HTTP/1.1" 200 39226
66.249.71.64 - - [02/Aug/2015:02:09:24 +0800] "GET /digiarch_en/content/repository/resource_content.jsp?oid=1580212&queryString=%E7%95%9C%E7%89%A7%20%E8%BE%B2%E6%9E%97%E5%BB%B3%20%E9%A3%BC%E6%96%99 HTTP/1.1" 200 23390
66.249.71.60 - - [02/Aug/2015:02:09:40 +0800] "GET /content/nav/relationSubject.jsp?relationWords=%E4%BF%B8%E6%BB%BF+%E5%90%8F%E9%83%A8+%E7%9F%A5%E5%B7%9E+&oid=2512660 HTTP/1.1" 200 3171
66.249.71.72 - - [02/Aug/2015:02:09:44 +0800] "GET /content/nav/relationSubject.jsp?relationWords=%E4%BF%B8%E6%BB%BF%20%E5%90%8F%E9%83%A8%20%E7%9F%A5%E5%B7%9E%20&oid=2512660 HTTP/1.1" 200 3171
66.249.71.64 - - [02/Aug/2015:02:09:52 +0800] "GET /content/repository/resource_content.jsp?oid=2518307 HTTP/1.1" 200 29691
66.249.71.60 - - [02/Aug/2015:02:10:19 +0800] "GET /content/repository/resource_content.jsp?oid=2678149 HTTP/1.1" 200 30099
66.249.71.64 - - [02/Aug/2015:02:10:29 +0800] "GET /content/nav/relationSubject.jsp?relationWords=%E6%AF%92%E8%97%A5+%E8%87%BA%E6%9D%B1%E7%B8%A3+%E8%97%A5%E5%93%81+&oid=1621647 HTTP/1.1" 200 3481
66.249.71.60 - - [02/Aug/2015:02:10:31 +0800] "GET /content/nav/relationSubject.jsp?relationWords=%E6%AF%92%E8%97%A5%20%E8%87%BA%E6%9D%B1%E7%B8%A3%20%E8%97%A5%E5%93%81%20&oid=1621647 HTTP/1.1" 200 3481
66.249.71.72 - - [02/Aug/2015:02:10:47 +0800] "GET /content/repository/resource_content.jsp?oid=2512202 HTTP/1.1" 200 29737
157.55.39.206 - - [02/Aug/2015:02:11:01 +0800] "GET /content/tmp_exh/resource_content.jsp?oid=16777845&queryType=qc HTTP/1.1" 200 46639
66.249.71.64 - - [02/Aug/2015:02:11:05 +0800] "GET /content/nav/relationSubject.jsp?relationWords=%E5%9C%B0%E6%96%B9%E7%B8%BD%E9%A0%90%E7%AE%97+%E6%B0%91%E6%84%8F%E4%BB%A3%E8%A1%A8+%E8%87%BA%E7%81%A3%E7%9C%81%E6%94%BF%E5%BA%9C+%E8%87%BA%E7%81%A3%E7%9C%81%E8%AD%B0%E6%9C%83+&oid=1617039 HTTP/1.1" 200 4598
66.249.71.72 - - [02/Aug/2015:02:11:07 +0800] "GET /content/nav/relationSubject.jsp?relationWords=%E5%9C%B0%E6%96%B9%E7%B8%BD%E9%A0%90%E7%AE%97%20%E6%B0%91%E6%84%8F%E4%BB%A3%E8%A1%A8%20%E8%87%BA%E7%81%A3%E7%9C%81%E6%94%BF%E5%BA%9C%20%E8%87%BA%E7%81%A3%E7%9C%81%E8%AD%B0%E6%9C%83%20&oid=1617039 HTTP/1.1" 200 4598
66.249.71.64 - - [02/Aug/2015:02:11:14 +0800] "GET /content/repository/resource_content.jsp?oid=1176201 HTTP/1.1" 200 27908
66.249.71.72 - - [02/Aug/2015:02:11:18 +0800] "GET /content/nav/relationSubject.jsp?relationWords=%E6%93%94%E5%AD%90+%E6%A2%81%E8%A8%B1%E6%98%A5%E8%8F%8A+%E8%B3%AA%E8%A9%A2+%E8%BB%8D%E7%B3%A7+&oid=1562263 HTTP/1.1" 200 4329
66.249.71.60 - - [02/Aug/2015:02:11:19 +0800] "GET /content/nav/relationSubject.jsp?relationWords=%E6%93%94%E5%AD%90%20%E6%A2%81%E8%A8%B1%E6%98%A5%E8%8F%8A%20%E8%B3%AA%E8%A9%A2%20%E8%BB%8D%E7%B3%A7%20&oid=1562263 HTTP/1.1" 200 4329
157.55.39.106 - - [02/Aug/2015:02:11:21 +0800] "GET /content/tmp_tec/resource_content.jsp?oid=16777730 HTTP/1.1" 200 42439
66.249.71.64 - - [02/Aug/2015:02:11:28 +0800] "GET /content/nav/relationSubject.jsp?relationWords=%E5%A6%A8%E5%AE%B3%E9%A2%A8%E5%8C%96+%E7%9C%81%E8%AD%B0%E6%9C%83+%E8%87%BA%E4%B8%AD%E5%B8%82+%E8%87%BA%E7%81%A3%E7%9C%81+%E8%87%BA%E7%81%A3%E7%9C%81%E8%AD%B0%E6%9C%83+%E9%A4%90%E5%BB%B3+&oid=1618797 HTTP/1.1" 200 5792
66.249.71.64 - - [02/Aug/2015:02:11:30 +0800] "GET /content/nav/relationSubject.jsp?relationWords=%E5%A6%A8%E5%AE%B3%E9%A2%A8%E5%8C%96%20%E7%9C%81%E8%AD%B0%E6%9C%83%20%E8%87%BA%E4%B8%AD%E5%B8%82%20%E8%87%BA%E7%81%A3%E7%9C%81%20%E8%87%BA%E7%81%A3%E7%9C%81%E8%AD%B0%E6%9C%83%20%E9%A4%90%E5%BB%B3%20&oid=1618797 HTTP/1.1" 200 5792
66.249.71.72 - - [02/Aug/2015:02:11:42 +0800] "GET /content/repository/resource_content.jsp?oid=2653794 HTTP/1.1" 200 30131
220.181.108.115 - - [02/Aug/2015:02:11:46 +0800] "GET /content/repository/resource_content.jsp?oid=1812044 HTTP/1.1" 200 33167
66.249.71.60 - - [02/Aug/2015:02:12:10 +0800] "GET /content/repository/resource_content.jsp?oid=1458267 HTTP/1.1" 200 30857
66.249.71.72 - - [02/Aug/2015:02:12:10 +0800] "GET /content/nav/relationSubject.jsp?relationWords=%E7%81%B0%E6%9C%A8%E5%B1%AC+%E7%8E%89%E5%B1%B1%E7%81%B0%E6%9C%A8+&oid=1107328 HTTP/1.1" 200 3103
66.249.71.64 - - [02/Aug/2015:02:12:12 +0800] "GET /content/nav/relationSubject.jsp?relationWords=%E7%81%B0%E6%9C%A8%E5%B1%AC%20%E7%8E%89%E5%B1%B1%E7%81%B0%E6%9C%A8%20&oid=1107328 HTTP/1.1" 200 3103
66.249.71.60 - - [02/Aug/2015:02:12:16 +0800] "GET /content/nav/relationSubject.jsp?relationWords=&oid=2572710 HTTP/1.1" 200 1405
66.249.71.64 - - [02/Aug/2015:02:12:26 +0800] "GET /content/nav/relationSubject.jsp?relationWords=%E5%8D%97%E9%99%BD%E7%B8%A3+%E8%8D%89%E5%BA%97%E7%95%AB%E8%B1%A1+&oid=1806885 HTTP/1.1" 200 3154
66.249.71.60 - - [02/Aug/2015:02:12:29 +0800] "GET /content/nav/relationSubject.jsp?relationWords=%E5%8D%97%E9%99%BD%E7%B8%A3%20%E8%8D%89%E5%BA%97%E7%95%AB%E8%B1%A1%20&oid=1806885 HTTP/1.1" 200 3154
66.249.71.72 - - [02/Aug/2015:02:12:37 +0800] "GET /content/repository/resource_content.jsp?oid=1854690 HTTP/1.1" 200 29805
66.249.71.64 - - [02/Aug/2015:02:13:02 +0800] "GET /content/nav/relationSubject.jsp?relationWords=%E7%A4%BE%E6%9C%83%E7%A6%8F%E5%88%A9%E5%9F%BA%E9%87%91+&oid=1593785 HTTP/1.1" 200 3776
66.249.71.72 - - [02/Aug/2015:02:13:04 +0800] "GET /content/nav/relationSubject.jsp?relationWords=%E7%A4%BE%E6%9C%83%E7%A6%8F%E5%88%A9%E5%9F%BA%E9%87%91%20&oid=1593785 HTTP/1.1" 200 3776
66.249.71.64 - - [02/Aug/2015:02:13:05 +0800] "GET /content/repository/resource_content.jsp?oid=1603837 HTTP/1.1" 200 28758
66.249.71.64 - - [02/Aug/2015:02:13:32 +0800] "GET /content/repository/resource_content.jsp?oid=219453 HTTP/1.1" 200 30617
157.55.39.106 - - [02/Aug/2015:02:13:45 +0800] "GET /content/subject/resource_content.jsp?oid=16777749&queryType=qc HTTP/1.1" 200 41248
66.249.71.64 - - [02/Aug/2015:02:13:54 +0800] "GET /content/nav/relationSubject.jsp?relationWords=&oid=2602152 HTTP/1.1" 200 1405
66.249.71.60 - - [02/Aug/2015:02:14:00 +0800] "GET /content/repository/resource_content.jsp?oid=2565874 HTTP/1.1" 200 28973
66.249.71.60 - - [02/Aug/2015:02:14:28 +0800] "GET /content/repository/resource_content.jsp?oid=2512218 HTTP/1.1" 200 29952
66.249.71.64 - - [02/Aug/2015:02:14:55 +0800] "GET /content/repository/resource_content.jsp?oid=2559123 HTTP/1.1" 200 28210
66.249.71.72 - - [02/Aug/2015:02:15:23 +0800] "GET /content/repository/resource_content.jsp?oid=2624413 HTTP/1.1" 200 29357
66.249.71.64 - - [02/Aug/2015:02:15:26 +0800] "GET /content/nav/relationSubject.jsp?relationWords=%E4%B8%8A%E5%B2%A1%E9%8E%AE+%E5%9C%B0%E5%BD%A2%E5%9C%96+&oid=186895 HTTP/1.1" 200 3096
66.249.71.64 - - [02/Aug/2015:02:15:28 +0800] "GET /content/nav/relationSubject.jsp?relationWords=%E4%B8%8A%E5%B2%A1%E9%8E%AE%20%E5%9C%B0%E5%BD%A2%E5%9C%96%20&oid=186895 HTTP/1.1" 200 3096
66.249.71.60 - - [02/Aug/2015:02:15:50 +0800] "GET /content/repository/resource_content.jsp?oid=2144707 HTTP/1.1" 200 31003
66.249.71.72 - - [02/Aug/2015:02:16:18 +0800] "GET /content/repository/resource_content.jsp?oid=2572800 HTTP/1.1" 200 29015
66.249.71.64 - - [02/Aug/2015:02:16:20 +0800] "GET /digiarch_en/content/nav/relationSubject.jsp?relationWords=%E6%A4%8D%E7%89%A9%E7%95%8C+%E8%8A%B1%E8%94%93+%E8%8B%9E%E8%8A%B1%E8%94%93+%E8%8B%9E%E8%8A%B1%E8%94%93%E5%B1%AC+%E8%8C%9C%E8%8D%89+%E8%8C%9C%E8%8D%89%E7%A7%91+&oid=3815752 HTTP/1.1" 200 4799
66.249.71.3 - - [02/Aug/2015:02:16:21 +0800] "GET /content/nav/relationSubject.jsp?relationWords=%E4%BA%BA%E5%8F%A3%E5%A3%93%E5%8A%9B+%E4%BF%9D%E6%9E%97+%E5%8E%9F%E5%A7%8B%E6%9E%97+%E5%8F%8D%E5%85%B1%E6%8A%97%E4%BF%84+%E5%BC%B5%E5%AF%8C+%E6%9D%8E%E7%83%8F%E6%A3%95+%E6%9E%97%E8%8C%82%E7%9B%9B+%E6%B0%91%E6%84%8F%E4%BB%A3%E8%A1%A8+%E6%BC%81%E7%AE%A1%E8%99%95+%E7%B3%A7%E9%A3%9F%E5%A2%9E%E7%94%A2+%E7%B3%A7%E9%A3%9F%E5%B1%80+%E8%91%A1%E8%90%84%E7%89%99%E4%BA%BA+%E8%9F%B2%E5%AE%B3+%E8%B3%AA%E8%A9%A2+%E8%BE%B2%E6%9C%83%E7%B8%BD%E5%B9%B9%E4%BA%8B+%E8%BE%B2%E7%94%A2%E5%93%81+%E8%BE%B2%E7%94%A2%E5%B1%80+%E9%80%A0%E6%9E%97+%E9%84%AD%E6%88%90%E5%8A%9F+&oid=1566941 HTTP/1.1" 200 6062
66.249.71.60 - - [02/Aug/2015:02:16:22 +0800] "GET /digiarch_en/content/nav/relationSubject.jsp?relationWords=%E6%A4%8D%E7%89%A9%E7%95%8C%20%E8%8A%B1%E8%94%93%20%E8%8B%9E%E8%8A%B1%E8%94%93%20%E8%8B%9E%E8%8A%B1%E8%94%93%E5%B1%AC%20%E8%8C%9C%E8%8D%89%20%E8%8C%9C%E8%8D%89%E7%A7%91%20&oid=3815752 HTTP/1.1" 200 4799
66.249.71.127 - - [02/Aug/2015:02:16:23 +0800] "GET /content/nav/relationSubject.jsp?relationWords=%E4%BA%BA%E5%8F%A3%E5%A3%93%E5%8A%9B%20%E4%BF%9D%E6%9E%97%20%E5%8E%9F%E5%A7%8B%E6%9E%97%20%E5%8F%8D%E5%85%B1%E6%8A%97%E4%BF%84%20%E5%BC%B5%E5%AF%8C%20%E6%9D%8E%E7%83%8F%E6%A3%95%20%E6%9E%97%E8%8C%82%E7%9B%9B%20%E6%B0%91%E6%84%8F%E4%BB%A3%E8%A1%A8%20%E6%BC%81%E7%AE%A1%E8%99%95%20%E7%B3%A7%E9%A3%9F%E5%A2%9E%E7%94%A2%20%E7%B3%A7%E9%A3%9F%E5%B1%80%20%E8%91%A1%E8%90%84%E7%89%99%E4%BA%BA%20%E8%9F%B2%E5%AE%B3%20%E8%B3%AA%E8%A9%A2%20%E8%BE%B2%E6%9C%83%E7%B8%BD%E5%B9%B9%E4%BA%8B%20%E8%BE%B2%E7%94%A2%E5%93%81%20%E8%BE%B2%E7%94%A2%E5%B1%80%20%E9%80%A0%E6%9E%97%20%E9%84%AD%E6%88%90%E5%8A%9F%20&oid=1566941 HTTP/1.1" 200 6062
66.249.71.54 - - [02/Aug/2015:02:16:40 +0800] "GET /content/repository/resource_content.jsp?oid=14402&queryString=%E7%9F%AD%E5%90%BB%E5%B0%8F%E9%B0%BE%E9%AE%88%20%E7%9F%AD%E5%90%BB%E6%A3%92%E8%8A%B1%E9%AD%9A%20%E7%9F%AD%E5%90%BB%E9%90%AE%E6%9F%84%E9%AD%9A%20%E8%BB%8A%E6%A0%93%E4%BB%94%20%E9%AF%89%E7%A7%91 HTTP/1.1" 200 34780
66.249.71.64 - - [02/Aug/2015:02:16:45 +0800] "GET /content/repository/resource_content.jsp?oid=1826921 HTTP/1.1" 200 28633
66.249.71.64 - - [02/Aug/2015:02:17:01 +0800] "GET /content/nav/relationSubject.jsp?relationWords=%E5%96%AE%E8%89%B2+%E5%A5%89%E5%8C%96%E7%B8%A3%E5%9F%8E+&oid=201498 HTTP/1.1" 200 3277
66.249.71.72 - - [02/Aug/2015:02:17:03 +0800] "GET /content/nav/relationSubject.jsp?relationWords=%E5%96%AE%E8%89%B2%20%E5%A5%89%E5%8C%96%E7%B8%A3%E5%9F%8E%20&oid=201498 HTTP/1.1" 200 3277
66.249.71.72 - - [02/Aug/2015:02:17:06 +0800] "GET /content/nav/relationSubject.jsp?relationWords=&oid=1575614 HTTP/1.1" 200 1405
66.249.71.60 - - [02/Aug/2015:02:17:13 +0800] "GET /content/repository/resource_content.jsp?oid=2611741 HTTP/1.1" 200 29001
66.249.71.64 - - [02/Aug/2015:02:17:41 +0800] "GET /content/repository/resource_content.jsp?oid=3338956 HTTP/1.1" 200 29898
66.249.71.72 - - [02/Aug/2015:02:17:48 +0800] "GET /content/nav/relationSubject.jsp?relationWords=%E5%9F%A0%E7%AB%A0+%E5%A6%A5%E5%95%86+&oid=692768 HTTP/1.1" 200 3501
66.249.71.60 - - [02/Aug/2015:02:17:50 +0800] "GET /content/nav/relationSubject.jsp?relationWords=%E5%9F%A0%E7%AB%A0%20%E5%A6%A5%E5%95%86%20&oid=692768 HTTP/1.1" 200 3501
66.249.71.64 - - [02/Aug/2015:02:18:08 +0800] "GET /content/repository/resource_content.jsp?oid=2565966 HTTP/1.1" 200 28919
66.249.71.64 - - [02/Aug/2015:02:18:14 +0800] "GET /content/nav/relationSubject.jsp?relationWords=%E9%B4%A8%E5%98%B4%E9%B0%BB%E7%A7%91+&oid=3338956 HTTP/1.1" 200 1418
66.249.71.60 - - [02/Aug/2015:02:18:18 +0800] "GET /content/nav/relationSubject.jsp?relationWords=%E9%B4%A8%E5%98%B4%E9%B0%BB%E7%A7%91%20&oid=3338956 HTTP/1.1" 200 1418
66.249.71.64 - - [02/Aug/2015:02:18:36 +0800] "GET /content/repository/resource_content.jsp?oid=2571420 HTTP/1.1" 200 28993
157.55.39.106 - - [02/Aug/2015:02:18:42 +0800] "GET /content/subject/resource_content.jsp?oid=16777783&queryType=qc HTTP/1.1" 200 58232
157.55.39.251 - - [02/Aug/2015:02:18:55 +0800] "GET /content/tmp_auth/resource_content.jsp?oid=16777758 HTTP/1.1" 200 25328
157.55.39.251 - - [02/Aug/2015:02:18:56 +0800] "GET /content/subject/resource_content.jsp?oid=16797258&queryType=qc HTTP/1.1" 200 56110
66.249.71.64 - - [02/Aug/2015:02:18:59 +0800] "GET /content/nav/relationSubject.jsp?relationWords=&oid=2582001 HTTP/1.1" 200 1405
66.249.71.72 - - [02/Aug/2015:02:19:03 +0800] "GET /content/repository/resource_content.jsp?oid=1817488 HTTP/1.1" 200 28841
66.249.71.64 - - [02/Aug/2015:02:19:16 +0800] "GET /content/nav/relationSubject.jsp?relationWords=%E4%BF%9D%E9%9A%AA+%E7%9B%AE%E6%A8%99+%E7%A8%85%E5%8B%99+%E8%80%83%E7%B8%BE+%E8%AA%B2%E7%A8%85+&oid=1579179 HTTP/1.1" 200 3263
66.249.71.60 - - [02/Aug/2015:02:19:17 +0800] "GET /content/nav/relationSubject.jsp?relationWords=%E4%BF%9D%E9%9A%AA%20%E7%9B%AE%E6%A8%99%20%E7%A8%85%E5%8B%99%20%E8%80%83%E7%B8%BE%20%E8%AA%B2%E7%A8%85%20&oid=1579179 HTTP/1.1" 200 3263
66.249.71.64 - - [02/Aug/2015:02:19:31 +0800] "GET /content/repository/resource_content.jsp?oid=2620887 HTTP/1.1" 200 28920
157.55.39.64 - - [02/Aug/2015:02:19:40 +0800] "GET /content/subject/resource_content.jsp?oid=16777417&queryType=qc HTTP/1.1" 200 28314
157.55.39.106 - - [02/Aug/2015:02:19:50 +0800] "GET /content/subject/resource_content.jsp?oid=16777842&queryType=qc HTTP/1.1" 200 36286
66.249.71.72 - - [02/Aug/2015:02:19:59 +0800] "GET /content/repository/resource_content.jsp?oid=1890117 HTTP/1.1" 200 28333
66.249.71.64 - - [02/Aug/2015:02:20:26 +0800] "GET /content/repository/resource_content.jsp?oid=20720 HTTP/1.1" 200 29737
66.249.71.60 - - [02/Aug/2015:02:20:36 +0800] "GET /content/nav/relationSubject.jsp?relationWords=%E4%BA%9E%E6%97%8F+%E6%B3%B0%E9%9B%85+%E6%B3%B0%E9%9B%85%E6%97%8F+%E7%A4%BE%E6%9C%83%E8%AE%8A%E9%81%B7+&oid=1778358 HTTP/1.1" 200 11602
66.249.71.72 - - [02/Aug/2015:02:20:38 +0800] "GET /content/nav/relationSubject.jsp?relationWords=%E4%BA%9E%E6%97%8F%20%E6%B3%B0%E9%9B%85%20%E6%B3%B0%E9%9B%85%E6%97%8F%20%E7%A4%BE%E6%9C%83%E8%AE%8A%E9%81%B7%20&oid=1778358 HTTP/1.1" 200 11602
66.249.71.72 - - [02/Aug/2015:02:20:48 +0800] "GET /content/nav/relationSubject.jsp?relationWords=%E7%A7%91%E6%AD%A6+%E9%84%89%E8%A9%A6+%E9%A1%8C%E5%90%8D%E9%8C%84+&oid=2571420 HTTP/1.1" 200 5392
66.249.71.72 - - [02/Aug/2015:02:20:50 +0800] "GET /content/nav/relationSubject.jsp?relationWords=%E7%A7%91%E6%AD%A6%20%E9%84%89%E8%A9%A6%20%E9%A1%8C%E5%90%8D%E9%8C%84%20&oid=2571420 HTTP/1.1" 200 5392
66.249.71.60 - - [02/Aug/2015:02:20:54 +0800] "GET /content/repository/resource_content.jsp?oid=2584577 HTTP/1.1" 200 28843
66.249.71.72 - - [02/Aug/2015:02:21:01 +0800] "GET /content/nav/relationSubject.jsp?relationWords=%E5%A5%8F%E6%B1%9F+%E5%A5%8F%E7%89%87+%E5%B7%A1%E6%92%AB+%E6%97%A8%E7%9F%A5+%E6%B5%99%E6%B5%B7+%E6%B5%B7%E9%81%8B+%E7%89%87%E5%A5%8F+%E7%9F%A5%E7%85%A7+%E8%AB%AD%E6%97%A8+&oid=679551 HTTP/1.1" 200 3344
66.249.71.60 - - [02/Aug/2015:02:21:02 +0800] "GET /content/nav/relationSubject.jsp?relationWords=%E5%A5%8F%E6%B1%9F%20%E5%A5%8F%E7%89%87%20%E5%B7%A1%E6%92%AB%20%E6%97%A8%E7%9F%A5%20%E6%B5%99%E6%B5%B7%20%E6%B5%B7%E9%81%8B%20%E7%89%87%E5%A5%8F%20%E7%9F%A5%E7%85%A7%20%E8%AB%AD%E6%97%A8%20&oid=679551 HTTP/1.1" 200 3344
66.249.71.60 - - [02/Aug/2015:02:21:12 +0800] "GET /content/nav/relationSubject.jsp?relationWords=%E9%99%B8%E6%B8%AC%E5%9C%96+&oid=174998 HTTP/1.1" 200 3079
66.249.71.60 - - [02/Aug/2015:02:21:14 +0800] "GET /content/nav/relationSubject.jsp?relationWords=%E9%99%B8%E6%B8%AC%E5%9C%96%20&oid=174998 HTTP/1.1" 200 3079
66.249.71.60 - - [02/Aug/2015:02:21:21 +0800] "GET /content/repository/resource_content.jsp?oid=1774537 HTTP/1.1" 200 27189
66.249.71.72 - - [02/Aug/2015:02:21:34 +0800] "GET /content/nav/relationSubject.jsp?relationWords=%E9%BE%9C%E7%94%B2%E5%8D%9C%E8%BE%AD%E6%AE%98%E7%89%87+&oid=1838862 HTTP/1.1" 200 3071
66.249.71.72 - - [02/Aug/2015:02:21:36 +0800] "GET /content/nav/relationSubject.jsp?relationWords=%E9%BE%9C%E7%94%B2%E5%8D%9C%E8%BE%AD%E6%AE%98%E7%89%87%20&oid=1838862 HTTP/1.1" 200 3071
66.249.71.72 - - [02/Aug/2015:02:21:37 +0800] "GET /content/nav/relationSubject.jsp?relationWords=%E9%99%B8%E6%B8%AC%E5%9C%96+&oid=225405 HTTP/1.1" 200 3079
157.55.39.64 - - [02/Aug/2015:02:21:39 +0800] "GET /content/nav/relationSubject.jsp?relationWords=%E8%A5%BF%E8%9E%BA%E5%A4%A7%E6%A9%8B+&oid=16777581 HTTP/1.1" 200 8161
66.249.71.60 - - [02/Aug/2015:02:21:40 +0800] "GET /content/nav/relationSubject.jsp?relationWords=%E9%99%B8%E6%B8%AC%E5%9C%96%20&oid=225405 HTTP/1.1" 200 3079
157.55.39.47 - - [02/Aug/2015:02:21:44 +0800] "GET /digiarch3/content/subject/resource_content.jsp?oid=16777819&queryType=qc HTTP/1.1" 200 35428
157.55.39.47 - - [02/Aug/2015:02:21:47 +0800] "GET /digiarch3/content/subject/resource_content.jsp?oid=16777838&queryType=qc HTTP/1.1" 200 59051
157.55.39.47 - - [02/Aug/2015:02:21:48 +0800] "GET /digiarch3/content/subject/resource_content.jsp?oid=16777840&queryType=qc> HTTP/1.1" 200 40651
66.249.71.60 - - [02/Aug/2015:02:21:49 +0800] "GET /content/repository/resource_content.jsp?oid=2609725 HTTP/1.1" 200 29029
157.55.39.47 - - [02/Aug/2015:02:21:50 +0800] "GET /content/subject/resource_content.jsp?oid=16777412&queryType=qc HTTP/1.1" 200 33907
157.55.39.47 - - [02/Aug/2015:02:21:51 +0800] "GET /content/subject/resource_content.jsp?oid=16777744&queryType=qc HTTP/1.1" 200 41030
157.55.39.47 - - [02/Aug/2015:02:21:52 +0800] "GET /digiarch3/content/subject/resource_content.jsp?oid=16797246&queryType=qc HTTP/1.1" 200 43650
157.55.39.47 - - [02/Aug/2015:02:21:53 +0800] "GET /content/subject/resource_content.jsp?oid=16777837&queryType=qc HTTP/1.1" 200 37531
157.55.39.47 - - [02/Aug/2015:02:21:54 +0800] "GET /content/subject/resource_content.jsp?oid=16777840&queryType=qc> HTTP/1.1" 200 40641
157.55.39.47 - - [02/Aug/2015:02:21:55 +0800] "GET /content/subject/resource_content.jsp?oid=16777841&queryType=qc HTTP/1.1" 200 27531
157.55.39.47 - - [02/Aug/2015:02:21:56 +0800] "GET /content/subject/resource_content.jsp?oid=16777841&queryType=qc> HTTP/1.1" 200 27531
157.55.39.47 - - [02/Aug/2015:02:21:57 +0800] "GET /content/subject/resource_content.jsp?oid=16777842&queryType=qc HTTP/1.1" 200 36267
66.249.71.60 - - [02/Aug/2015:02:22:16 +0800] "GET /content/repository/resource_content.jsp?oid=1838166 HTTP/1.1" 200 28726
157.55.39.106 - - [02/Aug/2015:02:22:41 +0800] "GET /content/subject/resource_content.jsp?oid=16777782&queryType=qc HTTP/1.1" 200 49027
66.249.71.72 - - [02/Aug/2015:02:22:44 +0800] "GET /content/repository/resource_content.jsp?oid=1839752 HTTP/1.1" 200 28744
157.55.39.64 - - [02/Aug/2015:02:23:00 +0800] "GET /content/tmp_exh/resource_content.jsp?oid=16777750&queryType=qc HTTP/1.1" 200 32507
66.249.71.60 - - [02/Aug/2015:02:23:12 +0800] "GET /content/repository/resource_content.jsp?oid=1847441 HTTP/1.1" 200 29598
66.249.71.113 - - [02/Aug/2015:02:23:39 +0800] "GET /content/repository/resource_content.jsp?oid=1894384&queryType=qs&queryString=%E6%A5%8A%E7%A7%8B HTTP/1.1" 200 28958
66.249.71.72 - - [02/Aug/2015:02:24:07 +0800] "GET /content/repository/resource_content.jsp?oid=1572487 HTTP/1.1" 200 37454
66.249.71.60 - - [02/Aug/2015:02:24:34 +0800] "GET /content/subject/resource_content.jsp?oid=16777282&queryString=API%20%E5%8F%B0%E7%81%A3%E6%AC%92%E6%A8%B9%20%E6%A4%8D%E7%89%A9%E7%95%8C%20%E6%AC%92%E6%A8%B9%20%E7%84%A1%E6%82%A3%E5%AD%90%20%E7%84%A1%E6%82%A3%E5%AD%90%E7%A7%91%20%E8%8B%A6%E8%8B%93%E8%88%85 HTTP/1.1" 200 29057
66.249.71.64 - - [02/Aug/2015:02:25:02 +0800] "GET /content/repository/resource_content.jsp?oid=1106777 HTTP/1.1" 200 31007
66.249.71.64 - - [02/Aug/2015:02:25:17 +0800] "GET /content/nav/relationSubject.jsp?relationWords=%E6%A4%8D%E7%89%A9%E7%95%8C+%E7%99%BD%E8%8A%B1%E8%9B%87%E6%A0%B9%E8%8D%89+%E8%8C%9C%E8%8D%89+%E8%8C%9C%E8%8D%89%E7%A7%91+%E8%9B%87%E6%A0%B9%E8%8D%89%E5%B1%AC+&oid=1106777 HTTP/1.1" 200 3416
157.55.39.64 - - [02/Aug/2015:02:25:21 +0800] "GET /content/subject/resource_content.jsp?oid=16777254&queryString= HTTP/1.1" 200 34616
66.249.71.60 - - [02/Aug/2015:02:25:23 +0800] "GET /content/nav/relationSubject.jsp?relationWords=%E5%96%AE%E8%89%B2+%E6%B0%B8%E9%99%BD%E9%8E%AE+&oid=194642 HTTP/1.1" 200 3242
66.249.71.72 - - [02/Aug/2015:02:25:26 +0800] "GET /content/nav/relationSubject.jsp?relationWords=%E5%96%AE%E8%89%B2%20%E6%B0%B8%E9%99%BD%E9%8E%AE%20&oid=194642 HTTP/1.1" 200 3242
66.249.71.60 - - [02/Aug/2015:02:25:30 +0800] "GET /content/nav/relationSubject.jsp?relationWords=%E6%A4%8D%E7%89%A9%E7%95%8C%20%E7%99%BD%E8%8A%B1%E8%9B%87%E6%A0%B9%E8%8D%89%20%E8%8C%9C%E8%8D%89%20%E8%8C%9C%E8%8D%89%E7%A7%91%20%E8%9B%87%E6%A0%B9%E8%8D%89%E5%B1%AC%20&oid=1106777 HTTP/1.1" 200 3416
66.249.71.64 - - [02/Aug/2015:02:25:34 +0800] "GET /content/nav/relationSubject.jsp?relationWords=%E6%A4%8D%E7%89%A9%E7%95%8C+%E7%B4%85%E9%9E%98%E8%96%B9+%E8%8E%8E%E8%8D%89+%E8%8E%8E%E8%8D%89%E7%A7%91+%E8%96%B9%E5%B1%AC+&oid=3813602 HTTP/1.1" 200 3308
66.249.71.60 - - [02/Aug/2015:02:25:35 +0800] "GET /content/nav/relationSubject.jsp?relationWords=%E6%A4%8D%E7%89%A9%E7%95%8C%20%E7%B4%85%E9%9E%98%E8%96%B9%20%E8%8E%8E%E8%8D%89%20%E8%8E%8E%E8%8D%89%E7%A7%91%20%E8%96%B9%E5%B1%AC%20&oid=3813602 HTTP/1.1" 200 3308
66.249.71.60 - - [02/Aug/2015:02:25:36 +0800] "GET /content/nav/relationSubject.jsp?relationWords=%E5%BE%90%E5%A3%BD%E6%9C%8B+&oid=791352 HTTP/1.1" 200 3067
157.55.39.64 - - [02/Aug/2015:02:25:41 +0800] "GET /content/subject/resource_content.jsp?oid=16777493&queryType=qc HTTP/1.1" 200 48216
66.249.71.64 - - [02/Aug/2015:02:25:41 +0800] "GET /content/nav/relationSubject.jsp?relationWords=%E5%BE%90%E5%A3%BD%E6%9C%8B%20&oid=791352 HTTP/1.1" 200 3067
66.249.71.60 - - [02/Aug/2015:02:25:57 +0800] "GET /content/subject/resource_content.jsp?oid=16777699&queryString=%E7%9C%81%E8%AD%B0%E6%9C%83%20%E8%87%A8%E6%99%82%E7%9C%81%E8%AD%B0%E6%9C%83%20%E8%87%BA%E7%81%A3%E7%9C%81%20%E8%9C%BB%E8%9C%93%20%E8%BE%B2%E6%9E%97%20%E8%BE%B2%E6%9E%97%E5%85%AC%E5%8F%B8%20%E9%BA%B5%E7%B2%89 HTTP/1.1" 200 54204
157.55.39.64 - - [02/Aug/2015:02:26:01 +0800] "GET /content/subject/resource_content.jsp?oid=16777494&queryType=qc HTTP/1.1" 200 51598
66.249.71.72 - - [02/Aug/2015:02:26:18 +0800] "GET /content/nav/relationSubject.jsp?relationWords=%E5%AF%A6%E8%B8%90%E5%AD%B8%E7%A4%BE+%E7%9C%81%E8%AD%B0%E6%9C%83+%E7%9F%B3%E7%89%8C%E5%9C%8B%E6%B0%91%E5%AD%B8%E6%A0%A1+&oid=16777699 HTTP/1.1" 200 5349
157.55.39.64 - - [02/Aug/2015:02:26:21 +0800] "GET /content/subject/resource_content.jsp?oid=16777736&queryString HTTP/1.1" 200 43166
66.249.71.60 - - [02/Aug/2015:02:26:25 +0800] "GET /content/subject/resource_content.jsp?oid=16777699&queryString=%E5%90%B3%E4%B8%89%E9%80%A3%20%E7%9C%81%E8%AD%B0%E6%9C%83%20%E8%87%A8%E6%99%82%E7%9C%81%E8%AD%B0%E6%9C%83%20%E8%87%BA%E7%81%A3%E7%9C%81 HTTP/1.1" 200 54204
66.249.71.72 - - [02/Aug/2015:02:26:27 +0800] "GET /content/nav/relationSubject.jsp?relationWords=%E5%90%8F%E9%83%A8+%E7%B8%A3%E4%BB%A4+&oid=2513232 HTTP/1.1" 200 3136
66.249.71.72 - - [02/Aug/2015:02:26:28 +0800] "GET /content/nav/relationSubject.jsp?relationWords=%E5%90%8F%E9%83%A8%20%E7%B8%A3%E4%BB%A4%20&oid=2513232 HTTP/1.1" 200 3136
157.55.39.64 - - [02/Aug/2015:02:26:41 +0800] "GET /content/subject/resource_content.jsp?oid=16777812&queryType=qc> HTTP/1.1" 200 37588
66.249.71.60 - - [02/Aug/2015:02:26:52 +0800] "GET /content/repository/resource_content.jsp?oid=2544931 HTTP/1.1" 200 29003
66.249.71.72 - - [02/Aug/2015:02:27:07 +0800] "GET /content/exhibit/exhibit.jsp?oid=16777798 HTTP/1.1" 200 25966
66.249.71.60 - - [02/Aug/2015:02:27:20 +0800] "GET /content/repository/resource_content.jsp?oid=1563038 HTTP/1.1" 200 29045
66.249.71.60 - - [02/Aug/2015:02:27:47 +0800] "GET /content/repository/resource_content.jsp?oid=2687350 HTTP/1.1" 200 29719
66.249.71.72 - - [02/Aug/2015:02:28:06 +0800] "GET /content/nav/relationSubject.jsp?relationWords=%E5%90%8F%E9%83%A8+&oid=2687227 HTTP/1.1" 200 3101
66.249.71.60 - - [02/Aug/2015:02:28:07 +0800] "GET /content/nav/relationSubject.jsp?relationWords=%E5%90%8F%E9%83%A8%20&oid=2687227 HTTP/1.1" 200 3101
66.249.71.60 - - [02/Aug/2015:02:28:15 +0800] "GET /content/repository/resource_content.jsp?oid=2518501 HTTP/1.1" 200 29575
66.249.71.64 - - [02/Aug/2015:02:28:22 +0800] "GET /content/nav/relationSubject.jsp?relationWords=&oid=2578356 HTTP/1.1" 200 1405
66.249.71.72 - - [02/Aug/2015:02:28:23 +0800] "GET /content/nav/relationSubject.jsp?relationWords=%E6%95%B5%E5%83%91+%E7%95%99%E6%95%B5%E5%83%91+&oid=733660 HTTP/1.1" 200 3066
66.249.71.64 - - [02/Aug/2015:02:28:25 +0800] "GET /content/nav/relationSubject.jsp?relationWords=%E6%95%B5%E5%83%91%20%E7%95%99%E6%95%B5%E5%83%91%20&oid=733660 HTTP/1.1" 200 3066
157.55.39.64 - - [02/Aug/2015:02:28:41 +0800] "GET /content/subject/resource_content.jsp?oid=16777463&queryType=qc HTTP/1.1" 200 28398
66.249.71.72 - - [02/Aug/2015:02:28:43 +0800] "GET /content/repository/resource_content.jsp?oid=2657859 HTTP/1.1" 200 29848
66.249.71.3 - - [02/Aug/2015:02:28:44 +0800] "GET /content/nav/relationSubject.jsp?relationWords=%E4%B8%89%E4%B8%83%E4%BA%94+%E5%B9%B3%E5%9D%87%E5%9C%B0%E6%AC%8A+%E9%83%BD%E5%B8%82%E5%BB%BA%E8%A8%AD+&oid=1548443 HTTP/1.1" 200 5054
66.249.71.127 - - [02/Aug/2015:02:28:48 +0800] "GET /content/nav/relationSubject.jsp?relationWords=%E4%B8%89%E4%B8%83%E4%BA%94%20%E5%B9%B3%E5%9D%87%E5%9C%B0%E6%AC%8A%20%E9%83%BD%E5%B8%82%E5%BB%BA%E8%A8%AD%20&oid=1548443 HTTP/1.1" 200 5054
66.249.71.60 - - [02/Aug/2015:02:28:50 +0800] "GET /content/nav/relationSubject.jsp?relationWords=%E9%AA%A8%E7%AE%AD%E9%A0%AD+&oid=1854118 HTTP/1.1" 200 2990
66.249.71.64 - - [02/Aug/2015:02:28:52 +0800] "GET /content/nav/relationSubject.jsp?relationWords=%E9%AA%A8%E7%AE%AD%E9%A0%AD%20&oid=1854118 HTTP/1.1" 200 2990
157.55.39.64 - - [02/Aug/2015:02:29:01 +0800] "GET /content/subject/resource_content.jsp?oid=16797282&queryType=qc HTTP/1.1" 200 78894
66.249.71.60 - - [02/Aug/2015:02:29:10 +0800] "GET /content/repository/resource_content.jsp?oid=2516546 HTTP/1.1" 200 29624
66.249.71.72 - - [02/Aug/2015:02:29:38 +0800] "GET /content/repository/resource_content.jsp?oid=2516528 HTTP/1.1" 200 29872
66.249.71.72 - - [02/Aug/2015:02:29:58 +0800] "GET /content/nav/relationSubject.jsp?relationWords=%E6%A4%8D%E7%89%A9%E7%95%8C+%E8%8F%8A%E7%A7%91+%E9%9B%99%E5%AD%90%E8%91%89%E6%A4%8D%E7%89%A9+&oid=1113240 HTTP/1.1" 200 2209
66.249.71.72 - - [02/Aug/2015:02:29:59 +0800] "GET /content/nav/relationSubject.jsp?relationWords=%E6%A4%8D%E7%89%A9%E7%95%8C%20%E8%8F%8A%E7%A7%91%20%E9%9B%99%E5%AD%90%E8%91%89%E6%A4%8D%E7%89%A9%20&oid=1113240 HTTP/1.1" 200 2209
66.249.71.64 - - [02/Aug/2015:02:30:05 +0800] "GET /content/repository/resource_content.jsp?oid=2515920 HTTP/1.1" 200 29813
66.249.71.3 - - [02/Aug/2015:02:30:07 +0800] "GET /content/subject/resource_content.jsp?oid=16797234&queryType=qc HTTP/1.1" 200 46558
31.32.123.96 - - [02/Aug/2015:02:30:08 +0800] "GET /digiarch_en/content/repository/resource_content.jsp?oid=3205433&queryString=%E6%98%8E%E5%88%8A%E6%9C%AC%20%E7%B4%A0%E5%95%8F%20%E8%81%AF%E5%90%88%E7%9B%AE%E9%8C%84%20%E9%86%AB%E7%99%82%E5%8F%B2%20%E9%87%8D%E5%BB%A3%20%E9%BB%83%E5%B8%9D%E5%85%A7%E7%B6%93%E7%B4%A0%E5%95%8F HTTP/1.1" 200 24989
31.32.123.96 - - [02/Aug/2015:02:30:12 +0800] "GET /digiarch_en/content/nav/relationSubject.jsp?relationWords=%E5%96%84%E6%9C%AC+%E6%98%8E%E5%88%8A%E6%9C%AC+%E7%B4%A0%E5%95%8F+%E8%81%AF%E5%90%88%E7%9B%AE%E9%8C%84+%E9%81%BA%E7%AF%87+%E9%86%AB%E7%99%82%E5%8F%B2+%E9%BB%83%E5%B8%9D%E5%85%A7%E7%B6%93%E7%B4%A0%E5%95%8F+&oid=3205433 HTTP/1.1" 200 5525
66.249.71.64 - - [02/Aug/2015:02:30:33 +0800] "GET /content/repository/resource_content.jsp?oid=1611084 HTTP/1.1" 200 29134
66.249.71.60 - - [02/Aug/2015:02:31:01 +0800] "GET /content/repository/resource_content.jsp?oid=1104787 HTTP/1.1" 200 31097
66.249.71.72 - - [02/Aug/2015:02:31:03 +0800] "GET /content/nav/relationSubject.jsp?relationWords=%E5%AD%94%E9%81%93%E5%AE%8F+%E6%B8%B8%E6%AD%B7%E9%A3%AD%E5%B1%AC+&oid=683973 HTTP/1.1" 200 3015
66.249.71.72 - - [02/Aug/2015:02:31:04 +0800] "GET /content/nav/relationSubject.jsp?relationWords=%E5%AD%94%E9%81%93%E5%AE%8F%20%E6%B8%B8%E6%AD%B7%E9%A3%AD%E5%B1%AC%20&oid=683973 HTTP/1.1" 200 3015
66.249.71.60 - - [02/Aug/2015:02:31:23 +0800] "GET /content/nav/relationSubject.jsp?relationWords=%E5%BD%99%E9%A1%8C+&oid=2632492 HTTP/1.1" 200 3927
66.249.71.60 - - [02/Aug/2015:02:31:25 +0800] "GET /content/nav/relationSubject.jsp?relationWords=%E5%BD%99%E9%A1%8C%20&oid=2632492 HTTP/1.1" 200 3927
66.249.71.64 - - [02/Aug/2015:02:31:28 +0800] "GET /content/repository/resource_content.jsp?oid=2672911 HTTP/1.1" 200 30071
66.249.71.64 - - [02/Aug/2015:02:31:34 +0800] "GET /content/nav/relationSubject.jsp?relationWords=%E5%85%AC%E8%B7%AF%E5%B1%80+%E7%91%9E%E6%B8%AF%E5%85%AC%E8%B7%AF+%E9%84%89%E9%81%93+&oid=1611084 HTTP/1.1" 200 4647
66.249.71.64 - - [02/Aug/2015:02:31:36 +0800] "GET /content/nav/relationSubject.jsp?relationWords=%E5%85%AC%E8%B7%AF%E5%B1%80%20%E7%91%9E%E6%B8%AF%E5%85%AC%E8%B7%AF%20%E9%84%89%E9%81%93%20&oid=1611084 HTTP/1.1" 200 4647
66.249.71.64 - - [02/Aug/2015:02:31:41 +0800] "GET /content/nav/relationSubject.jsp?relationWords=&oid=1780675 HTTP/1.1" 200 1405
66.249.71.64 - - [02/Aug/2015:02:31:56 +0800] "GET /content/repository/resource_content.jsp?oid=2152711 HTTP/1.1" 200 31267
66.249.71.119 - - [02/Aug/2015:02:32:23 +0800] "GET /content/subject/resource_content.jsp?oid=16777830&queryString=%E6%96%87%E5%8C%96%E4%B8%AD%E5%BF%83%20%E8%B3%AA%E8%A9%A2 HTTP/1.1" 200 32551
66.249.71.64 - - [02/Aug/2015:02:32:41 +0800] "GET /content/nav/relationSubject.jsp?relationWords=%E4%BA%A4%E9%80%9A%E5%AE%89%E5%85%A8+%E5%AE%89%E5%85%A8%E6%A1%88+%E6%97%97%E5%B1%B1%E9%8E%AE+&oid=1548770 HTTP/1.1" 200 4551
66.249.71.64 - - [02/Aug/2015:02:32:43 +0800] "GET /content/nav/relationSubject.jsp?relationWords=%E4%BA%A4%E9%80%9A%E5%AE%89%E5%85%A8%20%E5%AE%89%E5%85%A8%E6%A1%88%20%E6%97%97%E5%B1%B1%E9%8E%AE%20&oid=1548770 HTTP/1.1" 200 4551
66.249.71.64 - - [02/Aug/2015:02:32:51 +0800] "GET /content/repository/resource_content.jsp?oid=1565043 HTTP/1.1" 200 28701
66.249.71.72 - - [02/Aug/2015:02:33:19 +0800] "GET /content/repository/resource_content.jsp?oid=2609853 HTTP/1.1" 200 29515
157.55.39.106 - - [02/Aug/2015:02:33:47 +0800] "GET /content/subject/resource_content.jsp?oid=16777558&queryType=qc HTTP/1.1" 200 30850
66.249.71.60 - - [02/Aug/2015:02:33:49 +0800] "GET /content/repository/resource_content.jsp?oid=1109303 HTTP/1.1" 200 31025
66.249.71.72 - - [02/Aug/2015:02:34:37 +0800] "GET /content/nav/relationSubject.jsp?relationWords=%E5%88%91%E9%83%A8+%E7%9F%A5%E5%B7%9E+&oid=2672911 HTTP/1.1" 200 3130
66.249.71.60 - - [02/Aug/2015:02:34:38 +0800] "GET /content/nav/relationSubject.jsp?relationWords=%E5%88%91%E9%83%A8%20%E7%9F%A5%E5%B7%9E%20&oid=2672911 HTTP/1.1" 200 3130
66.249.71.64 - - [02/Aug/2015:02:34:41 +0800] "GET /content/tmp_exh/resource_content.jsp?oid=16777790&queryString= HTTP/1.1" 200 39595
66.249.71.72 - - [02/Aug/2015:02:34:46 +0800] "GET /content/nav/relationSubject.jsp?relationWords=&oid=2572800 HTTP/1.1" 200 1405
66.249.71.72 - - [02/Aug/2015:02:34:47 +0800] "GET /content/nav/relationSubject.jsp?relationWords=&oid=2572800 HTTP/1.1" 200 1405
66.249.71.60 - - [02/Aug/2015:02:35:09 +0800] "GET /content/repository/resource_content.jsp?oid=2584030 HTTP/1.1" 200 29120
220.181.108.187 - - [02/Aug/2015:02:35:37 +0800] "GET /content/repository/resource_content.jsp?oid=2510292 HTTP/1.1" 200 30084
66.249.71.64 - - [02/Aug/2015:02:35:37 +0800] "GET /content/repository/resource_content.jsp?oid=2567054 HTTP/1.1" 200 29290
66.249.71.64 - - [02/Aug/2015:02:35:50 +0800] "GET /content/nav/relationSubject.jsp?relationWords=&oid=2522953 HTTP/1.1" 200 1405
66.249.71.72 - - [02/Aug/2015:02:36:04 +0800] "GET /content/repository/resource_content.jsp?oid=2147953 HTTP/1.1" 200 31046
66.249.71.60 - - [02/Aug/2015:02:36:20 +0800] "GET /content/nav/relationSubject.jsp?relationWords=%E5%AE%89%E5%85%A8%E6%A1%88+%E5%BA%9C%E5%BB%BA%E6%B0%B4+%E6%9D%B1%E7%9F%B3%E9%84%89+%E6%B0%B4%E5%AD%97+%E6%BD%AE%E6%B1%90+%E9%98%B2%E6%BD%AE+&oid=1622941 HTTP/1.1" 200 3373
66.249.71.72 - - [02/Aug/2015:02:36:22 +0800] "GET /content/nav/relationSubject.jsp?relationWords=%E5%AE%89%E5%85%A8%E6%A1%88%20%E5%BA%9C%E5%BB%BA%E6%B0%B4%20%E6%9D%B1%E7%9F%B3%E9%84%89%20%E6%B0%B4%E5%AD%97%20%E6%BD%AE%E6%B1%90%20%E9%98%B2%E6%BD%AE%20&oid=1622941 HTTP/1.1" 200 3373
66.249.71.60 - - [02/Aug/2015:02:36:32 +0800] "GET /content/repository/resource_content.jsp?oid=2581006 HTTP/1.1" 200 28859
66.249.71.60 - - [02/Aug/2015:02:36:47 +0800] "GET /content/nav/relationSubject.jsp?relationWords=%E9%AA%A8%E9%8F%83+&oid=1878387 HTTP/1.1" 200 2963
66.249.71.64 - - [02/Aug/2015:02:36:48 +0800] "GET /content/nav/relationSubject.jsp?relationWords=%E9%AA%A8%E9%8F%83%20&oid=1878387 HTTP/1.1" 200 2963
66.249.71.72 - - [02/Aug/2015:02:36:59 +0800] "GET /content/repository/resource_content.jsp?oid=827227 HTTP/1.1" 200 27941
66.249.71.64 - - [02/Aug/2015:02:37:27 +0800] "GET /content/repository/resource_content.jsp?oid=1621640 HTTP/1.1" 200 30097
66.249.71.72 - - [02/Aug/2015:02:37:39 +0800] "GET /content/repository/resource_content.jsp?oid=1617197 HTTP/1.1" 200 28676
66.249.71.60 - - [02/Aug/2015:02:37:54 +0800] "GET /content/repository/resource_content.jsp?oid=2623645 HTTP/1.1" 200 29265
157.55.39.206 - - [02/Aug/2015:02:38:07 +0800] "GET /content/subject/resource_content.jsp?oid=16777517&queryType=qc HTTP/1.1" 200 51842
157.55.39.206 - - [02/Aug/2015:02:38:09 +0800] "GET /content/subject/resource_content.jsp?oid=16777405&queryType=qc HTTP/1.1" 200 27219
66.249.71.72 - - [02/Aug/2015:02:38:22 +0800] "GET /content/repository/resource_content.jsp?oid=732155 HTTP/1.1" 200 28262
66.249.71.119 - - [02/Aug/2015:02:38:48 +0800] "GET /content/nav/relationSubject.jsp?relationWords=&oid=2574888 HTTP/1.1" 200 1405
66.249.71.64 - - [02/Aug/2015:02:38:50 +0800] "GET /content/repository/resource_content.jsp?oid=733491 HTTP/1.1" 200 28170
66.249.71.72 - - [02/Aug/2015:02:39:02 +0800] "GET /content/nav/relationSubject.jsp?relationWords=&oid=2624856 HTTP/1.1" 200 1405
66.249.71.60 - - [02/Aug/2015:02:39:17 +0800] "GET /content/repository/resource_content.jsp?oid=691373 HTTP/1.1" 200 28866
66.249.71.72 - - [02/Aug/2015:02:39:25 +0800] "GET /content/nav/relationSubject.jsp?relationWords=%E9%AA%A8%E7%AE%AD%E9%A0%AD+&oid=1872731 HTTP/1.1" 200 2990
66.249.71.60 - - [02/Aug/2015:02:39:28 +0800] "GET /content/nav/relationSubject.jsp?relationWords=%E9%AA%A8%E7%AE%AD%E9%A0%AD%20&oid=1872731 HTTP/1.1" 200 2990
66.249.71.72 - - [02/Aug/2015:02:39:45 +0800] "GET /content/repository/resource_content.jsp?oid=734791 HTTP/1.1" 200 28843
66.249.71.72 - - [02/Aug/2015:02:40:12 +0800] "GET /content/repository/resource_content.jsp?oid=691320 HTTP/1.1" 200 28262
66.249.71.5 - - [02/Aug/2015:02:40:14 +0800] "GET /content/nav/relationSubject.jsp?relationWords=%E4%BA%A4%E9%80%9A%E5%AE%89%E5%85%A8+%E5%9C%8B%E8%B1%90+%E5%AE%89%E5%85%A8%E6%A1%88+%E5%B9%B3%E4%BA%A4%E9%81%93+%E5%BD%AD%E5%8E%9D+%E9%90%B5%E8%B7%AF%E5%B1%80+%E9%BA%B5%E7%B2%89+&oid=1582619 HTTP/1.1" 200 5981
66.249.71.14 - - [02/Aug/2015:02:40:16 +0800] "GET /content/nav/relationSubject.jsp?relationWords=%E4%BA%A4%E9%80%9A%E5%AE%89%E5%85%A8%20%E5%9C%8B%E8%B1%90%20%E5%AE%89%E5%85%A8%E6%A1%88%20%E5%B9%B3%E4%BA%A4%E9%81%93%20%E5%BD%AD%E5%8E%9D%20%E9%90%B5%E8%B7%AF%E5%B1%80%20%E9%BA%B5%E7%B2%89%20&oid=1582619 HTTP/1.1" 200 5981
66.249.71.60 - - [02/Aug/2015:02:40:23 +0800] "GET /content/nav/relationSubject.jsp?relationWords=%E8%87%BA%E7%81%A3%E7%9C%81+%E8%87%BA%E7%81%A3%E7%9C%81%E6%94%BF%E5%BA%9C+%E9%84%89%E9%8E%AE%E5%B8%82%E5%8D%80%E5%85%AC%E6%89%80+&oid=1530842 HTTP/1.1" 200 4518
66.249.71.60 - - [02/Aug/2015:02:40:24 +0800] "GET /content/nav/relationSubject.jsp?relationWords=%E8%87%BA%E7%81%A3%E7%9C%81%20%E8%87%BA%E7%81%A3%E7%9C%81%E6%94%BF%E5%BA%9C%20%E9%84%89%E9%8E%AE%E5%B8%82%E5%8D%80%E5%85%AC%E6%89%80%20&oid=1530842 HTTP/1.1" 200 4518
66.249.71.72 - - [02/Aug/2015:02:40:27 +0800] "GET /content/nav/relationSubject.jsp?relationWords=%E5%85%A9%E6%B7%AE+%E6%B7%AE%E9%B9%BD+&oid=2511923 HTTP/1.1" 200 3116
66.249.71.60 - - [02/Aug/2015:02:40:29 +0800] "GET /content/nav/relationSubject.jsp?relationWords=%E5%85%A9%E6%B7%AE%20%E6%B7%AE%E9%B9%BD%20&oid=2511923 HTTP/1.1" 200 3116
66.249.71.60 - - [02/Aug/2015:02:40:40 +0800] "GET /content/repository/resource_content.jsp?oid=647836 HTTP/1.1" 200 27840
66.249.71.60 - - [02/Aug/2015:02:41:07 +0800] "GET /content/repository/resource_content.jsp?oid=748032 HTTP/1.1" 200 28386
66.249.71.64 - - [02/Aug/2015:02:41:35 +0800] "GET /content/repository/resource_content.jsp?oid=698796 HTTP/1.1" 200 28750
66.249.71.64 - - [02/Aug/2015:02:41:41 +0800] "GET /content/nav/relationSubject.jsp?relationWords=%E5%B7%A5%E9%83%A8+&oid=2662155 HTTP/1.1" 200 3068
66.249.71.72 - - [02/Aug/2015:02:41:42 +0800] "GET /content/nav/relationSubject.jsp?relationWords=%E5%B7%A5%E9%83%A8%20&oid=2662155 HTTP/1.1" 200 3068
66.249.71.64 - - [02/Aug/2015:02:42:03 +0800] "GET /content/repository/resource_content.jsp?oid=683941 HTTP/1.1" 200 27958
66.249.71.64 - - [02/Aug/2015:02:42:04 +0800] "GET /content/nav/relationSubject.jsp?relationWords=%E4%BA%BA%E5%90%8D%E6%AC%8A%E5%A8%81+%E9%98%BF%E7%A9%86%E7%88%BE%E8%A1%8C%E8%BC%AA%E6%A1%88+%E9%AE%91%E8%B2%B4%E5%8D%BF+&oid=691373 HTTP/1.1" 200 3368
66.249.71.60 - - [02/Aug/2015:02:42:06 +0800] "GET /content/nav/relationSubject.jsp?relationWords=%E4%BA%BA%E5%90%8D%E6%AC%8A%E5%A8%81%20%E9%98%BF%E7%A9%86%E7%88%BE%E8%A1%8C%E8%BC%AA%E6%A1%88%20%E9%AE%91%E8%B2%B4%E5%8D%BF%20&oid=691373 HTTP/1.1" 200 3368
66.249.71.64 - - [02/Aug/2015:02:42:09 +0800] "GET /content/nav/relationSubject.jsp?relationWords=%E5%A2%9E%E6%B8%9B%E8%A1%A8+%E7%81%A3%E7%9C%81%E6%94%BF%E5%BA%9C+%E7%9C%81%E6%94%BF%E5%BA%9C+%E7%9C%81%E8%AD%B0%E6%9C%83+%E8%87%BA%E7%81%A3%E7%9C%81+%E8%87%BA%E7%81%A3%E7%9C%81%E6%94%BF%E5%BA%9C+%E8%87%BA%E7%81%A3%E7%9C%81%E8%AD%B0%E6%9C%83+%E8%B2%A1%E6%94%BF+%E8%B2%A1%E6%94%BF%E5%BB%B3+&oid=1897362 HTTP/1.1" 200 5759
66.249.71.60 - - [02/Aug/2015:02:42:11 +0800] "GET /content/nav/relationSubject.jsp?relationWords=%E5%A2%9E%E6%B8%9B%E8%A1%A8%20%E7%81%A3%E7%9C%81%E6%94%BF%E5%BA%9C%20%E7%9C%81%E6%94%BF%E5%BA%9C%20%E7%9C%81%E8%AD%B0%E6%9C%83%20%E8%87%BA%E7%81%A3%E7%9C%81%20%E8%87%BA%E7%81%A3%E7%9C%81%E6%94%BF%E5%BA%9C%20%E8%87%BA%E7%81%A3%E7%9C%81%E8%AD%B0%E6%9C%83%20%E8%B2%A1%E6%94%BF%20%E8%B2%A1%E6%94%BF%E5%BB%B3%20&oid=1897362 HTTP/1.1" 200 5759
66.249.71.72 - - [02/Aug/2015:02:42:30 +0800] "GET /content/repository/resource_content.jsp?oid=3111951 HTTP/1.1" 200 29618
66.249.71.60 - - [02/Aug/2015:02:42:31 +0800] "GET /content/nav/relationSubject.jsp?relationWords=%E5%90%8F%E9%83%A8+&oid=2653562 HTTP/1.1" 200 3101
66.249.71.64 - - [02/Aug/2015:02:42:32 +0800] "GET /content/nav/relationSubject.jsp?relationWords=%E5%90%8F%E9%83%A8%20&oid=2653562 HTTP/1.1" 200 3101
66.249.71.72 - - [02/Aug/2015:02:42:55 +0800] "GET /content/nav/relationSubject.jsp?relationWords=%E4%B8%8A%E8%AB%AD+%E5%90%8F%E9%83%A8+&oid=3123292 HTTP/1.1" 200 3106
66.249.71.72 - - [02/Aug/2015:02:42:57 +0800] "GET /content/nav/relationSubject.jsp?relationWords=%E4%B8%8A%E8%AB%AD%20%E5%90%8F%E9%83%A8%20&oid=3123292 HTTP/1.1" 200 3106
66.249.71.60 - - [02/Aug/2015:02:42:58 +0800] "GET /content/repository/resource_content.jsp?oid=823132 HTTP/1.1" 200 27873
66.249.71.60 - - [02/Aug/2015:02:43:25 +0800] "GET /content/repository/resource_content.jsp?oid=1827150 HTTP/1.1" 200 28635
66.249.71.64 - - [02/Aug/2015:02:43:27 +0800] "GET /content/nav/relationSubject.jsp?relationWords=%E5%9C%B0%E4%B8%8B%E9%81%93%20%E5%BD%B0%E5%8C%96%E5%B8%82%20&oid=1617197 HTTP/1.1" 200 3897
157.55.39.185 - - [02/Aug/2015:02:43:29 +0800] "GET /content/subject/resource_content.jsp?oid=16777344&queryType=qc HTTP/1.1" 200 47662
66.249.71.72 - - [02/Aug/2015:02:43:36 +0800] "GET /content/nav/relationSubject.jsp?relationWords=&oid=681634 HTTP/1.1" 200 1405
66.249.71.60 - - [02/Aug/2015:02:43:53 +0800] "GET /content/repository/resource_content.jsp?oid=224701 HTTP/1.1" 200 30063
66.249.71.72 - - [02/Aug/2015:02:44:21 +0800] "GET /content/repository/resource_content.jsp?oid=179981 HTTP/1.1" 200 30058
66.249.71.64 - - [02/Aug/2015:02:44:42 +0800] "GET /content/nav/relationSubject.jsp?relationWords=%E4%BC%8A%E7%8A%81+%E7%B4%85%E9%8A%85+&oid=2686733 HTTP/1.1" 200 3167
157.55.39.185 - - [02/Aug/2015:02:44:43 +0800] "GET /content/subject/resource_content.jsp?oid=16777734&queryString= HTTP/1.1" 200 40301
66.249.71.64 - - [02/Aug/2015:02:44:43 +0800] "GET /content/nav/relationSubject.jsp?relationWords=%E4%BC%8A%E7%8A%81%20%E7%B4%85%E9%8A%85%20&oid=2686733 HTTP/1.1" 200 3167
66.249.71.64 - - [02/Aug/2015:02:44:48 +0800] "GET /content/repository/resource_content.jsp?oid=1822525 HTTP/1.1" 200 28634
66.249.71.64 - - [02/Aug/2015:02:44:50 +0800] "GET /content/nav/relationSubject.jsp?relationWords=%E5%A5%95%E5%B1%B1+%E6%97%97%E5%93%A1+%E7%97%8A%E4%BA%8B+&oid=2674776 HTTP/1.1" 200 3157
66.249.71.64 - - [02/Aug/2015:02:44:51 +0800] "GET /content/nav/relationSubject.jsp?relationWords=%E5%A5%95%E5%B1%B1%20%E6%97%97%E5%93%A1%20%E7%97%8A%E4%BA%8B%20&oid=2674776 HTTP/1.1" 200 3157
157.55.39.64 - - [02/Aug/2015:02:45:01 +0800] "GET /content/tmp_auth/resource_content.jsp?oid=16777759 HTTP/1.1" 200 25314
66.249.71.64 - - [02/Aug/2015:02:45:16 +0800] "GET /content/repository/resource_content.jsp?oid=2613846 HTTP/1.1" 200 29353
66.249.71.64 - - [02/Aug/2015:02:45:22 +0800] "GET /content/nav/relationSubject.jsp?relationWords=%E9%BE%9C%E7%94%B2%E5%8D%9C%E8%BE%AD%E6%AE%98%E7%89%87+&oid=1873834 HTTP/1.1" 200 3071
